--------- beginning of main
08-04 02:58:27.322 24365 27361 W GCM     : Unexpected forwarded intent: Intent { act=android.intent.action.PACKAGE_ADDED dat=package:baseline.de.danoeh.antennapod.debug flg=0x4000010 cmp=com.google.android.gms/.chimera.PersistentIntentOperationService (has extras) }
08-04 02:58:27.326 24365 27361 W GCM     : Unexpected forwarded intent: Intent { act=android.intent.action.PACKAGE_ADDED dat=package:baseline.de.danoeh.antennapod.debug flg=0x4000010 cmp=com.google.android.gms/.chimera.PersistentIntentOperationService (has extras) }
08-04 02:58:27.327 23593 23593 I Finsky  : [1] uah.a(18): PackageMonitorReceiverImpl - Received: android.intent.action.PACKAGE_ADDED, [CFjXe5fo2ooiLur0Ju3smv2h5qnGgIsGl5_C_SkJu8g]
08-04 02:58:27.327 23593 23593 I Finsky  : [1] ubi.d(9): Invalidating cached PackageState for baseline.de.danoeh.antennapod.debug
08-04 02:58:27.355 23593 23593 I Finsky  : [1] lzi.c(2): Frosting ID looked up on UI thread. Caller should move to a background thread.
08-04 02:58:27.364 23593 23593 I Finsky  : [1] agsx.a(4): Do not start WearSupportService due to Wear service optimization
08-04 02:58:27.369 23593 23593 I Finsky  : [1] agsx.a(4): Do not start WearSupportService due to Wear service optimization
08-04 02:58:27.371 24577 27363 I Auth    : [SupervisedAccountIntentOperation] onHandleIntent(): android.intent.action.PACKAGE_ADDED
08-04 02:58:27.372 24577 27363 I ChromeSync: [Sync,SyncIntentOperation] Handling the intent: Intent { act=android.intent.action.PACKAGE_ADDED dat=package:baseline.de.danoeh.antennapod.debug flg=0x4000010 cmp=com.google.android.gms/.chimera.GmsIntentOperationService (has extras) }.
08-04 02:58:27.409 23593 23593 I Finsky  : [1] zko.a(1): Clearing split related stale data.
08-04 02:58:27.416   918  3696 I AccountManagerService: getTypesVisibleToCaller: isPermitted? true
08-04 02:58:27.431 23593 27371 I Finsky  : [5701] eji.a(-1): Asset module storage cleared for package baseline.de.danoeh.antennapod.debug.
08-04 02:58:27.452 23593 23593 I Finsky  : [1] lzi.c(2): Frosting ID looked up on UI thread. Caller should move to a background thread.
08-04 02:58:27.458 24577 24621 E GmsClient: unable to connect to service: com.google.android.gms.auth.key.retrieval.service.START on com.google.android.gms
08-04 02:58:27.558   918  6110 I AccountManagerService: getTypesVisibleToCaller: isPermitted? true
08-04 02:58:27.559 23593 27366 I Finsky  : [5699] lyv.run(-1): Wrote row to frosting DB: 2178
08-04 02:58:27.562 24577 27363 I ChromeSync: [Persistence,AffiliationManager] One of affiliation or grouping data for android://bz0hZa4nAJEtd0n5sRlXG7KAqctUMWVefv7Ki4mh1p6slZ9YO-n9gS9j8m9YCrsIyI2wIxrDHraumF9Y6pBLTA==@baseline.de.danoeh.antennapod.debug/ was not found. Marking affiliation data as stale...
08-04 02:58:27.619   918  6112 I AccountManagerService: getTypesVisibleToCaller: isPermitted? true
08-04 02:58:27.653 23593 27366 I Finsky  : [5699] lyv.run(-1): Wrote row to frosting DB: 2179
08-04 02:58:27.718 24577 13294 I Icing   : IndexChimeraService.getServiceInterface callingPackage=com.google.android.gms componentName=AppsCorpus serviceId=36
08-04 02:58:27.736 24577 28580 W Icing   : No valid account for uploading user actions
08-04 02:58:27.764 24577 13294 I Icing   : IndexChimeraService.getServiceInterface callingPackage=com.google.android.gms componentName=null serviceId=30
08-04 02:58:27.788 23593 23593 I Finsky  : [1] xmu.a(8): SCH: Jobs in database: 1-1337 3-183 3-184 12-1 24-77777777 26-1414141414 
08-04 02:58:27.790 23593 23593 I Finsky  : [1] xio.a(57): SCH: ConstraintMapping: 24-77777777,  -> L: 0ms, D: 65493048ms, C: false, I: true, N: 0
08-04 02:58:27.790 23593 23593 I Finsky  : [1] xio.a(57): SCH: ConstraintMapping: 1-1337, 12-1,  -> L: 14641ms, D: 25645120ms, C: false, I: false, N: 1
08-04 02:58:27.791 23593 23593 I Finsky  : [1] xio.a(57): SCH: ConstraintMapping: 3-183,  -> L: 0ms, D: 86094558ms, C: false, I: true, N: 2
08-04 02:58:27.791 23593 23593 I Finsky  : [1] xio.a(57): SCH: ConstraintMapping: 3-184,  -> L: 0ms, D: 86094639ms, C: true, I: true, N: 2
08-04 02:58:27.792 23593 23593 I Finsky  : [1] xio.a(57): SCH: ConstraintMapping: 26-1414141414,  -> L: 29722674ms, D: 30622674ms, C: false, I: false, N: 0
08-04 02:58:27.800 24577 28580 I Icing   : Usage reports ok 1, Failed Usage reports 0, indexed 0, rejected 0
08-04 02:58:27.804 24577 28580 W Icing   : No valid account for uploading user actions
08-04 02:58:27.804 24577 13294 I Icing   : IndexChimeraService.getServiceInterface callingPackage=com.google.android.gms componentName=null serviceId=36
08-04 02:58:27.810 23593 23593 I Finsky  : [1] xle.a(34): Cancelling existing jobscheduler jobs: 9001 9016 9003 9010 9017 9015 9005 9002 9004 9006 
08-04 02:58:27.811 23593 27370 I Finsky  : [5700] gzn.a(-1): [ContentSync] finished, scheduled=true
08-04 02:58:27.812 23593 23593 I Finsky  : [1] xle.a(27): Scheduling job Id: 9000, L: 0, D: 65493048, C: false, I: true, N: 0
08-04 02:58:27.813 23593 23593 I Finsky  : [1] xle.a(27): Scheduling job Id: 9007, L: 14641, D: 25645120, C: false, I: false, N: 1
08-04 02:58:27.815 24577 28580 I Icing   : Usage reports ok 0, Failed Usage reports 0, indexed 0, rejected 0
08-04 02:58:27.815 23593 23593 I Finsky  : [1] xle.a(27): Scheduling job Id: 9008, L: 0, D: 86094558, C: false, I: true, N: 2
08-04 02:58:27.816 24577 28580 I Icing   : Indexing com.google.android.gms-internal.3p:MobileApplication from com.google.android.gms using seqno 763
08-04 02:58:27.817 23593 23593 I Finsky  : [1] xle.a(27): Scheduling job Id: 9009, L: 0, D: 86094639, C: true, I: true, N: 2
08-04 02:58:27.819 23593 23593 I Finsky  : [1] xle.a(27): Scheduling job Id: 9011, L: 29722674, D: 30622674, C: false, I: false, N: 0
08-04 02:58:27.820 23593 23593 I Finsky  : [1] xle.a(27): Scheduling job Id: 9012, L: 0, D: 65493048, C: false, I: true, N: 0
08-04 02:58:27.822 23593 23593 I Finsky  : [1] xle.a(27): Scheduling job Id: 9013, L: 14641, D: 25645120, C: false, I: false, N: 1
08-04 02:58:27.823 23593 23593 I Finsky  : [1] xle.a(27): Scheduling job Id: 9014, L: 0, D: 86094558, C: false, I: true, N: 2
08-04 02:58:27.824 23593 23593 I Finsky  : [1] xle.a(27): Scheduling job Id: 9018, L: 0, D: 86094639, C: true, I: true, N: 2
08-04 02:58:27.826 23593 23593 I Finsky  : [1] xle.a(27): Scheduling job Id: 9019, L: 29722674, D: 30622674, C: false, I: false, N: 0
08-04 02:58:27.840 24577 28580 W Icing   : No valid account for uploading user actions
08-04 02:58:27.850 24577 28580 I Icing   : Usage reports ok 0, Failed Usage reports 0, indexed 0, rejected 0
08-04 02:58:28.108 27392 27392 D AndroidRuntime: >>>>>> START com.android.internal.os.RuntimeInit uid 2000 <<<<<<
08-04 02:58:28.115 27392 27392 D AndroidRuntime: CheckJNI is OFF
08-04 02:58:28.147 27392 27392 D ICU     : No timezone override file found: /data/misc/zoneinfo/current/icu/icu_tzdata.dat
08-04 02:58:28.204 27392 27392 I Radio-JNI: register_android_hardware_Radio DONE
08-04 02:58:28.223 27392 27392 D AndroidRuntime: Calling main entry com.android.commands.monkey.Monkey
--------- beginning of system
08-04 02:58:28.241   918   931 W BroadcastQueue: Skipping deliver [background] BroadcastRecord{3ddc395 u-1 android.net.conn.CONNECTIVITY_CHANGE} to ReceiverList{fc2f09b 27392 (unknown name)/2000/u-1 remote:4de1b7f}: process crashing
08-04 02:58:28.251   918  4400 I ActivityManager: START u0 {act=android.intent.action.MAIN cat=[android.intent.category.LAUNCHER] flg=0x10200000 cmp=baseline.de.danoeh.antennapod.debug/baseline.de.danoeh.antennapod.activity.SplashActivity} from uid 2000 on display 0
08-04 02:58:28.291 27401 27401 I art     : Late-enabling -Xcheck:jni
08-04 02:58:28.291   918  3359 I ActivityManager: Start proc 27401:baseline.de.danoeh.antennapod.debug/u0a670 for activity baseline.de.danoeh.antennapod.debug/baseline.de.danoeh.antennapod.activity.SplashActivity
08-04 02:58:28.301 27392 27392 I art     : System.exit called, status: 0
08-04 02:58:28.301 27392 27392 I AndroidRuntime: VM exiting with result code 0.
08-04 02:58:28.359  6202 13432 I PBSessionCacheImpl: Deleted sessionId[27278280657311515] from persistence.
08-04 02:58:28.361 27401 27401 W System  : ClassLoader referenced unknown path: /data/app/baseline.de.danoeh.antennapod.debug-1/lib/arm64
08-04 02:58:28.363  6202  6241 W SearchServiceCore: Abort, client detached.
08-04 02:58:28.364  6202  6241 I MicroDetectionState: Should stop hotword detection immediately - true
08-04 02:58:28.380 27401 27401 D UserPreferences: Creating new instance of UserPreferences
08-04 02:58:28.381 27401 27401 D UserPreferences: Using default data folder
08-04 02:58:28.389 27401 27401 D UserPreferences: Import directory already exists
08-04 02:58:28.391 27401 27401 D UserPreferences: .nomedia file created
08-04 02:58:28.393 27401 27401 D UpdateManager: old: -1, current: 1070296
08-04 02:58:28.395 27401 27401 D SleepTimerPreferences: Creating new instance of SleepTimerPreferences
08-04 02:58:28.410 27401 27401 D SPAUtil : Sending SP_APPS_QUERY_FEEDS intent
08-04 02:58:28.439 27401 27401 W art     : Before Android 4.1, method android.graphics.PorterDuffColorFilter androidx.vectordrawable.graphics.drawable.VectorDrawableCompat.updateTintFilter(android.graphics.PorterDuffColorFilter, android.content.res.ColorStateList, android.graphics.PorterDuff$Mode) would have incorrectly overridden the package-private method in android.graphics.drawable.Drawable
08-04 02:58:28.466 27401 27401 I art     : Rejecting re-init on previously-failed class java.lang.Class<androidx.core.view.ViewCompat$2>
08-04 02:58:28.467 27401 27401 I art     : Rejecting re-init on previously-failed class java.lang.Class<androidx.core.view.ViewCompat$2>
08-04 02:58:28.500 27401 27422 D OpenGLRenderer: Use EGL_SWAP_BEHAVIOR_PRESERVED: true
08-04 02:58:28.554 27401 27422 I Adreno  : QUALCOMM build                   : fcf4852, I1af360237c
08-04 02:58:28.554 27401 27422 I Adreno  : Build Date                       : 09/23/15
08-04 02:58:28.554 27401 27422 I Adreno  : OpenGL ES Shader Compiler Version: XE031.05.13.02
08-04 02:58:28.554 27401 27422 I Adreno  : Local Branch                     : mybranch14465806
08-04 02:58:28.554 27401 27422 I Adreno  : Remote Branch                    : quic/LA.BF64.1.2.9_v2
08-04 02:58:28.554 27401 27422 I Adreno  : Remote Branch                    : NONE
08-04 02:58:28.554 27401 27422 I Adreno  : Reconstruct Branch               : NOTHING
08-04 02:58:28.564 27401 27422 I OpenGLRenderer: Initialized EGL, version 1.4
08-04 02:58:28.608   918  6029 I ActivityManager: START u0 {cmp=baseline.de.danoeh.antennapod.debug/baseline.de.danoeh.antennapod.activity.MainActivity} from uid 10670 on display 0
08-04 02:58:28.611 13866 13866 I GoogleInputMethodServic: GoogleInputMethodService.onFinishInput():3138 
08-04 02:58:28.612 13866 13866 I GoogleInputMethodServic: GoogleInputMethodService.onStartInput():1808 
08-04 02:58:28.777 27401 27401 D UserPreferences: Using default data folder
08-04 02:58:28.804 24577 28580 I Icing   : Indexing com.google.android.gms-apps from com.google.android.gms
08-04 02:58:28.837 27401 27401 D MainActivity: getLastNavFragment() -> QueueFragment
08-04 02:58:28.839 27401 27401 D MainActivity: loadFragment(tag: QueueFragment, args: null)
08-04 02:58:28.842 27401 27401 D MainActivity: saveLastNavFragment(tag: QueueFragment)
08-04 02:58:28.843 27401 27401 D MainActivity: getLastNavFragment() -> QueueFragment
08-04 02:58:28.844 27401 27401 D UserPreferences: timeOfDay: []
08-04 02:58:28.845 24577 28580 I Icing   : Indexing done com.google.android.gms-apps
08-04 02:58:28.847 27401 27401 D AutoUpdateManager: Restarting update alarm.
08-04 02:58:28.848 27401 27401 D AutoUpdateManager: Changed alarm to new interval 12 h
08-04 02:58:28.874 27401 27401 D UserPreferences: timeOfDay: []
08-04 02:58:28.874 27401 27401 D AutoUpdateManager: Restarting update alarm.
08-04 02:58:28.875 27401 27401 D AutoUpdateManager: Changed alarm to new interval 12 h
08-04 02:58:28.907 27401 27401 D ExternalPlayerFragment: Loading media info
08-04 02:58:28.908 27401 27401 D QueueFragment: loadItems()
08-04 02:58:28.912 27401 27421 D DBReader: getQueue() called
08-04 02:58:28.912 27401 27421 D DBReader: getQueue()
08-04 02:58:28.913 27401 27421 D DBReader: getFavoriteIDList() called
08-04 02:58:28.913 27401 27421 D DBReader: getQueueIDList() called
08-04 02:58:28.914 27401 27421 D DBReader: Extracting Feedlist
08-04 02:58:28.916 27401 27401 V PlaybackController: initServiceNotRunning()
08-04 02:58:28.916 27401 27401 D ExternalPlayerFragment: Loading media info
08-04 02:58:28.920 27401 27401 D UserPreferences: Using default data folder
08-04 02:58:28.921 27401 27401 D AutoUpdateManager: last refresh: 443472 hours 58 minutes ago
08-04 02:58:28.922 27401 27421 D DBReader: getNavDrawerData() called with: 
08-04 02:58:28.927 27401 27421 D DBReader: getDownloadedItems() called
08-04 02:58:28.928 27401 27421 D DBReader: getFavoriteIDList() called
08-04 02:58:28.930 27401 27421 D DBReader: getQueueIDList() called
08-04 02:58:28.931 27401 27421 D DBReader: Extracting Feedlist
08-04 02:58:28.946   380   380 W SurfaceFlinger: couldn't log to binary event log: overflow.
08-04 02:58:29.153   918   936 I ActivityManager: Displayed baseline.de.danoeh.antennapod.debug/baseline.de.danoeh.antennapod.activity.MainActivity: +424ms (total +893ms)
08-04 02:58:29.156 27401 27401 D MainActivity: getLastNavFragment() -> QueueFragment
08-04 02:58:29.156 27401 27401 D MainActivity: handleNavIntent()
08-04 02:58:29.157 13866 13866 I GoogleInputMethodServic: GoogleInputMethodService.onFinishInput():3138 
08-04 02:58:29.158 13866 13866 I GoogleInputMethodServic: GoogleInputMethodService.onStartInput():1808 
08-04 02:58:29.181 29532 29532 W PathParser: Points are too far apart 4.030360828967057
08-04 02:58:29.181 29532 29532 W PathParser: Points are too far apart 4.030360538880159
08-04 02:58:29.197 29532 29532 W PathParser: Points are too far apart 4.030360828967057
08-04 02:58:29.198 29532 29532 W PathParser: Points are too far apart 4.030360538880159
08-04 02:58:29.214 29532 29532 W PathParser: Points are too far apart 4.030360828967057
08-04 02:58:29.214 29532 29532 W PathParser: Points are too far apart 4.030360538880159
08-04 02:58:29.233 29532 29532 W PathParser: Points are too far apart 4.030360828967057
08-04 02:58:29.234 29532 29532 W PathParser: Points are too far apart 4.030360538880159
08-04 02:58:29.252 29532 29532 W PathParser: Points are too far apart 4.030360828967057
08-04 02:58:29.253 29532 29532 W PathParser: Points are too far apart 4.030360538880159
08-04 02:58:29.265 29532 29532 W PathParser: Points are too far apart 4.030360828967057
08-04 02:58:29.266 29532 29532 W PathParser: Points are too far apart 4.030360538880159
08-04 02:58:29.285 29532 29532 W PathParser: Points are too far apart 4.030360828967057
08-04 02:58:29.285 29532 29532 W PathParser: Points are too far apart 4.030360538880159
08-04 02:58:29.299 29532 29532 W PathParser: Points are too far apart 4.030360828967057
08-04 02:58:29.300 29532 29532 W PathParser: Points are too far apart 4.030360538880159
08-04 02:58:29.885 27446 27446 D AndroidRuntime: >>>>>> START com.android.internal.os.RuntimeInit uid 2000 <<<<<<
08-04 02:58:29.890 27446 27446 D AndroidRuntime: CheckJNI is OFF
08-04 02:58:29.921 27446 27446 D ICU     : No timezone override file found: /data/misc/zoneinfo/current/icu/icu_tzdata.dat
08-04 02:58:29.934 27401 27454 D DBReader: Extracting Feedlist
08-04 02:58:29.936 27401 27454 D FlattrUtils: Retrieving access token
08-04 02:58:29.936 27401 27454 D FlattrUtils: No access token found
08-04 02:58:29.938 27401 27454 I art     : Rejecting re-init on previously-failed class java.lang.Class<androidx.core.app.JobIntentService$JobServiceEngineImpl>
08-04 02:58:29.938 27401 27454 I art     : Rejecting re-init on previously-failed class java.lang.Class<androidx.core.app.JobIntentService$JobServiceEngineImpl>
08-04 02:58:29.939 27401 27454 I art     : Rejecting re-init on previously-failed class java.lang.Class<androidx.core.app.SafeJobIntentService$SafeJobServiceEngineImpl>
08-04 02:58:29.939 27401 27454 I art     : Rejecting re-init on previously-failed class java.lang.Class<androidx.core.app.SafeJobIntentService$SafeJobServiceEngineImpl>
08-04 02:58:29.953 27446 27446 I Radio-JNI: register_android_hardware_Radio DONE
08-04 02:58:29.969 27446 27446 D AndroidRuntime: Calling main entry com.android.commands.am.Am
08-04 02:58:29.979  8825  8825 I Trepn   : Trepn 6.2s: Received intent: com.quicinc.trepn.start_profiling
08-04 02:58:30.104  8825  8825 W FileUtils: Failed to chmod(/storage/emulated/0/trepn/Trepn_2020.08.04_025830.db): android.system.ErrnoException: chmod failed: EPERM (Operation not permitted)
08-04 02:58:30.258  8825  8825 I Trepn   : Trepn 6.2s: Trepn has Started Profiling.
08-04 02:58:30.261 27446 27446 D AndroidRuntime: Shutting down VM
08-04 02:58:30.404 13866 13866 I GoogleInputMethodServic: GoogleInputMethodService.onFinishInput():3138 
08-04 02:58:30.406 13866 13866 I GoogleInputMethodServic: GoogleInputMethodService.onStartInput():1808 
08-04 02:58:30.717 27401 27413 I art     : Starting a blocking GC Explicit
08-04 02:58:30.737 27401 27413 I art     : Explicit concurrent mark sweep GC freed 2717(205KB) AllocSpace objects, 1(20KB) LOS objects, 40% free, 23MB/38MB, paused 2.104ms total 19.605ms
08-04 02:58:30.744 27401 27413 I art     : Starting a blocking GC Explicit
08-04 02:58:30.758 27401 27413 I art     : Explicit concurrent mark sweep GC freed 2031(129KB) AllocSpace objects, 2(588KB) LOS objects, 40% free, 22MB/37MB, paused 124us total 13.233ms
08-04 02:58:30.763 27401 27413 I art     : Starting a blocking GC Explicit
08-04 02:58:30.774 27401 27413 I art     : Explicit concurrent mark sweep GC freed 9(368B) AllocSpace objects, 0(0B) LOS objects, 40% free, 22MB/37MB, paused 126us total 10.560ms
08-04 02:58:30.780 27401 27413 I art     : Starting a blocking GC Explicit
08-04 02:58:30.791 27401 27413 I art     : Explicit concurrent mark sweep GC freed 3(96B) AllocSpace objects, 0(0B) LOS objects, 40% free, 22MB/37MB, paused 125us total 10.498ms
08-04 02:58:30.797 27401 27413 I art     : Starting a blocking GC Explicit
08-04 02:58:30.807 27401 27413 I art     : Explicit concurrent mark sweep GC freed 3(96B) AllocSpace objects, 0(0B) LOS objects, 40% free, 22MB/37MB, paused 127us total 10.540ms
08-04 02:58:31.091 27401 27413 I art     : Starting a blocking GC Explicit
08-04 02:58:31.111 27401 27413 I art     : Explicit concurrent mark sweep GC freed 1370(82KB) AllocSpace objects, 1(20KB) LOS objects, 40% free, 22MB/37MB, paused 172us total 19.425ms
08-04 02:58:31.121 27401 27413 I art     : Starting a blocking GC Explicit
08-04 02:58:31.137 27401 27413 I art     : Explicit concurrent mark sweep GC freed 23(768B) AllocSpace objects, 0(0B) LOS objects, 40% free, 22MB/37MB, paused 203us total 15.008ms
08-04 02:58:31.143 27401 27413 I art     : Starting a blocking GC Explicit
08-04 02:58:31.156 27401 27413 I art     : Explicit concurrent mark sweep GC freed 3(96B) AllocSpace objects, 0(0B) LOS objects, 40% free, 22MB/37MB, paused 143us total 12.533ms
08-04 02:58:31.162 27401 27413 I art     : Starting a blocking GC Explicit
08-04 02:58:31.175 27401 27413 I art     : Explicit concurrent mark sweep GC freed 3(96B) AllocSpace objects, 0(0B) LOS objects, 40% free, 22MB/37MB, paused 135us total 12.353ms
08-04 02:58:31.181 27401 27413 I art     : Starting a blocking GC Explicit
08-04 02:58:31.194 27401 27413 I art     : Explicit concurrent mark sweep GC freed 3(96B) AllocSpace objects, 0(0B) LOS objects, 40% free, 22MB/37MB, paused 142us total 12.230ms
08-04 02:58:31.455 27401 27414 I art     : Starting a blocking GC Explicit
08-04 02:58:31.473 27401 27414 I art     : Explicit concurrent mark sweep GC freed 1360(79KB) AllocSpace objects, 1(20KB) LOS objects, 40% free, 22MB/37MB, paused 183us total 16.911ms
08-04 02:58:31.484 27401 27414 I art     : Starting a blocking GC Explicit
08-04 02:58:31.496 27401 27414 I art     : Explicit concurrent mark sweep GC freed 50(1488B) AllocSpace objects, 0(0B) LOS objects, 40% free, 22MB/37MB, paused 144us total 12.402ms
08-04 02:58:31.502 27401 27414 I art     : Starting a blocking GC Explicit
08-04 02:58:31.515 27401 27414 I art     : Explicit concurrent mark sweep GC freed 3(96B) AllocSpace objects, 0(0B) LOS objects, 40% free, 22MB/37MB, paused 153us total 12.504ms
08-04 02:58:31.521 27401 27414 I art     : Starting a blocking GC Explicit
08-04 02:58:31.533 27401 27414 I art     : Explicit concurrent mark sweep GC freed 3(96B) AllocSpace objects, 0(0B) LOS objects, 40% free, 22MB/37MB, paused 150us total 12.217ms
08-04 02:58:31.539 27401 27414 I art     : Starting a blocking GC Explicit
08-04 02:58:31.552 27401 27414 I art     : Explicit concurrent mark sweep GC freed 3(96B) AllocSpace objects, 0(0B) LOS objects, 40% free, 22MB/37MB, paused 150us total 12.441ms
08-04 02:58:31.860 27401 27477 I art     : Starting a blocking GC Explicit
08-04 02:58:31.877 27401 27477 I art     : Explicit concurrent mark sweep GC freed 1358(79KB) AllocSpace objects, 1(20KB) LOS objects, 40% free, 22MB/37MB, paused 169us total 16.535ms
08-04 02:58:31.884 27401 27477 I art     : Starting a blocking GC Explicit
08-04 02:58:31.898 27401 27477 I art     : Explicit concurrent mark sweep GC freed 23(752B) AllocSpace objects, 0(0B) LOS objects, 40% free, 22MB/37MB, paused 150us total 14ms
08-04 02:58:31.905 27401 27477 I art     : Starting a blocking GC Explicit
08-04 02:58:31.918 27401 27477 I art     : Explicit concurrent mark sweep GC freed 3(96B) AllocSpace objects, 0(0B) LOS objects, 40% free, 22MB/37MB, paused 147us total 12.981ms
08-04 02:58:31.924 27401 27477 I art     : Starting a blocking GC Explicit
08-04 02:58:31.936 27401 27477 I art     : Explicit concurrent mark sweep GC freed 3(96B) AllocSpace objects, 0(0B) LOS objects, 40% free, 22MB/37MB, paused 140us total 12.094ms
08-04 02:58:31.942 27401 27477 I art     : Starting a blocking GC Explicit
08-04 02:58:31.955 27401 27477 I art     : Explicit concurrent mark sweep GC freed 3(96B) AllocSpace objects, 0(0B) LOS objects, 40% free, 22MB/37MB, paused 140us total 12.343ms
08-04 02:58:32.229 27401 27477 I art     : Starting a blocking GC Explicit
08-04 02:58:32.246 27401 27477 I art     : Explicit concurrent mark sweep GC freed 1388(80KB) AllocSpace objects, 1(20KB) LOS objects, 40% free, 22MB/37MB, paused 183us total 16.664ms
08-04 02:58:32.253 27401 27477 I art     : Starting a blocking GC Explicit
08-04 02:58:32.267 27401 27477 I art     : Explicit concurrent mark sweep GC freed 23(752B) AllocSpace objects, 0(0B) LOS objects, 40% free, 22MB/37MB, paused 138us total 13.516ms
08-04 02:58:32.273 27401 27477 I art     : Starting a blocking GC Explicit
08-04 02:58:32.285 27401 27477 I art     : Explicit concurrent mark sweep GC freed 3(96B) AllocSpace objects, 0(0B) LOS objects, 40% free, 22MB/37MB, paused 132us total 11.827ms
08-04 02:58:32.291 27401 27477 I art     : Starting a blocking GC Explicit
08-04 02:58:32.303 27401 27477 I art     : Explicit concurrent mark sweep GC freed 3(96B) AllocSpace objects, 0(0B) LOS objects, 40% free, 22MB/37MB, paused 135us total 12.189ms
08-04 02:58:32.310 27401 27477 I art     : Starting a blocking GC Explicit
08-04 02:58:32.322 27401 27477 I art     : Explicit concurrent mark sweep GC freed 3(96B) AllocSpace objects, 0(0B) LOS objects, 40% free, 22MB/37MB, paused 143us total 12.531ms
08-04 02:58:32.619 27401 27414 I art     : Starting a blocking GC Explicit
08-04 02:58:32.635 27401 27414 I art     : Explicit concurrent mark sweep GC freed 1385(81KB) AllocSpace objects, 1(20KB) LOS objects, 40% free, 22MB/37MB, paused 180us total 15.530ms
08-04 02:58:32.642 27401 27414 I art     : Starting a blocking GC Explicit
08-04 02:58:32.656 27401 27414 I art     : Explicit concurrent mark sweep GC freed 23(752B) AllocSpace objects, 0(0B) LOS objects, 40% free, 22MB/37MB, paused 161us total 13.333ms
08-04 02:58:32.662 27401 27414 I art     : Starting a blocking GC Explicit
08-04 02:58:32.676 27401 27414 I art     : Explicit concurrent mark sweep GC freed 3(96B) AllocSpace objects, 0(0B) LOS objects, 40% free, 22MB/37MB, paused 160us total 13.085ms
08-04 02:58:32.682 27401 27414 I art     : Starting a blocking GC Explicit
08-04 02:58:32.695 27401 27414 I art     : Explicit concurrent mark sweep GC freed 3(96B) AllocSpace objects, 0(0B) LOS objects, 40% free, 22MB/37MB, paused 149us total 12.323ms
08-04 02:58:32.701 27401 27414 I art     : Starting a blocking GC Explicit
08-04 02:58:32.714 27401 27414 I art     : Explicit concurrent mark sweep GC freed 3(96B) AllocSpace objects, 0(0B) LOS objects, 40% free, 22MB/37MB, paused 150us total 12.389ms
08-04 02:58:33.032 27401 27413 I art     : Starting a blocking GC Explicit
08-04 02:58:33.052 27401 27413 I art     : Explicit concurrent mark sweep GC freed 1360(81KB) AllocSpace objects, 1(20KB) LOS objects, 40% free, 22MB/37MB, paused 192us total 19.475ms
08-04 02:58:33.062 27401 27413 I art     : Starting a blocking GC Explicit
08-04 02:58:33.079 27401 27413 I art     : Explicit concurrent mark sweep GC freed 23(752B) AllocSpace objects, 0(0B) LOS objects, 40% free, 22MB/37MB, paused 156us total 16.612ms
08-04 02:58:33.088 27401 27413 I art     : Starting a blocking GC Explicit
08-04 02:58:33.101 27401 27413 I art     : Explicit concurrent mark sweep GC freed 3(96B) AllocSpace objects, 0(0B) LOS objects, 40% free, 22MB/37MB, paused 148us total 12.884ms
08-04 02:58:33.107 27401 27413 I art     : Starting a blocking GC Explicit
08-04 02:58:33.120 27401 27413 I art     : Explicit concurrent mark sweep GC freed 3(96B) AllocSpace objects, 0(0B) LOS objects, 40% free, 22MB/37MB, paused 147us total 12.791ms
08-04 02:58:33.127 27401 27413 I art     : Starting a blocking GC Explicit
08-04 02:58:33.139 27401 27413 I art     : Explicit concurrent mark sweep GC freed 3(96B) AllocSpace objects, 0(0B) LOS objects, 40% free, 22MB/37MB, paused 142us total 12.371ms
08-04 02:58:33.437 27401 27477 I art     : Starting a blocking GC Explicit
08-04 02:58:33.459 27401 27477 I art     : Explicit concurrent mark sweep GC freed 1359(81KB) AllocSpace objects, 1(20KB) LOS objects, 40% free, 22MB/37MB, paused 159us total 21.755ms
08-04 02:58:33.466 27401 27477 I art     : Starting a blocking GC Explicit
08-04 02:58:33.480 27401 27477 I art     : Explicit concurrent mark sweep GC freed 23(752B) AllocSpace objects, 0(0B) LOS objects, 40% free, 22MB/37MB, paused 146us total 13.167ms
08-04 02:58:33.487 27401 27477 I art     : Starting a blocking GC Explicit
08-04 02:58:33.499 27401 27477 I art     : Explicit concurrent mark sweep GC freed 30(832B) AllocSpace objects, 0(0B) LOS objects, 40% free, 22MB/37MB, paused 130us total 11.826ms
08-04 02:58:33.505 27401 27477 I art     : Starting a blocking GC Explicit
08-04 02:58:33.517 27401 27477 I art     : Explicit concurrent mark sweep GC freed 3(96B) AllocSpace objects, 0(0B) LOS objects, 40% free, 22MB/37MB, paused 141us total 12.697ms
08-04 02:58:33.524 27401 27477 I art     : Starting a blocking GC Explicit
08-04 02:58:33.536 27401 27477 I art     : Explicit concurrent mark sweep GC freed 3(96B) AllocSpace objects, 0(0B) LOS objects, 40% free, 22MB/37MB, paused 142us total 12.330ms
08-04 02:58:33.842 27401 27414 I art     : Starting a blocking GC Explicit
08-04 02:58:33.860 27401 27414 I art     : Explicit concurrent mark sweep GC freed 1358(79KB) AllocSpace objects, 1(20KB) LOS objects, 40% free, 22MB/37MB, paused 176us total 18.452ms
08-04 02:58:33.871 27401 27414 I art     : Starting a blocking GC Explicit
08-04 02:58:33.887 27401 27414 I art     : Explicit concurrent mark sweep GC freed 23(752B) AllocSpace objects, 0(0B) LOS objects, 40% free, 22MB/37MB, paused 206us total 15.106ms
08-04 02:58:33.893 27401 27414 I art     : Starting a blocking GC Explicit
08-04 02:58:33.906 27401 27414 I art     : Explicit concurrent mark sweep GC freed 3(96B) AllocSpace objects, 0(0B) LOS objects, 40% free, 22MB/37MB, paused 160us total 12.664ms
08-04 02:58:33.912 27401 27414 I art     : Starting a blocking GC Explicit
08-04 02:58:33.925 27401 27414 I art     : Explicit concurrent mark sweep GC freed 3(96B) AllocSpace objects, 0(0B) LOS objects, 40% free, 22MB/37MB, paused 150us total 12.625ms
08-04 02:58:33.932 27401 27414 I art     : Starting a blocking GC Explicit
08-04 02:58:33.944 27401 27414 I art     : Explicit concurrent mark sweep GC freed 3(96B) AllocSpace objects, 0(0B) LOS objects, 40% free, 22MB/37MB, paused 151us total 12.369ms
08-04 02:58:34.246 27401 27413 I art     : Starting a blocking GC Explicit
08-04 02:58:34.259 27401 27413 I art     : Explicit concurrent mark sweep GC freed 1358(79KB) AllocSpace objects, 1(20KB) LOS objects, 40% free, 22MB/37MB, paused 154us total 12.975ms
08-04 02:58:34.265 27401 27413 I art     : Starting a blocking GC Explicit
08-04 02:58:34.277 27401 27413 I art     : Explicit concurrent mark sweep GC freed 23(752B) AllocSpace objects, 0(0B) LOS objects, 40% free, 22MB/37MB, paused 139us total 11.276ms
08-04 02:58:34.283 27401 27413 I art     : Starting a blocking GC Explicit
08-04 02:58:34.293 27401 27413 I art     : Explicit concurrent mark sweep GC freed 3(96B) AllocSpace objects, 0(0B) LOS objects, 40% free, 22MB/37MB, paused 124us total 10.785ms
08-04 02:58:34.299 27401 27413 I art     : Starting a blocking GC Explicit
08-04 02:58:34.309 27401 27413 I art     : Explicit concurrent mark sweep GC freed 3(96B) AllocSpace objects, 0(0B) LOS objects, 40% free, 22MB/37MB, paused 128us total 10.446ms
08-04 02:58:34.315 27401 27413 I art     : Starting a blocking GC Explicit
08-04 02:58:34.325 27401 27413 I art     : Explicit concurrent mark sweep GC freed 3(96B) AllocSpace objects, 0(0B) LOS objects, 40% free, 22MB/37MB, paused 125us total 10.413ms
08-04 02:58:34.510   918  3261 D WifiStateMachine: starting scan for "H369AA63323"WPA_PSK with 2412,5180
08-04 02:58:34.590 27401 27477 I art     : Starting a blocking GC Explicit
08-04 02:58:34.606 27401 27477 I art     : Explicit concurrent mark sweep GC freed 1385(80KB) AllocSpace objects, 1(20KB) LOS objects, 40% free, 22MB/37MB, paused 172us total 15.625ms
08-04 02:58:34.613 27401 27477 I art     : Starting a blocking GC Explicit
08-04 02:58:34.627 27401 27477 I art     : Explicit concurrent mark sweep GC freed 23(752B) AllocSpace objects, 0(0B) LOS objects, 40% free, 22MB/37MB, paused 156us total 13.720ms
08-04 02:58:34.633 27401 27477 I art     : Starting a blocking GC Explicit
08-04 02:58:34.646 27401 27477 I art     : Explicit concurrent mark sweep GC freed 3(96B) AllocSpace objects, 0(0B) LOS objects, 40% free, 22MB/37MB, paused 136us total 12.959ms
08-04 02:58:34.653 27401 27477 I art     : Starting a blocking GC Explicit
08-04 02:58:34.665 27401 27477 I art     : Explicit concurrent mark sweep GC freed 3(96B) AllocSpace objects, 0(0B) LOS objects, 40% free, 22MB/37MB, paused 139us total 11.998ms
08-04 02:58:34.671 27401 27477 I art     : Starting a blocking GC Explicit
08-04 02:58:34.683 27401 27477 I art     : Explicit concurrent mark sweep GC freed 3(96B) AllocSpace objects, 0(0B) LOS objects, 40% free, 22MB/37MB, paused 146us total 11.939ms
08-04 02:58:34.983 27401 27414 I art     : Starting a blocking GC Explicit
08-04 02:58:34.999 27401 27414 I art     : Explicit concurrent mark sweep GC freed 1358(79KB) AllocSpace objects, 1(20KB) LOS objects, 40% free, 22MB/37MB, paused 198us total 15.797ms
08-04 02:58:35.007 27401 27414 I art     : Starting a blocking GC Explicit
08-04 02:58:35.019 27401 27414 I art     : Explicit concurrent mark sweep GC freed 23(752B) AllocSpace objects, 0(0B) LOS objects, 40% free, 22MB/37MB, paused 142us total 12.108ms
08-04 02:58:35.025 27401 27414 I art     : Starting a blocking GC Explicit
08-04 02:58:35.037 27401 27414 I art     : Explicit concurrent mark sweep GC freed 3(96B) AllocSpace objects, 0(0B) LOS objects, 40% free, 22MB/37MB, paused 138us total 11.974ms
08-04 02:58:35.043 27401 27414 I art     : Starting a blocking GC Explicit
08-04 02:58:35.055 27401 27414 I art     : Explicit concurrent mark sweep GC freed 3(96B) AllocSpace objects, 0(0B) LOS objects, 40% free, 22MB/37MB, paused 140us total 11.473ms
08-04 02:58:35.060 27401 27414 I art     : Starting a blocking GC Explicit
08-04 02:58:35.072 27401 27414 I art     : Explicit concurrent mark sweep GC freed 3(96B) AllocSpace objects, 0(0B) LOS objects, 40% free, 22MB/37MB, paused 131us total 10.954ms
08-04 02:58:35.306 27401 27413 I art     : Starting a blocking GC Explicit
08-04 02:58:35.319 27401 27413 I art     : Explicit concurrent mark sweep GC freed 1357(79KB) AllocSpace objects, 1(20KB) LOS objects, 40% free, 22MB/37MB, paused 150us total 12.802ms
08-04 02:58:35.325 27401 27413 I art     : Starting a blocking GC Explicit
08-04 02:58:35.338 27401 27413 I art     : Explicit concurrent mark sweep GC freed 23(752B) AllocSpace objects, 0(0B) LOS objects, 40% free, 22MB/37MB, paused 143us total 12.348ms
08-04 02:58:35.344 27401 27413 I art     : Starting a blocking GC Explicit
08-04 02:58:35.356 27401 27413 I art     : Explicit concurrent mark sweep GC freed 3(96B) AllocSpace objects, 0(0B) LOS objects, 40% free, 22MB/37MB, paused 146us total 12.413ms
08-04 02:58:35.362 27401 27413 I art     : Starting a blocking GC Explicit
08-04 02:58:35.374 27401 27413 I art     : Explicit concurrent mark sweep GC freed 3(96B) AllocSpace objects, 0(0B) LOS objects, 40% free, 22MB/37MB, paused 144us total 11.681ms
08-04 02:58:35.380 27401 27413 I art     : Starting a blocking GC Explicit
08-04 02:58:35.392 27401 27413 I art     : Explicit concurrent mark sweep GC freed 3(96B) AllocSpace objects, 0(0B) LOS objects, 40% free, 22MB/37MB, paused 165us total 11.826ms
08-04 02:58:35.401 27604 27604 D AndroidRuntime: >>>>>> START com.android.internal.os.RuntimeInit uid 2000 <<<<<<
08-04 02:58:35.405 27604 27604 D AndroidRuntime: CheckJNI is OFF
08-04 02:58:35.429 27604 27604 D ICU     : No timezone override file found: /data/misc/zoneinfo/current/icu/icu_tzdata.dat
08-04 02:58:35.452 27604 27604 I Radio-JNI: register_android_hardware_Radio DONE
08-04 02:58:35.467 27604 27604 D AndroidRuntime: Calling main entry com.android.commands.input.Input
08-04 02:58:35.469 27604 27604 I Input   : injectMotionEvent: MotionEvent { action=ACTION_DOWN, actionButton=0, id[0]=0, x[0]=1233.0, y[0]=1274.0, toolType[0]=TOOL_TYPE_UNKNOWN, buttonState=0, metaState=0, flags=0x0, edgeFlags=0x0, pointerCount=1, historySize=0, eventTime=673131882, downTime=673131882, deviceId=0, source=0x1002 }
08-04 02:58:35.477 27604 27604 I Input   : injectMotionEvent: MotionEvent { action=ACTION_UP, actionButton=0, id[0]=0, x[0]=1233.0, y[0]=1274.0, toolType[0]=TOOL_TYPE_UNKNOWN, buttonState=0, metaState=0, flags=0x0, edgeFlags=0x0, pointerCount=1, historySize=0, eventTime=673131882, downTime=673131882, deviceId=0, source=0x1002 }
08-04 02:58:35.478 27604 27604 D AndroidRuntime: Shutting down VM
08-04 02:58:35.622 27401 27413 I art     : Starting a blocking GC Explicit
08-04 02:58:35.636 27401 27413 I art     : Explicit concurrent mark sweep GC freed 1387(80KB) AllocSpace objects, 1(20KB) LOS objects, 40% free, 22MB/37MB, paused 136us total 14.344ms
08-04 02:58:35.645 27401 27413 I art     : Starting a blocking GC Explicit
08-04 02:58:35.657 27401 27413 I art     : Explicit concurrent mark sweep GC freed 23(752B) AllocSpace objects, 0(0B) LOS objects, 40% free, 22MB/37MB, paused 160us total 12.202ms
08-04 02:58:35.664 27401 27413 I art     : Starting a blocking GC Explicit
08-04 02:58:35.676 27401 27413 I art     : Explicit concurrent mark sweep GC freed 3(96B) AllocSpace objects, 0(0B) LOS objects, 40% free, 22MB/37MB, paused 131us total 12.134ms
08-04 02:58:35.682 27401 27413 I art     : Starting a blocking GC Explicit
08-04 02:58:35.695 27401 27413 I art     : Explicit concurrent mark sweep GC freed 3(96B) AllocSpace objects, 0(0B) LOS objects, 40% free, 22MB/37MB, paused 153us total 12.429ms
08-04 02:58:35.701 27401 27413 I art     : Starting a blocking GC Explicit
08-04 02:58:35.713 27401 27413 I art     : Explicit concurrent mark sweep GC freed 3(96B) AllocSpace objects, 0(0B) LOS objects, 40% free, 22MB/37MB, paused 161us total 12.346ms
08-04 02:58:35.910 13866 13866 I GoogleInputMethodServic: GoogleInputMethodService.onFinishInput():3138 
08-04 02:58:35.912 13866 13866 I GoogleInputMethodServic: GoogleInputMethodService.onStartInput():1808 
08-04 02:58:35.954 27401 27413 I art     : Starting a blocking GC Explicit
08-04 02:58:35.968 27401 27413 I art     : Explicit concurrent mark sweep GC freed 1454(83KB) AllocSpace objects, 1(20KB) LOS objects, 40% free, 22MB/37MB, paused 145us total 13.341ms
08-04 02:58:35.974 27401 27413 I art     : Starting a blocking GC Explicit
08-04 02:58:35.987 27401 27413 I art     : Explicit concurrent mark sweep GC freed 31(1200B) AllocSpace objects, 0(0B) LOS objects, 40% free, 22MB/37MB, paused 200us total 12.780ms
08-04 02:58:35.993 27401 27413 I art     : Starting a blocking GC Explicit
08-04 02:58:36.006 27401 27413 I art     : Explicit concurrent mark sweep GC freed 3(96B) AllocSpace objects, 0(0B) LOS objects, 40% free, 22MB/37MB, paused 147us total 12.740ms
08-04 02:58:36.012 27401 27413 I art     : Starting a blocking GC Explicit
08-04 02:58:36.024 27401 27413 I art     : Explicit concurrent mark sweep GC freed 3(96B) AllocSpace objects, 0(0B) LOS objects, 40% free, 22MB/37MB, paused 139us total 12.385ms
08-04 02:58:36.030 27401 27413 I art     : Starting a blocking GC Explicit
08-04 02:58:36.043 27401 27413 I art     : Explicit concurrent mark sweep GC freed 3(96B) AllocSpace objects, 0(0B) LOS objects, 40% free, 22MB/37MB, paused 145us total 12.832ms
08-04 02:58:36.325 27401 27414 I art     : Starting a blocking GC Explicit
08-04 02:58:36.348 27401 27414 I art     : Explicit concurrent mark sweep GC freed 1357(79KB) AllocSpace objects, 1(20KB) LOS objects, 40% free, 22MB/37MB, paused 332us total 23.051ms
08-04 02:58:36.361 27401 27414 I art     : Starting a blocking GC Explicit
08-04 02:58:36.378 27401 27414 I art     : Explicit concurrent mark sweep GC freed 23(752B) AllocSpace objects, 0(0B) LOS objects, 40% free, 22MB/37MB, paused 163us total 16.833ms
08-04 02:58:36.384 27401 27414 I art     : Starting a blocking GC Explicit
08-04 02:58:36.397 27401 27414 I art     : Explicit concurrent mark sweep GC freed 3(96B) AllocSpace objects, 0(0B) LOS objects, 40% free, 22MB/37MB, paused 158us total 12.603ms
08-04 02:58:36.403 27401 27414 I art     : Starting a blocking GC Explicit
08-04 02:58:36.416 27401 27414 I art     : Explicit concurrent mark sweep GC freed 3(96B) AllocSpace objects, 0(0B) LOS objects, 40% free, 22MB/37MB, paused 150us total 12.817ms
08-04 02:58:36.423 27401 27414 I art     : Starting a blocking GC Explicit
08-04 02:58:36.435 27401 27414 I art     : Explicit concurrent mark sweep GC freed 3(96B) AllocSpace objects, 0(0B) LOS objects, 40% free, 22MB/37MB, paused 152us total 12.290ms
08-04 02:58:36.707 27401 27477 I art     : Starting a blocking GC Explicit
08-04 02:58:36.722 27401 27477 I art     : Explicit concurrent mark sweep GC freed 1384(80KB) AllocSpace objects, 1(20KB) LOS objects, 40% free, 22MB/37MB, paused 151us total 14.887ms
08-04 02:58:36.729 27401 27477 I art     : Starting a blocking GC Explicit
08-04 02:58:36.741 27401 27477 I art     : Explicit concurrent mark sweep GC freed 23(752B) AllocSpace objects, 0(0B) LOS objects, 40% free, 22MB/37MB, paused 138us total 12.278ms
08-04 02:58:36.747 27401 27477 I art     : Starting a blocking GC Explicit
08-04 02:58:36.758 27401 27477 I art     : Explicit concurrent mark sweep GC freed 3(96B) AllocSpace objects, 0(0B) LOS objects, 40% free, 22MB/37MB, paused 141us total 11.306ms
08-04 02:58:36.764 27401 27477 I art     : Starting a blocking GC Explicit
08-04 02:58:36.775 27401 27477 I art     : Explicit concurrent mark sweep GC freed 3(96B) AllocSpace objects, 0(0B) LOS objects, 40% free, 22MB/37MB, paused 138us total 11.310ms
08-04 02:58:36.781 27401 27477 I art     : Starting a blocking GC Explicit
08-04 02:58:36.792 27401 27477 I art     : Explicit concurrent mark sweep GC freed 3(96B) AllocSpace objects, 0(0B) LOS objects, 40% free, 22MB/37MB, paused 144us total 11.053ms
08-04 02:58:37.018 27667 27667 D AndroidRuntime: >>>>>> START com.android.internal.os.RuntimeInit uid 2000 <<<<<<
08-04 02:58:37.023 27667 27667 D AndroidRuntime: CheckJNI is OFF
08-04 02:58:37.036 27401 27413 I art     : Starting a blocking GC Explicit
08-04 02:58:37.049 27401 27413 I art     : Explicit concurrent mark sweep GC freed 1357(79KB) AllocSpace objects, 1(20KB) LOS objects, 40% free, 22MB/37MB, paused 156us total 12.807ms
08-04 02:58:37.051 27667 27667 D ICU     : No timezone override file found: /data/misc/zoneinfo/current/icu/icu_tzdata.dat
08-04 02:58:37.055 27401 27413 I art     : Starting a blocking GC Explicit
08-04 02:58:37.064 23402 23402 I ServiceManager: Waiting for service AtCmdFwd...
08-04 02:58:37.068 27401 27413 I art     : Explicit concurrent mark sweep GC freed 23(752B) AllocSpace objects, 0(0B) LOS objects, 40% free, 22MB/37MB, paused 155us total 12.687ms
08-04 02:58:37.075 27401 27413 I art     : Starting a blocking GC Explicit
08-04 02:58:37.078 27667 27667 I Radio-JNI: register_android_hardware_Radio DONE
08-04 02:58:37.086 27401 27413 I art     : Explicit concurrent mark sweep GC freed 3(96B) AllocSpace objects, 0(0B) LOS objects, 40% free, 22MB/37MB, paused 135us total 11.078ms
08-04 02:58:37.091 27401 27413 I art     : Starting a blocking GC Explicit
08-04 02:58:37.094 27667 27667 D AndroidRuntime: Calling main entry com.android.commands.input.Input
08-04 02:58:37.095 27667 27667 I Input   : injectMotionEvent: MotionEvent { action=ACTION_DOWN, actionButton=0, id[0]=0, x[0]=103.0, y[0]=192.0, toolType[0]=TOOL_TYPE_UNKNOWN, buttonState=0, metaState=0, flags=0x0, edgeFlags=0x0, pointerCount=1, historySize=0, eventTime=673133508, downTime=673133508, deviceId=0, source=0x1002 }
08-04 02:58:37.101 27667 27667 I Input   : injectMotionEvent: MotionEvent { action=ACTION_UP, actionButton=0, id[0]=0, x[0]=103.0, y[0]=192.0, toolType[0]=TOOL_TYPE_UNKNOWN, buttonState=0, metaState=0, flags=0x0, edgeFlags=0x0, pointerCount=1, historySize=0, eventTime=673133508, downTime=673133508, deviceId=0, source=0x1002 }
08-04 02:58:37.102 27667 27667 D AndroidRuntime: Shutting down VM
08-04 02:58:37.103 27401 27413 I art     : Explicit concurrent mark sweep GC freed 22(688B) AllocSpace objects, 0(0B) LOS objects, 40% free, 22MB/37MB, paused 158us total 11.367ms
08-04 02:58:37.108   512  2967 D audio_hw_primary: out_set_parameters: enter: usecase(1: low-latency-playback) kvpairs: routing=2
08-04 02:58:37.109 27401 27413 I art     : Starting a blocking GC Explicit
08-04 02:58:37.121   512  2967 D audio_hw_primary: select_devices: out_snd_device(2: speaker) in_snd_device(0: none)
08-04 02:58:37.121   512  2967 D msm8974_platform: platform_send_audio_calibration: sending audio calibration for snd_device(2) acdb_id(15)
08-04 02:58:37.121 27401 27413 I art     : Explicit concurrent mark sweep GC freed 14(432B) AllocSpace objects, 0(0B) LOS objects, 40% free, 22MB/37MB, paused 168us total 12.292ms
08-04 02:58:37.121   512  2967 I soundtrigger: audio_extn_sound_trigger_update_device_status: device 0x2 of type 0 for Event 1
08-04 02:58:37.133   512  2967 D audio_hw_primary: enable_snd_device: snd_device(2: speaker)
08-04 02:58:37.135   512  2967 D audio_hw_primary: enable_audio_route: apply and update mixer path: low-latency-playback speaker
08-04 02:58:37.144 13866 13866 I GoogleInputMethodServic: GoogleInputMethodService.onFinishInput():3138 
08-04 02:58:37.145 13866 13866 I GoogleInputMethodServic: GoogleInputMethodService.onStartInput():1808 
08-04 02:58:37.365 27401 27413 I art     : Starting a blocking GC Explicit
08-04 02:58:37.380 27401 27413 I art     : Explicit concurrent mark sweep GC freed 1836(103KB) AllocSpace objects, 1(20KB) LOS objects, 40% free, 22MB/37MB, paused 169us total 14.065ms
08-04 02:58:37.386 27401 27413 I art     : Starting a blocking GC Explicit
08-04 02:58:37.398 27401 27413 I art     : Explicit concurrent mark sweep GC freed 37(1552B) AllocSpace objects, 0(0B) LOS objects, 40% free, 22MB/37MB, paused 147us total 12.488ms
08-04 02:58:37.404 27401 27413 I art     : Starting a blocking GC Explicit
08-04 02:58:37.417 27401 27413 I art     : Explicit concurrent mark sweep GC freed 3(96B) AllocSpace objects, 0(0B) LOS objects, 40% free, 22MB/37MB, paused 205us total 12.329ms
08-04 02:58:37.422 27401 27413 I art     : Starting a blocking GC Explicit
08-04 02:58:37.435 27401 27413 I art     : Explicit concurrent mark sweep GC freed 3(96B) AllocSpace objects, 0(0B) LOS objects, 40% free, 22MB/37MB, paused 149us total 12.242ms
08-04 02:58:37.441 27401 27413 I art     : Starting a blocking GC Explicit
08-04 02:58:37.453 27401 27413 I art     : Explicit concurrent mark sweep GC freed 3(96B) AllocSpace objects, 0(0B) LOS objects, 40% free, 22MB/37MB, paused 144us total 12.381ms
08-04 02:58:37.652 27700 27700 D AndroidRuntime: >>>>>> START com.android.internal.os.RuntimeInit uid 2000 <<<<<<
08-04 02:58:37.656 27700 27700 D AndroidRuntime: CheckJNI is OFF
08-04 02:58:37.678   512  2967 D audio_hw_primary: disable_audio_route: reset and update mixer path: low-latency-playback speaker
08-04 02:58:37.679   512  2967 D audio_hw_primary: disable_snd_device: snd_device(2: speaker)
08-04 02:58:37.680 27700 27700 D ICU     : No timezone override file found: /data/misc/zoneinfo/current/icu/icu_tzdata.dat
08-04 02:58:37.687   512  2967 I soundtrigger: audio_extn_sound_trigger_update_device_status: device 0x2 of type 0 for Event 0
08-04 02:58:37.698 27401 27414 I art     : Starting a blocking GC Explicit
08-04 02:58:37.705 27700 27700 I Radio-JNI: register_android_hardware_Radio DONE
08-04 02:58:37.710 27401 27414 I art     : Explicit concurrent mark sweep GC freed 1395(80KB) AllocSpace objects, 1(20KB) LOS objects, 40% free, 22MB/37MB, paused 160us total 12.409ms
08-04 02:58:37.717 27401 27414 I art     : Starting a blocking GC Explicit
08-04 02:58:37.721 27700 27700 D AndroidRuntime: Calling main entry com.android.commands.input.Input
08-04 02:58:37.723 27700 27700 I Input   : injectMotionEvent: MotionEvent { action=ACTION_DOWN, actionButton=0, id[0]=0, x[0]=324.0, y[0]=2298.0, toolType[0]=TOOL_TYPE_UNKNOWN, buttonState=0, metaState=0, flags=0x0, edgeFlags=0x0, pointerCount=1, historySize=0, eventTime=673134136, downTime=673134136, deviceId=0, source=0x1002 }
08-04 02:58:37.727 27700 27700 I Input   : injectMotionEvent: MotionEvent { action=ACTION_UP, actionButton=0, id[0]=0, x[0]=324.0, y[0]=2298.0, toolType[0]=TOOL_TYPE_UNKNOWN, buttonState=0, metaState=0, flags=0x0, edgeFlags=0x0, pointerCount=1, historySize=0, eventTime=673134136, downTime=673134136, deviceId=0, source=0x1002 }
08-04 02:58:37.729 27401 27414 I art     : Explicit concurrent mark sweep GC freed 27(880B) AllocSpace objects, 0(0B) LOS objects, 40% free, 22MB/37MB, paused 497us total 11.884ms
08-04 02:58:37.729 27700 27700 D AndroidRuntime: Shutting down VM
08-04 02:58:37.734 27401 27414 I art     : Starting a blocking GC Explicit
08-04 02:58:37.742   918  5132 I ActivityManager: START u0 {cmp=baseline.de.danoeh.antennapod.debug/baseline.de.danoeh.antennapod.activity.PreferenceActivity} from uid 10670 on display 0
08-04 02:58:37.743   512  2967 D audio_hw_primary: out_set_parameters: enter: usecase(1: low-latency-playback) kvpairs: routing=2
08-04 02:58:37.746 27401 27414 I art     : Explicit concurrent mark sweep GC freed 11(4KB) AllocSpace objects, 0(0B) LOS objects, 40% free, 22MB/37MB, paused 164us total 11.889ms
08-04 02:58:37.753 27401 27414 I art     : Starting a blocking GC Explicit
08-04 02:58:37.756   512  2967 D audio_hw_primary: select_devices: out_snd_device(2: speaker) in_snd_device(0: none)
08-04 02:58:37.756   512  2967 D msm8974_platform: platform_send_audio_calibration: sending audio calibration for snd_device(2) acdb_id(15)
08-04 02:58:37.756   512  2967 I soundtrigger: audio_extn_sound_trigger_update_device_status: device 0x2 of type 0 for Event 1
08-04 02:58:37.765   512  2967 D audio_hw_primary: enable_snd_device: snd_device(2: speaker)
08-04 02:58:37.766 27401 27414 I art     : Explicit concurrent mark sweep GC freed 92(23KB) AllocSpace objects, 1(20KB) LOS objects, 40% free, 22MB/37MB, paused 302us total 12.524ms
08-04 02:58:37.767   512  2967 D audio_hw_primary: enable_audio_route: apply and update mixer path: low-latency-playback speaker
08-04 02:58:37.771 27401 27414 I art     : Starting a blocking GC Explicit
08-04 02:58:37.785 27401 27414 I art     : Explicit concurrent mark sweep GC freed 594(81KB) AllocSpace objects, 0(0B) LOS objects, 40% free, 22MB/37MB, paused 540us total 13.748ms
08-04 02:58:37.809   512  2967 D AudioFlinger: mixer(0xf4740000) throttle end: throttle time(12)
08-04 02:58:37.992 13866 13866 I GoogleInputMethodServic: GoogleInputMethodService.onFinishInput():3138 
08-04 02:58:37.992   918   936 I ActivityManager: Displayed baseline.de.danoeh.antennapod.debug/baseline.de.danoeh.antennapod.activity.PreferenceActivity: +230ms
08-04 02:58:37.992 13866 13866 I GoogleInputMethodServic: GoogleInputMethodService.onStartInput():1808 
08-04 02:58:38.008 27401 27422 D OpenGLRenderer: endAllStagingAnimators on 0x7f7f43f800 (RippleDrawable) with handle 0x7f7e421a40
08-04 02:58:38.023 27401 27477 I art     : Starting a blocking GC Explicit
08-04 02:58:38.040 27401 27477 I art     : Explicit concurrent mark sweep GC freed 4021(346KB) AllocSpace objects, 1(20KB) LOS objects, 40% free, 23MB/39MB, paused 141us total 16.193ms
08-04 02:58:38.046 27401 27477 I art     : Starting a blocking GC Explicit
08-04 02:58:38.061 27401 27477 I art     : Explicit concurrent mark sweep GC freed 340(16KB) AllocSpace objects, 0(0B) LOS objects, 40% free, 23MB/38MB, paused 149us total 14.032ms
08-04 02:58:38.065 23402 23402 I ServiceManager: Waiting for service AtCmdFwd...
08-04 02:58:38.068 27401 27477 I art     : Starting a blocking GC Explicit
08-04 02:58:38.082 27401 27477 I art     : Explicit concurrent mark sweep GC freed 3(96B) AllocSpace objects, 0(0B) LOS objects, 40% free, 23MB/38MB, paused 151us total 14.232ms
08-04 02:58:38.088 27401 27477 I art     : Starting a blocking GC Explicit
08-04 02:58:38.102 27401 27477 I art     : Explicit concurrent mark sweep GC freed 3(96B) AllocSpace objects, 0(0B) LOS objects, 40% free, 23MB/38MB, paused 148us total 14.129ms
08-04 02:58:38.108 27401 27477 I art     : Starting a blocking GC Explicit
08-04 02:58:38.124 27401 27477 I art     : Explicit concurrent mark sweep GC freed 3(96B) AllocSpace objects, 0(0B) LOS objects, 40% free, 23MB/38MB, paused 141us total 15.117ms
08-04 02:58:38.224   380   380 W SurfaceFlinger: couldn't log to binary event log: overflow.
08-04 02:58:38.298   512  2967 D audio_hw_primary: disable_audio_route: reset and update mixer path: low-latency-playback speaker
08-04 02:58:38.299   512  2967 D audio_hw_primary: disable_snd_device: snd_device(2: speaker)
08-04 02:58:38.308   512  2967 I soundtrigger: audio_extn_sound_trigger_update_device_status: device 0x2 of type 0 for Event 0
08-04 02:58:38.349 27401 27401 D PlaybackController: Releasing PlaybackController
08-04 02:58:38.419 27401 27414 I art     : Starting a blocking GC Explicit
08-04 02:58:38.440 27401 27414 I art     : Explicit concurrent mark sweep GC freed 1620(97KB) AllocSpace objects, 1(20KB) LOS objects, 40% free, 23MB/39MB, paused 182us total 20.036ms
08-04 02:58:38.447 27401 27414 I art     : Starting a blocking GC Explicit
08-04 02:58:38.464 27401 27414 I art     : Explicit concurrent mark sweep GC freed 63(2064B) AllocSpace objects, 0(0B) LOS objects, 40% free, 23MB/39MB, paused 172us total 16.453ms
08-04 02:58:38.471 27401 27414 I art     : Starting a blocking GC Explicit
08-04 02:58:38.486 27401 27414 I art     : Explicit concurrent mark sweep GC freed 30(832B) AllocSpace objects, 0(0B) LOS objects, 40% free, 23MB/39MB, paused 150us total 15.291ms
08-04 02:58:38.492 27401 27414 I art     : Starting a blocking GC Explicit
08-04 02:58:38.508 27401 27414 I art     : Explicit concurrent mark sweep GC freed 3(96B) AllocSpace objects, 0(0B) LOS objects, 40% free, 23MB/39MB, paused 157us total 15.032ms
08-04 02:58:38.514 27401 27414 I art     : Starting a blocking GC Explicit
08-04 02:58:38.530 27401 27414 I art     : Explicit concurrent mark sweep GC freed 3(96B) AllocSpace objects, 0(0B) LOS objects, 40% free, 23MB/39MB, paused 151us total 15.156ms
08-04 02:58:38.799 27401 27413 I art     : Starting a blocking GC Explicit
08-04 02:58:38.818 27401 27413 I art     : Explicit concurrent mark sweep GC freed 1360(80KB) AllocSpace objects, 1(20KB) LOS objects, 40% free, 23MB/39MB, paused 172us total 18.145ms
08-04 02:58:38.829 27401 27413 I art     : Starting a blocking GC Explicit
08-04 02:58:38.844 27401 27413 I art     : Explicit concurrent mark sweep GC freed 23(752B) AllocSpace objects, 0(0B) LOS objects, 40% free, 23MB/39MB, paused 145us total 14.588ms
08-04 02:58:38.850 27401 27413 I art     : Starting a blocking GC Explicit
08-04 02:58:38.864 27401 27413 I art     : Explicit concurrent mark sweep GC freed 3(96B) AllocSpace objects, 0(0B) LOS objects, 40% free, 23MB/39MB, paused 150us total 13.968ms
08-04 02:58:38.871 27401 27413 I art     : Starting a blocking GC Explicit
08-04 02:58:38.886 27401 27413 I art     : Explicit concurrent mark sweep GC freed 3(96B) AllocSpace objects, 0(0B) LOS objects, 40% free, 23MB/39MB, paused 147us total 14.698ms
08-04 02:58:38.892 27401 27413 I art     : Starting a blocking GC Explicit
08-04 02:58:38.907 27401 27413 I art     : Explicit concurrent mark sweep GC freed 3(96B) AllocSpace objects, 0(0B) LOS objects, 40% free, 23MB/39MB, paused 151us total 14.678ms
08-04 02:58:39.065 23402 23402 I ServiceManager: Waiting for service AtCmdFwd...
08-04 02:58:39.150 27401 27477 I art     : Starting a blocking GC Explicit
08-04 02:58:39.165 27401 27477 I art     : Explicit concurrent mark sweep GC freed 1360(80KB) AllocSpace objects, 1(20KB) LOS objects, 40% free, 23MB/39MB, paused 145us total 15.587ms
08-04 02:58:39.172 27401 27477 I art     : Starting a blocking GC Explicit
08-04 02:58:39.185 27401 27477 I art     : Explicit concurrent mark sweep GC freed 23(752B) AllocSpace objects, 0(0B) LOS objects, 40% free, 23MB/39MB, paused 145us total 13.087ms
08-04 02:58:39.191 27401 27477 I art     : Starting a blocking GC Explicit
08-04 02:58:39.204 27401 27477 I art     : Explicit concurrent mark sweep GC freed 3(96B) AllocSpace objects, 0(0B) LOS objects, 40% free, 23MB/39MB, paused 133us total 13.087ms
08-04 02:58:39.210 27401 27477 I art     : Starting a blocking GC Explicit
08-04 02:58:39.224 27401 27477 I art     : Explicit concurrent mark sweep GC freed 3(96B) AllocSpace objects, 0(0B) LOS objects, 40% free, 23MB/39MB, paused 146us total 13.888ms
08-04 02:58:39.230 27401 27477 I art     : Starting a blocking GC Explicit
08-04 02:58:39.244 27401 27477 I art     : Explicit concurrent mark sweep GC freed 3(96B) AllocSpace objects, 0(0B) LOS objects, 40% free, 23MB/39MB, paused 144us total 13.873ms
08-04 02:58:39.271 27753 27753 D AndroidRuntime: >>>>>> START com.android.internal.os.RuntimeInit uid 2000 <<<<<<
08-04 02:58:39.274 27753 27753 D AndroidRuntime: CheckJNI is OFF
08-04 02:58:39.299 27753 27753 D ICU     : No timezone override file found: /data/misc/zoneinfo/current/icu/icu_tzdata.dat
08-04 02:58:39.324 27753 27753 I Radio-JNI: register_android_hardware_Radio DONE
08-04 02:58:39.341 27753 27753 D AndroidRuntime: Calling main entry com.android.commands.input.Input
08-04 02:58:39.342 27753 27753 I Input   : injectMotionEvent: MotionEvent { action=ACTION_DOWN, actionButton=0, id[0]=0, x[0]=400.0, y[0]=997.0, toolType[0]=TOOL_TYPE_UNKNOWN, buttonState=0, metaState=0, flags=0x0, edgeFlags=0x0, pointerCount=1, historySize=0, eventTime=673135755, downTime=673135755, deviceId=0, source=0x1002 }
08-04 02:58:39.349 27753 27753 I Input   : injectMotionEvent: MotionEvent { action=ACTION_UP, actionButton=0, id[0]=0, x[0]=400.0, y[0]=997.0, toolType[0]=TOOL_TYPE_UNKNOWN, buttonState=0, metaState=0, flags=0x0, edgeFlags=0x0, pointerCount=1, historySize=0, eventTime=673135755, downTime=673135755, deviceId=0, source=0x1002 }
08-04 02:58:39.351 27753 27753 D AndroidRuntime: Shutting down VM
08-04 02:58:39.358   512  2967 D audio_hw_primary: out_set_parameters: enter: usecase(1: low-latency-playback) kvpairs: routing=2
08-04 02:58:39.371   512  2967 D audio_hw_primary: select_devices: out_snd_device(2: speaker) in_snd_device(0: none)
08-04 02:58:39.371   512  2967 D msm8974_platform: platform_send_audio_calibration: sending audio calibration for snd_device(2) acdb_id(15)
08-04 02:58:39.372   512  2967 I soundtrigger: audio_extn_sound_trigger_update_device_status: device 0x2 of type 0 for Event 1
08-04 02:58:39.383   512  2967 D audio_hw_primary: enable_snd_device: snd_device(2: speaker)
08-04 02:58:39.385   512  2967 D audio_hw_primary: enable_audio_route: apply and update mixer path: low-latency-playback speaker
08-04 02:58:39.455 13866 13866 I GoogleInputMethodServic: GoogleInputMethodService.onFinishInput():3138 
08-04 02:58:39.457 13866 13866 I GoogleInputMethodServic: GoogleInputMethodService.onStartInput():1808 
08-04 02:58:39.461 27401 27413 I art     : Starting a blocking GC Explicit
08-04 02:58:39.477 27401 27413 I art     : Explicit concurrent mark sweep GC freed 2925(186KB) AllocSpace objects, 2(40KB) LOS objects, 40% free, 23MB/39MB, paused 136us total 15.365ms
08-04 02:58:39.484 27401 27413 I art     : Starting a blocking GC Explicit
08-04 02:58:39.500 27401 27413 I art     : Explicit concurrent mark sweep GC freed 239(11KB) AllocSpace objects, 0(0B) LOS objects, 40% free, 23MB/39MB, paused 152us total 15.463ms
08-04 02:58:39.506 27401 27413 I art     : Starting a blocking GC Explicit
08-04 02:58:39.522 27401 27413 I art     : Explicit concurrent mark sweep GC freed 3(96B) AllocSpace objects, 0(0B) LOS objects, 40% free, 23MB/39MB, paused 159us total 15.928ms
08-04 02:58:39.529 27401 27413 I art     : Starting a blocking GC Explicit
08-04 02:58:39.545 27401 27413 I art     : Explicit concurrent mark sweep GC freed 3(96B) AllocSpace objects, 0(0B) LOS objects, 40% free, 23MB/39MB, paused 152us total 15.809ms
08-04 02:58:39.552 27401 27413 I art     : Starting a blocking GC Explicit
08-04 02:58:39.568 27401 27413 I art     : Explicit concurrent mark sweep GC freed 3(96B) AllocSpace objects, 0(0B) LOS objects, 40% free, 23MB/39MB, paused 155us total 15.794ms
08-04 02:58:39.787 27401 27477 I art     : Starting a blocking GC Explicit
08-04 02:58:39.804 27401 27477 I art     : Explicit concurrent mark sweep GC freed 1362(80KB) AllocSpace objects, 1(20KB) LOS objects, 40% free, 23MB/39MB, paused 152us total 17.122ms
08-04 02:58:39.811 27401 27477 I art     : Starting a blocking GC Explicit
08-04 02:58:39.829 27401 27477 I art     : Explicit concurrent mark sweep GC freed 23(752B) AllocSpace objects, 0(0B) LOS objects, 40% free, 23MB/39MB, paused 170us total 17.094ms
08-04 02:58:39.835 27401 27477 I art     : Starting a blocking GC Explicit
08-04 02:58:39.851 27401 27477 I art     : Explicit concurrent mark sweep GC freed 3(96B) AllocSpace objects, 0(0B) LOS objects, 40% free, 23MB/39MB, paused 149us total 15.936ms
08-04 02:58:39.858 27401 27477 I art     : Starting a blocking GC Explicit
08-04 02:58:39.874 27401 27477 I art     : Explicit concurrent mark sweep GC freed 3(96B) AllocSpace objects, 0(0B) LOS objects, 40% free, 23MB/39MB, paused 152us total 15.989ms
08-04 02:58:39.881 27401 27477 I art     : Starting a blocking GC Explicit
08-04 02:58:39.896 27401 27477 I art     : Explicit concurrent mark sweep GC freed 3(96B) AllocSpace objects, 0(0B) LOS objects, 40% free, 23MB/39MB, paused 137us total 15.439ms
08-04 02:58:39.914 27786 27786 D AndroidRuntime: >>>>>> START com.android.internal.os.RuntimeInit uid 2000 <<<<<<
08-04 02:58:39.918 27786 27786 D AndroidRuntime: CheckJNI is OFF
08-04 02:58:39.918   512  2967 D audio_hw_primary: disable_audio_route: reset and update mixer path: low-latency-playback speaker
08-04 02:58:39.919   512  2967 D audio_hw_primary: disable_snd_device: snd_device(2: speaker)
08-04 02:58:39.927   512  2967 I soundtrigger: audio_extn_sound_trigger_update_device_status: device 0x2 of type 0 for Event 0
08-04 02:58:39.944 27786 27786 D ICU     : No timezone override file found: /data/misc/zoneinfo/current/icu/icu_tzdata.dat
08-04 02:58:39.969 27786 27786 I Radio-JNI: register_android_hardware_Radio DONE
08-04 02:58:39.985 27786 27786 D AndroidRuntime: Calling main entry com.android.commands.input.Input
08-04 02:58:39.986 27786 27786 I Input   : injectMotionEvent: MotionEvent { action=ACTION_DOWN, actionButton=0, id[0]=0, x[0]=697.0, y[0]=656.0, toolType[0]=TOOL_TYPE_UNKNOWN, buttonState=0, metaState=0, flags=0x0, edgeFlags=0x0, pointerCount=1, historySize=0, eventTime=673136399, downTime=673136399, deviceId=0, source=0x1002 }
08-04 02:58:39.990 27786 27786 I Input   : injectMotionEvent: MotionEvent { action=ACTION_UP, actionButton=0, id[0]=0, x[0]=697.0, y[0]=656.0, toolType[0]=TOOL_TYPE_UNKNOWN, buttonState=0, metaState=0, flags=0x0, edgeFlags=0x0, pointerCount=1, historySize=0, eventTime=673136399, downTime=673136399, deviceId=0, source=0x1002 }
08-04 02:58:39.993 27786 27786 D AndroidRuntime: Shutting down VM
08-04 02:58:40.013   512  2967 D audio_hw_primary: out_set_parameters: enter: usecase(1: low-latency-playback) kvpairs: routing=2
08-04 02:58:40.026   512  2967 D audio_hw_primary: select_devices: out_snd_device(2: speaker) in_snd_device(0: none)
08-04 02:58:40.026   512  2967 D msm8974_platform: platform_send_audio_calibration: sending audio calibration for snd_device(2) acdb_id(15)
08-04 02:58:40.027   512  2967 I soundtrigger: audio_extn_sound_trigger_update_device_status: device 0x2 of type 0 for Event 1
08-04 02:58:40.037   512  2967 D audio_hw_primary: enable_snd_device: snd_device(2: speaker)
08-04 02:58:40.039   512  2967 D audio_hw_primary: enable_audio_route: apply and update mixer path: low-latency-playback speaker
08-04 02:58:40.066 23402 23402 I ServiceManager: Waiting for service AtCmdFwd...
08-04 02:58:40.078 13866 13866 I GoogleInputMethodServic: GoogleInputMethodService.onFinishInput():3138 
08-04 02:58:40.079 13866 13866 I GoogleInputMethodServic: GoogleInputMethodService.onStartInput():1808 
08-04 02:58:40.080   512  2967 D AudioFlinger: mixer(0xf4740000) throttle end: throttle time(12)
08-04 02:58:40.129 27401 27414 I art     : Starting a blocking GC Explicit
08-04 02:58:40.146 27401 27414 I art     : Explicit concurrent mark sweep GC freed 2406(194KB) AllocSpace objects, 1(20KB) LOS objects, 40% free, 23MB/39MB, paused 158us total 17.406ms
08-04 02:58:40.154 27401 27414 I art     : Starting a blocking GC Explicit
08-04 02:58:40.172 27401 27414 I art     : Explicit concurrent mark sweep GC freed 163(7KB) AllocSpace objects, 0(0B) LOS objects, 40% free, 23MB/39MB, paused 141us total 17.775ms
08-04 02:58:40.179 27401 27414 I art     : Starting a blocking GC Explicit
08-04 02:58:40.195 27401 27414 I art     : Explicit concurrent mark sweep GC freed 3(96B) AllocSpace objects, 0(0B) LOS objects, 40% free, 23MB/39MB, paused 160us total 15.811ms
08-04 02:58:40.202 27401 27414 I art     : Starting a blocking GC Explicit
08-04 02:58:40.219 27401 27414 I art     : Explicit concurrent mark sweep GC freed 3(96B) AllocSpace objects, 0(0B) LOS objects, 40% free, 23MB/39MB, paused 153us total 16.765ms
08-04 02:58:40.226 27401 27414 I art     : Starting a blocking GC Explicit
08-04 02:58:40.243 27401 27414 I art     : Explicit concurrent mark sweep GC freed 5(160B) AllocSpace objects, 0(0B) LOS objects, 40% free, 23MB/39MB, paused 150us total 16.826ms
08-04 02:58:40.309 29532 29532 W PathParser: Points are too far apart 4.030360828967057
08-04 02:58:40.309 29532 29532 W PathParser: Points are too far apart 4.030360538880159
08-04 02:58:40.325 29532 29532 W PathParser: Points are too far apart 4.030360828967057
08-04 02:58:40.325 29532 29532 W PathParser: Points are too far apart 4.030360538880159
08-04 02:58:40.343 29532 29532 W PathParser: Points are too far apart 4.030360828967057
08-04 02:58:40.343 29532 29532 W PathParser: Points are too far apart 4.030360538880159
08-04 02:58:40.359 29532 29532 W PathParser: Points are too far apart 4.030360828967057
08-04 02:58:40.359 29532 29532 W PathParser: Points are too far apart 4.030360538880159
08-04 02:58:40.376 29532 29532 W PathParser: Points are too far apart 4.030360828967057
08-04 02:58:40.376 29532 29532 W PathParser: Points are too far apart 4.030360538880159
08-04 02:58:40.393 29532 29532 W PathParser: Points are too far apart 4.030360828967057
08-04 02:58:40.393 29532 29532 W PathParser: Points are too far apart 4.030360538880159
08-04 02:58:40.409 29532 29532 W PathParser: Points are too far apart 4.030360828967057
08-04 02:58:40.409 29532 29532 W PathParser: Points are too far apart 4.030360538880159
08-04 02:58:40.480 27401 27477 I art     : Starting a blocking GC Explicit
08-04 02:58:40.498 27401 27477 I art     : Explicit concurrent mark sweep GC freed 1394(80KB) AllocSpace objects, 1(20KB) LOS objects, 40% free, 23MB/39MB, paused 146us total 17.072ms
08-04 02:58:40.504 27401 27477 I art     : Starting a blocking GC Explicit
08-04 02:58:40.523 27401 27477 I art     : Explicit concurrent mark sweep GC freed 29(944B) AllocSpace objects, 0(0B) LOS objects, 40% free, 23MB/39MB, paused 188us total 18.739ms
08-04 02:58:40.532 27401 27477 I art     : Starting a blocking GC Explicit
08-04 02:58:40.550 27401 27477 I art     : Explicit concurrent mark sweep GC freed 3(96B) AllocSpace objects, 0(0B) LOS objects, 40% free, 23MB/39MB, paused 137us total 18.169ms
08-04 02:58:40.558 27401 27477 I art     : Starting a blocking GC Explicit
08-04 02:58:40.561 27818 27818 D AndroidRuntime: >>>>>> START com.android.internal.os.RuntimeInit uid 2000 <<<<<<
08-04 02:58:40.565 27818 27818 D AndroidRuntime: CheckJNI is OFF
08-04 02:58:40.568   512  2967 D audio_hw_primary: disable_audio_route: reset and update mixer path: low-latency-playback speaker
08-04 02:58:40.570   512  2967 D audio_hw_primary: disable_snd_device: snd_device(2: speaker)
08-04 02:58:40.574 27401 27477 I art     : Explicit concurrent mark sweep GC freed 3(96B) AllocSpace objects, 0(0B) LOS objects, 40% free, 23MB/39MB, paused 155us total 16.069ms
08-04 02:58:40.579   512  2967 I soundtrigger: audio_extn_sound_trigger_update_device_status: device 0x2 of type 0 for Event 0
08-04 02:58:40.582 27401 27477 I art     : Starting a blocking GC Explicit
08-04 02:58:40.594 27818 27818 D ICU     : No timezone override file found: /data/misc/zoneinfo/current/icu/icu_tzdata.dat
08-04 02:58:40.599 27401 27477 I art     : Explicit concurrent mark sweep GC freed 3(96B) AllocSpace objects, 0(0B) LOS objects, 40% free, 23MB/39MB, paused 375us total 16.616ms
08-04 02:58:40.620 27818 27818 I Radio-JNI: register_android_hardware_Radio DONE
08-04 02:58:40.636 27818 27818 D AndroidRuntime: Calling main entry com.android.commands.input.Input
08-04 02:58:40.637 27818 27818 I Input   : injectMotionEvent: MotionEvent { action=ACTION_DOWN, actionButton=0, id[0]=0, x[0]=256.0, y[0]=1589.0, toolType[0]=TOOL_TYPE_UNKNOWN, buttonState=0, metaState=0, flags=0x0, edgeFlags=0x0, pointerCount=1, historySize=0, eventTime=673137050, downTime=673137050, deviceId=0, source=0x1002 }
08-04 02:58:40.641 27818 27818 I Input   : injectMotionEvent: MotionEvent { action=ACTION_UP, actionButton=0, id[0]=0, x[0]=256.0, y[0]=1589.0, toolType[0]=TOOL_TYPE_UNKNOWN, buttonState=0, metaState=0, flags=0x0, edgeFlags=0x0, pointerCount=1, historySize=0, eventTime=673137050, downTime=673137050, deviceId=0, source=0x1002 }
08-04 02:58:40.643 27818 27818 D AndroidRuntime: Shutting down VM
08-04 02:58:40.664   512  2967 D audio_hw_primary: out_set_parameters: enter: usecase(1: low-latency-playback) kvpairs: routing=2
08-04 02:58:40.665 27401 27401 D UserPreferences: timeOfDay: []
08-04 02:58:40.665 27401 27401 D AutoUpdateManager: Restarting update alarm.
08-04 02:58:40.667 27401 27401 D AutoUpdateManager: Automatic update was deactivated
08-04 02:58:40.677   512  2967 D audio_hw_primary: select_devices: out_snd_device(2: speaker) in_snd_device(0: none)
08-04 02:58:40.678   512  2967 D msm8974_platform: platform_send_audio_calibration: sending audio calibration for snd_device(2) acdb_id(15)
08-04 02:58:40.678   512  2967 I soundtrigger: audio_extn_sound_trigger_update_device_status: device 0x2 of type 0 for Event 1
08-04 02:58:40.689 13866 13866 I GoogleInputMethodServic: GoogleInputMethodService.onFinishInput():3138 
08-04 02:58:40.689 13866 13866 I GoogleInputMethodServic: GoogleInputMethodService.onStartInput():1808 
08-04 02:58:40.690   512  2967 D audio_hw_primary: enable_snd_device: snd_device(2: speaker)
08-04 02:58:40.692   512  2967 D audio_hw_primary: enable_audio_route: apply and update mixer path: low-latency-playback speaker
08-04 02:58:40.709 29532 29532 W PathParser: Points are too far apart 4.030360828967057
08-04 02:58:40.709 29532 29532 W PathParser: Points are too far apart 4.030360538880159
08-04 02:58:40.726 29532 29532 W PathParser: Points are too far apart 4.030360828967057
08-04 02:58:40.726 29532 29532 W PathParser: Points are too far apart 4.030360538880159
08-04 02:58:40.733   512  2967 D AudioFlinger: mixer(0xf4740000) throttle end: throttle time(12)
08-04 02:58:40.743 29532 29532 W PathParser: Points are too far apart 4.030360828967057
08-04 02:58:40.743 29532 29532 W PathParser: Points are too far apart 4.030360538880159
08-04 02:58:40.764 29532 29532 W PathParser: Points are too far apart 4.030360828967057
08-04 02:58:40.764 29532 29532 W PathParser: Points are too far apart 4.030360538880159
08-04 02:58:40.775 29532 29532 W PathParser: Points are too far apart 4.030360828967057
08-04 02:58:40.776 29532 29532 W PathParser: Points are too far apart 4.030360538880159
08-04 02:58:40.792 29532 29532 W PathParser: Points are too far apart 4.030360828967057
08-04 02:58:40.792 29532 29532 W PathParser: Points are too far apart 4.030360538880159
08-04 02:58:40.809 29532 29532 W PathParser: Points are too far apart 4.030360828967057
08-04 02:58:40.809 29532 29532 W PathParser: Points are too far apart 4.030360538880159
08-04 02:58:40.826 29532 29532 W PathParser: Points are too far apart 4.030360828967057
08-04 02:58:40.826 29532 29532 W PathParser: Points are too far apart 4.030360538880159
08-04 02:58:40.829 27401 27413 I art     : Starting a blocking GC Explicit
08-04 02:58:40.845 27401 27413 I art     : Explicit concurrent mark sweep GC freed 1690(107KB) AllocSpace objects, 2(40KB) LOS objects, 40% free, 23MB/39MB, paused 134us total 16.441ms
08-04 02:58:40.852 27401 27413 I art     : Starting a blocking GC Explicit
08-04 02:58:40.867 27401 27413 I art     : Explicit concurrent mark sweep GC freed 60(2176B) AllocSpace objects, 0(0B) LOS objects, 40% free, 23MB/39MB, paused 134us total 15.748ms
08-04 02:58:40.874 27401 27413 I art     : Starting a blocking GC Explicit
08-04 02:58:40.875   380   380 W SurfaceFlinger: couldn't log to binary event log: overflow.
08-04 02:58:40.891 27401 27413 I art     : Explicit concurrent mark sweep GC freed 3(96B) AllocSpace objects, 0(0B) LOS objects, 40% free, 23MB/39MB, paused 195us total 15.845ms
08-04 02:58:40.898 27401 27413 I art     : Starting a blocking GC Explicit
08-04 02:58:40.913 27401 27413 I art     : Explicit concurrent mark sweep GC freed 4(192B) AllocSpace objects, 0(0B) LOS objects, 40% free, 23MB/39MB, paused 142us total 15.614ms
08-04 02:58:40.919 27401 27413 I art     : Starting a blocking GC Explicit
08-04 02:58:40.934 27401 27413 I art     : Explicit concurrent mark sweep GC freed 5(160B) AllocSpace objects, 0(0B) LOS objects, 40% free, 23MB/39MB, paused 144us total 14.390ms
08-04 02:58:41.066 23402 23402 I ServiceManager: Waiting for service AtCmdFwd...
08-04 02:58:41.164 27401 27477 I art     : Starting a blocking GC Explicit
08-04 02:58:41.180 27401 27477 I art     : Explicit concurrent mark sweep GC freed 1760(94KB) AllocSpace objects, 1(20KB) LOS objects, 40% free, 23MB/39MB, paused 134us total 15.702ms
08-04 02:58:41.187 27850 27850 D AndroidRuntime: >>>>>> START com.android.internal.os.RuntimeInit uid 2000 <<<<<<
08-04 02:58:41.187 27401 27477 I art     : Starting a blocking GC Explicit
08-04 02:58:41.190 27850 27850 D AndroidRuntime: CheckJNI is OFF
08-04 02:58:41.203 27401 27477 I art     : Explicit concurrent mark sweep GC freed 56(1808B) AllocSpace objects, 0(0B) LOS objects, 40% free, 23MB/39MB, paused 147us total 15.295ms
08-04 02:58:41.208 27401 27477 I art     : Starting a blocking GC Explicit
08-04 02:58:41.219 27850 27850 D ICU     : No timezone override file found: /data/misc/zoneinfo/current/icu/icu_tzdata.dat
08-04 02:58:41.219   512  2967 D audio_hw_primary: disable_audio_route: reset and update mixer path: low-latency-playback speaker
08-04 02:58:41.221   512  2967 D audio_hw_primary: disable_snd_device: snd_device(2: speaker)
08-04 02:58:41.225 27401 27477 I art     : Explicit concurrent mark sweep GC freed 35(1120B) AllocSpace objects, 0(0B) LOS objects, 40% free, 23MB/39MB, paused 179us total 16.203ms
08-04 02:58:41.229   512  2967 I soundtrigger: audio_extn_sound_trigger_update_device_status: device 0x2 of type 0 for Event 0
08-04 02:58:41.232 27401 27477 I art     : Starting a blocking GC Explicit
08-04 02:58:41.244 27850 27850 I Radio-JNI: register_android_hardware_Radio DONE
08-04 02:58:41.247 27401 27477 I art     : Explicit concurrent mark sweep GC freed 64(2048B) AllocSpace objects, 0(0B) LOS objects, 40% free, 23MB/39MB, paused 166us total 14.532ms
08-04 02:58:41.254 27401 27477 I art     : Starting a blocking GC Explicit
08-04 02:58:41.262 27850 27850 D AndroidRuntime: Calling main entry com.android.commands.input.Input
08-04 02:58:41.263 27850 27850 I Input   : injectKeyEvent: KeyEvent { action=ACTION_DOWN, keyCode=KEYCODE_BACK, scanCode=0, metaState=0, flags=0x0, repeatCount=0, eventTime=673137676, downTime=673137676, deviceId=-1, source=0x101 }
08-04 02:58:41.268 27850 27850 I Input   : injectKeyEvent: KeyEvent { action=ACTION_UP, keyCode=KEYCODE_BACK, scanCode=0, metaState=0, flags=0x0, repeatCount=0, eventTime=673137676, downTime=673137676, deviceId=-1, source=0x101 }
08-04 02:58:41.270 27401 27477 I art     : Explicit concurrent mark sweep GC freed 23(1056B) AllocSpace objects, 0(0B) LOS objects, 40% free, 23MB/39MB, paused 180us total 15.909ms
08-04 02:58:41.274 27850 27850 D AndroidRuntime: Shutting down VM
08-04 02:58:41.313 13866 13866 I GoogleInputMethodServic: GoogleInputMethodService.onFinishInput():3138 
08-04 02:58:41.313 13866 13866 I GoogleInputMethodServic: GoogleInputMethodService.onStartInput():1808 
08-04 02:58:41.526 27401 27477 I art     : Starting a blocking GC Explicit
08-04 02:58:41.549 27401 27477 I art     : Explicit concurrent mark sweep GC freed 2662(138KB) AllocSpace objects, 1(20KB) LOS objects, 39% free, 24MB/40MB, paused 177us total 22.295ms
08-04 02:58:41.557   518   646 I ThermalEngine: ACTION: GPU - Setting GPU[0] to 510000000
08-04 02:58:41.558 27401 27477 I art     : Starting a blocking GC Explicit
08-04 02:58:41.574 27401 27477 I art     : Explicit concurrent mark sweep GC freed 4922(289KB) AllocSpace objects, 0(0B) LOS objects, 40% free, 23MB/39MB, paused 184us total 16.263ms
08-04 02:58:41.581 27401 27477 I art     : Starting a blocking GC Explicit
08-04 02:58:41.597 27401 27477 I art     : Explicit concurrent mark sweep GC freed 3501(243KB) AllocSpace objects, 0(0B) LOS objects, 40% free, 23MB/39MB, paused 165us total 16.238ms
08-04 02:58:41.604 27401 27477 I art     : Starting a blocking GC Explicit
08-04 02:58:41.620 27401 27477 I art     : Explicit concurrent mark sweep GC freed 3(96B) AllocSpace objects, 0(0B) LOS objects, 40% free, 23MB/39MB, paused 156us total 15.820ms
08-04 02:58:41.627 27401 27477 I art     : Starting a blocking GC Explicit
08-04 02:58:41.643 27401 27477 I art     : Explicit concurrent mark sweep GC freed 104(5KB) AllocSpace objects, 0(0B) LOS objects, 40% free, 23MB/39MB, paused 167us total 15.907ms
08-04 02:58:41.912 27401 27413 I art     : Starting a blocking GC Explicit
08-04 02:58:41.931 27401 27413 I art     : Explicit concurrent mark sweep GC freed 2230(135KB) AllocSpace objects, 2(68KB) LOS objects, 40% free, 23MB/39MB, paused 183us total 18.517ms
08-04 02:58:41.942 27401 27413 I art     : Starting a blocking GC Explicit
08-04 02:58:41.960 27401 27413 I art     : Explicit concurrent mark sweep GC freed 23(752B) AllocSpace objects, 0(0B) LOS objects, 40% free, 23MB/39MB, paused 152us total 17.995ms
08-04 02:58:41.967 27401 27413 I art     : Starting a blocking GC Explicit
08-04 02:58:41.982 27401 27413 I art     : Explicit concurrent mark sweep GC freed 3(96B) AllocSpace objects, 0(0B) LOS objects, 40% free, 23MB/39MB, paused 150us total 15.565ms
08-04 02:58:41.989 27401 27413 I art     : Starting a blocking GC Explicit
08-04 02:58:42.005 27401 27413 I art     : Explicit concurrent mark sweep GC freed 3(96B) AllocSpace objects, 0(0B) LOS objects, 40% free, 23MB/39MB, paused 146us total 15.047ms
08-04 02:58:42.011 27401 27413 I art     : Starting a blocking GC Explicit
08-04 02:58:42.026 27401 27413 I art     : Explicit concurrent mark sweep GC freed 3(96B) AllocSpace objects, 0(0B) LOS objects, 40% free, 23MB/39MB, paused 144us total 14.518ms
08-04 02:58:42.067 23402 23402 W Atfwd_Sendcmd: AtCmdFwd service not published, waiting... retryCnt : 4
08-04 02:58:42.302 27401 27414 I art     : Starting a blocking GC Explicit
08-04 02:58:42.329 27401 27414 I art     : Explicit concurrent mark sweep GC freed 1364(80KB) AllocSpace objects, 1(20KB) LOS objects, 40% free, 23MB/39MB, paused 192us total 26.710ms
08-04 02:58:42.340 27401 27414 I art     : Starting a blocking GC Explicit
08-04 02:58:42.359 27401 27414 I art     : Explicit concurrent mark sweep GC freed 23(752B) AllocSpace objects, 0(0B) LOS objects, 40% free, 23MB/39MB, paused 158us total 18.500ms
08-04 02:58:42.365 27401 27414 I art     : Starting a blocking GC Explicit
08-04 02:58:42.381 27401 27414 I art     : Explicit concurrent mark sweep GC freed 3(96B) AllocSpace objects, 0(0B) LOS objects, 40% free, 23MB/39MB, paused 147us total 15.153ms
08-04 02:58:42.387 27401 27414 I art     : Starting a blocking GC Explicit
08-04 02:58:42.403 27401 27414 I art     : Explicit concurrent mark sweep GC freed 3(96B) AllocSpace objects, 0(0B) LOS objects, 40% free, 23MB/39MB, paused 154us total 15.006ms
08-04 02:58:42.409 27401 27414 I art     : Starting a blocking GC Explicit
08-04 02:58:42.424 27401 27414 I art     : Explicit concurrent mark sweep GC freed 3(96B) AllocSpace objects, 0(0B) LOS objects, 40% free, 23MB/39MB, paused 139us total 14.648ms
08-04 02:58:42.669 27401 27477 I art     : Starting a blocking GC Explicit
08-04 02:58:42.688 27401 27477 I art     : Explicit concurrent mark sweep GC freed 1391(80KB) AllocSpace objects, 1(20KB) LOS objects, 40% free, 23MB/39MB, paused 211us total 19.222ms
08-04 02:58:42.697 27401 27477 I art     : Starting a blocking GC Explicit
08-04 02:58:42.715 27401 27477 I art     : Explicit concurrent mark sweep GC freed 23(752B) AllocSpace objects, 0(0B) LOS objects, 40% free, 23MB/39MB, paused 192us total 17.681ms
08-04 02:58:42.722 27401 27477 I art     : Starting a blocking GC Explicit
08-04 02:58:42.739 27401 27477 I art     : Explicit concurrent mark sweep GC freed 3(96B) AllocSpace objects, 0(0B) LOS objects, 40% free, 23MB/39MB, paused 191us total 16.902ms
08-04 02:58:42.747 27401 27477 I art     : Starting a blocking GC Explicit
08-04 02:58:42.765 27401 27477 I art     : Explicit concurrent mark sweep GC freed 3(96B) AllocSpace objects, 0(0B) LOS objects, 40% free, 23MB/39MB, paused 190us total 18.428ms
08-04 02:58:42.773 27401 27477 I art     : Starting a blocking GC Explicit
08-04 02:58:42.791 27401 27477 I art     : Explicit concurrent mark sweep GC freed 3(96B) AllocSpace objects, 0(0B) LOS objects, 40% free, 23MB/39MB, paused 181us total 17.379ms
08-04 02:58:42.925 27902 27902 D AndroidRuntime: >>>>>> START com.android.internal.os.RuntimeInit uid 2000 <<<<<<
08-04 02:58:42.929 27902 27902 D AndroidRuntime: CheckJNI is OFF
08-04 02:58:42.959 27902 27902 D ICU     : No timezone override file found: /data/misc/zoneinfo/current/icu/icu_tzdata.dat
08-04 02:58:42.991 27902 27902 I Radio-JNI: register_android_hardware_Radio DONE
08-04 02:58:43.011 27902 27902 D AndroidRuntime: Calling main entry com.android.commands.input.Input
08-04 02:58:43.013 27902 27902 I Input   : injectKeyEvent: KeyEvent { action=ACTION_DOWN, keyCode=KEYCODE_BACK, scanCode=0, metaState=0, flags=0x0, repeatCount=0, eventTime=673139426, downTime=673139426, deviceId=-1, source=0x101 }
08-04 02:58:43.017 27902 27902 I Input   : injectKeyEvent: KeyEvent { action=ACTION_UP, keyCode=KEYCODE_BACK, scanCode=0, metaState=0, flags=0x0, repeatCount=0, eventTime=673139426, downTime=673139426, deviceId=-1, source=0x101 }
08-04 02:58:43.023 27902 27902 D AndroidRuntime: Shutting down VM
08-04 02:58:43.048 27401 27401 D QueueFragment: loadItems()
08-04 02:58:43.049 27401 27427 D DBReader: getQueue() called
08-04 02:58:43.049 27401 27427 D DBReader: getQueue()
08-04 02:58:43.049 27401 27401 V PlaybackController: initServiceNotRunning()
08-04 02:58:43.049 27401 27401 D ExternalPlayerFragment: Loading media info
08-04 02:58:43.050 27401 27427 D DBReader: getFavoriteIDList() called
08-04 02:58:43.050 27401 27401 D UserPreferences: Using default data folder
08-04 02:58:43.050 27401 27427 D DBReader: getQueueIDList() called
08-04 02:58:43.051 27401 27477 I art     : Starting a blocking GC Explicit
08-04 02:58:43.051 27401 27421 D DBReader: getNavDrawerData() called with: 
08-04 02:58:43.051 27401 27427 D DBReader: Extracting Feedlist
08-04 02:58:43.054 27401 27421 D DBReader: getDownloadedItems() called
08-04 02:58:43.054 27401 27421 D DBReader: getFavoriteIDList() called
08-04 02:58:43.054 27401 27421 D DBReader: getQueueIDList() called
08-04 02:58:43.055 27401 27421 D DBReader: Extracting Feedlist
08-04 02:58:43.070 27401 27477 I art     : Explicit concurrent mark sweep GC freed 2642(162KB) AllocSpace objects, 1(20KB) LOS objects, 40% free, 23MB/39MB, paused 387us total 18.983ms
08-04 02:58:43.077 27401 27477 I art     : Starting a blocking GC Explicit
08-04 02:58:43.095 27401 27477 I art     : Explicit concurrent mark sweep GC freed 562(27KB) AllocSpace objects, 0(0B) LOS objects, 40% free, 23MB/39MB, paused 211us total 17.222ms
08-04 02:58:43.100 27401 27401 D MainActivity: getLastNavFragment() -> QueueFragment
08-04 02:58:43.103 27401 27477 I art     : Starting a blocking GC Explicit
08-04 02:58:43.121 27401 27477 I art     : Explicit concurrent mark sweep GC freed 1106(64KB) AllocSpace objects, 0(0B) LOS objects, 40% free, 23MB/39MB, paused 438us total 18.551ms
08-04 02:58:43.131 27401 27477 I art     : Starting a blocking GC Explicit
08-04 02:58:43.139 13866 13866 I GoogleInputMethodServic: GoogleInputMethodService.onFinishInput():3138 
08-04 02:58:43.139 13866 13866 I GoogleInputMethodServic: GoogleInputMethodService.onStartInput():1808 
08-04 02:58:43.149 27401 27477 I art     : Explicit concurrent mark sweep GC freed 803(46KB) AllocSpace objects, 0(0B) LOS objects, 40% free, 23MB/39MB, paused 325us total 17.518ms
08-04 02:58:43.157 27401 27477 I art     : Starting a blocking GC Explicit
08-04 02:58:43.176 27401 27477 I art     : Explicit concurrent mark sweep GC freed 155(5KB) AllocSpace objects, 0(0B) LOS objects, 40% free, 23MB/39MB, paused 216us total 18.551ms
08-04 02:58:43.411   380   380 W SurfaceFlinger: couldn't log to binary event log: overflow.
08-04 02:58:43.429 27401 27937 I art     : Starting a blocking GC Explicit
08-04 02:58:43.449 27401 27937 I art     : Explicit concurrent mark sweep GC freed 1908(105KB) AllocSpace objects, 1(20KB) LOS objects, 40% free, 23MB/39MB, paused 217us total 19.545ms
08-04 02:58:43.457 27401 27937 I art     : Starting a blocking GC Explicit
08-04 02:58:43.473 27401 27937 I art     : Explicit concurrent mark sweep GC freed 6241(390KB) AllocSpace objects, 11(308KB) LOS objects, 40% free, 22MB/38MB, paused 217us total 15.836ms
08-04 02:58:43.480 27401 27937 I art     : Starting a blocking GC Explicit
08-04 02:58:43.497 27401 27937 I art     : Explicit concurrent mark sweep GC freed 38(1168B) AllocSpace objects, 0(0B) LOS objects, 40% free, 22MB/38MB, paused 232us total 16.565ms
08-04 02:58:43.505 27401 27937 I art     : Starting a blocking GC Explicit
08-04 02:58:43.522 27401 27937 I art     : Explicit concurrent mark sweep GC freed 3(96B) AllocSpace objects, 0(0B) LOS objects, 40% free, 22MB/38MB, paused 215us total 16.576ms
08-04 02:58:43.530 27401 27937 I art     : Starting a blocking GC Explicit
08-04 02:58:43.547 27401 27937 I art     : Explicit concurrent mark sweep GC freed 3(96B) AllocSpace objects, 0(0B) LOS objects, 40% free, 22MB/38MB, paused 285us total 16.859ms
08-04 02:58:43.824 27401 27414 I art     : Starting a blocking GC Explicit
08-04 02:58:43.845 27401 27414 I art     : Explicit concurrent mark sweep GC freed 1366(82KB) AllocSpace objects, 1(20KB) LOS objects, 40% free, 22MB/38MB, paused 251us total 21.106ms
08-04 02:58:43.856 27401 27414 I art     : Starting a blocking GC Explicit
08-04 02:58:43.874 27401 27414 I art     : Explicit concurrent mark sweep GC freed 23(752B) AllocSpace objects, 0(0B) LOS objects, 40% free, 22MB/38MB, paused 222us total 17.382ms
08-04 02:58:43.882 27401 27414 I art     : Starting a blocking GC Explicit
08-04 02:58:43.899 27401 27414 I art     : Explicit concurrent mark sweep GC freed 3(96B) AllocSpace objects, 0(0B) LOS objects, 40% free, 22MB/38MB, paused 227us total 17.355ms
08-04 02:58:43.908 27401 27414 I art     : Starting a blocking GC Explicit
08-04 02:58:43.925 27401 27414 I art     : Explicit concurrent mark sweep GC freed 3(96B) AllocSpace objects, 0(0B) LOS objects, 40% free, 22MB/38MB, paused 232us total 16.834ms
08-04 02:58:43.933 27401 27414 I art     : Starting a blocking GC Explicit
08-04 02:58:43.950 27401 27414 I art     : Explicit concurrent mark sweep GC freed 3(96B) AllocSpace objects, 0(0B) LOS objects, 40% free, 22MB/38MB, paused 226us total 17.076ms
08-04 02:58:44.230 27401 27413 I art     : Starting a blocking GC Explicit
08-04 02:58:44.254 27401 27413 I art     : Explicit concurrent mark sweep GC freed 1363(80KB) AllocSpace objects, 1(20KB) LOS objects, 40% free, 22MB/38MB, paused 216us total 23.511ms
08-04 02:58:44.262 27401 27413 I art     : Starting a blocking GC Explicit
08-04 02:58:44.279 27401 27413 I art     : Explicit concurrent mark sweep GC freed 23(752B) AllocSpace objects, 0(0B) LOS objects, 40% free, 22MB/38MB, paused 263us total 16.586ms
08-04 02:58:44.288 27401 27413 I art     : Starting a blocking GC Explicit
08-04 02:58:44.304 27401 27413 I art     : Explicit concurrent mark sweep GC freed 3(96B) AllocSpace objects, 0(0B) LOS objects, 40% free, 22MB/38MB, paused 240us total 15.596ms
08-04 02:58:44.311 27401 27413 I art     : Starting a blocking GC Explicit
08-04 02:58:44.328 27401 27413 I art     : Explicit concurrent mark sweep GC freed 3(96B) AllocSpace objects, 0(0B) LOS objects, 40% free, 22MB/38MB, paused 465us total 16.200ms
08-04 02:58:44.335 27401 27413 I art     : Starting a blocking GC Explicit
08-04 02:58:44.351 27401 27413 I art     : Explicit concurrent mark sweep GC freed 3(96B) AllocSpace objects, 0(0B) LOS objects, 40% free, 22MB/38MB, paused 217us total 15.693ms
08-04 02:58:44.609 27401 27477 I art     : Starting a blocking GC Explicit
08-04 02:58:44.627 27401 27477 I art     : Explicit concurrent mark sweep GC freed 1391(81KB) AllocSpace objects, 1(20KB) LOS objects, 40% free, 22MB/38MB, paused 236us total 17.338ms
08-04 02:58:44.635 27401 27477 I art     : Starting a blocking GC Explicit
08-04 02:58:44.652 27401 27477 I art     : Explicit concurrent mark sweep GC freed 23(752B) AllocSpace objects, 0(0B) LOS objects, 40% free, 22MB/38MB, paused 225us total 16.789ms
08-04 02:58:44.660 27401 27477 I art     : Starting a blocking GC Explicit
08-04 02:58:44.674 27968 27968 D AndroidRuntime: >>>>>> START com.android.internal.os.RuntimeInit uid 2000 <<<<<<
08-04 02:58:44.677 27401 27477 I art     : Explicit concurrent mark sweep GC freed 3(96B) AllocSpace objects, 0(0B) LOS objects, 40% free, 22MB/38MB, paused 226us total 17.358ms
08-04 02:58:44.680 27968 27968 D AndroidRuntime: CheckJNI is OFF
08-04 02:58:44.686 27401 27477 I art     : Starting a blocking GC Explicit
08-04 02:58:44.702 27401 27477 I art     : Explicit concurrent mark sweep GC freed 4(160B) AllocSpace objects, 0(0B) LOS objects, 40% free, 22MB/38MB, paused 217us total 16.033ms
08-04 02:58:44.710 27401 27477 I art     : Starting a blocking GC Explicit
08-04 02:58:44.717 27968 27968 D ICU     : No timezone override file found: /data/misc/zoneinfo/current/icu/icu_tzdata.dat
08-04 02:58:44.725 27401 27477 I art     : Explicit concurrent mark sweep GC freed 3(96B) AllocSpace objects, 0(0B) LOS objects, 40% free, 22MB/38MB, paused 221us total 15.317ms
08-04 02:58:44.750 27968 27968 I Radio-JNI: register_android_hardware_Radio DONE
08-04 02:58:44.771 27968 27968 D AndroidRuntime: Calling main entry com.android.commands.input.Input
08-04 02:58:44.773 27968 27968 I Input   : injectMotionEvent: MotionEvent { action=ACTION_DOWN, actionButton=0, id[0]=0, x[0]=103.0, y[0]=192.0, toolType[0]=TOOL_TYPE_UNKNOWN, buttonState=0, metaState=0, flags=0x0, edgeFlags=0x0, pointerCount=1, historySize=0, eventTime=673141185, downTime=673141185, deviceId=0, source=0x1002 }
08-04 02:58:44.779 27968 27968 I Input   : injectMotionEvent: MotionEvent { action=ACTION_UP, actionButton=0, id[0]=0, x[0]=103.0, y[0]=192.0, toolType[0]=TOOL_TYPE_UNKNOWN, buttonState=0, metaState=0, flags=0x0, edgeFlags=0x0, pointerCount=1, historySize=0, eventTime=673141185, downTime=673141185, deviceId=0, source=0x1002 }
08-04 02:58:44.781 27968 27968 D AndroidRuntime: Shutting down VM
08-04 02:58:44.799   512  2967 D audio_hw_primary: out_set_parameters: enter: usecase(1: low-latency-playback) kvpairs: routing=2
08-04 02:58:44.812   512  2967 D audio_hw_primary: select_devices: out_snd_device(2: speaker) in_snd_device(0: none)
08-04 02:58:44.812   512  2967 D msm8974_platform: platform_send_audio_calibration: sending audio calibration for snd_device(2) acdb_id(15)
08-04 02:58:44.812   512  2967 I soundtrigger: audio_extn_sound_trigger_update_device_status: device 0x2 of type 0 for Event 1
08-04 02:58:44.823   512  2967 D audio_hw_primary: enable_snd_device: snd_device(2: speaker)
08-04 02:58:44.825   512  2967 D audio_hw_primary: enable_audio_route: apply and update mixer path: low-latency-playback speaker
08-04 02:58:44.837 13866 13866 I GoogleInputMethodServic: GoogleInputMethodService.onFinishInput():3138 
08-04 02:58:44.838 13866 13866 I GoogleInputMethodServic: GoogleInputMethodService.onStartInput():1808 
08-04 02:58:44.901   918  3188 I hubconnection: sensorhub said: 'set_bias 3: -6.2400, 0.0000, 0.0000'
08-04 02:58:44.965 27401 27413 I art     : Starting a blocking GC Explicit
08-04 02:58:44.983 27401 27413 I art     : Explicit concurrent mark sweep GC freed 1855(104KB) AllocSpace objects, 1(20KB) LOS objects, 40% free, 22MB/38MB, paused 200us total 17.337ms
08-04 02:58:44.993 27401 27413 I art     : Starting a blocking GC Explicit
08-04 02:58:45.011 27401 27413 I art     : Explicit concurrent mark sweep GC freed 37(1552B) AllocSpace objects, 0(0B) LOS objects, 40% free, 22MB/38MB, paused 220us total 17.887ms
08-04 02:58:45.020 27401 27413 I art     : Starting a blocking GC Explicit
08-04 02:58:45.036 27401 27413 I art     : Explicit concurrent mark sweep GC freed 3(96B) AllocSpace objects, 0(0B) LOS objects, 40% free, 22MB/38MB, paused 229us total 16.187ms
08-04 02:58:45.044 27401 27413 I art     : Starting a blocking GC Explicit
08-04 02:58:45.060 27401 27413 I art     : Explicit concurrent mark sweep GC freed 3(96B) AllocSpace objects, 0(0B) LOS objects, 40% free, 22MB/38MB, paused 214us total 15.559ms
08-04 02:58:45.067 27401 27413 I art     : Starting a blocking GC Explicit
08-04 02:58:45.083 27401 27413 I art     : Explicit concurrent mark sweep GC freed 3(96B) AllocSpace objects, 0(0B) LOS objects, 40% free, 22MB/38MB, paused 186us total 15.414ms
08-04 02:58:45.359   512  2967 D audio_hw_primary: disable_audio_route: reset and update mixer path: low-latency-playback speaker
08-04 02:58:45.360   512  2967 D audio_hw_primary: disable_snd_device: snd_device(2: speaker)
08-04 02:58:45.364 27401 27477 I art     : Starting a blocking GC Explicit
08-04 02:58:45.371   512  2967 I soundtrigger: audio_extn_sound_trigger_update_device_status: device 0x2 of type 0 for Event 0
08-04 02:58:45.386 27401 27477 I art     : Explicit concurrent mark sweep GC freed 1367(81KB) AllocSpace objects, 1(20KB) LOS objects, 40% free, 22MB/38MB, paused 245us total 22.341ms
08-04 02:58:45.395 27401 27477 I art     : Starting a blocking GC Explicit
08-04 02:58:45.412 27401 27477 I art     : Explicit concurrent mark sweep GC freed 31(1008B) AllocSpace objects, 0(0B) LOS objects, 40% free, 22MB/38MB, paused 214us total 16.766ms
08-04 02:58:45.420 27401 27477 I art     : Starting a blocking GC Explicit
08-04 02:58:45.437 27401 27477 I art     : Explicit concurrent mark sweep GC freed 3(96B) AllocSpace objects, 0(0B) LOS objects, 40% free, 22MB/38MB, paused 323us total 16.122ms
08-04 02:58:45.445 27401 27477 I art     : Starting a blocking GC Explicit
08-04 02:58:45.461 27401 27477 I art     : Explicit concurrent mark sweep GC freed 3(96B) AllocSpace objects, 0(0B) LOS objects, 40% free, 22MB/38MB, paused 211us total 16.325ms
08-04 02:58:45.469 27401 27477 I art     : Starting a blocking GC Explicit
08-04 02:58:45.486 27401 27477 I art     : Explicit concurrent mark sweep GC freed 32(880B) AllocSpace objects, 0(0B) LOS objects, 40% free, 22MB/38MB, paused 244us total 16.671ms
08-04 02:58:45.778 27401 27937 I art     : Starting a blocking GC Explicit
08-04 02:58:45.800 27401 27937 I art     : Explicit concurrent mark sweep GC freed 1364(82KB) AllocSpace objects, 1(20KB) LOS objects, 40% free, 22MB/38MB, paused 234us total 21.521ms
08-04 02:58:45.811 27401 27937 I art     : Starting a blocking GC Explicit
08-04 02:58:45.831 27401 27937 I art     : Explicit concurrent mark sweep GC freed 23(752B) AllocSpace objects, 0(0B) LOS objects, 40% free, 22MB/38MB, paused 226us total 19.359ms
08-04 02:58:45.839 27401 27937 I art     : Starting a blocking GC Explicit
08-04 02:58:45.857 27401 27937 I art     : Explicit concurrent mark sweep GC freed 3(96B) AllocSpace objects, 0(0B) LOS objects, 40% free, 22MB/38MB, paused 243us total 17.394ms
08-04 02:58:45.865 27401 27937 I art     : Starting a blocking GC Explicit
08-04 02:58:45.882 27401 27937 I art     : Explicit concurrent mark sweep GC freed 3(96B) AllocSpace objects, 0(0B) LOS objects, 40% free, 22MB/38MB, paused 212us total 16.586ms
08-04 02:58:45.890 27401 27937 I art     : Starting a blocking GC Explicit
08-04 02:58:45.907 27401 27937 I art     : Explicit concurrent mark sweep GC freed 3(96B) AllocSpace objects, 0(0B) LOS objects, 40% free, 22MB/38MB, paused 213us total 16.591ms
08-04 02:58:46.160 27401 27413 I art     : Starting a blocking GC Explicit
08-04 02:58:46.177 27401 27413 I art     : Explicit concurrent mark sweep GC freed 1361(80KB) AllocSpace objects, 1(20KB) LOS objects, 40% free, 22MB/38MB, paused 246us total 17.294ms
08-04 02:58:46.185 27401 27413 I art     : Starting a blocking GC Explicit
08-04 02:58:46.202 27401 27413 I art     : Explicit concurrent mark sweep GC freed 23(752B) AllocSpace objects, 0(0B) LOS objects, 40% free, 22MB/38MB, paused 220us total 16.643ms
08-04 02:58:46.210 27401 27413 I art     : Starting a blocking GC Explicit
08-04 02:58:46.227 27401 27413 I art     : Explicit concurrent mark sweep GC freed 3(96B) AllocSpace objects, 0(0B) LOS objects, 40% free, 22MB/38MB, paused 250us total 16.581ms
08-04 02:58:46.235 27401 27413 I art     : Starting a blocking GC Explicit
08-04 02:58:46.252 27401 27413 I art     : Explicit concurrent mark sweep GC freed 3(96B) AllocSpace objects, 0(0B) LOS objects, 40% free, 22MB/38MB, paused 215us total 16.870ms
08-04 02:58:46.260 27401 27413 I art     : Starting a blocking GC Explicit
08-04 02:58:46.276 27401 27413 I art     : Explicit concurrent mark sweep GC freed 3(96B) AllocSpace objects, 0(0B) LOS objects, 40% free, 22MB/38MB, paused 224us total 16.064ms
08-04 02:58:46.453 28021 28021 D AndroidRuntime: >>>>>> START com.android.internal.os.RuntimeInit uid 2000 <<<<<<
08-04 02:58:46.459 28021 28021 D AndroidRuntime: CheckJNI is OFF
08-04 02:58:46.491 28021 28021 D ICU     : No timezone override file found: /data/misc/zoneinfo/current/icu/icu_tzdata.dat
08-04 02:58:46.522 28021 28021 I Radio-JNI: register_android_hardware_Radio DONE
08-04 02:58:46.541 27401 27413 I art     : Starting a blocking GC Explicit
08-04 02:58:46.544 28021 28021 D AndroidRuntime: Calling main entry com.android.commands.input.Input
08-04 02:58:46.546 28021 28021 I Input   : injectMotionEvent: MotionEvent { action=ACTION_DOWN, actionButton=0, id[0]=0, x[0]=409.0, y[0]=1034.0, toolType[0]=TOOL_TYPE_UNKNOWN, buttonState=0, metaState=0, flags=0x0, edgeFlags=0x0, pointerCount=1, historySize=0, eventTime=673142959, downTime=673142959, deviceId=0, source=0x1002 }
08-04 02:58:46.550 28021 28021 I Input   : injectMotionEvent: MotionEvent { action=ACTION_UP, actionButton=0, id[0]=0, x[0]=409.0, y[0]=1034.0, toolType[0]=TOOL_TYPE_UNKNOWN, buttonState=0, metaState=0, flags=0x0, edgeFlags=0x0, pointerCount=1, historySize=0, eventTime=673142959, downTime=673142959, deviceId=0, source=0x1002 }
08-04 02:58:46.552 28021 28021 D AndroidRuntime: Shutting down VM
08-04 02:58:46.557 27401 27413 I art     : Explicit concurrent mark sweep GC freed 1422(81KB) AllocSpace objects, 1(20KB) LOS objects, 40% free, 22MB/38MB, paused 270us total 15.747ms
08-04 02:58:46.565 27401 27413 I art     : Starting a blocking GC Explicit
08-04 02:58:46.582 27401 27413 I art     : Explicit concurrent mark sweep GC freed 31(1040B) AllocSpace objects, 0(0B) LOS objects, 40% free, 22MB/38MB, paused 288us total 16.997ms
08-04 02:58:46.590 27401 27413 I art     : Starting a blocking GC Explicit
08-04 02:58:46.606 27401 27413 I art     : Explicit concurrent mark sweep GC freed 10(320B) AllocSpace objects, 0(0B) LOS objects, 40% free, 22MB/38MB, paused 232us total 15.410ms
08-04 02:58:46.613 27401 27413 I art     : Starting a blocking GC Explicit
08-04 02:58:46.629 27401 27413 I art     : Explicit concurrent mark sweep GC freed 7(224B) AllocSpace objects, 0(0B) LOS objects, 40% free, 22MB/38MB, paused 205us total 15.470ms
08-04 02:58:46.632 27401 27401 D MainActivity: loadFragment(index: 5, args: null)
08-04 02:58:46.632 27401 27401 D MainActivity: loadFragment(tag: AddFeedFragment, args: null)
08-04 02:58:46.633 27401 27401 D MainActivity: saveLastNavFragment(tag: AddFeedFragment)
08-04 02:58:46.633 27401 27401 D MainActivity: getLastNavFragment() -> AddFeedFragment
08-04 02:58:46.634   512  2967 D audio_hw_primary: out_set_parameters: enter: usecase(1: low-latency-playback) kvpairs: routing=2
08-04 02:58:46.637 27401 27413 I art     : Starting a blocking GC Explicit
08-04 02:58:46.646   512  2967 D audio_hw_primary: select_devices: out_snd_device(2: speaker) in_snd_device(0: none)
08-04 02:58:46.646   512  2967 D msm8974_platform: platform_send_audio_calibration: sending audio calibration for snd_device(2) acdb_id(15)
08-04 02:58:46.647   512  2967 I soundtrigger: audio_extn_sound_trigger_update_device_status: device 0x2 of type 0 for Event 1
08-04 02:58:46.653 27401 27413 I art     : Explicit concurrent mark sweep GC freed 163(23KB) AllocSpace objects, 1(20KB) LOS objects, 40% free, 22MB/38MB, paused 353us total 16.066ms
08-04 02:58:46.655   512  2967 D audio_hw_primary: enable_snd_device: snd_device(2: speaker)
08-04 02:58:46.658   512  2967 D audio_hw_primary: enable_audio_route: apply and update mixer path: low-latency-playback speaker
08-04 02:58:46.893 27401 27414 I art     : Starting a blocking GC Explicit
08-04 02:58:46.913 27401 27414 I art     : Explicit concurrent mark sweep GC freed 3299(184KB) AllocSpace objects, 1(20KB) LOS objects, 40% free, 23MB/38MB, paused 252us total 19.124ms
08-04 02:58:46.921 27401 27414 I art     : Starting a blocking GC Explicit
08-04 02:58:46.939 27401 27414 I art     : Explicit concurrent mark sweep GC freed 1359(82KB) AllocSpace objects, 2(56KB) LOS objects, 40% free, 22MB/38MB, paused 209us total 17.531ms
08-04 02:58:46.947 27401 27414 I art     : Starting a blocking GC Explicit
08-04 02:58:46.962 27401 27414 I art     : Explicit concurrent mark sweep GC freed 3(96B) AllocSpace objects, 0(0B) LOS objects, 40% free, 22MB/38MB, paused 221us total 15.145ms
08-04 02:58:46.970 27401 27414 I art     : Starting a blocking GC Explicit
08-04 02:58:46.985 27401 27414 I art     : Explicit concurrent mark sweep GC freed 11(352B) AllocSpace objects, 0(0B) LOS objects, 40% free, 22MB/38MB, paused 200us total 15.186ms
08-04 02:58:46.993 27401 27414 I art     : Starting a blocking GC Explicit
08-04 02:58:47.008 27401 27414 I art     : Explicit concurrent mark sweep GC freed 3(96B) AllocSpace objects, 0(0B) LOS objects, 40% free, 22MB/38MB, paused 204us total 15.220ms
08-04 02:58:47.069 13866 13866 I GoogleInputMethodServic: GoogleInputMethodService.onFinishInput():3138 
08-04 02:58:47.070 13866 13866 I GoogleInputMethodServic: GoogleInputMethodService.onStartInput():1808 
08-04 02:58:47.189   512  2967 D audio_hw_primary: disable_audio_route: reset and update mixer path: low-latency-playback speaker
08-04 02:58:47.190   512  2967 D audio_hw_primary: disable_snd_device: snd_device(2: speaker)
08-04 02:58:47.199   512  2967 I soundtrigger: audio_extn_sound_trigger_update_device_status: device 0x2 of type 0 for Event 0
08-04 02:58:47.285 27401 27477 I art     : Starting a blocking GC Explicit
08-04 02:58:47.304 27401 27477 I art     : Explicit concurrent mark sweep GC freed 1491(85KB) AllocSpace objects, 1(20KB) LOS objects, 40% free, 22MB/38MB, paused 205us total 18.945ms
08-04 02:58:47.313 27401 27477 I art     : Starting a blocking GC Explicit
08-04 02:58:47.331 27401 27477 I art     : Explicit concurrent mark sweep GC freed 117(6KB) AllocSpace objects, 0(0B) LOS objects, 40% free, 22MB/38MB, paused 221us total 17.876ms
08-04 02:58:47.340 27401 27477 I art     : Starting a blocking GC Explicit
08-04 02:58:47.358 27401 27477 I art     : Explicit concurrent mark sweep GC freed 3(96B) AllocSpace objects, 0(0B) LOS objects, 40% free, 22MB/38MB, paused 198us total 17.902ms
08-04 02:58:47.367 27401 27477 I art     : Starting a blocking GC Explicit
08-04 02:58:47.385 27401 27477 I art     : Explicit concurrent mark sweep GC freed 3(96B) AllocSpace objects, 0(0B) LOS objects, 40% free, 22MB/38MB, paused 226us total 17.451ms
08-04 02:58:47.393 27401 27477 I art     : Starting a blocking GC Explicit
08-04 02:58:47.409 27401 27477 I art     : Explicit concurrent mark sweep GC freed 3(96B) AllocSpace objects, 0(0B) LOS objects, 40% free, 22MB/38MB, paused 195us total 16.422ms
08-04 02:58:47.469 23593 23593 I Finsky  : [1] xow.onStartJob(3): SCH: onJobSchedulerWakeup with jobId 9007
08-04 02:58:47.475 23593 23593 I Finsky  : [1] xjw.a(9): Scheduling fallback in 43199999 (absolute: 1699731348)
08-04 02:58:47.477 23593 23593 I Finsky  : [1] xjw.a(9): Scheduling fallback in 64799998 (absolute: 1721331350)
08-04 02:58:47.481 23593 23593 I Finsky  : [1] xow.onStartJob(3): SCH: onJobSchedulerWakeup with jobId 9013
08-04 02:58:47.488 23593 23593 I Finsky  : [1] xjw.a(9): Scheduling fallback in 43199998 (absolute: 1699731360)
08-04 02:58:47.490 23593 23593 I Finsky  : [1] xjw.a(9): Scheduling fallback in 64799999 (absolute: 1721331363)
08-04 02:58:47.492 23593 23593 W Finsky  : [1] xow.onStartJob(9): SCH: onJobSchedulerWakeup while already running
08-04 02:58:47.546 23593 23593 I Finsky  : [1] xkf.handleMessage(8): SCH: DeviceState: DeviceState{currentTime=1596502727542, isCharging=false, isIdle=false, netAny=true, netNotRoaming=true, netUnmetered=true, batteryPercent=100.0}
08-04 02:58:47.552 23593 27370 I Finsky  : [5700] xmu.a(8): SCH: Jobs in database: 1-1337 3-183 3-184 12-1 24-77777777 26-1414141414 
08-04 02:58:47.555 23593 23593 I Finsky  : [1] xkg.a(16): SCH: Running job: 12-1
08-04 02:58:47.556 23593 23593 I Finsky  : [1] ContentSyncJob.a(16): [ContentSync] job started
08-04 02:58:47.557 23593 23593 I Finsky  : [1] xkf.handleMessage(61): SCH: RunningQueue size: 1, PendingQueue size: 0
08-04 02:58:47.557 23593 23593 I Finsky  : [1] xkf.handleMessage(64): SCH: Running queue: 12-1 
08-04 02:58:47.641 23593 28079 I Finsky  : [5709] dzn.a(22): Completed 0 account content syncs with 0 successful.
08-04 02:58:47.642 23593 23593 I Finsky  : [1] ContentSyncJob.a(1): [ContentSync] Installation state replication succeeded.
08-04 02:58:47.642 23593 23593 I Finsky  : [1] xlr.a(13): SCH: jobFinished: 12-1. TimeElapsed: 86ms.
08-04 02:58:47.643 23593 23593 I Finsky  : [1] xkg.a(36): SCH: Job 12-1 finished. Not rescheduling.
08-04 02:58:47.643 23593 23593 I Finsky  : [1] xkf.handleMessage(61): SCH: RunningQueue size: 0, PendingQueue size: 0
08-04 02:58:47.644 23593 23593 I Finsky  : [1] xkf.handleMessage(25): Executor finished
08-04 02:58:47.658 23593 23593 I Finsky  : [1] xmu.a(8): SCH: Jobs in database: 1-1337 3-183 3-184 24-77777777 26-1414141414 
08-04 02:58:47.660 23593 23593 I Finsky  : [1] xio.a(57): SCH: ConstraintMapping: 24-77777777,  -> L: 0ms, D: 65473178ms, C: false, I: true, N: 0
08-04 02:58:47.660 23593 23593 I Finsky  : [1] xio.a(57): SCH: ConstraintMapping: 1-1337,  -> L: 7282410ms, D: 25625250ms, C: false, I: false, N: 1
08-04 02:58:47.661 23593 23593 I Finsky  : [1] xio.a(57): SCH: ConstraintMapping: 3-183,  -> L: 0ms, D: 86074687ms, C: false, I: true, N: 2
08-04 02:58:47.661 23593 23593 I Finsky  : [1] xio.a(57): SCH: ConstraintMapping: 3-184,  -> L: 0ms, D: 86074768ms, C: true, I: true, N: 2
08-04 02:58:47.662 23593 23593 I Finsky  : [1] xio.a(57): SCH: ConstraintMapping: 26-1414141414,  -> L: 29702804ms, D: 30602804ms, C: false, I: false, N: 0
08-04 02:58:47.672 23593 23593 I Finsky  : [1] xle.a(34): Cancelling existing jobscheduler jobs: 9018 9009 9000 9014 9008 9011 9019 9012 
08-04 02:58:47.673 23593 23593 I Finsky  : [1] xle.a(10): Throttling wakeup for job 9001 (expected to run in 0 ms) due to recent wakeup
08-04 02:58:47.673 23593 23593 I Finsky  : [1] xle.a(27): Scheduling job Id: 9001, L: 30000, D: 65473178, C: false, I: true, N: 0
08-04 02:58:47.674 23593 23593 I Finsky  : [1] xle.a(27): Scheduling job Id: 9002, L: 7282410, D: 25625250, C: false, I: false, N: 1
08-04 02:58:47.676 23593 23593 I Finsky  : [1] xle.a(10): Throttling wakeup for job 9003 (expected to run in 0 ms) due to recent wakeup
08-04 02:58:47.676 23593 23593 I Finsky  : [1] xle.a(27): Scheduling job Id: 9003, L: 30000, D: 86074687, C: false, I: true, N: 2
08-04 02:58:47.678 27401 27937 I art     : Starting a blocking GC Explicit
08-04 02:58:47.678 23593 23593 I Finsky  : [1] xle.a(10): Throttling wakeup for job 9004 (expected to run in 0 ms) due to recent wakeup
08-04 02:58:47.679 23593 23593 I Finsky  : [1] xle.a(27): Scheduling job Id: 9004, L: 30000, D: 86074768, C: true, I: true, N: 2
08-04 02:58:47.680 23593 23593 I Finsky  : [1] xle.a(27): Scheduling job Id: 9005, L: 29702804, D: 30602804, C: false, I: false, N: 0
08-04 02:58:47.681 23593 23593 I Finsky  : [1] xle.a(10): Throttling wakeup for job 9006 (expected to run in 0 ms) due to recent wakeup
08-04 02:58:47.682 23593 23593 I Finsky  : [1] xle.a(27): Scheduling job Id: 9006, L: 30000, D: 65473178, C: false, I: true, N: 0
08-04 02:58:47.683 23593 23593 I Finsky  : [1] xle.a(27): Scheduling job Id: 9010, L: 7282410, D: 25625250, C: false, I: false, N: 1
08-04 02:58:47.684 23593 23593 I Finsky  : [1] xle.a(10): Throttling wakeup for job 9013 (expected to run in 0 ms) due to recent wakeup
08-04 02:58:47.685 23593 23593 I Finsky  : [1] xle.a(27): Scheduling job Id: 9013, L: 30000, D: 86074687, C: false, I: true, N: 2
08-04 02:58:47.686 23593 23593 I Finsky  : [1] xle.a(10): Throttling wakeup for job 9015 (expected to run in 0 ms) due to recent wakeup
08-04 02:58:47.686 23593 23593 I Finsky  : [1] xle.a(27): Scheduling job Id: 9015, L: 30000, D: 86074768, C: true, I: true, N: 2
08-04 02:58:47.688 23593 23593 I Finsky  : [1] xle.a(27): Scheduling job Id: 9016, L: 29702804, D: 30602804, C: false, I: false, N: 0
08-04 02:58:47.694 27401 27937 I art     : Explicit concurrent mark sweep GC freed 1391(80KB) AllocSpace objects, 1(20KB) LOS objects, 40% free, 22MB/38MB, paused 228us total 16.470ms
08-04 02:58:47.702 27401 27937 I art     : Starting a blocking GC Explicit
08-04 02:58:47.719 27401 27937 I art     : Explicit concurrent mark sweep GC freed 25(816B) AllocSpace objects, 0(0B) LOS objects, 40% free, 22MB/38MB, paused 211us total 16.536ms
08-04 02:58:47.727 27401 27937 I art     : Starting a blocking GC Explicit
08-04 02:58:47.744 27401 27937 I art     : Explicit concurrent mark sweep GC freed 3(96B) AllocSpace objects, 0(0B) LOS objects, 40% free, 22MB/38MB, paused 199us total 16.721ms
08-04 02:58:47.752 27401 27937 I art     : Starting a blocking GC Explicit
08-04 02:58:47.769 27401 27937 I art     : Explicit concurrent mark sweep GC freed 3(96B) AllocSpace objects, 0(0B) LOS objects, 40% free, 22MB/38MB, paused 213us total 16.891ms
08-04 02:58:47.777 27401 27937 I art     : Starting a blocking GC Explicit
08-04 02:58:47.793 27401 27937 I art     : Explicit concurrent mark sweep GC freed 3(96B) AllocSpace objects, 0(0B) LOS objects, 40% free, 22MB/38MB, paused 209us total 16.394ms
08-04 02:58:48.040 27401 27413 I art     : Starting a blocking GC Explicit
08-04 02:58:48.057 27401 27413 I art     : Explicit concurrent mark sweep GC freed 1361(80KB) AllocSpace objects, 1(20KB) LOS objects, 40% free, 22MB/38MB, paused 241us total 17.139ms
08-04 02:58:48.065 27401 27413 I art     : Starting a blocking GC Explicit
08-04 02:58:48.084 27401 27413 I art     : Explicit concurrent mark sweep GC freed 23(752B) AllocSpace objects, 0(0B) LOS objects, 40% free, 22MB/38MB, paused 222us total 18.280ms
08-04 02:58:48.092 27401 27413 I art     : Starting a blocking GC Explicit
08-04 02:58:48.109 27401 27413 I art     : Explicit concurrent mark sweep GC freed 3(96B) AllocSpace objects, 0(0B) LOS objects, 40% free, 22MB/38MB, paused 218us total 17.339ms
08-04 02:58:48.117 27401 27413 I art     : Starting a blocking GC Explicit
08-04 02:58:48.134 27401 27413 I art     : Explicit concurrent mark sweep GC freed 3(96B) AllocSpace objects, 0(0B) LOS objects, 40% free, 22MB/38MB, paused 209us total 16.344ms
08-04 02:58:48.141 27401 27413 I art     : Starting a blocking GC Explicit
08-04 02:58:48.158 27401 27413 I art     : Explicit concurrent mark sweep GC freed 3(96B) AllocSpace objects, 0(0B) LOS objects, 40% free, 22MB/38MB, paused 213us total 16.193ms
08-04 02:58:48.187 28086 28086 D AndroidRuntime: >>>>>> START com.android.internal.os.RuntimeInit uid 2000 <<<<<<
08-04 02:58:48.192 28086 28086 D AndroidRuntime: CheckJNI is OFF
08-04 02:58:48.225 28086 28086 D ICU     : No timezone override file found: /data/misc/zoneinfo/current/icu/icu_tzdata.dat
08-04 02:58:48.258 28086 28086 I Radio-JNI: register_android_hardware_Radio DONE
08-04 02:58:48.281 28086 28086 D AndroidRuntime: Calling main entry com.android.commands.input.Input
08-04 02:58:48.283 28086 28086 I Input   : injectMotionEvent: MotionEvent { action=ACTION_DOWN, actionButton=0, id[0]=0, x[0]=567.0, y[0]=714.0, toolType[0]=TOOL_TYPE_UNKNOWN, buttonState=0, metaState=0, flags=0x0, edgeFlags=0x0, pointerCount=1, historySize=0, eventTime=673144696, downTime=673144696, deviceId=0, source=0x1002 }
08-04 02:58:48.290 28086 28086 I Input   : injectMotionEvent: MotionEvent { action=ACTION_UP, actionButton=0, id[0]=0, x[0]=567.0, y[0]=714.0, toolType[0]=TOOL_TYPE_UNKNOWN, buttonState=0, metaState=0, flags=0x0, edgeFlags=0x0, pointerCount=1, historySize=0, eventTime=673144696, downTime=673144696, deviceId=0, source=0x1002 }
08-04 02:58:48.293 28086 28086 D AndroidRuntime: Shutting down VM
08-04 02:58:48.307   512  2967 D audio_hw_primary: out_set_parameters: enter: usecase(1: low-latency-playback) kvpairs: routing=2
08-04 02:58:48.320   512  2967 D audio_hw_primary: select_devices: out_snd_device(2: speaker) in_snd_device(0: none)
08-04 02:58:48.321   512  2967 D msm8974_platform: platform_send_audio_calibration: sending audio calibration for snd_device(2) acdb_id(15)
08-04 02:58:48.321   512  2967 I soundtrigger: audio_extn_sound_trigger_update_device_status: device 0x2 of type 0 for Event 1
08-04 02:58:48.326 27401 27936 D AntennapodHttpClient: Creating new instance of HTTP client
08-04 02:58:48.330   512  2967 D audio_hw_primary: enable_snd_device: snd_device(2: speaker)
08-04 02:58:48.332   512  2967 D audio_hw_primary: enable_audio_route: apply and update mixer path: low-latency-playback speaker
08-04 02:58:48.337 13866 13866 I GoogleInputMethodServic: GoogleInputMethodService.onFinishInput():3138 
08-04 02:58:48.337 13866 13866 I GoogleInputMethodServic: GoogleInputMethodService.onStartInput():1808 
08-04 02:58:48.410 27401 27413 I art     : Starting a blocking GC Explicit
08-04 02:58:48.430 27401 27413 I art     : Explicit concurrent mark sweep GC freed 4493(286KB) AllocSpace objects, 1(20KB) LOS objects, 40% free, 23MB/39MB, paused 277us total 20.195ms
08-04 02:58:48.439 27401 27413 I art     : Starting a blocking GC Explicit
08-04 02:58:48.458 27401 27413 I art     : Explicit concurrent mark sweep GC freed 1803(97KB) AllocSpace objects, 1(220KB) LOS objects, 40% free, 23MB/38MB, paused 293us total 17.382ms
08-04 02:58:48.465 27401 27413 I art     : Starting a blocking GC Explicit
08-04 02:58:48.482 27401 27413 I art     : Explicit concurrent mark sweep GC freed 41(1712B) AllocSpace objects, 0(0B) LOS objects, 40% free, 23MB/38MB, paused 326us total 16.556ms
08-04 02:58:48.490 27401 27413 I art     : Starting a blocking GC Explicit
08-04 02:58:48.507 27401 27413 I art     : Explicit concurrent mark sweep GC freed 19(672B) AllocSpace objects, 0(0B) LOS objects, 40% free, 23MB/38MB, paused 324us total 16.256ms
08-04 02:58:48.514 27401 27413 I art     : Starting a blocking GC Explicit
08-04 02:58:48.531 27401 27413 I art     : Explicit concurrent mark sweep GC freed 10(352B) AllocSpace objects, 0(0B) LOS objects, 40% free, 23MB/38MB, paused 278us total 16.360ms
08-04 02:58:48.751 27401 27936 I NAPPA_EXPERIMENTATION: MetricNetworkRequestExecutionTime: REQUEST_DURATION_SYSTEM='404',REQUEST_DURATION_OKHTTP='153',REQUEST_SYNCHRONOUS='TRUE',RESPONSE_CODE='400',RESPONSE_METHOD='GET',RESPONSE_LENGTH_OKHTTP='0',RESPONSE_LENGTH_HEADER='0',REQUEST_PROTOCOL='h2',REQUEST_URL='https://itunes.apple.com/en/rss/toppodcasts/limit=25/explicit=true/json',
08-04 02:58:48.770 27401 27477 I art     : Starting a blocking GC Explicit
08-04 02:58:48.791 27401 27477 I art     : Explicit concurrent mark sweep GC freed 9012(482KB) AllocSpace objects, 4(220KB) LOS objects, 40% free, 23MB/39MB, paused 304us total 20.752ms
08-04 02:58:48.799 27401 27477 I art     : Starting a blocking GC Explicit
08-04 02:58:48.817 27401 27477 I art     : Explicit concurrent mark sweep GC freed 1043(119KB) AllocSpace objects, 0(0B) LOS objects, 40% free, 23MB/39MB, paused 356us total 18.080ms
08-04 02:58:48.825 27401 27477 I art     : Starting a blocking GC Explicit
08-04 02:58:48.842 27401 27477 I art     : Explicit concurrent mark sweep GC freed 11(416B) AllocSpace objects, 0(0B) LOS objects, 40% free, 23MB/39MB, paused 309us total 17.396ms
08-04 02:58:48.851 27401 27477 I art     : Starting a blocking GC Explicit
08-04 02:58:48.869 27401 27477 I art     : Explicit concurrent mark sweep GC freed 13(480B) AllocSpace objects, 0(0B) LOS objects, 40% free, 23MB/39MB, paused 334us total 18.448ms
08-04 02:58:48.877 27401 27477 I art     : Starting a blocking GC Explicit
08-04 02:58:48.878   512  2967 D audio_hw_primary: disable_audio_route: reset and update mixer path: low-latency-playback speaker
08-04 02:58:48.879   512  2967 D audio_hw_primary: disable_snd_device: snd_device(2: speaker)
08-04 02:58:48.890 27401 27936 I NAPPA_EXPERIMENTATION: MetricNetworkRequestExecutionTime: REQUEST_DURATION_SYSTEM='138',REQUEST_DURATION_OKHTTP='137',REQUEST_SYNCHRONOUS='TRUE',RESPONSE_CODE='200',RESPONSE_METHOD='GET',RESPONSE_LENGTH_OKHTTP='-1',RESPONSE_LENGTH_HEADER='10075',REQUEST_PROTOCOL='h2',REQUEST_URL='https://itunes.apple.com/us/rss/toppodcasts/limit=25/explicit=true/json',
08-04 02:58:48.890   512  2967 I soundtrigger: audio_extn_sound_trigger_update_device_status: device 0x2 of type 0 for Event 0
08-04 02:58:48.896 27401 27477 I art     : Explicit concurrent mark sweep GC freed 341(26KB) AllocSpace objects, 0(0B) LOS objects, 40% free, 23MB/39MB, paused 326us total 18.250ms
08-04 02:58:48.969 27401 27401 D AntennapodHttpClient: Creating new instance of HTTP client
08-04 02:58:48.984 27401 28134 D ApOkHttpUrlLoader: buildLoadData() called with: model = [https://is4-ssl.mzstatic.com/image/thumb/Podcasts114/v4/3f/16/74/3f167426-bf50-ce3a-d709-e4301620fc5b/mza_5832671293059882550.jpeg/170x170bb.png], width = [224], height = [224]
08-04 02:58:48.987 27401 28135 D DBReader: getImageAuthentication() called with: imageUrl = [https://is4-ssl.mzstatic.com/image/thumb/Podcasts114/v4/3f/16/74/3f167426-bf50-ce3a-d709-e4301620fc5b/mza_5832671293059882550.jpeg/170x170bb.png]
08-04 02:58:48.989 27401 28136 D ApOkHttpUrlLoader: buildLoadData() called with: model = [https://is4-ssl.mzstatic.com/image/thumb/Podcasts113/v4/e5/8a/10/e58a108f-f5d0-f622-c94a-13f66edd570c/mza_3025981348644196724.jpg/170x170bb.png], width = [224], height = [224]
08-04 02:58:48.989 27401 28135 D ApOkHttpUrlLoader: no credentials for 'https://is4-ssl.mzstatic.com/image/thumb/Podcasts114/v4/3f/16/74/3f167426-bf50-ce3a-d709-e4301620fc5b/mza_5832671293059882550.jpeg/170x170bb.png'
08-04 02:58:48.990 27401 28137 D DBReader: getImageAuthentication() called with: imageUrl = [https://is4-ssl.mzstatic.com/image/thumb/Podcasts113/v4/e5/8a/10/e58a108f-f5d0-f622-c94a-13f66edd570c/mza_3025981348644196724.jpg/170x170bb.png]
08-04 02:58:48.991 27401 28137 D ApOkHttpUrlLoader: no credentials for 'https://is4-ssl.mzstatic.com/image/thumb/Podcasts113/v4/e5/8a/10/e58a108f-f5d0-f622-c94a-13f66edd570c/mza_3025981348644196724.jpg/170x170bb.png'
08-04 02:58:48.992 27401 28138 D ApOkHttpUrlLoader: buildLoadData() called with: model = [https://is2-ssl.mzstatic.com/image/thumb/Podcasts113/v4/a9/39/cc/a939ccc5-6d60-0c11-0a4c-16d71cdef89b/mza_8787577209688278658.jpg/170x170bb.png], width = [224], height = [224]
08-04 02:58:48.994 27401 28139 D DBReader: getImageAuthentication() called with: imageUrl = [https://is2-ssl.mzstatic.com/image/thumb/Podcasts113/v4/a9/39/cc/a939ccc5-6d60-0c11-0a4c-16d71cdef89b/mza_8787577209688278658.jpg/170x170bb.png]
08-04 02:58:48.995 27401 28139 D ApOkHttpUrlLoader: no credentials for 'https://is2-ssl.mzstatic.com/image/thumb/Podcasts113/v4/a9/39/cc/a939ccc5-6d60-0c11-0a4c-16d71cdef89b/mza_8787577209688278658.jpg/170x170bb.png'
08-04 02:58:48.995 27401 28140 D ApOkHttpUrlLoader: buildLoadData() called with: model = [https://is5-ssl.mzstatic.com/image/thumb/Podcasts114/v4/93/cf/99/93cf9960-fff3-205e-6655-72c03ddeccb2/mza_10545582232493904175.jpeg/170x170bb.png], width = [224], height = [224]
08-04 02:58:48.997 27401 28141 D DBReader: getImageAuthentication() called with: imageUrl = [https://is5-ssl.mzstatic.com/image/thumb/Podcasts114/v4/93/cf/99/93cf9960-fff3-205e-6655-72c03ddeccb2/mza_10545582232493904175.jpeg/170x170bb.png]
08-04 02:58:48.998 27401 28134 D ApOkHttpUrlLoader: buildLoadData() called with: model = [https://is4-ssl.mzstatic.com/image/thumb/Podcasts124/v4/49/a4/91/49a491b7-3daf-c5dc-d7c6-6c4f1486955c/mza_5930014091766152297.png/170x170bb.png], width = [224], height = [224]
08-04 02:58:48.998 27401 28141 D ApOkHttpUrlLoader: no credentials for 'https://is5-ssl.mzstatic.com/image/thumb/Podcasts114/v4/93/cf/99/93cf9960-fff3-205e-6655-72c03ddeccb2/mza_10545582232493904175.jpeg/170x170bb.png'
08-04 02:58:49.000 27401 28142 D DBReader: getImageAuthentication() called with: imageUrl = [https://is4-ssl.mzstatic.com/image/thumb/Podcasts124/v4/49/a4/91/49a491b7-3daf-c5dc-d7c6-6c4f1486955c/mza_5930014091766152297.png/170x170bb.png]
08-04 02:58:49.001 27401 28142 D ApOkHttpUrlLoader: no credentials for 'https://is4-ssl.mzstatic.com/image/thumb/Podcasts124/v4/49/a4/91/49a491b7-3daf-c5dc-d7c6-6c4f1486955c/mza_5930014091766152297.png/170x170bb.png'
08-04 02:58:49.002 27401 28136 D ApOkHttpUrlLoader: buildLoadData() called with: model = [https://is5-ssl.mzstatic.com/image/thumb/Podcasts113/v4/fd/54/6e/fd546ea0-7ab2-e3f0-6049-884d82917af9/mza_4855349695799758348.jpeg/170x170bb.png], width = [224], height = [224]
08-04 02:58:49.003 27401 28143 D DBReader: getImageAuthentication() called with: imageUrl = [https://is5-ssl.mzstatic.com/image/thumb/Podcasts113/v4/fd/54/6e/fd546ea0-7ab2-e3f0-6049-884d82917af9/mza_4855349695799758348.jpeg/170x170bb.png]
08-04 02:58:49.005 27401 28143 D ApOkHttpUrlLoader: no credentials for 'https://is5-ssl.mzstatic.com/image/thumb/Podcasts113/v4/fd/54/6e/fd546ea0-7ab2-e3f0-6049-884d82917af9/mza_4855349695799758348.jpeg/170x170bb.png'
08-04 02:58:49.005 27401 28138 D ApOkHttpUrlLoader: buildLoadData() called with: model = [https://is2-ssl.mzstatic.com/image/thumb/Podcasts114/v4/b3/4c/cf/b34ccfc2-cea4-1ca1-0fad-7793af301cc5/mza_2466085192629456364.jpg/170x170bb.png], width = [224], height = [224]
08-04 02:58:49.007 27401 28144 D DBReader: getImageAuthentication() called with: imageUrl = [https://is2-ssl.mzstatic.com/image/thumb/Podcasts114/v4/b3/4c/cf/b34ccfc2-cea4-1ca1-0fad-7793af301cc5/mza_2466085192629456364.jpg/170x170bb.png]
08-04 02:58:49.008 27401 28144 D ApOkHttpUrlLoader: no credentials for 'https://is2-ssl.mzstatic.com/image/thumb/Podcasts114/v4/b3/4c/cf/b34ccfc2-cea4-1ca1-0fad-7793af301cc5/mza_2466085192629456364.jpg/170x170bb.png'
08-04 02:58:49.155 27401 27413 I art     : Starting a blocking GC Explicit
08-04 02:58:49.182 27401 27413 I art     : Explicit concurrent mark sweep GC freed 13762(858KB) AllocSpace objects, 5(372KB) LOS objects, 39% free, 24MB/40MB, paused 667us total 26.347ms
08-04 02:58:49.196 27401 27413 I art     : Starting a blocking GC Explicit
08-04 02:58:49.216 27401 27413 I art     : Explicit concurrent mark sweep GC freed 241(11KB) AllocSpace objects, 0(0B) LOS objects, 39% free, 24MB/40MB, paused 635us total 19.625ms
08-04 02:58:49.224 27401 27413 I art     : Starting a blocking GC Explicit
08-04 02:58:49.244 27401 27413 I art     : Explicit concurrent mark sweep GC freed 3(96B) AllocSpace objects, 0(0B) LOS objects, 39% free, 24MB/40MB, paused 627us total 19.521ms
08-04 02:58:49.251 27401 27413 I art     : Starting a blocking GC Explicit
08-04 02:58:49.271 27401 27413 I art     : Explicit concurrent mark sweep GC freed 3(96B) AllocSpace objects, 0(0B) LOS objects, 39% free, 24MB/40MB, paused 625us total 19.342ms
08-04 02:58:49.279 27401 27413 I art     : Starting a blocking GC Explicit
08-04 02:58:49.298 27401 27413 I art     : Explicit concurrent mark sweep GC freed 3(96B) AllocSpace objects, 0(0B) LOS objects, 39% free, 24MB/40MB, paused 728us total 19.402ms
08-04 02:58:49.547 27401 27937 I art     : Starting a blocking GC Explicit
08-04 02:58:49.568 27401 27937 I art     : Explicit concurrent mark sweep GC freed 1393(80KB) AllocSpace objects, 1(20KB) LOS objects, 39% free, 24MB/40MB, paused 655us total 20.763ms
08-04 02:58:49.576 27401 27937 I art     : Starting a blocking GC Explicit
08-04 02:58:49.598 27401 27937 I art     : Explicit concurrent mark sweep GC freed 23(752B) AllocSpace objects, 0(0B) LOS objects, 39% free, 24MB/40MB, paused 691us total 21.308ms
08-04 02:58:49.607 27401 27937 I art     : Starting a blocking GC Explicit
08-04 02:58:49.628 27401 27937 I art     : Explicit concurrent mark sweep GC freed 3(96B) AllocSpace objects, 0(0B) LOS objects, 39% free, 24MB/40MB, paused 687us total 21.235ms
08-04 02:58:49.637 27401 27937 I art     : Starting a blocking GC Explicit
08-04 02:58:49.658 27401 27937 I art     : Explicit concurrent mark sweep GC freed 3(96B) AllocSpace objects, 0(0B) LOS objects, 39% free, 24MB/40MB, paused 658us total 21.164ms
08-04 02:58:49.666 27401 27937 I art     : Starting a blocking GC Explicit
08-04 02:58:49.688 27401 27937 I art     : Explicit concurrent mark sweep GC freed 3(96B) AllocSpace objects, 0(0B) LOS objects, 39% free, 24MB/40MB, paused 651us total 21.038ms
08-04 02:58:49.954 27401 27477 I art     : Starting a blocking GC Explicit
08-04 02:58:49.983 27401 27477 I art     : Explicit concurrent mark sweep GC freed 1363(80KB) AllocSpace objects, 1(20KB) LOS objects, 39% free, 24MB/40MB, paused 694us total 28.601ms
08-04 02:58:49.995 27401 27477 I art     : Starting a blocking GC Explicit
08-04 02:58:50.019 27401 27477 I art     : Explicit concurrent mark sweep GC freed 23(752B) AllocSpace objects, 0(0B) LOS objects, 39% free, 24MB/40MB, paused 667us total 23.697ms
08-04 02:58:50.028 27401 27477 I art     : Starting a blocking GC Explicit
08-04 02:58:50.051 27401 27477 I art     : Explicit concurrent mark sweep GC freed 3(96B) AllocSpace objects, 0(0B) LOS objects, 39% free, 24MB/40MB, paused 642us total 22.745ms
08-04 02:58:50.060 27401 27477 I art     : Starting a blocking GC Explicit
08-04 02:58:50.083 27401 27477 I art     : Explicit concurrent mark sweep GC freed 3(96B) AllocSpace objects, 0(0B) LOS objects, 39% free, 24MB/40MB, paused 690us total 22.828ms
08-04 02:58:50.092 27401 27477 I art     : Starting a blocking GC Explicit
08-04 02:58:50.114 27401 27477 I art     : Explicit concurrent mark sweep GC freed 3(96B) AllocSpace objects, 0(0B) LOS objects, 39% free, 24MB/40MB, paused 649us total 21.599ms
08-04 02:58:50.404 27401 27414 I art     : Starting a blocking GC Explicit
08-04 02:58:50.434 27401 27414 I art     : Explicit concurrent mark sweep GC freed 1363(80KB) AllocSpace objects, 1(20KB) LOS objects, 39% free, 24MB/40MB, paused 702us total 29.860ms
08-04 02:58:50.443 27401 27414 I art     : Starting a blocking GC Explicit
08-04 02:58:50.466 27401 27414 I art     : Explicit concurrent mark sweep GC freed 23(752B) AllocSpace objects, 0(0B) LOS objects, 39% free, 24MB/40MB, paused 663us total 22.719ms
08-04 02:58:50.475 27401 27414 I art     : Starting a blocking GC Explicit
08-04 02:58:50.498 27401 27414 I art     : Explicit concurrent mark sweep GC freed 32(880B) AllocSpace objects, 0(0B) LOS objects, 39% free, 24MB/40MB, paused 686us total 22.735ms
08-04 02:58:50.507 27401 27414 I art     : Starting a blocking GC Explicit
08-04 02:58:50.529 27401 27414 I art     : Explicit concurrent mark sweep GC freed 3(96B) AllocSpace objects, 0(0B) LOS objects, 39% free, 24MB/40MB, paused 659us total 22.377ms
08-04 02:58:50.538 27401 27414 I art     : Starting a blocking GC Explicit
08-04 02:58:50.562 27401 27414 I art     : Explicit concurrent mark sweep GC freed 6(192B) AllocSpace objects, 0(0B) LOS objects, 39% free, 24MB/40MB, paused 658us total 24.099ms
08-04 02:58:50.845 27401 27413 I art     : Starting a blocking GC Explicit
08-04 02:58:50.870 27401 27413 I art     : Explicit concurrent mark sweep GC freed 30046(1592KB) AllocSpace objects, 4(220KB) LOS objects, 39% free, 24MB/40MB, paused 787us total 25.148ms
08-04 02:58:50.879 27401 27413 I art     : Starting a blocking GC Explicit
08-04 02:58:50.902 27401 27413 I art     : Explicit concurrent mark sweep GC freed 1606(138KB) AllocSpace objects, 0(0B) LOS objects, 39% free, 24MB/40MB, paused 720us total 22.232ms
08-04 02:58:50.910 27401 27413 I art     : Starting a blocking GC Explicit
08-04 02:58:50.933 27401 27413 I art     : Explicit concurrent mark sweep GC freed 3(96B) AllocSpace objects, 0(0B) LOS objects, 39% free, 24MB/40MB, paused 736us total 22.362ms
08-04 02:58:50.941 27401 27413 I art     : Starting a blocking GC Explicit
08-04 02:58:50.964 27401 27413 I art     : Explicit concurrent mark sweep GC freed 3(96B) AllocSpace objects, 0(0B) LOS objects, 39% free, 24MB/40MB, paused 727us total 22.877ms
08-04 02:58:50.973 27401 27413 I art     : Starting a blocking GC Explicit
08-04 02:58:50.997 27401 27413 I art     : Explicit concurrent mark sweep GC freed 3(96B) AllocSpace objects, 0(0B) LOS objects, 39% free, 24MB/40MB, paused 707us total 23.095ms
08-04 02:58:51.001 27401 28141 D MYTAG   : interceptor 2a
08-04 02:58:51.002 27401 28141 I NAPPA_EXPERIMENTATION: MetricNetworkRequestExecutionTime: REQUEST_DURATION_SYSTEM='2003',REQUEST_DURATION_OKHTTP='245',REQUEST_SYNCHRONOUS='TRUE',RESPONSE_CODE='200',RESPONSE_METHOD='GET',RESPONSE_LENGTH_OKHTTP='22351',RESPONSE_LENGTH_HEADER='22351',REQUEST_PROTOCOL='h2',REQUEST_URL='https://is5-ssl.mzstatic.com/image/thumb/Podcasts114/v4/93/cf/99/93cf9960-fff3-205e-6655-72c03ddeccb2/mza_10545582232493904175.jpeg/170x170bb.png',
08-04 02:58:51.007 27401 28139 D MYTAG   : interceptor 2a
08-04 02:58:51.007 27401 28139 I NAPPA_EXPERIMENTATION: MetricNetworkRequestExecutionTime: REQUEST_DURATION_SYSTEM='2012',REQUEST_DURATION_OKHTTP='246',REQUEST_SYNCHRONOUS='TRUE',RESPONSE_CODE='200',RESPONSE_METHOD='GET',RESPONSE_LENGTH_OKHTTP='48239',RESPONSE_LENGTH_HEADER='48239',REQUEST_PROTOCOL='h2',REQUEST_URL='https://is2-ssl.mzstatic.com/image/thumb/Podcasts113/v4/a9/39/cc/a939ccc5-6d60-0c11-0a4c-16d71cdef89b/mza_8787577209688278658.jpg/170x170bb.png',
08-04 02:58:51.018 27401 28137 D MYTAG   : interceptor 2a
08-04 02:58:51.018 27401 28137 I NAPPA_EXPERIMENTATION: MetricNetworkRequestExecutionTime: REQUEST_DURATION_SYSTEM='2027',REQUEST_DURATION_OKHTTP='254',REQUEST_SYNCHRONOUS='TRUE',RESPONSE_CODE='200',RESPONSE_METHOD='GET',RESPONSE_LENGTH_OKHTTP='45995',RESPONSE_LENGTH_HEADER='45995',REQUEST_PROTOCOL='h2',REQUEST_URL='https://is4-ssl.mzstatic.com/image/thumb/Podcasts113/v4/e5/8a/10/e58a108f-f5d0-f622-c94a-13f66edd570c/mza_3025981348644196724.jpg/170x170bb.png',
08-04 02:58:51.019 27401 28135 D MYTAG   : interceptor 2a
08-04 02:58:51.019 27401 28135 I NAPPA_EXPERIMENTATION: MetricNetworkRequestExecutionTime: REQUEST_DURATION_SYSTEM='2030',REQUEST_DURATION_OKHTTP='254',REQUEST_SYNCHRONOUS='TRUE',RESPONSE_CODE='200',RESPONSE_METHOD='GET',RESPONSE_LENGTH_OKHTTP='26177',RESPONSE_LENGTH_HEADER='26177',REQUEST_PROTOCOL='h2',REQUEST_URL='https://is4-ssl.mzstatic.com/image/thumb/Podcasts114/v4/3f/16/74/3f167426-bf50-ce3a-d709-e4301620fc5b/mza_5832671293059882550.jpeg/170x170bb.png',
08-04 02:58:51.028 27401 28144 D MYTAG   : interceptor 2a
08-04 02:58:51.028 27401 28144 I NAPPA_EXPERIMENTATION: MetricNetworkRequestExecutionTime: REQUEST_DURATION_SYSTEM='2020',REQUEST_DURATION_OKHTTP='259',REQUEST_SYNCHRONOUS='TRUE',RESPONSE_CODE='200',RESPONSE_METHOD='GET',RESPONSE_LENGTH_OKHTTP='42299',RESPONSE_LENGTH_HEADER='42299',REQUEST_PROTOCOL='h2',REQUEST_URL='https://is2-ssl.mzstatic.com/image/thumb/Podcasts114/v4/b3/4c/cf/b34ccfc2-cea4-1ca1-0fad-7793af301cc5/mza_2466085192629456364.jpg/170x170bb.png',
08-04 02:58:51.031 27401 28143 D MYTAG   : interceptor 2a
08-04 02:58:51.032 27401 28143 I NAPPA_EXPERIMENTATION: MetricNetworkRequestExecutionTime: REQUEST_DURATION_SYSTEM='2026',REQUEST_DURATION_OKHTTP='275',REQUEST_SYNCHRONOUS='TRUE',RESPONSE_CODE='200',RESPONSE_METHOD='GET',RESPONSE_LENGTH_OKHTTP='54835',RESPONSE_LENGTH_HEADER='54835',REQUEST_PROTOCOL='h2',REQUEST_URL='https://is5-ssl.mzstatic.com/image/thumb/Podcasts113/v4/fd/54/6e/fd546ea0-7ab2-e3f0-6049-884d82917af9/mza_4855349695799758348.jpeg/170x170bb.png',
08-04 02:58:51.043 27401 28142 D MYTAG   : interceptor 2a
08-04 02:58:51.043 27401 28142 I NAPPA_EXPERIMENTATION: MetricNetworkRequestExecutionTime: REQUEST_DURATION_SYSTEM='2042',REQUEST_DURATION_OKHTTP='271',REQUEST_SYNCHRONOUS='TRUE',RESPONSE_CODE='200',RESPONSE_METHOD='GET',RESPONSE_LENGTH_OKHTTP='12000',RESPONSE_LENGTH_HEADER='12000',REQUEST_PROTOCOL='h2',REQUEST_URL='https://is4-ssl.mzstatic.com/image/thumb/Podcasts124/v4/49/a4/91/49a491b7-3daf-c5dc-d7c6-6c4f1486955c/mza_5930014091766152297.png/170x170bb.png',
08-04 02:58:51.295 27401 27413 I art     : Starting a blocking GC Explicit
08-04 02:58:51.325 27401 27413 I art     : Explicit concurrent mark sweep GC freed 4734(296KB) AllocSpace objects, 1(20KB) LOS objects, 38% free, 26MB/42MB, paused 573us total 29.586ms
08-04 02:58:51.338 27401 27413 I art     : Starting a blocking GC Explicit
08-04 02:58:51.361 27401 27413 I art     : Explicit concurrent mark sweep GC freed 43(2096B) AllocSpace objects, 0(0B) LOS objects, 38% free, 26MB/42MB, paused 532us total 23.270ms
08-04 02:58:51.370 27401 27413 I art     : Starting a blocking GC Explicit
08-04 02:58:51.393 27401 27413 I art     : Explicit concurrent mark sweep GC freed 3(96B) AllocSpace objects, 0(0B) LOS objects, 38% free, 26MB/42MB, paused 532us total 22.491ms
08-04 02:58:51.402 27401 27413 I art     : Starting a blocking GC Explicit
08-04 02:58:51.425 27401 27413 I art     : Explicit concurrent mark sweep GC freed 3(96B) AllocSpace objects, 0(0B) LOS objects, 38% free, 26MB/42MB, paused 539us total 22.966ms
08-04 02:58:51.434 27401 27413 I art     : Starting a blocking GC Explicit
08-04 02:58:51.457 27401 27413 I art     : Explicit concurrent mark sweep GC freed 3(96B) AllocSpace objects, 0(0B) LOS objects, 38% free, 26MB/42MB, paused 579us total 22.370ms
08-04 02:58:51.759 27401 27937 I art     : Starting a blocking GC Explicit
08-04 02:58:51.788 27401 27937 I art     : Explicit concurrent mark sweep GC freed 1392(80KB) AllocSpace objects, 1(20KB) LOS objects, 38% free, 26MB/42MB, paused 677us total 28.263ms
08-04 02:58:51.800 27401 27937 I art     : Starting a blocking GC Explicit
08-04 02:58:51.823 27401 27937 I art     : Explicit concurrent mark sweep GC freed 23(752B) AllocSpace objects, 0(0B) LOS objects, 38% free, 26MB/42MB, paused 538us total 22.993ms
08-04 02:58:51.832 27401 27937 I art     : Starting a blocking GC Explicit
08-04 02:58:51.854 27401 27937 I art     : Explicit concurrent mark sweep GC freed 3(96B) AllocSpace objects, 0(0B) LOS objects, 38% free, 26MB/42MB, paused 545us total 22.330ms
08-04 02:58:51.863 27401 27937 I art     : Starting a blocking GC Explicit
08-04 02:58:51.886 27401 27937 I art     : Explicit concurrent mark sweep GC freed 3(96B) AllocSpace objects, 0(0B) LOS objects, 38% free, 26MB/42MB, paused 527us total 22.175ms
08-04 02:58:51.894 27401 27937 I art     : Starting a blocking GC Explicit
08-04 02:58:51.917 27401 27937 I art     : Explicit concurrent mark sweep GC freed 3(96B) AllocSpace objects, 0(0B) LOS objects, 38% free, 26MB/42MB, paused 658us total 22.437ms
08-04 02:58:52.235 27401 27414 I art     : Starting a blocking GC Explicit
08-04 02:58:52.267 27401 27414 I art     : Explicit concurrent mark sweep GC freed 1363(80KB) AllocSpace objects, 1(20KB) LOS objects, 38% free, 26MB/42MB, paused 588us total 31.990ms
08-04 02:58:52.279 27401 27414 I art     : Starting a blocking GC Explicit
08-04 02:58:52.302 27401 27414 I art     : Explicit concurrent mark sweep GC freed 23(752B) AllocSpace objects, 0(0B) LOS objects, 38% free, 26MB/42MB, paused 538us total 22.282ms
08-04 02:58:52.310 27401 27414 I art     : Starting a blocking GC Explicit
08-04 02:58:52.332 27401 27414 I art     : Explicit concurrent mark sweep GC freed 3(96B) AllocSpace objects, 0(0B) LOS objects, 38% free, 26MB/42MB, paused 523us total 21.815ms
08-04 02:58:52.341 27401 27414 I art     : Starting a blocking GC Explicit
08-04 02:58:52.364 27401 27414 I art     : Explicit concurrent mark sweep GC freed 3(96B) AllocSpace objects, 0(0B) LOS objects, 38% free, 26MB/42MB, paused 578us total 22.166ms
08-04 02:58:52.373 27401 27414 I art     : Starting a blocking GC Explicit
08-04 02:58:52.395 27401 27414 I art     : Explicit concurrent mark sweep GC freed 3(96B) AllocSpace objects, 0(0B) LOS objects, 38% free, 26MB/42MB, paused 513us total 21.684ms
08-04 02:58:52.719 27401 27477 I art     : Starting a blocking GC Explicit
08-04 02:58:52.749 27401 27477 I art     : Explicit concurrent mark sweep GC freed 1392(80KB) AllocSpace objects, 1(20KB) LOS objects, 38% free, 26MB/42MB, paused 602us total 29.067ms
08-04 02:58:52.760 27401 27477 I art     : Starting a blocking GC Explicit
08-04 02:58:52.783 27401 27477 I art     : Explicit concurrent mark sweep GC freed 23(752B) AllocSpace objects, 0(0B) LOS objects, 38% free, 26MB/42MB, paused 540us total 22.752ms
08-04 02:58:52.792 27401 27477 I art     : Starting a blocking GC Explicit
08-04 02:58:52.815 27401 27477 I art     : Explicit concurrent mark sweep GC freed 3(96B) AllocSpace objects, 0(0B) LOS objects, 38% free, 26MB/42MB, paused 532us total 22.827ms
08-04 02:58:52.824 27401 27477 I art     : Starting a blocking GC Explicit
08-04 02:58:52.847 27401 27477 I art     : Explicit concurrent mark sweep GC freed 3(96B) AllocSpace objects, 0(0B) LOS objects, 38% free, 26MB/42MB, paused 516us total 22.140ms
08-04 02:58:52.855 27401 27477 I art     : Starting a blocking GC Explicit
08-04 02:58:52.877 27401 27477 I art     : Explicit concurrent mark sweep GC freed 3(96B) AllocSpace objects, 0(0B) LOS objects, 38% free, 26MB/42MB, paused 558us total 21.948ms
08-04 02:58:53.182 27401 27413 I art     : Starting a blocking GC Explicit
08-04 02:58:53.211 27401 27413 I art     : Explicit concurrent mark sweep GC freed 1363(80KB) AllocSpace objects, 1(20KB) LOS objects, 38% free, 26MB/42MB, paused 539us total 27.811ms
08-04 02:58:53.224 27401 27413 I art     : Starting a blocking GC Explicit
08-04 02:58:53.248 27401 27413 I art     : Explicit concurrent mark sweep GC freed 23(752B) AllocSpace objects, 0(0B) LOS objects, 38% free, 26MB/42MB, paused 561us total 23.045ms
08-04 02:58:53.256 27401 27413 I art     : Starting a blocking GC Explicit
08-04 02:58:53.279 27401 27413 I art     : Explicit concurrent mark sweep GC freed 3(96B) AllocSpace objects, 0(0B) LOS objects, 38% free, 26MB/42MB, paused 512us total 22.063ms
08-04 02:58:53.288 27401 27413 I art     : Starting a blocking GC Explicit
08-04 02:58:53.311 27401 27413 I art     : Explicit concurrent mark sweep GC freed 3(96B) AllocSpace objects, 0(0B) LOS objects, 38% free, 26MB/42MB, paused 505us total 22.918ms
08-04 02:58:53.320 27401 27413 I art     : Starting a blocking GC Explicit
08-04 02:58:53.342 27401 27413 I art     : Explicit concurrent mark sweep GC freed 3(96B) AllocSpace objects, 0(0B) LOS objects, 38% free, 26MB/42MB, paused 503us total 21.855ms
08-04 02:58:53.576   518   646 I ThermalEngine: ACTION: GPU - Setting GPU[0] to 600000000
08-04 02:58:53.683 27401 27937 I art     : Starting a blocking GC Explicit
08-04 02:58:53.712 27401 27937 I art     : Explicit concurrent mark sweep GC freed 1392(80KB) AllocSpace objects, 1(20KB) LOS objects, 38% free, 26MB/42MB, paused 448us total 28.190ms
08-04 02:58:53.723 27401 27937 I art     : Starting a blocking GC Explicit
08-04 02:58:53.741 27401 27937 I art     : Explicit concurrent mark sweep GC freed 23(752B) AllocSpace objects, 0(0B) LOS objects, 38% free, 26MB/42MB, paused 401us total 17.729ms
08-04 02:58:53.748 27401 27937 I art     : Starting a blocking GC Explicit
08-04 02:58:53.766 27401 27937 I art     : Explicit concurrent mark sweep GC freed 3(96B) AllocSpace objects, 0(0B) LOS objects, 38% free, 26MB/42MB, paused 390us total 17.812ms
08-04 02:58:53.773 27401 27937 I art     : Starting a blocking GC Explicit
08-04 02:58:53.791 27401 27937 I art     : Explicit concurrent mark sweep GC freed 3(96B) AllocSpace objects, 0(0B) LOS objects, 38% free, 26MB/42MB, paused 376us total 17.407ms
08-04 02:58:53.797 27401 27937 I art     : Starting a blocking GC Explicit
08-04 02:58:53.815 27401 27937 I art     : Explicit concurrent mark sweep GC freed 3(96B) AllocSpace objects, 0(0B) LOS objects, 38% free, 26MB/42MB, paused 386us total 17.530ms
08-04 02:58:54.156 27401 27414 I art     : Starting a blocking GC Explicit
08-04 02:58:54.185 27401 27414 I art     : Explicit concurrent mark sweep GC freed 1363(80KB) AllocSpace objects, 1(20KB) LOS objects, 38% free, 26MB/42MB, paused 511us total 29.047ms
08-04 02:58:54.198 27401 27414 I art     : Starting a blocking GC Explicit
08-04 02:58:54.216 27401 27414 I art     : Explicit concurrent mark sweep GC freed 23(752B) AllocSpace objects, 0(0B) LOS objects, 38% free, 26MB/42MB, paused 461us total 17.702ms
08-04 02:58:54.223 27401 27414 I art     : Starting a blocking GC Explicit
08-04 02:58:54.241 27401 27414 I art     : Explicit concurrent mark sweep GC freed 3(96B) AllocSpace objects, 0(0B) LOS objects, 38% free, 26MB/42MB, paused 393us total 17.678ms
08-04 02:58:54.248 27401 27414 I art     : Starting a blocking GC Explicit
08-04 02:58:54.265 27401 27414 I art     : Explicit concurrent mark sweep GC freed 3(96B) AllocSpace objects, 0(0B) LOS objects, 38% free, 26MB/42MB, paused 385us total 17.486ms
08-04 02:58:54.272 27401 27414 I art     : Starting a blocking GC Explicit
08-04 02:58:54.291 27401 27414 I art     : Explicit concurrent mark sweep GC freed 3(96B) AllocSpace objects, 0(0B) LOS objects, 38% free, 26MB/42MB, paused 385us total 17.990ms
08-04 02:58:54.599 27401 27477 I art     : Starting a blocking GC Explicit
08-04 02:58:54.619 27401 27477 I art     : Explicit concurrent mark sweep GC freed 1392(80KB) AllocSpace objects, 1(20KB) LOS objects, 38% free, 26MB/42MB, paused 448us total 20.317ms
08-04 02:58:54.627 27401 27477 I art     : Starting a blocking GC Explicit
08-04 02:58:54.644 27401 27477 I art     : Explicit concurrent mark sweep GC freed 23(752B) AllocSpace objects, 0(0B) LOS objects, 38% free, 26MB/42MB, paused 395us total 17.510ms
08-04 02:58:54.651 27401 27477 I art     : Starting a blocking GC Explicit
08-04 02:58:54.669 27401 27477 I art     : Explicit concurrent mark sweep GC freed 3(96B) AllocSpace objects, 0(0B) LOS objects, 38% free, 26MB/42MB, paused 383us total 17.452ms
08-04 02:58:54.669 27401 27412 I art     : WaitForGcToComplete blocked for 10.526ms for cause HeapTrim
08-04 02:58:54.675 27401 27477 I art     : Starting a blocking GC Explicit
08-04 02:58:54.692 27401 27477 I art     : Explicit concurrent mark sweep GC freed 3(96B) AllocSpace objects, 0(0B) LOS objects, 38% free, 26MB/42MB, paused 407us total 16.374ms
08-04 02:58:54.698 27401 27477 I art     : Starting a blocking GC Explicit
08-04 02:58:54.715 27401 27477 I art     : Explicit concurrent mark sweep GC freed 3(96B) AllocSpace objects, 0(0B) LOS objects, 38% free, 26MB/42MB, paused 391us total 16.396ms
08-04 02:58:54.872 28289 28289 D AndroidRuntime: >>>>>> START com.android.internal.os.RuntimeInit uid 2000 <<<<<<
08-04 02:58:54.876 28289 28289 D AndroidRuntime: CheckJNI is OFF
08-04 02:58:54.901 28289 28289 D ICU     : No timezone override file found: /data/misc/zoneinfo/current/icu/icu_tzdata.dat
08-04 02:58:54.926 28289 28289 I Radio-JNI: register_android_hardware_Radio DONE
08-04 02:58:54.942 28289 28289 D AndroidRuntime: Calling main entry com.android.commands.input.Input
08-04 02:58:54.944 28289 28289 I Input   : injectMotionEvent: MotionEvent { action=ACTION_DOWN, actionButton=0, id[0]=0, x[0]=616.0, y[0]=469.0, toolType[0]=TOOL_TYPE_UNKNOWN, buttonState=0, metaState=0, flags=0x0, edgeFlags=0x0, pointerCount=1, historySize=0, eventTime=673151357, downTime=673151357, deviceId=0, source=0x1002 }
08-04 02:58:54.950 28289 28289 I Input   : injectMotionEvent: MotionEvent { action=ACTION_UP, actionButton=0, id[0]=0, x[0]=616.0, y[0]=469.0, toolType[0]=TOOL_TYPE_UNKNOWN, buttonState=0, metaState=0, flags=0x0, edgeFlags=0x0, pointerCount=1, historySize=0, eventTime=673151357, downTime=673151357, deviceId=0, source=0x1002 }
08-04 02:58:54.951 28289 28289 D AndroidRuntime: Shutting down VM
08-04 02:58:54.995 27401 27414 I art     : Starting a blocking GC Explicit
08-04 02:58:55.017   512  2967 D audio_hw_primary: out_set_parameters: enter: usecase(1: low-latency-playback) kvpairs: routing=2
08-04 02:58:55.017 27401 27414 I art     : Explicit concurrent mark sweep GC freed 1390(80KB) AllocSpace objects, 1(20KB) LOS objects, 37% free, 26MB/42MB, paused 702us total 22.055ms
08-04 02:58:55.024 27401 27414 I art     : Starting a blocking GC Explicit
08-04 02:58:55.030   512  2967 D audio_hw_primary: select_devices: out_snd_device(2: speaker) in_snd_device(0: none)
08-04 02:58:55.030   512  2967 D msm8974_platform: platform_send_audio_calibration: sending audio calibration for snd_device(2) acdb_id(15)
08-04 02:58:55.030   512  2967 I soundtrigger: audio_extn_sound_trigger_update_device_status: device 0x2 of type 0 for Event 1
08-04 02:58:55.044   512  2967 D audio_hw_primary: enable_snd_device: snd_device(2: speaker)
08-04 02:58:55.045 27401 27414 I art     : Explicit concurrent mark sweep GC freed 223(9KB) AllocSpace objects, 0(0B) LOS objects, 37% free, 26MB/42MB, paused 681us total 20.074ms
08-04 02:58:55.046   512  2967 D audio_hw_primary: enable_audio_route: apply and update mixer path: low-latency-playback speaker
08-04 02:58:55.052 27401 27414 I art     : Starting a blocking GC Explicit
08-04 02:58:55.071 27401 27414 I art     : Explicit concurrent mark sweep GC freed 16(608B) AllocSpace objects, 0(0B) LOS objects, 38% free, 26MB/42MB, paused 415us total 17.974ms
08-04 02:58:55.078 27401 27414 I art     : Starting a blocking GC Explicit
08-04 02:58:55.095 27401 27414 I art     : Explicit concurrent mark sweep GC freed 11(416B) AllocSpace objects, 0(0B) LOS objects, 38% free, 26MB/42MB, paused 426us total 16.738ms
08-04 02:58:55.101 27401 27414 I art     : Starting a blocking GC Explicit
08-04 02:58:55.118 27401 27414 I art     : Explicit concurrent mark sweep GC freed 10(352B) AllocSpace objects, 0(0B) LOS objects, 38% free, 26MB/42MB, paused 440us total 16.593ms
08-04 02:58:55.234 27401 27427 I NAPPA_EXPERIMENTATION: MetricNetworkRequestExecutionTime: REQUEST_DURATION_SYSTEM='216',REQUEST_DURATION_OKHTTP='216',REQUEST_SYNCHRONOUS='TRUE',RESPONSE_CODE='200',RESPONSE_METHOD='GET',RESPONSE_LENGTH_OKHTTP='-1',RESPONSE_LENGTH_HEADER='628',REQUEST_PROTOCOL='h2',REQUEST_URL='https://itunes.apple.com/lookup?id=1524080195',
08-04 02:58:55.246   918  5132 I ActivityManager: START u0 {cmp=baseline.de.danoeh.antennapod.debug/baseline.de.danoeh.antennapod.activity.OnlineFeedViewActivity (has extras)} from uid 10670 on display 0
08-04 02:58:55.266 13866 13866 I GoogleInputMethodServic: GoogleInputMethodService.onFinishInput():3138 
08-04 02:58:55.267 13866 13866 I GoogleInputMethodServic: GoogleInputMethodService.onStartInput():1808 
08-04 02:58:55.292 27401 27401 D UserPreferences: Using default data folder
08-04 02:58:55.293 27401 27401 D OnlineFeedViewActivity: Activity was started with url https://rss.art19.com/nice-white-parents
08-04 02:58:55.295 27401 27401 D OnlineFeedViewActivity: Starting feed download
08-04 02:58:55.300 27401 27421 D DBReader: Extracting Feedlist
08-04 02:58:55.303   918  3670 D WifiService: acquireWifiLockLocked: WifiLock{Downloader type=1 binder=android.os.BinderProxy@6169c27}
08-04 02:58:55.303 27401 27421 D AntennapodHttpClient: Creating new instance of HTTP client
08-04 02:58:55.348 13866 13866 I GoogleInputMethodServic: GoogleInputMethodService.onFinishInput():3138 
08-04 02:58:55.348 13866 13866 I GoogleInputMethodServic: GoogleInputMethodService.onStartInput():1808 
08-04 02:58:55.367 27401 27414 I art     : Starting a blocking GC Explicit
08-04 02:58:55.374   918   936 I ActivityManager: Displayed baseline.de.danoeh.antennapod.debug/baseline.de.danoeh.antennapod.activity.OnlineFeedViewActivity: +108ms
08-04 02:58:55.388 27401 27414 I art     : Explicit concurrent mark sweep GC freed 3888(246KB) AllocSpace objects, 1(20KB) LOS objects, 37% free, 26MB/42MB, paused 449us total 20.204ms
08-04 02:58:55.396 27401 27414 I art     : Starting a blocking GC Explicit
08-04 02:58:55.418 27401 27414 I art     : Explicit concurrent mark sweep GC freed 356(16KB) AllocSpace objects, 0(0B) LOS objects, 37% free, 26MB/42MB, paused 478us total 22.484ms
08-04 02:58:55.425 27401 27414 I art     : Starting a blocking GC Explicit
08-04 02:58:55.444 27401 27414 I art     : Explicit concurrent mark sweep GC freed 3835(188KB) AllocSpace objects, 3(200KB) LOS objects, 37% free, 26MB/42MB, paused 573us total 18.056ms
08-04 02:58:55.451 27401 27414 I art     : Starting a blocking GC Explicit
08-04 02:58:55.468 27401 27414 I art     : Explicit concurrent mark sweep GC freed 1499(135KB) AllocSpace objects, 0(0B) LOS objects, 37% free, 26MB/42MB, paused 429us total 16.668ms
08-04 02:58:55.474 27401 27414 I art     : Starting a blocking GC Explicit
08-04 02:58:55.491 27401 27414 I art     : Explicit concurrent mark sweep GC freed 68(2544B) AllocSpace objects, 0(0B) LOS objects, 37% free, 26MB/42MB, paused 460us total 16.735ms
08-04 02:58:55.590   512  2967 D audio_hw_primary: disable_audio_route: reset and update mixer path: low-latency-playback speaker
08-04 02:58:55.591 27401 27421 D MYTAG   : interceptor 3a https://rss.art19.com/nice-white-parents
08-04 02:58:55.591 27401 27421 I NAPPA_EXPERIMENTATION: MetricNetworkRequestExecutionTime: REQUEST_DURATION_SYSTEM='286',REQUEST_DURATION_OKHTTP='142',REQUEST_SYNCHRONOUS='TRUE',RESPONSE_CODE='200',RESPONSE_METHOD='GET',RESPONSE_LENGTH_OKHTTP='-1',RESPONSE_LENGTH_HEADER='1803',REQUEST_PROTOCOL='h2',REQUEST_URL='https://rss.art19.com/nice-white-parents',
08-04 02:58:55.592 27401 27421 D HttpDownloader: Response code is 200
08-04 02:58:55.592 27401 27421 D UserPreferences: Using default data folder
08-04 02:58:55.592   512  2967 D audio_hw_primary: disable_snd_device: snd_device(2: speaker)
08-04 02:58:55.595 27401 27421 D HttpDownloader: Getting size of download
08-04 02:58:55.595 27401 27421 D HttpDownloader: Size is -1
08-04 02:58:55.596 27401 27421 D UserPreferences: Using default data folder
08-04 02:58:55.596 27401 27421 D HttpDownloader: Free space is 20267819008
08-04 02:58:55.596 27401 27421 D HttpDownloader: Starting download
08-04 02:58:55.598 27401 27421 D HttpDownloader: Download was successful
08-04 02:58:55.602   918  4413 D WifiService: releaseWifiLockLocked: WifiLock{Downloader type=1 binder=android.os.BinderProxy@6169c27}
08-04 02:58:55.602   512  2967 I soundtrigger: audio_extn_sound_trigger_update_device_status: device 0x2 of type 0 for Event 0
08-04 02:58:55.603 27401 27401 D OnlineFeedViewActivity: Parsing feed
08-04 02:58:55.625   380   380 W SurfaceFlinger: couldn't log to binary event log: overflow.
08-04 02:58:55.630 27401 28328 D TypeGetter: Recognized type RSS 2.0
08-04 02:58:55.647 27401 28328 D SyndHandler: Recognized ITunes namespace
08-04 02:58:55.648 27401 28328 D SyndHandler: Recognized Atom namespace
08-04 02:58:55.648 27401 28328 D SyndHandler: Recognized Content namespace
08-04 02:58:55.657 27401 28328 D OnlineFeedViewActivity: Deleted feed source file. Result: true
08-04 02:58:55.658 27401 27401 D OnlineFeedViewActivity: Removing HTML from shownotes
08-04 02:58:55.719 27401 27401 W art     : Before Android 4.1, method int androidx.appcompat.widget.DropDownListView.lookForSelectablePosition(int, boolean) would have incorrectly overridden the package-private method in android.widget.ListView
08-04 02:58:55.725 27401 27401 I ListPopupWindow: Could not find method setEpicenterBounds(Rect) on PopupWindow. Oh well.
08-04 02:58:55.732 27401 28337 D ApOkHttpUrlLoader: buildLoadData() called with: model = [https://content.production.cdn.art19.com/images/89/e0/88/44/89e08844-ac28-4fc0-96fa-15a41fec2014/262c12ed699a8d9720dea0bd66449d998e4a08cf18095bed170ccaa76722045fa5dbf7a366918b2db7e3acf29ad22f6b99fd659a9409cb807bf2781d968932f8.jpeg], width = [350], height = [350]
08-04 02:58:55.738 27401 28142 D DBReader: getImageAuthentication() called with: imageUrl = [https://content.production.cdn.art19.com/images/89/e0/88/44/89e08844-ac28-4fc0-96fa-15a41fec2014/262c12ed699a8d9720dea0bd66449d998e4a08cf18095bed170ccaa76722045fa5dbf7a366918b2db7e3acf29ad22f6b99fd659a9409cb807bf2781d968932f8.jpeg]
08-04 02:58:55.740 27401 28142 D ApOkHttpUrlLoader: no credentials for 'https://content.production.cdn.art19.com/images/89/e0/88/44/89e08844-ac28-4fc0-96fa-15a41fec2014/262c12ed699a8d9720dea0bd66449d998e4a08cf18095bed170ccaa76722045fa5dbf7a366918b2db7e3acf29ad22f6b99fd659a9409cb807bf2781d968932f8.jpeg'
08-04 02:58:55.755 27401 27401 D PlaybackController: Releasing PlaybackController
08-04 02:58:55.757 27401 27477 I art     : Starting a blocking GC Explicit
08-04 02:58:55.783 27401 27477 I art     : Explicit concurrent mark sweep GC freed 15874(1075KB) AllocSpace objects, 7(232KB) LOS objects, 37% free, 27MB/43MB, paused 618us total 25.786ms
08-04 02:58:55.792 27401 27477 I art     : Starting a blocking GC Explicit
08-04 02:58:55.810 27401 27477 I art     : Explicit concurrent mark sweep GC freed 741(35KB) AllocSpace objects, 1(112KB) LOS objects, 37% free, 26MB/42MB, paused 474us total 18.624ms
08-04 02:58:55.817 27401 27477 I art     : Starting a blocking GC Explicit
08-04 02:58:55.834 27401 27477 I art     : Explicit concurrent mark sweep GC freed 67(5KB) AllocSpace objects, 0(0B) LOS objects, 37% free, 26MB/42MB, paused 456us total 17.552ms
08-04 02:58:55.841 27401 27477 I art     : Starting a blocking GC Explicit
08-04 02:58:55.859 27401 27477 I art     : Explicit concurrent mark sweep GC freed 14(688B) AllocSpace objects, 0(0B) LOS objects, 37% free, 26MB/42MB, paused 458us total 17.997ms
08-04 02:58:55.866 27401 27477 I art     : Starting a blocking GC Explicit
08-04 02:58:55.885 27401 27477 I art     : Explicit concurrent mark sweep GC freed 7(256B) AllocSpace objects, 0(0B) LOS objects, 37% free, 26MB/42MB, paused 455us total 18.822ms
08-04 02:58:56.082 27401 28142 D MYTAG   : interceptor 2a
08-04 02:58:56.082 27401 28142 I NAPPA_EXPERIMENTATION: MetricNetworkRequestExecutionTime: REQUEST_DURATION_SYSTEM='342',REQUEST_DURATION_OKHTTP='150',REQUEST_SYNCHRONOUS='TRUE',RESPONSE_CODE='200',RESPONSE_METHOD='GET',RESPONSE_LENGTH_OKHTTP='2466122',RESPONSE_LENGTH_HEADER='2466122',REQUEST_PROTOCOL='h2',REQUEST_URL='https://content.production.cdn.art19.com/images/89/e0/88/44/89e08844-ac28-4fc0-96fa-15a41fec2014/262c12ed699a8d9720dea0bd66449d998e4a08cf18095bed170ccaa76722045fa5dbf7a366918b2db7e3acf29ad22f6b99fd659a9409cb807bf2781d968932f8.jpeg',
08-04 02:58:56.152 27401 27414 I art     : Starting a blocking GC Explicit
08-04 02:58:56.174 27401 27414 I art     : Explicit concurrent mark sweep GC freed 5971(290KB) AllocSpace objects, 1(20KB) LOS objects, 37% free, 27MB/43MB, paused 563us total 22.202ms
08-04 02:58:56.182 27401 27414 I art     : Starting a blocking GC Explicit
08-04 02:58:56.202 27401 27414 I art     : Explicit concurrent mark sweep GC freed 104(3KB) AllocSpace objects, 0(0B) LOS objects, 37% free, 27MB/43MB, paused 507us total 20.068ms
08-04 02:58:56.209 27401 27414 I art     : Starting a blocking GC Explicit
08-04 02:58:56.229 27401 27414 I art     : Explicit concurrent mark sweep GC freed 51(1632B) AllocSpace objects, 0(0B) LOS objects, 37% free, 27MB/43MB, paused 523us total 19.421ms
08-04 02:58:56.235 27401 27414 I art     : Starting a blocking GC Explicit
08-04 02:58:56.254 27401 27414 I art     : Explicit concurrent mark sweep GC freed 45(1440B) AllocSpace objects, 0(0B) LOS objects, 37% free, 27MB/43MB, paused 448us total 18.794ms
08-04 02:58:56.261 27401 27414 I art     : Starting a blocking GC Explicit
08-04 02:58:56.279 27401 27414 I art     : Explicit concurrent mark sweep GC freed 57(1824B) AllocSpace objects, 0(0B) LOS objects, 37% free, 27MB/43MB, paused 477us total 17.914ms
08-04 02:58:56.528 27401 27413 I art     : Starting a blocking GC Explicit
08-04 02:58:56.549 27401 27413 I art     : Explicit concurrent mark sweep GC freed 2796(154KB) AllocSpace objects, 1(20KB) LOS objects, 36% free, 27MB/43MB, paused 478us total 20.822ms
08-04 02:58:56.556 27401 27413 I art     : Starting a blocking GC Explicit
08-04 02:58:56.576 27401 27413 I art     : Explicit concurrent mark sweep GC freed 42(1312B) AllocSpace objects, 0(0B) LOS objects, 36% free, 27MB/43MB, paused 465us total 20.448ms
08-04 02:58:56.585 27401 27413 I art     : Starting a blocking GC Explicit
08-04 02:58:56.586   518   646 I ThermalEngine: ACTION: GPU - Setting GPU[0] to 510000000
08-04 02:58:56.610 27401 27413 I art     : Explicit concurrent mark sweep GC freed 3(96B) AllocSpace objects, 0(0B) LOS objects, 36% free, 27MB/43MB, paused 632us total 23.768ms
08-04 02:58:56.619 27401 27413 I art     : Starting a blocking GC Explicit
08-04 02:58:56.645 27401 27413 I art     : Explicit concurrent mark sweep GC freed 3(96B) AllocSpace objects, 0(0B) LOS objects, 36% free, 27MB/43MB, paused 956us total 26.433ms
08-04 02:58:56.654 27401 27413 I art     : Starting a blocking GC Explicit
08-04 02:58:56.679 27401 27413 I art     : Explicit concurrent mark sweep GC freed 3(96B) AllocSpace objects, 0(0B) LOS objects, 36% free, 27MB/43MB, paused 610us total 24.886ms
08-04 02:58:56.992 27401 27477 I art     : Starting a blocking GC Explicit
08-04 02:58:57.028 27401 27477 I art     : Explicit concurrent mark sweep GC freed 1369(80KB) AllocSpace objects, 1(20KB) LOS objects, 36% free, 27MB/43MB, paused 814us total 36.196ms
08-04 02:58:57.041 27401 27477 I art     : Starting a blocking GC Explicit
08-04 02:58:57.069 27401 27477 I art     : Explicit concurrent mark sweep GC freed 23(752B) AllocSpace objects, 0(0B) LOS objects, 36% free, 27MB/43MB, paused 664us total 27.301ms
08-04 02:58:57.078 27401 27477 I art     : Starting a blocking GC Explicit
08-04 02:58:57.105 27401 27477 I art     : Explicit concurrent mark sweep GC freed 3(96B) AllocSpace objects, 0(0B) LOS objects, 36% free, 27MB/43MB, paused 717us total 26.250ms
08-04 02:58:57.114 27401 27477 I art     : Starting a blocking GC Explicit
08-04 02:58:57.141 27401 27477 I art     : Explicit concurrent mark sweep GC freed 3(96B) AllocSpace objects, 0(0B) LOS objects, 36% free, 27MB/43MB, paused 637us total 26.468ms
08-04 02:58:57.150 27401 27477 I art     : Starting a blocking GC Explicit
08-04 02:58:57.177 27401 27477 I art     : Explicit concurrent mark sweep GC freed 3(96B) AllocSpace objects, 0(0B) LOS objects, 36% free, 27MB/43MB, paused 628us total 25.985ms
08-04 02:58:57.492 27401 27937 I art     : Starting a blocking GC Explicit
08-04 02:58:57.522 27401 27937 I art     : Explicit concurrent mark sweep GC freed 1418(81KB) AllocSpace objects, 1(20KB) LOS objects, 36% free, 27MB/43MB, paused 634us total 29.570ms
08-04 02:58:57.532 27401 27937 I art     : Starting a blocking GC Explicit
08-04 02:58:57.558 27401 27937 I art     : Explicit concurrent mark sweep GC freed 27(880B) AllocSpace objects, 0(0B) LOS objects, 36% free, 27MB/43MB, paused 643us total 25.706ms
08-04 02:58:57.568 27401 27937 I art     : Starting a blocking GC Explicit
08-04 02:58:57.593 27401 27937 I art     : Explicit concurrent mark sweep GC freed 6(192B) AllocSpace objects, 0(0B) LOS objects, 36% free, 27MB/43MB, paused 620us total 24.807ms
08-04 02:58:57.602 27401 27937 I art     : Starting a blocking GC Explicit
08-04 02:58:57.626 27401 27937 I art     : Explicit concurrent mark sweep GC freed 3(96B) AllocSpace objects, 0(0B) LOS objects, 36% free, 27MB/43MB, paused 605us total 23.725ms
08-04 02:58:57.635 27401 27937 I art     : Starting a blocking GC Explicit
08-04 02:58:57.660 27401 27937 I art     : Explicit concurrent mark sweep GC freed 3(96B) AllocSpace objects, 0(0B) LOS objects, 36% free, 27MB/43MB, paused 584us total 24.484ms
08-04 02:58:57.974 27401 27413 I art     : Starting a blocking GC Explicit
08-04 02:58:58.007 27401 27413 I art     : Explicit concurrent mark sweep GC freed 1367(82KB) AllocSpace objects, 1(20KB) LOS objects, 36% free, 27MB/43MB, paused 697us total 32.700ms
08-04 02:58:58.019 27401 27413 I art     : Starting a blocking GC Explicit
08-04 02:58:58.045 27401 27413 I art     : Explicit concurrent mark sweep GC freed 23(752B) AllocSpace objects, 0(0B) LOS objects, 36% free, 27MB/43MB, paused 617us total 25.599ms
08-04 02:58:58.054 27401 27413 I art     : Starting a blocking GC Explicit
08-04 02:58:58.080 27401 27413 I art     : Explicit concurrent mark sweep GC freed 3(96B) AllocSpace objects, 0(0B) LOS objects, 36% free, 27MB/43MB, paused 624us total 26.007ms
08-04 02:58:58.089 27401 27413 I art     : Starting a blocking GC Explicit
08-04 02:58:58.116 27401 27413 I art     : Explicit concurrent mark sweep GC freed 3(96B) AllocSpace objects, 0(0B) LOS objects, 36% free, 27MB/43MB, paused 646us total 26.123ms
08-04 02:58:58.125 27401 27413 I art     : Starting a blocking GC Explicit
08-04 02:58:58.152 27401 27413 I art     : Explicit concurrent mark sweep GC freed 3(96B) AllocSpace objects, 0(0B) LOS objects, 36% free, 27MB/43MB, paused 653us total 26.386ms
08-04 02:58:58.471 27401 27477 I art     : Starting a blocking GC Explicit
08-04 02:58:58.505 27401 27477 I art     : Explicit concurrent mark sweep GC freed 1395(80KB) AllocSpace objects, 1(20KB) LOS objects, 36% free, 27MB/43MB, paused 869us total 32.935ms
08-04 02:58:58.517 27401 27477 I art     : Starting a blocking GC Explicit
08-04 02:58:58.543 27401 27477 I art     : Explicit concurrent mark sweep GC freed 23(752B) AllocSpace objects, 0(0B) LOS objects, 36% free, 27MB/43MB, paused 638us total 25.850ms
08-04 02:58:58.552 27401 27477 I art     : Starting a blocking GC Explicit
08-04 02:58:58.579 27401 27477 I art     : Explicit concurrent mark sweep GC freed 3(96B) AllocSpace objects, 0(0B) LOS objects, 36% free, 27MB/43MB, paused 654us total 26.452ms
08-04 02:58:58.588 27401 27477 I art     : Starting a blocking GC Explicit
08-04 02:58:58.614 27401 27477 I art     : Explicit concurrent mark sweep GC freed 3(96B) AllocSpace objects, 0(0B) LOS objects, 36% free, 27MB/43MB, paused 653us total 25.973ms
08-04 02:58:58.624 27401 27477 I art     : Starting a blocking GC Explicit
08-04 02:58:58.651 27401 27477 I art     : Explicit concurrent mark sweep GC freed 3(96B) AllocSpace objects, 0(0B) LOS objects, 36% free, 27MB/43MB, paused 641us total 26.553ms
08-04 02:58:58.980 27401 27414 I art     : Starting a blocking GC Explicit
08-04 02:58:59.014 27401 27414 I art     : Explicit concurrent mark sweep GC freed 1366(80KB) AllocSpace objects, 1(20KB) LOS objects, 36% free, 27MB/43MB, paused 578us total 33.653ms
08-04 02:58:59.023 27401 27414 I art     : Starting a blocking GC Explicit
08-04 02:58:59.037 24365 28437 I NetworkScheduler.Stats: Task com.google.android.gms/com.google.android.gms.icing.service.IcingGcmTaskService started execution. cause:4 exec_start_elapsed_seconds: 1656542 [CONTEXT service_id=218 ]
08-04 02:58:59.046 27401 27414 I art     : Explicit concurrent mark sweep GC freed 23(752B) AllocSpace objects, 0(0B) LOS objects, 36% free, 27MB/43MB, paused 569us total 22.527ms
08-04 02:58:59.051 24365 23406 I NetworkScheduler.Stats: Task com.google.android.gms/com.google.android.gms.icing.service.IcingGcmTaskService finished executing. cause:4 result: 1 elapsed_millis: 36 uptime_millis: 36 exec_start_elapsed_seconds: 1656542 [CONTEXT service_id=218 ]
08-04 02:58:59.054 27401 27414 I art     : Starting a blocking GC Explicit
08-04 02:58:59.076 27401 27414 I art     : Explicit concurrent mark sweep GC freed 3(96B) AllocSpace objects, 0(0B) LOS objects, 36% free, 27MB/43MB, paused 599us total 22.146ms
08-04 02:58:59.084 27401 27414 I art     : Starting a blocking GC Explicit
08-04 02:58:59.097 24365 28437 I NetworkScheduler.Stats: Task com.google.android.gms/com.google.android.gms.clearcut.uploader.QosUploaderService started execution. cause:5 exec_start_elapsed_seconds: 1656542 [CONTEXT service_id=218 ]
08-04 02:58:59.107 27401 27414 I art     : Explicit concurrent mark sweep GC freed 3(96B) AllocSpace objects, 0(0B) LOS objects, 36% free, 27MB/43MB, paused 747us total 22.159ms
08-04 02:58:59.115 27401 27414 I art     : Starting a blocking GC Explicit
08-04 02:58:59.118 24365 28437 I NetworkScheduler.Stats: Task com.google.android.gms/com.google.android.gms.clearcut.uploader.QosUploaderService finished executing. cause:5 result: 1 elapsed_millis: 45 uptime_millis: 44 exec_start_elapsed_seconds: 1656542 [CONTEXT service_id=218 ]
08-04 02:58:59.138 27401 27414 I art     : Explicit concurrent mark sweep GC freed 3(96B) AllocSpace objects, 0(0B) LOS objects, 36% free, 27MB/43MB, paused 619us total 22.473ms
08-04 02:58:59.399 27401 27937 I art     : Starting a blocking GC Explicit
08-04 02:58:59.426 27401 27937 I art     : Explicit concurrent mark sweep GC freed 1366(80KB) AllocSpace objects, 1(20KB) LOS objects, 36% free, 27MB/43MB, paused 675us total 26.130ms
08-04 02:58:59.436 27401 27937 I art     : Starting a blocking GC Explicit
08-04 02:58:59.461 27401 27937 I art     : Explicit concurrent mark sweep GC freed 23(752B) AllocSpace objects, 0(0B) LOS objects, 36% free, 27MB/43MB, paused 710us total 24.985ms
08-04 02:58:59.470 27401 27937 I art     : Starting a blocking GC Explicit
08-04 02:58:59.495 27401 27937 I art     : Explicit concurrent mark sweep GC freed 32(880B) AllocSpace objects, 0(0B) LOS objects, 36% free, 27MB/43MB, paused 637us total 24.844ms
08-04 02:58:59.504 27401 27937 I art     : Starting a blocking GC Explicit
08-04 02:58:59.529 27401 27937 I art     : Explicit concurrent mark sweep GC freed 3(96B) AllocSpace objects, 0(0B) LOS objects, 36% free, 27MB/43MB, paused 633us total 24.588ms
08-04 02:58:59.538 27401 27937 I art     : Starting a blocking GC Explicit
08-04 02:58:59.563 27401 27937 I art     : Explicit concurrent mark sweep GC freed 3(96B) AllocSpace objects, 0(0B) LOS objects, 36% free, 27MB/43MB, paused 622us total 24.470ms
08-04 02:58:59.608 28410 28410 D AndroidRuntime: >>>>>> START com.android.internal.os.RuntimeInit uid 2000 <<<<<<
08-04 02:58:59.613 28410 28410 D AndroidRuntime: CheckJNI is OFF
08-04 02:58:59.647 28410 28410 D ICU     : No timezone override file found: /data/misc/zoneinfo/current/icu/icu_tzdata.dat
08-04 02:58:59.681 28410 28410 I Radio-JNI: register_android_hardware_Radio DONE
08-04 02:58:59.703 28410 28410 D AndroidRuntime: Calling main entry com.android.commands.input.Input
08-04 02:58:59.705 28410 28410 I Input   : injectMotionEvent: MotionEvent { action=ACTION_DOWN, actionButton=0, id[0]=0, x[0]=625.0, y[0]=832.0, toolType[0]=TOOL_TYPE_UNKNOWN, buttonState=0, metaState=0, flags=0x0, edgeFlags=0x0, pointerCount=1, historySize=0, eventTime=673156117, downTime=673156117, deviceId=0, source=0x1002 }
08-04 02:58:59.713 28410 28410 I Input   : injectMotionEvent: MotionEvent { action=ACTION_UP, actionButton=0, id[0]=0, x[0]=625.0, y[0]=832.0, toolType[0]=TOOL_TYPE_UNKNOWN, buttonState=0, metaState=0, flags=0x0, edgeFlags=0x0, pointerCount=1, historySize=0, eventTime=673156117, downTime=673156117, deviceId=0, source=0x1002 }
08-04 02:58:59.716 28410 28410 D AndroidRuntime: Shutting down VM
08-04 02:58:59.731 27401 27401 D UserPreferences: Using default data folder
08-04 02:58:59.734 27401 27401 D DownloadRequester: partiallyDownloadedFileExists: false
08-04 02:58:59.735 27401 27401 D DownloadRequester: /storage/emulated/0/Android/data/baseline.de.danoeh.antennapod.debug/files/cache/feed-Nice White Parents is available as a download destination
08-04 02:58:59.735   512  2967 D audio_hw_primary: out_set_parameters: enter: usecase(1: low-latency-playback) kvpairs: routing=2
08-04 02:58:59.738 27401 27401 D DownloadRequester: Requesting download of url https://rss.art19.com/nice-white-parents
08-04 02:58:59.748   512  2967 D audio_hw_primary: select_devices: out_snd_device(2: speaker) in_snd_device(0: none)
08-04 02:58:59.748   512  2967 D msm8974_platform: platform_send_audio_calibration: sending audio calibration for snd_device(2) acdb_id(15)
08-04 02:58:59.748   512  2967 I soundtrigger: audio_extn_sound_trigger_update_device_status: device 0x2 of type 0 for Event 1
08-04 02:58:59.749 27401 27401 D DownloadService: Service started
08-04 02:58:59.751 27401 27401 D DownloadService: parallel downloads: 4
08-04 02:58:59.753 27401 28441 D downloadCompletionThd: downloadCompletionThread was started
08-04 02:58:59.755 27401 27401 D DownloadService: Notification set up
08-04 02:58:59.759   512  2967 D audio_hw_primary: enable_snd_device: snd_device(2: speaker)
08-04 02:58:59.761   512  2967 D audio_hw_primary: enable_audio_route: apply and update mixer path: low-latency-playback speaker
08-04 02:58:59.767 27401 27401 D DownloadService: Received enqueue request
08-04 02:58:59.768 27401 27401 D OnlineFeedViewActivity: onEventMainThread() called with: event = [DownloadEvent{update=DownloaderUpdate{downloaders=[baseline.de.danoeh.antennapod.core.service.download.HttpDownloader@d992bce], feedIds=[0], mediaIds=[]}}]
08-04 02:58:59.769 27401 27401 D DownloadService: 1 downloads left
08-04 02:58:59.769 27401 27401 D DownloadService: Setting up notification updater
08-04 02:58:59.769   918  3670 D WifiService: acquireWifiLockLocked: WifiLock{Downloader type=1 binder=android.os.BinderProxy@446e7a}
08-04 02:58:59.770 27401 28445 D AntennapodHttpClient: Creating new instance of HTTP client
08-04 02:58:59.832 27401 27413 I art     : Starting a blocking GC Explicit
08-04 02:58:59.856 27401 27413 I art     : Explicit concurrent mark sweep GC freed 2641(157KB) AllocSpace objects, 1(20KB) LOS objects, 36% free, 27MB/43MB, paused 685us total 23.417ms
08-04 02:58:59.867 27401 27413 I art     : Starting a blocking GC Explicit
08-04 02:58:59.890 27401 27413 I art     : Explicit concurrent mark sweep GC freed 39(1456B) AllocSpace objects, 0(0B) LOS objects, 36% free, 27MB/43MB, paused 671us total 22.715ms
08-04 02:58:59.898 27401 27413 I art     : Starting a blocking GC Explicit
08-04 02:58:59.922 27401 27413 I art     : Explicit concurrent mark sweep GC freed 1129(79KB) AllocSpace objects, 2(120KB) LOS objects, 36% free, 28MB/44MB, paused 991us total 23.838ms
08-04 02:58:59.930 27401 27413 I art     : Starting a blocking GC Explicit
08-04 02:58:59.954 27401 27413 I art     : Explicit concurrent mark sweep GC freed 4141(237KB) AllocSpace objects, 1(80KB) LOS objects, 36% free, 27MB/43MB, paused 741us total 23.233ms
08-04 02:58:59.962 27401 27413 I art     : Starting a blocking GC Explicit
08-04 02:58:59.985 27401 27413 I art     : Explicit concurrent mark sweep GC freed 113(10KB) AllocSpace objects, 0(0B) LOS objects, 36% free, 27MB/43MB, paused 740us total 22.799ms
08-04 02:59:00.083 27401 28445 D MYTAG   : interceptor 3a https://rss.art19.com/nice-white-parents
08-04 02:59:00.083 27401 28445 I NAPPA_EXPERIMENTATION: MetricNetworkRequestExecutionTime: REQUEST_DURATION_SYSTEM='311',REQUEST_DURATION_OKHTTP='145',REQUEST_SYNCHRONOUS='TRUE',RESPONSE_CODE='200',RESPONSE_METHOD='GET',RESPONSE_LENGTH_OKHTTP='-1',RESPONSE_LENGTH_HEADER='1803',REQUEST_PROTOCOL='h2',REQUEST_URL='https://rss.art19.com/nice-white-parents',
08-04 02:59:00.083 27401 28445 D HttpDownloader: Response code is 200
08-04 02:59:00.083 27401 28445 D UserPreferences: Using default data folder
08-04 02:59:00.087 27401 28445 D HttpDownloader: Getting size of download
08-04 02:59:00.087 27401 28445 D HttpDownloader: Size is -1
08-04 02:59:00.087 27401 28445 D UserPreferences: Using default data folder
08-04 02:59:00.117 27401 28445 D HttpDownloader: Free space is 20265304064
08-04 02:59:00.117 27401 28445 D HttpDownloader: Starting download
08-04 02:59:00.120 27401 28445 D HttpDownloader: Download was successful
08-04 02:59:00.121   918  5952 D WifiService: releaseWifiLockLocked: WifiLock{Downloader type=1 binder=android.os.BinderProxy@446e7a}
08-04 02:59:00.122 27401 28441 D downloadCompletionThd: Received 'Download Complete' - message.
08-04 02:59:00.122 27401 28441 D DownloadService: Handling completed Feed Download
08-04 02:59:00.122 27401 27401 D DownloadService: Removing downloader: https://rss.art19.com/nice-white-parents
08-04 02:59:00.122 27401 27401 D DownloadService: Result of downloads.remove: true
08-04 02:59:00.122 27401 27401 D OnlineFeedViewActivity: onEventMainThread() called with: event = [DownloadEvent{update=DownloaderUpdate{downloaders=[], feedIds=[], mediaIds=[]}}]
08-04 02:59:00.128 27401 28455 D TypeGetter: Recognized type RSS 2.0
08-04 02:59:00.130 27401 28455 D SyndHandler: Recognized ITunes namespace
08-04 02:59:00.130 27401 28455 D SyndHandler: Recognized Atom namespace
08-04 02:59:00.130 27401 28455 D SyndHandler: Recognized Content namespace
08-04 02:59:00.134 27401 28455 D FeedSyncThread: Nice White Parents parsed
08-04 02:59:00.135 27401 28455 D FeedSyncThread: Deletion of file '/storage/emulated/0/Android/data/baseline.de.danoeh.antennapod.debug/files/cache/feed-Nice White Parents' successful
08-04 02:59:00.135 27401 28455 D DBReader: getFeedDownloadLog() called with: feed = [baseline.de.danoeh.antennapod.core.feed.Feed@0]
08-04 02:59:00.136 27401 28442 D FeedSyncThread: Bundling 1 feeds
08-04 02:59:00.137 27401 28460 D DBReader: Extracting Feedlist
08-04 02:59:00.138 27401 28460 D DBTasks : Found no existing Feed with title Nice White Parents. Adding as new one.
08-04 02:59:00.139 27401 28461 D PodDBAdapter: Setting feed with flattr status Nice White Parents: 0
08-04 02:59:00.140 27401 28461 D baseline.de.danoeh.antennapod.core.storage.PodDBAdapter@2def8e7: Inserting new Feed into db
08-04 02:59:00.181 27401 27401 D EventDistributor: Processing event queue. Number of events: 1
08-04 02:59:00.181 27401 27401 D EventDistributor: Notifying observers. Data: 1
08-04 02:59:00.182 27401 27401 D DownloadService: 0 downloads left
08-04 02:59:00.182 27401 27936 D DBReader: Extracting Feedlist
08-04 02:59:00.182 27401 27401 D DownloadService: Number of downloads is 0, attempting shutdown
08-04 02:59:00.182 27401 27401 D DownloadService: Service shutting down
08-04 02:59:00.183 27401 27401 D DownloadService: No report is created
08-04 02:59:00.183 27401 27401 D OnlineFeedViewActivity: onEventMainThread() called with: event = [DownloadEvent{update=DownloaderUpdate{downloaders=[], feedIds=[], mediaIds=[]}}]
08-04 02:59:00.184 27401 27401 D DownloadService: NotificationUpdater cancelled. Result: false
08-04 02:59:00.184 27401 28441 E downloadCompletionThd: DownloadCompletionThread was interrupted
08-04 02:59:00.185 27401 27401 D DBTasks : autodownloadUndownloadedItems
08-04 02:59:00.187 27401 28466 D NetworkUtils: Device is connected to Wi-Fi
08-04 02:59:00.187 27401 28466 D NetworkUtils: Auto-dl filter is disabled
08-04 02:59:00.228 27401 27477 I art     : Starting a blocking GC Explicit
08-04 02:59:00.253 27401 27477 I art     : Explicit concurrent mark sweep GC freed 2874(357KB) AllocSpace objects, 5(100KB) LOS objects, 36% free, 27MB/43MB, paused 758us total 25.203ms
08-04 02:59:00.262 27401 27477 I art     : Starting a blocking GC Explicit
08-04 02:59:00.286 27401 27477 I art     : Explicit concurrent mark sweep GC freed 331(16KB) AllocSpace objects, 0(0B) LOS objects, 36% free, 27MB/43MB, paused 750us total 24.318ms
08-04 02:59:00.295 27401 27477 I art     : Starting a blocking GC Explicit
08-04 02:59:00.298   512  2967 D audio_hw_primary: disable_audio_route: reset and update mixer path: low-latency-playback speaker
08-04 02:59:00.299   512  2967 D audio_hw_primary: disable_snd_device: snd_device(2: speaker)
08-04 02:59:00.307   512  2967 I soundtrigger: audio_extn_sound_trigger_update_device_status: device 0x2 of type 0 for Event 0
08-04 02:59:00.319 27401 27477 I art     : Explicit concurrent mark sweep GC freed 5(160B) AllocSpace objects, 0(0B) LOS objects, 36% free, 27MB/43MB, paused 728us total 23.659ms
08-04 02:59:00.328 27401 27477 I art     : Starting a blocking GC Explicit
08-04 02:59:00.352 27401 27477 I art     : Explicit concurrent mark sweep GC freed 5(160B) AllocSpace objects, 0(0B) LOS objects, 36% free, 27MB/43MB, paused 978us total 24.693ms
08-04 02:59:00.362 27401 27477 I art     : Starting a blocking GC Explicit
08-04 02:59:00.387 27401 27477 I art     : Explicit concurrent mark sweep GC freed 7(256B) AllocSpace objects, 0(0B) LOS objects, 36% free, 27MB/43MB, paused 745us total 24.221ms
08-04 02:59:00.683 27401 27477 I art     : Starting a blocking GC Explicit
08-04 02:59:00.713 27401 27477 I art     : Explicit concurrent mark sweep GC freed 1402(81KB) AllocSpace objects, 1(20KB) LOS objects, 36% free, 27MB/43MB, paused 988us total 28.894ms
08-04 02:59:00.723 27401 27477 I art     : Starting a blocking GC Explicit
08-04 02:59:00.751 27401 27477 I art     : Explicit concurrent mark sweep GC freed 25(816B) AllocSpace objects, 0(0B) LOS objects, 36% free, 27MB/43MB, paused 744us total 26.846ms
08-04 02:59:00.760 27401 27477 I art     : Starting a blocking GC Explicit
08-04 02:59:00.787 27401 27477 I art     : Explicit concurrent mark sweep GC freed 3(96B) AllocSpace objects, 0(0B) LOS objects, 36% free, 27MB/43MB, paused 930us total 27.206ms
08-04 02:59:00.797 27401 27477 I art     : Starting a blocking GC Explicit
08-04 02:59:00.824 27401 27477 I art     : Explicit concurrent mark sweep GC freed 3(96B) AllocSpace objects, 0(0B) LOS objects, 36% free, 27MB/43MB, paused 760us total 27.292ms
08-04 02:59:00.834 27401 27477 I art     : Starting a blocking GC Explicit
08-04 02:59:00.862 27401 27477 I art     : Explicit concurrent mark sweep GC freed 3(96B) AllocSpace objects, 0(0B) LOS objects, 36% free, 27MB/43MB, paused 768us total 27.692ms
08-04 02:59:01.155 27401 27937 I art     : Starting a blocking GC Explicit
08-04 02:59:01.189 27401 27937 I art     : Explicit concurrent mark sweep GC freed 1367(82KB) AllocSpace objects, 1(20KB) LOS objects, 36% free, 27MB/43MB, paused 873us total 33.877ms
08-04 02:59:01.202 27401 27937 I art     : Starting a blocking GC Explicit
08-04 02:59:01.229 27401 27937 I art     : Explicit concurrent mark sweep GC freed 23(752B) AllocSpace objects, 0(0B) LOS objects, 36% free, 27MB/43MB, paused 917us total 27.216ms
08-04 02:59:01.239 27401 27937 I art     : Starting a blocking GC Explicit
08-04 02:59:01.266 27401 27937 I art     : Explicit concurrent mark sweep GC freed 3(96B) AllocSpace objects, 0(0B) LOS objects, 36% free, 27MB/43MB, paused 754us total 26.736ms
08-04 02:59:01.275 27401 27937 I art     : Starting a blocking GC Explicit
08-04 02:59:01.303 27401 27937 I art     : Explicit concurrent mark sweep GC freed 3(96B) AllocSpace objects, 0(0B) LOS objects, 36% free, 27MB/43MB, paused 788us total 27.230ms
08-04 02:59:01.312 27401 27937 I art     : Starting a blocking GC Explicit
08-04 02:59:01.341 27401 27937 I art     : Explicit concurrent mark sweep GC freed 3(96B) AllocSpace objects, 0(0B) LOS objects, 36% free, 27MB/43MB, paused 794us total 28.144ms
08-04 02:59:01.653 27401 27414 I art     : Starting a blocking GC Explicit
08-04 02:59:01.688 27401 27414 I art     : Explicit concurrent mark sweep GC freed 1402(82KB) AllocSpace objects, 1(20KB) LOS objects, 36% free, 27MB/43MB, paused 1.012ms total 34.856ms
08-04 02:59:01.701 27401 27414 I art     : Starting a blocking GC Explicit
08-04 02:59:01.728 27401 27414 I art     : Explicit concurrent mark sweep GC freed 23(752B) AllocSpace objects, 0(0B) LOS objects, 36% free, 27MB/43MB, paused 783us total 27.549ms
08-04 02:59:01.738 27401 27414 I art     : Starting a blocking GC Explicit
08-04 02:59:01.765 27401 27414 I art     : Explicit concurrent mark sweep GC freed 3(96B) AllocSpace objects, 0(0B) LOS objects, 36% free, 27MB/43MB, paused 770us total 27.045ms
08-04 02:59:01.775 27401 27414 I art     : Starting a blocking GC Explicit
08-04 02:59:01.803 27401 27414 I art     : Explicit concurrent mark sweep GC freed 3(96B) AllocSpace objects, 0(0B) LOS objects, 36% free, 27MB/43MB, paused 810us total 27.953ms
08-04 02:59:01.812 27401 27414 I art     : Starting a blocking GC Explicit
08-04 02:59:01.840 27401 27414 I art     : Explicit concurrent mark sweep GC freed 3(96B) AllocSpace objects, 0(0B) LOS objects, 36% free, 27MB/43MB, paused 766us total 27.344ms
08-04 02:59:02.067 23402 23402 I ServiceManager: Waiting for service AtCmdFwd...
08-04 02:59:02.149 27401 27477 I art     : Starting a blocking GC Explicit
08-04 02:59:02.176 27401 27477 I art     : Explicit concurrent mark sweep GC freed 1372(82KB) AllocSpace objects, 1(20KB) LOS objects, 36% free, 27MB/43MB, paused 750us total 27.146ms
08-04 02:59:02.185 27401 27477 I art     : Starting a blocking GC Explicit
08-04 02:59:02.212 27401 27477 I art     : Explicit concurrent mark sweep GC freed 33(1136B) AllocSpace objects, 0(0B) LOS objects, 36% free, 27MB/43MB, paused 752us total 26.580ms
08-04 02:59:02.221 27401 27477 I art     : Starting a blocking GC Explicit
08-04 02:59:02.249 27401 27477 I art     : Explicit concurrent mark sweep GC freed 3(96B) AllocSpace objects, 0(0B) LOS objects, 36% free, 27MB/43MB, paused 765us total 27.259ms
08-04 02:59:02.258 27401 27477 I art     : Starting a blocking GC Explicit
08-04 02:59:02.287 27401 27477 I art     : Explicit concurrent mark sweep GC freed 3(96B) AllocSpace objects, 0(0B) LOS objects, 36% free, 27MB/43MB, paused 860us total 28.309ms
08-04 02:59:02.297 27401 27477 I art     : Starting a blocking GC Explicit
08-04 02:59:02.324 27401 27477 I art     : Explicit concurrent mark sweep GC freed 3(96B) AllocSpace objects, 0(0B) LOS objects, 36% free, 27MB/43MB, paused 770us total 26.796ms
08-04 02:59:02.634 27401 27937 I art     : Starting a blocking GC Explicit
08-04 02:59:02.669 27401 27937 I art     : Explicit concurrent mark sweep GC freed 1399(81KB) AllocSpace objects, 1(20KB) LOS objects, 36% free, 27MB/43MB, paused 876us total 33.797ms
08-04 02:59:02.680 27401 27937 I art     : Starting a blocking GC Explicit
08-04 02:59:02.708 27401 27937 I art     : Explicit concurrent mark sweep GC freed 23(752B) AllocSpace objects, 0(0B) LOS objects, 36% free, 27MB/43MB, paused 802us total 27.892ms
08-04 02:59:02.718 27401 27937 I art     : Starting a blocking GC Explicit
08-04 02:59:02.746 27401 27937 I art     : Explicit concurrent mark sweep GC freed 3(96B) AllocSpace objects, 0(0B) LOS objects, 36% free, 27MB/43MB, paused 780us total 28.049ms
08-04 02:59:02.756 27401 27937 I art     : Starting a blocking GC Explicit
08-04 02:59:02.783 27401 27937 I art     : Explicit concurrent mark sweep GC freed 3(96B) AllocSpace objects, 0(0B) LOS objects, 36% free, 27MB/43MB, paused 742us total 26.882ms
08-04 02:59:02.793 27401 27937 I art     : Starting a blocking GC Explicit
08-04 02:59:02.821 27401 27937 I art     : Explicit concurrent mark sweep GC freed 3(96B) AllocSpace objects, 0(0B) LOS objects, 36% free, 27MB/43MB, paused 768us total 27.734ms
08-04 02:59:03.068 23402 23402 I ServiceManager: Waiting for service AtCmdFwd...
08-04 02:59:03.147 27401 27414 I art     : Starting a blocking GC Explicit
08-04 02:59:03.182 27401 27414 I art     : Explicit concurrent mark sweep GC freed 1366(80KB) AllocSpace objects, 1(20KB) LOS objects, 36% free, 27MB/43MB, paused 984us total 34.308ms
08-04 02:59:03.195 27401 27414 I art     : Starting a blocking GC Explicit
08-04 02:59:03.223 27401 27414 I art     : Explicit concurrent mark sweep GC freed 23(752B) AllocSpace objects, 0(0B) LOS objects, 36% free, 27MB/43MB, paused 768us total 27.286ms
08-04 02:59:03.232 27401 27414 I art     : Starting a blocking GC Explicit
08-04 02:59:03.259 27401 27414 I art     : Explicit concurrent mark sweep GC freed 3(96B) AllocSpace objects, 0(0B) LOS objects, 36% free, 27MB/43MB, paused 765us total 27.096ms
08-04 02:59:03.269 27401 27414 I art     : Starting a blocking GC Explicit
08-04 02:59:03.296 27401 27414 I art     : Explicit concurrent mark sweep GC freed 3(96B) AllocSpace objects, 0(0B) LOS objects, 36% free, 27MB/43MB, paused 781us total 27.298ms
08-04 02:59:03.306 27401 27414 I art     : Starting a blocking GC Explicit
08-04 02:59:03.334 27401 27414 I art     : Explicit concurrent mark sweep GC freed 3(96B) AllocSpace objects, 0(0B) LOS objects, 36% free, 27MB/43MB, paused 773us total 27.362ms
08-04 02:59:03.594   518   646 I ThermalEngine: ACTION: GPU - Setting GPU[0] to 600000000
08-04 02:59:03.668 27401 27413 I art     : Starting a blocking GC Explicit
08-04 02:59:03.699 27401 27413 I art     : Explicit concurrent mark sweep GC freed 1396(82KB) AllocSpace objects, 1(20KB) LOS objects, 36% free, 27MB/43MB, paused 652us total 30.794ms
08-04 02:59:03.710 27401 27413 I art     : Starting a blocking GC Explicit
08-04 02:59:03.733 27401 27413 I art     : Explicit concurrent mark sweep GC freed 23(752B) AllocSpace objects, 0(0B) LOS objects, 36% free, 27MB/43MB, paused 564us total 22.425ms
08-04 02:59:03.741 27401 27413 I art     : Starting a blocking GC Explicit
08-04 02:59:03.763 27401 27413 I art     : Explicit concurrent mark sweep GC freed 3(96B) AllocSpace objects, 0(0B) LOS objects, 36% free, 27MB/43MB, paused 550us total 21.687ms
08-04 02:59:03.770 27401 27413 I art     : Starting a blocking GC Explicit
08-04 02:59:03.791 27401 27413 I art     : Explicit concurrent mark sweep GC freed 3(96B) AllocSpace objects, 0(0B) LOS objects, 36% free, 27MB/43MB, paused 567us total 21.161ms
08-04 02:59:03.799 27401 27413 I art     : Starting a blocking GC Explicit
08-04 02:59:03.821 27401 27413 I art     : Explicit concurrent mark sweep GC freed 3(96B) AllocSpace objects, 0(0B) LOS objects, 36% free, 27MB/43MB, paused 568us total 21.651ms
08-04 02:59:04.069 23402 23402 I ServiceManager: Waiting for service AtCmdFwd...
08-04 02:59:04.110 27401 27477 I art     : Starting a blocking GC Explicit
08-04 02:59:04.132 27401 27477 I art     : Explicit concurrent mark sweep GC freed 1366(80KB) AllocSpace objects, 1(20KB) LOS objects, 36% free, 27MB/43MB, paused 665us total 21.974ms
08-04 02:59:04.140 27401 27477 I art     : Starting a blocking GC Explicit
08-04 02:59:04.160 27401 27477 I art     : Explicit concurrent mark sweep GC freed 23(752B) AllocSpace objects, 0(0B) LOS objects, 36% free, 27MB/43MB, paused 570us total 20.483ms
08-04 02:59:04.168 27401 27477 I art     : Starting a blocking GC Explicit
08-04 02:59:04.188 27401 27477 I art     : Explicit concurrent mark sweep GC freed 3(96B) AllocSpace objects, 0(0B) LOS objects, 36% free, 27MB/43MB, paused 564us total 20.023ms
08-04 02:59:04.195 27401 27477 I art     : Starting a blocking GC Explicit
08-04 02:59:04.216 27401 27477 I art     : Explicit concurrent mark sweep GC freed 3(96B) AllocSpace objects, 0(0B) LOS objects, 36% free, 27MB/43MB, paused 576us total 20.829ms
08-04 02:59:04.223 27401 27477 I art     : Starting a blocking GC Explicit
08-04 02:59:04.244 27401 27477 I art     : Explicit concurrent mark sweep GC freed 3(96B) AllocSpace objects, 0(0B) LOS objects, 36% free, 27MB/43MB, paused 548us total 20.876ms
08-04 02:59:04.327 28537 28537 D AndroidRuntime: >>>>>> START com.android.internal.os.RuntimeInit uid 2000 <<<<<<
08-04 02:59:04.331 28537 28537 D AndroidRuntime: CheckJNI is OFF
08-04 02:59:04.361 28537 28537 D ICU     : No timezone override file found: /data/misc/zoneinfo/current/icu/icu_tzdata.dat
08-04 02:59:04.391 28537 28537 I Radio-JNI: register_android_hardware_Radio DONE
08-04 02:59:04.407 28537 28537 D AndroidRuntime: Calling main entry com.android.commands.input.Input
08-04 02:59:04.409 28537 28537 I Input   : injectKeyEvent: KeyEvent { action=ACTION_DOWN, keyCode=KEYCODE_BACK, scanCode=0, metaState=0, flags=0x0, repeatCount=0, eventTime=673160822, downTime=673160822, deviceId=-1, source=0x101 }
08-04 02:59:04.414 28537 28537 I Input   : injectKeyEvent: KeyEvent { action=ACTION_UP, keyCode=KEYCODE_BACK, scanCode=0, metaState=0, flags=0x0, repeatCount=0, eventTime=673160822, downTime=673160822, deviceId=-1, source=0x101 }
08-04 02:59:04.420 28537 28537 D AndroidRuntime: Shutting down VM
08-04 02:59:04.427 27401 27401 V PlaybackController: initServiceNotRunning()
08-04 02:59:04.427 27401 27401 D ExternalPlayerFragment: Loading media info
08-04 02:59:04.429 27401 27401 D UserPreferences: Using default data folder
08-04 02:59:04.429 27401 27936 D DBReader: getNavDrawerData() called with: 
08-04 02:59:04.432 27401 27936 D DBReader: getDownloadedItems() called
08-04 02:59:04.433 27401 27936 D DBReader: getFavoriteIDList() called
08-04 02:59:04.433 27401 27936 D DBReader: getQueueIDList() called
08-04 02:59:04.434 27401 27936 D DBReader: Extracting Feedlist
08-04 02:59:04.460 27401 27401 D MainActivity: getLastNavFragment() -> AddFeedFragment
08-04 02:59:04.461 13866 13866 I GoogleInputMethodServic: GoogleInputMethodService.onFinishInput():3138 
08-04 02:59:04.462 13866 13866 I GoogleInputMethodServic: GoogleInputMethodService.onStartInput():1808 
08-04 02:59:04.473 27401 28337 D ApOkHttpUrlLoader: buildLoadData() called with: model = [https://content.production.cdn.art19.com/images/89/e0/88/44/89e08844-ac28-4fc0-96fa-15a41fec2014/262c12ed699a8d9720dea0bd66449d998e4a08cf18095bed170ccaa76722045fa5dbf7a366918b2db7e3acf29ad22f6b99fd659a9409cb807bf2781d968932f8.jpeg], width = [140], height = [140]
08-04 02:59:04.508 27401 27413 I art     : Starting a blocking GC Explicit
08-04 02:59:04.528 27401 27413 I art     : Explicit concurrent mark sweep GC freed 2471(172KB) AllocSpace objects, 1(20KB) LOS objects, 36% free, 28MB/44MB, paused 977us total 20.183ms
08-04 02:59:04.535 27401 27413 I art     : Starting a blocking GC Explicit
08-04 02:59:04.553 27401 27413 I art     : Explicit concurrent mark sweep GC freed 497(25KB) AllocSpace objects, 0(0B) LOS objects, 36% free, 28MB/44MB, paused 562us total 18.465ms
08-04 02:59:04.560 27401 27413 I art     : Starting a blocking GC Explicit
08-04 02:59:04.580 27401 27413 I art     : Explicit concurrent mark sweep GC freed 5(128B) AllocSpace objects, 0(0B) LOS objects, 36% free, 28MB/44MB, paused 824us total 19.863ms
08-04 02:59:04.587 27401 27413 I art     : Starting a blocking GC Explicit
08-04 02:59:04.609 27401 27413 I art     : Explicit concurrent mark sweep GC freed 215(19KB) AllocSpace objects, 0(0B) LOS objects, 36% free, 28MB/44MB, paused 539us total 21.660ms
08-04 02:59:04.616 27401 27413 I art     : Starting a blocking GC Explicit
08-04 02:59:04.637 27401 27413 I art     : Explicit concurrent mark sweep GC freed 17(768B) AllocSpace objects, 0(0B) LOS objects, 36% free, 28MB/44MB, paused 696us total 20.496ms
08-04 02:59:04.768   380   380 W SurfaceFlinger: couldn't log to binary event log: overflow.
08-04 02:59:04.905 27401 27937 I art     : Starting a blocking GC Explicit
08-04 02:59:04.931 27401 27937 I art     : Explicit concurrent mark sweep GC freed 2009(107KB) AllocSpace objects, 1(20KB) LOS objects, 36% free, 28MB/44MB, paused 793us total 25.392ms
08-04 02:59:04.943 27401 27937 I art     : Starting a blocking GC Explicit
08-04 02:59:04.962 27401 27937 I art     : Explicit concurrent mark sweep GC freed 2483(152KB) AllocSpace objects, 2(248KB) LOS objects, 36% free, 27MB/43MB, paused 541us total 19.451ms
08-04 02:59:04.969 27401 27937 I art     : Starting a blocking GC Explicit
08-04 02:59:04.988 27401 27937 I art     : Explicit concurrent mark sweep GC freed 3(96B) AllocSpace objects, 0(0B) LOS objects, 36% free, 27MB/43MB, paused 556us total 19.308ms
08-04 02:59:04.996 27401 27937 I art     : Starting a blocking GC Explicit
08-04 02:59:05.016 27401 27937 I art     : Explicit concurrent mark sweep GC freed 3(96B) AllocSpace objects, 0(0B) LOS objects, 36% free, 27MB/43MB, paused 561us total 20.550ms
08-04 02:59:05.024 27401 27937 I art     : Starting a blocking GC Explicit
08-04 02:59:05.044 27401 27937 I art     : Explicit concurrent mark sweep GC freed 3(96B) AllocSpace objects, 0(0B) LOS objects, 36% free, 27MB/43MB, paused 654us total 20.435ms
08-04 02:59:05.069 23402 23402 I ServiceManager: Waiting for service AtCmdFwd...
08-04 02:59:05.332 27401 27477 I art     : Starting a blocking GC Explicit
08-04 02:59:05.362 27401 27477 I art     : Explicit concurrent mark sweep GC freed 1369(82KB) AllocSpace objects, 1(20KB) LOS objects, 36% free, 27MB/43MB, paused 638us total 29.542ms
08-04 02:59:05.374 27401 27477 I art     : Starting a blocking GC Explicit
08-04 02:59:05.396 27401 27477 I art     : Explicit concurrent mark sweep GC freed 23(752B) AllocSpace objects, 0(0B) LOS objects, 36% free, 27MB/43MB, paused 577us total 22.208ms
08-04 02:59:05.404 27401 27477 I art     : Starting a blocking GC Explicit
08-04 02:59:05.426 27401 27477 I art     : Explicit concurrent mark sweep GC freed 3(96B) AllocSpace objects, 0(0B) LOS objects, 36% free, 27MB/43MB, paused 565us total 21.403ms
08-04 02:59:05.433 27401 27477 I art     : Starting a blocking GC Explicit
08-04 02:59:05.455 27401 27477 I art     : Explicit concurrent mark sweep GC freed 3(96B) AllocSpace objects, 0(0B) LOS objects, 36% free, 27MB/43MB, paused 519us total 21.466ms
08-04 02:59:05.462 27401 27477 I art     : Starting a blocking GC Explicit
08-04 02:59:05.484 27401 27477 I art     : Explicit concurrent mark sweep GC freed 32(880B) AllocSpace objects, 0(0B) LOS objects, 36% free, 27MB/43MB, paused 668us total 20.976ms
08-04 02:59:05.605   518   646 I ThermalEngine: ACTION: GPU - Setting GPU[0] to 510000000
08-04 02:59:05.751 27401 27414 I art     : Starting a blocking GC Explicit
08-04 02:59:05.778 27401 27414 I art     : Explicit concurrent mark sweep GC freed 1368(80KB) AllocSpace objects, 1(20KB) LOS objects, 36% free, 27MB/43MB, paused 893us total 26.493ms
08-04 02:59:05.787 27401 27414 I art     : Starting a blocking GC Explicit
08-04 02:59:05.812 27401 27414 I art     : Explicit concurrent mark sweep GC freed 23(752B) AllocSpace objects, 0(0B) LOS objects, 36% free, 27MB/43MB, paused 812us total 25.287ms
08-04 02:59:05.821 27401 27414 I art     : Starting a blocking GC Explicit
08-04 02:59:05.847 27401 27414 I art     : Explicit concurrent mark sweep GC freed 3(96B) AllocSpace objects, 0(0B) LOS objects, 36% free, 27MB/43MB, paused 792us total 25.049ms
08-04 02:59:05.856 27401 27414 I art     : Starting a blocking GC Explicit
08-04 02:59:05.881 27401 27414 I art     : Explicit concurrent mark sweep GC freed 3(96B) AllocSpace objects, 0(0B) LOS objects, 36% free, 27MB/43MB, paused 771us total 24.814ms
08-04 02:59:05.889 27401 27414 I art     : Starting a blocking GC Explicit
08-04 02:59:05.915 27401 27414 I art     : Explicit concurrent mark sweep GC freed 3(96B) AllocSpace objects, 0(0B) LOS objects, 36% free, 27MB/43MB, paused 832us total 25.135ms
08-04 02:59:06.070 28593 28593 D AndroidRuntime: >>>>>> START com.android.internal.os.RuntimeInit uid 2000 <<<<<<
08-04 02:59:06.070 23402 23402 I ServiceManager: Waiting for service AtCmdFwd...
08-04 02:59:06.076 28593 28593 D AndroidRuntime: CheckJNI is OFF
08-04 02:59:06.110 28593 28593 D ICU     : No timezone override file found: /data/misc/zoneinfo/current/icu/icu_tzdata.dat
08-04 02:59:06.143 28593 28593 I Radio-JNI: register_android_hardware_Radio DONE
08-04 02:59:06.165 28593 28593 D AndroidRuntime: Calling main entry com.android.commands.input.Input
08-04 02:59:06.166 28593 28593 I Input   : injectMotionEvent: MotionEvent { action=ACTION_DOWN, actionButton=0, id[0]=0, x[0]=639.0, y[0]=762.0, toolType[0]=TOOL_TYPE_UNKNOWN, buttonState=0, metaState=0, flags=0x0, edgeFlags=0x0, pointerCount=1, historySize=0, eventTime=673162579, downTime=673162579, deviceId=0, source=0x1002 }
08-04 02:59:06.172 28593 28593 I Input   : injectMotionEvent: MotionEvent { action=ACTION_UP, actionButton=0, id[0]=0, x[0]=639.0, y[0]=762.0, toolType[0]=TOOL_TYPE_UNKNOWN, buttonState=0, metaState=0, flags=0x0, edgeFlags=0x0, pointerCount=1, historySize=0, eventTime=673162579, downTime=673162579, deviceId=0, source=0x1002 }
08-04 02:59:06.177 28593 28593 D AndroidRuntime: Shutting down VM
08-04 02:59:06.223 27401 27937 I art     : Starting a blocking GC Explicit
08-04 02:59:06.249 27401 27937 I art     : Explicit concurrent mark sweep GC freed 1417(82KB) AllocSpace objects, 1(20KB) LOS objects, 36% free, 27MB/43MB, paused 784us total 25.509ms
08-04 02:59:06.256   512  2967 D audio_hw_primary: out_set_parameters: enter: usecase(1: low-latency-playback) kvpairs: routing=2
08-04 02:59:06.259 27401 27937 I art     : Starting a blocking GC Explicit
08-04 02:59:06.269   512  2967 D audio_hw_primary: select_devices: out_snd_device(2: speaker) in_snd_device(0: none)
08-04 02:59:06.269   512  2967 D msm8974_platform: platform_send_audio_calibration: sending audio calibration for snd_device(2) acdb_id(15)
08-04 02:59:06.269   512  2967 I soundtrigger: audio_extn_sound_trigger_update_device_status: device 0x2 of type 0 for Event 1
08-04 02:59:06.274 13866 13866 I GoogleInputMethodServic: GoogleInputMethodService.onFinishInput():3138 
08-04 02:59:06.274 13866 13866 I GoogleInputMethodServic: GoogleInputMethodService.onStartInput():1808 
08-04 02:59:06.278   512  2967 D audio_hw_primary: enable_snd_device: snd_device(2: speaker)
08-04 02:59:06.280   512  2967 D audio_hw_primary: enable_audio_route: apply and update mixer path: low-latency-playback speaker
08-04 02:59:06.282 27401 27937 I art     : Explicit concurrent mark sweep GC freed 217(8KB) AllocSpace objects, 0(0B) LOS objects, 36% free, 27MB/43MB, paused 934us total 23.024ms
08-04 02:59:06.291 27401 27937 I art     : Starting a blocking GC Explicit
08-04 02:59:06.315 27401 27937 I art     : Explicit concurrent mark sweep GC freed 28(1216B) AllocSpace objects, 0(0B) LOS objects, 36% free, 27MB/43MB, paused 789us total 24.122ms
08-04 02:59:06.324 27401 27937 I art     : Starting a blocking GC Explicit
08-04 02:59:06.348 27401 27937 I art     : Explicit concurrent mark sweep GC freed 15(544B) AllocSpace objects, 0(0B) LOS objects, 36% free, 27MB/43MB, paused 816us total 23.932ms
08-04 02:59:06.356 27401 27937 I art     : Starting a blocking GC Explicit
08-04 02:59:06.380 27401 27937 I art     : Explicit concurrent mark sweep GC freed 13(480B) AllocSpace objects, 0(0B) LOS objects, 36% free, 27MB/43MB, paused 760us total 23.192ms
08-04 02:59:06.494 27401 27427 I NAPPA_EXPERIMENTATION: MetricNetworkRequestExecutionTime: REQUEST_DURATION_SYSTEM='238',REQUEST_DURATION_OKHTTP='238',REQUEST_SYNCHRONOUS='TRUE',RESPONSE_CODE='200',RESPONSE_METHOD='GET',RESPONSE_LENGTH_OKHTTP='-1',RESPONSE_LENGTH_HEADER='622',REQUEST_PROTOCOL='h2',REQUEST_URL='https://itunes.apple.com/lookup?id=360084272',
08-04 02:59:06.505   918  3670 I ActivityManager: START u0 {cmp=baseline.de.danoeh.antennapod.debug/baseline.de.danoeh.antennapod.activity.OnlineFeedViewActivity (has extras)} from uid 10670 on display 0
08-04 02:59:06.532 13866 13866 I GoogleInputMethodServic: GoogleInputMethodService.onFinishInput():3138 
08-04 02:59:06.533 13866 13866 I GoogleInputMethodServic: GoogleInputMethodService.onStartInput():1808 
08-04 02:59:06.554 27401 27401 D UserPreferences: Using default data folder
08-04 02:59:06.555 27401 27401 D OnlineFeedViewActivity: Activity was started with url http://joeroganexp.joerogan.libsynpro.com/rss
08-04 02:59:06.558 27401 27401 D OnlineFeedViewActivity: Starting feed download
08-04 02:59:06.560 27401 27421 D DBReader: Extracting Feedlist
08-04 02:59:06.562   918  4400 D WifiService: acquireWifiLockLocked: WifiLock{Downloader type=1 binder=android.os.BinderProxy@4791715}
08-04 02:59:06.563 27401 27421 D AntennapodHttpClient: Creating new instance of HTTP client
08-04 02:59:06.599 27401 27421 D MYTAG   : interceptor 3a http://joeroganexp.joerogan.libsynpro.com/rss
08-04 02:59:06.599 27401 27421 I NAPPA_EXPERIMENTATION: MetricNetworkRequestExecutionTime: REQUEST_DURATION_SYSTEM='35',REQUEST_DURATION_OKHTTP='30',REQUEST_SYNCHRONOUS='TRUE',RESPONSE_CODE='200',RESPONSE_METHOD='GET',RESPONSE_LENGTH_OKHTTP='-1',RESPONSE_LENGTH_HEADER='307892',REQUEST_PROTOCOL='http/1.1',REQUEST_URL='http://joeroganexp.joerogan.libsynpro.com/rss',
08-04 02:59:06.599 27401 27421 D HttpDownloader: Response code is 200
08-04 02:59:06.599 27401 27421 D UserPreferences: Using default data folder
08-04 02:59:06.601 27401 27421 D HttpDownloader: Getting size of download
08-04 02:59:06.601 27401 27421 D HttpDownloader: Size is -1
08-04 02:59:06.601 27401 27421 D UserPreferences: Using default data folder
08-04 02:59:06.601 27401 27421 D HttpDownloader: Free space is 20265234432
08-04 02:59:06.601 27401 27421 D HttpDownloader: Starting download
08-04 02:59:06.616 13866 13866 I GoogleInputMethodServic: GoogleInputMethodService.onFinishInput():3138 
08-04 02:59:06.617 13866 13866 I GoogleInputMethodServic: GoogleInputMethodService.onStartInput():1808 
08-04 02:59:06.631 27401 27413 I art     : Starting a blocking GC Explicit
08-04 02:59:06.634   918   936 I ActivityManager: Displayed baseline.de.danoeh.antennapod.debug/baseline.de.danoeh.antennapod.activity.OnlineFeedViewActivity: +101ms
08-04 02:59:06.662 27401 27413 I art     : Explicit concurrent mark sweep GC freed 3488(234KB) AllocSpace objects, 1(20KB) LOS objects, 36% free, 27MB/43MB, paused 883us total 30.547ms
08-04 02:59:06.673 27401 27413 I art     : Starting a blocking GC Explicit
08-04 02:59:06.697 27401 27413 I art     : Explicit concurrent mark sweep GC freed 383(17KB) AllocSpace objects, 0(0B) LOS objects, 36% free, 27MB/43MB, paused 802us total 22.863ms
08-04 02:59:06.706 27401 27413 I art     : Starting a blocking GC Explicit
08-04 02:59:06.709 27401 27421 D HttpDownloader: Download was successful
08-04 02:59:06.710   918   929 D WifiService: releaseWifiLockLocked: WifiLock{Downloader type=1 binder=android.os.BinderProxy@4791715}
08-04 02:59:06.710 27401 27401 D OnlineFeedViewActivity: Parsing feed
08-04 02:59:06.714 27401 28637 D TypeGetter: Recognized type RSS 2.0
08-04 02:59:06.717 27401 28637 D SyndHandler: Recognized Atom namespace
08-04 02:59:06.717 27401 28637 D SyndHandler: Recognized ITunes namespace
08-04 02:59:06.717 27401 28637 D SyndHandler: Recognized media namespace
08-04 02:59:06.717 27401 28637 D SyndHandler: Recognized Content namespace
08-04 02:59:06.730 27401 27413 I art     : Explicit concurrent mark sweep GC freed 533(140KB) AllocSpace objects, 3(60KB) LOS objects, 36% free, 28MB/44MB, paused 857us total 23.944ms
08-04 02:59:06.738 27401 27413 I art     : Starting a blocking GC Explicit
08-04 02:59:06.762 27401 27413 I art     : Explicit concurrent mark sweep GC freed 1578(113KB) AllocSpace objects, 0(0B) LOS objects, 36% free, 28MB/44MB, paused 809us total 23.377ms
08-04 02:59:06.770 27401 27413 I art     : Starting a blocking GC Explicit
08-04 02:59:06.794 27401 27413 I art     : Explicit concurrent mark sweep GC freed 1904(99KB) AllocSpace objects, 0(0B) LOS objects, 36% free, 28MB/44MB, paused 897us total 24.009ms
08-04 02:59:06.818   512  2967 D audio_hw_primary: disable_audio_route: reset and update mixer path: low-latency-playback speaker
08-04 02:59:06.819   512  2967 D audio_hw_primary: disable_snd_device: snd_device(2: speaker)
08-04 02:59:06.828   512  2967 I soundtrigger: audio_extn_sound_trigger_update_device_status: device 0x2 of type 0 for Event 0
08-04 02:59:06.887   380   380 W SurfaceFlinger: couldn't log to binary event log: overflow.
08-04 02:59:07.025 27401 27401 D PlaybackController: Releasing PlaybackController
08-04 02:59:07.064 27401 27477 I art     : Starting a blocking GC Explicit
08-04 02:59:07.070 23402 23402 W Atfwd_Sendcmd: AtCmdFwd service not published, waiting... retryCnt : 5
08-04 02:59:07.098 27401 27477 I art     : Explicit concurrent mark sweep GC freed 23057(1241KB) AllocSpace objects, 1(20KB) LOS objects, 35% free, 28MB/44MB, paused 1.175ms total 32.993ms
08-04 02:59:07.107 27401 27477 I art     : Starting a blocking GC Explicit
08-04 02:59:07.136 27401 27477 I art     : Explicit concurrent mark sweep GC freed 4915(236KB) AllocSpace objects, 0(0B) LOS objects, 35% free, 28MB/44MB, paused 1.188ms total 28.189ms
08-04 02:59:07.145 27401 27477 I art     : Starting a blocking GC Explicit
08-04 02:59:07.172 27401 27477 I art     : Explicit concurrent mark sweep GC freed 6844(326KB) AllocSpace objects, 0(0B) LOS objects, 35% free, 28MB/44MB, paused 984us total 26.416ms
08-04 02:59:07.181 27401 27477 I art     : Starting a blocking GC Explicit
08-04 02:59:07.208 27401 27477 I art     : Explicit concurrent mark sweep GC freed 2830(145KB) AllocSpace objects, 0(0B) LOS objects, 35% free, 28MB/44MB, paused 1.289ms total 27.212ms
08-04 02:59:07.217 27401 27477 I art     : Starting a blocking GC Explicit
08-04 02:59:07.244 27401 27477 I art     : Explicit concurrent mark sweep GC freed 2715(144KB) AllocSpace objects, 0(0B) LOS objects, 35% free, 28MB/44MB, paused 1.017ms total 26.548ms
08-04 02:59:07.530 27401 27413 I art     : Starting a blocking GC Explicit
08-04 02:59:07.567 27401 27413 I art     : Explicit concurrent mark sweep GC freed 24647(1303KB) AllocSpace objects, 1(20KB) LOS objects, 35% free, 29MB/45MB, paused 1.143ms total 36.559ms
08-04 02:59:07.577 27401 27413 I art     : Starting a blocking GC Explicit
08-04 02:59:07.608 27401 27413 I art     : Explicit concurrent mark sweep GC freed 8239(387KB) AllocSpace objects, 0(0B) LOS objects, 35% free, 29MB/45MB, paused 1.628ms total 30.184ms
08-04 02:59:07.617 27401 27413 I art     : Starting a blocking GC Explicit
08-04 02:59:07.645 27401 27413 I art     : Explicit concurrent mark sweep GC freed 4559(226KB) AllocSpace objects, 0(0B) LOS objects, 35% free, 29MB/45MB, paused 986us total 27.967ms
08-04 02:59:07.655 27401 27413 I art     : Starting a blocking GC Explicit
08-04 02:59:07.683 27401 27413 I art     : Explicit concurrent mark sweep GC freed 3087(166KB) AllocSpace objects, 0(0B) LOS objects, 35% free, 29MB/45MB, paused 1.114ms total 28.102ms
08-04 02:59:07.693 27401 27413 I art     : Starting a blocking GC Explicit
08-04 02:59:07.721 27401 27413 I art     : Explicit concurrent mark sweep GC freed 3037(155KB) AllocSpace objects, 0(0B) LOS objects, 35% free, 29MB/45MB, paused 947us total 28.025ms
08-04 02:59:08.024 27401 27477 I art     : Starting a blocking GC Explicit
08-04 02:59:08.064 27401 27477 I art     : Explicit concurrent mark sweep GC freed 25848(1416KB) AllocSpace objects, 1(20KB) LOS objects, 34% free, 30MB/46MB, paused 1.542ms total 39.739ms
08-04 02:59:08.075 27401 27477 I art     : Starting a blocking GC Explicit
08-04 02:59:08.109 27401 27477 I art     : Explicit concurrent mark sweep GC freed 6332(314KB) AllocSpace objects, 0(0B) LOS objects, 34% free, 30MB/46MB, paused 2.351ms total 33.837ms
08-04 02:59:08.119 27401 27477 I art     : Starting a blocking GC Explicit
08-04 02:59:08.149 27401 27477 I art     : Explicit concurrent mark sweep GC freed 7805(378KB) AllocSpace objects, 0(0B) LOS objects, 34% free, 29MB/45MB, paused 1.097ms total 30.203ms
08-04 02:59:08.159 27401 27477 I art     : Starting a blocking GC Explicit
08-04 02:59:08.189 27401 27477 I art     : Explicit concurrent mark sweep GC freed 3224(172KB) AllocSpace objects, 0(0B) LOS objects, 34% free, 29MB/45MB, paused 952us total 29.806ms
08-04 02:59:08.199 27401 27477 I art     : Starting a blocking GC Explicit
08-04 02:59:08.228 27401 27477 I art     : Explicit concurrent mark sweep GC freed 3193(174KB) AllocSpace objects, 0(0B) LOS objects, 34% free, 30MB/46MB, paused 996us total 29.392ms
08-04 02:59:08.539 27401 27937 I art     : Starting a blocking GC Explicit
08-04 02:59:08.581 27401 27937 I art     : Explicit concurrent mark sweep GC freed 26572(1439KB) AllocSpace objects, 1(20KB) LOS objects, 34% free, 30MB/46MB, paused 1.156ms total 41.304ms
08-04 02:59:08.593 27401 27937 I art     : Starting a blocking GC Explicit
08-04 02:59:08.626 27401 27937 I art     : Explicit concurrent mark sweep GC freed 9074(433KB) AllocSpace objects, 0(0B) LOS objects, 34% free, 30MB/46MB, paused 1.304ms total 32.816ms
08-04 02:59:08.637 27401 27937 I art     : Starting a blocking GC Explicit
08-04 02:59:08.668 27401 27937 I art     : Explicit concurrent mark sweep GC freed 5658(324KB) AllocSpace objects, 0(0B) LOS objects, 34% free, 30MB/46MB, paused 1.163ms total 30.565ms
08-04 02:59:08.678 27401 27937 I art     : Starting a blocking GC Explicit
08-04 02:59:08.710 27401 27937 I art     : Explicit concurrent mark sweep GC freed 3299(170KB) AllocSpace objects, 0(0B) LOS objects, 34% free, 30MB/46MB, paused 1.071ms total 31.528ms
08-04 02:59:08.720 27401 27937 I art     : Starting a blocking GC Explicit
08-04 02:59:08.752 27401 27937 I art     : Explicit concurrent mark sweep GC freed 3426(145KB) AllocSpace objects, 0(0B) LOS objects, 34% free, 30MB/46MB, paused 1.068ms total 31.367ms
08-04 02:59:09.075 27401 27413 I art     : Starting a blocking GC Explicit
08-04 02:59:09.078 27401 28637 D OnlineFeedViewActivity: Deleted feed source file. Result: true
08-04 02:59:09.090 27401 27401 D OnlineFeedViewActivity: Removing HTML from shownotes
08-04 02:59:09.122 27401 27413 I art     : Explicit concurrent mark sweep GC freed 46232(2MB) AllocSpace objects, 87(5MB) LOS objects, 31% free, 34MB/50MB, paused 1.207ms total 46.830ms
08-04 02:59:09.135 27401 27413 I art     : Starting a blocking GC Explicit
08-04 02:59:09.175 27401 27413 I art     : Explicit concurrent mark sweep GC freed 47792(3MB) AllocSpace objects, 210(13MB) LOS objects, 32% free, 33MB/49MB, paused 1.262ms total 40.326ms
08-04 02:59:09.186 27401 27413 I art     : Starting a blocking GC Explicit
08-04 02:59:09.226 27401 27413 I art     : Explicit concurrent mark sweep GC freed 52396(4MB) AllocSpace objects, 201(13MB) LOS objects, 32% free, 33MB/49MB, paused 1.153ms total 39.011ms
08-04 02:59:09.238 27401 27413 I art     : Starting a blocking GC Explicit
08-04 02:59:09.279 27401 27413 I art     : Explicit concurrent mark sweep GC freed 47771(3MB) AllocSpace objects, 208(13MB) LOS objects, 32% free, 32MB/48MB, paused 1.038ms total 40.893ms
08-04 02:59:09.291 27401 27413 I art     : Starting a blocking GC Explicit
08-04 02:59:09.333 27401 27413 I art     : Explicit concurrent mark sweep GC freed 47082(3MB) AllocSpace objects, 213(14MB) LOS objects, 32% free, 32MB/48MB, paused 1.122ms total 41.904ms
08-04 02:59:09.502 27401 28337 D ApOkHttpUrlLoader: buildLoadData() called with: model = [http://static.libsyn.com/p/assets/7/1/f/3/71f3014e14ef2722/JREiTunesImage2.jpg], width = [350], height = [350]
08-04 02:59:09.504 27401 28142 D DBReader: getImageAuthentication() called with: imageUrl = [http://static.libsyn.com/p/assets/7/1/f/3/71f3014e14ef2722/JREiTunesImage2.jpg]
08-04 02:59:09.505 27401 28142 D ApOkHttpUrlLoader: no credentials for 'http://static.libsyn.com/p/assets/7/1/f/3/71f3014e14ef2722/JREiTunesImage2.jpg'
08-04 02:59:09.562 27401 28142 D MYTAG   : interceptor 2a
08-04 02:59:09.562 27401 28142 I NAPPA_EXPERIMENTATION: MetricNetworkRequestExecutionTime: REQUEST_DURATION_SYSTEM='57',REQUEST_DURATION_OKHTTP='32',REQUEST_SYNCHRONOUS='TRUE',RESPONSE_CODE='200',RESPONSE_METHOD='GET',RESPONSE_LENGTH_OKHTTP='402832',RESPONSE_LENGTH_HEADER='402832',REQUEST_PROTOCOL='http/1.1',REQUEST_URL='http://static.libsyn.com/p/assets/7/1/f/3/71f3014e14ef2722/JREiTunesImage2.jpg',
08-04 02:59:09.606 27401 27413 I art     : Starting a blocking GC Explicit
08-04 02:59:09.647 27401 27413 I art     : Explicit concurrent mark sweep GC freed 25060(2MB) AllocSpace objects, 150(9MB) LOS objects, 33% free, 31MB/47MB, paused 908us total 41.204ms
08-04 02:59:09.659 27401 27413 I art     : Starting a blocking GC Explicit
08-04 02:59:09.695 27401 27413 I art     : Explicit concurrent mark sweep GC freed 660(41KB) AllocSpace objects, 1(112KB) LOS objects, 33% free, 31MB/47MB, paused 808us total 35.560ms
08-04 02:59:09.707 27401 27413 I art     : Starting a blocking GC Explicit
08-04 02:59:09.742 27401 27413 I art     : Explicit concurrent mark sweep GC freed 78(3KB) AllocSpace objects, 0(0B) LOS objects, 33% free, 31MB/47MB, paused 777us total 34.887ms
08-04 02:59:09.753 27401 27413 I art     : Starting a blocking GC Explicit
08-04 02:59:09.790 27401 27413 I art     : Explicit concurrent mark sweep GC freed 5(176B) AllocSpace objects, 0(0B) LOS objects, 33% free, 31MB/47MB, paused 796us total 36.742ms
08-04 02:59:09.803 27401 27413 I art     : Starting a blocking GC Explicit
08-04 02:59:09.840 27401 27413 I art     : Explicit concurrent mark sweep GC freed 3(96B) AllocSpace objects, 0(0B) LOS objects, 33% free, 31MB/47MB, paused 791us total 36.905ms
08-04 02:59:10.173 27401 27477 I art     : Starting a blocking GC Explicit
08-04 02:59:10.222 27401 27477 I art     : Explicit concurrent mark sweep GC freed 1367(80KB) AllocSpace objects, 1(20KB) LOS objects, 33% free, 31MB/47MB, paused 881us total 47.717ms
08-04 02:59:10.236 27401 27477 I art     : Starting a blocking GC Explicit
08-04 02:59:10.274 27401 27477 I art     : Explicit concurrent mark sweep GC freed 23(752B) AllocSpace objects, 0(0B) LOS objects, 33% free, 31MB/47MB, paused 830us total 37.960ms
08-04 02:59:10.287 27401 27477 I art     : Starting a blocking GC Explicit
08-04 02:59:10.326 27401 27477 I art     : Explicit concurrent mark sweep GC freed 3(96B) AllocSpace objects, 0(0B) LOS objects, 33% free, 31MB/47MB, paused 824us total 38.805ms
08-04 02:59:10.338 27401 27477 I art     : Starting a blocking GC Explicit
08-04 02:59:10.375 27401 27477 I art     : Explicit concurrent mark sweep GC freed 3(96B) AllocSpace objects, 0(0B) LOS objects, 33% free, 31MB/47MB, paused 765us total 36.770ms
08-04 02:59:10.387 27401 27477 I art     : Starting a blocking GC Explicit
08-04 02:59:10.424 27401 27477 I art     : Explicit concurrent mark sweep GC freed 3(96B) AllocSpace objects, 0(0B) LOS objects, 33% free, 31MB/47MB, paused 791us total 36.479ms
08-04 02:59:10.733 27401 27937 I art     : Starting a blocking GC Explicit
08-04 02:59:10.771 27401 27937 I art     : Explicit concurrent mark sweep GC freed 1396(81KB) AllocSpace objects, 1(20KB) LOS objects, 33% free, 31MB/47MB, paused 829us total 38.032ms
08-04 02:59:10.783 27401 27937 I art     : Starting a blocking GC Explicit
08-04 02:59:10.821 27401 27937 I art     : Explicit concurrent mark sweep GC freed 23(752B) AllocSpace objects, 0(0B) LOS objects, 33% free, 31MB/47MB, paused 822us total 37.476ms
08-04 02:59:10.833 27401 27937 I art     : Starting a blocking GC Explicit
08-04 02:59:10.854 28709 28709 D AndroidRuntime: >>>>>> START com.android.internal.os.RuntimeInit uid 2000 <<<<<<
08-04 02:59:10.859 28709 28709 D AndroidRuntime: CheckJNI is OFF
08-04 02:59:10.870 27401 27937 I art     : Explicit concurrent mark sweep GC freed 3(96B) AllocSpace objects, 0(0B) LOS objects, 33% free, 31MB/47MB, paused 803us total 36.793ms
08-04 02:59:10.881 27401 27937 I art     : Starting a blocking GC Explicit
08-04 02:59:10.896 28709 28709 D ICU     : No timezone override file found: /data/misc/zoneinfo/current/icu/icu_tzdata.dat
08-04 02:59:10.917 27401 27937 I art     : Explicit concurrent mark sweep GC freed 3(96B) AllocSpace objects, 0(0B) LOS objects, 33% free, 31MB/47MB, paused 929us total 35.807ms
08-04 02:59:10.929 27401 27937 I art     : Starting a blocking GC Explicit
08-04 02:59:10.931 28709 28709 I Radio-JNI: register_android_hardware_Radio DONE
08-04 02:59:10.953 28709 28709 D AndroidRuntime: Calling main entry com.android.commands.input.Input
08-04 02:59:10.955 28709 28709 I Input   : injectMotionEvent: MotionEvent { action=ACTION_DOWN, actionButton=0, id[0]=0, x[0]=693.0, y[0]=821.0, toolType[0]=TOOL_TYPE_UNKNOWN, buttonState=0, metaState=0, flags=0x0, edgeFlags=0x0, pointerCount=1, historySize=0, eventTime=673167367, downTime=673167367, deviceId=0, source=0x1002 }
08-04 02:59:10.960 28709 28709 I Input   : injectMotionEvent: MotionEvent { action=ACTION_UP, actionButton=0, id[0]=0, x[0]=693.0, y[0]=821.0, toolType[0]=TOOL_TYPE_UNKNOWN, buttonState=0, metaState=0, flags=0x0, edgeFlags=0x0, pointerCount=1, historySize=0, eventTime=673167367, downTime=673167367, deviceId=0, source=0x1002 }
08-04 02:59:10.964 27401 27937 I art     : Explicit concurrent mark sweep GC freed 14(432B) AllocSpace objects, 0(0B) LOS objects, 33% free, 31MB/47MB, paused 1.120ms total 34.980ms
08-04 02:59:10.964 28709 28709 D AndroidRuntime: Shutting down VM
08-04 02:59:10.976 27401 27401 D UserPreferences: Using default data folder
08-04 02:59:10.977 27401 27401 D DownloadRequester: partiallyDownloadedFileExists: false
08-04 02:59:10.977 27401 27401 D DownloadRequester: /storage/emulated/0/Android/data/baseline.de.danoeh.antennapod.debug/files/cache/feed-The Joe Rogan Experience is available as a download destination
08-04 02:59:10.977   512  2967 D audio_hw_primary: out_set_parameters: enter: usecase(1: low-latency-playback) kvpairs: routing=2
08-04 02:59:10.978 27401 27401 D DownloadRequester: Requesting download of url http://joeroganexp.joerogan.libsynpro.com/rss
08-04 02:59:10.990   512  2967 D audio_hw_primary: select_devices: out_snd_device(2: speaker) in_snd_device(0: none)
08-04 02:59:10.990   512  2967 D msm8974_platform: platform_send_audio_calibration: sending audio calibration for snd_device(2) acdb_id(15)
08-04 02:59:10.991   512  2967 I soundtrigger: audio_extn_sound_trigger_update_device_status: device 0x2 of type 0 for Event 1
08-04 02:59:10.994 27401 27401 D DownloadService: Service started
08-04 02:59:10.995 27401 27401 D DownloadService: parallel downloads: 4
08-04 02:59:10.996 27401 28732 D downloadCompletionThd: downloadCompletionThread was started
08-04 02:59:10.997 27401 27401 D DownloadService: Notification set up
08-04 02:59:11.000 27401 27401 D DownloadService: Received enqueue request
08-04 02:59:11.001 27401 27401 D OnlineFeedViewActivity: onEventMainThread() called with: event = [DownloadEvent{update=DownloaderUpdate{downloaders=[baseline.de.danoeh.antennapod.core.service.download.HttpDownloader@5f414a4], feedIds=[0], mediaIds=[]}}]
08-04 02:59:11.001 27401 27401 D DownloadService: 1 downloads left
08-04 02:59:11.001 27401 27401 D DownloadService: Setting up notification updater
08-04 02:59:11.002   918  3670 D WifiService: acquireWifiLockLocked: WifiLock{Downloader type=1 binder=android.os.BinderProxy@3583cfc}
08-04 02:59:11.002 27401 28734 D AntennapodHttpClient: Creating new instance of HTTP client
08-04 02:59:11.004   512  2967 D audio_hw_primary: enable_snd_device: snd_device(2: speaker)
08-04 02:59:11.007   512  2967 D audio_hw_primary: enable_audio_route: apply and update mixer path: low-latency-playback speaker
08-04 02:59:11.100 27401 28734 D MYTAG   : interceptor 3a http://joeroganexp.joerogan.libsynpro.com/rss
08-04 02:59:11.100 27401 28734 I NAPPA_EXPERIMENTATION: MetricNetworkRequestExecutionTime: REQUEST_DURATION_SYSTEM='97',REQUEST_DURATION_OKHTTP='33',REQUEST_SYNCHRONOUS='TRUE',RESPONSE_CODE='200',RESPONSE_METHOD='GET',RESPONSE_LENGTH_OKHTTP='-1',RESPONSE_LENGTH_HEADER='307892',REQUEST_PROTOCOL='http/1.1',REQUEST_URL='http://joeroganexp.joerogan.libsynpro.com/rss',
08-04 02:59:11.100 27401 28734 D HttpDownloader: Response code is 200
08-04 02:59:11.100 27401 28734 D UserPreferences: Using default data folder
08-04 02:59:11.103 27401 28734 D HttpDownloader: Getting size of download
08-04 02:59:11.103 27401 28734 D HttpDownloader: Size is -1
08-04 02:59:11.103 27401 28734 D UserPreferences: Using default data folder
08-04 02:59:11.103 27401 28734 D HttpDownloader: Free space is 20264775680
08-04 02:59:11.103 27401 28734 D HttpDownloader: Starting download
08-04 02:59:11.214 27401 27414 I art     : Starting a blocking GC Explicit
08-04 02:59:11.223 27401 28734 D HttpDownloader: Download was successful
08-04 02:59:11.223   918  3961 D WifiService: releaseWifiLockLocked: WifiLock{Downloader type=1 binder=android.os.BinderProxy@3583cfc}
08-04 02:59:11.224 27401 28732 D downloadCompletionThd: Received 'Download Complete' - message.
08-04 02:59:11.224 27401 28732 D DownloadService: Handling completed Feed Download
08-04 02:59:11.225 27401 27401 D DownloadService: Removing downloader: http://joeroganexp.joerogan.libsynpro.com/rss
08-04 02:59:11.225 27401 27401 D DownloadService: Result of downloads.remove: true
08-04 02:59:11.229 27401 28747 D TypeGetter: Recognized type RSS 2.0
08-04 02:59:11.231 27401 28747 D SyndHandler: Recognized Atom namespace
08-04 02:59:11.231 27401 28747 D SyndHandler: Recognized ITunes namespace
08-04 02:59:11.231 27401 28747 D SyndHandler: Recognized media namespace
08-04 02:59:11.231 27401 28747 D SyndHandler: Recognized Content namespace
08-04 02:59:11.251 27401 27414 I art     : Explicit concurrent mark sweep GC freed 3905(337KB) AllocSpace objects, 4(80KB) LOS objects, 33% free, 31MB/47MB, paused 1.154ms total 36.125ms
08-04 02:59:11.262 27401 27414 I art     : Starting a blocking GC Explicit
08-04 02:59:11.299 27401 27414 I art     : Explicit concurrent mark sweep GC freed 3255(197KB) AllocSpace objects, 0(0B) LOS objects, 33% free, 31MB/47MB, paused 1.592ms total 36.891ms
08-04 02:59:11.310 27401 27414 I art     : Starting a blocking GC Explicit
08-04 02:59:11.346 27401 27414 I art     : Explicit concurrent mark sweep GC freed 3555(178KB) AllocSpace objects, 0(0B) LOS objects, 33% free, 31MB/47MB, paused 1.156ms total 35.458ms
08-04 02:59:11.357 27401 27414 I art     : Starting a blocking GC Explicit
08-04 02:59:11.393 27401 27414 I art     : Explicit concurrent mark sweep GC freed 3610(190KB) AllocSpace objects, 0(0B) LOS objects, 33% free, 31MB/47MB, paused 1.064ms total 35.093ms
08-04 02:59:11.405 27401 27414 I art     : Starting a blocking GC Explicit
08-04 02:59:11.441 27401 27414 I art     : Explicit concurrent mark sweep GC freed 3628(180KB) AllocSpace objects, 0(0B) LOS objects, 33% free, 32MB/48MB, paused 1.162ms total 36.050ms
08-04 02:59:11.549   512  2967 D audio_hw_primary: disable_audio_route: reset and update mixer path: low-latency-playback speaker
08-04 02:59:11.550   512  2967 D audio_hw_primary: disable_snd_device: snd_device(2: speaker)
08-04 02:59:11.557   512  2967 I soundtrigger: audio_extn_sound_trigger_update_device_status: device 0x2 of type 0 for Event 0
08-04 02:59:11.714 27401 27414 I art     : Starting a blocking GC Explicit
08-04 02:59:11.756 27401 27414 I art     : Explicit concurrent mark sweep GC freed 23744(1275KB) AllocSpace objects, 1(20KB) LOS objects, 32% free, 32MB/48MB, paused 1.203ms total 42.099ms
08-04 02:59:11.769 27401 27414 I art     : Starting a blocking GC Explicit
08-04 02:59:11.805 27401 27414 I art     : Explicit concurrent mark sweep GC freed 9718(467KB) AllocSpace objects, 0(0B) LOS objects, 32% free, 32MB/48MB, paused 1.250ms total 36.492ms
08-04 02:59:11.817 27401 27414 I art     : Starting a blocking GC Explicit
08-04 02:59:11.853 27401 27414 I art     : Explicit concurrent mark sweep GC freed 4369(218KB) AllocSpace objects, 0(0B) LOS objects, 32% free, 32MB/48MB, paused 1.126ms total 36.470ms
08-04 02:59:11.865 27401 27414 I art     : Starting a blocking GC Explicit
08-04 02:59:11.903 27401 27414 I art     : Explicit concurrent mark sweep GC freed 3872(194KB) AllocSpace objects, 0(0B) LOS objects, 32% free, 32MB/48MB, paused 1.214ms total 37.973ms
08-04 02:59:11.915 27401 27414 I art     : Starting a blocking GC Explicit
08-04 02:59:11.953 27401 27414 I art     : Explicit concurrent mark sweep GC freed 3917(200KB) AllocSpace objects, 0(0B) LOS objects, 32% free, 32MB/48MB, paused 1.201ms total 38.109ms
08-04 02:59:12.234 27401 27937 I art     : Starting a blocking GC Explicit
08-04 02:59:12.286 27401 27937 I art     : Explicit concurrent mark sweep GC freed 25044(1356KB) AllocSpace objects, 1(20KB) LOS objects, 32% free, 33MB/49MB, paused 1.372ms total 51.618ms
08-04 02:59:12.299 27401 27937 I art     : Starting a blocking GC Explicit
08-04 02:59:12.339 27401 27937 I art     : Explicit concurrent mark sweep GC freed 10128(479KB) AllocSpace objects, 0(0B) LOS objects, 32% free, 33MB/49MB, paused 1.327ms total 39.976ms
08-04 02:59:12.351 27401 27937 I art     : Starting a blocking GC Explicit
08-04 02:59:12.391 27401 27937 I art     : Explicit concurrent mark sweep GC freed 4535(235KB) AllocSpace objects, 0(0B) LOS objects, 32% free, 33MB/49MB, paused 1.260ms total 39.468ms
08-04 02:59:12.402 27401 27937 I art     : Starting a blocking GC Explicit
08-04 02:59:12.442 27401 27937 I art     : Explicit concurrent mark sweep GC freed 4111(211KB) AllocSpace objects, 0(0B) LOS objects, 32% free, 33MB/49MB, paused 1.239ms total 39.719ms
08-04 02:59:12.454 27401 27937 I art     : Starting a blocking GC Explicit
08-04 02:59:12.494 27401 27937 I art     : Explicit concurrent mark sweep GC freed 4106(205KB) AllocSpace objects, 0(0B) LOS objects, 32% free, 33MB/49MB, paused 1.174ms total 39.977ms
08-04 02:59:12.502 27401 27401 D OnlineFeedViewActivity: onEventMainThread() called with: event = [DownloadEvent{update=DownloaderUpdate{downloaders=[], feedIds=[], mediaIds=[]}}]
08-04 02:59:12.810 27401 27413 I art     : Starting a blocking GC Explicit
08-04 02:59:12.864 27401 27413 I art     : Explicit concurrent mark sweep GC freed 27831(1560KB) AllocSpace objects, 1(20KB) LOS objects, 31% free, 34MB/50MB, paused 1.427ms total 54.057ms
08-04 02:59:12.878 27401 27413 I art     : Starting a blocking GC Explicit
08-04 02:59:12.923 27401 27413 I art     : Explicit concurrent mark sweep GC freed 4799(234KB) AllocSpace objects, 0(0B) LOS objects, 31% free, 34MB/50MB, paused 1.518ms total 44.277ms
08-04 02:59:12.935 27401 27413 I art     : Starting a blocking GC Explicit
08-04 02:59:12.977 27401 27413 I art     : Explicit concurrent mark sweep GC freed 11986(574KB) AllocSpace objects, 0(0B) LOS objects, 31% free, 34MB/50MB, paused 1.254ms total 42.154ms
08-04 02:59:12.990 27401 27413 I art     : Starting a blocking GC Explicit
08-04 02:59:13.032 27401 27413 I art     : Explicit concurrent mark sweep GC freed 4286(221KB) AllocSpace objects, 0(0B) LOS objects, 31% free, 34MB/50MB, paused 1.182ms total 41.801ms
08-04 02:59:13.044 27401 27413 I art     : Starting a blocking GC Explicit
08-04 02:59:13.087 27401 27413 I art     : Explicit concurrent mark sweep GC freed 4345(221KB) AllocSpace objects, 0(0B) LOS objects, 31% free, 34MB/50MB, paused 1.303ms total 42.118ms
08-04 02:59:13.393 27401 27414 I art     : Starting a blocking GC Explicit
08-04 02:59:13.450 27401 27414 I art     : Explicit concurrent mark sweep GC freed 27413(1357KB) AllocSpace objects, 1(20KB) LOS objects, 31% free, 35MB/51MB, paused 1.521ms total 56.913ms
08-04 02:59:13.465 27401 27414 I art     : Starting a blocking GC Explicit
08-04 02:59:13.513 27401 27414 I art     : Explicit concurrent mark sweep GC freed 7150(314KB) AllocSpace objects, 0(0B) LOS objects, 31% free, 34MB/50MB, paused 1.428ms total 47.068ms
08-04 02:59:13.525 27401 27414 I art     : Starting a blocking GC Explicit
08-04 02:59:13.569 27401 27414 I art     : Explicit concurrent mark sweep GC freed 9644(440KB) AllocSpace objects, 0(0B) LOS objects, 31% free, 34MB/50MB, paused 1.336ms total 43.605ms
08-04 02:59:13.582 27401 27414 I art     : Starting a blocking GC Explicit
08-04 02:59:13.626 27401 27414 I art     : Explicit concurrent mark sweep GC freed 4571(217KB) AllocSpace objects, 0(0B) LOS objects, 31% free, 34MB/50MB, paused 1.306ms total 44.498ms
08-04 02:59:13.639 27401 27414 I art     : Starting a blocking GC Explicit
08-04 02:59:13.654 27401 28747 D FeedSyncThread: The Joe Rogan Experience parsed
08-04 02:59:13.663 27401 28747 D FeedSyncThread: Deletion of file '/storage/emulated/0/Android/data/baseline.de.danoeh.antennapod.debug/files/cache/feed-The Joe Rogan Experience' successful
08-04 02:59:13.663 27401 28747 D DBReader: getFeedDownloadLog() called with: feed = [baseline.de.danoeh.antennapod.core.feed.Feed@0]
08-04 02:59:13.664 27401 28733 D FeedSyncThread: Bundling 1 feeds
08-04 02:59:13.665 27401 28788 D DBReader: Extracting Feedlist
08-04 02:59:13.665 27401 28788 D DBTasks : Found no existing Feed with title The Joe Rogan Experience. Adding as new one.
08-04 02:59:13.668 27401 28461 D PodDBAdapter: Setting feed with flattr status The Joe Rogan Experience: 0
08-04 02:59:13.669 27401 28461 D baseline.de.danoeh.antennapod.core.storage.PodDBAdapter@2def8e7: Inserting new Feed into db
08-04 02:59:13.683 27401 27414 I art     : Explicit concurrent mark sweep GC freed 7079(260KB) AllocSpace objects, 0(0B) LOS objects, 31% free, 34MB/50MB, paused 1.038ms total 43.631ms
08-04 02:59:13.982 27401 27937 I art     : Starting a blocking GC Explicit
08-04 02:59:14.005 27401 27401 D OnlineFeedViewActivity: onEventMainThread() called with: event = [DownloadEvent{update=DownloaderUpdate{downloaders=[], feedIds=[], mediaIds=[]}}]
08-04 02:59:14.040 27401 27937 I art     : Explicit concurrent mark sweep GC freed 90487(6MB) AllocSpace objects, 1(20KB) LOS objects, 31% free, 34MB/50MB, paused 1.618ms total 57.760ms
08-04 02:59:14.055 27401 27937 I art     : Starting a blocking GC Explicit
08-04 02:59:14.098 27401 27937 I art     : Explicit concurrent mark sweep GC freed 16531(1234KB) AllocSpace objects, 0(0B) LOS objects, 31% free, 34MB/50MB, paused 1.097ms total 42.617ms
08-04 02:59:14.111 27401 27937 I art     : Starting a blocking GC Explicit
08-04 02:59:14.159 27401 27937 I art     : Explicit concurrent mark sweep GC freed 14082(1054KB) AllocSpace objects, 0(0B) LOS objects, 31% free, 34MB/50MB, paused 1.035ms total 47.141ms
08-04 02:59:14.172 27401 27937 I art     : Starting a blocking GC Explicit
08-04 02:59:14.196 27401 27401 D EventDistributor: Processing event queue. Number of events: 1
08-04 02:59:14.196 27401 27401 D EventDistributor: Notifying observers. Data: 1
08-04 02:59:14.196 27401 27401 D DownloadService: 0 downloads left
08-04 02:59:14.196 27401 27936 D DBReader: Extracting Feedlist
08-04 02:59:14.197 27401 27401 D DownloadService: Number of downloads is 0, attempting shutdown
08-04 02:59:14.198 27401 27401 D DownloadService: Service shutting down
08-04 02:59:14.198 27401 27401 D DownloadService: No report is created
08-04 02:59:14.198 27401 27401 D OnlineFeedViewActivity: onEventMainThread() called with: event = [DownloadEvent{update=DownloaderUpdate{downloaders=[], feedIds=[], mediaIds=[]}}]
08-04 02:59:14.200 27401 27401 D DownloadService: NotificationUpdater cancelled. Result: false
08-04 02:59:14.200 27401 28732 E downloadCompletionThd: DownloadCompletionThread was interrupted
08-04 02:59:14.201 27401 27401 D DBTasks : autodownloadUndownloadedItems
08-04 02:59:14.202 27401 28466 D NetworkUtils: Device is connected to Wi-Fi
08-04 02:59:14.202 27401 28466 D NetworkUtils: Auto-dl filter is disabled
08-04 02:59:14.217 27401 27937 I art     : Explicit concurrent mark sweep GC freed 270(33KB) AllocSpace objects, 1(20KB) LOS objects, 31% free, 34MB/50MB, paused 870us total 44.045ms
08-04 02:59:14.230 27401 27937 I art     : Starting a blocking GC Explicit
08-04 02:59:14.268 27401 27937 I art     : Explicit concurrent mark sweep GC freed 30502(3MB) AllocSpace objects, 0(0B) LOS objects, 33% free, 31MB/47MB, paused 839us total 37.879ms
08-04 02:59:14.583 27401 27477 I art     : Starting a blocking GC Explicit
08-04 02:59:14.633 27401 27477 I art     : Explicit concurrent mark sweep GC freed 1416(83KB) AllocSpace objects, 1(20KB) LOS objects, 33% free, 31MB/47MB, paused 938us total 48.736ms
08-04 02:59:14.650 27401 27477 I art     : Starting a blocking GC Explicit
08-04 02:59:14.690 27401 27477 I art     : Explicit concurrent mark sweep GC freed 23(752B) AllocSpace objects, 0(0B) LOS objects, 33% free, 31MB/47MB, paused 900us total 39.801ms
08-04 02:59:14.702 27401 27477 I art     : Starting a blocking GC Explicit
08-04 02:59:14.741 27401 27477 I art     : Explicit concurrent mark sweep GC freed 3(96B) AllocSpace objects, 0(0B) LOS objects, 33% free, 31MB/47MB, paused 880us total 38.592ms
08-04 02:59:14.753 27401 27477 I art     : Starting a blocking GC Explicit
08-04 02:59:14.792 27401 27477 I art     : Explicit concurrent mark sweep GC freed 3(96B) AllocSpace objects, 0(0B) LOS objects, 33% free, 31MB/47MB, paused 854us total 38.629ms
08-04 02:59:14.804 27401 27477 I art     : Starting a blocking GC Explicit
08-04 02:59:14.842 27401 27477 I art     : Explicit concurrent mark sweep GC freed 3(96B) AllocSpace objects, 0(0B) LOS objects, 33% free, 31MB/47MB, paused 884us total 38.093ms
08-04 02:59:15.175 27401 27413 I art     : Starting a blocking GC Explicit
08-04 02:59:15.220 27401 27413 I art     : Explicit concurrent mark sweep GC freed 1378(81KB) AllocSpace objects, 1(20KB) LOS objects, 33% free, 31MB/47MB, paused 927us total 45.265ms
08-04 02:59:15.232 27401 27413 I art     : Starting a blocking GC Explicit
08-04 02:59:15.269 27401 27413 I art     : Explicit concurrent mark sweep GC freed 23(752B) AllocSpace objects, 0(0B) LOS objects, 33% free, 31MB/47MB, paused 893us total 36.385ms
08-04 02:59:15.269 27401 27412 I art     : WaitForGcToComplete blocked for 36.612ms for cause HeapTrim
08-04 02:59:15.280 27401 27413 I art     : Starting a blocking GC Explicit
08-04 02:59:15.317 27401 27413 I art     : Explicit concurrent mark sweep GC freed 3(96B) AllocSpace objects, 0(0B) LOS objects, 33% free, 31MB/47MB, paused 881us total 35.947ms
08-04 02:59:15.328 27401 27413 I art     : Starting a blocking GC Explicit
08-04 02:59:15.365 27401 27413 I art     : Explicit concurrent mark sweep GC freed 3(96B) AllocSpace objects, 0(0B) LOS objects, 33% free, 31MB/47MB, paused 867us total 36.246ms
08-04 02:59:15.377 27401 27413 I art     : Starting a blocking GC Explicit
08-04 02:59:15.412 27401 27413 I art     : Explicit concurrent mark sweep GC freed 3(96B) AllocSpace objects, 0(0B) LOS objects, 33% free, 31MB/47MB, paused 826us total 35.608ms
08-04 02:59:15.614 28819 28819 D AndroidRuntime: >>>>>> START com.android.internal.os.RuntimeInit uid 2000 <<<<<<
08-04 02:59:15.619 28819 28819 D AndroidRuntime: CheckJNI is OFF
08-04 02:59:15.652 28819 28819 D ICU     : No timezone override file found: /data/misc/zoneinfo/current/icu/icu_tzdata.dat
08-04 02:59:15.684 28819 28819 I Radio-JNI: register_android_hardware_Radio DONE
08-04 02:59:15.706 28819 28819 D AndroidRuntime: Calling main entry com.android.commands.input.Input
08-04 02:59:15.708 28819 28819 I Input   : injectKeyEvent: KeyEvent { action=ACTION_DOWN, keyCode=KEYCODE_BACK, scanCode=0, metaState=0, flags=0x0, repeatCount=0, eventTime=673172121, downTime=673172121, deviceId=-1, source=0x101 }
08-04 02:59:15.712 28819 28819 I Input   : injectKeyEvent: KeyEvent { action=ACTION_UP, keyCode=KEYCODE_BACK, scanCode=0, metaState=0, flags=0x0, repeatCount=0, eventTime=673172121, downTime=673172121, deviceId=-1, source=0x101 }
08-04 02:59:15.718 28819 28819 D AndroidRuntime: Shutting down VM
08-04 02:59:15.722 27401 27401 V PlaybackController: initServiceNotRunning()
08-04 02:59:15.722 27401 27401 D ExternalPlayerFragment: Loading media info
08-04 02:59:15.725 27401 27401 D UserPreferences: Using default data folder
08-04 02:59:15.726 27401 27936 D DBReader: getNavDrawerData() called with: 
08-04 02:59:15.736 27401 27936 D DBReader: getDownloadedItems() called
08-04 02:59:15.737 27401 27936 D DBReader: getFavoriteIDList() called
08-04 02:59:15.737 27401 27936 D DBReader: getQueueIDList() called
08-04 02:59:15.738 27401 27936 D DBReader: Extracting Feedlist
08-04 02:59:15.741 27401 27477 I art     : Starting a blocking GC Explicit
08-04 02:59:15.757 27401 27401 D MainActivity: getLastNavFragment() -> AddFeedFragment
08-04 02:59:15.758 13866 13866 I GoogleInputMethodServic: GoogleInputMethodService.onFinishInput():3138 
08-04 02:59:15.758 13866 13866 I GoogleInputMethodServic: GoogleInputMethodService.onStartInput():1808 
08-04 02:59:15.761 27401 28337 D ApOkHttpUrlLoader: buildLoadData() called with: model = [http://static.libsyn.com/p/assets/7/1/f/3/71f3014e14ef2722/JREiTunesImage2.jpg], width = [140], height = [140]
08-04 02:59:15.776 27401 27477 I art     : Explicit concurrent mark sweep GC freed 2463(157KB) AllocSpace objects, 1(20KB) LOS objects, 33% free, 31MB/47MB, paused 1.034ms total 35.797ms
08-04 02:59:15.789 27401 27477 I art     : Starting a blocking GC Explicit
08-04 02:59:15.796 27401 28337 D ApOkHttpUrlLoader: buildLoadData() called with: model = [http://static.libsyn.com/p/assets/7/1/f/3/71f3014e14ef2722/JREiTunesImage2.jpg], width = [140], height = [140]
08-04 02:59:15.823 27401 27477 I art     : Explicit concurrent mark sweep GC freed 745(43KB) AllocSpace objects, 0(0B) LOS objects, 33% free, 31MB/47MB, paused 941us total 33.681ms
08-04 02:59:15.834 27401 27477 I art     : Starting a blocking GC Explicit
08-04 02:59:15.865 27401 27477 I art     : Explicit concurrent mark sweep GC freed 191(10KB) AllocSpace objects, 0(0B) LOS objects, 33% free, 31MB/47MB, paused 767us total 31.109ms
08-04 02:59:15.876 27401 27477 I art     : Starting a blocking GC Explicit
08-04 02:59:15.911 27401 27477 I art     : Explicit concurrent mark sweep GC freed 22(928B) AllocSpace objects, 0(0B) LOS objects, 33% free, 31MB/47MB, paused 845us total 34.574ms
08-04 02:59:15.923 27401 27477 I art     : Starting a blocking GC Explicit
08-04 02:59:15.965 27401 27477 I art     : Explicit concurrent mark sweep GC freed 3(96B) AllocSpace objects, 0(0B) LOS objects, 33% free, 31MB/47MB, paused 801us total 41.800ms
08-04 02:59:16.080   380   380 W SurfaceFlinger: couldn't log to binary event log: overflow.
08-04 02:59:16.229 27401 27477 I art     : Starting a blocking GC Explicit
08-04 02:59:16.270 27401 27477 I art     : Explicit concurrent mark sweep GC freed 2009(107KB) AllocSpace objects, 1(20KB) LOS objects, 33% free, 31MB/47MB, paused 950us total 40.583ms
08-04 02:59:16.282 27401 27477 I art     : Starting a blocking GC Explicit
08-04 02:59:16.315 27401 27477 I art     : Explicit concurrent mark sweep GC freed 33335(3MB) AllocSpace objects, 2(248KB) LOS objects, 36% free, 28MB/44MB, paused 867us total 32.706ms
08-04 02:59:16.325 27401 27477 I art     : Starting a blocking GC Explicit
08-04 02:59:16.352 27401 27477 I art     : Explicit concurrent mark sweep GC freed 3(96B) AllocSpace objects, 0(0B) LOS objects, 36% free, 28MB/44MB, paused 903us total 27.220ms
08-04 02:59:16.361 27401 27477 I art     : Starting a blocking GC Explicit
08-04 02:59:16.388 27401 27477 I art     : Explicit concurrent mark sweep GC freed 3(96B) AllocSpace objects, 0(0B) LOS objects, 36% free, 28MB/44MB, paused 919us total 26.202ms
08-04 02:59:16.397 27401 27477 I art     : Starting a blocking GC Explicit
08-04 02:59:16.425 27401 27477 I art     : Explicit concurrent mark sweep GC freed 3(96B) AllocSpace objects, 0(0B) LOS objects, 36% free, 28MB/44MB, paused 859us total 27.489ms
08-04 02:59:16.721 27401 27413 I art     : Starting a blocking GC Explicit
08-04 02:59:16.757 27401 27413 I art     : Explicit concurrent mark sweep GC freed 1402(83KB) AllocSpace objects, 1(20KB) LOS objects, 36% free, 28MB/44MB, paused 943us total 35.002ms
08-04 02:59:16.768 27401 27413 I art     : Starting a blocking GC Explicit
08-04 02:59:16.797 27401 27413 I art     : Explicit concurrent mark sweep GC freed 23(752B) AllocSpace objects, 0(0B) LOS objects, 36% free, 28MB/44MB, paused 953us total 28.321ms
08-04 02:59:16.806 27401 27413 I art     : Starting a blocking GC Explicit
08-04 02:59:16.834 27401 27413 I art     : Explicit concurrent mark sweep GC freed 3(96B) AllocSpace objects, 0(0B) LOS objects, 36% free, 28MB/44MB, paused 888us total 27.463ms
08-04 02:59:16.844 27401 27413 I art     : Starting a blocking GC Explicit
08-04 02:59:16.872 27401 27413 I art     : Explicit concurrent mark sweep GC freed 3(96B) AllocSpace objects, 0(0B) LOS objects, 36% free, 28MB/44MB, paused 868us total 27.804ms
08-04 02:59:16.881 27401 27413 I art     : Starting a blocking GC Explicit
08-04 02:59:16.910 27401 27413 I art     : Explicit concurrent mark sweep GC freed 3(96B) AllocSpace objects, 0(0B) LOS objects, 36% free, 28MB/44MB, paused 881us total 28.562ms
08-04 02:59:17.174 27401 27937 I art     : Starting a blocking GC Explicit
08-04 02:59:17.202 27401 27937 I art     : Explicit concurrent mark sweep GC freed 1373(80KB) AllocSpace objects, 1(20KB) LOS objects, 36% free, 28MB/44MB, paused 905us total 27.538ms
08-04 02:59:17.211 27401 27937 I art     : Starting a blocking GC Explicit
08-04 02:59:17.238 27401 27937 I art     : Explicit concurrent mark sweep GC freed 23(752B) AllocSpace objects, 0(0B) LOS objects, 36% free, 28MB/44MB, paused 949us total 25.955ms
08-04 02:59:17.247 27401 27937 I art     : Starting a blocking GC Explicit
08-04 02:59:17.273 27401 27937 I art     : Explicit concurrent mark sweep GC freed 3(96B) AllocSpace objects, 0(0B) LOS objects, 36% free, 28MB/44MB, paused 892us total 26.427ms
08-04 02:59:17.283 27401 27937 I art     : Starting a blocking GC Explicit
08-04 02:59:17.309 27401 27937 I art     : Explicit concurrent mark sweep GC freed 3(96B) AllocSpace objects, 0(0B) LOS objects, 36% free, 28MB/44MB, paused 885us total 26.174ms
08-04 02:59:17.318 27401 27937 I art     : Starting a blocking GC Explicit
08-04 02:59:17.345 27401 27937 I art     : Explicit concurrent mark sweep GC freed 3(96B) AllocSpace objects, 0(0B) LOS objects, 36% free, 28MB/44MB, paused 904us total 26.469ms
08-04 02:59:17.392 28862 28862 D AndroidRuntime: >>>>>> START com.android.internal.os.RuntimeInit uid 2000 <<<<<<
08-04 02:59:17.397 28862 28862 D AndroidRuntime: CheckJNI is OFF
08-04 02:59:17.428 28862 28862 D ICU     : No timezone override file found: /data/misc/zoneinfo/current/icu/icu_tzdata.dat
08-04 02:59:17.461 28862 28862 I Radio-JNI: register_android_hardware_Radio DONE
08-04 02:59:17.483 28862 28862 D AndroidRuntime: Calling main entry com.android.commands.input.Input
08-04 02:59:17.485 28862 28862 I Input   : injectMotionEvent: MotionEvent { action=ACTION_DOWN, actionButton=0, id[0]=0, x[0]=639.0, y[0]=762.0, toolType[0]=TOOL_TYPE_UNKNOWN, buttonState=0, metaState=0, flags=0x0, edgeFlags=0x0, pointerCount=1, historySize=0, eventTime=673173898, downTime=673173898, deviceId=0, source=0x1002 }
08-04 02:59:17.492 28862 28862 I Input   : injectMotionEvent: MotionEvent { action=ACTION_UP, actionButton=0, id[0]=0, x[0]=639.0, y[0]=762.0, toolType[0]=TOOL_TYPE_UNKNOWN, buttonState=0, metaState=0, flags=0x0, edgeFlags=0x0, pointerCount=1, historySize=0, eventTime=673173898, downTime=673173898, deviceId=0, source=0x1002 }
08-04 02:59:17.493 28862 28862 D AndroidRuntime: Shutting down VM
08-04 02:59:17.568   512  2967 D audio_hw_primary: out_set_parameters: enter: usecase(1: low-latency-playback) kvpairs: routing=2
08-04 02:59:17.582   512  2967 D audio_hw_primary: select_devices: out_snd_device(2: speaker) in_snd_device(0: none)
08-04 02:59:17.582   512  2967 D msm8974_platform: platform_send_audio_calibration: sending audio calibration for snd_device(2) acdb_id(15)
08-04 02:59:17.583   512  2967 I soundtrigger: audio_extn_sound_trigger_update_device_status: device 0x2 of type 0 for Event 1
08-04 02:59:17.587 13866 13866 I GoogleInputMethodServic: GoogleInputMethodService.onFinishInput():3138 
08-04 02:59:17.588 13866 13866 I GoogleInputMethodServic: GoogleInputMethodService.onStartInput():1808 
08-04 02:59:17.594   512  2967 D audio_hw_primary: enable_snd_device: snd_device(2: speaker)
08-04 02:59:17.596   512  2967 D audio_hw_primary: enable_audio_route: apply and update mixer path: low-latency-playback speaker
08-04 02:59:17.614 27401 27413 I art     : Starting a blocking GC Explicit
08-04 02:59:17.644 27401 27413 I art     : Explicit concurrent mark sweep GC freed 1886(104KB) AllocSpace objects, 1(20KB) LOS objects, 36% free, 28MB/44MB, paused 1.043ms total 29.811ms
08-04 02:59:17.653 27401 27413 I art     : Starting a blocking GC Explicit
08-04 02:59:17.680 27401 27413 I art     : Explicit concurrent mark sweep GC freed 47(1728B) AllocSpace objects, 0(0B) LOS objects, 36% free, 28MB/44MB, paused 902us total 26.467ms
08-04 02:59:17.689 27401 27413 I art     : Starting a blocking GC Explicit
08-04 02:59:17.716 27401 27413 I art     : Explicit concurrent mark sweep GC freed 13(480B) AllocSpace objects, 0(0B) LOS objects, 36% free, 28MB/44MB, paused 896us total 26.393ms
08-04 02:59:17.725 27401 27413 I art     : Starting a blocking GC Explicit
08-04 02:59:17.751 27401 27413 I art     : Explicit concurrent mark sweep GC freed 16(608B) AllocSpace objects, 0(0B) LOS objects, 36% free, 28MB/44MB, paused 1.049ms total 25.146ms
08-04 02:59:17.755 27401 27427 I NAPPA_EXPERIMENTATION: MetricNetworkRequestExecutionTime: REQUEST_DURATION_SYSTEM='189',REQUEST_DURATION_OKHTTP='188',REQUEST_SYNCHRONOUS='TRUE',RESPONSE_CODE='200',RESPONSE_METHOD='GET',RESPONSE_LENGTH_OKHTTP='-1',RESPONSE_LENGTH_HEADER='622',REQUEST_PROTOCOL='h2',REQUEST_URL='https://itunes.apple.com/lookup?id=360084272',
08-04 02:59:17.759 27401 27413 I art     : Starting a blocking GC Explicit
08-04 02:59:17.767   918  3696 I ActivityManager: START u0 {cmp=baseline.de.danoeh.antennapod.debug/baseline.de.danoeh.antennapod.activity.OnlineFeedViewActivity (has extras)} from uid 10670 on display 0
08-04 02:59:17.784 27401 27413 I art     : Explicit concurrent mark sweep GC freed 466(40KB) AllocSpace objects, 0(0B) LOS objects, 36% free, 28MB/44MB, paused 1.174ms total 24.778ms
08-04 02:59:17.793 13866 13866 I GoogleInputMethodServic: GoogleInputMethodService.onFinishInput():3138 
08-04 02:59:17.793 13866 13866 I GoogleInputMethodServic: GoogleInputMethodService.onStartInput():1808 
08-04 02:59:17.812 27401 27401 D UserPreferences: Using default data folder
08-04 02:59:17.814 27401 27401 D OnlineFeedViewActivity: Activity was started with url http://joeroganexp.joerogan.libsynpro.com/rss
08-04 02:59:17.815 27401 27401 D OnlineFeedViewActivity: Starting feed download
08-04 02:59:17.818 27401 27421 D DBReader: Extracting Feedlist
08-04 02:59:17.819   918  5481 D WifiService: acquireWifiLockLocked: WifiLock{Downloader type=1 binder=android.os.BinderProxy@98c4cdf}
08-04 02:59:17.820 27401 27421 D AntennapodHttpClient: Creating new instance of HTTP client
08-04 02:59:17.859 27401 27421 D MYTAG   : interceptor 3a http://joeroganexp.joerogan.libsynpro.com/rss
08-04 02:59:17.859 27401 27421 I NAPPA_EXPERIMENTATION: MetricNetworkRequestExecutionTime: REQUEST_DURATION_SYSTEM='39',REQUEST_DURATION_OKHTTP='32',REQUEST_SYNCHRONOUS='TRUE',RESPONSE_CODE='200',RESPONSE_METHOD='GET',RESPONSE_LENGTH_OKHTTP='-1',RESPONSE_LENGTH_HEADER='307892',REQUEST_PROTOCOL='http/1.1',REQUEST_URL='http://joeroganexp.joerogan.libsynpro.com/rss',
08-04 02:59:17.859 27401 27421 D HttpDownloader: Response code is 200
08-04 02:59:17.859 27401 27421 D UserPreferences: Using default data folder
08-04 02:59:17.860 27401 27421 D HttpDownloader: Getting size of download
08-04 02:59:17.861 27401 27421 D HttpDownloader: Size is -1
08-04 02:59:17.861 27401 27421 D UserPreferences: Using default data folder
08-04 02:59:17.861 27401 27421 D HttpDownloader: Free space is 20263546880
08-04 02:59:17.861 27401 27421 D HttpDownloader: Starting download
08-04 02:59:17.874 13866 13866 I GoogleInputMethodServic: GoogleInputMethodService.onFinishInput():3138 
08-04 02:59:17.874 13866 13866 I GoogleInputMethodServic: GoogleInputMethodService.onStartInput():1808 
08-04 02:59:17.897   918   936 I ActivityManager: Displayed baseline.de.danoeh.antennapod.debug/baseline.de.danoeh.antennapod.activity.OnlineFeedViewActivity: +104ms
08-04 02:59:17.919 27401 27422 D OpenGLRenderer: endAllStagingAnimators on 0x7f7ec7cc00 (GridView) with handle 0x7f7f4ff340
08-04 02:59:18.022 27401 27421 D HttpDownloader: Download was successful
08-04 02:59:18.023   918  3696 D WifiService: releaseWifiLockLocked: WifiLock{Downloader type=1 binder=android.os.BinderProxy@98c4cdf}
08-04 02:59:18.023 27401 27401 D OnlineFeedViewActivity: Parsing feed
08-04 02:59:18.029 27401 28906 D TypeGetter: Recognized type RSS 2.0
08-04 02:59:18.035 27401 28906 D SyndHandler: Recognized Atom namespace
08-04 02:59:18.036 27401 28906 D SyndHandler: Recognized ITunes namespace
08-04 02:59:18.036 27401 28906 D SyndHandler: Recognized media namespace
08-04 02:59:18.036 27401 28906 D SyndHandler: Recognized Content namespace
08-04 02:59:18.045 27401 27477 I art     : Starting a blocking GC Explicit
08-04 02:59:18.084 27401 27477 I art     : Explicit concurrent mark sweep GC freed 4884(436KB) AllocSpace objects, 4(80KB) LOS objects, 35% free, 28MB/44MB, paused 1.259ms total 39.682ms
08-04 02:59:18.095 27401 27477 I art     : Starting a blocking GC Explicit
08-04 02:59:18.128 27401 27477 I art     : Explicit concurrent mark sweep GC freed 3264(167KB) AllocSpace objects, 0(0B) LOS objects, 35% free, 28MB/44MB, paused 1.193ms total 32.496ms
08-04 02:59:18.133   380   380 W SurfaceFlinger: couldn't log to binary event log: overflow.
08-04 02:59:18.139   512  2967 D audio_hw_primary: disable_audio_route: reset and update mixer path: low-latency-playback speaker
08-04 02:59:18.140   512  2967 D audio_hw_primary: disable_snd_device: snd_device(2: speaker)
08-04 02:59:18.140 27401 27477 I art     : Starting a blocking GC Explicit
08-04 02:59:18.148   512  2967 I soundtrigger: audio_extn_sound_trigger_update_device_status: device 0x2 of type 0 for Event 0
08-04 02:59:18.167 27401 27477 I art     : Explicit concurrent mark sweep GC freed 2736(134KB) AllocSpace objects, 0(0B) LOS objects, 35% free, 28MB/44MB, paused 1.091ms total 26.965ms
08-04 02:59:18.176 27401 27477 I art     : Starting a blocking GC Explicit
08-04 02:59:18.201 27401 27477 I art     : Explicit concurrent mark sweep GC freed 2683(139KB) AllocSpace objects, 0(0B) LOS objects, 35% free, 28MB/44MB, paused 1.059ms total 25.093ms
08-04 02:59:18.209 27401 27477 I art     : Starting a blocking GC Explicit
08-04 02:59:18.235 27401 27477 I art     : Explicit concurrent mark sweep GC freed 2706(141KB) AllocSpace objects, 0(0B) LOS objects, 35% free, 28MB/44MB, paused 1.049ms total 25.937ms
08-04 02:59:18.269 27401 27401 D PlaybackController: Releasing PlaybackController
08-04 02:59:18.505 27401 27937 I art     : Starting a blocking GC Explicit
08-04 02:59:18.541 27401 27937 I art     : Explicit concurrent mark sweep GC freed 23376(1256KB) AllocSpace objects, 1(20KB) LOS objects, 35% free, 29MB/45MB, paused 1.197ms total 35.903ms
08-04 02:59:18.551 27401 27937 I art     : Starting a blocking GC Explicit
08-04 02:59:18.582 27401 27937 I art     : Explicit concurrent mark sweep GC freed 5186(253KB) AllocSpace objects, 0(0B) LOS objects, 35% free, 29MB/45MB, paused 1.237ms total 30.484ms
08-04 02:59:18.591 27401 27937 I art     : Starting a blocking GC Explicit
08-04 02:59:18.619 27401 27937 I art     : Explicit concurrent mark sweep GC freed 7175(346KB) AllocSpace objects, 0(0B) LOS objects, 35% free, 29MB/45MB, paused 1.221ms total 27.864ms
08-04 02:59:18.624   518   646 I ThermalEngine: ACTION: GPU - Setting GPU[0] to 450000000
08-04 02:59:18.631 27401 27937 I art     : Starting a blocking GC Explicit
08-04 02:59:18.666 27401 27937 I art     : Explicit concurrent mark sweep GC freed 2864(143KB) AllocSpace objects, 0(0B) LOS objects, 35% free, 29MB/45MB, paused 1.511ms total 34.328ms
08-04 02:59:18.678 27401 27937 I art     : Starting a blocking GC Explicit
08-04 02:59:18.714 27401 27937 I art     : Explicit concurrent mark sweep GC freed 2842(142KB) AllocSpace objects, 0(0B) LOS objects, 35% free, 29MB/45MB, paused 1.440ms total 35.404ms
08-04 02:59:19.012 27401 27937 I art     : Starting a blocking GC Explicit
08-04 02:59:19.059 27401 27937 I art     : Explicit concurrent mark sweep GC freed 20027(1056KB) AllocSpace objects, 1(20KB) LOS objects, 34% free, 30MB/46MB, paused 1.712ms total 45.878ms
08-04 02:59:19.072 27401 27937 I art     : Starting a blocking GC Explicit
08-04 02:59:19.110 27401 27937 I art     : Explicit concurrent mark sweep GC freed 4452(231KB) AllocSpace objects, 0(0B) LOS objects, 34% free, 30MB/46MB, paused 1.733ms total 37.543ms
08-04 02:59:19.123 27401 27937 I art     : Starting a blocking GC Explicit
08-04 02:59:19.159 27401 27937 I art     : Explicit concurrent mark sweep GC freed 6834(327KB) AllocSpace objects, 0(0B) LOS objects, 34% free, 29MB/45MB, paused 1.568ms total 36.149ms
08-04 02:59:19.171 27401 27937 I art     : Starting a blocking GC Explicit
08-04 02:59:19.209 27401 27937 I art     : Explicit concurrent mark sweep GC freed 3054(163KB) AllocSpace objects, 0(0B) LOS objects, 34% free, 29MB/45MB, paused 1.691ms total 37.336ms
08-04 02:59:19.221 27401 27937 I art     : Starting a blocking GC Explicit
08-04 02:59:19.260 27401 27937 I art     : Explicit concurrent mark sweep GC freed 2869(162KB) AllocSpace objects, 0(0B) LOS objects, 34% free, 30MB/46MB, paused 1.615ms total 37.902ms
08-04 02:59:19.598 27401 27477 I art     : Starting a blocking GC Explicit
08-04 02:59:19.647 27401 27477 I art     : Explicit concurrent mark sweep GC freed 22010(1186KB) AllocSpace objects, 1(20KB) LOS objects, 34% free, 30MB/46MB, paused 1.557ms total 48.187ms
08-04 02:59:19.662 27401 27477 I art     : Starting a blocking GC Explicit
08-04 02:59:19.701 27401 27477 I art     : Explicit concurrent mark sweep GC freed 7641(368KB) AllocSpace objects, 0(0B) LOS objects, 34% free, 30MB/46MB, paused 2.860ms total 38.687ms
08-04 02:59:19.713 27401 27477 I art     : Starting a blocking GC Explicit
08-04 02:59:19.752 27401 27477 I art     : Explicit concurrent mark sweep GC freed 4903(252KB) AllocSpace objects, 0(0B) LOS objects, 34% free, 30MB/46MB, paused 1.570ms total 38.443ms
08-04 02:59:19.765 27401 27477 I art     : Starting a blocking GC Explicit
08-04 02:59:19.806 27401 27477 I art     : Explicit concurrent mark sweep GC freed 3132(162KB) AllocSpace objects, 0(0B) LOS objects, 34% free, 30MB/46MB, paused 1.503ms total 40.725ms
08-04 02:59:19.820 27401 27477 I art     : Starting a blocking GC Explicit
08-04 02:59:19.861 27401 27477 I art     : Explicit concurrent mark sweep GC freed 3206(178KB) AllocSpace objects, 0(0B) LOS objects, 34% free, 30MB/46MB, paused 1.632ms total 40.894ms
08-04 02:59:20.204 27401 27414 I art     : Starting a blocking GC Explicit
08-04 02:59:20.254 27401 27414 I art     : Explicit concurrent mark sweep GC freed 22365(1216KB) AllocSpace objects, 1(20KB) LOS objects, 33% free, 31MB/47MB, paused 1.763ms total 49.473ms
08-04 02:59:20.268 27401 27414 I art     : Starting a blocking GC Explicit
08-04 02:59:20.310 27401 27414 I art     : Explicit concurrent mark sweep GC freed 7145(341KB) AllocSpace objects, 0(0B) LOS objects, 33% free, 31MB/47MB, paused 1.792ms total 41.656ms
08-04 02:59:20.323 27401 27414 I art     : Starting a blocking GC Explicit
08-04 02:59:20.365 27401 27414 I art     : Explicit concurrent mark sweep GC freed 5660(278KB) AllocSpace objects, 0(0B) LOS objects, 33% free, 31MB/47MB, paused 1.563ms total 41.188ms
08-04 02:59:20.365 27401 27412 I art     : WaitForGcToComplete blocked for 41.370ms for cause HeapTrim
08-04 02:59:20.378 27401 27414 I art     : Starting a blocking GC Explicit
08-04 02:59:20.421 27401 27414 I art     : Explicit concurrent mark sweep GC freed 3323(170KB) AllocSpace objects, 0(0B) LOS objects, 33% free, 31MB/47MB, paused 1.546ms total 42.437ms
08-04 02:59:20.434 27401 27414 I art     : Starting a blocking GC Explicit
08-04 02:59:20.477 27401 27414 I art     : Explicit concurrent mark sweep GC freed 3308(204KB) AllocSpace objects, 0(0B) LOS objects, 33% free, 31MB/47MB, paused 1.651ms total 43.299ms
08-04 02:59:20.794 27401 27477 I art     : Starting a blocking GC Explicit
08-04 02:59:20.848 27401 27477 I art     : Explicit concurrent mark sweep GC freed 21294(977KB) AllocSpace objects, 1(20KB) LOS objects, 33% free, 31MB/47MB, paused 1.729ms total 53.744ms
08-04 02:59:20.863 27401 27477 I art     : Starting a blocking GC Explicit
08-04 02:59:20.908 27401 27477 I art     : Explicit concurrent mark sweep GC freed 7236(322KB) AllocSpace objects, 0(0B) LOS objects, 33% free, 31MB/47MB, paused 3.231ms total 44.913ms
08-04 02:59:20.922 27401 27477 I art     : Starting a blocking GC Explicit
08-04 02:59:20.967 27401 27477 I art     : Explicit concurrent mark sweep GC freed 5709(260KB) AllocSpace objects, 0(0B) LOS objects, 33% free, 31MB/47MB, paused 1.741ms total 45.060ms
08-04 02:59:20.981 27401 27477 I art     : Starting a blocking GC Explicit
08-04 02:59:21.027 27401 27477 I art     : Explicit concurrent mark sweep GC freed 3577(172KB) AllocSpace objects, 0(0B) LOS objects, 33% free, 31MB/47MB, paused 1.551ms total 45.359ms
08-04 02:59:21.041 27401 27477 I art     : Starting a blocking GC Explicit
08-04 02:59:21.084 27401 27477 I art     : Explicit concurrent mark sweep GC freed 3476(159KB) AllocSpace objects, 0(0B) LOS objects, 33% free, 31MB/47MB, paused 1.518ms total 43.022ms
08-04 02:59:21.085 27401 28906 D OnlineFeedViewActivity: Deleted feed source file. Result: true
08-04 02:59:21.089 27401 27401 D OnlineFeedViewActivity: Removing HTML from shownotes
08-04 02:59:21.377 27401 27414 I art     : Waiting for a blocking GC Explicit
08-04 02:59:21.395 27401 27414 I art     : WaitForGcToComplete blocked for 17.467ms for cause Explicit
08-04 02:59:21.395 27401 27414 I art     : Starting a blocking GC Explicit
08-04 02:59:21.452 27401 27414 I art     : Explicit concurrent mark sweep GC freed 40646(3MB) AllocSpace objects, 174(11MB) LOS objects, 32% free, 33MB/49MB, paused 1.620ms total 56.565ms
08-04 02:59:21.467 27401 27414 I art     : Starting a blocking GC Explicit
08-04 02:59:21.516 27401 27414 I art     : Explicit concurrent mark sweep GC freed 42555(3MB) AllocSpace objects, 193(12MB) LOS objects, 32% free, 33MB/49MB, paused 1.518ms total 48.755ms
08-04 02:59:21.532 27401 27414 I art     : Starting a blocking GC Explicit
08-04 02:59:21.589 27401 27414 I art     : Explicit concurrent mark sweep GC freed 45628(4MB) AllocSpace objects, 236(15MB) LOS objects, 31% free, 34MB/50MB, paused 1.762ms total 56.549ms
08-04 02:59:21.604 27401 27414 I art     : Starting a blocking GC Explicit
08-04 02:59:21.650 27401 27401 I Choreographer: Skipped 32 frames!  The application may be doing too much work on its main thread.
08-04 02:59:21.657 27401 27414 I art     : Explicit concurrent mark sweep GC freed 33240(3MB) AllocSpace objects, 234(15MB) LOS objects, 33% free, 31MB/47MB, paused 1.806ms total 52.026ms
08-04 02:59:21.672 27401 27414 I art     : Starting a blocking GC Explicit
08-04 02:59:21.717 27401 27414 I art     : Explicit concurrent mark sweep GC freed 1089(55KB) AllocSpace objects, 0(0B) LOS objects, 33% free, 31MB/47MB, paused 1.158ms total 44.693ms
08-04 02:59:22.042 27401 27937 I art     : Starting a blocking GC Explicit
08-04 02:59:22.097 27401 27937 I art     : Explicit concurrent mark sweep GC freed 1862(106KB) AllocSpace objects, 2(132KB) LOS objects, 33% free, 31MB/47MB, paused 1.183ms total 55.526ms
08-04 02:59:22.113 27401 27937 I art     : Starting a blocking GC Explicit
08-04 02:59:22.163 27401 27937 I art     : Explicit concurrent mark sweep GC freed 25(832B) AllocSpace objects, 0(0B) LOS objects, 33% free, 31MB/47MB, paused 1.190ms total 49.052ms
08-04 02:59:22.178 27401 27937 I art     : Starting a blocking GC Explicit
08-04 02:59:22.227 27401 27937 I art     : Explicit concurrent mark sweep GC freed 3(96B) AllocSpace objects, 0(0B) LOS objects, 33% free, 31MB/47MB, paused 1.300ms total 49.211ms
08-04 02:59:22.242 27401 27937 I art     : Starting a blocking GC Explicit
08-04 02:59:22.283 28968 28968 D AndroidRuntime: >>>>>> START com.android.internal.os.RuntimeInit uid 2000 <<<<<<
08-04 02:59:22.287 27401 27937 I art     : Explicit concurrent mark sweep GC freed 3(96B) AllocSpace objects, 0(0B) LOS objects, 33% free, 31MB/47MB, paused 1.275ms total 44.561ms
08-04 02:59:22.289 28968 28968 D AndroidRuntime: CheckJNI is OFF
08-04 02:59:22.302 27401 27937 I art     : Starting a blocking GC Explicit
08-04 02:59:22.334 28968 28968 D ICU     : No timezone override file found: /data/misc/zoneinfo/current/icu/icu_tzdata.dat
08-04 02:59:22.349 27401 27937 I art     : Explicit concurrent mark sweep GC freed 3(96B) AllocSpace objects, 0(0B) LOS objects, 33% free, 31MB/47MB, paused 1.218ms total 47.284ms
08-04 02:59:22.382 28968 28968 I Radio-JNI: register_android_hardware_Radio DONE
08-04 02:59:22.410 28968 28968 D AndroidRuntime: Calling main entry com.android.commands.input.Input
08-04 02:59:22.412 28968 28968 I Input   : injectKeyEvent: KeyEvent { action=ACTION_DOWN, keyCode=KEYCODE_BACK, scanCode=0, metaState=0, flags=0x0, repeatCount=0, eventTime=673178825, downTime=673178825, deviceId=-1, source=0x101 }
08-04 02:59:22.418 28968 28968 I Input   : injectKeyEvent: KeyEvent { action=ACTION_UP, keyCode=KEYCODE_BACK, scanCode=0, metaState=0, flags=0x0, repeatCount=0, eventTime=673178825, downTime=673178825, deviceId=-1, source=0x101 }
08-04 02:59:22.424 28968 28968 D AndroidRuntime: Shutting down VM
08-04 02:59:22.429 27401 27401 V PlaybackController: initServiceNotRunning()
08-04 02:59:22.429 27401 27401 D ExternalPlayerFragment: Loading media info
08-04 02:59:22.434 27401 27401 D UserPreferences: Using default data folder
08-04 02:59:22.435 27401 27421 D DBReader: getNavDrawerData() called with: 
08-04 02:59:22.448 27401 27421 D DBReader: getDownloadedItems() called
08-04 02:59:22.449 27401 27421 D DBReader: getFavoriteIDList() called
08-04 02:59:22.450 27401 27421 D DBReader: getQueueIDList() called
08-04 02:59:22.450 27401 27421 D DBReader: Extracting Feedlist
08-04 02:59:22.468 13866 13866 I GoogleInputMethodServic: GoogleInputMethodService.onFinishInput():3138 
08-04 02:59:22.468 27401 27401 D MainActivity: getLastNavFragment() -> AddFeedFragment
08-04 02:59:22.468 13866 13866 I GoogleInputMethodServic: GoogleInputMethodService.onStartInput():1808 
08-04 02:59:22.654 27401 27414 I art     : Starting a blocking GC Explicit
08-04 02:59:22.711 27401 27414 I art     : Explicit concurrent mark sweep GC freed 2510(153KB) AllocSpace objects, 1(20KB) LOS objects, 33% free, 31MB/47MB, paused 1.652ms total 56.429ms
08-04 02:59:22.729 27401 27414 I art     : Starting a blocking GC Explicit
08-04 02:59:22.771   380   380 W SurfaceFlinger: couldn't log to binary event log: overflow.
08-04 02:59:22.778 27401 27414 I art     : Explicit concurrent mark sweep GC freed 910(43KB) AllocSpace objects, 0(0B) LOS objects, 33% free, 31MB/47MB, paused 1.559ms total 49.008ms
08-04 02:59:22.792 27401 27414 I art     : Starting a blocking GC Explicit
08-04 02:59:22.836 27401 27414 I art     : Explicit concurrent mark sweep GC freed 139(5KB) AllocSpace objects, 0(0B) LOS objects, 33% free, 31MB/47MB, paused 1.233ms total 43.159ms
08-04 02:59:22.850 27401 27414 I art     : Starting a blocking GC Explicit
08-04 02:59:22.896 27401 27414 I art     : Explicit concurrent mark sweep GC freed 17(784B) AllocSpace objects, 0(0B) LOS objects, 33% free, 31MB/47MB, paused 1.225ms total 45.218ms
08-04 02:59:22.911 27401 27414 I art     : Starting a blocking GC Explicit
08-04 02:59:22.959 27401 27414 I art     : Explicit concurrent mark sweep GC freed 3(96B) AllocSpace objects, 0(0B) LOS objects, 33% free, 31MB/47MB, paused 1.268ms total 47.666ms
08-04 02:59:23.284 27401 27477 I art     : Starting a blocking GC Explicit
08-04 02:59:23.347 27401 27477 I art     : Explicit concurrent mark sweep GC freed 1476(85KB) AllocSpace objects, 1(20KB) LOS objects, 33% free, 31MB/47MB, paused 1.278ms total 63.169ms
08-04 02:59:23.365 27401 27477 I art     : Starting a blocking GC Explicit
08-04 02:59:23.406 27401 27477 I art     : Explicit concurrent mark sweep GC freed 33168(3MB) AllocSpace objects, 1(28KB) LOS objects, 36% free, 28MB/44MB, paused 1.293ms total 40.342ms
08-04 02:59:23.418 27401 27477 I art     : Starting a blocking GC Explicit
08-04 02:59:23.452 27401 27477 I art     : Explicit concurrent mark sweep GC freed 3(96B) AllocSpace objects, 0(0B) LOS objects, 36% free, 28MB/44MB, paused 1.191ms total 34.178ms
08-04 02:59:23.464 27401 27477 I art     : Starting a blocking GC Explicit
08-04 02:59:23.499 27401 27477 I art     : Explicit concurrent mark sweep GC freed 32(880B) AllocSpace objects, 0(0B) LOS objects, 36% free, 28MB/44MB, paused 1.225ms total 34.404ms
08-04 02:59:23.511 27401 27477 I art     : Starting a blocking GC Explicit
08-04 02:59:23.546 27401 27477 I art     : Explicit concurrent mark sweep GC freed 3(96B) AllocSpace objects, 0(0B) LOS objects, 36% free, 28MB/44MB, paused 1.126ms total 34.572ms
08-04 02:59:23.840 27401 27413 I art     : Starting a blocking GC Explicit
08-04 02:59:23.881 27401 27413 I art     : Explicit concurrent mark sweep GC freed 1374(82KB) AllocSpace objects, 1(20KB) LOS objects, 36% free, 28MB/44MB, paused 1.298ms total 39.865ms
08-04 02:59:23.894 27401 27413 I art     : Starting a blocking GC Explicit
08-04 02:59:23.928 27401 27413 I art     : Explicit concurrent mark sweep GC freed 23(752B) AllocSpace objects, 0(0B) LOS objects, 36% free, 28MB/44MB, paused 1.319ms total 33.838ms
08-04 02:59:23.940 27401 27413 I art     : Starting a blocking GC Explicit
08-04 02:59:23.973 27401 27413 I art     : Explicit concurrent mark sweep GC freed 3(96B) AllocSpace objects, 0(0B) LOS objects, 36% free, 28MB/44MB, paused 1.170ms total 33.028ms
08-04 02:59:23.985 27401 27413 I art     : Starting a blocking GC Explicit
08-04 02:59:24.020 27401 27413 I art     : Explicit concurrent mark sweep GC freed 3(96B) AllocSpace objects, 0(0B) LOS objects, 36% free, 28MB/44MB, paused 1.272ms total 35.492ms
08-04 02:59:24.033 27401 27413 I art     : Starting a blocking GC Explicit
08-04 02:59:24.072 27401 27413 I art     : Explicit concurrent mark sweep GC freed 4(128B) AllocSpace objects, 0(0B) LOS objects, 36% free, 28MB/44MB, paused 1.131ms total 38.832ms
08-04 02:59:24.224 29012 29012 D AndroidRuntime: >>>>>> START com.android.internal.os.RuntimeInit uid 2000 <<<<<<
08-04 02:59:24.230 29012 29012 D AndroidRuntime: CheckJNI is OFF
08-04 02:59:24.271 29012 29012 D ICU     : No timezone override file found: /data/misc/zoneinfo/current/icu/icu_tzdata.dat
08-04 02:59:24.312 29012 29012 I Radio-JNI: register_android_hardware_Radio DONE
08-04 02:59:24.340 29012 29012 D AndroidRuntime: Calling main entry com.android.commands.input.Input
08-04 02:59:24.342 29012 29012 I Input   : injectMotionEvent: MotionEvent { action=ACTION_DOWN, actionButton=0, id[0]=0, x[0]=616.0, y[0]=469.0, toolType[0]=TOOL_TYPE_UNKNOWN, buttonState=0, metaState=0, flags=0x0, edgeFlags=0x0, pointerCount=1, historySize=0, eventTime=673180755, downTime=673180755, deviceId=0, source=0x1002 }
08-04 02:59:24.346 29012 29012 I Input   : injectMotionEvent: MotionEvent { action=ACTION_UP, actionButton=0, id[0]=0, x[0]=616.0, y[0]=469.0, toolType[0]=TOOL_TYPE_UNKNOWN, buttonState=0, metaState=0, flags=0x0, edgeFlags=0x0, pointerCount=1, historySize=0, eventTime=673180755, downTime=673180755, deviceId=0, source=0x1002 }
08-04 02:59:24.347 29012 29012 D AndroidRuntime: Shutting down VM
08-04 02:59:24.406 27401 27414 I art     : Starting a blocking GC Explicit
08-04 02:59:24.415   512  2967 D audio_hw_primary: out_set_parameters: enter: usecase(1: low-latency-playback) kvpairs: routing=2
08-04 02:59:24.428   512  2967 D audio_hw_primary: select_devices: out_snd_device(2: speaker) in_snd_device(0: none)
08-04 02:59:24.428   512  2967 D msm8974_platform: platform_send_audio_calibration: sending audio calibration for snd_device(2) acdb_id(15)
08-04 02:59:24.429   512  2967 I soundtrigger: audio_extn_sound_trigger_update_device_status: device 0x2 of type 0 for Event 1
08-04 02:59:24.429 13866 13866 I GoogleInputMethodServic: GoogleInputMethodService.onFinishInput():3138 
08-04 02:59:24.430 13866 13866 I GoogleInputMethodServic: GoogleInputMethodService.onStartInput():1808 
08-04 02:59:24.441   512  2967 D audio_hw_primary: enable_snd_device: snd_device(2: speaker)
08-04 02:59:24.441 27401 27414 I art     : Explicit concurrent mark sweep GC freed 1631(91KB) AllocSpace objects, 1(20KB) LOS objects, 36% free, 28MB/44MB, paused 1.248ms total 34.855ms
08-04 02:59:24.444   512  2967 D audio_hw_primary: enable_audio_route: apply and update mixer path: low-latency-playback speaker
08-04 02:59:24.454 27401 27414 I art     : Starting a blocking GC Explicit
08-04 02:59:24.488 27401 27414 I art     : Explicit concurrent mark sweep GC freed 88(3040B) AllocSpace objects, 0(0B) LOS objects, 36% free, 28MB/44MB, paused 1.314ms total 33.357ms
08-04 02:59:24.499 27401 27414 I art     : Starting a blocking GC Explicit
08-04 02:59:24.531 27401 27414 I art     : Explicit concurrent mark sweep GC freed 20(736B) AllocSpace objects, 0(0B) LOS objects, 36% free, 28MB/44MB, paused 1.239ms total 31.771ms
08-04 02:59:24.542 27401 27414 I art     : Starting a blocking GC Explicit
08-04 02:59:24.576 27401 27414 I art     : Explicit concurrent mark sweep GC freed 16(576B) AllocSpace objects, 0(0B) LOS objects, 36% free, 28MB/44MB, paused 2.051ms total 33.436ms
08-04 02:59:24.588 27401 27414 I art     : Starting a blocking GC Explicit
08-04 02:59:24.617 27401 27936 I NAPPA_EXPERIMENTATION: MetricNetworkRequestExecutionTime: REQUEST_DURATION_SYSTEM='201',REQUEST_DURATION_OKHTTP='199',REQUEST_SYNCHRONOUS='TRUE',RESPONSE_CODE='200',RESPONSE_METHOD='GET',RESPONSE_LENGTH_OKHTTP='-1',RESPONSE_LENGTH_HEADER='628',REQUEST_PROTOCOL='h2',REQUEST_URL='https://itunes.apple.com/lookup?id=1524080195',
08-04 02:59:24.620 27401 27414 I art     : Explicit concurrent mark sweep GC freed 172(17KB) AllocSpace objects, 0(0B) LOS objects, 36% free, 28MB/44MB, paused 1.268ms total 32.735ms
08-04 02:59:24.625   918  4413 I ActivityManager: START u0 {cmp=baseline.de.danoeh.antennapod.debug/baseline.de.danoeh.antennapod.activity.OnlineFeedViewActivity (has extras)} from uid 10670 on display 0
08-04 02:59:24.632   518   646 I ThermalEngine: ACTION: GPU - Setting GPU[0] to 510000000
08-04 02:59:24.647 13866 13866 I GoogleInputMethodServic: GoogleInputMethodService.onFinishInput():3138 
08-04 02:59:24.648 13866 13866 I GoogleInputMethodServic: GoogleInputMethodService.onStartInput():1808 
08-04 02:59:24.670 27401 27401 D UserPreferences: Using default data folder
08-04 02:59:24.670 27401 27401 D OnlineFeedViewActivity: Activity was started with url https://rss.art19.com/nice-white-parents
08-04 02:59:24.673 27401 27401 D OnlineFeedViewActivity: Starting feed download
08-04 02:59:24.676 27401 27427 D DBReader: Extracting Feedlist
08-04 02:59:24.678   918  3670 D WifiService: acquireWifiLockLocked: WifiLock{Downloader type=1 binder=android.os.BinderProxy@b3c07f4}
08-04 02:59:24.679 27401 27427 D AntennapodHttpClient: Creating new instance of HTTP client
08-04 02:59:24.736 13866 13866 I GoogleInputMethodServic: GoogleInputMethodService.onFinishInput():3138 
08-04 02:59:24.737 13866 13866 I GoogleInputMethodServic: GoogleInputMethodService.onStartInput():1808 
08-04 02:59:24.764   918   936 I ActivityManager: Displayed baseline.de.danoeh.antennapod.debug/baseline.de.danoeh.antennapod.activity.OnlineFeedViewActivity: +114ms
08-04 02:59:24.877 27401 27414 I art     : Starting a blocking GC Explicit
08-04 02:59:24.906 27401 27414 I art     : Explicit concurrent mark sweep GC freed 7482(404KB) AllocSpace objects, 4(220KB) LOS objects, 35% free, 28MB/44MB, paused 972us total 28.738ms
08-04 02:59:24.917 27401 27414 I art     : Starting a blocking GC Explicit
08-04 02:59:24.951 27401 27414 I art     : Explicit concurrent mark sweep GC freed 1290(131KB) AllocSpace objects, 0(0B) LOS objects, 35% free, 28MB/44MB, paused 961us total 33.365ms
08-04 02:59:24.958 27401 27427 D MYTAG   : interceptor 3a https://rss.art19.com/nice-white-parents
08-04 02:59:24.958 27401 27427 I NAPPA_EXPERIMENTATION: MetricNetworkRequestExecutionTime: REQUEST_DURATION_SYSTEM='278',REQUEST_DURATION_OKHTTP='143',REQUEST_SYNCHRONOUS='TRUE',RESPONSE_CODE='200',RESPONSE_METHOD='GET',RESPONSE_LENGTH_OKHTTP='-1',RESPONSE_LENGTH_HEADER='1803',REQUEST_PROTOCOL='h2',REQUEST_URL='https://rss.art19.com/nice-white-parents',
08-04 02:59:24.958 27401 27427 D HttpDownloader: Response code is 200
08-04 02:59:24.958 27401 27427 D UserPreferences: Using default data folder
08-04 02:59:24.963 27401 27414 I art     : Starting a blocking GC Explicit
08-04 02:59:24.964 27401 27427 D HttpDownloader: Getting size of download
08-04 02:59:24.966 27401 27427 D HttpDownloader: Size is -1
08-04 02:59:24.966 27401 27427 D UserPreferences: Using default data folder
08-04 02:59:24.967 27401 27427 D HttpDownloader: Free space is 20263542784
08-04 02:59:24.967 27401 27427 D HttpDownloader: Starting download
08-04 02:59:24.967 27401 27427 D HttpDownloader: Download was successful
08-04 02:59:24.968   918  3670 D WifiService: releaseWifiLockLocked: WifiLock{Downloader type=1 binder=android.os.BinderProxy@b3c07f4}
08-04 02:59:24.968 27401 27401 D OnlineFeedViewActivity: Parsing feed
08-04 02:59:24.972 27401 29058 D TypeGetter: Recognized type RSS 2.0
08-04 02:59:24.976 27401 29058 D SyndHandler: Recognized ITunes namespace
08-04 02:59:24.976 27401 29058 D SyndHandler: Recognized Atom namespace
08-04 02:59:24.976 27401 29058 D SyndHandler: Recognized Content namespace
08-04 02:59:24.979   512  2967 D audio_hw_primary: disable_audio_route: reset and update mixer path: low-latency-playback speaker
08-04 02:59:24.981   512  2967 D audio_hw_primary: disable_snd_device: snd_device(2: speaker)
08-04 02:59:24.984 27401 29058 D OnlineFeedViewActivity: Deleted feed source file. Result: true
08-04 02:59:24.985 27401 27401 D OnlineFeedViewActivity: Removing HTML from shownotes
08-04 02:59:24.989   512  2967 I soundtrigger: audio_extn_sound_trigger_update_device_status: device 0x2 of type 0 for Event 0
08-04 02:59:24.997 27401 27414 I art     : Explicit concurrent mark sweep GC freed 1162(211KB) AllocSpace objects, 4(128KB) LOS objects, 35% free, 28MB/44MB, paused 1.076ms total 33.962ms
08-04 02:59:25.007 27401 27414 I art     : Starting a blocking GC Explicit
08-04 02:59:25.008   380   380 W SurfaceFlinger: couldn't log to binary event log: overflow.
08-04 02:59:25.033 27401 27414 I art     : Explicit concurrent mark sweep GC freed 1015(77KB) AllocSpace objects, 0(0B) LOS objects, 35% free, 28MB/44MB, paused 1.255ms total 26.045ms
08-04 02:59:25.042 27401 27414 I art     : Starting a blocking GC Explicit
08-04 02:59:25.066 27401 27414 I art     : Explicit concurrent mark sweep GC freed 525(25KB) AllocSpace objects, 0(0B) LOS objects, 35% free, 28MB/44MB, paused 831us total 24.188ms
08-04 02:59:25.129 27401 27401 D PlaybackController: Releasing PlaybackController
08-04 02:59:25.348 27401 27477 I art     : Starting a blocking GC Explicit
08-04 02:59:25.385 27401 27477 I art     : Explicit concurrent mark sweep GC freed 1638(95KB) AllocSpace objects, 2(132KB) LOS objects, 35% free, 28MB/44MB, paused 963us total 37.238ms
08-04 02:59:25.398 27401 27477 I art     : Starting a blocking GC Explicit
08-04 02:59:25.427 27401 27477 I art     : Explicit concurrent mark sweep GC freed 39(1296B) AllocSpace objects, 0(0B) LOS objects, 35% free, 28MB/44MB, paused 942us total 28.734ms
08-04 02:59:25.427 27401 27412 I art     : WaitForGcToComplete blocked for 5.811ms for cause HeapTrim
08-04 02:59:25.436 27401 27477 I art     : Starting a blocking GC Explicit
08-04 02:59:25.465 27401 27477 I art     : Explicit concurrent mark sweep GC freed 3(96B) AllocSpace objects, 0(0B) LOS objects, 35% free, 28MB/44MB, paused 908us total 29.079ms
08-04 02:59:25.475 27401 27477 I art     : Starting a blocking GC Explicit
08-04 02:59:25.504 27401 27477 I art     : Explicit concurrent mark sweep GC freed 32(880B) AllocSpace objects, 0(0B) LOS objects, 35% free, 28MB/44MB, paused 899us total 29.158ms
08-04 02:59:25.514 27401 27477 I art     : Starting a blocking GC Explicit
08-04 02:59:25.544 27401 27477 I art     : Explicit concurrent mark sweep GC freed 3(96B) AllocSpace objects, 0(0B) LOS objects, 35% free, 28MB/44MB, paused 958us total 29.873ms
08-04 02:59:25.637   518   646 I ThermalEngine: ACTION: GPU - Setting GPU[0] to 450000000
08-04 02:59:25.854 27401 27414 I art     : Starting a blocking GC Explicit
08-04 02:59:25.899 27401 27414 I art     : Explicit concurrent mark sweep GC freed 1374(82KB) AllocSpace objects, 1(20KB) LOS objects, 35% free, 28MB/44MB, paused 1.442ms total 43.730ms
08-04 02:59:25.912 27401 27414 I art     : Starting a blocking GC Explicit
08-04 02:59:25.949 27401 27414 I art     : Explicit concurrent mark sweep GC freed 23(752B) AllocSpace objects, 0(0B) LOS objects, 35% free, 28MB/44MB, paused 1.299ms total 36.728ms
08-04 02:59:25.961 27401 27414 I art     : Starting a blocking GC Explicit
08-04 02:59:26.001 27401 27414 I art     : Explicit concurrent mark sweep GC freed 3(96B) AllocSpace objects, 0(0B) LOS objects, 35% free, 28MB/44MB, paused 1.307ms total 39.350ms
08-04 02:59:26.014 27401 27414 I art     : Starting a blocking GC Explicit
08-04 02:59:26.054 27401 27414 I art     : Explicit concurrent mark sweep GC freed 3(96B) AllocSpace objects, 0(0B) LOS objects, 35% free, 28MB/44MB, paused 1.292ms total 40.075ms
08-04 02:59:26.067 27401 27414 I art     : Starting a blocking GC Explicit
08-04 02:59:26.105 27401 27414 I art     : Explicit concurrent mark sweep GC freed 3(96B) AllocSpace objects, 0(0B) LOS objects, 35% free, 28MB/44MB, paused 1.236ms total 37.688ms
08-04 02:59:26.468 27401 27937 I art     : Starting a blocking GC Explicit
08-04 02:59:26.514 27401 27937 I art     : Explicit concurrent mark sweep GC freed 1401(81KB) AllocSpace objects, 1(20KB) LOS objects, 35% free, 28MB/44MB, paused 1.288ms total 45.052ms
08-04 02:59:26.526 27401 27937 I art     : Starting a blocking GC Explicit
08-04 02:59:26.563 27401 27937 I art     : Explicit concurrent mark sweep GC freed 23(752B) AllocSpace objects, 0(0B) LOS objects, 35% free, 28MB/44MB, paused 1.249ms total 36.396ms
08-04 02:59:26.575 27401 27937 I art     : Starting a blocking GC Explicit
08-04 02:59:26.611 27401 27937 I art     : Explicit concurrent mark sweep GC freed 4(128B) AllocSpace objects, 0(0B) LOS objects, 35% free, 28MB/44MB, paused 1.421ms total 35.777ms
08-04 02:59:26.624 27401 27937 I art     : Starting a blocking GC Explicit
08-04 02:59:26.638   518   646 I ThermalEngine: ACTION: GPU - Setting GPU[0] to 510000000
08-04 02:59:26.658 27401 27937 I art     : Explicit concurrent mark sweep GC freed 7(224B) AllocSpace objects, 0(0B) LOS objects, 35% free, 28MB/44MB, paused 1.228ms total 33.387ms
08-04 02:59:26.670 27401 27937 I art     : Starting a blocking GC Explicit
08-04 02:59:26.699 27401 27937 I art     : Explicit concurrent mark sweep GC freed 9(288B) AllocSpace objects, 0(0B) LOS objects, 35% free, 28MB/44MB, paused 1.001ms total 29.293ms
08-04 02:59:27.024 27401 27477 I art     : Starting a blocking GC Explicit
08-04 02:59:27.060 27401 27477 I art     : Explicit concurrent mark sweep GC freed 1391(81KB) AllocSpace objects, 1(20KB) LOS objects, 35% free, 28MB/44MB, paused 1.036ms total 35.896ms
08-04 02:59:27.070 27401 27477 I art     : Starting a blocking GC Explicit
08-04 02:59:27.099 27401 27477 I art     : Explicit concurrent mark sweep GC freed 23(752B) AllocSpace objects, 0(0B) LOS objects, 35% free, 28MB/44MB, paused 880us total 29.208ms
08-04 02:59:27.109 27401 27477 I art     : Starting a blocking GC Explicit
08-04 02:59:27.138 27401 27477 I art     : Explicit concurrent mark sweep GC freed 3(96B) AllocSpace objects, 0(0B) LOS objects, 35% free, 28MB/44MB, paused 948us total 29.061ms
08-04 02:59:27.147 27401 27477 I art     : Starting a blocking GC Explicit
08-04 02:59:27.177 27401 27477 I art     : Explicit concurrent mark sweep GC freed 3(96B) AllocSpace objects, 0(0B) LOS objects, 35% free, 28MB/44MB, paused 1.005ms total 29.204ms
08-04 02:59:27.186 27401 27477 I art     : Starting a blocking GC Explicit
08-04 02:59:27.215 27401 27477 I art     : Explicit concurrent mark sweep GC freed 3(96B) AllocSpace objects, 0(0B) LOS objects, 35% free, 28MB/44MB, paused 878us total 28.694ms
08-04 02:59:27.564 27401 27413 I art     : Starting a blocking GC Explicit
08-04 02:59:27.601 27401 27413 I art     : Explicit concurrent mark sweep GC freed 1401(81KB) AllocSpace objects, 1(20KB) LOS objects, 35% free, 28MB/44MB, paused 896us total 36.584ms
08-04 02:59:27.611 27401 27413 I art     : Starting a blocking GC Explicit
08-04 02:59:27.641 27401 27413 I art     : Explicit concurrent mark sweep GC freed 23(752B) AllocSpace objects, 0(0B) LOS objects, 35% free, 28MB/44MB, paused 939us total 29.561ms
08-04 02:59:27.650 27401 27413 I art     : Starting a blocking GC Explicit
08-04 02:59:27.680 27401 27413 I art     : Explicit concurrent mark sweep GC freed 3(96B) AllocSpace objects, 0(0B) LOS objects, 35% free, 28MB/44MB, paused 959us total 29.069ms
08-04 02:59:27.689 27401 27413 I art     : Starting a blocking GC Explicit
08-04 02:59:27.719 27401 27413 I art     : Explicit concurrent mark sweep GC freed 3(96B) AllocSpace objects, 0(0B) LOS objects, 35% free, 28MB/44MB, paused 901us total 29.259ms
08-04 02:59:27.728 27401 27413 I art     : Starting a blocking GC Explicit
08-04 02:59:27.758 27401 27413 I art     : Explicit concurrent mark sweep GC freed 3(96B) AllocSpace objects, 0(0B) LOS objects, 35% free, 28MB/44MB, paused 1.031ms total 29.238ms
08-04 02:59:28.080 27401 27414 I art     : Starting a blocking GC Explicit
08-04 02:59:28.118 27401 27414 I art     : Explicit concurrent mark sweep GC freed 1372(80KB) AllocSpace objects, 1(20KB) LOS objects, 35% free, 28MB/44MB, paused 1.043ms total 37.012ms
08-04 02:59:28.129 27401 27414 I art     : Starting a blocking GC Explicit
08-04 02:59:28.159 27401 27414 I art     : Explicit concurrent mark sweep GC freed 23(752B) AllocSpace objects, 0(0B) LOS objects, 35% free, 28MB/44MB, paused 980us total 30.119ms
08-04 02:59:28.169 27401 27414 I art     : Starting a blocking GC Explicit
08-04 02:59:28.198 27401 27414 I art     : Explicit concurrent mark sweep GC freed 3(96B) AllocSpace objects, 0(0B) LOS objects, 35% free, 28MB/44MB, paused 1.041ms total 28.943ms
08-04 02:59:28.208 27401 27414 I art     : Starting a blocking GC Explicit
08-04 02:59:28.236 27401 27414 I art     : Explicit concurrent mark sweep GC freed 3(96B) AllocSpace objects, 0(0B) LOS objects, 35% free, 28MB/44MB, paused 955us total 27.935ms
08-04 02:59:28.245 27401 27414 I art     : Starting a blocking GC Explicit
08-04 02:59:28.275 27401 27414 I art     : Explicit concurrent mark sweep GC freed 3(96B) AllocSpace objects, 0(0B) LOS objects, 35% free, 28MB/44MB, paused 939us total 29.147ms
08-04 02:59:28.605 27401 27937 I art     : Starting a blocking GC Explicit
08-04 02:59:28.642 27401 27937 I art     : Explicit concurrent mark sweep GC freed 1407(83KB) AllocSpace objects, 1(20KB) LOS objects, 35% free, 28MB/44MB, paused 1.011ms total 37.061ms
08-04 02:59:28.655 27401 27937 I art     : Starting a blocking GC Explicit
08-04 02:59:28.690 27401 27937 I art     : Explicit concurrent mark sweep GC freed 23(752B) AllocSpace objects, 0(0B) LOS objects, 35% free, 28MB/44MB, paused 899us total 33.817ms
08-04 02:59:28.699 27401 27937 I art     : Starting a blocking GC Explicit
08-04 02:59:28.729 27401 27937 I art     : Explicit concurrent mark sweep GC freed 3(96B) AllocSpace objects, 0(0B) LOS objects, 35% free, 28MB/44MB, paused 955us total 28.988ms
08-04 02:59:28.738 27401 27937 I art     : Starting a blocking GC Explicit
08-04 02:59:28.767 27401 27937 I art     : Explicit concurrent mark sweep GC freed 3(96B) AllocSpace objects, 0(0B) LOS objects, 35% free, 28MB/44MB, paused 902us total 28.323ms
08-04 02:59:28.776 27401 27937 I art     : Starting a blocking GC Explicit
08-04 02:59:28.806 27401 27937 I art     : Explicit concurrent mark sweep GC freed 29(2272B) AllocSpace objects, 0(0B) LOS objects, 35% free, 28MB/44MB, paused 876us total 29.623ms
08-04 02:59:29.002   918   918 I ActivityManager: Start proc 29133:com.android.vending:instant_app_installer/u0a22 for service com.android.vending/com.google.android.finsky.instantapps.metrics.LogFlushJob
08-04 02:59:29.068 29133 29133 I Finsky:instant_app_inst: [1] dtn.ay(5): Process created at version: 21.2.12-16 [0] [PR] 323070436
08-04 02:59:29.117 27401 27477 I art     : Starting a blocking GC Explicit
08-04 02:59:29.144 27401 27477 I art     : Explicit concurrent mark sweep GC freed 1385(81KB) AllocSpace objects, 1(20KB) LOS objects, 35% free, 28MB/44MB, paused 967us total 26.911ms
08-04 02:59:29.154 27401 27477 I art     : Starting a blocking GC Explicit
08-04 02:59:29.179 27401 27477 I art     : Explicit concurrent mark sweep GC freed 23(752B) AllocSpace objects, 0(0B) LOS objects, 35% free, 28MB/44MB, paused 943us total 25.046ms
08-04 02:59:29.187 27401 27477 I art     : Starting a blocking GC Explicit
08-04 02:59:29.210 27401 27477 I art     : Explicit concurrent mark sweep GC freed 3(96B) AllocSpace objects, 0(0B) LOS objects, 35% free, 28MB/44MB, paused 783us total 22.980ms
08-04 02:59:29.218 27401 27477 I art     : Starting a blocking GC Explicit
08-04 02:59:29.242 27401 27477 I art     : Explicit concurrent mark sweep GC freed 3(96B) AllocSpace objects, 0(0B) LOS objects, 35% free, 28MB/44MB, paused 808us total 23ms
08-04 02:59:29.250 27401 27477 I art     : Starting a blocking GC Explicit
08-04 02:59:29.274 27401 27477 I art     : Explicit concurrent mark sweep GC freed 3(96B) AllocSpace objects, 0(0B) LOS objects, 35% free, 28MB/44MB, paused 814us total 23.488ms
08-04 02:59:29.331   918  3670 I ActivityManager: Killing 20838:nappatfpr.com.newsblur/u0a658 (adj 15): empty #17
08-04 02:59:29.560 27401 27413 I art     : Starting a blocking GC Explicit
08-04 02:59:29.597 27401 27413 I art     : Explicit concurrent mark sweep GC freed 1401(81KB) AllocSpace objects, 1(20KB) LOS objects, 35% free, 28MB/44MB, paused 990us total 36.772ms
08-04 02:59:29.613 27401 27413 I art     : Starting a blocking GC Explicit
08-04 02:59:29.641 27401 27413 I art     : Explicit concurrent mark sweep GC freed 23(752B) AllocSpace objects, 0(0B) LOS objects, 35% free, 28MB/44MB, paused 867us total 28.235ms
08-04 02:59:29.651 27401 27413 I art     : Starting a blocking GC Explicit
08-04 02:59:29.680 27401 27413 I art     : Explicit concurrent mark sweep GC freed 3(96B) AllocSpace objects, 0(0B) LOS objects, 35% free, 28MB/44MB, paused 898us total 28.691ms
08-04 02:59:29.689 27401 27413 I art     : Starting a blocking GC Explicit
08-04 02:59:29.719 27401 27413 I art     : Explicit concurrent mark sweep GC freed 3(96B) AllocSpace objects, 0(0B) LOS objects, 35% free, 28MB/44MB, paused 935us total 29.139ms
08-04 02:59:29.728 27401 27413 I art     : Starting a blocking GC Explicit
08-04 02:59:29.758 27401 27413 I art     : Explicit concurrent mark sweep GC freed 3(96B) AllocSpace objects, 0(0B) LOS objects, 35% free, 28MB/44MB, paused 915us total 29.768ms
08-04 02:59:30.077 27401 27414 I art     : Starting a blocking GC Explicit
08-04 02:59:30.121 27401 27414 I art     : Explicit concurrent mark sweep GC freed 1372(80KB) AllocSpace objects, 1(20KB) LOS objects, 35% free, 28MB/44MB, paused 953us total 43.480ms
08-04 02:59:30.134 27401 27414 I art     : Starting a blocking GC Explicit
08-04 02:59:30.164 27401 27414 I art     : Explicit concurrent mark sweep GC freed 23(752B) AllocSpace objects, 0(0B) LOS objects, 35% free, 28MB/44MB, paused 882us total 29.604ms
08-04 02:59:30.174 27401 27414 I art     : Starting a blocking GC Explicit
08-04 02:59:30.203 27401 27414 I art     : Explicit concurrent mark sweep GC freed 3(96B) AllocSpace objects, 0(0B) LOS objects, 35% free, 28MB/44MB, paused 1.041ms total 29.204ms
08-04 02:59:30.213 27401 27414 I art     : Starting a blocking GC Explicit
08-04 02:59:30.242 27401 27414 I art     : Explicit concurrent mark sweep GC freed 3(96B) AllocSpace objects, 0(0B) LOS objects, 35% free, 28MB/44MB, paused 914us total 29.019ms
08-04 02:59:30.252 27401 27414 I art     : Starting a blocking GC Explicit
08-04 02:59:30.281 27401 27414 I art     : Explicit concurrent mark sweep GC freed 3(96B) AllocSpace objects, 0(0B) LOS objects, 35% free, 28MB/44MB, paused 904us total 29.002ms
08-04 02:59:30.635 27401 27937 I art     : Starting a blocking GC Explicit
08-04 02:59:30.675 27401 27937 I art     : Explicit concurrent mark sweep GC freed 1401(81KB) AllocSpace objects, 1(20KB) LOS objects, 35% free, 28MB/44MB, paused 1.002ms total 39.503ms
08-04 02:59:30.689 27401 27937 I art     : Starting a blocking GC Explicit
08-04 02:59:30.718 27401 27937 I art     : Explicit concurrent mark sweep GC freed 23(752B) AllocSpace objects, 0(0B) LOS objects, 35% free, 28MB/44MB, paused 964us total 29.260ms
08-04 02:59:30.728 27401 27937 I art     : Starting a blocking GC Explicit
08-04 02:59:30.758 27401 27937 I art     : Explicit concurrent mark sweep GC freed 3(96B) AllocSpace objects, 0(0B) LOS objects, 35% free, 28MB/44MB, paused 1.034ms total 29.630ms
08-04 02:59:30.768 27401 27937 I art     : Starting a blocking GC Explicit
08-04 02:59:30.797 27401 27937 I art     : Explicit concurrent mark sweep GC freed 3(96B) AllocSpace objects, 0(0B) LOS objects, 35% free, 28MB/44MB, paused 921us total 29.067ms
08-04 02:59:30.807 27401 27937 I art     : Starting a blocking GC Explicit
08-04 02:59:30.837 27401 27937 I art     : Explicit concurrent mark sweep GC freed 3(96B) AllocSpace objects, 0(0B) LOS objects, 35% free, 28MB/44MB, paused 935us total 29.821ms
08-04 02:59:31.140 27401 27477 I art     : Starting a blocking GC Explicit
08-04 02:59:31.178 27401 27477 I art     : Explicit concurrent mark sweep GC freed 1489(89KB) AllocSpace objects, 1(20KB) LOS objects, 35% free, 28MB/44MB, paused 973us total 37.200ms
08-04 02:59:31.191 27401 27477 I art     : Starting a blocking GC Explicit
08-04 02:59:31.221 27401 27477 I art     : Explicit concurrent mark sweep GC freed 23(752B) AllocSpace objects, 0(0B) LOS objects, 35% free, 28MB/44MB, paused 857us total 29.576ms
08-04 02:59:31.230 27401 27477 I art     : Starting a blocking GC Explicit
08-04 02:59:31.260 27401 27477 I art     : Explicit concurrent mark sweep GC freed 3(96B) AllocSpace objects, 0(0B) LOS objects, 35% free, 28MB/44MB, paused 787us total 29.011ms
08-04 02:59:31.269 27401 27477 I art     : Starting a blocking GC Explicit
08-04 02:59:31.298 27401 27477 I art     : Explicit concurrent mark sweep GC freed 3(96B) AllocSpace objects, 0(0B) LOS objects, 35% free, 28MB/44MB, paused 857us total 28.929ms
08-04 02:59:31.308 27401 27477 I art     : Starting a blocking GC Explicit
08-04 02:59:31.337 27401 27477 I art     : Explicit concurrent mark sweep GC freed 3(96B) AllocSpace objects, 0(0B) LOS objects, 35% free, 28MB/44MB, paused 853us total 29.146ms
08-04 02:59:31.666 27401 27413 I art     : Starting a blocking GC Explicit
08-04 02:59:31.699 27401 27413 I art     : Explicit concurrent mark sweep GC freed 1401(81KB) AllocSpace objects, 1(20KB) LOS objects, 35% free, 28MB/44MB, paused 935us total 32.787ms
08-04 02:59:31.713 27401 27413 I art     : Starting a blocking GC Explicit
08-04 02:59:31.742 27401 27413 I art     : Explicit concurrent mark sweep GC freed 23(752B) AllocSpace objects, 0(0B) LOS objects, 35% free, 28MB/44MB, paused 813us total 28.958ms
08-04 02:59:31.752 27401 27413 I art     : Starting a blocking GC Explicit
08-04 02:59:31.781 27401 27413 I art     : Explicit concurrent mark sweep GC freed 3(96B) AllocSpace objects, 0(0B) LOS objects, 35% free, 28MB/44MB, paused 850us total 28.941ms
08-04 02:59:31.791 27401 27413 I art     : Starting a blocking GC Explicit
08-04 02:59:31.820 27401 27413 I art     : Explicit concurrent mark sweep GC freed 3(96B) AllocSpace objects, 0(0B) LOS objects, 35% free, 28MB/44MB, paused 851us total 29.416ms
08-04 02:59:31.830 27401 27413 I art     : Starting a blocking GC Explicit
08-04 02:59:31.859 27401 27413 I art     : Explicit concurrent mark sweep GC freed 3(96B) AllocSpace objects, 0(0B) LOS objects, 35% free, 28MB/44MB, paused 814us total 28.674ms
08-04 02:59:32.070 23402 23402 I Atfwd_Sendcmd: AtCmdFwd service not ready - Exhausted retry attempts - :6
08-04 02:59:32.070 23402 23402 I Atfwd_Daemon: result : -1 	 ,Init step :2 	 ,qmiErrorCode: 0
08-04 02:59:32.203 27401 27414 I art     : Starting a blocking GC Explicit
08-04 02:59:32.239 27401 27414 I art     : Explicit concurrent mark sweep GC freed 1372(80KB) AllocSpace objects, 1(20KB) LOS objects, 35% free, 28MB/44MB, paused 947us total 35.876ms
08-04 02:59:32.251 27401 27414 I art     : Starting a blocking GC Explicit
08-04 02:59:32.281 27401 27414 I art     : Explicit concurrent mark sweep GC freed 23(752B) AllocSpace objects, 0(0B) LOS objects, 35% free, 28MB/44MB, paused 862us total 29.488ms
08-04 02:59:32.290 27401 27414 I art     : Starting a blocking GC Explicit
08-04 02:59:32.319 27401 27414 I art     : Explicit concurrent mark sweep GC freed 3(96B) AllocSpace objects, 0(0B) LOS objects, 35% free, 28MB/44MB, paused 854us total 28.733ms
08-04 02:59:32.329 27401 27414 I art     : Starting a blocking GC Explicit
08-04 02:59:32.358 27401 27414 I art     : Explicit concurrent mark sweep GC freed 3(96B) AllocSpace objects, 0(0B) LOS objects, 35% free, 28MB/44MB, paused 897us total 28.754ms
08-04 02:59:32.368 27401 27414 I art     : Starting a blocking GC Explicit
08-04 02:59:32.398 27401 27414 I art     : Explicit concurrent mark sweep GC freed 3(96B) AllocSpace objects, 0(0B) LOS objects, 35% free, 28MB/44MB, paused 878us total 29.784ms
08-04 02:59:32.707 27401 27937 I art     : Starting a blocking GC Explicit
08-04 02:59:32.736 27401 27937 I art     : Explicit concurrent mark sweep GC freed 1401(81KB) AllocSpace objects, 1(20KB) LOS objects, 35% free, 28MB/44MB, paused 870us total 29.185ms
08-04 02:59:32.746 27401 27937 I art     : Starting a blocking GC Explicit
08-04 02:59:32.775 27401 27937 I art     : Explicit concurrent mark sweep GC freed 23(752B) AllocSpace objects, 0(0B) LOS objects, 35% free, 28MB/44MB, paused 860us total 28.722ms
08-04 02:59:32.784 27401 27937 I art     : Starting a blocking GC Explicit
08-04 02:59:32.812 27401 27937 I art     : Explicit concurrent mark sweep GC freed 3(96B) AllocSpace objects, 0(0B) LOS objects, 35% free, 28MB/44MB, paused 817us total 27.832ms
08-04 02:59:32.822 27401 27937 I art     : Starting a blocking GC Explicit
08-04 02:59:32.849 27401 27937 I art     : Explicit concurrent mark sweep GC freed 3(96B) AllocSpace objects, 0(0B) LOS objects, 35% free, 28MB/44MB, paused 863us total 26.957ms
08-04 02:59:32.859 27401 27937 I art     : Starting a blocking GC Explicit
08-04 02:59:32.886 27401 27937 I art     : Explicit concurrent mark sweep GC freed 3(96B) AllocSpace objects, 0(0B) LOS objects, 35% free, 28MB/44MB, paused 851us total 26.713ms
08-04 02:59:33.026 29225 29225 D AndroidRuntime: >>>>>> START com.android.internal.os.RuntimeInit uid 2000 <<<<<<
08-04 02:59:33.031 29225 29225 D AndroidRuntime: CheckJNI is OFF
08-04 02:59:33.064 29225 29225 D ICU     : No timezone override file found: /data/misc/zoneinfo/current/icu/icu_tzdata.dat
08-04 02:59:33.096 29225 29225 I Radio-JNI: register_android_hardware_Radio DONE
08-04 02:59:33.118 29225 29225 D AndroidRuntime: Calling main entry com.android.commands.input.Input
08-04 02:59:33.120 29225 29225 I Input   : injectKeyEvent: KeyEvent { action=ACTION_DOWN, keyCode=KEYCODE_BACK, scanCode=0, metaState=0, flags=0x0, repeatCount=0, eventTime=673189532, downTime=673189532, deviceId=-1, source=0x101 }
08-04 02:59:33.128 29225 29225 I Input   : injectKeyEvent: KeyEvent { action=ACTION_UP, keyCode=KEYCODE_BACK, scanCode=0, metaState=0, flags=0x0, repeatCount=0, eventTime=673189532, downTime=673189532, deviceId=-1, source=0x101 }
08-04 02:59:33.133 29225 29225 D AndroidRuntime: Shutting down VM
08-04 02:59:33.138 27401 27401 V PlaybackController: initServiceNotRunning()
08-04 02:59:33.139 27401 27401 D ExternalPlayerFragment: Loading media info
08-04 02:59:33.142 27401 27401 D UserPreferences: Using default data folder
08-04 02:59:33.144 27401 27427 D DBReader: getNavDrawerData() called with: 
08-04 02:59:33.155 27401 27427 D DBReader: getDownloadedItems() called
08-04 02:59:33.156 27401 27427 D DBReader: getFavoriteIDList() called
08-04 02:59:33.157 27401 27427 D DBReader: getQueueIDList() called
08-04 02:59:33.157 27401 27427 D DBReader: Extracting Feedlist
08-04 02:59:33.174 27401 27401 D MainActivity: getLastNavFragment() -> AddFeedFragment
08-04 02:59:33.174 13866 13866 I GoogleInputMethodServic: GoogleInputMethodService.onFinishInput():3138 
08-04 02:59:33.175 13866 13866 I GoogleInputMethodServic: GoogleInputMethodService.onStartInput():1808 
08-04 02:59:33.196 27401 27937 I art     : Starting a blocking GC Explicit
08-04 02:59:33.225 27401 27937 I art     : Explicit concurrent mark sweep GC freed 2482(153KB) AllocSpace objects, 1(20KB) LOS objects, 35% free, 28MB/44MB, paused 785us total 28.528ms
08-04 02:59:33.234 27401 27937 I art     : Starting a blocking GC Explicit
08-04 02:59:33.259 27401 27937 I art     : Explicit concurrent mark sweep GC freed 452(24KB) AllocSpace objects, 0(0B) LOS objects, 35% free, 28MB/44MB, paused 741us total 24.008ms
08-04 02:59:33.267 27401 27937 I art     : Starting a blocking GC Explicit
08-04 02:59:33.296 27401 27937 I art     : Explicit concurrent mark sweep GC freed 3(96B) AllocSpace objects, 0(0B) LOS objects, 35% free, 28MB/44MB, paused 808us total 28.592ms
08-04 02:59:33.306 27401 27937 I art     : Starting a blocking GC Explicit
08-04 02:59:33.335 27401 27937 I art     : Explicit concurrent mark sweep GC freed 3(96B) AllocSpace objects, 0(0B) LOS objects, 35% free, 28MB/44MB, paused 771us total 29.243ms
08-04 02:59:33.349 27401 27937 I art     : Starting a blocking GC Explicit
08-04 02:59:33.384 27401 27937 I art     : Explicit concurrent mark sweep GC freed 3(96B) AllocSpace objects, 0(0B) LOS objects, 35% free, 28MB/44MB, paused 753us total 34.224ms
08-04 02:59:33.467   380   380 W SurfaceFlinger: couldn't log to binary event log: overflow.
08-04 02:59:33.656 27401 27937 I art     : Starting a blocking GC Explicit
08-04 02:59:33.691 27401 27937 I art     : Explicit concurrent mark sweep GC freed 2036(108KB) AllocSpace objects, 1(20KB) LOS objects, 35% free, 28MB/44MB, paused 947us total 34.978ms
08-04 02:59:33.705 27401 27937 I art     : Starting a blocking GC Explicit
08-04 02:59:33.733 27401 27937 I art     : Explicit concurrent mark sweep GC freed 2457(152KB) AllocSpace objects, 1(28KB) LOS objects, 35% free, 28MB/44MB, paused 849us total 28.557ms
08-04 02:59:33.743 27401 27937 I art     : Starting a blocking GC Explicit
08-04 02:59:33.771 27401 27937 I art     : Explicit concurrent mark sweep GC freed 3(96B) AllocSpace objects, 0(0B) LOS objects, 35% free, 28MB/44MB, paused 845us total 27.704ms
08-04 02:59:33.781 27401 27937 I art     : Starting a blocking GC Explicit
08-04 02:59:33.808 27401 27937 I art     : Explicit concurrent mark sweep GC freed 3(96B) AllocSpace objects, 0(0B) LOS objects, 35% free, 28MB/44MB, paused 836us total 27.696ms
08-04 02:59:33.818 27401 27937 I art     : Starting a blocking GC Explicit
08-04 02:59:33.846 27401 27937 I art     : Explicit concurrent mark sweep GC freed 3(96B) AllocSpace objects, 0(0B) LOS objects, 35% free, 28MB/44MB, paused 838us total 28.054ms
08-04 02:59:34.145 27401 27414 I art     : Starting a blocking GC Explicit
08-04 02:59:34.181 27401 27414 I art     : Explicit concurrent mark sweep GC freed 1374(82KB) AllocSpace objects, 1(20KB) LOS objects, 35% free, 28MB/44MB, paused 1.101ms total 35.031ms
08-04 02:59:34.197 27401 27414 I art     : Starting a blocking GC Explicit
08-04 02:59:34.224 27401 27414 I art     : Explicit concurrent mark sweep GC freed 23(752B) AllocSpace objects, 0(0B) LOS objects, 35% free, 28MB/44MB, paused 837us total 27.015ms
08-04 02:59:34.233 27401 27414 I art     : Starting a blocking GC Explicit
08-04 02:59:34.261 27401 27414 I art     : Explicit concurrent mark sweep GC freed 3(96B) AllocSpace objects, 0(0B) LOS objects, 35% free, 28MB/44MB, paused 819us total 27.477ms
08-04 02:59:34.271 27401 27414 I art     : Starting a blocking GC Explicit
08-04 02:59:34.299 27401 27414 I art     : Explicit concurrent mark sweep GC freed 3(96B) AllocSpace objects, 0(0B) LOS objects, 35% free, 28MB/44MB, paused 884us total 28.244ms
08-04 02:59:34.309 27401 27414 I art     : Starting a blocking GC Explicit
08-04 02:59:34.338 27401 27414 I art     : Explicit concurrent mark sweep GC freed 3(96B) AllocSpace objects, 0(0B) LOS objects, 35% free, 28MB/44MB, paused 932us total 28.449ms
08-04 02:59:34.516   918  3261 D WifiStateMachine: starting scan for "H369AA63323"WPA_PSK with 2412,5180
08-04 02:59:34.613 27401 27413 I art     : Starting a blocking GC Explicit
08-04 02:59:34.641 27401 27413 I art     : Explicit concurrent mark sweep GC freed 1402(81KB) AllocSpace objects, 1(20KB) LOS objects, 35% free, 28MB/44MB, paused 944us total 28.103ms
08-04 02:59:34.651 27401 27413 I art     : Starting a blocking GC Explicit
08-04 02:59:34.678 27401 27413 I art     : Explicit concurrent mark sweep GC freed 23(752B) AllocSpace objects, 0(0B) LOS objects, 35% free, 28MB/44MB, paused 837us total 26.864ms
08-04 02:59:34.687 27401 27413 I art     : Starting a blocking GC Explicit
08-04 02:59:34.714 27401 27413 I art     : Explicit concurrent mark sweep GC freed 3(96B) AllocSpace objects, 0(0B) LOS objects, 35% free, 28MB/44MB, paused 839us total 26.315ms
08-04 02:59:34.723 27401 27413 I art     : Starting a blocking GC Explicit
08-04 02:59:34.749 27401 27413 I art     : Explicit concurrent mark sweep GC freed 3(96B) AllocSpace objects, 0(0B) LOS objects, 35% free, 28MB/44MB, paused 829us total 26.454ms
08-04 02:59:34.759 27401 27413 I art     : Starting a blocking GC Explicit
08-04 02:59:34.788 27401 27413 I art     : Explicit concurrent mark sweep GC freed 4(128B) AllocSpace objects, 0(0B) LOS objects, 35% free, 28MB/44MB, paused 1.203ms total 29ms
08-04 02:59:34.792 29276 29276 D AndroidRuntime: >>>>>> START com.android.internal.os.RuntimeInit uid 2000 <<<<<<
08-04 02:59:34.797 29276 29276 D AndroidRuntime: CheckJNI is OFF
08-04 02:59:34.832 29276 29276 D ICU     : No timezone override file found: /data/misc/zoneinfo/current/icu/icu_tzdata.dat
08-04 02:59:34.862 29276 29276 I Radio-JNI: register_android_hardware_Radio DONE
08-04 02:59:34.885 29276 29276 D AndroidRuntime: Calling main entry com.android.commands.input.Input
08-04 02:59:34.887 29276 29276 I Input   : injectKeyEvent: KeyEvent { action=ACTION_DOWN, keyCode=KEYCODE_BACK, scanCode=0, metaState=0, flags=0x0, repeatCount=0, eventTime=673191300, downTime=673191300, deviceId=-1, source=0x101 }
08-04 02:59:34.892 29276 29276 I Input   : injectKeyEvent: KeyEvent { action=ACTION_UP, keyCode=KEYCODE_BACK, scanCode=0, metaState=0, flags=0x0, repeatCount=0, eventTime=673191300, downTime=673191300, deviceId=-1, source=0x101 }
08-04 02:59:34.902 13866 13866 I GoogleInputMethodServic: GoogleInputMethodService.onFinishInput():3138 
08-04 02:59:34.903 13866 13866 I GoogleInputMethodServic: GoogleInputMethodService.onStartInput():1808 
08-04 02:59:34.905 29276 29276 D AndroidRuntime: Shutting down VM
08-04 02:59:35.035 27401 27937 I art     : Starting a blocking GC Explicit
08-04 02:59:35.065 27401 27937 I art     : Explicit concurrent mark sweep GC freed 2582(129KB) AllocSpace objects, 1(20KB) LOS objects, 35% free, 28MB/44MB, paused 838us total 29.022ms
08-04 02:59:35.075 27401 27937 I art     : Starting a blocking GC Explicit
08-04 02:59:35.103 27401 27937 I art     : Explicit concurrent mark sweep GC freed 2658(177KB) AllocSpace objects, 9(1540KB) LOS objects, 37% free, 26MB/42MB, paused 821us total 27.856ms
08-04 02:59:35.112 27401 27937 I art     : Starting a blocking GC Explicit
08-04 02:59:35.139 27401 27937 I art     : Explicit concurrent mark sweep GC freed 3(96B) AllocSpace objects, 0(0B) LOS objects, 37% free, 26MB/42MB, paused 845us total 26.375ms
08-04 02:59:35.148 27401 27937 I art     : Starting a blocking GC Explicit
08-04 02:59:35.174 27401 27937 I art     : Explicit concurrent mark sweep GC freed 3(96B) AllocSpace objects, 0(0B) LOS objects, 37% free, 26MB/42MB, paused 805us total 26.308ms
08-04 02:59:35.184 27401 27937 I art     : Starting a blocking GC Explicit
08-04 02:59:35.211 27401 27937 I art     : Explicit concurrent mark sweep GC freed 3(96B) AllocSpace objects, 0(0B) LOS objects, 37% free, 26MB/42MB, paused 794us total 27.290ms
08-04 02:59:35.486 27401 27477 I art     : Starting a blocking GC Explicit
08-04 02:59:35.520 27401 27477 I art     : Explicit concurrent mark sweep GC freed 1402(82KB) AllocSpace objects, 1(20KB) LOS objects, 37% free, 26MB/42MB, paused 900us total 34.227ms
08-04 02:59:35.535 27401 27477 I art     : Starting a blocking GC Explicit
08-04 02:59:35.562 27401 27477 I art     : Explicit concurrent mark sweep GC freed 23(752B) AllocSpace objects, 0(0B) LOS objects, 37% free, 26MB/42MB, paused 891us total 26.659ms
08-04 02:59:35.571 27401 27477 I art     : Starting a blocking GC Explicit
08-04 02:59:35.599 27401 27477 I art     : Explicit concurrent mark sweep GC freed 3(96B) AllocSpace objects, 0(0B) LOS objects, 37% free, 26MB/42MB, paused 852us total 26.989ms
08-04 02:59:35.608 27401 27477 I art     : Starting a blocking GC Explicit
08-04 02:59:35.636 27401 27477 I art     : Explicit concurrent mark sweep GC freed 3(96B) AllocSpace objects, 0(0B) LOS objects, 37% free, 26MB/42MB, paused 847us total 27.387ms
08-04 02:59:35.645 27401 27477 I art     : Starting a blocking GC Explicit
08-04 02:59:35.673 27401 27477 I art     : Explicit concurrent mark sweep GC freed 3(96B) AllocSpace objects, 0(0B) LOS objects, 37% free, 26MB/42MB, paused 850us total 27.711ms
08-04 02:59:35.978 27401 27414 I art     : Starting a blocking GC Explicit
08-04 02:59:36.015 27401 27414 I art     : Explicit concurrent mark sweep GC freed 1373(81KB) AllocSpace objects, 1(20KB) LOS objects, 37% free, 26MB/42MB, paused 916us total 36.900ms
08-04 02:59:36.026 27401 27414 I art     : Starting a blocking GC Explicit
08-04 02:59:36.055 27401 27414 I art     : Explicit concurrent mark sweep GC freed 23(752B) AllocSpace objects, 0(0B) LOS objects, 37% free, 26MB/42MB, paused 845us total 27.866ms
08-04 02:59:36.064 27401 27414 I art     : Starting a blocking GC Explicit
08-04 02:59:36.092 27401 27414 I art     : Explicit concurrent mark sweep GC freed 3(96B) AllocSpace objects, 0(0B) LOS objects, 37% free, 26MB/42MB, paused 773us total 27.069ms
08-04 02:59:36.101 27401 27414 I art     : Starting a blocking GC Explicit
08-04 02:59:36.129 27401 27414 I art     : Explicit concurrent mark sweep GC freed 3(96B) AllocSpace objects, 0(0B) LOS objects, 37% free, 26MB/42MB, paused 891us total 27.384ms
08-04 02:59:36.139 27401 27414 I art     : Starting a blocking GC Explicit
08-04 02:59:36.165 27401 27414 I art     : Explicit concurrent mark sweep GC freed 3(96B) AllocSpace objects, 0(0B) LOS objects, 37% free, 26MB/42MB, paused 891us total 25.698ms
08-04 02:59:36.442 27401 27413 I art     : Starting a blocking GC Explicit
08-04 02:59:36.475 27401 27413 I art     : Explicit concurrent mark sweep GC freed 1372(82KB) AllocSpace objects, 1(20KB) LOS objects, 37% free, 26MB/42MB, paused 817us total 32.683ms
08-04 02:59:36.485 27401 27413 I art     : Starting a blocking GC Explicit
08-04 02:59:36.512 27401 27413 I art     : Explicit concurrent mark sweep GC freed 52(1536B) AllocSpace objects, 0(0B) LOS objects, 37% free, 26MB/42MB, paused 848us total 26.601ms
08-04 02:59:36.521 27401 27413 I art     : Starting a blocking GC Explicit
08-04 02:59:36.548 27401 27413 I art     : Explicit concurrent mark sweep GC freed 7(224B) AllocSpace objects, 0(0B) LOS objects, 37% free, 26MB/42MB, paused 1.300ms total 27.322ms
08-04 02:59:36.558 27401 27413 I art     : Starting a blocking GC Explicit
08-04 02:59:36.569 29329 29329 D AndroidRuntime: >>>>>> START com.android.internal.os.RuntimeInit uid 2000 <<<<<<
08-04 02:59:36.575 29329 29329 D AndroidRuntime: CheckJNI is OFF
08-04 02:59:36.584 27401 27413 I art     : Explicit concurrent mark sweep GC freed 6(192B) AllocSpace objects, 0(0B) LOS objects, 37% free, 26MB/42MB, paused 807us total 26.453ms
08-04 02:59:36.593 27401 27413 I art     : Starting a blocking GC Explicit
08-04 02:59:36.608 29329 29329 D ICU     : No timezone override file found: /data/misc/zoneinfo/current/icu/icu_tzdata.dat
08-04 02:59:36.617 27401 27413 I art     : Explicit concurrent mark sweep GC freed 7(224B) AllocSpace objects, 0(0B) LOS objects, 37% free, 26MB/42MB, paused 949us total 23.851ms
08-04 02:59:36.641 29329 29329 I Radio-JNI: register_android_hardware_Radio DONE
08-04 02:59:36.661 29329 29329 D AndroidRuntime: Calling main entry com.android.commands.input.Input
08-04 02:59:36.663 29329 29329 I Input   : injectMotionEvent: MotionEvent { action=ACTION_DOWN, actionButton=0, id[0]=0, x[0]=567.0, y[0]=714.0, toolType[0]=TOOL_TYPE_UNKNOWN, buttonState=0, metaState=0, flags=0x0, edgeFlags=0x0, pointerCount=1, historySize=0, eventTime=673193075, downTime=673193075, deviceId=0, source=0x1002 }
08-04 02:59:36.668 29329 29329 I Input   : injectMotionEvent: MotionEvent { action=ACTION_UP, actionButton=0, id[0]=0, x[0]=567.0, y[0]=714.0, toolType[0]=TOOL_TYPE_UNKNOWN, buttonState=0, metaState=0, flags=0x0, edgeFlags=0x0, pointerCount=1, historySize=0, eventTime=673193075, downTime=673193075, deviceId=0, source=0x1002 }
08-04 02:59:36.669 29329 29329 D AndroidRuntime: Shutting down VM
08-04 02:59:36.674   512  2967 D audio_hw_primary: out_set_parameters: enter: usecase(1: low-latency-playback) kvpairs: routing=2
08-04 02:59:36.686   512  2967 D audio_hw_primary: select_devices: out_snd_device(2: speaker) in_snd_device(0: none)
08-04 02:59:36.687   512  2967 D msm8974_platform: platform_send_audio_calibration: sending audio calibration for snd_device(2) acdb_id(15)
08-04 02:59:36.687   512  2967 I soundtrigger: audio_extn_sound_trigger_update_device_status: device 0x2 of type 0 for Event 1
08-04 02:59:36.697   512  2967 D audio_hw_primary: enable_snd_device: snd_device(2: speaker)
08-04 02:59:36.699   512  2967 D audio_hw_primary: enable_audio_route: apply and update mixer path: low-latency-playback speaker
08-04 02:59:36.870 27401 27413 I art     : Starting a blocking GC Explicit
08-04 02:59:36.899 27401 27413 I art     : Explicit concurrent mark sweep GC freed 6444(292KB) AllocSpace objects, 1(20KB) LOS objects, 36% free, 27MB/43MB, paused 992us total 28.999ms
08-04 02:59:36.907 27401 27413 I art     : Starting a blocking GC Explicit
08-04 02:59:36.932 27401 27413 I art     : Explicit concurrent mark sweep GC freed 2405(115KB) AllocSpace objects, 1(220KB) LOS objects, 37% free, 27MB/43MB, paused 896us total 24.835ms
08-04 02:59:36.941 27401 27413 I art     : Starting a blocking GC Explicit
08-04 02:59:36.966 27401 27413 I art     : Explicit concurrent mark sweep GC freed 378(28KB) AllocSpace objects, 0(0B) LOS objects, 37% free, 26MB/42MB, paused 888us total 24.616ms
08-04 02:59:36.975 27401 27413 I art     : Starting a blocking GC Explicit
08-04 02:59:37.001 27401 27413 I art     : Explicit concurrent mark sweep GC freed 107(3KB) AllocSpace objects, 0(0B) LOS objects, 37% free, 26MB/42MB, paused 875us total 25.824ms
08-04 02:59:37.010 27401 27413 I art     : Starting a blocking GC Explicit
08-04 02:59:37.036 27401 27413 I art     : Explicit concurrent mark sweep GC freed 13(480B) AllocSpace objects, 0(0B) LOS objects, 37% free, 26MB/42MB, paused 960us total 25.730ms
08-04 02:59:37.070 27401 27421 I NAPPA_EXPERIMENTATION: MetricNetworkRequestExecutionTime: REQUEST_DURATION_SYSTEM='376',REQUEST_DURATION_OKHTTP='152',REQUEST_SYNCHRONOUS='TRUE',RESPONSE_CODE='400',RESPONSE_METHOD='GET',RESPONSE_LENGTH_OKHTTP='0',RESPONSE_LENGTH_HEADER='0',REQUEST_PROTOCOL='h2',REQUEST_URL='https://itunes.apple.com/en/rss/toppodcasts/limit=25/explicit=true/json',
08-04 02:59:37.207 27401 27421 I NAPPA_EXPERIMENTATION: MetricNetworkRequestExecutionTime: REQUEST_DURATION_SYSTEM='136',REQUEST_DURATION_OKHTTP='135',REQUEST_SYNCHRONOUS='TRUE',RESPONSE_CODE='200',RESPONSE_METHOD='GET',RESPONSE_LENGTH_OKHTTP='-1',RESPONSE_LENGTH_HEADER='10075',REQUEST_PROTOCOL='h2',REQUEST_URL='https://itunes.apple.com/us/rss/toppodcasts/limit=25/explicit=true/json',
08-04 02:59:37.239   512  2967 D audio_hw_primary: disable_audio_route: reset and update mixer path: low-latency-playback speaker
08-04 02:59:37.240   512  2967 D audio_hw_primary: disable_snd_device: snd_device(2: speaker)
08-04 02:59:37.249   512  2967 I soundtrigger: audio_extn_sound_trigger_update_device_status: device 0x2 of type 0 for Event 0
08-04 02:59:37.258 27401 28138 D ApOkHttpUrlLoader: buildLoadData() called with: model = [https://is4-ssl.mzstatic.com/image/thumb/Podcasts114/v4/3f/16/74/3f167426-bf50-ce3a-d709-e4301620fc5b/mza_5832671293059882550.jpeg/170x170bb.png], width = [224], height = [224]
08-04 02:59:37.259 27401 28142 D DBReader: getImageAuthentication() called with: imageUrl = [https://is4-ssl.mzstatic.com/image/thumb/Podcasts114/v4/3f/16/74/3f167426-bf50-ce3a-d709-e4301620fc5b/mza_5832671293059882550.jpeg/170x170bb.png]
08-04 02:59:37.263 27401 28142 D ApOkHttpUrlLoader: no credentials for 'https://is4-ssl.mzstatic.com/image/thumb/Podcasts114/v4/3f/16/74/3f167426-bf50-ce3a-d709-e4301620fc5b/mza_5832671293059882550.jpeg/170x170bb.png'
08-04 02:59:37.263 27401 28136 D ApOkHttpUrlLoader: buildLoadData() called with: model = [https://is4-ssl.mzstatic.com/image/thumb/Podcasts113/v4/e5/8a/10/e58a108f-f5d0-f622-c94a-13f66edd570c/mza_3025981348644196724.jpg/170x170bb.png], width = [224], height = [224]
08-04 02:59:37.264 27401 28143 D DBReader: getImageAuthentication() called with: imageUrl = [https://is4-ssl.mzstatic.com/image/thumb/Podcasts113/v4/e5/8a/10/e58a108f-f5d0-f622-c94a-13f66edd570c/mza_3025981348644196724.jpg/170x170bb.png]
08-04 02:59:37.267 27401 28140 D ApOkHttpUrlLoader: buildLoadData() called with: model = [https://is2-ssl.mzstatic.com/image/thumb/Podcasts113/v4/a9/39/cc/a939ccc5-6d60-0c11-0a4c-16d71cdef89b/mza_8787577209688278658.jpg/170x170bb.png], width = [224], height = [224]
08-04 02:59:37.267 27401 28143 D ApOkHttpUrlLoader: no credentials for 'https://is4-ssl.mzstatic.com/image/thumb/Podcasts113/v4/e5/8a/10/e58a108f-f5d0-f622-c94a-13f66edd570c/mza_3025981348644196724.jpg/170x170bb.png'
08-04 02:59:37.268 27401 28144 D DBReader: getImageAuthentication() called with: imageUrl = [https://is2-ssl.mzstatic.com/image/thumb/Podcasts113/v4/a9/39/cc/a939ccc5-6d60-0c11-0a4c-16d71cdef89b/mza_8787577209688278658.jpg/170x170bb.png]
08-04 02:59:37.270 27401 28134 D ApOkHttpUrlLoader: buildLoadData() called with: model = [https://is5-ssl.mzstatic.com/image/thumb/Podcasts114/v4/93/cf/99/93cf9960-fff3-205e-6655-72c03ddeccb2/mza_10545582232493904175.jpeg/170x170bb.png], width = [224], height = [224]
08-04 02:59:37.271 27401 28135 D DBReader: getImageAuthentication() called with: imageUrl = [https://is5-ssl.mzstatic.com/image/thumb/Podcasts114/v4/93/cf/99/93cf9960-fff3-205e-6655-72c03ddeccb2/mza_10545582232493904175.jpeg/170x170bb.png]
08-04 02:59:37.272 27401 28144 D ApOkHttpUrlLoader: no credentials for 'https://is2-ssl.mzstatic.com/image/thumb/Podcasts113/v4/a9/39/cc/a939ccc5-6d60-0c11-0a4c-16d71cdef89b/mza_8787577209688278658.jpg/170x170bb.png'
08-04 02:59:37.274 27401 28138 D ApOkHttpUrlLoader: buildLoadData() called with: model = [https://is4-ssl.mzstatic.com/image/thumb/Podcasts124/v4/49/a4/91/49a491b7-3daf-c5dc-d7c6-6c4f1486955c/mza_5930014091766152297.png/170x170bb.png], width = [224], height = [224]
08-04 02:59:37.274 27401 28137 D DBReader: getImageAuthentication() called with: imageUrl = [https://is4-ssl.mzstatic.com/image/thumb/Podcasts124/v4/49/a4/91/49a491b7-3daf-c5dc-d7c6-6c4f1486955c/mza_5930014091766152297.png/170x170bb.png]
08-04 02:59:37.275 27401 28135 D ApOkHttpUrlLoader: no credentials for 'https://is5-ssl.mzstatic.com/image/thumb/Podcasts114/v4/93/cf/99/93cf9960-fff3-205e-6655-72c03ddeccb2/mza_10545582232493904175.jpeg/170x170bb.png'
08-04 02:59:37.277 27401 28136 D ApOkHttpUrlLoader: buildLoadData() called with: model = [https://is5-ssl.mzstatic.com/image/thumb/Podcasts113/v4/fd/54/6e/fd546ea0-7ab2-e3f0-6049-884d82917af9/mza_4855349695799758348.jpeg/170x170bb.png], width = [224], height = [224]
08-04 02:59:37.277 27401 28139 D DBReader: getImageAuthentication() called with: imageUrl = [https://is5-ssl.mzstatic.com/image/thumb/Podcasts113/v4/fd/54/6e/fd546ea0-7ab2-e3f0-6049-884d82917af9/mza_4855349695799758348.jpeg/170x170bb.png]
08-04 02:59:37.278 27401 28137 D ApOkHttpUrlLoader: no credentials for 'https://is4-ssl.mzstatic.com/image/thumb/Podcasts124/v4/49/a4/91/49a491b7-3daf-c5dc-d7c6-6c4f1486955c/mza_5930014091766152297.png/170x170bb.png'
08-04 02:59:37.279 27401 28140 D ApOkHttpUrlLoader: buildLoadData() called with: model = [https://is2-ssl.mzstatic.com/image/thumb/Podcasts114/v4/b3/4c/cf/b34ccfc2-cea4-1ca1-0fad-7793af301cc5/mza_2466085192629456364.jpg/170x170bb.png], width = [224], height = [224]
08-04 02:59:37.280 27401 28141 D DBReader: getImageAuthentication() called with: imageUrl = [https://is2-ssl.mzstatic.com/image/thumb/Podcasts114/v4/b3/4c/cf/b34ccfc2-cea4-1ca1-0fad-7793af301cc5/mza_2466085192629456364.jpg/170x170bb.png]
08-04 02:59:37.281 27401 28139 D ApOkHttpUrlLoader: no credentials for 'https://is5-ssl.mzstatic.com/image/thumb/Podcasts113/v4/fd/54/6e/fd546ea0-7ab2-e3f0-6049-884d82917af9/mza_4855349695799758348.jpeg/170x170bb.png'
08-04 02:59:37.284 27401 28141 D ApOkHttpUrlLoader: no credentials for 'https://is2-ssl.mzstatic.com/image/thumb/Podcasts114/v4/b3/4c/cf/b34ccfc2-cea4-1ca1-0fad-7793af301cc5/mza_2466085192629456364.jpg/170x170bb.png'
08-04 02:59:37.314 27401 27937 I art     : Starting a blocking GC Explicit
08-04 02:59:37.342 27401 27937 I art     : Explicit concurrent mark sweep GC freed 12978(765KB) AllocSpace objects, 5(372KB) LOS objects, 37% free, 27MB/43MB, paused 1.078ms total 28.111ms
08-04 02:59:37.351 27401 27937 I art     : Starting a blocking GC Explicit
08-04 02:59:37.378 27401 27937 I art     : Explicit concurrent mark sweep GC freed 3052(130KB) AllocSpace objects, 0(0B) LOS objects, 37% free, 27MB/43MB, paused 1.187ms total 27.237ms
08-04 02:59:37.387 27401 27937 I art     : Starting a blocking GC Explicit
08-04 02:59:37.415 27401 27937 I art     : Explicit concurrent mark sweep GC freed 1058(47KB) AllocSpace objects, 0(0B) LOS objects, 37% free, 27MB/43MB, paused 1.139ms total 26.885ms
08-04 02:59:37.424 27401 27937 I art     : Starting a blocking GC Explicit
08-04 02:59:37.462 27401 27937 I art     : Explicit concurrent mark sweep GC freed 2807(134KB) AllocSpace objects, 0(0B) LOS objects, 36% free, 27MB/43MB, paused 2.003ms total 37.530ms
08-04 02:59:37.472 27401 27937 I art     : Starting a blocking GC Explicit
08-04 02:59:37.501 27401 27937 I art     : Explicit concurrent mark sweep GC freed 14394(607KB) AllocSpace objects, 0(0B) LOS objects, 37% free, 27MB/43MB, paused 1.198ms total 29.206ms
08-04 02:59:37.588 27401 28142 D MYTAG   : interceptor 2a
08-04 02:59:37.588 27401 28142 I NAPPA_EXPERIMENTATION: MetricNetworkRequestExecutionTime: REQUEST_DURATION_SYSTEM='325',REQUEST_DURATION_OKHTTP='179',REQUEST_SYNCHRONOUS='TRUE',RESPONSE_CODE='200',RESPONSE_METHOD='GET',RESPONSE_LENGTH_OKHTTP='26177',RESPONSE_LENGTH_HEADER='26177',REQUEST_PROTOCOL='h2',REQUEST_URL='https://is4-ssl.mzstatic.com/image/thumb/Podcasts114/v4/3f/16/74/3f167426-bf50-ce3a-d709-e4301620fc5b/mza_5832671293059882550.jpeg/170x170bb.png',
08-04 02:59:37.672 27401 28137 D MYTAG   : interceptor 2a
08-04 02:59:37.672 27401 28137 I NAPPA_EXPERIMENTATION: MetricNetworkRequestExecutionTime: REQUEST_DURATION_SYSTEM='394',REQUEST_DURATION_OKHTTP='167',REQUEST_SYNCHRONOUS='TRUE',RESPONSE_CODE='200',RESPONSE_METHOD='GET',RESPONSE_LENGTH_OKHTTP='12000',RESPONSE_LENGTH_HEADER='12000',REQUEST_PROTOCOL='h2',REQUEST_URL='https://is4-ssl.mzstatic.com/image/thumb/Podcasts124/v4/49/a4/91/49a491b7-3daf-c5dc-d7c6-6c4f1486955c/mza_5930014091766152297.png/170x170bb.png',
08-04 02:59:37.697 27401 28143 D MYTAG   : interceptor 2a
08-04 02:59:37.698 27401 28143 I NAPPA_EXPERIMENTATION: MetricNetworkRequestExecutionTime: REQUEST_DURATION_SYSTEM='430',REQUEST_DURATION_OKHTTP='184',REQUEST_SYNCHRONOUS='TRUE',RESPONSE_CODE='200',RESPONSE_METHOD='GET',RESPONSE_LENGTH_OKHTTP='45995',RESPONSE_LENGTH_HEADER='45995',REQUEST_PROTOCOL='h2',REQUEST_URL='https://is4-ssl.mzstatic.com/image/thumb/Podcasts113/v4/e5/8a/10/e58a108f-f5d0-f622-c94a-13f66edd570c/mza_3025981348644196724.jpg/170x170bb.png',
08-04 02:59:37.714 27401 28139 D MYTAG   : interceptor 2a
08-04 02:59:37.714 27401 28139 I NAPPA_EXPERIMENTATION: MetricNetworkRequestExecutionTime: REQUEST_DURATION_SYSTEM='433',REQUEST_DURATION_OKHTTP='210',REQUEST_SYNCHRONOUS='TRUE',RESPONSE_CODE='200',RESPONSE_METHOD='GET',RESPONSE_LENGTH_OKHTTP='54835',RESPONSE_LENGTH_HEADER='54835',REQUEST_PROTOCOL='h2',REQUEST_URL='https://is5-ssl.mzstatic.com/image/thumb/Podcasts113/v4/fd/54/6e/fd546ea0-7ab2-e3f0-6049-884d82917af9/mza_4855349695799758348.jpeg/170x170bb.png',
08-04 02:59:37.743 27401 28141 D MYTAG   : interceptor 2a
08-04 02:59:37.744 27401 28141 I NAPPA_EXPERIMENTATION: MetricNetworkRequestExecutionTime: REQUEST_DURATION_SYSTEM='459',REQUEST_DURATION_OKHTTP='235',REQUEST_SYNCHRONOUS='TRUE',RESPONSE_CODE='200',RESPONSE_METHOD='GET',RESPONSE_LENGTH_OKHTTP='42299',RESPONSE_LENGTH_HEADER='42299',REQUEST_PROTOCOL='h2',REQUEST_URL='https://is2-ssl.mzstatic.com/image/thumb/Podcasts114/v4/b3/4c/cf/b34ccfc2-cea4-1ca1-0fad-7793af301cc5/mza_2466085192629456364.jpg/170x170bb.png',
08-04 02:59:37.771 27401 28135 D MYTAG   : interceptor 2a
08-04 02:59:37.771 27401 28135 I NAPPA_EXPERIMENTATION: MetricNetworkRequestExecutionTime: REQUEST_DURATION_SYSTEM='496',REQUEST_DURATION_OKHTTP='261',REQUEST_SYNCHRONOUS='TRUE',RESPONSE_CODE='200',RESPONSE_METHOD='GET',RESPONSE_LENGTH_OKHTTP='22351',RESPONSE_LENGTH_HEADER='22351',REQUEST_PROTOCOL='h2',REQUEST_URL='https://is5-ssl.mzstatic.com/image/thumb/Podcasts114/v4/93/cf/99/93cf9960-fff3-205e-6655-72c03ddeccb2/mza_10545582232493904175.jpeg/170x170bb.png',
08-04 02:59:37.773 27401 27477 I art     : Starting a blocking GC Explicit
08-04 02:59:37.777 27401 28144 D MYTAG   : interceptor 2a
08-04 02:59:37.778 27401 28144 I NAPPA_EXPERIMENTATION: MetricNetworkRequestExecutionTime: REQUEST_DURATION_SYSTEM='505',REQUEST_DURATION_OKHTTP='262',REQUEST_SYNCHRONOUS='TRUE',RESPONSE_CODE='200',RESPONSE_METHOD='GET',RESPONSE_LENGTH_OKHTTP='48239',RESPONSE_LENGTH_HEADER='48239',REQUEST_PROTOCOL='h2',REQUEST_URL='https://is2-ssl.mzstatic.com/image/thumb/Podcasts113/v4/a9/39/cc/a939ccc5-6d60-0c11-0a4c-16d71cdef89b/mza_8787577209688278658.jpg/170x170bb.png',
08-04 02:59:37.817 27401 27477 I art     : Explicit concurrent mark sweep GC freed 11503(712KB) AllocSpace objects, 1(20KB) LOS objects, 35% free, 28MB/44MB, paused 1.835ms total 43.076ms
08-04 02:59:37.825 27401 27477 I art     : Starting a blocking GC Explicit
08-04 02:59:37.850 27401 27477 I art     : Explicit concurrent mark sweep GC freed 763(30KB) AllocSpace objects, 0(0B) LOS objects, 35% free, 28MB/44MB, paused 905us total 24.454ms
08-04 02:59:37.859 27401 27477 I art     : Starting a blocking GC Explicit
08-04 02:59:37.886 27401 27477 I art     : Explicit concurrent mark sweep GC freed 3(96B) AllocSpace objects, 0(0B) LOS objects, 35% free, 28MB/44MB, paused 911us total 26.711ms
08-04 02:59:37.895 27401 27477 I art     : Starting a blocking GC Explicit
08-04 02:59:37.922 27401 27477 I art     : Explicit concurrent mark sweep GC freed 3(96B) AllocSpace objects, 0(0B) LOS objects, 35% free, 28MB/44MB, paused 961us total 27.400ms
08-04 02:59:37.932 27401 27477 I art     : Starting a blocking GC Explicit
08-04 02:59:37.960 27401 27477 I art     : Explicit concurrent mark sweep GC freed 3(96B) AllocSpace objects, 0(0B) LOS objects, 35% free, 28MB/44MB, paused 944us total 28.199ms
08-04 02:59:38.260 27401 27413 I art     : Starting a blocking GC Explicit
08-04 02:59:38.296 27401 27413 I art     : Explicit concurrent mark sweep GC freed 1372(80KB) AllocSpace objects, 1(20KB) LOS objects, 35% free, 28MB/44MB, paused 1.028ms total 35.719ms
08-04 02:59:38.308 27401 27413 I art     : Starting a blocking GC Explicit
08-04 02:59:38.337 27401 27413 I art     : Explicit concurrent mark sweep GC freed 23(752B) AllocSpace objects, 0(0B) LOS objects, 35% free, 28MB/44MB, paused 946us total 28.861ms
08-04 02:59:38.347 27401 27413 I art     : Starting a blocking GC Explicit
08-04 02:59:38.375 27401 27413 I art     : Explicit concurrent mark sweep GC freed 3(96B) AllocSpace objects, 0(0B) LOS objects, 35% free, 28MB/44MB, paused 930us total 28.597ms
08-04 02:59:38.385 27401 27413 I art     : Starting a blocking GC Explicit
08-04 02:59:38.413 27401 27413 I art     : Explicit concurrent mark sweep GC freed 3(96B) AllocSpace objects, 0(0B) LOS objects, 35% free, 28MB/44MB, paused 863us total 27.255ms
08-04 02:59:38.422 27401 27413 I art     : Starting a blocking GC Explicit
08-04 02:59:38.451 27401 27413 I art     : Explicit concurrent mark sweep GC freed 3(96B) AllocSpace objects, 0(0B) LOS objects, 35% free, 28MB/44MB, paused 958us total 28.231ms
08-04 02:59:38.786 27401 27414 I art     : Starting a blocking GC Explicit
08-04 02:59:38.828 27401 27414 I art     : Explicit concurrent mark sweep GC freed 1402(82KB) AllocSpace objects, 1(20KB) LOS objects, 35% free, 28MB/44MB, paused 1.059ms total 41.660ms
08-04 02:59:38.838 27401 27414 I art     : Starting a blocking GC Explicit
08-04 02:59:38.866 27401 27414 I art     : Explicit concurrent mark sweep GC freed 24(784B) AllocSpace objects, 0(0B) LOS objects, 35% free, 28MB/44MB, paused 928us total 28.141ms
08-04 02:59:38.878 27401 27414 I art     : Starting a blocking GC Explicit
08-04 02:59:38.908 27401 27414 I art     : Explicit concurrent mark sweep GC freed 9(288B) AllocSpace objects, 0(0B) LOS objects, 35% free, 28MB/44MB, paused 1.022ms total 29.935ms
08-04 02:59:38.918 27401 27414 I art     : Starting a blocking GC Explicit
08-04 02:59:38.944 27401 27414 I art     : Explicit concurrent mark sweep GC freed 7(224B) AllocSpace objects, 0(0B) LOS objects, 35% free, 28MB/44MB, paused 930us total 26.153ms
08-04 02:59:38.954 27401 27414 I art     : Starting a blocking GC Explicit
08-04 02:59:38.980 27401 27414 I art     : Explicit concurrent mark sweep GC freed 7(224B) AllocSpace objects, 0(0B) LOS objects, 35% free, 28MB/44MB, paused 835us total 26.071ms
08-04 02:59:39.306 27401 27477 I art     : Starting a blocking GC Explicit
08-04 02:59:39.342 27401 27477 I art     : Explicit concurrent mark sweep GC freed 1389(83KB) AllocSpace objects, 1(20KB) LOS objects, 35% free, 28MB/44MB, paused 1.009ms total 35.347ms
08-04 02:59:39.354 27401 27477 I art     : Starting a blocking GC Explicit
08-04 02:59:39.384 27401 27477 I art     : Explicit concurrent mark sweep GC freed 23(752B) AllocSpace objects, 0(0B) LOS objects, 35% free, 28MB/44MB, paused 1.053ms total 29.173ms
08-04 02:59:39.394 27401 27477 I art     : Starting a blocking GC Explicit
08-04 02:59:39.422 27401 27477 I art     : Explicit concurrent mark sweep GC freed 3(96B) AllocSpace objects, 0(0B) LOS objects, 35% free, 28MB/44MB, paused 940us total 28.409ms
08-04 02:59:39.432 27401 27477 I art     : Starting a blocking GC Explicit
08-04 02:59:39.461 27401 27477 I art     : Explicit concurrent mark sweep GC freed 3(96B) AllocSpace objects, 0(0B) LOS objects, 35% free, 28MB/44MB, paused 961us total 28.936ms
08-04 02:59:39.471 27401 27477 I art     : Starting a blocking GC Explicit
08-04 02:59:39.499 27401 27477 I art     : Explicit concurrent mark sweep GC freed 32(880B) AllocSpace objects, 0(0B) LOS objects, 35% free, 28MB/44MB, paused 1.037ms total 28.657ms
08-04 02:59:39.819 27401 27413 I art     : Starting a blocking GC Explicit
08-04 02:59:39.860 27401 27413 I art     : Explicit concurrent mark sweep GC freed 1373(81KB) AllocSpace objects, 1(20KB) LOS objects, 35% free, 28MB/44MB, paused 1.034ms total 39.895ms
08-04 02:59:39.873 27401 27413 I art     : Starting a blocking GC Explicit
08-04 02:59:39.902 27401 27413 I art     : Explicit concurrent mark sweep GC freed 23(752B) AllocSpace objects, 0(0B) LOS objects, 35% free, 28MB/44MB, paused 960us total 28.743ms
08-04 02:59:39.912 27401 27413 I art     : Starting a blocking GC Explicit
08-04 02:59:39.940 27401 27413 I art     : Explicit concurrent mark sweep GC freed 3(96B) AllocSpace objects, 0(0B) LOS objects, 35% free, 28MB/44MB, paused 931us total 28.246ms
08-04 02:59:39.950 27401 27413 I art     : Starting a blocking GC Explicit
08-04 02:59:39.979 27401 27413 I art     : Explicit concurrent mark sweep GC freed 3(96B) AllocSpace objects, 0(0B) LOS objects, 35% free, 28MB/44MB, paused 972us total 28.715ms
08-04 02:59:39.989 27401 27413 I art     : Starting a blocking GC Explicit
08-04 02:59:40.017 27401 27413 I art     : Explicit concurrent mark sweep GC freed 3(96B) AllocSpace objects, 0(0B) LOS objects, 35% free, 28MB/44MB, paused 1.004ms total 28.157ms
08-04 02:59:40.378 27401 27414 I art     : Starting a blocking GC Explicit
08-04 02:59:40.419 27401 27414 I art     : Explicit concurrent mark sweep GC freed 1374(82KB) AllocSpace objects, 1(20KB) LOS objects, 35% free, 28MB/44MB, paused 1.137ms total 40.142ms
08-04 02:59:40.432 27401 27414 I art     : Starting a blocking GC Explicit
08-04 02:59:40.461 27401 27414 I art     : Explicit concurrent mark sweep GC freed 23(752B) AllocSpace objects, 0(0B) LOS objects, 35% free, 28MB/44MB, paused 1.016ms total 29.021ms
08-04 02:59:40.471 27401 27414 I art     : Starting a blocking GC Explicit
08-04 02:59:40.499 27401 27414 I art     : Explicit concurrent mark sweep GC freed 32(880B) AllocSpace objects, 0(0B) LOS objects, 35% free, 28MB/44MB, paused 949us total 28.294ms
08-04 02:59:40.509 27401 27414 I art     : Starting a blocking GC Explicit
08-04 02:59:40.538 27401 27414 I art     : Explicit concurrent mark sweep GC freed 3(96B) AllocSpace objects, 0(0B) LOS objects, 35% free, 28MB/44MB, paused 1.027ms total 28.748ms
08-04 02:59:40.547 27401 27414 I art     : Starting a blocking GC Explicit
08-04 02:59:40.576 27401 27414 I art     : Explicit concurrent mark sweep GC freed 3(96B) AllocSpace objects, 0(0B) LOS objects, 35% free, 28MB/44MB, paused 1.023ms total 28.741ms
08-04 02:59:40.909 27401 27937 I art     : Starting a blocking GC Explicit
08-04 02:59:40.948 27401 27937 I art     : Explicit concurrent mark sweep GC freed 1373(81KB) AllocSpace objects, 1(20KB) LOS objects, 35% free, 28MB/44MB, paused 1.132ms total 38.224ms
08-04 02:59:40.957 27401 27937 I art     : Starting a blocking GC Explicit
08-04 02:59:40.987 27401 27937 I art     : Explicit concurrent mark sweep GC freed 23(752B) AllocSpace objects, 0(0B) LOS objects, 35% free, 28MB/44MB, paused 960us total 28.914ms
08-04 02:59:40.996 27401 27937 I art     : Starting a blocking GC Explicit
08-04 02:59:41.025 27401 27937 I art     : Explicit concurrent mark sweep GC freed 3(96B) AllocSpace objects, 0(0B) LOS objects, 35% free, 28MB/44MB, paused 923us total 28.945ms
08-04 02:59:41.026 27401 27412 I art     : WaitForGcToComplete blocked for 10.256ms for cause HeapTrim
08-04 02:59:41.035 27401 27937 I art     : Starting a blocking GC Explicit
08-04 02:59:41.064 27401 27937 I art     : Explicit concurrent mark sweep GC freed 3(96B) AllocSpace objects, 0(0B) LOS objects, 35% free, 28MB/44MB, paused 945us total 28.130ms
08-04 02:59:41.074 27401 27937 I art     : Starting a blocking GC Explicit
08-04 02:59:41.101 27401 27937 I art     : Explicit concurrent mark sweep GC freed 3(96B) AllocSpace objects, 0(0B) LOS objects, 35% free, 28MB/44MB, paused 936us total 27.627ms
08-04 02:59:41.416 27401 27477 I art     : Starting a blocking GC Explicit
08-04 02:59:41.445 27401 27477 I art     : Explicit concurrent mark sweep GC freed 1372(80KB) AllocSpace objects, 1(20KB) LOS objects, 35% free, 28MB/44MB, paused 972us total 29.233ms
08-04 02:59:41.455 27401 27477 I art     : Starting a blocking GC Explicit
08-04 02:59:41.484 27401 27477 I art     : Explicit concurrent mark sweep GC freed 98(3KB) AllocSpace objects, 0(0B) LOS objects, 35% free, 28MB/44MB, paused 963us total 28.451ms
08-04 02:59:41.493 27401 27477 I art     : Starting a blocking GC Explicit
08-04 02:59:41.522 27401 27477 I art     : Explicit concurrent mark sweep GC freed 4(128B) AllocSpace objects, 0(0B) LOS objects, 35% free, 28MB/44MB, paused 1.118ms total 28.364ms
08-04 02:59:41.531 27401 27477 I art     : Starting a blocking GC Explicit
08-04 02:59:41.557 27401 27477 I art     : Explicit concurrent mark sweep GC freed 3(96B) AllocSpace objects, 0(0B) LOS objects, 35% free, 28MB/44MB, paused 930us total 25.919ms
08-04 02:59:41.566 27401 27477 I art     : Starting a blocking GC Explicit
08-04 02:59:41.591 27401 27477 I art     : Explicit concurrent mark sweep GC freed 3(96B) AllocSpace objects, 0(0B) LOS objects, 35% free, 28MB/44MB, paused 865us total 24.945ms
08-04 02:59:41.922 27401 27413 I art     : Starting a blocking GC Explicit
08-04 02:59:41.960 27401 27413 I art     : Explicit concurrent mark sweep GC freed 1372(80KB) AllocSpace objects, 1(20KB) LOS objects, 35% free, 28MB/44MB, paused 1.046ms total 37.548ms
08-04 02:59:41.974 27401 27413 I art     : Starting a blocking GC Explicit
08-04 02:59:42.003 27401 27413 I art     : Explicit concurrent mark sweep GC freed 23(752B) AllocSpace objects, 0(0B) LOS objects, 35% free, 28MB/44MB, paused 957us total 28.900ms
08-04 02:59:42.012 27401 27413 I art     : Starting a blocking GC Explicit
08-04 02:59:42.041 27401 27413 I art     : Explicit concurrent mark sweep GC freed 3(96B) AllocSpace objects, 0(0B) LOS objects, 35% free, 28MB/44MB, paused 967us total 28.312ms
08-04 02:59:42.050 27401 27413 I art     : Starting a blocking GC Explicit
08-04 02:59:42.079 27401 27413 I art     : Explicit concurrent mark sweep GC freed 3(96B) AllocSpace objects, 0(0B) LOS objects, 35% free, 28MB/44MB, paused 972us total 28.552ms
08-04 02:59:42.089 27401 27413 I art     : Starting a blocking GC Explicit
08-04 02:59:42.117 27401 27413 I art     : Explicit concurrent mark sweep GC freed 3(96B) AllocSpace objects, 0(0B) LOS objects, 35% free, 28MB/44MB, paused 1.007ms total 27.752ms
08-04 02:59:42.439 27401 27937 I art     : Starting a blocking GC Explicit
08-04 02:59:42.475 27401 27937 I art     : Explicit concurrent mark sweep GC freed 1372(80KB) AllocSpace objects, 1(20KB) LOS objects, 35% free, 28MB/44MB, paused 1.023ms total 35.374ms
08-04 02:59:42.488 27401 27937 I art     : Starting a blocking GC Explicit
08-04 02:59:42.516 27401 27937 I art     : Explicit concurrent mark sweep GC freed 52(1536B) AllocSpace objects, 0(0B) LOS objects, 35% free, 28MB/44MB, paused 962us total 28.569ms
08-04 02:59:42.526 27401 27937 I art     : Starting a blocking GC Explicit
08-04 02:59:42.555 27401 27937 I art     : Explicit concurrent mark sweep GC freed 3(96B) AllocSpace objects, 0(0B) LOS objects, 35% free, 28MB/44MB, paused 953us total 28.740ms
08-04 02:59:42.565 27401 27937 I art     : Starting a blocking GC Explicit
08-04 02:59:42.594 27401 27937 I art     : Explicit concurrent mark sweep GC freed 3(96B) AllocSpace objects, 0(0B) LOS objects, 35% free, 28MB/44MB, paused 963us total 28.541ms
08-04 02:59:42.603 27401 27937 I art     : Starting a blocking GC Explicit
08-04 02:59:42.632 27401 27937 I art     : Explicit concurrent mark sweep GC freed 3(96B) AllocSpace objects, 0(0B) LOS objects, 35% free, 28MB/44MB, paused 963us total 28.267ms
08-04 02:59:42.973 27401 27414 I art     : Starting a blocking GC Explicit
08-04 02:59:43.001 27401 27414 I art     : Explicit concurrent mark sweep GC freed 1372(80KB) AllocSpace objects, 1(20KB) LOS objects, 35% free, 28MB/44MB, paused 957us total 28.284ms
08-04 02:59:43.011 27401 27414 I art     : Starting a blocking GC Explicit
08-04 02:59:43.038 27401 27414 I art     : Explicit concurrent mark sweep GC freed 23(752B) AllocSpace objects, 0(0B) LOS objects, 35% free, 28MB/44MB, paused 1.008ms total 27.032ms
08-04 02:59:43.047 27401 27414 I art     : Starting a blocking GC Explicit
08-04 02:59:43.075 27401 27414 I art     : Explicit concurrent mark sweep GC freed 3(96B) AllocSpace objects, 0(0B) LOS objects, 35% free, 28MB/44MB, paused 935us total 26.973ms
08-04 02:59:43.084 27401 27414 I art     : Starting a blocking GC Explicit
08-04 02:59:43.111 27401 27414 I art     : Explicit concurrent mark sweep GC freed 3(96B) AllocSpace objects, 0(0B) LOS objects, 35% free, 28MB/44MB, paused 952us total 26.703ms
08-04 02:59:43.120 27401 27414 I art     : Starting a blocking GC Explicit
08-04 02:59:43.147 27401 27414 I art     : Explicit concurrent mark sweep GC freed 3(96B) AllocSpace objects, 0(0B) LOS objects, 35% free, 28MB/44MB, paused 1.040ms total 27.176ms
08-04 02:59:43.333 29494 29494 D AndroidRuntime: >>>>>> START com.android.internal.os.RuntimeInit uid 2000 <<<<<<
08-04 02:59:43.338 29494 29494 D AndroidRuntime: CheckJNI is OFF
08-04 02:59:43.370 29494 29494 D ICU     : No timezone override file found: /data/misc/zoneinfo/current/icu/icu_tzdata.dat
08-04 02:59:43.403 29494 29494 I Radio-JNI: register_android_hardware_Radio DONE
08-04 02:59:43.425 29494 29494 D AndroidRuntime: Calling main entry com.android.commands.input.Input
08-04 02:59:43.427 29494 29494 I Input   : injectMotionEvent: MotionEvent { action=ACTION_DOWN, actionButton=0, id[0]=0, x[0]=616.0, y[0]=469.0, toolType[0]=TOOL_TYPE_UNKNOWN, buttonState=0, metaState=0, flags=0x0, edgeFlags=0x0, pointerCount=1, historySize=0, eventTime=673199839, downTime=673199839, deviceId=0, source=0x1002 }
08-04 02:59:43.431 29494 29494 I Input   : injectMotionEvent: MotionEvent { action=ACTION_UP, actionButton=0, id[0]=0, x[0]=616.0, y[0]=469.0, toolType[0]=TOOL_TYPE_UNKNOWN, buttonState=0, metaState=0, flags=0x0, edgeFlags=0x0, pointerCount=1, historySize=0, eventTime=673199839, downTime=673199839, deviceId=0, source=0x1002 }
08-04 02:59:43.432 29494 29494 D AndroidRuntime: Shutting down VM
08-04 02:59:43.447 27401 27477 I art     : Starting a blocking GC Explicit
08-04 02:59:43.478 27401 27477 I art     : Explicit concurrent mark sweep GC freed 1393(81KB) AllocSpace objects, 1(20KB) LOS objects, 35% free, 28MB/44MB, paused 964us total 30.628ms
08-04 02:59:43.490 27401 27477 I art     : Starting a blocking GC Explicit
08-04 02:59:43.499   512  2967 D audio_hw_primary: out_set_parameters: enter: usecase(1: low-latency-playback) kvpairs: routing=2
08-04 02:59:43.512   512  2967 D audio_hw_primary: select_devices: out_snd_device(2: speaker) in_snd_device(0: none)
08-04 02:59:43.513   512  2967 D msm8974_platform: platform_send_audio_calibration: sending audio calibration for snd_device(2) acdb_id(15)
08-04 02:59:43.513   512  2967 I soundtrigger: audio_extn_sound_trigger_update_device_status: device 0x2 of type 0 for Event 1
08-04 02:59:43.520 27401 27477 I art     : Explicit concurrent mark sweep GC freed 241(9KB) AllocSpace objects, 0(0B) LOS objects, 35% free, 28MB/44MB, paused 1.155ms total 30.525ms
08-04 02:59:43.525   512  2967 D audio_hw_primary: enable_snd_device: snd_device(2: speaker)
08-04 02:59:43.527   512  2967 D audio_hw_primary: enable_audio_route: apply and update mixer path: low-latency-playback speaker
08-04 02:59:43.529 27401 27477 I art     : Starting a blocking GC Explicit
08-04 02:59:43.557 27401 27477 I art     : Explicit concurrent mark sweep GC freed 25(960B) AllocSpace objects, 0(0B) LOS objects, 35% free, 28MB/44MB, paused 1.003ms total 27.380ms
08-04 02:59:43.566 27401 27477 I art     : Starting a blocking GC Explicit
08-04 02:59:43.591 27401 27477 I art     : Explicit concurrent mark sweep GC freed 13(480B) AllocSpace objects, 0(0B) LOS objects, 35% free, 28MB/44MB, paused 965us total 25.389ms
08-04 02:59:43.600 27401 27477 I art     : Starting a blocking GC Explicit
08-04 02:59:43.626 27401 27477 I art     : Explicit concurrent mark sweep GC freed 13(480B) AllocSpace objects, 0(0B) LOS objects, 35% free, 28MB/44MB, paused 1.031ms total 26.297ms
08-04 02:59:43.665 27401 27936 I NAPPA_EXPERIMENTATION: MetricNetworkRequestExecutionTime: REQUEST_DURATION_SYSTEM='166',REQUEST_DURATION_OKHTTP='165',REQUEST_SYNCHRONOUS='TRUE',RESPONSE_CODE='200',RESPONSE_METHOD='GET',RESPONSE_LENGTH_OKHTTP='-1',RESPONSE_LENGTH_HEADER='628',REQUEST_PROTOCOL='h2',REQUEST_URL='https://itunes.apple.com/lookup?id=1524080195',
08-04 02:59:43.679   918  4400 I ActivityManager: START u0 {cmp=baseline.de.danoeh.antennapod.debug/baseline.de.danoeh.antennapod.activity.OnlineFeedViewActivity (has extras)} from uid 10670 on display 0
08-04 02:59:43.701 13866 13866 I GoogleInputMethodServic: GoogleInputMethodService.onFinishInput():3138 
08-04 02:59:43.702 13866 13866 I GoogleInputMethodServic: GoogleInputMethodService.onStartInput():1808 
08-04 02:59:43.725 27401 27401 D UserPreferences: Using default data folder
08-04 02:59:43.726 27401 27401 D OnlineFeedViewActivity: Activity was started with url https://rss.art19.com/nice-white-parents
08-04 02:59:43.729 27401 27401 D OnlineFeedViewActivity: Starting feed download
08-04 02:59:43.731 27401 27427 D DBReader: Extracting Feedlist
08-04 02:59:43.733   918  5132 D WifiService: acquireWifiLockLocked: WifiLock{Downloader type=1 binder=android.os.BinderProxy@7e29054}
08-04 02:59:43.733 27401 27427 D AntennapodHttpClient: Creating new instance of HTTP client
08-04 02:59:43.793 13866 13866 I GoogleInputMethodServic: GoogleInputMethodService.onFinishInput():3138 
08-04 02:59:43.794 13866 13866 I GoogleInputMethodServic: GoogleInputMethodService.onStartInput():1808 
08-04 02:59:43.819   918   936 I ActivityManager: Displayed baseline.de.danoeh.antennapod.debug/baseline.de.danoeh.antennapod.activity.OnlineFeedViewActivity: +117ms
08-04 02:59:43.883 27401 27477 I art     : Starting a blocking GC Explicit
08-04 02:59:43.910 27401 27477 I art     : Explicit concurrent mark sweep GC freed 7694(427KB) AllocSpace objects, 4(220KB) LOS objects, 35% free, 28MB/44MB, paused 979us total 27.077ms
08-04 02:59:43.919 27401 27477 I art     : Starting a blocking GC Explicit
08-04 02:59:43.951 27401 27477 I art     : Explicit concurrent mark sweep GC freed 1325(133KB) AllocSpace objects, 0(0B) LOS objects, 35% free, 28MB/44MB, paused 1.028ms total 31.910ms
08-04 02:59:43.961 27401 27477 I art     : Starting a blocking GC Explicit
08-04 02:59:43.990 27401 27477 I art     : Explicit concurrent mark sweep GC freed 3(96B) AllocSpace objects, 0(0B) LOS objects, 35% free, 28MB/44MB, paused 939us total 28.829ms
08-04 02:59:44.000 27401 27477 I art     : Starting a blocking GC Explicit
08-04 02:59:44.016 27401 27427 D MYTAG   : interceptor 3a https://rss.art19.com/nice-white-parents
08-04 02:59:44.017 27401 27427 I NAPPA_EXPERIMENTATION: MetricNetworkRequestExecutionTime: REQUEST_DURATION_SYSTEM='282',REQUEST_DURATION_OKHTTP='145',REQUEST_SYNCHRONOUS='TRUE',RESPONSE_CODE='200',RESPONSE_METHOD='GET',RESPONSE_LENGTH_OKHTTP='-1',RESPONSE_LENGTH_HEADER='1803',REQUEST_PROTOCOL='h2',REQUEST_URL='https://rss.art19.com/nice-white-parents',
08-04 02:59:44.017 27401 27427 D HttpDownloader: Response code is 200
08-04 02:59:44.017 27401 27427 D UserPreferences: Using default data folder
08-04 02:59:44.020 27401 27427 D HttpDownloader: Getting size of download
08-04 02:59:44.020 27401 27427 D HttpDownloader: Size is -1
08-04 02:59:44.020 27401 27427 D UserPreferences: Using default data folder
08-04 02:59:44.020 27401 27427 D HttpDownloader: Free space is 20263526400
08-04 02:59:44.020 27401 27427 D HttpDownloader: Starting download
08-04 02:59:44.022 27401 27427 D HttpDownloader: Download was successful
08-04 02:59:44.022   918  3670 D WifiService: releaseWifiLockLocked: WifiLock{Downloader type=1 binder=android.os.BinderProxy@7e29054}
08-04 02:59:44.023 27401 27401 D OnlineFeedViewActivity: Parsing feed
08-04 02:59:44.033 27401 29530 D TypeGetter: Recognized type RSS 2.0
08-04 02:59:44.034 27401 27477 I art     : Explicit concurrent mark sweep GC freed 341(68KB) AllocSpace objects, 0(0B) LOS objects, 35% free, 28MB/44MB, paused 4.719ms total 33.290ms
08-04 02:59:44.037 27401 29530 D SyndHandler: Recognized ITunes namespace
08-04 02:59:44.037 27401 29530 D SyndHandler: Recognized Atom namespace
08-04 02:59:44.037 27401 29530 D SyndHandler: Recognized Content namespace
08-04 02:59:44.044 27401 27477 I art     : Starting a blocking GC Explicit
08-04 02:59:44.047 27401 29530 D OnlineFeedViewActivity: Deleted feed source file. Result: true
08-04 02:59:44.048 27401 27401 D OnlineFeedViewActivity: Removing HTML from shownotes
08-04 02:59:44.062   380   380 W SurfaceFlinger: couldn't log to binary event log: overflow.
08-04 02:59:44.069   512  2967 D audio_hw_primary: disable_audio_route: reset and update mixer path: low-latency-playback speaker
08-04 02:59:44.071   512  2967 D audio_hw_primary: disable_snd_device: snd_device(2: speaker)
08-04 02:59:44.075 27401 27477 I art     : Explicit concurrent mark sweep GC freed 1282(187KB) AllocSpace objects, 4(128KB) LOS objects, 35% free, 28MB/44MB, paused 1.217ms total 31.093ms
08-04 02:59:44.080   512  2967 I soundtrigger: audio_extn_sound_trigger_update_device_status: device 0x2 of type 0 for Event 0
08-04 02:59:44.183 27401 27401 D PlaybackController: Releasing PlaybackController
08-04 02:59:44.362 27401 27413 I art     : Starting a blocking GC Explicit
08-04 02:59:44.401 27401 27413 I art     : Explicit concurrent mark sweep GC freed 2653(149KB) AllocSpace objects, 2(132KB) LOS objects, 35% free, 28MB/44MB, paused 1.107ms total 38.131ms
08-04 02:59:44.412 27401 27413 I art     : Starting a blocking GC Explicit
08-04 02:59:44.442 27401 27413 I art     : Explicit concurrent mark sweep GC freed 119(5KB) AllocSpace objects, 0(0B) LOS objects, 35% free, 28MB/44MB, paused 979us total 29.809ms
08-04 02:59:44.452 27401 27413 I art     : Starting a blocking GC Explicit
08-04 02:59:44.482 27401 27413 I art     : Explicit concurrent mark sweep GC freed 3(96B) AllocSpace objects, 0(0B) LOS objects, 35% free, 28MB/44MB, paused 1.047ms total 30.003ms
08-04 02:59:44.492 27401 27413 I art     : Starting a blocking GC Explicit
08-04 02:59:44.522 27401 27413 I art     : Explicit concurrent mark sweep GC freed 32(880B) AllocSpace objects, 0(0B) LOS objects, 35% free, 28MB/44MB, paused 1.115ms total 29.850ms
08-04 02:59:44.532 27401 27413 I art     : Starting a blocking GC Explicit
08-04 02:59:44.561 27401 27413 I art     : Explicit concurrent mark sweep GC freed 3(96B) AllocSpace objects, 0(0B) LOS objects, 35% free, 28MB/44MB, paused 1.011ms total 28.897ms
08-04 02:59:44.860 27401 27414 I art     : Starting a blocking GC Explicit
08-04 02:59:44.900 27401 27414 I art     : Explicit concurrent mark sweep GC freed 1372(80KB) AllocSpace objects, 1(20KB) LOS objects, 35% free, 28MB/44MB, paused 1.016ms total 40.508ms
08-04 02:59:44.913 27401 27414 I art     : Starting a blocking GC Explicit
08-04 02:59:44.944 27401 27414 I art     : Explicit concurrent mark sweep GC freed 23(752B) AllocSpace objects, 0(0B) LOS objects, 35% free, 28MB/44MB, paused 1.004ms total 30.599ms
08-04 02:59:44.954 27401 27414 I art     : Starting a blocking GC Explicit
08-04 02:59:44.984 27401 27414 I art     : Explicit concurrent mark sweep GC freed 3(96B) AllocSpace objects, 0(0B) LOS objects, 35% free, 28MB/44MB, paused 1.005ms total 29.741ms
08-04 02:59:44.993 27401 27414 I art     : Starting a blocking GC Explicit
08-04 02:59:45.023 27401 27414 I art     : Explicit concurrent mark sweep GC freed 3(96B) AllocSpace objects, 0(0B) LOS objects, 35% free, 28MB/44MB, paused 1.109ms total 29.717ms
08-04 02:59:45.033 27401 27414 I art     : Starting a blocking GC Explicit
08-04 02:59:45.064 27401 27414 I art     : Explicit concurrent mark sweep GC freed 3(96B) AllocSpace objects, 0(0B) LOS objects, 35% free, 28MB/44MB, paused 1.023ms total 30.635ms
08-04 02:59:45.389 27401 27477 I art     : Starting a blocking GC Explicit
08-04 02:59:45.430 27401 27477 I art     : Explicit concurrent mark sweep GC freed 1372(80KB) AllocSpace objects, 1(20KB) LOS objects, 35% free, 28MB/44MB, paused 1.276ms total 40.408ms
08-04 02:59:45.443 27401 27477 I art     : Starting a blocking GC Explicit
08-04 02:59:45.473 27401 27477 I art     : Explicit concurrent mark sweep GC freed 23(752B) AllocSpace objects, 0(0B) LOS objects, 35% free, 28MB/44MB, paused 951us total 29.830ms
08-04 02:59:45.483 27401 27477 I art     : Starting a blocking GC Explicit
08-04 02:59:45.513 27401 27477 I art     : Explicit concurrent mark sweep GC freed 32(880B) AllocSpace objects, 0(0B) LOS objects, 35% free, 28MB/44MB, paused 1.011ms total 30.310ms
08-04 02:59:45.523 27401 27477 I art     : Starting a blocking GC Explicit
08-04 02:59:45.554 27401 27477 I art     : Explicit concurrent mark sweep GC freed 3(96B) AllocSpace objects, 0(0B) LOS objects, 35% free, 28MB/44MB, paused 1.008ms total 30.772ms
08-04 02:59:45.564 27401 27477 I art     : Starting a blocking GC Explicit
08-04 02:59:45.595 27401 27477 I art     : Explicit concurrent mark sweep GC freed 3(96B) AllocSpace objects, 0(0B) LOS objects, 35% free, 28MB/44MB, paused 980us total 30.460ms
08-04 02:59:45.905 27401 27477 I art     : Starting a blocking GC Explicit
08-04 02:59:45.935 27401 27477 I art     : Explicit concurrent mark sweep GC freed 1402(81KB) AllocSpace objects, 1(20KB) LOS objects, 35% free, 28MB/44MB, paused 912us total 29.139ms
08-04 02:59:45.945 27401 27477 I art     : Starting a blocking GC Explicit
08-04 02:59:45.973 27401 27477 I art     : Explicit concurrent mark sweep GC freed 23(752B) AllocSpace objects, 0(0B) LOS objects, 35% free, 28MB/44MB, paused 918us total 28.188ms
08-04 02:59:45.982 27401 27477 I art     : Starting a blocking GC Explicit
08-04 02:59:46.011 27401 27477 I art     : Explicit concurrent mark sweep GC freed 3(96B) AllocSpace objects, 0(0B) LOS objects, 35% free, 28MB/44MB, paused 990us total 28.044ms
08-04 02:59:46.020 27401 27477 I art     : Starting a blocking GC Explicit
08-04 02:59:46.050 27401 27477 I art     : Explicit concurrent mark sweep GC freed 3(96B) AllocSpace objects, 0(0B) LOS objects, 35% free, 28MB/44MB, paused 987us total 29.218ms
08-04 02:59:46.059 27401 27477 I art     : Starting a blocking GC Explicit
08-04 02:59:46.089 27401 27477 I art     : Explicit concurrent mark sweep GC freed 3(96B) AllocSpace objects, 0(0B) LOS objects, 35% free, 28MB/44MB, paused 1.011ms total 29.750ms
08-04 02:59:46.090 27401 27412 I art     : WaitForGcToComplete blocked for 25.438ms for cause HeapTrim
08-04 02:59:46.419 27401 27414 I art     : Starting a blocking GC Explicit
08-04 02:59:46.463 27401 27414 I art     : Explicit concurrent mark sweep GC freed 1372(80KB) AllocSpace objects, 1(20KB) LOS objects, 35% free, 28MB/44MB, paused 1.078ms total 44.134ms
08-04 02:59:46.478 27401 27414 I art     : Starting a blocking GC Explicit
08-04 02:59:46.508 27401 27414 I art     : Explicit concurrent mark sweep GC freed 52(1536B) AllocSpace objects, 0(0B) LOS objects, 35% free, 28MB/44MB, paused 1.094ms total 30.074ms
08-04 02:59:46.518 27401 27414 I art     : Starting a blocking GC Explicit
08-04 02:59:46.548 27401 27414 I art     : Explicit concurrent mark sweep GC freed 3(96B) AllocSpace objects, 0(0B) LOS objects, 35% free, 28MB/44MB, paused 1.048ms total 30.196ms
08-04 02:59:46.558 27401 27414 I art     : Starting a blocking GC Explicit
08-04 02:59:46.589 27401 27414 I art     : Explicit concurrent mark sweep GC freed 3(96B) AllocSpace objects, 0(0B) LOS objects, 35% free, 28MB/44MB, paused 1.008ms total 30.561ms
08-04 02:59:46.598 27401 27414 I art     : Starting a blocking GC Explicit
08-04 02:59:46.629 27401 27414 I art     : Explicit concurrent mark sweep GC freed 3(96B) AllocSpace objects, 0(0B) LOS objects, 35% free, 28MB/44MB, paused 1.088ms total 30.044ms
08-04 02:59:46.967 27401 27413 I art     : Starting a blocking GC Explicit
08-04 02:59:47.006 27401 27413 I art     : Explicit concurrent mark sweep GC freed 1372(80KB) AllocSpace objects, 1(20KB) LOS objects, 35% free, 28MB/44MB, paused 1.069ms total 38.743ms
08-04 02:59:47.019 27401 27413 I art     : Starting a blocking GC Explicit
08-04 02:59:47.049 27401 27413 I art     : Explicit concurrent mark sweep GC freed 23(752B) AllocSpace objects, 0(0B) LOS objects, 35% free, 28MB/44MB, paused 1.033ms total 30.498ms
08-04 02:59:47.059 27401 27413 I art     : Starting a blocking GC Explicit
08-04 02:59:47.089 27401 27413 I art     : Explicit concurrent mark sweep GC freed 3(96B) AllocSpace objects, 0(0B) LOS objects, 35% free, 28MB/44MB, paused 962us total 29.166ms
08-04 02:59:47.098 27401 27413 I art     : Starting a blocking GC Explicit
08-04 02:59:47.128 27401 27413 I art     : Explicit concurrent mark sweep GC freed 3(96B) AllocSpace objects, 0(0B) LOS objects, 35% free, 28MB/44MB, paused 1.008ms total 29.942ms
08-04 02:59:47.138 27401 27413 I art     : Starting a blocking GC Explicit
08-04 02:59:47.169 27401 27413 I art     : Explicit concurrent mark sweep GC freed 3(96B) AllocSpace objects, 0(0B) LOS objects, 35% free, 28MB/44MB, paused 1.021ms total 30.480ms
08-04 02:59:47.498 27401 27937 I art     : Starting a blocking GC Explicit
08-04 02:59:47.541 27401 27937 I art     : Explicit concurrent mark sweep GC freed 1402(83KB) AllocSpace objects, 1(20KB) LOS objects, 35% free, 28MB/44MB, paused 1.215ms total 42.297ms
08-04 02:59:47.553 27401 27937 I art     : Starting a blocking GC Explicit
08-04 02:59:47.582 27401 27937 I art     : Explicit concurrent mark sweep GC freed 23(752B) AllocSpace objects, 0(0B) LOS objects, 35% free, 28MB/44MB, paused 1.004ms total 29.001ms
08-04 02:59:47.592 27401 27937 I art     : Starting a blocking GC Explicit
08-04 02:59:47.622 27401 27937 I art     : Explicit concurrent mark sweep GC freed 3(96B) AllocSpace objects, 0(0B) LOS objects, 35% free, 28MB/44MB, paused 980us total 29.912ms
08-04 02:59:47.632 27401 27937 I art     : Starting a blocking GC Explicit
08-04 02:59:47.662 27401 27937 I art     : Explicit concurrent mark sweep GC freed 3(96B) AllocSpace objects, 0(0B) LOS objects, 35% free, 28MB/44MB, paused 972us total 29.842ms
08-04 02:59:47.672 27401 27937 I art     : Starting a blocking GC Explicit
08-04 02:59:47.701 27401 27937 I art     : Explicit concurrent mark sweep GC freed 3(96B) AllocSpace objects, 0(0B) LOS objects, 35% free, 28MB/44MB, paused 943us total 28.472ms
08-04 02:59:47.989   918   933 E KernelUidCpuTimeReader: Malformed cpu data for UID=10068!
08-04 02:59:47.989   918   933 E KernelUidCpuTimeReader: Time between reads: +30m0s19ms
08-04 02:59:47.989   918   933 E KernelUidCpuTimeReader: Previous times: u=+27s730ms s=+7s380ms p=4195578mAms
08-04 02:59:47.989   918   933 E KernelUidCpuTimeReader: Current times: u=+760ms s=+310ms p=140514mAms
08-04 02:59:47.989   918   933 E KernelUidCpuTimeReader: Delta: u=-26s970ms s=-7s70ms p=-4055064mAms
08-04 02:59:48.007 27401 27477 I art     : Starting a blocking GC Explicit
08-04 02:59:48.013   918   933 E KernelUidCpuTimeReader: Malformed cpu data for UID=10014!
08-04 02:59:48.013   918   933 E KernelUidCpuTimeReader: Time between reads: +30m0s19ms
08-04 02:59:48.013   918   933 E KernelUidCpuTimeReader: Previous times: u=+4s860ms s=+1s120ms p=801700mAms
08-04 02:59:48.013   918   933 E KernelUidCpuTimeReader: Current times: u=+230ms s=+150ms p=48533mAms
08-04 02:59:48.013   918   933 E KernelUidCpuTimeReader: Delta: u=-4s630ms s=-970ms p=-753167mAms
08-04 02:59:48.037 27401 27477 I art     : Explicit concurrent mark sweep GC freed 1372(80KB) AllocSpace objects, 1(20KB) LOS objects, 35% free, 28MB/44MB, paused 1.256ms total 29.770ms
08-04 02:59:48.046 27401 27477 I art     : Starting a blocking GC Explicit
08-04 02:59:48.074 27401 27477 I art     : Explicit concurrent mark sweep GC freed 23(752B) AllocSpace objects, 0(0B) LOS objects, 35% free, 28MB/44MB, paused 965us total 27.548ms
08-04 02:59:48.083 27401 27477 I art     : Starting a blocking GC Explicit
08-04 02:59:48.102   918  3961 I AccountManagerService: getTypesVisibleToCaller: isPermitted? true
08-04 02:59:48.104   918  6029 I AccountManagerService: getTypesVisibleToCaller: isPermitted? true
08-04 02:59:48.110 27401 27477 I art     : Explicit concurrent mark sweep GC freed 3(96B) AllocSpace objects, 0(0B) LOS objects, 35% free, 28MB/44MB, paused 938us total 26.137ms
08-04 02:59:48.111 29630 29630 D AndroidRuntime: >>>>>> START com.android.internal.os.RuntimeInit uid 2000 <<<<<<
08-04 02:59:48.115 29630 29630 D AndroidRuntime: CheckJNI is OFF
08-04 02:59:48.118 27401 27477 I art     : Starting a blocking GC Explicit
08-04 02:59:48.143 27401 27477 I art     : Explicit concurrent mark sweep GC freed 3(96B) AllocSpace objects, 0(0B) LOS objects, 35% free, 28MB/44MB, paused 973us total 24.783ms
08-04 02:59:48.146 29630 29630 D ICU     : No timezone override file found: /data/misc/zoneinfo/current/icu/icu_tzdata.dat
08-04 02:59:48.152 27401 27477 I art     : Starting a blocking GC Explicit
08-04 02:59:48.177 29630 29630 I Radio-JNI: register_android_hardware_Radio DONE
08-04 02:59:48.178 27401 27477 I art     : Explicit concurrent mark sweep GC freed 3(96B) AllocSpace objects, 0(0B) LOS objects, 35% free, 28MB/44MB, paused 1.054ms total 26.537ms
08-04 02:59:48.199 29630 29630 D AndroidRuntime: Calling main entry com.android.commands.input.Input
08-04 02:59:48.200 29630 29630 I Input   : injectKeyEvent: KeyEvent { action=ACTION_DOWN, keyCode=KEYCODE_BACK, scanCode=0, metaState=0, flags=0x0, repeatCount=0, eventTime=673204613, downTime=673204613, deviceId=-1, source=0x101 }
08-04 02:59:48.204 29630 29630 I Input   : injectKeyEvent: KeyEvent { action=ACTION_UP, keyCode=KEYCODE_BACK, scanCode=0, metaState=0, flags=0x0, repeatCount=0, eventTime=673204613, downTime=673204613, deviceId=-1, source=0x101 }
08-04 02:59:48.211 29630 29630 D AndroidRuntime: Shutting down VM
08-04 02:59:48.216 27401 27401 V PlaybackController: initServiceNotRunning()
08-04 02:59:48.216 27401 27401 D ExternalPlayerFragment: Loading media info
08-04 02:59:48.219 27401 27401 D UserPreferences: Using default data folder
08-04 02:59:48.219 27401 27427 D DBReader: getNavDrawerData() called with: 
08-04 02:59:48.229 27401 27427 D DBReader: getDownloadedItems() called
08-04 02:59:48.229 27401 27427 D DBReader: getFavoriteIDList() called
08-04 02:59:48.230 27401 27427 D DBReader: getQueueIDList() called
08-04 02:59:48.230 27401 27427 D DBReader: Extracting Feedlist
08-04 02:59:48.246 13866 13866 I GoogleInputMethodServic: GoogleInputMethodService.onFinishInput():3138 
08-04 02:59:48.246 27401 27401 D MainActivity: getLastNavFragment() -> AddFeedFragment
08-04 02:59:48.247 13866 13866 I GoogleInputMethodServic: GoogleInputMethodService.onStartInput():1808 
08-04 02:59:48.450 27401 27414 I art     : Starting a blocking GC Explicit
08-04 02:59:48.487 27401 27414 I art     : Explicit concurrent mark sweep GC freed 2513(154KB) AllocSpace objects, 1(20KB) LOS objects, 35% free, 28MB/44MB, paused 914us total 36.620ms
08-04 02:59:48.500 27401 27414 I art     : Starting a blocking GC Explicit
08-04 02:59:48.535 27401 27414 I art     : Explicit concurrent mark sweep GC freed 449(23KB) AllocSpace objects, 0(0B) LOS objects, 35% free, 28MB/44MB, paused 1.014ms total 34.865ms
08-04 02:59:48.550 27401 27414 I art     : Starting a blocking GC Explicit
08-04 02:59:48.567   380   380 W SurfaceFlinger: couldn't log to binary event log: overflow.
08-04 02:59:48.582 27401 27414 I art     : Explicit concurrent mark sweep GC freed 599(25KB) AllocSpace objects, 0(0B) LOS objects, 35% free, 28MB/44MB, paused 970us total 31.815ms
08-04 02:59:48.590 27401 27414 I art     : Starting a blocking GC Explicit
08-04 02:59:48.616 27401 27414 I art     : Explicit concurrent mark sweep GC freed 121(6KB) AllocSpace objects, 0(0B) LOS objects, 35% free, 28MB/44MB, paused 951us total 25.937ms
08-04 02:59:48.625 27401 27414 I art     : Starting a blocking GC Explicit
08-04 02:59:48.652 27401 27414 I art     : Explicit concurrent mark sweep GC freed 2320(146KB) AllocSpace objects, 1(28KB) LOS objects, 35% free, 28MB/44MB, paused 961us total 26.567ms
08-04 02:59:48.941 27401 27477 I art     : Starting a blocking GC Explicit
08-04 02:59:48.978 27401 27477 I art     : Explicit concurrent mark sweep GC freed 1372(80KB) AllocSpace objects, 1(20KB) LOS objects, 35% free, 28MB/44MB, paused 1.167ms total 36.534ms
08-04 02:59:48.990 27401 27477 I art     : Starting a blocking GC Explicit
08-04 02:59:49.020 27401 27477 I art     : Explicit concurrent mark sweep GC freed 23(752B) AllocSpace objects, 0(0B) LOS objects, 35% free, 28MB/44MB, paused 1.020ms total 29.754ms
08-04 02:59:49.029 27401 27477 I art     : Starting a blocking GC Explicit
08-04 02:59:49.059 27401 27477 I art     : Explicit concurrent mark sweep GC freed 3(96B) AllocSpace objects, 0(0B) LOS objects, 35% free, 28MB/44MB, paused 1.049ms total 28.895ms
08-04 02:59:49.068 27401 27477 I art     : Starting a blocking GC Explicit
08-04 02:59:49.097 27401 27477 I art     : Explicit concurrent mark sweep GC freed 3(96B) AllocSpace objects, 0(0B) LOS objects, 35% free, 28MB/44MB, paused 1.223ms total 29.120ms
08-04 02:59:49.107 27401 27477 I art     : Starting a blocking GC Explicit
08-04 02:59:49.137 27401 27477 I art     : Explicit concurrent mark sweep GC freed 3(96B) AllocSpace objects, 0(0B) LOS objects, 35% free, 28MB/44MB, paused 985us total 28.837ms
08-04 02:59:49.441 27401 29667 I art     : Starting a blocking GC Explicit
08-04 02:59:49.475 27401 29667 I art     : Explicit concurrent mark sweep GC freed 1374(82KB) AllocSpace objects, 1(20KB) LOS objects, 35% free, 28MB/44MB, paused 1.054ms total 33.479ms
08-04 02:59:49.484 27401 29667 I art     : Starting a blocking GC Explicit
08-04 02:59:49.512 27401 29667 I art     : Explicit concurrent mark sweep GC freed 52(1536B) AllocSpace objects, 0(0B) LOS objects, 35% free, 28MB/44MB, paused 995us total 27.322ms
08-04 02:59:49.521 27401 29667 I art     : Starting a blocking GC Explicit
08-04 02:59:49.549 27401 29667 I art     : Explicit concurrent mark sweep GC freed 3(96B) AllocSpace objects, 0(0B) LOS objects, 35% free, 28MB/44MB, paused 1.035ms total 27.589ms
08-04 02:59:49.559 27401 29667 I art     : Starting a blocking GC Explicit
08-04 02:59:49.585 27401 29667 I art     : Explicit concurrent mark sweep GC freed 3(96B) AllocSpace objects, 0(0B) LOS objects, 35% free, 28MB/44MB, paused 976us total 26.752ms
08-04 02:59:49.594 27401 29667 I art     : Starting a blocking GC Explicit
08-04 02:59:49.622 27401 29667 I art     : Explicit concurrent mark sweep GC freed 3(96B) AllocSpace objects, 0(0B) LOS objects, 35% free, 28MB/44MB, paused 984us total 27.665ms
08-04 02:59:49.880 29688 29688 D AndroidRuntime: >>>>>> START com.android.internal.os.RuntimeInit uid 2000 <<<<<<
08-04 02:59:49.885 29688 29688 D AndroidRuntime: CheckJNI is OFF
08-04 02:59:49.914 27401 27413 I art     : Starting a blocking GC Explicit
08-04 02:59:49.919 29688 29688 D ICU     : No timezone override file found: /data/misc/zoneinfo/current/icu/icu_tzdata.dat
08-04 02:59:49.945 27401 27413 I art     : Explicit concurrent mark sweep GC freed 1385(81KB) AllocSpace objects, 1(20KB) LOS objects, 35% free, 28MB/44MB, paused 985us total 30.562ms
08-04 02:59:49.954 29688 29688 I Radio-JNI: register_android_hardware_Radio DONE
08-04 02:59:49.955 27401 27413 I art     : Starting a blocking GC Explicit
08-04 02:59:49.977 29688 29688 D AndroidRuntime: Calling main entry com.android.commands.input.Input
08-04 02:59:49.978 29688 29688 I Input   : injectKeyEvent: KeyEvent { action=ACTION_DOWN, keyCode=KEYCODE_BACK, scanCode=0, metaState=0, flags=0x0, repeatCount=0, eventTime=673206391, downTime=673206391, deviceId=-1, source=0x101 }
08-04 02:59:49.981 27401 27413 I art     : Explicit concurrent mark sweep GC freed 27(880B) AllocSpace objects, 0(0B) LOS objects, 35% free, 28MB/44MB, paused 1.033ms total 26.247ms
08-04 02:59:49.983 29688 29688 I Input   : injectKeyEvent: KeyEvent { action=ACTION_UP, keyCode=KEYCODE_BACK, scanCode=0, metaState=0, flags=0x0, repeatCount=0, eventTime=673206391, downTime=673206391, deviceId=-1, source=0x101 }
08-04 02:59:49.991 27401 27413 I art     : Starting a blocking GC Explicit
08-04 02:59:49.996 13866 13866 I GoogleInputMethodServic: GoogleInputMethodService.onFinishInput():3138 
08-04 02:59:49.996 13866 13866 I GoogleInputMethodServic: GoogleInputMethodService.onStartInput():1808 
08-04 02:59:50.001 29688 29688 D AndroidRuntime: Shutting down VM
08-04 02:59:50.018 27401 27413 I art     : Explicit concurrent mark sweep GC freed 1119(45KB) AllocSpace objects, 0(0B) LOS objects, 35% free, 28MB/44MB, paused 1.248ms total 26.790ms
08-04 02:59:50.027 27401 27413 I art     : Starting a blocking GC Explicit
08-04 02:59:50.053 27401 27413 I art     : Explicit concurrent mark sweep GC freed 199(13KB) AllocSpace objects, 0(0B) LOS objects, 35% free, 28MB/44MB, paused 930us total 26.007ms
08-04 02:59:50.061 27401 27413 I art     : Starting a blocking GC Explicit
08-04 02:59:50.088 27401 27413 I art     : Explicit concurrent mark sweep GC freed 2487(165KB) AllocSpace objects, 9(1540KB) LOS objects, 37% free, 26MB/42MB, paused 1.050ms total 26.660ms
08-04 02:59:50.357 27401 29667 I art     : Starting a blocking GC Explicit
08-04 02:59:50.387 27401 29667 I art     : Explicit concurrent mark sweep GC freed 1393(81KB) AllocSpace objects, 1(20KB) LOS objects, 37% free, 26MB/42MB, paused 1.022ms total 29.538ms
08-04 02:59:50.396 27401 29667 I art     : Starting a blocking GC Explicit
08-04 02:59:50.425 27401 29667 I art     : Explicit concurrent mark sweep GC freed 23(752B) AllocSpace objects, 0(0B) LOS objects, 37% free, 26MB/42MB, paused 1.060ms total 28.455ms
08-04 02:59:50.435 27401 29667 I art     : Starting a blocking GC Explicit
08-04 02:59:50.464 27401 29667 I art     : Explicit concurrent mark sweep GC freed 3(96B) AllocSpace objects, 0(0B) LOS objects, 37% free, 26MB/42MB, paused 995us total 28.722ms
08-04 02:59:50.473 27401 29667 I art     : Starting a blocking GC Explicit
08-04 02:59:50.502 27401 29667 I art     : Explicit concurrent mark sweep GC freed 32(880B) AllocSpace objects, 0(0B) LOS objects, 37% free, 26MB/42MB, paused 995us total 28.236ms
08-04 02:59:50.511 27401 29667 I art     : Starting a blocking GC Explicit
08-04 02:59:50.539 27401 29667 I art     : Explicit concurrent mark sweep GC freed 3(96B) AllocSpace objects, 0(0B) LOS objects, 37% free, 26MB/42MB, paused 1.001ms total 27.909ms
08-04 02:59:50.845 27401 27414 I art     : Starting a blocking GC Explicit
08-04 02:59:50.882 27401 27414 I art     : Explicit concurrent mark sweep GC freed 1372(81KB) AllocSpace objects, 1(20KB) LOS objects, 37% free, 26MB/42MB, paused 1.200ms total 36.337ms
08-04 02:59:50.893 27401 27414 I art     : Starting a blocking GC Explicit
08-04 02:59:50.922 27401 27414 I art     : Explicit concurrent mark sweep GC freed 23(752B) AllocSpace objects, 0(0B) LOS objects, 37% free, 26MB/42MB, paused 986us total 28.725ms
08-04 02:59:50.932 27401 27414 I art     : Starting a blocking GC Explicit
08-04 02:59:50.960 27401 27414 I art     : Explicit concurrent mark sweep GC freed 3(96B) AllocSpace objects, 0(0B) LOS objects, 37% free, 26MB/42MB, paused 997us total 28.167ms
08-04 02:59:50.970 27401 27414 I art     : Starting a blocking GC Explicit
08-04 02:59:50.999 27401 27414 I art     : Explicit concurrent mark sweep GC freed 3(96B) AllocSpace objects, 0(0B) LOS objects, 37% free, 26MB/42MB, paused 1.027ms total 29.158ms
08-04 02:59:51.009 27401 27414 I art     : Starting a blocking GC Explicit
08-04 02:59:51.038 27401 27414 I art     : Explicit concurrent mark sweep GC freed 3(96B) AllocSpace objects, 0(0B) LOS objects, 37% free, 26MB/42MB, paused 1.062ms total 28.697ms
08-04 02:59:51.326 27401 27477 I art     : Starting a blocking GC Explicit
08-04 02:59:51.354 27401 27477 I art     : Explicit concurrent mark sweep GC freed 1373(81KB) AllocSpace objects, 1(20KB) LOS objects, 37% free, 26MB/42MB, paused 1.060ms total 28.295ms
08-04 02:59:51.364 27401 27477 I art     : Starting a blocking GC Explicit
08-04 02:59:51.393 27401 27477 I art     : Explicit concurrent mark sweep GC freed 23(752B) AllocSpace objects, 0(0B) LOS objects, 37% free, 26MB/42MB, paused 1.017ms total 28.714ms
08-04 02:59:51.402 27401 27477 I art     : Starting a blocking GC Explicit
08-04 02:59:51.429 27401 27477 I art     : Explicit concurrent mark sweep GC freed 3(96B) AllocSpace objects, 0(0B) LOS objects, 37% free, 26MB/42MB, paused 1.064ms total 26.849ms
08-04 02:59:51.438 27401 27477 I art     : Starting a blocking GC Explicit
08-04 02:59:51.464 27401 27477 I art     : Explicit concurrent mark sweep GC freed 3(96B) AllocSpace objects, 0(0B) LOS objects, 37% free, 26MB/42MB, paused 1.004ms total 26.068ms
08-04 02:59:51.473 27401 27477 I art     : Starting a blocking GC Explicit
08-04 02:59:51.500 27401 27477 I art     : Explicit concurrent mark sweep GC freed 32(880B) AllocSpace objects, 0(0B) LOS objects, 37% free, 26MB/42MB, paused 1.050ms total 26.939ms
08-04 02:59:51.671 29738 29738 D AndroidRuntime: >>>>>> START com.android.internal.os.RuntimeInit uid 2000 <<<<<<
08-04 02:59:51.675 29738 29738 D AndroidRuntime: CheckJNI is OFF
08-04 02:59:51.704 29738 29738 D ICU     : No timezone override file found: /data/misc/zoneinfo/current/icu/icu_tzdata.dat
08-04 02:59:51.735 29738 29738 I Radio-JNI: register_android_hardware_Radio DONE
08-04 02:59:51.757 29738 29738 D AndroidRuntime: Calling main entry com.android.commands.input.Input
08-04 02:59:51.759 29738 29738 I Input   : injectMotionEvent: MotionEvent { action=ACTION_DOWN, actionButton=0, id[0]=0, x[0]=103.0, y[0]=192.0, toolType[0]=TOOL_TYPE_UNKNOWN, buttonState=0, metaState=0, flags=0x0, edgeFlags=0x0, pointerCount=1, historySize=0, eventTime=673208172, downTime=673208172, deviceId=0, source=0x1002 }
08-04 02:59:51.763 29738 29738 I Input   : injectMotionEvent: MotionEvent { action=ACTION_UP, actionButton=0, id[0]=0, x[0]=103.0, y[0]=192.0, toolType[0]=TOOL_TYPE_UNKNOWN, buttonState=0, metaState=0, flags=0x0, edgeFlags=0x0, pointerCount=1, historySize=0, eventTime=673208172, downTime=673208172, deviceId=0, source=0x1002 }
08-04 02:59:51.766 29738 29738 D AndroidRuntime: Shutting down VM
08-04 02:59:51.774   512  2967 D audio_hw_primary: out_set_parameters: enter: usecase(1: low-latency-playback) kvpairs: routing=2
08-04 02:59:51.778 27401 27937 I art     : Starting a blocking GC Explicit
08-04 02:59:51.787   512  2967 D audio_hw_primary: select_devices: out_snd_device(2: speaker) in_snd_device(0: none)
08-04 02:59:51.787   512  2967 D msm8974_platform: platform_send_audio_calibration: sending audio calibration for snd_device(2) acdb_id(15)
08-04 02:59:51.788   512  2967 I soundtrigger: audio_extn_sound_trigger_update_device_status: device 0x2 of type 0 for Event 1
08-04 02:59:51.798   512  2967 D audio_hw_primary: enable_snd_device: snd_device(2: speaker)
08-04 02:59:51.800   512  2967 D audio_hw_primary: enable_audio_route: apply and update mixer path: low-latency-playback speaker
08-04 02:59:51.804 27401 27937 I art     : Explicit concurrent mark sweep GC freed 1444(85KB) AllocSpace objects, 1(20KB) LOS objects, 37% free, 26MB/42MB, paused 1.026ms total 25.904ms
08-04 02:59:51.811 13866 13866 I GoogleInputMethodServic: GoogleInputMethodService.onFinishInput():3138 
08-04 02:59:51.812 13866 13866 I GoogleInputMethodServic: GoogleInputMethodService.onStartInput():1808 
08-04 02:59:51.813 27401 27937 I art     : Starting a blocking GC Explicit
08-04 02:59:51.838 27401 27937 I art     : Explicit concurrent mark sweep GC freed 215(8KB) AllocSpace objects, 0(0B) LOS objects, 37% free, 26MB/42MB, paused 947us total 25.625ms
08-04 02:59:51.847 27401 27937 I art     : Starting a blocking GC Explicit
08-04 02:59:51.873 27401 27937 I art     : Explicit concurrent mark sweep GC freed 444(24KB) AllocSpace objects, 0(0B) LOS objects, 37% free, 26MB/42MB, paused 1.109ms total 25.700ms
08-04 02:59:51.882 27401 27937 I art     : Starting a blocking GC Explicit
08-04 02:59:51.907 27401 27937 I art     : Explicit concurrent mark sweep GC freed 7(384B) AllocSpace objects, 0(0B) LOS objects, 37% free, 26MB/42MB, paused 1.005ms total 25.207ms
08-04 02:59:51.916 27401 27937 I art     : Starting a blocking GC Explicit
08-04 02:59:51.941 27401 27937 I art     : Explicit concurrent mark sweep GC freed 3(96B) AllocSpace objects, 0(0B) LOS objects, 37% free, 26MB/42MB, paused 865us total 24.999ms
08-04 02:59:52.071 23402 23402 I ServiceManager: Waiting for service AtCmdFwd...
08-04 02:59:52.224 27401 27477 I art     : Starting a blocking GC Explicit
08-04 02:59:52.256 27401 27477 I art     : Explicit concurrent mark sweep GC freed 1374(80KB) AllocSpace objects, 1(20KB) LOS objects, 37% free, 26MB/42MB, paused 1.205ms total 31.665ms
08-04 02:59:52.266 27401 27477 I art     : Starting a blocking GC Explicit
08-04 02:59:52.293 27401 27477 I art     : Explicit concurrent mark sweep GC freed 33(1072B) AllocSpace objects, 0(0B) LOS objects, 37% free, 26MB/42MB, paused 890us total 26.767ms
08-04 02:59:52.303 27401 27477 I art     : Starting a blocking GC Explicit
08-04 02:59:52.330 27401 27477 I art     : Explicit concurrent mark sweep GC freed 3(96B) AllocSpace objects, 0(0B) LOS objects, 37% free, 26MB/42MB, paused 1.018ms total 26.634ms
08-04 02:59:52.339 27401 27477 I art     : Starting a blocking GC Explicit
08-04 02:59:52.339   512  2967 D audio_hw_primary: disable_audio_route: reset and update mixer path: low-latency-playback speaker
08-04 02:59:52.340   512  2967 D audio_hw_primary: disable_snd_device: snd_device(2: speaker)
08-04 02:59:52.348   512  2967 I soundtrigger: audio_extn_sound_trigger_update_device_status: device 0x2 of type 0 for Event 0
08-04 02:59:52.366 27401 27477 I art     : Explicit concurrent mark sweep GC freed 3(96B) AllocSpace objects, 0(0B) LOS objects, 37% free, 26MB/42MB, paused 991us total 26.761ms
08-04 02:59:52.375 27401 27477 I art     : Starting a blocking GC Explicit
08-04 02:59:52.402 27401 27477 I art     : Explicit concurrent mark sweep GC freed 3(96B) AllocSpace objects, 0(0B) LOS objects, 37% free, 26MB/42MB, paused 982us total 26.496ms
08-04 02:59:52.706 27401 27477 I art     : Starting a blocking GC Explicit
08-04 02:59:52.748 27401 27477 I art     : Explicit concurrent mark sweep GC freed 1400(81KB) AllocSpace objects, 1(20KB) LOS objects, 37% free, 26MB/42MB, paused 1.213ms total 41.935ms
08-04 02:59:52.763 27401 27477 I art     : Starting a blocking GC Explicit
08-04 02:59:52.791 27401 27477 I art     : Explicit concurrent mark sweep GC freed 25(816B) AllocSpace objects, 0(0B) LOS objects, 37% free, 26MB/42MB, paused 990us total 27.512ms
08-04 02:59:52.800 27401 27477 I art     : Starting a blocking GC Explicit
08-04 02:59:52.829 27401 27477 I art     : Explicit concurrent mark sweep GC freed 3(96B) AllocSpace objects, 0(0B) LOS objects, 37% free, 26MB/42MB, paused 1.017ms total 28.063ms
08-04 02:59:52.838 27401 27477 I art     : Starting a blocking GC Explicit
08-04 02:59:52.867 27401 27477 I art     : Explicit concurrent mark sweep GC freed 3(96B) AllocSpace objects, 0(0B) LOS objects, 37% free, 26MB/42MB, paused 1.059ms total 28.506ms
08-04 02:59:52.877 27401 27477 I art     : Starting a blocking GC Explicit
08-04 02:59:52.906 27401 27477 I art     : Explicit concurrent mark sweep GC freed 3(96B) AllocSpace objects, 0(0B) LOS objects, 37% free, 26MB/42MB, paused 978us total 28.860ms
08-04 02:59:53.071 23402 23402 I ServiceManager: Waiting for service AtCmdFwd...
08-04 02:59:53.183 27401 27937 I art     : Starting a blocking GC Explicit
08-04 02:59:53.214 27401 27937 I art     : Explicit concurrent mark sweep GC freed 1371(80KB) AllocSpace objects, 1(20KB) LOS objects, 37% free, 26MB/42MB, paused 1.061ms total 31.513ms
08-04 02:59:53.224 27401 27937 I art     : Starting a blocking GC Explicit
08-04 02:59:53.251 27401 27937 I art     : Explicit concurrent mark sweep GC freed 23(752B) AllocSpace objects, 0(0B) LOS objects, 37% free, 26MB/42MB, paused 999us total 26.666ms
08-04 02:59:53.260 27401 27937 I art     : Starting a blocking GC Explicit
08-04 02:59:53.287 27401 27937 I art     : Explicit concurrent mark sweep GC freed 3(96B) AllocSpace objects, 0(0B) LOS objects, 37% free, 26MB/42MB, paused 1.046ms total 27.269ms
08-04 02:59:53.296 27401 27937 I art     : Starting a blocking GC Explicit
08-04 02:59:53.324 27401 27937 I art     : Explicit concurrent mark sweep GC freed 3(96B) AllocSpace objects, 0(0B) LOS objects, 37% free, 26MB/42MB, paused 1.029ms total 26.836ms
08-04 02:59:53.333 27401 27937 I art     : Starting a blocking GC Explicit
08-04 02:59:53.359 27401 27937 I art     : Explicit concurrent mark sweep GC freed 3(96B) AllocSpace objects, 0(0B) LOS objects, 37% free, 26MB/42MB, paused 1.133ms total 26.584ms
08-04 02:59:53.422 29785 29785 D AndroidRuntime: >>>>>> START com.android.internal.os.RuntimeInit uid 2000 <<<<<<
08-04 02:59:53.427 29785 29785 D AndroidRuntime: CheckJNI is OFF
08-04 02:59:53.461 29785 29785 D ICU     : No timezone override file found: /data/misc/zoneinfo/current/icu/icu_tzdata.dat
08-04 02:59:53.493 29785 29785 I Radio-JNI: register_android_hardware_Radio DONE
08-04 02:59:53.515 29785 29785 D AndroidRuntime: Calling main entry com.android.commands.input.Input
08-04 02:59:53.517 29785 29785 I Input   : injectMotionEvent: MotionEvent { action=ACTION_DOWN, actionButton=0, id[0]=0, x[0]=625.0, y[0]=1248.0, toolType[0]=TOOL_TYPE_UNKNOWN, buttonState=0, metaState=0, flags=0x0, edgeFlags=0x0, pointerCount=1, historySize=0, eventTime=673209930, downTime=673209930, deviceId=0, source=0x1002 }
08-04 02:59:53.523 29785 29785 I Input   : injectMotionEvent: MotionEvent { action=ACTION_UP, actionButton=0, id[0]=0, x[0]=625.0, y[0]=1248.0, toolType[0]=TOOL_TYPE_UNKNOWN, buttonState=0, metaState=0, flags=0x0, edgeFlags=0x0, pointerCount=1, historySize=0, eventTime=673209930, downTime=673209930, deviceId=0, source=0x1002 }
08-04 02:59:53.526 29785 29785 D AndroidRuntime: Shutting down VM
08-04 02:59:53.607 27401 27401 D MainActivity: loadFragment(index: 7, args: null)
08-04 02:59:53.607 27401 27401 D MainActivity: saveLastNavFragment(tag: 2)
08-04 02:59:53.608 27401 27401 D MainActivity: getLastNavFragment() -> 2
08-04 02:59:53.608   512  2967 D audio_hw_primary: out_set_parameters: enter: usecase(1: low-latency-playback) kvpairs: routing=2
08-04 02:59:53.621   512  2967 D audio_hw_primary: select_devices: out_snd_device(2: speaker) in_snd_device(0: none)
08-04 02:59:53.621   512  2967 D msm8974_platform: platform_send_audio_calibration: sending audio calibration for snd_device(2) acdb_id(15)
08-04 02:59:53.621   512  2967 I soundtrigger: audio_extn_sound_trigger_update_device_status: device 0x2 of type 0 for Event 1
08-04 02:59:53.631   512  2967 D audio_hw_primary: enable_snd_device: snd_device(2: speaker)
08-04 02:59:53.633   512  2967 D audio_hw_primary: enable_audio_route: apply and update mixer path: low-latency-playback speaker
08-04 02:59:53.639 27401 27477 I art     : Starting a blocking GC Explicit
08-04 02:59:53.645 27401 27401 D ItemlistFragment: onEventMainThread() called with: event = [DownloadEvent{update=DownloaderUpdate{downloaders=[], feedIds=[], mediaIds=[]}}]
08-04 02:59:53.646 27401 27421 D DBReader: getFeed() called with: feedId = [2]
08-04 02:59:53.648 27401 27421 D DBReader: getFeedItemList() called with: feed = [baseline.de.danoeh.antennapod.core.feed.Feed@2]
08-04 02:59:53.671 27401 27477 I art     : Explicit concurrent mark sweep GC freed 4062(215KB) AllocSpace objects, 2(40KB) LOS objects, 36% free, 27MB/43MB, paused 1.382ms total 32.280ms
08-04 02:59:53.680 27401 27477 I art     : Starting a blocking GC Explicit
08-04 02:59:53.712 27401 27477 I art     : Explicit concurrent mark sweep GC freed 2825(107KB) AllocSpace objects, 0(0B) LOS objects, 36% free, 28MB/44MB, paused 1.413ms total 30.946ms
08-04 02:59:53.721 27401 27477 I art     : Starting a blocking GC Explicit
08-04 02:59:53.731 27401 27421 W PodDBAdapter: Length of id array is larger than 800. Creating multiple cursors
08-04 02:59:53.753 27401 27477 I art     : Explicit concurrent mark sweep GC freed 2240(198KB) AllocSpace objects, 1(16KB) LOS objects, 35% free, 28MB/44MB, paused 1.144ms total 31.602ms
08-04 02:59:53.762 27401 27477 I art     : Starting a blocking GC Explicit
08-04 02:59:53.795 27401 27477 I art     : Explicit concurrent mark sweep GC freed 37(10KB) AllocSpace objects, 0(0B) LOS objects, 35% free, 29MB/45MB, paused 1.133ms total 32.033ms
08-04 02:59:53.800 27401 27421 D DBReader: getFavoriteIDList() called
08-04 02:59:53.801 27401 27421 D DBReader: getQueueIDList() called
08-04 02:59:53.802 27401 27421 D DBReader: Extracting Feedlist
08-04 02:59:53.805 27401 27477 I art     : Starting a blocking GC Explicit
08-04 02:59:53.834 27401 27401 D FeedMenuHandler: Preparing options menu
08-04 02:59:53.838 27401 27477 I art     : Explicit concurrent mark sweep GC freed 8092(211KB) AllocSpace objects, 1(16KB) LOS objects, 35% free, 29MB/45MB, paused 1.605ms total 33.284ms
08-04 02:59:53.887 27401 28337 D ApOkHttpUrlLoader: buildLoadData() called with: model = [http://static.libsyn.com/p/assets/7/1/f/3/71f3014e14ef2722/JREiTunesImage2.jpg], width = [1440], height = [462]
08-04 02:59:53.997 27401 27422 V RenderScript: 0x7f79e7d000 Launching thread(s), CPUs 8
08-04 02:59:54.050 13866 13866 I GoogleInputMethodServic: GoogleInputMethodService.onFinishInput():3138 
08-04 02:59:54.050 13866 13866 I GoogleInputMethodServic: GoogleInputMethodService.onStartInput():1808 
08-04 02:59:54.072 23402 23402 I ServiceManager: Waiting for service AtCmdFwd...
08-04 02:59:54.093 27401 27413 I art     : Starting a blocking GC Explicit
08-04 02:59:54.128 27401 27413 I art     : Explicit concurrent mark sweep GC freed 4793(329KB) AllocSpace objects, 6(236KB) LOS objects, 29% free, 37MB/53MB, paused 975us total 34.670ms
08-04 02:59:54.139 27401 27413 I art     : Starting a blocking GC Explicit
08-04 02:59:54.169   512  2967 D audio_hw_primary: disable_audio_route: reset and update mixer path: low-latency-playback speaker
08-04 02:59:54.170   512  2967 D audio_hw_primary: disable_snd_device: snd_device(2: speaker)
08-04 02:59:54.172 27401 27413 I art     : Explicit concurrent mark sweep GC freed 556(31KB) AllocSpace objects, 0(0B) LOS objects, 29% free, 37MB/53MB, paused 946us total 32.689ms
08-04 02:59:54.178   512  2967 I soundtrigger: audio_extn_sound_trigger_update_device_status: device 0x2 of type 0 for Event 0
08-04 02:59:54.182 27401 27413 I art     : Starting a blocking GC Explicit
08-04 02:59:54.217 27401 27413 I art     : Explicit concurrent mark sweep GC freed 5(160B) AllocSpace objects, 0(0B) LOS objects, 29% free, 37MB/53MB, paused 961us total 34.262ms
08-04 02:59:54.228 27401 27413 I art     : Starting a blocking GC Explicit
08-04 02:59:54.263 27401 27413 I art     : Explicit concurrent mark sweep GC freed 3(96B) AllocSpace objects, 0(0B) LOS objects, 29% free, 37MB/53MB, paused 1.058ms total 35.102ms
08-04 02:59:54.275 27401 27413 I art     : Starting a blocking GC Explicit
08-04 02:59:54.311 27401 27413 I art     : Explicit concurrent mark sweep GC freed 3(96B) AllocSpace objects, 0(0B) LOS objects, 29% free, 37MB/53MB, paused 912us total 36.037ms
08-04 02:59:54.607 27401 27413 I art     : Starting a blocking GC Explicit
08-04 02:59:54.655 27401 27413 I art     : Explicit concurrent mark sweep GC freed 1421(82KB) AllocSpace objects, 1(20KB) LOS objects, 29% free, 37MB/53MB, paused 1.097ms total 47.595ms
08-04 02:59:54.670 27401 27413 I art     : Starting a blocking GC Explicit
08-04 02:59:54.707 27401 27413 I art     : Explicit concurrent mark sweep GC freed 42(1392B) AllocSpace objects, 0(0B) LOS objects, 29% free, 37MB/53MB, paused 998us total 36.925ms
08-04 02:59:54.718 27401 27413 I art     : Starting a blocking GC Explicit
08-04 02:59:54.755 27401 27413 I art     : Explicit concurrent mark sweep GC freed 3(96B) AllocSpace objects, 0(0B) LOS objects, 29% free, 37MB/53MB, paused 1.016ms total 37.279ms
08-04 02:59:54.767 27401 27413 I art     : Starting a blocking GC Explicit
08-04 02:59:54.805 27401 27413 I art     : Explicit concurrent mark sweep GC freed 3(96B) AllocSpace objects, 0(0B) LOS objects, 29% free, 37MB/53MB, paused 929us total 37.837ms
08-04 02:59:54.817 27401 27413 I art     : Starting a blocking GC Explicit
08-04 02:59:54.855 27401 27413 I art     : Explicit concurrent mark sweep GC freed 3(96B) AllocSpace objects, 0(0B) LOS objects, 29% free, 37MB/53MB, paused 1.018ms total 38.323ms
08-04 02:59:55.072 23402 23402 I ServiceManager: Waiting for service AtCmdFwd...
08-04 02:59:55.166 27401 29667 I art     : Starting a blocking GC Explicit
08-04 02:59:55.214 27401 29667 I art     : Explicit concurrent mark sweep GC freed 1372(80KB) AllocSpace objects, 1(20KB) LOS objects, 29% free, 37MB/53MB, paused 1.105ms total 48.183ms
08-04 02:59:55.229 27401 29667 I art     : Starting a blocking GC Explicit
08-04 02:59:55.267 27401 29667 I art     : Explicit concurrent mark sweep GC freed 23(752B) AllocSpace objects, 0(0B) LOS objects, 29% free, 37MB/53MB, paused 1.249ms total 38.153ms
08-04 02:59:55.279 27401 29667 I art     : Starting a blocking GC Explicit
08-04 02:59:55.318 27401 29667 I art     : Explicit concurrent mark sweep GC freed 3(96B) AllocSpace objects, 0(0B) LOS objects, 29% free, 37MB/53MB, paused 1.107ms total 38.656ms
08-04 02:59:55.329 27401 29667 I art     : Starting a blocking GC Explicit
08-04 02:59:55.368 27401 29667 I art     : Explicit concurrent mark sweep GC freed 3(96B) AllocSpace objects, 0(0B) LOS objects, 29% free, 37MB/53MB, paused 1.208ms total 38.173ms
08-04 02:59:55.379 27401 29667 I art     : Starting a blocking GC Explicit
08-04 02:59:55.418 27401 29667 I art     : Explicit concurrent mark sweep GC freed 3(96B) AllocSpace objects, 0(0B) LOS objects, 29% free, 37MB/53MB, paused 1.090ms total 38.503ms
08-04 02:59:55.752 27401 27414 I art     : Starting a blocking GC Explicit
08-04 02:59:55.792 27401 27414 I art     : Explicit concurrent mark sweep GC freed 2133(104KB) AllocSpace objects, 1(20KB) LOS objects, 29% free, 37MB/53MB, paused 978us total 39.760ms
08-04 02:59:55.803 27401 27414 I art     : Starting a blocking GC Explicit
08-04 02:59:55.841 27401 27414 I art     : Explicit concurrent mark sweep GC freed 23(752B) AllocSpace objects, 0(0B) LOS objects, 29% free, 37MB/53MB, paused 981us total 38.053ms
08-04 02:59:55.853 27401 27414 I art     : Starting a blocking GC Explicit
08-04 02:59:55.891 27401 27414 I art     : Explicit concurrent mark sweep GC freed 3(96B) AllocSpace objects, 0(0B) LOS objects, 29% free, 37MB/53MB, paused 1.035ms total 38.097ms
08-04 02:59:55.902 27401 27414 I art     : Starting a blocking GC Explicit
08-04 02:59:55.941 27401 27414 I art     : Explicit concurrent mark sweep GC freed 3(96B) AllocSpace objects, 0(0B) LOS objects, 29% free, 37MB/53MB, paused 1.029ms total 37.989ms
08-04 02:59:55.952 27401 27414 I art     : Starting a blocking GC Explicit
08-04 02:59:55.989 27401 27414 I art     : Explicit concurrent mark sweep GC freed 3(96B) AllocSpace objects, 0(0B) LOS objects, 29% free, 37MB/53MB, paused 971us total 36.849ms
08-04 02:59:56.073 23402 23402 I ServiceManager: Waiting for service AtCmdFwd...
08-04 02:59:56.317 27401 29667 I art     : Starting a blocking GC Explicit
08-04 02:59:56.371 27401 29667 I art     : Explicit concurrent mark sweep GC freed 2260(112KB) AllocSpace objects, 1(20KB) LOS objects, 29% free, 37MB/53MB, paused 1.123ms total 53.898ms
08-04 02:59:56.388 27401 29667 I art     : Starting a blocking GC Explicit
08-04 02:59:56.425 27401 29667 I art     : Explicit concurrent mark sweep GC freed 23(752B) AllocSpace objects, 0(0B) LOS objects, 29% free, 37MB/53MB, paused 936us total 36.454ms
08-04 02:59:56.436 27401 29667 I art     : Starting a blocking GC Explicit
08-04 02:59:56.474 27401 29667 I art     : Explicit concurrent mark sweep GC freed 3(96B) AllocSpace objects, 0(0B) LOS objects, 29% free, 37MB/53MB, paused 1.150ms total 37.847ms
08-04 02:59:56.486 27401 29667 I art     : Starting a blocking GC Explicit
08-04 02:59:56.524 27401 29667 I art     : Explicit concurrent mark sweep GC freed 32(880B) AllocSpace objects, 0(0B) LOS objects, 29% free, 37MB/53MB, paused 1ms total 38.471ms
08-04 02:59:56.525 27401 27412 I art     : WaitForGcToComplete blocked for 23.576ms for cause HeapTrim
08-04 02:59:56.536 27401 29667 I art     : Starting a blocking GC Explicit
08-04 02:59:56.575 27401 29667 I art     : Explicit concurrent mark sweep GC freed 3(96B) AllocSpace objects, 0(0B) LOS objects, 29% free, 37MB/53MB, paused 1.148ms total 38.585ms
08-04 02:59:56.879 27401 27477 I art     : Starting a blocking GC Explicit
08-04 02:59:56.927 27401 27477 I art     : Explicit concurrent mark sweep GC freed 1374(81KB) AllocSpace objects, 1(20KB) LOS objects, 29% free, 37MB/53MB, paused 1.071ms total 47.937ms
08-04 02:59:56.943 27401 27477 I art     : Starting a blocking GC Explicit
08-04 02:59:56.981 27401 27477 I art     : Explicit concurrent mark sweep GC freed 23(752B) AllocSpace objects, 0(0B) LOS objects, 29% free, 37MB/53MB, paused 1.024ms total 37.243ms
08-04 02:59:56.992 27401 27477 I art     : Starting a blocking GC Explicit
08-04 02:59:57.031 27401 27477 I art     : Explicit concurrent mark sweep GC freed 3(96B) AllocSpace objects, 0(0B) LOS objects, 29% free, 37MB/53MB, paused 1.009ms total 38.823ms
08-04 02:59:57.042 27401 27477 I art     : Starting a blocking GC Explicit
08-04 02:59:57.073 23402 23402 W Atfwd_Sendcmd: AtCmdFwd service not published, waiting... retryCnt : 1
08-04 02:59:57.080 27401 27477 I art     : Explicit concurrent mark sweep GC freed 3(96B) AllocSpace objects, 0(0B) LOS objects, 29% free, 37MB/53MB, paused 1.010ms total 37.501ms
08-04 02:59:57.091 27401 27477 I art     : Starting a blocking GC Explicit
08-04 02:59:57.128 27401 27477 I art     : Explicit concurrent mark sweep GC freed 3(96B) AllocSpace objects, 0(0B) LOS objects, 29% free, 37MB/53MB, paused 1.199ms total 36.269ms
08-04 02:59:57.467 27401 27937 I art     : Starting a blocking GC Explicit
08-04 02:59:57.508 27401 27937 I art     : Explicit concurrent mark sweep GC freed 1402(83KB) AllocSpace objects, 1(20KB) LOS objects, 29% free, 37MB/53MB, paused 1.188ms total 40.018ms
08-04 02:59:57.519 27401 27937 I art     : Starting a blocking GC Explicit
08-04 02:59:57.558 27401 27937 I art     : Explicit concurrent mark sweep GC freed 23(752B) AllocSpace objects, 0(0B) LOS objects, 29% free, 37MB/53MB, paused 1.145ms total 38.466ms
08-04 02:59:57.569 27401 27937 I art     : Starting a blocking GC Explicit
08-04 02:59:57.606 27401 27937 I art     : Explicit concurrent mark sweep GC freed 3(96B) AllocSpace objects, 0(0B) LOS objects, 29% free, 37MB/53MB, paused 954us total 36.702ms
08-04 02:59:57.617 27401 27937 I art     : Starting a blocking GC Explicit
08-04 02:59:57.654 27401 27937 I art     : Explicit concurrent mark sweep GC freed 3(96B) AllocSpace objects, 0(0B) LOS objects, 29% free, 37MB/53MB, paused 1.008ms total 37.019ms
08-04 02:59:57.666 27401 27937 I art     : Starting a blocking GC Explicit
08-04 02:59:57.704 27401 27937 I art     : Explicit concurrent mark sweep GC freed 3(96B) AllocSpace objects, 0(0B) LOS objects, 29% free, 37MB/53MB, paused 1.021ms total 38.162ms
08-04 02:59:57.998 27401 27413 I art     : Starting a blocking GC Explicit
08-04 02:59:58.035 27401 27413 I art     : Explicit concurrent mark sweep GC freed 1372(80KB) AllocSpace objects, 1(20KB) LOS objects, 29% free, 37MB/53MB, paused 1.035ms total 37.451ms
08-04 02:59:58.047 27401 27413 I art     : Starting a blocking GC Explicit
08-04 02:59:58.082 27401 27413 I art     : Explicit concurrent mark sweep GC freed 23(752B) AllocSpace objects, 0(0B) LOS objects, 29% free, 37MB/53MB, paused 1.129ms total 34.882ms
08-04 02:59:58.093 27401 27413 I art     : Starting a blocking GC Explicit
08-04 02:59:58.128 27401 27413 I art     : Explicit concurrent mark sweep GC freed 3(96B) AllocSpace objects, 0(0B) LOS objects, 29% free, 37MB/53MB, paused 1.042ms total 34.394ms
08-04 02:59:58.138 27401 27413 I art     : Starting a blocking GC Explicit
08-04 02:59:58.173 27401 27413 I art     : Explicit concurrent mark sweep GC freed 3(96B) AllocSpace objects, 0(0B) LOS objects, 29% free, 37MB/53MB, paused 1.006ms total 34.359ms
08-04 02:59:58.184 27401 27413 I art     : Starting a blocking GC Explicit
08-04 02:59:58.219 27401 27413 I art     : Explicit concurrent mark sweep GC freed 3(96B) AllocSpace objects, 0(0B) LOS objects, 29% free, 37MB/53MB, paused 1.083ms total 35.061ms
08-04 02:59:58.225 29898 29898 D AndroidRuntime: >>>>>> START com.android.internal.os.RuntimeInit uid 2000 <<<<<<
08-04 02:59:58.229 29898 29898 D AndroidRuntime: CheckJNI is OFF
08-04 02:59:58.262 29898 29898 D ICU     : No timezone override file found: /data/misc/zoneinfo/current/icu/icu_tzdata.dat
08-04 02:59:58.295 29898 29898 I Radio-JNI: register_android_hardware_Radio DONE
08-04 02:59:58.318 29898 29898 D AndroidRuntime: Calling main entry com.android.commands.input.Input
08-04 02:59:58.320 29898 29898 I Input   : injectMotionEvent: MotionEvent { action=ACTION_DOWN, actionButton=0, id[0]=0, x[0]=1363.0, y[0]=517.0, toolType[0]=TOOL_TYPE_UNKNOWN, buttonState=0, metaState=0, flags=0x0, edgeFlags=0x0, pointerCount=1, historySize=0, eventTime=673214733, downTime=673214733, deviceId=0, source=0x1002 }
08-04 02:59:58.325 29898 29898 I Input   : injectMotionEvent: MotionEvent { action=ACTION_UP, actionButton=0, id[0]=0, x[0]=1363.0, y[0]=517.0, toolType[0]=TOOL_TYPE_UNKNOWN, buttonState=0, metaState=0, flags=0x0, edgeFlags=0x0, pointerCount=1, historySize=0, eventTime=673214733, downTime=673214733, deviceId=0, source=0x1002 }
08-04 02:59:58.327 29898 29898 D AndroidRuntime: Shutting down VM
08-04 02:59:58.331   918  6112 I ActivityManager: START u0 {cmp=baseline.de.danoeh.antennapod.debug/baseline.de.danoeh.antennapod.activity.FeedSettingsActivity (has extras)} from uid 10670 on display 0
08-04 02:59:58.332   512  2967 D audio_hw_primary: out_set_parameters: enter: usecase(1: low-latency-playback) kvpairs: routing=2
08-04 02:59:58.346   512  2967 D audio_hw_primary: select_devices: out_snd_device(2: speaker) in_snd_device(0: none)
08-04 02:59:58.346   512  2967 D msm8974_platform: platform_send_audio_calibration: sending audio calibration for snd_device(2) acdb_id(15)
08-04 02:59:58.346   512  2967 I soundtrigger: audio_extn_sound_trigger_update_device_status: device 0x2 of type 0 for Event 1
08-04 02:59:58.359   512  2967 D audio_hw_primary: enable_snd_device: snd_device(2: speaker)
08-04 02:59:58.361   512  2967 D audio_hw_primary: enable_audio_route: apply and update mixer path: low-latency-playback speaker
08-04 02:59:58.478 27401 27477 I art     : Starting a blocking GC Explicit
08-04 02:59:58.523 27401 27477 I art     : Explicit concurrent mark sweep GC freed 49162(2MB) AllocSpace objects, 1(20KB) LOS objects, 28% free, 39MB/55MB, paused 1.486ms total 43.831ms
08-04 02:59:58.528 27401 27936 D DBReader: getFeed() called with: feedId = [2]
08-04 02:59:58.529 27401 27936 D DBReader: getFeedItemList() called with: feed = [baseline.de.danoeh.antennapod.core.feed.Feed@2]
08-04 02:59:58.535 27401 27477 I art     : Starting a blocking GC Explicit
08-04 02:59:58.577 27401 27477 I art     : Explicit concurrent mark sweep GC freed 4545(228KB) AllocSpace objects, 0(0B) LOS objects, 28% free, 40MB/56MB, paused 1.648ms total 41.786ms
08-04 02:59:58.588 27401 27477 I art     : Starting a blocking GC Explicit
08-04 02:59:58.604 27401 27936 W PodDBAdapter: Length of id array is larger than 800. Creating multiple cursors
08-04 02:59:58.631 27401 27477 I art     : Explicit concurrent mark sweep GC freed 3004(226KB) AllocSpace objects, 1(16KB) LOS objects, 27% free, 41MB/57MB, paused 1.494ms total 42.571ms
08-04 02:59:58.643 27401 27477 I art     : Starting a blocking GC Explicit
08-04 02:59:58.645   918   936 I ActivityManager: Displayed baseline.de.danoeh.antennapod.debug/baseline.de.danoeh.antennapod.activity.FeedSettingsActivity: +303ms
08-04 02:59:58.649 13866 13866 I GoogleInputMethodServic: GoogleInputMethodService.onFinishInput():3138 
08-04 02:59:58.649 13866 13866 I GoogleInputMethodServic: GoogleInputMethodService.onStartInput():1808 
08-04 02:59:58.685 27401 27422 D OpenGLRenderer: endAllStagingAnimators on 0x7f7e330c00 (RippleDrawable) with handle 0x7f7a696300
08-04 02:59:58.690 27401 27477 I art     : Explicit concurrent mark sweep GC freed 5177(98KB) AllocSpace objects, 0(0B) LOS objects, 27% free, 42MB/58MB, paused 1.344ms total 47.212ms
08-04 02:59:58.693 27401 28337 D ApOkHttpUrlLoader: buildLoadData() called with: model = [http://static.libsyn.com/p/assets/7/1/f/3/71f3014e14ef2722/JREiTunesImage2.jpg], width = [1440], height = [462]
08-04 02:59:58.697 13866 13866 I GoogleInputMethodServic: GoogleInputMethodService.onStartInput():1808 
08-04 02:59:58.697 13866 13866 W SessionManager: SessionManager.beginSession():53 Try to begin an already begun session [INPUT_SESSION], end it first
08-04 02:59:58.703 27401 27477 I art     : Starting a blocking GC Explicit
08-04 02:59:58.705 13866 13866 I ShortcutsDataManager: ShortcutsDataManager.onContentChanged():89 onContentChanged()
08-04 02:59:58.709 27401 27401 D FeedSettingsActivity: No filter set
08-04 02:59:58.716   918   928 W IntentResolver: resolveIntent: multiple matches, only some with CATEGORY_DEFAULT
08-04 02:59:58.748 27401 27477 I art     : Explicit concurrent mark sweep GC freed 3160(153KB) AllocSpace objects, 1(16KB) LOS objects, 27% free, 42MB/58MB, paused 1.237ms total 44.736ms
08-04 02:59:58.896   380   380 W SurfaceFlinger: couldn't log to binary event log: overflow.
08-04 02:59:58.910   512  2967 D audio_hw_primary: disable_audio_route: reset and update mixer path: low-latency-playback speaker
08-04 02:59:58.913   512  2967 D audio_hw_primary: disable_snd_device: snd_device(2: speaker)
08-04 02:59:58.921   512  2967 I soundtrigger: audio_extn_sound_trigger_update_device_status: device 0x2 of type 0 for Event 0
08-04 02:59:59.024 27401 27401 D PlaybackController: Releasing PlaybackController
08-04 02:59:59.051 27401 27477 I art     : Starting a blocking GC Explicit
08-04 02:59:59.094 27401 27477 I art     : Explicit concurrent mark sweep GC freed 2224(135KB) AllocSpace objects, 1(20KB) LOS objects, 27% free, 42MB/58MB, paused 1.055ms total 42.434ms
08-04 02:59:59.106 27401 27477 I art     : Starting a blocking GC Explicit
08-04 02:59:59.148 27401 27477 I art     : Explicit concurrent mark sweep GC freed 118(5KB) AllocSpace objects, 0(0B) LOS objects, 27% free, 42MB/58MB, paused 1.275ms total 42.201ms
08-04 02:59:59.160 27401 27477 I art     : Starting a blocking GC Explicit
08-04 02:59:59.202 27401 27477 I art     : Explicit concurrent mark sweep GC freed 27(1040B) AllocSpace objects, 0(0B) LOS objects, 27% free, 42MB/58MB, paused 1.038ms total 41.540ms
08-04 02:59:59.214 27401 27477 I art     : Starting a blocking GC Explicit
08-04 02:59:59.258 27401 27477 I art     : Explicit concurrent mark sweep GC freed 53(2304B) AllocSpace objects, 0(0B) LOS objects, 27% free, 42MB/58MB, paused 1.012ms total 43.299ms
08-04 02:59:59.270 27401 27477 I art     : Starting a blocking GC Explicit
08-04 02:59:59.315 27401 27477 I art     : Explicit concurrent mark sweep GC freed 7(224B) AllocSpace objects, 0(0B) LOS objects, 27% free, 42MB/58MB, paused 1.091ms total 44.507ms
08-04 02:59:59.619 27401 29667 I art     : Starting a blocking GC Explicit
08-04 02:59:59.685 27401 29667 I art     : Explicit concurrent mark sweep GC freed 1401(81KB) AllocSpace objects, 1(20KB) LOS objects, 27% free, 42MB/58MB, paused 1.216ms total 65.714ms
08-04 02:59:59.701 27401 29667 I art     : Starting a blocking GC Explicit
08-04 02:59:59.750 27401 29667 I art     : Explicit concurrent mark sweep GC freed 23(752B) AllocSpace objects, 0(0B) LOS objects, 27% free, 42MB/58MB, paused 1.102ms total 49.006ms
08-04 02:59:59.763 27401 29667 I art     : Starting a blocking GC Explicit
08-04 02:59:59.813 27401 29667 I art     : Explicit concurrent mark sweep GC freed 3(96B) AllocSpace objects, 0(0B) LOS objects, 27% free, 42MB/58MB, paused 1.115ms total 49.511ms
08-04 02:59:59.827 27401 29667 I art     : Starting a blocking GC Explicit
08-04 02:59:59.878 27401 29667 I art     : Explicit concurrent mark sweep GC freed 3(96B) AllocSpace objects, 0(0B) LOS objects, 27% free, 42MB/58MB, paused 1.207ms total 50.827ms
08-04 02:59:59.892 27401 29667 I art     : Starting a blocking GC Explicit
08-04 02:59:59.941 27401 29667 I art     : Explicit concurrent mark sweep GC freed 3(96B) AllocSpace objects, 0(0B) LOS objects, 27% free, 42MB/58MB, paused 1.094ms total 48.796ms
08-04 03:00:00.240 27401 27413 I art     : Starting a blocking GC Explicit
08-04 03:00:00.290 27401 27413 I art     : Explicit concurrent mark sweep GC freed 1404(81KB) AllocSpace objects, 1(20KB) LOS objects, 27% free, 42MB/58MB, paused 1.103ms total 49.309ms
08-04 03:00:00.304 27401 27413 I art     : Starting a blocking GC Explicit
08-04 03:00:00.346 27401 27413 I art     : Explicit concurrent mark sweep GC freed 35(1136B) AllocSpace objects, 0(0B) LOS objects, 27% free, 42MB/58MB, paused 1.094ms total 41.635ms
08-04 03:00:00.360 27401 27413 I art     : Starting a blocking GC Explicit
08-04 03:00:00.405 27401 27413 I art     : Explicit concurrent mark sweep GC freed 17(544B) AllocSpace objects, 0(0B) LOS objects, 27% free, 42MB/58MB, paused 994us total 44.716ms
08-04 03:00:00.417 27401 27413 I art     : Starting a blocking GC Explicit
08-04 03:00:00.463 27401 27413 I art     : Explicit concurrent mark sweep GC freed 4(128B) AllocSpace objects, 0(0B) LOS objects, 27% free, 42MB/58MB, paused 1.043ms total 45.464ms
08-04 03:00:00.476 27401 27413 I art     : Starting a blocking GC Explicit
08-04 03:00:00.525 27401 27413 I art     : Explicit concurrent mark sweep GC freed 32(880B) AllocSpace objects, 0(0B) LOS objects, 27% free, 42MB/58MB, paused 1.108ms total 48.417ms
08-04 03:00:00.873 27401 27414 I art     : Starting a blocking GC Explicit
08-04 03:00:00.942 27401 27414 I art     : Explicit concurrent mark sweep GC freed 1373(82KB) AllocSpace objects, 1(20KB) LOS objects, 27% free, 42MB/58MB, paused 1.179ms total 68.223ms
08-04 03:00:00.958 27401 27414 I art     : Starting a blocking GC Explicit
08-04 03:00:01.008 27401 27414 I art     : Explicit concurrent mark sweep GC freed 23(752B) AllocSpace objects, 0(0B) LOS objects, 27% free, 42MB/58MB, paused 1.277ms total 49.864ms
08-04 03:00:01.021 27401 27414 I art     : Starting a blocking GC Explicit
08-04 03:00:01.071 27401 27414 I art     : Explicit concurrent mark sweep GC freed 3(96B) AllocSpace objects, 0(0B) LOS objects, 27% free, 42MB/58MB, paused 1.110ms total 49.740ms
08-04 03:00:01.085 27401 27414 I art     : Starting a blocking GC Explicit
08-04 03:00:01.136 27401 27414 I art     : Explicit concurrent mark sweep GC freed 3(96B) AllocSpace objects, 0(0B) LOS objects, 27% free, 42MB/58MB, paused 1.116ms total 51.152ms
08-04 03:00:01.150 27401 27414 I art     : Starting a blocking GC Explicit
08-04 03:00:01.200 27401 27414 I art     : Explicit concurrent mark sweep GC freed 3(96B) AllocSpace objects, 0(0B) LOS objects, 27% free, 42MB/58MB, paused 1.154ms total 50.261ms
08-04 03:00:01.567 27401 27937 I art     : Starting a blocking GC Explicit
08-04 03:00:01.635 27401 27937 I art     : Explicit concurrent mark sweep GC freed 1402(82KB) AllocSpace objects, 1(20KB) LOS objects, 27% free, 42MB/58MB, paused 1.185ms total 67.529ms
08-04 03:00:01.636 27401 27412 I art     : WaitForGcToComplete blocked for 60.333ms for cause HeapTrim
08-04 03:00:01.656 27401 27937 I art     : Starting a blocking GC Explicit
08-04 03:00:01.705 27401 27937 I art     : Explicit concurrent mark sweep GC freed 23(752B) AllocSpace objects, 0(0B) LOS objects, 27% free, 42MB/58MB, paused 1.110ms total 48.909ms
08-04 03:00:01.719 27401 27937 I art     : Starting a blocking GC Explicit
08-04 03:00:01.768 27401 27937 I art     : Explicit concurrent mark sweep GC freed 3(96B) AllocSpace objects, 0(0B) LOS objects, 27% free, 42MB/58MB, paused 1.151ms total 49.319ms
08-04 03:00:01.782 27401 27937 I art     : Starting a blocking GC Explicit
08-04 03:00:01.831 27401 27937 I art     : Explicit concurrent mark sweep GC freed 3(96B) AllocSpace objects, 0(0B) LOS objects, 27% free, 42MB/58MB, paused 1.088ms total 48.624ms
08-04 03:00:01.844 27401 27937 I art     : Starting a blocking GC Explicit
08-04 03:00:01.895 27401 27937 I art     : Explicit concurrent mark sweep GC freed 3(96B) AllocSpace objects, 0(0B) LOS objects, 27% free, 42MB/58MB, paused 1.093ms total 50.840ms
08-04 03:00:02.074 23402 23402 I ServiceManager: Waiting for service AtCmdFwd...
08-04 03:00:02.241 27401 27477 I art     : Starting a blocking GC Explicit
08-04 03:00:02.292 27401 27477 I art     : Explicit concurrent mark sweep GC freed 2075(106KB) AllocSpace objects, 1(20KB) LOS objects, 27% free, 42MB/58MB, paused 1.096ms total 51.572ms
08-04 03:00:02.305 27401 27477 I art     : Starting a blocking GC Explicit
08-04 03:00:02.352 27401 27477 I art     : Explicit concurrent mark sweep GC freed 23(752B) AllocSpace objects, 0(0B) LOS objects, 27% free, 42MB/58MB, paused 1.146ms total 46.944ms
08-04 03:00:02.366 27401 27477 I art     : Starting a blocking GC Explicit
08-04 03:00:02.416 27401 27477 I art     : Explicit concurrent mark sweep GC freed 3(96B) AllocSpace objects, 0(0B) LOS objects, 27% free, 42MB/58MB, paused 1.119ms total 49.331ms
08-04 03:00:02.429 27401 27477 I art     : Starting a blocking GC Explicit
08-04 03:00:02.479 27401 27477 I art     : Explicit concurrent mark sweep GC freed 3(96B) AllocSpace objects, 0(0B) LOS objects, 27% free, 42MB/58MB, paused 1.119ms total 49.457ms
08-04 03:00:02.492 27401 27477 I art     : Starting a blocking GC Explicit
08-04 03:00:02.542 27401 27477 I art     : Explicit concurrent mark sweep GC freed 32(880B) AllocSpace objects, 0(0B) LOS objects, 27% free, 42MB/58MB, paused 1.098ms total 49.207ms
08-04 03:00:02.826 27401 27413 I art     : Starting a blocking GC Explicit
08-04 03:00:02.876 27401 27413 I art     : Explicit concurrent mark sweep GC freed 2261(112KB) AllocSpace objects, 1(20KB) LOS objects, 27% free, 42MB/58MB, paused 1.115ms total 49.717ms
08-04 03:00:02.890 27401 27413 I art     : Starting a blocking GC Explicit
08-04 03:00:02.937 27401 27413 I art     : Explicit concurrent mark sweep GC freed 23(752B) AllocSpace objects, 0(0B) LOS objects, 27% free, 42MB/58MB, paused 1.141ms total 46.991ms
08-04 03:00:02.950 27401 27413 I art     : Starting a blocking GC Explicit
08-04 03:00:02.996 27401 27413 I art     : Explicit concurrent mark sweep GC freed 3(96B) AllocSpace objects, 0(0B) LOS objects, 27% free, 42MB/58MB, paused 1.080ms total 45.842ms
08-04 03:00:03.007 30001 30001 D AndroidRuntime: >>>>>> START com.android.internal.os.RuntimeInit uid 2000 <<<<<<
08-04 03:00:03.010 27401 27413 I art     : Starting a blocking GC Explicit
08-04 03:00:03.012 30001 30001 D AndroidRuntime: CheckJNI is OFF
08-04 03:00:03.047 30001 30001 D ICU     : No timezone override file found: /data/misc/zoneinfo/current/icu/icu_tzdata.dat
08-04 03:00:03.056 27401 27413 I art     : Explicit concurrent mark sweep GC freed 3(96B) AllocSpace objects, 0(0B) LOS objects, 27% free, 42MB/58MB, paused 1.232ms total 46.164ms
08-04 03:00:03.070 27401 27413 I art     : Starting a blocking GC Explicit
08-04 03:00:03.075 23402 23402 I ServiceManager: Waiting for service AtCmdFwd...
08-04 03:00:03.084 30001 30001 I Radio-JNI: register_android_hardware_Radio DONE
08-04 03:00:03.106 30001 30001 D AndroidRuntime: Calling main entry com.android.commands.input.Input
08-04 03:00:03.108 30001 30001 I Input   : injectKeyEvent: KeyEvent { action=ACTION_DOWN, keyCode=KEYCODE_BACK, scanCode=0, metaState=0, flags=0x0, repeatCount=0, eventTime=673219521, downTime=673219521, deviceId=-1, source=0x101 }
08-04 03:00:03.120 27401 27413 I art     : Explicit concurrent mark sweep GC freed 14(1136B) AllocSpace objects, 0(0B) LOS objects, 27% free, 42MB/58MB, paused 2.687ms total 50.294ms
08-04 03:00:03.123 30001 30001 I Input   : injectKeyEvent: KeyEvent { action=ACTION_UP, keyCode=KEYCODE_BACK, scanCode=0, metaState=0, flags=0x0, repeatCount=0, eventTime=673219521, downTime=673219521, deviceId=-1, source=0x101 }
08-04 03:00:03.129 30001 30001 D AndroidRuntime: Shutting down VM
08-04 03:00:03.134 27401 27401 V PlaybackController: initServiceNotRunning()
08-04 03:00:03.134 27401 27401 D ExternalPlayerFragment: Loading media info
08-04 03:00:03.136 27401 27401 D ItemlistFragment: onEventMainThread() called with: event = [DownloadEvent{update=DownloaderUpdate{downloaders=[], feedIds=[], mediaIds=[]}}]
08-04 03:00:03.137 27401 28337 D ApOkHttpUrlLoader: buildLoadData() called with: model = [http://static.libsyn.com/p/assets/7/1/f/3/71f3014e14ef2722/JREiTunesImage2.jpg], width = [1440], height = [462]
08-04 03:00:03.140 27401 27401 D UserPreferences: Using default data folder
08-04 03:00:03.141 27401 27936 D DBReader: getNavDrawerData() called with: 
08-04 03:00:03.142 27401 27427 D DBReader: getFeed() called with: feedId = [2]
08-04 03:00:03.143 27401 27427 D DBReader: getFeedItemList() called with: feed = [baseline.de.danoeh.antennapod.core.feed.Feed@2]
08-04 03:00:03.147   918   937 W ProcessCpuTracker: Skipping unknown process pid 30009
08-04 03:00:03.147   918   937 W ProcessCpuTracker: Skipping unknown process pid 30011
08-04 03:00:03.147   918   937 W ProcessCpuTracker: Skipping unknown process pid 30012
08-04 03:00:03.157 27401 27401 D FeedMenuHandler: Preparing options menu
08-04 03:00:03.164 27401 27936 D DBReader: getDownloadedItems() called
08-04 03:00:03.165 27401 27936 D DBReader: getFavoriteIDList() called
08-04 03:00:03.166 27401 27936 D DBReader: getQueueIDList() called
08-04 03:00:03.166 27401 27936 D DBReader: Extracting Feedlist
08-04 03:00:03.217 27401 27427 W PodDBAdapter: Length of id array is larger than 800. Creating multiple cursors
08-04 03:00:03.223 27401 27401 D MainActivity: getLastNavFragment() -> 2
08-04 03:00:03.229 13866 13866 I GoogleInputMethodServic: GoogleInputMethodService.onFinishInput():3138 
08-04 03:00:03.229 13866 13866 I GoogleInputMethodServic: GoogleInputMethodService.onStartInput():1808 
08-04 03:00:03.230 13866 13866 I ShortcutsDataManager: AbstractContentDataManager.startImportContentTask():208 startImportContentTask()
08-04 03:00:03.230 13866 13938 I ShortcutsDataManager: AbstractContentDataManager$ImportContentTask.doInBackground():222 doInBackground()
08-04 03:00:03.231 13866 13938 I PersonalDictionaryDataH: PersonalDictionaryDataHandler.beginProcess():111 LanguageTags = [en-US]
08-04 03:00:03.241 13866 13938 I ShortcutsDataManager: AbstractContentDataManager.importRecords():312 importRecords() : Success : Count = 0
08-04 03:00:03.244 13866 13938 I ShortcutsDataManager: AbstractContentDataManager.importContentData():262 importContentData() : Ending import process
08-04 03:00:03.271 13866 13938 I PersonalLanguageModelUp: PersonalLanguageModelUpdater$UpdateOperation.performInternal():160 run() : Added 0 words and 0 shortcuts
08-04 03:00:03.272 13866 13938 I DynamicLanguageModelOpe: DynamicLanguageModelOperation.perform():37 perform() : 4 : coc : Completed
08-04 03:00:03.273 13866 13950 I Delight5Decoder: Delight5DecoderWrapper.loadLanguageModel():578 loadLanguageModel() : 4, version [n/a]
08-04 03:00:03.274 13866 13866 I ShortcutsDataManager: AbstractContentDataManager$ImportContentTask.onPostExecute():233 onPostExecute() : Result = [2,0]
08-04 03:00:03.274 13866 13866 I ShortcutsDataManager: ShortcutsDataManager.onImportFinished():99 onImportFinished() : Result = 2 : Count = 0
08-04 03:00:03.274 13866 13950 I Delight5Decoder: Delight5DecoderWrapper.loadLanguageModel():616 Loaded dynamic LM 4.en
08-04 03:00:03.286 27401 27427 D DBReader: getFavoriteIDList() called
08-04 03:00:03.286 27401 27427 D DBReader: getQueueIDList() called
08-04 03:00:03.287 27401 27427 D DBReader: Extracting Feedlist
08-04 03:00:03.290 27401 28337 D ApOkHttpUrlLoader: buildLoadData() called with: model = [http://static.libsyn.com/p/assets/7/1/f/3/71f3014e14ef2722/JREiTunesImage2.jpg], width = [1440], height = [462]
08-04 03:00:03.305 27401 27401 D FeedMenuHandler: Preparing options menu
08-04 03:00:03.383 27401 27413 I art     : Starting a blocking GC Explicit
08-04 03:00:03.434 27401 27413 I art     : Explicit concurrent mark sweep GC freed 41711(2MB) AllocSpace objects, 3(52KB) LOS objects, 25% free, 47MB/63MB, paused 1.103ms total 50.992ms
08-04 03:00:03.449 27401 27413 I art     : Starting a blocking GC Explicit
08-04 03:00:03.494 27401 27413 I art     : Explicit concurrent mark sweep GC freed 2470(159KB) AllocSpace objects, 0(0B) LOS objects, 25% free, 47MB/63MB, paused 963us total 45.368ms
08-04 03:00:03.507 27401 27413 I art     : Starting a blocking GC Explicit
08-04 03:00:03.516   380   380 W SurfaceFlinger: couldn't log to binary event log: overflow.
08-04 03:00:03.552 27401 27413 I art     : Explicit concurrent mark sweep GC freed 563(23KB) AllocSpace objects, 0(0B) LOS objects, 25% free, 47MB/63MB, paused 1.239ms total 44.902ms
08-04 03:00:03.565 27401 27413 I art     : Starting a blocking GC Explicit
08-04 03:00:03.608 27401 27413 I art     : Explicit concurrent mark sweep GC freed 504(41KB) AllocSpace objects, 1(24KB) LOS objects, 25% free, 47MB/63MB, paused 1.130ms total 42.745ms
08-04 03:00:03.620 27401 27413 I art     : Starting a blocking GC Explicit
08-04 03:00:03.659 27401 27413 I art     : Explicit concurrent mark sweep GC freed 34321(2MB) AllocSpace objects, 43(2MB) LOS objects, 27% free, 42MB/58MB, paused 1.085ms total 39.213ms
08-04 03:00:03.962 27401 27414 I art     : Starting a blocking GC Explicit
08-04 03:00:04.012 27401 27414 I art     : Explicit concurrent mark sweep GC freed 1373(81KB) AllocSpace objects, 1(20KB) LOS objects, 27% free, 42MB/58MB, paused 1.190ms total 50.334ms
08-04 03:00:04.027 27401 27414 I art     : Starting a blocking GC Explicit
08-04 03:00:04.067 27401 27414 I art     : Explicit concurrent mark sweep GC freed 23(768B) AllocSpace objects, 0(0B) LOS objects, 27% free, 42MB/58MB, paused 1.107ms total 39.810ms
08-04 03:00:04.075 23402 23402 I ServiceManager: Waiting for service AtCmdFwd...
08-04 03:00:04.078 27401 27414 I art     : Starting a blocking GC Explicit
08-04 03:00:04.118 27401 27414 I art     : Explicit concurrent mark sweep GC freed 3(96B) AllocSpace objects, 0(0B) LOS objects, 27% free, 42MB/58MB, paused 1.157ms total 39.076ms
08-04 03:00:04.130 27401 27414 I art     : Starting a blocking GC Explicit
08-04 03:00:04.169 27401 27414 I art     : Explicit concurrent mark sweep GC freed 3(96B) AllocSpace objects, 0(0B) LOS objects, 27% free, 42MB/58MB, paused 1.136ms total 39.276ms
08-04 03:00:04.181 27401 27414 I art     : Starting a blocking GC Explicit
08-04 03:00:04.219 27401 27414 I art     : Explicit concurrent mark sweep GC freed 3(96B) AllocSpace objects, 0(0B) LOS objects, 27% free, 42MB/58MB, paused 1.110ms total 38.433ms
08-04 03:00:04.505 27401 27477 I art     : Starting a blocking GC Explicit
08-04 03:00:04.544 27401 27477 I art     : Explicit concurrent mark sweep GC freed 1403(82KB) AllocSpace objects, 1(20KB) LOS objects, 27% free, 42MB/58MB, paused 1.157ms total 38.920ms
08-04 03:00:04.556 27401 27477 I art     : Starting a blocking GC Explicit
08-04 03:00:04.593 27401 27477 I art     : Explicit concurrent mark sweep GC freed 23(752B) AllocSpace objects, 0(0B) LOS objects, 27% free, 42MB/58MB, paused 1.135ms total 37.091ms
08-04 03:00:04.605 27401 27477 I art     : Starting a blocking GC Explicit
08-04 03:00:04.642 27401 27477 I art     : Explicit concurrent mark sweep GC freed 3(96B) AllocSpace objects, 0(0B) LOS objects, 27% free, 42MB/58MB, paused 1.116ms total 36.277ms
08-04 03:00:04.653 27401 27477 I art     : Starting a blocking GC Explicit
08-04 03:00:04.690 27401 27477 I art     : Explicit concurrent mark sweep GC freed 3(96B) AllocSpace objects, 0(0B) LOS objects, 27% free, 42MB/58MB, paused 1.115ms total 37.042ms
08-04 03:00:04.701 27401 27477 I art     : Starting a blocking GC Explicit
08-04 03:00:04.738 27401 27477 I art     : Explicit concurrent mark sweep GC freed 3(96B) AllocSpace objects, 0(0B) LOS objects, 27% free, 42MB/58MB, paused 1.165ms total 36.900ms
08-04 03:00:04.807 30046 30046 D AndroidRuntime: >>>>>> START com.android.internal.os.RuntimeInit uid 2000 <<<<<<
08-04 03:00:04.812 30046 30046 D AndroidRuntime: CheckJNI is OFF
08-04 03:00:04.846 30046 30046 D ICU     : No timezone override file found: /data/misc/zoneinfo/current/icu/icu_tzdata.dat
08-04 03:00:04.879 30046 30046 I Radio-JNI: register_android_hardware_Radio DONE
08-04 03:00:04.901 30046 30046 D AndroidRuntime: Calling main entry com.android.commands.input.Input
08-04 03:00:04.903 30046 30046 I Input   : injectMotionEvent: MotionEvent { action=ACTION_DOWN, actionButton=0, id[0]=0, x[0]=1372.0, y[0]=384.0, toolType[0]=TOOL_TYPE_UNKNOWN, buttonState=0, metaState=0, flags=0x0, edgeFlags=0x0, pointerCount=1, historySize=0, eventTime=673221316, downTime=673221316, deviceId=0, source=0x1002 }
08-04 03:00:04.908 30046 30046 I Input   : injectMotionEvent: MotionEvent { action=ACTION_UP, actionButton=0, id[0]=0, x[0]=1372.0, y[0]=384.0, toolType[0]=TOOL_TYPE_UNKNOWN, buttonState=0, metaState=0, flags=0x0, edgeFlags=0x0, pointerCount=1, historySize=0, eventTime=673221316, downTime=673221316, deviceId=0, source=0x1002 }
08-04 03:00:04.910 30046 30046 D AndroidRuntime: Shutting down VM
08-04 03:00:04.925   512  2967 D audio_hw_primary: out_set_parameters: enter: usecase(1: low-latency-playback) kvpairs: routing=2
08-04 03:00:04.926   918  5481 I ActivityManager: START u0 {cmp=baseline.de.danoeh.antennapod.debug/baseline.de.danoeh.antennapod.activity.FeedInfoActivity (has extras)} from uid 10670 on display 0
08-04 03:00:04.938   512  2967 D audio_hw_primary: select_devices: out_snd_device(2: speaker) in_snd_device(0: none)
08-04 03:00:04.938   512  2967 D msm8974_platform: platform_send_audio_calibration: sending audio calibration for snd_device(2) acdb_id(15)
08-04 03:00:04.938   512  2967 I soundtrigger: audio_extn_sound_trigger_update_device_status: device 0x2 of type 0 for Event 1
08-04 03:00:04.948   512  2967 D audio_hw_primary: enable_snd_device: snd_device(2: speaker)
08-04 03:00:04.950   512  2967 D audio_hw_primary: enable_audio_route: apply and update mixer path: low-latency-playback speaker
08-04 03:00:04.977 27401 27421 D DBReader: getFeed() called with: feedId = [2]
08-04 03:00:04.978 27401 27421 D DBReader: getFeedItemList() called with: feed = [baseline.de.danoeh.antennapod.core.feed.Feed@2]
08-04 03:00:04.990 27401 27401 D androidx.gridlayout.widget.GridLayout: horizontal constraints: x2-x0>=1328, x2-x1<=0, x1-x0<=242 are inconsistent; permanently removing: x2-x1<=0. 
08-04 03:00:04.991 27401 27401 D androidx.gridlayout.widget.GridLayout: vertical constraints: y3-y2>=80, y3-y2<=66, y2-y1<=94, y1-y0<=94 are inconsistent; permanently removing: y3-y2<=66. 
08-04 03:00:05.027 27401 27937 I art     : Starting a blocking GC Explicit
08-04 03:00:05.048 27401 27421 W PodDBAdapter: Length of id array is larger than 800. Creating multiple cursors
08-04 03:00:05.059   918   936 I ActivityManager: Displayed baseline.de.danoeh.antennapod.debug/baseline.de.danoeh.antennapod.activity.FeedInfoActivity: +120ms
08-04 03:00:05.060 13866 13866 I GoogleInputMethodServic: GoogleInputMethodService.onFinishInput():3138 
08-04 03:00:05.061 13866 13866 I GoogleInputMethodServic: GoogleInputMethodService.onStartInput():1808 
08-04 03:00:05.075 27401 27937 I art     : Explicit concurrent mark sweep GC freed 7952(451KB) AllocSpace objects, 2(36KB) LOS objects, 26% free, 44MB/60MB, paused 1.272ms total 47.470ms
08-04 03:00:05.076 23402 23402 I ServiceManager: Waiting for service AtCmdFwd...
08-04 03:00:05.088 27401 27937 I art     : Starting a blocking GC Explicit
08-04 03:00:05.109 27401 27422 D OpenGLRenderer: endAllStagingAnimators on 0x7f7e330800 (RippleDrawable) with handle 0x7f7a0b0f20
08-04 03:00:05.120 27401 27401 D FeedInfoActivity: Language is en
08-04 03:00:05.120 27401 27401 D FeedInfoActivity: Author is Joe Rogan
08-04 03:00:05.121 27401 27401 D FeedInfoActivity: URL is http://joeroganexp.joerogan.libsynpro.com/rss
08-04 03:00:05.127 27401 28337 D ApOkHttpUrlLoader: buildLoadData() called with: model = [http://static.libsyn.com/p/assets/7/1/f/3/71f3014e14ef2722/JREiTunesImage2.jpg], width = [1440], height = [462]
08-04 03:00:05.133 27401 27937 I art     : Explicit concurrent mark sweep GC freed 5548(120KB) AllocSpace objects, 0(0B) LOS objects, 25% free, 47MB/63MB, paused 2.192ms total 45.457ms
08-04 03:00:05.137   918  5481 W IntentResolver: resolveIntent: multiple matches, only some with CATEGORY_DEFAULT
08-04 03:00:05.144 27401 27401 D androidx.gridlayout.widget.GridLayout: horizontal constraints: x2-x0>=1328, x2-x1<=232, x1-x0<=242 are inconsistent; permanently removing: x2-x1<=232. 
08-04 03:00:05.144 27401 27401 D androidx.gridlayout.widget.GridLayout: vertical constraints: y3-y2>=80, y3-y2<=66, y2-y1<=94, y1-y0<=94 are inconsistent; permanently removing: y3-y2<=66. 
08-04 03:00:05.146 27401 27937 I art     : Starting a blocking GC Explicit
08-04 03:00:05.186 27401 27937 I art     : Explicit concurrent mark sweep GC freed 2276(90KB) AllocSpace objects, 1(16KB) LOS objects, 25% free, 47MB/63MB, paused 995us total 39.997ms
08-04 03:00:05.200 27401 27937 I art     : Starting a blocking GC Explicit
08-04 03:00:05.245 27401 27937 I art     : Explicit concurrent mark sweep GC freed 290(23KB) AllocSpace objects, 0(0B) LOS objects, 25% free, 47MB/63MB, paused 1.011ms total 45.255ms
08-04 03:00:05.261 27401 27937 I art     : Starting a blocking GC Explicit
08-04 03:00:05.314 27401 27937 I art     : Explicit concurrent mark sweep GC freed 3(96B) AllocSpace objects, 0(0B) LOS objects, 25% free, 47MB/63MB, paused 1.038ms total 52.232ms
08-04 03:00:05.319   380   380 W SurfaceFlinger: couldn't log to binary event log: overflow.
08-04 03:00:05.445 27401 27401 D PlaybackController: Releasing PlaybackController
08-04 03:00:05.499   512  2967 D audio_hw_primary: disable_audio_route: reset and update mixer path: low-latency-playback speaker
08-04 03:00:05.500   512  2967 D audio_hw_primary: disable_snd_device: snd_device(2: speaker)
08-04 03:00:05.508   512  2967 I soundtrigger: audio_extn_sound_trigger_update_device_status: device 0x2 of type 0 for Event 0
08-04 03:00:05.609 27401 29667 I art     : Starting a blocking GC Explicit
08-04 03:00:05.659 27401 29667 I art     : Explicit concurrent mark sweep GC freed 1704(98KB) AllocSpace objects, 1(20KB) LOS objects, 25% free, 47MB/63MB, paused 1.168ms total 49.166ms
08-04 03:00:05.672 27401 29667 I art     : Starting a blocking GC Explicit
08-04 03:00:05.703   518   646 I ThermalEngine: ACTION: GPU - Setting GPU[0] to 450000000
08-04 03:00:05.724 27401 29667 I art     : Explicit concurrent mark sweep GC freed 55(1808B) AllocSpace objects, 0(0B) LOS objects, 25% free, 47MB/63MB, paused 1.471ms total 51.757ms
08-04 03:00:05.740 27401 29667 I art     : Starting a blocking GC Explicit
08-04 03:00:05.798 27401 29667 I art     : Explicit concurrent mark sweep GC freed 3(96B) AllocSpace objects, 0(0B) LOS objects, 25% free, 47MB/63MB, paused 1.618ms total 57.085ms
08-04 03:00:05.814 27401 29667 I art     : Starting a blocking GC Explicit
08-04 03:00:05.873 27401 29667 I art     : Explicit concurrent mark sweep GC freed 3(96B) AllocSpace objects, 0(0B) LOS objects, 25% free, 47MB/63MB, paused 1.531ms total 58.345ms
08-04 03:00:05.890 27401 29667 I art     : Starting a blocking GC Explicit
08-04 03:00:05.947 27401 29667 I art     : Explicit concurrent mark sweep GC freed 3(96B) AllocSpace objects, 0(0B) LOS objects, 25% free, 47MB/63MB, paused 1.488ms total 57.039ms
08-04 03:00:06.076 23402 23402 I ServiceManager: Waiting for service AtCmdFwd...
08-04 03:00:06.287 27401 27414 I art     : Starting a blocking GC Explicit
08-04 03:00:06.364 27401 27414 I art     : Explicit concurrent mark sweep GC freed 1372(80KB) AllocSpace objects, 1(20KB) LOS objects, 25% free, 47MB/63MB, paused 1.558ms total 77.429ms
08-04 03:00:06.383 27401 27414 I art     : Starting a blocking GC Explicit
08-04 03:00:06.438 27401 27414 I art     : Explicit concurrent mark sweep GC freed 23(752B) AllocSpace objects, 0(0B) LOS objects, 25% free, 47MB/63MB, paused 1.520ms total 54.596ms
08-04 03:00:06.456 27401 27414 I art     : Starting a blocking GC Explicit
08-04 03:00:06.513 27401 27414 I art     : Explicit concurrent mark sweep GC freed 32(880B) AllocSpace objects, 0(0B) LOS objects, 25% free, 47MB/63MB, paused 1.470ms total 56.773ms
08-04 03:00:06.529 27401 27414 I art     : Starting a blocking GC Explicit
08-04 03:00:06.588 27401 27414 I art     : Explicit concurrent mark sweep GC freed 3(96B) AllocSpace objects, 0(0B) LOS objects, 25% free, 47MB/63MB, paused 1.609ms total 58.480ms
08-04 03:00:06.605 27401 27414 I art     : Starting a blocking GC Explicit
08-04 03:00:06.667 27401 27414 I art     : Explicit concurrent mark sweep GC freed 10(320B) AllocSpace objects, 0(0B) LOS objects, 25% free, 47MB/63MB, paused 1.512ms total 61.020ms
08-04 03:00:07.015 27401 27413 I art     : Starting a blocking GC Explicit
08-04 03:00:07.077 23402 23402 W Atfwd_Sendcmd: AtCmdFwd service not published, waiting... retryCnt : 2
08-04 03:00:07.090 27401 27413 I art     : Explicit concurrent mark sweep GC freed 1394(81KB) AllocSpace objects, 1(20KB) LOS objects, 25% free, 47MB/63MB, paused 1.530ms total 74.754ms
08-04 03:00:07.107 27401 27413 I art     : Starting a blocking GC Explicit
08-04 03:00:07.171 27401 27413 I art     : Explicit concurrent mark sweep GC freed 23(752B) AllocSpace objects, 0(0B) LOS objects, 25% free, 47MB/63MB, paused 1.536ms total 63.321ms
08-04 03:00:07.193 27401 27413 I art     : Starting a blocking GC Explicit
08-04 03:00:07.256 27401 27413 I art     : Explicit concurrent mark sweep GC freed 3(96B) AllocSpace objects, 0(0B) LOS objects, 25% free, 47MB/63MB, paused 1.521ms total 63.250ms
08-04 03:00:07.273 27401 27413 I art     : Starting a blocking GC Explicit
08-04 03:00:07.336 27401 27413 I art     : Explicit concurrent mark sweep GC freed 3(96B) AllocSpace objects, 0(0B) LOS objects, 25% free, 47MB/63MB, paused 1.515ms total 62.300ms
08-04 03:00:07.353 27401 27413 I art     : Starting a blocking GC Explicit
08-04 03:00:07.421 27401 27413 I art     : Explicit concurrent mark sweep GC freed 3(96B) AllocSpace objects, 0(0B) LOS objects, 25% free, 47MB/63MB, paused 1.607ms total 67.209ms
08-04 03:00:07.804 27401 27414 I art     : Starting a blocking GC Explicit
08-04 03:00:07.883 27401 27414 I art     : Explicit concurrent mark sweep GC freed 1402(83KB) AllocSpace objects, 1(20KB) LOS objects, 25% free, 47MB/63MB, paused 1.513ms total 78.237ms
08-04 03:00:07.905 27401 27414 I art     : Starting a blocking GC Explicit
08-04 03:00:07.969 27401 27414 I art     : Explicit concurrent mark sweep GC freed 23(752B) AllocSpace objects, 0(0B) LOS objects, 25% free, 47MB/63MB, paused 1.594ms total 63.409ms
08-04 03:00:07.986 27401 27414 I art     : Starting a blocking GC Explicit
08-04 03:00:08.051 27401 27414 I art     : Explicit concurrent mark sweep GC freed 3(96B) AllocSpace objects, 0(0B) LOS objects, 25% free, 47MB/63MB, paused 1.545ms total 64.712ms
08-04 03:00:08.068 27401 27414 I art     : Starting a blocking GC Explicit
08-04 03:00:08.135 27401 27414 I art     : Explicit concurrent mark sweep GC freed 3(96B) AllocSpace objects, 0(0B) LOS objects, 25% free, 47MB/63MB, paused 1.661ms total 66.483ms
08-04 03:00:08.154 27401 27414 I art     : Starting a blocking GC Explicit
08-04 03:00:08.219 27401 27414 I art     : Explicit concurrent mark sweep GC freed 3(96B) AllocSpace objects, 0(0B) LOS objects, 25% free, 47MB/63MB, paused 1.554ms total 64.226ms
08-04 03:00:08.585 27401 27477 I art     : Starting a blocking GC Explicit
08-04 03:00:08.635 27401 27477 I art     : Explicit concurrent mark sweep GC freed 1402(82KB) AllocSpace objects, 1(20KB) LOS objects, 25% free, 47MB/63MB, paused 1.344ms total 50.694ms
08-04 03:00:08.651 27401 27477 I art     : Starting a blocking GC Explicit
08-04 03:00:08.700 27401 27477 I art     : Explicit concurrent mark sweep GC freed 23(752B) AllocSpace objects, 0(0B) LOS objects, 25% free, 47MB/63MB, paused 1.316ms total 48.165ms
08-04 03:00:08.708   518   646 I ThermalEngine: ACTION: GPU - Setting GPU[0] to 510000000
08-04 03:00:08.714 27401 27477 I art     : Starting a blocking GC Explicit
08-04 03:00:08.760 27401 27477 I art     : Explicit concurrent mark sweep GC freed 3(96B) AllocSpace objects, 0(0B) LOS objects, 25% free, 47MB/63MB, paused 1.032ms total 45.471ms
08-04 03:00:08.772 27401 27477 I art     : Starting a blocking GC Explicit
08-04 03:00:08.814 27401 27477 I art     : Explicit concurrent mark sweep GC freed 3(96B) AllocSpace objects, 0(0B) LOS objects, 25% free, 47MB/63MB, paused 1.061ms total 41.588ms
08-04 03:00:08.826 27401 27477 I art     : Starting a blocking GC Explicit
08-04 03:00:08.872 27401 27477 I art     : Explicit concurrent mark sweep GC freed 3(96B) AllocSpace objects, 0(0B) LOS objects, 25% free, 47MB/63MB, paused 1.102ms total 46.228ms
08-04 03:00:09.205 27401 29667 I art     : Starting a blocking GC Explicit
08-04 03:00:09.253 27401 29667 I art     : Explicit concurrent mark sweep GC freed 2079(106KB) AllocSpace objects, 1(20KB) LOS objects, 25% free, 47MB/63MB, paused 1.117ms total 47.300ms
08-04 03:00:09.266 27401 29667 I art     : Starting a blocking GC Explicit
08-04 03:00:09.313 27401 29667 I art     : Explicit concurrent mark sweep GC freed 23(752B) AllocSpace objects, 0(0B) LOS objects, 25% free, 47MB/63MB, paused 1.098ms total 46.496ms
08-04 03:00:09.325 27401 29667 I art     : Starting a blocking GC Explicit
08-04 03:00:09.370 27401 29667 I art     : Explicit concurrent mark sweep GC freed 3(96B) AllocSpace objects, 0(0B) LOS objects, 25% free, 47MB/63MB, paused 1.094ms total 44.762ms
08-04 03:00:09.383 27401 29667 I art     : Starting a blocking GC Explicit
08-04 03:00:09.428 27401 29667 I art     : Explicit concurrent mark sweep GC freed 3(96B) AllocSpace objects, 0(0B) LOS objects, 25% free, 47MB/63MB, paused 1.292ms total 44.757ms
08-04 03:00:09.440 27401 29667 I art     : Starting a blocking GC Explicit
08-04 03:00:09.486 27401 29667 I art     : Explicit concurrent mark sweep GC freed 32(880B) AllocSpace objects, 0(0B) LOS objects, 25% free, 47MB/63MB, paused 1.106ms total 45.216ms
08-04 03:00:09.569 30139 30139 D AndroidRuntime: >>>>>> START com.android.internal.os.RuntimeInit uid 2000 <<<<<<
08-04 03:00:09.575 30139 30139 D AndroidRuntime: CheckJNI is OFF
08-04 03:00:09.613 30139 30139 D ICU     : No timezone override file found: /data/misc/zoneinfo/current/icu/icu_tzdata.dat
08-04 03:00:09.649 30139 30139 I Radio-JNI: register_android_hardware_Radio DONE
08-04 03:00:09.670 30139 30139 D AndroidRuntime: Calling main entry com.android.commands.input.Input
08-04 03:00:09.672 30139 30139 I Input   : injectKeyEvent: KeyEvent { action=ACTION_DOWN, keyCode=KEYCODE_BACK, scanCode=0, metaState=0, flags=0x0, repeatCount=0, eventTime=673226085, downTime=673226085, deviceId=-1, source=0x101 }
08-04 03:00:09.679 30139 30139 I Input   : injectKeyEvent: KeyEvent { action=ACTION_UP, keyCode=KEYCODE_BACK, scanCode=0, metaState=0, flags=0x0, repeatCount=0, eventTime=673226085, downTime=673226085, deviceId=-1, source=0x101 }
08-04 03:00:09.693 30139 30139 D AndroidRuntime: Shutting down VM
08-04 03:00:09.697 27401 27401 V PlaybackController: initServiceNotRunning()
08-04 03:00:09.697 27401 27401 D ExternalPlayerFragment: Loading media info
08-04 03:00:09.699 27401 27401 D ItemlistFragment: onEventMainThread() called with: event = [DownloadEvent{update=DownloaderUpdate{downloaders=[], feedIds=[], mediaIds=[]}}]
08-04 03:00:09.700 27401 28337 D ApOkHttpUrlLoader: buildLoadData() called with: model = [http://static.libsyn.com/p/assets/7/1/f/3/71f3014e14ef2722/JREiTunesImage2.jpg], width = [1440], height = [462]
08-04 03:00:09.703 27401 27401 D UserPreferences: Using default data folder
08-04 03:00:09.703 27401 27421 D DBReader: getNavDrawerData() called with: 
08-04 03:00:09.712 27401 27421 D DBReader: getDownloadedItems() called
08-04 03:00:09.713 27401 27421 D DBReader: getFavoriteIDList() called
08-04 03:00:09.714 27401 27421 D DBReader: getQueueIDList() called
08-04 03:00:09.714 27401 27421 D DBReader: Extracting Feedlist
08-04 03:00:09.717 27401 27936 D DBReader: getFeed() called with: feedId = [2]
08-04 03:00:09.717 27401 27936 D DBReader: getFeedItemList() called with: feed = [baseline.de.danoeh.antennapod.core.feed.Feed@2]
08-04 03:00:09.725 27401 27401 D FeedMenuHandler: Preparing options menu
08-04 03:00:09.761 27401 27401 D MainActivity: getLastNavFragment() -> 2
08-04 03:00:09.763 13866 13866 I GoogleInputMethodServic: GoogleInputMethodService.onFinishInput():3138 
08-04 03:00:09.763 13866 13866 I GoogleInputMethodServic: GoogleInputMethodService.onStartInput():1808 
08-04 03:00:09.791 27401 27936 W PodDBAdapter: Length of id array is larger than 800. Creating multiple cursors
08-04 03:00:09.809 27401 27937 I art     : Starting a blocking GC Explicit
08-04 03:00:09.859 27401 27936 D DBReader: getFavoriteIDList() called
08-04 03:00:09.860 27401 27936 D DBReader: getQueueIDList() called
08-04 03:00:09.861 27401 27937 I art     : Explicit concurrent mark sweep GC freed 12699(539KB) AllocSpace objects, 2(36KB) LOS objects, 23% free, 52MB/68MB, paused 1.532ms total 52.451ms
08-04 03:00:09.861 27401 27936 D DBReader: Extracting Feedlist
08-04 03:00:09.864 27401 28337 D ApOkHttpUrlLoader: buildLoadData() called with: model = [http://static.libsyn.com/p/assets/7/1/f/3/71f3014e14ef2722/JREiTunesImage2.jpg], width = [1440], height = [462]
08-04 03:00:09.875 27401 27937 I art     : Starting a blocking GC Explicit
08-04 03:00:09.883 27401 27401 D FeedMenuHandler: Preparing options menu
08-04 03:00:09.922 27401 27937 I art     : Explicit concurrent mark sweep GC freed 31088(2MB) AllocSpace objects, 1(16KB) LOS objects, 23% free, 52MB/68MB, paused 1.232ms total 47.566ms
08-04 03:00:09.936 27401 27937 I art     : Starting a blocking GC Explicit
08-04 03:00:09.983 27401 27937 I art     : Explicit concurrent mark sweep GC freed 798(49KB) AllocSpace objects, 0(0B) LOS objects, 23% free, 52MB/68MB, paused 1.266ms total 46.278ms
08-04 03:00:09.998 27401 27937 I art     : Starting a blocking GC Explicit
08-04 03:00:10.057 27401 27937 I art     : Explicit concurrent mark sweep GC freed 642(42KB) AllocSpace objects, 0(0B) LOS objects, 23% free, 52MB/68MB, paused 1.119ms total 58.771ms
08-04 03:00:10.071 27401 27937 I art     : Starting a blocking GC Explicit
08-04 03:00:10.074   380   380 W SurfaceFlinger: couldn't log to binary event log: overflow.
08-04 03:00:10.116 27401 27937 I art     : Explicit concurrent mark sweep GC freed 504(21KB) AllocSpace objects, 0(0B) LOS objects, 23% free, 52MB/68MB, paused 1.098ms total 44.990ms
08-04 03:00:10.433 27401 29667 I art     : Starting a blocking GC Explicit
08-04 03:00:10.506 27401 29667 I art     : Explicit concurrent mark sweep GC freed 1554(87KB) AllocSpace objects, 1(20KB) LOS objects, 23% free, 52MB/68MB, paused 1.489ms total 72.587ms
08-04 03:00:10.525 27401 29667 I art     : Starting a blocking GC Explicit
08-04 03:00:10.567 27401 29667 I art     : Explicit concurrent mark sweep GC freed 29263(2MB) AllocSpace objects, 3(84KB) LOS objects, 24% free, 50MB/66MB, paused 1.115ms total 42.609ms
08-04 03:00:10.579 27401 29667 I art     : Starting a blocking GC Explicit
08-04 03:00:10.616 27401 29667 I art     : Explicit concurrent mark sweep GC freed 3(96B) AllocSpace objects, 0(0B) LOS objects, 24% free, 50MB/66MB, paused 1.128ms total 36.718ms
08-04 03:00:10.627 27401 29667 I art     : Starting a blocking GC Explicit
08-04 03:00:10.666 27401 29667 I art     : Explicit concurrent mark sweep GC freed 3(96B) AllocSpace objects, 0(0B) LOS objects, 24% free, 50MB/66MB, paused 1.153ms total 38.585ms
08-04 03:00:10.678 27401 29667 I art     : Starting a blocking GC Explicit
08-04 03:00:10.716 27401 29667 I art     : Explicit concurrent mark sweep GC freed 3(96B) AllocSpace objects, 0(0B) LOS objects, 24% free, 50MB/66MB, paused 1.090ms total 38.553ms
08-04 03:00:11.021 27401 27477 I art     : Starting a blocking GC Explicit
08-04 03:00:11.061 27401 27477 I art     : Explicit concurrent mark sweep GC freed 1374(84KB) AllocSpace objects, 1(20KB) LOS objects, 24% free, 50MB/66MB, paused 1.175ms total 39.117ms
08-04 03:00:11.073 27401 27477 I art     : Starting a blocking GC Explicit
08-04 03:00:11.110 27401 27477 I art     : Explicit concurrent mark sweep GC freed 23(752B) AllocSpace objects, 0(0B) LOS objects, 24% free, 50MB/66MB, paused 1.118ms total 37.165ms
08-04 03:00:11.122 27401 27477 I art     : Starting a blocking GC Explicit
08-04 03:00:11.159 27401 27477 I art     : Explicit concurrent mark sweep GC freed 3(96B) AllocSpace objects, 0(0B) LOS objects, 24% free, 50MB/66MB, paused 1.136ms total 37.027ms
08-04 03:00:11.170 27401 27477 I art     : Starting a blocking GC Explicit
08-04 03:00:11.208 27401 27477 I art     : Explicit concurrent mark sweep GC freed 3(96B) AllocSpace objects, 0(0B) LOS objects, 24% free, 50MB/66MB, paused 1.197ms total 37.345ms
08-04 03:00:11.219 27401 27477 I art     : Starting a blocking GC Explicit
08-04 03:00:11.258 27401 27477 I art     : Explicit concurrent mark sweep GC freed 3(96B) AllocSpace objects, 0(0B) LOS objects, 24% free, 50MB/66MB, paused 1.128ms total 38.833ms
08-04 03:00:11.380 30178 30178 D AndroidRuntime: >>>>>> START com.android.internal.os.RuntimeInit uid 2000 <<<<<<
08-04 03:00:11.385 30178 30178 D AndroidRuntime: CheckJNI is OFF
08-04 03:00:11.417 30178 30178 D ICU     : No timezone override file found: /data/misc/zoneinfo/current/icu/icu_tzdata.dat
08-04 03:00:11.449 30178 30178 I Radio-JNI: register_android_hardware_Radio DONE
08-04 03:00:11.471 30178 30178 D AndroidRuntime: Calling main entry com.android.commands.input.Input
08-04 03:00:11.472 30178 30178 I Input   : injectMotionEvent: MotionEvent { action=ACTION_DOWN, actionButton=0, id[0]=0, x[0]=733.0, y[0]=896.0, toolType[0]=TOOL_TYPE_UNKNOWN, buttonState=0, metaState=0, flags=0x0, edgeFlags=0x0, pointerCount=1, historySize=0, eventTime=673227885, downTime=673227885, deviceId=0, source=0x1002 }
08-04 03:00:11.478 30178 30178 I Input   : injectMotionEvent: MotionEvent { action=ACTION_UP, actionButton=0, id[0]=0, x[0]=733.0, y[0]=896.0, toolType[0]=TOOL_TYPE_UNKNOWN, buttonState=0, metaState=0, flags=0x0, edgeFlags=0x0, pointerCount=1, historySize=0, eventTime=673227885, downTime=673227885, deviceId=0, source=0x1002 }
08-04 03:00:11.480 30178 30178 D AndroidRuntime: Shutting down VM
08-04 03:00:11.559 27401 27414 I art     : Starting a blocking GC Explicit
08-04 03:00:11.562   512  2967 D audio_hw_primary: out_set_parameters: enter: usecase(1: low-latency-playback) kvpairs: routing=2
08-04 03:00:11.575   512  2967 D audio_hw_primary: select_devices: out_snd_device(2: speaker) in_snd_device(0: none)
08-04 03:00:11.575   512  2967 D msm8974_platform: platform_send_audio_calibration: sending audio calibration for snd_device(2) acdb_id(15)
08-04 03:00:11.575   512  2967 I soundtrigger: audio_extn_sound_trigger_update_device_status: device 0x2 of type 0 for Event 1
08-04 03:00:11.586   512  2967 D audio_hw_primary: enable_snd_device: snd_device(2: speaker)
08-04 03:00:11.588   512  2967 D audio_hw_primary: enable_audio_route: apply and update mixer path: low-latency-playback speaker
08-04 03:00:11.595 27401 27401 I WebViewFactory: Loading com.google.android.webview version 84.0.4147.89 (code 414708953)
08-04 03:00:11.599 27401 27414 I art     : Explicit concurrent mark sweep GC freed 2408(142KB) AllocSpace objects, 1(20KB) LOS objects, 24% free, 50MB/66MB, paused 1.539ms total 39.772ms
08-04 03:00:11.611 27401 27414 I art     : Starting a blocking GC Explicit
08-04 03:00:11.645 27401 27414 I art     : Explicit concurrent mark sweep GC freed 69(11KB) AllocSpace objects, 0(0B) LOS objects, 24% free, 50MB/66MB, paused 1.004ms total 34.036ms
08-04 03:00:11.655 27401 27414 I art     : Starting a blocking GC Explicit
08-04 03:00:11.689 27401 27414 I art     : Explicit concurrent mark sweep GC freed 30(1264B) AllocSpace objects, 0(0B) LOS objects, 24% free, 50MB/66MB, paused 1.169ms total 33.604ms
08-04 03:00:11.700 27401 27414 I art     : Starting a blocking GC Explicit
08-04 03:00:11.737 27401 27414 I art     : Explicit concurrent mark sweep GC freed 3215(250KB) AllocSpace objects, 0(0B) LOS objects, 23% free, 51MB/67MB, paused 1.653ms total 37.330ms
08-04 03:00:11.750 27401 27414 I art     : Starting a blocking GC Explicit
08-04 03:00:11.757 27401 27401 I cr_LibraryLoader: Loaded native library version number "84.0.4147.89"
08-04 03:00:11.758 27401 27401 I cr_CachingUmaRecorder: Flushed 5 samples from 5 histograms.
08-04 03:00:11.787 27401 27414 I art     : Explicit concurrent mark sweep GC freed 1262(177KB) AllocSpace objects, 2(40KB) LOS objects, 23% free, 51MB/67MB, paused 1.868ms total 36.846ms
08-04 03:00:11.791 27401 27401 E chromium: [ERROR:filesystem_posix.cc(62)] mkdir /data/user/0/baseline.de.danoeh.antennapod.debug/cache/WebView/Crashpad: No such file or directory (2)
08-04 03:00:11.866   918  3696 D ConnectivityService: listenForNetwork for Listen from uid/pid:10670/27401 for NetworkRequest [ id=2571, legacyType=-1, [ Capabilities: INTERNET&NOT_RESTRICTED&TRUSTED] ]
08-04 03:00:11.898 27401 27427 D DBReader: getFeedItem() called with: itemId = [2]
08-04 03:00:11.898 27401 27427 D DBReader: Loading feeditem with id 2
08-04 03:00:11.899 27401 27401 D ItemFragment: onEventMainThread() called with: event = [DownloadEvent{update=DownloaderUpdate{downloaders=[], feedIds=[], mediaIds=[]}}]
08-04 03:00:11.900 27401 27427 D DBReader: getFavoriteIDList() called
08-04 03:00:11.901 27401 27427 D DBReader: getQueueIDList() called
08-04 03:00:11.901 27401 27427 D DBReader: Extracting Feedlist
08-04 03:00:11.903 13866 13866 I GoogleInputMethodServic: GoogleInputMethodService.onFinishInput():3138 
08-04 03:00:11.904 13866 13866 I GoogleInputMethodServic: GoogleInputMethodService.onStartInput():1808 
08-04 03:00:11.911 27401 27401 E libEGL  : validate_display:255 error 3008 (EGL_BAD_DISPLAY)
08-04 03:00:11.912 27401 27427 D DBReader: loadExtraInformationOfFeedItem() called with: item = [FeedItem[autoDownload=1,chapters=<null>,contentEncoded=<null>,description=<null>,feed=baseline.de.danoeh.antennapod.core.feed.Feed@685fe4f,feedId=2,flattrStatus=baseline.de.danoeh.antennapod.core.util.flattr.FlattrStatus@aa389dc,hasChapters=false,imageUrl=http://static.libsyn.com/p/assets/2/7/8/6/278615fe73b1f0ca/JRE1514.jpg,itemIdentifier=a0870b6b-c887-4883-930c-a06d5e1a8f7e,link=http://traffic.libsyn.com/joeroganexp/p1514.mp3,media=baseline.de.danoeh.antennapod.core.feed.FeedMedia@7caeae5,paymentLink=<null>,pubDate=Fri Jul 24 21:00:00 GMT+02:00 2020,state=-1,tags=[],title=#1514 - Joe De Sena,id=2]]
08-04 03:00:11.972   918   935 D BluetoothManagerService: Added callback: android.bluetooth.IBluetoothManagerCallback$Stub$Proxy@baf6e3f:true
08-04 03:00:11.978 27401 28337 D ApOkHttpUrlLoader: buildLoadData() called with: model = [http://static.libsyn.com/p/assets/2/7/8/6/278615fe73b1f0ca/JRE1514.jpg], width = [175], height = [175]
08-04 03:00:11.982 27401 28144 D DBReader: getImageAuthentication() called with: imageUrl = [http://static.libsyn.com/p/assets/2/7/8/6/278615fe73b1f0ca/JRE1514.jpg]
08-04 03:00:11.987 27401 28144 D ApOkHttpUrlLoader: no credentials for 'http://static.libsyn.com/p/assets/2/7/8/6/278615fe73b1f0ca/JRE1514.jpg'
08-04 03:00:12.109 27401 29667 I art     : Starting a blocking GC Explicit
08-04 03:00:12.124 27401 28144 D MYTAG   : interceptor 2a
08-04 03:00:12.124 27401 28144 I NAPPA_EXPERIMENTATION: MetricNetworkRequestExecutionTime: REQUEST_DURATION_SYSTEM='137',REQUEST_DURATION_OKHTTP='136',REQUEST_SYNCHRONOUS='TRUE',RESPONSE_CODE='200',RESPONSE_METHOD='GET',RESPONSE_LENGTH_OKHTTP='364960',RESPONSE_LENGTH_HEADER='364960',REQUEST_PROTOCOL='http/1.1',REQUEST_URL='http://static.libsyn.com/p/assets/2/7/8/6/278615fe73b1f0ca/JRE1514.jpg',
08-04 03:00:12.130   512  2967 D audio_hw_primary: disable_audio_route: reset and update mixer path: low-latency-playback speaker
08-04 03:00:12.132   512  2967 D audio_hw_primary: disable_snd_device: snd_device(2: speaker)
08-04 03:00:12.139   512  2967 I soundtrigger: audio_extn_sound_trigger_update_device_status: device 0x2 of type 0 for Event 0
08-04 03:00:12.158 27401 29667 I art     : Explicit concurrent mark sweep GC freed 8582(644KB) AllocSpace objects, 2(88KB) LOS objects, 23% free, 52MB/68MB, paused 1.402ms total 48.199ms
08-04 03:00:12.169 27401 29667 I art     : Starting a blocking GC Explicit
08-04 03:00:12.204 27401 29667 I art     : Explicit concurrent mark sweep GC freed 1419(93KB) AllocSpace objects, 4(112KB) LOS objects, 23% free, 51MB/67MB, paused 1.304ms total 35.557ms
08-04 03:00:12.215 27401 29667 I art     : Starting a blocking GC Explicit
08-04 03:00:12.251 27401 29667 I art     : Explicit concurrent mark sweep GC freed 37(2176B) AllocSpace objects, 0(0B) LOS objects, 23% free, 51MB/67MB, paused 1.108ms total 35.180ms
08-04 03:00:12.262 27401 29667 I art     : Starting a blocking GC Explicit
08-04 03:00:12.300 27401 29667 I art     : Explicit concurrent mark sweep GC freed 51(2592B) AllocSpace objects, 0(0B) LOS objects, 23% free, 52MB/68MB, paused 1.137ms total 37.695ms
08-04 03:00:12.312 27401 29667 I art     : Starting a blocking GC Explicit
08-04 03:00:12.348 27401 29667 I art     : Explicit concurrent mark sweep GC freed 75(13KB) AllocSpace objects, 0(0B) LOS objects, 23% free, 52MB/68MB, paused 1.474ms total 36.372ms
08-04 03:00:12.704 27401 27937 I art     : Starting a blocking GC Explicit
08-04 03:00:12.717   518   646 I ThermalEngine: ACTION: GPU - Setting GPU[0] to 450000000
08-04 03:00:12.759 27401 27937 I art     : Explicit concurrent mark sweep GC freed 1543(86KB) AllocSpace objects, 1(20KB) LOS objects, 23% free, 52MB/68MB, paused 1.614ms total 54.527ms
08-04 03:00:12.775 27401 27937 I art     : Starting a blocking GC Explicit
08-04 03:00:12.827 27401 27937 I art     : Explicit concurrent mark sweep GC freed 33(1088B) AllocSpace objects, 0(0B) LOS objects, 23% free, 52MB/68MB, paused 1.594ms total 51.475ms
08-04 03:00:12.843 27401 27937 I art     : Starting a blocking GC Explicit
08-04 03:00:12.896 27401 27937 I art     : Explicit concurrent mark sweep GC freed 11(352B) AllocSpace objects, 0(0B) LOS objects, 23% free, 52MB/68MB, paused 1.618ms total 52.620ms
08-04 03:00:12.912 27401 27937 I art     : Starting a blocking GC Explicit
08-04 03:00:12.965 27401 27937 I art     : Explicit concurrent mark sweep GC freed 12(384B) AllocSpace objects, 0(0B) LOS objects, 23% free, 52MB/68MB, paused 2.445ms total 52.616ms
08-04 03:00:12.981 27401 27937 I art     : Starting a blocking GC Explicit
08-04 03:00:13.033 27401 27937 I art     : Explicit concurrent mark sweep GC freed 12(384B) AllocSpace objects, 0(0B) LOS objects, 23% free, 52MB/68MB, paused 1.422ms total 51.196ms
08-04 03:00:13.402 27401 27413 I art     : Starting a blocking GC Explicit
08-04 03:00:13.463 27401 27413 I art     : Explicit concurrent mark sweep GC freed 1434(82KB) AllocSpace objects, 1(20KB) LOS objects, 23% free, 52MB/68MB, paused 1.668ms total 60.755ms
08-04 03:00:13.480 27401 27413 I art     : Starting a blocking GC Explicit
08-04 03:00:13.539 27401 27413 I art     : Explicit concurrent mark sweep GC freed 65(1952B) AllocSpace objects, 0(0B) LOS objects, 23% free, 52MB/68MB, paused 1.764ms total 58.576ms
08-04 03:00:13.555 27401 27413 I art     : Starting a blocking GC Explicit
08-04 03:00:13.610 27401 27413 I art     : Explicit concurrent mark sweep GC freed 18(576B) AllocSpace objects, 0(0B) LOS objects, 23% free, 52MB/68MB, paused 1.697ms total 54.701ms
08-04 03:00:13.626 27401 27413 I art     : Starting a blocking GC Explicit
08-04 03:00:13.682 27401 27413 I art     : Explicit concurrent mark sweep GC freed 19(608B) AllocSpace objects, 0(0B) LOS objects, 23% free, 52MB/68MB, paused 1.635ms total 55.101ms
08-04 03:00:13.698 27401 27413 I art     : Starting a blocking GC Explicit
08-04 03:00:13.752 27401 27413 I art     : Explicit concurrent mark sweep GC freed 24(768B) AllocSpace objects, 0(0B) LOS objects, 23% free, 52MB/68MB, paused 1.476ms total 53.907ms
08-04 03:00:14.149 27401 27413 I art     : Starting a blocking GC Explicit
08-04 03:00:14.219 27401 27413 I art     : Explicit concurrent mark sweep GC freed 1387(81KB) AllocSpace objects, 1(20KB) LOS objects, 23% free, 52MB/68MB, paused 1.781ms total 69.628ms
08-04 03:00:14.235 27401 27413 I art     : Starting a blocking GC Explicit
08-04 03:00:14.295 27401 27413 I art     : Explicit concurrent mark sweep GC freed 23(752B) AllocSpace objects, 0(0B) LOS objects, 23% free, 52MB/68MB, paused 1.650ms total 60.087ms
08-04 03:00:14.316 27401 27413 I art     : Starting a blocking GC Explicit
08-04 03:00:14.372 27401 27413 I art     : Explicit concurrent mark sweep GC freed 3(96B) AllocSpace objects, 0(0B) LOS objects, 23% free, 52MB/68MB, paused 1.655ms total 54.856ms
08-04 03:00:14.388 27401 27413 I art     : Starting a blocking GC Explicit
08-04 03:00:14.447 27401 27413 I art     : Explicit concurrent mark sweep GC freed 3(96B) AllocSpace objects, 0(0B) LOS objects, 23% free, 52MB/68MB, paused 1.656ms total 58.787ms
08-04 03:00:14.466 27401 27413 I art     : Starting a blocking GC Explicit
08-04 03:00:14.523 27401 27413 I art     : Explicit concurrent mark sweep GC freed 32(880B) AllocSpace objects, 0(0B) LOS objects, 23% free, 52MB/68MB, paused 1.568ms total 56.601ms
08-04 03:00:14.927 27401 29667 I art     : Starting a blocking GC Explicit
08-04 03:00:14.996 27401 29667 I art     : Explicit concurrent mark sweep GC freed 1382(82KB) AllocSpace objects, 1(20KB) LOS objects, 23% free, 52MB/68MB, paused 1.777ms total 68.698ms
08-04 03:00:15.016 27401 29667 I art     : Starting a blocking GC Explicit
08-04 03:00:15.078 27401 29667 I art     : Explicit concurrent mark sweep GC freed 23(752B) AllocSpace objects, 0(0B) LOS objects, 23% free, 52MB/68MB, paused 1.802ms total 61.832ms
08-04 03:00:15.097 27401 29667 I art     : Starting a blocking GC Explicit
08-04 03:00:15.157 27401 29667 I art     : Explicit concurrent mark sweep GC freed 3(96B) AllocSpace objects, 0(0B) LOS objects, 23% free, 52MB/68MB, paused 1.675ms total 59.843ms
08-04 03:00:15.173 27401 29667 I art     : Starting a blocking GC Explicit
08-04 03:00:15.229 27401 29667 I art     : Explicit concurrent mark sweep GC freed 3(96B) AllocSpace objects, 0(0B) LOS objects, 23% free, 52MB/68MB, paused 1.635ms total 55.714ms
08-04 03:00:15.245 27401 29667 I art     : Starting a blocking GC Explicit
08-04 03:00:15.305 27401 29667 I art     : Explicit concurrent mark sweep GC freed 3(96B) AllocSpace objects, 0(0B) LOS objects, 23% free, 52MB/68MB, paused 1.746ms total 59.911ms
08-04 03:00:15.697 27401 27477 I art     : Starting a blocking GC Explicit
08-04 03:00:15.761 27401 27477 I art     : Explicit concurrent mark sweep GC freed 1411(81KB) AllocSpace objects, 1(20KB) LOS objects, 23% free, 52MB/68MB, paused 1.610ms total 62.618ms
08-04 03:00:15.776 27401 27477 I art     : Starting a blocking GC Explicit
08-04 03:00:15.825 27401 27477 I art     : Explicit concurrent mark sweep GC freed 23(752B) AllocSpace objects, 0(0B) LOS objects, 23% free, 52MB/68MB, paused 1.660ms total 48.978ms
08-04 03:00:15.840 27401 27477 I art     : Starting a blocking GC Explicit
08-04 03:00:15.891 27401 27477 I art     : Explicit concurrent mark sweep GC freed 3(96B) AllocSpace objects, 0(0B) LOS objects, 23% free, 52MB/68MB, paused 1.609ms total 50.199ms
08-04 03:00:15.905 27401 27477 I art     : Starting a blocking GC Explicit
08-04 03:00:15.957 27401 27477 I art     : Explicit concurrent mark sweep GC freed 3(96B) AllocSpace objects, 0(0B) LOS objects, 23% free, 52MB/68MB, paused 1.645ms total 51.411ms
08-04 03:00:15.972 27401 27477 I art     : Starting a blocking GC Explicit
08-04 03:00:16.024 27401 27477 I art     : Explicit concurrent mark sweep GC freed 3(96B) AllocSpace objects, 0(0B) LOS objects, 23% free, 52MB/68MB, paused 1.675ms total 51.178ms
08-04 03:00:16.284 30299 30299 D AndroidRuntime: >>>>>> START com.android.internal.os.RuntimeInit uid 2000 <<<<<<
08-04 03:00:16.290 30299 30299 D AndroidRuntime: CheckJNI is OFF
08-04 03:00:16.334 30299 30299 D ICU     : No timezone override file found: /data/misc/zoneinfo/current/icu/icu_tzdata.dat
08-04 03:00:16.377 30299 30299 I Radio-JNI: register_android_hardware_Radio DONE
08-04 03:00:16.407 30299 30299 D AndroidRuntime: Calling main entry com.android.commands.input.Input
08-04 03:00:16.410 30299 30299 I Input   : injectKeyEvent: KeyEvent { action=ACTION_DOWN, keyCode=KEYCODE_BACK, scanCode=0, metaState=0, flags=0x0, repeatCount=0, eventTime=673232823, downTime=673232823, deviceId=-1, source=0x101 }
08-04 03:00:16.411 27401 27937 I art     : Starting a blocking GC Explicit
08-04 03:00:16.421 30299 30299 I Input   : injectKeyEvent: KeyEvent { action=ACTION_UP, keyCode=KEYCODE_BACK, scanCode=0, metaState=0, flags=0x0, repeatCount=0, eventTime=673232823, downTime=673232823, deviceId=-1, source=0x101 }
08-04 03:00:16.445 27401 27401 D ItemlistFragment: onEventMainThread() called with: event = [DownloadEvent{update=DownloaderUpdate{downloaders=[], feedIds=[], mediaIds=[]}}]
08-04 03:00:16.447 27401 27421 D DBReader: getFeed() called with: feedId = [2]
08-04 03:00:16.448 30299 30299 D AndroidRuntime: Shutting down VM
08-04 03:00:16.448   918  3263 D ConnectivityService: releasing NetworkRequest NetworkRequest [ id=2571, legacyType=-1, [ Capabilities: INTERNET&NOT_RESTRICTED&TRUSTED] ]
08-04 03:00:16.448 27401 27421 D DBReader: getFeedItemList() called with: feed = [baseline.de.danoeh.antennapod.core.feed.Feed@2]
08-04 03:00:16.469 27401 27937 I art     : Explicit concurrent mark sweep GC freed 2332(135KB) AllocSpace objects, 1(20KB) LOS objects, 23% free, 52MB/68MB, paused 1.775ms total 57.264ms
08-04 03:00:16.484 27401 27937 I art     : Starting a blocking GC Explicit
08-04 03:00:16.494 27401 27401 D FeedMenuHandler: Preparing options menu
08-04 03:00:16.550 27401 27937 I art     : Explicit concurrent mark sweep GC freed 3901(174KB) AllocSpace objects, 0(0B) LOS objects, 22% free, 53MB/69MB, paused 3.144ms total 65.901ms
08-04 03:00:16.552 27401 28337 D ApOkHttpUrlLoader: buildLoadData() called with: model = [http://static.libsyn.com/p/assets/7/1/f/3/71f3014e14ef2722/JREiTunesImage2.jpg], width = [1440], height = [462]
08-04 03:00:16.562 27401 27421 W PodDBAdapter: Length of id array is larger than 800. Creating multiple cursors
08-04 03:00:16.574 27401 27937 I art     : Starting a blocking GC Explicit
08-04 03:00:16.578 13866 13866 I GoogleInputMethodServic: GoogleInputMethodService.onFinishInput():3138 
08-04 03:00:16.579 13866 13866 I GoogleInputMethodServic: GoogleInputMethodService.onStartInput():1808 
08-04 03:00:16.629 27401 27937 I art     : Explicit concurrent mark sweep GC freed 7346(496KB) AllocSpace objects, 7(3MB) LOS objects, 23% free, 53MB/69MB, paused 1.804ms total 55.255ms
08-04 03:00:16.645 27401 27937 I art     : Starting a blocking GC Explicit
08-04 03:00:16.658 27401 27421 D DBReader: getFavoriteIDList() called
08-04 03:00:16.659 27401 27421 D DBReader: getQueueIDList() called
08-04 03:00:16.660 27401 27421 D DBReader: Extracting Feedlist
08-04 03:00:16.664 27401 28337 D ApOkHttpUrlLoader: buildLoadData() called with: model = [http://static.libsyn.com/p/assets/7/1/f/3/71f3014e14ef2722/JREiTunesImage2.jpg], width = [1440], height = [462]
08-04 03:00:16.674 27401 27401 D FeedMenuHandler: Preparing options menu
08-04 03:00:16.708 27401 27937 I art     : Explicit concurrent mark sweep GC freed 32849(2MB) AllocSpace objects, 0(0B) LOS objects, 22% free, 54MB/70MB, paused 9.793ms total 63.255ms
08-04 03:00:16.723 27401 27937 I art     : Starting a blocking GC Explicit
08-04 03:00:16.723   518   646 I ThermalEngine: ACTION: GPU - Setting GPU[0] to 510000000
08-04 03:00:16.768 27401 27937 I art     : Explicit concurrent mark sweep GC freed 2444(102KB) AllocSpace objects, 1(16KB) LOS objects, 22% free, 54MB/70MB, paused 1.167ms total 44.856ms
08-04 03:00:17.077 23402 23402 I ServiceManager: Waiting for service AtCmdFwd...
08-04 03:00:17.105 27401 27413 I art     : Starting a blocking GC Explicit
08-04 03:00:17.160 27401 27413 I art     : Explicit concurrent mark sweep GC freed 2267(144KB) AllocSpace objects, 1(20KB) LOS objects, 22% free, 54MB/70MB, paused 1.350ms total 55.062ms
08-04 03:00:17.176 27401 27413 I art     : Starting a blocking GC Explicit
08-04 03:00:17.220 27401 27413 I art     : Explicit concurrent mark sweep GC freed 38(1584B) AllocSpace objects, 0(0B) LOS objects, 22% free, 54MB/70MB, paused 1.209ms total 44.143ms
08-04 03:00:17.233 27401 27413 I art     : Starting a blocking GC Explicit
08-04 03:00:17.277 27401 27413 I art     : Explicit concurrent mark sweep GC freed 3(96B) AllocSpace objects, 0(0B) LOS objects, 22% free, 54MB/70MB, paused 1.228ms total 43.614ms
08-04 03:00:17.289 27401 27413 I art     : Starting a blocking GC Explicit
08-04 03:00:17.332 27401 27413 I art     : Explicit concurrent mark sweep GC freed 3(96B) AllocSpace objects, 0(0B) LOS objects, 22% free, 54MB/70MB, paused 1.166ms total 43.182ms
08-04 03:00:17.345 27401 27413 I art     : Starting a blocking GC Explicit
08-04 03:00:17.388 27401 27413 I art     : Explicit concurrent mark sweep GC freed 3(96B) AllocSpace objects, 0(0B) LOS objects, 22% free, 54MB/70MB, paused 1.285ms total 43.260ms
08-04 03:00:17.708 27401 27414 I art     : Starting a blocking GC Explicit
08-04 03:00:17.751 27401 27414 I art     : Explicit concurrent mark sweep GC freed 1528(92KB) AllocSpace objects, 1(20KB) LOS objects, 22% free, 54MB/70MB, paused 1.084ms total 42.332ms
08-04 03:00:17.763 27401 27414 I art     : Starting a blocking GC Explicit
08-04 03:00:17.802 27401 27414 I art     : Explicit concurrent mark sweep GC freed 23(752B) AllocSpace objects, 0(0B) LOS objects, 22% free, 54MB/70MB, paused 1.121ms total 39.631ms
08-04 03:00:17.814 27401 27414 I art     : Starting a blocking GC Explicit
08-04 03:00:17.854 27401 27414 I art     : Explicit concurrent mark sweep GC freed 3(96B) AllocSpace objects, 0(0B) LOS objects, 22% free, 54MB/70MB, paused 1.073ms total 39.706ms
08-04 03:00:17.865 27401 27414 I art     : Starting a blocking GC Explicit
08-04 03:00:17.905 27401 27414 I art     : Explicit concurrent mark sweep GC freed 3(96B) AllocSpace objects, 0(0B) LOS objects, 22% free, 54MB/70MB, paused 1.098ms total 40.055ms
08-04 03:00:17.917 27401 27414 I art     : Starting a blocking GC Explicit
08-04 03:00:17.957 27401 27414 I art     : Explicit concurrent mark sweep GC freed 3(96B) AllocSpace objects, 0(0B) LOS objects, 22% free, 54MB/70MB, paused 1.131ms total 39.785ms
08-04 03:00:18.078 23402 23402 I ServiceManager: Waiting for service AtCmdFwd...
08-04 03:00:18.117 30344 30344 D AndroidRuntime: >>>>>> START com.android.internal.os.RuntimeInit uid 2000 <<<<<<
08-04 03:00:18.122 30344 30344 D AndroidRuntime: CheckJNI is OFF
08-04 03:00:18.154 30344 30344 D ICU     : No timezone override file found: /data/misc/zoneinfo/current/icu/icu_tzdata.dat
08-04 03:00:18.187 30344 30344 I Radio-JNI: register_android_hardware_Radio DONE
08-04 03:00:18.208 30344 30344 D AndroidRuntime: Calling main entry com.android.commands.input.Input
08-04 03:00:18.210 30344 30344 I Input   : injectMotionEvent: MotionEvent { action=ACTION_DOWN, actionButton=0, id[0]=0, x[0]=103.0, y[0]=192.0, toolType[0]=TOOL_TYPE_UNKNOWN, buttonState=0, metaState=0, flags=0x0, edgeFlags=0x0, pointerCount=1, historySize=0, eventTime=673234623, downTime=673234623, deviceId=0, source=0x1002 }
08-04 03:00:18.216 30344 30344 I Input   : injectMotionEvent: MotionEvent { action=ACTION_UP, actionButton=0, id[0]=0, x[0]=103.0, y[0]=192.0, toolType[0]=TOOL_TYPE_UNKNOWN, buttonState=0, metaState=0, flags=0x0, edgeFlags=0x0, pointerCount=1, historySize=0, eventTime=673234623, downTime=673234623, deviceId=0, source=0x1002 }
08-04 03:00:18.217 30344 30344 D AndroidRuntime: Shutting down VM
08-04 03:00:18.236   512  2967 D audio_hw_primary: out_set_parameters: enter: usecase(1: low-latency-playback) kvpairs: routing=2
08-04 03:00:18.248   512  2967 D audio_hw_primary: select_devices: out_snd_device(2: speaker) in_snd_device(0: none)
08-04 03:00:18.249   512  2967 D msm8974_platform: platform_send_audio_calibration: sending audio calibration for snd_device(2) acdb_id(15)
08-04 03:00:18.249   512  2967 I soundtrigger: audio_extn_sound_trigger_update_device_status: device 0x2 of type 0 for Event 1
08-04 03:00:18.258   512  2967 D audio_hw_primary: enable_snd_device: snd_device(2: speaker)
08-04 03:00:18.260   512  2967 D audio_hw_primary: enable_audio_route: apply and update mixer path: low-latency-playback speaker
08-04 03:00:18.297 27401 27937 I art     : Starting a blocking GC Explicit
08-04 03:00:18.339 27401 27937 I art     : Explicit concurrent mark sweep GC freed 1834(104KB) AllocSpace objects, 1(20KB) LOS objects, 22% free, 54MB/70MB, paused 1.195ms total 42.645ms
08-04 03:00:18.352 27401 27937 I art     : Starting a blocking GC Explicit
08-04 03:00:18.394 27401 27937 I art     : Explicit concurrent mark sweep GC freed 35(1296B) AllocSpace objects, 0(0B) LOS objects, 22% free, 54MB/70MB, paused 1.071ms total 41.371ms
08-04 03:00:18.406 27401 27937 I art     : Starting a blocking GC Explicit
08-04 03:00:18.445 27401 27937 I art     : Explicit concurrent mark sweep GC freed 3(96B) AllocSpace objects, 0(0B) LOS objects, 22% free, 54MB/70MB, paused 953us total 38.463ms
08-04 03:00:18.456 27401 27937 I art     : Starting a blocking GC Explicit
08-04 03:00:18.492 27401 27937 I art     : Explicit concurrent mark sweep GC freed 34(944B) AllocSpace objects, 0(0B) LOS objects, 22% free, 54MB/70MB, paused 942us total 35.900ms
08-04 03:00:18.503 27401 27937 I art     : Starting a blocking GC Explicit
08-04 03:00:18.540 27401 27937 I art     : Explicit concurrent mark sweep GC freed 3(96B) AllocSpace objects, 0(0B) LOS objects, 22% free, 54MB/70MB, paused 1.004ms total 36.245ms
08-04 03:00:18.799   512  2967 D audio_hw_primary: disable_audio_route: reset and update mixer path: low-latency-playback speaker
08-04 03:00:18.801   512  2967 D audio_hw_primary: disable_snd_device: snd_device(2: speaker)
08-04 03:00:18.809   512  2967 I soundtrigger: audio_extn_sound_trigger_update_device_status: device 0x2 of type 0 for Event 0
08-04 03:00:18.858 27401 27937 I art     : Starting a blocking GC Explicit
08-04 03:00:18.901 27401 27937 I art     : Explicit concurrent mark sweep GC freed 2087(107KB) AllocSpace objects, 1(20KB) LOS objects, 22% free, 54MB/70MB, paused 1.076ms total 42.987ms
08-04 03:00:18.913 27401 27937 I art     : Starting a blocking GC Explicit
08-04 03:00:18.955 27401 27937 I art     : Explicit concurrent mark sweep GC freed 31(1008B) AllocSpace objects, 0(0B) LOS objects, 22% free, 54MB/70MB, paused 1.071ms total 41.941ms
08-04 03:00:18.967 27401 27937 I art     : Starting a blocking GC Explicit
08-04 03:00:19.008 27401 27937 I art     : Explicit concurrent mark sweep GC freed 5(160B) AllocSpace objects, 0(0B) LOS objects, 22% free, 54MB/70MB, paused 1.138ms total 41.172ms
08-04 03:00:19.020 27401 27937 I art     : Starting a blocking GC Explicit
08-04 03:00:19.062 27401 27937 I art     : Explicit concurrent mark sweep GC freed 3(96B) AllocSpace objects, 0(0B) LOS objects, 22% free, 54MB/70MB, paused 1.082ms total 42.106ms
08-04 03:00:19.074 27401 27937 I art     : Starting a blocking GC Explicit
08-04 03:00:19.079 23402 23402 I ServiceManager: Waiting for service AtCmdFwd...
08-04 03:00:19.117 27401 27937 I art     : Explicit concurrent mark sweep GC freed 3(96B) AllocSpace objects, 0(0B) LOS objects, 22% free, 54MB/70MB, paused 1.158ms total 42.332ms
08-04 03:00:19.458 27401 27414 I art     : Starting a blocking GC Explicit
08-04 03:00:19.506 27401 27414 I art     : Explicit concurrent mark sweep GC freed 2299(114KB) AllocSpace objects, 1(20KB) LOS objects, 22% free, 54MB/70MB, paused 1.167ms total 47.707ms
08-04 03:00:19.518 27401 27414 I art     : Starting a blocking GC Explicit
08-04 03:00:19.557 27401 27414 I art     : Explicit concurrent mark sweep GC freed 23(752B) AllocSpace objects, 0(0B) LOS objects, 22% free, 54MB/70MB, paused 1.178ms total 39.060ms
08-04 03:00:19.569 27401 27414 I art     : Starting a blocking GC Explicit
08-04 03:00:19.609 27401 27414 I art     : Explicit concurrent mark sweep GC freed 3(96B) AllocSpace objects, 0(0B) LOS objects, 22% free, 54MB/70MB, paused 1.126ms total 39.639ms
08-04 03:00:19.620 27401 27414 I art     : Starting a blocking GC Explicit
08-04 03:00:19.660 27401 27414 I art     : Explicit concurrent mark sweep GC freed 3(96B) AllocSpace objects, 0(0B) LOS objects, 22% free, 54MB/70MB, paused 1.163ms total 39.805ms
08-04 03:00:19.672 27401 27414 I art     : Starting a blocking GC Explicit
08-04 03:00:19.712 27401 27414 I art     : Explicit concurrent mark sweep GC freed 3(96B) AllocSpace objects, 0(0B) LOS objects, 22% free, 54MB/70MB, paused 1.186ms total 39.951ms
08-04 03:00:19.872 30387 30387 D AndroidRuntime: >>>>>> START com.android.internal.os.RuntimeInit uid 2000 <<<<<<
08-04 03:00:19.877 30387 30387 D AndroidRuntime: CheckJNI is OFF
08-04 03:00:19.909 30387 30387 D ICU     : No timezone override file found: /data/misc/zoneinfo/current/icu/icu_tzdata.dat
08-04 03:00:19.943 30387 30387 I Radio-JNI: register_android_hardware_Radio DONE
08-04 03:00:19.965 30387 30387 D AndroidRuntime: Calling main entry com.android.commands.input.Input
08-04 03:00:19.967 30387 30387 I Input   : injectMotionEvent: MotionEvent { action=ACTION_DOWN, actionButton=0, id[0]=0, x[0]=409.0, y[0]=1034.0, toolType[0]=TOOL_TYPE_UNKNOWN, buttonState=0, metaState=0, flags=0x0, edgeFlags=0x0, pointerCount=1, historySize=0, eventTime=673236380, downTime=673236380, deviceId=0, source=0x1002 }
08-04 03:00:19.971 30387 30387 I Input   : injectMotionEvent: MotionEvent { action=ACTION_UP, actionButton=0, id[0]=0, x[0]=409.0, y[0]=1034.0, toolType[0]=TOOL_TYPE_UNKNOWN, buttonState=0, metaState=0, flags=0x0, edgeFlags=0x0, pointerCount=1, historySize=0, eventTime=673236380, downTime=673236380, deviceId=0, source=0x1002 }
08-04 03:00:19.973 30387 30387 D AndroidRuntime: Shutting down VM
08-04 03:00:20.020 27401 27937 I art     : Starting a blocking GC Explicit
08-04 03:00:20.053 27401 27401 D MainActivity: loadFragment(index: 5, args: null)
08-04 03:00:20.054 27401 27401 D MainActivity: loadFragment(tag: AddFeedFragment, args: null)
08-04 03:00:20.054 27401 27401 D MainActivity: saveLastNavFragment(tag: AddFeedFragment)
08-04 03:00:20.054 27401 27401 D MainActivity: getLastNavFragment() -> AddFeedFragment
08-04 03:00:20.056   512  2967 D audio_hw_primary: out_set_parameters: enter: usecase(1: low-latency-playback) kvpairs: routing=2
08-04 03:00:20.066 27401 27937 I art     : Explicit concurrent mark sweep GC freed 1515(100KB) AllocSpace objects, 2(40KB) LOS objects, 22% free, 54MB/70MB, paused 1.187ms total 46.152ms
08-04 03:00:20.070   512  2967 D audio_hw_primary: select_devices: out_snd_device(2: speaker) in_snd_device(0: none)
08-04 03:00:20.070   512  2967 D msm8974_platform: platform_send_audio_calibration: sending audio calibration for snd_device(2) acdb_id(15)
08-04 03:00:20.070   512  2967 I soundtrigger: audio_extn_sound_trigger_update_device_status: device 0x2 of type 0 for Event 1
08-04 03:00:20.079   512  2967 D audio_hw_primary: enable_snd_device: snd_device(2: speaker)
08-04 03:00:20.079 23402 23402 I ServiceManager: Waiting for service AtCmdFwd...
08-04 03:00:20.080 27401 27937 I art     : Starting a blocking GC Explicit
08-04 03:00:20.081   512  2967 D audio_hw_primary: enable_audio_route: apply and update mixer path: low-latency-playback speaker
08-04 03:00:20.096 13866 13866 I GoogleInputMethodServic: GoogleInputMethodService.onFinishInput():3138 
08-04 03:00:20.097 13866 13866 I GoogleInputMethodServic: GoogleInputMethodService.onStartInput():1808 
08-04 03:00:20.121 27401 27937 I art     : Explicit concurrent mark sweep GC freed 2251(97KB) AllocSpace objects, 0(0B) LOS objects, 22% free, 54MB/70MB, paused 1.265ms total 40.852ms
08-04 03:00:20.131 27401 27937 I art     : Starting a blocking GC Explicit
08-04 03:00:20.170 27401 27937 I art     : Explicit concurrent mark sweep GC freed 340(20KB) AllocSpace objects, 0(0B) LOS objects, 22% free, 54MB/70MB, paused 943us total 38.233ms
08-04 03:00:20.181 27401 27937 I art     : Starting a blocking GC Explicit
08-04 03:00:20.214 27401 27937 I art     : Explicit concurrent mark sweep GC freed 31162(2MB) AllocSpace objects, 9(3MB) LOS objects, 24% free, 48MB/64MB, paused 944us total 32.220ms
08-04 03:00:20.224 27401 27937 I art     : Starting a blocking GC Explicit
08-04 03:00:20.252 27401 27937 I art     : Explicit concurrent mark sweep GC freed 7(224B) AllocSpace objects, 0(0B) LOS objects, 24% free, 48MB/64MB, paused 996us total 28.556ms
08-04 03:00:20.501 13866 13866 I GoogleInputMethodServic: GoogleInputMethodService.onFinishInput():3138 
08-04 03:00:20.503 13866 13866 I GoogleInputMethodServic: GoogleInputMethodService.onStartInput():1808 
08-04 03:00:20.545 27401 27414 I art     : Starting a blocking GC Explicit
08-04 03:00:20.577 27401 27414 I art     : Explicit concurrent mark sweep GC freed 1658(93KB) AllocSpace objects, 1(20KB) LOS objects, 24% free, 48MB/64MB, paused 956us total 32.043ms
08-04 03:00:20.588 27401 27414 I art     : Starting a blocking GC Explicit
08-04 03:00:20.619   512  2967 D audio_hw_primary: disable_audio_route: reset and update mixer path: low-latency-playback speaker
08-04 03:00:20.620   512  2967 D audio_hw_primary: disable_snd_device: snd_device(2: speaker)
08-04 03:00:20.621 27401 27414 I art     : Explicit concurrent mark sweep GC freed 120(6KB) AllocSpace objects, 0(0B) LOS objects, 24% free, 48MB/64MB, paused 969us total 32.225ms
08-04 03:00:20.628   512  2967 I soundtrigger: audio_extn_sound_trigger_update_device_status: device 0x2 of type 0 for Event 0
08-04 03:00:20.631 27401 27414 I art     : Starting a blocking GC Explicit
08-04 03:00:20.662 27401 27414 I art     : Explicit concurrent mark sweep GC freed 3(96B) AllocSpace objects, 0(0B) LOS objects, 24% free, 48MB/64MB, paused 957us total 30.213ms
08-04 03:00:20.672 27401 27414 I art     : Starting a blocking GC Explicit
08-04 03:00:20.703 27401 27414 I art     : Explicit concurrent mark sweep GC freed 3(96B) AllocSpace objects, 0(0B) LOS objects, 24% free, 48MB/64MB, paused 943us total 30.691ms
08-04 03:00:20.713 27401 27414 I art     : Starting a blocking GC Explicit
08-04 03:00:20.732   518   646 I ThermalEngine: ACTION: GPU - Setting GPU[0] to 450000000
08-04 03:00:20.751 27401 27414 I art     : Explicit concurrent mark sweep GC freed 5(160B) AllocSpace objects, 0(0B) LOS objects, 24% free, 48MB/64MB, paused 1.435ms total 37.621ms
08-04 03:00:21.080 23402 23402 I ServiceManager: Waiting for service AtCmdFwd...
08-04 03:00:21.091 27401 29667 I art     : Starting a blocking GC Explicit
08-04 03:00:21.134 27401 29667 I art     : Explicit concurrent mark sweep GC freed 1380(81KB) AllocSpace objects, 1(20KB) LOS objects, 24% free, 48MB/64MB, paused 1.422ms total 42.842ms
08-04 03:00:21.150 27401 29667 I art     : Starting a blocking GC Explicit
08-04 03:00:21.190 27401 29667 I art     : Explicit concurrent mark sweep GC freed 25(816B) AllocSpace objects, 0(0B) LOS objects, 24% free, 48MB/64MB, paused 1.412ms total 39.078ms
08-04 03:00:21.202 27401 29667 I art     : Starting a blocking GC Explicit
08-04 03:00:21.240 27401 29667 I art     : Explicit concurrent mark sweep GC freed 3(96B) AllocSpace objects, 0(0B) LOS objects, 24% free, 48MB/64MB, paused 1.486ms total 38.015ms
08-04 03:00:21.253 27401 29667 I art     : Starting a blocking GC Explicit
08-04 03:00:21.291 27401 29667 I art     : Explicit concurrent mark sweep GC freed 3(96B) AllocSpace objects, 0(0B) LOS objects, 24% free, 48MB/64MB, paused 1.396ms total 38.178ms
08-04 03:00:21.303 27401 29667 I art     : Starting a blocking GC Explicit
08-04 03:00:21.342 27401 29667 I art     : Explicit concurrent mark sweep GC freed 3(96B) AllocSpace objects, 0(0B) LOS objects, 24% free, 48MB/64MB, paused 1.417ms total 38.537ms
08-04 03:00:21.680 27401 27937 I art     : Starting a blocking GC Explicit
08-04 03:00:21.727 27401 27937 I art     : Explicit concurrent mark sweep GC freed 1412(81KB) AllocSpace objects, 1(20KB) LOS objects, 24% free, 48MB/64MB, paused 1.893ms total 47.181ms
08-04 03:00:21.741 27401 27937 I art     : Starting a blocking GC Explicit
08-04 03:00:21.758 30432 30432 D AndroidRuntime: >>>>>> START com.android.internal.os.RuntimeInit uid 2000 <<<<<<
08-04 03:00:21.764 30432 30432 D AndroidRuntime: CheckJNI is OFF
08-04 03:00:21.780 27401 27937 I art     : Explicit concurrent mark sweep GC freed 30(976B) AllocSpace objects, 0(0B) LOS objects, 24% free, 48MB/64MB, paused 1.399ms total 38.923ms
08-04 03:00:21.792 27401 27937 I art     : Starting a blocking GC Explicit
08-04 03:00:21.808 30432 30432 D ICU     : No timezone override file found: /data/misc/zoneinfo/current/icu/icu_tzdata.dat
08-04 03:00:21.829 27401 27937 I art     : Explicit concurrent mark sweep GC freed 8(256B) AllocSpace objects, 0(0B) LOS objects, 24% free, 48MB/64MB, paused 1.440ms total 36.321ms
08-04 03:00:21.841 27401 27937 I art     : Starting a blocking GC Explicit
08-04 03:00:21.852 30432 30432 I Radio-JNI: register_android_hardware_Radio DONE
08-04 03:00:21.878 27401 27937 I art     : Explicit concurrent mark sweep GC freed 9(288B) AllocSpace objects, 0(0B) LOS objects, 24% free, 48MB/64MB, paused 1.384ms total 36.321ms
08-04 03:00:21.881 30432 30432 D AndroidRuntime: Calling main entry com.android.commands.input.Input
08-04 03:00:21.884 30432 30432 I Input   : injectMotionEvent: MotionEvent { action=ACTION_DOWN, actionButton=0, id[0]=0, x[0]=603.0, y[0]=1061.0, toolType[0]=TOOL_TYPE_UNKNOWN, buttonState=0, metaState=0, flags=0x0, edgeFlags=0x0, pointerCount=1, historySize=0, eventTime=673238296, downTime=673238296, deviceId=0, source=0x1002 }
08-04 03:00:21.890 27401 27937 I art     : Starting a blocking GC Explicit
08-04 03:00:21.893 30432 30432 I Input   : injectMotionEvent: MotionEvent { action=ACTION_UP, actionButton=0, id[0]=0, x[0]=603.0, y[0]=1061.0, toolType[0]=TOOL_TYPE_UNKNOWN, buttonState=0, metaState=0, flags=0x0, edgeFlags=0x0, pointerCount=1, historySize=0, eventTime=673238296, downTime=673238296, deviceId=0, source=0x1002 }
08-04 03:00:21.895 30432 30432 D AndroidRuntime: Shutting down VM
08-04 03:00:21.909   512  2967 D audio_hw_primary: out_set_parameters: enter: usecase(1: low-latency-playback) kvpairs: routing=2
08-04 03:00:21.922   512  2967 D audio_hw_primary: select_devices: out_snd_device(2: speaker) in_snd_device(0: none)
08-04 03:00:21.922   512  2967 D msm8974_platform: platform_send_audio_calibration: sending audio calibration for snd_device(2) acdb_id(15)
08-04 03:00:21.922   512  2967 I soundtrigger: audio_extn_sound_trigger_update_device_status: device 0x2 of type 0 for Event 1
08-04 03:00:21.930 27401 27937 I art     : Explicit concurrent mark sweep GC freed 575(26KB) AllocSpace objects, 0(0B) LOS objects, 24% free, 49MB/65MB, paused 1.865ms total 39.539ms
08-04 03:00:21.931   512  2967 D audio_hw_primary: enable_snd_device: snd_device(2: speaker)
08-04 03:00:21.933   512  2967 D audio_hw_primary: enable_audio_route: apply and update mixer path: low-latency-playback speaker
08-04 03:00:21.984 13866 13866 I GoogleInputMethodServic: GoogleInputMethodService.onFinishInput():3138 
08-04 03:00:21.984 13866 13866 I GoogleInputMethodServic: GoogleInputMethodService.onStartInput():1808 
08-04 03:00:22.080 23402 23402 W Atfwd_Sendcmd: AtCmdFwd service not published, waiting... retryCnt : 3
08-04 03:00:22.253 27401 27413 I art     : Starting a blocking GC Explicit
08-04 03:00:22.296 27401 27413 I art     : Explicit concurrent mark sweep GC freed 4350(319KB) AllocSpace objects, 1(20KB) LOS objects, 24% free, 49MB/65MB, paused 1.616ms total 43.044ms
08-04 03:00:22.309 27401 27413 I art     : Starting a blocking GC Explicit
08-04 03:00:22.350 27401 27413 I art     : Explicit concurrent mark sweep GC freed 1826(90KB) AllocSpace objects, 1(220KB) LOS objects, 24% free, 49MB/65MB, paused 1.592ms total 40.175ms
08-04 03:00:22.362 27401 27413 I art     : Starting a blocking GC Explicit
08-04 03:00:22.400 27401 27413 I art     : Explicit concurrent mark sweep GC freed 33(1248B) AllocSpace objects, 0(0B) LOS objects, 24% free, 49MB/65MB, paused 1.484ms total 37.554ms
08-04 03:00:22.413 27401 27413 I art     : Starting a blocking GC Explicit
08-04 03:00:22.452 27401 27413 I art     : Explicit concurrent mark sweep GC freed 33(1248B) AllocSpace objects, 0(0B) LOS objects, 24% free, 49MB/65MB, paused 1.456ms total 38.751ms
08-04 03:00:22.464 27401 27413 I art     : Starting a blocking GC Explicit
08-04 03:00:22.478   512  2967 D audio_hw_primary: disable_audio_route: reset and update mixer path: low-latency-playback speaker
08-04 03:00:22.479   512  2967 D audio_hw_primary: disable_snd_device: snd_device(2: speaker)
08-04 03:00:22.487   512  2967 I soundtrigger: audio_extn_sound_trigger_update_device_status: device 0x2 of type 0 for Event 0
08-04 03:00:22.502 27401 27413 I art     : Explicit concurrent mark sweep GC freed 62(2032B) AllocSpace objects, 0(0B) LOS objects, 24% free, 49MB/65MB, paused 1.544ms total 38.363ms
08-04 03:00:22.798 27401 30456 I NAPPA_EXPERIMENTATION: MetricNetworkRequestExecutionTime: REQUEST_DURATION_SYSTEM='828',REQUEST_DURATION_OKHTTP='34',REQUEST_SYNCHRONOUS='TRUE',RESPONSE_CODE='200',RESPONSE_METHOD='GET',RESPONSE_LENGTH_OKHTTP='37507',RESPONSE_LENGTH_HEADER='37507',REQUEST_PROTOCOL='http/1.1',REQUEST_URL='https://gpodder.net/toplist/50.json',
08-04 03:00:22.813 27401 30457 I NAPPA_EXPERIMENTATION: MetricNetworkRequestExecutionTime: REQUEST_DURATION_SYSTEM='839',REQUEST_DURATION_OKHTTP='52',REQUEST_SYNCHRONOUS='TRUE',RESPONSE_CODE='200',RESPONSE_METHOD='GET',RESPONSE_LENGTH_OKHTTP='2923',RESPONSE_LENGTH_HEADER='2923',REQUEST_PROTOCOL='http/1.1',REQUEST_URL='https://gpodder.net/api/2/tags/50.json',
08-04 03:00:22.840 27401 27414 I art     : Starting a blocking GC Explicit
08-04 03:00:22.848 27401 28337 D ApOkHttpUrlLoader: buildLoadData() called with: model = [http://sixgun.org/files/linuxoutlaws.jpg], width = [224], height = [224]
08-04 03:00:22.849 27401 28144 D DBReader: getImageAuthentication() called with: imageUrl = [http://sixgun.org/files/linuxoutlaws.jpg]
08-04 03:00:22.853 27401 28144 D ApOkHttpUrlLoader: no credentials for 'http://sixgun.org/files/linuxoutlaws.jpg'
08-04 03:00:22.863 27401 28337 D ApOkHttpUrlLoader: buildLoadData() called with: model = [https://files.thisamericanlife.org/sites/all/themes/thislife/img/tal-name-1400x1400.png], width = [224], height = [224]
08-04 03:00:22.864 27401 28135 D DBReader: getImageAuthentication() called with: imageUrl = [https://files.thisamericanlife.org/sites/all/themes/thislife/img/tal-name-1400x1400.png]
08-04 03:00:22.868 27401 28135 D ApOkHttpUrlLoader: no credentials for 'https://files.thisamericanlife.org/sites/all/themes/thislife/img/tal-name-1400x1400.png'
08-04 03:00:22.869 27401 28337 D ApOkHttpUrlLoader: buildLoadData() called with: model = [https://elroy.twit.tv/sites/default/files/styles/twit_album_art_2048x2048/public/images/shows/floss_weekly/album_art/audio/floss_albumart_mask.jpg?itok=IUjxKpwt], width = [224], height = [224]
08-04 03:00:22.871 27401 28141 D DBReader: getImageAuthentication() called with: imageUrl = [https://elroy.twit.tv/sites/default/files/styles/twit_album_art_2048x2048/public/images/shows/floss_weekly/album_art/audio/floss_albumart_mask.jpg?itok=IUjxKpwt]
08-04 03:00:22.875 27401 28141 D ApOkHttpUrlLoader: no credentials for 'https://elroy.twit.tv/sites/default/files/styles/twit_album_art_2048x2048/public/images/shows/floss_weekly/album_art/audio/floss_albumart_mask.jpg?itok=IUjxKpwt'
08-04 03:00:22.877 27401 28337 D ApOkHttpUrlLoader: buildLoadData() called with: model = [http://ichef.bbci.co.uk/images/ic/3000x3000/p07kfvzb.jpg], width = [224], height = [224]
08-04 03:00:22.878 27401 28139 D DBReader: getImageAuthentication() called with: imageUrl = [http://ichef.bbci.co.uk/images/ic/3000x3000/p07kfvzb.jpg]
08-04 03:00:22.884 27401 27414 I art     : Explicit concurrent mark sweep GC freed 10306(636KB) AllocSpace objects, 4(212KB) LOS objects, 24% free, 49MB/65MB, paused 2.425ms total 43.676ms
08-04 03:00:22.885 27401 28139 D ApOkHttpUrlLoader: no credentials for 'http://ichef.bbci.co.uk/images/ic/3000x3000/p07kfvzb.jpg'
08-04 03:00:22.885 27401 28337 D ApOkHttpUrlLoader: buildLoadData() called with: model = [https://pl.tedcdn.com/rss_feed_images/ted_talks_main_podcast/video.png], width = [224], height = [224]
08-04 03:00:22.887 27401 28143 D DBReader: getImageAuthentication() called with: imageUrl = [https://pl.tedcdn.com/rss_feed_images/ted_talks_main_podcast/video.png]
08-04 03:00:22.887 27401 28144 D DBWriter: updateFeedDownloadURL(original: http://sixgun.org/files/linuxoutlaws.jpg, updated: https://fab.industries/sixgun/files/linuxoutlaws.jpg)
08-04 03:00:22.890 27401 28143 D ApOkHttpUrlLoader: no credentials for 'https://pl.tedcdn.com/rss_feed_images/ted_talks_main_podcast/video.png'
08-04 03:00:22.891 27401 28337 D ApOkHttpUrlLoader: buildLoadData() called with: model = [https://elroy.twit.tv/sites/default/files/styles/twit_album_art_2048x2048/public/images/shows/this_week_in_tech/album_art/audio/twit1400audio.jpg?itok=J0vhatZb], width = [224], height = [224]
08-04 03:00:22.893 27401 28137 D DBReader: getImageAuthentication() called with: imageUrl = [https://elroy.twit.tv/sites/default/files/styles/twit_album_art_2048x2048/public/images/shows/this_week_in_tech/album_art/audio/twit1400audio.jpg?itok=J0vhatZb]
08-04 03:00:22.896 27401 27414 I art     : Starting a blocking GC Explicit
08-04 03:00:22.898 27401 28137 D ApOkHttpUrlLoader: no credentials for 'https://elroy.twit.tv/sites/default/files/styles/twit_album_art_2048x2048/public/images/shows/this_week_in_tech/album_art/audio/twit1400audio.jpg?itok=J0vhatZb'
08-04 03:00:22.900 27401 28337 D ApOkHttpUrlLoader: buildLoadData() called with: model = [http://ichef.bbci.co.uk/images/ic/3000x3000/p03gtk3j.jpg], width = [224], height = [224]
08-04 03:00:22.902 27401 28142 D DBReader: getImageAuthentication() called with: imageUrl = [http://ichef.bbci.co.uk/images/ic/3000x3000/p03gtk3j.jpg]
08-04 03:00:22.907 27401 28142 D ApOkHttpUrlLoader: no credentials for 'http://ichef.bbci.co.uk/images/ic/3000x3000/p03gtk3j.jpg'
08-04 03:00:22.938 27401 27414 I art     : Explicit concurrent mark sweep GC freed 2380(171KB) AllocSpace objects, 0(0B) LOS objects, 24% free, 49MB/65MB, paused 2.421ms total 42.306ms
08-04 03:00:22.945 27401 28139 D MYTAG   : interceptor 2a
08-04 03:00:22.946 27401 28139 I NAPPA_EXPERIMENTATION: MetricNetworkRequestExecutionTime: REQUEST_DURATION_SYSTEM='60',REQUEST_DURATION_OKHTTP='56',REQUEST_SYNCHRONOUS='TRUE',RESPONSE_CODE='200',RESPONSE_METHOD='GET',RESPONSE_LENGTH_OKHTTP='589826',RESPONSE_LENGTH_HEADER='589826',REQUEST_PROTOCOL='http/1.1',REQUEST_URL='http://ichef.bbci.co.uk/images/ic/3000x3000/p07kfvzb.jpg',
08-04 03:00:22.950 27401 27414 I art     : Starting a blocking GC Explicit
08-04 03:00:22.981 27401 28142 D MYTAG   : interceptor 2a
08-04 03:00:22.982 27401 28142 I NAPPA_EXPERIMENTATION: MetricNetworkRequestExecutionTime: REQUEST_DURATION_SYSTEM='74',REQUEST_DURATION_OKHTTP='71',REQUEST_SYNCHRONOUS='TRUE',RESPONSE_CODE='200',RESPONSE_METHOD='GET',RESPONSE_LENGTH_OKHTTP='814284',RESPONSE_LENGTH_HEADER='814284',REQUEST_PROTOCOL='http/1.1',REQUEST_URL='http://ichef.bbci.co.uk/images/ic/3000x3000/p03gtk3j.jpg',
08-04 03:00:22.990 27401 27414 I art     : Explicit concurrent mark sweep GC freed 977(66KB) AllocSpace objects, 0(0B) LOS objects, 24% free, 49MB/65MB, paused 1.714ms total 39.299ms
08-04 03:00:23.002 27401 27414 I art     : Starting a blocking GC Explicit
08-04 03:00:23.043 27401 27414 I art     : Explicit concurrent mark sweep GC freed 408(18KB) AllocSpace objects, 0(0B) LOS objects, 24% free, 49MB/65MB, paused 1.956ms total 41.441ms
08-04 03:00:23.056 27401 27414 I art     : Starting a blocking GC Explicit
08-04 03:00:23.099 27401 27414 I art     : Explicit concurrent mark sweep GC freed 7997(316KB) AllocSpace objects, 0(0B) LOS objects, 24% free, 49MB/65MB, paused 1.914ms total 42.679ms
08-04 03:00:23.115 27401 28135 D MYTAG   : interceptor 2a
08-04 03:00:23.116 27401 28135 I NAPPA_EXPERIMENTATION: MetricNetworkRequestExecutionTime: REQUEST_DURATION_SYSTEM='247',REQUEST_DURATION_OKHTTP='44',REQUEST_SYNCHRONOUS='TRUE',RESPONSE_CODE='200',RESPONSE_METHOD='GET',RESPONSE_LENGTH_OKHTTP='52553',RESPONSE_LENGTH_HEADER='52553',REQUEST_PROTOCOL='http/1.1',REQUEST_URL='https://files.thisamericanlife.org/sites/all/themes/thislife/img/tal-name-1400x1400.png',
08-04 03:00:23.292 27401 28141 D MYTAG   : interceptor 2a
08-04 03:00:23.292 27401 28141 I NAPPA_EXPERIMENTATION: MetricNetworkRequestExecutionTime: REQUEST_DURATION_SYSTEM='417',REQUEST_DURATION_OKHTTP='221',REQUEST_SYNCHRONOUS='TRUE',RESPONSE_CODE='200',RESPONSE_METHOD='GET',RESPONSE_LENGTH_OKHTTP='297964',RESPONSE_LENGTH_HEADER='297964',REQUEST_PROTOCOL='h2',REQUEST_URL='https://elroy.twit.tv/sites/default/files/styles/twit_album_art_2048x2048/public/images/shows/floss_weekly/album_art/audio/floss_albumart_mask.jpg?itok=IUjxKpwt',
08-04 03:00:23.306 27401 28143 D MYTAG   : interceptor 2a
08-04 03:00:23.308 27401 28143 I NAPPA_EXPERIMENTATION: MetricNetworkRequestExecutionTime: REQUEST_DURATION_SYSTEM='415',REQUEST_DURATION_OKHTTP='235',REQUEST_SYNCHRONOUS='TRUE',RESPONSE_CODE='200',RESPONSE_METHOD='GET',RESPONSE_LENGTH_OKHTTP='89986',RESPONSE_LENGTH_HEADER='89986',REQUEST_PROTOCOL='h2',REQUEST_URL='https://pl.tedcdn.com/rss_feed_images/ted_talks_main_podcast/video.png',
08-04 03:00:23.310 27401 28137 D MYTAG   : interceptor 2a
08-04 03:00:23.310 27401 28137 I NAPPA_EXPERIMENTATION: MetricNetworkRequestExecutionTime: REQUEST_DURATION_SYSTEM='411',REQUEST_DURATION_OKHTTP='225',REQUEST_SYNCHRONOUS='TRUE',RESPONSE_CODE='200',RESPONSE_METHOD='GET',RESPONSE_LENGTH_OKHTTP='465707',RESPONSE_LENGTH_HEADER='465707',REQUEST_PROTOCOL='h2',REQUEST_URL='https://elroy.twit.tv/sites/default/files/styles/twit_album_art_2048x2048/public/images/shows/this_week_in_tech/album_art/audio/twit1400audio.jpg?itok=J0vhatZb',
08-04 03:00:23.319 27401 28144 D MYTAG   : interceptor 2a
08-04 03:00:23.319 27401 28144 I NAPPA_EXPERIMENTATION: MetricNetworkRequestExecutionTime: REQUEST_DURATION_SYSTEM='466',REQUEST_DURATION_OKHTTP='216',REQUEST_SYNCHRONOUS='TRUE',RESPONSE_CODE='404',RESPONSE_METHOD='GET',RESPONSE_LENGTH_OKHTTP='-1',RESPONSE_LENGTH_HEADER='1503',REQUEST_PROTOCOL='h2',REQUEST_URL='https://fab.industries/sixgun/files/linuxoutlaws.jpg',
08-04 03:00:23.321 27401 27401 W Glide   : Load failed for http://sixgun.org/files/linuxoutlaws.jpg with size [224x224]
08-04 03:00:23.321 27401 27401 W Glide   : class com.bumptech.glide.load.engine.GlideException: Failed to load resource
08-04 03:00:23.321 27401 27401 W Glide   : There was 1 cause:
08-04 03:00:23.321 27401 27401 W Glide   : com.bumptech.glide.load.HttpException()
08-04 03:00:23.321 27401 27401 W Glide   :  call GlideException#logRootCauses(String) for more detail
08-04 03:00:23.321 27401 27401 W Glide   :   Cause (1 of 1): class com.bumptech.glide.load.engine.GlideException: Fetching data failed, class java.io.InputStream, REMOTE
08-04 03:00:23.321 27401 27401 W Glide   : There was 1 cause:
08-04 03:00:23.321 27401 27401 W Glide   : com.bumptech.glide.load.HttpException()
08-04 03:00:23.321 27401 27401 W Glide   :  call GlideException#logRootCauses(String) for more detail
08-04 03:00:23.321 27401 27401 W Glide   :     Cause (1 of 1): class com.bumptech.glide.load.HttpException: 
08-04 03:00:23.321 27401 27401 I Glide   : Root cause (1 of 1)
08-04 03:00:23.321 27401 27401 I Glide   : com.bumptech.glide.load.HttpException: 
08-04 03:00:23.321 27401 27401 I Glide   : 	at com.bumptech.glide.integration.okhttp3.OkHttpStreamFetcher.onResponse(OkHttpStreamFetcher.java:73)
08-04 03:00:23.321 27401 27401 I Glide   : 	at okhttp3.RealCall$AsyncCall.execute(RealCall.java:174)
08-04 03:00:23.321 27401 27401 I Glide   : 	at okhttp3.internal.NamedRunnable.run(NamedRunnable.java:32)
08-04 03:00:23.321 27401 27401 I Glide   : 	at java.util.concurrent.ThreadPoolExecutor.runWorker(ThreadPoolExecutor.java:1113)
08-04 03:00:23.321 27401 27401 I Glide   : 	at java.util.concurrent.ThreadPoolExecutor$Worker.run(ThreadPoolExecutor.java:588)
08-04 03:00:23.321 27401 27401 I Glide   : 	at java.lang.Thread.run(Thread.java:818)
08-04 03:00:23.322 27401 27401 W Glide   : Load failed for http://sixgun.org/files/linuxoutlaws.jpg with size [224x224]
08-04 03:00:23.322 27401 27401 W Glide   : class com.bumptech.glide.load.engine.GlideException: Failed to load resource
08-04 03:00:23.322 27401 27401 W Glide   : There was 1 cause:
08-04 03:00:23.322 27401 27401 W Glide   : com.bumptech.glide.load.HttpException()
08-04 03:00:23.322 27401 27401 W Glide   :  call GlideException#logRootCauses(String) for more detail
08-04 03:00:23.322 27401 27401 W Glide   :   Cause (1 of 1): class com.bumptech.glide.load.engine.GlideException: Fetching data failed, class java.io.InputStream, REMOTE
08-04 03:00:23.322 27401 27401 W Glide   : There was 1 cause:
08-04 03:00:23.322 27401 27401 W Glide   : com.bumptech.glide.load.HttpException()
08-04 03:00:23.322 27401 27401 W Glide   :  call GlideException#logRootCauses(String) for more detail
08-04 03:00:23.322 27401 27401 W Glide   :     Cause (1 of 1): class com.bumptech.glide.load.HttpException: 
08-04 03:00:23.322 27401 27401 I Glide   : Root cause (1 of 1)
08-04 03:00:23.322 27401 27401 I Glide   : com.bumptech.glide.load.HttpException: 
08-04 03:00:23.322 27401 27401 I Glide   : 	at com.bumptech.glide.integration.okhttp3.OkHttpStreamFetcher.onResponse(OkHttpStreamFetcher.java:73)
08-04 03:00:23.322 27401 27401 I Glide   : 	at okhttp3.RealCall$AsyncCall.execute(RealCall.java:174)
08-04 03:00:23.322 27401 27401 I Glide   : 	at okhttp3.internal.NamedRunnable.run(NamedRunnable.java:32)
08-04 03:00:23.322 27401 27401 I Glide   : 	at java.util.concurrent.ThreadPoolExecutor.runWorker(ThreadPoolExecutor.java:1113)
08-04 03:00:23.322 27401 27401 I Glide   : 	at java.util.concurrent.ThreadPoolExecutor$Worker.run(ThreadPoolExecutor.java:588)
08-04 03:00:23.322 27401 27401 I Glide   : 	at java.lang.Thread.run(Thread.java:818)
08-04 03:00:23.429 27401 27937 I art     : Starting a blocking GC Explicit
08-04 03:00:23.457 27401 28337 D ApOkHttpUrlLoader: buildLoadData() called with: model = [http://sixgun.org/files/linuxoutlaws.jpg], width = [224], height = [224]
08-04 03:00:23.458 27401 28144 D DBReader: getImageAuthentication() called with: imageUrl = [http://sixgun.org/files/linuxoutlaws.jpg]
08-04 03:00:23.462 27401 28144 D ApOkHttpUrlLoader: no credentials for 'http://sixgun.org/files/linuxoutlaws.jpg'
08-04 03:00:23.471 27401 27937 I art     : Explicit concurrent mark sweep GC freed 5957(473KB) AllocSpace objects, 1(20KB) LOS objects, 23% free, 51MB/67MB, paused 1.762ms total 41.895ms
08-04 03:00:23.484 27401 27937 I art     : Starting a blocking GC Explicit
08-04 03:00:23.496 27401 28144 D DBWriter: updateFeedDownloadURL(original: http://sixgun.org/files/linuxoutlaws.jpg, updated: https://fab.industries/sixgun/files/linuxoutlaws.jpg)
08-04 03:00:23.524 27401 27937 I art     : Explicit concurrent mark sweep GC freed 956(40KB) AllocSpace objects, 0(0B) LOS objects, 23% free, 50MB/66MB, paused 1.509ms total 39.481ms
08-04 03:00:23.536 27401 27937 I art     : Starting a blocking GC Explicit
08-04 03:00:23.574 27401 27937 I art     : Explicit concurrent mark sweep GC freed 324(20KB) AllocSpace objects, 0(0B) LOS objects, 23% free, 50MB/66MB, paused 1.523ms total 37.752ms
08-04 03:00:23.586 27401 27937 I art     : Starting a blocking GC Explicit
08-04 03:00:23.626 27401 27937 I art     : Explicit concurrent mark sweep GC freed 9(288B) AllocSpace objects, 0(0B) LOS objects, 23% free, 50MB/66MB, paused 1.558ms total 39.786ms
08-04 03:00:23.633 27401 28144 D MYTAG   : interceptor 2a
08-04 03:00:23.633 27401 28144 I NAPPA_EXPERIMENTATION: MetricNetworkRequestExecutionTime: REQUEST_DURATION_SYSTEM='171',REQUEST_DURATION_OKHTTP='133',REQUEST_SYNCHRONOUS='TRUE',RESPONSE_CODE='404',RESPONSE_METHOD='GET',RESPONSE_LENGTH_OKHTTP='-1',RESPONSE_LENGTH_HEADER='1503',REQUEST_PROTOCOL='h2',REQUEST_URL='https://fab.industries/sixgun/files/linuxoutlaws.jpg',
08-04 03:00:23.639 27401 27937 I art     : Starting a blocking GC Explicit
08-04 03:00:23.642 27401 27401 W Glide   : Load failed for http://sixgun.org/files/linuxoutlaws.jpg with size [224x224]
08-04 03:00:23.642 27401 27401 W Glide   : class com.bumptech.glide.load.engine.GlideException: Failed to load resource
08-04 03:00:23.642 27401 27401 W Glide   : There was 1 cause:
08-04 03:00:23.642 27401 27401 W Glide   : com.bumptech.glide.load.HttpException()
08-04 03:00:23.642 27401 27401 W Glide   :  call GlideException#logRootCauses(String) for more detail
08-04 03:00:23.642 27401 27401 W Glide   :   Cause (1 of 1): class com.bumptech.glide.load.engine.GlideException: Fetching data failed, class java.io.InputStream, REMOTE
08-04 03:00:23.642 27401 27401 W Glide   : There was 1 cause:
08-04 03:00:23.642 27401 27401 W Glide   : com.bumptech.glide.load.HttpException()
08-04 03:00:23.642 27401 27401 W Glide   :  call GlideException#logRootCauses(String) for more detail
08-04 03:00:23.642 27401 27401 W Glide   :     Cause (1 of 1): class com.bumptech.glide.load.HttpException: 
08-04 03:00:23.643 27401 27401 I Glide   : Root cause (1 of 1)
08-04 03:00:23.643 27401 27401 I Glide   : com.bumptech.glide.load.HttpException: 
08-04 03:00:23.643 27401 27401 I Glide   : 	at com.bumptech.glide.integration.okhttp3.OkHttpStreamFetcher.onResponse(OkHttpStreamFetcher.java:73)
08-04 03:00:23.643 27401 27401 I Glide   : 	at okhttp3.RealCall$AsyncCall.execute(RealCall.java:174)
08-04 03:00:23.643 27401 27401 I Glide   : 	at okhttp3.internal.NamedRunnable.run(NamedRunnable.java:32)
08-04 03:00:23.643 27401 27401 I Glide   : 	at java.util.concurrent.ThreadPoolExecutor.runWorker(ThreadPoolExecutor.java:1113)
08-04 03:00:23.643 27401 27401 I Glide   : 	at java.util.concurrent.ThreadPoolExecutor$Worker.run(ThreadPoolExecutor.java:588)
08-04 03:00:23.643 27401 27401 I Glide   : 	at java.lang.Thread.run(Thread.java:818)
08-04 03:00:23.675 27401 28337 D ApOkHttpUrlLoader: buildLoadData() called with: model = [http://sixgun.org/files/linuxoutlaws.jpg], width = [224], height = [224]
08-04 03:00:23.676 27401 28144 D DBReader: getImageAuthentication() called with: imageUrl = [http://sixgun.org/files/linuxoutlaws.jpg]
08-04 03:00:23.683 27401 27937 I art     : Explicit concurrent mark sweep GC freed 708(72KB) AllocSpace objects, 0(0B) LOS objects, 23% free, 50MB/66MB, paused 1.791ms total 44.042ms
08-04 03:00:23.684 27401 28144 D ApOkHttpUrlLoader: no credentials for 'http://sixgun.org/files/linuxoutlaws.jpg'
08-04 03:00:23.714 27401 28144 D DBWriter: updateFeedDownloadURL(original: http://sixgun.org/files/linuxoutlaws.jpg, updated: https://fab.industries/sixgun/files/linuxoutlaws.jpg)
08-04 03:00:23.849 27401 28144 D MYTAG   : interceptor 2a
08-04 03:00:23.849 27401 28144 I NAPPA_EXPERIMENTATION: MetricNetworkRequestExecutionTime: REQUEST_DURATION_SYSTEM='165',REQUEST_DURATION_OKHTTP='131',REQUEST_SYNCHRONOUS='TRUE',RESPONSE_CODE='404',RESPONSE_METHOD='GET',RESPONSE_LENGTH_OKHTTP='-1',RESPONSE_LENGTH_HEADER='1503',REQUEST_PROTOCOL='h2',REQUEST_URL='https://fab.industries/sixgun/files/linuxoutlaws.jpg',
08-04 03:00:23.851 27401 27401 W Glide   : Load failed for http://sixgun.org/files/linuxoutlaws.jpg with size [224x224]
08-04 03:00:23.851 27401 27401 W Glide   : class com.bumptech.glide.load.engine.GlideException: Failed to load resource
08-04 03:00:23.851 27401 27401 W Glide   : There was 1 cause:
08-04 03:00:23.851 27401 27401 W Glide   : com.bumptech.glide.load.HttpException()
08-04 03:00:23.851 27401 27401 W Glide   :  call GlideException#logRootCauses(String) for more detail
08-04 03:00:23.851 27401 27401 W Glide   :   Cause (1 of 1): class com.bumptech.glide.load.engine.GlideException: Fetching data failed, class java.io.InputStream, REMOTE
08-04 03:00:23.851 27401 27401 W Glide   : There was 1 cause:
08-04 03:00:23.851 27401 27401 W Glide   : com.bumptech.glide.load.HttpException()
08-04 03:00:23.851 27401 27401 W Glide   :  call GlideException#logRootCauses(String) for more detail
08-04 03:00:23.851 27401 27401 W Glide   :     Cause (1 of 1): class com.bumptech.glide.load.HttpException: 
08-04 03:00:23.853 27401 27401 I Glide   : Root cause (1 of 1)
08-04 03:00:23.853 27401 27401 I Glide   : com.bumptech.glide.load.HttpException: 
08-04 03:00:23.853 27401 27401 I Glide   : 	at com.bumptech.glide.integration.okhttp3.OkHttpStreamFetcher.onResponse(OkHttpStreamFetcher.java:73)
08-04 03:00:23.853 27401 27401 I Glide   : 	at okhttp3.RealCall$AsyncCall.execute(RealCall.java:174)
08-04 03:00:23.853 27401 27401 I Glide   : 	at okhttp3.internal.NamedRunnable.run(NamedRunnable.java:32)
08-04 03:00:23.853 27401 27401 I Glide   : 	at java.util.concurrent.ThreadPoolExecutor.runWorker(ThreadPoolExecutor.java:1113)
08-04 03:00:23.853 27401 27401 I Glide   : 	at java.util.concurrent.ThreadPoolExecutor$Worker.run(ThreadPoolExecutor.java:588)
08-04 03:00:23.853 27401 27401 I Glide   : 	at java.lang.Thread.run(Thread.java:818)
08-04 03:00:24.053 27401 27937 I art     : Starting a blocking GC Explicit
08-04 03:00:24.108 27401 27937 I art     : Explicit concurrent mark sweep GC freed 2302(151KB) AllocSpace objects, 1(20KB) LOS objects, 23% free, 50MB/66MB, paused 1.666ms total 55.221ms
08-04 03:00:24.125 27401 27937 I art     : Starting a blocking GC Explicit
08-04 03:00:24.175 27401 27937 I art     : Explicit concurrent mark sweep GC freed 82(3KB) AllocSpace objects, 0(0B) LOS objects, 23% free, 50MB/66MB, paused 1.577ms total 49.756ms
08-04 03:00:24.189 27401 27937 I art     : Starting a blocking GC Explicit
08-04 03:00:24.236 27401 27937 I art     : Explicit concurrent mark sweep GC freed 3(96B) AllocSpace objects, 0(0B) LOS objects, 23% free, 50MB/66MB, paused 1.604ms total 47.215ms
08-04 03:00:24.250 27401 27937 I art     : Starting a blocking GC Explicit
08-04 03:00:24.299 27401 27937 I art     : Explicit concurrent mark sweep GC freed 3(96B) AllocSpace objects, 0(0B) LOS objects, 23% free, 50MB/66MB, paused 1.714ms total 48.639ms
08-04 03:00:24.315 27401 27937 I art     : Starting a blocking GC Explicit
08-04 03:00:24.362 27401 27937 I art     : Explicit concurrent mark sweep GC freed 3(96B) AllocSpace objects, 0(0B) LOS objects, 23% free, 50MB/66MB, paused 1.581ms total 46.013ms
08-04 03:00:24.743 27401 29667 I art     : Starting a blocking GC Explicit
08-04 03:00:24.789 27401 29667 I art     : Explicit concurrent mark sweep GC freed 1474(84KB) AllocSpace objects, 1(20KB) LOS objects, 23% free, 50MB/66MB, paused 1.702ms total 46.357ms
08-04 03:00:24.803 27401 29667 I art     : Starting a blocking GC Explicit
08-04 03:00:24.850 27401 29667 I art     : Explicit concurrent mark sweep GC freed 40(1328B) AllocSpace objects, 0(0B) LOS objects, 23% free, 50MB/66MB, paused 1.595ms total 47.034ms
08-04 03:00:24.863 27401 29667 I art     : Starting a blocking GC Explicit
08-04 03:00:24.913 27401 29667 I art     : Explicit concurrent mark sweep GC freed 3(96B) AllocSpace objects, 0(0B) LOS objects, 23% free, 50MB/66MB, paused 1.702ms total 48.923ms
08-04 03:00:24.929 27401 29667 I art     : Starting a blocking GC Explicit
08-04 03:00:24.976 27401 29667 I art     : Explicit concurrent mark sweep GC freed 3(96B) AllocSpace objects, 0(0B) LOS objects, 23% free, 50MB/66MB, paused 1.535ms total 47.159ms
08-04 03:00:24.990 27401 29667 I art     : Starting a blocking GC Explicit
08-04 03:00:25.036 27401 29667 I art     : Explicit concurrent mark sweep GC freed 3(96B) AllocSpace objects, 0(0B) LOS objects, 23% free, 50MB/66MB, paused 1.513ms total 46.126ms
08-04 03:00:25.417 27401 27414 I art     : Starting a blocking GC Explicit
08-04 03:00:25.483 27401 27414 I art     : Explicit concurrent mark sweep GC freed 1381(81KB) AllocSpace objects, 1(20KB) LOS objects, 23% free, 50MB/66MB, paused 1.700ms total 65.242ms
08-04 03:00:25.503 27401 27414 I art     : Starting a blocking GC Explicit
08-04 03:00:25.547 27401 27414 I art     : Explicit concurrent mark sweep GC freed 52(1536B) AllocSpace objects, 0(0B) LOS objects, 23% free, 50MB/66MB, paused 1.608ms total 44.003ms
08-04 03:00:25.561 27401 27414 I art     : Starting a blocking GC Explicit
08-04 03:00:25.604 27401 27414 I art     : Explicit concurrent mark sweep GC freed 3(96B) AllocSpace objects, 0(0B) LOS objects, 23% free, 50MB/66MB, paused 1.536ms total 43.215ms
08-04 03:00:25.617 27401 27414 I art     : Starting a blocking GC Explicit
08-04 03:00:25.666 27401 27414 I art     : Explicit concurrent mark sweep GC freed 3(96B) AllocSpace objects, 0(0B) LOS objects, 23% free, 50MB/66MB, paused 1.581ms total 47.932ms
08-04 03:00:25.679 27401 27414 I art     : Starting a blocking GC Explicit
08-04 03:00:25.724 27401 27414 I art     : Explicit concurrent mark sweep GC freed 3(96B) AllocSpace objects, 0(0B) LOS objects, 23% free, 50MB/66MB, paused 1.492ms total 44.182ms
08-04 03:00:26.111 27401 27937 I art     : Starting a blocking GC Explicit
08-04 03:00:26.168 27401 27937 I art     : Explicit concurrent mark sweep GC freed 1381(81KB) AllocSpace objects, 1(20KB) LOS objects, 23% free, 50MB/66MB, paused 1.618ms total 56.523ms
08-04 03:00:26.184 27401 27937 I art     : Starting a blocking GC Explicit
08-04 03:00:26.230 27401 27937 I art     : Explicit concurrent mark sweep GC freed 23(752B) AllocSpace objects, 0(0B) LOS objects, 23% free, 50MB/66MB, paused 1.526ms total 45.573ms
08-04 03:00:26.243 27401 27937 I art     : Starting a blocking GC Explicit
08-04 03:00:26.292 27401 27937 I art     : Explicit concurrent mark sweep GC freed 3(96B) AllocSpace objects, 0(0B) LOS objects, 23% free, 50MB/66MB, paused 1.686ms total 48.530ms
08-04 03:00:26.308 27401 27937 I art     : Starting a blocking GC Explicit
08-04 03:00:26.356 27401 27937 I art     : Explicit concurrent mark sweep GC freed 3(96B) AllocSpace objects, 0(0B) LOS objects, 23% free, 50MB/66MB, paused 1.521ms total 47.381ms
08-04 03:00:26.370 27401 27937 I art     : Starting a blocking GC Explicit
08-04 03:00:26.418 27401 27937 I art     : Explicit concurrent mark sweep GC freed 3(96B) AllocSpace objects, 0(0B) LOS objects, 23% free, 50MB/66MB, paused 1.608ms total 47.784ms
08-04 03:00:26.802 27401 27477 I art     : Starting a blocking GC Explicit
08-04 03:00:26.854 27401 27477 I art     : Explicit concurrent mark sweep GC freed 1411(82KB) AllocSpace objects, 1(20KB) LOS objects, 23% free, 50MB/66MB, paused 1.650ms total 51.735ms
08-04 03:00:26.871 27401 27477 I art     : Starting a blocking GC Explicit
08-04 03:00:26.920 27401 27477 I art     : Explicit concurrent mark sweep GC freed 23(752B) AllocSpace objects, 0(0B) LOS objects, 23% free, 50MB/66MB, paused 1.461ms total 48.775ms
08-04 03:00:26.933 27401 27477 I art     : Starting a blocking GC Explicit
08-04 03:00:26.980 27401 27477 I art     : Explicit concurrent mark sweep GC freed 3(96B) AllocSpace objects, 0(0B) LOS objects, 23% free, 50MB/66MB, paused 1.525ms total 46.326ms
08-04 03:00:26.994 27401 27477 I art     : Starting a blocking GC Explicit
08-04 03:00:27.040 27401 27477 I art     : Explicit concurrent mark sweep GC freed 15(432B) AllocSpace objects, 0(0B) LOS objects, 23% free, 50MB/66MB, paused 1.617ms total 45.821ms
08-04 03:00:27.054 27401 27477 I art     : Starting a blocking GC Explicit
08-04 03:00:27.100 27401 27477 I art     : Explicit concurrent mark sweep GC freed 33(1872B) AllocSpace objects, 0(0B) LOS objects, 23% free, 50MB/66MB, paused 1.591ms total 46.562ms
08-04 03:00:27.497 27401 27414 I art     : Starting a blocking GC Explicit
08-04 03:00:27.561 27401 27414 I art     : Explicit concurrent mark sweep GC freed 1420(83KB) AllocSpace objects, 1(20KB) LOS objects, 23% free, 50MB/66MB, paused 1.744ms total 63.123ms
08-04 03:00:27.577 27401 27414 I art     : Starting a blocking GC Explicit
08-04 03:00:27.622 27401 27414 I art     : Explicit concurrent mark sweep GC freed 23(752B) AllocSpace objects, 0(0B) LOS objects, 23% free, 50MB/66MB, paused 1.448ms total 45.204ms
08-04 03:00:27.636 27401 27414 I art     : Starting a blocking GC Explicit
08-04 03:00:27.684 27401 27414 I art     : Explicit concurrent mark sweep GC freed 3(96B) AllocSpace objects, 0(0B) LOS objects, 23% free, 50MB/66MB, paused 1.600ms total 47.858ms
08-04 03:00:27.698 27401 27414 I art     : Starting a blocking GC Explicit
08-04 03:00:27.743   518   646 I ThermalEngine: ACTION: GPU - Setting GPU[0] to 510000000
08-04 03:00:27.744 27401 27414 I art     : Explicit concurrent mark sweep GC freed 3(96B) AllocSpace objects, 0(0B) LOS objects, 23% free, 50MB/66MB, paused 1.576ms total 45.919ms
08-04 03:00:27.758 27401 27414 I art     : Starting a blocking GC Explicit
08-04 03:00:27.800 27401 27414 I art     : Explicit concurrent mark sweep GC freed 3(96B) AllocSpace objects, 0(0B) LOS objects, 23% free, 50MB/66MB, paused 1.198ms total 41.801ms
08-04 03:00:28.164 27401 27937 I art     : Starting a blocking GC Explicit
08-04 03:00:28.199 27401 27937 I art     : Explicit concurrent mark sweep GC freed 1381(81KB) AllocSpace objects, 1(20KB) LOS objects, 23% free, 50MB/66MB, paused 1.241ms total 34.710ms
08-04 03:00:28.210 27401 27937 I art     : Starting a blocking GC Explicit
08-04 03:00:28.243 27401 27937 I art     : Explicit concurrent mark sweep GC freed 23(752B) AllocSpace objects, 0(0B) LOS objects, 23% free, 50MB/66MB, paused 1.180ms total 33.574ms
08-04 03:00:28.254 27401 27937 I art     : Starting a blocking GC Explicit
08-04 03:00:28.288 27401 27937 I art     : Explicit concurrent mark sweep GC freed 3(96B) AllocSpace objects, 0(0B) LOS objects, 23% free, 50MB/66MB, paused 1.231ms total 33.423ms
08-04 03:00:28.298 27401 27937 I art     : Starting a blocking GC Explicit
08-04 03:00:28.331 27401 27937 I art     : Explicit concurrent mark sweep GC freed 3(96B) AllocSpace objects, 0(0B) LOS objects, 23% free, 50MB/66MB, paused 1.183ms total 32.757ms
08-04 03:00:28.341 27401 27937 I art     : Starting a blocking GC Explicit
08-04 03:00:28.374 27401 27937 I art     : Explicit concurrent mark sweep GC freed 3(96B) AllocSpace objects, 0(0B) LOS objects, 23% free, 50MB/66MB, paused 1.152ms total 33.192ms
08-04 03:00:28.554 30571 30571 D AndroidRuntime: >>>>>> START com.android.internal.os.RuntimeInit uid 2000 <<<<<<
08-04 03:00:28.559 30571 30571 D AndroidRuntime: CheckJNI is OFF
08-04 03:00:28.591 30571 30571 D ICU     : No timezone override file found: /data/misc/zoneinfo/current/icu/icu_tzdata.dat
08-04 03:00:28.622 30571 30571 I Radio-JNI: register_android_hardware_Radio DONE
08-04 03:00:28.644 30571 30571 D AndroidRuntime: Calling main entry com.android.commands.input.Input
08-04 03:00:28.645 30571 30571 I Input   : injectMotionEvent: MotionEvent { action=ACTION_DOWN, actionButton=0, id[0]=0, x[0]=526.0, y[0]=597.0, toolType[0]=TOOL_TYPE_UNKNOWN, buttonState=0, metaState=0, flags=0x0, edgeFlags=0x0, pointerCount=1, historySize=0, eventTime=673245058, downTime=673245058, deviceId=0, source=0x1002 }
08-04 03:00:28.649 30571 30571 I Input   : injectMotionEvent: MotionEvent { action=ACTION_UP, actionButton=0, id[0]=0, x[0]=526.0, y[0]=597.0, toolType[0]=TOOL_TYPE_UNKNOWN, buttonState=0, metaState=0, flags=0x0, edgeFlags=0x0, pointerCount=1, historySize=0, eventTime=673245058, downTime=673245058, deviceId=0, source=0x1002 }
08-04 03:00:28.651 30571 30571 D AndroidRuntime: Shutting down VM
08-04 03:00:28.716 27401 27401 D PodcastListFragment: Selected podcast: GpodnetPodcast [url=http://feeds.feedburner.com/linuxoutlaws, title=Linux Outlaws, description=Two pragmatic geeks talk about the latest news concerning Linux, free and open
08-04 03:00:28.716 27401 27401 D PodcastListFragment: technology or anything else they deem noteworthy which may include such absurd
08-04 03:00:28.716 27401 27401 D PodcastListFragment: things as hockey or bands you never heard of. This means there's many a joke
08-04 03:00:28.716 27401 27401 D PodcastListFragment: and derailed conversation along the way, so don't come here expecting only
08-04 03:00:28.716 27401 27401 D PodcastListFragment: Linux or software freedom talk  just sit back and relax, partner., subscribers=3321, logoUrl=http://sixgun.org/files/linuxoutlaws.jpg, website=http://sixgun.org, mygpoLink=http://gpodder.net/podcast/linux-outlaws-mp3]
08-04 03:00:28.718   918  3670 I ActivityManager: START u0 {cmp=baseline.de.danoeh.antennapod.debug/baseline.de.danoeh.antennapod.activity.OnlineFeedViewActivity (has extras)} from uid 10670 on display 0
08-04 03:00:28.720   512  2967 D audio_hw_primary: out_set_parameters: enter: usecase(1: low-latency-playback) kvpairs: routing=2
08-04 03:00:28.732 27401 27414 I art     : Starting a blocking GC Explicit
08-04 03:00:28.734   512  2967 D audio_hw_primary: select_devices: out_snd_device(2: speaker) in_snd_device(0: none)
08-04 03:00:28.734   512  2967 D msm8974_platform: platform_send_audio_calibration: sending audio calibration for snd_device(2) acdb_id(15)
08-04 03:00:28.735   512  2967 I soundtrigger: audio_extn_sound_trigger_update_device_status: device 0x2 of type 0 for Event 1
08-04 03:00:28.749   512  2967 D audio_hw_primary: enable_snd_device: snd_device(2: speaker)
08-04 03:00:28.751   512  2967 D audio_hw_primary: enable_audio_route: apply and update mixer path: low-latency-playback speaker
08-04 03:00:28.752 27401 27401 D UserPreferences: Using default data folder
08-04 03:00:28.753 27401 27401 D OnlineFeedViewActivity: Activity was started with url http://feeds.feedburner.com/linuxoutlaws
08-04 03:00:28.755 27401 27401 D OnlineFeedViewActivity: Starting feed download
08-04 03:00:28.758 27401 27936 D DBReader: Extracting Feedlist
08-04 03:00:28.759   918  3714 D WifiService: acquireWifiLockLocked: WifiLock{Downloader type=1 binder=android.os.BinderProxy@e3e254b}
08-04 03:00:28.760 27401 27936 D AntennapodHttpClient: Creating new instance of HTTP client
08-04 03:00:28.769 27401 27414 I art     : Explicit concurrent mark sweep GC freed 2653(180KB) AllocSpace objects, 2(40KB) LOS objects, 23% free, 51MB/67MB, paused 1.676ms total 36.004ms
08-04 03:00:28.778 27401 27414 I art     : Starting a blocking GC Explicit
08-04 03:00:28.804 13866 13866 I GoogleInputMethodServic: GoogleInputMethodService.onFinishInput():3138 
08-04 03:00:28.804 13866 13866 I GoogleInputMethodServic: GoogleInputMethodService.onStartInput():1808 
08-04 03:00:28.809 27401 27414 I art     : Explicit concurrent mark sweep GC freed 417(31KB) AllocSpace objects, 0(0B) LOS objects, 23% free, 51MB/67MB, paused 1.242ms total 31.237ms
08-04 03:00:28.819 27401 27936 D MYTAG   : interceptor 3a http://feeds.feedburner.com/linuxoutlaws
08-04 03:00:28.819 27401 27936 I NAPPA_EXPERIMENTATION: MetricNetworkRequestExecutionTime: REQUEST_DURATION_SYSTEM='58',REQUEST_DURATION_OKHTTP='32',REQUEST_SYNCHRONOUS='TRUE',RESPONSE_CODE='200',RESPONSE_METHOD='GET',RESPONSE_LENGTH_OKHTTP='-1',RESPONSE_LENGTH_HEADER='-2',REQUEST_PROTOCOL='http/1.1',REQUEST_URL='http://feeds.feedburner.com/linuxoutlaws',
08-04 03:00:28.819 27401 27936 D HttpDownloader: Response code is 200
08-04 03:00:28.820 27401 27936 D UserPreferences: Using default data folder
08-04 03:00:28.820 27401 27414 I art     : Starting a blocking GC Explicit
08-04 03:00:28.824 27401 27936 D HttpDownloader: Getting size of download
08-04 03:00:28.824 27401 27936 D HttpDownloader: Size is -1
08-04 03:00:28.824 27401 27936 D UserPreferences: Using default data folder
08-04 03:00:28.824 27401 27936 D HttpDownloader: Free space is 20260343808
08-04 03:00:28.824 27401 27936 D HttpDownloader: Starting download
08-04 03:00:28.826   918   936 I ActivityManager: Displayed baseline.de.danoeh.antennapod.debug/baseline.de.danoeh.antennapod.activity.OnlineFeedViewActivity: +95ms
08-04 03:00:28.827 27401 27936 D HttpDownloader: Download was successful
08-04 03:00:28.827   918  4400 D WifiService: releaseWifiLockLocked: WifiLock{Downloader type=1 binder=android.os.BinderProxy@e3e254b}
08-04 03:00:28.829 27401 27401 D OnlineFeedViewActivity: Parsing feed
08-04 03:00:28.833 27401 30595 D TypeGetter: Recognized type RSS 2.0
08-04 03:00:28.835 27401 30595 D SyndHandler: Recognized Content namespace
08-04 03:00:28.835 27401 30595 D SyndHandler: Recognized DublinCore namespace
08-04 03:00:28.835 27401 30595 D SyndHandler: Recognized Atom namespace
08-04 03:00:28.835 27401 30595 D SyndHandler: Recognized ITunes namespace
08-04 03:00:28.835 27401 30595 D SyndHandler: Recognized media namespace
08-04 03:00:28.851 27401 27422 D OpenGLRenderer: endAllStagingAnimators on 0x7f7e330400 (GridView) with handle 0x7f7e410960
08-04 03:00:28.856 27401 27414 I art     : Explicit concurrent mark sweep GC freed 1444(315KB) AllocSpace objects, 3(60KB) LOS objects, 23% free, 51MB/67MB, paused 1.757ms total 35.241ms
08-04 03:00:28.866 27401 27414 I art     : Starting a blocking GC Explicit
08-04 03:00:28.872 27401 30595 D OnlineFeedViewActivity: Deleted feed source file. Result: true
08-04 03:00:28.872 27401 27401 D OnlineFeedViewActivity: Removing HTML from shownotes
08-04 03:00:28.888 27401 28337 D ApOkHttpUrlLoader: buildLoadData() called with: model = [http://sixgun.org/files/linuxoutlaws.jpg], width = [350], height = [350]
08-04 03:00:28.890 27401 28144 D DBReader: getImageAuthentication() called with: imageUrl = [http://sixgun.org/files/linuxoutlaws.jpg]
08-04 03:00:28.892 27401 28144 D ApOkHttpUrlLoader: no credentials for 'http://sixgun.org/files/linuxoutlaws.jpg'
08-04 03:00:28.914 27401 27414 I art     : Explicit concurrent mark sweep GC freed 4289(423KB) AllocSpace objects, 11(748KB) LOS objects, 23% free, 51MB/67MB, paused 15.526ms total 47.876ms
08-04 03:00:28.923 27401 28144 D DBWriter: updateFeedDownloadURL(original: http://sixgun.org/files/linuxoutlaws.jpg, updated: https://fab.industries/sixgun/files/linuxoutlaws.jpg)
08-04 03:00:28.925 27401 27414 I art     : Starting a blocking GC Explicit
08-04 03:00:28.958 27401 27414 I art     : Explicit concurrent mark sweep GC freed 8038(427KB) AllocSpace objects, 0(0B) LOS objects, 23% free, 51MB/67MB, paused 1.234ms total 33.509ms
08-04 03:00:29.060 27401 28144 D MYTAG   : interceptor 2a
08-04 03:00:29.060 27401 28144 I NAPPA_EXPERIMENTATION: MetricNetworkRequestExecutionTime: REQUEST_DURATION_SYSTEM='168',REQUEST_DURATION_OKHTTP='135',REQUEST_SYNCHRONOUS='TRUE',RESPONSE_CODE='404',RESPONSE_METHOD='GET',RESPONSE_LENGTH_OKHTTP='-1',RESPONSE_LENGTH_HEADER='1503',REQUEST_PROTOCOL='h2',REQUEST_URL='https://fab.industries/sixgun/files/linuxoutlaws.jpg',
08-04 03:00:29.062 27401 27401 W Glide   : Load failed for http://sixgun.org/files/linuxoutlaws.jpg with size [350x350]
08-04 03:00:29.062 27401 27401 W Glide   : class com.bumptech.glide.load.engine.GlideException: Failed to load resource
08-04 03:00:29.062 27401 27401 W Glide   : There was 1 cause:
08-04 03:00:29.062 27401 27401 W Glide   : com.bumptech.glide.load.HttpException()
08-04 03:00:29.062 27401 27401 W Glide   :  call GlideException#logRootCauses(String) for more detail
08-04 03:00:29.062 27401 27401 W Glide   :   Cause (1 of 1): class com.bumptech.glide.load.engine.GlideException: Fetching data failed, class java.io.InputStream, REMOTE
08-04 03:00:29.062 27401 27401 W Glide   : There was 1 cause:
08-04 03:00:29.062 27401 27401 W Glide   : com.bumptech.glide.load.HttpException()
08-04 03:00:29.062 27401 27401 W Glide   :  call GlideException#logRootCauses(String) for more detail
08-04 03:00:29.062 27401 27401 W Glide   :     Cause (1 of 1): class com.bumptech.glide.load.HttpException: 
08-04 03:00:29.064 27401 27401 I Glide   : Root cause (1 of 1)
08-04 03:00:29.064 27401 27401 I Glide   : com.bumptech.glide.load.HttpException: 
08-04 03:00:29.064 27401 27401 I Glide   : 	at com.bumptech.glide.integration.okhttp3.OkHttpStreamFetcher.onResponse(OkHttpStreamFetcher.java:73)
08-04 03:00:29.064 27401 27401 I Glide   : 	at okhttp3.RealCall$AsyncCall.execute(RealCall.java:174)
08-04 03:00:29.064 27401 27401 I Glide   : 	at okhttp3.internal.NamedRunnable.run(NamedRunnable.java:32)
08-04 03:00:29.064 27401 27401 I Glide   : 	at java.util.concurrent.ThreadPoolExecutor.runWorker(ThreadPoolExecutor.java:1113)
08-04 03:00:29.064 27401 27401 I Glide   : 	at java.util.concurrent.ThreadPoolExecutor$Worker.run(ThreadPoolExecutor.java:588)
08-04 03:00:29.064 27401 27401 I Glide   : 	at java.lang.Thread.run(Thread.java:818)
08-04 03:00:29.080   380   380 W SurfaceFlinger: couldn't log to binary event log: overflow.
08-04 03:00:29.223 27401 27401 D PlaybackController: Releasing PlaybackController
08-04 03:00:29.244 27401 29667 I art     : Starting a blocking GC Explicit
08-04 03:00:29.280 27401 29667 I art     : Explicit concurrent mark sweep GC freed 2314(154KB) AllocSpace objects, 2(132KB) LOS objects, 23% free, 51MB/67MB, paused 1.103ms total 36.627ms
08-04 03:00:29.290   512  2967 D audio_hw_primary: disable_audio_route: reset and update mixer path: low-latency-playback speaker
08-04 03:00:29.291 27401 29667 I art     : Starting a blocking GC Explicit
08-04 03:00:29.292   512  2967 D audio_hw_primary: disable_snd_device: snd_device(2: speaker)
08-04 03:00:29.300   512  2967 I soundtrigger: audio_extn_sound_trigger_update_device_status: device 0x2 of type 0 for Event 0
08-04 03:00:29.327 27401 29667 I art     : Explicit concurrent mark sweep GC freed 60(2128B) AllocSpace objects, 0(0B) LOS objects, 23% free, 51MB/67MB, paused 1.323ms total 35.712ms
08-04 03:00:29.337 27401 29667 I art     : Starting a blocking GC Explicit
08-04 03:00:29.373 27401 29667 I art     : Explicit concurrent mark sweep GC freed 3(96B) AllocSpace objects, 0(0B) LOS objects, 23% free, 51MB/67MB, paused 1.202ms total 35.919ms
08-04 03:00:29.384 27401 29667 I art     : Starting a blocking GC Explicit
08-04 03:00:29.421 27401 29667 I art     : Explicit concurrent mark sweep GC freed 3(96B) AllocSpace objects, 0(0B) LOS objects, 23% free, 51MB/67MB, paused 1.167ms total 35.989ms
08-04 03:00:29.431 27401 29667 I art     : Starting a blocking GC Explicit
08-04 03:00:29.468 27401 29667 I art     : Explicit concurrent mark sweep GC freed 3(96B) AllocSpace objects, 0(0B) LOS objects, 23% free, 51MB/67MB, paused 1.246ms total 36.437ms
08-04 03:00:29.799 27401 27413 I art     : Starting a blocking GC Explicit
08-04 03:00:29.846 27401 27413 I art     : Explicit concurrent mark sweep GC freed 1410(81KB) AllocSpace objects, 1(20KB) LOS objects, 23% free, 51MB/67MB, paused 1.334ms total 46.336ms
08-04 03:00:29.860 27401 27413 I art     : Starting a blocking GC Explicit
08-04 03:00:29.897 27401 27413 I art     : Explicit concurrent mark sweep GC freed 23(752B) AllocSpace objects, 0(0B) LOS objects, 23% free, 51MB/67MB, paused 1.279ms total 37.344ms
08-04 03:00:29.908 27401 27413 I art     : Starting a blocking GC Explicit
08-04 03:00:29.945 27401 27413 I art     : Explicit concurrent mark sweep GC freed 3(96B) AllocSpace objects, 0(0B) LOS objects, 23% free, 51MB/67MB, paused 1.189ms total 36.939ms
08-04 03:00:29.956 27401 27413 I art     : Starting a blocking GC Explicit
08-04 03:00:29.993 27401 27413 I art     : Explicit concurrent mark sweep GC freed 3(96B) AllocSpace objects, 0(0B) LOS objects, 23% free, 51MB/67MB, paused 1.192ms total 36.727ms
08-04 03:00:30.003 27401 27413 I art     : Starting a blocking GC Explicit
08-04 03:00:30.041 27401 27413 I art     : Explicit concurrent mark sweep GC freed 3(96B) AllocSpace objects, 0(0B) LOS objects, 23% free, 51MB/67MB, paused 1.210ms total 36.928ms
08-04 03:00:30.373 27401 27414 I art     : Starting a blocking GC Explicit
08-04 03:00:30.420 27401 27414 I art     : Explicit concurrent mark sweep GC freed 1381(81KB) AllocSpace objects, 1(20KB) LOS objects, 23% free, 51MB/67MB, paused 1.211ms total 46.698ms
08-04 03:00:30.436 27401 27414 I art     : Starting a blocking GC Explicit
08-04 03:00:30.474 27401 27414 I art     : Explicit concurrent mark sweep GC freed 23(752B) AllocSpace objects, 0(0B) LOS objects, 23% free, 51MB/67MB, paused 1.181ms total 37.248ms
08-04 03:00:30.484 27401 27414 I art     : Starting a blocking GC Explicit
08-04 03:00:30.524 27401 27414 I art     : Explicit concurrent mark sweep GC freed 35(976B) AllocSpace objects, 0(0B) LOS objects, 23% free, 51MB/67MB, paused 1.300ms total 39.768ms
08-04 03:00:30.536 27401 27414 I art     : Starting a blocking GC Explicit
08-04 03:00:30.571 27401 27414 I art     : Explicit concurrent mark sweep GC freed 9(288B) AllocSpace objects, 0(0B) LOS objects, 23% free, 51MB/67MB, paused 1.068ms total 34.960ms
08-04 03:00:30.583 27401 27414 I art     : Starting a blocking GC Explicit
08-04 03:00:30.618 27401 27414 I art     : Explicit concurrent mark sweep GC freed 8(256B) AllocSpace objects, 0(0B) LOS objects, 23% free, 51MB/67MB, paused 1.214ms total 34.715ms
08-04 03:00:31.003 27401 27937 I art     : Starting a blocking GC Explicit
08-04 03:00:31.053 27401 27937 I art     : Explicit concurrent mark sweep GC freed 1395(81KB) AllocSpace objects, 1(20KB) LOS objects, 23% free, 51MB/67MB, paused 1.288ms total 50.199ms
08-04 03:00:31.066 27401 27937 I art     : Starting a blocking GC Explicit
08-04 03:00:31.104 27401 27937 I art     : Explicit concurrent mark sweep GC freed 23(752B) AllocSpace objects, 0(0B) LOS objects, 23% free, 51MB/67MB, paused 1.195ms total 37.493ms
08-04 03:00:31.115 27401 27937 I art     : Starting a blocking GC Explicit
08-04 03:00:31.152 27401 27937 I art     : Explicit concurrent mark sweep GC freed 3(96B) AllocSpace objects, 0(0B) LOS objects, 23% free, 51MB/67MB, paused 1.199ms total 37.225ms
08-04 03:00:31.163 27401 27937 I art     : Starting a blocking GC Explicit
08-04 03:00:31.200 27401 27937 I art     : Explicit concurrent mark sweep GC freed 3(96B) AllocSpace objects, 0(0B) LOS objects, 23% free, 51MB/67MB, paused 1.229ms total 36.844ms
08-04 03:00:31.211 27401 27937 I art     : Starting a blocking GC Explicit
08-04 03:00:31.248 27401 27937 I art     : Explicit concurrent mark sweep GC freed 3(96B) AllocSpace objects, 0(0B) LOS objects, 23% free, 51MB/67MB, paused 1.300ms total 36.745ms
08-04 03:00:31.612 27401 27414 I art     : Starting a blocking GC Explicit
08-04 03:00:31.655 27401 27414 I art     : Explicit concurrent mark sweep GC freed 1410(81KB) AllocSpace objects, 1(20KB) LOS objects, 23% free, 51MB/67MB, paused 1.214ms total 42.806ms
08-04 03:00:31.666 27401 27414 I art     : Starting a blocking GC Explicit
08-04 03:00:31.704 27401 27414 I art     : Explicit concurrent mark sweep GC freed 23(752B) AllocSpace objects, 0(0B) LOS objects, 23% free, 51MB/67MB, paused 1.193ms total 37.835ms
08-04 03:00:31.714 27401 27414 I art     : Starting a blocking GC Explicit
08-04 03:00:31.751 27401 27414 I art     : Explicit concurrent mark sweep GC freed 3(96B) AllocSpace objects, 0(0B) LOS objects, 23% free, 51MB/67MB, paused 1.139ms total 36.379ms
08-04 03:00:31.762 27401 27414 I art     : Starting a blocking GC Explicit
08-04 03:00:31.799 27401 27414 I art     : Explicit concurrent mark sweep GC freed 3(96B) AllocSpace objects, 0(0B) LOS objects, 23% free, 51MB/67MB, paused 1.200ms total 36.601ms
08-04 03:00:31.809 27401 27414 I art     : Starting a blocking GC Explicit
08-04 03:00:31.846 27401 27414 I art     : Explicit concurrent mark sweep GC freed 3(96B) AllocSpace objects, 0(0B) LOS objects, 23% free, 51MB/67MB, paused 1.206ms total 36.503ms
08-04 03:00:32.182 27401 29667 I art     : Starting a blocking GC Explicit
08-04 03:00:32.219 27401 29667 I art     : Explicit concurrent mark sweep GC freed 1383(84KB) AllocSpace objects, 1(20KB) LOS objects, 23% free, 51MB/67MB, paused 1.247ms total 36.233ms
08-04 03:00:32.229 27401 29667 I art     : Starting a blocking GC Explicit
08-04 03:00:32.265 27401 29667 I art     : Explicit concurrent mark sweep GC freed 23(752B) AllocSpace objects, 0(0B) LOS objects, 23% free, 51MB/67MB, paused 1.200ms total 35.792ms
08-04 03:00:32.276 27401 29667 I art     : Starting a blocking GC Explicit
08-04 03:00:32.313 27401 29667 I art     : Explicit concurrent mark sweep GC freed 17(544B) AllocSpace objects, 0(0B) LOS objects, 23% free, 51MB/67MB, paused 1.208ms total 37.230ms
08-04 03:00:32.324 27401 29667 I art     : Starting a blocking GC Explicit
08-04 03:00:32.361 27401 29667 I art     : Explicit concurrent mark sweep GC freed 3(96B) AllocSpace objects, 0(0B) LOS objects, 23% free, 51MB/67MB, paused 1.156ms total 36.793ms
08-04 03:00:32.372 27401 29667 I art     : Starting a blocking GC Explicit
08-04 03:00:32.406 27401 29667 I art     : Explicit concurrent mark sweep GC freed 3(96B) AllocSpace objects, 0(0B) LOS objects, 23% free, 51MB/67MB, paused 1.171ms total 33.542ms
08-04 03:00:32.773 27401 27937 I art     : Starting a blocking GC Explicit
08-04 03:00:32.820 27401 27937 I art     : Explicit concurrent mark sweep GC freed 1413(82KB) AllocSpace objects, 1(20KB) LOS objects, 23% free, 51MB/67MB, paused 1.364ms total 47.016ms
08-04 03:00:32.833 27401 27937 I art     : Starting a blocking GC Explicit
08-04 03:00:32.869 27401 27937 I art     : Explicit concurrent mark sweep GC freed 23(752B) AllocSpace objects, 0(0B) LOS objects, 23% free, 51MB/67MB, paused 1.210ms total 35.921ms
08-04 03:00:32.880 27401 27937 I art     : Starting a blocking GC Explicit
08-04 03:00:32.915 27401 27937 I art     : Explicit concurrent mark sweep GC freed 3(96B) AllocSpace objects, 0(0B) LOS objects, 23% free, 51MB/67MB, paused 1.152ms total 35.094ms
08-04 03:00:32.925 27401 27937 I art     : Starting a blocking GC Explicit
08-04 03:00:32.961 27401 27937 I art     : Explicit concurrent mark sweep GC freed 3(96B) AllocSpace objects, 0(0B) LOS objects, 23% free, 51MB/67MB, paused 1.276ms total 35.193ms
08-04 03:00:32.971 27401 27937 I art     : Starting a blocking GC Explicit
08-04 03:00:33.006 27401 27937 I art     : Explicit concurrent mark sweep GC freed 3(96B) AllocSpace objects, 0(0B) LOS objects, 23% free, 51MB/67MB, paused 1.185ms total 34.297ms
08-04 03:00:33.313 30667 30667 D AndroidRuntime: >>>>>> START com.android.internal.os.RuntimeInit uid 2000 <<<<<<
08-04 03:00:33.319 30667 30667 D AndroidRuntime: CheckJNI is OFF
08-04 03:00:33.348 27401 27414 I art     : Starting a blocking GC Explicit
08-04 03:00:33.356 30667 30667 D ICU     : No timezone override file found: /data/misc/zoneinfo/current/icu/icu_tzdata.dat
08-04 03:00:33.385 27401 27414 I art     : Explicit concurrent mark sweep GC freed 1381(81KB) AllocSpace objects, 1(20KB) LOS objects, 23% free, 51MB/67MB, paused 1.277ms total 37.070ms
08-04 03:00:33.391 30667 30667 I Radio-JNI: register_android_hardware_Radio DONE
08-04 03:00:33.396 27401 27414 I art     : Starting a blocking GC Explicit
08-04 03:00:33.414 30667 30667 D AndroidRuntime: Calling main entry com.android.commands.input.Input
08-04 03:00:33.417 30667 30667 I Input   : injectKeyEvent: KeyEvent { action=ACTION_DOWN, keyCode=KEYCODE_BACK, scanCode=0, metaState=0, flags=0x0, repeatCount=0, eventTime=673249830, downTime=673249830, deviceId=-1, source=0x101 }
08-04 03:00:33.422 30667 30667 I Input   : injectKeyEvent: KeyEvent { action=ACTION_UP, keyCode=KEYCODE_BACK, scanCode=0, metaState=0, flags=0x0, repeatCount=0, eventTime=673249830, downTime=673249830, deviceId=-1, source=0x101 }
08-04 03:00:33.427 30667 30667 D AndroidRuntime: Shutting down VM
08-04 03:00:33.431 27401 27414 I art     : Explicit concurrent mark sweep GC freed 45(1744B) AllocSpace objects, 0(0B) LOS objects, 23% free, 51MB/67MB, paused 1.232ms total 35.087ms
08-04 03:00:33.432 27401 27401 V PlaybackController: initServiceNotRunning()
08-04 03:00:33.432 27401 27401 D ExternalPlayerFragment: Loading media info
08-04 03:00:33.433 27401 28337 D ApOkHttpUrlLoader: buildLoadData() called with: model = [http://sixgun.org/files/linuxoutlaws.jpg], width = [224], height = [224]
08-04 03:00:33.437 27401 28144 D DBReader: getImageAuthentication() called with: imageUrl = [http://sixgun.org/files/linuxoutlaws.jpg]
08-04 03:00:33.437 27401 27401 D UserPreferences: Using default data folder
08-04 03:00:33.438 27401 27936 D DBReader: getNavDrawerData() called with: 
08-04 03:00:33.440 27401 28144 D ApOkHttpUrlLoader: no credentials for 'http://sixgun.org/files/linuxoutlaws.jpg'
08-04 03:00:33.442 27401 27414 I art     : Starting a blocking GC Explicit
08-04 03:00:33.450 27401 27936 D DBReader: getDownloadedItems() called
08-04 03:00:33.451 27401 27936 D DBReader: getFavoriteIDList() called
08-04 03:00:33.451 27401 27936 D DBReader: getQueueIDList() called
08-04 03:00:33.452 27401 27936 D DBReader: Extracting Feedlist
08-04 03:00:33.474 27401 27414 I art     : Explicit concurrent mark sweep GC freed 906(64KB) AllocSpace objects, 0(0B) LOS objects, 23% free, 51MB/67MB, paused 1.432ms total 31.074ms
08-04 03:00:33.483 27401 27414 I art     : Starting a blocking GC Explicit
08-04 03:00:33.494 27401 27401 D MainActivity: getLastNavFragment() -> AddFeedFragment
08-04 03:00:33.494 13866 13866 I GoogleInputMethodServic: GoogleInputMethodService.onFinishInput():3138 
08-04 03:00:33.494 13866 13866 I GoogleInputMethodServic: GoogleInputMethodService.onStartInput():1808 
08-04 03:00:33.516 27401 27414 I art     : Explicit concurrent mark sweep GC freed 751(35KB) AllocSpace objects, 0(0B) LOS objects, 23% free, 51MB/67MB, paused 1.318ms total 33.235ms
08-04 03:00:33.524 27401 28144 D DBWriter: updateFeedDownloadURL(original: http://sixgun.org/files/linuxoutlaws.jpg, updated: https://fab.industries/sixgun/files/linuxoutlaws.jpg)
08-04 03:00:33.527 27401 27414 I art     : Starting a blocking GC Explicit
08-04 03:00:33.558 27401 27414 I art     : Explicit concurrent mark sweep GC freed 368(19KB) AllocSpace objects, 0(0B) LOS objects, 23% free, 51MB/67MB, paused 1.141ms total 30.658ms
08-04 03:00:33.660 27401 28144 D MYTAG   : interceptor 2a
08-04 03:00:33.660 27401 28144 I NAPPA_EXPERIMENTATION: MetricNetworkRequestExecutionTime: REQUEST_DURATION_SYSTEM='220',REQUEST_DURATION_OKHTTP='133',REQUEST_SYNCHRONOUS='TRUE',RESPONSE_CODE='404',RESPONSE_METHOD='GET',RESPONSE_LENGTH_OKHTTP='-1',RESPONSE_LENGTH_HEADER='1503',REQUEST_PROTOCOL='h2',REQUEST_URL='https://fab.industries/sixgun/files/linuxoutlaws.jpg',
08-04 03:00:33.661 27401 27401 W Glide   : Load failed for http://sixgun.org/files/linuxoutlaws.jpg with size [224x224]
08-04 03:00:33.661 27401 27401 W Glide   : class com.bumptech.glide.load.engine.GlideException: Failed to load resource
08-04 03:00:33.661 27401 27401 W Glide   : There was 1 cause:
08-04 03:00:33.661 27401 27401 W Glide   : com.bumptech.glide.load.HttpException()
08-04 03:00:33.661 27401 27401 W Glide   :  call GlideException#logRootCauses(String) for more detail
08-04 03:00:33.661 27401 27401 W Glide   :   Cause (1 of 1): class com.bumptech.glide.load.engine.GlideException: Fetching data failed, class java.io.InputStream, REMOTE
08-04 03:00:33.661 27401 27401 W Glide   : There was 1 cause:
08-04 03:00:33.661 27401 27401 W Glide   : com.bumptech.glide.load.HttpException()
08-04 03:00:33.661 27401 27401 W Glide   :  call GlideException#logRootCauses(String) for more detail
08-04 03:00:33.661 27401 27401 W Glide   :     Cause (1 of 1): class com.bumptech.glide.load.HttpException: 
08-04 03:00:33.662 27401 27401 I Glide   : Root cause (1 of 1)
08-04 03:00:33.662 27401 27401 I Glide   : com.bumptech.glide.load.HttpException: 
08-04 03:00:33.662 27401 27401 I Glide   : 	at com.bumptech.glide.integration.okhttp3.OkHttpStreamFetcher.onResponse(OkHttpStreamFetcher.java:73)
08-04 03:00:33.662 27401 27401 I Glide   : 	at okhttp3.RealCall$AsyncCall.execute(RealCall.java:174)
08-04 03:00:33.662 27401 27401 I Glide   : 	at okhttp3.internal.NamedRunnable.run(NamedRunnable.java:32)
08-04 03:00:33.662 27401 27401 I Glide   : 	at java.util.concurrent.ThreadPoolExecutor.runWorker(ThreadPoolExecutor.java:1113)
08-04 03:00:33.662 27401 27401 I Glide   : 	at java.util.concurrent.ThreadPoolExecutor$Worker.run(ThreadPoolExecutor.java:588)
08-04 03:00:33.662 27401 27401 I Glide   : 	at java.lang.Thread.run(Thread.java:818)
08-04 03:00:33.662 27401 27401 W Glide   : Load failed for http://sixgun.org/files/linuxoutlaws.jpg with size [224x224]
08-04 03:00:33.662 27401 27401 W Glide   : class com.bumptech.glide.load.engine.GlideException: Failed to load resource
08-04 03:00:33.662 27401 27401 W Glide   : There was 1 cause:
08-04 03:00:33.662 27401 27401 W Glide   : com.bumptech.glide.load.HttpException()
08-04 03:00:33.662 27401 27401 W Glide   :  call GlideException#logRootCauses(String) for more detail
08-04 03:00:33.662 27401 27401 W Glide   :   Cause (1 of 1): class com.bumptech.glide.load.engine.GlideException: Fetching data failed, class java.io.InputStream, REMOTE
08-04 03:00:33.662 27401 27401 W Glide   : There was 1 cause:
08-04 03:00:33.662 27401 27401 W Glide   : com.bumptech.glide.load.HttpException()
08-04 03:00:33.662 27401 27401 W Glide   :  call GlideException#logRootCauses(String) for more detail
08-04 03:00:33.662 27401 27401 W Glide   :     Cause (1 of 1): class com.bumptech.glide.load.HttpException: 
08-04 03:00:33.662 27401 27401 I Glide   : Root cause (1 of 1)
08-04 03:00:33.662 27401 27401 I Glide   : com.bumptech.glide.load.HttpException: 
08-04 03:00:33.662 27401 27401 I Glide   : 	at com.bumptech.glide.integration.okhttp3.OkHttpStreamFetcher.onResponse(OkHttpStreamFetcher.java:73)
08-04 03:00:33.662 27401 27401 I Glide   : 	at okhttp3.RealCall$AsyncCall.execute(RealCall.java:174)
08-04 03:00:33.662 27401 27401 I Glide   : 	at okhttp3.internal.NamedRunnable.run(NamedRunnable.java:32)
08-04 03:00:33.662 27401 27401 I Glide   : 	at java.util.concurrent.ThreadPoolExecutor.runWorker(ThreadPoolExecutor.java:1113)
08-04 03:00:33.662 27401 27401 I Glide   : 	at java.util.concurrent.ThreadPoolExecutor$Worker.run(ThreadPoolExecutor.java:588)
08-04 03:00:33.662 27401 27401 I Glide   : 	at java.lang.Thread.run(Thread.java:818)
08-04 03:00:33.767   380   380 W SurfaceFlinger: couldn't log to binary event log: overflow.
08-04 03:00:33.846 27401 29667 I art     : Starting a blocking GC Explicit
08-04 03:00:33.884 27401 29667 I art     : Explicit concurrent mark sweep GC freed 2699(192KB) AllocSpace objects, 1(20KB) LOS objects, 23% free, 51MB/67MB, paused 1.259ms total 37.561ms
08-04 03:00:33.895 27401 29667 I art     : Starting a blocking GC Explicit
08-04 03:00:33.931 27401 29667 I art     : Explicit concurrent mark sweep GC freed 2895(237KB) AllocSpace objects, 1(28KB) LOS objects, 23% free, 50MB/66MB, paused 1.195ms total 35.158ms
08-04 03:00:33.941 27401 29667 I art     : Starting a blocking GC Explicit
08-04 03:00:33.977 27401 29667 I art     : Explicit concurrent mark sweep GC freed 3(96B) AllocSpace objects, 0(0B) LOS objects, 23% free, 50MB/66MB, paused 1.186ms total 35.602ms
08-04 03:00:33.987 27401 29667 I art     : Starting a blocking GC Explicit
08-04 03:00:34.023 27401 29667 I art     : Explicit concurrent mark sweep GC freed 3(96B) AllocSpace objects, 0(0B) LOS objects, 23% free, 50MB/66MB, paused 1.201ms total 35.586ms
08-04 03:00:34.034 27401 29667 I art     : Starting a blocking GC Explicit
08-04 03:00:34.070 27401 29667 I art     : Explicit concurrent mark sweep GC freed 3(96B) AllocSpace objects, 0(0B) LOS objects, 23% free, 50MB/66MB, paused 1.237ms total 35.920ms
08-04 03:00:34.405 27401 27413 I art     : Starting a blocking GC Explicit
08-04 03:00:34.459 27401 27413 I art     : Explicit concurrent mark sweep GC freed 1383(81KB) AllocSpace objects, 1(20KB) LOS objects, 23% free, 50MB/66MB, paused 1.862ms total 53.421ms
08-04 03:00:34.473 27401 27413 I art     : Starting a blocking GC Explicit
08-04 03:00:34.509 27401 27413 I art     : Explicit concurrent mark sweep GC freed 52(1536B) AllocSpace objects, 0(0B) LOS objects, 23% free, 50MB/66MB, paused 1.242ms total 34.999ms
08-04 03:00:34.519 27401 27413 I art     : Starting a blocking GC Explicit
08-04 03:00:34.555 27401 27413 I art     : Explicit concurrent mark sweep GC freed 3(96B) AllocSpace objects, 0(0B) LOS objects, 23% free, 50MB/66MB, paused 1.301ms total 35.501ms
08-04 03:00:34.565 27401 27413 I art     : Starting a blocking GC Explicit
08-04 03:00:34.602 27401 27413 I art     : Explicit concurrent mark sweep GC freed 3(96B) AllocSpace objects, 0(0B) LOS objects, 23% free, 50MB/66MB, paused 1.228ms total 37.103ms
08-04 03:00:34.613 27401 27413 I art     : Starting a blocking GC Explicit
08-04 03:00:34.650 27401 27413 I art     : Explicit concurrent mark sweep GC freed 3(96B) AllocSpace objects, 0(0B) LOS objects, 23% free, 50MB/66MB, paused 1.196ms total 36.319ms
08-04 03:00:34.678   918   918 I ActivityManager: Start proc 30712:nappagreedy.com.newsblur/u0a655 for service nappagreedy.com.newsblur/.service.NBSyncService
08-04 03:00:34.678 30712 30712 I art     : Late-enabling -Xcheck:jni
08-04 03:00:34.688   918   937 W ProcessCpuTracker: Skipping unknown process pid 30706
08-04 03:00:34.689   918   937 W ProcessCpuTracker: Skipping unknown process pid 30708
08-04 03:00:34.689   918   937 W ProcessCpuTracker: Skipping unknown process pid 30709
08-04 03:00:34.693   918   918 I ActivityManager: Start proc 30725:com.google.android.talk/u0a53 for service com.google.android.talk/androidx.work.impl.background.systemjob.SystemJobService
08-04 03:00:34.704   918   927 I art     : Background sticky concurrent mark sweep GC freed 56445(8MB) AllocSpace objects, 245(4MB) LOS objects, 16% free, 69MB/83MB, paused 5.467ms total 43.799ms
08-04 03:00:34.710 30712 30712 W System  : ClassLoader referenced unknown path: /data/app/nappagreedy.com.newsblur-1/lib/arm64
08-04 03:00:34.737   918   929 I ActivityManager: Killing 23476:com.android.keychain/1000 (adj 15): empty #17
08-04 03:00:34.963 27401 27477 I art     : Starting a blocking GC Explicit
08-04 03:00:34.996 27401 27477 I art     : Explicit concurrent mark sweep GC freed 1382(81KB) AllocSpace objects, 1(20KB) LOS objects, 23% free, 50MB/66MB, paused 1.159ms total 33.538ms
08-04 03:00:35.007 27401 27477 I art     : Starting a blocking GC Explicit
08-04 03:00:35.037 27401 27477 I art     : Explicit concurrent mark sweep GC freed 99(3KB) AllocSpace objects, 0(0B) LOS objects, 23% free, 50MB/66MB, paused 1.260ms total 30.471ms
08-04 03:00:35.048 27401 27477 I art     : Starting a blocking GC Explicit
08-04 03:00:35.056 30725 30761 E gve     : Babel_SMS: canonicalizeMccMnc: invalid mccmnc 
08-04 03:00:35.058 30725 30761 E gve     : Babel_SMS: canonicalizeMccMnc: invalid mccmnc nullnull
08-04 03:00:35.062 30710 30710 D AndroidRuntime: >>>>>> START com.android.internal.os.RuntimeInit uid 2000 <<<<<<
08-04 03:00:35.066 30710 30710 D AndroidRuntime: CheckJNI is OFF
08-04 03:00:35.079 27401 27477 I art     : Explicit concurrent mark sweep GC freed 10(320B) AllocSpace objects, 0(0B) LOS objects, 23% free, 50MB/66MB, paused 1.290ms total 30.928ms
08-04 03:00:35.089 27401 27477 I art     : Starting a blocking GC Explicit
08-04 03:00:35.100 30710 30710 D ICU     : No timezone override file found: /data/misc/zoneinfo/current/icu/icu_tzdata.dat
08-04 03:00:35.119 27401 27477 I art     : Explicit concurrent mark sweep GC freed 11(352B) AllocSpace objects, 0(0B) LOS objects, 23% free, 50MB/66MB, paused 1.260ms total 29.946ms
08-04 03:00:35.129 27401 27477 I art     : Starting a blocking GC Explicit
08-04 03:00:35.133 30710 30710 I Radio-JNI: register_android_hardware_Radio DONE
08-04 03:00:35.156 30710 30710 D AndroidRuntime: Calling main entry com.android.commands.input.Input
08-04 03:00:35.158 30710 30710 I Input   : injectMotionEvent: MotionEvent { action=ACTION_DOWN, actionButton=0, id[0]=0, x[0]=526.0, y[0]=597.0, toolType[0]=TOOL_TYPE_UNKNOWN, buttonState=0, metaState=0, flags=0x0, edgeFlags=0x0, pointerCount=1, historySize=0, eventTime=673251570, downTime=673251570, deviceId=0, source=0x1002 }
08-04 03:00:35.159 27401 27477 I art     : Explicit concurrent mark sweep GC freed 15(480B) AllocSpace objects, 0(0B) LOS objects, 23% free, 50MB/66MB, paused 1.337ms total 30.302ms
08-04 03:00:35.163 30710 30710 I Input   : injectMotionEvent: MotionEvent { action=ACTION_UP, actionButton=0, id[0]=0, x[0]=526.0, y[0]=597.0, toolType[0]=TOOL_TYPE_UNKNOWN, buttonState=0, metaState=0, flags=0x0, edgeFlags=0x0, pointerCount=1, historySize=0, eventTime=673251570, downTime=673251570, deviceId=0, source=0x1002 }
08-04 03:00:35.165 30710 30710 D AndroidRuntime: Shutting down VM
08-04 03:00:35.235 27401 27401 D PodcastListFragment: Selected podcast: GpodnetPodcast [url=http://feeds.feedburner.com/linuxoutlaws, title=Linux Outlaws, description=Two pragmatic geeks talk about the latest news concerning Linux, free and open
08-04 03:00:35.235 27401 27401 D PodcastListFragment: technology or anything else they deem noteworthy which may include such absurd
08-04 03:00:35.235 27401 27401 D PodcastListFragment: things as hockey or bands you never heard of. This means there's many a joke
08-04 03:00:35.235 27401 27401 D PodcastListFragment: and derailed conversation along the way, so don't come here expecting only
08-04 03:00:35.235 27401 27401 D PodcastListFragment: Linux or software freedom talk  just sit back and relax, partner., subscribers=3321, logoUrl=http://sixgun.org/files/linuxoutlaws.jpg, website=http://sixgun.org, mygpoLink=http://gpodder.net/podcast/linux-outlaws-mp3]
08-04 03:00:35.236   918  3670 I ActivityManager: START u0 {cmp=baseline.de.danoeh.antennapod.debug/baseline.de.danoeh.antennapod.activity.OnlineFeedViewActivity (has extras)} from uid 10670 on display 0
08-04 03:00:35.237   512  2967 D audio_hw_primary: out_set_parameters: enter: usecase(1: low-latency-playback) kvpairs: routing=2
08-04 03:00:35.249   512  2967 D audio_hw_primary: select_devices: out_snd_device(2: speaker) in_snd_device(0: none)
08-04 03:00:35.250   512  2967 D msm8974_platform: platform_send_audio_calibration: sending audio calibration for snd_device(2) acdb_id(15)
08-04 03:00:35.250   512  2967 I soundtrigger: audio_extn_sound_trigger_update_device_status: device 0x2 of type 0 for Event 1
08-04 03:00:35.261   512  2967 D audio_hw_primary: enable_snd_device: snd_device(2: speaker)
08-04 03:00:35.263   512  2967 D audio_hw_primary: enable_audio_route: apply and update mixer path: low-latency-playback speaker
08-04 03:00:35.280 27401 27401 D UserPreferences: Using default data folder
08-04 03:00:35.280 27401 27401 D OnlineFeedViewActivity: Activity was started with url http://feeds.feedburner.com/linuxoutlaws
08-04 03:00:35.282 27401 27401 D OnlineFeedViewActivity: Starting feed download
08-04 03:00:35.284 27401 27427 D DBReader: Extracting Feedlist
08-04 03:00:35.285   918  3696 D WifiService: acquireWifiLockLocked: WifiLock{Downloader type=1 binder=android.os.BinderProxy@3c58f82}
08-04 03:00:35.286 27401 27427 D AntennapodHttpClient: Creating new instance of HTTP client
08-04 03:00:35.300 30725 30799 E gve     : Babel_ConcService: No valid Tag name
08-04 03:00:35.314   918  3696 I ActivityManager: Killing 23491:com.google.android.apps.maps/u0a58 (adj 15): empty #17
08-04 03:00:35.345 13866 13866 I GoogleInputMethodServic: GoogleInputMethodService.onFinishInput():3138 
08-04 03:00:35.346 13866 13866 I GoogleInputMethodServic: GoogleInputMethodService.onStartInput():1808 
08-04 03:00:35.368 27401 27427 D MYTAG   : interceptor 3a http://feeds.feedburner.com/linuxoutlaws
08-04 03:00:35.368 27401 27427 I NAPPA_EXPERIMENTATION: MetricNetworkRequestExecutionTime: REQUEST_DURATION_SYSTEM='81',REQUEST_DURATION_OKHTTP='27',REQUEST_SYNCHRONOUS='TRUE',RESPONSE_CODE='200',RESPONSE_METHOD='GET',RESPONSE_LENGTH_OKHTTP='-1',RESPONSE_LENGTH_HEADER='-2',REQUEST_PROTOCOL='http/1.1',REQUEST_URL='http://feeds.feedburner.com/linuxoutlaws',
08-04 03:00:35.368 27401 27427 D HttpDownloader: Response code is 200
08-04 03:00:35.369 27401 27427 D UserPreferences: Using default data folder
08-04 03:00:35.371 27401 27427 D HttpDownloader: Getting size of download
08-04 03:00:35.371 27401 27427 D HttpDownloader: Size is -1
08-04 03:00:35.371 27401 27427 D UserPreferences: Using default data folder
08-04 03:00:35.371 27401 27427 D HttpDownloader: Free space is 20260339712
08-04 03:00:35.371 27401 27427 D HttpDownloader: Starting download
08-04 03:00:35.374 27401 27427 D HttpDownloader: Download was successful
08-04 03:00:35.374   918  5132 D WifiService: releaseWifiLockLocked: WifiLock{Downloader type=1 binder=android.os.BinderProxy@3c58f82}
08-04 03:00:35.378 27401 27422 D OpenGLRenderer: endAllStagingAnimators on 0x7f7e330400 (GridView) with handle 0x7f7c598160
08-04 03:00:35.382 27401 27401 D OnlineFeedViewActivity: Parsing feed
08-04 03:00:35.385 27401 30811 D TypeGetter: Recognized type RSS 2.0
08-04 03:00:35.387 27401 30811 D SyndHandler: Recognized Content namespace
08-04 03:00:35.387 27401 30811 D SyndHandler: Recognized DublinCore namespace
08-04 03:00:35.387 27401 30811 D SyndHandler: Recognized Atom namespace
08-04 03:00:35.388 27401 30811 D SyndHandler: Recognized ITunes namespace
08-04 03:00:35.388 27401 30811 D SyndHandler: Recognized media namespace
08-04 03:00:35.421 27401 30811 D OnlineFeedViewActivity: Deleted feed source file. Result: true
08-04 03:00:35.424   918  5481 D ConnectivityService: ConnectivityService NetworkRequestInfo binderDied(NetworkRequest [ id=2559, legacyType=-1, [ Capabilities: INTERNET&NOT_RESTRICTED&TRUSTED] ], android.os.BinderProxy@2d18cda)
08-04 03:00:35.424   918  3263 D ConnectivityService: releasing NetworkRequest NetworkRequest [ id=2559, legacyType=-1, [ Capabilities: INTERNET&NOT_RESTRICTED&TRUSTED] ]
08-04 03:00:35.425   918  3263 E ConnectivityService: RemoteException caught trying to send a callback msg for NetworkRequest [ id=2559, legacyType=-1, [ Capabilities: INTERNET&NOT_RESTRICTED&TRUSTED] ]
08-04 03:00:35.431   918   936 I ActivityManager: Displayed baseline.de.danoeh.antennapod.debug/baseline.de.danoeh.antennapod.activity.OnlineFeedViewActivity: +177ms
08-04 03:00:35.436 27401 27401 D OnlineFeedViewActivity: Removing HTML from shownotes
08-04 03:00:35.450 27401 28337 D ApOkHttpUrlLoader: buildLoadData() called with: model = [http://sixgun.org/files/linuxoutlaws.jpg], width = [350], height = [350]
08-04 03:00:35.451 27401 28144 D DBReader: getImageAuthentication() called with: imageUrl = [http://sixgun.org/files/linuxoutlaws.jpg]
08-04 03:00:35.453 27401 28144 D ApOkHttpUrlLoader: no credentials for 'http://sixgun.org/files/linuxoutlaws.jpg'
08-04 03:00:35.480 27401 28144 D DBWriter: updateFeedDownloadURL(original: http://sixgun.org/files/linuxoutlaws.jpg, updated: https://fab.industries/sixgun/files/linuxoutlaws.jpg)
08-04 03:00:35.521 27401 27477 I art     : Starting a blocking GC Explicit
08-04 03:00:35.557 27401 27477 I art     : Explicit concurrent mark sweep GC freed 8652(955KB) AllocSpace objects, 15(828KB) LOS objects, 23% free, 51MB/67MB, paused 1.160ms total 35.316ms
08-04 03:00:35.569 27401 27477 I art     : Starting a blocking GC Explicit
08-04 03:00:35.609 27401 27477 I art     : Explicit concurrent mark sweep GC freed 1498(67KB) AllocSpace objects, 0(0B) LOS objects, 23% free, 51MB/67MB, paused 1.643ms total 39.859ms
08-04 03:00:35.612 27401 28144 D MYTAG   : interceptor 2a
08-04 03:00:35.612 27401 28144 I NAPPA_EXPERIMENTATION: MetricNetworkRequestExecutionTime: REQUEST_DURATION_SYSTEM='159',REQUEST_DURATION_OKHTTP='128',REQUEST_SYNCHRONOUS='TRUE',RESPONSE_CODE='404',RESPONSE_METHOD='GET',RESPONSE_LENGTH_OKHTTP='-1',RESPONSE_LENGTH_HEADER='1503',REQUEST_PROTOCOL='h2',REQUEST_URL='https://fab.industries/sixgun/files/linuxoutlaws.jpg',
08-04 03:00:35.614 27401 27401 W Glide   : Load failed for http://sixgun.org/files/linuxoutlaws.jpg with size [350x350]
08-04 03:00:35.614 27401 27401 W Glide   : class com.bumptech.glide.load.engine.GlideException: Failed to load resource
08-04 03:00:35.614 27401 27401 W Glide   : There was 1 cause:
08-04 03:00:35.614 27401 27401 W Glide   : com.bumptech.glide.load.HttpException()
08-04 03:00:35.614 27401 27401 W Glide   :  call GlideException#logRootCauses(String) for more detail
08-04 03:00:35.614 27401 27401 W Glide   :   Cause (1 of 1): class com.bumptech.glide.load.engine.GlideException: Fetching data failed, class java.io.InputStream, REMOTE
08-04 03:00:35.614 27401 27401 W Glide   : There was 1 cause:
08-04 03:00:35.614 27401 27401 W Glide   : com.bumptech.glide.load.HttpException()
08-04 03:00:35.614 27401 27401 W Glide   :  call GlideException#logRootCauses(String) for more detail
08-04 03:00:35.614 27401 27401 W Glide   :     Cause (1 of 1): class com.bumptech.glide.load.HttpException: 
08-04 03:00:35.615 27401 27401 I Glide   : Root cause (1 of 1)
08-04 03:00:35.615 27401 27401 I Glide   : com.bumptech.glide.load.HttpException: 
08-04 03:00:35.615 27401 27401 I Glide   : 	at com.bumptech.glide.integration.okhttp3.OkHttpStreamFetcher.onResponse(OkHttpStreamFetcher.java:73)
08-04 03:00:35.615 27401 27401 I Glide   : 	at okhttp3.RealCall$AsyncCall.execute(RealCall.java:174)
08-04 03:00:35.615 27401 27401 I Glide   : 	at okhttp3.internal.NamedRunnable.run(NamedRunnable.java:32)
08-04 03:00:35.615 27401 27401 I Glide   : 	at java.util.concurrent.ThreadPoolExecutor.runWorker(ThreadPoolExecutor.java:1113)
08-04 03:00:35.615 27401 27401 I Glide   : 	at java.util.concurrent.ThreadPoolExecutor$Worker.run(ThreadPoolExecutor.java:588)
08-04 03:00:35.615 27401 27401 I Glide   : 	at java.lang.Thread.run(Thread.java:818)
08-04 03:00:35.622 27401 27477 I art     : Starting a blocking GC Explicit
08-04 03:00:35.662 27401 27477 I art     : Explicit concurrent mark sweep GC freed 459(47KB) AllocSpace objects, 0(0B) LOS objects, 23% free, 51MB/67MB, paused 1.138ms total 39.807ms
08-04 03:00:35.670   380   380 W SurfaceFlinger: couldn't log to binary event log: overflow.
08-04 03:00:35.676 27401 27477 I art     : Starting a blocking GC Explicit
08-04 03:00:35.708 27401 27477 I art     : Explicit concurrent mark sweep GC freed 14(576B) AllocSpace objects, 0(0B) LOS objects, 23% free, 51MB/67MB, paused 1.089ms total 32.426ms
08-04 03:00:35.718 27401 27477 I art     : Starting a blocking GC Explicit
08-04 03:00:35.750 27401 27477 I art     : Explicit concurrent mark sweep GC freed 3(96B) AllocSpace objects, 0(0B) LOS objects, 23% free, 51MB/67MB, paused 1.202ms total 32.660ms
08-04 03:00:35.796 27401 27401 D PlaybackController: Releasing PlaybackController
08-04 03:00:35.810   512  2967 D audio_hw_primary: disable_audio_route: reset and update mixer path: low-latency-playback speaker
08-04 03:00:35.812   512  2967 D audio_hw_primary: disable_snd_device: snd_device(2: speaker)
08-04 03:00:35.820   512  2967 I soundtrigger: audio_extn_sound_trigger_update_device_status: device 0x2 of type 0 for Event 0
08-04 03:00:36.094 27401 27413 I art     : Starting a blocking GC Explicit
08-04 03:00:36.142 27401 27413 I art     : Explicit concurrent mark sweep GC freed 1684(96KB) AllocSpace objects, 2(132KB) LOS objects, 23% free, 51MB/67MB, paused 1.506ms total 47.923ms
08-04 03:00:36.157 27401 27413 I art     : Starting a blocking GC Explicit
08-04 03:00:36.194 27401 27413 I art     : Explicit concurrent mark sweep GC freed 39(1296B) AllocSpace objects, 0(0B) LOS objects, 23% free, 51MB/67MB, paused 1.215ms total 36.932ms
08-04 03:00:36.205 27401 27413 I art     : Starting a blocking GC Explicit
08-04 03:00:36.243 27401 27413 I art     : Explicit concurrent mark sweep GC freed 3(96B) AllocSpace objects, 0(0B) LOS objects, 23% free, 51MB/67MB, paused 1.417ms total 37.903ms
08-04 03:00:36.254 27401 27413 I art     : Starting a blocking GC Explicit
08-04 03:00:36.291 27401 27413 I art     : Explicit concurrent mark sweep GC freed 3(96B) AllocSpace objects, 0(0B) LOS objects, 23% free, 51MB/67MB, paused 1.233ms total 36.907ms
08-04 03:00:36.302 27401 27413 I art     : Starting a blocking GC Explicit
08-04 03:00:36.340 27401 27413 I art     : Explicit concurrent mark sweep GC freed 3(96B) AllocSpace objects, 0(0B) LOS objects, 23% free, 51MB/67MB, paused 1.161ms total 37.557ms
08-04 03:00:36.396  3784  3784 D CallStatisticsService: Post delayed to sync data packages to nv.
08-04 03:00:36.396  3784  3784 D CallStatisticsService: handleMessage PHONE_DATA.
08-04 03:00:36.397  3784  3784 D CallStatisticsService: txTotal(Kb) = 0
08-04 03:00:36.397  3784  3784 D CallStatisticsService: rxTotal(Kb) = 0
08-04 03:00:36.397  3784  3784 E CallStatisticsService: TX And RX Data packages are totally 0, no need to update.
08-04 03:00:36.685 27401 27414 I art     : Starting a blocking GC Explicit
08-04 03:00:36.733 27401 27414 I art     : Explicit concurrent mark sweep GC freed 1410(81KB) AllocSpace objects, 1(20KB) LOS objects, 23% free, 51MB/67MB, paused 1.350ms total 47.334ms
08-04 03:00:36.747 27401 27414 I art     : Starting a blocking GC Explicit
08-04 03:00:36.758   518   646 I ThermalEngine: ACTION: GPU - Setting GPU[0] to 450000000
08-04 03:00:36.794 27401 27414 I art     : Explicit concurrent mark sweep GC freed 23(752B) AllocSpace objects, 0(0B) LOS objects, 23% free, 51MB/67MB, paused 1.841ms total 46.583ms
08-04 03:00:36.808 27401 27414 I art     : Starting a blocking GC Explicit
08-04 03:00:36.859 27401 27414 I art     : Explicit concurrent mark sweep GC freed 3(96B) AllocSpace objects, 0(0B) LOS objects, 23% free, 51MB/67MB, paused 1.766ms total 50.576ms
08-04 03:00:36.873 27401 27414 I art     : Starting a blocking GC Explicit
08-04 03:00:36.924 27401 27414 I art     : Explicit concurrent mark sweep GC freed 3(96B) AllocSpace objects, 0(0B) LOS objects, 23% free, 51MB/67MB, paused 1.898ms total 50.267ms
08-04 03:00:36.938 27401 27414 I art     : Starting a blocking GC Explicit
08-04 03:00:36.988 27401 27414 I art     : Explicit concurrent mark sweep GC freed 3(96B) AllocSpace objects, 0(0B) LOS objects, 23% free, 51MB/67MB, paused 1.695ms total 49.634ms
08-04 03:00:37.081 23402 23402 I ServiceManager: Waiting for service AtCmdFwd...
08-04 03:00:37.364 27401 27477 I art     : Starting a blocking GC Explicit
08-04 03:00:37.413 27401 27477 I art     : Explicit concurrent mark sweep GC freed 1411(82KB) AllocSpace objects, 1(20KB) LOS objects, 23% free, 51MB/67MB, paused 1.669ms total 49.104ms
08-04 03:00:37.427 27401 27477 I art     : Starting a blocking GC Explicit
08-04 03:00:37.478 27401 27477 I art     : Explicit concurrent mark sweep GC freed 23(752B) AllocSpace objects, 0(0B) LOS objects, 23% free, 51MB/67MB, paused 1.805ms total 50.006ms
08-04 03:00:37.491 27401 27477 I art     : Starting a blocking GC Explicit
08-04 03:00:37.542 27401 27477 I art     : Explicit concurrent mark sweep GC freed 32(880B) AllocSpace objects, 0(0B) LOS objects, 23% free, 51MB/67MB, paused 1.680ms total 50.092ms
08-04 03:00:37.556 27401 27477 I art     : Starting a blocking GC Explicit
08-04 03:00:37.607 27401 27477 I art     : Explicit concurrent mark sweep GC freed 3(96B) AllocSpace objects, 0(0B) LOS objects, 23% free, 51MB/67MB, paused 1.702ms total 50.607ms
08-04 03:00:37.621 27401 27477 I art     : Starting a blocking GC Explicit
08-04 03:00:37.671 27401 27477 I art     : Explicit concurrent mark sweep GC freed 3(96B) AllocSpace objects, 0(0B) LOS objects, 23% free, 51MB/67MB, paused 1.931ms total 49.762ms
08-04 03:00:38.070 27401 27937 I art     : Starting a blocking GC Explicit
08-04 03:00:38.082 23402 23402 I ServiceManager: Waiting for service AtCmdFwd...
08-04 03:00:38.129 27401 27937 I art     : Explicit concurrent mark sweep GC freed 1381(81KB) AllocSpace objects, 1(20KB) LOS objects, 23% free, 51MB/67MB, paused 1.908ms total 58.707ms
08-04 03:00:38.146 27401 27937 I art     : Starting a blocking GC Explicit
08-04 03:00:38.197 27401 27937 I art     : Explicit concurrent mark sweep GC freed 23(752B) AllocSpace objects, 0(0B) LOS objects, 23% free, 51MB/67MB, paused 1.748ms total 50.840ms
08-04 03:00:38.211 27401 27937 I art     : Starting a blocking GC Explicit
08-04 03:00:38.261 27401 27937 I art     : Explicit concurrent mark sweep GC freed 3(96B) AllocSpace objects, 0(0B) LOS objects, 23% free, 51MB/67MB, paused 1.682ms total 49.051ms
08-04 03:00:38.274 27401 27937 I art     : Starting a blocking GC Explicit
08-04 03:00:38.324 27401 27937 I art     : Explicit concurrent mark sweep GC freed 3(96B) AllocSpace objects, 0(0B) LOS objects, 23% free, 51MB/67MB, paused 1.680ms total 49.810ms
08-04 03:00:38.338 27401 27937 I art     : Starting a blocking GC Explicit
08-04 03:00:38.388 27401 27937 I art     : Explicit concurrent mark sweep GC freed 3(96B) AllocSpace objects, 0(0B) LOS objects, 23% free, 51MB/67MB, paused 1.786ms total 49.605ms
08-04 03:00:38.778 27401 29667 I art     : Starting a blocking GC Explicit
08-04 03:00:38.844 27401 29667 I art     : Explicit concurrent mark sweep GC freed 1410(81KB) AllocSpace objects, 1(20KB) LOS objects, 23% free, 51MB/67MB, paused 1.692ms total 65.131ms
08-04 03:00:38.860 27401 29667 I art     : Starting a blocking GC Explicit
08-04 03:00:38.909 27401 29667 I art     : Explicit concurrent mark sweep GC freed 23(752B) AllocSpace objects, 0(0B) LOS objects, 23% free, 51MB/67MB, paused 1.819ms total 48.618ms
08-04 03:00:38.923 27401 29667 I art     : Starting a blocking GC Explicit
08-04 03:00:38.972 27401 29667 I art     : Explicit concurrent mark sweep GC freed 3(96B) AllocSpace objects, 0(0B) LOS objects, 23% free, 51MB/67MB, paused 1.686ms total 48.972ms
08-04 03:00:38.985 27401 29667 I art     : Starting a blocking GC Explicit
08-04 03:00:39.036 27401 29667 I art     : Explicit concurrent mark sweep GC freed 3(96B) AllocSpace objects, 0(0B) LOS objects, 23% free, 51MB/67MB, paused 1.722ms total 49.935ms
08-04 03:00:39.052 27401 29667 I art     : Starting a blocking GC Explicit
08-04 03:00:39.083 23402 23402 I ServiceManager: Waiting for service AtCmdFwd...
08-04 03:00:39.102 27401 29667 I art     : Explicit concurrent mark sweep GC freed 3(96B) AllocSpace objects, 0(0B) LOS objects, 23% free, 51MB/67MB, paused 1.539ms total 49.452ms
08-04 03:00:39.502 27401 27414 I art     : Starting a blocking GC Explicit
08-04 03:00:39.550 27401 27414 I art     : Explicit concurrent mark sweep GC freed 1412(84KB) AllocSpace objects, 1(20KB) LOS objects, 23% free, 51MB/67MB, paused 1.726ms total 48.315ms
08-04 03:00:39.564 27401 27414 I art     : Starting a blocking GC Explicit
08-04 03:00:39.608 27401 27414 I art     : Explicit concurrent mark sweep GC freed 23(752B) AllocSpace objects, 0(0B) LOS objects, 23% free, 51MB/67MB, paused 1.760ms total 44.219ms
08-04 03:00:39.622 27401 27414 I art     : Starting a blocking GC Explicit
08-04 03:00:39.669 27401 27414 I art     : Explicit concurrent mark sweep GC freed 3(96B) AllocSpace objects, 0(0B) LOS objects, 23% free, 51MB/67MB, paused 1.803ms total 46.839ms
08-04 03:00:39.682 27401 27414 I art     : Starting a blocking GC Explicit
08-04 03:00:39.727 27401 27414 I art     : Explicit concurrent mark sweep GC freed 3(96B) AllocSpace objects, 0(0B) LOS objects, 23% free, 51MB/67MB, paused 1.725ms total 44.559ms
08-04 03:00:39.741 27401 27414 I art     : Starting a blocking GC Explicit
08-04 03:00:39.764   518   646 I ThermalEngine: ACTION: GPU - Setting GPU[0] to 510000000
08-04 03:00:39.780 27401 27414 I art     : Explicit concurrent mark sweep GC freed 3(96B) AllocSpace objects, 0(0B) LOS objects, 23% free, 51MB/67MB, paused 1.449ms total 38.713ms
08-04 03:00:39.912 30874 30874 D AndroidRuntime: >>>>>> START com.android.internal.os.RuntimeInit uid 2000 <<<<<<
08-04 03:00:39.917 30874 30874 D AndroidRuntime: CheckJNI is OFF
08-04 03:00:39.951 30874 30874 D ICU     : No timezone override file found: /data/misc/zoneinfo/current/icu/icu_tzdata.dat
08-04 03:00:39.984 30874 30874 I Radio-JNI: register_android_hardware_Radio DONE
08-04 03:00:40.006 30874 30874 D AndroidRuntime: Calling main entry com.android.commands.input.Input
08-04 03:00:40.007 30874 30874 I Input   : injectKeyEvent: KeyEvent { action=ACTION_DOWN, keyCode=KEYCODE_BACK, scanCode=0, metaState=0, flags=0x0, repeatCount=0, eventTime=673256420, downTime=673256420, deviceId=-1, source=0x101 }
08-04 03:00:40.013 30874 30874 I Input   : injectKeyEvent: KeyEvent { action=ACTION_UP, keyCode=KEYCODE_BACK, scanCode=0, metaState=0, flags=0x0, repeatCount=0, eventTime=673256420, downTime=673256420, deviceId=-1, source=0x101 }
08-04 03:00:40.020 30874 30874 D AndroidRuntime: Shutting down VM
08-04 03:00:40.027 27401 27401 V PlaybackController: initServiceNotRunning()
08-04 03:00:40.028 27401 27401 D ExternalPlayerFragment: Loading media info
08-04 03:00:40.033 27401 28337 D ApOkHttpUrlLoader: buildLoadData() called with: model = [http://sixgun.org/files/linuxoutlaws.jpg], width = [224], height = [224]
08-04 03:00:40.037 27401 28144 D DBReader: getImageAuthentication() called with: imageUrl = [http://sixgun.org/files/linuxoutlaws.jpg]
08-04 03:00:40.038 27401 27401 D UserPreferences: Using default data folder
08-04 03:00:40.039 27401 27427 D DBReader: getNavDrawerData() called with: 
08-04 03:00:40.042 27401 28144 D ApOkHttpUrlLoader: no credentials for 'http://sixgun.org/files/linuxoutlaws.jpg'
08-04 03:00:40.054 27401 27427 D DBReader: getDownloadedItems() called
08-04 03:00:40.055 27401 27427 D DBReader: getFavoriteIDList() called
08-04 03:00:40.055 27401 27427 D DBReader: getQueueIDList() called
08-04 03:00:40.056 27401 27427 D DBReader: Extracting Feedlist
08-04 03:00:40.067 13866 13866 I GoogleInputMethodServic: GoogleInputMethodService.onFinishInput():3138 
08-04 03:00:40.068 13866 13866 I GoogleInputMethodServic: GoogleInputMethodService.onStartInput():1808 
08-04 03:00:40.083 27401 27401 D MainActivity: getLastNavFragment() -> AddFeedFragment
08-04 03:00:40.083 23402 23402 I ServiceManager: Waiting for service AtCmdFwd...
08-04 03:00:40.130 27401 27477 I art     : Starting a blocking GC Explicit
08-04 03:00:40.163 27401 27477 I art     : Explicit concurrent mark sweep GC freed 2886(174KB) AllocSpace objects, 1(20KB) LOS objects, 23% free, 51MB/67MB, paused 1.186ms total 32.734ms
08-04 03:00:40.173 27401 27477 I art     : Starting a blocking GC Explicit
08-04 03:00:40.181 27401 28144 D DBWriter: updateFeedDownloadURL(original: http://sixgun.org/files/linuxoutlaws.jpg, updated: https://fab.industries/sixgun/files/linuxoutlaws.jpg)
08-04 03:00:40.207 27401 27477 I art     : Explicit concurrent mark sweep GC freed 694(37KB) AllocSpace objects, 0(0B) LOS objects, 23% free, 51MB/67MB, paused 1.262ms total 33.679ms
08-04 03:00:40.218 27401 27477 I art     : Starting a blocking GC Explicit
08-04 03:00:40.254 27401 27477 I art     : Explicit concurrent mark sweep GC freed 19(784B) AllocSpace objects, 0(0B) LOS objects, 23% free, 51MB/67MB, paused 1.276ms total 35.806ms
08-04 03:00:40.267 27401 27477 I art     : Starting a blocking GC Explicit
08-04 03:00:40.313 27401 27477 I art     : Explicit concurrent mark sweep GC freed 3(96B) AllocSpace objects, 0(0B) LOS objects, 23% free, 51MB/67MB, paused 1.494ms total 45.146ms
08-04 03:00:40.318 27401 28144 D MYTAG   : interceptor 2a
08-04 03:00:40.319 27401 28144 I NAPPA_EXPERIMENTATION: MetricNetworkRequestExecutionTime: REQUEST_DURATION_SYSTEM='276',REQUEST_DURATION_OKHTTP='133',REQUEST_SYNCHRONOUS='TRUE',RESPONSE_CODE='404',RESPONSE_METHOD='GET',RESPONSE_LENGTH_OKHTTP='-1',RESPONSE_LENGTH_HEADER='1503',REQUEST_PROTOCOL='h2',REQUEST_URL='https://fab.industries/sixgun/files/linuxoutlaws.jpg',
08-04 03:00:40.320 27401 27401 W Glide   : Load failed for http://sixgun.org/files/linuxoutlaws.jpg with size [224x224]
08-04 03:00:40.320 27401 27401 W Glide   : class com.bumptech.glide.load.engine.GlideException: Failed to load resource
08-04 03:00:40.320 27401 27401 W Glide   : There was 1 cause:
08-04 03:00:40.320 27401 27401 W Glide   : com.bumptech.glide.load.HttpException()
08-04 03:00:40.320 27401 27401 W Glide   :  call GlideException#logRootCauses(String) for more detail
08-04 03:00:40.320 27401 27401 W Glide   :   Cause (1 of 1): class com.bumptech.glide.load.engine.GlideException: Fetching data failed, class java.io.InputStream, REMOTE
08-04 03:00:40.320 27401 27401 W Glide   : There was 1 cause:
08-04 03:00:40.320 27401 27401 W Glide   : com.bumptech.glide.load.HttpException()
08-04 03:00:40.320 27401 27401 W Glide   :  call GlideException#logRootCauses(String) for more detail
08-04 03:00:40.320 27401 27401 W Glide   :     Cause (1 of 1): class com.bumptech.glide.load.HttpException: 
08-04 03:00:40.320 27401 27401 I Glide   : Root cause (1 of 1)
08-04 03:00:40.320 27401 27401 I Glide   : com.bumptech.glide.load.HttpException: 
08-04 03:00:40.320 27401 27401 I Glide   : 	at com.bumptech.glide.integration.okhttp3.OkHttpStreamFetcher.onResponse(OkHttpStreamFetcher.java:73)
08-04 03:00:40.320 27401 27401 I Glide   : 	at okhttp3.RealCall$AsyncCall.execute(RealCall.java:174)
08-04 03:00:40.320 27401 27401 I Glide   : 	at okhttp3.internal.NamedRunnable.run(NamedRunnable.java:32)
08-04 03:00:40.320 27401 27401 I Glide   : 	at java.util.concurrent.ThreadPoolExecutor.runWorker(ThreadPoolExecutor.java:1113)
08-04 03:00:40.320 27401 27401 I Glide   : 	at java.util.concurrent.ThreadPoolExecutor$Worker.run(ThreadPoolExecutor.java:588)
08-04 03:00:40.320 27401 27401 I Glide   : 	at java.lang.Thread.run(Thread.java:818)
08-04 03:00:40.320 27401 27401 W Glide   : Load failed for http://sixgun.org/files/linuxoutlaws.jpg with size [224x224]
08-04 03:00:40.320 27401 27401 W Glide   : class com.bumptech.glide.load.engine.GlideException: Failed to load resource
08-04 03:00:40.320 27401 27401 W Glide   : There was 1 cause:
08-04 03:00:40.320 27401 27401 W Glide   : com.bumptech.glide.load.HttpException()
08-04 03:00:40.320 27401 27401 W Glide   :  call GlideException#logRootCauses(String) for more detail
08-04 03:00:40.320 27401 27401 W Glide   :   Cause (1 of 1): class com.bumptech.glide.load.engine.GlideException: Fetching data failed, class java.io.InputStream, REMOTE
08-04 03:00:40.320 27401 27401 W Glide   : There was 1 cause:
08-04 03:00:40.320 27401 27401 W Glide   : com.bumptech.glide.load.HttpException()
08-04 03:00:40.320 27401 27401 W Glide   :  call GlideException#logRootCauses(String) for more detail
08-04 03:00:40.320 27401 27401 W Glide   :     Cause (1 of 1): class com.bumptech.glide.load.HttpException: 
08-04 03:00:40.320 27401 27401 I Glide   : Root cause (1 of 1)
08-04 03:00:40.320 27401 27401 I Glide   : com.bumptech.glide.load.HttpException: 
08-04 03:00:40.320 27401 27401 I Glide   : 	at com.bumptech.glide.integration.okhttp3.OkHttpStreamFetcher.onResponse(OkHttpStreamFetcher.java:73)
08-04 03:00:40.320 27401 27401 I Glide   : 	at okhttp3.RealCall$AsyncCall.execute(RealCall.java:174)
08-04 03:00:40.320 27401 27401 I Glide   : 	at okhttp3.internal.NamedRunnable.run(NamedRunnable.java:32)
08-04 03:00:40.320 27401 27401 I Glide   : 	at java.util.concurrent.ThreadPoolExecutor.runWorker(ThreadPoolExecutor.java:1113)
08-04 03:00:40.320 27401 27401 I Glide   : 	at java.util.concurrent.ThreadPoolExecutor$Worker.run(ThreadPoolExecutor.java:588)
08-04 03:00:40.320 27401 27401 I Glide   : 	at java.lang.Thread.run(Thread.java:818)
08-04 03:00:40.326 27401 27477 I art     : Starting a blocking GC Explicit
08-04 03:00:40.367 27401 27477 I art     : Explicit concurrent mark sweep GC freed 576(75KB) AllocSpace objects, 0(0B) LOS objects, 23% free, 51MB/67MB, paused 1.101ms total 40.911ms
08-04 03:00:40.374   380   380 W SurfaceFlinger: couldn't log to binary event log: overflow.
08-04 03:00:40.689 27401 27937 I art     : Starting a blocking GC Explicit
08-04 03:00:40.737 27401 27937 I art     : Explicit concurrent mark sweep GC freed 2022(109KB) AllocSpace objects, 1(20KB) LOS objects, 23% free, 51MB/67MB, paused 1.573ms total 48.185ms
08-04 03:00:40.752 27401 27937 I art     : Starting a blocking GC Explicit
08-04 03:00:40.790 27401 27937 I art     : Explicit concurrent mark sweep GC freed 2877(236KB) AllocSpace objects, 1(28KB) LOS objects, 23% free, 50MB/66MB, paused 1.327ms total 37.053ms
08-04 03:00:40.800 27401 27937 I art     : Starting a blocking GC Explicit
08-04 03:00:40.837 27401 27937 I art     : Explicit concurrent mark sweep GC freed 3(96B) AllocSpace objects, 0(0B) LOS objects, 23% free, 50MB/66MB, paused 1.316ms total 36.590ms
08-04 03:00:40.848 27401 27937 I art     : Starting a blocking GC Explicit
08-04 03:00:40.884 27401 27937 I art     : Explicit concurrent mark sweep GC freed 3(96B) AllocSpace objects, 0(0B) LOS objects, 23% free, 50MB/66MB, paused 1.255ms total 36.568ms
08-04 03:00:40.895 27401 27937 I art     : Starting a blocking GC Explicit
08-04 03:00:40.931 27401 27937 I art     : Explicit concurrent mark sweep GC freed 3(96B) AllocSpace objects, 0(0B) LOS objects, 23% free, 50MB/66MB, paused 1.245ms total 35.978ms
08-04 03:00:41.085 23402 23402 I ServiceManager: Waiting for service AtCmdFwd...
08-04 03:00:41.255 27401 29667 I art     : Starting a blocking GC Explicit
08-04 03:00:41.294 27401 29667 I art     : Explicit concurrent mark sweep GC freed 1383(81KB) AllocSpace objects, 1(20KB) LOS objects, 23% free, 50MB/66MB, paused 1.257ms total 38.980ms
08-04 03:00:41.305 27401 29667 I art     : Starting a blocking GC Explicit
08-04 03:00:41.339 27401 29667 I art     : Explicit concurrent mark sweep GC freed 23(752B) AllocSpace objects, 0(0B) LOS objects, 23% free, 50MB/66MB, paused 1.290ms total 33.376ms
08-04 03:00:41.348 27401 29667 I art     : Starting a blocking GC Explicit
08-04 03:00:41.381 27401 29667 I art     : Explicit concurrent mark sweep GC freed 3(96B) AllocSpace objects, 0(0B) LOS objects, 23% free, 50MB/66MB, paused 1.216ms total 32.515ms
08-04 03:00:41.391 27401 29667 I art     : Starting a blocking GC Explicit
08-04 03:00:41.425 27401 29667 I art     : Explicit concurrent mark sweep GC freed 3(96B) AllocSpace objects, 0(0B) LOS objects, 23% free, 50MB/66MB, paused 1.239ms total 34.040ms
08-04 03:00:41.435 27401 29667 I art     : Starting a blocking GC Explicit
08-04 03:00:41.469 27401 29667 I art     : Explicit concurrent mark sweep GC freed 3(96B) AllocSpace objects, 0(0B) LOS objects, 23% free, 50MB/66MB, paused 1.269ms total 33.915ms
08-04 03:00:41.676 30917 30917 D AndroidRuntime: >>>>>> START com.android.internal.os.RuntimeInit uid 2000 <<<<<<
08-04 03:00:41.681 30917 30917 D AndroidRuntime: CheckJNI is OFF
08-04 03:00:41.718 30917 30917 D ICU     : No timezone override file found: /data/misc/zoneinfo/current/icu/icu_tzdata.dat
08-04 03:00:41.752 30917 30917 I Radio-JNI: register_android_hardware_Radio DONE
08-04 03:00:41.774 30917 30917 D AndroidRuntime: Calling main entry com.android.commands.input.Input
08-04 03:00:41.775 30917 30917 I Input   : injectKeyEvent: KeyEvent { action=ACTION_DOWN, keyCode=KEYCODE_BACK, scanCode=0, metaState=0, flags=0x0, repeatCount=0, eventTime=673258188, downTime=673258188, deviceId=-1, source=0x101 }
08-04 03:00:41.782 30917 30917 I Input   : injectKeyEvent: KeyEvent { action=ACTION_UP, keyCode=KEYCODE_BACK, scanCode=0, metaState=0, flags=0x0, repeatCount=0, eventTime=673258188, downTime=673258188, deviceId=-1, source=0x101 }
08-04 03:00:41.783 27401 27937 I art     : Starting a blocking GC Explicit
08-04 03:00:41.801 30917 30917 D AndroidRuntime: Shutting down VM
08-04 03:00:41.820 27401 27937 I art     : Explicit concurrent mark sweep GC freed 3533(169KB) AllocSpace objects, 1(20KB) LOS objects, 23% free, 51MB/67MB, paused 1.697ms total 36.897ms
08-04 03:00:41.830 27401 27937 I art     : Starting a blocking GC Explicit
08-04 03:00:41.862 27401 27937 I art     : Explicit concurrent mark sweep GC freed 311(19KB) AllocSpace objects, 0(0B) LOS objects, 23% free, 50MB/66MB, paused 1.122ms total 31.850ms
08-04 03:00:41.872 27401 27937 I art     : Starting a blocking GC Explicit
08-04 03:00:41.905 27401 27937 I art     : Explicit concurrent mark sweep GC freed 5101(377KB) AllocSpace objects, 9(1620KB) LOS objects, 24% free, 49MB/65MB, paused 1.189ms total 33.039ms
08-04 03:00:41.915 27401 27937 I art     : Starting a blocking GC Explicit
08-04 03:00:41.949 27401 27937 I art     : Explicit concurrent mark sweep GC freed 48(2016B) AllocSpace objects, 0(0B) LOS objects, 24% free, 49MB/65MB, paused 1.240ms total 33.362ms
08-04 03:00:41.959 27401 27937 I art     : Starting a blocking GC Explicit
08-04 03:00:41.992 27401 27937 I art     : Explicit concurrent mark sweep GC freed 3(96B) AllocSpace objects, 0(0B) LOS objects, 24% free, 49MB/65MB, paused 1.390ms total 33.081ms
08-04 03:00:42.087 23402 23402 W Atfwd_Sendcmd: AtCmdFwd service not published, waiting... retryCnt : 4
08-04 03:00:42.300 27401 29667 I art     : Starting a blocking GC Explicit
08-04 03:00:42.339 27401 29667 I art     : Explicit concurrent mark sweep GC freed 1382(82KB) AllocSpace objects, 1(20KB) LOS objects, 24% free, 49MB/65MB, paused 1.261ms total 38.441ms
08-04 03:00:42.349 27401 29667 I art     : Starting a blocking GC Explicit
08-04 03:00:42.383 27401 29667 I art     : Explicit concurrent mark sweep GC freed 23(752B) AllocSpace objects, 0(0B) LOS objects, 24% free, 49MB/65MB, paused 1.200ms total 33.348ms
08-04 03:00:42.393 27401 29667 I art     : Starting a blocking GC Explicit
08-04 03:00:42.428 27401 29667 I art     : Explicit concurrent mark sweep GC freed 3(96B) AllocSpace objects, 0(0B) LOS objects, 24% free, 49MB/65MB, paused 1.390ms total 34.569ms
08-04 03:00:42.438 27401 29667 I art     : Starting a blocking GC Explicit
08-04 03:00:42.473 27401 29667 I art     : Explicit concurrent mark sweep GC freed 3(96B) AllocSpace objects, 0(0B) LOS objects, 24% free, 49MB/65MB, paused 1.195ms total 34.496ms
08-04 03:00:42.483 27401 29667 I art     : Starting a blocking GC Explicit
08-04 03:00:42.518 27401 29667 I art     : Explicit concurrent mark sweep GC freed 32(880B) AllocSpace objects, 0(0B) LOS objects, 24% free, 49MB/65MB, paused 1.223ms total 34.568ms
08-04 03:00:42.850 27401 27413 I art     : Starting a blocking GC Explicit
08-04 03:00:42.900 27401 27413 I art     : Explicit concurrent mark sweep GC freed 1381(82KB) AllocSpace objects, 1(20KB) LOS objects, 24% free, 49MB/65MB, paused 1.492ms total 49.433ms
08-04 03:00:42.914 27401 27413 I art     : Starting a blocking GC Explicit
08-04 03:00:42.948 27401 27413 I art     : Explicit concurrent mark sweep GC freed 23(752B) AllocSpace objects, 0(0B) LOS objects, 24% free, 49MB/65MB, paused 1.244ms total 34.507ms
08-04 03:00:42.959 27401 27413 I art     : Starting a blocking GC Explicit
08-04 03:00:42.993 27401 27413 I art     : Explicit concurrent mark sweep GC freed 3(96B) AllocSpace objects, 0(0B) LOS objects, 24% free, 49MB/65MB, paused 1.180ms total 34.330ms
08-04 03:00:43.004 27401 27413 I art     : Starting a blocking GC Explicit
08-04 03:00:43.037 27401 27413 I art     : Explicit concurrent mark sweep GC freed 3(96B) AllocSpace objects, 0(0B) LOS objects, 24% free, 49MB/65MB, paused 1.084ms total 32.776ms
08-04 03:00:43.047 27401 27413 I art     : Starting a blocking GC Explicit
08-04 03:00:43.079 27401 27413 I art     : Explicit concurrent mark sweep GC freed 3(96B) AllocSpace objects, 0(0B) LOS objects, 24% free, 49MB/65MB, paused 1.220ms total 31.992ms
08-04 03:00:43.397 27401 27414 I art     : Starting a blocking GC Explicit
08-04 03:00:43.435 27401 27414 I art     : Explicit concurrent mark sweep GC freed 1385(83KB) AllocSpace objects, 1(20KB) LOS objects, 24% free, 49MB/65MB, paused 1.180ms total 37.797ms
08-04 03:00:43.447 27401 27414 I art     : Starting a blocking GC Explicit
08-04 03:00:43.449 30960 30960 D AndroidRuntime: >>>>>> START com.android.internal.os.RuntimeInit uid 2000 <<<<<<
08-04 03:00:43.454 30960 30960 D AndroidRuntime: CheckJNI is OFF
08-04 03:00:43.478 27401 27414 I art     : Explicit concurrent mark sweep GC freed 27(880B) AllocSpace objects, 0(0B) LOS objects, 24% free, 49MB/65MB, paused 1.224ms total 31.423ms
08-04 03:00:43.487 27401 27414 I art     : Starting a blocking GC Explicit
08-04 03:00:43.488 30960 30960 D ICU     : No timezone override file found: /data/misc/zoneinfo/current/icu/icu_tzdata.dat
08-04 03:00:43.516 27401 27414 I art     : Explicit concurrent mark sweep GC freed 38(1072B) AllocSpace objects, 0(0B) LOS objects, 24% free, 49MB/65MB, paused 1.130ms total 28.690ms
08-04 03:00:43.521 30960 30960 I Radio-JNI: register_android_hardware_Radio DONE
08-04 03:00:43.526 27401 27414 I art     : Starting a blocking GC Explicit
08-04 03:00:43.543 30960 30960 D AndroidRuntime: Calling main entry com.android.commands.input.Input
08-04 03:00:43.545 30960 30960 I Input   : injectMotionEvent: MotionEvent { action=ACTION_DOWN, actionButton=0, id[0]=0, x[0]=603.0, y[0]=1061.0, toolType[0]=TOOL_TYPE_UNKNOWN, buttonState=0, metaState=0, flags=0x0, edgeFlags=0x0, pointerCount=1, historySize=0, eventTime=673259958, downTime=673259958, deviceId=0, source=0x1002 }
08-04 03:00:43.551 30960 30960 I Input   : injectMotionEvent: MotionEvent { action=ACTION_UP, actionButton=0, id[0]=0, x[0]=603.0, y[0]=1061.0, toolType[0]=TOOL_TYPE_UNKNOWN, buttonState=0, metaState=0, flags=0x0, edgeFlags=0x0, pointerCount=1, historySize=0, eventTime=673259958, downTime=673259958, deviceId=0, source=0x1002 }
08-04 03:00:43.555 30960 30960 D AndroidRuntime: Shutting down VM
08-04 03:00:43.557 27401 27414 I art     : Explicit concurrent mark sweep GC freed 35(1184B) AllocSpace objects, 0(0B) LOS objects, 24% free, 49MB/65MB, paused 1.296ms total 29.956ms
08-04 03:00:43.565   512  2967 D audio_hw_primary: out_set_parameters: enter: usecase(1: low-latency-playback) kvpairs: routing=2
08-04 03:00:43.567 27401 27414 I art     : Starting a blocking GC Explicit
08-04 03:00:43.578   512  2967 D audio_hw_primary: select_devices: out_snd_device(2: speaker) in_snd_device(0: none)
08-04 03:00:43.578   512  2967 D msm8974_platform: platform_send_audio_calibration: sending audio calibration for snd_device(2) acdb_id(15)
08-04 03:00:43.578   512  2967 I soundtrigger: audio_extn_sound_trigger_update_device_status: device 0x2 of type 0 for Event 1
08-04 03:00:43.587   512  2967 D audio_hw_primary: enable_snd_device: snd_device(2: speaker)
08-04 03:00:43.589   512  2967 D audio_hw_primary: enable_audio_route: apply and update mixer path: low-latency-playback speaker
08-04 03:00:43.597 27401 27414 I art     : Explicit concurrent mark sweep GC freed 731(31KB) AllocSpace objects, 0(0B) LOS objects, 24% free, 49MB/65MB, paused 1.606ms total 30.042ms
08-04 03:00:43.675 27401 30983 I NAPPA_EXPERIMENTATION: MetricNetworkRequestExecutionTime: REQUEST_DURATION_SYSTEM='73',REQUEST_DURATION_OKHTTP='72',REQUEST_SYNCHRONOUS='TRUE',RESPONSE_CODE='200',RESPONSE_METHOD='GET',RESPONSE_LENGTH_OKHTTP='37507',RESPONSE_LENGTH_HEADER='37507',REQUEST_PROTOCOL='http/1.1',REQUEST_URL='https://gpodder.net/toplist/50.json',
08-04 03:00:43.687 27401 29932 I NAPPA_EXPERIMENTATION: MetricNetworkRequestExecutionTime: REQUEST_DURATION_SYSTEM='83',REQUEST_DURATION_OKHTTP='83',REQUEST_SYNCHRONOUS='TRUE',RESPONSE_CODE='200',RESPONSE_METHOD='GET',RESPONSE_LENGTH_OKHTTP='2923',RESPONSE_LENGTH_HEADER='2923',REQUEST_PROTOCOL='http/1.1',REQUEST_URL='https://gpodder.net/api/2/tags/50.json',
08-04 03:00:43.713 27401 28337 D ApOkHttpUrlLoader: buildLoadData() called with: model = [http://sixgun.org/files/linuxoutlaws.jpg], width = [224], height = [224]
08-04 03:00:43.714 27401 28144 D DBReader: getImageAuthentication() called with: imageUrl = [http://sixgun.org/files/linuxoutlaws.jpg]
08-04 03:00:43.717 27401 28144 D ApOkHttpUrlLoader: no credentials for 'http://sixgun.org/files/linuxoutlaws.jpg'
08-04 03:00:43.725 27401 28337 D ApOkHttpUrlLoader: buildLoadData() called with: model = [https://files.thisamericanlife.org/sites/all/themes/thislife/img/tal-name-1400x1400.png], width = [224], height = [224]
08-04 03:00:43.730 27401 28337 D ApOkHttpUrlLoader: buildLoadData() called with: model = [https://elroy.twit.tv/sites/default/files/styles/twit_album_art_2048x2048/public/images/shows/floss_weekly/album_art/audio/floss_albumart_mask.jpg?itok=IUjxKpwt], width = [224], height = [224]
08-04 03:00:43.736 27401 28337 D ApOkHttpUrlLoader: buildLoadData() called with: model = [http://ichef.bbci.co.uk/images/ic/3000x3000/p07kfvzb.jpg], width = [224], height = [224]
08-04 03:00:43.741 27401 28337 D ApOkHttpUrlLoader: buildLoadData() called with: model = [https://pl.tedcdn.com/rss_feed_images/ted_talks_main_podcast/video.png], width = [224], height = [224]
08-04 03:00:43.744 27401 28144 D DBWriter: updateFeedDownloadURL(original: http://sixgun.org/files/linuxoutlaws.jpg, updated: https://fab.industries/sixgun/files/linuxoutlaws.jpg)
08-04 03:00:43.745 27401 28337 D ApOkHttpUrlLoader: buildLoadData() called with: model = [https://elroy.twit.tv/sites/default/files/styles/twit_album_art_2048x2048/public/images/shows/this_week_in_tech/album_art/audio/twit1400audio.jpg?itok=J0vhatZb], width = [224], height = [224]
08-04 03:00:43.749 27401 28337 D ApOkHttpUrlLoader: buildLoadData() called with: model = [http://ichef.bbci.co.uk/images/ic/3000x3000/p03gtk3j.jpg], width = [224], height = [224]
08-04 03:00:43.878 27401 28144 D MYTAG   : interceptor 2a
08-04 03:00:43.878 27401 28144 I NAPPA_EXPERIMENTATION: MetricNetworkRequestExecutionTime: REQUEST_DURATION_SYSTEM='161',REQUEST_DURATION_OKHTTP='130',REQUEST_SYNCHRONOUS='TRUE',RESPONSE_CODE='404',RESPONSE_METHOD='GET',RESPONSE_LENGTH_OKHTTP='-1',RESPONSE_LENGTH_HEADER='1503',REQUEST_PROTOCOL='h2',REQUEST_URL='https://fab.industries/sixgun/files/linuxoutlaws.jpg',
08-04 03:00:43.879 27401 27401 W Glide   : Load failed for http://sixgun.org/files/linuxoutlaws.jpg with size [224x224]
08-04 03:00:43.879 27401 27401 W Glide   : class com.bumptech.glide.load.engine.GlideException: Failed to load resource
08-04 03:00:43.879 27401 27401 W Glide   : There was 1 cause:
08-04 03:00:43.879 27401 27401 W Glide   : com.bumptech.glide.load.HttpException()
08-04 03:00:43.879 27401 27401 W Glide   :  call GlideException#logRootCauses(String) for more detail
08-04 03:00:43.879 27401 27401 W Glide   :   Cause (1 of 1): class com.bumptech.glide.load.engine.GlideException: Fetching data failed, class java.io.InputStream, REMOTE
08-04 03:00:43.879 27401 27401 W Glide   : There was 1 cause:
08-04 03:00:43.879 27401 27401 W Glide   : com.bumptech.glide.load.HttpException()
08-04 03:00:43.879 27401 27401 W Glide   :  call GlideException#logRootCauses(String) for more detail
08-04 03:00:43.879 27401 27401 W Glide   :     Cause (1 of 1): class com.bumptech.glide.load.HttpException: 
08-04 03:00:43.880 27401 27401 I Glide   : Root cause (1 of 1)
08-04 03:00:43.880 27401 27401 I Glide   : com.bumptech.glide.load.HttpException: 
08-04 03:00:43.880 27401 27401 I Glide   : 	at com.bumptech.glide.integration.okhttp3.OkHttpStreamFetcher.onResponse(OkHttpStreamFetcher.java:73)
08-04 03:00:43.880 27401 27401 I Glide   : 	at okhttp3.RealCall$AsyncCall.execute(RealCall.java:174)
08-04 03:00:43.880 27401 27401 I Glide   : 	at okhttp3.internal.NamedRunnable.run(NamedRunnable.java:32)
08-04 03:00:43.880 27401 27401 I Glide   : 	at java.util.concurrent.ThreadPoolExecutor.runWorker(ThreadPoolExecutor.java:1113)
08-04 03:00:43.880 27401 27401 I Glide   : 	at java.util.concurrent.ThreadPoolExecutor$Worker.run(ThreadPoolExecutor.java:588)
08-04 03:00:43.880 27401 27401 I Glide   : 	at java.lang.Thread.run(Thread.java:818)
08-04 03:00:43.881 27401 27401 W Glide   : Load failed for http://sixgun.org/files/linuxoutlaws.jpg with size [224x224]
08-04 03:00:43.881 27401 27401 W Glide   : class com.bumptech.glide.load.engine.GlideException: Failed to load resource
08-04 03:00:43.881 27401 27401 W Glide   : There was 1 cause:
08-04 03:00:43.881 27401 27401 W Glide   : com.bumptech.glide.load.HttpException()
08-04 03:00:43.881 27401 27401 W Glide   :  call GlideException#logRootCauses(String) for more detail
08-04 03:00:43.881 27401 27401 W Glide   :   Cause (1 of 1): class com.bumptech.glide.load.engine.GlideException: Fetching data failed, class java.io.InputStream, REMOTE
08-04 03:00:43.881 27401 27401 W Glide   : There was 1 cause:
08-04 03:00:43.881 27401 27401 W Glide   : com.bumptech.glide.load.HttpException()
08-04 03:00:43.881 27401 27401 W Glide   :  call GlideException#logRootCauses(String) for more detail
08-04 03:00:43.881 27401 27401 W Glide   :     Cause (1 of 1): class com.bumptech.glide.load.HttpException: 
08-04 03:00:43.881 27401 29667 I art     : Starting a blocking GC Explicit
08-04 03:00:43.881 27401 27401 I Glide   : Root cause (1 of 1)
08-04 03:00:43.881 27401 27401 I Glide   : com.bumptech.glide.load.HttpException: 
08-04 03:00:43.881 27401 27401 I Glide   : 	at com.bumptech.glide.integration.okhttp3.OkHttpStreamFetcher.onResponse(OkHttpStreamFetcher.java:73)
08-04 03:00:43.881 27401 27401 I Glide   : 	at okhttp3.RealCall$AsyncCall.execute(RealCall.java:174)
08-04 03:00:43.881 27401 27401 I Glide   : 	at okhttp3.internal.NamedRunnable.run(NamedRunnable.java:32)
08-04 03:00:43.881 27401 27401 I Glide   : 	at java.util.concurrent.ThreadPoolExecutor.runWorker(ThreadPoolExecutor.java:1113)
08-04 03:00:43.881 27401 27401 I Glide   : 	at java.util.concurrent.ThreadPoolExecutor$Worker.run(ThreadPoolExecutor.java:588)
08-04 03:00:43.881 27401 27401 I Glide   : 	at java.lang.Thread.run(Thread.java:818)
08-04 03:00:43.921 27401 29667 I art     : Explicit concurrent mark sweep GC freed 10368(668KB) AllocSpace objects, 4(212KB) LOS objects, 23% free, 51MB/67MB, paused 1.325ms total 39.398ms
08-04 03:00:43.931 27401 29667 I art     : Starting a blocking GC Explicit
08-04 03:00:43.964 27401 29667 I art     : Explicit concurrent mark sweep GC freed 1924(95KB) AllocSpace objects, 1(220KB) LOS objects, 23% free, 50MB/66MB, paused 1.190ms total 32.136ms
08-04 03:00:43.974 27401 29667 I art     : Starting a blocking GC Explicit
08-04 03:00:44.009 27401 29667 I art     : Explicit concurrent mark sweep GC freed 3(96B) AllocSpace objects, 0(0B) LOS objects, 23% free, 50MB/66MB, paused 1.295ms total 34.975ms
08-04 03:00:44.021 27401 29667 I art     : Starting a blocking GC Explicit
08-04 03:00:44.053 27401 29667 I art     : Explicit concurrent mark sweep GC freed 3(96B) AllocSpace objects, 0(0B) LOS objects, 23% free, 50MB/66MB, paused 1.090ms total 31.896ms
08-04 03:00:44.062 27401 29667 I art     : Starting a blocking GC Explicit
08-04 03:00:44.097 27401 29667 I art     : Explicit concurrent mark sweep GC freed 3(96B) AllocSpace objects, 0(0B) LOS objects, 23% free, 50MB/66MB, paused 1.192ms total 34.493ms
08-04 03:00:44.130   512  2967 D audio_hw_primary: disable_audio_route: reset and update mixer path: low-latency-playback speaker
08-04 03:00:44.131   512  2967 D audio_hw_primary: disable_snd_device: snd_device(2: speaker)
08-04 03:00:44.140   512  2967 I soundtrigger: audio_extn_sound_trigger_update_device_status: device 0x2 of type 0 for Event 0
08-04 03:00:44.429 27401 27937 I art     : Starting a blocking GC Explicit
08-04 03:00:44.468 27401 27937 I art     : Explicit concurrent mark sweep GC freed 1381(81KB) AllocSpace objects, 1(20KB) LOS objects, 23% free, 50MB/66MB, paused 1.506ms total 39.090ms
08-04 03:00:44.479 27401 27937 I art     : Starting a blocking GC Explicit
08-04 03:00:44.516 27401 27937 I art     : Explicit concurrent mark sweep GC freed 69(2144B) AllocSpace objects, 0(0B) LOS objects, 23% free, 50MB/66MB, paused 1.229ms total 36.352ms
08-04 03:00:44.526 27401 27937 I art     : Starting a blocking GC Explicit
08-04 03:00:44.563 27401 27937 I art     : Explicit concurrent mark sweep GC freed 3(96B) AllocSpace objects, 0(0B) LOS objects, 23% free, 50MB/66MB, paused 1.267ms total 36.072ms
08-04 03:00:44.573 27401 27937 I art     : Starting a blocking GC Explicit
08-04 03:00:44.609 27401 27937 I art     : Explicit concurrent mark sweep GC freed 3(96B) AllocSpace objects, 0(0B) LOS objects, 23% free, 50MB/66MB, paused 1.230ms total 35.622ms
08-04 03:00:44.620 27401 27937 I art     : Starting a blocking GC Explicit
08-04 03:00:44.656 27401 27937 I art     : Explicit concurrent mark sweep GC freed 3(96B) AllocSpace objects, 0(0B) LOS objects, 23% free, 50MB/66MB, paused 1.236ms total 36.184ms
08-04 03:00:44.775   518   646 I ThermalEngine: ACTION: GPU - Setting GPU[0] to 450000000
08-04 03:00:45.009 27401 27414 I art     : Starting a blocking GC Explicit
08-04 03:00:45.064 27401 27414 I art     : Explicit concurrent mark sweep GC freed 1381(81KB) AllocSpace objects, 1(20KB) LOS objects, 23% free, 50MB/66MB, paused 1.688ms total 55.018ms
08-04 03:00:45.081 27401 27414 I art     : Starting a blocking GC Explicit
08-04 03:00:45.126 27401 27414 I art     : Explicit concurrent mark sweep GC freed 23(752B) AllocSpace objects, 0(0B) LOS objects, 23% free, 50MB/66MB, paused 1.538ms total 45.498ms
08-04 03:00:45.140 27401 27414 I art     : Starting a blocking GC Explicit
08-04 03:00:45.184 27401 27414 I art     : Explicit concurrent mark sweep GC freed 3(96B) AllocSpace objects, 0(0B) LOS objects, 23% free, 50MB/66MB, paused 1.593ms total 44.471ms
08-04 03:00:45.198 27401 27414 I art     : Starting a blocking GC Explicit
08-04 03:00:45.245 27401 27414 I art     : Explicit concurrent mark sweep GC freed 3(96B) AllocSpace objects, 0(0B) LOS objects, 23% free, 50MB/66MB, paused 1.495ms total 46.567ms
08-04 03:00:45.259 27401 27414 I art     : Starting a blocking GC Explicit
08-04 03:00:45.308 27401 27414 I art     : Explicit concurrent mark sweep GC freed 4(160B) AllocSpace objects, 0(0B) LOS objects, 23% free, 50MB/66MB, paused 1.724ms total 48.730ms
08-04 03:00:45.402   918  3247 I InputReader: Reconfiguring input devices.  changes=0x00000010
08-04 03:00:45.408   918   918 W ResourceType: ResTable_typeSpec entry count inconsistent: given 83, previously 87
08-04 03:00:45.408   918   918 W ResourceType: ResTable_typeSpec entry count inconsistent: given 542, previously 2227
08-04 03:00:45.408   918   918 W ResourceType: ResTable_typeSpec entry count inconsistent: given 669, previously 1961
08-04 03:00:45.411   918   918 W ResourceType: ResTable_typeSpec entry count inconsistent: given 1967, previously 1961
08-04 03:00:45.411   918   918 W ResourceType: ResTable_typeSpec entry count inconsistent: given 386, previously 2092
08-04 03:00:45.412   918   918 W ResourceType: For resource 0x7f0805b8, entry index(1464) is beyond type entryCount(669)
08-04 03:00:45.413   918   918 W ResourceType: For resource 0x7f0805b8, entry index(1464) is beyond type entryCount(669)
08-04 03:00:45.413   918   918 W ResourceType: For resource 0x7f0805b8, entry index(1464) is beyond type entryCount(669)
08-04 03:00:45.427   918   930 W ResourceType: ResTable_typeSpec entry count inconsistent: given 37, previously 42
08-04 03:00:45.427   918   930 W ResourceType: ResTable_typeSpec entry count inconsistent: given 2527, previously 2530
08-04 03:00:45.428   918   930 W ResourceType: ResTable_typeSpec entry count inconsistent: given 2542, previously 2545
08-04 03:00:45.429   918   930 W ResourceType: ResTable_typeSpec entry count inconsistent: given 303, previously 1691
08-04 03:00:45.457 24365 31025 I Fitness : OnPackageChangedOperation got intent: Intent { act=android.intent.action.PACKAGE_CHANGED dat=package:com.google.android.talk flg=0x4000010 cmp=com.google.android.gms/.chimera.PersistentIntentOperationService (has extras) } [CONTEXT service_id=17 ]
08-04 03:00:45.461 23593 23593 I Finsky  : [1] uah.a(18): PackageMonitorReceiverImpl - Received: android.intent.action.PACKAGE_CHANGED, [6xenAgpwpEkTltaPdf95MQ21dEOZMDrVh3pUVXZo6GU]
08-04 03:00:45.462 23593 23593 I Finsky  : [1] ubi.d(9): Invalidating cached PackageState for com.google.android.talk
08-04 03:00:45.471 24365 31026 I Fitness : FitCleanupIntentOperation received Intent android.intent.action.PACKAGE_CHANGED [CONTEXT service_id=17 ]
08-04 03:00:45.475 23593 23593 I Finsky  : [1] lzi.c(2): Frosting ID looked up on UI thread. Caller should move to a background thread.
08-04 03:00:45.512 23593 23593 I Finsky  : [1] lzi.c(2): Frosting ID looked up on UI thread. Caller should move to a background thread.
08-04 03:00:45.530 23593 31030 I Finsky  : [5710] lyv.run(-1): Wrote row to frosting DB: 2180
08-04 03:00:45.606 23593 31030 I Finsky  : [5710] lyv.run(-1): Wrote row to frosting DB: 2181
08-04 03:00:45.643 27401 29667 I art     : Starting a blocking GC Explicit
08-04 03:00:45.678 24577 13294 I Icing   : IndexChimeraService.getServiceInterface callingPackage=com.google.android.gms componentName=AppsCorpus serviceId=36
08-04 03:00:45.683 27401 29667 I art     : Explicit concurrent mark sweep GC freed 1471(83KB) AllocSpace objects, 1(20KB) LOS objects, 23% free, 50MB/66MB, paused 1.510ms total 40.081ms
08-04 03:00:45.696 27401 29667 I art     : Starting a blocking GC Explicit
08-04 03:00:45.717 24577  5653 W Icing   : No valid account for uploading user actions
08-04 03:00:45.733 27401 29667 I art     : Explicit concurrent mark sweep GC freed 40(1328B) AllocSpace objects, 0(0B) LOS objects, 23% free, 50MB/66MB, paused 1.417ms total 36.908ms
08-04 03:00:45.745 27401 29667 I art     : Starting a blocking GC Explicit
08-04 03:00:45.747 24577 13316 I Icing   : IndexChimeraService.getServiceInterface callingPackage=com.google.android.gms componentName=null serviceId=30
08-04 03:00:45.782 24577  5653 I Icing   : Usage reports ok 1, Failed Usage reports 0, indexed 0, rejected 0
08-04 03:00:45.784 27401 29667 I art     : Explicit concurrent mark sweep GC freed 3(96B) AllocSpace objects, 0(0B) LOS objects, 23% free, 50MB/66MB, paused 1.397ms total 38.479ms
08-04 03:00:45.785 24577  5653 W Icing   : No valid account for uploading user actions
08-04 03:00:45.786 24577 13316 I Icing   : IndexChimeraService.getServiceInterface callingPackage=com.google.android.gms componentName=null serviceId=36
08-04 03:00:45.794 24577  5653 I Icing   : Usage reports ok 0, Failed Usage reports 0, indexed 0, rejected 0
08-04 03:00:45.795 24577  5653 I Icing   : Indexing com.google.android.gms-internal.3p:MobileApplication from com.google.android.gms using seqno 763
08-04 03:00:45.796 27401 29667 I art     : Starting a blocking GC Explicit
08-04 03:00:45.814 24577  5653 W Icing   : No valid account for uploading user actions
08-04 03:00:45.823 24577  5653 I Icing   : Usage reports ok 0, Failed Usage reports 0, indexed 0, rejected 0
08-04 03:00:45.834 27401 29667 I art     : Explicit concurrent mark sweep GC freed 3(96B) AllocSpace objects, 0(0B) LOS objects, 23% free, 50MB/66MB, paused 1.545ms total 38.117ms
08-04 03:00:45.847 27401 29667 I art     : Starting a blocking GC Explicit
08-04 03:00:45.888 27401 29667 I art     : Explicit concurrent mark sweep GC freed 3(96B) AllocSpace objects, 0(0B) LOS objects, 23% free, 50MB/66MB, paused 1.720ms total 41.301ms
08-04 03:00:46.285 27401 27413 I art     : Starting a blocking GC Explicit
08-04 03:00:46.348 27401 27413 I art     : Explicit concurrent mark sweep GC freed 1381(81KB) AllocSpace objects, 1(20KB) LOS objects, 23% free, 50MB/66MB, paused 1.752ms total 63.250ms
08-04 03:00:46.367 27401 27413 I art     : Starting a blocking GC Explicit
08-04 03:00:46.413 27401 27413 I art     : Explicit concurrent mark sweep GC freed 23(752B) AllocSpace objects, 0(0B) LOS objects, 23% free, 50MB/66MB, paused 1.634ms total 45.927ms
08-04 03:00:46.427 27401 27413 I art     : Starting a blocking GC Explicit
08-04 03:00:46.474 27401 27413 I art     : Explicit concurrent mark sweep GC freed 3(96B) AllocSpace objects, 0(0B) LOS objects, 23% free, 50MB/66MB, paused 1.579ms total 47.072ms
08-04 03:00:46.487 27401 27413 I art     : Starting a blocking GC Explicit
08-04 03:00:46.534 27401 27413 I art     : Explicit concurrent mark sweep GC freed 32(880B) AllocSpace objects, 0(0B) LOS objects, 23% free, 50MB/66MB, paused 1.637ms total 46.788ms
08-04 03:00:46.548 27401 27413 I art     : Starting a blocking GC Explicit
08-04 03:00:46.597 27401 27413 I art     : Explicit concurrent mark sweep GC freed 3(96B) AllocSpace objects, 0(0B) LOS objects, 23% free, 50MB/66MB, paused 1.581ms total 48.107ms
08-04 03:00:46.785 24577  5653 I Icing   : Indexing com.google.android.gms-apps from com.google.android.gms
08-04 03:00:46.836 24577  5653 I Icing   : Indexing done com.google.android.gms-apps
08-04 03:00:46.984 27401 27477 I art     : Starting a blocking GC Explicit
08-04 03:00:47.036 27401 27477 I art     : Explicit concurrent mark sweep GC freed 1381(81KB) AllocSpace objects, 1(20KB) LOS objects, 23% free, 50MB/66MB, paused 1.664ms total 51.891ms
08-04 03:00:47.050 27401 27477 I art     : Starting a blocking GC Explicit
08-04 03:00:47.098 27401 27477 I art     : Explicit concurrent mark sweep GC freed 23(752B) AllocSpace objects, 0(0B) LOS objects, 23% free, 50MB/66MB, paused 1.811ms total 48.423ms
08-04 03:00:47.112 27401 27477 I art     : Starting a blocking GC Explicit
08-04 03:00:47.160 27401 27477 I art     : Explicit concurrent mark sweep GC freed 3(96B) AllocSpace objects, 0(0B) LOS objects, 23% free, 50MB/66MB, paused 1.702ms total 47.307ms
08-04 03:00:47.173 27401 27477 I art     : Starting a blocking GC Explicit
08-04 03:00:47.223 27401 27477 I art     : Explicit concurrent mark sweep GC freed 3(96B) AllocSpace objects, 0(0B) LOS objects, 23% free, 50MB/66MB, paused 1.743ms total 49.359ms
08-04 03:00:47.240 27401 27477 I art     : Starting a blocking GC Explicit
08-04 03:00:47.287 27401 27477 I art     : Explicit concurrent mark sweep GC freed 3(96B) AllocSpace objects, 0(0B) LOS objects, 23% free, 50MB/66MB, paused 1.684ms total 47.116ms
08-04 03:00:47.675 27401 27414 I art     : Starting a blocking GC Explicit
08-04 03:00:47.733 27401 27414 I art     : Explicit concurrent mark sweep GC freed 1411(82KB) AllocSpace objects, 1(20KB) LOS objects, 23% free, 50MB/66MB, paused 1.699ms total 57.537ms
08-04 03:00:47.748 27401 27414 I art     : Starting a blocking GC Explicit
08-04 03:00:47.780   518   646 I ThermalEngine: ACTION: GPU - Setting GPU[0] to 510000000
08-04 03:00:47.794 27401 27414 I art     : Explicit concurrent mark sweep GC freed 23(752B) AllocSpace objects, 0(0B) LOS objects, 23% free, 50MB/66MB, paused 1.665ms total 46.580ms
08-04 03:00:47.808 27401 27414 I art     : Starting a blocking GC Explicit
08-04 03:00:47.847 27401 27414 I art     : Explicit concurrent mark sweep GC freed 3(96B) AllocSpace objects, 0(0B) LOS objects, 23% free, 50MB/66MB, paused 1.261ms total 39.067ms
08-04 03:00:47.858 27401 27414 I art     : Starting a blocking GC Explicit
08-04 03:00:47.894 27401 27414 I art     : Explicit concurrent mark sweep GC freed 3(96B) AllocSpace objects, 0(0B) LOS objects, 23% free, 50MB/66MB, paused 1.197ms total 35.605ms
08-04 03:00:47.904 27401 27414 I art     : Starting a blocking GC Explicit
08-04 03:00:47.941 27401 27414 I art     : Explicit concurrent mark sweep GC freed 3(96B) AllocSpace objects, 0(0B) LOS objects, 23% free, 50MB/66MB, paused 1.202ms total 36.461ms
08-04 03:00:48.318 27401 27937 I art     : Starting a blocking GC Explicit
08-04 03:00:48.365 27401 27937 I art     : Explicit concurrent mark sweep GC freed 1384(81KB) AllocSpace objects, 1(20KB) LOS objects, 23% free, 50MB/66MB, paused 1.303ms total 46.984ms
08-04 03:00:48.378 27401 27937 I art     : Starting a blocking GC Explicit
08-04 03:00:48.415 27401 27937 I art     : Explicit concurrent mark sweep GC freed 23(752B) AllocSpace objects, 0(0B) LOS objects, 23% free, 50MB/66MB, paused 1.232ms total 36.188ms
08-04 03:00:48.425 27401 27937 I art     : Starting a blocking GC Explicit
08-04 03:00:48.462 27401 27937 I art     : Explicit concurrent mark sweep GC freed 3(96B) AllocSpace objects, 0(0B) LOS objects, 23% free, 50MB/66MB, paused 1.165ms total 35.791ms
08-04 03:00:48.462 27401 27412 I art     : WaitForGcToComplete blocked for 25.244ms for cause HeapTrim
08-04 03:00:48.472 27401 27937 I art     : Starting a blocking GC Explicit
08-04 03:00:48.509 27401 27937 I art     : Explicit concurrent mark sweep GC freed 32(880B) AllocSpace objects, 0(0B) LOS objects, 23% free, 50MB/66MB, paused 1.236ms total 36.508ms
08-04 03:00:48.519 27401 27937 I art     : Starting a blocking GC Explicit
08-04 03:00:48.555 27401 27937 I art     : Explicit concurrent mark sweep GC freed 3(96B) AllocSpace objects, 0(0B) LOS objects, 23% free, 50MB/66MB, paused 1.203ms total 35.690ms
08-04 03:00:48.909 27401 29667 I art     : Starting a blocking GC Explicit
08-04 03:00:48.954 27401 29667 I art     : Explicit concurrent mark sweep GC freed 1381(81KB) AllocSpace objects, 1(20KB) LOS objects, 23% free, 50MB/66MB, paused 1.305ms total 44.495ms
08-04 03:00:48.966 27401 29667 I art     : Starting a blocking GC Explicit
08-04 03:00:49.003 27401 29667 I art     : Explicit concurrent mark sweep GC freed 23(752B) AllocSpace objects, 0(0B) LOS objects, 23% free, 50MB/66MB, paused 1.218ms total 36.739ms
08-04 03:00:49.014 27401 29667 I art     : Starting a blocking GC Explicit
08-04 03:00:49.051 27401 29667 I art     : Explicit concurrent mark sweep GC freed 3(96B) AllocSpace objects, 0(0B) LOS objects, 23% free, 50MB/66MB, paused 1.232ms total 36.561ms
08-04 03:00:49.061 27401 29667 I art     : Starting a blocking GC Explicit
08-04 03:00:49.097 27401 29667 I art     : Explicit concurrent mark sweep GC freed 3(96B) AllocSpace objects, 0(0B) LOS objects, 23% free, 50MB/66MB, paused 1.159ms total 34.884ms
08-04 03:00:49.107 27401 29667 I art     : Starting a blocking GC Explicit
08-04 03:00:49.143 27401 29667 I art     : Explicit concurrent mark sweep GC freed 3(96B) AllocSpace objects, 0(0B) LOS objects, 23% free, 50MB/66MB, paused 1.219ms total 35.682ms
08-04 03:00:49.451   918  3188 I hubconnection: sensorhub said: 'set_bias 3: -5.6352, 0.0000, 0.0000'
08-04 03:00:49.495 27401 27413 I art     : Starting a blocking GC Explicit
08-04 03:00:49.540 27401 27413 I art     : Explicit concurrent mark sweep GC freed 1410(81KB) AllocSpace objects, 1(20KB) LOS objects, 23% free, 50MB/66MB, paused 1.347ms total 44.737ms
08-04 03:00:49.554 27401 27413 I art     : Starting a blocking GC Explicit
08-04 03:00:49.590 27401 27413 I art     : Explicit concurrent mark sweep GC freed 23(752B) AllocSpace objects, 0(0B) LOS objects, 23% free, 50MB/66MB, paused 1.237ms total 35.896ms
08-04 03:00:49.601 27401 27413 I art     : Starting a blocking GC Explicit
08-04 03:00:49.637 27401 27413 I art     : Explicit concurrent mark sweep GC freed 3(96B) AllocSpace objects, 0(0B) LOS objects, 23% free, 50MB/66MB, paused 1.299ms total 36.463ms
08-04 03:00:49.648 27401 27413 I art     : Starting a blocking GC Explicit
08-04 03:00:49.684 27401 27413 I art     : Explicit concurrent mark sweep GC freed 3(96B) AllocSpace objects, 0(0B) LOS objects, 23% free, 50MB/66MB, paused 1.187ms total 35.738ms
08-04 03:00:49.694 27401 27413 I art     : Starting a blocking GC Explicit
08-04 03:00:49.729 27401 27413 I art     : Explicit concurrent mark sweep GC freed 3(96B) AllocSpace objects, 0(0B) LOS objects, 23% free, 50MB/66MB, paused 1.219ms total 34.745ms
08-04 03:00:50.029 27401 27477 I art     : Starting a blocking GC Explicit
08-04 03:00:50.063 27401 27477 I art     : Explicit concurrent mark sweep GC freed 1381(81KB) AllocSpace objects, 1(20KB) LOS objects, 23% free, 50MB/66MB, paused 1.177ms total 33.363ms
08-04 03:00:50.073 27401 27477 I art     : Starting a blocking GC Explicit
08-04 03:00:50.105 27401 27477 I art     : Explicit concurrent mark sweep GC freed 23(752B) AllocSpace objects, 0(0B) LOS objects, 23% free, 50MB/66MB, paused 1.152ms total 32.080ms
08-04 03:00:50.114 27401 27477 I art     : Starting a blocking GC Explicit
08-04 03:00:50.147 27401 27477 I art     : Explicit concurrent mark sweep GC freed 3(96B) AllocSpace objects, 0(0B) LOS objects, 23% free, 50MB/66MB, paused 1.258ms total 32.659ms
08-04 03:00:50.157 27401 27477 I art     : Starting a blocking GC Explicit
08-04 03:00:50.191 27401 27477 I art     : Explicit concurrent mark sweep GC freed 3(96B) AllocSpace objects, 0(0B) LOS objects, 23% free, 50MB/66MB, paused 1.208ms total 33.299ms
08-04 03:00:50.201 27401 27477 I art     : Starting a blocking GC Explicit
08-04 03:00:50.235 27401 27477 I art     : Explicit concurrent mark sweep GC freed 3(96B) AllocSpace objects, 0(0B) LOS objects, 23% free, 50MB/66MB, paused 1.210ms total 33.730ms
08-04 03:00:50.246 31099 31099 D AndroidRuntime: >>>>>> START com.android.internal.os.RuntimeInit uid 2000 <<<<<<
08-04 03:00:50.250 31099 31099 D AndroidRuntime: CheckJNI is OFF
08-04 03:00:50.283 31099 31099 D ICU     : No timezone override file found: /data/misc/zoneinfo/current/icu/icu_tzdata.dat
08-04 03:00:50.315 31099 31099 I Radio-JNI: register_android_hardware_Radio DONE
08-04 03:00:50.337 31099 31099 D AndroidRuntime: Calling main entry com.android.commands.input.Input
08-04 03:00:50.339 31099 31099 I Input   : injectMotionEvent: MotionEvent { action=ACTION_DOWN, actionButton=0, id[0]=0, x[0]=526.0, y[0]=597.0, toolType[0]=TOOL_TYPE_UNKNOWN, buttonState=0, metaState=0, flags=0x0, edgeFlags=0x0, pointerCount=1, historySize=0, eventTime=673266752, downTime=673266752, deviceId=0, source=0x1002 }
08-04 03:00:50.345 31099 31099 I Input   : injectMotionEvent: MotionEvent { action=ACTION_UP, actionButton=0, id[0]=0, x[0]=526.0, y[0]=597.0, toolType[0]=TOOL_TYPE_UNKNOWN, buttonState=0, metaState=0, flags=0x0, edgeFlags=0x0, pointerCount=1, historySize=0, eventTime=673266752, downTime=673266752, deviceId=0, source=0x1002 }
08-04 03:00:50.347 31099 31099 D AndroidRuntime: Shutting down VM
08-04 03:00:50.411 27401 27401 D PodcastListFragment: Selected podcast: GpodnetPodcast [url=http://feeds.feedburner.com/linuxoutlaws, title=Linux Outlaws, description=Two pragmatic geeks talk about the latest news concerning Linux, free and open
08-04 03:00:50.411 27401 27401 D PodcastListFragment: technology or anything else they deem noteworthy which may include such absurd
08-04 03:00:50.411 27401 27401 D PodcastListFragment: things as hockey or bands you never heard of. This means there's many a joke
08-04 03:00:50.411 27401 27401 D PodcastListFragment: and derailed conversation along the way, so don't come here expecting only
08-04 03:00:50.411 27401 27401 D PodcastListFragment: Linux or software freedom talk  just sit back and relax, partner., subscribers=3321, logoUrl=http://sixgun.org/files/linuxoutlaws.jpg, website=http://sixgun.org, mygpoLink=http://gpodder.net/podcast/linux-outlaws-mp3]
08-04 03:00:50.412   918  3359 I ActivityManager: START u0 {cmp=baseline.de.danoeh.antennapod.debug/baseline.de.danoeh.antennapod.activity.OnlineFeedViewActivity (has extras)} from uid 10670 on display 0
08-04 03:00:50.413   512  2967 D audio_hw_primary: out_set_parameters: enter: usecase(1: low-latency-playback) kvpairs: routing=2
08-04 03:00:50.426   512  2967 D audio_hw_primary: select_devices: out_snd_device(2: speaker) in_snd_device(0: none)
08-04 03:00:50.426   512  2967 D msm8974_platform: platform_send_audio_calibration: sending audio calibration for snd_device(2) acdb_id(15)
08-04 03:00:50.426   512  2967 I soundtrigger: audio_extn_sound_trigger_update_device_status: device 0x2 of type 0 for Event 1
08-04 03:00:50.439   512  2967 D audio_hw_primary: enable_snd_device: snd_device(2: speaker)
08-04 03:00:50.441   512  2967 D audio_hw_primary: enable_audio_route: apply and update mixer path: low-latency-playback speaker
08-04 03:00:50.442 27401 27401 D UserPreferences: Using default data folder
08-04 03:00:50.443 27401 27401 D OnlineFeedViewActivity: Activity was started with url http://feeds.feedburner.com/linuxoutlaws
08-04 03:00:50.447 27401 27401 D OnlineFeedViewActivity: Starting feed download
08-04 03:00:50.450 27401 27421 D DBReader: Extracting Feedlist
08-04 03:00:50.453   918   928 D WifiService: acquireWifiLockLocked: WifiLock{Downloader type=1 binder=android.os.BinderProxy@e0e8a05}
08-04 03:00:50.454 27401 27421 D AntennapodHttpClient: Creating new instance of HTTP client
08-04 03:00:50.497 13866 13866 I GoogleInputMethodServic: GoogleInputMethodService.onFinishInput():3138 
08-04 03:00:50.498 13866 13866 I GoogleInputMethodServic: GoogleInputMethodService.onStartInput():1808 
08-04 03:00:50.516   918   936 I ActivityManager: Displayed baseline.de.danoeh.antennapod.debug/baseline.de.danoeh.antennapod.activity.OnlineFeedViewActivity: +94ms
08-04 03:00:50.532 27401 27421 D MYTAG   : interceptor 3a http://feeds.feedburner.com/linuxoutlaws
08-04 03:00:50.533 27401 27421 I NAPPA_EXPERIMENTATION: MetricNetworkRequestExecutionTime: REQUEST_DURATION_SYSTEM='79',REQUEST_DURATION_OKHTTP='35',REQUEST_SYNCHRONOUS='TRUE',RESPONSE_CODE='200',RESPONSE_METHOD='GET',RESPONSE_LENGTH_OKHTTP='-1',RESPONSE_LENGTH_HEADER='-2',REQUEST_PROTOCOL='http/1.1',REQUEST_URL='http://feeds.feedburner.com/linuxoutlaws',
08-04 03:00:50.533 27401 27421 D HttpDownloader: Response code is 200
08-04 03:00:50.533 27401 27421 D UserPreferences: Using default data folder
08-04 03:00:50.533 27401 27477 I art     : Starting a blocking GC Explicit
08-04 03:00:50.538 27401 27422 D OpenGLRenderer: endAllStagingAnimators on 0x7f755b6800 (GridView) with handle 0x7f70e0fc20
08-04 03:00:50.539 27401 27421 D HttpDownloader: Getting size of download
08-04 03:00:50.539 27401 27421 D HttpDownloader: Size is -1
08-04 03:00:50.539 27401 27421 D UserPreferences: Using default data folder
08-04 03:00:50.539 27401 27421 D HttpDownloader: Free space is 20260331520
08-04 03:00:50.539 27401 27421 D HttpDownloader: Starting download
08-04 03:00:50.551 27401 27421 D HttpDownloader: Download was successful
08-04 03:00:50.552   918   929 D WifiService: releaseWifiLockLocked: WifiLock{Downloader type=1 binder=android.os.BinderProxy@e0e8a05}
08-04 03:00:50.552 27401 27401 D OnlineFeedViewActivity: Parsing feed
08-04 03:00:50.564 27401 31136 D TypeGetter: Recognized type RSS 2.0
08-04 03:00:50.566 27401 31136 D SyndHandler: Recognized Content namespace
08-04 03:00:50.568 27401 31136 D SyndHandler: Recognized DublinCore namespace
08-04 03:00:50.568 27401 31136 D SyndHandler: Recognized Atom namespace
08-04 03:00:50.568 27401 31136 D SyndHandler: Recognized ITunes namespace
08-04 03:00:50.568 27401 31136 D SyndHandler: Recognized media namespace
08-04 03:00:50.572 27401 27477 I art     : Explicit concurrent mark sweep GC freed 3218(353KB) AllocSpace objects, 4(80KB) LOS objects, 23% free, 51MB/67MB, paused 2.131ms total 38.359ms
08-04 03:00:50.581 27401 27477 I art     : Starting a blocking GC Explicit
08-04 03:00:50.601 27401 31136 D OnlineFeedViewActivity: Deleted feed source file. Result: true
08-04 03:00:50.601 27401 27401 D OnlineFeedViewActivity: Removing HTML from shownotes
08-04 03:00:50.615 27401 27477 I art     : Explicit concurrent mark sweep GC freed 4357(522KB) AllocSpace objects, 11(748KB) LOS objects, 23% free, 51MB/67MB, paused 1.675ms total 33.424ms
08-04 03:00:50.621 27401 28337 D ApOkHttpUrlLoader: buildLoadData() called with: model = [http://sixgun.org/files/linuxoutlaws.jpg], width = [350], height = [350]
08-04 03:00:50.622 27401 28144 D DBReader: getImageAuthentication() called with: imageUrl = [http://sixgun.org/files/linuxoutlaws.jpg]
08-04 03:00:50.625 27401 28144 D ApOkHttpUrlLoader: no credentials for 'http://sixgun.org/files/linuxoutlaws.jpg'
08-04 03:00:50.627 27401 27477 I art     : Starting a blocking GC Explicit
08-04 03:00:50.658 27401 28144 D DBWriter: updateFeedDownloadURL(original: http://sixgun.org/files/linuxoutlaws.jpg, updated: https://fab.industries/sixgun/files/linuxoutlaws.jpg)
08-04 03:00:50.661 27401 27477 I art     : Explicit concurrent mark sweep GC freed 1710(107KB) AllocSpace objects, 0(0B) LOS objects, 23% free, 51MB/67MB, paused 1.383ms total 34.364ms
08-04 03:00:50.671 27401 27477 I art     : Starting a blocking GC Explicit
08-04 03:00:50.704 27401 27477 I art     : Explicit concurrent mark sweep GC freed 776(37KB) AllocSpace objects, 0(0B) LOS objects, 23% free, 51MB/67MB, paused 1.184ms total 32.833ms
08-04 03:00:50.714 27401 27477 I art     : Starting a blocking GC Explicit
08-04 03:00:50.752 27401 27477 I art     : Explicit concurrent mark sweep GC freed 14(576B) AllocSpace objects, 0(0B) LOS objects, 23% free, 51MB/67MB, paused 1.285ms total 38.026ms
08-04 03:00:50.769   380   380 W SurfaceFlinger: couldn't log to binary event log: overflow.
08-04 03:00:50.793 27401 28144 D MYTAG   : interceptor 2a
08-04 03:00:50.793 27401 28144 I NAPPA_EXPERIMENTATION: MetricNetworkRequestExecutionTime: REQUEST_DURATION_SYSTEM='168',REQUEST_DURATION_OKHTTP='132',REQUEST_SYNCHRONOUS='TRUE',RESPONSE_CODE='404',RESPONSE_METHOD='GET',RESPONSE_LENGTH_OKHTTP='-1',RESPONSE_LENGTH_HEADER='1503',REQUEST_PROTOCOL='h2',REQUEST_URL='https://fab.industries/sixgun/files/linuxoutlaws.jpg',
08-04 03:00:50.794 27401 27401 W Glide   : Load failed for http://sixgun.org/files/linuxoutlaws.jpg with size [350x350]
08-04 03:00:50.794 27401 27401 W Glide   : class com.bumptech.glide.load.engine.GlideException: Failed to load resource
08-04 03:00:50.794 27401 27401 W Glide   : There was 1 cause:
08-04 03:00:50.794 27401 27401 W Glide   : com.bumptech.glide.load.HttpException()
08-04 03:00:50.794 27401 27401 W Glide   :  call GlideException#logRootCauses(String) for more detail
08-04 03:00:50.794 27401 27401 W Glide   :   Cause (1 of 1): class com.bumptech.glide.load.engine.GlideException: Fetching data failed, class java.io.InputStream, REMOTE
08-04 03:00:50.794 27401 27401 W Glide   : There was 1 cause:
08-04 03:00:50.794 27401 27401 W Glide   : com.bumptech.glide.load.HttpException()
08-04 03:00:50.794 27401 27401 W Glide   :  call GlideException#logRootCauses(String) for more detail
08-04 03:00:50.794 27401 27401 W Glide   :     Cause (1 of 1): class com.bumptech.glide.load.HttpException: 
08-04 03:00:50.794 27401 27401 I Glide   : Root cause (1 of 1)
08-04 03:00:50.794 27401 27401 I Glide   : com.bumptech.glide.load.HttpException: 
08-04 03:00:50.794 27401 27401 I Glide   : 	at com.bumptech.glide.integration.okhttp3.OkHttpStreamFetcher.onResponse(OkHttpStreamFetcher.java:73)
08-04 03:00:50.794 27401 27401 I Glide   : 	at okhttp3.RealCall$AsyncCall.execute(RealCall.java:174)
08-04 03:00:50.794 27401 27401 I Glide   : 	at okhttp3.internal.NamedRunnable.run(NamedRunnable.java:32)
08-04 03:00:50.794 27401 27401 I Glide   : 	at java.util.concurrent.ThreadPoolExecutor.runWorker(ThreadPoolExecutor.java:1113)
08-04 03:00:50.794 27401 27401 I Glide   : 	at java.util.concurrent.ThreadPoolExecutor$Worker.run(ThreadPoolExecutor.java:588)
08-04 03:00:50.794 27401 27401 I Glide   : 	at java.lang.Thread.run(Thread.java:818)
08-04 03:00:50.893 27401 27401 D PlaybackController: Releasing PlaybackController
08-04 03:00:50.981   512  2967 D audio_hw_primary: disable_audio_route: reset and update mixer path: low-latency-playback speaker
08-04 03:00:50.982   512  2967 D audio_hw_primary: disable_snd_device: snd_device(2: speaker)
08-04 03:00:50.989   512  2967 I soundtrigger: audio_extn_sound_trigger_update_device_status: device 0x2 of type 0 for Event 0
08-04 03:00:51.089 27401 27414 I art     : Starting a blocking GC Explicit
08-04 03:00:51.137 27401 27414 I art     : Explicit concurrent mark sweep GC freed 2140(144KB) AllocSpace objects, 2(132KB) LOS objects, 23% free, 51MB/67MB, paused 1.354ms total 47.940ms
08-04 03:00:51.148 27401 27414 I art     : Starting a blocking GC Explicit
08-04 03:00:51.186 27401 27414 I art     : Explicit concurrent mark sweep GC freed 50(1792B) AllocSpace objects, 0(0B) LOS objects, 23% free, 51MB/67MB, paused 1.407ms total 37.379ms
08-04 03:00:51.196 27401 27414 I art     : Starting a blocking GC Explicit
08-04 03:00:51.233 27401 27414 I art     : Explicit concurrent mark sweep GC freed 3(96B) AllocSpace objects, 0(0B) LOS objects, 23% free, 51MB/67MB, paused 1.310ms total 37.115ms
08-04 03:00:51.244 27401 27414 I art     : Starting a blocking GC Explicit
08-04 03:00:51.282 27401 27414 I art     : Explicit concurrent mark sweep GC freed 3(96B) AllocSpace objects, 0(0B) LOS objects, 23% free, 51MB/67MB, paused 1.216ms total 37.356ms
08-04 03:00:51.293 27401 27414 I art     : Starting a blocking GC Explicit
08-04 03:00:51.329 27401 27414 I art     : Explicit concurrent mark sweep GC freed 3(96B) AllocSpace objects, 0(0B) LOS objects, 23% free, 51MB/67MB, paused 1.162ms total 36.724ms
08-04 03:00:51.653 27401 29667 I art     : Starting a blocking GC Explicit
08-04 03:00:51.700 27401 29667 I art     : Explicit concurrent mark sweep GC freed 1410(81KB) AllocSpace objects, 1(20KB) LOS objects, 23% free, 51MB/67MB, paused 1.415ms total 47.162ms
08-04 03:00:51.713 27401 29667 I art     : Starting a blocking GC Explicit
08-04 03:00:51.751 27401 29667 I art     : Explicit concurrent mark sweep GC freed 23(768B) AllocSpace objects, 0(0B) LOS objects, 23% free, 51MB/67MB, paused 1.259ms total 37.553ms
08-04 03:00:51.762 27401 29667 I art     : Starting a blocking GC Explicit
08-04 03:00:51.800 27401 29667 I art     : Explicit concurrent mark sweep GC freed 3(96B) AllocSpace objects, 0(0B) LOS objects, 23% free, 51MB/67MB, paused 1.250ms total 37.599ms
08-04 03:00:51.811 27401 29667 I art     : Starting a blocking GC Explicit
08-04 03:00:51.847 27401 29667 I art     : Explicit concurrent mark sweep GC freed 3(96B) AllocSpace objects, 0(0B) LOS objects, 23% free, 51MB/67MB, paused 1.313ms total 36.499ms
08-04 03:00:51.858 27401 29667 I art     : Starting a blocking GC Explicit
08-04 03:00:51.896 27401 29667 I art     : Explicit concurrent mark sweep GC freed 3(96B) AllocSpace objects, 0(0B) LOS objects, 23% free, 51MB/67MB, paused 1.185ms total 37.331ms
08-04 03:00:52.289 27401 27477 I art     : Starting a blocking GC Explicit
08-04 03:00:52.327 27401 27477 I art     : Explicit concurrent mark sweep GC freed 1394(81KB) AllocSpace objects, 1(20KB) LOS objects, 23% free, 51MB/67MB, paused 1.173ms total 37.668ms
08-04 03:00:52.338 27401 27477 I art     : Starting a blocking GC Explicit
08-04 03:00:52.374 27401 27477 I art     : Explicit concurrent mark sweep GC freed 28(912B) AllocSpace objects, 0(0B) LOS objects, 23% free, 51MB/67MB, paused 1.295ms total 35.336ms
08-04 03:00:52.385 27401 27477 I art     : Starting a blocking GC Explicit
08-04 03:00:52.422 27401 27477 I art     : Explicit concurrent mark sweep GC freed 8(256B) AllocSpace objects, 0(0B) LOS objects, 23% free, 51MB/67MB, paused 1.349ms total 36.941ms
08-04 03:00:52.433 27401 27477 I art     : Starting a blocking GC Explicit
08-04 03:00:52.470 27401 27477 I art     : Explicit concurrent mark sweep GC freed 9(288B) AllocSpace objects, 0(0B) LOS objects, 23% free, 51MB/67MB, paused 1.228ms total 36.567ms
08-04 03:00:52.481 27401 27477 I art     : Starting a blocking GC Explicit
08-04 03:00:52.516 27401 27477 I art     : Explicit concurrent mark sweep GC freed 33(912B) AllocSpace objects, 0(0B) LOS objects, 23% free, 51MB/67MB, paused 1.189ms total 35.281ms
08-04 03:00:52.882 27401 27414 I art     : Starting a blocking GC Explicit
08-04 03:00:52.929 27401 27414 I art     : Explicit concurrent mark sweep GC freed 1381(81KB) AllocSpace objects, 1(20KB) LOS objects, 23% free, 51MB/67MB, paused 1.424ms total 46.952ms
08-04 03:00:52.943 27401 27414 I art     : Starting a blocking GC Explicit
08-04 03:00:52.981 27401 27414 I art     : Explicit concurrent mark sweep GC freed 23(752B) AllocSpace objects, 0(0B) LOS objects, 23% free, 51MB/67MB, paused 1.272ms total 37.320ms
08-04 03:00:52.991 27401 27414 I art     : Starting a blocking GC Explicit
08-04 03:00:53.030 27401 27414 I art     : Explicit concurrent mark sweep GC freed 3(96B) AllocSpace objects, 0(0B) LOS objects, 23% free, 51MB/67MB, paused 1.250ms total 37.890ms
08-04 03:00:53.041 27401 27414 I art     : Starting a blocking GC Explicit
08-04 03:00:53.079 27401 27414 I art     : Explicit concurrent mark sweep GC freed 3(96B) AllocSpace objects, 0(0B) LOS objects, 23% free, 51MB/67MB, paused 1.261ms total 37.715ms
08-04 03:00:53.090 27401 27414 I art     : Starting a blocking GC Explicit
08-04 03:00:53.126 27401 27414 I art     : Explicit concurrent mark sweep GC freed 3(96B) AllocSpace objects, 0(0B) LOS objects, 23% free, 51MB/67MB, paused 1.144ms total 36.203ms
08-04 03:00:53.500 27401 27413 I art     : Starting a blocking GC Explicit
08-04 03:00:53.546 27401 27413 I art     : Explicit concurrent mark sweep GC freed 1410(81KB) AllocSpace objects, 1(20KB) LOS objects, 23% free, 51MB/67MB, paused 1.331ms total 46.558ms
08-04 03:00:53.547 27401 27412 I art     : WaitForGcToComplete blocked for 37.216ms for cause HeapTrim
08-04 03:00:53.559 27401 27413 I art     : Starting a blocking GC Explicit
08-04 03:00:53.597 27401 27413 I art     : Explicit concurrent mark sweep GC freed 23(752B) AllocSpace objects, 0(0B) LOS objects, 23% free, 51MB/67MB, paused 1.405ms total 37.168ms
08-04 03:00:53.608 27401 27413 I art     : Starting a blocking GC Explicit
08-04 03:00:53.645 27401 27413 I art     : Explicit concurrent mark sweep GC freed 3(96B) AllocSpace objects, 0(0B) LOS objects, 23% free, 51MB/67MB, paused 1.257ms total 37.432ms
08-04 03:00:53.656 27401 27413 I art     : Starting a blocking GC Explicit
08-04 03:00:53.693 27401 27413 I art     : Explicit concurrent mark sweep GC freed 3(96B) AllocSpace objects, 0(0B) LOS objects, 23% free, 51MB/67MB, paused 1.243ms total 36.660ms
08-04 03:00:53.704 27401 27413 I art     : Starting a blocking GC Explicit
08-04 03:00:53.741 27401 27413 I art     : Explicit concurrent mark sweep GC freed 3(96B) AllocSpace objects, 0(0B) LOS objects, 23% free, 51MB/67MB, paused 1.225ms total 36.764ms
08-04 03:00:54.120 27401 27937 I art     : Starting a blocking GC Explicit
08-04 03:00:54.167 27401 27937 I art     : Explicit concurrent mark sweep GC freed 1383(84KB) AllocSpace objects, 1(20KB) LOS objects, 23% free, 51MB/67MB, paused 1.292ms total 46.903ms
08-04 03:00:54.180 27401 27937 I art     : Starting a blocking GC Explicit
08-04 03:00:54.216 27401 27937 I art     : Explicit concurrent mark sweep GC freed 23(752B) AllocSpace objects, 0(0B) LOS objects, 23% free, 51MB/67MB, paused 1.220ms total 36.190ms
08-04 03:00:54.227 27401 27937 I art     : Starting a blocking GC Explicit
08-04 03:00:54.264 27401 27937 I art     : Explicit concurrent mark sweep GC freed 3(96B) AllocSpace objects, 0(0B) LOS objects, 23% free, 51MB/67MB, paused 1.228ms total 37.057ms
08-04 03:00:54.274 27401 27937 I art     : Starting a blocking GC Explicit
08-04 03:00:54.312 27401 27937 I art     : Explicit concurrent mark sweep GC freed 3(96B) AllocSpace objects, 0(0B) LOS objects, 23% free, 51MB/67MB, paused 1.233ms total 37.533ms
08-04 03:00:54.323 27401 27937 I art     : Starting a blocking GC Explicit
08-04 03:00:54.360 27401 27937 I art     : Explicit concurrent mark sweep GC freed 3(96B) AllocSpace objects, 0(0B) LOS objects, 23% free, 51MB/67MB, paused 1.228ms total 36.682ms
08-04 03:00:54.528   918  3261 D WifiStateMachine: starting scan for "H369AA63323"WPA_PSK with 2412,5180
08-04 03:00:54.714 27401 29667 I art     : Starting a blocking GC Explicit
08-04 03:00:54.751 27401 29667 I art     : Explicit concurrent mark sweep GC freed 1413(82KB) AllocSpace objects, 1(20KB) LOS objects, 23% free, 51MB/67MB, paused 1.252ms total 37.289ms
08-04 03:00:54.762 27401 29667 I art     : Starting a blocking GC Explicit
08-04 03:00:54.798 27401 29667 I art     : Explicit concurrent mark sweep GC freed 23(752B) AllocSpace objects, 0(0B) LOS objects, 23% free, 51MB/67MB, paused 1.328ms total 35.810ms
08-04 03:00:54.809 27401 29667 I art     : Starting a blocking GC Explicit
08-04 03:00:54.844 27401 29667 I art     : Explicit concurrent mark sweep GC freed 3(96B) AllocSpace objects, 0(0B) LOS objects, 23% free, 51MB/67MB, paused 1.218ms total 34.647ms
08-04 03:00:54.854 27401 29667 I art     : Starting a blocking GC Explicit
08-04 03:00:54.890 27401 29667 I art     : Explicit concurrent mark sweep GC freed 3(96B) AllocSpace objects, 0(0B) LOS objects, 23% free, 51MB/67MB, paused 1.235ms total 35.067ms
08-04 03:00:54.901 27401 29667 I art     : Starting a blocking GC Explicit
08-04 03:00:54.937 27401 29667 I art     : Explicit concurrent mark sweep GC freed 3(96B) AllocSpace objects, 0(0B) LOS objects, 23% free, 51MB/67MB, paused 1.210ms total 35.536ms
08-04 03:00:55.028 31205 31205 D AndroidRuntime: >>>>>> START com.android.internal.os.RuntimeInit uid 2000 <<<<<<
08-04 03:00:55.034 31205 31205 D AndroidRuntime: CheckJNI is OFF
08-04 03:00:55.073 31205 31205 D ICU     : No timezone override file found: /data/misc/zoneinfo/current/icu/icu_tzdata.dat
08-04 03:00:55.107 31205 31205 I Radio-JNI: register_android_hardware_Radio DONE
08-04 03:00:55.128 31205 31205 D AndroidRuntime: Calling main entry com.android.commands.input.Input
08-04 03:00:55.130 31205 31205 I Input   : injectKeyEvent: KeyEvent { action=ACTION_DOWN, keyCode=KEYCODE_BACK, scanCode=0, metaState=0, flags=0x0, repeatCount=0, eventTime=673271543, downTime=673271543, deviceId=-1, source=0x101 }
08-04 03:00:55.137 31205 31205 I Input   : injectKeyEvent: KeyEvent { action=ACTION_UP, keyCode=KEYCODE_BACK, scanCode=0, metaState=0, flags=0x0, repeatCount=0, eventTime=673271543, downTime=673271543, deviceId=-1, source=0x101 }
08-04 03:00:55.143 31205 31205 D AndroidRuntime: Shutting down VM
08-04 03:00:55.147 27401 27401 V PlaybackController: initServiceNotRunning()
08-04 03:00:55.147 27401 27401 D ExternalPlayerFragment: Loading media info
08-04 03:00:55.148 27401 28337 D ApOkHttpUrlLoader: buildLoadData() called with: model = [http://sixgun.org/files/linuxoutlaws.jpg], width = [224], height = [224]
08-04 03:00:55.149 27401 28144 D DBReader: getImageAuthentication() called with: imageUrl = [http://sixgun.org/files/linuxoutlaws.jpg]
08-04 03:00:55.153 27401 28144 D ApOkHttpUrlLoader: no credentials for 'http://sixgun.org/files/linuxoutlaws.jpg'
08-04 03:00:55.154 27401 27401 D UserPreferences: Using default data folder
08-04 03:00:55.155 27401 27421 D DBReader: getNavDrawerData() called with: 
08-04 03:00:55.165 27401 27421 D DBReader: getDownloadedItems() called
08-04 03:00:55.167 27401 27421 D DBReader: getFavoriteIDList() called
08-04 03:00:55.167 27401 27421 D DBReader: getQueueIDList() called
08-04 03:00:55.168 27401 27421 D DBReader: Extracting Feedlist
08-04 03:00:55.186 27401 27401 D MainActivity: getLastNavFragment() -> AddFeedFragment
08-04 03:00:55.186 13866 13866 I GoogleInputMethodServic: GoogleInputMethodService.onFinishInput():3138 
08-04 03:00:55.187 13866 13866 I GoogleInputMethodServic: GoogleInputMethodService.onStartInput():1808 
08-04 03:00:55.233 27401 28144 D DBWriter: updateFeedDownloadURL(original: http://sixgun.org/files/linuxoutlaws.jpg, updated: https://fab.industries/sixgun/files/linuxoutlaws.jpg)
08-04 03:00:55.258 27401 27413 I art     : Starting a blocking GC Explicit
08-04 03:00:55.291 27401 27413 I art     : Explicit concurrent mark sweep GC freed 3101(185KB) AllocSpace objects, 1(20KB) LOS objects, 23% free, 51MB/67MB, paused 1.238ms total 32.764ms
08-04 03:00:55.306 27401 27413 I art     : Starting a blocking GC Explicit
08-04 03:00:55.341 27401 27413 I art     : Explicit concurrent mark sweep GC freed 487(26KB) AllocSpace objects, 0(0B) LOS objects, 23% free, 51MB/67MB, paused 1.079ms total 34.289ms
08-04 03:00:55.352 27401 27413 I art     : Starting a blocking GC Explicit
08-04 03:00:55.365 27401 28144 D MYTAG   : interceptor 2a
08-04 03:00:55.366 27401 28144 I NAPPA_EXPERIMENTATION: MetricNetworkRequestExecutionTime: REQUEST_DURATION_SYSTEM='212',REQUEST_DURATION_OKHTTP='130',REQUEST_SYNCHRONOUS='TRUE',RESPONSE_CODE='404',RESPONSE_METHOD='GET',RESPONSE_LENGTH_OKHTTP='-1',RESPONSE_LENGTH_HEADER='1503',REQUEST_PROTOCOL='h2',REQUEST_URL='https://fab.industries/sixgun/files/linuxoutlaws.jpg',
08-04 03:00:55.367 27401 27401 W Glide   : Load failed for http://sixgun.org/files/linuxoutlaws.jpg with size [224x224]
08-04 03:00:55.367 27401 27401 W Glide   : class com.bumptech.glide.load.engine.GlideException: Failed to load resource
08-04 03:00:55.367 27401 27401 W Glide   : There was 1 cause:
08-04 03:00:55.367 27401 27401 W Glide   : com.bumptech.glide.load.HttpException()
08-04 03:00:55.367 27401 27401 W Glide   :  call GlideException#logRootCauses(String) for more detail
08-04 03:00:55.367 27401 27401 W Glide   :   Cause (1 of 1): class com.bumptech.glide.load.engine.GlideException: Fetching data failed, class java.io.InputStream, REMOTE
08-04 03:00:55.367 27401 27401 W Glide   : There was 1 cause:
08-04 03:00:55.367 27401 27401 W Glide   : com.bumptech.glide.load.HttpException()
08-04 03:00:55.367 27401 27401 W Glide   :  call GlideException#logRootCauses(String) for more detail
08-04 03:00:55.367 27401 27401 W Glide   :     Cause (1 of 1): class com.bumptech.glide.load.HttpException: 
08-04 03:00:55.367 27401 27401 I Glide   : Root cause (1 of 1)
08-04 03:00:55.367 27401 27401 I Glide   : com.bumptech.glide.load.HttpException: 
08-04 03:00:55.367 27401 27401 I Glide   : 	at com.bumptech.glide.integration.okhttp3.OkHttpStreamFetcher.onResponse(OkHttpStreamFetcher.java:73)
08-04 03:00:55.367 27401 27401 I Glide   : 	at okhttp3.RealCall$AsyncCall.execute(RealCall.java:174)
08-04 03:00:55.367 27401 27401 I Glide   : 	at okhttp3.internal.NamedRunnable.run(NamedRunnable.java:32)
08-04 03:00:55.367 27401 27401 I Glide   : 	at java.util.concurrent.ThreadPoolExecutor.runWorker(ThreadPoolExecutor.java:1113)
08-04 03:00:55.367 27401 27401 I Glide   : 	at java.util.concurrent.ThreadPoolExecutor$Worker.run(ThreadPoolExecutor.java:588)
08-04 03:00:55.367 27401 27401 I Glide   : 	at java.lang.Thread.run(Thread.java:818)
08-04 03:00:55.368 27401 27401 W Glide   : Load failed for http://sixgun.org/files/linuxoutlaws.jpg with size [224x224]
08-04 03:00:55.368 27401 27401 W Glide   : class com.bumptech.glide.load.engine.GlideException: Failed to load resource
08-04 03:00:55.368 27401 27401 W Glide   : There was 1 cause:
08-04 03:00:55.368 27401 27401 W Glide   : com.bumptech.glide.load.HttpException()
08-04 03:00:55.368 27401 27401 W Glide   :  call GlideException#logRootCauses(String) for more detail
08-04 03:00:55.368 27401 27401 W Glide   :   Cause (1 of 1): class com.bumptech.glide.load.engine.GlideException: Fetching data failed, class java.io.InputStream, REMOTE
08-04 03:00:55.368 27401 27401 W Glide   : There was 1 cause:
08-04 03:00:55.368 27401 27401 W Glide   : com.bumptech.glide.load.HttpException()
08-04 03:00:55.368 27401 27401 W Glide   :  call GlideException#logRootCauses(String) for more detail
08-04 03:00:55.368 27401 27401 W Glide   :     Cause (1 of 1): class com.bumptech.glide.load.HttpException: 
08-04 03:00:55.368 27401 27401 I Glide   : Root cause (1 of 1)
08-04 03:00:55.368 27401 27401 I Glide   : com.bumptech.glide.load.HttpException: 
08-04 03:00:55.368 27401 27401 I Glide   : 	at com.bumptech.glide.integration.okhttp3.OkHttpStreamFetcher.onResponse(OkHttpStreamFetcher.java:73)
08-04 03:00:55.368 27401 27401 I Glide   : 	at okhttp3.RealCall$AsyncCall.execute(RealCall.java:174)
08-04 03:00:55.368 27401 27401 I Glide   : 	at okhttp3.internal.NamedRunnable.run(NamedRunnable.java:32)
08-04 03:00:55.368 27401 27401 I Glide   : 	at java.util.concurrent.ThreadPoolExecutor.runWorker(ThreadPoolExecutor.java:1113)
08-04 03:00:55.368 27401 27401 I Glide   : 	at java.util.concurrent.ThreadPoolExecutor$Worker.run(ThreadPoolExecutor.java:588)
08-04 03:00:55.368 27401 27401 I Glide   : 	at java.lang.Thread.run(Thread.java:818)
08-04 03:00:55.394 27401 27413 I art     : Explicit concurrent mark sweep GC freed 385(67KB) AllocSpace objects, 0(0B) LOS objects, 23% free, 51MB/67MB, paused 1.240ms total 41.886ms
08-04 03:00:55.406 27401 27413 I art     : Starting a blocking GC Explicit
08-04 03:00:55.446 27401 27413 I art     : Explicit concurrent mark sweep GC freed 209(8KB) AllocSpace objects, 0(0B) LOS objects, 23% free, 51MB/67MB, paused 1.308ms total 39.201ms
08-04 03:00:55.458 27401 27413 I art     : Starting a blocking GC Explicit
08-04 03:00:55.490   380   380 W SurfaceFlinger: couldn't log to binary event log: overflow.
08-04 03:00:55.502 27401 27413 I art     : Explicit concurrent mark sweep GC freed 508(20KB) AllocSpace objects, 0(0B) LOS objects, 23% free, 51MB/67MB, paused 2.082ms total 43.650ms
08-04 03:00:55.816 27401 27937 I art     : Starting a blocking GC Explicit
08-04 03:00:55.864 27401 27937 I art     : Explicit concurrent mark sweep GC freed 1501(87KB) AllocSpace objects, 1(20KB) LOS objects, 23% free, 51MB/67MB, paused 1.575ms total 47.663ms
08-04 03:00:55.878 27401 27937 I art     : Starting a blocking GC Explicit
08-04 03:00:55.914 27401 27937 I art     : Explicit concurrent mark sweep GC freed 2877(236KB) AllocSpace objects, 1(28KB) LOS objects, 23% free, 50MB/66MB, paused 1.205ms total 35.886ms
08-04 03:00:55.924 27401 27937 I art     : Starting a blocking GC Explicit
08-04 03:00:55.960 27401 27937 I art     : Explicit concurrent mark sweep GC freed 3(96B) AllocSpace objects, 0(0B) LOS objects, 23% free, 50MB/66MB, paused 1.237ms total 35.810ms
08-04 03:00:55.971 27401 27937 I art     : Starting a blocking GC Explicit
08-04 03:00:56.007 27401 27937 I art     : Explicit concurrent mark sweep GC freed 3(96B) AllocSpace objects, 0(0B) LOS objects, 23% free, 50MB/66MB, paused 1.394ms total 36.581ms
08-04 03:00:56.018 27401 27937 I art     : Starting a blocking GC Explicit
08-04 03:00:56.055 27401 27937 I art     : Explicit concurrent mark sweep GC freed 3(96B) AllocSpace objects, 0(0B) LOS objects, 23% free, 50MB/66MB, paused 1.223ms total 36.728ms
08-04 03:00:56.381 27401 27477 I art     : Starting a blocking GC Explicit
08-04 03:00:56.418 27401 27477 I art     : Explicit concurrent mark sweep GC freed 1383(81KB) AllocSpace objects, 1(20KB) LOS objects, 23% free, 50MB/66MB, paused 1.365ms total 37.158ms
08-04 03:00:56.429 27401 27477 I art     : Starting a blocking GC Explicit
08-04 03:00:56.463 27401 27477 I art     : Explicit concurrent mark sweep GC freed 23(752B) AllocSpace objects, 0(0B) LOS objects, 23% free, 50MB/66MB, paused 1.234ms total 33.719ms
08-04 03:00:56.473 27401 27477 I art     : Starting a blocking GC Explicit
08-04 03:00:56.507 27401 27477 I art     : Explicit concurrent mark sweep GC freed 32(880B) AllocSpace objects, 0(0B) LOS objects, 23% free, 50MB/66MB, paused 1.353ms total 34.030ms
08-04 03:00:56.517 27401 27477 I art     : Starting a blocking GC Explicit
08-04 03:00:56.551 27401 27477 I art     : Explicit concurrent mark sweep GC freed 3(96B) AllocSpace objects, 0(0B) LOS objects, 23% free, 50MB/66MB, paused 1.224ms total 33.861ms
08-04 03:00:56.561 27401 27477 I art     : Starting a blocking GC Explicit
08-04 03:00:56.595 27401 27477 I art     : Explicit concurrent mark sweep GC freed 3(96B) AllocSpace objects, 0(0B) LOS objects, 23% free, 50MB/66MB, paused 1.182ms total 33.457ms
08-04 03:00:56.806 31253 31253 D AndroidRuntime: >>>>>> START com.android.internal.os.RuntimeInit uid 2000 <<<<<<
08-04 03:00:56.811 31253 31253 D AndroidRuntime: CheckJNI is OFF
08-04 03:00:56.845 31253 31253 D ICU     : No timezone override file found: /data/misc/zoneinfo/current/icu/icu_tzdata.dat
08-04 03:00:56.875 31253 31253 I Radio-JNI: register_android_hardware_Radio DONE
08-04 03:00:56.897 31253 31253 D AndroidRuntime: Calling main entry com.android.commands.input.Input
08-04 03:00:56.899 31253 31253 I Input   : injectKeyEvent: KeyEvent { action=ACTION_DOWN, keyCode=KEYCODE_BACK, scanCode=0, metaState=0, flags=0x0, repeatCount=0, eventTime=673273312, downTime=673273312, deviceId=-1, source=0x101 }
08-04 03:00:56.902 31253 31253 I Input   : injectKeyEvent: KeyEvent { action=ACTION_UP, keyCode=KEYCODE_BACK, scanCode=0, metaState=0, flags=0x0, repeatCount=0, eventTime=673273312, downTime=673273312, deviceId=-1, source=0x101 }
08-04 03:00:56.917 31253 31253 D AndroidRuntime: Shutting down VM
08-04 03:00:56.919 27401 27414 I art     : Starting a blocking GC Explicit
08-04 03:00:56.955 27401 27414 I art     : Explicit concurrent mark sweep GC freed 3548(170KB) AllocSpace objects, 1(20KB) LOS objects, 23% free, 51MB/67MB, paused 1.253ms total 35.936ms
08-04 03:00:56.965 27401 27414 I art     : Starting a blocking GC Explicit
08-04 03:00:56.999 27401 27414 I art     : Explicit concurrent mark sweep GC freed 5329(393KB) AllocSpace objects, 9(1620KB) LOS objects, 24% free, 49MB/65MB, paused 1.253ms total 33.096ms
08-04 03:00:57.009 27401 27414 I art     : Starting a blocking GC Explicit
08-04 03:00:57.042 27401 27414 I art     : Explicit concurrent mark sweep GC freed 48(2016B) AllocSpace objects, 0(0B) LOS objects, 24% free, 49MB/65MB, paused 1.180ms total 32.704ms
08-04 03:00:57.052 27401 27414 I art     : Starting a blocking GC Explicit
08-04 03:00:57.085 27401 27414 I art     : Explicit concurrent mark sweep GC freed 3(96B) AllocSpace objects, 0(0B) LOS objects, 24% free, 49MB/65MB, paused 1.173ms total 33.281ms
08-04 03:00:57.096 27401 27414 I art     : Starting a blocking GC Explicit
08-04 03:00:57.130 27401 27414 I art     : Explicit concurrent mark sweep GC freed 3(96B) AllocSpace objects, 0(0B) LOS objects, 24% free, 49MB/65MB, paused 1.398ms total 33.945ms
08-04 03:00:57.428 27401 27477 I art     : Starting a blocking GC Explicit
08-04 03:00:57.471 27401 27477 I art     : Explicit concurrent mark sweep GC freed 1382(82KB) AllocSpace objects, 1(20KB) LOS objects, 24% free, 49MB/65MB, paused 1.379ms total 43.119ms
08-04 03:00:57.486 27401 27477 I art     : Starting a blocking GC Explicit
08-04 03:00:57.521 27401 27477 I art     : Explicit concurrent mark sweep GC freed 52(1536B) AllocSpace objects, 0(0B) LOS objects, 24% free, 49MB/65MB, paused 1.254ms total 34.661ms
08-04 03:00:57.531 27401 27477 I art     : Starting a blocking GC Explicit
08-04 03:00:57.565 27401 27477 I art     : Explicit concurrent mark sweep GC freed 3(96B) AllocSpace objects, 0(0B) LOS objects, 24% free, 49MB/65MB, paused 1.234ms total 33.936ms
08-04 03:00:57.575 27401 27477 I art     : Starting a blocking GC Explicit
08-04 03:00:57.610 27401 27477 I art     : Explicit concurrent mark sweep GC freed 3(96B) AllocSpace objects, 0(0B) LOS objects, 24% free, 49MB/65MB, paused 1.270ms total 34.475ms
08-04 03:00:57.620 27401 27477 I art     : Starting a blocking GC Explicit
08-04 03:00:57.655 27401 27477 I art     : Explicit concurrent mark sweep GC freed 3(96B) AllocSpace objects, 0(0B) LOS objects, 24% free, 49MB/65MB, paused 1.222ms total 33.955ms
08-04 03:00:58.000 27401 29667 I art     : Starting a blocking GC Explicit
08-04 03:00:58.049 27401 29667 I art     : Explicit concurrent mark sweep GC freed 1381(82KB) AllocSpace objects, 1(20KB) LOS objects, 24% free, 49MB/65MB, paused 1.792ms total 47.933ms
08-04 03:00:58.063 27401 29667 I art     : Starting a blocking GC Explicit
08-04 03:00:58.098 27401 29667 I art     : Explicit concurrent mark sweep GC freed 23(752B) AllocSpace objects, 0(0B) LOS objects, 24% free, 49MB/65MB, paused 1.302ms total 34.955ms
08-04 03:00:58.108 27401 29667 I art     : Starting a blocking GC Explicit
08-04 03:00:58.143 27401 29667 I art     : Explicit concurrent mark sweep GC freed 3(96B) AllocSpace objects, 0(0B) LOS objects, 24% free, 49MB/65MB, paused 1.239ms total 34.723ms
08-04 03:00:58.154 27401 29667 I art     : Starting a blocking GC Explicit
08-04 03:00:58.186 27401 29667 I art     : Explicit concurrent mark sweep GC freed 3(96B) AllocSpace objects, 0(0B) LOS objects, 24% free, 49MB/65MB, paused 1.121ms total 32.294ms
08-04 03:00:58.195 27401 29667 I art     : Starting a blocking GC Explicit
08-04 03:00:58.226 27401 29667 I art     : Explicit concurrent mark sweep GC freed 3(96B) AllocSpace objects, 0(0B) LOS objects, 24% free, 49MB/65MB, paused 1.304ms total 30.296ms
08-04 03:00:58.539 27401 27413 I art     : Starting a blocking GC Explicit
08-04 03:00:58.577 27401 27413 I art     : Explicit concurrent mark sweep GC freed 1416(84KB) AllocSpace objects, 1(20KB) LOS objects, 24% free, 49MB/65MB, paused 1.249ms total 37.329ms
08-04 03:00:58.589 27401 27413 I art     : Starting a blocking GC Explicit
08-04 03:00:58.621 27401 27413 I art     : Explicit concurrent mark sweep GC freed 29(944B) AllocSpace objects, 0(0B) LOS objects, 24% free, 49MB/65MB, paused 1.339ms total 31.500ms
08-04 03:00:58.621 27401 27412 I art     : WaitForGcToComplete blocked for 23.474ms for cause HeapTrim
08-04 03:00:58.625 31300 31300 D AndroidRuntime: >>>>>> START com.android.internal.os.RuntimeInit uid 2000 <<<<<<
08-04 03:00:58.630 31300 31300 D AndroidRuntime: CheckJNI is OFF
08-04 03:00:58.630 27401 27413 I art     : Starting a blocking GC Explicit
08-04 03:00:58.660 27401 27413 I art     : Explicit concurrent mark sweep GC freed 7(224B) AllocSpace objects, 0(0B) LOS objects, 24% free, 49MB/65MB, paused 1.220ms total 30.120ms
08-04 03:00:58.663 31300 31300 D ICU     : No timezone override file found: /data/misc/zoneinfo/current/icu/icu_tzdata.dat
08-04 03:00:58.670 27401 27413 I art     : Starting a blocking GC Explicit
08-04 03:00:58.696 31300 31300 I Radio-JNI: register_android_hardware_Radio DONE
08-04 03:00:58.700 27401 27413 I art     : Explicit concurrent mark sweep GC freed 9(288B) AllocSpace objects, 0(0B) LOS objects, 24% free, 49MB/65MB, paused 1.215ms total 29.443ms
08-04 03:00:58.710 27401 27413 I art     : Starting a blocking GC Explicit
08-04 03:00:58.718 31300 31300 D AndroidRuntime: Calling main entry com.android.commands.am.Am
08-04 03:00:58.725  8825  8825 I Trepn   : Trepn 6.2s: Received intent: com.quicinc.trepn.stop_profiling
08-04 03:00:58.740 27401 27413 I art     : Explicit concurrent mark sweep GC freed 7(224B) AllocSpace objects, 0(0B) LOS objects, 24% free, 49MB/65MB, paused 1.152ms total 29.923ms
08-04 03:00:58.775  8825  8825 I Trepn   : Trepn 6.2s: Trepn has Stopped Profiling.
08-04 03:00:58.983 31300 31300 D AndroidRuntime: Shutting down VM
08-04 03:00:58.987   918  6111 W AppOps  : Finishing op nesting under-run: uid 10078 pkg com.quicinc.trepn code 24 time=0 duration=0 nesting=0
08-04 03:00:59.092 27401 27413 I art     : Starting a blocking GC Explicit
08-04 03:00:59.129 27401 27413 I art     : Explicit concurrent mark sweep GC freed 1388(81KB) AllocSpace objects, 1(20KB) LOS objects, 24% free, 49MB/65MB, paused 1.444ms total 35.985ms
08-04 03:00:59.141 27401 27413 I art     : Starting a blocking GC Explicit
08-04 03:00:59.176 27401 27413 I art     : Explicit concurrent mark sweep GC freed 23(752B) AllocSpace objects, 0(0B) LOS objects, 24% free, 49MB/65MB, paused 1.204ms total 34.759ms
08-04 03:00:59.186 27401 27413 I art     : Starting a blocking GC Explicit
08-04 03:00:59.221 27401 27413 I art     : Explicit concurrent mark sweep GC freed 3(96B) AllocSpace objects, 0(0B) LOS objects, 24% free, 49MB/65MB, paused 1.186ms total 34.100ms
08-04 03:00:59.231 27401 27413 I art     : Starting a blocking GC Explicit
08-04 03:00:59.263 27401 27413 I art     : Explicit concurrent mark sweep GC freed 3(96B) AllocSpace objects, 0(0B) LOS objects, 24% free, 49MB/65MB, paused 1.116ms total 31.680ms
08-04 03:00:59.272 27401 27413 I art     : Starting a blocking GC Explicit
08-04 03:00:59.304 27401 27413 I art     : Explicit concurrent mark sweep GC freed 3(96B) AllocSpace objects, 0(0B) LOS objects, 24% free, 49MB/65MB, paused 1.125ms total 31.562ms
08-04 03:01:02.087 23402 23402 I ServiceManager: Waiting for service AtCmdFwd...
