08-04 19:17:03.153 13866 13866 I GoogleInputMethodServic: GoogleInputMethodService.onStartInput():1808 
08-04 19:17:03.176   918   936 I ActivityManager: Displayed baseline.de.danoeh.antennapod.debug/baseline.de.danoeh.antennapod.activity.OnlineFeedViewActivity: +110ms
08-04 19:17:03.301  3560  4171 D HttpDownloader: Download was successful
08-04 19:17:03.302   918  6111 D WifiService: releaseWifiLockLocked: WifiLock{Downloader type=1 binder=android.os.BinderProxy@a99f7e5}
08-04 19:17:03.302  3560  3560 D OnlineFeedViewActivity: Parsing feed
08-04 19:17:03.307  3560  4867 D TypeGetter: Recognized type RSS 2.0
08-04 19:17:03.309  3560  4867 D SyndHandler: Recognized Atom namespace
08-04 19:17:03.309  3560  4867 D SyndHandler: Recognized ITunes namespace
08-04 19:17:03.310  3560  4867 D SyndHandler: Recognized media namespace
08-04 19:17:03.310  3560  4867 D SyndHandler: Recognized Content namespace
08-04 19:17:03.332  3560  3582 I art     : Starting a blocking GC Explicit
08-04 19:17:03.358  3560  3582 I art     : Explicit concurrent mark sweep GC freed 4517(415KB) AllocSpace objects, 4(80KB) LOS objects, 36% free, 27MB/43MB, paused 822us total 25.199ms
08-04 19:17:03.366  3560  3582 I art     : Starting a blocking GC Explicit
08-04 19:17:03.390  3560  3582 I art     : Explicit concurrent mark sweep GC freed 2272(114KB) AllocSpace objects, 0(0B) LOS objects, 36% free, 27MB/43MB, paused 946us total 23.917ms
08-04 19:17:03.399  3560  3582 I art     : Starting a blocking GC Explicit
08-04 19:17:03.425   380   380 W SurfaceFlinger: couldn't log to binary event log: overflow.
08-04 19:17:03.425  3560  3582 I art     : Explicit concurrent mark sweep GC freed 2389(119KB) AllocSpace objects, 0(0B) LOS objects, 36% free, 27MB/43MB, paused 943us total 25.607ms
08-04 19:17:03.435  3560  3582 I art     : Starting a blocking GC Explicit
08-04 19:17:03.448   512  2967 D audio_hw_primary: disable_audio_route: reset and update mixer path: low-latency-playback speaker
08-04 19:17:03.449   512  2967 D audio_hw_primary: disable_snd_device: snd_device(2: speaker)
08-04 19:17:03.457   512  2967 I soundtrigger: audio_extn_sound_trigger_update_device_status: device 0x2 of type 0 for Event 0
08-04 19:17:03.460  3560  3582 I art     : Explicit concurrent mark sweep GC freed 2561(135KB) AllocSpace objects, 0(0B) LOS objects, 36% free, 27MB/43MB, paused 976us total 24.982ms
08-04 19:17:03.468  3560  3582 I art     : Starting a blocking GC Explicit
08-04 19:17:03.492  3560  3582 I art     : Explicit concurrent mark sweep GC freed 2614(135KB) AllocSpace objects, 0(0B) LOS objects, 36% free, 27MB/43MB, paused 984us total 24.024ms
08-04 19:17:03.561  3560  3560 D PlaybackController: Releasing PlaybackController
08-04 19:17:03.755  3560  3582 I art     : Starting a blocking GC Explicit
08-04 19:17:03.789  3560  3582 I art     : Explicit concurrent mark sweep GC freed 22878(1228KB) AllocSpace objects, 1(20KB) LOS objects, 35% free, 28MB/44MB, paused 1.161ms total 33.434ms
08-04 19:17:03.799  3560  3582 I art     : Starting a blocking GC Explicit
08-04 19:17:03.827  3560  3582 I art     : Explicit concurrent mark sweep GC freed 6410(305KB) AllocSpace objects, 0(0B) LOS objects, 35% free, 28MB/44MB, paused 1.989ms total 27.843ms
08-04 19:17:03.836  3560  3582 I art     : Starting a blocking GC Explicit
08-04 19:17:03.863  3560  3582 I art     : Explicit concurrent mark sweep GC freed 5153(248KB) AllocSpace objects, 0(0B) LOS objects, 36% free, 28MB/44MB, paused 1.215ms total 26.137ms
08-04 19:17:03.871  3560  3582 I art     : Starting a blocking GC Explicit
08-04 19:17:03.898  3560  3582 I art     : Explicit concurrent mark sweep GC freed 2716(142KB) AllocSpace objects, 0(0B) LOS objects, 35% free, 28MB/44MB, paused 1.061ms total 26.680ms
08-04 19:17:03.907  3560  3582 I art     : Starting a blocking GC Explicit
08-04 19:17:03.934  3560  3582 I art     : Explicit concurrent mark sweep GC freed 2797(142KB) AllocSpace objects, 0(0B) LOS objects, 35% free, 28MB/44MB, paused 1.070ms total 26.623ms
08-04 19:17:04.003   518   646 I ThermalEngine: ACTION: GPU - Setting GPU[0] to 450000000
08-04 19:17:04.013 31450 31450 I ServiceManager: Waiting for service AtCmdFwd...
08-04 19:17:04.225  3560  4182 I art     : Starting a blocking GC Explicit
08-04 19:17:04.269  3560  4182 I art     : Explicit concurrent mark sweep GC freed 20356(1073KB) AllocSpace objects, 1(20KB) LOS objects, 35% free, 29MB/45MB, paused 1.489ms total 43.721ms
08-04 19:17:04.283  3560  4182 I art     : Starting a blocking GC Explicit
08-04 19:17:04.319  3560  4182 I art     : Explicit concurrent mark sweep GC freed 5822(278KB) AllocSpace objects, 0(0B) LOS objects, 35% free, 28MB/44MB, paused 1.408ms total 36.660ms
08-04 19:17:04.331  3560  4182 I art     : Starting a blocking GC Explicit
08-04 19:17:04.368  3560  4182 I art     : Explicit concurrent mark sweep GC freed 5260(264KB) AllocSpace objects, 0(0B) LOS objects, 35% free, 28MB/44MB, paused 1.353ms total 35.969ms
08-04 19:17:04.380  3560  4182 I art     : Starting a blocking GC Explicit
08-04 19:17:04.416  3560  4182 I art     : Explicit concurrent mark sweep GC freed 2961(153KB) AllocSpace objects, 0(0B) LOS objects, 35% free, 28MB/44MB, paused 1.320ms total 36.055ms
08-04 19:17:04.428  3560  4182 I art     : Starting a blocking GC Explicit
08-04 19:17:04.467  3560  4182 I art     : Explicit concurrent mark sweep GC freed 2844(152KB) AllocSpace objects, 0(0B) LOS objects, 35% free, 29MB/45MB, paused 1.588ms total 38.243ms
08-04 19:17:04.780  3560  3582 I art     : Starting a blocking GC Explicit
08-04 19:17:04.827  3560  3582 I art     : Explicit concurrent mark sweep GC freed 20270(1093KB) AllocSpace objects, 1(20KB) LOS objects, 35% free, 29MB/45MB, paused 1.553ms total 47.323ms
08-04 19:17:04.841  3560  3582 I art     : Starting a blocking GC Explicit
08-04 19:17:04.882  3560  3582 I art     : Explicit concurrent mark sweep GC freed 4248(217KB) AllocSpace objects, 0(0B) LOS objects, 35% free, 29MB/45MB, paused 1.440ms total 40.450ms
08-04 19:17:04.895  3560  3582 I art     : Starting a blocking GC Explicit
08-04 19:17:04.933  3560  3582 I art     : Explicit concurrent mark sweep GC freed 7555(371KB) AllocSpace objects, 0(0B) LOS objects, 35% free, 29MB/45MB, paused 1.331ms total 37.672ms
08-04 19:17:04.946  3560  3582 I art     : Starting a blocking GC Explicit
08-04 19:17:04.985  3560  3582 I art     : Explicit concurrent mark sweep GC freed 3093(165KB) AllocSpace objects, 0(0B) LOS objects, 35% free, 29MB/45MB, paused 1.564ms total 39.592ms
08-04 19:17:04.998  3560  3582 I art     : Starting a blocking GC Explicit
08-04 19:17:05.013 31450 31450 I ServiceManager: Waiting for service AtCmdFwd...
08-04 19:17:05.037  3560  3582 I art     : Explicit concurrent mark sweep GC freed 3077(163KB) AllocSpace objects, 0(0B) LOS objects, 35% free, 29MB/45MB, paused 1.501ms total 38.539ms
08-04 19:17:05.353  3560  4182 I art     : Starting a blocking GC Explicit
08-04 19:17:05.402  3560  4182 I art     : Explicit concurrent mark sweep GC freed 20504(1130KB) AllocSpace objects, 1(20KB) LOS objects, 34% free, 30MB/46MB, paused 1.601ms total 48.686ms
08-04 19:17:05.417  3560  4182 I art     : Starting a blocking GC Explicit
08-04 19:17:05.459  3560  4182 I art     : Explicit concurrent mark sweep GC freed 3827(196KB) AllocSpace objects, 0(0B) LOS objects, 34% free, 30MB/46MB, paused 1.550ms total 42.274ms
08-04 19:17:05.473  3560  4182 I art     : Starting a blocking GC Explicit
08-04 19:17:05.512  3560  4182 I art     : Explicit concurrent mark sweep GC freed 8527(406KB) AllocSpace objects, 0(0B) LOS objects, 34% free, 30MB/46MB, paused 1.357ms total 39.058ms
08-04 19:17:05.525  3560  4182 I art     : Starting a blocking GC Explicit
08-04 19:17:05.565  3560  4182 I art     : Explicit concurrent mark sweep GC freed 3242(164KB) AllocSpace objects, 0(0B) LOS objects, 34% free, 30MB/46MB, paused 1.333ms total 39.481ms
08-04 19:17:05.578  3560  4182 I art     : Starting a blocking GC Explicit
08-04 19:17:05.618  3560  4182 I art     : Explicit concurrent mark sweep GC freed 3215(164KB) AllocSpace objects, 0(0B) LOS objects, 34% free, 30MB/46MB, paused 1.503ms total 40.010ms
08-04 19:17:05.955  3560  3572 I art     : Starting a blocking GC Explicit
08-04 19:17:06.008  3560  3572 I art     : Explicit concurrent mark sweep GC freed 22298(1118KB) AllocSpace objects, 1(20KB) LOS objects, 34% free, 30MB/46MB, paused 1.475ms total 52.699ms
08-04 19:17:06.014 31450 31450 I ServiceManager: Waiting for service AtCmdFwd...
08-04 19:17:06.024  3560  3572 I art     : Starting a blocking GC Explicit
08-04 19:17:06.068  3560  3572 I art     : Explicit concurrent mark sweep GC freed 5209(234KB) AllocSpace objects, 0(0B) LOS objects, 34% free, 30MB/46MB, paused 1.646ms total 44.494ms
08-04 19:17:06.082  3560  3572 I art     : Starting a blocking GC Explicit
08-04 19:17:06.124  3560  3572 I art     : Explicit concurrent mark sweep GC freed 8125(359KB) AllocSpace objects, 0(0B) LOS objects, 34% free, 30MB/46MB, paused 1.527ms total 41.927ms
08-04 19:17:06.138  3560  3572 I art     : Starting a blocking GC Explicit
08-04 19:17:06.180  3560  3572 I art     : Explicit concurrent mark sweep GC freed 3376(149KB) AllocSpace objects, 0(0B) LOS objects, 34% free, 30MB/46MB, paused 1.413ms total 41.705ms
08-04 19:17:06.193  3560  3572 I art     : Starting a blocking GC Explicit
08-04 19:17:06.235  3560  3572 I art     : Explicit concurrent mark sweep GC freed 3376(155KB) AllocSpace objects, 0(0B) LOS objects, 34% free, 30MB/46MB, paused 1.487ms total 41.212ms
08-04 19:17:06.341  3560  4867 D OnlineFeedViewActivity: Deleted feed source file. Result: true
08-04 19:17:06.348  3560  3560 D OnlineFeedViewActivity: Removing HTML from shownotes
08-04 19:17:06.542  3560  4182 I art     : Waiting for a blocking GC Explicit
08-04 19:17:06.557  3560  4182 I art     : WaitForGcToComplete blocked for 15.132ms for cause Explicit
08-04 19:17:06.557  3560  4182 I art     : Starting a blocking GC Explicit
08-04 19:17:06.610  3560  4182 I art     : Explicit concurrent mark sweep GC freed 38972(3MB) AllocSpace objects, 169(11MB) LOS objects, 33% free, 32MB/48MB, paused 1.438ms total 52.607ms
08-04 19:17:06.625  3560  4182 I art     : Starting a blocking GC Explicit
08-04 19:17:06.676  3560  4182 I art     : Explicit concurrent mark sweep GC freed 43687(3MB) AllocSpace objects, 198(13MB) LOS objects, 32% free, 32MB/48MB, paused 1.408ms total 50.568ms
08-04 19:17:06.690  3560  4182 I art     : Starting a blocking GC Explicit
08-04 19:17:06.741  3560  4182 I art     : Explicit concurrent mark sweep GC freed 44199(3MB) AllocSpace objects, 191(12MB) LOS objects, 32% free, 32MB/48MB, paused 1.412ms total 49.939ms
08-04 19:17:06.755  3560  4182 I art     : Starting a blocking GC Explicit
08-04 19:17:06.812  3560  4182 I art     : Explicit concurrent mark sweep GC freed 47148(3MB) AllocSpace objects, 217(14MB) LOS objects, 32% free, 32MB/48MB, paused 1.500ms total 55.926ms
08-04 19:17:06.827  3560  4182 I art     : Starting a blocking GC Explicit
08-04 19:17:06.883  3560  4182 I art     : Explicit concurrent mark sweep GC freed 45679(4MB) AllocSpace objects, 298(19MB) LOS objects, 32% free, 33MB/49MB, paused 1.509ms total 55.439ms
08-04 19:17:06.913  3560  4563 D ApOkHttpUrlLoader: buildLoadData() called with: model = [http://static.libsyn.com/p/assets/7/1/f/3/71f3014e14ef2722/JREiTunesImage2.jpg], width = [350], height = [350]
08-04 19:17:06.914  3560  3560 I Choreographer: Skipped 33 frames!  The application may be doing too much work on its main thread.
08-04 19:17:06.916  3560  4377 D DBReader: getImageAuthentication() called with: imageUrl = [http://static.libsyn.com/p/assets/7/1/f/3/71f3014e14ef2722/JREiTunesImage2.jpg]
08-04 19:17:06.919  3560  4377 D ApOkHttpUrlLoader: no credentials for 'http://static.libsyn.com/p/assets/7/1/f/3/71f3014e14ef2722/JREiTunesImage2.jpg'
08-04 19:17:07.014 31450 31450 I ServiceManager: Waiting for service AtCmdFwd...
08-04 19:17:07.024  3560  4377 D MYTAG   : interceptor 2a
08-04 19:17:07.025  3560  4377 I NAPPA_EXPERIMENTATION: MetricNetworkRequestExecutionTime: REQUEST_DURATION_SYSTEM='105',REQUEST_DURATION_OKHTTP='35',REQUEST_SYNCHRONOUS='TRUE',RESPONSE_CODE='200',RESPONSE_METHOD='GET',RESPONSE_LENGTH_OKHTTP='402832',RESPONSE_LENGTH_HEADER='402832',REQUEST_PROTOCOL='http/1.1',REQUEST_URL='http://static.libsyn.com/p/assets/7/1/f/3/71f3014e14ef2722/JREiTunesImage2.jpg',
08-04 19:17:07.204  3560  3573 I art     : Starting a blocking GC Explicit
08-04 19:17:07.253  3560  3573 I art     : Explicit concurrent mark sweep GC freed 19567(1893KB) AllocSpace objects, 99(6MB) LOS objects, 33% free, 31MB/47MB, paused 1.107ms total 48.681ms
08-04 19:17:07.267  3560  3573 I art     : Starting a blocking GC Explicit
08-04 19:17:07.312  3560  3573 I art     : Explicit concurrent mark sweep GC freed 615(29KB) AllocSpace objects, 1(112KB) LOS objects, 33% free, 31MB/47MB, paused 1.111ms total 44.392ms
08-04 19:17:07.327  3560  3573 I art     : Starting a blocking GC Explicit
08-04 19:17:07.376  3560  3573 I art     : Explicit concurrent mark sweep GC freed 3(96B) AllocSpace objects, 0(0B) LOS objects, 33% free, 31MB/47MB, paused 1.089ms total 48.350ms
08-04 19:17:07.391  3560  3573 I art     : Starting a blocking GC Explicit
08-04 19:17:07.438  3560  3573 I art     : Explicit concurrent mark sweep GC freed 3(96B) AllocSpace objects, 0(0B) LOS objects, 33% free, 31MB/47MB, paused 1.115ms total 46.014ms
08-04 19:17:07.453  3560  3573 I art     : Starting a blocking GC Explicit
08-04 19:17:07.501  3560  3573 I art     : Explicit concurrent mark sweep GC freed 3(96B) AllocSpace objects, 0(0B) LOS objects, 33% free, 31MB/47MB, paused 1.122ms total 47.959ms
08-04 19:17:07.615  4937  4937 D AndroidRuntime: >>>>>> START com.android.internal.os.RuntimeInit uid 2000 <<<<<<
08-04 19:17:07.622  4937  4937 D AndroidRuntime: CheckJNI is OFF
08-04 19:17:07.670  4937  4937 D ICU     : No timezone override file found: /data/misc/zoneinfo/current/icu/icu_tzdata.dat
08-04 19:17:07.715  4937  4937 I Radio-JNI: register_android_hardware_Radio DONE
08-04 19:17:07.743  4937  4937 D AndroidRuntime: Calling main entry com.android.commands.input.Input
08-04 19:17:07.745  4937  4937 I Input   : injectMotionEvent: MotionEvent { action=ACTION_DOWN, actionButton=0, id[0]=0, x[0]=693.0, y[0]=821.0, toolType[0]=TOOL_TYPE_UNKNOWN, buttonState=0, metaState=0, flags=0x0, edgeFlags=0x0, pointerCount=1, historySize=0, eventTime=731844158, downTime=731844158, deviceId=0, source=0x1002 }
08-04 19:17:07.750  4937  4937 I Input   : injectMotionEvent: MotionEvent { action=ACTION_UP, actionButton=0, id[0]=0, x[0]=693.0, y[0]=821.0, toolType[0]=TOOL_TYPE_UNKNOWN, buttonState=0, metaState=0, flags=0x0, edgeFlags=0x0, pointerCount=1, historySize=0, eventTime=731844158, downTime=731844158, deviceId=0, source=0x1002 }
08-04 19:17:07.751  4937  4937 D AndroidRuntime: Shutting down VM
08-04 19:17:07.764  3560  3560 D UserPreferences: Using default data folder
08-04 19:17:07.765  3560  3560 D DownloadRequester: partiallyDownloadedFileExists: false
08-04 19:17:07.765  3560  3560 D DownloadRequester: /storage/emulated/0/Android/data/baseline.de.danoeh.antennapod.debug/files/cache/feed-The Joe Rogan Experience is available as a download destination
08-04 19:17:07.765   512  2967 D audio_hw_primary: out_set_parameters: enter: usecase(1: low-latency-playback) kvpairs: routing=2
08-04 19:17:07.765  3560  3560 D DownloadRequester: Requesting download of url http://joeroganexp.joerogan.libsynpro.com/rss
08-04 19:17:07.769  3560  3560 D DownloadService: Service started
08-04 19:17:07.770  3560  3560 D DownloadService: parallel downloads: 4
08-04 19:17:07.771  3560  4970 D downloadCompletionThd: downloadCompletionThread was started
08-04 19:17:07.773  3560  3560 D DownloadService: Notification set up
08-04 19:17:07.778   512  2967 D audio_hw_primary: select_devices: out_snd_device(2: speaker) in_snd_device(0: none)
08-04 19:17:07.779   512  2967 D msm8974_platform: platform_send_audio_calibration: sending audio calibration for snd_device(2) acdb_id(15)
08-04 19:17:07.779   512  2967 I soundtrigger: audio_extn_sound_trigger_update_device_status: device 0x2 of type 0 for Event 1
08-04 19:17:07.781  3560  3560 D DownloadService: Received enqueue request
08-04 19:17:07.782  3560  3560 D OnlineFeedViewActivity: onEventMainThread() called with: event = [DownloadEvent{update=DownloaderUpdate{downloaders=[baseline.de.danoeh.antennapod.core.service.download.HttpDownloader@b35a412], feedIds=[0], mediaIds=[]}}]
08-04 19:17:07.782  3560  3560 D DownloadService: 1 downloads left
08-04 19:17:07.783  3560  3560 D DownloadService: Setting up notification updater
08-04 19:17:07.788   918  5132 D WifiService: acquireWifiLockLocked: WifiLock{Downloader type=1 binder=android.os.BinderProxy@c74830c}
08-04 19:17:07.789  3560  4972 D AntennapodHttpClient: Creating new instance of HTTP client
08-04 19:17:07.795   512  2967 D audio_hw_primary: enable_snd_device: snd_device(2: speaker)
08-04 19:17:07.798   512  2967 D audio_hw_primary: enable_audio_route: apply and update mixer path: low-latency-playback speaker
08-04 19:17:07.840  3560  4972 D MYTAG   : interceptor 3a http://joeroganexp.joerogan.libsynpro.com/rss
08-04 19:17:07.840  3560  4972 I NAPPA_EXPERIMENTATION: MetricNetworkRequestExecutionTime: REQUEST_DURATION_SYSTEM='50',REQUEST_DURATION_OKHTTP='31',REQUEST_SYNCHRONOUS='TRUE',RESPONSE_CODE='200',RESPONSE_METHOD='GET',RESPONSE_LENGTH_OKHTTP='-1',RESPONSE_LENGTH_HEADER='307892',REQUEST_PROTOCOL='http/1.1',REQUEST_URL='http://joeroganexp.joerogan.libsynpro.com/rss',
08-04 19:17:07.840  3560  4972 D HttpDownloader: Response code is 200
08-04 19:17:07.840  3560  4972 D UserPreferences: Using default data folder
08-04 19:17:07.842  3560  4972 D HttpDownloader: Getting size of download
08-04 19:17:07.843  3560  4972 D HttpDownloader: Size is -1
08-04 19:17:07.843  3560  4972 D UserPreferences: Using default data folder
08-04 19:17:07.843  3560  4972 D HttpDownloader: Free space is 20234129408
08-04 19:17:07.843  3560  4972 D HttpDownloader: Starting download
08-04 19:17:07.846  3560  4182 I art     : Starting a blocking GC Explicit
08-04 19:17:07.888  3560  4182 I art     : Explicit concurrent mark sweep GC freed 2700(157KB) AllocSpace objects, 1(20KB) LOS objects, 33% free, 31MB/47MB, paused 1.212ms total 41.365ms
08-04 19:17:07.901  3560  4182 I art     : Starting a blocking GC Explicit
08-04 19:17:07.942  3560  4182 I art     : Explicit concurrent mark sweep GC freed 45(1760B) AllocSpace objects, 0(0B) LOS objects, 33% free, 31MB/47MB, paused 1.184ms total 40.807ms
08-04 19:17:07.956  3560  4182 I art     : Starting a blocking GC Explicit
08-04 19:17:07.977  3560  4972 D HttpDownloader: Download was successful
08-04 19:17:07.978   918  3961 D WifiService: releaseWifiLockLocked: WifiLock{Downloader type=1 binder=android.os.BinderProxy@c74830c}
08-04 19:17:07.979  3560  4970 D downloadCompletionThd: Received 'Download Complete' - message.
08-04 19:17:07.979  3560  4970 D DownloadService: Handling completed Feed Download
08-04 19:17:07.979  3560  4971 D FeedSyncThread: Waiting for 3000 ms
08-04 19:17:07.980  3560  3560 D DownloadService: Removing downloader: http://joeroganexp.joerogan.libsynpro.com/rss
08-04 19:17:07.980  3560  3560 D DownloadService: Result of downloads.remove: true
08-04 19:17:07.983  3560  4975 D TypeGetter: Recognized type RSS 2.0
08-04 19:17:07.985  3560  4975 D SyndHandler: Recognized Atom namespace
08-04 19:17:07.985  3560  4975 D SyndHandler: Recognized ITunes namespace
08-04 19:17:07.985  3560  4975 D SyndHandler: Recognized media namespace
08-04 19:17:07.985  3560  4975 D SyndHandler: Recognized Content namespace
08-04 19:17:07.998  3560  4182 I art     : Explicit concurrent mark sweep GC freed 626(146KB) AllocSpace objects, 3(60KB) LOS objects, 33% free, 31MB/47MB, paused 1.412ms total 42.042ms
08-04 19:17:08.012  3560  4182 I art     : Starting a blocking GC Explicit
08-04 19:17:08.015 31450 31450 W Atfwd_Sendcmd: AtCmdFwd service not published, waiting... retryCnt : 5
08-04 19:17:08.056  3560  4182 I art     : Explicit concurrent mark sweep GC freed 2751(176KB) AllocSpace objects, 0(0B) LOS objects, 33% free, 31MB/47MB, paused 1.556ms total 43.580ms
08-04 19:17:08.070  3560  4182 I art     : Starting a blocking GC Explicit
08-04 19:17:08.113  3560  4182 I art     : Explicit concurrent mark sweep GC freed 3362(166KB) AllocSpace objects, 0(0B) LOS objects, 33% free, 31MB/47MB, paused 1.460ms total 43.329ms
08-04 19:17:08.338   512  2967 D audio_hw_primary: disable_audio_route: reset and update mixer path: low-latency-playback speaker
08-04 19:17:08.339   512  2967 D audio_hw_primary: disable_snd_device: snd_device(2: speaker)
08-04 19:17:08.347   512  2967 I soundtrigger: audio_extn_sound_trigger_update_device_status: device 0x2 of type 0 for Event 0
08-04 19:17:08.416  3560  3572 I art     : Starting a blocking GC Explicit
08-04 19:17:08.467  3560  3572 I art     : Explicit concurrent mark sweep GC freed 19862(1070KB) AllocSpace objects, 1(20KB) LOS objects, 33% free, 32MB/48MB, paused 1.514ms total 50.565ms
08-04 19:17:08.481  3560  3572 I art     : Starting a blocking GC Explicit
08-04 19:17:08.525  3560  3572 I art     : Explicit concurrent mark sweep GC freed 8415(401KB) AllocSpace objects, 0(0B) LOS objects, 33% free, 32MB/48MB, paused 1.552ms total 44.392ms
08-04 19:17:08.540  3560  3572 I art     : Starting a blocking GC Explicit
08-04 19:17:08.586  3560  3572 I art     : Explicit concurrent mark sweep GC freed 3502(177KB) AllocSpace objects, 0(0B) LOS objects, 33% free, 32MB/48MB, paused 1.406ms total 46.052ms
08-04 19:17:08.602  3560  3572 I art     : Starting a blocking GC Explicit
08-04 19:17:08.651  3560  3572 I art     : Explicit concurrent mark sweep GC freed 3613(189KB) AllocSpace objects, 0(0B) LOS objects, 33% free, 32MB/48MB, paused 1.331ms total 48.788ms
08-04 19:17:08.666  3560  3572 I art     : Starting a blocking GC Explicit
08-04 19:17:08.712  3560  3572 I art     : Explicit concurrent mark sweep GC freed 3551(180KB) AllocSpace objects, 0(0B) LOS objects, 33% free, 32MB/48MB, paused 1.505ms total 46.054ms
08-04 19:17:09.024  3560  3582 I art     : Starting a blocking GC Explicit
08-04 19:17:09.087  3560  3582 I art     : Explicit concurrent mark sweep GC freed 21069(1117KB) AllocSpace objects, 1(20KB) LOS objects, 32% free, 32MB/48MB, paused 1.645ms total 61.522ms
08-04 19:17:09.103  3560  3582 I art     : Starting a blocking GC Explicit
08-04 19:17:09.151  3560  3582 I art     : Explicit concurrent mark sweep GC freed 8991(426KB) AllocSpace objects, 0(0B) LOS objects, 32% free, 32MB/48MB, paused 1.550ms total 48.337ms
08-04 19:17:09.166  3560  3582 I art     : Starting a blocking GC Explicit
08-04 19:17:09.213  3560  3582 I art     : Explicit concurrent mark sweep GC freed 3826(191KB) AllocSpace objects, 0(0B) LOS objects, 32% free, 32MB/48MB, paused 1.580ms total 47.327ms
08-04 19:17:09.229  3560  3582 I art     : Starting a blocking GC Explicit
08-04 19:17:09.280  3560  3582 I art     : Explicit concurrent mark sweep GC freed 3853(211KB) AllocSpace objects, 0(0B) LOS objects, 32% free, 32MB/48MB, paused 1.587ms total 51.056ms
08-04 19:17:09.284  3560  3560 D OnlineFeedViewActivity: onEventMainThread() called with: event = [DownloadEvent{update=DownloaderUpdate{downloaders=[], feedIds=[], mediaIds=[]}}]
08-04 19:17:09.296  3560  3582 I art     : Starting a blocking GC Explicit
08-04 19:17:09.346  3560  3582 I art     : Explicit concurrent mark sweep GC freed 3782(194KB) AllocSpace objects, 0(0B) LOS objects, 32% free, 32MB/48MB, paused 1.537ms total 49.922ms
08-04 19:17:09.677   918 13198 D NetlinkSocketObserver: NeighborEvent{elapsedMs=1715233552, 192.168.2.254, [7C3953A63323], RTM_NEWNEIGH, NUD_PROBE}
08-04 19:17:09.681  3560  3573 I art     : Starting a blocking GC Explicit
08-04 19:17:09.748  3560  3573 I art     : Explicit concurrent mark sweep GC freed 21951(1190KB) AllocSpace objects, 1(20KB) LOS objects, 32% free, 33MB/49MB, paused 1.732ms total 66.973ms
08-04 19:17:09.765  3560  3573 I art     : Starting a blocking GC Explicit
08-04 19:17:09.815  3560  3573 I art     : Explicit concurrent mark sweep GC freed 9203(451KB) AllocSpace objects, 0(0B) LOS objects, 32% free, 33MB/49MB, paused 1.712ms total 50.178ms
08-04 19:17:09.831  3560  3573 I art     : Starting a blocking GC Explicit
08-04 19:17:09.884  3560  3573 I art     : Explicit concurrent mark sweep GC freed 4324(226KB) AllocSpace objects, 0(0B) LOS objects, 32% free, 33MB/49MB, paused 1.680ms total 52.346ms
08-04 19:17:09.900  3560  3573 I art     : Starting a blocking GC Explicit
08-04 19:17:09.957  3560  3573 I art     : Explicit concurrent mark sweep GC freed 4072(218KB) AllocSpace objects, 0(0B) LOS objects, 32% free, 33MB/49MB, paused 1.745ms total 56.813ms
08-04 19:17:09.973  3560  3573 I art     : Starting a blocking GC Explicit
08-04 19:17:10.028  3560  3573 I art     : Explicit concurrent mark sweep GC freed 4096(216KB) AllocSpace objects, 0(0B) LOS objects, 32% free, 33MB/49MB, paused 1.766ms total 54.758ms
08-04 19:17:10.375  3560  3572 I art     : Starting a blocking GC Explicit
08-04 19:17:10.441  3560  3572 I art     : Explicit concurrent mark sweep GC freed 22549(1232KB) AllocSpace objects, 1(20KB) LOS objects, 31% free, 34MB/50MB, paused 1.897ms total 65.588ms
08-04 19:17:10.459  3560  3572 I art     : Starting a blocking GC Explicit
08-04 19:17:10.513  3560  3572 I art     : Explicit concurrent mark sweep GC freed 6347(311KB) AllocSpace objects, 0(0B) LOS objects, 31% free, 34MB/50MB, paused 1.784ms total 54.406ms
08-04 19:17:10.529  3560  3572 I art     : Starting a blocking GC Explicit
08-04 19:17:10.583  3560  3572 I art     : Explicit concurrent mark sweep GC freed 7860(385KB) AllocSpace objects, 0(0B) LOS objects, 32% free, 33MB/49MB, paused 1.611ms total 53.347ms
08-04 19:17:10.599  3560  3572 I art     : Starting a blocking GC Explicit
08-04 19:17:10.654  3560  3572 I art     : Explicit concurrent mark sweep GC freed 4151(224KB) AllocSpace objects, 0(0B) LOS objects, 31% free, 34MB/50MB, paused 1.574ms total 54.890ms
08-04 19:17:10.672  3560  3572 I art     : Starting a blocking GC Explicit
08-04 19:17:10.724  3560  3572 I art     : Explicit concurrent mark sweep GC freed 4070(264KB) AllocSpace objects, 0(0B) LOS objects, 31% free, 34MB/50MB, paused 1.671ms total 52.370ms
08-04 19:17:10.786  3560  3560 D OnlineFeedViewActivity: onEventMainThread() called with: event = [DownloadEvent{update=DownloaderUpdate{downloaders=[], feedIds=[], mediaIds=[]}}]
08-04 19:17:11.071  3560  3582 I art     : Starting a blocking GC Explicit
08-04 19:17:11.146  3560  3582 I art     : Explicit concurrent mark sweep GC freed 23501(1027KB) AllocSpace objects, 1(20KB) LOS objects, 31% free, 34MB/50MB, paused 1.850ms total 75.452ms
08-04 19:17:11.165  3560  3582 I art     : Starting a blocking GC Explicit
08-04 19:17:11.223  3560  3582 I art     : Explicit concurrent mark sweep GC freed 8633(399KB) AllocSpace objects, 0(0B) LOS objects, 31% free, 34MB/50MB, paused 1.824ms total 58.149ms
08-04 19:17:11.241  3560  3582 I art     : Starting a blocking GC Explicit
08-04 19:17:11.299  3560  4975 D FeedSyncThread: The Joe Rogan Experience parsed
08-04 19:17:11.299  3560  3582 I art     : Explicit concurrent mark sweep GC freed 6494(299KB) AllocSpace objects, 0(0B) LOS objects, 31% free, 34MB/50MB, paused 1.925ms total 58.436ms
08-04 19:17:11.307  3560  4975 D FeedSyncThread: Deletion of file '/storage/emulated/0/Android/data/baseline.de.danoeh.antennapod.debug/files/cache/feed-The Joe Rogan Experience' successful
08-04 19:17:11.307  3560  4975 D DBReader: getFeedDownloadLog() called with: feed = [baseline.de.danoeh.antennapod.core.feed.Feed@0]
08-04 19:17:11.308  3560  4971 D FeedSyncThread: Bundling 1 feeds
08-04 19:17:11.310  3560  5027 D DBReader: Extracting Feedlist
08-04 19:17:11.313  3560  5027 D DBTasks : Found no existing Feed with title The Joe Rogan Experience. Adding as new one.
08-04 19:17:11.317  3560  3582 I art     : Starting a blocking GC Explicit
08-04 19:17:11.320  3560  4688 D PodDBAdapter: Setting feed with flattr status The Joe Rogan Experience: 0
08-04 19:17:11.321  3560  4688 D baseline.de.danoeh.antennapod.core.storage.PodDBAdapter@150f982: Inserting new Feed into db
08-04 19:17:11.378  3560  3582 I art     : Explicit concurrent mark sweep GC freed 12651(744KB) AllocSpace objects, 0(0B) LOS objects, 31% free, 34MB/50MB, paused 1.569ms total 60.929ms
08-04 19:17:11.395  3560  3582 I art     : Starting a blocking GC Explicit
08-04 19:17:11.456  3560  3582 I art     : Explicit concurrent mark sweep GC freed 20121(1506KB) AllocSpace objects, 0(0B) LOS objects, 31% free, 34MB/50MB, paused 1.523ms total 60.932ms
08-04 19:17:11.771  3560  3573 I art     : Starting a blocking GC Explicit
08-04 19:17:11.846  3560  3573 I art     : Explicit concurrent mark sweep GC freed 93196(6MB) AllocSpace objects, 1(20KB) LOS objects, 31% free, 34MB/50MB, paused 1.248ms total 74.732ms
08-04 19:17:11.864  3560  3573 I art     : Starting a blocking GC Explicit
08-04 19:17:11.871  3560  3560 D EventDistributor: Processing event queue. Number of events: 1
08-04 19:17:11.871  3560  3560 D EventDistributor: Notifying observers. Data: 1
08-04 19:17:11.872  3560  3560 D DownloadService: 0 downloads left
08-04 19:17:11.872  3560  4170 D DBReader: Extracting Feedlist
08-04 19:17:11.872  3560  3560 D DownloadService: Number of downloads is 0, attempting shutdown
08-04 19:17:11.873  3560  3560 D DownloadService: Service shutting down
08-04 19:17:11.873  3560  3560 D DownloadService: No report is created
08-04 19:17:11.873  3560  3560 D OnlineFeedViewActivity: onEventMainThread() called with: event = [DownloadEvent{update=DownloaderUpdate{downloaders=[], feedIds=[], mediaIds=[]}}]
08-04 19:17:11.875  3560  3560 D DownloadService: NotificationUpdater cancelled. Result: false
08-04 19:17:11.875  3560  4970 E downloadCompletionThd: DownloadCompletionThread was interrupted
08-04 19:17:11.876  3560  3560 D DBTasks : autodownloadUndownloadedItems
08-04 19:17:11.877  3560  4693 D NetworkUtils: Device is connected to Wi-Fi
08-04 19:17:11.877  3560  4693 D NetworkUtils: Auto-dl filter is disabled
08-04 19:17:11.921  3560  3573 I art     : Explicit concurrent mark sweep GC freed 307(35KB) AllocSpace objects, 1(20KB) LOS objects, 31% free, 34MB/50MB, paused 1.099ms total 56.669ms
08-04 19:17:11.938  3560  3573 I art     : Starting a blocking GC Explicit
08-04 19:17:11.986  3560  3573 I art     : Explicit concurrent mark sweep GC freed 30476(3MB) AllocSpace objects, 0(0B) LOS objects, 33% free, 31MB/47MB, paused 1.090ms total 47.768ms
08-04 19:17:12.001  3560  3573 I art     : Starting a blocking GC Explicit
08-04 19:17:12.043  3560  3573 I art     : Explicit concurrent mark sweep GC freed 3(96B) AllocSpace objects, 0(0B) LOS objects, 33% free, 31MB/47MB, paused 1.240ms total 41.577ms
08-04 19:17:12.058  3560  3573 I art     : Starting a blocking GC Explicit
08-04 19:17:12.104  3560  3573 I art     : Explicit concurrent mark sweep GC freed 3(96B) AllocSpace objects, 0(0B) LOS objects, 33% free, 31MB/47MB, paused 1.217ms total 46.300ms
08-04 19:17:12.443  3560  3582 I art     : Starting a blocking GC Explicit
08-04 19:17:12.497  3560  3582 I art     : Explicit concurrent mark sweep GC freed 1386(82KB) AllocSpace objects, 1(20KB) LOS objects, 33% free, 31MB/47MB, paused 1.239ms total 53.066ms
08-04 19:17:12.512  3560  3582 I art     : Starting a blocking GC Explicit
08-04 19:17:12.530  5038  5038 D AndroidRuntime: >>>>>> START com.android.internal.os.RuntimeInit uid 2000 <<<<<<
08-04 19:17:12.536  5038  5038 D AndroidRuntime: CheckJNI is OFF
08-04 19:17:12.562  3560  3582 I art     : Explicit concurrent mark sweep GC freed 23(752B) AllocSpace objects, 0(0B) LOS objects, 33% free, 31MB/47MB, paused 1.229ms total 49.243ms
08-04 19:17:12.576  3560  3582 I art     : Starting a blocking GC Explicit
08-04 19:17:12.585  5038  5038 D ICU     : No timezone override file found: /data/misc/zoneinfo/current/icu/icu_tzdata.dat
08-04 19:17:12.622  3560  3582 I art     : Explicit concurrent mark sweep GC freed 3(96B) AllocSpace objects, 0(0B) LOS objects, 33% free, 31MB/47MB, paused 1.246ms total 45.811ms
08-04 19:17:12.631  5038  5038 I Radio-JNI: register_android_hardware_Radio DONE
08-04 19:17:12.637  3560  3582 I art     : Starting a blocking GC Explicit
08-04 19:17:12.661  5038  5038 D AndroidRuntime: Calling main entry com.android.commands.input.Input
08-04 19:17:12.663  5038  5038 I Input   : injectKeyEvent: KeyEvent { action=ACTION_DOWN, keyCode=KEYCODE_BACK, scanCode=0, metaState=0, flags=0x0, repeatCount=0, eventTime=731849076, downTime=731849076, deviceId=-1, source=0x101 }
08-04 19:17:12.670  5038  5038 I Input   : injectKeyEvent: KeyEvent { action=ACTION_UP, keyCode=KEYCODE_BACK, scanCode=0, metaState=0, flags=0x0, repeatCount=0, eventTime=731849076, downTime=731849076, deviceId=-1, source=0x101 }
08-04 19:17:12.676  5038  5038 D AndroidRuntime: Shutting down VM
08-04 19:17:12.680  3560  3560 V PlaybackController: initServiceNotRunning()
08-04 19:17:12.681  3560  3560 D ExternalPlayerFragment: Loading media info
08-04 19:17:12.683  3560  3582 I art     : Explicit concurrent mark sweep GC freed 49(1664B) AllocSpace objects, 0(0B) LOS objects, 33% free, 31MB/47MB, paused 1.364ms total 45.854ms
08-04 19:17:12.688  3560  3560 D UserPreferences: Using default data folder
08-04 19:17:12.688  3560  4170 D DBReader: getNavDrawerData() called with: 
08-04 19:17:12.697  3560  3582 I art     : Starting a blocking GC Explicit
08-04 19:17:12.702  3560  4170 D DBReader: getDownloadedItems() called
08-04 19:17:12.704  3560  4170 D DBReader: getFavoriteIDList() called
08-04 19:17:12.705  3560  4170 D DBReader: getQueueIDList() called
08-04 19:17:12.705  3560  4170 D DBReader: Extracting Feedlist
08-04 19:17:12.740  3560  3582 I art     : Explicit concurrent mark sweep GC freed 651(55KB) AllocSpace objects, 0(0B) LOS objects, 33% free, 31MB/47MB, paused 1.286ms total 41.960ms
08-04 19:17:12.744 13866 13866 I GoogleInputMethodServic: GoogleInputMethodService.onFinishInput():3138 
08-04 19:17:12.745  3560  3560 D MainActivity: getLastNavFragment() -> AddFeedFragment
08-04 19:17:12.745 13866 13866 I GoogleInputMethodServic: GoogleInputMethodService.onStartInput():1808 
08-04 19:17:12.755  3560  4563 D ApOkHttpUrlLoader: buildLoadData() called with: model = [http://static.libsyn.com/p/assets/7/1/f/3/71f3014e14ef2722/JREiTunesImage2.jpg], width = [140], height = [140]
08-04 19:17:12.794  3560  4563 D ApOkHttpUrlLoader: buildLoadData() called with: model = [http://static.libsyn.com/p/assets/7/1/f/3/71f3014e14ef2722/JREiTunesImage2.jpg], width = [140], height = [140]
08-04 19:17:13.018   380   380 W SurfaceFlinger: couldn't log to binary event log: overflow.
08-04 19:17:13.053  3560  3582 I art     : Starting a blocking GC Explicit
08-04 19:17:13.098  3560  3582 I art     : Explicit concurrent mark sweep GC freed 3115(170KB) AllocSpace objects, 1(20KB) LOS objects, 33% free, 31MB/47MB, paused 1.246ms total 44.636ms
08-04 19:17:13.112  3560  3582 I art     : Starting a blocking GC Explicit
08-04 19:17:13.143 24365 21906 I NetworkScheduler.Stats: Task com.google.android.gms/com.google.android.gms.icing.service.IcingGcmTaskService started execution. cause:4 exec_start_elapsed_seconds: 1715236 [CONTEXT service_id=218 ]
08-04 19:17:13.148  3560  3582 I art     : Explicit concurrent mark sweep GC freed 33555(3MB) AllocSpace objects, 2(248KB) LOS objects, 36% free, 27MB/43MB, paused 1.214ms total 36.268ms
08-04 19:17:13.160  3560  3582 I art     : Starting a blocking GC Explicit
08-04 19:17:13.162 24365  7397 I NetworkScheduler.Stats: Task com.google.android.gms/com.google.android.gms.icing.service.IcingGcmTaskService finished executing. cause:4 result: 1 elapsed_millis: 40 uptime_millis: 41 exec_start_elapsed_seconds: 1715236 [CONTEXT service_id=218 ]
08-04 19:17:13.189  3560  3582 I art     : Explicit concurrent mark sweep GC freed 3(96B) AllocSpace objects, 0(0B) LOS objects, 36% free, 27MB/43MB, paused 1.180ms total 28.834ms
08-04 19:17:13.200  3560  3582 I art     : Starting a blocking GC Explicit
08-04 19:17:13.210 24365  7397 I NetworkScheduler.Stats: Task com.google.android.gms/com.google.android.gms.telephonyspam.sync.SpamListSyncTaskService started execution. cause:5 exec_start_elapsed_seconds: 1715237 [CONTEXT service_id=218 ]
08-04 19:17:13.221 24577  4963 I TelephonySpam: TelephonySpamChimeraService - Running Telephony Spam Chimera Service
08-04 19:17:13.230  3560  3582 I art     : Explicit concurrent mark sweep GC freed 3(96B) AllocSpace objects, 0(0B) LOS objects, 36% free, 27MB/43MB, paused 1.107ms total 29.930ms
08-04 19:17:13.231 24577  4963 I TelephonySpam: TelephonySpamChimeraService - Cleaning SIP Header local table of old entries
08-04 19:17:13.231 24577  4963 I TelephonySpam: SpamListSync - Call spam module disabled. Skipping cleaning cache sip header table.
08-04 19:17:13.231 24577  4963 I TelephonySpam: TelephonySpamChimeraService - Syncing Call Spam List
08-04 19:17:13.231 24577  4963 I TelephonySpam: SpamListSync - SpamListSyncChimeraService.syncSpamList called with tag: telephonyspam.SpamListSyncTask, extras: Bundle[{SpamList Type=0, Action=1.0}]
08-04 19:17:13.241  3560  3582 I art     : Starting a blocking GC Explicit
08-04 19:17:13.243 24577  4963 I TelephonySpam: SpamListSync - Call spam module disabled. Skipping spam list syncing.
08-04 19:17:13.245 24365 21906 I NetworkScheduler.Stats: Task com.google.android.gms/com.google.android.gms.telephonyspam.sync.SpamListSyncTaskService finished executing. cause:5 result: 1 elapsed_millis: 62 uptime_millis: 63 exec_start_elapsed_seconds: 1715237 [CONTEXT service_id=218 ]
08-04 19:17:13.272  3560  3582 I art     : Explicit concurrent mark sweep GC freed 3(96B) AllocSpace objects, 0(0B) LOS objects, 36% free, 27MB/43MB, paused 1.205ms total 31.295ms
08-04 19:17:13.584  3560  3573 I art     : Starting a blocking GC Explicit
08-04 19:17:13.626  3560  3573 I art     : Explicit concurrent mark sweep GC freed 1376(82KB) AllocSpace objects, 1(20KB) LOS objects, 36% free, 27MB/43MB, paused 1.214ms total 41.574ms
08-04 19:17:13.632   918  3188 I hubconnection: sensorhub said: 'set_bias 3: -5.4432, 0.0000, 0.0000'
08-04 19:17:13.638  3560  3573 I art     : Starting a blocking GC Explicit
08-04 19:17:13.673  3560  3573 I art     : Explicit concurrent mark sweep GC freed 23(752B) AllocSpace objects, 0(0B) LOS objects, 36% free, 27MB/43MB, paused 1.162ms total 34.629ms
08-04 19:17:13.685  3560  3573 I art     : Starting a blocking GC Explicit
08-04 19:17:13.720  3560  3573 I art     : Explicit concurrent mark sweep GC freed 32(880B) AllocSpace objects, 0(0B) LOS objects, 36% free, 27MB/43MB, paused 1.148ms total 34.571ms
08-04 19:17:13.732  3560  3573 I art     : Starting a blocking GC Explicit
08-04 19:17:13.767  3560  3573 I art     : Explicit concurrent mark sweep GC freed 3(96B) AllocSpace objects, 0(0B) LOS objects, 36% free, 27MB/43MB, paused 1.163ms total 34.702ms
08-04 19:17:13.779  3560  3573 I art     : Starting a blocking GC Explicit
08-04 19:17:13.813  3560  3573 I art     : Explicit concurrent mark sweep GC freed 3(96B) AllocSpace objects, 0(0B) LOS objects, 36% free, 27MB/43MB, paused 1.184ms total 34.551ms
08-04 19:17:14.120  3560  3572 I art     : Starting a blocking GC Explicit
08-04 19:17:14.161  3560  3572 I art     : Explicit concurrent mark sweep GC freed 1373(80KB) AllocSpace objects, 1(20KB) LOS objects, 36% free, 27MB/43MB, paused 1.284ms total 40.005ms
08-04 19:17:14.172  3560  3572 I art     : Starting a blocking GC Explicit
08-04 19:17:14.206  3560  3572 I art     : Explicit concurrent mark sweep GC freed 23(752B) AllocSpace objects, 0(0B) LOS objects, 36% free, 27MB/43MB, paused 1.137ms total 32.893ms
08-04 19:17:14.217  3560  3572 I art     : Starting a blocking GC Explicit
08-04 19:17:14.250  3560  3572 I art     : Explicit concurrent mark sweep GC freed 3(96B) AllocSpace objects, 0(0B) LOS objects, 36% free, 27MB/43MB, paused 1.183ms total 32.691ms
08-04 19:17:14.262  3560  3572 I art     : Starting a blocking GC Explicit
08-04 19:17:14.295  3560  3572 I art     : Explicit concurrent mark sweep GC freed 3(96B) AllocSpace objects, 0(0B) LOS objects, 36% free, 27MB/43MB, paused 1.289ms total 32.791ms
08-04 19:17:14.310  3560  3572 I art     : Starting a blocking GC Explicit
08-04 19:17:14.346  3560  3572 I art     : Explicit concurrent mark sweep GC freed 7(224B) AllocSpace objects, 0(0B) LOS objects, 36% free, 27MB/43MB, paused 1.223ms total 36.044ms
08-04 19:17:14.471  5091  5091 D AndroidRuntime: >>>>>> START com.android.internal.os.RuntimeInit uid 2000 <<<<<<
08-04 19:17:14.477  5091  5091 D AndroidRuntime: CheckJNI is OFF
08-04 19:17:14.519  5091  5091 D ICU     : No timezone override file found: /data/misc/zoneinfo/current/icu/icu_tzdata.dat
08-04 19:17:14.562  5091  5091 I Radio-JNI: register_android_hardware_Radio DONE
08-04 19:17:14.590  5091  5091 D AndroidRuntime: Calling main entry com.android.commands.input.Input
08-04 19:17:14.593  5091  5091 I Input   : injectMotionEvent: MotionEvent { action=ACTION_DOWN, actionButton=0, id[0]=0, x[0]=639.0, y[0]=762.0, toolType[0]=TOOL_TYPE_UNKNOWN, buttonState=0, metaState=0, flags=0x0, edgeFlags=0x0, pointerCount=1, historySize=0, eventTime=731851005, downTime=731851005, deviceId=0, source=0x1002 }
08-04 19:17:14.597  5091  5091 I Input   : injectMotionEvent: MotionEvent { action=ACTION_UP, actionButton=0, id[0]=0, x[0]=639.0, y[0]=762.0, toolType[0]=TOOL_TYPE_UNKNOWN, buttonState=0, metaState=0, flags=0x0, edgeFlags=0x0, pointerCount=1, historySize=0, eventTime=731851005, downTime=731851005, deviceId=0, source=0x1002 }
08-04 19:17:14.599  5091  5091 D AndroidRuntime: Shutting down VM
08-04 19:17:14.665   512  2967 D audio_hw_primary: out_set_parameters: enter: usecase(1: low-latency-playback) kvpairs: routing=2
08-04 19:17:14.675 13866 13866 I GoogleInputMethodServic: GoogleInputMethodService.onFinishInput():3138 
08-04 19:17:14.676 13866 13866 I GoogleInputMethodServic: GoogleInputMethodService.onStartInput():1808 
08-04 19:17:14.678  3560  3572 I art     : Starting a blocking GC Explicit
08-04 19:17:14.678   512  2967 D audio_hw_primary: select_devices: out_snd_device(2: speaker) in_snd_device(0: none)
08-04 19:17:14.678   512  2967 D msm8974_platform: platform_send_audio_calibration: sending audio calibration for snd_device(2) acdb_id(15)
08-04 19:17:14.679   512  2967 I soundtrigger: audio_extn_sound_trigger_update_device_status: device 0x2 of type 0 for Event 1
08-04 19:17:14.689   512  2967 D audio_hw_primary: enable_snd_device: snd_device(2: speaker)
08-04 19:17:14.693   512  2967 D audio_hw_primary: enable_audio_route: apply and update mixer path: low-latency-playback speaker
08-04 19:17:14.717  3560  3572 I art     : Explicit concurrent mark sweep GC freed 1881(104KB) AllocSpace objects, 1(20KB) LOS objects, 36% free, 28MB/44MB, paused 1.287ms total 39.504ms
08-04 19:17:14.730  3560  3572 I art     : Starting a blocking GC Explicit
08-04 19:17:14.762  3560  3572 I art     : Explicit concurrent mark sweep GC freed 48(1792B) AllocSpace objects, 0(0B) LOS objects, 36% free, 28MB/44MB, paused 1.244ms total 32.284ms
08-04 19:17:14.773  3560  3572 I art     : Starting a blocking GC Explicit
08-04 19:17:14.806  3560  3572 I art     : Explicit concurrent mark sweep GC freed 18(672B) AllocSpace objects, 0(0B) LOS objects, 36% free, 28MB/44MB, paused 1.296ms total 32.310ms
08-04 19:17:14.817  3560  3572 I art     : Starting a blocking GC Explicit
08-04 19:17:14.850  3560  3572 I art     : Explicit concurrent mark sweep GC freed 15(544B) AllocSpace objects, 0(0B) LOS objects, 36% free, 28MB/44MB, paused 1.183ms total 32.409ms
08-04 19:17:14.861  3560  3572 I art     : Starting a blocking GC Explicit
08-04 19:17:14.894  3560  3572 I art     : Explicit concurrent mark sweep GC freed 16(608B) AllocSpace objects, 0(0B) LOS objects, 36% free, 28MB/44MB, paused 1.275ms total 32.129ms
08-04 19:17:14.908  3560  3580 I NAPPA_EXPERIMENTATION: MetricNetworkRequestExecutionTime: REQUEST_DURATION_SYSTEM='244',REQUEST_DURATION_OKHTTP='244',REQUEST_SYNCHRONOUS='TRUE',RESPONSE_CODE='200',RESPONSE_METHOD='GET',RESPONSE_LENGTH_OKHTTP='-1',RESPONSE_LENGTH_HEADER='622',REQUEST_PROTOCOL='h2',REQUEST_URL='https://itunes.apple.com/lookup?id=360084272',
08-04 19:17:14.921   918  5952 I ActivityManager: START u0 {cmp=baseline.de.danoeh.antennapod.debug/baseline.de.danoeh.antennapod.activity.OnlineFeedViewActivity (has extras)} from uid 10670 on display 0
08-04 19:17:14.944 13866 13866 I GoogleInputMethodServic: GoogleInputMethodService.onFinishInput():3138 
08-04 19:17:14.945 13866 13866 I GoogleInputMethodServic: GoogleInputMethodService.onStartInput():1808 
08-04 19:17:14.968  3560  3560 D UserPreferences: Using default data folder
08-04 19:17:14.969  3560  3560 D OnlineFeedViewActivity: Activity was started with url http://joeroganexp.joerogan.libsynpro.com/rss
08-04 19:17:14.971  3560  3560 D OnlineFeedViewActivity: Starting feed download
08-04 19:17:14.974  3560  4171 D DBReader: Extracting Feedlist
08-04 19:17:14.977   918  5132 D WifiService: acquireWifiLockLocked: WifiLock{Downloader type=1 binder=android.os.BinderProxy@baa49e6}
08-04 19:17:14.978  3560  4171 D AntennapodHttpClient: Creating new instance of HTTP client
08-04 19:17:15.016  3560  4171 D MYTAG   : interceptor 3a http://joeroganexp.joerogan.libsynpro.com/rss
08-04 19:17:15.016  3560  4171 I NAPPA_EXPERIMENTATION: MetricNetworkRequestExecutionTime: REQUEST_DURATION_SYSTEM='37',REQUEST_DURATION_OKHTTP='30',REQUEST_SYNCHRONOUS='TRUE',RESPONSE_CODE='200',RESPONSE_METHOD='GET',RESPONSE_LENGTH_OKHTTP='-1',RESPONSE_LENGTH_HEADER='307892',REQUEST_PROTOCOL='http/1.1',REQUEST_URL='http://joeroganexp.joerogan.libsynpro.com/rss',
08-04 19:17:15.016  3560  4171 D HttpDownloader: Response code is 200
08-04 19:17:15.016  3560  4171 D UserPreferences: Using default data folder
08-04 19:17:15.018  3560  4171 D HttpDownloader: Getting size of download
08-04 19:17:15.018  3560  4171 D HttpDownloader: Size is -1
08-04 19:17:15.018  3560  4171 D UserPreferences: Using default data folder
08-04 19:17:15.018  3560  4171 D HttpDownloader: Free space is 20232900608
08-04 19:17:15.018  3560  4171 D HttpDownloader: Starting download
08-04 19:17:15.040 13866 13866 I GoogleInputMethodServic: GoogleInputMethodService.onFinishInput():3138 
08-04 19:17:15.041 13866 13866 I GoogleInputMethodServic: GoogleInputMethodService.onStartInput():1808 
08-04 19:17:15.058   918   936 I ActivityManager: Displayed baseline.de.danoeh.antennapod.debug/baseline.de.danoeh.antennapod.activity.OnlineFeedViewActivity: +114ms
08-04 19:17:15.091  3560  3581 D OpenGLRenderer: endAllStagingAnimators on 0x7f7f3e3c00 (GridView) with handle 0x7f796acc00
08-04 19:17:15.173  3560  3582 I art     : Starting a blocking GC Explicit
08-04 19:17:15.210  3560  4171 D HttpDownloader: Download was successful
08-04 19:17:15.211  3560  3582 I art     : Explicit concurrent mark sweep GC freed 3336(226KB) AllocSpace objects, 1(20KB) LOS objects, 36% free, 28MB/44MB, paused 1.314ms total 37.569ms
08-04 19:17:15.212   918   929 D WifiService: releaseWifiLockLocked: WifiLock{Downloader type=1 binder=android.os.BinderProxy@baa49e6}
08-04 19:17:15.212  3560  3560 D OnlineFeedViewActivity: Parsing feed
08-04 19:17:15.219  3560  5152 D TypeGetter: Recognized type RSS 2.0
08-04 19:17:15.224  3560  3582 I art     : Starting a blocking GC Explicit
08-04 19:17:15.229   512  2967 D audio_hw_primary: disable_audio_route: reset and update mixer path: low-latency-playback speaker
08-04 19:17:15.230  3560  5152 D SyndHandler: Recognized Atom namespace
08-04 19:17:15.231   512  2967 D audio_hw_primary: disable_snd_device: snd_device(2: speaker)
08-04 19:17:15.232  3560  5152 D SyndHandler: Recognized ITunes namespace
08-04 19:17:15.232  3560  5152 D SyndHandler: Recognized media namespace
08-04 19:17:15.232  3560  5152 D SyndHandler: Recognized Content namespace
08-04 19:17:15.245   512  2967 I soundtrigger: audio_extn_sound_trigger_update_device_status: device 0x2 of type 0 for Event 0
08-04 19:17:15.262  3560  3582 I art     : Explicit concurrent mark sweep GC freed 1528(196KB) AllocSpace objects, 3(60KB) LOS objects, 36% free, 28MB/44MB, paused 1.418ms total 37.632ms
08-04 19:17:15.274  3560  3582 I art     : Starting a blocking GC Explicit
08-04 19:17:15.287   380   380 W SurfaceFlinger: couldn't log to binary event log: overflow.
08-04 19:17:15.308  3560  3582 I art     : Explicit concurrent mark sweep GC freed 2272(146KB) AllocSpace objects, 0(0B) LOS objects, 36% free, 28MB/44MB, paused 1.480ms total 33.714ms
08-04 19:17:15.319  3560  3582 I art     : Starting a blocking GC Explicit
08-04 19:17:15.352  3560  3582 I art     : Explicit concurrent mark sweep GC freed 2595(128KB) AllocSpace objects, 0(0B) LOS objects, 36% free, 28MB/44MB, paused 1.527ms total 32.139ms
08-04 19:17:15.363  3560  3582 I art     : Starting a blocking GC Explicit
08-04 19:17:15.396  3560  3582 I art     : Explicit concurrent mark sweep GC freed 2538(130KB) AllocSpace objects, 0(0B) LOS objects, 36% free, 28MB/44MB, paused 1.353ms total 32.532ms
08-04 19:17:15.423  3560  3560 D PlaybackController: Releasing PlaybackController
08-04 19:17:15.693  3560  4182 I art     : Starting a blocking GC Explicit
08-04 19:17:15.736  3560  4182 I art     : Explicit concurrent mark sweep GC freed 19674(1059KB) AllocSpace objects, 1(20KB) LOS objects, 35% free, 29MB/45MB, paused 1.596ms total 41.991ms
08-04 19:17:15.749  3560  4182 I art     : Starting a blocking GC Explicit
08-04 19:17:15.784  3560  4182 I art     : Explicit concurrent mark sweep GC freed 7582(357KB) AllocSpace objects, 0(0B) LOS objects, 35% free, 28MB/44MB, paused 1.523ms total 35.410ms
