08-04 17:05:14.238 12754 12784 D TfprPrefetchingStrategy: tfprNode.totalAggregateVisitTimeFromSuccessors = 108819
08-04 17:05:14.238 12754 12784 D TfprPrefetchingStrategy: tfprNode.aggregateVisitTimeFromSuccessors = {nappatfpr.appteam.nith.hillffair.activities.ClubActivity=108819}
08-04 17:05:14.238 12754 12784 D TfprPrefetchingStrategy: -------- Node BattleDayActivity-----------
08-04 17:05:14.238 12754 12784 D TfprPrefetchingStrategy: tfprNode.aggregateVisitTime = 99797
08-04 17:05:14.238 12754 12784 D TfprPrefetchingStrategy: tfprNode.totalAggregateVisitTimeFromSuccessors = 140938
08-04 17:05:14.239 12754 12784 D TfprPrefetchingStrategy: tfprNode.aggregateVisitTimeFromSuccessors = {nappatfpr.appteam.nith.hillffair.activities.ClubActivity=140938}
08-04 17:05:14.239 12754 12784 D TfprPrefetchingStrategy: -------- Node ClubActivity-----------
08-04 17:05:14.239 12754 12784 D TfprPrefetchingStrategy: tfprNode.aggregateVisitTime = 249757
08-04 17:05:14.239 12754 12784 D TfprPrefetchingStrategy: tfprNode.totalAggregateVisitTimeFromSuccessors = 0
08-04 17:05:14.239 12754 12784 D TfprPrefetchingStrategy: tfprNode.aggregateVisitTimeFromSuccessors = {}
08-04 17:05:14.239 12754 12784 D TfprPrefetchingStrategy: -------- Graph -----------
08-04 17:05:14.239 12754 12784 D TfprPrefetchingStrategy: tfprGraph.aggregateVisitTimeFromSuccessors = 440897
08-04 17:05:14.239 12754 12784 D TfprPrefetchingStrategy: ===
08-04 17:05:14.239 12754 12784 D TfprPrefetchingStrategy: ===
08-04 17:05:14.239 12754 12784 D TfprPrefetchingStrategy: runTfprAlgorithm
08-04 17:05:14.239 12754 12784 D TfprPrefetchingStrategy: ------------- TFPR calculation #1 of 10 -----------
08-04 17:05:14.239 12754 12784 D TfprPrefetchingStrategy: node EventActivity score = 0.17609908
08-04 17:05:14.239 12754 12784 D TfprPrefetchingStrategy: node BattleDayActivity score = 0.19239743
08-04 17:05:14.239 12754 12784 D TfprPrefetchingStrategy: node ClubActivity score = 0.536778
08-04 17:05:14.239 12754 12784 D TfprPrefetchingStrategy: ------------- TFPR calculation #2 of 10 -----------
08-04 17:05:14.239 12754 12784 D TfprPrefetchingStrategy: node EventActivity score = 0.17609908
08-04 17:05:14.239 12754 12784 D TfprPrefetchingStrategy: node BattleDayActivity score = 0.19239743
08-04 17:05:14.239 12754 12784 D TfprPrefetchingStrategy: node ClubActivity score = 0.536778
08-04 17:05:14.239 12754 12784 D TfprPrefetchingStrategy: ------------- TFPR calculation #3 of 10 -----------
08-04 17:05:14.239 12754 12784 D TfprPrefetchingStrategy: node EventActivity score = 0.17609908
08-04 17:05:14.239 12754 12784 D TfprPrefetchingStrategy: node BattleDayActivity score = 0.19239743
08-04 17:05:14.239 12754 12784 D TfprPrefetchingStrategy: node ClubActivity score = 0.536778
08-04 17:05:14.239 12754 12784 D TfprPrefetchingStrategy: ------------- TFPR calculation #4 of 10 -----------
08-04 17:05:14.239 12754 12784 D TfprPrefetchingStrategy: node EventActivity score = 0.17609908
08-04 17:05:14.239 12754 12784 D TfprPrefetchingStrategy: node BattleDayActivity score = 0.19239743
08-04 17:05:14.239 12754 12784 D TfprPrefetchingStrategy: node ClubActivity score = 0.536778
08-04 17:05:14.239 12754 12784 D TfprPrefetchingStrategy: ------------- TFPR calculation #5 of 10 -----------
08-04 17:05:14.239 12754 12784 D TfprPrefetchingStrategy: node EventActivity score = 0.17609908
08-04 17:05:14.239 12754 12784 D TfprPrefetchingStrategy: node BattleDayActivity score = 0.19239743
08-04 17:05:14.239 12754 12784 D TfprPrefetchingStrategy: node ClubActivity score = 0.536778
08-04 17:05:14.239   918  4413 I ActivityManager: START u0 {cmp=nappatfpr.appteam.nith.hillffair/.activities.ClubActivity (has extras)} from uid 10657 on display 0
08-04 17:05:14.239 12754 12784 D TfprPrefetchingStrategy: ------------- TFPR calculation #6 of 10 -----------
08-04 17:05:14.240 12754 12784 D TfprPrefetchingStrategy: node EventActivity score = 0.17609908
08-04 17:05:14.240 12754 12784 D TfprPrefetchingStrategy: node BattleDayActivity score = 0.19239743
08-04 17:05:14.240 12754 12784 D TfprPrefetchingStrategy: node ClubActivity score = 0.536778
08-04 17:05:14.240 12754 12784 D TfprPrefetchingStrategy: ------------- TFPR calculation #7 of 10 -----------
08-04 17:05:14.240 12754 12784 D TfprPrefetchingStrategy: node EventActivity score = 0.17609908
08-04 17:05:14.240 12754 12784 D TfprPrefetchingStrategy: node BattleDayActivity score = 0.19239743
08-04 17:05:14.240 12754 12784 D TfprPrefetchingStrategy: node ClubActivity score = 0.536778
08-04 17:05:14.240 12754 12784 D TfprPrefetchingStrategy: ------------- TFPR calculation #8 of 10 -----------
08-04 17:05:14.240 12754 12784 D TfprPrefetchingStrategy: node EventActivity score = 0.17609908
08-04 17:05:14.240 12754 12784 D TfprPrefetchingStrategy: node BattleDayActivity score = 0.19239743
08-04 17:05:14.240 12754 12784 D TfprPrefetchingStrategy: node ClubActivity score = 0.536778
08-04 17:05:14.240 12754 12784 D TfprPrefetchingStrategy: ------------- TFPR calculation #9 of 10 -----------
08-04 17:05:14.240 12754 12784 D TfprPrefetchingStrategy: node EventActivity score = 0.17609908
08-04 17:05:14.240 12754 12784 D TfprPrefetchingStrategy: node BattleDayActivity score = 0.19239743
08-04 17:05:14.240 12754 12784 D TfprPrefetchingStrategy: node ClubActivity score = 0.536778
08-04 17:05:14.240 12754 12784 D TfprPrefetchingStrategy: ------------- TFPR calculation #10 of 10 -----------
08-04 17:05:14.240 12754 12784 D TfprPrefetchingStrategy: node EventActivity score = 0.17609908
08-04 17:05:14.240 12754 12784 D TfprPrefetchingStrategy: node BattleDayActivity score = 0.19239743
08-04 17:05:14.240 12754 12784 D TfprPrefetchingStrategy: node ClubActivity score = 0.536778
08-04 17:05:14.240 12754 12784 D TfprPrefetchingStrategy: ===
08-04 17:05:14.240 12754 12784 D TfprPrefetchingStrategy: ===
08-04 17:05:14.240 12754 12784 D TfprPrefetchingStrategy: getSuccessorListSortByTfprScore
08-04 17:05:14.240 12754 12784 D TfprPrefetchingStrategy: Successors before the sort [TfprNode{ClubActivity : TFPR = 0.536778}]
08-04 17:05:14.240 12754 12784 D TfprPrefetchingStrategy: Successors sorted by highest to lowest score (N2 - N1 comparator) are [TfprNode{ClubActivity : TFPR = 0.536778}]
08-04 17:05:14.240 12754 12784 D TfprPrefetchingStrategy: Selected the following nodes:
08-04 17:05:14.240 12754 12784 D TfprPrefetchingStrategy: #1 - ClubActivity with score 0.536778
08-04 17:05:14.240 12754 12784 D TfprPrefetchingStrategy: successors with high score = [ClubActivity 
08-04 17:05:14.240 12754 12784 D TfprPrefetchingStrategy: 	Successors:
08-04 17:05:14.240 12754 12784 D TfprPrefetchingStrategy: 
08-04 17:05:14.240 12754 12784 D TfprPrefetchingStrategy: 	Ancestors:
08-04 17:05:14.240 12754 12784 D TfprPrefetchingStrategy: 		BattleDayActivity (0 hits)
08-04 17:05:14.240 12754 12784 D TfprPrefetchingStrategy: 		EventActivity (0 hits)
08-04 17:05:14.240 12754 12784 D TfprPrefetchingStrategy: 
08-04 17:05:14.240 12754 12784 D TfprPrefetchingStrategy: ]
08-04 17:05:14.240 12754 12784 D TfprPrefetchingStrategy: ===
08-04 17:05:14.240 12754 12784 D TfprPrefetchingStrategy: Selected node ClubActivity containing the URLS [https://api-hillfair-2k16.herokuapp.com/api/app/events/special/event?id=58065620dcba0f490c70fe09]
08-04 17:05:14.240 12754 12784 D TfprPrefetchingStrategy: Next visited child will be [nappatfpr.appteam.nith.hillffair.activities.ClubActivity]
08-04 17:05:14.240 12754 12784 D TfprPrefetchingStrategy: ==================================
08-04 17:05:14.241 12754 12784 D Nappa   : PREFETCH_ON_EXTRA - notifyExtras- end
08-04 17:05:14.241 12754 12784 D Nappa   : PREFSTRAT2 URL: https://api-hillfair-2k16.herokuapp.com/api/app/events/special/event?id=58065620dcba0f490c70fe09
08-04 17:05:14.241 12754 12784 D Nappa   : F1_SCORE list_url_prefetched - (new) - https://api-hillfair-2k16.herokuapp.com/api/app/events/special/event?id=58065620dcba0f490c70fe09
08-04 17:05:14.242 12754 12784 D CustomInterceptor: NETWORK-PROVIDER https://api-hillfair-2k16.herokuapp.com/api/app/events/special/event?id=58065620dcba0f490c70fe09
08-04 17:05:14.243 12754 12784 D Nappa   : F1_SCORE list_url_prefetched - (already in) - https://api-hillfair-2k16.herokuapp.com/api/app/events/special/event?id=58065620dcba0f490c70fe09
08-04 17:05:14.243 12754 12784 D Nappa   : -------------F1_SCORE #9 -----------
08-04 17:05:14.243 12754 12784 D Nappa   : F1_SCORE - Intercept list (1)= [https://api-hillfair-2k16.herokuapp.com/api/app/events/special]
08-04 17:05:14.243 12754 12784 D Nappa   : F1_SCORE - Prefetch list (3)= [https://api-hillfair-2k16.herokuapp.com/api/app/events/special/event?id=5806551bdcba0f490c70fd1f, https://api-hillfair-2k16.herokuapp.com/api/app/events/special/event?id=580655cddcba0f490c70fdd0, https://api-hillfair-2k16.herokuapp.com/api/app/events/special/event?id=58065620dcba0f490c70fe09]
08-04 17:05:14.243 12754 12784 D Nappa   : F1_SCORE - TP list (0)= []
08-04 17:05:14.243 12754 12784 D Nappa   : F1_SCORE - FN list (1)= [https://api-hillfair-2k16.herokuapp.com/api/app/events/special]
08-04 17:05:14.243 12754 12784 I NAPPA_EXPERIMENTATION: MetricPrefetchingAccuracy: LOG_ID='10',F1_SCORE_1='0.0',F1_SCORE_2='0.0',TRUE_POSITIVE='0',FALSE_POSITIVE='3',FALSE_NEGATIVE='1',
08-04 17:05:14.243 12754 12784 D CustomInterceptor: HEADER REQUEST
08-04 17:05:14.244 12754 12784 D CustomInterceptor: Cache-Control max-age=300, max-stale=300
08-04 17:05:14.244 12754 12784 D CustomInterceptor: CACHED STATS: size = '3', maxSize = '100', hitCount = '5', createCount = '0', putCount = '5', evictionCount = '0', missCount = '5', toString = 'LruCache[maxSize=100,hits=5,misses=5,hitRate=50%]', 
08-04 17:05:14.244 12754 12784 D CustomInterceptor: PREFLIB NOT A GET REQUEST OR NOT IN CACHEGET
08-04 17:05:14.244 12754 12784 D OkHttp  : --> GET https://api-hillfair-2k16.herokuapp.com/api/app/events/special/event?id=58065620dcba0f490c70fe09 http/1.1
08-04 17:05:14.247 12754 12754 D NappaLifecycleObserver: nappatfpr.appteam.nith.hillffair.activities.BattleDayActivity - onPause
08-04 17:05:14.247 12754 12754 D Nappa   : Stayed on nappatfpr.appteam.nith.hillffair.activities.BattleDayActivity for 1565 ms
08-04 17:05:14.247 13786 13786 D AndroidRuntime: Shutting down VM
08-04 17:05:14.266 12754 12754 D Nappa   : TAG okHttpClient initialized
08-04 17:05:14.271 12754 12754 D NappaLifecycleObserver: nappatfpr.appteam.nith.hillffair.activities.ClubActivity - onResume
08-04 17:05:14.271 12754 12754 D Nappa   : setCurrentActivity - MetricStrategyAccuracy - 
08-04 17:05:14.271 12754 12754 D Nappa   : madePredictionFromActivity = false, 
08-04 17:05:14.271 12754 12754 D Nappa   : fromActivity = nappatfpr.appteam.nith.hillffair.activities.BattleDayActivity, 
08-04 17:05:14.271 12754 12754 D Nappa   : predictedNextActivityFromActivity = [], 
08-04 17:05:14.271 12754 12754 D Nappa   : activity.getClass().getCanonicalName() = nappatfpr.appteam.nith.hillffair.activities.ClubActivity, 
08-04 17:05:14.271 12754 12754 D Nappa   : setCurrentActivity - MetricStrategyAccuracy - 
08-04 17:05:14.271 12754 12754 D Nappa   : madePredictionFromExtra = true, 
08-04 17:05:14.271 12754 12754 D Nappa   : fromActivity = nappatfpr.appteam.nith.hillffair.activities.BattleDayActivity, 
08-04 17:05:14.271 12754 12754 D Nappa   : predictedNextActivityFromExtra = [nappatfpr.appteam.nith.hillffair.activities.ClubActivity], 
08-04 17:05:14.271 12754 12754 D Nappa   : activity.getClass().getCanonicalName() = nappatfpr.appteam.nith.hillffair.activities.ClubActivity, 
08-04 17:05:14.271 12754 13820 D CustomInterceptor: NETWORK-PROVIDER https://api-hillfair-2k16.herokuapp.com/api/app/events/special/event?id=58065620dcba0f490c70fe09
08-04 17:05:14.271 12754 12754 D Nappa   : PREFETCH_ON_EXTRA - setCurrentActivity - logs - from activity - made prediction isfalse
08-04 17:05:14.271 12754 13820 D Nappa   : F1_SCORE list_url_prefetched - (already in) - https://api-hillfair-2k16.herokuapp.com/api/app/events/special/event?id=58065620dcba0f490c70fe09
08-04 17:05:14.271 12754 13820 D Nappa   : -------------F1_SCORE #10 -----------
08-04 17:05:14.272 12754 13820 D Nappa   : F1_SCORE - Intercept list (1)= [https://api-hillfair-2k16.herokuapp.com/api/app/events/special]
08-04 17:05:14.272 12754 13820 D Nappa   : F1_SCORE - Prefetch list (3)= [https://api-hillfair-2k16.herokuapp.com/api/app/events/special/event?id=5806551bdcba0f490c70fd1f, https://api-hillfair-2k16.herokuapp.com/api/app/events/special/event?id=580655cddcba0f490c70fdd0, https://api-hillfair-2k16.herokuapp.com/api/app/events/special/event?id=58065620dcba0f490c70fe09]
08-04 17:05:14.272 12754 13820 D Nappa   : F1_SCORE - TP list (0)= []
08-04 17:05:14.272 12754 13820 D Nappa   : F1_SCORE - FN list (1)= [https://api-hillfair-2k16.herokuapp.com/api/app/events/special]
08-04 17:05:14.272 12754 13820 I NAPPA_EXPERIMENTATION: MetricPrefetchingAccuracy: LOG_ID='11',F1_SCORE_1='0.0',F1_SCORE_2='0.0',TRUE_POSITIVE='0',FALSE_POSITIVE='3',FALSE_NEGATIVE='1',
08-04 17:05:14.272 12754 13820 D CustomInterceptor: HEADER REQUEST
08-04 17:05:14.272 12754 13820 D CustomInterceptor: Cache-Control max-age=300, max-stale=300
08-04 17:05:14.272 12754 13820 D CustomInterceptor: CACHED STATS: size = '3', maxSize = '100', hitCount = '5', createCount = '0', putCount = '5', evictionCount = '0', missCount = '6', toString = 'LruCache[maxSize=100,hits=5,misses=6,hitRate=45%]', 
08-04 17:05:14.272 12754 13820 D CustomInterceptor: PREFLIB NOT A GET REQUEST OR NOT IN CACHEGET
08-04 17:05:14.290 12754 12767 I art     : Starting a blocking GC Explicit
08-04 17:05:14.308 12754 12767 I art     : Explicit concurrent mark sweep GC freed 6528(410KB) AllocSpace objects, 1(20KB) LOS objects, 23% free, 52MB/68MB, paused 476us total 17.636ms
08-04 17:05:14.315 12754 12767 I art     : Starting a blocking GC Explicit
08-04 17:05:14.331 12754 12767 I art     : Explicit concurrent mark sweep GC freed 235(10KB) AllocSpace objects, 0(0B) LOS objects, 23% free, 52MB/68MB, paused 456us total 16.478ms
08-04 17:05:14.338 12754 12767 I art     : Starting a blocking GC Explicit
08-04 17:05:14.356 12754 12767 I art     : Explicit concurrent mark sweep GC freed 21(2032B) AllocSpace objects, 0(0B) LOS objects, 23% free, 52MB/68MB, paused 522us total 17.872ms
08-04 17:05:14.362 12754 12784 D OkHttp  : <-- 200 OK https://api-hillfair-2k16.herokuapp.com/api/app/events/special/event?id=58065620dcba0f490c70fe09 (117ms, 682-byte body)
08-04 17:05:14.363 12754 12767 I art     : Starting a blocking GC Explicit
08-04 17:05:14.370 12754 12784 D CustomInterceptor: CACHE_CONTROL SETTING NEW MAX-AGE
08-04 17:05:14.370 12754 12784 D CustomInterceptor: HEADER RESPONSE
08-04 17:05:14.370 12754 12784 D CustomInterceptor: Cache-Control public, immutable, max-age=300, only-if-cached, max-stale=300
08-04 17:05:14.370 12754 12784 D CustomInterceptor: Connection keep-alive
08-04 17:05:14.370 12754 12784 D CustomInterceptor: Content-Length 682
08-04 17:05:14.370 12754 12784 D CustomInterceptor: Content-Type application/json; charset=utf-8
08-04 17:05:14.370 12754 12784 D CustomInterceptor: Date Tue, 04 Aug 2020 15:05:09 GMT
08-04 17:05:14.371 12754 12784 D CustomInterceptor: Etag W/"2aa-UFDVBdx85cBpnUYiXSOp2A"
08-04 17:05:14.371 12754 12784 D CustomInterceptor: Expires Tue, 04 Aug 2020 15:10:14 GMT+00:00
08-04 17:05:14.371 12754 12784 D CustomInterceptor: Server Cowboy
08-04 17:05:14.371 12754 12784 D CustomInterceptor: Via 1.1 vegur
08-04 17:05:14.371 12754 12784 D CustomInterceptor: X-Powered-By Express
08-04 17:05:14.371 12754 12784 D CustomInterceptor: CACHEABLE true
08-04 17:05:14.371 12754 12784 D CustomInterceptor: REQ https://api-hillfair-2k16.herokuapp.com/api/app/events/special/event?id=58065620dcba0f490c70fe09
08-04 17:05:14.371 12754 12784 D CustomInterceptor: REQ_SERV_BY net
08-04 17:05:14.371 12754 12784 D CustomInterceptor: PREFLIB Adding response to lrucache - https://api-hillfair-2k16.herokuapp.com/api/app/events/special/event?id=58065620dcba0f490c70fe09
08-04 17:05:14.372 12754 12754 D Nappa   : registerActivity: (already in) nappatfpr.appteam.nith.hillffair.activities.ClubActivity
08-04 17:05:14.372 12754 12754 D ActivityNode: ACTNODE UPDATING AFTER LOADING FROM DB
08-04 17:05:14.372 12754 12754 D ActivityGraph: LARDataCalculatedUpdate nappatfpr.appteam.nith.hillffair.activities.ClubActivity Pagerank: 0.25 HITS-Authority: 1.0 HITS-Hub: 1.0 SALSA-Authority: 1.0 SALSA-Hub: 1.0
08-04 17:05:14.372 12754 12754 D Nappa   : SHOULD_PREFETCH true
08-04 17:05:14.372 12754 12784 D CustomInterceptor: interceptor_finished : return_type #3 : request served from remote and added to cache
08-04 17:05:14.372 12754 12784 D Nappa   : PREFSTRAT2 ADDING NEW ACTEXTRADATA
08-04 17:05:14.374 12754 12784 D Nappa   : PREFSTRAT2 ADDING NEW ACTEXTRADATA
08-04 17:05:14.377 12754 12784 D Nappa   : PREFSTRAT2 ADDING NEW ACTEXTRADATA
08-04 17:05:14.384 12754 12767 I art     : Explicit concurrent mark sweep GC freed 572(72KB) AllocSpace objects, 0(0B) LOS objects, 23% free, 52MB/68MB, paused 436us total 20.196ms
08-04 17:05:14.390 12754 12767 I art     : Starting a blocking GC Explicit
08-04 17:05:14.407 12754 12767 I art     : Explicit concurrent mark sweep GC freed 343(28KB) AllocSpace objects, 0(0B) LOS objects, 23% free, 52MB/68MB, paused 456us total 16.491ms
08-04 17:05:14.472 12754 12754 D Nappa   : registerActivity: (already in) nappatfpr.appteam.nith.hillffair.activities.ClubActivity
08-04 17:05:14.472 12754 12754 D Nappa   : STATS Number of requests not prefetched: 3
08-04 17:05:14.472 12754 12754 D Nappa   : STATS Number of requests prefetched: 0
08-04 17:05:14.472 12754 12754 D Nappa   : STATS Time saved until now: 0.0
08-04 17:05:14.480 12754 12784 D Nappa   : registerActivity: (already in) nappatfpr.appteam.nith.hillffair.activities.ClubActivity
08-04 17:05:14.480 12754 12784 D Nappa   : PARENTS 
08-04 17:05:14.480 12754 12784 D Nappa   : Of: nappatfpr.appteam.nith.hillffair.activities.ClubActivity -> 
08-04 17:05:14.480 12754 12784 D Nappa   : PARENTS nappatfpr.appteam.nith.hillffair.activities.BattleDayActivity
08-04 17:05:14.480 12754 12784 D Nappa   : PARENTS has extra: (name, Nukkad Natak)
08-04 17:05:14.480 12754 12784 D Nappa   : PARENTS has extra: (id, 58065620dcba0f490c70fe09)
08-04 17:05:14.480 12754 12784 D Nappa   : PARENTS value of key 'id' is contained into https://api-hillfair-2k16.herokuapp.com/api/app/events/special/event?id=58065620dcba0f490c70fe09
08-04 17:05:14.481 12754 12784 D Nappa   : PARENTS https://api-hillfair-2k16.herokuapp.com/api/app/events/special/event?id=
08-04 17:05:14.481 12754 12784 D Nappa   : PARENTS PARAM: id
08-04 17:05:14.481 12754 12784 D Nappa   : PARENTS   NODE nappatfpr.appteam.nith.hillffair.activities.ClubActivity ALREADY CONTAINS THIS URL
08-04 17:05:14.481 12754 12784 D Nappa   : PARENTS has extra: (battleday, true)
08-04 17:05:14.481 12754 12784 D Nappa   : PARENTS nappatfpr.appteam.nith.hillffair.activities.HomeActivity
08-04 17:05:14.481 12754 12784 D Nappa   : PARENTS nappatfpr.appteam.nith.hillffair.activities.SplashActivity
08-04 17:05:14.481 12754 12784 D Nappa   : PARENTS nappatfpr.appteam.nith.hillffair.activities.EventActivity
08-04 17:05:14.557   918   936 I ActivityManager: Displayed nappatfpr.appteam.nith.hillffair/.activities.ClubActivity: +309ms
08-04 17:05:14.557 13866 13866 I GoogleInputMethodServic: GoogleInputMethodService.onFinishInput():3138 
08-04 17:05:14.558 12754 12754 D ActivityNode: Observer - intent extra - ClubActivity
08-04 17:05:14.558 12754 12754 D ActivityNode: Extras:
08-04 17:05:14.558 12754 12754 D ActivityNode: Observer - intent extra - HomeActivity
08-04 17:05:14.558 12754 12754 D ActivityNode: Extras:
08-04 17:05:14.558 12754 12754 D ActivityNode: Observer - intent extra - SplashActivity
08-04 17:05:14.558 12754 12754 D ActivityNode: Extras:
08-04 17:05:14.559 13866 13866 I GoogleInputMethodServic: GoogleInputMethodService.onStartInput():1808 
08-04 17:05:14.559 12754 12754 D ActivityNode: Observer - intent extra - LeaderBoardActivity
08-04 17:05:14.559 12754 12754 D ActivityNode: Extras:
08-04 17:05:14.559 12754 12754 D ActivityNode: Observer - intent extra - InformationActivity
08-04 17:05:14.559 12754 12754 D ActivityNode: Extras:
08-04 17:05:14.559 12754 12754 D ActivityNode: Observer - intent extra - QuizActivity
08-04 17:05:14.559 12754 12754 D ActivityNode: Extras:
08-04 17:05:14.559 12754 12754 D ActivityNode: Observer - intent extra - EventActivity
08-04 17:05:14.559 12754 12754 D ActivityNode: Extras:
08-04 17:05:14.559 12754 12754 D ActivityNode: 	activity ID 8( key CLUB_NAME)
08-04 17:05:14.559 12754 12754 D ActivityNode: 	activity ID 8( key CLUB_NAME)
08-04 17:05:14.559 12754 12754 D ActivityNode: 	activity ID 8( key CLUB_NAME)
08-04 17:05:14.559 12754 12754 D ActivityNode: 	activity ID 8( key CLUB_NAME)
08-04 17:05:14.559 12754 12754 D ActivityNode: 	activity ID 8( key CLUB_NAME)
08-04 17:05:14.559 12754 12754 D ActivityNode: 	activity ID 8( key CLUB_NAME)
08-04 17:05:14.559 12754 12754 D ActivityNode: 	activity ID 8( key CLUB_NAME)
08-04 17:05:14.559 12754 12754 D ActivityNode: 	activity ID 8( key CLUB_NAME)
08-04 17:05:14.559 12754 12754 D ActivityNode: 	activity ID 8( key CLUB_NAME)
08-04 17:05:14.559 12754 12754 D ActivityNode: 	activity ID 8( key CLUB_NAME)
08-04 17:05:14.559 12754 12754 D ActivityNode: 	activity ID 8( key CLUB_NAME)
08-04 17:05:14.559 12754 12754 D ActivityNode: 	activity ID 8( key CLUB_NAME)
08-04 17:05:14.559 12754 12754 D ActivityNode: 	activity ID 8( key CLUB_NAME)
08-04 17:05:14.559 12754 12754 D ActivityNode: 	activity ID 8( key CLUB_NAME)
08-04 17:05:14.559 12754 12754 D ActivityNode: 	activity ID 8( key CLUB_NAME)
08-04 17:05:14.559 12754 12754 D ActivityNode: 	activity ID 8( key CLUB_NAME)
08-04 17:05:14.559 12754 12754 D ActivityNode: 	activity ID 8( key CLUB_NAME)
08-04 17:05:14.559 12754 12754 D ActivityNode: 	activity ID 8( key CLUB_NAME)
08-04 17:05:14.559 12754 12754 D ActivityNode: 	activity ID 8( key CLUB_NAME)
08-04 17:05:14.559 12754 12754 D ActivityNode: 	activity ID 8( key CLUB_NAME)
08-04 17:05:14.559 12754 12754 D ActivityNode: 	activity ID 8( key CLUB_NAME)
08-04 17:05:14.559 12754 12754 D ActivityNode: 	activity ID 8( key CLUB_NAME)
08-04 17:05:14.559 12754 12754 D ActivityNode: 	activity ID 8( key CLUB_NAME)
08-04 17:05:14.559 12754 12754 D ActivityNode: 	activity ID 8( key CLUB_NAME)
08-04 17:05:14.559 12754 12754 D ActivityNode: 	activity ID 8( key CLUB_NAME)
08-04 17:05:14.559 12754 12754 D ActivityNode: 	activity ID 8( key CLUB_NAME)
08-04 17:05:14.559 12754 12754 D ActivityNode: 	activity ID 8( key CLUB_NAME)
08-04 17:05:14.559 12754 12754 D ActivityNode: 	activity ID 8( key CLUB_NAME)
08-04 17:05:14.559 12754 12754 D ActivityNode: 	activity ID 8( key CLUB_NAME)
08-04 17:05:14.559 12754 12754 D ActivityNode: 	activity ID 8( key CLUB_NAME)
08-04 17:05:14.559 12754 12754 D ActivityNode: 	activity ID 8( key CLUB_NAME)
08-04 17:05:14.559 12754 12754 D ActivityNode: 	activity ID 8( key CLUB_NAME)
08-04 17:05:14.559 12754 12754 D ActivityNode: 	activity ID 8( key CLUB_NAME)
08-04 17:05:14.559 12754 12754 D ActivityNode: 	activity ID 8( key CLUB_NAME)
08-04 17:05:14.559 12754 12754 D ActivityNode: 	activity ID 8( key CLUB_NAME)
08-04 17:05:14.559 12754 12754 D ActivityNode: 	activity ID 8( key CLUB_NAME)
08-04 17:05:14.560 12754 12754 D ActivityNode: Observer - intent extra - BattleDayActivity
08-04 17:05:14.560 12754 12754 D ActivityNode: Extras:
08-04 17:05:14.560 12754 12754 D ActivityNode: 	activity ID 3( key battleday)
08-04 17:05:14.560 12754 12754 D ActivityNode: 	activity ID 3( key id)
08-04 17:05:14.560 12754 12754 D ActivityNode: 	activity ID 3( key name)
08-04 17:05:14.560 12754 12754 D ActivityNode: 	activity ID 3( key battleday)
08-04 17:05:14.560 12754 12754 D ActivityNode: 	activity ID 3( key id)
08-04 17:05:14.560 12754 12754 D ActivityNode: 	activity ID 3( key name)
08-04 17:05:14.560 12754 12754 D ActivityNode: 	activity ID 3( key battleday)
08-04 17:05:14.560 12754 12754 D ActivityNode: 	activity ID 3( key id)
08-04 17:05:14.560 12754 12754 D ActivityNode: 	activity ID 3( key name)
08-04 17:05:14.560 12754 12754 D ActivityNode: 	activity ID 3( key battleday)
08-04 17:05:14.560 12754 12754 D ActivityNode: 	activity ID 3( key id)
08-04 17:05:14.560 12754 12754 D ActivityNode: 	activity ID 3( key name)
08-04 17:05:14.560 12754 12754 D ActivityNode: 	activity ID 3( key battleday)
08-04 17:05:14.560 12754 12754 D ActivityNode: 	activity ID 3( key id)
08-04 17:05:14.560 12754 12754 D ActivityNode: 	activity ID 3( key name)
08-04 17:05:14.560 12754 12754 D ActivityNode: 	activity ID 3( key battleday)
08-04 17:05:14.560 12754 12754 D ActivityNode: 	activity ID 3( key id)
08-04 17:05:14.560 12754 12754 D ActivityNode: 	activity ID 3( key name)
08-04 17:05:14.560 12754 12754 D ActivityNode: 	activity ID 3( key battleday)
08-04 17:05:14.560 12754 12754 D ActivityNode: 	activity ID 3( key id)
08-04 17:05:14.560 12754 12754 D ActivityNode: 	activity ID 3( key name)
08-04 17:05:14.560 12754 12754 D ActivityNode: 	activity ID 3( key battleday)
08-04 17:05:14.560 12754 12754 D ActivityNode: 	activity ID 3( key id)
08-04 17:05:14.560 12754 12754 D ActivityNode: 	activity ID 3( key name)
08-04 17:05:14.560 12754 12754 D ActivityNode: 	activity ID 3( key battleday)
08-04 17:05:14.560 12754 12754 D ActivityNode: 	activity ID 3( key id)
08-04 17:05:14.560 12754 12754 D ActivityNode: 	activity ID 3( key name)
08-04 17:05:14.560 12754 12754 D ActivityNode: 	activity ID 3( key battleday)
08-04 17:05:14.560 12754 12754 D ActivityNode: 	activity ID 3( key id)
08-04 17:05:14.560 12754 12754 D ActivityNode: 	activity ID 3( key name)
08-04 17:05:14.560 12754 12754 D ActivityNode: 	activity ID 3( key battleday)
08-04 17:05:14.560 12754 12754 D ActivityNode: 	activity ID 3( key id)
08-04 17:05:14.560 12754 12754 D ActivityNode: 	activity ID 3( key name)
08-04 17:05:14.560 12754 12754 D ActivityNode: 	activity ID 3( key battleday)
08-04 17:05:14.560 12754 12754 D ActivityNode: 	activity ID 3( key id)
08-04 17:05:14.560 12754 12754 D ActivityNode: 	activity ID 3( key name)
08-04 17:05:14.560 12754 12754 D ActivityNode: 	activity ID 3( key battleday)
08-04 17:05:14.560 12754 12754 D ActivityNode: 	activity ID 3( key id)
08-04 17:05:14.560 12754 12754 D ActivityNode: 	activity ID 3( key name)
08-04 17:05:14.560 12754 12754 D ActivityNode: 	activity ID 3( key battleday)
08-04 17:05:14.560 12754 12754 D ActivityNode: 	activity ID 3( key id)
08-04 17:05:14.560 12754 12754 D ActivityNode: 	activity ID 3( key name)
08-04 17:05:14.560 12754 12754 D ActivityNode: 	activity ID 3( key battleday)
08-04 17:05:14.560 12754 12754 D ActivityNode: 	activity ID 3( key id)
08-04 17:05:14.560 12754 12754 D ActivityNode: 	activity ID 3( key name)
08-04 17:05:14.560 12754 12754 D ActivityNode: 	activity ID 3( key battleday)
08-04 17:05:14.560 12754 12754 D ActivityNode: 	activity ID 3( key id)
08-04 17:05:14.560 12754 12754 D ActivityNode: 	activity ID 3( key name)
08-04 17:05:14.560 12754 12754 D ActivityNode: 	activity ID 3( key battleday)
08-04 17:05:14.560 12754 12754 D ActivityNode: 	activity ID 3( key id)
08-04 17:05:14.560 12754 12754 D ActivityNode: 	activity ID 3( key name)
08-04 17:05:14.560 12754 12754 D ActivityNode: 	activity ID 3( key battleday)
08-04 17:05:14.560 12754 12754 D ActivityNode: 	activity ID 3( key id)
08-04 17:05:14.560 12754 12754 D ActivityNode: 	activity ID 3( key name)
08-04 17:05:14.560 12754 12754 D ActivityNode: 	activity ID 3( key battleday)
08-04 17:05:14.560 12754 12754 D ActivityNode: 	activity ID 3( key id)
08-04 17:05:14.560 12754 12754 D ActivityNode: 	activity ID 3( key name)
08-04 17:05:14.560 12754 12754 D ActivityNode: 	activity ID 3( key battleday)
08-04 17:05:14.560 12754 12754 D ActivityNode: 	activity ID 3( key id)
08-04 17:05:14.560 12754 12754 D ActivityNode: 	activity ID 3( key name)
08-04 17:05:14.560 12754 12754 D ActivityNode: 	activity ID 3( key battleday)
08-04 17:05:14.560 12754 12754 D ActivityNode: 	activity ID 3( key id)
08-04 17:05:14.560 12754 12754 D ActivityNode: 	activity ID 3( key name)
08-04 17:05:14.560 12754 12754 D ActivityNode: 	activity ID 3( key battleday)
08-04 17:05:14.560 12754 12754 D ActivityNode: 	activity ID 3( key id)
08-04 17:05:14.560 12754 12754 D ActivityNode: 	activity ID 3( key name)
08-04 17:05:14.560 12754 12754 D ActivityNode: 	activity ID 3( key battleday)
08-04 17:05:14.560 12754 12754 D ActivityNode: 	activity ID 3( key id)
08-04 17:05:14.560 12754 12754 D ActivityNode: 	activity ID 3( key name)
08-04 17:05:14.560 12754 12754 D ActivityNode: 	activity ID 3( key battleday)
08-04 17:05:14.560 12754 12754 D ActivityNode: 	activity ID 3( key id)
08-04 17:05:14.560 12754 12754 D ActivityNode: 	activity ID 3( key name)
08-04 17:05:14.560 12754 12754 D ActivityNode: 	activity ID 3( key battleday)
08-04 17:05:14.560 12754 12754 D ActivityNode: 	activity ID 3( key id)
08-04 17:05:14.560 12754 12754 D ActivityNode: 	activity ID 3( key name)
08-04 17:05:14.560 12754 12754 D ActivityNode: 	activity ID 3( key battleday)
08-04 17:05:14.560 12754 12754 D ActivityNode: 	activity ID 3( key id)
08-04 17:05:14.560 12754 12754 D ActivityNode: 	activity ID 3( key name)
08-04 17:05:14.560 12754 12754 D ActivityNode: 	activity ID 3( key battleday)
08-04 17:05:14.560 12754 12754 D ActivityNode: 	activity ID 3( key id)
08-04 17:05:14.560 12754 12754 D ActivityNode: 	activity ID 3( key name)
08-04 17:05:14.560 12754 12754 D ActivityNode: 	activity ID 3( key battleday)
08-04 17:05:14.560 12754 12754 D ActivityNode: 	activity ID 3( key id)
08-04 17:05:14.560 12754 12754 D ActivityNode: 	activity ID 3( key name)
08-04 17:05:14.560 12754 12754 D ActivityNode: 	activity ID 3( key battleday)
08-04 17:05:14.560 12754 12754 D ActivityNode: 	activity ID 3( key id)
08-04 17:05:14.560 12754 12754 D ActivityNode: 	activity ID 3( key name)
08-04 17:05:14.560 12754 12754 D ActivityNode: 	activity ID 3( key battleday)
08-04 17:05:14.560 12754 12754 D ActivityNode: 	activity ID 3( key id)
08-04 17:05:14.560 12754 12754 D ActivityNode: 	activity ID 3( key name)
08-04 17:05:14.560 12754 12754 D ActivityNode: 	activity ID 3( key battleday)
08-04 17:05:14.560 12754 12754 D ActivityNode: 	activity ID 3( key id)
08-04 17:05:14.560 12754 12754 D ActivityNode: 	activity ID 3( key name)
08-04 17:05:14.560 12754 12754 D ActivityNode: 	activity ID 3( key battleday)
08-04 17:05:14.560 12754 12754 D ActivityNode: 	activity ID 3( key id)
08-04 17:05:14.560 12754 12754 D ActivityNode: 	activity ID 3( key name)
08-04 17:05:14.560 12754 12754 D ActivityNode: 	activity ID 3( key battleday)
08-04 17:05:14.560 12754 12754 D ActivityNode: 	activity ID 3( key id)
08-04 17:05:14.560 12754 12754 D ActivityNode: 	activity ID 3( key name)
08-04 17:05:14.560 12754 12754 D ActivityNode: 	activity ID 3( key battleday)
08-04 17:05:14.560 12754 12754 D ActivityNode: 	activity ID 3( key id)
08-04 17:05:14.560 12754 12754 D ActivityNode: 	activity ID 3( key name)
08-04 17:05:14.560 12754 12754 D ActivityNode: 	activity ID 3( key battleday)
08-04 17:05:14.560 12754 12754 D ActivityNode: 	activity ID 3( key id)
08-04 17:05:14.560 12754 12754 D ActivityNode: 	activity ID 3( key name)
08-04 17:05:14.560 12754 12754 D ActivityNode: 	activity ID 3( key battleday)
08-04 17:05:14.560 12754 12754 D ActivityNode: 	activity ID 3( key id)
08-04 17:05:14.560 12754 12754 D ActivityNode: 	activity ID 3( key name)
08-04 17:05:14.560 12754 12754 D ActivityNode: 	activity ID 3( key battleday)
08-04 17:05:14.560 12754 12754 D ActivityNode: 	activity ID 3( key id)
08-04 17:05:14.560 12754 12754 D ActivityNode: 	activity ID 3( key name)
08-04 17:05:14.560 12754 12754 D ActivityNode: 	activity ID 3( key battleday)
08-04 17:05:14.560 12754 12754 D ActivityNode: 	activity ID 3( key id)
08-04 17:05:14.560 12754 12754 D ActivityNode: 	activity ID 3( key name)
08-04 17:05:14.560 12754 12754 D ActivityNode: 	activity ID 3( key battleday)
08-04 17:05:14.560 12754 12754 D ActivityNode: 	activity ID 3( key id)
08-04 17:05:14.560 12754 12754 D ActivityNode: 	activity ID 3( key name)
08-04 17:05:14.569 12754 12754 D ActivityNode: Observer - successor visit time - SplashActivity - Updating the visit time from the successors list:
08-04 17:05:14.569 12754 12754 D ActivityNode: [AggregateVisitTimeByActivity{nappatfpr.appteam.nith.hillffair.activities.HomeActivity : 15219 ms}]
08-04 17:05:14.569 12754 12754 D ActivityNode: Observer - successor visit time - HomeActivity - Updating the visit time from the successors list:
08-04 17:05:14.569 12754 12754 D ActivityNode: [AggregateVisitTimeByActivity{nappatfpr.appteam.nith.hillffair.activities.BattleDayActivity : 60039 ms}, AggregateVisitTimeByActivity{nappatfpr.appteam.nith.hillffair.activities.QuizActivity : 20453 ms}, AggregateVisitTimeByActivity{nappatfpr.appteam.nith.hillffair.activities.EventActivity : 52215 ms}]
08-04 17:05:14.569 12754 12754 D ActivityNode: Observer - visit time - BattleDayActivity - New aggregate visit time found is 101362 ms
08-04 17:05:14.569 12754 12754 D ActivityNode: Observer - successor visit time - BattleDayActivity - Updating the visit time from the successors list:
08-04 17:05:14.569 12754 12754 D ActivityNode: [AggregateVisitTimeByActivity{nappatfpr.appteam.nith.hillffair.activities.ClubActivity : 140938 ms}]
08-04 17:05:14.570 12754 12754 D ActivityNode: Observer - successor visit time - QuizActivity - Updating the visit time from the successors list:
08-04 17:05:14.570 12754 12754 D ActivityNode: [AggregateVisitTimeByActivity{nappatfpr.appteam.nith.hillffair.activities.LeaderBoardActivity : 53815 ms}, AggregateVisitTimeByActivity{nappatfpr.appteam.nith.hillffair.activities.InformationActivity : 17960 ms}]
08-04 17:05:14.570 12754 12754 D ActivityNode: Observer - successor visit time - EventActivity - Updating the visit time from the successors list:
08-04 17:05:14.570 12754 12754 D ActivityNode: [AggregateVisitTimeByActivity{nappatfpr.appteam.nith.hillffair.activities.ClubActivity : 108819 ms}]
08-04 17:05:14.589 12754 12784 D Nappa   : registerActivity: (already in) nappatfpr.appteam.nith.hillffair.activities.ClubActivity
08-04 17:05:14.589 12754 12784 D Nappa   : PARENTS 
08-04 17:05:14.589 12754 12784 D Nappa   : Of: nappatfpr.appteam.nith.hillffair.activities.ClubActivity -> 
08-04 17:05:14.589 12754 12784 D Nappa   : PARENTS nappatfpr.appteam.nith.hillffair.activities.BattleDayActivity
08-04 17:05:14.589 12754 12784 D Nappa   : PARENTS has extra: (name, Nukkad Natak)
08-04 17:05:14.589 12754 12784 D Nappa   : PARENTS has extra: (id, 58065620dcba0f490c70fe09)
08-04 17:05:14.589 12754 12784 D Nappa   : PARENTS value of key 'id' is contained into https://api-hillfair-2k16.herokuapp.com/api/app/events/special/event?id=58065620dcba0f490c70fe09
08-04 17:05:14.589 12754 12784 D Nappa   : PARENTS https://api-hillfair-2k16.herokuapp.com/api/app/events/special/event?id=
08-04 17:05:14.589 12754 12784 D Nappa   : PARENTS PARAM: id
08-04 17:05:14.590 12754 12784 D Nappa   : PARENTS   NODE nappatfpr.appteam.nith.hillffair.activities.ClubActivity ALREADY CONTAINS THIS URL
08-04 17:05:14.590 12754 12784 D Nappa   : PARENTS has extra: (battleday, true)
08-04 17:05:14.590 12754 12784 D Nappa   : PARENTS nappatfpr.appteam.nith.hillffair.activities.HomeActivity
08-04 17:05:14.590 12754 12784 D Nappa   : PARENTS nappatfpr.appteam.nith.hillffair.activities.SplashActivity
08-04 17:05:14.590 12754 12784 D Nappa   : PARENTS nappatfpr.appteam.nith.hillffair.activities.EventActivity
08-04 17:05:14.599 12754 12754 D ActivityNode: Observer - session data - sourceSplashActivity
08-04 17:05:14.599 12754 12754 D ActivityNode: destinations:
08-04 17:05:14.599 12754 12754 D ActivityNode: 	nappatfpr.appteam.nith.hillffair.activities.HomeActivity( count 5)
08-04 17:05:14.599 12754 12754 D ActivityNode: Observer - session data - sourceHomeActivity
08-04 17:05:14.599 12754 12754 D ActivityNode: destinations:
08-04 17:05:14.599 12754 12754 D ActivityNode: 	nappatfpr.appteam.nith.hillffair.activities.BattleDayActivity( count 9)
08-04 17:05:14.599 12754 12754 D ActivityNode: 	nappatfpr.appteam.nith.hillffair.activities.QuizActivity( count 8)
08-04 17:05:14.599 12754 12754 D ActivityNode: 	nappatfpr.appteam.nith.hillffair.activities.EventActivity( count 8)
08-04 17:05:14.600 12754 12754 D ActivityNode: Observer - session data - sourceBattleDayActivity
08-04 17:05:14.600 12754 12754 D ActivityNode: destinations:
08-04 17:05:14.600 12754 12754 D ActivityNode: 	nappatfpr.appteam.nith.hillffair.activities.ClubActivity( count 27)
08-04 17:05:14.601 12754 12754 D ActivityNode: Observer - session data - sourceClubActivity
08-04 17:05:14.601 12754 12754 D ActivityNode: destinations:
08-04 17:05:14.603 12754 12754 D ActivityNode: Observer - successor visit time - SplashActivity - Updating the visit time from the successors list:
08-04 17:05:14.603 12754 12754 D ActivityNode: [AggregateVisitTimeByActivity{nappatfpr.appteam.nith.hillffair.activities.HomeActivity : 15219 ms}]
08-04 17:05:14.604 12754 12754 D ActivityNode: Observer - successor visit time - HomeActivity - Updating the visit time from the successors list:
08-04 17:05:14.604 12754 12754 D ActivityNode: [AggregateVisitTimeByActivity{nappatfpr.appteam.nith.hillffair.activities.BattleDayActivity : 60039 ms}, AggregateVisitTimeByActivity{nappatfpr.appteam.nith.hillffair.activities.QuizActivity : 20453 ms}, AggregateVisitTimeByActivity{nappatfpr.appteam.nith.hillffair.activities.EventActivity : 52215 ms}]
08-04 17:05:14.605 12754 12754 D ActivityNode: Observer - successor visit time - BattleDayActivity - Updating the visit time from the successors list:
08-04 17:05:14.605 12754 12754 D ActivityNode: [AggregateVisitTimeByActivity{nappatfpr.appteam.nith.hillffair.activities.ClubActivity : 140938 ms}]
08-04 17:05:14.607 12754 12754 D ActivityNode: Observer - session data - sourceLeaderBoardActivity
08-04 17:05:14.607 12754 12754 D ActivityNode: destinations:
08-04 17:05:14.607 12754 12754 D ActivityNode: Observer - session data - sourceQuizActivity
08-04 17:05:14.607 12754 12754 D ActivityNode: destinations:
08-04 17:05:14.607 12754 12754 D ActivityNode: 	nappatfpr.appteam.nith.hillffair.activities.LeaderBoardActivity( count 12)
08-04 17:05:14.607 12754 12754 D ActivityNode: 	nappatfpr.appteam.nith.hillffair.activities.InformationActivity( count 4)
08-04 17:05:14.607 12754 12754 D ActivityNode: Observer - successor visit time - QuizActivity - Updating the visit time from the successors list:
08-04 17:05:14.607 12754 12754 D ActivityNode: [AggregateVisitTimeByActivity{nappatfpr.appteam.nith.hillffair.activities.LeaderBoardActivity : 53815 ms}, AggregateVisitTimeByActivity{nappatfpr.appteam.nith.hillffair.activities.InformationActivity : 17960 ms}]
08-04 17:05:14.608 12754 12754 D ActivityNode: Observer - session data - sourceInformationActivity
08-04 17:05:14.608 12754 12754 D ActivityNode: destinations:
08-04 17:05:14.608 12754 12754 D ActivityNode: Observer - session data - sourceEventActivity
08-04 17:05:14.608 12754 12754 D ActivityNode: destinations:
08-04 17:05:14.608 12754 12754 D ActivityNode: 	nappatfpr.appteam.nith.hillffair.activities.ClubActivity( count 24)
08-04 17:05:14.610 12754 12754 D ActivityNode: Observer - successor visit time - EventActivity - Updating the visit time from the successors list:
08-04 17:05:14.610 12754 12754 D ActivityNode: [AggregateVisitTimeByActivity{nappatfpr.appteam.nith.hillffair.activities.ClubActivity : 108819 ms}]
08-04 17:05:14.641 12754 12879 I art     : Starting a blocking GC Explicit
08-04 17:05:14.657 12754 12879 I art     : Explicit concurrent mark sweep GC freed 3982(308KB) AllocSpace objects, 1(20KB) LOS objects, 23% free, 52MB/68MB, paused 412us total 16.612ms
08-04 17:05:14.664 12754 12879 I art     : Starting a blocking GC Explicit
08-04 17:05:14.672 12754 12784 D Nappa   : PREFETCH_ON_EXTRA - setCurrentActivity - logs - from extra - made prediction istrue
08-04 17:05:14.672 12754 12784 D Nappa   : PREFETCH_ON_EXTRA - setCurrentActivity - logs - from extra - start
08-04 17:05:14.672 12754 12784 D Nappa   : setCurrentActivity - MetricStrategyAccuracy - checking prediction VS current activity for extras
08-04 17:05:14.672 12754 12784 D TfprPrefetchingStrategy: MetricStrategyAccuracy inc hits count4 | from extra
08-04 17:05:14.672 12754 12784 I NAPPA_EXPERIMENTATION: MetricStrategyAccuracy: LOG_ID='7',EXECUTION_COUNT='7',CASES_COUNT='7',HIT_PERCENTAGE_TOTAL='57.142857142857146',HIT_PERCENTAGE_WHEN_PREDICTED='100.0',HIT_COUNT='4',MISS_COUNT='0',INSUFFICIENT_SCORE_COUNT='1',EXCEPTION_COUNT='0',NO_SUCCESSOR_COUNT='2',
08-04 17:05:14.672 12754 12784 D Nappa   : PREFETCH_ON_EXTRA - setCurrentActivity - logs - from extra- finished
08-04 17:05:14.679 12754 12879 I art     : Explicit concurrent mark sweep GC freed 1048(43KB) AllocSpace objects, 0(0B) LOS objects, 23% free, 52MB/68MB, paused 334us total 15.688ms
08-04 17:05:14.686 12754 12879 I art     : Starting a blocking GC Explicit
08-04 17:05:14.702 12754 12879 I art     : Explicit concurrent mark sweep GC freed 3(96B) AllocSpace objects, 0(0B) LOS objects, 23% free, 52MB/68MB, paused 337us total 15.168ms
08-04 17:05:14.708 12754 12879 I art     : Starting a blocking GC Explicit
08-04 17:05:14.724 12754 12879 I art     : Explicit concurrent mark sweep GC freed 3(96B) AllocSpace objects, 0(0B) LOS objects, 23% free, 52MB/68MB, paused 334us total 15.400ms
08-04 17:05:14.730 12754 12879 I art     : Starting a blocking GC Explicit
08-04 17:05:14.745 12754 12879 I art     : Explicit concurrent mark sweep GC freed 3(96B) AllocSpace objects, 0(0B) LOS objects, 23% free, 52MB/68MB, paused 342us total 15.243ms
08-04 17:05:14.795   380   380 W SurfaceFlinger: couldn't log to binary event log: overflow.
08-04 17:05:14.972 12754 12784 D Nappa   : PREFETCH_ON_EXTRA - setCurrentActivity - starting new prediction
08-04 17:05:14.973 12754 12784 D Nappa   : Current node - currentActivityName - nappatfpr.appteam.nith.hillffair.activities.ClubActivity
08-04 17:05:14.973 12754 12784 D Nappa   : Current node - activityGraph.getCurrent() - nappatfpr.appteam.nith.hillffair.activities.ClubActivity
08-04 17:05:14.973 12754 12784 I NAPPA_EXPERIMENTATION: MetricNappaPrefetchingStrategyExecutionTime: STRATEGY_CLASS='TfprPrefetchingStrategy',DURATION='1615',NUMBER_OF_URLS='0',NUMBER_OF_SELECTED_CHILDREN_NODES='0',NUMBER_OF_CHILDREN_NODES='0',STRATEGY_RUN_SUCCESSFULLY='True',
08-04 17:05:14.973 12754 12784 D TfprPrefetchingStrategy: ==================================
08-04 17:05:14.973 12754 12784 D TfprPrefetchingStrategy: Starting Run #8
08-04 17:05:14.973 12754 12784 D TfprPrefetchingStrategy: ----------------------------------
08-04 17:05:14.974 12754 12784 D TfprPrefetchingStrategy: Node data ClubActivity 
08-04 17:05:14.974 12754 12784 D TfprPrefetchingStrategy: 	Successors:
08-04 17:05:14.974 12754 12784 D TfprPrefetchingStrategy: 
08-04 17:05:14.974 12754 12784 D TfprPrefetchingStrategy: 	Ancestors:
08-04 17:05:14.974 12754 12784 D TfprPrefetchingStrategy: 		BattleDayActivity (0 hits)
08-04 17:05:14.974 12754 12784 D TfprPrefetchingStrategy: 		EventActivity (0 hits)
08-04 17:05:14.974 12754 12784 D TfprPrefetchingStrategy: 
08-04 17:05:14.974 12754 12784 D TfprPrefetchingStrategy: MetricStrategyAccuracy inc execution count8 | act = true; extra = false
08-04 17:05:14.974 12754 12784 D TfprPrefetchingStrategy: MetricStrategyAccuracy inc no sucessor count3 | act = true; extra = false
08-04 17:05:14.974 12754 12784 D TfprPrefetchingStrategy: Node has no successor
08-04 17:05:14.974 12754 12784 D TfprPrefetchingStrategy: Next visited child will be []
08-04 17:05:14.974 12754 12784 D TfprPrefetchingStrategy: ==================================
08-04 17:05:14.974 12754 12784 D Nappa   : PREFETCH_ON_EXTRA - setCurrentActivity - finished new prediction
08-04 17:05:15.035 12754 12879 I art     : Starting a blocking GC Explicit
08-04 17:05:15.054 12754 12879 I art     : Explicit concurrent mark sweep GC freed 2384(166KB) AllocSpace objects, 1(20KB) LOS objects, 23% free, 52MB/68MB, paused 466us total 19.075ms
08-04 17:05:15.061 12754 12879 I art     : Starting a blocking GC Explicit
08-04 17:05:15.079 12754 12879 I art     : Explicit concurrent mark sweep GC freed 2037(81KB) AllocSpace objects, 2(120KB) LOS objects, 23% free, 52MB/68MB, paused 394us total 17.052ms
08-04 17:05:15.082 12754 13820 D OkHttp  : --> GET https://api-hillfair-2k16.herokuapp.com/api/app/events/special/event?id=58065620dcba0f490c70fe09 http/1.1
08-04 17:05:15.085 12754 12879 I art     : Starting a blocking GC Explicit
08-04 17:05:15.100 12754 12879 I art     : Explicit concurrent mark sweep GC freed 1001(120KB) AllocSpace objects, 1(80KB) LOS objects, 23% free, 52MB/68MB, paused 362us total 15.407ms
08-04 17:05:15.107 12754 12879 I art     : Starting a blocking GC Explicit
08-04 17:05:15.111 12754 13820 D OkHttp  : <-- 200 OK https://api-hillfair-2k16.herokuapp.com/api/app/events/special/event?id=58065620dcba0f490c70fe09 (28ms, 682-byte body)
08-04 17:05:15.116 12754 13820 D CustomInterceptor: CACHE_CONTROL SETTING NEW MAX-AGE
08-04 17:05:15.117 12754 13820 D CustomInterceptor: HEADER RESPONSE
08-04 17:05:15.117 12754 13820 D CustomInterceptor: Cache-Control public, immutable, max-age=300, only-if-cached, max-stale=300
08-04 17:05:15.117 12754 13820 D CustomInterceptor: Connection keep-alive
08-04 17:05:15.117 12754 13820 D CustomInterceptor: Content-Length 682
08-04 17:05:15.117 12754 13820 D CustomInterceptor: Content-Type application/json; charset=utf-8
08-04 17:05:15.117 12754 13820 D CustomInterceptor: Date Tue, 04 Aug 2020 15:05:10 GMT
08-04 17:05:15.117 12754 13820 D CustomInterceptor: Etag W/"2aa-UFDVBdx85cBpnUYiXSOp2A"
08-04 17:05:15.117 12754 13820 D CustomInterceptor: Expires Tue, 04 Aug 2020 15:10:15 GMT+00:00
08-04 17:05:15.117 12754 13820 D CustomInterceptor: Server Cowboy
08-04 17:05:15.118 12754 13820 D CustomInterceptor: Via 1.1 vegur
08-04 17:05:15.118 12754 13820 D CustomInterceptor: X-Powered-By Express
08-04 17:05:15.118 12754 13820 D CustomInterceptor: CACHEABLE true
08-04 17:05:15.118 12754 13820 D CustomInterceptor: REQ https://api-hillfair-2k16.herokuapp.com/api/app/events/special/event?id=58065620dcba0f490c70fe09
08-04 17:05:15.118 12754 13820 D CustomInterceptor: REQ_SERV_BY net
08-04 17:05:15.118 12754 13820 D CustomInterceptor: PREFLIB Adding response to lrucache - https://api-hillfair-2k16.herokuapp.com/api/app/events/special/event?id=58065620dcba0f490c70fe09
08-04 17:05:15.122 12754 12879 I art     : Explicit concurrent mark sweep GC freed 388(46KB) AllocSpace objects, 0(0B) LOS objects, 23% free, 52MB/68MB, paused 363us total 15.226ms
08-04 17:05:15.128 12754 12879 I art     : Starting a blocking GC Explicit
08-04 17:05:15.144 12754 12879 I art     : Explicit concurrent mark sweep GC freed 82(3KB) AllocSpace objects, 0(0B) LOS objects, 23% free, 52MB/68MB, paused 338us total 15.953ms
08-04 17:05:15.151 12754 13820 D CustomInterceptor: interceptor_finished : return_type #3 : request served from remote and added to cache
08-04 17:05:15.164 12754 12754 I NAPPA_EXPERIMENTATION: MetricNetworkRequestExecutionTime: REQUEST_DURATION_SYSTEM='893',REQUEST_DURATION_OKHTTP='0',REQUEST_SYNCHRONOUS='FALSE',RESPONSE_CODE='200',RESPONSE_METHOD='GET',RESPONSE_LENGTH_OKHTTP='682',RESPONSE_LENGTH_HEADER='-2',REQUEST_PROTOCOL='http/1.1',REQUEST_URL='https://api-hillfair-2k16.herokuapp.com/api/app/events/special/event?id=58065620dcba0f490c70fe09',
08-04 17:05:15.423 12754 12767 I art     : Starting a blocking GC Explicit
08-04 17:05:15.443 12754 12767 I art     : Explicit concurrent mark sweep GC freed 2127(181KB) AllocSpace objects, 1(20KB) LOS objects, 23% free, 52MB/68MB, paused 357us total 20.603ms
08-04 17:05:15.452 12754 12767 I art     : Starting a blocking GC Explicit
08-04 17:05:15.470 12754 12767 I art     : Explicit concurrent mark sweep GC freed 58(2144B) AllocSpace objects, 0(0B) LOS objects, 23% free, 52MB/68MB, paused 392us total 18.174ms
08-04 17:05:15.477 12754 12767 I art     : Starting a blocking GC Explicit
08-04 17:05:15.495 12754 12767 I art     : Explicit concurrent mark sweep GC freed 3(96B) AllocSpace objects, 0(0B) LOS objects, 23% free, 52MB/68MB, paused 309us total 17.380ms
08-04 17:05:15.502 12754 12767 I art     : Starting a blocking GC Explicit
08-04 17:05:15.518 12754 12767 I art     : Explicit concurrent mark sweep GC freed 3(96B) AllocSpace objects, 0(0B) LOS objects, 23% free, 52MB/68MB, paused 317us total 16.443ms
08-04 17:05:15.525 12754 12767 I art     : Starting a blocking GC Explicit
08-04 17:05:15.541 12754 12767 I art     : Explicit concurrent mark sweep GC freed 3(96B) AllocSpace objects, 0(0B) LOS objects, 23% free, 52MB/68MB, paused 329us total 16.363ms
08-04 17:05:15.816 12754 12879 I art     : Starting a blocking GC Explicit
08-04 17:05:15.836 12754 12879 I art     : Explicit concurrent mark sweep GC freed 1568(96KB) AllocSpace objects, 1(20KB) LOS objects, 23% free, 52MB/68MB, paused 411us total 19.756ms
08-04 17:05:15.846 12754 12879 I art     : Starting a blocking GC Explicit
08-04 17:05:15.869 12754 12879 I art     : Explicit concurrent mark sweep GC freed 28(1024B) AllocSpace objects, 0(0B) LOS objects, 23% free, 52MB/68MB, paused 373us total 22.267ms
08-04 17:05:15.879 12754 12879 I art     : Starting a blocking GC Explicit
08-04 17:05:15.898 12754 12879 I art     : Explicit concurrent mark sweep GC freed 3(96B) AllocSpace objects, 0(0B) LOS objects, 23% free, 52MB/68MB, paused 355us total 18.008ms
08-04 17:05:15.905 12754 12879 I art     : Starting a blocking GC Explicit
08-04 17:05:15.923 12754 12879 I art     : Explicit concurrent mark sweep GC freed 3(96B) AllocSpace objects, 0(0B) LOS objects, 23% free, 52MB/68MB, paused 368us total 17.901ms
08-04 17:05:15.930 12754 12879 I art     : Starting a blocking GC Explicit
