08-05 00:41:23.137  1223  1950 D CustomInterceptor: CONTENT {"by":"cbm-vic-20","id":23969703,"kids":[23970221,23970057,23970413,23970278,23969976,23970325,23970965,23970126,23969838,23969705],"parent":23969442,"text":"Answer: find the email address of the person the product manager of Google Drive reports to, and start sharing stuff with them.<p>(&#x2F;s: not condoning doxxing here)","time":1595885927,"type":"comment"}
08-05 00:41:23.137  1223  1950 D CustomInterceptor: interceptor_finished : return_type #2 : request served from cache
08-05 00:41:23.143  1223  1957 D CustomInterceptor: NETWORK-PROVIDER https://hacker-news.firebaseio.com/v0/item/23970290.json
08-05 00:41:23.145  1223  1957 D CustomInterceptor: HEADER REQUEST
08-05 00:41:23.145  1223  1957 D CustomInterceptor: Cache-Control max-age=300, max-stale=300
08-05 00:41:23.145  1223  1957 D CustomInterceptor: CACHED STATS: size = '100', maxSize = '100', hitCount = '135', createCount = '0', putCount = '126', evictionCount = '26', missCount = '139', toString = 'LruCache[maxSize=100,hits=135,misses=139,hitRate=49%]', 
08-05 00:41:23.145  1223  1957 D CustomInterceptor: PREFLIB GET REQUEST https://hacker-news.firebaseio.com/v0/item/23970290.json
08-05 00:41:23.145  1223  1957 D CustomInterceptor: PREFLIB found https://hacker-news.firebaseio.com/v0/item/23970290.json, sending it back
08-05 00:41:23.145  1223  1957 D CustomInterceptor: CONTENT {"by":"kwijibob","id":23970290,"kids":[23970437],"parent":23969442,"text":"I&#x27;m all in on GDrive - my whole world is in there. 25 years of files.<p>I do notice Spam occasionally in the &#x27;shared with me&#x27; menu - but it seems to get cleaned up.<p>I already have all 99% notifications turned off in apps.<p>Sounds like the real annoying part is getting the notification with the spammy sexual titles.<p>If you didn&#x27;t get notifications then likely the spam detection would delete before you ever noticed it in your &#x27;Shared with Me&#x27; menu.<p>Android needs to default to opt-in notifications like on IOS.","time":1595889805,"type":"comment"}
08-05 00:41:23.145  1223  1957 D CustomInterceptor: interceptor_finished : return_type #2 : request served from cache
08-05 00:41:23.151  1223  1283 D CustomInterceptor: NETWORK-PROVIDER https://hacker-news.firebaseio.com/v0/item/23969454.json
08-05 00:41:23.153  1223  1283 D CustomInterceptor: HEADER REQUEST
08-05 00:41:23.153  1223  1283 D CustomInterceptor: Cache-Control max-age=300, max-stale=300
08-05 00:41:23.153  1223  1283 D CustomInterceptor: CACHED STATS: size = '100', maxSize = '100', hitCount = '136', createCount = '0', putCount = '126', evictionCount = '26', missCount = '139', toString = 'LruCache[maxSize=100,hits=136,misses=139,hitRate=49%]', 
08-05 00:41:23.153  1223  1283 D CustomInterceptor: PREFLIB GET REQUEST https://hacker-news.firebaseio.com/v0/item/23969454.json
08-05 00:41:23.153  1223  1283 D CustomInterceptor: PREFLIB found https://hacker-news.firebaseio.com/v0/item/23969454.json, sending it back
08-05 00:41:23.154  1223  1283 D CustomInterceptor: CONTENT {"by":"mariocesar","id":23969454,"kids":[23969823],"parent":23969442,"text":"Just a simple option like &quot;Allow just my contacts to share files with me&quot;. I lost so much time with all the spam and malware that is being sent to me just because my gmail account is so public ... :(","time":1595884339,"type":"comment"}
08-05 00:41:23.154  1223  1283 D CustomInterceptor: interceptor_finished : return_type #2 : request served from cache
08-05 00:41:23.160  1223  1280 D CustomInterceptor: NETWORK-PROVIDER https://hacker-news.firebaseio.com/v0/item/23969987.json
08-05 00:41:23.162  1223  1280 D CustomInterceptor: HEADER REQUEST
08-05 00:41:23.162  1223  1280 D CustomInterceptor: Cache-Control max-age=300, max-stale=300
08-05 00:41:23.162  1223  1280 D CustomInterceptor: CACHED STATS: size = '100', maxSize = '100', hitCount = '137', createCount = '0', putCount = '126', evictionCount = '26', missCount = '139', toString = 'LruCache[maxSize=100,hits=137,misses=139,hitRate=49%]', 
08-05 00:41:23.162  1223  1280 D CustomInterceptor: PREFLIB GET REQUEST https://hacker-news.firebaseio.com/v0/item/23969987.json
08-05 00:41:23.162  1223  1280 D CustomInterceptor: PREFLIB found https://hacker-news.firebaseio.com/v0/item/23969987.json, sending it back
08-05 00:41:23.162  1223  1280 D CustomInterceptor: CONTENT {"by":"ramosu","id":23969987,"kids":[23972337,23971444],"parent":23969442,"text":"It seems Google simply abandon some of their products.<p>I&#x27;ve been living with another issue since 2011: <a href=\"https:&#x2F;&#x2F;issuetracker.google.com&#x2F;issues&#x2F;35889152\" rel=\"nofollow\">https:&#x2F;&#x2F;issuetracker.google.com&#x2F;issues&#x2F;35889152</a>","time":1595887633,"type":"comment"}
08-05 00:41:23.162  1223  1280 D CustomInterceptor: interceptor_finished : return_type #2 : request served from cache
08-05 00:41:23.168  1223  1908 D CustomInterceptor: NETWORK-PROVIDER https://hacker-news.firebaseio.com/v0/item/23970408.json
08-05 00:41:23.170  1223  1908 D CustomInterceptor: HEADER REQUEST
08-05 00:41:23.170  1223  1908 D CustomInterceptor: Cache-Control max-age=300, max-stale=300
08-05 00:41:23.170  1223  1908 D CustomInterceptor: CACHED STATS: size = '100', maxSize = '100', hitCount = '138', createCount = '0', putCount = '126', evictionCount = '26', missCount = '139', toString = 'LruCache[maxSize=100,hits=138,misses=139,hitRate=49%]', 
08-05 00:41:23.170  1223  1908 D CustomInterceptor: PREFLIB GET REQUEST https://hacker-news.firebaseio.com/v0/item/23970408.json
08-05 00:41:23.170  1223  1908 D CustomInterceptor: PREFLIB found https://hacker-news.firebaseio.com/v0/item/23970408.json, sending it back
08-05 00:41:23.170  1223  1908 D CustomInterceptor: CONTENT {"by":"thisbrt","id":23970408,"parent":23969442,"text":"IMHO Google drive is one of the worst service of Its kind in the market. Copying, moving duplicating files is as complex and blunt as it could be. Folder duplication doesnt exist. Im actually not surprised that sharing is still not fixed. Look at Meet. A service that only after being absolutely beaten by Zoom received some attention. Theyre working on bringing Plus back in the form of Currents, but you still cannot stop people from sharing file with you in Google drive...","time":1595890803,"type":"comment"}
08-05 00:41:23.170  1223  1908 D CustomInterceptor: interceptor_finished : return_type #2 : request served from cache
08-05 00:41:23.177  1223  1285 D CustomInterceptor: NETWORK-PROVIDER https://hacker-news.firebaseio.com/v0/item/23971555.json
08-05 00:41:23.178  1223  1285 D CustomInterceptor: HEADER REQUEST
08-05 00:41:23.178  1223  1285 D CustomInterceptor: Cache-Control max-age=300, max-stale=300
08-05 00:41:23.179  1223  1285 D CustomInterceptor: CACHED STATS: size = '100', maxSize = '100', hitCount = '139', createCount = '0', putCount = '126', evictionCount = '26', missCount = '139', toString = 'LruCache[maxSize=100,hits=139,misses=139,hitRate=50%]', 
08-05 00:41:23.179  1223  1285 D CustomInterceptor: PREFLIB GET REQUEST https://hacker-news.firebaseio.com/v0/item/23971555.json
08-05 00:41:23.179  1223  1285 D CustomInterceptor: PREFLIB found https://hacker-news.firebaseio.com/v0/item/23971555.json, sending it back
08-05 00:41:23.179  1223  1285 D CustomInterceptor: CONTENT {"by":"dzonga","id":23971555,"kids":[23972678],"parent":23969442,"text":"im a google one user. &amp;  will admit only pay, because it&#x27;s a  steal for the price. no other service offered 100gb for $20 a year.but yeah, google software quality is quite poor. wonder, why all those engineers doing leetcode interviews can&#x27;t make quality products.","time":1595901506,"type":"comment"}
08-05 00:41:23.179  1223  1285 D CustomInterceptor: interceptor_finished : return_type #2 : request served from cache
08-05 00:41:23.186  1223  1918 D CustomInterceptor: NETWORK-PROVIDER https://hacker-news.firebaseio.com/v0/item/23970173.json
08-05 00:41:23.187  1223  1918 D CustomInterceptor: HEADER REQUEST
08-05 00:41:23.187  1223  1918 D CustomInterceptor: Cache-Control max-age=300, max-stale=300
08-05 00:41:23.187  1223  1918 D CustomInterceptor: CACHED STATS: size = '100', maxSize = '100', hitCount = '140', createCount = '0', putCount = '126', evictionCount = '26', missCount = '139', toString = 'LruCache[maxSize=100,hits=140,misses=139,hitRate=50%]', 
08-05 00:41:23.187  1223  1918 D CustomInterceptor: PREFLIB GET REQUEST https://hacker-news.firebaseio.com/v0/item/23970173.json
08-05 00:41:23.187  1223  1918 D CustomInterceptor: PREFLIB found https://hacker-news.firebaseio.com/v0/item/23970173.json, sending it back
08-05 00:41:23.187  1223  1918 D CustomInterceptor: CONTENT {"by":"moandcompany","id":23970173,"parent":23969442,"text":"As a ______ also affected by this issue on my personal Gmail accounts, I&#x27;ve filed a feedback&#x2F;request for this internally.","time":1595888992,"type":"comment"}
08-05 00:41:23.187  1223  1918 D CustomInterceptor: interceptor_finished : return_type #2 : request served from cache
08-05 00:41:23.194  1223  1952 D CustomInterceptor: NETWORK-PROVIDER https://hacker-news.firebaseio.com/v0/item/23970932.json
08-05 00:41:23.195  1223  1952 D CustomInterceptor: HEADER REQUEST
08-05 00:41:23.195  1223  1952 D CustomInterceptor: Cache-Control max-age=300, max-stale=300
08-05 00:41:23.196  1223  1952 D CustomInterceptor: CACHED STATS: size = '100', maxSize = '100', hitCount = '141', createCount = '0', putCount = '126', evictionCount = '26', missCount = '139', toString = 'LruCache[maxSize=100,hits=141,misses=139,hitRate=50%]', 
08-05 00:41:23.196  1223  1952 D CustomInterceptor: PREFLIB GET REQUEST https://hacker-news.firebaseio.com/v0/item/23970932.json
08-05 00:41:23.196  1223  1952 D CustomInterceptor: PREFLIB found https://hacker-news.firebaseio.com/v0/item/23970932.json, sending it back
08-05 00:41:23.196  1223  1952 D CustomInterceptor: CONTENT {"by":"rexreed","id":23970932,"parent":23969442,"text":"I fail to be surprised anymore at the lack of what should be OBVIOUS functionality in some of the largest functionality systems.<p>Whenever i think I might be stupid for missing what should be obvious functionality I submit a ticket to only realize that the functionality not only doesn&#x27;t exist but somehow my really basic suggestion is a &quot;unique&quot; or &quot;profound&quot; idea.<p>Honestly who is hiring these product managers? Who is coming up with these features? Why are what should be no-brainer obvious functionality items missing?<p>Is there something about product management and design I don&#x27;t understand? Why is it that you can&#x27;t get notifications on group calendars or background images on Google docs or lots of other things I&#x27;m forgetting now that at the time I was like &quot;wow I can&#x27;t believe you can&#x27;t do that&quot;","time":1595895791,"type":"comment"}
08-05 00:41:23.196  1223  1952 D CustomInterceptor: interceptor_finished : return_type #2 : request served from cache
08-05 00:41:23.202  1223  1961 D CustomInterceptor: NETWORK-PROVIDER https://hacker-news.firebaseio.com/v0/item/23970064.json
08-05 00:41:23.203  1223  1961 D CustomInterceptor: HEADER REQUEST
08-05 00:41:23.203  1223  1961 D CustomInterceptor: Cache-Control max-age=300, max-stale=300
08-05 00:41:23.204  1223  1961 D CustomInterceptor: CACHED STATS: size = '100', maxSize = '100', hitCount = '142', createCount = '0', putCount = '126', evictionCount = '26', missCount = '139', toString = 'LruCache[maxSize=100,hits=142,misses=139,hitRate=50%]', 
08-05 00:41:23.204  1223  1961 D CustomInterceptor: PREFLIB GET REQUEST https://hacker-news.firebaseio.com/v0/item/23970064.json
08-05 00:41:23.204  1223  1961 D CustomInterceptor: PREFLIB found https://hacker-news.firebaseio.com/v0/item/23970064.json, sending it back
08-05 00:41:23.204  1223  1961 D CustomInterceptor: CONTENT {"by":"ProAm","id":23970064,"parent":23969442,"text":"Didn&#x27;t google just make everyone jump through hoops on Youtube to ensure all content was safe for children because of COPPA?  Does this violate that new law?","time":1595888246,"type":"comment"}
08-05 00:41:23.204  1223  1961 D CustomInterceptor: interceptor_finished : return_type #2 : request served from cache
08-05 00:41:23.211  1223  1954 D CustomInterceptor: NETWORK-PROVIDER https://hacker-news.firebaseio.com/v0/item/23970185.json
08-05 00:41:23.212  1223  1954 D CustomInterceptor: HEADER REQUEST
08-05 00:41:23.213  1223  1954 D CustomInterceptor: Cache-Control max-age=300, max-stale=300
08-05 00:41:23.213  1223  1954 D CustomInterceptor: CACHED STATS: size = '100', maxSize = '100', hitCount = '143', createCount = '0', putCount = '126', evictionCount = '26', missCount = '139', toString = 'LruCache[maxSize=100,hits=143,misses=139,hitRate=50%]', 
08-05 00:41:23.213  1223  1954 D CustomInterceptor: PREFLIB GET REQUEST https://hacker-news.firebaseio.com/v0/item/23970185.json
08-05 00:41:23.213  1223  1954 D CustomInterceptor: PREFLIB found https://hacker-news.firebaseio.com/v0/item/23970185.json, sending it back
08-05 00:41:23.213  1223  1954 D CustomInterceptor: CONTENT {"by":"nikanj","id":23970185,"kids":[23970307],"parent":23969442,"text":"The same way you get any customer service from Google: Get your post on the front page of HN. This is probably going to get fixed shockingly fast now.","time":1595889085,"type":"comment"}
08-05 00:41:23.213  1223  1954 D CustomInterceptor: interceptor_finished : return_type #2 : request served from cache
08-05 00:41:23.219  1223  1959 D CustomInterceptor: NETWORK-PROVIDER https://hacker-news.firebaseio.com/v0/item/23976344.json
08-05 00:41:23.220  1223  1959 D CustomInterceptor: HEADER REQUEST
08-05 00:41:23.221  1223  1959 D CustomInterceptor: Cache-Control max-age=300, max-stale=300
08-05 00:41:23.221  1223  1959 D CustomInterceptor: CACHED STATS: size = '100', maxSize = '100', hitCount = '144', createCount = '0', putCount = '126', evictionCount = '26', missCount = '139', toString = 'LruCache[maxSize=100,hits=144,misses=139,hitRate=50%]', 
08-05 00:41:23.221  1223  1959 D CustomInterceptor: PREFLIB GET REQUEST https://hacker-news.firebaseio.com/v0/item/23976344.json
08-05 00:41:23.221  1223  1959 D CustomInterceptor: PREFLIB found https://hacker-news.firebaseio.com/v0/item/23976344.json, sending it back
08-05 00:41:23.221  1223  1959 D CustomInterceptor: CONTENT {"by":"throwaway29102","id":23976344,"parent":23969442,"text":"In the spirit of 2020, maybe making the problem worse will ultimately make it better?","time":1595947590,"type":"comment"}
08-05 00:41:23.221  1223  1959 D CustomInterceptor: interceptor_finished : return_type #2 : request served from cache
08-05 00:41:23.227  1223  1951 D CustomInterceptor: NETWORK-PROVIDER https://hacker-news.firebaseio.com/v0/item/23970172.json
08-05 00:41:23.229  1223  1951 D CustomInterceptor: HEADER REQUEST
08-05 00:41:23.229  1223  1951 D CustomInterceptor: Cache-Control max-age=300, max-stale=300
08-05 00:41:23.229  1223  1951 D CustomInterceptor: CACHED STATS: size = '100', maxSize = '100', hitCount = '145', createCount = '0', putCount = '126', evictionCount = '26', missCount = '139', toString = 'LruCache[maxSize=100,hits=145,misses=139,hitRate=51%]', 
08-05 00:41:23.229  1223  1951 D CustomInterceptor: PREFLIB GET REQUEST https://hacker-news.firebaseio.com/v0/item/23970172.json
08-05 00:41:23.229  1223  1951 D CustomInterceptor: PREFLIB found https://hacker-news.firebaseio.com/v0/item/23970172.json, sending it back
08-05 00:41:23.229  1223  1951 D CustomInterceptor: CONTENT {"by":"dawnerd","id":23970172,"kids":[23970315,23970440],"parent":23969442,"text":"little side question, whats with these support forums that almost never have real employees answering but have community &#x27;support specialists&#x27; that never answer the question and only tell you to use the feedback forms but beg for props on their answers. I don&#x27;t get it.","time":1595888992,"type":"comment"}
08-05 00:41:23.229  1223  1951 D CustomInterceptor: interceptor_finished : return_type #2 : request served from cache
08-05 00:41:23.286  1223  1917 D CustomInterceptor: NETWORK-PROVIDER https://hacker-news.firebaseio.com/v0/item/23970088.json
08-05 00:41:23.288  1223  1917 D CustomInterceptor: HEADER REQUEST
08-05 00:41:23.288  1223  1917 D CustomInterceptor: Cache-Control max-age=300, max-stale=300
08-05 00:41:23.291  1223  1917 D CustomInterceptor: CACHED STATS: size = '100', maxSize = '100', hitCount = '146', createCount = '0', putCount = '126', evictionCount = '26', missCount = '139', toString = 'LruCache[maxSize=100,hits=146,misses=139,hitRate=51%]', 
08-05 00:41:23.292  1223  1917 D CustomInterceptor: PREFLIB GET REQUEST https://hacker-news.firebaseio.com/v0/item/23970088.json
08-05 00:41:23.292  1223  1917 D CustomInterceptor: PREFLIB found https://hacker-news.firebaseio.com/v0/item/23970088.json, sending it back
08-05 00:41:23.292  1223  1917 D CustomInterceptor: CONTENT {"by":"partiallypro","id":23970088,"kids":[23971014],"parent":23969442,"text":"Is it possible that someone could share files with someone that is elicit content in order to get them in trouble or to target children&#x27;s accounts? Seems...like a problem.","time":1595888388,"type":"comment"}
08-05 00:41:23.292  1223  1917 D CustomInterceptor: interceptor_finished : return_type #2 : request served from cache
08-05 00:41:23.302  1223  1278 D CustomInterceptor: NETWORK-PROVIDER https://hacker-news.firebaseio.com/v0/item/23970894.json
08-05 00:41:23.304  1223  1278 D CustomInterceptor: HEADER REQUEST
08-05 00:41:23.304  1223  1278 D CustomInterceptor: Cache-Control max-age=300, max-stale=300
08-05 00:41:23.304  1223  1278 D CustomInterceptor: CACHED STATS: size = '100', maxSize = '100', hitCount = '147', createCount = '0', putCount = '126', evictionCount = '26', missCount = '139', toString = 'LruCache[maxSize=100,hits=147,misses=139,hitRate=51%]', 
08-05 00:41:23.304  1223  1278 D CustomInterceptor: PREFLIB NOT A GET REQUEST OR NOT IN CACHEGET
08-05 00:41:23.312  1223  1274 D CustomInterceptor: NETWORK-PROVIDER https://hacker-news.firebaseio.com/v0/item/23970328.json
08-05 00:41:23.313  1223  1274 D CustomInterceptor: HEADER REQUEST
08-05 00:41:23.313  1223  1274 D CustomInterceptor: Cache-Control max-age=300, max-stale=300
08-05 00:41:23.313  1223  1274 D CustomInterceptor: CACHED STATS: size = '100', maxSize = '100', hitCount = '147', createCount = '0', putCount = '126', evictionCount = '26', missCount = '140', toString = 'LruCache[maxSize=100,hits=147,misses=140,hitRate=51%]', 
08-05 00:41:23.314  1223  1274 D CustomInterceptor: PREFLIB NOT A GET REQUEST OR NOT IN CACHEGET
08-05 00:41:23.321  1223  1284 D CustomInterceptor: NETWORK-PROVIDER https://hacker-news.firebaseio.com/v0/item/23972119.json
08-05 00:41:23.323  1223  1284 D CustomInterceptor: HEADER REQUEST
08-05 00:41:23.323  1223  1284 D CustomInterceptor: Cache-Control max-age=300, max-stale=300
08-05 00:41:23.323  1223  1284 D CustomInterceptor: CACHED STATS: size = '100', maxSize = '100', hitCount = '147', createCount = '0', putCount = '126', evictionCount = '26', missCount = '141', toString = 'LruCache[maxSize=100,hits=147,misses=141,hitRate=51%]', 
08-05 00:41:23.324  1223  1284 D CustomInterceptor: PREFLIB NOT A GET REQUEST OR NOT IN CACHEGET
08-05 00:41:23.330  1223  1921 D CustomInterceptor: NETWORK-PROVIDER https://hacker-news.firebaseio.com/v0/item/23972630.json
08-05 00:41:23.332  1223  1921 D CustomInterceptor: HEADER REQUEST
08-05 00:41:23.332  1223  1921 D CustomInterceptor: Cache-Control max-age=300, max-stale=300
08-05 00:41:23.332  1223  1921 D CustomInterceptor: CACHED STATS: size = '100', maxSize = '100', hitCount = '147', createCount = '0', putCount = '126', evictionCount = '26', missCount = '142', toString = 'LruCache[maxSize=100,hits=147,misses=142,hitRate=50%]', 
08-05 00:41:23.332  1223  1921 D CustomInterceptor: PREFLIB NOT A GET REQUEST OR NOT IN CACHEGET
08-05 00:41:23.340  1223  1969 D CustomInterceptor: NETWORK-PROVIDER https://hacker-news.firebaseio.com/v0/item/23970449.json
08-05 00:41:23.343  1223  1969 D CustomInterceptor: HEADER REQUEST
08-05 00:41:23.343  1223  1969 D CustomInterceptor: Cache-Control max-age=300, max-stale=300
08-05 00:41:23.343  1223  1969 D CustomInterceptor: CACHED STATS: size = '100', maxSize = '100', hitCount = '147', createCount = '0', putCount = '126', evictionCount = '26', missCount = '143', toString = 'LruCache[maxSize=100,hits=147,misses=143,hitRate=50%]', 
08-05 00:41:23.343  1223  1969 D CustomInterceptor: PREFLIB NOT A GET REQUEST OR NOT IN CACHEGET
08-05 00:41:23.348  1223  1923 D CustomInterceptor: NETWORK-PROVIDER https://hacker-news.firebaseio.com/v0/item/23970249.json
08-05 00:41:23.350  1223  1923 D CustomInterceptor: HEADER REQUEST
08-05 00:41:23.350  1223  1923 D CustomInterceptor: Cache-Control max-age=300, max-stale=300
08-05 00:41:23.350  1223  1923 D CustomInterceptor: CACHED STATS: size = '100', maxSize = '100', hitCount = '147', createCount = '0', putCount = '126', evictionCount = '26', missCount = '144', toString = 'LruCache[maxSize=100,hits=147,misses=144,hitRate=50%]', 
08-05 00:41:23.350  1223  1923 D CustomInterceptor: PREFLIB NOT A GET REQUEST OR NOT IN CACHEGET
08-05 00:41:23.357  1223  1960 D CustomInterceptor: NETWORK-PROVIDER https://hacker-news.firebaseio.com/v0/item/23970033.json
08-05 00:41:23.359  1223  1960 D CustomInterceptor: HEADER REQUEST
08-05 00:41:23.359  1223  1960 D CustomInterceptor: Cache-Control max-age=300, max-stale=300
08-05 00:41:23.359  1223  1960 D CustomInterceptor: CACHED STATS: size = '100', maxSize = '100', hitCount = '147', createCount = '0', putCount = '126', evictionCount = '26', missCount = '145', toString = 'LruCache[maxSize=100,hits=147,misses=145,hitRate=50%]', 
08-05 00:41:23.359  1223  1960 D CustomInterceptor: PREFLIB NOT A GET REQUEST OR NOT IN CACHEGET
08-05 00:41:23.365  1223  1938 D CustomInterceptor: NETWORK-PROVIDER https://hacker-news.firebaseio.com/v0/item/23970828.json
08-05 00:41:23.367  1223  1938 D CustomInterceptor: HEADER REQUEST
08-05 00:41:23.367  1223  1938 D CustomInterceptor: Cache-Control max-age=300, max-stale=300
08-05 00:41:23.368  1223  1938 D CustomInterceptor: CACHED STATS: size = '100', maxSize = '100', hitCount = '147', createCount = '0', putCount = '126', evictionCount = '26', missCount = '146', toString = 'LruCache[maxSize=100,hits=147,misses=146,hitRate=50%]', 
08-05 00:41:23.368  1223  1938 D CustomInterceptor: PREFLIB NOT A GET REQUEST OR NOT IN CACHEGET
08-05 00:41:23.384  1223  1287 D CustomInterceptor: NETWORK-PROVIDER https://hacker-news.firebaseio.com/v0/item/23971108.json
08-05 00:41:23.386  1223  1287 D CustomInterceptor: HEADER REQUEST
08-05 00:41:23.386  1223  1287 D CustomInterceptor: Cache-Control max-age=300, max-stale=300
08-05 00:41:23.386  1223  1287 D CustomInterceptor: CACHED STATS: size = '100', maxSize = '100', hitCount = '147', createCount = '0', putCount = '126', evictionCount = '26', missCount = '147', toString = 'LruCache[maxSize=100,hits=147,misses=147,hitRate=50%]', 
08-05 00:41:23.386  1223  1287 D CustomInterceptor: PREFLIB NOT A GET REQUEST OR NOT IN CACHEGET
08-05 00:41:23.393  1223  1942 D CustomInterceptor: NETWORK-PROVIDER https://hacker-news.firebaseio.com/v0/item/23970872.json
08-05 00:41:23.395  1223  1942 D CustomInterceptor: HEADER REQUEST
08-05 00:41:23.395  1223  1942 D CustomInterceptor: Cache-Control max-age=300, max-stale=300
08-05 00:41:23.395  1223  1942 D CustomInterceptor: CACHED STATS: size = '100', maxSize = '100', hitCount = '147', createCount = '0', putCount = '126', evictionCount = '26', missCount = '148', toString = 'LruCache[maxSize=100,hits=147,misses=148,hitRate=49%]', 
08-05 00:41:23.395  1223  1942 D CustomInterceptor: PREFLIB NOT A GET REQUEST OR NOT IN CACHEGET
08-05 00:41:23.410  1223  1939 D CustomInterceptor: NETWORK-PROVIDER https://hacker-news.firebaseio.com/v0/item/23970045.json
08-05 00:41:23.412  1223  1939 D CustomInterceptor: HEADER REQUEST
08-05 00:41:23.412  1223  1939 D CustomInterceptor: Cache-Control max-age=300, max-stale=300
08-05 00:41:23.412  1223  1939 D CustomInterceptor: CACHED STATS: size = '100', maxSize = '100', hitCount = '147', createCount = '0', putCount = '126', evictionCount = '26', missCount = '149', toString = 'LruCache[maxSize=100,hits=147,misses=149,hitRate=49%]', 
08-05 00:41:23.412  1223  1939 D CustomInterceptor: PREFLIB NOT A GET REQUEST OR NOT IN CACHEGET
08-05 00:41:23.423  1223  1965 D CustomInterceptor: NETWORK-PROVIDER https://hacker-news.firebaseio.com/v0/item/23971223.json
08-05 00:41:23.425  1223  1965 D CustomInterceptor: HEADER REQUEST
08-05 00:41:23.425  1223  1965 D CustomInterceptor: Cache-Control max-age=300, max-stale=300
08-05 00:41:23.425  1223  1965 D CustomInterceptor: CACHED STATS: size = '100', maxSize = '100', hitCount = '147', createCount = '0', putCount = '126', evictionCount = '26', missCount = '150', toString = 'LruCache[maxSize=100,hits=147,misses=150,hitRate=49%]', 
08-05 00:41:23.425  1223  1965 D CustomInterceptor: PREFLIB NOT A GET REQUEST OR NOT IN CACHEGET
08-05 00:41:23.434  1223  1913 D CustomInterceptor: NETWORK-PROVIDER https://hacker-news.firebaseio.com/v0/item/23970306.json
08-05 00:41:23.436  1223  1913 D CustomInterceptor: HEADER REQUEST
08-05 00:41:23.436  1223  1913 D CustomInterceptor: Cache-Control max-age=300, max-stale=300
08-05 00:41:23.436  1223  1913 D CustomInterceptor: CACHED STATS: size = '100', maxSize = '100', hitCount = '147', createCount = '0', putCount = '126', evictionCount = '26', missCount = '151', toString = 'LruCache[maxSize=100,hits=147,misses=151,hitRate=49%]', 
08-05 00:41:23.436  1223  1913 D CustomInterceptor: PREFLIB NOT A GET REQUEST OR NOT IN CACHEGET
08-05 00:41:23.442  1223  1963 D CustomInterceptor: NETWORK-PROVIDER https://hacker-news.firebaseio.com/v0/item/23969975.json
08-05 00:41:23.444  1223  1963 D CustomInterceptor: HEADER REQUEST
08-05 00:41:23.444  1223  1963 D CustomInterceptor: Cache-Control max-age=300, max-stale=300
08-05 00:41:23.444  1223  1963 D CustomInterceptor: CACHED STATS: size = '100', maxSize = '100', hitCount = '147', createCount = '0', putCount = '126', evictionCount = '26', missCount = '152', toString = 'LruCache[maxSize=100,hits=147,misses=152,hitRate=49%]', 
08-05 00:41:23.444  1223  1963 D CustomInterceptor: PREFLIB NOT A GET REQUEST OR NOT IN CACHEGET
08-05 00:41:23.455  1223  1281 D CustomInterceptor: NETWORK-PROVIDER https://hacker-news.firebaseio.com/v0/item/23970589.json
08-05 00:41:23.462  1223  1281 D CustomInterceptor: HEADER REQUEST
08-05 00:41:23.462  1223  1281 D CustomInterceptor: Cache-Control max-age=300, max-stale=300
08-05 00:41:23.462  1223  1281 D CustomInterceptor: CACHED STATS: size = '100', maxSize = '100', hitCount = '147', createCount = '0', putCount = '126', evictionCount = '26', missCount = '153', toString = 'LruCache[maxSize=100,hits=147,misses=153,hitRate=49%]', 
08-05 00:41:23.462  1223  1281 D CustomInterceptor: PREFLIB NOT A GET REQUEST OR NOT IN CACHEGET
08-05 00:41:23.467  1223  1919 D CustomInterceptor: NETWORK-PROVIDER https://hacker-news.firebaseio.com/v0/item/23970048.json
08-05 00:41:23.469  1223  1919 D CustomInterceptor: HEADER REQUEST
08-05 00:41:23.469  1223  1919 D CustomInterceptor: Cache-Control max-age=300, max-stale=300
08-05 00:41:23.469  1223  1919 D CustomInterceptor: CACHED STATS: size = '100', maxSize = '100', hitCount = '147', createCount = '0', putCount = '126', evictionCount = '26', missCount = '154', toString = 'LruCache[maxSize=100,hits=147,misses=154,hitRate=48%]', 
08-05 00:41:23.469  1223  1919 D CustomInterceptor: PREFLIB NOT A GET REQUEST OR NOT IN CACHEGET
08-05 00:41:23.728  1223  1290 D CustomInterceptor: NETWORK-PROVIDER https://hacker-news.firebaseio.com/v0/item/23970236.json
08-05 00:41:23.730  1223  1290 D CustomInterceptor: HEADER REQUEST
08-05 00:41:23.730  1223  1290 D CustomInterceptor: Cache-Control max-age=300, max-stale=300
08-05 00:41:23.730  1223  1290 D CustomInterceptor: CACHED STATS: size = '100', maxSize = '100', hitCount = '147', createCount = '0', putCount = '126', evictionCount = '26', missCount = '155', toString = 'LruCache[maxSize=100,hits=147,misses=155,hitRate=48%]', 
08-05 00:41:23.731  1223  1290 D CustomInterceptor: PREFLIB GET REQUEST https://hacker-news.firebaseio.com/v0/item/23970236.json
08-05 00:41:23.731  1223  1290 D CustomInterceptor: PREFLIB found https://hacker-news.firebaseio.com/v0/item/23970236.json, sending it back
08-05 00:41:23.731  1223  1290 D CustomInterceptor: CONTENT {"by":"erichurkman","id":23970236,"kids":[23971214,23971557,23970862,23970298],"parent":23970041,"text":"It&#x27;s used not just by spammers, but by sales reps, too.<p>Dell recently did this to about half a dozen people on my team. &#x27;Q2 Budget Review&#x27;, which sounds official, but is really a Dell rep trying to sell you junk that magically pops up on your calendar _even if you mark their message as spam_.<p>Dirty way to get by executive assistants, too.","time":1595889428,"type":"comment"}
08-05 00:41:23.731  1223  1290 D CustomInterceptor: interceptor_finished : return_type #2 : request served from cache
08-05 00:41:23.736  1223  1282 D CustomInterceptor: NETWORK-PROVIDER https://hacker-news.firebaseio.com/v0/item/23970204.json
08-05 00:41:23.738  1223  1282 D CustomInterceptor: HEADER REQUEST
08-05 00:41:23.738  1223  1282 D CustomInterceptor: Cache-Control max-age=300, max-stale=300
08-05 00:41:23.738  1223  1282 D CustomInterceptor: CACHED STATS: size = '100', maxSize = '100', hitCount = '148', createCount = '0', putCount = '126', evictionCount = '26', missCount = '155', toString = 'LruCache[maxSize=100,hits=148,misses=155,hitRate=48%]', 
08-05 00:41:23.738  1223  1282 D CustomInterceptor: PREFLIB GET REQUEST https://hacker-news.firebaseio.com/v0/item/23970204.json
08-05 00:41:23.738  1223  1282 D CustomInterceptor: PREFLIB found https://hacker-news.firebaseio.com/v0/item/23970204.json, sending it back
08-05 00:41:23.738  1223  1282 D CustomInterceptor: CONTENT {"by":"aahhahahaaa","id":23970204,"kids":[23970271],"parent":23970041,"text":"They have not fixed it.<p>I wish I could turn off the feature entirely, but I still occasionally get Russian spam events on my calendar. They also try to notify me at ~3am (fortunately I turn notifications completely off at night).<p>The emails themselves land in my spam folder... but no one said &quot;hey, maybe calendar events shouldn&#x27;t be created from the spam folder&quot; at inception, so I guess it&#x27;ll never be implemented.<p>I report them as spam when I get them, but I also discovered that I can&#x27;t report calendar events as spam in the mobile app.","time":1595889206,"type":"comment"}
08-05 00:41:23.739  1223  1282 D CustomInterceptor: interceptor_finished : return_type #2 : request served from cache
08-05 00:41:23.744  1223  1916 D CustomInterceptor: NETWORK-PROVIDER https://hacker-news.firebaseio.com/v0/item/23970080.json
08-05 00:41:23.746  1223  1916 D CustomInterceptor: HEADER REQUEST
08-05 00:41:23.746  1223  1916 D CustomInterceptor: Cache-Control max-age=300, max-stale=300
08-05 00:41:23.746  1223  1916 D CustomInterceptor: CACHED STATS: size = '100', maxSize = '100', hitCount = '149', createCount = '0', putCount = '126', evictionCount = '26', missCount = '155', toString = 'LruCache[maxSize=100,hits=149,misses=155,hitRate=49%]', 
08-05 00:41:23.747  1223  1916 D CustomInterceptor: PREFLIB GET REQUEST https://hacker-news.firebaseio.com/v0/item/23970080.json
08-05 00:41:23.747  1223  1916 D CustomInterceptor: PREFLIB found https://hacker-news.firebaseio.com/v0/item/23970080.json, sending it back
08-05 00:41:23.747  1223  1916 D CustomInterceptor: CONTENT {"by":"mjayhn","id":23970080,"parent":23970041,"text":"This hit a bunch of us about a year ago, maybe two years, I forget. It was incredibly annoying and made me completely stop relying on gmail for calendar stuff.","time":1595888311,"type":"comment"}
08-05 00:41:23.747  1223  1916 D CustomInterceptor: interceptor_finished : return_type #2 : request served from cache
08-05 00:41:23.752  1223  1277 D CustomInterceptor: NETWORK-PROVIDER https://hacker-news.firebaseio.com/v0/item/23971544.json
08-05 00:41:23.754  1223  1277 D CustomInterceptor: HEADER REQUEST
08-05 00:41:23.754  1223  1277 D CustomInterceptor: Cache-Control max-age=300, max-stale=300
08-05 00:41:23.754  1223  1277 D CustomInterceptor: CACHED STATS: size = '100', maxSize = '100', hitCount = '150', createCount = '0', putCount = '126', evictionCount = '26', missCount = '155', toString = 'LruCache[maxSize=100,hits=150,misses=155,hitRate=49%]', 
08-05 00:41:23.755  1223  1277 D CustomInterceptor: PREFLIB GET REQUEST https://hacker-news.firebaseio.com/v0/item/23971544.json
08-05 00:41:23.755  1223  1277 D CustomInterceptor: PREFLIB found https://hacker-news.firebaseio.com/v0/item/23971544.json, sending it back
08-05 00:41:23.755  1223  1277 D CustomInterceptor: CONTENT {"by":"Simulacra","id":23971544,"kids":[23972258,23972889],"parent":23970041,"text":"Google has very little incentive to fix the problem, and outsourced support personnel have even less incentive to care. The entire google forums read like passing the buck.","time":1595901406,"type":"comment"}
08-05 00:41:23.755  1223  1277 D CustomInterceptor: interceptor_finished : return_type #2 : request served from cache
08-05 00:41:23.760  1223  1275 D CustomInterceptor: NETWORK-PROVIDER https://hacker-news.firebaseio.com/v0/item/23970864.json
08-05 00:41:23.762  1223  1275 D CustomInterceptor: HEADER REQUEST
08-05 00:41:23.762  1223  1275 D CustomInterceptor: Cache-Control max-age=300, max-stale=300
08-05 00:41:23.762  1223  1275 D CustomInterceptor: CACHED STATS: size = '100', maxSize = '100', hitCount = '151', createCount = '0', putCount = '126', evictionCount = '26', missCount = '155', toString = 'LruCache[maxSize=100,hits=151,misses=155,hitRate=49%]', 
08-05 00:41:23.762  1223  1275 D CustomInterceptor: PREFLIB GET REQUEST https://hacker-news.firebaseio.com/v0/item/23970864.json
08-05 00:41:23.762  1223  1275 D CustomInterceptor: PREFLIB found https://hacker-news.firebaseio.com/v0/item/23970864.json, sending it back
08-05 00:41:23.762  1223  1275 D CustomInterceptor: CONTENT {"by":"wincy","id":23970864,"parent":23970041,"text":"You just reminded me why I decoupled my google calendar from my iPhone calendar a few years ago. Just the other day I was thinking Id like them up, but something made me feel like I shouldnt...","time":1595895125,"type":"comment"}
08-05 00:41:23.763  1223  1275 D CustomInterceptor: interceptor_finished : return_type #2 : request served from cache
08-05 00:41:23.768  1223  1950 D CustomInterceptor: NETWORK-PROVIDER https://hacker-news.firebaseio.com/v0/item/23970366.json
08-05 00:41:23.770  1223  1950 D CustomInterceptor: HEADER REQUEST
08-05 00:41:23.770  1223  1950 D CustomInterceptor: Cache-Control max-age=300, max-stale=300
08-05 00:41:23.770  1223  1950 D CustomInterceptor: CACHED STATS: size = '100', maxSize = '100', hitCount = '152', createCount = '0', putCount = '126', evictionCount = '26', missCount = '155', toString = 'LruCache[maxSize=100,hits=152,misses=155,hitRate=49%]', 
08-05 00:41:23.770  1223  1950 D CustomInterceptor: PREFLIB GET REQUEST https://hacker-news.firebaseio.com/v0/item/23970366.json
08-05 00:41:23.770  1223  1950 D CustomInterceptor: PREFLIB found https://hacker-news.firebaseio.com/v0/item/23970366.json, sending it back
08-05 00:41:23.770  1223  1950 D CustomInterceptor: CONTENT {"by":"malwarebytess","id":23970366,"kids":[23970459],"parent":23970041,"text":"I still get this. It was bad enough on my &quot;sign up for shit&quot; email address that I had to disconnect that account from my smartphone because it kept spamming me with notifications in my calendar to &quot;earn $1500 a week working at home!&quot;","time":1595890440,"type":"comment"}
08-05 00:41:23.770  1223  1950 D CustomInterceptor: interceptor_finished : return_type #2 : request served from cache
08-05 00:41:23.777  1223  1957 D CustomInterceptor: NETWORK-PROVIDER https://hacker-news.firebaseio.com/v0/item/23970083.json
08-05 00:41:23.778  1223  1957 D CustomInterceptor: HEADER REQUEST
08-05 00:41:23.778  1223  1957 D CustomInterceptor: Cache-Control max-age=300, max-stale=300
08-05 00:41:23.779  1223  1957 D CustomInterceptor: CACHED STATS: size = '100', maxSize = '100', hitCount = '153', createCount = '0', putCount = '126', evictionCount = '26', missCount = '155', toString = 'LruCache[maxSize=100,hits=153,misses=155,hitRate=49%]', 
08-05 00:41:23.779  1223  1957 D CustomInterceptor: PREFLIB GET REQUEST https://hacker-news.firebaseio.com/v0/item/23970083.json
08-05 00:41:23.779  1223  1957 D CustomInterceptor: PREFLIB found https://hacker-news.firebaseio.com/v0/item/23970083.json, sending it back
08-05 00:41:23.779  1223  1957 D CustomInterceptor: CONTENT {"by":"dmurray","id":23970083,"parent":23970041,"text":"I used to get these in Russian (I don&#x27;t speak Russian and have no links with Russia). The worst part was I couldn&#x27;t delete them from the Android app, which is like probably everyone else the only place I ever see my Google calendar. The functionality to delete them was hidden at calendar.google.com or somewhere I&#x27;d never had occasion to use. I don&#x27;t get this spam any more, so I guess Google fixed it at some level.","time":1595888359,"type":"comment"}
08-05 00:41:23.779  1223  1957 D CustomInterceptor: interceptor_finished : return_type #2 : request served from cache
08-05 00:41:23.784  1223  1940 D CustomInterceptor: NETWORK-PROVIDER https://hacker-news.firebaseio.com/v0/item/23971815.json
08-05 00:41:23.786  1223  1940 D CustomInterceptor: HEADER REQUEST
08-05 00:41:23.786  1223  1940 D CustomInterceptor: Cache-Control max-age=300, max-stale=300
08-05 00:41:23.786  1223  1940 D CustomInterceptor: CACHED STATS: size = '100', maxSize = '100', hitCount = '154', createCount = '0', putCount = '126', evictionCount = '26', missCount = '155', toString = 'LruCache[maxSize=100,hits=154,misses=155,hitRate=49%]', 
08-05 00:41:23.786  1223  1940 D CustomInterceptor: PREFLIB GET REQUEST https://hacker-news.firebaseio.com/v0/item/23971815.json
08-05 00:41:23.786  1223  1940 D CustomInterceptor: PREFLIB found https://hacker-news.firebaseio.com/v0/item/23971815.json, sending it back
08-05 00:41:23.787  1223  1940 D CustomInterceptor: CONTENT {"by":"toss1","id":23971815,"kids":[23972704,23971966],"parent":23970041,"text":"Another lovely Google feature that lasted for about 10sec. after I discovered it:<p>Booked a flight, got the receipt through Gmail.  Google then auto-populated my calendar with the flights - fine.  They also populated it with a hotel reservation, and a link saying I hadn&#x27;t yet confirmed the reservation for Hilton.  I was going to stay with family, w&#x2F;no intention of staying in a hotel.  I couldn&#x27;t believe the blatant hijacking and spamming involved here from my private info - bad enough if they&#x27;d merely spammed a hotel advert for those dates.<p>Contacted Google, no way to turn it off without turning off the entire feature.  Done. Permanently.<p>I couldn&#x27;t believe anyone could think this was a good idea.","time":1595904352,"type":"comment"}
08-05 00:41:23.787  1223  1940 D CustomInterceptor: interceptor_finished : return_type #2 : request served from cache
08-05 00:41:23.792  1223  1958 D CustomInterceptor: NETWORK-PROVIDER https://hacker-news.firebaseio.com/v0/item/23972060.json
08-05 00:41:23.794  1223  1958 D CustomInterceptor: HEADER REQUEST
08-05 00:41:23.794  1223  1958 D CustomInterceptor: Cache-Control max-age=300, max-stale=300
08-05 00:41:23.794  1223  1958 D CustomInterceptor: CACHED STATS: size = '100', maxSize = '100', hitCount = '155', createCount = '0', putCount = '126', evictionCount = '26', missCount = '155', toString = 'LruCache[maxSize=100,hits=155,misses=155,hitRate=50%]', 
08-05 00:41:23.794  1223  1958 D CustomInterceptor: PREFLIB GET REQUEST https://hacker-news.firebaseio.com/v0/item/23972060.json
08-05 00:41:23.794  1223  1958 D CustomInterceptor: PREFLIB found https://hacker-news.firebaseio.com/v0/item/23972060.json, sending it back
08-05 00:41:23.794  1223  1958 D CustomInterceptor: CONTENT {"by":"ethagnawl","id":23972060,"parent":23970041,"text":"I&#x27;d been wondering about this phenomenon for years. However, it happened infrequently and was never enough of a bother to dig into.","time":1595907758,"type":"comment"}
08-05 00:41:23.794  1223  1958 D CustomInterceptor: interceptor_finished : return_type #2 : request served from cache
08-05 00:41:23.800  1223  1908 D CustomInterceptor: NETWORK-PROVIDER https://hacker-news.firebaseio.com/v0/item/23970116.json
08-05 00:41:23.802  1223  1908 D CustomInterceptor: HEADER REQUEST
08-05 00:41:23.802  1223  1908 D CustomInterceptor: Cache-Control max-age=300, max-stale=300
08-05 00:41:23.802  1223  1908 D CustomInterceptor: CACHED STATS: size = '100', maxSize = '100', hitCount = '156', createCount = '0', putCount = '126', evictionCount = '26', missCount = '155', toString = 'LruCache[maxSize=100,hits=156,misses=155,hitRate=50%]', 
08-05 00:41:23.802  1223  1908 D CustomInterceptor: PREFLIB GET REQUEST https://hacker-news.firebaseio.com/v0/item/23970116.json
08-05 00:41:23.802  1223  1908 D CustomInterceptor: PREFLIB found https://hacker-news.firebaseio.com/v0/item/23970116.json, sending it back
08-05 00:41:23.802  1223  1908 D CustomInterceptor: CONTENT {"by":"4kevinking","id":23970116,"kids":[23972495,23970275],"parent":23970041,"text":"I&#x27;m actually getting this spam now (started a couple months ago). Would love advice on how to get rid of it!","time":1595888613,"type":"comment"}
08-05 00:41:23.802  1223  1908 D CustomInterceptor: interceptor_finished : return_type #2 : request served from cache
08-05 00:41:23.810  1223  1285 D CustomInterceptor: NETWORK-PROVIDER https://hacker-news.firebaseio.com/v0/item/23969822.json
08-05 00:41:23.812  1223  1285 D CustomInterceptor: HEADER REQUEST
08-05 00:41:23.812  1223  1285 D CustomInterceptor: Cache-Control max-age=300, max-stale=300
08-05 00:41:23.812  1223  1285 D CustomInterceptor: CACHED STATS: size = '100', maxSize = '100', hitCount = '157', createCount = '0', putCount = '126', evictionCount = '26', missCount = '155', toString = 'LruCache[maxSize=100,hits=157,misses=155,hitRate=50%]', 
08-05 00:41:23.812  1223  1285 D CustomInterceptor: PREFLIB GET REQUEST https://hacker-news.firebaseio.com/v0/item/23969822.json
08-05 00:41:23.812  1223  1285 D CustomInterceptor: PREFLIB found https://hacker-news.firebaseio.com/v0/item/23969822.json, sending it back
08-05 00:41:23.812  1223  1285 D CustomInterceptor: CONTENT {"by":"pedrocx486","id":23969822,"kids":[23969892],"parent":23969718,"text":"Oh god. I got COMPLETELY derailed by this last month. My girlfriend&#x27;s son was using my tablet (which is logged on my main Google account) and recently I was being victim of this, and suddenly he asked me &quot;what&#x27;s a bussy?&quot;<p>I never logged my account out of an device so fast. Google needs to fix this crap.","time":1595886642,"type":"comment"}
08-05 00:41:23.812  1223  1285 D CustomInterceptor: interceptor_finished : return_type #2 : request served from cache
08-05 00:41:23.874  1223  1918 D CustomInterceptor: NETWORK-PROVIDER https://hacker-news.firebaseio.com/v0/item/23970303.json
08-05 00:41:23.879  1223  1918 D CustomInterceptor: HEADER REQUEST
08-05 00:41:23.879  1223  1918 D CustomInterceptor: Cache-Control max-age=300, max-stale=300
08-05 00:41:23.880  1223  1918 D CustomInterceptor: CACHED STATS: size = '100', maxSize = '100', hitCount = '158', createCount = '0', putCount = '126', evictionCount = '26', missCount = '155', toString = 'LruCache[maxSize=100,hits=158,misses=155,hitRate=50%]', 
08-05 00:41:23.880  1223  1918 D CustomInterceptor: PREFLIB GET REQUEST https://hacker-news.firebaseio.com/v0/item/23970303.json
08-05 00:41:23.880  1223  1918 D CustomInterceptor: PREFLIB found https://hacker-news.firebaseio.com/v0/item/23970303.json, sending it back
08-05 00:41:23.880  1223  1918 D CustomInterceptor: CONTENT {"by":"bgorman","id":23970303,"parent":23969718,"text":"I have been getting documents with titles that seem like pornography shared with me recently as well. It is truly infuriating because I can&#x27;t tell where they are coming from. It seems like this started around ~6 months ago. I think there is a report as spam option, but it doesn&#x27;t seem to have stopped the onslaught.","time":1595889894,"type":"comment"}
08-05 00:41:23.880  1223  1918 D CustomInterceptor: interceptor_finished : return_type #2 : request served from cache
08-05 00:41:23.883  1223  1952 D CustomInterceptor: NETWORK-PROVIDER https://hacker-news.firebaseio.com/v0/item/23972508.json
08-05 00:41:23.884  1223  1952 D CustomInterceptor: HEADER REQUEST
08-05 00:41:23.884  1223  1952 D CustomInterceptor: Cache-Control max-age=300, max-stale=300
08-05 00:41:23.885  1223  1952 D CustomInterceptor: CACHED STATS: size = '100', maxSize = '100', hitCount = '159', createCount = '0', putCount = '126', evictionCount = '26', missCount = '155', toString = 'LruCache[maxSize=100,hits=159,misses=155,hitRate=50%]', 
08-05 00:41:23.885  1223  1952 D CustomInterceptor: PREFLIB GET REQUEST https://hacker-news.firebaseio.com/v0/item/23972508.json
08-05 00:41:23.885  1223  1952 D CustomInterceptor: PREFLIB found https://hacker-news.firebaseio.com/v0/item/23972508.json, sending it back
08-05 00:41:23.885  1223  1952 D CustomInterceptor: CONTENT {"by":"ergocoder","id":23972508,"parent":23969718,"text":"I remember when Google&#x27;s facial recognized black people as gorillas.<p>They fixed it very quickly.<p>Showing &quot;eat my pussy baby&quot; to a young kid is obviously not as bad. &#x2F;s","time":1595913371,"type":"comment"}
08-05 00:41:23.885  1223  1952 D CustomInterceptor: interceptor_finished : return_type #2 : request served from cache
08-05 00:41:23.891  1223  1961 D CustomInterceptor: NETWORK-PROVIDER https://hacker-news.firebaseio.com/v0/item/23970795.json
08-05 00:41:23.892  1223  1961 D CustomInterceptor: HEADER REQUEST
08-05 00:41:23.892  1223  1961 D CustomInterceptor: Cache-Control max-age=300, max-stale=300
08-05 00:41:23.892  1223  1961 D CustomInterceptor: CACHED STATS: size = '100', maxSize = '100', hitCount = '160', createCount = '0', putCount = '126', evictionCount = '26', missCount = '155', toString = 'LruCache[maxSize=100,hits=160,misses=155,hitRate=50%]', 
08-05 00:41:23.893  1223  1961 D CustomInterceptor: PREFLIB NOT A GET REQUEST OR NOT IN CACHEGET
08-05 00:41:23.900  1223  1954 D CustomInterceptor: NETWORK-PROVIDER https://hacker-news.firebaseio.com/v0/item/23970196.json
08-05 00:41:23.902  1223  1954 D CustomInterceptor: HEADER REQUEST
08-05 00:41:23.902  1223  1954 D CustomInterceptor: Cache-Control max-age=300, max-stale=300
08-05 00:41:23.902  1223  1954 D CustomInterceptor: CACHED STATS: size = '100', maxSize = '100', hitCount = '160', createCount = '0', putCount = '126', evictionCount = '26', missCount = '156', toString = 'LruCache[maxSize=100,hits=160,misses=156,hitRate=50%]', 
08-05 00:41:23.902  1223  1954 D CustomInterceptor: PREFLIB NOT A GET REQUEST OR NOT IN CACHEGET
08-05 00:41:23.909  1223  1959 D CustomInterceptor: NETWORK-PROVIDER https://hacker-news.firebaseio.com/v0/item/23970050.json
08-05 00:41:23.910  1223  1959 D CustomInterceptor: HEADER REQUEST
08-05 00:41:23.910  1223  1959 D CustomInterceptor: Cache-Control max-age=300, max-stale=300
08-05 00:41:23.910  1223  1959 D CustomInterceptor: CACHED STATS: size = '100', maxSize = '100', hitCount = '160', createCount = '0', putCount = '126', evictionCount = '26', missCount = '157', toString = 'LruCache[maxSize=100,hits=160,misses=157,hitRate=50%]', 
08-05 00:41:23.910  1223  1959 D CustomInterceptor: PREFLIB NOT A GET REQUEST OR NOT IN CACHEGET
08-05 00:41:23.917  1223  1951 D CustomInterceptor: NETWORK-PROVIDER https://hacker-news.firebaseio.com/v0/item/23970388.json
08-05 00:41:23.918  1223  1951 D CustomInterceptor: HEADER REQUEST
08-05 00:41:23.918  1223  1951 D CustomInterceptor: Cache-Control max-age=300, max-stale=300
08-05 00:41:23.918  1223  1951 D CustomInterceptor: CACHED STATS: size = '100', maxSize = '100', hitCount = '160', createCount = '0', putCount = '126', evictionCount = '26', missCount = '158', toString = 'LruCache[maxSize=100,hits=160,misses=158,hitRate=50%]', 
08-05 00:41:23.918  1223  1951 D CustomInterceptor: PREFLIB NOT A GET REQUEST OR NOT IN CACHEGET
08-05 00:41:23.925  1223  1905 D CustomInterceptor: NETWORK-PROVIDER https://hacker-news.firebaseio.com/v0/item/23970705.json
08-05 00:41:23.927  1223  1905 D CustomInterceptor: HEADER REQUEST
08-05 00:41:23.927  1223  1905 D CustomInterceptor: Cache-Control max-age=300, max-stale=300
08-05 00:41:23.927  1223  1905 D CustomInterceptor: CACHED STATS: size = '100', maxSize = '100', hitCount = '160', createCount = '0', putCount = '126', evictionCount = '26', missCount = '159', toString = 'LruCache[maxSize=100,hits=160,misses=159,hitRate=50%]', 
08-05 00:41:23.927  1223  1905 D CustomInterceptor: PREFLIB NOT A GET REQUEST OR NOT IN CACHEGET
08-05 00:41:23.933  1223  1290 D CustomInterceptor: NETWORK-PROVIDER https://hacker-news.firebaseio.com/v0/item/23970244.json
08-05 00:41:23.934  1223  1290 D CustomInterceptor: HEADER REQUEST
08-05 00:41:23.934  1223  1290 D CustomInterceptor: Cache-Control max-age=300, max-stale=300
08-05 00:41:23.934  1223  1290 D CustomInterceptor: CACHED STATS: size = '100', maxSize = '100', hitCount = '160', createCount = '0', putCount = '126', evictionCount = '26', missCount = '160', toString = 'LruCache[maxSize=100,hits=160,misses=160,hitRate=50%]', 
08-05 00:41:23.934  1223  1290 D CustomInterceptor: PREFLIB NOT A GET REQUEST OR NOT IN CACHEGET
