--------- beginning of main
08-05 23:40:17.897 24365 28678 W GCM     : Unexpected forwarded intent: Intent { act=android.intent.action.PACKAGE_ADDED dat=package:baseline.com.ak.uobtimetable flg=0x4000010 cmp=com.google.android.gms/.chimera.PersistentIntentOperationService (has extras) }
08-05 23:40:17.901 24365 28680 W GCM     : Unexpected forwarded intent: Intent { act=android.intent.action.PACKAGE_ADDED dat=package:baseline.com.ak.uobtimetable flg=0x4000010 cmp=com.google.android.gms/.chimera.PersistentIntentOperationService (has extras) }
08-05 23:40:17.911 15866 15866 I Finsky  : [1] uah.a(18): PackageMonitorReceiverImpl - Received: android.intent.action.PACKAGE_ADDED, [jsPREe6yOOhrMreoEvcpPvP36yUmihacpIgcKsaLph8]
08-05 23:40:17.912 15866 15866 I Finsky  : [1] ubi.d(9): Invalidating cached PackageState for baseline.com.ak.uobtimetable
08-05 23:40:17.922 24577 28675 I Auth    : [SupervisedAccountIntentOperation] onHandleIntent(): android.intent.action.PACKAGE_ADDED
08-05 23:40:17.925 24577 28675 I ChromeSync: [Sync,SyncIntentOperation] Handling the intent: Intent { act=android.intent.action.PACKAGE_ADDED dat=package:baseline.com.ak.uobtimetable flg=0x4000010 cmp=com.google.android.gms/.chimera.GmsIntentOperationService (has extras) }.
08-05 23:40:17.927 15866 15866 I Finsky  : [1] lzi.c(2): Frosting ID looked up on UI thread. Caller should move to a background thread.
08-05 23:40:17.948 15866 15866 I Finsky  : [1] agsx.a(4): Do not start WearSupportService due to Wear service optimization
08-05 23:40:17.952 15866 15866 I Finsky  : [1] agsx.a(4): Do not start WearSupportService due to Wear service optimization
08-05 23:40:17.953 15866 15866 I Finsky  : [1] zko.a(1): Clearing split related stale data.
08-05 23:40:17.979 24577 28683 I FontLog : Package baseline.com.ak.uobtimetable has no metadata [CONTEXT service_id=132 ]
--------- beginning of system
08-05 23:40:17.991   918  6111 W ActivityManager: Unbind failed: could not find connection for android.os.BinderProxy@8438ff6
08-05 23:40:18.010   918  5132 I AccountManagerService: getTypesVisibleToCaller: isPermitted? true
08-05 23:40:18.020 24577 24621 E GmsClient: unable to connect to service: com.google.android.gms.auth.key.retrieval.service.START on com.google.android.gms
08-05 23:40:18.058 15866 28690 I Finsky  : [6622] eji.a(-1): Asset module storage cleared for package baseline.com.ak.uobtimetable.
08-05 23:40:18.060 15866 15866 I Finsky  : [1] lzi.c(2): Frosting ID looked up on UI thread. Caller should move to a background thread.
08-05 23:40:18.086   918  5132 I AccountManagerService: getTypesVisibleToCaller: isPermitted? true
08-05 23:40:18.091 24577 28675 I ChromeSync: [Persistence,AffiliationManager] One of affiliation or grouping data for android://bz0hZa4nAJEtd0n5sRlXG7KAqctUMWVefv7Ki4mh1p6slZ9YO-n9gS9j8m9YCrsIyI2wIxrDHraumF9Y6pBLTA==@baseline.com.ak.uobtimetable/ was not found. Marking affiliation data as stale...
08-05 23:40:18.154 15866 28684 I Finsky  : [6620] lyv.run(-1): Wrote row to frosting DB: 3010
08-05 23:40:18.165   918  5952 I AccountManagerService: getTypesVisibleToCaller: isPermitted? true
08-05 23:40:18.209 15866 28684 I Finsky  : [6620] lyv.run(-1): Wrote row to frosting DB: 3011
08-05 23:40:18.235 24577 13294 I Icing   : IndexChimeraService.getServiceInterface callingPackage=com.google.android.gms componentName=AppsCorpus serviceId=36
08-05 23:40:18.255 24577 18521 W Icing   : No valid account for uploading user actions
08-05 23:40:18.276 24577 13336 I Icing   : IndexChimeraService.getServiceInterface callingPackage=com.google.android.gms componentName=null serviceId=30
08-05 23:40:18.342 24577 18521 I Icing   : Usage reports ok 2, Failed Usage reports 0, indexed 0, rejected 0
08-05 23:40:18.346 24577 18521 W Icing   : No valid account for uploading user actions
08-05 23:40:18.347 24577 13336 I Icing   : IndexChimeraService.getServiceInterface callingPackage=com.google.android.gms componentName=null serviceId=36
08-05 23:40:18.359 24577 18521 I Icing   : Usage reports ok 0, Failed Usage reports 0, indexed 0, rejected 0
08-05 23:40:18.360 24577 18521 I Icing   : Indexing com.google.android.gms-internal.3p:MobileApplication from com.google.android.gms using seqno 763
08-05 23:40:18.392 24577 18521 W Icing   : No valid account for uploading user actions
08-05 23:40:18.394 15866 15866 I Finsky  : [1] xmu.a(8): SCH: Jobs in database: 1-1337 3-219 3-220 12-1 24-77777777 26-1414141414 
08-05 23:40:18.397 15866 15866 I Finsky  : [1] xio.a(57): SCH: ConstraintMapping: 24-77777777,  -> L: 0ms, D: 77392530ms, C: false, I: true, N: 0
08-05 23:40:18.398 15866 15866 I Finsky  : [1] xio.a(57): SCH: ConstraintMapping: 1-1337, 12-1,  -> L: 14569ms, D: 37534516ms, C: false, I: false, N: 1
08-05 23:40:18.398 15866 15866 I Finsky  : [1] xio.a(57): SCH: ConstraintMapping: 3-219,  -> L: 0ms, D: 69545127ms, C: false, I: true, N: 2
08-05 23:40:18.399 15866 15866 I Finsky  : [1] xio.a(57): SCH: ConstraintMapping: 3-220,  -> L: 0ms, D: 69545169ms, C: true, I: true, N: 2
08-05 23:40:18.400 15866 15866 I Finsky  : [1] xio.a(57): SCH: ConstraintMapping: 26-1414141414,  -> L: 42182423ms, D: 43082423ms, C: false, I: false, N: 0
08-05 23:40:18.402 15866 28689 I Finsky  : [6621] gzn.a(-1): [ContentSync] finished, scheduled=true
08-05 23:40:18.408 24577 18521 I Icing   : Usage reports ok 0, Failed Usage reports 0, indexed 0, rejected 0
08-05 23:40:18.421 15866 15866 I Finsky  : [1] xle.a(34): Cancelling existing jobscheduler jobs: 9003 9016 9000 9002 9017 9006 9004 9015 9005 9012 
08-05 23:40:18.422 15866 15866 I Finsky  : [1] xle.a(27): Scheduling job Id: 9001, L: 0, D: 77392530, C: false, I: true, N: 0
08-05 23:40:18.424 15866 15866 I Finsky  : [1] xle.a(27): Scheduling job Id: 9007, L: 14569, D: 37534516, C: false, I: false, N: 1
08-05 23:40:18.426 15866 15866 I Finsky  : [1] xle.a(27): Scheduling job Id: 9008, L: 0, D: 69545127, C: false, I: true, N: 2
08-05 23:40:18.427 15866 15866 I Finsky  : [1] xle.a(27): Scheduling job Id: 9009, L: 0, D: 69545169, C: true, I: true, N: 2
08-05 23:40:18.429 15866 15866 I Finsky  : [1] xle.a(27): Scheduling job Id: 9010, L: 42182423, D: 43082423, C: false, I: false, N: 0
08-05 23:40:18.430 15866 15866 I Finsky  : [1] xle.a(27): Scheduling job Id: 9011, L: 0, D: 77392530, C: false, I: true, N: 0
08-05 23:40:18.432 15866 15866 I Finsky  : [1] xle.a(27): Scheduling job Id: 9013, L: 14569, D: 37534516, C: false, I: false, N: 1
08-05 23:40:18.433 15866 15866 I Finsky  : [1] xle.a(27): Scheduling job Id: 9014, L: 0, D: 69545127, C: false, I: true, N: 2
08-05 23:40:18.435 15866 15866 I Finsky  : [1] xle.a(27): Scheduling job Id: 9018, L: 0, D: 69545169, C: true, I: true, N: 2
08-05 23:40:18.437 15866 15866 I Finsky  : [1] xle.a(27): Scheduling job Id: 9019, L: 42182423, D: 43082423, C: false, I: false, N: 0
08-05 23:40:18.463 28704 28704 D AndroidRuntime: >>>>>> START com.android.internal.os.RuntimeInit uid 2000 <<<<<<
08-05 23:40:18.467 28704 28704 D AndroidRuntime: CheckJNI is OFF
08-05 23:40:18.489 28704 28704 D ICU     : No timezone override file found: /data/misc/zoneinfo/current/icu/icu_tzdata.dat
08-05 23:40:18.516 28704 28704 I Radio-JNI: register_android_hardware_Radio DONE
08-05 23:40:18.532 28704 28704 D AndroidRuntime: Calling main entry com.android.commands.monkey.Monkey
08-05 23:40:18.548   918   931 W BroadcastQueue: Skipping deliver [background] BroadcastRecord{97a3965 u-1 android.net.conn.CONNECTIVITY_CHANGE} to ReceiverList{fa5663a 28704 (unknown name)/2000/u-1 remote:ad008cf}: process crashing
08-05 23:40:18.557   918   929 I ActivityManager: START u0 {act=android.intent.action.MAIN cat=[android.intent.category.LAUNCHER] flg=0x10200000 cmp=baseline.com.ak.uobtimetable/.MainActivity} from uid 2000 on display 0
08-05 23:40:18.577   918  3670 I ActivityManager: Start proc 28715:baseline.com.ak.uobtimetable/u0a710 for activity baseline.com.ak.uobtimetable/.MainActivity
08-05 23:40:18.578 28715 28715 I art     : Late-enabling -Xcheck:jni
08-05 23:40:18.580 28704 28704 I art     : System.exit called, status: 0
08-05 23:40:18.580 28704 28704 I AndroidRuntime: VM exiting with result code 0.
08-05 23:40:18.623 28715 28715 W System  : ClassLoader referenced unknown path: /data/app/baseline.com.ak.uobtimetable-1/lib/arm64
08-05 23:40:18.630 28715 28715 E Application: Can't init Bugsnag - No key
08-05 23:40:18.630 28715 28715 E Application: java.lang.Exception: Can't init Bugsnag - No key
08-05 23:40:18.630 28715 28715 E Application: 	at baseline.com.ak.uobtimetable.Utilities.Logging.Logger.error(Logger.java:79)
08-05 23:40:18.630 28715 28715 E Application: 	at baseline.com.ak.uobtimetable.MyApplication.onCreate(MyApplication.java:52)
08-05 23:40:18.630 28715 28715 E Application: 	at android.app.Instrumentation.callApplicationOnCreate(Instrumentation.java:1013)
08-05 23:40:18.630 28715 28715 E Application: 	at android.app.ActivityThread.handleBindApplication(ActivityThread.java:4707)
08-05 23:40:18.630 28715 28715 E Application: 	at android.app.ActivityThread.-wrap1(ActivityThread.java)
08-05 23:40:18.630 28715 28715 E Application: 	at android.app.ActivityThread$H.handleMessage(ActivityThread.java:1405)
08-05 23:40:18.630 28715 28715 E Application: 	at android.os.Handler.dispatchMessage(Handler.java:102)
08-05 23:40:18.630 28715 28715 E Application: 	at android.os.Looper.loop(Looper.java:148)
08-05 23:40:18.630 28715 28715 E Application: 	at android.app.ActivityThread.main(ActivityThread.java:5417)
08-05 23:40:18.630 28715 28715 E Application: 	at java.lang.reflect.Method.invoke(Native Method)
08-05 23:40:18.630 28715 28715 E Application: 	at com.android.internal.os.ZygoteInit$MethodAndArgsCaller.run(ZygoteInit.java:726)
08-05 23:40:18.630 28715 28715 E Application: 	at com.android.internal.os.ZygoteInit.main(ZygoteInit.java:616)
08-05 23:40:18.632 28715 28715 I Application: API level: 23
08-05 23:40:18.638 28715 28715 I Application: API level name: M
08-05 23:40:18.638 28715 28715 I Application: Target API level: 29
08-05 23:40:18.638 28715 28715 I Application: Git commit hash: d26bf1fa
08-05 23:40:18.638 28715 28715 I Application: Git branch: master
08-05 23:40:18.638 28715 28715 I Application: Build type: Debug
08-05 23:40:18.640 28715 28715 I Application: Build keys: Release
08-05 23:40:18.641 28715 28715 I Application: Version code: 21
08-05 23:40:18.641 28715 28715 I Application: Version name: 2.5
08-05 23:40:18.641 28715 28715 I Application: Build date: 22:30 03/08/20
08-05 23:40:18.642 28715 28715 I Application: Package update date: 23:40 05/08/20
08-05 23:40:18.642 28715 28715 I SettingsManager: Getting int: launchCount
08-05 23:40:18.642 28715 28715 I SettingsManager: Setting int: launchCount
08-05 23:40:18.655   918  6110 W BackupManagerService: dataChanged but no participant pkg='baseline.com.ak.uobtimetable' uid=10710
08-05 23:40:18.655 28715 28715 I Application: Launch count: 1
08-05 23:40:18.657 28715 28715 I Application: Network: TYPE_WIFI
08-05 23:40:18.657 28715 28715 I Application: Tablet layout: false
08-05 23:40:18.664 16458  3075 I PBSessionCacheImpl: Deleted sessionId[72384646105454640] from persistence.
08-05 23:40:18.667 16458 16488 W SearchServiceCore: Abort, client detached.
08-05 23:40:18.668 16458 16488 I MicroDetectionState: Should stop hotword detection immediately - true
08-05 23:40:18.673 28715 28715 W art     : Before Android 4.1, method android.graphics.PorterDuffColorFilter androidx.vectordrawable.graphics.drawable.VectorDrawableCompat.updateTintFilter(android.graphics.PorterDuffColorFilter, android.content.res.ColorStateList, android.graphics.PorterDuff$Mode) would have incorrectly overridden the package-private method in android.graphics.drawable.Drawable
08-05 23:40:18.685 28715 28715 I art     : Rejecting re-init on previously-failed class java.lang.Class<androidx.core.view.ViewCompat$OnUnhandledKeyEventListenerWrapper>
08-05 23:40:18.686 28715 28715 I art     : Rejecting re-init on previously-failed class java.lang.Class<androidx.core.view.ViewCompat$OnUnhandledKeyEventListenerWrapper>
08-05 23:40:18.745 28715 28715 D MainActivity: onCreate
08-05 23:40:18.745 28715 28715 I SettingsManager: Getting string: savedSessions
08-05 23:40:18.745 28715 28715 I Settings: No saved sessions
08-05 23:40:18.776 28715 28715 I SettingsManager: Getting string: savedCourse
08-05 23:40:18.778   918  5952 I ActivityManager: START u0 {flg=0x14000000 cmp=baseline.com.ak.uobtimetable/.WelcomeActivity} from uid 10710 on display 0
08-05 23:40:18.787 28715 28715 D MainActivity: OnResume
08-05 23:40:18.792 28715 28730 D OpenGLRenderer: Use EGL_SWAP_BEHAVIOR_PRESERVED: true
08-05 23:40:18.801 28715 28715 D MainActivity: OnPause
08-05 23:40:18.932 28715 28730 I Adreno  : QUALCOMM build                   : fcf4852, I1af360237c
08-05 23:40:18.932 28715 28730 I Adreno  : Build Date                       : 09/23/15
08-05 23:40:18.932 28715 28730 I Adreno  : OpenGL ES Shader Compiler Version: XE031.05.13.02
08-05 23:40:18.932 28715 28730 I Adreno  : Local Branch                     : mybranch14465806
08-05 23:40:18.932 28715 28730 I Adreno  : Remote Branch                    : quic/LA.BF64.1.2.9_v2
08-05 23:40:18.932 28715 28730 I Adreno  : Remote Branch                    : NONE
08-05 23:40:18.932 28715 28730 I Adreno  : Reconstruct Branch               : NOTHING
08-05 23:40:18.945 28715 28730 I OpenGLRenderer: Initialized EGL, version 1.4
08-05 23:40:19.147   918   936 I ActivityManager: Displayed baseline.com.ak.uobtimetable/.WelcomeActivity: +345ms (total +583ms)
08-05 23:40:19.150 13866 13866 I GoogleInputMethodServic: GoogleInputMethodService.onFinishInput():3138 
08-05 23:40:19.152 13866 13866 I GoogleInputMethodServic: GoogleInputMethodService.onStartInput():1808 
08-05 23:40:19.347 24577 18521 I Icing   : Indexing com.google.android.gms-apps from com.google.android.gms
08-05 23:40:19.373 28715 28715 D MainActivity: Saving state
08-05 23:40:19.435 24577 18521 I Icing   : Indexing done com.google.android.gms-apps
08-05 23:40:19.652 15866 15897 I Finsky  : [6071] ktr.run(-1): Stats for Executor: BlockingExecutor kvs@43d8fc2[Running, pool size = 1, active threads = 0, queued tasks = 0, completed tasks = 331]
08-05 23:40:19.652 15866 15897 I Finsky  : [6071] ktr.run(-1): Stats for Executor: LightweightExecutor kvs@20f81d3[Running, pool size = 4, active threads = 0, queued tasks = 0, completed tasks = 357]
08-05 23:40:20.190 28746 28746 D AndroidRuntime: >>>>>> START com.android.internal.os.RuntimeInit uid 2000 <<<<<<
08-05 23:40:20.197 28746 28746 D AndroidRuntime: CheckJNI is OFF
08-05 23:40:20.225 28746 28746 D ICU     : No timezone override file found: /data/misc/zoneinfo/current/icu/icu_tzdata.dat
08-05 23:40:20.252 28746 28746 I Radio-JNI: register_android_hardware_Radio DONE
08-05 23:40:20.269 28746 28746 D AndroidRuntime: Calling main entry com.android.commands.am.Am
08-05 23:40:20.281  3167  3167 I Trepn   : Trepn 6.2s: Received intent: com.quicinc.trepn.start_profiling
08-05 23:40:20.421  3167  3167 W FileUtils: Failed to chmod(/storage/emulated/0/trepn/Trepn_2020.08.05_234020.db): android.system.ErrnoException: chmod failed: EPERM (Operation not permitted)
08-05 23:40:20.573  3167  3167 I Trepn   : Trepn 6.2s: Trepn has Started Profiling.
08-05 23:40:20.575 28746 28746 D AndroidRuntime: Shutting down VM
08-05 23:40:20.646 15866 15897 I Finsky  : [6071] ktr.run(-1): Stats for Executor: bgExecutor kvs@65ac110[Running, pool size = 4, active threads = 0, queued tasks = 0, completed tasks = 1043]
08-05 23:40:21.046 28715 28728 I art     : Starting a blocking GC Explicit
08-05 23:40:21.071 28715 28728 I art     : Explicit concurrent mark sweep GC freed 3819(864KB) AllocSpace objects, 2(1340KB) LOS objects, 40% free, 21MB/36MB, paused 157us total 23.953ms
08-05 23:40:21.082 28715 28728 I art     : Starting a blocking GC Explicit
08-05 23:40:21.095 28715 28728 I art     : Explicit concurrent mark sweep GC freed 557(25KB) AllocSpace objects, 0(0B) LOS objects, 40% free, 21MB/36MB, paused 110us total 12.722ms
08-05 23:40:21.102 28715 28728 I art     : Starting a blocking GC Explicit
08-05 23:40:21.112 28715 28728 I art     : Explicit concurrent mark sweep GC freed 3(96B) AllocSpace objects, 0(0B) LOS objects, 40% free, 21MB/36MB, paused 93us total 10.070ms
08-05 23:40:21.118 28715 28728 I art     : Starting a blocking GC Explicit
08-05 23:40:21.129 28715 28728 I art     : Explicit concurrent mark sweep GC freed 3(96B) AllocSpace objects, 0(0B) LOS objects, 40% free, 21MB/36MB, paused 89us total 10.116ms
08-05 23:40:21.134 28715 28728 I art     : Starting a blocking GC Explicit
08-05 23:40:21.145 28715 28728 I art     : Explicit concurrent mark sweep GC freed 3(96B) AllocSpace objects, 0(0B) LOS objects, 40% free, 21MB/36MB, paused 88us total 10.177ms
08-05 23:40:21.421 28715 28727 I art     : Starting a blocking GC Explicit
08-05 23:40:21.434 28715 28727 I art     : Explicit concurrent mark sweep GC freed 1272(74KB) AllocSpace objects, 1(20KB) LOS objects, 40% free, 21MB/36MB, paused 119us total 12.586ms
08-05 23:40:21.440 28715 28727 I art     : Starting a blocking GC Explicit
08-05 23:40:21.451 28715 28727 I art     : Explicit concurrent mark sweep GC freed 18(624B) AllocSpace objects, 0(0B) LOS objects, 40% free, 21MB/36MB, paused 93us total 10.805ms
08-05 23:40:21.458 28715 28727 I art     : Starting a blocking GC Explicit
08-05 23:40:21.468 28715 28727 I art     : Explicit concurrent mark sweep GC freed 3(96B) AllocSpace objects, 0(0B) LOS objects, 40% free, 21MB/36MB, paused 89us total 10.484ms
08-05 23:40:21.474 28715 28727 I art     : Starting a blocking GC Explicit
08-05 23:40:21.485 28715 28727 I art     : Explicit concurrent mark sweep GC freed 3(96B) AllocSpace objects, 0(0B) LOS objects, 40% free, 21MB/36MB, paused 83us total 10.400ms
08-05 23:40:21.491 28715 28727 I art     : Starting a blocking GC Explicit
08-05 23:40:21.500 28715 28727 I art     : Explicit concurrent mark sweep GC freed 3(96B) AllocSpace objects, 0(0B) LOS objects, 40% free, 21MB/36MB, paused 87us total 9.549ms
08-05 23:40:21.757 28715 28728 I art     : Starting a blocking GC Explicit
08-05 23:40:21.770 28715 28728 I art     : Explicit concurrent mark sweep GC freed 1271(74KB) AllocSpace objects, 1(20KB) LOS objects, 40% free, 21MB/36MB, paused 113us total 12.681ms
08-05 23:40:21.777 28715 28728 I art     : Starting a blocking GC Explicit
08-05 23:40:21.788 28715 28728 I art     : Explicit concurrent mark sweep GC freed 18(624B) AllocSpace objects, 0(0B) LOS objects, 40% free, 21MB/36MB, paused 96us total 10.728ms
08-05 23:40:21.794 28715 28728 I art     : Starting a blocking GC Explicit
08-05 23:40:21.805 28715 28728 I art     : Explicit concurrent mark sweep GC freed 3(96B) AllocSpace objects, 0(0B) LOS objects, 40% free, 21MB/36MB, paused 89us total 10.605ms
08-05 23:40:21.811 28715 28728 I art     : Starting a blocking GC Explicit
08-05 23:40:21.821 28715 28728 I art     : Explicit concurrent mark sweep GC freed 3(96B) AllocSpace objects, 0(0B) LOS objects, 40% free, 21MB/36MB, paused 90us total 9.891ms
08-05 23:40:21.827 28715 28728 I art     : Starting a blocking GC Explicit
08-05 23:40:21.837 28715 28728 I art     : Explicit concurrent mark sweep GC freed 3(96B) AllocSpace objects, 0(0B) LOS objects, 40% free, 21MB/36MB, paused 83us total 10.092ms
08-05 23:40:22.159 28715 28727 I art     : Starting a blocking GC Explicit
08-05 23:40:22.176 28715 28727 I art     : Explicit concurrent mark sweep GC freed 1268(74KB) AllocSpace objects, 1(20KB) LOS objects, 40% free, 21MB/36MB, paused 150us total 17.186ms
08-05 23:40:22.186 28715 28727 I art     : Starting a blocking GC Explicit
08-05 23:40:22.198 28715 28727 I art     : Explicit concurrent mark sweep GC freed 18(624B) AllocSpace objects, 0(0B) LOS objects, 40% free, 21MB/36MB, paused 92us total 11.561ms
08-05 23:40:22.204 28715 28727 I art     : Starting a blocking GC Explicit
08-05 23:40:22.215 28715 28727 I art     : Explicit concurrent mark sweep GC freed 3(96B) AllocSpace objects, 0(0B) LOS objects, 40% free, 21MB/36MB, paused 96us total 10.673ms
08-05 23:40:22.222 28715 28727 I art     : Starting a blocking GC Explicit
08-05 23:40:22.232 28715 28727 I art     : Explicit concurrent mark sweep GC freed 3(96B) AllocSpace objects, 0(0B) LOS objects, 40% free, 21MB/36MB, paused 86us total 9.955ms
08-05 23:40:22.238 28715 28727 I art     : Starting a blocking GC Explicit
08-05 23:40:22.248 28715 28727 I art     : Explicit concurrent mark sweep GC freed 3(96B) AllocSpace objects, 0(0B) LOS objects, 40% free, 21MB/36MB, paused 101us total 9.919ms
08-05 23:40:22.537 28715 28728 I art     : Starting a blocking GC Explicit
08-05 23:40:22.552 28715 28728 I art     : Explicit concurrent mark sweep GC freed 1268(74KB) AllocSpace objects, 1(20KB) LOS objects, 40% free, 21MB/36MB, paused 177us total 15.163ms
08-05 23:40:22.561 28715 28728 I art     : Starting a blocking GC Explicit
08-05 23:40:22.572 28715 28728 I art     : Explicit concurrent mark sweep GC freed 18(624B) AllocSpace objects, 0(0B) LOS objects, 40% free, 21MB/36MB, paused 94us total 10.829ms
08-05 23:40:22.579 28715 28728 I art     : Starting a blocking GC Explicit
08-05 23:40:22.589 28715 28728 I art     : Explicit concurrent mark sweep GC freed 3(96B) AllocSpace objects, 0(0B) LOS objects, 40% free, 21MB/36MB, paused 91us total 10.520ms
08-05 23:40:22.595 28715 28728 I art     : Starting a blocking GC Explicit
08-05 23:40:22.605 28715 28728 I art     : Explicit concurrent mark sweep GC freed 3(96B) AllocSpace objects, 0(0B) LOS objects, 40% free, 21MB/36MB, paused 92us total 9.908ms
08-05 23:40:22.611 28715 28728 I art     : Starting a blocking GC Explicit
08-05 23:40:22.622 28715 28728 I art     : Explicit concurrent mark sweep GC freed 3(96B) AllocSpace objects, 0(0B) LOS objects, 40% free, 21MB/36MB, paused 90us total 10.234ms
08-05 23:40:22.923 28715 28727 I art     : Starting a blocking GC Explicit
08-05 23:40:22.939 28715 28727 I art     : Explicit concurrent mark sweep GC freed 1268(74KB) AllocSpace objects, 1(20KB) LOS objects, 40% free, 21MB/36MB, paused 123us total 15.614ms
08-05 23:40:22.948 28715 28727 I art     : Starting a blocking GC Explicit
08-05 23:40:22.959 28715 28727 I art     : Explicit concurrent mark sweep GC freed 18(624B) AllocSpace objects, 0(0B) LOS objects, 40% free, 21MB/36MB, paused 98us total 10.816ms
08-05 23:40:22.966 28715 28727 I art     : Starting a blocking GC Explicit
08-05 23:40:22.977 28715 28727 I art     : Explicit concurrent mark sweep GC freed 3(96B) AllocSpace objects, 0(0B) LOS objects, 40% free, 21MB/36MB, paused 91us total 10.669ms
08-05 23:40:22.982 28715 28727 I art     : Starting a blocking GC Explicit
08-05 23:40:22.993 28715 28727 I art     : Explicit concurrent mark sweep GC freed 3(96B) AllocSpace objects, 0(0B) LOS objects, 40% free, 21MB/36MB, paused 95us total 10.241ms
08-05 23:40:22.999 28715 28727 I art     : Starting a blocking GC Explicit
08-05 23:40:23.008 28715 28727 I art     : Explicit concurrent mark sweep GC freed 3(96B) AllocSpace objects, 0(0B) LOS objects, 40% free, 21MB/36MB, paused 86us total 9.501ms
08-05 23:40:23.304 28715 28728 I art     : Starting a blocking GC Explicit
08-05 23:40:23.320 28715 28728 I art     : Explicit concurrent mark sweep GC freed 1268(74KB) AllocSpace objects, 1(20KB) LOS objects, 40% free, 21MB/36MB, paused 122us total 15.656ms
08-05 23:40:23.330 28715 28728 I art     : Starting a blocking GC Explicit
08-05 23:40:23.343 28715 28728 I art     : Explicit concurrent mark sweep GC freed 18(624B) AllocSpace objects, 0(0B) LOS objects, 40% free, 21MB/36MB, paused 95us total 12.959ms
08-05 23:40:23.349 28715 28728 I art     : Starting a blocking GC Explicit
08-05 23:40:23.360 28715 28728 I art     : Explicit concurrent mark sweep GC freed 3(96B) AllocSpace objects, 0(0B) LOS objects, 40% free, 21MB/36MB, paused 91us total 10.387ms
08-05 23:40:23.366 28715 28728 I art     : Starting a blocking GC Explicit
08-05 23:40:23.376 28715 28728 I art     : Explicit concurrent mark sweep GC freed 3(96B) AllocSpace objects, 0(0B) LOS objects, 40% free, 21MB/36MB, paused 84us total 10.383ms
08-05 23:40:23.383 28715 28728 I art     : Starting a blocking GC Explicit
08-05 23:40:23.392 28715 28728 I art     : Explicit concurrent mark sweep GC freed 3(96B) AllocSpace objects, 0(0B) LOS objects, 40% free, 21MB/36MB, paused 86us total 9.490ms
08-05 23:40:23.706 28715 28727 I art     : Starting a blocking GC Explicit
08-05 23:40:23.726 28715 28727 I art     : Explicit concurrent mark sweep GC freed 1268(74KB) AllocSpace objects, 1(20KB) LOS objects, 40% free, 21MB/36MB, paused 136us total 18.888ms
08-05 23:40:23.737 28715 28727 I art     : Starting a blocking GC Explicit
08-05 23:40:23.750 28715 28727 I art     : Explicit concurrent mark sweep GC freed 18(624B) AllocSpace objects, 0(0B) LOS objects, 40% free, 21MB/36MB, paused 106us total 13.043ms
08-05 23:40:23.760 28715 28727 I art     : Starting a blocking GC Explicit
08-05 23:40:23.770 28715 28727 I art     : Explicit concurrent mark sweep GC freed 3(96B) AllocSpace objects, 0(0B) LOS objects, 40% free, 21MB/36MB, paused 87us total 9.953ms
08-05 23:40:23.776 28715 28727 I art     : Starting a blocking GC Explicit
08-05 23:40:23.786 28715 28727 I art     : Explicit concurrent mark sweep GC freed 3(96B) AllocSpace objects, 0(0B) LOS objects, 40% free, 21MB/36MB, paused 91us total 9.911ms
08-05 23:40:23.792 28715 28727 I art     : Starting a blocking GC Explicit
08-05 23:40:23.802 28715 28727 I art     : Explicit concurrent mark sweep GC freed 3(96B) AllocSpace objects, 0(0B) LOS objects, 40% free, 21MB/36MB, paused 86us total 10.014ms
08-05 23:40:24.112 28715 28728 I art     : Starting a blocking GC Explicit
08-05 23:40:24.131 28715 28728 I art     : Explicit concurrent mark sweep GC freed 1268(74KB) AllocSpace objects, 1(20KB) LOS objects, 40% free, 21MB/36MB, paused 137us total 18.700ms
08-05 23:40:24.141 28715 28728 I art     : Starting a blocking GC Explicit
08-05 23:40:24.154 28715 28728 I art     : Explicit concurrent mark sweep GC freed 18(624B) AllocSpace objects, 0(0B) LOS objects, 40% free, 21MB/36MB, paused 98us total 12.613ms
08-05 23:40:24.162 28715 28728 I art     : Starting a blocking GC Explicit
08-05 23:40:24.172 28715 28728 I art     : Explicit concurrent mark sweep GC freed 3(96B) AllocSpace objects, 0(0B) LOS objects, 40% free, 21MB/36MB, paused 86us total 9.664ms
08-05 23:40:24.177 28715 28728 I art     : Starting a blocking GC Explicit
08-05 23:40:24.188 28715 28728 I art     : Explicit concurrent mark sweep GC freed 3(96B) AllocSpace objects, 0(0B) LOS objects, 40% free, 21MB/36MB, paused 90us total 10.105ms
08-05 23:40:24.194 28715 28728 I art     : Starting a blocking GC Explicit
08-05 23:40:24.203 28715 28728 I art     : Explicit concurrent mark sweep GC freed 3(96B) AllocSpace objects, 0(0B) LOS objects, 40% free, 21MB/36MB, paused 85us total 9.530ms
08-05 23:40:24.492 28715 28727 I art     : Starting a blocking GC Explicit
08-05 23:40:24.503 28715 28727 I art     : Explicit concurrent mark sweep GC freed 1268(74KB) AllocSpace objects, 1(20KB) LOS objects, 40% free, 21MB/36MB, paused 92us total 11.005ms
08-05 23:40:24.509 28715 28727 I art     : Starting a blocking GC Explicit
08-05 23:40:24.519 28715 28727 I art     : Explicit concurrent mark sweep GC freed 18(624B) AllocSpace objects, 0(0B) LOS objects, 40% free, 21MB/36MB, paused 84us total 9.822ms
08-05 23:40:24.524 28715 28727 I art     : Starting a blocking GC Explicit
08-05 23:40:24.534 28715 28727 I art     : Explicit concurrent mark sweep GC freed 3(96B) AllocSpace objects, 0(0B) LOS objects, 40% free, 21MB/36MB, paused 82us total 9.022ms
08-05 23:40:24.539 28715 28727 I art     : Starting a blocking GC Explicit
08-05 23:40:24.548 28715 28727 I art     : Explicit concurrent mark sweep GC freed 3(96B) AllocSpace objects, 0(0B) LOS objects, 40% free, 21MB/36MB, paused 80us total 8.620ms
08-05 23:40:24.553 28715 28727 I art     : Starting a blocking GC Explicit
08-05 23:40:24.562 28715 28727 I art     : Explicit concurrent mark sweep GC freed 3(96B) AllocSpace objects, 0(0B) LOS objects, 40% free, 21MB/36MB, paused 76us total 8.505ms
08-05 23:40:24.824 28715 28728 I art     : Starting a blocking GC Explicit
08-05 23:40:24.837 28715 28728 I art     : Explicit concurrent mark sweep GC freed 1268(74KB) AllocSpace objects, 1(20KB) LOS objects, 40% free, 21MB/36MB, paused 119us total 12.816ms
08-05 23:40:24.847 28715 28728 I art     : Starting a blocking GC Explicit
08-05 23:40:24.858 28715 28728 I art     : Explicit concurrent mark sweep GC freed 18(624B) AllocSpace objects, 0(0B) LOS objects, 40% free, 21MB/36MB, paused 90us total 10.940ms
08-05 23:40:24.864 28715 28728 I art     : Starting a blocking GC Explicit
08-05 23:40:24.874 28715 28728 I art     : Explicit concurrent mark sweep GC freed 3(96B) AllocSpace objects, 0(0B) LOS objects, 40% free, 21MB/36MB, paused 89us total 9.461ms
08-05 23:40:24.879 28715 28728 I art     : Starting a blocking GC Explicit
08-05 23:40:24.889 28715 28728 I art     : Explicit concurrent mark sweep GC freed 3(96B) AllocSpace objects, 0(0B) LOS objects, 40% free, 21MB/36MB, paused 84us total 9.423ms
08-05 23:40:24.895 28715 28728 I art     : Starting a blocking GC Explicit
08-05 23:40:24.904 28715 28728 I art     : Explicit concurrent mark sweep GC freed 3(96B) AllocSpace objects, 0(0B) LOS objects, 40% free, 21MB/36MB, paused 77us total 9.415ms
08-05 23:40:25.200 28715 28727 I art     : Starting a blocking GC Explicit
08-05 23:40:25.215 28715 28727 I art     : Explicit concurrent mark sweep GC freed 1268(74KB) AllocSpace objects, 1(20KB) LOS objects, 40% free, 21MB/36MB, paused 120us total 14.841ms
08-05 23:40:25.226 28715 28727 I art     : Starting a blocking GC Explicit
08-05 23:40:25.236 28715 28727 I art     : Explicit concurrent mark sweep GC freed 18(624B) AllocSpace objects, 0(0B) LOS objects, 40% free, 21MB/36MB, paused 92us total 10.465ms
08-05 23:40:25.243 28715 28727 I art     : Starting a blocking GC Explicit
08-05 23:40:25.253 28715 28727 I art     : Explicit concurrent mark sweep GC freed 3(96B) AllocSpace objects, 0(0B) LOS objects, 40% free, 21MB/36MB, paused 92us total 10.317ms
08-05 23:40:25.259 28715 28727 I art     : Starting a blocking GC Explicit
08-05 23:40:25.269 28715 28727 I art     : Explicit concurrent mark sweep GC freed 3(96B) AllocSpace objects, 0(0B) LOS objects, 40% free, 21MB/36MB, paused 79us total 9.806ms
08-05 23:40:25.275 28715 28727 I art     : Starting a blocking GC Explicit
08-05 23:40:25.284 28715 28727 I art     : Explicit concurrent mark sweep GC freed 3(96B) AllocSpace objects, 0(0B) LOS objects, 40% free, 21MB/36MB, paused 81us total 9.316ms
08-05 23:40:25.529 28715 28728 I art     : Starting a blocking GC Explicit
08-05 23:40:25.540 28715 28728 I art     : Explicit concurrent mark sweep GC freed 1268(74KB) AllocSpace objects, 1(20KB) LOS objects, 40% free, 21MB/36MB, paused 99us total 10.191ms
08-05 23:40:25.546 28715 28728 I art     : Starting a blocking GC Explicit
08-05 23:40:25.556 28715 28728 I art     : Explicit concurrent mark sweep GC freed 18(624B) AllocSpace objects, 0(0B) LOS objects, 40% free, 21MB/36MB, paused 98us total 9.968ms
08-05 23:40:25.562 28715 28728 I art     : Starting a blocking GC Explicit
08-05 23:40:25.572 28715 28728 I art     : Explicit concurrent mark sweep GC freed 3(96B) AllocSpace objects, 0(0B) LOS objects, 40% free, 21MB/36MB, paused 88us total 9.231ms
08-05 23:40:25.577 28715 28728 I art     : Starting a blocking GC Explicit
08-05 23:40:25.587 28715 28728 I art     : Explicit concurrent mark sweep GC freed 3(96B) AllocSpace objects, 0(0B) LOS objects, 40% free, 21MB/36MB, paused 88us total 9.903ms
08-05 23:40:25.593 28715 28728 I art     : Starting a blocking GC Explicit
08-05 23:40:25.602 28715 28728 I art     : Explicit concurrent mark sweep GC freed 3(96B) AllocSpace objects, 0(0B) LOS objects, 40% free, 21MB/36MB, paused 87us total 9.550ms
08-05 23:40:25.677 28892 28892 D AndroidRuntime: >>>>>> START com.android.internal.os.RuntimeInit uid 2000 <<<<<<
08-05 23:40:25.681 28892 28892 D AndroidRuntime: CheckJNI is OFF
08-05 23:40:25.708 28892 28892 D ICU     : No timezone override file found: /data/misc/zoneinfo/current/icu/icu_tzdata.dat
08-05 23:40:25.733 28892 28892 I Radio-JNI: register_android_hardware_Radio DONE
08-05 23:40:25.750 28892 28892 D AndroidRuntime: Calling main entry com.android.commands.input.Input
08-05 23:40:25.751 28892 28892 I Input   : injectMotionEvent: MotionEvent { action=ACTION_DOWN, actionButton=0, id[0]=0, x[0]=711.0, y[0]=1664.0, toolType[0]=TOOL_TYPE_UNKNOWN, buttonState=0, metaState=0, flags=0x0, edgeFlags=0x0, pointerCount=1, historySize=0, eventTime=834042164, downTime=834042164, deviceId=0, source=0x1002 }
08-05 23:40:25.757 28892 28892 I Input   : injectMotionEvent: MotionEvent { action=ACTION_UP, actionButton=0, id[0]=0, x[0]=711.0, y[0]=1664.0, toolType[0]=TOOL_TYPE_UNKNOWN, buttonState=0, metaState=0, flags=0x0, edgeFlags=0x0, pointerCount=1, historySize=0, eventTime=834042164, downTime=834042164, deviceId=0, source=0x1002 }
08-05 23:40:25.758 28892 28892 D AndroidRuntime: Shutting down VM
08-05 23:40:25.770   918   929 I ActivityManager: START u0 {flg=0x14000000 cmp=baseline.com.ak.uobtimetable/.CourseListActivity} from uid 10710 on display 0
08-05 23:40:25.770   512  2967 D audio_hw_primary: out_set_parameters: enter: usecase(1: low-latency-playback) kvpairs: routing=2
08-05 23:40:25.783   512  2967 D audio_hw_primary: select_devices: out_snd_device(2: speaker) in_snd_device(0: none)
08-05 23:40:25.783   512  2967 D msm8974_platform: platform_send_audio_calibration: sending audio calibration for snd_device(2) acdb_id(15)
08-05 23:40:25.784   512  2967 I soundtrigger: audio_extn_sound_trigger_update_device_status: device 0x2 of type 0 for Event 1
08-05 23:40:25.797   512  2967 D audio_hw_primary: enable_snd_device: snd_device(2: speaker)
08-05 23:40:25.798   512  2967 D audio_hw_primary: enable_audio_route: apply and update mixer path: low-latency-playback speaker
08-05 23:40:25.812 28715 28715 D CourseListActivity: onCreate
08-05 23:40:25.839 28715 28926 D HTTP    : Request for: https://uob-timetable-api.adriankeenan.co.uk/courses
08-05 23:40:25.849 28715 28727 I art     : Starting a blocking GC Explicit
08-05 23:40:25.861 28715 28727 I art     : Explicit concurrent mark sweep GC freed 4661(372KB) AllocSpace objects, 1(20KB) LOS objects, 40% free, 22MB/37MB, paused 141us total 11.951ms
08-05 23:40:25.866 28715 28727 I art     : Starting a blocking GC Explicit
08-05 23:40:25.877 28715 28727 I art     : Explicit concurrent mark sweep GC freed 371(18KB) AllocSpace objects, 0(0B) LOS objects, 40% free, 22MB/36MB, paused 156us total 10.787ms
08-05 23:40:25.883 28715 28727 I art     : Starting a blocking GC Explicit
08-05 23:40:25.895 28715 28727 I art     : Explicit concurrent mark sweep GC freed 112(4KB) AllocSpace objects, 0(0B) LOS objects, 40% free, 22MB/37MB, paused 178us total 11.803ms
08-05 23:40:25.901 28715 28727 I art     : Starting a blocking GC Explicit
08-05 23:40:25.913 28715 28727 I art     : Explicit concurrent mark sweep GC freed 14(448B) AllocSpace objects, 0(0B) LOS objects, 40% free, 22MB/37MB, paused 196us total 12.168ms
08-05 23:40:25.916   918   936 I ActivityManager: Displayed baseline.com.ak.uobtimetable/.CourseListActivity: +137ms
08-05 23:40:25.917 13866 13866 I GoogleInputMethodServic: GoogleInputMethodService.onFinishInput():3138 
08-05 23:40:25.919 13866 13866 I GoogleInputMethodServic: GoogleInputMethodService.onStartInput():1808 
08-05 23:40:25.920 28715 28727 I art     : Starting a blocking GC Explicit
08-05 23:40:25.934 28715 28727 I art     : Explicit concurrent mark sweep GC freed 112(6KB) AllocSpace objects, 0(0B) LOS objects, 40% free, 22MB/37MB, paused 257us total 13.329ms
08-05 23:40:25.942 28715 28730 D OpenGLRenderer: endAllStagingAnimators on 0x7f949e8000 (RippleDrawable) with handle 0x7f99f07a20
08-05 23:40:26.155 26613 26613 I Atfwd_Sendcmd: AtCmdFwd service not ready - Exhausted retry attempts - :6
08-05 23:40:26.156 26613 26613 I Atfwd_Daemon: result : -1 	 ,Init step :2 	 ,qmiErrorCode: 0
08-05 23:40:26.158 28715 28727 I art     : Starting a blocking GC Explicit
08-05 23:40:26.173 28715 28727 I art     : Explicit concurrent mark sweep GC freed 1428(87KB) AllocSpace objects, 1(20KB) LOS objects, 40% free, 22MB/37MB, paused 173us total 15.061ms
08-05 23:40:26.182 28715 28727 I art     : Starting a blocking GC Explicit
08-05 23:40:26.193 28715 28727 I art     : Explicit concurrent mark sweep GC freed 28(944B) AllocSpace objects, 0(0B) LOS objects, 40% free, 22MB/37MB, paused 130us total 10.500ms
08-05 23:40:26.199 28715 28727 I art     : Starting a blocking GC Explicit
08-05 23:40:26.209 28715 28727 I art     : Explicit concurrent mark sweep GC freed 4(128B) AllocSpace objects, 0(0B) LOS objects, 40% free, 22MB/37MB, paused 125us total 10.242ms
08-05 23:40:26.215 28715 28727 I art     : Starting a blocking GC Explicit
08-05 23:40:26.225 28715 28727 I art     : Explicit concurrent mark sweep GC freed 4(128B) AllocSpace objects, 0(0B) LOS objects, 40% free, 22MB/37MB, paused 125us total 10.333ms
08-05 23:40:26.231 28715 28727 I art     : Starting a blocking GC Explicit
08-05 23:40:26.242 28715 28727 I art     : Explicit concurrent mark sweep GC freed 539(51KB) AllocSpace objects, 0(0B) LOS objects, 40% free, 22MB/37MB, paused 183us total 10.872ms
08-05 23:40:26.317 28715 28926 I NAPPA_EXPERIMENTATION: MetricNetworkRequestExecutionTime: REQUEST_DURATION_SYSTEM='474',REQUEST_DURATION_OKHTTP='36',REQUEST_SYNCHRONOUS='TRUE',RESPONSE_CODE='200',RESPONSE_METHOD='GET',RESPONSE_LENGTH_OKHTTP='-1',RESPONSE_LENGTH_HEADER='-2',REQUEST_PROTOCOL='http/1.1',REQUEST_URL='https://uob-timetable-api.adriankeenan.co.uk/courses',
08-05 23:40:26.339   512  2967 D audio_hw_primary: disable_audio_route: reset and update mixer path: low-latency-playback speaker
08-05 23:40:26.341   512  2967 D audio_hw_primary: disable_snd_device: snd_device(2: speaker)
08-05 23:40:26.349   512  2967 I soundtrigger: audio_extn_sound_trigger_update_device_status: device 0x2 of type 0 for Event 0
08-05 23:40:26.487 28715 28927 I art     : Starting a blocking GC Explicit
08-05 23:40:26.500 28715 28927 I art     : Explicit concurrent mark sweep GC freed 42(2560B) AllocSpace objects, 0(0B) LOS objects, 26% free, 44MB/60MB, paused 190us total 13.139ms
08-05 23:40:26.507 28715 28927 I art     : Starting a blocking GC Explicit
08-05 23:40:26.519 28715 28927 I art     : Explicit concurrent mark sweep GC freed 12(448B) AllocSpace objects, 0(0B) LOS objects, 26% free, 44MB/60MB, paused 159us total 11.780ms
08-05 23:40:26.525 28715 28927 I art     : Starting a blocking GC Explicit
08-05 23:40:26.536 28715 28927 I art     : Explicit concurrent mark sweep GC freed 12(448B) AllocSpace objects, 0(0B) LOS objects, 26% free, 44MB/60MB, paused 134us total 10.523ms
08-05 23:40:26.542 28715 28927 I art     : Starting a blocking GC Explicit
08-05 23:40:26.552 28715 28927 I art     : Explicit concurrent mark sweep GC freed 12(448B) AllocSpace objects, 0(0B) LOS objects, 26% free, 44MB/60MB, paused 133us total 10.305ms
08-05 23:40:26.558 28715 28927 I art     : Starting a blocking GC Explicit
08-05 23:40:26.568 28715 28927 I art     : Explicit concurrent mark sweep GC freed 12(448B) AllocSpace objects, 0(0B) LOS objects, 26% free, 44MB/60MB, paused 167us total 10.230ms
08-05 23:40:26.658 28715 28926 I HTTP    : Response was compressed.
08-05 23:40:26.828 28715 28728 I art     : Starting a blocking GC Explicit
08-05 23:40:26.845 28715 28728 I art     : Explicit concurrent mark sweep GC freed 55412(2MB) AllocSpace objects, 0(0B) LOS objects, 29% free, 38MB/54MB, paused 241us total 17.533ms
08-05 23:40:26.853 28715 28728 I art     : Starting a blocking GC Explicit
08-05 23:40:26.868 28715 28728 I art     : Explicit concurrent mark sweep GC freed 13661(640KB) AllocSpace objects, 0(0B) LOS objects, 29% free, 38MB/54MB, paused 361us total 14.657ms
08-05 23:40:26.875 28715 28728 I art     : Starting a blocking GC Explicit
08-05 23:40:26.889 28715 28728 I art     : Explicit concurrent mark sweep GC freed 10994(512KB) AllocSpace objects, 0(0B) LOS objects, 29% free, 38MB/54MB, paused 213us total 14.569ms
08-05 23:40:26.896 28715 28728 I art     : Starting a blocking GC Explicit
08-05 23:40:26.909 28715 28728 I art     : Explicit concurrent mark sweep GC freed 10665(498KB) AllocSpace objects, 0(0B) LOS objects, 29% free, 38MB/54MB, paused 228us total 13.470ms
08-05 23:40:26.915 28715 28728 I art     : Starting a blocking GC Explicit
08-05 23:40:26.929 28715 28728 I art     : Explicit concurrent mark sweep GC freed 10859(513KB) AllocSpace objects, 0(0B) LOS objects, 29% free, 38MB/54MB, paused 214us total 13.167ms
08-05 23:40:27.200 28715 28728 I art     : Starting a blocking GC Explicit
08-05 23:40:27.237 28715 28728 I art     : Explicit concurrent mark sweep GC freed 161726(7MB) AllocSpace objects, 1(20KB) LOS objects, 28% free, 40MB/56MB, paused 344us total 36.488ms
08-05 23:40:27.247 28715 28728 I art     : Starting a blocking GC Explicit
08-05 23:40:27.264 28715 28728 I art     : Explicit concurrent mark sweep GC freed 19624(923KB) AllocSpace objects, 0(0B) LOS objects, 28% free, 39MB/55MB, paused 266us total 17.104ms
08-05 23:40:27.272 28715 28728 I art     : Starting a blocking GC Explicit
08-05 23:40:27.290 28715 28728 I art     : Explicit concurrent mark sweep GC freed 13748(650KB) AllocSpace objects, 0(0B) LOS objects, 28% free, 39MB/55MB, paused 1.295ms total 17.871ms
08-05 23:40:27.297 28715 28728 I art     : Starting a blocking GC Explicit
08-05 23:40:27.313 28715 28728 I art     : Explicit concurrent mark sweep GC freed 12978(612KB) AllocSpace objects, 0(0B) LOS objects, 28% free, 40MB/56MB, paused 261us total 16.115ms
08-05 23:40:27.321 28715 28728 I art     : Starting a blocking GC Explicit
08-05 23:40:27.338 28715 28728 I art     : Explicit concurrent mark sweep GC freed 13416(637KB) AllocSpace objects, 0(0B) LOS objects, 28% free, 40MB/56MB, paused 320us total 16.872ms
08-05 23:40:27.597 28715 28927 I art     : Starting a blocking GC Explicit
08-05 23:40:27.630 28715 28927 I art     : Explicit concurrent mark sweep GC freed 153411(7MB) AllocSpace objects, 1(20KB) LOS objects, 27% free, 41MB/57MB, paused 348us total 33.439ms
08-05 23:40:27.640 28715 28927 I art     : Starting a blocking GC Explicit
08-05 23:40:27.659 28715 28927 I art     : Explicit concurrent mark sweep GC freed 20129(939KB) AllocSpace objects, 0(0B) LOS objects, 27% free, 41MB/57MB, paused 320us total 19.303ms
08-05 23:40:27.668 28715 28927 I art     : Starting a blocking GC Explicit
08-05 23:40:27.688 28715 28927 I art     : Explicit concurrent mark sweep GC freed 15767(736KB) AllocSpace objects, 0(0B) LOS objects, 27% free, 41MB/57MB, paused 343us total 19.508ms
08-05 23:40:27.696 28715 28927 I art     : Starting a blocking GC Explicit
08-05 23:40:27.715 28715 28927 I art     : Explicit concurrent mark sweep GC freed 15202(707KB) AllocSpace objects, 0(0B) LOS objects, 27% free, 41MB/57MB, paused 321us total 19.350ms
08-05 23:40:27.724 28715 28927 I art     : Starting a blocking GC Explicit
08-05 23:40:27.743 28715 28927 I art     : Explicit concurrent mark sweep GC freed 15432(724KB) AllocSpace objects, 0(0B) LOS objects, 27% free, 41MB/57MB, paused 323us total 19.646ms
08-05 23:40:28.000 28715 28728 I art     : Starting a blocking GC Explicit
08-05 23:40:28.038 28715 28728 I art     : Explicit concurrent mark sweep GC freed 154052(7MB) AllocSpace objects, 1(20KB) LOS objects, 27% free, 43MB/59MB, paused 418us total 37.167ms
08-05 23:40:28.047 28715 28728 I art     : Starting a blocking GC Explicit
08-05 23:40:28.070 28715 28728 I art     : Explicit concurrent mark sweep GC freed 22244(1040KB) AllocSpace objects, 0(0B) LOS objects, 27% free, 43MB/59MB, paused 387us total 22.486ms
08-05 23:40:28.080 28715 28728 I art     : Starting a blocking GC Explicit
08-05 23:40:28.102 28715 28728 I art     : Explicit concurrent mark sweep GC freed 17434(819KB) AllocSpace objects, 0(0B) LOS objects, 27% free, 43MB/59MB, paused 360us total 21.760ms
08-05 23:40:28.110 28715 28728 I art     : Starting a blocking GC Explicit
08-05 23:40:28.133 28715 28728 I art     : Explicit concurrent mark sweep GC freed 17163(801KB) AllocSpace objects, 0(0B) LOS objects, 26% free, 43MB/59MB, paused 396us total 22.864ms
08-05 23:40:28.143 28715 28728 I art     : Starting a blocking GC Explicit
08-05 23:40:28.166 28715 28728 I art     : Explicit concurrent mark sweep GC freed 17427(824KB) AllocSpace objects, 0(0B) LOS objects, 26% free, 43MB/59MB, paused 394us total 23.031ms
08-05 23:40:28.427 28715 28927 I art     : Starting a blocking GC Explicit
08-05 23:40:28.467 28715 28927 I art     : Explicit concurrent mark sweep GC freed 156139(7MB) AllocSpace objects, 1(20KB) LOS objects, 26% free, 44MB/60MB, paused 519us total 40.203ms
08-05 23:40:28.480 28715 28927 I art     : Starting a blocking GC Explicit
08-05 23:40:28.505 28715 28927 I art     : Explicit concurrent mark sweep GC freed 23663(1166KB) AllocSpace objects, 0(0B) LOS objects, 26% free, 44MB/60MB, paused 437us total 25.082ms
08-05 23:40:28.515 28715 28927 I art     : Starting a blocking GC Explicit
08-05 23:40:28.541 28715 28927 I art     : Explicit concurrent mark sweep GC freed 19634(921KB) AllocSpace objects, 0(0B) LOS objects, 26% free, 44MB/60MB, paused 564us total 26.231ms
08-05 23:40:28.551 28715 28927 I art     : Starting a blocking GC Explicit
08-05 23:40:28.577 28715 28927 I art     : Explicit concurrent mark sweep GC freed 19537(909KB) AllocSpace objects, 0(0B) LOS objects, 26% free, 45MB/61MB, paused 439us total 26.044ms
08-05 23:40:28.587 28715 28927 I art     : Starting a blocking GC Explicit
08-05 23:40:28.614 28715 28927 I art     : Explicit concurrent mark sweep GC freed 19694(930KB) AllocSpace objects, 0(0B) LOS objects, 26% free, 45MB/61MB, paused 475us total 26.722ms
08-05 23:40:28.884 28715 28927 I art     : Starting a blocking GC Explicit
08-05 23:40:28.933 28715 28927 I art     : Explicit concurrent mark sweep GC freed 163436(7MB) AllocSpace objects, 1(20KB) LOS objects, 25% free, 46MB/62MB, paused 514us total 47.958ms
08-05 23:40:28.944 28715 28927 I art     : Starting a blocking GC Explicit
08-05 23:40:28.976 28715 28927 I art     : Explicit concurrent mark sweep GC freed 27324(1272KB) AllocSpace objects, 0(0B) LOS objects, 25% free, 46MB/62MB, paused 531us total 31.228ms
08-05 23:40:28.987 28715 28927 I art     : Starting a blocking GC Explicit
08-05 23:40:29.016 28715 28927 I art     : Explicit concurrent mark sweep GC freed 22221(1034KB) AllocSpace objects, 0(0B) LOS objects, 25% free, 46MB/62MB, paused 505us total 29.581ms
08-05 23:40:29.027 28715 28927 I art     : Starting a blocking GC Explicit
08-05 23:40:29.057 28715 28927 I art     : Explicit concurrent mark sweep GC freed 22515(1047KB) AllocSpace objects, 0(0B) LOS objects, 25% free, 46MB/62MB, paused 500us total 30.090ms
08-05 23:40:29.068 28715 28927 I art     : Starting a blocking GC Explicit
08-05 23:40:29.099 28715 28927 I art     : Explicit concurrent mark sweep GC freed 21674(1017KB) AllocSpace objects, 0(0B) LOS objects, 25% free, 47MB/63MB, paused 508us total 30.483ms
08-05 23:40:29.371 28715 28927 I art     : Starting a blocking GC Explicit
08-05 23:40:29.423 28715 28927 I art     : Explicit concurrent mark sweep GC freed 167901(7MB) AllocSpace objects, 1(20KB) LOS objects, 24% free, 48MB/64MB, paused 560us total 52.295ms
08-05 23:40:29.435 28715 28927 I art     : Starting a blocking GC Explicit
08-05 23:40:29.452 28715 28926 I Service : getCourses response time: 0.69
08-05 23:40:29.459 28715 28715 I SettingsManager: Getting string: savedCourse
08-05 23:40:29.468 28715 28927 I art     : Explicit concurrent mark sweep GC freed 21787(1074KB) AllocSpace objects, 0(0B) LOS objects, 24% free, 48MB/64MB, paused 196us total 32.054ms
08-05 23:40:29.479 28715 28927 I art     : Starting a blocking GC Explicit
08-05 23:40:29.514 28715 28927 I art     : Explicit concurrent mark sweep GC freed 394(21KB) AllocSpace objects, 1(14MB) LOS objects, 32% free, 33MB/49MB, paused 377us total 34.856ms
08-05 23:40:29.525 28715 28927 I art     : Starting a blocking GC Explicit
08-05 23:40:29.555 28715 28927 I art     : Explicit concurrent mark sweep GC freed 333(11KB) AllocSpace objects, 0(0B) LOS objects, 32% free, 33MB/49MB, paused 168us total 29.397ms
08-05 23:40:29.567 28715 28927 I art     : Starting a blocking GC Explicit
08-05 23:40:29.597 28715 28927 I art     : Explicit concurrent mark sweep GC freed 38(1632B) AllocSpace objects, 0(0B) LOS objects, 32% free, 33MB/49MB, paused 168us total 30.082ms
08-05 23:40:29.904 28715 28728 I art     : Starting a blocking GC Explicit
08-05 23:40:29.946 28715 28728 I art     : Explicit concurrent mark sweep GC freed 1273(74KB) AllocSpace objects, 1(20KB) LOS objects, 32% free, 33MB/49MB, paused 153us total 41.276ms
08-05 23:40:29.960 28715 28728 I art     : Starting a blocking GC Explicit
08-05 23:40:29.996 28715 28728 I art     : Explicit concurrent mark sweep GC freed 18(624B) AllocSpace objects, 0(0B) LOS objects, 32% free, 33MB/49MB, paused 146us total 36.018ms
08-05 23:40:30.009 28715 28728 I art     : Starting a blocking GC Explicit
08-05 23:40:30.046 28715 28728 I art     : Explicit concurrent mark sweep GC freed 3(96B) AllocSpace objects, 0(0B) LOS objects, 32% free, 33MB/49MB, paused 138us total 36.200ms
08-05 23:40:30.058 28715 28728 I art     : Starting a blocking GC Explicit
08-05 23:40:30.094 28715 28728 I art     : Explicit concurrent mark sweep GC freed 3(96B) AllocSpace objects, 0(0B) LOS objects, 32% free, 33MB/49MB, paused 140us total 35.308ms
08-05 23:40:30.107 28715 28728 I art     : Starting a blocking GC Explicit
08-05 23:40:30.143 28715 28728 I art     : Explicit concurrent mark sweep GC freed 3(96B) AllocSpace objects, 0(0B) LOS objects, 32% free, 33MB/49MB, paused 143us total 35.894ms
08-05 23:40:30.296   518   646 I ThermalEngine: ACTION: GPU - Setting GPU[0] to 510000000
08-05 23:40:30.442 28715 28727 I art     : Starting a blocking GC Explicit
08-05 23:40:30.493 28715 28727 I art     : Explicit concurrent mark sweep GC freed 1274(74KB) AllocSpace objects, 1(20KB) LOS objects, 32% free, 33MB/49MB, paused 190us total 51.465ms
08-05 23:40:30.510 28715 28727 I art     : Starting a blocking GC Explicit
08-05 23:40:30.553 28715 28727 I art     : Explicit concurrent mark sweep GC freed 18(624B) AllocSpace objects, 0(0B) LOS objects, 32% free, 33MB/49MB, paused 182us total 42.760ms
08-05 23:40:30.569 28715 28727 I art     : Starting a blocking GC Explicit
08-05 23:40:30.612 28715 28727 I art     : Explicit concurrent mark sweep GC freed 3(96B) AllocSpace objects, 0(0B) LOS objects, 32% free, 33MB/49MB, paused 185us total 42.809ms
08-05 23:40:30.628 28715 28727 I art     : Starting a blocking GC Explicit
08-05 23:40:30.671 28715 28727 I art     : Explicit concurrent mark sweep GC freed 3(96B) AllocSpace objects, 0(0B) LOS objects, 32% free, 33MB/49MB, paused 186us total 42.744ms
08-05 23:40:30.687 28715 28727 I art     : Starting a blocking GC Explicit
08-05 23:40:30.730 28715 28727 I art     : Explicit concurrent mark sweep GC freed 3(96B) AllocSpace objects, 0(0B) LOS objects, 32% free, 33MB/49MB, paused 187us total 42.907ms
08-05 23:40:31.049 28715 28927 I art     : Starting a blocking GC Explicit
08-05 23:40:31.107 28715 28927 I art     : Explicit concurrent mark sweep GC freed 1274(74KB) AllocSpace objects, 1(20KB) LOS objects, 32% free, 33MB/49MB, paused 210us total 57.874ms
08-05 23:40:31.128 28715 28927 I art     : Starting a blocking GC Explicit
08-05 23:40:31.165 28715 28927 I art     : Explicit concurrent mark sweep GC freed 19(656B) AllocSpace objects, 0(0B) LOS objects, 32% free, 33MB/49MB, paused 174us total 37.436ms
08-05 23:40:31.180 28715 28927 I art     : Starting a blocking GC Explicit
08-05 23:40:31.221 28715 28927 I art     : Explicit concurrent mark sweep GC freed 5(176B) AllocSpace objects, 0(0B) LOS objects, 32% free, 33MB/49MB, paused 178us total 41.162ms
08-05 23:40:31.238 28715 28927 I art     : Starting a blocking GC Explicit
08-05 23:40:31.280 28715 28927 I art     : Explicit concurrent mark sweep GC freed 3(96B) AllocSpace objects, 0(0B) LOS objects, 32% free, 33MB/49MB, paused 219us total 42.593ms
08-05 23:40:31.297 28715 28927 I art     : Starting a blocking GC Explicit
08-05 23:40:31.341 28715 28927 I art     : Explicit concurrent mark sweep GC freed 3(96B) AllocSpace objects, 0(0B) LOS objects, 32% free, 33MB/49MB, paused 184us total 43.740ms
08-05 23:40:31.661 28715 28727 I art     : Starting a blocking GC Explicit
08-05 23:40:31.716 28715 28727 I art     : Explicit concurrent mark sweep GC freed 1274(74KB) AllocSpace objects, 1(20KB) LOS objects, 32% free, 33MB/49MB, paused 195us total 54.355ms
08-05 23:40:31.733 28715 28727 I art     : Starting a blocking GC Explicit
08-05 23:40:31.775 28715 28727 I art     : Explicit concurrent mark sweep GC freed 18(624B) AllocSpace objects, 0(0B) LOS objects, 32% free, 33MB/49MB, paused 178us total 41.488ms
08-05 23:40:31.791 28715 28727 I art     : Starting a blocking GC Explicit
08-05 23:40:31.835 28715 28727 I art     : Explicit concurrent mark sweep GC freed 3(96B) AllocSpace objects, 0(0B) LOS objects, 32% free, 33MB/49MB, paused 190us total 43.684ms
08-05 23:40:31.851 28715 28727 I art     : Starting a blocking GC Explicit
08-05 23:40:31.894 28715 28727 I art     : Explicit concurrent mark sweep GC freed 3(96B) AllocSpace objects, 0(0B) LOS objects, 32% free, 33MB/49MB, paused 210us total 42.692ms
08-05 23:40:31.910 28715 28727 I art     : Starting a blocking GC Explicit
08-05 23:40:31.953 28715 28727 I art     : Explicit concurrent mark sweep GC freed 3(96B) AllocSpace objects, 0(0B) LOS objects, 32% free, 33MB/49MB, paused 188us total 42.619ms
08-05 23:40:32.208 28715 28728 I art     : Starting a blocking GC Explicit
08-05 23:40:32.253 28715 28728 I art     : Explicit concurrent mark sweep GC freed 1274(74KB) AllocSpace objects, 1(20KB) LOS objects, 32% free, 33MB/49MB, paused 193us total 44.710ms
08-05 23:40:32.270 28715 28728 I art     : Starting a blocking GC Explicit
08-05 23:40:32.312 28715 28728 I art     : Explicit concurrent mark sweep GC freed 18(624B) AllocSpace objects, 0(0B) LOS objects, 32% free, 33MB/49MB, paused 192us total 41.764ms
08-05 23:40:32.328 28715 28728 I art     : Starting a blocking GC Explicit
08-05 23:40:32.368 28715 28728 I art     : Explicit concurrent mark sweep GC freed 3(96B) AllocSpace objects, 0(0B) LOS objects, 32% free, 33MB/49MB, paused 192us total 40.650ms
08-05 23:40:32.384 28715 28728 I art     : Starting a blocking GC Explicit
08-05 23:40:32.426 28715 28728 I art     : Explicit concurrent mark sweep GC freed 3(96B) AllocSpace objects, 0(0B) LOS objects, 32% free, 33MB/49MB, paused 190us total 41.336ms
08-05 23:40:32.441 29064 29064 D AndroidRuntime: >>>>>> START com.android.internal.os.RuntimeInit uid 2000 <<<<<<
08-05 23:40:32.442 28715 28728 I art     : Starting a blocking GC Explicit
08-05 23:40:32.446 29064 29064 D AndroidRuntime: CheckJNI is OFF
08-05 23:40:32.479 29064 29064 D ICU     : No timezone override file found: /data/misc/zoneinfo/current/icu/icu_tzdata.dat
08-05 23:40:32.482 28715 28728 I art     : Explicit concurrent mark sweep GC freed 3(96B) AllocSpace objects, 0(0B) LOS objects, 32% free, 33MB/49MB, paused 214us total 39.913ms
08-05 23:40:32.514 29064 29064 I Radio-JNI: register_android_hardware_Radio DONE
08-05 23:40:32.534 29064 29064 D AndroidRuntime: Calling main entry com.android.commands.input.Input
08-05 23:40:32.536 29064 29064 I Input   : injectMotionEvent: MotionEvent { action=ACTION_DOWN, actionButton=0, id[0]=0, x[0]=526.0, y[0]=704.0, toolType[0]=TOOL_TYPE_UNKNOWN, buttonState=0, metaState=0, flags=0x0, edgeFlags=0x0, pointerCount=1, historySize=0, eventTime=834048948, downTime=834048948, deviceId=0, source=0x1002 }
08-05 23:40:32.541 29064 29064 I Input   : injectMotionEvent: MotionEvent { action=ACTION_UP, actionButton=0, id[0]=0, x[0]=526.0, y[0]=704.0, toolType[0]=TOOL_TYPE_UNKNOWN, buttonState=0, metaState=0, flags=0x0, edgeFlags=0x0, pointerCount=1, historySize=0, eventTime=834048948, downTime=834048948, deviceId=0, source=0x1002 }
08-05 23:40:32.543 29064 29064 D AndroidRuntime: Shutting down VM
08-05 23:40:32.609   512  2967 D audio_hw_primary: out_set_parameters: enter: usecase(1: low-latency-playback) kvpairs: routing=2
08-05 23:40:32.622   512  2967 D audio_hw_primary: select_devices: out_snd_device(2: speaker) in_snd_device(0: none)
08-05 23:40:32.622   512  2967 D msm8974_platform: platform_send_audio_calibration: sending audio calibration for snd_device(2) acdb_id(15)
08-05 23:40:32.622   512  2967 I soundtrigger: audio_extn_sound_trigger_update_device_status: device 0x2 of type 0 for Event 1
08-05 23:40:32.634   512  2967 D audio_hw_primary: enable_snd_device: snd_device(2: speaker)
08-05 23:40:32.636   512  2967 D audio_hw_primary: enable_audio_route: apply and update mixer path: low-latency-playback speaker
08-05 23:40:32.724 28715 28927 I art     : Starting a blocking GC Explicit
08-05 23:40:32.766 28715 28927 I art     : Explicit concurrent mark sweep GC freed 2045(133KB) AllocSpace objects, 2(40KB) LOS objects, 32% free, 33MB/49MB, paused 232us total 41.818ms
08-05 23:40:32.783 28715 28927 I art     : Starting a blocking GC Explicit
08-05 23:40:32.813   918  3261 D WifiStateMachine: starting scan for "H369AA63323"WPA_PSK with 2412,5180
08-05 23:40:32.824 28715 28927 I art     : Explicit concurrent mark sweep GC freed 147(6KB) AllocSpace objects, 0(0B) LOS objects, 32% free, 33MB/49MB, paused 177us total 41.194ms
08-05 23:40:32.842 28715 28927 I art     : Starting a blocking GC Explicit
08-05 23:40:32.885 28715 28927 I art     : Explicit concurrent mark sweep GC freed 5(176B) AllocSpace objects, 0(0B) LOS objects, 32% free, 33MB/49MB, paused 194us total 42.603ms
08-05 23:40:32.901 28715 28927 I art     : Starting a blocking GC Explicit
08-05 23:40:32.944 28715 28927 I art     : Explicit concurrent mark sweep GC freed 3(96B) AllocSpace objects, 0(0B) LOS objects, 32% free, 33MB/49MB, paused 169us total 42ms
08-05 23:40:32.961 28715 28927 I art     : Starting a blocking GC Explicit
08-05 23:40:33.004 28715 28927 I art     : Explicit concurrent mark sweep GC freed 7(224B) AllocSpace objects, 0(0B) LOS objects, 32% free, 33MB/49MB, paused 253us total 43.531ms
08-05 23:40:33.019 29098 29098 I art     : Late-enabling -Xcheck:jni
08-05 23:40:33.020   918   918 I ActivityManager: Start proc 29098:nappatfpr.com.newsblur/u0a704 for service nappatfpr.com.newsblur/.service.NBSyncService
08-05 23:40:33.029 15866 15866 I Finsky  : [1] xow.onStartJob(3): SCH: onJobSchedulerWakeup with jobId 9007
08-05 23:40:33.036 15866 15866 I Finsky  : [1] xjw.a(9): Scheduling fallback in 43199995 (absolute: 1860636905)
08-05 23:40:33.039 15866 15866 I Finsky  : [1] xjw.a(9): Scheduling fallback in 64799997 (absolute: 1882236911)
08-05 23:40:33.045 24365 20837 I NetworkScheduler.Stats: Task com.google.android.apps.gcs/ started execution. cause:4 exec_start_elapsed_seconds: 1817436 [CONTEXT service_id=218 ]
08-05 23:40:33.048 10219 29111 W Gcs.WfaEliRefreshTask: [27754] afk.b: NULL eligibility response.
08-05 23:40:33.056 24365 20837 I NetworkScheduler.Stats: Task com.google.android.apps.gcs/ finished executing. cause:4 result: 3 elapsed_millis: 14 uptime_millis: 15 exec_start_elapsed_seconds: 1817436 [CONTEXT service_id=218 ]
08-05 23:40:33.070 29098 29098 W System  : ClassLoader referenced unknown path: /data/app/nappatfpr.com.newsblur-1/lib/arm64
08-05 23:40:33.117 24365  4416 I NetworkScheduler.Stats: Task com.google.android.gms/com.google.android.gms.nearby.messages.offline.OfflineCachingService started execution. cause:5 exec_start_elapsed_seconds: 1817436 [CONTEXT service_id=218 ]
08-05 23:40:33.130 24365 20837 I NetworkScheduler.Stats: Task com.google.android.gms/com.google.android.gms.icing.service.IcingGcmTaskService started execution. cause:5 exec_start_elapsed_seconds: 1817436 [CONTEXT service_id=218 ]
08-05 23:40:33.133 15866 15866 I Finsky  : [1] xkf.handleMessage(8): SCH: DeviceState: DeviceState{currentTime=1596663633127, isCharging=false, isIdle=false, netAny=true, netNotRoaming=true, netUnmetered=true, batteryPercent=100.0}
08-05 23:40:33.140 15866 28689 I Finsky  : [6621] xmu.a(8): SCH: Jobs in database: 1-1337 3-219 3-220 12-1 24-77777777 26-1414141414 
08-05 23:40:33.143 15866 15866 I Finsky  : [1] xkg.a(16): SCH: Running job: 12-1
08-05 23:40:33.144 15866 15866 I Finsky  : [1] ContentSyncJob.a(16): [ContentSync] job started
08-05 23:40:33.145 15866 15866 I Finsky  : [1] xkf.handleMessage(61): SCH: RunningQueue size: 1, PendingQueue size: 0
08-05 23:40:33.145 15866 15866 I Finsky  : [1] xkf.handleMessage(64): SCH: Running queue: 12-1 
08-05 23:40:33.147 24365  4416 I NetworkScheduler.Stats: Task com.google.android.gms/com.google.android.gms.icing.service.IcingGcmTaskService finished executing. cause:5 result: 1 elapsed_millis: 37 uptime_millis: 36 exec_start_elapsed_seconds: 1817436 [CONTEXT service_id=218 ]
08-05 23:40:33.157 24365  4416 I NetworkScheduler.Stats: Task com.google.android.gms/com.google.android.gms.nearby.messages.offline.OfflineCachingService finished executing. cause:5 result: 1 elapsed_millis: 78 uptime_millis: 78 exec_start_elapsed_seconds: 1817436 [CONTEXT service_id=218 ]
08-05 23:40:33.169   512  2967 D audio_hw_primary: disable_audio_route: reset and update mixer path: low-latency-playback speaker
08-05 23:40:33.170   512  2967 D audio_hw_primary: disable_snd_device: snd_device(2: speaker)
08-05 23:40:33.181   512  2967 I soundtrigger: audio_extn_sound_trigger_update_device_status: device 0x2 of type 0 for Event 0
08-05 23:40:33.251 15866 29117 I Finsky  : [6631] dzn.a(22): Completed 0 account content syncs with 0 successful.
08-05 23:40:33.252 15866 15866 I Finsky  : [1] ContentSyncJob.a(1): [ContentSync] Installation state replication succeeded.
08-05 23:40:33.253 15866 15866 I Finsky  : [1] xlr.a(13): SCH: jobFinished: 12-1. TimeElapsed: 110ms.
08-05 23:40:33.253 15866 15866 I Finsky  : [1] xkg.a(36): SCH: Job 12-1 finished. Not rescheduling.
08-05 23:40:33.256 15866 15866 I Finsky  : [1] xkf.handleMessage(61): SCH: RunningQueue size: 0, PendingQueue size: 0
08-05 23:40:33.256 15866 15866 I Finsky  : [1] xkf.handleMessage(25): Executor finished
08-05 23:40:33.266 28715 28728 I art     : Starting a blocking GC Explicit
08-05 23:40:33.294 15866 15866 I Finsky  : [1] xmu.a(8): SCH: Jobs in database: 1-1337 3-219 3-220 24-77777777 26-1414141414 
08-05 23:40:33.297 15866 15866 I Finsky  : [1] xio.a(57): SCH: ConstraintMapping: 24-77777777,  -> L: 0ms, D: 77377630ms, C: false, I: true, N: 0
08-05 23:40:33.298 15866 15866 I Finsky  : [1] xio.a(57): SCH: ConstraintMapping: 1-1337,  -> L: 2659262ms, D: 37519617ms, C: false, I: false, N: 1
08-05 23:40:33.299 15866 15866 I Finsky  : [1] xio.a(57): SCH: ConstraintMapping: 3-219,  -> L: 0ms, D: 69530227ms, C: false, I: true, N: 2
08-05 23:40:33.300 15866 15866 I Finsky  : [1] xio.a(57): SCH: ConstraintMapping: 3-220,  -> L: 0ms, D: 69530269ms, C: true, I: true, N: 2
08-05 23:40:33.301 15866 15866 I Finsky  : [1] xio.a(57): SCH: ConstraintMapping: 26-1414141414,  -> L: 42167523ms, D: 43067523ms, C: false, I: false, N: 0
08-05 23:40:33.307 28715 28728 I art     : Explicit concurrent mark sweep GC freed 1282(75KB) AllocSpace objects, 1(20KB) LOS objects, 32% free, 33MB/49MB, paused 186us total 40.635ms
08-05 23:40:33.321 15866 15866 I Finsky  : [1] xle.a(34): Cancelling existing jobscheduler jobs: 9013 9009 9018 9010 9008 9019 9014 9011 9001 
08-05 23:40:33.323 15866 15866 I Finsky  : [1] xle.a(10): Throttling wakeup for job 9000 (expected to run in 0 ms) due to recent wakeup
08-05 23:40:33.324 15866 15866 I Finsky  : [1] xle.a(27): Scheduling job Id: 9000, L: 30000, D: 77377630, C: false, I: true, N: 0
08-05 23:40:33.324 28715 28728 I art     : Starting a blocking GC Explicit
08-05 23:40:33.362 28715 28728 I art     : Explicit concurrent mark sweep GC freed 22(752B) AllocSpace objects, 0(0B) LOS objects, 32% free, 33MB/49MB, paused 179us total 37.710ms
08-05 23:40:33.367 15866 15866 I Finsky  : [1] xle.a(27): Scheduling job Id: 9002, L: 2659262, D: 37519617, C: false, I: false, N: 1
08-05 23:40:33.368 15866 15866 I Finsky  : [1] xle.a(10): Throttling wakeup for job 9003 (expected to run in 0 ms) due to recent wakeup
08-05 23:40:33.369 15866 15866 I Finsky  : [1] xle.a(27): Scheduling job Id: 9003, L: 30000, D: 69530227, C: false, I: true, N: 2
08-05 23:40:33.371 15866 15866 I Finsky  : [1] xle.a(10): Throttling wakeup for job 9004 (expected to run in 0 ms) due to recent wakeup
08-05 23:40:33.371 15866 15866 I Finsky  : [1] xle.a(27): Scheduling job Id: 9004, L: 30000, D: 69530269, C: true, I: true, N: 2
08-05 23:40:33.373 15866 15866 I Finsky  : [1] xle.a(27): Scheduling job Id: 9005, L: 42167523, D: 43067523, C: false, I: false, N: 0
08-05 23:40:33.376 15866 15866 I Finsky  : [1] xle.a(10): Throttling wakeup for job 9006 (expected to run in 0 ms) due to recent wakeup
08-05 23:40:33.377 15866 15866 I Finsky  : [1] xle.a(27): Scheduling job Id: 9006, L: 30000, D: 77377630, C: false, I: true, N: 0
08-05 23:40:33.377 28715 28728 I art     : Starting a blocking GC Explicit
08-05 23:40:33.384 15866 15866 I Finsky  : [1] xle.a(27): Scheduling job Id: 9012, L: 2659262, D: 37519617, C: false, I: false, N: 1
08-05 23:40:33.386 15866 15866 I Finsky  : [1] xle.a(10): Throttling wakeup for job 9015 (expected to run in 0 ms) due to recent wakeup
08-05 23:40:33.386 15866 15866 I Finsky  : [1] xle.a(27): Scheduling job Id: 9015, L: 30000, D: 69530227, C: false, I: true, N: 2
08-05 23:40:33.388 15866 15866 I Finsky  : [1] xle.a(10): Throttling wakeup for job 9016 (expected to run in 0 ms) due to recent wakeup
08-05 23:40:33.388 15866 15866 I Finsky  : [1] xle.a(27): Scheduling job Id: 9016, L: 30000, D: 69530269, C: true, I: true, N: 2
08-05 23:40:33.390 15866 15866 I Finsky  : [1] xle.a(27): Scheduling job Id: 9017, L: 42167523, D: 43067523, C: false, I: false, N: 0
08-05 23:40:33.415 28715 28728 I art     : Explicit concurrent mark sweep GC freed 3(96B) AllocSpace objects, 0(0B) LOS objects, 32% free, 33MB/49MB, paused 181us total 37.608ms
08-05 23:40:33.430 28715 28728 I art     : Starting a blocking GC Explicit
08-05 23:40:33.468 28715 28728 I art     : Explicit concurrent mark sweep GC freed 3(96B) AllocSpace objects, 0(0B) LOS objects, 32% free, 33MB/49MB, paused 184us total 37.183ms
08-05 23:40:33.482 28715 28728 I art     : Starting a blocking GC Explicit
08-05 23:40:33.518 28715 28728 I art     : Explicit concurrent mark sweep GC freed 5(160B) AllocSpace objects, 0(0B) LOS objects, 32% free, 33MB/49MB, paused 174us total 35.675ms
08-05 23:40:33.665 24365 20555 I NearbyDiscovery: FastPair: finished offline cache populate device number in cache: 45 [CONTEXT service_id=49 ]
08-05 23:40:33.789 28715 28727 I art     : Starting a blocking GC Explicit
08-05 23:40:33.835 28715 28727 I art     : Explicit concurrent mark sweep GC freed 1279(75KB) AllocSpace objects, 1(20KB) LOS objects, 32% free, 33MB/49MB, paused 192us total 45.254ms
08-05 23:40:33.851 28715 28727 I art     : Starting a blocking GC Explicit
08-05 23:40:33.892 28715 28727 I art     : Explicit concurrent mark sweep GC freed 18(624B) AllocSpace objects, 0(0B) LOS objects, 32% free, 33MB/49MB, paused 189us total 41.182ms
08-05 23:40:33.909 28715 28727 I art     : Starting a blocking GC Explicit
08-05 23:40:33.950 28715 28727 I art     : Explicit concurrent mark sweep GC freed 3(96B) AllocSpace objects, 0(0B) LOS objects, 32% free, 33MB/49MB, paused 189us total 40.309ms
08-05 23:40:33.950 28715 28726 I art     : WaitForGcToComplete blocked for 17.017ms for cause HeapTrim
08-05 23:40:33.964 28715 28727 I art     : Starting a blocking GC Explicit
08-05 23:40:34.005 28715 28727 I art     : Explicit concurrent mark sweep GC freed 3(96B) AllocSpace objects, 0(0B) LOS objects, 32% free, 33MB/49MB, paused 181us total 40.863ms
08-05 23:40:34.022 28715 28727 I art     : Starting a blocking GC Explicit
08-05 23:40:34.063 28715 28727 I art     : Explicit concurrent mark sweep GC freed 3(96B) AllocSpace objects, 0(0B) LOS objects, 32% free, 33MB/49MB, paused 180us total 40.696ms
08-05 23:40:34.195 29139 29139 D AndroidRuntime: >>>>>> START com.android.internal.os.RuntimeInit uid 2000 <<<<<<
08-05 23:40:34.202 29139 29139 D AndroidRuntime: CheckJNI is OFF
08-05 23:40:34.241 29139 29139 D ICU     : No timezone override file found: /data/misc/zoneinfo/current/icu/icu_tzdata.dat
08-05 23:40:34.274 29139 29139 I Radio-JNI: register_android_hardware_Radio DONE
08-05 23:40:34.295 29139 29139 D AndroidRuntime: Calling main entry com.android.commands.input.Input
08-05 23:40:34.297 29139 29139 I Input   : injectMotionEvent: MotionEvent { action=ACTION_DOWN, actionButton=0, id[0]=0, x[0]=1197.0, y[0]=1456.0, toolType[0]=TOOL_TYPE_UNKNOWN, buttonState=0, metaState=0, flags=0x0, edgeFlags=0x0, pointerCount=1, historySize=0, eventTime=834050710, downTime=834050710, deviceId=0, source=0x1002 }
08-05 23:40:34.303 29139 29139 I Input   : injectMotionEvent: MotionEvent { action=ACTION_UP, actionButton=0, id[0]=0, x[0]=1197.0, y[0]=1456.0, toolType[0]=TOOL_TYPE_UNKNOWN, buttonState=0, metaState=0, flags=0x0, edgeFlags=0x0, pointerCount=1, historySize=0, eventTime=834050710, downTime=834050710, deviceId=0, source=0x1002 }
08-05 23:40:34.305 29139 29139 D AndroidRuntime: Shutting down VM
08-05 23:40:34.315   512  2967 D audio_hw_primary: out_set_parameters: enter: usecase(1: low-latency-playback) kvpairs: routing=2
08-05 23:40:34.328   512  2967 D audio_hw_primary: select_devices: out_snd_device(2: speaker) in_snd_device(0: none)
08-05 23:40:34.329   512  2967 D msm8974_platform: platform_send_audio_calibration: sending audio calibration for snd_device(2) acdb_id(15)
08-05 23:40:34.329   512  2967 I soundtrigger: audio_extn_sound_trigger_update_device_status: device 0x2 of type 0 for Event 1
08-05 23:40:34.338   512  2967 D audio_hw_primary: enable_snd_device: snd_device(2: speaker)
08-05 23:40:34.340   512  2967 D audio_hw_primary: enable_audio_route: apply and update mixer path: low-latency-playback speaker
08-05 23:40:34.343 28715 28730 D OpenGLRenderer: endAllStagingAnimators on 0x7f94afd400 (RippleDrawable) with handle 0x7f812a30a0
08-05 23:40:34.349 28715 28728 I art     : Starting a blocking GC Explicit
08-05 23:40:34.354 28715 28715 I SettingsManager: Setting string: savedCourse
08-05 23:40:34.373   918  3961 W BackupManagerService: dataChanged but no participant pkg='baseline.com.ak.uobtimetable' uid=10710
08-05 23:40:34.374   918  3714 I ActivityManager: START u0 {flg=0x4000000 cmp=baseline.com.ak.uobtimetable/.MainActivity (has extras)} from uid 10710 on display 0
08-05 23:40:34.385   918  3359 W InputMethodManagerService: Focus gain on non-focused client com.android.internal.view.IInputMethodClient$Stub$Proxy@1dd7302 (uid=10710 pid=28715)
08-05 23:40:34.389 28715 28728 I art     : Explicit concurrent mark sweep GC freed 4081(210KB) AllocSpace objects, 2(40KB) LOS objects, 32% free, 33MB/49MB, paused 309us total 39.402ms
08-05 23:40:34.393 28715 28715 D MainActivity: OnDestroy
08-05 23:40:34.406 28715 28728 I art     : Starting a blocking GC Explicit
08-05 23:40:34.416 28715 28715 D MainActivity: onCreate
08-05 23:40:34.416 28715 28715 I SettingsManager: Getting string: savedSessions
08-05 23:40:34.416 28715 28715 I Settings: No saved sessions
08-05 23:40:34.446 28715 28715 I SettingsManager: Getting string: savedCourse
08-05 23:40:34.447 28715 28715 D MainActivity: sessionListFragmentArg: updateSessions
08-05 23:40:34.448 28715 28715 D MainActivity: showTermDatesConfigChange: false
08-05 23:40:34.448 28715 28715 D MainActivity: showTermDatesShortcut: false
08-05 23:40:34.448 28715 28728 I art     : Explicit concurrent mark sweep GC freed 889(56KB) AllocSpace objects, 0(0B) LOS objects, 31% free, 35MB/51MB, paused 361us total 42.424ms
08-05 23:40:34.450 28715 28715 D MainActivity: Setting initial fragment: SessionListsFragment
08-05 23:40:34.453 28715 28715 I SettingsManager: Getting int: launchCount
08-05 23:40:34.458 28715 28715 D SessionListsFragment: onCreateView
08-05 23:40:34.465 28715 28728 I art     : Starting a blocking GC Explicit
08-05 23:40:34.471 28715 28715 I SettingsManager: Getting string: savedCourse
08-05 23:40:34.474 28715 28715 I SettingsManager: Getting string: savedSessions
08-05 23:40:34.475 28715 28715 D SessionListsFragment: loadArgument: updateSessions
08-05 23:40:34.475 28715 28715 D SessionListsFragment: initialIndex: -1
08-05 23:40:34.477 28715 29162 D HTTP    : Request for: https://uob-timetable-api.adriankeenan.co.uk/sessions?dept=BD002&course=CFIEFAAF%2F02AA%2F0%2FFT&level=ALL+Courses
08-05 23:40:34.478 28715 28715 I WebViewFactory: Loading com.google.android.webview version 84.0.4147.89 (code 414708953)
08-05 23:40:34.510 28715 28728 I art     : Explicit concurrent mark sweep GC freed 6652(417KB) AllocSpace objects, 4(1436KB) LOS objects, 32% free, 33MB/49MB, paused 522us total 45.345ms
08-05 23:40:34.528 28715 28728 I art     : Starting a blocking GC Explicit
08-05 23:40:34.559 28715 28715 I cr_LibraryLoader: Loaded native library version number "84.0.4147.89"
08-05 23:40:34.560 28715 28715 I cr_CachingUmaRecorder: Flushed 5 samples from 5 histograms.
08-05 23:40:34.574 28715 28728 I art     : Explicit concurrent mark sweep GC freed 4323(358KB) AllocSpace objects, 2(40KB) LOS objects, 31% free, 34MB/50MB, paused 755us total 45.225ms
08-05 23:40:34.588 28715 28728 I art     : Starting a blocking GC Explicit
08-05 23:40:34.597 28715 28715 E chromium: [ERROR:filesystem_posix.cc(62)] mkdir /data/user/0/baseline.com.ak.uobtimetable/cache/WebView/Crashpad: No such file or directory (2)
08-05 23:40:34.633 28715 28728 I art     : Explicit concurrent mark sweep GC freed 2011(226KB) AllocSpace objects, 2(120KB) LOS objects, 31% free, 34MB/50MB, paused 918us total 44.314ms
08-05 23:40:34.679   918  5952 D ConnectivityService: listenForNetwork for Listen from uid/pid:10710/28715 for NetworkRequest [ id=3621, legacyType=-1, [ Capabilities: INTERNET&NOT_RESTRICTED&TRUSTED] ]
08-05 23:40:34.706 28715 29162 I NAPPA_EXPERIMENTATION: MetricNetworkRequestExecutionTime: REQUEST_DURATION_SYSTEM='227',REQUEST_DURATION_OKHTTP='36',REQUEST_SYNCHRONOUS='TRUE',RESPONSE_CODE='200',RESPONSE_METHOD='GET',RESPONSE_LENGTH_OKHTTP='-1',RESPONSE_LENGTH_HEADER='867',REQUEST_PROTOCOL='http/1.1',REQUEST_URL='https://uob-timetable-api.adriankeenan.co.uk/sessions?dept=BD002&course=CFIEFAAF%2F02AA%2F0%2FFT&level=ALL+Courses',
08-05 23:40:34.706 28715 29177 W cr_media: Requires BLUETOOTH permission
08-05 23:40:34.718 28715 29190 E libEGL  : validate_display:255 error 3008 (EGL_BAD_DISPLAY)
08-05 23:40:34.720 28715 28715 D TermDatesFragment: WebView loaded
08-05 23:40:34.721 28715 28715 D MainActivity: OnResume
08-05 23:40:34.743 28715 29162 I HTTP    : Response was compressed.
08-05 23:40:34.763 28715 29162 I Service : getSessions response time: 1.12
08-05 23:40:34.797 28715 28715 I TermDatesFragment: Webview load %: 10
08-05 23:40:34.823 28715 28715 I SettingsManager: Getting string: savedSessions
08-05 23:40:34.828   918   936 I ActivityManager: Displayed baseline.com.ak.uobtimetable/.MainActivity: +440ms
08-05 23:40:34.830 28715 28715 I SettingsManager: Setting string: savedSessions
08-05 23:40:34.838   918  3714 W BackupManagerService: dataChanged but no participant pkg='baseline.com.ak.uobtimetable' uid=10710
08-05 23:40:34.838 28715 28715 I SettingsManager: Setting date: savedSessionsTime
08-05 23:40:34.844   918  5952 W BackupManagerService: dataChanged but no participant pkg='baseline.com.ak.uobtimetable' uid=10710
08-05 23:40:34.844 28715 28715 I SettingsManager: Setting string: savedSessionsCourseName
08-05 23:40:34.849   918  6029 W BackupManagerService: dataChanged but no participant pkg='baseline.com.ak.uobtimetable' uid=10710
08-05 23:40:34.850 28715 28715 I SettingsManager: Setting string: savedSessionsDateRange
08-05 23:40:34.854   918  3696 W BackupManagerService: dataChanged but no participant pkg='baseline.com.ak.uobtimetable' uid=10710
08-05 23:40:34.855 28715 28715 I SettingsManager: Setting string: timetableUrl
08-05 23:40:34.859   918  4413 W BackupManagerService: dataChanged but no participant pkg='baseline.com.ak.uobtimetable' uid=10710
08-05 23:40:34.860 28715 28715 I SettingsManager: Getting boolean: notifySessionRemindersEnabled
08-05 23:40:34.860 28715 28715 I SettingsManager: Getting int: notifySessionRemindersMinutes
08-05 23:40:34.860 28715 28715 I SettingsManager: Getting boolean: showHiddenSessions
08-05 23:40:34.879   512  2967 D audio_hw_primary: disable_audio_route: reset and update mixer path: low-latency-playback speaker
08-05 23:40:34.880   512  2967 D audio_hw_primary: disable_snd_device: snd_device(2: speaker)
08-05 23:40:34.887   512  2967 I soundtrigger: audio_extn_sound_trigger_update_device_status: device 0x2 of type 0 for Event 0
08-05 23:40:34.890 28715 28715 I SessionReminderNotifier: Created session reminder alarm for f7b4771250a919bd729c1c5a4a459c77 at Mon 08:30:00 10/08/20
08-05 23:40:34.892 28715 28715 I SessionReminderNotifier: Created session reminder alarm for a7f879aabdeb78622c8820a5fb7b64cd at Tue 08:30:00 11/08/20
08-05 23:40:34.893 28715 28715 I SessionReminderNotifier: Created session reminder alarm for 7bc8d7e2c2055711f597c3d9078c6ea3 at Tue 08:30:00 11/08/20
08-05 23:40:34.894 28715 28715 I SessionReminderNotifier: Created session reminder alarm for e0fc978b5db8218778540b4053344581 at Tue 11:00:00 11/08/20
08-05 23:40:34.896 28715 28715 I SessionReminderNotifier: Created session reminder alarm for 21712fef61090882c855a1425543edb5 at Tue 13:30:00 11/08/20
08-05 23:40:34.897 28715 28927 I art     : Starting a blocking GC Explicit
08-05 23:40:34.902 28715 28715 I SessionReminderNotifier: Created session reminder alarm for 65ca4d97f031f29a4d02bbb45a705d8f at Wed 08:30:00 12/08/20
08-05 23:40:34.904 28715 28715 I SessionReminderNotifier: Created session reminder alarm for eeda7741b0bcab58fd9f46dc6ef1d942 at Wed 08:30:00 12/08/20
08-05 23:40:34.906 28715 28715 I SessionReminderNotifier: Created session reminder alarm for c276c1b2075a0beb67f1b3d1e580f920 at Wed 11:00:00 12/08/20
08-05 23:40:34.907 28715 28715 I SessionReminderNotifier: Created session reminder alarm for 79fe0b5c3b887a13ba29db5a33fa2800 at Thu 08:30:00 06/08/20
08-05 23:40:34.908 28715 28715 I SessionReminderNotifier: Created session reminder alarm for 2ba1034116e4fffdd592dbf0796a43d5 at Fri 08:30:00 07/08/20
08-05 23:40:34.909 28715 28715 I SettingsManager: Getting boolean: showHiddenSessions
08-05 23:40:34.910 28715 28715 D SessionListsFragment: 1 sessions for day 0
08-05 23:40:34.910 28715 28715 D SessionListsFragment: 4 sessions for day 1
08-05 23:40:34.910 28715 28715 D SessionListsFragment: 3 sessions for day 2
08-05 23:40:34.910 28715 28715 D SessionListsFragment: 1 sessions for day 3
08-05 23:40:34.910 28715 28715 D SessionListsFragment: 1 sessions for day 4
08-05 23:40:34.963 28715 28715 I SettingsManager: Getting boolean: showHiddenSessions
08-05 23:40:34.965 28715 28715 D SessionListsFragment: Refreshed ViewPager
08-05 23:40:34.965 28715 28715 I SettingsManager: Getting boolean: showHiddenSessions
08-05 23:40:34.966 28715 28715 I SettingsManager: Getting boolean: completedTutorial
08-05 23:40:34.976 28715 28927 I art     : Explicit concurrent mark sweep GC freed 22676(1338KB) AllocSpace objects, 7(200KB) LOS objects, 30% free, 35MB/51MB, paused 1.256ms total 78.780ms
08-05 23:40:34.989 28715 28715 I SettingsManager: Getting boolean: showHiddenSessions
08-05 23:40:34.990 28715 28715 I SettingsManager: Getting date: savedSessionsTime
08-05 23:40:34.997 28715 28927 I art     : Starting a blocking GC Explicit
08-05 23:40:35.002 13866 13866 I GoogleInputMethodServic: GoogleInputMethodService.onFinishInput():3138 
08-05 23:40:35.003 13866 13866 I GoogleInputMethodServic: GoogleInputMethodService.onStartInput():1808 
08-05 23:40:35.054 28715 28927 I art     : Explicit concurrent mark sweep GC freed 27768(1397KB) AllocSpace objects, 3(200KB) LOS objects, 30% free, 36MB/52MB, paused 1.103ms total 57.513ms
08-05 23:40:35.070 28715 28927 I art     : Starting a blocking GC Explicit
08-05 23:40:35.119 28715 28927 I art     : Explicit concurrent mark sweep GC freed 30992(1357KB) AllocSpace objects, 0(0B) LOS objects, 30% free, 36MB/52MB, paused 770us total 48.444ms
08-05 23:40:35.135 28715 28927 I art     : Starting a blocking GC Explicit
08-05 23:40:35.188 28715 28927 I art     : Explicit concurrent mark sweep GC freed 30841(1263KB) AllocSpace objects, 0(0B) LOS objects, 30% free, 36MB/52MB, paused 743us total 52.915ms
08-05 23:40:35.204 28715 28927 I art     : Starting a blocking GC Explicit
08-05 23:40:35.258 28715 28927 I art     : Explicit concurrent mark sweep GC freed 31795(1318KB) AllocSpace objects, 0(0B) LOS objects, 30% free, 36MB/52MB, paused 878us total 53.946ms
08-05 23:40:35.537 28715 28927 I art     : Starting a blocking GC Explicit
08-05 23:40:35.542 28715 28715 I Choreographer: Skipped 31 frames!  The application may be doing too much work on its main thread.
08-05 23:40:35.598 28715 28927 I art     : Explicit concurrent mark sweep GC freed 87427(3MB) AllocSpace objects, 1(20KB) LOS objects, 30% free, 36MB/52MB, paused 413us total 59.996ms
08-05 23:40:35.605 28715 28715 I TermDatesFragment: Webview load %: 70
08-05 23:40:35.615 28715 28927 I art     : Starting a blocking GC Explicit
08-05 23:40:35.642 28715 28715 I TermDatesFragment: Webview load %: 100
08-05 23:40:35.642 28715 28715 I TermDatesFragment: Webview load %: 100
08-05 23:40:35.669 28715 28927 I art     : Explicit concurrent mark sweep GC freed 2583(230KB) AllocSpace objects, 0(0B) LOS objects, 30% free, 36MB/52MB, paused 315us total 53.501ms
08-05 23:40:35.685 28715 28927 I art     : Starting a blocking GC Explicit
08-05 23:40:35.733 28715 28927 I art     : Explicit concurrent mark sweep GC freed 33(1536B) AllocSpace objects, 0(0B) LOS objects, 30% free, 36MB/52MB, paused 286us total 48.123ms
08-05 23:40:35.751 28715 28927 I art     : Starting a blocking GC Explicit
08-05 23:40:35.807 28715 28927 I art     : Explicit concurrent mark sweep GC freed 44(1904B) AllocSpace objects, 0(0B) LOS objects, 30% free, 36MB/52MB, paused 330us total 55.722ms
08-05 23:40:35.826 28715 28927 I art     : Starting a blocking GC Explicit
08-05 23:40:35.878 28715 28927 I art     : Explicit concurrent mark sweep GC freed 351(16KB) AllocSpace objects, 0(0B) LOS objects, 30% free, 36MB/52MB, paused 312us total 51.886ms
08-05 23:40:36.156 26613 26613 I ServiceManager: Waiting for service AtCmdFwd...
08-05 23:40:36.197 28715 28728 I art     : Starting a blocking GC Explicit
08-05 23:40:36.253 28715 28728 I art     : Explicit concurrent mark sweep GC freed 122600(11MB) AllocSpace objects, 4(156KB) LOS objects, 38% free, 25MB/41MB, paused 333us total 55.736ms
08-05 23:40:36.263 28715 28728 I art     : Starting a blocking GC Explicit
08-05 23:40:36.288 28715 28728 I art     : Explicit concurrent mark sweep GC freed 18(624B) AllocSpace objects, 0(0B) LOS objects, 38% free, 25MB/41MB, paused 299us total 25.034ms
08-05 23:40:36.299 28715 28728 I art     : Starting a blocking GC Explicit
08-05 23:40:36.308   518   646 I ThermalEngine: ACTION: GPU - Setting GPU[0] to 450000000
08-05 23:40:36.331 28715 28728 I art     : Explicit concurrent mark sweep GC freed 3(96B) AllocSpace objects, 0(0B) LOS objects, 38% free, 25MB/41MB, paused 408us total 32.399ms
08-05 23:40:36.345 28715 28728 I art     : Starting a blocking GC Explicit
08-05 23:40:36.383 28715 28728 I art     : Explicit concurrent mark sweep GC freed 50(2384B) AllocSpace objects, 0(0B) LOS objects, 38% free, 25MB/41MB, paused 433us total 38.104ms
08-05 23:40:36.397 28715 28728 I art     : Starting a blocking GC Explicit
08-05 23:40:36.436 28715 28728 I art     : Explicit concurrent mark sweep GC freed 3(96B) AllocSpace objects, 0(0B) LOS objects, 38% free, 25MB/41MB, paused 428us total 38.127ms
08-05 23:40:36.809 28715 28728 I art     : Starting a blocking GC Explicit
08-05 23:40:36.860 28715 28728 I art     : Explicit concurrent mark sweep GC freed 1441(80KB) AllocSpace objects, 1(20KB) LOS objects, 38% free, 25MB/41MB, paused 420us total 50.100ms
08-05 23:40:36.878 28715 28728 I art     : Starting a blocking GC Explicit
08-05 23:40:36.917 28715 28728 I art     : Explicit concurrent mark sweep GC freed 20(704B) AllocSpace objects, 0(0B) LOS objects, 38% free, 25MB/41MB, paused 433us total 38.422ms
08-05 23:40:36.931 28715 28728 I art     : Starting a blocking GC Explicit
08-05 23:40:36.972 28715 28728 I art     : Explicit concurrent mark sweep GC freed 3(96B) AllocSpace objects, 0(0B) LOS objects, 38% free, 25MB/41MB, paused 425us total 40.449ms
08-05 23:40:36.987 28715 28728 I art     : Starting a blocking GC Explicit
08-05 23:40:37.026 28715 28728 I art     : Explicit concurrent mark sweep GC freed 3(96B) AllocSpace objects, 0(0B) LOS objects, 38% free, 25MB/41MB, paused 408us total 38.770ms
08-05 23:40:37.041 28715 28728 I art     : Starting a blocking GC Explicit
08-05 23:40:37.084 28715 28728 I art     : Explicit concurrent mark sweep GC freed 3(96B) AllocSpace objects, 0(0B) LOS objects, 38% free, 25MB/41MB, paused 466us total 42.713ms
08-05 23:40:37.157 26613 26613 I ServiceManager: Waiting for service AtCmdFwd...
08-05 23:40:37.446 28715 28927 I art     : Starting a blocking GC Explicit
08-05 23:40:37.483 28715 28927 I art     : Explicit concurrent mark sweep GC freed 1323(76KB) AllocSpace objects, 1(20KB) LOS objects, 38% free, 25MB/41MB, paused 407us total 36.775ms
08-05 23:40:37.500 28715 28927 I art     : Starting a blocking GC Explicit
08-05 23:40:37.534 28715 28927 I art     : Explicit concurrent mark sweep GC freed 18(624B) AllocSpace objects, 0(0B) LOS objects, 38% free, 25MB/41MB, paused 386us total 33.800ms
08-05 23:40:37.547 28715 28927 I art     : Starting a blocking GC Explicit
08-05 23:40:37.583 28715 28927 I art     : Explicit concurrent mark sweep GC freed 3(96B) AllocSpace objects, 0(0B) LOS objects, 38% free, 25MB/41MB, paused 401us total 35.257ms
08-05 23:40:37.597 28715 28927 I art     : Starting a blocking GC Explicit
08-05 23:40:37.634 28715 28927 I art     : Explicit concurrent mark sweep GC freed 3(96B) AllocSpace objects, 0(0B) LOS objects, 38% free, 25MB/41MB, paused 412us total 36.830ms
08-05 23:40:37.649 28715 28927 I art     : Starting a blocking GC Explicit
08-05 23:40:37.688 28715 28927 I art     : Explicit concurrent mark sweep GC freed 3(96B) AllocSpace objects, 0(0B) LOS objects, 38% free, 25MB/41MB, paused 418us total 39.084ms
08-05 23:40:38.026 28715 28728 I art     : Starting a blocking GC Explicit
08-05 23:40:38.071 28715 28728 I art     : Explicit concurrent mark sweep GC freed 1293(75KB) AllocSpace objects, 1(20KB) LOS objects, 38% free, 25MB/41MB, paused 409us total 44.030ms
08-05 23:40:38.086 28715 28728 I art     : Starting a blocking GC Explicit
08-05 23:40:38.120 28715 28728 I art     : Explicit concurrent mark sweep GC freed 18(624B) AllocSpace objects, 0(0B) LOS objects, 38% free, 25MB/41MB, paused 401us total 33.666ms
08-05 23:40:38.133 28715 28728 I art     : Starting a blocking GC Explicit
08-05 23:40:38.157 26613 26613 I ServiceManager: Waiting for service AtCmdFwd...
08-05 23:40:38.170 28715 28728 I art     : Explicit concurrent mark sweep GC freed 3(96B) AllocSpace objects, 0(0B) LOS objects, 38% free, 25MB/41MB, paused 420us total 36.233ms
08-05 23:40:38.184 28715 28728 I art     : Starting a blocking GC Explicit
08-05 23:40:38.226 28715 28728 I art     : Explicit concurrent mark sweep GC freed 3(96B) AllocSpace objects, 0(0B) LOS objects, 38% free, 25MB/41MB, paused 422us total 41.583ms
08-05 23:40:38.241 28715 28728 I art     : Starting a blocking GC Explicit
08-05 23:40:38.280 28715 28728 I art     : Explicit concurrent mark sweep GC freed 3(96B) AllocSpace objects, 0(0B) LOS objects, 38% free, 25MB/41MB, paused 434us total 38.355ms
08-05 23:40:38.604 28715 28727 I art     : Starting a blocking GC Explicit
08-05 23:40:38.655 28715 28727 I art     : Explicit concurrent mark sweep GC freed 1311(76KB) AllocSpace objects, 1(20KB) LOS objects, 38% free, 25MB/41MB, paused 434us total 49.282ms
08-05 23:40:38.672 28715 28727 I art     : Starting a blocking GC Explicit
08-05 23:40:38.716 28715 28727 I art     : Explicit concurrent mark sweep GC freed 18(624B) AllocSpace objects, 0(0B) LOS objects, 38% free, 25MB/41MB, paused 445us total 44.095ms
08-05 23:40:38.732 28715 28727 I art     : Starting a blocking GC Explicit
08-05 23:40:38.770 28715 28727 I art     : Explicit concurrent mark sweep GC freed 6(144B) AllocSpace objects, 0(0B) LOS objects, 38% free, 25MB/41MB, paused 380us total 37.138ms
08-05 23:40:38.785 28715 28727 I art     : Starting a blocking GC Explicit
08-05 23:40:38.825 28715 28727 I art     : Explicit concurrent mark sweep GC freed 29(1136B) AllocSpace objects, 0(0B) LOS objects, 38% free, 25MB/41MB, paused 458us total 39.655ms
08-05 23:40:38.841 28715 28727 I art     : Starting a blocking GC Explicit
08-05 23:40:38.880 28715 28727 I art     : Explicit concurrent mark sweep GC freed 57(1728B) AllocSpace objects, 0(0B) LOS objects, 38% free, 25MB/41MB, paused 481us total 38.778ms
08-05 23:40:39.106   918  3188 I hubconnection: sensorhub said: 'set_bias 3: -4.8000, 0.0000, 0.0000'
08-05 23:40:39.119 29273 29273 D AndroidRuntime: >>>>>> START com.android.internal.os.RuntimeInit uid 2000 <<<<<<
08-05 23:40:39.125 29273 29273 D AndroidRuntime: CheckJNI is OFF
08-05 23:40:39.158 26613 26613 I ServiceManager: Waiting for service AtCmdFwd...
08-05 23:40:39.168 29273 29273 D ICU     : No timezone override file found: /data/misc/zoneinfo/current/icu/icu_tzdata.dat
08-05 23:40:39.210 29273 29273 I Radio-JNI: register_android_hardware_Radio DONE
08-05 23:40:39.220 28715 28728 I art     : Starting a blocking GC Explicit
08-05 23:40:39.239 29273 29273 D AndroidRuntime: Calling main entry com.android.commands.input.Input
08-05 23:40:39.242 29273 29273 I Input   : injectMotionEvent: MotionEvent { action=ACTION_DOWN, actionButton=0, id[0]=0, x[0]=1215.0, y[0]=1450.0, toolType[0]=TOOL_TYPE_UNKNOWN, buttonState=0, metaState=0, flags=0x0, edgeFlags=0x0, pointerCount=1, historySize=0, eventTime=834055654, downTime=834055654, deviceId=0, source=0x1002 }
08-05 23:40:39.247 29273 29273 I Input   : injectMotionEvent: MotionEvent { action=ACTION_UP, actionButton=0, id[0]=0, x[0]=1215.0, y[0]=1450.0, toolType[0]=TOOL_TYPE_UNKNOWN, buttonState=0, metaState=0, flags=0x0, edgeFlags=0x0, pointerCount=1, historySize=0, eventTime=834055654, downTime=834055654, deviceId=0, source=0x1002 }
08-05 23:40:39.248 29273 29273 D AndroidRuntime: Shutting down VM
08-05 23:40:39.257   512  2967 D audio_hw_primary: out_set_parameters: enter: usecase(1: low-latency-playback) kvpairs: routing=2
08-05 23:40:39.261 28715 28728 I art     : Explicit concurrent mark sweep GC freed 1476(87KB) AllocSpace objects, 1(20KB) LOS objects, 38% free, 25MB/41MB, paused 4.190ms total 41.129ms
08-05 23:40:39.273   512  2967 D audio_hw_primary: select_devices: out_snd_device(2: speaker) in_snd_device(0: none)
08-05 23:40:39.273   512  2967 D msm8974_platform: platform_send_audio_calibration: sending audio calibration for snd_device(2) acdb_id(15)
08-05 23:40:39.273   512  2967 I soundtrigger: audio_extn_sound_trigger_update_device_status: device 0x2 of type 0 for Event 1
08-05 23:40:39.276 28715 28728 I art     : Starting a blocking GC Explicit
08-05 23:40:39.285   512  2967 D audio_hw_primary: enable_snd_device: snd_device(2: speaker)
08-05 23:40:39.288   512  2967 D audio_hw_primary: enable_audio_route: apply and update mixer path: low-latency-playback speaker
08-05 23:40:39.311 28715 28728 I art     : Explicit concurrent mark sweep GC freed 299(29KB) AllocSpace objects, 0(0B) LOS objects, 38% free, 25MB/41MB, paused 420us total 34.033ms
08-05 23:40:39.324 28715 28728 I art     : Starting a blocking GC Explicit
08-05 23:40:39.358 28715 28728 I art     : Explicit concurrent mark sweep GC freed 301(17KB) AllocSpace objects, 0(0B) LOS objects, 38% free, 25MB/41MB, paused 482us total 33.865ms
08-05 23:40:39.371 28715 28728 I art     : Starting a blocking GC Explicit
08-05 23:40:39.405 28715 28728 I art     : Explicit concurrent mark sweep GC freed 831(60KB) AllocSpace objects, 1(40KB) LOS objects, 38% free, 25MB/41MB, paused 391us total 34.133ms
08-05 23:40:39.420 28715 28728 I art     : Starting a blocking GC Explicit
08-05 23:40:39.460 28715 28728 I art     : Explicit concurrent mark sweep GC freed 3(96B) AllocSpace objects, 0(0B) LOS objects, 38% free, 25MB/41MB, paused 522us total 39.808ms
08-05 23:40:39.775 28715 28727 I art     : Starting a blocking GC Explicit
08-05 23:40:39.812 28715 28727 I art     : Explicit concurrent mark sweep GC freed 1294(75KB) AllocSpace objects, 1(20KB) LOS objects, 38% free, 25MB/41MB, paused 425us total 37.069ms
08-05 23:40:39.827 28715 28727 I art     : Starting a blocking GC Explicit
08-05 23:40:39.828   512  2967 D audio_hw_primary: disable_audio_route: reset and update mixer path: low-latency-playback speaker
08-05 23:40:39.830   512  2967 D audio_hw_primary: disable_snd_device: snd_device(2: speaker)
08-05 23:40:39.839   512  2967 I soundtrigger: audio_extn_sound_trigger_update_device_status: device 0x2 of type 0 for Event 0
08-05 23:40:39.863 28715 28727 I art     : Explicit concurrent mark sweep GC freed 20(704B) AllocSpace objects, 0(0B) LOS objects, 38% free, 25MB/41MB, paused 407us total 36.274ms
08-05 23:40:39.877 28715 28727 I art     : Starting a blocking GC Explicit
08-05 23:40:39.914 28715 28727 I art     : Explicit concurrent mark sweep GC freed 3(96B) AllocSpace objects, 0(0B) LOS objects, 38% free, 25MB/41MB, paused 425us total 36.109ms
08-05 23:40:39.928 28715 28727 I art     : Starting a blocking GC Explicit
08-05 23:40:39.965 28715 28727 I art     : Explicit concurrent mark sweep GC freed 3(96B) AllocSpace objects, 0(0B) LOS objects, 38% free, 25MB/41MB, paused 402us total 36.998ms
08-05 23:40:39.980 28715 28727 I art     : Starting a blocking GC Explicit
08-05 23:40:40.017 28715 28727 I art     : Explicit concurrent mark sweep GC freed 3(96B) AllocSpace objects, 0(0B) LOS objects, 38% free, 25MB/41MB, paused 405us total 36.565ms
08-05 23:40:40.159 26613 26613 I ServiceManager: Waiting for service AtCmdFwd...
08-05 23:40:40.315   518   646 I ThermalEngine: ACTION: GPU - Setting GPU[0] to 510000000
08-05 23:40:40.342 28715 28728 I art     : Starting a blocking GC Explicit
08-05 23:40:40.382 28715 28728 I art     : Explicit concurrent mark sweep GC freed 1293(75KB) AllocSpace objects, 1(20KB) LOS objects, 38% free, 25MB/41MB, paused 331us total 39.389ms
08-05 23:40:40.394 28715 28728 I art     : Starting a blocking GC Explicit
08-05 23:40:40.424 28715 28728 I art     : Explicit concurrent mark sweep GC freed 18(624B) AllocSpace objects, 0(0B) LOS objects, 38% free, 25MB/41MB, paused 313us total 29.792ms
08-05 23:40:40.435 28715 28728 I art     : Starting a blocking GC Explicit
08-05 23:40:40.465 28715 28728 I art     : Explicit concurrent mark sweep GC freed 3(96B) AllocSpace objects, 0(0B) LOS objects, 38% free, 25MB/41MB, paused 309us total 29.924ms
08-05 23:40:40.477 28715 28728 I art     : Starting a blocking GC Explicit
08-05 23:40:40.505 28715 28728 I art     : Explicit concurrent mark sweep GC freed 3(96B) AllocSpace objects, 0(0B) LOS objects, 38% free, 25MB/41MB, paused 297us total 28.547ms
08-05 23:40:40.517 28715 28728 I art     : Starting a blocking GC Explicit
08-05 23:40:40.545 28715 28728 I art     : Explicit concurrent mark sweep GC freed 3(96B) AllocSpace objects, 0(0B) LOS objects, 38% free, 25MB/41MB, paused 320us total 28.625ms
08-05 23:40:40.839 28715 29296 I art     : Starting a blocking GC Explicit
08-05 23:40:40.869 28715 29296 I art     : Explicit concurrent mark sweep GC freed 1293(75KB) AllocSpace objects, 1(20KB) LOS objects, 38% free, 25MB/41MB, paused 332us total 30.071ms
08-05 23:40:40.881 28715 29296 I art     : Starting a blocking GC Explicit
08-05 23:40:40.899 29317 29317 D AndroidRuntime: >>>>>> START com.android.internal.os.RuntimeInit uid 2000 <<<<<<
08-05 23:40:40.903 29317 29317 D AndroidRuntime: CheckJNI is OFF
08-05 23:40:40.910 28715 29296 I art     : Explicit concurrent mark sweep GC freed 19(656B) AllocSpace objects, 0(0B) LOS objects, 38% free, 25MB/41MB, paused 313us total 28.419ms
08-05 23:40:40.922 28715 29296 I art     : Starting a blocking GC Explicit
08-05 23:40:40.944 29317 29317 D ICU     : No timezone override file found: /data/misc/zoneinfo/current/icu/icu_tzdata.dat
08-05 23:40:40.956 28715 29296 I art     : Explicit concurrent mark sweep GC freed 8(256B) AllocSpace objects, 0(0B) LOS objects, 38% free, 25MB/41MB, paused 377us total 33.194ms
08-05 23:40:40.969 28715 29296 I art     : Starting a blocking GC Explicit
08-05 23:40:40.980 29317 29317 I Radio-JNI: register_android_hardware_Radio DONE
08-05 23:40:40.997 28715 29296 I art     : Explicit concurrent mark sweep GC freed 8(256B) AllocSpace objects, 0(0B) LOS objects, 38% free, 25MB/41MB, paused 295us total 27.633ms
08-05 23:40:41.004 29317 29317 D AndroidRuntime: Calling main entry com.android.commands.input.Input
08-05 23:40:41.006 29317 29317 I Input   : injectMotionEvent: MotionEvent { action=ACTION_DOWN, actionButton=0, id[0]=0, x[0]=1215.0, y[0]=1482.0, toolType[0]=TOOL_TYPE_UNKNOWN, buttonState=0, metaState=0, flags=0x0, edgeFlags=0x0, pointerCount=1, historySize=0, eventTime=834057419, downTime=834057419, deviceId=0, source=0x1002 }
08-05 23:40:41.009 28715 29296 I art     : Starting a blocking GC Explicit
08-05 23:40:41.011 29317 29317 I Input   : injectMotionEvent: MotionEvent { action=ACTION_UP, actionButton=0, id[0]=0, x[0]=1215.0, y[0]=1482.0, toolType[0]=TOOL_TYPE_UNKNOWN, buttonState=0, metaState=0, flags=0x0, edgeFlags=0x0, pointerCount=1, historySize=0, eventTime=834057419, downTime=834057419, deviceId=0, source=0x1002 }
08-05 23:40:41.012 29317 29317 D AndroidRuntime: Shutting down VM
08-05 23:40:41.022   512  2967 D audio_hw_primary: out_set_parameters: enter: usecase(1: low-latency-playback) kvpairs: routing=2
08-05 23:40:41.035   512  2967 D audio_hw_primary: select_devices: out_snd_device(2: speaker) in_snd_device(0: none)
08-05 23:40:41.035   512  2967 D msm8974_platform: platform_send_audio_calibration: sending audio calibration for snd_device(2) acdb_id(15)
08-05 23:40:41.035   512  2967 I soundtrigger: audio_extn_sound_trigger_update_device_status: device 0x2 of type 0 for Event 1
08-05 23:40:41.036 28715 28715 I SettingsManager: Setting boolean: completedTutorial
08-05 23:40:41.047   512  2967 D audio_hw_primary: enable_snd_device: snd_device(2: speaker)
08-05 23:40:41.049   512  2967 D audio_hw_primary: enable_audio_route: apply and update mixer path: low-latency-playback speaker
08-05 23:40:41.055 28715 29296 I art     : Explicit concurrent mark sweep GC freed 296(15KB) AllocSpace objects, 0(0B) LOS objects, 38% free, 25MB/41MB, paused 627us total 45.709ms
08-05 23:40:41.065   918  6111 W BackupManagerService: dataChanged but no participant pkg='baseline.com.ak.uobtimetable' uid=10710
08-05 23:40:41.092 28715 28730 D OpenGLRenderer: endAllStagingAnimators on 0x7f949a7800 (RippleDrawable) with handle 0x7f78f05f60
08-05 23:40:41.097   918  5952 W InputMethodManagerService: Window already focused, ignoring focus gain of: com.android.internal.view.IInputMethodClient$Stub$Proxy@2a26012 attribute=null, token = android.os.BinderProxy@63ee6d6
08-05 23:40:41.159 26613 26613 W Atfwd_Sendcmd: AtCmdFwd service not published, waiting... retryCnt : 1
08-05 23:40:41.325 28715 28927 I art     : Starting a blocking GC Explicit
08-05 23:40:41.351 28715 28927 I art     : Explicit concurrent mark sweep GC freed 1446(93KB) AllocSpace objects, 2(40KB) LOS objects, 38% free, 25MB/41MB, paused 302us total 26.397ms
08-05 23:40:41.362 28715 28927 I art     : Starting a blocking GC Explicit
08-05 23:40:41.388 28715 28927 I art     : Explicit concurrent mark sweep GC freed 1022(69KB) AllocSpace objects, 1(40KB) LOS objects, 38% free, 25MB/41MB, paused 292us total 26.493ms
08-05 23:40:41.400 28715 28927 I art     : Starting a blocking GC Explicit
08-05 23:40:41.429 28715 28927 I art     : Explicit concurrent mark sweep GC freed 3(96B) AllocSpace objects, 0(0B) LOS objects, 38% free, 25MB/41MB, paused 316us total 29.539ms
08-05 23:40:41.441 28715 28927 I art     : Starting a blocking GC Explicit
08-05 23:40:41.471 28715 28927 I art     : Explicit concurrent mark sweep GC freed 3(96B) AllocSpace objects, 0(0B) LOS objects, 38% free, 25MB/41MB, paused 306us total 29.624ms
08-05 23:40:41.483 28715 28927 I art     : Starting a blocking GC Explicit
08-05 23:40:41.512 28715 28927 I art     : Explicit concurrent mark sweep GC freed 3(96B) AllocSpace objects, 0(0B) LOS objects, 38% free, 25MB/41MB, paused 304us total 28.541ms
08-05 23:40:41.579   512  2967 D audio_hw_primary: disable_audio_route: reset and update mixer path: low-latency-playback speaker
08-05 23:40:41.581   512  2967 D audio_hw_primary: disable_snd_device: snd_device(2: speaker)
08-05 23:40:41.590   512  2967 I soundtrigger: audio_extn_sound_trigger_update_device_status: device 0x2 of type 0 for Event 0
08-05 23:40:41.820 28715 28728 I art     : Starting a blocking GC Explicit
08-05 23:40:41.862 28715 28728 I art     : Explicit concurrent mark sweep GC freed 1293(75KB) AllocSpace objects, 1(20KB) LOS objects, 38% free, 25MB/41MB, paused 323us total 41.398ms
08-05 23:40:41.873 28715 28728 I art     : Starting a blocking GC Explicit
08-05 23:40:41.903 28715 28728 I art     : Explicit concurrent mark sweep GC freed 18(624B) AllocSpace objects, 0(0B) LOS objects, 38% free, 25MB/41MB, paused 361us total 29.589ms
08-05 23:40:41.915 28715 28728 I art     : Starting a blocking GC Explicit
08-05 23:40:41.944 28715 28728 I art     : Explicit concurrent mark sweep GC freed 3(96B) AllocSpace objects, 0(0B) LOS objects, 38% free, 25MB/41MB, paused 379us total 29.660ms
08-05 23:40:41.956 28715 28728 I art     : Starting a blocking GC Explicit
08-05 23:40:41.987 28715 28728 I art     : Explicit concurrent mark sweep GC freed 3(96B) AllocSpace objects, 0(0B) LOS objects, 38% free, 25MB/41MB, paused 386us total 30.526ms
08-05 23:40:41.999 28715 28728 I art     : Starting a blocking GC Explicit
08-05 23:40:42.028 28715 28728 I art     : Explicit concurrent mark sweep GC freed 3(96B) AllocSpace objects, 0(0B) LOS objects, 38% free, 25MB/41MB, paused 320us total 29.433ms
08-05 23:40:42.323 28715 29296 I art     : Starting a blocking GC Explicit
08-05 23:40:42.353 28715 29296 I art     : Explicit concurrent mark sweep GC freed 1293(75KB) AllocSpace objects, 1(20KB) LOS objects, 38% free, 25MB/41MB, paused 327us total 29.993ms
08-05 23:40:42.364 28715 29296 I art     : Starting a blocking GC Explicit
08-05 23:40:42.393 28715 29296 I art     : Explicit concurrent mark sweep GC freed 18(624B) AllocSpace objects, 0(0B) LOS objects, 38% free, 25MB/41MB, paused 305us total 28.219ms
08-05 23:40:42.404 28715 29296 I art     : Starting a blocking GC Explicit
08-05 23:40:42.432 28715 29296 I art     : Explicit concurrent mark sweep GC freed 3(96B) AllocSpace objects, 0(0B) LOS objects, 38% free, 25MB/41MB, paused 322us total 28.074ms
08-05 23:40:42.443 28715 29296 I art     : Starting a blocking GC Explicit
08-05 23:40:42.472 28715 29296 I art     : Explicit concurrent mark sweep GC freed 3(96B) AllocSpace objects, 0(0B) LOS objects, 38% free, 25MB/41MB, paused 308us total 28.239ms
08-05 23:40:42.483 28715 29296 I art     : Starting a blocking GC Explicit
08-05 23:40:42.511 28715 29296 I art     : Explicit concurrent mark sweep GC freed 3(96B) AllocSpace objects, 0(0B) LOS objects, 38% free, 25MB/41MB, paused 319us total 28.274ms
08-05 23:40:42.678 29369 29369 D AndroidRuntime: >>>>>> START com.android.internal.os.RuntimeInit uid 2000 <<<<<<
08-05 23:40:42.683 29369 29369 D AndroidRuntime: CheckJNI is OFF
08-05 23:40:42.715 29369 29369 D ICU     : No timezone override file found: /data/misc/zoneinfo/current/icu/icu_tzdata.dat
08-05 23:40:42.748 29369 29369 I Radio-JNI: register_android_hardware_Radio DONE
08-05 23:40:42.770 29369 29369 D AndroidRuntime: Calling main entry com.android.commands.input.Input
08-05 23:40:42.772 29369 29369 I Input   : injectMotionEvent: MotionEvent { action=ACTION_DOWN, actionButton=0, id[0]=0, x[0]=81.0, y[0]=176.0, toolType[0]=TOOL_TYPE_UNKNOWN, buttonState=0, metaState=0, flags=0x0, edgeFlags=0x0, pointerCount=1, historySize=0, eventTime=834059184, downTime=834059184, deviceId=0, source=0x1002 }
08-05 23:40:42.776 29369 29369 I Input   : injectMotionEvent: MotionEvent { action=ACTION_UP, actionButton=0, id[0]=0, x[0]=81.0, y[0]=176.0, toolType[0]=TOOL_TYPE_UNKNOWN, buttonState=0, metaState=0, flags=0x0, edgeFlags=0x0, pointerCount=1, historySize=0, eventTime=834059184, downTime=834059184, deviceId=0, source=0x1002 }
08-05 23:40:42.778 29369 29369 D AndroidRuntime: Shutting down VM
08-05 23:40:42.789   512  2967 D audio_hw_primary: out_set_parameters: enter: usecase(1: low-latency-playback) kvpairs: routing=2
08-05 23:40:42.798 28715 28727 I art     : Starting a blocking GC Explicit
08-05 23:40:42.802   512  2967 D audio_hw_primary: select_devices: out_snd_device(2: speaker) in_snd_device(0: none)
08-05 23:40:42.802   512  2967 D msm8974_platform: platform_send_audio_calibration: sending audio calibration for snd_device(2) acdb_id(15)
08-05 23:40:42.802   512  2967 I soundtrigger: audio_extn_sound_trigger_update_device_status: device 0x2 of type 0 for Event 1
08-05 23:40:42.816   512  2967 D audio_hw_primary: enable_snd_device: snd_device(2: speaker)
08-05 23:40:42.817   512  2967 D audio_hw_primary: enable_audio_route: apply and update mixer path: low-latency-playback speaker
08-05 23:40:42.827 28715 28727 I art     : Explicit concurrent mark sweep GC freed 1333(76KB) AllocSpace objects, 1(20KB) LOS objects, 38% free, 25MB/41MB, paused 487us total 29.392ms
08-05 23:40:42.838 28715 28727 I art     : Starting a blocking GC Explicit
08-05 23:40:42.849 13866 13866 I GoogleInputMethodServic: GoogleInputMethodService.onFinishInput():3138 
08-05 23:40:42.849 13866 13866 I GoogleInputMethodServic: GoogleInputMethodService.onStartInput():1808 
08-05 23:40:42.865 28715 28727 I art     : Explicit concurrent mark sweep GC freed 310(16KB) AllocSpace objects, 0(0B) LOS objects, 38% free, 25MB/41MB, paused 314us total 26.609ms
08-05 23:40:42.875 28715 28727 I art     : Starting a blocking GC Explicit
08-05 23:40:42.899 28715 28727 I art     : Explicit concurrent mark sweep GC freed 99(4KB) AllocSpace objects, 0(0B) LOS objects, 38% free, 25MB/41MB, paused 295us total 23.999ms
08-05 23:40:42.909 28715 28727 I art     : Starting a blocking GC Explicit
08-05 23:40:42.933 28715 28727 I art     : Explicit concurrent mark sweep GC freed 3(96B) AllocSpace objects, 0(0B) LOS objects, 38% free, 25MB/41MB, paused 296us total 23.787ms
08-05 23:40:42.944 28715 28727 I art     : Starting a blocking GC Explicit
08-05 23:40:42.969 28715 28727 I art     : Explicit concurrent mark sweep GC freed 3(96B) AllocSpace objects, 0(0B) LOS objects, 38% free, 25MB/41MB, paused 380us total 24.835ms
08-05 23:40:42.976   918   927 I art     : Background partial concurrent mark sweep GC freed 76773(7MB) AllocSpace objects, 112(2MB) LOS objects, 18% free, 69MB/85MB, paused 1.404ms total 186.283ms
08-05 23:40:43.221 28715 29296 I art     : Starting a blocking GC Explicit
08-05 23:40:43.247 28715 29296 I art     : Explicit concurrent mark sweep GC freed 1311(76KB) AllocSpace objects, 1(20KB) LOS objects, 38% free, 25MB/41MB, paused 280us total 25.599ms
08-05 23:40:43.257 28715 29296 I art     : Starting a blocking GC Explicit
08-05 23:40:43.284 28715 29296 I art     : Explicit concurrent mark sweep GC freed 54(1872B) AllocSpace objects, 0(0B) LOS objects, 38% free, 25MB/41MB, paused 417us total 26.679ms
08-05 23:40:43.294 28715 29296 I art     : Starting a blocking GC Explicit
08-05 23:40:43.320 28715 29296 I art     : Explicit concurrent mark sweep GC freed 3(96B) AllocSpace objects, 0(0B) LOS objects, 38% free, 25MB/41MB, paused 289us total 25.509ms
08-05 23:40:43.330 28715 29296 I art     : Starting a blocking GC Explicit
08-05 23:40:43.356 28715 29296 I art     : Explicit concurrent mark sweep GC freed 3(96B) AllocSpace objects, 0(0B) LOS objects, 38% free, 25MB/41MB, paused 284us total 25.633ms
08-05 23:40:43.359   512  2967 D audio_hw_primary: disable_audio_route: reset and update mixer path: low-latency-playback speaker
08-05 23:40:43.360   512  2967 D audio_hw_primary: disable_snd_device: snd_device(2: speaker)
08-05 23:40:43.366 28715 29296 I art     : Starting a blocking GC Explicit
08-05 23:40:43.367   512  2967 I soundtrigger: audio_extn_sound_trigger_update_device_status: device 0x2 of type 0 for Event 0
08-05 23:40:43.393 28715 29296 I art     : Explicit concurrent mark sweep GC freed 3(96B) AllocSpace objects, 0(0B) LOS objects, 38% free, 25MB/41MB, paused 361us total 26.924ms
08-05 23:40:43.696 28715 28727 I art     : Starting a blocking GC Explicit
08-05 23:40:43.740 28715 28727 I art     : Explicit concurrent mark sweep GC freed 1293(75KB) AllocSpace objects, 1(20KB) LOS objects, 38% free, 25MB/41MB, paused 343us total 43.569ms
08-05 23:40:43.756 28715 28727 I art     : Starting a blocking GC Explicit
08-05 23:40:43.786 28715 28727 I art     : Explicit concurrent mark sweep GC freed 20(688B) AllocSpace objects, 0(0B) LOS objects, 38% free, 25MB/41MB, paused 300us total 29.377ms
08-05 23:40:43.797 28715 28727 I art     : Starting a blocking GC Explicit
08-05 23:40:43.827 28715 28727 I art     : Explicit concurrent mark sweep GC freed 3(96B) AllocSpace objects, 0(0B) LOS objects, 38% free, 25MB/41MB, paused 385us total 29.759ms
08-05 23:40:43.839 28715 28727 I art     : Starting a blocking GC Explicit
08-05 23:40:43.869 28715 28727 I art     : Explicit concurrent mark sweep GC freed 3(96B) AllocSpace objects, 0(0B) LOS objects, 38% free, 25MB/41MB, paused 313us total 29.750ms
08-05 23:40:43.880 28715 28727 I art     : Starting a blocking GC Explicit
08-05 23:40:43.910 28715 28727 I art     : Explicit concurrent mark sweep GC freed 3(96B) AllocSpace objects, 0(0B) LOS objects, 38% free, 25MB/41MB, paused 310us total 29.891ms
08-05 23:40:44.184 28715 28728 I art     : Starting a blocking GC Explicit
08-05 23:40:44.214 28715 28728 I art     : Explicit concurrent mark sweep GC freed 1293(75KB) AllocSpace objects, 1(20KB) LOS objects, 38% free, 25MB/41MB, paused 351us total 29.632ms
08-05 23:40:44.226 28715 28728 I art     : Starting a blocking GC Explicit
08-05 23:40:44.254 28715 28728 I art     : Explicit concurrent mark sweep GC freed 18(624B) AllocSpace objects, 0(0B) LOS objects, 38% free, 25MB/41MB, paused 365us total 27.734ms
08-05 23:40:44.265 28715 28728 I art     : Starting a blocking GC Explicit
08-05 23:40:44.292 28715 28728 I art     : Explicit concurrent mark sweep GC freed 3(96B) AllocSpace objects, 0(0B) LOS objects, 38% free, 25MB/41MB, paused 330us total 27.605ms
08-05 23:40:44.293 28715 28726 I art     : WaitForGcToComplete blocked for 27.848ms for cause HeapTrim
08-05 23:40:44.304 28715 28728 I art     : Starting a blocking GC Explicit
08-05 23:40:44.332 28715 28728 I art     : Explicit concurrent mark sweep GC freed 3(96B) AllocSpace objects, 0(0B) LOS objects, 38% free, 25MB/41MB, paused 324us total 28.414ms
08-05 23:40:44.344 28715 28728 I art     : Starting a blocking GC Explicit
08-05 23:40:44.372 28715 28728 I art     : Explicit concurrent mark sweep GC freed 3(96B) AllocSpace objects, 0(0B) LOS objects, 38% free, 25MB/41MB, paused 324us total 28.214ms
08-05 23:40:44.436 29414 29414 D AndroidRuntime: >>>>>> START com.android.internal.os.RuntimeInit uid 2000 <<<<<<
08-05 23:40:44.441 29414 29414 D AndroidRuntime: CheckJNI is OFF
08-05 23:40:44.474 29414 29414 D ICU     : No timezone override file found: /data/misc/zoneinfo/current/icu/icu_tzdata.dat
08-05 23:40:44.508 29414 29414 I Radio-JNI: register_android_hardware_Radio DONE
08-05 23:40:44.529 29414 29414 D AndroidRuntime: Calling main entry com.android.commands.input.Input
08-05 23:40:44.531 29414 29414 I Input   : injectMotionEvent: MotionEvent { action=ACTION_DOWN, actionButton=0, id[0]=0, x[0]=436.0, y[0]=1770.0, toolType[0]=TOOL_TYPE_UNKNOWN, buttonState=0, metaState=0, flags=0x0, edgeFlags=0x0, pointerCount=1, historySize=0, eventTime=834060944, downTime=834060944, deviceId=0, source=0x1002 }
08-05 23:40:44.537 29414 29414 I Input   : injectMotionEvent: MotionEvent { action=ACTION_UP, actionButton=0, id[0]=0, x[0]=436.0, y[0]=1770.0, toolType[0]=TOOL_TYPE_UNKNOWN, buttonState=0, metaState=0, flags=0x0, edgeFlags=0x0, pointerCount=1, historySize=0, eventTime=834060944, downTime=834060944, deviceId=0, source=0x1002 }
08-05 23:40:44.540 29414 29414 D AndroidRuntime: Shutting down VM
08-05 23:40:44.556 28715 28715 D MainActivity: NavigationItemSelected: Courses
08-05 23:40:44.557   918  3670 I ActivityManager: START u0 {cmp=baseline.com.ak.uobtimetable/.CourseListActivity} from uid 10710 on display 0
08-05 23:40:44.558   512  2967 D audio_hw_primary: out_set_parameters: enter: usecase(1: low-latency-playback) kvpairs: routing=2
08-05 23:40:44.571   512  2967 D audio_hw_primary: select_devices: out_snd_device(2: speaker) in_snd_device(0: none)
08-05 23:40:44.571   512  2967 D msm8974_platform: platform_send_audio_calibration: sending audio calibration for snd_device(2) acdb_id(15)
08-05 23:40:44.571   512  2967 I soundtrigger: audio_extn_sound_trigger_update_device_status: device 0x2 of type 0 for Event 1
08-05 23:40:44.582 28715 28715 D MainActivity: OnPause
08-05 23:40:44.587   512  2967 D audio_hw_primary: enable_snd_device: snd_device(2: speaker)
08-05 23:40:44.589   512  2967 D audio_hw_primary: enable_audio_route: apply and update mixer path: low-latency-playback speaker
08-05 23:40:44.610 28715 28715 D CourseListActivity: onCreate
08-05 23:40:44.613 28715 29447 D HTTP    : Request for: https://uob-timetable-api.adriankeenan.co.uk/courses
08-05 23:40:44.666 28715 28728 I art     : Starting a blocking GC Explicit
08-05 23:40:44.679   918   936 I ActivityManager: Displayed baseline.com.ak.uobtimetable/.CourseListActivity: +96ms
08-05 23:40:44.679 13866 13866 I GoogleInputMethodServic: GoogleInputMethodService.onFinishInput():3138 
08-05 23:40:44.680 13866 13866 I GoogleInputMethodServic: GoogleInputMethodService.onStartInput():1808 
08-05 23:40:44.698 28715 28728 I art     : Explicit concurrent mark sweep GC freed 4037(220KB) AllocSpace objects, 1(20KB) LOS objects, 38% free, 25MB/41MB, paused 503us total 31.252ms
08-05 23:40:44.710 28715 28728 I art     : Starting a blocking GC Explicit
08-05 23:40:44.740 28715 28728 I art     : Explicit concurrent mark sweep GC freed 633(35KB) AllocSpace objects, 0(0B) LOS objects, 38% free, 25MB/41MB, paused 387us total 29.531ms
08-05 23:40:44.751 28715 28728 I art     : Starting a blocking GC Explicit
08-05 23:40:44.779 28715 28728 I art     : Explicit concurrent mark sweep GC freed 978(70KB) AllocSpace objects, 2(120KB) LOS objects, 38% free, 25MB/41MB, paused 683us total 28.200ms
08-05 23:40:44.789 28715 28728 I art     : Starting a blocking GC Explicit
08-05 23:40:44.816 28715 28728 I art     : Explicit concurrent mark sweep GC freed 2138(151KB) AllocSpace objects, 1(80KB) LOS objects, 38% free, 25MB/41MB, paused 353us total 26.805ms
08-05 23:40:44.829 28715 28728 I art     : Starting a blocking GC Explicit
08-05 23:40:44.838 28715 29447 I NAPPA_EXPERIMENTATION: MetricNetworkRequestExecutionTime: REQUEST_DURATION_SYSTEM='224',REQUEST_DURATION_OKHTTP='44',REQUEST_SYNCHRONOUS='TRUE',RESPONSE_CODE='200',RESPONSE_METHOD='GET',RESPONSE_LENGTH_OKHTTP='-1',RESPONSE_LENGTH_HEADER='-2',REQUEST_PROTOCOL='http/1.1',REQUEST_URL='https://uob-timetable-api.adriankeenan.co.uk/courses',
08-05 23:40:44.859 28715 28728 I art     : Explicit concurrent mark sweep GC freed 350(35KB) AllocSpace objects, 0(0B) LOS objects, 37% free, 26MB/42MB, paused 389us total 30.026ms
08-05 23:40:45.058 28715 28715 D MainActivity: Saving state
08-05 23:40:45.060 28715 28715 D MainActivity: Saving current fragment: SessionListsFragment
08-05 23:40:45.061 28715 28715 D MainActivity: Saving current index: 3
08-05 23:40:45.062 28715 28715 D SessionListsFragment: Saving state
08-05 23:40:45.109 28715 28727 I art     : Starting a blocking GC Explicit
08-05 23:40:45.128   512  2967 D audio_hw_primary: disable_audio_route: reset and update mixer path: low-latency-playback speaker
08-05 23:40:45.129   512  2967 D audio_hw_primary: disable_snd_device: snd_device(2: speaker)
08-05 23:40:45.136 28715 28727 I art     : Explicit concurrent mark sweep GC freed 68(5KB) AllocSpace objects, 0(0B) LOS objects, 24% free, 48MB/64MB, paused 374us total 26.370ms
08-05 23:40:45.136   512  2967 I soundtrigger: audio_extn_sound_trigger_update_device_status: device 0x2 of type 0 for Event 0
08-05 23:40:45.146 28715 28727 I art     : Starting a blocking GC Explicit
08-05 23:40:45.172 28715 28727 I art     : Explicit concurrent mark sweep GC freed 23(864B) AllocSpace objects, 0(0B) LOS objects, 24% free, 48MB/64MB, paused 356us total 25.996ms
08-05 23:40:45.182 28715 28727 I art     : Starting a blocking GC Explicit
08-05 23:40:45.208 28715 28727 I art     : Explicit concurrent mark sweep GC freed 28(1088B) AllocSpace objects, 0(0B) LOS objects, 24% free, 48MB/64MB, paused 357us total 25.625ms
08-05 23:40:45.218 28715 28727 I art     : Starting a blocking GC Explicit
08-05 23:40:45.240 28715 29447 I HTTP    : Response was compressed.
08-05 23:40:45.245 28715 28727 I art     : Explicit concurrent mark sweep GC freed 1147(53KB) AllocSpace objects, 0(0B) LOS objects, 20% free, 63MB/79MB, paused 557us total 25.930ms
08-05 23:40:45.254 28715 28727 I art     : Starting a blocking GC Explicit
08-05 23:40:45.289 28715 28727 I art     : Explicit concurrent mark sweep GC freed 19192(888KB) AllocSpace objects, 2(22MB) LOS objects, 28% free, 41MB/57MB, paused 514us total 34.289ms
08-05 23:40:45.326   518   646 I ThermalEngine: ACTION: GPU - Setting GPU[0] to 450000000
08-05 23:40:45.583 28715 28728 I art     : Starting a blocking GC Explicit
08-05 23:40:45.642 28715 28728 I art     : Explicit concurrent mark sweep GC freed 177242(8MB) AllocSpace objects, 1(20KB) LOS objects, 27% free, 42MB/58MB, paused 637us total 58.512ms
08-05 23:40:45.658 28715 28728 I art     : Starting a blocking GC Explicit
08-05 23:40:45.702 28715 28728 I art     : Explicit concurrent mark sweep GC freed 39000(1841KB) AllocSpace objects, 0(0B) LOS objects, 27% free, 42MB/58MB, paused 857us total 43.202ms
08-05 23:40:45.717 28715 28728 I art     : Starting a blocking GC Explicit
08-05 23:40:45.761 28715 28728 I art     : Explicit concurrent mark sweep GC freed 32760(1535KB) AllocSpace objects, 0(0B) LOS objects, 27% free, 42MB/58MB, paused 992us total 43.982ms
08-05 23:40:45.777 28715 28728 I art     : Starting a blocking GC Explicit
08-05 23:40:45.821 28715 28728 I art     : Explicit concurrent mark sweep GC freed 30131(1432KB) AllocSpace objects, 0(0B) LOS objects, 27% free, 43MB/59MB, paused 954us total 44.342ms
08-05 23:40:45.837 28715 28728 I art     : Starting a blocking GC Explicit
08-05 23:40:45.883 28715 28728 I art     : Explicit concurrent mark sweep GC freed 32647(1538KB) AllocSpace objects, 0(0B) LOS objects, 27% free, 43MB/59MB, paused 886us total 45.424ms
08-05 23:40:46.160 26613 26613 I ServiceManager: Waiting for service AtCmdFwd...
08-05 23:40:46.191 28715 28927 I art     : Starting a blocking GC Explicit
08-05 23:40:46.261 28715 28927 I art     : Explicit concurrent mark sweep GC freed 191362(8MB) AllocSpace objects, 1(20KB) LOS objects, 26% free, 45MB/61MB, paused 861us total 69.608ms
08-05 23:40:46.279 28715 28927 I art     : Starting a blocking GC Explicit
08-05 23:40:46.331 28715 28927 I art     : Explicit concurrent mark sweep GC freed 45182(2MB) AllocSpace objects, 0(0B) LOS objects, 26% free, 45MB/61MB, paused 1.109ms total 51.377ms
08-05 23:40:46.349 28715 28927 I art     : Starting a blocking GC Explicit
08-05 23:40:46.402 28715 28927 I art     : Explicit concurrent mark sweep GC freed 37562(1755KB) AllocSpace objects, 0(0B) LOS objects, 26% free, 45MB/61MB, paused 1.128ms total 52.465ms
08-05 23:40:46.420 28715 28927 I art     : Starting a blocking GC Explicit
08-05 23:40:46.472 28715 28927 I art     : Explicit concurrent mark sweep GC freed 36449(1729KB) AllocSpace objects, 0(0B) LOS objects, 25% free, 45MB/61MB, paused 1.118ms total 51.898ms
08-05 23:40:46.489 28715 28927 I art     : Starting a blocking GC Explicit
08-05 23:40:46.516   918  3188 I hubconnection: sensorhub said: 'set_bias 3: -6.2400, 0.0000, 0.0000'
08-05 23:40:46.542 28715 28927 I art     : Explicit concurrent mark sweep GC freed 37505(1789KB) AllocSpace objects, 0(0B) LOS objects, 25% free, 45MB/61MB, paused 1.138ms total 52.827ms
08-05 23:40:46.855 28715 28728 I art     : Starting a blocking GC Explicit
08-05 23:40:46.933 28715 28728 I art     : Explicit concurrent mark sweep GC freed 197514(9MB) AllocSpace objects, 1(20KB) LOS objects, 25% free, 47MB/63MB, paused 1.242ms total 77.544ms
08-05 23:40:46.954 28715 28728 I art     : Starting a blocking GC Explicit
08-05 23:40:47.012 28715 28728 I art     : Explicit concurrent mark sweep GC freed 49845(2MB) AllocSpace objects, 0(0B) LOS objects, 25% free, 47MB/63MB, paused 1.165ms total 57.887ms
08-05 23:40:47.032 28715 28728 I art     : Starting a blocking GC Explicit
08-05 23:40:47.092 28715 28728 I art     : Explicit concurrent mark sweep GC freed 42176(1984KB) AllocSpace objects, 0(0B) LOS objects, 25% free, 47MB/63MB, paused 1.248ms total 59.662ms
08-05 23:40:47.111 28715 28728 I art     : Starting a blocking GC Explicit
08-05 23:40:47.160 26613 26613 I ServiceManager: Waiting for service AtCmdFwd...
08-05 23:40:47.172 28715 28728 I art     : Explicit concurrent mark sweep GC freed 42046(2028KB) AllocSpace objects, 0(0B) LOS objects, 24% free, 48MB/64MB, paused 1.329ms total 60.373ms
08-05 23:40:47.191 28715 28728 I art     : Starting a blocking GC Explicit
08-05 23:40:47.255 28715 28728 I art     : Explicit concurrent mark sweep GC freed 42857(2015KB) AllocSpace objects, 0(0B) LOS objects, 24% free, 48MB/64MB, paused 1.468ms total 62.975ms
08-05 23:40:47.582 28715 28728 I art     : Starting a blocking GC Explicit
08-05 23:40:47.670 28715 28728 I art     : Explicit concurrent mark sweep GC freed 205241(9MB) AllocSpace objects, 1(20KB) LOS objects, 24% free, 50MB/66MB, paused 1.191ms total 87.115ms
08-05 23:40:47.691 28715 28728 I art     : Starting a blocking GC Explicit
08-05 23:40:47.759 28715 28728 I art     : Explicit concurrent mark sweep GC freed 55155(2MB) AllocSpace objects, 0(0B) LOS objects, 24% free, 50MB/66MB, paused 1.397ms total 67.724ms
08-05 23:40:47.780 28715 28728 I art     : Starting a blocking GC Explicit
08-05 23:40:47.849 28715 28728 I art     : Explicit concurrent mark sweep GC freed 47410(2MB) AllocSpace objects, 0(0B) LOS objects, 23% free, 50MB/66MB, paused 1.443ms total 68.538ms
08-05 23:40:47.870 28715 28728 I art     : Starting a blocking GC Explicit
08-05 23:40:47.940 28715 28728 I art     : Explicit concurrent mark sweep GC freed 47155(2MB) AllocSpace objects, 0(0B) LOS objects, 23% free, 51MB/67MB, paused 1.550ms total 69.751ms
08-05 23:40:47.961 28715 28728 I art     : Starting a blocking GC Explicit
08-05 23:40:48.032 28715 28728 I art     : Explicit concurrent mark sweep GC freed 47865(2MB) AllocSpace objects, 0(0B) LOS objects, 23% free, 51MB/67MB, paused 1.478ms total 71.245ms
08-05 23:40:48.097 28715 29447 I Service : getCourses response time: 0.69
08-05 23:40:48.111 28715 28715 I SettingsManager: Getting string: savedCourse
08-05 23:40:48.161 26613 26613 I ServiceManager: Waiting for service AtCmdFwd...
08-05 23:40:48.366 28715 28728 I art     : Starting a blocking GC Explicit
08-05 23:40:48.471 28715 28728 I art     : Explicit concurrent mark sweep GC freed 41814(2020KB) AllocSpace objects, 2(15MB) LOS objects, 30% free, 36MB/52MB, paused 483us total 105.345ms
08-05 23:40:48.495 28715 28728 I art     : Starting a blocking GC Explicit
08-05 23:40:48.574 28715 28728 I art     : Explicit concurrent mark sweep GC freed 749(66KB) AllocSpace objects, 0(0B) LOS objects, 30% free, 36MB/52MB, paused 464us total 78.206ms
08-05 23:40:48.597 28715 28728 I art     : Starting a blocking GC Explicit
08-05 23:40:48.672 28715 28728 I art     : Explicit concurrent mark sweep GC freed 3(96B) AllocSpace objects, 0(0B) LOS objects, 30% free, 36MB/52MB, paused 480us total 74.777ms
08-05 23:40:48.696 28715 28728 I art     : Starting a blocking GC Explicit
08-05 23:40:48.775 28715 28728 I art     : Explicit concurrent mark sweep GC freed 3(96B) AllocSpace objects, 0(0B) LOS objects, 30% free, 36MB/52MB, paused 484us total 78.427ms
08-05 23:40:48.799 28715 28728 I art     : Starting a blocking GC Explicit
08-05 23:40:48.877 28715 28728 I art     : Explicit concurrent mark sweep GC freed 3(96B) AllocSpace objects, 0(0B) LOS objects, 30% free, 36MB/52MB, paused 490us total 76.762ms
08-05 23:40:49.161 26613 26613 I ServiceManager: Waiting for service AtCmdFwd...
08-05 23:40:49.227 28715 28727 I art     : Starting a blocking GC Explicit
08-05 23:40:49.324 28715 28727 I art     : Explicit concurrent mark sweep GC freed 1293(75KB) AllocSpace objects, 1(20KB) LOS objects, 30% free, 36MB/52MB, paused 475us total 95.804ms
08-05 23:40:49.354 28715 28727 I art     : Starting a blocking GC Explicit
08-05 23:40:49.431 28715 28727 I art     : Explicit concurrent mark sweep GC freed 18(624B) AllocSpace objects, 0(0B) LOS objects, 30% free, 36MB/52MB, paused 492us total 76.751ms
08-05 23:40:49.431 28715 28726 I art     : WaitForGcToComplete blocked for 77.082ms for cause HeapTrim
08-05 23:40:49.455 28715 28727 I art     : Starting a blocking GC Explicit
08-05 23:40:49.533 28715 28727 I art     : Explicit concurrent mark sweep GC freed 3(96B) AllocSpace objects, 0(0B) LOS objects, 30% free, 36MB/52MB, paused 483us total 76.922ms
08-05 23:40:49.557 28715 28727 I art     : Starting a blocking GC Explicit
08-05 23:40:49.634 28715 28727 I art     : Explicit concurrent mark sweep GC freed 3(96B) AllocSpace objects, 0(0B) LOS objects, 30% free, 36MB/52MB, paused 482us total 76.758ms
08-05 23:40:49.659 28715 28727 I art     : Starting a blocking GC Explicit
08-05 23:40:49.735 28715 28727 I art     : Explicit concurrent mark sweep GC freed 3(96B) AllocSpace objects, 0(0B) LOS objects, 30% free, 36MB/52MB, paused 570us total 76.002ms
08-05 23:40:49.808   918  5132 I ActivityManager: Killing 2697:com.google.android.apps.maps/u0a58 (adj 15): empty #17
08-05 23:40:49.873   918  6111 D ConnectivityService: ConnectivityService NetworkRequestInfo binderDied(NetworkRequest [ id=3606, legacyType=-1, [ Capabilities: INTERNET&NOT_RESTRICTED&TRUSTED] ], android.os.BinderProxy@e3ef5d1)
08-05 23:40:49.873   918  3263 D ConnectivityService: releasing NetworkRequest NetworkRequest [ id=3606, legacyType=-1, [ Capabilities: INTERNET&NOT_RESTRICTED&TRUSTED] ]
08-05 23:40:49.874   918  3263 E ConnectivityService: RemoteException caught trying to send a callback msg for NetworkRequest [ id=3606, legacyType=-1, [ Capabilities: INTERNET&NOT_RESTRICTED&TRUSTED] ]
08-05 23:40:50.063 28715 28727 I art     : Starting a blocking GC Explicit
08-05 23:40:50.155 28715 28727 I art     : Explicit concurrent mark sweep GC freed 1338(77KB) AllocSpace objects, 1(20KB) LOS objects, 30% free, 36MB/52MB, paused 516us total 91.911ms
08-05 23:40:50.162 26613 26613 I ServiceManager: Waiting for service AtCmdFwd...
08-05 23:40:50.181 28715 28727 I art     : Starting a blocking GC Explicit
08-05 23:40:50.258 28715 28727 I art     : Explicit concurrent mark sweep GC freed 24(848B) AllocSpace objects, 0(0B) LOS objects, 30% free, 36MB/52MB, paused 583us total 76.185ms
08-05 23:40:50.282 28715 28727 I art     : Starting a blocking GC Explicit
08-05 23:40:50.359 28715 28727 I art     : Explicit concurrent mark sweep GC freed 3(96B) AllocSpace objects, 0(0B) LOS objects, 30% free, 36MB/52MB, paused 494us total 76.308ms
08-05 23:40:50.383 28715 28727 I art     : Starting a blocking GC Explicit
08-05 23:40:50.461 28715 28727 I art     : Explicit concurrent mark sweep GC freed 3(96B) AllocSpace objects, 0(0B) LOS objects, 30% free, 36MB/52MB, paused 468us total 77.322ms
08-05 23:40:50.485 28715 28727 I art     : Starting a blocking GC Explicit
08-05 23:40:50.562 28715 28727 I art     : Explicit concurrent mark sweep GC freed 3(96B) AllocSpace objects, 0(0B) LOS objects, 30% free, 36MB/52MB, paused 482us total 77.455ms
08-05 23:40:50.712 21068 21169 W FirebaseInstanceId: Token retrieval failed: SERVICE_NOT_AVAILABLE. Will retry token retrieval
08-05 23:40:50.899 28715 28728 I art     : Starting a blocking GC Explicit
08-05 23:40:50.977 28715 28728 I art     : Explicit concurrent mark sweep GC freed 1294(75KB) AllocSpace objects, 1(20KB) LOS objects, 30% free, 36MB/52MB, paused 482us total 78.145ms
08-05 23:40:51.000 28715 28728 I art     : Starting a blocking GC Explicit
08-05 23:40:51.073 28715 28728 I art     : Explicit concurrent mark sweep GC freed 18(624B) AllocSpace objects, 0(0B) LOS objects, 30% free, 36MB/52MB, paused 480us total 72.234ms
08-05 23:40:51.097 28715 28728 I art     : Starting a blocking GC Explicit
08-05 23:40:51.163 26613 26613 W Atfwd_Sendcmd: AtCmdFwd service not published, waiting... retryCnt : 2
08-05 23:40:51.171 28715 28728 I art     : Explicit concurrent mark sweep GC freed 3(96B) AllocSpace objects, 0(0B) LOS objects, 30% free, 36MB/52MB, paused 481us total 73.848ms
08-05 23:40:51.195 28715 28728 I art     : Starting a blocking GC Explicit
08-05 23:40:51.267 28715 28728 I art     : Explicit concurrent mark sweep GC freed 3(96B) AllocSpace objects, 0(0B) LOS objects, 30% free, 36MB/52MB, paused 518us total 72.195ms
08-05 23:40:51.291 28715 28728 I art     : Starting a blocking GC Explicit
08-05 23:40:51.337   518   646 I ThermalEngine: ACTION: GPU - Setting GPU[0] to 510000000
08-05 23:40:51.337 29534 29534 D AndroidRuntime: >>>>>> START com.android.internal.os.RuntimeInit uid 2000 <<<<<<
08-05 23:40:51.343 29534 29534 D AndroidRuntime: CheckJNI is OFF
08-05 23:40:51.359 28715 28728 I art     : Explicit concurrent mark sweep GC freed 3(96B) AllocSpace objects, 0(0B) LOS objects, 30% free, 36MB/52MB, paused 469us total 67.728ms
08-05 23:40:51.390 29534 29534 D ICU     : No timezone override file found: /data/misc/zoneinfo/current/icu/icu_tzdata.dat
08-05 23:40:51.422 29534 29534 I Radio-JNI: register_android_hardware_Radio DONE
08-05 23:40:51.443 29534 29534 D AndroidRuntime: Calling main entry com.android.commands.input.Input
08-05 23:40:51.445 29534 29534 I Input   : injectMotionEvent: MotionEvent { action=ACTION_DOWN, actionButton=0, id[0]=0, x[0]=558.0, y[0]=368.0, toolType[0]=TOOL_TYPE_UNKNOWN, buttonState=0, metaState=0, flags=0x0, edgeFlags=0x0, pointerCount=1, historySize=0, eventTime=834067857, downTime=834067857, deviceId=0, source=0x1002 }
08-05 23:40:51.450 29534 29534 I Input   : injectMotionEvent: MotionEvent { action=ACTION_UP, actionButton=0, id[0]=0, x[0]=558.0, y[0]=368.0, toolType[0]=TOOL_TYPE_UNKNOWN, buttonState=0, metaState=0, flags=0x0, edgeFlags=0x0, pointerCount=1, historySize=0, eventTime=834067857, downTime=834067857, deviceId=0, source=0x1002 }
08-05 23:40:51.451 29534 29534 D AndroidRuntime: Shutting down VM
08-05 23:40:51.632 28715 28728 I art     : Starting a blocking GC Explicit
08-05 23:40:51.688 28715 28728 I art     : Explicit concurrent mark sweep GC freed 2217(170KB) AllocSpace objects, 1(20KB) LOS objects, 30% free, 36MB/52MB, paused 393us total 55.432ms
08-05 23:40:51.707 28715 28728 I art     : Starting a blocking GC Explicit
08-05 23:40:51.757 28715 28728 I art     : Explicit concurrent mark sweep GC freed 80(4KB) AllocSpace objects, 0(0B) LOS objects, 30% free, 36MB/52MB, paused 303us total 49.725ms
08-05 23:40:51.774 28715 28728 I art     : Starting a blocking GC Explicit
08-05 23:40:51.825 28715 28728 I art     : Explicit concurrent mark sweep GC freed 19(800B) AllocSpace objects, 0(0B) LOS objects, 30% free, 36MB/52MB, paused 333us total 50.870ms
08-05 23:40:51.843 28715 28728 I art     : Starting a blocking GC Explicit
08-05 23:40:51.896 28715 28728 I art     : Explicit concurrent mark sweep GC freed 286(12KB) AllocSpace objects, 0(0B) LOS objects, 30% free, 36MB/52MB, paused 332us total 52.947ms
08-05 23:40:51.913 28715 28728 I art     : Starting a blocking GC Explicit
08-05 23:40:51.965 28715 28728 I art     : Explicit concurrent mark sweep GC freed 25(1104B) AllocSpace objects, 0(0B) LOS objects, 30% free, 36MB/52MB, paused 486us total 51.483ms
08-05 23:40:52.276 28715 28927 I art     : Starting a blocking GC Explicit
08-05 23:40:52.342 28715 28927 I art     : Explicit concurrent mark sweep GC freed 1361(78KB) AllocSpace objects, 1(20KB) LOS objects, 30% free, 36MB/52MB, paused 379us total 65.738ms
08-05 23:40:52.361 28715 28927 I art     : Starting a blocking GC Explicit
08-05 23:40:52.420 28715 28927 I art     : Explicit concurrent mark sweep GC freed 18(624B) AllocSpace objects, 0(0B) LOS objects, 30% free, 36MB/52MB, paused 350us total 58.258ms
08-05 23:40:52.438 28715 28927 I art     : Starting a blocking GC Explicit
08-05 23:40:52.498 28715 28927 I art     : Explicit concurrent mark sweep GC freed 3(96B) AllocSpace objects, 0(0B) LOS objects, 30% free, 36MB/52MB, paused 399us total 59.398ms
08-05 23:40:52.517 28715 28927 I art     : Starting a blocking GC Explicit
08-05 23:40:52.576 28715 28927 I art     : Explicit concurrent mark sweep GC freed 3(96B) AllocSpace objects, 0(0B) LOS objects, 30% free, 36MB/52MB, paused 354us total 57.980ms
08-05 23:40:52.596 28715 28927 I art     : Starting a blocking GC Explicit
08-05 23:40:52.656 28715 28927 I art     : Explicit concurrent mark sweep GC freed 3(96B) AllocSpace objects, 0(0B) LOS objects, 30% free, 36MB/52MB, paused 350us total 59.957ms
08-05 23:40:52.815   918  3261 D WifiStateMachine: starting scan for "H369AA63323"WPA_PSK with 2412,5180
08-05 23:40:52.949 28715 29296 I art     : Starting a blocking GC Explicit
08-05 23:40:53.011 28715 29296 I art     : Explicit concurrent mark sweep GC freed 1293(75KB) AllocSpace objects, 1(20KB) LOS objects, 30% free, 36MB/52MB, paused 368us total 61.463ms
08-05 23:40:53.030 28715 29296 I art     : Starting a blocking GC Explicit
08-05 23:40:53.084 28715 29296 I art     : Explicit concurrent mark sweep GC freed 18(624B) AllocSpace objects, 0(0B) LOS objects, 30% free, 36MB/52MB, paused 337us total 53.742ms
08-05 23:40:53.101 28715 29296 I art     : Starting a blocking GC Explicit
08-05 23:40:53.103 29601 29601 D AndroidRuntime: >>>>>> START com.android.internal.os.RuntimeInit uid 2000 <<<<<<
08-05 23:40:53.107 29601 29601 D AndroidRuntime: CheckJNI is OFF
08-05 23:40:53.140 29601 29601 D ICU     : No timezone override file found: /data/misc/zoneinfo/current/icu/icu_tzdata.dat
08-05 23:40:53.154 28715 29296 I art     : Explicit concurrent mark sweep GC freed 6(192B) AllocSpace objects, 0(0B) LOS objects, 30% free, 36MB/52MB, paused 340us total 52.572ms
08-05 23:40:53.174 28715 29296 I art     : Starting a blocking GC Explicit
08-05 23:40:53.179 29601 29601 I Radio-JNI: register_android_hardware_Radio DONE
08-05 23:40:53.199 29601 29601 D AndroidRuntime: Calling main entry com.android.commands.input.Input
08-05 23:40:53.201 29601 29601 I Input   : injectMotionEvent: MotionEvent { action=ACTION_DOWN, actionButton=0, id[0]=0, x[0]=945.0, y[0]=1376.0, toolType[0]=TOOL_TYPE_UNKNOWN, buttonState=0, metaState=0, flags=0x0, edgeFlags=0x0, pointerCount=1, historySize=0, eventTime=834069614, downTime=834069614, deviceId=0, source=0x1002 }
08-05 23:40:53.205 29601 29601 I Input   : injectMotionEvent: MotionEvent { action=ACTION_UP, actionButton=0, id[0]=0, x[0]=945.0, y[0]=1376.0, toolType[0]=TOOL_TYPE_UNKNOWN, buttonState=0, metaState=0, flags=0x0, edgeFlags=0x0, pointerCount=1, historySize=0, eventTime=834069614, downTime=834069614, deviceId=0, source=0x1002 }
08-05 23:40:53.208 29601 29601 D AndroidRuntime: Shutting down VM
08-05 23:40:53.224 28715 29296 I art     : Explicit concurrent mark sweep GC freed 27(976B) AllocSpace objects, 0(0B) LOS objects, 30% free, 36MB/52MB, paused 325us total 49.204ms
08-05 23:40:53.242 28715 29296 I art     : Starting a blocking GC Explicit
08-05 23:40:53.284   512  2967 D audio_hw_primary: out_set_parameters: enter: usecase(1: low-latency-playback) kvpairs: routing=2
08-05 23:40:53.293 28715 29296 I art     : Explicit concurrent mark sweep GC freed 52(2448B) AllocSpace objects, 0(0B) LOS objects, 30% free, 36MB/52MB, paused 327us total 50.884ms
08-05 23:40:53.297   512  2967 D audio_hw_primary: select_devices: out_snd_device(2: speaker) in_snd_device(0: none)
08-05 23:40:53.297   512  2967 D msm8974_platform: platform_send_audio_calibration: sending audio calibration for snd_device(2) acdb_id(15)
08-05 23:40:53.297   512  2967 I soundtrigger: audio_extn_sound_trigger_update_device_status: device 0x2 of type 0 for Event 1
08-05 23:40:53.302 13866 13866 I GoogleInputMethodServic: GoogleInputMethodService.onFinishInput():3138 
08-05 23:40:53.302 13866 13866 I GoogleInputMethodServic: GoogleInputMethodService.onStartInput():1808 
08-05 23:40:53.308   512  2967 D audio_hw_primary: enable_snd_device: snd_device(2: speaker)
08-05 23:40:53.310   512  2967 D audio_hw_primary: enable_audio_route: apply and update mixer path: low-latency-playback speaker
08-05 23:40:53.317 13866 13866 I GoogleInputMethodServic: GoogleInputMethodService.onFinishInput():3138 
08-05 23:40:53.318 13866 13866 I GoogleInputMethodServic: GoogleInputMethodService.onStartInput():1808 
08-05 23:40:53.344   518   646 I ThermalEngine: ACTION: GPU - Setting GPU[0] to 450000000
08-05 23:40:53.592 28715 28728 I art     : Starting a blocking GC Explicit
08-05 23:40:53.638 28715 28730 D OpenGLRenderer: endAllStagingAnimators on 0x7f77cd8c00 (ListPopupWindow$DropDownListView) with handle 0x7f7903fc40
08-05 23:40:53.657 28715 28728 I art     : Explicit concurrent mark sweep GC freed 2236(128KB) AllocSpace objects, 1(20KB) LOS objects, 30% free, 36MB/52MB, paused 429us total 64.828ms
08-05 23:40:53.679 28715 28728 I art     : Starting a blocking GC Explicit
08-05 23:40:53.743 28715 28728 I art     : Explicit concurrent mark sweep GC freed 818(68KB) AllocSpace objects, 0(0B) LOS objects, 30% free, 36MB/52MB, paused 456us total 63.095ms
08-05 23:40:53.764 28715 28728 I art     : Starting a blocking GC Explicit
08-05 23:40:53.834 28715 28728 I art     : Explicit concurrent mark sweep GC freed 549(37KB) AllocSpace objects, 0(0B) LOS objects, 30% free, 36MB/52MB, paused 460us total 69.554ms
08-05 23:40:53.857 28715 28728 I art     : Starting a blocking GC Explicit
08-05 23:40:53.858   512  2967 D audio_hw_primary: disable_audio_route: reset and update mixer path: low-latency-playback speaker
08-05 23:40:53.859   512  2967 D audio_hw_primary: disable_snd_device: snd_device(2: speaker)
08-05 23:40:53.867   512  2967 I soundtrigger: audio_extn_sound_trigger_update_device_status: device 0x2 of type 0 for Event 0
08-05 23:40:53.928 28715 28728 I art     : Explicit concurrent mark sweep GC freed 3(96B) AllocSpace objects, 0(0B) LOS objects, 30% free, 36MB/52MB, paused 476us total 71.042ms
08-05 23:40:53.951 28715 28728 I art     : Starting a blocking GC Explicit
08-05 23:40:54.022 28715 28728 I art     : Explicit concurrent mark sweep GC freed 3(96B) AllocSpace objects, 0(0B) LOS objects, 30% free, 36MB/52MB, paused 467us total 70.594ms
08-05 23:40:54.358 28715 29296 I art     : Starting a blocking GC Explicit
08-05 23:40:54.453 28715 29296 I art     : Explicit concurrent mark sweep GC freed 1293(75KB) AllocSpace objects, 1(20KB) LOS objects, 30% free, 36MB/52MB, paused 479us total 94.568ms
08-05 23:40:54.475 28715 29296 I art     : Starting a blocking GC Explicit
08-05 23:40:54.541 28715 29296 I art     : Explicit concurrent mark sweep GC freed 18(624B) AllocSpace objects, 0(0B) LOS objects, 30% free, 36MB/52MB, paused 463us total 65.245ms
08-05 23:40:54.541 28715 28726 I art     : WaitForGcToComplete blocked for 7.795ms for cause HeapTrim
08-05 23:40:54.563 28715 29296 I art     : Starting a blocking GC Explicit
08-05 23:40:54.632 28715 29296 I art     : Explicit concurrent mark sweep GC freed 3(96B) AllocSpace objects, 0(0B) LOS objects, 30% free, 36MB/52MB, paused 459us total 68.926ms
08-05 23:40:54.655 28715 29296 I art     : Starting a blocking GC Explicit
08-05 23:40:54.723 28715 29296 I art     : Explicit concurrent mark sweep GC freed 3(96B) AllocSpace objects, 0(0B) LOS objects, 30% free, 36MB/52MB, paused 459us total 67.381ms
08-05 23:40:54.745 28715 29296 I art     : Starting a blocking GC Explicit
08-05 23:40:54.813 28715 29296 I art     : Explicit concurrent mark sweep GC freed 3(96B) AllocSpace objects, 0(0B) LOS objects, 30% free, 36MB/52MB, paused 432us total 67.717ms
08-05 23:40:54.963 29647 29647 D AndroidRuntime: >>>>>> START com.android.internal.os.RuntimeInit uid 2000 <<<<<<
08-05 23:40:54.968 29647 29647 D AndroidRuntime: CheckJNI is OFF
08-05 23:40:55.008 29647 29647 D ICU     : No timezone override file found: /data/misc/zoneinfo/current/icu/icu_tzdata.dat
08-05 23:40:55.048 29647 29647 I Radio-JNI: register_android_hardware_Radio DONE
08-05 23:40:55.076 29647 29647 D AndroidRuntime: Calling main entry com.android.commands.input.Input
08-05 23:40:55.078 29647 29647 I Input   : injectMotionEvent: MotionEvent { action=ACTION_DOWN, actionButton=0, id[0]=0, x[0]=481.0, y[0]=544.0, toolType[0]=TOOL_TYPE_UNKNOWN, buttonState=0, metaState=0, flags=0x0, edgeFlags=0x0, pointerCount=1, historySize=0, eventTime=834071491, downTime=834071491, deviceId=0, source=0x1002 }
08-05 23:40:55.083 29647 29647 I Input   : injectMotionEvent: MotionEvent { action=ACTION_UP, actionButton=0, id[0]=0, x[0]=481.0, y[0]=544.0, toolType[0]=TOOL_TYPE_UNKNOWN, buttonState=0, metaState=0, flags=0x0, edgeFlags=0x0, pointerCount=1, historySize=0, eventTime=834071491, downTime=834071491, deviceId=0, source=0x1002 }
08-05 23:40:55.086 29647 29647 D AndroidRuntime: Shutting down VM
08-05 23:40:55.115 28715 28927 I art     : Starting a blocking GC Explicit
08-05 23:40:55.178 28715 28927 I art     : Explicit concurrent mark sweep GC freed 1958(104KB) AllocSpace objects, 1(20KB) LOS objects, 30% free, 36MB/52MB, paused 617us total 63.139ms
08-05 23:40:55.200 28715 28927 I art     : Starting a blocking GC Explicit
08-05 23:40:55.262 28715 28927 I art     : Explicit concurrent mark sweep GC freed 176(7KB) AllocSpace objects, 0(0B) LOS objects, 30% free, 36MB/52MB, paused 414us total 61.707ms
08-05 23:40:55.282 28715 28927 I art     : Starting a blocking GC Explicit
08-05 23:40:55.344 28715 28927 I art     : Explicit concurrent mark sweep GC freed 15(672B) AllocSpace objects, 0(0B) LOS objects, 30% free, 36MB/52MB, paused 415us total 61.476ms
08-05 23:40:55.366 28715 28927 I art     : Starting a blocking GC Explicit
08-05 23:40:55.428 28715 28927 I art     : Explicit concurrent mark sweep GC freed 305(13KB) AllocSpace objects, 0(0B) LOS objects, 30% free, 36MB/52MB, paused 455us total 61.581ms
08-05 23:40:55.455 28715 28927 I art     : Starting a blocking GC Explicit
08-05 23:40:55.518 28715 28927 I art     : Explicit concurrent mark sweep GC freed 10(352B) AllocSpace objects, 0(0B) LOS objects, 30% free, 36MB/52MB, paused 467us total 62.184ms
08-05 23:40:55.858 28715 28728 I art     : Starting a blocking GC Explicit
08-05 23:40:55.933 28715 28728 I art     : Explicit concurrent mark sweep GC freed 1330(77KB) AllocSpace objects, 1(20KB) LOS objects, 30% free, 36MB/52MB, paused 472us total 74.606ms
08-05 23:40:55.957 28715 28728 I art     : Starting a blocking GC Explicit
08-05 23:40:56.028 28715 28728 I art     : Explicit concurrent mark sweep GC freed 26(880B) AllocSpace objects, 0(0B) LOS objects, 30% free, 36MB/52MB, paused 497us total 70.806ms
08-05 23:40:56.051 28715 28728 I art     : Starting a blocking GC Explicit
08-05 23:40:56.092  5179  5194 D QcrilMsgTunnelSocket: readRilMessage: Buffer = [B@671e81d HexData = [010000000404000011000000514f454d484f4f4bef0308000100000003]
08-05 23:40:56.092  5179  5194 D QcrilMsgTunnelSocket: Rcvd UNSOL response with 28 bytes data for SUB0
08-05 23:40:56.092  5179  5194 D QcrilMsgTunnelSocket: Response ID 525295 is not served in this process.
08-05 23:40:56.092  5179  5194 D QcrilMsgTunnelSocket: To broadcast an Intent via the notifier to external apps
08-05 23:40:56.093  5179  5179 D QcrilMsgTunnelIfaceManager: handleMessage what = 0
08-05 23:40:56.093  5179  5179 D QcrilMsgTunnelIfaceManager: Broadcasting intent ACTION_UNSOL_RESPONSE_OEM_HOOK_RAW
08-05 23:40:56.095  5164  5164 D QC_RIL_OEM_HOOK: Received Broadcast Intent ACTION_UNSOL_RESPONSE_OEM_HOOK_RAW
08-05 23:40:56.095  5164  5164 D QC_RIL_OEM_HOOK: Oem ID in QCRILHOOK UNSOL RESP is QOEMHOOK
08-05 23:40:56.123 28715 28728 I art     : Explicit concurrent mark sweep GC freed 3(96B) AllocSpace objects, 0(0B) LOS objects, 30% free, 36MB/52MB, paused 433us total 70.847ms
08-05 23:40:56.145 28715 28728 I art     : Starting a blocking GC Explicit
08-05 23:40:56.214 28715 28728 I art     : Explicit concurrent mark sweep GC freed 3(96B) AllocSpace objects, 0(0B) LOS objects, 30% free, 36MB/52MB, paused 466us total 69.423ms
08-05 23:40:56.238 28715 28728 I art     : Starting a blocking GC Explicit
08-05 23:40:56.305 28715 28728 I art     : Explicit concurrent mark sweep GC freed 3(96B) AllocSpace objects, 0(0B) LOS objects, 30% free, 36MB/52MB, paused 458us total 66.547ms
08-05 23:40:56.625 28715 28927 I art     : Starting a blocking GC Explicit
08-05 23:40:56.704 28715 28927 I art     : Explicit concurrent mark sweep GC freed 1293(75KB) AllocSpace objects, 1(20KB) LOS objects, 30% free, 36MB/52MB, paused 464us total 78.940ms
08-05 23:40:56.728 28715 28927 I art     : Starting a blocking GC Explicit
08-05 23:40:56.802 28715 28927 I art     : Explicit concurrent mark sweep GC freed 23(784B) AllocSpace objects, 0(0B) LOS objects, 30% free, 36MB/52MB, paused 492us total 74.112ms
08-05 23:40:56.826 28715 28927 I art     : Starting a blocking GC Explicit
08-05 23:40:56.872 29687 29687 D AndroidRuntime: >>>>>> START com.android.internal.os.RuntimeInit uid 2000 <<<<<<
08-05 23:40:56.878 29687 29687 D AndroidRuntime: CheckJNI is OFF
08-05 23:40:56.895 28715 28927 I art     : Explicit concurrent mark sweep GC freed 15(480B) AllocSpace objects, 0(0B) LOS objects, 30% free, 36MB/52MB, paused 477us total 68.818ms
08-05 23:40:56.918 28715 28927 I art     : Starting a blocking GC Explicit
08-05 23:40:56.927 29687 29687 D ICU     : No timezone override file found: /data/misc/zoneinfo/current/icu/icu_tzdata.dat
08-05 23:40:56.972 29687 29687 I Radio-JNI: register_android_hardware_Radio DONE
08-05 23:40:56.983 28715 28927 I art     : Explicit concurrent mark sweep GC freed 13(416B) AllocSpace objects, 0(0B) LOS objects, 30% free, 36MB/52MB, paused 475us total 64.919ms
08-05 23:40:57.002 29687 29687 D AndroidRuntime: Calling main entry com.android.commands.input.Input
08-05 23:40:57.004 29687 29687 I Input   : injectMotionEvent: MotionEvent { action=ACTION_DOWN, actionButton=0, id[0]=0, x[0]=310.0, y[0]=906.0, toolType[0]=TOOL_TYPE_UNKNOWN, buttonState=0, metaState=0, flags=0x0, edgeFlags=0x0, pointerCount=1, historySize=0, eventTime=834073416, downTime=834073416, deviceId=0, source=0x1002 }
08-05 23:40:57.005 28715 28927 I art     : Starting a blocking GC Explicit
08-05 23:40:57.011 29687 29687 I Input   : injectMotionEvent: MotionEvent { action=ACTION_UP, actionButton=0, id[0]=0, x[0]=310.0, y[0]=906.0, toolType[0]=TOOL_TYPE_UNKNOWN, buttonState=0, metaState=0, flags=0x0, edgeFlags=0x0, pointerCount=1, historySize=0, eventTime=834073416, downTime=834073416, deviceId=0, source=0x1002 }
08-05 23:40:57.013 29687 29687 D AndroidRuntime: Shutting down VM
08-05 23:40:57.070 28715 28927 I art     : Explicit concurrent mark sweep GC freed 24(880B) AllocSpace objects, 0(0B) LOS objects, 30% free, 36MB/52MB, paused 671us total 64.908ms
08-05 23:40:57.079   512  2967 D audio_hw_primary: out_set_parameters: enter: usecase(1: low-latency-playback) kvpairs: routing=2
08-05 23:40:57.093 13866 13866 I GoogleInputMethodServic: GoogleInputMethodService.onFinishInput():3138 
08-05 23:40:57.093   512  2967 D audio_hw_primary: select_devices: out_snd_device(2: speaker) in_snd_device(0: none)
08-05 23:40:57.093   512  2967 D msm8974_platform: platform_send_audio_calibration: sending audio calibration for snd_device(2) acdb_id(15)
08-05 23:40:57.093   512  2967 I soundtrigger: audio_extn_sound_trigger_update_device_status: device 0x2 of type 0 for Event 1
08-05 23:40:57.093 13866 13866 I GoogleInputMethodServic: GoogleInputMethodService.onStartInput():1808 
08-05 23:40:57.104   512  2967 D audio_hw_primary: enable_snd_device: snd_device(2: speaker)
08-05 23:40:57.107   512  2967 D audio_hw_primary: enable_audio_route: apply and update mixer path: low-latency-playback speaker
08-05 23:40:57.107 13866 13866 I GoogleInputMethodServic: GoogleInputMethodService.onFinishInput():3138 
08-05 23:40:57.107 13866 13866 I GoogleInputMethodServic: GoogleInputMethodService.onStartInput():1808 
08-05 23:40:57.381 28715 28727 I art     : Starting a blocking GC Explicit
08-05 23:40:57.423 28715 28730 D OpenGLRenderer: endAllStagingAnimators on 0x7f94af3400 (ListPopupWindow$DropDownListView) with handle 0x7f78dddc80
08-05 23:40:57.455 28715 28727 I art     : Explicit concurrent mark sweep GC freed 2332(122KB) AllocSpace objects, 1(20KB) LOS objects, 30% free, 36MB/52MB, paused 452us total 73.587ms
08-05 23:40:57.477 28715 28727 I art     : Starting a blocking GC Explicit
08-05 23:40:57.541 28715 28727 I art     : Explicit concurrent mark sweep GC freed 755(65KB) AllocSpace objects, 0(0B) LOS objects, 30% free, 36MB/52MB, paused 456us total 63.379ms
08-05 23:40:57.563 28715 28727 I art     : Starting a blocking GC Explicit
08-05 23:40:57.634 28715 28727 I art     : Explicit concurrent mark sweep GC freed 480(31KB) AllocSpace objects, 0(0B) LOS objects, 30% free, 36MB/52MB, paused 463us total 70.133ms
08-05 23:40:57.640   512  2967 D audio_hw_primary: disable_audio_route: reset and update mixer path: low-latency-playback speaker
08-05 23:40:57.641   512  2967 D audio_hw_primary: disable_snd_device: snd_device(2: speaker)
08-05 23:40:57.649   512  2967 I soundtrigger: audio_extn_sound_trigger_update_device_status: device 0x2 of type 0 for Event 0
08-05 23:40:57.657 28715 28727 I art     : Starting a blocking GC Explicit
08-05 23:40:57.729 28715 28727 I art     : Explicit concurrent mark sweep GC freed 3(96B) AllocSpace objects, 0(0B) LOS objects, 30% free, 36MB/52MB, paused 468us total 71.451ms
08-05 23:40:57.752 28715 28727 I art     : Starting a blocking GC Explicit
08-05 23:40:57.825 28715 28727 I art     : Explicit concurrent mark sweep GC freed 3(96B) AllocSpace objects, 0(0B) LOS objects, 30% free, 36MB/52MB, paused 461us total 72.503ms
08-05 23:40:58.147 28715 29296 I art     : Starting a blocking GC Explicit
08-05 23:40:58.237 28715 29296 I art     : Explicit concurrent mark sweep GC freed 1293(75KB) AllocSpace objects, 1(20KB) LOS objects, 30% free, 36MB/52MB, paused 456us total 90.202ms
08-05 23:40:58.261 28715 29296 I art     : Starting a blocking GC Explicit
08-05 23:40:58.328 28715 29296 I art     : Explicit concurrent mark sweep GC freed 18(624B) AllocSpace objects, 0(0B) LOS objects, 30% free, 36MB/52MB, paused 497us total 66.881ms
08-05 23:40:58.351 28715 29296 I art     : Starting a blocking GC Explicit
08-05 23:40:58.418 28715 29296 I art     : Explicit concurrent mark sweep GC freed 3(96B) AllocSpace objects, 0(0B) LOS objects, 30% free, 36MB/52MB, paused 478us total 67.001ms
08-05 23:40:58.441 28715 29296 I art     : Starting a blocking GC Explicit
08-05 23:40:58.509 28715 29296 I art     : Explicit concurrent mark sweep GC freed 3(96B) AllocSpace objects, 0(0B) LOS objects, 30% free, 36MB/52MB, paused 461us total 68.624ms
08-05 23:40:58.532 28715 29296 I art     : Starting a blocking GC Explicit
08-05 23:40:58.600 28715 29296 I art     : Explicit concurrent mark sweep GC freed 3(96B) AllocSpace objects, 0(0B) LOS objects, 30% free, 36MB/52MB, paused 454us total 67.782ms
08-05 23:40:58.804 29732 29732 D AndroidRuntime: >>>>>> START com.android.internal.os.RuntimeInit uid 2000 <<<<<<
08-05 23:40:58.811 29732 29732 D AndroidRuntime: CheckJNI is OFF
08-05 23:40:58.854 29732 29732 D ICU     : No timezone override file found: /data/misc/zoneinfo/current/icu/icu_tzdata.dat
08-05 23:40:58.897 29732 29732 I Radio-JNI: register_android_hardware_Radio DONE
08-05 23:40:58.926 29732 29732 D AndroidRuntime: Calling main entry com.android.commands.input.Input
08-05 23:40:58.928 29732 29732 I Input   : injectMotionEvent: MotionEvent { action=ACTION_DOWN, actionButton=0, id[0]=0, x[0]=648.0, y[0]=709.0, toolType[0]=TOOL_TYPE_UNKNOWN, buttonState=0, metaState=0, flags=0x0, edgeFlags=0x0, pointerCount=1, historySize=0, eventTime=834075340, downTime=834075340, deviceId=0, source=0x1002 }
08-05 23:40:58.933 29732 29732 I Input   : injectMotionEvent: MotionEvent { action=ACTION_UP, actionButton=0, id[0]=0, x[0]=648.0, y[0]=709.0, toolType[0]=TOOL_TYPE_UNKNOWN, buttonState=0, metaState=0, flags=0x0, edgeFlags=0x0, pointerCount=1, historySize=0, eventTime=834075340, downTime=834075340, deviceId=0, source=0x1002 }
08-05 23:40:58.935 29732 29732 D AndroidRuntime: Shutting down VM
08-05 23:40:58.968 28715 28927 I art     : Starting a blocking GC Explicit
08-05 23:40:59.000   512  2967 D audio_hw_primary: out_set_parameters: enter: usecase(1: low-latency-playback) kvpairs: routing=2
08-05 23:40:59.013   512  2967 D audio_hw_primary: select_devices: out_snd_device(2: speaker) in_snd_device(0: none)
08-05 23:40:59.014   512  2967 D msm8974_platform: platform_send_audio_calibration: sending audio calibration for snd_device(2) acdb_id(15)
08-05 23:40:59.014   512  2967 I soundtrigger: audio_extn_sound_trigger_update_device_status: device 0x2 of type 0 for Event 1
08-05 23:40:59.025   512  2967 D audio_hw_primary: enable_snd_device: snd_device(2: speaker)
08-05 23:40:59.027   512  2967 D audio_hw_primary: enable_audio_route: apply and update mixer path: low-latency-playback speaker
08-05 23:40:59.039 28715 28927 I art     : Explicit concurrent mark sweep GC freed 1824(119KB) AllocSpace objects, 2(40KB) LOS objects, 30% free, 36MB/52MB, paused 693us total 70.288ms
08-05 23:40:59.060 28715 28927 I art     : Starting a blocking GC Explicit
08-05 23:40:59.124 28715 28927 I art     : Explicit concurrent mark sweep GC freed 326(17KB) AllocSpace objects, 0(0B) LOS objects, 30% free, 36MB/52MB, paused 456us total 63.665ms
08-05 23:40:59.147 28715 28927 I art     : Starting a blocking GC Explicit
08-05 23:40:59.214 28715 28927 I art     : Explicit concurrent mark sweep GC freed 58(2256B) AllocSpace objects, 0(0B) LOS objects, 30% free, 36MB/52MB, paused 483us total 66.883ms
08-05 23:40:59.240 28715 28927 I art     : Starting a blocking GC Explicit
08-05 23:40:59.315 28715 28927 I art     : Explicit concurrent mark sweep GC freed 7(240B) AllocSpace objects, 0(0B) LOS objects, 30% free, 36MB/52MB, paused 492us total 74.885ms
08-05 23:40:59.344 28715 28927 I art     : Starting a blocking GC Explicit
08-05 23:40:59.428 28715 28927 I art     : Explicit concurrent mark sweep GC freed 9(320B) AllocSpace objects, 0(0B) LOS objects, 30% free, 36MB/52MB, paused 602us total 83.698ms
08-05 23:40:59.560   512  2967 D audio_hw_primary: disable_audio_route: reset and update mixer path: low-latency-playback speaker
08-05 23:40:59.563   512  2967 D audio_hw_primary: disable_snd_device: snd_device(2: speaker)
08-05 23:40:59.572   512  2967 I soundtrigger: audio_extn_sound_trigger_update_device_status: device 0x2 of type 0 for Event 0
08-05 23:40:59.770 28715 29296 I art     : Starting a blocking GC Explicit
08-05 23:40:59.856 28715 29296 I art     : Explicit concurrent mark sweep GC freed 1295(75KB) AllocSpace objects, 1(20KB) LOS objects, 30% free, 36MB/52MB, paused 451us total 85.061ms
08-05 23:40:59.878 28715 29296 I art     : Starting a blocking GC Explicit
08-05 23:40:59.948 28715 29296 I art     : Explicit concurrent mark sweep GC freed 22(752B) AllocSpace objects, 0(0B) LOS objects, 30% free, 36MB/52MB, paused 480us total 69.420ms
08-05 23:40:59.971 28715 29296 I art     : Starting a blocking GC Explicit
08-05 23:41:00.041 28715 29296 I art     : Explicit concurrent mark sweep GC freed 3(96B) AllocSpace objects, 0(0B) LOS objects, 30% free, 36MB/52MB, paused 413us total 69.656ms
08-05 23:41:00.069 28715 29296 I art     : Starting a blocking GC Explicit
08-05 23:41:00.137 28715 29296 I art     : Explicit concurrent mark sweep GC freed 3(96B) AllocSpace objects, 0(0B) LOS objects, 30% free, 36MB/52MB, paused 448us total 67.809ms
08-05 23:41:00.159 28715 29296 I art     : Starting a blocking GC Explicit
08-05 23:41:00.227 28715 29296 I art     : Explicit concurrent mark sweep GC freed 3(96B) AllocSpace objects, 0(0B) LOS objects, 30% free, 36MB/52MB, paused 472us total 67.214ms
08-05 23:41:00.538 28715 28727 I art     : Starting a blocking GC Explicit
08-05 23:41:00.621 28715 28727 I art     : Explicit concurrent mark sweep GC freed 1293(75KB) AllocSpace objects, 1(20KB) LOS objects, 30% free, 36MB/52MB, paused 544us total 83.315ms
08-05 23:41:00.646 28715 28727 I art     : Starting a blocking GC Explicit
08-05 23:41:00.710 29766 29766 D AndroidRuntime: >>>>>> START com.android.internal.os.RuntimeInit uid 2000 <<<<<<
08-05 23:41:00.716 29766 29766 D AndroidRuntime: CheckJNI is OFF
08-05 23:41:00.720 28715 28727 I art     : Explicit concurrent mark sweep GC freed 26(880B) AllocSpace objects, 0(0B) LOS objects, 30% free, 36MB/52MB, paused 558us total 73.165ms
08-05 23:41:00.746 28715 28727 I art     : Starting a blocking GC Explicit
08-05 23:41:00.764 29766 29766 D ICU     : No timezone override file found: /data/misc/zoneinfo/current/icu/icu_tzdata.dat
08-05 23:41:00.808 29766 29766 I Radio-JNI: register_android_hardware_Radio DONE
08-05 23:41:00.817 28715 28727 I art     : Explicit concurrent mark sweep GC freed 15(480B) AllocSpace objects, 0(0B) LOS objects, 30% free, 36MB/52MB, paused 470us total 70.250ms
08-05 23:41:00.839 29766 29766 D AndroidRuntime: Calling main entry com.android.commands.input.Input
08-05 23:41:00.840 28715 28727 I art     : Starting a blocking GC Explicit
08-05 23:41:00.842 29766 29766 I Input   : injectMotionEvent: MotionEvent { action=ACTION_DOWN, actionButton=0, id[0]=0, x[0]=1197.0, y[0]=1456.0, toolType[0]=TOOL_TYPE_UNKNOWN, buttonState=0, metaState=0, flags=0x0, edgeFlags=0x0, pointerCount=1, historySize=0, eventTime=834077253, downTime=834077253, deviceId=0, source=0x1002 }
08-05 23:41:00.848 29766 29766 I Input   : injectMotionEvent: MotionEvent { action=ACTION_UP, actionButton=0, id[0]=0, x[0]=1197.0, y[0]=1456.0, toolType[0]=TOOL_TYPE_UNKNOWN, buttonState=0, metaState=0, flags=0x0, edgeFlags=0x0, pointerCount=1, historySize=0, eventTime=834077253, downTime=834077253, deviceId=0, source=0x1002 }
08-05 23:41:00.849 29766 29766 D AndroidRuntime: Shutting down VM
08-05 23:41:00.864   512  2967 D audio_hw_primary: out_set_parameters: enter: usecase(1: low-latency-playback) kvpairs: routing=2
08-05 23:41:00.877   512  2967 D audio_hw_primary: select_devices: out_snd_device(2: speaker) in_snd_device(0: none)
08-05 23:41:00.877   512  2967 D msm8974_platform: platform_send_audio_calibration: sending audio calibration for snd_device(2) acdb_id(15)
08-05 23:41:00.877   512  2967 I soundtrigger: audio_extn_sound_trigger_update_device_status: device 0x2 of type 0 for Event 1
08-05 23:41:00.881 28715 28730 D OpenGLRenderer: endAllStagingAnimators on 0x7f78df9400 (RippleDrawable) with handle 0x7f7903f8c0
08-05 23:41:00.887   512  2967 D audio_hw_primary: enable_snd_device: snd_device(2: speaker)
08-05 23:41:00.889 28715 28715 I SettingsManager: Setting string: savedCourse
08-05 23:41:00.889   512  2967 D audio_hw_primary: enable_audio_route: apply and update mixer path: low-latency-playback speaker
08-05 23:41:00.895   918  5132 W BackupManagerService: dataChanged but no participant pkg='baseline.com.ak.uobtimetable' uid=10710
08-05 23:41:00.896   918  3359 I ActivityManager: START u0 {flg=0x4000000 cmp=baseline.com.ak.uobtimetable/.MainActivity (has extras)} from uid 10710 on display 0
08-05 23:41:00.912   918  5481 W InputMethodManagerService: Focus gain on non-focused client com.android.internal.view.IInputMethodClient$Stub$Proxy@1dd7302 (uid=10710 pid=28715)
08-05 23:41:00.912 28715 28727 I art     : Explicit concurrent mark sweep GC freed 2410(123KB) AllocSpace objects, 1(20KB) LOS objects, 30% free, 36MB/52MB, paused 587us total 71.734ms
08-05 23:41:00.931 28715 28715 D MainActivity: OnDestroy
08-05 23:41:00.935 28715 28727 I art     : Starting a blocking GC Explicit
08-05 23:41:00.954 28715 28715 D MainActivity: onCreate
08-05 23:41:00.954 28715 28715 I SettingsManager: Getting string: savedSessions
08-05 23:41:00.955 28715 28715 I SettingsManager: Getting string: savedSessions
08-05 23:41:00.964 28715 28715 I SettingsManager: Getting string: savedSessionsCourseName
08-05 23:41:00.964 28715 28715 I SettingsManager: Getting string: savedSessionsCourseName
08-05 23:41:00.964 28715 28715 I SettingsManager: Getting string: savedSessionsDateRange
08-05 23:41:00.964 28715 28715 I SettingsManager: Getting string: savedSessionsDateRange
08-05 23:41:00.964 28715 28715 I Settings: 10 saved sessions - Bedfordshire International and EU Foundation Year - Int Foun - Ltn - Y0 Feb FT - Weeks: 24-38 (8 Jun 2020-20 Sep 2020)
08-05 23:41:01.005 28715 28727 I art     : Explicit concurrent mark sweep GC freed 8952(424KB) AllocSpace objects, 0(0B) LOS objects, 29% free, 38MB/54MB, paused 702us total 69.832ms
08-05 23:41:01.009 28715 28715 I SettingsManager: Getting string: savedCourse
08-05 23:41:01.010 28715 28715 D MainActivity: sessionListFragmentArg: updateSessions
08-05 23:41:01.010 28715 28715 D MainActivity: showTermDatesConfigChange: false
08-05 23:41:01.010 28715 28715 D MainActivity: showTermDatesShortcut: false
08-05 23:41:01.011 28715 28715 D MainActivity: Setting initial fragment: SessionListsFragment
08-05 23:41:01.012 28715 28715 I SettingsManager: Getting int: launchCount
08-05 23:41:01.012 28715 28715 D SessionListsFragment: onCreateView
08-05 23:41:01.017 28715 28715 I SettingsManager: Getting string: savedCourse
08-05 23:41:01.022 28715 28715 I SettingsManager: Getting string: savedSessions
08-05 23:41:01.032 28715 28715 D SessionListsFragment: loadArgument: updateSessions
08-05 23:41:01.032 28715 28715 D SessionListsFragment: initialIndex: -1
08-05 23:41:01.034 28715 29789 D HTTP    : Request for: https://uob-timetable-api.adriankeenan.co.uk/sessions?dept=CM010&course=BSAIFAAF%2F02AA%2F0%2FFT&level=Foundation+Year
08-05 23:41:01.048 28715 28715 D TermDatesFragment: WebView loaded
08-05 23:41:01.049 28715 28715 D MainActivity: OnResume
08-05 23:41:01.130 28715 28715 I TermDatesFragment: Webview load %: 10
08-05 23:41:01.156   918   936 I ActivityManager: Displayed baseline.com.ak.uobtimetable/.MainActivity: +241ms
08-05 23:41:01.157 13866 13866 I GoogleInputMethodServic: GoogleInputMethodService.onFinishInput():3138 
08-05 23:41:01.158 13866 13866 I GoogleInputMethodServic: GoogleInputMethodService.onStartInput():1808 
08-05 23:41:01.163 26613 26613 I ServiceManager: Waiting for service AtCmdFwd...
08-05 23:41:01.309 28715 28728 I art     : Starting a blocking GC Explicit
08-05 23:41:01.329 28715 29789 I NAPPA_EXPERIMENTATION: MetricNetworkRequestExecutionTime: REQUEST_DURATION_SYSTEM='293',REQUEST_DURATION_OKHTTP='45',REQUEST_SYNCHRONOUS='TRUE',RESPONSE_CODE='200',RESPONSE_METHOD='GET',RESPONSE_LENGTH_OKHTTP='-1',RESPONSE_LENGTH_HEADER='1214',REQUEST_PROTOCOL='http/1.1',REQUEST_URL='https://uob-timetable-api.adriankeenan.co.uk/sessions?dept=CM010&course=BSAIFAAF%2F02AA%2F0%2FFT&level=Foundation+Year',
08-05 23:41:01.330 28715 28715 I TermDatesFragment: Webview load %: 70
08-05 23:41:01.343 28715 28715 I TermDatesFragment: Webview load %: 100
08-05 23:41:01.344 28715 28715 I TermDatesFragment: Webview load %: 100
08-05 23:41:01.370 28715 29789 I HTTP    : Response was compressed.
08-05 23:41:01.386 28715 28728 I art     : Explicit concurrent mark sweep GC freed 15387(791KB) AllocSpace objects, 8(1616KB) LOS objects, 29% free, 37MB/53MB, paused 772us total 76.743ms
08-05 23:41:01.392 28715 29789 I Service : getSessions response time: 1.10
08-05 23:41:01.393 28715 28715 I SettingsManager: Getting string: savedSessions
08-05 23:41:01.394 28715 28715 I SettingsManager: Getting string: savedSessions
08-05 23:41:01.405 28715 28715 I Service : Sessions updated: 10
08-05 23:41:01.405 28715 28715 I Service : Sessions removed from new list: 0
08-05 23:41:01.409 28715 28728 I art     : Starting a blocking GC Explicit
08-05 23:41:01.418 28715 28715 I SettingsManager: Setting string: savedSessions
08-05 23:41:01.427   918  4400 W BackupManagerService: dataChanged but no participant pkg='baseline.com.ak.uobtimetable' uid=10710
08-05 23:41:01.428 28715 28715 I SettingsManager: Setting date: savedSessionsTime
08-05 23:41:01.428   512  2967 D audio_hw_primary: disable_audio_route: reset and update mixer path: low-latency-playback speaker
08-05 23:41:01.429   512  2967 D audio_hw_primary: disable_snd_device: snd_device(2: speaker)
08-05 23:41:01.435   918   928 W BackupManagerService: dataChanged but no participant pkg='baseline.com.ak.uobtimetable' uid=10710
08-05 23:41:01.436 28715 28715 I SettingsManager: Setting string: savedSessionsCourseName
08-05 23:41:01.437   512  2967 I soundtrigger: audio_extn_sound_trigger_update_device_status: device 0x2 of type 0 for Event 0
08-05 23:41:01.441   918  3696 W BackupManagerService: dataChanged but no participant pkg='baseline.com.ak.uobtimetable' uid=10710
08-05 23:41:01.441 28715 28715 I SettingsManager: Setting string: savedSessionsDateRange
08-05 23:41:01.442   918  3359 W BackupManagerService: dataChanged but no participant pkg='baseline.com.ak.uobtimetable' uid=10710
08-05 23:41:01.442 28715 28715 I SettingsManager: Setting string: timetableUrl
08-05 23:41:01.442   918  4413 W BackupManagerService: dataChanged but no participant pkg='baseline.com.ak.uobtimetable' uid=10710
08-05 23:41:01.443 28715 28715 I SettingsManager: Getting boolean: notifySessionRemindersEnabled
08-05 23:41:01.443 28715 28715 I SettingsManager: Getting int: notifySessionRemindersMinutes
08-05 23:41:01.443 28715 28715 I SettingsManager: Getting boolean: showHiddenSessions
08-05 23:41:01.445 28715 28715 I SessionReminderNotifier: Created session reminder alarm for f7b4771250a919bd729c1c5a4a459c77 at Mon 08:30:00 10/08/20
08-05 23:41:01.447 28715 28715 I SessionReminderNotifier: Created session reminder alarm for a7f879aabdeb78622c8820a5fb7b64cd at Tue 08:30:00 11/08/20
08-05 23:41:01.449 28715 28715 I SessionReminderNotifier: Created session reminder alarm for 7bc8d7e2c2055711f597c3d9078c6ea3 at Tue 08:30:00 11/08/20
08-05 23:41:01.450 28715 28715 I SessionReminderNotifier: Created session reminder alarm for 53c0527a6f009a1f2fd223834d3bfe51 at Tue 10:30:00 11/08/20
08-05 23:41:01.452 28715 28715 I SessionReminderNotifier: Created session reminder alarm for e0fc978b5db8218778540b4053344581 at Tue 11:00:00 11/08/20
08-05 23:41:01.454 28715 28715 I SessionReminderNotifier: Created session reminder alarm for 199afb0100f329ff65a09e1b0cd9deba at Tue 11:30:00 11/08/20
08-05 23:41:01.456 28715 28715 I SessionReminderNotifier: Created session reminder alarm for 21712fef61090882c855a1425543edb5 at Tue 13:30:00 11/08/20
08-05 23:41:01.458 28715 28715 I SessionReminderNotifier: Created session reminder alarm for 65ca4d97f031f29a4d02bbb45a705d8f at Wed 08:30:00 12/08/20
08-05 23:41:01.459 28715 28715 I SessionReminderNotifier: Created session reminder alarm for eeda7741b0bcab58fd9f46dc6ef1d942 at Wed 08:30:00 12/08/20
08-05 23:41:01.462 28715 28715 I SessionReminderNotifier: Created session reminder alarm for c276c1b2075a0beb67f1b3d1e580f920 at Wed 11:00:00 12/08/20
08-05 23:41:01.465 28715 28715 I SessionReminderNotifier: Created session reminder alarm for 8b1f3627e42ae13a6f6ba0a83903dde1 at Wed 13:30:00 12/08/20
08-05 23:41:01.467 28715 28715 I SessionReminderNotifier: Created session reminder alarm for 79fe0b5c3b887a13ba29db5a33fa2800 at Thu 08:30:00 06/08/20
08-05 23:41:01.469 28715 28715 I SessionReminderNotifier: Created session reminder alarm for cb9dfc8231cdba2be0835dc5709690e1 at Thu 08:30:00 06/08/20
08-05 23:41:01.470 28715 28728 I art     : Explicit concurrent mark sweep GC freed 44808(2MB) AllocSpace objects, 5(156KB) LOS objects, 30% free, 36MB/52MB, paused 759us total 60.993ms
08-05 23:41:01.471 28715 28715 I SessionReminderNotifier: Created session reminder alarm for f850dc24d6de60b7b89fa9e1a8c224c5 at Thu 12:00:00 06/08/20
08-05 23:41:01.473 28715 28715 I SessionReminderNotifier: Created session reminder alarm for 2ba1034116e4fffdd592dbf0796a43d5 at Fri 08:30:00 07/08/20
08-05 23:41:01.473 28715 28715 I SettingsManager: Getting boolean: showHiddenSessions
08-05 23:41:01.473 28715 28715 D SessionListsFragment: 1 sessions for day 0
08-05 23:41:01.473 28715 28715 D SessionListsFragment: 6 sessions for day 1
08-05 23:41:01.473 28715 28715 D SessionListsFragment: 4 sessions for day 2
08-05 23:41:01.473 28715 28715 D SessionListsFragment: 3 sessions for day 3
08-05 23:41:01.473 28715 28715 D SessionListsFragment: 1 sessions for day 4
08-05 23:41:01.491 28715 28728 I art     : Starting a blocking GC Explicit
08-05 23:41:01.521 28715 28715 I SettingsManager: Getting boolean: showHiddenSessions
08-05 23:41:01.522 28715 28715 D SessionListsFragment: Refreshed ViewPager
08-05 23:41:01.522 28715 28715 I SettingsManager: Getting boolean: showHiddenSessions
08-05 23:41:01.522 28715 28715 I SettingsManager: Getting boolean: completedTutorial
08-05 23:41:01.522 28715 28715 I SettingsManager: Getting boolean: showHiddenSessions
08-05 23:41:01.523 28715 28715 I SettingsManager: Getting date: savedSessionsTime
08-05 23:41:01.552 28715 28728 I art     : Explicit concurrent mark sweep GC freed 10386(472KB) AllocSpace objects, 0(0B) LOS objects, 30% free, 36MB/52MB, paused 1.620ms total 61.557ms
08-05 23:41:01.573 28715 28728 I art     : Starting a blocking GC Explicit
08-05 23:41:01.643 28715 28728 I art     : Explicit concurrent mark sweep GC freed 30043(1205KB) AllocSpace objects, 0(0B) LOS objects, 30% free, 36MB/52MB, paused 1.428ms total 69.071ms
08-05 23:41:01.665 28715 28728 I art     : Starting a blocking GC Explicit
08-05 23:41:01.734 28715 28728 I art     : Explicit concurrent mark sweep GC freed 30367(1244KB) AllocSpace objects, 0(0B) LOS objects, 30% free, 36MB/52MB, paused 1.348ms total 69.349ms
08-05 23:41:02.052 28715 29296 I art     : Starting a blocking GC Explicit
08-05 23:41:02.158 28715 29296 I art     : Explicit concurrent mark sweep GC freed 135870(5MB) AllocSpace objects, 1(20KB) LOS objects, 29% free, 37MB/53MB, paused 1.367ms total 105.482ms
08-05 23:41:02.163 26613 26613 I ServiceManager: Waiting for service AtCmdFwd...
08-05 23:41:02.181 28715 29296 I art     : Starting a blocking GC Explicit
08-05 23:41:02.263 28715 29296 I art     : Explicit concurrent mark sweep GC freed 38790(1731KB) AllocSpace objects, 0(0B) LOS objects, 29% free, 37MB/53MB, paused 1.391ms total 82.142ms
08-05 23:41:02.287 28715 29296 I art     : Starting a blocking GC Explicit
08-05 23:41:02.366 28715 29296 I art     : Explicit concurrent mark sweep GC freed 33406(1385KB) AllocSpace objects, 0(0B) LOS objects, 29% free, 37MB/53MB, paused 1.430ms total 78.668ms
08-05 23:41:02.389 28715 29296 I art     : Starting a blocking GC Explicit
08-05 23:41:02.391 28715 28715 I Choreographer: Skipped 51 frames!  The application may be doing too much work on its main thread.
08-05 23:41:02.459 28715 29296 I art     : Explicit concurrent mark sweep GC freed 6756(306KB) AllocSpace objects, 0(0B) LOS objects, 29% free, 37MB/53MB, paused 582us total 70.368ms
08-05 23:41:02.481 28715 29296 I art     : Starting a blocking GC Explicit
08-05 23:41:02.551 28715 29296 I art     : Explicit concurrent mark sweep GC freed 405(29KB) AllocSpace objects, 0(0B) LOS objects, 29% free, 37MB/53MB, paused 547us total 69.781ms
08-05 23:41:02.914 28715 29296 I art     : Starting a blocking GC Explicit
08-05 23:41:02.999 28715 29296 I art     : Explicit concurrent mark sweep GC freed 123085(11MB) AllocSpace objects, 4(156KB) LOS objects, 37% free, 26MB/42MB, paused 589us total 83.788ms
08-05 23:41:03.014 28715 29296 I art     : Starting a blocking GC Explicit
08-05 23:41:03.056 28715 29296 I art     : Explicit concurrent mark sweep GC freed 18(640B) AllocSpace objects, 0(0B) LOS objects, 37% free, 26MB/42MB, paused 545us total 41.034ms
08-05 23:41:03.072 28715 29296 I art     : Starting a blocking GC Explicit
08-05 23:41:03.117 28715 29296 I art     : Explicit concurrent mark sweep GC freed 14(576B) AllocSpace objects, 0(0B) LOS objects, 37% free, 26MB/42MB, paused 542us total 45.027ms
08-05 23:41:03.137 28715 29296 I art     : Starting a blocking GC Explicit
08-05 23:41:03.164 26613 26613 I ServiceManager: Waiting for service AtCmdFwd...
08-05 23:41:03.180 28715 29296 I art     : Explicit concurrent mark sweep GC freed 42(1344B) AllocSpace objects, 0(0B) LOS objects, 37% free, 26MB/42MB, paused 518us total 41.903ms
08-05 23:41:03.195 28715 29296 I art     : Starting a blocking GC Explicit
08-05 23:41:03.238 28715 29296 I art     : Explicit concurrent mark sweep GC freed 35(1136B) AllocSpace objects, 0(0B) LOS objects, 37% free, 26MB/42MB, paused 553us total 42.941ms
08-05 23:41:03.556 28715 29296 I art     : Starting a blocking GC Explicit
08-05 23:41:03.617 28715 29296 I art     : Explicit concurrent mark sweep GC freed 1363(77KB) AllocSpace objects, 1(20KB) LOS objects, 37% free, 26MB/42MB, paused 582us total 60.487ms
08-05 23:41:03.635 28715 29296 I art     : Starting a blocking GC Explicit
08-05 23:41:03.681 28715 29296 I art     : Explicit concurrent mark sweep GC freed 18(624B) AllocSpace objects, 0(0B) LOS objects, 37% free, 26MB/42MB, paused 555us total 45.889ms
08-05 23:41:03.698 28715 29296 I art     : Starting a blocking GC Explicit
08-05 23:41:03.746 28715 29296 I art     : Explicit concurrent mark sweep GC freed 3(96B) AllocSpace objects, 0(0B) LOS objects, 37% free, 26MB/42MB, paused 542us total 48.290ms
08-05 23:41:03.763 28715 29296 I art     : Starting a blocking GC Explicit
08-05 23:41:03.809 28715 29296 I art     : Explicit concurrent mark sweep GC freed 3(96B) AllocSpace objects, 0(0B) LOS objects, 37% free, 26MB/42MB, paused 564us total 45.859ms
08-05 23:41:03.825 28715 29296 I art     : Starting a blocking GC Explicit
08-05 23:41:03.875 28715 29296 I art     : Explicit concurrent mark sweep GC freed 3(96B) AllocSpace objects, 0(0B) LOS objects, 37% free, 26MB/42MB, paused 567us total 49.079ms
08-05 23:41:04.165 26613 26613 I ServiceManager: Waiting for service AtCmdFwd...
08-05 23:41:04.217 28715 28728 I art     : Starting a blocking GC Explicit
08-05 23:41:04.277 28715 28728 I art     : Explicit concurrent mark sweep GC freed 1293(75KB) AllocSpace objects, 1(20KB) LOS objects, 37% free, 26MB/42MB, paused 594us total 59.331ms
08-05 23:41:04.294 28715 28728 I art     : Starting a blocking GC Explicit
08-05 23:41:04.342 28715 28728 I art     : Explicit concurrent mark sweep GC freed 18(624B) AllocSpace objects, 0(0B) LOS objects, 37% free, 26MB/42MB, paused 551us total 47.138ms
08-05 23:41:04.358 28715 28728 I art     : Starting a blocking GC Explicit
08-05 23:41:04.404 28715 28728 I art     : Explicit concurrent mark sweep GC freed 3(96B) AllocSpace objects, 0(0B) LOS objects, 37% free, 26MB/42MB, paused 544us total 45.499ms
08-05 23:41:04.420 28715 28728 I art     : Starting a blocking GC Explicit
08-05 23:41:04.468 28715 28728 I art     : Explicit concurrent mark sweep GC freed 3(96B) AllocSpace objects, 0(0B) LOS objects, 37% free, 26MB/42MB, paused 583us total 47.851ms
08-05 23:41:04.484 28715 28728 I art     : Starting a blocking GC Explicit
08-05 23:41:04.531 28715 28728 I art     : Explicit concurrent mark sweep GC freed 7(224B) AllocSpace objects, 0(0B) LOS objects, 37% free, 26MB/42MB, paused 483us total 46.591ms
08-05 23:41:04.884 28715 28727 I art     : Starting a blocking GC Explicit
08-05 23:41:04.939 28715 28727 I art     : Explicit concurrent mark sweep GC freed 1313(76KB) AllocSpace objects, 1(20KB) LOS objects, 37% free, 26MB/42MB, paused 540us total 54.573ms
08-05 23:41:04.956 28715 28727 I art     : Starting a blocking GC Explicit
08-05 23:41:05.003 28715 28727 I art     : Explicit concurrent mark sweep GC freed 18(624B) AllocSpace objects, 0(0B) LOS objects, 37% free, 26MB/42MB, paused 508us total 46.665ms
08-05 23:41:05.020 28715 28727 I art     : Starting a blocking GC Explicit
08-05 23:41:05.066 28715 28727 I art     : Explicit concurrent mark sweep GC freed 3(96B) AllocSpace objects, 0(0B) LOS objects, 37% free, 26MB/42MB, paused 491us total 46.048ms
08-05 23:41:05.083 28715 28727 I art     : Starting a blocking GC Explicit
08-05 23:41:05.127 28715 28727 I art     : Explicit concurrent mark sweep GC freed 3(96B) AllocSpace objects, 0(0B) LOS objects, 37% free, 26MB/42MB, paused 487us total 43.636ms
08-05 23:41:05.142 28715 28727 I art     : Starting a blocking GC Explicit
08-05 23:41:05.165 26613 26613 I ServiceManager: Waiting for service AtCmdFwd...
08-05 23:41:05.182 28715 28727 I art     : Explicit concurrent mark sweep GC freed 3(96B) AllocSpace objects, 0(0B) LOS objects, 37% free, 26MB/42MB, paused 477us total 39.782ms
08-05 23:41:05.528 28715 28728 I art     : Starting a blocking GC Explicit
08-05 23:41:05.549  3167  3176 I art     : Background partial concurrent mark sweep GC freed 70690(6MB) AllocSpace objects, 294(5MB) LOS objects, 40% free, 19MB/32MB, paused 8.567ms total 38.178ms
08-05 23:41:05.568 28715 28728 I art     : Explicit concurrent mark sweep GC freed 1308(76KB) AllocSpace objects, 1(20KB) LOS objects, 37% free, 26MB/42MB, paused 520us total 39.919ms
08-05 23:41:05.583 28715 28728 I art     : Starting a blocking GC Explicit
08-05 23:41:05.620 28715 28728 I art     : Explicit concurrent mark sweep GC freed 44(1664B) AllocSpace objects, 0(0B) LOS objects, 37% free, 26MB/42MB, paused 506us total 37.230ms
08-05 23:41:05.635 28715 28728 I art     : Starting a blocking GC Explicit
08-05 23:41:05.663 29856 29856 D AndroidRuntime: >>>>>> START com.android.internal.os.RuntimeInit uid 2000 <<<<<<
08-05 23:41:05.669 29856 29856 D AndroidRuntime: CheckJNI is OFF
08-05 23:41:05.676 28715 28728 I art     : Explicit concurrent mark sweep GC freed 37(928B) AllocSpace objects, 0(0B) LOS objects, 37% free, 26MB/42MB, paused 533us total 40.868ms
08-05 23:41:05.690 28715 28728 I art     : Starting a blocking GC Explicit
08-05 23:41:05.711 29856 29856 D ICU     : No timezone override file found: /data/misc/zoneinfo/current/icu/icu_tzdata.dat
08-05 23:41:05.730 28715 28728 I art     : Explicit concurrent mark sweep GC freed 24(912B) AllocSpace objects, 0(0B) LOS objects, 37% free, 26MB/42MB, paused 496us total 39.170ms
08-05 23:41:05.745 28715 28728 I art     : Starting a blocking GC Explicit
08-05 23:41:05.757 29856 29856 I Radio-JNI: register_android_hardware_Radio DONE
08-05 23:41:05.787 29856 29856 D AndroidRuntime: Calling main entry com.android.commands.input.Input
08-05 23:41:05.789 28715 28728 I art     : Explicit concurrent mark sweep GC freed 151(10KB) AllocSpace objects, 0(0B) LOS objects, 37% free, 26MB/42MB, paused 559us total 42.970ms
08-05 23:41:05.789 29856 29856 I Input   : injectMotionEvent: MotionEvent { action=ACTION_DOWN, actionButton=0, id[0]=0, x[0]=81.0, y[0]=176.0, toolType[0]=TOOL_TYPE_UNKNOWN, buttonState=0, metaState=0, flags=0x0, edgeFlags=0x0, pointerCount=1, historySize=0, eventTime=834082201, downTime=834082201, deviceId=0, source=0x1002 }
08-05 23:41:05.796 29856 29856 I Input   : injectMotionEvent: MotionEvent { action=ACTION_UP, actionButton=0, id[0]=0, x[0]=81.0, y[0]=176.0, toolType[0]=TOOL_TYPE_UNKNOWN, buttonState=0, metaState=0, flags=0x0, edgeFlags=0x0, pointerCount=1, historySize=0, eventTime=834082201, downTime=834082201, deviceId=0, source=0x1002 }
08-05 23:41:05.798 29856 29856 D AndroidRuntime: Shutting down VM
08-05 23:41:05.815   512  2967 D audio_hw_primary: out_set_parameters: enter: usecase(1: low-latency-playback) kvpairs: routing=2
08-05 23:41:05.829   512  2967 D audio_hw_primary: select_devices: out_snd_device(2: speaker) in_snd_device(0: none)
08-05 23:41:05.829   512  2967 D msm8974_platform: platform_send_audio_calibration: sending audio calibration for snd_device(2) acdb_id(15)
08-05 23:41:05.829   512  2967 I soundtrigger: audio_extn_sound_trigger_update_device_status: device 0x2 of type 0 for Event 1
08-05 23:41:05.839   512  2967 D audio_hw_primary: enable_snd_device: snd_device(2: speaker)
08-05 23:41:05.842   512  2967 D audio_hw_primary: enable_audio_route: apply and update mixer path: low-latency-playback speaker
08-05 23:41:05.848 13866 13866 I GoogleInputMethodServic: GoogleInputMethodService.onFinishInput():3138 
08-05 23:41:05.849 13866 13866 I GoogleInputMethodServic: GoogleInputMethodService.onStartInput():1808 
08-05 23:41:06.090 28715 28728 I art     : Starting a blocking GC Explicit
08-05 23:41:06.134 28715 28728 I art     : Explicit concurrent mark sweep GC freed 1710(96KB) AllocSpace objects, 1(20KB) LOS objects, 37% free, 26MB/42MB, paused 468us total 43.945ms
08-05 23:41:06.150 28715 28728 I art     : Starting a blocking GC Explicit
08-05 23:41:06.165 26613 26613 W Atfwd_Sendcmd: AtCmdFwd service not published, waiting... retryCnt : 3
08-05 23:41:06.191 28715 28728 I art     : Explicit concurrent mark sweep GC freed 28(1120B) AllocSpace objects, 0(0B) LOS objects, 37% free, 26MB/42MB, paused 477us total 41.128ms
08-05 23:41:06.207 28715 28728 I art     : Starting a blocking GC Explicit
08-05 23:41:06.249 28715 28728 I art     : Explicit concurrent mark sweep GC freed 11(384B) AllocSpace objects, 0(0B) LOS objects, 37% free, 26MB/42MB, paused 963us total 41.255ms
08-05 23:41:06.265 28715 28728 I art     : Starting a blocking GC Explicit
08-05 23:41:06.309 28715 28728 I art     : Explicit concurrent mark sweep GC freed 21(976B) AllocSpace objects, 0(0B) LOS objects, 37% free, 26MB/42MB, paused 464us total 44.381ms
08-05 23:41:06.324 28715 28728 I art     : Starting a blocking GC Explicit
08-05 23:41:06.364 28715 28728 I art     : Explicit concurrent mark sweep GC freed 11(352B) AllocSpace objects, 0(0B) LOS objects, 37% free, 26MB/42MB, paused 454us total 39.619ms
08-05 23:41:06.389   512  2967 D audio_hw_primary: disable_audio_route: reset and update mixer path: low-latency-playback speaker
08-05 23:41:06.390   512  2967 D audio_hw_primary: disable_snd_device: snd_device(2: speaker)
08-05 23:41:06.399   512  2967 I soundtrigger: audio_extn_sound_trigger_update_device_status: device 0x2 of type 0 for Event 0
08-05 23:41:06.687 28715 28728 I art     : Starting a blocking GC Explicit
08-05 23:41:06.748 28715 28728 I art     : Explicit concurrent mark sweep GC freed 1293(75KB) AllocSpace objects, 1(20KB) LOS objects, 37% free, 26MB/42MB, paused 545us total 60.584ms
08-05 23:41:06.766 28715 28728 I art     : Starting a blocking GC Explicit
08-05 23:41:06.809 28715 28728 I art     : Explicit concurrent mark sweep GC freed 20(688B) AllocSpace objects, 0(0B) LOS objects, 37% free, 26MB/42MB, paused 492us total 42.092ms
08-05 23:41:06.824 28715 28728 I art     : Starting a blocking GC Explicit
08-05 23:41:06.868 28715 28728 I art     : Explicit concurrent mark sweep GC freed 3(96B) AllocSpace objects, 0(0B) LOS objects, 37% free, 26MB/42MB, paused 532us total 43.128ms
08-05 23:41:06.884 28715 28728 I art     : Starting a blocking GC Explicit
08-05 23:41:06.927 28715 28728 I art     : Explicit concurrent mark sweep GC freed 3(96B) AllocSpace objects, 0(0B) LOS objects, 37% free, 26MB/42MB, paused 568us total 43.285ms
08-05 23:41:06.944 28715 28728 I art     : Starting a blocking GC Explicit
08-05 23:41:06.987 28715 28728 I art     : Explicit concurrent mark sweep GC freed 3(96B) AllocSpace objects, 0(0B) LOS objects, 37% free, 26MB/42MB, paused 529us total 43.508ms
08-05 23:41:07.293 28715 29296 I art     : Starting a blocking GC Explicit
08-05 23:41:07.344 28715 29296 I art     : Explicit concurrent mark sweep GC freed 1293(75KB) AllocSpace objects, 1(20KB) LOS objects, 37% free, 26MB/42MB, paused 531us total 50.764ms
08-05 23:41:07.363 28715 29296 I art     : Starting a blocking GC Explicit
08-05 23:41:07.403 28715 29296 I art     : Explicit concurrent mark sweep GC freed 18(624B) AllocSpace objects, 0(0B) LOS objects, 37% free, 26MB/42MB, paused 472us total 39.682ms
08-05 23:41:07.418 28715 29296 I art     : Starting a blocking GC Explicit
08-05 23:41:07.459 28715 29296 I art     : Explicit concurrent mark sweep GC freed 4(128B) AllocSpace objects, 0(0B) LOS objects, 37% free, 26MB/42MB, paused 493us total 40.877ms
08-05 23:41:07.474 28715 29296 I art     : Starting a blocking GC Explicit
08-05 23:41:07.516 28715 29296 I art     : Explicit concurrent mark sweep GC freed 9(288B) AllocSpace objects, 0(0B) LOS objects, 37% free, 26MB/42MB, paused 644us total 41.222ms
08-05 23:41:07.532 28715 29296 I art     : Starting a blocking GC Explicit
08-05 23:41:07.576 28715 29296 I art     : Explicit concurrent mark sweep GC freed 10(320B) AllocSpace objects, 0(0B) LOS objects, 37% free, 26MB/42MB, paused 498us total 43.232ms
08-05 23:41:07.594 29900 29900 D AndroidRuntime: >>>>>> START com.android.internal.os.RuntimeInit uid 2000 <<<<<<
08-05 23:41:07.600 29900 29900 D AndroidRuntime: CheckJNI is OFF
08-05 23:41:07.642 29900 29900 D ICU     : No timezone override file found: /data/misc/zoneinfo/current/icu/icu_tzdata.dat
08-05 23:41:07.686 29900 29900 I Radio-JNI: register_android_hardware_Radio DONE
08-05 23:41:07.718 29900 29900 D AndroidRuntime: Calling main entry com.android.commands.input.Input
08-05 23:41:07.720 29900 29900 I Input   : injectMotionEvent: MotionEvent { action=ACTION_DOWN, actionButton=0, id[0]=0, x[0]=436.0, y[0]=1770.0, toolType[0]=TOOL_TYPE_UNKNOWN, buttonState=0, metaState=0, flags=0x0, edgeFlags=0x0, pointerCount=1, historySize=0, eventTime=834084133, downTime=834084133, deviceId=0, source=0x1002 }
08-05 23:41:07.727 29900 29900 I Input   : injectMotionEvent: MotionEvent { action=ACTION_UP, actionButton=0, id[0]=0, x[0]=436.0, y[0]=1770.0, toolType[0]=TOOL_TYPE_UNKNOWN, buttonState=0, metaState=0, flags=0x0, edgeFlags=0x0, pointerCount=1, historySize=0, eventTime=834084133, downTime=834084133, deviceId=0, source=0x1002 }
08-05 23:41:07.729 29900 29900 D AndroidRuntime: Shutting down VM
08-05 23:41:07.732 28715 28715 D MainActivity: NavigationItemSelected: Courses
08-05 23:41:07.735   918  3714 I ActivityManager: START u0 {cmp=baseline.com.ak.uobtimetable/.CourseListActivity} from uid 10710 on display 0
08-05 23:41:07.736   512  2967 D audio_hw_primary: out_set_parameters: enter: usecase(1: low-latency-playback) kvpairs: routing=2
08-05 23:41:07.750   512  2967 D audio_hw_primary: select_devices: out_snd_device(2: speaker) in_snd_device(0: none)
08-05 23:41:07.750   512  2967 D msm8974_platform: platform_send_audio_calibration: sending audio calibration for snd_device(2) acdb_id(15)
08-05 23:41:07.750   512  2967 I soundtrigger: audio_extn_sound_trigger_update_device_status: device 0x2 of type 0 for Event 1
08-05 23:41:07.750 28715 28715 D MainActivity: OnPause
08-05 23:41:07.760   512  2967 D audio_hw_primary: enable_snd_device: snd_device(2: speaker)
08-05 23:41:07.762   512  2967 D audio_hw_primary: enable_audio_route: apply and update mixer path: low-latency-playback speaker
08-05 23:41:07.800 28715 28715 D CourseListActivity: onCreate
08-05 23:41:07.801 28715 29934 D HTTP    : Request for: https://uob-timetable-api.adriankeenan.co.uk/courses
08-05 23:41:07.862   918   936 I ActivityManager: Displayed baseline.com.ak.uobtimetable/.CourseListActivity: +111ms
08-05 23:41:07.863 13866 13866 I GoogleInputMethodServic: GoogleInputMethodService.onFinishInput():3138 
08-05 23:41:07.864 13866 13866 I GoogleInputMethodServic: GoogleInputMethodService.onStartInput():1808 
08-05 23:41:07.898 28715 28927 I art     : Starting a blocking GC Explicit
08-05 23:41:07.940 28715 28927 I art     : Explicit concurrent mark sweep GC freed 3984(219KB) AllocSpace objects, 1(20KB) LOS objects, 37% free, 26MB/42MB, paused 534us total 42.214ms
08-05 23:41:07.957 28715 28927 I art     : Starting a blocking GC Explicit
08-05 23:41:07.997 28715 28927 I art     : Explicit concurrent mark sweep GC freed 630(37KB) AllocSpace objects, 0(0B) LOS objects, 37% free, 26MB/42MB, paused 533us total 39.436ms
08-05 23:41:08.012 28715 28927 I art     : Starting a blocking GC Explicit
08-05 23:41:08.060 28715 28927 I art     : Explicit concurrent mark sweep GC freed 2340(125KB) AllocSpace objects, 0(0B) LOS objects, 37% free, 26MB/42MB, paused 595us total 47.788ms
08-05 23:41:08.079 28715 28927 I art     : Starting a blocking GC Explicit
08-05 23:41:08.087 28715 29934 I NAPPA_EXPERIMENTATION: MetricNetworkRequestExecutionTime: REQUEST_DURATION_SYSTEM='285',REQUEST_DURATION_OKHTTP='36',REQUEST_SYNCHRONOUS='TRUE',RESPONSE_CODE='200',RESPONSE_METHOD='GET',RESPONSE_LENGTH_OKHTTP='-1',RESPONSE_LENGTH_HEADER='-2',REQUEST_PROTOCOL='http/1.1',REQUEST_URL='https://uob-timetable-api.adriankeenan.co.uk/courses',
08-05 23:41:08.125 28715 28927 I art     : Explicit concurrent mark sweep GC freed 1122(132KB) AllocSpace objects, 3(200KB) LOS objects, 35% free, 28MB/44MB, paused 517us total 46.018ms
08-05 23:41:08.140 28715 28927 I art     : Starting a blocking GC Explicit
08-05 23:41:08.177 28715 28927 I art     : Explicit concurrent mark sweep GC freed 65(2448B) AllocSpace objects, 0(0B) LOS objects, 32% free, 32MB/48MB, paused 613us total 37.241ms
08-05 23:41:08.218 28715 28715 D MainActivity: Saving state
08-05 23:41:08.218 28715 28715 D MainActivity: Saving current fragment: SessionListsFragment
08-05 23:41:08.218 28715 28715 D MainActivity: Saving current index: 3
08-05 23:41:08.218 28715 28715 D SessionListsFragment: Saving state
08-05 23:41:08.299   512  2967 D audio_hw_primary: disable_audio_route: reset and update mixer path: low-latency-playback speaker
08-05 23:41:08.300   512  2967 D audio_hw_primary: disable_snd_device: snd_device(2: speaker)
08-05 23:41:08.308   512  2967 I soundtrigger: audio_extn_sound_trigger_update_device_status: device 0x2 of type 0 for Event 0
08-05 23:41:08.468 28715 28927 I art     : Starting a blocking GC Explicit
08-05 23:41:08.468 28715 29934 I HTTP    : Response was compressed.
08-05 23:41:08.520 28715 28927 I art     : Explicit concurrent mark sweep GC freed 21965(1018KB) AllocSpace objects, 2(22MB) LOS objects, 27% free, 41MB/57MB, paused 967us total 51.554ms
08-05 23:41:08.535 28715 28927 I art     : Starting a blocking GC Explicit
08-05 23:41:08.580 28715 28927 I art     : Explicit concurrent mark sweep GC freed 36474(1717KB) AllocSpace objects, 0(0B) LOS objects, 27% free, 42MB/58MB, paused 816us total 44.734ms
08-05 23:41:08.595 28715 28927 I art     : Starting a blocking GC Explicit
08-05 23:41:08.641 28715 28927 I art     : Explicit concurrent mark sweep GC freed 33892(1604KB) AllocSpace objects, 0(0B) LOS objects, 27% free, 42MB/58MB, paused 878us total 45.559ms
08-05 23:41:08.656 28715 28927 I art     : Starting a blocking GC Explicit
08-05 23:41:08.702 28715 28927 I art     : Explicit concurrent mark sweep GC freed 34502(1620KB) AllocSpace objects, 0(0B) LOS objects, 27% free, 42MB/58MB, paused 969us total 46.457ms
08-05 23:41:08.718 28715 28927 I art     : Starting a blocking GC Explicit
08-05 23:41:08.765 28715 28927 I art     : Explicit concurrent mark sweep GC freed 34009(1608KB) AllocSpace objects, 0(0B) LOS objects, 27% free, 42MB/58MB, paused 1.051ms total 46.929ms
08-05 23:41:09.075 28715 28728 I art     : Starting a blocking GC Explicit
08-05 23:41:09.151 28715 28728 I art     : Explicit concurrent mark sweep GC freed 199267(9MB) AllocSpace objects, 1(20KB) LOS objects, 26% free, 44MB/60MB, paused 981us total 75.183ms
08-05 23:41:09.170 28715 28728 I art     : Starting a blocking GC Explicit
08-05 23:41:09.223 28715 28728 I art     : Explicit concurrent mark sweep GC freed 46762(2MB) AllocSpace objects, 0(0B) LOS objects, 26% free, 44MB/60MB, paused 953us total 52.409ms
08-05 23:41:09.241 28715 28728 I art     : Starting a blocking GC Explicit
08-05 23:41:09.295 28715 28728 I art     : Explicit concurrent mark sweep GC freed 38780(1840KB) AllocSpace objects, 0(0B) LOS objects, 26% free, 44MB/60MB, paused 1.121ms total 53.988ms
08-05 23:41:09.313 28715 28728 I art     : Starting a blocking GC Explicit
08-05 23:41:09.368 28715 28728 I art     : Explicit concurrent mark sweep GC freed 38671(1819KB) AllocSpace objects, 0(0B) LOS objects, 26% free, 45MB/61MB, paused 1.085ms total 54.974ms
08-05 23:41:09.387 28715 28728 I art     : Starting a blocking GC Explicit
08-05 23:41:09.444 28715 28728 I art     : Explicit concurrent mark sweep GC freed 39846(1867KB) AllocSpace objects, 0(0B) LOS objects, 26% free, 45MB/61MB, paused 1.164ms total 57.478ms
08-05 23:41:09.767 28715 28927 I art     : Starting a blocking GC Explicit
08-05 23:41:09.848 28715 28927 I art     : Explicit concurrent mark sweep GC freed 207259(9MB) AllocSpace objects, 1(20KB) LOS objects, 25% free, 47MB/63MB, paused 1.067ms total 81.124ms
08-05 23:41:09.869 28715 28927 I art     : Starting a blocking GC Explicit
08-05 23:41:09.931 28715 28927 I art     : Explicit concurrent mark sweep GC freed 52682(2MB) AllocSpace objects, 0(0B) LOS objects, 25% free, 47MB/63MB, paused 1.186ms total 61.408ms
08-05 23:41:09.951 28715 28927 I art     : Starting a blocking GC Explicit
08-05 23:41:10.016 28715 28927 I art     : Explicit concurrent mark sweep GC freed 45759(2MB) AllocSpace objects, 0(0B) LOS objects, 25% free, 47MB/63MB, paused 1.453ms total 65.443ms
08-05 23:41:10.017 28715 28726 I art     : WaitForGcToComplete blocked for 65.750ms for cause HeapTrim
08-05 23:41:10.037 28715 28927 I art     : Starting a blocking GC Explicit
08-05 23:41:10.102 28715 28927 I art     : Explicit concurrent mark sweep GC freed 45091(2MB) AllocSpace objects, 0(0B) LOS objects, 24% free, 48MB/64MB, paused 1.413ms total 65.195ms
08-05 23:41:10.123 28715 28927 I art     : Starting a blocking GC Explicit
08-05 23:41:10.188 28715 28927 I art     : Explicit concurrent mark sweep GC freed 45745(2MB) AllocSpace objects, 0(0B) LOS objects, 24% free, 48MB/64MB, paused 1.347ms total 65.307ms
08-05 23:41:10.506 28715 28728 I art     : Starting a blocking GC Explicit
08-05 23:41:10.598 28715 28728 I art     : Explicit concurrent mark sweep GC freed 204690(9MB) AllocSpace objects, 1(20KB) LOS objects, 24% free, 50MB/66MB, paused 1.278ms total 90.979ms
08-05 23:41:10.619 28715 28728 I art     : Starting a blocking GC Explicit
08-05 23:41:10.690 28715 28728 I art     : Explicit concurrent mark sweep GC freed 57489(2MB) AllocSpace objects, 0(0B) LOS objects, 24% free, 50MB/66MB, paused 1.401ms total 70.967ms
08-05 23:41:10.711 28715 28728 I art     : Starting a blocking GC Explicit
08-05 23:41:10.784 28715 28728 I art     : Explicit concurrent mark sweep GC freed 50979(2MB) AllocSpace objects, 0(0B) LOS objects, 23% free, 50MB/66MB, paused 1.508ms total 72.089ms
08-05 23:41:10.806 28715 28728 I art     : Starting a blocking GC Explicit
08-05 23:41:10.879 28715 28728 I art     : Explicit concurrent mark sweep GC freed 50376(2MB) AllocSpace objects, 0(0B) LOS objects, 23% free, 51MB/67MB, paused 1.478ms total 73.292ms
08-05 23:41:10.901 28715 28728 I art     : Starting a blocking GC Explicit
08-05 23:41:10.975 28715 28728 I art     : Explicit concurrent mark sweep GC freed 49240(2MB) AllocSpace objects, 0(0B) LOS objects, 23% free, 51MB/67MB, paused 1.618ms total 74.517ms
08-05 23:41:11.273 28715 29934 I Service : getCourses response time: 0.69
08-05 23:41:11.288 28715 28715 I SettingsManager: Getting string: savedCourse
08-05 23:41:11.302 28715 29296 I art     : Starting a blocking GC Explicit
08-05 23:41:11.400 28715 29296 I art     : Explicit concurrent mark sweep GC freed 164141(7MB) AllocSpace objects, 2(15MB) LOS objects, 29% free, 37MB/53MB, paused 952us total 97.576ms
08-05 23:41:11.422 28715 29296 I art     : Starting a blocking GC Explicit
08-05 23:41:11.496 28715 29296 I art     : Explicit concurrent mark sweep GC freed 777(30KB) AllocSpace objects, 0(0B) LOS objects, 29% free, 37MB/53MB, paused 545us total 74.549ms
08-05 23:41:11.522 28715 29296 I art     : Starting a blocking GC Explicit
08-05 23:41:11.605 28715 29296 I art     : Explicit concurrent mark sweep GC freed 703(65KB) AllocSpace objects, 0(0B) LOS objects, 29% free, 37MB/53MB, paused 545us total 83.054ms
08-05 23:41:11.631 28715 29296 I art     : Starting a blocking GC Explicit
08-05 23:41:11.709 28715 29296 I art     : Explicit concurrent mark sweep GC freed 3(96B) AllocSpace objects, 0(0B) LOS objects, 29% free, 37MB/53MB, paused 495us total 78.057ms
08-05 23:41:11.735 28715 29296 I art     : Starting a blocking GC Explicit
08-05 23:41:11.820 28715 29296 I art     : Explicit concurrent mark sweep GC freed 3(96B) AllocSpace objects, 0(0B) LOS objects, 29% free, 37MB/53MB, paused 507us total 84.537ms
08-05 23:41:12.177 28715 28728 I art     : Starting a blocking GC Explicit
08-05 23:41:12.261 28715 28728 I art     : Explicit concurrent mark sweep GC freed 1293(75KB) AllocSpace objects, 1(20KB) LOS objects, 29% free, 37MB/53MB, paused 557us total 83.214ms
08-05 23:41:12.287 28715 28728 I art     : Starting a blocking GC Explicit
08-05 23:41:12.369 28715 28728 I art     : Explicit concurrent mark sweep GC freed 18(624B) AllocSpace objects, 0(0B) LOS objects, 29% free, 37MB/53MB, paused 570us total 81.715ms
08-05 23:41:12.394 28715 28728 I art     : Starting a blocking GC Explicit
08-05 23:41:12.479 28715 28728 I art     : Explicit concurrent mark sweep GC freed 3(96B) AllocSpace objects, 0(0B) LOS objects, 29% free, 37MB/53MB, paused 565us total 84.751ms
08-05 23:41:12.505 28715 28728 I art     : Starting a blocking GC Explicit
08-05 23:41:12.584 28715 28728 I art     : Explicit concurrent mark sweep GC freed 3(96B) AllocSpace objects, 0(0B) LOS objects, 29% free, 37MB/53MB, paused 530us total 79.497ms
08-05 23:41:12.610 28715 28728 I art     : Starting a blocking GC Explicit
08-05 23:41:12.695 28715 28728 I art     : Explicit concurrent mark sweep GC freed 3(96B) AllocSpace objects, 0(0B) LOS objects, 29% free, 37MB/53MB, paused 516us total 84.686ms
08-05 23:41:13.046 28715 28927 I art     : Starting a blocking GC Explicit
08-05 23:41:13.134 28715 28927 I art     : Explicit concurrent mark sweep GC freed 1296(75KB) AllocSpace objects, 1(20KB) LOS objects, 29% free, 37MB/53MB, paused 521us total 87.300ms
08-05 23:41:13.160 28715 28927 I art     : Starting a blocking GC Explicit
08-05 23:41:13.242 28715 28927 I art     : Explicit concurrent mark sweep GC freed 18(624B) AllocSpace objects, 0(0B) LOS objects, 29% free, 37MB/53MB, paused 530us total 81.987ms
08-05 23:41:13.267 28715 28927 I art     : Starting a blocking GC Explicit
08-05 23:41:13.350 28715 28927 I art     : Explicit concurrent mark sweep GC freed 3(96B) AllocSpace objects, 0(0B) LOS objects, 29% free, 37MB/53MB, paused 543us total 82.649ms
08-05 23:41:13.376 28715 28927 I art     : Starting a blocking GC Explicit
08-05 23:41:13.456 28715 28927 I art     : Explicit concurrent mark sweep GC freed 3(96B) AllocSpace objects, 0(0B) LOS objects, 29% free, 37MB/53MB, paused 551us total 80.039ms
08-05 23:41:13.482 28715 28927 I art     : Starting a blocking GC Explicit
08-05 23:41:13.566 28715 28927 I art     : Explicit concurrent mark sweep GC freed 3(96B) AllocSpace objects, 0(0B) LOS objects, 29% free, 37MB/53MB, paused 510us total 83.466ms
08-05 23:41:13.926 28715 29296 I art     : Starting a blocking GC Explicit
08-05 23:41:14.017 28715 29296 I art     : Explicit concurrent mark sweep GC freed 1293(75KB) AllocSpace objects, 1(20KB) LOS objects, 29% free, 37MB/53MB, paused 521us total 90.674ms
08-05 23:41:14.041 28715 29296 I art     : Starting a blocking GC Explicit
08-05 23:41:14.113 28715 29296 I art     : Explicit concurrent mark sweep GC freed 18(624B) AllocSpace objects, 0(0B) LOS objects, 29% free, 37MB/53MB, paused 567us total 72.422ms
08-05 23:41:14.137 28715 29296 I art     : Starting a blocking GC Explicit
08-05 23:41:14.211 28715 29296 I art     : Explicit concurrent mark sweep GC freed 3(96B) AllocSpace objects, 0(0B) LOS objects, 29% free, 37MB/53MB, paused 535us total 73.715ms
08-05 23:41:14.236 28715 29296 I art     : Starting a blocking GC Explicit
08-05 23:41:14.315 28715 29296 I art     : Explicit concurrent mark sweep GC freed 3(96B) AllocSpace objects, 0(0B) LOS objects, 29% free, 37MB/53MB, paused 537us total 78.163ms
08-05 23:41:14.339 28715 29296 I art     : Starting a blocking GC Explicit
08-05 23:41:14.417 28715 29296 I art     : Explicit concurrent mark sweep GC freed 3(96B) AllocSpace objects, 0(0B) LOS objects, 29% free, 37MB/53MB, paused 562us total 77.075ms
08-05 23:41:14.542 30019 30019 D AndroidRuntime: >>>>>> START com.android.internal.os.RuntimeInit uid 2000 <<<<<<
08-05 23:41:14.551 30019 30019 D AndroidRuntime: CheckJNI is OFF
08-05 23:41:14.595 30019 30019 D ICU     : No timezone override file found: /data/misc/zoneinfo/current/icu/icu_tzdata.dat
08-05 23:41:14.638 30019 30019 I Radio-JNI: register_android_hardware_Radio DONE
08-05 23:41:14.666 30019 30019 D AndroidRuntime: Calling main entry com.android.commands.input.Input
08-05 23:41:14.668 30019 30019 I Input   : injectMotionEvent: MotionEvent { action=ACTION_DOWN, actionButton=0, id[0]=0, x[0]=648.0, y[0]=709.0, toolType[0]=TOOL_TYPE_UNKNOWN, buttonState=0, metaState=0, flags=0x0, edgeFlags=0x0, pointerCount=1, historySize=0, eventTime=834091080, downTime=834091080, deviceId=0, source=0x1002 }
08-05 23:41:14.676 30019 30019 I Input   : injectMotionEvent: MotionEvent { action=ACTION_UP, actionButton=0, id[0]=0, x[0]=648.0, y[0]=709.0, toolType[0]=TOOL_TYPE_UNKNOWN, buttonState=0, metaState=0, flags=0x0, edgeFlags=0x0, pointerCount=1, historySize=0, eventTime=834091080, downTime=834091080, deviceId=0, source=0x1002 }
08-05 23:41:14.678 30019 30019 D AndroidRuntime: Shutting down VM
08-05 23:41:14.745   512  2967 D audio_hw_primary: out_set_parameters: enter: usecase(1: low-latency-playback) kvpairs: routing=2
08-05 23:41:14.753 28715 29296 I art     : Starting a blocking GC Explicit
08-05 23:41:14.758   512  2967 D audio_hw_primary: select_devices: out_snd_device(2: speaker) in_snd_device(0: none)
08-05 23:41:14.758   512  2967 D msm8974_platform: platform_send_audio_calibration: sending audio calibration for snd_device(2) acdb_id(15)
08-05 23:41:14.758   512  2967 I soundtrigger: audio_extn_sound_trigger_update_device_status: device 0x2 of type 0 for Event 1
08-05 23:41:14.769   512  2967 D audio_hw_primary: enable_snd_device: snd_device(2: speaker)
08-05 23:41:14.771   512  2967 D audio_hw_primary: enable_audio_route: apply and update mixer path: low-latency-playback speaker
08-05 23:41:14.839 28715 29296 I art     : Explicit concurrent mark sweep GC freed 2021(126KB) AllocSpace objects, 2(40KB) LOS objects, 29% free, 37MB/53MB, paused 583us total 85.414ms
08-05 23:41:14.861 28715 29296 I art     : Starting a blocking GC Explicit
08-05 23:41:14.940 28715 29296 I art     : Explicit concurrent mark sweep GC freed 167(11KB) AllocSpace objects, 0(0B) LOS objects, 29% free, 37MB/53MB, paused 529us total 78.126ms
08-05 23:41:14.968 28715 29296 I art     : Starting a blocking GC Explicit
08-05 23:41:15.050 28715 29296 I art     : Explicit concurrent mark sweep GC freed 22(944B) AllocSpace objects, 0(0B) LOS objects, 29% free, 37MB/53MB, paused 547us total 81.110ms
08-05 23:41:15.080 28715 29296 I art     : Starting a blocking GC Explicit
08-05 23:41:15.172 28715 29296 I art     : Explicit concurrent mark sweep GC freed 5(192B) AllocSpace objects, 0(0B) LOS objects, 29% free, 37MB/53MB, paused 619us total 91.687ms
08-05 23:41:15.172 28715 28726 I art     : WaitForGcToComplete blocked for 69.394ms for cause HeapTrim
08-05 23:41:15.200 28715 29296 I art     : Starting a blocking GC Explicit
08-05 23:41:15.283 28715 29296 I art     : Explicit concurrent mark sweep GC freed 9(288B) AllocSpace objects, 0(0B) LOS objects, 29% free, 37MB/53MB, paused 525us total 82.794ms
08-05 23:41:15.321   512  2967 D audio_hw_primary: disable_audio_route: reset and update mixer path: low-latency-playback speaker
08-05 23:41:15.323   512  2967 D audio_hw_primary: disable_snd_device: snd_device(2: speaker)
08-05 23:41:15.331   512  2967 I soundtrigger: audio_extn_sound_trigger_update_device_status: device 0x2 of type 0 for Event 0
08-05 23:41:15.630 28715 28727 I art     : Starting a blocking GC Explicit
08-05 23:41:15.721 28715 28727 I art     : Explicit concurrent mark sweep GC freed 1294(75KB) AllocSpace objects, 1(20KB) LOS objects, 29% free, 37MB/53MB, paused 562us total 90.733ms
08-05 23:41:15.749 28715 28727 I art     : Starting a blocking GC Explicit
08-05 23:41:15.827 28715 28727 I art     : Explicit concurrent mark sweep GC freed 22(752B) AllocSpace objects, 0(0B) LOS objects, 29% free, 37MB/53MB, paused 530us total 77.701ms
08-05 23:41:15.852 28715 28727 I art     : Starting a blocking GC Explicit
08-05 23:41:15.928 28715 28727 I art     : Explicit concurrent mark sweep GC freed 3(96B) AllocSpace objects, 0(0B) LOS objects, 29% free, 37MB/53MB, paused 590us total 76.124ms
08-05 23:41:15.953 28715 28727 I art     : Starting a blocking GC Explicit
08-05 23:41:16.021 28715 28727 I art     : Explicit concurrent mark sweep GC freed 3(96B) AllocSpace objects, 0(0B) LOS objects, 29% free, 37MB/53MB, paused 521us total 68.334ms
08-05 23:41:16.045 28715 28727 I art     : Starting a blocking GC Explicit
08-05 23:41:16.118 28715 28727 I art     : Explicit concurrent mark sweep GC freed 3(96B) AllocSpace objects, 0(0B) LOS objects, 29% free, 37MB/53MB, paused 566us total 73.402ms
08-05 23:41:16.449 30053 30053 D AndroidRuntime: >>>>>> START com.android.internal.os.RuntimeInit uid 2000 <<<<<<
08-05 23:41:16.457 30053 30053 D AndroidRuntime: CheckJNI is OFF
08-05 23:41:16.458 28715 28927 I art     : Starting a blocking GC Explicit
08-05 23:41:16.508 30053 30053 D ICU     : No timezone override file found: /data/misc/zoneinfo/current/icu/icu_tzdata.dat
08-05 23:41:16.561 30053 30053 I Radio-JNI: register_android_hardware_Radio DONE
08-05 23:41:16.592 28715 28927 I art     : Explicit concurrent mark sweep GC freed 1317(76KB) AllocSpace objects, 1(20KB) LOS objects, 29% free, 37MB/53MB, paused 546us total 133.196ms
08-05 23:41:16.594 30053 30053 D AndroidRuntime: Calling main entry com.android.commands.input.Input
08-05 23:41:16.597 30053 30053 I Input   : injectMotionEvent: MotionEvent { action=ACTION_DOWN, actionButton=0, id[0]=0, x[0]=1197.0, y[0]=1456.0, toolType[0]=TOOL_TYPE_UNKNOWN, buttonState=0, metaState=0, flags=0x0, edgeFlags=0x0, pointerCount=1, historySize=0, eventTime=834093009, downTime=834093009, deviceId=0, source=0x1002 }
08-05 23:41:16.601 30053 30053 I Input   : injectMotionEvent: MotionEvent { action=ACTION_UP, actionButton=0, id[0]=0, x[0]=1197.0, y[0]=1456.0, toolType[0]=TOOL_TYPE_UNKNOWN, buttonState=0, metaState=0, flags=0x0, edgeFlags=0x0, pointerCount=1, historySize=0, eventTime=834093009, downTime=834093009, deviceId=0, source=0x1002 }
08-05 23:41:16.603 30053 30053 D AndroidRuntime: Shutting down VM
08-05 23:41:16.615   512  2967 D audio_hw_primary: out_set_parameters: enter: usecase(1: low-latency-playback) kvpairs: routing=2
08-05 23:41:16.622 28715 28927 I art     : Starting a blocking GC Explicit
08-05 23:41:16.629   512  2967 D audio_hw_primary: select_devices: out_snd_device(2: speaker) in_snd_device(0: none)
08-05 23:41:16.629 28715 28730 D OpenGLRenderer: endAllStagingAnimators on 0x7f77cc9800 (RippleDrawable) with handle 0x7f78e5f0a0
08-05 23:41:16.629   512  2967 D msm8974_platform: platform_send_audio_calibration: sending audio calibration for snd_device(2) acdb_id(15)
08-05 23:41:16.629   512  2967 I soundtrigger: audio_extn_sound_trigger_update_device_status: device 0x2 of type 0 for Event 1
08-05 23:41:16.637 28715 28715 I SettingsManager: Setting string: savedCourse
08-05 23:41:16.637   918   928 W BackupManagerService: dataChanged but no participant pkg='baseline.com.ak.uobtimetable' uid=10710
08-05 23:41:16.638   918  5481 I ActivityManager: START u0 {flg=0x4000000 cmp=baseline.com.ak.uobtimetable/.MainActivity (has extras)} from uid 10710 on display 0
08-05 23:41:16.639   512  2967 D audio_hw_primary: enable_snd_device: snd_device(2: speaker)
08-05 23:41:16.641   512  2967 D audio_hw_primary: enable_audio_route: apply and update mixer path: low-latency-playback speaker
08-05 23:41:16.651   918  3359 W InputMethodManagerService: Focus gain on non-focused client com.android.internal.view.IInputMethodClient$Stub$Proxy@1dd7302 (uid=10710 pid=28715)
08-05 23:41:16.670 28715 28715 D MainActivity: OnDestroy
08-05 23:41:16.693 28715 28927 I art     : Explicit concurrent mark sweep GC freed 5559(262KB) AllocSpace objects, 0(0B) LOS objects, 29% free, 37MB/53MB, paused 1.038ms total 71.360ms
08-05 23:41:16.698 28715 28715 D MainActivity: onCreate
08-05 23:41:16.698 28715 28715 I SettingsManager: Getting string: savedSessions
08-05 23:41:16.698 28715 28715 I SettingsManager: Getting string: savedSessions
08-05 23:41:16.710 28715 28715 I SettingsManager: Getting string: savedSessionsCourseName
08-05 23:41:16.710 28715 28715 I SettingsManager: Getting string: savedSessionsCourseName
08-05 23:41:16.710 28715 28715 I SettingsManager: Getting string: savedSessionsDateRange
08-05 23:41:16.710 28715 28715 I SettingsManager: Getting string: savedSessionsDateRange
08-05 23:41:16.710 28715 28715 I Settings: 15 saved sessions - Artificial Intelligence and Robotics (with Foundation Year) - BSc (Hons) - Ltn - Y0 Feb FT - Weeks: 24-38 (8 Jun 2020-20 Sep 2020)
08-05 23:41:16.716 28715 28927 I art     : Starting a blocking GC Explicit
08-05 23:41:16.754 28715 28715 I SettingsManager: Getting string: savedCourse
08-05 23:41:16.755 28715 28715 D MainActivity: sessionListFragmentArg: updateSessions
08-05 23:41:16.755 28715 28715 D MainActivity: showTermDatesConfigChange: false
08-05 23:41:16.755 28715 28715 D MainActivity: showTermDatesShortcut: false
08-05 23:41:16.756 28715 28715 D MainActivity: Setting initial fragment: SessionListsFragment
08-05 23:41:16.757 28715 28715 I SettingsManager: Getting int: launchCount
08-05 23:41:16.758 28715 28715 D SessionListsFragment: onCreateView
08-05 23:41:16.762 28715 28715 I SettingsManager: Getting string: savedCourse
08-05 23:41:16.766 28715 28715 I SettingsManager: Getting string: savedSessions
08-05 23:41:16.777 28715 28715 D SessionListsFragment: loadArgument: updateSessions
08-05 23:41:16.777 28715 28715 D SessionListsFragment: initialIndex: -1
08-05 23:41:16.778 28715 30076 D HTTP    : Request for: https://uob-timetable-api.adriankeenan.co.uk/sessions?dept=CM010&course=BSAIFAAF%2F02AA%2F0%2FFT&level=Foundation+Year
08-05 23:41:16.794 28715 28927 I art     : Explicit concurrent mark sweep GC freed 15924(758KB) AllocSpace objects, 3(1380KB) LOS objects, 29% free, 37MB/53MB, paused 1.295ms total 77.204ms
08-05 23:41:16.795 28715 28715 D TermDatesFragment: WebView loaded
08-05 23:41:16.796 28715 28715 D MainActivity: OnResume
08-05 23:41:16.812 28715 28715 I TermDatesFragment: Webview load %: 10
08-05 23:41:16.817 28715 28927 I art     : Starting a blocking GC Explicit
08-05 23:41:16.890 28715 28927 I art     : Explicit concurrent mark sweep GC freed 1605(72KB) AllocSpace objects, 0(0B) LOS objects, 29% free, 37MB/53MB, paused 1.253ms total 72.511ms
08-05 23:41:16.912 28715 28927 I art     : Starting a blocking GC Explicit
08-05 23:41:16.915   918   936 I ActivityManager: Displayed baseline.com.ak.uobtimetable/.MainActivity: +262ms
08-05 23:41:16.915 13866 13866 I GoogleInputMethodServic: GoogleInputMethodService.onFinishInput():3138 
08-05 23:41:16.916 13866 13866 I GoogleInputMethodServic: GoogleInputMethodService.onStartInput():1808 
08-05 23:41:16.974 28715 28927 I art     : Explicit concurrent mark sweep GC freed 40003(1779KB) AllocSpace objects, 5(308KB) LOS objects, 30% free, 36MB/52MB, paused 672us total 61.538ms
08-05 23:41:16.992 28715 28715 I TermDatesFragment: Webview load %: 70
08-05 23:41:16.998 28715 30076 I NAPPA_EXPERIMENTATION: MetricNetworkRequestExecutionTime: REQUEST_DURATION_SYSTEM='218',REQUEST_DURATION_OKHTTP='48',REQUEST_SYNCHRONOUS='TRUE',RESPONSE_CODE='200',RESPONSE_METHOD='GET',RESPONSE_LENGTH_OKHTTP='-1',RESPONSE_LENGTH_HEADER='1214',REQUEST_PROTOCOL='http/1.1',REQUEST_URL='https://uob-timetable-api.adriankeenan.co.uk/sessions?dept=CM010&course=BSAIFAAF%2F02AA%2F0%2FFT&level=Foundation+Year',
08-05 23:41:17.003 28715 28715 I TermDatesFragment: Webview load %: 100
08-05 23:41:17.003 28715 28715 I TermDatesFragment: Webview load %: 100
08-05 23:41:17.039 28715 30076 I HTTP    : Response was compressed.
08-05 23:41:17.051 28715 30076 I Service : getSessions response time: 1.10
08-05 23:41:17.051 28715 28715 I SettingsManager: Getting string: savedSessions
08-05 23:41:17.052 28715 28715 I SettingsManager: Getting string: savedSessions
08-05 23:41:17.062 28715 28715 I Service : Sessions updated: 15
08-05 23:41:17.062 28715 28715 I Service : Sessions removed from new list: 0
08-05 23:41:17.072 28715 28715 I SettingsManager: Setting string: savedSessions
08-05 23:41:17.072   918  5132 W BackupManagerService: dataChanged but no participant pkg='baseline.com.ak.uobtimetable' uid=10710
08-05 23:41:17.072 28715 28715 I SettingsManager: Setting date: savedSessionsTime
08-05 23:41:17.079   918  5481 W BackupManagerService: dataChanged but no participant pkg='baseline.com.ak.uobtimetable' uid=10710
08-05 23:41:17.079 28715 28715 I SettingsManager: Setting string: savedSessionsCourseName
08-05 23:41:17.080   918   928 W BackupManagerService: dataChanged but no participant pkg='baseline.com.ak.uobtimetable' uid=10710
08-05 23:41:17.080 28715 28715 I SettingsManager: Setting string: savedSessionsDateRange
08-05 23:41:17.080   918  4400 W BackupManagerService: dataChanged but no participant pkg='baseline.com.ak.uobtimetable' uid=10710
08-05 23:41:17.080 28715 28715 I SettingsManager: Setting string: timetableUrl
08-05 23:41:17.081   918   929 W BackupManagerService: dataChanged but no participant pkg='baseline.com.ak.uobtimetable' uid=10710
08-05 23:41:17.081 28715 28715 I SettingsManager: Getting boolean: notifySessionRemindersEnabled
08-05 23:41:17.081 28715 28715 I SettingsManager: Getting int: notifySessionRemindersMinutes
08-05 23:41:17.081 28715 28715 I SettingsManager: Getting boolean: showHiddenSessions
08-05 23:41:17.083 28715 28715 I SessionReminderNotifier: Created session reminder alarm for f7b4771250a919bd729c1c5a4a459c77 at Mon 08:30:00 10/08/20
08-05 23:41:17.085 28715 28715 I SessionReminderNotifier: Created session reminder alarm for a7f879aabdeb78622c8820a5fb7b64cd at Tue 08:30:00 11/08/20
08-05 23:41:17.087 28715 28715 I SessionReminderNotifier: Created session reminder alarm for 7bc8d7e2c2055711f597c3d9078c6ea3 at Tue 08:30:00 11/08/20
08-05 23:41:17.088 28715 28715 I SessionReminderNotifier: Created session reminder alarm for 53c0527a6f009a1f2fd223834d3bfe51 at Tue 10:30:00 11/08/20
08-05 23:41:17.090 28715 28715 I SessionReminderNotifier: Created session reminder alarm for e0fc978b5db8218778540b4053344581 at Tue 11:00:00 11/08/20
08-05 23:41:17.091 28715 28715 I SessionReminderNotifier: Created session reminder alarm for 199afb0100f329ff65a09e1b0cd9deba at Tue 11:30:00 11/08/20
08-05 23:41:17.093 28715 28715 I SessionReminderNotifier: Created session reminder alarm for 21712fef61090882c855a1425543edb5 at Tue 13:30:00 11/08/20
08-05 23:41:17.095 28715 28715 I SessionReminderNotifier: Created session reminder alarm for 65ca4d97f031f29a4d02bbb45a705d8f at Wed 08:30:00 12/08/20
08-05 23:41:17.096 28715 28715 I SessionReminderNotifier: Created session reminder alarm for eeda7741b0bcab58fd9f46dc6ef1d942 at Wed 08:30:00 12/08/20
08-05 23:41:17.098 28715 28715 I SessionReminderNotifier: Created session reminder alarm for c276c1b2075a0beb67f1b3d1e580f920 at Wed 11:00:00 12/08/20
08-05 23:41:17.099 28715 28715 I SessionReminderNotifier: Created session reminder alarm for 8b1f3627e42ae13a6f6ba0a83903dde1 at Wed 13:30:00 12/08/20
08-05 23:41:17.101 28715 28715 I SessionReminderNotifier: Created session reminder alarm for 79fe0b5c3b887a13ba29db5a33fa2800 at Thu 08:30:00 06/08/20
08-05 23:41:17.102 28715 28715 I SessionReminderNotifier: Created session reminder alarm for cb9dfc8231cdba2be0835dc5709690e1 at Thu 08:30:00 06/08/20
08-05 23:41:17.104 28715 28715 I SessionReminderNotifier: Created session reminder alarm for f850dc24d6de60b7b89fa9e1a8c224c5 at Thu 12:00:00 06/08/20
08-05 23:41:17.106 28715 28715 I SessionReminderNotifier: Created session reminder alarm for 2ba1034116e4fffdd592dbf0796a43d5 at Fri 08:30:00 07/08/20
08-05 23:41:17.106 28715 28715 I SettingsManager: Getting boolean: showHiddenSessions
08-05 23:41:17.106 28715 28715 D SessionListsFragment: 1 sessions for day 0
08-05 23:41:17.106 28715 28715 D SessionListsFragment: 6 sessions for day 1
08-05 23:41:17.106 28715 28715 D SessionListsFragment: 4 sessions for day 2
08-05 23:41:17.106 28715 28715 D SessionListsFragment: 3 sessions for day 3
08-05 23:41:17.107 28715 28715 D SessionListsFragment: 1 sessions for day 4
08-05 23:41:17.150 28715 28715 I SettingsManager: Getting boolean: showHiddenSessions
08-05 23:41:17.150 28715 28715 D SessionListsFragment: Refreshed ViewPager
08-05 23:41:17.150 28715 28715 I SettingsManager: Getting boolean: showHiddenSessions
08-05 23:41:17.151 28715 28715 I SettingsManager: Getting boolean: completedTutorial
08-05 23:41:17.151 28715 28715 I SettingsManager: Getting boolean: showHiddenSessions
08-05 23:41:17.151 28715 28715 I SettingsManager: Getting date: savedSessionsTime
08-05 23:41:17.179   512  2967 D audio_hw_primary: disable_audio_route: reset and update mixer path: low-latency-playback speaker
08-05 23:41:17.180   512  2967 D audio_hw_primary: disable_snd_device: snd_device(2: speaker)
08-05 23:41:17.188   512  2967 I soundtrigger: audio_extn_sound_trigger_update_device_status: device 0x2 of type 0 for Event 0
08-05 23:41:17.269 28715 28728 I art     : Starting a blocking GC Explicit
08-05 23:41:17.350 28715 28728 I art     : Explicit concurrent mark sweep GC freed 85132(3MB) AllocSpace objects, 4(72KB) LOS objects, 30% free, 37MB/53MB, paused 1.302ms total 80.501ms
08-05 23:41:17.373 28715 28728 I art     : Starting a blocking GC Explicit
08-05 23:41:17.443 28715 28728 I art     : Explicit concurrent mark sweep GC freed 36670(1537KB) AllocSpace objects, 0(0B) LOS objects, 30% free, 36MB/52MB, paused 1.334ms total 69.909ms
08-05 23:41:17.465 28715 28728 I art     : Starting a blocking GC Explicit
08-05 23:41:17.540 28715 28728 I art     : Explicit concurrent mark sweep GC freed 31076(1286KB) AllocSpace objects, 0(0B) LOS objects, 30% free, 37MB/53MB, paused 1.608ms total 74.548ms
08-05 23:41:17.563 28715 28728 I art     : Starting a blocking GC Explicit
08-05 23:41:17.647 28715 28728 I art     : Explicit concurrent mark sweep GC freed 34857(1436KB) AllocSpace objects, 0(0B) LOS objects, 30% free, 37MB/53MB, paused 7.360ms total 83.761ms
08-05 23:41:17.670 28715 28728 I art     : Starting a blocking GC Explicit
08-05 23:41:17.747 28715 28728 I art     : Explicit concurrent mark sweep GC freed 35041(1444KB) AllocSpace objects, 0(0B) LOS objects, 29% free, 37MB/53MB, paused 1.398ms total 76.450ms
08-05 23:41:18.020 28715 28715 I Choreographer: Skipped 51 frames!  The application may be doing too much work on its main thread.
08-05 23:41:18.070 28715 28927 I art     : Starting a blocking GC Explicit
08-05 23:41:18.170 28715 28927 I art     : Explicit concurrent mark sweep GC freed 94382(3MB) AllocSpace objects, 1(20KB) LOS objects, 29% free, 37MB/53MB, paused 681us total 99.381ms
08-05 23:41:18.195 28715 28927 I art     : Starting a blocking GC Explicit
08-05 23:41:18.257 28715 28927 I art     : Explicit concurrent mark sweep GC freed 123595(11MB) AllocSpace objects, 3(136KB) LOS objects, 37% free, 26MB/42MB, paused 531us total 62.368ms
08-05 23:41:18.272 28715 28927 I art     : Starting a blocking GC Explicit
08-05 23:41:18.312 28715 28927 I art     : Explicit concurrent mark sweep GC freed 154(6KB) AllocSpace objects, 0(0B) LOS objects, 37% free, 26MB/42MB, paused 506us total 39.384ms
08-05 23:41:18.327 28715 28927 I art     : Starting a blocking GC Explicit
08-05 23:41:18.371 28715 28927 I art     : Explicit concurrent mark sweep GC freed 75(3KB) AllocSpace objects, 0(0B) LOS objects, 37% free, 26MB/42MB, paused 519us total 43.466ms
08-05 23:41:18.387 28715 28927 I art     : Starting a blocking GC Explicit
08-05 23:41:18.433 28715 28927 I art     : Explicit concurrent mark sweep GC freed 4(160B) AllocSpace objects, 0(0B) LOS objects, 37% free, 26MB/42MB, paused 564us total 46.133ms
08-05 23:41:18.779 28715 28728 I art     : Starting a blocking GC Explicit
08-05 23:41:18.822 28715 28728 I art     : Explicit concurrent mark sweep GC freed 1343(77KB) AllocSpace objects, 1(20KB) LOS objects, 37% free, 26MB/42MB, paused 560us total 42.763ms
08-05 23:41:18.838 28715 28728 I art     : Starting a blocking GC Explicit
08-05 23:41:18.879 28715 28728 I art     : Explicit concurrent mark sweep GC freed 55(1824B) AllocSpace objects, 0(0B) LOS objects, 37% free, 26MB/42MB, paused 706us total 41.001ms
08-05 23:41:18.895 28715 28728 I art     : Starting a blocking GC Explicit
08-05 23:41:18.935 28715 28728 I art     : Explicit concurrent mark sweep GC freed 38(1216B) AllocSpace objects, 0(0B) LOS objects, 37% free, 26MB/42MB, paused 546us total 39.839ms
08-05 23:41:18.951 28715 28728 I art     : Starting a blocking GC Explicit
08-05 23:41:18.994 28715 28728 I art     : Explicit concurrent mark sweep GC freed 27(864B) AllocSpace objects, 0(0B) LOS objects, 37% free, 26MB/42MB, paused 519us total 42.679ms
08-05 23:41:19.009 28715 28728 I art     : Starting a blocking GC Explicit
08-05 23:41:19.054 28715 28728 I art     : Explicit concurrent mark sweep GC freed 4(128B) AllocSpace objects, 0(0B) LOS objects, 37% free, 26MB/42MB, paused 585us total 44.708ms
08-05 23:41:19.411 28715 28927 I art     : Starting a blocking GC Explicit
08-05 23:41:19.467 28715 28927 I art     : Explicit concurrent mark sweep GC freed 1294(75KB) AllocSpace objects, 1(20KB) LOS objects, 37% free, 26MB/42MB, paused 574us total 55.760ms
08-05 23:41:19.488 28715 28927 I art     : Starting a blocking GC Explicit
08-05 23:41:19.536 28715 28927 I art     : Explicit concurrent mark sweep GC freed 18(624B) AllocSpace objects, 0(0B) LOS objects, 37% free, 26MB/42MB, paused 583us total 47.805ms
08-05 23:41:19.553 28715 28927 I art     : Starting a blocking GC Explicit
08-05 23:41:19.600 28715 28927 I art     : Explicit concurrent mark sweep GC freed 3(96B) AllocSpace objects, 0(0B) LOS objects, 37% free, 26MB/42MB, paused 582us total 47.341ms
08-05 23:41:19.617 28715 28927 I art     : Starting a blocking GC Explicit
08-05 23:41:19.663 28715 28927 I art     : Explicit concurrent mark sweep GC freed 3(96B) AllocSpace objects, 0(0B) LOS objects, 37% free, 26MB/42MB, paused 568us total 45.571ms
08-05 23:41:19.679 28715 28927 I art     : Starting a blocking GC Explicit
08-05 23:41:19.726 28715 28927 I art     : Explicit concurrent mark sweep GC freed 3(96B) AllocSpace objects, 0(0B) LOS objects, 37% free, 26MB/42MB, paused 532us total 46.529ms
08-05 23:41:20.072 28715 28727 I art     : Starting a blocking GC Explicit
08-05 23:41:20.127 28715 28727 I art     : Explicit concurrent mark sweep GC freed 1293(75KB) AllocSpace objects, 1(20KB) LOS objects, 37% free, 26MB/42MB, paused 551us total 55.268ms
08-05 23:41:20.145 28715 28727 I art     : Starting a blocking GC Explicit
08-05 23:41:20.193 28715 28727 I art     : Explicit concurrent mark sweep GC freed 18(624B) AllocSpace objects, 0(0B) LOS objects, 37% free, 26MB/42MB, paused 547us total 47.411ms
08-05 23:41:20.209 28715 28727 I art     : Starting a blocking GC Explicit
08-05 23:41:20.257 28715 28727 I art     : Explicit concurrent mark sweep GC freed 3(96B) AllocSpace objects, 0(0B) LOS objects, 37% free, 26MB/42MB, paused 588us total 47.937ms
08-05 23:41:20.274 28715 28727 I art     : Starting a blocking GC Explicit
08-05 23:41:20.322 28715 28727 I art     : Explicit concurrent mark sweep GC freed 3(96B) AllocSpace objects, 0(0B) LOS objects, 37% free, 26MB/42MB, paused 558us total 47.701ms
08-05 23:41:20.323 28715 28726 I art     : WaitForGcToComplete blocked for 39.204ms for cause HeapTrim
08-05 23:41:20.338 28715 28727 I art     : Starting a blocking GC Explicit
08-05 23:41:20.382 28715 28727 I art     : Explicit concurrent mark sweep GC freed 3(96B) AllocSpace objects, 0(0B) LOS objects, 37% free, 26MB/42MB, paused 553us total 43.552ms
08-05 23:41:20.731 28715 29296 I art     : Starting a blocking GC Explicit
08-05 23:41:20.789 28715 29296 I art     : Explicit concurrent mark sweep GC freed 1293(75KB) AllocSpace objects, 1(20KB) LOS objects, 37% free, 26MB/42MB, paused 627us total 58.195ms
08-05 23:41:20.808 28715 29296 I art     : Starting a blocking GC Explicit
08-05 23:41:20.853 28715 29296 I art     : Explicit concurrent mark sweep GC freed 18(624B) AllocSpace objects, 0(0B) LOS objects, 37% free, 26MB/42MB, paused 558us total 44.725ms
08-05 23:41:20.870 28715 29296 I art     : Starting a blocking GC Explicit
08-05 23:41:20.912 28715 29296 I art     : Explicit concurrent mark sweep GC freed 3(96B) AllocSpace objects, 0(0B) LOS objects, 37% free, 26MB/42MB, paused 517us total 41.812ms
08-05 23:41:20.927 28715 29296 I art     : Starting a blocking GC Explicit
08-05 23:41:20.968 28715 29296 I art     : Explicit concurrent mark sweep GC freed 3(96B) AllocSpace objects, 0(0B) LOS objects, 37% free, 26MB/42MB, paused 588us total 40.789ms
08-05 23:41:20.983 28715 29296 I art     : Starting a blocking GC Explicit
08-05 23:41:21.028 28715 29296 I art     : Explicit concurrent mark sweep GC freed 6(176B) AllocSpace objects, 0(0B) LOS objects, 37% free, 26MB/42MB, paused 639us total 44.932ms
08-05 23:41:21.166 26613 26613 I ServiceManager: Waiting for service AtCmdFwd...
08-05 23:41:21.384 28715 28728 I art     : Starting a blocking GC Explicit
08-05 23:41:21.391 30140 30140 D AndroidRuntime: >>>>>> START com.android.internal.os.RuntimeInit uid 2000 <<<<<<
08-05 23:41:21.397 30140 30140 D AndroidRuntime: CheckJNI is OFF
08-05 23:41:21.429 28715 28728 I art     : Explicit concurrent mark sweep GC freed 1386(78KB) AllocSpace objects, 1(20KB) LOS objects, 37% free, 26MB/42MB, paused 598us total 44.521ms
08-05 23:41:21.445 28715 28728 I art     : Starting a blocking GC Explicit
08-05 23:41:21.445 30140 30140 D ICU     : No timezone override file found: /data/misc/zoneinfo/current/icu/icu_tzdata.dat
08-05 23:41:21.488 30140 30140 I Radio-JNI: register_android_hardware_Radio DONE
08-05 23:41:21.489 28715 28728 I art     : Explicit concurrent mark sweep GC freed 166(10KB) AllocSpace objects, 0(0B) LOS objects, 37% free, 26MB/42MB, paused 615us total 43.939ms
08-05 23:41:21.505 28715 28728 I art     : Starting a blocking GC Explicit
08-05 23:41:21.519 30140 30140 D AndroidRuntime: Calling main entry com.android.commands.input.Input
08-05 23:41:21.521 30140 30140 I Input   : injectMotionEvent: MotionEvent { action=ACTION_DOWN, actionButton=0, id[0]=0, x[0]=81.0, y[0]=176.0, toolType[0]=TOOL_TYPE_UNKNOWN, buttonState=0, metaState=0, flags=0x0, edgeFlags=0x0, pointerCount=1, historySize=0, eventTime=834097933, downTime=834097933, deviceId=0, source=0x1002 }
08-05 23:41:21.528 30140 30140 I Input   : injectMotionEvent: MotionEvent { action=ACTION_UP, actionButton=0, id[0]=0, x[0]=81.0, y[0]=176.0, toolType[0]=TOOL_TYPE_UNKNOWN, buttonState=0, metaState=0, flags=0x0, edgeFlags=0x0, pointerCount=1, historySize=0, eventTime=834097933, downTime=834097933, deviceId=0, source=0x1002 }
08-05 23:41:21.532 30140 30140 D AndroidRuntime: Shutting down VM
08-05 23:41:21.548 28715 28728 I art     : Explicit concurrent mark sweep GC freed 24(896B) AllocSpace objects, 0(0B) LOS objects, 37% free, 26MB/42MB, paused 682us total 42.873ms
08-05 23:41:21.551   512  2967 D audio_hw_primary: out_set_parameters: enter: usecase(1: low-latency-playback) kvpairs: routing=2
08-05 23:41:21.565   512  2967 D audio_hw_primary: select_devices: out_snd_device(2: speaker) in_snd_device(0: none)
08-05 23:41:21.565   512  2967 D msm8974_platform: platform_send_audio_calibration: sending audio calibration for snd_device(2) acdb_id(15)
08-05 23:41:21.565   512  2967 I soundtrigger: audio_extn_sound_trigger_update_device_status: device 0x2 of type 0 for Event 1
08-05 23:41:21.566 28715 28728 I art     : Starting a blocking GC Explicit
08-05 23:41:21.575   512  2967 D audio_hw_primary: enable_snd_device: snd_device(2: speaker)
08-05 23:41:21.577   512  2967 D audio_hw_primary: enable_audio_route: apply and update mixer path: low-latency-playback speaker
08-05 23:41:21.581 13866 13866 I GoogleInputMethodServic: GoogleInputMethodService.onFinishInput():3138 
08-05 23:41:21.582 13866 13866 I GoogleInputMethodServic: GoogleInputMethodService.onStartInput():1808 
08-05 23:41:21.603 28715 28728 I art     : Explicit concurrent mark sweep GC freed 34(1328B) AllocSpace objects, 0(0B) LOS objects, 37% free, 26MB/42MB, paused 519us total 37.012ms
08-05 23:41:21.618 28715 28728 I art     : Starting a blocking GC Explicit
08-05 23:41:21.658 28715 28728 I art     : Explicit concurrent mark sweep GC freed 372(19KB) AllocSpace objects, 0(0B) LOS objects, 37% free, 26MB/42MB, paused 715us total 39.563ms
08-05 23:41:21.965 28715 28727 I art     : Starting a blocking GC Explicit
08-05 23:41:22.015 28715 28727 I art     : Explicit concurrent mark sweep GC freed 1315(76KB) AllocSpace objects, 1(20KB) LOS objects, 37% free, 26MB/42MB, paused 558us total 49.237ms
08-05 23:41:22.035 28715 28727 I art     : Starting a blocking GC Explicit
08-05 23:41:22.076 28715 28727 I art     : Explicit concurrent mark sweep GC freed 36(1200B) AllocSpace objects, 0(0B) LOS objects, 37% free, 26MB/42MB, paused 549us total 41.379ms
08-05 23:41:22.092 28715 28727 I art     : Starting a blocking GC Explicit
08-05 23:41:22.119   512  2967 D audio_hw_primary: disable_audio_route: reset and update mixer path: low-latency-playback speaker
08-05 23:41:22.120   512  2967 D audio_hw_primary: disable_snd_device: snd_device(2: speaker)
08-05 23:41:22.128   512  2967 I soundtrigger: audio_extn_sound_trigger_update_device_status: device 0x2 of type 0 for Event 0
08-05 23:41:22.134 28715 28727 I art     : Explicit concurrent mark sweep GC freed 3(96B) AllocSpace objects, 0(0B) LOS objects, 37% free, 26MB/42MB, paused 508us total 41.489ms
08-05 23:41:22.149 28715 28727 I art     : Starting a blocking GC Explicit
08-05 23:41:22.167 26613 26613 I ServiceManager: Waiting for service AtCmdFwd...
08-05 23:41:22.190 28715 28727 I art     : Explicit concurrent mark sweep GC freed 3(96B) AllocSpace objects, 0(0B) LOS objects, 37% free, 26MB/42MB, paused 542us total 40.813ms
08-05 23:41:22.205 28715 28727 I art     : Starting a blocking GC Explicit
08-05 23:41:22.247 28715 28727 I art     : Explicit concurrent mark sweep GC freed 3(96B) AllocSpace objects, 0(0B) LOS objects, 37% free, 26MB/42MB, paused 550us total 41.605ms
08-05 23:41:22.575 28715 28927 I art     : Starting a blocking GC Explicit
08-05 23:41:22.641 28715 28927 I art     : Explicit concurrent mark sweep GC freed 1295(75KB) AllocSpace objects, 1(20KB) LOS objects, 37% free, 26MB/42MB, paused 687us total 64.943ms
08-05 23:41:22.661 28715 28927 I art     : Starting a blocking GC Explicit
08-05 23:41:22.706 28715 28927 I art     : Explicit concurrent mark sweep GC freed 18(624B) AllocSpace objects, 0(0B) LOS objects, 37% free, 26MB/42MB, paused 563us total 44.004ms
08-05 23:41:22.722 28715 28927 I art     : Starting a blocking GC Explicit
08-05 23:41:22.765 28715 28927 I art     : Explicit concurrent mark sweep GC freed 3(96B) AllocSpace objects, 0(0B) LOS objects, 37% free, 26MB/42MB, paused 528us total 43.556ms
08-05 23:41:22.781 28715 28927 I art     : Starting a blocking GC Explicit
08-05 23:41:22.822 28715 28927 I art     : Explicit concurrent mark sweep GC freed 3(96B) AllocSpace objects, 0(0B) LOS objects, 37% free, 26MB/42MB, paused 534us total 40.773ms
08-05 23:41:22.838 28715 28927 I art     : Starting a blocking GC Explicit
08-05 23:41:22.879 28715 28927 I art     : Explicit concurrent mark sweep GC freed 3(96B) AllocSpace objects, 0(0B) LOS objects, 37% free, 26MB/42MB, paused 571us total 41.077ms
08-05 23:41:23.167 26613 26613 I ServiceManager: Waiting for service AtCmdFwd...
08-05 23:41:23.188 28715 28728 I art     : Starting a blocking GC Explicit
08-05 23:41:23.240 28715 28728 I art     : Explicit concurrent mark sweep GC freed 1299(75KB) AllocSpace objects, 1(20KB) LOS objects, 37% free, 26MB/42MB, paused 797us total 51.407ms
08-05 23:41:23.256 28715 28728 I art     : Starting a blocking GC Explicit
08-05 23:41:23.298 28715 28728 I art     : Explicit concurrent mark sweep GC freed 24(816B) AllocSpace objects, 0(0B) LOS objects, 37% free, 26MB/42MB, paused 599us total 41.148ms
08-05 23:41:23.314 28715 28728 I art     : Starting a blocking GC Explicit
08-05 23:41:23.317 30184 30184 D AndroidRuntime: >>>>>> START com.android.internal.os.RuntimeInit uid 2000 <<<<<<
08-05 23:41:23.323 30184 30184 D AndroidRuntime: CheckJNI is OFF
08-05 23:41:23.357 28715 28728 I art     : Explicit concurrent mark sweep GC freed 12(384B) AllocSpace objects, 0(0B) LOS objects, 37% free, 26MB/42MB, paused 623us total 42.858ms
08-05 23:41:23.369 30184 30184 D ICU     : No timezone override file found: /data/misc/zoneinfo/current/icu/icu_tzdata.dat
08-05 23:41:23.372 28715 28728 I art     : Starting a blocking GC Explicit
08-05 23:41:23.413 28715 28728 I art     : Explicit concurrent mark sweep GC freed 8(256B) AllocSpace objects, 0(0B) LOS objects, 37% free, 26MB/42MB, paused 600us total 40.786ms
08-05 23:41:23.415 30184 30184 I Radio-JNI: register_android_hardware_Radio DONE
08-05 23:41:23.429 28715 28728 I art     : Starting a blocking GC Explicit
08-05 23:41:23.445 30184 30184 D AndroidRuntime: Calling main entry com.android.commands.input.Input
08-05 23:41:23.448 30184 30184 I Input   : injectMotionEvent: MotionEvent { action=ACTION_DOWN, actionButton=0, id[0]=0, x[0]=360.0, y[0]=1098.0, toolType[0]=TOOL_TYPE_UNKNOWN, buttonState=0, metaState=0, flags=0x0, edgeFlags=0x0, pointerCount=1, historySize=0, eventTime=834099859, downTime=834099859, deviceId=0, source=0x1002 }
08-05 23:41:23.453 30184 30184 I Input   : injectMotionEvent: MotionEvent { action=ACTION_UP, actionButton=0, id[0]=0, x[0]=360.0, y[0]=1098.0, toolType[0]=TOOL_TYPE_UNKNOWN, buttonState=0, metaState=0, flags=0x0, edgeFlags=0x0, pointerCount=1, historySize=0, eventTime=834099859, downTime=834099859, deviceId=0, source=0x1002 }
08-05 23:41:23.456 30184 30184 D AndroidRuntime: Shutting down VM
08-05 23:41:23.465 28715 28715 D MainActivity: NavigationItemSelected: Term dates
08-05 23:41:23.467   512  2967 D audio_hw_primary: out_set_parameters: enter: usecase(1: low-latency-playback) kvpairs: routing=2
08-05 23:41:23.469 28715 28728 I art     : Explicit concurrent mark sweep GC freed 20(848B) AllocSpace objects, 0(0B) LOS objects, 37% free, 26MB/42MB, paused 820us total 40.008ms
08-05 23:41:23.480   512  2967 D audio_hw_primary: select_devices: out_snd_device(2: speaker) in_snd_device(0: none)
08-05 23:41:23.480   512  2967 D msm8974_platform: platform_send_audio_calibration: sending audio calibration for snd_device(2) acdb_id(15)
08-05 23:41:23.480   512  2967 I soundtrigger: audio_extn_sound_trigger_update_device_status: device 0x2 of type 0 for Event 1
08-05 23:41:23.504   512  2967 D audio_hw_primary: enable_snd_device: snd_device(2: speaker)
08-05 23:41:23.507   512  2967 D audio_hw_primary: enable_audio_route: apply and update mixer path: low-latency-playback speaker
08-05 23:41:23.779 28715 28927 I art     : Starting a blocking GC Explicit
08-05 23:41:23.827 28715 28927 I art     : Explicit concurrent mark sweep GC freed 1808(95KB) AllocSpace objects, 1(20KB) LOS objects, 37% free, 26MB/42MB, paused 668us total 47.480ms
08-05 23:41:23.844 28715 28927 I art     : Starting a blocking GC Explicit
08-05 23:41:23.884 28715 28927 I art     : Explicit concurrent mark sweep GC freed 221(16KB) AllocSpace objects, 0(0B) LOS objects, 37% free, 26MB/42MB, paused 867us total 39.375ms
08-05 23:41:23.899 28715 28927 I art     : Starting a blocking GC Explicit
08-05 23:41:23.901 13866 13866 I GoogleInputMethodServic: GoogleInputMethodService.onFinishInput():3138 
08-05 23:41:23.902 13866 13866 I GoogleInputMethodServic: GoogleInputMethodService.onStartInput():1808 
08-05 23:41:23.939 28715 28927 I art     : Explicit concurrent mark sweep GC freed 33(1216B) AllocSpace objects, 0(0B) LOS objects, 37% free, 26MB/42MB, paused 569us total 39.867ms
08-05 23:41:23.954 28715 28927 I art     : Starting a blocking GC Explicit
08-05 23:41:23.992 28715 28927 I art     : Explicit concurrent mark sweep GC freed 10(320B) AllocSpace objects, 0(0B) LOS objects, 37% free, 26MB/42MB, paused 526us total 38.095ms
08-05 23:41:24.007 28715 28927 I art     : Starting a blocking GC Explicit
08-05 23:41:24.040   512  2967 D audio_hw_primary: disable_audio_route: reset and update mixer path: low-latency-playback speaker
08-05 23:41:24.041   512  2967 D audio_hw_primary: disable_snd_device: snd_device(2: speaker)
08-05 23:41:24.048 28715 28927 I art     : Explicit concurrent mark sweep GC freed 9(288B) AllocSpace objects, 0(0B) LOS objects, 37% free, 26MB/42MB, paused 622us total 40.732ms
08-05 23:41:24.051   512  2967 I soundtrigger: audio_extn_sound_trigger_update_device_status: device 0x2 of type 0 for Event 0
08-05 23:41:24.168 26613 26613 I ServiceManager: Waiting for service AtCmdFwd...
08-05 23:41:24.390 28715 28728 I art     : Starting a blocking GC Explicit
08-05 23:41:24.440 28715 28728 I art     : Explicit concurrent mark sweep GC freed 1341(77KB) AllocSpace objects, 1(20KB) LOS objects, 37% free, 26MB/42MB, paused 519us total 49.373ms
08-05 23:41:24.457 28715 28728 I art     : Starting a blocking GC Explicit
08-05 23:41:24.501 28715 28728 I art     : Explicit concurrent mark sweep GC freed 24(816B) AllocSpace objects, 0(0B) LOS objects, 37% free, 26MB/42MB, paused 657us total 43.492ms
08-05 23:41:24.517 28715 28728 I art     : Starting a blocking GC Explicit
08-05 23:41:24.559 28715 28728 I art     : Explicit concurrent mark sweep GC freed 12(384B) AllocSpace objects, 0(0B) LOS objects, 37% free, 26MB/42MB, paused 548us total 41.844ms
08-05 23:41:24.576 28715 28728 I art     : Starting a blocking GC Explicit
08-05 23:41:24.619 28715 28728 I art     : Explicit concurrent mark sweep GC freed 8(256B) AllocSpace objects, 0(0B) LOS objects, 37% free, 26MB/42MB, paused 1.093ms total 42.815ms
08-05 23:41:24.636 28715 28728 I art     : Starting a blocking GC Explicit
08-05 23:41:24.676 28715 28728 I art     : Explicit concurrent mark sweep GC freed 11(352B) AllocSpace objects, 0(0B) LOS objects, 37% free, 26MB/42MB, paused 533us total 40.431ms
08-05 23:41:25.013 28715 28728 I art     : Starting a blocking GC Explicit
08-05 23:41:25.059 28715 28728 I art     : Explicit concurrent mark sweep GC freed 1339(77KB) AllocSpace objects, 1(20KB) LOS objects, 37% free, 26MB/42MB, paused 518us total 45.845ms
08-05 23:41:25.077 28715 28728 I art     : Starting a blocking GC Explicit
08-05 23:41:25.123 28715 28728 I art     : Explicit concurrent mark sweep GC freed 28(944B) AllocSpace objects, 0(0B) LOS objects, 37% free, 26MB/42MB, paused 813us total 45.772ms
08-05 23:41:25.140 28715 28728 I art     : Starting a blocking GC Explicit
08-05 23:41:25.168 26613 26613 I ServiceManager: Waiting for service AtCmdFwd...
08-05 23:41:25.187 28715 28728 I art     : Explicit concurrent mark sweep GC freed 21(672B) AllocSpace objects, 0(0B) LOS objects, 37% free, 26MB/42MB, paused 546us total 46.257ms
08-05 23:41:25.204 28715 28728 I art     : Starting a blocking GC Explicit
08-05 23:41:25.248 28715 28728 I art     : Explicit concurrent mark sweep GC freed 15(480B) AllocSpace objects, 0(0B) LOS objects, 37% free, 26MB/42MB, paused 670us total 43.796ms
08-05 23:41:25.264 28715 28728 I art     : Starting a blocking GC Explicit
08-05 23:41:25.307 28715 28728 I art     : Explicit concurrent mark sweep GC freed 19(608B) AllocSpace objects, 0(0B) LOS objects, 37% free, 26MB/42MB, paused 603us total 43.211ms
08-05 23:41:25.670 28715 28927 I art     : Starting a blocking GC Explicit
08-05 23:41:25.728 28715 28927 I art     : Explicit concurrent mark sweep GC freed 1300(75KB) AllocSpace objects, 1(20KB) LOS objects, 37% free, 26MB/42MB, paused 580us total 57.872ms
08-05 23:41:25.745 28715 28927 I art     : Starting a blocking GC Explicit
08-05 23:41:25.792 28715 28927 I art     : Explicit concurrent mark sweep GC freed 18(624B) AllocSpace objects, 0(0B) LOS objects, 37% free, 26MB/42MB, paused 575us total 47.415ms
08-05 23:41:25.809 28715 28927 I art     : Starting a blocking GC Explicit
08-05 23:41:25.856 28715 28927 I art     : Explicit concurrent mark sweep GC freed 3(96B) AllocSpace objects, 0(0B) LOS objects, 37% free, 26MB/42MB, paused 563us total 46.900ms
08-05 23:41:25.872 28715 28927 I art     : Starting a blocking GC Explicit
08-05 23:41:25.920 28715 28927 I art     : Explicit concurrent mark sweep GC freed 3(96B) AllocSpace objects, 0(0B) LOS objects, 37% free, 26MB/42MB, paused 572us total 47.193ms
08-05 23:41:25.936 28715 28927 I art     : Starting a blocking GC Explicit
08-05 23:41:25.983 28715 28927 I art     : Explicit concurrent mark sweep GC freed 3(96B) AllocSpace objects, 0(0B) LOS objects, 37% free, 26MB/42MB, paused 585us total 46.669ms
08-05 23:41:26.168 26613 26613 W Atfwd_Sendcmd: AtCmdFwd service not published, waiting... retryCnt : 4
08-05 23:41:26.345 28715 28727 I art     : Starting a blocking GC Explicit
08-05 23:41:26.404 28715 28727 I art     : Explicit concurrent mark sweep GC freed 1293(75KB) AllocSpace objects, 1(20KB) LOS objects, 37% free, 26MB/42MB, paused 618us total 58.853ms
08-05 23:41:26.425 28715 28727 I art     : Starting a blocking GC Explicit
08-05 23:41:26.474 28715 28727 I art     : Explicit concurrent mark sweep GC freed 18(624B) AllocSpace objects, 0(0B) LOS objects, 37% free, 26MB/42MB, paused 579us total 49.237ms
08-05 23:41:26.491 28715 28727 I art     : Starting a blocking GC Explicit
08-05 23:41:26.539 28715 28727 I art     : Explicit concurrent mark sweep GC freed 3(96B) AllocSpace objects, 0(0B) LOS objects, 37% free, 26MB/42MB, paused 616us total 48.388ms
08-05 23:41:26.559 28715 28727 I art     : Starting a blocking GC Explicit
08-05 23:41:26.607 28715 28727 I art     : Explicit concurrent mark sweep GC freed 3(96B) AllocSpace objects, 0(0B) LOS objects, 37% free, 26MB/42MB, paused 529us total 47.085ms
08-05 23:41:26.623 28715 28727 I art     : Starting a blocking GC Explicit
08-05 23:41:26.673 28715 28727 I art     : Explicit concurrent mark sweep GC freed 3(96B) AllocSpace objects, 0(0B) LOS objects, 37% free, 26MB/42MB, paused 614us total 49.912ms
08-05 23:41:27.045 28715 29296 I art     : Starting a blocking GC Explicit
08-05 23:41:27.106 28715 29296 I art     : Explicit concurrent mark sweep GC freed 1293(75KB) AllocSpace objects, 1(20KB) LOS objects, 37% free, 26MB/42MB, paused 622us total 61.559ms
08-05 23:41:27.126 28715 29296 I art     : Starting a blocking GC Explicit
08-05 23:41:27.174 28715 29296 I art     : Explicit concurrent mark sweep GC freed 18(624B) AllocSpace objects, 0(0B) LOS objects, 37% free, 26MB/42MB, paused 585us total 48.545ms
08-05 23:41:27.191 28715 29296 I art     : Starting a blocking GC Explicit
08-05 23:41:27.235 28715 29296 I art     : Explicit concurrent mark sweep GC freed 3(96B) AllocSpace objects, 0(0B) LOS objects, 37% free, 26MB/42MB, paused 555us total 43.336ms
08-05 23:41:27.251 28715 29296 I art     : Starting a blocking GC Explicit
08-05 23:41:27.301 28715 29296 I art     : Explicit concurrent mark sweep GC freed 3(96B) AllocSpace objects, 0(0B) LOS objects, 37% free, 26MB/42MB, paused 609us total 49.273ms
08-05 23:41:27.321 28715 29296 I art     : Starting a blocking GC Explicit
08-05 23:41:27.366 28715 29296 I art     : Explicit concurrent mark sweep GC freed 3(96B) AllocSpace objects, 0(0B) LOS objects, 37% free, 26MB/42MB, paused 589us total 44.992ms
08-05 23:41:27.739 28715 28728 I art     : Starting a blocking GC Explicit
08-05 23:41:27.783 28715 28728 I art     : Explicit concurrent mark sweep GC freed 1293(75KB) AllocSpace objects, 1(20KB) LOS objects, 37% free, 26MB/42MB, paused 605us total 43.529ms
08-05 23:41:27.798 28715 28728 I art     : Starting a blocking GC Explicit
08-05 23:41:27.840 28715 28728 I art     : Explicit concurrent mark sweep GC freed 18(624B) AllocSpace objects, 0(0B) LOS objects, 37% free, 26MB/42MB, paused 557us total 41.163ms
08-05 23:41:27.855 28715 28728 I art     : Starting a blocking GC Explicit
08-05 23:41:27.896 28715 28728 I art     : Explicit concurrent mark sweep GC freed 3(96B) AllocSpace objects, 0(0B) LOS objects, 37% free, 26MB/42MB, paused 558us total 41.355ms
08-05 23:41:27.912 28715 28728 I art     : Starting a blocking GC Explicit
08-05 23:41:27.957 28715 28728 I art     : Explicit concurrent mark sweep GC freed 3(96B) AllocSpace objects, 0(0B) LOS objects, 37% free, 26MB/42MB, paused 589us total 44.070ms
08-05 23:41:27.973 28715 28728 I art     : Starting a blocking GC Explicit
08-05 23:41:28.018 28715 28728 I art     : Explicit concurrent mark sweep GC freed 3(96B) AllocSpace objects, 0(0B) LOS objects, 37% free, 26MB/42MB, paused 580us total 45.048ms
08-05 23:41:28.304 30282 30282 D AndroidRuntime: >>>>>> START com.android.internal.os.RuntimeInit uid 2000 <<<<<<
08-05 23:41:28.310 30282 30282 D AndroidRuntime: CheckJNI is OFF
08-05 23:41:28.356 30282 30282 D ICU     : No timezone override file found: /data/misc/zoneinfo/current/icu/icu_tzdata.dat
08-05 23:41:28.368 28715 28927 I art     : Starting a blocking GC Explicit
08-05 23:41:28.405 30282 30282 I Radio-JNI: register_android_hardware_Radio DONE
08-05 23:41:28.414 28715 28927 I art     : Explicit concurrent mark sweep GC freed 1293(75KB) AllocSpace objects, 1(20KB) LOS objects, 37% free, 26MB/42MB, paused 628us total 45.673ms
08-05 23:41:28.430 28715 28927 I art     : Starting a blocking GC Explicit
08-05 23:41:28.435 30282 30282 D AndroidRuntime: Calling main entry com.android.commands.am.Am
08-05 23:41:28.444  3167  3167 I Trepn   : Trepn 6.2s: Received intent: com.quicinc.trepn.stop_profiling
08-05 23:41:28.473 28715 28927 I art     : Explicit concurrent mark sweep GC freed 18(624B) AllocSpace objects, 0(0B) LOS objects, 37% free, 26MB/42MB, paused 544us total 42.010ms
08-05 23:41:28.488 28715 28927 I art     : Starting a blocking GC Explicit
08-05 23:41:28.490  3167  3167 I Trepn   : Trepn 6.2s: Trepn has Stopped Profiling.
08-05 23:41:28.532 28715 28927 I art     : Explicit concurrent mark sweep GC freed 3(96B) AllocSpace objects, 0(0B) LOS objects, 37% free, 26MB/42MB, paused 575us total 44.257ms
08-05 23:41:28.548 28715 28927 I art     : Starting a blocking GC Explicit
08-05 23:41:28.591 28715 28927 I art     : Explicit concurrent mark sweep GC freed 3(96B) AllocSpace objects, 0(0B) LOS objects, 37% free, 26MB/42MB, paused 535us total 43.386ms
08-05 23:41:28.607 28715 28927 I art     : Starting a blocking GC Explicit
08-05 23:41:28.634 30282 30282 D AndroidRuntime: Shutting down VM
08-05 23:41:28.638   918  3961 W AppOps  : Finishing op nesting under-run: uid 10078 pkg com.quicinc.trepn code 24 time=0 duration=0 nesting=0
08-05 23:41:28.647 28715 28927 I art     : Explicit concurrent mark sweep GC freed 3(96B) AllocSpace objects, 0(0B) LOS objects, 37% free, 26MB/42MB, paused 534us total 40.182ms
08-05 23:41:28.967 28715 28727 I art     : Starting a blocking GC Explicit
08-05 23:41:29.011 28715 28727 I art     : Explicit concurrent mark sweep GC freed 1293(75KB) AllocSpace objects, 1(20KB) LOS objects, 37% free, 26MB/42MB, paused 572us total 43.541ms
08-05 23:41:29.027 28715 28727 I art     : Starting a blocking GC Explicit
08-05 23:41:29.068 28715 28727 I art     : Explicit concurrent mark sweep GC freed 18(624B) AllocSpace objects, 0(0B) LOS objects, 37% free, 26MB/42MB, paused 623us total 40.594ms
08-05 23:41:29.084 28715 28727 I art     : Starting a blocking GC Explicit
08-05 23:41:29.125 28715 28727 I art     : Explicit concurrent mark sweep GC freed 3(96B) AllocSpace objects, 0(0B) LOS objects, 37% free, 26MB/42MB, paused 530us total 40.730ms
08-05 23:41:29.140 28715 28727 I art     : Starting a blocking GC Explicit
08-05 23:41:29.182 28715 28727 I art     : Explicit concurrent mark sweep GC freed 3(96B) AllocSpace objects, 0(0B) LOS objects, 37% free, 26MB/42MB, paused 570us total 41.008ms
08-05 23:41:29.198 28715 28727 I art     : Starting a blocking GC Explicit
08-05 23:41:29.238 28715 28727 I art     : Explicit concurrent mark sweep GC freed 3(96B) AllocSpace objects, 0(0B) LOS objects, 37% free, 26MB/42MB, paused 570us total 40.539ms
