--------- beginning of main
08-06 05:35:16.693   918  3359 I AccountManagerService: getTypesVisibleToCaller: isPermitted? true
08-06 05:35:16.723  3784  3784 D CarrierServiceBindHelper: Receive action: android.intent.action.PACKAGE_ADDED
08-06 05:35:16.723  3784  3784 D CarrierServiceBindHelper: Receive action: android.intent.action.PACKAGE_REPLACED
08-06 05:35:16.724  3784  3784 D CarrierServiceBindHelper: mHandler: 3
08-06 05:35:16.724  3784  3784 D CarrierServiceBindHelper: mHandler: 3
08-06 05:35:16.724  3784  3784 D CarrierServiceBindHelper: mHandler: 3
08-06 05:35:16.724  3784  3784 D CarrierConfigLoader: mHandler: 9 phoneId: 0
08-06 05:35:16.741 11994 11994 W System  : ClassLoader referenced unknown path: /system/app/KeyChain/lib/arm64
08-06 05:35:16.783 14692 14692 I Finsky  : [1] uah.a(18): PackageMonitorReceiverImpl - Received: android.intent.action.PACKAGE_REMOVED, [jsPREe6yOOhrMreoEvcpPvP36yUmihacpIgcKsaLph8]
08-06 05:35:16.784 14692 14692 I Finsky  : [1] ubi.d(9): Invalidating cached PackageState for baseline.com.ak.uobtimetable
08-06 05:35:16.784 24365 12011 I Fitness : FitCleanupIntentOperation received Intent android.intent.action.PACKAGE_REMOVED [CONTEXT service_id=17 ]
08-06 05:35:16.796 14692 14692 I Finsky  : [1] lzi.c(2): Frosting ID looked up on UI thread. Caller should move to a background thread.
08-06 05:35:16.800 14692 14692 I Finsky  : [1] nqb.c(3): Installer: package baseline.com.ak.uobtimetable was removed. replacing: true
08-06 05:35:16.801 14692 14692 I Finsky  : [1] nra.a(188): Installer: Notifying status update. package=baseline.com.ak.uobtimetable, status=UNINSTALLED
08-06 05:35:16.835   918  6110 I AccountManagerService: getTypesVisibleToCaller: isPermitted? true
08-06 05:35:16.836 14692 14692 I Finsky  : [1] lzi.c(2): Frosting ID looked up on UI thread. Caller should move to a background thread.
08-06 05:35:16.869 14692 14692 I Finsky  : [1] nra.a(220): Installer: found apps to install. isMultiUserMode=false, apps=[]
08-06 05:35:16.870 14692 12023 I Finsky  : [6401] ejf.a(-1): Cancelled 0 ongoing asset module downloads for package baseline.com.ak.uobtimetable due to a concurrent app update.
08-06 05:35:16.897 14692 14876 I Finsky  : [6220] odj.b(52): IQ: Notifying installation update. package=baseline.com.ak.uobtimetable, status=UNINSTALLED
08-06 05:35:16.930 24577 12016 I Auth    : [SupervisedAccountIntentOperation] onHandleIntent(): android.intent.action.PACKAGE_ADDED
08-06 05:35:16.930 14692 12021 I Finsky  : [6399] lyv.run(-1): Wrote row to frosting DB: 3206
08-06 05:35:16.942 24577 12016 I ChromeSync: [Sync,SyncIntentOperation] Handling the intent: Intent { act=android.intent.action.PACKAGE_ADDED dat=package:baseline.com.ak.uobtimetable flg=0x4000010 cmp=com.google.android.gms/.chimera.GmsIntentOperationService (has extras) }.
08-06 05:35:16.943 14692 14692 I Finsky  : [1] uah.a(18): PackageMonitorReceiverImpl - Received: android.intent.action.PACKAGE_ADDED, [jsPREe6yOOhrMreoEvcpPvP36yUmihacpIgcKsaLph8]
08-06 05:35:16.944 14692 14692 I Finsky  : [1] ubi.d(9): Invalidating cached PackageState for baseline.com.ak.uobtimetable
08-06 05:35:16.947   918  3188 I hubconnection: sensorhub said: 'set_bias 3: -6.2400, 0.0000, 0.0000'
08-06 05:35:16.956 14692 14692 I Finsky  : [1] lzi.c(2): Frosting ID looked up on UI thread. Caller should move to a background thread.
08-06 05:35:17.029 14692 12022 I Finsky  : [6400] gzn.a(-1): [ContentSync] finished, scheduled=false
08-06 05:35:17.037 14692 14692 I Finsky  : [1] agsx.a(4): Do not start WearSupportService due to Wear service optimization
08-06 05:35:17.041 14692 14876 I Finsky  : [6220] odj.b(40): IQ: No matching installs to run for jobs: []
08-06 05:35:17.050 14692 12023 I Finsky  : [6401] ejc.a(-1): Asset module broadcast after update successful for package baseline.com.ak.uobtimetable. 0 sessions broadcast.
--------- beginning of system
08-06 05:35:17.050   918  4413 W ActivityManager: Unable to start service Intent { act=com.google.android.gms.auth.key.retrieval.service.START pkg=com.google.android.gms } U=0: not found
08-06 05:35:17.062   918   929 I AccountManagerService: getTypesVisibleToCaller: isPermitted? true
08-06 05:35:17.063 24577 12016 I ChromeSync: [Persistence,AffiliationManager] One of affiliation or grouping data for android://bz0hZa4nAJEtd0n5sRlXG7KAqctUMWVefv7Ki4mh1p6slZ9YO-n9gS9j8m9YCrsIyI2wIxrDHraumF9Y6pBLTA==@baseline.com.ak.uobtimetable/ was not found. Marking affiliation data as stale...
08-06 05:35:17.065 14692 14692 I Finsky  : [1] lzi.c(2): Frosting ID looked up on UI thread. Caller should move to a background thread.
08-06 05:35:17.075   918  3961 W ActivityManager: Unbind failed: could not find connection for android.os.BinderProxy@2213d9f
08-06 05:35:17.096 24577 24621 E GmsClient: unable to connect to service: com.google.android.gms.auth.key.retrieval.service.START on com.google.android.gms
08-06 05:35:17.150   918  4400 I AccountManagerService: getTypesVisibleToCaller: isPermitted? true
08-06 05:35:17.151 24577 12037 I FontLog : Package baseline.com.ak.uobtimetable has no metadata [CONTEXT service_id=132 ]
08-06 05:35:17.224 14692 12021 I Finsky  : [6399] lyv.run(-1): Wrote row to frosting DB: 3207
08-06 05:35:17.270 14692 12021 I Finsky  : [6399] lyv.run(-1): Wrote row to frosting DB: 3208
08-06 05:35:17.286 12035 12035 D AndroidRuntime: >>>>>> START com.android.internal.os.RuntimeInit uid 2000 <<<<<<
08-06 05:35:17.290 12035 12035 D AndroidRuntime: CheckJNI is OFF
08-06 05:35:17.310 24577 13316 I Icing   : IndexChimeraService.getServiceInterface callingPackage=com.google.android.gms componentName=AppsCorpus serviceId=36
08-06 05:35:17.313 12035 12035 D ICU     : No timezone override file found: /data/misc/zoneinfo/current/icu/icu_tzdata.dat
08-06 05:35:17.339 12035 12035 I Radio-JNI: register_android_hardware_Radio DONE
08-06 05:35:17.354 12035 12035 D AndroidRuntime: Calling main entry com.android.commands.monkey.Monkey
08-06 05:35:17.357 14692 12021 I Finsky  : [6399] lyv.run(-1): Wrote row to frosting DB: 3209
08-06 05:35:17.369   918   928 I AccountManagerService: getTypesVisibleToCaller: isPermitted? true
08-06 05:35:17.369   918   931 W BroadcastQueue: Skipping deliver [background] BroadcastRecord{616db1c u-1 android.net.conn.CONNECTIVITY_CHANGE} to ReceiverList{2260325 12035 (unknown name)/2000/u-1 remote:2e89fee}: process crashing
08-06 05:35:17.381   918  5132 I ActivityManager: START u0 {act=android.intent.action.MAIN cat=[android.intent.category.LAUNCHER] flg=0x10200000 cmp=baseline.com.ak.uobtimetable/.MainActivity} from uid 2000 on display 0
08-06 05:35:17.389 24577 24786 W Icing   : No valid account for uploading user actions
08-06 05:35:17.392   918   932 I sensors : batch
08-06 05:35:17.400   918  3188 I hubconnection: sensorhub said: 'batch 31 flags:0, sampling_rate_Hz:15.00, max_report_latency_us:0'
08-06 05:35:17.410 12059 12059 I art     : Late-enabling -Xcheck:jni
08-06 05:35:17.412   918  6029 I ActivityManager: Start proc 12059:baseline.com.ak.uobtimetable/u0a710 for activity baseline.com.ak.uobtimetable/.MainActivity
08-06 05:35:17.438   918   932 I sensors : flush
08-06 05:35:17.442 14692 14692 I Finsky  : [1] xmu.a(8): SCH: Jobs in database: 1-1337 3-221 3-222 12-1 24-77777777 26-1414141414 
08-06 05:35:17.446 12035 12035 I art     : System.exit called, status: 0
08-06 05:35:17.446 12035 12035 I AndroidRuntime: VM exiting with result code 0.
08-06 05:35:17.446 14692 14692 I Finsky  : [1] xio.a(57): SCH: ConstraintMapping: 24-77777777,  -> L: 0ms, D: 56093483ms, C: false, I: true, N: 0
08-06 05:35:17.447 14692 14692 I Finsky  : [1] xio.a(57): SCH: ConstraintMapping: 1-1337, 12-1,  -> L: 14389ms, D: 59435475ms, C: false, I: false, N: 1
08-06 05:35:17.447   918  3188 I hubconnection: sensorhub said: 'flush 31'
08-06 05:35:17.447 14692 14692 I Finsky  : [1] xio.a(57): SCH: ConstraintMapping: 3-221,  -> L: 0ms, D: 77571982ms, C: false, I: true, N: 2
08-06 05:35:17.447   918  3188 I hubconnection: saw sensor 31 flushed
08-06 05:35:17.448 14692 14692 I Finsky  : [1] xio.a(57): SCH: ConstraintMapping: 3-222,  -> L: 0ms, D: 77572055ms, C: true, I: true, N: 2
08-06 05:35:17.449 14692 14692 I Finsky  : [1] xio.a(57): SCH: ConstraintMapping: 26-1414141414,  -> L: 20883375ms, D: 21783375ms, C: false, I: false, N: 0
08-06 05:35:17.462 12059 12059 W System  : ClassLoader referenced unknown path: /data/app/baseline.com.ak.uobtimetable-2/lib/arm64
08-06 05:35:17.468 14692 12022 I Finsky  : [6400] gzn.a(-1): [ContentSync] finished, scheduled=true
08-06 05:35:17.469 12059 12059 E Application: Can't init Bugsnag - No key
08-06 05:35:17.469 12059 12059 E Application: java.lang.Exception: Can't init Bugsnag - No key
08-06 05:35:17.469 12059 12059 E Application: 	at baseline.com.ak.uobtimetable.Utilities.Logging.Logger.error(Logger.java:79)
08-06 05:35:17.469 12059 12059 E Application: 	at baseline.com.ak.uobtimetable.MyApplication.onCreate(MyApplication.java:52)
08-06 05:35:17.469 12059 12059 E Application: 	at android.app.Instrumentation.callApplicationOnCreate(Instrumentation.java:1013)
08-06 05:35:17.469 12059 12059 E Application: 	at android.app.ActivityThread.handleBindApplication(ActivityThread.java:4707)
08-06 05:35:17.469 12059 12059 E Application: 	at android.app.ActivityThread.-wrap1(ActivityThread.java)
08-06 05:35:17.469 12059 12059 E Application: 	at android.app.ActivityThread$H.handleMessage(ActivityThread.java:1405)
08-06 05:35:17.469 12059 12059 E Application: 	at android.os.Handler.dispatchMessage(Handler.java:102)
08-06 05:35:17.469 12059 12059 E Application: 	at android.os.Looper.loop(Looper.java:148)
08-06 05:35:17.469 12059 12059 E Application: 	at android.app.ActivityThread.main(ActivityThread.java:5417)
08-06 05:35:17.469 12059 12059 E Application: 	at java.lang.reflect.Method.invoke(Native Method)
08-06 05:35:17.469 12059 12059 E Application: 	at com.android.internal.os.ZygoteInit$MethodAndArgsCaller.run(ZygoteInit.java:726)
08-06 05:35:17.469 12059 12059 E Application: 	at com.android.internal.os.ZygoteInit.main(ZygoteInit.java:616)
08-06 05:35:17.472 12059 12059 I Application: API level: 23
08-06 05:35:17.473 24577 13336 I Icing   : IndexChimeraService.getServiceInterface callingPackage=com.google.android.gms componentName=null serviceId=30
08-06 05:35:17.473 12059 12059 I Application: API level name: M
08-06 05:35:17.474 12059 12059 I Application: Target API level: 29
08-06 05:35:17.474 12059 12059 I Application: Git commit hash: d26bf1fa
08-06 05:35:17.474 12059 12059 I Application: Git branch: master
08-06 05:35:17.474 12059 12059 I Application: Build type: Debug
08-06 05:35:17.477 12059 12059 I Application: Build keys: Release
08-06 05:35:17.478 12059 12059 I Application: Version code: 21
08-06 05:35:17.478 12059 12059 I Application: Version name: 2.5
08-06 05:35:17.478 12059 12059 I Application: Build date: 22:30 03/08/20
08-06 05:35:17.479 12059 12059 I Application: Package update date: 23:40 05/08/20
08-06 05:35:17.479 14692 14692 I Finsky  : [1] xle.a(34): Cancelling existing jobscheduler jobs: 9008 9006 9007 9010 9009 9003 9005 9000 9002 9004 
08-06 05:35:17.479 12059 12059 I SettingsManager: Getting int: launchCount
08-06 05:35:17.480 12059 12059 I SettingsManager: Setting int: launchCount
08-06 05:35:17.480 14692 14692 I Finsky  : [1] xle.a(27): Scheduling job Id: 9001, L: 0, D: 56093483, C: false, I: true, N: 0
08-06 05:35:17.481 14692 14692 I Finsky  : [1] xle.a(27): Scheduling job Id: 9011, L: 14389, D: 59435475, C: false, I: false, N: 1
08-06 05:35:17.489   918  3359 W BackupManagerService: dataChanged but no participant pkg='baseline.com.ak.uobtimetable' uid=10710
08-06 05:35:17.489 12059 12059 I Application: Launch count: 1
08-06 05:35:17.490 14692 14692 I Finsky  : [1] xle.a(27): Scheduling job Id: 9012, L: 0, D: 77571982, C: false, I: true, N: 2
08-06 05:35:17.491 16458  6583 I PBSessionCacheImpl: Deleted sessionId[72384646105454640] from persistence.
08-06 05:35:17.491 12059 12059 I Application: Network: TYPE_WIFI
08-06 05:35:17.491 12059 12059 I Application: Tablet layout: false
08-06 05:35:17.492 14692 14692 I Finsky  : [1] xle.a(27): Scheduling job Id: 9013, L: 0, D: 77572055, C: true, I: true, N: 2
08-06 05:35:17.493 14692 14692 I Finsky  : [1] xle.a(27): Scheduling job Id: 9014, L: 20883375, D: 21783375, C: false, I: false, N: 0
08-06 05:35:17.494 14692 14692 I Finsky  : [1] xle.a(27): Scheduling job Id: 9015, L: 0, D: 56093483, C: false, I: true, N: 0
08-06 05:35:17.495 16458 16488 W SearchServiceCore: Abort, client detached.
08-06 05:35:17.495 16458 16488 I MicroDetectionState: Should stop hotword detection immediately - true
08-06 05:35:17.496 14692 14692 I Finsky  : [1] xle.a(27): Scheduling job Id: 9016, L: 14389, D: 59435475, C: false, I: false, N: 1
08-06 05:35:17.497 14692 14692 I Finsky  : [1] xle.a(27): Scheduling job Id: 9017, L: 0, D: 77571982, C: false, I: true, N: 2
08-06 05:35:17.499 14692 14692 I Finsky  : [1] xle.a(27): Scheduling job Id: 9018, L: 0, D: 77572055, C: true, I: true, N: 2
08-06 05:35:17.500 14692 14692 I Finsky  : [1] xle.a(27): Scheduling job Id: 9019, L: 20883375, D: 21783375, C: false, I: false, N: 0
08-06 05:35:17.505 12059 12059 W art     : Before Android 4.1, method android.graphics.PorterDuffColorFilter androidx.vectordrawable.graphics.drawable.VectorDrawableCompat.updateTintFilter(android.graphics.PorterDuffColorFilter, android.content.res.ColorStateList, android.graphics.PorterDuff$Mode) would have incorrectly overridden the package-private method in android.graphics.drawable.Drawable
08-06 05:35:17.526 12059 12059 I art     : Rejecting re-init on previously-failed class java.lang.Class<androidx.core.view.ViewCompat$OnUnhandledKeyEventListenerWrapper>
08-06 05:35:17.526 12059 12059 I art     : Rejecting re-init on previously-failed class java.lang.Class<androidx.core.view.ViewCompat$OnUnhandledKeyEventListenerWrapper>
08-06 05:35:17.589 12059 12059 D MainActivity: onCreate
08-06 05:35:17.589 12059 12059 I SettingsManager: Getting string: savedSessions
08-06 05:35:17.589 12059 12059 I Settings: No saved sessions
08-06 05:35:17.599 24577 24786 I Icing   : Usage reports ok 6, Failed Usage reports 0, indexed 0, rejected 0
08-06 05:35:17.612 24577 24786 W Icing   : No valid account for uploading user actions
08-06 05:35:17.621 12059 12059 I SettingsManager: Getting string: savedCourse
08-06 05:35:17.622   918  4413 I ActivityManager: START u0 {flg=0x14000000 cmp=baseline.com.ak.uobtimetable/.WelcomeActivity} from uid 10710 on display 0
08-06 05:35:17.626 24577 24786 I Icing   : Usage reports ok 0, Failed Usage reports 0, indexed 0, rejected 0
08-06 05:35:17.627 24577 24786 I Icing   : Indexing com.google.android.gms-internal.3p:MobileApplication from com.google.android.gms using seqno 763
08-06 05:35:17.630 24577 24786 I Icing   : Indexing com.google.android.gms-internal.3p:MobileApplication from com.google.android.gms using seqno 763
08-06 05:35:17.631 12059 12059 D MainActivity: OnResume
08-06 05:35:17.638 12059 12079 D OpenGLRenderer: Use EGL_SWAP_BEHAVIOR_PRESERVED: true
08-06 05:35:17.645 12059 12059 D MainActivity: OnPause
08-06 05:35:17.663 24577 13336 I Icing   : IndexChimeraService.getServiceInterface callingPackage=com.google.android.gms componentName=null serviceId=36
08-06 05:35:17.666 24577  7409 W Icing   : No valid account for uploading user actions
08-06 05:35:17.703 24577  7409 I Icing   : Usage reports ok 1, Failed Usage reports 0, indexed 0, rejected 0
08-06 05:35:17.747 12059 12079 I Adreno  : QUALCOMM build                   : fcf4852, I1af360237c
08-06 05:35:17.747 12059 12079 I Adreno  : Build Date                       : 09/23/15
08-06 05:35:17.747 12059 12079 I Adreno  : OpenGL ES Shader Compiler Version: XE031.05.13.02
08-06 05:35:17.747 12059 12079 I Adreno  : Local Branch                     : mybranch14465806
08-06 05:35:17.747 12059 12079 I Adreno  : Remote Branch                    : quic/LA.BF64.1.2.9_v2
08-06 05:35:17.747 12059 12079 I Adreno  : Remote Branch                    : NONE
08-06 05:35:17.747 12059 12079 I Adreno  : Reconstruct Branch               : NOTHING
08-06 05:35:17.750 12059 12079 I OpenGLRenderer: Initialized EGL, version 1.4
08-06 05:35:17.902   918   936 I ActivityManager: Displayed baseline.com.ak.uobtimetable/.WelcomeActivity: +256ms (total +504ms)
08-06 05:35:17.905 13866 13866 I GoogleInputMethodServic: GoogleInputMethodService.onFinishInput():3138 
08-06 05:35:17.907 13866 13866 I GoogleInputMethodServic: GoogleInputMethodService.onStartInput():1808 
08-06 05:35:18.194 12059 12059 D MainActivity: Saving state
08-06 05:35:18.602 24577  7409 I Icing   : Indexing com.google.android.gms-apps from com.google.android.gms
08-06 05:35:18.686 24577  7409 I Icing   : Indexing done com.google.android.gms-apps
08-06 05:35:18.877  8745  8745 I ServiceManager: Waiting for service AtCmdFwd...
08-06 05:35:19.018 12096 12096 D AndroidRuntime: >>>>>> START com.android.internal.os.RuntimeInit uid 2000 <<<<<<
08-06 05:35:19.024 12096 12096 D AndroidRuntime: CheckJNI is OFF
08-06 05:35:19.056 12096 12096 D ICU     : No timezone override file found: /data/misc/zoneinfo/current/icu/icu_tzdata.dat
08-06 05:35:19.091 12096 12096 I Radio-JNI: register_android_hardware_Radio DONE
08-06 05:35:19.109 12096 12096 D AndroidRuntime: Calling main entry com.android.commands.am.Am
08-06 05:35:19.121  3167  3167 I Trepn   : Trepn 6.2s: Received intent: com.quicinc.trepn.start_profiling
08-06 05:35:19.270  3167  3167 W FileUtils: Failed to chmod(/storage/emulated/0/trepn/Trepn_2020.08.06_053519.db): android.system.ErrnoException: chmod failed: EPERM (Operation not permitted)
08-06 05:35:19.433  3167  3167 I Trepn   : Trepn 6.2s: Trepn has Started Profiling.
08-06 05:35:19.435 12096 12096 D AndroidRuntime: Shutting down VM
08-06 05:35:19.878  8745  8745 I ServiceManager: Waiting for service AtCmdFwd...
08-06 05:35:19.926 12059 12071 I art     : Starting a blocking GC Explicit
08-06 05:35:19.958 12059 12071 I art     : Explicit concurrent mark sweep GC freed 19658(1758KB) AllocSpace objects, 3(1360KB) LOS objects, 40% free, 21MB/36MB, paused 213us total 31.938ms
08-06 05:35:19.969 12059 12071 I art     : Starting a blocking GC Explicit
08-06 05:35:19.979 12059 12071 I art     : Explicit concurrent mark sweep GC freed 582(26KB) AllocSpace objects, 0(0B) LOS objects, 40% free, 21MB/36MB, paused 87us total 9.822ms
08-06 05:35:19.984 12059 12071 I art     : Starting a blocking GC Explicit
08-06 05:35:19.994 12059 12071 I art     : Explicit concurrent mark sweep GC freed 3(96B) AllocSpace objects, 0(0B) LOS objects, 40% free, 21MB/36MB, paused 90us total 9.771ms
08-06 05:35:20.000 12059 12071 I art     : Starting a blocking GC Explicit
08-06 05:35:20.009 12059 12071 I art     : Explicit concurrent mark sweep GC freed 3(96B) AllocSpace objects, 0(0B) LOS objects, 40% free, 21MB/36MB, paused 91us total 9.610ms
08-06 05:35:20.015 12059 12071 I art     : Starting a blocking GC Explicit
08-06 05:35:20.025 12059 12071 I art     : Explicit concurrent mark sweep GC freed 3(96B) AllocSpace objects, 0(0B) LOS objects, 40% free, 21MB/36MB, paused 91us total 9.759ms
08-06 05:35:20.295 12059 12085 I art     : Starting a blocking GC Explicit
08-06 05:35:20.310 12059 12085 I art     : Explicit concurrent mark sweep GC freed 1274(74KB) AllocSpace objects, 1(20KB) LOS objects, 40% free, 21MB/36MB, paused 135us total 15.321ms
08-06 05:35:20.319 12059 12085 I art     : Starting a blocking GC Explicit
08-06 05:35:20.330 12059 12085 I art     : Explicit concurrent mark sweep GC freed 18(624B) AllocSpace objects, 0(0B) LOS objects, 40% free, 21MB/36MB, paused 103us total 10.758ms
08-06 05:35:20.336 12059 12085 I art     : Starting a blocking GC Explicit
08-06 05:35:20.346 12059 12085 I art     : Explicit concurrent mark sweep GC freed 3(96B) AllocSpace objects, 0(0B) LOS objects, 40% free, 21MB/36MB, paused 95us total 10.220ms
08-06 05:35:20.352 12059 12085 I art     : Starting a blocking GC Explicit
08-06 05:35:20.362 12059 12085 I art     : Explicit concurrent mark sweep GC freed 3(96B) AllocSpace objects, 0(0B) LOS objects, 40% free, 21MB/36MB, paused 92us total 9.777ms
08-06 05:35:20.368 12059 12085 I art     : Starting a blocking GC Explicit
08-06 05:35:20.378 12059 12085 I art     : Explicit concurrent mark sweep GC freed 3(96B) AllocSpace objects, 0(0B) LOS objects, 40% free, 21MB/36MB, paused 89us total 9.866ms
08-06 05:35:20.638 12059 12072 I art     : Starting a blocking GC Explicit
08-06 05:35:20.651 12059 12072 I art     : Explicit concurrent mark sweep GC freed 1271(74KB) AllocSpace objects, 1(20KB) LOS objects, 40% free, 21MB/36MB, paused 112us total 12.602ms
08-06 05:35:20.658 12059 12072 I art     : Starting a blocking GC Explicit
08-06 05:35:20.668 12059 12072 I art     : Explicit concurrent mark sweep GC freed 18(624B) AllocSpace objects, 0(0B) LOS objects, 40% free, 21MB/36MB, paused 108us total 10.658ms
08-06 05:35:20.675 12059 12072 I art     : Starting a blocking GC Explicit
08-06 05:35:20.685 12059 12072 I art     : Explicit concurrent mark sweep GC freed 3(96B) AllocSpace objects, 0(0B) LOS objects, 40% free, 21MB/36MB, paused 101us total 10.498ms
08-06 05:35:20.692 12059 12072 I art     : Starting a blocking GC Explicit
08-06 05:35:20.702 12059 12072 I art     : Explicit concurrent mark sweep GC freed 3(96B) AllocSpace objects, 0(0B) LOS objects, 40% free, 21MB/36MB, paused 126us total 10.176ms
08-06 05:35:20.708 12059 12072 I art     : Starting a blocking GC Explicit
08-06 05:35:20.719 12059 12072 I art     : Explicit concurrent mark sweep GC freed 3(96B) AllocSpace objects, 0(0B) LOS objects, 40% free, 21MB/36MB, paused 107us total 10.476ms
08-06 05:35:20.878  8745  8745 I ServiceManager: Waiting for service AtCmdFwd...
08-06 05:35:20.998 12059 12071 I art     : Starting a blocking GC Explicit
08-06 05:35:21.011 12059 12071 I art     : Explicit concurrent mark sweep GC freed 1268(74KB) AllocSpace objects, 1(20KB) LOS objects, 40% free, 21MB/36MB, paused 100us total 12.035ms
08-06 05:35:21.017 12059 12071 I art     : Starting a blocking GC Explicit
08-06 05:35:21.028 12059 12071 I art     : Explicit concurrent mark sweep GC freed 18(624B) AllocSpace objects, 0(0B) LOS objects, 40% free, 21MB/36MB, paused 92us total 10.933ms
08-06 05:35:21.034 12059 12071 I art     : Starting a blocking GC Explicit
08-06 05:35:21.044 12059 12071 I art     : Explicit concurrent mark sweep GC freed 3(96B) AllocSpace objects, 0(0B) LOS objects, 40% free, 21MB/36MB, paused 92us total 10.329ms
08-06 05:35:21.051 12059 12071 I art     : Starting a blocking GC Explicit
08-06 05:35:21.060 12059 12071 I art     : Explicit concurrent mark sweep GC freed 3(96B) AllocSpace objects, 0(0B) LOS objects, 40% free, 21MB/36MB, paused 101us total 9.667ms
08-06 05:35:21.066 12059 12071 I art     : Starting a blocking GC Explicit
08-06 05:35:21.077 12059 12071 I art     : Explicit concurrent mark sweep GC freed 3(96B) AllocSpace objects, 0(0B) LOS objects, 40% free, 21MB/36MB, paused 157us total 9.962ms
08-06 05:35:21.375 12059 12085 I art     : Starting a blocking GC Explicit
08-06 05:35:21.388 12059 12085 I art     : Explicit concurrent mark sweep GC freed 1268(74KB) AllocSpace objects, 1(20KB) LOS objects, 40% free, 21MB/36MB, paused 109us total 12.694ms
08-06 05:35:21.394 12059 12085 I art     : Starting a blocking GC Explicit
08-06 05:35:21.405 12059 12085 I art     : Explicit concurrent mark sweep GC freed 18(624B) AllocSpace objects, 0(0B) LOS objects, 40% free, 21MB/36MB, paused 105us total 10.830ms
08-06 05:35:21.411 12059 12085 I art     : Starting a blocking GC Explicit
08-06 05:35:21.421 12059 12085 I art     : Explicit concurrent mark sweep GC freed 3(96B) AllocSpace objects, 0(0B) LOS objects, 40% free, 21MB/36MB, paused 99us total 9.859ms
08-06 05:35:21.427 12059 12085 I art     : Starting a blocking GC Explicit
08-06 05:35:21.438 12059 12085 I art     : Explicit concurrent mark sweep GC freed 3(96B) AllocSpace objects, 0(0B) LOS objects, 40% free, 21MB/36MB, paused 101us total 10.337ms
08-06 05:35:21.445 12059 12085 I art     : Starting a blocking GC Explicit
08-06 05:35:21.455 12059 12085 I art     : Explicit concurrent mark sweep GC freed 3(96B) AllocSpace objects, 0(0B) LOS objects, 40% free, 21MB/36MB, paused 89us total 9.917ms
08-06 05:35:21.776 12059 12072 I art     : Starting a blocking GC Explicit
08-06 05:35:21.789 12059 12072 I art     : Explicit concurrent mark sweep GC freed 1268(74KB) AllocSpace objects, 1(20KB) LOS objects, 40% free, 21MB/36MB, paused 104us total 12.314ms
08-06 05:35:21.795 12059 12072 I art     : Starting a blocking GC Explicit
08-06 05:35:21.806 12059 12072 I art     : Explicit concurrent mark sweep GC freed 18(624B) AllocSpace objects, 0(0B) LOS objects, 40% free, 21MB/36MB, paused 106us total 10.811ms
08-06 05:35:21.812 12059 12072 I art     : Starting a blocking GC Explicit
08-06 05:35:21.822 12059 12072 I art     : Explicit concurrent mark sweep GC freed 3(96B) AllocSpace objects, 0(0B) LOS objects, 40% free, 21MB/36MB, paused 97us total 9.975ms
08-06 05:35:21.828 12059 12072 I art     : Starting a blocking GC Explicit
08-06 05:35:21.839 12059 12072 I art     : Explicit concurrent mark sweep GC freed 3(96B) AllocSpace objects, 0(0B) LOS objects, 40% free, 21MB/36MB, paused 102us total 10.248ms
08-06 05:35:21.845 12059 12072 I art     : Starting a blocking GC Explicit
08-06 05:35:21.855 12059 12072 I art     : Explicit concurrent mark sweep GC freed 3(96B) AllocSpace objects, 0(0B) LOS objects, 40% free, 21MB/36MB, paused 98us total 9.622ms
08-06 05:35:21.879  8745  8745 I ServiceManager: Waiting for service AtCmdFwd...
08-06 05:35:22.164 12059 12071 I art     : Starting a blocking GC Explicit
08-06 05:35:22.182 12059 12071 I art     : Explicit concurrent mark sweep GC freed 1268(74KB) AllocSpace objects, 1(20KB) LOS objects, 40% free, 21MB/36MB, paused 112us total 17.947ms
08-06 05:35:22.189 12059 12071 I art     : Starting a blocking GC Explicit
08-06 05:35:22.199 12059 12071 I art     : Explicit concurrent mark sweep GC freed 18(624B) AllocSpace objects, 0(0B) LOS objects, 40% free, 21MB/36MB, paused 101us total 10.499ms
08-06 05:35:22.205 12059 12071 I art     : Starting a blocking GC Explicit
08-06 05:35:22.216 12059 12071 I art     : Explicit concurrent mark sweep GC freed 3(96B) AllocSpace objects, 0(0B) LOS objects, 40% free, 21MB/36MB, paused 96us total 10.272ms
08-06 05:35:22.222 12059 12071 I art     : Starting a blocking GC Explicit
08-06 05:35:22.232 12059 12071 I art     : Explicit concurrent mark sweep GC freed 3(96B) AllocSpace objects, 0(0B) LOS objects, 40% free, 21MB/36MB, paused 94us total 10.226ms
08-06 05:35:22.238 12059 12071 I art     : Starting a blocking GC Explicit
08-06 05:35:22.248 12059 12071 I art     : Explicit concurrent mark sweep GC freed 3(96B) AllocSpace objects, 0(0B) LOS objects, 40% free, 21MB/36MB, paused 86us total 9.873ms
08-06 05:35:22.554 12059 12085 I art     : Starting a blocking GC Explicit
08-06 05:35:22.570 12059 12085 I art     : Explicit concurrent mark sweep GC freed 1268(74KB) AllocSpace objects, 1(20KB) LOS objects, 40% free, 21MB/36MB, paused 140us total 15.257ms
08-06 05:35:22.579 12059 12085 I art     : Starting a blocking GC Explicit
08-06 05:35:22.593 12059 12085 I art     : Explicit concurrent mark sweep GC freed 18(624B) AllocSpace objects, 0(0B) LOS objects, 40% free, 21MB/36MB, paused 123us total 12.944ms
08-06 05:35:22.601 12059 12085 I art     : Starting a blocking GC Explicit
08-06 05:35:22.612 12059 12085 I art     : Explicit concurrent mark sweep GC freed 3(96B) AllocSpace objects, 0(0B) LOS objects, 40% free, 21MB/36MB, paused 99us total 10.069ms
08-06 05:35:22.618 12059 12085 I art     : Starting a blocking GC Explicit
08-06 05:35:22.628 12059 12085 I art     : Explicit concurrent mark sweep GC freed 3(96B) AllocSpace objects, 0(0B) LOS objects, 40% free, 21MB/36MB, paused 100us total 9.825ms
08-06 05:35:22.634 12059 12085 I art     : Starting a blocking GC Explicit
08-06 05:35:22.644 12059 12085 I art     : Explicit concurrent mark sweep GC freed 3(96B) AllocSpace objects, 0(0B) LOS objects, 40% free, 21MB/36MB, paused 97us total 10.147ms
08-06 05:35:22.880  8745  8745 I ServiceManager: Waiting for service AtCmdFwd...
08-06 05:35:22.945 12059 12072 I art     : Starting a blocking GC Explicit
08-06 05:35:22.959 12059 12072 I art     : Explicit concurrent mark sweep GC freed 1268(74KB) AllocSpace objects, 1(20KB) LOS objects, 40% free, 21MB/36MB, paused 138us total 13.607ms
08-06 05:35:22.969 12059 12072 I art     : Starting a blocking GC Explicit
08-06 05:35:22.979 12059 12072 I art     : Explicit concurrent mark sweep GC freed 18(624B) AllocSpace objects, 0(0B) LOS objects, 40% free, 21MB/36MB, paused 100us total 10.590ms
08-06 05:35:22.985 12059 12072 I art     : Starting a blocking GC Explicit
08-06 05:35:22.996 12059 12072 I art     : Explicit concurrent mark sweep GC freed 3(96B) AllocSpace objects, 0(0B) LOS objects, 40% free, 21MB/36MB, paused 100us total 10.191ms
08-06 05:35:23.002 12059 12072 I art     : Starting a blocking GC Explicit
08-06 05:35:23.012 12059 12072 I art     : Explicit concurrent mark sweep GC freed 3(96B) AllocSpace objects, 0(0B) LOS objects, 40% free, 21MB/36MB, paused 94us total 9.850ms
08-06 05:35:23.017 12059 12072 I art     : Starting a blocking GC Explicit
08-06 05:35:23.027 12059 12072 I art     : Explicit concurrent mark sweep GC freed 3(96B) AllocSpace objects, 0(0B) LOS objects, 40% free, 21MB/36MB, paused 94us total 9.351ms
08-06 05:35:23.323 12059 12071 I art     : Starting a blocking GC Explicit
08-06 05:35:23.335 12059 12071 I art     : Explicit concurrent mark sweep GC freed 1268(74KB) AllocSpace objects, 1(20KB) LOS objects, 40% free, 21MB/36MB, paused 102us total 11.709ms
08-06 05:35:23.341 12059 12071 I art     : Starting a blocking GC Explicit
08-06 05:35:23.351 12059 12071 I art     : Explicit concurrent mark sweep GC freed 18(624B) AllocSpace objects, 0(0B) LOS objects, 40% free, 21MB/36MB, paused 90us total 9.951ms
08-06 05:35:23.357 12059 12071 I art     : Starting a blocking GC Explicit
08-06 05:35:23.366 12059 12071 I art     : Explicit concurrent mark sweep GC freed 3(96B) AllocSpace objects, 0(0B) LOS objects, 40% free, 21MB/36MB, paused 91us total 8.949ms
08-06 05:35:23.371 12059 12071 I art     : Starting a blocking GC Explicit
08-06 05:35:23.380 12059 12071 I art     : Explicit concurrent mark sweep GC freed 3(96B) AllocSpace objects, 0(0B) LOS objects, 40% free, 21MB/36MB, paused 84us total 8.829ms
08-06 05:35:23.385 12059 12071 I art     : Starting a blocking GC Explicit
08-06 05:35:23.394 12059 12071 I art     : Explicit concurrent mark sweep GC freed 3(96B) AllocSpace objects, 0(0B) LOS objects, 40% free, 21MB/36MB, paused 84us total 8.532ms
08-06 05:35:23.654 12059 12085 I art     : Starting a blocking GC Explicit
08-06 05:35:23.666 12059 12085 I art     : Explicit concurrent mark sweep GC freed 1268(74KB) AllocSpace objects, 1(20KB) LOS objects, 40% free, 21MB/36MB, paused 120us total 12.666ms
08-06 05:35:23.673 12059 12085 I art     : Starting a blocking GC Explicit
08-06 05:35:23.684 12059 12085 I art     : Explicit concurrent mark sweep GC freed 18(624B) AllocSpace objects, 0(0B) LOS objects, 40% free, 21MB/36MB, paused 104us total 10.814ms
08-06 05:35:23.690 12059 12085 I art     : Starting a blocking GC Explicit
08-06 05:35:23.701 12059 12085 I art     : Explicit concurrent mark sweep GC freed 3(96B) AllocSpace objects, 0(0B) LOS objects, 40% free, 21MB/36MB, paused 98us total 10.123ms
08-06 05:35:23.707 12059 12085 I art     : Starting a blocking GC Explicit
08-06 05:35:23.717 12059 12085 I art     : Explicit concurrent mark sweep GC freed 3(96B) AllocSpace objects, 0(0B) LOS objects, 40% free, 21MB/36MB, paused 107us total 9.844ms
08-06 05:35:23.723 12059 12085 I art     : Starting a blocking GC Explicit
08-06 05:35:23.732 12059 12085 I art     : Explicit concurrent mark sweep GC freed 3(96B) AllocSpace objects, 0(0B) LOS objects, 40% free, 21MB/36MB, paused 90us total 9.372ms
08-06 05:35:23.880  8745  8745 W Atfwd_Sendcmd: AtCmdFwd service not published, waiting... retryCnt : 1
08-06 05:35:24.032 12059 12072 I art     : Starting a blocking GC Explicit
08-06 05:35:24.048 12059 12072 I art     : Explicit concurrent mark sweep GC freed 1268(74KB) AllocSpace objects, 1(20KB) LOS objects, 40% free, 21MB/36MB, paused 141us total 15.597ms
08-06 05:35:24.058 12059 12072 I art     : Starting a blocking GC Explicit
08-06 05:35:24.071 12059 12072 I art     : Explicit concurrent mark sweep GC freed 18(624B) AllocSpace objects, 0(0B) LOS objects, 40% free, 21MB/36MB, paused 117us total 12.801ms
08-06 05:35:24.080 12059 12072 I art     : Starting a blocking GC Explicit
08-06 05:35:24.093 12059 12072 I art     : Explicit concurrent mark sweep GC freed 3(96B) AllocSpace objects, 0(0B) LOS objects, 40% free, 21MB/36MB, paused 114us total 12.416ms
08-06 05:35:24.101 12059 12072 I art     : Starting a blocking GC Explicit
08-06 05:35:24.112 12059 12072 I art     : Explicit concurrent mark sweep GC freed 3(96B) AllocSpace objects, 0(0B) LOS objects, 40% free, 21MB/36MB, paused 102us total 9.973ms
08-06 05:35:24.118 12059 12072 I art     : Starting a blocking GC Explicit
08-06 05:35:24.128 12059 12072 I art     : Explicit concurrent mark sweep GC freed 3(96B) AllocSpace objects, 0(0B) LOS objects, 40% free, 21MB/36MB, paused 95us total 10.345ms
08-06 05:35:24.343   918  3188 I hubconnection: sensorhub said: 'set_bias 3: -4.9536, 0.0000, 0.0000'
08-06 05:35:24.375 12059 12071 I art     : Starting a blocking GC Explicit
08-06 05:35:24.385 12059 12071 I art     : Explicit concurrent mark sweep GC freed 1268(74KB) AllocSpace objects, 1(20KB) LOS objects, 40% free, 21MB/36MB, paused 94us total 9.954ms
08-06 05:35:24.391 12059 12071 I art     : Starting a blocking GC Explicit
08-06 05:35:24.400 12059 12071 I art     : Explicit concurrent mark sweep GC freed 18(624B) AllocSpace objects, 0(0B) LOS objects, 40% free, 21MB/36MB, paused 94us total 9.540ms
08-06 05:35:24.406 12059 12071 I art     : Starting a blocking GC Explicit
08-06 05:35:24.416 12059 12071 I art     : Explicit concurrent mark sweep GC freed 3(96B) AllocSpace objects, 0(0B) LOS objects, 40% free, 21MB/36MB, paused 92us total 9.872ms
08-06 05:35:24.422 12059 12071 I art     : Starting a blocking GC Explicit
08-06 05:35:24.432 12059 12071 I art     : Explicit concurrent mark sweep GC freed 3(96B) AllocSpace objects, 0(0B) LOS objects, 40% free, 21MB/36MB, paused 91us total 9.565ms
08-06 05:35:24.437 12059 12071 I art     : Starting a blocking GC Explicit
08-06 05:35:24.447 12059 12071 I art     : Explicit concurrent mark sweep GC freed 3(96B) AllocSpace objects, 0(0B) LOS objects, 40% free, 21MB/36MB, paused 92us total 9.551ms
08-06 05:35:24.606 12245 12245 D AndroidRuntime: >>>>>> START com.android.internal.os.RuntimeInit uid 2000 <<<<<<
08-06 05:35:24.612 12245 12245 D AndroidRuntime: CheckJNI is OFF
08-06 05:35:24.639 12245 12245 D ICU     : No timezone override file found: /data/misc/zoneinfo/current/icu/icu_tzdata.dat
08-06 05:35:24.664 12245 12245 I Radio-JNI: register_android_hardware_Radio DONE
08-06 05:35:24.680 12245 12245 D AndroidRuntime: Calling main entry com.android.commands.input.Input
08-06 05:35:24.681 12245 12245 I Input   : injectMotionEvent: MotionEvent { action=ACTION_DOWN, actionButton=0, id[0]=0, x[0]=711.0, y[0]=1664.0, toolType[0]=TOOL_TYPE_UNKNOWN, buttonState=0, metaState=0, flags=0x0, edgeFlags=0x0, pointerCount=1, historySize=0, eventTime=855341094, downTime=855341094, deviceId=0, source=0x1002 }
08-06 05:35:24.686 12245 12245 I Input   : injectMotionEvent: MotionEvent { action=ACTION_UP, actionButton=0, id[0]=0, x[0]=711.0, y[0]=1664.0, toolType[0]=TOOL_TYPE_UNKNOWN, buttonState=0, metaState=0, flags=0x0, edgeFlags=0x0, pointerCount=1, historySize=0, eventTime=855341094, downTime=855341094, deviceId=0, source=0x1002 }
08-06 05:35:24.689 12245 12245 D AndroidRuntime: Shutting down VM
08-06 05:35:24.692   918  4413 I ActivityManager: START u0 {flg=0x14000000 cmp=baseline.com.ak.uobtimetable/.CourseListActivity} from uid 10710 on display 0
08-06 05:35:24.693   512  2967 D audio_hw_primary: out_set_parameters: enter: usecase(1: low-latency-playback) kvpairs: routing=2
08-06 05:35:24.706   512  2967 D audio_hw_primary: select_devices: out_snd_device(2: speaker) in_snd_device(0: none)
08-06 05:35:24.706   512  2967 D msm8974_platform: platform_send_audio_calibration: sending audio calibration for snd_device(2) acdb_id(15)
08-06 05:35:24.706   512  2967 I soundtrigger: audio_extn_sound_trigger_update_device_status: device 0x2 of type 0 for Event 1
08-06 05:35:24.717   512  2967 D audio_hw_primary: enable_snd_device: snd_device(2: speaker)
08-06 05:35:24.719   512  2967 D audio_hw_primary: enable_audio_route: apply and update mixer path: low-latency-playback speaker
08-06 05:35:24.721 12059 12071 I art     : Starting a blocking GC Explicit
08-06 05:35:24.734 12059 12071 I art     : Explicit concurrent mark sweep GC freed 3153(205KB) AllocSpace objects, 1(20KB) LOS objects, 40% free, 21MB/36MB, paused 359us total 12.312ms
08-06 05:35:24.735 12059 12059 D CourseListActivity: onCreate
08-06 05:35:24.741 12059 12071 I art     : Starting a blocking GC Explicit
08-06 05:35:24.753 12059 12071 I art     : Explicit concurrent mark sweep GC freed 946(99KB) AllocSpace objects, 0(0B) LOS objects, 40% free, 22MB/36MB, paused 322us total 12.420ms
08-06 05:35:24.760 12059 12071 I art     : Starting a blocking GC Explicit
08-06 05:35:24.772 12059 12071 I art     : Explicit concurrent mark sweep GC freed 548(42KB) AllocSpace objects, 0(0B) LOS objects, 40% free, 22MB/36MB, paused 228us total 11.681ms
08-06 05:35:24.772 12059 12277 D HTTP    : Request for: https://uob-timetable-api.adriankeenan.co.uk/courses
08-06 05:35:24.778 12059 12071 I art     : Starting a blocking GC Explicit
08-06 05:35:24.789 12059 12071 I art     : Explicit concurrent mark sweep GC freed 446(42KB) AllocSpace objects, 0(0B) LOS objects, 40% free, 22MB/37MB, paused 382us total 11.005ms
08-06 05:35:24.796 12059 12071 I art     : Starting a blocking GC Explicit
08-06 05:35:24.807 12059 12071 I art     : Explicit concurrent mark sweep GC freed 90(6KB) AllocSpace objects, 0(0B) LOS objects, 40% free, 22MB/37MB, paused 185us total 10.490ms
08-06 05:35:24.820   918   936 I ActivityManager: Displayed baseline.com.ak.uobtimetable/.CourseListActivity: +119ms
08-06 05:35:24.820 13866 13866 I GoogleInputMethodServic: GoogleInputMethodService.onFinishInput():3138 
08-06 05:35:24.821 13866 13866 I GoogleInputMethodServic: GoogleInputMethodService.onStartInput():1808 
08-06 05:35:24.835 12059 12079 D OpenGLRenderer: endAllStagingAnimators on 0x7f949d2800 (RippleDrawable) with handle 0x7f9a1d9e40
08-06 05:35:25.026 12059 12278 I art     : Starting a blocking GC Explicit
08-06 05:35:25.042 12059 12278 I art     : Explicit concurrent mark sweep GC freed 1474(91KB) AllocSpace objects, 1(20KB) LOS objects, 40% free, 22MB/37MB, paused 149us total 15.552ms
08-06 05:35:25.051 12059 12278 I art     : Starting a blocking GC Explicit
08-06 05:35:25.065 12059 12278 I art     : Explicit concurrent mark sweep GC freed 49(1888B) AllocSpace objects, 0(0B) LOS objects, 40% free, 22MB/37MB, paused 214us total 14.004ms
08-06 05:35:25.074 12059 12278 I art     : Starting a blocking GC Explicit
08-06 05:35:25.086 12059 12278 I art     : Explicit concurrent mark sweep GC freed 25(1120B) AllocSpace objects, 0(0B) LOS objects, 40% free, 22MB/37MB, paused 142us total 11.311ms
08-06 05:35:25.091 12059 12278 I art     : Starting a blocking GC Explicit
08-06 05:35:25.102 12059 12278 I art     : Explicit concurrent mark sweep GC freed 3(96B) AllocSpace objects, 0(0B) LOS objects, 40% free, 22MB/37MB, paused 135us total 10.565ms
08-06 05:35:25.108 12059 12278 I art     : Starting a blocking GC Explicit
08-06 05:35:25.118 12059 12278 I art     : Explicit concurrent mark sweep GC freed 4(128B) AllocSpace objects, 0(0B) LOS objects, 40% free, 22MB/37MB, paused 130us total 10.513ms
08-06 05:35:25.226 12059 12277 I NAPPA_EXPERIMENTATION: MetricNetworkRequestExecutionTime: REQUEST_DURATION_SYSTEM='450',REQUEST_DURATION_OKHTTP='38',REQUEST_SYNCHRONOUS='TRUE',RESPONSE_CODE='200',RESPONSE_METHOD='GET',RESPONSE_LENGTH_OKHTTP='-1',RESPONSE_LENGTH_HEADER='-2',REQUEST_PROTOCOL='http/1.1',REQUEST_URL='https://uob-timetable-api.adriankeenan.co.uk/courses',
08-06 05:35:25.260   512  2967 D audio_hw_primary: disable_audio_route: reset and update mixer path: low-latency-playback speaker
08-06 05:35:25.260   512  2967 D audio_hw_primary: disable_snd_device: snd_device(2: speaker)
08-06 05:35:25.270   512  2967 I soundtrigger: audio_extn_sound_trigger_update_device_status: device 0x2 of type 0 for Event 0
08-06 05:35:25.390 12059 12071 I art     : Starting a blocking GC Explicit
08-06 05:35:25.404 12059 12071 I art     : Explicit concurrent mark sweep GC freed 2295(6MB) AllocSpace objects, 1(20KB) LOS objects, 26% free, 44MB/60MB, paused 182us total 13.647ms
08-06 05:35:25.410 12059 12071 I art     : Starting a blocking GC Explicit
08-06 05:35:25.420 12059 12071 I art     : Explicit concurrent mark sweep GC freed 41(13KB) AllocSpace objects, 0(0B) LOS objects, 26% free, 44MB/60MB, paused 154us total 10.638ms
08-06 05:35:25.426 12059 12071 I art     : Starting a blocking GC Explicit
08-06 05:35:25.437 12059 12071 I art     : Explicit concurrent mark sweep GC freed 12(448B) AllocSpace objects, 0(0B) LOS objects, 26% free, 44MB/60MB, paused 151us total 10.541ms
08-06 05:35:25.442 12059 12071 I art     : Starting a blocking GC Explicit
08-06 05:35:25.452 12059 12071 I art     : Explicit concurrent mark sweep GC freed 12(448B) AllocSpace objects, 0(0B) LOS objects, 26% free, 44MB/60MB, paused 129us total 9.710ms
08-06 05:35:25.457 12059 12071 I art     : Starting a blocking GC Explicit
08-06 05:35:25.467 12059 12071 I art     : Explicit concurrent mark sweep GC freed 12(448B) AllocSpace objects, 0(0B) LOS objects, 26% free, 44MB/60MB, paused 161us total 9.891ms
08-06 05:35:25.576 12059 12277 I HTTP    : Response was compressed.
08-06 05:35:25.733 12059 12085 I art     : Starting a blocking GC Explicit
08-06 05:35:25.751 12059 12085 I art     : Explicit concurrent mark sweep GC freed 50327(2MB) AllocSpace objects, 0(0B) LOS objects, 29% free, 38MB/54MB, paused 811us total 18.256ms
08-06 05:35:25.758 12059 12085 I art     : Starting a blocking GC Explicit
08-06 05:35:25.773 12059 12085 I art     : Explicit concurrent mark sweep GC freed 12842(612KB) AllocSpace objects, 0(0B) LOS objects, 29% free, 38MB/54MB, paused 226us total 14.402ms
08-06 05:35:25.780 12059 12085 I art     : Starting a blocking GC Explicit
08-06 05:35:25.793 12059 12085 I art     : Explicit concurrent mark sweep GC freed 10654(495KB) AllocSpace objects, 0(0B) LOS objects, 29% free, 38MB/54MB, paused 205us total 12.708ms
08-06 05:35:25.799 12059 12085 I art     : Starting a blocking GC Explicit
08-06 05:35:25.812 12059 12085 I art     : Explicit concurrent mark sweep GC freed 11111(518KB) AllocSpace objects, 0(0B) LOS objects, 29% free, 38MB/54MB, paused 207us total 13.309ms
08-06 05:35:25.818 12059 12085 I art     : Starting a blocking GC Explicit
08-06 05:35:25.832 12059 12085 I art     : Explicit concurrent mark sweep GC freed 10944(514KB) AllocSpace objects, 0(0B) LOS objects, 29% free, 38MB/54MB, paused 211us total 13.201ms
08-06 05:35:26.087 12059 12071 I art     : Starting a blocking GC Explicit
08-06 05:35:26.131 12059 12071 I art     : Explicit concurrent mark sweep GC freed 159662(7MB) AllocSpace objects, 1(20KB) LOS objects, 28% free, 40MB/56MB, paused 446us total 44.180ms
08-06 05:35:26.142 12059 12071 I art     : Starting a blocking GC Explicit
08-06 05:35:26.163 12059 12071 I art     : Explicit concurrent mark sweep GC freed 23675(1125KB) AllocSpace objects, 0(0B) LOS objects, 28% free, 39MB/55MB, paused 324us total 20.555ms
08-06 05:35:26.170 12059 12071 I art     : Starting a blocking GC Explicit
08-06 05:35:26.187 12059 12071 I art     : Explicit concurrent mark sweep GC freed 13577(640KB) AllocSpace objects, 0(0B) LOS objects, 28% free, 39MB/55MB, paused 282us total 16.145ms
08-06 05:35:26.194 12059 12071 I art     : Starting a blocking GC Explicit
08-06 05:35:26.210 12059 12071 I art     : Explicit concurrent mark sweep GC freed 13261(626KB) AllocSpace objects, 0(0B) LOS objects, 28% free, 40MB/56MB, paused 268us total 16.160ms
08-06 05:35:26.217 12059 12071 I art     : Starting a blocking GC Explicit
08-06 05:35:26.234 12059 12071 I art     : Explicit concurrent mark sweep GC freed 12936(613KB) AllocSpace objects, 0(0B) LOS objects, 28% free, 40MB/56MB, paused 320us total 16.747ms
08-06 05:35:26.502 12059 12278 I art     : Starting a blocking GC Explicit
08-06 05:35:26.537 12059 12278 I art     : Explicit concurrent mark sweep GC freed 160407(7MB) AllocSpace objects, 1(20KB) LOS objects, 27% free, 41MB/57MB, paused 390us total 34.981ms
08-06 05:35:26.548 12059 12278 I art     : Starting a blocking GC Explicit
08-06 05:35:26.568 12059 12278 I art     : Explicit concurrent mark sweep GC freed 21423(998KB) AllocSpace objects, 0(0B) LOS objects, 27% free, 41MB/57MB, paused 396us total 19.101ms
08-06 05:35:26.576 12059 12278 I art     : Starting a blocking GC Explicit
08-06 05:35:26.596 12059 12278 I art     : Explicit concurrent mark sweep GC freed 15537(725KB) AllocSpace objects, 0(0B) LOS objects, 27% free, 41MB/57MB, paused 322us total 19.461ms
08-06 05:35:26.604 12059 12278 I art     : Starting a blocking GC Explicit
08-06 05:35:26.624 12059 12278 I art     : Explicit concurrent mark sweep GC freed 15380(718KB) AllocSpace objects, 0(0B) LOS objects, 27% free, 41MB/57MB, paused 316us total 19.530ms
08-06 05:35:26.632 12059 12278 I art     : Starting a blocking GC Explicit
08-06 05:35:26.653 12059 12278 I art     : Explicit concurrent mark sweep GC freed 15840(742KB) AllocSpace objects, 0(0B) LOS objects, 27% free, 41MB/57MB, paused 318us total 20.160ms
08-06 05:35:26.915 12059 12278 I art     : Starting a blocking GC Explicit
08-06 05:35:26.958 12059 12278 I art     : Explicit concurrent mark sweep GC freed 160401(7MB) AllocSpace objects, 1(20KB) LOS objects, 26% free, 43MB/59MB, paused 453us total 43.065ms
08-06 05:35:26.969 12059 12278 I art     : Starting a blocking GC Explicit
08-06 05:35:26.993 12059 12278 I art     : Explicit concurrent mark sweep GC freed 23771(1109KB) AllocSpace objects, 0(0B) LOS objects, 27% free, 43MB/59MB, paused 406us total 24.326ms
08-06 05:35:27.003 12059 12278 I art     : Starting a blocking GC Explicit
08-06 05:35:27.025 12059 12278 I art     : Explicit concurrent mark sweep GC freed 17622(829KB) AllocSpace objects, 0(0B) LOS objects, 26% free, 43MB/59MB, paused 386us total 22.317ms
08-06 05:35:27.035 12059 12278 I art     : Starting a blocking GC Explicit
08-06 05:35:27.058 12059 12278 I art     : Explicit concurrent mark sweep GC freed 18000(844KB) AllocSpace objects, 0(0B) LOS objects, 26% free, 43MB/59MB, paused 466us total 23.263ms
08-06 05:35:27.068 12059 12278 I art     : Starting a blocking GC Explicit
08-06 05:35:27.091 12059 12278 I art     : Explicit concurrent mark sweep GC freed 16416(777KB) AllocSpace objects, 0(0B) LOS objects, 26% free, 43MB/59MB, paused 390us total 23.526ms
08-06 05:35:27.357 12059 12071 I art     : Starting a blocking GC Explicit
08-06 05:35:27.398 12059 12071 I art     : Explicit concurrent mark sweep GC freed 153359(7MB) AllocSpace objects, 1(20KB) LOS objects, 26% free, 44MB/60MB, paused 430us total 40.661ms
08-06 05:35:27.409 12059 12071 I art     : Starting a blocking GC Explicit
08-06 05:35:27.437 12059 12071 I art     : Explicit concurrent mark sweep GC freed 24611(1205KB) AllocSpace objects, 0(0B) LOS objects, 26% free, 44MB/60MB, paused 511us total 27.319ms
08-06 05:35:27.447 12059 12071 I art     : Starting a blocking GC Explicit
08-06 05:35:27.473 12059 12071 I art     : Explicit concurrent mark sweep GC freed 19680(919KB) AllocSpace objects, 0(0B) LOS objects, 26% free, 45MB/61MB, paused 529us total 26.135ms
08-06 05:35:27.484 12059 12071 I art     : Starting a blocking GC Explicit
08-06 05:35:27.509 12059 12071 I art     : Explicit concurrent mark sweep GC freed 19430(907KB) AllocSpace objects, 0(0B) LOS objects, 26% free, 45MB/61MB, paused 486us total 25.440ms
08-06 05:35:27.519 12059 12071 I art     : Starting a blocking GC Explicit
08-06 05:35:27.546 12059 12071 I art     : Explicit concurrent mark sweep GC freed 19505(930KB) AllocSpace objects, 0(0B) LOS objects, 26% free, 45MB/61MB, paused 460us total 26.845ms
08-06 05:35:27.821 12059 12278 I art     : Starting a blocking GC Explicit
08-06 05:35:27.868 12059 12278 I art     : Explicit concurrent mark sweep GC freed 168228(7MB) AllocSpace objects, 1(20KB) LOS objects, 25% free, 46MB/62MB, paused 649us total 46.904ms
08-06 05:35:27.881 12059 12278 I art     : Starting a blocking GC Explicit
08-06 05:35:27.910 12059 12278 I art     : Explicit concurrent mark sweep GC freed 27083(1261KB) AllocSpace objects, 0(0B) LOS objects, 25% free, 46MB/62MB, paused 535us total 29.157ms
08-06 05:35:27.921 12059 12278 I art     : Starting a blocking GC Explicit
08-06 05:35:27.952 12059 12278 I art     : Explicit concurrent mark sweep GC freed 22670(1048KB) AllocSpace objects, 0(0B) LOS objects, 25% free, 46MB/62MB, paused 521us total 30.139ms
08-06 05:35:27.963 12059 12278 I art     : Starting a blocking GC Explicit
08-06 05:35:27.993 12059 12278 I art     : Explicit concurrent mark sweep GC freed 22188(1040KB) AllocSpace objects, 0(0B) LOS objects, 25% free, 47MB/63MB, paused 531us total 30.529ms
08-06 05:35:28.004 12059 12278 I art     : Starting a blocking GC Explicit
08-06 05:35:28.035 12059 12278 I art     : Explicit concurrent mark sweep GC freed 22703(1067KB) AllocSpace objects, 0(0B) LOS objects, 25% free, 47MB/63MB, paused 534us total 30.948ms
08-06 05:35:28.307 12059 12085 I art     : Starting a blocking GC Explicit
08-06 05:35:28.359 12059 12085 I art     : Explicit concurrent mark sweep GC freed 167630(7MB) AllocSpace objects, 1(20KB) LOS objects, 24% free, 48MB/64MB, paused 651us total 51.822ms
08-06 05:35:28.363 12059 12277 I Service : getCourses response time: 0.69
08-06 05:35:28.369 12059 12059 I SettingsManager: Getting string: savedCourse
08-06 05:35:28.372 12059 12085 I art     : Starting a blocking GC Explicit
08-06 05:35:28.404 12059 12085 I art     : Explicit concurrent mark sweep GC freed 7625(359KB) AllocSpace objects, 1(14MB) LOS objects, 32% free, 33MB/49MB, paused 238us total 32.112ms
08-06 05:35:28.416 12059 12085 I art     : Starting a blocking GC Explicit
08-06 05:35:28.447 12059 12085 I art     : Explicit concurrent mark sweep GC freed 402(14KB) AllocSpace objects, 0(0B) LOS objects, 32% free, 33MB/49MB, paused 205us total 30.560ms
08-06 05:35:28.459 12059 12085 I art     : Starting a blocking GC Explicit
08-06 05:35:28.488 12059 12085 I art     : Explicit concurrent mark sweep GC freed 71(2736B) AllocSpace objects, 0(0B) LOS objects, 32% free, 33MB/49MB, paused 163us total 29.200ms
08-06 05:35:28.499 12059 12085 I art     : Starting a blocking GC Explicit
08-06 05:35:28.530 12059 12085 I art     : Explicit concurrent mark sweep GC freed 5(192B) AllocSpace objects, 0(0B) LOS objects, 32% free, 33MB/49MB, paused 132us total 30.968ms
08-06 05:35:28.830 12059 12278 I art     : Starting a blocking GC Explicit
08-06 05:35:28.879 12059 12278 I art     : Explicit concurrent mark sweep GC freed 1271(74KB) AllocSpace objects, 1(20KB) LOS objects, 32% free, 33MB/49MB, paused 159us total 49.482ms
08-06 05:35:28.881  8745  8745 I ServiceManager: Waiting for service AtCmdFwd...
08-06 05:35:28.894 12059 12278 I art     : Starting a blocking GC Explicit
08-06 05:35:28.930 12059 12278 I art     : Explicit concurrent mark sweep GC freed 18(624B) AllocSpace objects, 0(0B) LOS objects, 32% free, 33MB/49MB, paused 154us total 36.035ms
08-06 05:35:28.943 12059 12278 I art     : Starting a blocking GC Explicit
08-06 05:35:28.979 12059 12278 I art     : Explicit concurrent mark sweep GC freed 3(96B) AllocSpace objects, 0(0B) LOS objects, 32% free, 33MB/49MB, paused 150us total 35.755ms
08-06 05:35:28.993 12059 12278 I art     : Starting a blocking GC Explicit
08-06 05:35:29.028 12059 12278 I art     : Explicit concurrent mark sweep GC freed 3(96B) AllocSpace objects, 0(0B) LOS objects, 32% free, 33MB/49MB, paused 152us total 34.782ms
08-06 05:35:29.040 12059 12278 I art     : Starting a blocking GC Explicit
08-06 05:35:29.075 12059 12278 I art     : Explicit concurrent mark sweep GC freed 3(96B) AllocSpace objects, 0(0B) LOS objects, 32% free, 33MB/49MB, paused 151us total 34.580ms
08-06 05:35:29.367 12059 12072 I art     : Starting a blocking GC Explicit
08-06 05:35:29.413 12059 12072 I art     : Explicit concurrent mark sweep GC freed 1274(74KB) AllocSpace objects, 1(20KB) LOS objects, 32% free, 33MB/49MB, paused 160us total 45.119ms
08-06 05:35:29.427 12059 12072 I art     : Starting a blocking GC Explicit
08-06 05:35:29.463 12059 12072 I art     : Explicit concurrent mark sweep GC freed 18(624B) AllocSpace objects, 0(0B) LOS objects, 32% free, 33MB/49MB, paused 149us total 35.720ms
08-06 05:35:29.476 12059 12072 I art     : Starting a blocking GC Explicit
08-06 05:35:29.513 12059 12072 I art     : Explicit concurrent mark sweep GC freed 3(96B) AllocSpace objects, 0(0B) LOS objects, 32% free, 33MB/49MB, paused 155us total 36.097ms
08-06 05:35:29.526 12059 12072 I art     : Starting a blocking GC Explicit
08-06 05:35:29.562 12059 12072 I art     : Explicit concurrent mark sweep GC freed 3(96B) AllocSpace objects, 0(0B) LOS objects, 32% free, 33MB/49MB, paused 150us total 36.047ms
08-06 05:35:29.575 12059 12072 I art     : Starting a blocking GC Explicit
08-06 05:35:29.611 12059 12072 I art     : Explicit concurrent mark sweep GC freed 3(96B) AllocSpace objects, 0(0B) LOS objects, 32% free, 33MB/49MB, paused 153us total 35.934ms
08-06 05:35:29.881  8745  8745 I ServiceManager: Waiting for service AtCmdFwd...
08-06 05:35:29.933 12059 12071 I art     : Starting a blocking GC Explicit
08-06 05:35:29.980 12059 12071 I art     : Explicit concurrent mark sweep GC freed 1274(74KB) AllocSpace objects, 1(20KB) LOS objects, 32% free, 33MB/49MB, paused 149us total 47.240ms
08-06 05:35:29.995 12059 12071 I art     : Starting a blocking GC Explicit
08-06 05:35:30.031 12059 12071 I art     : Explicit concurrent mark sweep GC freed 19(656B) AllocSpace objects, 0(0B) LOS objects, 32% free, 33MB/49MB, paused 165us total 35.988ms
08-06 05:35:30.044 12059 12071 I art     : Starting a blocking GC Explicit
08-06 05:35:30.079 12059 12071 I art     : Explicit concurrent mark sweep GC freed 5(176B) AllocSpace objects, 0(0B) LOS objects, 32% free, 33MB/49MB, paused 133us total 34.497ms
08-06 05:35:30.079 12059 12070 I art     : WaitForGcToComplete blocked for 34.711ms for cause HeapTrim
08-06 05:35:30.091 12059 12071 I art     : Starting a blocking GC Explicit
08-06 05:35:30.124 12059 12071 I art     : Explicit concurrent mark sweep GC freed 3(96B) AllocSpace objects, 0(0B) LOS objects, 32% free, 33MB/49MB, paused 134us total 32.245ms
08-06 05:35:30.136 12059 12071 I art     : Starting a blocking GC Explicit
08-06 05:35:30.170 12059 12071 I art     : Explicit concurrent mark sweep GC freed 3(96B) AllocSpace objects, 0(0B) LOS objects, 32% free, 33MB/49MB, paused 138us total 34.360ms
08-06 05:35:30.480 12059 12278 I art     : Starting a blocking GC Explicit
08-06 05:35:30.534 12059 12278 I art     : Explicit concurrent mark sweep GC freed 1274(74KB) AllocSpace objects, 1(20KB) LOS objects, 32% free, 33MB/49MB, paused 176us total 53.165ms
08-06 05:35:30.553 12059 12278 I art     : Starting a blocking GC Explicit
08-06 05:35:30.590 12059 12278 I art     : Explicit concurrent mark sweep GC freed 18(624B) AllocSpace objects, 0(0B) LOS objects, 32% free, 33MB/49MB, paused 148us total 36.815ms
08-06 05:35:30.602 12059 12278 I art     : Starting a blocking GC Explicit
08-06 05:35:30.638 12059 12278 I art     : Explicit concurrent mark sweep GC freed 3(96B) AllocSpace objects, 0(0B) LOS objects, 32% free, 33MB/49MB, paused 152us total 35.927ms
08-06 05:35:30.652 12059 12278 I art     : Starting a blocking GC Explicit
08-06 05:35:30.687 12059 12278 I art     : Explicit concurrent mark sweep GC freed 3(96B) AllocSpace objects, 0(0B) LOS objects, 32% free, 33MB/49MB, paused 158us total 35.288ms
08-06 05:35:30.700 12059 12278 I art     : Starting a blocking GC Explicit
08-06 05:35:30.734 12059 12278 I art     : Explicit concurrent mark sweep GC freed 3(96B) AllocSpace objects, 0(0B) LOS objects, 32% free, 33MB/49MB, paused 145us total 34.327ms
08-06 05:35:30.882  8745  8745 I ServiceManager: Waiting for service AtCmdFwd...
08-06 05:35:31.017 12059 12072 I art     : Starting a blocking GC Explicit
08-06 05:35:31.054 12059 12072 I art     : Explicit concurrent mark sweep GC freed 1274(74KB) AllocSpace objects, 1(20KB) LOS objects, 32% free, 33MB/49MB, paused 156us total 37.050ms
08-06 05:35:31.068 12059 12072 I art     : Starting a blocking GC Explicit
08-06 05:35:31.100 12059 12072 I art     : Explicit concurrent mark sweep GC freed 18(624B) AllocSpace objects, 0(0B) LOS objects, 32% free, 33MB/49MB, paused 143us total 31.441ms
08-06 05:35:31.111 12059 12072 I art     : Starting a blocking GC Explicit
08-06 05:35:31.143 12059 12072 I art     : Explicit concurrent mark sweep GC freed 3(96B) AllocSpace objects, 0(0B) LOS objects, 32% free, 33MB/49MB, paused 145us total 30.974ms
08-06 05:35:31.154 12059 12072 I art     : Starting a blocking GC Explicit
08-06 05:35:31.186 12059 12072 I art     : Explicit concurrent mark sweep GC freed 3(96B) AllocSpace objects, 0(0B) LOS objects, 32% free, 33MB/49MB, paused 140us total 31.259ms
08-06 05:35:31.197 12059 12072 I art     : Starting a blocking GC Explicit
08-06 05:35:31.228 12059 12072 I art     : Explicit concurrent mark sweep GC freed 3(96B) AllocSpace objects, 0(0B) LOS objects, 32% free, 33MB/49MB, paused 144us total 30.876ms
08-06 05:35:31.265 12416 12416 D AndroidRuntime: >>>>>> START com.android.internal.os.RuntimeInit uid 2000 <<<<<<
08-06 05:35:31.269 12416 12416 D AndroidRuntime: CheckJNI is OFF
08-06 05:35:31.292 12416 12416 D ICU     : No timezone override file found: /data/misc/zoneinfo/current/icu/icu_tzdata.dat
08-06 05:35:31.317 12416 12416 I Radio-JNI: register_android_hardware_Radio DONE
08-06 05:35:31.333 12416 12416 D AndroidRuntime: Calling main entry com.android.commands.input.Input
08-06 05:35:31.335 12416 12416 I Input   : injectMotionEvent: MotionEvent { action=ACTION_DOWN, actionButton=0, id[0]=0, x[0]=526.0, y[0]=704.0, toolType[0]=TOOL_TYPE_UNKNOWN, buttonState=0, metaState=0, flags=0x0, edgeFlags=0x0, pointerCount=1, historySize=0, eventTime=855347748, downTime=855347748, deviceId=0, source=0x1002 }
08-06 05:35:31.341 12416 12416 I Input   : injectMotionEvent: MotionEvent { action=ACTION_UP, actionButton=0, id[0]=0, x[0]=526.0, y[0]=704.0, toolType[0]=TOOL_TYPE_UNKNOWN, buttonState=0, metaState=0, flags=0x0, edgeFlags=0x0, pointerCount=1, historySize=0, eventTime=855347748, downTime=855347748, deviceId=0, source=0x1002 }
08-06 05:35:31.343 12416 12416 D AndroidRuntime: Shutting down VM
08-06 05:35:31.409   512  2967 D audio_hw_primary: out_set_parameters: enter: usecase(1: low-latency-playback) kvpairs: routing=2
08-06 05:35:31.422   512  2967 D audio_hw_primary: select_devices: out_snd_device(2: speaker) in_snd_device(0: none)
08-06 05:35:31.422   512  2967 D msm8974_platform: platform_send_audio_calibration: sending audio calibration for snd_device(2) acdb_id(15)
08-06 05:35:31.423   512  2967 I soundtrigger: audio_extn_sound_trigger_update_device_status: device 0x2 of type 0 for Event 1
08-06 05:35:31.432   512  2967 D audio_hw_primary: enable_snd_device: snd_device(2: speaker)
08-06 05:35:31.433   512  2967 D audio_hw_primary: enable_audio_route: apply and update mixer path: low-latency-playback speaker
08-06 05:35:31.457 12059 12278 I art     : Starting a blocking GC Explicit
08-06 05:35:31.490 12059 12278 I art     : Explicit concurrent mark sweep GC freed 1991(131KB) AllocSpace objects, 2(40KB) LOS objects, 32% free, 33MB/49MB, paused 175us total 33.119ms
08-06 05:35:31.503 12059 12278 I art     : Starting a blocking GC Explicit
08-06 05:35:31.536 12059 12278 I art     : Explicit concurrent mark sweep GC freed 202(8KB) AllocSpace objects, 0(0B) LOS objects, 32% free, 33MB/49MB, paused 168us total 32.761ms
08-06 05:35:31.549 12059 12278 I art     : Starting a blocking GC Explicit
08-06 05:35:31.586 12059 12278 I art     : Explicit concurrent mark sweep GC freed 6(176B) AllocSpace objects, 0(0B) LOS objects, 32% free, 33MB/49MB, paused 151us total 36.989ms
08-06 05:35:31.600 12059 12278 I art     : Starting a blocking GC Explicit
08-06 05:35:31.636 12059 12278 I art     : Explicit concurrent mark sweep GC freed 7(240B) AllocSpace objects, 0(0B) LOS objects, 32% free, 33MB/49MB, paused 153us total 35.570ms
08-06 05:35:31.651 12059 12278 I art     : Starting a blocking GC Explicit
08-06 05:35:31.690 12059 12278 I art     : Explicit concurrent mark sweep GC freed 3(96B) AllocSpace objects, 0(0B) LOS objects, 32% free, 33MB/49MB, paused 137us total 38.725ms
08-06 05:35:31.883  8745  8745 I ServiceManager: Waiting for service AtCmdFwd...
08-06 05:35:31.971   512  2967 D audio_hw_primary: disable_audio_route: reset and update mixer path: low-latency-playback speaker
08-06 05:35:31.974   512  2967 D audio_hw_primary: disable_snd_device: snd_device(2: speaker)
08-06 05:35:31.983   512  2967 I soundtrigger: audio_extn_sound_trigger_update_device_status: device 0x2 of type 0 for Event 0
08-06 05:35:32.012 12059 12072 I art     : Starting a blocking GC Explicit
08-06 05:35:32.064 12059 12072 I art     : Explicit concurrent mark sweep GC freed 1282(75KB) AllocSpace objects, 1(20KB) LOS objects, 32% free, 33MB/49MB, paused 157us total 51.563ms
08-06 05:35:32.082 12059 12072 I art     : Starting a blocking GC Explicit
08-06 05:35:32.122 12059 12072 I art     : Explicit concurrent mark sweep GC freed 26(880B) AllocSpace objects, 0(0B) LOS objects, 32% free, 33MB/49MB, paused 148us total 39.328ms
08-06 05:35:32.135 12059 12072 I art     : Starting a blocking GC Explicit
08-06 05:35:32.171 12059 12072 I art     : Explicit concurrent mark sweep GC freed 3(96B) AllocSpace objects, 0(0B) LOS objects, 32% free, 33MB/49MB, paused 159us total 36.255ms
08-06 05:35:32.184 12059 12072 I art     : Starting a blocking GC Explicit
08-06 05:35:32.220 12059 12072 I art     : Explicit concurrent mark sweep GC freed 3(96B) AllocSpace objects, 0(0B) LOS objects, 32% free, 33MB/49MB, paused 171us total 35.717ms
08-06 05:35:32.234 12059 12072 I art     : Starting a blocking GC Explicit
08-06 05:35:32.268 12059 12072 I art     : Explicit concurrent mark sweep GC freed 3(96B) AllocSpace objects, 0(0B) LOS objects, 32% free, 33MB/49MB, paused 144us total 34.497ms
08-06 05:35:32.483   918  5481 I ActivityManager: Killing 16758:com.google.android.webview:webview_service/u0a74 (adj 15): empty #17
08-06 05:35:32.563 12059 12085 I art     : Starting a blocking GC Explicit
08-06 05:35:32.607 12059 12085 I art     : Explicit concurrent mark sweep GC freed 1281(75KB) AllocSpace objects, 1(20KB) LOS objects, 32% free, 33MB/49MB, paused 150us total 44.116ms
08-06 05:35:32.619 12059 12085 I art     : Starting a blocking GC Explicit
08-06 05:35:32.650 12059 12085 I art     : Explicit concurrent mark sweep GC freed 18(624B) AllocSpace objects, 0(0B) LOS objects, 32% free, 33MB/49MB, paused 154us total 31.265ms
08-06 05:35:32.662 12059 12085 I art     : Starting a blocking GC Explicit
08-06 05:35:32.693 12059 12085 I art     : Explicit concurrent mark sweep GC freed 3(96B) AllocSpace objects, 0(0B) LOS objects, 32% free, 33MB/49MB, paused 148us total 31.321ms
08-06 05:35:32.705 12059 12085 I art     : Starting a blocking GC Explicit
08-06 05:35:32.737 12059 12085 I art     : Explicit concurrent mark sweep GC freed 3(96B) AllocSpace objects, 0(0B) LOS objects, 32% free, 33MB/49MB, paused 153us total 31.615ms
08-06 05:35:32.749 12059 12085 I art     : Starting a blocking GC Explicit
08-06 05:35:32.780 12059 12085 I art     : Explicit concurrent mark sweep GC freed 3(96B) AllocSpace objects, 0(0B) LOS objects, 32% free, 33MB/49MB, paused 143us total 31.607ms
08-06 05:35:32.851   518   646 I ThermalEngine: ACTION: GPU - Setting GPU[0] to 510000000
08-06 05:35:32.883  8745  8745 I ServiceManager: Waiting for service AtCmdFwd...
08-06 05:35:32.890 12468 12468 D AndroidRuntime: >>>>>> START com.android.internal.os.RuntimeInit uid 2000 <<<<<<
08-06 05:35:32.896 12468 12468 D AndroidRuntime: CheckJNI is OFF
08-06 05:35:32.933 12468 12468 D ICU     : No timezone override file found: /data/misc/zoneinfo/current/icu/icu_tzdata.dat
08-06 05:35:32.966 12468 12468 I Radio-JNI: register_android_hardware_Radio DONE
08-06 05:35:32.988 12468 12468 D AndroidRuntime: Calling main entry com.android.commands.input.Input
08-06 05:35:32.990 12468 12468 I Input   : injectMotionEvent: MotionEvent { action=ACTION_DOWN, actionButton=0, id[0]=0, x[0]=1197.0, y[0]=1456.0, toolType[0]=TOOL_TYPE_UNKNOWN, buttonState=0, metaState=0, flags=0x0, edgeFlags=0x0, pointerCount=1, historySize=0, eventTime=855349402, downTime=855349402, deviceId=0, source=0x1002 }
08-06 05:35:32.994 12468 12468 I Input   : injectMotionEvent: MotionEvent { action=ACTION_UP, actionButton=0, id[0]=0, x[0]=1197.0, y[0]=1456.0, toolType[0]=TOOL_TYPE_UNKNOWN, buttonState=0, metaState=0, flags=0x0, edgeFlags=0x0, pointerCount=1, historySize=0, eventTime=855349402, downTime=855349402, deviceId=0, source=0x1002 }
08-06 05:35:32.995 12468 12468 D AndroidRuntime: Shutting down VM
08-06 05:35:33.011   512  2967 D audio_hw_primary: out_set_parameters: enter: usecase(1: low-latency-playback) kvpairs: routing=2
08-06 05:35:33.025   512  2967 D audio_hw_primary: select_devices: out_snd_device(2: speaker) in_snd_device(0: none)
08-06 05:35:33.025   512  2967 D msm8974_platform: platform_send_audio_calibration: sending audio calibration for snd_device(2) acdb_id(15)
08-06 05:35:33.025   512  2967 I soundtrigger: audio_extn_sound_trigger_update_device_status: device 0x2 of type 0 for Event 1
08-06 05:35:33.030 12059 12059 I SettingsManager: Setting string: savedCourse
08-06 05:35:33.038   918  6029 W BackupManagerService: dataChanged but no participant pkg='baseline.com.ak.uobtimetable' uid=10710
08-06 05:35:33.038   512  2967 D audio_hw_primary: enable_snd_device: snd_device(2: speaker)
08-06 05:35:33.038 12059 12278 I art     : Starting a blocking GC Explicit
08-06 05:35:33.038   918   928 I ActivityManager: START u0 {flg=0x4000000 cmp=baseline.com.ak.uobtimetable/.MainActivity (has extras)} from uid 10710 on display 0
08-06 05:35:33.040   512  2967 D audio_hw_primary: enable_audio_route: apply and update mixer path: low-latency-playback speaker
08-06 05:35:33.052   918  3696 W InputMethodManagerService: Focus gain on non-focused client com.android.internal.view.IInputMethodClient$Stub$Proxy@835cc5b (uid=10710 pid=12059)
08-06 05:35:33.067 12059 12059 D MainActivity: OnDestroy
08-06 05:35:33.081 12059 12278 I art     : Explicit concurrent mark sweep GC freed 4054(218KB) AllocSpace objects, 2(40KB) LOS objects, 32% free, 33MB/49MB, paused 491us total 42.763ms
08-06 05:35:33.088 12059 12059 D MainActivity: onCreate
08-06 05:35:33.089 12059 12059 I SettingsManager: Getting string: savedSessions
08-06 05:35:33.089 12059 12059 I Settings: No saved sessions
08-06 05:35:33.097 12059 12278 I art     : Starting a blocking GC Explicit
08-06 05:35:33.121 12059 12059 I SettingsManager: Getting string: savedCourse
08-06 05:35:33.122 12059 12059 D MainActivity: sessionListFragmentArg: updateSessions
08-06 05:35:33.122 12059 12059 D MainActivity: showTermDatesConfigChange: false
08-06 05:35:33.122 12059 12059 D MainActivity: showTermDatesShortcut: false
08-06 05:35:33.124 12059 12059 D MainActivity: Setting initial fragment: SessionListsFragment
08-06 05:35:33.126 12059 12059 I SettingsManager: Getting int: launchCount
08-06 05:35:33.130 12059 12059 D SessionListsFragment: onCreateView
08-06 05:35:33.141 12059 12278 I art     : Explicit concurrent mark sweep GC freed 1622(100KB) AllocSpace objects, 2(1340KB) LOS objects, 32% free, 33MB/49MB, paused 597us total 44.102ms
08-06 05:35:33.145 12059 12059 I SettingsManager: Getting string: savedCourse
08-06 05:35:33.149 12059 12059 I SettingsManager: Getting string: savedSessions
08-06 05:35:33.150 12059 12059 D SessionListsFragment: loadArgument: updateSessions
08-06 05:35:33.150 12059 12059 D SessionListsFragment: initialIndex: -1
08-06 05:35:33.152 12059 12491 D HTTP    : Request for: https://uob-timetable-api.adriankeenan.co.uk/sessions?dept=BD002&course=CFIEFAAF%2F02AA%2F0%2FFT&level=ALL+Courses
08-06 05:35:33.154 12059 12059 I WebViewFactory: Loading com.google.android.webview version 84.0.4147.89 (code 414708953)
08-06 05:35:33.160 12059 12278 I art     : Starting a blocking GC Explicit
08-06 05:35:33.204 12059 12278 I art     : Explicit concurrent mark sweep GC freed 6140(405KB) AllocSpace objects, 2(96KB) LOS objects, 31% free, 34MB/50MB, paused 718us total 43.548ms
08-06 05:35:33.224 12059 12278 I art     : Starting a blocking GC Explicit
08-06 05:35:33.236 12059 12059 I cr_LibraryLoader: Loaded native library version number "84.0.4147.89"
08-06 05:35:33.237 12059 12059 I cr_CachingUmaRecorder: Flushed 5 samples from 5 histograms.
08-06 05:35:33.245   918  3696 I ActivityManager: Start proc 12497:com.google.android.webview:webview_service/u0a74 for service com.google.android.webview/org.chromium.android_webview.services.VariationsSeedServer
08-06 05:35:33.268 12059 12278 I art     : Explicit concurrent mark sweep GC freed 4264(390KB) AllocSpace objects, 2(40KB) LOS objects, 31% free, 34MB/50MB, paused 841us total 44.244ms
08-06 05:35:33.279 12059 12059 E chromium: [ERROR:filesystem_posix.cc(62)] mkdir /data/user/0/baseline.com.ak.uobtimetable/cache/WebView/Crashpad: No such file or directory (2)
08-06 05:35:33.283 12059 12278 I art     : Starting a blocking GC Explicit
08-06 05:35:33.292 12497 12497 I LoadedApk: No resource references to update in package com.google.android.webview_translations
08-06 05:35:33.329 12059 12278 I art     : Explicit concurrent mark sweep GC freed 1567(144KB) AllocSpace objects, 0(0B) LOS objects, 31% free, 34MB/50MB, paused 723us total 45.406ms
08-06 05:35:33.370   918  3359 D ConnectivityService: listenForNetwork for Listen from uid/pid:10710/12059 for NetworkRequest [ id=3871, legacyType=-1, [ Capabilities: INTERNET&NOT_RESTRICTED&TRUSTED] ]
08-06 05:35:33.401 12059 12491 I NAPPA_EXPERIMENTATION: MetricNetworkRequestExecutionTime: REQUEST_DURATION_SYSTEM='248',REQUEST_DURATION_OKHTTP='33',REQUEST_SYNCHRONOUS='TRUE',RESPONSE_CODE='200',RESPONSE_METHOD='GET',RESPONSE_LENGTH_OKHTTP='-1',RESPONSE_LENGTH_HEADER='867',REQUEST_PROTOCOL='http/1.1',REQUEST_URL='https://uob-timetable-api.adriankeenan.co.uk/sessions?dept=BD002&course=CFIEFAAF%2F02AA%2F0%2FFT&level=ALL+Courses',
08-06 05:35:33.403 12059 12519 W cr_media: Requires BLUETOOTH permission
08-06 05:35:33.414 12059 12531 E libEGL  : validate_display:255 error 3008 (EGL_BAD_DISPLAY)
08-06 05:35:33.417 12059 12059 D TermDatesFragment: WebView loaded
08-06 05:35:33.417 12059 12059 D MainActivity: OnResume
08-06 05:35:33.441 12059 12491 I HTTP    : Response was compressed.
08-06 05:35:33.467 12059 12491 I Service : getSessions response time: 1.12
08-06 05:35:33.507 12059 12059 I TermDatesFragment: Webview load %: 10
08-06 05:35:33.535 12059 12059 I SettingsManager: Getting string: savedSessions
08-06 05:35:33.538   918   936 I ActivityManager: Displayed baseline.com.ak.uobtimetable/.MainActivity: +475ms
08-06 05:35:33.542 12059 12059 I SettingsManager: Setting string: savedSessions
08-06 05:35:33.549   918  5952 W BackupManagerService: dataChanged but no participant pkg='baseline.com.ak.uobtimetable' uid=10710
08-06 05:35:33.550 12059 12059 I SettingsManager: Setting date: savedSessionsTime
08-06 05:35:33.555   918  6111 W BackupManagerService: dataChanged but no participant pkg='baseline.com.ak.uobtimetable' uid=10710
08-06 05:35:33.555 12059 12059 I SettingsManager: Setting string: savedSessionsCourseName
08-06 05:35:33.561   918  5481 W BackupManagerService: dataChanged but no participant pkg='baseline.com.ak.uobtimetable' uid=10710
08-06 05:35:33.561 12059 12059 I SettingsManager: Setting string: savedSessionsDateRange
08-06 05:35:33.565   918  3670 W BackupManagerService: dataChanged but no participant pkg='baseline.com.ak.uobtimetable' uid=10710
08-06 05:35:33.565 12059 12059 I SettingsManager: Setting string: timetableUrl
08-06 05:35:33.570   918  6112 W BackupManagerService: dataChanged but no participant pkg='baseline.com.ak.uobtimetable' uid=10710
08-06 05:35:33.570 12059 12059 I SettingsManager: Getting boolean: notifySessionRemindersEnabled
08-06 05:35:33.570 12059 12059 I SettingsManager: Getting int: notifySessionRemindersMinutes
08-06 05:35:33.570 12059 12059 I SettingsManager: Getting boolean: showHiddenSessions
08-06 05:35:33.580   512  2967 D audio_hw_primary: disable_audio_route: reset and update mixer path: low-latency-playback speaker
08-06 05:35:33.581   512  2967 D audio_hw_primary: disable_snd_device: snd_device(2: speaker)
08-06 05:35:33.588   512  2967 I soundtrigger: audio_extn_sound_trigger_update_device_status: device 0x2 of type 0 for Event 0
08-06 05:35:33.600 12059 12059 I SessionReminderNotifier: Created session reminder alarm for f7b4771250a919bd729c1c5a4a459c77 at Mon 08:30:00 10/08/20
08-06 05:35:33.602 12059 12059 I SessionReminderNotifier: Created session reminder alarm for a7f879aabdeb78622c8820a5fb7b64cd at Tue 08:30:00 11/08/20
08-06 05:35:33.603 12059 12059 I SessionReminderNotifier: Created session reminder alarm for 7bc8d7e2c2055711f597c3d9078c6ea3 at Tue 08:30:00 11/08/20
08-06 05:35:33.604 12059 12059 I SessionReminderNotifier: Created session reminder alarm for e0fc978b5db8218778540b4053344581 at Tue 11:00:00 11/08/20
08-06 05:35:33.605 12059 12071 I art     : Starting a blocking GC Explicit
08-06 05:35:33.605 12059 12059 I SessionReminderNotifier: Created session reminder alarm for 21712fef61090882c855a1425543edb5 at Tue 13:30:00 11/08/20
08-06 05:35:33.607 12059 12059 I SessionReminderNotifier: Created session reminder alarm for 65ca4d97f031f29a4d02bbb45a705d8f at Wed 08:30:00 12/08/20
08-06 05:35:33.608 12059 12059 I SessionReminderNotifier: Created session reminder alarm for eeda7741b0bcab58fd9f46dc6ef1d942 at Wed 08:30:00 12/08/20
08-06 05:35:33.609 12059 12059 I SessionReminderNotifier: Created session reminder alarm for c276c1b2075a0beb67f1b3d1e580f920 at Wed 11:00:00 12/08/20
08-06 05:35:33.610 12059 12059 I SessionReminderNotifier: Created session reminder alarm for 79fe0b5c3b887a13ba29db5a33fa2800 at Thu 08:30:00 06/08/20
08-06 05:35:33.611 12059 12059 I SessionReminderNotifier: Created session reminder alarm for 2ba1034116e4fffdd592dbf0796a43d5 at Fri 08:30:00 07/08/20
08-06 05:35:33.612 12059 12059 I SettingsManager: Getting boolean: showHiddenSessions
08-06 05:35:33.612 12059 12059 D SessionListsFragment: 1 sessions for day 0
08-06 05:35:33.613 12059 12059 D SessionListsFragment: 4 sessions for day 1
08-06 05:35:33.613 12059 12059 D SessionListsFragment: 3 sessions for day 2
08-06 05:35:33.613 12059 12059 D SessionListsFragment: 1 sessions for day 3
08-06 05:35:33.613 12059 12059 D SessionListsFragment: 1 sessions for day 4
08-06 05:35:33.661 12059 12071 I art     : Explicit concurrent mark sweep GC freed 22336(1312KB) AllocSpace objects, 9(320KB) LOS objects, 30% free, 35MB/51MB, paused 684us total 56.216ms
08-06 05:35:33.665 12059 12059 I SettingsManager: Getting boolean: showHiddenSessions
08-06 05:35:33.666 12059 12059 D SessionListsFragment: Refreshed ViewPager
08-06 05:35:33.666 12059 12059 I SettingsManager: Getting boolean: showHiddenSessions
08-06 05:35:33.666 12059 12059 I SettingsManager: Getting boolean: completedTutorial
08-06 05:35:33.679 12059 12071 I art     : Starting a blocking GC Explicit
08-06 05:35:33.683 12059 12059 I SettingsManager: Getting boolean: showHiddenSessions
08-06 05:35:33.683 12059 12059 I SettingsManager: Getting date: savedSessionsTime
08-06 05:35:33.693 13866 13866 I GoogleInputMethodServic: GoogleInputMethodService.onFinishInput():3138 
08-06 05:35:33.694 13866 13866 I GoogleInputMethodServic: GoogleInputMethodService.onStartInput():1808 
08-06 05:35:33.734 12059 12071 I art     : Explicit concurrent mark sweep GC freed 20830(1060KB) AllocSpace objects, 0(0B) LOS objects, 30% free, 35MB/51MB, paused 1.305ms total 54.231ms
08-06 05:35:33.751 12059 12071 I art     : Starting a blocking GC Explicit
08-06 05:35:33.803 12059 12071 I art     : Explicit concurrent mark sweep GC freed 29150(1233KB) AllocSpace objects, 0(0B) LOS objects, 30% free, 36MB/52MB, paused 830us total 51.990ms
08-06 05:35:33.820 12059 12071 I art     : Starting a blocking GC Explicit
08-06 05:35:33.873 12059 12071 I art     : Explicit concurrent mark sweep GC freed 27272(1122KB) AllocSpace objects, 0(0B) LOS objects, 30% free, 36MB/52MB, paused 988us total 53.562ms
08-06 05:35:33.884  8745  8745 W Atfwd_Sendcmd: AtCmdFwd service not published, waiting... retryCnt : 2
08-06 05:35:33.890 12059 12071 I art     : Starting a blocking GC Explicit
08-06 05:35:33.944 12059 12071 I art     : Explicit concurrent mark sweep GC freed 32099(1305KB) AllocSpace objects, 0(0B) LOS objects, 30% free, 36MB/52MB, paused 624us total 53.277ms
08-06 05:35:34.208 12059 12071 I art     : Starting a blocking GC Explicit
08-06 05:35:34.223 12059 12059 I Choreographer: Skipped 31 frames!  The application may be doing too much work on its main thread.
08-06 05:35:34.278 12059 12071 I art     : Explicit concurrent mark sweep GC freed 98425(3MB) AllocSpace objects, 4(220KB) LOS objects, 30% free, 36MB/52MB, paused 780us total 70.214ms
08-06 05:35:34.295 12059 12071 I art     : Starting a blocking GC Explicit
08-06 05:35:34.308 12059 12059 I TermDatesFragment: Webview load %: 70
08-06 05:35:34.339 12059 12059 I TermDatesFragment: Webview load %: 100
08-06 05:35:34.339 12059 12059 I TermDatesFragment: Webview load %: 100
08-06 05:35:34.350 12059 12071 I art     : Explicit concurrent mark sweep GC freed 3498(350KB) AllocSpace objects, 0(0B) LOS objects, 30% free, 36MB/52MB, paused 644us total 54.209ms
08-06 05:35:34.367 12059 12071 I art     : Starting a blocking GC Explicit
08-06 05:35:34.415 12059 12071 I art     : Explicit concurrent mark sweep GC freed 62(3KB) AllocSpace objects, 0(0B) LOS objects, 30% free, 36MB/52MB, paused 292us total 48.521ms
08-06 05:35:34.435 12059 12071 I art     : Starting a blocking GC Explicit
08-06 05:35:34.491 12059 12071 I art     : Explicit concurrent mark sweep GC freed 45(2096B) AllocSpace objects, 0(0B) LOS objects, 30% free, 36MB/52MB, paused 302us total 55.867ms
08-06 05:35:34.510 12059 12071 I art     : Starting a blocking GC Explicit
08-06 05:35:34.564 12059 12071 I art     : Explicit concurrent mark sweep GC freed 398(18KB) AllocSpace objects, 0(0B) LOS objects, 30% free, 36MB/52MB, paused 309us total 54.305ms
08-06 05:35:34.917 12059 12072 I art     : Starting a blocking GC Explicit
08-06 05:35:34.979 12059 12072 I art     : Explicit concurrent mark sweep GC freed 122599(11MB) AllocSpace objects, 4(156KB) LOS objects, 38% free, 25MB/41MB, paused 554us total 60.996ms
08-06 05:35:34.989 12059 12072 I art     : Starting a blocking GC Explicit
08-06 05:35:35.015 12059 12072 I art     : Explicit concurrent mark sweep GC freed 18(624B) AllocSpace objects, 0(0B) LOS objects, 38% free, 25MB/41MB, paused 287us total 25.910ms
08-06 05:35:35.026 12059 12072 I art     : Starting a blocking GC Explicit
08-06 05:35:35.053 12059 12072 I art     : Explicit concurrent mark sweep GC freed 4(160B) AllocSpace objects, 0(0B) LOS objects, 38% free, 25MB/41MB, paused 299us total 26.948ms
08-06 05:35:35.063 12059 12072 I art     : Starting a blocking GC Explicit
08-06 05:35:35.093 12059 12072 I art     : Explicit concurrent mark sweep GC freed 3(96B) AllocSpace objects, 0(0B) LOS objects, 38% free, 25MB/41MB, paused 313us total 29.219ms
08-06 05:35:35.104 12059 12072 I art     : Starting a blocking GC Explicit
08-06 05:35:35.134 12059 12072 I art     : Explicit concurrent mark sweep GC freed 3(96B) AllocSpace objects, 0(0B) LOS objects, 38% free, 25MB/41MB, paused 302us total 29.595ms
08-06 05:35:35.134 12059 12070 I art     : WaitForGcToComplete blocked for 10.042ms for cause HeapTrim
08-06 05:35:35.481 12059 12278 I art     : Starting a blocking GC Explicit
08-06 05:35:35.527 12059 12278 I art     : Explicit concurrent mark sweep GC freed 1444(80KB) AllocSpace objects, 1(20KB) LOS objects, 38% free, 25MB/41MB, paused 403us total 45.966ms
08-06 05:35:35.544 12059 12278 I art     : Starting a blocking GC Explicit
08-06 05:35:35.575 12059 12278 I art     : Explicit concurrent mark sweep GC freed 21(768B) AllocSpace objects, 0(0B) LOS objects, 38% free, 25MB/41MB, paused 304us total 30.292ms
08-06 05:35:35.586 12059 12278 I art     : Starting a blocking GC Explicit
08-06 05:35:35.615 12059 12278 I art     : Explicit concurrent mark sweep GC freed 3(96B) AllocSpace objects, 0(0B) LOS objects, 38% free, 25MB/41MB, paused 311us total 29.216ms
08-06 05:35:35.626 12059 12278 I art     : Starting a blocking GC Explicit
08-06 05:35:35.656 12059 12278 I art     : Explicit concurrent mark sweep GC freed 3(96B) AllocSpace objects, 0(0B) LOS objects, 38% free, 25MB/41MB, paused 311us total 29.509ms
08-06 05:35:35.668 12059 12278 I art     : Starting a blocking GC Explicit
08-06 05:35:35.698 12059 12278 I art     : Explicit concurrent mark sweep GC freed 3(96B) AllocSpace objects, 0(0B) LOS objects, 38% free, 25MB/41MB, paused 310us total 29.658ms
08-06 05:35:36.027   918  3261 D WifiStateMachine: starting scan for "H369AA63323"WPA_PSK with 2412,5180
08-06 05:35:36.050 12059 12278 I art     : Starting a blocking GC Explicit
08-06 05:35:36.084 12059 12278 I art     : Explicit concurrent mark sweep GC freed 1322(76KB) AllocSpace objects, 1(20KB) LOS objects, 38% free, 25MB/41MB, paused 288us total 34.461ms
08-06 05:35:36.098 12059 12278 I art     : Starting a blocking GC Explicit
08-06 05:35:36.130 12059 12278 I art     : Explicit concurrent mark sweep GC freed 19(688B) AllocSpace objects, 0(0B) LOS objects, 38% free, 25MB/41MB, paused 290us total 30.997ms
08-06 05:35:36.141 12059 12278 I art     : Starting a blocking GC Explicit
08-06 05:35:36.170 12059 12278 I art     : Explicit concurrent mark sweep GC freed 3(96B) AllocSpace objects, 0(0B) LOS objects, 38% free, 25MB/41MB, paused 307us total 28.886ms
08-06 05:35:36.181 12059 12278 I art     : Starting a blocking GC Explicit
08-06 05:35:36.211 12059 12278 I art     : Explicit concurrent mark sweep GC freed 3(96B) AllocSpace objects, 0(0B) LOS objects, 38% free, 25MB/41MB, paused 320us total 29.065ms
08-06 05:35:36.222 12059 12278 I art     : Starting a blocking GC Explicit
08-06 05:35:36.252 12059 12278 I art     : Explicit concurrent mark sweep GC freed 3(96B) AllocSpace objects, 0(0B) LOS objects, 38% free, 25MB/41MB, paused 289us total 29.882ms
08-06 05:35:36.578 12059 12072 I art     : Starting a blocking GC Explicit
08-06 05:35:36.616 12059 12072 I art     : Explicit concurrent mark sweep GC freed 1293(75KB) AllocSpace objects, 1(20KB) LOS objects, 38% free, 25MB/41MB, paused 349us total 37.826ms
08-06 05:35:36.630 12059 12072 I art     : Starting a blocking GC Explicit
08-06 05:35:36.660 12059 12072 I art     : Explicit concurrent mark sweep GC freed 18(624B) AllocSpace objects, 0(0B) LOS objects, 38% free, 25MB/41MB, paused 312us total 30.375ms
08-06 05:35:36.672 12059 12072 I art     : Starting a blocking GC Explicit
08-06 05:35:36.702 12059 12072 I art     : Explicit concurrent mark sweep GC freed 3(96B) AllocSpace objects, 0(0B) LOS objects, 38% free, 25MB/41MB, paused 313us total 30.236ms
08-06 05:35:36.714 12059 12072 I art     : Starting a blocking GC Explicit
08-06 05:35:36.744 12059 12072 I art     : Explicit concurrent mark sweep GC freed 3(96B) AllocSpace objects, 0(0B) LOS objects, 38% free, 25MB/41MB, paused 309us total 29.940ms
08-06 05:35:36.756 12059 12072 I art     : Starting a blocking GC Explicit
08-06 05:35:36.786 12059 12072 I art     : Explicit concurrent mark sweep GC freed 3(96B) AllocSpace objects, 0(0B) LOS objects, 38% free, 25MB/41MB, paused 306us total 29.742ms
08-06 05:35:36.905 14692 14692 I Finsky  : [1] xow.onStartJob(3): SCH: onJobSchedulerWakeup with jobId 9011
08-06 05:35:36.916 14692 14692 I Finsky  : [1] xjw.a(9): Scheduling fallback in 43199997 (absolute: 1881940787)
08-06 05:35:36.920 14692 14692 I Finsky  : [1] xjw.a(9): Scheduling fallback in 64799997 (absolute: 1903540791)
08-06 05:35:36.928 14692 14692 I Finsky  : [1] xow.onStartJob(3): SCH: onJobSchedulerWakeup with jobId 9016
08-06 05:35:36.937 14692 14692 I Finsky  : [1] xjw.a(9): Scheduling fallback in 43199997 (absolute: 1881940809)
08-06 05:35:36.941 14692 14692 I Finsky  : [1] xjw.a(9): Scheduling fallback in 64799998 (absolute: 1903540813)
08-06 05:35:36.945 14692 14692 W Finsky  : [1] xow.onStartJob(9): SCH: onJobSchedulerWakeup while already running
08-06 05:35:37.055 14692 14692 I Finsky  : [1] xkf.handleMessage(8): SCH: DeviceState: DeviceState{currentTime=1596684937051, isCharging=false, isIdle=false, netAny=true, netNotRoaming=true, netUnmetered=true, batteryPercent=100.0}
08-06 05:35:37.061 14692 12022 I Finsky  : [6400] xmu.a(8): SCH: Jobs in database: 1-1337 3-221 3-222 12-1 24-77777777 26-1414141414 
08-06 05:35:37.064 14692 14692 I Finsky  : [1] xkg.a(16): SCH: Running job: 12-1
08-06 05:35:37.064 14692 14692 I Finsky  : [1] ContentSyncJob.a(16): [ContentSync] job started
08-06 05:35:37.065 14692 14692 I Finsky  : [1] xkf.handleMessage(61): SCH: RunningQueue size: 1, PendingQueue size: 0
08-06 05:35:37.065 14692 14692 I Finsky  : [1] xkf.handleMessage(64): SCH: Running queue: 12-1 
08-06 05:35:37.099 12059 12085 I art     : Starting a blocking GC Explicit
08-06 05:35:37.129 12059 12085 I art     : Explicit concurrent mark sweep GC freed 1293(75KB) AllocSpace objects, 1(20KB) LOS objects, 38% free, 25MB/41MB, paused 292us total 29.119ms
08-06 05:35:37.135 14692 12049 I Finsky  : [6405] dzn.a(22): Completed 0 account content syncs with 0 successful.
08-06 05:35:37.136 14692 14692 I Finsky  : [1] ContentSyncJob.a(1): [ContentSync] Installation state replication succeeded.
08-06 05:35:37.137 14692 14692 I Finsky  : [1] xlr.a(13): SCH: jobFinished: 12-1. TimeElapsed: 73ms.
08-06 05:35:37.137 14692 14692 I Finsky  : [1] xkg.a(36): SCH: Job 12-1 finished. Not rescheduling.
08-06 05:35:37.138 14692 14692 I Finsky  : [1] xkf.handleMessage(61): SCH: RunningQueue size: 0, PendingQueue size: 0
08-06 05:35:37.138 14692 14692 I Finsky  : [1] xkf.handleMessage(25): Executor finished
08-06 05:35:37.140 12059 12085 I art     : Starting a blocking GC Explicit
08-06 05:35:37.155 14692 14692 I Finsky  : [1] xmu.a(8): SCH: Jobs in database: 1-1337 3-221 3-222 24-77777777 26-1414141414 
08-06 05:35:37.157 14692 14692 I Finsky  : [1] xio.a(57): SCH: ConstraintMapping: 24-77777777,  -> L: 0ms, D: 56073770ms, C: false, I: true, N: 0
08-06 05:35:37.157 14692 14692 I Finsky  : [1] xio.a(57): SCH: ConstraintMapping: 1-1337,  -> L: 16215762ms, D: 59415762ms, C: false, I: false, N: 1
08-06 05:35:37.157 14692 14692 I Finsky  : [1] xio.a(57): SCH: ConstraintMapping: 3-221,  -> L: 0ms, D: 77552270ms, C: false, I: true, N: 2
08-06 05:35:37.158 14692 14692 I Finsky  : [1] xio.a(57): SCH: ConstraintMapping: 3-222,  -> L: 0ms, D: 77552343ms, C: true, I: true, N: 2
08-06 05:35:37.158 14692 14692 I Finsky  : [1] xio.a(57): SCH: ConstraintMapping: 26-1414141414,  -> L: 20863663ms, D: 21763663ms, C: false, I: false, N: 0
08-06 05:35:37.167 12059 12085 I art     : Explicit concurrent mark sweep GC freed 18(624B) AllocSpace objects, 0(0B) LOS objects, 38% free, 25MB/41MB, paused 277us total 26.502ms
08-06 05:35:37.169 14692 14692 I Finsky  : [1] xle.a(34): Cancelling existing jobscheduler jobs: 9015 9018 9019 9013 9014 9012 9001 9017 
08-06 05:35:37.169 14692 14692 I Finsky  : [1] xle.a(10): Throttling wakeup for job 9000 (expected to run in 0 ms) due to recent wakeup
08-06 05:35:37.170 14692 14692 I Finsky  : [1] xle.a(27): Scheduling job Id: 9000, L: 30000, D: 56073770, C: false, I: true, N: 0
08-06 05:35:37.171 14692 14692 I Finsky  : [1] xle.a(27): Scheduling job Id: 9002, L: 16215762, D: 59415762, C: false, I: false, N: 1
08-06 05:35:37.173 14692 14692 I Finsky  : [1] xle.a(10): Throttling wakeup for job 9003 (expected to run in 0 ms) due to recent wakeup
08-06 05:35:37.173 14692 14692 I Finsky  : [1] xle.a(27): Scheduling job Id: 9003, L: 30000, D: 77552270, C: false, I: true, N: 2
08-06 05:35:37.174 14692 14692 I Finsky  : [1] xle.a(10): Throttling wakeup for job 9004 (expected to run in 0 ms) due to recent wakeup
08-06 05:35:37.174 14692 14692 I Finsky  : [1] xle.a(27): Scheduling job Id: 9004, L: 30000, D: 77552343, C: true, I: true, N: 2
08-06 05:35:37.176 14692 14692 I Finsky  : [1] xle.a(27): Scheduling job Id: 9005, L: 20863663, D: 21763663, C: false, I: false, N: 0
08-06 05:35:37.177 12059 12085 I art     : Starting a blocking GC Explicit
08-06 05:35:37.177 14692 14692 I Finsky  : [1] xle.a(10): Throttling wakeup for job 9006 (expected to run in 0 ms) due to recent wakeup
08-06 05:35:37.177 14692 14692 I Finsky  : [1] xle.a(27): Scheduling job Id: 9006, L: 30000, D: 56073770, C: false, I: true, N: 0
08-06 05:35:37.179 14692 14692 I Finsky  : [1] xle.a(27): Scheduling job Id: 9007, L: 16215762, D: 59415762, C: false, I: false, N: 1
08-06 05:35:37.180 14692 14692 I Finsky  : [1] xle.a(10): Throttling wakeup for job 9008 (expected to run in 0 ms) due to recent wakeup
08-06 05:35:37.180 14692 14692 I Finsky  : [1] xle.a(27): Scheduling job Id: 9008, L: 30000, D: 77552270, C: false, I: true, N: 2
08-06 05:35:37.181 14692 14692 I Finsky  : [1] xle.a(10): Throttling wakeup for job 9009 (expected to run in 0 ms) due to recent wakeup
08-06 05:35:37.182 14692 14692 I Finsky  : [1] xle.a(27): Scheduling job Id: 9009, L: 30000, D: 77552343, C: true, I: true, N: 2
08-06 05:35:37.183 14692 14692 I Finsky  : [1] xle.a(27): Scheduling job Id: 9010, L: 20863663, D: 21763663, C: false, I: false, N: 0
08-06 05:35:37.204 12059 12085 I art     : Explicit concurrent mark sweep GC freed 3(96B) AllocSpace objects, 0(0B) LOS objects, 38% free, 25MB/41MB, paused 304us total 26.591ms
08-06 05:35:37.215 12059 12085 I art     : Starting a blocking GC Explicit
08-06 05:35:37.242 12059 12085 I art     : Explicit concurrent mark sweep GC freed 3(96B) AllocSpace objects, 0(0B) LOS objects, 38% free, 25MB/41MB, paused 319us total 26.890ms
08-06 05:35:37.253 12059 12085 I art     : Starting a blocking GC Explicit
08-06 05:35:37.280 12059 12085 I art     : Explicit concurrent mark sweep GC freed 16(832B) AllocSpace objects, 0(0B) LOS objects, 38% free, 25MB/41MB, paused 297us total 27.237ms
08-06 05:35:37.600 12059 12085 I art     : Starting a blocking GC Explicit
08-06 05:35:37.613 12614 12614 D AndroidRuntime: >>>>>> START com.android.internal.os.RuntimeInit uid 2000 <<<<<<
08-06 05:35:37.618 12614 12614 D AndroidRuntime: CheckJNI is OFF
08-06 05:35:37.629 12059 12085 I art     : Explicit concurrent mark sweep GC freed 1383(79KB) AllocSpace objects, 1(20KB) LOS objects, 38% free, 25MB/41MB, paused 320us total 27.939ms
08-06 05:35:37.639 12059 12085 I art     : Starting a blocking GC Explicit
08-06 05:35:37.655 12614 12614 D ICU     : No timezone override file found: /data/misc/zoneinfo/current/icu/icu_tzdata.dat
08-06 05:35:37.669 12059 12085 I art     : Explicit concurrent mark sweep GC freed 165(10KB) AllocSpace objects, 0(0B) LOS objects, 38% free, 25MB/41MB, paused 298us total 28.979ms
08-06 05:35:37.679 12059 12085 I art     : Starting a blocking GC Explicit
08-06 05:35:37.691 12614 12614 I Radio-JNI: register_android_hardware_Radio DONE
08-06 05:35:37.708 12059 12085 I art     : Explicit concurrent mark sweep GC freed 3(96B) AllocSpace objects, 0(0B) LOS objects, 38% free, 25MB/41MB, paused 338us total 27.933ms
08-06 05:35:37.713 12614 12614 D AndroidRuntime: Calling main entry com.android.commands.input.Input
08-06 05:35:37.714 12614 12614 I Input   : injectMotionEvent: MotionEvent { action=ACTION_DOWN, actionButton=0, id[0]=0, x[0]=1215.0, y[0]=1450.0, toolType[0]=TOOL_TYPE_UNKNOWN, buttonState=0, metaState=0, flags=0x0, edgeFlags=0x0, pointerCount=1, historySize=0, eventTime=855354127, downTime=855354127, deviceId=0, source=0x1002 }
08-06 05:35:37.718 12059 12085 I art     : Starting a blocking GC Explicit
08-06 05:35:37.721 12614 12614 I Input   : injectMotionEvent: MotionEvent { action=ACTION_UP, actionButton=0, id[0]=0, x[0]=1215.0, y[0]=1450.0, toolType[0]=TOOL_TYPE_UNKNOWN, buttonState=0, metaState=0, flags=0x0, edgeFlags=0x0, pointerCount=1, historySize=0, eventTime=855354127, downTime=855354127, deviceId=0, source=0x1002 }
08-06 05:35:37.722 12614 12614 D AndroidRuntime: Shutting down VM
08-06 05:35:37.732   512  2967 D audio_hw_primary: out_set_parameters: enter: usecase(1: low-latency-playback) kvpairs: routing=2
08-06 05:35:37.745   512  2967 D audio_hw_primary: select_devices: out_snd_device(2: speaker) in_snd_device(0: none)
08-06 05:35:37.745   512  2967 D msm8974_platform: platform_send_audio_calibration: sending audio calibration for snd_device(2) acdb_id(15)
08-06 05:35:37.745   512  2967 I soundtrigger: audio_extn_sound_trigger_update_device_status: device 0x2 of type 0 for Event 1
08-06 05:35:37.748 12059 12085 I art     : Explicit concurrent mark sweep GC freed 120(7KB) AllocSpace objects, 0(0B) LOS objects, 38% free, 25MB/41MB, paused 482us total 29.496ms
08-06 05:35:37.758   512  2967 D audio_hw_primary: enable_snd_device: snd_device(2: speaker)
08-06 05:35:37.760   512  2967 D audio_hw_primary: enable_audio_route: apply and update mixer path: low-latency-playback speaker
08-06 05:35:37.760 12059 12085 I art     : Starting a blocking GC Explicit
08-06 05:35:37.786 12059 12085 I art     : Explicit concurrent mark sweep GC freed 272(26KB) AllocSpace objects, 0(0B) LOS objects, 38% free, 25MB/41MB, paused 316us total 25.986ms
08-06 05:35:38.063 12059 12072 I art     : Starting a blocking GC Explicit
08-06 05:35:38.097 12059 12072 I art     : Explicit concurrent mark sweep GC freed 1521(89KB) AllocSpace objects, 1(20KB) LOS objects, 38% free, 25MB/41MB, paused 466us total 33.253ms
08-06 05:35:38.110 12059 12072 I art     : Starting a blocking GC Explicit
08-06 05:35:38.139 12059 12072 I art     : Explicit concurrent mark sweep GC freed 846(61KB) AllocSpace objects, 1(40KB) LOS objects, 38% free, 25MB/41MB, paused 303us total 28.343ms
08-06 05:35:38.150 12059 12072 I art     : Starting a blocking GC Explicit
08-06 05:35:38.178 12059 12072 I art     : Explicit concurrent mark sweep GC freed 3(96B) AllocSpace objects, 0(0B) LOS objects, 38% free, 25MB/41MB, paused 303us total 28.025ms
08-06 05:35:38.189 12059 12072 I art     : Starting a blocking GC Explicit
08-06 05:35:38.219 12059 12072 I art     : Explicit concurrent mark sweep GC freed 3(96B) AllocSpace objects, 0(0B) LOS objects, 38% free, 25MB/41MB, paused 308us total 29.208ms
08-06 05:35:38.230 12059 12072 I art     : Starting a blocking GC Explicit
08-06 05:35:38.259 12059 12072 I art     : Explicit concurrent mark sweep GC freed 3(96B) AllocSpace objects, 0(0B) LOS objects, 38% free, 25MB/41MB, paused 317us total 29.175ms
08-06 05:35:38.319   512  2967 D audio_hw_primary: disable_audio_route: reset and update mixer path: low-latency-playback speaker
08-06 05:35:38.320   512  2967 D audio_hw_primary: disable_snd_device: snd_device(2: speaker)
08-06 05:35:38.327   512  2967 I soundtrigger: audio_extn_sound_trigger_update_device_status: device 0x2 of type 0 for Event 0
08-06 05:35:38.557 12059 12085 I art     : Starting a blocking GC Explicit
08-06 05:35:38.600 12059 12085 I art     : Explicit concurrent mark sweep GC freed 1293(75KB) AllocSpace objects, 1(20KB) LOS objects, 38% free, 25MB/41MB, paused 506us total 43.174ms
08-06 05:35:38.613 12059 12085 I art     : Starting a blocking GC Explicit
08-06 05:35:38.644 12059 12085 I art     : Explicit concurrent mark sweep GC freed 20(704B) AllocSpace objects, 0(0B) LOS objects, 38% free, 25MB/41MB, paused 324us total 30.636ms
08-06 05:35:38.655 12059 12085 I art     : Starting a blocking GC Explicit
08-06 05:35:38.685 12059 12085 I art     : Explicit concurrent mark sweep GC freed 3(96B) AllocSpace objects, 0(0B) LOS objects, 38% free, 25MB/41MB, paused 320us total 29.708ms
08-06 05:35:38.697 12059 12085 I art     : Starting a blocking GC Explicit
08-06 05:35:38.727 12059 12085 I art     : Explicit concurrent mark sweep GC freed 3(96B) AllocSpace objects, 0(0B) LOS objects, 38% free, 25MB/41MB, paused 325us total 29.612ms
08-06 05:35:38.739 12059 12085 I art     : Starting a blocking GC Explicit
08-06 05:35:38.768 12059 12085 I art     : Explicit concurrent mark sweep GC freed 3(96B) AllocSpace objects, 0(0B) LOS objects, 38% free, 25MB/41MB, paused 312us total 28.853ms
08-06 05:35:39.059 12059 12071 I art     : Starting a blocking GC Explicit
08-06 05:35:39.089 12059 12071 I art     : Explicit concurrent mark sweep GC freed 1293(75KB) AllocSpace objects, 1(20KB) LOS objects, 38% free, 25MB/41MB, paused 322us total 29.824ms
08-06 05:35:39.100 12059 12071 I art     : Starting a blocking GC Explicit
08-06 05:35:39.130 12059 12071 I art     : Explicit concurrent mark sweep GC freed 18(624B) AllocSpace objects, 0(0B) LOS objects, 38% free, 25MB/41MB, paused 317us total 29.318ms
08-06 05:35:39.141 12059 12071 I art     : Starting a blocking GC Explicit
08-06 05:35:39.169 12059 12071 I art     : Explicit concurrent mark sweep GC freed 3(96B) AllocSpace objects, 0(0B) LOS objects, 38% free, 25MB/41MB, paused 315us total 28.072ms
08-06 05:35:39.180 12059 12071 I art     : Starting a blocking GC Explicit
08-06 05:35:39.209 12059 12071 I art     : Explicit concurrent mark sweep GC freed 3(96B) AllocSpace objects, 0(0B) LOS objects, 38% free, 25MB/41MB, paused 323us total 28.241ms
08-06 05:35:39.220 12059 12071 I art     : Starting a blocking GC Explicit
08-06 05:35:39.248 12059 12071 I art     : Explicit concurrent mark sweep GC freed 3(96B) AllocSpace objects, 0(0B) LOS objects, 38% free, 25MB/41MB, paused 317us total 28.296ms
08-06 05:35:39.396 12665 12665 D AndroidRuntime: >>>>>> START com.android.internal.os.RuntimeInit uid 2000 <<<<<<
08-06 05:35:39.402 12665 12665 D AndroidRuntime: CheckJNI is OFF
08-06 05:35:39.435 12665 12665 D ICU     : No timezone override file found: /data/misc/zoneinfo/current/icu/icu_tzdata.dat
08-06 05:35:39.468 12665 12665 I Radio-JNI: register_android_hardware_Radio DONE
08-06 05:35:39.489 12665 12665 D AndroidRuntime: Calling main entry com.android.commands.input.Input
08-06 05:35:39.492 12665 12665 I Input   : injectMotionEvent: MotionEvent { action=ACTION_DOWN, actionButton=0, id[0]=0, x[0]=1215.0, y[0]=1482.0, toolType[0]=TOOL_TYPE_UNKNOWN, buttonState=0, metaState=0, flags=0x0, edgeFlags=0x0, pointerCount=1, historySize=0, eventTime=855355904, downTime=855355904, deviceId=0, source=0x1002 }
08-06 05:35:39.501 12665 12665 I Input   : injectMotionEvent: MotionEvent { action=ACTION_UP, actionButton=0, id[0]=0, x[0]=1215.0, y[0]=1482.0, toolType[0]=TOOL_TYPE_UNKNOWN, buttonState=0, metaState=0, flags=0x0, edgeFlags=0x0, pointerCount=1, historySize=0, eventTime=855355904, downTime=855355904, deviceId=0, source=0x1002 }
08-06 05:35:39.503 12665 12665 D AndroidRuntime: Shutting down VM
08-06 05:35:39.518   512  2967 D audio_hw_primary: out_set_parameters: enter: usecase(1: low-latency-playback) kvpairs: routing=2
08-06 05:35:39.532   512  2967 D audio_hw_primary: select_devices: out_snd_device(2: speaker) in_snd_device(0: none)
08-06 05:35:39.532   512  2967 D msm8974_platform: platform_send_audio_calibration: sending audio calibration for snd_device(2) acdb_id(15)
08-06 05:35:39.532   512  2967 I soundtrigger: audio_extn_sound_trigger_update_device_status: device 0x2 of type 0 for Event 1
08-06 05:35:39.532 12059 12059 I SettingsManager: Setting boolean: completedTutorial
08-06 05:35:39.540   918  6029 W BackupManagerService: dataChanged but no participant pkg='baseline.com.ak.uobtimetable' uid=10710
08-06 05:35:39.540 12059 12278 I art     : Starting a blocking GC Explicit
08-06 05:35:39.543   512  2967 D audio_hw_primary: enable_snd_device: snd_device(2: speaker)
08-06 05:35:39.545   512  2967 D audio_hw_primary: enable_audio_route: apply and update mixer path: low-latency-playback speaker
08-06 05:35:39.569 12059 12278 I art     : Explicit concurrent mark sweep GC freed 1649(106KB) AllocSpace objects, 2(40KB) LOS objects, 38% free, 25MB/41MB, paused 328us total 29.402ms
08-06 05:35:39.573 12059 12079 D OpenGLRenderer: endAllStagingAnimators on 0x7f81212400 (RippleDrawable) with handle 0x7f80b024e0
08-06 05:35:39.578   918  3670 W InputMethodManagerService: Window already focused, ignoring focus gain of: com.android.internal.view.IInputMethodClient$Stub$Proxy@5134af6 attribute=null, token = android.os.BinderProxy@db7906c
08-06 05:35:39.581 12059 12278 I art     : Starting a blocking GC Explicit
08-06 05:35:39.608 12059 12278 I art     : Explicit concurrent mark sweep GC freed 102(3KB) AllocSpace objects, 0(0B) LOS objects, 38% free, 25MB/41MB, paused 294us total 27.146ms
08-06 05:35:39.619 12059 12278 I art     : Starting a blocking GC Explicit
08-06 05:35:39.645 12059 12278 I art     : Explicit concurrent mark sweep GC freed 1016(69KB) AllocSpace objects, 1(40KB) LOS objects, 38% free, 25MB/41MB, paused 303us total 26.226ms
08-06 05:35:39.656 12059 12278 I art     : Starting a blocking GC Explicit
08-06 05:35:39.687 12059 12278 I art     : Explicit concurrent mark sweep GC freed 3(96B) AllocSpace objects, 0(0B) LOS objects, 38% free, 25MB/41MB, paused 364us total 30.608ms
08-06 05:35:39.699 12059 12278 I art     : Starting a blocking GC Explicit
08-06 05:35:39.732 12059 12278 I art     : Explicit concurrent mark sweep GC freed 3(96B) AllocSpace objects, 0(0B) LOS objects, 38% free, 25MB/41MB, paused 287us total 32.242ms
08-06 05:35:40.005 12059 12071 I art     : Starting a blocking GC Explicit
08-06 05:35:40.040 12059 12071 I art     : Explicit concurrent mark sweep GC freed 1293(75KB) AllocSpace objects, 1(20KB) LOS objects, 38% free, 25MB/41MB, paused 350us total 35.068ms
08-06 05:35:40.055 12059 12071 I art     : Starting a blocking GC Explicit
08-06 05:35:40.085 12059 12071 I art     : Explicit concurrent mark sweep GC freed 18(624B) AllocSpace objects, 0(0B) LOS objects, 38% free, 25MB/41MB, paused 320us total 29.820ms
08-06 05:35:40.096 12059 12071 I art     : Starting a blocking GC Explicit
08-06 05:35:40.099   512  2967 D audio_hw_primary: disable_audio_route: reset and update mixer path: low-latency-playback speaker
08-06 05:35:40.101   512  2967 D audio_hw_primary: disable_snd_device: snd_device(2: speaker)
08-06 05:35:40.110   512  2967 I soundtrigger: audio_extn_sound_trigger_update_device_status: device 0x2 of type 0 for Event 0
08-06 05:35:40.125 12059 12071 I art     : Explicit concurrent mark sweep GC freed 3(96B) AllocSpace objects, 0(0B) LOS objects, 38% free, 25MB/41MB, paused 298us total 28.807ms
08-06 05:35:40.137 12059 12071 I art     : Starting a blocking GC Explicit
08-06 05:35:40.165 12059 12071 I art     : Explicit concurrent mark sweep GC freed 3(96B) AllocSpace objects, 0(0B) LOS objects, 38% free, 25MB/41MB, paused 313us total 28.520ms
08-06 05:35:40.177 12059 12071 I art     : Starting a blocking GC Explicit
08-06 05:35:40.205 12059 12071 I art     : Explicit concurrent mark sweep GC freed 3(96B) AllocSpace objects, 0(0B) LOS objects, 38% free, 25MB/41MB, paused 318us total 28.379ms
08-06 05:35:40.497 12059 12085 I art     : Starting a blocking GC Explicit
08-06 05:35:40.538 12059 12085 I art     : Explicit concurrent mark sweep GC freed 1293(75KB) AllocSpace objects, 1(20KB) LOS objects, 38% free, 25MB/41MB, paused 335us total 39.880ms
08-06 05:35:40.538 12059 12070 I art     : WaitForGcToComplete blocked for 10.425ms for cause HeapTrim
08-06 05:35:40.552 12059 12085 I art     : Starting a blocking GC Explicit
08-06 05:35:40.582 12059 12085 I art     : Explicit concurrent mark sweep GC freed 18(624B) AllocSpace objects, 0(0B) LOS objects, 38% free, 25MB/41MB, paused 313us total 29.970ms
08-06 05:35:40.594 12059 12085 I art     : Starting a blocking GC Explicit
08-06 05:35:40.625 12059 12085 I art     : Explicit concurrent mark sweep GC freed 3(96B) AllocSpace objects, 0(0B) LOS objects, 38% free, 25MB/41MB, paused 342us total 30.368ms
08-06 05:35:40.637 12059 12085 I art     : Starting a blocking GC Explicit
08-06 05:35:40.666 12059 12085 I art     : Explicit concurrent mark sweep GC freed 3(96B) AllocSpace objects, 0(0B) LOS objects, 38% free, 25MB/41MB, paused 313us total 28.373ms
08-06 05:35:40.677 12059 12085 I art     : Starting a blocking GC Explicit
08-06 05:35:40.706 12059 12085 I art     : Explicit concurrent mark sweep GC freed 3(96B) AllocSpace objects, 0(0B) LOS objects, 38% free, 25MB/41MB, paused 348us total 29.156ms
08-06 05:35:40.988 12059 12072 I art     : Starting a blocking GC Explicit
08-06 05:35:41.018 12059 12072 I art     : Explicit concurrent mark sweep GC freed 1293(75KB) AllocSpace objects, 1(20KB) LOS objects, 38% free, 25MB/41MB, paused 322us total 29.895ms
08-06 05:35:41.030 12059 12072 I art     : Starting a blocking GC Explicit
08-06 05:35:41.059 12059 12072 I art     : Explicit concurrent mark sweep GC freed 18(624B) AllocSpace objects, 0(0B) LOS objects, 38% free, 25MB/41MB, paused 326us total 29.184ms
08-06 05:35:41.071 12059 12072 I art     : Starting a blocking GC Explicit
08-06 05:35:41.100 12059 12072 I art     : Explicit concurrent mark sweep GC freed 3(96B) AllocSpace objects, 0(0B) LOS objects, 38% free, 25MB/41MB, paused 307us total 28.842ms
08-06 05:35:41.111 12059 12072 I art     : Starting a blocking GC Explicit
08-06 05:35:41.139 12059 12072 I art     : Explicit concurrent mark sweep GC freed 3(96B) AllocSpace objects, 0(0B) LOS objects, 38% free, 25MB/41MB, paused 316us total 27.929ms
08-06 05:35:41.150 12059 12072 I art     : Starting a blocking GC Explicit
08-06 05:35:41.153 12713 12713 D AndroidRuntime: >>>>>> START com.android.internal.os.RuntimeInit uid 2000 <<<<<<
08-06 05:35:41.158 12713 12713 D AndroidRuntime: CheckJNI is OFF
08-06 05:35:41.179 12059 12072 I art     : Explicit concurrent mark sweep GC freed 3(96B) AllocSpace objects, 0(0B) LOS objects, 38% free, 25MB/41MB, paused 323us total 28.095ms
08-06 05:35:41.197 12713 12713 D ICU     : No timezone override file found: /data/misc/zoneinfo/current/icu/icu_tzdata.dat
08-06 05:35:41.229 12713 12713 I Radio-JNI: register_android_hardware_Radio DONE
08-06 05:35:41.251 12713 12713 D AndroidRuntime: Calling main entry com.android.commands.input.Input
08-06 05:35:41.253 12713 12713 I Input   : injectMotionEvent: MotionEvent { action=ACTION_DOWN, actionButton=0, id[0]=0, x[0]=81.0, y[0]=176.0, toolType[0]=TOOL_TYPE_UNKNOWN, buttonState=0, metaState=0, flags=0x0, edgeFlags=0x0, pointerCount=1, historySize=0, eventTime=855357665, downTime=855357665, deviceId=0, source=0x1002 }
08-06 05:35:41.258 12713 12713 I Input   : injectMotionEvent: MotionEvent { action=ACTION_UP, actionButton=0, id[0]=0, x[0]=81.0, y[0]=176.0, toolType[0]=TOOL_TYPE_UNKNOWN, buttonState=0, metaState=0, flags=0x0, edgeFlags=0x0, pointerCount=1, historySize=0, eventTime=855357665, downTime=855357665, deviceId=0, source=0x1002 }
08-06 05:35:41.259 12713 12713 D AndroidRuntime: Shutting down VM
08-06 05:35:41.268   512  2967 D audio_hw_primary: out_set_parameters: enter: usecase(1: low-latency-playback) kvpairs: routing=2
08-06 05:35:41.280   512  2967 D audio_hw_primary: select_devices: out_snd_device(2: speaker) in_snd_device(0: none)
08-06 05:35:41.281   512  2967 D msm8974_platform: platform_send_audio_calibration: sending audio calibration for snd_device(2) acdb_id(15)
08-06 05:35:41.281   512  2967 I soundtrigger: audio_extn_sound_trigger_update_device_status: device 0x2 of type 0 for Event 1
08-06 05:35:41.295   512  2967 D audio_hw_primary: enable_snd_device: snd_device(2: speaker)
08-06 05:35:41.297   512  2967 D audio_hw_primary: enable_audio_route: apply and update mixer path: low-latency-playback speaker
08-06 05:35:41.322 13866 13866 I GoogleInputMethodServic: GoogleInputMethodService.onFinishInput():3138 
08-06 05:35:41.323 13866 13866 I GoogleInputMethodServic: GoogleInputMethodService.onStartInput():1808 
08-06 05:35:41.429 12059 12072 I art     : Starting a blocking GC Explicit
08-06 05:35:41.459 12059 12072 I art     : Explicit concurrent mark sweep GC freed 1713(96KB) AllocSpace objects, 1(20KB) LOS objects, 38% free, 25MB/41MB, paused 290us total 29.199ms
08-06 05:35:41.471 12059 12072 I art     : Starting a blocking GC Explicit
08-06 05:35:41.500 12059 12072 I art     : Explicit concurrent mark sweep GC freed 26(1056B) AllocSpace objects, 0(0B) LOS objects, 38% free, 25MB/41MB, paused 445us total 28.335ms
08-06 05:35:41.510 12059 12072 I art     : Starting a blocking GC Explicit
08-06 05:35:41.536 12059 12072 I art     : Explicit concurrent mark sweep GC freed 11(352B) AllocSpace objects, 0(0B) LOS objects, 38% free, 25MB/41MB, paused 272us total 25.516ms
08-06 05:35:41.546 12059 12072 I art     : Starting a blocking GC Explicit
08-06 05:35:41.572 12059 12072 I art     : Explicit concurrent mark sweep GC freed 3(96B) AllocSpace objects, 0(0B) LOS objects, 38% free, 25MB/41MB, paused 278us total 25.259ms
08-06 05:35:41.583 12059 12072 I art     : Starting a blocking GC Explicit
08-06 05:35:41.608 12059 12072 I art     : Explicit concurrent mark sweep GC freed 3(96B) AllocSpace objects, 0(0B) LOS objects, 38% free, 25MB/41MB, paused 341us total 25.267ms
08-06 05:35:41.838   512  2967 D audio_hw_primary: disable_audio_route: reset and update mixer path: low-latency-playback speaker
08-06 05:35:41.839   512  2967 D audio_hw_primary: disable_snd_device: snd_device(2: speaker)
08-06 05:35:41.847   512  2967 I soundtrigger: audio_extn_sound_trigger_update_device_status: device 0x2 of type 0 for Event 0
08-06 05:35:41.910 12059 12071 I art     : Starting a blocking GC Explicit
08-06 05:35:41.940 12059 12071 I art     : Explicit concurrent mark sweep GC freed 1296(75KB) AllocSpace objects, 1(20KB) LOS objects, 38% free, 25MB/41MB, paused 312us total 29.603ms
08-06 05:35:41.952 12059 12071 I art     : Starting a blocking GC Explicit
08-06 05:35:41.981 12059 12071 I art     : Explicit concurrent mark sweep GC freed 20(688B) AllocSpace objects, 0(0B) LOS objects, 38% free, 25MB/41MB, paused 311us total 29.062ms
08-06 05:35:41.993 12059 12071 I art     : Starting a blocking GC Explicit
08-06 05:35:42.021 12059 12071 I art     : Explicit concurrent mark sweep GC freed 5(160B) AllocSpace objects, 0(0B) LOS objects, 38% free, 25MB/41MB, paused 308us total 28.495ms
08-06 05:35:42.033 12059 12071 I art     : Starting a blocking GC Explicit
08-06 05:35:42.061 12059 12071 I art     : Explicit concurrent mark sweep GC freed 3(96B) AllocSpace objects, 0(0B) LOS objects, 38% free, 25MB/41MB, paused 312us total 28.570ms
08-06 05:35:42.073 12059 12071 I art     : Starting a blocking GC Explicit
08-06 05:35:42.102 12059 12071 I art     : Explicit concurrent mark sweep GC freed 3(96B) AllocSpace objects, 0(0B) LOS objects, 38% free, 25MB/41MB, paused 314us total 29.406ms
08-06 05:35:42.402 12059 12278 I art     : Starting a blocking GC Explicit
08-06 05:35:42.442 12059 12278 I art     : Explicit concurrent mark sweep GC freed 1293(75KB) AllocSpace objects, 1(20KB) LOS objects, 38% free, 25MB/41MB, paused 357us total 39.485ms
08-06 05:35:42.456 12059 12278 I art     : Starting a blocking GC Explicit
08-06 05:35:42.486 12059 12278 I art     : Explicit concurrent mark sweep GC freed 18(624B) AllocSpace objects, 0(0B) LOS objects, 38% free, 25MB/41MB, paused 304us total 29.698ms
08-06 05:35:42.498 12059 12278 I art     : Starting a blocking GC Explicit
08-06 05:35:42.525 12059 12278 I art     : Explicit concurrent mark sweep GC freed 3(96B) AllocSpace objects, 0(0B) LOS objects, 38% free, 25MB/41MB, paused 293us total 27.520ms
08-06 05:35:42.536 12059 12278 I art     : Starting a blocking GC Explicit
08-06 05:35:42.561 12059 12278 I art     : Explicit concurrent mark sweep GC freed 3(96B) AllocSpace objects, 0(0B) LOS objects, 38% free, 25MB/41MB, paused 305us total 25.614ms
08-06 05:35:42.572 12059 12278 I art     : Starting a blocking GC Explicit
08-06 05:35:42.600 12059 12278 I art     : Explicit concurrent mark sweep GC freed 3(96B) AllocSpace objects, 0(0B) LOS objects, 38% free, 25MB/41MB, paused 310us total 26.892ms
08-06 05:35:42.893 12059 12085 I art     : Starting a blocking GC Explicit
08-06 05:35:42.928 12767 12767 D AndroidRuntime: >>>>>> START com.android.internal.os.RuntimeInit uid 2000 <<<<<<
08-06 05:35:42.929 12059 12085 I art     : Explicit concurrent mark sweep GC freed 1295(75KB) AllocSpace objects, 1(20KB) LOS objects, 38% free, 25MB/41MB, paused 332us total 35.937ms
08-06 05:35:42.933 12767 12767 D AndroidRuntime: CheckJNI is OFF
08-06 05:35:42.940 12059 12085 I art     : Starting a blocking GC Explicit
08-06 05:35:42.966 12059 12085 I art     : Explicit concurrent mark sweep GC freed 23(784B) AllocSpace objects, 0(0B) LOS objects, 38% free, 25MB/41MB, paused 300us total 25.511ms
08-06 05:35:42.966 12767 12767 D ICU     : No timezone override file found: /data/misc/zoneinfo/current/icu/icu_tzdata.dat
08-06 05:35:42.978 12059 12085 I art     : Starting a blocking GC Explicit
08-06 05:35:42.998 12767 12767 I Radio-JNI: register_android_hardware_Radio DONE
08-06 05:35:43.003 12059 12085 I art     : Explicit concurrent mark sweep GC freed 8(256B) AllocSpace objects, 0(0B) LOS objects, 38% free, 25MB/41MB, paused 290us total 24.882ms
08-06 05:35:43.013 12059 12085 I art     : Starting a blocking GC Explicit
08-06 05:35:43.020 12767 12767 D AndroidRuntime: Calling main entry com.android.commands.input.Input
08-06 05:35:43.022 12767 12767 I Input   : injectMotionEvent: MotionEvent { action=ACTION_DOWN, actionButton=0, id[0]=0, x[0]=436.0, y[0]=1770.0, toolType[0]=TOOL_TYPE_UNKNOWN, buttonState=0, metaState=0, flags=0x0, edgeFlags=0x0, pointerCount=1, historySize=0, eventTime=855359435, downTime=855359435, deviceId=0, source=0x1002 }
08-06 05:35:43.026 12767 12767 I Input   : injectMotionEvent: MotionEvent { action=ACTION_UP, actionButton=0, id[0]=0, x[0]=436.0, y[0]=1770.0, toolType[0]=TOOL_TYPE_UNKNOWN, buttonState=0, metaState=0, flags=0x0, edgeFlags=0x0, pointerCount=1, historySize=0, eventTime=855359435, downTime=855359435, deviceId=0, source=0x1002 }
08-06 05:35:43.027 12767 12767 D AndroidRuntime: Shutting down VM
08-06 05:35:43.034 12059 12059 D MainActivity: NavigationItemSelected: Courses
08-06 05:35:43.035   918  3359 I ActivityManager: START u0 {cmp=baseline.com.ak.uobtimetable/.CourseListActivity} from uid 10710 on display 0
08-06 05:35:43.037   512  2967 D audio_hw_primary: out_set_parameters: enter: usecase(1: low-latency-playback) kvpairs: routing=2
08-06 05:35:43.040 12059 12085 I art     : Explicit concurrent mark sweep GC freed 29(1184B) AllocSpace objects, 0(0B) LOS objects, 38% free, 25MB/41MB, paused 416us total 26.686ms
08-06 05:35:43.050   512  2967 D audio_hw_primary: select_devices: out_snd_device(2: speaker) in_snd_device(0: none)
08-06 05:35:43.050   512  2967 D msm8974_platform: platform_send_audio_calibration: sending audio calibration for snd_device(2) acdb_id(15)
08-06 05:35:43.050   512  2967 I soundtrigger: audio_extn_sound_trigger_update_device_status: device 0x2 of type 0 for Event 1
08-06 05:35:43.050 12059 12085 I art     : Starting a blocking GC Explicit
08-06 05:35:43.059   512  2967 D audio_hw_primary: enable_snd_device: snd_device(2: speaker)
08-06 05:35:43.060 12059 12059 D MainActivity: OnPause
08-06 05:35:43.062   512  2967 D audio_hw_primary: enable_audio_route: apply and update mixer path: low-latency-playback speaker
08-06 05:35:43.079 12059 12085 I art     : Explicit concurrent mark sweep GC freed 689(33KB) AllocSpace objects, 0(0B) LOS objects, 38% free, 25MB/41MB, paused 658us total 27.909ms
08-06 05:35:43.091 12059 12059 D CourseListActivity: onCreate
08-06 05:35:43.093 12059 12790 D HTTP    : Request for: https://uob-timetable-api.adriankeenan.co.uk/courses
08-06 05:35:43.155 13866 13866 I GoogleInputMethodServic: GoogleInputMethodService.onFinishInput():3138 
08-06 05:35:43.155   918   936 I ActivityManager: Displayed baseline.com.ak.uobtimetable/.CourseListActivity: +95ms
08-06 05:35:43.156 13866 13866 I GoogleInputMethodServic: GoogleInputMethodService.onStartInput():1808 
08-06 05:35:43.317 12059 12790 I NAPPA_EXPERIMENTATION: MetricNetworkRequestExecutionTime: REQUEST_DURATION_SYSTEM='223',REQUEST_DURATION_OKHTTP='37',REQUEST_SYNCHRONOUS='TRUE',RESPONSE_CODE='200',RESPONSE_METHOD='GET',RESPONSE_LENGTH_OKHTTP='-1',RESPONSE_LENGTH_HEADER='-2',REQUEST_PROTOCOL='http/1.1',REQUEST_URL='https://uob-timetable-api.adriankeenan.co.uk/courses',
08-06 05:35:43.334 12059 12071 I art     : Starting a blocking GC Explicit
08-06 05:35:43.376 12059 12071 I art     : Explicit concurrent mark sweep GC freed 6134(345KB) AllocSpace objects, 4(220KB) LOS objects, 35% free, 28MB/44MB, paused 431us total 41.160ms
08-06 05:35:43.391 12059 12071 I art     : Starting a blocking GC Explicit
08-06 05:35:43.419 12059 12071 I art     : Explicit concurrent mark sweep GC freed 1328(135KB) AllocSpace objects, 0(0B) LOS objects, 33% free, 32MB/48MB, paused 519us total 27.823ms
08-06 05:35:43.430 12059 12071 I art     : Starting a blocking GC Explicit
08-06 05:35:43.456 12059 12071 I art     : Explicit concurrent mark sweep GC freed 35(1296B) AllocSpace objects, 0(0B) LOS objects, 31% free, 34MB/50MB, paused 345us total 25.945ms
08-06 05:35:43.466 12059 12071 I art     : Starting a blocking GC Explicit
08-06 05:35:43.493 12059 12071 I art     : Explicit concurrent mark sweep GC freed 285(1600KB) AllocSpace objects, 0(0B) LOS objects, 27% free, 42MB/58MB, paused 369us total 27.189ms
08-06 05:35:43.505 12059 12071 I art     : Starting a blocking GC Explicit
08-06 05:35:43.519 12059 12059 D MainActivity: Saving state
08-06 05:35:43.520 12059 12059 D MainActivity: Saving current fragment: SessionListsFragment
08-06 05:35:43.520 12059 12059 D MainActivity: Saving current index: 3
08-06 05:35:43.522 12059 12059 D SessionListsFragment: Saving state
08-06 05:35:43.535 12059 12071 I art     : Explicit concurrent mark sweep GC freed 1831(9MB) AllocSpace objects, 0(0B) LOS objects, 24% free, 48MB/64MB, paused 405us total 30.741ms
08-06 05:35:43.599   512  2967 D audio_hw_primary: disable_audio_route: reset and update mixer path: low-latency-playback speaker
08-06 05:35:43.600   512  2967 D audio_hw_primary: disable_snd_device: snd_device(2: speaker)
08-06 05:35:43.607   512  2967 I soundtrigger: audio_extn_sound_trigger_update_device_status: device 0x2 of type 0 for Event 0
08-06 05:35:43.693 12059 12790 I HTTP    : Response was compressed.
08-06 05:35:43.806 12059 12072 I art     : Starting a blocking GC Explicit
08-06 05:35:43.840 12059 12072 I art     : Explicit concurrent mark sweep GC freed 27829(1333KB) AllocSpace objects, 0(0B) LOS objects, 27% free, 41MB/57MB, paused 1.743ms total 33.533ms
08-06 05:35:43.852 12059 12072 I art     : Starting a blocking GC Explicit
08-06 05:35:43.884  8745  8745 I ServiceManager: Waiting for service AtCmdFwd...
08-06 05:35:43.885 12059 12072 I art     : Explicit concurrent mark sweep GC freed 21930(1034KB) AllocSpace objects, 0(0B) LOS objects, 27% free, 41MB/57MB, paused 587us total 33.190ms
08-06 05:35:43.896 12059 12072 I art     : Starting a blocking GC Explicit
08-06 05:35:43.928 12059 12072 I art     : Explicit concurrent mark sweep GC freed 20959(978KB) AllocSpace objects, 0(0B) LOS objects, 27% free, 41MB/57MB, paused 557us total 31.641ms
08-06 05:35:43.939 12059 12072 I art     : Starting a blocking GC Explicit
08-06 05:35:43.971 12059 12072 I art     : Explicit concurrent mark sweep GC freed 21945(1031KB) AllocSpace objects, 0(0B) LOS objects, 27% free, 41MB/57MB, paused 575us total 32.141ms
08-06 05:35:43.983 12059 12072 I art     : Starting a blocking GC Explicit
08-06 05:35:44.015 12059 12072 I art     : Explicit concurrent mark sweep GC freed 23621(1117KB) AllocSpace objects, 0(0B) LOS objects, 27% free, 42MB/58MB, paused 578us total 32.394ms
08-06 05:35:44.307 12059 12072 I art     : Starting a blocking GC Explicit
08-06 05:35:44.360 12059 12072 I art     : Explicit concurrent mark sweep GC freed 181151(8MB) AllocSpace objects, 1(20KB) LOS objects, 26% free, 43MB/59MB, paused 576us total 52.768ms
08-06 05:35:44.374 12059 12072 I art     : Starting a blocking GC Explicit
08-06 05:35:44.410 12059 12072 I art     : Explicit concurrent mark sweep GC freed 33256(1571KB) AllocSpace objects, 0(0B) LOS objects, 26% free, 43MB/59MB, paused 616us total 35.684ms
08-06 05:35:44.423 12059 12072 I art     : Starting a blocking GC Explicit
08-06 05:35:44.460 12059 12072 I art     : Explicit concurrent mark sweep GC freed 27923(1313KB) AllocSpace objects, 0(0B) LOS objects, 26% free, 43MB/59MB, paused 726us total 37.181ms
08-06 05:35:44.473 12059 12072 I art     : Starting a blocking GC Explicit
08-06 05:35:44.511 12059 12072 I art     : Explicit concurrent mark sweep GC freed 27572(1296KB) AllocSpace objects, 0(0B) LOS objects, 26% free, 43MB/59MB, paused 738us total 37.524ms
08-06 05:35:44.523 12059 12072 I art     : Starting a blocking GC Explicit
08-06 05:35:44.562 12059 12072 I art     : Explicit concurrent mark sweep GC freed 27592(1315KB) AllocSpace objects, 0(0B) LOS objects, 26% free, 44MB/60MB, paused 756us total 37.939ms
08-06 05:35:44.848 12059 12071 I art     : Starting a blocking GC Explicit
08-06 05:35:44.885  8745  8745 I ServiceManager: Waiting for service AtCmdFwd...
08-06 05:35:44.912 12059 12071 I art     : Explicit concurrent mark sweep GC freed 183968(8MB) AllocSpace objects, 1(20KB) LOS objects, 25% free, 45MB/61MB, paused 677us total 63.897ms
08-06 05:35:44.927 12059 12071 I art     : Starting a blocking GC Explicit
08-06 05:35:44.969 12059 12071 I art     : Explicit concurrent mark sweep GC freed 37123(1774KB) AllocSpace objects, 0(0B) LOS objects, 25% free, 45MB/61MB, paused 804us total 42.364ms
08-06 05:35:44.984 12059 12071 I art     : Starting a blocking GC Explicit
08-06 05:35:45.027 12059 12071 I art     : Explicit concurrent mark sweep GC freed 31633(1475KB) AllocSpace objects, 0(0B) LOS objects, 25% free, 46MB/62MB, paused 825us total 43.141ms
08-06 05:35:45.041 12059 12071 I art     : Starting a blocking GC Explicit
08-06 05:35:45.085 12059 12071 I art     : Explicit concurrent mark sweep GC freed 31380(1476KB) AllocSpace objects, 0(0B) LOS objects, 25% free, 46MB/62MB, paused 889us total 43.716ms
08-06 05:35:45.099 12059 12071 I art     : Starting a blocking GC Explicit
08-06 05:35:45.143 12059 12071 I art     : Explicit concurrent mark sweep GC freed 31670(1485KB) AllocSpace objects, 0(0B) LOS objects, 25% free, 46MB/62MB, paused 786us total 43.891ms
08-06 05:35:45.440 12059 12071 I art     : Starting a blocking GC Explicit
08-06 05:35:45.510 12059 12071 I art     : Explicit concurrent mark sweep GC freed 191445(8MB) AllocSpace objects, 1(20KB) LOS objects, 24% free, 48MB/64MB, paused 845us total 69.844ms
08-06 05:35:45.526 12059 12071 I art     : Starting a blocking GC Explicit
08-06 05:35:45.575 12059 12071 I art     : Explicit concurrent mark sweep GC freed 41693(2011KB) AllocSpace objects, 0(0B) LOS objects, 24% free, 48MB/64MB, paused 808us total 48.543ms
08-06 05:35:45.590 12059 12071 I art     : Starting a blocking GC Explicit
08-06 05:35:45.638 12059 12071 I art     : Explicit concurrent mark sweep GC freed 32048(1495KB) AllocSpace objects, 0(0B) LOS objects, 24% free, 48MB/64MB, paused 887us total 47.389ms
08-06 05:35:45.638 12059 12070 I art     : WaitForGcToComplete blocked for 47.618ms for cause HeapTrim
08-06 05:35:45.653 12059 12071 I art     : Starting a blocking GC Explicit
08-06 05:35:45.704 12059 12071 I art     : Explicit concurrent mark sweep GC freed 33739(1615KB) AllocSpace objects, 0(0B) LOS objects, 24% free, 48MB/64MB, paused 1.030ms total 50.137ms
08-06 05:35:45.719 12059 12071 I art     : Starting a blocking GC Explicit
08-06 05:35:45.770 12059 12071 I art     : Explicit concurrent mark sweep GC freed 34933(1639KB) AllocSpace objects, 0(0B) LOS objects, 24% free, 48MB/64MB, paused 975us total 50.317ms
08-06 05:35:45.885  8745  8745 I ServiceManager: Waiting for service AtCmdFwd...
08-06 05:35:46.074 12059 12072 I art     : Starting a blocking GC Explicit
08-06 05:35:46.146 12059 12072 I art     : Explicit concurrent mark sweep GC freed 190336(8MB) AllocSpace objects, 1(20KB) LOS objects, 24% free, 50MB/66MB, paused 990us total 71.876ms
08-06 05:35:46.163 12059 12072 I art     : Starting a blocking GC Explicit
08-06 05:35:46.217 12059 12072 I art     : Explicit concurrent mark sweep GC freed 43385(2032KB) AllocSpace objects, 0(0B) LOS objects, 24% free, 50MB/66MB, paused 1.026ms total 54.268ms
08-06 05:35:46.233 12059 12072 I art     : Starting a blocking GC Explicit
08-06 05:35:46.288 12059 12072 I art     : Explicit concurrent mark sweep GC freed 38050(1786KB) AllocSpace objects, 0(0B) LOS objects, 23% free, 50MB/66MB, paused 1.068ms total 54.505ms
08-06 05:35:46.305 12059 12072 I art     : Starting a blocking GC Explicit
08-06 05:35:46.361 12059 12072 I art     : Explicit concurrent mark sweep GC freed 37744(1785KB) AllocSpace objects, 0(0B) LOS objects, 23% free, 51MB/67MB, paused 1.276ms total 56.379ms
08-06 05:35:46.378 12059 12072 I art     : Starting a blocking GC Explicit
08-06 05:35:46.436 12059 12072 I art     : Explicit concurrent mark sweep GC freed 39130(1841KB) AllocSpace objects, 0(0B) LOS objects, 23% free, 51MB/67MB, paused 1.108ms total 57.756ms
08-06 05:35:46.496 12059 12790 I Service : getCourses response time: 0.69
08-06 05:35:46.506 12059 12059 I SettingsManager: Getting string: savedCourse
08-06 05:35:46.735 12059 12071 I art     : Starting a blocking GC Explicit
08-06 05:35:46.821 12059 12071 I art     : Explicit concurrent mark sweep GC freed 38090(1843KB) AllocSpace objects, 2(15MB) LOS objects, 30% free, 36MB/52MB, paused 364us total 85.655ms
08-06 05:35:46.840 12059 12071 I art     : Starting a blocking GC Explicit
08-06 05:35:46.886  8745  8745 I ServiceManager: Waiting for service AtCmdFwd...
08-06 05:35:46.898 12059 12071 I art     : Explicit concurrent mark sweep GC freed 747(66KB) AllocSpace objects, 0(0B) LOS objects, 30% free, 36MB/52MB, paused 350us total 58ms
08-06 05:35:46.916 12059 12071 I art     : Starting a blocking GC Explicit
08-06 05:35:46.974 12059 12071 I art     : Explicit concurrent mark sweep GC freed 3(96B) AllocSpace objects, 0(0B) LOS objects, 30% free, 36MB/52MB, paused 392us total 57.518ms
08-06 05:35:46.993 12059 12071 I art     : Starting a blocking GC Explicit
08-06 05:35:47.047 12059 12071 I art     : Explicit concurrent mark sweep GC freed 3(96B) AllocSpace objects, 0(0B) LOS objects, 30% free, 36MB/52MB, paused 401us total 53.442ms
08-06 05:35:47.066 12059 12071 I art     : Starting a blocking GC Explicit
08-06 05:35:47.119 12059 12071 I art     : Explicit concurrent mark sweep GC freed 3(96B) AllocSpace objects, 0(0B) LOS objects, 30% free, 36MB/52MB, paused 338us total 52.239ms
08-06 05:35:47.462 12059 12278 I art     : Starting a blocking GC Explicit
08-06 05:35:47.531 12059 12278 I art     : Explicit concurrent mark sweep GC freed 1293(75KB) AllocSpace objects, 1(20KB) LOS objects, 30% free, 36MB/52MB, paused 359us total 69.040ms
08-06 05:35:47.551 12059 12278 I art     : Starting a blocking GC Explicit
08-06 05:35:47.610 12059 12278 I art     : Explicit concurrent mark sweep GC freed 18(624B) AllocSpace objects, 0(0B) LOS objects, 30% free, 36MB/52MB, paused 348us total 58.784ms
08-06 05:35:47.628 12059 12278 I art     : Starting a blocking GC Explicit
08-06 05:35:47.687 12059 12278 I art     : Explicit concurrent mark sweep GC freed 3(96B) AllocSpace objects, 0(0B) LOS objects, 30% free, 36MB/52MB, paused 413us total 58.839ms
08-06 05:35:47.706 12059 12278 I art     : Starting a blocking GC Explicit
08-06 05:35:47.764 12059 12278 I art     : Explicit concurrent mark sweep GC freed 3(96B) AllocSpace objects, 0(0B) LOS objects, 30% free, 36MB/52MB, paused 355us total 57.025ms
08-06 05:35:47.782 12059 12278 I art     : Starting a blocking GC Explicit
08-06 05:35:47.839 12059 12278 I art     : Explicit concurrent mark sweep GC freed 3(96B) AllocSpace objects, 0(0B) LOS objects, 30% free, 36MB/52MB, paused 354us total 56.576ms
08-06 05:35:47.887  8745  8745 I ServiceManager: Waiting for service AtCmdFwd...
08-06 05:35:48.043   918  3188 I hubconnection: sensorhub said: 'set_bias 3: -6.1920, 0.0000, 0.0000'
08-06 05:35:48.169 12059 12072 I art     : Starting a blocking GC Explicit
08-06 05:35:48.229 12059 12072 I art     : Explicit concurrent mark sweep GC freed 1295(75KB) AllocSpace objects, 1(20KB) LOS objects, 30% free, 36MB/52MB, paused 350us total 59.930ms
08-06 05:35:48.247 12059 12072 I art     : Starting a blocking GC Explicit
08-06 05:35:48.305 12059 12072 I art     : Explicit concurrent mark sweep GC freed 18(624B) AllocSpace objects, 0(0B) LOS objects, 30% free, 36MB/52MB, paused 361us total 57.723ms
08-06 05:35:48.325 12059 12072 I art     : Starting a blocking GC Explicit
08-06 05:35:48.383 12059 12072 I art     : Explicit concurrent mark sweep GC freed 3(96B) AllocSpace objects, 0(0B) LOS objects, 30% free, 36MB/52MB, paused 371us total 58.146ms
08-06 05:35:48.402 12059 12072 I art     : Starting a blocking GC Explicit
08-06 05:35:48.461 12059 12072 I art     : Explicit concurrent mark sweep GC freed 3(96B) AllocSpace objects, 0(0B) LOS objects, 30% free, 36MB/52MB, paused 347us total 58.784ms
08-06 05:35:48.480 12059 12072 I art     : Starting a blocking GC Explicit
08-06 05:35:48.506   918  5132 I ActivityManager: Killing 17637:com.google.android.apps.gcs/u0a11 (adj 15): empty #17
08-06 05:35:48.536 12059 12072 I art     : Explicit concurrent mark sweep GC freed 15(480B) AllocSpace objects, 0(0B) LOS objects, 30% free, 36MB/52MB, paused 328us total 56.161ms
08-06 05:35:48.841 12059 12085 I art     : Starting a blocking GC Explicit
08-06 05:35:48.887  8745  8745 W Atfwd_Sendcmd: AtCmdFwd service not published, waiting... retryCnt : 3
08-06 05:35:48.907 12059 12085 I art     : Explicit concurrent mark sweep GC freed 1324(77KB) AllocSpace objects, 1(20KB) LOS objects, 30% free, 36MB/52MB, paused 368us total 65.347ms
08-06 05:35:48.927 12059 12085 I art     : Starting a blocking GC Explicit
08-06 05:35:48.984 12059 12085 I art     : Explicit concurrent mark sweep GC freed 24(848B) AllocSpace objects, 0(0B) LOS objects, 30% free, 36MB/52MB, paused 355us total 56.986ms
08-06 05:35:49.003 12059 12085 I art     : Starting a blocking GC Explicit
08-06 05:35:49.060 12059 12085 I art     : Explicit concurrent mark sweep GC freed 3(96B) AllocSpace objects, 0(0B) LOS objects, 30% free, 36MB/52MB, paused 363us total 56.941ms
08-06 05:35:49.080 12059 12085 I art     : Starting a blocking GC Explicit
08-06 05:35:49.136 12059 12085 I art     : Explicit concurrent mark sweep GC freed 3(96B) AllocSpace objects, 0(0B) LOS objects, 30% free, 36MB/52MB, paused 362us total 56.210ms
08-06 05:35:49.155 12059 12085 I art     : Starting a blocking GC Explicit
08-06 05:35:49.213 12059 12085 I art     : Explicit concurrent mark sweep GC freed 3(96B) AllocSpace objects, 0(0B) LOS objects, 30% free, 36MB/52MB, paused 349us total 58.221ms
08-06 05:35:49.503 12059 12071 I art     : Starting a blocking GC Explicit
08-06 05:35:49.568 12059 12071 I art     : Explicit concurrent mark sweep GC freed 1293(75KB) AllocSpace objects, 1(20KB) LOS objects, 30% free, 36MB/52MB, paused 367us total 65.250ms
08-06 05:35:49.587 12059 12071 I art     : Starting a blocking GC Explicit
08-06 05:35:49.640 12059 12071 I art     : Explicit concurrent mark sweep GC freed 18(624B) AllocSpace objects, 0(0B) LOS objects, 30% free, 36MB/52MB, paused 347us total 52.240ms
08-06 05:35:49.658 12059 12071 I art     : Starting a blocking GC Explicit
08-06 05:35:49.709 12059 12071 I art     : Explicit concurrent mark sweep GC freed 3(96B) AllocSpace objects, 0(0B) LOS objects, 30% free, 36MB/52MB, paused 355us total 50.351ms
08-06 05:35:49.727 12059 12071 I art     : Starting a blocking GC Explicit
08-06 05:35:49.729 12894 12894 D AndroidRuntime: >>>>>> START com.android.internal.os.RuntimeInit uid 2000 <<<<<<
08-06 05:35:49.734 12894 12894 D AndroidRuntime: CheckJNI is OFF
08-06 05:35:49.767 12894 12894 D ICU     : No timezone override file found: /data/misc/zoneinfo/current/icu/icu_tzdata.dat
08-06 05:35:49.780 12059 12071 I art     : Explicit concurrent mark sweep GC freed 3(96B) AllocSpace objects, 0(0B) LOS objects, 30% free, 36MB/52MB, paused 338us total 52.169ms
08-06 05:35:49.796 12059 12071 I art     : Starting a blocking GC Explicit
08-06 05:35:49.803 12894 12894 I Radio-JNI: register_android_hardware_Radio DONE
08-06 05:35:49.824 12894 12894 D AndroidRuntime: Calling main entry com.android.commands.input.Input
08-06 05:35:49.827 12894 12894 I Input   : injectMotionEvent: MotionEvent { action=ACTION_DOWN, actionButton=0, id[0]=0, x[0]=558.0, y[0]=368.0, toolType[0]=TOOL_TYPE_UNKNOWN, buttonState=0, metaState=0, flags=0x0, edgeFlags=0x0, pointerCount=1, historySize=0, eventTime=855366239, downTime=855366239, deviceId=0, source=0x1002 }
08-06 05:35:49.832 12894 12894 I Input   : injectMotionEvent: MotionEvent { action=ACTION_UP, actionButton=0, id[0]=0, x[0]=558.0, y[0]=368.0, toolType[0]=TOOL_TYPE_UNKNOWN, buttonState=0, metaState=0, flags=0x0, edgeFlags=0x0, pointerCount=1, historySize=0, eventTime=855366239, downTime=855366239, deviceId=0, source=0x1002 }
08-06 05:35:49.833 12894 12894 D AndroidRuntime: Shutting down VM
08-06 05:35:49.848 12059 12071 I art     : Explicit concurrent mark sweep GC freed 64(2544B) AllocSpace objects, 0(0B) LOS objects, 30% free, 36MB/52MB, paused 495us total 51.824ms
08-06 05:35:50.099   918   927 I art     : Background partial concurrent mark sweep GC freed 91725(10MB) AllocSpace objects, 137(2MB) LOS objects, 18% free, 69MB/85MB, paused 1.435ms total 196.223ms
08-06 05:35:50.123 12059 12085 I art     : Starting a blocking GC Explicit
08-06 05:35:50.174 12059 12085 I art     : Explicit concurrent mark sweep GC freed 2188(169KB) AllocSpace objects, 1(20KB) LOS objects, 30% free, 36MB/52MB, paused 326us total 50.693ms
08-06 05:35:50.192 12059 12085 I art     : Starting a blocking GC Explicit
08-06 05:35:50.246 12059 12085 I art     : Explicit concurrent mark sweep GC freed 382(17KB) AllocSpace objects, 0(0B) LOS objects, 30% free, 36MB/52MB, paused 307us total 53.502ms
08-06 05:35:50.263 12059 12085 I art     : Starting a blocking GC Explicit
08-06 05:35:50.313 12059 12085 I art     : Explicit concurrent mark sweep GC freed 24(1072B) AllocSpace objects, 0(0B) LOS objects, 30% free, 36MB/52MB, paused 309us total 50.468ms
08-06 05:35:50.331 12059 12085 I art     : Starting a blocking GC Explicit
08-06 05:35:50.381 12059 12085 I art     : Explicit concurrent mark sweep GC freed 15(480B) AllocSpace objects, 0(0B) LOS objects, 30% free, 36MB/52MB, paused 308us total 49.898ms
08-06 05:35:50.398 12059 12085 I art     : Starting a blocking GC Explicit
08-06 05:35:50.448 12059 12085 I art     : Explicit concurrent mark sweep GC freed 7(224B) AllocSpace objects, 0(0B) LOS objects, 30% free, 36MB/52MB, paused 317us total 49.877ms
08-06 05:35:50.741 12059 12072 I art     : Starting a blocking GC Explicit
08-06 05:35:50.814 12059 12072 I art     : Explicit concurrent mark sweep GC freed 1347(77KB) AllocSpace objects, 1(20KB) LOS objects, 30% free, 36MB/52MB, paused 372us total 72.553ms
08-06 05:35:50.833 12059 12072 I art     : Starting a blocking GC Explicit
08-06 05:35:50.893 12059 12072 I art     : Explicit concurrent mark sweep GC freed 18(624B) AllocSpace objects, 0(0B) LOS objects, 30% free, 36MB/52MB, paused 389us total 59.136ms
08-06 05:35:50.912 12059 12072 I art     : Starting a blocking GC Explicit
08-06 05:35:50.970 12059 12072 I art     : Explicit concurrent mark sweep GC freed 3(96B) AllocSpace objects, 0(0B) LOS objects, 30% free, 36MB/52MB, paused 340us total 57.538ms
08-06 05:35:50.990 12059 12072 I art     : Starting a blocking GC Explicit
08-06 05:35:51.049 12059 12072 I art     : Explicit concurrent mark sweep GC freed 3(96B) AllocSpace objects, 0(0B) LOS objects, 30% free, 36MB/52MB, paused 353us total 59.268ms
08-06 05:35:51.069 12059 12072 I art     : Starting a blocking GC Explicit
08-06 05:35:51.125 12059 12072 I art     : Explicit concurrent mark sweep GC freed 3(96B) AllocSpace objects, 0(0B) LOS objects, 30% free, 36MB/52MB, paused 339us total 56.201ms
08-06 05:35:51.420 12059 12085 I art     : Starting a blocking GC Explicit
08-06 05:35:51.483 12941 12941 D AndroidRuntime: >>>>>> START com.android.internal.os.RuntimeInit uid 2000 <<<<<<
08-06 05:35:51.487 12059 12085 I art     : Explicit concurrent mark sweep GC freed 1293(75KB) AllocSpace objects, 1(20KB) LOS objects, 30% free, 36MB/52MB, paused 365us total 66.719ms
08-06 05:35:51.488 12941 12941 D AndroidRuntime: CheckJNI is OFF
08-06 05:35:51.505 12059 12085 I art     : Starting a blocking GC Explicit
08-06 05:35:51.522 12941 12941 D ICU     : No timezone override file found: /data/misc/zoneinfo/current/icu/icu_tzdata.dat
08-06 05:35:51.555 12941 12941 I Radio-JNI: register_android_hardware_Radio DONE
08-06 05:35:51.556 12059 12085 I art     : Explicit concurrent mark sweep GC freed 23(784B) AllocSpace objects, 0(0B) LOS objects, 30% free, 36MB/52MB, paused 354us total 51.220ms
08-06 05:35:51.575 12059 12085 I art     : Starting a blocking GC Explicit
08-06 05:35:51.579 12941 12941 D AndroidRuntime: Calling main entry com.android.commands.input.Input
08-06 05:35:51.581 12941 12941 I Input   : injectMotionEvent: MotionEvent { action=ACTION_DOWN, actionButton=0, id[0]=0, x[0]=945.0, y[0]=1376.0, toolType[0]=TOOL_TYPE_UNKNOWN, buttonState=0, metaState=0, flags=0x0, edgeFlags=0x0, pointerCount=1, historySize=0, eventTime=855367994, downTime=855367994, deviceId=0, source=0x1002 }
08-06 05:35:51.586 12941 12941 I Input   : injectMotionEvent: MotionEvent { action=ACTION_UP, actionButton=0, id[0]=0, x[0]=945.0, y[0]=1376.0, toolType[0]=TOOL_TYPE_UNKNOWN, buttonState=0, metaState=0, flags=0x0, edgeFlags=0x0, pointerCount=1, historySize=0, eventTime=855367994, downTime=855367994, deviceId=0, source=0x1002 }
08-06 05:35:51.588 12941 12941 D AndroidRuntime: Shutting down VM
08-06 05:35:51.629 12059 12085 I art     : Explicit concurrent mark sweep GC freed 31(1104B) AllocSpace objects, 0(0B) LOS objects, 30% free, 36MB/52MB, paused 322us total 53.486ms
08-06 05:35:51.646 12059 12085 I art     : Starting a blocking GC Explicit
08-06 05:35:51.662   512  2967 D audio_hw_primary: out_set_parameters: enter: usecase(1: low-latency-playback) kvpairs: routing=2
08-06 05:35:51.675   512  2967 D audio_hw_primary: select_devices: out_snd_device(2: speaker) in_snd_device(0: none)
08-06 05:35:51.675   512  2967 D msm8974_platform: platform_send_audio_calibration: sending audio calibration for snd_device(2) acdb_id(15)
08-06 05:35:51.675   512  2967 I soundtrigger: audio_extn_sound_trigger_update_device_status: device 0x2 of type 0 for Event 1
08-06 05:35:51.681 13866 13866 I GoogleInputMethodServic: GoogleInputMethodService.onFinishInput():3138 
08-06 05:35:51.682 13866 13866 I GoogleInputMethodServic: GoogleInputMethodService.onStartInput():1808 
08-06 05:35:51.685   512  2967 D audio_hw_primary: enable_snd_device: snd_device(2: speaker)
08-06 05:35:51.688   512  2967 D audio_hw_primary: enable_audio_route: apply and update mixer path: low-latency-playback speaker
08-06 05:35:51.695 13866 13866 I GoogleInputMethodServic: GoogleInputMethodService.onFinishInput():3138 
08-06 05:35:51.696 13866 13866 I GoogleInputMethodServic: GoogleInputMethodService.onStartInput():1808 
08-06 05:35:51.704 12059 12085 I art     : Explicit concurrent mark sweep GC freed 401(21KB) AllocSpace objects, 0(0B) LOS objects, 30% free, 36MB/52MB, paused 529us total 58.340ms
08-06 05:35:51.727 12059 12085 I art     : Starting a blocking GC Explicit
08-06 05:35:51.783 12059 12085 I art     : Explicit concurrent mark sweep GC freed 599(34KB) AllocSpace objects, 0(0B) LOS objects, 30% free, 36MB/52MB, paused 363us total 55.901ms
08-06 05:35:52.006 12059 12079 D OpenGLRenderer: endAllStagingAnimators on 0x7f78e73000 (ListPopupWindow$DropDownListView) with handle 0x7f77ccc0e0
08-06 05:35:52.063 12059 12072 I art     : Starting a blocking GC Explicit
08-06 05:35:52.120 12059 12072 I art     : Explicit concurrent mark sweep GC freed 2083(142KB) AllocSpace objects, 1(20KB) LOS objects, 30% free, 36MB/52MB, paused 369us total 57.125ms
08-06 05:35:52.139 12059 12072 I art     : Starting a blocking GC Explicit
08-06 05:35:52.197 12059 12072 I art     : Explicit concurrent mark sweep GC freed 576(38KB) AllocSpace objects, 0(0B) LOS objects, 30% free, 36MB/52MB, paused 360us total 57.462ms
08-06 05:35:52.216 12059 12072 I art     : Starting a blocking GC Explicit
08-06 05:35:52.228   512  2967 D audio_hw_primary: disable_audio_route: reset and update mixer path: low-latency-playback speaker
08-06 05:35:52.229   512  2967 D audio_hw_primary: disable_snd_device: snd_device(2: speaker)
08-06 05:35:52.237   512  2967 I soundtrigger: audio_extn_sound_trigger_update_device_status: device 0x2 of type 0 for Event 0
08-06 05:35:52.273 12059 12072 I art     : Explicit concurrent mark sweep GC freed 3(96B) AllocSpace objects, 0(0B) LOS objects, 30% free, 36MB/52MB, paused 355us total 56.693ms
08-06 05:35:52.292 12059 12072 I art     : Starting a blocking GC Explicit
08-06 05:35:52.351 12059 12072 I art     : Explicit concurrent mark sweep GC freed 3(96B) AllocSpace objects, 0(0B) LOS objects, 30% free, 36MB/52MB, paused 353us total 59.100ms
08-06 05:35:52.371 12059 12072 I art     : Starting a blocking GC Explicit
08-06 05:35:52.425 12059 12072 I art     : Explicit concurrent mark sweep GC freed 3(96B) AllocSpace objects, 0(0B) LOS objects, 30% free, 36MB/52MB, paused 352us total 54.406ms
08-06 05:35:52.721 12059 12085 I art     : Starting a blocking GC Explicit
08-06 05:35:52.799 12059 12085 I art     : Explicit concurrent mark sweep GC freed 1293(75KB) AllocSpace objects, 1(20KB) LOS objects, 30% free, 36MB/52MB, paused 483us total 77.843ms
08-06 05:35:52.822 12059 12085 I art     : Starting a blocking GC Explicit
08-06 05:35:52.873 12059 12085 I art     : Explicit concurrent mark sweep GC freed 18(624B) AllocSpace objects, 0(0B) LOS objects, 30% free, 36MB/52MB, paused 331us total 49.915ms
08-06 05:35:52.882   518   646 I ThermalEngine: ACTION: GPU - Setting GPU[0] to 450000000
08-06 05:35:52.894 12059 12085 I art     : Starting a blocking GC Explicit
08-06 05:35:52.958 12059 12085 I art     : Explicit concurrent mark sweep GC freed 3(96B) AllocSpace objects, 0(0B) LOS objects, 30% free, 36MB/52MB, paused 467us total 64.227ms
08-06 05:35:52.980 12059 12085 I art     : Starting a blocking GC Explicit
08-06 05:35:53.048 12059 12085 I art     : Explicit concurrent mark sweep GC freed 3(96B) AllocSpace objects, 0(0B) LOS objects, 30% free, 36MB/52MB, paused 497us total 67.770ms
08-06 05:35:53.071 12059 12085 I art     : Starting a blocking GC Explicit
08-06 05:35:53.139 12059 12085 I art     : Explicit concurrent mark sweep GC freed 3(96B) AllocSpace objects, 0(0B) LOS objects, 30% free, 36MB/52MB, paused 453us total 67.878ms
08-06 05:35:53.355 12984 12984 D AndroidRuntime: >>>>>> START com.android.internal.os.RuntimeInit uid 2000 <<<<<<
08-06 05:35:53.361 12984 12984 D AndroidRuntime: CheckJNI is OFF
08-06 05:35:53.401 12984 12984 D ICU     : No timezone override file found: /data/misc/zoneinfo/current/icu/icu_tzdata.dat
08-06 05:35:53.443 12984 12984 I Radio-JNI: register_android_hardware_Radio DONE
08-06 05:35:53.474 12984 12984 D AndroidRuntime: Calling main entry com.android.commands.input.Input
08-06 05:35:53.476 12984 12984 I Input   : injectMotionEvent: MotionEvent { action=ACTION_DOWN, actionButton=0, id[0]=0, x[0]=481.0, y[0]=544.0, toolType[0]=TOOL_TYPE_UNKNOWN, buttonState=0, metaState=0, flags=0x0, edgeFlags=0x0, pointerCount=1, historySize=0, eventTime=855369888, downTime=855369888, deviceId=0, source=0x1002 }
08-06 05:35:53.480 12984 12984 I Input   : injectMotionEvent: MotionEvent { action=ACTION_UP, actionButton=0, id[0]=0, x[0]=481.0, y[0]=544.0, toolType[0]=TOOL_TYPE_UNKNOWN, buttonState=0, metaState=0, flags=0x0, edgeFlags=0x0, pointerCount=1, historySize=0, eventTime=855369888, downTime=855369888, deviceId=0, source=0x1002 }
08-06 05:35:53.482 12984 12984 D AndroidRuntime: Shutting down VM
08-06 05:35:53.490 12059 12278 I art     : Starting a blocking GC Explicit
08-06 05:35:53.558 12059 12278 I art     : Explicit concurrent mark sweep GC freed 1601(87KB) AllocSpace objects, 1(20KB) LOS objects, 30% free, 36MB/52MB, paused 836us total 67.337ms
08-06 05:35:53.579 12059 12278 I art     : Starting a blocking GC Explicit
08-06 05:35:53.641 12059 12278 I art     : Explicit concurrent mark sweep GC freed 473(22KB) AllocSpace objects, 0(0B) LOS objects, 30% free, 36MB/52MB, paused 433us total 61.264ms
08-06 05:35:53.661 12059 12278 I art     : Starting a blocking GC Explicit
08-06 05:35:53.719 12059 12278 I art     : Explicit concurrent mark sweep GC freed 57(2464B) AllocSpace objects, 0(0B) LOS objects, 30% free, 36MB/52MB, paused 468us total 58.005ms
08-06 05:35:53.740 12059 12278 I art     : Starting a blocking GC Explicit
08-06 05:35:53.800 12059 12278 I art     : Explicit concurrent mark sweep GC freed 17(640B) AllocSpace objects, 0(0B) LOS objects, 30% free, 36MB/52MB, paused 470us total 59.992ms
08-06 05:35:53.822 12059 12278 I art     : Starting a blocking GC Explicit
08-06 05:35:53.884 12059 12278 I art     : Explicit concurrent mark sweep GC freed 313(13KB) AllocSpace objects, 0(0B) LOS objects, 30% free, 36MB/52MB, paused 416us total 61.692ms
08-06 05:35:54.215 12059 12278 I art     : Starting a blocking GC Explicit
08-06 05:35:54.289 12059 12278 I art     : Explicit concurrent mark sweep GC freed 1333(77KB) AllocSpace objects, 1(20KB) LOS objects, 30% free, 36MB/52MB, paused 486us total 73.408ms
08-06 05:35:54.312 12059 12278 I art     : Starting a blocking GC Explicit
08-06 05:35:54.384 12059 12278 I art     : Explicit concurrent mark sweep GC freed 26(880B) AllocSpace objects, 0(0B) LOS objects, 30% free, 36MB/52MB, paused 613us total 71.331ms
08-06 05:35:54.408 12059 12278 I art     : Starting a blocking GC Explicit
08-06 05:35:54.479 12059 12278 I art     : Explicit concurrent mark sweep GC freed 3(96B) AllocSpace objects, 0(0B) LOS objects, 30% free, 36MB/52MB, paused 468us total 70.890ms
08-06 05:35:54.502 12059 12278 I art     : Starting a blocking GC Explicit
08-06 05:35:54.573 12059 12278 I art     : Explicit concurrent mark sweep GC freed 3(96B) AllocSpace objects, 0(0B) LOS objects, 30% free, 36MB/52MB, paused 469us total 70.750ms
08-06 05:35:54.597 12059 12278 I art     : Starting a blocking GC Explicit
08-06 05:35:54.668 12059 12278 I art     : Explicit concurrent mark sweep GC freed 3(96B) AllocSpace objects, 0(0B) LOS objects, 30% free, 36MB/52MB, paused 519us total 70.853ms
08-06 05:35:54.984 12059 12071 I art     : Starting a blocking GC Explicit
08-06 05:35:55.065 12059 12071 I art     : Explicit concurrent mark sweep GC freed 1293(75KB) AllocSpace objects, 1(20KB) LOS objects, 30% free, 36MB/52MB, paused 473us total 80.273ms
08-06 05:35:55.089 12059 12071 I art     : Starting a blocking GC Explicit
08-06 05:35:55.162 12059 12071 I art     : Explicit concurrent mark sweep GC freed 18(624B) AllocSpace objects, 0(0B) LOS objects, 30% free, 36MB/52MB, paused 476us total 73.083ms
08-06 05:35:55.186 12059 12071 I art     : Starting a blocking GC Explicit
08-06 05:35:55.253 12059 12071 I art     : Explicit concurrent mark sweep GC freed 14(448B) AllocSpace objects, 0(0B) LOS objects, 30% free, 36MB/52MB, paused 439us total 66.704ms
08-06 05:35:55.267 13017 13017 D AndroidRuntime: >>>>>> START com.android.internal.os.RuntimeInit uid 2000 <<<<<<
08-06 05:35:55.273 13017 13017 D AndroidRuntime: CheckJNI is OFF
08-06 05:35:55.277 12059 12071 I art     : Starting a blocking GC Explicit
08-06 05:35:55.316 13017 13017 D ICU     : No timezone override file found: /data/misc/zoneinfo/current/icu/icu_tzdata.dat
08-06 05:35:55.342 12059 12071 I art     : Explicit concurrent mark sweep GC freed 13(416B) AllocSpace objects, 0(0B) LOS objects, 30% free, 36MB/52MB, paused 485us total 64.313ms
08-06 05:35:55.363 12059 12071 I art     : Starting a blocking GC Explicit
08-06 05:35:55.365 13017 13017 I Radio-JNI: register_android_hardware_Radio DONE
08-06 05:35:55.393 13017 13017 D AndroidRuntime: Calling main entry com.android.commands.input.Input
08-06 05:35:55.396 13017 13017 I Input   : injectMotionEvent: MotionEvent { action=ACTION_DOWN, actionButton=0, id[0]=0, x[0]=310.0, y[0]=906.0, toolType[0]=TOOL_TYPE_UNKNOWN, buttonState=0, metaState=0, flags=0x0, edgeFlags=0x0, pointerCount=1, historySize=0, eventTime=855371808, downTime=855371808, deviceId=0, source=0x1002 }
08-06 05:35:55.402 13017 13017 I Input   : injectMotionEvent: MotionEvent { action=ACTION_UP, actionButton=0, id[0]=0, x[0]=310.0, y[0]=906.0, toolType[0]=TOOL_TYPE_UNKNOWN, buttonState=0, metaState=0, flags=0x0, edgeFlags=0x0, pointerCount=1, historySize=0, eventTime=855371808, downTime=855371808, deviceId=0, source=0x1002 }
08-06 05:35:55.404 13017 13017 D AndroidRuntime: Shutting down VM
08-06 05:35:55.428 12059 12071 I art     : Explicit concurrent mark sweep GC freed 29(1040B) AllocSpace objects, 0(0B) LOS objects, 30% free, 36MB/52MB, paused 492us total 64.310ms
08-06 05:35:55.450   918  3188 I hubconnection: sensorhub said: 'set_bias 3: -6.2400, 0.0000, 0.0000'
08-06 05:35:55.469   512  2967 D audio_hw_primary: out_set_parameters: enter: usecase(1: low-latency-playback) kvpairs: routing=2
08-06 05:35:55.482   512  2967 D audio_hw_primary: select_devices: out_snd_device(2: speaker) in_snd_device(0: none)
08-06 05:35:55.482   512  2967 D msm8974_platform: platform_send_audio_calibration: sending audio calibration for snd_device(2) acdb_id(15)
08-06 05:35:55.482   512  2967 I soundtrigger: audio_extn_sound_trigger_update_device_status: device 0x2 of type 0 for Event 1
08-06 05:35:55.484 13866 13866 I GoogleInputMethodServic: GoogleInputMethodService.onFinishInput():3138 
08-06 05:35:55.485 13866 13866 I GoogleInputMethodServic: GoogleInputMethodService.onStartInput():1808 
08-06 05:35:55.495 13866 13866 I GoogleInputMethodServic: GoogleInputMethodService.onFinishInput():3138 
08-06 05:35:55.495   512  2967 D audio_hw_primary: enable_snd_device: snd_device(2: speaker)
08-06 05:35:55.496 13866 13866 I GoogleInputMethodServic: GoogleInputMethodService.onStartInput():1808 
08-06 05:35:55.498   512  2967 D audio_hw_primary: enable_audio_route: apply and update mixer path: low-latency-playback speaker
08-06 05:35:55.741 12059 12072 I art     : Starting a blocking GC Explicit
08-06 05:35:55.817 12059 12072 I art     : Explicit concurrent mark sweep GC freed 2236(118KB) AllocSpace objects, 1(20KB) LOS objects, 30% free, 36MB/52MB, paused 700us total 76.425ms
08-06 05:35:55.820 12059 12079 D OpenGLRenderer: endAllStagingAnimators on 0x7f7e029400 (ListPopupWindow$DropDownListView) with handle 0x7f77ccc120
08-06 05:35:55.840 12059 12072 I art     : Starting a blocking GC Explicit
08-06 05:35:55.902 12059 12072 I art     : Explicit concurrent mark sweep GC freed 844(69KB) AllocSpace objects, 0(0B) LOS objects, 30% free, 36MB/52MB, paused 442us total 61.321ms
08-06 05:35:55.923 12059 12072 I art     : Starting a blocking GC Explicit
08-06 05:35:55.990 12059 12072 I art     : Explicit concurrent mark sweep GC freed 488(32KB) AllocSpace objects, 0(0B) LOS objects, 30% free, 36MB/52MB, paused 462us total 66.902ms
08-06 05:35:56.013 12059 12072 I art     : Starting a blocking GC Explicit
08-06 05:35:56.049   512  2967 D audio_hw_primary: disable_audio_route: reset and update mixer path: low-latency-playback speaker
08-06 05:35:56.050   512  2967 D audio_hw_primary: disable_snd_device: snd_device(2: speaker)
08-06 05:35:56.059   512  2967 I soundtrigger: audio_extn_sound_trigger_update_device_status: device 0x2 of type 0 for Event 0
08-06 05:35:56.082 12059 12072 I art     : Explicit concurrent mark sweep GC freed 3(96B) AllocSpace objects, 0(0B) LOS objects, 30% free, 36MB/52MB, paused 465us total 68.184ms
08-06 05:35:56.105 12059 12072 I art     : Starting a blocking GC Explicit
08-06 05:35:56.173 12059 12072 I art     : Explicit concurrent mark sweep GC freed 3(96B) AllocSpace objects, 0(0B) LOS objects, 30% free, 36MB/52MB, paused 466us total 68.231ms
08-06 05:35:56.504 12059 12085 I art     : Starting a blocking GC Explicit
08-06 05:35:56.593 12059 12085 I art     : Explicit concurrent mark sweep GC freed 1331(77KB) AllocSpace objects, 1(20KB) LOS objects, 30% free, 36MB/52MB, paused 522us total 89.112ms
08-06 05:35:56.618 12059 12085 I art     : Starting a blocking GC Explicit
08-06 05:35:56.685 12059 12085 I art     : Explicit concurrent mark sweep GC freed 18(624B) AllocSpace objects, 0(0B) LOS objects, 30% free, 36MB/52MB, paused 495us total 66.423ms
08-06 05:35:56.707 12059 12085 I art     : Starting a blocking GC Explicit
08-06 05:35:56.773 12059 12085 I art     : Explicit concurrent mark sweep GC freed 3(96B) AllocSpace objects, 0(0B) LOS objects, 30% free, 36MB/52MB, paused 510us total 65.963ms
08-06 05:35:56.796 12059 12085 I art     : Starting a blocking GC Explicit
08-06 05:35:56.863 12059 12085 I art     : Explicit concurrent mark sweep GC freed 3(96B) AllocSpace objects, 0(0B) LOS objects, 30% free, 36MB/52MB, paused 448us total 66.021ms
08-06 05:35:56.886 12059 12085 I art     : Starting a blocking GC Explicit
08-06 05:35:56.953 12059 12085 I art     : Explicit concurrent mark sweep GC freed 3(96B) AllocSpace objects, 0(0B) LOS objects, 30% free, 36MB/52MB, paused 472us total 67.585ms
08-06 05:35:57.176 13063 13063 D AndroidRuntime: >>>>>> START com.android.internal.os.RuntimeInit uid 2000 <<<<<<
08-06 05:35:57.182 13063 13063 D AndroidRuntime: CheckJNI is OFF
08-06 05:35:57.224 13063 13063 D ICU     : No timezone override file found: /data/misc/zoneinfo/current/icu/icu_tzdata.dat
08-06 05:35:57.267 13063 13063 I Radio-JNI: register_android_hardware_Radio DONE
08-06 05:35:57.296 13063 13063 D AndroidRuntime: Calling main entry com.android.commands.input.Input
08-06 05:35:57.298 13063 13063 I Input   : injectMotionEvent: MotionEvent { action=ACTION_DOWN, actionButton=0, id[0]=0, x[0]=648.0, y[0]=709.0, toolType[0]=TOOL_TYPE_UNKNOWN, buttonState=0, metaState=0, flags=0x0, edgeFlags=0x0, pointerCount=1, historySize=0, eventTime=855373710, downTime=855373710, deviceId=0, source=0x1002 }
08-06 05:35:57.302 13063 13063 I Input   : injectMotionEvent: MotionEvent { action=ACTION_UP, actionButton=0, id[0]=0, x[0]=648.0, y[0]=709.0, toolType[0]=TOOL_TYPE_UNKNOWN, buttonState=0, metaState=0, flags=0x0, edgeFlags=0x0, pointerCount=1, historySize=0, eventTime=855373710, downTime=855373710, deviceId=0, source=0x1002 }
08-06 05:35:57.304 13063 13063 D AndroidRuntime: Shutting down VM
08-06 05:35:57.316 12059 12278 I art     : Starting a blocking GC Explicit
08-06 05:35:57.371   512  2967 D audio_hw_primary: out_set_parameters: enter: usecase(1: low-latency-playback) kvpairs: routing=2
08-06 05:35:57.385   512  2967 D audio_hw_primary: select_devices: out_snd_device(2: speaker) in_snd_device(0: none)
08-06 05:35:57.385   512  2967 D msm8974_platform: platform_send_audio_calibration: sending audio calibration for snd_device(2) acdb_id(15)
08-06 05:35:57.385   512  2967 I soundtrigger: audio_extn_sound_trigger_update_device_status: device 0x2 of type 0 for Event 1
08-06 05:35:57.395   512  2967 D audio_hw_primary: enable_snd_device: snd_device(2: speaker)
08-06 05:35:57.397 12059 12278 I art     : Explicit concurrent mark sweep GC freed 1823(119KB) AllocSpace objects, 2(40KB) LOS objects, 30% free, 36MB/52MB, paused 792us total 81.105ms
08-06 05:35:57.397   512  2967 D audio_hw_primary: enable_audio_route: apply and update mixer path: low-latency-playback speaker
08-06 05:35:57.418 12059 12278 I art     : Starting a blocking GC Explicit
08-06 05:35:57.481 12059 12278 I art     : Explicit concurrent mark sweep GC freed 344(18KB) AllocSpace objects, 0(0B) LOS objects, 30% free, 36MB/52MB, paused 480us total 62.783ms
08-06 05:35:57.504 12059 12278 I art     : Starting a blocking GC Explicit
08-06 05:35:57.574 12059 12278 I art     : Explicit concurrent mark sweep GC freed 45(1808B) AllocSpace objects, 0(0B) LOS objects, 30% free, 36MB/52MB, paused 464us total 69.975ms
08-06 05:35:57.601 12059 12278 I art     : Starting a blocking GC Explicit
08-06 05:35:57.676 12059 12278 I art     : Explicit concurrent mark sweep GC freed 7(240B) AllocSpace objects, 0(0B) LOS objects, 30% free, 36MB/52MB, paused 471us total 74.691ms
08-06 05:35:57.705 12059 12278 I art     : Starting a blocking GC Explicit
08-06 05:35:57.784 12059 12278 I art     : Explicit concurrent mark sweep GC freed 3(96B) AllocSpace objects, 0(0B) LOS objects, 30% free, 36MB/52MB, paused 440us total 79.007ms
08-06 05:35:57.892   518   646 I ThermalEngine: ACTION: GPU - Setting GPU[0] to 510000000
08-06 05:35:57.929   512  2967 D audio_hw_primary: disable_audio_route: reset and update mixer path: low-latency-playback speaker
08-06 05:35:57.930   512  2967 D audio_hw_primary: disable_snd_device: snd_device(2: speaker)
08-06 05:35:57.941   512  2967 I soundtrigger: audio_extn_sound_trigger_update_device_status: device 0x2 of type 0 for Event 0
08-06 05:35:58.122 12059 12278 I art     : Starting a blocking GC Explicit
08-06 05:35:58.197 12059 12278 I art     : Explicit concurrent mark sweep GC freed 1299(75KB) AllocSpace objects, 1(20KB) LOS objects, 30% free, 36MB/52MB, paused 365us total 75.412ms
08-06 05:35:58.220 12059 12278 I art     : Starting a blocking GC Explicit
08-06 05:35:58.277 12059 12278 I art     : Explicit concurrent mark sweep GC freed 24(816B) AllocSpace objects, 0(0B) LOS objects, 30% free, 36MB/52MB, paused 370us total 56.115ms
08-06 05:35:58.295 12059 12278 I art     : Starting a blocking GC Explicit
08-06 05:35:58.350 12059 12278 I art     : Explicit concurrent mark sweep GC freed 3(96B) AllocSpace objects, 0(0B) LOS objects, 30% free, 36MB/52MB, paused 373us total 54.165ms
08-06 05:35:58.369 12059 12278 I art     : Starting a blocking GC Explicit
08-06 05:35:58.427 12059 12278 I art     : Explicit concurrent mark sweep GC freed 3(96B) AllocSpace objects, 0(0B) LOS objects, 30% free, 36MB/52MB, paused 361us total 58.471ms
08-06 05:35:58.447 12059 12278 I art     : Starting a blocking GC Explicit
08-06 05:35:58.498 12059 12278 I art     : Explicit concurrent mark sweep GC freed 3(96B) AllocSpace objects, 0(0B) LOS objects, 30% free, 36MB/52MB, paused 356us total 50.999ms
08-06 05:35:58.783 12059 12071 I art     : Starting a blocking GC Explicit
08-06 05:35:58.851 12059 12071 I art     : Explicit concurrent mark sweep GC freed 1293(75KB) AllocSpace objects, 1(20KB) LOS objects, 30% free, 36MB/52MB, paused 366us total 67.953ms
08-06 05:35:58.870 12059 12071 I art     : Starting a blocking GC Explicit
08-06 05:35:58.899   518   646 I ThermalEngine: ACTION: GPU - Setting GPU[0] to 450000000
08-06 05:35:58.937 12059 12071 I art     : Explicit concurrent mark sweep GC freed 18(624B) AllocSpace objects, 0(0B) LOS objects, 30% free, 36MB/52MB, paused 452us total 65.965ms
08-06 05:35:58.959 12059 12071 I art     : Starting a blocking GC Explicit
08-06 05:35:58.976 13097 13097 D AndroidRuntime: >>>>>> START com.android.internal.os.RuntimeInit uid 2000 <<<<<<
08-06 05:35:58.982 13097 13097 D AndroidRuntime: CheckJNI is OFF
08-06 05:35:59.027 13097 13097 D ICU     : No timezone override file found: /data/misc/zoneinfo/current/icu/icu_tzdata.dat
08-06 05:35:59.030 12059 12071 I art     : Explicit concurrent mark sweep GC freed 5(160B) AllocSpace objects, 0(0B) LOS objects, 30% free, 36MB/52MB, paused 536us total 70.824ms
08-06 05:35:59.054 12059 12071 I art     : Starting a blocking GC Explicit
08-06 05:35:59.075 13097 13097 I Radio-JNI: register_android_hardware_Radio DONE
08-06 05:35:59.104 13097 13097 D AndroidRuntime: Calling main entry com.android.commands.input.Input
08-06 05:35:59.107 13097 13097 I Input   : injectMotionEvent: MotionEvent { action=ACTION_DOWN, actionButton=0, id[0]=0, x[0]=1197.0, y[0]=1456.0, toolType[0]=TOOL_TYPE_UNKNOWN, buttonState=0, metaState=0, flags=0x0, edgeFlags=0x0, pointerCount=1, historySize=0, eventTime=855375519, downTime=855375519, deviceId=0, source=0x1002 }
08-06 05:35:59.113 13097 13097 I Input   : injectMotionEvent: MotionEvent { action=ACTION_UP, actionButton=0, id[0]=0, x[0]=1197.0, y[0]=1456.0, toolType[0]=TOOL_TYPE_UNKNOWN, buttonState=0, metaState=0, flags=0x0, edgeFlags=0x0, pointerCount=1, historySize=0, eventTime=855375519, downTime=855375519, deviceId=0, source=0x1002 }
08-06 05:35:59.114 13097 13097 D AndroidRuntime: Shutting down VM
08-06 05:35:59.125   512  2967 D audio_hw_primary: out_set_parameters: enter: usecase(1: low-latency-playback) kvpairs: routing=2
08-06 05:35:59.125 12059 12071 I art     : Explicit concurrent mark sweep GC freed 20(736B) AllocSpace objects, 0(0B) LOS objects, 30% free, 36MB/52MB, paused 686us total 70.033ms
08-06 05:35:59.138   512  2967 D audio_hw_primary: select_devices: out_snd_device(2: speaker) in_snd_device(0: none)
08-06 05:35:59.138   512  2967 D msm8974_platform: platform_send_audio_calibration: sending audio calibration for snd_device(2) acdb_id(15)
08-06 05:35:59.138   512  2967 I soundtrigger: audio_extn_sound_trigger_update_device_status: device 0x2 of type 0 for Event 1
08-06 05:35:59.149   512  2967 D audio_hw_primary: enable_snd_device: snd_device(2: speaker)
08-06 05:35:59.150 12059 12079 D OpenGLRenderer: endAllStagingAnimators on 0x7f99594800 (RippleDrawable) with handle 0x7f77ccc1e0
08-06 05:35:59.151 12059 12071 I art     : Starting a blocking GC Explicit
08-06 05:35:59.153   512  2967 D audio_hw_primary: enable_audio_route: apply and update mixer path: low-latency-playback speaker
08-06 05:35:59.159 12059 12059 I SettingsManager: Setting string: savedCourse
08-06 05:35:59.166   918   929 W BackupManagerService: dataChanged but no participant pkg='baseline.com.ak.uobtimetable' uid=10710
08-06 05:35:59.166   918  6111 I ActivityManager: START u0 {flg=0x4000000 cmp=baseline.com.ak.uobtimetable/.MainActivity (has extras)} from uid 10710 on display 0
08-06 05:35:59.182   918  4400 W InputMethodManagerService: Focus gain on non-focused client com.android.internal.view.IInputMethodClient$Stub$Proxy@835cc5b (uid=10710 pid=12059)
08-06 05:35:59.202 12059 12059 D MainActivity: OnDestroy
08-06 05:35:59.221 12059 12071 I art     : Explicit concurrent mark sweep GC freed 5306(265KB) AllocSpace objects, 1(20KB) LOS objects, 30% free, 36MB/52MB, paused 947us total 69.473ms
08-06 05:35:59.230 12059 12059 D MainActivity: onCreate
08-06 05:35:59.231 12059 12059 I SettingsManager: Getting string: savedSessions
08-06 05:35:59.231 12059 12059 I SettingsManager: Getting string: savedSessions
08-06 05:35:59.242 12059 12059 I SettingsManager: Getting string: savedSessionsCourseName
08-06 05:35:59.242 12059 12059 I SettingsManager: Getting string: savedSessionsCourseName
08-06 05:35:59.242 12059 12059 I SettingsManager: Getting string: savedSessionsDateRange
08-06 05:35:59.242 12059 12059 I SettingsManager: Getting string: savedSessionsDateRange
08-06 05:35:59.242 12059 12059 I Settings: 10 saved sessions - Bedfordshire International and EU Foundation Year - Int Foun - Ltn - Y0 Feb FT - Weeks: 24-38 (8 Jun 2020-20 Sep 2020)
08-06 05:35:59.286 12059 12059 I SettingsManager: Getting string: savedCourse
08-06 05:35:59.287 12059 12059 D MainActivity: sessionListFragmentArg: updateSessions
08-06 05:35:59.287 12059 12059 D MainActivity: showTermDatesConfigChange: false
08-06 05:35:59.287 12059 12059 D MainActivity: showTermDatesShortcut: false
08-06 05:35:59.288 12059 12059 D MainActivity: Setting initial fragment: SessionListsFragment
08-06 05:35:59.289 12059 12059 I SettingsManager: Getting int: launchCount
08-06 05:35:59.290 12059 12059 D SessionListsFragment: onCreateView
08-06 05:35:59.294 12059 12059 I SettingsManager: Getting string: savedCourse
08-06 05:35:59.299 12059 12059 I SettingsManager: Getting string: savedSessions
08-06 05:35:59.308 12059 12059 D SessionListsFragment: loadArgument: updateSessions
08-06 05:35:59.308 12059 12059 D SessionListsFragment: initialIndex: -1
08-06 05:35:59.311 12059 13120 D HTTP    : Request for: https://uob-timetable-api.adriankeenan.co.uk/sessions?dept=CM010&course=BSAIFAAF%2F02AA%2F0%2FFT&level=Foundation+Year
08-06 05:35:59.328 12059 12059 D TermDatesFragment: WebView loaded
08-06 05:35:59.329 12059 12059 D MainActivity: OnResume
08-06 05:35:59.350 12059 12059 I TermDatesFragment: Webview load %: 10
08-06 05:35:59.446   918   936 I ActivityManager: Displayed baseline.com.ak.uobtimetable/.MainActivity: +262ms
08-06 05:35:59.447 13866 13866 I GoogleInputMethodServic: GoogleInputMethodService.onFinishInput():3138 
08-06 05:35:59.447 13866 13866 I GoogleInputMethodServic: GoogleInputMethodService.onStartInput():1808 
08-06 05:35:59.513 12059 12059 I TermDatesFragment: Webview load %: 70
08-06 05:35:59.527 12059 12072 I art     : Starting a blocking GC Explicit
08-06 05:35:59.529 12059 12059 I TermDatesFragment: Webview load %: 100
08-06 05:35:59.529 12059 12059 I TermDatesFragment: Webview load %: 100
08-06 05:35:59.576 12059 13120 I NAPPA_EXPERIMENTATION: MetricNetworkRequestExecutionTime: REQUEST_DURATION_SYSTEM='264',REQUEST_DURATION_OKHTTP='42',REQUEST_SYNCHRONOUS='TRUE',RESPONSE_CODE='200',RESPONSE_METHOD='GET',RESPONSE_LENGTH_OKHTTP='-1',RESPONSE_LENGTH_HEADER='1214',REQUEST_PROTOCOL='http/1.1',REQUEST_URL='https://uob-timetable-api.adriankeenan.co.uk/sessions?dept=CM010&course=BSAIFAAF%2F02AA%2F0%2FFT&level=Foundation+Year',
08-06 05:35:59.602 12059 12072 I art     : Explicit concurrent mark sweep GC freed 19794(975KB) AllocSpace objects, 6(1560KB) LOS objects, 29% free, 37MB/53MB, paused 653us total 74.166ms
08-06 05:35:59.611 12059 13120 I HTTP    : Response was compressed.
08-06 05:35:59.625 12059 12072 I art     : Starting a blocking GC Explicit
08-06 05:35:59.627   918  3359 I AccountManagerService: getTypesVisibleToCaller: isPermitted? true
08-06 05:35:59.632 12059 13120 I Service : getSessions response time: 1.10
08-06 05:35:59.633 12059 12059 I SettingsManager: Getting string: savedSessions
08-06 05:35:59.634 12059 12059 I SettingsManager: Getting string: savedSessions
08-06 05:35:59.646 12059 12059 I Service : Sessions updated: 10
08-06 05:35:59.647 12059 12059 I Service : Sessions removed from new list: 0
08-06 05:35:59.656 12059 12059 I SettingsManager: Setting string: savedSessions
08-06 05:35:59.665   918  6029 W BackupManagerService: dataChanged but no participant pkg='baseline.com.ak.uobtimetable' uid=10710
08-06 05:35:59.665 12059 12059 I SettingsManager: Setting date: savedSessionsTime
08-06 05:35:59.672   918  6110 W BackupManagerService: dataChanged but no participant pkg='baseline.com.ak.uobtimetable' uid=10710
08-06 05:35:59.673 12059 12059 I SettingsManager: Setting string: savedSessionsCourseName
08-06 05:35:59.679   918  3961 W BackupManagerService: dataChanged but no participant pkg='baseline.com.ak.uobtimetable' uid=10710
08-06 05:35:59.679 12059 12059 I SettingsManager: Setting string: savedSessionsDateRange
08-06 05:35:59.679   918  3670 W BackupManagerService: dataChanged but no participant pkg='baseline.com.ak.uobtimetable' uid=10710
08-06 05:35:59.680 12059 12059 I SettingsManager: Setting string: timetableUrl
08-06 05:35:59.680   918  6112 W BackupManagerService: dataChanged but no participant pkg='baseline.com.ak.uobtimetable' uid=10710
08-06 05:35:59.680 12059 12059 I SettingsManager: Getting boolean: notifySessionRemindersEnabled
08-06 05:35:59.680 12059 12059 I SettingsManager: Getting int: notifySessionRemindersMinutes
08-06 05:35:59.680 12059 12059 I SettingsManager: Getting boolean: showHiddenSessions
08-06 05:35:59.683 12059 12059 I SessionReminderNotifier: Created session reminder alarm for f7b4771250a919bd729c1c5a4a459c77 at Mon 08:30:00 10/08/20
08-06 05:35:59.686 12059 12059 I SessionReminderNotifier: Created session reminder alarm for a7f879aabdeb78622c8820a5fb7b64cd at Tue 08:30:00 11/08/20
08-06 05:35:59.688 12059 12059 I SessionReminderNotifier: Created session reminder alarm for 7bc8d7e2c2055711f597c3d9078c6ea3 at Tue 08:30:00 11/08/20
08-06 05:35:59.689   512  2967 D audio_hw_primary: disable_audio_route: reset and update mixer path: low-latency-playback speaker
08-06 05:35:59.690 12059 12072 I art     : Explicit concurrent mark sweep GC freed 45314(2MB) AllocSpace objects, 6(196KB) LOS objects, 30% free, 36MB/52MB, paused 882us total 64.990ms
08-06 05:35:59.690   512  2967 D audio_hw_primary: disable_snd_device: snd_device(2: speaker)
08-06 05:35:59.691 12059 12059 I SessionReminderNotifier: Created session reminder alarm for 53c0527a6f009a1f2fd223834d3bfe51 at Tue 10:30:00 11/08/20
08-06 05:35:59.693 12059 12059 I SessionReminderNotifier: Created session reminder alarm for e0fc978b5db8218778540b4053344581 at Tue 11:00:00 11/08/20
08-06 05:35:59.694 12059 12059 I SessionReminderNotifier: Created session reminder alarm for 199afb0100f329ff65a09e1b0cd9deba at Tue 11:30:00 11/08/20
08-06 05:35:59.697 12059 12059 I SessionReminderNotifier: Created session reminder alarm for 21712fef61090882c855a1425543edb5 at Tue 13:30:00 11/08/20
08-06 05:35:59.698   512  2967 I soundtrigger: audio_extn_sound_trigger_update_device_status: device 0x2 of type 0 for Event 0
08-06 05:35:59.699 12059 12059 I SessionReminderNotifier: Created session reminder alarm for 65ca4d97f031f29a4d02bbb45a705d8f at Wed 08:30:00 12/08/20
08-06 05:35:59.701 12059 12059 I SessionReminderNotifier: Created session reminder alarm for eeda7741b0bcab58fd9f46dc6ef1d942 at Wed 08:30:00 12/08/20
08-06 05:35:59.703 12059 12059 I SessionReminderNotifier: Created session reminder alarm for c276c1b2075a0beb67f1b3d1e580f920 at Wed 11:00:00 12/08/20
08-06 05:35:59.706 12059 12059 I SessionReminderNotifier: Created session reminder alarm for 8b1f3627e42ae13a6f6ba0a83903dde1 at Wed 13:30:00 12/08/20
08-06 05:35:59.708 12059 12059 I SessionReminderNotifier: Created session reminder alarm for 79fe0b5c3b887a13ba29db5a33fa2800 at Thu 08:30:00 06/08/20
08-06 05:35:59.709 12059 12059 I SessionReminderNotifier: Created session reminder alarm for cb9dfc8231cdba2be0835dc5709690e1 at Thu 08:30:00 06/08/20
08-06 05:35:59.710 12059 12072 I art     : Starting a blocking GC Explicit
08-06 05:35:59.712 12059 12059 I SessionReminderNotifier: Created session reminder alarm for f850dc24d6de60b7b89fa9e1a8c224c5 at Thu 12:00:00 06/08/20
08-06 05:35:59.714 12059 12059 I SessionReminderNotifier: Created session reminder alarm for 2ba1034116e4fffdd592dbf0796a43d5 at Fri 08:30:00 07/08/20
08-06 05:35:59.714 12059 12059 I SettingsManager: Getting boolean: showHiddenSessions
08-06 05:35:59.714 12059 12059 D SessionListsFragment: 1 sessions for day 0
08-06 05:35:59.714 12059 12059 D SessionListsFragment: 6 sessions for day 1
08-06 05:35:59.714 12059 12059 D SessionListsFragment: 4 sessions for day 2
08-06 05:35:59.714 12059 12059 D SessionListsFragment: 3 sessions for day 3
08-06 05:35:59.714 12059 12059 D SessionListsFragment: 1 sessions for day 4
08-06 05:35:59.760 12059 12059 I SettingsManager: Getting boolean: showHiddenSessions
08-06 05:35:59.761 12059 12059 D SessionListsFragment: Refreshed ViewPager
08-06 05:35:59.761 12059 12059 I SettingsManager: Getting boolean: showHiddenSessions
08-06 05:35:59.762 12059 12059 I SettingsManager: Getting boolean: completedTutorial
08-06 05:35:59.762 12059 12059 I SettingsManager: Getting boolean: showHiddenSessions
08-06 05:35:59.762 12059 12059 I SettingsManager: Getting date: savedSessionsTime
08-06 05:35:59.766 12059 12072 I art     : Explicit concurrent mark sweep GC freed 3928(202KB) AllocSpace objects, 1(16KB) LOS objects, 30% free, 36MB/52MB, paused 975us total 55.560ms
08-06 05:35:59.785 12059 12072 I art     : Starting a blocking GC Explicit
08-06 05:35:59.848 12059 12072 I art     : Explicit concurrent mark sweep GC freed 29569(1181KB) AllocSpace objects, 0(0B) LOS objects, 30% free, 36MB/52MB, paused 1.245ms total 63.196ms
08-06 05:35:59.869 12059 12072 I art     : Starting a blocking GC Explicit
08-06 05:35:59.937 12059 12072 I art     : Explicit concurrent mark sweep GC freed 25765(1063KB) AllocSpace objects, 0(0B) LOS objects, 30% free, 36MB/52MB, paused 1.369ms total 67.904ms
08-06 05:36:00.238 12059 12278 I art     : Starting a blocking GC Explicit
08-06 05:36:00.330 12059 12278 I art     : Explicit concurrent mark sweep GC freed 123117(4MB) AllocSpace objects, 1(20KB) LOS objects, 29% free, 37MB/53MB, paused 1.389ms total 91.718ms
08-06 05:36:00.353 12059 12278 I art     : Starting a blocking GC Explicit
08-06 05:36:00.429 12059 12278 I art     : Explicit concurrent mark sweep GC freed 37430(1675KB) AllocSpace objects, 0(0B) LOS objects, 29% free, 37MB/53MB, paused 1.382ms total 75.325ms
08-06 05:36:00.452 12059 12278 I art     : Starting a blocking GC Explicit
08-06 05:36:00.531 12059 12278 I art     : Explicit concurrent mark sweep GC freed 36023(1478KB) AllocSpace objects, 0(0B) LOS objects, 29% free, 37MB/53MB, paused 1.287ms total 79.161ms
08-06 05:36:00.553 12059 12278 I art     : Starting a blocking GC Explicit
08-06 05:36:00.613 12059 12059 I Choreographer: Skipped 49 frames!  The application may be doing too much work on its main thread.
08-06 05:36:00.627 12059 12278 I art     : Explicit concurrent mark sweep GC freed 30959(1278KB) AllocSpace objects, 0(0B) LOS objects, 29% free, 37MB/53MB, paused 1.152ms total 73.913ms
08-06 05:36:00.650 12059 12278 I art     : Starting a blocking GC Explicit
08-06 05:36:00.716 12059 12278 I art     : Explicit concurrent mark sweep GC freed 3597(177KB) AllocSpace objects, 0(0B) LOS objects, 29% free, 37MB/53MB, paused 526us total 65.960ms
08-06 05:36:00.952 24577 24587 I art     : Background sticky concurrent mark sweep GC freed 250141(7MB) AllocSpace objects, 4(80KB) LOS objects, 9% free, 46MB/52MB, paused 6.976ms total 86.326ms
08-06 05:36:01.034 12059 13140 I art     : Starting a blocking GC Explicit
08-06 05:36:01.096 12059 13140 I art     : Explicit concurrent mark sweep GC freed 123355(11MB) AllocSpace objects, 4(156KB) LOS objects, 37% free, 26MB/42MB, paused 530us total 61.064ms
08-06 05:36:01.111 12059 13140 I art     : Starting a blocking GC Explicit
08-06 05:36:01.151 12059 13140 I art     : Explicit concurrent mark sweep GC freed 31(1168B) AllocSpace objects, 0(0B) LOS objects, 37% free, 26MB/42MB, paused 533us total 39.218ms
08-06 05:36:01.167 12059 13140 I art     : Starting a blocking GC Explicit
08-06 05:36:01.209 12059 13140 I art     : Explicit concurrent mark sweep GC freed 3(96B) AllocSpace objects, 0(0B) LOS objects, 37% free, 26MB/42MB, paused 497us total 42.366ms
08-06 05:36:01.225 12059 13140 I art     : Starting a blocking GC Explicit
08-06 05:36:01.266 12059 13140 I art     : Explicit concurrent mark sweep GC freed 3(96B) AllocSpace objects, 0(0B) LOS objects, 37% free, 26MB/42MB, paused 535us total 41.567ms
08-06 05:36:01.282 12059 13140 I art     : Starting a blocking GC Explicit
08-06 05:36:01.321 12059 13140 I art     : Explicit concurrent mark sweep GC freed 3(96B) AllocSpace objects, 0(0B) LOS objects, 37% free, 26MB/42MB, paused 507us total 39.294ms
08-06 05:36:01.630 12059 12085 I art     : Starting a blocking GC Explicit
08-06 05:36:01.673 12059 12085 I art     : Explicit concurrent mark sweep GC freed 1441(80KB) AllocSpace objects, 1(20KB) LOS objects, 37% free, 26MB/42MB, paused 612us total 43.370ms
08-06 05:36:01.689 12059 12085 I art     : Starting a blocking GC Explicit
08-06 05:36:01.731 12059 12085 I art     : Explicit concurrent mark sweep GC freed 20(704B) AllocSpace objects, 0(0B) LOS objects, 37% free, 26MB/42MB, paused 528us total 41.957ms
08-06 05:36:01.747 12059 12085 I art     : Starting a blocking GC Explicit
08-06 05:36:01.791 12059 12085 I art     : Explicit concurrent mark sweep GC freed 3(96B) AllocSpace objects, 0(0B) LOS objects, 37% free, 26MB/42MB, paused 541us total 44.028ms
08-06 05:36:01.807 12059 12085 I art     : Starting a blocking GC Explicit
08-06 05:36:01.850 12059 12085 I art     : Explicit concurrent mark sweep GC freed 3(96B) AllocSpace objects, 0(0B) LOS objects, 37% free, 26MB/42MB, paused 531us total 42.576ms
08-06 05:36:01.866 12059 12085 I art     : Starting a blocking GC Explicit
08-06 05:36:01.911 12059 12085 I art     : Explicit concurrent mark sweep GC freed 3(96B) AllocSpace objects, 0(0B) LOS objects, 37% free, 26MB/42MB, paused 543us total 44.558ms
08-06 05:36:02.258 12059 12278 I art     : Starting a blocking GC Explicit
08-06 05:36:02.317 12059 12278 I art     : Explicit concurrent mark sweep GC freed 1293(75KB) AllocSpace objects, 1(20KB) LOS objects, 37% free, 26MB/42MB, paused 563us total 58.915ms
08-06 05:36:02.337 12059 12278 I art     : Starting a blocking GC Explicit
08-06 05:36:02.382 12059 12278 I art     : Explicit concurrent mark sweep GC freed 18(624B) AllocSpace objects, 0(0B) LOS objects, 37% free, 26MB/42MB, paused 550us total 44.950ms
08-06 05:36:02.398 12059 12278 I art     : Starting a blocking GC Explicit
08-06 05:36:02.444 12059 12278 I art     : Explicit concurrent mark sweep GC freed 3(96B) AllocSpace objects, 0(0B) LOS objects, 37% free, 26MB/42MB, paused 526us total 45.769ms
08-06 05:36:02.460 12059 12278 I art     : Starting a blocking GC Explicit
08-06 05:36:02.506 12059 12278 I art     : Explicit concurrent mark sweep GC freed 3(96B) AllocSpace objects, 0(0B) LOS objects, 37% free, 26MB/42MB, paused 532us total 45.811ms
08-06 05:36:02.523 12059 12278 I art     : Starting a blocking GC Explicit
08-06 05:36:02.570 12059 12278 I art     : Explicit concurrent mark sweep GC freed 3(96B) AllocSpace objects, 0(0B) LOS objects, 37% free, 26MB/42MB, paused 557us total 46.572ms
08-06 05:36:02.936 12059 13140 I art     : Starting a blocking GC Explicit
08-06 05:36:02.985 12059 13140 I art     : Explicit concurrent mark sweep GC freed 1293(75KB) AllocSpace objects, 1(20KB) LOS objects, 37% free, 26MB/42MB, paused 544us total 47.811ms
08-06 05:36:03.001 12059 13140 I art     : Starting a blocking GC Explicit
08-06 05:36:03.046 12059 13140 I art     : Explicit concurrent mark sweep GC freed 18(624B) AllocSpace objects, 0(0B) LOS objects, 37% free, 26MB/42MB, paused 549us total 44.870ms
08-06 05:36:03.062 12059 13140 I art     : Starting a blocking GC Explicit
08-06 05:36:03.108 12059 13140 I art     : Explicit concurrent mark sweep GC freed 3(96B) AllocSpace objects, 0(0B) LOS objects, 37% free, 26MB/42MB, paused 575us total 45.685ms
08-06 05:36:03.125 12059 13140 I art     : Starting a blocking GC Explicit
08-06 05:36:03.171 12059 13140 I art     : Explicit concurrent mark sweep GC freed 3(96B) AllocSpace objects, 0(0B) LOS objects, 37% free, 26MB/42MB, paused 543us total 46.101ms
08-06 05:36:03.188 12059 13140 I art     : Starting a blocking GC Explicit
08-06 05:36:03.232 12059 13140 I art     : Explicit concurrent mark sweep GC freed 8(256B) AllocSpace objects, 0(0B) LOS objects, 37% free, 26MB/42MB, paused 513us total 43.883ms
08-06 05:36:03.549 12059 12072 I art     : Starting a blocking GC Explicit
08-06 05:36:03.593 12059 12072 I art     : Explicit concurrent mark sweep GC freed 1312(76KB) AllocSpace objects, 1(20KB) LOS objects, 37% free, 26MB/42MB, paused 503us total 43.468ms
08-06 05:36:03.609 12059 12072 I art     : Starting a blocking GC Explicit
08-06 05:36:03.652 12059 12072 I art     : Explicit concurrent mark sweep GC freed 30(1184B) AllocSpace objects, 0(0B) LOS objects, 37% free, 26MB/42MB, paused 513us total 42.846ms
08-06 05:36:03.670 12059 12072 I art     : Starting a blocking GC Explicit
08-06 05:36:03.712 12059 12072 I art     : Explicit concurrent mark sweep GC freed 4(160B) AllocSpace objects, 0(0B) LOS objects, 37% free, 26MB/42MB, paused 463us total 41.194ms
08-06 05:36:03.728 12059 12072 I art     : Starting a blocking GC Explicit
08-06 05:36:03.769 12059 12072 I art     : Explicit concurrent mark sweep GC freed 3(96B) AllocSpace objects, 0(0B) LOS objects, 37% free, 26MB/42MB, paused 497us total 40.696ms
08-06 05:36:03.784 12059 12072 I art     : Starting a blocking GC Explicit
08-06 05:36:03.825 12059 12072 I art     : Explicit concurrent mark sweep GC freed 9(256B) AllocSpace objects, 0(0B) LOS objects, 37% free, 26MB/42MB, paused 528us total 40.552ms
08-06 05:36:03.888  8745  8745 I ServiceManager: Waiting for service AtCmdFwd...
08-06 05:36:03.926 13191 13191 D AndroidRuntime: >>>>>> START com.android.internal.os.RuntimeInit uid 2000 <<<<<<
08-06 05:36:03.932 13191 13191 D AndroidRuntime: CheckJNI is OFF
08-06 05:36:03.975 13191 13191 D ICU     : No timezone override file found: /data/misc/zoneinfo/current/icu/icu_tzdata.dat
08-06 05:36:04.018 13191 13191 I Radio-JNI: register_android_hardware_Radio DONE
08-06 05:36:04.046 13191 13191 D AndroidRuntime: Calling main entry com.android.commands.input.Input
08-06 05:36:04.048 13191 13191 I Input   : injectMotionEvent: MotionEvent { action=ACTION_DOWN, actionButton=0, id[0]=0, x[0]=81.0, y[0]=176.0, toolType[0]=TOOL_TYPE_UNKNOWN, buttonState=0, metaState=0, flags=0x0, edgeFlags=0x0, pointerCount=1, historySize=0, eventTime=855380460, downTime=855380460, deviceId=0, source=0x1002 }
08-06 05:36:04.053 13191 13191 I Input   : injectMotionEvent: MotionEvent { action=ACTION_UP, actionButton=0, id[0]=0, x[0]=81.0, y[0]=176.0, toolType[0]=TOOL_TYPE_UNKNOWN, buttonState=0, metaState=0, flags=0x0, edgeFlags=0x0, pointerCount=1, historySize=0, eventTime=855380460, downTime=855380460, deviceId=0, source=0x1002 }
08-06 05:36:04.057 13191 13191 D AndroidRuntime: Shutting down VM
08-06 05:36:04.078   512  2967 D audio_hw_primary: out_set_parameters: enter: usecase(1: low-latency-playback) kvpairs: routing=2
08-06 05:36:04.091   512  2967 D audio_hw_primary: select_devices: out_snd_device(2: speaker) in_snd_device(0: none)
08-06 05:36:04.091   512  2967 D msm8974_platform: platform_send_audio_calibration: sending audio calibration for snd_device(2) acdb_id(15)
08-06 05:36:04.091   512  2967 I soundtrigger: audio_extn_sound_trigger_update_device_status: device 0x2 of type 0 for Event 1
08-06 05:36:04.101   512  2967 D audio_hw_primary: enable_snd_device: snd_device(2: speaker)
08-06 05:36:04.104   512  2967 D audio_hw_primary: enable_audio_route: apply and update mixer path: low-latency-playback speaker
08-06 05:36:04.109 13866 13866 I GoogleInputMethodServic: GoogleInputMethodService.onFinishInput():3138 
08-06 05:36:04.110 13866 13866 I GoogleInputMethodServic: GoogleInputMethodService.onStartInput():1808 
08-06 05:36:04.163 12059 12278 I art     : Starting a blocking GC Explicit
08-06 05:36:04.209 12059 12278 I art     : Explicit concurrent mark sweep GC freed 1787(99KB) AllocSpace objects, 1(20KB) LOS objects, 37% free, 26MB/42MB, paused 769us total 45.835ms
08-06 05:36:04.226 12059 12278 I art     : Starting a blocking GC Explicit
08-06 05:36:04.268 12059 12278 I art     : Explicit concurrent mark sweep GC freed 174(11KB) AllocSpace objects, 0(0B) LOS objects, 37% free, 26MB/42MB, paused 555us total 42.029ms
08-06 05:36:04.285 12059 12278 I art     : Starting a blocking GC Explicit
08-06 05:36:04.323 12059 12278 I art     : Explicit concurrent mark sweep GC freed 5(160B) AllocSpace objects, 0(0B) LOS objects, 37% free, 26MB/42MB, paused 457us total 38.392ms
08-06 05:36:04.338 12059 12278 I art     : Starting a blocking GC Explicit
08-06 05:36:04.376 12059 12278 I art     : Explicit concurrent mark sweep GC freed 3(96B) AllocSpace objects, 0(0B) LOS objects, 37% free, 26MB/42MB, paused 552us total 37.210ms
08-06 05:36:04.391 12059 12278 I art     : Starting a blocking GC Explicit
08-06 05:36:04.432 12059 12278 I art     : Explicit concurrent mark sweep GC freed 3(96B) AllocSpace objects, 0(0B) LOS objects, 37% free, 26MB/42MB, paused 479us total 41.049ms
08-06 05:36:04.648   512  2967 D audio_hw_primary: disable_audio_route: reset and update mixer path: low-latency-playback speaker
08-06 05:36:04.650   512  2967 D audio_hw_primary: disable_snd_device: snd_device(2: speaker)
08-06 05:36:04.657   918  1210 D NetlinkSocketObserver: NeighborEvent{elapsedMs=1838768532, 192.168.2.254, [7C3953A63323], RTM_NEWNEIGH, NUD_REACHABLE}
08-06 05:36:04.660   512  2967 I soundtrigger: audio_extn_sound_trigger_update_device_status: device 0x2 of type 0 for Event 0
08-06 05:36:04.762 12059 12071 I art     : Starting a blocking GC Explicit
08-06 05:36:04.805 12059 12071 I art     : Explicit concurrent mark sweep GC freed 1317(76KB) AllocSpace objects, 1(20KB) LOS objects, 37% free, 26MB/42MB, paused 504us total 43.059ms
08-06 05:36:04.821 12059 12071 I art     : Starting a blocking GC Explicit
08-06 05:36:04.863 12059 12071 I art     : Explicit concurrent mark sweep GC freed 30(1008B) AllocSpace objects, 0(0B) LOS objects, 37% free, 26MB/42MB, paused 496us total 41.825ms
08-06 05:36:04.880 12059 12071 I art     : Starting a blocking GC Explicit
08-06 05:36:04.888  8745  8745 I ServiceManager: Waiting for service AtCmdFwd...
08-06 05:36:04.918 12059 12071 I art     : Explicit concurrent mark sweep GC freed 3(96B) AllocSpace objects, 0(0B) LOS objects, 37% free, 26MB/42MB, paused 525us total 37.927ms
08-06 05:36:04.934 12059 12071 I art     : Starting a blocking GC Explicit
08-06 05:36:04.976 12059 12071 I art     : Explicit concurrent mark sweep GC freed 3(96B) AllocSpace objects, 0(0B) LOS objects, 37% free, 26MB/42MB, paused 476us total 41.286ms
08-06 05:36:04.992 12059 12071 I art     : Starting a blocking GC Explicit
08-06 05:36:05.034 12059 12071 I art     : Explicit concurrent mark sweep GC freed 3(96B) AllocSpace objects, 0(0B) LOS objects, 37% free, 26MB/42MB, paused 489us total 41.648ms
08-06 05:36:05.330 12059 12059 D SessionListsFragment: Fired refresh session list handler
08-06 05:36:05.347 12059 12072 I art     : Starting a blocking GC Explicit
08-06 05:36:05.395 12059 12072 I art     : Explicit concurrent mark sweep GC freed 19386(793KB) AllocSpace objects, 1(20KB) LOS objects, 37% free, 26MB/42MB, paused 1.195ms total 47.739ms
08-06 05:36:05.410 12059 12072 I art     : Starting a blocking GC Explicit
08-06 05:36:05.456 12059 12072 I art     : Explicit concurrent mark sweep GC freed 21147(866KB) AllocSpace objects, 0(0B) LOS objects, 37% free, 26MB/42MB, paused 1.223ms total 45.161ms
08-06 05:36:05.472 12059 12072 I art     : Starting a blocking GC Explicit
08-06 05:36:05.517 12059 12072 I art     : Explicit concurrent mark sweep GC freed 20260(830KB) AllocSpace objects, 0(0B) LOS objects, 37% free, 26MB/42MB, paused 1.034ms total 44.730ms
08-06 05:36:05.538 12059 12072 I art     : Starting a blocking GC Explicit
08-06 05:36:05.586 12059 12072 I art     : Explicit concurrent mark sweep GC freed 23650(974KB) AllocSpace objects, 0(0B) LOS objects, 37% free, 26MB/42MB, paused 1.198ms total 47.270ms
08-06 05:36:05.601 12059 12072 I art     : Starting a blocking GC Explicit
08-06 05:36:05.650 12059 12072 I art     : Explicit concurrent mark sweep GC freed 23753(978KB) AllocSpace objects, 0(0B) LOS objects, 37% free, 26MB/42MB, paused 1.126ms total 48.558ms
08-06 05:36:05.824 13245 13245 D AndroidRuntime: >>>>>> START com.android.internal.os.RuntimeInit uid 2000 <<<<<<
08-06 05:36:05.830 13245 13245 D AndroidRuntime: CheckJNI is OFF
08-06 05:36:05.872 13245 13245 D ICU     : No timezone override file found: /data/misc/zoneinfo/current/icu/icu_tzdata.dat
08-06 05:36:05.888  8745  8745 I ServiceManager: Waiting for service AtCmdFwd...
08-06 05:36:05.911 13245 13245 I Radio-JNI: register_android_hardware_Radio DONE
08-06 05:36:05.941 13245 13245 D AndroidRuntime: Calling main entry com.android.commands.input.Input
08-06 05:36:05.943 13245 13245 I Input   : injectMotionEvent: MotionEvent { action=ACTION_DOWN, actionButton=0, id[0]=0, x[0]=436.0, y[0]=1770.0, toolType[0]=TOOL_TYPE_UNKNOWN, buttonState=0, metaState=0, flags=0x0, edgeFlags=0x0, pointerCount=1, historySize=0, eventTime=855382355, downTime=855382355, deviceId=0, source=0x1002 }
08-06 05:36:05.947 13245 13245 I Input   : injectMotionEvent: MotionEvent { action=ACTION_UP, actionButton=0, id[0]=0, x[0]=436.0, y[0]=1770.0, toolType[0]=TOOL_TYPE_UNKNOWN, buttonState=0, metaState=0, flags=0x0, edgeFlags=0x0, pointerCount=1, historySize=0, eventTime=855382355, downTime=855382355, deviceId=0, source=0x1002 }
08-06 05:36:05.949 13245 13245 D AndroidRuntime: Shutting down VM
08-06 05:36:05.961 12059 12085 I art     : Starting a blocking GC Explicit
08-06 05:36:05.964 12059 12059 D MainActivity: NavigationItemSelected: Courses
08-06 05:36:05.966   512  2967 D audio_hw_primary: out_set_parameters: enter: usecase(1: low-latency-playback) kvpairs: routing=2
08-06 05:36:05.967   918  4400 I ActivityManager: START u0 {cmp=baseline.com.ak.uobtimetable/.CourseListActivity} from uid 10710 on display 0
08-06 05:36:05.977 12059 12059 D MainActivity: OnPause
08-06 05:36:05.979   512  2967 D audio_hw_primary: select_devices: out_snd_device(2: speaker) in_snd_device(0: none)
08-06 05:36:05.979   512  2967 D msm8974_platform: platform_send_audio_calibration: sending audio calibration for snd_device(2) acdb_id(15)
08-06 05:36:05.979   512  2967 I soundtrigger: audio_extn_sound_trigger_update_device_status: device 0x2 of type 0 for Event 1
08-06 05:36:05.989   512  2967 D audio_hw_primary: enable_snd_device: snd_device(2: speaker)
08-06 05:36:05.992   512  2967 D audio_hw_primary: enable_audio_route: apply and update mixer path: low-latency-playback speaker
08-06 05:36:06.006 12059 12085 I art     : Explicit concurrent mark sweep GC freed 7487(341KB) AllocSpace objects, 1(20KB) LOS objects, 37% free, 26MB/42MB, paused 936us total 44.714ms
08-06 05:36:06.021 12059 12085 I art     : Starting a blocking GC Explicit
08-06 05:36:06.037 12059 12059 D CourseListActivity: onCreate
08-06 05:36:06.039 12059 13269 D HTTP    : Request for: https://uob-timetable-api.adriankeenan.co.uk/courses
08-06 05:36:06.061 12059 12085 I art     : Explicit concurrent mark sweep GC freed 10852(484KB) AllocSpace objects, 0(0B) LOS objects, 37% free, 26MB/42MB, paused 669us total 39.906ms
08-06 05:36:06.075 12059 12085 I art     : Starting a blocking GC Explicit
08-06 05:36:06.096 13866 13866 I GoogleInputMethodServic: GoogleInputMethodService.onFinishInput():3138 
08-06 05:36:06.097 13866 13866 I GoogleInputMethodServic: GoogleInputMethodService.onStartInput():1808 
08-06 05:36:06.097   918   936 I ActivityManager: Displayed baseline.com.ak.uobtimetable/.CourseListActivity: +118ms
08-06 05:36:06.115 12059 12085 I art     : Explicit concurrent mark sweep GC freed 2772(116KB) AllocSpace objects, 0(0B) LOS objects, 37% free, 26MB/42MB, paused 699us total 39.453ms
08-06 05:36:06.115 12059 12070 I art     : WaitForGcToComplete blocked for 19.403ms for cause HeapTrim
08-06 05:36:06.130 12059 12085 I art     : Starting a blocking GC Explicit
08-06 05:36:06.168 12059 12085 I art     : Explicit concurrent mark sweep GC freed 95(5KB) AllocSpace objects, 0(0B) LOS objects, 37% free, 26MB/42MB, paused 591us total 37.918ms
08-06 05:36:06.183 12059 12085 I art     : Starting a blocking GC Explicit
08-06 05:36:06.223 12059 12085 I art     : Explicit concurrent mark sweep GC freed 2297(123KB) AllocSpace objects, 3(200KB) LOS objects, 37% free, 26MB/42MB, paused 699us total 40.485ms
08-06 05:36:06.258 12059 13269 I NAPPA_EXPERIMENTATION: MetricNetworkRequestExecutionTime: REQUEST_DURATION_SYSTEM='218',REQUEST_DURATION_OKHTTP='35',REQUEST_SYNCHRONOUS='TRUE',RESPONSE_CODE='200',RESPONSE_METHOD='GET',RESPONSE_LENGTH_OKHTTP='-1',RESPONSE_LENGTH_HEADER='-2',REQUEST_PROTOCOL='http/1.1',REQUEST_URL='https://uob-timetable-api.adriankeenan.co.uk/courses',
08-06 05:36:06.477 12059 12059 D MainActivity: Saving state
08-06 05:36:06.477 12059 12059 D MainActivity: Saving current fragment: SessionListsFragment
08-06 05:36:06.478 12059 12059 D MainActivity: Saving current index: 3
08-06 05:36:06.479 12059 12059 D SessionListsFragment: Saving state
08-06 05:36:06.514 12059 13140 I art     : Starting a blocking GC Explicit
08-06 05:36:06.531   512  2967 D audio_hw_primary: disable_audio_route: reset and update mixer path: low-latency-playback speaker
08-06 05:36:06.531   512  2967 D audio_hw_primary: disable_snd_device: snd_device(2: speaker)
08-06 05:36:06.538   512  2967 I soundtrigger: audio_extn_sound_trigger_update_device_status: device 0x2 of type 0 for Event 0
08-06 05:36:06.551 12059 13140 I art     : Explicit concurrent mark sweep GC freed 58(3KB) AllocSpace objects, 0(0B) LOS objects, 24% free, 48MB/64MB, paused 539us total 37.272ms
08-06 05:36:06.566 12059 13140 I art     : Starting a blocking GC Explicit
08-06 05:36:06.603 12059 13140 I art     : Explicit concurrent mark sweep GC freed 40(1472B) AllocSpace objects, 0(0B) LOS objects, 24% free, 48MB/64MB, paused 535us total 37.148ms
08-06 05:36:06.617 12059 13140 I art     : Starting a blocking GC Explicit
08-06 05:36:06.646 12059 13269 I HTTP    : Response was compressed.
08-06 05:36:06.657 12059 13140 I art     : Explicit concurrent mark sweep GC freed 4628(209KB) AllocSpace objects, 0(0B) LOS objects, 19% free, 64MB/80MB, paused 742us total 39.046ms
08-06 05:36:06.670 12059 13140 I art     : Starting a blocking GC Explicit
08-06 05:36:06.720 12059 13140 I art     : Explicit concurrent mark sweep GC freed 30509(1423KB) AllocSpace objects, 2(22MB) LOS objects, 27% free, 42MB/58MB, paused 742us total 49.077ms
08-06 05:36:06.735 12059 13140 I art     : Starting a blocking GC Explicit
08-06 05:36:06.779 12059 13140 I art     : Explicit concurrent mark sweep GC freed 36363(1734KB) AllocSpace objects, 0(0B) LOS objects, 27% free, 42MB/58MB, paused 836us total 44.467ms
08-06 05:36:06.889  8745  8745 I ServiceManager: Waiting for service AtCmdFwd...
08-06 05:36:07.088 12059 13140 I art     : Starting a blocking GC Explicit
08-06 05:36:07.155 12059 13140 I art     : Explicit concurrent mark sweep GC freed 197708(9MB) AllocSpace objects, 1(20KB) LOS objects, 26% free, 43MB/59MB, paused 806us total 67.115ms
08-06 05:36:07.173 12059 13140 I art     : Starting a blocking GC Explicit
08-06 05:36:07.217 24365  4416 I NetworkScheduler.Stats: Task com.google.android.gms/com.google.android.gms.icing.service.IcingGcmTaskService started execution. cause:4 exec_start_elapsed_seconds: 1838771 [CONTEXT service_id=218 ]
08-06 05:36:07.221 24365 32102 I NetworkScheduler.Stats: Task com.google.android.gms/com.google.android.gms.icing.service.IcingGcmTaskService finished executing. cause:4 result: 1 elapsed_millis: 23 uptime_millis: 23 exec_start_elapsed_seconds: 1838771 [CONTEXT service_id=218 ]
08-06 05:36:07.225 12059 13140 I art     : Explicit concurrent mark sweep GC freed 41907(1986KB) AllocSpace objects, 0(0B) LOS objects, 26% free, 43MB/59MB, paused 999us total 51.490ms
08-06 05:36:07.242 12059 13140 I art     : Starting a blocking GC Explicit
08-06 05:36:07.291 12059 13140 I art     : Explicit concurrent mark sweep GC freed 34922(1648KB) AllocSpace objects, 0(0B) LOS objects, 26% free, 44MB/60MB, paused 1.061ms total 48.103ms
08-06 05:36:07.308 12059 13140 I art     : Starting a blocking GC Explicit
08-06 05:36:07.360 12059 13140 I art     : Explicit concurrent mark sweep GC freed 38227(1805KB) AllocSpace objects, 0(0B) LOS objects, 26% free, 44MB/60MB, paused 1.195ms total 52.435ms
08-06 05:36:07.378 12059 13140 I art     : Starting a blocking GC Explicit
08-06 05:36:07.432 12059 13140 I art     : Explicit concurrent mark sweep GC freed 38166(1794KB) AllocSpace objects, 0(0B) LOS objects, 26% free, 44MB/60MB, paused 1.148ms total 54.159ms
08-06 05:36:07.752 12059 12278 I art     : Starting a blocking GC Explicit
08-06 05:36:07.831 12059 12278 I art     : Explicit concurrent mark sweep GC freed 205592(9MB) AllocSpace objects, 1(20KB) LOS objects, 25% free, 46MB/62MB, paused 1.018ms total 78.428ms
08-06 05:36:07.853 12059 12278 I art     : Starting a blocking GC Explicit
08-06 05:36:07.889  8745  8745 I ServiceManager: Waiting for service AtCmdFwd...
08-06 05:36:07.912 12059 12278 I art     : Explicit concurrent mark sweep GC freed 51544(2MB) AllocSpace objects, 0(0B) LOS objects, 25% free, 46MB/62MB, paused 1.286ms total 59.612ms
08-06 05:36:07.932 12059 12278 I art     : Starting a blocking GC Explicit
08-06 05:36:07.993 12059 12278 I art     : Explicit concurrent mark sweep GC freed 43260(2023KB) AllocSpace objects, 0(0B) LOS objects, 25% free, 46MB/62MB, paused 1.426ms total 61.427ms
08-06 05:36:08.012 12059 12278 I art     : Starting a blocking GC Explicit
08-06 05:36:08.074 12059 12278 I art     : Explicit concurrent mark sweep GC freed 39245(1843KB) AllocSpace objects, 0(0B) LOS objects, 25% free, 47MB/63MB, paused 1.402ms total 60.917ms
08-06 05:36:08.094 12059 12278 I art     : Starting a blocking GC Explicit
08-06 05:36:08.157 12059 12278 I art     : Explicit concurrent mark sweep GC freed 41316(1938KB) AllocSpace objects, 0(0B) LOS objects, 25% free, 47MB/63MB, paused 1.406ms total 62.790ms
08-06 05:36:08.477 12059 12071 I art     : Starting a blocking GC Explicit
08-06 05:36:08.562 12059 12071 I art     : Explicit concurrent mark sweep GC freed 208061(9MB) AllocSpace objects, 1(20KB) LOS objects, 24% free, 49MB/65MB, paused 1.181ms total 84.619ms
08-06 05:36:08.584 12059 12071 I art     : Starting a blocking GC Explicit
08-06 05:36:08.653 12059 12071 I art     : Explicit concurrent mark sweep GC freed 55741(2MB) AllocSpace objects, 0(0B) LOS objects, 24% free, 49MB/65MB, paused 1.467ms total 68.451ms
08-06 05:36:08.674 12059 12071 I art     : Starting a blocking GC Explicit
08-06 05:36:08.744 12059 12071 I art     : Explicit concurrent mark sweep GC freed 48501(2MB) AllocSpace objects, 0(0B) LOS objects, 24% free, 49MB/65MB, paused 1.520ms total 69.878ms
08-06 05:36:08.765 12059 12071 I art     : Starting a blocking GC Explicit
08-06 05:36:08.836 12059 12071 I art     : Explicit concurrent mark sweep GC freed 49331(2MB) AllocSpace objects, 0(0B) LOS objects, 24% free, 50MB/66MB, paused 1.534ms total 71.068ms
08-06 05:36:08.858 12059 12071 I art     : Starting a blocking GC Explicit
08-06 05:36:08.890  8745  8745 W Atfwd_Sendcmd: AtCmdFwd service not published, waiting... retryCnt : 4
08-06 05:36:08.930 12059 12071 I art     : Explicit concurrent mark sweep GC freed 49737(2MB) AllocSpace objects, 0(0B) LOS objects, 24% free, 50MB/66MB, paused 1.515ms total 72.102ms
08-06 05:36:09.251 12059 12072 I art     : Starting a blocking GC Explicit
08-06 05:36:09.349 12059 12072 I art     : Explicit concurrent mark sweep GC freed 212688(9MB) AllocSpace objects, 1(20KB) LOS objects, 23% free, 52MB/68MB, paused 1.468ms total 97.369ms
08-06 05:36:09.372 12059 12072 I art     : Starting a blocking GC Explicit
08-06 05:36:09.450 12059 12072 I art     : Explicit concurrent mark sweep GC freed 61053(2MB) AllocSpace objects, 0(0B) LOS objects, 23% free, 52MB/68MB, paused 2.098ms total 77.420ms
08-06 05:36:09.453 12059 13269 I Service : getCourses response time: 0.69
08-06 05:36:09.464 12059 12059 I SettingsManager: Getting string: savedCourse
08-06 05:36:09.473 12059 12072 I art     : Starting a blocking GC Explicit
08-06 05:36:09.548 12059 12072 I art     : Explicit concurrent mark sweep GC freed 9080(424KB) AllocSpace objects, 1(14MB) LOS objects, 29% free, 37MB/53MB, paused 830us total 75.163ms
08-06 05:36:09.571 12059 12072 I art     : Starting a blocking GC Explicit
08-06 05:36:09.641 12059 12072 I art     : Explicit concurrent mark sweep GC freed 744(30KB) AllocSpace objects, 0(0B) LOS objects, 29% free, 37MB/53MB, paused 601us total 69.761ms
08-06 05:36:09.666 12059 12072 I art     : Starting a blocking GC Explicit
08-06 05:36:09.750 12059 12072 I art     : Explicit concurrent mark sweep GC freed 699(64KB) AllocSpace objects, 0(0B) LOS objects, 29% free, 37MB/53MB, paused 560us total 83.556ms
08-06 05:36:10.100 12059 12071 I art     : Starting a blocking GC Explicit
08-06 05:36:10.203 12059 12071 I art     : Explicit concurrent mark sweep GC freed 1295(75KB) AllocSpace objects, 1(20KB) LOS objects, 29% free, 37MB/53MB, paused 601us total 102.422ms
08-06 05:36:10.230 12059 12071 I art     : Starting a blocking GC Explicit
08-06 05:36:10.310 12059 12071 I art     : Explicit concurrent mark sweep GC freed 18(624B) AllocSpace objects, 0(0B) LOS objects, 29% free, 37MB/53MB, paused 553us total 78.820ms
08-06 05:36:10.335 12059 12071 I art     : Starting a blocking GC Explicit
08-06 05:36:10.421 12059 12071 I art     : Explicit concurrent mark sweep GC freed 3(96B) AllocSpace objects, 0(0B) LOS objects, 29% free, 37MB/53MB, paused 537us total 85.039ms
08-06 05:36:10.446 12059 12071 I art     : Starting a blocking GC Explicit
08-06 05:36:10.527 12059 12071 I art     : Explicit concurrent mark sweep GC freed 3(96B) AllocSpace objects, 0(0B) LOS objects, 29% free, 37MB/53MB, paused 517us total 80.343ms
08-06 05:36:10.553 12059 12071 I art     : Starting a blocking GC Explicit
08-06 05:36:10.628 12059 12071 I art     : Explicit concurrent mark sweep GC freed 3(96B) AllocSpace objects, 0(0B) LOS objects, 29% free, 37MB/53MB, paused 587us total 74.564ms
08-06 05:36:10.985 12059 12278 I art     : Starting a blocking GC Explicit
08-06 05:36:11.079 12059 12278 I art     : Explicit concurrent mark sweep GC freed 1293(75KB) AllocSpace objects, 1(20KB) LOS objects, 29% free, 37MB/53MB, paused 578us total 94.025ms
08-06 05:36:11.105 12059 12278 I art     : Starting a blocking GC Explicit
08-06 05:36:11.184 12059 12278 I art     : Explicit concurrent mark sweep GC freed 21(752B) AllocSpace objects, 0(0B) LOS objects, 29% free, 37MB/53MB, paused 552us total 79.324ms
08-06 05:36:11.184 12059 12070 I art     : WaitForGcToComplete blocked for 15.684ms for cause HeapTrim
08-06 05:36:11.210 12059 12278 I art     : Starting a blocking GC Explicit
08-06 05:36:11.293 12059 12278 I art     : Explicit concurrent mark sweep GC freed 3(96B) AllocSpace objects, 0(0B) LOS objects, 29% free, 37MB/53MB, paused 543us total 82.560ms
08-06 05:36:11.319 12059 12278 I art     : Starting a blocking GC Explicit
08-06 05:36:11.401 12059 12278 I art     : Explicit concurrent mark sweep GC freed 3(96B) AllocSpace objects, 0(0B) LOS objects, 29% free, 37MB/53MB, paused 539us total 82.245ms
08-06 05:36:11.427 12059 12278 I art     : Starting a blocking GC Explicit
08-06 05:36:11.512 12059 12278 I art     : Explicit concurrent mark sweep GC freed 3(96B) AllocSpace objects, 0(0B) LOS objects, 29% free, 37MB/53MB, paused 547us total 84.819ms
08-06 05:36:11.881 12059 13140 I art     : Starting a blocking GC Explicit
08-06 05:36:11.977 12059 13140 I art     : Explicit concurrent mark sweep GC freed 1293(75KB) AllocSpace objects, 1(20KB) LOS objects, 29% free, 37MB/53MB, paused 550us total 95.309ms
08-06 05:36:12.003 12059 13140 I art     : Starting a blocking GC Explicit
08-06 05:36:12.087 12059 13140 I art     : Explicit concurrent mark sweep GC freed 18(624B) AllocSpace objects, 0(0B) LOS objects, 29% free, 37MB/53MB, paused 556us total 83.710ms
08-06 05:36:12.113 12059 13140 I art     : Starting a blocking GC Explicit
08-06 05:36:12.193 12059 13140 I art     : Explicit concurrent mark sweep GC freed 3(96B) AllocSpace objects, 0(0B) LOS objects, 29% free, 37MB/53MB, paused 525us total 79.879ms
08-06 05:36:12.218 12059 13140 I art     : Starting a blocking GC Explicit
08-06 05:36:12.287 12059 13140 I art     : Explicit concurrent mark sweep GC freed 3(96B) AllocSpace objects, 0(0B) LOS objects, 29% free, 37MB/53MB, paused 520us total 68.625ms
08-06 05:36:12.310 12059 13140 I art     : Starting a blocking GC Explicit
08-06 05:36:12.386 12059 13140 I art     : Explicit concurrent mark sweep GC freed 3(96B) AllocSpace objects, 0(0B) LOS objects, 29% free, 37MB/53MB, paused 543us total 75.275ms
08-06 05:36:12.749 13358 13358 D AndroidRuntime: >>>>>> START com.android.internal.os.RuntimeInit uid 2000 <<<<<<
08-06 05:36:12.750 12059 12072 I art     : Starting a blocking GC Explicit
08-06 05:36:12.757 13358 13358 D AndroidRuntime: CheckJNI is OFF
08-06 05:36:12.803 13358 13358 D ICU     : No timezone override file found: /data/misc/zoneinfo/current/icu/icu_tzdata.dat
08-06 05:36:12.834 12059 12072 I art     : Explicit concurrent mark sweep GC freed 1293(75KB) AllocSpace objects, 1(20KB) LOS objects, 29% free, 37MB/53MB, paused 566us total 84.067ms
08-06 05:36:12.849 13358 13358 I Radio-JNI: register_android_hardware_Radio DONE
08-06 05:36:12.859 12059 12072 I art     : Starting a blocking GC Explicit
08-06 05:36:12.878 13358 13358 D AndroidRuntime: Calling main entry com.android.commands.input.Input
08-06 05:36:12.880 13358 13358 I Input   : injectMotionEvent: MotionEvent { action=ACTION_DOWN, actionButton=0, id[0]=0, x[0]=648.0, y[0]=709.0, toolType[0]=TOOL_TYPE_UNKNOWN, buttonState=0, metaState=0, flags=0x0, edgeFlags=0x0, pointerCount=1, historySize=0, eventTime=855389292, downTime=855389292, deviceId=0, source=0x1002 }
08-06 05:36:12.886 13358 13358 I Input   : injectMotionEvent: MotionEvent { action=ACTION_UP, actionButton=0, id[0]=0, x[0]=648.0, y[0]=709.0, toolType[0]=TOOL_TYPE_UNKNOWN, buttonState=0, metaState=0, flags=0x0, edgeFlags=0x0, pointerCount=1, historySize=0, eventTime=855389292, downTime=855389292, deviceId=0, source=0x1002 }
08-06 05:36:12.888 13358 13358 D AndroidRuntime: Shutting down VM
08-06 05:36:12.933 12059 12072 I art     : Explicit concurrent mark sweep GC freed 34(1248B) AllocSpace objects, 0(0B) LOS objects, 29% free, 37MB/53MB, paused 523us total 74.160ms
08-06 05:36:12.955   512  2967 D audio_hw_primary: out_set_parameters: enter: usecase(1: low-latency-playback) kvpairs: routing=2
08-06 05:36:12.959 12059 12072 I art     : Starting a blocking GC Explicit
08-06 05:36:12.968   512  2967 D audio_hw_primary: select_devices: out_snd_device(2: speaker) in_snd_device(0: none)
08-06 05:36:12.968   512  2967 D msm8974_platform: platform_send_audio_calibration: sending audio calibration for snd_device(2) acdb_id(15)
08-06 05:36:12.969   512  2967 I soundtrigger: audio_extn_sound_trigger_update_device_status: device 0x2 of type 0 for Event 1
08-06 05:36:12.979   512  2967 D audio_hw_primary: enable_snd_device: snd_device(2: speaker)
08-06 05:36:12.981   512  2967 D audio_hw_primary: enable_audio_route: apply and update mixer path: low-latency-playback speaker
08-06 05:36:13.027 12059 12072 I art     : Explicit concurrent mark sweep GC freed 725(51KB) AllocSpace objects, 1(20KB) LOS objects, 29% free, 37MB/53MB, paused 524us total 67.743ms
08-06 05:36:13.050 12059 12072 I art     : Starting a blocking GC Explicit
08-06 05:36:13.123 12059 12072 I art     : Explicit concurrent mark sweep GC freed 138(10KB) AllocSpace objects, 0(0B) LOS objects, 29% free, 37MB/53MB, paused 539us total 72.519ms
08-06 05:36:13.151 12059 12072 I art     : Starting a blocking GC Explicit
08-06 05:36:13.229 12059 12072 I art     : Explicit concurrent mark sweep GC freed 30(1408B) AllocSpace objects, 0(0B) LOS objects, 29% free, 37MB/53MB, paused 564us total 77.595ms
08-06 05:36:13.519   512  2967 D audio_hw_primary: disable_audio_route: reset and update mixer path: low-latency-playback speaker
08-06 05:36:13.521   512  2967 D audio_hw_primary: disable_snd_device: snd_device(2: speaker)
08-06 05:36:13.530   512  2967 I soundtrigger: audio_extn_sound_trigger_update_device_status: device 0x2 of type 0 for Event 0
08-06 05:36:13.571 12059 12072 I art     : Starting a blocking GC Explicit
08-06 05:36:13.665 12059 12072 I art     : Explicit concurrent mark sweep GC freed 1295(75KB) AllocSpace objects, 1(20KB) LOS objects, 29% free, 37MB/53MB, paused 567us total 93.489ms
08-06 05:36:13.695 12059 12072 I art     : Starting a blocking GC Explicit
08-06 05:36:13.787 12059 12072 I art     : Explicit concurrent mark sweep GC freed 26(880B) AllocSpace objects, 0(0B) LOS objects, 29% free, 37MB/53MB, paused 492us total 92.020ms
08-06 05:36:13.814 12059 12072 I art     : Starting a blocking GC Explicit
08-06 05:36:13.889 12059 12072 I art     : Explicit concurrent mark sweep GC freed 5(160B) AllocSpace objects, 0(0B) LOS objects, 29% free, 37MB/53MB, paused 531us total 75.345ms
08-06 05:36:13.915 12059 12072 I art     : Starting a blocking GC Explicit
08-06 05:36:13.993 12059 12072 I art     : Explicit concurrent mark sweep GC freed 3(96B) AllocSpace objects, 0(0B) LOS objects, 29% free, 37MB/53MB, paused 544us total 78.567ms
08-06 05:36:14.019 12059 12072 I art     : Starting a blocking GC Explicit
08-06 05:36:14.096 12059 12072 I art     : Explicit concurrent mark sweep GC freed 3(96B) AllocSpace objects, 0(0B) LOS objects, 29% free, 37MB/53MB, paused 549us total 76.753ms
08-06 05:36:14.428 12059 12085 I art     : Starting a blocking GC Explicit
08-06 05:36:14.514 12059 12085 I art     : Explicit concurrent mark sweep GC freed 1293(75KB) AllocSpace objects, 1(20KB) LOS objects, 29% free, 37MB/53MB, paused 567us total 85.781ms
08-06 05:36:14.541 12059 12085 I art     : Starting a blocking GC Explicit
08-06 05:36:14.623 12059 12085 I art     : Explicit concurrent mark sweep GC freed 21(720B) AllocSpace objects, 0(0B) LOS objects, 29% free, 37MB/53MB, paused 649us total 82.623ms
08-06 05:36:14.655 12059 12085 I art     : Starting a blocking GC Explicit
08-06 05:36:14.670 13391 13391 D AndroidRuntime: >>>>>> START com.android.internal.os.RuntimeInit uid 2000 <<<<<<
08-06 05:36:14.676 13391 13391 D AndroidRuntime: CheckJNI is OFF
08-06 05:36:14.720 13391 13391 D ICU     : No timezone override file found: /data/misc/zoneinfo/current/icu/icu_tzdata.dat
08-06 05:36:14.730 12059 12085 I art     : Explicit concurrent mark sweep GC freed 16(512B) AllocSpace objects, 0(0B) LOS objects, 29% free, 37MB/53MB, paused 515us total 74.645ms
08-06 05:36:14.755 12059 12085 I art     : Starting a blocking GC Explicit
08-06 05:36:14.766 13391 13391 I Radio-JNI: register_android_hardware_Radio DONE
08-06 05:36:14.795 13391 13391 D AndroidRuntime: Calling main entry com.android.commands.input.Input
08-06 05:36:14.797 13391 13391 I Input   : injectMotionEvent: MotionEvent { action=ACTION_DOWN, actionButton=0, id[0]=0, x[0]=1197.0, y[0]=1456.0, toolType[0]=TOOL_TYPE_UNKNOWN, buttonState=0, metaState=0, flags=0x0, edgeFlags=0x0, pointerCount=1, historySize=0, eventTime=855391209, downTime=855391209, deviceId=0, source=0x1002 }
08-06 05:36:14.806 13391 13391 I Input   : injectMotionEvent: MotionEvent { action=ACTION_UP, actionButton=0, id[0]=0, x[0]=1197.0, y[0]=1456.0, toolType[0]=TOOL_TYPE_UNKNOWN, buttonState=0, metaState=0, flags=0x0, edgeFlags=0x0, pointerCount=1, historySize=0, eventTime=855391209, downTime=855391209, deviceId=0, source=0x1002 }
08-06 05:36:14.808 13391 13391 D AndroidRuntime: Shutting down VM
08-06 05:36:14.823   512  2967 D audio_hw_primary: out_set_parameters: enter: usecase(1: low-latency-playback) kvpairs: routing=2
08-06 05:36:14.831 12059 12085 I art     : Explicit concurrent mark sweep GC freed 21(768B) AllocSpace objects, 0(0B) LOS objects, 29% free, 37MB/53MB, paused 496us total 75.842ms
08-06 05:36:14.836   512  2967 D audio_hw_primary: select_devices: out_snd_device(2: speaker) in_snd_device(0: none)
08-06 05:36:14.836   512  2967 D msm8974_platform: platform_send_audio_calibration: sending audio calibration for snd_device(2) acdb_id(15)
08-06 05:36:14.837   512  2967 I soundtrigger: audio_extn_sound_trigger_update_device_status: device 0x2 of type 0 for Event 1
08-06 05:36:14.844 12059 12079 D OpenGLRenderer: endAllStagingAnimators on 0x7f94ab4800 (RippleDrawable) with handle 0x7f77ccc640
08-06 05:36:14.847   512  2967 D audio_hw_primary: enable_snd_device: snd_device(2: speaker)
08-06 05:36:14.850   512  2967 D audio_hw_primary: enable_audio_route: apply and update mixer path: low-latency-playback speaker
08-06 05:36:14.857 12059 12085 I art     : Starting a blocking GC Explicit
08-06 05:36:14.858 12059 12059 I SettingsManager: Setting string: savedCourse
08-06 05:36:14.859   918  6029 W BackupManagerService: dataChanged but no participant pkg='baseline.com.ak.uobtimetable' uid=10710
08-06 05:36:14.859   918  3670 I ActivityManager: START u0 {flg=0x4000000 cmp=baseline.com.ak.uobtimetable/.MainActivity (has extras)} from uid 10710 on display 0
08-06 05:36:14.872   918  6110 W InputMethodManagerService: Focus gain on non-focused client com.android.internal.view.IInputMethodClient$Stub$Proxy@835cc5b (uid=10710 pid=12059)
08-06 05:36:14.885 12059 12059 D MainActivity: OnDestroy
08-06 05:36:14.908 12059 12059 D MainActivity: onCreate
08-06 05:36:14.908 12059 12059 I SettingsManager: Getting string: savedSessions
08-06 05:36:14.908 12059 12059 I SettingsManager: Getting string: savedSessions
08-06 05:36:14.919 12059 12059 I SettingsManager: Getting string: savedSessionsCourseName
08-06 05:36:14.919 12059 12059 I SettingsManager: Getting string: savedSessionsCourseName
08-06 05:36:14.919 12059 12059 I SettingsManager: Getting string: savedSessionsDateRange
08-06 05:36:14.919 12059 12059 I SettingsManager: Getting string: savedSessionsDateRange
08-06 05:36:14.919 12059 12059 I Settings: 15 saved sessions - Artificial Intelligence and Robotics (with Foundation Year) - BSc (Hons) - Ltn - Y0 Feb FT - Weeks: 24-38 (8 Jun 2020-20 Sep 2020)
08-06 05:36:14.932 12059 12085 I art     : Explicit concurrent mark sweep GC freed 11544(533KB) AllocSpace objects, 0(0B) LOS objects, 29% free, 37MB/53MB, paused 765us total 74.310ms
08-06 05:36:14.962 12059 12059 I SettingsManager: Getting string: savedCourse
08-06 05:36:14.963 12059 12059 D MainActivity: sessionListFragmentArg: updateSessions
08-06 05:36:14.963 12059 12059 D MainActivity: showTermDatesConfigChange: false
08-06 05:36:14.963 12059 12059 D MainActivity: showTermDatesShortcut: false
08-06 05:36:14.964 12059 12059 D MainActivity: Setting initial fragment: SessionListsFragment
08-06 05:36:14.964 12059 12059 I SettingsManager: Getting int: launchCount
08-06 05:36:14.965 12059 12059 D SessionListsFragment: onCreateView
08-06 05:36:14.970 12059 12059 I SettingsManager: Getting string: savedCourse
08-06 05:36:14.974 12059 12059 I SettingsManager: Getting string: savedSessions
08-06 05:36:14.985 12059 12059 D SessionListsFragment: loadArgument: updateSessions
08-06 05:36:14.985 12059 12059 D SessionListsFragment: initialIndex: -1
08-06 05:36:14.987 12059 13414 D HTTP    : Request for: https://uob-timetable-api.adriankeenan.co.uk/sessions?dept=CM010&course=BSAIFAAF%2F02AA%2F0%2FFT&level=Foundation+Year
08-06 05:36:15.000 12059 12059 D TermDatesFragment: WebView loaded
08-06 05:36:15.001 12059 12059 D MainActivity: OnResume
08-06 05:36:15.010 12059 12059 I TermDatesFragment: Webview load %: 10
08-06 05:36:15.102   918   936 I ActivityManager: Displayed baseline.com.ak.uobtimetable/.MainActivity: +229ms
08-06 05:36:15.104 13866 13866 I GoogleInputMethodServic: GoogleInputMethodService.onFinishInput():3138 
08-06 05:36:15.104 13866 13866 I GoogleInputMethodServic: GoogleInputMethodService.onStartInput():1808 
08-06 05:36:15.200 12059 13414 I NAPPA_EXPERIMENTATION: MetricNetworkRequestExecutionTime: REQUEST_DURATION_SYSTEM='212',REQUEST_DURATION_OKHTTP='58',REQUEST_SYNCHRONOUS='TRUE',RESPONSE_CODE='200',RESPONSE_METHOD='GET',RESPONSE_LENGTH_OKHTTP='-1',RESPONSE_LENGTH_HEADER='1214',REQUEST_PROTOCOL='http/1.1',REQUEST_URL='https://uob-timetable-api.adriankeenan.co.uk/sessions?dept=CM010&course=BSAIFAAF%2F02AA%2F0%2FFT&level=Foundation+Year',
08-06 05:36:15.214 12059 12059 I TermDatesFragment: Webview load %: 70
08-06 05:36:15.222 12059 12059 I TermDatesFragment: Webview load %: 100
08-06 05:36:15.222 12059 12059 I TermDatesFragment: Webview load %: 100
08-06 05:36:15.239 12059 12278 I art     : Starting a blocking GC Explicit
08-06 05:36:15.242 12059 13414 I HTTP    : Response was compressed.
08-06 05:36:15.259 12059 13414 I Service : getSessions response time: 1.10
08-06 05:36:15.260 12059 12059 I SettingsManager: Getting string: savedSessions
08-06 05:36:15.261 12059 12059 I SettingsManager: Getting string: savedSessions
08-06 05:36:15.271 12059 12059 I Service : Sessions updated: 15
08-06 05:36:15.271 12059 12059 I Service : Sessions removed from new list: 0
08-06 05:36:15.281 12059 12059 I SettingsManager: Setting string: savedSessions
08-06 05:36:15.282   918  3961 W BackupManagerService: dataChanged but no participant pkg='baseline.com.ak.uobtimetable' uid=10710
08-06 05:36:15.282 12059 12059 I SettingsManager: Setting date: savedSessionsTime
08-06 05:36:15.289   918  6112 W BackupManagerService: dataChanged but no participant pkg='baseline.com.ak.uobtimetable' uid=10710
08-06 05:36:15.289 12059 12059 I SettingsManager: Setting string: savedSessionsCourseName
08-06 05:36:15.290   918  3670 W BackupManagerService: dataChanged but no participant pkg='baseline.com.ak.uobtimetable' uid=10710
08-06 05:36:15.290 12059 12059 I SettingsManager: Setting string: savedSessionsDateRange
08-06 05:36:15.290   918  5132 W BackupManagerService: dataChanged but no participant pkg='baseline.com.ak.uobtimetable' uid=10710
08-06 05:36:15.291 12059 12059 I SettingsManager: Setting string: timetableUrl
08-06 05:36:15.291   918  4413 W BackupManagerService: dataChanged but no participant pkg='baseline.com.ak.uobtimetable' uid=10710
08-06 05:36:15.291 12059 12059 I SettingsManager: Getting boolean: notifySessionRemindersEnabled
08-06 05:36:15.291 12059 12059 I SettingsManager: Getting int: notifySessionRemindersMinutes
08-06 05:36:15.292 12059 12059 I SettingsManager: Getting boolean: showHiddenSessions
08-06 05:36:15.294 12059 12059 I SessionReminderNotifier: Created session reminder alarm for f7b4771250a919bd729c1c5a4a459c77 at Mon 08:30:00 10/08/20
08-06 05:36:15.296 12059 12059 I SessionReminderNotifier: Created session reminder alarm for a7f879aabdeb78622c8820a5fb7b64cd at Tue 08:30:00 11/08/20
08-06 05:36:15.298 12059 12059 I SessionReminderNotifier: Created session reminder alarm for 7bc8d7e2c2055711f597c3d9078c6ea3 at Tue 08:30:00 11/08/20
08-06 05:36:15.300 12059 12059 I SessionReminderNotifier: Created session reminder alarm for 53c0527a6f009a1f2fd223834d3bfe51 at Tue 10:30:00 11/08/20
08-06 05:36:15.302 12059 12059 I SessionReminderNotifier: Created session reminder alarm for e0fc978b5db8218778540b4053344581 at Tue 11:00:00 11/08/20
08-06 05:36:15.304 12059 12059 I SessionReminderNotifier: Created session reminder alarm for 199afb0100f329ff65a09e1b0cd9deba at Tue 11:30:00 11/08/20
08-06 05:36:15.308 12059 12059 I SessionReminderNotifier: Created session reminder alarm for 21712fef61090882c855a1425543edb5 at Tue 13:30:00 11/08/20
08-06 05:36:15.311 12059 12059 I SessionReminderNotifier: Created session reminder alarm for 65ca4d97f031f29a4d02bbb45a705d8f at Wed 08:30:00 12/08/20
08-06 05:36:15.313 12059 12059 I SessionReminderNotifier: Created session reminder alarm for eeda7741b0bcab58fd9f46dc6ef1d942 at Wed 08:30:00 12/08/20
08-06 05:36:15.315 12059 12059 I SessionReminderNotifier: Created session reminder alarm for c276c1b2075a0beb67f1b3d1e580f920 at Wed 11:00:00 12/08/20
08-06 05:36:15.319 12059 12059 I SessionReminderNotifier: Created session reminder alarm for 8b1f3627e42ae13a6f6ba0a83903dde1 at Wed 13:30:00 12/08/20
08-06 05:36:15.322 12059 12059 I SessionReminderNotifier: Created session reminder alarm for 79fe0b5c3b887a13ba29db5a33fa2800 at Thu 08:30:00 06/08/20
08-06 05:36:15.328 12059 12059 I SessionReminderNotifier: Created session reminder alarm for cb9dfc8231cdba2be0835dc5709690e1 at Thu 08:30:00 06/08/20
08-06 05:36:15.329 12059 12278 I art     : Explicit concurrent mark sweep GC freed 31886(1546KB) AllocSpace objects, 9(1612KB) LOS objects, 29% free, 38MB/54MB, paused 1.315ms total 89.001ms
08-06 05:36:15.330 12059 12059 I SessionReminderNotifier: Created session reminder alarm for f850dc24d6de60b7b89fa9e1a8c224c5 at Thu 12:00:00 06/08/20
08-06 05:36:15.333 12059 12059 I SessionReminderNotifier: Created session reminder alarm for 2ba1034116e4fffdd592dbf0796a43d5 at Fri 08:30:00 07/08/20
08-06 05:36:15.333 12059 12059 I SettingsManager: Getting boolean: showHiddenSessions
08-06 05:36:15.333 12059 12059 D SessionListsFragment: 1 sessions for day 0
08-06 05:36:15.333 12059 12059 D SessionListsFragment: 6 sessions for day 1
08-06 05:36:15.333 12059 12059 D SessionListsFragment: 4 sessions for day 2
08-06 05:36:15.333 12059 12059 D SessionListsFragment: 3 sessions for day 3
08-06 05:36:15.333 12059 12059 D SessionListsFragment: 1 sessions for day 4
08-06 05:36:15.354 12059 12278 I art     : Starting a blocking GC Explicit
08-06 05:36:15.384 12059 12059 I SettingsManager: Getting boolean: showHiddenSessions
08-06 05:36:15.385 12059 12059 D SessionListsFragment: Refreshed ViewPager
08-06 05:36:15.385 12059 12059 I SettingsManager: Getting boolean: showHiddenSessions
08-06 05:36:15.385 12059 12059 I SettingsManager: Getting boolean: completedTutorial
08-06 05:36:15.385 12059 12059 I SettingsManager: Getting boolean: showHiddenSessions
08-06 05:36:15.385 12059 12059 I SettingsManager: Getting date: savedSessionsTime
08-06 05:36:15.398   512  2967 D audio_hw_primary: disable_audio_route: reset and update mixer path: low-latency-playback speaker
08-06 05:36:15.399   512  2967 D audio_hw_primary: disable_snd_device: snd_device(2: speaker)
08-06 05:36:15.406   512  2967 I soundtrigger: audio_extn_sound_trigger_update_device_status: device 0x2 of type 0 for Event 0
08-06 05:36:15.420 12059 12278 I art     : Explicit concurrent mark sweep GC freed 50882(2MB) AllocSpace objects, 2(120KB) LOS objects, 30% free, 36MB/52MB, paused 1.276ms total 66.101ms
08-06 05:36:15.442 12059 12278 I art     : Starting a blocking GC Explicit
08-06 05:36:15.509 12059 12278 I art     : Explicit concurrent mark sweep GC freed 31524(1263KB) AllocSpace objects, 0(0B) LOS objects, 30% free, 36MB/52MB, paused 1.376ms total 67.577ms
08-06 05:36:15.532 12059 12278 I art     : Starting a blocking GC Explicit
08-06 05:36:15.605 12059 12278 I art     : Explicit concurrent mark sweep GC freed 28273(1162KB) AllocSpace objects, 0(0B) LOS objects, 30% free, 36MB/52MB, paused 1.387ms total 72.521ms
08-06 05:36:15.628 12059 12278 I art     : Starting a blocking GC Explicit
08-06 05:36:15.703 12059 12278 I art     : Explicit concurrent mark sweep GC freed 34503(1413KB) AllocSpace objects, 0(0B) LOS objects, 30% free, 36MB/52MB, paused 1.423ms total 75.356ms
08-06 05:36:15.986   918  1210 D NetlinkSocketObserver: NeighborEvent{elapsedMs=1838779861, 192.168.2.254, [7C3953A63323], RTM_NEWNEIGH, NUD_STALE}
08-06 05:36:16.032   918  3261 D WifiStateMachine: starting scan for "H369AA63323"WPA_PSK with 2412,5180
08-06 05:36:16.039 12059 12071 I art     : Starting a blocking GC Explicit
08-06 05:36:16.142 12059 12071 I art     : Explicit concurrent mark sweep GC freed 137337(5MB) AllocSpace objects, 1(20KB) LOS objects, 29% free, 38MB/54MB, paused 2.353ms total 102.838ms
08-06 05:36:16.165 12059 12071 I art     : Starting a blocking GC Explicit
08-06 05:36:16.242 12059 12059 I Choreographer: Skipped 50 frames!  The application may be doing too much work on its main thread.
08-06 05:36:16.245 12059 12071 I art     : Explicit concurrent mark sweep GC freed 40182(1791KB) AllocSpace objects, 0(0B) LOS objects, 29% free, 37MB/53MB, paused 1.268ms total 80.142ms
08-06 05:36:16.268 12059 12071 I art     : Starting a blocking GC Explicit
08-06 05:36:16.334 12059 12071 I art     : Explicit concurrent mark sweep GC freed 1718(117KB) AllocSpace objects, 0(0B) LOS objects, 29% free, 37MB/53MB, paused 657us total 66.064ms
08-06 05:36:16.335 12059 12070 I art     : WaitForGcToComplete blocked for 41.563ms for cause HeapTrim
08-06 05:36:16.359 12059 12071 I art     : Starting a blocking GC Explicit
08-06 05:36:16.420 12059 12071 I art     : Explicit concurrent mark sweep GC freed 121509(11MB) AllocSpace objects, 3(136KB) LOS objects, 37% free, 26MB/42MB, paused 518us total 60.393ms
08-06 05:36:16.435 12059 12071 I art     : Starting a blocking GC Explicit
08-06 05:36:16.475 12059 12071 I art     : Explicit concurrent mark sweep GC freed 3(96B) AllocSpace objects, 0(0B) LOS objects, 37% free, 26MB/42MB, paused 530us total 39.547ms
08-06 05:36:16.829 12059 12071 I art     : Starting a blocking GC Explicit
08-06 05:36:16.888 12059 12071 I art     : Explicit concurrent mark sweep GC freed 1517(85KB) AllocSpace objects, 1(20KB) LOS objects, 37% free, 26MB/42MB, paused 550us total 58.371ms
08-06 05:36:16.907 12059 12071 I art     : Starting a blocking GC Explicit
08-06 05:36:16.955 12059 12071 I art     : Explicit concurrent mark sweep GC freed 20(768B) AllocSpace objects, 0(0B) LOS objects, 37% free, 26MB/42MB, paused 565us total 48.064ms
08-06 05:36:16.972 12059 12071 I art     : Starting a blocking GC Explicit
08-06 05:36:17.017 12059 12071 I art     : Explicit concurrent mark sweep GC freed 31(1056B) AllocSpace objects, 0(0B) LOS objects, 37% free, 26MB/42MB, paused 533us total 45.316ms
08-06 05:36:17.034 12059 12071 I art     : Starting a blocking GC Explicit
08-06 05:36:17.076 12059 12071 I art     : Explicit concurrent mark sweep GC freed 45(1456B) AllocSpace objects, 0(0B) LOS objects, 37% free, 26MB/42MB, paused 551us total 41.950ms
08-06 05:36:17.092 12059 12071 I art     : Starting a blocking GC Explicit
08-06 05:36:17.133 12059 12071 I art     : Explicit concurrent mark sweep GC freed 33(1056B) AllocSpace objects, 0(0B) LOS objects, 37% free, 26MB/42MB, paused 512us total 41.135ms
08-06 05:36:17.487 12059 12278 I art     : Starting a blocking GC Explicit
08-06 05:36:17.535 12059 12278 I art     : Explicit concurrent mark sweep GC freed 1343(77KB) AllocSpace objects, 1(20KB) LOS objects, 37% free, 26MB/42MB, paused 560us total 47.641ms
08-06 05:36:17.551 12059 12278 I art     : Starting a blocking GC Explicit
08-06 05:36:17.599 12059 12278 I art     : Explicit concurrent mark sweep GC freed 18(624B) AllocSpace objects, 0(0B) LOS objects, 37% free, 26MB/42MB, paused 538us total 47.454ms
08-06 05:36:17.616 12059 12278 I art     : Starting a blocking GC Explicit
08-06 05:36:17.664 12059 12278 I art     : Explicit concurrent mark sweep GC freed 3(96B) AllocSpace objects, 0(0B) LOS objects, 37% free, 26MB/42MB, paused 564us total 47.135ms
08-06 05:36:17.680 12059 12278 I art     : Starting a blocking GC Explicit
08-06 05:36:17.730 12059 12278 I art     : Explicit concurrent mark sweep GC freed 3(96B) AllocSpace objects, 0(0B) LOS objects, 37% free, 26MB/42MB, paused 563us total 49.311ms
08-06 05:36:17.750 12059 12278 I art     : Starting a blocking GC Explicit
08-06 05:36:17.796 12059 12278 I art     : Explicit concurrent mark sweep GC freed 3(96B) AllocSpace objects, 0(0B) LOS objects, 37% free, 26MB/42MB, paused 561us total 45.480ms
08-06 05:36:18.140 12059 12071 I art     : Starting a blocking GC Explicit
08-06 05:36:18.204 12059 12071 I art     : Explicit concurrent mark sweep GC freed 1293(75KB) AllocSpace objects, 1(20KB) LOS objects, 37% free, 26MB/42MB, paused 609us total 63.246ms
08-06 05:36:18.223 12059 12071 I art     : Starting a blocking GC Explicit
08-06 05:36:18.270 12059 12071 I art     : Explicit concurrent mark sweep GC freed 18(624B) AllocSpace objects, 0(0B) LOS objects, 37% free, 26MB/42MB, paused 562us total 46.708ms
08-06 05:36:18.287 12059 12071 I art     : Starting a blocking GC Explicit
08-06 05:36:18.334 12059 12071 I art     : Explicit concurrent mark sweep GC freed 3(96B) AllocSpace objects, 0(0B) LOS objects, 37% free, 26MB/42MB, paused 560us total 46.944ms
08-06 05:36:18.351 12059 12071 I art     : Starting a blocking GC Explicit
08-06 05:36:18.397 12059 12071 I art     : Explicit concurrent mark sweep GC freed 3(96B) AllocSpace objects, 0(0B) LOS objects, 37% free, 26MB/42MB, paused 593us total 46.118ms
08-06 05:36:18.414 12059 12071 I art     : Starting a blocking GC Explicit
08-06 05:36:18.463 12059 12071 I art     : Explicit concurrent mark sweep GC freed 3(96B) AllocSpace objects, 0(0B) LOS objects, 37% free, 26MB/42MB, paused 560us total 48.929ms
08-06 05:36:18.796 12059 12085 I art     : Starting a blocking GC Explicit
08-06 05:36:18.856 12059 12085 I art     : Explicit concurrent mark sweep GC freed 1293(75KB) AllocSpace objects, 1(20KB) LOS objects, 37% free, 26MB/42MB, paused 585us total 60.198ms
08-06 05:36:18.874 12059 12085 I art     : Starting a blocking GC Explicit
08-06 05:36:18.922 12059 12085 I art     : Explicit concurrent mark sweep GC freed 18(624B) AllocSpace objects, 0(0B) LOS objects, 37% free, 26MB/42MB, paused 551us total 47.502ms
08-06 05:36:18.939 12059 12085 I art     : Starting a blocking GC Explicit
08-06 05:36:18.984 12059 12085 I art     : Explicit concurrent mark sweep GC freed 3(96B) AllocSpace objects, 0(0B) LOS objects, 37% free, 26MB/42MB, paused 524us total 45.073ms
08-06 05:36:19.000 12059 12085 I art     : Starting a blocking GC Explicit
08-06 05:36:19.047 12059 12085 I art     : Explicit concurrent mark sweep GC freed 3(96B) AllocSpace objects, 0(0B) LOS objects, 37% free, 26MB/42MB, paused 528us total 46.572ms
08-06 05:36:19.064 12059 12085 I art     : Starting a blocking GC Explicit
08-06 05:36:19.102 12059 12085 I art     : Explicit concurrent mark sweep GC freed 3(96B) AllocSpace objects, 0(0B) LOS objects, 37% free, 26MB/42MB, paused 487us total 38.093ms
08-06 05:36:19.158   918  3188 I hubconnection: sensorhub said: 'set_bias 3: -5.6544, 0.0000, 0.0000'
08-06 05:36:19.449 12059 12072 I art     : Starting a blocking GC Explicit
08-06 05:36:19.499 12059 12072 I art     : Explicit concurrent mark sweep GC freed 1335(77KB) AllocSpace objects, 1(20KB) LOS objects, 37% free, 26MB/42MB, paused 790us total 48.735ms
08-06 05:36:19.517 12059 12072 I art     : Starting a blocking GC Explicit
08-06 05:36:19.561 12059 12072 I art     : Explicit concurrent mark sweep GC freed 72(2256B) AllocSpace objects, 0(0B) LOS objects, 37% free, 26MB/42MB, paused 560us total 43.411ms
08-06 05:36:19.576 12059 12072 I art     : Starting a blocking GC Explicit
08-06 05:36:19.596 13478 13478 D AndroidRuntime: >>>>>> START com.android.internal.os.RuntimeInit uid 2000 <<<<<<
08-06 05:36:19.601 13478 13478 D AndroidRuntime: CheckJNI is OFF
08-06 05:36:19.620 12059 12072 I art     : Explicit concurrent mark sweep GC freed 151(10KB) AllocSpace objects, 0(0B) LOS objects, 37% free, 26MB/42MB, paused 553us total 42.813ms
08-06 05:36:19.635 12059 12072 I art     : Starting a blocking GC Explicit
08-06 05:36:19.649 13478 13478 D ICU     : No timezone override file found: /data/misc/zoneinfo/current/icu/icu_tzdata.dat
08-06 05:36:19.679 12059 12072 I art     : Explicit concurrent mark sweep GC freed 3(96B) AllocSpace objects, 0(0B) LOS objects, 37% free, 26MB/42MB, paused 558us total 43.849ms
08-06 05:36:19.695 12059 12072 I art     : Starting a blocking GC Explicit
08-06 05:36:19.695 13478 13478 I Radio-JNI: register_android_hardware_Radio DONE
08-06 05:36:19.725 13478 13478 D AndroidRuntime: Calling main entry com.android.commands.input.Input
08-06 05:36:19.728 13478 13478 I Input   : injectMotionEvent: MotionEvent { action=ACTION_DOWN, actionButton=0, id[0]=0, x[0]=81.0, y[0]=176.0, toolType[0]=TOOL_TYPE_UNKNOWN, buttonState=0, metaState=0, flags=0x0, edgeFlags=0x0, pointerCount=1, historySize=0, eventTime=855396140, downTime=855396140, deviceId=0, source=0x1002 }
08-06 05:36:19.735 13478 13478 I Input   : injectMotionEvent: MotionEvent { action=ACTION_UP, actionButton=0, id[0]=0, x[0]=81.0, y[0]=176.0, toolType[0]=TOOL_TYPE_UNKNOWN, buttonState=0, metaState=0, flags=0x0, edgeFlags=0x0, pointerCount=1, historySize=0, eventTime=855396140, downTime=855396140, deviceId=0, source=0x1002 }
08-06 05:36:19.737 12059 12072 I art     : Explicit concurrent mark sweep GC freed 3(96B) AllocSpace objects, 0(0B) LOS objects, 37% free, 26MB/42MB, paused 650us total 42.453ms
08-06 05:36:19.738 13478 13478 D AndroidRuntime: Shutting down VM
08-06 05:36:19.747   512  2967 D audio_hw_primary: out_set_parameters: enter: usecase(1: low-latency-playback) kvpairs: routing=2
08-06 05:36:19.760   512  2967 D audio_hw_primary: select_devices: out_snd_device(2: speaker) in_snd_device(0: none)
08-06 05:36:19.760   512  2967 D msm8974_platform: platform_send_audio_calibration: sending audio calibration for snd_device(2) acdb_id(15)
08-06 05:36:19.760   512  2967 I soundtrigger: audio_extn_sound_trigger_update_device_status: device 0x2 of type 0 for Event 1
08-06 05:36:19.771   512  2967 D audio_hw_primary: enable_snd_device: snd_device(2: speaker)
08-06 05:36:19.773   512  2967 D audio_hw_primary: enable_audio_route: apply and update mixer path: low-latency-playback speaker
08-06 05:36:19.777 13866 13866 I GoogleInputMethodServic: GoogleInputMethodService.onFinishInput():3138 
08-06 05:36:19.777 13866 13866 I GoogleInputMethodServic: GoogleInputMethodService.onStartInput():1808 
08-06 05:36:19.928   518   646 I ThermalEngine: ACTION: GPU - Setting GPU[0] to 510000000
08-06 05:36:20.029 12059 13140 I art     : Starting a blocking GC Explicit
08-06 05:36:20.071 12059 13140 I art     : Explicit concurrent mark sweep GC freed 1710(96KB) AllocSpace objects, 1(20KB) LOS objects, 37% free, 26MB/42MB, paused 420us total 42.130ms
08-06 05:36:20.086 12059 13140 I art     : Starting a blocking GC Explicit
08-06 05:36:20.122 12059 13140 I art     : Explicit concurrent mark sweep GC freed 34(1312B) AllocSpace objects, 0(0B) LOS objects, 37% free, 26MB/42MB, paused 405us total 35.974ms
08-06 05:36:20.135 12059 13140 I art     : Starting a blocking GC Explicit
08-06 05:36:20.171 12059 13140 I art     : Explicit concurrent mark sweep GC freed 5(192B) AllocSpace objects, 0(0B) LOS objects, 37% free, 26MB/42MB, paused 496us total 35.854ms
08-06 05:36:20.184 12059 13140 I art     : Starting a blocking GC Explicit
08-06 05:36:20.221 12059 13140 I art     : Explicit concurrent mark sweep GC freed 6(192B) AllocSpace objects, 0(0B) LOS objects, 37% free, 26MB/42MB, paused 410us total 36.504ms
08-06 05:36:20.234 12059 13140 I art     : Starting a blocking GC Explicit
08-06 05:36:20.269 12059 13140 I art     : Explicit concurrent mark sweep GC freed 3(96B) AllocSpace objects, 0(0B) LOS objects, 37% free, 26MB/42MB, paused 403us total 33.974ms
08-06 05:36:20.319   512  2967 D audio_hw_primary: disable_audio_route: reset and update mixer path: low-latency-playback speaker
08-06 05:36:20.321   512  2967 D audio_hw_primary: disable_snd_device: snd_device(2: speaker)
08-06 05:36:20.330   512  2967 I soundtrigger: audio_extn_sound_trigger_update_device_status: device 0x2 of type 0 for Event 0
08-06 05:36:20.562 12059 12072 I art     : Starting a blocking GC Explicit
08-06 05:36:20.608 12059 12072 I art     : Explicit concurrent mark sweep GC freed 1293(75KB) AllocSpace objects, 1(20KB) LOS objects, 37% free, 26MB/42MB, paused 450us total 45.820ms
08-06 05:36:20.622 12059 12072 I art     : Starting a blocking GC Explicit
08-06 05:36:20.654 12059 12072 I art     : Explicit concurrent mark sweep GC freed 20(688B) AllocSpace objects, 0(0B) LOS objects, 37% free, 26MB/42MB, paused 381us total 32.063ms
08-06 05:36:20.666 12059 12072 I art     : Starting a blocking GC Explicit
08-06 05:36:20.701 12059 12072 I art     : Explicit concurrent mark sweep GC freed 3(96B) AllocSpace objects, 0(0B) LOS objects, 37% free, 26MB/42MB, paused 414us total 34.544ms
08-06 05:36:20.714 12059 12072 I art     : Starting a blocking GC Explicit
08-06 05:36:20.750 12059 12072 I art     : Explicit concurrent mark sweep GC freed 3(96B) AllocSpace objects, 0(0B) LOS objects, 37% free, 26MB/42MB, paused 405us total 35.788ms
08-06 05:36:20.763 12059 12072 I art     : Starting a blocking GC Explicit
08-06 05:36:20.799 12059 12072 I art     : Explicit concurrent mark sweep GC freed 3(96B) AllocSpace objects, 0(0B) LOS objects, 37% free, 26MB/42MB, paused 413us total 35.994ms
08-06 05:36:20.934   518   646 I ThermalEngine: ACTION: GPU - Setting GPU[0] to 450000000
08-06 05:36:21.114 12059 12278 I art     : Starting a blocking GC Explicit
08-06 05:36:21.162 12059 12278 I art     : Explicit concurrent mark sweep GC freed 1293(75KB) AllocSpace objects, 1(20KB) LOS objects, 37% free, 26MB/42MB, paused 519us total 47.595ms
08-06 05:36:21.178 12059 12278 I art     : Starting a blocking GC Explicit
08-06 05:36:21.219 12059 12278 I art     : Explicit concurrent mark sweep GC freed 18(624B) AllocSpace objects, 0(0B) LOS objects, 37% free, 26MB/42MB, paused 539us total 41.059ms
08-06 05:36:21.235 12059 12278 I art     : Starting a blocking GC Explicit
08-06 05:36:21.277 12059 12278 I art     : Explicit concurrent mark sweep GC freed 3(96B) AllocSpace objects, 0(0B) LOS objects, 37% free, 26MB/42MB, paused 591us total 42.431ms
08-06 05:36:21.293 12059 12278 I art     : Starting a blocking GC Explicit
08-06 05:36:21.334 12059 12278 I art     : Explicit concurrent mark sweep GC freed 3(96B) AllocSpace objects, 0(0B) LOS objects, 37% free, 26MB/42MB, paused 533us total 41.275ms
08-06 05:36:21.350 12059 12278 I art     : Starting a blocking GC Explicit
08-06 05:36:21.395 12059 12278 I art     : Explicit concurrent mark sweep GC freed 4(128B) AllocSpace objects, 0(0B) LOS objects, 37% free, 26MB/42MB, paused 711us total 44.699ms
08-06 05:36:21.522 13524 13524 D AndroidRuntime: >>>>>> START com.android.internal.os.RuntimeInit uid 2000 <<<<<<
08-06 05:36:21.528 13524 13524 D AndroidRuntime: CheckJNI is OFF
08-06 05:36:21.570 13524 13524 D ICU     : No timezone override file found: /data/misc/zoneinfo/current/icu/icu_tzdata.dat
08-06 05:36:21.612 13524 13524 I Radio-JNI: register_android_hardware_Radio DONE
08-06 05:36:21.641 13524 13524 D AndroidRuntime: Calling main entry com.android.commands.input.Input
08-06 05:36:21.643 13524 13524 I Input   : injectMotionEvent: MotionEvent { action=ACTION_DOWN, actionButton=0, id[0]=0, x[0]=360.0, y[0]=1098.0, toolType[0]=TOOL_TYPE_UNKNOWN, buttonState=0, metaState=0, flags=0x0, edgeFlags=0x0, pointerCount=1, historySize=0, eventTime=855398056, downTime=855398056, deviceId=0, source=0x1002 }
08-06 05:36:21.648 13524 13524 I Input   : injectMotionEvent: MotionEvent { action=ACTION_UP, actionButton=0, id[0]=0, x[0]=360.0, y[0]=1098.0, toolType[0]=TOOL_TYPE_UNKNOWN, buttonState=0, metaState=0, flags=0x0, edgeFlags=0x0, pointerCount=1, historySize=0, eventTime=855398056, downTime=855398056, deviceId=0, source=0x1002 }
08-06 05:36:21.650 13524 13524 D AndroidRuntime: Shutting down VM
08-06 05:36:21.662 12059 12059 D MainActivity: NavigationItemSelected: Term dates
08-06 05:36:21.665   512  2967 D audio_hw_primary: out_set_parameters: enter: usecase(1: low-latency-playback) kvpairs: routing=2
08-06 05:36:21.678   512  2967 D audio_hw_primary: select_devices: out_snd_device(2: speaker) in_snd_device(0: none)
08-06 05:36:21.678   512  2967 D msm8974_platform: platform_send_audio_calibration: sending audio calibration for snd_device(2) acdb_id(15)
08-06 05:36:21.679   512  2967 I soundtrigger: audio_extn_sound_trigger_update_device_status: device 0x2 of type 0 for Event 1
08-06 05:36:21.689   512  2967 D audio_hw_primary: enable_snd_device: snd_device(2: speaker)
08-06 05:36:21.691   512  2967 D audio_hw_primary: enable_audio_route: apply and update mixer path: low-latency-playback speaker
08-06 05:36:21.747 12059 12072 I art     : Starting a blocking GC Explicit
08-06 05:36:21.787 12059 12072 I art     : Explicit concurrent mark sweep GC freed 1846(97KB) AllocSpace objects, 1(20KB) LOS objects, 37% free, 26MB/42MB, paused 607us total 39.679ms
08-06 05:36:21.802 12059 12072 I art     : Starting a blocking GC Explicit
08-06 05:36:21.840 12059 12072 I art     : Explicit concurrent mark sweep GC freed 219(16KB) AllocSpace objects, 0(0B) LOS objects, 37% free, 26MB/42MB, paused 596us total 37.941ms
08-06 05:36:21.855 12059 12072 I art     : Starting a blocking GC Explicit
08-06 05:36:21.896 12059 12072 I art     : Explicit concurrent mark sweep GC freed 7(224B) AllocSpace objects, 0(0B) LOS objects, 37% free, 26MB/42MB, paused 761us total 41.004ms
08-06 05:36:21.911 12059 12072 I art     : Starting a blocking GC Explicit
08-06 05:36:21.934   518   646 I ThermalEngine: ACTION: GPU - Setting GPU[0] to 510000000
08-06 05:36:21.951 12059 12072 I art     : Explicit concurrent mark sweep GC freed 11(352B) AllocSpace objects, 0(0B) LOS objects, 37% free, 26MB/42MB, paused 534us total 39.683ms
08-06 05:36:21.967 12059 12072 I art     : Starting a blocking GC Explicit
08-06 05:36:22.001 12059 12072 I art     : Explicit concurrent mark sweep GC freed 8(256B) AllocSpace objects, 0(0B) LOS objects, 37% free, 26MB/42MB, paused 366us total 33.443ms
08-06 05:36:22.099 13866 13866 I GoogleInputMethodServic: GoogleInputMethodService.onFinishInput():3138 
08-06 05:36:22.100 13866 13866 I GoogleInputMethodServic: GoogleInputMethodService.onStartInput():1808 
08-06 05:36:22.230   512  2967 D audio_hw_primary: disable_audio_route: reset and update mixer path: low-latency-playback speaker
08-06 05:36:22.231   512  2967 D audio_hw_primary: disable_snd_device: snd_device(2: speaker)
08-06 05:36:22.240   512  2967 I soundtrigger: audio_extn_sound_trigger_update_device_status: device 0x2 of type 0 for Event 0
08-06 05:36:22.335 12059 12278 I art     : Starting a blocking GC Explicit
08-06 05:36:22.379 12059 12278 I art     : Explicit concurrent mark sweep GC freed 1362(77KB) AllocSpace objects, 1(20KB) LOS objects, 37% free, 26MB/42MB, paused 615us total 43.831ms
08-06 05:36:22.394 12059 12278 I art     : Starting a blocking GC Explicit
08-06 05:36:22.431 12059 12278 I art     : Explicit concurrent mark sweep GC freed 29(976B) AllocSpace objects, 0(0B) LOS objects, 37% free, 26MB/42MB, paused 384us total 36.701ms
08-06 05:36:22.445 12059 12278 I art     : Starting a blocking GC Explicit
08-06 05:36:22.482 12059 12278 I art     : Explicit concurrent mark sweep GC freed 9(288B) AllocSpace objects, 0(0B) LOS objects, 37% free, 26MB/42MB, paused 375us total 36.982ms
08-06 05:36:22.496 12059 12278 I art     : Starting a blocking GC Explicit
08-06 05:36:22.530 12059 12278 I art     : Explicit concurrent mark sweep GC freed 8(256B) AllocSpace objects, 0(0B) LOS objects, 37% free, 26MB/42MB, paused 369us total 34.409ms
08-06 05:36:22.543 12059 12278 I art     : Starting a blocking GC Explicit
08-06 05:36:22.576 12059 12278 I art     : Explicit concurrent mark sweep GC freed 7(224B) AllocSpace objects, 0(0B) LOS objects, 37% free, 26MB/42MB, paused 421us total 33.204ms
08-06 05:36:22.888 12059 12278 I art     : Starting a blocking GC Explicit
08-06 05:36:22.932 12059 12278 I art     : Explicit concurrent mark sweep GC freed 1335(76KB) AllocSpace objects, 1(20KB) LOS objects, 37% free, 26MB/42MB, paused 1.436ms total 43.851ms
08-06 05:36:22.936   518   646 I ThermalEngine: ACTION: GPU - Setting GPU[0] to 450000000
08-06 05:36:22.950 12059 12278 I art     : Starting a blocking GC Explicit
08-06 05:36:22.995 12059 12278 I art     : Explicit concurrent mark sweep GC freed 26(880B) AllocSpace objects, 0(0B) LOS objects, 37% free, 26MB/42MB, paused 568us total 44.637ms
08-06 05:36:23.012 12059 12278 I art     : Starting a blocking GC Explicit
08-06 05:36:23.056 12059 12278 I art     : Explicit concurrent mark sweep GC freed 12(384B) AllocSpace objects, 0(0B) LOS objects, 37% free, 26MB/42MB, paused 588us total 44.101ms
08-06 05:36:23.074 12059 12278 I art     : Starting a blocking GC Explicit
08-06 05:36:23.117 12059 12278 I art     : Explicit concurrent mark sweep GC freed 10(320B) AllocSpace objects, 0(0B) LOS objects, 37% free, 26MB/42MB, paused 500us total 42.967ms
08-06 05:36:23.133 12059 12278 I art     : Starting a blocking GC Explicit
08-06 05:36:23.176 12059 12278 I art     : Explicit concurrent mark sweep GC freed 9(288B) AllocSpace objects, 0(0B) LOS objects, 37% free, 26MB/42MB, paused 541us total 42.078ms
08-06 05:36:23.543 12059 13140 I art     : Starting a blocking GC Explicit
08-06 05:36:23.589 12059 13140 I art     : Explicit concurrent mark sweep GC freed 1370(77KB) AllocSpace objects, 1(20KB) LOS objects, 37% free, 26MB/42MB, paused 541us total 45.773ms
08-06 05:36:23.605 12059 13140 I art     : Starting a blocking GC Explicit
08-06 05:36:23.649 12059 13140 I art     : Explicit concurrent mark sweep GC freed 18(624B) AllocSpace objects, 0(0B) LOS objects, 37% free, 26MB/42MB, paused 561us total 44.246ms
08-06 05:36:23.666 12059 13140 I art     : Starting a blocking GC Explicit
08-06 05:36:23.714 12059 13140 I art     : Explicit concurrent mark sweep GC freed 3(96B) AllocSpace objects, 0(0B) LOS objects, 37% free, 26MB/42MB, paused 564us total 48.071ms
08-06 05:36:23.731 12059 13140 I art     : Starting a blocking GC Explicit
08-06 05:36:23.779 12059 13140 I art     : Explicit concurrent mark sweep GC freed 3(96B) AllocSpace objects, 0(0B) LOS objects, 37% free, 26MB/42MB, paused 593us total 47.480ms
08-06 05:36:23.796 12059 13140 I art     : Starting a blocking GC Explicit
08-06 05:36:23.845 12059 13140 I art     : Explicit concurrent mark sweep GC freed 3(96B) AllocSpace objects, 0(0B) LOS objects, 37% free, 26MB/42MB, paused 578us total 48.721ms
08-06 05:36:24.211 12059 12278 I art     : Starting a blocking GC Explicit
08-06 05:36:24.268 12059 12278 I art     : Explicit concurrent mark sweep GC freed 1293(75KB) AllocSpace objects, 1(20KB) LOS objects, 37% free, 26MB/42MB, paused 624us total 56.537ms
08-06 05:36:24.289 12059 12278 I art     : Starting a blocking GC Explicit
08-06 05:36:24.336 12059 12278 I art     : Explicit concurrent mark sweep GC freed 18(624B) AllocSpace objects, 0(0B) LOS objects, 37% free, 26MB/42MB, paused 561us total 47.301ms
08-06 05:36:24.353 12059 12278 I art     : Starting a blocking GC Explicit
08-06 05:36:24.400 12059 12278 I art     : Explicit concurrent mark sweep GC freed 3(96B) AllocSpace objects, 0(0B) LOS objects, 37% free, 26MB/42MB, paused 577us total 46.170ms
08-06 05:36:24.416 12059 12278 I art     : Starting a blocking GC Explicit
08-06 05:36:24.466 12059 12278 I art     : Explicit concurrent mark sweep GC freed 3(96B) AllocSpace objects, 0(0B) LOS objects, 37% free, 26MB/42MB, paused 572us total 49.220ms
08-06 05:36:24.482 12059 12278 I art     : Starting a blocking GC Explicit
08-06 05:36:24.528 12059 12278 I art     : Explicit concurrent mark sweep GC freed 3(96B) AllocSpace objects, 0(0B) LOS objects, 37% free, 26MB/42MB, paused 605us total 45.686ms
08-06 05:36:24.888 12059 12071 I art     : Starting a blocking GC Explicit
08-06 05:36:24.946 12059 12071 I art     : Explicit concurrent mark sweep GC freed 1293(75KB) AllocSpace objects, 1(20KB) LOS objects, 37% free, 26MB/42MB, paused 633us total 57.686ms
08-06 05:36:24.965 12059 12071 I art     : Starting a blocking GC Explicit
08-06 05:36:25.013 12059 12071 I art     : Explicit concurrent mark sweep GC freed 18(624B) AllocSpace objects, 0(0B) LOS objects, 37% free, 26MB/42MB, paused 591us total 47.477ms
08-06 05:36:25.030 12059 12071 I art     : Starting a blocking GC Explicit
08-06 05:36:25.079 12059 12071 I art     : Explicit concurrent mark sweep GC freed 3(96B) AllocSpace objects, 0(0B) LOS objects, 37% free, 26MB/42MB, paused 600us total 48.343ms
08-06 05:36:25.095 12059 12071 I art     : Starting a blocking GC Explicit
08-06 05:36:25.142 12059 12071 I art     : Explicit concurrent mark sweep GC freed 3(96B) AllocSpace objects, 0(0B) LOS objects, 37% free, 26MB/42MB, paused 587us total 46.664ms
08-06 05:36:25.159 12059 12071 I art     : Starting a blocking GC Explicit
08-06 05:36:25.209 12059 12071 I art     : Explicit concurrent mark sweep GC freed 3(96B) AllocSpace objects, 0(0B) LOS objects, 37% free, 26MB/42MB, paused 582us total 49.428ms
08-06 05:36:25.572 12059 12085 I art     : Starting a blocking GC Explicit
08-06 05:36:25.620 12059 12085 I art     : Explicit concurrent mark sweep GC freed 1293(75KB) AllocSpace objects, 1(20KB) LOS objects, 37% free, 26MB/42MB, paused 547us total 48.060ms
08-06 05:36:25.636 12059 12085 I art     : Starting a blocking GC Explicit
08-06 05:36:25.683 12059 12085 I art     : Explicit concurrent mark sweep GC freed 18(624B) AllocSpace objects, 0(0B) LOS objects, 37% free, 26MB/42MB, paused 573us total 46.717ms
08-06 05:36:25.699 12059 12085 I art     : Starting a blocking GC Explicit
08-06 05:36:25.747 12059 12085 I art     : Explicit concurrent mark sweep GC freed 3(96B) AllocSpace objects, 0(0B) LOS objects, 37% free, 26MB/42MB, paused 564us total 46.894ms
08-06 05:36:25.763 12059 12085 I art     : Starting a blocking GC Explicit
08-06 05:36:25.810 12059 12085 I art     : Explicit concurrent mark sweep GC freed 3(96B) AllocSpace objects, 0(0B) LOS objects, 37% free, 26MB/42MB, paused 574us total 46.633ms
08-06 05:36:25.827 12059 12085 I art     : Starting a blocking GC Explicit
08-06 05:36:25.874 12059 12085 I art     : Explicit concurrent mark sweep GC freed 3(96B) AllocSpace objects, 0(0B) LOS objects, 37% free, 26MB/42MB, paused 581us total 46.511ms
08-06 05:36:26.187 12059 12072 I art     : Starting a blocking GC Explicit
08-06 05:36:26.233 12059 12072 I art     : Explicit concurrent mark sweep GC freed 1293(75KB) AllocSpace objects, 1(20KB) LOS objects, 37% free, 26MB/42MB, paused 590us total 45.737ms
08-06 05:36:26.249 12059 12072 I art     : Starting a blocking GC Explicit
08-06 05:36:26.295 12059 12072 I art     : Explicit concurrent mark sweep GC freed 18(624B) AllocSpace objects, 0(0B) LOS objects, 37% free, 26MB/42MB, paused 580us total 45.025ms
08-06 05:36:26.311 12059 12072 I art     : Starting a blocking GC Explicit
08-06 05:36:26.357 12059 12072 I art     : Explicit concurrent mark sweep GC freed 3(96B) AllocSpace objects, 0(0B) LOS objects, 37% free, 26MB/42MB, paused 580us total 45.760ms
08-06 05:36:26.373 12059 12072 I art     : Starting a blocking GC Explicit
08-06 05:36:26.419 12059 12072 I art     : Explicit concurrent mark sweep GC freed 3(96B) AllocSpace objects, 0(0B) LOS objects, 37% free, 26MB/42MB, paused 561us total 46.267ms
08-06 05:36:26.435 12059 12072 I art     : Starting a blocking GC Explicit
08-06 05:36:26.479 12059 12072 I art     : Explicit concurrent mark sweep GC freed 3(96B) AllocSpace objects, 0(0B) LOS objects, 37% free, 26MB/42MB, paused 562us total 43.442ms
08-06 05:36:26.518 13621 13621 D AndroidRuntime: >>>>>> START com.android.internal.os.RuntimeInit uid 2000 <<<<<<
08-06 05:36:26.525 13621 13621 D AndroidRuntime: CheckJNI is OFF
08-06 05:36:26.569 13621 13621 D ICU     : No timezone override file found: /data/misc/zoneinfo/current/icu/icu_tzdata.dat
08-06 05:36:26.570   918  3188 I hubconnection: sensorhub said: 'set_bias 3: -6.2400, 0.0000, 0.0000'
08-06 05:36:26.616 13621 13621 I Radio-JNI: register_android_hardware_Radio DONE
08-06 05:36:26.645 13621 13621 D AndroidRuntime: Calling main entry com.android.commands.am.Am
08-06 05:36:26.657  3167  3167 I Trepn   : Trepn 6.2s: Received intent: com.quicinc.trepn.stop_profiling
08-06 05:36:26.670   918   937 W ProcessCpuTracker: Skipping unknown process pid 13638
08-06 05:36:26.691  3167  3167 I Trepn   : Trepn 6.2s: Trepn has Stopped Profiling.
08-06 05:36:26.781 13621 13621 D AndroidRuntime: Shutting down VM
08-06 05:36:26.784   918  3670 W AppOps  : Finishing op nesting under-run: uid 10078 pkg com.quicinc.trepn code 24 time=0 duration=0 nesting=0
08-06 05:36:26.819 12059 13140 I art     : Starting a blocking GC Explicit
08-06 05:36:26.855 12059 13140 I art     : Explicit concurrent mark sweep GC freed 1293(75KB) AllocSpace objects, 1(20KB) LOS objects, 37% free, 26MB/42MB, paused 499us total 35.235ms
08-06 05:36:26.870 12059 13140 I art     : Starting a blocking GC Explicit
08-06 05:36:26.907 12059 13140 I art     : Explicit concurrent mark sweep GC freed 18(624B) AllocSpace objects, 0(0B) LOS objects, 37% free, 26MB/42MB, paused 511us total 36.952ms
08-06 05:36:26.922 12059 13140 I art     : Starting a blocking GC Explicit
08-06 05:36:26.945   518   646 I ThermalEngine: ACTION: GPU - Setting GPU[0] to 510000000
08-06 05:36:26.964 12059 13140 I art     : Explicit concurrent mark sweep GC freed 3(96B) AllocSpace objects, 0(0B) LOS objects, 37% free, 26MB/42MB, paused 571us total 41.164ms
08-06 05:36:26.980 12059 13140 I art     : Starting a blocking GC Explicit
08-06 05:36:27.017 12059 13140 I art     : Explicit concurrent mark sweep GC freed 3(96B) AllocSpace objects, 0(0B) LOS objects, 37% free, 26MB/42MB, paused 470us total 37.177ms
08-06 05:36:27.030 12059 13140 I art     : Starting a blocking GC Explicit
08-06 05:36:27.063 12059 13140 I art     : Explicit concurrent mark sweep GC freed 3(96B) AllocSpace objects, 0(0B) LOS objects, 37% free, 26MB/42MB, paused 389us total 32.861ms
08-06 05:36:28.890  8745  8745 I ServiceManager: Waiting for service AtCmdFwd...
