--------- beginning of main
08-05 19:36:04.933  7260  7260 W Atfwd_Sendcmd: AtCmdFwd service not published, waiting... retryCnt : 4
08-05 19:36:05.043 15498 15498 D AndroidRuntime: >>>>>> START com.android.internal.os.RuntimeInit uid 2000 <<<<<<
08-05 19:36:05.051 15498 15498 D AndroidRuntime: CheckJNI is OFF
08-05 19:36:05.084 15498 15498 D ICU     : No timezone override file found: /data/misc/zoneinfo/current/icu/icu_tzdata.dat
08-05 19:36:05.117 15498 15498 I Radio-JNI: register_android_hardware_Radio DONE
08-05 19:36:05.133 15498 15498 D AndroidRuntime: Calling main entry com.android.commands.monkey.Monkey
--------- beginning of system
08-05 19:36:05.151   918   931 W BroadcastQueue: Skipping deliver [background] BroadcastRecord{8f25eed u-1 android.net.conn.CONNECTIVITY_CHANGE} to ReceiverList{6cd122 15498 (unknown name)/2000/u-1 remote:ae00117}: process crashing
08-05 19:36:05.162   918  6110 I ActivityManager: START u0 {act=android.intent.action.MAIN cat=[android.intent.category.LAUNCHER] flg=0x10200000 cmp=baseline.appteam.nith.hillffair/.activities.SplashActivity} from uid 2000 on display 0
08-05 19:36:05.193 15507 15507 I art     : Late-enabling -Xcheck:jni
08-05 19:36:05.195   918  5952 I ActivityManager: Start proc 15507:baseline.appteam.nith.hillffair/u0a675 for activity baseline.appteam.nith.hillffair/.activities.SplashActivity
08-05 19:36:05.201 15498 15498 I art     : System.exit called, status: 0
08-05 19:36:05.201 15498 15498 I AndroidRuntime: VM exiting with result code 0.
08-05 19:36:05.242 15507 15507 W System  : ClassLoader referenced unknown path: /data/app/baseline.appteam.nith.hillffair-1/lib/arm64
08-05 19:36:05.256 15507 15507 W OneSignal: GCM Library detected, please upgrade to Firebase FCM library as GCM is deprecated!
08-05 19:36:05.271 16458 11127 I PBSessionCacheImpl: Deleted sessionId[72384646105454640] from persistence.
08-05 19:36:05.283 16458 16488 W SearchServiceCore: Abort, client detached.
08-05 19:36:05.284 16458 16488 I MicroDetectionState: Should stop hotword detection immediately - true
08-05 19:36:05.290 15507 15507 W art     : Before Android 4.1, method android.graphics.PorterDuffColorFilter androidx.vectordrawable.graphics.drawable.VectorDrawableCompat.updateTintFilter(android.graphics.PorterDuffColorFilter, android.content.res.ColorStateList, android.graphics.PorterDuff$Mode) would have incorrectly overridden the package-private method in android.graphics.drawable.Drawable
08-05 19:36:05.304 15507 15507 I art     : Rejecting re-init on previously-failed class java.lang.Class<androidx.core.view.ViewCompat$2>
08-05 19:36:05.304 15507 15507 I art     : Rejecting re-init on previously-failed class java.lang.Class<androidx.core.view.ViewCompat$2>
08-05 19:36:05.346 15507 15531 D OpenGLRenderer: Use EGL_SWAP_BEHAVIOR_PRESERVED: true
08-05 19:36:05.383 15507 15531 I Adreno  : QUALCOMM build                   : fcf4852, I1af360237c
08-05 19:36:05.383 15507 15531 I Adreno  : Build Date                       : 09/23/15
08-05 19:36:05.383 15507 15531 I Adreno  : OpenGL ES Shader Compiler Version: XE031.05.13.02
08-05 19:36:05.383 15507 15531 I Adreno  : Local Branch                     : mybranch14465806
08-05 19:36:05.383 15507 15531 I Adreno  : Remote Branch                    : quic/LA.BF64.1.2.9_v2
08-05 19:36:05.383 15507 15531 I Adreno  : Remote Branch                    : NONE
08-05 19:36:05.383 15507 15531 I Adreno  : Reconstruct Branch               : NOTHING
08-05 19:36:05.388 15507 15531 I OpenGLRenderer: Initialized EGL, version 1.4
08-05 19:36:05.431 13866 13866 I GoogleInputMethodServic: GoogleInputMethodService.onFinishInput():3138 
08-05 19:36:05.433 13866 13866 I GoogleInputMethodServic: GoogleInputMethodService.onStartInput():1808 
08-05 19:36:05.503   918   936 I ActivityManager: Displayed baseline.appteam.nith.hillffair/.activities.SplashActivity: +331ms
08-05 19:36:05.592 15507 15544 W GCM     : GCM SDK is deprecated, baseline.appteam.nith.hillffair should update to use FCM
08-05 19:36:05.649 24365 17236 W Conscrypt: Could not set socket write timeout: java.net.SocketException: Socket closed
08-05 19:36:05.649 24365 17236 E art     : invalid stream - problem with parameter iterator in /data/app/com.google.android.gms-2/base.apk:classes3.dex for method void com.google.android.gms.org.conscrypt.ConscryptFileDescriptorSocket.setSoWriteTimeout(int)
08-05 19:36:05.649 24365 17236 W Conscrypt: 	at com.google.android.gms.org.conscrypt.Platform.setSocketWriteTimeout(:com.google.android.gms@202614019@20.26.14 (040400-320008519):2)
08-05 19:36:05.649 24365 17236 W Conscrypt: 	at com.google.android.gms.org.conscrypt.ConscryptFileDescriptorSocket.setSoWriteTimeout(:com.google.android.gms@202614019@20.26.14 (040400-320008519))
08-05 19:36:05.674 24365 17236 W Conscrypt: Could not set socket write timeout: java.net.SocketException: Socket closed
08-05 19:36:05.674 24365 17236 E art     : invalid stream - problem with parameter iterator in /data/app/com.google.android.gms-2/base.apk:classes3.dex for method void com.google.android.gms.org.conscrypt.ConscryptFileDescriptorSocket.setSoWriteTimeout(int)
08-05 19:36:05.674 24365 17236 W Conscrypt: 	at com.google.android.gms.org.conscrypt.Platform.setSocketWriteTimeout(:com.google.android.gms@202614019@20.26.14 (040400-320008519):2)
08-05 19:36:05.675 24365 17236 W Conscrypt: 	at com.google.android.gms.org.conscrypt.ConscryptFileDescriptorSocket.setSoWriteTimeout(:com.google.android.gms@202614019@20.26.14 (040400-320008519))
08-05 19:36:05.746 24365 17236 W Conscrypt: Could not set socket write timeout: java.net.SocketException: Socket closed
08-05 19:36:05.746 24365 17236 E art     : invalid stream - problem with parameter iterator in /data/app/com.google.android.gms-2/base.apk:classes3.dex for method void com.google.android.gms.org.conscrypt.ConscryptFileDescriptorSocket.setSoWriteTimeout(int)
08-05 19:36:05.747 24365 17236 W Conscrypt: 	at com.google.android.gms.org.conscrypt.Platform.setSocketWriteTimeout(:com.google.android.gms@202614019@20.26.14 (040400-320008519):2)
08-05 19:36:05.747 24365 17236 W Conscrypt: 	at com.google.android.gms.org.conscrypt.ConscryptFileDescriptorSocket.setSoWriteTimeout(:com.google.android.gms@202614019@20.26.14 (040400-320008519))
08-05 19:36:05.762 24365 17236 W Conscrypt: Could not set socket write timeout: java.net.SocketException: Socket closed
08-05 19:36:05.763 24365 17236 E art     : invalid stream - problem with parameter iterator in /data/app/com.google.android.gms-2/base.apk:classes3.dex for method void com.google.android.gms.org.conscrypt.ConscryptFileDescriptorSocket.setSoWriteTimeout(int)
08-05 19:36:05.763 24365 17236 W Conscrypt: 	at com.google.android.gms.org.conscrypt.Platform.setSocketWriteTimeout(:com.google.android.gms@202614019@20.26.14 (040400-320008519):2)
08-05 19:36:05.763 24365 17236 W Conscrypt: 	at com.google.android.gms.org.conscrypt.ConscryptFileDescriptorSocket.setSoWriteTimeout(:com.google.android.gms@202614019@20.26.14 (040400-320008519))
08-05 19:36:05.932 15507 15544 E OneSignal: Error Getting GCM Token
08-05 19:36:05.932 15507 15544 E OneSignal: java.io.IOException: INVALID_SENDER
08-05 19:36:05.932 15507 15544 E OneSignal: 	at com.google.android.gms.gcm.GoogleCloudMessaging.zzd(Unknown Source)
08-05 19:36:05.932 15507 15544 E OneSignal: 	at com.google.android.gms.gcm.GoogleCloudMessaging.register(Unknown Source)
08-05 19:36:05.932 15507 15544 E OneSignal: 	at com.onesignal.PushRegistratorGCM.getToken(PushRegistratorGCM.java:42)
08-05 19:36:05.932 15507 15544 E OneSignal: 	at com.onesignal.PushRegistratorAbstractGoogle.attemptRegistration(PushRegistratorAbstractGoogle.java:97)
08-05 19:36:05.932 15507 15544 E OneSignal: 	at com.onesignal.PushRegistratorAbstractGoogle.access$100(PushRegistratorAbstractGoogle.java:37)
08-05 19:36:05.932 15507 15544 E OneSignal: 	at com.onesignal.PushRegistratorAbstractGoogle$1.run(PushRegistratorAbstractGoogle.java:84)
08-05 19:36:05.932 15507 15544 E OneSignal: 	at java.lang.Thread.run(Thread.java:818)
08-05 19:36:05.954 15507 15547 I art     : Rejecting re-init on previously-failed class java.lang.Class<com.onesignal.OneSignalChromeTab$OneSignalCustomTabsServiceConnection>
08-05 19:36:05.954 15507 15547 I art     : Rejecting re-init on previously-failed class java.lang.Class<com.onesignal.OneSignalChromeTab$OneSignalCustomTabsServiceConnection>
08-05 19:36:06.832   918  6112 I ActivityManager: START u0 {cmp=baseline.appteam.nith.hillffair/.activities.WelcomeActivity} from uid 10675 on display 0
08-05 19:36:06.854 15560 15560 D AndroidRuntime: >>>>>> START com.android.internal.os.RuntimeInit uid 2000 <<<<<<
08-05 19:36:06.860 15560 15560 D AndroidRuntime: CheckJNI is OFF
08-05 19:36:06.882   918   929 I ActivityManager: START u0 {cmp=baseline.appteam.nith.hillffair/.activities.HomeActivity} from uid 10675 on display 0
08-05 19:36:06.885 15560 15560 D ICU     : No timezone override file found: /data/misc/zoneinfo/current/icu/icu_tzdata.dat
08-05 19:36:06.890   918  4400 W ActivityManager: Duplicate finish request for ActivityRecord{6a147d0 u0 baseline.appteam.nith.hillffair/.activities.WelcomeActivity t4210 f}
08-05 19:36:06.912 15560 15560 I Radio-JNI: register_android_hardware_Radio DONE
08-05 19:36:06.927 15560 15560 D AndroidRuntime: Calling main entry com.android.commands.am.Am
08-05 19:36:06.938  5615  5615 I Trepn   : Trepn 6.2s: Received intent: com.quicinc.trepn.start_profiling
08-05 19:36:07.037  5615  5615 W FileUtils: Failed to chmod(/storage/emulated/0/trepn/Trepn_2020.08.05_193606.db): android.system.ErrnoException: chmod failed: EPERM (Operation not permitted)
08-05 19:36:07.127  5615  5615 I Trepn   : Trepn 6.2s: Trepn has Started Profiling.
08-05 19:36:07.128 15560 15560 D AndroidRuntime: Shutting down VM
08-05 19:36:07.428 13866 13866 I GoogleInputMethodServic: GoogleInputMethodService.onFinishInput():3138 
08-05 19:36:07.430 13866 13866 I GoogleInputMethodServic: GoogleInputMethodService.onStartInput():1808 
08-05 19:36:07.430   918   936 I ActivityManager: Displayed baseline.appteam.nith.hillffair/.activities.HomeActivity: +490ms (total +568ms)
08-05 19:36:07.553 15507 15521 I art     : Starting a blocking GC Explicit
08-05 19:36:07.567 15507 15521 I art     : Explicit concurrent mark sweep GC freed 2286(450KB) AllocSpace objects, 0(0B) LOS objects, 24% free, 48MB/64MB, paused 136us total 13.563ms
08-05 19:36:07.573 15507 15521 I art     : Starting a blocking GC Explicit
08-05 19:36:07.587 15507 15521 I art     : Explicit concurrent mark sweep GC freed 1318(85KB) AllocSpace objects, 0(0B) LOS objects, 25% free, 47MB/63MB, paused 154us total 13.840ms
08-05 19:36:07.593 15507 15521 I art     : Starting a blocking GC Explicit
08-05 19:36:07.607 15507 15521 I art     : Explicit concurrent mark sweep GC freed 3(96B) AllocSpace objects, 0(0B) LOS objects, 25% free, 47MB/63MB, paused 144us total 14.070ms
08-05 19:36:07.614 15507 15521 I art     : Starting a blocking GC Explicit
08-05 19:36:07.627 15507 15521 I art     : Explicit concurrent mark sweep GC freed 3(96B) AllocSpace objects, 0(0B) LOS objects, 25% free, 47MB/63MB, paused 144us total 12.763ms
08-05 19:36:07.636 15507 15521 I art     : Starting a blocking GC Explicit
08-05 19:36:07.649 15507 15521 I art     : Explicit concurrent mark sweep GC freed 3(96B) AllocSpace objects, 0(0B) LOS objects, 25% free, 47MB/63MB, paused 171us total 12.886ms
08-05 19:36:07.676   380   380 W SurfaceFlinger: couldn't log to binary event log: overflow.
08-05 19:36:07.949 15507 15548 I art     : Starting a blocking GC Explicit
08-05 19:36:07.965 15507 15548 I art     : Explicit concurrent mark sweep GC freed 2021(114KB) AllocSpace objects, 1(20KB) LOS objects, 25% free, 47MB/63MB, paused 197us total 15.858ms
08-05 19:36:07.972 15507 15548 I art     : Starting a blocking GC Explicit
08-05 19:36:07.985 15507 15548 I art     : Explicit concurrent mark sweep GC freed 908(59KB) AllocSpace objects, 0(0B) LOS objects, 25% free, 47MB/63MB, paused 167us total 12.326ms
08-05 19:36:07.992 15507 15548 I art     : Starting a blocking GC Explicit
08-05 19:36:08.003 15507 15548 I art     : Explicit concurrent mark sweep GC freed 3(96B) AllocSpace objects, 0(0B) LOS objects, 25% free, 47MB/63MB, paused 147us total 10.928ms
08-05 19:36:08.009 15507 15548 I art     : Starting a blocking GC Explicit
08-05 19:36:08.020 15507 15548 I art     : Explicit concurrent mark sweep GC freed 3(96B) AllocSpace objects, 0(0B) LOS objects, 25% free, 47MB/63MB, paused 151us total 11.154ms
08-05 19:36:08.026 15507 15548 I art     : Starting a blocking GC Explicit
08-05 19:36:08.037 15507 15548 I art     : Explicit concurrent mark sweep GC freed 3(96B) AllocSpace objects, 0(0B) LOS objects, 25% free, 47MB/63MB, paused 149us total 11.218ms
08-05 19:36:08.310 15507 15521 I art     : Starting a blocking GC Explicit
08-05 19:36:08.323 15507 15521 I art     : Explicit concurrent mark sweep GC freed 1341(78KB) AllocSpace objects, 1(20KB) LOS objects, 25% free, 47MB/63MB, paused 169us total 12.961ms
08-05 19:36:08.330 15507 15521 I art     : Starting a blocking GC Explicit
08-05 19:36:08.342 15507 15521 I art     : Explicit concurrent mark sweep GC freed 20(704B) AllocSpace objects, 0(0B) LOS objects, 25% free, 47MB/63MB, paused 147us total 11.895ms
08-05 19:36:08.348 15507 15521 I art     : Starting a blocking GC Explicit
08-05 19:36:08.359 15507 15521 I art     : Explicit concurrent mark sweep GC freed 3(96B) AllocSpace objects, 0(0B) LOS objects, 25% free, 47MB/63MB, paused 142us total 10.584ms
08-05 19:36:08.364 15507 15521 I art     : Starting a blocking GC Explicit
08-05 19:36:08.375 15507 15521 I art     : Explicit concurrent mark sweep GC freed 3(96B) AllocSpace objects, 0(0B) LOS objects, 25% free, 47MB/63MB, paused 147us total 10.956ms
08-05 19:36:08.381 15507 15521 I art     : Starting a blocking GC Explicit
08-05 19:36:08.393 15507 15521 I art     : Explicit concurrent mark sweep GC freed 3(96B) AllocSpace objects, 0(0B) LOS objects, 25% free, 47MB/63MB, paused 155us total 11.551ms
08-05 19:36:08.687 15507 15520 I art     : Starting a blocking GC Explicit
08-05 19:36:08.706 15507 15520 I art     : Explicit concurrent mark sweep GC freed 1342(78KB) AllocSpace objects, 1(20KB) LOS objects, 25% free, 47MB/63MB, paused 206us total 17.950ms
08-05 19:36:08.716 15507 15520 I art     : Starting a blocking GC Explicit
08-05 19:36:08.731 15507 15520 I art     : Explicit concurrent mark sweep GC freed 20(704B) AllocSpace objects, 0(0B) LOS objects, 25% free, 47MB/63MB, paused 169us total 14.847ms
08-05 19:36:08.742 15507 15520 I art     : Starting a blocking GC Explicit
08-05 19:36:08.753 15507 15520 I art     : Explicit concurrent mark sweep GC freed 3(96B) AllocSpace objects, 0(0B) LOS objects, 25% free, 47MB/63MB, paused 158us total 11.108ms
08-05 19:36:08.760 15507 15520 I art     : Starting a blocking GC Explicit
08-05 19:36:08.771 15507 15520 I art     : Explicit concurrent mark sweep GC freed 3(96B) AllocSpace objects, 0(0B) LOS objects, 25% free, 47MB/63MB, paused 138us total 11.142ms
08-05 19:36:08.777 15507 15520 I art     : Starting a blocking GC Explicit
08-05 19:36:08.789 15507 15520 I art     : Explicit concurrent mark sweep GC freed 3(96B) AllocSpace objects, 0(0B) LOS objects, 25% free, 47MB/63MB, paused 133us total 11.398ms
08-05 19:36:09.093 15507 15548 I art     : Starting a blocking GC Explicit
08-05 19:36:09.111 15507 15548 I art     : Explicit concurrent mark sweep GC freed 1340(78KB) AllocSpace objects, 1(20KB) LOS objects, 25% free, 47MB/63MB, paused 183us total 17.106ms
08-05 19:36:09.118 15507 15548 I art     : Starting a blocking GC Explicit
08-05 19:36:09.131 15507 15548 I art     : Explicit concurrent mark sweep GC freed 20(704B) AllocSpace objects, 0(0B) LOS objects, 25% free, 47MB/63MB, paused 145us total 12.266ms
08-05 19:36:09.137 15507 15548 I art     : Starting a blocking GC Explicit
08-05 19:36:09.149 15507 15548 I art     : Explicit concurrent mark sweep GC freed 3(96B) AllocSpace objects, 0(0B) LOS objects, 25% free, 47MB/63MB, paused 154us total 11.964ms
08-05 19:36:09.155 15507 15548 I art     : Starting a blocking GC Explicit
08-05 19:36:09.167 15507 15548 I art     : Explicit concurrent mark sweep GC freed 3(96B) AllocSpace objects, 0(0B) LOS objects, 25% free, 47MB/63MB, paused 176us total 11.421ms
08-05 19:36:09.173 15507 15548 I art     : Starting a blocking GC Explicit
08-05 19:36:09.184 15507 15548 I art     : Explicit concurrent mark sweep GC freed 3(96B) AllocSpace objects, 0(0B) LOS objects, 25% free, 47MB/63MB, paused 148us total 11.302ms
08-05 19:36:09.509 15507 15521 I art     : Starting a blocking GC Explicit
08-05 19:36:09.528 15507 15521 I art     : Explicit concurrent mark sweep GC freed 1339(78KB) AllocSpace objects, 1(20KB) LOS objects, 25% free, 47MB/63MB, paused 245us total 19.341ms
08-05 19:36:09.540 15507 15521 I art     : Starting a blocking GC Explicit
08-05 19:36:09.553 15507 15521 I art     : Explicit concurrent mark sweep GC freed 20(704B) AllocSpace objects, 0(0B) LOS objects, 25% free, 47MB/63MB, paused 169us total 12.356ms
08-05 19:36:09.559 15507 15521 I art     : Starting a blocking GC Explicit
08-05 19:36:09.571 15507 15521 I art     : Explicit concurrent mark sweep GC freed 3(96B) AllocSpace objects, 0(0B) LOS objects, 25% free, 47MB/63MB, paused 156us total 11.783ms
08-05 19:36:09.578 15507 15521 I art     : Starting a blocking GC Explicit
08-05 19:36:09.589 15507 15521 I art     : Explicit concurrent mark sweep GC freed 3(96B) AllocSpace objects, 0(0B) LOS objects, 25% free, 47MB/63MB, paused 147us total 10.931ms
08-05 19:36:09.595 15507 15521 I art     : Starting a blocking GC Explicit
08-05 19:36:09.606 15507 15521 I art     : Explicit concurrent mark sweep GC freed 3(96B) AllocSpace objects, 0(0B) LOS objects, 25% free, 47MB/63MB, paused 150us total 11.442ms
08-05 19:36:09.912 15507 15520 I art     : Starting a blocking GC Explicit
08-05 19:36:09.930 15507 15520 I art     : Explicit concurrent mark sweep GC freed 1339(78KB) AllocSpace objects, 1(20KB) LOS objects, 25% free, 47MB/63MB, paused 180us total 17.282ms
08-05 19:36:09.941 15507 15520 I art     : Starting a blocking GC Explicit
08-05 19:36:09.953 15507 15520 I art     : Explicit concurrent mark sweep GC freed 20(704B) AllocSpace objects, 0(0B) LOS objects, 25% free, 47MB/63MB, paused 137us total 11.722ms
08-05 19:36:09.959 15507 15520 I art     : Starting a blocking GC Explicit
08-05 19:36:09.971 15507 15520 I art     : Explicit concurrent mark sweep GC freed 3(96B) AllocSpace objects, 0(0B) LOS objects, 25% free, 47MB/63MB, paused 147us total 11.384ms
08-05 19:36:09.977 15507 15520 I art     : Starting a blocking GC Explicit
08-05 19:36:09.989 15507 15520 I art     : Explicit concurrent mark sweep GC freed 3(96B) AllocSpace objects, 0(0B) LOS objects, 25% free, 47MB/63MB, paused 149us total 11.877ms
08-05 19:36:09.995 15507 15520 I art     : Starting a blocking GC Explicit
08-05 19:36:10.007 15507 15520 I art     : Explicit concurrent mark sweep GC freed 3(96B) AllocSpace objects, 0(0B) LOS objects, 25% free, 47MB/63MB, paused 170us total 11.684ms
08-05 19:36:10.315   918  3261 D WifiStateMachine: starting scan for "H369AA63323"WPA_PSK with 2412,5180
08-05 19:36:10.320 15507 15548 I art     : Starting a blocking GC Explicit
08-05 19:36:10.338 15507 15548 I art     : Explicit concurrent mark sweep GC freed 1339(78KB) AllocSpace objects, 1(20KB) LOS objects, 25% free, 47MB/63MB, paused 247us total 17.300ms
08-05 19:36:10.345 15507 15548 I art     : Starting a blocking GC Explicit
08-05 19:36:10.358 15507 15548 I art     : Explicit concurrent mark sweep GC freed 20(704B) AllocSpace objects, 0(0B) LOS objects, 25% free, 47MB/63MB, paused 161us total 12.755ms
08-05 19:36:10.365 15507 15548 I art     : Starting a blocking GC Explicit
08-05 19:36:10.376 15507 15548 I art     : Explicit concurrent mark sweep GC freed 3(96B) AllocSpace objects, 0(0B) LOS objects, 25% free, 47MB/63MB, paused 154us total 11.020ms
08-05 19:36:10.382 15507 15548 I art     : Starting a blocking GC Explicit
08-05 19:36:10.393 15507 15548 I art     : Explicit concurrent mark sweep GC freed 3(96B) AllocSpace objects, 0(0B) LOS objects, 25% free, 47MB/63MB, paused 139us total 10.911ms
08-05 19:36:10.399 15507 15548 I art     : Starting a blocking GC Explicit
08-05 19:36:10.410 15507 15548 I art     : Explicit concurrent mark sweep GC freed 3(96B) AllocSpace objects, 0(0B) LOS objects, 25% free, 47MB/63MB, paused 152us total 10.873ms
08-05 19:36:10.432 13866 13882 I PeriodicStatsRunner: PeriodicStatsRunner.call():175 call()
08-05 19:36:10.432 13866 13882 I PeriodicStatsRunner: PeriodicStatsRunner.call():179 No submit PeriodicStats since input started.
08-05 19:36:10.711 15507 15521 I art     : Starting a blocking GC Explicit
08-05 19:36:10.728 15507 15521 I art     : Explicit concurrent mark sweep GC freed 1339(78KB) AllocSpace objects, 1(20KB) LOS objects, 25% free, 47MB/63MB, paused 245us total 16.501ms
08-05 19:36:10.737 15507 15521 I art     : Starting a blocking GC Explicit
08-05 19:36:10.749 15507 15521 I art     : Explicit concurrent mark sweep GC freed 20(704B) AllocSpace objects, 0(0B) LOS objects, 25% free, 47MB/63MB, paused 169us total 12.195ms
08-05 19:36:10.756 15507 15521 I art     : Starting a blocking GC Explicit
08-05 19:36:10.768 15507 15521 I art     : Explicit concurrent mark sweep GC freed 3(96B) AllocSpace objects, 0(0B) LOS objects, 25% free, 47MB/63MB, paused 161us total 12.107ms
08-05 19:36:10.774 15507 15521 I art     : Starting a blocking GC Explicit
08-05 19:36:10.786 15507 15521 I art     : Explicit concurrent mark sweep GC freed 3(96B) AllocSpace objects, 0(0B) LOS objects, 25% free, 47MB/63MB, paused 150us total 11.454ms
08-05 19:36:10.792 15507 15521 I art     : Starting a blocking GC Explicit
08-05 19:36:10.803 15507 15521 I art     : Explicit concurrent mark sweep GC freed 3(96B) AllocSpace objects, 0(0B) LOS objects, 25% free, 47MB/63MB, paused 163us total 11.298ms
08-05 19:36:11.082 15507 15689 W OneSignal: OneSignalRestClient: POST Error thrown from network stack. 
08-05 19:36:11.082 15507 15689 W OneSignal: java.io.IOException: unexpected end of stream on Connection{api.onesignal.com:443, proxy=HTTP@192.168.2.12:8080 hostAddress=192.168.2.12 cipherSuite=TLS_ECDHE_RSA_WITH_AES_128_GCM_SHA256 protocol=http/1.1} (recycle count=1)
08-05 19:36:11.082 15507 15689 W OneSignal: 	at com.android.okhttp.internal.http.HttpConnection.readResponse(HttpConnection.java:210)
08-05 19:36:11.082 15507 15689 W OneSignal: 	at com.android.okhttp.internal.http.HttpTransport.readResponseHeaders(HttpTransport.java:80)
08-05 19:36:11.082 15507 15689 W OneSignal: 	at com.android.okhttp.internal.http.HttpEngine.readNetworkResponse(HttpEngine.java:904)
08-05 19:36:11.082 15507 15689 W OneSignal: 	at com.android.okhttp.internal.http.HttpEngine.readResponse(HttpEngine.java:788)
08-05 19:36:11.082 15507 15689 W OneSignal: 	at com.android.okhttp.internal.huc.HttpURLConnectionImpl.execute(HttpURLConnectionImpl.java:439)
08-05 19:36:11.082 15507 15689 W OneSignal: 	at com.android.okhttp.internal.huc.HttpURLConnectionImpl.getResponse(HttpURLConnectionImpl.java:384)
08-05 19:36:11.082 15507 15689 W OneSignal: 	at com.android.okhttp.internal.huc.HttpURLConnectionImpl.getResponseCode(HttpURLConnectionImpl.java:497)
08-05 19:36:11.082 15507 15689 W OneSignal: 	at com.android.okhttp.internal.huc.DelegatingHttpsURLConnection.getResponseCode(DelegatingHttpsURLConnection.java:105)
08-05 19:36:11.082 15507 15689 W OneSignal: 	at com.android.okhttp.internal.huc.HttpsURLConnectionImpl.getResponseCode(HttpsURLConnectionImpl.java)
08-05 19:36:11.082 15507 15689 W OneSignal: 	at com.onesignal.OneSignalRestClient.startHTTPConnection(OneSignalRestClient.java:180)
08-05 19:36:11.082 15507 15689 W OneSignal: 	at com.onesignal.OneSignalRestClient.access$100(OneSignalRestClient.java:44)
08-05 19:36:11.082 15507 15689 W OneSignal: 	at com.onesignal.OneSignalRestClient$4.run(OneSignalRestClient.java:110)
08-05 19:36:11.082 15507 15689 W OneSignal: 	at java.lang.Thread.run(Thread.java:818)
08-05 19:36:11.082 15507 15689 W OneSignal: Caused by: java.io.EOFException: \n not found: size=0 content=...
08-05 19:36:11.082 15507 15689 W OneSignal: 	at com.android.okhttp.okio.RealBufferedSource.readUtf8LineStrict(RealBufferedSource.java:200)
08-05 19:36:11.082 15507 15689 W OneSignal: 	at com.android.okhttp.internal.http.HttpConnection.readResponse(HttpConnection.java:191)
08-05 19:36:11.082 15507 15689 W OneSignal: 	... 12 more
08-05 19:36:11.083 15507 15698 W OneSignal: Failed last request. statusCode: -1
08-05 19:36:11.083 15507 15698 W OneSignal: response: null
08-05 19:36:11.110 15507 15520 I art     : Starting a blocking GC Explicit
08-05 19:36:11.122 15507 15520 I art     : Explicit concurrent mark sweep GC freed 1902(152KB) AllocSpace objects, 1(20KB) LOS objects, 25% free, 47MB/63MB, paused 164us total 11.899ms
08-05 19:36:11.129 15507 15520 I art     : Starting a blocking GC Explicit
08-05 19:36:11.139 15507 15520 I art     : Explicit concurrent mark sweep GC freed 30(1168B) AllocSpace objects, 0(0B) LOS objects, 25% free, 47MB/63MB, paused 138us total 9.989ms
08-05 19:36:11.144 15507 15520 I art     : Starting a blocking GC Explicit
08-05 19:36:11.154 15507 15520 I art     : Explicit concurrent mark sweep GC freed 3(96B) AllocSpace objects, 0(0B) LOS objects, 25% free, 47MB/63MB, paused 130us total 9.807ms
08-05 19:36:11.159 15507 15520 I art     : Starting a blocking GC Explicit
08-05 19:36:11.169 15507 15520 I art     : Explicit concurrent mark sweep GC freed 3(96B) AllocSpace objects, 0(0B) LOS objects, 25% free, 47MB/63MB, paused 130us total 9.603ms
08-05 19:36:11.174 15507 15520 I art     : Starting a blocking GC Explicit
08-05 19:36:11.184 15507 15520 I art     : Explicit concurrent mark sweep GC freed 3(96B) AllocSpace objects, 0(0B) LOS objects, 25% free, 47MB/63MB, paused 124us total 9.543ms
08-05 19:36:11.458 15507 15548 I art     : Starting a blocking GC Explicit
08-05 19:36:11.475 15507 15548 I art     : Explicit concurrent mark sweep GC freed 1339(78KB) AllocSpace objects, 1(20KB) LOS objects, 25% free, 47MB/63MB, paused 220us total 17.207ms
08-05 19:36:11.487 15507 15548 I art     : Starting a blocking GC Explicit
08-05 19:36:11.501 15507 15548 I art     : Explicit concurrent mark sweep GC freed 20(704B) AllocSpace objects, 0(0B) LOS objects, 25% free, 47MB/63MB, paused 165us total 13.470ms
08-05 19:36:11.507 15507 15548 I art     : Starting a blocking GC Explicit
08-05 19:36:11.519 15507 15548 I art     : Explicit concurrent mark sweep GC freed 3(96B) AllocSpace objects, 0(0B) LOS objects, 25% free, 47MB/63MB, paused 159us total 11.595ms
08-05 19:36:11.525 15507 15548 I art     : Starting a blocking GC Explicit
08-05 19:36:11.537 15507 15548 I art     : Explicit concurrent mark sweep GC freed 3(96B) AllocSpace objects, 0(0B) LOS objects, 25% free, 47MB/63MB, paused 221us total 11.726ms
08-05 19:36:11.543 15507 15548 I art     : Starting a blocking GC Explicit
08-05 19:36:11.555 15507 15548 I art     : Explicit concurrent mark sweep GC freed 3(96B) AllocSpace objects, 0(0B) LOS objects, 25% free, 47MB/63MB, paused 160us total 11.714ms
08-05 19:36:11.861 15507 15521 I art     : Starting a blocking GC Explicit
08-05 19:36:11.875 15507 15521 I art     : Explicit concurrent mark sweep GC freed 1339(78KB) AllocSpace objects, 1(20KB) LOS objects, 25% free, 47MB/63MB, paused 197us total 13.897ms
08-05 19:36:11.882 15507 15521 I art     : Starting a blocking GC Explicit
08-05 19:36:11.894 15507 15521 I art     : Explicit concurrent mark sweep GC freed 20(704B) AllocSpace objects, 0(0B) LOS objects, 25% free, 47MB/63MB, paused 161us total 11.631ms
08-05 19:36:11.900 15507 15521 I art     : Starting a blocking GC Explicit
08-05 19:36:11.911 15507 15521 I art     : Explicit concurrent mark sweep GC freed 3(96B) AllocSpace objects, 0(0B) LOS objects, 25% free, 47MB/63MB, paused 155us total 10.887ms
08-05 19:36:11.917 15507 15521 I art     : Starting a blocking GC Explicit
08-05 19:36:11.928 15507 15521 I art     : Explicit concurrent mark sweep GC freed 3(96B) AllocSpace objects, 0(0B) LOS objects, 25% free, 47MB/63MB, paused 153us total 10.820ms
08-05 19:36:11.934 15507 15521 I art     : Starting a blocking GC Explicit
08-05 19:36:11.945 15507 15521 I art     : Explicit concurrent mark sweep GC freed 3(96B) AllocSpace objects, 0(0B) LOS objects, 25% free, 47MB/63MB, paused 157us total 10.746ms
08-05 19:36:12.140 15723 15723 D AndroidRuntime: >>>>>> START com.android.internal.os.RuntimeInit uid 2000 <<<<<<
08-05 19:36:12.145 15723 15723 D AndroidRuntime: CheckJNI is OFF
08-05 19:36:12.169 15723 15723 D ICU     : No timezone override file found: /data/misc/zoneinfo/current/icu/icu_tzdata.dat
08-05 19:36:12.195 15723 15723 I Radio-JNI: register_android_hardware_Radio DONE
08-05 19:36:12.205 15507 15520 I art     : Starting a blocking GC Explicit
08-05 19:36:12.212 15723 15723 D AndroidRuntime: Calling main entry com.android.commands.input.Input
08-05 19:36:12.213 15723 15723 I Input   : injectMotionEvent: MotionEvent { action=ACTION_DOWN, actionButton=0, id[0]=0, x[0]=337.0, y[0]=1104.0, toolType[0]=TOOL_TYPE_UNKNOWN, buttonState=0, metaState=0, flags=0x0, edgeFlags=0x0, pointerCount=1, historySize=0, eventTime=819388626, downTime=819388626, deviceId=0, source=0x1002 }
08-05 19:36:12.217 15507 15520 I art     : Explicit concurrent mark sweep GC freed 1339(78KB) AllocSpace objects, 1(20KB) LOS objects, 25% free, 47MB/63MB, paused 465us total 12.050ms
08-05 19:36:12.219 15723 15723 I Input   : injectMotionEvent: MotionEvent { action=ACTION_UP, actionButton=0, id[0]=0, x[0]=337.0, y[0]=1104.0, toolType[0]=TOOL_TYPE_UNKNOWN, buttonState=0, metaState=0, flags=0x0, edgeFlags=0x0, pointerCount=1, historySize=0, eventTime=819388626, downTime=819388626, deviceId=0, source=0x1002 }
08-05 19:36:12.221   918   928 I ActivityManager: START u0 {cmp=baseline.appteam.nith.hillffair/.activities.BattleDayActivity} from uid 10675 on display 0
08-05 19:36:12.223 15507 15520 I art     : Starting a blocking GC Explicit
08-05 19:36:12.226 15723 15723 D AndroidRuntime: Shutting down VM
08-05 19:36:12.236 15507 15520 I art     : Explicit concurrent mark sweep GC freed 146(20KB) AllocSpace objects, 0(0B) LOS objects, 24% free, 48MB/64MB, paused 383us total 12.484ms
08-05 19:36:12.243 15507 15520 I art     : Starting a blocking GC Explicit
08-05 19:36:12.257 15507 15520 I art     : Explicit concurrent mark sweep GC freed 689(69KB) AllocSpace objects, 0(0B) LOS objects, 24% free, 48MB/64MB, paused 577us total 13.430ms
08-05 19:36:12.262 15507 15520 I art     : Starting a blocking GC Explicit
08-05 19:36:12.275 15507 15520 I art     : Explicit concurrent mark sweep GC freed 6005(353KB) AllocSpace objects, 0(0B) LOS objects, 24% free, 48MB/64MB, paused 483us total 13.276ms
08-05 19:36:12.281 15507 15520 I art     : Starting a blocking GC Explicit
08-05 19:36:12.295 15507 15520 I art     : Explicit concurrent mark sweep GC freed 741(55KB) AllocSpace objects, 0(0B) LOS objects, 24% free, 48MB/64MB, paused 231us total 13.353ms
08-05 19:36:12.319 13866 13866 I GoogleInputMethodServic: GoogleInputMethodService.onFinishInput():3138 
08-05 19:36:12.319 13866 13866 I GoogleInputMethodServic: GoogleInputMethodService.onStartInput():1808 
08-05 19:36:12.347   918   936 I ActivityManager: Displayed baseline.appteam.nith.hillffair/.activities.BattleDayActivity: +121ms
08-05 19:36:12.430 13866 13882 I PeriodicStatsRunner: PeriodicStatsRunner.call():175 call()
08-05 19:36:12.431 13866 13882 I PeriodicStatsRunner: PeriodicStatsRunner.call():179 No submit PeriodicStats since input started.
08-05 19:36:12.537 15507 15520 I art     : Starting a blocking GC Explicit
08-05 19:36:12.557 15507 15520 I art     : Explicit concurrent mark sweep GC freed 1625(97KB) AllocSpace objects, 1(20KB) LOS objects, 24% free, 48MB/64MB, paused 240us total 19.799ms
08-05 19:36:12.566 15507 15520 I art     : Starting a blocking GC Explicit
08-05 19:36:12.584 15507 15520 I art     : Explicit concurrent mark sweep GC freed 38(1376B) AllocSpace objects, 0(0B) LOS objects, 24% free, 48MB/64MB, paused 200us total 17.324ms
08-05 19:36:12.592 15507 15520 I art     : Starting a blocking GC Explicit
08-05 19:36:12.597   380   380 W SurfaceFlinger: couldn't log to binary event log: overflow.
08-05 19:36:12.608 15507 15520 I art     : Explicit concurrent mark sweep GC freed 3(96B) AllocSpace objects, 0(0B) LOS objects, 24% free, 48MB/64MB, paused 214us total 16.085ms
08-05 19:36:12.616 15507 15520 I art     : Starting a blocking GC Explicit
08-05 19:36:12.628 15507 15520 I art     : Explicit concurrent mark sweep GC freed 3(96B) AllocSpace objects, 0(0B) LOS objects, 24% free, 48MB/64MB, paused 195us total 11.454ms
08-05 19:36:12.634 15507 15520 I art     : Starting a blocking GC Explicit
08-05 19:36:12.645 15507 15520 I art     : Explicit concurrent mark sweep GC freed 3(96B) AllocSpace objects, 0(0B) LOS objects, 24% free, 48MB/64MB, paused 189us total 11.454ms
08-05 19:36:12.825 15507 15746 D OkHttp  : --> GET https://api-hillfair-2k16.herokuapp.com/api/app/events/special http/1.1
08-05 19:36:12.869 15507 15746 D OkHttp  : <-- 200 OK https://api-hillfair-2k16.herokuapp.com/api/app/events/special (43ms, 554-byte body)
08-05 19:36:12.915 15507 15507 I NAPPA_EXPERIMENTATION: MetricNetworkRequestExecutionTime: REQUEST_DURATION_SYSTEM='639',REQUEST_DURATION_OKHTTP='39',REQUEST_SYNCHRONOUS='FALSE',RESPONSE_CODE='200',RESPONSE_METHOD='GET',RESPONSE_LENGTH_OKHTTP='554',RESPONSE_LENGTH_HEADER='554',REQUEST_PROTOCOL='http/1.1',REQUEST_URL='https://api-hillfair-2k16.herokuapp.com/api/app/events/special',
08-05 19:36:12.919 15507 15521 I art     : Starting a blocking GC Explicit
08-05 19:36:12.938 15507 15521 I art     : Explicit concurrent mark sweep GC freed 4772(322KB) AllocSpace objects, 4(220KB) LOS objects, 24% free, 48MB/64MB, paused 419us total 17.996ms
08-05 19:36:12.945 15507 15521 I art     : Starting a blocking GC Explicit
08-05 19:36:12.960 15507 15521 I art     : Explicit concurrent mark sweep GC freed 1422(139KB) AllocSpace objects, 0(0B) LOS objects, 24% free, 48MB/64MB, paused 804us total 15.373ms
08-05 19:36:12.967 15507 15521 I art     : Starting a blocking GC Explicit
08-05 19:36:12.981 15507 15521 I art     : Explicit concurrent mark sweep GC freed 571(27KB) AllocSpace objects, 0(0B) LOS objects, 24% free, 48MB/64MB, paused 388us total 13.791ms
08-05 19:36:12.987 15507 15521 I art     : Starting a blocking GC Explicit
08-05 19:36:13.000 15507 15521 I art     : Explicit concurrent mark sweep GC freed 194(10KB) AllocSpace objects, 0(0B) LOS objects, 24% free, 48MB/64MB, paused 329us total 12.421ms
08-05 19:36:13.005 15507 15521 I art     : Starting a blocking GC Explicit
08-05 19:36:13.018 15507 15521 I art     : Explicit concurrent mark sweep GC freed 174(9KB) AllocSpace objects, 0(0B) LOS objects, 24% free, 48MB/64MB, paused 275us total 12.347ms
08-05 19:36:13.301 15507 15520 I art     : Starting a blocking GC Explicit
08-05 19:36:13.319 15507 15520 I art     : Explicit concurrent mark sweep GC freed 1342(78KB) AllocSpace objects, 1(20KB) LOS objects, 24% free, 48MB/64MB, paused 324us total 17.807ms
08-05 19:36:13.330 15507 15520 I art     : Starting a blocking GC Explicit
08-05 19:36:13.346 15507 15520 I art     : Explicit concurrent mark sweep GC freed 20(704B) AllocSpace objects, 0(0B) LOS objects, 24% free, 48MB/64MB, paused 290us total 16.275ms
08-05 19:36:13.353 15507 15520 I art     : Starting a blocking GC Explicit
08-05 19:36:13.367 15507 15520 I art     : Explicit concurrent mark sweep GC freed 3(96B) AllocSpace objects, 0(0B) LOS objects, 24% free, 48MB/64MB, paused 292us total 14.480ms
08-05 19:36:13.374 15507 15520 I art     : Starting a blocking GC Explicit
08-05 19:36:13.388 15507 15520 I art     : Explicit concurrent mark sweep GC freed 3(96B) AllocSpace objects, 0(0B) LOS objects, 24% free, 48MB/64MB, paused 283us total 14.353ms
08-05 19:36:13.395 15507 15520 I art     : Starting a blocking GC Explicit
08-05 19:36:13.409 15507 15520 I art     : Explicit concurrent mark sweep GC freed 6996(278KB) AllocSpace objects, 0(0B) LOS objects, 24% free, 48MB/64MB, paused 345us total 14.094ms
08-05 19:36:13.676 15507 15520 I art     : Starting a blocking GC Explicit
08-05 19:36:13.690 15507 15520 I art     : Explicit concurrent mark sweep GC freed 2639(292KB) AllocSpace objects, 1(20KB) LOS objects, 23% free, 52MB/68MB, paused 228us total 14.739ms
08-05 19:36:13.697 15507 15520 I art     : Starting a blocking GC Explicit
08-05 19:36:13.710 15507 15520 I art     : Explicit concurrent mark sweep GC freed 143(5KB) AllocSpace objects, 0(0B) LOS objects, 23% free, 52MB/68MB, paused 210us total 13.026ms
08-05 19:36:13.717 15507 15520 I art     : Starting a blocking GC Explicit
08-05 19:36:13.731 15507 15520 I art     : Explicit concurrent mark sweep GC freed 3(96B) AllocSpace objects, 0(0B) LOS objects, 23% free, 52MB/68MB, paused 208us total 13.927ms
08-05 19:36:13.737 15507 15520 I art     : Starting a blocking GC Explicit
08-05 19:36:13.751 15507 15520 I art     : Explicit concurrent mark sweep GC freed 3(96B) AllocSpace objects, 0(0B) LOS objects, 23% free, 52MB/68MB, paused 202us total 13.779ms
08-05 19:36:13.757 15507 15520 I art     : Starting a blocking GC Explicit
08-05 19:36:13.771 15507 15520 I art     : Explicit concurrent mark sweep GC freed 3(96B) AllocSpace objects, 0(0B) LOS objects, 23% free, 52MB/68MB, paused 197us total 13.373ms
08-05 19:36:14.071 15507 15521 I art     : Starting a blocking GC Explicit
08-05 19:36:14.088 15507 15521 I art     : Explicit concurrent mark sweep GC freed 1340(78KB) AllocSpace objects, 1(20KB) LOS objects, 23% free, 52MB/68MB, paused 237us total 17.078ms
08-05 19:36:14.098 15507 15521 I art     : Starting a blocking GC Explicit
08-05 19:36:14.116 15507 15521 I art     : Explicit concurrent mark sweep GC freed 20(704B) AllocSpace objects, 0(0B) LOS objects, 23% free, 52MB/68MB, paused 239us total 17.842ms
08-05 19:36:14.124 15507 15521 I art     : Starting a blocking GC Explicit
08-05 19:36:14.139 15507 15521 I art     : Explicit concurrent mark sweep GC freed 3(96B) AllocSpace objects, 0(0B) LOS objects, 23% free, 52MB/68MB, paused 217us total 14.449ms
08-05 19:36:14.145 15507 15521 I art     : Starting a blocking GC Explicit
08-05 19:36:14.160 15507 15521 I art     : Explicit concurrent mark sweep GC freed 3(96B) AllocSpace objects, 0(0B) LOS objects, 23% free, 52MB/68MB, paused 209us total 14.258ms
08-05 19:36:14.166 15507 15521 I art     : Starting a blocking GC Explicit
08-05 19:36:14.181 15507 15521 I art     : Explicit concurrent mark sweep GC freed 3(96B) AllocSpace objects, 0(0B) LOS objects, 23% free, 52MB/68MB, paused 222us total 14.142ms
08-05 19:36:14.500 15507 15548 I art     : Starting a blocking GC Explicit
08-05 19:36:14.521 15507 15548 I art     : Explicit concurrent mark sweep GC freed 1340(78KB) AllocSpace objects, 1(20KB) LOS objects, 23% free, 52MB/68MB, paused 251us total 20.461ms
08-05 19:36:14.532 15507 15548 I art     : Starting a blocking GC Explicit
08-05 19:36:14.547 15507 15548 I art     : Explicit concurrent mark sweep GC freed 20(704B) AllocSpace objects, 0(0B) LOS objects, 23% free, 52MB/68MB, paused 287us total 14.096ms
08-05 19:36:14.553 15507 15548 I art     : Starting a blocking GC Explicit
08-05 19:36:14.567 15507 15548 I art     : Explicit concurrent mark sweep GC freed 3(96B) AllocSpace objects, 0(0B) LOS objects, 23% free, 52MB/68MB, paused 235us total 13.660ms
08-05 19:36:14.573 15507 15548 I art     : Starting a blocking GC Explicit
08-05 19:36:14.587 15507 15548 I art     : Explicit concurrent mark sweep GC freed 3(96B) AllocSpace objects, 0(0B) LOS objects, 23% free, 52MB/68MB, paused 234us total 13.582ms
08-05 19:36:14.593 15507 15548 I art     : Starting a blocking GC Explicit
08-05 19:36:14.607 15507 15548 I art     : Explicit concurrent mark sweep GC freed 3(96B) AllocSpace objects, 0(0B) LOS objects, 23% free, 52MB/68MB, paused 215us total 13.753ms
08-05 19:36:14.749   518   646 I ThermalEngine: ACTION: GPU - Setting GPU[0] to 510000000
08-05 19:36:14.927 15507 15520 I art     : Starting a blocking GC Explicit
08-05 19:36:14.949 15507 15520 I art     : Explicit concurrent mark sweep GC freed 1340(78KB) AllocSpace objects, 1(20KB) LOS objects, 23% free, 52MB/68MB, paused 315us total 22.160ms
08-05 19:36:14.961 15507 15520 I art     : Starting a blocking GC Explicit
08-05 19:36:14.983 15507 15520 I art     : Explicit concurrent mark sweep GC freed 20(704B) AllocSpace objects, 0(0B) LOS objects, 23% free, 52MB/68MB, paused 293us total 21.426ms
08-05 19:36:14.993 15507 15520 I art     : Starting a blocking GC Explicit
08-05 19:36:15.011 15507 15520 I art     : Explicit concurrent mark sweep GC freed 3(96B) AllocSpace objects, 0(0B) LOS objects, 23% free, 52MB/68MB, paused 279us total 17.851ms
08-05 19:36:15.019 15507 15520 I art     : Starting a blocking GC Explicit
08-05 19:36:15.036 15507 15520 I art     : Explicit concurrent mark sweep GC freed 3(96B) AllocSpace objects, 0(0B) LOS objects, 23% free, 52MB/68MB, paused 279us total 17.186ms
08-05 19:36:15.044 15507 15520 I art     : Starting a blocking GC Explicit
08-05 19:36:15.062 15507 15520 I art     : Explicit concurrent mark sweep GC freed 3(96B) AllocSpace objects, 0(0B) LOS objects, 23% free, 52MB/68MB, paused 307us total 17.174ms
08-05 19:36:15.413 15507 15521 I art     : Starting a blocking GC Explicit
08-05 19:36:15.438 15507 15521 I art     : Explicit concurrent mark sweep GC freed 1340(78KB) AllocSpace objects, 1(20KB) LOS objects, 23% free, 52MB/68MB, paused 654us total 24.991ms
08-05 19:36:15.451 15507 15521 I art     : Starting a blocking GC Explicit
08-05 19:36:15.469 15507 15521 I art     : Explicit concurrent mark sweep GC freed 20(704B) AllocSpace objects, 0(0B) LOS objects, 23% free, 52MB/68MB, paused 300us total 17.803ms
08-05 19:36:15.478 15507 15521 I art     : Starting a blocking GC Explicit
08-05 19:36:15.495 15507 15521 I art     : Explicit concurrent mark sweep GC freed 3(96B) AllocSpace objects, 0(0B) LOS objects, 23% free, 52MB/68MB, paused 291us total 17.623ms
08-05 19:36:15.503 15507 15521 I art     : Starting a blocking GC Explicit
08-05 19:36:15.521 15507 15521 I art     : Explicit concurrent mark sweep GC freed 3(96B) AllocSpace objects, 0(0B) LOS objects, 23% free, 52MB/68MB, paused 280us total 17.554ms
08-05 19:36:15.529 15507 15521 I art     : Starting a blocking GC Explicit
08-05 19:36:15.547 15507 15521 I art     : Explicit concurrent mark sweep GC freed 3(96B) AllocSpace objects, 0(0B) LOS objects, 23% free, 52MB/68MB, paused 326us total 17.688ms
08-05 19:36:15.866 15507 15548 I art     : Starting a blocking GC Explicit
08-05 19:36:15.888 15507 15548 I art     : Explicit concurrent mark sweep GC freed 1340(78KB) AllocSpace objects, 1(20KB) LOS objects, 23% free, 52MB/68MB, paused 322us total 22.131ms
08-05 19:36:15.899 15507 15548 I art     : Starting a blocking GC Explicit
08-05 19:36:15.918 15507 15548 I art     : Explicit concurrent mark sweep GC freed 20(704B) AllocSpace objects, 0(0B) LOS objects, 23% free, 52MB/68MB, paused 296us total 18.695ms
08-05 19:36:15.926 15507 15548 I art     : Starting a blocking GC Explicit
08-05 19:36:15.944 15507 15548 I art     : Explicit concurrent mark sweep GC freed 3(96B) AllocSpace objects, 0(0B) LOS objects, 23% free, 52MB/68MB, paused 290us total 17.046ms
08-05 19:36:15.952 15507 15548 I art     : Starting a blocking GC Explicit
08-05 19:36:15.969 15507 15548 I art     : Explicit concurrent mark sweep GC freed 3(96B) AllocSpace objects, 0(0B) LOS objects, 23% free, 52MB/68MB, paused 297us total 17.402ms
08-05 19:36:15.978 15507 15548 I art     : Starting a blocking GC Explicit
08-05 19:36:15.995 15507 15548 I art     : Explicit concurrent mark sweep GC freed 3(96B) AllocSpace objects, 0(0B) LOS objects, 23% free, 52MB/68MB, paused 287us total 17.511ms
08-05 19:36:16.331 15507 15520 I art     : Starting a blocking GC Explicit
08-05 19:36:16.358 15507 15520 I art     : Explicit concurrent mark sweep GC freed 1340(78KB) AllocSpace objects, 1(20KB) LOS objects, 23% free, 52MB/68MB, paused 390us total 26.241ms
08-05 19:36:16.371 15507 15520 I art     : Starting a blocking GC Explicit
08-05 19:36:16.388 15507 15520 I art     : Explicit concurrent mark sweep GC freed 20(704B) AllocSpace objects, 0(0B) LOS objects, 23% free, 52MB/68MB, paused 276us total 17.025ms
08-05 19:36:16.396 15507 15520 I art     : Starting a blocking GC Explicit
08-05 19:36:16.413 15507 15520 I art     : Explicit concurrent mark sweep GC freed 3(96B) AllocSpace objects, 0(0B) LOS objects, 23% free, 52MB/68MB, paused 274us total 16.669ms
08-05 19:36:16.421 15507 15520 I art     : Starting a blocking GC Explicit
08-05 19:36:16.438 15507 15520 I art     : Explicit concurrent mark sweep GC freed 3(96B) AllocSpace objects, 0(0B) LOS objects, 23% free, 52MB/68MB, paused 279us total 17.459ms
08-05 19:36:16.446 15507 15520 I art     : Starting a blocking GC Explicit
08-05 19:36:16.464 15507 15520 I art     : Explicit concurrent mark sweep GC freed 3(96B) AllocSpace objects, 0(0B) LOS objects, 23% free, 52MB/68MB, paused 280us total 17.441ms
08-05 19:36:16.764 15507 15521 I art     : Starting a blocking GC Explicit
08-05 19:36:16.783 15507 15521 I art     : Explicit concurrent mark sweep GC freed 1340(78KB) AllocSpace objects, 1(20KB) LOS objects, 23% free, 52MB/68MB, paused 299us total 18.498ms
08-05 19:36:16.791 15507 15521 I art     : Starting a blocking GC Explicit
08-05 19:36:16.809 15507 15521 I art     : Explicit concurrent mark sweep GC freed 20(704B) AllocSpace objects, 0(0B) LOS objects, 23% free, 52MB/68MB, paused 279us total 17.850ms
08-05 19:36:16.818 15507 15521 I art     : Starting a blocking GC Explicit
08-05 19:36:16.836 15507 15521 I art     : Explicit concurrent mark sweep GC freed 3(96B) AllocSpace objects, 0(0B) LOS objects, 23% free, 52MB/68MB, paused 320us total 17.642ms
08-05 19:36:16.844 15507 15521 I art     : Starting a blocking GC Explicit
08-05 19:36:16.862 15507 15521 I art     : Explicit concurrent mark sweep GC freed 3(96B) AllocSpace objects, 0(0B) LOS objects, 23% free, 52MB/68MB, paused 275us total 17.540ms
08-05 19:36:16.870 15507 15521 I art     : Starting a blocking GC Explicit
08-05 19:36:16.888 15507 15521 I art     : Explicit concurrent mark sweep GC freed 3(96B) AllocSpace objects, 0(0B) LOS objects, 23% free, 52MB/68MB, paused 291us total 17.843ms
08-05 19:36:17.204 15507 15548 I art     : Starting a blocking GC Explicit
08-05 19:36:17.229 15507 15548 I art     : Explicit concurrent mark sweep GC freed 1340(78KB) AllocSpace objects, 1(20KB) LOS objects, 23% free, 52MB/68MB, paused 310us total 23.883ms
08-05 19:36:17.240 15507 15548 I art     : Starting a blocking GC Explicit
08-05 19:36:17.259 15507 15548 I art     : Explicit concurrent mark sweep GC freed 20(704B) AllocSpace objects, 0(0B) LOS objects, 23% free, 52MB/68MB, paused 290us total 19.133ms
08-05 19:36:17.267 15507 15548 I art     : Starting a blocking GC Explicit
08-05 19:36:17.286 15507 15548 I art     : Explicit concurrent mark sweep GC freed 3(96B) AllocSpace objects, 0(0B) LOS objects, 23% free, 52MB/68MB, paused 274us total 17.902ms
08-05 19:36:17.294 15507 15548 I art     : Starting a blocking GC Explicit
08-05 19:36:17.312 15507 15548 I art     : Explicit concurrent mark sweep GC freed 3(96B) AllocSpace objects, 0(0B) LOS objects, 23% free, 52MB/68MB, paused 270us total 17.598ms
08-05 19:36:17.320 13866 13882 I PeriodicStatsRunner: PeriodicStatsRunner.call():175 call()
08-05 19:36:17.320 13866 13882 I PeriodicStatsRunner: PeriodicStatsRunner.call():179 No submit PeriodicStats since input started.
08-05 19:36:17.320 15507 15548 I art     : Starting a blocking GC Explicit
08-05 19:36:17.337 15507 15548 I art     : Explicit concurrent mark sweep GC freed 3(96B) AllocSpace objects, 0(0B) LOS objects, 23% free, 52MB/68MB, paused 309us total 17.184ms
08-05 19:36:17.643 15507 15520 I art     : Starting a blocking GC Explicit
08-05 19:36:17.665 15507 15520 I art     : Explicit concurrent mark sweep GC freed 1340(78KB) AllocSpace objects, 1(20KB) LOS objects, 23% free, 52MB/68MB, paused 325us total 21.238ms
08-05 19:36:17.680 15507 15520 I art     : Starting a blocking GC Explicit
08-05 19:36:17.698 15507 15520 I art     : Explicit concurrent mark sweep GC freed 20(704B) AllocSpace objects, 0(0B) LOS objects, 23% free, 52MB/68MB, paused 277us total 18.037ms
08-05 19:36:17.706 15507 15520 I art     : Starting a blocking GC Explicit
08-05 19:36:17.724 15507 15520 I art     : Explicit concurrent mark sweep GC freed 3(96B) AllocSpace objects, 0(0B) LOS objects, 23% free, 52MB/68MB, paused 281us total 17.216ms
08-05 19:36:17.732 15507 15520 I art     : Starting a blocking GC Explicit
08-05 19:36:17.750 15507 15520 I art     : Explicit concurrent mark sweep GC freed 3(96B) AllocSpace objects, 0(0B) LOS objects, 23% free, 52MB/68MB, paused 274us total 17.609ms
08-05 19:36:17.758 15507 15520 I art     : Starting a blocking GC Explicit
08-05 19:36:17.776 15507 15520 I art     : Explicit concurrent mark sweep GC freed 3(96B) AllocSpace objects, 0(0B) LOS objects, 23% free, 52MB/68MB, paused 312us total 17.573ms
08-05 19:36:18.098 15507 15521 I art     : Starting a blocking GC Explicit
08-05 19:36:18.121 15507 15521 I art     : Explicit concurrent mark sweep GC freed 1340(78KB) AllocSpace objects, 1(20KB) LOS objects, 23% free, 52MB/68MB, paused 314us total 22.088ms
08-05 19:36:18.132 15507 15521 I art     : Starting a blocking GC Explicit
08-05 19:36:18.153 15507 15521 I art     : Explicit concurrent mark sweep GC freed 20(704B) AllocSpace objects, 0(0B) LOS objects, 23% free, 52MB/68MB, paused 303us total 21.027ms
08-05 19:36:18.164 15507 15521 I art     : Starting a blocking GC Explicit
08-05 19:36:18.182 15507 15521 I art     : Explicit concurrent mark sweep GC freed 3(96B) AllocSpace objects, 0(0B) LOS objects, 23% free, 52MB/68MB, paused 291us total 17.590ms
08-05 19:36:18.190 15507 15521 I art     : Starting a blocking GC Explicit
08-05 19:36:18.208 15507 15521 I art     : Explicit concurrent mark sweep GC freed 3(96B) AllocSpace objects, 0(0B) LOS objects, 23% free, 52MB/68MB, paused 279us total 17.309ms
08-05 19:36:18.216 15507 15521 I art     : Starting a blocking GC Explicit
08-05 19:36:18.233 15507 15521 I art     : Explicit concurrent mark sweep GC freed 3(96B) AllocSpace objects, 0(0B) LOS objects, 23% free, 52MB/68MB, paused 288us total 17.205ms
08-05 19:36:18.560 15507 15548 I art     : Starting a blocking GC Explicit
08-05 19:36:18.579 15507 15548 I art     : Explicit concurrent mark sweep GC freed 1340(78KB) AllocSpace objects, 1(20KB) LOS objects, 23% free, 52MB/68MB, paused 331us total 18.962ms
08-05 19:36:18.588 15507 15548 I art     : Starting a blocking GC Explicit
08-05 19:36:18.605 15507 15548 I art     : Explicit concurrent mark sweep GC freed 20(704B) AllocSpace objects, 0(0B) LOS objects, 23% free, 52MB/68MB, paused 295us total 17.369ms
08-05 19:36:18.613 15507 15548 I art     : Starting a blocking GC Explicit
08-05 19:36:18.631 15507 15548 I art     : Explicit concurrent mark sweep GC freed 3(96B) AllocSpace objects, 0(0B) LOS objects, 23% free, 52MB/68MB, paused 281us total 17.684ms
08-05 19:36:18.639 15507 15548 I art     : Starting a blocking GC Explicit
08-05 19:36:18.658 15507 15548 I art     : Explicit concurrent mark sweep GC freed 3(96B) AllocSpace objects, 0(0B) LOS objects, 23% free, 52MB/68MB, paused 290us total 17.969ms
08-05 19:36:18.666 15507 15548 I art     : Starting a blocking GC Explicit
08-05 19:36:18.684 15507 15548 I art     : Explicit concurrent mark sweep GC freed 3(96B) AllocSpace objects, 0(0B) LOS objects, 23% free, 52MB/68MB, paused 299us total 17.345ms
08-05 19:36:19.006 15507 15520 I art     : Starting a blocking GC Explicit
08-05 19:36:19.029 15507 15520 I art     : Explicit concurrent mark sweep GC freed 1340(78KB) AllocSpace objects, 1(20KB) LOS objects, 23% free, 52MB/68MB, paused 303us total 22.110ms
08-05 19:36:19.040 15507 15520 I art     : Starting a blocking GC Explicit
08-05 19:36:19.058 15507 15520 I art     : Explicit concurrent mark sweep GC freed 20(704B) AllocSpace objects, 0(0B) LOS objects, 23% free, 52MB/68MB, paused 301us total 18.127ms
08-05 19:36:19.066 15507 15520 I art     : Starting a blocking GC Explicit
08-05 19:36:19.084 15507 15520 I art     : Explicit concurrent mark sweep GC freed 3(96B) AllocSpace objects, 0(0B) LOS objects, 23% free, 52MB/68MB, paused 289us total 17.336ms
08-05 19:36:19.092 15507 15520 I art     : Starting a blocking GC Explicit
08-05 19:36:19.110 15507 15520 I art     : Explicit concurrent mark sweep GC freed 3(96B) AllocSpace objects, 0(0B) LOS objects, 23% free, 52MB/68MB, paused 277us total 17.592ms
08-05 19:36:19.118 15507 15520 I art     : Starting a blocking GC Explicit
08-05 19:36:19.136 15507 15520 I art     : Explicit concurrent mark sweep GC freed 3(96B) AllocSpace objects, 0(0B) LOS objects, 23% free, 52MB/68MB, paused 282us total 17.293ms
08-05 19:36:19.449 15507 15521 I art     : Starting a blocking GC Explicit
08-05 19:36:19.471 15507 15521 I art     : Explicit concurrent mark sweep GC freed 1340(78KB) AllocSpace objects, 1(20KB) LOS objects, 23% free, 52MB/68MB, paused 321us total 21.982ms
08-05 19:36:19.482 15507 15521 I art     : Starting a blocking GC Explicit
08-05 19:36:19.501 15507 15521 I art     : Explicit concurrent mark sweep GC freed 20(704B) AllocSpace objects, 0(0B) LOS objects, 23% free, 52MB/68MB, paused 269us total 18.294ms
08-05 19:36:19.509 15507 15521 I art     : Starting a blocking GC Explicit
08-05 19:36:19.526 15507 15521 I art     : Explicit concurrent mark sweep GC freed 3(96B) AllocSpace objects, 0(0B) LOS objects, 23% free, 52MB/68MB, paused 274us total 17.080ms
08-05 19:36:19.534 15507 15521 I art     : Starting a blocking GC Explicit
08-05 19:36:19.552 15507 15521 I art     : Explicit concurrent mark sweep GC freed 3(96B) AllocSpace objects, 0(0B) LOS objects, 23% free, 52MB/68MB, paused 297us total 17.327ms
08-05 19:36:19.560 15507 15521 I art     : Starting a blocking GC Explicit
08-05 19:36:19.578 15507 15521 I art     : Explicit concurrent mark sweep GC freed 3(96B) AllocSpace objects, 0(0B) LOS objects, 23% free, 52MB/68MB, paused 294us total 17.918ms
08-05 19:36:19.882 15507 15548 I art     : Starting a blocking GC Explicit
08-05 19:36:19.902 15507 15548 I art     : Explicit concurrent mark sweep GC freed 1340(78KB) AllocSpace objects, 1(20KB) LOS objects, 23% free, 52MB/68MB, paused 327us total 19.498ms
08-05 19:36:19.913 15507 15548 I art     : Starting a blocking GC Explicit
08-05 19:36:19.931 15507 15548 I art     : Explicit concurrent mark sweep GC freed 20(704B) AllocSpace objects, 0(0B) LOS objects, 23% free, 52MB/68MB, paused 293us total 17.204ms
08-05 19:36:19.939 15507 15548 I art     : Starting a blocking GC Explicit
08-05 19:36:19.956 15507 15548 I art     : Explicit concurrent mark sweep GC freed 3(96B) AllocSpace objects, 0(0B) LOS objects, 23% free, 52MB/68MB, paused 279us total 17.193ms
08-05 19:36:19.965 15507 15548 I art     : Starting a blocking GC Explicit
08-05 19:36:19.983 15507 15548 I art     : Explicit concurrent mark sweep GC freed 3(96B) AllocSpace objects, 0(0B) LOS objects, 23% free, 52MB/68MB, paused 285us total 17.870ms
08-05 19:36:19.991 15507 15548 I art     : Starting a blocking GC Explicit
08-05 19:36:20.009 15507 15548 I art     : Explicit concurrent mark sweep GC freed 3(96B) AllocSpace objects, 0(0B) LOS objects, 23% free, 52MB/68MB, paused 271us total 17.940ms
08-05 19:36:20.323 15507 15520 I art     : Starting a blocking GC Explicit
08-05 19:36:20.342 15507 15520 I art     : Explicit concurrent mark sweep GC freed 1340(78KB) AllocSpace objects, 1(20KB) LOS objects, 23% free, 52MB/68MB, paused 289us total 18.518ms
08-05 19:36:20.350 15507 15520 I art     : Starting a blocking GC Explicit
08-05 19:36:20.368 15507 15520 I art     : Explicit concurrent mark sweep GC freed 20(704B) AllocSpace objects, 0(0B) LOS objects, 23% free, 52MB/68MB, paused 286us total 17.828ms
08-05 19:36:20.376 15507 15520 I art     : Starting a blocking GC Explicit
08-05 19:36:20.394 15507 15520 I art     : Explicit concurrent mark sweep GC freed 3(96B) AllocSpace objects, 0(0B) LOS objects, 23% free, 52MB/68MB, paused 286us total 17.505ms
08-05 19:36:20.402 15507 15520 I art     : Starting a blocking GC Explicit
08-05 19:36:20.420 15507 15520 I art     : Explicit concurrent mark sweep GC freed 3(96B) AllocSpace objects, 0(0B) LOS objects, 23% free, 52MB/68MB, paused 285us total 17.051ms
08-05 19:36:20.428 15507 15520 I art     : Starting a blocking GC Explicit
08-05 19:36:20.445 15507 15520 I art     : Explicit concurrent mark sweep GC freed 3(96B) AllocSpace objects, 0(0B) LOS objects, 23% free, 52MB/68MB, paused 328us total 17.080ms
08-05 19:36:20.718 15507 15521 I art     : Starting a blocking GC Explicit
08-05 19:36:20.736 15507 15521 I art     : Explicit concurrent mark sweep GC freed 1340(78KB) AllocSpace objects, 1(20KB) LOS objects, 23% free, 52MB/68MB, paused 311us total 18.128ms
08-05 19:36:20.745 15507 15521 I art     : Starting a blocking GC Explicit
08-05 19:36:20.763 15507 15521 I art     : Explicit concurrent mark sweep GC freed 20(704B) AllocSpace objects, 0(0B) LOS objects, 23% free, 52MB/68MB, paused 292us total 17.721ms
08-05 19:36:20.771 15507 15521 I art     : Starting a blocking GC Explicit
08-05 19:36:20.789 15507 15521 I art     : Explicit concurrent mark sweep GC freed 3(96B) AllocSpace objects, 0(0B) LOS objects, 23% free, 52MB/68MB, paused 315us total 17.533ms
08-05 19:36:20.797 15507 15521 I art     : Starting a blocking GC Explicit
08-05 19:36:20.814 15507 15521 I art     : Explicit concurrent mark sweep GC freed 3(96B) AllocSpace objects, 0(0B) LOS objects, 23% free, 52MB/68MB, paused 306us total 16.936ms
08-05 19:36:20.822 15507 15521 I art     : Starting a blocking GC Explicit
08-05 19:36:20.840 15507 15521 I art     : Explicit concurrent mark sweep GC freed 3(96B) AllocSpace objects, 0(0B) LOS objects, 23% free, 52MB/68MB, paused 293us total 17.425ms
08-05 19:36:20.884 16073 16073 D AndroidRuntime: >>>>>> START com.android.internal.os.RuntimeInit uid 2000 <<<<<<
08-05 19:36:20.889 16073 16073 D AndroidRuntime: CheckJNI is OFF
08-05 19:36:20.923 16073 16073 D ICU     : No timezone override file found: /data/misc/zoneinfo/current/icu/icu_tzdata.dat
08-05 19:36:20.961 16073 16073 I Radio-JNI: register_android_hardware_Radio DONE
08-05 19:36:20.984 16073 16073 D AndroidRuntime: Calling main entry com.android.commands.input.Input
08-05 19:36:20.987 16073 16073 I Input   : injectMotionEvent: MotionEvent { action=ACTION_DOWN, actionButton=0, id[0]=0, x[0]=733.0, y[0]=645.0, toolType[0]=TOOL_TYPE_UNKNOWN, buttonState=0, metaState=0, flags=0x0, edgeFlags=0x0, pointerCount=1, historySize=0, eventTime=819397399, downTime=819397399, deviceId=0, source=0x1002 }
08-05 19:36:20.994 16073 16073 I Input   : injectMotionEvent: MotionEvent { action=ACTION_UP, actionButton=0, id[0]=0, x[0]=733.0, y[0]=645.0, toolType[0]=TOOL_TYPE_UNKNOWN, buttonState=0, metaState=0, flags=0x0, edgeFlags=0x0, pointerCount=1, historySize=0, eventTime=819397399, downTime=819397399, deviceId=0, source=0x1002 }
08-05 19:36:20.996   918  6029 I ActivityManager: START u0 {cmp=baseline.appteam.nith.hillffair/.activities.ClubActivity (has extras)} from uid 10675 on display 0
08-05 19:36:21.006 16073 16073 D AndroidRuntime: Shutting down VM
08-05 19:36:21.016   918   937 W ProcessCpuTracker: Skipping unknown process pid 16091
08-05 19:36:21.101 15507 15548 I art     : Starting a blocking GC Explicit
08-05 19:36:21.117   918   936 I ActivityManager: Displayed baseline.appteam.nith.hillffair/.activities.ClubActivity: +110ms
08-05 19:36:21.118 13866 13866 I GoogleInputMethodServic: GoogleInputMethodService.onFinishInput():3138 
08-05 19:36:21.119 13866 13866 I GoogleInputMethodServic: GoogleInputMethodService.onStartInput():1808 
08-05 19:36:21.121 15507 15548 I art     : Explicit concurrent mark sweep GC freed 5258(327KB) AllocSpace objects, 1(20KB) LOS objects, 23% free, 52MB/68MB, paused 543us total 19.629ms
08-05 19:36:21.130 15507 15548 I art     : Starting a blocking GC Explicit
08-05 19:36:21.151 15507 15548 I art     : Explicit concurrent mark sweep GC freed 219(10KB) AllocSpace objects, 0(0B) LOS objects, 23% free, 52MB/68MB, paused 772us total 20.700ms
08-05 19:36:21.160 15507 15548 I art     : Starting a blocking GC Explicit
08-05 19:36:21.176 15507 15548 I art     : Explicit concurrent mark sweep GC freed 11(368B) AllocSpace objects, 0(0B) LOS objects, 23% free, 52MB/68MB, paused 304us total 15.762ms
08-05 19:36:21.183 15507 15548 I art     : Starting a blocking GC Explicit
08-05 19:36:21.199 15507 15548 I art     : Explicit concurrent mark sweep GC freed 3(96B) AllocSpace objects, 0(0B) LOS objects, 23% free, 52MB/68MB, paused 309us total 16.395ms
08-05 19:36:21.208 15507 15548 I art     : Starting a blocking GC Explicit
08-05 19:36:21.226 15507 15548 I art     : Explicit concurrent mark sweep GC freed 3(96B) AllocSpace objects, 0(0B) LOS objects, 23% free, 52MB/68MB, paused 363us total 17.680ms
08-05 19:36:21.405   380   380 W SurfaceFlinger: couldn't log to binary event log: overflow.
08-05 19:36:21.477 15507 15520 I art     : Starting a blocking GC Explicit
08-05 19:36:21.494 15507 15520 I art     : Explicit concurrent mark sweep GC freed 2146(140KB) AllocSpace objects, 3(140KB) LOS objects, 23% free, 52MB/68MB, paused 568us total 17.546ms
08-05 19:36:21.503 15507 15520 I art     : Starting a blocking GC Explicit
08-05 19:36:21.518 15507 16105 D OkHttp  : --> GET https://api-hillfair-2k16.herokuapp.com/api/app/events/special/event?id=5806551bdcba0f490c70fd1f http/1.1
08-05 19:36:21.525 15507 15520 I art     : Explicit concurrent mark sweep GC freed 2193(123KB) AllocSpace objects, 1(80KB) LOS objects, 23% free, 52MB/68MB, paused 419us total 21.460ms
08-05 19:36:21.537 15507 15520 I art     : Starting a blocking GC Explicit
08-05 19:36:21.553 15507 15520 I art     : Explicit concurrent mark sweep GC freed 668(72KB) AllocSpace objects, 0(0B) LOS objects, 23% free, 52MB/68MB, paused 335us total 16.091ms
08-05 19:36:21.558 15507 16105 D OkHttp  : <-- 200 OK https://api-hillfair-2k16.herokuapp.com/api/app/events/special/event?id=5806551bdcba0f490c70fd1f (39ms, 795-byte body)
08-05 19:36:21.561 15507 15520 I art     : Starting a blocking GC Explicit
08-05 19:36:21.577 15507 15520 I art     : Explicit concurrent mark sweep GC freed 218(37KB) AllocSpace objects, 0(0B) LOS objects, 23% free, 52MB/68MB, paused 359us total 16.557ms
08-05 19:36:21.585 15507 15520 I art     : Starting a blocking GC Explicit
08-05 19:36:21.602 15507 15520 I art     : Explicit concurrent mark sweep GC freed 32(1280B) AllocSpace objects, 0(0B) LOS objects, 23% free, 52MB/68MB, paused 322us total 16.822ms
08-05 19:36:21.623 15507 15507 I NAPPA_EXPERIMENTATION: MetricNetworkRequestExecutionTime: REQUEST_DURATION_SYSTEM='582',REQUEST_DURATION_OKHTTP='39',REQUEST_SYNCHRONOUS='FALSE',RESPONSE_CODE='200',RESPONSE_METHOD='GET',RESPONSE_LENGTH_OKHTTP='795',RESPONSE_LENGTH_HEADER='795',REQUEST_PROTOCOL='http/1.1',REQUEST_URL='https://api-hillfair-2k16.herokuapp.com/api/app/events/special/event?id=5806551bdcba0f490c70fd1f',
08-05 19:36:21.895 15507 15521 I art     : Starting a blocking GC Explicit
08-05 19:36:21.915 15507 15521 I art     : Explicit concurrent mark sweep GC freed 1980(167KB) AllocSpace objects, 1(20KB) LOS objects, 23% free, 52MB/68MB, paused 305us total 19.838ms
08-05 19:36:21.924 15507 15521 I art     : Starting a blocking GC Explicit
08-05 19:36:21.942 15507 15521 I art     : Explicit concurrent mark sweep GC freed 70(2336B) AllocSpace objects, 0(0B) LOS objects, 23% free, 52MB/68MB, paused 291us total 18.464ms
08-05 19:36:21.952 15507 15521 I art     : Starting a blocking GC Explicit
08-05 19:36:21.970 15507 15521 I art     : Explicit concurrent mark sweep GC freed 3(96B) AllocSpace objects, 0(0B) LOS objects, 23% free, 52MB/68MB, paused 317us total 18.013ms
08-05 19:36:21.978 15507 15521 I art     : Starting a blocking GC Explicit
08-05 19:36:21.997 15507 15521 I art     : Explicit concurrent mark sweep GC freed 3(96B) AllocSpace objects, 0(0B) LOS objects, 23% free, 52MB/68MB, paused 352us total 18.002ms
08-05 19:36:22.005 15507 15521 I art     : Starting a blocking GC Explicit
08-05 19:36:22.023 15507 15521 I art     : Explicit concurrent mark sweep GC freed 3(96B) AllocSpace objects, 0(0B) LOS objects, 23% free, 52MB/68MB, paused 489us total 18.010ms
08-05 19:36:22.311 15507 15520 I art     : Starting a blocking GC Explicit
08-05 19:36:22.335 15507 15520 I art     : Explicit concurrent mark sweep GC freed 1342(78KB) AllocSpace objects, 1(20KB) LOS objects, 23% free, 52MB/68MB, paused 335us total 23.657ms
08-05 19:36:22.348 15507 15520 I art     : Starting a blocking GC Explicit
08-05 19:36:22.367 15507 15520 I art     : Explicit concurrent mark sweep GC freed 36(1264B) AllocSpace objects, 0(0B) LOS objects, 23% free, 52MB/68MB, paused 312us total 18.798ms
08-05 19:36:22.375 15507 15520 I art     : Starting a blocking GC Explicit
08-05 19:36:22.394 15507 15520 I art     : Explicit concurrent mark sweep GC freed 3(96B) AllocSpace objects, 0(0B) LOS objects, 23% free, 52MB/68MB, paused 308us total 18.943ms
08-05 19:36:22.403 15507 15520 I art     : Starting a blocking GC Explicit
08-05 19:36:22.422 15507 15520 I art     : Explicit concurrent mark sweep GC freed 3(96B) AllocSpace objects, 0(0B) LOS objects, 23% free, 52MB/68MB, paused 307us total 19.047ms
08-05 19:36:22.430 15507 15520 I art     : Starting a blocking GC Explicit
08-05 19:36:22.449 15507 15520 I art     : Explicit concurrent mark sweep GC freed 3(96B) AllocSpace objects, 0(0B) LOS objects, 23% free, 52MB/68MB, paused 309us total 18.610ms
08-05 19:36:22.735 15507 15548 I art     : Starting a blocking GC Explicit
08-05 19:36:22.763 15507 15548 I art     : Explicit concurrent mark sweep GC freed 1341(78KB) AllocSpace objects, 1(20KB) LOS objects, 23% free, 52MB/68MB, paused 383us total 27.799ms
08-05 19:36:22.776 15507 15548 I art     : Starting a blocking GC Explicit
08-05 19:36:22.800 15507 15548 I art     : Explicit concurrent mark sweep GC freed 20(704B) AllocSpace objects, 0(0B) LOS objects, 23% free, 52MB/68MB, paused 437us total 22.898ms
08-05 19:36:22.810 15507 15548 I art     : Starting a blocking GC Explicit
08-05 19:36:22.829 15507 15548 I art     : Explicit concurrent mark sweep GC freed 3(96B) AllocSpace objects, 0(0B) LOS objects, 23% free, 52MB/68MB, paused 313us total 19.090ms
08-05 19:36:22.838 15507 15548 I art     : Starting a blocking GC Explicit
08-05 19:36:22.857 15507 15548 I art     : Explicit concurrent mark sweep GC freed 3(96B) AllocSpace objects, 0(0B) LOS objects, 23% free, 52MB/68MB, paused 416us total 18.980ms
08-05 19:36:22.866 15507 15548 I art     : Starting a blocking GC Explicit
08-05 19:36:22.885 15507 15548 I art     : Explicit concurrent mark sweep GC freed 3(96B) AllocSpace objects, 0(0B) LOS objects, 23% free, 52MB/68MB, paused 310us total 19.103ms
08-05 19:36:23.217 15507 15521 I art     : Starting a blocking GC Explicit
08-05 19:36:23.236 15507 15521 I art     : Explicit concurrent mark sweep GC freed 1341(78KB) AllocSpace objects, 1(20KB) LOS objects, 23% free, 52MB/68MB, paused 300us total 18.357ms
08-05 19:36:23.244 15507 15521 I art     : Starting a blocking GC Explicit
08-05 19:36:23.261 15507 15521 I art     : Explicit concurrent mark sweep GC freed 20(704B) AllocSpace objects, 0(0B) LOS objects, 23% free, 52MB/68MB, paused 329us total 16.889ms
08-05 19:36:23.269 15507 15521 I art     : Starting a blocking GC Explicit
08-05 19:36:23.286 15507 15521 I art     : Explicit concurrent mark sweep GC freed 3(96B) AllocSpace objects, 0(0B) LOS objects, 23% free, 52MB/68MB, paused 301us total 17.040ms
08-05 19:36:23.294 15507 15521 I art     : Starting a blocking GC Explicit
08-05 19:36:23.312 15507 15521 I art     : Explicit concurrent mark sweep GC freed 3(96B) AllocSpace objects, 0(0B) LOS objects, 23% free, 52MB/68MB, paused 310us total 18.499ms
08-05 19:36:23.320 15507 15521 I art     : Starting a blocking GC Explicit
08-05 19:36:23.339 15507 15521 I art     : Explicit concurrent mark sweep GC freed 3(96B) AllocSpace objects, 0(0B) LOS objects, 23% free, 52MB/68MB, paused 308us total 18.130ms
08-05 19:36:23.681 15507 15520 I art     : Starting a blocking GC Explicit
08-05 19:36:23.709 15507 15520 I art     : Explicit concurrent mark sweep GC freed 1341(78KB) AllocSpace objects, 1(20KB) LOS objects, 23% free, 52MB/68MB, paused 378us total 27.842ms
08-05 19:36:23.721 15507 15520 I art     : Starting a blocking GC Explicit
08-05 19:36:23.743 15507 15520 I art     : Explicit concurrent mark sweep GC freed 20(704B) AllocSpace objects, 0(0B) LOS objects, 23% free, 52MB/68MB, paused 310us total 21.724ms
08-05 19:36:23.751 15507 15520 I art     : Starting a blocking GC Explicit
08-05 19:36:23.771 15507 15520 I art     : Explicit concurrent mark sweep GC freed 3(96B) AllocSpace objects, 0(0B) LOS objects, 23% free, 52MB/68MB, paused 305us total 18.998ms
08-05 19:36:23.779 15507 15520 I art     : Starting a blocking GC Explicit
08-05 19:36:23.798 15507 15520 I art     : Explicit concurrent mark sweep GC freed 3(96B) AllocSpace objects, 0(0B) LOS objects, 23% free, 52MB/68MB, paused 304us total 18.973ms
08-05 19:36:23.807 15507 15520 I art     : Starting a blocking GC Explicit
08-05 19:36:23.826 15507 15520 I art     : Explicit concurrent mark sweep GC freed 3(96B) AllocSpace objects, 0(0B) LOS objects, 23% free, 52MB/68MB, paused 304us total 19.307ms
08-05 19:36:24.140 15507 15548 I art     : Starting a blocking GC Explicit
08-05 19:36:24.164 15507 15548 I art     : Explicit concurrent mark sweep GC freed 1341(78KB) AllocSpace objects, 1(20KB) LOS objects, 23% free, 52MB/68MB, paused 351us total 23.456ms
08-05 19:36:24.175 15507 15548 I art     : Starting a blocking GC Explicit
08-05 19:36:24.197 15507 15548 I art     : Explicit concurrent mark sweep GC freed 20(704B) AllocSpace objects, 0(0B) LOS objects, 23% free, 52MB/68MB, paused 325us total 21.888ms
08-05 19:36:24.206 15507 15548 I art     : Starting a blocking GC Explicit
08-05 19:36:24.225 15507 15548 I art     : Explicit concurrent mark sweep GC freed 3(96B) AllocSpace objects, 0(0B) LOS objects, 23% free, 52MB/68MB, paused 310us total 19.016ms
08-05 19:36:24.234 15507 15548 I art     : Starting a blocking GC Explicit
08-05 19:36:24.253 15507 15548 I art     : Explicit concurrent mark sweep GC freed 3(96B) AllocSpace objects, 0(0B) LOS objects, 23% free, 52MB/68MB, paused 318us total 18.817ms
08-05 19:36:24.261 15507 15548 I art     : Starting a blocking GC Explicit
08-05 19:36:24.280 15507 15548 I art     : Explicit concurrent mark sweep GC freed 3(96B) AllocSpace objects, 0(0B) LOS objects, 23% free, 52MB/68MB, paused 310us total 18.728ms
08-05 19:36:24.591 15507 15521 I art     : Starting a blocking GC Explicit
08-05 19:36:24.618 15507 15521 I art     : Explicit concurrent mark sweep GC freed 1341(78KB) AllocSpace objects, 1(20KB) LOS objects, 23% free, 52MB/68MB, paused 423us total 26.606ms
08-05 19:36:24.631 15507 15521 I art     : Starting a blocking GC Explicit
08-05 19:36:24.650 15507 15521 I art     : Explicit concurrent mark sweep GC freed 20(704B) AllocSpace objects, 0(0B) LOS objects, 23% free, 52MB/68MB, paused 309us total 18.779ms
08-05 19:36:24.658 15507 15521 I art     : Starting a blocking GC Explicit
08-05 19:36:24.677 15507 15521 I art     : Explicit concurrent mark sweep GC freed 3(96B) AllocSpace objects, 0(0B) LOS objects, 23% free, 52MB/68MB, paused 409us total 18.574ms
08-05 19:36:24.685 15507 15521 I art     : Starting a blocking GC Explicit
08-05 19:36:24.704 15507 15521 I art     : Explicit concurrent mark sweep GC freed 3(96B) AllocSpace objects, 0(0B) LOS objects, 23% free, 52MB/68MB, paused 314us total 18.925ms
08-05 19:36:24.713 15507 15521 I art     : Starting a blocking GC Explicit
08-05 19:36:24.732 15507 15521 I art     : Explicit concurrent mark sweep GC freed 3(96B) AllocSpace objects, 0(0B) LOS objects, 23% free, 52MB/68MB, paused 313us total 18.758ms
08-05 19:36:24.935  7260  7260 I ServiceManager: Waiting for service AtCmdFwd...
08-05 19:36:25.045 15507 15520 I art     : Starting a blocking GC Explicit
08-05 19:36:25.069 15507 15520 I art     : Explicit concurrent mark sweep GC freed 1341(78KB) AllocSpace objects, 1(20KB) LOS objects, 23% free, 52MB/68MB, paused 331us total 23.424ms
08-05 19:36:25.079 15507 15520 I art     : Starting a blocking GC Explicit
08-05 19:36:25.099 15507 15520 I art     : Explicit concurrent mark sweep GC freed 20(704B) AllocSpace objects, 0(0B) LOS objects, 23% free, 52MB/68MB, paused 321us total 19.299ms
08-05 19:36:25.107 15507 15520 I art     : Starting a blocking GC Explicit
08-05 19:36:25.126 15507 15520 I art     : Explicit concurrent mark sweep GC freed 3(96B) AllocSpace objects, 0(0B) LOS objects, 23% free, 52MB/68MB, paused 307us total 18.759ms
08-05 19:36:25.135 15507 15520 I art     : Starting a blocking GC Explicit
08-05 19:36:25.154 15507 15520 I art     : Explicit concurrent mark sweep GC freed 3(96B) AllocSpace objects, 0(0B) LOS objects, 23% free, 52MB/68MB, paused 314us total 18.770ms
08-05 19:36:25.162 15507 15520 I art     : Starting a blocking GC Explicit
08-05 19:36:25.181 15507 15520 I art     : Explicit concurrent mark sweep GC freed 3(96B) AllocSpace objects, 0(0B) LOS objects, 23% free, 52MB/68MB, paused 303us total 18.550ms
08-05 19:36:25.489 15507 15548 I art     : Starting a blocking GC Explicit
08-05 19:36:25.514 15507 15548 I art     : Explicit concurrent mark sweep GC freed 1341(78KB) AllocSpace objects, 1(20KB) LOS objects, 23% free, 52MB/68MB, paused 345us total 24.233ms
08-05 19:36:25.527 15507 15548 I art     : Starting a blocking GC Explicit
08-05 19:36:25.546 15507 15548 I art     : Explicit concurrent mark sweep GC freed 20(704B) AllocSpace objects, 0(0B) LOS objects, 23% free, 52MB/68MB, paused 364us total 18.677ms
08-05 19:36:25.554 15507 15548 I art     : Starting a blocking GC Explicit
08-05 19:36:25.573 15507 15548 I art     : Explicit concurrent mark sweep GC freed 3(96B) AllocSpace objects, 0(0B) LOS objects, 23% free, 52MB/68MB, paused 317us total 18.679ms
08-05 19:36:25.581 15507 15548 I art     : Starting a blocking GC Explicit
08-05 19:36:25.600 15507 15548 I art     : Explicit concurrent mark sweep GC freed 3(96B) AllocSpace objects, 0(0B) LOS objects, 23% free, 52MB/68MB, paused 327us total 19.085ms
08-05 19:36:25.609 15507 15548 I art     : Starting a blocking GC Explicit
08-05 19:36:25.628 15507 15548 I art     : Explicit concurrent mark sweep GC freed 3(96B) AllocSpace objects, 0(0B) LOS objects, 23% free, 52MB/68MB, paused 313us total 19.200ms
08-05 19:36:25.935  7260  7260 I ServiceManager: Waiting for service AtCmdFwd...
08-05 19:36:25.952 15507 15521 I art     : Starting a blocking GC Explicit
08-05 19:36:25.976 15507 15521 I art     : Explicit concurrent mark sweep GC freed 1341(78KB) AllocSpace objects, 1(20KB) LOS objects, 23% free, 52MB/68MB, paused 350us total 23.534ms
08-05 19:36:25.988 15507 15521 I art     : Starting a blocking GC Explicit
08-05 19:36:26.011 15507 15521 I art     : Explicit concurrent mark sweep GC freed 20(704B) AllocSpace objects, 0(0B) LOS objects, 23% free, 52MB/68MB, paused 336us total 22.516ms
08-05 19:36:26.021 15507 15521 I art     : Starting a blocking GC Explicit
08-05 19:36:26.040 15507 15521 I art     : Explicit concurrent mark sweep GC freed 3(96B) AllocSpace objects, 0(0B) LOS objects, 23% free, 52MB/68MB, paused 296us total 19.007ms
08-05 19:36:26.049 15507 15521 I art     : Starting a blocking GC Explicit
08-05 19:36:26.068 15507 15521 I art     : Explicit concurrent mark sweep GC freed 3(96B) AllocSpace objects, 0(0B) LOS objects, 23% free, 52MB/68MB, paused 314us total 18.569ms
08-05 19:36:26.076 15507 15521 I art     : Starting a blocking GC Explicit
08-05 19:36:26.094 15507 15521 I art     : Explicit concurrent mark sweep GC freed 3(96B) AllocSpace objects, 0(0B) LOS objects, 23% free, 52MB/68MB, paused 306us total 18.287ms
08-05 19:36:26.119 13866 13882 I PeriodicStatsRunner: PeriodicStatsRunner.call():175 call()
08-05 19:36:26.119 13866 13882 I PeriodicStatsRunner: PeriodicStatsRunner.call():179 No submit PeriodicStats since input started.
08-05 19:36:26.333 15507 16223 W OneSignal: OneSignalRestClient: POST Error thrown from network stack. 
08-05 19:36:26.333 15507 16223 W OneSignal: java.io.IOException: unexpected end of stream on Connection{api.onesignal.com:443, proxy=HTTP@192.168.2.12:8080 hostAddress=192.168.2.12 cipherSuite=TLS_ECDHE_RSA_WITH_AES_128_GCM_SHA256 protocol=http/1.1} (recycle count=0)
08-05 19:36:26.333 15507 16223 W OneSignal: 	at com.android.okhttp.internal.http.HttpConnection.readResponse(HttpConnection.java:210)
08-05 19:36:26.333 15507 16223 W OneSignal: 	at com.android.okhttp.internal.http.HttpTransport.readResponseHeaders(HttpTransport.java:80)
08-05 19:36:26.333 15507 16223 W OneSignal: 	at com.android.okhttp.internal.http.HttpEngine.readNetworkResponse(HttpEngine.java:904)
08-05 19:36:26.333 15507 16223 W OneSignal: 	at com.android.okhttp.internal.http.HttpEngine.readResponse(HttpEngine.java:788)
08-05 19:36:26.333 15507 16223 W OneSignal: 	at com.android.okhttp.internal.huc.HttpURLConnectionImpl.execute(HttpURLConnectionImpl.java:439)
08-05 19:36:26.333 15507 16223 W OneSignal: 	at com.android.okhttp.internal.huc.HttpURLConnectionImpl.getResponse(HttpURLConnectionImpl.java:384)
08-05 19:36:26.333 15507 16223 W OneSignal: 	at com.android.okhttp.internal.huc.HttpURLConnectionImpl.getResponseCode(HttpURLConnectionImpl.java:497)
08-05 19:36:26.333 15507 16223 W OneSignal: 	at com.android.okhttp.internal.huc.DelegatingHttpsURLConnection.getResponseCode(DelegatingHttpsURLConnection.java:105)
08-05 19:36:26.333 15507 16223 W OneSignal: 	at com.android.okhttp.internal.huc.HttpsURLConnectionImpl.getResponseCode(HttpsURLConnectionImpl.java)
08-05 19:36:26.333 15507 16223 W OneSignal: 	at com.onesignal.OneSignalRestClient.startHTTPConnection(OneSignalRestClient.java:180)
08-05 19:36:26.333 15507 16223 W OneSignal: 	at com.onesignal.OneSignalRestClient.access$100(OneSignalRestClient.java:44)
08-05 19:36:26.333 15507 16223 W OneSignal: 	at com.onesignal.OneSignalRestClient$4.run(OneSignalRestClient.java:110)
08-05 19:36:26.333 15507 16223 W OneSignal: 	at java.lang.Thread.run(Thread.java:818)
08-05 19:36:26.333 15507 16223 W OneSignal: Caused by: java.io.EOFException: \n not found: size=0 content=...
08-05 19:36:26.333 15507 16223 W OneSignal: 	at com.android.okhttp.okio.RealBufferedSource.readUtf8LineStrict(RealBufferedSource.java:200)
08-05 19:36:26.333 15507 16223 W OneSignal: 	at com.android.okhttp.internal.http.HttpConnection.readResponse(HttpConnection.java:191)
08-05 19:36:26.333 15507 16223 W OneSignal: 	... 12 more
08-05 19:36:26.336 15507 16235 W OneSignal: Failed last request. statusCode: -1
08-05 19:36:26.336 15507 16235 W OneSignal: response: null
08-05 19:36:26.394 15507 15520 I art     : Starting a blocking GC Explicit
08-05 19:36:26.416 15507 15520 I art     : Explicit concurrent mark sweep GC freed 3981(245KB) AllocSpace objects, 1(20KB) LOS objects, 23% free, 52MB/68MB, paused 311us total 21.780ms
08-05 19:36:26.428 15507 15520 I art     : Starting a blocking GC Explicit
08-05 19:36:26.447 15507 15520 I art     : Explicit concurrent mark sweep GC freed 73(2704B) AllocSpace objects, 0(0B) LOS objects, 23% free, 52MB/68MB, paused 316us total 18.731ms
08-05 19:36:26.456 15507 15520 I art     : Starting a blocking GC Explicit
08-05 19:36:26.475 15507 15520 I art     : Explicit concurrent mark sweep GC freed 3(96B) AllocSpace objects, 0(0B) LOS objects, 23% free, 52MB/68MB, paused 300us total 18.762ms
08-05 19:36:26.483 15507 15520 I art     : Starting a blocking GC Explicit
08-05 19:36:26.502 15507 15520 I art     : Explicit concurrent mark sweep GC freed 3(96B) AllocSpace objects, 0(0B) LOS objects, 23% free, 52MB/68MB, paused 333us total 18.863ms
08-05 19:36:26.511 15507 15520 I art     : Starting a blocking GC Explicit
08-05 19:36:26.530 15507 15520 I art     : Explicit concurrent mark sweep GC freed 3(96B) AllocSpace objects, 0(0B) LOS objects, 23% free, 52MB/68MB, paused 294us total 18.608ms
08-05 19:36:26.837 15507 15548 I art     : Starting a blocking GC Explicit
08-05 19:36:26.864 15507 15548 I art     : Explicit concurrent mark sweep GC freed 1341(78KB) AllocSpace objects, 1(20KB) LOS objects, 23% free, 52MB/68MB, paused 342us total 26.900ms
08-05 19:36:26.877 15507 15548 I art     : Starting a blocking GC Explicit
08-05 19:36:26.899 15507 15548 I art     : Explicit concurrent mark sweep GC freed 20(704B) AllocSpace objects, 0(0B) LOS objects, 23% free, 52MB/68MB, paused 306us total 22.456ms
08-05 19:36:26.908 15507 15548 I art     : Starting a blocking GC Explicit
08-05 19:36:26.927 15507 15548 I art     : Explicit concurrent mark sweep GC freed 3(96B) AllocSpace objects, 0(0B) LOS objects, 23% free, 52MB/68MB, paused 349us total 19.164ms
08-05 19:36:26.936 15507 15548 I art     : Starting a blocking GC Explicit
08-05 19:36:26.936  7260  7260 I ServiceManager: Waiting for service AtCmdFwd...
08-05 19:36:26.954 15507 15548 I art     : Explicit concurrent mark sweep GC freed 3(96B) AllocSpace objects, 0(0B) LOS objects, 23% free, 52MB/68MB, paused 305us total 18.537ms
08-05 19:36:26.963 15507 15548 I art     : Starting a blocking GC Explicit
08-05 19:36:26.981 15507 15548 I art     : Explicit concurrent mark sweep GC freed 3(96B) AllocSpace objects, 0(0B) LOS objects, 23% free, 52MB/68MB, paused 309us total 18.365ms
08-05 19:36:27.117   918  1210 D NetlinkSocketObserver: NeighborEvent{elapsedMs=1802790992, 192.168.2.254, [7C3953A63323], RTM_NEWNEIGH, NUD_STALE}
08-05 19:36:27.289 15507 15521 I art     : Starting a blocking GC Explicit
08-05 19:36:27.313 15507 15521 I art     : Explicit concurrent mark sweep GC freed 1341(78KB) AllocSpace objects, 1(20KB) LOS objects, 23% free, 52MB/68MB, paused 346us total 23.706ms
08-05 19:36:27.327 15507 15521 I art     : Starting a blocking GC Explicit
08-05 19:36:27.349 15507 15521 I art     : Explicit concurrent mark sweep GC freed 20(704B) AllocSpace objects, 0(0B) LOS objects, 23% free, 52MB/68MB, paused 315us total 21.669ms
08-05 19:36:27.357 15507 15521 I art     : Starting a blocking GC Explicit
08-05 19:36:27.376 15507 15521 I art     : Explicit concurrent mark sweep GC freed 3(96B) AllocSpace objects, 0(0B) LOS objects, 23% free, 52MB/68MB, paused 316us total 18.594ms
08-05 19:36:27.384 15507 15521 I art     : Starting a blocking GC Explicit
08-05 19:36:27.403 15507 15521 I art     : Explicit concurrent mark sweep GC freed 3(96B) AllocSpace objects, 0(0B) LOS objects, 23% free, 52MB/68MB, paused 306us total 18.606ms
08-05 19:36:27.412 15507 15521 I art     : Starting a blocking GC Explicit
08-05 19:36:27.430 15507 15521 I art     : Explicit concurrent mark sweep GC freed 3(96B) AllocSpace objects, 0(0B) LOS objects, 23% free, 52MB/68MB, paused 315us total 18.518ms
08-05 19:36:27.745 15507 15520 I art     : Starting a blocking GC Explicit
08-05 19:36:27.769 15507 15520 I art     : Explicit concurrent mark sweep GC freed 1341(78KB) AllocSpace objects, 1(20KB) LOS objects, 23% free, 52MB/68MB, paused 316us total 23.424ms
08-05 19:36:27.780 15507 15520 I art     : Starting a blocking GC Explicit
08-05 19:36:27.800 15507 15520 I art     : Explicit concurrent mark sweep GC freed 20(704B) AllocSpace objects, 0(0B) LOS objects, 23% free, 52MB/68MB, paused 308us total 19.175ms
08-05 19:36:27.808 15507 15520 I art     : Starting a blocking GC Explicit
08-05 19:36:27.827 15507 15520 I art     : Explicit concurrent mark sweep GC freed 3(96B) AllocSpace objects, 0(0B) LOS objects, 23% free, 52MB/68MB, paused 360us total 18.761ms
08-05 19:36:27.836 15507 15520 I art     : Starting a blocking GC Explicit
08-05 19:36:27.854 15507 15520 I art     : Explicit concurrent mark sweep GC freed 3(96B) AllocSpace objects, 0(0B) LOS objects, 23% free, 52MB/68MB, paused 300us total 18.646ms
08-05 19:36:27.863 15507 15520 I art     : Starting a blocking GC Explicit
08-05 19:36:27.882 15507 15520 I art     : Explicit concurrent mark sweep GC freed 3(96B) AllocSpace objects, 0(0B) LOS objects, 23% free, 52MB/68MB, paused 291us total 19.173ms
08-05 19:36:27.937  7260  7260 I ServiceManager: Waiting for service AtCmdFwd...
08-05 19:36:28.194 15507 15548 I art     : Starting a blocking GC Explicit
08-05 19:36:28.217 15507 15548 I art     : Explicit concurrent mark sweep GC freed 1341(78KB) AllocSpace objects, 1(20KB) LOS objects, 23% free, 52MB/68MB, paused 359us total 23.261ms
08-05 19:36:28.231 15507 15548 I art     : Starting a blocking GC Explicit
08-05 19:36:28.251 15507 15548 I art     : Explicit concurrent mark sweep GC freed 20(704B) AllocSpace objects, 0(0B) LOS objects, 23% free, 52MB/68MB, paused 321us total 19.591ms
08-05 19:36:28.259 15507 15548 I art     : Starting a blocking GC Explicit
08-05 19:36:28.278 15507 15548 I art     : Explicit concurrent mark sweep GC freed 3(96B) AllocSpace objects, 0(0B) LOS objects, 23% free, 52MB/68MB, paused 313us total 18.711ms
08-05 19:36:28.287 15507 15548 I art     : Starting a blocking GC Explicit
08-05 19:36:28.305 15507 15548 I art     : Explicit concurrent mark sweep GC freed 3(96B) AllocSpace objects, 0(0B) LOS objects, 23% free, 52MB/68MB, paused 311us total 18.662ms
08-05 19:36:28.314 15507 15548 I art     : Starting a blocking GC Explicit
08-05 19:36:28.333 15507 15548 I art     : Explicit concurrent mark sweep GC freed 3(96B) AllocSpace objects, 0(0B) LOS objects, 23% free, 52MB/68MB, paused 316us total 18.472ms
08-05 19:36:28.660 15507 15521 I art     : Starting a blocking GC Explicit
08-05 19:36:28.687 15507 15521 I art     : Explicit concurrent mark sweep GC freed 1341(78KB) AllocSpace objects, 1(20KB) LOS objects, 23% free, 52MB/68MB, paused 392us total 26.338ms
08-05 19:36:28.699 15507 15521 I art     : Starting a blocking GC Explicit
08-05 19:36:28.719 15507 15521 I art     : Explicit concurrent mark sweep GC freed 20(704B) AllocSpace objects, 0(0B) LOS objects, 23% free, 52MB/68MB, paused 308us total 19.021ms
08-05 19:36:28.727 15507 15521 I art     : Starting a blocking GC Explicit
08-05 19:36:28.746 15507 15521 I art     : Explicit concurrent mark sweep GC freed 3(96B) AllocSpace objects, 0(0B) LOS objects, 23% free, 52MB/68MB, paused 310us total 18.519ms
08-05 19:36:28.754 15507 15521 I art     : Starting a blocking GC Explicit
08-05 19:36:28.773 15507 15521 I art     : Explicit concurrent mark sweep GC freed 3(96B) AllocSpace objects, 0(0B) LOS objects, 23% free, 52MB/68MB, paused 308us total 18.682ms
08-05 19:36:28.782 15507 15521 I art     : Starting a blocking GC Explicit
08-05 19:36:28.801 15507 15521 I art     : Explicit concurrent mark sweep GC freed 3(96B) AllocSpace objects, 0(0B) LOS objects, 23% free, 52MB/68MB, paused 305us total 18.903ms
08-05 19:36:28.938  7260  7260 I ServiceManager: Waiting for service AtCmdFwd...
08-05 19:36:29.123 15507 15520 I art     : Starting a blocking GC Explicit
08-05 19:36:29.147 15507 15520 I art     : Explicit concurrent mark sweep GC freed 1341(78KB) AllocSpace objects, 1(20KB) LOS objects, 23% free, 52MB/68MB, paused 342us total 23.535ms
08-05 19:36:29.158 15507 15520 I art     : Starting a blocking GC Explicit
08-05 19:36:29.181 15507 15520 I art     : Explicit concurrent mark sweep GC freed 20(704B) AllocSpace objects, 0(0B) LOS objects, 23% free, 52MB/68MB, paused 321us total 22.375ms
08-05 19:36:29.192 15507 15520 I art     : Starting a blocking GC Explicit
08-05 19:36:29.211 15507 15520 I art     : Explicit concurrent mark sweep GC freed 3(96B) AllocSpace objects, 0(0B) LOS objects, 23% free, 52MB/68MB, paused 339us total 18.843ms
08-05 19:36:29.220 15507 15520 I art     : Starting a blocking GC Explicit
08-05 19:36:29.238 15507 15520 I art     : Explicit concurrent mark sweep GC freed 3(96B) AllocSpace objects, 0(0B) LOS objects, 23% free, 52MB/68MB, paused 298us total 18.060ms
08-05 19:36:29.246 15507 15520 I art     : Starting a blocking GC Explicit
08-05 19:36:29.265 15507 15520 I art     : Explicit concurrent mark sweep GC freed 3(96B) AllocSpace objects, 0(0B) LOS objects, 23% free, 52MB/68MB, paused 296us total 18.412ms
08-05 19:36:29.586 15507 15548 I art     : Starting a blocking GC Explicit
08-05 19:36:29.613 15507 15548 I art     : Explicit concurrent mark sweep GC freed 1341(78KB) AllocSpace objects, 1(20KB) LOS objects, 23% free, 52MB/68MB, paused 340us total 26.661ms
08-05 19:36:29.624 15507 15548 I art     : Starting a blocking GC Explicit
08-05 19:36:29.646 15507 15548 I art     : Explicit concurrent mark sweep GC freed 20(704B) AllocSpace objects, 0(0B) LOS objects, 23% free, 52MB/68MB, paused 311us total 21.029ms
08-05 19:36:29.654 15507 15548 I art     : Starting a blocking GC Explicit
08-05 19:36:29.673 15507 15548 I art     : Explicit concurrent mark sweep GC freed 3(96B) AllocSpace objects, 0(0B) LOS objects, 23% free, 52MB/68MB, paused 317us total 18.908ms
08-05 19:36:29.682 15507 15548 I art     : Starting a blocking GC Explicit
08-05 19:36:29.700 15507 15548 I art     : Explicit concurrent mark sweep GC freed 3(96B) AllocSpace objects, 0(0B) LOS objects, 23% free, 52MB/68MB, paused 312us total 18.598ms
08-05 19:36:29.709 15507 15548 I art     : Starting a blocking GC Explicit
08-05 19:36:29.728 15507 15548 I art     : Explicit concurrent mark sweep GC freed 3(96B) AllocSpace objects, 0(0B) LOS objects, 23% free, 52MB/68MB, paused 309us total 18.650ms
08-05 19:36:29.938  7260  7260 W Atfwd_Sendcmd: AtCmdFwd service not published, waiting... retryCnt : 5
08-05 19:36:30.057 15507 15521 I art     : Starting a blocking GC Explicit
08-05 19:36:30.082 15507 15521 I art     : Explicit concurrent mark sweep GC freed 1341(78KB) AllocSpace objects, 1(20KB) LOS objects, 23% free, 52MB/68MB, paused 362us total 24.571ms
08-05 19:36:30.099 15507 15521 I art     : Starting a blocking GC Explicit
08-05 19:36:30.117 15507 15521 I art     : Explicit concurrent mark sweep GC freed 20(704B) AllocSpace objects, 0(0B) LOS objects, 23% free, 52MB/68MB, paused 324us total 18.498ms
08-05 19:36:30.126 15507 15521 I art     : Starting a blocking GC Explicit
08-05 19:36:30.145 15507 15521 I art     : Explicit concurrent mark sweep GC freed 3(96B) AllocSpace objects, 0(0B) LOS objects, 23% free, 52MB/68MB, paused 316us total 18.795ms
08-05 19:36:30.153 15507 15521 I art     : Starting a blocking GC Explicit
08-05 19:36:30.172 15507 15521 I art     : Explicit concurrent mark sweep GC freed 3(96B) AllocSpace objects, 0(0B) LOS objects, 23% free, 52MB/68MB, paused 318us total 19.053ms
08-05 19:36:30.181 15507 15521 I art     : Starting a blocking GC Explicit
08-05 19:36:30.200 15507 15521 I art     : Explicit concurrent mark sweep GC freed 3(96B) AllocSpace objects, 0(0B) LOS objects, 23% free, 52MB/68MB, paused 319us total 19.062ms
08-05 19:36:30.318   918  3261 D WifiStateMachine: starting scan for "H369AA63323"WPA_PSK with 2412,5180
08-05 19:36:30.516 15507 15520 I art     : Starting a blocking GC Explicit
08-05 19:36:30.544 15507 15520 I art     : Explicit concurrent mark sweep GC freed 1341(78KB) AllocSpace objects, 1(20KB) LOS objects, 23% free, 52MB/68MB, paused 338us total 27.880ms
08-05 19:36:30.557 15507 15520 I art     : Starting a blocking GC Explicit
08-05 19:36:30.579 15507 15520 I art     : Explicit concurrent mark sweep GC freed 20(704B) AllocSpace objects, 0(0B) LOS objects, 23% free, 52MB/68MB, paused 289us total 22.215ms
08-05 19:36:30.588 15507 15520 I art     : Starting a blocking GC Explicit
08-05 19:36:30.607 15507 15520 I art     : Explicit concurrent mark sweep GC freed 3(96B) AllocSpace objects, 0(0B) LOS objects, 23% free, 52MB/68MB, paused 341us total 19.308ms
08-05 19:36:30.616 15507 15520 I art     : Starting a blocking GC Explicit
08-05 19:36:30.634 15507 15520 I art     : Explicit concurrent mark sweep GC freed 3(96B) AllocSpace objects, 0(0B) LOS objects, 23% free, 52MB/68MB, paused 299us total 18.147ms
08-05 19:36:30.643 15507 15520 I art     : Starting a blocking GC Explicit
08-05 19:36:30.661 15507 15520 I art     : Explicit concurrent mark sweep GC freed 3(96B) AllocSpace objects, 0(0B) LOS objects, 23% free, 52MB/68MB, paused 303us total 18.502ms
08-05 19:36:30.973 15507 15548 I art     : Starting a blocking GC Explicit
08-05 19:36:31.000 15507 15548 I art     : Explicit concurrent mark sweep GC freed 1341(78KB) AllocSpace objects, 1(20KB) LOS objects, 23% free, 52MB/68MB, paused 377us total 26.218ms
08-05 19:36:31.013 15507 15548 I art     : Starting a blocking GC Explicit
08-05 19:36:31.032 15507 15548 I art     : Explicit concurrent mark sweep GC freed 20(704B) AllocSpace objects, 0(0B) LOS objects, 23% free, 52MB/68MB, paused 313us total 19.080ms
08-05 19:36:31.041 15507 15548 I art     : Starting a blocking GC Explicit
08-05 19:36:31.059 15507 15548 I art     : Explicit concurrent mark sweep GC freed 3(96B) AllocSpace objects, 0(0B) LOS objects, 23% free, 52MB/68MB, paused 292us total 18.600ms
08-05 19:36:31.069 15507 15548 I art     : Starting a blocking GC Explicit
08-05 19:36:31.087 15507 15548 I art     : Explicit concurrent mark sweep GC freed 3(96B) AllocSpace objects, 0(0B) LOS objects, 23% free, 52MB/68MB, paused 370us total 18.033ms
08-05 19:36:31.095 15507 15548 I art     : Starting a blocking GC Explicit
08-05 19:36:31.113 15507 15548 I art     : Explicit concurrent mark sweep GC freed 3(96B) AllocSpace objects, 0(0B) LOS objects, 23% free, 52MB/68MB, paused 302us total 17.935ms
08-05 19:36:31.415 15507 15521 I art     : Starting a blocking GC Explicit
08-05 19:36:31.437 15507 15521 I art     : Explicit concurrent mark sweep GC freed 1341(78KB) AllocSpace objects, 1(20KB) LOS objects, 23% free, 52MB/68MB, paused 343us total 21.613ms
08-05 19:36:31.438 15507 15518 I art     : WaitForGcToComplete blocked for 20.288ms for cause HeapTrim
08-05 19:36:31.449 15507 15521 I art     : Starting a blocking GC Explicit
08-05 19:36:31.468 15507 15521 I art     : Explicit concurrent mark sweep GC freed 20(704B) AllocSpace objects, 0(0B) LOS objects, 23% free, 52MB/68MB, paused 311us total 19.381ms
08-05 19:36:31.477 15507 15521 I art     : Starting a blocking GC Explicit
08-05 19:36:31.496 15507 15521 I art     : Explicit concurrent mark sweep GC freed 3(96B) AllocSpace objects, 0(0B) LOS objects, 23% free, 52MB/68MB, paused 357us total 18.726ms
08-05 19:36:31.505 15507 15521 I art     : Starting a blocking GC Explicit
08-05 19:36:31.524 15507 15521 I art     : Explicit concurrent mark sweep GC freed 3(96B) AllocSpace objects, 0(0B) LOS objects, 23% free, 52MB/68MB, paused 320us total 19.011ms
08-05 19:36:31.532 15507 15521 I art     : Starting a blocking GC Explicit
08-05 19:36:31.551 15507 15521 I art     : Explicit concurrent mark sweep GC freed 3(96B) AllocSpace objects, 0(0B) LOS objects, 23% free, 52MB/68MB, paused 317us total 18.757ms
08-05 19:36:31.870 15507 15520 I art     : Starting a blocking GC Explicit
08-05 19:36:31.891 15507 15520 I art     : Explicit concurrent mark sweep GC freed 1341(78KB) AllocSpace objects, 1(20KB) LOS objects, 23% free, 52MB/68MB, paused 314us total 21.012ms
08-05 19:36:31.899 15507 15520 I art     : Starting a blocking GC Explicit
08-05 19:36:31.919 15507 15520 I art     : Explicit concurrent mark sweep GC freed 20(704B) AllocSpace objects, 0(0B) LOS objects, 23% free, 52MB/68MB, paused 291us total 19.516ms
08-05 19:36:31.928 15507 15520 I art     : Starting a blocking GC Explicit
08-05 19:36:31.947 15507 15520 I art     : Explicit concurrent mark sweep GC freed 3(96B) AllocSpace objects, 0(0B) LOS objects, 23% free, 52MB/68MB, paused 350us total 19.082ms
08-05 19:36:31.955 15507 15520 I art     : Starting a blocking GC Explicit
08-05 19:36:31.974 15507 15520 I art     : Explicit concurrent mark sweep GC freed 3(96B) AllocSpace objects, 0(0B) LOS objects, 23% free, 52MB/68MB, paused 287us total 18.582ms
08-05 19:36:31.982 15507 15520 I art     : Starting a blocking GC Explicit
08-05 19:36:32.001 15507 15520 I art     : Explicit concurrent mark sweep GC freed 3(96B) AllocSpace objects, 0(0B) LOS objects, 23% free, 52MB/68MB, paused 314us total 18.525ms
08-05 19:36:32.322 15507 15548 I art     : Starting a blocking GC Explicit
08-05 19:36:32.349 15507 15548 I art     : Explicit concurrent mark sweep GC freed 1341(78KB) AllocSpace objects, 1(20KB) LOS objects, 23% free, 52MB/68MB, paused 362us total 26.665ms
08-05 19:36:32.360 15507 15548 I art     : Starting a blocking GC Explicit
08-05 19:36:32.379 15507 15548 I art     : Explicit concurrent mark sweep GC freed 20(704B) AllocSpace objects, 0(0B) LOS objects, 23% free, 52MB/68MB, paused 301us total 18.241ms
08-05 19:36:32.387 15507 15548 I art     : Starting a blocking GC Explicit
08-05 19:36:32.405 15507 15548 I art     : Explicit concurrent mark sweep GC freed 3(96B) AllocSpace objects, 0(0B) LOS objects, 23% free, 52MB/68MB, paused 317us total 17.580ms
08-05 19:36:32.413 15507 15548 I art     : Starting a blocking GC Explicit
08-05 19:36:32.432 15507 15548 I art     : Explicit concurrent mark sweep GC freed 3(96B) AllocSpace objects, 0(0B) LOS objects, 23% free, 52MB/68MB, paused 313us total 18.418ms
08-05 19:36:32.440 15507 15548 I art     : Starting a blocking GC Explicit
08-05 19:36:32.458 15507 15548 I art     : Explicit concurrent mark sweep GC freed 3(96B) AllocSpace objects, 0(0B) LOS objects, 23% free, 52MB/68MB, paused 310us total 18.043ms
08-05 19:36:32.778 15507 15521 I art     : Starting a blocking GC Explicit
08-05 19:36:32.802 15507 15521 I art     : Explicit concurrent mark sweep GC freed 1341(78KB) AllocSpace objects, 1(20KB) LOS objects, 23% free, 52MB/68MB, paused 344us total 23.182ms
08-05 19:36:32.810 15507 15521 I art     : Starting a blocking GC Explicit
08-05 19:36:32.830 15507 15521 I art     : Explicit concurrent mark sweep GC freed 20(704B) AllocSpace objects, 0(0B) LOS objects, 23% free, 52MB/68MB, paused 317us total 19.159ms
08-05 19:36:32.838 15507 15521 I art     : Starting a blocking GC Explicit
08-05 19:36:32.857 15507 15521 I art     : Explicit concurrent mark sweep GC freed 3(96B) AllocSpace objects, 0(0B) LOS objects, 23% free, 52MB/68MB, paused 331us total 18.661ms
08-05 19:36:32.865 15507 15521 I art     : Starting a blocking GC Explicit
08-05 19:36:32.884 15507 15521 I art     : Explicit concurrent mark sweep GC freed 3(96B) AllocSpace objects, 0(0B) LOS objects, 23% free, 52MB/68MB, paused 309us total 18.696ms
08-05 19:36:32.893 15507 15521 I art     : Starting a blocking GC Explicit
08-05 19:36:32.912 15507 15521 I art     : Explicit concurrent mark sweep GC freed 3(96B) AllocSpace objects, 0(0B) LOS objects, 23% free, 52MB/68MB, paused 317us total 18.706ms
08-05 19:36:33.227 15507 15520 I art     : Starting a blocking GC Explicit
08-05 19:36:33.249 15507 15520 I art     : Explicit concurrent mark sweep GC freed 1341(78KB) AllocSpace objects, 1(20KB) LOS objects, 23% free, 52MB/68MB, paused 313us total 21.745ms
08-05 19:36:33.260 15507 15520 I art     : Starting a blocking GC Explicit
08-05 19:36:33.278 15507 15520 I art     : Explicit concurrent mark sweep GC freed 20(704B) AllocSpace objects, 0(0B) LOS objects, 23% free, 52MB/68MB, paused 291us total 17.697ms
08-05 19:36:33.287 15507 15520 I art     : Starting a blocking GC Explicit
08-05 19:36:33.304 15507 15520 I art     : Explicit concurrent mark sweep GC freed 3(96B) AllocSpace objects, 0(0B) LOS objects, 23% free, 52MB/68MB, paused 304us total 17.375ms
08-05 19:36:33.312 15507 15520 I art     : Starting a blocking GC Explicit
08-05 19:36:33.329 15507 15520 I art     : Explicit concurrent mark sweep GC freed 3(96B) AllocSpace objects, 0(0B) LOS objects, 23% free, 52MB/68MB, paused 317us total 17.289ms
08-05 19:36:33.338 15507 15520 I art     : Starting a blocking GC Explicit
08-05 19:36:33.356 15507 15520 I art     : Explicit concurrent mark sweep GC freed 3(96B) AllocSpace objects, 0(0B) LOS objects, 23% free, 52MB/68MB, paused 297us total 17.563ms
08-05 19:36:33.646 15507 15548 I art     : Starting a blocking GC Explicit
08-05 19:36:33.665 15507 15548 I art     : Explicit concurrent mark sweep GC freed 1341(78KB) AllocSpace objects, 1(20KB) LOS objects, 23% free, 52MB/68MB, paused 341us total 19.174ms
08-05 19:36:33.673 16390 16390 D AndroidRuntime: >>>>>> START com.android.internal.os.RuntimeInit uid 2000 <<<<<<
08-05 19:36:33.674 15507 15548 I art     : Starting a blocking GC Explicit
08-05 19:36:33.679 16390 16390 D AndroidRuntime: CheckJNI is OFF
08-05 19:36:33.693 15507 15548 I art     : Explicit concurrent mark sweep GC freed 20(704B) AllocSpace objects, 0(0B) LOS objects, 23% free, 52MB/68MB, paused 318us total 18.184ms
08-05 19:36:33.701 15507 15548 I art     : Starting a blocking GC Explicit
08-05 19:36:33.715 16390 16390 D ICU     : No timezone override file found: /data/misc/zoneinfo/current/icu/icu_tzdata.dat
08-05 19:36:33.719 15507 15548 I art     : Explicit concurrent mark sweep GC freed 3(96B) AllocSpace objects, 0(0B) LOS objects, 23% free, 52MB/68MB, paused 358us total 17.648ms
08-05 19:36:33.727 15507 15548 I art     : Starting a blocking GC Explicit
08-05 19:36:33.745 15507 15548 I art     : Explicit concurrent mark sweep GC freed 3(96B) AllocSpace objects, 0(0B) LOS objects, 23% free, 52MB/68MB, paused 312us total 17.779ms
08-05 19:36:33.751 16390 16390 I Radio-JNI: register_android_hardware_Radio DONE
08-05 19:36:33.753 15507 15548 I art     : Starting a blocking GC Explicit
08-05 19:36:33.771 15507 15548 I art     : Explicit concurrent mark sweep GC freed 3(96B) AllocSpace objects, 0(0B) LOS objects, 23% free, 52MB/68MB, paused 307us total 18.022ms
08-05 19:36:33.774 16390 16390 D AndroidRuntime: Calling main entry com.android.commands.input.Input
08-05 19:36:33.776 16390 16390 I Input   : injectKeyEvent: KeyEvent { action=ACTION_DOWN, keyCode=KEYCODE_BACK, scanCode=0, metaState=0, flags=0x0, repeatCount=0, eventTime=819410189, downTime=819410189, deviceId=-1, source=0x101 }
08-05 19:36:33.785 16390 16390 I Input   : injectKeyEvent: KeyEvent { action=ACTION_UP, keyCode=KEYCODE_BACK, scanCode=0, metaState=0, flags=0x0, repeatCount=0, eventTime=819410189, downTime=819410189, deviceId=-1, source=0x101 }
08-05 19:36:33.791 16390 16390 D AndroidRuntime: Shutting down VM
08-05 19:36:33.826 13866 13866 I GoogleInputMethodServic: GoogleInputMethodService.onFinishInput():3138 
08-05 19:36:33.827 13866 13866 I GoogleInputMethodServic: GoogleInputMethodService.onStartInput():1808 
08-05 19:36:34.023 15507 15548 I art     : Starting a blocking GC Explicit
08-05 19:36:34.047 15507 15548 I art     : Explicit concurrent mark sweep GC freed 1516(86KB) AllocSpace objects, 1(20KB) LOS objects, 23% free, 52MB/68MB, paused 311us total 23.860ms
08-05 19:36:34.056 15507 15548 I art     : Starting a blocking GC Explicit
08-05 19:36:34.079 15507 15548 I art     : Explicit concurrent mark sweep GC freed 26(944B) AllocSpace objects, 0(0B) LOS objects, 23% free, 52MB/68MB, paused 311us total 23.097ms
08-05 19:36:34.088 15507 15548 I art     : Starting a blocking GC Explicit
08-05 19:36:34.108 15507 15548 I art     : Explicit concurrent mark sweep GC freed 3(96B) AllocSpace objects, 0(0B) LOS objects, 23% free, 52MB/68MB, paused 308us total 19.722ms
08-05 19:36:34.117 15507 15548 I art     : Starting a blocking GC Explicit
08-05 19:36:34.118   380   380 W SurfaceFlinger: couldn't log to binary event log: overflow.
08-05 19:36:34.135 15507 15548 I art     : Explicit concurrent mark sweep GC freed 111(8KB) AllocSpace objects, 0(0B) LOS objects, 23% free, 52MB/68MB, paused 337us total 18.195ms
08-05 19:36:34.143 15507 15548 I art     : Starting a blocking GC Explicit
08-05 19:36:34.161 15507 15548 I art     : Explicit concurrent mark sweep GC freed 1656(107KB) AllocSpace objects, 3(400KB) LOS objects, 23% free, 52MB/68MB, paused 292us total 17.489ms
08-05 19:36:34.438 15507 15520 I art     : Starting a blocking GC Explicit
08-05 19:36:34.461 15507 15520 I art     : Explicit concurrent mark sweep GC freed 1342(78KB) AllocSpace objects, 1(20KB) LOS objects, 23% free, 52MB/68MB, paused 327us total 22.715ms
08-05 19:36:34.471 15507 15520 I art     : Starting a blocking GC Explicit
08-05 19:36:34.489 15507 15520 I art     : Explicit concurrent mark sweep GC freed 20(704B) AllocSpace objects, 0(0B) LOS objects, 23% free, 52MB/68MB, paused 303us total 18.247ms
08-05 19:36:34.498 15507 15520 I art     : Starting a blocking GC Explicit
08-05 19:36:34.516 15507 15520 I art     : Explicit concurrent mark sweep GC freed 3(96B) AllocSpace objects, 0(0B) LOS objects, 23% free, 52MB/68MB, paused 306us total 18.372ms
08-05 19:36:34.525 15507 15520 I art     : Starting a blocking GC Explicit
08-05 19:36:34.544 15507 15520 I art     : Explicit concurrent mark sweep GC freed 3(96B) AllocSpace objects, 0(0B) LOS objects, 23% free, 52MB/68MB, paused 303us total 18.562ms
08-05 19:36:34.552 15507 15520 I art     : Starting a blocking GC Explicit
08-05 19:36:34.570 15507 15520 I art     : Explicit concurrent mark sweep GC freed 3(96B) AllocSpace objects, 0(0B) LOS objects, 23% free, 52MB/68MB, paused 297us total 17.673ms
08-05 19:36:34.860 15507 16423 I art     : Starting a blocking GC Explicit
08-05 19:36:34.880 15507 16423 I art     : Explicit concurrent mark sweep GC freed 1340(78KB) AllocSpace objects, 1(20KB) LOS objects, 23% free, 52MB/68MB, paused 342us total 19.694ms
08-05 19:36:34.891 15507 16423 I art     : Starting a blocking GC Explicit
08-05 19:36:34.911 15507 16423 I art     : Explicit concurrent mark sweep GC freed 20(704B) AllocSpace objects, 0(0B) LOS objects, 23% free, 52MB/68MB, paused 319us total 19.426ms
08-05 19:36:34.920 15507 16423 I art     : Starting a blocking GC Explicit
08-05 19:36:34.938 15507 16423 I art     : Explicit concurrent mark sweep GC freed 3(96B) AllocSpace objects, 0(0B) LOS objects, 23% free, 52MB/68MB, paused 320us total 18.566ms
08-05 19:36:34.947 15507 16423 I art     : Starting a blocking GC Explicit
08-05 19:36:34.965 15507 16423 I art     : Explicit concurrent mark sweep GC freed 3(96B) AllocSpace objects, 0(0B) LOS objects, 23% free, 52MB/68MB, paused 316us total 17.804ms
08-05 19:36:34.973 15507 16423 I art     : Starting a blocking GC Explicit
08-05 19:36:34.991 15507 16423 I art     : Explicit concurrent mark sweep GC freed 3(96B) AllocSpace objects, 0(0B) LOS objects, 23% free, 52MB/68MB, paused 308us total 18.055ms
08-05 19:36:35.251 15507 15521 I art     : Starting a blocking GC Explicit
08-05 19:36:35.271 15507 15521 I art     : Explicit concurrent mark sweep GC freed 1340(78KB) AllocSpace objects, 1(20KB) LOS objects, 23% free, 52MB/68MB, paused 348us total 19.404ms
08-05 19:36:35.284 15507 15521 I art     : Starting a blocking GC Explicit
08-05 19:36:35.303 15507 15521 I art     : Explicit concurrent mark sweep GC freed 20(704B) AllocSpace objects, 0(0B) LOS objects, 23% free, 52MB/68MB, paused 316us total 18.571ms
08-05 19:36:35.311 15507 15521 I art     : Starting a blocking GC Explicit
08-05 19:36:35.329 15507 15521 I art     : Explicit concurrent mark sweep GC freed 3(96B) AllocSpace objects, 0(0B) LOS objects, 23% free, 52MB/68MB, paused 302us total 17.700ms
08-05 19:36:35.337 15507 15521 I art     : Starting a blocking GC Explicit
08-05 19:36:35.354 15507 15521 I art     : Explicit concurrent mark sweep GC freed 3(96B) AllocSpace objects, 0(0B) LOS objects, 23% free, 52MB/68MB, paused 320us total 17.433ms
08-05 19:36:35.362 15507 15521 I art     : Starting a blocking GC Explicit
08-05 19:36:35.380 15507 15521 I art     : Explicit concurrent mark sweep GC freed 3(96B) AllocSpace objects, 0(0B) LOS objects, 23% free, 52MB/68MB, paused 303us total 17.210ms
08-05 19:36:35.455 16444 16444 D AndroidRuntime: >>>>>> START com.android.internal.os.RuntimeInit uid 2000 <<<<<<
08-05 19:36:35.460 16444 16444 D AndroidRuntime: CheckJNI is OFF
08-05 19:36:35.496 16444 16444 D ICU     : No timezone override file found: /data/misc/zoneinfo/current/icu/icu_tzdata.dat
08-05 19:36:35.534 16444 16444 I Radio-JNI: register_android_hardware_Radio DONE
08-05 19:36:35.555 16444 16444 D AndroidRuntime: Calling main entry com.android.commands.input.Input
08-05 19:36:35.558 16444 16444 I Input   : injectMotionEvent: MotionEvent { action=ACTION_DOWN, actionButton=0, id[0]=0, x[0]=733.0, y[0]=1370.0, toolType[0]=TOOL_TYPE_UNKNOWN, buttonState=0, metaState=0, flags=0x0, edgeFlags=0x0, pointerCount=1, historySize=0, eventTime=819411970, downTime=819411970, deviceId=0, source=0x1002 }
08-05 19:36:35.563 16444 16444 I Input   : injectMotionEvent: MotionEvent { action=ACTION_UP, actionButton=0, id[0]=0, x[0]=733.0, y[0]=1370.0, toolType[0]=TOOL_TYPE_UNKNOWN, buttonState=0, metaState=0, flags=0x0, edgeFlags=0x0, pointerCount=1, historySize=0, eventTime=819411970, downTime=819411970, deviceId=0, source=0x1002 }
08-05 19:36:35.565   918  3696 I ActivityManager: START u0 {cmp=baseline.appteam.nith.hillffair/.activities.ClubActivity (has extras)} from uid 10675 on display 0
08-05 19:36:35.573 16444 16444 D AndroidRuntime: Shutting down VM
08-05 19:36:35.649 15507 16423 I art     : Starting a blocking GC Explicit
08-05 19:36:35.659 13866 13866 I GoogleInputMethodServic: GoogleInputMethodService.onFinishInput():3138 
08-05 19:36:35.659   918   936 I ActivityManager: Displayed baseline.appteam.nith.hillffair/.activities.ClubActivity: +86ms
08-05 19:36:35.660 13866 13866 I GoogleInputMethodServic: GoogleInputMethodService.onStartInput():1808 
08-05 19:36:35.668 15507 16423 I art     : Explicit concurrent mark sweep GC freed 4891(284KB) AllocSpace objects, 1(20KB) LOS objects, 23% free, 52MB/68MB, paused 425us total 18.507ms
08-05 19:36:35.679 15507 16423 I art     : Starting a blocking GC Explicit
08-05 19:36:35.697 15507 16423 I art     : Explicit concurrent mark sweep GC freed 216(10KB) AllocSpace objects, 0(0B) LOS objects, 23% free, 52MB/68MB, paused 426us total 18.104ms
08-05 19:36:35.705 15507 16423 I art     : Starting a blocking GC Explicit
08-05 19:36:35.722 15507 16423 I art     : Explicit concurrent mark sweep GC freed 15(864B) AllocSpace objects, 0(0B) LOS objects, 23% free, 52MB/68MB, paused 438us total 17.132ms
08-05 19:36:35.730 15507 16423 I art     : Starting a blocking GC Explicit
08-05 19:36:35.747 15507 16423 I art     : Explicit concurrent mark sweep GC freed 60(4KB) AllocSpace objects, 0(0B) LOS objects, 23% free, 52MB/68MB, paused 368us total 16.766ms
08-05 19:36:35.755 15507 16423 I art     : Starting a blocking GC Explicit
08-05 19:36:35.772 15507 16423 I art     : Explicit concurrent mark sweep GC freed 9(464B) AllocSpace objects, 0(0B) LOS objects, 23% free, 52MB/68MB, paused 336us total 16.615ms
08-05 19:36:35.905   380   380 W SurfaceFlinger: couldn't log to binary event log: overflow.
08-05 19:36:36.016 15507 16423 I art     : Starting a blocking GC Explicit
08-05 19:36:36.033 15507 16423 I art     : Explicit concurrent mark sweep GC freed 1441(83KB) AllocSpace objects, 1(20KB) LOS objects, 23% free, 52MB/68MB, paused 340us total 16.957ms
08-05 19:36:36.040 15507 16423 I art     : Starting a blocking GC Explicit
08-05 19:36:36.056 15507 16423 I art     : Explicit concurrent mark sweep GC freed 33(1216B) AllocSpace objects, 0(0B) LOS objects, 23% free, 52MB/68MB, paused 374us total 15.715ms
08-05 19:36:36.063 15507 16423 I art     : Starting a blocking GC Explicit
08-05 19:36:36.079 15507 16423 I art     : Explicit concurrent mark sweep GC freed 10(352B) AllocSpace objects, 0(0B) LOS objects, 23% free, 52MB/68MB, paused 329us total 15.856ms
08-05 19:36:36.087 15507 16423 I art     : Starting a blocking GC Explicit
08-05 19:36:36.103 15507 16423 I art     : Explicit concurrent mark sweep GC freed 7(240B) AllocSpace objects, 0(0B) LOS objects, 23% free, 52MB/68MB, paused 339us total 16.447ms
08-05 19:36:36.111 15507 16423 I art     : Starting a blocking GC Explicit
08-05 19:36:36.128 15507 16423 I art     : Explicit concurrent mark sweep GC freed 117(4KB) AllocSpace objects, 0(0B) LOS objects, 23% free, 52MB/68MB, paused 448us total 16.855ms
08-05 19:36:36.155 15507 16511 D OkHttp  : --> GET https://api-hillfair-2k16.herokuapp.com/api/app/events/special/event?id=580655cddcba0f490c70fdd0 http/1.1
08-05 19:36:36.192 15507 16511 D OkHttp  : <-- 200 OK https://api-hillfair-2k16.herokuapp.com/api/app/events/special/event?id=580655cddcba0f490c70fdd0 (36ms, 721-byte body)
08-05 19:36:36.255 15507 15507 I NAPPA_EXPERIMENTATION: MetricNetworkRequestExecutionTime: REQUEST_DURATION_SYSTEM='656',REQUEST_DURATION_OKHTTP='37',REQUEST_SYNCHRONOUS='FALSE',RESPONSE_CODE='200',RESPONSE_METHOD='GET',RESPONSE_LENGTH_OKHTTP='721',RESPONSE_LENGTH_HEADER='721',REQUEST_PROTOCOL='http/1.1',REQUEST_URL='https://api-hillfair-2k16.herokuapp.com/api/app/events/special/event?id=580655cddcba0f490c70fdd0',
08-05 19:36:36.395 15507 15521 I art     : Starting a blocking GC Explicit
08-05 19:36:36.414 15507 15521 I art     : Explicit concurrent mark sweep GC freed 4671(333KB) AllocSpace objects, 4(220KB) LOS objects, 23% free, 52MB/68MB, paused 324us total 18.383ms
08-05 19:36:36.422 15507 15521 I art     : Starting a blocking GC Explicit
08-05 19:36:36.440 15507 15521 I art     : Explicit concurrent mark sweep GC freed 1029(119KB) AllocSpace objects, 0(0B) LOS objects, 23% free, 52MB/68MB, paused 306us total 18.086ms
08-05 19:36:36.449 15507 15521 I art     : Starting a blocking GC Explicit
08-05 19:36:36.465 15507 15521 I art     : Explicit concurrent mark sweep GC freed 3(96B) AllocSpace objects, 0(0B) LOS objects, 23% free, 52MB/68MB, paused 335us total 16.750ms
08-05 19:36:36.473 15507 15521 I art     : Starting a blocking GC Explicit
08-05 19:36:36.491 15507 15521 I art     : Explicit concurrent mark sweep GC freed 3(96B) AllocSpace objects, 0(0B) LOS objects, 23% free, 52MB/68MB, paused 303us total 17.125ms
08-05 19:36:36.491 15507 15518 I art     : WaitForGcToComplete blocked for 17.419ms for cause HeapTrim
08-05 19:36:36.499 15507 15521 I art     : Starting a blocking GC Explicit
08-05 19:36:36.517 15507 15521 I art     : Explicit concurrent mark sweep GC freed 3(96B) AllocSpace objects, 0(0B) LOS objects, 23% free, 52MB/68MB, paused 369us total 17.819ms
08-05 19:36:36.809 15507 15520 I art     : Starting a blocking GC Explicit
08-05 19:36:36.833 15507 15520 I art     : Explicit concurrent mark sweep GC freed 1341(78KB) AllocSpace objects, 1(20KB) LOS objects, 23% free, 52MB/68MB, paused 361us total 24.150ms
08-05 19:36:36.845 15507 15520 I art     : Starting a blocking GC Explicit
08-05 19:36:36.864 15507 15520 I art     : Explicit concurrent mark sweep GC freed 36(1264B) AllocSpace objects, 0(0B) LOS objects, 23% free, 52MB/68MB, paused 320us total 19.154ms
08-05 19:36:36.873 15507 15520 I art     : Starting a blocking GC Explicit
08-05 19:36:36.892 15507 15520 I art     : Explicit concurrent mark sweep GC freed 3(96B) AllocSpace objects, 0(0B) LOS objects, 23% free, 52MB/68MB, paused 317us total 19.200ms
08-05 19:36:36.900 15507 15520 I art     : Starting a blocking GC Explicit
08-05 19:36:36.920 15507 15520 I art     : Explicit concurrent mark sweep GC freed 3(96B) AllocSpace objects, 0(0B) LOS objects, 23% free, 52MB/68MB, paused 393us total 19.408ms
08-05 19:36:36.929 15507 15520 I art     : Starting a blocking GC Explicit
08-05 19:36:36.948 15507 15520 I art     : Explicit concurrent mark sweep GC freed 3(96B) AllocSpace objects, 0(0B) LOS objects, 23% free, 52MB/68MB, paused 328us total 19.295ms
08-05 19:36:37.235 15507 16423 I art     : Starting a blocking GC Explicit
08-05 19:36:37.260 15507 16423 I art     : Explicit concurrent mark sweep GC freed 1341(78KB) AllocSpace objects, 1(20KB) LOS objects, 23% free, 52MB/68MB, paused 365us total 24.384ms
08-05 19:36:37.271 15507 16423 I art     : Starting a blocking GC Explicit
08-05 19:36:37.295 15507 16423 I art     : Explicit concurrent mark sweep GC freed 20(704B) AllocSpace objects, 0(0B) LOS objects, 23% free, 52MB/68MB, paused 443us total 23.318ms
08-05 19:36:37.307 15507 16423 I art     : Starting a blocking GC Explicit
08-05 19:36:37.327 15507 16423 I art     : Explicit concurrent mark sweep GC freed 3(96B) AllocSpace objects, 0(0B) LOS objects, 23% free, 52MB/68MB, paused 354us total 19.677ms
08-05 19:36:37.335 15507 16423 I art     : Starting a blocking GC Explicit
08-05 19:36:37.355 15507 16423 I art     : Explicit concurrent mark sweep GC freed 3(96B) AllocSpace objects, 0(0B) LOS objects, 23% free, 52MB/68MB, paused 338us total 19.471ms
08-05 19:36:37.363 15507 16423 I art     : Starting a blocking GC Explicit
08-05 19:36:37.383 15507 16423 I art     : Explicit concurrent mark sweep GC freed 3(96B) AllocSpace objects, 0(0B) LOS objects, 23% free, 52MB/68MB, paused 339us total 19.621ms
08-05 19:36:37.700 15507 15521 I art     : Starting a blocking GC Explicit
08-05 19:36:37.727 15507 15521 I art     : Explicit concurrent mark sweep GC freed 1341(78KB) AllocSpace objects, 1(20KB) LOS objects, 23% free, 52MB/68MB, paused 536us total 26.668ms
08-05 19:36:37.741 15507 15521 I art     : Starting a blocking GC Explicit
08-05 19:36:37.760 15507 15521 I art     : Explicit concurrent mark sweep GC freed 20(704B) AllocSpace objects, 0(0B) LOS objects, 23% free, 52MB/68MB, paused 354us total 19.294ms
08-05 19:36:37.769 15507 15521 I art     : Starting a blocking GC Explicit
08-05 19:36:37.786   518   646 I ThermalEngine: ACTION: GPU - Setting GPU[0] to 450000000
08-05 19:36:37.790 15507 15521 I art     : Explicit concurrent mark sweep GC freed 3(96B) AllocSpace objects, 0(0B) LOS objects, 23% free, 52MB/68MB, paused 572us total 20.465ms
08-05 19:36:37.801 15507 15521 I art     : Starting a blocking GC Explicit
08-05 19:36:37.826 15507 15521 I art     : Explicit concurrent mark sweep GC freed 3(96B) AllocSpace objects, 0(0B) LOS objects, 23% free, 52MB/68MB, paused 488us total 25.436ms
08-05 19:36:37.837 15507 15521 I art     : Starting a blocking GC Explicit
08-05 19:36:37.864 15507 15521 I art     : Explicit concurrent mark sweep GC freed 3(96B) AllocSpace objects, 0(0B) LOS objects, 23% free, 52MB/68MB, paused 461us total 26.037ms
08-05 19:36:38.195 15507 15548 I art     : Starting a blocking GC Explicit
08-05 19:36:38.230 15507 15548 I art     : Explicit concurrent mark sweep GC freed 1341(78KB) AllocSpace objects, 1(20KB) LOS objects, 23% free, 52MB/68MB, paused 535us total 34.379ms
08-05 19:36:38.247 15507 15548 I art     : Starting a blocking GC Explicit
08-05 19:36:38.270 15507 15548 I art     : Explicit concurrent mark sweep GC freed 20(704B) AllocSpace objects, 0(0B) LOS objects, 23% free, 52MB/68MB, paused 436us total 22.763ms
08-05 19:36:38.280 15507 15548 I art     : Starting a blocking GC Explicit
08-05 19:36:38.305 15507 15548 I art     : Explicit concurrent mark sweep GC freed 3(96B) AllocSpace objects, 0(0B) LOS objects, 23% free, 52MB/68MB, paused 442us total 24.360ms
08-05 19:36:38.315 15507 15548 I art     : Starting a blocking GC Explicit
08-05 19:36:38.340 15507 15548 I art     : Explicit concurrent mark sweep GC freed 3(96B) AllocSpace objects, 0(0B) LOS objects, 23% free, 52MB/68MB, paused 443us total 24.259ms
08-05 19:36:38.351 15507 15548 I art     : Starting a blocking GC Explicit
08-05 19:36:38.375 15507 15548 I art     : Explicit concurrent mark sweep GC freed 3(96B) AllocSpace objects, 0(0B) LOS objects, 23% free, 52MB/68MB, paused 432us total 24.640ms
08-05 19:36:38.689 15507 15520 I art     : Starting a blocking GC Explicit
08-05 19:36:38.719 15507 15520 I art     : Explicit concurrent mark sweep GC freed 1341(78KB) AllocSpace objects, 1(20KB) LOS objects, 23% free, 52MB/68MB, paused 504us total 29.336ms
08-05 19:36:38.736 15507 15520 I art     : Starting a blocking GC Explicit
08-05 19:36:38.759 15507 15520 I art     : Explicit concurrent mark sweep GC freed 20(704B) AllocSpace objects, 0(0B) LOS objects, 23% free, 52MB/68MB, paused 427us total 23.104ms
08-05 19:36:38.769 15507 15520 I art     : Starting a blocking GC Explicit
08-05 19:36:38.794 15507 15520 I art     : Explicit concurrent mark sweep GC freed 3(96B) AllocSpace objects, 0(0B) LOS objects, 23% free, 52MB/68MB, paused 424us total 23.785ms
08-05 19:36:38.804 15507 15520 I art     : Starting a blocking GC Explicit
08-05 19:36:38.827 13866 13882 I PeriodicStatsRunner: PeriodicStatsRunner.call():175 call()
08-05 19:36:38.827 13866 13882 I PeriodicStatsRunner: PeriodicStatsRunner.call():179 No submit PeriodicStats since input started.
08-05 19:36:38.829 15507 15520 I art     : Explicit concurrent mark sweep GC freed 3(96B) AllocSpace objects, 0(0B) LOS objects, 23% free, 52MB/68MB, paused 441us total 24.005ms
08-05 19:36:38.839 15507 15520 I art     : Starting a blocking GC Explicit
08-05 19:36:38.864 15507 15520 I art     : Explicit concurrent mark sweep GC freed 3(96B) AllocSpace objects, 0(0B) LOS objects, 23% free, 52MB/68MB, paused 437us total 24.247ms
08-05 19:36:39.187 15507 15520 I art     : Starting a blocking GC Explicit
08-05 19:36:39.211 15507 15520 I art     : Explicit concurrent mark sweep GC freed 1341(78KB) AllocSpace objects, 1(20KB) LOS objects, 23% free, 52MB/68MB, paused 436us total 24.575ms
08-05 19:36:39.222 15507 15520 I art     : Starting a blocking GC Explicit
08-05 19:36:39.245 15507 15520 I art     : Explicit concurrent mark sweep GC freed 29(1040B) AllocSpace objects, 0(0B) LOS objects, 23% free, 52MB/68MB, paused 415us total 23.055ms
08-05 19:36:39.257 15507 15520 I art     : Starting a blocking GC Explicit
08-05 19:36:39.283 15507 15520 I art     : Explicit concurrent mark sweep GC freed 3(96B) AllocSpace objects, 0(0B) LOS objects, 23% free, 52MB/68MB, paused 449us total 26.294ms
08-05 19:36:39.294 15507 15520 I art     : Starting a blocking GC Explicit
08-05 19:36:39.321 15507 15520 I art     : Explicit concurrent mark sweep GC freed 3(96B) AllocSpace objects, 0(0B) LOS objects, 23% free, 52MB/68MB, paused 443us total 26.138ms
08-05 19:36:39.332 15507 15520 I art     : Starting a blocking GC Explicit
08-05 19:36:39.357 15507 15520 I art     : Explicit concurrent mark sweep GC freed 3(96B) AllocSpace objects, 0(0B) LOS objects, 23% free, 52MB/68MB, paused 534us total 24.968ms
08-05 19:36:39.678 15507 15521 I art     : Starting a blocking GC Explicit
08-05 19:36:39.709 15507 15521 I art     : Explicit concurrent mark sweep GC freed 1341(78KB) AllocSpace objects, 1(20KB) LOS objects, 23% free, 52MB/68MB, paused 494us total 31.077ms
08-05 19:36:39.724 15507 15521 I art     : Starting a blocking GC Explicit
08-05 19:36:39.749 15507 15521 I art     : Explicit concurrent mark sweep GC freed 20(704B) AllocSpace objects, 0(0B) LOS objects, 23% free, 52MB/68MB, paused 443us total 23.831ms
08-05 19:36:39.759 15507 15521 I art     : Starting a blocking GC Explicit
08-05 19:36:39.784 15507 15521 I art     : Explicit concurrent mark sweep GC freed 3(96B) AllocSpace objects, 0(0B) LOS objects, 23% free, 52MB/68MB, paused 440us total 24.248ms
08-05 19:36:39.786   518   646 I ThermalEngine: ACTION: GPU - Setting GPU[0] to 510000000
08-05 19:36:39.795 15507 15521 I art     : Starting a blocking GC Explicit
08-05 19:36:39.820 15507 15521 I art     : Explicit concurrent mark sweep GC freed 3(96B) AllocSpace objects, 0(0B) LOS objects, 23% free, 52MB/68MB, paused 423us total 24.796ms
08-05 19:36:39.830 15507 15521 I art     : Starting a blocking GC Explicit
08-05 19:36:39.849 15507 15521 I art     : Explicit concurrent mark sweep GC freed 3(96B) AllocSpace objects, 0(0B) LOS objects, 23% free, 52MB/68MB, paused 317us total 19.066ms
08-05 19:36:40.114 15507 16423 I art     : Starting a blocking GC Explicit
08-05 19:36:40.134 15507 16423 I art     : Explicit concurrent mark sweep GC freed 1341(78KB) AllocSpace objects, 1(20KB) LOS objects, 23% free, 52MB/68MB, paused 347us total 20.024ms
08-05 19:36:40.143 15507 16423 I art     : Starting a blocking GC Explicit
08-05 19:36:40.162 15507 16423 I art     : Explicit concurrent mark sweep GC freed 20(704B) AllocSpace objects, 0(0B) LOS objects, 23% free, 52MB/68MB, paused 341us total 18.687ms
08-05 19:36:40.170 15507 16423 I art     : Starting a blocking GC Explicit
08-05 19:36:40.189 15507 16423 I art     : Explicit concurrent mark sweep GC freed 3(96B) AllocSpace objects, 0(0B) LOS objects, 23% free, 52MB/68MB, paused 339us total 18.400ms
08-05 19:36:40.197 15507 16423 I art     : Starting a blocking GC Explicit
08-05 19:36:40.215 15507 16423 I art     : Explicit concurrent mark sweep GC freed 3(96B) AllocSpace objects, 0(0B) LOS objects, 23% free, 52MB/68MB, paused 347us total 18.042ms
08-05 19:36:40.223 15507 16423 I art     : Starting a blocking GC Explicit
08-05 19:36:40.242 15507 16423 I art     : Explicit concurrent mark sweep GC freed 3(96B) AllocSpace objects, 0(0B) LOS objects, 23% free, 52MB/68MB, paused 334us total 18.409ms
08-05 19:36:40.266 16608 16608 D AndroidRuntime: >>>>>> START com.android.internal.os.RuntimeInit uid 2000 <<<<<<
08-05 19:36:40.271 16608 16608 D AndroidRuntime: CheckJNI is OFF
08-05 19:36:40.303 16608 16608 D ICU     : No timezone override file found: /data/misc/zoneinfo/current/icu/icu_tzdata.dat
08-05 19:36:40.336 16608 16608 I Radio-JNI: register_android_hardware_Radio DONE
08-05 19:36:40.358 16608 16608 D AndroidRuntime: Calling main entry com.android.commands.input.Input
08-05 19:36:40.360 16608 16608 I Input   : injectKeyEvent: KeyEvent { action=ACTION_DOWN, keyCode=KEYCODE_BACK, scanCode=0, metaState=0, flags=0x0, repeatCount=0, eventTime=819416773, downTime=819416773, deviceId=-1, source=0x101 }
08-05 19:36:40.366 16608 16608 I Input   : injectKeyEvent: KeyEvent { action=ACTION_UP, keyCode=KEYCODE_BACK, scanCode=0, metaState=0, flags=0x0, repeatCount=0, eventTime=819416773, downTime=819416773, deviceId=-1, source=0x101 }
08-05 19:36:40.372 16608 16608 D AndroidRuntime: Shutting down VM
08-05 19:36:40.388   918   937 W ProcessCpuTracker: Skipping unknown process pid 16631
08-05 19:36:40.417 13866 13866 I GoogleInputMethodServic: GoogleInputMethodService.onFinishInput():3138 
08-05 19:36:40.418 13866 13866 I GoogleInputMethodServic: GoogleInputMethodService.onStartInput():1808 
08-05 19:36:40.486 15507 15520 I art     : Starting a blocking GC Explicit
08-05 19:36:40.503 15507 15520 I art     : Explicit concurrent mark sweep GC freed 1511(85KB) AllocSpace objects, 1(20KB) LOS objects, 23% free, 52MB/68MB, paused 319us total 16.880ms
08-05 19:36:40.511 15507 15520 I art     : Starting a blocking GC Explicit
08-05 19:36:40.529 15507 15520 I art     : Explicit concurrent mark sweep GC freed 26(944B) AllocSpace objects, 0(0B) LOS objects, 23% free, 52MB/68MB, paused 322us total 17.238ms
08-05 19:36:40.537 15507 15520 I art     : Starting a blocking GC Explicit
08-05 19:36:40.556 15507 15520 I art     : Explicit concurrent mark sweep GC freed 3(96B) AllocSpace objects, 0(0B) LOS objects, 23% free, 52MB/68MB, paused 315us total 18.421ms
08-05 19:36:40.565 15507 15520 I art     : Starting a blocking GC Explicit
08-05 19:36:40.586 15507 15520 I art     : Explicit concurrent mark sweep GC freed 3(96B) AllocSpace objects, 0(0B) LOS objects, 23% free, 52MB/68MB, paused 338us total 20.667ms
08-05 19:36:40.594 15507 15520 I art     : Starting a blocking GC Explicit
08-05 19:36:40.615 15507 15520 I art     : Explicit concurrent mark sweep GC freed 3(96B) AllocSpace objects, 0(0B) LOS objects, 23% free, 52MB/68MB, paused 354us total 21.108ms
08-05 19:36:40.660 13866 13882 I PeriodicStatsRunner: PeriodicStatsRunner.call():175 call()
08-05 19:36:40.660 13866 13882 I PeriodicStatsRunner: PeriodicStatsRunner.call():179 No submit PeriodicStats since input started.
08-05 19:36:40.725   380   380 W SurfaceFlinger: couldn't log to binary event log: overflow.
08-05 19:36:40.861 15507 15548 I art     : Starting a blocking GC Explicit
08-05 19:36:40.879 15507 15548 I art     : Explicit concurrent mark sweep GC freed 1450(87KB) AllocSpace objects, 1(20KB) LOS objects, 23% free, 52MB/68MB, paused 329us total 17.631ms
08-05 19:36:40.886 15507 15548 I art     : Starting a blocking GC Explicit
08-05 19:36:40.903 15507 15548 I art     : Explicit concurrent mark sweep GC freed 1672(106KB) AllocSpace objects, 3(400KB) LOS objects, 23% free, 52MB/68MB, paused 324us total 16.785ms
08-05 19:36:40.911 15507 15548 I art     : Starting a blocking GC Explicit
08-05 19:36:40.927 15507 15548 I art     : Explicit concurrent mark sweep GC freed 3(96B) AllocSpace objects, 0(0B) LOS objects, 23% free, 52MB/68MB, paused 318us total 16.380ms
08-05 19:36:40.935 15507 15548 I art     : Starting a blocking GC Explicit
08-05 19:36:40.952 15507 15548 I art     : Explicit concurrent mark sweep GC freed 3(96B) AllocSpace objects, 0(0B) LOS objects, 23% free, 52MB/68MB, paused 326us total 16.621ms
08-05 19:36:40.959 15507 15548 I art     : Starting a blocking GC Explicit
08-05 19:36:40.975 15507 15548 I art     : Explicit concurrent mark sweep GC freed 3(96B) AllocSpace objects, 0(0B) LOS objects, 23% free, 52MB/68MB, paused 353us total 16.180ms
08-05 19:36:41.245 15507 15521 I art     : Starting a blocking GC Explicit
08-05 19:36:41.265 15507 15521 I art     : Explicit concurrent mark sweep GC freed 1341(78KB) AllocSpace objects, 1(20KB) LOS objects, 23% free, 52MB/68MB, paused 343us total 19.446ms
08-05 19:36:41.273 15507 15521 I art     : Starting a blocking GC Explicit
08-05 19:36:41.291 15507 15521 I art     : Explicit concurrent mark sweep GC freed 20(704B) AllocSpace objects, 0(0B) LOS objects, 23% free, 52MB/68MB, paused 332us total 18.211ms
08-05 19:36:41.300 15507 15521 I art     : Starting a blocking GC Explicit
08-05 19:36:41.319 15507 15521 I art     : Explicit concurrent mark sweep GC freed 3(96B) AllocSpace objects, 0(0B) LOS objects, 23% free, 52MB/68MB, paused 336us total 18.689ms
08-05 19:36:41.327 15507 15521 I art     : Starting a blocking GC Explicit
08-05 19:36:41.346 15507 15521 I art     : Explicit concurrent mark sweep GC freed 3(96B) AllocSpace objects, 0(0B) LOS objects, 23% free, 52MB/68MB, paused 345us total 18.152ms
08-05 19:36:41.354 15507 15521 I art     : Starting a blocking GC Explicit
08-05 19:36:41.373 15507 15521 I art     : Explicit concurrent mark sweep GC freed 3(96B) AllocSpace objects, 0(0B) LOS objects, 23% free, 52MB/68MB, paused 342us total 18.330ms
08-05 19:36:41.654 15507 16423 I art     : Starting a blocking GC Explicit
08-05 19:36:41.673 15507 16423 I art     : Explicit concurrent mark sweep GC freed 1340(78KB) AllocSpace objects, 1(20KB) LOS objects, 23% free, 52MB/68MB, paused 367us total 19.119ms
08-05 19:36:41.681 15507 16423 I art     : Starting a blocking GC Explicit
08-05 19:36:41.700 15507 16423 I art     : Explicit concurrent mark sweep GC freed 20(704B) AllocSpace objects, 0(0B) LOS objects, 23% free, 52MB/68MB, paused 346us total 18.233ms
08-05 19:36:41.708 15507 16423 I art     : Starting a blocking GC Explicit
08-05 19:36:41.726 15507 16423 I art     : Explicit concurrent mark sweep GC freed 3(96B) AllocSpace objects, 0(0B) LOS objects, 23% free, 52MB/68MB, paused 340us total 18.244ms
08-05 19:36:41.735 15507 16423 I art     : Starting a blocking GC Explicit
08-05 19:36:41.753 15507 16423 I art     : Explicit concurrent mark sweep GC freed 3(96B) AllocSpace objects, 0(0B) LOS objects, 23% free, 52MB/68MB, paused 360us total 18.118ms
08-05 19:36:41.761 15507 16423 I art     : Starting a blocking GC Explicit
08-05 19:36:41.779 15507 16423 I art     : Explicit concurrent mark sweep GC freed 3(96B) AllocSpace objects, 0(0B) LOS objects, 23% free, 52MB/68MB, paused 333us total 17.720ms
08-05 19:36:42.021 16671 16671 D AndroidRuntime: >>>>>> START com.android.internal.os.RuntimeInit uid 2000 <<<<<<
08-05 19:36:42.026 16671 16671 D AndroidRuntime: CheckJNI is OFF
08-05 19:36:42.052 15507 15520 I art     : Starting a blocking GC Explicit
08-05 19:36:42.061 16671 16671 D ICU     : No timezone override file found: /data/misc/zoneinfo/current/icu/icu_tzdata.dat
08-05 19:36:42.071 15507 15520 I art     : Explicit concurrent mark sweep GC freed 1340(78KB) AllocSpace objects, 1(20KB) LOS objects, 23% free, 52MB/68MB, paused 386us total 18.807ms
08-05 19:36:42.080 15507 15520 I art     : Starting a blocking GC Explicit
08-05 19:36:42.095 16671 16671 I Radio-JNI: register_android_hardware_Radio DONE
08-05 19:36:42.097 15507 15520 I art     : Explicit concurrent mark sweep GC freed 20(704B) AllocSpace objects, 0(0B) LOS objects, 23% free, 52MB/68MB, paused 379us total 16.600ms
08-05 19:36:42.104 15507 15520 I art     : Starting a blocking GC Explicit
08-05 19:36:42.117 16671 16671 D AndroidRuntime: Calling main entry com.android.commands.input.Input
08-05 19:36:42.119 16671 16671 I Input   : injectMotionEvent: MotionEvent { action=ACTION_DOWN, actionButton=0, id[0]=0, x[0]=733.0, y[0]=1957.0, toolType[0]=TOOL_TYPE_UNKNOWN, buttonState=0, metaState=0, flags=0x0, edgeFlags=0x0, pointerCount=1, historySize=0, eventTime=819418531, downTime=819418531, deviceId=0, source=0x1002 }
08-05 19:36:42.121 15507 15520 I art     : Explicit concurrent mark sweep GC freed 3(96B) AllocSpace objects, 0(0B) LOS objects, 23% free, 52MB/68MB, paused 302us total 16.657ms
08-05 19:36:42.124 16671 16671 I Input   : injectMotionEvent: MotionEvent { action=ACTION_UP, actionButton=0, id[0]=0, x[0]=733.0, y[0]=1957.0, toolType[0]=TOOL_TYPE_UNKNOWN, buttonState=0, metaState=0, flags=0x0, edgeFlags=0x0, pointerCount=1, historySize=0, eventTime=819418531, downTime=819418531, deviceId=0, source=0x1002 }
08-05 19:36:42.125   918  5481 I ActivityManager: START u0 {cmp=baseline.appteam.nith.hillffair/.activities.ClubActivity (has extras)} from uid 10675 on display 0
08-05 19:36:42.128 15507 15520 I art     : Starting a blocking GC Explicit
08-05 19:36:42.131 16671 16671 D AndroidRuntime: Shutting down VM
08-05 19:36:42.147 15507 15520 I art     : Explicit concurrent mark sweep GC freed 156(14KB) AllocSpace objects, 0(0B) LOS objects, 23% free, 52MB/68MB, paused 595us total 17.988ms
08-05 19:36:42.154 15507 15520 I art     : Starting a blocking GC Explicit
08-05 19:36:42.174 15507 15520 I art     : Explicit concurrent mark sweep GC freed 3259(188KB) AllocSpace objects, 0(0B) LOS objects, 23% free, 52MB/68MB, paused 444us total 19.797ms
08-05 19:36:42.214 13866 13866 I GoogleInputMethodServic: GoogleInputMethodService.onFinishInput():3138 
08-05 19:36:42.215 13866 13866 I GoogleInputMethodServic: GoogleInputMethodService.onStartInput():1808 
08-05 19:36:42.215   918   936 I ActivityManager: Displayed baseline.appteam.nith.hillffair/.activities.ClubActivity: +85ms
08-05 19:36:42.431 15507 15521 I art     : Starting a blocking GC Explicit
08-05 19:36:42.454 15507 15521 I art     : Explicit concurrent mark sweep GC freed 1808(102KB) AllocSpace objects, 1(20KB) LOS objects, 23% free, 52MB/68MB, paused 363us total 22.699ms
08-05 19:36:42.460   380   380 W SurfaceFlinger: couldn't log to binary event log: overflow.
08-05 19:36:42.465 15507 15521 I art     : Starting a blocking GC Explicit
08-05 19:36:42.483 15507 15521 I art     : Explicit concurrent mark sweep GC freed 36(1264B) AllocSpace objects, 0(0B) LOS objects, 23% free, 52MB/68MB, paused 349us total 18.185ms
08-05 19:36:42.490 15507 15521 I art     : Starting a blocking GC Explicit
08-05 19:36:42.507 15507 15521 I art     : Explicit concurrent mark sweep GC freed 3(96B) AllocSpace objects, 0(0B) LOS objects, 23% free, 52MB/68MB, paused 364us total 15.867ms
08-05 19:36:42.514 15507 15521 I art     : Starting a blocking GC Explicit
08-05 19:36:42.531 15507 15521 I art     : Explicit concurrent mark sweep GC freed 3(96B) AllocSpace objects, 0(0B) LOS objects, 23% free, 52MB/68MB, paused 355us total 16.982ms
08-05 19:36:42.539 15507 15521 I art     : Starting a blocking GC Explicit
08-05 19:36:42.557 15507 15521 I art     : Explicit concurrent mark sweep GC freed 3(96B) AllocSpace objects, 0(0B) LOS objects, 23% free, 52MB/68MB, paused 487us total 17.767ms
08-05 19:36:42.793   518   646 I ThermalEngine: ACTION: GPU - Setting GPU[0] to 450000000
08-05 19:36:42.849 15507 16423 I art     : Starting a blocking GC Explicit
08-05 19:36:42.874 15507 16423 I art     : Explicit concurrent mark sweep GC freed 1489(85KB) AllocSpace objects, 1(20KB) LOS objects, 23% free, 52MB/68MB, paused 533us total 24.655ms
08-05 19:36:42.885 15507 16423 I art     : Starting a blocking GC Explicit
08-05 19:36:42.909 15507 16423 I art     : Explicit concurrent mark sweep GC freed 60(2048B) AllocSpace objects, 0(0B) LOS objects, 23% free, 52MB/68MB, paused 525us total 23.175ms
08-05 19:36:42.919 15507 16423 I art     : Starting a blocking GC Explicit
08-05 19:36:42.942 15507 16423 I art     : Explicit concurrent mark sweep GC freed 13(480B) AllocSpace objects, 0(0B) LOS objects, 23% free, 52MB/68MB, paused 513us total 23.119ms
08-05 19:36:42.953 15507 16423 I art     : Starting a blocking GC Explicit
08-05 19:36:42.977 15507 16423 I art     : Explicit concurrent mark sweep GC freed 13(480B) AllocSpace objects, 0(0B) LOS objects, 23% free, 52MB/68MB, paused 541us total 23.752ms
08-05 19:36:42.987 15507 16423 I art     : Starting a blocking GC Explicit
08-05 19:36:43.012 15507 16423 I art     : Explicit concurrent mark sweep GC freed 1378(84KB) AllocSpace objects, 2(120KB) LOS objects, 23% free, 52MB/68MB, paused 1.104ms total 24.931ms
08-05 19:36:43.022 15507 16695 D OkHttp  : --> GET https://api-hillfair-2k16.herokuapp.com/api/app/events/special/event?id=58065620dcba0f490c70fe09 http/1.1
08-05 19:36:43.060 15507 16695 D OkHttp  : <-- 200 OK https://api-hillfair-2k16.herokuapp.com/api/app/events/special/event?id=58065620dcba0f490c70fe09 (37ms, 682-byte body)
08-05 19:36:43.113 15507 15507 I NAPPA_EXPERIMENTATION: MetricNetworkRequestExecutionTime: REQUEST_DURATION_SYSTEM='956',REQUEST_DURATION_OKHTTP='37',REQUEST_SYNCHRONOUS='FALSE',RESPONSE_CODE='200',RESPONSE_METHOD='GET',RESPONSE_LENGTH_OKHTTP='682',RESPONSE_LENGTH_HEADER='682',REQUEST_PROTOCOL='http/1.1',REQUEST_URL='https://api-hillfair-2k16.herokuapp.com/api/app/events/special/event?id=58065620dcba0f490c70fe09',
08-05 19:36:43.299 15507 15520 I art     : Starting a blocking GC Explicit
08-05 19:36:43.325 15507 15520 I art     : Explicit concurrent mark sweep GC freed 4330(368KB) AllocSpace objects, 2(100KB) LOS objects, 23% free, 52MB/68MB, paused 471us total 25.543ms
08-05 19:36:43.336 15507 15520 I art     : Starting a blocking GC Explicit
08-05 19:36:43.361 15507 15520 I art     : Explicit concurrent mark sweep GC freed 123(4KB) AllocSpace objects, 0(0B) LOS objects, 23% free, 52MB/68MB, paused 443us total 24.146ms
08-05 19:36:43.372 15507 15520 I art     : Starting a blocking GC Explicit
08-05 19:36:43.396 15507 15520 I art     : Explicit concurrent mark sweep GC freed 3(96B) AllocSpace objects, 0(0B) LOS objects, 23% free, 52MB/68MB, paused 464us total 23.548ms
08-05 19:36:43.407 15507 15520 I art     : Starting a blocking GC Explicit
08-05 19:36:43.431 15507 15520 I art     : Explicit concurrent mark sweep GC freed 3(96B) AllocSpace objects, 0(0B) LOS objects, 23% free, 52MB/68MB, paused 435us total 23.220ms
08-05 19:36:43.441 15507 15520 I art     : Starting a blocking GC Explicit
08-05 19:36:43.465 15507 15520 I art     : Explicit concurrent mark sweep GC freed 3(96B) AllocSpace objects, 0(0B) LOS objects, 23% free, 52MB/68MB, paused 440us total 23.374ms
08-05 19:36:43.761 15507 15520 I art     : Starting a blocking GC Explicit
08-05 19:36:43.792 15507 15520 I art     : Explicit concurrent mark sweep GC freed 1341(78KB) AllocSpace objects, 1(20KB) LOS objects, 23% free, 52MB/68MB, paused 509us total 31.407ms
08-05 19:36:43.806 15507 15520 I art     : Starting a blocking GC Explicit
08-05 19:36:43.834 15507 15520 I art     : Explicit concurrent mark sweep GC freed 36(1264B) AllocSpace objects, 0(0B) LOS objects, 23% free, 52MB/68MB, paused 491us total 27.947ms
08-05 19:36:43.845 15507 15520 I art     : Starting a blocking GC Explicit
08-05 19:36:43.872 15507 15520 I art     : Explicit concurrent mark sweep GC freed 3(96B) AllocSpace objects, 0(0B) LOS objects, 23% free, 52MB/68MB, paused 468us total 26.299ms
08-05 19:36:43.883 15507 15520 I art     : Starting a blocking GC Explicit
08-05 19:36:43.910 15507 15520 I art     : Explicit concurrent mark sweep GC freed 3(96B) AllocSpace objects, 0(0B) LOS objects, 23% free, 52MB/68MB, paused 487us total 26.862ms
08-05 19:36:43.921 15507 15520 I art     : Starting a blocking GC Explicit
08-05 19:36:43.948 15507 15520 I art     : Explicit concurrent mark sweep GC freed 3(96B) AllocSpace objects, 0(0B) LOS objects, 23% free, 52MB/68MB, paused 485us total 26.781ms
08-05 19:36:44.286 15507 15521 I art     : Starting a blocking GC Explicit
08-05 19:36:44.316 15507 15521 I art     : Explicit concurrent mark sweep GC freed 1341(78KB) AllocSpace objects, 1(20KB) LOS objects, 23% free, 52MB/68MB, paused 493us total 29.230ms
08-05 19:36:44.329 15507 15521 I art     : Starting a blocking GC Explicit
08-05 19:36:44.355 15507 15521 I art     : Explicit concurrent mark sweep GC freed 20(704B) AllocSpace objects, 0(0B) LOS objects, 23% free, 52MB/68MB, paused 466us total 25.511ms
08-05 19:36:44.366 15507 15521 I art     : Starting a blocking GC Explicit
08-05 19:36:44.390 15507 15521 I art     : Explicit concurrent mark sweep GC freed 3(96B) AllocSpace objects, 0(0B) LOS objects, 23% free, 52MB/68MB, paused 451us total 23.141ms
08-05 19:36:44.400 15507 15521 I art     : Starting a blocking GC Explicit
08-05 19:36:44.423 15507 15521 I art     : Explicit concurrent mark sweep GC freed 3(96B) AllocSpace objects, 0(0B) LOS objects, 23% free, 52MB/68MB, paused 483us total 23.052ms
08-05 19:36:44.434 15507 15521 I art     : Starting a blocking GC Explicit
08-05 19:36:44.457 15507 15521 I art     : Explicit concurrent mark sweep GC freed 3(96B) AllocSpace objects, 0(0B) LOS objects, 23% free, 52MB/68MB, paused 468us total 23.276ms
08-05 19:36:44.766 15507 16423 I art     : Starting a blocking GC Explicit
08-05 19:36:44.795 15507 16423 I art     : Explicit concurrent mark sweep GC freed 1341(78KB) AllocSpace objects, 1(20KB) LOS objects, 23% free, 52MB/68MB, paused 512us total 28.857ms
08-05 19:36:44.809 15507 16423 I art     : Starting a blocking GC Explicit
08-05 19:36:44.835 15507 16423 I art     : Explicit concurrent mark sweep GC freed 20(704B) AllocSpace objects, 0(0B) LOS objects, 23% free, 52MB/68MB, paused 516us total 25.660ms
08-05 19:36:44.846 15507 16423 I art     : Starting a blocking GC Explicit
08-05 19:36:44.871 15507 16423 I art     : Explicit concurrent mark sweep GC freed 3(96B) AllocSpace objects, 0(0B) LOS objects, 23% free, 52MB/68MB, paused 507us total 24.977ms
08-05 19:36:44.882 15507 16423 I art     : Starting a blocking GC Explicit
08-05 19:36:44.908 15507 16423 I art     : Explicit concurrent mark sweep GC freed 3(96B) AllocSpace objects, 0(0B) LOS objects, 23% free, 52MB/68MB, paused 510us total 25.901ms
08-05 19:36:44.911 16750 16750 D AndroidRuntime: >>>>>> START com.android.internal.os.RuntimeInit uid 2000 <<<<<<
08-05 19:36:44.917 16750 16750 D AndroidRuntime: CheckJNI is OFF
08-05 19:36:44.919 15507 16423 I art     : Starting a blocking GC Explicit
08-05 19:36:44.944 15507 16423 I art     : Explicit concurrent mark sweep GC freed 3(96B) AllocSpace objects, 0(0B) LOS objects, 23% free, 52MB/68MB, paused 502us total 24.576ms
08-05 19:36:44.966 16750 16750 D ICU     : No timezone override file found: /data/misc/zoneinfo/current/icu/icu_tzdata.dat
08-05 19:36:45.012 16750 16750 I Radio-JNI: register_android_hardware_Radio DONE
08-05 19:36:45.042 16750 16750 D AndroidRuntime: Calling main entry com.android.commands.input.Input
08-05 19:36:45.045 16750 16750 I Input   : injectKeyEvent: KeyEvent { action=ACTION_DOWN, keyCode=KEYCODE_BACK, scanCode=0, metaState=0, flags=0x0, repeatCount=0, eventTime=819421457, downTime=819421457, deviceId=-1, source=0x101 }
08-05 19:36:45.052 16750 16750 I Input   : injectKeyEvent: KeyEvent { action=ACTION_UP, keyCode=KEYCODE_BACK, scanCode=0, metaState=0, flags=0x0, repeatCount=0, eventTime=819421457, downTime=819421457, deviceId=-1, source=0x101 }
08-05 19:36:45.059 16750 16750 D AndroidRuntime: Shutting down VM
08-05 19:36:45.102 13866 13866 I GoogleInputMethodServic: GoogleInputMethodService.onFinishInput():3138 
08-05 19:36:45.102 13866 13866 I GoogleInputMethodServic: GoogleInputMethodService.onStartInput():1808 
08-05 19:36:45.221 15507 15520 I art     : Starting a blocking GC Explicit
08-05 19:36:45.246 15507 15520 I art     : Explicit concurrent mark sweep GC freed 1510(85KB) AllocSpace objects, 1(20KB) LOS objects, 23% free, 52MB/68MB, paused 435us total 24.780ms
08-05 19:36:45.259 15507 15520 I art     : Starting a blocking GC Explicit
08-05 19:36:45.290 15507 15520 I art     : Explicit concurrent mark sweep GC freed 26(944B) AllocSpace objects, 0(0B) LOS objects, 23% free, 52MB/68MB, paused 733us total 29.951ms
08-05 19:36:45.301 15507 15520 I art     : Starting a blocking GC Explicit
08-05 19:36:45.329 15507 15520 I art     : Explicit concurrent mark sweep GC freed 3(96B) AllocSpace objects, 0(0B) LOS objects, 23% free, 52MB/68MB, paused 458us total 27.196ms
08-05 19:36:45.342 15507 15520 I art     : Starting a blocking GC Explicit
08-05 19:36:45.371 15507 15520 I art     : Explicit concurrent mark sweep GC freed 3(96B) AllocSpace objects, 0(0B) LOS objects, 23% free, 52MB/68MB, paused 516us total 28.187ms
08-05 19:36:45.383 15507 15520 I art     : Starting a blocking GC Explicit
08-05 19:36:45.396   380   380 W SurfaceFlinger: couldn't log to binary event log: overflow.
08-05 19:36:45.407 15507 15520 I art     : Explicit concurrent mark sweep GC freed 94(8KB) AllocSpace objects, 0(0B) LOS objects, 23% free, 52MB/68MB, paused 444us total 23.032ms
08-05 19:36:45.418 13866 13882 I PeriodicStatsRunner: PeriodicStatsRunner.call():175 call()
08-05 19:36:45.419 13866 13882 I PeriodicStatsRunner: PeriodicStatsRunner.call():179 No submit PeriodicStats since input started.
08-05 19:36:45.702 15507 15548 I art     : Starting a blocking GC Explicit
08-05 19:36:45.733 15507 15548 I art     : Explicit concurrent mark sweep GC freed 1360(79KB) AllocSpace objects, 1(20KB) LOS objects, 23% free, 52MB/68MB, paused 555us total 30.799ms
08-05 19:36:45.751 15507 15548 I art     : Starting a blocking GC Explicit
08-05 19:36:45.775 15507 15548 I art     : Explicit concurrent mark sweep GC freed 1672(106KB) AllocSpace objects, 3(400KB) LOS objects, 23% free, 51MB/67MB, paused 498us total 23.914ms
08-05 19:36:45.786 15507 15548 I art     : Starting a blocking GC Explicit
08-05 19:36:45.810 15507 15548 I art     : Explicit concurrent mark sweep GC freed 3(96B) AllocSpace objects, 0(0B) LOS objects, 23% free, 51MB/67MB, paused 479us total 23.800ms
08-05 19:36:45.820 15507 15548 I art     : Starting a blocking GC Explicit
08-05 19:36:45.844 15507 15548 I art     : Explicit concurrent mark sweep GC freed 3(96B) AllocSpace objects, 0(0B) LOS objects, 23% free, 51MB/67MB, paused 484us total 23.851ms
08-05 19:36:45.855 15507 15548 I art     : Starting a blocking GC Explicit
08-05 19:36:45.878 15507 15548 I art     : Explicit concurrent mark sweep GC freed 3(96B) AllocSpace objects, 0(0B) LOS objects, 23% free, 51MB/67MB, paused 487us total 22.940ms
08-05 19:36:46.179 15507 16423 I art     : Starting a blocking GC Explicit
08-05 19:36:46.212 15507 16423 I art     : Explicit concurrent mark sweep GC freed 1341(78KB) AllocSpace objects, 1(20KB) LOS objects, 23% free, 51MB/67MB, paused 552us total 33.068ms
08-05 19:36:46.228 15507 16423 I art     : Starting a blocking GC Explicit
08-05 19:36:46.252 15507 16423 I art     : Explicit concurrent mark sweep GC freed 20(704B) AllocSpace objects, 0(0B) LOS objects, 23% free, 51MB/67MB, paused 481us total 23.238ms
08-05 19:36:46.262 15507 16423 I art     : Starting a blocking GC Explicit
08-05 19:36:46.287 15507 16423 I art     : Explicit concurrent mark sweep GC freed 3(96B) AllocSpace objects, 0(0B) LOS objects, 23% free, 51MB/67MB, paused 483us total 24.167ms
08-05 19:36:46.298 15507 16423 I art     : Starting a blocking GC Explicit
08-05 19:36:46.321 15507 16423 I art     : Explicit concurrent mark sweep GC freed 3(96B) AllocSpace objects, 0(0B) LOS objects, 23% free, 51MB/67MB, paused 463us total 22.796ms
08-05 19:36:46.331 15507 16423 I art     : Starting a blocking GC Explicit
08-05 19:36:46.354 15507 16423 I art     : Explicit concurrent mark sweep GC freed 3(96B) AllocSpace objects, 0(0B) LOS objects, 23% free, 51MB/67MB, paused 518us total 22.727ms
08-05 19:36:46.640 15507 16783 I art     : Starting a blocking GC Explicit
08-05 19:36:46.664 15507 16783 I art     : Explicit concurrent mark sweep GC freed 1340(78KB) AllocSpace objects, 1(20KB) LOS objects, 23% free, 51MB/67MB, paused 448us total 23.729ms
08-05 19:36:46.674 15507 16783 I art     : Starting a blocking GC Explicit
08-05 19:36:46.698 15507 16783 I art     : Explicit concurrent mark sweep GC freed 20(704B) AllocSpace objects, 0(0B) LOS objects, 23% free, 51MB/67MB, paused 479us total 23.878ms
08-05 19:36:46.699 15507 15518 I art     : WaitForGcToComplete blocked for 24.112ms for cause HeapTrim
08-05 19:36:46.709 15507 16783 I art     : Starting a blocking GC Explicit
08-05 19:36:46.733 15507 16783 I art     : Explicit concurrent mark sweep GC freed 3(96B) AllocSpace objects, 0(0B) LOS objects, 23% free, 51MB/67MB, paused 468us total 24.123ms
08-05 19:36:46.744 15507 16783 I art     : Starting a blocking GC Explicit
08-05 19:36:46.768 15507 16783 I art     : Explicit concurrent mark sweep GC freed 3(96B) AllocSpace objects, 0(0B) LOS objects, 23% free, 51MB/67MB, paused 479us total 24.062ms
08-05 19:36:46.779 15507 16783 I art     : Starting a blocking GC Explicit
08-05 19:36:46.803 15507 16783 I art     : Explicit concurrent mark sweep GC freed 3(96B) AllocSpace objects, 0(0B) LOS objects, 23% free, 51MB/67MB, paused 501us total 23.867ms
08-05 19:36:46.846 16804 16804 D AndroidRuntime: >>>>>> START com.android.internal.os.RuntimeInit uid 2000 <<<<<<
08-05 19:36:46.853 16804 16804 D AndroidRuntime: CheckJNI is OFF
08-05 19:36:46.899 16804 16804 D ICU     : No timezone override file found: /data/misc/zoneinfo/current/icu/icu_tzdata.dat
08-05 19:36:46.950 16804 16804 I Radio-JNI: register_android_hardware_Radio DONE
08-05 19:36:46.982 16804 16804 D AndroidRuntime: Calling main entry com.android.commands.input.Input
08-05 19:36:46.984 16804 16804 I Input   : injectMotionEvent: MotionEvent { action=ACTION_DOWN, actionButton=0, id[0]=0, x[0]=733.0, y[0]=1957.0, toolType[0]=TOOL_TYPE_UNKNOWN, buttonState=0, metaState=0, flags=0x0, edgeFlags=0x0, pointerCount=1, historySize=0, eventTime=819423397, downTime=819423397, deviceId=0, source=0x1002 }
08-05 19:36:46.989 16804 16804 I Input   : injectMotionEvent: MotionEvent { action=ACTION_UP, actionButton=0, id[0]=0, x[0]=733.0, y[0]=1957.0, toolType[0]=TOOL_TYPE_UNKNOWN, buttonState=0, metaState=0, flags=0x0, edgeFlags=0x0, pointerCount=1, historySize=0, eventTime=819423397, downTime=819423397, deviceId=0, source=0x1002 }
08-05 19:36:46.991   918  5132 I ActivityManager: START u0 {cmp=baseline.appteam.nith.hillffair/.activities.ClubActivity (has extras)} from uid 10675 on display 0
08-05 19:36:47.000 16804 16804 D AndroidRuntime: Shutting down VM
08-05 19:36:47.105   918   936 I ActivityManager: Displayed baseline.appteam.nith.hillffair/.activities.ClubActivity: +104ms
08-05 19:36:47.105 13866 13866 I GoogleInputMethodServic: GoogleInputMethodService.onFinishInput():3138 
08-05 19:36:47.106 13866 13866 I GoogleInputMethodServic: GoogleInputMethodService.onStartInput():1808 
08-05 19:36:47.115 15507 15548 I art     : Starting a blocking GC Explicit
08-05 19:36:47.142 15507 15548 I art     : Explicit concurrent mark sweep GC freed 5296(332KB) AllocSpace objects, 1(20KB) LOS objects, 23% free, 52MB/68MB, paused 554us total 26.950ms
08-05 19:36:47.153 15507 15548 I art     : Starting a blocking GC Explicit
08-05 19:36:47.175 15507 15548 I art     : Explicit concurrent mark sweep GC freed 213(9KB) AllocSpace objects, 0(0B) LOS objects, 23% free, 52MB/68MB, paused 499us total 21.821ms
08-05 19:36:47.185 15507 15548 I art     : Starting a blocking GC Explicit
08-05 19:36:47.207 15507 15548 I art     : Explicit concurrent mark sweep GC freed 3(96B) AllocSpace objects, 0(0B) LOS objects, 23% free, 52MB/68MB, paused 526us total 22.236ms
08-05 19:36:47.215 13866 13882 I PeriodicStatsRunner: PeriodicStatsRunner.call():175 call()
08-05 19:36:47.215 13866 13882 I PeriodicStatsRunner: PeriodicStatsRunner.call():179 No submit PeriodicStats since input started.
08-05 19:36:47.218 15507 15548 I art     : Starting a blocking GC Explicit
08-05 19:36:47.244 15507 15548 I art     : Explicit concurrent mark sweep GC freed 3(96B) AllocSpace objects, 0(0B) LOS objects, 23% free, 52MB/68MB, paused 512us total 25.660ms
08-05 19:36:47.256 15507 15548 I art     : Starting a blocking GC Explicit
08-05 19:36:47.284 15507 15548 I art     : Explicit concurrent mark sweep GC freed 3(96B) AllocSpace objects, 0(0B) LOS objects, 23% free, 52MB/68MB, paused 537us total 27.667ms
08-05 19:36:47.365   380   380 W SurfaceFlinger: couldn't log to binary event log: overflow.
08-05 19:36:47.537 15507 16836 D OkHttp  : --> GET https://api-hillfair-2k16.herokuapp.com/api/app/events/special/event?id=58065620dcba0f490c70fe09 http/1.1
08-05 19:36:47.565 15507 15548 I art     : Starting a blocking GC Explicit
08-05 19:36:47.572 15507 16836 D OkHttp  : <-- 200 OK https://api-hillfair-2k16.herokuapp.com/api/app/events/special/event?id=58065620dcba0f490c70fe09 (34ms, 682-byte body)
08-05 19:36:47.593 15507 15548 I art     : Explicit concurrent mark sweep GC freed 4203(250KB) AllocSpace objects, 4(220KB) LOS objects, 23% free, 52MB/68MB, paused 599us total 27.002ms
08-05 19:36:47.603 15507 15548 I art     : Starting a blocking GC Explicit
08-05 19:36:47.619 15507 15507 I NAPPA_EXPERIMENTATION: MetricNetworkRequestExecutionTime: REQUEST_DURATION_SYSTEM='587',REQUEST_DURATION_OKHTTP='35',REQUEST_SYNCHRONOUS='FALSE',RESPONSE_CODE='200',RESPONSE_METHOD='GET',RESPONSE_LENGTH_OKHTTP='682',RESPONSE_LENGTH_HEADER='682',REQUEST_PROTOCOL='http/1.1',REQUEST_URL='https://api-hillfair-2k16.herokuapp.com/api/app/events/special/event?id=58065620dcba0f490c70fe09',
08-05 19:36:47.627 15507 15548 I art     : Explicit concurrent mark sweep GC freed 1192(134KB) AllocSpace objects, 0(0B) LOS objects, 23% free, 52MB/68MB, paused 624us total 23.821ms
08-05 19:36:47.638 15507 15548 I art     : Starting a blocking GC Explicit
08-05 19:36:47.660 15507 15548 I art     : Explicit concurrent mark sweep GC freed 459(49KB) AllocSpace objects, 0(0B) LOS objects, 23% free, 52MB/68MB, paused 495us total 22.679ms
08-05 19:36:47.671 15507 15548 I art     : Starting a blocking GC Explicit
08-05 19:36:47.697 15507 15548 I art     : Explicit concurrent mark sweep GC freed 40(1312B) AllocSpace objects, 0(0B) LOS objects, 23% free, 52MB/68MB, paused 502us total 25.401ms
08-05 19:36:47.708 15507 15548 I art     : Starting a blocking GC Explicit
08-05 19:36:47.732 15507 15548 I art     : Explicit concurrent mark sweep GC freed 3(96B) AllocSpace objects, 0(0B) LOS objects, 23% free, 52MB/68MB, paused 463us total 23.638ms
08-05 19:36:48.030 15507 15548 I art     : Starting a blocking GC Explicit
08-05 19:36:48.056 15507 15548 I art     : Explicit concurrent mark sweep GC freed 1342(78KB) AllocSpace objects, 1(20KB) LOS objects, 23% free, 52MB/68MB, paused 499us total 25.613ms
08-05 19:36:48.070 15507 15548 I art     : Starting a blocking GC Explicit
08-05 19:36:48.095 15507 15548 I art     : Explicit concurrent mark sweep GC freed 36(1264B) AllocSpace objects, 0(0B) LOS objects, 23% free, 52MB/68MB, paused 495us total 24.339ms
08-05 19:36:48.105 15507 15548 I art     : Starting a blocking GC Explicit
08-05 19:36:48.129 15507 15548 I art     : Explicit concurrent mark sweep GC freed 3(96B) AllocSpace objects, 0(0B) LOS objects, 23% free, 52MB/68MB, paused 490us total 24.129ms
08-05 19:36:48.140 15507 15548 I art     : Starting a blocking GC Explicit
08-05 19:36:48.165 15507 15548 I art     : Explicit concurrent mark sweep GC freed 3(96B) AllocSpace objects, 0(0B) LOS objects, 23% free, 52MB/68MB, paused 492us total 24.629ms
08-05 19:36:48.176 15507 15548 I art     : Starting a blocking GC Explicit
08-05 19:36:48.201 15507 15548 I art     : Explicit concurrent mark sweep GC freed 3(96B) AllocSpace objects, 0(0B) LOS objects, 23% free, 52MB/68MB, paused 501us total 24.226ms
08-05 19:36:48.508 15507 15520 I art     : Starting a blocking GC Explicit
08-05 19:36:48.541 15507 15520 I art     : Explicit concurrent mark sweep GC freed 1341(78KB) AllocSpace objects, 1(20KB) LOS objects, 23% free, 52MB/68MB, paused 529us total 32.199ms
08-05 19:36:48.554 15507 15520 I art     : Starting a blocking GC Explicit
08-05 19:36:48.581 15507 15520 I art     : Explicit concurrent mark sweep GC freed 20(704B) AllocSpace objects, 0(0B) LOS objects, 23% free, 52MB/68MB, paused 525us total 26.903ms
08-05 19:36:48.593 15507 15520 I art     : Starting a blocking GC Explicit
08-05 19:36:48.621 15507 15520 I art     : Explicit concurrent mark sweep GC freed 3(96B) AllocSpace objects, 0(0B) LOS objects, 23% free, 52MB/68MB, paused 519us total 27.557ms
08-05 19:36:48.632 15507 15520 I art     : Starting a blocking GC Explicit
08-05 19:36:48.659 15507 15520 I art     : Explicit concurrent mark sweep GC freed 3(96B) AllocSpace objects, 0(0B) LOS objects, 23% free, 52MB/68MB, paused 514us total 26.467ms
08-05 19:36:48.670 15507 15520 I art     : Starting a blocking GC Explicit
08-05 19:36:48.698 15507 15520 I art     : Explicit concurrent mark sweep GC freed 3(96B) AllocSpace objects, 0(0B) LOS objects, 23% free, 52MB/68MB, paused 559us total 27.779ms
08-05 19:36:49.030 15507 15521 I art     : Starting a blocking GC Explicit
08-05 19:36:49.063 15507 15521 I art     : Explicit concurrent mark sweep GC freed 1341(78KB) AllocSpace objects, 1(20KB) LOS objects, 23% free, 52MB/68MB, paused 546us total 32.151ms
08-05 19:36:49.076 15507 15521 I art     : Starting a blocking GC Explicit
08-05 19:36:49.104 15507 15521 I art     : Explicit concurrent mark sweep GC freed 20(704B) AllocSpace objects, 0(0B) LOS objects, 23% free, 52MB/68MB, paused 523us total 27.563ms
08-05 19:36:49.116 15507 15521 I art     : Starting a blocking GC Explicit
08-05 19:36:49.141 15507 15521 I art     : Explicit concurrent mark sweep GC freed 3(96B) AllocSpace objects, 0(0B) LOS objects, 23% free, 52MB/68MB, paused 503us total 25.645ms
08-05 19:36:49.153 15507 15521 I art     : Starting a blocking GC Explicit
08-05 19:36:49.180 15507 15521 I art     : Explicit concurrent mark sweep GC freed 3(96B) AllocSpace objects, 0(0B) LOS objects, 23% free, 52MB/68MB, paused 577us total 27.427ms
08-05 19:36:49.192 15507 15521 I art     : Starting a blocking GC Explicit
08-05 19:36:49.220 15507 15521 I art     : Explicit concurrent mark sweep GC freed 3(96B) AllocSpace objects, 0(0B) LOS objects, 23% free, 52MB/68MB, paused 516us total 27.691ms
08-05 19:36:49.502 15507 16783 I art     : Starting a blocking GC Explicit
08-05 19:36:49.528 15507 16783 I art     : Explicit concurrent mark sweep GC freed 1341(78KB) AllocSpace objects, 1(20KB) LOS objects, 23% free, 52MB/68MB, paused 534us total 25.544ms
08-05 19:36:49.539 15507 16783 I art     : Starting a blocking GC Explicit
08-05 19:36:49.565 15507 16783 I art     : Explicit concurrent mark sweep GC freed 20(704B) AllocSpace objects, 0(0B) LOS objects, 23% free, 52MB/68MB, paused 518us total 26.340ms
08-05 19:36:49.576 15507 16783 I art     : Starting a blocking GC Explicit
08-05 19:36:49.602 15507 16783 I art     : Explicit concurrent mark sweep GC freed 3(96B) AllocSpace objects, 0(0B) LOS objects, 23% free, 52MB/68MB, paused 513us total 25.625ms
08-05 19:36:49.613 15507 16783 I art     : Starting a blocking GC Explicit
08-05 19:36:49.641 15507 16783 I art     : Explicit concurrent mark sweep GC freed 3(96B) AllocSpace objects, 0(0B) LOS objects, 23% free, 52MB/68MB, paused 515us total 26.925ms
08-05 19:36:49.651 15507 16783 I art     : Starting a blocking GC Explicit
08-05 19:36:49.678 15507 16783 I art     : Explicit concurrent mark sweep GC freed 3(96B) AllocSpace objects, 0(0B) LOS objects, 23% free, 52MB/68MB, paused 528us total 26.552ms
08-05 19:36:49.811 16881 16881 D AndroidRuntime: >>>>>> START com.android.internal.os.RuntimeInit uid 2000 <<<<<<
08-05 19:36:49.819 16881 16881 D AndroidRuntime: CheckJNI is OFF
08-05 19:36:49.865 16881 16881 D ICU     : No timezone override file found: /data/misc/zoneinfo/current/icu/icu_tzdata.dat
08-05 19:36:49.908 16881 16881 I Radio-JNI: register_android_hardware_Radio DONE
08-05 19:36:49.936 16881 16881 D AndroidRuntime: Calling main entry com.android.commands.input.Input
08-05 19:36:49.938 16881 16881 I Input   : injectKeyEvent: KeyEvent { action=ACTION_DOWN, keyCode=KEYCODE_BACK, scanCode=0, metaState=0, flags=0x0, repeatCount=0, eventTime=819426351, downTime=819426351, deviceId=-1, source=0x101 }
08-05 19:36:49.947 16881 16881 I Input   : injectKeyEvent: KeyEvent { action=ACTION_UP, keyCode=KEYCODE_BACK, scanCode=0, metaState=0, flags=0x0, repeatCount=0, eventTime=819426351, downTime=819426351, deviceId=-1, source=0x101 }
08-05 19:36:49.954 16881 16881 D AndroidRuntime: Shutting down VM
08-05 19:36:49.996 13866 13866 I GoogleInputMethodServic: GoogleInputMethodService.onFinishInput():3138 
08-05 19:36:49.997 13866 13866 I GoogleInputMethodServic: GoogleInputMethodService.onStartInput():1808 
08-05 19:36:50.003 15507 16423 I art     : Starting a blocking GC Explicit
08-05 19:36:50.031 15507 16423 I art     : Explicit concurrent mark sweep GC freed 1510(85KB) AllocSpace objects, 1(20KB) LOS objects, 23% free, 52MB/68MB, paused 514us total 27.999ms
08-05 19:36:50.044 15507 16423 I art     : Starting a blocking GC Explicit
08-05 19:36:50.067 15507 16423 I art     : Explicit concurrent mark sweep GC freed 27(992B) AllocSpace objects, 0(0B) LOS objects, 23% free, 52MB/68MB, paused 509us total 22.672ms
08-05 19:36:50.077 15507 16423 I art     : Starting a blocking GC Explicit
08-05 19:36:50.100 15507 16423 I art     : Explicit concurrent mark sweep GC freed 3(96B) AllocSpace objects, 0(0B) LOS objects, 23% free, 52MB/68MB, paused 486us total 22.875ms
08-05 19:36:50.102 13866 13882 I PeriodicStatsRunner: PeriodicStatsRunner.call():175 call()
08-05 19:36:50.102 13866 13882 I PeriodicStatsRunner: PeriodicStatsRunner.call():179 No submit PeriodicStats since input started.
08-05 19:36:50.110 15507 16423 I art     : Starting a blocking GC Explicit
08-05 19:36:50.133 15507 16423 I art     : Explicit concurrent mark sweep GC freed 3(96B) AllocSpace objects, 0(0B) LOS objects, 23% free, 52MB/68MB, paused 496us total 22.609ms
08-05 19:36:50.145 15507 16423 I art     : Starting a blocking GC Explicit
08-05 19:36:50.173 15507 16423 I art     : Explicit concurrent mark sweep GC freed 3(96B) AllocSpace objects, 0(0B) LOS objects, 23% free, 52MB/68MB, paused 694us total 28.071ms
08-05 19:36:50.284   380   380 W SurfaceFlinger: couldn't log to binary event log: overflow.
08-05 19:36:50.321   918  3261 D WifiStateMachine: starting scan for "H369AA63323"WPA_PSK with 2412,5180
08-05 19:36:50.449 15507 16423 I art     : Starting a blocking GC Explicit
08-05 19:36:50.473 15507 16423 I art     : Explicit concurrent mark sweep GC freed 1450(87KB) AllocSpace objects, 1(20KB) LOS objects, 23% free, 52MB/68MB, paused 493us total 23.750ms
08-05 19:36:50.483 15507 16423 I art     : Starting a blocking GC Explicit
08-05 19:36:50.505 15507 16423 I art     : Explicit concurrent mark sweep GC freed 1672(106KB) AllocSpace objects, 3(400KB) LOS objects, 23% free, 52MB/68MB, paused 481us total 22.462ms
08-05 19:36:50.515 15507 16423 I art     : Starting a blocking GC Explicit
08-05 19:36:50.537 15507 16423 I art     : Explicit concurrent mark sweep GC freed 3(96B) AllocSpace objects, 0(0B) LOS objects, 23% free, 52MB/68MB, paused 531us total 21.753ms
08-05 19:36:50.547 15507 16423 I art     : Starting a blocking GC Explicit
08-05 19:36:50.570 15507 16423 I art     : Explicit concurrent mark sweep GC freed 3(96B) AllocSpace objects, 0(0B) LOS objects, 23% free, 52MB/68MB, paused 489us total 22.189ms
08-05 19:36:50.580 15507 16423 I art     : Starting a blocking GC Explicit
08-05 19:36:50.602 15507 16423 I art     : Explicit concurrent mark sweep GC freed 3(96B) AllocSpace objects, 0(0B) LOS objects, 23% free, 52MB/68MB, paused 479us total 21.850ms
08-05 19:36:50.890 15507 15521 I art     : Starting a blocking GC Explicit
08-05 19:36:50.915 15507 15521 I art     : Explicit concurrent mark sweep GC freed 1341(78KB) AllocSpace objects, 1(20KB) LOS objects, 23% free, 52MB/68MB, paused 513us total 25.219ms
08-05 19:36:50.926 15507 15521 I art     : Starting a blocking GC Explicit
08-05 19:36:50.950 15507 15521 I art     : Explicit concurrent mark sweep GC freed 20(704B) AllocSpace objects, 0(0B) LOS objects, 23% free, 52MB/68MB, paused 514us total 24.299ms
08-05 19:36:50.961 15507 15521 I art     : Starting a blocking GC Explicit
08-05 19:36:50.985 15507 15521 I art     : Explicit concurrent mark sweep GC freed 3(96B) AllocSpace objects, 0(0B) LOS objects, 23% free, 52MB/68MB, paused 502us total 23.473ms
08-05 19:36:50.996 15507 15521 I art     : Starting a blocking GC Explicit
08-05 19:36:51.021 15507 15521 I art     : Explicit concurrent mark sweep GC freed 3(96B) AllocSpace objects, 0(0B) LOS objects, 23% free, 52MB/68MB, paused 494us total 24.758ms
08-05 19:36:51.032 15507 15521 I art     : Starting a blocking GC Explicit
08-05 19:36:51.056 15507 15521 I art     : Explicit concurrent mark sweep GC freed 3(96B) AllocSpace objects, 0(0B) LOS objects, 23% free, 52MB/68MB, paused 506us total 24.494ms
08-05 19:36:51.344 15507 15520 I art     : Starting a blocking GC Explicit
08-05 19:36:51.372 15507 15520 I art     : Explicit concurrent mark sweep GC freed 1340(78KB) AllocSpace objects, 1(20KB) LOS objects, 23% free, 52MB/68MB, paused 541us total 28.510ms
08-05 19:36:51.384 15507 15520 I art     : Starting a blocking GC Explicit
08-05 19:36:51.409 15507 15520 I art     : Explicit concurrent mark sweep GC freed 20(704B) AllocSpace objects, 0(0B) LOS objects, 23% free, 52MB/68MB, paused 507us total 24.240ms
08-05 19:36:51.419 15507 15520 I art     : Starting a blocking GC Explicit
08-05 19:36:51.443 15507 15520 I art     : Explicit concurrent mark sweep GC freed 3(96B) AllocSpace objects, 0(0B) LOS objects, 23% free, 52MB/68MB, paused 501us total 23.275ms
08-05 19:36:51.454 15507 15520 I art     : Starting a blocking GC Explicit
08-05 19:36:51.477 15507 15520 I art     : Explicit concurrent mark sweep GC freed 3(96B) AllocSpace objects, 0(0B) LOS objects, 23% free, 52MB/68MB, paused 567us total 23.030ms
08-05 19:36:51.487 15507 15520 I art     : Starting a blocking GC Explicit
08-05 19:36:51.511 15507 15520 I art     : Explicit concurrent mark sweep GC freed 3(96B) AllocSpace objects, 0(0B) LOS objects, 23% free, 52MB/68MB, paused 506us total 23.462ms
08-05 19:36:51.744 16934 16934 D AndroidRuntime: >>>>>> START com.android.internal.os.RuntimeInit uid 2000 <<<<<<
08-05 19:36:51.750 16934 16934 D AndroidRuntime: CheckJNI is OFF
08-05 19:36:51.792 16934 16934 D ICU     : No timezone override file found: /data/misc/zoneinfo/current/icu/icu_tzdata.dat
08-05 19:36:51.821 15507 15548 I art     : Starting a blocking GC Explicit
08-05 19:36:51.835 16934 16934 I Radio-JNI: register_android_hardware_Radio DONE
08-05 19:36:51.846 15507 15548 I art     : Explicit concurrent mark sweep GC freed 1340(78KB) AllocSpace objects, 1(20KB) LOS objects, 23% free, 52MB/68MB, paused 545us total 24.487ms
08-05 19:36:51.857 15507 15548 I art     : Starting a blocking GC Explicit
08-05 19:36:51.865 16934 16934 D AndroidRuntime: Calling main entry com.android.commands.input.Input
08-05 19:36:51.867 16934 16934 I Input   : injectMotionEvent: MotionEvent { action=ACTION_DOWN, actionButton=0, id[0]=0, x[0]=733.0, y[0]=645.0, toolType[0]=TOOL_TYPE_UNKNOWN, buttonState=0, metaState=0, flags=0x0, edgeFlags=0x0, pointerCount=1, historySize=0, eventTime=819428280, downTime=819428280, deviceId=0, source=0x1002 }
08-05 19:36:51.875 16934 16934 I Input   : injectMotionEvent: MotionEvent { action=ACTION_UP, actionButton=0, id[0]=0, x[0]=733.0, y[0]=645.0, toolType[0]=TOOL_TYPE_UNKNOWN, buttonState=0, metaState=0, flags=0x0, edgeFlags=0x0, pointerCount=1, historySize=0, eventTime=819428280, downTime=819428280, deviceId=0, source=0x1002 }
08-05 19:36:51.877   918   928 I ActivityManager: START u0 {cmp=baseline.appteam.nith.hillffair/.activities.ClubActivity (has extras)} from uid 10675 on display 0
08-05 19:36:51.882 15507 15548 I art     : Explicit concurrent mark sweep GC freed 20(704B) AllocSpace objects, 0(0B) LOS objects, 23% free, 52MB/68MB, paused 727us total 24.170ms
08-05 19:36:51.886 16934 16934 D AndroidRuntime: Shutting down VM
08-05 19:36:51.893 15507 15548 I art     : Starting a blocking GC Explicit
08-05 19:36:51.917 15507 15548 I art     : Explicit concurrent mark sweep GC freed 322(24KB) AllocSpace objects, 0(0B) LOS objects, 23% free, 52MB/68MB, paused 888us total 24.410ms
08-05 19:36:51.928 15507 15548 I art     : Starting a blocking GC Explicit
08-05 19:36:51.955 15507 15548 I art     : Explicit concurrent mark sweep GC freed 3452(219KB) AllocSpace objects, 0(0B) LOS objects, 23% free, 52MB/68MB, paused 664us total 27.182ms
08-05 19:36:51.965 15507 15548 I art     : Starting a blocking GC Explicit
08-05 19:36:51.989 15507 15548 I art     : Explicit concurrent mark sweep GC freed 237(9KB) AllocSpace objects, 0(0B) LOS objects, 23% free, 52MB/68MB, paused 749us total 23.456ms
08-05 19:36:51.995 13866 13866 I GoogleInputMethodServic: GoogleInputMethodService.onFinishInput():3138 
08-05 19:36:51.995   918   936 I ActivityManager: Displayed baseline.appteam.nith.hillffair/.activities.ClubActivity: +104ms
08-05 19:36:51.996 13866 13866 I GoogleInputMethodServic: GoogleInputMethodService.onStartInput():1808 
08-05 19:36:52.106 13866 13882 I PeriodicStatsRunner: PeriodicStatsRunner.call():175 call()
08-05 19:36:52.106 13866 13882 I PeriodicStatsRunner: PeriodicStatsRunner.call():179 No submit PeriodicStats since input started.
08-05 19:36:52.251   380   380 W SurfaceFlinger: couldn't log to binary event log: overflow.
08-05 19:36:52.292 15507 15548 I art     : Starting a blocking GC Explicit
08-05 19:36:52.315 15507 15548 I art     : Explicit concurrent mark sweep GC freed 1469(85KB) AllocSpace objects, 1(20KB) LOS objects, 23% free, 52MB/68MB, paused 532us total 22.957ms
08-05 19:36:52.325 15507 15548 I art     : Starting a blocking GC Explicit
08-05 19:36:52.348 15507 15548 I art     : Explicit concurrent mark sweep GC freed 28(976B) AllocSpace objects, 0(0B) LOS objects, 23% free, 52MB/68MB, paused 528us total 22.669ms
08-05 19:36:52.359 15507 15548 I art     : Starting a blocking GC Explicit
08-05 19:36:52.385 15507 15548 I art     : Explicit concurrent mark sweep GC freed 93(5KB) AllocSpace objects, 0(0B) LOS objects, 23% free, 52MB/68MB, paused 589us total 26.198ms
08-05 19:36:52.397 15507 15548 I art     : Starting a blocking GC Explicit
08-05 19:36:52.421 15507 15548 I art     : Explicit concurrent mark sweep GC freed 20(784B) AllocSpace objects, 0(0B) LOS objects, 23% free, 52MB/68MB, paused 518us total 23.286ms
08-05 19:36:52.431 15507 15548 I art     : Starting a blocking GC Explicit
08-05 19:36:52.456 15507 15548 I art     : Explicit concurrent mark sweep GC freed 13(480B) AllocSpace objects, 0(0B) LOS objects, 23% free, 52MB/68MB, paused 696us total 24.473ms
08-05 19:36:52.656 15507 16967 D OkHttp  : --> GET https://api-hillfair-2k16.herokuapp.com/api/app/events/special/event?id=5806551bdcba0f490c70fd1f http/1.1
08-05 19:36:52.689 15507 16967 D OkHttp  : <-- 200 OK https://api-hillfair-2k16.herokuapp.com/api/app/events/special/event?id=5806551bdcba0f490c70fd1f (32ms, 795-byte body)
08-05 19:36:52.740 15507 15507 I NAPPA_EXPERIMENTATION: MetricNetworkRequestExecutionTime: REQUEST_DURATION_SYSTEM='814',REQUEST_DURATION_OKHTTP='32',REQUEST_SYNCHRONOUS='FALSE',RESPONSE_CODE='200',RESPONSE_METHOD='GET',RESPONSE_LENGTH_OKHTTP='795',RESPONSE_LENGTH_HEADER='795',REQUEST_PROTOCOL='http/1.1',REQUEST_URL='https://api-hillfair-2k16.herokuapp.com/api/app/events/special/event?id=5806551bdcba0f490c70fd1f',
08-05 19:36:52.761 15507 16423 I art     : Starting a blocking GC Explicit
08-05 19:36:52.790 15507 16423 I art     : Explicit concurrent mark sweep GC freed 4791(311KB) AllocSpace objects, 4(220KB) LOS objects, 23% free, 52MB/68MB, paused 626us total 28.122ms
08-05 19:36:52.801 15507 16423 I art     : Starting a blocking GC Explicit
08-05 19:36:52.826 15507 16423 I art     : Explicit concurrent mark sweep GC freed 1052(120KB) AllocSpace objects, 0(0B) LOS objects, 23% free, 52MB/68MB, paused 502us total 24.175ms
08-05 19:36:52.837 15507 16423 I art     : Starting a blocking GC Explicit
08-05 19:36:52.862 15507 16423 I art     : Explicit concurrent mark sweep GC freed 3(96B) AllocSpace objects, 0(0B) LOS objects, 23% free, 52MB/68MB, paused 529us total 25.434ms
08-05 19:36:52.873 15507 16423 I art     : Starting a blocking GC Explicit
08-05 19:36:52.898 15507 16423 I art     : Explicit concurrent mark sweep GC freed 3(96B) AllocSpace objects, 0(0B) LOS objects, 23% free, 52MB/68MB, paused 551us total 24.551ms
08-05 19:36:52.908 15507 16423 I art     : Starting a blocking GC Explicit
08-05 19:36:52.933 15507 16423 I art     : Explicit concurrent mark sweep GC freed 3(96B) AllocSpace objects, 0(0B) LOS objects, 23% free, 52MB/68MB, paused 530us total 23.825ms
08-05 19:36:53.214 15507 15520 I art     : Starting a blocking GC Explicit
08-05 19:36:53.241 15507 15520 I art     : Explicit concurrent mark sweep GC freed 1341(78KB) AllocSpace objects, 1(20KB) LOS objects, 23% free, 52MB/68MB, paused 536us total 26.985ms
08-05 19:36:53.255 15507 15520 I art     : Starting a blocking GC Explicit
08-05 19:36:53.280 15507 15520 I art     : Explicit concurrent mark sweep GC freed 36(1264B) AllocSpace objects, 0(0B) LOS objects, 23% free, 52MB/68MB, paused 512us total 24.682ms
08-05 19:36:53.291 15507 15520 I art     : Starting a blocking GC Explicit
08-05 19:36:53.316 15507 15520 I art     : Explicit concurrent mark sweep GC freed 3(96B) AllocSpace objects, 0(0B) LOS objects, 23% free, 52MB/68MB, paused 512us total 24.541ms
08-05 19:36:53.327 15507 15520 I art     : Starting a blocking GC Explicit
08-05 19:36:53.352 15507 15520 I art     : Explicit concurrent mark sweep GC freed 3(96B) AllocSpace objects, 0(0B) LOS objects, 23% free, 52MB/68MB, paused 542us total 25.107ms
08-05 19:36:53.363 15507 15520 I art     : Starting a blocking GC Explicit
08-05 19:36:53.388 15507 15520 I art     : Explicit concurrent mark sweep GC freed 3(96B) AllocSpace objects, 0(0B) LOS objects, 23% free, 52MB/68MB, paused 499us total 25.019ms
08-05 19:36:53.680 15507 16423 I art     : Starting a blocking GC Explicit
08-05 19:36:53.712 15507 16423 I art     : Explicit concurrent mark sweep GC freed 1341(78KB) AllocSpace objects, 1(20KB) LOS objects, 23% free, 52MB/68MB, paused 588us total 31.994ms
08-05 19:36:53.729 15507 16423 I art     : Starting a blocking GC Explicit
08-05 19:36:53.758 15507 16423 I art     : Explicit concurrent mark sweep GC freed 20(704B) AllocSpace objects, 0(0B) LOS objects, 23% free, 52MB/68MB, paused 597us total 27.881ms
08-05 19:36:53.769 15507 16423 I art     : Starting a blocking GC Explicit
08-05 19:36:53.798 15507 16423 I art     : Explicit concurrent mark sweep GC freed 3(96B) AllocSpace objects, 0(0B) LOS objects, 23% free, 52MB/68MB, paused 588us total 28.461ms
08-05 19:36:53.809 15507 16423 I art     : Starting a blocking GC Explicit
08-05 19:36:53.837 15507 16423 I art     : Explicit concurrent mark sweep GC freed 3(96B) AllocSpace objects, 0(0B) LOS objects, 23% free, 52MB/68MB, paused 556us total 27.522ms
08-05 19:36:53.848 15507 16423 I art     : Starting a blocking GC Explicit
08-05 19:36:53.875 15507 16423 I art     : Explicit concurrent mark sweep GC freed 3(96B) AllocSpace objects, 0(0B) LOS objects, 23% free, 52MB/68MB, paused 559us total 26.700ms
08-05 19:36:54.223 15507 15521 I art     : Starting a blocking GC Explicit
08-05 19:36:54.259 15507 15521 I art     : Explicit concurrent mark sweep GC freed 1341(78KB) AllocSpace objects, 1(20KB) LOS objects, 23% free, 52MB/68MB, paused 582us total 35.529ms
08-05 19:36:54.273 15507 15521 I art     : Starting a blocking GC Explicit
08-05 19:36:54.300 15507 15521 I art     : Explicit concurrent mark sweep GC freed 20(704B) AllocSpace objects, 0(0B) LOS objects, 23% free, 52MB/68MB, paused 532us total 26.819ms
08-05 19:36:54.311 15507 15521 I art     : Starting a blocking GC Explicit
08-05 19:36:54.339 15507 15521 I art     : Explicit concurrent mark sweep GC freed 3(96B) AllocSpace objects, 0(0B) LOS objects, 23% free, 52MB/68MB, paused 540us total 27.448ms
08-05 19:36:54.350 15507 15521 I art     : Starting a blocking GC Explicit
08-05 19:36:54.378 15507 15521 I art     : Explicit concurrent mark sweep GC freed 3(96B) AllocSpace objects, 0(0B) LOS objects, 23% free, 52MB/68MB, paused 548us total 28.147ms
08-05 19:36:54.390 15507 15521 I art     : Starting a blocking GC Explicit
08-05 19:36:54.417 15507 15521 I art     : Explicit concurrent mark sweep GC freed 3(96B) AllocSpace objects, 0(0B) LOS objects, 23% free, 52MB/68MB, paused 552us total 26.578ms
08-05 19:36:54.753 15507 16783 I art     : Starting a blocking GC Explicit
08-05 19:36:54.780 15507 16783 I art     : Explicit concurrent mark sweep GC freed 1341(78KB) AllocSpace objects, 1(20KB) LOS objects, 23% free, 52MB/68MB, paused 542us total 26.777ms
08-05 19:36:54.791 15507 16783 I art     : Starting a blocking GC Explicit
08-05 19:36:54.818 15507 16783 I art     : Explicit concurrent mark sweep GC freed 20(704B) AllocSpace objects, 0(0B) LOS objects, 23% free, 52MB/68MB, paused 564us total 27.366ms
08-05 19:36:54.830 15507 16783 I art     : Starting a blocking GC Explicit
08-05 19:36:54.857 15507 16783 I art     : Explicit concurrent mark sweep GC freed 3(96B) AllocSpace objects, 0(0B) LOS objects, 23% free, 52MB/68MB, paused 767us total 27.483ms
08-05 19:36:54.869 15507 16783 I art     : Starting a blocking GC Explicit
08-05 19:36:54.895 15507 16783 I art     : Explicit concurrent mark sweep GC freed 3(96B) AllocSpace objects, 0(0B) LOS objects, 23% free, 52MB/68MB, paused 527us total 26.547ms
08-05 19:36:54.907 15507 16783 I art     : Starting a blocking GC Explicit
08-05 19:36:54.935 15507 16783 I art     : Explicit concurrent mark sweep GC freed 3(96B) AllocSpace objects, 0(0B) LOS objects, 23% free, 52MB/68MB, paused 537us total 28.089ms
08-05 19:36:54.939  7260  7260 I Atfwd_Sendcmd: AtCmdFwd service not ready - Exhausted retry attempts - :6
08-05 19:36:54.939  7260  7260 I Atfwd_Daemon: result : -1 	 ,Init step :2 	 ,qmiErrorCode: 0
08-05 19:36:54.998 13866 13882 I PeriodicStatsRunner: PeriodicStatsRunner.call():175 call()
08-05 19:36:54.998 13866 13882 I PeriodicStatsRunner: PeriodicStatsRunner.call():179 No submit PeriodicStats since input started.
08-05 19:36:55.252 15507 15548 I art     : Starting a blocking GC Explicit
08-05 19:36:55.284 15507 15548 I art     : Explicit concurrent mark sweep GC freed 1341(78KB) AllocSpace objects, 1(20KB) LOS objects, 23% free, 52MB/68MB, paused 545us total 31.458ms
08-05 19:36:55.296 15507 15548 I art     : Starting a blocking GC Explicit
08-05 19:36:55.325 15507 15548 I art     : Explicit concurrent mark sweep GC freed 20(704B) AllocSpace objects, 0(0B) LOS objects, 23% free, 52MB/68MB, paused 545us total 28.354ms
08-05 19:36:55.336 15507 15548 I art     : Starting a blocking GC Explicit
08-05 19:36:55.364 15507 15548 I art     : Explicit concurrent mark sweep GC freed 3(96B) AllocSpace objects, 0(0B) LOS objects, 23% free, 52MB/68MB, paused 544us total 27.316ms
08-05 19:36:55.375 15507 15548 I art     : Starting a blocking GC Explicit
08-05 19:36:55.403 15507 15548 I art     : Explicit concurrent mark sweep GC freed 3(96B) AllocSpace objects, 0(0B) LOS objects, 23% free, 52MB/68MB, paused 522us total 27.241ms
08-05 19:36:55.414 15507 15548 I art     : Starting a blocking GC Explicit
08-05 19:36:55.442 15507 15548 I art     : Explicit concurrent mark sweep GC freed 3(96B) AllocSpace objects, 0(0B) LOS objects, 23% free, 52MB/68MB, paused 546us total 28.127ms
08-05 19:36:55.775 15507 15520 I art     : Starting a blocking GC Explicit
08-05 19:36:55.807 15507 15520 I art     : Explicit concurrent mark sweep GC freed 1341(78KB) AllocSpace objects, 1(20KB) LOS objects, 23% free, 52MB/68MB, paused 562us total 31.605ms
08-05 19:36:55.821 15507 15520 I art     : Starting a blocking GC Explicit
08-05 19:36:55.849 15507 15520 I art     : Explicit concurrent mark sweep GC freed 20(704B) AllocSpace objects, 0(0B) LOS objects, 23% free, 52MB/68MB, paused 542us total 27.893ms
08-05 19:36:55.860 15507 15520 I art     : Starting a blocking GC Explicit
08-05 19:36:55.888 15507 15520 I art     : Explicit concurrent mark sweep GC freed 3(96B) AllocSpace objects, 0(0B) LOS objects, 23% free, 52MB/68MB, paused 541us total 27.367ms
08-05 19:36:55.899 15507 15520 I art     : Starting a blocking GC Explicit
08-05 19:36:55.928 15507 15520 I art     : Explicit concurrent mark sweep GC freed 3(96B) AllocSpace objects, 0(0B) LOS objects, 23% free, 52MB/68MB, paused 579us total 28.314ms
08-05 19:36:55.939 15507 15520 I art     : Starting a blocking GC Explicit
08-05 19:36:55.966 15507 15520 I art     : Explicit concurrent mark sweep GC freed 3(96B) AllocSpace objects, 0(0B) LOS objects, 23% free, 52MB/68MB, paused 560us total 27.208ms
08-05 19:36:56.274 15507 16423 I art     : Starting a blocking GC Explicit
08-05 19:36:56.305 15507 16423 I art     : Explicit concurrent mark sweep GC freed 1341(78KB) AllocSpace objects, 1(20KB) LOS objects, 23% free, 52MB/68MB, paused 581us total 30.075ms
08-05 19:36:56.318 15507 16423 I art     : Starting a blocking GC Explicit
08-05 19:36:56.345 15507 16423 I art     : Explicit concurrent mark sweep GC freed 20(704B) AllocSpace objects, 0(0B) LOS objects, 23% free, 52MB/68MB, paused 531us total 26.597ms
08-05 19:36:56.356 15507 16423 I art     : Starting a blocking GC Explicit
08-05 19:36:56.382 15507 16423 I art     : Explicit concurrent mark sweep GC freed 236(13KB) AllocSpace objects, 0(0B) LOS objects, 23% free, 52MB/68MB, paused 685us total 26.132ms
08-05 19:36:56.393 15507 16423 I art     : Starting a blocking GC Explicit
08-05 19:36:56.420 15507 16423 I art     : Explicit concurrent mark sweep GC freed 135(6KB) AllocSpace objects, 0(0B) LOS objects, 23% free, 52MB/68MB, paused 641us total 26.487ms
08-05 19:36:56.431 15507 16423 I art     : Starting a blocking GC Explicit
08-05 19:36:56.458 15507 16423 I art     : Explicit concurrent mark sweep GC freed 9(688B) AllocSpace objects, 0(0B) LOS objects, 23% free, 52MB/68MB, paused 658us total 26.796ms
08-05 19:36:56.553 15507 17063 W OneSignal: OneSignalRestClient: POST Error thrown from network stack. 
08-05 19:36:56.553 15507 17063 W OneSignal: java.io.IOException: unexpected end of stream on Connection{api.onesignal.com:443, proxy=HTTP@192.168.2.12:8080 hostAddress=192.168.2.12 cipherSuite=TLS_ECDHE_RSA_WITH_AES_128_GCM_SHA256 protocol=http/1.1} (recycle count=0)
08-05 19:36:56.553 15507 17063 W OneSignal: 	at com.android.okhttp.internal.http.HttpConnection.readResponse(HttpConnection.java:210)
08-05 19:36:56.553 15507 17063 W OneSignal: 	at com.android.okhttp.internal.http.HttpTransport.readResponseHeaders(HttpTransport.java:80)
08-05 19:36:56.553 15507 17063 W OneSignal: 	at com.android.okhttp.internal.http.HttpEngine.readNetworkResponse(HttpEngine.java:904)
08-05 19:36:56.553 15507 17063 W OneSignal: 	at com.android.okhttp.internal.http.HttpEngine.readResponse(HttpEngine.java:788)
08-05 19:36:56.553 15507 17063 W OneSignal: 	at com.android.okhttp.internal.huc.HttpURLConnectionImpl.execute(HttpURLConnectionImpl.java:439)
08-05 19:36:56.553 15507 17063 W OneSignal: 	at com.android.okhttp.internal.huc.HttpURLConnectionImpl.getResponse(HttpURLConnectionImpl.java:384)
08-05 19:36:56.553 15507 17063 W OneSignal: 	at com.android.okhttp.internal.huc.HttpURLConnectionImpl.getResponseCode(HttpURLConnectionImpl.java:497)
08-05 19:36:56.553 15507 17063 W OneSignal: 	at com.android.okhttp.internal.huc.DelegatingHttpsURLConnection.getResponseCode(DelegatingHttpsURLConnection.java:105)
08-05 19:36:56.553 15507 17063 W OneSignal: 	at com.android.okhttp.internal.huc.HttpsURLConnectionImpl.getResponseCode(HttpsURLConnectionImpl.java)
08-05 19:36:56.553 15507 17063 W OneSignal: 	at com.onesignal.OneSignalRestClient.startHTTPConnection(OneSignalRestClient.java:180)
08-05 19:36:56.553 15507 17063 W OneSignal: 	at com.onesignal.OneSignalRestClient.access$100(OneSignalRestClient.java:44)
08-05 19:36:56.553 15507 17063 W OneSignal: 	at com.onesignal.OneSignalRestClient$4.run(OneSignalRestClient.java:110)
08-05 19:36:56.553 15507 17063 W OneSignal: 	at java.lang.Thread.run(Thread.java:818)
08-05 19:36:56.553 15507 17063 W OneSignal: Caused by: java.io.EOFException: \n not found: size=0 content=...
08-05 19:36:56.553 15507 17063 W OneSignal: 	at com.android.okhttp.okio.RealBufferedSource.readUtf8LineStrict(RealBufferedSource.java:200)
08-05 19:36:56.553 15507 17063 W OneSignal: 	at com.android.okhttp.internal.http.HttpConnection.readResponse(HttpConnection.java:191)
08-05 19:36:56.553 15507 17063 W OneSignal: 	... 12 more
08-05 19:36:56.555 15507 17064 W OneSignal: Failed last request. statusCode: -1
08-05 19:36:56.555 15507 17064 W OneSignal: response: null
08-05 19:36:56.695 17052 17052 D AndroidRuntime: >>>>>> START com.android.internal.os.RuntimeInit uid 2000 <<<<<<
08-05 19:36:56.701 17052 17052 D AndroidRuntime: CheckJNI is OFF
08-05 19:36:56.744 17052 17052 D ICU     : No timezone override file found: /data/misc/zoneinfo/current/icu/icu_tzdata.dat
08-05 19:36:56.779 15507 15521 I art     : Starting a blocking GC Explicit
08-05 19:36:56.786 17052 17052 I Radio-JNI: register_android_hardware_Radio DONE
08-05 19:36:56.805 15507 15521 I art     : Explicit concurrent mark sweep GC freed 3609(224KB) AllocSpace objects, 1(20KB) LOS objects, 23% free, 52MB/68MB, paused 562us total 26.103ms
08-05 19:36:56.816 15507 15521 I art     : Starting a blocking GC Explicit
08-05 19:36:56.816 17052 17052 D AndroidRuntime: Calling main entry com.android.commands.input.Input
08-05 19:36:56.818 17052 17052 I Input   : injectKeyEvent: KeyEvent { action=ACTION_DOWN, keyCode=KEYCODE_BACK, scanCode=0, metaState=0, flags=0x0, repeatCount=0, eventTime=819433231, downTime=819433231, deviceId=-1, source=0x101 }
08-05 19:36:56.825 17052 17052 I Input   : injectKeyEvent: KeyEvent { action=ACTION_UP, keyCode=KEYCODE_BACK, scanCode=0, metaState=0, flags=0x0, repeatCount=0, eventTime=819433231, downTime=819433231, deviceId=-1, source=0x101 }
08-05 19:36:56.832 17052 17052 D AndroidRuntime: Shutting down VM
08-05 19:36:56.841 15507 15521 I art     : Explicit concurrent mark sweep GC freed 152(6KB) AllocSpace objects, 0(0B) LOS objects, 23% free, 52MB/68MB, paused 1.044ms total 24.790ms
08-05 19:36:56.851 15507 15521 I art     : Starting a blocking GC Explicit
08-05 19:36:56.872 13866 13866 I GoogleInputMethodServic: GoogleInputMethodService.onFinishInput():3138 
08-05 19:36:56.873 13866 13866 I GoogleInputMethodServic: GoogleInputMethodService.onStartInput():1808 
08-05 19:36:56.877 15507 15521 I art     : Explicit concurrent mark sweep GC freed 59(2000B) AllocSpace objects, 0(0B) LOS objects, 23% free, 52MB/68MB, paused 927us total 25.378ms
08-05 19:36:56.877 15507 15518 I art     : WaitForGcToComplete blocked for 25.726ms for cause HeapTrim
08-05 19:36:56.887 15507 15521 I art     : Starting a blocking GC Explicit
08-05 19:36:56.910 15507 15521 I art     : Explicit concurrent mark sweep GC freed 30(1120B) AllocSpace objects, 0(0B) LOS objects, 23% free, 52MB/68MB, paused 547us total 22.190ms
08-05 19:36:56.920 15507 15521 I art     : Starting a blocking GC Explicit
08-05 19:36:56.942 15507 15521 I art     : Explicit concurrent mark sweep GC freed 10(384B) AllocSpace objects, 0(0B) LOS objects, 23% free, 52MB/68MB, paused 477us total 21.899ms
08-05 19:36:56.996 13866 13882 I PeriodicStatsRunner: PeriodicStatsRunner.call():175 call()
08-05 19:36:56.996 13866 13882 I PeriodicStatsRunner: PeriodicStatsRunner.call():179 No submit PeriodicStats since input started.
08-05 19:36:57.159   380   380 W SurfaceFlinger: couldn't log to binary event log: overflow.
08-05 19:36:57.230 15507 15521 I art     : Starting a blocking GC Explicit
08-05 19:36:57.257 15507 15521 I art     : Explicit concurrent mark sweep GC freed 1450(87KB) AllocSpace objects, 1(20KB) LOS objects, 23% free, 52MB/68MB, paused 540us total 26.493ms
08-05 19:36:57.268 15507 15521 I art     : Starting a blocking GC Explicit
08-05 19:36:57.293 15507 15521 I art     : Explicit concurrent mark sweep GC freed 1672(107KB) AllocSpace objects, 3(400KB) LOS objects, 23% free, 52MB/68MB, paused 518us total 24.870ms
08-05 19:36:57.304 15507 15521 I art     : Starting a blocking GC Explicit
08-05 19:36:57.329 15507 15521 I art     : Explicit concurrent mark sweep GC freed 3(96B) AllocSpace objects, 0(0B) LOS objects, 23% free, 52MB/68MB, paused 533us total 24.736ms
08-05 19:36:57.340 15507 15521 I art     : Starting a blocking GC Explicit
08-05 19:36:57.365 15507 15521 I art     : Explicit concurrent mark sweep GC freed 3(96B) AllocSpace objects, 0(0B) LOS objects, 23% free, 52MB/68MB, paused 530us total 24.982ms
08-05 19:36:57.376 15507 15521 I art     : Starting a blocking GC Explicit
08-05 19:36:57.401 15507 15521 I art     : Explicit concurrent mark sweep GC freed 3(96B) AllocSpace objects, 0(0B) LOS objects, 23% free, 52MB/68MB, paused 538us total 25.088ms
08-05 19:36:57.691 15507 15548 I art     : Starting a blocking GC Explicit
08-05 19:36:57.727 15507 15548 I art     : Explicit concurrent mark sweep GC freed 1341(78KB) AllocSpace objects, 1(20KB) LOS objects, 23% free, 52MB/68MB, paused 597us total 35.187ms
08-05 19:36:57.744 15507 15548 I art     : Starting a blocking GC Explicit
08-05 19:36:57.769 15507 15548 I art     : Explicit concurrent mark sweep GC freed 20(704B) AllocSpace objects, 0(0B) LOS objects, 23% free, 52MB/68MB, paused 603us total 24.798ms
08-05 19:36:57.780 15507 15548 I art     : Starting a blocking GC Explicit
08-05 19:36:57.805 15507 15548 I art     : Explicit concurrent mark sweep GC freed 3(96B) AllocSpace objects, 0(0B) LOS objects, 23% free, 52MB/68MB, paused 524us total 25.239ms
08-05 19:36:57.816 15507 15548 I art     : Starting a blocking GC Explicit
08-05 19:36:57.841 15507 15548 I art     : Explicit concurrent mark sweep GC freed 3(96B) AllocSpace objects, 0(0B) LOS objects, 23% free, 52MB/68MB, paused 510us total 24.367ms
08-05 19:36:57.852 15507 15548 I art     : Starting a blocking GC Explicit
08-05 19:36:57.876 15507 15548 I art     : Explicit concurrent mark sweep GC freed 3(96B) AllocSpace objects, 0(0B) LOS objects, 23% free, 52MB/68MB, paused 499us total 24.115ms
08-05 19:36:58.179 15507 16783 I art     : Starting a blocking GC Explicit
08-05 19:36:58.207 15507 16783 I art     : Explicit concurrent mark sweep GC freed 1340(78KB) AllocSpace objects, 1(20KB) LOS objects, 23% free, 52MB/68MB, paused 519us total 27.209ms
08-05 19:36:58.217 15507 16783 I art     : Starting a blocking GC Explicit
08-05 19:36:58.241 15507 16783 I art     : Explicit concurrent mark sweep GC freed 20(704B) AllocSpace objects, 0(0B) LOS objects, 23% free, 52MB/68MB, paused 534us total 23.957ms
08-05 19:36:58.252 15507 16783 I art     : Starting a blocking GC Explicit
08-05 19:36:58.276 15507 16783 I art     : Explicit concurrent mark sweep GC freed 3(96B) AllocSpace objects, 0(0B) LOS objects, 23% free, 52MB/68MB, paused 526us total 24.154ms
08-05 19:36:58.287 15507 16783 I art     : Starting a blocking GC Explicit
08-05 19:36:58.312 15507 16783 I art     : Explicit concurrent mark sweep GC freed 3(96B) AllocSpace objects, 0(0B) LOS objects, 23% free, 52MB/68MB, paused 523us total 24.251ms
08-05 19:36:58.322 15507 16783 I art     : Starting a blocking GC Explicit
08-05 19:36:58.347 15507 16783 I art     : Explicit concurrent mark sweep GC freed 3(96B) AllocSpace objects, 0(0B) LOS objects, 23% free, 52MB/68MB, paused 602us total 24.452ms
08-05 19:36:58.611 17112 17112 D AndroidRuntime: >>>>>> START com.android.internal.os.RuntimeInit uid 2000 <<<<<<
08-05 19:36:58.617 17112 17112 D AndroidRuntime: CheckJNI is OFF
08-05 19:36:58.660 17112 17112 D ICU     : No timezone override file found: /data/misc/zoneinfo/current/icu/icu_tzdata.dat
08-05 19:36:58.678 15507 15520 I art     : Starting a blocking GC Explicit
08-05 19:36:58.703 17112 17112 I Radio-JNI: register_android_hardware_Radio DONE
08-05 19:36:58.703 15507 15520 I art     : Explicit concurrent mark sweep GC freed 1340(78KB) AllocSpace objects, 1(20KB) LOS objects, 23% free, 52MB/68MB, paused 572us total 24.980ms
08-05 19:36:58.714 15507 15520 I art     : Starting a blocking GC Explicit
08-05 19:36:58.735 17112 17112 D AndroidRuntime: Calling main entry com.android.commands.input.Input
08-05 19:36:58.736 17112 17112 I Input   : injectKeyEvent: KeyEvent { action=ACTION_DOWN, keyCode=KEYCODE_BACK, scanCode=0, metaState=0, flags=0x0, repeatCount=0, eventTime=819435149, downTime=819435149, deviceId=-1, source=0x101 }
08-05 19:36:58.739 15507 15520 I art     : Explicit concurrent mark sweep GC freed 20(704B) AllocSpace objects, 0(0B) LOS objects, 23% free, 52MB/68MB, paused 550us total 25.342ms
08-05 19:36:58.742 17112 17112 I Input   : injectKeyEvent: KeyEvent { action=ACTION_UP, keyCode=KEYCODE_BACK, scanCode=0, metaState=0, flags=0x0, repeatCount=0, eventTime=819435149, downTime=819435149, deviceId=-1, source=0x101 }
08-05 19:36:58.748 17112 17112 D AndroidRuntime: Shutting down VM
08-05 19:36:58.750 15507 15520 I art     : Starting a blocking GC Explicit
08-05 19:36:58.773 15507 15520 I art     : Explicit concurrent mark sweep GC freed 150(6KB) AllocSpace objects, 0(0B) LOS objects, 23% free, 52MB/68MB, paused 576us total 23.305ms
08-05 19:36:58.784 15507 15520 I art     : Starting a blocking GC Explicit
08-05 19:36:58.789 13866 13866 I GoogleInputMethodServic: GoogleInputMethodService.onFinishInput():3138 
08-05 19:36:58.789 13866 13866 I GoogleInputMethodServic: GoogleInputMethodService.onStartInput():1808 
08-05 19:36:58.807 15507 15520 I art     : Explicit concurrent mark sweep GC freed 61(2144B) AllocSpace objects, 0(0B) LOS objects, 23% free, 52MB/68MB, paused 730us total 23.489ms
08-05 19:36:58.818 15507 15520 I art     : Starting a blocking GC Explicit
08-05 19:36:58.839 15507 15520 I art     : Explicit concurrent mark sweep GC freed 12(432B) AllocSpace objects, 0(0B) LOS objects, 23% free, 52MB/68MB, paused 511us total 21.059ms
08-05 19:36:59.133 15507 15520 I art     : Starting a blocking GC Explicit
08-05 19:36:59.158 15507 15520 I art     : Explicit concurrent mark sweep GC freed 2404(129KB) AllocSpace objects, 1(20KB) LOS objects, 23% free, 52MB/68MB, paused 634us total 25.510ms
08-05 19:36:59.169 15507 15520 I art     : Starting a blocking GC Explicit
08-05 19:36:59.194 15507 15520 I art     : Explicit concurrent mark sweep GC freed 2100(127KB) AllocSpace objects, 2(140KB) LOS objects, 23% free, 51MB/67MB, paused 533us total 23.959ms
08-05 19:36:59.204 15507 15520 I art     : Starting a blocking GC Explicit
08-05 19:36:59.228 15507 15520 I art     : Explicit concurrent mark sweep GC freed 3(96B) AllocSpace objects, 0(0B) LOS objects, 23% free, 51MB/67MB, paused 590us total 23.470ms
08-05 19:36:59.238 15507 15520 I art     : Starting a blocking GC Explicit
08-05 19:36:59.262 15507 15520 I art     : Explicit concurrent mark sweep GC freed 3(96B) AllocSpace objects, 0(0B) LOS objects, 23% free, 51MB/67MB, paused 527us total 23.726ms
08-05 19:36:59.273 15507 15520 I art     : Starting a blocking GC Explicit
08-05 19:36:59.297 15507 15520 I art     : Explicit concurrent mark sweep GC freed 3(96B) AllocSpace objects, 0(0B) LOS objects, 23% free, 51MB/67MB, paused 622us total 24.078ms
08-05 19:36:59.604 15507 15548 I art     : Starting a blocking GC Explicit
08-05 19:36:59.638 15507 15548 I art     : Explicit concurrent mark sweep GC freed 1340(78KB) AllocSpace objects, 1(20KB) LOS objects, 23% free, 51MB/67MB, paused 585us total 33.391ms
08-05 19:36:59.659 15507 15548 I art     : Starting a blocking GC Explicit
08-05 19:36:59.670 24365 12324 I NetworkScheduler.Stats: Task com.google.android.apps.gcs/ started execution. cause:4 exec_start_elapsed_seconds: 1802823 [CONTEXT service_id=218 ]
08-05 19:36:59.671 15109 17164 W Gcs.WfaEliRefreshTask: [27123] afk.b: NULL eligibility response.
08-05 19:36:59.675 24365 12324 I NetworkScheduler.Stats: Task com.google.android.apps.gcs/ finished executing. cause:4 result: 3 elapsed_millis: 9 uptime_millis: 8 exec_start_elapsed_seconds: 1802823 [CONTEXT service_id=218 ]
08-05 19:36:59.680 15507 15548 I art     : Explicit concurrent mark sweep GC freed 20(704B) AllocSpace objects, 0(0B) LOS objects, 23% free, 51MB/67MB, paused 505us total 21.147ms
08-05 19:36:59.691 15507 15548 I art     : Starting a blocking GC Explicit
08-05 19:36:59.713 15507 15548 I art     : Explicit concurrent mark sweep GC freed 3(96B) AllocSpace objects, 0(0B) LOS objects, 23% free, 51MB/67MB, paused 518us total 21.458ms
08-05 19:36:59.723 15507 15548 I art     : Starting a blocking GC Explicit
08-05 19:36:59.746 15507 15548 I art     : Explicit concurrent mark sweep GC freed 3(96B) AllocSpace objects, 0(0B) LOS objects, 23% free, 51MB/67MB, paused 521us total 23.293ms
08-05 19:36:59.757 15507 15548 I art     : Starting a blocking GC Explicit
08-05 19:36:59.780 15507 15548 I art     : Explicit concurrent mark sweep GC freed 3(96B) AllocSpace objects, 0(0B) LOS objects, 23% free, 51MB/67MB, paused 531us total 23.323ms
08-05 19:37:00.070 15507 15521 I art     : Starting a blocking GC Explicit
08-05 19:37:00.093 15507 15521 I art     : Explicit concurrent mark sweep GC freed 1338(78KB) AllocSpace objects, 1(20KB) LOS objects, 23% free, 51MB/67MB, paused 539us total 22.911ms
08-05 19:37:00.103 15507 15521 I art     : Starting a blocking GC Explicit
08-05 19:37:00.126 15507 15521 I art     : Explicit concurrent mark sweep GC freed 20(704B) AllocSpace objects, 0(0B) LOS objects, 23% free, 51MB/67MB, paused 564us total 22.472ms
08-05 19:37:00.136 15507 15521 I art     : Starting a blocking GC Explicit
08-05 19:37:00.159 15507 15521 I art     : Explicit concurrent mark sweep GC freed 3(96B) AllocSpace objects, 0(0B) LOS objects, 23% free, 51MB/67MB, paused 538us total 22.216ms
08-05 19:37:00.169 15507 15521 I art     : Starting a blocking GC Explicit
08-05 19:37:00.192 15507 15521 I art     : Explicit concurrent mark sweep GC freed 3(96B) AllocSpace objects, 0(0B) LOS objects, 23% free, 51MB/67MB, paused 536us total 22.714ms
08-05 19:37:00.202 15507 15521 I art     : Starting a blocking GC Explicit
08-05 19:37:00.226 15507 15521 I art     : Explicit concurrent mark sweep GC freed 3(96B) AllocSpace objects, 0(0B) LOS objects, 23% free, 51MB/67MB, paused 550us total 22.886ms
08-05 19:37:00.512 15507 16783 I art     : Starting a blocking GC Explicit
08-05 19:37:00.533 17171 17171 D AndroidRuntime: >>>>>> START com.android.internal.os.RuntimeInit uid 2000 <<<<<<
08-05 19:37:00.540 15507 16783 I art     : Explicit concurrent mark sweep GC freed 1338(78KB) AllocSpace objects, 1(20KB) LOS objects, 23% free, 51MB/67MB, paused 584us total 27.586ms
08-05 19:37:00.540 17171 17171 D AndroidRuntime: CheckJNI is OFF
08-05 19:37:00.552 15507 16783 I art     : Starting a blocking GC Explicit
08-05 19:37:00.577 15507 16783 I art     : Explicit concurrent mark sweep GC freed 20(704B) AllocSpace objects, 0(0B) LOS objects, 23% free, 51MB/67MB, paused 575us total 24.320ms
08-05 19:37:00.587 15507 16783 I art     : Starting a blocking GC Explicit
08-05 19:37:00.589 17171 17171 D ICU     : No timezone override file found: /data/misc/zoneinfo/current/icu/icu_tzdata.dat
08-05 19:37:00.610 15507 16783 I art     : Explicit concurrent mark sweep GC freed 3(96B) AllocSpace objects, 0(0B) LOS objects, 23% free, 51MB/67MB, paused 596us total 23.090ms
08-05 19:37:00.621 15507 16783 I art     : Starting a blocking GC Explicit
08-05 19:37:00.637 17171 17171 I Radio-JNI: register_android_hardware_Radio DONE
08-05 19:37:00.645 15507 16783 I art     : Explicit concurrent mark sweep GC freed 3(96B) AllocSpace objects, 0(0B) LOS objects, 23% free, 51MB/67MB, paused 612us total 23.760ms
08-05 19:37:00.655 15507 16783 I art     : Starting a blocking GC Explicit
08-05 19:37:00.667 17171 17171 D AndroidRuntime: Calling main entry com.android.commands.input.Input
08-05 19:37:00.669 17171 17171 I Input   : injectMotionEvent: MotionEvent { action=ACTION_DOWN, actionButton=0, id[0]=0, x[0]=337.0, y[0]=1104.0, toolType[0]=TOOL_TYPE_UNKNOWN, buttonState=0, metaState=0, flags=0x0, edgeFlags=0x0, pointerCount=1, historySize=0, eventTime=819437081, downTime=819437081, deviceId=0, source=0x1002 }
08-05 19:37:00.676 17171 17171 I Input   : injectMotionEvent: MotionEvent { action=ACTION_UP, actionButton=0, id[0]=0, x[0]=337.0, y[0]=1104.0, toolType[0]=TOOL_TYPE_UNKNOWN, buttonState=0, metaState=0, flags=0x0, edgeFlags=0x0, pointerCount=1, historySize=0, eventTime=819437081, downTime=819437081, deviceId=0, source=0x1002 }
08-05 19:37:00.679 15507 16783 I art     : Explicit concurrent mark sweep GC freed 4(128B) AllocSpace objects, 0(0B) LOS objects, 23% free, 51MB/67MB, paused 554us total 23.111ms
08-05 19:37:00.680   918   928 I ActivityManager: START u0 {cmp=baseline.appteam.nith.hillffair/.activities.BattleDayActivity} from uid 10675 on display 0
08-05 19:37:00.689 17171 17171 D AndroidRuntime: Shutting down VM
08-05 19:37:00.773 13866 13866 I GoogleInputMethodServic: GoogleInputMethodService.onFinishInput():3138 
08-05 19:37:00.774 13866 13866 I GoogleInputMethodServic: GoogleInputMethodService.onStartInput():1808 
08-05 19:37:00.797   918   936 I ActivityManager: Displayed baseline.appteam.nith.hillffair/.activities.BattleDayActivity: +107ms
08-05 19:37:00.961 15507 15548 I art     : Starting a blocking GC Explicit
08-05 19:37:00.996 15507 15548 I art     : Explicit concurrent mark sweep GC freed 6363(383KB) AllocSpace objects, 1(20KB) LOS objects, 23% free, 52MB/68MB, paused 712us total 34.725ms
08-05 19:37:01.012 15507 15548 I art     : Starting a blocking GC Explicit
08-05 19:37:01.044 15507 15548 I art     : Explicit concurrent mark sweep GC freed 260(11KB) AllocSpace objects, 0(0B) LOS objects, 23% free, 52MB/68MB, paused 681us total 32.080ms
08-05 19:37:01.046   380   380 W SurfaceFlinger: couldn't log to binary event log: overflow.
08-05 19:37:01.055 15507 15548 I art     : Starting a blocking GC Explicit
08-05 19:37:01.082 15507 15548 I art     : Explicit concurrent mark sweep GC freed 3(96B) AllocSpace objects, 0(0B) LOS objects, 23% free, 52MB/68MB, paused 599us total 27.375ms
08-05 19:37:01.093 15507 15548 I art     : Starting a blocking GC Explicit
08-05 19:37:01.116 15507 15548 I art     : Explicit concurrent mark sweep GC freed 3(96B) AllocSpace objects, 0(0B) LOS objects, 23% free, 52MB/68MB, paused 545us total 22.819ms
08-05 19:37:01.126 15507 15548 I art     : Starting a blocking GC Explicit
08-05 19:37:01.148 15507 15548 I art     : Explicit concurrent mark sweep GC freed 3(96B) AllocSpace objects, 0(0B) LOS objects, 23% free, 52MB/68MB, paused 589us total 21.473ms
08-05 19:37:01.449 15507 15520 I art     : Starting a blocking GC Explicit
08-05 19:37:01.475 15507 15520 I art     : Explicit concurrent mark sweep GC freed 1468(85KB) AllocSpace objects, 1(20KB) LOS objects, 23% free, 52MB/68MB, paused 608us total 25.379ms
08-05 19:37:01.486 15507 15520 I art     : Starting a blocking GC Explicit
08-05 19:37:01.510 15507 15520 I art     : Explicit concurrent mark sweep GC freed 64(2176B) AllocSpace objects, 0(0B) LOS objects, 23% free, 52MB/68MB, paused 590us total 23.866ms
08-05 19:37:01.521 15507 15520 I art     : Starting a blocking GC Explicit
08-05 19:37:01.544 15507 15520 I art     : Explicit concurrent mark sweep GC freed 13(480B) AllocSpace objects, 0(0B) LOS objects, 23% free, 52MB/68MB, paused 590us total 23.399ms
08-05 19:37:01.555 15507 15520 I art     : Starting a blocking GC Explicit
08-05 19:37:01.579 15507 15520 I art     : Explicit concurrent mark sweep GC freed 13(480B) AllocSpace objects, 0(0B) LOS objects, 23% free, 52MB/68MB, paused 578us total 23.818ms
08-05 19:37:01.589 15507 15520 I art     : Starting a blocking GC Explicit
08-05 19:37:01.614 15507 15520 I art     : Explicit concurrent mark sweep GC freed 13(480B) AllocSpace objects, 0(0B) LOS objects, 23% free, 52MB/68MB, paused 606us total 23.921ms
08-05 19:37:01.864 15507 17198 D OkHttp  : --> GET https://api-hillfair-2k16.herokuapp.com/api/app/events/special http/1.1
08-05 19:37:01.873 13866 13882 I PeriodicStatsRunner: PeriodicStatsRunner.call():175 call()
08-05 19:37:01.873 13866 13882 I PeriodicStatsRunner: PeriodicStatsRunner.call():179 No submit PeriodicStats since input started.
08-05 19:37:01.900 15507 17198 D OkHttp  : <-- 200 OK https://api-hillfair-2k16.herokuapp.com/api/app/events/special (35ms, 554-byte body)
08-05 19:37:01.913 15507 15520 I art     : Starting a blocking GC Explicit
08-05 19:37:01.940 15507 15520 I art     : Explicit concurrent mark sweep GC freed 4200(247KB) AllocSpace objects, 4(220KB) LOS objects, 23% free, 52MB/68MB, paused 641us total 26.637ms
08-05 19:37:01.951 15507 15520 I art     : Starting a blocking GC Explicit
08-05 19:37:01.965 15507 15507 I NAPPA_EXPERIMENTATION: MetricNetworkRequestExecutionTime: REQUEST_DURATION_SYSTEM='1247',REQUEST_DURATION_OKHTTP='35',REQUEST_SYNCHRONOUS='FALSE',RESPONSE_CODE='200',RESPONSE_METHOD='GET',RESPONSE_LENGTH_OKHTTP='554',RESPONSE_LENGTH_HEADER='554',REQUEST_PROTOCOL='http/1.1',REQUEST_URL='https://api-hillfair-2k16.herokuapp.com/api/app/events/special',
08-05 19:37:01.975 15507 15520 I art     : Explicit concurrent mark sweep GC freed 1089(127KB) AllocSpace objects, 0(0B) LOS objects, 23% free, 52MB/68MB, paused 568us total 24.196ms
08-05 19:37:01.986 15507 15520 I art     : Starting a blocking GC Explicit
08-05 19:37:02.010 15507 15520 I art     : Explicit concurrent mark sweep GC freed 669(56KB) AllocSpace objects, 0(0B) LOS objects, 23% free, 52MB/68MB, paused 658us total 23.505ms
08-05 19:37:02.021 15507 15520 I art     : Starting a blocking GC Explicit
08-05 19:37:02.045 15507 15520 I art     : Explicit concurrent mark sweep GC freed 147(6KB) AllocSpace objects, 0(0B) LOS objects, 23% free, 52MB/68MB, paused 546us total 23.767ms
08-05 19:37:02.055 15507 15520 I art     : Starting a blocking GC Explicit
08-05 19:37:02.077 15507 15520 I art     : Explicit concurrent mark sweep GC freed 9(352B) AllocSpace objects, 0(0B) LOS objects, 23% free, 52MB/68MB, paused 594us total 21.665ms
08-05 19:37:02.385 15507 15548 I art     : Starting a blocking GC Explicit
08-05 19:37:02.417 15507 15548 I art     : Explicit concurrent mark sweep GC freed 1340(78KB) AllocSpace objects, 1(20KB) LOS objects, 23% free, 52MB/68MB, paused 604us total 32.220ms
08-05 19:37:02.431 15507 15548 I art     : Starting a blocking GC Explicit
08-05 19:37:02.457 15507 15548 I art     : Explicit concurrent mark sweep GC freed 20(704B) AllocSpace objects, 0(0B) LOS objects, 23% free, 52MB/68MB, paused 745us total 26.511ms
08-05 19:37:02.469 15507 15548 I art     : Starting a blocking GC Explicit
08-05 19:37:02.496 15507 15548 I art     : Explicit concurrent mark sweep GC freed 3(96B) AllocSpace objects, 0(0B) LOS objects, 23% free, 52MB/68MB, paused 576us total 26.960ms
08-05 19:37:02.507 15507 15548 I art     : Starting a blocking GC Explicit
08-05 19:37:02.535 15507 15548 I art     : Explicit concurrent mark sweep GC freed 3(96B) AllocSpace objects, 0(0B) LOS objects, 23% free, 52MB/68MB, paused 571us total 27.238ms
08-05 19:37:02.546 15507 15548 I art     : Starting a blocking GC Explicit
08-05 19:37:02.572 15507 15548 I art     : Explicit concurrent mark sweep GC freed 3(96B) AllocSpace objects, 0(0B) LOS objects, 23% free, 52MB/68MB, paused 566us total 25.904ms
08-05 19:37:02.890 15507 16423 I art     : Starting a blocking GC Explicit
08-05 19:37:02.923 15507 16423 I art     : Explicit concurrent mark sweep GC freed 1340(78KB) AllocSpace objects, 1(20KB) LOS objects, 23% free, 52MB/68MB, paused 604us total 32.903ms
08-05 19:37:02.937 15507 16423 I art     : Starting a blocking GC Explicit
08-05 19:37:02.963 15507 16423 I art     : Explicit concurrent mark sweep GC freed 20(704B) AllocSpace objects, 0(0B) LOS objects, 23% free, 52MB/68MB, paused 568us total 25.884ms
08-05 19:37:02.975 15507 16423 I art     : Starting a blocking GC Explicit
08-05 19:37:03.002 15507 16423 I art     : Explicit concurrent mark sweep GC freed 3(96B) AllocSpace objects, 0(0B) LOS objects, 23% free, 52MB/68MB, paused 578us total 27.523ms
08-05 19:37:03.014 15507 16423 I art     : Starting a blocking GC Explicit
08-05 19:37:03.041 15507 16423 I art     : Explicit concurrent mark sweep GC freed 3(96B) AllocSpace objects, 0(0B) LOS objects, 23% free, 52MB/68MB, paused 547us total 27.177ms
08-05 19:37:03.052 15507 16423 I art     : Starting a blocking GC Explicit
08-05 19:37:03.078 15507 16423 I art     : Explicit concurrent mark sweep GC freed 3(96B) AllocSpace objects, 0(0B) LOS objects, 23% free, 52MB/68MB, paused 531us total 25.909ms
08-05 19:37:03.411 15507 16783 I art     : Starting a blocking GC Explicit
08-05 19:37:03.445 15507 16783 I art     : Explicit concurrent mark sweep GC freed 1340(78KB) AllocSpace objects, 1(20KB) LOS objects, 23% free, 52MB/68MB, paused 607us total 34.097ms
08-05 19:37:03.459 15507 16783 I art     : Starting a blocking GC Explicit
08-05 19:37:03.486 15507 16783 I art     : Explicit concurrent mark sweep GC freed 20(704B) AllocSpace objects, 0(0B) LOS objects, 23% free, 52MB/68MB, paused 571us total 26.715ms
08-05 19:37:03.497 15507 16783 I art     : Starting a blocking GC Explicit
08-05 19:37:03.525 15507 16783 I art     : Explicit concurrent mark sweep GC freed 3(96B) AllocSpace objects, 0(0B) LOS objects, 23% free, 52MB/68MB, paused 573us total 27.289ms
08-05 19:37:03.536 15507 16783 I art     : Starting a blocking GC Explicit
08-05 19:37:03.564 15507 16783 I art     : Explicit concurrent mark sweep GC freed 3(96B) AllocSpace objects, 0(0B) LOS objects, 23% free, 52MB/68MB, paused 577us total 27.576ms
08-05 19:37:03.575 15507 16783 I art     : Starting a blocking GC Explicit
08-05 19:37:03.602 15507 16783 I art     : Explicit concurrent mark sweep GC freed 3(96B) AllocSpace objects, 0(0B) LOS objects, 23% free, 52MB/68MB, paused 585us total 26.453ms
08-05 19:37:03.794 13866 13882 I PeriodicStatsRunner: PeriodicStatsRunner.call():175 call()
08-05 19:37:03.795 13866 13882 I PeriodicStatsRunner: PeriodicStatsRunner.call():179 No submit PeriodicStats since input started.
08-05 19:37:03.924 15507 15521 I art     : Starting a blocking GC Explicit
08-05 19:37:03.959 15507 15521 I art     : Explicit concurrent mark sweep GC freed 1340(78KB) AllocSpace objects, 1(20KB) LOS objects, 23% free, 52MB/68MB, paused 675us total 33.733ms
08-05 19:37:03.974 15507 15521 I art     : Starting a blocking GC Explicit
08-05 19:37:04.005 15507 15521 I art     : Explicit concurrent mark sweep GC freed 20(704B) AllocSpace objects, 0(0B) LOS objects, 23% free, 52MB/68MB, paused 551us total 30.779ms
08-05 19:37:04.017 15507 15521 I art     : Starting a blocking GC Explicit
08-05 19:37:04.044 15507 15521 I art     : Explicit concurrent mark sweep GC freed 3(96B) AllocSpace objects, 0(0B) LOS objects, 23% free, 52MB/68MB, paused 564us total 27.292ms
08-05 19:37:04.056 15507 15521 I art     : Starting a blocking GC Explicit
08-05 19:37:04.082 15507 15521 I art     : Explicit concurrent mark sweep GC freed 3(96B) AllocSpace objects, 0(0B) LOS objects, 23% free, 52MB/68MB, paused 545us total 26.512ms
08-05 19:37:04.093 15507 15521 I art     : Starting a blocking GC Explicit
08-05 19:37:04.120 15507 15521 I art     : Explicit concurrent mark sweep GC freed 3(96B) AllocSpace objects, 0(0B) LOS objects, 23% free, 52MB/68MB, paused 567us total 26.024ms
08-05 19:37:04.453 15507 15520 I art     : Starting a blocking GC Explicit
08-05 19:37:04.489 15507 15520 I art     : Explicit concurrent mark sweep GC freed 1340(78KB) AllocSpace objects, 1(20KB) LOS objects, 23% free, 52MB/68MB, paused 676us total 35.529ms
08-05 19:37:04.505 15507 15520 I art     : Starting a blocking GC Explicit
08-05 19:37:04.533 15507 15520 I art     : Explicit concurrent mark sweep GC freed 20(704B) AllocSpace objects, 0(0B) LOS objects, 23% free, 52MB/68MB, paused 567us total 27.846ms
08-05 19:37:04.544 15507 15520 I art     : Starting a blocking GC Explicit
08-05 19:37:04.572 15507 15520 I art     : Explicit concurrent mark sweep GC freed 3(96B) AllocSpace objects, 0(0B) LOS objects, 23% free, 52MB/68MB, paused 567us total 27.439ms
08-05 19:37:04.583 15507 15520 I art     : Starting a blocking GC Explicit
08-05 19:37:04.609 15507 15520 I art     : Explicit concurrent mark sweep GC freed 3(96B) AllocSpace objects, 0(0B) LOS objects, 23% free, 52MB/68MB, paused 538us total 25.933ms
08-05 19:37:04.620 15507 15520 I art     : Starting a blocking GC Explicit
08-05 19:37:04.648 15507 15520 I art     : Explicit concurrent mark sweep GC freed 3(96B) AllocSpace objects, 0(0B) LOS objects, 23% free, 52MB/68MB, paused 582us total 27.511ms
08-05 19:37:04.969 15507 15548 I art     : Starting a blocking GC Explicit
08-05 19:37:04.994 15507 15548 I art     : Explicit concurrent mark sweep GC freed 1340(78KB) AllocSpace objects, 1(20KB) LOS objects, 23% free, 52MB/68MB, paused 568us total 25.452ms
08-05 19:37:05.005 15507 15548 I art     : Starting a blocking GC Explicit
08-05 19:37:05.030 15507 15548 I art     : Explicit concurrent mark sweep GC freed 20(704B) AllocSpace objects, 0(0B) LOS objects, 23% free, 52MB/68MB, paused 572us total 25.148ms
08-05 19:37:05.041 15507 15548 I art     : Starting a blocking GC Explicit
08-05 19:37:05.066 15507 15548 I art     : Explicit concurrent mark sweep GC freed 3(96B) AllocSpace objects, 0(0B) LOS objects, 23% free, 52MB/68MB, paused 592us total 24.896ms
08-05 19:37:05.077 15507 15548 I art     : Starting a blocking GC Explicit
08-05 19:37:05.102 15507 15548 I art     : Explicit concurrent mark sweep GC freed 3(96B) AllocSpace objects, 0(0B) LOS objects, 23% free, 52MB/68MB, paused 564us total 25.091ms
08-05 19:37:05.113 15507 15548 I art     : Starting a blocking GC Explicit
08-05 19:37:05.140 15507 15548 I art     : Explicit concurrent mark sweep GC freed 3(96B) AllocSpace objects, 0(0B) LOS objects, 23% free, 52MB/68MB, paused 585us total 26.606ms
08-05 19:37:05.465 15507 16423 I art     : Starting a blocking GC Explicit
08-05 19:37:05.471 17291 17291 D AndroidRuntime: >>>>>> START com.android.internal.os.RuntimeInit uid 2000 <<<<<<
08-05 19:37:05.477 17291 17291 D AndroidRuntime: CheckJNI is OFF
08-05 19:37:05.491 15507 16423 I art     : Explicit concurrent mark sweep GC freed 1340(78KB) AllocSpace objects, 1(20KB) LOS objects, 23% free, 52MB/68MB, paused 575us total 25.180ms
08-05 19:37:05.501 15507 16423 I art     : Starting a blocking GC Explicit
08-05 19:37:05.523 17291 17291 D ICU     : No timezone override file found: /data/misc/zoneinfo/current/icu/icu_tzdata.dat
08-05 19:37:05.526 15507 16423 I art     : Explicit concurrent mark sweep GC freed 20(704B) AllocSpace objects, 0(0B) LOS objects, 23% free, 52MB/68MB, paused 612us total 24.736ms
08-05 19:37:05.537 15507 16423 I art     : Starting a blocking GC Explicit
08-05 19:37:05.563 15507 16423 I art     : Explicit concurrent mark sweep GC freed 3(96B) AllocSpace objects, 0(0B) LOS objects, 23% free, 52MB/68MB, paused 595us total 25.304ms
08-05 19:37:05.570 17291 17291 I Radio-JNI: register_android_hardware_Radio DONE
08-05 19:37:05.574 15507 16423 I art     : Starting a blocking GC Explicit
08-05 19:37:05.599 15507 16423 I art     : Explicit concurrent mark sweep GC freed 3(96B) AllocSpace objects, 0(0B) LOS objects, 23% free, 52MB/68MB, paused 618us total 25.464ms
08-05 19:37:05.600 17291 17291 D AndroidRuntime: Calling main entry com.android.commands.input.Input
08-05 19:37:05.602 17291 17291 I Input   : injectMotionEvent: MotionEvent { action=ACTION_DOWN, actionButton=0, id[0]=0, x[0]=733.0, y[0]=645.0, toolType[0]=TOOL_TYPE_UNKNOWN, buttonState=0, metaState=0, flags=0x0, edgeFlags=0x0, pointerCount=1, historySize=0, eventTime=819442015, downTime=819442015, deviceId=0, source=0x1002 }
08-05 19:37:05.610 17291 17291 I Input   : injectMotionEvent: MotionEvent { action=ACTION_UP, actionButton=0, id[0]=0, x[0]=733.0, y[0]=645.0, toolType[0]=TOOL_TYPE_UNKNOWN, buttonState=0, metaState=0, flags=0x0, edgeFlags=0x0, pointerCount=1, historySize=0, eventTime=819442015, downTime=819442015, deviceId=0, source=0x1002 }
08-05 19:37:05.610 15507 16423 I art     : Starting a blocking GC Explicit
08-05 19:37:05.611   918  6110 I ActivityManager: START u0 {cmp=baseline.appteam.nith.hillffair/.activities.ClubActivity (has extras)} from uid 10675 on display 0
08-05 19:37:05.618 17291 17291 D AndroidRuntime: Shutting down VM
08-05 19:37:05.634 15507 16423 I art     : Explicit concurrent mark sweep GC freed 142(9KB) AllocSpace objects, 0(0B) LOS objects, 23% free, 52MB/68MB, paused 848us total 23.792ms
08-05 19:37:05.710   918   936 I ActivityManager: Displayed baseline.appteam.nith.hillffair/.activities.ClubActivity: +92ms
08-05 19:37:05.710 13866 13866 I GoogleInputMethodServic: GoogleInputMethodService.onFinishInput():3138 
08-05 19:37:05.711 13866 13866 I GoogleInputMethodServic: GoogleInputMethodService.onStartInput():1808 
08-05 19:37:05.774 13866 13882 I PeriodicStatsRunner: PeriodicStatsRunner.call():175 call()
08-05 19:37:05.774 13866 13882 I PeriodicStatsRunner: PeriodicStatsRunner.call():179 No submit PeriodicStats since input started.
08-05 19:37:05.908 15507 15548 I art     : Starting a blocking GC Explicit
08-05 19:37:05.940 15507 15548 I art     : Explicit concurrent mark sweep GC freed 5195(325KB) AllocSpace objects, 1(20KB) LOS objects, 23% free, 52MB/68MB, paused 694us total 31.251ms
08-05 19:37:05.953 15507 15548 I art     : Starting a blocking GC Explicit
08-05 19:37:05.968   380   380 W SurfaceFlinger: couldn't log to binary event log: overflow.
08-05 19:37:05.982 15507 15548 I art     : Explicit concurrent mark sweep GC freed 189(8KB) AllocSpace objects, 0(0B) LOS objects, 23% free, 52MB/68MB, paused 748us total 28.632ms
08-05 19:37:05.993 15507 15548 I art     : Starting a blocking GC Explicit
08-05 19:37:06.015 15507 15548 I art     : Explicit concurrent mark sweep GC freed 3(96B) AllocSpace objects, 0(0B) LOS objects, 23% free, 52MB/68MB, paused 615us total 22.720ms
08-05 19:37:06.025 15507 15548 I art     : Starting a blocking GC Explicit
08-05 19:37:06.048 15507 15548 I art     : Explicit concurrent mark sweep GC freed 3(96B) AllocSpace objects, 0(0B) LOS objects, 23% free, 52MB/68MB, paused 586us total 22.753ms
08-05 19:37:06.060 15507 15548 I art     : Starting a blocking GC Explicit
08-05 19:37:06.083 15507 15548 I art     : Explicit concurrent mark sweep GC freed 3(96B) AllocSpace objects, 0(0B) LOS objects, 23% free, 52MB/68MB, paused 619us total 23.095ms
08-05 19:37:06.379 15507 16783 I art     : Starting a blocking GC Explicit
08-05 19:37:06.406 15507 16783 I art     : Explicit concurrent mark sweep GC freed 1500(86KB) AllocSpace objects, 1(20KB) LOS objects, 23% free, 52MB/68MB, paused 656us total 26.334ms
08-05 19:37:06.417 15507 16783 I art     : Starting a blocking GC Explicit
08-05 19:37:06.443 15507 16783 I art     : Explicit concurrent mark sweep GC freed 66(2272B) AllocSpace objects, 0(0B) LOS objects, 23% free, 52MB/68MB, paused 637us total 25.289ms
08-05 19:37:06.454 15507 16783 I art     : Starting a blocking GC Explicit
08-05 19:37:06.479 15507 16783 I art     : Explicit concurrent mark sweep GC freed 15(544B) AllocSpace objects, 0(0B) LOS objects, 23% free, 52MB/68MB, paused 628us total 25.081ms
08-05 19:37:06.490 15507 16783 I art     : Starting a blocking GC Explicit
08-05 19:37:06.515 15507 16783 I art     : Explicit concurrent mark sweep GC freed 13(480B) AllocSpace objects, 0(0B) LOS objects, 23% free, 52MB/68MB, paused 631us total 24.756ms
08-05 19:37:06.526 15507 16783 I art     : Starting a blocking GC Explicit
08-05 19:37:06.551 15507 16783 I art     : Explicit concurrent mark sweep GC freed 13(480B) AllocSpace objects, 0(0B) LOS objects, 23% free, 52MB/68MB, paused 629us total 25.135ms
08-05 19:37:06.783 15507 17314 D OkHttp  : --> GET https://api-hillfair-2k16.herokuapp.com/api/app/events/special/event?id=5806551bdcba0f490c70fd1f http/1.1
08-05 19:37:06.824 15507 17314 D OkHttp  : <-- 200 OK https://api-hillfair-2k16.herokuapp.com/api/app/events/special/event?id=5806551bdcba0f490c70fd1f (40ms, 795-byte body)
08-05 19:37:06.847 15507 15520 I art     : Starting a blocking GC Explicit
08-05 19:37:06.871 15507 15507 I NAPPA_EXPERIMENTATION: MetricNetworkRequestExecutionTime: REQUEST_DURATION_SYSTEM='1221',REQUEST_DURATION_OKHTTP='40',REQUEST_SYNCHRONOUS='FALSE',RESPONSE_CODE='200',RESPONSE_METHOD='GET',RESPONSE_LENGTH_OKHTTP='795',RESPONSE_LENGTH_HEADER='795',REQUEST_PROTOCOL='http/1.1',REQUEST_URL='https://api-hillfair-2k16.herokuapp.com/api/app/events/special/event?id=5806551bdcba0f490c70fd1f',
08-05 19:37:06.876 15507 15520 I art     : Explicit concurrent mark sweep GC freed 4344(262KB) AllocSpace objects, 4(220KB) LOS objects, 23% free, 53MB/69MB, paused 784us total 28.225ms
08-05 19:37:06.887 15507 15520 I art     : Starting a blocking GC Explicit
08-05 19:37:06.913 15507 15520 I art     : Explicit concurrent mark sweep GC freed 1463(167KB) AllocSpace objects, 0(0B) LOS objects, 23% free, 52MB/68MB, paused 651us total 25.980ms
08-05 19:37:06.924 15507 15520 I art     : Starting a blocking GC Explicit
08-05 19:37:06.949 15507 15520 I art     : Explicit concurrent mark sweep GC freed 48(1760B) AllocSpace objects, 0(0B) LOS objects, 23% free, 52MB/68MB, paused 585us total 24.541ms
08-05 19:37:06.949 15507 15518 I art     : WaitForGcToComplete blocked for 9.293ms for cause HeapTrim
08-05 19:37:06.960 15507 15520 I art     : Starting a blocking GC Explicit
08-05 19:37:06.985 15507 15520 I art     : Explicit concurrent mark sweep GC freed 3(96B) AllocSpace objects, 0(0B) LOS objects, 23% free, 52MB/68MB, paused 550us total 24.764ms
08-05 19:37:06.997 15507 15520 I art     : Starting a blocking GC Explicit
08-05 19:37:07.022 15507 15520 I art     : Explicit concurrent mark sweep GC freed 3(96B) AllocSpace objects, 0(0B) LOS objects, 23% free, 52MB/68MB, paused 536us total 25.122ms
08-05 19:37:07.316 15507 15548 I art     : Starting a blocking GC Explicit
08-05 19:37:07.343 15507 15548 I art     : Explicit concurrent mark sweep GC freed 1341(78KB) AllocSpace objects, 1(20KB) LOS objects, 23% free, 52MB/68MB, paused 592us total 26.555ms
08-05 19:37:07.354 15507 15548 I art     : Starting a blocking GC Explicit
08-05 19:37:07.380 15507 15548 I art     : Explicit concurrent mark sweep GC freed 36(1264B) AllocSpace objects, 0(0B) LOS objects, 23% free, 52MB/68MB, paused 576us total 26.146ms
08-05 19:37:07.392 15507 15548 I art     : Starting a blocking GC Explicit
08-05 19:37:07.419 15507 15548 I art     : Explicit concurrent mark sweep GC freed 3(96B) AllocSpace objects, 0(0B) LOS objects, 23% free, 52MB/68MB, paused 597us total 27.379ms
08-05 19:37:07.430 15507 15548 I art     : Starting a blocking GC Explicit
08-05 19:37:07.458 15507 15548 I art     : Explicit concurrent mark sweep GC freed 3(96B) AllocSpace objects, 0(0B) LOS objects, 23% free, 52MB/68MB, paused 629us total 27.866ms
08-05 19:37:07.470 15507 15548 I art     : Starting a blocking GC Explicit
08-05 19:37:07.499 15507 15548 I art     : Explicit concurrent mark sweep GC freed 3(96B) AllocSpace objects, 0(0B) LOS objects, 23% free, 52MB/68MB, paused 598us total 28.505ms
08-05 19:37:07.829 15507 15520 I art     : Starting a blocking GC Explicit
08-05 19:37:07.868 15507 15520 I art     : Explicit concurrent mark sweep GC freed 1341(78KB) AllocSpace objects, 1(20KB) LOS objects, 23% free, 52MB/68MB, paused 665us total 38.066ms
08-05 19:37:07.883 15507 15520 I art     : Starting a blocking GC Explicit
08-05 19:37:07.913 15507 15520 I art     : Explicit concurrent mark sweep GC freed 20(704B) AllocSpace objects, 0(0B) LOS objects, 23% free, 52MB/68MB, paused 591us total 29.978ms
08-05 19:37:07.924 15507 15520 I art     : Starting a blocking GC Explicit
08-05 19:37:07.952 15507 15520 I art     : Explicit concurrent mark sweep GC freed 3(96B) AllocSpace objects, 0(0B) LOS objects, 23% free, 52MB/68MB, paused 601us total 27.710ms
08-05 19:37:07.964 15507 15520 I art     : Starting a blocking GC Explicit
08-05 19:37:07.992 15507 15520 I art     : Explicit concurrent mark sweep GC freed 3(96B) AllocSpace objects, 0(0B) LOS objects, 23% free, 52MB/68MB, paused 566us total 28.443ms
08-05 19:37:08.004 15507 15520 I art     : Starting a blocking GC Explicit
08-05 19:37:08.033 15507 15520 I art     : Explicit concurrent mark sweep GC freed 3(96B) AllocSpace objects, 0(0B) LOS objects, 23% free, 52MB/68MB, paused 601us total 29.166ms
08-05 19:37:08.347 15507 15521 I art     : Starting a blocking GC Explicit
08-05 19:37:08.384 15507 15521 I art     : Explicit concurrent mark sweep GC freed 1341(78KB) AllocSpace objects, 1(20KB) LOS objects, 23% free, 52MB/68MB, paused 622us total 36.256ms
08-05 19:37:08.398 15507 15521 I art     : Starting a blocking GC Explicit
08-05 19:37:08.425 15507 15521 I art     : Explicit concurrent mark sweep GC freed 20(704B) AllocSpace objects, 0(0B) LOS objects, 23% free, 52MB/68MB, paused 618us total 27.544ms
08-05 19:37:08.437 15507 15521 I art     : Starting a blocking GC Explicit
08-05 19:37:08.466 15507 15521 I art     : Explicit concurrent mark sweep GC freed 3(96B) AllocSpace objects, 0(0B) LOS objects, 23% free, 52MB/68MB, paused 591us total 28.963ms
08-05 19:37:08.478 15507 15521 I art     : Starting a blocking GC Explicit
08-05 19:37:08.507 15507 15521 I art     : Explicit concurrent mark sweep GC freed 3(96B) AllocSpace objects, 0(0B) LOS objects, 23% free, 52MB/68MB, paused 748us total 28.770ms
08-05 19:37:08.519 15507 15521 I art     : Starting a blocking GC Explicit
08-05 19:37:08.546 15507 15521 I art     : Explicit concurrent mark sweep GC freed 3(96B) AllocSpace objects, 0(0B) LOS objects, 23% free, 52MB/68MB, paused 588us total 26.939ms
08-05 19:37:08.860 15507 16423 I art     : Starting a blocking GC Explicit
08-05 19:37:08.898 15507 16423 I art     : Explicit concurrent mark sweep GC freed 1341(78KB) AllocSpace objects, 1(20KB) LOS objects, 23% free, 52MB/68MB, paused 781us total 37.729ms
08-05 19:37:08.915 15507 16423 I art     : Starting a blocking GC Explicit
08-05 19:37:08.945 15507 16423 I art     : Explicit concurrent mark sweep GC freed 20(704B) AllocSpace objects, 0(0B) LOS objects, 23% free, 52MB/68MB, paused 600us total 29.327ms
08-05 19:37:08.956 15507 16423 I art     : Starting a blocking GC Explicit
08-05 19:37:08.985 15507 16423 I art     : Explicit concurrent mark sweep GC freed 3(96B) AllocSpace objects, 0(0B) LOS objects, 23% free, 52MB/68MB, paused 591us total 28.703ms
08-05 19:37:08.996 15507 16423 I art     : Starting a blocking GC Explicit
08-05 19:37:09.025 15507 16423 I art     : Explicit concurrent mark sweep GC freed 3(96B) AllocSpace objects, 0(0B) LOS objects, 23% free, 52MB/68MB, paused 572us total 28.027ms
08-05 19:37:09.036 15507 16423 I art     : Starting a blocking GC Explicit
08-05 19:37:09.063 15507 16423 I art     : Explicit concurrent mark sweep GC freed 3(96B) AllocSpace objects, 0(0B) LOS objects, 23% free, 52MB/68MB, paused 576us total 26.965ms
08-05 19:37:09.386 15507 16783 I art     : Starting a blocking GC Explicit
08-05 19:37:09.424 15507 16783 I art     : Explicit concurrent mark sweep GC freed 1341(78KB) AllocSpace objects, 1(20KB) LOS objects, 23% free, 52MB/68MB, paused 823us total 37.792ms
08-05 19:37:09.437 15507 16783 I art     : Starting a blocking GC Explicit
08-05 19:37:09.466 15507 16783 I art     : Explicit concurrent mark sweep GC freed 20(704B) AllocSpace objects, 0(0B) LOS objects, 23% free, 52MB/68MB, paused 604us total 28.844ms
08-05 19:37:09.478 15507 16783 I art     : Starting a blocking GC Explicit
08-05 19:37:09.507 15507 16783 I art     : Explicit concurrent mark sweep GC freed 3(96B) AllocSpace objects, 0(0B) LOS objects, 23% free, 52MB/68MB, paused 767us total 29.285ms
08-05 19:37:09.519 15507 16783 I art     : Starting a blocking GC Explicit
08-05 19:37:09.547 15507 16783 I art     : Explicit concurrent mark sweep GC freed 3(96B) AllocSpace objects, 0(0B) LOS objects, 23% free, 52MB/68MB, paused 757us total 28.494ms
08-05 19:37:09.559 15507 16783 I art     : Starting a blocking GC Explicit
08-05 19:37:09.588 15507 16783 I art     : Explicit concurrent mark sweep GC freed 3(96B) AllocSpace objects, 0(0B) LOS objects, 23% free, 52MB/68MB, paused 660us total 28.917ms
08-05 19:37:09.912 15507 15548 I art     : Starting a blocking GC Explicit
08-05 19:37:09.939 15507 15548 I art     : Explicit concurrent mark sweep GC freed 1341(78KB) AllocSpace objects, 1(20KB) LOS objects, 23% free, 52MB/68MB, paused 605us total 26.659ms
08-05 19:37:09.950 15507 15548 I art     : Starting a blocking GC Explicit
08-05 19:37:09.978 15507 15548 I art     : Explicit concurrent mark sweep GC freed 20(704B) AllocSpace objects, 0(0B) LOS objects, 23% free, 52MB/68MB, paused 661us total 27.362ms
08-05 19:37:09.989 15507 15548 I art     : Starting a blocking GC Explicit
08-05 19:37:10.016 15507 15548 I art     : Explicit concurrent mark sweep GC freed 3(96B) AllocSpace objects, 0(0B) LOS objects, 23% free, 52MB/68MB, paused 637us total 26.959ms
08-05 19:37:10.027 15507 15548 I art     : Starting a blocking GC Explicit
08-05 19:37:10.055 15507 15548 I art     : Explicit concurrent mark sweep GC freed 3(96B) AllocSpace objects, 0(0B) LOS objects, 23% free, 52MB/68MB, paused 599us total 27.516ms
08-05 19:37:10.066 15507 15548 I art     : Starting a blocking GC Explicit
08-05 19:37:10.094 15507 15548 I art     : Explicit concurrent mark sweep GC freed 3(96B) AllocSpace objects, 0(0B) LOS objects, 23% free, 52MB/68MB, paused 612us total 27.075ms
08-05 19:37:10.324   918  3261 D WifiStateMachine: starting scan for "H369AA63323"WPA_PSK with 2412,5180
08-05 19:37:10.399 17420 17420 D AndroidRuntime: >>>>>> START com.android.internal.os.RuntimeInit uid 2000 <<<<<<
08-05 19:37:10.405 17420 17420 D AndroidRuntime: CheckJNI is OFF
08-05 19:37:10.412 15507 15520 I art     : Starting a blocking GC Explicit
08-05 19:37:10.438 15507 15520 I art     : Explicit concurrent mark sweep GC freed 1341(78KB) AllocSpace objects, 1(20KB) LOS objects, 23% free, 52MB/68MB, paused 633us total 26.114ms
08-05 19:37:10.449 15507 15520 I art     : Starting a blocking GC Explicit
08-05 19:37:10.452 17420 17420 D ICU     : No timezone override file found: /data/misc/zoneinfo/current/icu/icu_tzdata.dat
08-05 19:37:10.475 15507 15520 I art     : Explicit concurrent mark sweep GC freed 20(704B) AllocSpace objects, 0(0B) LOS objects, 23% free, 52MB/68MB, paused 618us total 25.825ms
08-05 19:37:10.486 15507 15520 I art     : Starting a blocking GC Explicit
08-05 19:37:10.495 17420 17420 I Radio-JNI: register_android_hardware_Radio DONE
08-05 19:37:10.512 15507 15520 I art     : Explicit concurrent mark sweep GC freed 3(96B) AllocSpace objects, 0(0B) LOS objects, 23% free, 52MB/68MB, paused 612us total 25.725ms
08-05 19:37:10.523 15507 15520 I art     : Starting a blocking GC Explicit
08-05 19:37:10.524 17420 17420 D AndroidRuntime: Calling main entry com.android.commands.input.Input
08-05 19:37:10.526 17420 17420 I Input   : injectKeyEvent: KeyEvent { action=ACTION_DOWN, keyCode=KEYCODE_BACK, scanCode=0, metaState=0, flags=0x0, repeatCount=0, eventTime=819446939, downTime=819446939, deviceId=-1, source=0x101 }
08-05 19:37:10.533 17420 17420 I Input   : injectKeyEvent: KeyEvent { action=ACTION_UP, keyCode=KEYCODE_BACK, scanCode=0, metaState=0, flags=0x0, repeatCount=0, eventTime=819446939, downTime=819446939, deviceId=-1, source=0x101 }
08-05 19:37:10.542 17420 17420 D AndroidRuntime: Shutting down VM
08-05 19:37:10.548 15507 15520 I art     : Explicit concurrent mark sweep GC freed 19(656B) AllocSpace objects, 0(0B) LOS objects, 23% free, 52MB/68MB, paused 699us total 24.401ms
08-05 19:37:10.558 15507 15520 I art     : Starting a blocking GC Explicit
08-05 19:37:10.582 13866 13866 I GoogleInputMethodServic: GoogleInputMethodService.onFinishInput():3138 
08-05 19:37:10.583 15507 15520 I art     : Explicit concurrent mark sweep GC freed 127(5KB) AllocSpace objects, 0(0B) LOS objects, 23% free, 52MB/68MB, paused 707us total 24.166ms
08-05 19:37:10.583 13866 13866 I GoogleInputMethodServic: GoogleInputMethodService.onStartInput():1808 
08-05 19:37:10.711 13866 13882 I PeriodicStatsRunner: PeriodicStatsRunner.call():175 call()
08-05 19:37:10.712 13866 13882 I PeriodicStatsRunner: PeriodicStatsRunner.call():179 No submit PeriodicStats since input started.
08-05 19:37:10.873   380   380 W SurfaceFlinger: couldn't log to binary event log: overflow.
08-05 19:37:10.885 15507 16423 I art     : Starting a blocking GC Explicit
08-05 19:37:10.909 15507 16423 I art     : Explicit concurrent mark sweep GC freed 1479(88KB) AllocSpace objects, 1(20KB) LOS objects, 23% free, 52MB/68MB, paused 594us total 24.066ms
08-05 19:37:10.919 15507 16423 I art     : Starting a blocking GC Explicit
08-05 19:37:10.946 15507 16423 I art     : Explicit concurrent mark sweep GC freed 1678(107KB) AllocSpace objects, 3(400KB) LOS objects, 23% free, 52MB/68MB, paused 574us total 25.846ms
08-05 19:37:10.956 15507 16423 I art     : Starting a blocking GC Explicit
08-05 19:37:10.981 15507 16423 I art     : Explicit concurrent mark sweep GC freed 3(96B) AllocSpace objects, 0(0B) LOS objects, 23% free, 52MB/68MB, paused 592us total 24.493ms
08-05 19:37:10.991 15507 16423 I art     : Starting a blocking GC Explicit
08-05 19:37:11.016 15507 16423 I art     : Explicit concurrent mark sweep GC freed 3(96B) AllocSpace objects, 0(0B) LOS objects, 23% free, 52MB/68MB, paused 605us total 24.688ms
08-05 19:37:11.027 15507 16423 I art     : Starting a blocking GC Explicit
08-05 19:37:11.053 15507 16423 I art     : Explicit concurrent mark sweep GC freed 3(96B) AllocSpace objects, 0(0B) LOS objects, 23% free, 52MB/68MB, paused 594us total 25.563ms
08-05 19:37:11.343 15507 15520 I art     : Starting a blocking GC Explicit
08-05 19:37:11.374 15507 15520 I art     : Explicit concurrent mark sweep GC freed 1341(78KB) AllocSpace objects, 1(20KB) LOS objects, 23% free, 52MB/68MB, paused 607us total 30.788ms
08-05 19:37:11.388 15507 15520 I art     : Starting a blocking GC Explicit
08-05 19:37:11.414 15507 15520 I art     : Explicit concurrent mark sweep GC freed 20(704B) AllocSpace objects, 0(0B) LOS objects, 23% free, 52MB/68MB, paused 590us total 26.064ms
08-05 19:37:11.425 15507 15520 I art     : Starting a blocking GC Explicit
08-05 19:37:11.451 15507 15520 I art     : Explicit concurrent mark sweep GC freed 3(96B) AllocSpace objects, 0(0B) LOS objects, 23% free, 52MB/68MB, paused 582us total 25.868ms
08-05 19:37:11.462 15507 15520 I art     : Starting a blocking GC Explicit
08-05 19:37:11.488 15507 15520 I art     : Explicit concurrent mark sweep GC freed 3(96B) AllocSpace objects, 0(0B) LOS objects, 23% free, 52MB/68MB, paused 591us total 25.838ms
08-05 19:37:11.500 15507 15520 I art     : Starting a blocking GC Explicit
08-05 19:37:11.525 15507 15520 I art     : Explicit concurrent mark sweep GC freed 3(96B) AllocSpace objects, 0(0B) LOS objects, 23% free, 52MB/68MB, paused 603us total 24.861ms
08-05 19:37:11.829 15507 16783 I art     : Starting a blocking GC Explicit
08-05 19:37:11.860 15507 16783 I art     : Explicit concurrent mark sweep GC freed 1340(78KB) AllocSpace objects, 1(20KB) LOS objects, 23% free, 52MB/68MB, paused 652us total 30.114ms
08-05 19:37:11.873 15507 16783 I art     : Starting a blocking GC Explicit
08-05 19:37:11.898 15507 16783 I art     : Explicit concurrent mark sweep GC freed 20(704B) AllocSpace objects, 0(0B) LOS objects, 23% free, 52MB/68MB, paused 614us total 25.300ms
08-05 19:37:11.909 15507 16783 I art     : Starting a blocking GC Explicit
08-05 19:37:11.934 15507 16783 I art     : Explicit concurrent mark sweep GC freed 3(96B) AllocSpace objects, 0(0B) LOS objects, 23% free, 52MB/68MB, paused 573us total 24.700ms
08-05 19:37:11.945 15507 16783 I art     : Starting a blocking GC Explicit
08-05 19:37:11.969 15507 16783 I art     : Explicit concurrent mark sweep GC freed 3(96B) AllocSpace objects, 0(0B) LOS objects, 23% free, 52MB/68MB, paused 601us total 24.437ms
08-05 19:37:11.980 15507 16783 I art     : Starting a blocking GC Explicit
08-05 19:37:12.004 15507 16783 I art     : Explicit concurrent mark sweep GC freed 3(96B) AllocSpace objects, 0(0B) LOS objects, 23% free, 52MB/68MB, paused 613us total 24.295ms
08-05 19:37:12.004 15507 15518 I art     : WaitForGcToComplete blocked for 19.023ms for cause HeapTrim
08-05 19:37:12.295 15507 15521 I art     : Starting a blocking GC Explicit
08-05 19:37:12.324 15507 15521 I art     : Explicit concurrent mark sweep GC freed 1340(78KB) AllocSpace objects, 1(20KB) LOS objects, 23% free, 52MB/68MB, paused 662us total 29.107ms
08-05 19:37:12.329 17474 17474 D AndroidRuntime: >>>>>> START com.android.internal.os.RuntimeInit uid 2000 <<<<<<
08-05 19:37:12.335 17474 17474 D AndroidRuntime: CheckJNI is OFF
08-05 19:37:12.338 15507 15521 I art     : Starting a blocking GC Explicit
08-05 19:37:12.364 15507 15521 I art     : Explicit concurrent mark sweep GC freed 20(704B) AllocSpace objects, 0(0B) LOS objects, 23% free, 52MB/68MB, paused 613us total 26.439ms
08-05 19:37:12.376 15507 15521 I art     : Starting a blocking GC Explicit
08-05 19:37:12.384 17474 17474 D ICU     : No timezone override file found: /data/misc/zoneinfo/current/icu/icu_tzdata.dat
08-05 19:37:12.402 15507 15521 I art     : Explicit concurrent mark sweep GC freed 3(96B) AllocSpace objects, 0(0B) LOS objects, 23% free, 52MB/68MB, paused 580us total 26.103ms
08-05 19:37:12.413 15507 15521 I art     : Starting a blocking GC Explicit
08-05 19:37:12.432 17474 17474 I Radio-JNI: register_android_hardware_Radio DONE
08-05 19:37:12.438 15507 15521 I art     : Explicit concurrent mark sweep GC freed 3(96B) AllocSpace objects, 0(0B) LOS objects, 23% free, 52MB/68MB, paused 622us total 25.297ms
08-05 19:37:12.449 15507 15521 I art     : Starting a blocking GC Explicit
08-05 19:37:12.461 17474 17474 D AndroidRuntime: Calling main entry com.android.commands.input.Input
08-05 19:37:12.463 17474 17474 I Input   : injectKeyEvent: KeyEvent { action=ACTION_DOWN, keyCode=KEYCODE_BACK, scanCode=0, metaState=0, flags=0x0, repeatCount=0, eventTime=819448876, downTime=819448876, deviceId=-1, source=0x101 }
08-05 19:37:12.469 17474 17474 I Input   : injectKeyEvent: KeyEvent { action=ACTION_UP, keyCode=KEYCODE_BACK, scanCode=0, metaState=0, flags=0x0, repeatCount=0, eventTime=819448876, downTime=819448876, deviceId=-1, source=0x101 }
08-05 19:37:12.474 15507 15521 I art     : Explicit concurrent mark sweep GC freed 5(208B) AllocSpace objects, 0(0B) LOS objects, 23% free, 52MB/68MB, paused 643us total 24.367ms
08-05 19:37:12.476 17474 17474 D AndroidRuntime: Shutting down VM
08-05 19:37:12.517 13866 13866 I GoogleInputMethodServic: GoogleInputMethodService.onFinishInput():3138 
08-05 19:37:12.517 13866 13866 I GoogleInputMethodServic: GoogleInputMethodService.onStartInput():1808 
08-05 19:37:12.775 15507 15548 I art     : Starting a blocking GC Explicit
08-05 19:37:12.807 15507 15548 I art     : Explicit concurrent mark sweep GC freed 1548(87KB) AllocSpace objects, 1(20KB) LOS objects, 23% free, 52MB/68MB, paused 607us total 31.467ms
08-05 19:37:12.819 15507 15548 I art     : Starting a blocking GC Explicit
08-05 19:37:12.843 15507 15548 I art     : Explicit concurrent mark sweep GC freed 662(32KB) AllocSpace objects, 0(0B) LOS objects, 23% free, 52MB/68MB, paused 561us total 23.711ms
08-05 19:37:12.853 15507 15548 I art     : Starting a blocking GC Explicit
08-05 19:37:12.877 15507 15548 I art     : Explicit concurrent mark sweep GC freed 121(6KB) AllocSpace objects, 0(0B) LOS objects, 23% free, 52MB/68MB, paused 574us total 23.368ms
08-05 19:37:12.887 15507 15548 I art     : Starting a blocking GC Explicit
08-05 19:37:12.912 15507 15548 I art     : Explicit concurrent mark sweep GC freed 1976(121KB) AllocSpace objects, 2(140KB) LOS objects, 23% free, 52MB/68MB, paused 560us total 24.695ms
08-05 19:37:12.922 15507 15548 I art     : Starting a blocking GC Explicit
08-05 19:37:12.946 15507 15548 I art     : Explicit concurrent mark sweep GC freed 13(608B) AllocSpace objects, 0(0B) LOS objects, 23% free, 52MB/68MB, paused 562us total 23.601ms
08-05 19:37:13.232 15507 16423 I art     : Starting a blocking GC Explicit
08-05 19:37:13.264 15507 16423 I art     : Explicit concurrent mark sweep GC freed 1354(78KB) AllocSpace objects, 1(20KB) LOS objects, 23% free, 52MB/68MB, paused 626us total 31.683ms
08-05 19:37:13.278 15507 16423 I art     : Starting a blocking GC Explicit
08-05 19:37:13.303 15507 16423 I art     : Explicit concurrent mark sweep GC freed 20(704B) AllocSpace objects, 0(0B) LOS objects, 23% free, 52MB/68MB, paused 577us total 24.822ms
08-05 19:37:13.314 15507 16423 I art     : Starting a blocking GC Explicit
08-05 19:37:13.339 15507 16423 I art     : Explicit concurrent mark sweep GC freed 3(96B) AllocSpace objects, 0(0B) LOS objects, 23% free, 52MB/68MB, paused 568us total 24.822ms
08-05 19:37:13.350 15507 16423 I art     : Starting a blocking GC Explicit
08-05 19:37:13.374 15507 16423 I art     : Explicit concurrent mark sweep GC freed 3(96B) AllocSpace objects, 0(0B) LOS objects, 23% free, 52MB/68MB, paused 563us total 23.787ms
08-05 19:37:13.385 15507 16423 I art     : Starting a blocking GC Explicit
08-05 19:37:13.410 15507 16423 I art     : Explicit concurrent mark sweep GC freed 3(96B) AllocSpace objects, 0(0B) LOS objects, 23% free, 52MB/68MB, paused 584us total 24.938ms
08-05 19:37:13.712 15507 15521 I art     : Starting a blocking GC Explicit
08-05 19:37:13.737 15507 15521 I art     : Explicit concurrent mark sweep GC freed 1338(78KB) AllocSpace objects, 1(20KB) LOS objects, 23% free, 52MB/68MB, paused 738us total 24.410ms
08-05 19:37:13.748 15507 15521 I art     : Starting a blocking GC Explicit
08-05 19:37:13.771 15507 15521 I art     : Explicit concurrent mark sweep GC freed 20(704B) AllocSpace objects, 0(0B) LOS objects, 23% free, 52MB/68MB, paused 584us total 22.991ms
08-05 19:37:13.782 15507 15521 I art     : Starting a blocking GC Explicit
08-05 19:37:13.805 15507 15521 I art     : Explicit concurrent mark sweep GC freed 3(96B) AllocSpace objects, 0(0B) LOS objects, 23% free, 52MB/68MB, paused 576us total 23.232ms
08-05 19:37:13.816 15507 15521 I art     : Starting a blocking GC Explicit
08-05 19:37:13.839 15507 15521 I art     : Explicit concurrent mark sweep GC freed 3(96B) AllocSpace objects, 0(0B) LOS objects, 23% free, 52MB/68MB, paused 604us total 22.950ms
08-05 19:37:13.849 15507 15521 I art     : Starting a blocking GC Explicit
08-05 19:37:13.873 15507 15521 I art     : Explicit concurrent mark sweep GC freed 3(96B) AllocSpace objects, 0(0B) LOS objects, 23% free, 52MB/68MB, paused 572us total 23.736ms
08-05 19:37:14.170 15507 15520 I art     : Starting a blocking GC Explicit
08-05 19:37:14.197 15507 15520 I art     : Explicit concurrent mark sweep GC freed 1338(78KB) AllocSpace objects, 1(20KB) LOS objects, 23% free, 52MB/68MB, paused 616us total 26.203ms
08-05 19:37:14.210 15507 15520 I art     : Starting a blocking GC Explicit
08-05 19:37:14.234 15507 15520 I art     : Explicit concurrent mark sweep GC freed 20(704B) AllocSpace objects, 0(0B) LOS objects, 23% free, 52MB/68MB, paused 576us total 23.640ms
08-05 19:37:14.245 15507 15520 I art     : Starting a blocking GC Explicit
08-05 19:37:14.260 17529 17529 D AndroidRuntime: >>>>>> START com.android.internal.os.RuntimeInit uid 2000 <<<<<<
08-05 19:37:14.266 17529 17529 D AndroidRuntime: CheckJNI is OFF
08-05 19:37:14.271 15507 15520 I art     : Explicit concurrent mark sweep GC freed 3(96B) AllocSpace objects, 0(0B) LOS objects, 23% free, 52MB/68MB, paused 564us total 25.314ms
08-05 19:37:14.282 15507 15520 I art     : Starting a blocking GC Explicit
08-05 19:37:14.306 15507 15520 I art     : Explicit concurrent mark sweep GC freed 3(96B) AllocSpace objects, 0(0B) LOS objects, 23% free, 52MB/68MB, paused 610us total 24.614ms
08-05 19:37:14.312 17529 17529 D ICU     : No timezone override file found: /data/misc/zoneinfo/current/icu/icu_tzdata.dat
08-05 19:37:14.317 15507 15520 I art     : Starting a blocking GC Explicit
08-05 19:37:14.342 15507 15520 I art     : Explicit concurrent mark sweep GC freed 3(96B) AllocSpace objects, 0(0B) LOS objects, 23% free, 52MB/68MB, paused 591us total 24.692ms
08-05 19:37:14.358 17529 17529 I Radio-JNI: register_android_hardware_Radio DONE
08-05 19:37:14.388 17529 17529 D AndroidRuntime: Calling main entry com.android.commands.input.Input
08-05 19:37:14.390 17529 17529 I Input   : injectMotionEvent: MotionEvent { action=ACTION_DOWN, actionButton=0, id[0]=0, x[0]=1053.0, y[0]=1173.0, toolType[0]=TOOL_TYPE_UNKNOWN, buttonState=0, metaState=0, flags=0x0, edgeFlags=0x0, pointerCount=1, historySize=0, eventTime=819450803, downTime=819450803, deviceId=0, source=0x1002 }
08-05 19:37:14.397 17529 17529 I Input   : injectMotionEvent: MotionEvent { action=ACTION_UP, actionButton=0, id[0]=0, x[0]=1053.0, y[0]=1173.0, toolType[0]=TOOL_TYPE_UNKNOWN, buttonState=0, metaState=0, flags=0x0, edgeFlags=0x0, pointerCount=1, historySize=0, eventTime=819450803, downTime=819450803, deviceId=0, source=0x1002 }
08-05 19:37:14.400   918  6029 I ActivityManager: START u0 {cmp=baseline.appteam.nith.hillffair/.activities.QuizActivity} from uid 10675 on display 0
08-05 19:37:14.408 17529 17529 D AndroidRuntime: Shutting down VM
08-05 19:37:14.558   918   936 I ActivityManager: Displayed baseline.appteam.nith.hillffair/.activities.QuizActivity: +149ms
08-05 19:37:14.558 13866 13866 I GoogleInputMethodServic: GoogleInputMethodService.onFinishInput():3138 
08-05 19:37:14.559 13866 13866 I GoogleInputMethodServic: GoogleInputMethodService.onStartInput():1808 
08-05 19:37:14.631 15507 15548 I art     : Starting a blocking GC Explicit
08-05 19:37:14.659 15507 15548 I art     : Explicit concurrent mark sweep GC freed 2184(143KB) AllocSpace objects, 1(20KB) LOS objects, 23% free, 52MB/68MB, paused 561us total 27.840ms
08-05 19:37:14.671 15507 15548 I art     : Starting a blocking GC Explicit
08-05 19:37:14.699 15507 15548 I art     : Explicit concurrent mark sweep GC freed 180(8KB) AllocSpace objects, 0(0B) LOS objects, 23% free, 52MB/68MB, paused 661us total 27.794ms
08-05 19:37:14.711 15507 15548 I art     : Starting a blocking GC Explicit
08-05 19:37:14.738 15507 15548 I art     : Explicit concurrent mark sweep GC freed 3(96B) AllocSpace objects, 0(0B) LOS objects, 23% free, 52MB/68MB, paused 564us total 26.730ms
08-05 19:37:14.750 15507 15548 I art     : Starting a blocking GC Explicit
08-05 19:37:14.776 15507 15548 I art     : Explicit concurrent mark sweep GC freed 3(96B) AllocSpace objects, 0(0B) LOS objects, 23% free, 52MB/68MB, paused 590us total 25.870ms
08-05 19:37:14.789 15507 15548 I art     : Starting a blocking GC Explicit
08-05 19:37:14.794   380   380 W SurfaceFlinger: couldn't log to binary event log: overflow.
08-05 19:37:14.815 15507 15548 I art     : Explicit concurrent mark sweep GC freed 3(96B) AllocSpace objects, 0(0B) LOS objects, 23% free, 52MB/68MB, paused 529us total 26.169ms
08-05 19:37:15.120 15507 15548 I art     : Starting a blocking GC Explicit
08-05 19:37:15.157 15507 15548 I art     : Explicit concurrent mark sweep GC freed 1411(82KB) AllocSpace objects, 1(20KB) LOS objects, 23% free, 52MB/68MB, paused 634us total 36.012ms
08-05 19:37:15.174 15507 15548 I art     : Starting a blocking GC Explicit
08-05 19:37:15.201 15507 15548 I art     : Explicit concurrent mark sweep GC freed 20(704B) AllocSpace objects, 0(0B) LOS objects, 23% free, 52MB/68MB, paused 634us total 26.763ms
08-05 19:37:15.213 15507 15548 I art     : Starting a blocking GC Explicit
08-05 19:37:15.239 15507 15548 I art     : Explicit concurrent mark sweep GC freed 3(96B) AllocSpace objects, 0(0B) LOS objects, 23% free, 52MB/68MB, paused 573us total 25.840ms
08-05 19:37:15.250 15507 15548 I art     : Starting a blocking GC Explicit
08-05 19:37:15.276 15507 15548 I art     : Explicit concurrent mark sweep GC freed 3(96B) AllocSpace objects, 0(0B) LOS objects, 23% free, 52MB/68MB, paused 563us total 25.611ms
08-05 19:37:15.287 15507 15548 I art     : Starting a blocking GC Explicit
08-05 19:37:15.313 15507 15548 I art     : Explicit concurrent mark sweep GC freed 3(96B) AllocSpace objects, 0(0B) LOS objects, 23% free, 52MB/68MB, paused 565us total 25.802ms
08-05 19:37:15.583 13866 13882 I PeriodicStatsRunner: PeriodicStatsRunner.call():175 call()
08-05 19:37:15.583 13866 13882 I PeriodicStatsRunner: PeriodicStatsRunner.call():179 No submit PeriodicStats since input started.
08-05 19:37:15.607 15507 16783 I art     : Starting a blocking GC Explicit
08-05 19:37:15.639 15507 16783 I art     : Explicit concurrent mark sweep GC freed 1340(78KB) AllocSpace objects, 1(20KB) LOS objects, 23% free, 52MB/68MB, paused 618us total 31.913ms
08-05 19:37:15.653 15507 16783 I art     : Starting a blocking GC Explicit
08-05 19:37:15.680 15507 16783 I art     : Explicit concurrent mark sweep GC freed 20(704B) AllocSpace objects, 0(0B) LOS objects, 23% free, 52MB/68MB, paused 592us total 26.537ms
08-05 19:37:15.691 15507 16783 I art     : Starting a blocking GC Explicit
08-05 19:37:15.718 15507 16783 I art     : Explicit concurrent mark sweep GC freed 3(96B) AllocSpace objects, 0(0B) LOS objects, 23% free, 52MB/68MB, paused 625us total 26.279ms
08-05 19:37:15.729 15507 16783 I art     : Starting a blocking GC Explicit
08-05 19:37:15.755 15507 16783 I art     : Explicit concurrent mark sweep GC freed 3(96B) AllocSpace objects, 0(0B) LOS objects, 23% free, 52MB/68MB, paused 567us total 26ms
08-05 19:37:15.766 15507 16783 I art     : Starting a blocking GC Explicit
08-05 19:37:15.793 15507 16783 I art     : Explicit concurrent mark sweep GC freed 3(96B) AllocSpace objects, 0(0B) LOS objects, 23% free, 52MB/68MB, paused 567us total 25.998ms
08-05 19:37:16.103 15507 15520 I art     : Starting a blocking GC Explicit
08-05 19:37:16.127 15507 15520 I art     : Explicit concurrent mark sweep GC freed 1348(78KB) AllocSpace objects, 1(20KB) LOS objects, 23% free, 52MB/68MB, paused 543us total 23.411ms
08-05 19:37:16.137 15507 15520 I art     : Starting a blocking GC Explicit
08-05 19:37:16.160 15507 15520 I art     : Explicit concurrent mark sweep GC freed 24(832B) AllocSpace objects, 0(0B) LOS objects, 23% free, 52MB/68MB, paused 543us total 22.948ms
08-05 19:37:16.171 15507 15520 I art     : Starting a blocking GC Explicit
08-05 19:37:16.194 15507 15520 I art     : Explicit concurrent mark sweep GC freed 7(224B) AllocSpace objects, 0(0B) LOS objects, 23% free, 52MB/68MB, paused 534us total 22.760ms
08-05 19:37:16.205 15507 15520 I art     : Starting a blocking GC Explicit
08-05 19:37:16.230 15507 15520 I art     : Explicit concurrent mark sweep GC freed 7(224B) AllocSpace objects, 0(0B) LOS objects, 23% free, 52MB/68MB, paused 756us total 24.714ms
08-05 19:37:16.241 15507 15520 I art     : Starting a blocking GC Explicit
08-05 19:37:16.267 15507 15520 I art     : Explicit concurrent mark sweep GC freed 8(256B) AllocSpace objects, 0(0B) LOS objects, 23% free, 52MB/68MB, paused 601us total 25.235ms
08-05 19:37:16.600 15507 15548 I art     : Starting a blocking GC Explicit
08-05 19:37:16.633 15507 15548 I art     : Explicit concurrent mark sweep GC freed 1343(78KB) AllocSpace objects, 1(20KB) LOS objects, 23% free, 52MB/68MB, paused 619us total 33.386ms
08-05 19:37:16.648 15507 15548 I art     : Starting a blocking GC Explicit
08-05 19:37:16.674 15507 15548 I art     : Explicit concurrent mark sweep GC freed 20(704B) AllocSpace objects, 0(0B) LOS objects, 23% free, 52MB/68MB, paused 566us total 26.418ms
08-05 19:37:16.685 15507 15548 I art     : Starting a blocking GC Explicit
08-05 19:37:16.710 15507 15548 I art     : Explicit concurrent mark sweep GC freed 3(96B) AllocSpace objects, 0(0B) LOS objects, 23% free, 52MB/68MB, paused 561us total 24.666ms
08-05 19:37:16.721 15507 15548 I art     : Starting a blocking GC Explicit
08-05 19:37:16.746 15507 15548 I art     : Explicit concurrent mark sweep GC freed 3(96B) AllocSpace objects, 0(0B) LOS objects, 23% free, 52MB/68MB, paused 585us total 24.786ms
08-05 19:37:16.757 15507 15548 I art     : Starting a blocking GC Explicit
08-05 19:37:16.782 15507 15548 I art     : Explicit concurrent mark sweep GC freed 3(96B) AllocSpace objects, 0(0B) LOS objects, 23% free, 52MB/68MB, paused 572us total 24.772ms
08-05 19:37:17.093 15507 15520 I art     : Starting a blocking GC Explicit
08-05 19:37:17.120 15507 15520 I art     : Explicit concurrent mark sweep GC freed 1340(78KB) AllocSpace objects, 1(20KB) LOS objects, 23% free, 52MB/68MB, paused 633us total 27.088ms
08-05 19:37:17.134 15507 15520 I art     : Starting a blocking GC Explicit
08-05 19:37:17.161 15507 15520 I art     : Explicit concurrent mark sweep GC freed 20(704B) AllocSpace objects, 0(0B) LOS objects, 23% free, 52MB/68MB, paused 588us total 26.712ms
08-05 19:37:17.172 15507 15520 I art     : Starting a blocking GC Explicit
08-05 19:37:17.199 15507 15520 I art     : Explicit concurrent mark sweep GC freed 3(96B) AllocSpace objects, 0(0B) LOS objects, 23% free, 52MB/68MB, paused 591us total 26.455ms
08-05 19:37:17.210 15507 15520 I art     : Starting a blocking GC Explicit
08-05 19:37:17.215 17606 17606 D AndroidRuntime: >>>>>> START com.android.internal.os.RuntimeInit uid 2000 <<<<<<
08-05 19:37:17.221 17606 17606 D AndroidRuntime: CheckJNI is OFF
08-05 19:37:17.237 15507 15520 I art     : Explicit concurrent mark sweep GC freed 3(96B) AllocSpace objects, 0(0B) LOS objects, 23% free, 52MB/68MB, paused 692us total 27.043ms
08-05 19:37:17.248 15507 15520 I art     : Starting a blocking GC Explicit
08-05 19:37:17.269 17606 17606 D ICU     : No timezone override file found: /data/misc/zoneinfo/current/icu/icu_tzdata.dat
08-05 19:37:17.274 15507 15520 I art     : Explicit concurrent mark sweep GC freed 3(96B) AllocSpace objects, 0(0B) LOS objects, 23% free, 52MB/68MB, paused 577us total 25.166ms
08-05 19:37:17.316 17606 17606 I Radio-JNI: register_android_hardware_Radio DONE
08-05 19:37:17.346 17606 17606 D AndroidRuntime: Calling main entry com.android.commands.input.Input
08-05 19:37:17.348 17606 17606 I Input   : injectMotionEvent: MotionEvent { action=ACTION_DOWN, actionButton=0, id[0]=0, x[0]=756.0, y[0]=1530.0, toolType[0]=TOOL_TYPE_UNKNOWN, buttonState=0, metaState=0, flags=0x0, edgeFlags=0x0, pointerCount=1, historySize=0, eventTime=819453761, downTime=819453761, deviceId=0, source=0x1002 }
08-05 19:37:17.355 17606 17606 I Input   : injectMotionEvent: MotionEvent { action=ACTION_UP, actionButton=0, id[0]=0, x[0]=756.0, y[0]=1530.0, toolType[0]=TOOL_TYPE_UNKNOWN, buttonState=0, metaState=0, flags=0x0, edgeFlags=0x0, pointerCount=1, historySize=0, eventTime=819453761, downTime=819453761, deviceId=0, source=0x1002 }
08-05 19:37:17.357 17606 17606 D AndroidRuntime: Shutting down VM
08-05 19:37:17.369   918  5132 I ActivityManager: START u0 {cmp=baseline.appteam.nith.hillffair/.activities.LeaderBoardActivity} from uid 10675 on display 0
08-05 19:37:17.371   512  2967 D audio_hw_primary: out_set_parameters: enter: usecase(1: low-latency-playback) kvpairs: routing=2
08-05 19:37:17.385   512  2967 D audio_hw_primary: select_devices: out_snd_device(2: speaker) in_snd_device(0: none)
08-05 19:37:17.385   512  2967 D msm8974_platform: platform_send_audio_calibration: sending audio calibration for snd_device(2) acdb_id(15)
08-05 19:37:17.385   512  2967 I soundtrigger: audio_extn_sound_trigger_update_device_status: device 0x2 of type 0 for Event 1
08-05 19:37:17.404   512  2967 D audio_hw_primary: enable_snd_device: snd_device(2: speaker)
08-05 19:37:17.406   512  2967 D audio_hw_primary: enable_audio_route: apply and update mixer path: low-latency-playback speaker
08-05 19:37:17.502 15507 15507 E RecyclerView: No adapter attached; skipping layout
08-05 19:37:17.506 15507 15507 E RecyclerView: No adapter attached; skipping layout
08-05 19:37:17.517 13866 13882 I PeriodicStatsRunner: PeriodicStatsRunner.call():175 call()
08-05 19:37:17.517 13866 13882 I PeriodicStatsRunner: PeriodicStatsRunner.call():179 No submit PeriodicStats since input started.
08-05 19:37:17.535   918   936 I ActivityManager: Displayed baseline.appteam.nith.hillffair/.activities.LeaderBoardActivity: +153ms
08-05 19:37:17.539 13866 13866 I GoogleInputMethodServic: GoogleInputMethodService.onFinishInput():3138 
08-05 19:37:17.540 15507 15507 E RecyclerView: No adapter attached; skipping layout
08-05 19:37:17.541 13866 13866 I GoogleInputMethodServic: GoogleInputMethodService.onStartInput():1808 
08-05 19:37:17.561 15507 16423 I art     : Starting a blocking GC Explicit
08-05 19:37:17.570 15507 15531 D OpenGLRenderer: endAllStagingAnimators on 0x7f94c07000 (RippleDrawable) with handle 0x7f80215260
08-05 19:37:17.589 15507 16423 I art     : Explicit concurrent mark sweep GC freed 6486(381KB) AllocSpace objects, 1(20KB) LOS objects, 23% free, 52MB/68MB, paused 629us total 27.263ms
08-05 19:37:17.599 15507 16423 I art     : Starting a blocking GC Explicit
08-05 19:37:17.623 15507 16423 I art     : Explicit concurrent mark sweep GC freed 277(12KB) AllocSpace objects, 0(0B) LOS objects, 23% free, 52MB/68MB, paused 596us total 23.740ms
08-05 19:37:17.634 15507 16423 I art     : Starting a blocking GC Explicit
08-05 19:37:17.658 15507 16423 I art     : Explicit concurrent mark sweep GC freed 3(96B) AllocSpace objects, 0(0B) LOS objects, 23% free, 52MB/68MB, paused 618us total 23.855ms
08-05 19:37:17.669 15507 16423 I art     : Starting a blocking GC Explicit
08-05 19:37:17.693 15507 16423 I art     : Explicit concurrent mark sweep GC freed 3(96B) AllocSpace objects, 0(0B) LOS objects, 23% free, 52MB/68MB, paused 608us total 24.524ms
08-05 19:37:17.705 15507 16423 I art     : Starting a blocking GC Explicit
08-05 19:37:17.730 15507 16423 I art     : Explicit concurrent mark sweep GC freed 3(96B) AllocSpace objects, 0(0B) LOS objects, 23% free, 52MB/68MB, paused 591us total 24.909ms
08-05 19:37:17.780   380   380 W SurfaceFlinger: couldn't log to binary event log: overflow.
08-05 19:37:17.949   512  2967 D audio_hw_primary: disable_audio_route: reset and update mixer path: low-latency-playback speaker
08-05 19:37:17.950   512  2967 D audio_hw_primary: disable_snd_device: snd_device(2: speaker)
08-05 19:37:17.958   512  2967 I soundtrigger: audio_extn_sound_trigger_update_device_status: device 0x2 of type 0 for Event 0
08-05 19:37:18.019 15507 16783 I art     : Starting a blocking GC Explicit
08-05 19:37:18.046 15507 16783 I art     : Explicit concurrent mark sweep GC freed 1464(85KB) AllocSpace objects, 1(20KB) LOS objects, 23% free, 52MB/68MB, paused 649us total 26.424ms
08-05 19:37:18.057 15507 16783 I art     : Starting a blocking GC Explicit
08-05 19:37:18.084 15507 16783 I art     : Explicit concurrent mark sweep GC freed 61(2080B) AllocSpace objects, 0(0B) LOS objects, 23% free, 52MB/68MB, paused 1.227ms total 26.567ms
08-05 19:37:18.095 15507 16783 I art     : Starting a blocking GC Explicit
08-05 19:37:18.120 15507 16783 I art     : Explicit concurrent mark sweep GC freed 15(576B) AllocSpace objects, 0(0B) LOS objects, 23% free, 52MB/68MB, paused 654us total 25.531ms
08-05 19:37:18.131 15507 16783 I art     : Starting a blocking GC Explicit
08-05 19:37:18.157 15507 16783 I art     : Explicit concurrent mark sweep GC freed 15(544B) AllocSpace objects, 0(0B) LOS objects, 23% free, 52MB/68MB, paused 684us total 25.325ms
08-05 19:37:18.167 15507 16783 I art     : Starting a blocking GC Explicit
08-05 19:37:18.194 15507 16783 I art     : Explicit concurrent mark sweep GC freed 13(480B) AllocSpace objects, 0(0B) LOS objects, 23% free, 52MB/68MB, paused 677us total 25.842ms
08-05 19:37:18.492 15507 15521 I art     : Starting a blocking GC Explicit
08-05 19:37:18.519 15507 15521 I art     : Explicit concurrent mark sweep GC freed 1405(80KB) AllocSpace objects, 1(20KB) LOS objects, 23% free, 52MB/68MB, paused 634us total 27.189ms
08-05 19:37:18.531 15507 15521 I art     : Starting a blocking GC Explicit
08-05 19:37:18.557 15507 15521 I art     : Explicit concurrent mark sweep GC freed 66(2240B) AllocSpace objects, 0(0B) LOS objects, 23% free, 52MB/68MB, paused 640us total 25.484ms
08-05 19:37:18.567 15507 15521 I art     : Starting a blocking GC Explicit
08-05 19:37:18.593 15507 15521 I art     : Explicit concurrent mark sweep GC freed 13(480B) AllocSpace objects, 0(0B) LOS objects, 23% free, 52MB/68MB, paused 643us total 25.367ms
08-05 19:37:18.604 15507 15521 I art     : Starting a blocking GC Explicit
08-05 19:37:18.629 15507 15521 I art     : Explicit concurrent mark sweep GC freed 580(51KB) AllocSpace objects, 0(0B) LOS objects, 23% free, 52MB/68MB, paused 727us total 25.281ms
08-05 19:37:18.640 15507 15521 I art     : Starting a blocking GC Explicit
08-05 19:37:18.659 15507 17631 D OkHttp  : --> GET https://api-hillfair-2k16.herokuapp.com/api/app/quiz/leaderboard?from=1 http/1.1
08-05 19:37:18.667 15507 15521 I art     : Explicit concurrent mark sweep GC freed 2062(82KB) AllocSpace objects, 2(120KB) LOS objects, 23% free, 52MB/68MB, paused 705us total 26.843ms
08-05 19:37:18.690 15507 17631 D OkHttp  : <-- 200 OK https://api-hillfair-2k16.herokuapp.com/api/app/quiz/leaderboard?from=1 (30ms, 56744-byte body)
08-05 19:37:18.766 15507 15507 I NAPPA_EXPERIMENTATION: MetricNetworkRequestExecutionTime: REQUEST_DURATION_SYSTEM='1347',REQUEST_DURATION_OKHTTP='31',REQUEST_SYNCHRONOUS='FALSE',RESPONSE_CODE='200',RESPONSE_METHOD='GET',RESPONSE_LENGTH_OKHTTP='56744',RESPONSE_LENGTH_HEADER='56744',REQUEST_PROTOCOL='http/1.1',REQUEST_URL='https://api-hillfair-2k16.herokuapp.com/api/app/quiz/leaderboard?from=1',
08-05 19:37:18.944 15507 15548 I art     : Starting a blocking GC Explicit
08-05 19:37:18.979 15507 15548 I art     : Explicit concurrent mark sweep GC freed 28559(1432KB) AllocSpace objects, 2(100KB) LOS objects, 23% free, 52MB/68MB, paused 616us total 34.272ms
08-05 19:37:18.993 15507 15548 I art     : Starting a blocking GC Explicit
08-05 19:37:19.020 15507 15548 I art     : Explicit concurrent mark sweep GC freed 121(4KB) AllocSpace objects, 0(0B) LOS objects, 23% free, 52MB/68MB, paused 603us total 26.681ms
08-05 19:37:19.031 15507 15548 I art     : Starting a blocking GC Explicit
08-05 19:37:19.059 15507 15548 I art     : Explicit concurrent mark sweep GC freed 3(96B) AllocSpace objects, 0(0B) LOS objects, 23% free, 52MB/68MB, paused 612us total 27.328ms
08-05 19:37:19.070 15507 15548 I art     : Starting a blocking GC Explicit
08-05 19:37:19.099 15507 15548 I art     : Explicit concurrent mark sweep GC freed 3(96B) AllocSpace objects, 0(0B) LOS objects, 23% free, 52MB/68MB, paused 628us total 28.684ms
08-05 19:37:19.110 15507 15548 I art     : Starting a blocking GC Explicit
08-05 19:37:19.140 15507 15548 I art     : Explicit concurrent mark sweep GC freed 3(96B) AllocSpace objects, 0(0B) LOS objects, 23% free, 52MB/68MB, paused 627us total 29.686ms
08-05 19:37:19.468 15507 15521 I art     : Starting a blocking GC Explicit
08-05 19:37:19.505 15507 15521 I art     : Explicit concurrent mark sweep GC freed 1344(78KB) AllocSpace objects, 1(20KB) LOS objects, 23% free, 52MB/68MB, paused 671us total 36.724ms
08-05 19:37:19.520 15507 15521 I art     : Starting a blocking GC Explicit
08-05 19:37:19.551 15507 15521 I art     : Explicit concurrent mark sweep GC freed 20(704B) AllocSpace objects, 0(0B) LOS objects, 23% free, 52MB/68MB, paused 632us total 31.243ms
08-05 19:37:19.560 13866 13882 I PeriodicStatsRunner: PeriodicStatsRunner.call():175 call()
08-05 19:37:19.560 13866 13882 I PeriodicStatsRunner: PeriodicStatsRunner.call():179 No submit PeriodicStats since input started.
08-05 19:37:19.563 15507 15521 I art     : Starting a blocking GC Explicit
08-05 19:37:19.595 15507 15521 I art     : Explicit concurrent mark sweep GC freed 3(96B) AllocSpace objects, 0(0B) LOS objects, 23% free, 52MB/68MB, paused 595us total 31.319ms
08-05 19:37:19.606 15507 15521 I art     : Starting a blocking GC Explicit
08-05 19:37:19.636 15507 15521 I art     : Explicit concurrent mark sweep GC freed 3(96B) AllocSpace objects, 0(0B) LOS objects, 23% free, 52MB/68MB, paused 638us total 29.756ms
08-05 19:37:19.648 15507 15521 I art     : Starting a blocking GC Explicit
08-05 19:37:19.680 15507 15521 I art     : Explicit concurrent mark sweep GC freed 3(96B) AllocSpace objects, 0(0B) LOS objects, 23% free, 52MB/68MB, paused 618us total 31.471ms
08-05 19:37:19.942  7260  7262 E QC-QMI  : qmi_client [7260] 5ab: failed to locate client data
08-05 19:37:19.944  7260  7260 I Atfwd_Daemon: Stop the daemon....
08-05 19:37:19.945   519   519 E QC-QMI  : qmuxd: RX on fd=18 returned error=0 errno[2:No such file or directory]
08-05 19:37:19.945   519   519 E QC-QMI  : QMUX qmux_client_id=5ab not found in qmux client list, unable to remove
08-05 19:37:19.959 17695 17695 W ATFWD-daemon: type=1400 audit(0.0:739686): avc: denied { read write } for name="diag" dev="tmpfs" ino=1296 scontext=u:r:atfwd:s0 tcontext=u:object_r:diag_device:s0 tclass=chr_file permissive=0
08-05 19:37:19.974 17695 17695 I libmdmdetect: ESOC framework not supported
08-05 19:37:19.974 17695 17695 I libmdmdetect: Found internal modem: modem
08-05 19:37:19.975 17695 17695 E Diag_Lib:  Diag_LSM_Init: Failed to open handle to diag driver, error = 13
08-05 19:37:19.979 17695 17695 I Atfwd_Daemon: result : 255 	 ,Init step :0 	 ,qmiErrorCode: 0
08-05 19:37:19.979 17695 17695 I Atfwd_Daemon: result : 0 	 ,Init step :1 	 ,qmiErrorCode: 0
08-05 19:37:19.980 17695 17695 I ServiceManager: Waiting for service AtCmdFwd...
08-05 19:37:20.014 15507 16783 I art     : Starting a blocking GC Explicit
08-05 19:37:20.046 15507 16783 I art     : Explicit concurrent mark sweep GC freed 1344(78KB) AllocSpace objects, 1(20KB) LOS objects, 23% free, 52MB/68MB, paused 658us total 30.780ms
08-05 19:37:20.060 15507 16783 I art     : Starting a blocking GC Explicit
08-05 19:37:20.089 15507 16783 I art     : Explicit concurrent mark sweep GC freed 20(704B) AllocSpace objects, 0(0B) LOS objects, 23% free, 52MB/68MB, paused 611us total 29.121ms
08-05 19:37:20.101 15507 16783 I art     : Starting a blocking GC Explicit
08-05 19:37:20.130 15507 16783 I art     : Explicit concurrent mark sweep GC freed 3(96B) AllocSpace objects, 0(0B) LOS objects, 23% free, 52MB/68MB, paused 616us total 28.937ms
08-05 19:37:20.142 15507 16783 I art     : Starting a blocking GC Explicit
08-05 19:37:20.174 15507 16783 I art     : Explicit concurrent mark sweep GC freed 3(96B) AllocSpace objects, 0(0B) LOS objects, 23% free, 52MB/68MB, paused 631us total 31.871ms
08-05 19:37:20.186 15507 16783 I art     : Starting a blocking GC Explicit
08-05 19:37:20.217 15507 16783 I art     : Explicit concurrent mark sweep GC freed 3(96B) AllocSpace objects, 0(0B) LOS objects, 23% free, 52MB/68MB, paused 692us total 31.337ms
08-05 19:37:20.543 15507 16423 I art     : Starting a blocking GC Explicit
08-05 19:37:20.572 15507 16423 I art     : Explicit concurrent mark sweep GC freed 1344(78KB) AllocSpace objects, 1(20KB) LOS objects, 23% free, 52MB/68MB, paused 622us total 28.335ms
08-05 19:37:20.583 15507 16423 I art     : Starting a blocking GC Explicit
08-05 19:37:20.612 15507 16423 I art     : Explicit concurrent mark sweep GC freed 38(1376B) AllocSpace objects, 0(0B) LOS objects, 23% free, 52MB/68MB, paused 583us total 28.543ms
08-05 19:37:20.623 15507 16423 I art     : Starting a blocking GC Explicit
08-05 19:37:20.653 15507 16423 I art     : Explicit concurrent mark sweep GC freed 3(96B) AllocSpace objects, 0(0B) LOS objects, 23% free, 52MB/68MB, paused 634us total 29.113ms
08-05 19:37:20.665 15507 16423 I art     : Starting a blocking GC Explicit
08-05 19:37:20.696 15507 16423 I art     : Explicit concurrent mark sweep GC freed 3(96B) AllocSpace objects, 0(0B) LOS objects, 23% free, 52MB/68MB, paused 627us total 31.445ms
08-05 19:37:20.708 15507 16423 I art     : Starting a blocking GC Explicit
08-05 19:37:20.739 15507 16423 I art     : Explicit concurrent mark sweep GC freed 3(96B) AllocSpace objects, 0(0B) LOS objects, 23% free, 52MB/68MB, paused 609us total 30.506ms
08-05 19:37:20.980 17695 17695 I ServiceManager: Waiting for service AtCmdFwd...
08-05 19:37:21.071 15507 15548 I art     : Starting a blocking GC Explicit
08-05 19:37:21.110 15507 15548 I art     : Explicit concurrent mark sweep GC freed 1344(78KB) AllocSpace objects, 1(20KB) LOS objects, 23% free, 52MB/68MB, paused 631us total 38.826ms
08-05 19:37:21.125 15507 15548 I art     : Starting a blocking GC Explicit
08-05 19:37:21.155 15507 15548 I art     : Explicit concurrent mark sweep GC freed 20(704B) AllocSpace objects, 0(0B) LOS objects, 23% free, 52MB/68MB, paused 629us total 29.985ms
08-05 19:37:21.167 15507 15548 I art     : Starting a blocking GC Explicit
08-05 19:37:21.198 15507 15548 I art     : Explicit concurrent mark sweep GC freed 3(96B) AllocSpace objects, 0(0B) LOS objects, 23% free, 52MB/68MB, paused 650us total 31.072ms
08-05 19:37:21.210 15507 15548 I art     : Starting a blocking GC Explicit
08-05 19:37:21.240 15507 15548 I art     : Explicit concurrent mark sweep GC freed 3(96B) AllocSpace objects, 0(0B) LOS objects, 23% free, 52MB/68MB, paused 598us total 29.759ms
08-05 19:37:21.252 15507 15548 I art     : Starting a blocking GC Explicit
08-05 19:37:21.282 15507 15548 I art     : Explicit concurrent mark sweep GC freed 3(96B) AllocSpace objects, 0(0B) LOS objects, 23% free, 52MB/68MB, paused 622us total 29.602ms
08-05 19:37:21.619 15507 15521 I art     : Starting a blocking GC Explicit
08-05 19:37:21.653 15507 15521 I art     : Explicit concurrent mark sweep GC freed 1357(78KB) AllocSpace objects, 1(20KB) LOS objects, 23% free, 52MB/68MB, paused 585us total 33.316ms
08-05 19:37:21.664 15507 15521 I art     : Starting a blocking GC Explicit
08-05 19:37:21.692 15507 15521 I art     : Explicit concurrent mark sweep GC freed 34(1136B) AllocSpace objects, 0(0B) LOS objects, 23% free, 52MB/68MB, paused 645us total 28.196ms
08-05 19:37:21.704 15507 15521 I art     : Starting a blocking GC Explicit
08-05 19:37:21.731 15507 15521 I art     : Explicit concurrent mark sweep GC freed 3(96B) AllocSpace objects, 0(0B) LOS objects, 23% free, 52MB/68MB, paused 613us total 27.200ms
08-05 19:37:21.743 15507 15521 I art     : Starting a blocking GC Explicit
08-05 19:37:21.771 15507 15521 I art     : Explicit concurrent mark sweep GC freed 3(96B) AllocSpace objects, 0(0B) LOS objects, 23% free, 52MB/68MB, paused 616us total 28.410ms
08-05 19:37:21.783 15507 15521 I art     : Starting a blocking GC Explicit
08-05 19:37:21.813 15507 15521 I art     : Explicit concurrent mark sweep GC freed 3(96B) AllocSpace objects, 0(0B) LOS objects, 23% free, 52MB/68MB, paused 611us total 29.735ms
08-05 19:37:21.981 17695 17695 I ServiceManager: Waiting for service AtCmdFwd...
08-05 19:37:22.136 15507 16783 I art     : Starting a blocking GC Explicit
08-05 19:37:22.143 17729 17729 D AndroidRuntime: >>>>>> START com.android.internal.os.RuntimeInit uid 2000 <<<<<<
08-05 19:37:22.150 17729 17729 D AndroidRuntime: CheckJNI is OFF
08-05 19:37:22.166 15507 16783 I art     : Explicit concurrent mark sweep GC freed 1344(78KB) AllocSpace objects, 1(20KB) LOS objects, 23% free, 52MB/68MB, paused 634us total 30.279ms
08-05 19:37:22.178 15507 16783 I art     : Starting a blocking GC Explicit
08-05 19:37:22.198 17729 17729 D ICU     : No timezone override file found: /data/misc/zoneinfo/current/icu/icu_tzdata.dat
08-05 19:37:22.207 15507 16783 I art     : Explicit concurrent mark sweep GC freed 20(704B) AllocSpace objects, 0(0B) LOS objects, 23% free, 52MB/68MB, paused 621us total 28.713ms
08-05 19:37:22.218 15507 16783 I art     : Starting a blocking GC Explicit
08-05 19:37:22.244 17729 17729 I Radio-JNI: register_android_hardware_Radio DONE
08-05 19:37:22.246 15507 16783 I art     : Explicit concurrent mark sweep GC freed 3(96B) AllocSpace objects, 0(0B) LOS objects, 23% free, 52MB/68MB, paused 641us total 27.882ms
08-05 19:37:22.257 15507 16783 I art     : Starting a blocking GC Explicit
08-05 19:37:22.275 17729 17729 D AndroidRuntime: Calling main entry com.android.commands.input.Input
08-05 19:37:22.277 17729 17729 I Input   : injectKeyEvent: KeyEvent { action=ACTION_DOWN, keyCode=KEYCODE_BACK, scanCode=0, metaState=0, flags=0x0, repeatCount=0, eventTime=819458690, downTime=819458690, deviceId=-1, source=0x101 }
08-05 19:37:22.283 17729 17729 I Input   : injectKeyEvent: KeyEvent { action=ACTION_UP, keyCode=KEYCODE_BACK, scanCode=0, metaState=0, flags=0x0, repeatCount=0, eventTime=819458690, downTime=819458690, deviceId=-1, source=0x101 }
08-05 19:37:22.286 15507 16783 I art     : Explicit concurrent mark sweep GC freed 5(208B) AllocSpace objects, 0(0B) LOS objects, 23% free, 52MB/68MB, paused 784us total 28.245ms
08-05 19:37:22.290 17729 17729 D AndroidRuntime: Shutting down VM
08-05 19:37:22.297 15507 16783 I art     : Starting a blocking GC Explicit
08-05 19:37:22.323 15507 16783 I art     : Explicit concurrent mark sweep GC freed 103(5KB) AllocSpace objects, 0(0B) LOS objects, 23% free, 52MB/68MB, paused 562us total 25.453ms
08-05 19:37:22.327 13866 13866 I GoogleInputMethodServic: GoogleInputMethodService.onFinishInput():3138 
08-05 19:37:22.328 13866 13866 I GoogleInputMethodServic: GoogleInputMethodService.onStartInput():1808 
08-05 19:37:22.542 13866 13882 I PeriodicStatsRunner: PeriodicStatsRunner.call():175 call()
08-05 19:37:22.542 13866 13882 I PeriodicStatsRunner: PeriodicStatsRunner.call():179 No submit PeriodicStats since input started.
08-05 19:37:22.618   380   380 W SurfaceFlinger: couldn't log to binary event log: overflow.
08-05 19:37:22.626 15507 15548 I art     : Starting a blocking GC Explicit
08-05 19:37:22.655 15507 15548 I art     : Explicit concurrent mark sweep GC freed 1499(88KB) AllocSpace objects, 1(20KB) LOS objects, 23% free, 52MB/68MB, paused 592us total 28.090ms
08-05 19:37:22.666 15507 15548 I art     : Starting a blocking GC Explicit
08-05 19:37:22.691 15507 15548 I art     : Explicit concurrent mark sweep GC freed 4704(269KB) AllocSpace objects, 2(140KB) LOS objects, 23% free, 52MB/68MB, paused 588us total 24.838ms
08-05 19:37:22.702 15507 15548 I art     : Starting a blocking GC Explicit
08-05 19:37:22.728 15507 15548 I art     : Explicit concurrent mark sweep GC freed 3(96B) AllocSpace objects, 0(0B) LOS objects, 23% free, 52MB/68MB, paused 587us total 26.103ms
08-05 19:37:22.739 15507 15548 I art     : Starting a blocking GC Explicit
08-05 19:37:22.765 15507 15548 I art     : Explicit concurrent mark sweep GC freed 3(96B) AllocSpace objects, 0(0B) LOS objects, 23% free, 52MB/68MB, paused 562us total 25.879ms
08-05 19:37:22.776 15507 15548 I art     : Starting a blocking GC Explicit
08-05 19:37:22.803 15507 15548 I art     : Explicit concurrent mark sweep GC freed 3(96B) AllocSpace objects, 0(0B) LOS objects, 23% free, 52MB/68MB, paused 628us total 26.317ms
08-05 19:37:22.981 17695 17695 I ServiceManager: Waiting for service AtCmdFwd...
08-05 19:37:23.107 15507 16783 I art     : Starting a blocking GC Explicit
08-05 19:37:23.138 15507 16783 I art     : Explicit concurrent mark sweep GC freed 1344(78KB) AllocSpace objects, 1(20KB) LOS objects, 23% free, 52MB/68MB, paused 863us total 30.424ms
08-05 19:37:23.151 15507 16783 I art     : Starting a blocking GC Explicit
08-05 19:37:23.178 15507 16783 I art     : Explicit concurrent mark sweep GC freed 20(704B) AllocSpace objects, 0(0B) LOS objects, 23% free, 52MB/68MB, paused 625us total 26.716ms
08-05 19:37:23.189 15507 16783 I art     : Starting a blocking GC Explicit
08-05 19:37:23.215 15507 16783 I art     : Explicit concurrent mark sweep GC freed 3(96B) AllocSpace objects, 0(0B) LOS objects, 23% free, 52MB/68MB, paused 587us total 26.051ms
08-05 19:37:23.226 15507 16783 I art     : Starting a blocking GC Explicit
08-05 19:37:23.253 15507 16783 I art     : Explicit concurrent mark sweep GC freed 3(96B) AllocSpace objects, 0(0B) LOS objects, 23% free, 52MB/68MB, paused 596us total 26.379ms
08-05 19:37:23.264 15507 16783 I art     : Starting a blocking GC Explicit
08-05 19:37:23.291 15507 16783 I art     : Explicit concurrent mark sweep GC freed 3(96B) AllocSpace objects, 0(0B) LOS objects, 23% free, 52MB/68MB, paused 595us total 26.506ms
08-05 19:37:23.598 15507 15521 I art     : Starting a blocking GC Explicit
08-05 19:37:23.630 15507 15521 I art     : Explicit concurrent mark sweep GC freed 1343(78KB) AllocSpace objects, 1(20KB) LOS objects, 23% free, 52MB/68MB, paused 632us total 30.915ms
08-05 19:37:23.641 15507 15521 I art     : Starting a blocking GC Explicit
08-05 19:37:23.668 15507 15521 I art     : Explicit concurrent mark sweep GC freed 20(704B) AllocSpace objects, 0(0B) LOS objects, 23% free, 52MB/68MB, paused 640us total 25.926ms
08-05 19:37:23.678 15507 15521 I art     : Starting a blocking GC Explicit
08-05 19:37:23.704 15507 15521 I art     : Explicit concurrent mark sweep GC freed 3(96B) AllocSpace objects, 0(0B) LOS objects, 23% free, 52MB/68MB, paused 580us total 24.936ms
08-05 19:37:23.715 15507 15521 I art     : Starting a blocking GC Explicit
08-05 19:37:23.740 15507 15521 I art     : Explicit concurrent mark sweep GC freed 3(96B) AllocSpace objects, 0(0B) LOS objects, 23% free, 52MB/68MB, paused 562us total 25.053ms
08-05 19:37:23.751 15507 15521 I art     : Starting a blocking GC Explicit
08-05 19:37:23.776 15507 15521 I art     : Explicit concurrent mark sweep GC freed 3(96B) AllocSpace objects, 0(0B) LOS objects, 23% free, 52MB/68MB, paused 578us total 25.125ms
08-05 19:37:23.982 17695 17695 I ServiceManager: Waiting for service AtCmdFwd...
08-05 19:37:24.058 17783 17783 D AndroidRuntime: >>>>>> START com.android.internal.os.RuntimeInit uid 2000 <<<<<<
08-05 19:37:24.063 17783 17783 D AndroidRuntime: CheckJNI is OFF
08-05 19:37:24.092 15507 15520 I art     : Starting a blocking GC Explicit
08-05 19:37:24.107 17783 17783 D ICU     : No timezone override file found: /data/misc/zoneinfo/current/icu/icu_tzdata.dat
08-05 19:37:24.118 15507 15520 I art     : Explicit concurrent mark sweep GC freed 1367(79KB) AllocSpace objects, 1(20KB) LOS objects, 23% free, 52MB/68MB, paused 647us total 26.125ms
08-05 19:37:24.130 15507 15520 I art     : Starting a blocking GC Explicit
08-05 19:37:24.151 17783 17783 I Radio-JNI: register_android_hardware_Radio DONE
08-05 19:37:24.156 15507 15520 I art     : Explicit concurrent mark sweep GC freed 24(832B) AllocSpace objects, 0(0B) LOS objects, 23% free, 52MB/68MB, paused 636us total 25.863ms
08-05 19:37:24.166 15507 15520 I art     : Starting a blocking GC Explicit
08-05 19:37:24.180 17783 17783 D AndroidRuntime: Calling main entry com.android.commands.input.Input
08-05 19:37:24.182 17783 17783 I Input   : injectMotionEvent: MotionEvent { action=ACTION_DOWN, actionButton=0, id[0]=0, x[0]=648.0, y[0]=1050.0, toolType[0]=TOOL_TYPE_UNKNOWN, buttonState=0, metaState=0, flags=0x0, edgeFlags=0x0, pointerCount=1, historySize=0, eventTime=819460595, downTime=819460595, deviceId=0, source=0x1002 }
08-05 19:37:24.191 15507 15520 I art     : Explicit concurrent mark sweep GC freed 5(160B) AllocSpace objects, 0(0B) LOS objects, 23% free, 52MB/68MB, paused 624us total 24.148ms
08-05 19:37:24.191 17783 17783 I Input   : injectMotionEvent: MotionEvent { action=ACTION_UP, actionButton=0, id[0]=0, x[0]=648.0, y[0]=1050.0, toolType[0]=TOOL_TYPE_UNKNOWN, buttonState=0, metaState=0, flags=0x0, edgeFlags=0x0, pointerCount=1, historySize=0, eventTime=819460595, downTime=819460595, deviceId=0, source=0x1002 }
08-05 19:37:24.194 17783 17783 D AndroidRuntime: Shutting down VM
08-05 19:37:24.201 15507 15520 I art     : Starting a blocking GC Explicit
08-05 19:37:24.206   918  5132 I ActivityManager: START u0 {cmp=baseline.appteam.nith.hillffair/.activities.InformationActivity} from uid 10675 on display 0
08-05 19:37:24.207   512  2967 D audio_hw_primary: out_set_parameters: enter: usecase(1: low-latency-playback) kvpairs: routing=2
08-05 19:37:24.220   512  2967 D audio_hw_primary: select_devices: out_snd_device(2: speaker) in_snd_device(0: none)
08-05 19:37:24.221   512  2967 D msm8974_platform: platform_send_audio_calibration: sending audio calibration for snd_device(2) acdb_id(15)
08-05 19:37:24.221   512  2967 I soundtrigger: audio_extn_sound_trigger_update_device_status: device 0x2 of type 0 for Event 1
08-05 19:37:24.226 15507 15520 I art     : Explicit concurrent mark sweep GC freed 154(15KB) AllocSpace objects, 0(0B) LOS objects, 23% free, 52MB/68MB, paused 673us total 24.941ms
08-05 19:37:24.232   512  2967 D audio_hw_primary: enable_snd_device: snd_device(2: speaker)
08-05 19:37:24.235   512  2967 D audio_hw_primary: enable_audio_route: apply and update mixer path: low-latency-playback speaker
08-05 19:37:24.242 15507 15520 I art     : Starting a blocking GC Explicit
08-05 19:37:24.266 15507 15520 I art     : Explicit concurrent mark sweep GC freed 701(55KB) AllocSpace objects, 0(0B) LOS objects, 23% free, 52MB/68MB, paused 793us total 23.399ms
08-05 19:37:24.354 13866 13866 I GoogleInputMethodServic: GoogleInputMethodService.onFinishInput():3138 
08-05 19:37:24.356   918   936 I ActivityManager: Displayed baseline.appteam.nith.hillffair/.activities.InformationActivity: +138ms
08-05 19:37:24.357 13866 13866 I GoogleInputMethodServic: GoogleInputMethodService.onStartInput():1808 
08-05 19:37:24.378 15507 15531 D OpenGLRenderer: endAllStagingAnimators on 0x7f9107bc00 (RippleDrawable) with handle 0x7f802152c0
08-05 19:37:24.551 15507 16423 I art     : Starting a blocking GC Explicit
08-05 19:37:24.591 15507 16423 I art     : Explicit concurrent mark sweep GC freed 1662(92KB) AllocSpace objects, 1(20KB) LOS objects, 23% free, 52MB/68MB, paused 960us total 39.764ms
08-05 19:37:24.605   380   380 W SurfaceFlinger: couldn't log to binary event log: overflow.
08-05 19:37:24.607 15507 16423 I art     : Starting a blocking GC Explicit
08-05 19:37:24.637 15507 16423 I art     : Explicit concurrent mark sweep GC freed 53(2048B) AllocSpace objects, 0(0B) LOS objects, 23% free, 52MB/68MB, paused 657us total 29.734ms
08-05 19:37:24.648 15507 16423 I art     : Starting a blocking GC Explicit
08-05 19:37:24.673 15507 16423 I art     : Explicit concurrent mark sweep GC freed 5(160B) AllocSpace objects, 0(0B) LOS objects, 23% free, 52MB/68MB, paused 574us total 24.602ms
08-05 19:37:24.683 15507 16423 I art     : Starting a blocking GC Explicit
08-05 19:37:24.707 15507 16423 I art     : Explicit concurrent mark sweep GC freed 5(160B) AllocSpace objects, 0(0B) LOS objects, 23% free, 52MB/68MB, paused 538us total 23.424ms
08-05 19:37:24.717 15507 16423 I art     : Starting a blocking GC Explicit
08-05 19:37:24.742 15507 16423 I art     : Explicit concurrent mark sweep GC freed 148(8KB) AllocSpace objects, 0(0B) LOS objects, 23% free, 52MB/68MB, paused 619us total 25.005ms
08-05 19:37:24.780   512  2967 D audio_hw_primary: disable_audio_route: reset and update mixer path: low-latency-playback speaker
08-05 19:37:24.782   512  2967 D audio_hw_primary: disable_snd_device: snd_device(2: speaker)
08-05 19:37:24.790   512  2967 I soundtrigger: audio_extn_sound_trigger_update_device_status: device 0x2 of type 0 for Event 0
08-05 19:37:24.982 17695 17695 W Atfwd_Sendcmd: AtCmdFwd service not published, waiting... retryCnt : 1
08-05 19:37:25.043 15507 15521 I art     : Starting a blocking GC Explicit
08-05 19:37:25.078 15507 15521 I art     : Explicit concurrent mark sweep GC freed 1353(78KB) AllocSpace objects, 1(20KB) LOS objects, 23% free, 52MB/68MB, paused 686us total 34.858ms
08-05 19:37:25.092 15507 15521 I art     : Starting a blocking GC Explicit
08-05 19:37:25.120 15507 15521 I art     : Explicit concurrent mark sweep GC freed 20(704B) AllocSpace objects, 0(0B) LOS objects, 23% free, 52MB/68MB, paused 600us total 27.564ms
08-05 19:37:25.131 15507 15521 I art     : Starting a blocking GC Explicit
08-05 19:37:25.159 15507 15521 I art     : Explicit concurrent mark sweep GC freed 3(96B) AllocSpace objects, 0(0B) LOS objects, 23% free, 52MB/68MB, paused 599us total 27.371ms
08-05 19:37:25.170 15507 15521 I art     : Starting a blocking GC Explicit
08-05 19:37:25.198 15507 15521 I art     : Explicit concurrent mark sweep GC freed 3(96B) AllocSpace objects, 0(0B) LOS objects, 23% free, 52MB/68MB, paused 632us total 27.191ms
08-05 19:37:25.209 15507 15521 I art     : Starting a blocking GC Explicit
08-05 19:37:25.236 15507 15521 I art     : Explicit concurrent mark sweep GC freed 3(96B) AllocSpace objects, 0(0B) LOS objects, 23% free, 52MB/68MB, paused 590us total 26.598ms
08-05 19:37:25.542 15507 16783 I art     : Starting a blocking GC Explicit
08-05 19:37:25.578 15507 16783 I art     : Explicit concurrent mark sweep GC freed 1344(78KB) AllocSpace objects, 1(20KB) LOS objects, 23% free, 52MB/68MB, paused 654us total 35.163ms
08-05 19:37:25.592 15507 16783 I art     : Starting a blocking GC Explicit
08-05 19:37:25.619 15507 16783 I art     : Explicit concurrent mark sweep GC freed 20(704B) AllocSpace objects, 0(0B) LOS objects, 23% free, 52MB/68MB, paused 595us total 27.282ms
08-05 19:37:25.630 15507 16783 I art     : Starting a blocking GC Explicit
08-05 19:37:25.658 15507 16783 I art     : Explicit concurrent mark sweep GC freed 3(96B) AllocSpace objects, 0(0B) LOS objects, 23% free, 52MB/68MB, paused 624us total 27.363ms
08-05 19:37:25.669 15507 16783 I art     : Starting a blocking GC Explicit
08-05 19:37:25.696 15507 16783 I art     : Explicit concurrent mark sweep GC freed 3(96B) AllocSpace objects, 0(0B) LOS objects, 23% free, 52MB/68MB, paused 588us total 26.570ms
08-05 19:37:25.707 15507 16783 I art     : Starting a blocking GC Explicit
08-05 19:37:25.735 15507 16783 I art     : Explicit concurrent mark sweep GC freed 3(96B) AllocSpace objects, 0(0B) LOS objects, 23% free, 52MB/68MB, paused 586us total 27.370ms
08-05 19:37:26.075 15507 15521 I art     : Starting a blocking GC Explicit
08-05 19:37:26.102 15507 15521 I art     : Explicit concurrent mark sweep GC freed 1371(79KB) AllocSpace objects, 1(20KB) LOS objects, 23% free, 52MB/68MB, paused 556us total 27.414ms
08-05 19:37:26.114 15507 15521 I art     : Starting a blocking GC Explicit
08-05 19:37:26.141 15507 15521 I art     : Explicit concurrent mark sweep GC freed 23(800B) AllocSpace objects, 0(0B) LOS objects, 23% free, 52MB/68MB, paused 563us total 26.872ms
08-05 19:37:26.152 15507 15521 I art     : Starting a blocking GC Explicit
08-05 19:37:26.179 15507 15521 I art     : Explicit concurrent mark sweep GC freed 3(96B) AllocSpace objects, 0(0B) LOS objects, 23% free, 52MB/68MB, paused 558us total 26.393ms
08-05 19:37:26.190 15507 15521 I art     : Starting a blocking GC Explicit
08-05 19:37:26.217 15507 15521 I art     : Explicit concurrent mark sweep GC freed 3(96B) AllocSpace objects, 0(0B) LOS objects, 23% free, 52MB/68MB, paused 729us total 26.767ms
08-05 19:37:26.228 15507 15521 I art     : Starting a blocking GC Explicit
08-05 19:37:26.257 15507 15521 I art     : Explicit concurrent mark sweep GC freed 3(96B) AllocSpace objects, 0(0B) LOS objects, 23% free, 52MB/68MB, paused 666us total 28.922ms
08-05 19:37:26.592 15507 16423 I art     : Starting a blocking GC Explicit
08-05 19:37:26.628 15507 16423 I art     : Explicit concurrent mark sweep GC freed 1344(78KB) AllocSpace objects, 1(20KB) LOS objects, 23% free, 52MB/68MB, paused 661us total 35.552ms
08-05 19:37:26.643 15507 16423 I art     : Starting a blocking GC Explicit
08-05 19:37:26.674 15507 16423 I art     : Explicit concurrent mark sweep GC freed 20(704B) AllocSpace objects, 0(0B) LOS objects, 23% free, 52MB/68MB, paused 605us total 30.548ms
08-05 19:37:26.686 15507 16423 I art     : Starting a blocking GC Explicit
08-05 19:37:26.715 15507 16423 I art     : Explicit concurrent mark sweep GC freed 3(96B) AllocSpace objects, 0(0B) LOS objects, 23% free, 52MB/68MB, paused 617us total 28.821ms
08-05 19:37:26.726 15507 16423 I art     : Starting a blocking GC Explicit
08-05 19:37:26.756 15507 16423 I art     : Explicit concurrent mark sweep GC freed 3(96B) AllocSpace objects, 0(0B) LOS objects, 23% free, 52MB/68MB, paused 601us total 29.498ms
08-05 19:37:26.768 15507 16423 I art     : Starting a blocking GC Explicit
08-05 19:37:26.796 15507 16423 I art     : Explicit concurrent mark sweep GC freed 3(96B) AllocSpace objects, 0(0B) LOS objects, 23% free, 52MB/68MB, paused 583us total 28.347ms
08-05 19:37:27.136 15507 16783 I art     : Starting a blocking GC Explicit
08-05 19:37:27.172 15507 16783 I art     : Explicit concurrent mark sweep GC freed 1344(78KB) AllocSpace objects, 1(20KB) LOS objects, 23% free, 52MB/68MB, paused 617us total 36.519ms
08-05 19:37:27.184 15507 16783 I art     : Starting a blocking GC Explicit
08-05 19:37:27.214 15507 16783 I art     : Explicit concurrent mark sweep GC freed 20(704B) AllocSpace objects, 0(0B) LOS objects, 23% free, 52MB/68MB, paused 606us total 29.780ms
08-05 19:37:27.225 15507 16783 I art     : Starting a blocking GC Explicit
08-05 19:37:27.255 15507 16783 I art     : Explicit concurrent mark sweep GC freed 3(96B) AllocSpace objects, 0(0B) LOS objects, 23% free, 52MB/68MB, paused 698us total 29.279ms
08-05 19:37:27.267 15507 16783 I art     : Starting a blocking GC Explicit
08-05 19:37:27.295 15507 16783 I art     : Explicit concurrent mark sweep GC freed 3(96B) AllocSpace objects, 0(0B) LOS objects, 23% free, 52MB/68MB, paused 602us total 28.303ms
08-05 19:37:27.307 15507 16783 I art     : Starting a blocking GC Explicit
08-05 19:37:27.328 13866 13882 I PeriodicStatsRunner: PeriodicStatsRunner.call():175 call()
08-05 19:37:27.328 13866 13882 I PeriodicStatsRunner: PeriodicStatsRunner.call():179 No submit PeriodicStats since input started.
08-05 19:37:27.337 15507 16783 I art     : Explicit concurrent mark sweep GC freed 3(96B) AllocSpace objects, 0(0B) LOS objects, 23% free, 52MB/68MB, paused 596us total 29.464ms
08-05 19:37:27.670 15507 15548 I art     : Starting a blocking GC Explicit
08-05 19:37:27.703 15507 15548 I art     : Explicit concurrent mark sweep GC freed 1344(78KB) AllocSpace objects, 1(20KB) LOS objects, 23% free, 52MB/68MB, paused 620us total 32.133ms
08-05 19:37:27.716 15507 15548 I art     : Starting a blocking GC Explicit
08-05 19:37:27.746 15507 15548 I art     : Explicit concurrent mark sweep GC freed 20(704B) AllocSpace objects, 0(0B) LOS objects, 23% free, 52MB/68MB, paused 584us total 29.201ms
08-05 19:37:27.757 15507 15548 I art     : Starting a blocking GC Explicit
08-05 19:37:27.786 15507 15548 I art     : Explicit concurrent mark sweep GC freed 3(96B) AllocSpace objects, 0(0B) LOS objects, 23% free, 52MB/68MB, paused 600us total 28.050ms
08-05 19:37:27.797 15507 15548 I art     : Starting a blocking GC Explicit
08-05 19:37:27.827 15507 15548 I art     : Explicit concurrent mark sweep GC freed 3(96B) AllocSpace objects, 0(0B) LOS objects, 23% free, 52MB/68MB, paused 635us total 29.619ms
08-05 19:37:27.838 15507 15548 I art     : Starting a blocking GC Explicit
08-05 19:37:27.868 15507 15548 I art     : Explicit concurrent mark sweep GC freed 3(96B) AllocSpace objects, 0(0B) LOS objects, 23% free, 52MB/68MB, paused 622us total 29.681ms
08-05 19:37:28.198 15507 15520 I art     : Starting a blocking GC Explicit
08-05 19:37:28.236 15507 15520 I art     : Explicit concurrent mark sweep GC freed 1344(78KB) AllocSpace objects, 1(20KB) LOS objects, 23% free, 52MB/68MB, paused 646us total 36.617ms
08-05 19:37:28.251 15507 15520 I art     : Starting a blocking GC Explicit
08-05 19:37:28.280 15507 15520 I art     : Explicit concurrent mark sweep GC freed 20(704B) AllocSpace objects, 0(0B) LOS objects, 23% free, 52MB/68MB, paused 611us total 28.715ms
08-05 19:37:28.291 15507 15520 I art     : Starting a blocking GC Explicit
08-05 19:37:28.321 15507 15520 I art     : Explicit concurrent mark sweep GC freed 3(96B) AllocSpace objects, 0(0B) LOS objects, 23% free, 52MB/68MB, paused 602us total 29.695ms
08-05 19:37:28.333 15507 15520 I art     : Starting a blocking GC Explicit
08-05 19:37:28.363 15507 15520 I art     : Explicit concurrent mark sweep GC freed 3(96B) AllocSpace objects, 0(0B) LOS objects, 23% free, 52MB/68MB, paused 616us total 29.436ms
08-05 19:37:28.374 15507 15520 I art     : Starting a blocking GC Explicit
08-05 19:37:28.403 15507 15520 I art     : Explicit concurrent mark sweep GC freed 3(96B) AllocSpace objects, 0(0B) LOS objects, 23% free, 52MB/68MB, paused 599us total 28.233ms
08-05 19:37:28.711 15507 15521 I art     : Starting a blocking GC Explicit
08-05 19:37:28.742 15507 15521 I art     : Explicit concurrent mark sweep GC freed 1344(78KB) AllocSpace objects, 1(20KB) LOS objects, 23% free, 52MB/68MB, paused 666us total 31.113ms
08-05 19:37:28.756 15507 15521 I art     : Starting a blocking GC Explicit
08-05 19:37:28.784 15507 15521 I art     : Explicit concurrent mark sweep GC freed 20(704B) AllocSpace objects, 0(0B) LOS objects, 23% free, 52MB/68MB, paused 622us total 27.973ms
08-05 19:37:28.796 15507 15521 I art     : Starting a blocking GC Explicit
08-05 19:37:28.825 15507 15521 I art     : Explicit concurrent mark sweep GC freed 3(96B) AllocSpace objects, 0(0B) LOS objects, 23% free, 52MB/68MB, paused 609us total 29.050ms
08-05 19:37:28.836 15507 15521 I art     : Starting a blocking GC Explicit
08-05 19:37:28.864 15507 15521 I art     : Explicit concurrent mark sweep GC freed 3(96B) AllocSpace objects, 0(0B) LOS objects, 23% free, 52MB/68MB, paused 590us total 27.317ms
08-05 19:37:28.875 15507 15521 I art     : Starting a blocking GC Explicit
08-05 19:37:28.904 15507 15521 I art     : Explicit concurrent mark sweep GC freed 3(96B) AllocSpace objects, 0(0B) LOS objects, 23% free, 52MB/68MB, paused 624us total 28.660ms
08-05 19:37:28.993 17890 17890 D AndroidRuntime: >>>>>> START com.android.internal.os.RuntimeInit uid 2000 <<<<<<
08-05 19:37:29.000 17890 17890 D AndroidRuntime: CheckJNI is OFF
08-05 19:37:29.048 17890 17890 D ICU     : No timezone override file found: /data/misc/zoneinfo/current/icu/icu_tzdata.dat
08-05 19:37:29.095 17890 17890 I Radio-JNI: register_android_hardware_Radio DONE
08-05 19:37:29.123 17890 17890 D AndroidRuntime: Calling main entry com.android.commands.input.Input
08-05 19:37:29.124 17890 17890 I Input   : injectKeyEvent: KeyEvent { action=ACTION_DOWN, keyCode=KEYCODE_BACK, scanCode=0, metaState=0, flags=0x0, repeatCount=0, eventTime=819465537, downTime=819465537, deviceId=-1, source=0x101 }
08-05 19:37:29.130 17890 17890 I Input   : injectKeyEvent: KeyEvent { action=ACTION_UP, keyCode=KEYCODE_BACK, scanCode=0, metaState=0, flags=0x0, repeatCount=0, eventTime=819465537, downTime=819465537, deviceId=-1, source=0x101 }
08-05 19:37:29.137 17890 17890 D AndroidRuntime: Shutting down VM
08-05 19:37:29.180 13866 13866 I GoogleInputMethodServic: GoogleInputMethodService.onFinishInput():3138 
08-05 19:37:29.181 13866 13866 I GoogleInputMethodServic: GoogleInputMethodService.onStartInput():1808 
08-05 19:37:29.224 15507 15520 I art     : Starting a blocking GC Explicit
08-05 19:37:29.249 15507 15520 I art     : Explicit concurrent mark sweep GC freed 1484(84KB) AllocSpace objects, 1(20KB) LOS objects, 23% free, 52MB/68MB, paused 546us total 24.830ms
08-05 19:37:29.260 15507 15520 I art     : Starting a blocking GC Explicit
08-05 19:37:29.284 15507 15520 I art     : Explicit concurrent mark sweep GC freed 26(944B) AllocSpace objects, 0(0B) LOS objects, 23% free, 52MB/68MB, paused 541us total 24.327ms
08-05 19:37:29.297 15507 15520 I art     : Starting a blocking GC Explicit
08-05 19:37:29.321 15507 15520 I art     : Explicit concurrent mark sweep GC freed 3(96B) AllocSpace objects, 0(0B) LOS objects, 23% free, 52MB/68MB, paused 564us total 24.161ms
08-05 19:37:29.332 15507 15520 I art     : Starting a blocking GC Explicit
08-05 19:37:29.355 13866 13882 I PeriodicStatsRunner: PeriodicStatsRunner.call():175 call()
08-05 19:37:29.355 13866 13882 I PeriodicStatsRunner: PeriodicStatsRunner.call():179 No submit PeriodicStats since input started.
08-05 19:37:29.357 15507 15520 I art     : Explicit concurrent mark sweep GC freed 3(96B) AllocSpace objects, 0(0B) LOS objects, 23% free, 52MB/68MB, paused 599us total 24.283ms
08-05 19:37:29.368 15507 15520 I art     : Starting a blocking GC Explicit
08-05 19:37:29.393 15507 15520 I art     : Explicit concurrent mark sweep GC freed 3(96B) AllocSpace objects, 0(0B) LOS objects, 23% free, 52MB/68MB, paused 528us total 24.735ms
08-05 19:37:29.475   380   380 W SurfaceFlinger: couldn't log to binary event log: overflow.
08-05 19:37:29.678 15507 16423 I art     : Starting a blocking GC Explicit
08-05 19:37:29.711 15507 16423 I art     : Explicit concurrent mark sweep GC freed 1454(87KB) AllocSpace objects, 1(20KB) LOS objects, 23% free, 52MB/68MB, paused 631us total 32.820ms
08-05 19:37:29.725 15507 16423 I art     : Starting a blocking GC Explicit
08-05 19:37:29.752 15507 16423 I art     : Explicit concurrent mark sweep GC freed 1401(90KB) AllocSpace objects, 1(28KB) LOS objects, 23% free, 52MB/68MB, paused 558us total 27.170ms
08-05 19:37:29.764 15507 16423 I art     : Starting a blocking GC Explicit
08-05 19:37:29.790 15507 16423 I art     : Explicit concurrent mark sweep GC freed 3(96B) AllocSpace objects, 0(0B) LOS objects, 23% free, 52MB/68MB, paused 608us total 26.425ms
08-05 19:37:29.801 15507 16423 I art     : Starting a blocking GC Explicit
08-05 19:37:29.828 15507 16423 I art     : Explicit concurrent mark sweep GC freed 3(96B) AllocSpace objects, 0(0B) LOS objects, 23% free, 52MB/68MB, paused 594us total 26.805ms
08-05 19:37:29.840 15507 16423 I art     : Starting a blocking GC Explicit
08-05 19:37:29.866 15507 16423 I art     : Explicit concurrent mark sweep GC freed 3(96B) AllocSpace objects, 0(0B) LOS objects, 23% free, 52MB/68MB, paused 551us total 26.048ms
08-05 19:37:29.984 17695 17695 I ServiceManager: Waiting for service AtCmdFwd...
08-05 19:37:30.179 15507 16783 I art     : Starting a blocking GC Explicit
08-05 19:37:30.215 15507 16783 I art     : Explicit concurrent mark sweep GC freed 1344(78KB) AllocSpace objects, 1(20KB) LOS objects, 23% free, 52MB/68MB, paused 621us total 35.074ms
08-05 19:37:30.230 15507 16783 I art     : Starting a blocking GC Explicit
08-05 19:37:30.256 15507 16783 I art     : Explicit concurrent mark sweep GC freed 20(704B) AllocSpace objects, 0(0B) LOS objects, 23% free, 52MB/68MB, paused 553us total 26.281ms
08-05 19:37:30.267 15507 16783 I art     : Starting a blocking GC Explicit
08-05 19:37:30.294 15507 16783 I art     : Explicit concurrent mark sweep GC freed 3(96B) AllocSpace objects, 0(0B) LOS objects, 23% free, 52MB/68MB, paused 597us total 26.535ms
08-05 19:37:30.305 15507 16783 I art     : Starting a blocking GC Explicit
08-05 19:37:30.325   918  3261 D WifiStateMachine: starting scan for "H369AA63323"WPA_PSK with 2412,5180
08-05 19:37:30.332 15507 16783 I art     : Explicit concurrent mark sweep GC freed 3(96B) AllocSpace objects, 0(0B) LOS objects, 23% free, 52MB/68MB, paused 583us total 26.426ms
08-05 19:37:30.343 15507 16783 I art     : Starting a blocking GC Explicit
08-05 19:37:30.369 15507 16783 I art     : Explicit concurrent mark sweep GC freed 3(96B) AllocSpace objects, 0(0B) LOS objects, 23% free, 52MB/68MB, paused 564us total 26.092ms
08-05 19:37:30.668 15507 15548 I art     : Starting a blocking GC Explicit
08-05 19:37:30.695 15507 15548 I art     : Explicit concurrent mark sweep GC freed 1343(78KB) AllocSpace objects, 1(20KB) LOS objects, 23% free, 52MB/68MB, paused 605us total 26.593ms
08-05 19:37:30.706 15507 15548 I art     : Starting a blocking GC Explicit
08-05 19:37:30.732 15507 15548 I art     : Explicit concurrent mark sweep GC freed 20(704B) AllocSpace objects, 0(0B) LOS objects, 23% free, 52MB/68MB, paused 580us total 25.612ms
08-05 19:37:30.743 15507 15548 I art     : Starting a blocking GC Explicit
08-05 19:37:30.770 15507 15548 I art     : Explicit concurrent mark sweep GC freed 3(96B) AllocSpace objects, 0(0B) LOS objects, 23% free, 52MB/68MB, paused 581us total 27.375ms
08-05 19:37:30.786 15507 15548 I art     : Starting a blocking GC Explicit
08-05 19:37:30.815 15507 15548 I art     : Explicit concurrent mark sweep GC freed 8(256B) AllocSpace objects, 0(0B) LOS objects, 23% free, 52MB/68MB, paused 617us total 29.033ms
08-05 19:37:30.826 15507 15548 I art     : Starting a blocking GC Explicit
08-05 19:37:30.852 15507 15548 I art     : Explicit concurrent mark sweep GC freed 8(256B) AllocSpace objects, 0(0B) LOS objects, 23% free, 52MB/68MB, paused 618us total 25.909ms
08-05 19:37:30.923 17951 17951 D AndroidRuntime: >>>>>> START com.android.internal.os.RuntimeInit uid 2000 <<<<<<
08-05 19:37:30.929 17951 17951 D AndroidRuntime: CheckJNI is OFF
08-05 19:37:30.970 17951 17951 D ICU     : No timezone override file found: /data/misc/zoneinfo/current/icu/icu_tzdata.dat
08-05 19:37:30.984 17695 17695 I ServiceManager: Waiting for service AtCmdFwd...
08-05 19:37:31.013 17951 17951 I Radio-JNI: register_android_hardware_Radio DONE
08-05 19:37:31.041 17951 17951 D AndroidRuntime: Calling main entry com.android.commands.input.Input
08-05 19:37:31.043 17951 17951 I Input   : injectMotionEvent: MotionEvent { action=ACTION_DOWN, actionButton=0, id[0]=0, x[0]=756.0, y[0]=1530.0, toolType[0]=TOOL_TYPE_UNKNOWN, buttonState=0, metaState=0, flags=0x0, edgeFlags=0x0, pointerCount=1, historySize=0, eventTime=819467456, downTime=819467456, deviceId=0, source=0x1002 }
08-05 19:37:31.049 17951 17951 I Input   : injectMotionEvent: MotionEvent { action=ACTION_UP, actionButton=0, id[0]=0, x[0]=756.0, y[0]=1530.0, toolType[0]=TOOL_TYPE_UNKNOWN, buttonState=0, metaState=0, flags=0x0, edgeFlags=0x0, pointerCount=1, historySize=0, eventTime=819467456, downTime=819467456, deviceId=0, source=0x1002 }
08-05 19:37:31.052 17951 17951 D AndroidRuntime: Shutting down VM
08-05 19:37:31.067   918  4413 I ActivityManager: START u0 {cmp=baseline.appteam.nith.hillffair/.activities.LeaderBoardActivity} from uid 10675 on display 0
08-05 19:37:31.069   512  2967 D audio_hw_primary: out_set_parameters: enter: usecase(1: low-latency-playback) kvpairs: routing=2
08-05 19:37:31.082   512  2967 D audio_hw_primary: select_devices: out_snd_device(2: speaker) in_snd_device(0: none)
08-05 19:37:31.082   512  2967 D msm8974_platform: platform_send_audio_calibration: sending audio calibration for snd_device(2) acdb_id(15)
08-05 19:37:31.082   512  2967 I soundtrigger: audio_extn_sound_trigger_update_device_status: device 0x2 of type 0 for Event 1
08-05 19:37:31.095   512  2967 D audio_hw_primary: enable_snd_device: snd_device(2: speaker)
08-05 19:37:31.098   512  2967 D audio_hw_primary: enable_audio_route: apply and update mixer path: low-latency-playback speaker
08-05 19:37:31.167 15507 15548 I art     : Starting a blocking GC Explicit
08-05 19:37:31.168 15507 15507 E RecyclerView: No adapter attached; skipping layout
08-05 19:37:31.174 15507 15507 E RecyclerView: No adapter attached; skipping layout
08-05 19:37:31.190   918   936 I ActivityManager: Displayed baseline.appteam.nith.hillffair/.activities.LeaderBoardActivity: +113ms
08-05 19:37:31.191 13866 13866 I GoogleInputMethodServic: GoogleInputMethodService.onFinishInput():3138 
08-05 19:37:31.192 13866 13866 I GoogleInputMethodServic: GoogleInputMethodService.onStartInput():1808 
08-05 19:37:31.193 15507 15507 E RecyclerView: No adapter attached; skipping layout
08-05 19:37:31.194 15507 15548 I art     : Explicit concurrent mark sweep GC freed 6527(394KB) AllocSpace objects, 1(20KB) LOS objects, 23% free, 53MB/69MB, paused 985us total 26.628ms
08-05 19:37:31.206 15507 15548 I art     : Starting a blocking GC Explicit
08-05 19:37:31.234 15507 15548 I art     : Explicit concurrent mark sweep GC freed 361(17KB) AllocSpace objects, 0(0B) LOS objects, 23% free, 52MB/68MB, paused 671us total 27.827ms
08-05 19:37:31.245 15507 15548 I art     : Starting a blocking GC Explicit
08-05 19:37:31.259 15507 15531 D OpenGLRenderer: endAllStagingAnimators on 0x7f94c07000 (RippleDrawable) with handle 0x7f802157e0
08-05 19:37:31.271 15507 15548 I art     : Explicit concurrent mark sweep GC freed 28(2112B) AllocSpace objects, 0(0B) LOS objects, 23% free, 52MB/68MB, paused 623us total 25.708ms
08-05 19:37:31.282 15507 15548 I art     : Starting a blocking GC Explicit
08-05 19:37:31.307 15507 15548 I art     : Explicit concurrent mark sweep GC freed 6(192B) AllocSpace objects, 0(0B) LOS objects, 23% free, 52MB/68MB, paused 611us total 23.841ms
08-05 19:37:31.317 15507 15548 I art     : Starting a blocking GC Explicit
08-05 19:37:31.343 15507 15548 I art     : Explicit concurrent mark sweep GC freed 12(384B) AllocSpace objects, 0(0B) LOS objects, 23% free, 52MB/68MB, paused 617us total 25.084ms
08-05 19:37:31.427   380   380 W SurfaceFlinger: couldn't log to binary event log: overflow.
08-05 19:37:31.626 15507 16423 I art     : Starting a blocking GC Explicit
08-05 19:37:31.638   512  2967 D audio_hw_primary: disable_audio_route: reset and update mixer path: low-latency-playback speaker
08-05 19:37:31.639   512  2967 D audio_hw_primary: disable_snd_device: snd_device(2: speaker)
08-05 19:37:31.649   512  2967 I soundtrigger: audio_extn_sound_trigger_update_device_status: device 0x2 of type 0 for Event 0
08-05 19:37:31.654 15507 16423 I art     : Explicit concurrent mark sweep GC freed 1520(87KB) AllocSpace objects, 1(20KB) LOS objects, 23% free, 52MB/68MB, paused 684us total 27.653ms
08-05 19:37:31.665 15507 16423 I art     : Starting a blocking GC Explicit
08-05 19:37:31.692 15507 16423 I art     : Explicit concurrent mark sweep GC freed 46(1600B) AllocSpace objects, 0(0B) LOS objects, 23% free, 52MB/68MB, paused 669us total 26.409ms
08-05 19:37:31.703 15507 16423 I art     : Starting a blocking GC Explicit
08-05 19:37:31.730 15507 16423 I art     : Explicit concurrent mark sweep GC freed 13(480B) AllocSpace objects, 0(0B) LOS objects, 23% free, 52MB/68MB, paused 1.893ms total 27.508ms
08-05 19:37:31.741 15507 16423 I art     : Starting a blocking GC Explicit
08-05 19:37:31.770 15507 16423 I art     : Explicit concurrent mark sweep GC freed 2512(129KB) AllocSpace objects, 2(120KB) LOS objects, 23% free, 53MB/69MB, paused 875us total 28.121ms
08-05 19:37:31.772 15507 17987 D OkHttp  : --> GET https://api-hillfair-2k16.herokuapp.com/api/app/quiz/leaderboard?from=1 http/1.1
08-05 19:37:31.780 15507 16423 I art     : Starting a blocking GC Explicit
08-05 19:37:31.807 15507 16423 I art     : Explicit concurrent mark sweep GC freed 1036(120KB) AllocSpace objects, 1(80KB) LOS objects, 23% free, 53MB/69MB, paused 738us total 26.863ms
08-05 19:37:31.808 15507 17987 D OkHttp  : <-- 200 OK https://api-hillfair-2k16.herokuapp.com/api/app/quiz/leaderboard?from=1 (36ms, 56744-byte body)
08-05 19:37:31.912 15507 15507 I NAPPA_EXPERIMENTATION: MetricNetworkRequestExecutionTime: REQUEST_DURATION_SYSTEM='794',REQUEST_DURATION_OKHTTP='36',REQUEST_SYNCHRONOUS='FALSE',RESPONSE_CODE='200',RESPONSE_METHOD='GET',RESPONSE_LENGTH_OKHTTP='56744',RESPONSE_LENGTH_HEADER='56744',REQUEST_PROTOCOL='http/1.1',REQUEST_URL='https://api-hillfair-2k16.herokuapp.com/api/app/quiz/leaderboard?from=1',
08-05 19:37:31.985 17695 17695 I ServiceManager: Waiting for service AtCmdFwd...
08-05 19:37:32.090 15507 16423 I art     : Starting a blocking GC Explicit
08-05 19:37:32.124 15507 16423 I art     : Explicit concurrent mark sweep GC freed 27686(1312KB) AllocSpace objects, 1(20KB) LOS objects, 23% free, 53MB/69MB, paused 637us total 33.819ms
08-05 19:37:32.139 15507 16423 I art     : Starting a blocking GC Explicit
08-05 19:37:32.166 15507 16423 I art     : Explicit concurrent mark sweep GC freed 127(4KB) AllocSpace objects, 0(0B) LOS objects, 23% free, 53MB/69MB, paused 597us total 27.509ms
08-05 19:37:32.177 15507 16423 I art     : Starting a blocking GC Explicit
08-05 19:37:32.206 15507 16423 I art     : Explicit concurrent mark sweep GC freed 3(96B) AllocSpace objects, 0(0B) LOS objects, 23% free, 53MB/69MB, paused 615us total 28.381ms
08-05 19:37:32.217 15507 16423 I art     : Starting a blocking GC Explicit
08-05 19:37:32.246 15507 16423 I art     : Explicit concurrent mark sweep GC freed 3(96B) AllocSpace objects, 0(0B) LOS objects, 23% free, 53MB/69MB, paused 625us total 28.532ms
08-05 19:37:32.258 15507 16423 I art     : Starting a blocking GC Explicit
08-05 19:37:32.286 15507 16423 I art     : Explicit concurrent mark sweep GC freed 3(96B) AllocSpace objects, 0(0B) LOS objects, 23% free, 53MB/69MB, paused 595us total 27.765ms
08-05 19:37:32.598 15507 15521 I art     : Starting a blocking GC Explicit
08-05 19:37:32.639 15507 15521 I art     : Explicit concurrent mark sweep GC freed 1344(78KB) AllocSpace objects, 1(20KB) LOS objects, 23% free, 53MB/69MB, paused 752us total 40.478ms
08-05 19:37:32.655 15507 15521 I art     : Starting a blocking GC Explicit
08-05 19:37:32.686 15507 15521 I art     : Explicit concurrent mark sweep GC freed 20(704B) AllocSpace objects, 0(0B) LOS objects, 23% free, 53MB/69MB, paused 649us total 31.479ms
08-05 19:37:32.698 15507 15521 I art     : Starting a blocking GC Explicit
08-05 19:37:32.730 15507 15521 I art     : Explicit concurrent mark sweep GC freed 3(96B) AllocSpace objects, 0(0B) LOS objects, 23% free, 53MB/69MB, paused 645us total 31.811ms
08-05 19:37:32.731 15507 15518 I art     : WaitForGcToComplete blocked for 27.755ms for cause HeapTrim
08-05 19:37:32.742 15507 15521 I art     : Starting a blocking GC Explicit
08-05 19:37:32.773 15507 15521 I art     : Explicit concurrent mark sweep GC freed 3(96B) AllocSpace objects, 0(0B) LOS objects, 23% free, 53MB/69MB, paused 633us total 30.092ms
08-05 19:37:32.784 15507 15521 I art     : Starting a blocking GC Explicit
08-05 19:37:32.817 15507 15521 I art     : Explicit concurrent mark sweep GC freed 3(96B) AllocSpace objects, 0(0B) LOS objects, 23% free, 53MB/69MB, paused 649us total 32.087ms
08-05 19:37:32.986 17695 17695 I ServiceManager: Waiting for service AtCmdFwd...
08-05 19:37:33.163 15507 16783 I art     : Starting a blocking GC Explicit
08-05 19:37:33.203 15507 16783 I art     : Explicit concurrent mark sweep GC freed 1344(78KB) AllocSpace objects, 1(20KB) LOS objects, 23% free, 53MB/69MB, paused 678us total 39.612ms
08-05 19:37:33.218 15507 16783 I art     : Starting a blocking GC Explicit
08-05 19:37:33.249 15507 16783 I art     : Explicit concurrent mark sweep GC freed 20(704B) AllocSpace objects, 0(0B) LOS objects, 23% free, 53MB/69MB, paused 625us total 31.484ms
08-05 19:37:33.261 15507 16783 I art     : Starting a blocking GC Explicit
08-05 19:37:33.293 15507 16783 I art     : Explicit concurrent mark sweep GC freed 3(96B) AllocSpace objects, 0(0B) LOS objects, 23% free, 53MB/69MB, paused 636us total 31.693ms
08-05 19:37:33.305 15507 16783 I art     : Starting a blocking GC Explicit
08-05 19:37:33.337 15507 16783 I art     : Explicit concurrent mark sweep GC freed 3(96B) AllocSpace objects, 0(0B) LOS objects, 23% free, 53MB/69MB, paused 749us total 32.142ms
08-05 19:37:33.349 15507 16783 I art     : Starting a blocking GC Explicit
08-05 19:37:33.380 15507 16783 I art     : Explicit concurrent mark sweep GC freed 3(96B) AllocSpace objects, 0(0B) LOS objects, 23% free, 53MB/69MB, paused 699us total 30.666ms
08-05 19:37:33.722 15507 15548 I art     : Starting a blocking GC Explicit
08-05 19:37:33.763 15507 15548 I art     : Explicit concurrent mark sweep GC freed 1344(78KB) AllocSpace objects, 1(20KB) LOS objects, 23% free, 53MB/69MB, paused 637us total 40.393ms
08-05 19:37:33.778 15507 15548 I art     : Starting a blocking GC Explicit
08-05 19:37:33.810 15507 15548 I art     : Explicit concurrent mark sweep GC freed 20(704B) AllocSpace objects, 0(0B) LOS objects, 23% free, 53MB/69MB, paused 630us total 31.665ms
08-05 19:37:33.821 15507 15548 I art     : Starting a blocking GC Explicit
08-05 19:37:33.853 15507 15548 I art     : Explicit concurrent mark sweep GC freed 3(96B) AllocSpace objects, 0(0B) LOS objects, 23% free, 53MB/69MB, paused 627us total 31.585ms
08-05 19:37:33.865 15507 15548 I art     : Starting a blocking GC Explicit
08-05 19:37:33.895 15507 15548 I art     : Explicit concurrent mark sweep GC freed 3(96B) AllocSpace objects, 0(0B) LOS objects, 23% free, 53MB/69MB, paused 612us total 29.723ms
08-05 19:37:33.907 15507 15548 I art     : Starting a blocking GC Explicit
08-05 19:37:33.938 15507 15548 I art     : Explicit concurrent mark sweep GC freed 3(96B) AllocSpace objects, 0(0B) LOS objects, 23% free, 53MB/69MB, paused 675us total 30.630ms
08-05 19:37:33.987 17695 17695 I ServiceManager: Waiting for service AtCmdFwd...
08-05 19:37:34.185 13866 13882 I PeriodicStatsRunner: PeriodicStatsRunner.call():175 call()
08-05 19:37:34.185 13866 13882 I PeriodicStatsRunner: PeriodicStatsRunner.call():179 No submit PeriodicStats since input started.
08-05 19:37:34.276 15507 15520 I art     : Starting a blocking GC Explicit
08-05 19:37:34.311 15507 15520 I art     : Explicit concurrent mark sweep GC freed 1344(78KB) AllocSpace objects, 1(20KB) LOS objects, 23% free, 53MB/69MB, paused 645us total 35.206ms
08-05 19:37:34.325 15507 15520 I art     : Starting a blocking GC Explicit
08-05 19:37:34.357 15507 15520 I art     : Explicit concurrent mark sweep GC freed 20(704B) AllocSpace objects, 0(0B) LOS objects, 23% free, 53MB/69MB, paused 731us total 32.210ms
08-05 19:37:34.369 15507 15520 I art     : Starting a blocking GC Explicit
08-05 19:37:34.401 15507 15520 I art     : Explicit concurrent mark sweep GC freed 3(96B) AllocSpace objects, 0(0B) LOS objects, 23% free, 53MB/69MB, paused 630us total 31.482ms
08-05 19:37:34.413 15507 15520 I art     : Starting a blocking GC Explicit
08-05 19:37:34.443 15507 15520 I art     : Explicit concurrent mark sweep GC freed 3(96B) AllocSpace objects, 0(0B) LOS objects, 23% free, 53MB/69MB, paused 642us total 30.341ms
08-05 19:37:34.455 15507 15520 I art     : Starting a blocking GC Explicit
08-05 19:37:34.488 15507 15520 I art     : Explicit concurrent mark sweep GC freed 3(96B) AllocSpace objects, 0(0B) LOS objects, 23% free, 53MB/69MB, paused 823us total 31.807ms
08-05 19:37:34.826 15507 16423 I art     : Starting a blocking GC Explicit
08-05 19:37:34.865 15507 16423 I art     : Explicit concurrent mark sweep GC freed 1344(78KB) AllocSpace objects, 1(20KB) LOS objects, 23% free, 53MB/69MB, paused 698us total 37.732ms
08-05 19:37:34.880 15507 16423 I art     : Starting a blocking GC Explicit
08-05 19:37:34.911 15507 16423 I art     : Explicit concurrent mark sweep GC freed 20(704B) AllocSpace objects, 0(0B) LOS objects, 23% free, 53MB/69MB, paused 611us total 30.011ms
08-05 19:37:34.922 15507 16423 I art     : Starting a blocking GC Explicit
08-05 19:37:34.955 15507 16423 I art     : Explicit concurrent mark sweep GC freed 3(96B) AllocSpace objects, 0(0B) LOS objects, 23% free, 53MB/69MB, paused 631us total 31.935ms
08-05 19:37:34.967 15507 16423 I art     : Starting a blocking GC Explicit
08-05 19:37:34.988 17695 17695 W Atfwd_Sendcmd: AtCmdFwd service not published, waiting... retryCnt : 2
08-05 19:37:34.999 15507 16423 I art     : Explicit concurrent mark sweep GC freed 3(96B) AllocSpace objects, 0(0B) LOS objects, 23% free, 53MB/69MB, paused 658us total 31.702ms
08-05 19:37:35.011 15507 16423 I art     : Starting a blocking GC Explicit
08-05 19:37:35.041 15507 16423 I art     : Explicit concurrent mark sweep GC freed 3(96B) AllocSpace objects, 0(0B) LOS objects, 23% free, 53MB/69MB, paused 600us total 29.772ms
08-05 19:37:35.354 15507 15521 I art     : Starting a blocking GC Explicit
08-05 19:37:35.384 15507 15521 I art     : Explicit concurrent mark sweep GC freed 1344(78KB) AllocSpace objects, 1(20KB) LOS objects, 23% free, 53MB/69MB, paused 640us total 30.353ms
08-05 19:37:35.396 15507 15521 I art     : Starting a blocking GC Explicit
08-05 19:37:35.426 15507 15521 I art     : Explicit concurrent mark sweep GC freed 20(704B) AllocSpace objects, 0(0B) LOS objects, 23% free, 53MB/69MB, paused 643us total 29.477ms
08-05 19:37:35.437 15507 15521 I art     : Starting a blocking GC Explicit
08-05 19:37:35.467 15507 15521 I art     : Explicit concurrent mark sweep GC freed 3(96B) AllocSpace objects, 0(0B) LOS objects, 23% free, 53MB/69MB, paused 696us total 29.366ms
08-05 19:37:35.478 15507 15521 I art     : Starting a blocking GC Explicit
08-05 19:37:35.508 15507 15521 I art     : Explicit concurrent mark sweep GC freed 3(96B) AllocSpace objects, 0(0B) LOS objects, 23% free, 53MB/69MB, paused 653us total 29.663ms
08-05 19:37:35.520 15507 15521 I art     : Starting a blocking GC Explicit
08-05 19:37:35.549 15507 15521 I art     : Explicit concurrent mark sweep GC freed 3(96B) AllocSpace objects, 0(0B) LOS objects, 23% free, 53MB/69MB, paused 636us total 28.862ms
08-05 19:37:35.820 18082 18082 D AndroidRuntime: >>>>>> START com.android.internal.os.RuntimeInit uid 2000 <<<<<<
08-05 19:37:35.827 18082 18082 D AndroidRuntime: CheckJNI is OFF
08-05 19:37:35.865 15507 16783 I art     : Starting a blocking GC Explicit
08-05 19:37:35.872 18082 18082 D ICU     : No timezone override file found: /data/misc/zoneinfo/current/icu/icu_tzdata.dat
08-05 19:37:35.901 15507 16783 I art     : Explicit concurrent mark sweep GC freed 1344(78KB) AllocSpace objects, 1(20KB) LOS objects, 23% free, 53MB/69MB, paused 651us total 35.218ms
08-05 19:37:35.912 15507 16783 I art     : Starting a blocking GC Explicit
08-05 19:37:35.919 18082 18082 I Radio-JNI: register_android_hardware_Radio DONE
08-05 19:37:35.940 15507 16783 I art     : Explicit concurrent mark sweep GC freed 20(704B) AllocSpace objects, 0(0B) LOS objects, 23% free, 53MB/69MB, paused 631us total 28.090ms
08-05 19:37:35.949 18082 18082 D AndroidRuntime: Calling main entry com.android.commands.input.Input
08-05 19:37:35.951 18082 18082 I Input   : injectKeyEvent: KeyEvent { action=ACTION_DOWN, keyCode=KEYCODE_BACK, scanCode=0, metaState=0, flags=0x0, repeatCount=0, eventTime=819472364, downTime=819472364, deviceId=-1, source=0x101 }
08-05 19:37:35.952 15507 16783 I art     : Starting a blocking GC Explicit
08-05 19:37:35.956 18082 18082 I Input   : injectKeyEvent: KeyEvent { action=ACTION_UP, keyCode=KEYCODE_BACK, scanCode=0, metaState=0, flags=0x0, repeatCount=0, eventTime=819472364, downTime=819472364, deviceId=-1, source=0x101 }
08-05 19:37:35.961 18082 18082 D AndroidRuntime: Shutting down VM
08-05 19:37:35.978 15507 16783 I art     : Explicit concurrent mark sweep GC freed 100(4KB) AllocSpace objects, 0(0B) LOS objects, 23% free, 53MB/69MB, paused 662us total 26.546ms
08-05 19:37:35.990 15507 16783 I art     : Starting a blocking GC Explicit
08-05 19:37:36.006 13866 13866 I GoogleInputMethodServic: GoogleInputMethodService.onFinishInput():3138 
08-05 19:37:36.007 13866 13866 I GoogleInputMethodServic: GoogleInputMethodService.onStartInput():1808 
08-05 19:37:36.017 15507 16783 I art     : Explicit concurrent mark sweep GC freed 27(1024B) AllocSpace objects, 0(0B) LOS objects, 23% free, 53MB/69MB, paused 724us total 26.452ms
08-05 19:37:36.030 15507 16783 I art     : Starting a blocking GC Explicit
08-05 19:37:36.056 15507 16783 I art     : Explicit concurrent mark sweep GC freed 26(880B) AllocSpace objects, 0(0B) LOS objects, 23% free, 53MB/69MB, paused 587us total 26.151ms
08-05 19:37:36.192 13866 13882 I PeriodicStatsRunner: PeriodicStatsRunner.call():175 call()
08-05 19:37:36.192 13866 13882 I PeriodicStatsRunner: PeriodicStatsRunner.call():179 No submit PeriodicStats since input started.
08-05 19:37:36.315   380   380 W SurfaceFlinger: couldn't log to binary event log: overflow.
08-05 19:37:36.341 15507 16783 I art     : Starting a blocking GC Explicit
08-05 19:37:36.371 15507 16783 I art     : Explicit concurrent mark sweep GC freed 1476(87KB) AllocSpace objects, 1(20KB) LOS objects, 23% free, 53MB/69MB, paused 631us total 29.436ms
08-05 19:37:36.382 15507 16783 I art     : Starting a blocking GC Explicit
08-05 19:37:36.410 15507 16783 I art     : Explicit concurrent mark sweep GC freed 4712(269KB) AllocSpace objects, 2(140KB) LOS objects, 23% free, 52MB/68MB, paused 602us total 27.548ms
08-05 19:37:36.421 15507 16783 I art     : Starting a blocking GC Explicit
08-05 19:37:36.447 15507 16783 I art     : Explicit concurrent mark sweep GC freed 3(96B) AllocSpace objects, 0(0B) LOS objects, 23% free, 52MB/68MB, paused 725us total 25.968ms
08-05 19:37:36.458 15507 16783 I art     : Starting a blocking GC Explicit
08-05 19:37:36.485 15507 16783 I art     : Explicit concurrent mark sweep GC freed 3(96B) AllocSpace objects, 0(0B) LOS objects, 23% free, 52MB/68MB, paused 619us total 26.296ms
08-05 19:37:36.496 15507 16783 I art     : Starting a blocking GC Explicit
08-05 19:37:36.523 15507 16783 I art     : Explicit concurrent mark sweep GC freed 3(96B) AllocSpace objects, 0(0B) LOS objects, 23% free, 52MB/68MB, paused 590us total 26.930ms
08-05 19:37:36.830 15507 15521 I art     : Starting a blocking GC Explicit
08-05 19:37:36.863 15507 15521 I art     : Explicit concurrent mark sweep GC freed 1344(78KB) AllocSpace objects, 1(20KB) LOS objects, 23% free, 52MB/68MB, paused 627us total 32.210ms
08-05 19:37:36.876 15507 15521 I art     : Starting a blocking GC Explicit
08-05 19:37:36.903 15507 15521 I art     : Explicit concurrent mark sweep GC freed 20(704B) AllocSpace objects, 0(0B) LOS objects, 23% free, 52MB/68MB, paused 600us total 26.871ms
08-05 19:37:36.914 15507 15521 I art     : Starting a blocking GC Explicit
08-05 19:37:36.941 15507 15521 I art     : Explicit concurrent mark sweep GC freed 3(96B) AllocSpace objects, 0(0B) LOS objects, 23% free, 52MB/68MB, paused 611us total 26.238ms
08-05 19:37:36.952 15507 15521 I art     : Starting a blocking GC Explicit
08-05 19:37:36.979 15507 15521 I art     : Explicit concurrent mark sweep GC freed 3(96B) AllocSpace objects, 0(0B) LOS objects, 23% free, 52MB/68MB, paused 595us total 26.586ms
08-05 19:37:36.990 15507 15521 I art     : Starting a blocking GC Explicit
08-05 19:37:37.017 15507 15521 I art     : Explicit concurrent mark sweep GC freed 3(96B) AllocSpace objects, 0(0B) LOS objects, 23% free, 52MB/68MB, paused 630us total 27.238ms
08-05 19:37:37.303 15507 15520 I art     : Starting a blocking GC Explicit
08-05 19:37:37.334 15507 15520 I art     : Explicit concurrent mark sweep GC freed 1343(78KB) AllocSpace objects, 1(20KB) LOS objects, 23% free, 52MB/68MB, paused 632us total 30.694ms
08-05 19:37:37.345 15507 15520 I art     : Starting a blocking GC Explicit
08-05 19:37:37.372 15507 15520 I art     : Explicit concurrent mark sweep GC freed 20(704B) AllocSpace objects, 0(0B) LOS objects, 23% free, 52MB/68MB, paused 607us total 26.738ms
08-05 19:37:37.383 15507 15520 I art     : Starting a blocking GC Explicit
08-05 19:37:37.409 15507 15520 I art     : Explicit concurrent mark sweep GC freed 3(96B) AllocSpace objects, 0(0B) LOS objects, 23% free, 52MB/68MB, paused 597us total 26.010ms
08-05 19:37:37.420 15507 15520 I art     : Starting a blocking GC Explicit
08-05 19:37:37.446 15507 15520 I art     : Explicit concurrent mark sweep GC freed 3(96B) AllocSpace objects, 0(0B) LOS objects, 23% free, 52MB/68MB, paused 597us total 25.136ms
08-05 19:37:37.457 15507 15520 I art     : Starting a blocking GC Explicit
08-05 19:37:37.483 15507 15520 I art     : Explicit concurrent mark sweep GC freed 3(96B) AllocSpace objects, 0(0B) LOS objects, 23% free, 52MB/68MB, paused 595us total 26.132ms
08-05 19:37:37.732 18143 18143 D AndroidRuntime: >>>>>> START com.android.internal.os.RuntimeInit uid 2000 <<<<<<
08-05 19:37:37.738 18143 18143 D AndroidRuntime: CheckJNI is OFF
08-05 19:37:37.778 18143 18143 D ICU     : No timezone override file found: /data/misc/zoneinfo/current/icu/icu_tzdata.dat
08-05 19:37:37.804 15507 15548 I art     : Starting a blocking GC Explicit
08-05 19:37:37.820 18143 18143 I Radio-JNI: register_android_hardware_Radio DONE
08-05 19:37:37.830 15507 15548 I art     : Explicit concurrent mark sweep GC freed 1370(79KB) AllocSpace objects, 1(20KB) LOS objects, 23% free, 52MB/68MB, paused 626us total 25.943ms
08-05 19:37:37.842 15507 15548 I art     : Starting a blocking GC Explicit
08-05 19:37:37.850 18143 18143 D AndroidRuntime: Calling main entry com.android.commands.input.Input
08-05 19:37:37.852 18143 18143 I Input   : injectKeyEvent: KeyEvent { action=ACTION_DOWN, keyCode=KEYCODE_BACK, scanCode=0, metaState=0, flags=0x0, repeatCount=0, eventTime=819474265, downTime=819474265, deviceId=-1, source=0x101 }
08-05 19:37:37.857 18143 18143 I Input   : injectKeyEvent: KeyEvent { action=ACTION_UP, keyCode=KEYCODE_BACK, scanCode=0, metaState=0, flags=0x0, repeatCount=0, eventTime=819474265, downTime=819474265, deviceId=-1, source=0x101 }
08-05 19:37:37.864 18143 18143 D AndroidRuntime: Shutting down VM
08-05 19:37:37.866 15507 15548 I art     : Explicit concurrent mark sweep GC freed 36(1280B) AllocSpace objects, 0(0B) LOS objects, 23% free, 52MB/68MB, paused 635us total 24.511ms
08-05 19:37:37.877 15507 15548 I art     : Starting a blocking GC Explicit
08-05 19:37:37.900 15507 15548 I art     : Explicit concurrent mark sweep GC freed 127(6KB) AllocSpace objects, 0(0B) LOS objects, 23% free, 52MB/68MB, paused 554us total 23.193ms
08-05 19:37:37.907 13866 13866 I GoogleInputMethodServic: GoogleInputMethodService.onFinishInput():3138 
08-05 19:37:37.907 13866 13866 I GoogleInputMethodServic: GoogleInputMethodService.onStartInput():1808 
08-05 19:37:37.910 15507 15548 I art     : Starting a blocking GC Explicit
08-05 19:37:37.935 15507 15548 I art     : Explicit concurrent mark sweep GC freed 62(2160B) AllocSpace objects, 0(0B) LOS objects, 23% free, 52MB/68MB, paused 599us total 25.067ms
08-05 19:37:37.947 15507 15548 I art     : Starting a blocking GC Explicit
08-05 19:37:37.970 15507 15548 I art     : Explicit concurrent mark sweep GC freed 11(384B) AllocSpace objects, 0(0B) LOS objects, 23% free, 52MB/68MB, paused 534us total 23.516ms
08-05 19:37:38.200   380   380 W SurfaceFlinger: couldn't log to binary event log: overflow.
08-05 19:37:38.255 15507 15548 I art     : Starting a blocking GC Explicit
08-05 19:37:38.283 15507 15548 I art     : Explicit concurrent mark sweep GC freed 1461(87KB) AllocSpace objects, 1(20KB) LOS objects, 23% free, 52MB/68MB, paused 609us total 27.469ms
08-05 19:37:38.294 15507 15548 I art     : Starting a blocking GC Explicit
08-05 19:37:38.320 15507 15548 I art     : Explicit concurrent mark sweep GC freed 2096(122KB) AllocSpace objects, 3(340KB) LOS objects, 23% free, 52MB/68MB, paused 604us total 25.685ms
08-05 19:37:38.331 15507 15548 I art     : Starting a blocking GC Explicit
08-05 19:37:38.357 15507 15548 I art     : Explicit concurrent mark sweep GC freed 3(96B) AllocSpace objects, 0(0B) LOS objects, 23% free, 52MB/68MB, paused 665us total 25.650ms
08-05 19:37:38.368 15507 15548 I art     : Starting a blocking GC Explicit
08-05 19:37:38.394 15507 15548 I art     : Explicit concurrent mark sweep GC freed 3(96B) AllocSpace objects, 0(0B) LOS objects, 23% free, 52MB/68MB, paused 587us total 25.803ms
08-05 19:37:38.405 15507 15548 I art     : Starting a blocking GC Explicit
08-05 19:37:38.431 15507 15548 I art     : Explicit concurrent mark sweep GC freed 3(96B) AllocSpace objects, 0(0B) LOS objects, 23% free, 52MB/68MB, paused 592us total 26.310ms
08-05 19:37:38.730 15507 15521 I art     : Starting a blocking GC Explicit
08-05 19:37:38.767 15507 15521 I art     : Explicit concurrent mark sweep GC freed 1343(78KB) AllocSpace objects, 1(20KB) LOS objects, 23% free, 52MB/68MB, paused 717us total 37.185ms
08-05 19:37:38.784 15507 15521 I art     : Starting a blocking GC Explicit
08-05 19:37:38.810 15507 15521 I art     : Explicit concurrent mark sweep GC freed 20(704B) AllocSpace objects, 0(0B) LOS objects, 23% free, 52MB/68MB, paused 615us total 26.027ms
08-05 19:37:38.822 15507 15521 I art     : Starting a blocking GC Explicit
08-05 19:37:38.848 15507 15521 I art     : Explicit concurrent mark sweep GC freed 3(96B) AllocSpace objects, 0(0B) LOS objects, 23% free, 52MB/68MB, paused 622us total 26.029ms
08-05 19:37:38.859 15507 15521 I art     : Starting a blocking GC Explicit
08-05 19:37:38.884 15507 15521 I art     : Explicit concurrent mark sweep GC freed 3(96B) AllocSpace objects, 0(0B) LOS objects, 23% free, 52MB/68MB, paused 604us total 25.252ms
08-05 19:37:38.896 15507 15521 I art     : Starting a blocking GC Explicit
08-05 19:37:38.922 15507 15521 I art     : Explicit concurrent mark sweep GC freed 3(96B) AllocSpace objects, 0(0B) LOS objects, 23% free, 52MB/68MB, paused 620us total 26.057ms
08-05 19:37:39.221 15507 15520 I art     : Starting a blocking GC Explicit
08-05 19:37:39.249 15507 15520 I art     : Explicit concurrent mark sweep GC freed 1341(78KB) AllocSpace objects, 1(20KB) LOS objects, 23% free, 52MB/68MB, paused 622us total 27.949ms
08-05 19:37:39.260 15507 15520 I art     : Starting a blocking GC Explicit
08-05 19:37:39.286 15507 15520 I art     : Explicit concurrent mark sweep GC freed 20(704B) AllocSpace objects, 0(0B) LOS objects, 23% free, 52MB/68MB, paused 623us total 25.328ms
08-05 19:37:39.296 15507 15520 I art     : Starting a blocking GC Explicit
08-05 19:37:39.322 15507 15520 I art     : Explicit concurrent mark sweep GC freed 3(96B) AllocSpace objects, 0(0B) LOS objects, 23% free, 52MB/68MB, paused 573us total 25.039ms
08-05 19:37:39.332 15507 15520 I art     : Starting a blocking GC Explicit
08-05 19:37:39.357 15507 15520 I art     : Explicit concurrent mark sweep GC freed 3(96B) AllocSpace objects, 0(0B) LOS objects, 23% free, 52MB/68MB, paused 666us total 24.404ms
08-05 19:37:39.368 15507 15520 I art     : Starting a blocking GC Explicit
08-05 19:37:39.393 15507 15520 I art     : Explicit concurrent mark sweep GC freed 3(96B) AllocSpace objects, 0(0B) LOS objects, 23% free, 52MB/68MB, paused 607us total 25.055ms
08-05 19:37:39.646 18216 18216 D AndroidRuntime: >>>>>> START com.android.internal.os.RuntimeInit uid 2000 <<<<<<
08-05 19:37:39.653 18216 18216 D AndroidRuntime: CheckJNI is OFF
08-05 19:37:39.696 18216 18216 D ICU     : No timezone override file found: /data/misc/zoneinfo/current/icu/icu_tzdata.dat
08-05 19:37:39.724 15507 16423 I art     : Starting a blocking GC Explicit
08-05 19:37:39.738 18216 18216 I Radio-JNI: register_android_hardware_Radio DONE
08-05 19:37:39.750 15507 16423 I art     : Explicit concurrent mark sweep GC freed 1341(78KB) AllocSpace objects, 1(20KB) LOS objects, 23% free, 52MB/68MB, paused 671us total 25.803ms
08-05 19:37:39.761 15507 16423 I art     : Starting a blocking GC Explicit
08-05 19:37:39.769 18216 18216 D AndroidRuntime: Calling main entry com.android.commands.input.Input
08-05 19:37:39.771 18216 18216 I Input   : injectMotionEvent: MotionEvent { action=ACTION_DOWN, actionButton=0, id[0]=0, x[0]=1053.0, y[0]=1173.0, toolType[0]=TOOL_TYPE_UNKNOWN, buttonState=0, metaState=0, flags=0x0, edgeFlags=0x0, pointerCount=1, historySize=0, eventTime=819476184, downTime=819476184, deviceId=0, source=0x1002 }
08-05 19:37:39.778 18216 18216 I Input   : injectMotionEvent: MotionEvent { action=ACTION_UP, actionButton=0, id[0]=0, x[0]=1053.0, y[0]=1173.0, toolType[0]=TOOL_TYPE_UNKNOWN, buttonState=0, metaState=0, flags=0x0, edgeFlags=0x0, pointerCount=1, historySize=0, eventTime=819476184, downTime=819476184, deviceId=0, source=0x1002 }
08-05 19:37:39.780   918  5952 I ActivityManager: START u0 {cmp=baseline.appteam.nith.hillffair/.activities.QuizActivity} from uid 10675 on display 0
08-05 19:37:39.786 15507 16423 I art     : Explicit concurrent mark sweep GC freed 23(800B) AllocSpace objects, 0(0B) LOS objects, 23% free, 52MB/68MB, paused 776us total 25.138ms
08-05 19:37:39.789 18216 18216 D AndroidRuntime: Shutting down VM
08-05 19:37:39.798 15507 16423 I art     : Starting a blocking GC Explicit
08-05 19:37:39.824 15507 16423 I art     : Explicit concurrent mark sweep GC freed 539(45KB) AllocSpace objects, 0(0B) LOS objects, 23% free, 52MB/68MB, paused 815us total 25.611ms
08-05 19:37:39.835 15507 16423 I art     : Starting a blocking GC Explicit
08-05 19:37:39.859 15507 16423 I art     : Explicit concurrent mark sweep GC freed 242(9KB) AllocSpace objects, 0(0B) LOS objects, 23% free, 52MB/68MB, paused 571us total 23.004ms
08-05 19:37:39.870 15507 16423 I art     : Starting a blocking GC Explicit
08-05 19:37:39.878   918   936 I ActivityManager: Displayed baseline.appteam.nith.hillffair/.activities.QuizActivity: +89ms
08-05 19:37:39.882 13866 13866 I GoogleInputMethodServic: GoogleInputMethodService.onFinishInput():3138 
08-05 19:37:39.883 13866 13866 I GoogleInputMethodServic: GoogleInputMethodService.onStartInput():1808 
08-05 19:37:39.895 15507 16423 I art     : Explicit concurrent mark sweep GC freed 159(6KB) AllocSpace objects, 0(0B) LOS objects, 23% free, 52MB/68MB, paused 625us total 25.012ms
08-05 19:37:40.201 15507 15520 I art     : Starting a blocking GC Explicit
08-05 19:37:40.225 15507 15520 I art     : Explicit concurrent mark sweep GC freed 1378(79KB) AllocSpace objects, 1(20KB) LOS objects, 23% free, 52MB/68MB, paused 543us total 24ms
08-05 19:37:40.235 15507 15520 I art     : Starting a blocking GC Explicit
08-05 19:37:40.259 15507 15520 I art     : Explicit concurrent mark sweep GC freed 89(5KB) AllocSpace objects, 0(0B) LOS objects, 23% free, 52MB/68MB, paused 607us total 23.870ms
08-05 19:37:40.270 15507 15520 I art     : Starting a blocking GC Explicit
08-05 19:37:40.295 15507 15520 I art     : Explicit concurrent mark sweep GC freed 4(128B) AllocSpace objects, 0(0B) LOS objects, 23% free, 52MB/68MB, paused 558us total 24.310ms
08-05 19:37:40.305 15507 15520 I art     : Starting a blocking GC Explicit
08-05 19:37:40.331 15507 15520 I art     : Explicit concurrent mark sweep GC freed 3(96B) AllocSpace objects, 0(0B) LOS objects, 23% free, 52MB/68MB, paused 582us total 25.824ms
08-05 19:37:40.342 15507 15520 I art     : Starting a blocking GC Explicit
08-05 19:37:40.369 15507 15520 I art     : Explicit concurrent mark sweep GC freed 3(96B) AllocSpace objects, 0(0B) LOS objects, 23% free, 52MB/68MB, paused 600us total 26.630ms
08-05 19:37:40.675 15507 15548 I art     : Starting a blocking GC Explicit
08-05 19:37:40.709 15507 15548 I art     : Explicit concurrent mark sweep GC freed 1343(78KB) AllocSpace objects, 1(20KB) LOS objects, 23% free, 52MB/68MB, paused 662us total 33.022ms
08-05 19:37:40.722 15507 15548 I art     : Starting a blocking GC Explicit
08-05 19:37:40.749 15507 15548 I art     : Explicit concurrent mark sweep GC freed 20(704B) AllocSpace objects, 0(0B) LOS objects, 23% free, 52MB/68MB, paused 598us total 27.264ms
08-05 19:37:40.761 15507 15548 I art     : Starting a blocking GC Explicit
08-05 19:37:40.788 15507 15548 I art     : Explicit concurrent mark sweep GC freed 3(96B) AllocSpace objects, 0(0B) LOS objects, 23% free, 52MB/68MB, paused 630us total 27.143ms
08-05 19:37:40.799 15507 15548 I art     : Starting a blocking GC Explicit
08-05 19:37:40.826 15507 15548 I art     : Explicit concurrent mark sweep GC freed 3(96B) AllocSpace objects, 0(0B) LOS objects, 23% free, 52MB/68MB, paused 600us total 26.834ms
08-05 19:37:40.837 15507 15548 I art     : Starting a blocking GC Explicit
08-05 19:37:40.865 15507 15548 I art     : Explicit concurrent mark sweep GC freed 3(96B) AllocSpace objects, 0(0B) LOS objects, 23% free, 52MB/68MB, paused 673us total 27.236ms
08-05 19:37:41.017 13866 13882 I PeriodicStatsRunner: PeriodicStatsRunner.call():175 call()
08-05 19:37:41.018 13866 13882 I PeriodicStatsRunner: PeriodicStatsRunner.call():179 No submit PeriodicStats since input started.
08-05 19:37:41.183 15507 16783 I art     : Starting a blocking GC Explicit
08-05 19:37:41.219 15507 16783 I art     : Explicit concurrent mark sweep GC freed 1343(78KB) AllocSpace objects, 1(20KB) LOS objects, 23% free, 52MB/68MB, paused 668us total 35.834ms
08-05 19:37:41.232 15507 16783 I art     : Starting a blocking GC Explicit
08-05 19:37:41.260 15507 16783 I art     : Explicit concurrent mark sweep GC freed 20(704B) AllocSpace objects, 0(0B) LOS objects, 23% free, 52MB/68MB, paused 613us total 27.342ms
08-05 19:37:41.271 15507 16783 I art     : Starting a blocking GC Explicit
08-05 19:37:41.298 15507 16783 I art     : Explicit concurrent mark sweep GC freed 3(96B) AllocSpace objects, 0(0B) LOS objects, 23% free, 52MB/68MB, paused 633us total 26.245ms
08-05 19:37:41.309 15507 16783 I art     : Starting a blocking GC Explicit
08-05 19:37:41.338 15507 16783 I art     : Explicit concurrent mark sweep GC freed 3(96B) AllocSpace objects, 0(0B) LOS objects, 23% free, 52MB/68MB, paused 670us total 28.775ms
08-05 19:37:41.349 15507 16783 I art     : Starting a blocking GC Explicit
08-05 19:37:41.378 15507 16783 I art     : Explicit concurrent mark sweep GC freed 3(96B) AllocSpace objects, 0(0B) LOS objects, 23% free, 52MB/68MB, paused 666us total 28.669ms
08-05 19:37:41.683 15507 16783 I art     : Starting a blocking GC Explicit
08-05 19:37:41.711 15507 16783 I art     : Explicit concurrent mark sweep GC freed 1735(98KB) AllocSpace objects, 1(20KB) LOS objects, 23% free, 52MB/68MB, paused 636us total 27.157ms
08-05 19:37:41.722 15507 16783 I art     : Starting a blocking GC Explicit
08-05 19:37:41.750 15507 16783 I art     : Explicit concurrent mark sweep GC freed 48(1648B) AllocSpace objects, 0(0B) LOS objects, 23% free, 52MB/68MB, paused 677us total 26.929ms
08-05 19:37:41.761 15507 16783 I art     : Starting a blocking GC Explicit
08-05 19:37:41.788 15507 16783 I art     : Explicit concurrent mark sweep GC freed 3(96B) AllocSpace objects, 0(0B) LOS objects, 23% free, 52MB/68MB, paused 705us total 27.001ms
08-05 19:37:41.799 15507 16783 I art     : Starting a blocking GC Explicit
08-05 19:37:41.828 15507 16783 I art     : Explicit concurrent mark sweep GC freed 3(96B) AllocSpace objects, 0(0B) LOS objects, 23% free, 52MB/68MB, paused 717us total 28.585ms
08-05 19:37:41.839 15507 16783 I art     : Starting a blocking GC Explicit
08-05 19:37:41.869 15507 16783 I art     : Explicit concurrent mark sweep GC freed 1773(71KB) AllocSpace objects, 0(0B) LOS objects, 23% free, 52MB/68MB, paused 665us total 28.891ms
08-05 19:37:41.897 15507 18293 W OneSignal: OneSignalRestClient: POST Error thrown from network stack. 
08-05 19:37:41.897 15507 18293 W OneSignal: java.io.IOException: unexpected end of stream on Connection{api.onesignal.com:443, proxy=HTTP@192.168.2.12:8080 hostAddress=192.168.2.12 cipherSuite=TLS_ECDHE_RSA_WITH_AES_128_GCM_SHA256 protocol=http/1.1} (recycle count=0)
08-05 19:37:41.897 15507 18293 W OneSignal: 	at com.android.okhttp.internal.http.HttpConnection.readResponse(HttpConnection.java:210)
08-05 19:37:41.897 15507 18293 W OneSignal: 	at com.android.okhttp.internal.http.HttpTransport.readResponseHeaders(HttpTransport.java:80)
08-05 19:37:41.897 15507 18293 W OneSignal: 	at com.android.okhttp.internal.http.HttpEngine.readNetworkResponse(HttpEngine.java:904)
08-05 19:37:41.897 15507 18293 W OneSignal: 	at com.android.okhttp.internal.http.HttpEngine.readResponse(HttpEngine.java:788)
08-05 19:37:41.897 15507 18293 W OneSignal: 	at com.android.okhttp.internal.huc.HttpURLConnectionImpl.execute(HttpURLConnectionImpl.java:439)
08-05 19:37:41.897 15507 18293 W OneSignal: 	at com.android.okhttp.internal.huc.HttpURLConnectionImpl.getResponse(HttpURLConnectionImpl.java:384)
08-05 19:37:41.897 15507 18293 W OneSignal: 	at com.android.okhttp.internal.huc.HttpURLConnectionImpl.getResponseCode(HttpURLConnectionImpl.java:497)
08-05 19:37:41.897 15507 18293 W OneSignal: 	at com.android.okhttp.internal.huc.DelegatingHttpsURLConnection.getResponseCode(DelegatingHttpsURLConnection.java:105)
08-05 19:37:41.897 15507 18293 W OneSignal: 	at com.android.okhttp.internal.huc.HttpsURLConnectionImpl.getResponseCode(HttpsURLConnectionImpl.java)
08-05 19:37:41.897 15507 18293 W OneSignal: 	at com.onesignal.OneSignalRestClient.startHTTPConnection(OneSignalRestClient.java:180)
08-05 19:37:41.897 15507 18293 W OneSignal: 	at com.onesignal.OneSignalRestClient.access$100(OneSignalRestClient.java:44)
08-05 19:37:41.897 15507 18293 W OneSignal: 	at com.onesignal.OneSignalRestClient$4.run(OneSignalRestClient.java:110)
08-05 19:37:41.897 15507 18293 W OneSignal: 	at java.lang.Thread.run(Thread.java:818)
08-05 19:37:41.897 15507 18293 W OneSignal: Caused by: java.io.EOFException: \n not found: size=0 content=...
08-05 19:37:41.897 15507 18293 W OneSignal: 	at com.android.okhttp.okio.RealBufferedSource.readUtf8LineStrict(RealBufferedSource.java:200)
08-05 19:37:41.897 15507 18293 W OneSignal: 	at com.android.okhttp.internal.http.HttpConnection.readResponse(HttpConnection.java:191)
08-05 19:37:41.897 15507 18293 W OneSignal: 	... 12 more
08-05 19:37:41.899 15507 18294 W OneSignal: Failed last request. statusCode: -1
08-05 19:37:41.899 15507 18294 W OneSignal: response: null
08-05 19:37:42.174 15507 16423 I art     : Starting a blocking GC Explicit
08-05 19:37:42.204 15507 16423 I art     : Explicit concurrent mark sweep GC freed 1875(155KB) AllocSpace objects, 1(20KB) LOS objects, 23% free, 52MB/68MB, paused 600us total 29.484ms
08-05 19:37:42.215 15507 16423 I art     : Starting a blocking GC Explicit
08-05 19:37:42.241 15507 16423 I art     : Explicit concurrent mark sweep GC freed 30(1120B) AllocSpace objects, 0(0B) LOS objects, 23% free, 52MB/68MB, paused 615us total 26.331ms
08-05 19:37:42.252 15507 16423 I art     : Starting a blocking GC Explicit
08-05 19:37:42.278 15507 16423 I art     : Explicit concurrent mark sweep GC freed 3(96B) AllocSpace objects, 0(0B) LOS objects, 23% free, 52MB/68MB, paused 642us total 25.777ms
08-05 19:37:42.290 15507 16423 I art     : Starting a blocking GC Explicit
08-05 19:37:42.318 15507 16423 I art     : Explicit concurrent mark sweep GC freed 3(96B) AllocSpace objects, 0(0B) LOS objects, 23% free, 52MB/68MB, paused 649us total 27.764ms
08-05 19:37:42.329 15507 16423 I art     : Starting a blocking GC Explicit
08-05 19:37:42.357 15507 16423 I art     : Explicit concurrent mark sweep GC freed 3(96B) AllocSpace objects, 0(0B) LOS objects, 23% free, 52MB/68MB, paused 677us total 27.876ms
08-05 19:37:42.584 18297 18297 D AndroidRuntime: >>>>>> START com.android.internal.os.RuntimeInit uid 2000 <<<<<<
08-05 19:37:42.590 18297 18297 D AndroidRuntime: CheckJNI is OFF
08-05 19:37:42.632 18297 18297 D ICU     : No timezone override file found: /data/misc/zoneinfo/current/icu/icu_tzdata.dat
08-05 19:37:42.674 18297 18297 I Radio-JNI: register_android_hardware_Radio DONE
08-05 19:37:42.690 15507 15520 I art     : Starting a blocking GC Explicit
08-05 19:37:42.703 18297 18297 D AndroidRuntime: Calling main entry com.android.commands.input.Input
08-05 19:37:42.705 18297 18297 I Input   : injectMotionEvent: MotionEvent { action=ACTION_DOWN, actionButton=0, id[0]=0, x[0]=756.0, y[0]=1530.0, toolType[0]=TOOL_TYPE_UNKNOWN, buttonState=0, metaState=0, flags=0x0, edgeFlags=0x0, pointerCount=1, historySize=0, eventTime=819479118, downTime=819479118, deviceId=0, source=0x1002 }
08-05 19:37:42.709 18297 18297 I Input   : injectMotionEvent: MotionEvent { action=ACTION_UP, actionButton=0, id[0]=0, x[0]=756.0, y[0]=1530.0, toolType[0]=TOOL_TYPE_UNKNOWN, buttonState=0, metaState=0, flags=0x0, edgeFlags=0x0, pointerCount=1, historySize=0, eventTime=819479118, downTime=819479118, deviceId=0, source=0x1002 }
08-05 19:37:42.712 18297 18297 D AndroidRuntime: Shutting down VM
08-05 19:37:42.716 15507 15520 I art     : Explicit concurrent mark sweep GC freed 1368(79KB) AllocSpace objects, 1(20KB) LOS objects, 23% free, 52MB/68MB, paused 629us total 26.205ms
08-05 19:37:42.724   918  5952 I ActivityManager: START u0 {cmp=baseline.appteam.nith.hillffair/.activities.LeaderBoardActivity} from uid 10675 on display 0
08-05 19:37:42.726   512  2967 D audio_hw_primary: out_set_parameters: enter: usecase(1: low-latency-playback) kvpairs: routing=2
08-05 19:37:42.728 15507 15520 I art     : Starting a blocking GC Explicit
08-05 19:37:42.738   512  2967 D audio_hw_primary: select_devices: out_snd_device(2: speaker) in_snd_device(0: none)
08-05 19:37:42.739   512  2967 D msm8974_platform: platform_send_audio_calibration: sending audio calibration for snd_device(2) acdb_id(15)
08-05 19:37:42.739   512  2967 I soundtrigger: audio_extn_sound_trigger_update_device_status: device 0x2 of type 0 for Event 1
08-05 19:37:42.749   512  2967 D audio_hw_primary: enable_snd_device: snd_device(2: speaker)
08-05 19:37:42.752   512  2967 D audio_hw_primary: enable_audio_route: apply and update mixer path: low-latency-playback speaker
08-05 19:37:42.754 15507 15520 I art     : Explicit concurrent mark sweep GC freed 539(28KB) AllocSpace objects, 0(0B) LOS objects, 23% free, 52MB/68MB, paused 913us total 26.655ms
08-05 19:37:42.765 15507 15520 I art     : Starting a blocking GC Explicit
08-05 19:37:42.792 15507 15520 I art     : Explicit concurrent mark sweep GC freed 4708(293KB) AllocSpace objects, 0(0B) LOS objects, 23% free, 52MB/68MB, paused 716us total 26.638ms
08-05 19:37:42.803 15507 15520 I art     : Starting a blocking GC Explicit
08-05 19:37:42.816 15507 15507 E RecyclerView: No adapter attached; skipping layout
08-05 19:37:42.818 15507 15507 E RecyclerView: No adapter attached; skipping layout
08-05 19:37:42.831 15507 15520 I art     : Explicit concurrent mark sweep GC freed 233(10KB) AllocSpace objects, 0(0B) LOS objects, 23% free, 52MB/68MB, paused 957us total 28.006ms
08-05 19:37:42.837   918   936 I ActivityManager: Displayed baseline.appteam.nith.hillffair/.activities.LeaderBoardActivity: +106ms
08-05 19:37:42.838 13866 13866 I GoogleInputMethodServic: GoogleInputMethodService.onFinishInput():3138 
08-05 19:37:42.839 13866 13866 I GoogleInputMethodServic: GoogleInputMethodService.onStartInput():1808 
08-05 19:37:42.840 15507 15507 E RecyclerView: No adapter attached; skipping layout
08-05 19:37:42.845 15507 15520 I art     : Starting a blocking GC Explicit
08-05 19:37:42.857 15507 15531 D OpenGLRenderer: endAllStagingAnimators on 0x7f94c3d400 (RippleDrawable) with handle 0x7f80215f80
08-05 19:37:42.870 15507 15520 I art     : Explicit concurrent mark sweep GC freed 62(2576B) AllocSpace objects, 0(0B) LOS objects, 23% free, 52MB/68MB, paused 636us total 25.322ms
08-05 19:37:42.870 15507 15518 I art     : WaitForGcToComplete blocked for 25.588ms for cause HeapTrim
08-05 19:37:42.908 13866 13882 I PeriodicStatsRunner: PeriodicStatsRunner.call():175 call()
08-05 19:37:42.908 13866 13882 I PeriodicStatsRunner: PeriodicStatsRunner.call():179 No submit PeriodicStats since input started.
08-05 19:37:43.089   380   380 W SurfaceFlinger: couldn't log to binary event log: overflow.
08-05 19:37:43.174 15507 15521 I art     : Starting a blocking GC Explicit
08-05 19:37:43.198 15507 15521 I art     : Explicit concurrent mark sweep GC freed 1409(80KB) AllocSpace objects, 1(20KB) LOS objects, 23% free, 52MB/68MB, paused 602us total 24.092ms
08-05 19:37:43.210 15507 15521 I art     : Starting a blocking GC Explicit
08-05 19:37:43.234 15507 15521 I art     : Explicit concurrent mark sweep GC freed 183(9KB) AllocSpace objects, 0(0B) LOS objects, 23% free, 52MB/68MB, paused 602us total 23.954ms
08-05 19:37:43.244 15507 15521 I art     : Starting a blocking GC Explicit
08-05 19:37:43.268 15507 15521 I art     : Explicit concurrent mark sweep GC freed 21(736B) AllocSpace objects, 0(0B) LOS objects, 23% free, 52MB/68MB, paused 710us total 23.500ms
08-05 19:37:43.278 15507 15521 I art     : Starting a blocking GC Explicit
08-05 19:37:43.289   512  2967 D audio_hw_primary: disable_audio_route: reset and update mixer path: low-latency-playback speaker
08-05 19:37:43.290   512  2967 D audio_hw_primary: disable_snd_device: snd_device(2: speaker)
08-05 19:37:43.298   512  2967 I soundtrigger: audio_extn_sound_trigger_update_device_status: device 0x2 of type 0 for Event 0
08-05 19:37:43.302 15507 15521 I art     : Explicit concurrent mark sweep GC freed 13(480B) AllocSpace objects, 0(0B) LOS objects, 23% free, 52MB/68MB, paused 626us total 24.041ms
08-05 19:37:43.312 15507 15521 I art     : Starting a blocking GC Explicit
08-05 19:37:43.337 15507 15521 I art     : Explicit concurrent mark sweep GC freed 13(480B) AllocSpace objects, 0(0B) LOS objects, 23% free, 52MB/68MB, paused 688us total 24.644ms
08-05 19:37:43.545 15507 18328 D OkHttp  : --> GET https://api-hillfair-2k16.herokuapp.com/api/app/quiz/leaderboard?from=1 http/1.1
08-05 19:37:43.583 15507 18328 D OkHttp  : <-- 200 OK https://api-hillfair-2k16.herokuapp.com/api/app/quiz/leaderboard?from=1 (37ms, 56744-byte body)
08-05 19:37:43.624 15507 16423 I art     : Starting a blocking GC Explicit
08-05 19:37:43.656 15507 16423 I art     : Explicit concurrent mark sweep GC freed 21617(1037KB) AllocSpace objects, 4(220KB) LOS objects, 23% free, 53MB/69MB, paused 792us total 31.162ms
08-05 19:37:43.667 15507 16423 I art     : Starting a blocking GC Explicit
08-05 19:37:43.673 15507 15507 I NAPPA_EXPERIMENTATION: MetricNetworkRequestExecutionTime: REQUEST_DURATION_SYSTEM='911',REQUEST_DURATION_OKHTTP='38',REQUEST_SYNCHRONOUS='FALSE',RESPONSE_CODE='200',RESPONSE_METHOD='GET',RESPONSE_LENGTH_OKHTTP='56744',RESPONSE_LENGTH_HEADER='56744',REQUEST_PROTOCOL='http/1.1',REQUEST_URL='https://api-hillfair-2k16.herokuapp.com/api/app/quiz/leaderboard?from=1',
08-05 19:37:43.695 15507 16423 I art     : Explicit concurrent mark sweep GC freed 8326(455KB) AllocSpace objects, 0(0B) LOS objects, 23% free, 53MB/69MB, paused 929us total 27.382ms
08-05 19:37:43.705 15507 16423 I art     : Starting a blocking GC Explicit
08-05 19:37:43.735 15507 16423 I art     : Explicit concurrent mark sweep GC freed 1180(65KB) AllocSpace objects, 0(0B) LOS objects, 23% free, 53MB/69MB, paused 1.032ms total 29.183ms
08-05 19:37:43.746 15507 16423 I art     : Starting a blocking GC Explicit
08-05 19:37:43.775 15507 16423 I art     : Explicit concurrent mark sweep GC freed 290(10KB) AllocSpace objects, 0(0B) LOS objects, 23% free, 53MB/69MB, paused 579us total 28.430ms
08-05 19:37:43.786 15507 16423 I art     : Starting a blocking GC Explicit
08-05 19:37:43.813 15507 16423 I art     : Explicit concurrent mark sweep GC freed 7(288B) AllocSpace objects, 0(0B) LOS objects, 23% free, 53MB/69MB, paused 612us total 27.252ms
08-05 19:37:44.125 15507 16783 I art     : Starting a blocking GC Explicit
08-05 19:37:44.165 15507 16783 I art     : Explicit concurrent mark sweep GC freed 1344(78KB) AllocSpace objects, 1(20KB) LOS objects, 23% free, 53MB/69MB, paused 637us total 39.694ms
08-05 19:37:44.180 15507 16783 I art     : Starting a blocking GC Explicit
08-05 19:37:44.209 15507 16783 I art     : Explicit concurrent mark sweep GC freed 20(704B) AllocSpace objects, 0(0B) LOS objects, 23% free, 53MB/69MB, paused 565us total 29.440ms
08-05 19:37:44.221 15507 16783 I art     : Starting a blocking GC Explicit
08-05 19:37:44.250 15507 16783 I art     : Explicit concurrent mark sweep GC freed 3(96B) AllocSpace objects, 0(0B) LOS objects, 23% free, 53MB/69MB, paused 609us total 29.057ms
08-05 19:37:44.262 15507 16783 I art     : Starting a blocking GC Explicit
08-05 19:37:44.292 15507 16783 I art     : Explicit concurrent mark sweep GC freed 3(96B) AllocSpace objects, 0(0B) LOS objects, 23% free, 53MB/69MB, paused 612us total 29.786ms
08-05 19:37:44.304 15507 16783 I art     : Starting a blocking GC Explicit
08-05 19:37:44.334 15507 16783 I art     : Explicit concurrent mark sweep GC freed 3(96B) AllocSpace objects, 0(0B) LOS objects, 23% free, 53MB/69MB, paused 595us total 29.444ms
08-05 19:37:44.688 15507 15548 I art     : Starting a blocking GC Explicit
08-05 19:37:44.728 15507 15548 I art     : Explicit concurrent mark sweep GC freed 1344(78KB) AllocSpace objects, 1(20KB) LOS objects, 23% free, 53MB/69MB, paused 783us total 39.466ms
08-05 19:37:44.742 15507 15548 I art     : Starting a blocking GC Explicit
08-05 19:37:44.771 15507 15548 I art     : Explicit concurrent mark sweep GC freed 20(704B) AllocSpace objects, 0(0B) LOS objects, 23% free, 53MB/69MB, paused 609us total 29.460ms
08-05 19:37:44.783 15507 15548 I art     : Starting a blocking GC Explicit
08-05 19:37:44.815 15507 15548 I art     : Explicit concurrent mark sweep GC freed 3(96B) AllocSpace objects, 0(0B) LOS objects, 23% free, 53MB/69MB, paused 628us total 32.019ms
08-05 19:37:44.827 15507 15548 I art     : Starting a blocking GC Explicit
08-05 19:37:44.860 15507 15548 I art     : Explicit concurrent mark sweep GC freed 3(96B) AllocSpace objects, 0(0B) LOS objects, 23% free, 53MB/69MB, paused 632us total 32.520ms
08-05 19:37:44.872 15507 15548 I art     : Starting a blocking GC Explicit
08-05 19:37:44.883 13866 13882 I PeriodicStatsRunner: PeriodicStatsRunner.call():175 call()
08-05 19:37:44.883 13866 13882 I PeriodicStatsRunner: PeriodicStatsRunner.call():179 No submit PeriodicStats since input started.
08-05 19:37:44.904 15507 15548 I art     : Explicit concurrent mark sweep GC freed 3(96B) AllocSpace objects, 0(0B) LOS objects, 23% free, 53MB/69MB, paused 635us total 31.906ms
08-05 19:37:44.988 17695 17695 I ServiceManager: Waiting for service AtCmdFwd...
08-05 19:37:45.243 15507 15521 I art     : Starting a blocking GC Explicit
08-05 19:37:45.286 15507 15521 I art     : Explicit concurrent mark sweep GC freed 1344(78KB) AllocSpace objects, 1(20KB) LOS objects, 23% free, 53MB/69MB, paused 1.265ms total 41.954ms
08-05 19:37:45.302 15507 15521 I art     : Starting a blocking GC Explicit
08-05 19:37:45.332 15507 15521 I art     : Explicit concurrent mark sweep GC freed 20(704B) AllocSpace objects, 0(0B) LOS objects, 23% free, 53MB/69MB, paused 615us total 29.549ms
08-05 19:37:45.344 15507 15521 I art     : Starting a blocking GC Explicit
08-05 19:37:45.374 15507 15521 I art     : Explicit concurrent mark sweep GC freed 3(96B) AllocSpace objects, 0(0B) LOS objects, 23% free, 53MB/69MB, paused 609us total 29.590ms
08-05 19:37:45.385 15507 15521 I art     : Starting a blocking GC Explicit
08-05 19:37:45.415 15507 15521 I art     : Explicit concurrent mark sweep GC freed 3(96B) AllocSpace objects, 0(0B) LOS objects, 23% free, 53MB/69MB, paused 609us total 29.717ms
08-05 19:37:45.427 15507 15521 I art     : Starting a blocking GC Explicit
08-05 19:37:45.459 15507 15521 I art     : Explicit concurrent mark sweep GC freed 3(96B) AllocSpace objects, 0(0B) LOS objects, 23% free, 53MB/69MB, paused 620us total 31.588ms
08-05 19:37:45.792 15507 15520 I art     : Starting a blocking GC Explicit
08-05 19:37:45.828 15507 15520 I art     : Explicit concurrent mark sweep GC freed 1344(78KB) AllocSpace objects, 1(20KB) LOS objects, 23% free, 53MB/69MB, paused 653us total 35.686ms
08-05 19:37:45.840 15507 15520 I art     : Starting a blocking GC Explicit
08-05 19:37:45.873 15507 15520 I art     : Explicit concurrent mark sweep GC freed 20(704B) AllocSpace objects, 0(0B) LOS objects, 23% free, 53MB/69MB, paused 628us total 32.448ms
08-05 19:37:45.885 15507 15520 I art     : Starting a blocking GC Explicit
08-05 19:37:45.917 15507 15520 I art     : Explicit concurrent mark sweep GC freed 3(96B) AllocSpace objects, 0(0B) LOS objects, 23% free, 53MB/69MB, paused 610us total 31.680ms
08-05 19:37:45.928 15507 15520 I art     : Starting a blocking GC Explicit
08-05 19:37:45.961 15507 15520 I art     : Explicit concurrent mark sweep GC freed 3(96B) AllocSpace objects, 0(0B) LOS objects, 23% free, 53MB/69MB, paused 636us total 31.922ms
08-05 19:37:45.973 15507 15520 I art     : Starting a blocking GC Explicit
08-05 19:37:45.989 17695 17695 I ServiceManager: Waiting for service AtCmdFwd...
08-05 19:37:46.005 15507 15520 I art     : Explicit concurrent mark sweep GC freed 3(96B) AllocSpace objects, 0(0B) LOS objects, 23% free, 53MB/69MB, paused 625us total 32.001ms
08-05 19:37:46.353 15507 16423 I art     : Starting a blocking GC Explicit
08-05 19:37:46.395 15507 16423 I art     : Explicit concurrent mark sweep GC freed 1344(78KB) AllocSpace objects, 1(20KB) LOS objects, 23% free, 53MB/69MB, paused 679us total 41.101ms
08-05 19:37:46.410 15507 16423 I art     : Starting a blocking GC Explicit
08-05 19:37:46.439 15507 16423 I art     : Explicit concurrent mark sweep GC freed 20(704B) AllocSpace objects, 0(0B) LOS objects, 23% free, 53MB/69MB, paused 635us total 29.361ms
08-05 19:37:46.451 15507 16423 I art     : Starting a blocking GC Explicit
08-05 19:37:46.484 15507 16423 I art     : Explicit concurrent mark sweep GC freed 3(96B) AllocSpace objects, 0(0B) LOS objects, 23% free, 53MB/69MB, paused 632us total 32.599ms
08-05 19:37:46.496 15507 16423 I art     : Starting a blocking GC Explicit
08-05 19:37:46.528 15507 16423 I art     : Explicit concurrent mark sweep GC freed 3(96B) AllocSpace objects, 0(0B) LOS objects, 23% free, 53MB/69MB, paused 646us total 32.339ms
08-05 19:37:46.540 15507 16423 I art     : Starting a blocking GC Explicit
08-05 19:37:46.571 15507 16423 I art     : Explicit concurrent mark sweep GC freed 3(96B) AllocSpace objects, 0(0B) LOS objects, 23% free, 53MB/69MB, paused 636us total 30.544ms
08-05 19:37:46.894 15507 16783 I art     : Starting a blocking GC Explicit
08-05 19:37:46.933 15507 16783 I art     : Explicit concurrent mark sweep GC freed 1344(78KB) AllocSpace objects, 1(20KB) LOS objects, 23% free, 53MB/69MB, paused 651us total 39.247ms
08-05 19:37:46.949 15507 16783 I art     : Starting a blocking GC Explicit
08-05 19:37:46.978 15507 16783 I art     : Explicit concurrent mark sweep GC freed 20(704B) AllocSpace objects, 0(0B) LOS objects, 23% free, 53MB/69MB, paused 605us total 29.064ms
08-05 19:37:46.990 15507 16783 I art     : Starting a blocking GC Explicit
08-05 19:37:46.990 17695 17695 I ServiceManager: Waiting for service AtCmdFwd...
08-05 19:37:47.018 15507 16783 I art     : Explicit concurrent mark sweep GC freed 3(96B) AllocSpace objects, 0(0B) LOS objects, 23% free, 53MB/69MB, paused 628us total 27.911ms
08-05 19:37:47.029 15507 16783 I art     : Starting a blocking GC Explicit
08-05 19:37:47.057 15507 16783 I art     : Explicit concurrent mark sweep GC freed 3(96B) AllocSpace objects, 0(0B) LOS objects, 23% free, 53MB/69MB, paused 683us total 27.657ms
08-05 19:37:47.069 15507 16783 I art     : Starting a blocking GC Explicit
08-05 19:37:47.097 15507 16783 I art     : Explicit concurrent mark sweep GC freed 3(96B) AllocSpace objects, 0(0B) LOS objects, 23% free, 53MB/69MB, paused 674us total 28.346ms
08-05 19:37:47.433 15507 15548 I art     : Starting a blocking GC Explicit
08-05 19:37:47.468 15507 15548 I art     : Explicit concurrent mark sweep GC freed 1344(78KB) AllocSpace objects, 1(20KB) LOS objects, 23% free, 53MB/69MB, paused 830us total 34.513ms
08-05 19:37:47.483 15507 15548 I art     : Starting a blocking GC Explicit
08-05 19:37:47.507 18425 18425 D AndroidRuntime: >>>>>> START com.android.internal.os.RuntimeInit uid 2000 <<<<<<
08-05 19:37:47.511 15507 15548 I art     : Explicit concurrent mark sweep GC freed 20(704B) AllocSpace objects, 0(0B) LOS objects, 23% free, 53MB/69MB, paused 642us total 28.491ms
08-05 19:37:47.513 18425 18425 D AndroidRuntime: CheckJNI is OFF
08-05 19:37:47.523 15507 15548 I art     : Starting a blocking GC Explicit
08-05 19:37:47.552 15507 15548 I art     : Explicit concurrent mark sweep GC freed 3(96B) AllocSpace objects, 0(0B) LOS objects, 23% free, 53MB/69MB, paused 631us total 28.663ms
08-05 19:37:47.559 18425 18425 D ICU     : No timezone override file found: /data/misc/zoneinfo/current/icu/icu_tzdata.dat
08-05 19:37:47.564 15507 15548 I art     : Starting a blocking GC Explicit
08-05 19:37:47.593 15507 15548 I art     : Explicit concurrent mark sweep GC freed 3(96B) AllocSpace objects, 0(0B) LOS objects, 23% free, 53MB/69MB, paused 665us total 29.462ms
08-05 19:37:47.605 18425 18425 I Radio-JNI: register_android_hardware_Radio DONE
08-05 19:37:47.605 15507 15548 I art     : Starting a blocking GC Explicit
08-05 19:37:47.634 18425 18425 D AndroidRuntime: Calling main entry com.android.commands.input.Input
08-05 19:37:47.635 15507 15548 I art     : Explicit concurrent mark sweep GC freed 7(224B) AllocSpace objects, 0(0B) LOS objects, 23% free, 53MB/69MB, paused 653us total 30.374ms
08-05 19:37:47.636 18425 18425 I Input   : injectKeyEvent: KeyEvent { action=ACTION_DOWN, keyCode=KEYCODE_BACK, scanCode=0, metaState=0, flags=0x0, repeatCount=0, eventTime=819484049, downTime=819484049, deviceId=-1, source=0x101 }
08-05 19:37:47.644 18425 18425 I Input   : injectKeyEvent: KeyEvent { action=ACTION_UP, keyCode=KEYCODE_BACK, scanCode=0, metaState=0, flags=0x0, repeatCount=0, eventTime=819484049, downTime=819484049, deviceId=-1, source=0x101 }
08-05 19:37:47.649 18425 18425 D AndroidRuntime: Shutting down VM
08-05 19:37:47.671   918   937 W ProcessCpuTracker: Skipping unknown process pid 18433
08-05 19:37:47.671   918   937 W ProcessCpuTracker: Skipping unknown process pid 18436
08-05 19:37:47.687 13866 13866 I GoogleInputMethodServic: GoogleInputMethodService.onFinishInput():3138 
08-05 19:37:47.688 13866 13866 I GoogleInputMethodServic: GoogleInputMethodService.onStartInput():1808 
08-05 19:37:47.839 13866 13882 I PeriodicStatsRunner: PeriodicStatsRunner.call():175 call()
08-05 19:37:47.839 13866 13882 I PeriodicStatsRunner: PeriodicStatsRunner.call():179 No submit PeriodicStats since input started.
08-05 19:37:47.929 15507 15521 I art     : Starting a blocking GC Explicit
08-05 19:37:47.962 15507 15521 I art     : Explicit concurrent mark sweep GC freed 1498(85KB) AllocSpace objects, 1(20KB) LOS objects, 23% free, 53MB/69MB, paused 710us total 33.420ms
08-05 19:37:47.974 15507 15521 I art     : Starting a blocking GC Explicit
08-05 19:37:47.977   380   380 W SurfaceFlinger: couldn't log to binary event log: overflow.
08-05 19:37:47.990 17695 17695 I ServiceManager: Waiting for service AtCmdFwd...
08-05 19:37:48.003 15507 15521 I art     : Explicit concurrent mark sweep GC freed 160(10KB) AllocSpace objects, 0(0B) LOS objects, 23% free, 53MB/69MB, paused 542us total 28.544ms
08-05 19:37:48.013 15507 15521 I art     : Starting a blocking GC Explicit
08-05 19:37:48.039 15507 15521 I art     : Explicit concurrent mark sweep GC freed 4682(268KB) AllocSpace objects, 2(140KB) LOS objects, 23% free, 52MB/68MB, paused 572us total 25.663ms
08-05 19:37:48.050 15507 15521 I art     : Starting a blocking GC Explicit
08-05 19:37:48.075 15507 15521 I art     : Explicit concurrent mark sweep GC freed 3(96B) AllocSpace objects, 0(0B) LOS objects, 23% free, 52MB/68MB, paused 563us total 24.660ms
08-05 19:37:48.086 15507 15521 I art     : Starting a blocking GC Explicit
08-05 19:37:48.112 15507 15521 I art     : Explicit concurrent mark sweep GC freed 3(96B) AllocSpace objects, 0(0B) LOS objects, 23% free, 52MB/68MB, paused 592us total 26.074ms
08-05 19:37:48.413 15507 16423 I art     : Starting a blocking GC Explicit
08-05 19:37:48.451 15507 16423 I art     : Explicit concurrent mark sweep GC freed 1344(78KB) AllocSpace objects, 1(20KB) LOS objects, 23% free, 52MB/68MB, paused 622us total 37.370ms
08-05 19:37:48.466 15507 16423 I art     : Starting a blocking GC Explicit
08-05 19:37:48.493 15507 16423 I art     : Explicit concurrent mark sweep GC freed 20(704B) AllocSpace objects, 0(0B) LOS objects, 23% free, 52MB/68MB, paused 583us total 26.961ms
08-05 19:37:48.504 15507 16423 I art     : Starting a blocking GC Explicit
08-05 19:37:48.532 15507 16423 I art     : Explicit concurrent mark sweep GC freed 3(96B) AllocSpace objects, 0(0B) LOS objects, 23% free, 52MB/68MB, paused 591us total 27.335ms
08-05 19:37:48.543 15507 16423 I art     : Starting a blocking GC Explicit
08-05 19:37:48.570 15507 16423 I art     : Explicit concurrent mark sweep GC freed 3(96B) AllocSpace objects, 0(0B) LOS objects, 23% free, 52MB/68MB, paused 593us total 26.934ms
08-05 19:37:48.581 15507 16423 I art     : Starting a blocking GC Explicit
08-05 19:37:48.609 15507 16423 I art     : Explicit concurrent mark sweep GC freed 3(96B) AllocSpace objects, 0(0B) LOS objects, 23% free, 52MB/68MB, paused 613us total 27.714ms
08-05 19:37:48.917 15507 15520 I art     : Starting a blocking GC Explicit
08-05 19:37:48.944 15507 15520 I art     : Explicit concurrent mark sweep GC freed 1343(78KB) AllocSpace objects, 1(20KB) LOS objects, 23% free, 52MB/68MB, paused 623us total 26.861ms
08-05 19:37:48.956 15507 15520 I art     : Starting a blocking GC Explicit
08-05 19:37:48.982 15507 15520 I art     : Explicit concurrent mark sweep GC freed 20(704B) AllocSpace objects, 0(0B) LOS objects, 23% free, 52MB/68MB, paused 598us total 26.600ms
08-05 19:37:48.991 17695 17695 I ServiceManager: Waiting for service AtCmdFwd...
08-05 19:37:48.993 15507 15520 I art     : Starting a blocking GC Explicit
08-05 19:37:49.020 15507 15520 I art     : Explicit concurrent mark sweep GC freed 3(96B) AllocSpace objects, 0(0B) LOS objects, 23% free, 52MB/68MB, paused 613us total 25.848ms
08-05 19:37:49.030 15507 15520 I art     : Starting a blocking GC Explicit
08-05 19:37:49.057 15507 15520 I art     : Explicit concurrent mark sweep GC freed 3(96B) AllocSpace objects, 0(0B) LOS objects, 23% free, 52MB/68MB, paused 739us total 26.446ms
08-05 19:37:49.068 15507 15520 I art     : Starting a blocking GC Explicit
08-05 19:37:49.095 15507 15520 I art     : Explicit concurrent mark sweep GC freed 3(96B) AllocSpace objects, 0(0B) LOS objects, 23% free, 52MB/68MB, paused 575us total 26.710ms
08-05 19:37:49.387 15507 16783 I art     : Starting a blocking GC Explicit
08-05 19:37:49.417 15507 16783 I art     : Explicit concurrent mark sweep GC freed 1360(78KB) AllocSpace objects, 1(20KB) LOS objects, 23% free, 52MB/68MB, paused 696us total 29.554ms
08-05 19:37:49.428 18478 18478 D AndroidRuntime: >>>>>> START com.android.internal.os.RuntimeInit uid 2000 <<<<<<
08-05 19:37:49.431 15507 16783 I art     : Starting a blocking GC Explicit
08-05 19:37:49.435 18478 18478 D AndroidRuntime: CheckJNI is OFF
08-05 19:37:49.459 15507 16783 I art     : Explicit concurrent mark sweep GC freed 24(832B) AllocSpace objects, 0(0B) LOS objects, 23% free, 52MB/68MB, paused 617us total 28.356ms
08-05 19:37:49.471 15507 16783 I art     : Starting a blocking GC Explicit
08-05 19:37:49.486 18478 18478 D ICU     : No timezone override file found: /data/misc/zoneinfo/current/icu/icu_tzdata.dat
08-05 19:37:49.500 15507 16783 I art     : Explicit concurrent mark sweep GC freed 9(288B) AllocSpace objects, 0(0B) LOS objects, 23% free, 52MB/68MB, paused 644us total 28.321ms
08-05 19:37:49.512 15507 16783 I art     : Starting a blocking GC Explicit
08-05 19:37:49.531 18478 18478 I Radio-JNI: register_android_hardware_Radio DONE
08-05 19:37:49.540 15507 16783 I art     : Explicit concurrent mark sweep GC freed 4(128B) AllocSpace objects, 0(0B) LOS objects, 23% free, 52MB/68MB, paused 669us total 27.399ms
08-05 19:37:49.551 15507 16783 I art     : Starting a blocking GC Explicit
08-05 19:37:49.561 18478 18478 D AndroidRuntime: Calling main entry com.android.commands.input.Input
08-05 19:37:49.563 18478 18478 I Input   : injectKeyEvent: KeyEvent { action=ACTION_DOWN, keyCode=KEYCODE_BACK, scanCode=0, metaState=0, flags=0x0, repeatCount=0, eventTime=819485976, downTime=819485976, deviceId=-1, source=0x101 }
08-05 19:37:49.569 18478 18478 I Input   : injectKeyEvent: KeyEvent { action=ACTION_UP, keyCode=KEYCODE_BACK, scanCode=0, metaState=0, flags=0x0, repeatCount=0, eventTime=819485976, downTime=819485976, deviceId=-1, source=0x101 }
08-05 19:37:49.574 18478 18478 D AndroidRuntime: Shutting down VM
08-05 19:37:49.575 15507 16783 I art     : Explicit concurrent mark sweep GC freed 16(576B) AllocSpace objects, 0(0B) LOS objects, 23% free, 52MB/68MB, paused 692us total 24.395ms
08-05 19:37:49.618 13866 13866 I GoogleInputMethodServic: GoogleInputMethodService.onFinishInput():3138 
08-05 19:37:49.618 13866 13866 I GoogleInputMethodServic: GoogleInputMethodService.onStartInput():1808 
08-05 19:37:49.860 15507 15548 I art     : Starting a blocking GC Explicit
08-05 19:37:49.891 15507 15548 I art     : Explicit concurrent mark sweep GC freed 1531(86KB) AllocSpace objects, 1(20KB) LOS objects, 23% free, 52MB/68MB, paused 601us total 30.843ms
08-05 19:37:49.902 15507 15548 I art     : Starting a blocking GC Explicit
08-05 19:37:49.912   380   380 W SurfaceFlinger: couldn't log to binary event log: overflow.
08-05 19:37:49.929 15507 15548 I art     : Explicit concurrent mark sweep GC freed 137(9KB) AllocSpace objects, 0(0B) LOS objects, 23% free, 52MB/68MB, paused 572us total 26.331ms
08-05 19:37:49.939 15507 15548 I art     : Starting a blocking GC Explicit
08-05 19:37:49.966 15507 15548 I art     : Explicit concurrent mark sweep GC freed 9(368B) AllocSpace objects, 0(0B) LOS objects, 23% free, 52MB/68MB, paused 582us total 26.163ms
08-05 19:37:49.977 15507 15548 I art     : Starting a blocking GC Explicit
08-05 19:37:49.991 17695 17695 W Atfwd_Sendcmd: AtCmdFwd service not published, waiting... retryCnt : 3
08-05 19:37:50.001 15507 15548 I art     : Explicit concurrent mark sweep GC freed 2057(121KB) AllocSpace objects, 2(180KB) LOS objects, 23% free, 52MB/68MB, paused 576us total 24.266ms
08-05 19:37:50.012 15507 15548 I art     : Starting a blocking GC Explicit
08-05 19:37:50.037 15507 15548 I art     : Explicit concurrent mark sweep GC freed 3(96B) AllocSpace objects, 0(0B) LOS objects, 23% free, 52MB/68MB, paused 682us total 25.428ms
08-05 19:37:50.328   918  3261 D WifiStateMachine: starting scan for "H369AA63323"WPA_PSK with 2412,5180
08-05 19:37:50.351 15507 15521 I art     : Starting a blocking GC Explicit
08-05 19:37:50.389 15507 15521 I art     : Explicit concurrent mark sweep GC freed 1343(78KB) AllocSpace objects, 1(20KB) LOS objects, 23% free, 52MB/68MB, paused 697us total 37.874ms
08-05 19:37:50.403 15507 15521 I art     : Starting a blocking GC Explicit
08-05 19:37:50.430 15507 15521 I art     : Explicit concurrent mark sweep GC freed 20(704B) AllocSpace objects, 0(0B) LOS objects, 23% free, 52MB/68MB, paused 602us total 26.910ms
08-05 19:37:50.441 15507 15521 I art     : Starting a blocking GC Explicit
08-05 19:37:50.468 15507 15521 I art     : Explicit concurrent mark sweep GC freed 3(96B) AllocSpace objects, 0(0B) LOS objects, 23% free, 52MB/68MB, paused 610us total 26.446ms
08-05 19:37:50.479 15507 15521 I art     : Starting a blocking GC Explicit
08-05 19:37:50.505 15507 15521 I art     : Explicit concurrent mark sweep GC freed 3(96B) AllocSpace objects, 0(0B) LOS objects, 23% free, 52MB/68MB, paused 604us total 25.723ms
08-05 19:37:50.517 15507 15521 I art     : Starting a blocking GC Explicit
08-05 19:37:50.543 15507 15521 I art     : Explicit concurrent mark sweep GC freed 3(96B) AllocSpace objects, 0(0B) LOS objects, 23% free, 52MB/68MB, paused 602us total 26.513ms
08-05 19:37:50.846 15507 15520 I art     : Starting a blocking GC Explicit
08-05 19:37:50.872 15507 15520 I art     : Explicit concurrent mark sweep GC freed 1341(78KB) AllocSpace objects, 1(20KB) LOS objects, 23% free, 52MB/68MB, paused 605us total 25.905ms
08-05 19:37:50.883 15507 15520 I art     : Starting a blocking GC Explicit
08-05 19:37:50.909 15507 15520 I art     : Explicit concurrent mark sweep GC freed 20(704B) AllocSpace objects, 0(0B) LOS objects, 23% free, 52MB/68MB, paused 566us total 25.172ms
08-05 19:37:50.919 15507 15520 I art     : Starting a blocking GC Explicit
08-05 19:37:50.945 15507 15520 I art     : Explicit concurrent mark sweep GC freed 3(96B) AllocSpace objects, 0(0B) LOS objects, 23% free, 52MB/68MB, paused 592us total 25.138ms
08-05 19:37:50.956 15507 15520 I art     : Starting a blocking GC Explicit
08-05 19:37:50.981 15507 15520 I art     : Explicit concurrent mark sweep GC freed 3(96B) AllocSpace objects, 0(0B) LOS objects, 23% free, 52MB/68MB, paused 610us total 25.440ms
08-05 19:37:50.992 15507 15520 I art     : Starting a blocking GC Explicit
08-05 19:37:51.018 15507 15520 I art     : Explicit concurrent mark sweep GC freed 3(96B) AllocSpace objects, 0(0B) LOS objects, 23% free, 52MB/68MB, paused 610us total 25.318ms
08-05 19:37:51.318 15507 16783 I art     : Starting a blocking GC Explicit
08-05 19:37:51.349 15507 16783 I art     : Explicit concurrent mark sweep GC freed 1341(78KB) AllocSpace objects, 1(20KB) LOS objects, 23% free, 52MB/68MB, paused 710us total 29.824ms
08-05 19:37:51.362 18531 18531 D AndroidRuntime: >>>>>> START com.android.internal.os.RuntimeInit uid 2000 <<<<<<
08-05 19:37:51.363 15507 16783 I art     : Starting a blocking GC Explicit
08-05 19:37:51.369 18531 18531 D AndroidRuntime: CheckJNI is OFF
08-05 19:37:51.391 15507 16783 I art     : Explicit concurrent mark sweep GC freed 20(704B) AllocSpace objects, 0(0B) LOS objects, 23% free, 52MB/68MB, paused 621us total 27.628ms
08-05 19:37:51.402 15507 16783 I art     : Starting a blocking GC Explicit
08-05 19:37:51.417 18531 18531 D ICU     : No timezone override file found: /data/misc/zoneinfo/current/icu/icu_tzdata.dat
08-05 19:37:51.428 15507 16783 I art     : Explicit concurrent mark sweep GC freed 3(96B) AllocSpace objects, 0(0B) LOS objects, 23% free, 52MB/68MB, paused 664us total 25.752ms
08-05 19:37:51.439 15507 16783 I art     : Starting a blocking GC Explicit
08-05 19:37:51.462 18531 18531 I Radio-JNI: register_android_hardware_Radio DONE
08-05 19:37:51.465 15507 16783 I art     : Explicit concurrent mark sweep GC freed 3(96B) AllocSpace objects, 0(0B) LOS objects, 23% free, 52MB/68MB, paused 644us total 26.211ms
08-05 19:37:51.476 15507 16783 I art     : Starting a blocking GC Explicit
08-05 19:37:51.491 18531 18531 D AndroidRuntime: Calling main entry com.android.commands.input.Input
08-05 19:37:51.493 18531 18531 I Input   : injectMotionEvent: MotionEvent { action=ACTION_DOWN, actionButton=0, id[0]=0, x[0]=1084.0, y[0]=2213.0, toolType[0]=TOOL_TYPE_UNKNOWN, buttonState=0, metaState=0, flags=0x0, edgeFlags=0x0, pointerCount=1, historySize=0, eventTime=819487906, downTime=819487906, deviceId=0, source=0x1002 }
08-05 19:37:51.499 18531 18531 I Input   : injectMotionEvent: MotionEvent { action=ACTION_UP, actionButton=0, id[0]=0, x[0]=1084.0, y[0]=2213.0, toolType[0]=TOOL_TYPE_UNKNOWN, buttonState=0, metaState=0, flags=0x0, edgeFlags=0x0, pointerCount=1, historySize=0, eventTime=819487906, downTime=819487906, deviceId=0, source=0x1002 }
08-05 19:37:51.503 15507 16783 I art     : Explicit concurrent mark sweep GC freed 7(4KB) AllocSpace objects, 0(0B) LOS objects, 23% free, 52MB/68MB, paused 1.229ms total 26.292ms
08-05 19:37:51.503   918   929 I ActivityManager: START u0 {cmp=baseline.appteam.nith.hillffair/.activities.EventActivity} from uid 10675 on display 0
08-05 19:37:51.511 18531 18531 D AndroidRuntime: Shutting down VM
08-05 19:37:51.587 13866 13866 I GoogleInputMethodServic: GoogleInputMethodService.onFinishInput():3138 
08-05 19:37:51.588 13866 13866 I GoogleInputMethodServic: GoogleInputMethodService.onStartInput():1808 
08-05 19:37:51.617   918   936 I ActivityManager: Displayed baseline.appteam.nith.hillffair/.activities.EventActivity: +105ms
08-05 19:37:51.781 15507 16423 I art     : Starting a blocking GC Explicit
08-05 19:37:51.807 15507 16423 I art     : Explicit concurrent mark sweep GC freed 6163(366KB) AllocSpace objects, 1(20KB) LOS objects, 23% free, 52MB/68MB, paused 616us total 25.717ms
08-05 19:37:51.818 15507 16423 I art     : Starting a blocking GC Explicit
08-05 19:37:51.842 15507 16423 I art     : Explicit concurrent mark sweep GC freed 266(11KB) AllocSpace objects, 0(0B) LOS objects, 23% free, 52MB/68MB, paused 607us total 23.759ms
08-05 19:37:51.848   380   380 W SurfaceFlinger: couldn't log to binary event log: overflow.
08-05 19:37:51.854 15507 16423 I art     : Starting a blocking GC Explicit
08-05 19:37:51.878 15507 16423 I art     : Explicit concurrent mark sweep GC freed 3(96B) AllocSpace objects, 0(0B) LOS objects, 23% free, 52MB/68MB, paused 677us total 23.733ms
08-05 19:37:51.888 15507 16423 I art     : Starting a blocking GC Explicit
08-05 19:37:51.911 15507 16423 I art     : Explicit concurrent mark sweep GC freed 3(96B) AllocSpace objects, 0(0B) LOS objects, 23% free, 52MB/68MB, paused 631us total 23.287ms
08-05 19:37:51.922 15507 16423 I art     : Starting a blocking GC Explicit
08-05 19:37:51.945 15507 16423 I art     : Explicit concurrent mark sweep GC freed 3(96B) AllocSpace objects, 0(0B) LOS objects, 23% free, 52MB/68MB, paused 629us total 23.113ms
08-05 19:37:52.243 15507 15520 I art     : Starting a blocking GC Explicit
08-05 19:37:52.245 15507 18554 D OkHttp  : --> GET https://api-hillfair-2k16.herokuapp.com/api/app/club http/1.1
08-05 19:37:52.271 15507 15520 I art     : Explicit concurrent mark sweep GC freed 4054(217KB) AllocSpace objects, 4(220KB) LOS objects, 23% free, 52MB/68MB, paused 701us total 27.764ms
08-05 19:37:52.283 15507 15520 I art     : Starting a blocking GC Explicit
08-05 19:37:52.285 15507 18554 D OkHttp  : <-- 200 OK https://api-hillfair-2k16.herokuapp.com/api/app/club (39ms, 1870-byte body)
08-05 19:37:52.299 15507 15507 I NAPPA_EXPERIMENTATION: MetricNetworkRequestExecutionTime: REQUEST_DURATION_SYSTEM='759',REQUEST_DURATION_OKHTTP='40',REQUEST_SYNCHRONOUS='FALSE',RESPONSE_CODE='200',RESPONSE_METHOD='GET',RESPONSE_LENGTH_OKHTTP='1870',RESPONSE_LENGTH_HEADER='1870',REQUEST_PROTOCOL='http/1.1',REQUEST_URL='https://api-hillfair-2k16.herokuapp.com/api/app/club',
08-05 19:37:52.310 15507 15520 I art     : Explicit concurrent mark sweep GC freed 1403(185KB) AllocSpace objects, 0(0B) LOS objects, 23% free, 52MB/68MB, paused 633us total 27.314ms
08-05 19:37:52.322 15507 15520 I art     : Starting a blocking GC Explicit
08-05 19:37:52.349 15507 15520 I art     : Explicit concurrent mark sweep GC freed 712(43KB) AllocSpace objects, 0(0B) LOS objects, 23% free, 52MB/68MB, paused 1.041ms total 26.778ms
08-05 19:37:52.361 15507 15520 I art     : Starting a blocking GC Explicit
08-05 19:37:52.390 15507 15520 I art     : Explicit concurrent mark sweep GC freed 1103(42KB) AllocSpace objects, 0(0B) LOS objects, 23% free, 53MB/69MB, paused 1.022ms total 28.795ms
08-05 19:37:52.401 15507 15520 I art     : Starting a blocking GC Explicit
08-05 19:37:52.429 15507 15520 I art     : Explicit concurrent mark sweep GC freed 154(9KB) AllocSpace objects, 0(0B) LOS objects, 23% free, 53MB/69MB, paused 1.048ms total 28.237ms
08-05 19:37:52.688 13866 13882 I PeriodicStatsRunner: PeriodicStatsRunner.call():175 call()
08-05 19:37:52.688 13866 13882 I PeriodicStatsRunner: PeriodicStatsRunner.call():179 No submit PeriodicStats since input started.
08-05 19:37:52.720 15507 16423 I art     : Starting a blocking GC Explicit
08-05 19:37:52.756 15507 16423 I art     : Explicit concurrent mark sweep GC freed 2337(284KB) AllocSpace objects, 1(20KB) LOS objects, 23% free, 53MB/69MB, paused 831us total 36.055ms
08-05 19:37:52.770 15507 16423 I art     : Starting a blocking GC Explicit
08-05 19:37:52.799 15507 16423 I art     : Explicit concurrent mark sweep GC freed 81(2992B) AllocSpace objects, 0(0B) LOS objects, 23% free, 53MB/69MB, paused 828us total 28.692ms
08-05 19:37:52.810 15507 16423 I art     : Starting a blocking GC Explicit
08-05 19:37:52.840 15507 16423 I art     : Explicit concurrent mark sweep GC freed 4678(188KB) AllocSpace objects, 0(0B) LOS objects, 23% free, 53MB/69MB, paused 1.063ms total 29.873ms
08-05 19:37:52.852 15507 16423 I art     : Starting a blocking GC Explicit
08-05 19:37:52.882 15507 16423 I art     : Explicit concurrent mark sweep GC freed 2887(110KB) AllocSpace objects, 0(0B) LOS objects, 23% free, 53MB/69MB, paused 776us total 29.165ms
08-05 19:37:52.893 15507 16423 I art     : Starting a blocking GC Explicit
08-05 19:37:52.921 15507 16423 I art     : Explicit concurrent mark sweep GC freed 176(10KB) AllocSpace objects, 0(0B) LOS objects, 23% free, 53MB/69MB, paused 886us total 28.485ms
08-05 19:37:53.210 15507 16423 I art     : Starting a blocking GC Explicit
08-05 19:37:53.242 15507 16423 I art     : Explicit concurrent mark sweep GC freed 1938(249KB) AllocSpace objects, 1(20KB) LOS objects, 23% free, 53MB/69MB, paused 685us total 31.596ms
08-05 19:37:53.254 15507 16423 I art     : Starting a blocking GC Explicit
08-05 19:37:53.286 15507 16423 I art     : Explicit concurrent mark sweep GC freed 64(2112B) AllocSpace objects, 0(0B) LOS objects, 23% free, 53MB/69MB, paused 682us total 31.718ms
08-05 19:37:53.298 15507 16423 I art     : Starting a blocking GC Explicit
08-05 19:37:53.329 15507 16423 I art     : Explicit concurrent mark sweep GC freed 3(96B) AllocSpace objects, 0(0B) LOS objects, 23% free, 53MB/69MB, paused 681us total 30.841ms
08-05 19:37:53.341 15507 16423 I art     : Starting a blocking GC Explicit
08-05 19:37:53.371 15507 16423 I art     : Explicit concurrent mark sweep GC freed 3(96B) AllocSpace objects, 0(0B) LOS objects, 23% free, 53MB/69MB, paused 690us total 30.277ms
08-05 19:37:53.383 15507 16423 I art     : Starting a blocking GC Explicit
08-05 19:37:53.416 15507 16423 I art     : Explicit concurrent mark sweep GC freed 3(96B) AllocSpace objects, 0(0B) LOS objects, 23% free, 53MB/69MB, paused 681us total 32.034ms
08-05 19:37:53.759 15507 15520 I art     : Starting a blocking GC Explicit
08-05 19:37:53.800 15507 15520 I art     : Explicit concurrent mark sweep GC freed 1344(78KB) AllocSpace objects, 1(20KB) LOS objects, 23% free, 53MB/69MB, paused 810us total 40.768ms
08-05 19:37:53.815 15507 15520 I art     : Starting a blocking GC Explicit
08-05 19:37:53.844 15507 15520 I art     : Explicit concurrent mark sweep GC freed 20(704B) AllocSpace objects, 0(0B) LOS objects, 23% free, 53MB/69MB, paused 630us total 29.350ms
08-05 19:37:53.856 15507 15520 I art     : Starting a blocking GC Explicit
08-05 19:37:53.886 15507 15520 I art     : Explicit concurrent mark sweep GC freed 3(96B) AllocSpace objects, 0(0B) LOS objects, 23% free, 53MB/69MB, paused 672us total 30.529ms
08-05 19:37:53.898 15507 15520 I art     : Starting a blocking GC Explicit
08-05 19:37:53.929 15507 15520 I art     : Explicit concurrent mark sweep GC freed 3(96B) AllocSpace objects, 0(0B) LOS objects, 23% free, 53MB/69MB, paused 668us total 30.888ms
08-05 19:37:53.941 15507 15520 I art     : Starting a blocking GC Explicit
08-05 19:37:53.973 15507 15520 I art     : Explicit concurrent mark sweep GC freed 3(96B) AllocSpace objects, 0(0B) LOS objects, 23% free, 53MB/69MB, paused 636us total 31.201ms
08-05 19:37:54.319 15507 15521 I art     : Starting a blocking GC Explicit
08-05 19:37:54.352 15507 15521 I art     : Explicit concurrent mark sweep GC freed 1344(78KB) AllocSpace objects, 1(20KB) LOS objects, 23% free, 53MB/69MB, paused 649us total 32.894ms
08-05 19:37:54.364 15507 15521 I art     : Starting a blocking GC Explicit
08-05 19:37:54.396 15507 15521 I art     : Explicit concurrent mark sweep GC freed 20(704B) AllocSpace objects, 0(0B) LOS objects, 23% free, 53MB/69MB, paused 680us total 32.074ms
08-05 19:37:54.408 15507 15521 I art     : Starting a blocking GC Explicit
08-05 19:37:54.439 15507 15521 I art     : Explicit concurrent mark sweep GC freed 3(96B) AllocSpace objects, 0(0B) LOS objects, 23% free, 53MB/69MB, paused 671us total 31.023ms
08-05 19:37:54.451 15507 15521 I art     : Starting a blocking GC Explicit
08-05 19:37:54.481 15507 15521 I art     : Explicit concurrent mark sweep GC freed 3(96B) AllocSpace objects, 0(0B) LOS objects, 23% free, 53MB/69MB, paused 676us total 29.965ms
08-05 19:37:54.493 15507 15521 I art     : Starting a blocking GC Explicit
08-05 19:37:54.524 15507 15521 I art     : Explicit concurrent mark sweep GC freed 3(96B) AllocSpace objects, 0(0B) LOS objects, 23% free, 53MB/69MB, paused 630us total 30.420ms
08-05 19:37:54.619 13866 13882 I PeriodicStatsRunner: PeriodicStatsRunner.call():175 call()
08-05 19:37:54.619 13866 13882 I PeriodicStatsRunner: PeriodicStatsRunner.call():179 No submit PeriodicStats since input started.
08-05 19:37:54.859 15507 15548 I art     : Starting a blocking GC Explicit
08-05 19:37:54.896 15507 15548 I art     : Explicit concurrent mark sweep GC freed 1344(78KB) AllocSpace objects, 1(20KB) LOS objects, 23% free, 53MB/69MB, paused 716us total 36.580ms
08-05 19:37:54.910 15507 15548 I art     : Starting a blocking GC Explicit
08-05 19:37:54.946 15507 15548 I art     : Explicit concurrent mark sweep GC freed 20(704B) AllocSpace objects, 0(0B) LOS objects, 23% free, 53MB/69MB, paused 723us total 35.375ms
08-05 19:37:54.961 15507 15548 I art     : Starting a blocking GC Explicit
08-05 19:37:54.997 15507 15548 I art     : Explicit concurrent mark sweep GC freed 3(96B) AllocSpace objects, 0(0B) LOS objects, 23% free, 53MB/69MB, paused 791us total 35.850ms
08-05 19:37:55.009 15507 15548 I art     : Starting a blocking GC Explicit
08-05 19:37:55.040 15507 15548 I art     : Explicit concurrent mark sweep GC freed 3(96B) AllocSpace objects, 0(0B) LOS objects, 23% free, 53MB/69MB, paused 689us total 30.939ms
08-05 19:37:55.052 15507 15548 I art     : Starting a blocking GC Explicit
08-05 19:37:55.083 15507 15548 I art     : Explicit concurrent mark sweep GC freed 3(96B) AllocSpace objects, 0(0B) LOS objects, 23% free, 53MB/69MB, paused 659us total 30.794ms
08-05 19:37:55.428 15507 16783 I art     : Starting a blocking GC Explicit
08-05 19:37:55.466 15507 16783 I art     : Explicit concurrent mark sweep GC freed 1344(78KB) AllocSpace objects, 1(20KB) LOS objects, 23% free, 53MB/69MB, paused 705us total 38.519ms
08-05 19:37:55.481 15507 16783 I art     : Starting a blocking GC Explicit
08-05 19:37:55.516 15507 16783 I art     : Explicit concurrent mark sweep GC freed 20(704B) AllocSpace objects, 0(0B) LOS objects, 23% free, 53MB/69MB, paused 676us total 34.153ms
08-05 19:37:55.527 15507 16783 I art     : Starting a blocking GC Explicit
08-05 19:37:55.559 15507 16783 I art     : Explicit concurrent mark sweep GC freed 3(96B) AllocSpace objects, 0(0B) LOS objects, 23% free, 53MB/69MB, paused 664us total 31.342ms
08-05 19:37:55.571 15507 16783 I art     : Starting a blocking GC Explicit
08-05 19:37:55.601 15507 16783 I art     : Explicit concurrent mark sweep GC freed 3(96B) AllocSpace objects, 0(0B) LOS objects, 23% free, 53MB/69MB, paused 685us total 30.019ms
08-05 19:37:55.613 15507 16783 I art     : Starting a blocking GC Explicit
08-05 19:37:55.644 15507 16783 I art     : Explicit concurrent mark sweep GC freed 3(96B) AllocSpace objects, 0(0B) LOS objects, 23% free, 53MB/69MB, paused 676us total 31.158ms
08-05 19:37:55.967 15507 16423 I art     : Starting a blocking GC Explicit
08-05 19:37:56.002 15507 16423 I art     : Explicit concurrent mark sweep GC freed 1344(78KB) AllocSpace objects, 1(20KB) LOS objects, 23% free, 53MB/69MB, paused 719us total 34.862ms
08-05 19:37:56.016 15507 16423 I art     : Starting a blocking GC Explicit
08-05 19:37:56.050 15507 16423 I art     : Explicit concurrent mark sweep GC freed 20(704B) AllocSpace objects, 0(0B) LOS objects, 23% free, 53MB/69MB, paused 690us total 33.867ms
08-05 19:37:56.062 15507 16423 I art     : Starting a blocking GC Explicit
08-05 19:37:56.093 15507 16423 I art     : Explicit concurrent mark sweep GC freed 3(96B) AllocSpace objects, 0(0B) LOS objects, 23% free, 53MB/69MB, paused 688us total 30.812ms
08-05 19:37:56.105 15507 16423 I art     : Starting a blocking GC Explicit
08-05 19:37:56.137 15507 16423 I art     : Explicit concurrent mark sweep GC freed 3(96B) AllocSpace objects, 0(0B) LOS objects, 23% free, 53MB/69MB, paused 750us total 31.730ms
08-05 19:37:56.149 15507 16423 I art     : Starting a blocking GC Explicit
08-05 19:37:56.180 15507 16423 I art     : Explicit concurrent mark sweep GC freed 3(96B) AllocSpace objects, 0(0B) LOS objects, 23% free, 53MB/69MB, paused 695us total 31.361ms
08-05 19:37:56.533 15507 15520 I art     : Starting a blocking GC Explicit
08-05 19:37:56.568 15507 15520 I art     : Explicit concurrent mark sweep GC freed 1344(78KB) AllocSpace objects, 1(20KB) LOS objects, 23% free, 53MB/69MB, paused 913us total 34.828ms
08-05 19:37:56.583 15507 15520 I art     : Starting a blocking GC Explicit
08-05 19:37:56.589 13866 13882 I PeriodicStatsRunner: PeriodicStatsRunner.call():175 call()
08-05 19:37:56.589 13866 13882 I PeriodicStatsRunner: PeriodicStatsRunner.call():179 No submit PeriodicStats since input started.
08-05 19:37:56.615 15507 15520 I art     : Explicit concurrent mark sweep GC freed 20(704B) AllocSpace objects, 0(0B) LOS objects, 23% free, 53MB/69MB, paused 665us total 31.620ms
08-05 19:37:56.627 15507 15520 I art     : Starting a blocking GC Explicit
08-05 19:37:56.658 15507 15520 I art     : Explicit concurrent mark sweep GC freed 3(96B) AllocSpace objects, 0(0B) LOS objects, 23% free, 53MB/69MB, paused 707us total 30.922ms
08-05 19:37:56.670 15507 15520 I art     : Starting a blocking GC Explicit
08-05 19:37:56.701 15507 15520 I art     : Explicit concurrent mark sweep GC freed 3(96B) AllocSpace objects, 0(0B) LOS objects, 23% free, 53MB/69MB, paused 678us total 31.043ms
08-05 19:37:56.713 15507 15520 I art     : Starting a blocking GC Explicit
08-05 19:37:56.744 15507 15520 I art     : Explicit concurrent mark sweep GC freed 3(96B) AllocSpace objects, 0(0B) LOS objects, 23% free, 53MB/69MB, paused 627us total 31.090ms
08-05 19:37:57.104 15507 15521 I art     : Starting a blocking GC Explicit
08-05 19:37:57.143 15507 15521 I art     : Explicit concurrent mark sweep GC freed 1344(78KB) AllocSpace objects, 1(20KB) LOS objects, 23% free, 53MB/69MB, paused 730us total 38.574ms
08-05 19:37:57.161 15507 15521 I art     : Starting a blocking GC Explicit
08-05 19:37:57.193 15507 15521 I art     : Explicit concurrent mark sweep GC freed 20(704B) AllocSpace objects, 0(0B) LOS objects, 23% free, 53MB/69MB, paused 691us total 32.386ms
08-05 19:37:57.205 15507 15521 I art     : Starting a blocking GC Explicit
08-05 19:37:57.237 15507 15521 I art     : Explicit concurrent mark sweep GC freed 3(96B) AllocSpace objects, 0(0B) LOS objects, 23% free, 53MB/69MB, paused 778us total 31.778ms
08-05 19:37:57.249 15507 15521 I art     : Starting a blocking GC Explicit
08-05 19:37:57.280 15507 15521 I art     : Explicit concurrent mark sweep GC freed 3(96B) AllocSpace objects, 0(0B) LOS objects, 23% free, 53MB/69MB, paused 721us total 31.065ms
08-05 19:37:57.292 15507 15521 I art     : Starting a blocking GC Explicit
08-05 19:37:57.324 15507 15521 I art     : Explicit concurrent mark sweep GC freed 3(96B) AllocSpace objects, 0(0B) LOS objects, 23% free, 53MB/69MB, paused 684us total 31.977ms
08-05 19:37:57.676 15507 15548 I art     : Starting a blocking GC Explicit
08-05 19:37:57.714 15507 15548 I art     : Explicit concurrent mark sweep GC freed 1344(78KB) AllocSpace objects, 1(20KB) LOS objects, 23% free, 53MB/69MB, paused 726us total 38.107ms
08-05 19:37:57.729 15507 15548 I art     : Starting a blocking GC Explicit
08-05 19:37:57.759 15507 15548 I art     : Explicit concurrent mark sweep GC freed 20(704B) AllocSpace objects, 0(0B) LOS objects, 23% free, 53MB/69MB, paused 710us total 29.749ms
08-05 19:37:57.771 15507 15548 I art     : Starting a blocking GC Explicit
08-05 19:37:57.802 15507 15548 I art     : Explicit concurrent mark sweep GC freed 3(96B) AllocSpace objects, 0(0B) LOS objects, 23% free, 53MB/69MB, paused 695us total 31.121ms
08-05 19:37:57.814 15507 15548 I art     : Starting a blocking GC Explicit
08-05 19:37:57.846 15507 15548 I art     : Explicit concurrent mark sweep GC freed 3(96B) AllocSpace objects, 0(0B) LOS objects, 23% free, 53MB/69MB, paused 648us total 31.448ms
08-05 19:37:57.857 15507 15548 I art     : Starting a blocking GC Explicit
08-05 19:37:57.888 15507 15548 I art     : Explicit concurrent mark sweep GC freed 3(96B) AllocSpace objects, 0(0B) LOS objects, 23% free, 53MB/69MB, paused 711us total 30.743ms
08-05 19:37:58.231 15507 16783 I art     : Starting a blocking GC Explicit
08-05 19:37:58.271 15507 16783 I art     : Explicit concurrent mark sweep GC freed 1344(78KB) AllocSpace objects, 1(20KB) LOS objects, 23% free, 53MB/69MB, paused 694us total 39.207ms
08-05 19:37:58.285 15507 16783 I art     : Starting a blocking GC Explicit
08-05 19:37:58.318 15507 16783 I art     : Explicit concurrent mark sweep GC freed 20(704B) AllocSpace objects, 0(0B) LOS objects, 23% free, 53MB/69MB, paused 695us total 32.267ms
08-05 19:37:58.329 15507 16783 I art     : Starting a blocking GC Explicit
08-05 19:37:58.361 15507 16783 I art     : Explicit concurrent mark sweep GC freed 3(96B) AllocSpace objects, 0(0B) LOS objects, 23% free, 53MB/69MB, paused 680us total 30.785ms
08-05 19:37:58.372 15507 16783 I art     : Starting a blocking GC Explicit
08-05 19:37:58.404 15507 16783 I art     : Explicit concurrent mark sweep GC freed 3(96B) AllocSpace objects, 0(0B) LOS objects, 23% free, 53MB/69MB, paused 677us total 31.527ms
08-05 19:37:58.416 15507 16783 I art     : Starting a blocking GC Explicit
08-05 19:37:58.447 15507 16783 I art     : Explicit concurrent mark sweep GC freed 3(96B) AllocSpace objects, 0(0B) LOS objects, 23% free, 53MB/69MB, paused 735us total 30.621ms
08-05 19:37:58.773 15507 16423 I art     : Starting a blocking GC Explicit
08-05 19:37:58.814 15507 16423 I art     : Explicit concurrent mark sweep GC freed 1344(78KB) AllocSpace objects, 1(20KB) LOS objects, 23% free, 53MB/69MB, paused 726us total 40.408ms
08-05 19:37:58.815 15507 15518 I art     : WaitForGcToComplete blocked for 13.488ms for cause HeapTrim
08-05 19:37:58.828 15507 16423 I art     : Starting a blocking GC Explicit
08-05 19:37:58.862 15507 16423 I art     : Explicit concurrent mark sweep GC freed 20(704B) AllocSpace objects, 0(0B) LOS objects, 23% free, 53MB/69MB, paused 687us total 33.627ms
08-05 19:37:58.874 15507 16423 I art     : Starting a blocking GC Explicit
08-05 19:37:58.905 15507 16423 I art     : Explicit concurrent mark sweep GC freed 3(96B) AllocSpace objects, 0(0B) LOS objects, 23% free, 53MB/69MB, paused 669us total 31.077ms
08-05 19:37:58.917 15507 16423 I art     : Starting a blocking GC Explicit
08-05 19:37:58.949 15507 16423 I art     : Explicit concurrent mark sweep GC freed 3(96B) AllocSpace objects, 0(0B) LOS objects, 23% free, 53MB/69MB, paused 631us total 31.229ms
08-05 19:37:58.960 15507 16423 I art     : Starting a blocking GC Explicit
08-05 19:37:58.993 15507 16423 I art     : Explicit concurrent mark sweep GC freed 3(96B) AllocSpace objects, 0(0B) LOS objects, 23% free, 53MB/69MB, paused 684us total 32.142ms
08-05 19:37:59.324 15507 15520 I art     : Starting a blocking GC Explicit
08-05 19:37:59.363 15507 15520 I art     : Explicit concurrent mark sweep GC freed 1344(78KB) AllocSpace objects, 1(20KB) LOS objects, 23% free, 53MB/69MB, paused 669us total 37.770ms
08-05 19:37:59.379 15507 15520 I art     : Starting a blocking GC Explicit
08-05 19:37:59.414 15507 15520 I art     : Explicit concurrent mark sweep GC freed 20(704B) AllocSpace objects, 0(0B) LOS objects, 23% free, 53MB/69MB, paused 649us total 35.036ms
08-05 19:37:59.426 15507 15520 I art     : Starting a blocking GC Explicit
08-05 19:37:59.458 15507 15520 I art     : Explicit concurrent mark sweep GC freed 3(96B) AllocSpace objects, 0(0B) LOS objects, 23% free, 53MB/69MB, paused 679us total 31.090ms
08-05 19:37:59.470 15507 15520 I art     : Starting a blocking GC Explicit
08-05 19:37:59.502 15507 15520 I art     : Explicit concurrent mark sweep GC freed 3(96B) AllocSpace objects, 0(0B) LOS objects, 23% free, 53MB/69MB, paused 647us total 32.196ms
08-05 19:37:59.514 15507 15520 I art     : Starting a blocking GC Explicit
08-05 19:37:59.546 15507 15520 I art     : Explicit concurrent mark sweep GC freed 3(96B) AllocSpace objects, 0(0B) LOS objects, 23% free, 53MB/69MB, paused 667us total 31.786ms
08-05 19:37:59.880 15507 15521 I art     : Starting a blocking GC Explicit
08-05 19:37:59.915 15507 15521 I art     : Explicit concurrent mark sweep GC freed 1344(78KB) AllocSpace objects, 1(20KB) LOS objects, 23% free, 53MB/69MB, paused 760us total 35.031ms
08-05 19:37:59.931 15507 15521 I art     : Starting a blocking GC Explicit
08-05 19:37:59.961 15507 15521 I art     : Explicit concurrent mark sweep GC freed 20(704B) AllocSpace objects, 0(0B) LOS objects, 23% free, 53MB/69MB, paused 691us total 29.820ms
08-05 19:37:59.973 15507 15521 I art     : Starting a blocking GC Explicit
08-05 19:38:00.002 15507 15521 I art     : Explicit concurrent mark sweep GC freed 3(96B) AllocSpace objects, 0(0B) LOS objects, 23% free, 53MB/69MB, paused 644us total 29.169ms
08-05 19:38:00.014 15507 15521 I art     : Starting a blocking GC Explicit
08-05 19:38:00.040 15507 15521 I art     : Explicit concurrent mark sweep GC freed 3(96B) AllocSpace objects, 0(0B) LOS objects, 23% free, 53MB/69MB, paused 621us total 26.084ms
08-05 19:38:00.052 15507 15521 I art     : Starting a blocking GC Explicit
08-05 19:38:00.077 15507 15521 I art     : Explicit concurrent mark sweep GC freed 3(96B) AllocSpace objects, 0(0B) LOS objects, 23% free, 53MB/69MB, paused 686us total 25.012ms
08-05 19:38:00.308 18717 18717 D AndroidRuntime: >>>>>> START com.android.internal.os.RuntimeInit uid 2000 <<<<<<
08-05 19:38:00.315 18717 18717 D AndroidRuntime: CheckJNI is OFF
08-05 19:38:00.360 18717 18717 D ICU     : No timezone override file found: /data/misc/zoneinfo/current/icu/icu_tzdata.dat
08-05 19:38:00.389 15507 15548 I art     : Starting a blocking GC Explicit
08-05 19:38:00.408 18717 18717 I Radio-JNI: register_android_hardware_Radio DONE
08-05 19:38:00.419 15507 15548 I art     : Explicit concurrent mark sweep GC freed 1344(78KB) AllocSpace objects, 1(20KB) LOS objects, 23% free, 53MB/69MB, paused 752us total 29.592ms
08-05 19:38:00.431 15507 15548 I art     : Starting a blocking GC Explicit
08-05 19:38:00.438 18717 18717 D AndroidRuntime: Calling main entry com.android.commands.input.Input
08-05 19:38:00.441 18717 18717 I Input   : injectMotionEvent: MotionEvent { action=ACTION_DOWN, actionButton=0, id[0]=0, x[0]=369.0, y[0]=554.0, toolType[0]=TOOL_TYPE_UNKNOWN, buttonState=0, metaState=0, flags=0x0, edgeFlags=0x0, pointerCount=1, historySize=0, eventTime=819496853, downTime=819496853, deviceId=0, source=0x1002 }
08-05 19:38:00.448 18717 18717 I Input   : injectMotionEvent: MotionEvent { action=ACTION_UP, actionButton=0, id[0]=0, x[0]=369.0, y[0]=554.0, toolType[0]=TOOL_TYPE_UNKNOWN, buttonState=0, metaState=0, flags=0x0, edgeFlags=0x0, pointerCount=1, historySize=0, eventTime=819496853, downTime=819496853, deviceId=0, source=0x1002 }
08-05 19:38:00.449   918  6110 I ActivityManager: START u0 {cmp=baseline.appteam.nith.hillffair/.activities.ClubActivity (has extras)} from uid 10675 on display 0
08-05 19:38:00.459 15507 15548 I art     : Explicit concurrent mark sweep GC freed 20(704B) AllocSpace objects, 0(0B) LOS objects, 23% free, 53MB/69MB, paused 886us total 27.453ms
08-05 19:38:00.459 18717 18717 D AndroidRuntime: Shutting down VM
08-05 19:38:00.471 15507 15548 I art     : Starting a blocking GC Explicit
08-05 19:38:00.500 15507 15548 I art     : Explicit concurrent mark sweep GC freed 2999(162KB) AllocSpace objects, 0(0B) LOS objects, 23% free, 53MB/69MB, paused 1.215ms total 28.799ms
08-05 19:38:00.511 15507 15548 I art     : Starting a blocking GC Explicit
08-05 19:38:00.538 15507 15548 I art     : Explicit concurrent mark sweep GC freed 761(68KB) AllocSpace objects, 0(0B) LOS objects, 23% free, 53MB/69MB, paused 753us total 26.752ms
08-05 19:38:00.549 15507 15548 I art     : Starting a blocking GC Explicit
08-05 19:38:00.564   918   936 I ActivityManager: Displayed baseline.appteam.nith.hillffair/.activities.ClubActivity: +105ms
08-05 19:38:00.565 13866 13866 I GoogleInputMethodServic: GoogleInputMethodService.onFinishInput():3138 
08-05 19:38:00.565 13866 13866 I GoogleInputMethodServic: GoogleInputMethodService.onStartInput():1808 
08-05 19:38:00.579 15507 15548 I art     : Explicit concurrent mark sweep GC freed 192(6KB) AllocSpace objects, 0(0B) LOS objects, 22% free, 53MB/69MB, paused 1.125ms total 30.335ms
08-05 19:38:00.836   380   380 W SurfaceFlinger: couldn't log to binary event log: overflow.
08-05 19:38:00.893 15507 16423 I art     : Starting a blocking GC Explicit
08-05 19:38:00.920 15507 16423 I art     : Explicit concurrent mark sweep GC freed 1436(84KB) AllocSpace objects, 1(20KB) LOS objects, 22% free, 53MB/69MB, paused 719us total 27.069ms
08-05 19:38:00.931 15507 16423 I art     : Starting a blocking GC Explicit
08-05 19:38:00.962 15507 16423 I art     : Explicit concurrent mark sweep GC freed 123(6KB) AllocSpace objects, 0(0B) LOS objects, 22% free, 53MB/69MB, paused 868us total 30.764ms
08-05 19:38:00.975 15507 16423 I art     : Starting a blocking GC Explicit
08-05 19:38:01.002 15507 16423 I art     : Explicit concurrent mark sweep GC freed 20(752B) AllocSpace objects, 0(0B) LOS objects, 22% free, 53MB/69MB, paused 693us total 27.383ms
08-05 19:38:01.013 15507 16423 I art     : Starting a blocking GC Explicit
08-05 19:38:01.042 15507 16423 I art     : Explicit concurrent mark sweep GC freed 13(480B) AllocSpace objects, 0(0B) LOS objects, 22% free, 53MB/69MB, paused 841us total 28.743ms
08-05 19:38:01.054 15507 16423 I art     : Starting a blocking GC Explicit
08-05 19:38:01.083 15507 16423 I art     : Explicit concurrent mark sweep GC freed 16(608B) AllocSpace objects, 0(0B) LOS objects, 22% free, 53MB/69MB, paused 754us total 28.908ms
08-05 19:38:01.354 15507 18746 D OkHttp  : --> GET https://api-hillfair-2k16.herokuapp.com/api/app/club/PR%20Club http/1.1
08-05 19:38:01.373 15507 16423 I art     : Starting a blocking GC Explicit
08-05 19:38:01.388 15507 18746 D OkHttp  : <-- 200 OK https://api-hillfair-2k16.herokuapp.com/api/app/club/PR%20Club (33ms, 979-byte body)
08-05 19:38:01.405 15507 16423 I art     : Explicit concurrent mark sweep GC freed 4169(248KB) AllocSpace objects, 4(220KB) LOS objects, 22% free, 53MB/69MB, paused 769us total 31.024ms
08-05 19:38:01.416 15507 16423 I art     : Starting a blocking GC Explicit
08-05 19:38:01.446 15507 16423 I art     : Explicit concurrent mark sweep GC freed 1050(120KB) AllocSpace objects, 0(0B) LOS objects, 22% free, 53MB/69MB, paused 736us total 29.769ms
08-05 19:38:01.457 15507 16423 I art     : Starting a blocking GC Explicit
08-05 19:38:01.460 15507 15507 I NAPPA_EXPERIMENTATION: MetricNetworkRequestExecutionTime: REQUEST_DURATION_SYSTEM='966',REQUEST_DURATION_OKHTTP='34',REQUEST_SYNCHRONOUS='FALSE',RESPONSE_CODE='200',RESPONSE_METHOD='GET',RESPONSE_LENGTH_OKHTTP='979',RESPONSE_LENGTH_HEADER='979',REQUEST_PROTOCOL='http/1.1',REQUEST_URL='https://api-hillfair-2k16.herokuapp.com/api/app/club/PR%20Club',
08-05 19:38:01.486 15507 16423 I art     : Explicit concurrent mark sweep GC freed 602(95KB) AllocSpace objects, 0(0B) LOS objects, 22% free, 53MB/69MB, paused 897us total 28.674ms
08-05 19:38:01.497 15507 16423 I art     : Starting a blocking GC Explicit
08-05 19:38:01.527 15507 16423 I art     : Explicit concurrent mark sweep GC freed 78(4KB) AllocSpace objects, 0(0B) LOS objects, 22% free, 53MB/69MB, paused 871us total 29.279ms
08-05 19:38:01.538 15507 16423 I art     : Starting a blocking GC Explicit
08-05 19:38:01.566 15507 16423 I art     : Explicit concurrent mark sweep GC freed 3(96B) AllocSpace objects, 0(0B) LOS objects, 22% free, 53MB/69MB, paused 626us total 27.540ms
08-05 19:38:01.880 15507 16423 I art     : Starting a blocking GC Explicit
08-05 19:38:01.911 15507 16423 I art     : Explicit concurrent mark sweep GC freed 1344(78KB) AllocSpace objects, 1(20KB) LOS objects, 22% free, 53MB/69MB, paused 659us total 30.590ms
08-05 19:38:01.924 15507 16423 I art     : Starting a blocking GC Explicit
08-05 19:38:01.954 15507 16423 I art     : Explicit concurrent mark sweep GC freed 36(1264B) AllocSpace objects, 0(0B) LOS objects, 22% free, 53MB/69MB, paused 677us total 28.989ms
08-05 19:38:01.965 15507 16423 I art     : Starting a blocking GC Explicit
08-05 19:38:01.995 15507 16423 I art     : Explicit concurrent mark sweep GC freed 24(1104B) AllocSpace objects, 0(0B) LOS objects, 22% free, 53MB/69MB, paused 674us total 29.013ms
08-05 19:38:02.006 15507 16423 I art     : Starting a blocking GC Explicit
08-05 19:38:02.036 15507 16423 I art     : Explicit concurrent mark sweep GC freed 19(608B) AllocSpace objects, 0(0B) LOS objects, 22% free, 53MB/69MB, paused 669us total 29.895ms
08-05 19:38:02.048 15507 16423 I art     : Starting a blocking GC Explicit
08-05 19:38:02.078 15507 16423 I art     : Explicit concurrent mark sweep GC freed 3(96B) AllocSpace objects, 0(0B) LOS objects, 22% free, 53MB/69MB, paused 693us total 30.336ms
08-05 19:38:02.445 15507 15521 I art     : Starting a blocking GC Explicit
08-05 19:38:02.483 15507 15521 I art     : Explicit concurrent mark sweep GC freed 1344(78KB) AllocSpace objects, 1(20KB) LOS objects, 22% free, 53MB/69MB, paused 724us total 38.309ms
08-05 19:38:02.498 15507 15521 I art     : Starting a blocking GC Explicit
08-05 19:38:02.531 15507 15521 I art     : Explicit concurrent mark sweep GC freed 20(704B) AllocSpace objects, 0(0B) LOS objects, 22% free, 53MB/69MB, paused 691us total 32.857ms
08-05 19:38:02.543 15507 15521 I art     : Starting a blocking GC Explicit
08-05 19:38:02.577 15507 15521 I art     : Explicit concurrent mark sweep GC freed 3(96B) AllocSpace objects, 0(0B) LOS objects, 22% free, 53MB/69MB, paused 656us total 32.916ms
08-05 19:38:02.588 15507 15521 I art     : Starting a blocking GC Explicit
08-05 19:38:02.620 15507 15521 I art     : Explicit concurrent mark sweep GC freed 3(96B) AllocSpace objects, 0(0B) LOS objects, 22% free, 53MB/69MB, paused 640us total 31.659ms
08-05 19:38:02.632 15507 15521 I art     : Starting a blocking GC Explicit
08-05 19:38:02.666 15507 15521 I art     : Explicit concurrent mark sweep GC freed 3(96B) AllocSpace objects, 0(0B) LOS objects, 22% free, 53MB/69MB, paused 687us total 32.965ms
08-05 19:38:02.996 15507 15520 I art     : Starting a blocking GC Explicit
08-05 19:38:03.039 15507 15520 I art     : Explicit concurrent mark sweep GC freed 1344(78KB) AllocSpace objects, 1(20KB) LOS objects, 22% free, 53MB/69MB, paused 830us total 42.830ms
08-05 19:38:03.058 15507 15520 I art     : Starting a blocking GC Explicit
08-05 19:38:03.090 15507 15520 I art     : Explicit concurrent mark sweep GC freed 20(704B) AllocSpace objects, 0(0B) LOS objects, 22% free, 53MB/69MB, paused 674us total 32.134ms
08-05 19:38:03.102 15507 15520 I art     : Starting a blocking GC Explicit
08-05 19:38:03.135 15507 15520 I art     : Explicit concurrent mark sweep GC freed 3(96B) AllocSpace objects, 0(0B) LOS objects, 22% free, 53MB/69MB, paused 671us total 32.662ms
08-05 19:38:03.147 15507 15520 I art     : Starting a blocking GC Explicit
08-05 19:38:03.180 15507 15520 I art     : Explicit concurrent mark sweep GC freed 3(96B) AllocSpace objects, 0(0B) LOS objects, 22% free, 53MB/69MB, paused 690us total 33.220ms
08-05 19:38:03.193 15507 15520 I art     : Starting a blocking GC Explicit
08-05 19:38:03.223 15507 15520 I art     : Explicit concurrent mark sweep GC freed 3(96B) AllocSpace objects, 0(0B) LOS objects, 22% free, 53MB/69MB, paused 623us total 30.457ms
08-05 19:38:03.557 15507 16783 I art     : Starting a blocking GC Explicit
08-05 19:38:03.596 15507 16783 I art     : Explicit concurrent mark sweep GC freed 1344(78KB) AllocSpace objects, 1(20KB) LOS objects, 22% free, 53MB/69MB, paused 712us total 38.439ms
08-05 19:38:03.610 15507 16783 I art     : Starting a blocking GC Explicit
08-05 19:38:03.640 15507 16783 I art     : Explicit concurrent mark sweep GC freed 20(704B) AllocSpace objects, 0(0B) LOS objects, 22% free, 53MB/69MB, paused 673us total 30.130ms
08-05 19:38:03.652 15507 16783 I art     : Starting a blocking GC Explicit
08-05 19:38:03.683 15507 16783 I art     : Explicit concurrent mark sweep GC freed 3(96B) AllocSpace objects, 0(0B) LOS objects, 22% free, 53MB/69MB, paused 662us total 30.672ms
08-05 19:38:03.695 15507 16783 I art     : Starting a blocking GC Explicit
08-05 19:38:03.727 15507 16783 I art     : Explicit concurrent mark sweep GC freed 3(96B) AllocSpace objects, 0(0B) LOS objects, 22% free, 53MB/69MB, paused 752us total 32.248ms
08-05 19:38:03.740 15507 16783 I art     : Starting a blocking GC Explicit
08-05 19:38:03.773 15507 16783 I art     : Explicit concurrent mark sweep GC freed 3(96B) AllocSpace objects, 0(0B) LOS objects, 22% free, 53MB/69MB, paused 682us total 33.113ms
08-05 19:38:04.116 15507 15548 I art     : Starting a blocking GC Explicit
08-05 19:38:04.157 15507 15548 I art     : Explicit concurrent mark sweep GC freed 1344(78KB) AllocSpace objects, 1(20KB) LOS objects, 22% free, 53MB/69MB, paused 717us total 40.330ms
08-05 19:38:04.171 15507 15548 I art     : Starting a blocking GC Explicit
08-05 19:38:04.204 15507 15548 I art     : Explicit concurrent mark sweep GC freed 20(704B) AllocSpace objects, 0(0B) LOS objects, 22% free, 53MB/69MB, paused 649us total 32.449ms
08-05 19:38:04.216 15507 15548 I art     : Starting a blocking GC Explicit
08-05 19:38:04.249 15507 15548 I art     : Explicit concurrent mark sweep GC freed 3(96B) AllocSpace objects, 0(0B) LOS objects, 22% free, 53MB/69MB, paused 687us total 32.429ms
08-05 19:38:04.261 15507 15548 I art     : Starting a blocking GC Explicit
08-05 19:38:04.294 15507 15548 I art     : Explicit concurrent mark sweep GC freed 3(96B) AllocSpace objects, 0(0B) LOS objects, 22% free, 53MB/69MB, paused 703us total 33.274ms
08-05 19:38:04.307 15507 15548 I art     : Starting a blocking GC Explicit
08-05 19:38:04.337 15507 15548 I art     : Explicit concurrent mark sweep GC freed 3(96B) AllocSpace objects, 0(0B) LOS objects, 22% free, 53MB/69MB, paused 753us total 30.391ms
08-05 19:38:04.669 15507 16423 I art     : Starting a blocking GC Explicit
08-05 19:38:04.710 15507 16423 I art     : Explicit concurrent mark sweep GC freed 1344(78KB) AllocSpace objects, 1(20KB) LOS objects, 22% free, 53MB/69MB, paused 828us total 40.234ms
08-05 19:38:04.722 15507 16423 I art     : Starting a blocking GC Explicit
08-05 19:38:04.753 15507 16423 I art     : Explicit concurrent mark sweep GC freed 20(704B) AllocSpace objects, 0(0B) LOS objects, 22% free, 53MB/69MB, paused 664us total 30.361ms
08-05 19:38:04.764 15507 16423 I art     : Starting a blocking GC Explicit
08-05 19:38:04.792 15507 16423 I art     : Explicit concurrent mark sweep GC freed 3(96B) AllocSpace objects, 0(0B) LOS objects, 22% free, 53MB/69MB, paused 668us total 27.899ms
08-05 19:38:04.804 15507 16423 I art     : Starting a blocking GC Explicit
08-05 19:38:04.833 15507 16423 I art     : Explicit concurrent mark sweep GC freed 3(96B) AllocSpace objects, 0(0B) LOS objects, 22% free, 53MB/69MB, paused 684us total 28.757ms
08-05 19:38:04.845 15507 16423 I art     : Starting a blocking GC Explicit
08-05 19:38:04.874 15507 16423 I art     : Explicit concurrent mark sweep GC freed 3(96B) AllocSpace objects, 0(0B) LOS objects, 22% free, 53MB/69MB, paused 701us total 29.003ms
08-05 19:38:04.992 17695 17695 I ServiceManager: Waiting for service AtCmdFwd...
08-05 19:38:05.185 15507 15521 I art     : Starting a blocking GC Explicit
08-05 19:38:05.221 15507 15521 I art     : Explicit concurrent mark sweep GC freed 1344(78KB) AllocSpace objects, 1(20KB) LOS objects, 22% free, 53MB/69MB, paused 771us total 35.849ms
08-05 19:38:05.234 15507 15521 I art     : Starting a blocking GC Explicit
08-05 19:38:05.265 15507 15521 I art     : Explicit concurrent mark sweep GC freed 20(704B) AllocSpace objects, 0(0B) LOS objects, 22% free, 53MB/69MB, paused 707us total 31.643ms
08-05 19:38:05.275 18829 18829 D AndroidRuntime: >>>>>> START com.android.internal.os.RuntimeInit uid 2000 <<<<<<
08-05 19:38:05.277 15507 15521 I art     : Starting a blocking GC Explicit
08-05 19:38:05.281 18829 18829 D AndroidRuntime: CheckJNI is OFF
08-05 19:38:05.308 15507 15521 I art     : Explicit concurrent mark sweep GC freed 3(96B) AllocSpace objects, 0(0B) LOS objects, 22% free, 53MB/69MB, paused 710us total 30.753ms
08-05 19:38:05.319 15507 15521 I art     : Starting a blocking GC Explicit
08-05 19:38:05.330 18829 18829 D ICU     : No timezone override file found: /data/misc/zoneinfo/current/icu/icu_tzdata.dat
08-05 19:38:05.349 15507 15521 I art     : Explicit concurrent mark sweep GC freed 3(96B) AllocSpace objects, 0(0B) LOS objects, 22% free, 53MB/69MB, paused 696us total 29.723ms
08-05 19:38:05.361 15507 15521 I art     : Starting a blocking GC Explicit
08-05 19:38:05.377 18829 18829 I Radio-JNI: register_android_hardware_Radio DONE
08-05 19:38:05.392 15507 15521 I art     : Explicit concurrent mark sweep GC freed 3(96B) AllocSpace objects, 0(0B) LOS objects, 22% free, 53MB/69MB, paused 711us total 30.405ms
08-05 19:38:05.407 18829 18829 D AndroidRuntime: Calling main entry com.android.commands.input.Input
08-05 19:38:05.408 18829 18829 I Input   : injectKeyEvent: KeyEvent { action=ACTION_DOWN, keyCode=KEYCODE_BACK, scanCode=0, metaState=0, flags=0x0, repeatCount=0, eventTime=819501821, downTime=819501821, deviceId=-1, source=0x101 }
08-05 19:38:05.416 18829 18829 I Input   : injectKeyEvent: KeyEvent { action=ACTION_UP, keyCode=KEYCODE_BACK, scanCode=0, metaState=0, flags=0x0, repeatCount=0, eventTime=819501821, downTime=819501821, deviceId=-1, source=0x101 }
08-05 19:38:05.422 18829 18829 D AndroidRuntime: Shutting down VM
08-05 19:38:05.457 13866 13866 I GoogleInputMethodServic: GoogleInputMethodService.onFinishInput():3138 
08-05 19:38:05.458 13866 13866 I GoogleInputMethodServic: GoogleInputMethodService.onStartInput():1808 
08-05 19:38:05.567 13866 13882 I PeriodicStatsRunner: PeriodicStatsRunner.call():175 call()
08-05 19:38:05.567 13866 13882 I PeriodicStatsRunner: PeriodicStatsRunner.call():179 No submit PeriodicStats since input started.
08-05 19:38:05.685 15507 15521 I art     : Starting a blocking GC Explicit
08-05 19:38:05.721 15507 15521 I art     : Explicit concurrent mark sweep GC freed 1525(86KB) AllocSpace objects, 1(20KB) LOS objects, 22% free, 53MB/69MB, paused 760us total 35.721ms
08-05 19:38:05.733 15507 15521 I art     : Starting a blocking GC Explicit
08-05 19:38:05.745   380   380 W SurfaceFlinger: couldn't log to binary event log: overflow.
08-05 19:38:05.762 15507 15521 I art     : Explicit concurrent mark sweep GC freed 133(9KB) AllocSpace objects, 0(0B) LOS objects, 22% free, 53MB/69MB, paused 628us total 28.810ms
08-05 19:38:05.774 15507 15521 I art     : Starting a blocking GC Explicit
08-05 19:38:05.801 15507 15521 I art     : Explicit concurrent mark sweep GC freed 9(368B) AllocSpace objects, 0(0B) LOS objects, 22% free, 53MB/69MB, paused 635us total 27.147ms
08-05 19:38:05.812 15507 15521 I art     : Starting a blocking GC Explicit
08-05 19:38:05.841 15507 15521 I art     : Explicit concurrent mark sweep GC freed 1650(106KB) AllocSpace objects, 3(184KB) LOS objects, 23% free, 53MB/69MB, paused 666us total 28.914ms
08-05 19:38:05.852 15507 15521 I art     : Starting a blocking GC Explicit
08-05 19:38:05.881 15507 15521 I art     : Explicit concurrent mark sweep GC freed 3(96B) AllocSpace objects, 0(0B) LOS objects, 23% free, 53MB/69MB, paused 709us total 28.692ms
08-05 19:38:05.992 17695 17695 I ServiceManager: Waiting for service AtCmdFwd...
08-05 19:38:06.187 15507 15520 I art     : Starting a blocking GC Explicit
08-05 19:38:06.230 15507 15520 I art     : Explicit concurrent mark sweep GC freed 1344(78KB) AllocSpace objects, 1(20KB) LOS objects, 23% free, 53MB/69MB, paused 785us total 41.792ms
08-05 19:38:06.244 15507 15520 I art     : Starting a blocking GC Explicit
08-05 19:38:06.274 15507 15520 I art     : Explicit concurrent mark sweep GC freed 20(704B) AllocSpace objects, 0(0B) LOS objects, 23% free, 53MB/69MB, paused 668us total 29.804ms
08-05 19:38:06.286 15507 15520 I art     : Starting a blocking GC Explicit
08-05 19:38:06.315 15507 15520 I art     : Explicit concurrent mark sweep GC freed 3(96B) AllocSpace objects, 0(0B) LOS objects, 23% free, 53MB/69MB, paused 669us total 29.617ms
08-05 19:38:06.327 15507 15520 I art     : Starting a blocking GC Explicit
08-05 19:38:06.357 15507 15520 I art     : Explicit concurrent mark sweep GC freed 3(96B) AllocSpace objects, 0(0B) LOS objects, 23% free, 53MB/69MB, paused 655us total 29.448ms
08-05 19:38:06.368 15507 15520 I art     : Starting a blocking GC Explicit
08-05 19:38:06.398 15507 15520 I art     : Explicit concurrent mark sweep GC freed 3(96B) AllocSpace objects, 0(0B) LOS objects, 23% free, 53MB/69MB, paused 669us total 29.367ms
08-05 19:38:06.710 15507 16783 I art     : Starting a blocking GC Explicit
08-05 19:38:06.740 15507 16783 I art     : Explicit concurrent mark sweep GC freed 1344(78KB) AllocSpace objects, 1(20KB) LOS objects, 23% free, 53MB/69MB, paused 647us total 29.768ms
08-05 19:38:06.752 15507 16783 I art     : Starting a blocking GC Explicit
08-05 19:38:06.780 15507 16783 I art     : Explicit concurrent mark sweep GC freed 20(704B) AllocSpace objects, 0(0B) LOS objects, 23% free, 53MB/69MB, paused 662us total 28.264ms
08-05 19:38:06.791 15507 16783 I art     : Starting a blocking GC Explicit
08-05 19:38:06.820 15507 16783 I art     : Explicit concurrent mark sweep GC freed 3(96B) AllocSpace objects, 0(0B) LOS objects, 23% free, 53MB/69MB, paused 705us total 28.393ms
08-05 19:38:06.831 15507 16783 I art     : Starting a blocking GC Explicit
08-05 19:38:06.860 15507 16783 I art     : Explicit concurrent mark sweep GC freed 3(96B) AllocSpace objects, 0(0B) LOS objects, 23% free, 53MB/69MB, paused 668us total 28.537ms
08-05 19:38:06.871 15507 16783 I art     : Starting a blocking GC Explicit
08-05 19:38:06.900 15507 16783 I art     : Explicit concurrent mark sweep GC freed 24(1104B) AllocSpace objects, 0(0B) LOS objects, 23% free, 53MB/69MB, paused 649us total 28.157ms
08-05 19:38:06.993 17695 17695 I ServiceManager: Waiting for service AtCmdFwd...
08-05 19:38:07.206 18882 18882 D AndroidRuntime: >>>>>> START com.android.internal.os.RuntimeInit uid 2000 <<<<<<
08-05 19:38:07.212 18882 18882 D AndroidRuntime: CheckJNI is OFF
08-05 19:38:07.220 15507 16423 I art     : Starting a blocking GC Explicit
08-05 19:38:07.249 15507 16423 I art     : Explicit concurrent mark sweep GC freed 1360(78KB) AllocSpace objects, 1(20KB) LOS objects, 23% free, 53MB/69MB, paused 672us total 28.393ms
08-05 19:38:07.257 18882 18882 D ICU     : No timezone override file found: /data/misc/zoneinfo/current/icu/icu_tzdata.dat
08-05 19:38:07.260 15507 16423 I art     : Starting a blocking GC Explicit
08-05 19:38:07.289 15507 16423 I art     : Explicit concurrent mark sweep GC freed 35(1264B) AllocSpace objects, 0(0B) LOS objects, 23% free, 53MB/69MB, paused 984us total 28.759ms
08-05 19:38:07.299 18882 18882 I Radio-JNI: register_android_hardware_Radio DONE
08-05 19:38:07.300 15507 16423 I art     : Starting a blocking GC Explicit
08-05 19:38:07.329 18882 18882 D AndroidRuntime: Calling main entry com.android.commands.input.Input
08-05 19:38:07.330 15507 16423 I art     : Explicit concurrent mark sweep GC freed 3(96B) AllocSpace objects, 0(0B) LOS objects, 23% free, 53MB/69MB, paused 708us total 30.123ms
08-05 19:38:07.331 18882 18882 I Input   : injectMotionEvent: MotionEvent { action=ACTION_DOWN, actionButton=0, id[0]=0, x[0]=1012.0, y[0]=1152.0, toolType[0]=TOOL_TYPE_UNKNOWN, buttonState=0, metaState=0, flags=0x0, edgeFlags=0x0, pointerCount=1, historySize=0, eventTime=819503743, downTime=819503743, deviceId=0, source=0x1002 }
08-05 19:38:07.338 18882 18882 I Input   : injectMotionEvent: MotionEvent { action=ACTION_UP, actionButton=0, id[0]=0, x[0]=1012.0, y[0]=1152.0, toolType[0]=TOOL_TYPE_UNKNOWN, buttonState=0, metaState=0, flags=0x0, edgeFlags=0x0, pointerCount=1, historySize=0, eventTime=819503743, downTime=819503743, deviceId=0, source=0x1002 }
08-05 19:38:07.340   918   928 I ActivityManager: START u0 {cmp=baseline.appteam.nith.hillffair/.activities.ClubActivity (has extras)} from uid 10675 on display 0
08-05 19:38:07.341 15507 16423 I art     : Starting a blocking GC Explicit
08-05 19:38:07.347 18882 18882 D AndroidRuntime: Shutting down VM
08-05 19:38:07.372 15507 16423 I art     : Explicit concurrent mark sweep GC freed 308(19KB) AllocSpace objects, 0(0B) LOS objects, 22% free, 53MB/69MB, paused 1.100ms total 30.010ms
08-05 19:38:07.383 15507 16423 I art     : Starting a blocking GC Explicit
08-05 19:38:07.414 15507 16423 I art     : Explicit concurrent mark sweep GC freed 3130(198KB) AllocSpace objects, 0(0B) LOS objects, 22% free, 53MB/69MB, paused 745us total 30.513ms
08-05 19:38:07.458   918   936 I ActivityManager: Displayed baseline.appteam.nith.hillffair/.activities.ClubActivity: +110ms
08-05 19:38:07.458 13866 13866 I GoogleInputMethodServic: GoogleInputMethodService.onFinishInput():3138 
08-05 19:38:07.459 13866 13866 I GoogleInputMethodServic: GoogleInputMethodService.onStartInput():1808 
08-05 19:38:07.711   380   380 W SurfaceFlinger: couldn't log to binary event log: overflow.
08-05 19:38:07.719 15507 15548 I art     : Starting a blocking GC Explicit
08-05 19:38:07.750 15507 15548 I art     : Explicit concurrent mark sweep GC freed 1719(96KB) AllocSpace objects, 1(20KB) LOS objects, 22% free, 53MB/69MB, paused 652us total 30.129ms
08-05 19:38:07.760 15507 15548 I art     : Starting a blocking GC Explicit
08-05 19:38:07.787 15507 15548 I art     : Explicit concurrent mark sweep GC freed 34(1168B) AllocSpace objects, 0(0B) LOS objects, 22% free, 53MB/69MB, paused 658us total 26.182ms
08-05 19:38:07.797 15507 15548 I art     : Starting a blocking GC Explicit
08-05 19:38:07.824 15507 15548 I art     : Explicit concurrent mark sweep GC freed 3(96B) AllocSpace objects, 0(0B) LOS objects, 22% free, 53MB/69MB, paused 690us total 26.369ms
08-05 19:38:07.836 15507 15548 I art     : Starting a blocking GC Explicit
08-05 19:38:07.865 15507 15548 I art     : Explicit concurrent mark sweep GC freed 109(6KB) AllocSpace objects, 0(0B) LOS objects, 22% free, 53MB/69MB, paused 741us total 28.700ms
08-05 19:38:07.875 15507 15548 I art     : Starting a blocking GC Explicit
08-05 19:38:07.903 15507 15548 I art     : Explicit concurrent mark sweep GC freed 16(608B) AllocSpace objects, 0(0B) LOS objects, 22% free, 53MB/69MB, paused 715us total 27.213ms
08-05 19:38:07.994 17695 17695 I ServiceManager: Waiting for service AtCmdFwd...
08-05 19:38:08.212 15507 16783 I art     : Starting a blocking GC Explicit
08-05 19:38:08.243 15507 16783 I art     : Explicit concurrent mark sweep GC freed 1410(81KB) AllocSpace objects, 1(20KB) LOS objects, 22% free, 53MB/69MB, paused 719us total 31.086ms
08-05 19:38:08.255 15507 16783 I art     : Starting a blocking GC Explicit
08-05 19:38:08.284 15507 16783 I art     : Explicit concurrent mark sweep GC freed 68(2320B) AllocSpace objects, 0(0B) LOS objects, 22% free, 53MB/69MB, paused 713us total 29.151ms
08-05 19:38:08.295 15507 16783 I art     : Starting a blocking GC Explicit
08-05 19:38:08.323 15507 16783 I art     : Explicit concurrent mark sweep GC freed 14(528B) AllocSpace objects, 0(0B) LOS objects, 22% free, 53MB/69MB, paused 684us total 28.086ms
08-05 19:38:08.335 15507 16783 I art     : Starting a blocking GC Explicit
08-05 19:38:08.364 15507 16783 I art     : Explicit concurrent mark sweep GC freed 15(544B) AllocSpace objects, 0(0B) LOS objects, 22% free, 53MB/69MB, paused 667us total 28.889ms
08-05 19:38:08.376 15507 16783 I art     : Starting a blocking GC Explicit
08-05 19:38:08.405 15507 16783 I art     : Explicit concurrent mark sweep GC freed 16(608B) AllocSpace objects, 0(0B) LOS objects, 22% free, 53MB/69MB, paused 695us total 28.736ms
08-05 19:38:08.528 15507 18905 D OkHttp  : --> GET https://api-hillfair-2k16.herokuapp.com/api/app/club/Design%20and%20Decoration%20Club http/1.1
08-05 19:38:08.570 15507 18905 D OkHttp  : <-- 200 OK https://api-hillfair-2k16.herokuapp.com/api/app/club/Design%20and%20Decoration%20Club (42ms, 760-byte body)
08-05 19:38:08.616 15507 15507 I NAPPA_EXPERIMENTATION: MetricNetworkRequestExecutionTime: REQUEST_DURATION_SYSTEM='1236',REQUEST_DURATION_OKHTTP='42',REQUEST_SYNCHRONOUS='FALSE',RESPONSE_CODE='200',RESPONSE_METHOD='GET',RESPONSE_LENGTH_OKHTTP='760',RESPONSE_LENGTH_HEADER='760',REQUEST_PROTOCOL='http/1.1',REQUEST_URL='https://api-hillfair-2k16.herokuapp.com/api/app/club/Design%20and%20Decoration%20Club',
08-05 19:38:08.701 15507 15521 I art     : Starting a blocking GC Explicit
08-05 19:38:08.738 15507 15521 I art     : Explicit concurrent mark sweep GC freed 4817(339KB) AllocSpace objects, 4(220KB) LOS objects, 22% free, 53MB/69MB, paused 724us total 36.707ms
08-05 19:38:08.749 15507 15521 I art     : Starting a blocking GC Explicit
08-05 19:38:08.779 15507 15521 I art     : Explicit concurrent mark sweep GC freed 1039(119KB) AllocSpace objects, 0(0B) LOS objects, 22% free, 53MB/69MB, paused 672us total 29.491ms
08-05 19:38:08.791 15507 15521 I art     : Starting a blocking GC Explicit
08-05 19:38:08.820 15507 15521 I art     : Explicit concurrent mark sweep GC freed 3(96B) AllocSpace objects, 0(0B) LOS objects, 22% free, 53MB/69MB, paused 635us total 28.680ms
08-05 19:38:08.831 15507 15521 I art     : Starting a blocking GC Explicit
08-05 19:38:08.860 15507 15521 I art     : Explicit concurrent mark sweep GC freed 3(96B) AllocSpace objects, 0(0B) LOS objects, 22% free, 53MB/69MB, paused 678us total 28.987ms
08-05 19:38:08.872 15507 15521 I art     : Starting a blocking GC Explicit
08-05 19:38:08.901 15507 15521 I art     : Explicit concurrent mark sweep GC freed 3(96B) AllocSpace objects, 0(0B) LOS objects, 22% free, 53MB/69MB, paused 631us total 28.665ms
08-05 19:38:08.994 17695 17695 I ServiceManager: Waiting for service AtCmdFwd...
08-05 19:38:09.233 15507 15520 I art     : Starting a blocking GC Explicit
08-05 19:38:09.278 15507 15520 I art     : Explicit concurrent mark sweep GC freed 1344(78KB) AllocSpace objects, 1(20KB) LOS objects, 22% free, 53MB/69MB, paused 778us total 44.147ms
08-05 19:38:09.293 15507 15520 I art     : Starting a blocking GC Explicit
08-05 19:38:09.324 15507 15520 I art     : Explicit concurrent mark sweep GC freed 36(1264B) AllocSpace objects, 0(0B) LOS objects, 22% free, 53MB/69MB, paused 675us total 30.812ms
08-05 19:38:09.336 15507 15520 I art     : Starting a blocking GC Explicit
08-05 19:38:09.369 15507 15520 I art     : Explicit concurrent mark sweep GC freed 3(96B) AllocSpace objects, 0(0B) LOS objects, 22% free, 53MB/69MB, paused 710us total 32.745ms
08-05 19:38:09.381 15507 15520 I art     : Starting a blocking GC Explicit
08-05 19:38:09.414 15507 15520 I art     : Explicit concurrent mark sweep GC freed 3(96B) AllocSpace objects, 0(0B) LOS objects, 22% free, 53MB/69MB, paused 658us total 33.326ms
08-05 19:38:09.426 15507 15520 I art     : Starting a blocking GC Explicit
08-05 19:38:09.460 15507 15520 I art     : Explicit concurrent mark sweep GC freed 3(96B) AllocSpace objects, 0(0B) LOS objects, 22% free, 53MB/69MB, paused 690us total 33.556ms
08-05 19:38:09.795 15507 15521 I art     : Starting a blocking GC Explicit
08-05 19:38:09.827 15507 15521 I art     : Explicit concurrent mark sweep GC freed 1344(78KB) AllocSpace objects, 1(20KB) LOS objects, 22% free, 53MB/69MB, paused 752us total 32.299ms
08-05 19:38:09.840 15507 15521 I art     : Starting a blocking GC Explicit
08-05 19:38:09.874 15507 15521 I art     : Explicit concurrent mark sweep GC freed 20(704B) AllocSpace objects, 0(0B) LOS objects, 22% free, 53MB/69MB, paused 710us total 33.717ms
08-05 19:38:09.886 15507 15521 I art     : Starting a blocking GC Explicit
08-05 19:38:09.918 15507 15521 I art     : Explicit concurrent mark sweep GC freed 3(96B) AllocSpace objects, 0(0B) LOS objects, 22% free, 53MB/69MB, paused 698us total 32.321ms
08-05 19:38:09.930 15507 15521 I art     : Starting a blocking GC Explicit
08-05 19:38:09.964 15507 15521 I art     : Explicit concurrent mark sweep GC freed 3(96B) AllocSpace objects, 0(0B) LOS objects, 22% free, 53MB/69MB, paused 707us total 33.615ms
08-05 19:38:09.977 15507 15521 I art     : Starting a blocking GC Explicit
08-05 19:38:09.994 17695 17695 W Atfwd_Sendcmd: AtCmdFwd service not published, waiting... retryCnt : 4
08-05 19:38:10.011 15507 15521 I art     : Explicit concurrent mark sweep GC freed 3(96B) AllocSpace objects, 0(0B) LOS objects, 22% free, 53MB/69MB, paused 711us total 33.832ms
08-05 19:38:10.330   918  3261 D WifiStateMachine: starting scan for "H369AA63323"WPA_PSK with 2412,5180
08-05 19:38:10.342 15507 16783 I art     : Starting a blocking GC Explicit
08-05 19:38:10.378 15507 16783 I art     : Explicit concurrent mark sweep GC freed 1344(78KB) AllocSpace objects, 1(20KB) LOS objects, 22% free, 53MB/69MB, paused 705us total 35.774ms
08-05 19:38:10.390 15507 16783 I art     : Starting a blocking GC Explicit
08-05 19:38:10.422 15507 16783 I art     : Explicit concurrent mark sweep GC freed 20(704B) AllocSpace objects, 0(0B) LOS objects, 22% free, 53MB/69MB, paused 702us total 31.494ms
08-05 19:38:10.434 15507 16783 I art     : Starting a blocking GC Explicit
08-05 19:38:10.458 13866 13882 I PeriodicStatsRunner: PeriodicStatsRunner.call():175 call()
08-05 19:38:10.459 13866 13882 I PeriodicStatsRunner: PeriodicStatsRunner.call():179 No submit PeriodicStats since input started.
08-05 19:38:10.468 15507 16783 I art     : Explicit concurrent mark sweep GC freed 3(96B) AllocSpace objects, 0(0B) LOS objects, 22% free, 53MB/69MB, paused 734us total 33.812ms
08-05 19:38:10.480 15507 16783 I art     : Starting a blocking GC Explicit
08-05 19:38:10.514 15507 16783 I art     : Explicit concurrent mark sweep GC freed 3(96B) AllocSpace objects, 0(0B) LOS objects, 22% free, 53MB/69MB, paused 651us total 33.657ms
08-05 19:38:10.526 15507 16783 I art     : Starting a blocking GC Explicit
08-05 19:38:10.559 15507 16783 I art     : Explicit concurrent mark sweep GC freed 3(96B) AllocSpace objects, 0(0B) LOS objects, 22% free, 53MB/69MB, paused 766us total 33.052ms
08-05 19:38:10.881 15507 15548 I art     : Starting a blocking GC Explicit
08-05 19:38:10.916 15507 15548 I art     : Explicit concurrent mark sweep GC freed 1344(78KB) AllocSpace objects, 1(20KB) LOS objects, 22% free, 53MB/69MB, paused 716us total 33.801ms
08-05 19:38:10.928 15507 15548 I art     : Starting a blocking GC Explicit
08-05 19:38:10.962 15507 15548 I art     : Explicit concurrent mark sweep GC freed 20(704B) AllocSpace objects, 0(0B) LOS objects, 22% free, 53MB/69MB, paused 823us total 33.651ms
08-05 19:38:10.974 15507 15548 I art     : Starting a blocking GC Explicit
08-05 19:38:11.007 15507 15548 I art     : Explicit concurrent mark sweep GC freed 3(96B) AllocSpace objects, 0(0B) LOS objects, 22% free, 53MB/69MB, paused 710us total 32.603ms
08-05 19:38:11.019 15507 15548 I art     : Starting a blocking GC Explicit
08-05 19:38:11.052 15507 15548 I art     : Explicit concurrent mark sweep GC freed 3(96B) AllocSpace objects, 0(0B) LOS objects, 22% free, 53MB/69MB, paused 717us total 33.573ms
08-05 19:38:11.065 15507 15548 I art     : Starting a blocking GC Explicit
08-05 19:38:11.099 15507 15548 I art     : Explicit concurrent mark sweep GC freed 3(96B) AllocSpace objects, 0(0B) LOS objects, 22% free, 53MB/69MB, paused 702us total 34.459ms
08-05 19:38:11.444 15507 16423 I art     : Starting a blocking GC Explicit
08-05 19:38:11.486 15507 16423 I art     : Explicit concurrent mark sweep GC freed 1344(78KB) AllocSpace objects, 1(20KB) LOS objects, 22% free, 53MB/69MB, paused 774us total 41.660ms
08-05 19:38:11.500 15507 16423 I art     : Starting a blocking GC Explicit
08-05 19:38:11.533 15507 16423 I art     : Explicit concurrent mark sweep GC freed 20(704B) AllocSpace objects, 0(0B) LOS objects, 22% free, 53MB/69MB, paused 710us total 32.410ms
08-05 19:38:11.545 15507 16423 I art     : Starting a blocking GC Explicit
08-05 19:38:11.579 15507 16423 I art     : Explicit concurrent mark sweep GC freed 3(96B) AllocSpace objects, 0(0B) LOS objects, 22% free, 53MB/69MB, paused 651us total 33.193ms
08-05 19:38:11.592 15507 16423 I art     : Starting a blocking GC Explicit
08-05 19:38:11.623 15507 16423 I art     : Explicit concurrent mark sweep GC freed 3(96B) AllocSpace objects, 0(0B) LOS objects, 22% free, 53MB/69MB, paused 650us total 31.293ms
08-05 19:38:11.635 15507 16423 I art     : Starting a blocking GC Explicit
08-05 19:38:11.664 15507 16423 I art     : Explicit concurrent mark sweep GC freed 3(96B) AllocSpace objects, 0(0B) LOS objects, 22% free, 53MB/69MB, paused 719us total 28.342ms
08-05 19:38:11.974 15507 15520 I art     : Starting a blocking GC Explicit
08-05 19:38:12.010 15507 15520 I art     : Explicit concurrent mark sweep GC freed 1344(78KB) AllocSpace objects, 1(20KB) LOS objects, 22% free, 53MB/69MB, paused 729us total 36.152ms
08-05 19:38:12.023 15507 15520 I art     : Starting a blocking GC Explicit
08-05 19:38:12.056 15507 15520 I art     : Explicit concurrent mark sweep GC freed 20(704B) AllocSpace objects, 0(0B) LOS objects, 22% free, 53MB/69MB, paused 711us total 32.163ms
08-05 19:38:12.068 15507 15520 I art     : Starting a blocking GC Explicit
08-05 19:38:12.099 15507 15520 I art     : Explicit concurrent mark sweep GC freed 3(96B) AllocSpace objects, 0(0B) LOS objects, 22% free, 53MB/69MB, paused 681us total 31.130ms
08-05 19:38:12.111 15507 15520 I art     : Starting a blocking GC Explicit
08-05 19:38:12.143 15507 15520 I art     : Explicit concurrent mark sweep GC freed 3(96B) AllocSpace objects, 0(0B) LOS objects, 22% free, 53MB/69MB, paused 707us total 31.784ms
08-05 19:38:12.155 15507 15520 I art     : Starting a blocking GC Explicit
08-05 19:38:12.156 18987 18987 D AndroidRuntime: >>>>>> START com.android.internal.os.RuntimeInit uid 2000 <<<<<<
08-05 19:38:12.162 18987 18987 D AndroidRuntime: CheckJNI is OFF
08-05 19:38:12.186 15507 15520 I art     : Explicit concurrent mark sweep GC freed 3(96B) AllocSpace objects, 0(0B) LOS objects, 22% free, 53MB/69MB, paused 719us total 30.870ms
08-05 19:38:12.210 18987 18987 D ICU     : No timezone override file found: /data/misc/zoneinfo/current/icu/icu_tzdata.dat
08-05 19:38:12.257 18987 18987 I Radio-JNI: register_android_hardware_Radio DONE
08-05 19:38:12.286 18987 18987 D AndroidRuntime: Calling main entry com.android.commands.input.Input
08-05 19:38:12.289 18987 18987 I Input   : injectKeyEvent: KeyEvent { action=ACTION_DOWN, keyCode=KEYCODE_BACK, scanCode=0, metaState=0, flags=0x0, repeatCount=0, eventTime=819508702, downTime=819508702, deviceId=-1, source=0x101 }
08-05 19:38:12.297 18987 18987 I Input   : injectKeyEvent: KeyEvent { action=ACTION_UP, keyCode=KEYCODE_BACK, scanCode=0, metaState=0, flags=0x0, repeatCount=0, eventTime=819508702, downTime=819508702, deviceId=-1, source=0x101 }
08-05 19:38:12.306 18987 18987 D AndroidRuntime: Shutting down VM
08-05 19:38:12.350 13866 13866 I GoogleInputMethodServic: GoogleInputMethodService.onFinishInput():3138 
08-05 19:38:12.350 13866 13866 I GoogleInputMethodServic: GoogleInputMethodService.onStartInput():1808 
08-05 19:38:12.459 13866 13882 I PeriodicStatsRunner: PeriodicStatsRunner.call():175 call()
08-05 19:38:12.459 13866 13882 I PeriodicStatsRunner: PeriodicStatsRunner.call():179 No submit PeriodicStats since input started.
08-05 19:38:12.474 15507 15520 I art     : Starting a blocking GC Explicit
08-05 19:38:12.510 15507 15520 I art     : Explicit concurrent mark sweep GC freed 1525(85KB) AllocSpace objects, 1(20KB) LOS objects, 22% free, 53MB/69MB, paused 745us total 36.083ms
08-05 19:38:12.524 15507 15520 I art     : Starting a blocking GC Explicit
08-05 19:38:12.560 15507 15520 I art     : Explicit concurrent mark sweep GC freed 26(944B) AllocSpace objects, 0(0B) LOS objects, 22% free, 53MB/69MB, paused 916us total 35.429ms
08-05 19:38:12.574 15507 15520 I art     : Starting a blocking GC Explicit
08-05 19:38:12.609 15507 15520 I art     : Explicit concurrent mark sweep GC freed 3(96B) AllocSpace objects, 0(0B) LOS objects, 22% free, 53MB/69MB, paused 780us total 35.308ms
08-05 19:38:12.622 15507 15520 I art     : Starting a blocking GC Explicit
08-05 19:38:12.635   380   380 W SurfaceFlinger: couldn't log to binary event log: overflow.
08-05 19:38:12.651 15507 15520 I art     : Explicit concurrent mark sweep GC freed 96(7KB) AllocSpace objects, 0(0B) LOS objects, 22% free, 53MB/69MB, paused 656us total 29.097ms
08-05 19:38:12.662 15507 15520 I art     : Starting a blocking GC Explicit
08-05 19:38:12.691 15507 15520 I art     : Explicit concurrent mark sweep GC freed 19(816B) AllocSpace objects, 0(0B) LOS objects, 22% free, 53MB/69MB, paused 772us total 28.420ms
08-05 19:38:12.992 15507 15521 I art     : Starting a blocking GC Explicit
08-05 19:38:13.035 15507 15521 I art     : Explicit concurrent mark sweep GC freed 2995(185KB) AllocSpace objects, 4(200KB) LOS objects, 22% free, 53MB/69MB, paused 728us total 42.526ms
08-05 19:38:13.050 15507 15521 I art     : Starting a blocking GC Explicit
08-05 19:38:13.081 15507 15521 I art     : Explicit concurrent mark sweep GC freed 20(704B) AllocSpace objects, 0(0B) LOS objects, 22% free, 53MB/69MB, paused 701us total 31.230ms
08-05 19:38:13.093 15507 15521 I art     : Starting a blocking GC Explicit
08-05 19:38:13.123 15507 15521 I art     : Explicit concurrent mark sweep GC freed 3(96B) AllocSpace objects, 0(0B) LOS objects, 22% free, 53MB/69MB, paused 676us total 30.115ms
08-05 19:38:13.136 15507 15521 I art     : Starting a blocking GC Explicit
08-05 19:38:13.166 15507 15521 I art     : Explicit concurrent mark sweep GC freed 3(96B) AllocSpace objects, 0(0B) LOS objects, 22% free, 53MB/69MB, paused 690us total 30.527ms
08-05 19:38:13.178 15507 15521 I art     : Starting a blocking GC Explicit
08-05 19:38:13.208 15507 15521 I art     : Explicit concurrent mark sweep GC freed 3(96B) AllocSpace objects, 0(0B) LOS objects, 22% free, 53MB/69MB, paused 695us total 30.319ms
08-05 19:38:13.515 15507 15548 I art     : Starting a blocking GC Explicit
08-05 19:38:13.553 15507 15548 I art     : Explicit concurrent mark sweep GC freed 1344(78KB) AllocSpace objects, 1(20KB) LOS objects, 22% free, 53MB/69MB, paused 698us total 38.150ms
08-05 19:38:13.568 15507 15548 I art     : Starting a blocking GC Explicit
08-05 19:38:13.596 15507 15548 I art     : Explicit concurrent mark sweep GC freed 20(704B) AllocSpace objects, 0(0B) LOS objects, 22% free, 53MB/69MB, paused 706us total 28.052ms
08-05 19:38:13.608 15507 15548 I art     : Starting a blocking GC Explicit
08-05 19:38:13.636 15507 15548 I art     : Explicit concurrent mark sweep GC freed 3(96B) AllocSpace objects, 0(0B) LOS objects, 22% free, 53MB/69MB, paused 682us total 27.766ms
08-05 19:38:13.647 15507 15548 I art     : Starting a blocking GC Explicit
08-05 19:38:13.675 15507 15548 I art     : Explicit concurrent mark sweep GC freed 3(96B) AllocSpace objects, 0(0B) LOS objects, 22% free, 53MB/69MB, paused 667us total 28.237ms
08-05 19:38:13.687 15507 15548 I art     : Starting a blocking GC Explicit
08-05 19:38:13.716 15507 15548 I art     : Explicit concurrent mark sweep GC freed 3(96B) AllocSpace objects, 0(0B) LOS objects, 22% free, 53MB/69MB, paused 701us total 28.707ms
08-05 19:38:14.018 15507 16783 I art     : Starting a blocking GC Explicit
08-05 19:38:14.051 15507 16783 I art     : Explicit concurrent mark sweep GC freed 1344(78KB) AllocSpace objects, 1(20KB) LOS objects, 22% free, 53MB/69MB, paused 721us total 32.263ms
08-05 19:38:14.062 15507 16783 I art     : Starting a blocking GC Explicit
08-05 19:38:14.092 15507 16783 I art     : Explicit concurrent mark sweep GC freed 20(704B) AllocSpace objects, 0(0B) LOS objects, 22% free, 53MB/69MB, paused 724us total 29.373ms
08-05 19:38:14.096 19041 19041 D AndroidRuntime: >>>>>> START com.android.internal.os.RuntimeInit uid 2000 <<<<<<
08-05 19:38:14.102 19041 19041 D AndroidRuntime: CheckJNI is OFF
08-05 19:38:14.103 15507 16783 I art     : Starting a blocking GC Explicit
08-05 19:38:14.134 15507 16783 I art     : Explicit concurrent mark sweep GC freed 3(96B) AllocSpace objects, 0(0B) LOS objects, 22% free, 53MB/69MB, paused 693us total 30.546ms
08-05 19:38:14.145 15507 16783 I art     : Starting a blocking GC Explicit
08-05 19:38:14.150 19041 19041 D ICU     : No timezone override file found: /data/misc/zoneinfo/current/icu/icu_tzdata.dat
08-05 19:38:14.175 15507 16783 I art     : Explicit concurrent mark sweep GC freed 3(96B) AllocSpace objects, 0(0B) LOS objects, 22% free, 53MB/69MB, paused 729us total 29.647ms
08-05 19:38:14.187 15507 16783 I art     : Starting a blocking GC Explicit
08-05 19:38:14.197 19041 19041 I Radio-JNI: register_android_hardware_Radio DONE
08-05 19:38:14.218 15507 16783 I art     : Explicit concurrent mark sweep GC freed 3(96B) AllocSpace objects, 0(0B) LOS objects, 22% free, 53MB/69MB, paused 747us total 31.059ms
08-05 19:38:14.228 19041 19041 D AndroidRuntime: Calling main entry com.android.commands.input.Input
08-05 19:38:14.230 19041 19041 I Input   : injectMotionEvent: MotionEvent { action=ACTION_DOWN, actionButton=0, id[0]=0, x[0]=255.0, y[0]=1845.0, toolType[0]=TOOL_TYPE_UNKNOWN, buttonState=0, metaState=0, flags=0x0, edgeFlags=0x0, pointerCount=1, historySize=0, eventTime=819510643, downTime=819510643, deviceId=0, source=0x1002 }
08-05 19:38:14.238 19041 19041 I Input   : injectMotionEvent: MotionEvent { action=ACTION_UP, actionButton=0, id[0]=0, x[0]=255.0, y[0]=1845.0, toolType[0]=TOOL_TYPE_UNKNOWN, buttonState=0, metaState=0, flags=0x0, edgeFlags=0x0, pointerCount=1, historySize=0, eventTime=819510643, downTime=819510643, deviceId=0, source=0x1002 }
08-05 19:38:14.239   918  6110 I ActivityManager: START u0 {cmp=baseline.appteam.nith.hillffair/.activities.ClubActivity (has extras)} from uid 10675 on display 0
08-05 19:38:14.249 19041 19041 D AndroidRuntime: Shutting down VM
08-05 19:38:14.348   918   936 I ActivityManager: Displayed baseline.appteam.nith.hillffair/.activities.ClubActivity: +99ms
08-05 19:38:14.348 13866 13866 I GoogleInputMethodServic: GoogleInputMethodService.onFinishInput():3138 
08-05 19:38:14.349 13866 13866 I GoogleInputMethodServic: GoogleInputMethodService.onStartInput():1808 
08-05 19:38:14.502 15507 15521 I art     : Starting a blocking GC Explicit
08-05 19:38:14.546 15507 15521 I art     : Explicit concurrent mark sweep GC freed 4996(308KB) AllocSpace objects, 1(20KB) LOS objects, 22% free, 53MB/69MB, paused 844us total 43.674ms
08-05 19:38:14.559 15507 15521 I art     : Starting a blocking GC Explicit
08-05 19:38:14.598 15507 15521 I art     : Explicit concurrent mark sweep GC freed 218(10KB) AllocSpace objects, 0(0B) LOS objects, 22% free, 53MB/69MB, paused 727us total 38.615ms
08-05 19:38:14.613 15507 15521 I art     : Starting a blocking GC Explicit
08-05 19:38:14.616   380   380 W SurfaceFlinger: couldn't log to binary event log: overflow.
08-05 19:38:14.647 15507 15521 I art     : Explicit concurrent mark sweep GC freed 3(96B) AllocSpace objects, 0(0B) LOS objects, 22% free, 53MB/69MB, paused 785us total 34.204ms
08-05 19:38:14.658 15507 15521 I art     : Starting a blocking GC Explicit
08-05 19:38:14.685 15507 15521 I art     : Explicit concurrent mark sweep GC freed 3(96B) AllocSpace objects, 0(0B) LOS objects, 22% free, 53MB/69MB, paused 721us total 26.491ms
08-05 19:38:14.696 15507 15521 I art     : Starting a blocking GC Explicit
08-05 19:38:14.724 15507 15521 I art     : Explicit concurrent mark sweep GC freed 3(96B) AllocSpace objects, 0(0B) LOS objects, 22% free, 53MB/69MB, paused 678us total 27.149ms
08-05 19:38:15.026 15507 16423 I art     : Starting a blocking GC Explicit
08-05 19:38:15.058 15507 16423 I art     : Explicit concurrent mark sweep GC freed 1503(86KB) AllocSpace objects, 1(20KB) LOS objects, 22% free, 53MB/69MB, paused 964us total 31.865ms
08-05 19:38:15.070 15507 16423 I art     : Starting a blocking GC Explicit
08-05 19:38:15.099 15507 16423 I art     : Explicit concurrent mark sweep GC freed 65(2224B) AllocSpace objects, 0(0B) LOS objects, 22% free, 53MB/69MB, paused 704us total 29.414ms
08-05 19:38:15.110 15507 16423 I art     : Starting a blocking GC Explicit
08-05 19:38:15.141 15507 16423 I art     : Explicit concurrent mark sweep GC freed 15(544B) AllocSpace objects, 0(0B) LOS objects, 22% free, 53MB/69MB, paused 959us total 29.796ms
08-05 19:38:15.152 15507 16423 I art     : Starting a blocking GC Explicit
08-05 19:38:15.183 15507 19064 D OkHttp  : --> GET https://api-hillfair-2k16.herokuapp.com/api/app/club/Technical%20Committee http/1.1
08-05 19:38:15.183 15507 16423 I art     : Explicit concurrent mark sweep GC freed 2513(129KB) AllocSpace objects, 2(120KB) LOS objects, 22% free, 54MB/70MB, paused 883us total 31.044ms
08-05 19:38:15.194 15507 16423 I art     : Starting a blocking GC Explicit
08-05 19:38:15.222 15507 19064 D OkHttp  : <-- 200 OK https://api-hillfair-2k16.herokuapp.com/api/app/club/Technical%20Committee (39ms, 1171-byte body)
08-05 19:38:15.222 15507 16423 I art     : Explicit concurrent mark sweep GC freed 1025(118KB) AllocSpace objects, 1(80KB) LOS objects, 22% free, 53MB/69MB, paused 742us total 28.079ms
08-05 19:38:15.273 15507 15507 I NAPPA_EXPERIMENTATION: MetricNetworkRequestExecutionTime: REQUEST_DURATION_SYSTEM='993',REQUEST_DURATION_OKHTTP='39',REQUEST_SYNCHRONOUS='FALSE',RESPONSE_CODE='200',RESPONSE_METHOD='GET',RESPONSE_LENGTH_OKHTTP='1171',RESPONSE_LENGTH_HEADER='1171',REQUEST_PROTOCOL='http/1.1',REQUEST_URL='https://api-hillfair-2k16.herokuapp.com/api/app/club/Technical%20Committee',
08-05 19:38:15.525 15507 15520 I art     : Starting a blocking GC Explicit
08-05 19:38:15.557 15507 15520 I art     : Explicit concurrent mark sweep GC freed 2223(211KB) AllocSpace objects, 1(20KB) LOS objects, 22% free, 53MB/69MB, paused 1.069ms total 31.910ms
08-05 19:38:15.569 15507 15520 I art     : Starting a blocking GC Explicit
08-05 19:38:15.600 15507 15520 I art     : Explicit concurrent mark sweep GC freed 94(3KB) AllocSpace objects, 0(0B) LOS objects, 22% free, 53MB/69MB, paused 704us total 30.760ms
08-05 19:38:15.612 15507 15520 I art     : Starting a blocking GC Explicit
08-05 19:38:15.642 15507 15520 I art     : Explicit concurrent mark sweep GC freed 3(96B) AllocSpace objects, 0(0B) LOS objects, 22% free, 53MB/69MB, paused 696us total 29.998ms
08-05 19:38:15.654 15507 15520 I art     : Starting a blocking GC Explicit
08-05 19:38:15.683 15507 15520 I art     : Explicit concurrent mark sweep GC freed 19(656B) AllocSpace objects, 0(0B) LOS objects, 22% free, 53MB/69MB, paused 759us total 29.111ms
08-05 19:38:15.695 15507 15520 I art     : Starting a blocking GC Explicit
08-05 19:38:15.725 15507 15520 I art     : Explicit concurrent mark sweep GC freed 3(96B) AllocSpace objects, 0(0B) LOS objects, 22% free, 53MB/69MB, paused 700us total 30.043ms
08-05 19:38:16.029 15507 16423 I art     : Starting a blocking GC Explicit
08-05 19:38:16.069 15507 16423 I art     : Explicit concurrent mark sweep GC freed 1344(78KB) AllocSpace objects, 1(20KB) LOS objects, 22% free, 53MB/69MB, paused 804us total 40.449ms
08-05 19:38:16.084 15507 16423 I art     : Starting a blocking GC Explicit
08-05 19:38:16.118 15507 16423 I art     : Explicit concurrent mark sweep GC freed 20(704B) AllocSpace objects, 0(0B) LOS objects, 22% free, 53MB/69MB, paused 768us total 34.536ms
08-05 19:38:16.130 15507 16423 I art     : Starting a blocking GC Explicit
08-05 19:38:16.164 15507 16423 I art     : Explicit concurrent mark sweep GC freed 3(96B) AllocSpace objects, 0(0B) LOS objects, 22% free, 53MB/69MB, paused 743us total 32.845ms
08-05 19:38:16.176 15507 16423 I art     : Starting a blocking GC Explicit
08-05 19:38:16.210 15507 16423 I art     : Explicit concurrent mark sweep GC freed 3(96B) AllocSpace objects, 0(0B) LOS objects, 22% free, 53MB/69MB, paused 749us total 34.159ms
08-05 19:38:16.222 15507 16423 I art     : Starting a blocking GC Explicit
08-05 19:38:16.256 15507 16423 I art     : Explicit concurrent mark sweep GC freed 3(96B) AllocSpace objects, 0(0B) LOS objects, 22% free, 53MB/69MB, paused 737us total 33.233ms
08-05 19:38:16.608 15507 15521 I art     : Starting a blocking GC Explicit
08-05 19:38:16.648 15507 15521 I art     : Explicit concurrent mark sweep GC freed 1344(78KB) AllocSpace objects, 1(20KB) LOS objects, 22% free, 53MB/69MB, paused 880us total 40.060ms
08-05 19:38:16.662 15507 15521 I art     : Starting a blocking GC Explicit
08-05 19:38:16.697 15507 15521 I art     : Explicit concurrent mark sweep GC freed 20(704B) AllocSpace objects, 0(0B) LOS objects, 22% free, 53MB/69MB, paused 847us total 34.565ms
08-05 19:38:16.709 15507 15521 I art     : Starting a blocking GC Explicit
08-05 19:38:16.744 15507 15521 I art     : Explicit concurrent mark sweep GC freed 3(96B) AllocSpace objects, 0(0B) LOS objects, 22% free, 53MB/69MB, paused 738us total 34.541ms
08-05 19:38:16.756 15507 15521 I art     : Starting a blocking GC Explicit
08-05 19:38:16.789 15507 15521 I art     : Explicit concurrent mark sweep GC freed 3(96B) AllocSpace objects, 0(0B) LOS objects, 22% free, 53MB/69MB, paused 776us total 32.561ms
08-05 19:38:16.801 15507 15521 I art     : Starting a blocking GC Explicit
08-05 19:38:16.836 15507 15521 I art     : Explicit concurrent mark sweep GC freed 3(96B) AllocSpace objects, 0(0B) LOS objects, 22% free, 53MB/69MB, paused 750us total 34.388ms
08-05 19:38:17.184 15507 15548 I art     : Starting a blocking GC Explicit
08-05 19:38:17.228 15507 15548 I art     : Explicit concurrent mark sweep GC freed 1344(78KB) AllocSpace objects, 1(20KB) LOS objects, 22% free, 53MB/69MB, paused 770us total 43.170ms
08-05 19:38:17.245 15507 15548 I art     : Starting a blocking GC Explicit
08-05 19:38:17.282 15507 15548 I art     : Explicit concurrent mark sweep GC freed 20(704B) AllocSpace objects, 0(0B) LOS objects, 22% free, 53MB/69MB, paused 722us total 35.947ms
08-05 19:38:17.294 15507 15548 I art     : Starting a blocking GC Explicit
08-05 19:38:17.328 15507 15548 I art     : Explicit concurrent mark sweep GC freed 3(96B) AllocSpace objects, 0(0B) LOS objects, 22% free, 53MB/69MB, paused 728us total 34.535ms
08-05 19:38:17.341 15507 15548 I art     : Starting a blocking GC Explicit
08-05 19:38:17.350 13866 13882 I PeriodicStatsRunner: PeriodicStatsRunner.call():175 call()
08-05 19:38:17.351 13866 13882 I PeriodicStatsRunner: PeriodicStatsRunner.call():179 No submit PeriodicStats since input started.
08-05 19:38:17.375 15507 15548 I art     : Explicit concurrent mark sweep GC freed 3(96B) AllocSpace objects, 0(0B) LOS objects, 22% free, 53MB/69MB, paused 694us total 33.558ms
08-05 19:38:17.387 15507 15548 I art     : Starting a blocking GC Explicit
08-05 19:38:17.419 15507 15548 I art     : Explicit concurrent mark sweep GC freed 3(96B) AllocSpace objects, 0(0B) LOS objects, 22% free, 53MB/69MB, paused 682us total 32.563ms
08-05 19:38:17.770 15507 16783 I art     : Starting a blocking GC Explicit
08-05 19:38:17.816 15507 16783 I art     : Explicit concurrent mark sweep GC freed 1344(78KB) AllocSpace objects, 1(20KB) LOS objects, 22% free, 53MB/69MB, paused 817us total 45.420ms
08-05 19:38:17.831 15507 16783 I art     : Starting a blocking GC Explicit
08-05 19:38:17.867 15507 16783 I art     : Explicit concurrent mark sweep GC freed 20(704B) AllocSpace objects, 0(0B) LOS objects, 22% free, 53MB/69MB, paused 718us total 35.703ms
08-05 19:38:17.879 15507 16783 I art     : Starting a blocking GC Explicit
08-05 19:38:17.913 15507 16783 I art     : Explicit concurrent mark sweep GC freed 3(96B) AllocSpace objects, 0(0B) LOS objects, 22% free, 53MB/69MB, paused 757us total 34.283ms
08-05 19:38:17.925 15507 16783 I art     : Starting a blocking GC Explicit
08-05 19:38:17.960 15507 16783 I art     : Explicit concurrent mark sweep GC freed 3(96B) AllocSpace objects, 0(0B) LOS objects, 22% free, 53MB/69MB, paused 743us total 34.260ms
08-05 19:38:17.972 15507 16783 I art     : Starting a blocking GC Explicit
08-05 19:38:18.005 15507 16783 I art     : Explicit concurrent mark sweep GC freed 3(96B) AllocSpace objects, 0(0B) LOS objects, 22% free, 53MB/69MB, paused 720us total 32.694ms
08-05 19:38:18.351 15507 15520 I art     : Starting a blocking GC Explicit
08-05 19:38:18.398 15507 15520 I art     : Explicit concurrent mark sweep GC freed 1344(78KB) AllocSpace objects, 1(20KB) LOS objects, 22% free, 53MB/69MB, paused 1.046ms total 46.028ms
08-05 19:38:18.413 15507 15520 I art     : Starting a blocking GC Explicit
08-05 19:38:18.447 15507 15520 I art     : Explicit concurrent mark sweep GC freed 20(704B) AllocSpace objects, 0(0B) LOS objects, 22% free, 53MB/69MB, paused 809us total 33.779ms
08-05 19:38:18.459 15507 15520 I art     : Starting a blocking GC Explicit
08-05 19:38:18.492 15507 15520 I art     : Explicit concurrent mark sweep GC freed 3(96B) AllocSpace objects, 0(0B) LOS objects, 22% free, 53MB/69MB, paused 708us total 32.557ms
08-05 19:38:18.504 15507 15520 I art     : Starting a blocking GC Explicit
08-05 19:38:18.535 15507 15520 I art     : Explicit concurrent mark sweep GC freed 3(96B) AllocSpace objects, 0(0B) LOS objects, 22% free, 53MB/69MB, paused 661us total 30.380ms
08-05 19:38:18.547 15507 15520 I art     : Starting a blocking GC Explicit
08-05 19:38:18.576 15507 15520 I art     : Explicit concurrent mark sweep GC freed 3(96B) AllocSpace objects, 0(0B) LOS objects, 22% free, 53MB/69MB, paused 707us total 28.533ms
08-05 19:38:18.897 15507 16423 I art     : Starting a blocking GC Explicit
08-05 19:38:18.933 15507 16423 I art     : Explicit concurrent mark sweep GC freed 1357(78KB) AllocSpace objects, 1(20KB) LOS objects, 22% free, 53MB/69MB, paused 799us total 36.374ms
08-05 19:38:18.949 15507 16423 I art     : Starting a blocking GC Explicit
08-05 19:38:18.982 15507 16423 I art     : Explicit concurrent mark sweep GC freed 34(1136B) AllocSpace objects, 0(0B) LOS objects, 22% free, 53MB/69MB, paused 739us total 32.560ms
08-05 19:38:18.993 15507 16423 I art     : Starting a blocking GC Explicit
08-05 19:38:19.025 15507 16423 I art     : Explicit concurrent mark sweep GC freed 3(96B) AllocSpace objects, 0(0B) LOS objects, 22% free, 53MB/69MB, paused 701us total 30.926ms
08-05 19:38:19.036 15507 16423 I art     : Starting a blocking GC Explicit
08-05 19:38:19.057 19146 19146 D AndroidRuntime: >>>>>> START com.android.internal.os.RuntimeInit uid 2000 <<<<<<
08-05 19:38:19.063 19146 19146 D AndroidRuntime: CheckJNI is OFF
08-05 19:38:19.069 15507 16423 I art     : Explicit concurrent mark sweep GC freed 3(96B) AllocSpace objects, 0(0B) LOS objects, 22% free, 53MB/69MB, paused 744us total 31.827ms
08-05 19:38:19.080 15507 16423 I art     : Starting a blocking GC Explicit
08-05 19:38:19.108 19146 19146 D ICU     : No timezone override file found: /data/misc/zoneinfo/current/icu/icu_tzdata.dat
08-05 19:38:19.111 15507 16423 I art     : Explicit concurrent mark sweep GC freed 3(96B) AllocSpace objects, 0(0B) LOS objects, 22% free, 53MB/69MB, paused 766us total 30.575ms
08-05 19:38:19.156 19146 19146 I Radio-JNI: register_android_hardware_Radio DONE
08-05 19:38:19.185 19146 19146 D AndroidRuntime: Calling main entry com.android.commands.input.Input
08-05 19:38:19.188 19146 19146 I Input   : injectKeyEvent: KeyEvent { action=ACTION_DOWN, keyCode=KEYCODE_BACK, scanCode=0, metaState=0, flags=0x0, repeatCount=0, eventTime=819515601, downTime=819515601, deviceId=-1, source=0x101 }
08-05 19:38:19.196 19146 19146 I Input   : injectKeyEvent: KeyEvent { action=ACTION_UP, keyCode=KEYCODE_BACK, scanCode=0, metaState=0, flags=0x0, repeatCount=0, eventTime=819515601, downTime=819515601, deviceId=-1, source=0x101 }
08-05 19:38:19.204 19146 19146 D AndroidRuntime: Shutting down VM
08-05 19:38:19.247 13866 13866 I GoogleInputMethodServic: GoogleInputMethodService.onFinishInput():3138 
08-05 19:38:19.248 13866 13866 I GoogleInputMethodServic: GoogleInputMethodService.onStartInput():1808 
08-05 19:38:19.349 13866 13882 I PeriodicStatsRunner: PeriodicStatsRunner.call():175 call()
08-05 19:38:19.349 13866 13882 I PeriodicStatsRunner: PeriodicStatsRunner.call():179 No submit PeriodicStats since input started.
08-05 19:38:19.401 15507 15520 I art     : Starting a blocking GC Explicit
08-05 19:38:19.439 15507 15520 I art     : Explicit concurrent mark sweep GC freed 1526(86KB) AllocSpace objects, 1(20KB) LOS objects, 22% free, 53MB/69MB, paused 698us total 37.743ms
08-05 19:38:19.454 15507 15520 I art     : Starting a blocking GC Explicit
08-05 19:38:19.490 15507 15520 I art     : Explicit concurrent mark sweep GC freed 26(944B) AllocSpace objects, 0(0B) LOS objects, 22% free, 53MB/69MB, paused 726us total 36.018ms
08-05 19:38:19.504 15507 15520 I art     : Starting a blocking GC Explicit
08-05 19:38:19.540 15507 15520 I art     : Explicit concurrent mark sweep GC freed 3(96B) AllocSpace objects, 0(0B) LOS objects, 22% free, 53MB/69MB, paused 686us total 35.807ms
08-05 19:38:19.555 15507 15520 I art     : Starting a blocking GC Explicit
08-05 19:38:19.575   380   380 W SurfaceFlinger: couldn't log to binary event log: overflow.
08-05 19:38:19.585 15507 15520 I art     : Explicit concurrent mark sweep GC freed 89(7KB) AllocSpace objects, 0(0B) LOS objects, 22% free, 53MB/69MB, paused 673us total 30.248ms
08-05 19:38:19.586 15507 15518 I art     : WaitForGcToComplete blocked for 30.543ms for cause HeapTrim
08-05 19:38:19.598 15507 15520 I art     : Starting a blocking GC Explicit
08-05 19:38:19.626 15507 15520 I art     : Explicit concurrent mark sweep GC freed 26(1232B) AllocSpace objects, 0(0B) LOS objects, 22% free, 53MB/69MB, paused 653us total 27.555ms
08-05 19:38:19.937 15507 16423 I art     : Starting a blocking GC Explicit
08-05 19:38:19.975 15507 16423 I art     : Explicit concurrent mark sweep GC freed 2994(186KB) AllocSpace objects, 4(200KB) LOS objects, 22% free, 53MB/69MB, paused 749us total 37.199ms
08-05 19:38:19.988 15507 16423 I art     : Starting a blocking GC Explicit
08-05 19:38:20.019 15507 16423 I art     : Explicit concurrent mark sweep GC freed 20(704B) AllocSpace objects, 0(0B) LOS objects, 22% free, 53MB/69MB, paused 707us total 30.580ms
08-05 19:38:20.031 15507 16423 I art     : Starting a blocking GC Explicit
08-05 19:38:20.060 15507 16423 I art     : Explicit concurrent mark sweep GC freed 3(96B) AllocSpace objects, 0(0B) LOS objects, 22% free, 53MB/69MB, paused 660us total 29.454ms
08-05 19:38:20.072 15507 16423 I art     : Starting a blocking GC Explicit
08-05 19:38:20.103 15507 16423 I art     : Explicit concurrent mark sweep GC freed 3(96B) AllocSpace objects, 0(0B) LOS objects, 22% free, 53MB/69MB, paused 766us total 30.778ms
08-05 19:38:20.115 15507 16423 I art     : Starting a blocking GC Explicit
08-05 19:38:20.146 15507 16423 I art     : Explicit concurrent mark sweep GC freed 3(96B) AllocSpace objects, 0(0B) LOS objects, 22% free, 53MB/69MB, paused 684us total 30.631ms
08-05 19:38:20.460 15507 16783 I art     : Starting a blocking GC Explicit
08-05 19:38:20.495 15507 16783 I art     : Explicit concurrent mark sweep GC freed 1344(78KB) AllocSpace objects, 1(20KB) LOS objects, 22% free, 53MB/69MB, paused 721us total 34.846ms
08-05 19:38:20.507 15507 16783 I art     : Starting a blocking GC Explicit
08-05 19:38:20.537 15507 16783 I art     : Explicit concurrent mark sweep GC freed 20(704B) AllocSpace objects, 0(0B) LOS objects, 22% free, 53MB/69MB, paused 697us total 29.338ms
08-05 19:38:20.548 15507 16783 I art     : Starting a blocking GC Explicit
08-05 19:38:20.577 15507 16783 I art     : Explicit concurrent mark sweep GC freed 3(96B) AllocSpace objects, 0(0B) LOS objects, 22% free, 53MB/69MB, paused 685us total 28.437ms
08-05 19:38:20.588 15507 16783 I art     : Starting a blocking GC Explicit
08-05 19:38:20.618 15507 16783 I art     : Explicit concurrent mark sweep GC freed 3(96B) AllocSpace objects, 0(0B) LOS objects, 22% free, 53MB/69MB, paused 720us total 29.335ms
08-05 19:38:20.629 15507 16783 I art     : Starting a blocking GC Explicit
08-05 19:38:20.659 15507 16783 I art     : Explicit concurrent mark sweep GC freed 3(96B) AllocSpace objects, 0(0B) LOS objects, 22% free, 53MB/69MB, paused 701us total 30.026ms
08-05 19:38:20.959 15507 15521 I art     : Starting a blocking GC Explicit
08-05 19:38:20.983 19200 19200 D AndroidRuntime: >>>>>> START com.android.internal.os.RuntimeInit uid 2000 <<<<<<
08-05 19:38:20.989 19200 19200 D AndroidRuntime: CheckJNI is OFF
08-05 19:38:20.993 15507 15521 I art     : Explicit concurrent mark sweep GC freed 1344(78KB) AllocSpace objects, 1(20KB) LOS objects, 22% free, 53MB/69MB, paused 783us total 33.217ms
08-05 19:38:21.005 15507 15521 I art     : Starting a blocking GC Explicit
08-05 19:38:21.034 19200 19200 D ICU     : No timezone override file found: /data/misc/zoneinfo/current/icu/icu_tzdata.dat
08-05 19:38:21.035 15507 15521 I art     : Explicit concurrent mark sweep GC freed 20(704B) AllocSpace objects, 0(0B) LOS objects, 22% free, 53MB/69MB, paused 782us total 30.242ms
08-05 19:38:21.047 15507 15521 I art     : Starting a blocking GC Explicit
08-05 19:38:21.077 15507 15521 I art     : Explicit concurrent mark sweep GC freed 3(96B) AllocSpace objects, 0(0B) LOS objects, 22% free, 53MB/69MB, paused 827us total 29.952ms
08-05 19:38:21.082 19200 19200 I Radio-JNI: register_android_hardware_Radio DONE
08-05 19:38:21.089 15507 15521 I art     : Starting a blocking GC Explicit
08-05 19:38:21.112 19200 19200 D AndroidRuntime: Calling main entry com.android.commands.input.Input
08-05 19:38:21.115 19200 19200 I Input   : injectMotionEvent: MotionEvent { action=ACTION_DOWN, actionButton=0, id[0]=0, x[0]=255.0, y[0]=1845.0, toolType[0]=TOOL_TYPE_UNKNOWN, buttonState=0, metaState=0, flags=0x0, edgeFlags=0x0, pointerCount=1, historySize=0, eventTime=819517527, downTime=819517527, deviceId=0, source=0x1002 }
08-05 19:38:21.119 15507 15521 I art     : Explicit concurrent mark sweep GC freed 3(96B) AllocSpace objects, 0(0B) LOS objects, 22% free, 53MB/69MB, paused 839us total 29.873ms
08-05 19:38:21.121 19200 19200 I Input   : injectMotionEvent: MotionEvent { action=ACTION_UP, actionButton=0, id[0]=0, x[0]=255.0, y[0]=1845.0, toolType[0]=TOOL_TYPE_UNKNOWN, buttonState=0, metaState=0, flags=0x0, edgeFlags=0x0, pointerCount=1, historySize=0, eventTime=819517527, downTime=819517527, deviceId=0, source=0x1002 }
08-05 19:38:21.123   918  4413 I ActivityManager: START u0 {cmp=baseline.appteam.nith.hillffair/.activities.ClubActivity (has extras)} from uid 10675 on display 0
08-05 19:38:21.130 15507 15521 I art     : Starting a blocking GC Explicit
08-05 19:38:21.130 19200 19200 D AndroidRuntime: Shutting down VM
08-05 19:38:21.160 15507 15521 I art     : Explicit concurrent mark sweep GC freed 169(19KB) AllocSpace objects, 0(0B) LOS objects, 22% free, 53MB/69MB, paused 901us total 29.526ms
08-05 19:38:21.228 15507 15507 I NAPPA_EXPERIMENTATION: MetricNetworkRequestExecutionTime: REQUEST_DURATION_SYSTEM='57',REQUEST_DURATION_OKHTTP='39',REQUEST_SYNCHRONOUS='FALSE',RESPONSE_CODE='200',RESPONSE_METHOD='GET',RESPONSE_LENGTH_OKHTTP='1171',RESPONSE_LENGTH_HEADER='-2',REQUEST_PROTOCOL='http/1.1',REQUEST_URL='https://api-hillfair-2k16.herokuapp.com/api/app/club/Technical%20Committee',
08-05 19:38:21.235   918   936 I ActivityManager: Displayed baseline.appteam.nith.hillffair/.activities.ClubActivity: +104ms
08-05 19:38:21.236 13866 13866 I GoogleInputMethodServic: GoogleInputMethodService.onFinishInput():3138 
08-05 19:38:21.237 13866 13866 I GoogleInputMethodServic: GoogleInputMethodService.onStartInput():1808 
08-05 19:38:21.436 15507 16423 I art     : Starting a blocking GC Explicit
08-05 19:38:21.471 15507 16423 I art     : Explicit concurrent mark sweep GC freed 5637(399KB) AllocSpace objects, 1(20KB) LOS objects, 22% free, 53MB/69MB, paused 682us total 33.785ms
08-05 19:38:21.484 15507 16423 I art     : Starting a blocking GC Explicit
08-05 19:38:21.494   380   380 W SurfaceFlinger: couldn't log to binary event log: overflow.
08-05 19:38:21.517 15507 16423 I art     : Explicit concurrent mark sweep GC freed 235(10KB) AllocSpace objects, 0(0B) LOS objects, 22% free, 53MB/69MB, paused 667us total 32.219ms
08-05 19:38:21.528 15507 16423 I art     : Starting a blocking GC Explicit
08-05 19:38:21.554 15507 16423 I art     : Explicit concurrent mark sweep GC freed 3(96B) AllocSpace objects, 0(0B) LOS objects, 22% free, 53MB/69MB, paused 667us total 26.057ms
08-05 19:38:21.565 15507 16423 I art     : Starting a blocking GC Explicit
08-05 19:38:21.593 15507 16423 I art     : Explicit concurrent mark sweep GC freed 3(96B) AllocSpace objects, 0(0B) LOS objects, 22% free, 53MB/69MB, paused 710us total 28.050ms
08-05 19:38:21.605 15507 16423 I art     : Starting a blocking GC Explicit
08-05 19:38:21.635 15507 16423 I art     : Explicit concurrent mark sweep GC freed 93(5KB) AllocSpace objects, 0(0B) LOS objects, 22% free, 53MB/69MB, paused 661us total 29.622ms
08-05 19:38:21.937 15507 15520 I art     : Starting a blocking GC Explicit
08-05 19:38:21.978 15507 15520 I art     : Explicit concurrent mark sweep GC freed 1354(78KB) AllocSpace objects, 1(20KB) LOS objects, 22% free, 53MB/69MB, paused 808us total 40.241ms
08-05 19:38:21.996 15507 15520 I art     : Starting a blocking GC Explicit
08-05 19:38:22.028 15507 15520 I art     : Explicit concurrent mark sweep GC freed 36(1264B) AllocSpace objects, 0(0B) LOS objects, 22% free, 53MB/69MB, paused 757us total 31.552ms
08-05 19:38:22.040 15507 15520 I art     : Starting a blocking GC Explicit
08-05 19:38:22.072 15507 15520 I art     : Explicit concurrent mark sweep GC freed 3(96B) AllocSpace objects, 0(0B) LOS objects, 22% free, 53MB/69MB, paused 712us total 31.639ms
08-05 19:38:22.084 15507 15520 I art     : Starting a blocking GC Explicit
08-05 19:38:22.115 15507 15520 I art     : Explicit concurrent mark sweep GC freed 3(96B) AllocSpace objects, 0(0B) LOS objects, 22% free, 53MB/69MB, paused 685us total 30.785ms
08-05 19:38:22.126 15507 15520 I art     : Starting a blocking GC Explicit
08-05 19:38:22.157 15507 15520 I art     : Explicit concurrent mark sweep GC freed 3(96B) AllocSpace objects, 0(0B) LOS objects, 22% free, 53MB/69MB, paused 817us total 30.544ms
08-05 19:38:22.473 15507 15521 I art     : Starting a blocking GC Explicit
08-05 19:38:22.512 15507 15521 I art     : Explicit concurrent mark sweep GC freed 1344(78KB) AllocSpace objects, 1(20KB) LOS objects, 22% free, 53MB/69MB, paused 783us total 38.633ms
08-05 19:38:22.526 15507 15521 I art     : Starting a blocking GC Explicit
08-05 19:38:22.558 15507 15521 I art     : Explicit concurrent mark sweep GC freed 20(704B) AllocSpace objects, 0(0B) LOS objects, 22% free, 53MB/69MB, paused 702us total 31.609ms
08-05 19:38:22.570 15507 15521 I art     : Starting a blocking GC Explicit
08-05 19:38:22.601 15507 15521 I art     : Explicit concurrent mark sweep GC freed 3(96B) AllocSpace objects, 0(0B) LOS objects, 22% free, 53MB/69MB, paused 731us total 30.978ms
08-05 19:38:22.613 15507 15521 I art     : Starting a blocking GC Explicit
08-05 19:38:22.644 15507 15521 I art     : Explicit concurrent mark sweep GC freed 3(96B) AllocSpace objects, 0(0B) LOS objects, 22% free, 53MB/69MB, paused 739us total 31.114ms
08-05 19:38:22.656 15507 15521 I art     : Starting a blocking GC Explicit
08-05 19:38:22.687 15507 15521 I art     : Explicit concurrent mark sweep GC freed 3(96B) AllocSpace objects, 0(0B) LOS objects, 22% free, 53MB/69MB, paused 802us total 30.912ms
08-05 19:38:22.986 15507 16423 I art     : Starting a blocking GC Explicit
08-05 19:38:23.024 15507 16423 I art     : Explicit concurrent mark sweep GC freed 1344(78KB) AllocSpace objects, 1(20KB) LOS objects, 22% free, 53MB/69MB, paused 785us total 37.788ms
08-05 19:38:23.039 15507 16423 I art     : Starting a blocking GC Explicit
08-05 19:38:23.071 15507 16423 I art     : Explicit concurrent mark sweep GC freed 20(704B) AllocSpace objects, 0(0B) LOS objects, 22% free, 53MB/69MB, paused 740us total 31.726ms
08-05 19:38:23.082 15507 16423 I art     : Starting a blocking GC Explicit
08-05 19:38:23.117 15507 16423 I art     : Explicit concurrent mark sweep GC freed 3(96B) AllocSpace objects, 0(0B) LOS objects, 22% free, 53MB/69MB, paused 745us total 33.764ms
08-05 19:38:23.129 15507 16423 I art     : Starting a blocking GC Explicit
08-05 19:38:23.163 15507 16423 I art     : Explicit concurrent mark sweep GC freed 3(96B) AllocSpace objects, 0(0B) LOS objects, 22% free, 53MB/69MB, paused 711us total 34.324ms
08-05 19:38:23.176 15507 16423 I art     : Starting a blocking GC Explicit
08-05 19:38:23.208 15507 16423 I art     : Explicit concurrent mark sweep GC freed 3(96B) AllocSpace objects, 0(0B) LOS objects, 22% free, 53MB/69MB, paused 749us total 32.016ms
08-05 19:38:23.550 15507 16783 I art     : Starting a blocking GC Explicit
08-05 19:38:23.587 15507 16783 I art     : Explicit concurrent mark sweep GC freed 1344(78KB) AllocSpace objects, 1(20KB) LOS objects, 22% free, 53MB/69MB, paused 728us total 36.122ms
08-05 19:38:23.599 15507 16783 I art     : Starting a blocking GC Explicit
08-05 19:38:23.631 15507 16783 I art     : Explicit concurrent mark sweep GC freed 20(704B) AllocSpace objects, 0(0B) LOS objects, 22% free, 53MB/69MB, paused 720us total 31.640ms
08-05 19:38:23.642 15507 16783 I art     : Starting a blocking GC Explicit
08-05 19:38:23.674 15507 16783 I art     : Explicit concurrent mark sweep GC freed 3(96B) AllocSpace objects, 0(0B) LOS objects, 22% free, 53MB/69MB, paused 710us total 31.335ms
08-05 19:38:23.686 15507 16783 I art     : Starting a blocking GC Explicit
08-05 19:38:23.720 15507 16783 I art     : Explicit concurrent mark sweep GC freed 3(96B) AllocSpace objects, 0(0B) LOS objects, 22% free, 53MB/69MB, paused 735us total 33.627ms
08-05 19:38:23.732 15507 16783 I art     : Starting a blocking GC Explicit
08-05 19:38:23.767 15507 16783 I art     : Explicit concurrent mark sweep GC freed 3(96B) AllocSpace objects, 0(0B) LOS objects, 22% free, 53MB/69MB, paused 881us total 34.669ms
08-05 19:38:24.100 15507 15548 I art     : Starting a blocking GC Explicit
08-05 19:38:24.143 15507 15548 I art     : Explicit concurrent mark sweep GC freed 1344(78KB) AllocSpace objects, 1(20KB) LOS objects, 22% free, 53MB/69MB, paused 810us total 42.942ms
08-05 19:38:24.160 15507 15548 I art     : Starting a blocking GC Explicit
08-05 19:38:24.193 15507 15548 I art     : Explicit concurrent mark sweep GC freed 20(704B) AllocSpace objects, 0(0B) LOS objects, 22% free, 53MB/69MB, paused 755us total 32.455ms
08-05 19:38:24.205 15507 15548 I art     : Starting a blocking GC Explicit
08-05 19:38:24.239 15507 15548 I art     : Explicit concurrent mark sweep GC freed 3(96B) AllocSpace objects, 0(0B) LOS objects, 22% free, 53MB/69MB, paused 749us total 34.393ms
08-05 19:38:24.248 13866 13882 I PeriodicStatsRunner: PeriodicStatsRunner.call():175 call()
08-05 19:38:24.248 13866 13882 I PeriodicStatsRunner: PeriodicStatsRunner.call():179 No submit PeriodicStats since input started.
08-05 19:38:24.251 15507 15548 I art     : Starting a blocking GC Explicit
08-05 19:38:24.286 15507 15548 I art     : Explicit concurrent mark sweep GC freed 3(96B) AllocSpace objects, 0(0B) LOS objects, 22% free, 53MB/69MB, paused 742us total 34.319ms
08-05 19:38:24.298 15507 15548 I art     : Starting a blocking GC Explicit
08-05 19:38:24.332 15507 15548 I art     : Explicit concurrent mark sweep GC freed 3(96B) AllocSpace objects, 0(0B) LOS objects, 22% free, 53MB/69MB, paused 749us total 33.344ms
08-05 19:38:24.660 15507 15520 I art     : Starting a blocking GC Explicit
08-05 19:38:24.706 15507 15520 I art     : Explicit concurrent mark sweep GC freed 1344(78KB) AllocSpace objects, 1(20KB) LOS objects, 22% free, 53MB/69MB, paused 826us total 45.903ms
08-05 19:38:24.722 15507 15520 I art     : Starting a blocking GC Explicit
08-05 19:38:24.758 15507 15520 I art     : Explicit concurrent mark sweep GC freed 20(704B) AllocSpace objects, 0(0B) LOS objects, 22% free, 53MB/69MB, paused 784us total 35.853ms
08-05 19:38:24.770 15507 15520 I art     : Starting a blocking GC Explicit
08-05 19:38:24.803 15507 15520 I art     : Explicit concurrent mark sweep GC freed 3(96B) AllocSpace objects, 0(0B) LOS objects, 22% free, 53MB/69MB, paused 691us total 32.385ms
08-05 19:38:24.815 15507 15520 I art     : Starting a blocking GC Explicit
08-05 19:38:24.849 15507 15520 I art     : Explicit concurrent mark sweep GC freed 3(96B) AllocSpace objects, 0(0B) LOS objects, 22% free, 53MB/69MB, paused 727us total 34.439ms
08-05 19:38:24.861 15507 15520 I art     : Starting a blocking GC Explicit
08-05 19:38:24.896 15507 15520 I art     : Explicit concurrent mark sweep GC freed 3(96B) AllocSpace objects, 0(0B) LOS objects, 22% free, 53MB/69MB, paused 727us total 34.125ms
08-05 19:38:25.222 15507 15521 I art     : Starting a blocking GC Explicit
08-05 19:38:25.267 15507 15521 I art     : Explicit concurrent mark sweep GC freed 1344(78KB) AllocSpace objects, 1(20KB) LOS objects, 22% free, 53MB/69MB, paused 823us total 44.482ms
08-05 19:38:25.286 15507 15521 I art     : Starting a blocking GC Explicit
08-05 19:38:25.319 15507 15521 I art     : Explicit concurrent mark sweep GC freed 20(704B) AllocSpace objects, 0(0B) LOS objects, 22% free, 53MB/69MB, paused 743us total 32.768ms
08-05 19:38:25.331 15507 15521 I art     : Starting a blocking GC Explicit
08-05 19:38:25.366 15507 15521 I art     : Explicit concurrent mark sweep GC freed 3(96B) AllocSpace objects, 0(0B) LOS objects, 22% free, 53MB/69MB, paused 733us total 33.855ms
08-05 19:38:25.378 15507 15521 I art     : Starting a blocking GC Explicit
08-05 19:38:25.409 15507 15521 I art     : Explicit concurrent mark sweep GC freed 3(96B) AllocSpace objects, 0(0B) LOS objects, 22% free, 53MB/69MB, paused 699us total 30.986ms
08-05 19:38:25.420 15507 15521 I art     : Starting a blocking GC Explicit
08-05 19:38:25.449 15507 15521 I art     : Explicit concurrent mark sweep GC freed 3(96B) AllocSpace objects, 0(0B) LOS objects, 22% free, 53MB/69MB, paused 718us total 29.067ms
08-05 19:38:25.773 15507 16423 I art     : Starting a blocking GC Explicit
08-05 19:38:25.807 15507 16423 I art     : Explicit concurrent mark sweep GC freed 1344(78KB) AllocSpace objects, 1(20KB) LOS objects, 22% free, 53MB/69MB, paused 753us total 33.290ms
08-05 19:38:25.819 15507 16423 I art     : Starting a blocking GC Explicit
08-05 19:38:25.851 15507 16423 I art     : Explicit concurrent mark sweep GC freed 20(704B) AllocSpace objects, 0(0B) LOS objects, 22% free, 53MB/69MB, paused 771us total 32.210ms
08-05 19:38:25.863 15507 16423 I art     : Starting a blocking GC Explicit
08-05 19:38:25.894 15507 16423 I art     : Explicit concurrent mark sweep GC freed 3(96B) AllocSpace objects, 0(0B) LOS objects, 22% free, 53MB/69MB, paused 750us total 30.864ms
08-05 19:38:25.906 15507 16423 I art     : Starting a blocking GC Explicit
08-05 19:38:25.933 19305 19305 D AndroidRuntime: >>>>>> START com.android.internal.os.RuntimeInit uid 2000 <<<<<<
08-05 19:38:25.938 15507 16423 I art     : Explicit concurrent mark sweep GC freed 3(96B) AllocSpace objects, 0(0B) LOS objects, 22% free, 53MB/69MB, paused 777us total 31.722ms
08-05 19:38:25.939 19305 19305 D AndroidRuntime: CheckJNI is OFF
08-05 19:38:25.949 15507 16423 I art     : Starting a blocking GC Explicit
08-05 19:38:25.981 15507 16423 I art     : Explicit concurrent mark sweep GC freed 3(96B) AllocSpace objects, 0(0B) LOS objects, 22% free, 53MB/69MB, paused 762us total 30.960ms
08-05 19:38:25.984 19305 19305 D ICU     : No timezone override file found: /data/misc/zoneinfo/current/icu/icu_tzdata.dat
08-05 19:38:26.030 19305 19305 I Radio-JNI: register_android_hardware_Radio DONE
08-05 19:38:26.060 19305 19305 D AndroidRuntime: Calling main entry com.android.commands.input.Input
08-05 19:38:26.063 19305 19305 I Input   : injectKeyEvent: KeyEvent { action=ACTION_DOWN, keyCode=KEYCODE_BACK, scanCode=0, metaState=0, flags=0x0, repeatCount=0, eventTime=819522476, downTime=819522476, deviceId=-1, source=0x101 }
08-05 19:38:26.071 19305 19305 I Input   : injectKeyEvent: KeyEvent { action=ACTION_UP, keyCode=KEYCODE_BACK, scanCode=0, metaState=0, flags=0x0, repeatCount=0, eventTime=819522476, downTime=819522476, deviceId=-1, source=0x101 }
08-05 19:38:26.080 19305 19305 D AndroidRuntime: Shutting down VM
08-05 19:38:26.126 13866 13866 I GoogleInputMethodServic: GoogleInputMethodService.onFinishInput():3138 
08-05 19:38:26.127 13866 13866 I GoogleInputMethodServic: GoogleInputMethodService.onStartInput():1808 
08-05 19:38:26.236 13866 13882 I PeriodicStatsRunner: PeriodicStatsRunner.call():175 call()
08-05 19:38:26.237 13866 13882 I PeriodicStatsRunner: PeriodicStatsRunner.call():179 No submit PeriodicStats since input started.
08-05 19:38:26.264 15507 16423 I art     : Starting a blocking GC Explicit
08-05 19:38:26.297 15507 16423 I art     : Explicit concurrent mark sweep GC freed 1525(85KB) AllocSpace objects, 1(20KB) LOS objects, 22% free, 53MB/69MB, paused 740us total 32.227ms
08-05 19:38:26.309 15507 16423 I art     : Starting a blocking GC Explicit
08-05 19:38:26.338 15507 16423 I art     : Explicit concurrent mark sweep GC freed 26(944B) AllocSpace objects, 0(0B) LOS objects, 22% free, 53MB/69MB, paused 793us total 28.571ms
08-05 19:38:26.349 15507 16423 I art     : Starting a blocking GC Explicit
08-05 19:38:26.378 15507 16423 I art     : Explicit concurrent mark sweep GC freed 3(96B) AllocSpace objects, 0(0B) LOS objects, 22% free, 53MB/69MB, paused 745us total 28.576ms
08-05 19:38:26.389 15507 16423 I art     : Starting a blocking GC Explicit
08-05 19:38:26.417 15507 16423 I art     : Explicit concurrent mark sweep GC freed 3(96B) AllocSpace objects, 0(0B) LOS objects, 22% free, 53MB/69MB, paused 782us total 28.135ms
08-05 19:38:26.429 15507 16423 I art     : Starting a blocking GC Explicit
08-05 19:38:26.432   380   380 W SurfaceFlinger: couldn't log to binary event log: overflow.
08-05 19:38:26.458 15507 16423 I art     : Explicit concurrent mark sweep GC freed 111(8KB) AllocSpace objects, 0(0B) LOS objects, 22% free, 53MB/69MB, paused 752us total 29.085ms
08-05 19:38:26.762 15507 16783 I art     : Starting a blocking GC Explicit
08-05 19:38:26.807 15507 16783 I art     : Explicit concurrent mark sweep GC freed 2996(186KB) AllocSpace objects, 4(200KB) LOS objects, 22% free, 53MB/69MB, paused 788us total 43.898ms
08-05 19:38:26.824 15507 16783 I art     : Starting a blocking GC Explicit
08-05 19:38:26.856 15507 16783 I art     : Explicit concurrent mark sweep GC freed 20(704B) AllocSpace objects, 0(0B) LOS objects, 22% free, 53MB/69MB, paused 724us total 31.019ms
08-05 19:38:26.867 15507 16783 I art     : Starting a blocking GC Explicit
08-05 19:38:26.898 15507 16783 I art     : Explicit concurrent mark sweep GC freed 3(96B) AllocSpace objects, 0(0B) LOS objects, 22% free, 53MB/69MB, paused 743us total 30.545ms
08-05 19:38:26.910 15507 16783 I art     : Starting a blocking GC Explicit
08-05 19:38:26.941 15507 16783 I art     : Explicit concurrent mark sweep GC freed 3(96B) AllocSpace objects, 0(0B) LOS objects, 22% free, 53MB/69MB, paused 716us total 30.675ms
08-05 19:38:26.953 15507 16783 I art     : Starting a blocking GC Explicit
08-05 19:38:26.984 15507 16783 I art     : Explicit concurrent mark sweep GC freed 3(96B) AllocSpace objects, 0(0B) LOS objects, 22% free, 53MB/69MB, paused 785us total 30.740ms
08-05 19:38:27.295 15507 15548 I art     : Starting a blocking GC Explicit
08-05 19:38:27.333 15507 15548 I art     : Explicit concurrent mark sweep GC freed 1344(78KB) AllocSpace objects, 1(20KB) LOS objects, 22% free, 53MB/69MB, paused 743us total 37.531ms
08-05 19:38:27.344 15507 15548 I art     : Starting a blocking GC Explicit
08-05 19:38:27.374 15507 15548 I art     : Explicit concurrent mark sweep GC freed 20(704B) AllocSpace objects, 0(0B) LOS objects, 22% free, 53MB/69MB, paused 718us total 29.641ms
08-05 19:38:27.385 15507 15548 I art     : Starting a blocking GC Explicit
08-05 19:38:27.414 15507 15548 I art     : Explicit concurrent mark sweep GC freed 3(96B) AllocSpace objects, 0(0B) LOS objects, 22% free, 53MB/69MB, paused 720us total 28.759ms
08-05 19:38:27.426 15507 15548 I art     : Starting a blocking GC Explicit
08-05 19:38:27.454 15507 15548 I art     : Explicit concurrent mark sweep GC freed 3(96B) AllocSpace objects, 0(0B) LOS objects, 22% free, 53MB/69MB, paused 734us total 28.485ms
08-05 19:38:27.466 15507 15548 I art     : Starting a blocking GC Explicit
08-05 19:38:27.495 15507 15548 I art     : Explicit concurrent mark sweep GC freed 3(96B) AllocSpace objects, 0(0B) LOS objects, 22% free, 53MB/69MB, paused 727us total 28.761ms
08-05 19:38:27.790 15507 15521 I art     : Starting a blocking GC Explicit
08-05 19:38:27.828 15507 15521 I art     : Explicit concurrent mark sweep GC freed 1344(78KB) AllocSpace objects, 1(20KB) LOS objects, 22% free, 53MB/69MB, paused 893us total 37.589ms
08-05 19:38:27.843 15507 15521 I art     : Starting a blocking GC Explicit
08-05 19:38:27.875 15507 15521 I art     : Explicit concurrent mark sweep GC freed 20(704B) AllocSpace objects, 0(0B) LOS objects, 22% free, 53MB/69MB, paused 713us total 31.059ms
08-05 19:38:27.887 15507 15521 I art     : Starting a blocking GC Explicit
08-05 19:38:27.888 19358 19358 D AndroidRuntime: >>>>>> START com.android.internal.os.RuntimeInit uid 2000 <<<<<<
08-05 19:38:27.894 19358 19358 D AndroidRuntime: CheckJNI is OFF
08-05 19:38:27.918 15507 15521 I art     : Explicit concurrent mark sweep GC freed 3(96B) AllocSpace objects, 0(0B) LOS objects, 22% free, 53MB/69MB, paused 772us total 31.522ms
08-05 19:38:27.930 15507 15521 I art     : Starting a blocking GC Explicit
08-05 19:38:27.943 19358 19358 D ICU     : No timezone override file found: /data/misc/zoneinfo/current/icu/icu_tzdata.dat
08-05 19:38:27.960 15507 15521 I art     : Explicit concurrent mark sweep GC freed 3(96B) AllocSpace objects, 0(0B) LOS objects, 22% free, 53MB/69MB, paused 737us total 30.175ms
08-05 19:38:27.972 15507 15521 I art     : Starting a blocking GC Explicit
08-05 19:38:27.990 19358 19358 I Radio-JNI: register_android_hardware_Radio DONE
08-05 19:38:28.003 15507 15521 I art     : Explicit concurrent mark sweep GC freed 3(96B) AllocSpace objects, 0(0B) LOS objects, 22% free, 53MB/69MB, paused 785us total 30.366ms
08-05 19:38:28.020 19358 19358 D AndroidRuntime: Calling main entry com.android.commands.input.Input
08-05 19:38:28.023 19358 19358 I Input   : injectMotionEvent: MotionEvent { action=ACTION_DOWN, actionButton=0, id[0]=0, x[0]=369.0, y[0]=554.0, toolType[0]=TOOL_TYPE_UNKNOWN, buttonState=0, metaState=0, flags=0x0, edgeFlags=0x0, pointerCount=1, historySize=0, eventTime=819524435, downTime=819524435, deviceId=0, source=0x1002 }
08-05 19:38:28.030 19358 19358 I Input   : injectMotionEvent: MotionEvent { action=ACTION_UP, actionButton=0, id[0]=0, x[0]=369.0, y[0]=554.0, toolType[0]=TOOL_TYPE_UNKNOWN, buttonState=0, metaState=0, flags=0x0, edgeFlags=0x0, pointerCount=1, historySize=0, eventTime=819524435, downTime=819524435, deviceId=0, source=0x1002 }
08-05 19:38:28.031   918  3714 I ActivityManager: START u0 {cmp=baseline.appteam.nith.hillffair/.activities.ClubActivity (has extras)} from uid 10675 on display 0
08-05 19:38:28.038 19358 19358 D AndroidRuntime: Shutting down VM
08-05 19:38:28.140 15507 15507 I NAPPA_EXPERIMENTATION: MetricNetworkRequestExecutionTime: REQUEST_DURATION_SYSTEM='72',REQUEST_DURATION_OKHTTP='34',REQUEST_SYNCHRONOUS='FALSE',RESPONSE_CODE='200',RESPONSE_METHOD='GET',RESPONSE_LENGTH_OKHTTP='979',RESPONSE_LENGTH_HEADER='-2',REQUEST_PROTOCOL='http/1.1',REQUEST_URL='https://api-hillfair-2k16.herokuapp.com/api/app/club/PR%20Club',
08-05 19:38:28.148   918   936 I ActivityManager: Displayed baseline.appteam.nith.hillffair/.activities.ClubActivity: +109ms
08-05 19:38:28.148 13866 13866 I GoogleInputMethodServic: GoogleInputMethodService.onFinishInput():3138 
08-05 19:38:28.149 13866 13866 I GoogleInputMethodServic: GoogleInputMethodService.onStartInput():1808 
08-05 19:38:28.292 15507 15521 I art     : Starting a blocking GC Explicit
08-05 19:38:28.338 15507 15521 I art     : Explicit concurrent mark sweep GC freed 5754(413KB) AllocSpace objects, 1(20KB) LOS objects, 22% free, 53MB/69MB, paused 995us total 45.813ms
08-05 19:38:28.354 15507 15521 I art     : Starting a blocking GC Explicit
08-05 19:38:28.394 15507 15521 I art     : Explicit concurrent mark sweep GC freed 278(12KB) AllocSpace objects, 0(0B) LOS objects, 22% free, 53MB/69MB, paused 938us total 39.477ms
08-05 19:38:28.394   380   380 W SurfaceFlinger: couldn't log to binary event log: overflow.
08-05 19:38:28.408 15507 15521 I art     : Starting a blocking GC Explicit
08-05 19:38:28.438 15507 15521 I art     : Explicit concurrent mark sweep GC freed 3(96B) AllocSpace objects, 0(0B) LOS objects, 22% free, 53MB/69MB, paused 705us total 29.411ms
08-05 19:38:28.450 15507 15521 I art     : Starting a blocking GC Explicit
08-05 19:38:28.476 15507 15521 I art     : Explicit concurrent mark sweep GC freed 3(96B) AllocSpace objects, 0(0B) LOS objects, 22% free, 53MB/69MB, paused 670us total 26.379ms
08-05 19:38:28.487 15507 15521 I art     : Starting a blocking GC Explicit
08-05 19:38:28.516 15507 15521 I art     : Explicit concurrent mark sweep GC freed 3(96B) AllocSpace objects, 0(0B) LOS objects, 22% free, 53MB/69MB, paused 733us total 28.785ms
08-05 19:38:28.833 15507 16423 I art     : Starting a blocking GC Explicit
08-05 19:38:28.874 15507 16423 I art     : Explicit concurrent mark sweep GC freed 1444(84KB) AllocSpace objects, 1(20KB) LOS objects, 22% free, 53MB/69MB, paused 834us total 40.647ms
08-05 19:38:28.890 15507 16423 I art     : Starting a blocking GC Explicit
08-05 19:38:28.921 15507 16423 I art     : Explicit concurrent mark sweep GC freed 36(1264B) AllocSpace objects, 0(0B) LOS objects, 22% free, 53MB/69MB, paused 753us total 31.132ms
08-05 19:38:28.933 15507 16423 I art     : Starting a blocking GC Explicit
08-05 19:38:28.965 15507 16423 I art     : Explicit concurrent mark sweep GC freed 3(96B) AllocSpace objects, 0(0B) LOS objects, 22% free, 53MB/69MB, paused 739us total 31.639ms
08-05 19:38:28.977 15507 16423 I art     : Starting a blocking GC Explicit
08-05 19:38:29.009 15507 16423 I art     : Explicit concurrent mark sweep GC freed 3(96B) AllocSpace objects, 0(0B) LOS objects, 22% free, 53MB/69MB, paused 720us total 31.573ms
08-05 19:38:29.021 15507 16423 I art     : Starting a blocking GC Explicit
08-05 19:38:29.053 15507 16423 I art     : Explicit concurrent mark sweep GC freed 3(96B) AllocSpace objects, 0(0B) LOS objects, 22% free, 53MB/69MB, paused 753us total 31.495ms
08-05 19:38:29.367 15507 15521 I art     : Starting a blocking GC Explicit
08-05 19:38:29.407 15507 15521 I art     : Explicit concurrent mark sweep GC freed 1344(78KB) AllocSpace objects, 1(20KB) LOS objects, 22% free, 53MB/69MB, paused 795us total 39.149ms
08-05 19:38:29.420 15507 15521 I art     : Starting a blocking GC Explicit
08-05 19:38:29.451 15507 15521 I art     : Explicit concurrent mark sweep GC freed 20(704B) AllocSpace objects, 0(0B) LOS objects, 22% free, 53MB/69MB, paused 761us total 31.028ms
08-05 19:38:29.463 15507 15521 I art     : Starting a blocking GC Explicit
08-05 19:38:29.495 15507 15521 I art     : Explicit concurrent mark sweep GC freed 3(96B) AllocSpace objects, 0(0B) LOS objects, 22% free, 53MB/69MB, paused 810us total 31.502ms
08-05 19:38:29.507 15507 15521 I art     : Starting a blocking GC Explicit
08-05 19:38:29.539 15507 15521 I art     : Explicit concurrent mark sweep GC freed 3(96B) AllocSpace objects, 0(0B) LOS objects, 22% free, 53MB/69MB, paused 758us total 31.379ms
08-05 19:38:29.550 15507 15521 I art     : Starting a blocking GC Explicit
08-05 19:38:29.582 15507 15521 I art     : Explicit concurrent mark sweep GC freed 3(96B) AllocSpace objects, 0(0B) LOS objects, 22% free, 53MB/69MB, paused 742us total 30.780ms
08-05 19:38:29.921 15507 16783 I art     : Starting a blocking GC Explicit
08-05 19:38:29.963 15507 16783 I art     : Explicit concurrent mark sweep GC freed 1344(78KB) AllocSpace objects, 1(20KB) LOS objects, 22% free, 53MB/69MB, paused 731us total 42.443ms
08-05 19:38:29.976 15507 16783 I art     : Starting a blocking GC Explicit
08-05 19:38:29.995 17695 17695 I ServiceManager: Waiting for service AtCmdFwd...
08-05 19:38:30.010 15507 16783 I art     : Explicit concurrent mark sweep GC freed 20(704B) AllocSpace objects, 0(0B) LOS objects, 22% free, 53MB/69MB, paused 748us total 34.425ms
08-05 19:38:30.022 15507 16783 I art     : Starting a blocking GC Explicit
08-05 19:38:30.057 15507 16783 I art     : Explicit concurrent mark sweep GC freed 3(96B) AllocSpace objects, 0(0B) LOS objects, 22% free, 53MB/69MB, paused 911us total 34.777ms
08-05 19:38:30.070 15507 16783 I art     : Starting a blocking GC Explicit
08-05 19:38:30.102 15507 16783 I art     : Explicit concurrent mark sweep GC freed 3(96B) AllocSpace objects, 0(0B) LOS objects, 22% free, 53MB/69MB, paused 783us total 32.040ms
08-05 19:38:30.114 15507 16783 I art     : Starting a blocking GC Explicit
08-05 19:38:30.149 15507 16783 I art     : Explicit concurrent mark sweep GC freed 3(96B) AllocSpace objects, 0(0B) LOS objects, 22% free, 53MB/69MB, paused 742us total 33.950ms
08-05 19:38:30.332   918  3261 D WifiStateMachine: starting scan for "H369AA63323"WPA_PSK with 2412,5180
08-05 19:38:30.502 15507 15548 I art     : Starting a blocking GC Explicit
08-05 19:38:30.545 15507 15548 I art     : Explicit concurrent mark sweep GC freed 1344(78KB) AllocSpace objects, 1(20KB) LOS objects, 22% free, 53MB/69MB, paused 799us total 42.801ms
08-05 19:38:30.559 15507 15548 I art     : Starting a blocking GC Explicit
08-05 19:38:30.593 15507 15548 I art     : Explicit concurrent mark sweep GC freed 20(704B) AllocSpace objects, 0(0B) LOS objects, 22% free, 53MB/69MB, paused 757us total 33.002ms
08-05 19:38:30.605 15507 15548 I art     : Starting a blocking GC Explicit
08-05 19:38:30.640 15507 15548 I art     : Explicit concurrent mark sweep GC freed 3(96B) AllocSpace objects, 0(0B) LOS objects, 22% free, 53MB/69MB, paused 765us total 35.102ms
08-05 19:38:30.652 15507 15548 I art     : Starting a blocking GC Explicit
08-05 19:38:30.687 15507 15548 I art     : Explicit concurrent mark sweep GC freed 3(96B) AllocSpace objects, 0(0B) LOS objects, 22% free, 53MB/69MB, paused 788us total 34.369ms
08-05 19:38:30.699 15507 15548 I art     : Starting a blocking GC Explicit
08-05 19:38:30.732 15507 15548 I art     : Explicit concurrent mark sweep GC freed 3(96B) AllocSpace objects, 0(0B) LOS objects, 22% free, 53MB/69MB, paused 769us total 33.124ms
08-05 19:38:30.996 17695 17695 I ServiceManager: Waiting for service AtCmdFwd...
08-05 19:38:31.072 15507 15520 I art     : Starting a blocking GC Explicit
08-05 19:38:31.112 15507 15520 I art     : Explicit concurrent mark sweep GC freed 1344(78KB) AllocSpace objects, 1(20KB) LOS objects, 22% free, 53MB/69MB, paused 811us total 39.967ms
08-05 19:38:31.127 15507 15520 I art     : Starting a blocking GC Explicit
08-05 19:38:31.127 13866 13882 I PeriodicStatsRunner: PeriodicStatsRunner.call():175 call()
08-05 19:38:31.128 13866 13882 I PeriodicStatsRunner: PeriodicStatsRunner.call():179 No submit PeriodicStats since input started.
08-05 19:38:31.165 15507 15520 I art     : Explicit concurrent mark sweep GC freed 20(704B) AllocSpace objects, 0(0B) LOS objects, 22% free, 53MB/69MB, paused 714us total 38.028ms
08-05 19:38:31.177 15507 15520 I art     : Starting a blocking GC Explicit
08-05 19:38:31.211 15507 15520 I art     : Explicit concurrent mark sweep GC freed 3(96B) AllocSpace objects, 0(0B) LOS objects, 22% free, 53MB/69MB, paused 756us total 33.634ms
08-05 19:38:31.224 15507 15520 I art     : Starting a blocking GC Explicit
08-05 19:38:31.258 15507 15520 I art     : Explicit concurrent mark sweep GC freed 3(96B) AllocSpace objects, 0(0B) LOS objects, 22% free, 53MB/69MB, paused 782us total 34.272ms
08-05 19:38:31.270 15507 15520 I art     : Starting a blocking GC Explicit
08-05 19:38:31.303 15507 15520 I art     : Explicit concurrent mark sweep GC freed 3(96B) AllocSpace objects, 0(0B) LOS objects, 22% free, 53MB/69MB, paused 734us total 32.643ms
08-05 19:38:31.641 15507 16423 I art     : Starting a blocking GC Explicit
08-05 19:38:31.683 15507 16423 I art     : Explicit concurrent mark sweep GC freed 1344(78KB) AllocSpace objects, 1(20KB) LOS objects, 22% free, 53MB/69MB, paused 766us total 41.870ms
08-05 19:38:31.699 15507 16423 I art     : Starting a blocking GC Explicit
08-05 19:38:31.730 15507 16423 I art     : Explicit concurrent mark sweep GC freed 20(704B) AllocSpace objects, 0(0B) LOS objects, 22% free, 53MB/69MB, paused 750us total 30.465ms
08-05 19:38:31.741 15507 16423 I art     : Starting a blocking GC Explicit
08-05 19:38:31.773 15507 16423 I art     : Explicit concurrent mark sweep GC freed 3(96B) AllocSpace objects, 0(0B) LOS objects, 22% free, 53MB/69MB, paused 747us total 31.400ms
08-05 19:38:31.785 15507 16423 I art     : Starting a blocking GC Explicit
08-05 19:38:31.818 15507 16423 I art     : Explicit concurrent mark sweep GC freed 3(96B) AllocSpace objects, 0(0B) LOS objects, 22% free, 53MB/69MB, paused 862us total 32.308ms
08-05 19:38:31.830 15507 16423 I art     : Starting a blocking GC Explicit
08-05 19:38:31.865 15507 16423 I art     : Explicit concurrent mark sweep GC freed 3(96B) AllocSpace objects, 0(0B) LOS objects, 22% free, 53MB/69MB, paused 753us total 34.958ms
08-05 19:38:31.998 17695 17695 I ServiceManager: Waiting for service AtCmdFwd...
08-05 19:38:32.194 15507 15521 I art     : Starting a blocking GC Explicit
08-05 19:38:32.240 15507 15521 I art     : Explicit concurrent mark sweep GC freed 1365(79KB) AllocSpace objects, 1(20KB) LOS objects, 22% free, 53MB/69MB, paused 829us total 45.935ms
08-05 19:38:32.257 15507 15521 I art     : Starting a blocking GC Explicit
08-05 19:38:32.292 15507 15521 I art     : Explicit concurrent mark sweep GC freed 36(1216B) AllocSpace objects, 0(0B) LOS objects, 22% free, 53MB/69MB, paused 682us total 34.515ms
08-05 19:38:32.304 15507 15521 I art     : Starting a blocking GC Explicit
08-05 19:38:32.335 15507 15521 I art     : Explicit concurrent mark sweep GC freed 3(96B) AllocSpace objects, 0(0B) LOS objects, 22% free, 53MB/69MB, paused 691us total 30.634ms
08-05 19:38:32.346 15507 15521 I art     : Starting a blocking GC Explicit
08-05 19:38:32.375 15507 15521 I art     : Explicit concurrent mark sweep GC freed 3(96B) AllocSpace objects, 0(0B) LOS objects, 22% free, 53MB/69MB, paused 690us total 28.772ms
08-05 19:38:32.386 15507 15521 I art     : Starting a blocking GC Explicit
08-05 19:38:32.415 15507 15521 I art     : Explicit concurrent mark sweep GC freed 3(96B) AllocSpace objects, 0(0B) LOS objects, 22% free, 53MB/69MB, paused 725us total 28.745ms
08-05 19:38:32.750 15507 16783 I art     : Starting a blocking GC Explicit
08-05 19:38:32.787 15507 16783 I art     : Explicit concurrent mark sweep GC freed 1344(78KB) AllocSpace objects, 1(20KB) LOS objects, 22% free, 53MB/69MB, paused 786us total 36.474ms
08-05 19:38:32.801 15507 16783 I art     : Starting a blocking GC Explicit
08-05 19:38:32.834 15507 16783 I art     : Explicit concurrent mark sweep GC freed 20(704B) AllocSpace objects, 0(0B) LOS objects, 22% free, 53MB/69MB, paused 756us total 32.026ms
08-05 19:38:32.846 15507 16783 I art     : Starting a blocking GC Explicit
08-05 19:38:32.846 19463 19463 D AndroidRuntime: >>>>>> START com.android.internal.os.RuntimeInit uid 2000 <<<<<<
08-05 19:38:32.852 19463 19463 D AndroidRuntime: CheckJNI is OFF
08-05 19:38:32.878 15507 16783 I art     : Explicit concurrent mark sweep GC freed 3(96B) AllocSpace objects, 0(0B) LOS objects, 22% free, 53MB/69MB, paused 785us total 32.314ms
08-05 19:38:32.890 15507 16783 I art     : Starting a blocking GC Explicit
08-05 19:38:32.900 19463 19463 D ICU     : No timezone override file found: /data/misc/zoneinfo/current/icu/icu_tzdata.dat
08-05 19:38:32.920 15507 16783 I art     : Explicit concurrent mark sweep GC freed 3(96B) AllocSpace objects, 0(0B) LOS objects, 22% free, 53MB/69MB, paused 708us total 30.039ms
08-05 19:38:32.931 15507 16783 I art     : Starting a blocking GC Explicit
08-05 19:38:32.947 19463 19463 I Radio-JNI: register_android_hardware_Radio DONE
08-05 19:38:32.962 15507 16783 I art     : Explicit concurrent mark sweep GC freed 3(96B) AllocSpace objects, 0(0B) LOS objects, 22% free, 53MB/69MB, paused 751us total 30.725ms
08-05 19:38:32.978 19463 19463 D AndroidRuntime: Calling main entry com.android.commands.input.Input
08-05 19:38:32.980 19463 19463 I Input   : injectKeyEvent: KeyEvent { action=ACTION_DOWN, keyCode=KEYCODE_BACK, scanCode=0, metaState=0, flags=0x0, repeatCount=0, eventTime=819529394, downTime=819529394, deviceId=-1, source=0x101 }
08-05 19:38:32.987 19463 19463 I Input   : injectKeyEvent: KeyEvent { action=ACTION_UP, keyCode=KEYCODE_BACK, scanCode=0, metaState=0, flags=0x0, repeatCount=0, eventTime=819529394, downTime=819529394, deviceId=-1, source=0x101 }
08-05 19:38:32.993 19463 19463 D AndroidRuntime: Shutting down VM
08-05 19:38:32.999 17695 17695 I ServiceManager: Waiting for service AtCmdFwd...
08-05 19:38:33.030 13866 13866 I GoogleInputMethodServic: GoogleInputMethodService.onFinishInput():3138 
08-05 19:38:33.031 13866 13866 I GoogleInputMethodServic: GoogleInputMethodService.onStartInput():1808 
08-05 19:38:33.149 13866 13882 I PeriodicStatsRunner: PeriodicStatsRunner.call():175 call()
08-05 19:38:33.150 13866 13882 I PeriodicStatsRunner: PeriodicStatsRunner.call():179 No submit PeriodicStats since input started.
08-05 19:38:33.257 15507 16783 I art     : Starting a blocking GC Explicit
08-05 19:38:33.293 15507 16783 I art     : Explicit concurrent mark sweep GC freed 1526(86KB) AllocSpace objects, 1(20KB) LOS objects, 22% free, 53MB/69MB, paused 789us total 35.629ms
08-05 19:38:33.308 15507 16783 I art     : Starting a blocking GC Explicit
08-05 19:38:33.339   380   380 W SurfaceFlinger: couldn't log to binary event log: overflow.
08-05 19:38:33.339 15507 16783 I art     : Explicit concurrent mark sweep GC freed 26(944B) AllocSpace objects, 0(0B) LOS objects, 22% free, 53MB/69MB, paused 779us total 31.236ms
08-05 19:38:33.352 15507 16783 I art     : Starting a blocking GC Explicit
08-05 19:38:33.381 15507 16783 I art     : Explicit concurrent mark sweep GC freed 112(8KB) AllocSpace objects, 0(0B) LOS objects, 22% free, 53MB/69MB, paused 725us total 28.546ms
08-05 19:38:33.392 15507 16783 I art     : Starting a blocking GC Explicit
08-05 19:38:33.422 15507 16783 I art     : Explicit concurrent mark sweep GC freed 1654(107KB) AllocSpace objects, 3(184KB) LOS objects, 22% free, 53MB/69MB, paused 710us total 29.722ms
08-05 19:38:33.433 15507 16783 I art     : Starting a blocking GC Explicit
08-05 19:38:33.463 15507 16783 I art     : Explicit concurrent mark sweep GC freed 3(96B) AllocSpace objects, 0(0B) LOS objects, 22% free, 53MB/69MB, paused 705us total 30.217ms
08-05 19:38:33.756 15507 15548 I art     : Starting a blocking GC Explicit
08-05 19:38:33.800 15507 15548 I art     : Explicit concurrent mark sweep GC freed 1344(78KB) AllocSpace objects, 1(20KB) LOS objects, 22% free, 53MB/69MB, paused 889us total 43.041ms
08-05 19:38:33.819 15507 15548 I art     : Starting a blocking GC Explicit
08-05 19:38:33.849 15507 15548 I art     : Explicit concurrent mark sweep GC freed 20(704B) AllocSpace objects, 0(0B) LOS objects, 22% free, 53MB/69MB, paused 740us total 30.002ms
08-05 19:38:33.861 15507 15548 I art     : Starting a blocking GC Explicit
08-05 19:38:33.892 15507 15548 I art     : Explicit concurrent mark sweep GC freed 3(96B) AllocSpace objects, 0(0B) LOS objects, 22% free, 53MB/69MB, paused 723us total 30.518ms
08-05 19:38:33.903 15507 15548 I art     : Starting a blocking GC Explicit
08-05 19:38:33.933 15507 15548 I art     : Explicit concurrent mark sweep GC freed 3(96B) AllocSpace objects, 0(0B) LOS objects, 22% free, 53MB/69MB, paused 725us total 29.707ms
08-05 19:38:33.945 15507 15548 I art     : Starting a blocking GC Explicit
08-05 19:38:33.976 15507 15548 I art     : Explicit concurrent mark sweep GC freed 3(96B) AllocSpace objects, 0(0B) LOS objects, 22% free, 53MB/69MB, paused 714us total 31.083ms
08-05 19:38:33.999 17695 17695 I ServiceManager: Waiting for service AtCmdFwd...
08-05 19:38:34.282 15507 15521 I art     : Starting a blocking GC Explicit
08-05 19:38:34.313 15507 15521 I art     : Explicit concurrent mark sweep GC freed 1344(78KB) AllocSpace objects, 1(20KB) LOS objects, 22% free, 53MB/69MB, paused 751us total 30.954ms
08-05 19:38:34.325 15507 15521 I art     : Starting a blocking GC Explicit
08-05 19:38:34.354 15507 15521 I art     : Explicit concurrent mark sweep GC freed 20(704B) AllocSpace objects, 0(0B) LOS objects, 22% free, 53MB/69MB, paused 754us total 29.078ms
08-05 19:38:34.365 15507 15521 I art     : Starting a blocking GC Explicit
08-05 19:38:34.394 15507 15521 I art     : Explicit concurrent mark sweep GC freed 3(96B) AllocSpace objects, 0(0B) LOS objects, 22% free, 53MB/69MB, paused 719us total 28.578ms
08-05 19:38:34.405 15507 15521 I art     : Starting a blocking GC Explicit
08-05 19:38:34.435 15507 15521 I art     : Explicit concurrent mark sweep GC freed 3(96B) AllocSpace objects, 0(0B) LOS objects, 22% free, 53MB/69MB, paused 720us total 29.245ms
08-05 19:38:34.446 15507 15521 I art     : Starting a blocking GC Explicit
08-05 19:38:34.476 15507 15521 I art     : Explicit concurrent mark sweep GC freed 3(96B) AllocSpace objects, 0(0B) LOS objects, 22% free, 53MB/69MB, paused 753us total 29.086ms
08-05 19:38:34.750 19516 19516 D AndroidRuntime: >>>>>> START com.android.internal.os.RuntimeInit uid 2000 <<<<<<
08-05 19:38:34.756 19516 19516 D AndroidRuntime: CheckJNI is OFF
08-05 19:38:34.800 19516 19516 D ICU     : No timezone override file found: /data/misc/zoneinfo/current/icu/icu_tzdata.dat
08-05 19:38:34.802 15507 15520 I art     : Starting a blocking GC Explicit
08-05 19:38:34.833 15507 15520 I art     : Explicit concurrent mark sweep GC freed 1344(78KB) AllocSpace objects, 1(20KB) LOS objects, 22% free, 53MB/69MB, paused 754us total 30.460ms
08-05 19:38:34.844 19516 19516 I Radio-JNI: register_android_hardware_Radio DONE
08-05 19:38:34.845 15507 15520 I art     : Starting a blocking GC Explicit
08-05 19:38:34.875 19516 19516 D AndroidRuntime: Calling main entry com.android.commands.input.Input
08-05 19:38:34.876 15507 15520 I art     : Explicit concurrent mark sweep GC freed 20(704B) AllocSpace objects, 0(0B) LOS objects, 22% free, 53MB/69MB, paused 751us total 30.933ms
08-05 19:38:34.877 19516 19516 I Input   : injectKeyEvent: KeyEvent { action=ACTION_DOWN, keyCode=KEYCODE_BACK, scanCode=0, metaState=0, flags=0x0, repeatCount=0, eventTime=819531290, downTime=819531290, deviceId=-1, source=0x101 }
08-05 19:38:34.883 19516 19516 I Input   : injectKeyEvent: KeyEvent { action=ACTION_UP, keyCode=KEYCODE_BACK, scanCode=0, metaState=0, flags=0x0, repeatCount=0, eventTime=819531290, downTime=819531290, deviceId=-1, source=0x101 }
08-05 19:38:34.887 15507 15520 I art     : Starting a blocking GC Explicit
08-05 19:38:34.889 19516 19516 D AndroidRuntime: Shutting down VM
08-05 19:38:34.916 15507 15520 I art     : Explicit concurrent mark sweep GC freed 147(6KB) AllocSpace objects, 0(0B) LOS objects, 22% free, 53MB/69MB, paused 687us total 28.723ms
08-05 19:38:34.927 15507 15520 I art     : Starting a blocking GC Explicit
08-05 19:38:34.932 13866 13866 I GoogleInputMethodServic: GoogleInputMethodService.onFinishInput():3138 
08-05 19:38:34.933 13866 13866 I GoogleInputMethodServic: GoogleInputMethodService.onStartInput():1808 
08-05 19:38:34.957 15507 15520 I art     : Explicit concurrent mark sweep GC freed 64(2272B) AllocSpace objects, 0(0B) LOS objects, 22% free, 53MB/69MB, paused 798us total 29.530ms
08-05 19:38:34.969 15507 15520 I art     : Starting a blocking GC Explicit
08-05 19:38:34.995 15507 15520 I art     : Explicit concurrent mark sweep GC freed 11(416B) AllocSpace objects, 0(0B) LOS objects, 22% free, 53MB/69MB, paused 633us total 26.463ms
08-05 19:38:34.996 15507 15518 I art     : WaitForGcToComplete blocked for 26.757ms for cause HeapTrim
08-05 19:38:34.999 17695 17695 W Atfwd_Sendcmd: AtCmdFwd service not published, waiting... retryCnt : 5
08-05 19:38:35.280 15507 16423 I art     : Starting a blocking GC Explicit
08-05 19:38:35.311 15507 16423 I art     : Explicit concurrent mark sweep GC freed 2977(154KB) AllocSpace objects, 1(20KB) LOS objects, 22% free, 53MB/69MB, paused 767us total 30.533ms
08-05 19:38:35.322 15507 16423 I art     : Starting a blocking GC Explicit
08-05 19:38:35.351 15507 16423 I art     : Explicit concurrent mark sweep GC freed 2858(180KB) AllocSpace objects, 2(140KB) LOS objects, 23% free, 53MB/69MB, paused 719us total 28.197ms
08-05 19:38:35.362 15507 16423 I art     : Starting a blocking GC Explicit
08-05 19:38:35.390 15507 16423 I art     : Explicit concurrent mark sweep GC freed 3(96B) AllocSpace objects, 0(0B) LOS objects, 23% free, 53MB/69MB, paused 728us total 27.729ms
08-05 19:38:35.401 15507 16423 I art     : Starting a blocking GC Explicit
08-05 19:38:35.430 15507 16423 I art     : Explicit concurrent mark sweep GC freed 3(96B) AllocSpace objects, 0(0B) LOS objects, 23% free, 53MB/69MB, paused 721us total 27.908ms
08-05 19:38:35.441 15507 16423 I art     : Starting a blocking GC Explicit
08-05 19:38:35.469 15507 16423 I art     : Explicit concurrent mark sweep GC freed 3(96B) AllocSpace objects, 0(0B) LOS objects, 23% free, 53MB/69MB, paused 729us total 28.302ms
08-05 19:38:35.782 15507 15548 I art     : Starting a blocking GC Explicit
08-05 19:38:35.822 15507 15548 I art     : Explicit concurrent mark sweep GC freed 1344(78KB) AllocSpace objects, 1(20KB) LOS objects, 23% free, 53MB/69MB, paused 837us total 39.782ms
08-05 19:38:35.840 15507 15548 I art     : Starting a blocking GC Explicit
08-05 19:38:35.870 15507 15548 I art     : Explicit concurrent mark sweep GC freed 20(704B) AllocSpace objects, 0(0B) LOS objects, 23% free, 53MB/69MB, paused 701us total 29.495ms
08-05 19:38:35.881 15507 15548 I art     : Starting a blocking GC Explicit
08-05 19:38:35.909 15507 15548 I art     : Explicit concurrent mark sweep GC freed 3(96B) AllocSpace objects, 0(0B) LOS objects, 23% free, 53MB/69MB, paused 714us total 28.240ms
08-05 19:38:35.921 15507 15548 I art     : Starting a blocking GC Explicit
08-05 19:38:35.950 15507 15548 I art     : Explicit concurrent mark sweep GC freed 3(96B) AllocSpace objects, 0(0B) LOS objects, 23% free, 53MB/69MB, paused 734us total 28.675ms
08-05 19:38:35.961 15507 15548 I art     : Starting a blocking GC Explicit
08-05 19:38:35.989 15507 15548 I art     : Explicit concurrent mark sweep GC freed 3(96B) AllocSpace objects, 0(0B) LOS objects, 23% free, 53MB/69MB, paused 734us total 27.718ms
08-05 19:38:36.274 15507 15521 I art     : Starting a blocking GC Explicit
08-05 19:38:36.306 15507 15521 I art     : Explicit concurrent mark sweep GC freed 1341(78KB) AllocSpace objects, 1(20KB) LOS objects, 23% free, 53MB/69MB, paused 722us total 31.559ms
08-05 19:38:36.317 15507 15521 I art     : Starting a blocking GC Explicit
08-05 19:38:36.344 15507 15521 I art     : Explicit concurrent mark sweep GC freed 20(704B) AllocSpace objects, 0(0B) LOS objects, 23% free, 53MB/69MB, paused 714us total 26.946ms
08-05 19:38:36.355 15507 15521 I art     : Starting a blocking GC Explicit
08-05 19:38:36.383 15507 15521 I art     : Explicit concurrent mark sweep GC freed 3(96B) AllocSpace objects, 0(0B) LOS objects, 23% free, 53MB/69MB, paused 736us total 26.951ms
08-05 19:38:36.394 15507 15521 I art     : Starting a blocking GC Explicit
08-05 19:38:36.422 15507 15521 I art     : Explicit concurrent mark sweep GC freed 3(96B) AllocSpace objects, 0(0B) LOS objects, 23% free, 53MB/69MB, paused 741us total 27.636ms
08-05 19:38:36.433 15507 15521 I art     : Starting a blocking GC Explicit
08-05 19:38:36.461 15507 15521 I art     : Explicit concurrent mark sweep GC freed 3(96B) AllocSpace objects, 0(0B) LOS objects, 23% free, 53MB/69MB, paused 733us total 27.685ms
08-05 19:38:36.684 19559 19559 D AndroidRuntime: >>>>>> START com.android.internal.os.RuntimeInit uid 2000 <<<<<<
08-05 19:38:36.690 19559 19559 D AndroidRuntime: CheckJNI is OFF
08-05 19:38:36.731 19559 19559 D ICU     : No timezone override file found: /data/misc/zoneinfo/current/icu/icu_tzdata.dat
08-05 19:38:36.773 19559 19559 I Radio-JNI: register_android_hardware_Radio DONE
08-05 19:38:36.790 15507 15520 I art     : Starting a blocking GC Explicit
08-05 19:38:36.803 19559 19559 D AndroidRuntime: Calling main entry com.android.commands.input.Input
08-05 19:38:36.805 19559 19559 I Input   : injectMotionEvent: MotionEvent { action=ACTION_DOWN, actionButton=0, id[0]=0, x[0]=1084.0, y[0]=2213.0, toolType[0]=TOOL_TYPE_UNKNOWN, buttonState=0, metaState=0, flags=0x0, edgeFlags=0x0, pointerCount=1, historySize=0, eventTime=819533217, downTime=819533217, deviceId=0, source=0x1002 }
08-05 19:38:36.810 19559 19559 I Input   : injectMotionEvent: MotionEvent { action=ACTION_UP, actionButton=0, id[0]=0, x[0]=1084.0, y[0]=2213.0, toolType[0]=TOOL_TYPE_UNKNOWN, buttonState=0, metaState=0, flags=0x0, edgeFlags=0x0, pointerCount=1, historySize=0, eventTime=819533217, downTime=819533217, deviceId=0, source=0x1002 }
08-05 19:38:36.812   918  3359 I ActivityManager: START u0 {cmp=baseline.appteam.nith.hillffair/.activities.EventActivity} from uid 10675 on display 0
08-05 19:38:36.819 15507 15520 I art     : Explicit concurrent mark sweep GC freed 1344(78KB) AllocSpace objects, 1(20KB) LOS objects, 23% free, 53MB/69MB, paused 942us total 28.652ms
08-05 19:38:36.819 19559 19559 D AndroidRuntime: Shutting down VM
08-05 19:38:36.830 15507 15520 I art     : Starting a blocking GC Explicit
08-05 19:38:36.858 15507 15520 I art     : Explicit concurrent mark sweep GC freed 4699(274KB) AllocSpace objects, 0(0B) LOS objects, 23% free, 53MB/69MB, paused 1.094ms total 27.653ms
08-05 19:38:36.869 15507 15520 I art     : Starting a blocking GC Explicit
08-05 19:38:36.895 15507 15520 I art     : Explicit concurrent mark sweep GC freed 658(88KB) AllocSpace objects, 0(0B) LOS objects, 23% free, 53MB/69MB, paused 677us total 25.662ms
08-05 19:38:36.902 15507 15507 I NAPPA_EXPERIMENTATION: MetricNetworkRequestExecutionTime: REQUEST_DURATION_SYSTEM='52',REQUEST_DURATION_OKHTTP='40',REQUEST_SYNCHRONOUS='FALSE',RESPONSE_CODE='200',RESPONSE_METHOD='GET',RESPONSE_LENGTH_OKHTTP='1870',RESPONSE_LENGTH_HEADER='-2',REQUEST_PROTOCOL='http/1.1',REQUEST_URL='https://api-hillfair-2k16.herokuapp.com/api/app/club',
08-05 19:38:36.903 13866 13866 I GoogleInputMethodServic: GoogleInputMethodService.onFinishInput():3138 
08-05 19:38:36.904 13866 13866 I GoogleInputMethodServic: GoogleInputMethodService.onStartInput():1808 
08-05 19:38:36.906 15507 15520 I art     : Starting a blocking GC Explicit
08-05 19:38:36.933 15507 15520 I art     : Explicit concurrent mark sweep GC freed 877(56KB) AllocSpace objects, 0(0B) LOS objects, 23% free, 53MB/69MB, paused 1.045ms total 27.112ms
08-05 19:38:36.945 15507 15520 I art     : Starting a blocking GC Explicit
08-05 19:38:36.954   918   936 I ActivityManager: Displayed baseline.appteam.nith.hillffair/.activities.EventActivity: +135ms
08-05 19:38:36.975 15507 15520 I art     : Explicit concurrent mark sweep GC freed 284(9KB) AllocSpace objects, 0(0B) LOS objects, 23% free, 53MB/69MB, paused 733us total 29.504ms
08-05 19:38:37.225   380   380 W SurfaceFlinger: couldn't log to binary event log: overflow.
08-05 19:38:37.287 15507 16783 I art     : Starting a blocking GC Explicit
08-05 19:38:37.314 15507 16783 I art     : Explicit concurrent mark sweep GC freed 1350(78KB) AllocSpace objects, 1(20KB) LOS objects, 23% free, 53MB/69MB, paused 832us total 26.673ms
08-05 19:38:37.325 15507 16783 I art     : Starting a blocking GC Explicit
08-05 19:38:37.353 15507 16783 I art     : Explicit concurrent mark sweep GC freed 89(5KB) AllocSpace objects, 0(0B) LOS objects, 23% free, 53MB/69MB, paused 699us total 27.527ms
08-05 19:38:37.364 15507 16783 I art     : Starting a blocking GC Explicit
08-05 19:38:37.392 15507 16783 I art     : Explicit concurrent mark sweep GC freed 3(96B) AllocSpace objects, 0(0B) LOS objects, 23% free, 53MB/69MB, paused 723us total 27.864ms
08-05 19:38:37.404 15507 16783 I art     : Starting a blocking GC Explicit
08-05 19:38:37.433 15507 16783 I art     : Explicit concurrent mark sweep GC freed 3(96B) AllocSpace objects, 0(0B) LOS objects, 23% free, 53MB/69MB, paused 794us total 29.140ms
08-05 19:38:37.444 15507 16783 I art     : Starting a blocking GC Explicit
08-05 19:38:37.473 15507 16783 I art     : Explicit concurrent mark sweep GC freed 3(96B) AllocSpace objects, 0(0B) LOS objects, 23% free, 53MB/69MB, paused 700us total 28.895ms
08-05 19:38:37.789 15507 15548 I art     : Starting a blocking GC Explicit
08-05 19:38:37.826 15507 15548 I art     : Explicit concurrent mark sweep GC freed 1344(78KB) AllocSpace objects, 1(20KB) LOS objects, 23% free, 53MB/69MB, paused 725us total 36.858ms
08-05 19:38:37.841 15507 15548 I art     : Starting a blocking GC Explicit
08-05 19:38:37.872 15507 15548 I art     : Explicit concurrent mark sweep GC freed 20(704B) AllocSpace objects, 0(0B) LOS objects, 23% free, 53MB/69MB, paused 732us total 30.151ms
08-05 19:38:37.884 15507 15548 I art     : Starting a blocking GC Explicit
08-05 19:38:37.914 15507 15548 I art     : Explicit concurrent mark sweep GC freed 3(96B) AllocSpace objects, 0(0B) LOS objects, 23% free, 53MB/69MB, paused 742us total 30.088ms
08-05 19:38:37.925 15507 15548 I art     : Starting a blocking GC Explicit
08-05 19:38:37.956 15507 15548 I art     : Explicit concurrent mark sweep GC freed 3(96B) AllocSpace objects, 0(0B) LOS objects, 23% free, 53MB/69MB, paused 738us total 30.469ms
08-05 19:38:37.968 15507 15548 I art     : Starting a blocking GC Explicit
08-05 19:38:37.998 15507 15548 I art     : Explicit concurrent mark sweep GC freed 3(96B) AllocSpace objects, 0(0B) LOS objects, 23% free, 53MB/69MB, paused 748us total 30.317ms
08-05 19:38:38.031 13866 13882 I PeriodicStatsRunner: PeriodicStatsRunner.call():175 call()
08-05 19:38:38.031 13866 13882 I PeriodicStatsRunner: PeriodicStatsRunner.call():179 No submit PeriodicStats since input started.
08-05 19:38:38.297 15507 16423 I art     : Starting a blocking GC Explicit
08-05 19:38:38.339 15507 16423 I art     : Explicit concurrent mark sweep GC freed 1344(78KB) AllocSpace objects, 1(20KB) LOS objects, 23% free, 53MB/69MB, paused 983us total 41.542ms
08-05 19:38:38.354 15507 16423 I art     : Starting a blocking GC Explicit
08-05 19:38:38.382 15507 16423 I art     : Explicit concurrent mark sweep GC freed 20(704B) AllocSpace objects, 0(0B) LOS objects, 23% free, 53MB/69MB, paused 742us total 28.352ms
08-05 19:38:38.394 15507 16423 I art     : Starting a blocking GC Explicit
08-05 19:38:38.424 15507 16423 I art     : Explicit concurrent mark sweep GC freed 3(96B) AllocSpace objects, 0(0B) LOS objects, 23% free, 53MB/69MB, paused 749us total 29.829ms
08-05 19:38:38.435 15507 16423 I art     : Starting a blocking GC Explicit
08-05 19:38:38.467 15507 16423 I art     : Explicit concurrent mark sweep GC freed 3(96B) AllocSpace objects, 0(0B) LOS objects, 23% free, 53MB/69MB, paused 773us total 30.995ms
08-05 19:38:38.479 15507 16423 I art     : Starting a blocking GC Explicit
08-05 19:38:38.511 15507 16423 I art     : Explicit concurrent mark sweep GC freed 3(96B) AllocSpace objects, 0(0B) LOS objects, 23% free, 53MB/69MB, paused 775us total 31.770ms
08-05 19:38:38.850 15507 15521 I art     : Starting a blocking GC Explicit
08-05 19:38:38.888 15507 15521 I art     : Explicit concurrent mark sweep GC freed 1344(78KB) AllocSpace objects, 1(20KB) LOS objects, 23% free, 53MB/69MB, paused 817us total 37.357ms
08-05 19:38:38.901 15507 15521 I art     : Starting a blocking GC Explicit
08-05 19:38:38.934 15507 15521 I art     : Explicit concurrent mark sweep GC freed 20(704B) AllocSpace objects, 0(0B) LOS objects, 23% free, 53MB/69MB, paused 761us total 33.022ms
08-05 19:38:38.946 15507 15521 I art     : Starting a blocking GC Explicit
08-05 19:38:38.978 15507 15521 I art     : Explicit concurrent mark sweep GC freed 3(96B) AllocSpace objects, 0(0B) LOS objects, 23% free, 53MB/69MB, paused 761us total 32.191ms
08-05 19:38:38.990 15507 15521 I art     : Starting a blocking GC Explicit
08-05 19:38:39.023 15507 15521 I art     : Explicit concurrent mark sweep GC freed 3(96B) AllocSpace objects, 0(0B) LOS objects, 23% free, 53MB/69MB, paused 771us total 32.726ms
08-05 19:38:39.035 15507 15521 I art     : Starting a blocking GC Explicit
08-05 19:38:39.069 15507 15521 I art     : Explicit concurrent mark sweep GC freed 3(96B) AllocSpace objects, 0(0B) LOS objects, 23% free, 53MB/69MB, paused 773us total 33.097ms
08-05 19:38:39.414 15507 15520 I art     : Starting a blocking GC Explicit
08-05 19:38:39.453 15507 15520 I art     : Explicit concurrent mark sweep GC freed 1344(78KB) AllocSpace objects, 1(20KB) LOS objects, 23% free, 53MB/69MB, paused 831us total 39.188ms
08-05 19:38:39.469 15507 15520 I art     : Starting a blocking GC Explicit
08-05 19:38:39.502 15507 15520 I art     : Explicit concurrent mark sweep GC freed 20(704B) AllocSpace objects, 0(0B) LOS objects, 23% free, 53MB/69MB, paused 757us total 32.250ms
08-05 19:38:39.514 15507 15520 I art     : Starting a blocking GC Explicit
08-05 19:38:39.547 15507 15520 I art     : Explicit concurrent mark sweep GC freed 3(96B) AllocSpace objects, 0(0B) LOS objects, 23% free, 53MB/69MB, paused 768us total 32.720ms
08-05 19:38:39.559 15507 15520 I art     : Starting a blocking GC Explicit
08-05 19:38:39.591 15507 15520 I art     : Explicit concurrent mark sweep GC freed 3(96B) AllocSpace objects, 0(0B) LOS objects, 23% free, 53MB/69MB, paused 712us total 31.600ms
08-05 19:38:39.603 15507 15520 I art     : Starting a blocking GC Explicit
08-05 19:38:39.636 15507 15520 I art     : Explicit concurrent mark sweep GC freed 3(96B) AllocSpace objects, 0(0B) LOS objects, 23% free, 53MB/69MB, paused 770us total 33.090ms
08-05 19:38:39.933 13866 13882 I PeriodicStatsRunner: PeriodicStatsRunner.call():175 call()
08-05 19:38:39.934 13866 13882 I PeriodicStatsRunner: PeriodicStatsRunner.call():179 No submit PeriodicStats since input started.
08-05 19:38:39.969 15507 16783 I art     : Starting a blocking GC Explicit
08-05 19:38:40.006 15507 16783 I art     : Explicit concurrent mark sweep GC freed 1344(78KB) AllocSpace objects, 1(20KB) LOS objects, 23% free, 53MB/69MB, paused 779us total 35.779ms
08-05 19:38:40.020 15507 16783 I art     : Starting a blocking GC Explicit
08-05 19:38:40.055 15507 16783 I art     : Explicit concurrent mark sweep GC freed 20(704B) AllocSpace objects, 0(0B) LOS objects, 23% free, 53MB/69MB, paused 732us total 34.303ms
08-05 19:38:40.066 15507 16783 I art     : Starting a blocking GC Explicit
08-05 19:38:40.098 15507 16783 I art     : Explicit concurrent mark sweep GC freed 3(96B) AllocSpace objects, 0(0B) LOS objects, 23% free, 53MB/69MB, paused 791us total 31.218ms
08-05 19:38:40.110 15507 16783 I art     : Starting a blocking GC Explicit
08-05 19:38:40.143 15507 16783 I art     : Explicit concurrent mark sweep GC freed 3(96B) AllocSpace objects, 0(0B) LOS objects, 23% free, 53MB/69MB, paused 736us total 32.810ms
08-05 19:38:40.155 15507 16783 I art     : Starting a blocking GC Explicit
08-05 19:38:40.188 15507 16783 I art     : Explicit concurrent mark sweep GC freed 3(96B) AllocSpace objects, 0(0B) LOS objects, 23% free, 53MB/69MB, paused 797us total 32.794ms
08-05 19:38:40.532 15507 15548 I art     : Starting a blocking GC Explicit
08-05 19:38:40.571 15507 15548 I art     : Explicit concurrent mark sweep GC freed 1344(78KB) AllocSpace objects, 1(20KB) LOS objects, 23% free, 53MB/69MB, paused 757us total 39.054ms
08-05 19:38:40.586 15507 15548 I art     : Starting a blocking GC Explicit
08-05 19:38:40.619 15507 15548 I art     : Explicit concurrent mark sweep GC freed 20(704B) AllocSpace objects, 0(0B) LOS objects, 23% free, 53MB/69MB, paused 767us total 32.292ms
08-05 19:38:40.630 15507 15548 I art     : Starting a blocking GC Explicit
08-05 19:38:40.663 15507 15548 I art     : Explicit concurrent mark sweep GC freed 3(96B) AllocSpace objects, 0(0B) LOS objects, 23% free, 53MB/69MB, paused 767us total 32.720ms
08-05 19:38:40.675 15507 15548 I art     : Starting a blocking GC Explicit
08-05 19:38:40.707 15507 15548 I art     : Explicit concurrent mark sweep GC freed 3(96B) AllocSpace objects, 0(0B) LOS objects, 23% free, 53MB/69MB, paused 843us total 31.444ms
08-05 19:38:40.719 15507 15548 I art     : Starting a blocking GC Explicit
08-05 19:38:40.752 15507 15548 I art     : Explicit concurrent mark sweep GC freed 3(96B) AllocSpace objects, 0(0B) LOS objects, 23% free, 53MB/69MB, paused 828us total 32.421ms
08-05 19:38:41.086 15507 16423 I art     : Starting a blocking GC Explicit
08-05 19:38:41.119 15507 16423 I art     : Explicit concurrent mark sweep GC freed 1344(78KB) AllocSpace objects, 1(20KB) LOS objects, 23% free, 53MB/69MB, paused 790us total 32.673ms
08-05 19:38:41.130 15507 16423 I art     : Starting a blocking GC Explicit
08-05 19:38:41.159 15507 16423 I art     : Explicit concurrent mark sweep GC freed 20(704B) AllocSpace objects, 0(0B) LOS objects, 23% free, 53MB/69MB, paused 750us total 28.912ms
08-05 19:38:41.171 15507 16423 I art     : Starting a blocking GC Explicit
08-05 19:38:41.200 15507 16423 I art     : Explicit concurrent mark sweep GC freed 3(96B) AllocSpace objects, 0(0B) LOS objects, 23% free, 53MB/69MB, paused 730us total 29.364ms
08-05 19:38:41.212 15507 16423 I art     : Starting a blocking GC Explicit
08-05 19:38:41.241 15507 16423 I art     : Explicit concurrent mark sweep GC freed 3(96B) AllocSpace objects, 0(0B) LOS objects, 23% free, 53MB/69MB, paused 787us total 29.543ms
08-05 19:38:41.253 15507 16423 I art     : Starting a blocking GC Explicit
08-05 19:38:41.284 15507 16423 I art     : Explicit concurrent mark sweep GC freed 3(96B) AllocSpace objects, 0(0B) LOS objects, 23% free, 53MB/69MB, paused 745us total 30.315ms
08-05 19:38:41.595 19673 19673 D AndroidRuntime: >>>>>> START com.android.internal.os.RuntimeInit uid 2000 <<<<<<
08-05 19:38:41.602 19673 19673 D AndroidRuntime: CheckJNI is OFF
08-05 19:38:41.624 15507 15521 I art     : Starting a blocking GC Explicit
08-05 19:38:41.651 19673 19673 D ICU     : No timezone override file found: /data/misc/zoneinfo/current/icu/icu_tzdata.dat
08-05 19:38:41.656 15507 15521 I art     : Explicit concurrent mark sweep GC freed 1344(78KB) AllocSpace objects, 1(20KB) LOS objects, 23% free, 53MB/69MB, paused 742us total 31.742ms
08-05 19:38:41.668 15507 15521 I art     : Starting a blocking GC Explicit
08-05 19:38:41.696 19673 19673 I Radio-JNI: register_android_hardware_Radio DONE
08-05 19:38:41.697 15507 15521 I art     : Explicit concurrent mark sweep GC freed 20(704B) AllocSpace objects, 0(0B) LOS objects, 23% free, 53MB/69MB, paused 863us total 29.097ms
08-05 19:38:41.708 15507 15521 I art     : Starting a blocking GC Explicit
08-05 19:38:41.727 19673 19673 D AndroidRuntime: Calling main entry com.android.commands.input.Input
08-05 19:38:41.729 19673 19673 I Input   : injectMotionEvent: MotionEvent { action=ACTION_DOWN, actionButton=0, id[0]=0, x[0]=255.0, y[0]=1845.0, toolType[0]=TOOL_TYPE_UNKNOWN, buttonState=0, metaState=0, flags=0x0, edgeFlags=0x0, pointerCount=1, historySize=0, eventTime=819538142, downTime=819538142, deviceId=0, source=0x1002 }
08-05 19:38:41.736 19673 19673 I Input   : injectMotionEvent: MotionEvent { action=ACTION_UP, actionButton=0, id[0]=0, x[0]=255.0, y[0]=1845.0, toolType[0]=TOOL_TYPE_UNKNOWN, buttonState=0, metaState=0, flags=0x0, edgeFlags=0x0, pointerCount=1, historySize=0, eventTime=819538142, downTime=819538142, deviceId=0, source=0x1002 }
08-05 19:38:41.738 15507 15521 I art     : Explicit concurrent mark sweep GC freed 3(96B) AllocSpace objects, 0(0B) LOS objects, 23% free, 53MB/69MB, paused 775us total 29.398ms
08-05 19:38:41.738   918  3961 I ActivityManager: START u0 {cmp=baseline.appteam.nith.hillffair/.activities.ClubActivity (has extras)} from uid 10675 on display 0
08-05 19:38:41.749 15507 15521 I art     : Starting a blocking GC Explicit
08-05 19:38:41.756 19673 19673 D AndroidRuntime: Shutting down VM
08-05 19:38:41.778 15507 15521 I art     : Explicit concurrent mark sweep GC freed 343(25KB) AllocSpace objects, 0(0B) LOS objects, 22% free, 53MB/69MB, paused 1.108ms total 29.279ms
08-05 19:38:41.789 15507 15521 I art     : Starting a blocking GC Explicit
08-05 19:38:41.819 15507 15521 I art     : Explicit concurrent mark sweep GC freed 3399(260KB) AllocSpace objects, 0(0B) LOS objects, 22% free, 53MB/69MB, paused 818us total 29.685ms
08-05 19:38:41.848 15507 15507 I NAPPA_EXPERIMENTATION: MetricNetworkRequestExecutionTime: REQUEST_DURATION_SYSTEM='65',REQUEST_DURATION_OKHTTP='39',REQUEST_SYNCHRONOUS='FALSE',RESPONSE_CODE='200',RESPONSE_METHOD='GET',RESPONSE_LENGTH_OKHTTP='1171',RESPONSE_LENGTH_HEADER='-2',REQUEST_PROTOCOL='http/1.1',REQUEST_URL='https://api-hillfair-2k16.herokuapp.com/api/app/club/Technical%20Committee',
08-05 19:38:41.855   918   936 I ActivityManager: Displayed baseline.appteam.nith.hillffair/.activities.ClubActivity: +108ms
08-05 19:38:41.856 13866 13866 I GoogleInputMethodServic: GoogleInputMethodService.onFinishInput():3138 
08-05 19:38:41.857 13866 13866 I GoogleInputMethodServic: GoogleInputMethodService.onStartInput():1808 
08-05 19:38:41.904 13866 13882 I PeriodicStatsRunner: PeriodicStatsRunner.call():175 call()
08-05 19:38:41.904 13866 13882 I PeriodicStatsRunner: PeriodicStatsRunner.call():179 No submit PeriodicStats since input started.
08-05 19:38:42.115   380   380 W SurfaceFlinger: couldn't log to binary event log: overflow.
08-05 19:38:42.128 15507 15520 I art     : Starting a blocking GC Explicit
08-05 19:38:42.158 15507 15520 I art     : Explicit concurrent mark sweep GC freed 2217(140KB) AllocSpace objects, 1(20KB) LOS objects, 22% free, 53MB/69MB, paused 880us total 29.787ms
08-05 19:38:42.169 15507 15520 I art     : Starting a blocking GC Explicit
08-05 19:38:42.197 15507 15520 I art     : Explicit concurrent mark sweep GC freed 78(2672B) AllocSpace objects, 0(0B) LOS objects, 22% free, 53MB/69MB, paused 792us total 27.865ms
08-05 19:38:42.209 15507 15520 I art     : Starting a blocking GC Explicit
08-05 19:38:42.239 15507 15520 I art     : Explicit concurrent mark sweep GC freed 93(5KB) AllocSpace objects, 0(0B) LOS objects, 22% free, 53MB/69MB, paused 1.162ms total 29.804ms
08-05 19:38:42.254 15507 15520 I art     : Starting a blocking GC Explicit
08-05 19:38:42.283 15507 15520 I art     : Explicit concurrent mark sweep GC freed 11(400B) AllocSpace objects, 0(0B) LOS objects, 22% free, 53MB/69MB, paused 703us total 29.475ms
08-05 19:38:42.295 15507 15520 I art     : Starting a blocking GC Explicit
08-05 19:38:42.324 15507 15520 I art     : Explicit concurrent mark sweep GC freed 19(656B) AllocSpace objects, 0(0B) LOS objects, 22% free, 53MB/69MB, paused 751us total 29.313ms
08-05 19:38:42.631 15507 16423 I art     : Starting a blocking GC Explicit
08-05 19:38:42.673 15507 16423 I art     : Explicit concurrent mark sweep GC freed 1344(78KB) AllocSpace objects, 1(20KB) LOS objects, 22% free, 53MB/69MB, paused 828us total 41.425ms
08-05 19:38:42.687 15507 16423 I art     : Starting a blocking GC Explicit
08-05 19:38:42.717 15507 16423 I art     : Explicit concurrent mark sweep GC freed 20(704B) AllocSpace objects, 0(0B) LOS objects, 22% free, 53MB/69MB, paused 856us total 30.252ms
08-05 19:38:42.729 15507 16423 I art     : Starting a blocking GC Explicit
08-05 19:38:42.760 15507 16423 I art     : Explicit concurrent mark sweep GC freed 3(96B) AllocSpace objects, 0(0B) LOS objects, 22% free, 53MB/69MB, paused 836us total 30.688ms
08-05 19:38:42.772 15507 16423 I art     : Starting a blocking GC Explicit
08-05 19:38:42.803 15507 16423 I art     : Explicit concurrent mark sweep GC freed 3(96B) AllocSpace objects, 0(0B) LOS objects, 22% free, 53MB/69MB, paused 756us total 31.207ms
08-05 19:38:42.815 15507 16423 I art     : Starting a blocking GC Explicit
08-05 19:38:42.846 15507 16423 I art     : Explicit concurrent mark sweep GC freed 3(96B) AllocSpace objects, 0(0B) LOS objects, 22% free, 53MB/69MB, paused 785us total 31.063ms
08-05 19:38:43.154 15507 15521 I art     : Starting a blocking GC Explicit
08-05 19:38:43.199 15507 15521 I art     : Explicit concurrent mark sweep GC freed 1344(78KB) AllocSpace objects, 1(20KB) LOS objects, 22% free, 53MB/69MB, paused 936us total 44.200ms
08-05 19:38:43.215 15507 15521 I art     : Starting a blocking GC Explicit
08-05 19:38:43.249 15507 15521 I art     : Explicit concurrent mark sweep GC freed 20(704B) AllocSpace objects, 0(0B) LOS objects, 22% free, 53MB/69MB, paused 777us total 33.622ms
08-05 19:38:43.261 15507 15521 I art     : Starting a blocking GC Explicit
08-05 19:38:43.291 15507 15521 I art     : Explicit concurrent mark sweep GC freed 3(96B) AllocSpace objects, 0(0B) LOS objects, 22% free, 53MB/69MB, paused 749us total 29.789ms
08-05 19:38:43.302 15507 15521 I art     : Starting a blocking GC Explicit
08-05 19:38:43.333 15507 15521 I art     : Explicit concurrent mark sweep GC freed 3(96B) AllocSpace objects, 0(0B) LOS objects, 22% free, 53MB/69MB, paused 770us total 30.895ms
08-05 19:38:43.345 15507 15521 I art     : Starting a blocking GC Explicit
08-05 19:38:43.377 15507 15521 I art     : Explicit concurrent mark sweep GC freed 3(96B) AllocSpace objects, 0(0B) LOS objects, 22% free, 53MB/69MB, paused 758us total 31.436ms
08-05 19:38:43.734 15507 15548 I art     : Starting a blocking GC Explicit
08-05 19:38:43.773 15507 15548 I art     : Explicit concurrent mark sweep GC freed 1365(79KB) AllocSpace objects, 1(20KB) LOS objects, 22% free, 53MB/69MB, paused 813us total 38.967ms
08-05 19:38:43.787 15507 15548 I art     : Starting a blocking GC Explicit
08-05 19:38:43.821 15507 15548 I art     : Explicit concurrent mark sweep GC freed 36(1216B) AllocSpace objects, 0(0B) LOS objects, 22% free, 53MB/69MB, paused 758us total 34.087ms
08-05 19:38:43.833 15507 15548 I art     : Starting a blocking GC Explicit
08-05 19:38:43.866 15507 15548 I art     : Explicit concurrent mark sweep GC freed 3(96B) AllocSpace objects, 0(0B) LOS objects, 22% free, 53MB/69MB, paused 801us total 32.705ms
08-05 19:38:43.878 15507 15548 I art     : Starting a blocking GC Explicit
08-05 19:38:43.911 15507 15548 I art     : Explicit concurrent mark sweep GC freed 3(96B) AllocSpace objects, 0(0B) LOS objects, 22% free, 53MB/69MB, paused 776us total 32.841ms
08-05 19:38:43.923 15507 15548 I art     : Starting a blocking GC Explicit
08-05 19:38:43.958 15507 15548 I art     : Explicit concurrent mark sweep GC freed 3(96B) AllocSpace objects, 0(0B) LOS objects, 22% free, 53MB/69MB, paused 807us total 34.068ms
08-05 19:38:44.291 15507 16783 I art     : Starting a blocking GC Explicit
08-05 19:38:44.333 15507 16783 I art     : Explicit concurrent mark sweep GC freed 1344(78KB) AllocSpace objects, 1(20KB) LOS objects, 22% free, 53MB/69MB, paused 855us total 41.731ms
08-05 19:38:44.349 15507 16783 I art     : Starting a blocking GC Explicit
08-05 19:38:44.384 15507 16783 I art     : Explicit concurrent mark sweep GC freed 20(704B) AllocSpace objects, 0(0B) LOS objects, 22% free, 53MB/69MB, paused 770us total 34.419ms
08-05 19:38:44.396 15507 16783 I art     : Starting a blocking GC Explicit
08-05 19:38:44.431 15507 16783 I art     : Explicit concurrent mark sweep GC freed 3(96B) AllocSpace objects, 0(0B) LOS objects, 22% free, 53MB/69MB, paused 763us total 33.895ms
08-05 19:38:44.443 15507 16783 I art     : Starting a blocking GC Explicit
08-05 19:38:44.477 15507 16783 I art     : Explicit concurrent mark sweep GC freed 3(96B) AllocSpace objects, 0(0B) LOS objects, 22% free, 53MB/69MB, paused 822us total 34.213ms
08-05 19:38:44.489 15507 16783 I art     : Starting a blocking GC Explicit
08-05 19:38:44.523 15507 16783 I art     : Explicit concurrent mark sweep GC freed 3(96B) AllocSpace objects, 0(0B) LOS objects, 22% free, 53MB/69MB, paused 756us total 33.572ms
08-05 19:38:44.858 15507 15520 I art     : Starting a blocking GC Explicit
08-05 19:38:44.897 15507 15520 I art     : Explicit concurrent mark sweep GC freed 1344(78KB) AllocSpace objects, 1(20KB) LOS objects, 22% free, 53MB/69MB, paused 797us total 37.765ms
08-05 19:38:44.911 15507 15520 I art     : Starting a blocking GC Explicit
08-05 19:38:44.950 15507 15520 I art     : Explicit concurrent mark sweep GC freed 20(704B) AllocSpace objects, 0(0B) LOS objects, 22% free, 53MB/69MB, paused 753us total 38.263ms
08-05 19:38:44.962 15507 15520 I art     : Starting a blocking GC Explicit
08-05 19:38:44.994 15507 15520 I art     : Explicit concurrent mark sweep GC freed 3(96B) AllocSpace objects, 0(0B) LOS objects, 22% free, 53MB/69MB, paused 749us total 31.573ms
08-05 19:38:45.006 15507 15520 I art     : Starting a blocking GC Explicit
08-05 19:38:45.040 15507 15520 I art     : Explicit concurrent mark sweep GC freed 3(96B) AllocSpace objects, 0(0B) LOS objects, 22% free, 53MB/69MB, paused 776us total 33.901ms
08-05 19:38:45.052 15507 15520 I art     : Starting a blocking GC Explicit
08-05 19:38:45.087 15507 15520 I art     : Explicit concurrent mark sweep GC freed 3(96B) AllocSpace objects, 0(0B) LOS objects, 22% free, 53MB/69MB, paused 750us total 34.260ms
08-05 19:38:45.445 15507 16423 I art     : Starting a blocking GC Explicit
08-05 19:38:45.488 15507 16423 I art     : Explicit concurrent mark sweep GC freed 1344(78KB) AllocSpace objects, 1(20KB) LOS objects, 22% free, 53MB/69MB, paused 818us total 42.391ms
08-05 19:38:45.504 15507 16423 I art     : Starting a blocking GC Explicit
08-05 19:38:45.541 15507 16423 I art     : Explicit concurrent mark sweep GC freed 20(704B) AllocSpace objects, 0(0B) LOS objects, 22% free, 53MB/69MB, paused 775us total 36.523ms
08-05 19:38:45.553 15507 16423 I art     : Starting a blocking GC Explicit
08-05 19:38:45.588 15507 16423 I art     : Explicit concurrent mark sweep GC freed 3(96B) AllocSpace objects, 0(0B) LOS objects, 22% free, 53MB/69MB, paused 856us total 33.958ms
08-05 19:38:45.588 15507 15518 I art     : WaitForGcToComplete blocked for 16.054ms for cause HeapTrim
08-05 19:38:45.600 15507 16423 I art     : Starting a blocking GC Explicit
08-05 19:38:45.632 15507 16423 I art     : Explicit concurrent mark sweep GC freed 3(96B) AllocSpace objects, 0(0B) LOS objects, 22% free, 53MB/69MB, paused 787us total 32.266ms
08-05 19:38:45.644 15507 16423 I art     : Starting a blocking GC Explicit
08-05 19:38:45.679 15507 16423 I art     : Explicit concurrent mark sweep GC freed 3(96B) AllocSpace objects, 0(0B) LOS objects, 22% free, 53MB/69MB, paused 757us total 33.992ms
08-05 19:38:46.023 15507 15521 I art     : Starting a blocking GC Explicit
08-05 19:38:46.059 15507 15521 I art     : Explicit concurrent mark sweep GC freed 1344(78KB) AllocSpace objects, 1(20KB) LOS objects, 22% free, 53MB/69MB, paused 779us total 35.216ms
08-05 19:38:46.071 15507 15521 I art     : Starting a blocking GC Explicit
08-05 19:38:46.102 15507 15521 I art     : Explicit concurrent mark sweep GC freed 20(704B) AllocSpace objects, 0(0B) LOS objects, 22% free, 53MB/69MB, paused 754us total 30.935ms
08-05 19:38:46.113 15507 15521 I art     : Starting a blocking GC Explicit
08-05 19:38:46.144 15507 15521 I art     : Explicit concurrent mark sweep GC freed 3(96B) AllocSpace objects, 0(0B) LOS objects, 22% free, 53MB/69MB, paused 787us total 30.639ms
08-05 19:38:46.156 15507 15521 I art     : Starting a blocking GC Explicit
08-05 19:38:46.188 15507 15521 I art     : Explicit concurrent mark sweep GC freed 3(96B) AllocSpace objects, 0(0B) LOS objects, 22% free, 53MB/69MB, paused 773us total 31.980ms
08-05 19:38:46.200 15507 15521 I art     : Starting a blocking GC Explicit
08-05 19:38:46.231 15507 15521 I art     : Explicit concurrent mark sweep GC freed 3(96B) AllocSpace objects, 0(0B) LOS objects, 22% free, 53MB/69MB, paused 772us total 30.477ms
08-05 19:38:46.523 19778 19778 D AndroidRuntime: >>>>>> START com.android.internal.os.RuntimeInit uid 2000 <<<<<<
08-05 19:38:46.529 19778 19778 D AndroidRuntime: CheckJNI is OFF
08-05 19:38:46.573 19778 19778 D ICU     : No timezone override file found: /data/misc/zoneinfo/current/icu/icu_tzdata.dat
08-05 19:38:46.578 15507 15548 I art     : Starting a blocking GC Explicit
08-05 19:38:46.615 15507 15548 I art     : Explicit concurrent mark sweep GC freed 1344(78KB) AllocSpace objects, 1(20KB) LOS objects, 22% free, 53MB/69MB, paused 911us total 36.339ms
08-05 19:38:46.622 19778 19778 I Radio-JNI: register_android_hardware_Radio DONE
08-05 19:38:46.629 15507 15548 I art     : Starting a blocking GC Explicit
08-05 19:38:46.653 19778 19778 D AndroidRuntime: Calling main entry com.android.commands.input.Input
08-05 19:38:46.655 19778 19778 I Input   : injectKeyEvent: KeyEvent { action=ACTION_DOWN, keyCode=KEYCODE_BACK, scanCode=0, metaState=0, flags=0x0, repeatCount=0, eventTime=819543068, downTime=819543068, deviceId=-1, source=0x101 }
08-05 19:38:46.661 15507 15548 I art     : Explicit concurrent mark sweep GC freed 20(704B) AllocSpace objects, 0(0B) LOS objects, 22% free, 53MB/69MB, paused 707us total 31.911ms
08-05 19:38:46.663 19778 19778 I Input   : injectKeyEvent: KeyEvent { action=ACTION_UP, keyCode=KEYCODE_BACK, scanCode=0, metaState=0, flags=0x0, repeatCount=0, eventTime=819543068, downTime=819543068, deviceId=-1, source=0x101 }
08-05 19:38:46.669 19778 19778 D AndroidRuntime: Shutting down VM
08-05 19:38:46.673 15507 15548 I art     : Starting a blocking GC Explicit
08-05 19:38:46.704 15507 15548 I art     : Explicit concurrent mark sweep GC freed 146(6KB) AllocSpace objects, 0(0B) LOS objects, 22% free, 53MB/69MB, paused 694us total 30.741ms
08-05 19:38:46.712 13866 13866 I GoogleInputMethodServic: GoogleInputMethodService.onFinishInput():3138 
08-05 19:38:46.713 13866 13866 I GoogleInputMethodServic: GoogleInputMethodService.onStartInput():1808 
08-05 19:38:46.714 15507 15548 I art     : Starting a blocking GC Explicit
08-05 19:38:46.743 15507 15548 I art     : Explicit concurrent mark sweep GC freed 39(1408B) AllocSpace objects, 0(0B) LOS objects, 22% free, 53MB/69MB, paused 682us total 27.997ms
08-05 19:38:46.753 15507 15548 I art     : Starting a blocking GC Explicit
08-05 19:38:46.782 15507 15548 I art     : Explicit concurrent mark sweep GC freed 10(384B) AllocSpace objects, 0(0B) LOS objects, 22% free, 53MB/69MB, paused 736us total 28.181ms
08-05 19:38:46.858 13866 13882 I PeriodicStatsRunner: PeriodicStatsRunner.call():175 call()
08-05 19:38:46.859 13866 13882 I PeriodicStatsRunner: PeriodicStatsRunner.call():179 No submit PeriodicStats since input started.
08-05 19:38:47.002   380   380 W SurfaceFlinger: couldn't log to binary event log: overflow.
08-05 19:38:47.079 15507 16783 I art     : Starting a blocking GC Explicit
08-05 19:38:47.111 15507 16783 I art     : Explicit concurrent mark sweep GC freed 1453(86KB) AllocSpace objects, 1(20KB) LOS objects, 22% free, 53MB/69MB, paused 735us total 31.369ms
08-05 19:38:47.125 15507 16783 I art     : Starting a blocking GC Explicit
08-05 19:38:47.155 15507 16783 I art     : Explicit concurrent mark sweep GC freed 1670(108KB) AllocSpace objects, 3(180KB) LOS objects, 23% free, 53MB/69MB, paused 723us total 30.169ms
08-05 19:38:47.167 15507 16783 I art     : Starting a blocking GC Explicit
08-05 19:38:47.196 15507 16783 I art     : Explicit concurrent mark sweep GC freed 3(96B) AllocSpace objects, 0(0B) LOS objects, 23% free, 53MB/69MB, paused 730us total 29.205ms
08-05 19:38:47.207 15507 16783 I art     : Starting a blocking GC Explicit
08-05 19:38:47.237 15507 16783 I art     : Explicit concurrent mark sweep GC freed 3(96B) AllocSpace objects, 0(0B) LOS objects, 23% free, 53MB/69MB, paused 886us total 29.268ms
08-05 19:38:47.248 15507 16783 I art     : Starting a blocking GC Explicit
08-05 19:38:47.278 15507 16783 I art     : Explicit concurrent mark sweep GC freed 3(96B) AllocSpace objects, 0(0B) LOS objects, 23% free, 53MB/69MB, paused 734us total 29.371ms
08-05 19:38:47.575 15507 16423 I art     : Starting a blocking GC Explicit
08-05 19:38:47.615 15507 16423 I art     : Explicit concurrent mark sweep GC freed 1344(78KB) AllocSpace objects, 1(20KB) LOS objects, 23% free, 53MB/69MB, paused 815us total 39.046ms
08-05 19:38:47.629 15507 16423 I art     : Starting a blocking GC Explicit
08-05 19:38:47.660 15507 16423 I art     : Explicit concurrent mark sweep GC freed 20(704B) AllocSpace objects, 0(0B) LOS objects, 23% free, 53MB/69MB, paused 746us total 30.495ms
08-05 19:38:47.671 15507 16423 I art     : Starting a blocking GC Explicit
08-05 19:38:47.702 15507 16423 I art     : Explicit concurrent mark sweep GC freed 3(96B) AllocSpace objects, 0(0B) LOS objects, 23% free, 53MB/69MB, paused 740us total 29.963ms
08-05 19:38:47.713 15507 16423 I art     : Starting a blocking GC Explicit
08-05 19:38:47.743 15507 16423 I art     : Explicit concurrent mark sweep GC freed 3(96B) AllocSpace objects, 0(0B) LOS objects, 23% free, 53MB/69MB, paused 736us total 29.046ms
08-05 19:38:47.754 15507 16423 I art     : Starting a blocking GC Explicit
08-05 19:38:47.785 15507 16423 I art     : Explicit concurrent mark sweep GC freed 3(96B) AllocSpace objects, 0(0B) LOS objects, 23% free, 53MB/69MB, paused 728us total 30.305ms
08-05 19:38:48.078 15507 15521 I art     : Starting a blocking GC Explicit
08-05 19:38:48.113 15507 15521 I art     : Explicit concurrent mark sweep GC freed 1344(78KB) AllocSpace objects, 1(20KB) LOS objects, 23% free, 53MB/69MB, paused 928us total 34.755ms
08-05 19:38:48.128 15507 15521 I art     : Starting a blocking GC Explicit
08-05 19:38:48.158 15507 15521 I art     : Explicit concurrent mark sweep GC freed 20(704B) AllocSpace objects, 0(0B) LOS objects, 23% free, 53MB/69MB, paused 784us total 30.022ms
08-05 19:38:48.170 15507 15521 I art     : Starting a blocking GC Explicit
08-05 19:38:48.199 15507 15521 I art     : Explicit concurrent mark sweep GC freed 3(96B) AllocSpace objects, 0(0B) LOS objects, 23% free, 53MB/69MB, paused 765us total 28.947ms
08-05 19:38:48.211 15507 15521 I art     : Starting a blocking GC Explicit
08-05 19:38:48.240 15507 15521 I art     : Explicit concurrent mark sweep GC freed 3(96B) AllocSpace objects, 0(0B) LOS objects, 23% free, 53MB/69MB, paused 756us total 28.865ms
08-05 19:38:48.251 15507 15521 I art     : Starting a blocking GC Explicit
08-05 19:38:48.281 15507 15521 I art     : Explicit concurrent mark sweep GC freed 3(96B) AllocSpace objects, 0(0B) LOS objects, 23% free, 53MB/69MB, paused 755us total 29.406ms
08-05 19:38:48.490 19821 19821 D AndroidRuntime: >>>>>> START com.android.internal.os.RuntimeInit uid 2000 <<<<<<
08-05 19:38:48.496 19821 19821 D AndroidRuntime: CheckJNI is OFF
08-05 19:38:48.537 19821 19821 D ICU     : No timezone override file found: /data/misc/zoneinfo/current/icu/icu_tzdata.dat
08-05 19:38:48.580 19821 19821 I Radio-JNI: register_android_hardware_Radio DONE
08-05 19:38:48.610 19821 19821 D AndroidRuntime: Calling main entry com.android.commands.input.Input
08-05 19:38:48.611 19821 19821 I Input   : injectKeyEvent: KeyEvent { action=ACTION_DOWN, keyCode=KEYCODE_BACK, scanCode=0, metaState=0, flags=0x0, repeatCount=0, eventTime=819545024, downTime=819545024, deviceId=-1, source=0x101 }
08-05 19:38:48.613 15507 15520 I art     : Starting a blocking GC Explicit
08-05 19:38:48.616 19821 19821 I Input   : injectKeyEvent: KeyEvent { action=ACTION_UP, keyCode=KEYCODE_BACK, scanCode=0, metaState=0, flags=0x0, repeatCount=0, eventTime=819545024, downTime=819545024, deviceId=-1, source=0x101 }
08-05 19:38:48.622 19821 19821 D AndroidRuntime: Shutting down VM
08-05 19:38:48.643 15507 15520 I art     : Explicit concurrent mark sweep GC freed 1486(84KB) AllocSpace objects, 1(20KB) LOS objects, 23% free, 53MB/69MB, paused 804us total 28.963ms
08-05 19:38:48.653 15507 15520 I art     : Starting a blocking GC Explicit
08-05 19:38:48.668 13866 13866 I GoogleInputMethodServic: GoogleInputMethodService.onFinishInput():3138 
08-05 19:38:48.669 13866 13866 I GoogleInputMethodServic: GoogleInputMethodService.onStartInput():1808 
08-05 19:38:48.679 15507 15520 I art     : Explicit concurrent mark sweep GC freed 28(992B) AllocSpace objects, 0(0B) LOS objects, 23% free, 53MB/69MB, paused 823us total 25.808ms
08-05 19:38:48.691 15507 15520 I art     : Starting a blocking GC Explicit
08-05 19:38:48.717 15507 15520 I art     : Explicit concurrent mark sweep GC freed 62(2160B) AllocSpace objects, 0(0B) LOS objects, 23% free, 53MB/69MB, paused 683us total 25.822ms
08-05 19:38:48.728 15507 15520 I art     : Starting a blocking GC Explicit
08-05 19:38:48.753 15507 15520 I art     : Explicit concurrent mark sweep GC freed 7(256B) AllocSpace objects, 0(0B) LOS objects, 23% free, 53MB/69MB, paused 695us total 24.941ms
08-05 19:38:48.764 15507 15520 I art     : Starting a blocking GC Explicit
08-05 19:38:48.793 15507 15520 I art     : Explicit concurrent mark sweep GC freed 3(96B) AllocSpace objects, 0(0B) LOS objects, 23% free, 53MB/69MB, paused 740us total 29.270ms
08-05 19:38:49.084 15507 16423 I art     : Starting a blocking GC Explicit
08-05 19:38:49.115 15507 16423 I art     : Explicit concurrent mark sweep GC freed 2020(110KB) AllocSpace objects, 1(20KB) LOS objects, 23% free, 53MB/69MB, paused 789us total 30.244ms
08-05 19:38:49.126 15507 16423 I art     : Starting a blocking GC Explicit
08-05 19:38:49.155 15507 16423 I art     : Explicit concurrent mark sweep GC freed 2678(174KB) AllocSpace objects, 1(28KB) LOS objects, 23% free, 53MB/69MB, paused 739us total 28.367ms
08-05 19:38:49.166 15507 16423 I art     : Starting a blocking GC Explicit
08-05 19:38:49.195 15507 16423 I art     : Explicit concurrent mark sweep GC freed 3(96B) AllocSpace objects, 0(0B) LOS objects, 23% free, 53MB/69MB, paused 752us total 28.758ms
08-05 19:38:49.207 15507 16423 I art     : Starting a blocking GC Explicit
08-05 19:38:49.235 15507 16423 I art     : Explicit concurrent mark sweep GC freed 3(96B) AllocSpace objects, 0(0B) LOS objects, 23% free, 53MB/69MB, paused 754us total 28.448ms
08-05 19:38:49.247 15507 16423 I art     : Starting a blocking GC Explicit
08-05 19:38:49.276 15507 16423 I art     : Explicit concurrent mark sweep GC freed 3(96B) AllocSpace objects, 0(0B) LOS objects, 23% free, 53MB/69MB, paused 738us total 28.964ms
08-05 19:38:49.588 15507 16783 I art     : Starting a blocking GC Explicit
08-05 19:38:49.626 15507 16783 I art     : Explicit concurrent mark sweep GC freed 1344(78KB) AllocSpace objects, 1(20KB) LOS objects, 23% free, 53MB/69MB, paused 818us total 37.327ms
08-05 19:38:49.643 15507 16783 I art     : Starting a blocking GC Explicit
08-05 19:38:49.672 15507 16783 I art     : Explicit concurrent mark sweep GC freed 20(704B) AllocSpace objects, 0(0B) LOS objects, 23% free, 53MB/69MB, paused 782us total 29.115ms
08-05 19:38:49.683 15507 16783 I art     : Starting a blocking GC Explicit
08-05 19:38:49.713 15507 16783 I art     : Explicit concurrent mark sweep GC freed 3(96B) AllocSpace objects, 0(0B) LOS objects, 23% free, 53MB/69MB, paused 737us total 28.952ms
08-05 19:38:49.724 15507 16783 I art     : Starting a blocking GC Explicit
08-05 19:38:49.753 15507 16783 I art     : Explicit concurrent mark sweep GC freed 3(96B) AllocSpace objects, 0(0B) LOS objects, 23% free, 53MB/69MB, paused 740us total 28.939ms
08-05 19:38:49.765 15507 16783 I art     : Starting a blocking GC Explicit
08-05 19:38:49.793 15507 16783 I art     : Explicit concurrent mark sweep GC freed 3(96B) AllocSpace objects, 0(0B) LOS objects, 23% free, 53MB/69MB, paused 738us total 28.248ms
08-05 19:38:50.074 15507 15521 I art     : Starting a blocking GC Explicit
08-05 19:38:50.107 15507 15521 I art     : Explicit concurrent mark sweep GC freed 1341(78KB) AllocSpace objects, 1(20KB) LOS objects, 23% free, 53MB/69MB, paused 929us total 33.212ms
08-05 19:38:50.120 15507 15521 I art     : Starting a blocking GC Explicit
08-05 19:38:50.148 15507 15521 I art     : Explicit concurrent mark sweep GC freed 20(704B) AllocSpace objects, 0(0B) LOS objects, 23% free, 53MB/69MB, paused 878us total 27.539ms
08-05 19:38:50.159 15507 15521 I art     : Starting a blocking GC Explicit
08-05 19:38:50.187 15507 15521 I art     : Explicit concurrent mark sweep GC freed 3(96B) AllocSpace objects, 0(0B) LOS objects, 23% free, 53MB/69MB, paused 740us total 27.559ms
08-05 19:38:50.198 15507 15521 I art     : Starting a blocking GC Explicit
08-05 19:38:50.225 15507 15521 I art     : Explicit concurrent mark sweep GC freed 3(96B) AllocSpace objects, 0(0B) LOS objects, 23% free, 53MB/69MB, paused 767us total 27.430ms
08-05 19:38:50.237 15507 15521 I art     : Starting a blocking GC Explicit
08-05 19:38:50.264 15507 15521 I art     : Explicit concurrent mark sweep GC freed 3(96B) AllocSpace objects, 0(0B) LOS objects, 23% free, 53MB/69MB, paused 748us total 27.324ms
08-05 19:38:50.335   918  3261 D WifiStateMachine: starting scan for "H369AA63323"WPA_PSK with 2412,5180
08-05 19:38:50.462 19881 19881 D AndroidRuntime: >>>>>> START com.android.internal.os.RuntimeInit uid 2000 <<<<<<
08-05 19:38:50.468 19881 19881 D AndroidRuntime: CheckJNI is OFF
08-05 19:38:50.509 19881 19881 D ICU     : No timezone override file found: /data/misc/zoneinfo/current/icu/icu_tzdata.dat
08-05 19:38:50.552 19881 19881 I Radio-JNI: register_android_hardware_Radio DONE
08-05 19:38:50.580 19881 19881 D AndroidRuntime: Calling main entry com.android.commands.am.Am
08-05 19:38:50.587  5615  5615 I Trepn   : Trepn 6.2s: Received intent: com.quicinc.trepn.stop_profiling
08-05 19:38:50.587 15507 15548 I art     : Starting a blocking GC Explicit
08-05 19:38:50.614 15507 15548 I art     : Explicit concurrent mark sweep GC freed 1341(78KB) AllocSpace objects, 1(20KB) LOS objects, 23% free, 53MB/69MB, paused 672us total 26.543ms
08-05 19:38:50.615  5615  5615 I Trepn   : Trepn 6.2s: Trepn has Stopped Profiling.
08-05 19:38:50.625 15507 15548 I art     : Starting a blocking GC Explicit
08-05 19:38:50.651 15507 15548 I art     : Explicit concurrent mark sweep GC freed 20(704B) AllocSpace objects, 0(0B) LOS objects, 23% free, 53MB/69MB, paused 713us total 26.044ms
08-05 19:38:50.651 15507 15518 I art     : WaitForGcToComplete blocked for 18.971ms for cause HeapTrim
08-05 19:38:50.662 15507 15548 I art     : Starting a blocking GC Explicit
08-05 19:38:50.689 15507 15548 I art     : Explicit concurrent mark sweep GC freed 3(96B) AllocSpace objects, 0(0B) LOS objects, 23% free, 53MB/69MB, paused 726us total 27.118ms
08-05 19:38:50.701 15507 15548 I art     : Starting a blocking GC Explicit
08-05 19:38:50.727 15507 15548 I art     : Explicit concurrent mark sweep GC freed 3(96B) AllocSpace objects, 0(0B) LOS objects, 23% free, 53MB/69MB, paused 787us total 26.587ms
08-05 19:38:50.739 15507 15548 I art     : Starting a blocking GC Explicit
08-05 19:38:50.766 15507 15548 I art     : Explicit concurrent mark sweep GC freed 3(96B) AllocSpace objects, 0(0B) LOS objects, 23% free, 53MB/69MB, paused 729us total 27.209ms
08-05 19:38:50.772 19881 19881 D AndroidRuntime: Shutting down VM
08-05 19:38:50.776   918  6111 W AppOps  : Finishing op nesting under-run: uid 10078 pkg com.quicinc.trepn code 24 time=0 duration=0 nesting=0
08-05 19:38:51.115 15507 15520 I art     : Starting a blocking GC Explicit
08-05 19:38:51.144 15507 15520 I art     : Explicit concurrent mark sweep GC freed 1341(78KB) AllocSpace objects, 1(20KB) LOS objects, 23% free, 53MB/69MB, paused 699us total 28.447ms
08-05 19:38:51.155 15507 15520 I art     : Starting a blocking GC Explicit
08-05 19:38:51.183 15507 15520 I art     : Explicit concurrent mark sweep GC freed 20(704B) AllocSpace objects, 0(0B) LOS objects, 23% free, 53MB/69MB, paused 772us total 27.291ms
08-05 19:38:51.194 15507 15520 I art     : Starting a blocking GC Explicit
08-05 19:38:51.221 15507 15520 I art     : Explicit concurrent mark sweep GC freed 3(96B) AllocSpace objects, 0(0B) LOS objects, 23% free, 53MB/69MB, paused 745us total 26.198ms
08-05 19:38:51.232 15507 15520 I art     : Starting a blocking GC Explicit
08-05 19:38:51.260 15507 15520 I art     : Explicit concurrent mark sweep GC freed 3(96B) AllocSpace objects, 0(0B) LOS objects, 23% free, 53MB/69MB, paused 721us total 27.543ms
08-05 19:38:51.271 15507 15520 I art     : Starting a blocking GC Explicit
08-05 19:38:51.298 15507 15520 I art     : Explicit concurrent mark sweep GC freed 3(96B) AllocSpace objects, 0(0B) LOS objects, 23% free, 53MB/69MB, paused 684us total 26.820ms
08-05 19:38:51.717 13866 13882 I PeriodicStatsRunner: PeriodicStatsRunner.call():175 call()
08-05 19:38:51.717 13866 13882 I PeriodicStatsRunner: PeriodicStatsRunner.call():179 No submit PeriodicStats since input started.
