--------- beginning of main
08-05 14:29:35.505 23088 23088 D AndroidRuntime: >>>>>> START com.android.internal.os.RuntimeInit uid 2000 <<<<<<
08-05 14:29:35.512 23088 23088 D AndroidRuntime: CheckJNI is OFF
08-05 14:29:35.539 23088 23088 D ICU     : No timezone override file found: /data/misc/zoneinfo/current/icu/icu_tzdata.dat
08-05 14:29:35.571 23088 23088 I Radio-JNI: register_android_hardware_Radio DONE
08-05 14:29:35.587 23088 23088 D AndroidRuntime: Calling main entry com.android.commands.monkey.Monkey
--------- beginning of system
08-05 14:29:35.603   918   931 W BroadcastQueue: Skipping deliver [background] BroadcastRecord{14ff3bd u-1 android.net.conn.CONNECTIVITY_CHANGE} to ReceiverList{c7c8db2 23088 (unknown name)/2000/u-1 remote:1903567}: process crashing
08-05 14:29:35.613   918  5132 I ActivityManager: START u0 {act=android.intent.action.MAIN cat=[android.intent.category.LAUNCHER] flg=0x10200000 cmp=baseline.appteam.nith.hillffair/.activities.SplashActivity} from uid 2000 on display 0
08-05 14:29:35.645   918  6029 I ActivityManager: Start proc 23097:baseline.appteam.nith.hillffair/u0a675 for activity baseline.appteam.nith.hillffair/.activities.SplashActivity
08-05 14:29:35.650 23097 23097 I art     : Late-enabling -Xcheck:jni
08-05 14:29:35.652 23088 23088 I art     : System.exit called, status: 0
08-05 14:29:35.652 23088 23088 I AndroidRuntime: VM exiting with result code 0.
08-05 14:29:35.722 16458 15483 I PBSessionCacheImpl: Deleted sessionId[72384646105454640] from persistence.
08-05 14:29:35.730 23097 23097 W System  : ClassLoader referenced unknown path: /data/app/baseline.appteam.nith.hillffair-1/lib/arm64
08-05 14:29:35.732 16458 16488 W SearchServiceCore: Abort, client detached.
08-05 14:29:35.733 16458 16488 I MicroDetectionState: Should stop hotword detection immediately - true
08-05 14:29:35.804 23097 23097 W OneSignal: GCM Library detected, please upgrade to Firebase FCM library as GCM is deprecated!
08-05 14:29:35.909 23097 23097 W art     : Before Android 4.1, method android.graphics.PorterDuffColorFilter androidx.vectordrawable.graphics.drawable.VectorDrawableCompat.updateTintFilter(android.graphics.PorterDuffColorFilter, android.content.res.ColorStateList, android.graphics.PorterDuff$Mode) would have incorrectly overridden the package-private method in android.graphics.drawable.Drawable
08-05 14:29:35.951 23097 23097 I art     : Rejecting re-init on previously-failed class java.lang.Class<androidx.core.view.ViewCompat$2>
08-05 14:29:35.952 23097 23097 I art     : Rejecting re-init on previously-failed class java.lang.Class<androidx.core.view.ViewCompat$2>
08-05 14:29:36.018 23097 23123 D OpenGLRenderer: Use EGL_SWAP_BEHAVIOR_PRESERVED: true
08-05 14:29:36.069 23097 23123 I Adreno  : QUALCOMM build                   : fcf4852, I1af360237c
08-05 14:29:36.069 23097 23123 I Adreno  : Build Date                       : 09/23/15
08-05 14:29:36.069 23097 23123 I Adreno  : OpenGL ES Shader Compiler Version: XE031.05.13.02
08-05 14:29:36.069 23097 23123 I Adreno  : Local Branch                     : mybranch14465806
08-05 14:29:36.069 23097 23123 I Adreno  : Remote Branch                    : quic/LA.BF64.1.2.9_v2
08-05 14:29:36.069 23097 23123 I Adreno  : Remote Branch                    : NONE
08-05 14:29:36.069 23097 23123 I Adreno  : Reconstruct Branch               : NOTHING
08-05 14:29:36.076 23097 23123 I OpenGLRenderer: Initialized EGL, version 1.4
08-05 14:29:36.134 13866 13866 I GoogleInputMethodServic: GoogleInputMethodService.onFinishInput():3138 
08-05 14:29:36.135 13866 13866 I GoogleInputMethodServic: GoogleInputMethodService.onStartInput():1808 
08-05 14:29:36.189   918   936 I ActivityManager: Displayed baseline.appteam.nith.hillffair/.activities.SplashActivity: +568ms
08-05 14:29:36.318 23097 23131 W GCM     : GCM SDK is deprecated, baseline.appteam.nith.hillffair should update to use FCM
08-05 14:29:36.375 24365 17236 W Conscrypt: Could not set socket write timeout: java.net.SocketException: Socket closed
08-05 14:29:36.375 24365 17236 E art     : invalid stream - problem with parameter iterator in /data/app/com.google.android.gms-2/base.apk:classes3.dex for method void com.google.android.gms.org.conscrypt.ConscryptFileDescriptorSocket.setSoWriteTimeout(int)
08-05 14:29:36.376 24365 17236 W Conscrypt: 	at com.google.android.gms.org.conscrypt.Platform.setSocketWriteTimeout(:com.google.android.gms@202614019@20.26.14 (040400-320008519):2)
08-05 14:29:36.377 24365 17236 W Conscrypt: 	at com.google.android.gms.org.conscrypt.ConscryptFileDescriptorSocket.setSoWriteTimeout(:com.google.android.gms@202614019@20.26.14 (040400-320008519))
08-05 14:29:36.398 24365 17236 W Conscrypt: Could not set socket write timeout: java.net.SocketException: Socket closed
08-05 14:29:36.398 24365 17236 E art     : invalid stream - problem with parameter iterator in /data/app/com.google.android.gms-2/base.apk:classes3.dex for method void com.google.android.gms.org.conscrypt.ConscryptFileDescriptorSocket.setSoWriteTimeout(int)
08-05 14:29:36.399 24365 17236 W Conscrypt: 	at com.google.android.gms.org.conscrypt.Platform.setSocketWriteTimeout(:com.google.android.gms@202614019@20.26.14 (040400-320008519):2)
08-05 14:29:36.399 24365 17236 W Conscrypt: 	at com.google.android.gms.org.conscrypt.ConscryptFileDescriptorSocket.setSoWriteTimeout(:com.google.android.gms@202614019@20.26.14 (040400-320008519))
08-05 14:29:36.469 24365 17236 W Conscrypt: Could not set socket write timeout: java.net.SocketException: Socket closed
08-05 14:29:36.469 24365 17236 E art     : invalid stream - problem with parameter iterator in /data/app/com.google.android.gms-2/base.apk:classes3.dex for method void com.google.android.gms.org.conscrypt.ConscryptFileDescriptorSocket.setSoWriteTimeout(int)
08-05 14:29:36.470 24365 17236 W Conscrypt: 	at com.google.android.gms.org.conscrypt.Platform.setSocketWriteTimeout(:com.google.android.gms@202614019@20.26.14 (040400-320008519):2)
08-05 14:29:36.470 24365 17236 W Conscrypt: 	at com.google.android.gms.org.conscrypt.ConscryptFileDescriptorSocket.setSoWriteTimeout(:com.google.android.gms@202614019@20.26.14 (040400-320008519))
08-05 14:29:36.486 24365 17236 W Conscrypt: Could not set socket write timeout: java.net.SocketException: Socket closed
08-05 14:29:36.486 24365 17236 E art     : invalid stream - problem with parameter iterator in /data/app/com.google.android.gms-2/base.apk:classes3.dex for method void com.google.android.gms.org.conscrypt.ConscryptFileDescriptorSocket.setSoWriteTimeout(int)
08-05 14:29:36.487 24365 17236 W Conscrypt: 	at com.google.android.gms.org.conscrypt.Platform.setSocketWriteTimeout(:com.google.android.gms@202614019@20.26.14 (040400-320008519):2)
08-05 14:29:36.487 24365 17236 W Conscrypt: 	at com.google.android.gms.org.conscrypt.ConscryptFileDescriptorSocket.setSoWriteTimeout(:com.google.android.gms@202614019@20.26.14 (040400-320008519))
08-05 14:29:36.688 23097 23131 E OneSignal: Error Getting GCM Token
08-05 14:29:36.688 23097 23131 E OneSignal: java.io.IOException: INVALID_SENDER
08-05 14:29:36.688 23097 23131 E OneSignal: 	at com.google.android.gms.gcm.GoogleCloudMessaging.zzd(Unknown Source)
08-05 14:29:36.688 23097 23131 E OneSignal: 	at com.google.android.gms.gcm.GoogleCloudMessaging.register(Unknown Source)
08-05 14:29:36.688 23097 23131 E OneSignal: 	at com.onesignal.PushRegistratorGCM.getToken(PushRegistratorGCM.java:42)
08-05 14:29:36.688 23097 23131 E OneSignal: 	at com.onesignal.PushRegistratorAbstractGoogle.attemptRegistration(PushRegistratorAbstractGoogle.java:97)
08-05 14:29:36.688 23097 23131 E OneSignal: 	at com.onesignal.PushRegistratorAbstractGoogle.access$100(PushRegistratorAbstractGoogle.java:37)
08-05 14:29:36.688 23097 23131 E OneSignal: 	at com.onesignal.PushRegistratorAbstractGoogle$1.run(PushRegistratorAbstractGoogle.java:84)
08-05 14:29:36.688 23097 23131 E OneSignal: 	at java.lang.Thread.run(Thread.java:818)
08-05 14:29:36.708 23097 23137 I art     : Rejecting re-init on previously-failed class java.lang.Class<com.onesignal.OneSignalChromeTab$OneSignalCustomTabsServiceConnection>
08-05 14:29:36.708 23097 23137 I art     : Rejecting re-init on previously-failed class java.lang.Class<com.onesignal.OneSignalChromeTab$OneSignalCustomTabsServiceConnection>
08-05 14:29:37.259 23146 23146 D AndroidRuntime: >>>>>> START com.android.internal.os.RuntimeInit uid 2000 <<<<<<
08-05 14:29:37.265 23146 23146 D AndroidRuntime: CheckJNI is OFF
08-05 14:29:37.297 23146 23146 D ICU     : No timezone override file found: /data/misc/zoneinfo/current/icu/icu_tzdata.dat
08-05 14:29:37.330 23146 23146 I Radio-JNI: register_android_hardware_Radio DONE
08-05 14:29:37.349 23146 23146 D AndroidRuntime: Calling main entry com.android.commands.am.Am
08-05 14:29:37.359 16924 16924 I Trepn   : Trepn 6.2s: Received intent: com.quicinc.trepn.start_profiling
08-05 14:29:37.455 16924 16924 W FileUtils: Failed to chmod(/storage/emulated/0/trepn/Trepn_2020.08.05_142937.db): android.system.ErrnoException: chmod failed: EPERM (Operation not permitted)
08-05 14:29:37.492   918  6111 I ActivityManager: START u0 {cmp=baseline.appteam.nith.hillffair/.activities.WelcomeActivity} from uid 10675 on display 0
08-05 14:29:37.525   918  3961 I ActivityManager: START u0 {cmp=baseline.appteam.nith.hillffair/.activities.HomeActivity} from uid 10675 on display 0
08-05 14:29:37.530   918  5132 W ActivityManager: Duplicate finish request for ActivityRecord{54d06e0 u0 baseline.appteam.nith.hillffair/.activities.WelcomeActivity t4137 f}
08-05 14:29:37.561 16924 16924 I Trepn   : Trepn 6.2s: Trepn has Started Profiling.
08-05 14:29:37.562 23146 23146 D AndroidRuntime: Shutting down VM
08-05 14:29:37.992 23097 23109 I art     : Starting a blocking GC Explicit
08-05 14:29:38.009 23097 23109 I art     : Explicit concurrent mark sweep GC freed 3427(539KB) AllocSpace objects, 0(0B) LOS objects, 25% free, 47MB/63MB, paused 185us total 17.020ms
08-05 14:29:38.015 23097 23109 I art     : Starting a blocking GC Explicit
08-05 14:29:38.027 23097 23109 I art     : Explicit concurrent mark sweep GC freed 315(23KB) AllocSpace objects, 0(0B) LOS objects, 24% free, 48MB/64MB, paused 360us total 12.604ms
08-05 14:29:38.033 23097 23109 I art     : Starting a blocking GC Explicit
08-05 14:29:38.044 23097 23109 I art     : Explicit concurrent mark sweep GC freed 91(30KB) AllocSpace objects, 0(0B) LOS objects, 24% free, 48MB/64MB, paused 138us total 10.329ms
08-05 14:29:38.045 13866 13866 I GoogleInputMethodServic: GoogleInputMethodService.onFinishInput():3138 
08-05 14:29:38.045   918   936 I ActivityManager: Displayed baseline.appteam.nith.hillffair/.activities.HomeActivity: +459ms (total +543ms)
08-05 14:29:38.045 13866 13866 I GoogleInputMethodServic: GoogleInputMethodService.onStartInput():1808 
08-05 14:29:38.049 23097 23109 I art     : Starting a blocking GC Explicit
08-05 14:29:38.062 23097 23109 I art     : Explicit concurrent mark sweep GC freed 95(3KB) AllocSpace objects, 0(0B) LOS objects, 24% free, 48MB/64MB, paused 181us total 11.907ms
08-05 14:29:38.068 23097 23109 I art     : Starting a blocking GC Explicit
08-05 14:29:38.080 23097 23109 I art     : Explicit concurrent mark sweep GC freed 39(1360B) AllocSpace objects, 0(0B) LOS objects, 24% free, 48MB/64MB, paused 156us total 12.087ms
08-05 14:29:38.195 13923 13923 I ServiceManager: Waiting for service AtCmdFwd...
08-05 14:29:38.293   380   380 W SurfaceFlinger: couldn't log to binary event log: overflow.
08-05 14:29:38.382 23097 23187 I art     : Starting a blocking GC Explicit
08-05 14:29:38.397 23097 23187 I art     : Explicit concurrent mark sweep GC freed 1419(84KB) AllocSpace objects, 1(20KB) LOS objects, 24% free, 48MB/64MB, paused 179us total 15.053ms
08-05 14:29:38.404 23097 23187 I art     : Starting a blocking GC Explicit
08-05 14:29:38.429 23097 23187 I art     : Explicit concurrent mark sweep GC freed 1106(78KB) AllocSpace objects, 0(0B) LOS objects, 25% free, 47MB/63MB, paused 10.697ms total 24.631ms
08-05 14:29:38.437 23097 23187 I art     : Starting a blocking GC Explicit
08-05 14:29:38.449 23097 23187 I art     : Explicit concurrent mark sweep GC freed 574(27KB) AllocSpace objects, 0(0B) LOS objects, 25% free, 47MB/63MB, paused 153us total 12.123ms
08-05 14:29:38.455 23097 23187 I art     : Starting a blocking GC Explicit
08-05 14:29:38.466 23097 23187 I art     : Explicit concurrent mark sweep GC freed 118(6KB) AllocSpace objects, 0(0B) LOS objects, 25% free, 47MB/63MB, paused 138us total 10.793ms
08-05 14:29:38.472 23097 23187 I art     : Starting a blocking GC Explicit
08-05 14:29:38.483 23097 23187 I art     : Explicit concurrent mark sweep GC freed 779(53KB) AllocSpace objects, 0(0B) LOS objects, 25% free, 47MB/63MB, paused 141us total 10.701ms
08-05 14:29:38.751 23097 23110 I art     : Starting a blocking GC Explicit
08-05 14:29:38.764 23097 23110 I art     : Explicit concurrent mark sweep GC freed 1342(78KB) AllocSpace objects, 1(20KB) LOS objects, 25% free, 47MB/63MB, paused 176us total 13.699ms
08-05 14:29:38.771 23097 23110 I art     : Starting a blocking GC Explicit
08-05 14:29:38.783 23097 23110 I art     : Explicit concurrent mark sweep GC freed 20(704B) AllocSpace objects, 0(0B) LOS objects, 25% free, 47MB/63MB, paused 170us total 12.128ms
08-05 14:29:38.790 23097 23110 I art     : Starting a blocking GC Explicit
08-05 14:29:38.802 23097 23110 I art     : Explicit concurrent mark sweep GC freed 3(96B) AllocSpace objects, 0(0B) LOS objects, 25% free, 47MB/63MB, paused 161us total 11.926ms
08-05 14:29:38.808 23097 23110 I art     : Starting a blocking GC Explicit
08-05 14:29:38.820 23097 23110 I art     : Explicit concurrent mark sweep GC freed 3(96B) AllocSpace objects, 0(0B) LOS objects, 25% free, 47MB/63MB, paused 148us total 11.228ms
08-05 14:29:38.825 23097 23110 I art     : Starting a blocking GC Explicit
08-05 14:29:38.837 23097 23110 I art     : Explicit concurrent mark sweep GC freed 3(96B) AllocSpace objects, 0(0B) LOS objects, 25% free, 47MB/63MB, paused 173us total 11.394ms
08-05 14:29:39.160 23097 23186 I art     : Starting a blocking GC Explicit
08-05 14:29:39.177 23097 23186 I art     : Explicit concurrent mark sweep GC freed 1342(78KB) AllocSpace objects, 1(20KB) LOS objects, 25% free, 47MB/63MB, paused 362us total 17.580ms
08-05 14:29:39.188 23097 23186 I art     : Starting a blocking GC Explicit
08-05 14:29:39.195 13923 13923 I ServiceManager: Waiting for service AtCmdFwd...
08-05 14:29:39.200 23097 23186 I art     : Explicit concurrent mark sweep GC freed 20(704B) AllocSpace objects, 0(0B) LOS objects, 25% free, 47MB/63MB, paused 163us total 12.438ms
08-05 14:29:39.206 23097 23186 I art     : Starting a blocking GC Explicit
08-05 14:29:39.218 23097 23186 I art     : Explicit concurrent mark sweep GC freed 3(96B) AllocSpace objects, 0(0B) LOS objects, 25% free, 47MB/63MB, paused 158us total 11.327ms
08-05 14:29:39.224 23097 23186 I art     : Starting a blocking GC Explicit
08-05 14:29:39.235 23097 23186 I art     : Explicit concurrent mark sweep GC freed 3(96B) AllocSpace objects, 0(0B) LOS objects, 25% free, 47MB/63MB, paused 148us total 11.032ms
08-05 14:29:39.241 23097 23186 I art     : Starting a blocking GC Explicit
08-05 14:29:39.252 23097 23186 I art     : Explicit concurrent mark sweep GC freed 3(96B) AllocSpace objects, 0(0B) LOS objects, 25% free, 47MB/63MB, paused 176us total 10.996ms
08-05 14:29:39.557 23097 23109 I art     : Starting a blocking GC Explicit
08-05 14:29:39.575 23097 23109 I art     : Explicit concurrent mark sweep GC freed 1340(78KB) AllocSpace objects, 1(20KB) LOS objects, 25% free, 47MB/63MB, paused 225us total 17.513ms
08-05 14:29:39.584 23097 23109 I art     : Starting a blocking GC Explicit
08-05 14:29:39.597 23097 23109 I art     : Explicit concurrent mark sweep GC freed 20(704B) AllocSpace objects, 0(0B) LOS objects, 25% free, 47MB/63MB, paused 262us total 12.643ms
08-05 14:29:39.603 23097 23109 I art     : Starting a blocking GC Explicit
08-05 14:29:39.615 23097 23109 I art     : Explicit concurrent mark sweep GC freed 3(96B) AllocSpace objects, 0(0B) LOS objects, 25% free, 47MB/63MB, paused 150us total 11.614ms
08-05 14:29:39.621 23097 23109 I art     : Starting a blocking GC Explicit
08-05 14:29:39.633 23097 23109 I art     : Explicit concurrent mark sweep GC freed 3(96B) AllocSpace objects, 0(0B) LOS objects, 25% free, 47MB/63MB, paused 153us total 11.455ms
08-05 14:29:39.639 23097 23109 I art     : Starting a blocking GC Explicit
08-05 14:29:39.650 23097 23109 I art     : Explicit concurrent mark sweep GC freed 3(96B) AllocSpace objects, 0(0B) LOS objects, 25% free, 47MB/63MB, paused 147us total 11.115ms
08-05 14:29:39.970 23097 23187 I art     : Starting a blocking GC Explicit
08-05 14:29:39.989 23097 23187 I art     : Explicit concurrent mark sweep GC freed 1339(78KB) AllocSpace objects, 1(20KB) LOS objects, 25% free, 47MB/63MB, paused 207us total 18.241ms
08-05 14:29:39.999 23097 23187 I art     : Starting a blocking GC Explicit
08-05 14:29:40.015 23097 23187 I art     : Explicit concurrent mark sweep GC freed 20(704B) AllocSpace objects, 0(0B) LOS objects, 25% free, 47MB/63MB, paused 187us total 15.105ms
08-05 14:29:40.025 23097 23187 I art     : Starting a blocking GC Explicit
08-05 14:29:40.037 23097 23187 I art     : Explicit concurrent mark sweep GC freed 3(96B) AllocSpace objects, 0(0B) LOS objects, 25% free, 47MB/63MB, paused 160us total 11.764ms
08-05 14:29:40.043 23097 23187 I art     : Starting a blocking GC Explicit
08-05 14:29:40.055 23097 23187 I art     : Explicit concurrent mark sweep GC freed 3(96B) AllocSpace objects, 0(0B) LOS objects, 25% free, 47MB/63MB, paused 173us total 11.825ms
08-05 14:29:40.062 23097 23187 I art     : Starting a blocking GC Explicit
08-05 14:29:40.073 23097 23187 I art     : Explicit concurrent mark sweep GC freed 3(96B) AllocSpace objects, 0(0B) LOS objects, 25% free, 47MB/63MB, paused 154us total 11.496ms
08-05 14:29:40.196 13923 13923 I ServiceManager: Waiting for service AtCmdFwd...
08-05 14:29:40.373 23097 23110 I art     : Starting a blocking GC Explicit
08-05 14:29:40.393 23097 23110 I art     : Explicit concurrent mark sweep GC freed 1339(78KB) AllocSpace objects, 1(20KB) LOS objects, 25% free, 47MB/63MB, paused 231us total 19.824ms
08-05 14:29:40.405 23097 23110 I art     : Starting a blocking GC Explicit
08-05 14:29:40.418 23097 23110 I art     : Explicit concurrent mark sweep GC freed 20(704B) AllocSpace objects, 0(0B) LOS objects, 25% free, 47MB/63MB, paused 167us total 12.182ms
08-05 14:29:40.425 23097 23110 I art     : Starting a blocking GC Explicit
08-05 14:29:40.436 23097 23110 I art     : Explicit concurrent mark sweep GC freed 3(96B) AllocSpace objects, 0(0B) LOS objects, 25% free, 47MB/63MB, paused 158us total 11.398ms
08-05 14:29:40.442 23097 23110 I art     : Starting a blocking GC Explicit
08-05 14:29:40.454 23097 23110 I art     : Explicit concurrent mark sweep GC freed 3(96B) AllocSpace objects, 0(0B) LOS objects, 25% free, 47MB/63MB, paused 160us total 11.576ms
08-05 14:29:40.460 23097 23110 I art     : Starting a blocking GC Explicit
08-05 14:29:40.472 23097 23110 I art     : Explicit concurrent mark sweep GC freed 3(96B) AllocSpace objects, 0(0B) LOS objects, 25% free, 47MB/63MB, paused 159us total 11.656ms
08-05 14:29:40.782 23097 23186 I art     : Starting a blocking GC Explicit
08-05 14:29:40.799 23097 23186 I art     : Explicit concurrent mark sweep GC freed 1339(78KB) AllocSpace objects, 1(20KB) LOS objects, 25% free, 47MB/63MB, paused 198us total 16.808ms
08-05 14:29:40.808 23097 23186 I art     : Starting a blocking GC Explicit
08-05 14:29:40.821 23097 23186 I art     : Explicit concurrent mark sweep GC freed 20(704B) AllocSpace objects, 0(0B) LOS objects, 25% free, 47MB/63MB, paused 165us total 12.532ms
08-05 14:29:40.827 23097 23186 I art     : Starting a blocking GC Explicit
08-05 14:29:40.839 23097 23186 I art     : Explicit concurrent mark sweep GC freed 3(96B) AllocSpace objects, 0(0B) LOS objects, 25% free, 47MB/63MB, paused 165us total 11.831ms
08-05 14:29:40.846 23097 23186 I art     : Starting a blocking GC Explicit
08-05 14:29:40.858 23097 23186 I art     : Explicit concurrent mark sweep GC freed 3(96B) AllocSpace objects, 0(0B) LOS objects, 25% free, 47MB/63MB, paused 193us total 11.777ms
08-05 14:29:40.864 23097 23186 I art     : Starting a blocking GC Explicit
08-05 14:29:40.875 23097 23186 I art     : Explicit concurrent mark sweep GC freed 3(96B) AllocSpace objects, 0(0B) LOS objects, 25% free, 47MB/63MB, paused 148us total 11.466ms
08-05 14:29:41.172 23097 23109 I art     : Starting a blocking GC Explicit
08-05 14:29:41.189 23097 23109 I art     : Explicit concurrent mark sweep GC freed 1339(78KB) AllocSpace objects, 1(20KB) LOS objects, 25% free, 47MB/63MB, paused 188us total 16.833ms
08-05 14:29:41.197 13923 13923 I ServiceManager: Waiting for service AtCmdFwd...
08-05 14:29:41.199 23097 23109 I art     : Starting a blocking GC Explicit
08-05 14:29:41.211 23097 23109 I art     : Explicit concurrent mark sweep GC freed 20(704B) AllocSpace objects, 0(0B) LOS objects, 25% free, 47MB/63MB, paused 143us total 12.482ms
08-05 14:29:41.218 23097 23109 I art     : Starting a blocking GC Explicit
08-05 14:29:41.230 23097 23109 I art     : Explicit concurrent mark sweep GC freed 3(96B) AllocSpace objects, 0(0B) LOS objects, 25% free, 47MB/63MB, paused 155us total 12.003ms
08-05 14:29:41.236 23097 23109 I art     : Starting a blocking GC Explicit
08-05 14:29:41.248 23097 23109 I art     : Explicit concurrent mark sweep GC freed 3(96B) AllocSpace objects, 0(0B) LOS objects, 25% free, 47MB/63MB, paused 152us total 11.666ms
08-05 14:29:41.254 23097 23109 I art     : Starting a blocking GC Explicit
08-05 14:29:41.266 23097 23109 I art     : Explicit concurrent mark sweep GC freed 3(96B) AllocSpace objects, 0(0B) LOS objects, 25% free, 47MB/63MB, paused 148us total 11.544ms
08-05 14:29:41.447   918  1210 D NetlinkSocketObserver: NeighborEvent{elapsedMs=1784385321, 192.168.2.254, [7C3953A63323], RTM_NEWNEIGH, NUD_REACHABLE}
08-05 14:29:41.549 23097 23187 I art     : Starting a blocking GC Explicit
08-05 14:29:41.561 23097 23187 I art     : Explicit concurrent mark sweep GC freed 1338(78KB) AllocSpace objects, 1(20KB) LOS objects, 25% free, 47MB/63MB, paused 165us total 11.500ms
08-05 14:29:41.566 23097 23187 I art     : Starting a blocking GC Explicit
08-05 14:29:41.577 23097 23187 I art     : Explicit concurrent mark sweep GC freed 20(704B) AllocSpace objects, 0(0B) LOS objects, 25% free, 47MB/63MB, paused 146us total 10.054ms
08-05 14:29:41.582 23097 23187 I art     : Starting a blocking GC Explicit
08-05 14:29:41.592 23097 23187 I art     : Explicit concurrent mark sweep GC freed 3(96B) AllocSpace objects, 0(0B) LOS objects, 25% free, 47MB/63MB, paused 133us total 9.598ms
08-05 14:29:41.597 23097 23187 I art     : Starting a blocking GC Explicit
08-05 14:29:41.607 23097 23187 I art     : Explicit concurrent mark sweep GC freed 3(96B) AllocSpace objects, 0(0B) LOS objects, 25% free, 47MB/63MB, paused 148us total 9.646ms
08-05 14:29:41.612 23097 23187 I art     : Starting a blocking GC Explicit
08-05 14:29:41.622 23097 23187 I art     : Explicit concurrent mark sweep GC freed 3(96B) AllocSpace objects, 0(0B) LOS objects, 25% free, 47MB/63MB, paused 138us total 9.532ms
08-05 14:29:41.863 23097 23283 W OneSignal: OneSignalRestClient: POST Error thrown from network stack. 
08-05 14:29:41.863 23097 23283 W OneSignal: java.io.IOException: unexpected end of stream on Connection{api.onesignal.com:443, proxy=HTTP@192.168.2.12:8080 hostAddress=192.168.2.12 cipherSuite=TLS_ECDHE_RSA_WITH_AES_128_GCM_SHA256 protocol=http/1.1} (recycle count=1)
08-05 14:29:41.863 23097 23283 W OneSignal: 	at com.android.okhttp.internal.http.HttpConnection.readResponse(HttpConnection.java:210)
08-05 14:29:41.863 23097 23283 W OneSignal: 	at com.android.okhttp.internal.http.HttpTransport.readResponseHeaders(HttpTransport.java:80)
08-05 14:29:41.863 23097 23283 W OneSignal: 	at com.android.okhttp.internal.http.HttpEngine.readNetworkResponse(HttpEngine.java:904)
08-05 14:29:41.863 23097 23283 W OneSignal: 	at com.android.okhttp.internal.http.HttpEngine.readResponse(HttpEngine.java:788)
08-05 14:29:41.863 23097 23283 W OneSignal: 	at com.android.okhttp.internal.huc.HttpURLConnectionImpl.execute(HttpURLConnectionImpl.java:439)
08-05 14:29:41.863 23097 23283 W OneSignal: 	at com.android.okhttp.internal.huc.HttpURLConnectionImpl.getResponse(HttpURLConnectionImpl.java:384)
08-05 14:29:41.863 23097 23283 W OneSignal: 	at com.android.okhttp.internal.huc.HttpURLConnectionImpl.getResponseCode(HttpURLConnectionImpl.java:497)
08-05 14:29:41.863 23097 23283 W OneSignal: 	at com.android.okhttp.internal.huc.DelegatingHttpsURLConnection.getResponseCode(DelegatingHttpsURLConnection.java:105)
08-05 14:29:41.863 23097 23283 W OneSignal: 	at com.android.okhttp.internal.huc.HttpsURLConnectionImpl.getResponseCode(HttpsURLConnectionImpl.java)
08-05 14:29:41.863 23097 23283 W OneSignal: 	at com.onesignal.OneSignalRestClient.startHTTPConnection(OneSignalRestClient.java:180)
08-05 14:29:41.863 23097 23283 W OneSignal: 	at com.onesignal.OneSignalRestClient.access$100(OneSignalRestClient.java:44)
08-05 14:29:41.863 23097 23283 W OneSignal: 	at com.onesignal.OneSignalRestClient$4.run(OneSignalRestClient.java:110)
08-05 14:29:41.863 23097 23283 W OneSignal: 	at java.lang.Thread.run(Thread.java:818)
08-05 14:29:41.863 23097 23283 W OneSignal: Caused by: java.io.EOFException: \n not found: size=0 content=...
08-05 14:29:41.863 23097 23283 W OneSignal: 	at com.android.okhttp.okio.RealBufferedSource.readUtf8LineStrict(RealBufferedSource.java:200)
08-05 14:29:41.863 23097 23283 W OneSignal: 	at com.android.okhttp.internal.http.HttpConnection.readResponse(HttpConnection.java:191)
08-05 14:29:41.863 23097 23283 W OneSignal: 	... 12 more
08-05 14:29:41.865 23097 23294 W OneSignal: Failed last request. statusCode: -1
08-05 14:29:41.865 23097 23294 W OneSignal: response: null
08-05 14:29:41.898 23097 23110 I art     : Starting a blocking GC Explicit
08-05 14:29:41.914 23097 23110 I art     : Explicit concurrent mark sweep GC freed 1978(154KB) AllocSpace objects, 1(20KB) LOS objects, 25% free, 47MB/63MB, paused 221us total 16.129ms
08-05 14:29:41.925 23097 23110 I art     : Starting a blocking GC Explicit
08-05 14:29:41.937 23097 23110 I art     : Explicit concurrent mark sweep GC freed 30(1168B) AllocSpace objects, 0(0B) LOS objects, 25% free, 47MB/63MB, paused 164us total 12.424ms
08-05 14:29:41.943 23097 23110 I art     : Starting a blocking GC Explicit
08-05 14:29:41.955 23097 23110 I art     : Explicit concurrent mark sweep GC freed 3(96B) AllocSpace objects, 0(0B) LOS objects, 25% free, 47MB/63MB, paused 156us total 11.860ms
08-05 14:29:41.962 23097 23110 I art     : Starting a blocking GC Explicit
08-05 14:29:41.974 23097 23110 I art     : Explicit concurrent mark sweep GC freed 3(96B) AllocSpace objects, 0(0B) LOS objects, 25% free, 47MB/63MB, paused 161us total 11.954ms
08-05 14:29:41.980 23097 23110 I art     : Starting a blocking GC Explicit
08-05 14:29:41.991 23097 23110 I art     : Explicit concurrent mark sweep GC freed 3(96B) AllocSpace objects, 0(0B) LOS objects, 25% free, 47MB/63MB, paused 156us total 11.154ms
08-05 14:29:42.198 13923 13923 I ServiceManager: Waiting for service AtCmdFwd...
08-05 14:29:42.294 23097 23186 I art     : Starting a blocking GC Explicit
08-05 14:29:42.309 23097 23186 I art     : Explicit concurrent mark sweep GC freed 1339(78KB) AllocSpace objects, 1(20KB) LOS objects, 25% free, 47MB/63MB, paused 187us total 14.228ms
08-05 14:29:42.315 23097 23186 I art     : Starting a blocking GC Explicit
08-05 14:29:42.328 23097 23186 I art     : Explicit concurrent mark sweep GC freed 20(704B) AllocSpace objects, 0(0B) LOS objects, 25% free, 47MB/63MB, paused 164us total 12.404ms
08-05 14:29:42.334 23097 23186 I art     : Starting a blocking GC Explicit
08-05 14:29:42.345 23097 23186 I art     : Explicit concurrent mark sweep GC freed 3(96B) AllocSpace objects, 0(0B) LOS objects, 25% free, 47MB/63MB, paused 155us total 11.281ms
08-05 14:29:42.351 23097 23186 I art     : Starting a blocking GC Explicit
08-05 14:29:42.362 23097 23186 I art     : Explicit concurrent mark sweep GC freed 3(96B) AllocSpace objects, 0(0B) LOS objects, 25% free, 47MB/63MB, paused 154us total 11.270ms
08-05 14:29:42.368 23097 23186 I art     : Starting a blocking GC Explicit
08-05 14:29:42.379 23097 23186 I art     : Explicit concurrent mark sweep GC freed 3(96B) AllocSpace objects, 0(0B) LOS objects, 25% free, 47MB/63MB, paused 149us total 10.494ms
08-05 14:29:42.569 23307 23307 D AndroidRuntime: >>>>>> START com.android.internal.os.RuntimeInit uid 2000 <<<<<<
08-05 14:29:42.573 23307 23307 D AndroidRuntime: CheckJNI is OFF
08-05 14:29:42.598 23307 23307 D ICU     : No timezone override file found: /data/misc/zoneinfo/current/icu/icu_tzdata.dat
08-05 14:29:42.622 23307 23307 I Radio-JNI: register_android_hardware_Radio DONE
08-05 14:29:42.638 23307 23307 D AndroidRuntime: Calling main entry com.android.commands.input.Input
08-05 14:29:42.639 23307 23307 I Input   : injectMotionEvent: MotionEvent { action=ACTION_DOWN, actionButton=0, id[0]=0, x[0]=337.0, y[0]=1104.0, toolType[0]=TOOL_TYPE_UNKNOWN, buttonState=0, metaState=0, flags=0x0, edgeFlags=0x0, pointerCount=1, historySize=0, eventTime=800999052, downTime=800999052, deviceId=0, source=0x1002 }
08-05 14:29:42.644 23307 23307 I Input   : injectMotionEvent: MotionEvent { action=ACTION_UP, actionButton=0, id[0]=0, x[0]=337.0, y[0]=1104.0, toolType[0]=TOOL_TYPE_UNKNOWN, buttonState=0, metaState=0, flags=0x0, edgeFlags=0x0, pointerCount=1, historySize=0, eventTime=800999052, downTime=800999052, deviceId=0, source=0x1002 }
08-05 14:29:42.645   918  5952 I ActivityManager: START u0 {cmp=baseline.appteam.nith.hillffair/.activities.BattleDayActivity} from uid 10675 on display 0
08-05 14:29:42.652 23307 23307 D AndroidRuntime: Shutting down VM
08-05 14:29:42.659 23097 23186 I art     : Starting a blocking GC Explicit
08-05 14:29:42.673 23097 23186 I art     : Explicit concurrent mark sweep GC freed 1929(147KB) AllocSpace objects, 1(20KB) LOS objects, 24% free, 48MB/64MB, paused 415us total 13.721ms
08-05 14:29:42.679 23097 23186 I art     : Starting a blocking GC Explicit
08-05 14:29:42.693 23097 23186 I art     : Explicit concurrent mark sweep GC freed 722(80KB) AllocSpace objects, 0(0B) LOS objects, 24% free, 48MB/64MB, paused 2.394ms total 13.934ms
08-05 14:29:42.700 23097 23186 I art     : Starting a blocking GC Explicit
08-05 14:29:42.715 23097 23186 I art     : Explicit concurrent mark sweep GC freed 5748(307KB) AllocSpace objects, 0(0B) LOS objects, 24% free, 48MB/64MB, paused 829us total 14.774ms
08-05 14:29:42.721 23097 23186 I art     : Starting a blocking GC Explicit
08-05 14:29:42.735 23097 23186 I art     : Explicit concurrent mark sweep GC freed 536(44KB) AllocSpace objects, 0(0B) LOS objects, 24% free, 48MB/64MB, paused 204us total 13.091ms
08-05 14:29:42.740 23097 23186 I art     : Starting a blocking GC Explicit
08-05 14:29:42.753 23097 23186 I art     : Explicit concurrent mark sweep GC freed 56(3KB) AllocSpace objects, 0(0B) LOS objects, 24% free, 48MB/64MB, paused 473us total 12.441ms
08-05 14:29:42.754 13866 13866 I GoogleInputMethodServic: GoogleInputMethodService.onFinishInput():3138 
08-05 14:29:42.755 13866 13866 I GoogleInputMethodServic: GoogleInputMethodService.onStartInput():1808 
08-05 14:29:42.781   918   936 I ActivityManager: Displayed baseline.appteam.nith.hillffair/.activities.BattleDayActivity: +128ms
08-05 14:29:42.980 23097 23110 I art     : Starting a blocking GC Explicit
08-05 14:29:42.997 23097 23110 I art     : Explicit concurrent mark sweep GC freed 1560(91KB) AllocSpace objects, 1(20KB) LOS objects, 24% free, 48MB/64MB, paused 210us total 16.995ms
08-05 14:29:43.005 23097 23110 I art     : Starting a blocking GC Explicit
08-05 14:29:43.022 23097 23110 I art     : Explicit concurrent mark sweep GC freed 34(1168B) AllocSpace objects, 0(0B) LOS objects, 24% free, 48MB/64MB, paused 198us total 15.830ms
08-05 14:29:43.029 23097 23110 I art     : Starting a blocking GC Explicit
08-05 14:29:43.031   380   380 W SurfaceFlinger: couldn't log to binary event log: overflow.
08-05 14:29:43.046 23097 23110 I art     : Explicit concurrent mark sweep GC freed 3(96B) AllocSpace objects, 0(0B) LOS objects, 24% free, 48MB/64MB, paused 210us total 16.130ms
08-05 14:29:43.052 23097 23110 I art     : Starting a blocking GC Explicit
08-05 14:29:43.064 23097 23110 I art     : Explicit concurrent mark sweep GC freed 3(96B) AllocSpace objects, 0(0B) LOS objects, 24% free, 48MB/64MB, paused 289us total 12.025ms
08-05 14:29:43.070 23097 23110 I art     : Starting a blocking GC Explicit
08-05 14:29:43.082 23097 23110 I art     : Explicit concurrent mark sweep GC freed 3(96B) AllocSpace objects, 0(0B) LOS objects, 24% free, 48MB/64MB, paused 178us total 12.115ms
08-05 14:29:43.198 13923 13923 W Atfwd_Sendcmd: AtCmdFwd service not published, waiting... retryCnt : 5
08-05 14:29:43.363 23097 23186 I art     : Starting a blocking GC Explicit
08-05 14:29:43.380 23097 23186 I art     : Explicit concurrent mark sweep GC freed 2415(157KB) AllocSpace objects, 3(140KB) LOS objects, 24% free, 48MB/64MB, paused 378us total 16.178ms
08-05 14:29:43.387 23097 23186 I art     : Starting a blocking GC Explicit
08-05 14:29:43.391 23097 23333 D OkHttp  : --> GET https://api-hillfair-2k16.herokuapp.com/api/app/events/special http/1.1
08-05 14:29:43.401 23097 23186 I art     : Explicit concurrent mark sweep GC freed 2336(143KB) AllocSpace objects, 1(80KB) LOS objects, 24% free, 48MB/64MB, paused 234us total 13.882ms
08-05 14:29:43.407 23097 23186 I art     : Starting a blocking GC Explicit
08-05 14:29:43.419 23097 23186 I art     : Explicit concurrent mark sweep GC freed 341(42KB) AllocSpace objects, 0(0B) LOS objects, 24% free, 48MB/64MB, paused 207us total 12.438ms
08-05 14:29:43.426 23097 23186 I art     : Starting a blocking GC Explicit
08-05 14:29:43.429 23097 23333 D OkHttp  : <-- 200 OK https://api-hillfair-2k16.herokuapp.com/api/app/events/special (37ms, 554-byte body)
08-05 14:29:43.438 23097 23186 I art     : Explicit concurrent mark sweep GC freed 210(38KB) AllocSpace objects, 0(0B) LOS objects, 24% free, 48MB/64MB, paused 205us total 12.101ms
08-05 14:29:43.444 23097 23186 I art     : Starting a blocking GC Explicit
08-05 14:29:43.455 23097 23186 I art     : Explicit concurrent mark sweep GC freed 100(8KB) AllocSpace objects, 0(0B) LOS objects, 24% free, 48MB/64MB, paused 188us total 11.543ms
08-05 14:29:43.483 23097 23097 I NAPPA_EXPERIMENTATION: MetricNetworkRequestExecutionTime: REQUEST_DURATION_SYSTEM='772',REQUEST_DURATION_OKHTTP='36',REQUEST_SYNCHRONOUS='FALSE',RESPONSE_CODE='200',RESPONSE_METHOD='GET',RESPONSE_LENGTH_OKHTTP='554',RESPONSE_LENGTH_HEADER='554',REQUEST_PROTOCOL='http/1.1',REQUEST_URL='https://api-hillfair-2k16.herokuapp.com/api/app/events/special',
08-05 14:29:43.713 23097 23186 I art     : Starting a blocking GC Explicit
08-05 14:29:43.731 23097 23186 I art     : Explicit concurrent mark sweep GC freed 2973(194KB) AllocSpace objects, 1(20KB) LOS objects, 24% free, 48MB/64MB, paused 318us total 18.373ms
08-05 14:29:43.740 23097 23186 I art     : Starting a blocking GC Explicit
08-05 14:29:43.755 23097 23186 I art     : Explicit concurrent mark sweep GC freed 141(5KB) AllocSpace objects, 0(0B) LOS objects, 24% free, 48MB/64MB, paused 297us total 14.664ms
08-05 14:29:43.762 23097 23186 I art     : Starting a blocking GC Explicit
08-05 14:29:43.776 23097 23186 I art     : Explicit concurrent mark sweep GC freed 3(96B) AllocSpace objects, 0(0B) LOS objects, 24% free, 48MB/64MB, paused 285us total 14.248ms
08-05 14:29:43.782 23097 23186 I art     : Starting a blocking GC Explicit
08-05 14:29:43.796 23097 23186 I art     : Explicit concurrent mark sweep GC freed 3(96B) AllocSpace objects, 0(0B) LOS objects, 24% free, 48MB/64MB, paused 282us total 13.672ms
08-05 14:29:43.802 23097 23186 I art     : Starting a blocking GC Explicit
08-05 14:29:43.816 23097 23186 I art     : Explicit concurrent mark sweep GC freed 3(96B) AllocSpace objects, 0(0B) LOS objects, 24% free, 48MB/64MB, paused 279us total 13.801ms
08-05 14:29:44.093 23097 23187 I art     : Starting a blocking GC Explicit
08-05 14:29:44.111 23097 23187 I art     : Explicit concurrent mark sweep GC freed 9166(437KB) AllocSpace objects, 1(20KB) LOS objects, 23% free, 50MB/66MB, paused 355us total 18.162ms
08-05 14:29:44.119 23097 23187 I art     : Starting a blocking GC Explicit
08-05 14:29:44.131 23097 23187 I art     : Explicit concurrent mark sweep GC freed 433(47KB) AllocSpace objects, 0(0B) LOS objects, 23% free, 52MB/68MB, paused 232us total 12.516ms
08-05 14:29:44.138 23097 23187 I art     : Starting a blocking GC Explicit
08-05 14:29:44.150 23097 23187 I art     : Explicit concurrent mark sweep GC freed 81(5KB) AllocSpace objects, 0(0B) LOS objects, 23% free, 52MB/68MB, paused 214us total 12.053ms
08-05 14:29:44.156 23097 23187 I art     : Starting a blocking GC Explicit
08-05 14:29:44.168 23097 23187 I art     : Explicit concurrent mark sweep GC freed 15(640B) AllocSpace objects, 0(0B) LOS objects, 23% free, 52MB/68MB, paused 247us total 11.977ms
08-05 14:29:44.174 23097 23187 I art     : Starting a blocking GC Explicit
08-05 14:29:44.186 23097 23187 I art     : Explicit concurrent mark sweep GC freed 20(13KB) AllocSpace objects, 0(0B) LOS objects, 23% free, 52MB/68MB, paused 250us total 12.121ms
08-05 14:29:44.453 23097 23187 I art     : Starting a blocking GC Explicit
08-05 14:29:44.470 23097 23187 I art     : Explicit concurrent mark sweep GC freed 1394(148KB) AllocSpace objects, 1(20KB) LOS objects, 23% free, 52MB/68MB, paused 245us total 16.631ms
08-05 14:29:44.482 23097 23187 I art     : Starting a blocking GC Explicit
08-05 14:29:44.496 23097 23187 I art     : Explicit concurrent mark sweep GC freed 32(1104B) AllocSpace objects, 0(0B) LOS objects, 23% free, 52MB/68MB, paused 235us total 13.857ms
08-05 14:29:44.503 23097 23187 I art     : Starting a blocking GC Explicit
08-05 14:29:44.517 23097 23187 I art     : Explicit concurrent mark sweep GC freed 3(96B) AllocSpace objects, 0(0B) LOS objects, 23% free, 52MB/68MB, paused 292us total 13.948ms
08-05 14:29:44.523 23097 23187 I art     : Starting a blocking GC Explicit
08-05 14:29:44.537 23097 23187 I art     : Explicit concurrent mark sweep GC freed 3(96B) AllocSpace objects, 0(0B) LOS objects, 23% free, 52MB/68MB, paused 326us total 13.591ms
08-05 14:29:44.543 23097 23187 I art     : Starting a blocking GC Explicit
08-05 14:29:44.557 23097 23187 I art     : Explicit concurrent mark sweep GC freed 3(96B) AllocSpace objects, 0(0B) LOS objects, 23% free, 52MB/68MB, paused 234us total 13.660ms
08-05 14:29:44.876 23097 23109 I art     : Starting a blocking GC Explicit
08-05 14:29:44.897 23097 23109 I art     : Explicit concurrent mark sweep GC freed 1340(78KB) AllocSpace objects, 1(20KB) LOS objects, 23% free, 52MB/68MB, paused 245us total 20.364ms
08-05 14:29:44.907 23097 23109 I art     : Starting a blocking GC Explicit
08-05 14:29:44.925 23097 23109 I art     : Explicit concurrent mark sweep GC freed 20(704B) AllocSpace objects, 0(0B) LOS objects, 23% free, 52MB/68MB, paused 231us total 17.389ms
08-05 14:29:44.933 23097 23109 I art     : Starting a blocking GC Explicit
08-05 14:29:44.948 23097 23109 I art     : Explicit concurrent mark sweep GC freed 3(96B) AllocSpace objects, 0(0B) LOS objects, 23% free, 52MB/68MB, paused 271us total 14.764ms
08-05 14:29:44.954 23097 23109 I art     : Starting a blocking GC Explicit
08-05 14:29:44.969 23097 23109 I art     : Explicit concurrent mark sweep GC freed 3(96B) AllocSpace objects, 0(0B) LOS objects, 23% free, 52MB/68MB, paused 217us total 14.602ms
08-05 14:29:44.975 23097 23109 I art     : Starting a blocking GC Explicit
08-05 14:29:44.990 23097 23109 I art     : Explicit concurrent mark sweep GC freed 3(96B) AllocSpace objects, 0(0B) LOS objects, 23% free, 52MB/68MB, paused 211us total 14.053ms
08-05 14:29:45.307 23097 23110 I art     : Starting a blocking GC Explicit
08-05 14:29:45.323 23097 23110 I art     : Explicit concurrent mark sweep GC freed 1340(78KB) AllocSpace objects, 1(20KB) LOS objects, 23% free, 52MB/68MB, paused 233us total 15.732ms
08-05 14:29:45.330 23097 23110 I art     : Starting a blocking GC Explicit
08-05 14:29:45.345 23097 23110 I art     : Explicit concurrent mark sweep GC freed 20(720B) AllocSpace objects, 0(0B) LOS objects, 23% free, 52MB/68MB, paused 228us total 14.378ms
08-05 14:29:45.351 23097 23110 I art     : Starting a blocking GC Explicit
08-05 14:29:45.365 23097 23110 I art     : Explicit concurrent mark sweep GC freed 3(96B) AllocSpace objects, 0(0B) LOS objects, 23% free, 52MB/68MB, paused 214us total 13.789ms
08-05 14:29:45.372 23097 23110 I art     : Starting a blocking GC Explicit
08-05 14:29:45.386 23097 23110 I art     : Explicit concurrent mark sweep GC freed 3(96B) AllocSpace objects, 0(0B) LOS objects, 23% free, 52MB/68MB, paused 221us total 14.140ms
08-05 14:29:45.393 23097 23110 I art     : Starting a blocking GC Explicit
08-05 14:29:45.408 23097 23110 I art     : Explicit concurrent mark sweep GC freed 3(96B) AllocSpace objects, 0(0B) LOS objects, 23% free, 52MB/68MB, paused 223us total 14.437ms
08-05 14:29:45.696   918  1210 D NetlinkSocketObserver: NeighborEvent{elapsedMs=1784389571, 192.168.2.254, [7C3953A63323], RTM_NEWNEIGH, NUD_STALE}
08-05 14:29:45.733 23097 23186 I art     : Starting a blocking GC Explicit
08-05 14:29:45.753 23097 23186 I art     : Explicit concurrent mark sweep GC freed 1340(78KB) AllocSpace objects, 1(20KB) LOS objects, 23% free, 52MB/68MB, paused 261us total 19.856ms
08-05 14:29:45.762 23097 23186 I art     : Starting a blocking GC Explicit
08-05 14:29:45.777 23097 23186 I art     : Explicit concurrent mark sweep GC freed 20(704B) AllocSpace objects, 0(0B) LOS objects, 23% free, 52MB/68MB, paused 230us total 14.815ms
08-05 14:29:45.784 23097 23186 I art     : Starting a blocking GC Explicit
08-05 14:29:45.799 23097 23186 I art     : Explicit concurrent mark sweep GC freed 3(96B) AllocSpace objects, 0(0B) LOS objects, 23% free, 52MB/68MB, paused 234us total 14.559ms
08-05 14:29:45.806 23097 23186 I art     : Starting a blocking GC Explicit
08-05 14:29:45.819 23097 23186 I art     : Explicit concurrent mark sweep GC freed 3(96B) AllocSpace objects, 0(0B) LOS objects, 23% free, 52MB/68MB, paused 210us total 13.671ms
08-05 14:29:45.826 23097 23186 I art     : Starting a blocking GC Explicit
08-05 14:29:45.839 23097 23186 I art     : Explicit concurrent mark sweep GC freed 3(96B) AllocSpace objects, 0(0B) LOS objects, 23% free, 52MB/68MB, paused 214us total 13.540ms
08-05 14:29:46.166 23097 23187 I art     : Starting a blocking GC Explicit
08-05 14:29:46.189 23097 23187 I art     : Explicit concurrent mark sweep GC freed 1340(78KB) AllocSpace objects, 1(20KB) LOS objects, 23% free, 52MB/68MB, paused 258us total 23.281ms
08-05 14:29:46.200 23097 23187 I art     : Starting a blocking GC Explicit
08-05 14:29:46.215 23097 23187 I art     : Explicit concurrent mark sweep GC freed 20(720B) AllocSpace objects, 0(0B) LOS objects, 23% free, 52MB/68MB, paused 216us total 14.557ms
08-05 14:29:46.221 23097 23187 I art     : Starting a blocking GC Explicit
08-05 14:29:46.235 23097 23187 I art     : Explicit concurrent mark sweep GC freed 3(96B) AllocSpace objects, 0(0B) LOS objects, 23% free, 52MB/68MB, paused 207us total 13.938ms
08-05 14:29:46.242 23097 23187 I art     : Starting a blocking GC Explicit
08-05 14:29:46.256 23097 23187 I art     : Explicit concurrent mark sweep GC freed 3(96B) AllocSpace objects, 0(0B) LOS objects, 23% free, 52MB/68MB, paused 222us total 14.078ms
08-05 14:29:46.262 23097 23187 I art     : Starting a blocking GC Explicit
08-05 14:29:46.277 23097 23187 I art     : Explicit concurrent mark sweep GC freed 3(96B) AllocSpace objects, 0(0B) LOS objects, 23% free, 52MB/68MB, paused 223us total 13.863ms
08-05 14:29:46.579 23097 23109 I art     : Starting a blocking GC Explicit
08-05 14:29:46.599 23097 23109 I art     : Explicit concurrent mark sweep GC freed 1340(78KB) AllocSpace objects, 1(20KB) LOS objects, 23% free, 52MB/68MB, paused 241us total 19.742ms
08-05 14:29:46.608 23097 23109 I art     : Starting a blocking GC Explicit
08-05 14:29:46.622 23097 23109 I art     : Explicit concurrent mark sweep GC freed 20(704B) AllocSpace objects, 0(0B) LOS objects, 23% free, 52MB/68MB, paused 212us total 14.240ms
08-05 14:29:46.629 23097 23109 I art     : Starting a blocking GC Explicit
08-05 14:29:46.643 23097 23109 I art     : Explicit concurrent mark sweep GC freed 3(96B) AllocSpace objects, 0(0B) LOS objects, 23% free, 52MB/68MB, paused 209us total 13.933ms
08-05 14:29:46.649 23097 23109 I art     : Starting a blocking GC Explicit
08-05 14:29:46.663 23097 23109 I art     : Explicit concurrent mark sweep GC freed 3(96B) AllocSpace objects, 0(0B) LOS objects, 23% free, 52MB/68MB, paused 205us total 13.718ms
08-05 14:29:46.670 23097 23109 I art     : Starting a blocking GC Explicit
08-05 14:29:46.683 23097 23109 I art     : Explicit concurrent mark sweep GC freed 3(96B) AllocSpace objects, 0(0B) LOS objects, 23% free, 52MB/68MB, paused 209us total 13.543ms
08-05 14:29:46.988 23097 23110 I art     : Starting a blocking GC Explicit
08-05 14:29:47.008 23097 23110 I art     : Explicit concurrent mark sweep GC freed 1340(78KB) AllocSpace objects, 1(20KB) LOS objects, 23% free, 52MB/68MB, paused 261us total 20.105ms
08-05 14:29:47.019 23097 23110 I art     : Starting a blocking GC Explicit
08-05 14:29:47.037 23097 23110 I art     : Explicit concurrent mark sweep GC freed 20(720B) AllocSpace objects, 0(0B) LOS objects, 23% free, 52MB/68MB, paused 245us total 17.744ms
08-05 14:29:47.044 23097 23110 I art     : Starting a blocking GC Explicit
08-05 14:29:47.059 23097 23110 I art     : Explicit concurrent mark sweep GC freed 3(96B) AllocSpace objects, 0(0B) LOS objects, 23% free, 52MB/68MB, paused 229us total 14.413ms
08-05 14:29:47.066 23097 23110 I art     : Starting a blocking GC Explicit
08-05 14:29:47.080 23097 23110 I art     : Explicit concurrent mark sweep GC freed 3(96B) AllocSpace objects, 0(0B) LOS objects, 23% free, 52MB/68MB, paused 216us total 14.582ms
08-05 14:29:47.087 23097 23110 I art     : Starting a blocking GC Explicit
08-05 14:29:47.100 23097 23110 I art     : Explicit concurrent mark sweep GC freed 3(96B) AllocSpace objects, 0(0B) LOS objects, 23% free, 52MB/68MB, paused 211us total 13.417ms
08-05 14:29:47.370   918  3261 D WifiStateMachine: starting scan for "H369AA63323"WPA_PSK with 2412,5180
08-05 14:29:47.421 23097 23186 I art     : Starting a blocking GC Explicit
08-05 14:29:47.442 23097 23186 I art     : Explicit concurrent mark sweep GC freed 1340(78KB) AllocSpace objects, 1(20KB) LOS objects, 23% free, 52MB/68MB, paused 263us total 20.927ms
08-05 14:29:47.453 23097 23186 I art     : Starting a blocking GC Explicit
08-05 14:29:47.468 23097 23186 I art     : Explicit concurrent mark sweep GC freed 20(704B) AllocSpace objects, 0(0B) LOS objects, 23% free, 52MB/68MB, paused 216us total 14.687ms
08-05 14:29:47.474 23097 23186 I art     : Starting a blocking GC Explicit
08-05 14:29:47.488 23097 23186 I art     : Explicit concurrent mark sweep GC freed 3(96B) AllocSpace objects, 0(0B) LOS objects, 23% free, 52MB/68MB, paused 215us total 13.397ms
08-05 14:29:47.494 23097 23186 I art     : Starting a blocking GC Explicit
08-05 14:29:47.508 23097 23186 I art     : Explicit concurrent mark sweep GC freed 3(96B) AllocSpace objects, 0(0B) LOS objects, 23% free, 52MB/68MB, paused 217us total 13.557ms
08-05 14:29:47.514 23097 23186 I art     : Starting a blocking GC Explicit
08-05 14:29:47.529 23097 23186 I art     : Explicit concurrent mark sweep GC freed 3(96B) AllocSpace objects, 0(0B) LOS objects, 23% free, 52MB/68MB, paused 220us total 14.184ms
08-05 14:29:47.843 23097 23187 I art     : Starting a blocking GC Explicit
08-05 14:29:47.860 23097 23187 I art     : Explicit concurrent mark sweep GC freed 1340(78KB) AllocSpace objects, 1(20KB) LOS objects, 23% free, 52MB/68MB, paused 231us total 16.289ms
08-05 14:29:47.867 23097 23187 I art     : Starting a blocking GC Explicit
08-05 14:29:47.881 23097 23187 I art     : Explicit concurrent mark sweep GC freed 20(720B) AllocSpace objects, 0(0B) LOS objects, 23% free, 52MB/68MB, paused 208us total 14.414ms
08-05 14:29:47.888 23097 23187 I art     : Starting a blocking GC Explicit
08-05 14:29:47.903 23097 23187 I art     : Explicit concurrent mark sweep GC freed 3(96B) AllocSpace objects, 0(0B) LOS objects, 23% free, 52MB/68MB, paused 208us total 14.475ms
08-05 14:29:47.909 23097 23187 I art     : Starting a blocking GC Explicit
08-05 14:29:47.923 23097 23187 I art     : Explicit concurrent mark sweep GC freed 3(96B) AllocSpace objects, 0(0B) LOS objects, 23% free, 52MB/68MB, paused 199us total 13.318ms
08-05 14:29:47.929 23097 23187 I art     : Starting a blocking GC Explicit
08-05 14:29:47.943 23097 23187 I art     : Explicit concurrent mark sweep GC freed 3(96B) AllocSpace objects, 0(0B) LOS objects, 23% free, 52MB/68MB, paused 201us total 13.606ms
08-05 14:29:48.224 23097 23109 I art     : Starting a blocking GC Explicit
08-05 14:29:48.243 23097 23109 I art     : Explicit concurrent mark sweep GC freed 1340(78KB) AllocSpace objects, 1(20KB) LOS objects, 23% free, 52MB/68MB, paused 245us total 18.810ms
08-05 14:29:48.253 23097 23109 I art     : Starting a blocking GC Explicit
08-05 14:29:48.267 23097 23109 I art     : Explicit concurrent mark sweep GC freed 20(704B) AllocSpace objects, 0(0B) LOS objects, 23% free, 52MB/68MB, paused 217us total 14.366ms
08-05 14:29:48.274 23097 23109 I art     : Starting a blocking GC Explicit
08-05 14:29:48.289 23097 23109 I art     : Explicit concurrent mark sweep GC freed 3(96B) AllocSpace objects, 0(0B) LOS objects, 23% free, 52MB/68MB, paused 213us total 14.282ms
08-05 14:29:48.295 23097 23109 I art     : Starting a blocking GC Explicit
08-05 14:29:48.309 23097 23109 I art     : Explicit concurrent mark sweep GC freed 3(96B) AllocSpace objects, 0(0B) LOS objects, 23% free, 52MB/68MB, paused 218us total 13.933ms
08-05 14:29:48.316 23097 23109 I art     : Starting a blocking GC Explicit
08-05 14:29:48.329 23097 23109 I art     : Explicit concurrent mark sweep GC freed 3(96B) AllocSpace objects, 0(0B) LOS objects, 23% free, 52MB/68MB, paused 254us total 13.671ms
08-05 14:29:48.642 23097 23110 I art     : Starting a blocking GC Explicit
08-05 14:29:48.661 23097 23110 I art     : Explicit concurrent mark sweep GC freed 1340(78KB) AllocSpace objects, 1(20KB) LOS objects, 23% free, 52MB/68MB, paused 275us total 18.422ms
08-05 14:29:48.668 23097 23110 I art     : Starting a blocking GC Explicit
08-05 14:29:48.683 23097 23110 I art     : Explicit concurrent mark sweep GC freed 20(720B) AllocSpace objects, 0(0B) LOS objects, 23% free, 52MB/68MB, paused 201us total 14.682ms
08-05 14:29:48.689 23097 23110 I art     : Starting a blocking GC Explicit
08-05 14:29:48.702 23097 23110 I art     : Explicit concurrent mark sweep GC freed 3(96B) AllocSpace objects, 0(0B) LOS objects, 23% free, 52MB/68MB, paused 196us total 12.818ms
08-05 14:29:48.708 23097 23110 I art     : Starting a blocking GC Explicit
08-05 14:29:48.721 23097 23110 I art     : Explicit concurrent mark sweep GC freed 3(96B) AllocSpace objects, 0(0B) LOS objects, 23% free, 52MB/68MB, paused 200us total 12.654ms
08-05 14:29:48.727 23097 23110 I art     : Starting a blocking GC Explicit
08-05 14:29:48.740 23097 23110 I art     : Explicit concurrent mark sweep GC freed 3(96B) AllocSpace objects, 0(0B) LOS objects, 23% free, 52MB/68MB, paused 210us total 12.369ms
08-05 14:29:49.063 23097 23186 I art     : Starting a blocking GC Explicit
08-05 14:29:49.087 23097 23186 I art     : Explicit concurrent mark sweep GC freed 1340(78KB) AllocSpace objects, 1(20KB) LOS objects, 23% free, 52MB/68MB, paused 315us total 23.421ms
08-05 14:29:49.098 23097 23186 I art     : Starting a blocking GC Explicit
08-05 14:29:49.113 23097 23186 I art     : Explicit concurrent mark sweep GC freed 20(704B) AllocSpace objects, 0(0B) LOS objects, 23% free, 52MB/68MB, paused 218us total 14.719ms
08-05 14:29:49.120 23097 23186 I art     : Starting a blocking GC Explicit
08-05 14:29:49.134 23097 23186 I art     : Explicit concurrent mark sweep GC freed 3(96B) AllocSpace objects, 0(0B) LOS objects, 23% free, 52MB/68MB, paused 242us total 14.349ms
08-05 14:29:49.141 23097 23186 I art     : Starting a blocking GC Explicit
08-05 14:29:49.155 23097 23186 I art     : Explicit concurrent mark sweep GC freed 3(96B) AllocSpace objects, 0(0B) LOS objects, 23% free, 52MB/68MB, paused 218us total 13.661ms
08-05 14:29:49.161 23097 23186 I art     : Starting a blocking GC Explicit
08-05 14:29:49.175 23097 23186 I art     : Explicit concurrent mark sweep GC freed 3(96B) AllocSpace objects, 0(0B) LOS objects, 23% free, 52MB/68MB, paused 217us total 13.580ms
08-05 14:29:49.497 23097 23187 I art     : Starting a blocking GC Explicit
08-05 14:29:49.517 23097 23187 I art     : Explicit concurrent mark sweep GC freed 1340(78KB) AllocSpace objects, 1(20KB) LOS objects, 23% free, 52MB/68MB, paused 359us total 20.194ms
08-05 14:29:49.528 23097 23187 I art     : Starting a blocking GC Explicit
08-05 14:29:49.542 23097 23187 I art     : Explicit concurrent mark sweep GC freed 20(720B) AllocSpace objects, 0(0B) LOS objects, 23% free, 52MB/68MB, paused 212us total 13.923ms
08-05 14:29:49.549 23097 23187 I art     : Starting a blocking GC Explicit
08-05 14:29:49.563 23097 23187 I art     : Explicit concurrent mark sweep GC freed 3(96B) AllocSpace objects, 0(0B) LOS objects, 23% free, 52MB/68MB, paused 200us total 14.057ms
08-05 14:29:49.569 23097 23187 I art     : Starting a blocking GC Explicit
08-05 14:29:49.583 23097 23187 I art     : Explicit concurrent mark sweep GC freed 3(96B) AllocSpace objects, 0(0B) LOS objects, 23% free, 52MB/68MB, paused 227us total 13.908ms
08-05 14:29:49.590 23097 23187 I art     : Starting a blocking GC Explicit
08-05 14:29:49.604 23097 23187 I art     : Explicit concurrent mark sweep GC freed 3(96B) AllocSpace objects, 0(0B) LOS objects, 23% free, 52MB/68MB, paused 215us total 13.913ms
08-05 14:29:49.914 23097 23109 I art     : Starting a blocking GC Explicit
08-05 14:29:49.938 23097 23109 I art     : Explicit concurrent mark sweep GC freed 1340(78KB) AllocSpace objects, 1(20KB) LOS objects, 23% free, 52MB/68MB, paused 238us total 23.467ms
08-05 14:29:49.945 23097 23109 I art     : Starting a blocking GC Explicit
08-05 14:29:49.959 23097 23109 I art     : Explicit concurrent mark sweep GC freed 20(704B) AllocSpace objects, 0(0B) LOS objects, 23% free, 52MB/68MB, paused 210us total 14.610ms
08-05 14:29:49.967 23097 23109 I art     : Starting a blocking GC Explicit
08-05 14:29:49.980 23097 23109 I art     : Explicit concurrent mark sweep GC freed 3(96B) AllocSpace objects, 0(0B) LOS objects, 23% free, 52MB/68MB, paused 205us total 13.594ms
08-05 14:29:49.987 23097 23109 I art     : Starting a blocking GC Explicit
08-05 14:29:50.000 23097 23109 I art     : Explicit concurrent mark sweep GC freed 3(96B) AllocSpace objects, 0(0B) LOS objects, 23% free, 52MB/68MB, paused 208us total 13.485ms
08-05 14:29:50.007 23097 23109 I art     : Starting a blocking GC Explicit
08-05 14:29:50.021 23097 23109 I art     : Explicit concurrent mark sweep GC freed 3(96B) AllocSpace objects, 0(0B) LOS objects, 23% free, 52MB/68MB, paused 193us total 13.731ms
08-05 14:29:50.358 23097 23110 I art     : Starting a blocking GC Explicit
08-05 14:29:50.382 23097 23110 I art     : Explicit concurrent mark sweep GC freed 1340(78KB) AllocSpace objects, 1(20KB) LOS objects, 23% free, 52MB/68MB, paused 290us total 23.715ms
08-05 14:29:50.392 23097 23110 I art     : Starting a blocking GC Explicit
08-05 14:29:50.409 23097 23110 I art     : Explicit concurrent mark sweep GC freed 20(720B) AllocSpace objects, 0(0B) LOS objects, 23% free, 52MB/68MB, paused 240us total 17.122ms
08-05 14:29:50.416 23097 23110 I art     : Starting a blocking GC Explicit
08-05 14:29:50.430 23097 23110 I art     : Explicit concurrent mark sweep GC freed 3(96B) AllocSpace objects, 0(0B) LOS objects, 23% free, 52MB/68MB, paused 216us total 13.770ms
08-05 14:29:50.437 23097 23110 I art     : Starting a blocking GC Explicit
08-05 14:29:50.451 23097 23110 I art     : Explicit concurrent mark sweep GC freed 3(96B) AllocSpace objects, 0(0B) LOS objects, 23% free, 52MB/68MB, paused 218us total 14.304ms
08-05 14:29:50.458 23097 23110 I art     : Starting a blocking GC Explicit
08-05 14:29:50.472 23097 23110 I art     : Explicit concurrent mark sweep GC freed 3(96B) AllocSpace objects, 0(0B) LOS objects, 23% free, 52MB/68MB, paused 213us total 13.674ms
08-05 14:29:50.790 23097 23186 I art     : Starting a blocking GC Explicit
08-05 14:29:50.815 23097 23186 I art     : Explicit concurrent mark sweep GC freed 1340(78KB) AllocSpace objects, 1(20KB) LOS objects, 23% free, 52MB/68MB, paused 270us total 24.053ms
08-05 14:29:50.825 23097 23186 I art     : Starting a blocking GC Explicit
08-05 14:29:50.840 23097 23186 I art     : Explicit concurrent mark sweep GC freed 20(704B) AllocSpace objects, 0(0B) LOS objects, 23% free, 52MB/68MB, paused 222us total 14.554ms
08-05 14:29:50.846 23097 23186 I art     : Starting a blocking GC Explicit
08-05 14:29:50.860 23097 23186 I art     : Explicit concurrent mark sweep GC freed 3(96B) AllocSpace objects, 0(0B) LOS objects, 23% free, 52MB/68MB, paused 223us total 13.728ms
08-05 14:29:50.867 23097 23186 I art     : Starting a blocking GC Explicit
08-05 14:29:50.881 23097 23186 I art     : Explicit concurrent mark sweep GC freed 3(96B) AllocSpace objects, 0(0B) LOS objects, 23% free, 52MB/68MB, paused 196us total 13.960ms
08-05 14:29:50.887 23097 23186 I art     : Starting a blocking GC Explicit
08-05 14:29:50.901 23097 23186 I art     : Explicit concurrent mark sweep GC freed 3(96B) AllocSpace objects, 0(0B) LOS objects, 23% free, 52MB/68MB, paused 202us total 13.078ms
08-05 14:29:51.140 23097 23187 I art     : Starting a blocking GC Explicit
08-05 14:29:51.155 23097 23187 I art     : Explicit concurrent mark sweep GC freed 1340(78KB) AllocSpace objects, 1(20KB) LOS objects, 23% free, 52MB/68MB, paused 220us total 14.334ms
08-05 14:29:51.162 23097 23187 I art     : Starting a blocking GC Explicit
08-05 14:29:51.175 23097 23187 I art     : Explicit concurrent mark sweep GC freed 20(720B) AllocSpace objects, 0(0B) LOS objects, 23% free, 52MB/68MB, paused 249us total 13.723ms
08-05 14:29:51.182 23097 23187 I art     : Starting a blocking GC Explicit
08-05 14:29:51.196 23097 23187 I art     : Explicit concurrent mark sweep GC freed 3(96B) AllocSpace objects, 0(0B) LOS objects, 23% free, 52MB/68MB, paused 210us total 13.157ms
08-05 14:29:51.202 23097 23187 I art     : Starting a blocking GC Explicit
08-05 14:29:51.215 23097 23187 I art     : Explicit concurrent mark sweep GC freed 3(96B) AllocSpace objects, 0(0B) LOS objects, 23% free, 52MB/68MB, paused 217us total 13.171ms
08-05 14:29:51.221 23097 23187 I art     : Starting a blocking GC Explicit
08-05 14:29:51.235 23097 23187 I art     : Explicit concurrent mark sweep GC freed 3(96B) AllocSpace objects, 0(0B) LOS objects, 23% free, 52MB/68MB, paused 201us total 13.230ms
08-05 14:29:51.246 23543 23543 D AndroidRuntime: >>>>>> START com.android.internal.os.RuntimeInit uid 2000 <<<<<<
08-05 14:29:51.250 23543 23543 D AndroidRuntime: CheckJNI is OFF
08-05 14:29:51.275 23543 23543 D ICU     : No timezone override file found: /data/misc/zoneinfo/current/icu/icu_tzdata.dat
08-05 14:29:51.301 23543 23543 I Radio-JNI: register_android_hardware_Radio DONE
08-05 14:29:51.317 23543 23543 D AndroidRuntime: Calling main entry com.android.commands.input.Input
08-05 14:29:51.319 23543 23543 I Input   : injectMotionEvent: MotionEvent { action=ACTION_DOWN, actionButton=0, id[0]=0, x[0]=733.0, y[0]=645.0, toolType[0]=TOOL_TYPE_UNKNOWN, buttonState=0, metaState=0, flags=0x0, edgeFlags=0x0, pointerCount=1, historySize=0, eventTime=801007732, downTime=801007732, deviceId=0, source=0x1002 }
08-05 14:29:51.324 23543 23543 I Input   : injectMotionEvent: MotionEvent { action=ACTION_UP, actionButton=0, id[0]=0, x[0]=733.0, y[0]=645.0, toolType[0]=TOOL_TYPE_UNKNOWN, buttonState=0, metaState=0, flags=0x0, edgeFlags=0x0, pointerCount=1, historySize=0, eventTime=801007732, downTime=801007732, deviceId=0, source=0x1002 }
08-05 14:29:51.326   918  3670 I ActivityManager: START u0 {cmp=baseline.appteam.nith.hillffair/.activities.ClubActivity (has extras)} from uid 10675 on display 0
08-05 14:29:51.332 23543 23543 D AndroidRuntime: Shutting down VM
08-05 14:29:51.433   918   936 I ActivityManager: Displayed baseline.appteam.nith.hillffair/.activities.ClubActivity: +100ms
08-05 14:29:51.434 13866 13866 I GoogleInputMethodServic: GoogleInputMethodService.onFinishInput():3138 
08-05 14:29:51.434 13866 13866 I GoogleInputMethodServic: GoogleInputMethodService.onStartInput():1808 
08-05 14:29:51.458 23097 23187 I art     : Starting a blocking GC Explicit
08-05 14:29:51.474 23097 23187 I art     : Explicit concurrent mark sweep GC freed 5266(328KB) AllocSpace objects, 1(20KB) LOS objects, 23% free, 52MB/68MB, paused 231us total 15.734ms
08-05 14:29:51.481 23097 23187 I art     : Starting a blocking GC Explicit
08-05 14:29:51.494 23097 23187 I art     : Explicit concurrent mark sweep GC freed 219(10KB) AllocSpace objects, 0(0B) LOS objects, 23% free, 52MB/68MB, paused 228us total 13.231ms
08-05 14:29:51.501 23097 23187 I art     : Starting a blocking GC Explicit
08-05 14:29:51.514 23097 23187 I art     : Explicit concurrent mark sweep GC freed 3(96B) AllocSpace objects, 0(0B) LOS objects, 23% free, 52MB/68MB, paused 240us total 13.035ms
08-05 14:29:51.520 23097 23187 I art     : Starting a blocking GC Explicit
08-05 14:29:51.534 23097 23187 I art     : Explicit concurrent mark sweep GC freed 3(96B) AllocSpace objects, 0(0B) LOS objects, 23% free, 52MB/68MB, paused 250us total 14.054ms
08-05 14:29:51.541 23097 23187 I art     : Starting a blocking GC Explicit
08-05 14:29:51.556 23097 23187 I art     : Explicit concurrent mark sweep GC freed 3(96B) AllocSpace objects, 0(0B) LOS objects, 23% free, 52MB/68MB, paused 234us total 14.663ms
08-05 14:29:51.693   380   380 W SurfaceFlinger: couldn't log to binary event log: overflow.
08-05 14:29:51.806 23097 23186 I art     : Starting a blocking GC Explicit
08-05 14:29:51.823 23097 23186 I art     : Explicit concurrent mark sweep GC freed 1449(84KB) AllocSpace objects, 1(20KB) LOS objects, 23% free, 52MB/68MB, paused 291us total 16.832ms
08-05 14:29:51.831 23097 23186 I art     : Starting a blocking GC Explicit
08-05 14:29:51.844 23097 23186 I art     : Explicit concurrent mark sweep GC freed 37(2176B) AllocSpace objects, 0(0B) LOS objects, 23% free, 52MB/68MB, paused 265us total 13.276ms
08-05 14:29:51.850 23097 23186 I art     : Starting a blocking GC Explicit
08-05 14:29:51.864 23097 23186 I art     : Explicit concurrent mark sweep GC freed 10(352B) AllocSpace objects, 0(0B) LOS objects, 23% free, 52MB/68MB, paused 247us total 13.200ms
08-05 14:29:51.870 23097 23186 I art     : Starting a blocking GC Explicit
08-05 14:29:51.882 23097 23186 I art     : Explicit concurrent mark sweep GC freed 8(288B) AllocSpace objects, 0(0B) LOS objects, 23% free, 52MB/68MB, paused 240us total 12.640ms
08-05 14:29:51.888 23097 23186 I art     : Starting a blocking GC Explicit
08-05 14:29:51.901 23097 23186 I art     : Explicit concurrent mark sweep GC freed 8(288B) AllocSpace objects, 0(0B) LOS objects, 23% free, 52MB/68MB, paused 240us total 12.857ms
08-05 14:29:52.170 23097 23109 I art     : Starting a blocking GC Explicit
08-05 14:29:52.188 23097 23109 I art     : Explicit concurrent mark sweep GC freed 2246(144KB) AllocSpace objects, 3(140KB) LOS objects, 23% free, 52MB/68MB, paused 403us total 17.262ms
08-05 14:29:52.194 23097 23109 I art     : Starting a blocking GC Explicit
08-05 14:29:52.210 23097 23109 I art     : Explicit concurrent mark sweep GC freed 2182(82KB) AllocSpace objects, 0(0B) LOS objects, 23% free, 52MB/68MB, paused 309us total 15.469ms
08-05 14:29:52.213 23097 23568 D OkHttp  : --> GET https://api-hillfair-2k16.herokuapp.com/api/app/events/special/event?id=5806551bdcba0f490c70fd1f http/1.1
08-05 14:29:52.217 23097 23109 I art     : Starting a blocking GC Explicit
08-05 14:29:52.230 23097 23109 I art     : Explicit concurrent mark sweep GC freed 544(102KB) AllocSpace objects, 1(80KB) LOS objects, 23% free, 52MB/68MB, paused 249us total 13.284ms
08-05 14:29:52.236 23097 23109 I art     : Starting a blocking GC Explicit
08-05 14:29:52.249 23097 23109 I art     : Explicit concurrent mark sweep GC freed 23(2912B) AllocSpace objects, 0(0B) LOS objects, 23% free, 52MB/68MB, paused 249us total 12.815ms
08-05 14:29:52.252 23097 23568 D OkHttp  : <-- 200 OK https://api-hillfair-2k16.herokuapp.com/api/app/events/special/event?id=5806551bdcba0f490c70fd1f (39ms, 795-byte body)
08-05 14:29:52.255 23097 23109 I art     : Starting a blocking GC Explicit
08-05 14:29:52.268 23097 23109 I art     : Explicit concurrent mark sweep GC freed 200(36KB) AllocSpace objects, 0(0B) LOS objects, 23% free, 52MB/68MB, paused 244us total 13.206ms
08-05 14:29:52.293 23097 23097 I NAPPA_EXPERIMENTATION: MetricNetworkRequestExecutionTime: REQUEST_DURATION_SYSTEM='929',REQUEST_DURATION_OKHTTP='39',REQUEST_SYNCHRONOUS='FALSE',RESPONSE_CODE='200',RESPONSE_METHOD='GET',RESPONSE_LENGTH_OKHTTP='795',RESPONSE_LENGTH_HEADER='795',REQUEST_PROTOCOL='http/1.1',REQUEST_URL='https://api-hillfair-2k16.herokuapp.com/api/app/events/special/event?id=5806551bdcba0f490c70fd1f',
08-05 14:29:52.530 23097 23186 I art     : Starting a blocking GC Explicit
08-05 14:29:52.548 23097 23186 I art     : Explicit concurrent mark sweep GC freed 2009(168KB) AllocSpace objects, 1(20KB) LOS objects, 23% free, 52MB/68MB, paused 234us total 17.508ms
08-05 14:29:52.554 23097 23186 I art     : Starting a blocking GC Explicit
08-05 14:29:52.570 23097 23186 I art     : Explicit concurrent mark sweep GC freed 70(2336B) AllocSpace objects, 0(0B) LOS objects, 23% free, 52MB/68MB, paused 227us total 15.278ms
08-05 14:29:52.576 23097 23186 I art     : Starting a blocking GC Explicit
08-05 14:29:52.591 23097 23186 I art     : Explicit concurrent mark sweep GC freed 3(96B) AllocSpace objects, 0(0B) LOS objects, 23% free, 52MB/68MB, paused 207us total 14.615ms
08-05 14:29:52.599 23097 23186 I art     : Starting a blocking GC Explicit
08-05 14:29:52.613 23097 23186 I art     : Explicit concurrent mark sweep GC freed 3(96B) AllocSpace objects, 0(0B) LOS objects, 23% free, 52MB/68MB, paused 253us total 14.043ms
08-05 14:29:52.619 23097 23186 I art     : Starting a blocking GC Explicit
08-05 14:29:52.633 23097 23186 I art     : Explicit concurrent mark sweep GC freed 3(96B) AllocSpace objects, 0(0B) LOS objects, 23% free, 52MB/68MB, paused 230us total 14.007ms
08-05 14:29:52.915 23097 23187 I art     : Starting a blocking GC Explicit
08-05 14:29:52.934 23097 23187 I art     : Explicit concurrent mark sweep GC freed 1342(78KB) AllocSpace objects, 1(20KB) LOS objects, 23% free, 52MB/68MB, paused 261us total 19.402ms
08-05 14:29:52.946 23097 23187 I art     : Starting a blocking GC Explicit
08-05 14:29:52.961 23097 23187 I art     : Explicit concurrent mark sweep GC freed 36(1264B) AllocSpace objects, 0(0B) LOS objects, 23% free, 52MB/68MB, paused 222us total 14.580ms
08-05 14:29:52.968 23097 23187 I art     : Starting a blocking GC Explicit
08-05 14:29:52.982 23097 23187 I art     : Explicit concurrent mark sweep GC freed 3(96B) AllocSpace objects, 0(0B) LOS objects, 23% free, 52MB/68MB, paused 210us total 14.425ms
08-05 14:29:52.989 23097 23187 I art     : Starting a blocking GC Explicit
08-05 14:29:53.003 23097 23187 I art     : Explicit concurrent mark sweep GC freed 3(96B) AllocSpace objects, 0(0B) LOS objects, 23% free, 52MB/68MB, paused 224us total 14.336ms
08-05 14:29:53.010 23097 23187 I art     : Starting a blocking GC Explicit
08-05 14:29:53.025 23097 23187 I art     : Explicit concurrent mark sweep GC freed 3(96B) AllocSpace objects, 0(0B) LOS objects, 23% free, 52MB/68MB, paused 223us total 14.558ms
08-05 14:29:53.346 23097 23186 I art     : Starting a blocking GC Explicit
08-05 14:29:53.368 23097 23186 I art     : Explicit concurrent mark sweep GC freed 1341(78KB) AllocSpace objects, 1(20KB) LOS objects, 23% free, 52MB/68MB, paused 280us total 21.513ms
08-05 14:29:53.379 23097 23186 I art     : Starting a blocking GC Explicit
08-05 14:29:53.398 23097 23186 I art     : Explicit concurrent mark sweep GC freed 20(704B) AllocSpace objects, 0(0B) LOS objects, 23% free, 52MB/68MB, paused 245us total 19.594ms
08-05 14:29:53.405 23097 23186 I art     : Starting a blocking GC Explicit
08-05 14:29:53.421 23097 23186 I art     : Explicit concurrent mark sweep GC freed 3(96B) AllocSpace objects, 0(0B) LOS objects, 23% free, 52MB/68MB, paused 262us total 15.481ms
08-05 14:29:53.428 23097 23186 I art     : Starting a blocking GC Explicit
08-05 14:29:53.443 23097 23186 I art     : Explicit concurrent mark sweep GC freed 3(96B) AllocSpace objects, 0(0B) LOS objects, 23% free, 52MB/68MB, paused 225us total 15.347ms
08-05 14:29:53.450 23097 23186 I art     : Starting a blocking GC Explicit
08-05 14:29:53.464 23097 23186 I art     : Explicit concurrent mark sweep GC freed 3(96B) AllocSpace objects, 0(0B) LOS objects, 23% free, 52MB/68MB, paused 225us total 14.432ms
08-05 14:29:53.786 23097 23110 I art     : Starting a blocking GC Explicit
08-05 14:29:53.806 23097 23110 I art     : Explicit concurrent mark sweep GC freed 1341(78KB) AllocSpace objects, 1(20KB) LOS objects, 23% free, 52MB/68MB, paused 282us total 19.571ms
08-05 14:29:53.816 23097 23110 I art     : Starting a blocking GC Explicit
08-05 14:29:53.831 23097 23110 I art     : Explicit concurrent mark sweep GC freed 20(704B) AllocSpace objects, 0(0B) LOS objects, 23% free, 52MB/68MB, paused 231us total 15.269ms
08-05 14:29:53.838 23097 23110 I art     : Starting a blocking GC Explicit
08-05 14:29:53.853 23097 23110 I art     : Explicit concurrent mark sweep GC freed 3(96B) AllocSpace objects, 0(0B) LOS objects, 23% free, 52MB/68MB, paused 230us total 14.756ms
08-05 14:29:53.859 23097 23110 I art     : Starting a blocking GC Explicit
08-05 14:29:53.874 23097 23110 I art     : Explicit concurrent mark sweep GC freed 3(96B) AllocSpace objects, 0(0B) LOS objects, 23% free, 52MB/68MB, paused 232us total 14.762ms
08-05 14:29:53.881 23097 23110 I art     : Starting a blocking GC Explicit
08-05 14:29:53.896 23097 23110 I art     : Explicit concurrent mark sweep GC freed 3(96B) AllocSpace objects, 0(0B) LOS objects, 23% free, 52MB/68MB, paused 227us total 14.880ms
08-05 14:29:54.205 23097 23109 I art     : Starting a blocking GC Explicit
08-05 14:29:54.224 23097 23109 I art     : Explicit concurrent mark sweep GC freed 1341(78KB) AllocSpace objects, 1(20KB) LOS objects, 23% free, 52MB/68MB, paused 255us total 18.576ms
08-05 14:29:54.236 23097 23109 I art     : Starting a blocking GC Explicit
08-05 14:29:54.251 23097 23109 I art     : Explicit concurrent mark sweep GC freed 20(704B) AllocSpace objects, 0(0B) LOS objects, 23% free, 52MB/68MB, paused 219us total 14.651ms
08-05 14:29:54.257 23097 23109 I art     : Starting a blocking GC Explicit
08-05 14:29:54.272 23097 23109 I art     : Explicit concurrent mark sweep GC freed 3(96B) AllocSpace objects, 0(0B) LOS objects, 23% free, 52MB/68MB, paused 213us total 14.346ms
08-05 14:29:54.278 23097 23109 I art     : Starting a blocking GC Explicit
08-05 14:29:54.293 23097 23109 I art     : Explicit concurrent mark sweep GC freed 3(96B) AllocSpace objects, 0(0B) LOS objects, 23% free, 52MB/68MB, paused 219us total 14.922ms
08-05 14:29:54.300 23097 23109 I art     : Starting a blocking GC Explicit
08-05 14:29:54.315 23097 23109 I art     : Explicit concurrent mark sweep GC freed 3(96B) AllocSpace objects, 0(0B) LOS objects, 23% free, 52MB/68MB, paused 219us total 14.886ms
08-05 14:29:54.627 23097 23187 I art     : Starting a blocking GC Explicit
08-05 14:29:54.649 23097 23187 I art     : Explicit concurrent mark sweep GC freed 1341(78KB) AllocSpace objects, 1(20KB) LOS objects, 23% free, 52MB/68MB, paused 354us total 22.002ms
08-05 14:29:54.662 23097 23187 I art     : Starting a blocking GC Explicit
08-05 14:29:54.676 23097 23187 I art     : Explicit concurrent mark sweep GC freed 20(704B) AllocSpace objects, 0(0B) LOS objects, 23% free, 52MB/68MB, paused 203us total 14.175ms
08-05 14:29:54.682 23097 23187 I art     : Starting a blocking GC Explicit
08-05 14:29:54.697 23097 23187 I art     : Explicit concurrent mark sweep GC freed 3(96B) AllocSpace objects, 0(0B) LOS objects, 23% free, 52MB/68MB, paused 273us total 14.227ms
08-05 14:29:54.703 23097 23187 I art     : Starting a blocking GC Explicit
08-05 14:29:54.718 23097 23187 I art     : Explicit concurrent mark sweep GC freed 3(96B) AllocSpace objects, 0(0B) LOS objects, 23% free, 52MB/68MB, paused 219us total 14.781ms
08-05 14:29:54.724 23097 23187 I art     : Starting a blocking GC Explicit
08-05 14:29:54.739 23097 23187 I art     : Explicit concurrent mark sweep GC freed 3(96B) AllocSpace objects, 0(0B) LOS objects, 23% free, 52MB/68MB, paused 229us total 14.957ms
08-05 14:29:55.054 23097 23186 I art     : Starting a blocking GC Explicit
08-05 14:29:55.080 23097 23186 I art     : Explicit concurrent mark sweep GC freed 1341(78KB) AllocSpace objects, 1(20KB) LOS objects, 23% free, 52MB/68MB, paused 273us total 25.716ms
08-05 14:29:55.091 23097 23186 I art     : Starting a blocking GC Explicit
08-05 14:29:55.109 23097 23186 I art     : Explicit concurrent mark sweep GC freed 20(704B) AllocSpace objects, 0(0B) LOS objects, 23% free, 52MB/68MB, paused 240us total 17.478ms
08-05 14:29:55.116 23097 23186 I art     : Starting a blocking GC Explicit
08-05 14:29:55.131 23097 23186 I art     : Explicit concurrent mark sweep GC freed 3(96B) AllocSpace objects, 0(0B) LOS objects, 23% free, 52MB/68MB, paused 267us total 15.526ms
08-05 14:29:55.138 23097 23186 I art     : Starting a blocking GC Explicit
08-05 14:29:55.153 23097 23186 I art     : Explicit concurrent mark sweep GC freed 3(96B) AllocSpace objects, 0(0B) LOS objects, 23% free, 52MB/68MB, paused 224us total 14.809ms
08-05 14:29:55.159 23097 23186 I art     : Starting a blocking GC Explicit
08-05 14:29:55.174 23097 23186 I art     : Explicit concurrent mark sweep GC freed 3(96B) AllocSpace objects, 0(0B) LOS objects, 23% free, 52MB/68MB, paused 230us total 14.273ms
08-05 14:29:55.494 23097 23110 I art     : Starting a blocking GC Explicit
08-05 14:29:55.516 23097 23110 I art     : Explicit concurrent mark sweep GC freed 1341(78KB) AllocSpace objects, 1(20KB) LOS objects, 23% free, 52MB/68MB, paused 271us total 21.704ms
08-05 14:29:55.527 23097 23110 I art     : Starting a blocking GC Explicit
08-05 14:29:55.544 23097 23110 I art     : Explicit concurrent mark sweep GC freed 20(704B) AllocSpace objects, 0(0B) LOS objects, 23% free, 52MB/68MB, paused 232us total 16.708ms
08-05 14:29:55.550 23097 23110 I art     : Starting a blocking GC Explicit
08-05 14:29:55.565 23097 23110 I art     : Explicit concurrent mark sweep GC freed 3(96B) AllocSpace objects, 0(0B) LOS objects, 23% free, 52MB/68MB, paused 273us total 14.472ms
08-05 14:29:55.571 23097 23110 I art     : Starting a blocking GC Explicit
08-05 14:29:55.586 23097 23110 I art     : Explicit concurrent mark sweep GC freed 3(96B) AllocSpace objects, 0(0B) LOS objects, 23% free, 52MB/68MB, paused 233us total 14.738ms
08-05 14:29:55.593 23097 23110 I art     : Starting a blocking GC Explicit
08-05 14:29:55.607 23097 23110 I art     : Explicit concurrent mark sweep GC freed 3(96B) AllocSpace objects, 0(0B) LOS objects, 23% free, 52MB/68MB, paused 234us total 14.327ms
08-05 14:29:55.953 23097 23109 I art     : Starting a blocking GC Explicit
08-05 14:29:55.979 23097 23109 I art     : Explicit concurrent mark sweep GC freed 1341(78KB) AllocSpace objects, 1(20KB) LOS objects, 23% free, 52MB/68MB, paused 272us total 25.804ms
08-05 14:29:55.989 23097 23109 I art     : Starting a blocking GC Explicit
08-05 14:29:56.007 23097 23109 I art     : Explicit concurrent mark sweep GC freed 20(704B) AllocSpace objects, 0(0B) LOS objects, 23% free, 52MB/68MB, paused 231us total 17.659ms
08-05 14:29:56.014 23097 23109 I art     : Starting a blocking GC Explicit
08-05 14:29:56.030 23097 23109 I art     : Explicit concurrent mark sweep GC freed 3(96B) AllocSpace objects, 0(0B) LOS objects, 23% free, 52MB/68MB, paused 229us total 15.620ms
08-05 14:29:56.037 23097 23109 I art     : Starting a blocking GC Explicit
08-05 14:29:56.052 23097 23109 I art     : Explicit concurrent mark sweep GC freed 3(96B) AllocSpace objects, 0(0B) LOS objects, 23% free, 52MB/68MB, paused 212us total 15.137ms
08-05 14:29:56.058 23097 23109 I art     : Starting a blocking GC Explicit
08-05 14:29:56.073 23097 23109 I art     : Explicit concurrent mark sweep GC freed 3(96B) AllocSpace objects, 0(0B) LOS objects, 23% free, 52MB/68MB, paused 220us total 14.499ms
08-05 14:29:56.375 23097 23187 I art     : Starting a blocking GC Explicit
08-05 14:29:56.394 23097 23187 I art     : Explicit concurrent mark sweep GC freed 1341(78KB) AllocSpace objects, 1(20KB) LOS objects, 23% free, 52MB/68MB, paused 278us total 18.550ms
08-05 14:29:56.404 23097 23187 I art     : Starting a blocking GC Explicit
08-05 14:29:56.420 23097 23187 I art     : Explicit concurrent mark sweep GC freed 20(704B) AllocSpace objects, 0(0B) LOS objects, 23% free, 52MB/68MB, paused 228us total 15.880ms
08-05 14:29:56.427 23097 23187 I art     : Starting a blocking GC Explicit
08-05 14:29:56.442 23097 23187 I art     : Explicit concurrent mark sweep GC freed 3(96B) AllocSpace objects, 0(0B) LOS objects, 23% free, 52MB/68MB, paused 233us total 14.644ms
08-05 14:29:56.449 23097 23187 I art     : Starting a blocking GC Explicit
08-05 14:29:56.464 23097 23187 I art     : Explicit concurrent mark sweep GC freed 3(96B) AllocSpace objects, 0(0B) LOS objects, 23% free, 52MB/68MB, paused 242us total 14.983ms
08-05 14:29:56.470 23097 23187 I art     : Starting a blocking GC Explicit
08-05 14:29:56.485 23097 23187 I art     : Explicit concurrent mark sweep GC freed 3(96B) AllocSpace objects, 0(0B) LOS objects, 23% free, 52MB/68MB, paused 220us total 14.653ms
08-05 14:29:56.793 23097 23186 I art     : Starting a blocking GC Explicit
08-05 14:29:56.817 23097 23186 I art     : Explicit concurrent mark sweep GC freed 1341(78KB) AllocSpace objects, 1(20KB) LOS objects, 23% free, 52MB/68MB, paused 380us total 24.197ms
08-05 14:29:56.824 23097 23186 I art     : Starting a blocking GC Explicit
08-05 14:29:56.840 23097 23186 I art     : Explicit concurrent mark sweep GC freed 20(704B) AllocSpace objects, 0(0B) LOS objects, 23% free, 52MB/68MB, paused 284us total 15.547ms
08-05 14:29:56.847 23097 23186 I art     : Starting a blocking GC Explicit
08-05 14:29:56.862 23097 23186 I art     : Explicit concurrent mark sweep GC freed 3(96B) AllocSpace objects, 0(0B) LOS objects, 23% free, 52MB/68MB, paused 230us total 14.607ms
08-05 14:29:56.869 23097 23186 I art     : Starting a blocking GC Explicit
08-05 14:29:56.886 23097 23186 I art     : Explicit concurrent mark sweep GC freed 124(7KB) AllocSpace objects, 0(0B) LOS objects, 23% free, 52MB/68MB, paused 2.464ms total 16.819ms
08-05 14:29:56.892 23097 23186 I art     : Starting a blocking GC Explicit
08-05 14:29:56.908 23097 23186 I art     : Explicit concurrent mark sweep GC freed 150(7KB) AllocSpace objects, 0(0B) LOS objects, 23% free, 52MB/68MB, paused 269us total 15.364ms
08-05 14:29:57.140 23097 23713 W OneSignal: OneSignalRestClient: POST Error thrown from network stack. 
08-05 14:29:57.140 23097 23713 W OneSignal: java.io.IOException: unexpected end of stream on Connection{api.onesignal.com:443, proxy=HTTP@192.168.2.12:8080 hostAddress=192.168.2.12 cipherSuite=TLS_ECDHE_RSA_WITH_AES_128_GCM_SHA256 protocol=http/1.1} (recycle count=0)
08-05 14:29:57.140 23097 23713 W OneSignal: 	at com.android.okhttp.internal.http.HttpConnection.readResponse(HttpConnection.java:210)
08-05 14:29:57.140 23097 23713 W OneSignal: 	at com.android.okhttp.internal.http.HttpTransport.readResponseHeaders(HttpTransport.java:80)
08-05 14:29:57.140 23097 23713 W OneSignal: 	at com.android.okhttp.internal.http.HttpEngine.readNetworkResponse(HttpEngine.java:904)
08-05 14:29:57.140 23097 23713 W OneSignal: 	at com.android.okhttp.internal.http.HttpEngine.readResponse(HttpEngine.java:788)
08-05 14:29:57.140 23097 23713 W OneSignal: 	at com.android.okhttp.internal.huc.HttpURLConnectionImpl.execute(HttpURLConnectionImpl.java:439)
08-05 14:29:57.140 23097 23713 W OneSignal: 	at com.android.okhttp.internal.huc.HttpURLConnectionImpl.getResponse(HttpURLConnectionImpl.java:384)
08-05 14:29:57.140 23097 23713 W OneSignal: 	at com.android.okhttp.internal.huc.HttpURLConnectionImpl.getResponseCode(HttpURLConnectionImpl.java:497)
08-05 14:29:57.140 23097 23713 W OneSignal: 	at com.android.okhttp.internal.huc.DelegatingHttpsURLConnection.getResponseCode(DelegatingHttpsURLConnection.java:105)
08-05 14:29:57.140 23097 23713 W OneSignal: 	at com.android.okhttp.internal.huc.HttpsURLConnectionImpl.getResponseCode(HttpsURLConnectionImpl.java)
08-05 14:29:57.140 23097 23713 W OneSignal: 	at com.onesignal.OneSignalRestClient.startHTTPConnection(OneSignalRestClient.java:180)
08-05 14:29:57.140 23097 23713 W OneSignal: 	at com.onesignal.OneSignalRestClient.access$100(OneSignalRestClient.java:44)
08-05 14:29:57.140 23097 23713 W OneSignal: 	at com.onesignal.OneSignalRestClient$4.run(OneSignalRestClient.java:110)
08-05 14:29:57.140 23097 23713 W OneSignal: 	at java.lang.Thread.run(Thread.java:818)
08-05 14:29:57.140 23097 23713 W OneSignal: Caused by: java.io.EOFException: \n not found: size=0 content=...
08-05 14:29:57.140 23097 23713 W OneSignal: 	at com.android.okhttp.okio.RealBufferedSource.readUtf8LineStrict(RealBufferedSource.java:200)
08-05 14:29:57.140 23097 23713 W OneSignal: 	at com.android.okhttp.internal.http.HttpConnection.readResponse(HttpConnection.java:191)
08-05 14:29:57.140 23097 23713 W OneSignal: 	... 12 more
08-05 14:29:57.142 23097 23724 W OneSignal: Failed last request. statusCode: -1
08-05 14:29:57.142 23097 23724 W OneSignal: response: null
08-05 14:29:57.186 23097 23110 I art     : Starting a blocking GC Explicit
08-05 14:29:57.203 23097 23110 I art     : Explicit concurrent mark sweep GC freed 3720(230KB) AllocSpace objects, 1(20KB) LOS objects, 23% free, 52MB/68MB, paused 236us total 16.524ms
08-05 14:29:57.210 23097 23110 I art     : Starting a blocking GC Explicit
08-05 14:29:57.225 23097 23110 I art     : Explicit concurrent mark sweep GC freed 67(2432B) AllocSpace objects, 0(0B) LOS objects, 23% free, 52MB/68MB, paused 238us total 15.162ms
08-05 14:29:57.232 23097 23110 I art     : Starting a blocking GC Explicit
08-05 14:29:57.247 23097 23110 I art     : Explicit concurrent mark sweep GC freed 3(96B) AllocSpace objects, 0(0B) LOS objects, 23% free, 52MB/68MB, paused 248us total 14.910ms
08-05 14:29:57.254 23097 23110 I art     : Starting a blocking GC Explicit
08-05 14:29:57.269 23097 23110 I art     : Explicit concurrent mark sweep GC freed 3(96B) AllocSpace objects, 0(0B) LOS objects, 23% free, 52MB/68MB, paused 234us total 14.950ms
08-05 14:29:57.275 23097 23110 I art     : Starting a blocking GC Explicit
08-05 14:29:57.291 23097 23110 I art     : Explicit concurrent mark sweep GC freed 3(96B) AllocSpace objects, 0(0B) LOS objects, 23% free, 52MB/68MB, paused 232us total 15.157ms
08-05 14:29:57.609 23097 23109 I art     : Starting a blocking GC Explicit
08-05 14:29:57.631 23097 23109 I art     : Explicit concurrent mark sweep GC freed 1341(78KB) AllocSpace objects, 1(20KB) LOS objects, 23% free, 52MB/68MB, paused 271us total 21.911ms
08-05 14:29:57.642 23097 23109 I art     : Starting a blocking GC Explicit
08-05 14:29:57.658 23097 23109 I art     : Explicit concurrent mark sweep GC freed 20(704B) AllocSpace objects, 0(0B) LOS objects, 23% free, 52MB/68MB, paused 226us total 15.605ms
08-05 14:29:57.664 23097 23109 I art     : Starting a blocking GC Explicit
08-05 14:29:57.679 23097 23109 I art     : Explicit concurrent mark sweep GC freed 3(96B) AllocSpace objects, 0(0B) LOS objects, 23% free, 52MB/68MB, paused 219us total 14.883ms
08-05 14:29:57.686 23097 23109 I art     : Starting a blocking GC Explicit
08-05 14:29:57.701 23097 23109 I art     : Explicit concurrent mark sweep GC freed 3(96B) AllocSpace objects, 0(0B) LOS objects, 23% free, 52MB/68MB, paused 268us total 15.065ms
08-05 14:29:57.708 23097 23109 I art     : Starting a blocking GC Explicit
08-05 14:29:57.723 23097 23109 I art     : Explicit concurrent mark sweep GC freed 3(96B) AllocSpace objects, 0(0B) LOS objects, 23% free, 52MB/68MB, paused 228us total 14.842ms
08-05 14:29:58.038 23097 23187 I art     : Starting a blocking GC Explicit
08-05 14:29:58.060 23097 23187 I art     : Explicit concurrent mark sweep GC freed 1341(78KB) AllocSpace objects, 1(20KB) LOS objects, 23% free, 52MB/68MB, paused 271us total 21.811ms
08-05 14:29:58.070 23097 23187 I art     : Starting a blocking GC Explicit
08-05 14:29:58.086 23097 23187 I art     : Explicit concurrent mark sweep GC freed 20(704B) AllocSpace objects, 0(0B) LOS objects, 23% free, 52MB/68MB, paused 226us total 15.226ms
08-05 14:29:58.092 23097 23187 I art     : Starting a blocking GC Explicit
08-05 14:29:58.108 23097 23187 I art     : Explicit concurrent mark sweep GC freed 3(96B) AllocSpace objects, 0(0B) LOS objects, 23% free, 52MB/68MB, paused 231us total 15.370ms
08-05 14:29:58.115 23097 23187 I art     : Starting a blocking GC Explicit
08-05 14:29:58.130 23097 23187 I art     : Explicit concurrent mark sweep GC freed 3(96B) AllocSpace objects, 0(0B) LOS objects, 23% free, 52MB/68MB, paused 226us total 14.734ms
08-05 14:29:58.136 23097 23187 I art     : Starting a blocking GC Explicit
08-05 14:29:58.151 23097 23187 I art     : Explicit concurrent mark sweep GC freed 3(96B) AllocSpace objects, 0(0B) LOS objects, 23% free, 52MB/68MB, paused 286us total 14.763ms
08-05 14:29:58.459 23097 23186 I art     : Starting a blocking GC Explicit
08-05 14:29:58.482 23097 23186 I art     : Explicit concurrent mark sweep GC freed 1341(78KB) AllocSpace objects, 1(20KB) LOS objects, 23% free, 52MB/68MB, paused 272us total 21.971ms
08-05 14:29:58.493 23097 23186 I art     : Starting a blocking GC Explicit
08-05 14:29:58.510 23097 23186 I art     : Explicit concurrent mark sweep GC freed 20(704B) AllocSpace objects, 0(0B) LOS objects, 23% free, 52MB/68MB, paused 243us total 17.045ms
08-05 14:29:58.517 23097 23186 I art     : Starting a blocking GC Explicit
08-05 14:29:58.531 23097 23186 I art     : Explicit concurrent mark sweep GC freed 3(96B) AllocSpace objects, 0(0B) LOS objects, 23% free, 52MB/68MB, paused 223us total 14.408ms
08-05 14:29:58.538 23097 23186 I art     : Starting a blocking GC Explicit
08-05 14:29:58.553 23097 23186 I art     : Explicit concurrent mark sweep GC freed 3(96B) AllocSpace objects, 0(0B) LOS objects, 23% free, 52MB/68MB, paused 232us total 14.612ms
08-05 14:29:58.559 23097 23186 I art     : Starting a blocking GC Explicit
08-05 14:29:58.574 23097 23186 I art     : Explicit concurrent mark sweep GC freed 3(96B) AllocSpace objects, 0(0B) LOS objects, 23% free, 52MB/68MB, paused 231us total 14.653ms
08-05 14:29:58.901 23097 23110 I art     : Starting a blocking GC Explicit
08-05 14:29:58.919 23097 23110 I art     : Explicit concurrent mark sweep GC freed 1341(78KB) AllocSpace objects, 1(20KB) LOS objects, 23% free, 52MB/68MB, paused 290us total 17.254ms
08-05 14:29:58.926 23097 23110 I art     : Starting a blocking GC Explicit
08-05 14:29:58.941 23097 23110 I art     : Explicit concurrent mark sweep GC freed 20(704B) AllocSpace objects, 0(0B) LOS objects, 23% free, 52MB/68MB, paused 248us total 15.167ms
08-05 14:29:58.948 23097 23110 I art     : Starting a blocking GC Explicit
08-05 14:29:58.962 23097 23110 I art     : Explicit concurrent mark sweep GC freed 12(432B) AllocSpace objects, 0(0B) LOS objects, 23% free, 52MB/68MB, paused 261us total 14.091ms
08-05 14:29:58.968 23097 23110 I art     : Starting a blocking GC Explicit
08-05 14:29:58.983 23097 23110 I art     : Explicit concurrent mark sweep GC freed 3(96B) AllocSpace objects, 0(0B) LOS objects, 23% free, 52MB/68MB, paused 235us total 14.558ms
08-05 14:29:58.990 23097 23110 I art     : Starting a blocking GC Explicit
08-05 14:29:59.004 23097 23110 I art     : Explicit concurrent mark sweep GC freed 3(96B) AllocSpace objects, 0(0B) LOS objects, 23% free, 52MB/68MB, paused 246us total 14.424ms
08-05 14:29:59.313 23097 23109 I art     : Starting a blocking GC Explicit
08-05 14:29:59.332 23097 23109 I art     : Explicit concurrent mark sweep GC freed 1341(78KB) AllocSpace objects, 1(20KB) LOS objects, 23% free, 52MB/68MB, paused 268us total 18.217ms
08-05 14:29:59.342 23097 23109 I art     : Starting a blocking GC Explicit
08-05 14:29:59.359 23097 23109 I art     : Explicit concurrent mark sweep GC freed 20(704B) AllocSpace objects, 0(0B) LOS objects, 23% free, 52MB/68MB, paused 224us total 16.399ms
08-05 14:29:59.365 23097 23109 I art     : Starting a blocking GC Explicit
08-05 14:29:59.381 23097 23109 I art     : Explicit concurrent mark sweep GC freed 3(96B) AllocSpace objects, 0(0B) LOS objects, 23% free, 52MB/68MB, paused 223us total 14.997ms
08-05 14:29:59.387 23097 23109 I art     : Starting a blocking GC Explicit
08-05 14:29:59.402 23097 23109 I art     : Explicit concurrent mark sweep GC freed 3(96B) AllocSpace objects, 0(0B) LOS objects, 23% free, 52MB/68MB, paused 230us total 14.751ms
08-05 14:29:59.409 23097 23109 I art     : Starting a blocking GC Explicit
08-05 14:29:59.424 23097 23109 I art     : Explicit concurrent mark sweep GC freed 3(96B) AllocSpace objects, 0(0B) LOS objects, 23% free, 52MB/68MB, paused 256us total 14.790ms
08-05 14:29:59.744 23097 23187 I art     : Starting a blocking GC Explicit
08-05 14:29:59.770 23097 23187 I art     : Explicit concurrent mark sweep GC freed 1341(78KB) AllocSpace objects, 1(20KB) LOS objects, 23% free, 52MB/68MB, paused 339us total 24.710ms
08-05 14:29:59.782 23097 23187 I art     : Starting a blocking GC Explicit
08-05 14:29:59.797 23097 23187 I art     : Explicit concurrent mark sweep GC freed 20(704B) AllocSpace objects, 0(0B) LOS objects, 23% free, 52MB/68MB, paused 230us total 14.806ms
08-05 14:29:59.804 23097 23187 I art     : Starting a blocking GC Explicit
08-05 14:29:59.819 23097 23187 I art     : Explicit concurrent mark sweep GC freed 3(96B) AllocSpace objects, 0(0B) LOS objects, 23% free, 52MB/68MB, paused 224us total 14.747ms
08-05 14:29:59.825 23097 23187 I art     : Starting a blocking GC Explicit
08-05 14:29:59.840 23097 23187 I art     : Explicit concurrent mark sweep GC freed 3(96B) AllocSpace objects, 0(0B) LOS objects, 23% free, 52MB/68MB, paused 227us total 14.516ms
08-05 14:29:59.846 23097 23187 I art     : Starting a blocking GC Explicit
08-05 14:29:59.861 23097 23187 I art     : Explicit concurrent mark sweep GC freed 3(96B) AllocSpace objects, 0(0B) LOS objects, 23% free, 52MB/68MB, paused 222us total 14.394ms
08-05 14:30:00.173 23097 23186 I art     : Starting a blocking GC Explicit
08-05 14:30:00.192 23097 23186 I art     : Explicit concurrent mark sweep GC freed 1341(78KB) AllocSpace objects, 1(20KB) LOS objects, 23% free, 52MB/68MB, paused 248us total 18.450ms
08-05 14:30:00.200 23097 23186 I art     : Starting a blocking GC Explicit
08-05 14:30:00.216 23097 23186 I art     : Explicit concurrent mark sweep GC freed 20(704B) AllocSpace objects, 0(0B) LOS objects, 23% free, 52MB/68MB, paused 243us total 15.575ms
08-05 14:30:00.223 23097 23186 I art     : Starting a blocking GC Explicit
08-05 14:30:00.237 23097 23186 I art     : Explicit concurrent mark sweep GC freed 3(96B) AllocSpace objects, 0(0B) LOS objects, 23% free, 52MB/68MB, paused 237us total 14.443ms
08-05 14:30:00.244 23097 23186 I art     : Starting a blocking GC Explicit
08-05 14:30:00.258 23097 23186 I art     : Explicit concurrent mark sweep GC freed 3(96B) AllocSpace objects, 0(0B) LOS objects, 23% free, 52MB/68MB, paused 231us total 14.338ms
08-05 14:30:00.265 23097 23186 I art     : Starting a blocking GC Explicit
08-05 14:30:00.280 23097 23186 I art     : Explicit concurrent mark sweep GC freed 3(96B) AllocSpace objects, 0(0B) LOS objects, 23% free, 52MB/68MB, paused 227us total 14.703ms
08-05 14:30:00.584 23097 23110 I art     : Starting a blocking GC Explicit
08-05 14:30:00.605 23097 23110 I art     : Explicit concurrent mark sweep GC freed 1341(78KB) AllocSpace objects, 1(20KB) LOS objects, 23% free, 52MB/68MB, paused 274us total 21.026ms
08-05 14:30:00.617 23097 23110 I art     : Starting a blocking GC Explicit
08-05 14:30:00.637 23097 23110 I art     : Explicit concurrent mark sweep GC freed 20(704B) AllocSpace objects, 0(0B) LOS objects, 23% free, 52MB/68MB, paused 250us total 19.122ms
08-05 14:30:00.644 23097 23110 I art     : Starting a blocking GC Explicit
08-05 14:30:00.660 23097 23110 I art     : Explicit concurrent mark sweep GC freed 3(96B) AllocSpace objects, 0(0B) LOS objects, 23% free, 52MB/68MB, paused 234us total 15.441ms
08-05 14:30:00.667 23097 23110 I art     : Starting a blocking GC Explicit
08-05 14:30:00.682 23097 23110 I art     : Explicit concurrent mark sweep GC freed 3(96B) AllocSpace objects, 0(0B) LOS objects, 23% free, 52MB/68MB, paused 235us total 15.285ms
08-05 14:30:00.689 23097 23110 I art     : Starting a blocking GC Explicit
08-05 14:30:00.704 23097 23110 I art     : Explicit concurrent mark sweep GC freed 3(96B) AllocSpace objects, 0(0B) LOS objects, 23% free, 52MB/68MB, paused 234us total 14.933ms
08-05 14:30:01.033 23097 23109 I art     : Starting a blocking GC Explicit
08-05 14:30:01.059 23097 23109 I art     : Explicit concurrent mark sweep GC freed 1341(78KB) AllocSpace objects, 1(20KB) LOS objects, 23% free, 52MB/68MB, paused 314us total 25.085ms
08-05 14:30:01.073 23097 23109 I art     : Starting a blocking GC Explicit
08-05 14:30:01.089 23097 23109 I art     : Explicit concurrent mark sweep GC freed 20(704B) AllocSpace objects, 0(0B) LOS objects, 23% free, 52MB/68MB, paused 235us total 15.702ms
08-05 14:30:01.096 23097 23109 I art     : Starting a blocking GC Explicit
08-05 14:30:01.111 23097 23109 I art     : Explicit concurrent mark sweep GC freed 3(96B) AllocSpace objects, 0(0B) LOS objects, 23% free, 52MB/68MB, paused 226us total 14.967ms
08-05 14:30:01.118 23097 23109 I art     : Starting a blocking GC Explicit
08-05 14:30:01.133 23097 23109 I art     : Explicit concurrent mark sweep GC freed 3(96B) AllocSpace objects, 0(0B) LOS objects, 23% free, 52MB/68MB, paused 226us total 15.032ms
08-05 14:30:01.139 23097 23109 I art     : Starting a blocking GC Explicit
08-05 14:30:01.154 23097 23109 I art     : Explicit concurrent mark sweep GC freed 3(96B) AllocSpace objects, 0(0B) LOS objects, 23% free, 52MB/68MB, paused 228us total 14.771ms
08-05 14:30:01.493 23097 23187 I art     : Starting a blocking GC Explicit
08-05 14:30:01.519 23097 23187 I art     : Explicit concurrent mark sweep GC freed 1341(78KB) AllocSpace objects, 1(20KB) LOS objects, 23% free, 52MB/68MB, paused 408us total 25.569ms
08-05 14:30:01.530 23097 23187 I art     : Starting a blocking GC Explicit
08-05 14:30:01.546 23097 23187 I art     : Explicit concurrent mark sweep GC freed 20(704B) AllocSpace objects, 0(0B) LOS objects, 23% free, 52MB/68MB, paused 228us total 15.460ms
08-05 14:30:01.553 23097 23187 I art     : Starting a blocking GC Explicit
08-05 14:30:01.567 23097 23187 I art     : Explicit concurrent mark sweep GC freed 3(96B) AllocSpace objects, 0(0B) LOS objects, 23% free, 52MB/68MB, paused 232us total 14.491ms
08-05 14:30:01.574 23097 23187 I art     : Starting a blocking GC Explicit
08-05 14:30:01.588 23097 23187 I art     : Explicit concurrent mark sweep GC freed 3(96B) AllocSpace objects, 0(0B) LOS objects, 23% free, 52MB/68MB, paused 226us total 14.645ms
08-05 14:30:01.595 23097 23187 I art     : Starting a blocking GC Explicit
08-05 14:30:01.610 23097 23187 I art     : Explicit concurrent mark sweep GC freed 3(96B) AllocSpace objects, 0(0B) LOS objects, 23% free, 52MB/68MB, paused 223us total 14.553ms
08-05 14:30:01.918 23097 23186 I art     : Starting a blocking GC Explicit
08-05 14:30:01.939 23097 23186 I art     : Explicit concurrent mark sweep GC freed 1341(78KB) AllocSpace objects, 1(20KB) LOS objects, 23% free, 52MB/68MB, paused 275us total 21.556ms
08-05 14:30:01.950 23097 23186 I art     : Starting a blocking GC Explicit
08-05 14:30:01.966 23097 23186 I art     : Explicit concurrent mark sweep GC freed 20(704B) AllocSpace objects, 0(0B) LOS objects, 23% free, 52MB/68MB, paused 227us total 15.409ms
08-05 14:30:01.972 23097 23186 I art     : Starting a blocking GC Explicit
08-05 14:30:01.987 23097 23186 I art     : Explicit concurrent mark sweep GC freed 3(96B) AllocSpace objects, 0(0B) LOS objects, 23% free, 52MB/68MB, paused 264us total 14.732ms
08-05 14:30:01.994 23097 23186 I art     : Starting a blocking GC Explicit
08-05 14:30:02.009 23097 23186 I art     : Explicit concurrent mark sweep GC freed 3(96B) AllocSpace objects, 0(0B) LOS objects, 23% free, 52MB/68MB, paused 241us total 14.695ms
08-05 14:30:02.015 23097 23186 I art     : Starting a blocking GC Explicit
08-05 14:30:02.030 23097 23186 I art     : Explicit concurrent mark sweep GC freed 3(96B) AllocSpace objects, 0(0B) LOS objects, 23% free, 52MB/68MB, paused 227us total 14.693ms
08-05 14:30:02.342 23097 23110 I art     : Starting a blocking GC Explicit
08-05 14:30:02.359 23097 23110 I art     : Explicit concurrent mark sweep GC freed 1341(78KB) AllocSpace objects, 1(20KB) LOS objects, 23% free, 52MB/68MB, paused 254us total 17.406ms
08-05 14:30:02.367 23097 23110 I art     : Starting a blocking GC Explicit
08-05 14:30:02.382 23097 23110 I art     : Explicit concurrent mark sweep GC freed 20(704B) AllocSpace objects, 0(0B) LOS objects, 23% free, 52MB/68MB, paused 242us total 15.312ms
08-05 14:30:02.389 23097 23110 I art     : Starting a blocking GC Explicit
08-05 14:30:02.405 23097 23110 I art     : Explicit concurrent mark sweep GC freed 3(96B) AllocSpace objects, 0(0B) LOS objects, 23% free, 52MB/68MB, paused 235us total 15.481ms
08-05 14:30:02.412 23097 23110 I art     : Starting a blocking GC Explicit
08-05 14:30:02.427 23097 23110 I art     : Explicit concurrent mark sweep GC freed 3(96B) AllocSpace objects, 0(0B) LOS objects, 23% free, 52MB/68MB, paused 263us total 14.801ms
08-05 14:30:02.433 23097 23110 I art     : Starting a blocking GC Explicit
08-05 14:30:02.448 23097 23110 I art     : Explicit concurrent mark sweep GC freed 3(96B) AllocSpace objects, 0(0B) LOS objects, 23% free, 52MB/68MB, paused 232us total 14.505ms
08-05 14:30:02.773 23097 23109 I art     : Starting a blocking GC Explicit
08-05 14:30:02.795 23097 23109 I art     : Explicit concurrent mark sweep GC freed 1341(78KB) AllocSpace objects, 1(20KB) LOS objects, 23% free, 52MB/68MB, paused 272us total 21.665ms
08-05 14:30:02.805 23097 23109 I art     : Starting a blocking GC Explicit
08-05 14:30:02.826 23097 23109 I art     : Explicit concurrent mark sweep GC freed 20(704B) AllocSpace objects, 0(0B) LOS objects, 23% free, 52MB/68MB, paused 353us total 20.123ms
08-05 14:30:02.833 23097 23109 I art     : Starting a blocking GC Explicit
08-05 14:30:02.848 23097 23109 I art     : Explicit concurrent mark sweep GC freed 3(96B) AllocSpace objects, 0(0B) LOS objects, 23% free, 52MB/68MB, paused 240us total 15.240ms
08-05 14:30:02.855 23097 23109 I art     : Starting a blocking GC Explicit
08-05 14:30:02.870 23097 23109 I art     : Explicit concurrent mark sweep GC freed 3(96B) AllocSpace objects, 0(0B) LOS objects, 23% free, 52MB/68MB, paused 215us total 14.041ms
08-05 14:30:02.876 23097 23109 I art     : Starting a blocking GC Explicit
08-05 14:30:02.890 23097 23109 I art     : Explicit concurrent mark sweep GC freed 3(96B) AllocSpace objects, 0(0B) LOS objects, 23% free, 52MB/68MB, paused 217us total 14.140ms
08-05 14:30:03.204 23097 23187 I art     : Starting a blocking GC Explicit
08-05 14:30:03.229 23097 23187 I art     : Explicit concurrent mark sweep GC freed 1341(78KB) AllocSpace objects, 1(20KB) LOS objects, 23% free, 52MB/68MB, paused 303us total 25.062ms
08-05 14:30:03.240 23097 23187 I art     : Starting a blocking GC Explicit
08-05 14:30:03.254 23097 23187 I art     : Explicit concurrent mark sweep GC freed 20(704B) AllocSpace objects, 0(0B) LOS objects, 23% free, 52MB/68MB, paused 220us total 14.636ms
08-05 14:30:03.261 23097 23187 I art     : Starting a blocking GC Explicit
08-05 14:30:03.276 23097 23187 I art     : Explicit concurrent mark sweep GC freed 3(96B) AllocSpace objects, 0(0B) LOS objects, 23% free, 52MB/68MB, paused 222us total 14.570ms
08-05 14:30:03.282 23097 23187 I art     : Starting a blocking GC Explicit
08-05 14:30:03.296 23097 23187 I art     : Explicit concurrent mark sweep GC freed 3(96B) AllocSpace objects, 0(0B) LOS objects, 23% free, 52MB/68MB, paused 225us total 14.201ms
08-05 14:30:03.303 23097 23187 I art     : Starting a blocking GC Explicit
08-05 14:30:03.317 23097 23187 I art     : Explicit concurrent mark sweep GC freed 3(96B) AllocSpace objects, 0(0B) LOS objects, 23% free, 52MB/68MB, paused 225us total 14.547ms
08-05 14:30:03.634 23097 23186 I art     : Starting a blocking GC Explicit
08-05 14:30:03.650 23097 23186 I art     : Explicit concurrent mark sweep GC freed 1341(78KB) AllocSpace objects, 1(20KB) LOS objects, 23% free, 52MB/68MB, paused 297us total 16.255ms
08-05 14:30:03.657 23097 23186 I art     : Starting a blocking GC Explicit
08-05 14:30:03.672 23097 23186 I art     : Explicit concurrent mark sweep GC freed 20(704B) AllocSpace objects, 0(0B) LOS objects, 23% free, 52MB/68MB, paused 238us total 14.494ms
08-05 14:30:03.678 23097 23186 I art     : Starting a blocking GC Explicit
08-05 14:30:03.693 23097 23186 I art     : Explicit concurrent mark sweep GC freed 3(96B) AllocSpace objects, 0(0B) LOS objects, 23% free, 52MB/68MB, paused 240us total 14.575ms
08-05 14:30:03.700 23097 23186 I art     : Starting a blocking GC Explicit
08-05 14:30:03.714 23097 23186 I art     : Explicit concurrent mark sweep GC freed 3(96B) AllocSpace objects, 0(0B) LOS objects, 23% free, 52MB/68MB, paused 229us total 13.783ms
08-05 14:30:03.720 23097 23186 I art     : Starting a blocking GC Explicit
08-05 14:30:03.734 23097 23186 I art     : Explicit concurrent mark sweep GC freed 3(96B) AllocSpace objects, 0(0B) LOS objects, 23% free, 52MB/68MB, paused 238us total 13.826ms
08-05 14:30:03.904 23873 23873 D AndroidRuntime: >>>>>> START com.android.internal.os.RuntimeInit uid 2000 <<<<<<
08-05 14:30:03.909 23873 23873 D AndroidRuntime: CheckJNI is OFF
08-05 14:30:03.934 23873 23873 D ICU     : No timezone override file found: /data/misc/zoneinfo/current/icu/icu_tzdata.dat
08-05 14:30:03.959 23873 23873 I Radio-JNI: register_android_hardware_Radio DONE
08-05 14:30:03.975 23873 23873 D AndroidRuntime: Calling main entry com.android.commands.input.Input
08-05 14:30:03.976 23873 23873 I Input   : injectKeyEvent: KeyEvent { action=ACTION_DOWN, keyCode=KEYCODE_BACK, scanCode=0, metaState=0, flags=0x0, repeatCount=0, eventTime=801020390, downTime=801020390, deviceId=-1, source=0x101 }
08-05 14:30:03.984 23873 23873 I Input   : injectKeyEvent: KeyEvent { action=ACTION_UP, keyCode=KEYCODE_BACK, scanCode=0, metaState=0, flags=0x0, repeatCount=0, eventTime=801020390, downTime=801020390, deviceId=-1, source=0x101 }
08-05 14:30:03.990 23873 23873 D AndroidRuntime: Shutting down VM
08-05 14:30:04.024 23097 23110 I art     : Starting a blocking GC Explicit
08-05 14:30:04.029 13866 13866 I GoogleInputMethodServic: GoogleInputMethodService.onFinishInput():3138 
08-05 14:30:04.029 13866 13866 I GoogleInputMethodServic: GoogleInputMethodService.onStartInput():1808 
08-05 14:30:04.041 23097 23110 I art     : Explicit concurrent mark sweep GC freed 1509(86KB) AllocSpace objects, 1(20KB) LOS objects, 23% free, 52MB/68MB, paused 1.430ms total 16.318ms
08-05 14:30:04.047 23097 23110 I art     : Starting a blocking GC Explicit
08-05 14:30:04.063 23097 23110 I art     : Explicit concurrent mark sweep GC freed 30(1040B) AllocSpace objects, 0(0B) LOS objects, 23% free, 52MB/68MB, paused 269us total 15.544ms
08-05 14:30:04.069 23097 23110 I art     : Starting a blocking GC Explicit
08-05 14:30:04.082 23097 23110 I art     : Explicit concurrent mark sweep GC freed 6(224B) AllocSpace objects, 0(0B) LOS objects, 23% free, 52MB/68MB, paused 229us total 12.528ms
08-05 14:30:04.088 23097 23110 I art     : Starting a blocking GC Explicit
08-05 14:30:04.100 23097 23110 I art     : Explicit concurrent mark sweep GC freed 3(96B) AllocSpace objects, 0(0B) LOS objects, 23% free, 52MB/68MB, paused 230us total 12.269ms
08-05 14:30:04.106 23097 23110 I art     : Starting a blocking GC Explicit
08-05 14:30:04.120 23097 23110 I art     : Explicit concurrent mark sweep GC freed 3(96B) AllocSpace objects, 0(0B) LOS objects, 23% free, 52MB/68MB, paused 230us total 13.920ms
08-05 14:30:04.321   380   380 W SurfaceFlinger: couldn't log to binary event log: overflow.
08-05 14:30:04.359 23097 23109 I art     : Starting a blocking GC Explicit
08-05 14:30:04.373 23097 23109 I art     : Explicit concurrent mark sweep GC freed 1451(87KB) AllocSpace objects, 1(20KB) LOS objects, 23% free, 52MB/68MB, paused 225us total 13.990ms
08-05 14:30:04.379 23097 23109 I art     : Starting a blocking GC Explicit
08-05 14:30:04.394 23097 23109 I art     : Explicit concurrent mark sweep GC freed 1672(107KB) AllocSpace objects, 3(400KB) LOS objects, 23% free, 51MB/67MB, paused 242us total 14.583ms
08-05 14:30:04.400 23097 23109 I art     : Starting a blocking GC Explicit
08-05 14:30:04.414 23097 23109 I art     : Explicit concurrent mark sweep GC freed 3(96B) AllocSpace objects, 0(0B) LOS objects, 23% free, 51MB/67MB, paused 230us total 14.203ms
08-05 14:30:04.421 23097 23109 I art     : Starting a blocking GC Explicit
08-05 14:30:04.435 23097 23109 I art     : Explicit concurrent mark sweep GC freed 3(96B) AllocSpace objects, 0(0B) LOS objects, 23% free, 51MB/67MB, paused 260us total 14.070ms
08-05 14:30:04.442 23097 23109 I art     : Starting a blocking GC Explicit
08-05 14:30:04.457 23097 23109 I art     : Explicit concurrent mark sweep GC freed 3(96B) AllocSpace objects, 0(0B) LOS objects, 23% free, 51MB/67MB, paused 244us total 14.735ms
08-05 14:30:04.734 23097 23187 I art     : Starting a blocking GC Explicit
08-05 14:30:04.755 23097 23187 I art     : Explicit concurrent mark sweep GC freed 1341(78KB) AllocSpace objects, 1(20KB) LOS objects, 23% free, 51MB/67MB, paused 285us total 20.541ms
08-05 14:30:04.764 23097 23187 I art     : Starting a blocking GC Explicit
08-05 14:30:04.779 23097 23187 I art     : Explicit concurrent mark sweep GC freed 20(704B) AllocSpace objects, 0(0B) LOS objects, 23% free, 51MB/67MB, paused 228us total 14.678ms
08-05 14:30:04.786 23097 23187 I art     : Starting a blocking GC Explicit
08-05 14:30:04.801 23097 23187 I art     : Explicit concurrent mark sweep GC freed 3(96B) AllocSpace objects, 0(0B) LOS objects, 23% free, 51MB/67MB, paused 223us total 14.880ms
08-05 14:30:04.807 23097 23187 I art     : Starting a blocking GC Explicit
08-05 14:30:04.821 23097 23187 I art     : Explicit concurrent mark sweep GC freed 3(96B) AllocSpace objects, 0(0B) LOS objects, 23% free, 51MB/67MB, paused 220us total 13.921ms
08-05 14:30:04.828 23097 23187 I art     : Starting a blocking GC Explicit
08-05 14:30:04.842 23097 23187 I art     : Explicit concurrent mark sweep GC freed 3(96B) AllocSpace objects, 0(0B) LOS objects, 23% free, 51MB/67MB, paused 226us total 14.089ms
08-05 14:30:05.121 23097 23186 I art     : Starting a blocking GC Explicit
08-05 14:30:05.143 23097 23186 I art     : Explicit concurrent mark sweep GC freed 1340(78KB) AllocSpace objects, 1(20KB) LOS objects, 23% free, 51MB/67MB, paused 275us total 20.917ms
08-05 14:30:05.153 23097 23186 I art     : Starting a blocking GC Explicit
08-05 14:30:05.172 23097 23186 I art     : Explicit concurrent mark sweep GC freed 20(704B) AllocSpace objects, 0(0B) LOS objects, 23% free, 51MB/67MB, paused 256us total 18.288ms
08-05 14:30:05.180 23097 23186 I art     : Starting a blocking GC Explicit
08-05 14:30:05.195 23097 23186 I art     : Explicit concurrent mark sweep GC freed 3(96B) AllocSpace objects, 0(0B) LOS objects, 23% free, 51MB/67MB, paused 229us total 14.791ms
08-05 14:30:05.202 23097 23186 I art     : Starting a blocking GC Explicit
08-05 14:30:05.217 23097 23186 I art     : Explicit concurrent mark sweep GC freed 3(96B) AllocSpace objects, 0(0B) LOS objects, 23% free, 51MB/67MB, paused 237us total 15.006ms
08-05 14:30:05.223 23097 23186 I art     : Starting a blocking GC Explicit
08-05 14:30:05.237 23097 23186 I art     : Explicit concurrent mark sweep GC freed 3(96B) AllocSpace objects, 0(0B) LOS objects, 23% free, 51MB/67MB, paused 396us total 13.364ms
08-05 14:30:05.492 23097 23110 I art     : Starting a blocking GC Explicit
08-05 14:30:05.507 23097 23110 I art     : Explicit concurrent mark sweep GC freed 1340(78KB) AllocSpace objects, 1(20KB) LOS objects, 23% free, 51MB/67MB, paused 243us total 14.640ms
08-05 14:30:05.513 23097 23110 I art     : Starting a blocking GC Explicit
08-05 14:30:05.527 23097 23110 I art     : Explicit concurrent mark sweep GC freed 20(704B) AllocSpace objects, 0(0B) LOS objects, 23% free, 51MB/67MB, paused 229us total 13.861ms
08-05 14:30:05.533 23097 23110 I art     : Starting a blocking GC Explicit
08-05 14:30:05.545 23928 23928 D AndroidRuntime: >>>>>> START com.android.internal.os.RuntimeInit uid 2000 <<<<<<
08-05 14:30:05.547 23097 23110 I art     : Explicit concurrent mark sweep GC freed 3(96B) AllocSpace objects, 0(0B) LOS objects, 23% free, 51MB/67MB, paused 240us total 13.787ms
08-05 14:30:05.549 23928 23928 D AndroidRuntime: CheckJNI is OFF
08-05 14:30:05.554 23097 23110 I art     : Starting a blocking GC Explicit
08-05 14:30:05.567 23097 23110 I art     : Explicit concurrent mark sweep GC freed 3(96B) AllocSpace objects, 0(0B) LOS objects, 23% free, 51MB/67MB, paused 233us total 13.347ms
08-05 14:30:05.573 23097 23110 I art     : Starting a blocking GC Explicit
08-05 14:30:05.576 23928 23928 D ICU     : No timezone override file found: /data/misc/zoneinfo/current/icu/icu_tzdata.dat
08-05 14:30:05.586 23097 23110 I art     : Explicit concurrent mark sweep GC freed 3(96B) AllocSpace objects, 0(0B) LOS objects, 23% free, 51MB/67MB, paused 231us total 12.879ms
08-05 14:30:05.600 23928 23928 I Radio-JNI: register_android_hardware_Radio DONE
08-05 14:30:05.616 23928 23928 D AndroidRuntime: Calling main entry com.android.commands.input.Input
08-05 14:30:05.617 23928 23928 I Input   : injectMotionEvent: MotionEvent { action=ACTION_DOWN, actionButton=0, id[0]=0, x[0]=733.0, y[0]=1370.0, toolType[0]=TOOL_TYPE_UNKNOWN, buttonState=0, metaState=0, flags=0x0, edgeFlags=0x0, pointerCount=1, historySize=0, eventTime=801022030, downTime=801022030, deviceId=0, source=0x1002 }
08-05 14:30:05.623 23928 23928 I Input   : injectMotionEvent: MotionEvent { action=ACTION_UP, actionButton=0, id[0]=0, x[0]=733.0, y[0]=1370.0, toolType[0]=TOOL_TYPE_UNKNOWN, buttonState=0, metaState=0, flags=0x0, edgeFlags=0x0, pointerCount=1, historySize=0, eventTime=801022030, downTime=801022030, deviceId=0, source=0x1002 }
08-05 14:30:05.624   918  4400 I ActivityManager: START u0 {cmp=baseline.appteam.nith.hillffair/.activities.ClubActivity (has extras)} from uid 10675 on display 0
08-05 14:30:05.630 23928 23928 D AndroidRuntime: Shutting down VM
08-05 14:30:05.737   918   936 I ActivityManager: Displayed baseline.appteam.nith.hillffair/.activities.ClubActivity: +106ms
08-05 14:30:05.738 13866 13866 I GoogleInputMethodServic: GoogleInputMethodService.onFinishInput():3138 
08-05 14:30:05.741 13866 13866 I GoogleInputMethodServic: GoogleInputMethodService.onStartInput():1808 
08-05 14:30:05.819 23097 23186 I art     : Starting a blocking GC Explicit
08-05 14:30:05.833 23097 23186 I art     : Explicit concurrent mark sweep GC freed 4973(290KB) AllocSpace objects, 1(20KB) LOS objects, 23% free, 52MB/68MB, paused 275us total 14.070ms
08-05 14:30:05.839 23097 23186 I art     : Starting a blocking GC Explicit
08-05 14:30:05.853 23097 23186 I art     : Explicit concurrent mark sweep GC freed 209(9KB) AllocSpace objects, 0(0B) LOS objects, 23% free, 52MB/68MB, paused 256us total 13.440ms
08-05 14:30:05.859 23097 23186 I art     : Starting a blocking GC Explicit
08-05 14:30:05.873 23097 23186 I art     : Explicit concurrent mark sweep GC freed 3(96B) AllocSpace objects, 0(0B) LOS objects, 23% free, 52MB/68MB, paused 255us total 13.220ms
08-05 14:30:05.879 23097 23186 I art     : Starting a blocking GC Explicit
08-05 14:30:05.893 23097 23186 I art     : Explicit concurrent mark sweep GC freed 3(96B) AllocSpace objects, 0(0B) LOS objects, 23% free, 52MB/68MB, paused 256us total 13.562ms
08-05 14:30:05.899 23097 23186 I art     : Starting a blocking GC Explicit
08-05 14:30:05.912 23097 23186 I art     : Explicit concurrent mark sweep GC freed 3(96B) AllocSpace objects, 0(0B) LOS objects, 23% free, 52MB/68MB, paused 254us total 13.412ms
08-05 14:30:06.157 23097 23110 I art     : Starting a blocking GC Explicit
08-05 14:30:06.175 23097 23110 I art     : Explicit concurrent mark sweep GC freed 1451(84KB) AllocSpace objects, 1(20KB) LOS objects, 23% free, 52MB/68MB, paused 411us total 17.113ms
08-05 14:30:06.181 23097 23110 I art     : Starting a blocking GC Explicit
08-05 14:30:06.196 23097 23110 I art     : Explicit concurrent mark sweep GC freed 32(1136B) AllocSpace objects, 0(0B) LOS objects, 23% free, 52MB/68MB, paused 284us total 14.659ms
08-05 14:30:06.203 23097 23110 I art     : Starting a blocking GC Explicit
08-05 14:30:06.216 23097 23110 I art     : Explicit concurrent mark sweep GC freed 10(352B) AllocSpace objects, 0(0B) LOS objects, 23% free, 52MB/68MB, paused 275us total 13.555ms
08-05 14:30:06.222 23097 23110 I art     : Starting a blocking GC Explicit
08-05 14:30:06.236 23097 23110 I art     : Explicit concurrent mark sweep GC freed 8(288B) AllocSpace objects, 0(0B) LOS objects, 23% free, 52MB/68MB, paused 261us total 13.480ms
08-05 14:30:06.242 23097 23110 I art     : Starting a blocking GC Explicit
08-05 14:30:06.256 23097 23110 I art     : Explicit concurrent mark sweep GC freed 8(288B) AllocSpace objects, 0(0B) LOS objects, 23% free, 52MB/68MB, paused 243us total 13.640ms
08-05 14:30:06.337 23097 23954 D OkHttp  : --> GET https://api-hillfair-2k16.herokuapp.com/api/app/events/special/event?id=580655cddcba0f490c70fdd0 http/1.1
08-05 14:30:06.379 23097 23954 D OkHttp  : <-- 200 OK https://api-hillfair-2k16.herokuapp.com/api/app/events/special/event?id=580655cddcba0f490c70fdd0 (41ms, 721-byte body)
08-05 14:30:06.425 23097 23097 I NAPPA_EXPERIMENTATION: MetricNetworkRequestExecutionTime: REQUEST_DURATION_SYSTEM='769',REQUEST_DURATION_OKHTTP='42',REQUEST_SYNCHRONOUS='FALSE',RESPONSE_CODE='200',RESPONSE_METHOD='GET',RESPONSE_LENGTH_OKHTTP='721',RESPONSE_LENGTH_HEADER='721',REQUEST_PROTOCOL='http/1.1',REQUEST_URL='https://api-hillfair-2k16.herokuapp.com/api/app/events/special/event?id=580655cddcba0f490c70fdd0',
08-05 14:30:06.530 23097 23187 I art     : Starting a blocking GC Explicit
08-05 14:30:06.552 23097 23187 I art     : Explicit concurrent mark sweep GC freed 4784(337KB) AllocSpace objects, 4(220KB) LOS objects, 23% free, 52MB/68MB, paused 312us total 22.228ms
08-05 14:30:06.560 23097 23187 I art     : Starting a blocking GC Explicit
08-05 14:30:06.575 23097 23187 I art     : Explicit concurrent mark sweep GC freed 1035(119KB) AllocSpace objects, 0(0B) LOS objects, 23% free, 52MB/68MB, paused 219us total 14.875ms
08-05 14:30:06.582 23097 23187 I art     : Starting a blocking GC Explicit
08-05 14:30:06.596 23097 23187 I art     : Explicit concurrent mark sweep GC freed 3(96B) AllocSpace objects, 0(0B) LOS objects, 23% free, 52MB/68MB, paused 235us total 14.536ms
08-05 14:30:06.603 23097 23187 I art     : Starting a blocking GC Explicit
08-05 14:30:06.617 23097 23187 I art     : Explicit concurrent mark sweep GC freed 3(96B) AllocSpace objects, 0(0B) LOS objects, 23% free, 52MB/68MB, paused 240us total 14.425ms
08-05 14:30:06.624 23097 23187 I art     : Starting a blocking GC Explicit
08-05 14:30:06.638 23097 23187 I art     : Explicit concurrent mark sweep GC freed 3(96B) AllocSpace objects, 0(0B) LOS objects, 23% free, 52MB/68MB, paused 237us total 14.552ms
08-05 14:30:06.925 23097 23186 I art     : Starting a blocking GC Explicit
08-05 14:30:06.946 23097 23186 I art     : Explicit concurrent mark sweep GC freed 1341(78KB) AllocSpace objects, 1(20KB) LOS objects, 23% free, 52MB/68MB, paused 284us total 20.285ms
08-05 14:30:06.955 23097 23186 I art     : Starting a blocking GC Explicit
08-05 14:30:06.970 23097 23186 I art     : Explicit concurrent mark sweep GC freed 36(1264B) AllocSpace objects, 0(0B) LOS objects, 23% free, 52MB/68MB, paused 250us total 15.600ms
08-05 14:30:06.977 23097 23186 I art     : Starting a blocking GC Explicit
08-05 14:30:06.992 23097 23186 I art     : Explicit concurrent mark sweep GC freed 3(96B) AllocSpace objects, 0(0B) LOS objects, 23% free, 52MB/68MB, paused 252us total 14.770ms
08-05 14:30:06.999 23097 23186 I art     : Starting a blocking GC Explicit
08-05 14:30:07.014 23097 23186 I art     : Explicit concurrent mark sweep GC freed 3(96B) AllocSpace objects, 0(0B) LOS objects, 23% free, 52MB/68MB, paused 248us total 14.893ms
08-05 14:30:07.020 23097 23186 I art     : Starting a blocking GC Explicit
08-05 14:30:07.035 23097 23186 I art     : Explicit concurrent mark sweep GC freed 3(96B) AllocSpace objects, 0(0B) LOS objects, 23% free, 52MB/68MB, paused 242us total 14.905ms
08-05 14:30:07.314 23097 23110 I art     : Starting a blocking GC Explicit
08-05 14:30:07.335 23097 23110 I art     : Explicit concurrent mark sweep GC freed 1341(78KB) AllocSpace objects, 1(20KB) LOS objects, 23% free, 52MB/68MB, paused 288us total 21.109ms
08-05 14:30:07.344 23097 23110 I art     : Starting a blocking GC Explicit
08-05 14:30:07.360 23097 23110 I art     : Explicit concurrent mark sweep GC freed 20(704B) AllocSpace objects, 0(0B) LOS objects, 23% free, 52MB/68MB, paused 256us total 16.113ms
08-05 14:30:07.367 23097 23110 I art     : Starting a blocking GC Explicit
08-05 14:30:07.373   918  3261 D WifiStateMachine: starting scan for "H369AA63323"WPA_PSK with 2412,5180
08-05 14:30:07.383 23097 23110 I art     : Explicit concurrent mark sweep GC freed 3(96B) AllocSpace objects, 0(0B) LOS objects, 23% free, 52MB/68MB, paused 232us total 15.240ms
08-05 14:30:07.389 23097 23110 I art     : Starting a blocking GC Explicit
08-05 14:30:07.404 23097 23110 I art     : Explicit concurrent mark sweep GC freed 3(96B) AllocSpace objects, 0(0B) LOS objects, 23% free, 52MB/68MB, paused 241us total 15.022ms
08-05 14:30:07.411 23097 23110 I art     : Starting a blocking GC Explicit
08-05 14:30:07.426 23097 23110 I art     : Explicit concurrent mark sweep GC freed 3(96B) AllocSpace objects, 0(0B) LOS objects, 23% free, 52MB/68MB, paused 311us total 14.964ms
08-05 14:30:07.748 23097 23109 I art     : Starting a blocking GC Explicit
08-05 14:30:07.770 23097 23109 I art     : Explicit concurrent mark sweep GC freed 1341(78KB) AllocSpace objects, 1(20KB) LOS objects, 23% free, 52MB/68MB, paused 275us total 22.016ms
08-05 14:30:07.783 23097 23109 I art     : Starting a blocking GC Explicit
08-05 14:30:07.799 23097 23109 I art     : Explicit concurrent mark sweep GC freed 20(720B) AllocSpace objects, 0(0B) LOS objects, 23% free, 52MB/68MB, paused 241us total 15.131ms
08-05 14:30:07.805 23097 23109 I art     : Starting a blocking GC Explicit
08-05 14:30:07.820 23097 23109 I art     : Explicit concurrent mark sweep GC freed 3(96B) AllocSpace objects, 0(0B) LOS objects, 23% free, 52MB/68MB, paused 235us total 14.909ms
08-05 14:30:07.827 23097 23109 I art     : Starting a blocking GC Explicit
08-05 14:30:07.842 23097 23109 I art     : Explicit concurrent mark sweep GC freed 3(96B) AllocSpace objects, 0(0B) LOS objects, 23% free, 52MB/68MB, paused 217us total 14.813ms
08-05 14:30:07.848 23097 23109 I art     : Starting a blocking GC Explicit
08-05 14:30:07.863 23097 23109 I art     : Explicit concurrent mark sweep GC freed 3(96B) AllocSpace objects, 0(0B) LOS objects, 23% free, 52MB/68MB, paused 255us total 15.087ms
08-05 14:30:08.180 23097 23187 I art     : Starting a blocking GC Explicit
08-05 14:30:08.198 13923 13923 I Atfwd_Sendcmd: AtCmdFwd service not ready - Exhausted retry attempts - :6
08-05 14:30:08.199 13923 13923 I Atfwd_Daemon: result : -1 	 ,Init step :2 	 ,qmiErrorCode: 0
08-05 14:30:08.202 23097 23187 I art     : Explicit concurrent mark sweep GC freed 1341(78KB) AllocSpace objects, 1(20KB) LOS objects, 23% free, 52MB/68MB, paused 297us total 21.687ms
08-05 14:30:08.212 23097 23187 I art     : Starting a blocking GC Explicit
08-05 14:30:08.232 23097 23187 I art     : Explicit concurrent mark sweep GC freed 20(704B) AllocSpace objects, 0(0B) LOS objects, 23% free, 52MB/68MB, paused 270us total 19.639ms
08-05 14:30:08.242 23097 23187 I art     : Starting a blocking GC Explicit
08-05 14:30:08.257 23097 23187 I art     : Explicit concurrent mark sweep GC freed 3(96B) AllocSpace objects, 0(0B) LOS objects, 23% free, 52MB/68MB, paused 255us total 15.306ms
08-05 14:30:08.264 23097 23187 I art     : Starting a blocking GC Explicit
08-05 14:30:08.280 23097 23187 I art     : Explicit concurrent mark sweep GC freed 3(96B) AllocSpace objects, 0(0B) LOS objects, 23% free, 52MB/68MB, paused 225us total 15.390ms
08-05 14:30:08.287 23097 23187 I art     : Starting a blocking GC Explicit
08-05 14:30:08.302 23097 23187 I art     : Explicit concurrent mark sweep GC freed 3(96B) AllocSpace objects, 0(0B) LOS objects, 23% free, 52MB/68MB, paused 242us total 14.852ms
08-05 14:30:08.594 23097 23186 I art     : Starting a blocking GC Explicit
08-05 14:30:08.616 23097 23186 I art     : Explicit concurrent mark sweep GC freed 1341(78KB) AllocSpace objects, 1(20KB) LOS objects, 23% free, 52MB/68MB, paused 290us total 21.535ms
08-05 14:30:08.625 23097 23186 I art     : Starting a blocking GC Explicit
08-05 14:30:08.641 23097 23186 I art     : Explicit concurrent mark sweep GC freed 20(704B) AllocSpace objects, 0(0B) LOS objects, 23% free, 52MB/68MB, paused 256us total 15.720ms
08-05 14:30:08.648 23097 23186 I art     : Starting a blocking GC Explicit
08-05 14:30:08.664 23097 23186 I art     : Explicit concurrent mark sweep GC freed 3(96B) AllocSpace objects, 0(0B) LOS objects, 23% free, 52MB/68MB, paused 254us total 15.318ms
08-05 14:30:08.671 23097 23186 I art     : Starting a blocking GC Explicit
08-05 14:30:08.686 23097 23186 I art     : Explicit concurrent mark sweep GC freed 3(96B) AllocSpace objects, 0(0B) LOS objects, 23% free, 52MB/68MB, paused 264us total 15.241ms
08-05 14:30:08.693 23097 23186 I art     : Starting a blocking GC Explicit
08-05 14:30:08.709 23097 23186 I art     : Explicit concurrent mark sweep GC freed 3(96B) AllocSpace objects, 0(0B) LOS objects, 23% free, 52MB/68MB, paused 250us total 15.762ms
08-05 14:30:09.006 23097 23110 I art     : Starting a blocking GC Explicit
08-05 14:30:09.032 23097 23110 I art     : Explicit concurrent mark sweep GC freed 1341(78KB) AllocSpace objects, 1(20KB) LOS objects, 23% free, 52MB/68MB, paused 260us total 25.876ms
08-05 14:30:09.039 23097 23110 I art     : Starting a blocking GC Explicit
08-05 14:30:09.055 23097 23110 I art     : Explicit concurrent mark sweep GC freed 20(704B) AllocSpace objects, 0(0B) LOS objects, 23% free, 52MB/68MB, paused 257us total 15.715ms
08-05 14:30:09.062 23097 23110 I art     : Starting a blocking GC Explicit
08-05 14:30:09.077 23097 23110 I art     : Explicit concurrent mark sweep GC freed 3(96B) AllocSpace objects, 0(0B) LOS objects, 23% free, 52MB/68MB, paused 264us total 15.123ms
08-05 14:30:09.083 23097 23110 I art     : Starting a blocking GC Explicit
08-05 14:30:09.099 23097 23110 I art     : Explicit concurrent mark sweep GC freed 3(96B) AllocSpace objects, 0(0B) LOS objects, 23% free, 52MB/68MB, paused 239us total 14.974ms
08-05 14:30:09.105 23097 23110 I art     : Starting a blocking GC Explicit
08-05 14:30:09.120 23097 23110 I art     : Explicit concurrent mark sweep GC freed 3(96B) AllocSpace objects, 0(0B) LOS objects, 23% free, 52MB/68MB, paused 237us total 15.060ms
08-05 14:30:09.397 23097 23109 I art     : Starting a blocking GC Explicit
08-05 14:30:09.413 23097 23109 I art     : Explicit concurrent mark sweep GC freed 1341(78KB) AllocSpace objects, 1(20KB) LOS objects, 23% free, 52MB/68MB, paused 238us total 16.198ms
08-05 14:30:09.420 23097 23109 I art     : Starting a blocking GC Explicit
08-05 14:30:09.436 23097 23109 I art     : Explicit concurrent mark sweep GC freed 20(704B) AllocSpace objects, 0(0B) LOS objects, 23% free, 52MB/68MB, paused 244us total 15.583ms
08-05 14:30:09.443 23097 23109 I art     : Starting a blocking GC Explicit
08-05 14:30:09.458 23097 23109 I art     : Explicit concurrent mark sweep GC freed 3(96B) AllocSpace objects, 0(0B) LOS objects, 23% free, 52MB/68MB, paused 241us total 15.190ms
08-05 14:30:09.465 23097 23109 I art     : Starting a blocking GC Explicit
08-05 14:30:09.480 23097 23109 I art     : Explicit concurrent mark sweep GC freed 3(96B) AllocSpace objects, 0(0B) LOS objects, 23% free, 52MB/68MB, paused 243us total 15.246ms
08-05 14:30:09.487 23097 23109 I art     : Starting a blocking GC Explicit
08-05 14:30:09.502 23097 23109 I art     : Explicit concurrent mark sweep GC freed 3(96B) AllocSpace objects, 0(0B) LOS objects, 23% free, 52MB/68MB, paused 240us total 15.057ms
08-05 14:30:09.812 23097 23187 I art     : Starting a blocking GC Explicit
08-05 14:30:09.831 23097 23187 I art     : Explicit concurrent mark sweep GC freed 1341(78KB) AllocSpace objects, 1(20KB) LOS objects, 23% free, 52MB/68MB, paused 292us total 18.337ms
08-05 14:30:09.842 23097 23187 I art     : Starting a blocking GC Explicit
08-05 14:30:09.859 23097 23187 I art     : Explicit concurrent mark sweep GC freed 20(704B) AllocSpace objects, 0(0B) LOS objects, 23% free, 52MB/68MB, paused 238us total 17.495ms
08-05 14:30:09.866 23097 23187 I art     : Starting a blocking GC Explicit
08-05 14:30:09.882 23097 23187 I art     : Explicit concurrent mark sweep GC freed 3(96B) AllocSpace objects, 0(0B) LOS objects, 23% free, 52MB/68MB, paused 218us total 15.137ms
08-05 14:30:09.889 23097 23187 I art     : Starting a blocking GC Explicit
08-05 14:30:09.903 23097 23187 I art     : Explicit concurrent mark sweep GC freed 3(96B) AllocSpace objects, 0(0B) LOS objects, 23% free, 52MB/68MB, paused 228us total 13.777ms
08-05 14:30:09.909 23097 23187 I art     : Starting a blocking GC Explicit
08-05 14:30:09.923 23097 23187 I art     : Explicit concurrent mark sweep GC freed 3(96B) AllocSpace objects, 0(0B) LOS objects, 23% free, 52MB/68MB, paused 231us total 13.788ms
08-05 14:30:10.191 23097 23186 I art     : Starting a blocking GC Explicit
08-05 14:30:10.207 23097 23186 I art     : Explicit concurrent mark sweep GC freed 1341(78KB) AllocSpace objects, 1(20KB) LOS objects, 23% free, 52MB/68MB, paused 320us total 15.710ms
08-05 14:30:10.214 23097 23186 I art     : Starting a blocking GC Explicit
08-05 14:30:10.227 24066 24066 D AndroidRuntime: >>>>>> START com.android.internal.os.RuntimeInit uid 2000 <<<<<<
08-05 14:30:10.230 23097 23186 I art     : Explicit concurrent mark sweep GC freed 20(704B) AllocSpace objects, 0(0B) LOS objects, 23% free, 52MB/68MB, paused 716us total 16.207ms
08-05 14:30:10.232 24066 24066 D AndroidRuntime: CheckJNI is OFF
08-05 14:30:10.236 23097 23186 I art     : Starting a blocking GC Explicit
08-05 14:30:10.251 23097 23186 I art     : Explicit concurrent mark sweep GC freed 3(96B) AllocSpace objects, 0(0B) LOS objects, 23% free, 52MB/68MB, paused 254us total 14.550ms
08-05 14:30:10.258 23097 23186 I art     : Starting a blocking GC Explicit
08-05 14:30:10.261 24066 24066 D ICU     : No timezone override file found: /data/misc/zoneinfo/current/icu/icu_tzdata.dat
08-05 14:30:10.273 23097 23186 I art     : Explicit concurrent mark sweep GC freed 3(96B) AllocSpace objects, 0(0B) LOS objects, 23% free, 52MB/68MB, paused 252us total 14.881ms
08-05 14:30:10.279 23097 23186 I art     : Starting a blocking GC Explicit
08-05 14:30:10.286 24066 24066 I Radio-JNI: register_android_hardware_Radio DONE
08-05 14:30:10.292 23097 23186 I art     : Explicit concurrent mark sweep GC freed 3(96B) AllocSpace objects, 0(0B) LOS objects, 23% free, 52MB/68MB, paused 254us total 13.335ms
08-05 14:30:10.303 24066 24066 D AndroidRuntime: Calling main entry com.android.commands.input.Input
08-05 14:30:10.304 24066 24066 I Input   : injectKeyEvent: KeyEvent { action=ACTION_DOWN, keyCode=KEYCODE_BACK, scanCode=0, metaState=0, flags=0x0, repeatCount=0, eventTime=801026717, downTime=801026717, deviceId=-1, source=0x101 }
08-05 14:30:10.309 24066 24066 I Input   : injectKeyEvent: KeyEvent { action=ACTION_UP, keyCode=KEYCODE_BACK, scanCode=0, metaState=0, flags=0x0, repeatCount=0, eventTime=801026717, downTime=801026717, deviceId=-1, source=0x101 }
08-05 14:30:10.315 24066 24066 D AndroidRuntime: Shutting down VM
08-05 14:30:10.353 13866 13866 I GoogleInputMethodServic: GoogleInputMethodService.onFinishInput():3138 
08-05 14:30:10.354 13866 13866 I GoogleInputMethodServic: GoogleInputMethodService.onStartInput():1808 
08-05 14:30:10.571 23097 23110 I art     : Starting a blocking GC Explicit
08-05 14:30:10.591 23097 23110 I art     : Explicit concurrent mark sweep GC freed 1511(85KB) AllocSpace objects, 1(20KB) LOS objects, 23% free, 52MB/68MB, paused 255us total 20.075ms
08-05 14:30:10.600 23097 23110 I art     : Starting a blocking GC Explicit
08-05 14:30:10.621 23097 23110 I art     : Explicit concurrent mark sweep GC freed 26(944B) AllocSpace objects, 0(0B) LOS objects, 23% free, 52MB/68MB, paused 295us total 20.966ms
08-05 14:30:10.628 23097 23110 I art     : Starting a blocking GC Explicit
08-05 14:30:10.645 23097 23110 I art     : Explicit concurrent mark sweep GC freed 3(96B) AllocSpace objects, 0(0B) LOS objects, 23% free, 52MB/68MB, paused 260us total 17.115ms
08-05 14:30:10.652 23097 23110 I art     : Starting a blocking GC Explicit
08-05 14:30:10.661   380   380 W SurfaceFlinger: couldn't log to binary event log: overflow.
08-05 14:30:10.669 23097 23110 I art     : Explicit concurrent mark sweep GC freed 91(7KB) AllocSpace objects, 0(0B) LOS objects, 23% free, 52MB/68MB, paused 329us total 16.647ms
08-05 14:30:10.676 23097 23110 I art     : Starting a blocking GC Explicit
08-05 14:30:10.690 23097 23110 I art     : Explicit concurrent mark sweep GC freed 24(1168B) AllocSpace objects, 0(0B) LOS objects, 23% free, 52MB/68MB, paused 254us total 13.968ms
08-05 14:30:10.965 23097 23187 I art     : Starting a blocking GC Explicit
08-05 14:30:10.982 23097 23187 I art     : Explicit concurrent mark sweep GC freed 2993(184KB) AllocSpace objects, 4(420KB) LOS objects, 23% free, 51MB/67MB, paused 274us total 17.020ms
08-05 14:30:10.989 23097 23187 I art     : Starting a blocking GC Explicit
08-05 14:30:11.004 23097 23187 I art     : Explicit concurrent mark sweep GC freed 20(704B) AllocSpace objects, 0(0B) LOS objects, 23% free, 51MB/67MB, paused 248us total 15.139ms
08-05 14:30:11.011 23097 23187 I art     : Starting a blocking GC Explicit
08-05 14:30:11.027 23097 23187 I art     : Explicit concurrent mark sweep GC freed 3(96B) AllocSpace objects, 0(0B) LOS objects, 23% free, 51MB/67MB, paused 241us total 15.037ms
08-05 14:30:11.033 23097 23187 I art     : Starting a blocking GC Explicit
08-05 14:30:11.049 23097 23187 I art     : Explicit concurrent mark sweep GC freed 3(96B) AllocSpace objects, 0(0B) LOS objects, 23% free, 51MB/67MB, paused 250us total 15.644ms
08-05 14:30:11.056 23097 23187 I art     : Starting a blocking GC Explicit
08-05 14:30:11.071 23097 23187 I art     : Explicit concurrent mark sweep GC freed 3(96B) AllocSpace objects, 0(0B) LOS objects, 23% free, 51MB/67MB, paused 247us total 15.231ms
08-05 14:30:11.353 23097 23186 I art     : Starting a blocking GC Explicit
08-05 14:30:11.376 23097 23186 I art     : Explicit concurrent mark sweep GC freed 1340(78KB) AllocSpace objects, 1(20KB) LOS objects, 23% free, 51MB/67MB, paused 311us total 21.875ms
08-05 14:30:11.383 23097 23186 I art     : Starting a blocking GC Explicit
08-05 14:30:11.399 23097 23186 I art     : Explicit concurrent mark sweep GC freed 20(704B) AllocSpace objects, 0(0B) LOS objects, 23% free, 51MB/67MB, paused 252us total 15.264ms
08-05 14:30:11.405 23097 23186 I art     : Starting a blocking GC Explicit
08-05 14:30:11.420 23097 23186 I art     : Explicit concurrent mark sweep GC freed 3(96B) AllocSpace objects, 0(0B) LOS objects, 23% free, 51MB/67MB, paused 248us total 14.736ms
08-05 14:30:11.427 23097 23186 I art     : Starting a blocking GC Explicit
08-05 14:30:11.441 23097 23186 I art     : Explicit concurrent mark sweep GC freed 3(96B) AllocSpace objects, 0(0B) LOS objects, 23% free, 51MB/67MB, paused 246us total 14.355ms
08-05 14:30:11.448 23097 23186 I art     : Starting a blocking GC Explicit
08-05 14:30:11.462 23097 23186 I art     : Explicit concurrent mark sweep GC freed 3(96B) AllocSpace objects, 0(0B) LOS objects, 23% free, 51MB/67MB, paused 251us total 14.400ms
08-05 14:30:11.700 23097 23109 I art     : Starting a blocking GC Explicit
08-05 14:30:11.715 23097 23109 I art     : Explicit concurrent mark sweep GC freed 1340(78KB) AllocSpace objects, 1(20KB) LOS objects, 23% free, 51MB/67MB, paused 255us total 14.775ms
08-05 14:30:11.722 23097 23109 I art     : Starting a blocking GC Explicit
08-05 14:30:11.736 23097 23109 I art     : Explicit concurrent mark sweep GC freed 20(704B) AllocSpace objects, 0(0B) LOS objects, 23% free, 51MB/67MB, paused 246us total 14.334ms
08-05 14:30:11.743 23097 23109 I art     : Starting a blocking GC Explicit
08-05 14:30:11.758 23097 23109 I art     : Explicit concurrent mark sweep GC freed 3(96B) AllocSpace objects, 0(0B) LOS objects, 23% free, 51MB/67MB, paused 259us total 14.932ms
08-05 14:30:11.764 23097 23109 I art     : Starting a blocking GC Explicit
08-05 14:30:11.778 23097 23109 I art     : Explicit concurrent mark sweep GC freed 3(96B) AllocSpace objects, 0(0B) LOS objects, 23% free, 51MB/67MB, paused 235us total 13.917ms
08-05 14:30:11.784 23097 23109 I art     : Starting a blocking GC Explicit
08-05 14:30:11.798 23097 23109 I art     : Explicit concurrent mark sweep GC freed 3(96B) AllocSpace objects, 0(0B) LOS objects, 23% free, 51MB/67MB, paused 237us total 13.612ms
08-05 14:30:11.859 24120 24120 D AndroidRuntime: >>>>>> START com.android.internal.os.RuntimeInit uid 2000 <<<<<<
08-05 14:30:11.863 24120 24120 D AndroidRuntime: CheckJNI is OFF
08-05 14:30:11.890 24120 24120 D ICU     : No timezone override file found: /data/misc/zoneinfo/current/icu/icu_tzdata.dat
08-05 14:30:11.917 24120 24120 I Radio-JNI: register_android_hardware_Radio DONE
08-05 14:30:11.933 24120 24120 D AndroidRuntime: Calling main entry com.android.commands.input.Input
08-05 14:30:11.934 24120 24120 I Input   : injectMotionEvent: MotionEvent { action=ACTION_DOWN, actionButton=0, id[0]=0, x[0]=733.0, y[0]=1957.0, toolType[0]=TOOL_TYPE_UNKNOWN, buttonState=0, metaState=0, flags=0x0, edgeFlags=0x0, pointerCount=1, historySize=0, eventTime=801028347, downTime=801028347, deviceId=0, source=0x1002 }
08-05 14:30:11.939 24120 24120 I Input   : injectMotionEvent: MotionEvent { action=ACTION_UP, actionButton=0, id[0]=0, x[0]=733.0, y[0]=1957.0, toolType[0]=TOOL_TYPE_UNKNOWN, buttonState=0, metaState=0, flags=0x0, edgeFlags=0x0, pointerCount=1, historySize=0, eventTime=801028347, downTime=801028347, deviceId=0, source=0x1002 }
08-05 14:30:11.940   918   928 I ActivityManager: START u0 {cmp=baseline.appteam.nith.hillffair/.activities.ClubActivity (has extras)} from uid 10675 on display 0
08-05 14:30:11.949 24120 24120 D AndroidRuntime: Shutting down VM
08-05 14:30:12.029 23097 23109 I art     : Starting a blocking GC Explicit
08-05 14:30:12.030   918   936 I ActivityManager: Displayed baseline.appteam.nith.hillffair/.activities.ClubActivity: +81ms
08-05 14:30:12.034 13866 13866 I GoogleInputMethodServic: GoogleInputMethodService.onFinishInput():3138 
08-05 14:30:12.034 13866 13866 I GoogleInputMethodServic: GoogleInputMethodService.onStartInput():1808 
08-05 14:30:12.045 23097 23109 I art     : Explicit concurrent mark sweep GC freed 4973(291KB) AllocSpace objects, 1(20KB) LOS objects, 23% free, 52MB/68MB, paused 310us total 15.658ms
08-05 14:30:12.053 23097 23109 I art     : Starting a blocking GC Explicit
08-05 14:30:12.068 23097 23109 I art     : Explicit concurrent mark sweep GC freed 278(14KB) AllocSpace objects, 0(0B) LOS objects, 23% free, 52MB/68MB, paused 271us total 15.454ms
08-05 14:30:12.075 23097 23109 I art     : Starting a blocking GC Explicit
08-05 14:30:12.089 23097 23109 I art     : Explicit concurrent mark sweep GC freed 3(96B) AllocSpace objects, 0(0B) LOS objects, 23% free, 52MB/68MB, paused 261us total 13.869ms
08-05 14:30:12.095 23097 23109 I art     : Starting a blocking GC Explicit
08-05 14:30:12.109 23097 23109 I art     : Explicit concurrent mark sweep GC freed 3(96B) AllocSpace objects, 0(0B) LOS objects, 23% free, 52MB/68MB, paused 261us total 13.563ms
08-05 14:30:12.116 23097 23109 I art     : Starting a blocking GC Explicit
08-05 14:30:12.129 23097 23109 I art     : Explicit concurrent mark sweep GC freed 3(96B) AllocSpace objects, 0(0B) LOS objects, 23% free, 52MB/68MB, paused 284us total 13.544ms
08-05 14:30:12.290   380   380 W SurfaceFlinger: couldn't log to binary event log: overflow.
08-05 14:30:12.372 23097 23187 I art     : Starting a blocking GC Explicit
08-05 14:30:12.387 23097 23187 I art     : Explicit concurrent mark sweep GC freed 1342(78KB) AllocSpace objects, 1(20KB) LOS objects, 23% free, 52MB/68MB, paused 327us total 14.580ms
08-05 14:30:12.394 23097 23187 I art     : Starting a blocking GC Explicit
08-05 14:30:12.409 23097 23187 I art     : Explicit concurrent mark sweep GC freed 20(704B) AllocSpace objects, 0(0B) LOS objects, 23% free, 52MB/68MB, paused 291us total 14.699ms
08-05 14:30:12.415 23097 23187 I art     : Starting a blocking GC Explicit
08-05 14:30:12.434 23097 23187 I art     : Explicit concurrent mark sweep GC freed 103(5KB) AllocSpace objects, 0(0B) LOS objects, 23% free, 52MB/68MB, paused 432us total 19.050ms
08-05 14:30:12.444 23097 23187 I art     : Starting a blocking GC Explicit
08-05 14:30:12.459 23097 23187 I art     : Explicit concurrent mark sweep GC freed 10(368B) AllocSpace objects, 0(0B) LOS objects, 23% free, 52MB/68MB, paused 256us total 15.202ms
08-05 14:30:12.467 23097 23187 I art     : Starting a blocking GC Explicit
08-05 14:30:12.481 23097 23187 I art     : Explicit concurrent mark sweep GC freed 12(432B) AllocSpace objects, 0(0B) LOS objects, 23% free, 52MB/68MB, paused 355us total 14.193ms
08-05 14:30:12.751 23097 23110 I art     : Starting a blocking GC Explicit
08-05 14:30:12.769 23097 23110 I art     : Explicit concurrent mark sweep GC freed 2383(151KB) AllocSpace objects, 3(140KB) LOS objects, 23% free, 52MB/68MB, paused 540us total 18.301ms
08-05 14:30:12.777 23097 23110 I art     : Starting a blocking GC Explicit
08-05 14:30:12.780 23097 24149 D OkHttp  : --> GET https://api-hillfair-2k16.herokuapp.com/api/app/events/special/event?id=58065620dcba0f490c70fe09 http/1.1
08-05 14:30:12.793 23097 23110 I art     : Explicit concurrent mark sweep GC freed 2378(155KB) AllocSpace objects, 1(80KB) LOS objects, 23% free, 52MB/68MB, paused 314us total 16.061ms
08-05 14:30:12.800 23097 23110 I art     : Starting a blocking GC Explicit
08-05 14:30:12.814 23097 23110 I art     : Explicit concurrent mark sweep GC freed 227(25KB) AllocSpace objects, 0(0B) LOS objects, 23% free, 52MB/68MB, paused 260us total 14.074ms
08-05 14:30:12.819 23097 24149 D OkHttp  : <-- 200 OK https://api-hillfair-2k16.herokuapp.com/api/app/events/special/event?id=58065620dcba0f490c70fe09 (38ms, 682-byte body)
08-05 14:30:12.820 23097 23110 I art     : Starting a blocking GC Explicit
08-05 14:30:12.833 23097 23110 I art     : Explicit concurrent mark sweep GC freed 163(31KB) AllocSpace objects, 0(0B) LOS objects, 23% free, 52MB/68MB, paused 252us total 13.483ms
08-05 14:30:12.839 23097 23110 I art     : Starting a blocking GC Explicit
08-05 14:30:12.854 23097 23110 I art     : Explicit concurrent mark sweep GC freed 77(6KB) AllocSpace objects, 0(0B) LOS objects, 23% free, 52MB/68MB, paused 282us total 14.209ms
08-05 14:30:12.866 23097 23097 I NAPPA_EXPERIMENTATION: MetricNetworkRequestExecutionTime: REQUEST_DURATION_SYSTEM='897',REQUEST_DURATION_OKHTTP='38',REQUEST_SYNCHRONOUS='FALSE',RESPONSE_CODE='200',RESPONSE_METHOD='GET',RESPONSE_LENGTH_OKHTTP='682',RESPONSE_LENGTH_HEADER='682',REQUEST_PROTOCOL='http/1.1',REQUEST_URL='https://api-hillfair-2k16.herokuapp.com/api/app/events/special/event?id=58065620dcba0f490c70fe09',
08-05 14:30:13.139 23097 23110 I art     : Starting a blocking GC Explicit
08-05 14:30:13.157 23097 23110 I art     : Explicit concurrent mark sweep GC freed 1975(166KB) AllocSpace objects, 1(20KB) LOS objects, 23% free, 52MB/68MB, paused 298us total 18.393ms
08-05 14:30:13.164 23097 23110 I art     : Starting a blocking GC Explicit
08-05 14:30:13.180 23097 23110 I art     : Explicit concurrent mark sweep GC freed 64(2112B) AllocSpace objects, 0(0B) LOS objects, 23% free, 52MB/68MB, paused 253us total 15.580ms
08-05 14:30:13.187 23097 23110 I art     : Starting a blocking GC Explicit
08-05 14:30:13.202 23097 23110 I art     : Explicit concurrent mark sweep GC freed 3(96B) AllocSpace objects, 0(0B) LOS objects, 23% free, 52MB/68MB, paused 286us total 15.051ms
08-05 14:30:13.209 23097 23110 I art     : Starting a blocking GC Explicit
08-05 14:30:13.224 23097 23110 I art     : Explicit concurrent mark sweep GC freed 3(96B) AllocSpace objects, 0(0B) LOS objects, 23% free, 52MB/68MB, paused 302us total 14.550ms
08-05 14:30:13.230 23097 23110 I art     : Starting a blocking GC Explicit
08-05 14:30:13.246 23097 23110 I art     : Explicit concurrent mark sweep GC freed 3(96B) AllocSpace objects, 0(0B) LOS objects, 23% free, 52MB/68MB, paused 261us total 14.995ms
08-05 14:30:13.518 23097 23187 I art     : Starting a blocking GC Explicit
08-05 14:30:13.536 23097 23187 I art     : Explicit concurrent mark sweep GC freed 1357(78KB) AllocSpace objects, 1(20KB) LOS objects, 23% free, 52MB/68MB, paused 284us total 18.062ms
08-05 14:30:13.543 23097 23187 I art     : Starting a blocking GC Explicit
08-05 14:30:13.559 23097 23187 I art     : Explicit concurrent mark sweep GC freed 20(704B) AllocSpace objects, 0(0B) LOS objects, 23% free, 52MB/68MB, paused 273us total 15.452ms
08-05 14:30:13.566 23097 23187 I art     : Starting a blocking GC Explicit
08-05 14:30:13.581 23097 23187 I art     : Explicit concurrent mark sweep GC freed 3(96B) AllocSpace objects, 0(0B) LOS objects, 23% free, 52MB/68MB, paused 269us total 15.212ms
08-05 14:30:13.588 23097 23187 I art     : Starting a blocking GC Explicit
08-05 14:30:13.603 23097 23187 I art     : Explicit concurrent mark sweep GC freed 3(96B) AllocSpace objects, 0(0B) LOS objects, 23% free, 52MB/68MB, paused 264us total 15.340ms
08-05 14:30:13.610 23097 23187 I art     : Starting a blocking GC Explicit
08-05 14:30:13.625 23097 23187 I art     : Explicit concurrent mark sweep GC freed 3(96B) AllocSpace objects, 0(0B) LOS objects, 23% free, 52MB/68MB, paused 257us total 15.267ms
08-05 14:30:13.784   518   646 I ThermalEngine: ACTION: GPU - Setting GPU[0] to 510000000
08-05 14:30:13.945 23097 23110 I art     : Starting a blocking GC Explicit
08-05 14:30:13.970 23097 23110 I art     : Explicit concurrent mark sweep GC freed 1341(78KB) AllocSpace objects, 1(20KB) LOS objects, 23% free, 52MB/68MB, paused 378us total 24.822ms
08-05 14:30:13.982 23097 23110 I art     : Starting a blocking GC Explicit
08-05 14:30:14.005 23097 23110 I art     : Explicit concurrent mark sweep GC freed 20(704B) AllocSpace objects, 0(0B) LOS objects, 23% free, 52MB/68MB, paused 363us total 22.520ms
08-05 14:30:14.013 23097 23110 I art     : Starting a blocking GC Explicit
08-05 14:30:14.033 23097 23110 I art     : Explicit concurrent mark sweep GC freed 3(96B) AllocSpace objects, 0(0B) LOS objects, 23% free, 52MB/68MB, paused 357us total 20.003ms
08-05 14:30:14.042 23097 23110 I art     : Starting a blocking GC Explicit
08-05 14:30:14.062 23097 23110 I art     : Explicit concurrent mark sweep GC freed 3(96B) AllocSpace objects, 0(0B) LOS objects, 23% free, 52MB/68MB, paused 354us total 19.359ms
08-05 14:30:14.070 23097 23110 I art     : Starting a blocking GC Explicit
08-05 14:30:14.089 23097 23110 I art     : Explicit concurrent mark sweep GC freed 3(96B) AllocSpace objects, 0(0B) LOS objects, 23% free, 52MB/68MB, paused 351us total 18.667ms
08-05 14:30:14.372 23097 23109 I art     : Starting a blocking GC Explicit
08-05 14:30:14.392 23097 23109 I art     : Explicit concurrent mark sweep GC freed 1341(78KB) AllocSpace objects, 1(20KB) LOS objects, 23% free, 52MB/68MB, paused 354us total 19.742ms
08-05 14:30:14.400 23097 23109 I art     : Starting a blocking GC Explicit
08-05 14:30:14.420 23097 23109 I art     : Explicit concurrent mark sweep GC freed 20(704B) AllocSpace objects, 0(0B) LOS objects, 23% free, 52MB/68MB, paused 360us total 19.271ms
08-05 14:30:14.428 23097 23109 I art     : Starting a blocking GC Explicit
08-05 14:30:14.447 23097 23109 I art     : Explicit concurrent mark sweep GC freed 3(96B) AllocSpace objects, 0(0B) LOS objects, 23% free, 52MB/68MB, paused 391us total 19.063ms
08-05 14:30:14.455 23097 23109 I art     : Starting a blocking GC Explicit
08-05 14:30:14.474 23097 23109 I art     : Explicit concurrent mark sweep GC freed 3(96B) AllocSpace objects, 0(0B) LOS objects, 23% free, 52MB/68MB, paused 357us total 18.913ms
08-05 14:30:14.483 23097 23109 I art     : Starting a blocking GC Explicit
08-05 14:30:14.502 23097 23109 I art     : Explicit concurrent mark sweep GC freed 3(96B) AllocSpace objects, 0(0B) LOS objects, 23% free, 52MB/68MB, paused 367us total 18.786ms
08-05 14:30:14.656 24205 24205 D AndroidRuntime: >>>>>> START com.android.internal.os.RuntimeInit uid 2000 <<<<<<
08-05 14:30:14.661 24205 24205 D AndroidRuntime: CheckJNI is OFF
08-05 14:30:14.697 24205 24205 D ICU     : No timezone override file found: /data/misc/zoneinfo/current/icu/icu_tzdata.dat
08-05 14:30:14.730 24205 24205 I Radio-JNI: register_android_hardware_Radio DONE
08-05 14:30:14.751 24205 24205 D AndroidRuntime: Calling main entry com.android.commands.input.Input
08-05 14:30:14.753 24205 24205 I Input   : injectKeyEvent: KeyEvent { action=ACTION_DOWN, keyCode=KEYCODE_BACK, scanCode=0, metaState=0, flags=0x0, repeatCount=0, eventTime=801031166, downTime=801031166, deviceId=-1, source=0x101 }
08-05 14:30:14.758 24205 24205 I Input   : injectKeyEvent: KeyEvent { action=ACTION_UP, keyCode=KEYCODE_BACK, scanCode=0, metaState=0, flags=0x0, repeatCount=0, eventTime=801031166, downTime=801031166, deviceId=-1, source=0x101 }
08-05 14:30:14.763 24205 24205 D AndroidRuntime: Shutting down VM
08-05 14:30:14.795 23097 23186 I art     : Starting a blocking GC Explicit
08-05 14:30:14.804 13866 13866 I GoogleInputMethodServic: GoogleInputMethodService.onFinishInput():3138 
08-05 14:30:14.805 13866 13866 I GoogleInputMethodServic: GoogleInputMethodService.onStartInput():1808 
08-05 14:30:14.814 23097 23186 I art     : Explicit concurrent mark sweep GC freed 1487(84KB) AllocSpace objects, 1(20KB) LOS objects, 23% free, 52MB/68MB, paused 361us total 19.209ms
08-05 14:30:14.824 23097 23186 I art     : Starting a blocking GC Explicit
08-05 14:30:14.845 23097 23186 I art     : Explicit concurrent mark sweep GC freed 47(1600B) AllocSpace objects, 0(0B) LOS objects, 23% free, 52MB/68MB, paused 357us total 20.353ms
08-05 14:30:14.856 23097 23186 I art     : Starting a blocking GC Explicit
08-05 14:30:14.874 23097 23186 I art     : Explicit concurrent mark sweep GC freed 6(224B) AllocSpace objects, 0(0B) LOS objects, 23% free, 52MB/68MB, paused 332us total 17.335ms
08-05 14:30:14.882 23097 23186 I art     : Starting a blocking GC Explicit
08-05 14:30:14.899 23097 23186 I art     : Explicit concurrent mark sweep GC freed 3(96B) AllocSpace objects, 0(0B) LOS objects, 23% free, 52MB/68MB, paused 367us total 17.479ms
08-05 14:30:14.907 23097 23186 I art     : Starting a blocking GC Explicit
08-05 14:30:14.924 23097 23186 I art     : Explicit concurrent mark sweep GC freed 3(96B) AllocSpace objects, 0(0B) LOS objects, 23% free, 52MB/68MB, paused 315us total 16.767ms
08-05 14:30:15.116   380   380 W SurfaceFlinger: couldn't log to binary event log: overflow.
08-05 14:30:15.190 23097 23187 I art     : Starting a blocking GC Explicit
08-05 14:30:15.211 23097 23187 I art     : Explicit concurrent mark sweep GC freed 1450(87KB) AllocSpace objects, 1(20KB) LOS objects, 23% free, 52MB/68MB, paused 366us total 20.396ms
08-05 14:30:15.220 23097 23187 I art     : Starting a blocking GC Explicit
08-05 14:30:15.239 23097 23187 I art     : Explicit concurrent mark sweep GC freed 1672(106KB) AllocSpace objects, 3(400KB) LOS objects, 23% free, 51MB/67MB, paused 361us total 19.229ms
08-05 14:30:15.248 23097 23187 I art     : Starting a blocking GC Explicit
08-05 14:30:15.267 23097 23187 I art     : Explicit concurrent mark sweep GC freed 3(96B) AllocSpace objects, 0(0B) LOS objects, 23% free, 51MB/67MB, paused 378us total 18.774ms
08-05 14:30:15.275 23097 23187 I art     : Starting a blocking GC Explicit
08-05 14:30:15.294 23097 23187 I art     : Explicit concurrent mark sweep GC freed 3(96B) AllocSpace objects, 0(0B) LOS objects, 23% free, 51MB/67MB, paused 347us total 18.874ms
08-05 14:30:15.302 23097 23187 I art     : Starting a blocking GC Explicit
08-05 14:30:15.321 23097 23187 I art     : Explicit concurrent mark sweep GC freed 3(96B) AllocSpace objects, 0(0B) LOS objects, 23% free, 51MB/67MB, paused 353us total 18.852ms
08-05 14:30:15.608 23097 23110 I art     : Starting a blocking GC Explicit
08-05 14:30:15.631 23097 23110 I art     : Explicit concurrent mark sweep GC freed 1341(78KB) AllocSpace objects, 1(20KB) LOS objects, 23% free, 51MB/67MB, paused 398us total 22.588ms
08-05 14:30:15.642 23097 23110 I art     : Starting a blocking GC Explicit
08-05 14:30:15.662 23097 23110 I art     : Explicit concurrent mark sweep GC freed 20(704B) AllocSpace objects, 0(0B) LOS objects, 23% free, 51MB/67MB, paused 363us total 19.571ms
08-05 14:30:15.670 23097 23110 I art     : Starting a blocking GC Explicit
08-05 14:30:15.690 23097 23110 I art     : Explicit concurrent mark sweep GC freed 3(96B) AllocSpace objects, 0(0B) LOS objects, 23% free, 51MB/67MB, paused 354us total 19.297ms
08-05 14:30:15.698 23097 23110 I art     : Starting a blocking GC Explicit
08-05 14:30:15.718 23097 23110 I art     : Explicit concurrent mark sweep GC freed 3(96B) AllocSpace objects, 0(0B) LOS objects, 23% free, 51MB/67MB, paused 369us total 19.265ms
08-05 14:30:15.727 23097 23110 I art     : Starting a blocking GC Explicit
08-05 14:30:15.745 23097 23110 I art     : Explicit concurrent mark sweep GC freed 3(96B) AllocSpace objects, 0(0B) LOS objects, 23% free, 51MB/67MB, paused 356us total 18.381ms
08-05 14:30:16.020 23097 23109 I art     : Starting a blocking GC Explicit
08-05 14:30:16.039 23097 23109 I art     : Explicit concurrent mark sweep GC freed 1340(78KB) AllocSpace objects, 1(20KB) LOS objects, 23% free, 51MB/67MB, paused 384us total 19.355ms
08-05 14:30:16.048 23097 23109 I art     : Starting a blocking GC Explicit
08-05 14:30:16.065 23097 23109 I art     : Explicit concurrent mark sweep GC freed 20(704B) AllocSpace objects, 0(0B) LOS objects, 23% free, 51MB/67MB, paused 337us total 16.829ms
08-05 14:30:16.073 23097 23109 I art     : Starting a blocking GC Explicit
08-05 14:30:16.090 23097 23109 I art     : Explicit concurrent mark sweep GC freed 3(96B) AllocSpace objects, 0(0B) LOS objects, 23% free, 51MB/67MB, paused 346us total 16.494ms
08-05 14:30:16.097 23097 23109 I art     : Starting a blocking GC Explicit
08-05 14:30:16.116 23097 23109 I art     : Explicit concurrent mark sweep GC freed 3(96B) AllocSpace objects, 0(0B) LOS objects, 23% free, 51MB/67MB, paused 356us total 18.146ms
08-05 14:30:16.124 23097 23109 I art     : Starting a blocking GC Explicit
08-05 14:30:16.142 23097 23109 I art     : Explicit concurrent mark sweep GC freed 3(96B) AllocSpace objects, 0(0B) LOS objects, 23% free, 51MB/67MB, paused 353us total 17.710ms
08-05 14:30:16.412 23097 23186 I art     : Starting a blocking GC Explicit
08-05 14:30:16.419 24269 24269 D AndroidRuntime: >>>>>> START com.android.internal.os.RuntimeInit uid 2000 <<<<<<
08-05 14:30:16.424 24269 24269 D AndroidRuntime: CheckJNI is OFF
08-05 14:30:16.431 23097 23186 I art     : Explicit concurrent mark sweep GC freed 1340(78KB) AllocSpace objects, 1(20KB) LOS objects, 23% free, 51MB/67MB, paused 388us total 19.508ms
08-05 14:30:16.440 23097 23186 I art     : Starting a blocking GC Explicit
08-05 14:30:16.458 23097 23186 I art     : Explicit concurrent mark sweep GC freed 20(704B) AllocSpace objects, 0(0B) LOS objects, 23% free, 51MB/67MB, paused 380us total 17.854ms
08-05 14:30:16.460 24269 24269 D ICU     : No timezone override file found: /data/misc/zoneinfo/current/icu/icu_tzdata.dat
08-05 14:30:16.466 23097 23186 I art     : Starting a blocking GC Explicit
08-05 14:30:16.485 23097 23186 I art     : Explicit concurrent mark sweep GC freed 3(96B) AllocSpace objects, 0(0B) LOS objects, 23% free, 51MB/67MB, paused 361us total 18.327ms
08-05 14:30:16.493 23097 23186 I art     : Starting a blocking GC Explicit
08-05 14:30:16.496 24269 24269 I Radio-JNI: register_android_hardware_Radio DONE
08-05 14:30:16.511 23097 23186 I art     : Explicit concurrent mark sweep GC freed 3(96B) AllocSpace objects, 0(0B) LOS objects, 23% free, 51MB/67MB, paused 370us total 18.025ms
08-05 14:30:16.519 24269 24269 D AndroidRuntime: Calling main entry com.android.commands.input.Input
08-05 14:30:16.519 23097 23186 I art     : Starting a blocking GC Explicit
08-05 14:30:16.520 24269 24269 I Input   : injectMotionEvent: MotionEvent { action=ACTION_DOWN, actionButton=0, id[0]=0, x[0]=733.0, y[0]=1957.0, toolType[0]=TOOL_TYPE_UNKNOWN, buttonState=0, metaState=0, flags=0x0, edgeFlags=0x0, pointerCount=1, historySize=0, eventTime=801032933, downTime=801032933, deviceId=0, source=0x1002 }
08-05 14:30:16.525 24269 24269 I Input   : injectMotionEvent: MotionEvent { action=ACTION_UP, actionButton=0, id[0]=0, x[0]=733.0, y[0]=1957.0, toolType[0]=TOOL_TYPE_UNKNOWN, buttonState=0, metaState=0, flags=0x0, edgeFlags=0x0, pointerCount=1, historySize=0, eventTime=801032933, downTime=801032933, deviceId=0, source=0x1002 }
08-05 14:30:16.527   918   929 I ActivityManager: START u0 {cmp=baseline.appteam.nith.hillffair/.activities.ClubActivity (has extras)} from uid 10675 on display 0
08-05 14:30:16.534 24269 24269 D AndroidRuntime: Shutting down VM
08-05 14:30:16.536 23097 23186 I art     : Explicit concurrent mark sweep GC freed 28(896B) AllocSpace objects, 0(0B) LOS objects, 23% free, 51MB/67MB, paused 377us total 16.468ms
08-05 14:30:16.632   918   936 I ActivityManager: Displayed baseline.appteam.nith.hillffair/.activities.ClubActivity: +99ms
08-05 14:30:16.632 13866 13866 I GoogleInputMethodServic: GoogleInputMethodService.onFinishInput():3138 
08-05 14:30:16.633 13866 13866 I GoogleInputMethodServic: GoogleInputMethodService.onStartInput():1808 
08-05 14:30:16.769 23097 23186 I art     : Starting a blocking GC Explicit
08-05 14:30:16.788 23097 23186 I art     : Explicit concurrent mark sweep GC freed 5270(332KB) AllocSpace objects, 1(20KB) LOS objects, 23% free, 52MB/68MB, paused 436us total 18.348ms
08-05 14:30:16.796 23097 23186 I art     : Starting a blocking GC Explicit
08-05 14:30:16.813 23097 23186 I art     : Explicit concurrent mark sweep GC freed 209(9KB) AllocSpace objects, 0(0B) LOS objects, 23% free, 52MB/68MB, paused 371us total 16.907ms
08-05 14:30:16.821 23097 23186 I art     : Starting a blocking GC Explicit
08-05 14:30:16.838 23097 23186 I art     : Explicit concurrent mark sweep GC freed 3(96B) AllocSpace objects, 0(0B) LOS objects, 23% free, 52MB/68MB, paused 380us total 16.941ms
08-05 14:30:16.845 23097 23186 I art     : Starting a blocking GC Explicit
08-05 14:30:16.863 23097 23186 I art     : Explicit concurrent mark sweep GC freed 3(96B) AllocSpace objects, 0(0B) LOS objects, 23% free, 52MB/68MB, paused 378us total 17.382ms
08-05 14:30:16.871 23097 23186 I art     : Starting a blocking GC Explicit
08-05 14:30:16.885   380   380 W SurfaceFlinger: couldn't log to binary event log: overflow.
08-05 14:30:16.889 23097 23186 I art     : Explicit concurrent mark sweep GC freed 3(96B) AllocSpace objects, 0(0B) LOS objects, 23% free, 52MB/68MB, paused 378us total 17.604ms
08-05 14:30:17.161 23097 23186 I art     : Starting a blocking GC Explicit
08-05 14:30:17.181 23097 23186 I art     : Explicit concurrent mark sweep GC freed 1469(85KB) AllocSpace objects, 1(20KB) LOS objects, 23% free, 52MB/68MB, paused 414us total 20.068ms
08-05 14:30:17.190 23097 23186 I art     : Starting a blocking GC Explicit
08-05 14:30:17.210 23097 23186 I art     : Explicit concurrent mark sweep GC freed 46(1600B) AllocSpace objects, 0(0B) LOS objects, 23% free, 52MB/68MB, paused 407us total 19.096ms
08-05 14:30:17.218 23097 23186 I art     : Starting a blocking GC Explicit
08-05 14:30:17.237 23097 23186 I art     : Explicit concurrent mark sweep GC freed 12(432B) AllocSpace objects, 0(0B) LOS objects, 23% free, 52MB/68MB, paused 424us total 19.204ms
08-05 14:30:17.245 23097 23186 I art     : Starting a blocking GC Explicit
08-05 14:30:17.265 23097 23186 I art     : Explicit concurrent mark sweep GC freed 591(52KB) AllocSpace objects, 2(120KB) LOS objects, 23% free, 52MB/68MB, paused 613us total 19.620ms
08-05 14:30:17.273 23097 23186 I art     : Starting a blocking GC Explicit
08-05 14:30:17.292 23097 23186 I art     : Explicit concurrent mark sweep GC freed 1862(75KB) AllocSpace objects, 0(0B) LOS objects, 23% free, 52MB/68MB, paused 520us total 18.609ms
08-05 14:30:17.300 23097 24292 D OkHttp  : --> GET https://api-hillfair-2k16.herokuapp.com/api/app/events/special/event?id=58065620dcba0f490c70fe09 http/1.1
08-05 14:30:17.345 23097 24292 D OkHttp  : <-- 200 OK https://api-hillfair-2k16.herokuapp.com/api/app/events/special/event?id=58065620dcba0f490c70fe09 (45ms, 682-byte body)
08-05 14:30:17.388 23097 23097 I NAPPA_EXPERIMENTATION: MetricNetworkRequestExecutionTime: REQUEST_DURATION_SYSTEM='829',REQUEST_DURATION_OKHTTP='45',REQUEST_SYNCHRONOUS='FALSE',RESPONSE_CODE='200',RESPONSE_METHOD='GET',RESPONSE_LENGTH_OKHTTP='682',RESPONSE_LENGTH_HEADER='682',REQUEST_PROTOCOL='http/1.1',REQUEST_URL='https://api-hillfair-2k16.herokuapp.com/api/app/events/special/event?id=58065620dcba0f490c70fe09',
08-05 14:30:17.579 23097 23110 I art     : Starting a blocking GC Explicit
08-05 14:30:17.601 23097 23110 I art     : Explicit concurrent mark sweep GC freed 3237(297KB) AllocSpace objects, 2(100KB) LOS objects, 23% free, 52MB/68MB, paused 378us total 21.252ms
08-05 14:30:17.611 23097 23110 I art     : Starting a blocking GC Explicit
08-05 14:30:17.631 23097 23110 I art     : Explicit concurrent mark sweep GC freed 116(4KB) AllocSpace objects, 0(0B) LOS objects, 23% free, 52MB/68MB, paused 381us total 20.138ms
08-05 14:30:17.640 23097 23110 I art     : Starting a blocking GC Explicit
08-05 14:30:17.660 23097 23110 I art     : Explicit concurrent mark sweep GC freed 3(96B) AllocSpace objects, 0(0B) LOS objects, 23% free, 52MB/68MB, paused 396us total 19.849ms
08-05 14:30:17.668 23097 23110 I art     : Starting a blocking GC Explicit
08-05 14:30:17.688 23097 23110 I art     : Explicit concurrent mark sweep GC freed 3(96B) AllocSpace objects, 0(0B) LOS objects, 23% free, 52MB/68MB, paused 371us total 19.512ms
08-05 14:30:17.697 23097 23110 I art     : Starting a blocking GC Explicit
08-05 14:30:17.716 23097 23110 I art     : Explicit concurrent mark sweep GC freed 3(96B) AllocSpace objects, 0(0B) LOS objects, 23% free, 52MB/68MB, paused 388us total 19.477ms
08-05 14:30:17.988 23097 23110 I art     : Starting a blocking GC Explicit
08-05 14:30:18.010 23097 23110 I art     : Explicit concurrent mark sweep GC freed 1341(78KB) AllocSpace objects, 1(20KB) LOS objects, 23% free, 52MB/68MB, paused 416us total 21.343ms
08-05 14:30:18.022 23097 23110 I art     : Starting a blocking GC Explicit
08-05 14:30:18.042 23097 23110 I art     : Explicit concurrent mark sweep GC freed 36(1264B) AllocSpace objects, 0(0B) LOS objects, 23% free, 52MB/68MB, paused 389us total 19.688ms
08-05 14:30:18.050 23097 23110 I art     : Starting a blocking GC Explicit
08-05 14:30:18.070 23097 23110 I art     : Explicit concurrent mark sweep GC freed 3(96B) AllocSpace objects, 0(0B) LOS objects, 23% free, 52MB/68MB, paused 393us total 19.644ms
08-05 14:30:18.079 23097 23110 I art     : Starting a blocking GC Explicit
08-05 14:30:18.099 23097 23110 I art     : Explicit concurrent mark sweep GC freed 3(96B) AllocSpace objects, 0(0B) LOS objects, 23% free, 52MB/68MB, paused 383us total 20.035ms
08-05 14:30:18.107 23097 23110 I art     : Starting a blocking GC Explicit
08-05 14:30:18.127 23097 23110 I art     : Explicit concurrent mark sweep GC freed 3(96B) AllocSpace objects, 0(0B) LOS objects, 23% free, 52MB/68MB, paused 392us total 19.858ms
08-05 14:30:18.437 23097 23186 I art     : Starting a blocking GC Explicit
08-05 14:30:18.460 23097 23186 I art     : Explicit concurrent mark sweep GC freed 1341(78KB) AllocSpace objects, 1(20KB) LOS objects, 23% free, 52MB/68MB, paused 419us total 21.909ms
08-05 14:30:18.472 23097 23186 I art     : Starting a blocking GC Explicit
08-05 14:30:18.492 23097 23186 I art     : Explicit concurrent mark sweep GC freed 20(704B) AllocSpace objects, 0(0B) LOS objects, 23% free, 52MB/68MB, paused 401us total 20.490ms
08-05 14:30:18.501 23097 23186 I art     : Starting a blocking GC Explicit
08-05 14:30:18.520 23097 23186 I art     : Explicit concurrent mark sweep GC freed 3(96B) AllocSpace objects, 0(0B) LOS objects, 23% free, 52MB/68MB, paused 390us total 19.447ms
08-05 14:30:18.529 23097 23186 I art     : Starting a blocking GC Explicit
08-05 14:30:18.549 23097 23186 I art     : Explicit concurrent mark sweep GC freed 3(96B) AllocSpace objects, 0(0B) LOS objects, 23% free, 52MB/68MB, paused 379us total 19.931ms
08-05 14:30:18.549 23097 23108 I art     : WaitForGcToComplete blocked for 13.077ms for cause HeapTrim
08-05 14:30:18.558 23097 23186 I art     : Starting a blocking GC Explicit
08-05 14:30:18.578 23097 23186 I art     : Explicit concurrent mark sweep GC freed 3(96B) AllocSpace objects, 0(0B) LOS objects, 23% free, 52MB/68MB, paused 389us total 19.959ms
08-05 14:30:18.867 23097 23109 I art     : Starting a blocking GC Explicit
08-05 14:30:18.888 23097 23109 I art     : Explicit concurrent mark sweep GC freed 1341(78KB) AllocSpace objects, 1(20KB) LOS objects, 23% free, 52MB/68MB, paused 437us total 20.363ms
08-05 14:30:18.896 23097 23109 I art     : Starting a blocking GC Explicit
08-05 14:30:18.915 23097 23109 I art     : Explicit concurrent mark sweep GC freed 20(704B) AllocSpace objects, 0(0B) LOS objects, 23% free, 52MB/68MB, paused 373us total 19.062ms
08-05 14:30:18.923 23097 23109 I art     : Starting a blocking GC Explicit
08-05 14:30:18.943 23097 23109 I art     : Explicit concurrent mark sweep GC freed 3(96B) AllocSpace objects, 0(0B) LOS objects, 23% free, 52MB/68MB, paused 371us total 19.738ms
08-05 14:30:18.952 23097 23109 I art     : Starting a blocking GC Explicit
08-05 14:30:18.971 23097 23109 I art     : Explicit concurrent mark sweep GC freed 3(96B) AllocSpace objects, 0(0B) LOS objects, 23% free, 52MB/68MB, paused 379us total 19.197ms
08-05 14:30:18.980 23097 23109 I art     : Starting a blocking GC Explicit
08-05 14:30:18.999 23097 23109 I art     : Explicit concurrent mark sweep GC freed 3(96B) AllocSpace objects, 0(0B) LOS objects, 23% free, 52MB/68MB, paused 379us total 18.553ms
08-05 14:30:19.203 24346 24346 D AndroidRuntime: >>>>>> START com.android.internal.os.RuntimeInit uid 2000 <<<<<<
08-05 14:30:19.208 24346 24346 D AndroidRuntime: CheckJNI is OFF
08-05 14:30:19.240 24346 24346 D ICU     : No timezone override file found: /data/misc/zoneinfo/current/icu/icu_tzdata.dat
08-05 14:30:19.273 24346 24346 I Radio-JNI: register_android_hardware_Radio DONE
08-05 14:30:19.286 23097 23187 I art     : Starting a blocking GC Explicit
08-05 14:30:19.295 24346 24346 D AndroidRuntime: Calling main entry com.android.commands.input.Input
08-05 14:30:19.297 24346 24346 I Input   : injectKeyEvent: KeyEvent { action=ACTION_DOWN, keyCode=KEYCODE_BACK, scanCode=0, metaState=0, flags=0x0, repeatCount=0, eventTime=801035710, downTime=801035710, deviceId=-1, source=0x101 }
08-05 14:30:19.302 24346 24346 I Input   : injectKeyEvent: KeyEvent { action=ACTION_UP, keyCode=KEYCODE_BACK, scanCode=0, metaState=0, flags=0x0, repeatCount=0, eventTime=801035710, downTime=801035710, deviceId=-1, source=0x101 }
08-05 14:30:19.306 23097 23187 I art     : Explicit concurrent mark sweep GC freed 1343(78KB) AllocSpace objects, 1(20KB) LOS objects, 23% free, 52MB/68MB, paused 400us total 19.861ms
08-05 14:30:19.309 24346 24346 D AndroidRuntime: Shutting down VM
08-05 14:30:19.315 23097 23187 I art     : Starting a blocking GC Explicit
08-05 14:30:19.334 23097 23187 I art     : Explicit concurrent mark sweep GC freed 159(6KB) AllocSpace objects, 0(0B) LOS objects, 23% free, 52MB/68MB, paused 370us total 18.526ms
08-05 14:30:19.342 23097 23187 I art     : Starting a blocking GC Explicit
08-05 14:30:19.347 13866 13866 I GoogleInputMethodServic: GoogleInputMethodService.onFinishInput():3138 
08-05 14:30:19.347 13866 13866 I GoogleInputMethodServic: GoogleInputMethodService.onStartInput():1808 
08-05 14:30:19.360 23097 23187 I art     : Explicit concurrent mark sweep GC freed 25(976B) AllocSpace objects, 0(0B) LOS objects, 23% free, 52MB/68MB, paused 353us total 18.294ms
08-05 14:30:19.368 23097 23187 I art     : Starting a blocking GC Explicit
08-05 14:30:19.386 23097 23187 I art     : Explicit concurrent mark sweep GC freed 13(432B) AllocSpace objects, 0(0B) LOS objects, 23% free, 52MB/68MB, paused 366us total 17.231ms
08-05 14:30:19.395 23097 23187 I art     : Starting a blocking GC Explicit
08-05 14:30:19.412 23097 23187 I art     : Explicit concurrent mark sweep GC freed 6(224B) AllocSpace objects, 0(0B) LOS objects, 23% free, 52MB/68MB, paused 332us total 17.003ms
08-05 14:30:19.638   380   380 W SurfaceFlinger: couldn't log to binary event log: overflow.
08-05 14:30:19.662 23097 23186 I art     : Starting a blocking GC Explicit
08-05 14:30:19.682 23097 23186 I art     : Explicit concurrent mark sweep GC freed 1450(87KB) AllocSpace objects, 1(20KB) LOS objects, 23% free, 52MB/68MB, paused 385us total 19.687ms
08-05 14:30:19.690 23097 23186 I art     : Starting a blocking GC Explicit
08-05 14:30:19.710 23097 23186 I art     : Explicit concurrent mark sweep GC freed 1672(106KB) AllocSpace objects, 3(400KB) LOS objects, 23% free, 52MB/68MB, paused 377us total 19.564ms
08-05 14:30:19.718 23097 23186 I art     : Starting a blocking GC Explicit
08-05 14:30:19.738 23097 23186 I art     : Explicit concurrent mark sweep GC freed 3(96B) AllocSpace objects, 0(0B) LOS objects, 23% free, 52MB/68MB, paused 359us total 19.023ms
08-05 14:30:19.746 23097 23186 I art     : Starting a blocking GC Explicit
08-05 14:30:19.765 23097 23186 I art     : Explicit concurrent mark sweep GC freed 3(96B) AllocSpace objects, 0(0B) LOS objects, 23% free, 52MB/68MB, paused 435us total 19.389ms
08-05 14:30:19.774 23097 23186 I art     : Starting a blocking GC Explicit
08-05 14:30:19.794 23097 23186 I art     : Explicit concurrent mark sweep GC freed 3(96B) AllocSpace objects, 0(0B) LOS objects, 23% free, 52MB/68MB, paused 375us total 19.391ms
08-05 14:30:20.077 23097 23110 I art     : Starting a blocking GC Explicit
08-05 14:30:20.100 23097 23110 I art     : Explicit concurrent mark sweep GC freed 1341(78KB) AllocSpace objects, 1(20KB) LOS objects, 23% free, 52MB/68MB, paused 405us total 22.776ms
08-05 14:30:20.112 23097 23110 I art     : Starting a blocking GC Explicit
08-05 14:30:20.133 23097 23110 I art     : Explicit concurrent mark sweep GC freed 20(704B) AllocSpace objects, 0(0B) LOS objects, 23% free, 52MB/68MB, paused 380us total 20.058ms
08-05 14:30:20.141 23097 23110 I art     : Starting a blocking GC Explicit
08-05 14:30:20.161 23097 23110 I art     : Explicit concurrent mark sweep GC freed 3(96B) AllocSpace objects, 0(0B) LOS objects, 23% free, 52MB/68MB, paused 374us total 19.635ms
08-05 14:30:20.170 23097 23110 I art     : Starting a blocking GC Explicit
08-05 14:30:20.190 23097 23110 I art     : Explicit concurrent mark sweep GC freed 3(96B) AllocSpace objects, 0(0B) LOS objects, 23% free, 52MB/68MB, paused 383us total 19.653ms
08-05 14:30:20.198 23097 23110 I art     : Starting a blocking GC Explicit
08-05 14:30:20.218 23097 23110 I art     : Explicit concurrent mark sweep GC freed 3(96B) AllocSpace objects, 0(0B) LOS objects, 23% free, 52MB/68MB, paused 418us total 19.574ms
08-05 14:30:20.509 23097 23109 I art     : Starting a blocking GC Explicit
08-05 14:30:20.533 23097 23109 I art     : Explicit concurrent mark sweep GC freed 1340(78KB) AllocSpace objects, 1(20KB) LOS objects, 23% free, 52MB/68MB, paused 387us total 23.238ms
08-05 14:30:20.544 23097 23109 I art     : Starting a blocking GC Explicit
08-05 14:30:20.564 23097 23109 I art     : Explicit concurrent mark sweep GC freed 20(704B) AllocSpace objects, 0(0B) LOS objects, 23% free, 52MB/68MB, paused 391us total 19.491ms
08-05 14:30:20.573 23097 23109 I art     : Starting a blocking GC Explicit
08-05 14:30:20.591 23097 23109 I art     : Explicit concurrent mark sweep GC freed 3(96B) AllocSpace objects, 0(0B) LOS objects, 23% free, 52MB/68MB, paused 379us total 17.949ms
08-05 14:30:20.599 23097 23109 I art     : Starting a blocking GC Explicit
08-05 14:30:20.618 23097 23109 I art     : Explicit concurrent mark sweep GC freed 3(96B) AllocSpace objects, 0(0B) LOS objects, 23% free, 52MB/68MB, paused 722us total 18.301ms
08-05 14:30:20.626 23097 23109 I art     : Starting a blocking GC Explicit
08-05 14:30:20.644 23097 23109 I art     : Explicit concurrent mark sweep GC freed 3(96B) AllocSpace objects, 0(0B) LOS objects, 23% free, 52MB/68MB, paused 390us total 18.214ms
08-05 14:30:20.913 23097 23187 I art     : Starting a blocking GC Explicit
08-05 14:30:20.933 23097 23187 I art     : Explicit concurrent mark sweep GC freed 1340(78KB) AllocSpace objects, 1(20KB) LOS objects, 23% free, 52MB/68MB, paused 388us total 19.453ms
08-05 14:30:20.941 23097 23187 I art     : Starting a blocking GC Explicit
08-05 14:30:20.961 23097 23187 I art     : Explicit concurrent mark sweep GC freed 20(704B) AllocSpace objects, 0(0B) LOS objects, 23% free, 52MB/68MB, paused 404us total 19.479ms
08-05 14:30:20.963 24426 24426 D AndroidRuntime: >>>>>> START com.android.internal.os.RuntimeInit uid 2000 <<<<<<
08-05 14:30:20.968 24426 24426 D AndroidRuntime: CheckJNI is OFF
08-05 14:30:20.969 23097 23187 I art     : Starting a blocking GC Explicit
08-05 14:30:20.988 23097 23187 I art     : Explicit concurrent mark sweep GC freed 3(96B) AllocSpace objects, 0(0B) LOS objects, 23% free, 52MB/68MB, paused 381us total 18.362ms
08-05 14:30:20.996 23097 23187 I art     : Starting a blocking GC Explicit
08-05 14:30:21.005 24426 24426 D ICU     : No timezone override file found: /data/misc/zoneinfo/current/icu/icu_tzdata.dat
08-05 14:30:21.015 23097 23187 I art     : Explicit concurrent mark sweep GC freed 3(96B) AllocSpace objects, 0(0B) LOS objects, 23% free, 52MB/68MB, paused 410us total 19.170ms
08-05 14:30:21.023 23097 23187 I art     : Starting a blocking GC Explicit
08-05 14:30:21.038 24426 24426 I Radio-JNI: register_android_hardware_Radio DONE
08-05 14:30:21.041 23097 23187 I art     : Explicit concurrent mark sweep GC freed 3(96B) AllocSpace objects, 0(0B) LOS objects, 23% free, 52MB/68MB, paused 386us total 18.139ms
08-05 14:30:21.060 24426 24426 D AndroidRuntime: Calling main entry com.android.commands.input.Input
08-05 14:30:21.062 24426 24426 I Input   : injectMotionEvent: MotionEvent { action=ACTION_DOWN, actionButton=0, id[0]=0, x[0]=733.0, y[0]=645.0, toolType[0]=TOOL_TYPE_UNKNOWN, buttonState=0, metaState=0, flags=0x0, edgeFlags=0x0, pointerCount=1, historySize=0, eventTime=801037474, downTime=801037474, deviceId=0, source=0x1002 }
08-05 14:30:21.066 24426 24426 I Input   : injectMotionEvent: MotionEvent { action=ACTION_UP, actionButton=0, id[0]=0, x[0]=733.0, y[0]=645.0, toolType[0]=TOOL_TYPE_UNKNOWN, buttonState=0, metaState=0, flags=0x0, edgeFlags=0x0, pointerCount=1, historySize=0, eventTime=801037474, downTime=801037474, deviceId=0, source=0x1002 }
08-05 14:30:21.067   918  6112 I ActivityManager: START u0 {cmp=baseline.appteam.nith.hillffair/.activities.ClubActivity (has extras)} from uid 10675 on display 0
08-05 14:30:21.075 24426 24426 D AndroidRuntime: Shutting down VM
08-05 14:30:21.173   918   936 I ActivityManager: Displayed baseline.appteam.nith.hillffair/.activities.ClubActivity: +98ms
08-05 14:30:21.179 13866 13866 I GoogleInputMethodServic: GoogleInputMethodService.onFinishInput():3138 
08-05 14:30:21.180 13866 13866 I GoogleInputMethodServic: GoogleInputMethodService.onStartInput():1808 
08-05 14:30:21.279 23097 23110 I art     : Starting a blocking GC Explicit
08-05 14:30:21.305 23097 23110 I art     : Explicit concurrent mark sweep GC freed 5284(330KB) AllocSpace objects, 1(20KB) LOS objects, 23% free, 52MB/68MB, paused 468us total 25.035ms
08-05 14:30:21.316 23097 23110 I art     : Starting a blocking GC Explicit
08-05 14:30:21.343 23097 23110 I art     : Explicit concurrent mark sweep GC freed 209(9KB) AllocSpace objects, 0(0B) LOS objects, 23% free, 52MB/68MB, paused 452us total 26.753ms
08-05 14:30:21.355 23097 23110 I art     : Starting a blocking GC Explicit
08-05 14:30:21.380 23097 23110 I art     : Explicit concurrent mark sweep GC freed 3(96B) AllocSpace objects, 0(0B) LOS objects, 23% free, 52MB/68MB, paused 396us total 24.622ms
08-05 14:30:21.389 23097 23110 I art     : Starting a blocking GC Explicit
08-05 14:30:21.407   380   380 W SurfaceFlinger: couldn't log to binary event log: overflow.
08-05 14:30:21.414 23097 23110 I art     : Explicit concurrent mark sweep GC freed 3(96B) AllocSpace objects, 0(0B) LOS objects, 23% free, 52MB/68MB, paused 480us total 24.182ms
08-05 14:30:21.424 23097 23110 I art     : Starting a blocking GC Explicit
08-05 14:30:21.442 23097 23110 I art     : Explicit concurrent mark sweep GC freed 3(96B) AllocSpace objects, 0(0B) LOS objects, 23% free, 52MB/68MB, paused 401us total 17.897ms
08-05 14:30:21.721 23097 23109 I art     : Starting a blocking GC Explicit
08-05 14:30:21.741 23097 23109 I art     : Explicit concurrent mark sweep GC freed 1475(85KB) AllocSpace objects, 1(20KB) LOS objects, 23% free, 52MB/68MB, paused 535us total 20.501ms
08-05 14:30:21.750 23097 23109 I art     : Starting a blocking GC Explicit
08-05 14:30:21.770 23097 23109 I art     : Explicit concurrent mark sweep GC freed 50(1728B) AllocSpace objects, 0(0B) LOS objects, 23% free, 52MB/68MB, paused 409us total 20.392ms
08-05 14:30:21.779 23097 23109 I art     : Starting a blocking GC Explicit
08-05 14:30:21.799 23097 23109 I art     : Explicit concurrent mark sweep GC freed 13(480B) AllocSpace objects, 0(0B) LOS objects, 23% free, 52MB/68MB, paused 435us total 19.595ms
08-05 14:30:21.807 23097 23109 I art     : Starting a blocking GC Explicit
08-05 14:30:21.826 23097 23109 I art     : Explicit concurrent mark sweep GC freed 12(432B) AllocSpace objects, 0(0B) LOS objects, 23% free, 52MB/68MB, paused 411us total 18.680ms
08-05 14:30:21.834 23097 23109 I art     : Starting a blocking GC Explicit
08-05 14:30:21.852 23097 23109 I art     : Explicit concurrent mark sweep GC freed 9(336B) AllocSpace objects, 0(0B) LOS objects, 23% free, 52MB/68MB, paused 419us total 17.803ms
08-05 14:30:21.900 23097 24457 D OkHttp  : --> GET https://api-hillfair-2k16.herokuapp.com/api/app/events/special/event?id=5806551bdcba0f490c70fd1f http/1.1
08-05 14:30:21.942 23097 24457 D OkHttp  : <-- 200 OK https://api-hillfair-2k16.herokuapp.com/api/app/events/special/event?id=5806551bdcba0f490c70fd1f (41ms, 795-byte body)
08-05 14:30:21.993 23097 23097 I NAPPA_EXPERIMENTATION: MetricNetworkRequestExecutionTime: REQUEST_DURATION_SYSTEM='891',REQUEST_DURATION_OKHTTP='41',REQUEST_SYNCHRONOUS='FALSE',RESPONSE_CODE='200',RESPONSE_METHOD='GET',RESPONSE_LENGTH_OKHTTP='795',RESPONSE_LENGTH_HEADER='795',REQUEST_PROTOCOL='http/1.1',REQUEST_URL='https://api-hillfair-2k16.herokuapp.com/api/app/events/special/event?id=5806551bdcba0f490c70fd1f',
08-05 14:30:22.127 23097 23109 I art     : Starting a blocking GC Explicit
08-05 14:30:22.150 23097 23109 I art     : Explicit concurrent mark sweep GC freed 4763(310KB) AllocSpace objects, 4(220KB) LOS objects, 23% free, 52MB/68MB, paused 411us total 22.765ms
08-05 14:30:22.159 23097 23109 I art     : Starting a blocking GC Explicit
08-05 14:30:22.179 23097 23109 I art     : Explicit concurrent mark sweep GC freed 1034(119KB) AllocSpace objects, 0(0B) LOS objects, 23% free, 52MB/68MB, paused 428us total 20.316ms
08-05 14:30:22.188 23097 23109 I art     : Starting a blocking GC Explicit
08-05 14:30:22.208 23097 23109 I art     : Explicit concurrent mark sweep GC freed 3(96B) AllocSpace objects, 0(0B) LOS objects, 23% free, 52MB/68MB, paused 537us total 20.025ms
08-05 14:30:22.217 23097 23109 I art     : Starting a blocking GC Explicit
08-05 14:30:22.237 23097 23109 I art     : Explicit concurrent mark sweep GC freed 3(96B) AllocSpace objects, 0(0B) LOS objects, 23% free, 52MB/68MB, paused 458us total 19.800ms
08-05 14:30:22.245 23097 23109 I art     : Starting a blocking GC Explicit
08-05 14:30:22.264 23097 23109 I art     : Explicit concurrent mark sweep GC freed 3(96B) AllocSpace objects, 0(0B) LOS objects, 23% free, 52MB/68MB, paused 384us total 18.646ms
08-05 14:30:22.556 23097 23186 I art     : Starting a blocking GC Explicit
08-05 14:30:22.582 23097 23186 I art     : Explicit concurrent mark sweep GC freed 1341(78KB) AllocSpace objects, 1(20KB) LOS objects, 23% free, 52MB/68MB, paused 441us total 25.904ms
08-05 14:30:22.594 23097 23186 I art     : Starting a blocking GC Explicit
08-05 14:30:22.616 23097 23186 I art     : Explicit concurrent mark sweep GC freed 36(1264B) AllocSpace objects, 0(0B) LOS objects, 23% free, 52MB/68MB, paused 411us total 21.519ms
08-05 14:30:22.624 23097 23186 I art     : Starting a blocking GC Explicit
08-05 14:30:22.645 23097 23186 I art     : Explicit concurrent mark sweep GC freed 3(96B) AllocSpace objects, 0(0B) LOS objects, 23% free, 52MB/68MB, paused 376us total 20.789ms
08-05 14:30:22.654 23097 23186 I art     : Starting a blocking GC Explicit
08-05 14:30:22.675 23097 23186 I art     : Explicit concurrent mark sweep GC freed 3(96B) AllocSpace objects, 0(0B) LOS objects, 23% free, 52MB/68MB, paused 406us total 20.764ms
08-05 14:30:22.684 23097 23186 I art     : Starting a blocking GC Explicit
08-05 14:30:22.704 23097 23186 I art     : Explicit concurrent mark sweep GC freed 3(96B) AllocSpace objects, 0(0B) LOS objects, 23% free, 52MB/68MB, paused 409us total 19.933ms
08-05 14:30:23.027 23097 23187 I art     : Starting a blocking GC Explicit
08-05 14:30:23.059 23097 23187 I art     : Explicit concurrent mark sweep GC freed 1341(78KB) AllocSpace objects, 1(20KB) LOS objects, 23% free, 52MB/68MB, paused 497us total 31.055ms
08-05 14:30:23.071 23097 23187 I art     : Starting a blocking GC Explicit
08-05 14:30:23.096 23097 23187 I art     : Explicit concurrent mark sweep GC freed 20(704B) AllocSpace objects, 0(0B) LOS objects, 23% free, 52MB/68MB, paused 404us total 23.939ms
08-05 14:30:23.104 23097 23187 I art     : Starting a blocking GC Explicit
08-05 14:30:23.125 23097 23187 I art     : Explicit concurrent mark sweep GC freed 3(96B) AllocSpace objects, 0(0B) LOS objects, 23% free, 52MB/68MB, paused 411us total 20.307ms
08-05 14:30:23.134 23097 23187 I art     : Starting a blocking GC Explicit
08-05 14:30:23.154 23097 23187 I art     : Explicit concurrent mark sweep GC freed 3(96B) AllocSpace objects, 0(0B) LOS objects, 23% free, 52MB/68MB, paused 367us total 19.972ms
08-05 14:30:23.162 23097 23187 I art     : Starting a blocking GC Explicit
08-05 14:30:23.183 23097 23187 I art     : Explicit concurrent mark sweep GC freed 3(96B) AllocSpace objects, 0(0B) LOS objects, 23% free, 52MB/68MB, paused 419us total 20.193ms
08-05 14:30:23.523 23097 23110 I art     : Starting a blocking GC Explicit
08-05 14:30:23.554 23097 23110 I art     : Explicit concurrent mark sweep GC freed 1341(78KB) AllocSpace objects, 1(20KB) LOS objects, 23% free, 52MB/68MB, paused 474us total 30.478ms
08-05 14:30:23.569 23097 23110 I art     : Starting a blocking GC Explicit
08-05 14:30:23.593 23097 23110 I art     : Explicit concurrent mark sweep GC freed 20(704B) AllocSpace objects, 0(0B) LOS objects, 23% free, 52MB/68MB, paused 422us total 23.539ms
08-05 14:30:23.593 23097 23108 I art     : WaitForGcToComplete blocked for 14.506ms for cause HeapTrim
08-05 14:30:23.601 23097 23110 I art     : Starting a blocking GC Explicit
08-05 14:30:23.622 23097 23110 I art     : Explicit concurrent mark sweep GC freed 3(96B) AllocSpace objects, 0(0B) LOS objects, 23% free, 52MB/68MB, paused 403us total 20.340ms
08-05 14:30:23.630 23097 23110 I art     : Starting a blocking GC Explicit
08-05 14:30:23.651 23097 23110 I art     : Explicit concurrent mark sweep GC freed 3(96B) AllocSpace objects, 0(0B) LOS objects, 23% free, 52MB/68MB, paused 398us total 20.444ms
08-05 14:30:23.660 23097 23110 I art     : Starting a blocking GC Explicit
08-05 14:30:23.680 23097 23110 I art     : Explicit concurrent mark sweep GC freed 3(96B) AllocSpace objects, 0(0B) LOS objects, 23% free, 52MB/68MB, paused 415us total 20.223ms
08-05 14:30:23.999 23097 23109 I art     : Starting a blocking GC Explicit
08-05 14:30:24.029 23097 23109 I art     : Explicit concurrent mark sweep GC freed 1341(78KB) AllocSpace objects, 1(20KB) LOS objects, 23% free, 52MB/68MB, paused 417us total 29.722ms
08-05 14:30:24.042 23097 23109 I art     : Starting a blocking GC Explicit
08-05 14:30:24.062 23097 23109 I art     : Explicit concurrent mark sweep GC freed 20(704B) AllocSpace objects, 0(0B) LOS objects, 23% free, 52MB/68MB, paused 390us total 20.003ms
08-05 14:30:24.071 23097 23109 I art     : Starting a blocking GC Explicit
08-05 14:30:24.092 23097 23109 I art     : Explicit concurrent mark sweep GC freed 3(96B) AllocSpace objects, 0(0B) LOS objects, 23% free, 52MB/68MB, paused 402us total 20.385ms
08-05 14:30:24.100 23097 23109 I art     : Starting a blocking GC Explicit
08-05 14:30:24.122 23097 23109 I art     : Explicit concurrent mark sweep GC freed 3(96B) AllocSpace objects, 0(0B) LOS objects, 23% free, 52MB/68MB, paused 404us total 21.034ms
08-05 14:30:24.130 23097 23109 I art     : Starting a blocking GC Explicit
08-05 14:30:24.151 23097 23109 I art     : Explicit concurrent mark sweep GC freed 3(96B) AllocSpace objects, 0(0B) LOS objects, 23% free, 52MB/68MB, paused 406us total 20.232ms
08-05 14:30:24.482 23097 23186 I art     : Starting a blocking GC Explicit
08-05 14:30:24.510 23097 23186 I art     : Explicit concurrent mark sweep GC freed 1341(78KB) AllocSpace objects, 1(20KB) LOS objects, 23% free, 52MB/68MB, paused 446us total 27.234ms
08-05 14:30:24.520 23097 23186 I art     : Starting a blocking GC Explicit
08-05 14:30:24.541 23097 23186 I art     : Explicit concurrent mark sweep GC freed 20(720B) AllocSpace objects, 0(0B) LOS objects, 23% free, 52MB/68MB, paused 411us total 20.350ms
08-05 14:30:24.549 23097 23186 I art     : Starting a blocking GC Explicit
08-05 14:30:24.570 23097 23186 I art     : Explicit concurrent mark sweep GC freed 3(96B) AllocSpace objects, 0(0B) LOS objects, 23% free, 52MB/68MB, paused 407us total 20.728ms
08-05 14:30:24.579 23097 23186 I art     : Starting a blocking GC Explicit
08-05 14:30:24.601 23097 23186 I art     : Explicit concurrent mark sweep GC freed 3(96B) AllocSpace objects, 0(0B) LOS objects, 23% free, 52MB/68MB, paused 401us total 21.151ms
08-05 14:30:24.609 23097 23186 I art     : Starting a blocking GC Explicit
08-05 14:30:24.630 23097 23186 I art     : Explicit concurrent mark sweep GC freed 3(96B) AllocSpace objects, 0(0B) LOS objects, 23% free, 52MB/68MB, paused 413us total 20.571ms
08-05 14:30:24.967 23097 23187 I art     : Starting a blocking GC Explicit
08-05 14:30:24.995 23097 23187 I art     : Explicit concurrent mark sweep GC freed 1341(78KB) AllocSpace objects, 1(20KB) LOS objects, 23% free, 52MB/68MB, paused 445us total 27.484ms
08-05 14:30:25.005 23097 23187 I art     : Starting a blocking GC Explicit
08-05 14:30:25.026 23097 23187 I art     : Explicit concurrent mark sweep GC freed 20(704B) AllocSpace objects, 0(0B) LOS objects, 23% free, 52MB/68MB, paused 392us total 20.807ms
08-05 14:30:25.035 23097 23187 I art     : Starting a blocking GC Explicit
08-05 14:30:25.055 23097 23187 I art     : Explicit concurrent mark sweep GC freed 3(96B) AllocSpace objects, 0(0B) LOS objects, 23% free, 52MB/68MB, paused 407us total 20.133ms
08-05 14:30:25.064 23097 23187 I art     : Starting a blocking GC Explicit
08-05 14:30:25.086 23097 23187 I art     : Explicit concurrent mark sweep GC freed 3(96B) AllocSpace objects, 0(0B) LOS objects, 23% free, 52MB/68MB, paused 398us total 21.079ms
08-05 14:30:25.094 23097 23187 I art     : Starting a blocking GC Explicit
08-05 14:30:25.115 23097 23187 I art     : Explicit concurrent mark sweep GC freed 3(96B) AllocSpace objects, 0(0B) LOS objects, 23% free, 52MB/68MB, paused 396us total 20.625ms
08-05 14:30:25.408 23097 23110 I art     : Starting a blocking GC Explicit
08-05 14:30:25.429 23097 23110 I art     : Explicit concurrent mark sweep GC freed 1341(78KB) AllocSpace objects, 1(20KB) LOS objects, 23% free, 52MB/68MB, paused 432us total 20.686ms
08-05 14:30:25.438 23097 23110 I art     : Starting a blocking GC Explicit
08-05 14:30:25.457 23097 23110 I art     : Explicit concurrent mark sweep GC freed 20(720B) AllocSpace objects, 0(0B) LOS objects, 23% free, 52MB/68MB, paused 494us total 19.355ms
08-05 14:30:25.465 23097 23110 I art     : Starting a blocking GC Explicit
08-05 14:30:25.485 23097 23110 I art     : Explicit concurrent mark sweep GC freed 3(96B) AllocSpace objects, 0(0B) LOS objects, 23% free, 52MB/68MB, paused 394us total 19.731ms
08-05 14:30:25.494 23097 23110 I art     : Starting a blocking GC Explicit
08-05 14:30:25.514 23097 23110 I art     : Explicit concurrent mark sweep GC freed 3(96B) AllocSpace objects, 0(0B) LOS objects, 23% free, 52MB/68MB, paused 414us total 19.725ms
08-05 14:30:25.522 23097 23110 I art     : Starting a blocking GC Explicit
08-05 14:30:25.542 23097 23110 I art     : Explicit concurrent mark sweep GC freed 3(96B) AllocSpace objects, 0(0B) LOS objects, 23% free, 52MB/68MB, paused 406us total 19.387ms
08-05 14:30:25.732 24558 24558 D AndroidRuntime: >>>>>> START com.android.internal.os.RuntimeInit uid 2000 <<<<<<
08-05 14:30:25.738 24558 24558 D AndroidRuntime: CheckJNI is OFF
08-05 14:30:25.770 24558 24558 D ICU     : No timezone override file found: /data/misc/zoneinfo/current/icu/icu_tzdata.dat
08-05 14:30:25.799   518   646 I ThermalEngine: ACTION: GPU - Setting GPU[0] to 600000000
08-05 14:30:25.802 24558 24558 I Radio-JNI: register_android_hardware_Radio DONE
08-05 14:30:25.824 24558 24558 D AndroidRuntime: Calling main entry com.android.commands.input.Input
08-05 14:30:25.826 24558 24558 I Input   : injectKeyEvent: KeyEvent { action=ACTION_DOWN, keyCode=KEYCODE_BACK, scanCode=0, metaState=0, flags=0x0, repeatCount=0, eventTime=801042239, downTime=801042239, deviceId=-1, source=0x101 }
08-05 14:30:25.830 24558 24558 I Input   : injectKeyEvent: KeyEvent { action=ACTION_UP, keyCode=KEYCODE_BACK, scanCode=0, metaState=0, flags=0x0, repeatCount=0, eventTime=801042239, downTime=801042239, deviceId=-1, source=0x101 }
08-05 14:30:25.833 23097 23109 I art     : Starting a blocking GC Explicit
08-05 14:30:25.838 24558 24558 D AndroidRuntime: Shutting down VM
08-05 14:30:25.852 23097 23109 I art     : Explicit concurrent mark sweep GC freed 1480(84KB) AllocSpace objects, 1(20KB) LOS objects, 23% free, 52MB/68MB, paused 428us total 18.133ms
08-05 14:30:25.860 23097 23109 I art     : Starting a blocking GC Explicit
08-05 14:30:25.876 23097 23109 I art     : Explicit concurrent mark sweep GC freed 22(816B) AllocSpace objects, 0(0B) LOS objects, 23% free, 52MB/68MB, paused 308us total 15.815ms
08-05 14:30:25.880 13866 13866 I GoogleInputMethodServic: GoogleInputMethodService.onFinishInput():3138 
08-05 14:30:25.881 13866 13866 I GoogleInputMethodServic: GoogleInputMethodService.onStartInput():1808 
08-05 14:30:25.883 23097 23109 I art     : Starting a blocking GC Explicit
08-05 14:30:25.901 23097 23109 I art     : Explicit concurrent mark sweep GC freed 31(1152B) AllocSpace objects, 0(0B) LOS objects, 23% free, 52MB/68MB, paused 280us total 17.593ms
08-05 14:30:25.907 23097 23109 I art     : Starting a blocking GC Explicit
08-05 14:30:25.922 23097 23109 I art     : Explicit concurrent mark sweep GC freed 9(336B) AllocSpace objects, 0(0B) LOS objects, 23% free, 52MB/68MB, paused 285us total 15.118ms
08-05 14:30:25.929 23097 23109 I art     : Starting a blocking GC Explicit
08-05 14:30:25.943 23097 23109 I art     : Explicit concurrent mark sweep GC freed 4(144B) AllocSpace objects, 0(0B) LOS objects, 23% free, 52MB/68MB, paused 305us total 14.210ms
08-05 14:30:26.162   380   380 W SurfaceFlinger: couldn't log to binary event log: overflow.
08-05 14:30:26.195 23097 23186 I art     : Starting a blocking GC Explicit
08-05 14:30:26.211 23097 23186 I art     : Explicit concurrent mark sweep GC freed 1450(87KB) AllocSpace objects, 1(20KB) LOS objects, 23% free, 52MB/68MB, paused 298us total 15.431ms
08-05 14:30:26.218 23097 23186 I art     : Starting a blocking GC Explicit
08-05 14:30:26.233 23097 23186 I art     : Explicit concurrent mark sweep GC freed 1672(107KB) AllocSpace objects, 3(400KB) LOS objects, 23% free, 52MB/68MB, paused 294us total 15.055ms
08-05 14:30:26.239 23097 23186 I art     : Starting a blocking GC Explicit
08-05 14:30:26.254 23097 23186 I art     : Explicit concurrent mark sweep GC freed 3(96B) AllocSpace objects, 0(0B) LOS objects, 23% free, 52MB/68MB, paused 293us total 14.557ms
08-05 14:30:26.260 23097 23186 I art     : Starting a blocking GC Explicit
08-05 14:30:26.276 23097 23186 I art     : Explicit concurrent mark sweep GC freed 3(96B) AllocSpace objects, 0(0B) LOS objects, 23% free, 52MB/68MB, paused 306us total 15.417ms
08-05 14:30:26.283 23097 23186 I art     : Starting a blocking GC Explicit
08-05 14:30:26.298 23097 23186 I art     : Explicit concurrent mark sweep GC freed 3(96B) AllocSpace objects, 0(0B) LOS objects, 23% free, 52MB/68MB, paused 315us total 15.549ms
08-05 14:30:26.593 23097 23110 I art     : Starting a blocking GC Explicit
08-05 14:30:26.617 23097 23110 I art     : Explicit concurrent mark sweep GC freed 1341(78KB) AllocSpace objects, 1(20KB) LOS objects, 23% free, 52MB/68MB, paused 359us total 23.157ms
08-05 14:30:26.628 23097 23110 I art     : Starting a blocking GC Explicit
08-05 14:30:26.645 23097 23110 I art     : Explicit concurrent mark sweep GC freed 20(704B) AllocSpace objects, 0(0B) LOS objects, 23% free, 52MB/68MB, paused 303us total 16.938ms
08-05 14:30:26.652 23097 23110 I art     : Starting a blocking GC Explicit
08-05 14:30:26.668 23097 23110 I art     : Explicit concurrent mark sweep GC freed 3(96B) AllocSpace objects, 0(0B) LOS objects, 23% free, 52MB/68MB, paused 293us total 15.773ms
08-05 14:30:26.674 23097 23110 I art     : Starting a blocking GC Explicit
08-05 14:30:26.691 23097 23110 I art     : Explicit concurrent mark sweep GC freed 3(96B) AllocSpace objects, 0(0B) LOS objects, 23% free, 52MB/68MB, paused 290us total 16.063ms
08-05 14:30:26.697 23097 23110 I art     : Starting a blocking GC Explicit
08-05 14:30:26.713 23097 23110 I art     : Explicit concurrent mark sweep GC freed 3(96B) AllocSpace objects, 0(0B) LOS objects, 23% free, 52MB/68MB, paused 288us total 15.626ms
08-05 14:30:27.001 23097 23187 I art     : Starting a blocking GC Explicit
08-05 14:30:27.029 23097 23187 I art     : Explicit concurrent mark sweep GC freed 1340(78KB) AllocSpace objects, 1(20KB) LOS objects, 23% free, 52MB/68MB, paused 325us total 27.146ms
08-05 14:30:27.040 23097 23187 I art     : Starting a blocking GC Explicit
08-05 14:30:27.060 23097 23187 I art     : Explicit concurrent mark sweep GC freed 20(720B) AllocSpace objects, 0(0B) LOS objects, 23% free, 52MB/68MB, paused 321us total 20.122ms
08-05 14:30:27.068 23097 23187 I art     : Starting a blocking GC Explicit
08-05 14:30:27.084 23097 23187 I art     : Explicit concurrent mark sweep GC freed 3(96B) AllocSpace objects, 0(0B) LOS objects, 23% free, 52MB/68MB, paused 313us total 15.515ms
08-05 14:30:27.090 23097 23187 I art     : Starting a blocking GC Explicit
08-05 14:30:27.104 23097 23187 I art     : Explicit concurrent mark sweep GC freed 3(96B) AllocSpace objects, 0(0B) LOS objects, 23% free, 52MB/68MB, paused 288us total 13.702ms
08-05 14:30:27.110 23097 23187 I art     : Starting a blocking GC Explicit
08-05 14:30:27.124 23097 23187 I art     : Explicit concurrent mark sweep GC freed 3(96B) AllocSpace objects, 0(0B) LOS objects, 23% free, 52MB/68MB, paused 278us total 13.792ms
08-05 14:30:27.374   918  3261 D WifiStateMachine: starting scan for "H369AA63323"WPA_PSK with 2412,5180
08-05 14:30:27.382 23097 23109 I art     : Starting a blocking GC Explicit
08-05 14:30:27.384 24629 24629 D AndroidRuntime: >>>>>> START com.android.internal.os.RuntimeInit uid 2000 <<<<<<
08-05 14:30:27.388 24629 24629 D AndroidRuntime: CheckJNI is OFF
08-05 14:30:27.399 23097 23109 I art     : Explicit concurrent mark sweep GC freed 1629(95KB) AllocSpace objects, 1(20KB) LOS objects, 23% free, 52MB/68MB, paused 382us total 16.169ms
08-05 14:30:27.406 23097 23109 I art     : Starting a blocking GC Explicit
08-05 14:30:27.420 24629 24629 D ICU     : No timezone override file found: /data/misc/zoneinfo/current/icu/icu_tzdata.dat
08-05 14:30:27.422 23097 23109 I art     : Explicit concurrent mark sweep GC freed 48(1648B) AllocSpace objects, 0(0B) LOS objects, 23% free, 52MB/68MB, paused 333us total 16.741ms
08-05 14:30:27.429 23097 23109 I art     : Starting a blocking GC Explicit
08-05 14:30:27.443 23097 23109 I art     : Explicit concurrent mark sweep GC freed 1815(71KB) AllocSpace objects, 0(0B) LOS objects, 23% free, 52MB/68MB, paused 402us total 14.237ms
08-05 14:30:27.444 24629 24629 I Radio-JNI: register_android_hardware_Radio DONE
08-05 14:30:27.449 23097 23109 I art     : Starting a blocking GC Explicit
08-05 14:30:27.460 24629 24629 D AndroidRuntime: Calling main entry com.android.commands.input.Input
08-05 14:30:27.461 24629 24629 I Input   : injectKeyEvent: KeyEvent { action=ACTION_DOWN, keyCode=KEYCODE_BACK, scanCode=0, metaState=0, flags=0x0, repeatCount=0, eventTime=801043874, downTime=801043874, deviceId=-1, source=0x101 }
08-05 14:30:27.463 23097 23109 I art     : Explicit concurrent mark sweep GC freed 106(4KB) AllocSpace objects, 0(0B) LOS objects, 23% free, 52MB/68MB, paused 300us total 14.354ms
08-05 14:30:27.465 24629 24629 I Input   : injectKeyEvent: KeyEvent { action=ACTION_UP, keyCode=KEYCODE_BACK, scanCode=0, metaState=0, flags=0x0, repeatCount=0, eventTime=801043874, downTime=801043874, deviceId=-1, source=0x101 }
08-05 14:30:27.470 23097 23109 I art     : Starting a blocking GC Explicit
08-05 14:30:27.471 24629 24629 D AndroidRuntime: Shutting down VM
08-05 14:30:27.482 23097 24631 W OneSignal: OneSignalRestClient: POST Error thrown from network stack. 
08-05 14:30:27.482 23097 24631 W OneSignal: java.io.IOException: unexpected end of stream on Connection{api.onesignal.com:443, proxy=HTTP@192.168.2.12:8080 hostAddress=192.168.2.12 cipherSuite=TLS_ECDHE_RSA_WITH_AES_128_GCM_SHA256 protocol=http/1.1} (recycle count=0)
08-05 14:30:27.482 23097 24631 W OneSignal: 	at com.android.okhttp.internal.http.HttpConnection.readResponse(HttpConnection.java:210)
08-05 14:30:27.482 23097 24631 W OneSignal: 	at com.android.okhttp.internal.http.HttpTransport.readResponseHeaders(HttpTransport.java:80)
08-05 14:30:27.482 23097 24631 W OneSignal: 	at com.android.okhttp.internal.http.HttpEngine.readNetworkResponse(HttpEngine.java:904)
08-05 14:30:27.482 23097 24631 W OneSignal: 	at com.android.okhttp.internal.http.HttpEngine.readResponse(HttpEngine.java:788)
08-05 14:30:27.482 23097 24631 W OneSignal: 	at com.android.okhttp.internal.huc.HttpURLConnectionImpl.execute(HttpURLConnectionImpl.java:439)
08-05 14:30:27.482 23097 24631 W OneSignal: 	at com.android.okhttp.internal.huc.HttpURLConnectionImpl.getResponse(HttpURLConnectionImpl.java:384)
08-05 14:30:27.482 23097 24631 W OneSignal: 	at com.android.okhttp.internal.huc.HttpURLConnectionImpl.getResponseCode(HttpURLConnectionImpl.java:497)
08-05 14:30:27.482 23097 24631 W OneSignal: 	at com.android.okhttp.internal.huc.DelegatingHttpsURLConnection.getResponseCode(DelegatingHttpsURLConnection.java:105)
08-05 14:30:27.482 23097 24631 W OneSignal: 	at com.android.okhttp.internal.huc.HttpsURLConnectionImpl.getResponseCode(HttpsURLConnectionImpl.java)
08-05 14:30:27.482 23097 24631 W OneSignal: 	at com.onesignal.OneSignalRestClient.startHTTPConnection(OneSignalRestClient.java:180)
08-05 14:30:27.482 23097 24631 W OneSignal: 	at com.onesignal.OneSignalRestClient.access$100(OneSignalRestClient.java:44)
08-05 14:30:27.482 23097 24631 W OneSignal: 	at com.onesignal.OneSignalRestClient$4.run(OneSignalRestClient.java:110)
08-05 14:30:27.482 23097 24631 W OneSignal: 	at java.lang.Thread.run(Thread.java:818)
08-05 14:30:27.482 23097 24631 W OneSignal: Caused by: java.io.EOFException: \n not found: size=0 content=...
08-05 14:30:27.482 23097 24631 W OneSignal: 	at com.android.okhttp.okio.RealBufferedSource.readUtf8LineStrict(RealBufferedSource.java:200)
08-05 14:30:27.482 23097 24631 W OneSignal: 	at com.android.okhttp.internal.http.HttpConnection.readResponse(HttpConnection.java:191)
08-05 14:30:27.482 23097 24631 W OneSignal: 	... 12 more
08-05 14:30:27.483 23097 24653 W OneSignal: Failed last request. statusCode: -1
08-05 14:30:27.483 23097 24653 W OneSignal: response: null
08-05 14:30:27.485 23097 23109 I art     : Explicit concurrent mark sweep GC freed 288(53KB) AllocSpace objects, 0(0B) LOS objects, 23% free, 52MB/68MB, paused 381us total 14.460ms
08-05 14:30:27.507 13866 13866 I GoogleInputMethodServic: GoogleInputMethodService.onFinishInput():3138 
08-05 14:30:27.508 13866 13866 I GoogleInputMethodServic: GoogleInputMethodService.onStartInput():1808 
08-05 14:30:27.750 23097 23187 I art     : Starting a blocking GC Explicit
08-05 14:30:27.773 23097 23187 I art     : Explicit concurrent mark sweep GC freed 1643(105KB) AllocSpace objects, 1(20KB) LOS objects, 23% free, 52MB/68MB, paused 365us total 22.673ms
08-05 14:30:27.781 23097 23187 I art     : Starting a blocking GC Explicit
08-05 14:30:27.797 23097 23187 I art     : Explicit concurrent mark sweep GC freed 24(864B) AllocSpace objects, 0(0B) LOS objects, 23% free, 52MB/68MB, paused 287us total 15.843ms
08-05 14:30:27.804 23097 23187 I art     : Starting a blocking GC Explicit
08-05 14:30:27.820 23097 23187 I art     : Explicit concurrent mark sweep GC freed 1067(51KB) AllocSpace objects, 0(0B) LOS objects, 23% free, 52MB/68MB, paused 283us total 15.426ms
08-05 14:30:27.826 23097 23187 I art     : Starting a blocking GC Explicit
08-05 14:30:27.840 23097 23187 I art     : Explicit concurrent mark sweep GC freed 2083(127KB) AllocSpace objects, 2(140KB) LOS objects, 23% free, 51MB/67MB, paused 277us total 13.826ms
08-05 14:30:27.846 23097 23187 I art     : Starting a blocking GC Explicit
08-05 14:30:27.860 23097 23187 I art     : Explicit concurrent mark sweep GC freed 3(96B) AllocSpace objects, 0(0B) LOS objects, 23% free, 51MB/67MB, paused 315us total 14ms
08-05 14:30:28.149 23097 23186 I art     : Starting a blocking GC Explicit
08-05 14:30:28.173 23097 23186 I art     : Explicit concurrent mark sweep GC freed 1340(78KB) AllocSpace objects, 1(20KB) LOS objects, 23% free, 51MB/67MB, paused 356us total 24.140ms
08-05 14:30:28.187 23097 23186 I art     : Starting a blocking GC Explicit
08-05 14:30:28.202 23097 23186 I art     : Explicit concurrent mark sweep GC freed 20(704B) AllocSpace objects, 0(0B) LOS objects, 23% free, 51MB/67MB, paused 300us total 14.663ms
08-05 14:30:28.209 23097 23186 I art     : Starting a blocking GC Explicit
08-05 14:30:28.223 23097 23186 I art     : Explicit concurrent mark sweep GC freed 3(96B) AllocSpace objects, 0(0B) LOS objects, 23% free, 51MB/67MB, paused 295us total 14.706ms
08-05 14:30:28.230 23097 23186 I art     : Starting a blocking GC Explicit
08-05 14:30:28.244 23097 23186 I art     : Explicit concurrent mark sweep GC freed 3(96B) AllocSpace objects, 0(0B) LOS objects, 23% free, 51MB/67MB, paused 287us total 14.164ms
08-05 14:30:28.251 23097 23186 I art     : Starting a blocking GC Explicit
08-05 14:30:28.266 23097 23186 I art     : Explicit concurrent mark sweep GC freed 3(96B) AllocSpace objects, 0(0B) LOS objects, 23% free, 51MB/67MB, paused 295us total 14.743ms
08-05 14:30:28.546 23097 23109 I art     : Starting a blocking GC Explicit
08-05 14:30:28.563 23097 23109 I art     : Explicit concurrent mark sweep GC freed 1338(78KB) AllocSpace objects, 1(20KB) LOS objects, 23% free, 51MB/67MB, paused 334us total 17.415ms
08-05 14:30:28.570 23097 23109 I art     : Starting a blocking GC Explicit
08-05 14:30:28.586 23097 23109 I art     : Explicit concurrent mark sweep GC freed 20(704B) AllocSpace objects, 0(0B) LOS objects, 23% free, 51MB/67MB, paused 304us total 15.249ms
08-05 14:30:28.593 23097 23109 I art     : Starting a blocking GC Explicit
08-05 14:30:28.608 23097 23109 I art     : Explicit concurrent mark sweep GC freed 3(96B) AllocSpace objects, 0(0B) LOS objects, 23% free, 51MB/67MB, paused 344us total 15.416ms
08-05 14:30:28.616 23097 23109 I art     : Starting a blocking GC Explicit
08-05 14:30:28.631 23097 23109 I art     : Explicit concurrent mark sweep GC freed 3(96B) AllocSpace objects, 0(0B) LOS objects, 23% free, 51MB/67MB, paused 394us total 14.824ms
08-05 14:30:28.631 23097 23108 I art     : WaitForGcToComplete blocked for 8.797ms for cause HeapTrim
08-05 14:30:28.637 23097 23109 I art     : Starting a blocking GC Explicit
08-05 14:30:28.652 23097 23109 I art     : Explicit concurrent mark sweep GC freed 3(96B) AllocSpace objects, 0(0B) LOS objects, 23% free, 51MB/67MB, paused 293us total 14.591ms
08-05 14:30:28.807   518   646 I ThermalEngine: ACTION: GPU - Setting GPU[0] to 510000000
08-05 14:30:28.918 23097 23110 I art     : Starting a blocking GC Explicit
08-05 14:30:28.941 23097 23110 I art     : Explicit concurrent mark sweep GC freed 1338(78KB) AllocSpace objects, 1(20KB) LOS objects, 23% free, 51MB/67MB, paused 459us total 23.147ms
08-05 14:30:28.952 23097 23110 I art     : Starting a blocking GC Explicit
08-05 14:30:28.971 23097 23110 I art     : Explicit concurrent mark sweep GC freed 20(720B) AllocSpace objects, 0(0B) LOS objects, 23% free, 51MB/67MB, paused 425us total 18.599ms
08-05 14:30:28.979 23097 23110 I art     : Starting a blocking GC Explicit
08-05 14:30:28.998 23097 23110 I art     : Explicit concurrent mark sweep GC freed 3(96B) AllocSpace objects, 0(0B) LOS objects, 23% free, 51MB/67MB, paused 411us total 17.918ms
08-05 14:30:29.006 23097 23110 I art     : Starting a blocking GC Explicit
08-05 14:30:29.025 23097 23110 I art     : Explicit concurrent mark sweep GC freed 3(96B) AllocSpace objects, 0(0B) LOS objects, 23% free, 51MB/67MB, paused 409us total 18.574ms
08-05 14:30:29.033 23097 23110 I art     : Starting a blocking GC Explicit
08-05 14:30:29.051 23097 23110 I art     : Explicit concurrent mark sweep GC freed 3(96B) AllocSpace objects, 0(0B) LOS objects, 23% free, 51MB/67MB, paused 405us total 18.123ms
08-05 14:30:29.147 24687 24687 D AndroidRuntime: >>>>>> START com.android.internal.os.RuntimeInit uid 2000 <<<<<<
08-05 14:30:29.153 24687 24687 D AndroidRuntime: CheckJNI is OFF
08-05 14:30:29.194 24687 24687 D ICU     : No timezone override file found: /data/misc/zoneinfo/current/icu/icu_tzdata.dat
08-05 14:30:29.227 24687 24687 I Radio-JNI: register_android_hardware_Radio DONE
08-05 14:30:29.249 24687 24687 D AndroidRuntime: Calling main entry com.android.commands.input.Input
08-05 14:30:29.250 24687 24687 I Input   : injectMotionEvent: MotionEvent { action=ACTION_DOWN, actionButton=0, id[0]=0, x[0]=337.0, y[0]=1104.0, toolType[0]=TOOL_TYPE_UNKNOWN, buttonState=0, metaState=0, flags=0x0, edgeFlags=0x0, pointerCount=1, historySize=0, eventTime=801045663, downTime=801045663, deviceId=0, source=0x1002 }
08-05 14:30:29.255 24687 24687 I Input   : injectMotionEvent: MotionEvent { action=ACTION_UP, actionButton=0, id[0]=0, x[0]=337.0, y[0]=1104.0, toolType[0]=TOOL_TYPE_UNKNOWN, buttonState=0, metaState=0, flags=0x0, edgeFlags=0x0, pointerCount=1, historySize=0, eventTime=801045663, downTime=801045663, deviceId=0, source=0x1002 }
08-05 14:30:29.257   918  6029 I ActivityManager: START u0 {cmp=baseline.appteam.nith.hillffair/.activities.BattleDayActivity} from uid 10675 on display 0
08-05 14:30:29.264 24687 24687 D AndroidRuntime: Shutting down VM
08-05 14:30:29.339 13866 13866 I GoogleInputMethodServic: GoogleInputMethodService.onFinishInput():3138 
08-05 14:30:29.339 13866 13866 I GoogleInputMethodServic: GoogleInputMethodService.onStartInput():1808 
08-05 14:30:29.340 23097 23109 I art     : Starting a blocking GC Explicit
08-05 14:30:29.360 23097 23109 I art     : Explicit concurrent mark sweep GC freed 6345(382KB) AllocSpace objects, 1(20KB) LOS objects, 23% free, 52MB/68MB, paused 621us total 20.434ms
08-05 14:30:29.367   918   936 I ActivityManager: Displayed baseline.appteam.nith.hillffair/.activities.BattleDayActivity: +102ms
08-05 14:30:29.369 23097 23109 I art     : Starting a blocking GC Explicit
08-05 14:30:29.392 23097 23109 I art     : Explicit concurrent mark sweep GC freed 272(12KB) AllocSpace objects, 0(0B) LOS objects, 23% free, 52MB/68MB, paused 450us total 22.328ms
08-05 14:30:29.403 23097 23109 I art     : Starting a blocking GC Explicit
08-05 14:30:29.422 23097 23109 I art     : Explicit concurrent mark sweep GC freed 10(400B) AllocSpace objects, 0(0B) LOS objects, 23% free, 52MB/68MB, paused 430us total 18.133ms
08-05 14:30:29.430 23097 23109 I art     : Starting a blocking GC Explicit
08-05 14:30:29.447 23097 23109 I art     : Explicit concurrent mark sweep GC freed 3(96B) AllocSpace objects, 0(0B) LOS objects, 23% free, 52MB/68MB, paused 469us total 16.819ms
08-05 14:30:29.454 23097 23109 I art     : Starting a blocking GC Explicit
08-05 14:30:29.473 23097 23109 I art     : Explicit concurrent mark sweep GC freed 3(96B) AllocSpace objects, 0(0B) LOS objects, 23% free, 52MB/68MB, paused 466us total 18.492ms
08-05 14:30:29.619   380   380 W SurfaceFlinger: couldn't log to binary event log: overflow.
08-05 14:30:29.730 23097 23109 I art     : Starting a blocking GC Explicit
08-05 14:30:29.750 23097 23109 I art     : Explicit concurrent mark sweep GC freed 1410(83KB) AllocSpace objects, 1(20KB) LOS objects, 23% free, 52MB/68MB, paused 549us total 19.755ms
08-05 14:30:29.759 23097 23109 I art     : Starting a blocking GC Explicit
08-05 14:30:29.777 23097 23109 I art     : Explicit concurrent mark sweep GC freed 31(1120B) AllocSpace objects, 0(0B) LOS objects, 23% free, 52MB/68MB, paused 481us total 18.128ms
08-05 14:30:29.785 23097 23109 I art     : Starting a blocking GC Explicit
08-05 14:30:29.803 23097 23109 I art     : Explicit concurrent mark sweep GC freed 13(480B) AllocSpace objects, 0(0B) LOS objects, 23% free, 52MB/68MB, paused 410us total 17.740ms
08-05 14:30:29.811 23097 23109 I art     : Starting a blocking GC Explicit
08-05 14:30:29.830 23097 23109 I art     : Explicit concurrent mark sweep GC freed 10(352B) AllocSpace objects, 0(0B) LOS objects, 23% free, 52MB/68MB, paused 443us total 18.668ms
08-05 14:30:29.838 23097 23109 I art     : Starting a blocking GC Explicit
08-05 14:30:29.857 23097 23109 I art     : Explicit concurrent mark sweep GC freed 11(416B) AllocSpace objects, 0(0B) LOS objects, 23% free, 52MB/68MB, paused 506us total 18.518ms
08-05 14:30:30.093 23097 24720 D OkHttp  : --> GET https://api-hillfair-2k16.herokuapp.com/api/app/events/special http/1.1
08-05 14:30:30.128 23097 24720 D OkHttp  : <-- 200 OK https://api-hillfair-2k16.herokuapp.com/api/app/events/special (34ms, 554-byte body)
08-05 14:30:30.133 23097 23187 I art     : Starting a blocking GC Explicit
08-05 14:30:30.155 23097 23187 I art     : Explicit concurrent mark sweep GC freed 4190(246KB) AllocSpace objects, 4(220KB) LOS objects, 23% free, 52MB/68MB, paused 492us total 21.251ms
08-05 14:30:30.163 23097 23187 I art     : Starting a blocking GC Explicit
08-05 14:30:30.183 23097 23187 I art     : Explicit concurrent mark sweep GC freed 1039(119KB) AllocSpace objects, 0(0B) LOS objects, 23% free, 52MB/68MB, paused 412us total 19.502ms
08-05 14:30:30.185 23097 23097 I NAPPA_EXPERIMENTATION: MetricNetworkRequestExecutionTime: REQUEST_DURATION_SYSTEM='894',REQUEST_DURATION_OKHTTP='34',REQUEST_SYNCHRONOUS='FALSE',RESPONSE_CODE='200',RESPONSE_METHOD='GET',RESPONSE_LENGTH_OKHTTP='554',RESPONSE_LENGTH_HEADER='554',REQUEST_PROTOCOL='http/1.1',REQUEST_URL='https://api-hillfair-2k16.herokuapp.com/api/app/events/special',
08-05 14:30:30.191 23097 23187 I art     : Starting a blocking GC Explicit
08-05 14:30:30.210 23097 23187 I art     : Explicit concurrent mark sweep GC freed 550(57KB) AllocSpace objects, 0(0B) LOS objects, 23% free, 52MB/68MB, paused 697us total 18.932ms
08-05 14:30:30.218 23097 23187 I art     : Starting a blocking GC Explicit
08-05 14:30:30.237 23097 23187 I art     : Explicit concurrent mark sweep GC freed 287(10KB) AllocSpace objects, 0(0B) LOS objects, 23% free, 52MB/68MB, paused 572us total 18.496ms
08-05 14:30:30.245 23097 23187 I art     : Starting a blocking GC Explicit
08-05 14:30:30.264 23097 23187 I art     : Explicit concurrent mark sweep GC freed 28(1376B) AllocSpace objects, 0(0B) LOS objects, 23% free, 52MB/68MB, paused 416us total 18.679ms
08-05 14:30:30.550 23097 23186 I art     : Starting a blocking GC Explicit
08-05 14:30:30.576 23097 23186 I art     : Explicit concurrent mark sweep GC freed 1340(78KB) AllocSpace objects, 1(20KB) LOS objects, 23% free, 52MB/68MB, paused 465us total 25.396ms
08-05 14:30:30.588 23097 23186 I art     : Starting a blocking GC Explicit
08-05 14:30:30.612 23097 23186 I art     : Explicit concurrent mark sweep GC freed 20(704B) AllocSpace objects, 0(0B) LOS objects, 23% free, 52MB/68MB, paused 457us total 24.229ms
08-05 14:30:30.622 23097 23186 I art     : Starting a blocking GC Explicit
08-05 14:30:30.643 23097 23186 I art     : Explicit concurrent mark sweep GC freed 3(96B) AllocSpace objects, 0(0B) LOS objects, 23% free, 52MB/68MB, paused 435us total 20.559ms
08-05 14:30:30.652 23097 23186 I art     : Starting a blocking GC Explicit
08-05 14:30:30.673 23097 23186 I art     : Explicit concurrent mark sweep GC freed 3(96B) AllocSpace objects, 0(0B) LOS objects, 23% free, 52MB/68MB, paused 434us total 20.171ms
08-05 14:30:30.681 23097 23186 I art     : Starting a blocking GC Explicit
08-05 14:30:30.701 23097 23186 I art     : Explicit concurrent mark sweep GC freed 3(96B) AllocSpace objects, 0(0B) LOS objects, 23% free, 52MB/68MB, paused 435us total 19.817ms
08-05 14:30:31.014 23097 23109 I art     : Starting a blocking GC Explicit
08-05 14:30:31.045 23097 23109 I art     : Explicit concurrent mark sweep GC freed 1340(78KB) AllocSpace objects, 1(20KB) LOS objects, 23% free, 52MB/68MB, paused 491us total 30.288ms
08-05 14:30:31.059 23097 23109 I art     : Starting a blocking GC Explicit
08-05 14:30:31.083 23097 23109 I art     : Explicit concurrent mark sweep GC freed 20(704B) AllocSpace objects, 0(0B) LOS objects, 23% free, 52MB/68MB, paused 451us total 24.392ms
08-05 14:30:31.094 23097 23109 I art     : Starting a blocking GC Explicit
08-05 14:30:31.115 23097 23109 I art     : Explicit concurrent mark sweep GC freed 3(96B) AllocSpace objects, 0(0B) LOS objects, 23% free, 52MB/68MB, paused 428us total 19.867ms
08-05 14:30:31.123 23097 23109 I art     : Starting a blocking GC Explicit
08-05 14:30:31.144 23097 23109 I art     : Explicit concurrent mark sweep GC freed 3(96B) AllocSpace objects, 0(0B) LOS objects, 23% free, 52MB/68MB, paused 415us total 20.076ms
08-05 14:30:31.152 23097 23109 I art     : Starting a blocking GC Explicit
08-05 14:30:31.172 23097 23109 I art     : Explicit concurrent mark sweep GC freed 3(96B) AllocSpace objects, 0(0B) LOS objects, 23% free, 52MB/68MB, paused 415us total 19.731ms
08-05 14:30:31.497 23097 23110 I art     : Starting a blocking GC Explicit
08-05 14:30:31.523 23097 23110 I art     : Explicit concurrent mark sweep GC freed 1340(78KB) AllocSpace objects, 1(20KB) LOS objects, 23% free, 52MB/68MB, paused 599us total 25.765ms
08-05 14:30:31.535 23097 23110 I art     : Starting a blocking GC Explicit
08-05 14:30:31.555 23097 23110 I art     : Explicit concurrent mark sweep GC freed 20(704B) AllocSpace objects, 0(0B) LOS objects, 23% free, 52MB/68MB, paused 427us total 20.121ms
08-05 14:30:31.564 23097 23110 I art     : Starting a blocking GC Explicit
08-05 14:30:31.584 23097 23110 I art     : Explicit concurrent mark sweep GC freed 3(96B) AllocSpace objects, 0(0B) LOS objects, 23% free, 52MB/68MB, paused 426us total 20.028ms
08-05 14:30:31.593 23097 23110 I art     : Starting a blocking GC Explicit
08-05 14:30:31.614 23097 23110 I art     : Explicit concurrent mark sweep GC freed 3(96B) AllocSpace objects, 0(0B) LOS objects, 23% free, 52MB/68MB, paused 424us total 20.627ms
08-05 14:30:31.622 23097 23110 I art     : Starting a blocking GC Explicit
08-05 14:30:31.643 23097 23110 I art     : Explicit concurrent mark sweep GC freed 3(96B) AllocSpace objects, 0(0B) LOS objects, 23% free, 52MB/68MB, paused 425us total 20.309ms
08-05 14:30:31.970 23097 23187 I art     : Starting a blocking GC Explicit
08-05 14:30:32.001 23097 23187 I art     : Explicit concurrent mark sweep GC freed 1340(78KB) AllocSpace objects, 1(20KB) LOS objects, 23% free, 52MB/68MB, paused 503us total 30.691ms
08-05 14:30:32.014 23097 23187 I art     : Starting a blocking GC Explicit
08-05 14:30:32.039 23097 23187 I art     : Explicit concurrent mark sweep GC freed 20(704B) AllocSpace objects, 0(0B) LOS objects, 23% free, 52MB/68MB, paused 452us total 24.558ms
08-05 14:30:32.049 23097 23187 I art     : Starting a blocking GC Explicit
08-05 14:30:32.069 23097 23187 I art     : Explicit concurrent mark sweep GC freed 3(96B) AllocSpace objects, 0(0B) LOS objects, 23% free, 52MB/68MB, paused 435us total 20.082ms
08-05 14:30:32.078 23097 23187 I art     : Starting a blocking GC Explicit
08-05 14:30:32.098 23097 23187 I art     : Explicit concurrent mark sweep GC freed 3(96B) AllocSpace objects, 0(0B) LOS objects, 23% free, 52MB/68MB, paused 409us total 19.501ms
08-05 14:30:32.106 23097 23187 I art     : Starting a blocking GC Explicit
08-05 14:30:32.126 23097 23187 I art     : Explicit concurrent mark sweep GC freed 3(96B) AllocSpace objects, 0(0B) LOS objects, 23% free, 52MB/68MB, paused 428us total 19.346ms
08-05 14:30:32.427 23097 23186 I art     : Starting a blocking GC Explicit
08-05 14:30:32.447 23097 23186 I art     : Explicit concurrent mark sweep GC freed 1340(78KB) AllocSpace objects, 1(20KB) LOS objects, 23% free, 52MB/68MB, paused 423us total 19.940ms
08-05 14:30:32.455 23097 23186 I art     : Starting a blocking GC Explicit
08-05 14:30:32.473 23097 23186 I art     : Explicit concurrent mark sweep GC freed 20(704B) AllocSpace objects, 0(0B) LOS objects, 23% free, 52MB/68MB, paused 404us total 17.458ms
08-05 14:30:32.480 23097 23186 I art     : Starting a blocking GC Explicit
08-05 14:30:32.499 23097 23186 I art     : Explicit concurrent mark sweep GC freed 3(96B) AllocSpace objects, 0(0B) LOS objects, 23% free, 52MB/68MB, paused 415us total 18.919ms
08-05 14:30:32.507 23097 23186 I art     : Starting a blocking GC Explicit
08-05 14:30:32.527 23097 23186 I art     : Explicit concurrent mark sweep GC freed 3(96B) AllocSpace objects, 0(0B) LOS objects, 23% free, 52MB/68MB, paused 459us total 18.936ms
08-05 14:30:32.535 23097 23186 I art     : Starting a blocking GC Explicit
08-05 14:30:32.554 23097 23186 I art     : Explicit concurrent mark sweep GC freed 3(96B) AllocSpace objects, 0(0B) LOS objects, 23% free, 52MB/68MB, paused 406us total 19.473ms
08-05 14:30:32.870 23097 23109 I art     : Starting a blocking GC Explicit
08-05 14:30:32.899 23097 23109 I art     : Explicit concurrent mark sweep GC freed 1340(78KB) AllocSpace objects, 1(20KB) LOS objects, 23% free, 52MB/68MB, paused 449us total 28.220ms
08-05 14:30:32.911 23097 23109 I art     : Starting a blocking GC Explicit
08-05 14:30:32.931 23097 23109 I art     : Explicit concurrent mark sweep GC freed 20(704B) AllocSpace objects, 0(0B) LOS objects, 23% free, 52MB/68MB, paused 425us total 19.831ms
08-05 14:30:32.940 23097 23109 I art     : Starting a blocking GC Explicit
08-05 14:30:32.960 23097 23109 I art     : Explicit concurrent mark sweep GC freed 3(96B) AllocSpace objects, 0(0B) LOS objects, 23% free, 52MB/68MB, paused 421us total 20.061ms
08-05 14:30:32.969 23097 23109 I art     : Starting a blocking GC Explicit
08-05 14:30:32.989 23097 23109 I art     : Explicit concurrent mark sweep GC freed 3(96B) AllocSpace objects, 0(0B) LOS objects, 23% free, 52MB/68MB, paused 431us total 20.436ms
08-05 14:30:32.998 23097 23109 I art     : Starting a blocking GC Explicit
08-05 14:30:33.019 23097 23109 I art     : Explicit concurrent mark sweep GC freed 3(96B) AllocSpace objects, 0(0B) LOS objects, 23% free, 52MB/68MB, paused 420us total 20.626ms
08-05 14:30:33.202 13923 13925 E QC-QMI  : qmi_client [13923] 58b: failed to locate client data
08-05 14:30:33.203   519   519 E QC-QMI  : qmuxd: RX on fd=18 returned error=0 errno[2:No such file or directory]
08-05 14:30:33.203   519   519 E QC-QMI  : QMUX qmux_client_id=58b not found in qmux client list, unable to remove
08-05 14:30:33.204 13923 13923 I Atfwd_Daemon: Stop the daemon....
08-05 14:30:33.219 24817 24817 W ATFWD-daemon: type=1400 audit(0.0:739506): avc: denied { read write } for name="diag" dev="tmpfs" ino=1296 scontext=u:r:atfwd:s0 tcontext=u:object_r:diag_device:s0 tclass=chr_file permissive=0
08-05 14:30:33.232 24817 24817 I libmdmdetect: ESOC framework not supported
08-05 14:30:33.233 24817 24817 I libmdmdetect: Found internal modem: modem
08-05 14:30:33.233 24817 24817 E Diag_Lib:  Diag_LSM_Init: Failed to open handle to diag driver, error = 13
08-05 14:30:33.236 24817 24817 I Atfwd_Daemon: result : 255 	 ,Init step :0 	 ,qmiErrorCode: 0
08-05 14:30:33.236 24817 24817 I Atfwd_Daemon: result : 0 	 ,Init step :1 	 ,qmiErrorCode: 0
08-05 14:30:33.237 24817 24817 I ServiceManager: Waiting for service AtCmdFwd...
08-05 14:30:33.326 23097 23110 I art     : Starting a blocking GC Explicit
08-05 14:30:33.352 23097 23110 I art     : Explicit concurrent mark sweep GC freed 1340(78KB) AllocSpace objects, 1(20KB) LOS objects, 23% free, 52MB/68MB, paused 478us total 25.230ms
08-05 14:30:33.363 23097 23110 I art     : Starting a blocking GC Explicit
08-05 14:30:33.388 23097 23110 I art     : Explicit concurrent mark sweep GC freed 20(704B) AllocSpace objects, 0(0B) LOS objects, 23% free, 52MB/68MB, paused 499us total 24.237ms
08-05 14:30:33.399 23097 23110 I art     : Starting a blocking GC Explicit
08-05 14:30:33.419 23097 23110 I art     : Explicit concurrent mark sweep GC freed 3(96B) AllocSpace objects, 0(0B) LOS objects, 23% free, 52MB/68MB, paused 431us total 19.841ms
08-05 14:30:33.428 23097 23110 I art     : Starting a blocking GC Explicit
08-05 14:30:33.449 23097 23110 I art     : Explicit concurrent mark sweep GC freed 3(96B) AllocSpace objects, 0(0B) LOS objects, 23% free, 52MB/68MB, paused 428us total 20.465ms
08-05 14:30:33.457 23097 23110 I art     : Starting a blocking GC Explicit
08-05 14:30:33.478 23097 23110 I art     : Explicit concurrent mark sweep GC freed 3(96B) AllocSpace objects, 0(0B) LOS objects, 23% free, 52MB/68MB, paused 435us total 20.175ms
08-05 14:30:33.751 23097 23187 I art     : Starting a blocking GC Explicit
08-05 14:30:33.772 23097 23187 I art     : Explicit concurrent mark sweep GC freed 1340(78KB) AllocSpace objects, 1(20KB) LOS objects, 23% free, 52MB/68MB, paused 445us total 19.914ms
08-05 14:30:33.781 23097 23187 I art     : Starting a blocking GC Explicit
08-05 14:30:33.800 23097 23187 I art     : Explicit concurrent mark sweep GC freed 20(704B) AllocSpace objects, 0(0B) LOS objects, 23% free, 52MB/68MB, paused 414us total 18.963ms
08-05 14:30:33.808 23097 23187 I art     : Starting a blocking GC Explicit
08-05 14:30:33.827 23097 23187 I art     : Explicit concurrent mark sweep GC freed 3(96B) AllocSpace objects, 0(0B) LOS objects, 23% free, 52MB/68MB, paused 440us total 19.172ms
08-05 14:30:33.836 23097 23187 I art     : Starting a blocking GC Explicit
08-05 14:30:33.855 23097 23187 I art     : Explicit concurrent mark sweep GC freed 3(96B) AllocSpace objects, 0(0B) LOS objects, 23% free, 52MB/68MB, paused 434us total 19.236ms
08-05 14:30:33.863 23097 23187 I art     : Starting a blocking GC Explicit
08-05 14:30:33.883 23097 23187 I art     : Explicit concurrent mark sweep GC freed 3(96B) AllocSpace objects, 0(0B) LOS objects, 23% free, 52MB/68MB, paused 414us total 18.902ms
08-05 14:30:33.958 24827 24827 D AndroidRuntime: >>>>>> START com.android.internal.os.RuntimeInit uid 2000 <<<<<<
08-05 14:30:33.963 24827 24827 D AndroidRuntime: CheckJNI is OFF
08-05 14:30:34.001 24827 24827 D ICU     : No timezone override file found: /data/misc/zoneinfo/current/icu/icu_tzdata.dat
08-05 14:30:34.036 24827 24827 I Radio-JNI: register_android_hardware_Radio DONE
08-05 14:30:34.058 24827 24827 D AndroidRuntime: Calling main entry com.android.commands.input.Input
08-05 14:30:34.060 24827 24827 I Input   : injectMotionEvent: MotionEvent { action=ACTION_DOWN, actionButton=0, id[0]=0, x[0]=733.0, y[0]=645.0, toolType[0]=TOOL_TYPE_UNKNOWN, buttonState=0, metaState=0, flags=0x0, edgeFlags=0x0, pointerCount=1, historySize=0, eventTime=801050473, downTime=801050473, deviceId=0, source=0x1002 }
08-05 14:30:34.066 24827 24827 I Input   : injectMotionEvent: MotionEvent { action=ACTION_UP, actionButton=0, id[0]=0, x[0]=733.0, y[0]=645.0, toolType[0]=TOOL_TYPE_UNKNOWN, buttonState=0, metaState=0, flags=0x0, edgeFlags=0x0, pointerCount=1, historySize=0, eventTime=801050473, downTime=801050473, deviceId=0, source=0x1002 }
08-05 14:30:34.068   918  5132 I ActivityManager: START u0 {cmp=baseline.appteam.nith.hillffair/.activities.ClubActivity (has extras)} from uid 10675 on display 0
08-05 14:30:34.080 24827 24827 D AndroidRuntime: Shutting down VM
08-05 14:30:34.159 13866 13866 I GoogleInputMethodServic: GoogleInputMethodService.onFinishInput():3138 
08-05 14:30:34.160   918   936 I ActivityManager: Displayed baseline.appteam.nith.hillffair/.activities.ClubActivity: +79ms
08-05 14:30:34.160 13866 13866 I GoogleInputMethodServic: GoogleInputMethodService.onStartInput():1808 
08-05 14:30:34.173 23097 23110 I art     : Starting a blocking GC Explicit
08-05 14:30:34.195 23097 23110 I art     : Explicit concurrent mark sweep GC freed 5305(332KB) AllocSpace objects, 1(20KB) LOS objects, 23% free, 52MB/68MB, paused 465us total 21.325ms
08-05 14:30:34.203 23097 23110 I art     : Starting a blocking GC Explicit
08-05 14:30:34.222 23097 23110 I art     : Explicit concurrent mark sweep GC freed 212(9KB) AllocSpace objects, 0(0B) LOS objects, 23% free, 52MB/68MB, paused 484us total 18.749ms
08-05 14:30:34.230 23097 23110 I art     : Starting a blocking GC Explicit
08-05 14:30:34.238 24817 24817 I ServiceManager: Waiting for service AtCmdFwd...
08-05 14:30:34.250 23097 23110 I art     : Explicit concurrent mark sweep GC freed 3(96B) AllocSpace objects, 0(0B) LOS objects, 23% free, 52MB/68MB, paused 460us total 19.551ms
08-05 14:30:34.259 23097 23110 I art     : Starting a blocking GC Explicit
08-05 14:30:34.279 23097 23110 I art     : Explicit concurrent mark sweep GC freed 3(96B) AllocSpace objects, 0(0B) LOS objects, 23% free, 52MB/68MB, paused 447us total 20.137ms
08-05 14:30:34.288 23097 23110 I art     : Starting a blocking GC Explicit
08-05 14:30:34.312 23097 23110 I art     : Explicit concurrent mark sweep GC freed 3(96B) AllocSpace objects, 0(0B) LOS objects, 23% free, 52MB/68MB, paused 487us total 23.069ms
08-05 14:30:34.389   380   380 W SurfaceFlinger: couldn't log to binary event log: overflow.
08-05 14:30:34.570 23097 23109 I art     : Starting a blocking GC Explicit
08-05 14:30:34.591 23097 23109 I art     : Explicit concurrent mark sweep GC freed 1450(84KB) AllocSpace objects, 1(20KB) LOS objects, 23% free, 52MB/68MB, paused 458us total 20.223ms
08-05 14:30:34.600 23097 23109 I art     : Starting a blocking GC Explicit
08-05 14:30:34.621 23097 23109 I art     : Explicit concurrent mark sweep GC freed 33(1152B) AllocSpace objects, 0(0B) LOS objects, 23% free, 52MB/68MB, paused 473us total 21.043ms
08-05 14:30:34.630 23097 23109 I art     : Starting a blocking GC Explicit
08-05 14:30:34.650 23097 23109 I art     : Explicit concurrent mark sweep GC freed 11(416B) AllocSpace objects, 0(0B) LOS objects, 23% free, 52MB/68MB, paused 479us total 19.618ms
08-05 14:30:34.658 23097 23109 I art     : Starting a blocking GC Explicit
08-05 14:30:34.678 23097 23109 I art     : Explicit concurrent mark sweep GC freed 13(480B) AllocSpace objects, 0(0B) LOS objects, 23% free, 52MB/68MB, paused 468us total 20.061ms
08-05 14:30:34.687 23097 23109 I art     : Starting a blocking GC Explicit
08-05 14:30:34.707 23097 23109 I art     : Explicit concurrent mark sweep GC freed 12(432B) AllocSpace objects, 0(0B) LOS objects, 23% free, 52MB/68MB, paused 640us total 20.472ms
08-05 14:30:34.910 23097 24856 D OkHttp  : --> GET https://api-hillfair-2k16.herokuapp.com/api/app/events/special/event?id=5806551bdcba0f490c70fd1f http/1.1
08-05 14:30:34.945 23097 24856 D OkHttp  : <-- 200 OK https://api-hillfair-2k16.herokuapp.com/api/app/events/special/event?id=5806551bdcba0f490c70fd1f (34ms, 795-byte body)
08-05 14:30:34.990 23097 23097 I NAPPA_EXPERIMENTATION: MetricNetworkRequestExecutionTime: REQUEST_DURATION_SYSTEM='887',REQUEST_DURATION_OKHTTP='35',REQUEST_SYNCHRONOUS='FALSE',RESPONSE_CODE='200',RESPONSE_METHOD='GET',RESPONSE_LENGTH_OKHTTP='795',RESPONSE_LENGTH_HEADER='795',REQUEST_PROTOCOL='http/1.1',REQUEST_URL='https://api-hillfair-2k16.herokuapp.com/api/app/events/special/event?id=5806551bdcba0f490c70fd1f',
08-05 14:30:35.000 23097 23109 I art     : Starting a blocking GC Explicit
08-05 14:30:35.024 23097 23109 I art     : Explicit concurrent mark sweep GC freed 4773(311KB) AllocSpace objects, 4(220KB) LOS objects, 23% free, 52MB/68MB, paused 553us total 23.581ms
08-05 14:30:35.033 23097 23109 I art     : Starting a blocking GC Explicit
08-05 14:30:35.053 23097 23109 I art     : Explicit concurrent mark sweep GC freed 1065(120KB) AllocSpace objects, 0(0B) LOS objects, 23% free, 52MB/68MB, paused 438us total 19.710ms
08-05 14:30:35.061 23097 23109 I art     : Starting a blocking GC Explicit
08-05 14:30:35.080 23097 23109 I art     : Explicit concurrent mark sweep GC freed 3(96B) AllocSpace objects, 0(0B) LOS objects, 23% free, 52MB/68MB, paused 395us total 18.449ms
08-05 14:30:35.088 23097 23109 I art     : Starting a blocking GC Explicit
08-05 14:30:35.107 23097 23109 I art     : Explicit concurrent mark sweep GC freed 3(96B) AllocSpace objects, 0(0B) LOS objects, 23% free, 52MB/68MB, paused 435us total 18.957ms
08-05 14:30:35.115 23097 23109 I art     : Starting a blocking GC Explicit
08-05 14:30:35.134 23097 23109 I art     : Explicit concurrent mark sweep GC freed 3(96B) AllocSpace objects, 0(0B) LOS objects, 23% free, 52MB/68MB, paused 443us total 18.538ms
08-05 14:30:35.238 24817 24817 I ServiceManager: Waiting for service AtCmdFwd...
08-05 14:30:35.415 23097 23109 I art     : Starting a blocking GC Explicit
08-05 14:30:35.436 23097 23109 I art     : Explicit concurrent mark sweep GC freed 1341(78KB) AllocSpace objects, 1(20KB) LOS objects, 23% free, 52MB/68MB, paused 426us total 20.861ms
08-05 14:30:35.444 23097 23109 I art     : Starting a blocking GC Explicit
08-05 14:30:35.466 23097 23109 I art     : Explicit concurrent mark sweep GC freed 36(1264B) AllocSpace objects, 0(0B) LOS objects, 23% free, 52MB/68MB, paused 446us total 21.265ms
08-05 14:30:35.475 23097 23109 I art     : Starting a blocking GC Explicit
08-05 14:30:35.497 23097 23109 I art     : Explicit concurrent mark sweep GC freed 3(96B) AllocSpace objects, 0(0B) LOS objects, 23% free, 52MB/68MB, paused 441us total 21.671ms
08-05 14:30:35.505 23097 23109 I art     : Starting a blocking GC Explicit
08-05 14:30:35.527 23097 23109 I art     : Explicit concurrent mark sweep GC freed 3(96B) AllocSpace objects, 0(0B) LOS objects, 23% free, 52MB/68MB, paused 478us total 21.690ms
08-05 14:30:35.536 23097 23109 I art     : Starting a blocking GC Explicit
08-05 14:30:35.558 23097 23109 I art     : Explicit concurrent mark sweep GC freed 3(96B) AllocSpace objects, 0(0B) LOS objects, 23% free, 52MB/68MB, paused 448us total 21.728ms
08-05 14:30:35.838 23097 23187 I art     : Starting a blocking GC Explicit
08-05 14:30:35.864 23097 23187 I art     : Explicit concurrent mark sweep GC freed 1341(78KB) AllocSpace objects, 1(20KB) LOS objects, 23% free, 52MB/68MB, paused 469us total 25.461ms
08-05 14:30:35.876 23097 23187 I art     : Starting a blocking GC Explicit
08-05 14:30:35.898 23097 23187 I art     : Explicit concurrent mark sweep GC freed 20(720B) AllocSpace objects, 0(0B) LOS objects, 23% free, 52MB/68MB, paused 457us total 21.972ms
08-05 14:30:35.907 23097 23187 I art     : Starting a blocking GC Explicit
08-05 14:30:35.928 23097 23187 I art     : Explicit concurrent mark sweep GC freed 3(96B) AllocSpace objects, 0(0B) LOS objects, 23% free, 52MB/68MB, paused 424us total 21.047ms
08-05 14:30:35.937 23097 23187 I art     : Starting a blocking GC Explicit
08-05 14:30:35.959 23097 23187 I art     : Explicit concurrent mark sweep GC freed 3(96B) AllocSpace objects, 0(0B) LOS objects, 23% free, 52MB/68MB, paused 454us total 21.804ms
08-05 14:30:35.968 23097 23187 I art     : Starting a blocking GC Explicit
08-05 14:30:35.989 23097 23187 I art     : Explicit concurrent mark sweep GC freed 3(96B) AllocSpace objects, 0(0B) LOS objects, 23% free, 52MB/68MB, paused 428us total 20.733ms
08-05 14:30:36.239 24817 24817 I ServiceManager: Waiting for service AtCmdFwd...
08-05 14:30:36.313 23097 23110 I art     : Starting a blocking GC Explicit
08-05 14:30:36.340 23097 23110 I art     : Explicit concurrent mark sweep GC freed 1341(78KB) AllocSpace objects, 1(20KB) LOS objects, 23% free, 52MB/68MB, paused 494us total 26.641ms
08-05 14:30:36.351 23097 23110 I art     : Starting a blocking GC Explicit
08-05 14:30:36.372 23097 23110 I art     : Explicit concurrent mark sweep GC freed 20(704B) AllocSpace objects, 0(0B) LOS objects, 23% free, 52MB/68MB, paused 431us total 21.517ms
08-05 14:30:36.381 23097 23110 I art     : Starting a blocking GC Explicit
08-05 14:30:36.403 23097 23110 I art     : Explicit concurrent mark sweep GC freed 3(96B) AllocSpace objects, 0(0B) LOS objects, 23% free, 52MB/68MB, paused 468us total 21.350ms
08-05 14:30:36.412 23097 23110 I art     : Starting a blocking GC Explicit
08-05 14:30:36.434 23097 23110 I art     : Explicit concurrent mark sweep GC freed 3(96B) AllocSpace objects, 0(0B) LOS objects, 23% free, 52MB/68MB, paused 461us total 21.496ms
08-05 14:30:36.442 23097 23110 I art     : Starting a blocking GC Explicit
08-05 14:30:36.464 23097 23110 I art     : Explicit concurrent mark sweep GC freed 3(96B) AllocSpace objects, 0(0B) LOS objects, 23% free, 52MB/68MB, paused 454us total 21.205ms
08-05 14:30:36.780 23097 23186 I art     : Starting a blocking GC Explicit
08-05 14:30:36.808 23097 23186 I art     : Explicit concurrent mark sweep GC freed 1341(78KB) AllocSpace objects, 1(20KB) LOS objects, 23% free, 52MB/68MB, paused 493us total 28.137ms
08-05 14:30:36.817 23097 23186 I art     : Starting a blocking GC Explicit
08-05 14:30:36.839 23097 23186 I art     : Explicit concurrent mark sweep GC freed 20(704B) AllocSpace objects, 0(0B) LOS objects, 23% free, 52MB/68MB, paused 459us total 21.916ms
08-05 14:30:36.848 23097 23186 I art     : Starting a blocking GC Explicit
08-05 14:30:36.869 23097 23186 I art     : Explicit concurrent mark sweep GC freed 3(96B) AllocSpace objects, 0(0B) LOS objects, 23% free, 52MB/68MB, paused 456us total 21.132ms
08-05 14:30:36.878 23097 23186 I art     : Starting a blocking GC Explicit
08-05 14:30:36.899 23097 23186 I art     : Explicit concurrent mark sweep GC freed 3(96B) AllocSpace objects, 0(0B) LOS objects, 23% free, 52MB/68MB, paused 461us total 20.593ms
08-05 14:30:36.908 23097 23186 I art     : Starting a blocking GC Explicit
08-05 14:30:36.929 23097 23186 I art     : Explicit concurrent mark sweep GC freed 3(96B) AllocSpace objects, 0(0B) LOS objects, 23% free, 52MB/68MB, paused 441us total 20.604ms
08-05 14:30:37.239 24817 24817 I ServiceManager: Waiting for service AtCmdFwd...
08-05 14:30:37.245 23097 23109 I art     : Starting a blocking GC Explicit
08-05 14:30:37.277 23097 23109 I art     : Explicit concurrent mark sweep GC freed 1341(78KB) AllocSpace objects, 1(20KB) LOS objects, 23% free, 52MB/68MB, paused 512us total 31.714ms
08-05 14:30:37.290 23097 23109 I art     : Starting a blocking GC Explicit
08-05 14:30:37.316 23097 23109 I art     : Explicit concurrent mark sweep GC freed 20(704B) AllocSpace objects, 0(0B) LOS objects, 23% free, 52MB/68MB, paused 447us total 25.116ms
08-05 14:30:37.325 23097 23109 I art     : Starting a blocking GC Explicit
08-05 14:30:37.346 23097 23109 I art     : Explicit concurrent mark sweep GC freed 3(96B) AllocSpace objects, 0(0B) LOS objects, 23% free, 52MB/68MB, paused 456us total 21.448ms
08-05 14:30:37.355 23097 23109 I art     : Starting a blocking GC Explicit
08-05 14:30:37.377 23097 23109 I art     : Explicit concurrent mark sweep GC freed 3(96B) AllocSpace objects, 0(0B) LOS objects, 23% free, 52MB/68MB, paused 439us total 21.279ms
08-05 14:30:37.385 23097 23109 I art     : Starting a blocking GC Explicit
08-05 14:30:37.407 23097 23109 I art     : Explicit concurrent mark sweep GC freed 3(96B) AllocSpace objects, 0(0B) LOS objects, 23% free, 52MB/68MB, paused 526us total 21.465ms
08-05 14:30:37.710 23097 23187 I art     : Starting a blocking GC Explicit
08-05 14:30:37.737 23097 23187 I art     : Explicit concurrent mark sweep GC freed 1341(78KB) AllocSpace objects, 1(20KB) LOS objects, 23% free, 52MB/68MB, paused 464us total 26.930ms
08-05 14:30:37.749 23097 23187 I art     : Starting a blocking GC Explicit
08-05 14:30:37.775 23097 23187 I art     : Explicit concurrent mark sweep GC freed 20(704B) AllocSpace objects, 0(0B) LOS objects, 23% free, 52MB/68MB, paused 475us total 25.535ms
08-05 14:30:37.785 23097 23187 I art     : Starting a blocking GC Explicit
08-05 14:30:37.807 23097 23187 I art     : Explicit concurrent mark sweep GC freed 3(96B) AllocSpace objects, 0(0B) LOS objects, 23% free, 52MB/68MB, paused 559us total 21.623ms
08-05 14:30:37.816 23097 23187 I art     : Starting a blocking GC Explicit
08-05 14:30:37.837 23097 23187 I art     : Explicit concurrent mark sweep GC freed 3(96B) AllocSpace objects, 0(0B) LOS objects, 23% free, 52MB/68MB, paused 567us total 20.880ms
08-05 14:30:37.845 23097 23187 I art     : Starting a blocking GC Explicit
08-05 14:30:37.867 23097 23187 I art     : Explicit concurrent mark sweep GC freed 3(96B) AllocSpace objects, 0(0B) LOS objects, 23% free, 52MB/68MB, paused 512us total 21.347ms
08-05 14:30:38.207 23097 23110 I art     : Starting a blocking GC Explicit
08-05 14:30:38.235 23097 23110 I art     : Explicit concurrent mark sweep GC freed 1341(78KB) AllocSpace objects, 1(20KB) LOS objects, 23% free, 52MB/68MB, paused 509us total 28.432ms
08-05 14:30:38.240 24817 24817 W Atfwd_Sendcmd: AtCmdFwd service not published, waiting... retryCnt : 1
08-05 14:30:38.248 23097 23110 I art     : Starting a blocking GC Explicit
08-05 14:30:38.270 23097 23110 I art     : Explicit concurrent mark sweep GC freed 20(704B) AllocSpace objects, 0(0B) LOS objects, 23% free, 52MB/68MB, paused 463us total 22.225ms
08-05 14:30:38.279 23097 23110 I art     : Starting a blocking GC Explicit
08-05 14:30:38.301 23097 23110 I art     : Explicit concurrent mark sweep GC freed 3(96B) AllocSpace objects, 0(0B) LOS objects, 23% free, 52MB/68MB, paused 448us total 21.514ms
08-05 14:30:38.310 23097 23110 I art     : Starting a blocking GC Explicit
08-05 14:30:38.331 23097 23110 I art     : Explicit concurrent mark sweep GC freed 3(96B) AllocSpace objects, 0(0B) LOS objects, 23% free, 52MB/68MB, paused 421us total 20.808ms
08-05 14:30:38.340 23097 23110 I art     : Starting a blocking GC Explicit
08-05 14:30:38.360 23097 23110 I art     : Explicit concurrent mark sweep GC freed 3(96B) AllocSpace objects, 0(0B) LOS objects, 23% free, 52MB/68MB, paused 440us total 19.791ms
08-05 14:30:38.654 23097 23186 I art     : Starting a blocking GC Explicit
08-05 14:30:38.676 23097 23186 I art     : Explicit concurrent mark sweep GC freed 1341(78KB) AllocSpace objects, 1(20KB) LOS objects, 23% free, 52MB/68MB, paused 471us total 21.679ms
08-05 14:30:38.685 23097 23186 I art     : Starting a blocking GC Explicit
08-05 14:30:38.706 23097 23186 I art     : Explicit concurrent mark sweep GC freed 20(704B) AllocSpace objects, 0(0B) LOS objects, 23% free, 52MB/68MB, paused 526us total 20.796ms
08-05 14:30:38.714 23097 23186 I art     : Starting a blocking GC Explicit
08-05 14:30:38.736 23097 23186 I art     : Explicit concurrent mark sweep GC freed 3(96B) AllocSpace objects, 0(0B) LOS objects, 23% free, 52MB/68MB, paused 470us total 21.071ms
08-05 14:30:38.744 23097 23186 I art     : Starting a blocking GC Explicit
08-05 14:30:38.764 23097 23186 I art     : Explicit concurrent mark sweep GC freed 3(96B) AllocSpace objects, 0(0B) LOS objects, 23% free, 52MB/68MB, paused 463us total 19.896ms
08-05 14:30:38.773 23097 23186 I art     : Starting a blocking GC Explicit
08-05 14:30:38.779 24952 24952 D AndroidRuntime: >>>>>> START com.android.internal.os.RuntimeInit uid 2000 <<<<<<
08-05 14:30:38.783 24952 24952 D AndroidRuntime: CheckJNI is OFF
08-05 14:30:38.793 23097 23186 I art     : Explicit concurrent mark sweep GC freed 3(96B) AllocSpace objects, 0(0B) LOS objects, 23% free, 52MB/68MB, paused 455us total 20.519ms
08-05 14:30:38.794 23097 23108 I art     : WaitForGcToComplete blocked for 20.915ms for cause HeapTrim
08-05 14:30:38.819 24952 24952 D ICU     : No timezone override file found: /data/misc/zoneinfo/current/icu/icu_tzdata.dat
08-05 14:30:38.822   518   646 I ThermalEngine: ACTION: GPU - Setting GPU[0] to 600000000
08-05 14:30:38.851 24952 24952 I Radio-JNI: register_android_hardware_Radio DONE
08-05 14:30:38.870 24952 24952 D AndroidRuntime: Calling main entry com.android.commands.input.Input
08-05 14:30:38.872 24952 24952 I Input   : injectKeyEvent: KeyEvent { action=ACTION_DOWN, keyCode=KEYCODE_BACK, scanCode=0, metaState=0, flags=0x0, repeatCount=0, eventTime=801055285, downTime=801055285, deviceId=-1, source=0x101 }
08-05 14:30:38.878 24952 24952 I Input   : injectKeyEvent: KeyEvent { action=ACTION_UP, keyCode=KEYCODE_BACK, scanCode=0, metaState=0, flags=0x0, repeatCount=0, eventTime=801055285, downTime=801055285, deviceId=-1, source=0x101 }
08-05 14:30:38.885 24952 24952 D AndroidRuntime: Shutting down VM
08-05 14:30:38.923 13866 13866 I GoogleInputMethodServic: GoogleInputMethodService.onFinishInput():3138 
08-05 14:30:38.924 13866 13866 I GoogleInputMethodServic: GoogleInputMethodService.onStartInput():1808 
08-05 14:30:39.029 23097 23109 I art     : Starting a blocking GC Explicit
08-05 14:30:39.048 23097 23109 I art     : Explicit concurrent mark sweep GC freed 1510(85KB) AllocSpace objects, 1(20KB) LOS objects, 23% free, 52MB/68MB, paused 372us total 18.800ms
08-05 14:30:39.056 23097 23109 I art     : Starting a blocking GC Explicit
08-05 14:30:39.076 23097 23109 I art     : Explicit concurrent mark sweep GC freed 26(944B) AllocSpace objects, 0(0B) LOS objects, 23% free, 52MB/68MB, paused 344us total 18.958ms
08-05 14:30:39.086 23097 23109 I art     : Starting a blocking GC Explicit
08-05 14:30:39.108 23097 23109 I art     : Explicit concurrent mark sweep GC freed 3(96B) AllocSpace objects, 0(0B) LOS objects, 23% free, 52MB/68MB, paused 387us total 21.722ms
08-05 14:30:39.118 23097 23109 I art     : Starting a blocking GC Explicit
08-05 14:30:39.138 23097 23109 I art     : Explicit concurrent mark sweep GC freed 3(96B) AllocSpace objects, 0(0B) LOS objects, 23% free, 52MB/68MB, paused 314us total 19.599ms
08-05 14:30:39.144 23097 23109 I art     : Starting a blocking GC Explicit
08-05 14:30:39.165 23097 23109 I art     : Explicit concurrent mark sweep GC freed 3(96B) AllocSpace objects, 0(0B) LOS objects, 23% free, 52MB/68MB, paused 497us total 20.008ms
08-05 14:30:39.210   380   380 W SurfaceFlinger: couldn't log to binary event log: overflow.
08-05 14:30:39.434 23097 23110 I art     : Starting a blocking GC Explicit
08-05 14:30:39.455 23097 23110 I art     : Explicit concurrent mark sweep GC freed 1450(87KB) AllocSpace objects, 1(20KB) LOS objects, 23% free, 52MB/68MB, paused 359us total 20.340ms
08-05 14:30:39.465 23097 23110 I art     : Starting a blocking GC Explicit
08-05 14:30:39.488 23097 23110 I art     : Explicit concurrent mark sweep GC freed 1672(107KB) AllocSpace objects, 3(400KB) LOS objects, 23% free, 52MB/68MB, paused 463us total 22.030ms
08-05 14:30:39.497 23097 23110 I art     : Starting a blocking GC Explicit
08-05 14:30:39.514 23097 23110 I art     : Explicit concurrent mark sweep GC freed 3(96B) AllocSpace objects, 0(0B) LOS objects, 23% free, 52MB/68MB, paused 342us total 16.952ms
08-05 14:30:39.521 23097 23110 I art     : Starting a blocking GC Explicit
08-05 14:30:39.538 23097 23110 I art     : Explicit concurrent mark sweep GC freed 3(96B) AllocSpace objects, 0(0B) LOS objects, 23% free, 52MB/68MB, paused 334us total 16.407ms
08-05 14:30:39.544 23097 23110 I art     : Starting a blocking GC Explicit
08-05 14:30:39.560 23097 23110 I art     : Explicit concurrent mark sweep GC freed 3(96B) AllocSpace objects, 0(0B) LOS objects, 23% free, 52MB/68MB, paused 314us total 15.984ms
08-05 14:30:39.825 23097 23186 I art     : Starting a blocking GC Explicit
08-05 14:30:39.848 23097 23186 I art     : Explicit concurrent mark sweep GC freed 1341(78KB) AllocSpace objects, 1(20KB) LOS objects, 23% free, 52MB/68MB, paused 430us total 22.513ms
08-05 14:30:39.857 23097 23186 I art     : Starting a blocking GC Explicit
08-05 14:30:39.874 23097 23186 I art     : Explicit concurrent mark sweep GC freed 20(704B) AllocSpace objects, 0(0B) LOS objects, 23% free, 52MB/68MB, paused 333us total 16.899ms
08-05 14:30:39.881 23097 23186 I art     : Starting a blocking GC Explicit
08-05 14:30:39.898 23097 23186 I art     : Explicit concurrent mark sweep GC freed 3(96B) AllocSpace objects, 0(0B) LOS objects, 23% free, 52MB/68MB, paused 331us total 16.609ms
08-05 14:30:39.905 23097 23186 I art     : Starting a blocking GC Explicit
08-05 14:30:39.922 23097 23186 I art     : Explicit concurrent mark sweep GC freed 3(96B) AllocSpace objects, 0(0B) LOS objects, 23% free, 52MB/68MB, paused 336us total 16.521ms
08-05 14:30:39.929 23097 23186 I art     : Starting a blocking GC Explicit
08-05 14:30:39.946 23097 23186 I art     : Explicit concurrent mark sweep GC freed 3(96B) AllocSpace objects, 0(0B) LOS objects, 23% free, 52MB/68MB, paused 336us total 17.209ms
08-05 14:30:40.219 23097 23187 I art     : Starting a blocking GC Explicit
08-05 14:30:40.236 23097 23187 I art     : Explicit concurrent mark sweep GC freed 1340(78KB) AllocSpace objects, 1(20KB) LOS objects, 23% free, 52MB/68MB, paused 341us total 16.601ms
08-05 14:30:40.243 23097 23187 I art     : Starting a blocking GC Explicit
08-05 14:30:40.260 23097 23187 I art     : Explicit concurrent mark sweep GC freed 20(704B) AllocSpace objects, 0(0B) LOS objects, 23% free, 52MB/68MB, paused 327us total 16.588ms
08-05 14:30:40.267 23097 23187 I art     : Starting a blocking GC Explicit
08-05 14:30:40.282 23097 23187 I art     : Explicit concurrent mark sweep GC freed 3(96B) AllocSpace objects, 0(0B) LOS objects, 23% free, 52MB/68MB, paused 331us total 15.638ms
08-05 14:30:40.289 23097 23187 I art     : Starting a blocking GC Explicit
08-05 14:30:40.305 23097 23187 I art     : Explicit concurrent mark sweep GC freed 3(96B) AllocSpace objects, 0(0B) LOS objects, 23% free, 52MB/68MB, paused 332us total 15.493ms
08-05 14:30:40.312 23097 23187 I art     : Starting a blocking GC Explicit
08-05 14:30:40.327 23097 23187 I art     : Explicit concurrent mark sweep GC freed 3(96B) AllocSpace objects, 0(0B) LOS objects, 23% free, 52MB/68MB, paused 352us total 15.273ms
08-05 14:30:40.461 25011 25011 D AndroidRuntime: >>>>>> START com.android.internal.os.RuntimeInit uid 2000 <<<<<<
08-05 14:30:40.467 25011 25011 D AndroidRuntime: CheckJNI is OFF
08-05 14:30:40.494 25011 25011 D ICU     : No timezone override file found: /data/misc/zoneinfo/current/icu/icu_tzdata.dat
08-05 14:30:40.519 25011 25011 I Radio-JNI: register_android_hardware_Radio DONE
08-05 14:30:40.535 25011 25011 D AndroidRuntime: Calling main entry com.android.commands.input.Input
08-05 14:30:40.537 25011 25011 I Input   : injectKeyEvent: KeyEvent { action=ACTION_DOWN, keyCode=KEYCODE_BACK, scanCode=0, metaState=0, flags=0x0, repeatCount=0, eventTime=801056950, downTime=801056950, deviceId=-1, source=0x101 }
08-05 14:30:40.547 25011 25011 I Input   : injectKeyEvent: KeyEvent { action=ACTION_UP, keyCode=KEYCODE_BACK, scanCode=0, metaState=0, flags=0x0, repeatCount=0, eventTime=801056950, downTime=801056950, deviceId=-1, source=0x101 }
08-05 14:30:40.553 25011 25011 D AndroidRuntime: Shutting down VM
08-05 14:30:40.580 23097 23109 I art     : Starting a blocking GC Explicit
08-05 14:30:40.587 13866 13866 I GoogleInputMethodServic: GoogleInputMethodService.onFinishInput():3138 
08-05 14:30:40.588 13866 13866 I GoogleInputMethodServic: GoogleInputMethodService.onStartInput():1808 
08-05 14:30:40.597 23097 23109 I art     : Explicit concurrent mark sweep GC freed 1520(86KB) AllocSpace objects, 1(20KB) LOS objects, 23% free, 52MB/68MB, paused 433us total 17.138ms
08-05 14:30:40.604 23097 23109 I art     : Starting a blocking GC Explicit
08-05 14:30:40.622 23097 23109 I art     : Explicit concurrent mark sweep GC freed 54(1856B) AllocSpace objects, 0(0B) LOS objects, 23% free, 52MB/68MB, paused 354us total 16.892ms
08-05 14:30:40.629 23097 23109 I art     : Starting a blocking GC Explicit
08-05 14:30:40.643 23097 23109 I art     : Explicit concurrent mark sweep GC freed 3(96B) AllocSpace objects, 0(0B) LOS objects, 23% free, 52MB/68MB, paused 316us total 13.662ms
08-05 14:30:40.649 23097 23109 I art     : Starting a blocking GC Explicit
08-05 14:30:40.663 23097 23109 I art     : Explicit concurrent mark sweep GC freed 3(96B) AllocSpace objects, 0(0B) LOS objects, 23% free, 52MB/68MB, paused 295us total 13.829ms
08-05 14:30:40.670 23097 23109 I art     : Starting a blocking GC Explicit
08-05 14:30:40.686 23097 23109 I art     : Explicit concurrent mark sweep GC freed 3(96B) AllocSpace objects, 0(0B) LOS objects, 23% free, 52MB/68MB, paused 305us total 16.068ms
08-05 14:30:40.828   518   646 I ThermalEngine: ACTION: GPU - Setting GPU[0] to 510000000
08-05 14:30:40.963 23097 23186 I art     : Starting a blocking GC Explicit
08-05 14:30:40.986 23097 23186 I art     : Explicit concurrent mark sweep GC freed 1980(109KB) AllocSpace objects, 1(20KB) LOS objects, 23% free, 52MB/68MB, paused 469us total 22.020ms
08-05 14:30:40.994 23097 23186 I art     : Starting a blocking GC Explicit
08-05 14:30:41.015 23097 23186 I art     : Explicit concurrent mark sweep GC freed 2106(128KB) AllocSpace objects, 2(140KB) LOS objects, 23% free, 52MB/68MB, paused 502us total 20.436ms
08-05 14:30:41.024 23097 23186 I art     : Starting a blocking GC Explicit
08-05 14:30:41.043 23097 23186 I art     : Explicit concurrent mark sweep GC freed 3(96B) AllocSpace objects, 0(0B) LOS objects, 23% free, 52MB/68MB, paused 495us total 19.294ms
08-05 14:30:41.052 23097 23186 I art     : Starting a blocking GC Explicit
08-05 14:30:41.072 23097 23186 I art     : Explicit concurrent mark sweep GC freed 3(96B) AllocSpace objects, 0(0B) LOS objects, 23% free, 52MB/68MB, paused 454us total 20.192ms
08-05 14:30:41.081 23097 23186 I art     : Starting a blocking GC Explicit
08-05 14:30:41.101 23097 23186 I art     : Explicit concurrent mark sweep GC freed 3(96B) AllocSpace objects, 0(0B) LOS objects, 23% free, 52MB/68MB, paused 451us total 19.493ms
08-05 14:30:41.389 23097 23187 I art     : Starting a blocking GC Explicit
08-05 14:30:41.419 23097 23187 I art     : Explicit concurrent mark sweep GC freed 1340(78KB) AllocSpace objects, 1(20KB) LOS objects, 23% free, 52MB/68MB, paused 590us total 29.693ms
08-05 14:30:41.431 23097 23187 I art     : Starting a blocking GC Explicit
08-05 14:30:41.453 23097 23187 I art     : Explicit concurrent mark sweep GC freed 20(704B) AllocSpace objects, 0(0B) LOS objects, 23% free, 52MB/68MB, paused 447us total 20.813ms
08-05 14:30:41.461 23097 23187 I art     : Starting a blocking GC Explicit
08-05 14:30:41.481 23097 23187 I art     : Explicit concurrent mark sweep GC freed 3(96B) AllocSpace objects, 0(0B) LOS objects, 23% free, 52MB/68MB, paused 604us total 19.674ms
08-05 14:30:41.490 23097 23187 I art     : Starting a blocking GC Explicit
08-05 14:30:41.509 23097 23187 I art     : Explicit concurrent mark sweep GC freed 3(96B) AllocSpace objects, 0(0B) LOS objects, 23% free, 52MB/68MB, paused 430us total 19.337ms
08-05 14:30:41.518 23097 23187 I art     : Starting a blocking GC Explicit
08-05 14:30:41.537 23097 23187 I art     : Explicit concurrent mark sweep GC freed 3(96B) AllocSpace objects, 0(0B) LOS objects, 23% free, 52MB/68MB, paused 492us total 19.318ms
08-05 14:30:41.818 23097 23110 I art     : Starting a blocking GC Explicit
08-05 14:30:41.838 23097 23110 I art     : Explicit concurrent mark sweep GC freed 1338(78KB) AllocSpace objects, 1(20KB) LOS objects, 23% free, 52MB/68MB, paused 508us total 20.134ms
08-05 14:30:41.847 23097 23110 I art     : Starting a blocking GC Explicit
08-05 14:30:41.866 23097 23110 I art     : Explicit concurrent mark sweep GC freed 20(704B) AllocSpace objects, 0(0B) LOS objects, 23% free, 52MB/68MB, paused 454us total 18.676ms
08-05 14:30:41.874 23097 23110 I art     : Starting a blocking GC Explicit
08-05 14:30:41.893 23097 23110 I art     : Explicit concurrent mark sweep GC freed 3(96B) AllocSpace objects, 0(0B) LOS objects, 23% free, 52MB/68MB, paused 461us total 18.719ms
08-05 14:30:41.901 23097 23110 I art     : Starting a blocking GC Explicit
08-05 14:30:41.920 23097 23110 I art     : Explicit concurrent mark sweep GC freed 3(96B) AllocSpace objects, 0(0B) LOS objects, 23% free, 52MB/68MB, paused 450us total 18.664ms
08-05 14:30:41.928 23097 23110 I art     : Starting a blocking GC Explicit
08-05 14:30:41.947 23097 23110 I art     : Explicit concurrent mark sweep GC freed 3(96B) AllocSpace objects, 0(0B) LOS objects, 23% free, 52MB/68MB, paused 457us total 18.743ms
08-05 14:30:42.203 25073 25073 D AndroidRuntime: >>>>>> START com.android.internal.os.RuntimeInit uid 2000 <<<<<<
08-05 14:30:42.208 25073 25073 D AndroidRuntime: CheckJNI is OFF
08-05 14:30:42.213 23097 23109 I art     : Starting a blocking GC Explicit
08-05 14:30:42.233 23097 23109 I art     : Explicit concurrent mark sweep GC freed 1338(78KB) AllocSpace objects, 1(20KB) LOS objects, 23% free, 52MB/68MB, paused 463us total 19.689ms
08-05 14:30:42.242 23097 23109 I art     : Starting a blocking GC Explicit
08-05 14:30:42.245 25073 25073 D ICU     : No timezone override file found: /data/misc/zoneinfo/current/icu/icu_tzdata.dat
08-05 14:30:42.261 23097 23109 I art     : Explicit concurrent mark sweep GC freed 20(704B) AllocSpace objects, 0(0B) LOS objects, 23% free, 52MB/68MB, paused 490us total 19.273ms
08-05 14:30:42.269 23097 23109 I art     : Starting a blocking GC Explicit
08-05 14:30:42.282 25073 25073 I Radio-JNI: register_android_hardware_Radio DONE
08-05 14:30:42.289 23097 23109 I art     : Explicit concurrent mark sweep GC freed 3(96B) AllocSpace objects, 0(0B) LOS objects, 23% free, 52MB/68MB, paused 476us total 18.949ms
08-05 14:30:42.297 23097 23109 I art     : Starting a blocking GC Explicit
08-05 14:30:42.304 25073 25073 D AndroidRuntime: Calling main entry com.android.commands.input.Input
08-05 14:30:42.305 25073 25073 I Input   : injectMotionEvent: MotionEvent { action=ACTION_DOWN, actionButton=0, id[0]=0, x[0]=1053.0, y[0]=1173.0, toolType[0]=TOOL_TYPE_UNKNOWN, buttonState=0, metaState=0, flags=0x0, edgeFlags=0x0, pointerCount=1, historySize=0, eventTime=801058718, downTime=801058718, deviceId=0, source=0x1002 }
08-05 14:30:42.311 25073 25073 I Input   : injectMotionEvent: MotionEvent { action=ACTION_UP, actionButton=0, id[0]=0, x[0]=1053.0, y[0]=1173.0, toolType[0]=TOOL_TYPE_UNKNOWN, buttonState=0, metaState=0, flags=0x0, edgeFlags=0x0, pointerCount=1, historySize=0, eventTime=801058718, downTime=801058718, deviceId=0, source=0x1002 }
08-05 14:30:42.312   918  3696 I ActivityManager: START u0 {cmp=baseline.appteam.nith.hillffair/.activities.QuizActivity} from uid 10675 on display 0
08-05 14:30:42.315 23097 23109 I art     : Explicit concurrent mark sweep GC freed 7(4KB) AllocSpace objects, 0(0B) LOS objects, 23% free, 52MB/68MB, paused 523us total 18.478ms
08-05 14:30:42.319 25073 25073 D AndroidRuntime: Shutting down VM
08-05 14:30:42.325 23097 23109 I art     : Starting a blocking GC Explicit
08-05 14:30:42.344 23097 23109 I art     : Explicit concurrent mark sweep GC freed 482(45KB) AllocSpace objects, 0(0B) LOS objects, 23% free, 52MB/68MB, paused 750us total 18.975ms
08-05 14:30:42.443 13866 13866 I GoogleInputMethodServic: GoogleInputMethodService.onFinishInput():3138 
08-05 14:30:42.444 13866 13866 I GoogleInputMethodServic: GoogleInputMethodService.onStartInput():1808 
08-05 14:30:42.446   918   936 I ActivityManager: Displayed baseline.appteam.nith.hillffair/.activities.QuizActivity: +127ms
08-05 14:30:42.593 23097 23110 I art     : Starting a blocking GC Explicit
08-05 14:30:42.622 23097 23110 I art     : Explicit concurrent mark sweep GC freed 1809(99KB) AllocSpace objects, 1(20KB) LOS objects, 23% free, 52MB/68MB, paused 653us total 28.064ms
08-05 14:30:42.634 23097 23110 I art     : Starting a blocking GC Explicit
08-05 14:30:42.658 23097 23110 I art     : Explicit concurrent mark sweep GC freed 71(2976B) AllocSpace objects, 0(0B) LOS objects, 23% free, 52MB/68MB, paused 423us total 23.791ms
08-05 14:30:42.669 23097 23110 I art     : Starting a blocking GC Explicit
08-05 14:30:42.681   380   380 W SurfaceFlinger: couldn't log to binary event log: overflow.
08-05 14:30:42.692 23097 23110 I art     : Explicit concurrent mark sweep GC freed 3(96B) AllocSpace objects, 0(0B) LOS objects, 23% free, 52MB/68MB, paused 450us total 23.181ms
08-05 14:30:42.702 23097 23110 I art     : Starting a blocking GC Explicit
08-05 14:30:42.720 23097 23110 I art     : Explicit concurrent mark sweep GC freed 3(96B) AllocSpace objects, 0(0B) LOS objects, 23% free, 52MB/68MB, paused 457us total 17.499ms
08-05 14:30:42.728 23097 23110 I art     : Starting a blocking GC Explicit
08-05 14:30:42.746 23097 23110 I art     : Explicit concurrent mark sweep GC freed 3(96B) AllocSpace objects, 0(0B) LOS objects, 23% free, 52MB/68MB, paused 440us total 17.757ms
08-05 14:30:43.029 23097 23187 I art     : Starting a blocking GC Explicit
08-05 14:30:43.059 23097 23187 I art     : Explicit concurrent mark sweep GC freed 1410(82KB) AllocSpace objects, 1(20KB) LOS objects, 23% free, 52MB/68MB, paused 505us total 29.614ms
08-05 14:30:43.070 23097 23187 I art     : Starting a blocking GC Explicit
08-05 14:30:43.092 23097 23187 I art     : Explicit concurrent mark sweep GC freed 20(704B) AllocSpace objects, 0(0B) LOS objects, 23% free, 52MB/68MB, paused 451us total 21.249ms
08-05 14:30:43.101 23097 23187 I art     : Starting a blocking GC Explicit
08-05 14:30:43.122 23097 23187 I art     : Explicit concurrent mark sweep GC freed 3(96B) AllocSpace objects, 0(0B) LOS objects, 23% free, 52MB/68MB, paused 435us total 20.644ms
08-05 14:30:43.130 23097 23187 I art     : Starting a blocking GC Explicit
08-05 14:30:43.151 23097 23187 I art     : Explicit concurrent mark sweep GC freed 3(96B) AllocSpace objects, 0(0B) LOS objects, 23% free, 52MB/68MB, paused 438us total 20.486ms
08-05 14:30:43.160 23097 23187 I art     : Starting a blocking GC Explicit
08-05 14:30:43.181 23097 23187 I art     : Explicit concurrent mark sweep GC freed 3(96B) AllocSpace objects, 0(0B) LOS objects, 23% free, 52MB/68MB, paused 473us total 21.279ms
08-05 14:30:43.240 24817 24817 I ServiceManager: Waiting for service AtCmdFwd...
08-05 14:30:43.465 23097 23109 I art     : Starting a blocking GC Explicit
08-05 14:30:43.487 23097 23109 I art     : Explicit concurrent mark sweep GC freed 1344(78KB) AllocSpace objects, 1(20KB) LOS objects, 23% free, 52MB/68MB, paused 554us total 22.183ms
08-05 14:30:43.499 23097 23109 I art     : Starting a blocking GC Explicit
08-05 14:30:43.521 23097 23109 I art     : Explicit concurrent mark sweep GC freed 29(1184B) AllocSpace objects, 0(0B) LOS objects, 23% free, 52MB/68MB, paused 430us total 21.644ms
08-05 14:30:43.530 23097 23109 I art     : Starting a blocking GC Explicit
08-05 14:30:43.550 23097 23109 I art     : Explicit concurrent mark sweep GC freed 17(528B) AllocSpace objects, 0(0B) LOS objects, 23% free, 52MB/68MB, paused 423us total 20.516ms
08-05 14:30:43.559 23097 23109 I art     : Starting a blocking GC Explicit
08-05 14:30:43.580 23097 23109 I art     : Explicit concurrent mark sweep GC freed 3(96B) AllocSpace objects, 0(0B) LOS objects, 23% free, 52MB/68MB, paused 412us total 20.365ms
08-05 14:30:43.588 23097 23109 I art     : Starting a blocking GC Explicit
08-05 14:30:43.609 23097 23109 I art     : Explicit concurrent mark sweep GC freed 3(96B) AllocSpace objects, 0(0B) LOS objects, 23% free, 52MB/68MB, paused 403us total 20.042ms
08-05 14:30:43.907 23097 23186 I art     : Starting a blocking GC Explicit
08-05 14:30:43.937 23097 23186 I art     : Explicit concurrent mark sweep GC freed 1340(78KB) AllocSpace objects, 1(20KB) LOS objects, 23% free, 52MB/68MB, paused 492us total 29.810ms
08-05 14:30:43.949 23097 23186 I art     : Starting a blocking GC Explicit
08-05 14:30:43.975 23097 23186 I art     : Explicit concurrent mark sweep GC freed 21(736B) AllocSpace objects, 0(0B) LOS objects, 23% free, 52MB/68MB, paused 454us total 25.949ms
08-05 14:30:43.985 23097 23186 I art     : Starting a blocking GC Explicit
08-05 14:30:44.006 23097 23186 I art     : Explicit concurrent mark sweep GC freed 8(256B) AllocSpace objects, 0(0B) LOS objects, 23% free, 52MB/68MB, paused 463us total 21.389ms
08-05 14:30:44.015 23097 23186 I art     : Starting a blocking GC Explicit
08-05 14:30:44.035 23097 23186 I art     : Explicit concurrent mark sweep GC freed 7(224B) AllocSpace objects, 0(0B) LOS objects, 23% free, 52MB/68MB, paused 418us total 19.707ms
08-05 14:30:44.044 23097 23186 I art     : Starting a blocking GC Explicit
08-05 14:30:44.063 23097 23186 I art     : Explicit concurrent mark sweep GC freed 5(160B) AllocSpace objects, 0(0B) LOS objects, 23% free, 52MB/68MB, paused 431us total 19.571ms
08-05 14:30:44.064 23097 23108 I art     : WaitForGcToComplete blocked for 15.176ms for cause HeapTrim
08-05 14:30:44.241 24817 24817 I ServiceManager: Waiting for service AtCmdFwd...
08-05 14:30:44.383 23097 23109 I art     : Starting a blocking GC Explicit
08-05 14:30:44.408 23097 23109 I art     : Explicit concurrent mark sweep GC freed 1358(78KB) AllocSpace objects, 1(20KB) LOS objects, 23% free, 52MB/68MB, paused 543us total 23.966ms
08-05 14:30:44.420 23097 23109 I art     : Starting a blocking GC Explicit
08-05 14:30:44.441 23097 23109 I art     : Explicit concurrent mark sweep GC freed 20(704B) AllocSpace objects, 0(0B) LOS objects, 23% free, 52MB/68MB, paused 420us total 20.553ms
08-05 14:30:44.449 23097 23109 I art     : Starting a blocking GC Explicit
08-05 14:30:44.470 23097 23109 I art     : Explicit concurrent mark sweep GC freed 3(96B) AllocSpace objects, 0(0B) LOS objects, 23% free, 52MB/68MB, paused 426us total 20.521ms
08-05 14:30:44.479 23097 23109 I art     : Starting a blocking GC Explicit
08-05 14:30:44.499 23097 23109 I art     : Explicit concurrent mark sweep GC freed 3(96B) AllocSpace objects, 0(0B) LOS objects, 23% free, 52MB/68MB, paused 421us total 20.547ms
08-05 14:30:44.508 23097 23109 I art     : Starting a blocking GC Explicit
08-05 14:30:44.529 23097 23109 I art     : Explicit concurrent mark sweep GC freed 3(96B) AllocSpace objects, 0(0B) LOS objects, 23% free, 52MB/68MB, paused 472us total 20.289ms
08-05 14:30:44.795 23097 23110 I art     : Starting a blocking GC Explicit
08-05 14:30:44.817 23097 23110 I art     : Explicit concurrent mark sweep GC freed 1340(78KB) AllocSpace objects, 1(20KB) LOS objects, 23% free, 52MB/68MB, paused 446us total 21.010ms
08-05 14:30:44.825 23097 23110 I art     : Starting a blocking GC Explicit
08-05 14:30:44.846 23097 23110 I art     : Explicit concurrent mark sweep GC freed 20(704B) AllocSpace objects, 0(0B) LOS objects, 23% free, 52MB/68MB, paused 449us total 20.266ms
08-05 14:30:44.854 23097 23110 I art     : Starting a blocking GC Explicit
08-05 14:30:44.875 23097 23110 I art     : Explicit concurrent mark sweep GC freed 3(96B) AllocSpace objects, 0(0B) LOS objects, 23% free, 52MB/68MB, paused 456us total 20.249ms
08-05 14:30:44.883 23097 23110 I art     : Starting a blocking GC Explicit
08-05 14:30:44.903 23097 23110 I art     : Explicit concurrent mark sweep GC freed 3(96B) AllocSpace objects, 0(0B) LOS objects, 23% free, 52MB/68MB, paused 455us total 19.590ms
08-05 14:30:44.911 23097 23110 I art     : Starting a blocking GC Explicit
08-05 14:30:44.931 23097 23110 I art     : Explicit concurrent mark sweep GC freed 3(96B) AllocSpace objects, 0(0B) LOS objects, 23% free, 52MB/68MB, paused 496us total 19.577ms
08-05 14:30:45.014 25147 25147 D AndroidRuntime: >>>>>> START com.android.internal.os.RuntimeInit uid 2000 <<<<<<
08-05 14:30:45.020 25147 25147 D AndroidRuntime: CheckJNI is OFF
08-05 14:30:45.059 25147 25147 D ICU     : No timezone override file found: /data/misc/zoneinfo/current/icu/icu_tzdata.dat
08-05 14:30:45.096 25147 25147 I Radio-JNI: register_android_hardware_Radio DONE
08-05 14:30:45.118 25147 25147 D AndroidRuntime: Calling main entry com.android.commands.input.Input
08-05 14:30:45.120 25147 25147 I Input   : injectMotionEvent: MotionEvent { action=ACTION_DOWN, actionButton=0, id[0]=0, x[0]=756.0, y[0]=1530.0, toolType[0]=TOOL_TYPE_UNKNOWN, buttonState=0, metaState=0, flags=0x0, edgeFlags=0x0, pointerCount=1, historySize=0, eventTime=801061532, downTime=801061532, deviceId=0, source=0x1002 }
08-05 14:30:45.126 25147 25147 I Input   : injectMotionEvent: MotionEvent { action=ACTION_UP, actionButton=0, id[0]=0, x[0]=756.0, y[0]=1530.0, toolType[0]=TOOL_TYPE_UNKNOWN, buttonState=0, metaState=0, flags=0x0, edgeFlags=0x0, pointerCount=1, historySize=0, eventTime=801061532, downTime=801061532, deviceId=0, source=0x1002 }
08-05 14:30:45.129 25147 25147 D AndroidRuntime: Shutting down VM
08-05 14:30:45.140   918  3714 I ActivityManager: START u0 {cmp=baseline.appteam.nith.hillffair/.activities.LeaderBoardActivity} from uid 10675 on display 0
08-05 14:30:45.141   512  2967 D audio_hw_primary: out_set_parameters: enter: usecase(1: low-latency-playback) kvpairs: routing=2
08-05 14:30:45.154   512  2967 D audio_hw_primary: select_devices: out_snd_device(2: speaker) in_snd_device(0: none)
08-05 14:30:45.154   512  2967 D msm8974_platform: platform_send_audio_calibration: sending audio calibration for snd_device(2) acdb_id(15)
08-05 14:30:45.155   512  2967 I soundtrigger: audio_extn_sound_trigger_update_device_status: device 0x2 of type 0 for Event 1
08-05 14:30:45.163   512  2967 D audio_hw_primary: enable_snd_device: snd_device(2: speaker)
08-05 14:30:45.165   512  2967 D audio_hw_primary: enable_audio_route: apply and update mixer path: low-latency-playback speaker
08-05 14:30:45.216 23097 23109 I art     : Starting a blocking GC Explicit
08-05 14:30:45.238 23097 23109 I art     : Explicit concurrent mark sweep GC freed 6295(373KB) AllocSpace objects, 1(20KB) LOS objects, 23% free, 52MB/68MB, paused 522us total 21.961ms
08-05 14:30:45.241 24817 24817 I ServiceManager: Waiting for service AtCmdFwd...
08-05 14:30:45.248 23097 23109 I art     : Starting a blocking GC Explicit
08-05 14:30:45.256 23097 23097 E RecyclerView: No adapter attached; skipping layout
08-05 14:30:45.258 23097 23097 E RecyclerView: No adapter attached; skipping layout
08-05 14:30:45.271 23097 23109 I art     : Explicit concurrent mark sweep GC freed 372(15KB) AllocSpace objects, 0(0B) LOS objects, 23% free, 52MB/68MB, paused 499us total 22.756ms
08-05 14:30:45.280 23097 23109 I art     : Starting a blocking GC Explicit
08-05 14:30:45.290   918   936 I ActivityManager: Displayed baseline.appteam.nith.hillffair/.activities.LeaderBoardActivity: +141ms
08-05 14:30:45.291 13866 13866 I GoogleInputMethodServic: GoogleInputMethodService.onFinishInput():3138 
08-05 14:30:45.291 13866 13866 I GoogleInputMethodServic: GoogleInputMethodService.onStartInput():1808 
08-05 14:30:45.291 23097 23097 E RecyclerView: No adapter attached; skipping layout
08-05 14:30:45.303 23097 23109 I art     : Explicit concurrent mark sweep GC freed 39(1632B) AllocSpace objects, 0(0B) LOS objects, 23% free, 52MB/68MB, paused 470us total 22.613ms
08-05 14:30:45.305 23097 23123 D OpenGLRenderer: endAllStagingAnimators on 0x7f7d728c00 (RippleDrawable) with handle 0x7f7fd45060
08-05 14:30:45.312 23097 23109 I art     : Starting a blocking GC Explicit
08-05 14:30:45.332 23097 23109 I art     : Explicit concurrent mark sweep GC freed 14(560B) AllocSpace objects, 0(0B) LOS objects, 23% free, 52MB/68MB, paused 492us total 19.734ms
08-05 14:30:45.340 23097 23109 I art     : Starting a blocking GC Explicit
08-05 14:30:45.359 23097 23109 I art     : Explicit concurrent mark sweep GC freed 23(848B) AllocSpace objects, 0(0B) LOS objects, 23% free, 52MB/68MB, paused 430us total 18.945ms
08-05 14:30:45.539   380   380 W SurfaceFlinger: couldn't log to binary event log: overflow.
08-05 14:30:45.617 23097 23110 I art     : Starting a blocking GC Explicit
08-05 14:30:45.636 23097 23110 I art     : Explicit concurrent mark sweep GC freed 1371(79KB) AllocSpace objects, 1(20KB) LOS objects, 23% free, 52MB/68MB, paused 453us total 18.213ms
08-05 14:30:45.643 23097 23110 I art     : Starting a blocking GC Explicit
08-05 14:30:45.661 23097 23110 I art     : Explicit concurrent mark sweep GC freed 94(5KB) AllocSpace objects, 0(0B) LOS objects, 23% free, 52MB/68MB, paused 439us total 17.715ms
08-05 14:30:45.669 23097 23110 I art     : Starting a blocking GC Explicit
08-05 14:30:45.688 23097 23110 I art     : Explicit concurrent mark sweep GC freed 83(3KB) AllocSpace objects, 0(0B) LOS objects, 23% free, 52MB/68MB, paused 437us total 18.200ms
08-05 14:30:45.695 23097 23110 I art     : Starting a blocking GC Explicit
08-05 14:30:45.698   512  2967 D audio_hw_primary: disable_audio_route: reset and update mixer path: low-latency-playback speaker
08-05 14:30:45.699   512  2967 D audio_hw_primary: disable_snd_device: snd_device(2: speaker)
08-05 14:30:45.707   512  2967 I soundtrigger: audio_extn_sound_trigger_update_device_status: device 0x2 of type 0 for Event 0
08-05 14:30:45.713 23097 23110 I art     : Explicit concurrent mark sweep GC freed 18(608B) AllocSpace objects, 0(0B) LOS objects, 23% free, 52MB/68MB, paused 462us total 17.776ms
08-05 14:30:45.721 23097 23110 I art     : Starting a blocking GC Explicit
08-05 14:30:45.740 23097 23110 I art     : Explicit concurrent mark sweep GC freed 11(416B) AllocSpace objects, 0(0B) LOS objects, 23% free, 52MB/68MB, paused 484us total 18.400ms
08-05 14:30:45.968 23097 25180 D OkHttp  : --> GET https://api-hillfair-2k16.herokuapp.com/api/app/quiz/leaderboard?from=1 http/1.1
08-05 14:30:46.006 23097 25180 D OkHttp  : <-- 200 OK https://api-hillfair-2k16.herokuapp.com/api/app/quiz/leaderboard?from=1 (37ms, 56744-byte body)
08-05 14:30:46.009 23097 23187 I art     : Starting a blocking GC Explicit
08-05 14:30:46.030 23097 23187 I art     : Explicit concurrent mark sweep GC freed 6429(342KB) AllocSpace objects, 4(220KB) LOS objects, 23% free, 52MB/68MB, paused 590us total 21.351ms
08-05 14:30:46.039 23097 23187 I art     : Starting a blocking GC Explicit
08-05 14:30:46.059 23097 23187 I art     : Explicit concurrent mark sweep GC freed 12765(661KB) AllocSpace objects, 0(0B) LOS objects, 23% free, 52MB/68MB, paused 614us total 20.519ms
08-05 14:30:46.068 23097 23187 I art     : Starting a blocking GC Explicit
08-05 14:30:46.087 23097 23097 I NAPPA_EXPERIMENTATION: MetricNetworkRequestExecutionTime: REQUEST_DURATION_SYSTEM='913',REQUEST_DURATION_OKHTTP='38',REQUEST_SYNCHRONOUS='FALSE',RESPONSE_CODE='200',RESPONSE_METHOD='GET',RESPONSE_LENGTH_OKHTTP='56744',RESPONSE_LENGTH_HEADER='56744',REQUEST_PROTOCOL='http/1.1',REQUEST_URL='https://api-hillfair-2k16.herokuapp.com/api/app/quiz/leaderboard?from=1',
08-05 14:30:46.089 23097 23187 I art     : Explicit concurrent mark sweep GC freed 10717(493KB) AllocSpace objects, 0(0B) LOS objects, 23% free, 52MB/68MB, paused 524us total 20.617ms
08-05 14:30:46.097 23097 23187 I art     : Starting a blocking GC Explicit
08-05 14:30:46.117 23097 23187 I art     : Explicit concurrent mark sweep GC freed 536(40KB) AllocSpace objects, 0(0B) LOS objects, 23% free, 52MB/68MB, paused 786us total 20.306ms
08-05 14:30:46.125 23097 23187 I art     : Starting a blocking GC Explicit
08-05 14:30:46.146 23097 23187 I art     : Explicit concurrent mark sweep GC freed 461(19KB) AllocSpace objects, 0(0B) LOS objects, 23% free, 52MB/68MB, paused 623us total 20.319ms
08-05 14:30:46.242 24817 24817 I ServiceManager: Waiting for service AtCmdFwd...
08-05 14:30:46.434 23097 23110 I art     : Starting a blocking GC Explicit
08-05 14:30:46.465 23097 23110 I art     : Explicit concurrent mark sweep GC freed 1851(97KB) AllocSpace objects, 1(20KB) LOS objects, 23% free, 52MB/68MB, paused 486us total 30.234ms
08-05 14:30:46.477 23097 23110 I art     : Starting a blocking GC Explicit
08-05 14:30:46.500 23097 23110 I art     : Explicit concurrent mark sweep GC freed 30(1184B) AllocSpace objects, 0(0B) LOS objects, 23% free, 52MB/68MB, paused 459us total 22.949ms
08-05 14:30:46.510 23097 23110 I art     : Starting a blocking GC Explicit
08-05 14:30:46.533 23097 23110 I art     : Explicit concurrent mark sweep GC freed 3(96B) AllocSpace objects, 0(0B) LOS objects, 23% free, 52MB/68MB, paused 462us total 23.127ms
08-05 14:30:46.542 23097 23110 I art     : Starting a blocking GC Explicit
08-05 14:30:46.566 23097 23110 I art     : Explicit concurrent mark sweep GC freed 3(96B) AllocSpace objects, 0(0B) LOS objects, 23% free, 52MB/68MB, paused 455us total 23.284ms
08-05 14:30:46.575 23097 23110 I art     : Starting a blocking GC Explicit
08-05 14:30:46.598 23097 23110 I art     : Explicit concurrent mark sweep GC freed 3(96B) AllocSpace objects, 0(0B) LOS objects, 23% free, 52MB/68MB, paused 449us total 22.919ms
08-05 14:30:46.895 23097 23187 I art     : Starting a blocking GC Explicit
08-05 14:30:46.929 23097 23187 I art     : Explicit concurrent mark sweep GC freed 1344(78KB) AllocSpace objects, 1(20KB) LOS objects, 23% free, 52MB/68MB, paused 489us total 33.305ms
08-05 14:30:46.943 23097 23187 I art     : Starting a blocking GC Explicit
08-05 14:30:46.965 23097 23187 I art     : Explicit concurrent mark sweep GC freed 20(704B) AllocSpace objects, 0(0B) LOS objects, 23% free, 52MB/68MB, paused 444us total 21.940ms
08-05 14:30:46.974 23097 23187 I art     : Starting a blocking GC Explicit
08-05 14:30:46.997 23097 23187 I art     : Explicit concurrent mark sweep GC freed 3(96B) AllocSpace objects, 0(0B) LOS objects, 23% free, 52MB/68MB, paused 514us total 22.365ms
08-05 14:30:47.006 23097 23187 I art     : Starting a blocking GC Explicit
08-05 14:30:47.028 23097 23187 I art     : Explicit concurrent mark sweep GC freed 3(96B) AllocSpace objects, 0(0B) LOS objects, 23% free, 52MB/68MB, paused 453us total 22.608ms
08-05 14:30:47.037 23097 23187 I art     : Starting a blocking GC Explicit
08-05 14:30:47.061 23097 23187 I art     : Explicit concurrent mark sweep GC freed 3(96B) AllocSpace objects, 0(0B) LOS objects, 23% free, 52MB/68MB, paused 450us total 23.360ms
08-05 14:30:47.242 24817 24817 I ServiceManager: Waiting for service AtCmdFwd...
08-05 14:30:47.378   918  3261 D WifiStateMachine: starting scan for "H369AA63323"WPA_PSK with 2412,5180
08-05 14:30:47.383 23097 23186 I art     : Starting a blocking GC Explicit
08-05 14:30:47.407 23097 23186 I art     : Explicit concurrent mark sweep GC freed 1344(78KB) AllocSpace objects, 1(20KB) LOS objects, 23% free, 52MB/68MB, paused 448us total 23.783ms
08-05 14:30:47.416 23097 23186 I art     : Starting a blocking GC Explicit
08-05 14:30:47.439 23097 23186 I art     : Explicit concurrent mark sweep GC freed 20(704B) AllocSpace objects, 0(0B) LOS objects, 23% free, 52MB/68MB, paused 423us total 22.972ms
08-05 14:30:47.448 23097 23186 I art     : Starting a blocking GC Explicit
08-05 14:30:47.470 23097 23186 I art     : Explicit concurrent mark sweep GC freed 3(96B) AllocSpace objects, 0(0B) LOS objects, 23% free, 52MB/68MB, paused 452us total 21.826ms
08-05 14:30:47.478 23097 23186 I art     : Starting a blocking GC Explicit
08-05 14:30:47.500 23097 23186 I art     : Explicit concurrent mark sweep GC freed 3(96B) AllocSpace objects, 0(0B) LOS objects, 23% free, 52MB/68MB, paused 448us total 21.795ms
08-05 14:30:47.509 23097 23186 I art     : Starting a blocking GC Explicit
08-05 14:30:47.531 23097 23186 I art     : Explicit concurrent mark sweep GC freed 3(96B) AllocSpace objects, 0(0B) LOS objects, 23% free, 52MB/68MB, paused 497us total 21.726ms
08-05 14:30:47.841 23097 23109 I art     : Starting a blocking GC Explicit
08-05 14:30:47.875 23097 23109 I art     : Explicit concurrent mark sweep GC freed 1344(78KB) AllocSpace objects, 1(20KB) LOS objects, 23% free, 52MB/68MB, paused 545us total 33.255ms
08-05 14:30:47.891 23097 23109 I art     : Starting a blocking GC Explicit
08-05 14:30:47.918 23097 23109 I art     : Explicit concurrent mark sweep GC freed 20(704B) AllocSpace objects, 0(0B) LOS objects, 23% free, 52MB/68MB, paused 476us total 26.286ms
08-05 14:30:47.927 23097 23109 I art     : Starting a blocking GC Explicit
08-05 14:30:47.950 23097 23109 I art     : Explicit concurrent mark sweep GC freed 3(96B) AllocSpace objects, 0(0B) LOS objects, 23% free, 52MB/68MB, paused 463us total 23.262ms
08-05 14:30:47.960 23097 23109 I art     : Starting a blocking GC Explicit
08-05 14:30:47.983 23097 23109 I art     : Explicit concurrent mark sweep GC freed 3(96B) AllocSpace objects, 0(0B) LOS objects, 23% free, 52MB/68MB, paused 435us total 22.732ms
08-05 14:30:47.992 23097 23109 I art     : Starting a blocking GC Explicit
08-05 14:30:48.014 23097 23109 I art     : Explicit concurrent mark sweep GC freed 3(96B) AllocSpace objects, 0(0B) LOS objects, 23% free, 52MB/68MB, paused 454us total 22.358ms
08-05 14:30:48.242 24817 24817 W Atfwd_Sendcmd: AtCmdFwd service not published, waiting... retryCnt : 2
08-05 14:30:48.348 23097 23110 I art     : Starting a blocking GC Explicit
08-05 14:30:48.377 23097 23110 I art     : Explicit concurrent mark sweep GC freed 1344(78KB) AllocSpace objects, 1(20KB) LOS objects, 23% free, 52MB/68MB, paused 509us total 28.865ms
08-05 14:30:48.389 23097 23110 I art     : Starting a blocking GC Explicit
08-05 14:30:48.412 23097 23110 I art     : Explicit concurrent mark sweep GC freed 20(704B) AllocSpace objects, 0(0B) LOS objects, 23% free, 52MB/68MB, paused 474us total 22.588ms
08-05 14:30:48.421 23097 23110 I art     : Starting a blocking GC Explicit
08-05 14:30:48.444 23097 23110 I art     : Explicit concurrent mark sweep GC freed 3(96B) AllocSpace objects, 0(0B) LOS objects, 23% free, 52MB/68MB, paused 455us total 23.056ms
08-05 14:30:48.453 23097 23110 I art     : Starting a blocking GC Explicit
08-05 14:30:48.477 23097 23110 I art     : Explicit concurrent mark sweep GC freed 3(96B) AllocSpace objects, 0(0B) LOS objects, 23% free, 52MB/68MB, paused 464us total 23.214ms
08-05 14:30:48.486 23097 23110 I art     : Starting a blocking GC Explicit
08-05 14:30:48.509 23097 23110 I art     : Explicit concurrent mark sweep GC freed 3(96B) AllocSpace objects, 0(0B) LOS objects, 23% free, 52MB/68MB, paused 458us total 22.766ms
08-05 14:30:48.810 23097 23187 I art     : Starting a blocking GC Explicit
08-05 14:30:48.839 23097 23187 I art     : Explicit concurrent mark sweep GC freed 1344(78KB) AllocSpace objects, 1(20KB) LOS objects, 23% free, 52MB/68MB, paused 508us total 28.576ms
08-05 14:30:48.852 23097 23187 I art     : Starting a blocking GC Explicit
08-05 14:30:48.877 23097 23187 I art     : Explicit concurrent mark sweep GC freed 20(704B) AllocSpace objects, 0(0B) LOS objects, 23% free, 52MB/68MB, paused 583us total 25.096ms
08-05 14:30:48.886 23097 23187 I art     : Starting a blocking GC Explicit
08-05 14:30:48.910 23097 23187 I art     : Explicit concurrent mark sweep GC freed 3(96B) AllocSpace objects, 0(0B) LOS objects, 23% free, 52MB/68MB, paused 450us total 23.108ms
08-05 14:30:48.919 23097 23187 I art     : Starting a blocking GC Explicit
08-05 14:30:48.942 23097 23187 I art     : Explicit concurrent mark sweep GC freed 3(96B) AllocSpace objects, 0(0B) LOS objects, 23% free, 52MB/68MB, paused 453us total 23.003ms
08-05 14:30:48.951 23097 23187 I art     : Starting a blocking GC Explicit
08-05 14:30:48.974 23097 23187 I art     : Explicit concurrent mark sweep GC freed 3(96B) AllocSpace objects, 0(0B) LOS objects, 23% free, 52MB/68MB, paused 460us total 23.101ms
08-05 14:30:49.298 23097 23186 I art     : Starting a blocking GC Explicit
08-05 14:30:49.327 23097 23186 I art     : Explicit concurrent mark sweep GC freed 1344(78KB) AllocSpace objects, 1(20KB) LOS objects, 23% free, 52MB/68MB, paused 502us total 28.865ms
08-05 14:30:49.339 23097 23186 I art     : Starting a blocking GC Explicit
08-05 14:30:49.362 23097 23186 I art     : Explicit concurrent mark sweep GC freed 20(704B) AllocSpace objects, 0(0B) LOS objects, 23% free, 52MB/68MB, paused 439us total 22.862ms
08-05 14:30:49.372 23097 23186 I art     : Starting a blocking GC Explicit
08-05 14:30:49.394 23097 23186 I art     : Explicit concurrent mark sweep GC freed 3(96B) AllocSpace objects, 0(0B) LOS objects, 23% free, 52MB/68MB, paused 429us total 21.853ms
08-05 14:30:49.402 23097 23186 I art     : Starting a blocking GC Explicit
08-05 14:30:49.425 23097 23186 I art     : Explicit concurrent mark sweep GC freed 3(96B) AllocSpace objects, 0(0B) LOS objects, 23% free, 52MB/68MB, paused 440us total 21.873ms
08-05 14:30:49.425 23097 23108 I art     : WaitForGcToComplete blocked for 16.907ms for cause HeapTrim
08-05 14:30:49.433 23097 23186 I art     : Starting a blocking GC Explicit
08-05 14:30:49.454 23097 23186 I art     : Explicit concurrent mark sweep GC freed 3(96B) AllocSpace objects, 0(0B) LOS objects, 23% free, 52MB/68MB, paused 505us total 20.988ms
08-05 14:30:49.748 23097 23109 I art     : Starting a blocking GC Explicit
08-05 14:30:49.771 23097 23109 I art     : Explicit concurrent mark sweep GC freed 1344(78KB) AllocSpace objects, 1(20KB) LOS objects, 23% free, 52MB/68MB, paused 463us total 22.651ms
08-05 14:30:49.780 23097 23109 I art     : Starting a blocking GC Explicit
08-05 14:30:49.802 23097 23109 I art     : Explicit concurrent mark sweep GC freed 20(704B) AllocSpace objects, 0(0B) LOS objects, 23% free, 52MB/68MB, paused 446us total 22.426ms
08-05 14:30:49.811 23097 23109 I art     : Starting a blocking GC Explicit
08-05 14:30:49.821 25274 25274 D AndroidRuntime: >>>>>> START com.android.internal.os.RuntimeInit uid 2000 <<<<<<
08-05 14:30:49.826 25274 25274 D AndroidRuntime: CheckJNI is OFF
08-05 14:30:49.834 23097 23109 I art     : Explicit concurrent mark sweep GC freed 3(96B) AllocSpace objects, 0(0B) LOS objects, 23% free, 52MB/68MB, paused 501us total 22.477ms
08-05 14:30:49.843 23097 23109 I art     : Starting a blocking GC Explicit
08-05 14:30:49.862 25274 25274 D ICU     : No timezone override file found: /data/misc/zoneinfo/current/icu/icu_tzdata.dat
08-05 14:30:49.865 23097 23109 I art     : Explicit concurrent mark sweep GC freed 3(96B) AllocSpace objects, 0(0B) LOS objects, 23% free, 52MB/68MB, paused 467us total 20.993ms
08-05 14:30:49.873 23097 23109 I art     : Starting a blocking GC Explicit
08-05 14:30:49.895 23097 23109 I art     : Explicit concurrent mark sweep GC freed 3(96B) AllocSpace objects, 0(0B) LOS objects, 23% free, 52MB/68MB, paused 506us total 21.459ms
08-05 14:30:49.897 25274 25274 I Radio-JNI: register_android_hardware_Radio DONE
08-05 14:30:49.919 25274 25274 D AndroidRuntime: Calling main entry com.android.commands.input.Input
08-05 14:30:49.921 25274 25274 I Input   : injectKeyEvent: KeyEvent { action=ACTION_DOWN, keyCode=KEYCODE_BACK, scanCode=0, metaState=0, flags=0x0, repeatCount=0, eventTime=801066334, downTime=801066334, deviceId=-1, source=0x101 }
08-05 14:30:49.926 25274 25274 I Input   : injectKeyEvent: KeyEvent { action=ACTION_UP, keyCode=KEYCODE_BACK, scanCode=0, metaState=0, flags=0x0, repeatCount=0, eventTime=801066334, downTime=801066334, deviceId=-1, source=0x101 }
08-05 14:30:49.932 25274 25274 D AndroidRuntime: Shutting down VM
08-05 14:30:49.971 13866 13866 I GoogleInputMethodServic: GoogleInputMethodService.onFinishInput():3138 
08-05 14:30:49.972 13866 13866 I GoogleInputMethodServic: GoogleInputMethodService.onStartInput():1808 
08-05 14:30:50.158 23097 23187 I art     : Starting a blocking GC Explicit
08-05 14:30:50.187 23097 23187 I art     : Explicit concurrent mark sweep GC freed 1482(84KB) AllocSpace objects, 1(20KB) LOS objects, 23% free, 52MB/68MB, paused 595us total 29.351ms
08-05 14:30:50.199 23097 23187 I art     : Starting a blocking GC Explicit
08-05 14:30:50.225 23097 23187 I art     : Explicit concurrent mark sweep GC freed 26(944B) AllocSpace objects, 0(0B) LOS objects, 23% free, 52MB/68MB, paused 417us total 25.027ms
08-05 14:30:50.238 23097 23187 I art     : Starting a blocking GC Explicit
08-05 14:30:50.256   380   380 W SurfaceFlinger: couldn't log to binary event log: overflow.
08-05 14:30:50.261 23097 23187 I art     : Explicit concurrent mark sweep GC freed 98(7KB) AllocSpace objects, 0(0B) LOS objects, 23% free, 52MB/68MB, paused 571us total 22.783ms
08-05 14:30:50.270 23097 23187 I art     : Starting a blocking GC Explicit
08-05 14:30:50.291 23097 23187 I art     : Explicit concurrent mark sweep GC freed 27(1264B) AllocSpace objects, 0(0B) LOS objects, 23% free, 52MB/68MB, paused 442us total 20.196ms
08-05 14:30:50.299 23097 23187 I art     : Starting a blocking GC Explicit
08-05 14:30:50.319 23097 23187 I art     : Explicit concurrent mark sweep GC freed 4681(268KB) AllocSpace objects, 2(140KB) LOS objects, 23% free, 52MB/68MB, paused 426us total 19.940ms
08-05 14:30:50.608 23097 23186 I art     : Starting a blocking GC Explicit
08-05 14:30:50.635 23097 23186 I art     : Explicit concurrent mark sweep GC freed 1344(78KB) AllocSpace objects, 1(20KB) LOS objects, 23% free, 52MB/68MB, paused 493us total 26.806ms
08-05 14:30:50.647 23097 23186 I art     : Starting a blocking GC Explicit
08-05 14:30:50.672 23097 23186 I art     : Explicit concurrent mark sweep GC freed 20(704B) AllocSpace objects, 0(0B) LOS objects, 23% free, 52MB/68MB, paused 440us total 24.997ms
08-05 14:30:50.681 23097 23186 I art     : Starting a blocking GC Explicit
08-05 14:30:50.703 23097 23186 I art     : Explicit concurrent mark sweep GC freed 3(96B) AllocSpace objects, 0(0B) LOS objects, 23% free, 52MB/68MB, paused 446us total 21.575ms
08-05 14:30:50.712 23097 23186 I art     : Starting a blocking GC Explicit
08-05 14:30:50.733 23097 23186 I art     : Explicit concurrent mark sweep GC freed 3(96B) AllocSpace objects, 0(0B) LOS objects, 23% free, 52MB/68MB, paused 509us total 20.745ms
08-05 14:30:50.741 23097 23186 I art     : Starting a blocking GC Explicit
08-05 14:30:50.762 23097 23186 I art     : Explicit concurrent mark sweep GC freed 3(96B) AllocSpace objects, 0(0B) LOS objects, 23% free, 52MB/68MB, paused 462us total 20.801ms
08-05 14:30:51.054 23097 23110 I art     : Starting a blocking GC Explicit
08-05 14:30:51.082 23097 23110 I art     : Explicit concurrent mark sweep GC freed 1343(78KB) AllocSpace objects, 1(20KB) LOS objects, 23% free, 52MB/68MB, paused 670us total 27.241ms
08-05 14:30:51.096 23097 23110 I art     : Starting a blocking GC Explicit
08-05 14:30:51.118 23097 23110 I art     : Explicit concurrent mark sweep GC freed 20(704B) AllocSpace objects, 0(0B) LOS objects, 23% free, 52MB/68MB, paused 449us total 21.712ms
08-05 14:30:51.127 23097 23110 I art     : Starting a blocking GC Explicit
08-05 14:30:51.148 23097 23110 I art     : Explicit concurrent mark sweep GC freed 3(96B) AllocSpace objects, 0(0B) LOS objects, 23% free, 52MB/68MB, paused 441us total 20.905ms
08-05 14:30:51.157 23097 23110 I art     : Starting a blocking GC Explicit
08-05 14:30:51.178 23097 23110 I art     : Explicit concurrent mark sweep GC freed 3(96B) AllocSpace objects, 0(0B) LOS objects, 23% free, 52MB/68MB, paused 415us total 20.852ms
08-05 14:30:51.187 23097 23110 I art     : Starting a blocking GC Explicit
08-05 14:30:51.207 23097 23110 I art     : Explicit concurrent mark sweep GC freed 3(96B) AllocSpace objects, 0(0B) LOS objects, 23% free, 52MB/68MB, paused 460us total 19.775ms
08-05 14:30:51.466 23097 23109 I art     : Starting a blocking GC Explicit
08-05 14:30:51.488 23097 23109 I art     : Explicit concurrent mark sweep GC freed 1343(78KB) AllocSpace objects, 1(20KB) LOS objects, 23% free, 52MB/68MB, paused 479us total 21.622ms
08-05 14:30:51.497 23097 23109 I art     : Starting a blocking GC Explicit
08-05 14:30:51.518 23097 23109 I art     : Explicit concurrent mark sweep GC freed 20(704B) AllocSpace objects, 0(0B) LOS objects, 23% free, 52MB/68MB, paused 461us total 20.518ms
08-05 14:30:51.526 23097 23109 I art     : Starting a blocking GC Explicit
08-05 14:30:51.546 23097 23109 I art     : Explicit concurrent mark sweep GC freed 3(96B) AllocSpace objects, 0(0B) LOS objects, 23% free, 52MB/68MB, paused 451us total 19.801ms
08-05 14:30:51.554 23097 23109 I art     : Starting a blocking GC Explicit
08-05 14:30:51.577 23097 23109 I art     : Explicit concurrent mark sweep GC freed 6(192B) AllocSpace objects, 0(0B) LOS objects, 23% free, 52MB/68MB, paused 474us total 22.638ms
08-05 14:30:51.585 25327 25327 D AndroidRuntime: >>>>>> START com.android.internal.os.RuntimeInit uid 2000 <<<<<<
08-05 14:30:51.588 23097 23109 I art     : Starting a blocking GC Explicit
08-05 14:30:51.590 25327 25327 D AndroidRuntime: CheckJNI is OFF
08-05 14:30:51.607 23097 23109 I art     : Explicit concurrent mark sweep GC freed 6(192B) AllocSpace objects, 0(0B) LOS objects, 23% free, 52MB/68MB, paused 451us total 18.897ms
08-05 14:30:51.624 25327 25327 D ICU     : No timezone override file found: /data/misc/zoneinfo/current/icu/icu_tzdata.dat
08-05 14:30:51.655 25327 25327 I Radio-JNI: register_android_hardware_Radio DONE
08-05 14:30:51.675 25327 25327 D AndroidRuntime: Calling main entry com.android.commands.input.Input
08-05 14:30:51.677 25327 25327 I Input   : injectMotionEvent: MotionEvent { action=ACTION_DOWN, actionButton=0, id[0]=0, x[0]=648.0, y[0]=1050.0, toolType[0]=TOOL_TYPE_UNKNOWN, buttonState=0, metaState=0, flags=0x0, edgeFlags=0x0, pointerCount=1, historySize=0, eventTime=801068089, downTime=801068089, deviceId=0, source=0x1002 }
08-05 14:30:51.683 25327 25327 I Input   : injectMotionEvent: MotionEvent { action=ACTION_UP, actionButton=0, id[0]=0, x[0]=648.0, y[0]=1050.0, toolType[0]=TOOL_TYPE_UNKNOWN, buttonState=0, metaState=0, flags=0x0, edgeFlags=0x0, pointerCount=1, historySize=0, eventTime=801068089, downTime=801068089, deviceId=0, source=0x1002 }
08-05 14:30:51.685 25327 25327 D AndroidRuntime: Shutting down VM
08-05 14:30:51.693   918  6112 I ActivityManager: START u0 {cmp=baseline.appteam.nith.hillffair/.activities.InformationActivity} from uid 10675 on display 0
08-05 14:30:51.694   512  2967 D audio_hw_primary: out_set_parameters: enter: usecase(1: low-latency-playback) kvpairs: routing=2
08-05 14:30:51.708   512  2967 D audio_hw_primary: select_devices: out_snd_device(2: speaker) in_snd_device(0: none)
08-05 14:30:51.708   512  2967 D msm8974_platform: platform_send_audio_calibration: sending audio calibration for snd_device(2) acdb_id(15)
08-05 14:30:51.708   512  2967 I soundtrigger: audio_extn_sound_trigger_update_device_status: device 0x2 of type 0 for Event 1
08-05 14:30:51.720   512  2967 D audio_hw_primary: enable_snd_device: snd_device(2: speaker)
08-05 14:30:51.722   512  2967 D audio_hw_primary: enable_audio_route: apply and update mixer path: low-latency-playback speaker
08-05 14:30:51.838   918   936 I ActivityManager: Displayed baseline.appteam.nith.hillffair/.activities.InformationActivity: +129ms
08-05 14:30:51.839 13866 13866 I GoogleInputMethodServic: GoogleInputMethodService.onFinishInput():3138 
08-05 14:30:51.839 13866 13866 I GoogleInputMethodServic: GoogleInputMethodService.onStartInput():1808 
08-05 14:30:51.854 23097 23186 I art     : Starting a blocking GC Explicit
08-05 14:30:51.860 23097 23123 D OpenGLRenderer: endAllStagingAnimators on 0x7f7d728400 (RippleDrawable) with handle 0x7f9a1e97e0
08-05 14:30:51.879 23097 23186 I art     : Explicit concurrent mark sweep GC freed 2388(158KB) AllocSpace objects, 1(20KB) LOS objects, 23% free, 52MB/68MB, paused 522us total 24.520ms
08-05 14:30:51.888 23097 23186 I art     : Starting a blocking GC Explicit
08-05 14:30:51.909 23097 23186 I art     : Explicit concurrent mark sweep GC freed 194(8KB) AllocSpace objects, 0(0B) LOS objects, 23% free, 52MB/68MB, paused 532us total 20.463ms
08-05 14:30:51.918 23097 23186 I art     : Starting a blocking GC Explicit
08-05 14:30:51.937 23097 23186 I art     : Explicit concurrent mark sweep GC freed 7(256B) AllocSpace objects, 0(0B) LOS objects, 23% free, 52MB/68MB, paused 544us total 18.976ms
08-05 14:30:51.945 23097 23186 I art     : Starting a blocking GC Explicit
08-05 14:30:51.966 23097 23186 I art     : Explicit concurrent mark sweep GC freed 3(96B) AllocSpace objects, 0(0B) LOS objects, 23% free, 52MB/68MB, paused 445us total 20.410ms
08-05 14:30:51.974 23097 23186 I art     : Starting a blocking GC Explicit
08-05 14:30:51.995 23097 23186 I art     : Explicit concurrent mark sweep GC freed 3(96B) AllocSpace objects, 0(0B) LOS objects, 23% free, 52MB/68MB, paused 437us total 20.040ms
08-05 14:30:52.076   380   380 W SurfaceFlinger: couldn't log to binary event log: overflow.
08-05 14:30:52.249 23097 23186 I art     : Starting a blocking GC Explicit
08-05 14:30:52.258   512  2967 D audio_hw_primary: disable_audio_route: reset and update mixer path: low-latency-playback speaker
08-05 14:30:52.259   512  2967 D audio_hw_primary: disable_snd_device: snd_device(2: speaker)
08-05 14:30:52.267   512  2967 I soundtrigger: audio_extn_sound_trigger_update_device_status: device 0x2 of type 0 for Event 0
08-05 14:30:52.271 23097 23186 I art     : Explicit concurrent mark sweep GC freed 1486(86KB) AllocSpace objects, 1(20KB) LOS objects, 23% free, 52MB/68MB, paused 473us total 21.588ms
08-05 14:30:52.280 23097 23186 I art     : Starting a blocking GC Explicit
08-05 14:30:52.302 23097 23186 I art     : Explicit concurrent mark sweep GC freed 40(1344B) AllocSpace objects, 0(0B) LOS objects, 23% free, 52MB/68MB, paused 446us total 22.105ms
08-05 14:30:52.311 23097 23186 I art     : Starting a blocking GC Explicit
08-05 14:30:52.334 23097 23186 I art     : Explicit concurrent mark sweep GC freed 12(576B) AllocSpace objects, 0(0B) LOS objects, 23% free, 52MB/68MB, paused 456us total 22.270ms
08-05 14:30:52.343 23097 23186 I art     : Starting a blocking GC Explicit
08-05 14:30:52.364 23097 23186 I art     : Explicit concurrent mark sweep GC freed 17(528B) AllocSpace objects, 0(0B) LOS objects, 23% free, 52MB/68MB, paused 508us total 21.344ms
08-05 14:30:52.373 23097 23186 I art     : Starting a blocking GC Explicit
08-05 14:30:52.394 23097 23186 I art     : Explicit concurrent mark sweep GC freed 3(96B) AllocSpace objects, 0(0B) LOS objects, 23% free, 52MB/68MB, paused 432us total 21.282ms
08-05 14:30:52.688 23097 23110 I art     : Starting a blocking GC Explicit
08-05 14:30:52.720 23097 23110 I art     : Explicit concurrent mark sweep GC freed 1344(78KB) AllocSpace objects, 1(20KB) LOS objects, 23% free, 52MB/68MB, paused 449us total 31.612ms
08-05 14:30:52.733 23097 23110 I art     : Starting a blocking GC Explicit
08-05 14:30:52.755 23097 23110 I art     : Explicit concurrent mark sweep GC freed 20(704B) AllocSpace objects, 0(0B) LOS objects, 23% free, 52MB/68MB, paused 460us total 22.598ms
08-05 14:30:52.764 23097 23110 I art     : Starting a blocking GC Explicit
08-05 14:30:52.786 23097 23110 I art     : Explicit concurrent mark sweep GC freed 3(96B) AllocSpace objects, 0(0B) LOS objects, 23% free, 52MB/68MB, paused 444us total 21.830ms
08-05 14:30:52.795 23097 23110 I art     : Starting a blocking GC Explicit
08-05 14:30:52.817 23097 23110 I art     : Explicit concurrent mark sweep GC freed 3(96B) AllocSpace objects, 0(0B) LOS objects, 23% free, 52MB/68MB, paused 511us total 21.594ms
08-05 14:30:52.825 23097 23110 I art     : Starting a blocking GC Explicit
08-05 14:30:52.848 23097 23110 I art     : Explicit concurrent mark sweep GC freed 3(96B) AllocSpace objects, 0(0B) LOS objects, 23% free, 52MB/68MB, paused 509us total 22.022ms
08-05 14:30:53.138 23097 23109 I art     : Starting a blocking GC Explicit
08-05 14:30:53.166 23097 23109 I art     : Explicit concurrent mark sweep GC freed 1344(78KB) AllocSpace objects, 1(20KB) LOS objects, 23% free, 52MB/68MB, paused 479us total 27.341ms
08-05 14:30:53.180 23097 23109 I art     : Starting a blocking GC Explicit
08-05 14:30:53.203 23097 23109 I art     : Explicit concurrent mark sweep GC freed 20(704B) AllocSpace objects, 0(0B) LOS objects, 23% free, 52MB/68MB, paused 432us total 22.211ms
08-05 14:30:53.211 23097 23109 I art     : Starting a blocking GC Explicit
08-05 14:30:53.233 23097 23109 I art     : Explicit concurrent mark sweep GC freed 3(96B) AllocSpace objects, 0(0B) LOS objects, 23% free, 52MB/68MB, paused 437us total 21.752ms
08-05 14:30:53.242 23097 23109 I art     : Starting a blocking GC Explicit
08-05 14:30:53.264 23097 23109 I art     : Explicit concurrent mark sweep GC freed 3(96B) AllocSpace objects, 0(0B) LOS objects, 23% free, 52MB/68MB, paused 435us total 21.556ms
08-05 14:30:53.273 23097 23109 I art     : Starting a blocking GC Explicit
08-05 14:30:53.294 23097 23109 I art     : Explicit concurrent mark sweep GC freed 3(96B) AllocSpace objects, 0(0B) LOS objects, 23% free, 52MB/68MB, paused 443us total 21.587ms
08-05 14:30:53.624 23097 23187 I art     : Starting a blocking GC Explicit
08-05 14:30:53.648 23097 23187 I art     : Explicit concurrent mark sweep GC freed 1374(79KB) AllocSpace objects, 1(20KB) LOS objects, 23% free, 52MB/68MB, paused 425us total 23.859ms
08-05 14:30:53.657 23097 23187 I art     : Starting a blocking GC Explicit
08-05 14:30:53.678 23097 23187 I art     : Explicit concurrent mark sweep GC freed 20(704B) AllocSpace objects, 0(0B) LOS objects, 23% free, 52MB/68MB, paused 440us total 20.583ms
08-05 14:30:53.687 23097 23187 I art     : Starting a blocking GC Explicit
08-05 14:30:53.708 23097 23187 I art     : Explicit concurrent mark sweep GC freed 3(96B) AllocSpace objects, 0(0B) LOS objects, 23% free, 52MB/68MB, paused 416us total 21.284ms
08-05 14:30:53.717 23097 23187 I art     : Starting a blocking GC Explicit
08-05 14:30:53.739 23097 23187 I art     : Explicit concurrent mark sweep GC freed 3(96B) AllocSpace objects, 0(0B) LOS objects, 23% free, 52MB/68MB, paused 442us total 21.471ms
08-05 14:30:53.747 23097 23187 I art     : Starting a blocking GC Explicit
08-05 14:30:53.769 23097 23187 I art     : Explicit concurrent mark sweep GC freed 3(96B) AllocSpace objects, 0(0B) LOS objects, 23% free, 52MB/68MB, paused 462us total 21.738ms
08-05 14:30:54.091 23097 23186 I art     : Starting a blocking GC Explicit
08-05 14:30:54.119 23097 23186 I art     : Explicit concurrent mark sweep GC freed 1344(78KB) AllocSpace objects, 1(20KB) LOS objects, 23% free, 52MB/68MB, paused 487us total 27.446ms
08-05 14:30:54.131 23097 23186 I art     : Starting a blocking GC Explicit
08-05 14:30:54.153 23097 23186 I art     : Explicit concurrent mark sweep GC freed 20(704B) AllocSpace objects, 0(0B) LOS objects, 23% free, 52MB/68MB, paused 445us total 21.606ms
08-05 14:30:54.162 23097 23186 I art     : Starting a blocking GC Explicit
08-05 14:30:54.184 23097 23186 I art     : Explicit concurrent mark sweep GC freed 3(96B) AllocSpace objects, 0(0B) LOS objects, 23% free, 52MB/68MB, paused 441us total 21.815ms
08-05 14:30:54.193 23097 23186 I art     : Starting a blocking GC Explicit
08-05 14:30:54.215 23097 23186 I art     : Explicit concurrent mark sweep GC freed 3(96B) AllocSpace objects, 0(0B) LOS objects, 23% free, 52MB/68MB, paused 441us total 21.614ms
08-05 14:30:54.223 23097 23186 I art     : Starting a blocking GC Explicit
08-05 14:30:54.246 23097 23186 I art     : Explicit concurrent mark sweep GC freed 3(96B) AllocSpace objects, 0(0B) LOS objects, 23% free, 52MB/68MB, paused 423us total 22.202ms
08-05 14:30:54.563 23097 23110 I art     : Starting a blocking GC Explicit
08-05 14:30:54.591 23097 23110 I art     : Explicit concurrent mark sweep GC freed 1344(78KB) AllocSpace objects, 1(20KB) LOS objects, 23% free, 52MB/68MB, paused 496us total 27.675ms
08-05 14:30:54.602 23097 23110 I art     : Starting a blocking GC Explicit
08-05 14:30:54.624 23097 23110 I art     : Explicit concurrent mark sweep GC freed 20(704B) AllocSpace objects, 0(0B) LOS objects, 23% free, 52MB/68MB, paused 445us total 22.055ms
08-05 14:30:54.633 23097 23110 I art     : Starting a blocking GC Explicit
08-05 14:30:54.654 23097 23110 I art     : Explicit concurrent mark sweep GC freed 3(96B) AllocSpace objects, 0(0B) LOS objects, 23% free, 52MB/68MB, paused 448us total 21.253ms
08-05 14:30:54.663 23097 23110 I art     : Starting a blocking GC Explicit
08-05 14:30:54.685 23097 23110 I art     : Explicit concurrent mark sweep GC freed 3(96B) AllocSpace objects, 0(0B) LOS objects, 23% free, 52MB/68MB, paused 456us total 21.637ms
08-05 14:30:54.694 23097 23110 I art     : Starting a blocking GC Explicit
08-05 14:30:54.717 23097 23110 I art     : Explicit concurrent mark sweep GC freed 3(96B) AllocSpace objects, 0(0B) LOS objects, 23% free, 52MB/68MB, paused 445us total 22.188ms
08-05 14:30:55.031 23097 23109 I art     : Starting a blocking GC Explicit
08-05 14:30:55.059 23097 23109 I art     : Explicit concurrent mark sweep GC freed 1344(78KB) AllocSpace objects, 1(20KB) LOS objects, 23% free, 52MB/68MB, paused 488us total 27.140ms
08-05 14:30:55.070 23097 23109 I art     : Starting a blocking GC Explicit
08-05 14:30:55.092 23097 23109 I art     : Explicit concurrent mark sweep GC freed 20(704B) AllocSpace objects, 0(0B) LOS objects, 23% free, 52MB/68MB, paused 443us total 22.031ms
08-05 14:30:55.101 23097 23109 I art     : Starting a blocking GC Explicit
08-05 14:30:55.122 23097 23109 I art     : Explicit concurrent mark sweep GC freed 3(96B) AllocSpace objects, 0(0B) LOS objects, 23% free, 52MB/68MB, paused 439us total 20.839ms
08-05 14:30:55.131 23097 23109 I art     : Starting a blocking GC Explicit
08-05 14:30:55.153 23097 23109 I art     : Explicit concurrent mark sweep GC freed 3(96B) AllocSpace objects, 0(0B) LOS objects, 23% free, 52MB/68MB, paused 448us total 21.806ms
08-05 14:30:55.162 23097 23109 I art     : Starting a blocking GC Explicit
08-05 14:30:55.184 23097 23109 I art     : Explicit concurrent mark sweep GC freed 3(96B) AllocSpace objects, 0(0B) LOS objects, 23% free, 52MB/68MB, paused 448us total 21.978ms
08-05 14:30:55.500 23097 23187 I art     : Starting a blocking GC Explicit
08-05 14:30:55.528 23097 23187 I art     : Explicit concurrent mark sweep GC freed 1344(78KB) AllocSpace objects, 1(20KB) LOS objects, 23% free, 52MB/68MB, paused 524us total 27.448ms
08-05 14:30:55.538 23097 23187 I art     : Starting a blocking GC Explicit
08-05 14:30:55.561 23097 23187 I art     : Explicit concurrent mark sweep GC freed 20(704B) AllocSpace objects, 0(0B) LOS objects, 23% free, 52MB/68MB, paused 446us total 21.935ms
08-05 14:30:55.569 23097 23187 I art     : Starting a blocking GC Explicit
08-05 14:30:55.591 23097 23187 I art     : Explicit concurrent mark sweep GC freed 3(96B) AllocSpace objects, 0(0B) LOS objects, 23% free, 52MB/68MB, paused 431us total 20.989ms
08-05 14:30:55.599 23097 23187 I art     : Starting a blocking GC Explicit
08-05 14:30:55.621 23097 23187 I art     : Explicit concurrent mark sweep GC freed 3(96B) AllocSpace objects, 0(0B) LOS objects, 23% free, 52MB/68MB, paused 415us total 20.988ms
08-05 14:30:55.629 23097 23187 I art     : Starting a blocking GC Explicit
08-05 14:30:55.651 23097 23187 I art     : Explicit concurrent mark sweep GC freed 3(96B) AllocSpace objects, 0(0B) LOS objects, 23% free, 52MB/68MB, paused 435us total 21.115ms
08-05 14:30:55.969 23097 23186 I art     : Starting a blocking GC Explicit
08-05 14:30:55.991 23097 23186 I art     : Explicit concurrent mark sweep GC freed 1344(78KB) AllocSpace objects, 1(20KB) LOS objects, 23% free, 52MB/68MB, paused 527us total 21.899ms
08-05 14:30:56.000 23097 23186 I art     : Starting a blocking GC Explicit
08-05 14:30:56.020 23097 23186 I art     : Explicit concurrent mark sweep GC freed 20(704B) AllocSpace objects, 0(0B) LOS objects, 23% free, 52MB/68MB, paused 448us total 20.383ms
08-05 14:30:56.029 23097 23186 I art     : Starting a blocking GC Explicit
08-05 14:30:56.050 23097 23186 I art     : Explicit concurrent mark sweep GC freed 3(96B) AllocSpace objects, 0(0B) LOS objects, 23% free, 52MB/68MB, paused 447us total 20.510ms
08-05 14:30:56.058 23097 23186 I art     : Starting a blocking GC Explicit
08-05 14:30:56.079 23097 23186 I art     : Explicit concurrent mark sweep GC freed 3(96B) AllocSpace objects, 0(0B) LOS objects, 23% free, 52MB/68MB, paused 447us total 20.826ms
08-05 14:30:56.088 23097 23186 I art     : Starting a blocking GC Explicit
08-05 14:30:56.108 23097 23186 I art     : Explicit concurrent mark sweep GC freed 3(96B) AllocSpace objects, 0(0B) LOS objects, 23% free, 52MB/68MB, paused 449us total 20.071ms
08-05 14:30:56.327 25451 25451 D AndroidRuntime: >>>>>> START com.android.internal.os.RuntimeInit uid 2000 <<<<<<
08-05 14:30:56.332 25451 25451 D AndroidRuntime: CheckJNI is OFF
08-05 14:30:56.366 25451 25451 D ICU     : No timezone override file found: /data/misc/zoneinfo/current/icu/icu_tzdata.dat
08-05 14:30:56.397 23097 23110 I art     : Starting a blocking GC Explicit
08-05 14:30:56.400 25451 25451 I Radio-JNI: register_android_hardware_Radio DONE
08-05 14:30:56.419 23097 23110 I art     : Explicit concurrent mark sweep GC freed 1344(78KB) AllocSpace objects, 1(20KB) LOS objects, 23% free, 52MB/68MB, paused 467us total 21.930ms
08-05 14:30:56.422 25451 25451 D AndroidRuntime: Calling main entry com.android.commands.input.Input
08-05 14:30:56.424 25451 25451 I Input   : injectKeyEvent: KeyEvent { action=ACTION_DOWN, keyCode=KEYCODE_BACK, scanCode=0, metaState=0, flags=0x0, repeatCount=0, eventTime=801072837, downTime=801072837, deviceId=-1, source=0x101 }
08-05 14:30:56.428 23097 23110 I art     : Starting a blocking GC Explicit
08-05 14:30:56.429 25451 25451 I Input   : injectKeyEvent: KeyEvent { action=ACTION_UP, keyCode=KEYCODE_BACK, scanCode=0, metaState=0, flags=0x0, repeatCount=0, eventTime=801072837, downTime=801072837, deviceId=-1, source=0x101 }
08-05 14:30:56.436 25451 25451 D AndroidRuntime: Shutting down VM
08-05 14:30:56.449 23097 23110 I art     : Explicit concurrent mark sweep GC freed 117(5KB) AllocSpace objects, 0(0B) LOS objects, 23% free, 52MB/68MB, paused 497us total 20.176ms
08-05 14:30:56.457 23097 23110 I art     : Starting a blocking GC Explicit
08-05 14:30:56.477 23097 23110 I art     : Explicit concurrent mark sweep GC freed 8(256B) AllocSpace objects, 0(0B) LOS objects, 23% free, 52MB/68MB, paused 468us total 19.664ms
08-05 14:30:56.478 13866 13866 I GoogleInputMethodServic: GoogleInputMethodService.onFinishInput():3138 
08-05 14:30:56.479 13866 13866 I GoogleInputMethodServic: GoogleInputMethodService.onStartInput():1808 
08-05 14:30:56.486 23097 23110 I art     : Starting a blocking GC Explicit
08-05 14:30:56.505 23097 23110 I art     : Explicit concurrent mark sweep GC freed 38(1392B) AllocSpace objects, 0(0B) LOS objects, 23% free, 52MB/68MB, paused 404us total 19.658ms
08-05 14:30:56.514 23097 23110 I art     : Starting a blocking GC Explicit
08-05 14:30:56.533 23097 23110 I art     : Explicit concurrent mark sweep GC freed 12(416B) AllocSpace objects, 0(0B) LOS objects, 23% free, 52MB/68MB, paused 410us total 18.555ms
08-05 14:30:56.763   380   380 W SurfaceFlinger: couldn't log to binary event log: overflow.
08-05 14:30:56.792 23097 23110 I art     : Starting a blocking GC Explicit
08-05 14:30:56.812 23097 23110 I art     : Explicit concurrent mark sweep GC freed 1454(87KB) AllocSpace objects, 1(20KB) LOS objects, 23% free, 52MB/68MB, paused 466us total 20.134ms
08-05 14:30:56.821 23097 23110 I art     : Starting a blocking GC Explicit
08-05 14:30:56.842 23097 23110 I art     : Explicit concurrent mark sweep GC freed 1401(90KB) AllocSpace objects, 1(28KB) LOS objects, 23% free, 52MB/68MB, paused 423us total 20.382ms
08-05 14:30:56.850 23097 23110 I art     : Starting a blocking GC Explicit
08-05 14:30:56.871 23097 23110 I art     : Explicit concurrent mark sweep GC freed 3(96B) AllocSpace objects, 0(0B) LOS objects, 23% free, 52MB/68MB, paused 431us total 20.114ms
08-05 14:30:56.879 23097 23110 I art     : Starting a blocking GC Explicit
08-05 14:30:56.899 23097 23110 I art     : Explicit concurrent mark sweep GC freed 3(96B) AllocSpace objects, 0(0B) LOS objects, 23% free, 52MB/68MB, paused 433us total 19.896ms
08-05 14:30:56.908 23097 23110 I art     : Starting a blocking GC Explicit
08-05 14:30:56.928 23097 23110 I art     : Explicit concurrent mark sweep GC freed 3(96B) AllocSpace objects, 0(0B) LOS objects, 23% free, 52MB/68MB, paused 422us total 20.540ms
08-05 14:30:57.221 23097 23187 I art     : Starting a blocking GC Explicit
08-05 14:30:57.252 23097 23187 I art     : Explicit concurrent mark sweep GC freed 1344(78KB) AllocSpace objects, 1(20KB) LOS objects, 23% free, 52MB/68MB, paused 543us total 30.671ms
08-05 14:30:57.263 23097 23187 I art     : Starting a blocking GC Explicit
08-05 14:30:57.285 23097 23187 I art     : Explicit concurrent mark sweep GC freed 20(704B) AllocSpace objects, 0(0B) LOS objects, 23% free, 52MB/68MB, paused 429us total 21.403ms
08-05 14:30:57.294 23097 23187 I art     : Starting a blocking GC Explicit
08-05 14:30:57.315 23097 23187 I art     : Explicit concurrent mark sweep GC freed 3(96B) AllocSpace objects, 0(0B) LOS objects, 23% free, 52MB/68MB, paused 427us total 20.889ms
08-05 14:30:57.323 23097 23187 I art     : Starting a blocking GC Explicit
08-05 14:30:57.345 23097 23187 I art     : Explicit concurrent mark sweep GC freed 3(96B) AllocSpace objects, 0(0B) LOS objects, 23% free, 52MB/68MB, paused 434us total 21.090ms
08-05 14:30:57.354 23097 23187 I art     : Starting a blocking GC Explicit
08-05 14:30:57.375 23097 23187 I art     : Explicit concurrent mark sweep GC freed 3(96B) AllocSpace objects, 0(0B) LOS objects, 23% free, 52MB/68MB, paused 447us total 21.612ms
08-05 14:30:57.672 23097 23109 I art     : Starting a blocking GC Explicit
08-05 14:30:57.695 23097 23109 I art     : Explicit concurrent mark sweep GC freed 1343(78KB) AllocSpace objects, 1(20KB) LOS objects, 23% free, 52MB/68MB, paused 447us total 23.213ms
08-05 14:30:57.704 23097 23109 I art     : Starting a blocking GC Explicit
08-05 14:30:57.724 23097 23109 I art     : Explicit concurrent mark sweep GC freed 20(704B) AllocSpace objects, 0(0B) LOS objects, 23% free, 52MB/68MB, paused 439us total 20.525ms
08-05 14:30:57.733 23097 23109 I art     : Starting a blocking GC Explicit
08-05 14:30:57.753 23097 23109 I art     : Explicit concurrent mark sweep GC freed 3(96B) AllocSpace objects, 0(0B) LOS objects, 23% free, 52MB/68MB, paused 428us total 20.060ms
08-05 14:30:57.762 23097 23109 I art     : Starting a blocking GC Explicit
08-05 14:30:57.782 23097 23109 I art     : Explicit concurrent mark sweep GC freed 3(96B) AllocSpace objects, 0(0B) LOS objects, 23% free, 52MB/68MB, paused 430us total 19.751ms
08-05 14:30:57.790 23097 23109 I art     : Starting a blocking GC Explicit
08-05 14:30:57.810 23097 23109 I art     : Explicit concurrent mark sweep GC freed 3(96B) AllocSpace objects, 0(0B) LOS objects, 23% free, 52MB/68MB, paused 429us total 19.375ms
08-05 14:30:58.091 23097 23187 I art     : Starting a blocking GC Explicit
08-05 14:30:58.092 25504 25504 D AndroidRuntime: >>>>>> START com.android.internal.os.RuntimeInit uid 2000 <<<<<<
08-05 14:30:58.097 25504 25504 D AndroidRuntime: CheckJNI is OFF
08-05 14:30:58.115 23097 23187 I art     : Explicit concurrent mark sweep GC freed 1351(78KB) AllocSpace objects, 1(20KB) LOS objects, 23% free, 52MB/68MB, paused 440us total 23.153ms
08-05 14:30:58.125 23097 23187 I art     : Starting a blocking GC Explicit
08-05 14:30:58.139 25504 25504 D ICU     : No timezone override file found: /data/misc/zoneinfo/current/icu/icu_tzdata.dat
08-05 14:30:58.146 23097 23187 I art     : Explicit concurrent mark sweep GC freed 24(832B) AllocSpace objects, 0(0B) LOS objects, 23% free, 52MB/68MB, paused 434us total 21.201ms
08-05 14:30:58.156 23097 23187 I art     : Starting a blocking GC Explicit
08-05 14:30:58.173 25504 25504 I Radio-JNI: register_android_hardware_Radio DONE
08-05 14:30:58.175 23097 23187 I art     : Explicit concurrent mark sweep GC freed 6(192B) AllocSpace objects, 0(0B) LOS objects, 23% free, 52MB/68MB, paused 464us total 19.132ms
08-05 14:30:58.183 23097 23187 I art     : Starting a blocking GC Explicit
08-05 14:30:58.195 25504 25504 D AndroidRuntime: Calling main entry com.android.commands.input.Input
08-05 14:30:58.197 25504 25504 I Input   : injectMotionEvent: MotionEvent { action=ACTION_DOWN, actionButton=0, id[0]=0, x[0]=756.0, y[0]=1530.0, toolType[0]=TOOL_TYPE_UNKNOWN, buttonState=0, metaState=0, flags=0x0, edgeFlags=0x0, pointerCount=1, historySize=0, eventTime=801074609, downTime=801074609, deviceId=0, source=0x1002 }
08-05 14:30:58.201 25504 25504 I Input   : injectMotionEvent: MotionEvent { action=ACTION_UP, actionButton=0, id[0]=0, x[0]=756.0, y[0]=1530.0, toolType[0]=TOOL_TYPE_UNKNOWN, buttonState=0, metaState=0, flags=0x0, edgeFlags=0x0, pointerCount=1, historySize=0, eventTime=801074609, downTime=801074609, deviceId=0, source=0x1002 }
08-05 14:30:58.202 23097 23187 I art     : Explicit concurrent mark sweep GC freed 7(224B) AllocSpace objects, 0(0B) LOS objects, 23% free, 52MB/68MB, paused 407us total 18.501ms
08-05 14:30:58.203 25504 25504 D AndroidRuntime: Shutting down VM
08-05 14:30:58.211 23097 23187 I art     : Starting a blocking GC Explicit
08-05 14:30:58.216   918  5132 I ActivityManager: START u0 {cmp=baseline.appteam.nith.hillffair/.activities.LeaderBoardActivity} from uid 10675 on display 0
08-05 14:30:58.217   512  2967 D audio_hw_primary: out_set_parameters: enter: usecase(1: low-latency-playback) kvpairs: routing=2
08-05 14:30:58.230   512  2967 D audio_hw_primary: select_devices: out_snd_device(2: speaker) in_snd_device(0: none)
08-05 14:30:58.231   512  2967 D msm8974_platform: platform_send_audio_calibration: sending audio calibration for snd_device(2) acdb_id(15)
08-05 14:30:58.231   512  2967 I soundtrigger: audio_extn_sound_trigger_update_device_status: device 0x2 of type 0 for Event 1
08-05 14:30:58.231 23097 23187 I art     : Explicit concurrent mark sweep GC freed 43(1488B) AllocSpace objects, 0(0B) LOS objects, 23% free, 52MB/68MB, paused 440us total 20.199ms
08-05 14:30:58.243 24817 24817 I ServiceManager: Waiting for service AtCmdFwd...
08-05 14:30:58.244   512  2967 D audio_hw_primary: enable_snd_device: snd_device(2: speaker)
08-05 14:30:58.246   512  2967 D audio_hw_primary: enable_audio_route: apply and update mixer path: low-latency-playback speaker
08-05 14:30:58.307 23097 23097 E RecyclerView: No adapter attached; skipping layout
08-05 14:30:58.310 23097 23097 E RecyclerView: No adapter attached; skipping layout
08-05 14:30:58.324   918   936 I ActivityManager: Displayed baseline.appteam.nith.hillffair/.activities.LeaderBoardActivity: +92ms
08-05 14:30:58.325 13866 13866 I GoogleInputMethodServic: GoogleInputMethodService.onFinishInput():3138 
08-05 14:30:58.326 23097 23097 E RecyclerView: No adapter attached; skipping layout
08-05 14:30:58.326 13866 13866 I GoogleInputMethodServic: GoogleInputMethodService.onStartInput():1808 
08-05 14:30:58.346 23097 23123 D OpenGLRenderer: endAllStagingAnimators on 0x7f7d728c00 (RippleDrawable) with handle 0x7f9a1e9520
08-05 14:30:58.478 23097 23186 I art     : Starting a blocking GC Explicit
08-05 14:30:58.513 23097 23186 I art     : Explicit concurrent mark sweep GC freed 6612(402KB) AllocSpace objects, 1(20KB) LOS objects, 23% free, 52MB/68MB, paused 575us total 34.359ms
08-05 14:30:58.525 23097 23186 I art     : Starting a blocking GC Explicit
08-05 14:30:58.549 23097 23186 I art     : Explicit concurrent mark sweep GC freed 278(12KB) AllocSpace objects, 0(0B) LOS objects, 23% free, 52MB/68MB, paused 584us total 24.029ms
08-05 14:30:58.561 23097 23186 I art     : Starting a blocking GC Explicit
08-05 14:30:58.588 23097 23186 I art     : Explicit concurrent mark sweep GC freed 3(96B) AllocSpace objects, 0(0B) LOS objects, 23% free, 52MB/68MB, paused 592us total 25.794ms
08-05 14:30:58.590   380   380 W SurfaceFlinger: couldn't log to binary event log: overflow.
08-05 14:30:58.597 23097 23186 I art     : Starting a blocking GC Explicit
08-05 14:30:58.619 23097 23186 I art     : Explicit concurrent mark sweep GC freed 3(96B) AllocSpace objects, 0(0B) LOS objects, 23% free, 52MB/68MB, paused 450us total 22.180ms
08-05 14:30:58.628 23097 23186 I art     : Starting a blocking GC Explicit
08-05 14:30:58.647 23097 23186 I art     : Explicit concurrent mark sweep GC freed 3(96B) AllocSpace objects, 0(0B) LOS objects, 23% free, 52MB/68MB, paused 554us total 18.921ms
08-05 14:30:58.788   512  2967 D audio_hw_primary: disable_audio_route: reset and update mixer path: low-latency-playback speaker
08-05 14:30:58.790   512  2967 D audio_hw_primary: disable_snd_device: snd_device(2: speaker)
08-05 14:30:58.799   512  2967 I soundtrigger: audio_extn_sound_trigger_update_device_status: device 0x2 of type 0 for Event 0
08-05 14:30:58.937 23097 23186 I art     : Starting a blocking GC Explicit
08-05 14:30:58.959 23097 23186 I art     : Explicit concurrent mark sweep GC freed 1490(86KB) AllocSpace objects, 1(20KB) LOS objects, 23% free, 52MB/68MB, paused 493us total 21.899ms
08-05 14:30:58.968 23097 23186 I art     : Starting a blocking GC Explicit
08-05 14:30:58.990 23097 23186 I art     : Explicit concurrent mark sweep GC freed 74(2496B) AllocSpace objects, 0(0B) LOS objects, 23% free, 52MB/68MB, paused 483us total 21.445ms
08-05 14:30:58.999 23097 23186 I art     : Starting a blocking GC Explicit
08-05 14:30:59.020 23097 23186 I art     : Explicit concurrent mark sweep GC freed 13(480B) AllocSpace objects, 0(0B) LOS objects, 23% free, 52MB/68MB, paused 452us total 20.759ms
08-05 14:30:59.029 23097 23186 I art     : Starting a blocking GC Explicit
08-05 14:30:59.050 23097 23186 I art     : Explicit concurrent mark sweep GC freed 698(57KB) AllocSpace objects, 2(120KB) LOS objects, 23% free, 53MB/69MB, paused 651us total 21.396ms
08-05 14:30:59.059 23097 23186 I art     : Starting a blocking GC Explicit
08-05 14:30:59.078 23097 25527 D OkHttp  : --> GET https://api-hillfair-2k16.herokuapp.com/api/app/quiz/leaderboard?from=1 http/1.1
08-05 14:30:59.081 23097 23186 I art     : Explicit concurrent mark sweep GC freed 2104(82KB) AllocSpace objects, 0(0B) LOS objects, 23% free, 53MB/69MB, paused 535us total 21.661ms
08-05 14:30:59.120 23097 25527 D OkHttp  : <-- 200 OK https://api-hillfair-2k16.herokuapp.com/api/app/quiz/leaderboard?from=1 (41ms, 56744-byte body)
08-05 14:30:59.203 23097 23097 I NAPPA_EXPERIMENTATION: MetricNetworkRequestExecutionTime: REQUEST_DURATION_SYSTEM='936',REQUEST_DURATION_OKHTTP='42',REQUEST_SYNCHRONOUS='FALSE',RESPONSE_CODE='200',RESPONSE_METHOD='GET',RESPONSE_LENGTH_OKHTTP='56744',RESPONSE_LENGTH_HEADER='56744',REQUEST_PROTOCOL='http/1.1',REQUEST_URL='https://api-hillfair-2k16.herokuapp.com/api/app/quiz/leaderboard?from=1',
08-05 14:30:59.244 24817 24817 I ServiceManager: Waiting for service AtCmdFwd...
08-05 14:30:59.348 23097 23109 I art     : Starting a blocking GC Explicit
08-05 14:30:59.378 23097 23109 I art     : Explicit concurrent mark sweep GC freed 28427(1419KB) AllocSpace objects, 2(100KB) LOS objects, 23% free, 53MB/69MB, paused 566us total 30.187ms
08-05 14:30:59.387 23097 23109 I art     : Starting a blocking GC Explicit
08-05 14:30:59.409 23097 23109 I art     : Explicit concurrent mark sweep GC freed 139(7KB) AllocSpace objects, 0(0B) LOS objects, 23% free, 53MB/69MB, paused 452us total 22.136ms
08-05 14:30:59.418 23097 23109 I art     : Starting a blocking GC Explicit
08-05 14:30:59.440 23097 23109 I art     : Explicit concurrent mark sweep GC freed 3(96B) AllocSpace objects, 0(0B) LOS objects, 23% free, 53MB/69MB, paused 459us total 22.016ms
08-05 14:30:59.449 23097 23109 I art     : Starting a blocking GC Explicit
08-05 14:30:59.472 23097 23109 I art     : Explicit concurrent mark sweep GC freed 3(96B) AllocSpace objects, 0(0B) LOS objects, 23% free, 53MB/69MB, paused 459us total 22.668ms
08-05 14:30:59.481 23097 23109 I art     : Starting a blocking GC Explicit
08-05 14:30:59.504 23097 23109 I art     : Explicit concurrent mark sweep GC freed 3(96B) AllocSpace objects, 0(0B) LOS objects, 23% free, 53MB/69MB, paused 466us total 23.139ms
08-05 14:30:59.791 23097 23187 I art     : Starting a blocking GC Explicit
08-05 14:30:59.820 23097 23187 I art     : Explicit concurrent mark sweep GC freed 1344(78KB) AllocSpace objects, 1(20KB) LOS objects, 23% free, 53MB/69MB, paused 517us total 28.744ms
08-05 14:30:59.831 23097 23187 I art     : Starting a blocking GC Explicit
08-05 14:30:59.855 23097 23187 I art     : Explicit concurrent mark sweep GC freed 20(704B) AllocSpace objects, 0(0B) LOS objects, 23% free, 53MB/69MB, paused 471us total 23.626ms
08-05 14:30:59.864 23097 23187 I art     : Starting a blocking GC Explicit
08-05 14:30:59.887 23097 23187 I art     : Explicit concurrent mark sweep GC freed 3(96B) AllocSpace objects, 0(0B) LOS objects, 23% free, 53MB/69MB, paused 467us total 23.203ms
08-05 14:30:59.896 23097 23187 I art     : Starting a blocking GC Explicit
08-05 14:30:59.920 23097 23187 I art     : Explicit concurrent mark sweep GC freed 3(96B) AllocSpace objects, 0(0B) LOS objects, 23% free, 53MB/69MB, paused 455us total 23.351ms
08-05 14:30:59.929 23097 23187 I art     : Starting a blocking GC Explicit
08-05 14:30:59.953 23097 23187 I art     : Explicit concurrent mark sweep GC freed 3(96B) AllocSpace objects, 0(0B) LOS objects, 23% free, 53MB/69MB, paused 485us total 23.382ms
08-05 14:31:00.230 23097 23110 I art     : Starting a blocking GC Explicit
08-05 14:31:00.244 24817 24817 I ServiceManager: Waiting for service AtCmdFwd...
08-05 14:31:00.261 23097 23110 I art     : Explicit concurrent mark sweep GC freed 1344(78KB) AllocSpace objects, 1(20KB) LOS objects, 23% free, 53MB/69MB, paused 514us total 30.168ms
08-05 14:31:00.272 23097 23110 I art     : Starting a blocking GC Explicit
08-05 14:31:00.296 23097 23110 I art     : Explicit concurrent mark sweep GC freed 20(704B) AllocSpace objects, 0(0B) LOS objects, 23% free, 53MB/69MB, paused 475us total 23.237ms
08-05 14:31:00.305 23097 23110 I art     : Starting a blocking GC Explicit
08-05 14:31:00.328 23097 23110 I art     : Explicit concurrent mark sweep GC freed 3(96B) AllocSpace objects, 0(0B) LOS objects, 23% free, 53MB/69MB, paused 461us total 23.147ms
08-05 14:31:00.337 23097 23110 I art     : Starting a blocking GC Explicit
08-05 14:31:00.361 23097 23110 I art     : Explicit concurrent mark sweep GC freed 3(96B) AllocSpace objects, 0(0B) LOS objects, 23% free, 53MB/69MB, paused 474us total 23.244ms
08-05 14:31:00.370 23097 23110 I art     : Starting a blocking GC Explicit
08-05 14:31:00.394 23097 23110 I art     : Explicit concurrent mark sweep GC freed 3(96B) AllocSpace objects, 0(0B) LOS objects, 23% free, 53MB/69MB, paused 477us total 23.388ms
08-05 14:31:00.725 23097 23186 I art     : Starting a blocking GC Explicit
08-05 14:31:00.757 23097 23186 I art     : Explicit concurrent mark sweep GC freed 1344(78KB) AllocSpace objects, 1(20KB) LOS objects, 23% free, 53MB/69MB, paused 534us total 31.924ms
08-05 14:31:00.769 23097 23186 I art     : Starting a blocking GC Explicit
08-05 14:31:00.793 23097 23186 I art     : Explicit concurrent mark sweep GC freed 20(704B) AllocSpace objects, 0(0B) LOS objects, 23% free, 53MB/69MB, paused 474us total 23.634ms
08-05 14:31:00.802 23097 23186 I art     : Starting a blocking GC Explicit
08-05 14:31:00.826 23097 23186 I art     : Explicit concurrent mark sweep GC freed 3(96B) AllocSpace objects, 0(0B) LOS objects, 23% free, 53MB/69MB, paused 466us total 23.751ms
08-05 14:31:00.835 23097 23186 I art     : Starting a blocking GC Explicit
08-05 14:31:00.859 23097 23186 I art     : Explicit concurrent mark sweep GC freed 3(96B) AllocSpace objects, 0(0B) LOS objects, 23% free, 53MB/69MB, paused 475us total 23.535ms
08-05 14:31:00.868 23097 23186 I art     : Starting a blocking GC Explicit
08-05 14:31:00.892 23097 23186 I art     : Explicit concurrent mark sweep GC freed 3(96B) AllocSpace objects, 0(0B) LOS objects, 23% free, 53MB/69MB, paused 467us total 23.438ms
08-05 14:31:01.224 23097 23109 I art     : Starting a blocking GC Explicit
08-05 14:31:01.245 24817 24817 I ServiceManager: Waiting for service AtCmdFwd...
08-05 14:31:01.259 23097 23109 I art     : Explicit concurrent mark sweep GC freed 1344(78KB) AllocSpace objects, 1(20KB) LOS objects, 23% free, 53MB/69MB, paused 604us total 34.902ms
08-05 14:31:01.272 23097 23109 I art     : Starting a blocking GC Explicit
08-05 14:31:01.297 23097 23109 I art     : Explicit concurrent mark sweep GC freed 20(704B) AllocSpace objects, 0(0B) LOS objects, 23% free, 53MB/69MB, paused 498us total 24.161ms
08-05 14:31:01.306 23097 23109 I art     : Starting a blocking GC Explicit
08-05 14:31:01.329 23097 23109 I art     : Explicit concurrent mark sweep GC freed 3(96B) AllocSpace objects, 0(0B) LOS objects, 23% free, 53MB/69MB, paused 469us total 23.394ms
08-05 14:31:01.339 23097 23109 I art     : Starting a blocking GC Explicit
08-05 14:31:01.362 23097 23109 I art     : Explicit concurrent mark sweep GC freed 3(96B) AllocSpace objects, 0(0B) LOS objects, 23% free, 53MB/69MB, paused 467us total 23.327ms
08-05 14:31:01.371 23097 23109 I art     : Starting a blocking GC Explicit
08-05 14:31:01.395 23097 23109 I art     : Explicit concurrent mark sweep GC freed 3(96B) AllocSpace objects, 0(0B) LOS objects, 23% free, 53MB/69MB, paused 448us total 23.184ms
08-05 14:31:01.732 23097 23187 I art     : Starting a blocking GC Explicit
08-05 14:31:01.765 23097 23187 I art     : Explicit concurrent mark sweep GC freed 1344(78KB) AllocSpace objects, 1(20KB) LOS objects, 23% free, 53MB/69MB, paused 515us total 32.852ms
08-05 14:31:01.777 23097 23187 I art     : Starting a blocking GC Explicit
08-05 14:31:01.800 23097 23187 I art     : Explicit concurrent mark sweep GC freed 20(704B) AllocSpace objects, 0(0B) LOS objects, 23% free, 53MB/69MB, paused 450us total 23.087ms
08-05 14:31:01.809 23097 23187 I art     : Starting a blocking GC Explicit
08-05 14:31:01.833 23097 23187 I art     : Explicit concurrent mark sweep GC freed 3(96B) AllocSpace objects, 0(0B) LOS objects, 23% free, 53MB/69MB, paused 475us total 23.495ms
08-05 14:31:01.842 23097 23187 I art     : Starting a blocking GC Explicit
08-05 14:31:01.866 23097 23187 I art     : Explicit concurrent mark sweep GC freed 3(96B) AllocSpace objects, 0(0B) LOS objects, 23% free, 53MB/69MB, paused 492us total 23.327ms
08-05 14:31:01.875 23097 23187 I art     : Starting a blocking GC Explicit
08-05 14:31:01.899 23097 23187 I art     : Explicit concurrent mark sweep GC freed 3(96B) AllocSpace objects, 0(0B) LOS objects, 23% free, 53MB/69MB, paused 469us total 23.542ms
08-05 14:31:02.221 23097 23110 I art     : Starting a blocking GC Explicit
08-05 14:31:02.245 24817 24817 I ServiceManager: Waiting for service AtCmdFwd...
08-05 14:31:02.248 23097 23110 I art     : Explicit concurrent mark sweep GC freed 1344(78KB) AllocSpace objects, 1(20KB) LOS objects, 23% free, 53MB/69MB, paused 501us total 27.203ms
08-05 14:31:02.257 23097 23110 I art     : Starting a blocking GC Explicit
08-05 14:31:02.281 23097 23110 I art     : Explicit concurrent mark sweep GC freed 20(704B) AllocSpace objects, 0(0B) LOS objects, 23% free, 53MB/69MB, paused 477us total 23.208ms
08-05 14:31:02.290 23097 23110 I art     : Starting a blocking GC Explicit
08-05 14:31:02.312 23097 23110 I art     : Explicit concurrent mark sweep GC freed 3(96B) AllocSpace objects, 0(0B) LOS objects, 23% free, 53MB/69MB, paused 532us total 22.596ms
08-05 14:31:02.321 23097 23110 I art     : Starting a blocking GC Explicit
08-05 14:31:02.343 23097 23110 I art     : Explicit concurrent mark sweep GC freed 3(96B) AllocSpace objects, 0(0B) LOS objects, 23% free, 53MB/69MB, paused 488us total 21.633ms
08-05 14:31:02.352 23097 23110 I art     : Starting a blocking GC Explicit
08-05 14:31:02.374 23097 23110 I art     : Explicit concurrent mark sweep GC freed 3(96B) AllocSpace objects, 0(0B) LOS objects, 23% free, 53MB/69MB, paused 464us total 22.576ms
08-05 14:31:02.637 23097 23186 I art     : Starting a blocking GC Explicit
08-05 14:31:02.660 23097 23186 I art     : Explicit concurrent mark sweep GC freed 1344(78KB) AllocSpace objects, 1(20KB) LOS objects, 23% free, 53MB/69MB, paused 486us total 23.326ms
08-05 14:31:02.669 23097 23186 I art     : Starting a blocking GC Explicit
08-05 14:31:02.693 23097 23186 I art     : Explicit concurrent mark sweep GC freed 20(704B) AllocSpace objects, 0(0B) LOS objects, 23% free, 53MB/69MB, paused 484us total 23.305ms
08-05 14:31:02.702 23097 23186 I art     : Starting a blocking GC Explicit
08-05 14:31:02.725 23097 23186 I art     : Explicit concurrent mark sweep GC freed 3(96B) AllocSpace objects, 0(0B) LOS objects, 23% free, 53MB/69MB, paused 482us total 22.414ms
08-05 14:31:02.733 23097 23186 I art     : Starting a blocking GC Explicit
08-05 14:31:02.756 23097 23186 I art     : Explicit concurrent mark sweep GC freed 3(96B) AllocSpace objects, 0(0B) LOS objects, 23% free, 53MB/69MB, paused 517us total 22.134ms
08-05 14:31:02.765 23097 23186 I art     : Starting a blocking GC Explicit
08-05 14:31:02.787 23097 23186 I art     : Explicit concurrent mark sweep GC freed 3(96B) AllocSpace objects, 0(0B) LOS objects, 23% free, 53MB/69MB, paused 498us total 22.514ms
08-05 14:31:02.905 25621 25621 D AndroidRuntime: >>>>>> START com.android.internal.os.RuntimeInit uid 2000 <<<<<<
08-05 14:31:02.913 25621 25621 D AndroidRuntime: CheckJNI is OFF
08-05 14:31:02.951 25621 25621 D ICU     : No timezone override file found: /data/misc/zoneinfo/current/icu/icu_tzdata.dat
08-05 14:31:02.985 25621 25621 I Radio-JNI: register_android_hardware_Radio DONE
08-05 14:31:03.007 25621 25621 D AndroidRuntime: Calling main entry com.android.commands.input.Input
08-05 14:31:03.009 25621 25621 I Input   : injectKeyEvent: KeyEvent { action=ACTION_DOWN, keyCode=KEYCODE_BACK, scanCode=0, metaState=0, flags=0x0, repeatCount=0, eventTime=801079422, downTime=801079422, deviceId=-1, source=0x101 }
08-05 14:31:03.018 25621 25621 I Input   : injectKeyEvent: KeyEvent { action=ACTION_UP, keyCode=KEYCODE_BACK, scanCode=0, metaState=0, flags=0x0, repeatCount=0, eventTime=801079422, downTime=801079422, deviceId=-1, source=0x101 }
08-05 14:31:03.025 25621 25621 D AndroidRuntime: Shutting down VM
08-05 14:31:03.069 13866 13866 I GoogleInputMethodServic: GoogleInputMethodService.onFinishInput():3138 
08-05 14:31:03.070 13866 13866 I GoogleInputMethodServic: GoogleInputMethodService.onStartInput():1808 
08-05 14:31:03.080 23097 23109 I art     : Starting a blocking GC Explicit
08-05 14:31:03.104 23097 23109 I art     : Explicit concurrent mark sweep GC freed 1481(84KB) AllocSpace objects, 1(20KB) LOS objects, 23% free, 53MB/69MB, paused 537us total 23.197ms
08-05 14:31:03.114 23097 23109 I art     : Starting a blocking GC Explicit
08-05 14:31:03.133 23097 23109 I art     : Explicit concurrent mark sweep GC freed 27(960B) AllocSpace objects, 0(0B) LOS objects, 23% free, 53MB/69MB, paused 454us total 19.572ms
08-05 14:31:03.142 23097 23109 I art     : Starting a blocking GC Explicit
08-05 14:31:03.162 23097 23109 I art     : Explicit concurrent mark sweep GC freed 3(96B) AllocSpace objects, 0(0B) LOS objects, 23% free, 53MB/69MB, paused 410us total 20.127ms
08-05 14:31:03.170 23097 23109 I art     : Starting a blocking GC Explicit
08-05 14:31:03.190 23097 23109 I art     : Explicit concurrent mark sweep GC freed 3(96B) AllocSpace objects, 0(0B) LOS objects, 23% free, 53MB/69MB, paused 407us total 19.661ms
08-05 14:31:03.198 23097 23109 I art     : Starting a blocking GC Explicit
08-05 14:31:03.219 23097 23109 I art     : Explicit concurrent mark sweep GC freed 3(96B) AllocSpace objects, 0(0B) LOS objects, 23% free, 53MB/69MB, paused 448us total 20.773ms
08-05 14:31:03.246 24817 24817 W Atfwd_Sendcmd: AtCmdFwd service not published, waiting... retryCnt : 3
08-05 14:31:03.354   380   380 W SurfaceFlinger: couldn't log to binary event log: overflow.
08-05 14:31:03.483 23097 23186 I art     : Starting a blocking GC Explicit
08-05 14:31:03.505 23097 23186 I art     : Explicit concurrent mark sweep GC freed 1463(87KB) AllocSpace objects, 1(20KB) LOS objects, 23% free, 53MB/69MB, paused 461us total 21.970ms
08-05 14:31:03.513 23097 23186 I art     : Starting a blocking GC Explicit
08-05 14:31:03.535 23097 23186 I art     : Explicit concurrent mark sweep GC freed 4698(269KB) AllocSpace objects, 2(140KB) LOS objects, 23% free, 52MB/68MB, paused 462us total 22.105ms
08-05 14:31:03.544 23097 23186 I art     : Starting a blocking GC Explicit
08-05 14:31:03.565 23097 23186 I art     : Explicit concurrent mark sweep GC freed 3(96B) AllocSpace objects, 0(0B) LOS objects, 23% free, 52MB/68MB, paused 526us total 20.908ms
08-05 14:31:03.574 23097 23186 I art     : Starting a blocking GC Explicit
08-05 14:31:03.594 23097 23186 I art     : Explicit concurrent mark sweep GC freed 3(96B) AllocSpace objects, 0(0B) LOS objects, 23% free, 52MB/68MB, paused 468us total 20.524ms
08-05 14:31:03.603 23097 23186 I art     : Starting a blocking GC Explicit
08-05 14:31:03.624 23097 23186 I art     : Explicit concurrent mark sweep GC freed 3(96B) AllocSpace objects, 0(0B) LOS objects, 23% free, 52MB/68MB, paused 463us total 20.823ms
08-05 14:31:03.910 23097 23110 I art     : Starting a blocking GC Explicit
08-05 14:31:03.937 23097 23110 I art     : Explicit concurrent mark sweep GC freed 1344(78KB) AllocSpace objects, 1(20KB) LOS objects, 23% free, 52MB/68MB, paused 516us total 26.295ms
08-05 14:31:03.948 23097 23110 I art     : Starting a blocking GC Explicit
08-05 14:31:03.970 23097 23110 I art     : Explicit concurrent mark sweep GC freed 20(704B) AllocSpace objects, 0(0B) LOS objects, 23% free, 52MB/68MB, paused 478us total 21.714ms
08-05 14:31:03.979 23097 23110 I art     : Starting a blocking GC Explicit
08-05 14:31:04.001 23097 23110 I art     : Explicit concurrent mark sweep GC freed 3(96B) AllocSpace objects, 0(0B) LOS objects, 23% free, 52MB/68MB, paused 458us total 22.007ms
08-05 14:31:04.010 23097 23110 I art     : Starting a blocking GC Explicit
08-05 14:31:04.032 23097 23110 I art     : Explicit concurrent mark sweep GC freed 3(96B) AllocSpace objects, 0(0B) LOS objects, 23% free, 52MB/68MB, paused 433us total 21.653ms
08-05 14:31:04.041 23097 23110 I art     : Starting a blocking GC Explicit
08-05 14:31:04.060 23097 23110 I art     : Explicit concurrent mark sweep GC freed 3(96B) AllocSpace objects, 0(0B) LOS objects, 23% free, 52MB/68MB, paused 443us total 19.420ms
08-05 14:31:04.331 23097 23187 I art     : Starting a blocking GC Explicit
08-05 14:31:04.353 23097 23187 I art     : Explicit concurrent mark sweep GC freed 1343(78KB) AllocSpace objects, 1(20KB) LOS objects, 23% free, 52MB/68MB, paused 462us total 21.596ms
08-05 14:31:04.361 23097 23187 I art     : Starting a blocking GC Explicit
08-05 14:31:04.382 23097 23187 I art     : Explicit concurrent mark sweep GC freed 20(704B) AllocSpace objects, 0(0B) LOS objects, 23% free, 52MB/68MB, paused 510us total 20.837ms
08-05 14:31:04.391 23097 23187 I art     : Starting a blocking GC Explicit
08-05 14:31:04.411 23097 23187 I art     : Explicit concurrent mark sweep GC freed 3(96B) AllocSpace objects, 0(0B) LOS objects, 23% free, 52MB/68MB, paused 450us total 19.767ms
08-05 14:31:04.419 23097 23187 I art     : Starting a blocking GC Explicit
08-05 14:31:04.439 23097 23187 I art     : Explicit concurrent mark sweep GC freed 3(96B) AllocSpace objects, 0(0B) LOS objects, 23% free, 52MB/68MB, paused 459us total 20.031ms
08-05 14:31:04.448 23097 23187 I art     : Starting a blocking GC Explicit
08-05 14:31:04.469 23097 23187 I art     : Explicit concurrent mark sweep GC freed 3(96B) AllocSpace objects, 0(0B) LOS objects, 23% free, 52MB/68MB, paused 529us total 20.685ms
08-05 14:31:04.683 25680 25680 D AndroidRuntime: >>>>>> START com.android.internal.os.RuntimeInit uid 2000 <<<<<<
08-05 14:31:04.688 25680 25680 D AndroidRuntime: CheckJNI is OFF
08-05 14:31:04.719 25680 25680 D ICU     : No timezone override file found: /data/misc/zoneinfo/current/icu/icu_tzdata.dat
08-05 14:31:04.751 25680 25680 I Radio-JNI: register_android_hardware_Radio DONE
08-05 14:31:04.757 23097 23109 I art     : Starting a blocking GC Explicit
08-05 14:31:04.774 25680 25680 D AndroidRuntime: Calling main entry com.android.commands.input.Input
08-05 14:31:04.775 25680 25680 I Input   : injectKeyEvent: KeyEvent { action=ACTION_DOWN, keyCode=KEYCODE_BACK, scanCode=0, metaState=0, flags=0x0, repeatCount=0, eventTime=801081188, downTime=801081188, deviceId=-1, source=0x101 }
08-05 14:31:04.782 25680 25680 I Input   : injectKeyEvent: KeyEvent { action=ACTION_UP, keyCode=KEYCODE_BACK, scanCode=0, metaState=0, flags=0x0, repeatCount=0, eventTime=801081188, downTime=801081188, deviceId=-1, source=0x101 }
08-05 14:31:04.783 23097 23109 I art     : Explicit concurrent mark sweep GC freed 1360(78KB) AllocSpace objects, 1(20KB) LOS objects, 23% free, 52MB/68MB, paused 538us total 25.459ms
08-05 14:31:04.786 25680 25680 D AndroidRuntime: Shutting down VM
08-05 14:31:04.792 23097 23109 I art     : Starting a blocking GC Explicit
08-05 14:31:04.812 23097 23109 I art     : Explicit concurrent mark sweep GC freed 158(7KB) AllocSpace objects, 0(0B) LOS objects, 23% free, 52MB/68MB, paused 438us total 20.090ms
08-05 14:31:04.820 23097 23109 I art     : Starting a blocking GC Explicit
08-05 14:31:04.839 23097 23109 I art     : Explicit concurrent mark sweep GC freed 11(352B) AllocSpace objects, 0(0B) LOS objects, 23% free, 52MB/68MB, paused 425us total 18.804ms
08-05 14:31:04.841 23097 23108 I art     : WaitForGcToComplete blocked for 20.788ms for cause HeapTrim
08-05 14:31:04.847 23097 23109 I art     : Starting a blocking GC Explicit
08-05 14:31:04.865 13866 13866 I GoogleInputMethodServic: GoogleInputMethodService.onFinishInput():3138 
08-05 14:31:04.865 13866 13866 I GoogleInputMethodServic: GoogleInputMethodService.onStartInput():1808 
08-05 14:31:04.870 23097 23109 I art     : Explicit concurrent mark sweep GC freed 34(1136B) AllocSpace objects, 0(0B) LOS objects, 23% free, 52MB/68MB, paused 600us total 21.947ms
08-05 14:31:04.878 23097 23109 I art     : Starting a blocking GC Explicit
08-05 14:31:04.896 23097 23109 I art     : Explicit concurrent mark sweep GC freed 29(1056B) AllocSpace objects, 0(0B) LOS objects, 23% free, 52MB/68MB, paused 416us total 17.920ms
08-05 14:31:05.152 23097 23186 I art     : Starting a blocking GC Explicit
08-05 14:31:05.156   380   380 W SurfaceFlinger: couldn't log to binary event log: overflow.
08-05 14:31:05.173 23097 23186 I art     : Explicit concurrent mark sweep GC freed 1464(87KB) AllocSpace objects, 1(20KB) LOS objects, 23% free, 52MB/68MB, paused 544us total 21.526ms
08-05 14:31:05.181 23097 23186 I art     : Starting a blocking GC Explicit
08-05 14:31:05.201 23097 23186 I art     : Explicit concurrent mark sweep GC freed 132(6KB) AllocSpace objects, 0(0B) LOS objects, 23% free, 52MB/68MB, paused 453us total 19.492ms
08-05 14:31:05.209 23097 23186 I art     : Starting a blocking GC Explicit
08-05 14:31:05.229 23097 23186 I art     : Explicit concurrent mark sweep GC freed 1968(116KB) AllocSpace objects, 3(340KB) LOS objects, 23% free, 52MB/68MB, paused 452us total 19.946ms
08-05 14:31:05.238 23097 23186 I art     : Starting a blocking GC Explicit
08-05 14:31:05.257 23097 23186 I art     : Explicit concurrent mark sweep GC freed 3(96B) AllocSpace objects, 0(0B) LOS objects, 23% free, 52MB/68MB, paused 479us total 19.760ms
08-05 14:31:05.266 23097 23186 I art     : Starting a blocking GC Explicit
08-05 14:31:05.286 23097 23186 I art     : Explicit concurrent mark sweep GC freed 3(96B) AllocSpace objects, 0(0B) LOS objects, 23% free, 52MB/68MB, paused 466us total 20.168ms
08-05 14:31:05.580 23097 23187 I art     : Starting a blocking GC Explicit
08-05 14:31:05.605 23097 23187 I art     : Explicit concurrent mark sweep GC freed 1343(78KB) AllocSpace objects, 1(20KB) LOS objects, 23% free, 52MB/68MB, paused 464us total 24.967ms
08-05 14:31:05.614 23097 23187 I art     : Starting a blocking GC Explicit
08-05 14:31:05.635 23097 23187 I art     : Explicit concurrent mark sweep GC freed 20(704B) AllocSpace objects, 0(0B) LOS objects, 23% free, 52MB/68MB, paused 458us total 20.997ms
08-05 14:31:05.644 23097 23187 I art     : Starting a blocking GC Explicit
08-05 14:31:05.665 23097 23187 I art     : Explicit concurrent mark sweep GC freed 3(96B) AllocSpace objects, 0(0B) LOS objects, 23% free, 52MB/68MB, paused 465us total 20.757ms
08-05 14:31:05.673 23097 23187 I art     : Starting a blocking GC Explicit
08-05 14:31:05.695 23097 23187 I art     : Explicit concurrent mark sweep GC freed 3(96B) AllocSpace objects, 0(0B) LOS objects, 23% free, 52MB/68MB, paused 440us total 20.986ms
08-05 14:31:05.704 23097 23187 I art     : Starting a blocking GC Explicit
08-05 14:31:05.725 23097 23187 I art     : Explicit concurrent mark sweep GC freed 3(96B) AllocSpace objects, 0(0B) LOS objects, 23% free, 52MB/68MB, paused 464us total 21.223ms
08-05 14:31:06.017 23097 23110 I art     : Starting a blocking GC Explicit
08-05 14:31:06.037 23097 23110 I art     : Explicit concurrent mark sweep GC freed 1341(78KB) AllocSpace objects, 1(20KB) LOS objects, 23% free, 52MB/68MB, paused 489us total 20.645ms
08-05 14:31:06.046 23097 23110 I art     : Starting a blocking GC Explicit
08-05 14:31:06.067 23097 23110 I art     : Explicit concurrent mark sweep GC freed 20(704B) AllocSpace objects, 0(0B) LOS objects, 23% free, 52MB/68MB, paused 517us total 20.058ms
08-05 14:31:06.075 23097 23110 I art     : Starting a blocking GC Explicit
08-05 14:31:06.095 23097 23110 I art     : Explicit concurrent mark sweep GC freed 3(96B) AllocSpace objects, 0(0B) LOS objects, 23% free, 52MB/68MB, paused 468us total 19.472ms
08-05 14:31:06.103 23097 23110 I art     : Starting a blocking GC Explicit
08-05 14:31:06.123 23097 23110 I art     : Explicit concurrent mark sweep GC freed 3(96B) AllocSpace objects, 0(0B) LOS objects, 23% free, 52MB/68MB, paused 482us total 20.045ms
08-05 14:31:06.131 23097 23110 I art     : Starting a blocking GC Explicit
08-05 14:31:06.151 23097 23110 I art     : Explicit concurrent mark sweep GC freed 3(96B) AllocSpace objects, 0(0B) LOS objects, 23% free, 52MB/68MB, paused 479us total 19.682ms
08-05 14:31:06.426 23097 23109 I art     : Starting a blocking GC Explicit
08-05 14:31:06.447 23097 23109 I art     : Explicit concurrent mark sweep GC freed 1354(78KB) AllocSpace objects, 1(20KB) LOS objects, 23% free, 52MB/68MB, paused 606us total 21.429ms
08-05 14:31:06.448 25738 25738 D AndroidRuntime: >>>>>> START com.android.internal.os.RuntimeInit uid 2000 <<<<<<
08-05 14:31:06.453 25738 25738 D AndroidRuntime: CheckJNI is OFF
08-05 14:31:06.456 23097 23109 I art     : Starting a blocking GC Explicit
08-05 14:31:06.477 23097 23109 I art     : Explicit concurrent mark sweep GC freed 34(1136B) AllocSpace objects, 0(0B) LOS objects, 23% free, 52MB/68MB, paused 605us total 20.567ms
08-05 14:31:06.486 23097 23109 I art     : Starting a blocking GC Explicit
08-05 14:31:06.492 25738 25738 D ICU     : No timezone override file found: /data/misc/zoneinfo/current/icu/icu_tzdata.dat
08-05 14:31:06.505 23097 23109 I art     : Explicit concurrent mark sweep GC freed 3(96B) AllocSpace objects, 0(0B) LOS objects, 23% free, 52MB/68MB, paused 437us total 19.374ms
08-05 14:31:06.514 23097 23109 I art     : Starting a blocking GC Explicit
08-05 14:31:06.528 25738 25738 I Radio-JNI: register_android_hardware_Radio DONE
08-05 14:31:06.533 23097 23109 I art     : Explicit concurrent mark sweep GC freed 3(96B) AllocSpace objects, 0(0B) LOS objects, 23% free, 52MB/68MB, paused 480us total 19.273ms
08-05 14:31:06.541 23097 23109 I art     : Starting a blocking GC Explicit
08-05 14:31:06.550 25738 25738 D AndroidRuntime: Calling main entry com.android.commands.input.Input
08-05 14:31:06.552 25738 25738 I Input   : injectMotionEvent: MotionEvent { action=ACTION_DOWN, actionButton=0, id[0]=0, x[0]=1053.0, y[0]=1173.0, toolType[0]=TOOL_TYPE_UNKNOWN, buttonState=0, metaState=0, flags=0x0, edgeFlags=0x0, pointerCount=1, historySize=0, eventTime=801082965, downTime=801082965, deviceId=0, source=0x1002 }
08-05 14:31:06.558 25738 25738 I Input   : injectMotionEvent: MotionEvent { action=ACTION_UP, actionButton=0, id[0]=0, x[0]=1053.0, y[0]=1173.0, toolType[0]=TOOL_TYPE_UNKNOWN, buttonState=0, metaState=0, flags=0x0, edgeFlags=0x0, pointerCount=1, historySize=0, eventTime=801082965, downTime=801082965, deviceId=0, source=0x1002 }
08-05 14:31:06.560   918  5481 I ActivityManager: START u0 {cmp=baseline.appteam.nith.hillffair/.activities.QuizActivity} from uid 10675 on display 0
08-05 14:31:06.561 23097 23109 I art     : Explicit concurrent mark sweep GC freed 6(192B) AllocSpace objects, 0(0B) LOS objects, 23% free, 52MB/68MB, paused 612us total 19.329ms
08-05 14:31:06.569 25738 25738 D AndroidRuntime: Shutting down VM
08-05 14:31:06.646 13866 13866 I GoogleInputMethodServic: GoogleInputMethodService.onFinishInput():3138 
08-05 14:31:06.646   918   936 I ActivityManager: Displayed baseline.appteam.nith.hillffair/.activities.QuizActivity: +77ms
08-05 14:31:06.647 13866 13866 I GoogleInputMethodServic: GoogleInputMethodService.onStartInput():1808 
08-05 14:31:06.830 23097 23109 I art     : Starting a blocking GC Explicit
08-05 14:31:06.855 23097 23109 I art     : Explicit concurrent mark sweep GC freed 2154(133KB) AllocSpace objects, 1(20KB) LOS objects, 23% free, 52MB/68MB, paused 457us total 25.482ms
08-05 14:31:06.867 23097 23109 I art     : Starting a blocking GC Explicit
08-05 14:31:06.892   380   380 W SurfaceFlinger: couldn't log to binary event log: overflow.
08-05 14:31:06.895 23097 23109 I art     : Explicit concurrent mark sweep GC freed 185(8KB) AllocSpace objects, 0(0B) LOS objects, 23% free, 52MB/68MB, paused 470us total 28.139ms
08-05 14:31:06.907 23097 23109 I art     : Starting a blocking GC Explicit
08-05 14:31:06.925 23097 23109 I art     : Explicit concurrent mark sweep GC freed 3(96B) AllocSpace objects, 0(0B) LOS objects, 23% free, 52MB/68MB, paused 474us total 18.521ms
08-05 14:31:06.933 23097 23109 I art     : Starting a blocking GC Explicit
08-05 14:31:06.952 23097 23109 I art     : Explicit concurrent mark sweep GC freed 3(96B) AllocSpace objects, 0(0B) LOS objects, 23% free, 52MB/68MB, paused 389us total 18.113ms
08-05 14:31:06.960 23097 23109 I art     : Starting a blocking GC Explicit
08-05 14:31:06.978 23097 23109 I art     : Explicit concurrent mark sweep GC freed 3(96B) AllocSpace objects, 0(0B) LOS objects, 23% free, 52MB/68MB, paused 456us total 18.328ms
08-05 14:31:07.267 23097 23109 I art     : Starting a blocking GC Explicit
08-05 14:31:07.294 23097 23109 I art     : Explicit concurrent mark sweep GC freed 1413(82KB) AllocSpace objects, 1(20KB) LOS objects, 23% free, 52MB/68MB, paused 478us total 26.689ms
08-05 14:31:07.306 23097 23109 I art     : Starting a blocking GC Explicit
08-05 14:31:07.328 23097 23109 I art     : Explicit concurrent mark sweep GC freed 20(704B) AllocSpace objects, 0(0B) LOS objects, 23% free, 52MB/68MB, paused 447us total 21.589ms
08-05 14:31:07.337 23097 23109 I art     : Starting a blocking GC Explicit
08-05 14:31:07.358 23097 23109 I art     : Explicit concurrent mark sweep GC freed 3(96B) AllocSpace objects, 0(0B) LOS objects, 23% free, 52MB/68MB, paused 455us total 21.234ms
08-05 14:31:07.367 23097 23109 I art     : Starting a blocking GC Explicit
08-05 14:31:07.380   918  3261 D WifiStateMachine: starting scan for "H369AA63323"WPA_PSK with 2412,5180
08-05 14:31:07.389 23097 23109 I art     : Explicit concurrent mark sweep GC freed 3(96B) AllocSpace objects, 0(0B) LOS objects, 23% free, 52MB/68MB, paused 442us total 21.205ms
08-05 14:31:07.398 23097 23109 I art     : Starting a blocking GC Explicit
08-05 14:31:07.419 23097 23109 I art     : Explicit concurrent mark sweep GC freed 3(96B) AllocSpace objects, 0(0B) LOS objects, 23% free, 52MB/68MB, paused 431us total 20.822ms
08-05 14:31:07.718 23097 23187 I art     : Starting a blocking GC Explicit
08-05 14:31:07.749 23097 23187 I art     : Explicit concurrent mark sweep GC freed 1343(78KB) AllocSpace objects, 1(20KB) LOS objects, 23% free, 52MB/68MB, paused 494us total 30.705ms
08-05 14:31:07.761 23097 23187 I art     : Starting a blocking GC Explicit
08-05 14:31:07.783 23097 23187 I art     : Explicit concurrent mark sweep GC freed 20(704B) AllocSpace objects, 0(0B) LOS objects, 23% free, 52MB/68MB, paused 452us total 21.521ms
08-05 14:31:07.792 23097 23187 I art     : Starting a blocking GC Explicit
08-05 14:31:07.813 23097 23187 I art     : Explicit concurrent mark sweep GC freed 3(96B) AllocSpace objects, 0(0B) LOS objects, 23% free, 52MB/68MB, paused 453us total 21.393ms
08-05 14:31:07.822 23097 23187 I art     : Starting a blocking GC Explicit
08-05 14:31:07.844 23097 23187 I art     : Explicit concurrent mark sweep GC freed 3(96B) AllocSpace objects, 0(0B) LOS objects, 23% free, 52MB/68MB, paused 459us total 21.847ms
08-05 14:31:07.853 23097 23187 I art     : Starting a blocking GC Explicit
08-05 14:31:07.875 23097 23187 I art     : Explicit concurrent mark sweep GC freed 3(96B) AllocSpace objects, 0(0B) LOS objects, 23% free, 52MB/68MB, paused 449us total 21.360ms
08-05 14:31:08.157 23097 23110 I art     : Starting a blocking GC Explicit
08-05 14:31:08.189 23097 23110 I art     : Explicit concurrent mark sweep GC freed 1343(78KB) AllocSpace objects, 1(20KB) LOS objects, 23% free, 52MB/68MB, paused 499us total 32.582ms
08-05 14:31:08.202 23097 23110 I art     : Starting a blocking GC Explicit
08-05 14:31:08.228 23097 23110 I art     : Explicit concurrent mark sweep GC freed 22(768B) AllocSpace objects, 0(0B) LOS objects, 23% free, 52MB/68MB, paused 496us total 26.192ms
08-05 14:31:08.239 23097 23110 I art     : Starting a blocking GC Explicit
08-05 14:31:08.263 23097 23110 I art     : Explicit concurrent mark sweep GC freed 8(256B) AllocSpace objects, 0(0B) LOS objects, 23% free, 52MB/68MB, paused 465us total 23.231ms
08-05 14:31:08.271 23097 23110 I art     : Starting a blocking GC Explicit
08-05 14:31:08.290 23097 23110 I art     : Explicit concurrent mark sweep GC freed 6(192B) AllocSpace objects, 0(0B) LOS objects, 23% free, 52MB/68MB, paused 449us total 18.626ms
08-05 14:31:08.298 23097 23110 I art     : Starting a blocking GC Explicit
08-05 14:31:08.316 23097 23110 I art     : Explicit concurrent mark sweep GC freed 6(192B) AllocSpace objects, 0(0B) LOS objects, 23% free, 52MB/68MB, paused 401us total 18.365ms
08-05 14:31:08.609 23097 23110 I art     : Starting a blocking GC Explicit
08-05 14:31:08.632 23097 23110 I art     : Explicit concurrent mark sweep GC freed 1360(78KB) AllocSpace objects, 1(20KB) LOS objects, 23% free, 52MB/68MB, paused 460us total 22.786ms
08-05 14:31:08.644 23097 23110 I art     : Starting a blocking GC Explicit
08-05 14:31:08.665 23097 23110 I art     : Explicit concurrent mark sweep GC freed 20(704B) AllocSpace objects, 0(0B) LOS objects, 23% free, 52MB/68MB, paused 456us total 21.269ms
08-05 14:31:08.674 23097 23110 I art     : Starting a blocking GC Explicit
08-05 14:31:08.695 23097 23110 I art     : Explicit concurrent mark sweep GC freed 3(96B) AllocSpace objects, 0(0B) LOS objects, 23% free, 52MB/68MB, paused 454us total 20.623ms
08-05 14:31:08.704 23097 23110 I art     : Starting a blocking GC Explicit
08-05 14:31:08.725 23097 23110 I art     : Explicit concurrent mark sweep GC freed 3(96B) AllocSpace objects, 0(0B) LOS objects, 23% free, 52MB/68MB, paused 458us total 20.790ms
08-05 14:31:08.733 23097 23110 I art     : Starting a blocking GC Explicit
08-05 14:31:08.755 23097 23110 I art     : Explicit concurrent mark sweep GC freed 3(96B) AllocSpace objects, 0(0B) LOS objects, 23% free, 52MB/68MB, paused 459us total 21.334ms
08-05 14:31:09.017 23097 23186 I art     : Starting a blocking GC Explicit
08-05 14:31:09.039 23097 23186 I art     : Explicit concurrent mark sweep GC freed 1343(78KB) AllocSpace objects, 1(20KB) LOS objects, 23% free, 52MB/68MB, paused 488us total 21.370ms
08-05 14:31:09.048 23097 23186 I art     : Starting a blocking GC Explicit
08-05 14:31:09.068 23097 23186 I art     : Explicit concurrent mark sweep GC freed 20(704B) AllocSpace objects, 0(0B) LOS objects, 23% free, 52MB/68MB, paused 461us total 20.100ms
08-05 14:31:09.076 23097 23186 I art     : Starting a blocking GC Explicit
08-05 14:31:09.097 23097 23186 I art     : Explicit concurrent mark sweep GC freed 3(96B) AllocSpace objects, 0(0B) LOS objects, 23% free, 52MB/68MB, paused 511us total 20.140ms
08-05 14:31:09.106 23097 23186 I art     : Starting a blocking GC Explicit
08-05 14:31:09.126 23097 23186 I art     : Explicit concurrent mark sweep GC freed 3(96B) AllocSpace objects, 0(0B) LOS objects, 23% free, 52MB/68MB, paused 465us total 20.636ms
08-05 14:31:09.135 23097 23186 I art     : Starting a blocking GC Explicit
08-05 14:31:09.156 23097 23186 I art     : Explicit concurrent mark sweep GC freed 3(96B) AllocSpace objects, 0(0B) LOS objects, 23% free, 52MB/68MB, paused 459us total 21.044ms
08-05 14:31:09.275 25812 25812 D AndroidRuntime: >>>>>> START com.android.internal.os.RuntimeInit uid 2000 <<<<<<
08-05 14:31:09.281 25812 25812 D AndroidRuntime: CheckJNI is OFF
08-05 14:31:09.314 25812 25812 D ICU     : No timezone override file found: /data/misc/zoneinfo/current/icu/icu_tzdata.dat
08-05 14:31:09.346 25812 25812 I Radio-JNI: register_android_hardware_Radio DONE
08-05 14:31:09.367 25812 25812 D AndroidRuntime: Calling main entry com.android.commands.input.Input
08-05 14:31:09.369 25812 25812 I Input   : injectMotionEvent: MotionEvent { action=ACTION_DOWN, actionButton=0, id[0]=0, x[0]=756.0, y[0]=1530.0, toolType[0]=TOOL_TYPE_UNKNOWN, buttonState=0, metaState=0, flags=0x0, edgeFlags=0x0, pointerCount=1, historySize=0, eventTime=801085782, downTime=801085782, deviceId=0, source=0x1002 }
08-05 14:31:09.373 25812 25812 I Input   : injectMotionEvent: MotionEvent { action=ACTION_UP, actionButton=0, id[0]=0, x[0]=756.0, y[0]=1530.0, toolType[0]=TOOL_TYPE_UNKNOWN, buttonState=0, metaState=0, flags=0x0, edgeFlags=0x0, pointerCount=1, historySize=0, eventTime=801085782, downTime=801085782, deviceId=0, source=0x1002 }
08-05 14:31:09.375 25812 25812 D AndroidRuntime: Shutting down VM
08-05 14:31:09.386   918  3696 I ActivityManager: START u0 {cmp=baseline.appteam.nith.hillffair/.activities.LeaderBoardActivity} from uid 10675 on display 0
08-05 14:31:09.388   512  2967 D audio_hw_primary: out_set_parameters: enter: usecase(1: low-latency-playback) kvpairs: routing=2
08-05 14:31:09.401   512  2967 D audio_hw_primary: select_devices: out_snd_device(2: speaker) in_snd_device(0: none)
08-05 14:31:09.402   512  2967 D msm8974_platform: platform_send_audio_calibration: sending audio calibration for snd_device(2) acdb_id(15)
08-05 14:31:09.402   512  2967 I soundtrigger: audio_extn_sound_trigger_update_device_status: device 0x2 of type 0 for Event 1
08-05 14:31:09.414   512  2967 D audio_hw_primary: enable_snd_device: snd_device(2: speaker)
08-05 14:31:09.416   512  2967 D audio_hw_primary: enable_audio_route: apply and update mixer path: low-latency-playback speaker
08-05 14:31:09.454 23097 23187 I art     : Starting a blocking GC Explicit
08-05 14:31:09.477 23097 23187 I art     : Explicit concurrent mark sweep GC freed 6445(393KB) AllocSpace objects, 1(20KB) LOS objects, 23% free, 52MB/68MB, paused 489us total 22.837ms
08-05 14:31:09.485 23097 23187 I art     : Starting a blocking GC Explicit
08-05 14:31:09.489 23097 23097 E RecyclerView: No adapter attached; skipping layout
08-05 14:31:09.491 23097 23097 E RecyclerView: No adapter attached; skipping layout
08-05 14:31:09.508 23097 23187 I art     : Explicit concurrent mark sweep GC freed 450(20KB) AllocSpace objects, 0(0B) LOS objects, 23% free, 52MB/68MB, paused 648us total 22.921ms
08-05 14:31:09.510   918   936 I ActivityManager: Displayed baseline.appteam.nith.hillffair/.activities.LeaderBoardActivity: +114ms
08-05 14:31:09.510 13866 13866 I GoogleInputMethodServic: GoogleInputMethodService.onFinishInput():3138 
08-05 14:31:09.511 13866 13866 I GoogleInputMethodServic: GoogleInputMethodService.onStartInput():1808 
08-05 14:31:09.512 23097 23097 E RecyclerView: No adapter attached; skipping layout
08-05 14:31:09.519 23097 23187 I art     : Starting a blocking GC Explicit
08-05 14:31:09.533 23097 23123 D OpenGLRenderer: endAllStagingAnimators on 0x7f7d9f6c00 (RippleDrawable) with handle 0x7f7f1730c0
08-05 14:31:09.541 23097 23187 I art     : Explicit concurrent mark sweep GC freed 38(1824B) AllocSpace objects, 0(0B) LOS objects, 23% free, 52MB/68MB, paused 466us total 22.089ms
08-05 14:31:09.549 23097 23187 I art     : Starting a blocking GC Explicit
08-05 14:31:09.569 23097 23187 I art     : Explicit concurrent mark sweep GC freed 16(592B) AllocSpace objects, 0(0B) LOS objects, 23% free, 52MB/68MB, paused 453us total 18.956ms
08-05 14:31:09.577 23097 23187 I art     : Starting a blocking GC Explicit
08-05 14:31:09.597 23097 23187 I art     : Explicit concurrent mark sweep GC freed 19(640B) AllocSpace objects, 0(0B) LOS objects, 23% free, 52MB/68MB, paused 534us total 19.479ms
08-05 14:31:09.763   380   380 W SurfaceFlinger: couldn't log to binary event log: overflow.
08-05 14:31:09.851 23097 23186 I art     : Starting a blocking GC Explicit
08-05 14:31:09.873 23097 23186 I art     : Explicit concurrent mark sweep GC freed 1344(78KB) AllocSpace objects, 1(20KB) LOS objects, 23% free, 52MB/68MB, paused 465us total 21.660ms
08-05 14:31:09.881 23097 23186 I art     : Starting a blocking GC Explicit
08-05 14:31:09.904 23097 23186 I art     : Explicit concurrent mark sweep GC freed 87(5KB) AllocSpace objects, 0(0B) LOS objects, 23% free, 52MB/68MB, paused 468us total 21.682ms
08-05 14:31:09.913 23097 23186 I art     : Starting a blocking GC Explicit
08-05 14:31:09.933 23097 23186 I art     : Explicit concurrent mark sweep GC freed 42(1856B) AllocSpace objects, 0(0B) LOS objects, 23% free, 52MB/68MB, paused 458us total 20.147ms
08-05 14:31:09.942 23097 23186 I art     : Starting a blocking GC Explicit
08-05 14:31:09.949   512  2967 D audio_hw_primary: disable_audio_route: reset and update mixer path: low-latency-playback speaker
08-05 14:31:09.950   512  2967 D audio_hw_primary: disable_snd_device: snd_device(2: speaker)
08-05 14:31:09.958   512  2967 I soundtrigger: audio_extn_sound_trigger_update_device_status: device 0x2 of type 0 for Event 0
08-05 14:31:09.962 23097 23186 I art     : Explicit concurrent mark sweep GC freed 26(864B) AllocSpace objects, 0(0B) LOS objects, 23% free, 52MB/68MB, paused 467us total 19.867ms
08-05 14:31:09.970 23097 23186 I art     : Starting a blocking GC Explicit
08-05 14:31:09.991 23097 23186 I art     : Explicit concurrent mark sweep GC freed 11(416B) AllocSpace objects, 0(0B) LOS objects, 23% free, 52MB/68MB, paused 559us total 20.957ms
08-05 14:31:10.236 23097 25845 D OkHttp  : --> GET https://api-hillfair-2k16.herokuapp.com/api/app/quiz/leaderboard?from=1 http/1.1
08-05 14:31:10.275 23097 25845 D OkHttp  : <-- 200 OK https://api-hillfair-2k16.herokuapp.com/api/app/quiz/leaderboard?from=1 (38ms, 56744-byte body)
08-05 14:31:10.291 23097 23186 I art     : Starting a blocking GC Explicit
08-05 14:31:10.316 23097 23186 I art     : Explicit concurrent mark sweep GC freed 8917(442KB) AllocSpace objects, 4(220KB) LOS objects, 23% free, 53MB/69MB, paused 1.045ms total 24.736ms
08-05 14:31:10.325 23097 23186 I art     : Starting a blocking GC Explicit
08-05 14:31:10.349 23097 23186 I art     : Explicit concurrent mark sweep GC freed 16336(836KB) AllocSpace objects, 0(0B) LOS objects, 23% free, 53MB/69MB, paused 1.465ms total 24.121ms
08-05 14:31:10.357 23097 23186 I art     : Starting a blocking GC Explicit
08-05 14:31:10.364 23097 23097 I NAPPA_EXPERIMENTATION: MetricNetworkRequestExecutionTime: REQUEST_DURATION_SYSTEM='933',REQUEST_DURATION_OKHTTP='38',REQUEST_SYNCHRONOUS='FALSE',RESPONSE_CODE='200',RESPONSE_METHOD='GET',RESPONSE_LENGTH_OKHTTP='56744',RESPONSE_LENGTH_HEADER='56744',REQUEST_PROTOCOL='http/1.1',REQUEST_URL='https://api-hillfair-2k16.herokuapp.com/api/app/quiz/leaderboard?from=1',
08-05 14:31:10.378 23097 23186 I art     : Explicit concurrent mark sweep GC freed 5052(246KB) AllocSpace objects, 0(0B) LOS objects, 23% free, 52MB/68MB, paused 481us total 20.885ms
08-05 14:31:10.387 23097 23186 I art     : Starting a blocking GC Explicit
08-05 14:31:10.408 23097 23186 I art     : Explicit concurrent mark sweep GC freed 476(18KB) AllocSpace objects, 0(0B) LOS objects, 23% free, 53MB/69MB, paused 711us total 20.659ms
08-05 14:31:10.416 23097 23186 I art     : Starting a blocking GC Explicit
08-05 14:31:10.437 23097 23186 I art     : Explicit concurrent mark sweep GC freed 509(20KB) AllocSpace objects, 0(0B) LOS objects, 23% free, 53MB/69MB, paused 758us total 21.424ms
08-05 14:31:10.724 23097 23187 I art     : Starting a blocking GC Explicit
08-05 14:31:10.759 23097 23187 I art     : Explicit concurrent mark sweep GC freed 1495(83KB) AllocSpace objects, 1(20KB) LOS objects, 23% free, 53MB/69MB, paused 563us total 34.571ms
08-05 14:31:10.772 23097 23187 I art     : Starting a blocking GC Explicit
08-05 14:31:10.796 23097 23187 I art     : Explicit concurrent mark sweep GC freed 22(800B) AllocSpace objects, 0(0B) LOS objects, 23% free, 53MB/69MB, paused 515us total 24.412ms
08-05 14:31:10.805 23097 23187 I art     : Starting a blocking GC Explicit
08-05 14:31:10.829 23097 23187 I art     : Explicit concurrent mark sweep GC freed 3(96B) AllocSpace objects, 0(0B) LOS objects, 23% free, 53MB/69MB, paused 465us total 23.437ms
08-05 14:31:10.838 23097 23187 I art     : Starting a blocking GC Explicit
08-05 14:31:10.862 23097 23187 I art     : Explicit concurrent mark sweep GC freed 3(96B) AllocSpace objects, 0(0B) LOS objects, 23% free, 53MB/69MB, paused 480us total 23.690ms
08-05 14:31:10.872 23097 23187 I art     : Starting a blocking GC Explicit
08-05 14:31:10.895 23097 23187 I art     : Explicit concurrent mark sweep GC freed 3(96B) AllocSpace objects, 0(0B) LOS objects, 23% free, 53MB/69MB, paused 513us total 22.741ms
08-05 14:31:11.191 23097 23186 I art     : Starting a blocking GC Explicit
08-05 14:31:11.219 23097 23186 I art     : Explicit concurrent mark sweep GC freed 1344(78KB) AllocSpace objects, 1(20KB) LOS objects, 23% free, 53MB/69MB, paused 498us total 28.049ms
08-05 14:31:11.228 23097 23186 I art     : Starting a blocking GC Explicit
08-05 14:31:11.253 23097 23186 I art     : Explicit concurrent mark sweep GC freed 20(704B) AllocSpace objects, 0(0B) LOS objects, 23% free, 53MB/69MB, paused 475us total 24.091ms
08-05 14:31:11.262 23097 23186 I art     : Starting a blocking GC Explicit
08-05 14:31:11.286 23097 23186 I art     : Explicit concurrent mark sweep GC freed 3(96B) AllocSpace objects, 0(0B) LOS objects, 23% free, 53MB/69MB, paused 481us total 24.034ms
08-05 14:31:11.295 23097 23186 I art     : Starting a blocking GC Explicit
08-05 14:31:11.319 23097 23186 I art     : Explicit concurrent mark sweep GC freed 3(96B) AllocSpace objects, 0(0B) LOS objects, 23% free, 53MB/69MB, paused 538us total 23.525ms
08-05 14:31:11.328 23097 23186 I art     : Starting a blocking GC Explicit
08-05 14:31:11.352 23097 23186 I art     : Explicit concurrent mark sweep GC freed 3(96B) AllocSpace objects, 0(0B) LOS objects, 23% free, 53MB/69MB, paused 486us total 23.676ms
08-05 14:31:11.678 23097 23110 I art     : Starting a blocking GC Explicit
08-05 14:31:11.708 23097 23110 I art     : Explicit concurrent mark sweep GC freed 1344(78KB) AllocSpace objects, 1(20KB) LOS objects, 23% free, 53MB/69MB, paused 544us total 30.138ms
08-05 14:31:11.721 23097 23110 I art     : Starting a blocking GC Explicit
08-05 14:31:11.744 23097 23110 I art     : Explicit concurrent mark sweep GC freed 20(704B) AllocSpace objects, 0(0B) LOS objects, 23% free, 53MB/69MB, paused 474us total 23.619ms
08-05 14:31:11.753 23097 23110 I art     : Starting a blocking GC Explicit
08-05 14:31:11.777 23097 23110 I art     : Explicit concurrent mark sweep GC freed 3(96B) AllocSpace objects, 0(0B) LOS objects, 23% free, 53MB/69MB, paused 635us total 23.387ms
08-05 14:31:11.786 23097 23110 I art     : Starting a blocking GC Explicit
08-05 14:31:11.811 23097 23110 I art     : Explicit concurrent mark sweep GC freed 3(96B) AllocSpace objects, 0(0B) LOS objects, 23% free, 53MB/69MB, paused 490us total 24.085ms
08-05 14:31:11.820 23097 23110 I art     : Starting a blocking GC Explicit
08-05 14:31:11.844 23097 23110 I art     : Explicit concurrent mark sweep GC freed 3(96B) AllocSpace objects, 0(0B) LOS objects, 23% free, 53MB/69MB, paused 471us total 23.720ms
08-05 14:31:12.167 23097 23109 I art     : Starting a blocking GC Explicit
08-05 14:31:12.200 23097 23109 I art     : Explicit concurrent mark sweep GC freed 1344(78KB) AllocSpace objects, 1(20KB) LOS objects, 23% free, 53MB/69MB, paused 560us total 32.380ms
08-05 14:31:12.217 23097 23109 I art     : Starting a blocking GC Explicit
08-05 14:31:12.245 23097 23109 I art     : Explicit concurrent mark sweep GC freed 20(704B) AllocSpace objects, 0(0B) LOS objects, 23% free, 53MB/69MB, paused 478us total 27.770ms
08-05 14:31:12.254 23097 23109 I art     : Starting a blocking GC Explicit
08-05 14:31:12.278 23097 23109 I art     : Explicit concurrent mark sweep GC freed 3(96B) AllocSpace objects, 0(0B) LOS objects, 23% free, 53MB/69MB, paused 481us total 23.790ms
08-05 14:31:12.288 23097 23109 I art     : Starting a blocking GC Explicit
08-05 14:31:12.312 23097 23109 I art     : Explicit concurrent mark sweep GC freed 3(96B) AllocSpace objects, 0(0B) LOS objects, 23% free, 53MB/69MB, paused 471us total 23.465ms
08-05 14:31:12.321 23097 23109 I art     : Starting a blocking GC Explicit
08-05 14:31:12.344 23097 23109 I art     : Explicit concurrent mark sweep GC freed 3(96B) AllocSpace objects, 0(0B) LOS objects, 23% free, 53MB/69MB, paused 514us total 23.514ms
08-05 14:31:12.660 23097 23187 I art     : Starting a blocking GC Explicit
08-05 14:31:12.689 23097 25912 W OneSignal: OneSignalRestClient: POST Error thrown from network stack. 
08-05 14:31:12.689 23097 25912 W OneSignal: java.io.IOException: unexpected end of stream on Connection{api.onesignal.com:443, proxy=HTTP@192.168.2.12:8080 hostAddress=192.168.2.12 cipherSuite=TLS_ECDHE_RSA_WITH_AES_128_GCM_SHA256 protocol=http/1.1} (recycle count=0)
08-05 14:31:12.689 23097 25912 W OneSignal: 	at com.android.okhttp.internal.http.HttpConnection.readResponse(HttpConnection.java:210)
08-05 14:31:12.689 23097 25912 W OneSignal: 	at com.android.okhttp.internal.http.HttpTransport.readResponseHeaders(HttpTransport.java:80)
08-05 14:31:12.689 23097 25912 W OneSignal: 	at com.android.okhttp.internal.http.HttpEngine.readNetworkResponse(HttpEngine.java:904)
08-05 14:31:12.689 23097 25912 W OneSignal: 	at com.android.okhttp.internal.http.HttpEngine.readResponse(HttpEngine.java:788)
08-05 14:31:12.689 23097 25912 W OneSignal: 	at com.android.okhttp.internal.huc.HttpURLConnectionImpl.execute(HttpURLConnectionImpl.java:439)
08-05 14:31:12.689 23097 25912 W OneSignal: 	at com.android.okhttp.internal.huc.HttpURLConnectionImpl.getResponse(HttpURLConnectionImpl.java:384)
08-05 14:31:12.689 23097 25912 W OneSignal: 	at com.android.okhttp.internal.huc.HttpURLConnectionImpl.getResponseCode(HttpURLConnectionImpl.java:497)
08-05 14:31:12.689 23097 25912 W OneSignal: 	at com.android.okhttp.internal.huc.DelegatingHttpsURLConnection.getResponseCode(DelegatingHttpsURLConnection.java:105)
08-05 14:31:12.689 23097 25912 W OneSignal: 	at com.android.okhttp.internal.huc.HttpsURLConnectionImpl.getResponseCode(HttpsURLConnectionImpl.java)
08-05 14:31:12.689 23097 25912 W OneSignal: 	at com.onesignal.OneSignalRestClient.startHTTPConnection(OneSignalRestClient.java:180)
08-05 14:31:12.689 23097 25912 W OneSignal: 	at com.onesignal.OneSignalRestClient.access$100(OneSignalRestClient.java:44)
08-05 14:31:12.689 23097 25912 W OneSignal: 	at com.onesignal.OneSignalRestClient$4.run(OneSignalRestClient.java:110)
08-05 14:31:12.689 23097 25912 W OneSignal: 	at java.lang.Thread.run(Thread.java:818)
08-05 14:31:12.689 23097 25912 W OneSignal: Caused by: java.io.EOFException: \n not found: size=0 content=...
08-05 14:31:12.689 23097 25912 W OneSignal: 	at com.android.okhttp.okio.RealBufferedSource.readUtf8LineStrict(RealBufferedSource.java:200)
08-05 14:31:12.689 23097 25912 W OneSignal: 	at com.android.okhttp.internal.http.HttpConnection.readResponse(HttpConnection.java:191)
08-05 14:31:12.689 23097 25912 W OneSignal: 	... 12 more
08-05 14:31:12.691 23097 25919 W OneSignal: Failed last request. statusCode: -1
08-05 14:31:12.691 23097 25919 W OneSignal: response: null
08-05 14:31:12.691 23097 23187 I art     : Explicit concurrent mark sweep GC freed 3622(210KB) AllocSpace objects, 1(20KB) LOS objects, 23% free, 53MB/69MB, paused 598us total 30.552ms
08-05 14:31:12.705 23097 23187 I art     : Starting a blocking GC Explicit
08-05 14:31:12.728 23097 23187 I art     : Explicit concurrent mark sweep GC freed 373(34KB) AllocSpace objects, 0(0B) LOS objects, 23% free, 53MB/69MB, paused 465us total 23.076ms
08-05 14:31:12.737 23097 23187 I art     : Starting a blocking GC Explicit
08-05 14:31:12.761 23097 23187 I art     : Explicit concurrent mark sweep GC freed 3(96B) AllocSpace objects, 0(0B) LOS objects, 23% free, 53MB/69MB, paused 473us total 23.587ms
08-05 14:31:12.770 23097 23187 I art     : Starting a blocking GC Explicit
08-05 14:31:12.794 23097 23187 I art     : Explicit concurrent mark sweep GC freed 3(96B) AllocSpace objects, 0(0B) LOS objects, 23% free, 53MB/69MB, paused 493us total 23.527ms
08-05 14:31:12.803 23097 23187 I art     : Starting a blocking GC Explicit
08-05 14:31:12.828 23097 23187 I art     : Explicit concurrent mark sweep GC freed 3(96B) AllocSpace objects, 0(0B) LOS objects, 23% free, 53MB/69MB, paused 508us total 23.888ms
08-05 14:31:13.151 23097 23186 I art     : Starting a blocking GC Explicit
08-05 14:31:13.179 23097 23186 I art     : Explicit concurrent mark sweep GC freed 1357(78KB) AllocSpace objects, 1(20KB) LOS objects, 23% free, 53MB/69MB, paused 545us total 27.310ms
08-05 14:31:13.191 23097 23186 I art     : Starting a blocking GC Explicit
08-05 14:31:13.215 23097 23186 I art     : Explicit concurrent mark sweep GC freed 34(1136B) AllocSpace objects, 0(0B) LOS objects, 23% free, 53MB/69MB, paused 470us total 23.896ms
08-05 14:31:13.224 23097 23186 I art     : Starting a blocking GC Explicit
08-05 14:31:13.249 23097 23186 I art     : Explicit concurrent mark sweep GC freed 3(96B) AllocSpace objects, 0(0B) LOS objects, 23% free, 53MB/69MB, paused 459us total 24.107ms
08-05 14:31:13.258 23097 23186 I art     : Starting a blocking GC Explicit
08-05 14:31:13.282 23097 23186 I art     : Explicit concurrent mark sweep GC freed 3(96B) AllocSpace objects, 0(0B) LOS objects, 23% free, 53MB/69MB, paused 467us total 24.281ms
08-05 14:31:13.292 23097 23186 I art     : Starting a blocking GC Explicit
08-05 14:31:13.315 23097 23186 I art     : Explicit concurrent mark sweep GC freed 3(96B) AllocSpace objects, 0(0B) LOS objects, 23% free, 53MB/69MB, paused 461us total 23.379ms
08-05 14:31:13.628 23097 23110 I art     : Starting a blocking GC Explicit
08-05 14:31:13.652 23097 23110 I art     : Explicit concurrent mark sweep GC freed 1344(78KB) AllocSpace objects, 1(20KB) LOS objects, 23% free, 53MB/69MB, paused 487us total 24.118ms
08-05 14:31:13.662 23097 23110 I art     : Starting a blocking GC Explicit
08-05 14:31:13.685 23097 23110 I art     : Explicit concurrent mark sweep GC freed 20(704B) AllocSpace objects, 0(0B) LOS objects, 23% free, 53MB/69MB, paused 451us total 23.050ms
08-05 14:31:13.694 23097 23110 I art     : Starting a blocking GC Explicit
08-05 14:31:13.716 23097 23110 I art     : Explicit concurrent mark sweep GC freed 3(96B) AllocSpace objects, 0(0B) LOS objects, 23% free, 53MB/69MB, paused 462us total 22.175ms
08-05 14:31:13.725 23097 23110 I art     : Starting a blocking GC Explicit
08-05 14:31:13.748 23097 23110 I art     : Explicit concurrent mark sweep GC freed 3(96B) AllocSpace objects, 0(0B) LOS objects, 23% free, 53MB/69MB, paused 500us total 22.576ms
08-05 14:31:13.756 23097 23110 I art     : Starting a blocking GC Explicit
08-05 14:31:13.779 23097 23110 I art     : Explicit concurrent mark sweep GC freed 3(96B) AllocSpace objects, 0(0B) LOS objects, 23% free, 53MB/69MB, paused 459us total 22.649ms
08-05 14:31:14.028 25940 25940 D AndroidRuntime: >>>>>> START com.android.internal.os.RuntimeInit uid 2000 <<<<<<
08-05 14:31:14.033 25940 25940 D AndroidRuntime: CheckJNI is OFF
08-05 14:31:14.067 25940 25940 D ICU     : No timezone override file found: /data/misc/zoneinfo/current/icu/icu_tzdata.dat
08-05 14:31:14.080 23097 23109 I art     : Starting a blocking GC Explicit
08-05 14:31:14.100 25940 25940 I Radio-JNI: register_android_hardware_Radio DONE
08-05 14:31:14.104 23097 23109 I art     : Explicit concurrent mark sweep GC freed 1344(78KB) AllocSpace objects, 1(20KB) LOS objects, 23% free, 53MB/69MB, paused 507us total 23.822ms
08-05 14:31:14.113 23097 23109 I art     : Starting a blocking GC Explicit
08-05 14:31:14.124 25940 25940 D AndroidRuntime: Calling main entry com.android.commands.input.Input
08-05 14:31:14.126 25940 25940 I Input   : injectKeyEvent: KeyEvent { action=ACTION_DOWN, keyCode=KEYCODE_BACK, scanCode=0, metaState=0, flags=0x0, repeatCount=0, eventTime=801090539, downTime=801090539, deviceId=-1, source=0x101 }
08-05 14:31:14.131 25940 25940 I Input   : injectKeyEvent: KeyEvent { action=ACTION_UP, keyCode=KEYCODE_BACK, scanCode=0, metaState=0, flags=0x0, repeatCount=0, eventTime=801090539, downTime=801090539, deviceId=-1, source=0x101 }
08-05 14:31:14.134 23097 23109 I art     : Explicit concurrent mark sweep GC freed 22(816B) AllocSpace objects, 0(0B) LOS objects, 23% free, 53MB/69MB, paused 486us total 21.231ms
08-05 14:31:14.136 25940 25940 D AndroidRuntime: Shutting down VM
08-05 14:31:14.143 23097 23109 I art     : Starting a blocking GC Explicit
08-05 14:31:14.164 23097 23109 I art     : Explicit concurrent mark sweep GC freed 103(5KB) AllocSpace objects, 0(0B) LOS objects, 23% free, 53MB/69MB, paused 431us total 20.494ms
08-05 14:31:14.172 23097 23109 I art     : Starting a blocking GC Explicit
08-05 14:31:14.177 13866 13866 I GoogleInputMethodServic: GoogleInputMethodService.onFinishInput():3138 
08-05 14:31:14.178 13866 13866 I GoogleInputMethodServic: GoogleInputMethodService.onStartInput():1808 
08-05 14:31:14.194 23097 23109 I art     : Explicit concurrent mark sweep GC freed 37(1360B) AllocSpace objects, 0(0B) LOS objects, 23% free, 53MB/69MB, paused 538us total 21.953ms
08-05 14:31:14.204 23097 23109 I art     : Starting a blocking GC Explicit
08-05 14:31:14.225 23097 23109 I art     : Explicit concurrent mark sweep GC freed 11(384B) AllocSpace objects, 0(0B) LOS objects, 23% free, 53MB/69MB, paused 420us total 20.210ms
08-05 14:31:14.475 23097 23186 I art     : Starting a blocking GC Explicit
08-05 14:31:14.483   380   380 W SurfaceFlinger: couldn't log to binary event log: overflow.
08-05 14:31:14.500 23097 23186 I art     : Explicit concurrent mark sweep GC freed 1461(87KB) AllocSpace objects, 1(20KB) LOS objects, 23% free, 53MB/69MB, paused 467us total 24.272ms
08-05 14:31:14.508 23097 23186 I art     : Starting a blocking GC Explicit
08-05 14:31:14.531 23097 23186 I art     : Explicit concurrent mark sweep GC freed 22(768B) AllocSpace objects, 0(0B) LOS objects, 23% free, 53MB/69MB, paused 462us total 22.247ms
08-05 14:31:14.539 23097 23186 I art     : Starting a blocking GC Explicit
08-05 14:31:14.558 23097 23186 I art     : Explicit concurrent mark sweep GC freed 4681(268KB) AllocSpace objects, 2(140KB) LOS objects, 23% free, 52MB/68MB, paused 460us total 19.575ms
08-05 14:31:14.566 23097 23186 I art     : Starting a blocking GC Explicit
08-05 14:31:14.588 23097 23186 I art     : Explicit concurrent mark sweep GC freed 3(96B) AllocSpace objects, 0(0B) LOS objects, 23% free, 52MB/68MB, paused 457us total 21.631ms
08-05 14:31:14.597 23097 23186 I art     : Starting a blocking GC Explicit
08-05 14:31:14.618 23097 23186 I art     : Explicit concurrent mark sweep GC freed 3(96B) AllocSpace objects, 0(0B) LOS objects, 23% free, 52MB/68MB, paused 460us total 21.081ms
08-05 14:31:14.908 23097 23187 I art     : Starting a blocking GC Explicit
08-05 14:31:14.937 23097 23187 I art     : Explicit concurrent mark sweep GC freed 1344(78KB) AllocSpace objects, 1(20KB) LOS objects, 23% free, 52MB/68MB, paused 492us total 29.035ms
08-05 14:31:14.949 23097 23187 I art     : Starting a blocking GC Explicit
08-05 14:31:14.972 23097 23187 I art     : Explicit concurrent mark sweep GC freed 20(704B) AllocSpace objects, 0(0B) LOS objects, 23% free, 52MB/68MB, paused 462us total 22.348ms
08-05 14:31:14.981 23097 23187 I art     : Starting a blocking GC Explicit
08-05 14:31:15.003 23097 23187 I art     : Explicit concurrent mark sweep GC freed 3(96B) AllocSpace objects, 0(0B) LOS objects, 23% free, 52MB/68MB, paused 455us total 22.326ms
08-05 14:31:15.012 23097 23187 I art     : Starting a blocking GC Explicit
08-05 14:31:15.035 23097 23187 I art     : Explicit concurrent mark sweep GC freed 3(96B) AllocSpace objects, 0(0B) LOS objects, 23% free, 52MB/68MB, paused 455us total 22.440ms
08-05 14:31:15.044 23097 23187 I art     : Starting a blocking GC Explicit
08-05 14:31:15.066 23097 23187 I art     : Explicit concurrent mark sweep GC freed 3(96B) AllocSpace objects, 0(0B) LOS objects, 23% free, 52MB/68MB, paused 526us total 21.944ms
08-05 14:31:15.356 23097 23110 I art     : Starting a blocking GC Explicit
08-05 14:31:15.382 23097 23110 I art     : Explicit concurrent mark sweep GC freed 1343(78KB) AllocSpace objects, 1(20KB) LOS objects, 23% free, 52MB/68MB, paused 433us total 25.644ms
08-05 14:31:15.391 23097 23110 I art     : Starting a blocking GC Explicit
08-05 14:31:15.411 23097 23110 I art     : Explicit concurrent mark sweep GC freed 20(704B) AllocSpace objects, 0(0B) LOS objects, 23% free, 52MB/68MB, paused 460us total 20.113ms
08-05 14:31:15.419 23097 23110 I art     : Starting a blocking GC Explicit
08-05 14:31:15.441 23097 23110 I art     : Explicit concurrent mark sweep GC freed 3(96B) AllocSpace objects, 0(0B) LOS objects, 23% free, 52MB/68MB, paused 498us total 21.157ms
08-05 14:31:15.449 23097 23110 I art     : Starting a blocking GC Explicit
08-05 14:31:15.470 23097 23110 I art     : Explicit concurrent mark sweep GC freed 3(96B) AllocSpace objects, 0(0B) LOS objects, 23% free, 52MB/68MB, paused 460us total 20.745ms
08-05 14:31:15.479 23097 23110 I art     : Starting a blocking GC Explicit
08-05 14:31:15.500 23097 23110 I art     : Explicit concurrent mark sweep GC freed 3(96B) AllocSpace objects, 0(0B) LOS objects, 23% free, 52MB/68MB, paused 459us total 20.764ms
08-05 14:31:15.768 23097 23109 I art     : Starting a blocking GC Explicit
08-05 14:31:15.786 25997 25997 D AndroidRuntime: >>>>>> START com.android.internal.os.RuntimeInit uid 2000 <<<<<<
08-05 14:31:15.792 25997 25997 D AndroidRuntime: CheckJNI is OFF
08-05 14:31:15.795 23097 23109 I art     : Explicit concurrent mark sweep GC freed 1347(78KB) AllocSpace objects, 1(20KB) LOS objects, 23% free, 52MB/68MB, paused 674us total 26.881ms
08-05 14:31:15.804 23097 23109 I art     : Starting a blocking GC Explicit
08-05 14:31:15.826 23097 23109 I art     : Explicit concurrent mark sweep GC freed 23(800B) AllocSpace objects, 0(0B) LOS objects, 23% free, 52MB/68MB, paused 447us total 21.714ms
08-05 14:31:15.829 25997 25997 D ICU     : No timezone override file found: /data/misc/zoneinfo/current/icu/icu_tzdata.dat
08-05 14:31:15.834 23097 23109 I art     : Starting a blocking GC Explicit
08-05 14:31:15.854 23097 23109 I art     : Explicit concurrent mark sweep GC freed 8(256B) AllocSpace objects, 0(0B) LOS objects, 23% free, 52MB/68MB, paused 462us total 19.987ms
08-05 14:31:15.863 25997 25997 I Radio-JNI: register_android_hardware_Radio DONE
08-05 14:31:15.863 23097 23109 I art     : Starting a blocking GC Explicit
08-05 14:31:15.883 23097 23109 I art     : Explicit concurrent mark sweep GC freed 5(160B) AllocSpace objects, 0(0B) LOS objects, 23% free, 52MB/68MB, paused 456us total 19.822ms
08-05 14:31:15.884 25997 25997 D AndroidRuntime: Calling main entry com.android.commands.input.Input
08-05 14:31:15.887 25997 25997 I Input   : injectKeyEvent: KeyEvent { action=ACTION_DOWN, keyCode=KEYCODE_BACK, scanCode=0, metaState=0, flags=0x0, repeatCount=0, eventTime=801092299, downTime=801092299, deviceId=-1, source=0x101 }
08-05 14:31:15.892 23097 23109 I art     : Starting a blocking GC Explicit
08-05 14:31:15.893 25997 25997 I Input   : injectKeyEvent: KeyEvent { action=ACTION_UP, keyCode=KEYCODE_BACK, scanCode=0, metaState=0, flags=0x0, repeatCount=0, eventTime=801092299, downTime=801092299, deviceId=-1, source=0x101 }
08-05 14:31:15.899 25997 25997 D AndroidRuntime: Shutting down VM
08-05 14:31:15.912 23097 23109 I art     : Explicit concurrent mark sweep GC freed 26(944B) AllocSpace objects, 0(0B) LOS objects, 23% free, 52MB/68MB, paused 457us total 19.873ms
08-05 14:31:15.982 13866 13866 I GoogleInputMethodServic: GoogleInputMethodService.onFinishInput():3138 
08-05 14:31:15.982 13866 13866 I GoogleInputMethodServic: GoogleInputMethodService.onStartInput():1808 
08-05 14:31:16.177 23097 23187 I art     : Starting a blocking GC Explicit
08-05 14:31:16.201 23097 23187 I art     : Explicit concurrent mark sweep GC freed 1523(86KB) AllocSpace objects, 1(20KB) LOS objects, 23% free, 52MB/68MB, paused 459us total 24.038ms
08-05 14:31:16.213 23097 23187 I art     : Starting a blocking GC Explicit
08-05 14:31:16.238 23097 23187 I art     : Explicit concurrent mark sweep GC freed 24(864B) AllocSpace objects, 0(0B) LOS objects, 23% free, 52MB/68MB, paused 504us total 24.696ms
08-05 14:31:16.247 23097 23187 I art     : Starting a blocking GC Explicit
08-05 14:31:16.252   380   380 W SurfaceFlinger: couldn't log to binary event log: overflow.
08-05 14:31:16.269 23097 23187 I art     : Explicit concurrent mark sweep GC freed 116(8KB) AllocSpace objects, 0(0B) LOS objects, 23% free, 52MB/68MB, paused 439us total 21.409ms
08-05 14:31:16.277 23097 23187 I art     : Starting a blocking GC Explicit
08-05 14:31:16.298 23097 23187 I art     : Explicit concurrent mark sweep GC freed 116(5KB) AllocSpace objects, 0(0B) LOS objects, 23% free, 52MB/68MB, paused 509us total 20.815ms
08-05 14:31:16.307 23097 23187 I art     : Starting a blocking GC Explicit
08-05 14:31:16.327 23097 23187 I art     : Explicit concurrent mark sweep GC freed 1950(115KB) AllocSpace objects, 2(180KB) LOS objects, 23% free, 52MB/68MB, paused 438us total 19.289ms
08-05 14:31:16.627 23097 23186 I art     : Starting a blocking GC Explicit
08-05 14:31:16.654 23097 23186 I art     : Explicit concurrent mark sweep GC freed 1343(78KB) AllocSpace objects, 1(20KB) LOS objects, 23% free, 52MB/68MB, paused 514us total 27.027ms
08-05 14:31:16.666 23097 23186 I art     : Starting a blocking GC Explicit
08-05 14:31:16.688 23097 23186 I art     : Explicit concurrent mark sweep GC freed 20(704B) AllocSpace objects, 0(0B) LOS objects, 23% free, 52MB/68MB, paused 477us total 21.668ms
08-05 14:31:16.697 23097 23186 I art     : Starting a blocking GC Explicit
08-05 14:31:16.719 23097 23186 I art     : Explicit concurrent mark sweep GC freed 3(96B) AllocSpace objects, 0(0B) LOS objects, 23% free, 52MB/68MB, paused 459us total 21.426ms
08-05 14:31:16.728 23097 23186 I art     : Starting a blocking GC Explicit
08-05 14:31:16.749 23097 23186 I art     : Explicit concurrent mark sweep GC freed 3(96B) AllocSpace objects, 0(0B) LOS objects, 23% free, 52MB/68MB, paused 472us total 21.230ms
08-05 14:31:16.759 23097 23186 I art     : Starting a blocking GC Explicit
08-05 14:31:16.779 23097 23186 I art     : Explicit concurrent mark sweep GC freed 3(96B) AllocSpace objects, 0(0B) LOS objects, 23% free, 52MB/68MB, paused 461us total 20.504ms
08-05 14:31:17.057 23097 23110 I art     : Starting a blocking GC Explicit
08-05 14:31:17.083 23097 23110 I art     : Explicit concurrent mark sweep GC freed 1341(78KB) AllocSpace objects, 1(20KB) LOS objects, 23% free, 52MB/68MB, paused 531us total 25.274ms
08-05 14:31:17.094 23097 23110 I art     : Starting a blocking GC Explicit
08-05 14:31:17.116 23097 23110 I art     : Explicit concurrent mark sweep GC freed 20(704B) AllocSpace objects, 0(0B) LOS objects, 23% free, 52MB/68MB, paused 475us total 21.552ms
08-05 14:31:17.125 23097 23110 I art     : Starting a blocking GC Explicit
08-05 14:31:17.145 23097 23110 I art     : Explicit concurrent mark sweep GC freed 3(96B) AllocSpace objects, 0(0B) LOS objects, 23% free, 52MB/68MB, paused 438us total 20.042ms
08-05 14:31:17.154 23097 23110 I art     : Starting a blocking GC Explicit
08-05 14:31:17.174 23097 23110 I art     : Explicit concurrent mark sweep GC freed 3(96B) AllocSpace objects, 0(0B) LOS objects, 23% free, 52MB/68MB, paused 456us total 19.546ms
08-05 14:31:17.182 23097 23110 I art     : Starting a blocking GC Explicit
08-05 14:31:17.202 23097 23110 I art     : Explicit concurrent mark sweep GC freed 3(96B) AllocSpace objects, 0(0B) LOS objects, 23% free, 52MB/68MB, paused 589us total 20.038ms
08-05 14:31:17.474 23097 23109 I art     : Starting a blocking GC Explicit
08-05 14:31:17.495 23097 23109 I art     : Explicit concurrent mark sweep GC freed 1362(79KB) AllocSpace objects, 1(20KB) LOS objects, 23% free, 52MB/68MB, paused 469us total 20.986ms
08-05 14:31:17.504 23097 23109 I art     : Starting a blocking GC Explicit
08-05 14:31:17.525 23097 23109 I art     : Explicit concurrent mark sweep GC freed 36(1216B) AllocSpace objects, 0(0B) LOS objects, 23% free, 52MB/68MB, paused 529us total 20.788ms
08-05 14:31:17.534 23097 23109 I art     : Starting a blocking GC Explicit
08-05 14:31:17.555 23097 23109 I art     : Explicit concurrent mark sweep GC freed 3(96B) AllocSpace objects, 0(0B) LOS objects, 23% free, 52MB/68MB, paused 474us total 20.230ms
08-05 14:31:17.561 26051 26051 D AndroidRuntime: >>>>>> START com.android.internal.os.RuntimeInit uid 2000 <<<<<<
08-05 14:31:17.563 23097 23109 I art     : Starting a blocking GC Explicit
08-05 14:31:17.566 26051 26051 D AndroidRuntime: CheckJNI is OFF
08-05 14:31:17.583 23097 23109 I art     : Explicit concurrent mark sweep GC freed 3(96B) AllocSpace objects, 0(0B) LOS objects, 23% free, 52MB/68MB, paused 448us total 19.948ms
08-05 14:31:17.592 23097 23109 I art     : Starting a blocking GC Explicit
08-05 14:31:17.602 26051 26051 D ICU     : No timezone override file found: /data/misc/zoneinfo/current/icu/icu_tzdata.dat
08-05 14:31:17.612 23097 23109 I art     : Explicit concurrent mark sweep GC freed 3(96B) AllocSpace objects, 0(0B) LOS objects, 23% free, 52MB/68MB, paused 497us total 20.013ms
08-05 14:31:17.637 26051 26051 I Radio-JNI: register_android_hardware_Radio DONE
08-05 14:31:17.659 26051 26051 D AndroidRuntime: Calling main entry com.android.commands.input.Input
08-05 14:31:17.661 26051 26051 I Input   : injectMotionEvent: MotionEvent { action=ACTION_DOWN, actionButton=0, id[0]=0, x[0]=1084.0, y[0]=2213.0, toolType[0]=TOOL_TYPE_UNKNOWN, buttonState=0, metaState=0, flags=0x0, edgeFlags=0x0, pointerCount=1, historySize=0, eventTime=801094073, downTime=801094073, deviceId=0, source=0x1002 }
08-05 14:31:17.666 26051 26051 I Input   : injectMotionEvent: MotionEvent { action=ACTION_UP, actionButton=0, id[0]=0, x[0]=1084.0, y[0]=2213.0, toolType[0]=TOOL_TYPE_UNKNOWN, buttonState=0, metaState=0, flags=0x0, edgeFlags=0x0, pointerCount=1, historySize=0, eventTime=801094073, downTime=801094073, deviceId=0, source=0x1002 }
08-05 14:31:17.669   918  3961 I ActivityManager: START u0 {cmp=baseline.appteam.nith.hillffair/.activities.EventActivity} from uid 10675 on display 0
08-05 14:31:17.677 26051 26051 D AndroidRuntime: Shutting down VM
08-05 14:31:17.763 13866 13866 I GoogleInputMethodServic: GoogleInputMethodService.onFinishInput():3138 
08-05 14:31:17.764 13866 13866 I GoogleInputMethodServic: GoogleInputMethodService.onStartInput():1808 
08-05 14:31:17.788   918   936 I ActivityManager: Displayed baseline.appteam.nith.hillffair/.activities.EventActivity: +110ms
08-05 14:31:17.861 23097 23109 I art     : Starting a blocking GC Explicit
08-05 14:31:17.883 23097 23109 I art     : Explicit concurrent mark sweep GC freed 6177(370KB) AllocSpace objects, 1(20KB) LOS objects, 23% free, 52MB/68MB, paused 462us total 21.940ms
08-05 14:31:17.892 23097 23109 I art     : Starting a blocking GC Explicit
08-05 14:31:17.913 23097 23109 I art     : Explicit concurrent mark sweep GC freed 266(11KB) AllocSpace objects, 0(0B) LOS objects, 23% free, 52MB/68MB, paused 456us total 20.831ms
08-05 14:31:17.923 23097 23109 I art     : Starting a blocking GC Explicit
08-05 14:31:17.946 23097 23109 I art     : Explicit concurrent mark sweep GC freed 3(96B) AllocSpace objects, 0(0B) LOS objects, 23% free, 52MB/68MB, paused 461us total 23.247ms
08-05 14:31:17.956 23097 23109 I art     : Starting a blocking GC Explicit
08-05 14:31:17.980 23097 23109 I art     : Explicit concurrent mark sweep GC freed 3(96B) AllocSpace objects, 0(0B) LOS objects, 23% free, 52MB/68MB, paused 461us total 24.065ms
08-05 14:31:17.990 23097 23109 I art     : Starting a blocking GC Explicit
08-05 14:31:18.015 23097 23109 I art     : Explicit concurrent mark sweep GC freed 3(96B) AllocSpace objects, 0(0B) LOS objects, 23% free, 52MB/68MB, paused 474us total 24.546ms
08-05 14:31:18.038   380   380 W SurfaceFlinger: couldn't log to binary event log: overflow.
08-05 14:31:18.246 24817 24817 I ServiceManager: Waiting for service AtCmdFwd...
08-05 14:31:18.291 23097 23186 I art     : Starting a blocking GC Explicit
08-05 14:31:18.310 23097 23186 I art     : Explicit concurrent mark sweep GC freed 1443(84KB) AllocSpace objects, 1(20KB) LOS objects, 23% free, 52MB/68MB, paused 481us total 19.203ms
08-05 14:31:18.318 23097 23186 I art     : Starting a blocking GC Explicit
08-05 14:31:18.337 23097 23186 I art     : Explicit concurrent mark sweep GC freed 43(1472B) AllocSpace objects, 0(0B) LOS objects, 23% free, 52MB/68MB, paused 461us total 18.835ms
08-05 14:31:18.345 23097 23186 I art     : Starting a blocking GC Explicit
08-05 14:31:18.364 23097 23186 I art     : Explicit concurrent mark sweep GC freed 11(416B) AllocSpace objects, 0(0B) LOS objects, 23% free, 52MB/68MB, paused 484us total 18.676ms
08-05 14:31:18.372 23097 23186 I art     : Starting a blocking GC Explicit
08-05 14:31:18.391 23097 23186 I art     : Explicit concurrent mark sweep GC freed 12(432B) AllocSpace objects, 0(0B) LOS objects, 23% free, 52MB/68MB, paused 455us total 19.051ms
08-05 14:31:18.399 23097 23186 I art     : Starting a blocking GC Explicit
08-05 14:31:18.418 23097 23186 I art     : Explicit concurrent mark sweep GC freed 9(336B) AllocSpace objects, 0(0B) LOS objects, 23% free, 52MB/68MB, paused 489us total 19.024ms
08-05 14:31:18.633 23097 26074 D OkHttp  : --> GET https://api-hillfair-2k16.herokuapp.com/api/app/club http/1.1
08-05 14:31:18.674 23097 26074 D OkHttp  : <-- 200 OK https://api-hillfair-2k16.herokuapp.com/api/app/club (40ms, 1870-byte body)
08-05 14:31:18.691 23097 23097 I NAPPA_EXPERIMENTATION: MetricNetworkRequestExecutionTime: REQUEST_DURATION_SYSTEM='986',REQUEST_DURATION_OKHTTP='41',REQUEST_SYNCHRONOUS='FALSE',RESPONSE_CODE='200',RESPONSE_METHOD='GET',RESPONSE_LENGTH_OKHTTP='1870',RESPONSE_LENGTH_HEADER='1870',REQUEST_PROTOCOL='http/1.1',REQUEST_URL='https://api-hillfair-2k16.herokuapp.com/api/app/club',
08-05 14:31:18.710 23097 23187 I art     : Starting a blocking GC Explicit
08-05 14:31:18.735 23097 23187 I art     : Explicit concurrent mark sweep GC freed 5015(320KB) AllocSpace objects, 4(220KB) LOS objects, 23% free, 52MB/68MB, paused 905us total 24.136ms
08-05 14:31:18.744 23097 23187 I art     : Starting a blocking GC Explicit
08-05 14:31:18.766 23097 23187 I art     : Explicit concurrent mark sweep GC freed 2184(168KB) AllocSpace objects, 0(0B) LOS objects, 23% free, 53MB/69MB, paused 781us total 21.750ms
08-05 14:31:18.774 23097 23187 I art     : Starting a blocking GC Explicit
08-05 14:31:18.796 23097 23187 I art     : Explicit concurrent mark sweep GC freed 126(4KB) AllocSpace objects, 0(0B) LOS objects, 23% free, 52MB/68MB, paused 732us total 21.126ms
08-05 14:31:18.804 23097 23187 I art     : Starting a blocking GC Explicit
08-05 14:31:18.825 23097 23187 I art     : Explicit concurrent mark sweep GC freed 191(46KB) AllocSpace objects, 0(0B) LOS objects, 23% free, 52MB/68MB, paused 974us total 21.423ms
08-05 14:31:18.834 23097 23187 I art     : Starting a blocking GC Explicit
08-05 14:31:18.856 23097 23187 I art     : Explicit concurrent mark sweep GC freed 22(1792B) AllocSpace objects, 0(0B) LOS objects, 23% free, 52MB/68MB, paused 713us total 22.279ms
08-05 14:31:19.145 23097 23186 I art     : Starting a blocking GC Explicit
08-05 14:31:19.175 23097 23186 I art     : Explicit concurrent mark sweep GC freed 2163(237KB) AllocSpace objects, 1(20KB) LOS objects, 23% free, 53MB/69MB, paused 659us total 29.805ms
08-05 14:31:19.187 23097 23186 I art     : Starting a blocking GC Explicit
08-05 14:31:19.211 23097 23186 I art     : Explicit concurrent mark sweep GC freed 53(1760B) AllocSpace objects, 0(0B) LOS objects, 23% free, 53MB/69MB, paused 620us total 24.215ms
08-05 14:31:19.221 23097 23186 I art     : Starting a blocking GC Explicit
08-05 14:31:19.245 23097 23186 I art     : Explicit concurrent mark sweep GC freed 3(96B) AllocSpace objects, 0(0B) LOS objects, 23% free, 53MB/69MB, paused 620us total 23.941ms
08-05 14:31:19.247 24817 24817 I ServiceManager: Waiting for service AtCmdFwd...
08-05 14:31:19.254 23097 23186 I art     : Starting a blocking GC Explicit
08-05 14:31:19.278 23097 23186 I art     : Explicit concurrent mark sweep GC freed 3(96B) AllocSpace objects, 0(0B) LOS objects, 23% free, 53MB/69MB, paused 623us total 24.189ms
08-05 14:31:19.287 23097 23186 I art     : Starting a blocking GC Explicit
08-05 14:31:19.312 23097 23186 I art     : Explicit concurrent mark sweep GC freed 3(96B) AllocSpace objects, 0(0B) LOS objects, 23% free, 53MB/69MB, paused 570us total 24.074ms
08-05 14:31:19.588 23097 23110 I art     : Starting a blocking GC Explicit
08-05 14:31:19.613 23097 23110 I art     : Explicit concurrent mark sweep GC freed 9468(550KB) AllocSpace objects, 1(20KB) LOS objects, 23% free, 53MB/69MB, paused 522us total 24.821ms
08-05 14:31:19.622 23097 23110 I art     : Starting a blocking GC Explicit
08-05 14:31:19.646 23097 23110 I art     : Explicit concurrent mark sweep GC freed 246(8KB) AllocSpace objects, 0(0B) LOS objects, 23% free, 53MB/69MB, paused 514us total 23.741ms
08-05 14:31:19.655 23097 23110 I art     : Starting a blocking GC Explicit
08-05 14:31:19.678 23097 23110 I art     : Explicit concurrent mark sweep GC freed 3(96B) AllocSpace objects, 0(0B) LOS objects, 23% free, 53MB/69MB, paused 499us total 23.191ms
08-05 14:31:19.687 23097 23110 I art     : Starting a blocking GC Explicit
08-05 14:31:19.711 23097 23110 I art     : Explicit concurrent mark sweep GC freed 3(96B) AllocSpace objects, 0(0B) LOS objects, 23% free, 53MB/69MB, paused 518us total 23.209ms
08-05 14:31:19.720 23097 23110 I art     : Starting a blocking GC Explicit
08-05 14:31:19.744 23097 23110 I art     : Explicit concurrent mark sweep GC freed 3(96B) AllocSpace objects, 0(0B) LOS objects, 23% free, 53MB/69MB, paused 531us total 23.955ms
08-05 14:31:20.051 23097 23109 I art     : Starting a blocking GC Explicit
08-05 14:31:20.081 23097 23109 I art     : Explicit concurrent mark sweep GC freed 1344(78KB) AllocSpace objects, 1(20KB) LOS objects, 23% free, 53MB/69MB, paused 536us total 29.541ms
08-05 14:31:20.094 23097 23109 I art     : Starting a blocking GC Explicit
08-05 14:31:20.121 23097 23109 I art     : Explicit concurrent mark sweep GC freed 20(704B) AllocSpace objects, 0(0B) LOS objects, 23% free, 53MB/69MB, paused 574us total 26.611ms
08-05 14:31:20.130 23097 23109 I art     : Starting a blocking GC Explicit
08-05 14:31:20.154 23097 23109 I art     : Explicit concurrent mark sweep GC freed 3(96B) AllocSpace objects, 0(0B) LOS objects, 23% free, 53MB/69MB, paused 520us total 23.793ms
08-05 14:31:20.163 23097 23109 I art     : Starting a blocking GC Explicit
08-05 14:31:20.187 23097 23109 I art     : Explicit concurrent mark sweep GC freed 3(96B) AllocSpace objects, 0(0B) LOS objects, 23% free, 53MB/69MB, paused 496us total 23.427ms
08-05 14:31:20.196 23097 23109 I art     : Starting a blocking GC Explicit
08-05 14:31:20.219 23097 23109 I art     : Explicit concurrent mark sweep GC freed 3(96B) AllocSpace objects, 0(0B) LOS objects, 23% free, 53MB/69MB, paused 507us total 23.739ms
08-05 14:31:20.247 24817 24817 I ServiceManager: Waiting for service AtCmdFwd...
08-05 14:31:20.546 23097 23187 I art     : Starting a blocking GC Explicit
08-05 14:31:20.581 23097 23187 I art     : Explicit concurrent mark sweep GC freed 1344(78KB) AllocSpace objects, 1(20KB) LOS objects, 23% free, 53MB/69MB, paused 1.015ms total 35.111ms
08-05 14:31:20.597 23097 23187 I art     : Starting a blocking GC Explicit
08-05 14:31:20.619 23097 23187 I art     : Explicit concurrent mark sweep GC freed 20(704B) AllocSpace objects, 0(0B) LOS objects, 23% free, 53MB/69MB, paused 496us total 22.342ms
08-05 14:31:20.628 23097 23187 I art     : Starting a blocking GC Explicit
08-05 14:31:20.650 23097 23187 I art     : Explicit concurrent mark sweep GC freed 3(96B) AllocSpace objects, 0(0B) LOS objects, 23% free, 53MB/69MB, paused 516us total 22.171ms
08-05 14:31:20.659 23097 23187 I art     : Starting a blocking GC Explicit
08-05 14:31:20.683 23097 23187 I art     : Explicit concurrent mark sweep GC freed 3(96B) AllocSpace objects, 0(0B) LOS objects, 23% free, 53MB/69MB, paused 521us total 23.297ms
08-05 14:31:20.692 23097 23187 I art     : Starting a blocking GC Explicit
08-05 14:31:20.715 23097 23187 I art     : Explicit concurrent mark sweep GC freed 3(96B) AllocSpace objects, 0(0B) LOS objects, 23% free, 53MB/69MB, paused 510us total 23.345ms
08-05 14:31:21.046 23097 23186 I art     : Starting a blocking GC Explicit
08-05 14:31:21.072 23097 23186 I art     : Explicit concurrent mark sweep GC freed 1344(78KB) AllocSpace objects, 1(20KB) LOS objects, 23% free, 53MB/69MB, paused 516us total 25.549ms
08-05 14:31:21.081 23097 23186 I art     : Starting a blocking GC Explicit
08-05 14:31:21.105 23097 23186 I art     : Explicit concurrent mark sweep GC freed 20(704B) AllocSpace objects, 0(0B) LOS objects, 23% free, 53MB/69MB, paused 535us total 23.812ms
08-05 14:31:21.114 23097 23186 I art     : Starting a blocking GC Explicit
08-05 14:31:21.138 23097 23186 I art     : Explicit concurrent mark sweep GC freed 3(96B) AllocSpace objects, 0(0B) LOS objects, 23% free, 53MB/69MB, paused 529us total 23.754ms
08-05 14:31:21.148 23097 23186 I art     : Starting a blocking GC Explicit
08-05 14:31:21.172 23097 23186 I art     : Explicit concurrent mark sweep GC freed 3(96B) AllocSpace objects, 0(0B) LOS objects, 23% free, 53MB/69MB, paused 508us total 23.757ms
08-05 14:31:21.181 23097 23186 I art     : Starting a blocking GC Explicit
08-05 14:31:21.204 23097 23186 I art     : Explicit concurrent mark sweep GC freed 3(96B) AllocSpace objects, 0(0B) LOS objects, 23% free, 53MB/69MB, paused 516us total 23.484ms
08-05 14:31:21.248 24817 24817 I ServiceManager: Waiting for service AtCmdFwd...
08-05 14:31:21.526 23097 23110 I art     : Starting a blocking GC Explicit
08-05 14:31:21.556 23097 23110 I art     : Explicit concurrent mark sweep GC freed 1344(78KB) AllocSpace objects, 1(20KB) LOS objects, 23% free, 53MB/69MB, paused 566us total 29.892ms
08-05 14:31:21.567 23097 23110 I art     : Starting a blocking GC Explicit
08-05 14:31:21.591 23097 23110 I art     : Explicit concurrent mark sweep GC freed 20(704B) AllocSpace objects, 0(0B) LOS objects, 23% free, 53MB/69MB, paused 498us total 23.552ms
08-05 14:31:21.600 23097 23110 I art     : Starting a blocking GC Explicit
08-05 14:31:21.624 23097 23110 I art     : Explicit concurrent mark sweep GC freed 3(96B) AllocSpace objects, 0(0B) LOS objects, 23% free, 53MB/69MB, paused 510us total 23.097ms
08-05 14:31:21.632 23097 23110 I art     : Starting a blocking GC Explicit
08-05 14:31:21.656 23097 23110 I art     : Explicit concurrent mark sweep GC freed 3(96B) AllocSpace objects, 0(0B) LOS objects, 23% free, 53MB/69MB, paused 535us total 23.701ms
08-05 14:31:21.666 23097 23110 I art     : Starting a blocking GC Explicit
08-05 14:31:21.689 23097 23110 I art     : Explicit concurrent mark sweep GC freed 3(96B) AllocSpace objects, 0(0B) LOS objects, 23% free, 53MB/69MB, paused 516us total 23.693ms
08-05 14:31:22.002 23097 23109 I art     : Starting a blocking GC Explicit
08-05 14:31:22.030 23097 23109 I art     : Explicit concurrent mark sweep GC freed 1365(79KB) AllocSpace objects, 1(20KB) LOS objects, 23% free, 53MB/69MB, paused 552us total 27.030ms
08-05 14:31:22.042 23097 23109 I art     : Starting a blocking GC Explicit
08-05 14:31:22.066 23097 23109 I art     : Explicit concurrent mark sweep GC freed 36(1216B) AllocSpace objects, 0(0B) LOS objects, 23% free, 53MB/69MB, paused 503us total 23.600ms
08-05 14:31:22.075 23097 23109 I art     : Starting a blocking GC Explicit
08-05 14:31:22.099 23097 23109 I art     : Explicit concurrent mark sweep GC freed 3(96B) AllocSpace objects, 0(0B) LOS objects, 23% free, 53MB/69MB, paused 502us total 23.432ms
08-05 14:31:22.108 23097 23109 I art     : Starting a blocking GC Explicit
08-05 14:31:22.132 23097 23109 I art     : Explicit concurrent mark sweep GC freed 3(96B) AllocSpace objects, 0(0B) LOS objects, 23% free, 53MB/69MB, paused 504us total 23.852ms
08-05 14:31:22.141 23097 23109 I art     : Starting a blocking GC Explicit
08-05 14:31:22.165 23097 23109 I art     : Explicit concurrent mark sweep GC freed 3(96B) AllocSpace objects, 0(0B) LOS objects, 23% free, 53MB/69MB, paused 505us total 23.293ms
08-05 14:31:22.249 24817 24817 I ServiceManager: Waiting for service AtCmdFwd...
08-05 14:31:22.524 23097 23187 I art     : Starting a blocking GC Explicit
08-05 14:31:22.560 23097 23187 I art     : Explicit concurrent mark sweep GC freed 1344(78KB) AllocSpace objects, 1(20KB) LOS objects, 23% free, 53MB/69MB, paused 614us total 35.525ms
08-05 14:31:22.577 23097 23187 I art     : Starting a blocking GC Explicit
08-05 14:31:22.601 23097 23187 I art     : Explicit concurrent mark sweep GC freed 20(704B) AllocSpace objects, 0(0B) LOS objects, 23% free, 53MB/69MB, paused 504us total 23.632ms
08-05 14:31:22.610 23097 23187 I art     : Starting a blocking GC Explicit
08-05 14:31:22.633 23097 23187 I art     : Explicit concurrent mark sweep GC freed 3(96B) AllocSpace objects, 0(0B) LOS objects, 23% free, 53MB/69MB, paused 498us total 23.228ms
08-05 14:31:22.642 23097 23187 I art     : Starting a blocking GC Explicit
08-05 14:31:22.666 23097 23187 I art     : Explicit concurrent mark sweep GC freed 3(96B) AllocSpace objects, 0(0B) LOS objects, 23% free, 53MB/69MB, paused 496us total 23.270ms
08-05 14:31:22.675 23097 23187 I art     : Starting a blocking GC Explicit
08-05 14:31:22.699 23097 23187 I art     : Explicit concurrent mark sweep GC freed 3(96B) AllocSpace objects, 0(0B) LOS objects, 23% free, 53MB/69MB, paused 530us total 23.252ms
08-05 14:31:23.012 23097 23186 I art     : Starting a blocking GC Explicit
08-05 14:31:23.045 23097 23186 I art     : Explicit concurrent mark sweep GC freed 1344(78KB) AllocSpace objects, 1(20KB) LOS objects, 23% free, 53MB/69MB, paused 593us total 32.812ms
08-05 14:31:23.059 23097 23186 I art     : Starting a blocking GC Explicit
08-05 14:31:23.083 23097 23186 I art     : Explicit concurrent mark sweep GC freed 20(704B) AllocSpace objects, 0(0B) LOS objects, 23% free, 53MB/69MB, paused 504us total 23.228ms
08-05 14:31:23.092 23097 23186 I art     : Starting a blocking GC Explicit
08-05 14:31:23.115 23097 23186 I art     : Explicit concurrent mark sweep GC freed 3(96B) AllocSpace objects, 0(0B) LOS objects, 23% free, 53MB/69MB, paused 514us total 23.203ms
08-05 14:31:23.124 23097 23186 I art     : Starting a blocking GC Explicit
08-05 14:31:23.148 23097 23186 I art     : Explicit concurrent mark sweep GC freed 3(96B) AllocSpace objects, 0(0B) LOS objects, 23% free, 53MB/69MB, paused 486us total 23.815ms
08-05 14:31:23.157 23097 23186 I art     : Starting a blocking GC Explicit
08-05 14:31:23.181 23097 23186 I art     : Explicit concurrent mark sweep GC freed 3(96B) AllocSpace objects, 0(0B) LOS objects, 23% free, 53MB/69MB, paused 514us total 22.816ms
08-05 14:31:23.250 24817 24817 W Atfwd_Sendcmd: AtCmdFwd service not published, waiting... retryCnt : 4
08-05 14:31:23.505 23097 23110 I art     : Starting a blocking GC Explicit
08-05 14:31:23.537 23097 23110 I art     : Explicit concurrent mark sweep GC freed 1344(78KB) AllocSpace objects, 1(20KB) LOS objects, 23% free, 53MB/69MB, paused 539us total 30.723ms
08-05 14:31:23.548 23097 23110 I art     : Starting a blocking GC Explicit
08-05 14:31:23.572 23097 23110 I art     : Explicit concurrent mark sweep GC freed 20(704B) AllocSpace objects, 0(0B) LOS objects, 23% free, 53MB/69MB, paused 502us total 23.452ms
08-05 14:31:23.581 23097 23110 I art     : Starting a blocking GC Explicit
08-05 14:31:23.605 23097 23110 I art     : Explicit concurrent mark sweep GC freed 3(96B) AllocSpace objects, 0(0B) LOS objects, 23% free, 53MB/69MB, paused 461us total 23.358ms
08-05 14:31:23.614 23097 23110 I art     : Starting a blocking GC Explicit
08-05 14:31:23.638 23097 23110 I art     : Explicit concurrent mark sweep GC freed 3(96B) AllocSpace objects, 0(0B) LOS objects, 23% free, 53MB/69MB, paused 533us total 23.825ms
08-05 14:31:23.647 23097 23110 I art     : Starting a blocking GC Explicit
08-05 14:31:23.671 23097 23110 I art     : Explicit concurrent mark sweep GC freed 3(96B) AllocSpace objects, 0(0B) LOS objects, 23% free, 53MB/69MB, paused 509us total 23.665ms
08-05 14:31:23.981 23097 23109 I art     : Starting a blocking GC Explicit
08-05 14:31:24.016 23097 23109 I art     : Explicit concurrent mark sweep GC freed 1344(78KB) AllocSpace objects, 1(20KB) LOS objects, 23% free, 53MB/69MB, paused 832us total 34.051ms
08-05 14:31:24.029 23097 23109 I art     : Starting a blocking GC Explicit
08-05 14:31:24.057 23097 23109 I art     : Explicit concurrent mark sweep GC freed 20(704B) AllocSpace objects, 0(0B) LOS objects, 23% free, 53MB/69MB, paused 624us total 28.446ms
08-05 14:31:24.067 23097 23109 I art     : Starting a blocking GC Explicit
08-05 14:31:24.091 23097 23109 I art     : Explicit concurrent mark sweep GC freed 3(96B) AllocSpace objects, 0(0B) LOS objects, 23% free, 53MB/69MB, paused 496us total 23.767ms
08-05 14:31:24.100 23097 23109 I art     : Starting a blocking GC Explicit
08-05 14:31:24.123 23097 23109 I art     : Explicit concurrent mark sweep GC freed 3(96B) AllocSpace objects, 0(0B) LOS objects, 23% free, 53MB/69MB, paused 496us total 23.057ms
08-05 14:31:24.132 23097 23109 I art     : Starting a blocking GC Explicit
08-05 14:31:24.156 23097 23109 I art     : Explicit concurrent mark sweep GC freed 3(96B) AllocSpace objects, 0(0B) LOS objects, 23% free, 53MB/69MB, paused 491us total 23.292ms
08-05 14:31:24.472 23097 23187 I art     : Starting a blocking GC Explicit
08-05 14:31:24.499 23097 23187 I art     : Explicit concurrent mark sweep GC freed 1344(78KB) AllocSpace objects, 1(20KB) LOS objects, 23% free, 53MB/69MB, paused 550us total 26.820ms
08-05 14:31:24.511 23097 23187 I art     : Starting a blocking GC Explicit
08-05 14:31:24.535 23097 23187 I art     : Explicit concurrent mark sweep GC freed 20(704B) AllocSpace objects, 0(0B) LOS objects, 23% free, 53MB/69MB, paused 511us total 23.894ms
08-05 14:31:24.544 23097 23187 I art     : Starting a blocking GC Explicit
08-05 14:31:24.568 23097 23187 I art     : Explicit concurrent mark sweep GC freed 3(96B) AllocSpace objects, 0(0B) LOS objects, 23% free, 53MB/69MB, paused 561us total 23.389ms
08-05 14:31:24.577 23097 23187 I art     : Starting a blocking GC Explicit
08-05 14:31:24.601 23097 23187 I art     : Explicit concurrent mark sweep GC freed 3(96B) AllocSpace objects, 0(0B) LOS objects, 23% free, 53MB/69MB, paused 513us total 23.697ms
08-05 14:31:24.610 23097 23187 I art     : Starting a blocking GC Explicit
08-05 14:31:24.633 23097 23187 I art     : Explicit concurrent mark sweep GC freed 3(96B) AllocSpace objects, 0(0B) LOS objects, 23% free, 53MB/69MB, paused 503us total 23.122ms
08-05 14:31:24.963 23097 23186 I art     : Starting a blocking GC Explicit
08-05 14:31:24.998 23097 23186 I art     : Explicit concurrent mark sweep GC freed 1344(78KB) AllocSpace objects, 1(20KB) LOS objects, 23% free, 53MB/69MB, paused 687us total 34.306ms
08-05 14:31:25.012 23097 23186 I art     : Starting a blocking GC Explicit
08-05 14:31:25.038 23097 23186 I art     : Explicit concurrent mark sweep GC freed 20(704B) AllocSpace objects, 0(0B) LOS objects, 23% free, 53MB/69MB, paused 507us total 26.133ms
08-05 14:31:25.047 23097 23186 I art     : Starting a blocking GC Explicit
08-05 14:31:25.071 23097 23186 I art     : Explicit concurrent mark sweep GC freed 3(96B) AllocSpace objects, 0(0B) LOS objects, 23% free, 53MB/69MB, paused 507us total 23.840ms
08-05 14:31:25.080 23097 23186 I art     : Starting a blocking GC Explicit
08-05 14:31:25.104 23097 23186 I art     : Explicit concurrent mark sweep GC freed 3(96B) AllocSpace objects, 0(0B) LOS objects, 23% free, 53MB/69MB, paused 488us total 23.480ms
08-05 14:31:25.105 23097 23108 I art     : WaitForGcToComplete blocked for 22.678ms for cause HeapTrim
08-05 14:31:25.113 23097 23186 I art     : Starting a blocking GC Explicit
08-05 14:31:25.137 23097 23186 I art     : Explicit concurrent mark sweep GC freed 3(96B) AllocSpace objects, 0(0B) LOS objects, 23% free, 53MB/69MB, paused 606us total 23.560ms
08-05 14:31:25.460 23097 23110 I art     : Starting a blocking GC Explicit
08-05 14:31:25.488 23097 23110 I art     : Explicit concurrent mark sweep GC freed 1344(78KB) AllocSpace objects, 1(20KB) LOS objects, 23% free, 53MB/69MB, paused 586us total 28.227ms
08-05 14:31:25.500 23097 23110 I art     : Starting a blocking GC Explicit
08-05 14:31:25.524 23097 23110 I art     : Explicit concurrent mark sweep GC freed 20(704B) AllocSpace objects, 0(0B) LOS objects, 23% free, 53MB/69MB, paused 511us total 23.680ms
08-05 14:31:25.533 23097 23110 I art     : Starting a blocking GC Explicit
08-05 14:31:25.557 23097 23110 I art     : Explicit concurrent mark sweep GC freed 3(96B) AllocSpace objects, 0(0B) LOS objects, 23% free, 53MB/69MB, paused 623us total 23.360ms
08-05 14:31:25.566 23097 23110 I art     : Starting a blocking GC Explicit
08-05 14:31:25.590 23097 23110 I art     : Explicit concurrent mark sweep GC freed 3(96B) AllocSpace objects, 0(0B) LOS objects, 23% free, 53MB/69MB, paused 499us total 23.508ms
08-05 14:31:25.599 23097 23110 I art     : Starting a blocking GC Explicit
08-05 14:31:25.622 23097 23110 I art     : Explicit concurrent mark sweep GC freed 3(96B) AllocSpace objects, 0(0B) LOS objects, 23% free, 53MB/69MB, paused 559us total 23.243ms
08-05 14:31:25.940 23097 23109 I art     : Starting a blocking GC Explicit
08-05 14:31:25.963 23097 23109 I art     : Explicit concurrent mark sweep GC freed 1344(78KB) AllocSpace objects, 1(20KB) LOS objects, 23% free, 53MB/69MB, paused 529us total 23.480ms
08-05 14:31:25.973 23097 23109 I art     : Starting a blocking GC Explicit
08-05 14:31:25.995 23097 23109 I art     : Explicit concurrent mark sweep GC freed 20(704B) AllocSpace objects, 0(0B) LOS objects, 23% free, 53MB/69MB, paused 510us total 22.120ms
08-05 14:31:26.004 23097 23109 I art     : Starting a blocking GC Explicit
08-05 14:31:26.026 23097 23109 I art     : Explicit concurrent mark sweep GC freed 3(96B) AllocSpace objects, 0(0B) LOS objects, 23% free, 53MB/69MB, paused 508us total 21.819ms
08-05 14:31:26.034 23097 23109 I art     : Starting a blocking GC Explicit
08-05 14:31:26.057 23097 23109 I art     : Explicit concurrent mark sweep GC freed 3(96B) AllocSpace objects, 0(0B) LOS objects, 23% free, 53MB/69MB, paused 565us total 22.160ms
08-05 14:31:26.065 23097 23109 I art     : Starting a blocking GC Explicit
08-05 14:31:26.088 23097 23109 I art     : Explicit concurrent mark sweep GC freed 3(96B) AllocSpace objects, 0(0B) LOS objects, 23% free, 53MB/69MB, paused 546us total 22.231ms
08-05 14:31:26.327 26263 26263 D AndroidRuntime: >>>>>> START com.android.internal.os.RuntimeInit uid 2000 <<<<<<
08-05 14:31:26.332 26263 26263 D AndroidRuntime: CheckJNI is OFF
08-05 14:31:26.367 26263 26263 D ICU     : No timezone override file found: /data/misc/zoneinfo/current/icu/icu_tzdata.dat
08-05 14:31:26.390 23097 23187 I art     : Starting a blocking GC Explicit
08-05 14:31:26.400 26263 26263 I Radio-JNI: register_android_hardware_Radio DONE
08-05 14:31:26.413 23097 23187 I art     : Explicit concurrent mark sweep GC freed 1344(78KB) AllocSpace objects, 1(20KB) LOS objects, 23% free, 53MB/69MB, paused 530us total 22.922ms
08-05 14:31:26.422 23097 23187 I art     : Starting a blocking GC Explicit
08-05 14:31:26.423 26263 26263 D AndroidRuntime: Calling main entry com.android.commands.input.Input
08-05 14:31:26.424 26263 26263 I Input   : injectMotionEvent: MotionEvent { action=ACTION_DOWN, actionButton=0, id[0]=0, x[0]=369.0, y[0]=554.0, toolType[0]=TOOL_TYPE_UNKNOWN, buttonState=0, metaState=0, flags=0x0, edgeFlags=0x0, pointerCount=1, historySize=0, eventTime=801102837, downTime=801102837, deviceId=0, source=0x1002 }
08-05 14:31:26.431 26263 26263 I Input   : injectMotionEvent: MotionEvent { action=ACTION_UP, actionButton=0, id[0]=0, x[0]=369.0, y[0]=554.0, toolType[0]=TOOL_TYPE_UNKNOWN, buttonState=0, metaState=0, flags=0x0, edgeFlags=0x0, pointerCount=1, historySize=0, eventTime=801102837, downTime=801102837, deviceId=0, source=0x1002 }
08-05 14:31:26.432   918   929 I ActivityManager: START u0 {cmp=baseline.appteam.nith.hillffair/.activities.ClubActivity (has extras)} from uid 10675 on display 0
08-05 14:31:26.440 26263 26263 D AndroidRuntime: Shutting down VM
08-05 14:31:26.445 23097 23187 I art     : Explicit concurrent mark sweep GC freed 44(1456B) AllocSpace objects, 0(0B) LOS objects, 23% free, 53MB/69MB, paused 497us total 23.049ms
08-05 14:31:26.454 23097 23187 I art     : Starting a blocking GC Explicit
08-05 14:31:26.476 23097 23187 I art     : Explicit concurrent mark sweep GC freed 3446(203KB) AllocSpace objects, 0(0B) LOS objects, 23% free, 53MB/69MB, paused 1.015ms total 22.453ms
08-05 14:31:26.485 23097 23187 I art     : Starting a blocking GC Explicit
08-05 14:31:26.505 23097 23187 I art     : Explicit concurrent mark sweep GC freed 291(26KB) AllocSpace objects, 0(0B) LOS objects, 23% free, 53MB/69MB, paused 543us total 19.963ms
08-05 14:31:26.513 23097 23187 I art     : Starting a blocking GC Explicit
08-05 14:31:26.536 23097 23187 I art     : Explicit concurrent mark sweep GC freed 166(6KB) AllocSpace objects, 0(0B) LOS objects, 23% free, 53MB/69MB, paused 542us total 22.093ms
08-05 14:31:26.536   918   936 I ActivityManager: Displayed baseline.appteam.nith.hillffair/.activities.ClubActivity: +96ms
08-05 14:31:26.536 13866 13866 I GoogleInputMethodServic: GoogleInputMethodService.onFinishInput():3138 
08-05 14:31:26.537 13866 13866 I GoogleInputMethodServic: GoogleInputMethodService.onStartInput():1808 
08-05 14:31:26.781   380   380 W SurfaceFlinger: couldn't log to binary event log: overflow.
08-05 14:31:26.803 23097 23109 I art     : Starting a blocking GC Explicit
08-05 14:31:26.824 23097 23109 I art     : Explicit concurrent mark sweep GC freed 1456(85KB) AllocSpace objects, 1(20KB) LOS objects, 23% free, 53MB/69MB, paused 577us total 21.414ms
08-05 14:31:26.833 23097 23109 I art     : Starting a blocking GC Explicit
08-05 14:31:26.853 23097 23109 I art     : Explicit concurrent mark sweep GC freed 26(912B) AllocSpace objects, 0(0B) LOS objects, 23% free, 53MB/69MB, paused 493us total 20.412ms
08-05 14:31:26.862 23097 23109 I art     : Starting a blocking GC Explicit
08-05 14:31:26.884 23097 23109 I art     : Explicit concurrent mark sweep GC freed 3(96B) AllocSpace objects, 0(0B) LOS objects, 23% free, 53MB/69MB, paused 501us total 22.182ms
08-05 14:31:26.893 23097 23109 I art     : Starting a blocking GC Explicit
08-05 14:31:26.916 23097 23109 I art     : Explicit concurrent mark sweep GC freed 3(96B) AllocSpace objects, 0(0B) LOS objects, 23% free, 53MB/69MB, paused 615us total 22.833ms
08-05 14:31:26.926 23097 23109 I art     : Starting a blocking GC Explicit
08-05 14:31:26.952 23097 23109 I art     : Explicit concurrent mark sweep GC freed 110(6KB) AllocSpace objects, 0(0B) LOS objects, 23% free, 53MB/69MB, paused 530us total 25.786ms
08-05 14:31:27.221 23097 23186 I art     : Starting a blocking GC Explicit
08-05 14:31:27.246 23097 23186 I art     : Explicit concurrent mark sweep GC freed 1401(80KB) AllocSpace objects, 1(20KB) LOS objects, 23% free, 53MB/69MB, paused 561us total 24.745ms
08-05 14:31:27.255 23097 23186 I art     : Starting a blocking GC Explicit
08-05 14:31:27.279 23097 23186 I art     : Explicit concurrent mark sweep GC freed 60(2048B) AllocSpace objects, 0(0B) LOS objects, 23% free, 53MB/69MB, paused 539us total 23.109ms
08-05 14:31:27.287 23097 23186 I art     : Starting a blocking GC Explicit
08-05 14:31:27.311 23097 23186 I art     : Explicit concurrent mark sweep GC freed 673(55KB) AllocSpace objects, 2(120KB) LOS objects, 22% free, 53MB/69MB, paused 692us total 23.311ms
08-05 14:31:27.320 23097 23186 I art     : Starting a blocking GC Explicit
08-05 14:31:27.337 23097 26286 D OkHttp  : --> GET https://api-hillfair-2k16.herokuapp.com/api/app/club/PR%20Club http/1.1
08-05 14:31:27.343 23097 23186 I art     : Explicit concurrent mark sweep GC freed 2089(82KB) AllocSpace objects, 0(0B) LOS objects, 22% free, 53MB/69MB, paused 589us total 23.579ms
08-05 14:31:27.352 23097 23186 I art     : Starting a blocking GC Explicit
08-05 14:31:27.374 23097 23186 I art     : Explicit concurrent mark sweep GC freed 782(109KB) AllocSpace objects, 1(80KB) LOS objects, 22% free, 53MB/69MB, paused 552us total 21.855ms
08-05 14:31:27.378 23097 26286 D OkHttp  : <-- 200 OK https://api-hillfair-2k16.herokuapp.com/api/app/club/PR%20Club (40ms, 979-byte body)
08-05 14:31:27.383   918  3261 D WifiStateMachine: starting scan for "H369AA63323"WPA_PSK with 2412,5180
08-05 14:31:27.450 23097 23097 I NAPPA_EXPERIMENTATION: MetricNetworkRequestExecutionTime: REQUEST_DURATION_SYSTEM='981',REQUEST_DURATION_OKHTTP='40',REQUEST_SYNCHRONOUS='FALSE',RESPONSE_CODE='200',RESPONSE_METHOD='GET',RESPONSE_LENGTH_OKHTTP='979',RESPONSE_LENGTH_HEADER='979',REQUEST_PROTOCOL='http/1.1',REQUEST_URL='https://api-hillfair-2k16.herokuapp.com/api/app/club/PR%20Club',
08-05 14:31:27.668 23097 23187 I art     : Starting a blocking GC Explicit
08-05 14:31:27.693 23097 23187 I art     : Explicit concurrent mark sweep GC freed 2198(215KB) AllocSpace objects, 1(20KB) LOS objects, 22% free, 53MB/69MB, paused 530us total 25.195ms
08-05 14:31:27.703 23097 23187 I art     : Starting a blocking GC Explicit
08-05 14:31:27.727 23097 23187 I art     : Explicit concurrent mark sweep GC freed 96(3KB) AllocSpace objects, 0(0B) LOS objects, 22% free, 53MB/69MB, paused 626us total 23.801ms
08-05 14:31:27.737 23097 23187 I art     : Starting a blocking GC Explicit
08-05 14:31:27.760 23097 23187 I art     : Explicit concurrent mark sweep GC freed 3(96B) AllocSpace objects, 0(0B) LOS objects, 22% free, 53MB/69MB, paused 513us total 23.198ms
08-05 14:31:27.769 23097 23187 I art     : Starting a blocking GC Explicit
08-05 14:31:27.792 23097 23187 I art     : Explicit concurrent mark sweep GC freed 3(96B) AllocSpace objects, 0(0B) LOS objects, 22% free, 53MB/69MB, paused 507us total 22.959ms
08-05 14:31:27.802 23097 23187 I art     : Starting a blocking GC Explicit
08-05 14:31:27.825 23097 23187 I art     : Explicit concurrent mark sweep GC freed 3(96B) AllocSpace objects, 0(0B) LOS objects, 22% free, 53MB/69MB, paused 497us total 22.920ms
08-05 14:31:28.121 23097 23109 I art     : Starting a blocking GC Explicit
08-05 14:31:28.153 23097 23109 I art     : Explicit concurrent mark sweep GC freed 1360(78KB) AllocSpace objects, 1(20KB) LOS objects, 22% free, 53MB/69MB, paused 558us total 30.910ms
08-05 14:31:28.165 23097 23109 I art     : Starting a blocking GC Explicit
08-05 14:31:28.190 23097 23109 I art     : Explicit concurrent mark sweep GC freed 20(704B) AllocSpace objects, 0(0B) LOS objects, 22% free, 53MB/69MB, paused 509us total 24.886ms
08-05 14:31:28.200 23097 23109 I art     : Starting a blocking GC Explicit
08-05 14:31:28.225 23097 23109 I art     : Explicit concurrent mark sweep GC freed 3(96B) AllocSpace objects, 0(0B) LOS objects, 22% free, 53MB/69MB, paused 523us total 24.765ms
08-05 14:31:28.234 23097 23109 I art     : Starting a blocking GC Explicit
08-05 14:31:28.258 23097 23109 I art     : Explicit concurrent mark sweep GC freed 3(96B) AllocSpace objects, 0(0B) LOS objects, 22% free, 53MB/69MB, paused 534us total 24.250ms
08-05 14:31:28.267 23097 23109 I art     : Starting a blocking GC Explicit
08-05 14:31:28.292 23097 23109 I art     : Explicit concurrent mark sweep GC freed 3(96B) AllocSpace objects, 0(0B) LOS objects, 22% free, 53MB/69MB, paused 517us total 24.208ms
08-05 14:31:28.606 23097 23186 I art     : Starting a blocking GC Explicit
08-05 14:31:28.635 23097 23186 I art     : Explicit concurrent mark sweep GC freed 1344(78KB) AllocSpace objects, 1(20KB) LOS objects, 22% free, 53MB/69MB, paused 658us total 28.889ms
08-05 14:31:28.648 23097 23186 I art     : Starting a blocking GC Explicit
08-05 14:31:28.673 23097 23186 I art     : Explicit concurrent mark sweep GC freed 20(704B) AllocSpace objects, 0(0B) LOS objects, 22% free, 53MB/69MB, paused 518us total 24.707ms
08-05 14:31:28.682 23097 23186 I art     : Starting a blocking GC Explicit
08-05 14:31:28.706 23097 23186 I art     : Explicit concurrent mark sweep GC freed 3(96B) AllocSpace objects, 0(0B) LOS objects, 22% free, 53MB/69MB, paused 495us total 24ms
08-05 14:31:28.715 23097 23186 I art     : Starting a blocking GC Explicit
08-05 14:31:28.741 23097 23186 I art     : Explicit concurrent mark sweep GC freed 3(96B) AllocSpace objects, 0(0B) LOS objects, 22% free, 53MB/69MB, paused 526us total 25.083ms
08-05 14:31:28.750 23097 23186 I art     : Starting a blocking GC Explicit
08-05 14:31:28.775 23097 23186 I art     : Explicit concurrent mark sweep GC freed 3(96B) AllocSpace objects, 0(0B) LOS objects, 22% free, 53MB/69MB, paused 520us total 24.769ms
08-05 14:31:29.103 23097 23187 I art     : Starting a blocking GC Explicit
08-05 14:31:29.134 23097 23187 I art     : Explicit concurrent mark sweep GC freed 1344(78KB) AllocSpace objects, 1(20KB) LOS objects, 22% free, 53MB/69MB, paused 677us total 30.459ms
08-05 14:31:29.145 23097 23187 I art     : Starting a blocking GC Explicit
08-05 14:31:29.170 23097 23187 I art     : Explicit concurrent mark sweep GC freed 20(704B) AllocSpace objects, 0(0B) LOS objects, 22% free, 53MB/69MB, paused 523us total 24.918ms
08-05 14:31:29.179 23097 23187 I art     : Starting a blocking GC Explicit
08-05 14:31:29.203 23097 23187 I art     : Explicit concurrent mark sweep GC freed 3(96B) AllocSpace objects, 0(0B) LOS objects, 22% free, 53MB/69MB, paused 497us total 23.775ms
08-05 14:31:29.212 23097 23187 I art     : Starting a blocking GC Explicit
08-05 14:31:29.237 23097 23187 I art     : Explicit concurrent mark sweep GC freed 3(96B) AllocSpace objects, 0(0B) LOS objects, 22% free, 53MB/69MB, paused 603us total 24.349ms
08-05 14:31:29.246 23097 23187 I art     : Starting a blocking GC Explicit
08-05 14:31:29.271 23097 23187 I art     : Explicit concurrent mark sweep GC freed 3(96B) AllocSpace objects, 0(0B) LOS objects, 22% free, 53MB/69MB, paused 512us total 24.352ms
08-05 14:31:29.594 23097 23110 I art     : Starting a blocking GC Explicit
08-05 14:31:29.624 23097 23110 I art     : Explicit concurrent mark sweep GC freed 1344(78KB) AllocSpace objects, 1(20KB) LOS objects, 22% free, 53MB/69MB, paused 560us total 30.246ms
08-05 14:31:29.635 23097 23110 I art     : Starting a blocking GC Explicit
08-05 14:31:29.660 23097 23110 I art     : Explicit concurrent mark sweep GC freed 20(704B) AllocSpace objects, 0(0B) LOS objects, 22% free, 53MB/69MB, paused 514us total 24.828ms
08-05 14:31:29.670 23097 23110 I art     : Starting a blocking GC Explicit
08-05 14:31:29.694 23097 23110 I art     : Explicit concurrent mark sweep GC freed 3(96B) AllocSpace objects, 0(0B) LOS objects, 22% free, 53MB/69MB, paused 483us total 23.997ms
08-05 14:31:29.703 23097 23110 I art     : Starting a blocking GC Explicit
08-05 14:31:29.728 23097 23110 I art     : Explicit concurrent mark sweep GC freed 3(96B) AllocSpace objects, 0(0B) LOS objects, 22% free, 53MB/69MB, paused 523us total 24.438ms
08-05 14:31:29.737 23097 23110 I art     : Starting a blocking GC Explicit
08-05 14:31:29.762 23097 23110 I art     : Explicit concurrent mark sweep GC freed 3(96B) AllocSpace objects, 0(0B) LOS objects, 22% free, 53MB/69MB, paused 520us total 24.593ms
08-05 14:31:30.073 23097 23109 I art     : Starting a blocking GC Explicit
08-05 14:31:30.104 23097 23109 I art     : Explicit concurrent mark sweep GC freed 1344(78KB) AllocSpace objects, 1(20KB) LOS objects, 22% free, 53MB/69MB, paused 569us total 30.520ms
08-05 14:31:30.116 23097 23109 I art     : Starting a blocking GC Explicit
08-05 14:31:30.142 23097 23109 I art     : Explicit concurrent mark sweep GC freed 20(704B) AllocSpace objects, 0(0B) LOS objects, 22% free, 53MB/69MB, paused 529us total 25.317ms
08-05 14:31:30.151 23097 23109 I art     : Starting a blocking GC Explicit
08-05 14:31:30.176 23097 23109 I art     : Explicit concurrent mark sweep GC freed 6(192B) AllocSpace objects, 0(0B) LOS objects, 22% free, 53MB/69MB, paused 490us total 24.444ms
08-05 14:31:30.185 23097 23109 I art     : Starting a blocking GC Explicit
08-05 14:31:30.210 23097 23109 I art     : Explicit concurrent mark sweep GC freed 21(1008B) AllocSpace objects, 0(0B) LOS objects, 22% free, 53MB/69MB, paused 510us total 24.302ms
08-05 14:31:30.219 23097 23109 I art     : Starting a blocking GC Explicit
08-05 14:31:30.243 23097 23109 I art     : Explicit concurrent mark sweep GC freed 19(608B) AllocSpace objects, 0(0B) LOS objects, 22% free, 53MB/69MB, paused 517us total 24.154ms
08-05 14:31:30.569 23097 23186 I art     : Starting a blocking GC Explicit
08-05 14:31:30.600 23097 23186 I art     : Explicit concurrent mark sweep GC freed 1344(78KB) AllocSpace objects, 1(20KB) LOS objects, 22% free, 53MB/69MB, paused 544us total 30.464ms
08-05 14:31:30.613 23097 23186 I art     : Starting a blocking GC Explicit
08-05 14:31:30.638 23097 23186 I art     : Explicit concurrent mark sweep GC freed 20(704B) AllocSpace objects, 0(0B) LOS objects, 22% free, 53MB/69MB, paused 501us total 25.150ms
08-05 14:31:30.648 23097 23186 I art     : Starting a blocking GC Explicit
08-05 14:31:30.672 23097 23186 I art     : Explicit concurrent mark sweep GC freed 3(96B) AllocSpace objects, 0(0B) LOS objects, 22% free, 53MB/69MB, paused 462us total 24.119ms
08-05 14:31:30.682 23097 23186 I art     : Starting a blocking GC Explicit
08-05 14:31:30.705 23097 23186 I art     : Explicit concurrent mark sweep GC freed 3(96B) AllocSpace objects, 0(0B) LOS objects, 22% free, 53MB/69MB, paused 461us total 23.554ms
08-05 14:31:30.714 23097 23186 I art     : Starting a blocking GC Explicit
08-05 14:31:30.737 23097 23186 I art     : Explicit concurrent mark sweep GC freed 3(96B) AllocSpace objects, 0(0B) LOS objects, 22% free, 53MB/69MB, paused 573us total 22.672ms
08-05 14:31:31.035 23097 23187 I art     : Starting a blocking GC Explicit
08-05 14:31:31.059 23097 23187 I art     : Explicit concurrent mark sweep GC freed 1344(78KB) AllocSpace objects, 1(20KB) LOS objects, 22% free, 53MB/69MB, paused 524us total 24.407ms
08-05 14:31:31.069 23097 23187 I art     : Starting a blocking GC Explicit
08-05 14:31:31.093 23097 23187 I art     : Explicit concurrent mark sweep GC freed 20(704B) AllocSpace objects, 0(0B) LOS objects, 22% free, 53MB/69MB, paused 518us total 23.844ms
08-05 14:31:31.102 23097 23187 I art     : Starting a blocking GC Explicit
08-05 14:31:31.125 23097 23187 I art     : Explicit concurrent mark sweep GC freed 3(96B) AllocSpace objects, 0(0B) LOS objects, 22% free, 53MB/69MB, paused 520us total 23.165ms
08-05 14:31:31.126 26379 26379 D AndroidRuntime: >>>>>> START com.android.internal.os.RuntimeInit uid 2000 <<<<<<
08-05 14:31:31.131 26379 26379 D AndroidRuntime: CheckJNI is OFF
08-05 14:31:31.134 23097 23187 I art     : Starting a blocking GC Explicit
08-05 14:31:31.157 23097 23187 I art     : Explicit concurrent mark sweep GC freed 3(96B) AllocSpace objects, 0(0B) LOS objects, 22% free, 53MB/69MB, paused 574us total 22.657ms
08-05 14:31:31.166 23097 23187 I art     : Starting a blocking GC Explicit
08-05 14:31:31.167 26379 26379 D ICU     : No timezone override file found: /data/misc/zoneinfo/current/icu/icu_tzdata.dat
08-05 14:31:31.188 23097 23187 I art     : Explicit concurrent mark sweep GC freed 3(96B) AllocSpace objects, 0(0B) LOS objects, 22% free, 53MB/69MB, paused 524us total 22.657ms
08-05 14:31:31.201 26379 26379 I Radio-JNI: register_android_hardware_Radio DONE
08-05 14:31:31.223 26379 26379 D AndroidRuntime: Calling main entry com.android.commands.input.Input
08-05 14:31:31.224 26379 26379 I Input   : injectKeyEvent: KeyEvent { action=ACTION_DOWN, keyCode=KEYCODE_BACK, scanCode=0, metaState=0, flags=0x0, repeatCount=0, eventTime=801107637, downTime=801107637, deviceId=-1, source=0x101 }
08-05 14:31:31.230 26379 26379 I Input   : injectKeyEvent: KeyEvent { action=ACTION_UP, keyCode=KEYCODE_BACK, scanCode=0, metaState=0, flags=0x0, repeatCount=0, eventTime=801107637, downTime=801107637, deviceId=-1, source=0x101 }
08-05 14:31:31.237 26379 26379 D AndroidRuntime: Shutting down VM
08-05 14:31:31.278 13866 13866 I GoogleInputMethodServic: GoogleInputMethodService.onFinishInput():3138 
08-05 14:31:31.279 13866 13866 I GoogleInputMethodServic: GoogleInputMethodService.onStartInput():1808 
08-05 14:31:31.434 23097 23110 I art     : Starting a blocking GC Explicit
08-05 14:31:31.466 23097 23110 I art     : Explicit concurrent mark sweep GC freed 1525(86KB) AllocSpace objects, 1(20KB) LOS objects, 22% free, 53MB/69MB, paused 500us total 32.124ms
08-05 14:31:31.478 23097 23110 I art     : Starting a blocking GC Explicit
08-05 14:31:31.506 23097 23110 I art     : Explicit concurrent mark sweep GC freed 26(944B) AllocSpace objects, 0(0B) LOS objects, 22% free, 53MB/69MB, paused 538us total 27.518ms
08-05 14:31:31.519 23097 23110 I art     : Starting a blocking GC Explicit
08-05 14:31:31.549 23097 23110 I art     : Explicit concurrent mark sweep GC freed 3(96B) AllocSpace objects, 0(0B) LOS objects, 22% free, 53MB/69MB, paused 513us total 30.015ms
08-05 14:31:31.559 23097 23110 I art     : Starting a blocking GC Explicit
08-05 14:31:31.583 23097 23110 I art     : Explicit concurrent mark sweep GC freed 3(96B) AllocSpace objects, 0(0B) LOS objects, 22% free, 53MB/69MB, paused 492us total 23.596ms
08-05 14:31:31.586   380   380 W SurfaceFlinger: couldn't log to binary event log: overflow.
08-05 14:31:31.595 23097 23110 I art     : Starting a blocking GC Explicit
08-05 14:31:31.616 23097 23110 I art     : Explicit concurrent mark sweep GC freed 112(8KB) AllocSpace objects, 0(0B) LOS objects, 22% free, 53MB/69MB, paused 478us total 21.319ms
08-05 14:31:31.912 23097 23109 I art     : Starting a blocking GC Explicit
08-05 14:31:31.944 23097 23109 I art     : Explicit concurrent mark sweep GC freed 2995(185KB) AllocSpace objects, 4(204KB) LOS objects, 23% free, 53MB/69MB, paused 566us total 30.977ms
08-05 14:31:31.957 23097 23109 I art     : Starting a blocking GC Explicit
08-05 14:31:31.982 23097 23109 I art     : Explicit concurrent mark sweep GC freed 20(704B) AllocSpace objects, 0(0B) LOS objects, 23% free, 53MB/69MB, paused 513us total 23.997ms
08-05 14:31:31.991 23097 23109 I art     : Starting a blocking GC Explicit
08-05 14:31:32.015 23097 23109 I art     : Explicit concurrent mark sweep GC freed 3(96B) AllocSpace objects, 0(0B) LOS objects, 23% free, 53MB/69MB, paused 471us total 23.904ms
08-05 14:31:32.024 23097 23109 I art     : Starting a blocking GC Explicit
08-05 14:31:32.048 23097 23109 I art     : Explicit concurrent mark sweep GC freed 3(96B) AllocSpace objects, 0(0B) LOS objects, 23% free, 53MB/69MB, paused 577us total 23.900ms
08-05 14:31:32.058 23097 23109 I art     : Starting a blocking GC Explicit
08-05 14:31:32.082 23097 23109 I art     : Explicit concurrent mark sweep GC freed 3(96B) AllocSpace objects, 0(0B) LOS objects, 23% free, 53MB/69MB, paused 503us total 24.066ms
08-05 14:31:32.351 23097 23187 I art     : Starting a blocking GC Explicit
08-05 14:31:32.380 23097 23187 I art     : Explicit concurrent mark sweep GC freed 1344(78KB) AllocSpace objects, 1(20KB) LOS objects, 23% free, 53MB/69MB, paused 543us total 28.825ms
08-05 14:31:32.390 23097 23187 I art     : Starting a blocking GC Explicit
08-05 14:31:32.414 23097 23187 I art     : Explicit concurrent mark sweep GC freed 20(704B) AllocSpace objects, 0(0B) LOS objects, 23% free, 53MB/69MB, paused 508us total 23.916ms
08-05 14:31:32.423 23097 23187 I art     : Starting a blocking GC Explicit
08-05 14:31:32.447 23097 23187 I art     : Explicit concurrent mark sweep GC freed 3(96B) AllocSpace objects, 0(0B) LOS objects, 23% free, 53MB/69MB, paused 579us total 23.637ms
08-05 14:31:32.456 23097 23187 I art     : Starting a blocking GC Explicit
08-05 14:31:32.478 23097 23187 I art     : Explicit concurrent mark sweep GC freed 3(96B) AllocSpace objects, 0(0B) LOS objects, 23% free, 53MB/69MB, paused 474us total 22.237ms
08-05 14:31:32.487 23097 23187 I art     : Starting a blocking GC Explicit
08-05 14:31:32.510 23097 23187 I art     : Explicit concurrent mark sweep GC freed 3(96B) AllocSpace objects, 0(0B) LOS objects, 23% free, 53MB/69MB, paused 513us total 22.056ms
08-05 14:31:32.786 23097 23186 I art     : Starting a blocking GC Explicit
08-05 14:31:32.810 23097 23186 I art     : Explicit concurrent mark sweep GC freed 1344(78KB) AllocSpace objects, 1(20KB) LOS objects, 23% free, 53MB/69MB, paused 559us total 24.141ms
08-05 14:31:32.824 23097 23186 I art     : Starting a blocking GC Explicit
08-05 14:31:32.847 23097 23186 I art     : Explicit concurrent mark sweep GC freed 20(704B) AllocSpace objects, 0(0B) LOS objects, 23% free, 53MB/69MB, paused 536us total 23.141ms
08-05 14:31:32.856 23097 23186 I art     : Starting a blocking GC Explicit
08-05 14:31:32.879 23097 23186 I art     : Explicit concurrent mark sweep GC freed 3(96B) AllocSpace objects, 0(0B) LOS objects, 23% free, 53MB/69MB, paused 564us total 22.460ms
08-05 14:31:32.888 23097 23186 I art     : Starting a blocking GC Explicit
08-05 14:31:32.888 26433 26433 D AndroidRuntime: >>>>>> START com.android.internal.os.RuntimeInit uid 2000 <<<<<<
08-05 14:31:32.893 26433 26433 D AndroidRuntime: CheckJNI is OFF
08-05 14:31:32.910 23097 23186 I art     : Explicit concurrent mark sweep GC freed 3(96B) AllocSpace objects, 0(0B) LOS objects, 23% free, 53MB/69MB, paused 507us total 22.319ms
08-05 14:31:32.919 23097 23186 I art     : Starting a blocking GC Explicit
08-05 14:31:32.930 26433 26433 D ICU     : No timezone override file found: /data/misc/zoneinfo/current/icu/icu_tzdata.dat
08-05 14:31:32.941 23097 23186 I art     : Explicit concurrent mark sweep GC freed 3(96B) AllocSpace objects, 0(0B) LOS objects, 23% free, 53MB/69MB, paused 493us total 22.007ms
08-05 14:31:32.964 26433 26433 I Radio-JNI: register_android_hardware_Radio DONE
08-05 14:31:32.986 26433 26433 D AndroidRuntime: Calling main entry com.android.commands.input.Input
08-05 14:31:32.987 26433 26433 I Input   : injectMotionEvent: MotionEvent { action=ACTION_DOWN, actionButton=0, id[0]=0, x[0]=1012.0, y[0]=1152.0, toolType[0]=TOOL_TYPE_UNKNOWN, buttonState=0, metaState=0, flags=0x0, edgeFlags=0x0, pointerCount=1, historySize=0, eventTime=801109400, downTime=801109400, deviceId=0, source=0x1002 }
08-05 14:31:32.993 26433 26433 I Input   : injectMotionEvent: MotionEvent { action=ACTION_UP, actionButton=0, id[0]=0, x[0]=1012.0, y[0]=1152.0, toolType[0]=TOOL_TYPE_UNKNOWN, buttonState=0, metaState=0, flags=0x0, edgeFlags=0x0, pointerCount=1, historySize=0, eventTime=801109400, downTime=801109400, deviceId=0, source=0x1002 }
08-05 14:31:32.995   918  5952 I ActivityManager: START u0 {cmp=baseline.appteam.nith.hillffair/.activities.ClubActivity (has extras)} from uid 10675 on display 0
08-05 14:31:33.001 26433 26433 D AndroidRuntime: Shutting down VM
08-05 14:31:33.102   918   936 I ActivityManager: Displayed baseline.appteam.nith.hillffair/.activities.ClubActivity: +100ms
08-05 14:31:33.103 13866 13866 I GoogleInputMethodServic: GoogleInputMethodService.onFinishInput():3138 
08-05 14:31:33.103 13866 13866 I GoogleInputMethodServic: GoogleInputMethodService.onStartInput():1808 
08-05 14:31:33.160   918   918 I ActivityManager: Start proc 26467:com.google.android.youtube/u0a75 for service com.google.android.youtube/androidx.work.impl.background.systemjob.SystemJobService
08-05 14:31:33.172 26478 26478 I art     : Late-enabling -Xcheck:jni
08-05 14:31:33.173   918   918 I ActivityManager: Start proc 26478:baseline.com.newsblur/u0a676 for service baseline.com.newsblur/.service.NBSyncService
08-05 14:31:33.183 23097 23187 I art     : Starting a blocking GC Explicit
08-05 14:31:33.184 26467 26467 W ResourceType: ResTable_typeSpec entry count inconsistent: given 37, previously 42
08-05 14:31:33.184 26467 26467 W ResourceType: ResTable_typeSpec entry count inconsistent: given 2527, previously 2530
08-05 14:31:33.185 26467 26467 W ResourceType: ResTable_typeSpec entry count inconsistent: given 2542, previously 2545
08-05 14:31:33.185 26467 26467 W ResourceType: ResTable_typeSpec entry count inconsistent: given 303, previously 1691
08-05 14:31:33.203 26478 26478 W System  : ClassLoader referenced unknown path: /data/app/baseline.com.newsblur-1/lib/arm64
08-05 14:31:33.207 23097 23187 I art     : Explicit concurrent mark sweep GC freed 4894(300KB) AllocSpace objects, 1(20KB) LOS objects, 22% free, 53MB/69MB, paused 647us total 24.354ms
08-05 14:31:33.216 23097 23187 I art     : Starting a blocking GC Explicit
08-05 14:31:33.219 26467 26467 W FileProviderCompat: isPatchingNecessary returned true and in == null: false
08-05 14:31:33.226 26467 26467 W PatchedPackageManager: patching ProviderInfo. Metadata was not null
08-05 14:31:33.227 26467 26467 W PatchedPackageManager: resolveContentProvider flags: 128 ret: ContentProviderInfo{name=com.google.android.youtube.fileprovider className=com.google.android.apps.youtube.app.common.util.MainAppFileProviderCompat}
08-05 14:31:33.237   918  3696 I ActivityManager: Killing 6687:com.google.android.apps.gcs/u0a11 (adj 15): empty #17
08-05 14:31:33.239 23097 23187 I art     : Explicit concurrent mark sweep GC freed 216(10KB) AllocSpace objects, 0(0B) LOS objects, 22% free, 53MB/69MB, paused 753us total 22.353ms
08-05 14:31:33.248 23097 23187 I art     : Starting a blocking GC Explicit
08-05 14:31:33.270 23097 23187 I art     : Explicit concurrent mark sweep GC freed 3(96B) AllocSpace objects, 0(0B) LOS objects, 22% free, 53MB/69MB, paused 738us total 22.276ms
08-05 14:31:33.280 23097 23187 I art     : Starting a blocking GC Explicit
08-05 14:31:33.302 23097 23187 I art     : Explicit concurrent mark sweep GC freed 3(96B) AllocSpace objects, 0(0B) LOS objects, 22% free, 53MB/69MB, paused 589us total 21.762ms
08-05 14:31:33.311 23097 23187 I art     : Starting a blocking GC Explicit
08-05 14:31:33.333 23097 23187 I art     : Explicit concurrent mark sweep GC freed 3(96B) AllocSpace objects, 0(0B) LOS objects, 22% free, 53MB/69MB, paused 603us total 21.258ms
08-05 14:31:33.338   380   380 W SurfaceFlinger: couldn't log to binary event log: overflow.
08-05 14:31:33.341 26467 26502 W YouTube : Fetching the Gservices key 'failsafe_clear_cache_release_13_02' before the end of the bulk initialization
08-05 14:31:33.398 26467 26498 W GooglePlayServicesUtil: Google Play services out of date for com.google.android.youtube.  Requires 202990000 but found 202614019
08-05 14:31:33.425 26467 26498 E linker  : readlink('/proc/self/fd/23') failed: Permission denied [fd=23]
08-05 14:31:33.425 26467 26498 E linker  : warning: unable to get realpath for the library "/data/data/com.google.android.youtube/cache/1592423383555.dex". Will use given name.
08-05 14:31:33.552   918  6111 D ConnectivityService: listenForNetwork for Listen from uid/pid:10075/26467 for NetworkRequest [ id=3322, legacyType=-1, [ Capabilities: INTERNET&NOT_RESTRICTED&TRUSTED] ]
08-05 14:31:33.562 26467 26533 E linker  : readlink('/proc/self/fd/21') failed: Permission denied [fd=21]
08-05 14:31:33.562 26467 26533 E linker  : warning: unable to get realpath for the library "/data/app/com.google.android.youtube-1/lib/arm64/libcronet.85.0.4183.18.so". Will use given name.
08-05 14:31:33.589 23097 23187 I art     : Starting a blocking GC Explicit
08-05 14:31:33.593 26467 26497 E GEL_DELAYED_EVENT_DEBUG: Failed delayed event dispatch, no dispatchers.
08-05 14:31:33.610 23097 23187 I art     : Explicit concurrent mark sweep GC freed 1543(89KB) AllocSpace objects, 1(20KB) LOS objects, 22% free, 53MB/69MB, paused 573us total 20.944ms
08-05 14:31:33.618 23097 23187 I art     : Starting a blocking GC Explicit
08-05 14:31:33.639 23097 23187 I art     : Explicit concurrent mark sweep GC freed 41(1408B) AllocSpace objects, 0(0B) LOS objects, 22% free, 53MB/69MB, paused 643us total 20.100ms
08-05 14:31:33.647 23097 23187 I art     : Starting a blocking GC Explicit
08-05 14:31:33.651 26467 26568 E linker  : readlink('/proc/self/fd/43') failed: Permission denied [fd=43]
08-05 14:31:33.651 26467 26568 E linker  : warning: unable to get realpath for the library "/data/data/com.google.android.gms/app_chimera/m/00000039/oat/arm64/DynamiteLoader.odex". Will use given name.
08-05 14:31:33.667 23097 23187 I art     : Explicit concurrent mark sweep GC freed 11(416B) AllocSpace objects, 0(0B) LOS objects, 22% free, 53MB/69MB, paused 617us total 20.031ms
08-05 14:31:33.675 23097 23187 I art     : Starting a blocking GC Explicit
08-05 14:31:33.695 23097 23187 I art     : Explicit concurrent mark sweep GC freed 13(480B) AllocSpace objects, 0(0B) LOS objects, 22% free, 53MB/69MB, paused 612us total 19.981ms
08-05 14:31:33.703 23097 23187 I art     : Starting a blocking GC Explicit
08-05 14:31:33.724 23097 23187 I art     : Explicit concurrent mark sweep GC freed 10(352B) AllocSpace objects, 0(0B) LOS objects, 22% free, 53MB/69MB, paused 616us total 20.132ms
08-05 14:31:33.793   918  3359 I AccountManagerService: getTypesVisibleToCaller: isPermitted? true
08-05 14:31:33.915 23097 26456 D OkHttp  : --> GET https://api-hillfair-2k16.herokuapp.com/api/app/club/Design%20and%20Decoration%20Club http/1.1
08-05 14:31:33.953 23097 26456 D OkHttp  : <-- 200 OK https://api-hillfair-2k16.herokuapp.com/api/app/club/Design%20and%20Decoration%20Club (37ms, 760-byte body)
08-05 14:31:33.974 23097 23110 I art     : Starting a blocking GC Explicit
08-05 14:31:33.996 23097 23110 I art     : Explicit concurrent mark sweep GC freed 4197(250KB) AllocSpace objects, 4(220KB) LOS objects, 22% free, 53MB/69MB, paused 502us total 21.437ms
08-05 14:31:34.005 23097 23110 I art     : Starting a blocking GC Explicit
08-05 14:31:34.024 23097 23097 I NAPPA_EXPERIMENTATION: MetricNetworkRequestExecutionTime: REQUEST_DURATION_SYSTEM='993',REQUEST_DURATION_OKHTTP='37',REQUEST_SYNCHRONOUS='FALSE',RESPONSE_CODE='200',RESPONSE_METHOD='GET',RESPONSE_LENGTH_OKHTTP='760',RESPONSE_LENGTH_HEADER='760',REQUEST_PROTOCOL='http/1.1',REQUEST_URL='https://api-hillfair-2k16.herokuapp.com/api/app/club/Design%20and%20Decoration%20Club',
08-05 14:31:34.026 23097 23110 I art     : Explicit concurrent mark sweep GC freed 1073(128KB) AllocSpace objects, 0(0B) LOS objects, 22% free, 53MB/69MB, paused 543us total 20.686ms
08-05 14:31:34.034 23097 23110 I art     : Starting a blocking GC Explicit
08-05 14:31:34.054 23097 23110 I art     : Explicit concurrent mark sweep GC freed 549(71KB) AllocSpace objects, 0(0B) LOS objects, 22% free, 53MB/69MB, paused 505us total 19.903ms
08-05 14:31:34.062 23097 23110 I art     : Starting a blocking GC Explicit
08-05 14:31:34.084 23097 23110 I art     : Explicit concurrent mark sweep GC freed 65(9KB) AllocSpace objects, 0(0B) LOS objects, 22% free, 53MB/69MB, paused 468us total 21.613ms
08-05 14:31:34.092 23097 23110 I art     : Starting a blocking GC Explicit
08-05 14:31:34.112 23097 23110 I art     : Explicit concurrent mark sweep GC freed 6(192B) AllocSpace objects, 0(0B) LOS objects, 22% free, 53MB/69MB, paused 462us total 19.476ms
08-05 14:31:34.396 23097 23109 I art     : Starting a blocking GC Explicit
08-05 14:31:34.418 26467 26581 I FA      : App measurement initialized, version: 31021
08-05 14:31:34.418 26467 26581 I FA      : To enable debug logging run: adb shell setprop log.tag.FA VERBOSE
08-05 14:31:34.418 26467 26581 I FA      : To enable faster debug mode event logging run:
08-05 14:31:34.418 26467 26581 I FA      :   adb shell setprop debug.firebase.analytics.app com.google.android.youtube
08-05 14:31:34.419 23097 23109 I art     : Explicit concurrent mark sweep GC freed 1344(78KB) AllocSpace objects, 1(20KB) LOS objects, 22% free, 53MB/69MB, paused 471us total 22.085ms
08-05 14:31:34.427 23097 23109 I art     : Starting a blocking GC Explicit
08-05 14:31:34.449 23097 23109 I art     : Explicit concurrent mark sweep GC freed 36(1264B) AllocSpace objects, 0(0B) LOS objects, 22% free, 53MB/69MB, paused 465us total 21.443ms
08-05 14:31:34.458 23097 23109 I art     : Starting a blocking GC Explicit
08-05 14:31:34.478 23097 23109 I art     : Explicit concurrent mark sweep GC freed 3(96B) AllocSpace objects, 0(0B) LOS objects, 22% free, 53MB/69MB, paused 469us total 20.074ms
08-05 14:31:34.482 26467 26533 I art     : Rejecting re-init on previously-failed class java.lang.Class<qxt>
08-05 14:31:34.482 26467 26533 I art     : Rejecting re-init on previously-failed class java.lang.Class<qxt>
08-05 14:31:34.483 26467 26533 I art     : Rejecting re-init on previously-failed class java.lang.Class<qxt>
08-05 14:31:34.483 26467 26533 I art     : Rejecting re-init on previously-failed class java.lang.Class<qxt>
08-05 14:31:34.485 26467 26533 I art     : Rejecting re-init on previously-failed class java.lang.Class<qxt>
08-05 14:31:34.485 26467 26533 I art     : Rejecting re-init on previously-failed class java.lang.Class<qxt>
08-05 14:31:34.486 26467 26533 I art     : Rejecting re-init on previously-failed class java.lang.Class<qxt>
08-05 14:31:34.486 26467 26533 I art     : Rejecting re-init on previously-failed class java.lang.Class<qxt>
08-05 14:31:34.486 23097 23109 I art     : Starting a blocking GC Explicit
08-05 14:31:34.507 23097 23109 I art     : Explicit concurrent mark sweep GC freed 3(96B) AllocSpace objects, 0(0B) LOS objects, 22% free, 53MB/69MB, paused 541us total 20.494ms
08-05 14:31:34.508 26467 26499 W YT.MDX.agyr: CastAppId for type 0 not found. Defaulting to mainCastAppId.
08-05 14:31:34.515 23097 23109 I art     : Starting a blocking GC Explicit
08-05 14:31:34.519 26467 26533 I art     : Rejecting re-init on previously-failed class java.lang.Class<qxt>
08-05 14:31:34.519 26467 26533 I art     : Rejecting re-init on previously-failed class java.lang.Class<qxt>
08-05 14:31:34.536 23097 23109 I art     : Explicit concurrent mark sweep GC freed 3(96B) AllocSpace objects, 0(0B) LOS objects, 22% free, 53MB/69MB, paused 482us total 20.732ms
08-05 14:31:34.545 26467 26499 W YT.MDX.agyr: CastAppId for type 0 not found. Defaulting to mainCastAppId.
08-05 14:31:34.712   918  6112 I AccountManagerService: getTypesVisibleToCaller: isPermitted? true
08-05 14:31:34.801 23097 23187 I art     : Starting a blocking GC Explicit
08-05 14:31:34.822 24365 24365 I Herrevad: [1] abng.a: updateListenState
08-05 14:31:34.824 23097 23187 I art     : Explicit concurrent mark sweep GC freed 1344(78KB) AllocSpace objects, 1(20KB) LOS objects, 22% free, 53MB/69MB, paused 580us total 22.843ms
08-05 14:31:34.833 23097 23187 I art     : Starting a blocking GC Explicit
08-05 14:31:34.855 23097 23187 I art     : Explicit concurrent mark sweep GC freed 20(704B) AllocSpace objects, 0(0B) LOS objects, 22% free, 53MB/69MB, paused 481us total 21.764ms
08-05 14:31:34.863 23097 23187 I art     : Starting a blocking GC Explicit
08-05 14:31:34.884 23097 23187 I art     : Explicit concurrent mark sweep GC freed 3(96B) AllocSpace objects, 0(0B) LOS objects, 22% free, 53MB/69MB, paused 460us total 20.439ms
08-05 14:31:34.892 23097 23187 I art     : Starting a blocking GC Explicit
08-05 14:31:34.914 23097 23187 I art     : Explicit concurrent mark sweep GC freed 3(96B) AllocSpace objects, 0(0B) LOS objects, 22% free, 53MB/69MB, paused 504us total 22.038ms
08-05 14:31:34.923 23097 23187 I art     : Starting a blocking GC Explicit
08-05 14:31:34.945 23097 23187 I art     : Explicit concurrent mark sweep GC freed 3(96B) AllocSpace objects, 0(0B) LOS objects, 22% free, 53MB/69MB, paused 502us total 21.912ms
08-05 14:31:35.274 23097 23186 I art     : Starting a blocking GC Explicit
08-05 14:31:35.312 23097 23186 I art     : Explicit concurrent mark sweep GC freed 1365(79KB) AllocSpace objects, 1(20KB) LOS objects, 22% free, 53MB/69MB, paused 582us total 37.899ms
08-05 14:31:35.327 23097 23186 I art     : Starting a blocking GC Explicit
08-05 14:31:35.352 23097 23186 I art     : Explicit concurrent mark sweep GC freed 36(1216B) AllocSpace objects, 0(0B) LOS objects, 22% free, 53MB/69MB, paused 505us total 24.623ms
08-05 14:31:35.361 23097 23186 I art     : Starting a blocking GC Explicit
08-05 14:31:35.386 23097 23186 I art     : Explicit concurrent mark sweep GC freed 3(96B) AllocSpace objects, 0(0B) LOS objects, 22% free, 53MB/69MB, paused 519us total 24.290ms
08-05 14:31:35.395 23097 23186 I art     : Starting a blocking GC Explicit
08-05 14:31:35.420 23097 23186 I art     : Explicit concurrent mark sweep GC freed 3(96B) AllocSpace objects, 0(0B) LOS objects, 22% free, 53MB/69MB, paused 516us total 25.299ms
08-05 14:31:35.430 23097 23186 I art     : Starting a blocking GC Explicit
08-05 14:31:35.455 23097 23186 I art     : Explicit concurrent mark sweep GC freed 3(96B) AllocSpace objects, 0(0B) LOS objects, 22% free, 53MB/69MB, paused 520us total 24.677ms
08-05 14:31:35.772 23097 23110 I art     : Starting a blocking GC Explicit
08-05 14:31:35.808 23097 23110 I art     : Explicit concurrent mark sweep GC freed 1344(78KB) AllocSpace objects, 1(20KB) LOS objects, 22% free, 53MB/69MB, paused 654us total 35.321ms
08-05 14:31:35.820 23097 23110 I art     : Starting a blocking GC Explicit
08-05 14:31:35.844 23097 23110 I art     : Explicit concurrent mark sweep GC freed 20(704B) AllocSpace objects, 0(0B) LOS objects, 22% free, 53MB/69MB, paused 507us total 23.776ms
08-05 14:31:35.853 23097 23110 I art     : Starting a blocking GC Explicit
08-05 14:31:35.878 23097 23110 I art     : Explicit concurrent mark sweep GC freed 3(96B) AllocSpace objects, 0(0B) LOS objects, 22% free, 53MB/69MB, paused 542us total 24.201ms
08-05 14:31:35.887 23097 23110 I art     : Starting a blocking GC Explicit
08-05 14:31:35.912 23097 23110 I art     : Explicit concurrent mark sweep GC freed 3(96B) AllocSpace objects, 0(0B) LOS objects, 22% free, 53MB/69MB, paused 565us total 25.028ms
08-05 14:31:35.922 23097 23110 I art     : Starting a blocking GC Explicit
08-05 14:31:35.947 23097 23110 I art     : Explicit concurrent mark sweep GC freed 3(96B) AllocSpace objects, 0(0B) LOS objects, 22% free, 53MB/69MB, paused 505us total 24.670ms
08-05 14:31:36.281 23097 23109 I art     : Starting a blocking GC Explicit
08-05 14:31:36.318 23097 23109 I art     : Explicit concurrent mark sweep GC freed 1344(78KB) AllocSpace objects, 1(20KB) LOS objects, 22% free, 53MB/69MB, paused 626us total 36.414ms
08-05 14:31:36.330 23097 23109 I art     : Starting a blocking GC Explicit
08-05 14:31:36.355 23097 23109 I art     : Explicit concurrent mark sweep GC freed 20(704B) AllocSpace objects, 0(0B) LOS objects, 22% free, 53MB/69MB, paused 507us total 24.537ms
08-05 14:31:36.364 23097 23109 I art     : Starting a blocking GC Explicit
08-05 14:31:36.388 23097 23109 I art     : Explicit concurrent mark sweep GC freed 3(96B) AllocSpace objects, 0(0B) LOS objects, 22% free, 53MB/69MB, paused 513us total 23.658ms
08-05 14:31:36.397 23097 23109 I art     : Starting a blocking GC Explicit
08-05 14:31:36.422 23097 23109 I art     : Explicit concurrent mark sweep GC freed 3(96B) AllocSpace objects, 0(0B) LOS objects, 22% free, 53MB/69MB, paused 496us total 24.574ms
08-05 14:31:36.431 23097 23109 I art     : Starting a blocking GC Explicit
08-05 14:31:36.456 23097 23109 I art     : Explicit concurrent mark sweep GC freed 3(96B) AllocSpace objects, 0(0B) LOS objects, 22% free, 53MB/69MB, paused 503us total 24.427ms
08-05 14:31:36.820 23097 23187 I art     : Starting a blocking GC Explicit
08-05 14:31:36.855 23097 23187 I art     : Explicit concurrent mark sweep GC freed 1344(78KB) AllocSpace objects, 1(20KB) LOS objects, 22% free, 53MB/69MB, paused 586us total 34.403ms
08-05 14:31:36.868 23097 23187 I art     : Starting a blocking GC Explicit
08-05 14:31:36.893 23097 23187 I art     : Explicit concurrent mark sweep GC freed 20(704B) AllocSpace objects, 0(0B) LOS objects, 22% free, 53MB/69MB, paused 510us total 25.053ms
08-05 14:31:36.903 23097 23187 I art     : Starting a blocking GC Explicit
08-05 14:31:36.928 23097 23187 I art     : Explicit concurrent mark sweep GC freed 3(96B) AllocSpace objects, 0(0B) LOS objects, 22% free, 53MB/69MB, paused 531us total 24.663ms
08-05 14:31:36.937 23097 23187 I art     : Starting a blocking GC Explicit
08-05 14:31:36.962 23097 23187 I art     : Explicit concurrent mark sweep GC freed 3(96B) AllocSpace objects, 0(0B) LOS objects, 22% free, 53MB/69MB, paused 506us total 24.813ms
08-05 14:31:36.971 23097 23187 I art     : Starting a blocking GC Explicit
08-05 14:31:36.996 23097 23187 I art     : Explicit concurrent mark sweep GC freed 3(96B) AllocSpace objects, 0(0B) LOS objects, 22% free, 53MB/69MB, paused 495us total 24.484ms
08-05 14:31:37.314 23097 23186 I art     : Starting a blocking GC Explicit
08-05 14:31:37.339 23097 23186 I art     : Explicit concurrent mark sweep GC freed 1344(78KB) AllocSpace objects, 1(20KB) LOS objects, 22% free, 53MB/69MB, paused 532us total 24.293ms
08-05 14:31:37.348 23097 23186 I art     : Starting a blocking GC Explicit
08-05 14:31:37.371 23097 23186 I art     : Explicit concurrent mark sweep GC freed 20(704B) AllocSpace objects, 0(0B) LOS objects, 22% free, 53MB/69MB, paused 474us total 23.513ms
08-05 14:31:37.380 23097 23186 I art     : Starting a blocking GC Explicit
08-05 14:31:37.404 23097 23186 I art     : Explicit concurrent mark sweep GC freed 3(96B) AllocSpace objects, 0(0B) LOS objects, 22% free, 53MB/69MB, paused 511us total 23.333ms
08-05 14:31:37.413 23097 23186 I art     : Starting a blocking GC Explicit
08-05 14:31:37.436 23097 23186 I art     : Explicit concurrent mark sweep GC freed 3(96B) AllocSpace objects, 0(0B) LOS objects, 22% free, 53MB/69MB, paused 498us total 23.007ms
08-05 14:31:37.445 23097 23186 I art     : Starting a blocking GC Explicit
08-05 14:31:37.469 23097 23186 I art     : Explicit concurrent mark sweep GC freed 3(96B) AllocSpace objects, 0(0B) LOS objects, 22% free, 53MB/69MB, paused 508us total 23.564ms
08-05 14:31:37.664 26697 26697 D AndroidRuntime: >>>>>> START com.android.internal.os.RuntimeInit uid 2000 <<<<<<
08-05 14:31:37.669 26697 26697 D AndroidRuntime: CheckJNI is OFF
08-05 14:31:37.701 26697 26697 D ICU     : No timezone override file found: /data/misc/zoneinfo/current/icu/icu_tzdata.dat
08-05 14:31:37.733 26697 26697 I Radio-JNI: register_android_hardware_Radio DONE
08-05 14:31:37.756 26697 26697 D AndroidRuntime: Calling main entry com.android.commands.input.Input
08-05 14:31:37.757 26697 26697 I Input   : injectKeyEvent: KeyEvent { action=ACTION_DOWN, keyCode=KEYCODE_BACK, scanCode=0, metaState=0, flags=0x0, repeatCount=0, eventTime=801114170, downTime=801114170, deviceId=-1, source=0x101 }
08-05 14:31:37.762 26697 26697 I Input   : injectKeyEvent: KeyEvent { action=ACTION_UP, keyCode=KEYCODE_BACK, scanCode=0, metaState=0, flags=0x0, repeatCount=0, eventTime=801114170, downTime=801114170, deviceId=-1, source=0x101 }
08-05 14:31:37.767 26697 26697 D AndroidRuntime: Shutting down VM
08-05 14:31:37.772 23097 23186 I art     : Starting a blocking GC Explicit
08-05 14:31:37.796 23097 23186 I art     : Explicit concurrent mark sweep GC freed 1489(84KB) AllocSpace objects, 1(20KB) LOS objects, 22% free, 53MB/69MB, paused 499us total 23.959ms
08-05 14:31:37.805 23097 23186 I art     : Starting a blocking GC Explicit
08-05 14:31:37.807 13866 13866 I GoogleInputMethodServic: GoogleInputMethodService.onFinishInput():3138 
08-05 14:31:37.807 13866 13866 I GoogleInputMethodServic: GoogleInputMethodService.onStartInput():1808 
08-05 14:31:37.828 23097 23186 I art     : Explicit concurrent mark sweep GC freed 55(1984B) AllocSpace objects, 0(0B) LOS objects, 22% free, 53MB/69MB, paused 552us total 22.186ms
08-05 14:31:37.836 23097 23186 I art     : Starting a blocking GC Explicit
08-05 14:31:37.857 23097 23186 I art     : Explicit concurrent mark sweep GC freed 10(368B) AllocSpace objects, 0(0B) LOS objects, 22% free, 53MB/69MB, paused 500us total 21.294ms
08-05 14:31:37.866 23097 23186 I art     : Starting a blocking GC Explicit
08-05 14:31:37.886 23097 23186 I art     : Explicit concurrent mark sweep GC freed 4(144B) AllocSpace objects, 0(0B) LOS objects, 22% free, 53MB/69MB, paused 450us total 20.312ms
08-05 14:31:37.895 23097 23186 I art     : Starting a blocking GC Explicit
08-05 14:31:37.919 23097 23186 I art     : Explicit concurrent mark sweep GC freed 3(96B) AllocSpace objects, 0(0B) LOS objects, 22% free, 53MB/69MB, paused 521us total 24.194ms
08-05 14:31:38.094   380   380 W SurfaceFlinger: couldn't log to binary event log: overflow.
08-05 14:31:38.175 23097 23109 I art     : Starting a blocking GC Explicit
08-05 14:31:38.198 23097 23109 I art     : Explicit concurrent mark sweep GC freed 1453(86KB) AllocSpace objects, 1(20KB) LOS objects, 22% free, 53MB/69MB, paused 557us total 23.044ms
08-05 14:31:38.207 23097 23109 I art     : Starting a blocking GC Explicit
08-05 14:31:38.229 23097 23109 I art     : Explicit concurrent mark sweep GC freed 1671(107KB) AllocSpace objects, 3(180KB) LOS objects, 23% free, 53MB/69MB, paused 511us total 22.202ms
08-05 14:31:38.238 23097 23109 I art     : Starting a blocking GC Explicit
08-05 14:31:38.258 23097 23109 I art     : Explicit concurrent mark sweep GC freed 3(96B) AllocSpace objects, 0(0B) LOS objects, 23% free, 53MB/69MB, paused 453us total 19.420ms
08-05 14:31:38.266 23097 23109 I art     : Starting a blocking GC Explicit
08-05 14:31:38.286 23097 23109 I art     : Explicit concurrent mark sweep GC freed 3(96B) AllocSpace objects, 0(0B) LOS objects, 23% free, 53MB/69MB, paused 441us total 19.499ms
08-05 14:31:38.294 23097 23109 I art     : Starting a blocking GC Explicit
08-05 14:31:38.314 23097 23109 I art     : Explicit concurrent mark sweep GC freed 3(96B) AllocSpace objects, 0(0B) LOS objects, 23% free, 53MB/69MB, paused 471us total 20.171ms
08-05 14:31:38.387   918  1210 D NetlinkSocketObserver: NeighborEvent{elapsedMs=1784502261, 192.168.2.254, [7C3953A63323], RTM_NEWNEIGH, NUD_PROBE}
08-05 14:31:38.592 23097 23110 I art     : Starting a blocking GC Explicit
08-05 14:31:38.623 23097 23110 I art     : Explicit concurrent mark sweep GC freed 1344(78KB) AllocSpace objects, 1(20KB) LOS objects, 23% free, 53MB/69MB, paused 546us total 30.122ms
08-05 14:31:38.636 23097 23110 I art     : Starting a blocking GC Explicit
08-05 14:31:38.660 23097 23110 I art     : Explicit concurrent mark sweep GC freed 20(704B) AllocSpace objects, 0(0B) LOS objects, 23% free, 53MB/69MB, paused 636us total 24.364ms
08-05 14:31:38.670 23097 23110 I art     : Starting a blocking GC Explicit
08-05 14:31:38.694 23097 23110 I art     : Explicit concurrent mark sweep GC freed 3(96B) AllocSpace objects, 0(0B) LOS objects, 23% free, 53MB/69MB, paused 510us total 23.830ms
08-05 14:31:38.703 23097 23110 I art     : Starting a blocking GC Explicit
08-05 14:31:38.727 23097 23110 I art     : Explicit concurrent mark sweep GC freed 3(96B) AllocSpace objects, 0(0B) LOS objects, 23% free, 53MB/69MB, paused 589us total 23.868ms
08-05 14:31:38.736 23097 23110 I art     : Starting a blocking GC Explicit
08-05 14:31:38.760 23097 23110 I art     : Explicit concurrent mark sweep GC freed 3(96B) AllocSpace objects, 0(0B) LOS objects, 23% free, 53MB/69MB, paused 507us total 23.853ms
08-05 14:31:39.068 23097 23187 I art     : Starting a blocking GC Explicit
08-05 14:31:39.097 23097 23187 I art     : Explicit concurrent mark sweep GC freed 1344(78KB) AllocSpace objects, 1(20KB) LOS objects, 23% free, 53MB/69MB, paused 521us total 28.068ms
08-05 14:31:39.106 23097 23187 I art     : Starting a blocking GC Explicit
08-05 14:31:39.130 23097 23187 I art     : Explicit concurrent mark sweep GC freed 20(704B) AllocSpace objects, 0(0B) LOS objects, 23% free, 53MB/69MB, paused 515us total 23.703ms
08-05 14:31:39.139 23097 23187 I art     : Starting a blocking GC Explicit
08-05 14:31:39.161 23097 23187 I art     : Explicit concurrent mark sweep GC freed 3(96B) AllocSpace objects, 0(0B) LOS objects, 23% free, 53MB/69MB, paused 497us total 22.697ms
08-05 14:31:39.170 23097 23187 I art     : Starting a blocking GC Explicit
08-05 14:31:39.193 23097 23187 I art     : Explicit concurrent mark sweep GC freed 3(96B) AllocSpace objects, 0(0B) LOS objects, 23% free, 53MB/69MB, paused 498us total 22.749ms
08-05 14:31:39.202 23097 23187 I art     : Starting a blocking GC Explicit
08-05 14:31:39.225 23097 23187 I art     : Explicit concurrent mark sweep GC freed 3(96B) AllocSpace objects, 0(0B) LOS objects, 23% free, 53MB/69MB, paused 522us total 22.850ms
08-05 14:31:39.439 26752 26752 D AndroidRuntime: >>>>>> START com.android.internal.os.RuntimeInit uid 2000 <<<<<<
08-05 14:31:39.445 26752 26752 D AndroidRuntime: CheckJNI is OFF
08-05 14:31:39.478 26752 26752 D ICU     : No timezone override file found: /data/misc/zoneinfo/current/icu/icu_tzdata.dat
08-05 14:31:39.509 26752 26752 I Radio-JNI: register_android_hardware_Radio DONE
08-05 14:31:39.531 26752 26752 D AndroidRuntime: Calling main entry com.android.commands.input.Input
08-05 14:31:39.533 26752 26752 I Input   : injectMotionEvent: MotionEvent { action=ACTION_DOWN, actionButton=0, id[0]=0, x[0]=255.0, y[0]=1845.0, toolType[0]=TOOL_TYPE_UNKNOWN, buttonState=0, metaState=0, flags=0x0, edgeFlags=0x0, pointerCount=1, historySize=0, eventTime=801115946, downTime=801115946, deviceId=0, source=0x1002 }
08-05 14:31:39.538 26752 26752 I Input   : injectMotionEvent: MotionEvent { action=ACTION_UP, actionButton=0, id[0]=0, x[0]=255.0, y[0]=1845.0, toolType[0]=TOOL_TYPE_UNKNOWN, buttonState=0, metaState=0, flags=0x0, edgeFlags=0x0, pointerCount=1, historySize=0, eventTime=801115946, downTime=801115946, deviceId=0, source=0x1002 }
08-05 14:31:39.539   918  5132 I ActivityManager: START u0 {cmp=baseline.appteam.nith.hillffair/.activities.ClubActivity (has extras)} from uid 10675 on display 0
08-05 14:31:39.547 26752 26752 D AndroidRuntime: Shutting down VM
08-05 14:31:39.552 23097 23186 I art     : Starting a blocking GC Explicit
08-05 14:31:39.576 23097 23186 I art     : Explicit concurrent mark sweep GC freed 3743(204KB) AllocSpace objects, 1(20KB) LOS objects, 22% free, 53MB/69MB, paused 853us total 23.930ms
08-05 14:31:39.586 23097 23186 I art     : Starting a blocking GC Explicit
08-05 14:31:39.609 23097 23186 I art     : Explicit concurrent mark sweep GC freed 1141(99KB) AllocSpace objects, 0(0B) LOS objects, 22% free, 53MB/69MB, paused 562us total 23.136ms
08-05 14:31:39.617 23097 23186 I art     : Starting a blocking GC Explicit
08-05 14:31:39.633   918   936 I ActivityManager: Displayed baseline.appteam.nith.hillffair/.activities.ClubActivity: +85ms
08-05 14:31:39.633 13866 13866 I GoogleInputMethodServic: GoogleInputMethodService.onFinishInput():3138 
08-05 14:31:39.634 13866 13866 I GoogleInputMethodServic: GoogleInputMethodService.onStartInput():1808 
08-05 14:31:39.640 23097 23186 I art     : Explicit concurrent mark sweep GC freed 233(8KB) AllocSpace objects, 0(0B) LOS objects, 22% free, 53MB/69MB, paused 701us total 22.792ms
08-05 14:31:39.650 23097 23186 I art     : Starting a blocking GC Explicit
08-05 14:31:39.673 23097 23186 I art     : Explicit concurrent mark sweep GC freed 20(848B) AllocSpace objects, 0(0B) LOS objects, 22% free, 53MB/69MB, paused 536us total 23.291ms
08-05 14:31:39.683 23097 23186 I art     : Starting a blocking GC Explicit
08-05 14:31:39.704 23097 23186 I art     : Explicit concurrent mark sweep GC freed 20(1024B) AllocSpace objects, 0(0B) LOS objects, 22% free, 53MB/69MB, paused 518us total 21.249ms
08-05 14:31:39.880   380   380 W SurfaceFlinger: couldn't log to binary event log: overflow.
08-05 14:31:39.969 23097 23187 I art     : Starting a blocking GC Explicit
08-05 14:31:39.993 23097 23187 I art     : Explicit concurrent mark sweep GC freed 1406(83KB) AllocSpace objects, 1(20KB) LOS objects, 22% free, 53MB/69MB, paused 556us total 23.278ms
08-05 14:31:40.003 23097 23187 I art     : Starting a blocking GC Explicit
08-05 14:31:40.028 23097 23187 I art     : Explicit concurrent mark sweep GC freed 126(6KB) AllocSpace objects, 0(0B) LOS objects, 22% free, 53MB/69MB, paused 599us total 24.164ms
08-05 14:31:40.036 23097 23187 I art     : Starting a blocking GC Explicit
08-05 14:31:40.059 23097 23187 I art     : Explicit concurrent mark sweep GC freed 13(480B) AllocSpace objects, 0(0B) LOS objects, 22% free, 53MB/69MB, paused 533us total 22.387ms
08-05 14:31:40.067 23097 23187 I art     : Starting a blocking GC Explicit
08-05 14:31:40.091 23097 23187 I art     : Explicit concurrent mark sweep GC freed 13(480B) AllocSpace objects, 0(0B) LOS objects, 22% free, 53MB/69MB, paused 557us total 23.471ms
08-05 14:31:40.100 23097 23187 I art     : Starting a blocking GC Explicit
08-05 14:31:40.124 23097 23187 I art     : Explicit concurrent mark sweep GC freed 13(480B) AllocSpace objects, 0(0B) LOS objects, 22% free, 53MB/69MB, paused 549us total 23.819ms
08-05 14:31:40.431 23097 23109 I art     : Starting a blocking GC Explicit
08-05 14:31:40.435 23097 26775 D OkHttp  : --> GET https://api-hillfair-2k16.herokuapp.com/api/app/club/Technical%20Committee http/1.1
08-05 14:31:40.463 23097 23109 I art     : Explicit concurrent mark sweep GC freed 3994(213KB) AllocSpace objects, 4(220KB) LOS objects, 22% free, 54MB/70MB, paused 588us total 31.110ms
08-05 14:31:40.467 23097 26775 D OkHttp  : <-- 200 OK https://api-hillfair-2k16.herokuapp.com/api/app/club/Technical%20Committee (31ms, 1171-byte body)
08-05 14:31:40.472 23097 23109 I art     : Starting a blocking GC Explicit
08-05 14:31:40.496 23097 23109 I art     : Explicit concurrent mark sweep GC freed 1206(154KB) AllocSpace objects, 0(0B) LOS objects, 22% free, 53MB/69MB, paused 548us total 24.014ms
08-05 14:31:40.505 23097 23109 I art     : Starting a blocking GC Explicit
08-05 14:31:40.514 23097 23097 I NAPPA_EXPERIMENTATION: MetricNetworkRequestExecutionTime: REQUEST_DURATION_SYSTEM='941',REQUEST_DURATION_OKHTTP='32',REQUEST_SYNCHRONOUS='FALSE',RESPONSE_CODE='200',RESPONSE_METHOD='GET',RESPONSE_LENGTH_OKHTTP='1171',RESPONSE_LENGTH_HEADER='1171',REQUEST_PROTOCOL='http/1.1',REQUEST_URL='https://api-hillfair-2k16.herokuapp.com/api/app/club/Technical%20Committee',
08-05 14:31:40.528 23097 23109 I art     : Explicit concurrent mark sweep GC freed 223(22KB) AllocSpace objects, 0(0B) LOS objects, 22% free, 53MB/69MB, paused 772us total 23.042ms
08-05 14:31:40.537 23097 23109 I art     : Starting a blocking GC Explicit
08-05 14:31:40.560 23097 23109 I art     : Explicit concurrent mark sweep GC freed 468(72KB) AllocSpace objects, 0(0B) LOS objects, 22% free, 53MB/69MB, paused 537us total 23.380ms
08-05 14:31:40.569 23097 23109 I art     : Starting a blocking GC Explicit
08-05 14:31:40.593 23097 23109 I art     : Explicit concurrent mark sweep GC freed 42(1536B) AllocSpace objects, 0(0B) LOS objects, 22% free, 53MB/69MB, paused 577us total 24.141ms
08-05 14:31:40.882 23097 23187 I art     : Starting a blocking GC Explicit
08-05 14:31:40.908 23097 23187 I art     : Explicit concurrent mark sweep GC freed 1344(78KB) AllocSpace objects, 1(20KB) LOS objects, 22% free, 53MB/69MB, paused 551us total 25.450ms
08-05 14:31:40.917 23097 23187 I art     : Starting a blocking GC Explicit
08-05 14:31:40.942 23097 23187 I art     : Explicit concurrent mark sweep GC freed 36(1264B) AllocSpace objects, 0(0B) LOS objects, 22% free, 53MB/69MB, paused 533us total 24.217ms
08-05 14:31:40.951 23097 23187 I art     : Starting a blocking GC Explicit
08-05 14:31:40.976 23097 23187 I art     : Explicit concurrent mark sweep GC freed 3(96B) AllocSpace objects, 0(0B) LOS objects, 22% free, 53MB/69MB, paused 541us total 25.162ms
08-05 14:31:40.986 23097 23187 I art     : Starting a blocking GC Explicit
08-05 14:31:41.011 23097 23187 I art     : Explicit concurrent mark sweep GC freed 3(96B) AllocSpace objects, 0(0B) LOS objects, 22% free, 53MB/69MB, paused 549us total 25.174ms
08-05 14:31:41.020 23097 23187 I art     : Starting a blocking GC Explicit
08-05 14:31:41.045 23097 23187 I art     : Explicit concurrent mark sweep GC freed 3(96B) AllocSpace objects, 0(0B) LOS objects, 22% free, 53MB/69MB, paused 540us total 24.817ms
08-05 14:31:41.358 23097 23110 I art     : Starting a blocking GC Explicit
08-05 14:31:41.392 23097 23110 I art     : Explicit concurrent mark sweep GC freed 1345(78KB) AllocSpace objects, 1(20KB) LOS objects, 22% free, 53MB/69MB, paused 645us total 33.816ms
08-05 14:31:41.401 23097 23110 I art     : Starting a blocking GC Explicit
08-05 14:31:41.427 23097 23110 I art     : Explicit concurrent mark sweep GC freed 20(704B) AllocSpace objects, 0(0B) LOS objects, 22% free, 53MB/69MB, paused 656us total 25.384ms
08-05 14:31:41.437 23097 23110 I art     : Starting a blocking GC Explicit
08-05 14:31:41.462 23097 23110 I art     : Explicit concurrent mark sweep GC freed 3(96B) AllocSpace objects, 0(0B) LOS objects, 22% free, 53MB/69MB, paused 558us total 25.315ms
08-05 14:31:41.471 23097 23110 I art     : Starting a blocking GC Explicit
08-05 14:31:41.496 23097 23110 I art     : Explicit concurrent mark sweep GC freed 3(96B) AllocSpace objects, 0(0B) LOS objects, 22% free, 53MB/69MB, paused 547us total 24.512ms
08-05 14:31:41.505 23097 23110 I art     : Starting a blocking GC Explicit
08-05 14:31:41.530 23097 23110 I art     : Explicit concurrent mark sweep GC freed 3(96B) AllocSpace objects, 0(0B) LOS objects, 22% free, 53MB/69MB, paused 574us total 24.647ms
08-05 14:31:41.843 23097 23186 I art     : Starting a blocking GC Explicit
08-05 14:31:41.877 23097 23186 I art     : Explicit concurrent mark sweep GC freed 1344(78KB) AllocSpace objects, 1(20KB) LOS objects, 22% free, 53MB/69MB, paused 622us total 33.436ms
08-05 14:31:41.891 23097 23186 I art     : Starting a blocking GC Explicit
08-05 14:31:41.916 23097 23186 I art     : Explicit concurrent mark sweep GC freed 20(704B) AllocSpace objects, 0(0B) LOS objects, 22% free, 53MB/69MB, paused 564us total 25.175ms
08-05 14:31:41.925 23097 23186 I art     : Starting a blocking GC Explicit
08-05 14:31:41.951 23097 23186 I art     : Explicit concurrent mark sweep GC freed 3(96B) AllocSpace objects, 0(0B) LOS objects, 22% free, 53MB/69MB, paused 570us total 25.552ms
08-05 14:31:41.961 23097 23186 I art     : Starting a blocking GC Explicit
08-05 14:31:41.986 23097 23186 I art     : Explicit concurrent mark sweep GC freed 3(96B) AllocSpace objects, 0(0B) LOS objects, 22% free, 53MB/69MB, paused 552us total 25.548ms
08-05 14:31:41.996 23097 23186 I art     : Starting a blocking GC Explicit
08-05 14:31:42.021 23097 23186 I art     : Explicit concurrent mark sweep GC freed 3(96B) AllocSpace objects, 0(0B) LOS objects, 22% free, 53MB/69MB, paused 534us total 24.613ms
08-05 14:31:42.314 23097 23109 I art     : Starting a blocking GC Explicit
08-05 14:31:42.346 23097 23109 I art     : Explicit concurrent mark sweep GC freed 1344(78KB) AllocSpace objects, 1(20KB) LOS objects, 22% free, 53MB/69MB, paused 581us total 31.349ms
08-05 14:31:42.359 23097 23109 I art     : Starting a blocking GC Explicit
08-05 14:31:42.385 23097 23109 I art     : Explicit concurrent mark sweep GC freed 20(704B) AllocSpace objects, 0(0B) LOS objects, 22% free, 53MB/69MB, paused 542us total 25.740ms
08-05 14:31:42.394 23097 23109 I art     : Starting a blocking GC Explicit
08-05 14:31:42.419 23097 23109 I art     : Explicit concurrent mark sweep GC freed 3(96B) AllocSpace objects, 0(0B) LOS objects, 22% free, 53MB/69MB, paused 535us total 25.195ms
08-05 14:31:42.429 23097 23109 I art     : Starting a blocking GC Explicit
08-05 14:31:42.455 23097 23109 I art     : Explicit concurrent mark sweep GC freed 3(96B) AllocSpace objects, 0(0B) LOS objects, 22% free, 53MB/69MB, paused 535us total 25.638ms
08-05 14:31:42.464 23097 23109 I art     : Starting a blocking GC Explicit
08-05 14:31:42.489 23097 23109 I art     : Explicit concurrent mark sweep GC freed 3(96B) AllocSpace objects, 0(0B) LOS objects, 22% free, 53MB/69MB, paused 515us total 24.150ms
08-05 14:31:42.806 23097 23187 I art     : Starting a blocking GC Explicit
08-05 14:31:42.842 23097 23187 I art     : Explicit concurrent mark sweep GC freed 1344(78KB) AllocSpace objects, 1(20KB) LOS objects, 22% free, 53MB/69MB, paused 639us total 35.733ms
08-05 14:31:42.858 23097 23187 I art     : Starting a blocking GC Explicit
08-05 14:31:42.888 23097 23187 I art     : Explicit concurrent mark sweep GC freed 20(704B) AllocSpace objects, 0(0B) LOS objects, 22% free, 53MB/69MB, paused 590us total 29.986ms
08-05 14:31:42.899 23097 23187 I art     : Starting a blocking GC Explicit
08-05 14:31:42.925 23097 23187 I art     : Explicit concurrent mark sweep GC freed 3(96B) AllocSpace objects, 0(0B) LOS objects, 22% free, 53MB/69MB, paused 541us total 25.744ms
08-05 14:31:42.935 23097 23187 I art     : Starting a blocking GC Explicit
08-05 14:31:42.960 23097 23187 I art     : Explicit concurrent mark sweep GC freed 3(96B) AllocSpace objects, 0(0B) LOS objects, 22% free, 53MB/69MB, paused 543us total 25.152ms
08-05 14:31:42.969 23097 23187 I art     : Starting a blocking GC Explicit
08-05 14:31:42.994 23097 23187 I art     : Explicit concurrent mark sweep GC freed 3(96B) AllocSpace objects, 0(0B) LOS objects, 22% free, 53MB/69MB, paused 517us total 24.484ms
08-05 14:31:43.250 24817 24817 I ServiceManager: Waiting for service AtCmdFwd...
08-05 14:31:43.298 23097 23110 I art     : Starting a blocking GC Explicit
08-05 14:31:43.332 23097 23110 I art     : Explicit concurrent mark sweep GC freed 1344(78KB) AllocSpace objects, 1(20KB) LOS objects, 22% free, 53MB/69MB, paused 624us total 33.329ms
08-05 14:31:43.345 23097 23110 I art     : Starting a blocking GC Explicit
08-05 14:31:43.370 23097 23110 I art     : Explicit concurrent mark sweep GC freed 20(704B) AllocSpace objects, 0(0B) LOS objects, 22% free, 53MB/69MB, paused 577us total 25.174ms
08-05 14:31:43.380 23097 23110 I art     : Starting a blocking GC Explicit
08-05 14:31:43.405 23097 23110 I art     : Explicit concurrent mark sweep GC freed 3(96B) AllocSpace objects, 0(0B) LOS objects, 22% free, 53MB/69MB, paused 573us total 25.608ms
08-05 14:31:43.415 23097 23110 I art     : Starting a blocking GC Explicit
08-05 14:31:43.441 23097 23110 I art     : Explicit concurrent mark sweep GC freed 3(96B) AllocSpace objects, 0(0B) LOS objects, 22% free, 53MB/69MB, paused 576us total 25.537ms
08-05 14:31:43.450 23097 23110 I art     : Starting a blocking GC Explicit
08-05 14:31:43.475 23097 23110 I art     : Explicit concurrent mark sweep GC freed 3(96B) AllocSpace objects, 0(0B) LOS objects, 22% free, 53MB/69MB, paused 568us total 24.732ms
08-05 14:31:43.814 23097 23186 I art     : Starting a blocking GC Explicit
08-05 14:31:43.840 23097 23186 I art     : Explicit concurrent mark sweep GC freed 1344(78KB) AllocSpace objects, 1(20KB) LOS objects, 22% free, 53MB/69MB, paused 608us total 25.660ms
08-05 14:31:43.849 23097 23186 I art     : Starting a blocking GC Explicit
08-05 14:31:43.873 23097 23186 I art     : Explicit concurrent mark sweep GC freed 20(704B) AllocSpace objects, 0(0B) LOS objects, 22% free, 53MB/69MB, paused 568us total 23.361ms
08-05 14:31:43.882 23097 23186 I art     : Starting a blocking GC Explicit
08-05 14:31:43.906 23097 23186 I art     : Explicit concurrent mark sweep GC freed 3(96B) AllocSpace objects, 0(0B) LOS objects, 22% free, 53MB/69MB, paused 569us total 23.670ms
08-05 14:31:43.914 23097 23186 I art     : Starting a blocking GC Explicit
08-05 14:31:43.938 23097 23186 I art     : Explicit concurrent mark sweep GC freed 3(96B) AllocSpace objects, 0(0B) LOS objects, 22% free, 53MB/69MB, paused 574us total 23.733ms
08-05 14:31:43.947 23097 23186 I art     : Starting a blocking GC Explicit
08-05 14:31:43.972 23097 23186 I art     : Explicit concurrent mark sweep GC freed 3(96B) AllocSpace objects, 0(0B) LOS objects, 22% free, 53MB/69MB, paused 566us total 24.043ms
08-05 14:31:44.214 26868 26868 D AndroidRuntime: >>>>>> START com.android.internal.os.RuntimeInit uid 2000 <<<<<<
08-05 14:31:44.219 26868 26868 D AndroidRuntime: CheckJNI is OFF
08-05 14:31:44.250 26868 26868 D ICU     : No timezone override file found: /data/misc/zoneinfo/current/icu/icu_tzdata.dat
08-05 14:31:44.251 24817 24817 I ServiceManager: Waiting for service AtCmdFwd...
08-05 14:31:44.283 26868 26868 I Radio-JNI: register_android_hardware_Radio DONE
08-05 14:31:44.292 23097 23109 I art     : Starting a blocking GC Explicit
08-05 14:31:44.306 26868 26868 D AndroidRuntime: Calling main entry com.android.commands.input.Input
08-05 14:31:44.308 26868 26868 I Input   : injectKeyEvent: KeyEvent { action=ACTION_DOWN, keyCode=KEYCODE_BACK, scanCode=0, metaState=0, flags=0x0, repeatCount=0, eventTime=801120721, downTime=801120721, deviceId=-1, source=0x101 }
08-05 14:31:44.312 26868 26868 I Input   : injectKeyEvent: KeyEvent { action=ACTION_UP, keyCode=KEYCODE_BACK, scanCode=0, metaState=0, flags=0x0, repeatCount=0, eventTime=801120721, downTime=801120721, deviceId=-1, source=0x101 }
08-05 14:31:44.317 23097 23109 I art     : Explicit concurrent mark sweep GC freed 1346(78KB) AllocSpace objects, 1(20KB) LOS objects, 22% free, 53MB/69MB, paused 569us total 24.720ms
08-05 14:31:44.319 26868 26868 D AndroidRuntime: Shutting down VM
08-05 14:31:44.326 23097 23109 I art     : Starting a blocking GC Explicit
08-05 14:31:44.349 23097 23109 I art     : Explicit concurrent mark sweep GC freed 162(6KB) AllocSpace objects, 0(0B) LOS objects, 22% free, 53MB/69MB, paused 619us total 23.065ms
08-05 14:31:44.359 23097 23109 I art     : Starting a blocking GC Explicit
08-05 14:31:44.362 13866 13866 I GoogleInputMethodServic: GoogleInputMethodService.onFinishInput():3138 
08-05 14:31:44.363 13866 13866 I GoogleInputMethodServic: GoogleInputMethodService.onStartInput():1808 
08-05 14:31:44.380 23097 23109 I art     : Explicit concurrent mark sweep GC freed 29(1104B) AllocSpace objects, 0(0B) LOS objects, 22% free, 53MB/69MB, paused 587us total 21.308ms
08-05 14:31:44.390 23097 23109 I art     : Starting a blocking GC Explicit
08-05 14:31:44.411 23097 23109 I art     : Explicit concurrent mark sweep GC freed 17(560B) AllocSpace objects, 0(0B) LOS objects, 22% free, 53MB/69MB, paused 513us total 20.735ms
08-05 14:31:44.419 23097 23109 I art     : Starting a blocking GC Explicit
08-05 14:31:44.439 23097 23109 I art     : Explicit concurrent mark sweep GC freed 6(224B) AllocSpace objects, 0(0B) LOS objects, 22% free, 53MB/69MB, paused 462us total 20.070ms
08-05 14:31:44.651   380   380 W SurfaceFlinger: couldn't log to binary event log: overflow.
08-05 14:31:44.700 23097 23110 I art     : Starting a blocking GC Explicit
08-05 14:31:44.724 23097 23110 I art     : Explicit concurrent mark sweep GC freed 1454(86KB) AllocSpace objects, 1(20KB) LOS objects, 22% free, 53MB/69MB, paused 522us total 23.536ms
08-05 14:31:44.733 23097 23110 I art     : Starting a blocking GC Explicit
08-05 14:31:44.755 23097 23110 I art     : Explicit concurrent mark sweep GC freed 1670(108KB) AllocSpace objects, 3(180KB) LOS objects, 22% free, 53MB/69MB, paused 523us total 22.261ms
08-05 14:31:44.763 23097 23110 I art     : Starting a blocking GC Explicit
08-05 14:31:44.787 23097 23110 I art     : Explicit concurrent mark sweep GC freed 3(96B) AllocSpace objects, 0(0B) LOS objects, 22% free, 53MB/69MB, paused 628us total 23.126ms
08-05 14:31:44.795 23097 23110 I art     : Starting a blocking GC Explicit
08-05 14:31:44.818 23097 23110 I art     : Explicit concurrent mark sweep GC freed 3(96B) AllocSpace objects, 0(0B) LOS objects, 22% free, 53MB/69MB, paused 479us total 22.674ms
08-05 14:31:44.827 23097 23110 I art     : Starting a blocking GC Explicit
08-05 14:31:44.851 23097 23110 I art     : Explicit concurrent mark sweep GC freed 3(96B) AllocSpace objects, 0(0B) LOS objects, 22% free, 53MB/69MB, paused 515us total 23.171ms
08-05 14:31:45.145 23097 23187 I art     : Starting a blocking GC Explicit
08-05 14:31:45.180 23097 23187 I art     : Explicit concurrent mark sweep GC freed 1344(78KB) AllocSpace objects, 1(20KB) LOS objects, 22% free, 53MB/69MB, paused 586us total 34.386ms
08-05 14:31:45.192 23097 23187 I art     : Starting a blocking GC Explicit
08-05 14:31:45.221 23097 23187 I art     : Explicit concurrent mark sweep GC freed 20(704B) AllocSpace objects, 0(0B) LOS objects, 22% free, 53MB/69MB, paused 530us total 28.669ms
08-05 14:31:45.231 23097 23187 I art     : Starting a blocking GC Explicit
08-05 14:31:45.251 24817 24817 I ServiceManager: Waiting for service AtCmdFwd...
08-05 14:31:45.256 23097 23187 I art     : Explicit concurrent mark sweep GC freed 3(96B) AllocSpace objects, 0(0B) LOS objects, 22% free, 53MB/69MB, paused 533us total 24.755ms
08-05 14:31:45.265 23097 23187 I art     : Starting a blocking GC Explicit
08-05 14:31:45.289 23097 23187 I art     : Explicit concurrent mark sweep GC freed 3(96B) AllocSpace objects, 0(0B) LOS objects, 22% free, 53MB/69MB, paused 540us total 24.336ms
08-05 14:31:45.299 23097 23187 I art     : Starting a blocking GC Explicit
08-05 14:31:45.323 23097 23187 I art     : Explicit concurrent mark sweep GC freed 3(96B) AllocSpace objects, 0(0B) LOS objects, 22% free, 53MB/69MB, paused 541us total 23.965ms
08-05 14:31:45.609 23097 23186 I art     : Starting a blocking GC Explicit
08-05 14:31:45.634 23097 23186 I art     : Explicit concurrent mark sweep GC freed 1344(78KB) AllocSpace objects, 1(20KB) LOS objects, 22% free, 53MB/69MB, paused 567us total 24.713ms
08-05 14:31:45.643 23097 23186 I art     : Starting a blocking GC Explicit
08-05 14:31:45.666 23097 23186 I art     : Explicit concurrent mark sweep GC freed 20(704B) AllocSpace objects, 0(0B) LOS objects, 22% free, 53MB/69MB, paused 562us total 23.534ms
08-05 14:31:45.675 23097 23186 I art     : Starting a blocking GC Explicit
08-05 14:31:45.699 23097 23186 I art     : Explicit concurrent mark sweep GC freed 3(96B) AllocSpace objects, 0(0B) LOS objects, 22% free, 53MB/69MB, paused 546us total 23.561ms
08-05 14:31:45.708 23097 23186 I art     : Starting a blocking GC Explicit
08-05 14:31:45.731 23097 23186 I art     : Explicit concurrent mark sweep GC freed 3(96B) AllocSpace objects, 0(0B) LOS objects, 22% free, 53MB/69MB, paused 555us total 23.121ms
08-05 14:31:45.740 23097 23186 I art     : Starting a blocking GC Explicit
08-05 14:31:45.763 23097 23186 I art     : Explicit concurrent mark sweep GC freed 3(96B) AllocSpace objects, 0(0B) LOS objects, 22% free, 53MB/69MB, paused 573us total 22.843ms
08-05 14:31:45.973 26921 26921 D AndroidRuntime: >>>>>> START com.android.internal.os.RuntimeInit uid 2000 <<<<<<
08-05 14:31:45.978 26921 26921 D AndroidRuntime: CheckJNI is OFF
08-05 14:31:46.011 26921 26921 D ICU     : No timezone override file found: /data/misc/zoneinfo/current/icu/icu_tzdata.dat
08-05 14:31:46.042 23097 23109 I art     : Starting a blocking GC Explicit
08-05 14:31:46.044 26921 26921 I Radio-JNI: register_android_hardware_Radio DONE
08-05 14:31:46.067 23097 23109 I art     : Explicit concurrent mark sweep GC freed 1344(78KB) AllocSpace objects, 1(20KB) LOS objects, 22% free, 53MB/69MB, paused 553us total 24.748ms
08-05 14:31:46.068 26921 26921 D AndroidRuntime: Calling main entry com.android.commands.input.Input
08-05 14:31:46.071 26921 26921 I Input   : injectMotionEvent: MotionEvent { action=ACTION_DOWN, actionButton=0, id[0]=0, x[0]=255.0, y[0]=1845.0, toolType[0]=TOOL_TYPE_UNKNOWN, buttonState=0, metaState=0, flags=0x0, edgeFlags=0x0, pointerCount=1, historySize=0, eventTime=801122483, downTime=801122483, deviceId=0, source=0x1002 }
08-05 14:31:46.075 26921 26921 I Input   : injectMotionEvent: MotionEvent { action=ACTION_UP, actionButton=0, id[0]=0, x[0]=255.0, y[0]=1845.0, toolType[0]=TOOL_TYPE_UNKNOWN, buttonState=0, metaState=0, flags=0x0, edgeFlags=0x0, pointerCount=1, historySize=0, eventTime=801122483, downTime=801122483, deviceId=0, source=0x1002 }
08-05 14:31:46.076 23097 23109 I art     : Starting a blocking GC Explicit
08-05 14:31:46.077   918  6029 I ActivityManager: START u0 {cmp=baseline.appteam.nith.hillffair/.activities.ClubActivity (has extras)} from uid 10675 on display 0
08-05 14:31:46.083 26921 26921 D AndroidRuntime: Shutting down VM
08-05 14:31:46.100 23097 23109 I art     : Explicit concurrent mark sweep GC freed 155(9KB) AllocSpace objects, 0(0B) LOS objects, 22% free, 53MB/69MB, paused 777us total 23.463ms
08-05 14:31:46.108 23097 23109 I art     : Starting a blocking GC Explicit
08-05 14:31:46.132 23097 23109 I art     : Explicit concurrent mark sweep GC freed 3555(266KB) AllocSpace objects, 0(0B) LOS objects, 22% free, 53MB/69MB, paused 570us total 23.217ms
08-05 14:31:46.141 23097 23109 I art     : Starting a blocking GC Explicit
08-05 14:31:46.162 23097 23109 I art     : Explicit concurrent mark sweep GC freed 307(24KB) AllocSpace objects, 0(0B) LOS objects, 22% free, 53MB/69MB, paused 828us total 21.494ms
08-05 14:31:46.171 23097 23109 I art     : Starting a blocking GC Explicit
08-05 14:31:46.173 23097 23097 I NAPPA_EXPERIMENTATION: MetricNetworkRequestExecutionTime: REQUEST_DURATION_SYSTEM='60',REQUEST_DURATION_OKHTTP='32',REQUEST_SYNCHRONOUS='FALSE',RESPONSE_CODE='200',RESPONSE_METHOD='GET',RESPONSE_LENGTH_OKHTTP='1171',RESPONSE_LENGTH_HEADER='-2',REQUEST_PROTOCOL='http/1.1',REQUEST_URL='https://api-hillfair-2k16.herokuapp.com/api/app/club/Technical%20Committee',
08-05 14:31:46.178 13866 13866 I GoogleInputMethodServic: GoogleInputMethodService.onFinishInput():3138 
08-05 14:31:46.178   918   936 I ActivityManager: Displayed baseline.appteam.nith.hillffair/.activities.ClubActivity: +94ms
08-05 14:31:46.179 13866 13866 I GoogleInputMethodServic: GoogleInputMethodService.onStartInput():1808 
08-05 14:31:46.193 23097 23109 I art     : Explicit concurrent mark sweep GC freed 639(48KB) AllocSpace objects, 0(0B) LOS objects, 22% free, 53MB/69MB, paused 538us total 21.933ms
08-05 14:31:46.252 24817 24817 I ServiceManager: Waiting for service AtCmdFwd...
08-05 14:31:46.430   380   380 W SurfaceFlinger: couldn't log to binary event log: overflow.
08-05 14:31:46.473 23097 23110 I art     : Starting a blocking GC Explicit
08-05 14:31:46.494 23097 23110 I art     : Explicit concurrent mark sweep GC freed 1415(80KB) AllocSpace objects, 1(20KB) LOS objects, 22% free, 53MB/69MB, paused 463us total 21.163ms
08-05 14:31:46.502 23097 23110 I art     : Starting a blocking GC Explicit
08-05 14:31:46.525 23097 23110 I art     : Explicit concurrent mark sweep GC freed 22(784B) AllocSpace objects, 0(0B) LOS objects, 22% free, 53MB/69MB, paused 474us total 22.704ms
08-05 14:31:46.535 23097 23110 I art     : Starting a blocking GC Explicit
08-05 14:31:46.558 23097 23110 I art     : Explicit concurrent mark sweep GC freed 93(5KB) AllocSpace objects, 0(0B) LOS objects, 22% free, 53MB/69MB, paused 549us total 23.594ms
08-05 14:31:46.571 23097 23110 I art     : Starting a blocking GC Explicit
08-05 14:31:46.597 23097 23110 I art     : Explicit concurrent mark sweep GC freed 13(496B) AllocSpace objects, 0(0B) LOS objects, 22% free, 53MB/69MB, paused 542us total 25.571ms
08-05 14:31:46.605 23097 23110 I art     : Starting a blocking GC Explicit
08-05 14:31:46.627 23097 23110 I art     : Explicit concurrent mark sweep GC freed 19(656B) AllocSpace objects, 0(0B) LOS objects, 22% free, 53MB/69MB, paused 523us total 21.907ms
08-05 14:31:46.934 23097 23186 I art     : Starting a blocking GC Explicit
08-05 14:31:46.967 23097 23186 I art     : Explicit concurrent mark sweep GC freed 1344(78KB) AllocSpace objects, 1(20KB) LOS objects, 22% free, 53MB/69MB, paused 846us total 32.277ms
08-05 14:31:46.980 23097 23186 I art     : Starting a blocking GC Explicit
08-05 14:31:47.002 23097 23186 I art     : Explicit concurrent mark sweep GC freed 20(704B) AllocSpace objects, 0(0B) LOS objects, 22% free, 53MB/69MB, paused 505us total 22.236ms
08-05 14:31:47.010 23097 23186 I art     : Starting a blocking GC Explicit
08-05 14:31:47.033 23097 23186 I art     : Explicit concurrent mark sweep GC freed 3(96B) AllocSpace objects, 0(0B) LOS objects, 22% free, 53MB/69MB, paused 525us total 22.425ms
08-05 14:31:47.042 23097 23186 I art     : Starting a blocking GC Explicit
08-05 14:31:47.067 23097 23186 I art     : Explicit concurrent mark sweep GC freed 3(96B) AllocSpace objects, 0(0B) LOS objects, 22% free, 53MB/69MB, paused 600us total 24.438ms
08-05 14:31:47.076 23097 23186 I art     : Starting a blocking GC Explicit
08-05 14:31:47.100 23097 23186 I art     : Explicit concurrent mark sweep GC freed 3(96B) AllocSpace objects, 0(0B) LOS objects, 22% free, 53MB/69MB, paused 517us total 24.576ms
08-05 14:31:47.252 24817 24817 I ServiceManager: Waiting for service AtCmdFwd...
08-05 14:31:47.386   918  3261 D WifiStateMachine: starting scan for "H369AA63323"WPA_PSK with 2412,5180
08-05 14:31:47.395 23097 23109 I art     : Starting a blocking GC Explicit
08-05 14:31:47.427   918  1210 D NetlinkSocketObserver: NeighborEvent{elapsedMs=1784511302, 192.168.2.254, [7C3953A63323], RTM_NEWNEIGH, NUD_STALE}
08-05 14:31:47.427 23097 23109 I art     : Explicit concurrent mark sweep GC freed 1344(78KB) AllocSpace objects, 1(20KB) LOS objects, 22% free, 53MB/69MB, paused 582us total 31.776ms
08-05 14:31:47.438 23097 23109 I art     : Starting a blocking GC Explicit
08-05 14:31:47.463 23097 23109 I art     : Explicit concurrent mark sweep GC freed 20(704B) AllocSpace objects, 0(0B) LOS objects, 22% free, 53MB/69MB, paused 558us total 24.491ms
08-05 14:31:47.472 23097 23109 I art     : Starting a blocking GC Explicit
08-05 14:31:47.498 23097 23109 I art     : Explicit concurrent mark sweep GC freed 3(96B) AllocSpace objects, 0(0B) LOS objects, 22% free, 53MB/69MB, paused 566us total 25.218ms
08-05 14:31:47.507 23097 23109 I art     : Starting a blocking GC Explicit
08-05 14:31:47.532 23097 23109 I art     : Explicit concurrent mark sweep GC freed 3(96B) AllocSpace objects, 0(0B) LOS objects, 22% free, 53MB/69MB, paused 524us total 24.421ms
08-05 14:31:47.541 23097 23109 I art     : Starting a blocking GC Explicit
08-05 14:31:47.566 23097 23109 I art     : Explicit concurrent mark sweep GC freed 3(96B) AllocSpace objects, 0(0B) LOS objects, 22% free, 53MB/69MB, paused 550us total 24.823ms
08-05 14:31:47.876 23097 23187 I art     : Starting a blocking GC Explicit
08-05 14:31:47.909 23097 23187 I art     : Explicit concurrent mark sweep GC freed 1344(78KB) AllocSpace objects, 1(20KB) LOS objects, 22% free, 53MB/69MB, paused 542us total 31.905ms
08-05 14:31:47.921 23097 23187 I art     : Starting a blocking GC Explicit
08-05 14:31:47.947 23097 23187 I art     : Explicit concurrent mark sweep GC freed 20(704B) AllocSpace objects, 0(0B) LOS objects, 22% free, 53MB/69MB, paused 564us total 25.628ms
08-05 14:31:47.957 23097 23187 I art     : Starting a blocking GC Explicit
08-05 14:31:47.982 23097 23187 I art     : Explicit concurrent mark sweep GC freed 3(96B) AllocSpace objects, 0(0B) LOS objects, 22% free, 53MB/69MB, paused 541us total 25.086ms
08-05 14:31:47.991 23097 23187 I art     : Starting a blocking GC Explicit
08-05 14:31:48.016 23097 23187 I art     : Explicit concurrent mark sweep GC freed 3(96B) AllocSpace objects, 0(0B) LOS objects, 22% free, 53MB/69MB, paused 533us total 24.882ms
08-05 14:31:48.026 23097 23187 I art     : Starting a blocking GC Explicit
08-05 14:31:48.051 23097 23187 I art     : Explicit concurrent mark sweep GC freed 3(96B) AllocSpace objects, 0(0B) LOS objects, 22% free, 53MB/69MB, paused 556us total 25.024ms
08-05 14:31:48.252 24817 24817 W Atfwd_Sendcmd: AtCmdFwd service not published, waiting... retryCnt : 5
08-05 14:31:48.383 23097 23110 I art     : Starting a blocking GC Explicit
08-05 14:31:48.414 23097 23110 I art     : Explicit concurrent mark sweep GC freed 1344(78KB) AllocSpace objects, 1(20KB) LOS objects, 22% free, 53MB/69MB, paused 562us total 31.297ms
08-05 14:31:48.426 23097 23110 I art     : Starting a blocking GC Explicit
08-05 14:31:48.452 23097 23110 I art     : Explicit concurrent mark sweep GC freed 20(704B) AllocSpace objects, 0(0B) LOS objects, 22% free, 53MB/69MB, paused 519us total 25.485ms
08-05 14:31:48.461 23097 23110 I art     : Starting a blocking GC Explicit
08-05 14:31:48.487 23097 23110 I art     : Explicit concurrent mark sweep GC freed 3(96B) AllocSpace objects, 0(0B) LOS objects, 22% free, 53MB/69MB, paused 621us total 25.546ms
08-05 14:31:48.496 23097 23110 I art     : Starting a blocking GC Explicit
08-05 14:31:48.522 23097 23110 I art     : Explicit concurrent mark sweep GC freed 3(96B) AllocSpace objects, 0(0B) LOS objects, 22% free, 53MB/69MB, paused 546us total 25.226ms
08-05 14:31:48.531 23097 23110 I art     : Starting a blocking GC Explicit
08-05 14:31:48.556 23097 23110 I art     : Explicit concurrent mark sweep GC freed 3(96B) AllocSpace objects, 0(0B) LOS objects, 22% free, 53MB/69MB, paused 535us total 25.130ms
08-05 14:31:48.875 23097 23186 I art     : Starting a blocking GC Explicit
08-05 14:31:48.907 23097 23186 I art     : Explicit concurrent mark sweep GC freed 1344(78KB) AllocSpace objects, 1(20KB) LOS objects, 22% free, 53MB/69MB, paused 569us total 31.991ms
08-05 14:31:48.920 23097 23186 I art     : Starting a blocking GC Explicit
08-05 14:31:48.945 23097 23186 I art     : Explicit concurrent mark sweep GC freed 20(704B) AllocSpace objects, 0(0B) LOS objects, 22% free, 53MB/69MB, paused 537us total 25.056ms
08-05 14:31:48.954 23097 23186 I art     : Starting a blocking GC Explicit
08-05 14:31:48.980 23097 23186 I art     : Explicit concurrent mark sweep GC freed 3(96B) AllocSpace objects, 0(0B) LOS objects, 22% free, 53MB/69MB, paused 546us total 25.248ms
08-05 14:31:48.989 23097 23186 I art     : Starting a blocking GC Explicit
08-05 14:31:49.015 23097 23186 I art     : Explicit concurrent mark sweep GC freed 3(96B) AllocSpace objects, 0(0B) LOS objects, 22% free, 53MB/69MB, paused 527us total 25.476ms
08-05 14:31:49.025 23097 23186 I art     : Starting a blocking GC Explicit
08-05 14:31:49.050 23097 23186 I art     : Explicit concurrent mark sweep GC freed 3(96B) AllocSpace objects, 0(0B) LOS objects, 22% free, 53MB/69MB, paused 571us total 25.461ms
08-05 14:31:49.381 23097 23109 I art     : Starting a blocking GC Explicit
08-05 14:31:49.416 23097 23109 I art     : Explicit concurrent mark sweep GC freed 1344(78KB) AllocSpace objects, 1(20KB) LOS objects, 22% free, 53MB/69MB, paused 562us total 34.894ms
08-05 14:31:49.425 23097 23109 I art     : Starting a blocking GC Explicit
08-05 14:31:49.451 23097 23109 I art     : Explicit concurrent mark sweep GC freed 20(704B) AllocSpace objects, 0(0B) LOS objects, 22% free, 53MB/69MB, paused 537us total 25.422ms
08-05 14:31:49.461 23097 23109 I art     : Starting a blocking GC Explicit
08-05 14:31:49.486 23097 23109 I art     : Explicit concurrent mark sweep GC freed 3(96B) AllocSpace objects, 0(0B) LOS objects, 22% free, 53MB/69MB, paused 557us total 25.562ms
08-05 14:31:49.496 23097 23109 I art     : Starting a blocking GC Explicit
08-05 14:31:49.521 23097 23109 I art     : Explicit concurrent mark sweep GC freed 3(96B) AllocSpace objects, 0(0B) LOS objects, 22% free, 53MB/69MB, paused 534us total 24.874ms
08-05 14:31:49.530 23097 23109 I art     : Starting a blocking GC Explicit
08-05 14:31:49.555 23097 23109 I art     : Explicit concurrent mark sweep GC freed 3(96B) AllocSpace objects, 0(0B) LOS objects, 22% free, 53MB/69MB, paused 542us total 25.165ms
08-05 14:31:49.910 23097 23187 I art     : Starting a blocking GC Explicit
08-05 14:31:49.944 23097 23187 I art     : Explicit concurrent mark sweep GC freed 1344(78KB) AllocSpace objects, 1(20KB) LOS objects, 22% free, 53MB/69MB, paused 604us total 33.661ms
08-05 14:31:49.957 23097 23187 I art     : Starting a blocking GC Explicit
08-05 14:31:49.983 23097 23187 I art     : Explicit concurrent mark sweep GC freed 20(704B) AllocSpace objects, 0(0B) LOS objects, 22% free, 53MB/69MB, paused 550us total 25.802ms
08-05 14:31:49.993 23097 23187 I art     : Starting a blocking GC Explicit
08-05 14:31:50.019 23097 23187 I art     : Explicit concurrent mark sweep GC freed 3(96B) AllocSpace objects, 0(0B) LOS objects, 22% free, 53MB/69MB, paused 548us total 25.578ms
08-05 14:31:50.028 23097 23187 I art     : Starting a blocking GC Explicit
08-05 14:31:50.054 23097 23187 I art     : Explicit concurrent mark sweep GC freed 3(96B) AllocSpace objects, 0(0B) LOS objects, 22% free, 53MB/69MB, paused 531us total 25.474ms
08-05 14:31:50.063 23097 23187 I art     : Starting a blocking GC Explicit
08-05 14:31:50.089 23097 23187 I art     : Explicit concurrent mark sweep GC freed 3(96B) AllocSpace objects, 0(0B) LOS objects, 22% free, 53MB/69MB, paused 546us total 25.489ms
08-05 14:31:50.405 23097 23110 I art     : Starting a blocking GC Explicit
08-05 14:31:50.430 23097 23110 I art     : Explicit concurrent mark sweep GC freed 1344(78KB) AllocSpace objects, 1(20KB) LOS objects, 22% free, 53MB/69MB, paused 571us total 25.152ms
08-05 14:31:50.440 23097 23110 I art     : Starting a blocking GC Explicit
08-05 14:31:50.465 23097 23110 I art     : Explicit concurrent mark sweep GC freed 20(704B) AllocSpace objects, 0(0B) LOS objects, 22% free, 53MB/69MB, paused 529us total 24.695ms
08-05 14:31:50.474 23097 23110 I art     : Starting a blocking GC Explicit
08-05 14:31:50.498 23097 23110 I art     : Explicit concurrent mark sweep GC freed 3(96B) AllocSpace objects, 0(0B) LOS objects, 22% free, 53MB/69MB, paused 532us total 24.032ms
08-05 14:31:50.507 23097 23110 I art     : Starting a blocking GC Explicit
08-05 14:31:50.531 23097 23110 I art     : Explicit concurrent mark sweep GC freed 3(96B) AllocSpace objects, 0(0B) LOS objects, 22% free, 53MB/69MB, paused 543us total 23.567ms
08-05 14:31:50.540 23097 23110 I art     : Starting a blocking GC Explicit
08-05 14:31:50.564 23097 23110 I art     : Explicit concurrent mark sweep GC freed 3(96B) AllocSpace objects, 0(0B) LOS objects, 22% free, 53MB/69MB, paused 545us total 23.696ms
08-05 14:31:50.755 27032 27032 D AndroidRuntime: >>>>>> START com.android.internal.os.RuntimeInit uid 2000 <<<<<<
08-05 14:31:50.761 27032 27032 D AndroidRuntime: CheckJNI is OFF
08-05 14:31:50.795 27032 27032 D ICU     : No timezone override file found: /data/misc/zoneinfo/current/icu/icu_tzdata.dat
08-05 14:31:50.827 27032 27032 I Radio-JNI: register_android_hardware_Radio DONE
08-05 14:31:50.849 27032 27032 D AndroidRuntime: Calling main entry com.android.commands.input.Input
08-05 14:31:50.851 27032 27032 I Input   : injectKeyEvent: KeyEvent { action=ACTION_DOWN, keyCode=KEYCODE_BACK, scanCode=0, metaState=0, flags=0x0, repeatCount=0, eventTime=801127264, downTime=801127264, deviceId=-1, source=0x101 }
08-05 14:31:50.855 27032 27032 I Input   : injectKeyEvent: KeyEvent { action=ACTION_UP, keyCode=KEYCODE_BACK, scanCode=0, metaState=0, flags=0x0, repeatCount=0, eventTime=801127264, downTime=801127264, deviceId=-1, source=0x101 }
08-05 14:31:50.861 27032 27032 D AndroidRuntime: Shutting down VM
08-05 14:31:50.874 23097 23110 I art     : Starting a blocking GC Explicit
08-05 14:31:50.900 23097 23110 I art     : Explicit concurrent mark sweep GC freed 1488(84KB) AllocSpace objects, 1(20KB) LOS objects, 22% free, 53MB/69MB, paused 1.044ms total 25.748ms
08-05 14:31:50.904 13866 13866 I GoogleInputMethodServic: GoogleInputMethodService.onFinishInput():3138 
08-05 14:31:50.905 13866 13866 I GoogleInputMethodServic: GoogleInputMethodService.onStartInput():1808 
08-05 14:31:50.908 23097 23110 I art     : Starting a blocking GC Explicit
08-05 14:31:50.935 23097 23110 I art     : Explicit concurrent mark sweep GC freed 56(2016B) AllocSpace objects, 0(0B) LOS objects, 22% free, 53MB/69MB, paused 483us total 26.631ms
08-05 14:31:50.944 23097 23110 I art     : Starting a blocking GC Explicit
08-05 14:31:50.966 23097 23110 I art     : Explicit concurrent mark sweep GC freed 10(384B) AllocSpace objects, 0(0B) LOS objects, 22% free, 53MB/69MB, paused 472us total 21.973ms
08-05 14:31:50.974 23097 23110 I art     : Starting a blocking GC Explicit
08-05 14:31:50.996 23097 23110 I art     : Explicit concurrent mark sweep GC freed 3(96B) AllocSpace objects, 0(0B) LOS objects, 22% free, 53MB/69MB, paused 470us total 21.418ms
08-05 14:31:51.005 23097 23110 I art     : Starting a blocking GC Explicit
08-05 14:31:51.025 23097 23110 I art     : Explicit concurrent mark sweep GC freed 3(96B) AllocSpace objects, 0(0B) LOS objects, 22% free, 53MB/69MB, paused 483us total 20.752ms
08-05 14:31:51.209   380   380 W SurfaceFlinger: couldn't log to binary event log: overflow.
08-05 14:31:51.284 23097 23187 I art     : Starting a blocking GC Explicit
08-05 14:31:51.310 23097 23187 I art     : Explicit concurrent mark sweep GC freed 1453(86KB) AllocSpace objects, 1(20KB) LOS objects, 22% free, 53MB/69MB, paused 539us total 26.743ms
08-05 14:31:51.320 23097 23187 I art     : Starting a blocking GC Explicit
08-05 14:31:51.345 23097 23187 I art     : Explicit concurrent mark sweep GC freed 1671(108KB) AllocSpace objects, 3(180KB) LOS objects, 22% free, 53MB/69MB, paused 561us total 25.092ms
08-05 14:31:51.354 23097 23187 I art     : Starting a blocking GC Explicit
08-05 14:31:51.379 23097 23187 I art     : Explicit concurrent mark sweep GC freed 3(96B) AllocSpace objects, 0(0B) LOS objects, 22% free, 53MB/69MB, paused 542us total 24.289ms
08-05 14:31:51.389 23097 23187 I art     : Starting a blocking GC Explicit
08-05 14:31:51.413 23097 23187 I art     : Explicit concurrent mark sweep GC freed 3(96B) AllocSpace objects, 0(0B) LOS objects, 22% free, 53MB/69MB, paused 533us total 23.931ms
08-05 14:31:51.422 23097 23187 I art     : Starting a blocking GC Explicit
08-05 14:31:51.446 23097 23187 I art     : Explicit concurrent mark sweep GC freed 3(96B) AllocSpace objects, 0(0B) LOS objects, 22% free, 53MB/69MB, paused 576us total 23.883ms
08-05 14:31:51.761 23097 23109 I art     : Starting a blocking GC Explicit
08-05 14:31:51.793 23097 23109 I art     : Explicit concurrent mark sweep GC freed 1344(78KB) AllocSpace objects, 1(20KB) LOS objects, 22% free, 53MB/69MB, paused 611us total 30.965ms
08-05 14:31:51.804 23097 23109 I art     : Starting a blocking GC Explicit
08-05 14:31:51.829 23097 23109 I art     : Explicit concurrent mark sweep GC freed 20(704B) AllocSpace objects, 0(0B) LOS objects, 22% free, 53MB/69MB, paused 538us total 24.908ms
08-05 14:31:51.838 23097 23109 I art     : Starting a blocking GC Explicit
08-05 14:31:51.863 23097 23109 I art     : Explicit concurrent mark sweep GC freed 3(96B) AllocSpace objects, 0(0B) LOS objects, 22% free, 53MB/69MB, paused 544us total 24.638ms
08-05 14:31:51.872 23097 23109 I art     : Starting a blocking GC Explicit
08-05 14:31:51.897 23097 23109 I art     : Explicit concurrent mark sweep GC freed 3(96B) AllocSpace objects, 0(0B) LOS objects, 22% free, 53MB/69MB, paused 614us total 24.343ms
08-05 14:31:51.906 23097 23109 I art     : Starting a blocking GC Explicit
08-05 14:31:51.931 23097 23109 I art     : Explicit concurrent mark sweep GC freed 3(96B) AllocSpace objects, 0(0B) LOS objects, 22% free, 53MB/69MB, paused 540us total 24.296ms
08-05 14:31:52.212 23097 23186 I art     : Starting a blocking GC Explicit
08-05 14:31:52.237 23097 23186 I art     : Explicit concurrent mark sweep GC freed 1344(78KB) AllocSpace objects, 1(20KB) LOS objects, 22% free, 53MB/69MB, paused 513us total 24.665ms
08-05 14:31:52.246 23097 23186 I art     : Starting a blocking GC Explicit
08-05 14:31:52.270 23097 23186 I art     : Explicit concurrent mark sweep GC freed 20(704B) AllocSpace objects, 0(0B) LOS objects, 22% free, 53MB/69MB, paused 528us total 24.246ms
08-05 14:31:52.279 23097 23186 I art     : Starting a blocking GC Explicit
08-05 14:31:52.302 23097 23186 I art     : Explicit concurrent mark sweep GC freed 3(96B) AllocSpace objects, 0(0B) LOS objects, 22% free, 53MB/69MB, paused 540us total 22.780ms
08-05 14:31:52.311 23097 23186 I art     : Starting a blocking GC Explicit
08-05 14:31:52.334 23097 23186 I art     : Explicit concurrent mark sweep GC freed 3(96B) AllocSpace objects, 0(0B) LOS objects, 22% free, 53MB/69MB, paused 537us total 22.718ms
08-05 14:31:52.343 23097 23186 I art     : Starting a blocking GC Explicit
08-05 14:31:52.366 23097 23186 I art     : Explicit concurrent mark sweep GC freed 3(96B) AllocSpace objects, 0(0B) LOS objects, 22% free, 53MB/69MB, paused 545us total 22.948ms
08-05 14:31:52.528 27081 27081 D AndroidRuntime: >>>>>> START com.android.internal.os.RuntimeInit uid 2000 <<<<<<
08-05 14:31:52.534 27081 27081 D AndroidRuntime: CheckJNI is OFF
08-05 14:31:52.566 27081 27081 D ICU     : No timezone override file found: /data/misc/zoneinfo/current/icu/icu_tzdata.dat
08-05 14:31:52.598 27081 27081 I Radio-JNI: register_android_hardware_Radio DONE
08-05 14:31:52.620 27081 27081 D AndroidRuntime: Calling main entry com.android.commands.input.Input
08-05 14:31:52.621 27081 27081 I Input   : injectMotionEvent: MotionEvent { action=ACTION_DOWN, actionButton=0, id[0]=0, x[0]=369.0, y[0]=554.0, toolType[0]=TOOL_TYPE_UNKNOWN, buttonState=0, metaState=0, flags=0x0, edgeFlags=0x0, pointerCount=1, historySize=0, eventTime=801129034, downTime=801129034, deviceId=0, source=0x1002 }
08-05 14:31:52.625 27081 27081 I Input   : injectMotionEvent: MotionEvent { action=ACTION_UP, actionButton=0, id[0]=0, x[0]=369.0, y[0]=554.0, toolType[0]=TOOL_TYPE_UNKNOWN, buttonState=0, metaState=0, flags=0x0, edgeFlags=0x0, pointerCount=1, historySize=0, eventTime=801129034, downTime=801129034, deviceId=0, source=0x1002 }
08-05 14:31:52.627   918  4413 I ActivityManager: START u0 {cmp=baseline.appteam.nith.hillffair/.activities.ClubActivity (has extras)} from uid 10675 on display 0
08-05 14:31:52.636 27081 27081 D AndroidRuntime: Shutting down VM
08-05 14:31:52.674 23097 23186 I art     : Starting a blocking GC Explicit
08-05 14:31:52.699 23097 23186 I art     : Explicit concurrent mark sweep GC freed 5014(348KB) AllocSpace objects, 1(20KB) LOS objects, 22% free, 53MB/69MB, paused 594us total 24.821ms
08-05 14:31:52.708 23097 23186 I art     : Starting a blocking GC Explicit
08-05 14:31:52.729 23097 23097 I NAPPA_EXPERIMENTATION: MetricNetworkRequestExecutionTime: REQUEST_DURATION_SYSTEM='61',REQUEST_DURATION_OKHTTP='40',REQUEST_SYNCHRONOUS='FALSE',RESPONSE_CODE='200',RESPONSE_METHOD='GET',RESPONSE_LENGTH_OKHTTP='979',RESPONSE_LENGTH_HEADER='-2',REQUEST_PROTOCOL='http/1.1',REQUEST_URL='https://api-hillfair-2k16.herokuapp.com/api/app/club/PR%20Club',
08-05 14:31:52.730 23097 23186 I art     : Explicit concurrent mark sweep GC freed 404(32KB) AllocSpace objects, 0(0B) LOS objects, 22% free, 53MB/69MB, paused 729us total 22.592ms
08-05 14:31:52.736   918   936 I ActivityManager: Displayed baseline.appteam.nith.hillffair/.activities.ClubActivity: +100ms
08-05 14:31:52.738 13866 13866 I GoogleInputMethodServic: GoogleInputMethodService.onFinishInput():3138 
08-05 14:31:52.739 13866 13866 I GoogleInputMethodServic: GoogleInputMethodService.onStartInput():1808 
08-05 14:31:52.740 23097 23186 I art     : Starting a blocking GC Explicit
08-05 14:31:52.764 23097 23186 I art     : Explicit concurrent mark sweep GC freed 567(43KB) AllocSpace objects, 0(0B) LOS objects, 22% free, 53MB/69MB, paused 762us total 24.139ms
08-05 14:31:52.775 23097 23186 I art     : Starting a blocking GC Explicit
08-05 14:31:52.797 23097 23186 I art     : Explicit concurrent mark sweep GC freed 52(1856B) AllocSpace objects, 0(0B) LOS objects, 22% free, 53MB/69MB, paused 548us total 21.398ms
08-05 14:31:52.805 23097 23186 I art     : Starting a blocking GC Explicit
08-05 14:31:52.827 23097 23186 I art     : Explicit concurrent mark sweep GC freed 3(96B) AllocSpace objects, 0(0B) LOS objects, 22% free, 53MB/69MB, paused 572us total 22.068ms
08-05 14:31:52.996   380   380 W SurfaceFlinger: couldn't log to binary event log: overflow.
08-05 14:31:53.080 23097 23110 I art     : Starting a blocking GC Explicit
08-05 14:31:53.104 23097 23110 I art     : Explicit concurrent mark sweep GC freed 1344(78KB) AllocSpace objects, 1(20KB) LOS objects, 22% free, 53MB/69MB, paused 504us total 24.106ms
08-05 14:31:53.113 23097 23110 I art     : Starting a blocking GC Explicit
08-05 14:31:53.139 23097 23110 I art     : Explicit concurrent mark sweep GC freed 116(6KB) AllocSpace objects, 0(0B) LOS objects, 22% free, 53MB/69MB, paused 490us total 25.196ms
08-05 14:31:53.147 23097 23110 I art     : Starting a blocking GC Explicit
08-05 14:31:53.169 23097 23110 I art     : Explicit concurrent mark sweep GC freed 7(256B) AllocSpace objects, 0(0B) LOS objects, 22% free, 53MB/69MB, paused 517us total 21.965ms
08-05 14:31:53.178 23097 23110 I art     : Starting a blocking GC Explicit
08-05 14:31:53.200 23097 23110 I art     : Explicit concurrent mark sweep GC freed 19(656B) AllocSpace objects, 0(0B) LOS objects, 22% free, 53MB/69MB, paused 529us total 21.795ms
08-05 14:31:53.209 23097 23110 I art     : Starting a blocking GC Explicit
08-05 14:31:53.233 23097 23110 I art     : Explicit concurrent mark sweep GC freed 3(96B) AllocSpace objects, 0(0B) LOS objects, 22% free, 53MB/69MB, paused 540us total 23.553ms
08-05 14:31:53.533 23097 23187 I art     : Starting a blocking GC Explicit
08-05 14:31:53.567 23097 23187 I art     : Explicit concurrent mark sweep GC freed 1344(78KB) AllocSpace objects, 1(20KB) LOS objects, 22% free, 53MB/69MB, paused 669us total 33.728ms
08-05 14:31:53.579 23097 23187 I art     : Starting a blocking GC Explicit
08-05 14:31:53.605 23097 23187 I art     : Explicit concurrent mark sweep GC freed 20(704B) AllocSpace objects, 0(0B) LOS objects, 22% free, 53MB/69MB, paused 551us total 26.036ms
08-05 14:31:53.614 23097 23187 I art     : Starting a blocking GC Explicit
08-05 14:31:53.640 23097 23187 I art     : Explicit concurrent mark sweep GC freed 3(96B) AllocSpace objects, 0(0B) LOS objects, 22% free, 53MB/69MB, paused 550us total 25.031ms
08-05 14:31:53.649 23097 23187 I art     : Starting a blocking GC Explicit
08-05 14:31:53.674 23097 23187 I art     : Explicit concurrent mark sweep GC freed 3(96B) AllocSpace objects, 0(0B) LOS objects, 22% free, 53MB/69MB, paused 552us total 24.896ms
08-05 14:31:53.683 23097 23187 I art     : Starting a blocking GC Explicit
08-05 14:31:53.709 23097 23187 I art     : Explicit concurrent mark sweep GC freed 3(96B) AllocSpace objects, 0(0B) LOS objects, 22% free, 53MB/69MB, paused 576us total 25.270ms
08-05 14:31:54.006 23097 23109 I art     : Starting a blocking GC Explicit
08-05 14:31:54.038 23097 23109 I art     : Explicit concurrent mark sweep GC freed 1344(78KB) AllocSpace objects, 1(20KB) LOS objects, 22% free, 53MB/69MB, paused 640us total 31.905ms
08-05 14:31:54.051 23097 23109 I art     : Starting a blocking GC Explicit
08-05 14:31:54.078 23097 23109 I art     : Explicit concurrent mark sweep GC freed 20(704B) AllocSpace objects, 0(0B) LOS objects, 22% free, 53MB/69MB, paused 575us total 26.843ms
08-05 14:31:54.087 23097 23109 I art     : Starting a blocking GC Explicit
08-05 14:31:54.113 23097 23109 I art     : Explicit concurrent mark sweep GC freed 3(96B) AllocSpace objects, 0(0B) LOS objects, 22% free, 53MB/69MB, paused 600us total 25.561ms
08-05 14:31:54.123 23097 23109 I art     : Starting a blocking GC Explicit
08-05 14:31:54.149 23097 23109 I art     : Explicit concurrent mark sweep GC freed 3(96B) AllocSpace objects, 0(0B) LOS objects, 22% free, 53MB/69MB, paused 561us total 25.749ms
08-05 14:31:54.158 23097 23109 I art     : Starting a blocking GC Explicit
08-05 14:31:54.183 23097 23109 I art     : Explicit concurrent mark sweep GC freed 3(96B) AllocSpace objects, 0(0B) LOS objects, 22% free, 53MB/69MB, paused 553us total 25.075ms
08-05 14:31:54.518 23097 23186 I art     : Starting a blocking GC Explicit
08-05 14:31:54.553 23097 23186 I art     : Explicit concurrent mark sweep GC freed 1344(78KB) AllocSpace objects, 1(20KB) LOS objects, 22% free, 53MB/69MB, paused 592us total 35.071ms
08-05 14:31:54.567 23097 23186 I art     : Starting a blocking GC Explicit
08-05 14:31:54.593 23097 23186 I art     : Explicit concurrent mark sweep GC freed 20(704B) AllocSpace objects, 0(0B) LOS objects, 22% free, 53MB/69MB, paused 548us total 25.956ms
08-05 14:31:54.602 23097 23186 I art     : Starting a blocking GC Explicit
08-05 14:31:54.628 23097 23186 I art     : Explicit concurrent mark sweep GC freed 3(96B) AllocSpace objects, 0(0B) LOS objects, 22% free, 53MB/69MB, paused 548us total 25.507ms
08-05 14:31:54.637 23097 23186 I art     : Starting a blocking GC Explicit
08-05 14:31:54.662 23097 23186 I art     : Explicit concurrent mark sweep GC freed 3(96B) AllocSpace objects, 0(0B) LOS objects, 22% free, 53MB/69MB, paused 534us total 24.500ms
08-05 14:31:54.671 23097 23186 I art     : Starting a blocking GC Explicit
08-05 14:31:54.698 23097 23186 I art     : Explicit concurrent mark sweep GC freed 3(96B) AllocSpace objects, 0(0B) LOS objects, 22% free, 53MB/69MB, paused 563us total 25.811ms
08-05 14:31:55.027 23097 23110 I art     : Starting a blocking GC Explicit
08-05 14:31:55.059 23097 23110 I art     : Explicit concurrent mark sweep GC freed 1344(78KB) AllocSpace objects, 1(20KB) LOS objects, 22% free, 53MB/69MB, paused 616us total 31.482ms
08-05 14:31:55.072 23097 23110 I art     : Starting a blocking GC Explicit
08-05 14:31:55.098 23097 23110 I art     : Explicit concurrent mark sweep GC freed 20(704B) AllocSpace objects, 0(0B) LOS objects, 22% free, 53MB/69MB, paused 563us total 26.006ms
08-05 14:31:55.107 23097 23110 I art     : Starting a blocking GC Explicit
08-05 14:31:55.133 23097 23110 I art     : Explicit concurrent mark sweep GC freed 3(96B) AllocSpace objects, 0(0B) LOS objects, 22% free, 53MB/69MB, paused 535us total 25.519ms
08-05 14:31:55.143 23097 23110 I art     : Starting a blocking GC Explicit
08-05 14:31:55.169 23097 23110 I art     : Explicit concurrent mark sweep GC freed 3(96B) AllocSpace objects, 0(0B) LOS objects, 22% free, 53MB/69MB, paused 532us total 25.859ms
08-05 14:31:55.178 23097 23110 I art     : Starting a blocking GC Explicit
08-05 14:31:55.204 23097 23110 I art     : Explicit concurrent mark sweep GC freed 3(96B) AllocSpace objects, 0(0B) LOS objects, 22% free, 53MB/69MB, paused 643us total 25.574ms
08-05 14:31:55.524 23097 23187 I art     : Starting a blocking GC Explicit
08-05 14:31:55.556 23097 23187 I art     : Explicit concurrent mark sweep GC freed 1344(78KB) AllocSpace objects, 1(20KB) LOS objects, 22% free, 53MB/69MB, paused 591us total 31.787ms
08-05 14:31:55.569 23097 23187 I art     : Starting a blocking GC Explicit
08-05 14:31:55.598 23097 23187 I art     : Explicit concurrent mark sweep GC freed 20(704B) AllocSpace objects, 0(0B) LOS objects, 22% free, 53MB/69MB, paused 600us total 28.620ms
08-05 14:31:55.607 23097 23187 I art     : Starting a blocking GC Explicit
08-05 14:31:55.633 23097 23187 I art     : Explicit concurrent mark sweep GC freed 3(96B) AllocSpace objects, 0(0B) LOS objects, 22% free, 53MB/69MB, paused 559us total 25.768ms
08-05 14:31:55.642 23097 23187 I art     : Starting a blocking GC Explicit
08-05 14:31:55.668 23097 23187 I art     : Explicit concurrent mark sweep GC freed 3(96B) AllocSpace objects, 0(0B) LOS objects, 22% free, 53MB/69MB, paused 581us total 25.332ms
08-05 14:31:55.677 23097 23187 I art     : Starting a blocking GC Explicit
08-05 14:31:55.703 23097 23187 I art     : Explicit concurrent mark sweep GC freed 3(96B) AllocSpace objects, 0(0B) LOS objects, 22% free, 53MB/69MB, paused 593us total 25.414ms
08-05 14:31:56.037 23097 23109 I art     : Starting a blocking GC Explicit
08-05 14:31:56.071 23097 23109 I art     : Explicit concurrent mark sweep GC freed 1344(78KB) AllocSpace objects, 1(20KB) LOS objects, 22% free, 53MB/69MB, paused 599us total 33.875ms
08-05 14:31:56.085 23097 23109 I art     : Starting a blocking GC Explicit
08-05 14:31:56.111 23097 23109 I art     : Explicit concurrent mark sweep GC freed 20(704B) AllocSpace objects, 0(0B) LOS objects, 22% free, 53MB/69MB, paused 569us total 25.693ms
08-05 14:31:56.120 23097 23109 I art     : Starting a blocking GC Explicit
08-05 14:31:56.146 23097 23109 I art     : Explicit concurrent mark sweep GC freed 3(96B) AllocSpace objects, 0(0B) LOS objects, 22% free, 53MB/69MB, paused 559us total 25.841ms
08-05 14:31:56.156 23097 23109 I art     : Starting a blocking GC Explicit
08-05 14:31:56.181 23097 23109 I art     : Explicit concurrent mark sweep GC freed 3(96B) AllocSpace objects, 0(0B) LOS objects, 22% free, 53MB/69MB, paused 564us total 25.521ms
08-05 14:31:56.191 23097 23109 I art     : Starting a blocking GC Explicit
08-05 14:31:56.217 23097 23109 I art     : Explicit concurrent mark sweep GC freed 3(96B) AllocSpace objects, 0(0B) LOS objects, 22% free, 53MB/69MB, paused 565us total 25.752ms
08-05 14:31:56.540 23097 23186 I art     : Starting a blocking GC Explicit
08-05 14:31:56.576 23097 23186 I art     : Explicit concurrent mark sweep GC freed 1344(78KB) AllocSpace objects, 1(20KB) LOS objects, 22% free, 53MB/69MB, paused 593us total 35.303ms
08-05 14:31:56.589 23097 23186 I art     : Starting a blocking GC Explicit
08-05 14:31:56.615 23097 23186 I art     : Explicit concurrent mark sweep GC freed 20(704B) AllocSpace objects, 0(0B) LOS objects, 22% free, 53MB/69MB, paused 550us total 25.790ms
08-05 14:31:56.624 23097 23186 I art     : Starting a blocking GC Explicit
08-05 14:31:56.650 23097 23186 I art     : Explicit concurrent mark sweep GC freed 3(96B) AllocSpace objects, 0(0B) LOS objects, 22% free, 53MB/69MB, paused 543us total 25.214ms
08-05 14:31:56.659 23097 23186 I art     : Starting a blocking GC Explicit
08-05 14:31:56.684 23097 23186 I art     : Explicit concurrent mark sweep GC freed 3(96B) AllocSpace objects, 0(0B) LOS objects, 22% free, 53MB/69MB, paused 533us total 24.850ms
08-05 14:31:56.693 23097 23186 I art     : Starting a blocking GC Explicit
08-05 14:31:56.719 23097 23186 I art     : Explicit concurrent mark sweep GC freed 3(96B) AllocSpace objects, 0(0B) LOS objects, 22% free, 53MB/69MB, paused 550us total 25.184ms
08-05 14:31:57.021 23097 23110 I art     : Starting a blocking GC Explicit
08-05 14:31:57.047 23097 23110 I art     : Explicit concurrent mark sweep GC freed 1344(78KB) AllocSpace objects, 1(20KB) LOS objects, 22% free, 53MB/69MB, paused 557us total 25.397ms
08-05 14:31:57.056 23097 23110 I art     : Starting a blocking GC Explicit
08-05 14:31:57.080 23097 23110 I art     : Explicit concurrent mark sweep GC freed 20(704B) AllocSpace objects, 0(0B) LOS objects, 22% free, 53MB/69MB, paused 546us total 23.742ms
08-05 14:31:57.089 23097 23110 I art     : Starting a blocking GC Explicit
08-05 14:31:57.113 23097 23110 I art     : Explicit concurrent mark sweep GC freed 3(96B) AllocSpace objects, 0(0B) LOS objects, 22% free, 53MB/69MB, paused 621us total 23.856ms
08-05 14:31:57.122 23097 23110 I art     : Starting a blocking GC Explicit
08-05 14:31:57.146 23097 23110 I art     : Explicit concurrent mark sweep GC freed 3(96B) AllocSpace objects, 0(0B) LOS objects, 22% free, 53MB/69MB, paused 552us total 23.785ms
08-05 14:31:57.155 23097 23110 I art     : Starting a blocking GC Explicit
08-05 14:31:57.179 23097 23110 I art     : Explicit concurrent mark sweep GC freed 3(96B) AllocSpace objects, 0(0B) LOS objects, 22% free, 53MB/69MB, paused 540us total 24.125ms
08-05 14:31:57.326 27195 27195 D AndroidRuntime: >>>>>> START com.android.internal.os.RuntimeInit uid 2000 <<<<<<
08-05 14:31:57.332 27195 27195 D AndroidRuntime: CheckJNI is OFF
08-05 14:31:57.364 27195 27195 D ICU     : No timezone override file found: /data/misc/zoneinfo/current/icu/icu_tzdata.dat
08-05 14:31:57.396 27195 27195 I Radio-JNI: register_android_hardware_Radio DONE
08-05 14:31:57.418 27195 27195 D AndroidRuntime: Calling main entry com.android.commands.input.Input
08-05 14:31:57.419 27195 27195 I Input   : injectKeyEvent: KeyEvent { action=ACTION_DOWN, keyCode=KEYCODE_BACK, scanCode=0, metaState=0, flags=0x0, repeatCount=0, eventTime=801133832, downTime=801133832, deviceId=-1, source=0x101 }
08-05 14:31:57.426 27195 27195 I Input   : injectKeyEvent: KeyEvent { action=ACTION_UP, keyCode=KEYCODE_BACK, scanCode=0, metaState=0, flags=0x0, repeatCount=0, eventTime=801133832, downTime=801133832, deviceId=-1, source=0x101 }
08-05 14:31:57.432 27195 27195 D AndroidRuntime: Shutting down VM
08-05 14:31:57.473 13866 13866 I GoogleInputMethodServic: GoogleInputMethodService.onFinishInput():3138 
08-05 14:31:57.474 13866 13866 I GoogleInputMethodServic: GoogleInputMethodService.onStartInput():1808 
08-05 14:31:57.479 23097 23187 I art     : Starting a blocking GC Explicit
08-05 14:31:57.501 23097 23187 I art     : Explicit concurrent mark sweep GC freed 1524(85KB) AllocSpace objects, 1(20KB) LOS objects, 22% free, 53MB/69MB, paused 694us total 21.995ms
08-05 14:31:57.510 23097 23187 I art     : Starting a blocking GC Explicit
08-05 14:31:57.533 23097 23187 I art     : Explicit concurrent mark sweep GC freed 27(960B) AllocSpace objects, 0(0B) LOS objects, 22% free, 53MB/69MB, paused 518us total 21.960ms
08-05 14:31:57.541 23097 23187 I art     : Starting a blocking GC Explicit
08-05 14:31:57.561 23097 23187 I art     : Explicit concurrent mark sweep GC freed 4(144B) AllocSpace objects, 0(0B) LOS objects, 22% free, 53MB/69MB, paused 487us total 19.898ms
08-05 14:31:57.569 23097 23187 I art     : Starting a blocking GC Explicit
08-05 14:31:57.590 23097 23187 I art     : Explicit concurrent mark sweep GC freed 3(96B) AllocSpace objects, 0(0B) LOS objects, 22% free, 53MB/69MB, paused 514us total 20.621ms
08-05 14:31:57.599 23097 23187 I art     : Starting a blocking GC Explicit
08-05 14:31:57.620 23097 23187 I art     : Explicit concurrent mark sweep GC freed 3(96B) AllocSpace objects, 0(0B) LOS objects, 22% free, 53MB/69MB, paused 505us total 20.990ms
08-05 14:31:57.784   380   380 W SurfaceFlinger: couldn't log to binary event log: overflow.
08-05 14:31:57.876 23097 23109 I art     : Starting a blocking GC Explicit
08-05 14:31:57.902 23097 23109 I art     : Explicit concurrent mark sweep GC freed 1453(86KB) AllocSpace objects, 1(20KB) LOS objects, 22% free, 53MB/69MB, paused 567us total 25.483ms
08-05 14:31:57.914 23097 23109 I art     : Starting a blocking GC Explicit
08-05 14:31:57.940 23097 23109 I art     : Explicit concurrent mark sweep GC freed 1671(107KB) AllocSpace objects, 3(184KB) LOS objects, 22% free, 53MB/69MB, paused 554us total 24.881ms
08-05 14:31:57.949 23097 23109 I art     : Starting a blocking GC Explicit
08-05 14:31:57.974 23097 23109 I art     : Explicit concurrent mark sweep GC freed 3(96B) AllocSpace objects, 0(0B) LOS objects, 22% free, 53MB/69MB, paused 550us total 24.589ms
08-05 14:31:57.983 23097 23109 I art     : Starting a blocking GC Explicit
08-05 14:31:58.008 23097 23109 I art     : Explicit concurrent mark sweep GC freed 3(96B) AllocSpace objects, 0(0B) LOS objects, 22% free, 53MB/69MB, paused 556us total 24.550ms
08-05 14:31:58.017 23097 23109 I art     : Starting a blocking GC Explicit
08-05 14:31:58.042 23097 23109 I art     : Explicit concurrent mark sweep GC freed 3(96B) AllocSpace objects, 0(0B) LOS objects, 22% free, 53MB/69MB, paused 554us total 25.153ms
08-05 14:31:58.349 23097 23110 I art     : Starting a blocking GC Explicit
08-05 14:31:58.380 23097 23110 I art     : Explicit concurrent mark sweep GC freed 1344(78KB) AllocSpace objects, 1(20KB) LOS objects, 22% free, 53MB/69MB, paused 580us total 30.639ms
08-05 14:31:58.392 23097 23110 I art     : Starting a blocking GC Explicit
08-05 14:31:58.417 23097 23110 I art     : Explicit concurrent mark sweep GC freed 20(704B) AllocSpace objects, 0(0B) LOS objects, 22% free, 53MB/69MB, paused 605us total 24.899ms
08-05 14:31:58.427 23097 23110 I art     : Starting a blocking GC Explicit
08-05 14:31:58.452 23097 23110 I art     : Explicit concurrent mark sweep GC freed 3(96B) AllocSpace objects, 0(0B) LOS objects, 22% free, 53MB/69MB, paused 562us total 25.242ms
08-05 14:31:58.462 23097 23110 I art     : Starting a blocking GC Explicit
08-05 14:31:58.487 23097 23110 I art     : Explicit concurrent mark sweep GC freed 3(96B) AllocSpace objects, 0(0B) LOS objects, 22% free, 53MB/69MB, paused 553us total 24.725ms
08-05 14:31:58.496 23097 23110 I art     : Starting a blocking GC Explicit
08-05 14:31:58.521 23097 23110 I art     : Explicit concurrent mark sweep GC freed 3(96B) AllocSpace objects, 0(0B) LOS objects, 22% free, 53MB/69MB, paused 608us total 24.909ms
08-05 14:31:58.791 23097 23186 I art     : Starting a blocking GC Explicit
08-05 14:31:58.816 23097 23186 I art     : Explicit concurrent mark sweep GC freed 1344(78KB) AllocSpace objects, 1(20KB) LOS objects, 22% free, 53MB/69MB, paused 566us total 24.667ms
08-05 14:31:58.826 23097 23186 I art     : Starting a blocking GC Explicit
08-05 14:31:58.849 23097 23186 I art     : Explicit concurrent mark sweep GC freed 20(704B) AllocSpace objects, 0(0B) LOS objects, 22% free, 53MB/69MB, paused 543us total 23.266ms
08-05 14:31:58.858 23097 23186 I art     : Starting a blocking GC Explicit
08-05 14:31:58.882 23097 23186 I art     : Explicit concurrent mark sweep GC freed 3(96B) AllocSpace objects, 0(0B) LOS objects, 22% free, 53MB/69MB, paused 580us total 23.563ms
08-05 14:31:58.891 23097 23186 I art     : Starting a blocking GC Explicit
08-05 14:31:58.915 23097 23186 I art     : Explicit concurrent mark sweep GC freed 3(96B) AllocSpace objects, 0(0B) LOS objects, 22% free, 53MB/69MB, paused 560us total 23.549ms
08-05 14:31:58.924 23097 23186 I art     : Starting a blocking GC Explicit
08-05 14:31:58.948 23097 23186 I art     : Explicit concurrent mark sweep GC freed 3(96B) AllocSpace objects, 0(0B) LOS objects, 22% free, 53MB/69MB, paused 578us total 23.219ms
08-05 14:31:59.104 27249 27249 D AndroidRuntime: >>>>>> START com.android.internal.os.RuntimeInit uid 2000 <<<<<<
08-05 14:31:59.110 27249 27249 D AndroidRuntime: CheckJNI is OFF
08-05 14:31:59.143 27249 27249 D ICU     : No timezone override file found: /data/misc/zoneinfo/current/icu/icu_tzdata.dat
08-05 14:31:59.175 27249 27249 I Radio-JNI: register_android_hardware_Radio DONE
08-05 14:31:59.196 27249 27249 D AndroidRuntime: Calling main entry com.android.commands.input.Input
08-05 14:31:59.198 27249 27249 I Input   : injectKeyEvent: KeyEvent { action=ACTION_DOWN, keyCode=KEYCODE_BACK, scanCode=0, metaState=0, flags=0x0, repeatCount=0, eventTime=801135611, downTime=801135611, deviceId=-1, source=0x101 }
08-05 14:31:59.203 27249 27249 I Input   : injectKeyEvent: KeyEvent { action=ACTION_UP, keyCode=KEYCODE_BACK, scanCode=0, metaState=0, flags=0x0, repeatCount=0, eventTime=801135611, downTime=801135611, deviceId=-1, source=0x101 }
08-05 14:31:59.209 27249 27249 D AndroidRuntime: Shutting down VM
08-05 14:31:59.247 13866 13866 I GoogleInputMethodServic: GoogleInputMethodService.onFinishInput():3138 
08-05 14:31:59.247 13866 13866 I GoogleInputMethodServic: GoogleInputMethodService.onStartInput():1808 
08-05 14:31:59.264 23097 23187 I art     : Starting a blocking GC Explicit
08-05 14:31:59.288 23097 23187 I art     : Explicit concurrent mark sweep GC freed 1574(88KB) AllocSpace objects, 1(20KB) LOS objects, 22% free, 53MB/69MB, paused 583us total 23.375ms
08-05 14:31:59.296 23097 23187 I art     : Starting a blocking GC Explicit
08-05 14:31:59.316 23097 23187 I art     : Explicit concurrent mark sweep GC freed 40(1376B) AllocSpace objects, 0(0B) LOS objects, 22% free, 53MB/69MB, paused 512us total 20.453ms
08-05 14:31:59.325 23097 23187 I art     : Starting a blocking GC Explicit
08-05 14:31:59.347 23097 23187 I art     : Explicit concurrent mark sweep GC freed 3(96B) AllocSpace objects, 0(0B) LOS objects, 22% free, 53MB/69MB, paused 547us total 22.250ms
08-05 14:31:59.356 23097 23187 I art     : Starting a blocking GC Explicit
08-05 14:31:59.379 23097 23187 I art     : Explicit concurrent mark sweep GC freed 3(96B) AllocSpace objects, 0(0B) LOS objects, 22% free, 53MB/69MB, paused 702us total 22.737ms
08-05 14:31:59.387 23097 23187 I art     : Starting a blocking GC Explicit
08-05 14:31:59.411 23097 23187 I art     : Explicit concurrent mark sweep GC freed 3(96B) AllocSpace objects, 0(0B) LOS objects, 22% free, 53MB/69MB, paused 467us total 23.280ms
08-05 14:31:59.657 23097 23186 I art     : Starting a blocking GC Explicit
08-05 14:31:59.683 23097 23186 I art     : Explicit concurrent mark sweep GC freed 2977(154KB) AllocSpace objects, 1(20KB) LOS objects, 22% free, 53MB/69MB, paused 576us total 24.995ms
08-05 14:31:59.692 23097 23186 I art     : Starting a blocking GC Explicit
08-05 14:31:59.716 23097 23186 I art     : Explicit concurrent mark sweep GC freed 2858(180KB) AllocSpace objects, 2(140KB) LOS objects, 23% free, 53MB/69MB, paused 530us total 23.570ms
08-05 14:31:59.725 23097 23186 I art     : Starting a blocking GC Explicit
08-05 14:31:59.748 23097 23186 I art     : Explicit concurrent mark sweep GC freed 3(96B) AllocSpace objects, 0(0B) LOS objects, 23% free, 53MB/69MB, paused 523us total 22.476ms
08-05 14:31:59.757 23097 23186 I art     : Starting a blocking GC Explicit
08-05 14:31:59.779 23097 23186 I art     : Explicit concurrent mark sweep GC freed 3(96B) AllocSpace objects, 0(0B) LOS objects, 23% free, 53MB/69MB, paused 524us total 22.324ms
08-05 14:31:59.788 23097 23186 I art     : Starting a blocking GC Explicit
08-05 14:31:59.811 23097 23186 I art     : Explicit concurrent mark sweep GC freed 3(96B) AllocSpace objects, 0(0B) LOS objects, 23% free, 53MB/69MB, paused 534us total 22.815ms
08-05 14:32:00.109 23097 23110 I art     : Starting a blocking GC Explicit
08-05 14:32:00.132 23097 23110 I art     : Explicit concurrent mark sweep GC freed 1344(78KB) AllocSpace objects, 1(20KB) LOS objects, 23% free, 53MB/69MB, paused 544us total 22.919ms
08-05 14:32:00.141 23097 23110 I art     : Starting a blocking GC Explicit
08-05 14:32:00.164 23097 23110 I art     : Explicit concurrent mark sweep GC freed 20(704B) AllocSpace objects, 0(0B) LOS objects, 23% free, 53MB/69MB, paused 522us total 22.738ms
08-05 14:32:00.173 23097 23110 I art     : Starting a blocking GC Explicit
08-05 14:32:00.196 23097 23110 I art     : Explicit concurrent mark sweep GC freed 3(96B) AllocSpace objects, 0(0B) LOS objects, 23% free, 53MB/69MB, paused 526us total 22.661ms
08-05 14:32:00.205 23097 23110 I art     : Starting a blocking GC Explicit
08-05 14:32:00.228 23097 23110 I art     : Explicit concurrent mark sweep GC freed 3(96B) AllocSpace objects, 0(0B) LOS objects, 23% free, 53MB/69MB, paused 624us total 22.406ms
08-05 14:32:00.237 23097 23110 I art     : Starting a blocking GC Explicit
08-05 14:32:00.260 23097 23110 I art     : Explicit concurrent mark sweep GC freed 3(96B) AllocSpace objects, 0(0B) LOS objects, 23% free, 53MB/69MB, paused 537us total 23.285ms
08-05 14:32:00.542 23097 23109 I art     : Starting a blocking GC Explicit
08-05 14:32:00.566 23097 23109 I art     : Explicit concurrent mark sweep GC freed 1341(78KB) AllocSpace objects, 1(20KB) LOS objects, 23% free, 53MB/69MB, paused 596us total 22.976ms
08-05 14:32:00.575 23097 23109 I art     : Starting a blocking GC Explicit
08-05 14:32:00.598 23097 23109 I art     : Explicit concurrent mark sweep GC freed 20(704B) AllocSpace objects, 0(0B) LOS objects, 23% free, 53MB/69MB, paused 593us total 22.694ms
08-05 14:32:00.607 23097 23109 I art     : Starting a blocking GC Explicit
08-05 14:32:00.629 23097 23109 I art     : Explicit concurrent mark sweep GC freed 3(96B) AllocSpace objects, 0(0B) LOS objects, 23% free, 53MB/69MB, paused 616us total 21.896ms
08-05 14:32:00.638 23097 23109 I art     : Starting a blocking GC Explicit
08-05 14:32:00.659 23097 23109 I art     : Explicit concurrent mark sweep GC freed 3(96B) AllocSpace objects, 0(0B) LOS objects, 23% free, 53MB/69MB, paused 544us total 21.515ms
08-05 14:32:00.668 23097 23109 I art     : Starting a blocking GC Explicit
08-05 14:32:00.690 23097 23109 I art     : Explicit concurrent mark sweep GC freed 3(96B) AllocSpace objects, 0(0B) LOS objects, 23% free, 53MB/69MB, paused 550us total 21.495ms
08-05 14:32:00.884 27312 27312 D AndroidRuntime: >>>>>> START com.android.internal.os.RuntimeInit uid 2000 <<<<<<
08-05 14:32:00.889 27312 27312 D AndroidRuntime: CheckJNI is OFF
08-05 14:32:00.922 27312 27312 D ICU     : No timezone override file found: /data/misc/zoneinfo/current/icu/icu_tzdata.dat
08-05 14:32:00.955 27312 27312 I Radio-JNI: register_android_hardware_Radio DONE
08-05 14:32:00.970 23097 23187 I art     : Starting a blocking GC Explicit
08-05 14:32:00.976 27312 27312 D AndroidRuntime: Calling main entry com.android.commands.input.Input
08-05 14:32:00.978 27312 27312 I Input   : injectMotionEvent: MotionEvent { action=ACTION_DOWN, actionButton=0, id[0]=0, x[0]=1084.0, y[0]=2213.0, toolType[0]=TOOL_TYPE_UNKNOWN, buttonState=0, metaState=0, flags=0x0, edgeFlags=0x0, pointerCount=1, historySize=0, eventTime=801137391, downTime=801137391, deviceId=0, source=0x1002 }
08-05 14:32:00.982 27312 27312 I Input   : injectMotionEvent: MotionEvent { action=ACTION_UP, actionButton=0, id[0]=0, x[0]=1084.0, y[0]=2213.0, toolType[0]=TOOL_TYPE_UNKNOWN, buttonState=0, metaState=0, flags=0x0, edgeFlags=0x0, pointerCount=1, historySize=0, eventTime=801137391, downTime=801137391, deviceId=0, source=0x1002 }
08-05 14:32:00.984   918  6029 I ActivityManager: START u0 {cmp=baseline.appteam.nith.hillffair/.activities.EventActivity} from uid 10675 on display 0
08-05 14:32:00.989 27312 27312 D AndroidRuntime: Shutting down VM
08-05 14:32:00.994 23097 23187 I art     : Explicit concurrent mark sweep GC freed 1359(78KB) AllocSpace objects, 1(20KB) LOS objects, 23% free, 53MB/69MB, paused 637us total 22.932ms
08-05 14:32:01.004 23097 23187 I art     : Starting a blocking GC Explicit
08-05 14:32:01.028 23097 23187 I art     : Explicit concurrent mark sweep GC freed 5051(326KB) AllocSpace objects, 0(0B) LOS objects, 23% free, 53MB/69MB, paused 836us total 23.825ms
08-05 14:32:01.037 23097 23187 I art     : Starting a blocking GC Explicit
08-05 14:32:01.057 23097 23187 I art     : Explicit concurrent mark sweep GC freed 326(37KB) AllocSpace objects, 0(0B) LOS objects, 23% free, 53MB/69MB, paused 592us total 19.719ms
08-05 14:32:01.063 23097 23097 I NAPPA_EXPERIMENTATION: MetricNetworkRequestExecutionTime: REQUEST_DURATION_SYSTEM='46',REQUEST_DURATION_OKHTTP='41',REQUEST_SYNCHRONOUS='FALSE',RESPONSE_CODE='200',RESPONSE_METHOD='GET',RESPONSE_LENGTH_OKHTTP='1870',RESPONSE_LENGTH_HEADER='-2',REQUEST_PROTOCOL='http/1.1',REQUEST_URL='https://api-hillfair-2k16.herokuapp.com/api/app/club',
08-05 14:32:01.064 13866 13866 I GoogleInputMethodServic: GoogleInputMethodService.onFinishInput():3138 
08-05 14:32:01.064 13866 13866 I GoogleInputMethodServic: GoogleInputMethodService.onStartInput():1808 
08-05 14:32:01.065 23097 23187 I art     : Starting a blocking GC Explicit
08-05 14:32:01.086 23097 23187 I art     : Explicit concurrent mark sweep GC freed 723(50KB) AllocSpace objects, 0(0B) LOS objects, 23% free, 53MB/69MB, paused 918us total 20.624ms
08-05 14:32:01.086 23097 23108 I art     : WaitForGcToComplete blocked for 14.493ms for cause HeapTrim
08-05 14:32:01.094 23097 23187 I art     : Starting a blocking GC Explicit
08-05 14:32:01.111   918   936 I ActivityManager: Displayed baseline.appteam.nith.hillffair/.activities.EventActivity: +121ms
08-05 14:32:01.118 23097 23187 I art     : Explicit concurrent mark sweep GC freed 379(13KB) AllocSpace objects, 0(0B) LOS objects, 23% free, 53MB/69MB, paused 677us total 23.371ms
08-05 14:32:01.394 23097 23110 I art     : Starting a blocking GC Explicit
08-05 14:32:01.406   380   380 W SurfaceFlinger: couldn't log to binary event log: overflow.
08-05 14:32:01.425 23097 23110 I art     : Explicit concurrent mark sweep GC freed 1382(80KB) AllocSpace objects, 1(20KB) LOS objects, 23% free, 53MB/69MB, paused 500us total 30.390ms
08-05 14:32:01.433 23097 23110 I art     : Starting a blocking GC Explicit
08-05 14:32:01.453 23097 23110 I art     : Explicit concurrent mark sweep GC freed 22(768B) AllocSpace objects, 0(0B) LOS objects, 23% free, 53MB/69MB, paused 522us total 19.906ms
08-05 14:32:01.461 23097 23110 I art     : Starting a blocking GC Explicit
08-05 14:32:01.482 23097 23110 I art     : Explicit concurrent mark sweep GC freed 3(96B) AllocSpace objects, 0(0B) LOS objects, 23% free, 53MB/69MB, paused 484us total 20.737ms
08-05 14:32:01.490 23097 23110 I art     : Starting a blocking GC Explicit
08-05 14:32:01.511 23097 23110 I art     : Explicit concurrent mark sweep GC freed 72(4KB) AllocSpace objects, 0(0B) LOS objects, 23% free, 53MB/69MB, paused 504us total 20.314ms
08-05 14:32:01.519 23097 23110 I art     : Starting a blocking GC Explicit
08-05 14:32:01.541 23097 23110 I art     : Explicit concurrent mark sweep GC freed 4(128B) AllocSpace objects, 0(0B) LOS objects, 23% free, 53MB/69MB, paused 503us total 21.650ms
08-05 14:32:01.834 23097 23187 I art     : Starting a blocking GC Explicit
08-05 14:32:01.864 23097 23187 I art     : Explicit concurrent mark sweep GC freed 1344(78KB) AllocSpace objects, 1(20KB) LOS objects, 23% free, 53MB/69MB, paused 605us total 29.673ms
08-05 14:32:01.876 23097 23187 I art     : Starting a blocking GC Explicit
08-05 14:32:01.901 23097 23187 I art     : Explicit concurrent mark sweep GC freed 20(704B) AllocSpace objects, 0(0B) LOS objects, 23% free, 53MB/69MB, paused 553us total 24.673ms
08-05 14:32:01.910 23097 23187 I art     : Starting a blocking GC Explicit
08-05 14:32:01.934 23097 23187 I art     : Explicit concurrent mark sweep GC freed 3(96B) AllocSpace objects, 0(0B) LOS objects, 23% free, 53MB/69MB, paused 628us total 24.089ms
08-05 14:32:01.943 23097 23187 I art     : Starting a blocking GC Explicit
08-05 14:32:01.968 23097 23187 I art     : Explicit concurrent mark sweep GC freed 3(96B) AllocSpace objects, 0(0B) LOS objects, 23% free, 53MB/69MB, paused 575us total 24.405ms
08-05 14:32:01.977 23097 23187 I art     : Starting a blocking GC Explicit
08-05 14:32:02.001 23097 23187 I art     : Explicit concurrent mark sweep GC freed 3(96B) AllocSpace objects, 0(0B) LOS objects, 23% free, 53MB/69MB, paused 554us total 23.804ms
08-05 14:32:02.289 23097 23186 I art     : Starting a blocking GC Explicit
08-05 14:32:02.319 23097 23186 I art     : Explicit concurrent mark sweep GC freed 1344(78KB) AllocSpace objects, 1(20KB) LOS objects, 23% free, 53MB/69MB, paused 585us total 30.246ms
08-05 14:32:02.332 23097 23186 I art     : Starting a blocking GC Explicit
08-05 14:32:02.362 23097 23186 I art     : Explicit concurrent mark sweep GC freed 20(704B) AllocSpace objects, 0(0B) LOS objects, 23% free, 53MB/69MB, paused 566us total 29.574ms
08-05 14:32:02.371 23097 23186 I art     : Starting a blocking GC Explicit
08-05 14:32:02.396 23097 23186 I art     : Explicit concurrent mark sweep GC freed 3(96B) AllocSpace objects, 0(0B) LOS objects, 23% free, 53MB/69MB, paused 534us total 24.484ms
08-05 14:32:02.405 23097 23186 I art     : Starting a blocking GC Explicit
08-05 14:32:02.430 23097 23186 I art     : Explicit concurrent mark sweep GC freed 3(96B) AllocSpace objects, 0(0B) LOS objects, 23% free, 53MB/69MB, paused 527us total 24.162ms
08-05 14:32:02.439 23097 23186 I art     : Starting a blocking GC Explicit
08-05 14:32:02.463 23097 23186 I art     : Explicit concurrent mark sweep GC freed 3(96B) AllocSpace objects, 0(0B) LOS objects, 23% free, 53MB/69MB, paused 538us total 23.850ms
08-05 14:32:02.767 23097 23109 I art     : Starting a blocking GC Explicit
08-05 14:32:02.802 23097 23109 I art     : Explicit concurrent mark sweep GC freed 1344(78KB) AllocSpace objects, 1(20KB) LOS objects, 23% free, 53MB/69MB, paused 702us total 34.928ms
08-05 14:32:02.816 23097 23109 I art     : Starting a blocking GC Explicit
08-05 14:32:02.840 23097 23109 I art     : Explicit concurrent mark sweep GC freed 20(704B) AllocSpace objects, 0(0B) LOS objects, 23% free, 53MB/69MB, paused 613us total 23.377ms
08-05 14:32:02.849 23097 23109 I art     : Starting a blocking GC Explicit
08-05 14:32:02.872 23097 23109 I art     : Explicit concurrent mark sweep GC freed 3(96B) AllocSpace objects, 0(0B) LOS objects, 23% free, 53MB/69MB, paused 565us total 23.526ms
08-05 14:32:02.882 23097 23109 I art     : Starting a blocking GC Explicit
08-05 14:32:02.906 23097 23109 I art     : Explicit concurrent mark sweep GC freed 3(96B) AllocSpace objects, 0(0B) LOS objects, 23% free, 53MB/69MB, paused 559us total 23.912ms
08-05 14:32:02.915 23097 23109 I art     : Starting a blocking GC Explicit
08-05 14:32:02.940 23097 23109 I art     : Explicit concurrent mark sweep GC freed 3(96B) AllocSpace objects, 0(0B) LOS objects, 23% free, 53MB/69MB, paused 618us total 24.625ms
08-05 14:32:03.263 23097 23110 I art     : Starting a blocking GC Explicit
08-05 14:32:03.298 23097 23110 I art     : Explicit concurrent mark sweep GC freed 1344(78KB) AllocSpace objects, 1(20KB) LOS objects, 23% free, 53MB/69MB, paused 747us total 34.583ms
08-05 14:32:03.310 23097 23110 I art     : Starting a blocking GC Explicit
08-05 14:32:03.339 23097 23110 I art     : Explicit concurrent mark sweep GC freed 20(704B) AllocSpace objects, 0(0B) LOS objects, 23% free, 53MB/69MB, paused 534us total 28.591ms
08-05 14:32:03.349 23097 23110 I art     : Starting a blocking GC Explicit
08-05 14:32:03.373 23097 23110 I art     : Explicit concurrent mark sweep GC freed 3(96B) AllocSpace objects, 0(0B) LOS objects, 23% free, 53MB/69MB, paused 551us total 24.190ms
08-05 14:32:03.382 23097 23110 I art     : Starting a blocking GC Explicit
08-05 14:32:03.406 23097 23110 I art     : Explicit concurrent mark sweep GC freed 3(96B) AllocSpace objects, 0(0B) LOS objects, 23% free, 53MB/69MB, paused 552us total 24.075ms
08-05 14:32:03.416 23097 23110 I art     : Starting a blocking GC Explicit
08-05 14:32:03.440 23097 23110 I art     : Explicit concurrent mark sweep GC freed 3(96B) AllocSpace objects, 0(0B) LOS objects, 23% free, 53MB/69MB, paused 532us total 23.769ms
08-05 14:32:03.647 26467 26578 W FirebaseInstanceId: Token retrieval failed: SERVICE_NOT_AVAILABLE. Will retry token retrieval
08-05 14:32:03.750 23097 23187 I art     : Starting a blocking GC Explicit
08-05 14:32:03.780 23097 23187 I art     : Explicit concurrent mark sweep GC freed 1344(78KB) AllocSpace objects, 1(20KB) LOS objects, 23% free, 53MB/69MB, paused 622us total 30.367ms
08-05 14:32:03.793 23097 23187 I art     : Starting a blocking GC Explicit
08-05 14:32:03.818 23097 23187 I art     : Explicit concurrent mark sweep GC freed 20(704B) AllocSpace objects, 0(0B) LOS objects, 23% free, 53MB/69MB, paused 590us total 24.804ms
08-05 14:32:03.827 23097 23187 I art     : Starting a blocking GC Explicit
08-05 14:32:03.852 23097 23187 I art     : Explicit concurrent mark sweep GC freed 3(96B) AllocSpace objects, 0(0B) LOS objects, 23% free, 53MB/69MB, paused 566us total 24.395ms
08-05 14:32:03.861 23097 23187 I art     : Starting a blocking GC Explicit
08-05 14:32:03.885 23097 23187 I art     : Explicit concurrent mark sweep GC freed 3(96B) AllocSpace objects, 0(0B) LOS objects, 23% free, 53MB/69MB, paused 558us total 24.311ms
08-05 14:32:03.895 23097 23187 I art     : Starting a blocking GC Explicit
08-05 14:32:03.919 23097 23187 I art     : Explicit concurrent mark sweep GC freed 3(96B) AllocSpace objects, 0(0B) LOS objects, 23% free, 53MB/69MB, paused 559us total 24.437ms
08-05 14:32:04.234 23097 23186 I art     : Starting a blocking GC Explicit
08-05 14:32:04.265 23097 23186 I art     : Explicit concurrent mark sweep GC freed 1344(78KB) AllocSpace objects, 1(20KB) LOS objects, 23% free, 53MB/69MB, paused 586us total 29.850ms
08-05 14:32:04.277 23097 23186 I art     : Starting a blocking GC Explicit
08-05 14:32:04.304 23097 23186 I art     : Explicit concurrent mark sweep GC freed 20(704B) AllocSpace objects, 0(0B) LOS objects, 23% free, 53MB/69MB, paused 569us total 26.170ms
08-05 14:32:04.313 23097 23186 I art     : Starting a blocking GC Explicit
08-05 14:32:04.338 23097 23186 I art     : Explicit concurrent mark sweep GC freed 3(96B) AllocSpace objects, 0(0B) LOS objects, 23% free, 53MB/69MB, paused 560us total 24.626ms
08-05 14:32:04.347 23097 23186 I art     : Starting a blocking GC Explicit
08-05 14:32:04.371 23097 23186 I art     : Explicit concurrent mark sweep GC freed 3(96B) AllocSpace objects, 0(0B) LOS objects, 23% free, 53MB/69MB, paused 541us total 23.771ms
08-05 14:32:04.380 23097 23186 I art     : Starting a blocking GC Explicit
08-05 14:32:04.404 23097 23186 I art     : Explicit concurrent mark sweep GC freed 3(96B) AllocSpace objects, 0(0B) LOS objects, 23% free, 53MB/69MB, paused 548us total 23.885ms
08-05 14:32:04.752 23097 23109 I art     : Starting a blocking GC Explicit
08-05 14:32:04.779 23097 23109 I art     : Explicit concurrent mark sweep GC freed 1344(78KB) AllocSpace objects, 1(20KB) LOS objects, 23% free, 53MB/69MB, paused 557us total 27.015ms
08-05 14:32:04.788 23097 23109 I art     : Starting a blocking GC Explicit
08-05 14:32:04.813 23097 23109 I art     : Explicit concurrent mark sweep GC freed 20(704B) AllocSpace objects, 0(0B) LOS objects, 23% free, 53MB/69MB, paused 567us total 24.486ms
08-05 14:32:04.822 23097 23109 I art     : Starting a blocking GC Explicit
08-05 14:32:04.847 23097 23109 I art     : Explicit concurrent mark sweep GC freed 3(96B) AllocSpace objects, 0(0B) LOS objects, 23% free, 53MB/69MB, paused 636us total 24.746ms
08-05 14:32:04.856 23097 23109 I art     : Starting a blocking GC Explicit
08-05 14:32:04.881 23097 23109 I art     : Explicit concurrent mark sweep GC freed 3(96B) AllocSpace objects, 0(0B) LOS objects, 23% free, 53MB/69MB, paused 533us total 24.153ms
08-05 14:32:04.891 23097 23109 I art     : Starting a blocking GC Explicit
08-05 14:32:04.914 23097 23109 I art     : Explicit concurrent mark sweep GC freed 3(96B) AllocSpace objects, 0(0B) LOS objects, 23% free, 53MB/69MB, paused 545us total 23.382ms
08-05 14:32:05.247 23097 23110 I art     : Starting a blocking GC Explicit
08-05 14:32:05.271 23097 23110 I art     : Explicit concurrent mark sweep GC freed 1344(78KB) AllocSpace objects, 1(20KB) LOS objects, 23% free, 53MB/69MB, paused 580us total 24.178ms
08-05 14:32:05.281 23097 23110 I art     : Starting a blocking GC Explicit
08-05 14:32:05.304 23097 23110 I art     : Explicit concurrent mark sweep GC freed 20(704B) AllocSpace objects, 0(0B) LOS objects, 23% free, 53MB/69MB, paused 557us total 22.933ms
08-05 14:32:05.313 23097 23110 I art     : Starting a blocking GC Explicit
08-05 14:32:05.335 23097 23110 I art     : Explicit concurrent mark sweep GC freed 3(96B) AllocSpace objects, 0(0B) LOS objects, 23% free, 53MB/69MB, paused 588us total 22.511ms
08-05 14:32:05.344 23097 23110 I art     : Starting a blocking GC Explicit
08-05 14:32:05.367 23097 23110 I art     : Explicit concurrent mark sweep GC freed 3(96B) AllocSpace objects, 0(0B) LOS objects, 23% free, 53MB/69MB, paused 574us total 22.968ms
08-05 14:32:05.376 23097 23110 I art     : Starting a blocking GC Explicit
08-05 14:32:05.399 23097 23110 I art     : Explicit concurrent mark sweep GC freed 3(96B) AllocSpace objects, 0(0B) LOS objects, 23% free, 53MB/69MB, paused 540us total 22.676ms
08-05 14:32:05.638 27442 27442 D AndroidRuntime: >>>>>> START com.android.internal.os.RuntimeInit uid 2000 <<<<<<
08-05 14:32:05.643 27442 27442 D AndroidRuntime: CheckJNI is OFF
08-05 14:32:05.677 27442 27442 D ICU     : No timezone override file found: /data/misc/zoneinfo/current/icu/icu_tzdata.dat
08-05 14:32:05.700 23097 23187 I art     : Starting a blocking GC Explicit
08-05 14:32:05.711 27442 27442 I Radio-JNI: register_android_hardware_Radio DONE
08-05 14:32:05.724 23097 23187 I art     : Explicit concurrent mark sweep GC freed 1344(78KB) AllocSpace objects, 1(20KB) LOS objects, 23% free, 53MB/69MB, paused 577us total 24.106ms
08-05 14:32:05.734 23097 23187 I art     : Starting a blocking GC Explicit
08-05 14:32:05.734 27442 27442 D AndroidRuntime: Calling main entry com.android.commands.input.Input
08-05 14:32:05.736 27442 27442 I Input   : injectMotionEvent: MotionEvent { action=ACTION_DOWN, actionButton=0, id[0]=0, x[0]=255.0, y[0]=1845.0, toolType[0]=TOOL_TYPE_UNKNOWN, buttonState=0, metaState=0, flags=0x0, edgeFlags=0x0, pointerCount=1, historySize=0, eventTime=801142149, downTime=801142149, deviceId=0, source=0x1002 }
08-05 14:32:05.740 27442 27442 I Input   : injectMotionEvent: MotionEvent { action=ACTION_UP, actionButton=0, id[0]=0, x[0]=255.0, y[0]=1845.0, toolType[0]=TOOL_TYPE_UNKNOWN, buttonState=0, metaState=0, flags=0x0, edgeFlags=0x0, pointerCount=1, historySize=0, eventTime=801142149, downTime=801142149, deviceId=0, source=0x1002 }
08-05 14:32:05.742   918  6110 I ActivityManager: START u0 {cmp=baseline.appteam.nith.hillffair/.activities.ClubActivity (has extras)} from uid 10675 on display 0
08-05 14:32:05.749 27442 27442 D AndroidRuntime: Shutting down VM
08-05 14:32:05.758 23097 23187 I art     : Explicit concurrent mark sweep GC freed 90(5KB) AllocSpace objects, 0(0B) LOS objects, 23% free, 53MB/69MB, paused 810us total 23.963ms
08-05 14:32:05.767 23097 23187 I art     : Starting a blocking GC Explicit
08-05 14:32:05.791 23097 23187 I art     : Explicit concurrent mark sweep GC freed 3606(282KB) AllocSpace objects, 0(0B) LOS objects, 22% free, 53MB/69MB, paused 845us total 23.070ms
08-05 14:32:05.799 23097 23187 I art     : Starting a blocking GC Explicit
08-05 14:32:05.820 23097 23187 I art     : Explicit concurrent mark sweep GC freed 213(9KB) AllocSpace objects, 0(0B) LOS objects, 22% free, 53MB/69MB, paused 520us total 21.133ms
08-05 14:32:05.828 23097 23187 I art     : Starting a blocking GC Explicit
08-05 14:32:05.838 23097 23097 I NAPPA_EXPERIMENTATION: MetricNetworkRequestExecutionTime: REQUEST_DURATION_SYSTEM='61',REQUEST_DURATION_OKHTTP='32',REQUEST_SYNCHRONOUS='FALSE',RESPONSE_CODE='200',RESPONSE_METHOD='GET',RESPONSE_LENGTH_OKHTTP='1171',RESPONSE_LENGTH_HEADER='-2',REQUEST_PROTOCOL='http/1.1',REQUEST_URL='https://api-hillfair-2k16.herokuapp.com/api/app/club/Technical%20Committee',
08-05 14:32:05.843 13866 13866 I GoogleInputMethodServic: GoogleInputMethodService.onFinishInput():3138 
08-05 14:32:05.843   918   936 I ActivityManager: Displayed baseline.appteam.nith.hillffair/.activities.ClubActivity: +94ms
08-05 14:32:05.844 13866 13866 I GoogleInputMethodServic: GoogleInputMethodService.onStartInput():1808 
08-05 14:32:05.853 23097 23187 I art     : Explicit concurrent mark sweep GC freed 702(50KB) AllocSpace objects, 0(0B) LOS objects, 22% free, 53MB/69MB, paused 669us total 24.201ms
08-05 14:32:06.091   380   380 W SurfaceFlinger: couldn't log to binary event log: overflow.
08-05 14:32:06.145 23097 23110 I art     : Starting a blocking GC Explicit
08-05 14:32:06.167 23097 23110 I art     : Explicit concurrent mark sweep GC freed 1426(81KB) AllocSpace objects, 1(20KB) LOS objects, 22% free, 53MB/69MB, paused 565us total 21.797ms
08-05 14:32:06.176 23097 23110 I art     : Starting a blocking GC Explicit
08-05 14:32:06.198 23097 23110 I art     : Explicit concurrent mark sweep GC freed 22(768B) AllocSpace objects, 0(0B) LOS objects, 22% free, 53MB/69MB, paused 504us total 22.243ms
08-05 14:32:06.208 23097 23110 I art     : Starting a blocking GC Explicit
08-05 14:32:06.233 23097 23110 I art     : Explicit concurrent mark sweep GC freed 100(5KB) AllocSpace objects, 0(0B) LOS objects, 22% free, 53MB/69MB, paused 653us total 25.474ms
08-05 14:32:06.243 23097 23110 I art     : Starting a blocking GC Explicit
08-05 14:32:06.264 23097 23110 I art     : Explicit concurrent mark sweep GC freed 4(128B) AllocSpace objects, 0(0B) LOS objects, 22% free, 53MB/69MB, paused 503us total 20.970ms
08-05 14:32:06.273 23097 23110 I art     : Starting a blocking GC Explicit
08-05 14:32:06.295 23097 23110 I art     : Explicit concurrent mark sweep GC freed 3(96B) AllocSpace objects, 0(0B) LOS objects, 22% free, 53MB/69MB, paused 534us total 22.183ms
08-05 14:32:06.584 23097 23186 I art     : Starting a blocking GC Explicit
08-05 14:32:06.609 23097 23186 I art     : Explicit concurrent mark sweep GC freed 1344(78KB) AllocSpace objects, 1(20KB) LOS objects, 22% free, 53MB/69MB, paused 570us total 24.770ms
08-05 14:32:06.619 23097 23186 I art     : Starting a blocking GC Explicit
08-05 14:32:06.643 23097 23186 I art     : Explicit concurrent mark sweep GC freed 36(1264B) AllocSpace objects, 0(0B) LOS objects, 22% free, 53MB/69MB, paused 566us total 24.534ms
08-05 14:32:06.653 23097 23186 I art     : Starting a blocking GC Explicit
08-05 14:32:06.678 23097 23186 I art     : Explicit concurrent mark sweep GC freed 3(96B) AllocSpace objects, 0(0B) LOS objects, 22% free, 53MB/69MB, paused 620us total 24.838ms
08-05 14:32:06.687 23097 23186 I art     : Starting a blocking GC Explicit
08-05 14:32:06.712 23097 23186 I art     : Explicit concurrent mark sweep GC freed 3(96B) AllocSpace objects, 0(0B) LOS objects, 22% free, 53MB/69MB, paused 529us total 23.981ms
08-05 14:32:06.721 23097 23186 I art     : Starting a blocking GC Explicit
08-05 14:32:06.745 23097 23186 I art     : Explicit concurrent mark sweep GC freed 3(96B) AllocSpace objects, 0(0B) LOS objects, 22% free, 53MB/69MB, paused 567us total 24.437ms
08-05 14:32:07.051 23097 23187 I art     : Starting a blocking GC Explicit
08-05 14:32:07.082 23097 23187 I art     : Explicit concurrent mark sweep GC freed 1344(78KB) AllocSpace objects, 1(20KB) LOS objects, 22% free, 53MB/69MB, paused 633us total 30.934ms
08-05 14:32:07.093 23097 23187 I art     : Starting a blocking GC Explicit
08-05 14:32:07.119 23097 23187 I art     : Explicit concurrent mark sweep GC freed 20(704B) AllocSpace objects, 0(0B) LOS objects, 22% free, 53MB/69MB, paused 599us total 25.407ms
08-05 14:32:07.128 23097 23187 I art     : Starting a blocking GC Explicit
08-05 14:32:07.153 23097 23187 I art     : Explicit concurrent mark sweep GC freed 3(96B) AllocSpace objects, 0(0B) LOS objects, 22% free, 53MB/69MB, paused 576us total 24.745ms
08-05 14:32:07.162 23097 23187 I art     : Starting a blocking GC Explicit
08-05 14:32:07.187 23097 23187 I art     : Explicit concurrent mark sweep GC freed 3(96B) AllocSpace objects, 0(0B) LOS objects, 22% free, 53MB/69MB, paused 617us total 24.923ms
08-05 14:32:07.197 23097 23187 I art     : Starting a blocking GC Explicit
08-05 14:32:07.222 23097 23187 I art     : Explicit concurrent mark sweep GC freed 3(96B) AllocSpace objects, 0(0B) LOS objects, 22% free, 53MB/69MB, paused 588us total 24.691ms
08-05 14:32:07.389   918  3261 D WifiStateMachine: starting scan for "H369AA63323"WPA_PSK with 2412,5180
08-05 14:32:07.528 23097 23109 I art     : Starting a blocking GC Explicit
08-05 14:32:07.563 23097 23109 I art     : Explicit concurrent mark sweep GC freed 1344(78KB) AllocSpace objects, 1(20KB) LOS objects, 22% free, 53MB/69MB, paused 613us total 34.260ms
08-05 14:32:07.576 23097 23109 I art     : Starting a blocking GC Explicit
08-05 14:32:07.601 23097 23109 I art     : Explicit concurrent mark sweep GC freed 20(704B) AllocSpace objects, 0(0B) LOS objects, 22% free, 53MB/69MB, paused 584us total 25.494ms
08-05 14:32:07.611 23097 23109 I art     : Starting a blocking GC Explicit
08-05 14:32:07.636 23097 23109 I art     : Explicit concurrent mark sweep GC freed 3(96B) AllocSpace objects, 0(0B) LOS objects, 22% free, 53MB/69MB, paused 573us total 25.074ms
08-05 14:32:07.645 23097 23109 I art     : Starting a blocking GC Explicit
08-05 14:32:07.670 23097 23109 I art     : Explicit concurrent mark sweep GC freed 3(96B) AllocSpace objects, 0(0B) LOS objects, 22% free, 53MB/69MB, paused 581us total 24.757ms
08-05 14:32:07.680 23097 23109 I art     : Starting a blocking GC Explicit
08-05 14:32:07.705 23097 23109 I art     : Explicit concurrent mark sweep GC freed 3(96B) AllocSpace objects, 0(0B) LOS objects, 22% free, 53MB/69MB, paused 583us total 24.956ms
08-05 14:32:08.014 23097 23110 I art     : Starting a blocking GC Explicit
08-05 14:32:08.046 23097 23110 I art     : Explicit concurrent mark sweep GC freed 1344(78KB) AllocSpace objects, 1(20KB) LOS objects, 22% free, 53MB/69MB, paused 606us total 31.460ms
08-05 14:32:08.059 23097 23110 I art     : Starting a blocking GC Explicit
08-05 14:32:08.083 23097 23110 I art     : Explicit concurrent mark sweep GC freed 20(704B) AllocSpace objects, 0(0B) LOS objects, 22% free, 53MB/69MB, paused 529us total 24.463ms
08-05 14:32:08.093 23097 23110 I art     : Starting a blocking GC Explicit
08-05 14:32:08.118 23097 23110 I art     : Explicit concurrent mark sweep GC freed 3(96B) AllocSpace objects, 0(0B) LOS objects, 22% free, 53MB/69MB, paused 597us total 24.880ms
08-05 14:32:08.127 23097 23110 I art     : Starting a blocking GC Explicit
08-05 14:32:08.153 23097 23110 I art     : Explicit concurrent mark sweep GC freed 3(96B) AllocSpace objects, 0(0B) LOS objects, 22% free, 53MB/69MB, paused 595us total 25.125ms
08-05 14:32:08.162 23097 23110 I art     : Starting a blocking GC Explicit
08-05 14:32:08.188 23097 23110 I art     : Explicit concurrent mark sweep GC freed 3(96B) AllocSpace objects, 0(0B) LOS objects, 22% free, 53MB/69MB, paused 597us total 25.410ms
08-05 14:32:08.494 23097 23186 I art     : Starting a blocking GC Explicit
08-05 14:32:08.526 23097 23186 I art     : Explicit concurrent mark sweep GC freed 1344(78KB) AllocSpace objects, 1(20KB) LOS objects, 22% free, 53MB/69MB, paused 619us total 31.685ms
08-05 14:32:08.539 23097 23186 I art     : Starting a blocking GC Explicit
08-05 14:32:08.565 23097 23186 I art     : Explicit concurrent mark sweep GC freed 20(704B) AllocSpace objects, 0(0B) LOS objects, 22% free, 53MB/69MB, paused 566us total 26.055ms
08-05 14:32:08.575 23097 23186 I art     : Starting a blocking GC Explicit
08-05 14:32:08.600 23097 23186 I art     : Explicit concurrent mark sweep GC freed 3(96B) AllocSpace objects, 0(0B) LOS objects, 22% free, 53MB/69MB, paused 578us total 25.038ms
08-05 14:32:08.609 23097 23186 I art     : Starting a blocking GC Explicit
08-05 14:32:08.635 23097 23186 I art     : Explicit concurrent mark sweep GC freed 3(96B) AllocSpace objects, 0(0B) LOS objects, 22% free, 53MB/69MB, paused 569us total 25.350ms
08-05 14:32:08.644 23097 23186 I art     : Starting a blocking GC Explicit
08-05 14:32:08.669 23097 23186 I art     : Explicit concurrent mark sweep GC freed 3(96B) AllocSpace objects, 0(0B) LOS objects, 22% free, 53MB/69MB, paused 564us total 24.782ms
08-05 14:32:09.007 23097 23187 I art     : Starting a blocking GC Explicit
08-05 14:32:09.041 23097 23187 I art     : Explicit concurrent mark sweep GC freed 1344(78KB) AllocSpace objects, 1(20KB) LOS objects, 22% free, 53MB/69MB, paused 741us total 33.312ms
08-05 14:32:09.052 23097 23187 I art     : Starting a blocking GC Explicit
08-05 14:32:09.078 23097 23187 I art     : Explicit concurrent mark sweep GC freed 20(704B) AllocSpace objects, 0(0B) LOS objects, 22% free, 53MB/69MB, paused 592us total 25.716ms
08-05 14:32:09.087 23097 23187 I art     : Starting a blocking GC Explicit
08-05 14:32:09.112 23097 23187 I art     : Explicit concurrent mark sweep GC freed 3(96B) AllocSpace objects, 0(0B) LOS objects, 22% free, 53MB/69MB, paused 567us total 24.688ms
08-05 14:32:09.121 23097 23187 I art     : Starting a blocking GC Explicit
08-05 14:32:09.146 23097 23187 I art     : Explicit concurrent mark sweep GC freed 3(96B) AllocSpace objects, 0(0B) LOS objects, 22% free, 53MB/69MB, paused 574us total 24.869ms
08-05 14:32:09.156 23097 23187 I art     : Starting a blocking GC Explicit
08-05 14:32:09.180 23097 23187 I art     : Explicit concurrent mark sweep GC freed 3(96B) AllocSpace objects, 0(0B) LOS objects, 22% free, 53MB/69MB, paused 605us total 24.412ms
08-05 14:32:09.183   918  3188 I hubconnection: sensorhub said: 'set_bias 3: -5.0880, 0.0000, 0.0000'
08-05 14:32:09.511 23097 23109 I art     : Starting a blocking GC Explicit
08-05 14:32:09.543 23097 23109 I art     : Explicit concurrent mark sweep GC freed 1344(78KB) AllocSpace objects, 1(20KB) LOS objects, 22% free, 53MB/69MB, paused 605us total 32.003ms
08-05 14:32:09.554 23097 23109 I art     : Starting a blocking GC Explicit
08-05 14:32:09.580 23097 23109 I art     : Explicit concurrent mark sweep GC freed 20(704B) AllocSpace objects, 0(0B) LOS objects, 22% free, 53MB/69MB, paused 579us total 25.254ms
08-05 14:32:09.589 23097 23109 I art     : Starting a blocking GC Explicit
08-05 14:32:09.615 23097 23109 I art     : Explicit concurrent mark sweep GC freed 3(96B) AllocSpace objects, 0(0B) LOS objects, 22% free, 53MB/69MB, paused 593us total 25.147ms
08-05 14:32:09.624 23097 23109 I art     : Starting a blocking GC Explicit
08-05 14:32:09.649 23097 23109 I art     : Explicit concurrent mark sweep GC freed 3(96B) AllocSpace objects, 0(0B) LOS objects, 22% free, 53MB/69MB, paused 562us total 24.997ms
08-05 14:32:09.659 23097 23109 I art     : Starting a blocking GC Explicit
08-05 14:32:09.683 23097 23109 I art     : Explicit concurrent mark sweep GC freed 3(96B) AllocSpace objects, 0(0B) LOS objects, 22% free, 53MB/69MB, paused 570us total 24.685ms
08-05 14:32:10.005 23097 23110 I art     : Starting a blocking GC Explicit
08-05 14:32:10.031 23097 23110 I art     : Explicit concurrent mark sweep GC freed 1344(78KB) AllocSpace objects, 1(20KB) LOS objects, 22% free, 53MB/69MB, paused 588us total 26.452ms
08-05 14:32:10.040 23097 23110 I art     : Starting a blocking GC Explicit
08-05 14:32:10.064 23097 23110 I art     : Explicit concurrent mark sweep GC freed 20(704B) AllocSpace objects, 0(0B) LOS objects, 22% free, 53MB/69MB, paused 593us total 23.263ms
08-05 14:32:10.073 23097 23110 I art     : Starting a blocking GC Explicit
08-05 14:32:10.096 23097 23110 I art     : Explicit concurrent mark sweep GC freed 3(96B) AllocSpace objects, 0(0B) LOS objects, 22% free, 53MB/69MB, paused 589us total 23.295ms
08-05 14:32:10.105 23097 23110 I art     : Starting a blocking GC Explicit
08-05 14:32:10.129 23097 23110 I art     : Explicit concurrent mark sweep GC freed 3(96B) AllocSpace objects, 0(0B) LOS objects, 22% free, 53MB/69MB, paused 569us total 23.468ms
08-05 14:32:10.138 23097 23110 I art     : Starting a blocking GC Explicit
08-05 14:32:10.161 23097 23110 I art     : Explicit concurrent mark sweep GC freed 3(96B) AllocSpace objects, 0(0B) LOS objects, 22% free, 53MB/69MB, paused 559us total 23.574ms
08-05 14:32:10.407 27559 27559 D AndroidRuntime: >>>>>> START com.android.internal.os.RuntimeInit uid 2000 <<<<<<
08-05 14:32:10.412 27559 27559 D AndroidRuntime: CheckJNI is OFF
08-05 14:32:10.448 27559 27559 D ICU     : No timezone override file found: /data/misc/zoneinfo/current/icu/icu_tzdata.dat
08-05 14:32:10.462 23097 23186 I art     : Starting a blocking GC Explicit
08-05 14:32:10.482 27559 27559 I Radio-JNI: register_android_hardware_Radio DONE
08-05 14:32:10.487 23097 23186 I art     : Explicit concurrent mark sweep GC freed 1365(79KB) AllocSpace objects, 1(20KB) LOS objects, 22% free, 53MB/69MB, paused 598us total 25.018ms
08-05 14:32:10.497 23097 23186 I art     : Starting a blocking GC Explicit
08-05 14:32:10.505 27559 27559 D AndroidRuntime: Calling main entry com.android.commands.input.Input
08-05 14:32:10.506 27559 27559 I Input   : injectKeyEvent: KeyEvent { action=ACTION_DOWN, keyCode=KEYCODE_BACK, scanCode=0, metaState=0, flags=0x0, repeatCount=0, eventTime=801146919, downTime=801146919, deviceId=-1, source=0x101 }
08-05 14:32:10.512 27559 27559 I Input   : injectKeyEvent: KeyEvent { action=ACTION_UP, keyCode=KEYCODE_BACK, scanCode=0, metaState=0, flags=0x0, repeatCount=0, eventTime=801146919, downTime=801146919, deviceId=-1, source=0x101 }
08-05 14:32:10.518 27559 27559 D AndroidRuntime: Shutting down VM
08-05 14:32:10.520 23097 23186 I art     : Explicit concurrent mark sweep GC freed 51(1808B) AllocSpace objects, 0(0B) LOS objects, 22% free, 53MB/69MB, paused 696us total 23.686ms
08-05 14:32:10.530 23097 23186 I art     : Starting a blocking GC Explicit
08-05 14:32:10.552 23097 23186 I art     : Explicit concurrent mark sweep GC freed 132(5KB) AllocSpace objects, 0(0B) LOS objects, 22% free, 53MB/69MB, paused 502us total 21.647ms
08-05 14:32:10.560 13866 13866 I GoogleInputMethodServic: GoogleInputMethodService.onFinishInput():3138 
08-05 14:32:10.560 23097 23186 I art     : Starting a blocking GC Explicit
08-05 14:32:10.560 13866 13866 I GoogleInputMethodServic: GoogleInputMethodService.onStartInput():1808 
08-05 14:32:10.582 23097 23186 I art     : Explicit concurrent mark sweep GC freed 38(1392B) AllocSpace objects, 0(0B) LOS objects, 22% free, 53MB/69MB, paused 595us total 21.584ms
08-05 14:32:10.591 23097 23186 I art     : Starting a blocking GC Explicit
08-05 14:32:10.613 23097 23186 I art     : Explicit concurrent mark sweep GC freed 10(352B) AllocSpace objects, 0(0B) LOS objects, 22% free, 53MB/69MB, paused 550us total 21.771ms
08-05 14:32:10.860 23097 23187 I art     : Starting a blocking GC Explicit
08-05 14:32:10.866   380   380 W SurfaceFlinger: couldn't log to binary event log: overflow.
08-05 14:32:10.881 23097 23187 I art     : Explicit concurrent mark sweep GC freed 1452(86KB) AllocSpace objects, 1(20KB) LOS objects, 22% free, 53MB/69MB, paused 558us total 21.005ms
08-05 14:32:10.889 23097 23187 I art     : Starting a blocking GC Explicit
08-05 14:32:10.911 23097 23187 I art     : Explicit concurrent mark sweep GC freed 26(976B) AllocSpace objects, 0(0B) LOS objects, 22% free, 53MB/69MB, paused 516us total 21.579ms
08-05 14:32:10.919 23097 23187 I art     : Starting a blocking GC Explicit
08-05 14:32:10.941 23097 23187 I art     : Explicit concurrent mark sweep GC freed 1649(108KB) AllocSpace objects, 3(180KB) LOS objects, 23% free, 53MB/69MB, paused 543us total 21.730ms
08-05 14:32:10.950 23097 23187 I art     : Starting a blocking GC Explicit
08-05 14:32:10.971 23097 23187 I art     : Explicit concurrent mark sweep GC freed 3(96B) AllocSpace objects, 0(0B) LOS objects, 23% free, 53MB/69MB, paused 551us total 21.260ms
08-05 14:32:10.979 23097 23187 I art     : Starting a blocking GC Explicit
08-05 14:32:11.001 23097 23187 I art     : Explicit concurrent mark sweep GC freed 3(96B) AllocSpace objects, 0(0B) LOS objects, 23% free, 53MB/69MB, paused 529us total 21.599ms
08-05 14:32:11.272 23097 23110 I art     : Starting a blocking GC Explicit
08-05 14:32:11.302 23097 23110 I art     : Explicit concurrent mark sweep GC freed 1344(78KB) AllocSpace objects, 1(20KB) LOS objects, 23% free, 53MB/69MB, paused 560us total 29.601ms
08-05 14:32:11.312 23097 23110 I art     : Starting a blocking GC Explicit
08-05 14:32:11.336 23097 23110 I art     : Explicit concurrent mark sweep GC freed 20(704B) AllocSpace objects, 0(0B) LOS objects, 23% free, 53MB/69MB, paused 547us total 24.551ms
08-05 14:32:11.345 23097 23110 I art     : Starting a blocking GC Explicit
08-05 14:32:11.369 23097 23110 I art     : Explicit concurrent mark sweep GC freed 3(96B) AllocSpace objects, 0(0B) LOS objects, 23% free, 53MB/69MB, paused 539us total 23.640ms
08-05 14:32:11.378 23097 23110 I art     : Starting a blocking GC Explicit
08-05 14:32:11.403 23097 23110 I art     : Explicit concurrent mark sweep GC freed 3(96B) AllocSpace objects, 0(0B) LOS objects, 23% free, 53MB/69MB, paused 702us total 24.045ms
08-05 14:32:11.412 23097 23110 I art     : Starting a blocking GC Explicit
08-05 14:32:11.436 23097 23110 I art     : Explicit concurrent mark sweep GC freed 3(96B) AllocSpace objects, 0(0B) LOS objects, 23% free, 53MB/69MB, paused 548us total 23.833ms
08-05 14:32:11.728 23097 23109 I art     : Starting a blocking GC Explicit
08-05 14:32:11.762 23097 23109 I art     : Explicit concurrent mark sweep GC freed 1344(78KB) AllocSpace objects, 1(20KB) LOS objects, 23% free, 53MB/69MB, paused 511us total 33.545ms
08-05 14:32:11.770 23097 23109 I art     : Starting a blocking GC Explicit
08-05 14:32:11.793 23097 23109 I art     : Explicit concurrent mark sweep GC freed 20(704B) AllocSpace objects, 0(0B) LOS objects, 23% free, 53MB/69MB, paused 546us total 22.521ms
08-05 14:32:11.802 23097 23109 I art     : Starting a blocking GC Explicit
08-05 14:32:11.825 23097 23109 I art     : Explicit concurrent mark sweep GC freed 3(96B) AllocSpace objects, 0(0B) LOS objects, 23% free, 53MB/69MB, paused 540us total 22.324ms
08-05 14:32:11.833 23097 23109 I art     : Starting a blocking GC Explicit
08-05 14:32:11.856 23097 23109 I art     : Explicit concurrent mark sweep GC freed 3(96B) AllocSpace objects, 0(0B) LOS objects, 23% free, 53MB/69MB, paused 576us total 22.749ms
08-05 14:32:11.866 23097 23109 I art     : Starting a blocking GC Explicit
08-05 14:32:11.889 23097 23109 I art     : Explicit concurrent mark sweep GC freed 3(96B) AllocSpace objects, 0(0B) LOS objects, 23% free, 53MB/69MB, paused 552us total 23.133ms
08-05 14:32:12.171 27613 27613 D AndroidRuntime: >>>>>> START com.android.internal.os.RuntimeInit uid 2000 <<<<<<
08-05 14:32:12.176 27613 27613 D AndroidRuntime: CheckJNI is OFF
08-05 14:32:12.176 23097 23186 I art     : Starting a blocking GC Explicit
08-05 14:32:12.201 23097 23186 I art     : Explicit concurrent mark sweep GC freed 1344(78KB) AllocSpace objects, 1(20KB) LOS objects, 23% free, 53MB/69MB, paused 581us total 24.564ms
08-05 14:32:12.210 23097 23186 I art     : Starting a blocking GC Explicit
08-05 14:32:12.215 27613 27613 D ICU     : No timezone override file found: /data/misc/zoneinfo/current/icu/icu_tzdata.dat
08-05 14:32:12.234 23097 23186 I art     : Explicit concurrent mark sweep GC freed 20(704B) AllocSpace objects, 0(0B) LOS objects, 23% free, 53MB/69MB, paused 634us total 23.832ms
08-05 14:32:12.243 23097 23186 I art     : Starting a blocking GC Explicit
08-05 14:32:12.250 27613 27613 I Radio-JNI: register_android_hardware_Radio DONE
08-05 14:32:12.265 23097 23186 I art     : Explicit concurrent mark sweep GC freed 3(96B) AllocSpace objects, 0(0B) LOS objects, 23% free, 53MB/69MB, paused 536us total 22.472ms
08-05 14:32:12.272 27613 27613 D AndroidRuntime: Calling main entry com.android.commands.input.Input
08-05 14:32:12.274 27613 27613 I Input   : injectKeyEvent: KeyEvent { action=ACTION_DOWN, keyCode=KEYCODE_BACK, scanCode=0, metaState=0, flags=0x0, repeatCount=0, eventTime=801148687, downTime=801148687, deviceId=-1, source=0x101 }
08-05 14:32:12.275 23097 23186 I art     : Starting a blocking GC Explicit
08-05 14:32:12.280 27613 27613 I Input   : injectKeyEvent: KeyEvent { action=ACTION_UP, keyCode=KEYCODE_BACK, scanCode=0, metaState=0, flags=0x0, repeatCount=0, eventTime=801148687, downTime=801148687, deviceId=-1, source=0x101 }
08-05 14:32:12.285 27613 27613 D AndroidRuntime: Shutting down VM
08-05 14:32:12.296 23097 23186 I art     : Explicit concurrent mark sweep GC freed 139(6KB) AllocSpace objects, 0(0B) LOS objects, 23% free, 53MB/69MB, paused 598us total 20.944ms
08-05 14:32:12.305 23097 23186 I art     : Starting a blocking GC Explicit
08-05 14:32:12.325 23097 23186 I art     : Explicit concurrent mark sweep GC freed 14(544B) AllocSpace objects, 0(0B) LOS objects, 23% free, 53MB/69MB, paused 516us total 20.098ms
08-05 14:32:12.326 13866 13866 I GoogleInputMethodServic: GoogleInputMethodService.onFinishInput():3138 
08-05 14:32:12.327 13866 13866 I GoogleInputMethodServic: GoogleInputMethodService.onStartInput():1808 
08-05 14:32:12.586 23097 23110 I art     : Starting a blocking GC Explicit
08-05 14:32:12.612 23097 23110 I art     : Explicit concurrent mark sweep GC freed 1406(80KB) AllocSpace objects, 1(20KB) LOS objects, 23% free, 53MB/69MB, paused 500us total 25.890ms
08-05 14:32:12.622 23097 23110 I art     : Starting a blocking GC Explicit
08-05 14:32:12.645 23097 23110 I art     : Explicit concurrent mark sweep GC freed 697(33KB) AllocSpace objects, 0(0B) LOS objects, 23% free, 53MB/69MB, paused 484us total 23.020ms
08-05 14:32:12.653 23097 23110 I art     : Starting a blocking GC Explicit
08-05 14:32:12.674 23097 23110 I art     : Explicit concurrent mark sweep GC freed 165(8KB) AllocSpace objects, 0(0B) LOS objects, 23% free, 53MB/69MB, paused 523us total 20.767ms
08-05 14:32:12.683 23097 23110 I art     : Starting a blocking GC Explicit
08-05 14:32:12.705 23097 23110 I art     : Explicit concurrent mark sweep GC freed 2502(166KB) AllocSpace objects, 1(28KB) LOS objects, 23% free, 53MB/69MB, paused 526us total 21.835ms
08-05 14:32:12.714 23097 23110 I art     : Starting a blocking GC Explicit
08-05 14:32:12.736 23097 23110 I art     : Explicit concurrent mark sweep GC freed 3(96B) AllocSpace objects, 0(0B) LOS objects, 23% free, 53MB/69MB, paused 612us total 22.245ms
08-05 14:32:13.035 23097 23186 I art     : Starting a blocking GC Explicit
08-05 14:32:13.064 23097 23186 I art     : Explicit concurrent mark sweep GC freed 1344(78KB) AllocSpace objects, 1(20KB) LOS objects, 23% free, 53MB/69MB, paused 595us total 29.124ms
08-05 14:32:13.077 23097 23186 I art     : Starting a blocking GC Explicit
08-05 14:32:13.100 23097 23186 I art     : Explicit concurrent mark sweep GC freed 20(704B) AllocSpace objects, 0(0B) LOS objects, 23% free, 53MB/69MB, paused 557us total 22.860ms
08-05 14:32:13.109 23097 23186 I art     : Starting a blocking GC Explicit
08-05 14:32:13.132 23097 23186 I art     : Explicit concurrent mark sweep GC freed 3(96B) AllocSpace objects, 0(0B) LOS objects, 23% free, 53MB/69MB, paused 553us total 23.026ms
08-05 14:32:13.141 23097 23186 I art     : Starting a blocking GC Explicit
08-05 14:32:13.165 23097 23186 I art     : Explicit concurrent mark sweep GC freed 3(96B) AllocSpace objects, 0(0B) LOS objects, 23% free, 53MB/69MB, paused 540us total 23.430ms
08-05 14:32:13.174 23097 23186 I art     : Starting a blocking GC Explicit
08-05 14:32:13.197 23097 23186 I art     : Explicit concurrent mark sweep GC freed 3(96B) AllocSpace objects, 0(0B) LOS objects, 23% free, 53MB/69MB, paused 612us total 22.538ms
08-05 14:32:13.253 24817 24817 I Atfwd_Sendcmd: AtCmdFwd service not ready - Exhausted retry attempts - :6
08-05 14:32:13.253 24817 24817 I Atfwd_Daemon: result : -1 	 ,Init step :2 	 ,qmiErrorCode: 0
08-05 14:32:13.491 23097 23109 I art     : Starting a blocking GC Explicit
08-05 14:32:13.518 23097 23109 I art     : Explicit concurrent mark sweep GC freed 1341(78KB) AllocSpace objects, 1(20KB) LOS objects, 23% free, 53MB/69MB, paused 1.130ms total 26.966ms
08-05 14:32:13.531 23097 23109 I art     : Starting a blocking GC Explicit
08-05 14:32:13.553 23097 23109 I art     : Explicit concurrent mark sweep GC freed 20(704B) AllocSpace objects, 0(0B) LOS objects, 23% free, 53MB/69MB, paused 526us total 20.943ms
08-05 14:32:13.561 23097 23109 I art     : Starting a blocking GC Explicit
08-05 14:32:13.581 23097 23109 I art     : Explicit concurrent mark sweep GC freed 3(96B) AllocSpace objects, 0(0B) LOS objects, 23% free, 53MB/69MB, paused 500us total 19.918ms
08-05 14:32:13.589 23097 23109 I art     : Starting a blocking GC Explicit
08-05 14:32:13.610 23097 23109 I art     : Explicit concurrent mark sweep GC freed 3(96B) AllocSpace objects, 0(0B) LOS objects, 23% free, 53MB/69MB, paused 555us total 20.795ms
08-05 14:32:13.619 23097 23109 I art     : Starting a blocking GC Explicit
08-05 14:32:13.641 23097 23109 I art     : Explicit concurrent mark sweep GC freed 3(96B) AllocSpace objects, 0(0B) LOS objects, 23% free, 53MB/69MB, paused 595us total 21.534ms
08-05 14:32:13.918 23097 23187 I art     : Starting a blocking GC Explicit
08-05 14:32:13.946 23097 23187 I art     : Explicit concurrent mark sweep GC freed 1341(78KB) AllocSpace objects, 1(20KB) LOS objects, 23% free, 53MB/69MB, paused 590us total 27.928ms
08-05 14:32:13.955 23097 23187 I art     : Starting a blocking GC Explicit
08-05 14:32:13.978 23097 23187 I art     : Explicit concurrent mark sweep GC freed 20(704B) AllocSpace objects, 0(0B) LOS objects, 23% free, 53MB/69MB, paused 571us total 22.426ms
08-05 14:32:13.987 23097 23187 I art     : Starting a blocking GC Explicit
08-05 14:32:13.997 27670 27670 D AndroidRuntime: >>>>>> START com.android.internal.os.RuntimeInit uid 2000 <<<<<<
08-05 14:32:14.001 27670 27670 D AndroidRuntime: CheckJNI is OFF
08-05 14:32:14.009 23097 23187 I art     : Explicit concurrent mark sweep GC freed 3(96B) AllocSpace objects, 0(0B) LOS objects, 23% free, 53MB/69MB, paused 574us total 21.871ms
08-05 14:32:14.018 23097 23187 I art     : Starting a blocking GC Explicit
08-05 14:32:14.037 27670 27670 D ICU     : No timezone override file found: /data/misc/zoneinfo/current/icu/icu_tzdata.dat
08-05 14:32:14.040 23097 23187 I art     : Explicit concurrent mark sweep GC freed 3(96B) AllocSpace objects, 0(0B) LOS objects, 23% free, 53MB/69MB, paused 592us total 21.442ms
08-05 14:32:14.048 23097 23187 I art     : Starting a blocking GC Explicit
08-05 14:32:14.070 23097 23187 I art     : Explicit concurrent mark sweep GC freed 3(96B) AllocSpace objects, 0(0B) LOS objects, 23% free, 53MB/69MB, paused 583us total 21.283ms
08-05 14:32:14.073 27670 27670 I Radio-JNI: register_android_hardware_Radio DONE
08-05 14:32:14.094 27670 27670 D AndroidRuntime: Calling main entry com.android.commands.am.Am
08-05 14:32:14.104 16924 16924 I Trepn   : Trepn 6.2s: Received intent: com.quicinc.trepn.stop_profiling
08-05 14:32:14.152 16924 16924 I Trepn   : Trepn 6.2s: Trepn has Stopped Profiling.
08-05 14:32:14.334 27670 27670 D AndroidRuntime: Shutting down VM
08-05 14:32:14.337   918  5132 W AppOps  : Finishing op nesting under-run: uid 10078 pkg com.quicinc.trepn code 24 time=0 duration=0 nesting=0
08-05 14:32:14.371 23097 23110 I art     : Starting a blocking GC Explicit
08-05 14:32:14.395 23097 23110 I art     : Explicit concurrent mark sweep GC freed 1341(78KB) AllocSpace objects, 1(20KB) LOS objects, 23% free, 53MB/69MB, paused 550us total 23.099ms
08-05 14:32:14.403 23097 23110 I art     : Starting a blocking GC Explicit
08-05 14:32:14.426 23097 23110 I art     : Explicit concurrent mark sweep GC freed 20(704B) AllocSpace objects, 0(0B) LOS objects, 23% free, 53MB/69MB, paused 544us total 22.093ms
08-05 14:32:14.434 23097 23110 I art     : Starting a blocking GC Explicit
08-05 14:32:14.457 23097 23110 I art     : Explicit concurrent mark sweep GC freed 3(96B) AllocSpace objects, 0(0B) LOS objects, 23% free, 53MB/69MB, paused 557us total 22.780ms
08-05 14:32:14.466 23097 23110 I art     : Starting a blocking GC Explicit
08-05 14:32:14.489 23097 23110 I art     : Explicit concurrent mark sweep GC freed 3(96B) AllocSpace objects, 0(0B) LOS objects, 23% free, 53MB/69MB, paused 556us total 22.348ms
08-05 14:32:14.498 23097 23110 I art     : Starting a blocking GC Explicit
08-05 14:32:14.522 23097 23110 I art     : Explicit concurrent mark sweep GC freed 3(96B) AllocSpace objects, 0(0B) LOS objects, 23% free, 53MB/69MB, paused 545us total 23.204ms
08-05 14:32:14.814 23097 23186 I art     : Starting a blocking GC Explicit
08-05 14:32:14.837 23097 23186 I art     : Explicit concurrent mark sweep GC freed 1341(78KB) AllocSpace objects, 1(20KB) LOS objects, 23% free, 53MB/69MB, paused 678us total 22.935ms
08-05 14:32:14.846 23097 23186 I art     : Starting a blocking GC Explicit
08-05 14:32:14.868 23097 23186 I art     : Explicit concurrent mark sweep GC freed 20(704B) AllocSpace objects, 0(0B) LOS objects, 23% free, 53MB/69MB, paused 530us total 21.736ms
08-05 14:32:14.878 23097 23186 I art     : Starting a blocking GC Explicit
08-05 14:32:14.899 23097 23186 I art     : Explicit concurrent mark sweep GC freed 3(96B) AllocSpace objects, 0(0B) LOS objects, 23% free, 53MB/69MB, paused 571us total 21.156ms
08-05 14:32:14.908 23097 23186 I art     : Starting a blocking GC Explicit
08-05 14:32:14.930 23097 23186 I art     : Explicit concurrent mark sweep GC freed 3(96B) AllocSpace objects, 0(0B) LOS objects, 23% free, 53MB/69MB, paused 502us total 21.944ms
08-05 14:32:14.939 23097 23186 I art     : Starting a blocking GC Explicit
08-05 14:32:14.960 23097 23186 I art     : Explicit concurrent mark sweep GC freed 3(96B) AllocSpace objects, 0(0B) LOS objects, 23% free, 53MB/69MB, paused 538us total 21.446ms
