--------- beginning of main
08-05 16:11:40.248 12631 12631 I Atfwd_Sendcmd: AtCmdFwd service not ready - Exhausted retry attempts - :6
08-05 16:11:40.248 12631 12631 I Atfwd_Daemon: result : -1 	 ,Init step :2 	 ,qmiErrorCode: 0
08-05 16:11:41.050 17250 17250 D AndroidRuntime: >>>>>> START com.android.internal.os.RuntimeInit uid 2000 <<<<<<
08-05 16:11:41.056 17250 17250 D AndroidRuntime: CheckJNI is OFF
08-05 16:11:41.090 17250 17250 D ICU     : No timezone override file found: /data/misc/zoneinfo/current/icu/icu_tzdata.dat
08-05 16:11:41.122 17250 17250 I Radio-JNI: register_android_hardware_Radio DONE
08-05 16:11:41.138 17250 17250 D AndroidRuntime: Calling main entry com.android.commands.monkey.Monkey
--------- beginning of system
08-05 16:11:41.154   918   931 W BroadcastQueue: Skipping deliver [background] BroadcastRecord{4063445 u-1 android.net.conn.CONNECTIVITY_CHANGE} to ReceiverList{38308cb 17250 (unknown name)/2000/u-1 remote:afc10af}: process crashing
08-05 16:11:41.165   918  5481 I ActivityManager: START u0 {act=android.intent.action.MAIN cat=[android.intent.category.LAUNCHER] flg=0x10200000 cmp=baseline.appteam.nith.hillffair/.activities.SplashActivity} from uid 2000 on display 0
08-05 16:11:41.199   918  3359 I ActivityManager: Start proc 17259:baseline.appteam.nith.hillffair/u0a675 for activity baseline.appteam.nith.hillffair/.activities.SplashActivity
08-05 16:11:41.201 17259 17259 I art     : Late-enabling -Xcheck:jni
08-05 16:11:41.205 17250 17250 I art     : System.exit called, status: 0
08-05 16:11:41.205 17250 17250 I AndroidRuntime: VM exiting with result code 0.
08-05 16:11:41.273 16458 15483 I PBSessionCacheImpl: Deleted sessionId[72384646105454640] from persistence.
08-05 16:11:41.282 16458 16488 W SearchServiceCore: Abort, client detached.
08-05 16:11:41.283 16458 16488 I MicroDetectionState: Should stop hotword detection immediately - true
08-05 16:11:41.339 17259 17259 W System  : ClassLoader referenced unknown path: /data/app/baseline.appteam.nith.hillffair-1/lib/arm64
08-05 16:11:41.413 17259 17259 W OneSignal: GCM Library detected, please upgrade to Firebase FCM library as GCM is deprecated!
08-05 16:11:41.528 17259 17259 W art     : Before Android 4.1, method android.graphics.PorterDuffColorFilter androidx.vectordrawable.graphics.drawable.VectorDrawableCompat.updateTintFilter(android.graphics.PorterDuffColorFilter, android.content.res.ColorStateList, android.graphics.PorterDuff$Mode) would have incorrectly overridden the package-private method in android.graphics.drawable.Drawable
08-05 16:11:41.562 17259 17259 I art     : Rejecting re-init on previously-failed class java.lang.Class<androidx.core.view.ViewCompat$2>
08-05 16:11:41.562 17259 17259 I art     : Rejecting re-init on previously-failed class java.lang.Class<androidx.core.view.ViewCompat$2>
08-05 16:11:41.653 17259 17285 D OpenGLRenderer: Use EGL_SWAP_BEHAVIOR_PRESERVED: true
08-05 16:11:41.699 17259 17285 I Adreno  : QUALCOMM build                   : fcf4852, I1af360237c
08-05 16:11:41.699 17259 17285 I Adreno  : Build Date                       : 09/23/15
08-05 16:11:41.699 17259 17285 I Adreno  : OpenGL ES Shader Compiler Version: XE031.05.13.02
08-05 16:11:41.699 17259 17285 I Adreno  : Local Branch                     : mybranch14465806
08-05 16:11:41.699 17259 17285 I Adreno  : Remote Branch                    : quic/LA.BF64.1.2.9_v2
08-05 16:11:41.699 17259 17285 I Adreno  : Remote Branch                    : NONE
08-05 16:11:41.699 17259 17285 I Adreno  : Reconstruct Branch               : NOTHING
08-05 16:11:41.709 17259 17285 I OpenGLRenderer: Initialized EGL, version 1.4
08-05 16:11:41.755 13866 13866 I GoogleInputMethodServic: GoogleInputMethodService.onFinishInput():3138 
08-05 16:11:41.756 13866 13866 I GoogleInputMethodServic: GoogleInputMethodService.onStartInput():1808 
08-05 16:11:41.812   918   936 I ActivityManager: Displayed baseline.appteam.nith.hillffair/.activities.SplashActivity: +637ms
08-05 16:11:41.896 17259 17292 W GCM     : GCM SDK is deprecated, baseline.appteam.nith.hillffair should update to use FCM
08-05 16:11:41.951 24365  4416 W Conscrypt: Could not set socket write timeout: java.net.SocketException: Socket closed
08-05 16:11:41.951 24365  4416 E art     : invalid stream - problem with parameter iterator in /data/app/com.google.android.gms-2/base.apk:classes3.dex for method void com.google.android.gms.org.conscrypt.ConscryptFileDescriptorSocket.setSoWriteTimeout(int)
08-05 16:11:41.952 24365  4416 W Conscrypt: 	at com.google.android.gms.org.conscrypt.Platform.setSocketWriteTimeout(:com.google.android.gms@202614019@20.26.14 (040400-320008519):2)
08-05 16:11:41.952 24365  4416 W Conscrypt: 	at com.google.android.gms.org.conscrypt.ConscryptFileDescriptorSocket.setSoWriteTimeout(:com.google.android.gms@202614019@20.26.14 (040400-320008519))
08-05 16:11:41.970 24365  4416 W Conscrypt: Could not set socket write timeout: java.net.SocketException: Socket closed
08-05 16:11:41.970 24365  4416 E art     : invalid stream - problem with parameter iterator in /data/app/com.google.android.gms-2/base.apk:classes3.dex for method void com.google.android.gms.org.conscrypt.ConscryptFileDescriptorSocket.setSoWriteTimeout(int)
08-05 16:11:41.970 24365  4416 W Conscrypt: 	at com.google.android.gms.org.conscrypt.Platform.setSocketWriteTimeout(:com.google.android.gms@202614019@20.26.14 (040400-320008519):2)
08-05 16:11:41.970 24365  4416 W Conscrypt: 	at com.google.android.gms.org.conscrypt.ConscryptFileDescriptorSocket.setSoWriteTimeout(:com.google.android.gms@202614019@20.26.14 (040400-320008519))
08-05 16:11:42.034 24365  4416 W Conscrypt: Could not set socket write timeout: java.net.SocketException: Socket closed
08-05 16:11:42.034 24365  4416 E art     : invalid stream - problem with parameter iterator in /data/app/com.google.android.gms-2/base.apk:classes3.dex for method void com.google.android.gms.org.conscrypt.ConscryptFileDescriptorSocket.setSoWriteTimeout(int)
08-05 16:11:42.034 24365  4416 W Conscrypt: 	at com.google.android.gms.org.conscrypt.Platform.setSocketWriteTimeout(:com.google.android.gms@202614019@20.26.14 (040400-320008519):2)
08-05 16:11:42.035 24365  4416 W Conscrypt: 	at com.google.android.gms.org.conscrypt.ConscryptFileDescriptorSocket.setSoWriteTimeout(:com.google.android.gms@202614019@20.26.14 (040400-320008519))
08-05 16:11:42.052 24365  4416 W Conscrypt: Could not set socket write timeout: java.net.SocketException: Socket closed
08-05 16:11:42.052 24365  4416 E art     : invalid stream - problem with parameter iterator in /data/app/com.google.android.gms-2/base.apk:classes3.dex for method void com.google.android.gms.org.conscrypt.ConscryptFileDescriptorSocket.setSoWriteTimeout(int)
08-05 16:11:42.052 24365  4416 W Conscrypt: 	at com.google.android.gms.org.conscrypt.Platform.setSocketWriteTimeout(:com.google.android.gms@202614019@20.26.14 (040400-320008519):2)
08-05 16:11:42.052 24365  4416 W Conscrypt: 	at com.google.android.gms.org.conscrypt.ConscryptFileDescriptorSocket.setSoWriteTimeout(:com.google.android.gms@202614019@20.26.14 (040400-320008519))
08-05 16:11:42.240 17259 17292 E OneSignal: Error Getting GCM Token
08-05 16:11:42.240 17259 17292 E OneSignal: java.io.IOException: INVALID_SENDER
08-05 16:11:42.240 17259 17292 E OneSignal: 	at com.google.android.gms.gcm.GoogleCloudMessaging.zzd(Unknown Source)
08-05 16:11:42.240 17259 17292 E OneSignal: 	at com.google.android.gms.gcm.GoogleCloudMessaging.register(Unknown Source)
08-05 16:11:42.240 17259 17292 E OneSignal: 	at com.onesignal.PushRegistratorGCM.getToken(PushRegistratorGCM.java:42)
08-05 16:11:42.240 17259 17292 E OneSignal: 	at com.onesignal.PushRegistratorAbstractGoogle.attemptRegistration(PushRegistratorAbstractGoogle.java:97)
08-05 16:11:42.240 17259 17292 E OneSignal: 	at com.onesignal.PushRegistratorAbstractGoogle.access$100(PushRegistratorAbstractGoogle.java:37)
08-05 16:11:42.240 17259 17292 E OneSignal: 	at com.onesignal.PushRegistratorAbstractGoogle$1.run(PushRegistratorAbstractGoogle.java:84)
08-05 16:11:42.240 17259 17292 E OneSignal: 	at java.lang.Thread.run(Thread.java:818)
08-05 16:11:42.258 17259 17298 I art     : Rejecting re-init on previously-failed class java.lang.Class<com.onesignal.OneSignalChromeTab$OneSignalCustomTabsServiceConnection>
08-05 16:11:42.258 17259 17298 I art     : Rejecting re-init on previously-failed class java.lang.Class<com.onesignal.OneSignalChromeTab$OneSignalCustomTabsServiceConnection>
08-05 16:11:42.279 24365 29098 I NetworkScheduler.Stats: Task com.google.android.gms/com.google.android.gms.checkin.EventLogService started execution. cause:1 exec_start_elapsed_seconds: 1790506 [CONTEXT service_id=218 ]
08-05 16:11:42.294 24577  3880 I Checkin : [EventLogChimeraService] Opted in for usage reporting: false
08-05 16:11:42.295 24577  3880 I Checkin : [EventLogChimeraService] Aggregate from 1596635112914 (log), 1596635112914 (data)
08-05 16:11:42.679 17308 17308 D AndroidRuntime: >>>>>> START com.android.internal.os.RuntimeInit uid 2000 <<<<<<
08-05 16:11:42.683 17308 17308 D AndroidRuntime: CheckJNI is OFF
08-05 16:11:42.705 17308 17308 D ICU     : No timezone override file found: /data/misc/zoneinfo/current/icu/icu_tzdata.dat
08-05 16:11:42.729 17308 17308 I Radio-JNI: register_android_hardware_Radio DONE
08-05 16:11:42.744 17308 17308 D AndroidRuntime: Calling main entry com.android.commands.am.Am
08-05 16:11:42.748 16924 16924 I Trepn   : Trepn 6.2s: Received intent: com.quicinc.trepn.start_profiling
08-05 16:11:42.847 16924 16924 W FileUtils: Failed to chmod(/storage/emulated/0/trepn/Trepn_2020.08.05_161142.db): android.system.ErrnoException: chmod failed: EPERM (Operation not permitted)
08-05 16:11:42.948 16924 16924 I Trepn   : Trepn 6.2s: Trepn has Started Profiling.
08-05 16:11:42.950 17308 17308 D AndroidRuntime: Shutting down VM
08-05 16:11:43.109   918   929 I ActivityManager: START u0 {cmp=baseline.appteam.nith.hillffair/.activities.WelcomeActivity} from uid 10675 on display 0
08-05 16:11:43.134   918  3359 I ActivityManager: START u0 {cmp=baseline.appteam.nith.hillffair/.activities.HomeActivity} from uid 10675 on display 0
08-05 16:11:43.139   918  5952 W ActivityManager: Duplicate finish request for ActivityRecord{6203d7f u0 baseline.appteam.nith.hillffair/.activities.WelcomeActivity t4163 f}
08-05 16:11:43.345 17259 17294 I art     : Starting a blocking GC Explicit
08-05 16:11:43.363 17259 17294 I art     : Explicit concurrent mark sweep GC freed 1993(287KB) AllocSpace objects, 0(0B) LOS objects, 27% free, 42MB/58MB, paused 302us total 18.491ms
08-05 16:11:43.369 17259 17294 I art     : Starting a blocking GC Explicit
08-05 16:11:43.379 17259 17294 I art     : Explicit concurrent mark sweep GC freed 178(45KB) AllocSpace objects, 0(0B) LOS objects, 26% free, 45MB/61MB, paused 437us total 10.231ms
08-05 16:11:43.385 17259 17294 I art     : Starting a blocking GC Explicit
08-05 16:11:43.394 17259 17294 I art     : Explicit concurrent mark sweep GC freed 243(42KB) AllocSpace objects, 0(0B) LOS objects, 26% free, 45MB/61MB, paused 136us total 9.737ms
08-05 16:11:43.400 17259 17294 I art     : Starting a blocking GC Explicit
08-05 16:11:43.410 17259 17294 I art     : Explicit concurrent mark sweep GC freed 390(24KB) AllocSpace objects, 0(0B) LOS objects, 26% free, 45MB/61MB, paused 168us total 10.378ms
08-05 16:11:43.415 17259 17294 I art     : Starting a blocking GC Explicit
08-05 16:11:43.425 17259 17294 I art     : Explicit concurrent mark sweep GC freed 13(3KB) AllocSpace objects, 0(0B) LOS objects, 26% free, 45MB/61MB, paused 135us total 9.260ms
08-05 16:11:43.601   918   936 I ActivityManager: Displayed baseline.appteam.nith.hillffair/.activities.HomeActivity: +421ms (total +483ms)
08-05 16:11:43.603 13866 13866 I GoogleInputMethodServic: GoogleInputMethodService.onFinishInput():3138 
08-05 16:11:43.604 13866 13866 I GoogleInputMethodServic: GoogleInputMethodService.onStartInput():1808 
08-05 16:11:43.660 17259 17271 I art     : Starting a blocking GC Explicit
08-05 16:11:43.671 17259 17271 I art     : Explicit concurrent mark sweep GC freed 2313(265KB) AllocSpace objects, 1(20KB) LOS objects, 24% free, 48MB/64MB, paused 131us total 10.861ms
08-05 16:11:43.676 17259 17271 I art     : Starting a blocking GC Explicit
08-05 16:11:43.686 17259 17271 I art     : Explicit concurrent mark sweep GC freed 1220(81KB) AllocSpace objects, 0(0B) LOS objects, 25% free, 47MB/63MB, paused 132us total 10.474ms
08-05 16:11:43.692 17259 17271 I art     : Starting a blocking GC Explicit
08-05 16:11:43.702 17259 17271 I art     : Explicit concurrent mark sweep GC freed 3(96B) AllocSpace objects, 0(0B) LOS objects, 25% free, 47MB/63MB, paused 138us total 10.328ms
08-05 16:11:43.708 17259 17271 I art     : Starting a blocking GC Explicit
08-05 16:11:43.718 17259 17271 I art     : Explicit concurrent mark sweep GC freed 3(96B) AllocSpace objects, 0(0B) LOS objects, 25% free, 47MB/63MB, paused 131us total 10.153ms
08-05 16:11:43.723 17259 17271 I art     : Starting a blocking GC Explicit
08-05 16:11:43.734 17259 17271 I art     : Explicit concurrent mark sweep GC freed 3(96B) AllocSpace objects, 0(0B) LOS objects, 25% free, 47MB/63MB, paused 138us total 10.371ms
08-05 16:11:43.832   380   380 W SurfaceFlinger: couldn't log to binary event log: overflow.
08-05 16:11:43.999 17259 17271 I art     : Starting a blocking GC Explicit
08-05 16:11:44.013 17259 17271 I art     : Explicit concurrent mark sweep GC freed 2023(113KB) AllocSpace objects, 1(20KB) LOS objects, 25% free, 47MB/63MB, paused 165us total 13.204ms
08-05 16:11:44.020 17259 17271 I art     : Starting a blocking GC Explicit
08-05 16:11:44.031 17259 17271 I art     : Explicit concurrent mark sweep GC freed 908(59KB) AllocSpace objects, 0(0B) LOS objects, 25% free, 47MB/63MB, paused 153us total 11.173ms
08-05 16:11:44.037 17259 17271 I art     : Starting a blocking GC Explicit
08-05 16:11:44.047 17259 17271 I art     : Explicit concurrent mark sweep GC freed 3(96B) AllocSpace objects, 0(0B) LOS objects, 25% free, 47MB/63MB, paused 174us total 10.106ms
08-05 16:11:44.052 17259 17271 I art     : Starting a blocking GC Explicit
08-05 16:11:44.062 17259 17271 I art     : Explicit concurrent mark sweep GC freed 3(96B) AllocSpace objects, 0(0B) LOS objects, 25% free, 47MB/63MB, paused 137us total 9.662ms
08-05 16:11:44.068 17259 17271 I art     : Starting a blocking GC Explicit
08-05 16:11:44.077 17259 17271 I art     : Explicit concurrent mark sweep GC freed 3(96B) AllocSpace objects, 0(0B) LOS objects, 25% free, 47MB/63MB, paused 137us total 9.671ms
08-05 16:11:44.334 17259 17294 I art     : Starting a blocking GC Explicit
08-05 16:11:44.346 17259 17294 I art     : Explicit concurrent mark sweep GC freed 1342(78KB) AllocSpace objects, 1(20KB) LOS objects, 25% free, 47MB/63MB, paused 164us total 12.121ms
08-05 16:11:44.352 17259 17294 I art     : Starting a blocking GC Explicit
08-05 16:11:44.362 17259 17294 I art     : Explicit concurrent mark sweep GC freed 20(704B) AllocSpace objects, 0(0B) LOS objects, 25% free, 47MB/63MB, paused 141us total 10.265ms
08-05 16:11:44.369 17259 17294 I art     : Starting a blocking GC Explicit
08-05 16:11:44.379 17259 17294 I art     : Explicit concurrent mark sweep GC freed 3(96B) AllocSpace objects, 0(0B) LOS objects, 25% free, 47MB/63MB, paused 126us total 9.867ms
08-05 16:11:44.384 17259 17294 I art     : Starting a blocking GC Explicit
08-05 16:11:44.394 17259 17294 I art     : Explicit concurrent mark sweep GC freed 3(96B) AllocSpace objects, 0(0B) LOS objects, 25% free, 47MB/63MB, paused 123us total 9.387ms
08-05 16:11:44.399 17259 17294 I art     : Starting a blocking GC Explicit
08-05 16:11:44.404   918  6111 I AccountManagerService: getTypesVisibleToCaller: isPermitted? true
08-05 16:11:44.409 17259 17294 I art     : Explicit concurrent mark sweep GC freed 3(96B) AllocSpace objects, 0(0B) LOS objects, 25% free, 47MB/63MB, paused 136us total 9.627ms
08-05 16:11:44.422 24577  3880 I Checkin : [ServiceDumpSys] dumping service [account]
08-05 16:11:44.435 24365  4416 I NetworkScheduler.Stats: Task com.google.android.gms/com.google.android.gms.checkin.EventLogService finished executing. cause:1 result: 1 elapsed_millis: 2186 uptime_millis: 2185 exec_start_elapsed_seconds: 1790506 [CONTEXT service_id=218 ]
08-05 16:11:44.442   918  6110 I AccountManagerService: getTypesVisibleToCaller: isPermitted? true
08-05 16:11:44.680 17259 17272 I art     : Starting a blocking GC Explicit
08-05 16:11:44.696 17259 17272 I art     : Explicit concurrent mark sweep GC freed 1341(78KB) AllocSpace objects, 1(20KB) LOS objects, 25% free, 47MB/63MB, paused 200us total 15.833ms
08-05 16:11:44.706 17259 17272 I art     : Starting a blocking GC Explicit
08-05 16:11:44.721 17259 17272 I art     : Explicit concurrent mark sweep GC freed 20(704B) AllocSpace objects, 0(0B) LOS objects, 25% free, 47MB/63MB, paused 181us total 14.931ms
08-05 16:11:44.728 17259 17272 I art     : Starting a blocking GC Explicit
08-05 16:11:44.740 17259 17272 I art     : Explicit concurrent mark sweep GC freed 3(96B) AllocSpace objects, 0(0B) LOS objects, 25% free, 47MB/63MB, paused 162us total 11.848ms
08-05 16:11:44.746 17259 17272 I art     : Starting a blocking GC Explicit
08-05 16:11:44.758 17259 17272 I art     : Explicit concurrent mark sweep GC freed 3(96B) AllocSpace objects, 0(0B) LOS objects, 25% free, 47MB/63MB, paused 166us total 11.868ms
08-05 16:11:44.765 17259 17272 I art     : Starting a blocking GC Explicit
08-05 16:11:44.777 17259 17272 I art     : Explicit concurrent mark sweep GC freed 3(96B) AllocSpace objects, 0(0B) LOS objects, 25% free, 47MB/63MB, paused 158us total 11.593ms
08-05 16:11:45.096 17259 17271 I art     : Starting a blocking GC Explicit
08-05 16:11:45.119 17259 17271 I art     : Explicit concurrent mark sweep GC freed 1339(78KB) AllocSpace objects, 1(20KB) LOS objects, 25% free, 47MB/63MB, paused 215us total 22.139ms
08-05 16:11:45.130 17259 17271 I art     : Starting a blocking GC Explicit
08-05 16:11:45.145 17259 17271 I art     : Explicit concurrent mark sweep GC freed 20(704B) AllocSpace objects, 0(0B) LOS objects, 25% free, 47MB/63MB, paused 184us total 14.793ms
08-05 16:11:45.154 17259 17271 I art     : Starting a blocking GC Explicit
08-05 16:11:45.166 17259 17271 I art     : Explicit concurrent mark sweep GC freed 3(96B) AllocSpace objects, 0(0B) LOS objects, 25% free, 47MB/63MB, paused 149us total 11.617ms
08-05 16:11:45.172 17259 17271 I art     : Starting a blocking GC Explicit
08-05 16:11:45.184 17259 17271 I art     : Explicit concurrent mark sweep GC freed 3(96B) AllocSpace objects, 0(0B) LOS objects, 25% free, 47MB/63MB, paused 160us total 11.634ms
08-05 16:11:45.190 17259 17271 I art     : Starting a blocking GC Explicit
08-05 16:11:45.202 17259 17271 I art     : Explicit concurrent mark sweep GC freed 3(96B) AllocSpace objects, 0(0B) LOS objects, 25% free, 47MB/63MB, paused 146us total 12.123ms
08-05 16:11:45.514 17259 17294 I art     : Starting a blocking GC Explicit
08-05 16:11:45.534 17259 17294 I art     : Explicit concurrent mark sweep GC freed 1339(78KB) AllocSpace objects, 1(20KB) LOS objects, 25% free, 47MB/63MB, paused 178us total 19.302ms
08-05 16:11:45.544 17259 17294 I art     : Starting a blocking GC Explicit
08-05 16:11:45.557 17259 17294 I art     : Explicit concurrent mark sweep GC freed 20(704B) AllocSpace objects, 0(0B) LOS objects, 25% free, 47MB/63MB, paused 170us total 12.741ms
08-05 16:11:45.563 17259 17294 I art     : Starting a blocking GC Explicit
08-05 16:11:45.575 17259 17294 I art     : Explicit concurrent mark sweep GC freed 3(96B) AllocSpace objects, 0(0B) LOS objects, 25% free, 47MB/63MB, paused 152us total 11.742ms
08-05 16:11:45.581 17259 17294 I art     : Starting a blocking GC Explicit
08-05 16:11:45.593 17259 17294 I art     : Explicit concurrent mark sweep GC freed 3(96B) AllocSpace objects, 0(0B) LOS objects, 25% free, 47MB/63MB, paused 149us total 11.716ms
08-05 16:11:45.599 17259 17294 I art     : Starting a blocking GC Explicit
08-05 16:11:45.611 17259 17294 I art     : Explicit concurrent mark sweep GC freed 3(96B) AllocSpace objects, 0(0B) LOS objects, 25% free, 47MB/63MB, paused 151us total 11.614ms
08-05 16:11:45.898 17259 17272 I art     : Starting a blocking GC Explicit
08-05 16:11:45.915 17259 17272 I art     : Explicit concurrent mark sweep GC freed 1339(78KB) AllocSpace objects, 1(20KB) LOS objects, 25% free, 47MB/63MB, paused 200us total 17.147ms
08-05 16:11:45.925 17259 17272 I art     : Starting a blocking GC Explicit
08-05 16:11:45.938 17259 17272 I art     : Explicit concurrent mark sweep GC freed 20(704B) AllocSpace objects, 0(0B) LOS objects, 25% free, 47MB/63MB, paused 162us total 12.301ms
08-05 16:11:45.944 17259 17272 I art     : Starting a blocking GC Explicit
08-05 16:11:45.956 17259 17272 I art     : Explicit concurrent mark sweep GC freed 3(96B) AllocSpace objects, 0(0B) LOS objects, 25% free, 47MB/63MB, paused 168us total 11.847ms
08-05 16:11:45.962 17259 17272 I art     : Starting a blocking GC Explicit
08-05 16:11:45.974 17259 17272 I art     : Explicit concurrent mark sweep GC freed 3(96B) AllocSpace objects, 0(0B) LOS objects, 25% free, 47MB/63MB, paused 161us total 11.867ms
08-05 16:11:45.981 17259 17272 I art     : Starting a blocking GC Explicit
08-05 16:11:45.992 17259 17272 I art     : Explicit concurrent mark sweep GC freed 3(96B) AllocSpace objects, 0(0B) LOS objects, 25% free, 47MB/63MB, paused 164us total 11.756ms
08-05 16:11:46.300 17259 17271 I art     : Starting a blocking GC Explicit
08-05 16:11:46.318 17259 17271 I art     : Explicit concurrent mark sweep GC freed 1339(78KB) AllocSpace objects, 1(20KB) LOS objects, 25% free, 47MB/63MB, paused 189us total 17.010ms
08-05 16:11:46.329 17259 17271 I art     : Starting a blocking GC Explicit
08-05 16:11:46.341 17259 17271 I art     : Explicit concurrent mark sweep GC freed 20(704B) AllocSpace objects, 0(0B) LOS objects, 25% free, 47MB/63MB, paused 161us total 11.956ms
08-05 16:11:46.347 17259 17271 I art     : Starting a blocking GC Explicit
08-05 16:11:46.359 17259 17271 I art     : Explicit concurrent mark sweep GC freed 3(96B) AllocSpace objects, 0(0B) LOS objects, 25% free, 47MB/63MB, paused 165us total 11.787ms
08-05 16:11:46.366 17259 17271 I art     : Starting a blocking GC Explicit
08-05 16:11:46.378 17259 17271 I art     : Explicit concurrent mark sweep GC freed 3(96B) AllocSpace objects, 0(0B) LOS objects, 25% free, 47MB/63MB, paused 146us total 11.554ms
08-05 16:11:46.384 17259 17271 I art     : Starting a blocking GC Explicit
08-05 16:11:46.395 17259 17271 I art     : Explicit concurrent mark sweep GC freed 3(96B) AllocSpace objects, 0(0B) LOS objects, 25% free, 47MB/63MB, paused 149us total 11.392ms
08-05 16:11:46.665 17259 17294 I art     : Starting a blocking GC Explicit
08-05 16:11:46.686 17259 17294 I art     : Explicit concurrent mark sweep GC freed 1338(78KB) AllocSpace objects, 1(20KB) LOS objects, 25% free, 47MB/63MB, paused 267us total 21.577ms
08-05 16:11:46.699 17259 17294 I art     : Starting a blocking GC Explicit
08-05 16:11:46.712 17259 17294 I art     : Explicit concurrent mark sweep GC freed 20(704B) AllocSpace objects, 0(0B) LOS objects, 25% free, 47MB/63MB, paused 151us total 13.356ms
08-05 16:11:46.718 17259 17294 I art     : Starting a blocking GC Explicit
08-05 16:11:46.730 17259 17294 I art     : Explicit concurrent mark sweep GC freed 3(96B) AllocSpace objects, 0(0B) LOS objects, 25% free, 47MB/63MB, paused 145us total 11.284ms
08-05 16:11:46.736 17259 17294 I art     : Starting a blocking GC Explicit
08-05 16:11:46.747 17259 17294 I art     : Explicit concurrent mark sweep GC freed 3(96B) AllocSpace objects, 0(0B) LOS objects, 25% free, 47MB/63MB, paused 151us total 11.404ms
08-05 16:11:46.753 17259 17294 I art     : Starting a blocking GC Explicit
08-05 16:11:46.765 17259 17294 I art     : Explicit concurrent mark sweep GC freed 3(96B) AllocSpace objects, 0(0B) LOS objects, 25% free, 47MB/63MB, paused 149us total 11.337ms
08-05 16:11:47.064 17259 17272 I art     : Starting a blocking GC Explicit
08-05 16:11:47.077 17259 17272 I art     : Explicit concurrent mark sweep GC freed 1339(78KB) AllocSpace objects, 1(20KB) LOS objects, 25% free, 47MB/63MB, paused 157us total 12.865ms
08-05 16:11:47.083 17259 17272 I art     : Starting a blocking GC Explicit
08-05 16:11:47.093 17259 17272 I art     : Explicit concurrent mark sweep GC freed 20(704B) AllocSpace objects, 0(0B) LOS objects, 25% free, 47MB/63MB, paused 155us total 10.320ms
08-05 16:11:47.099 17259 17272 I art     : Starting a blocking GC Explicit
08-05 16:11:47.109 17259 17272 I art     : Explicit concurrent mark sweep GC freed 3(96B) AllocSpace objects, 0(0B) LOS objects, 25% free, 47MB/63MB, paused 145us total 9.775ms
08-05 16:11:47.115 17259 17272 I art     : Starting a blocking GC Explicit
08-05 16:11:47.124 17259 17272 I art     : Explicit concurrent mark sweep GC freed 3(96B) AllocSpace objects, 0(0B) LOS objects, 25% free, 47MB/63MB, paused 140us total 9.614ms
08-05 16:11:47.130 17259 17272 I art     : Starting a blocking GC Explicit
08-05 16:11:47.139 17259 17272 I art     : Explicit concurrent mark sweep GC freed 3(96B) AllocSpace objects, 0(0B) LOS objects, 25% free, 47MB/63MB, paused 142us total 9.612ms
08-05 16:11:47.328 17259 17473 W OneSignal: OneSignalRestClient: POST Error thrown from network stack. 
08-05 16:11:47.328 17259 17473 W OneSignal: java.io.IOException: unexpected end of stream on Connection{api.onesignal.com:443, proxy=HTTP@192.168.2.12:8080 hostAddress=192.168.2.12 cipherSuite=TLS_ECDHE_RSA_WITH_AES_128_GCM_SHA256 protocol=http/1.1} (recycle count=1)
08-05 16:11:47.328 17259 17473 W OneSignal: 	at com.android.okhttp.internal.http.HttpConnection.readResponse(HttpConnection.java:210)
08-05 16:11:47.328 17259 17473 W OneSignal: 	at com.android.okhttp.internal.http.HttpTransport.readResponseHeaders(HttpTransport.java:80)
08-05 16:11:47.328 17259 17473 W OneSignal: 	at com.android.okhttp.internal.http.HttpEngine.readNetworkResponse(HttpEngine.java:904)
08-05 16:11:47.328 17259 17473 W OneSignal: 	at com.android.okhttp.internal.http.HttpEngine.readResponse(HttpEngine.java:788)
08-05 16:11:47.328 17259 17473 W OneSignal: 	at com.android.okhttp.internal.huc.HttpURLConnectionImpl.execute(HttpURLConnectionImpl.java:439)
08-05 16:11:47.328 17259 17473 W OneSignal: 	at com.android.okhttp.internal.huc.HttpURLConnectionImpl.getResponse(HttpURLConnectionImpl.java:384)
08-05 16:11:47.328 17259 17473 W OneSignal: 	at com.android.okhttp.internal.huc.HttpURLConnectionImpl.getResponseCode(HttpURLConnectionImpl.java:497)
08-05 16:11:47.328 17259 17473 W OneSignal: 	at com.android.okhttp.internal.huc.DelegatingHttpsURLConnection.getResponseCode(DelegatingHttpsURLConnection.java:105)
08-05 16:11:47.328 17259 17473 W OneSignal: 	at com.android.okhttp.internal.huc.HttpsURLConnectionImpl.getResponseCode(HttpsURLConnectionImpl.java)
08-05 16:11:47.328 17259 17473 W OneSignal: 	at com.onesignal.OneSignalRestClient.startHTTPConnection(OneSignalRestClient.java:180)
08-05 16:11:47.328 17259 17473 W OneSignal: 	at com.onesignal.OneSignalRestClient.access$100(OneSignalRestClient.java:44)
08-05 16:11:47.328 17259 17473 W OneSignal: 	at com.onesignal.OneSignalRestClient$4.run(OneSignalRestClient.java:110)
08-05 16:11:47.328 17259 17473 W OneSignal: 	at java.lang.Thread.run(Thread.java:818)
08-05 16:11:47.328 17259 17473 W OneSignal: Caused by: java.io.EOFException: \n not found: size=0 content=...
08-05 16:11:47.328 17259 17473 W OneSignal: 	at com.android.okhttp.okio.RealBufferedSource.readUtf8LineStrict(RealBufferedSource.java:200)
08-05 16:11:47.328 17259 17473 W OneSignal: 	at com.android.okhttp.internal.http.HttpConnection.readResponse(HttpConnection.java:191)
08-05 16:11:47.328 17259 17473 W OneSignal: 	... 12 more
08-05 16:11:47.329 17259 17481 W OneSignal: Failed last request. statusCode: -1
08-05 16:11:47.329 17259 17481 W OneSignal: response: null
08-05 16:11:47.398 17259 17271 I art     : Starting a blocking GC Explicit
08-05 16:11:47.414 17259 17271 I art     : Explicit concurrent mark sweep GC freed 1978(154KB) AllocSpace objects, 1(20KB) LOS objects, 25% free, 47MB/63MB, paused 185us total 15.839ms
08-05 16:11:47.424 17259 17271 I art     : Starting a blocking GC Explicit
08-05 16:11:47.436 17259 17271 I art     : Explicit concurrent mark sweep GC freed 30(1168B) AllocSpace objects, 0(0B) LOS objects, 25% free, 47MB/63MB, paused 148us total 12.127ms
08-05 16:11:47.443 17259 17271 I art     : Starting a blocking GC Explicit
08-05 16:11:47.454 17259 17271 I art     : Explicit concurrent mark sweep GC freed 3(96B) AllocSpace objects, 0(0B) LOS objects, 25% free, 47MB/63MB, paused 146us total 11.649ms
08-05 16:11:47.461 17259 17271 I art     : Starting a blocking GC Explicit
08-05 16:11:47.473 17259 17271 I art     : Explicit concurrent mark sweep GC freed 3(96B) AllocSpace objects, 0(0B) LOS objects, 25% free, 47MB/63MB, paused 149us total 11.800ms
08-05 16:11:47.479 17259 17271 I art     : Starting a blocking GC Explicit
08-05 16:11:47.491 17259 17271 I art     : Explicit concurrent mark sweep GC freed 3(96B) AllocSpace objects, 0(0B) LOS objects, 25% free, 47MB/63MB, paused 172us total 11.779ms
08-05 16:11:47.723  5179  5194 D QcrilMsgTunnelSocket: readRilMessage: Buffer = [B@671e81d HexData = [010000000404000011000000514f454d484f4f4bef0308000100000003]
08-05 16:11:47.723  5179  5194 D QcrilMsgTunnelSocket: Rcvd UNSOL response with 28 bytes data for SUB0
08-05 16:11:47.723  5179  5194 D QcrilMsgTunnelSocket: Response ID 525295 is not served in this process.
08-05 16:11:47.723  5179  5194 D QcrilMsgTunnelSocket: To broadcast an Intent via the notifier to external apps
08-05 16:11:47.723  5179  5179 D QcrilMsgTunnelIfaceManager: handleMessage what = 0
08-05 16:11:47.723  5179  5179 D QcrilMsgTunnelIfaceManager: Broadcasting intent ACTION_UNSOL_RESPONSE_OEM_HOOK_RAW
08-05 16:11:47.725  5164  5164 D QC_RIL_OEM_HOOK: Received Broadcast Intent ACTION_UNSOL_RESPONSE_OEM_HOOK_RAW
08-05 16:11:47.725  5164  5164 D QC_RIL_OEM_HOOK: Oem ID in QCRILHOOK UNSOL RESP is QOEMHOOK
08-05 16:11:47.728 17259 17294 I art     : Starting a blocking GC Explicit
08-05 16:11:47.740 17259 17294 I art     : Explicit concurrent mark sweep GC freed 1339(78KB) AllocSpace objects, 1(20KB) LOS objects, 25% free, 47MB/63MB, paused 166us total 12.049ms
08-05 16:11:47.746 17259 17294 I art     : Starting a blocking GC Explicit
08-05 16:11:47.757 17259 17294 I art     : Explicit concurrent mark sweep GC freed 20(704B) AllocSpace objects, 0(0B) LOS objects, 25% free, 47MB/63MB, paused 170us total 10.779ms
08-05 16:11:47.762 17259 17294 I art     : Starting a blocking GC Explicit
08-05 16:11:47.773 17259 17294 I art     : Explicit concurrent mark sweep GC freed 3(96B) AllocSpace objects, 0(0B) LOS objects, 25% free, 47MB/63MB, paused 154us total 10.890ms
08-05 16:11:47.780 17259 17294 I art     : Starting a blocking GC Explicit
08-05 16:11:47.790 17259 17294 I art     : Explicit concurrent mark sweep GC freed 3(96B) AllocSpace objects, 0(0B) LOS objects, 25% free, 47MB/63MB, paused 150us total 10.344ms
08-05 16:11:47.795 17259 17294 I art     : Starting a blocking GC Explicit
08-05 16:11:47.806 17259 17294 I art     : Explicit concurrent mark sweep GC freed 3(96B) AllocSpace objects, 0(0B) LOS objects, 25% free, 47MB/63MB, paused 145us total 10.250ms
08-05 16:11:47.926 17486 17486 D AndroidRuntime: >>>>>> START com.android.internal.os.RuntimeInit uid 2000 <<<<<<
08-05 16:11:47.935 17486 17486 D AndroidRuntime: CheckJNI is OFF
08-05 16:11:47.962 17486 17486 D ICU     : No timezone override file found: /data/misc/zoneinfo/current/icu/icu_tzdata.dat
08-05 16:11:47.987 17486 17486 I Radio-JNI: register_android_hardware_Radio DONE
08-05 16:11:48.003 17486 17486 D AndroidRuntime: Calling main entry com.android.commands.input.Input
08-05 16:11:48.004 17486 17486 I Input   : injectMotionEvent: MotionEvent { action=ACTION_DOWN, actionButton=0, id[0]=0, x[0]=337.0, y[0]=1104.0, toolType[0]=TOOL_TYPE_UNKNOWN, buttonState=0, metaState=0, flags=0x0, edgeFlags=0x0, pointerCount=1, historySize=0, eventTime=807124417, downTime=807124417, deviceId=0, source=0x1002 }
08-05 16:11:48.010 17486 17486 I Input   : injectMotionEvent: MotionEvent { action=ACTION_UP, actionButton=0, id[0]=0, x[0]=337.0, y[0]=1104.0, toolType[0]=TOOL_TYPE_UNKNOWN, buttonState=0, metaState=0, flags=0x0, edgeFlags=0x0, pointerCount=1, historySize=0, eventTime=807124417, downTime=807124417, deviceId=0, source=0x1002 }
08-05 16:11:48.012   918  5952 I ActivityManager: START u0 {cmp=baseline.appteam.nith.hillffair/.activities.BattleDayActivity} from uid 10675 on display 0
08-05 16:11:48.019 17486 17486 D AndroidRuntime: Shutting down VM
08-05 16:11:48.069 17259 17272 I art     : Starting a blocking GC Explicit
08-05 16:11:48.086 17259 17272 I art     : Explicit concurrent mark sweep GC freed 8479(549KB) AllocSpace objects, 1(20KB) LOS objects, 24% free, 48MB/64MB, paused 960us total 16.792ms
08-05 16:11:48.093 17259 17272 I art     : Starting a blocking GC Explicit
08-05 16:11:48.106 17259 17272 I art     : Explicit concurrent mark sweep GC freed 471(30KB) AllocSpace objects, 0(0B) LOS objects, 24% free, 48MB/64MB, paused 206us total 12.548ms
08-05 16:11:48.112 17259 17272 I art     : Starting a blocking GC Explicit
08-05 16:11:48.124 17259 17272 I art     : Explicit concurrent mark sweep GC freed 33(3KB) AllocSpace objects, 0(0B) LOS objects, 24% free, 48MB/64MB, paused 219us total 12.035ms
08-05 16:11:48.128 13866 13866 I GoogleInputMethodServic: GoogleInputMethodService.onFinishInput():3138 
08-05 16:11:48.128 13866 13866 I GoogleInputMethodServic: GoogleInputMethodService.onStartInput():1808 
08-05 16:11:48.130 17259 17272 I art     : Starting a blocking GC Explicit
08-05 16:11:48.142 17259 17272 I art     : Explicit concurrent mark sweep GC freed 210(12KB) AllocSpace objects, 0(0B) LOS objects, 24% free, 48MB/64MB, paused 199us total 11.957ms
08-05 16:11:48.148 17259 17272 I art     : Starting a blocking GC Explicit
08-05 16:11:48.159   918   936 I ActivityManager: Displayed baseline.appteam.nith.hillffair/.activities.BattleDayActivity: +140ms
08-05 16:11:48.163 17259 17272 I art     : Explicit concurrent mark sweep GC freed 19(688B) AllocSpace objects, 0(0B) LOS objects, 24% free, 48MB/64MB, paused 184us total 14.863ms
08-05 16:11:48.358   918  3261 D WifiStateMachine: starting scan for "H369AA63323"WPA_PSK with 2412,5180
08-05 16:11:48.428 17259 17271 I art     : Starting a blocking GC Explicit
08-05 16:11:48.448 17259 17271 I art     : Explicit concurrent mark sweep GC freed 1351(78KB) AllocSpace objects, 1(20KB) LOS objects, 24% free, 48MB/64MB, paused 182us total 19.537ms
08-05 16:11:48.453   380   380 W SurfaceFlinger: couldn't log to binary event log: overflow.
08-05 16:11:48.458 17259 17271 I art     : Starting a blocking GC Explicit
08-05 16:11:48.474 17259 17271 I art     : Explicit concurrent mark sweep GC freed 22(768B) AllocSpace objects, 0(0B) LOS objects, 24% free, 48MB/64MB, paused 188us total 16.272ms
08-05 16:11:48.481 17259 17271 I art     : Starting a blocking GC Explicit
08-05 16:11:48.492 17259 17271 I art     : Explicit concurrent mark sweep GC freed 3(96B) AllocSpace objects, 0(0B) LOS objects, 24% free, 48MB/64MB, paused 172us total 11.614ms
08-05 16:11:48.498 17259 17271 I art     : Starting a blocking GC Explicit
08-05 16:11:48.510 17259 17271 I art     : Explicit concurrent mark sweep GC freed 3(96B) AllocSpace objects, 0(0B) LOS objects, 24% free, 48MB/64MB, paused 186us total 11.572ms
08-05 16:11:48.516 17259 17271 I art     : Starting a blocking GC Explicit
08-05 16:11:48.528 17259 17271 I art     : Explicit concurrent mark sweep GC freed 3(96B) AllocSpace objects, 0(0B) LOS objects, 24% free, 48MB/64MB, paused 174us total 11.517ms
08-05 16:11:48.801 17259 17271 I art     : Starting a blocking GC Explicit
08-05 16:11:48.817 17259 17271 I art     : Explicit concurrent mark sweep GC freed 1504(91KB) AllocSpace objects, 1(20KB) LOS objects, 24% free, 48MB/64MB, paused 226us total 15.355ms
08-05 16:11:48.824 17259 17271 I art     : Starting a blocking GC Explicit
08-05 16:11:48.838 17259 17271 I art     : Explicit concurrent mark sweep GC freed 622(53KB) AllocSpace objects, 0(0B) LOS objects, 24% free, 48MB/64MB, paused 291us total 12.988ms
08-05 16:11:48.844 17259 17271 I art     : Starting a blocking GC Explicit
08-05 16:11:48.857 17259 17271 I art     : Explicit concurrent mark sweep GC freed 558(24KB) AllocSpace objects, 2(120KB) LOS objects, 24% free, 48MB/64MB, paused 346us total 13.122ms
08-05 16:11:48.863 17259 17271 I art     : Starting a blocking GC Explicit
08-05 16:11:48.872 17259 17527 D OkHttp  : --> GET https://api-hillfair-2k16.herokuapp.com/api/app/events/special http/1.1
08-05 16:11:48.876 17259 17271 I art     : Explicit concurrent mark sweep GC freed 2302(162KB) AllocSpace objects, 1(80KB) LOS objects, 24% free, 48MB/64MB, paused 213us total 12.218ms
08-05 16:11:48.881 17259 17271 I art     : Starting a blocking GC Explicit
08-05 16:11:48.893 17259 17271 I art     : Explicit concurrent mark sweep GC freed 137(13KB) AllocSpace objects, 0(0B) LOS objects, 24% free, 48MB/64MB, paused 189us total 11.798ms
08-05 16:11:48.908 17259 17527 D OkHttp  : <-- 200 OK https://api-hillfair-2k16.herokuapp.com/api/app/events/special (36ms, 554-byte body)
08-05 16:11:48.955 17259 17259 I NAPPA_EXPERIMENTATION: MetricNetworkRequestExecutionTime: REQUEST_DURATION_SYSTEM='880',REQUEST_DURATION_OKHTTP='35',REQUEST_SYNCHRONOUS='FALSE',RESPONSE_CODE='200',RESPONSE_METHOD='GET',RESPONSE_LENGTH_OKHTTP='554',RESPONSE_LENGTH_HEADER='554',REQUEST_PROTOCOL='http/1.1',REQUEST_URL='https://api-hillfair-2k16.herokuapp.com/api/app/events/special',
08-05 16:11:49.139 17259 17271 I art     : Starting a blocking GC Explicit
08-05 16:11:49.154 17259 17271 I art     : Explicit concurrent mark sweep GC freed 3250(240KB) AllocSpace objects, 1(20KB) LOS objects, 24% free, 48MB/64MB, paused 286us total 15.264ms
08-05 16:11:49.161 17259 17271 I art     : Starting a blocking GC Explicit
08-05 16:11:49.175 17259 17271 I art     : Explicit concurrent mark sweep GC freed 169(6KB) AllocSpace objects, 0(0B) LOS objects, 24% free, 48MB/64MB, paused 287us total 14.189ms
08-05 16:11:49.182 17259 17271 I art     : Starting a blocking GC Explicit
08-05 16:11:49.197 17259 17271 I art     : Explicit concurrent mark sweep GC freed 3(96B) AllocSpace objects, 0(0B) LOS objects, 24% free, 48MB/64MB, paused 328us total 14.822ms
08-05 16:11:49.204 17259 17271 I art     : Starting a blocking GC Explicit
08-05 16:11:49.218 17259 17271 I art     : Explicit concurrent mark sweep GC freed 3(96B) AllocSpace objects, 0(0B) LOS objects, 24% free, 48MB/64MB, paused 362us total 14.524ms
08-05 16:11:49.224 17259 17271 I art     : Starting a blocking GC Explicit
08-05 16:11:49.238 17259 17271 I art     : Explicit concurrent mark sweep GC freed 3(96B) AllocSpace objects, 0(0B) LOS objects, 24% free, 48MB/64MB, paused 260us total 13.609ms
08-05 16:11:49.517 17259 17294 I art     : Starting a blocking GC Explicit
08-05 16:11:49.535 17259 17294 I art     : Explicit concurrent mark sweep GC freed 8759(371KB) AllocSpace objects, 1(20KB) LOS objects, 24% free, 48MB/64MB, paused 309us total 17.615ms
08-05 16:11:49.542 17259 17294 I art     : Starting a blocking GC Explicit
08-05 16:11:49.557 17259 17294 I art     : Explicit concurrent mark sweep GC freed 304(15KB) AllocSpace objects, 0(0B) LOS objects, 24% free, 48MB/64MB, paused 636us total 15.082ms
08-05 16:11:49.564 17259 17294 I art     : Starting a blocking GC Explicit
08-05 16:11:49.578 17259 17294 I art     : Explicit concurrent mark sweep GC freed 135(23KB) AllocSpace objects, 0(0B) LOS objects, 24% free, 49MB/65MB, paused 295us total 14.388ms
08-05 16:11:49.584 17259 17294 I art     : Starting a blocking GC Explicit
08-05 16:11:49.598 17259 17294 I art     : Explicit concurrent mark sweep GC freed 60(14KB) AllocSpace objects, 0(0B) LOS objects, 24% free, 50MB/66MB, paused 298us total 13.153ms
08-05 16:11:49.604 17259 17294 I art     : Starting a blocking GC Explicit
08-05 16:11:49.617 17259 17294 I art     : Explicit concurrent mark sweep GC freed 351(60KB) AllocSpace objects, 0(0B) LOS objects, 23% free, 52MB/68MB, paused 247us total 12.766ms
08-05 16:11:49.888 17259 17529 I art     : Starting a blocking GC Explicit
08-05 16:11:49.906 17259 17529 I art     : Explicit concurrent mark sweep GC freed 1485(167KB) AllocSpace objects, 1(20KB) LOS objects, 23% free, 51MB/67MB, paused 258us total 17.415ms
08-05 16:11:49.916 17259 17529 I art     : Starting a blocking GC Explicit
08-05 16:11:49.934 17259 17529 I art     : Explicit concurrent mark sweep GC freed 47(1728B) AllocSpace objects, 0(0B) LOS objects, 23% free, 51MB/67MB, paused 223us total 18.007ms
08-05 16:11:49.943 17259 17529 I art     : Starting a blocking GC Explicit
08-05 16:11:49.957 17259 17529 I art     : Explicit concurrent mark sweep GC freed 3(96B) AllocSpace objects, 0(0B) LOS objects, 23% free, 51MB/67MB, paused 238us total 14.265ms
08-05 16:11:49.964 17259 17529 I art     : Starting a blocking GC Explicit
08-05 16:11:49.978 17259 17529 I art     : Explicit concurrent mark sweep GC freed 3(96B) AllocSpace objects, 0(0B) LOS objects, 23% free, 51MB/67MB, paused 218us total 14.416ms
08-05 16:11:49.985 17259 17529 I art     : Starting a blocking GC Explicit
08-05 16:11:49.998 17259 17529 I art     : Explicit concurrent mark sweep GC freed 3(96B) AllocSpace objects, 0(0B) LOS objects, 23% free, 51MB/67MB, paused 211us total 13.702ms
08-05 16:11:50.304 17259 17272 I art     : Starting a blocking GC Explicit
08-05 16:11:50.324 17259 17272 I art     : Explicit concurrent mark sweep GC freed 1340(78KB) AllocSpace objects, 1(20KB) LOS objects, 23% free, 51MB/67MB, paused 257us total 20.163ms
08-05 16:11:50.334 17259 17272 I art     : Starting a blocking GC Explicit
08-05 16:11:50.349 17259 17272 I art     : Explicit concurrent mark sweep GC freed 20(704B) AllocSpace objects, 0(0B) LOS objects, 23% free, 51MB/67MB, paused 215us total 14.732ms
08-05 16:11:50.355 17259 17272 I art     : Starting a blocking GC Explicit
08-05 16:11:50.370 17259 17272 I art     : Explicit concurrent mark sweep GC freed 3(96B) AllocSpace objects, 0(0B) LOS objects, 23% free, 51MB/67MB, paused 220us total 14.348ms
08-05 16:11:50.376 17259 17272 I art     : Starting a blocking GC Explicit
08-05 16:11:50.391 17259 17272 I art     : Explicit concurrent mark sweep GC freed 3(96B) AllocSpace objects, 0(0B) LOS objects, 23% free, 51MB/67MB, paused 216us total 14.138ms
08-05 16:11:50.397 17259 17272 I art     : Starting a blocking GC Explicit
08-05 16:11:50.412 17259 17272 I art     : Explicit concurrent mark sweep GC freed 3(96B) AllocSpace objects, 0(0B) LOS objects, 23% free, 51MB/67MB, paused 218us total 14.140ms
08-05 16:11:50.726 17259 17271 I art     : Starting a blocking GC Explicit
08-05 16:11:50.747 17259 17271 I art     : Explicit concurrent mark sweep GC freed 1340(78KB) AllocSpace objects, 1(20KB) LOS objects, 23% free, 51MB/67MB, paused 250us total 19.904ms
08-05 16:11:50.757 17259 17271 I art     : Starting a blocking GC Explicit
08-05 16:11:50.775 17259 17271 I art     : Explicit concurrent mark sweep GC freed 20(704B) AllocSpace objects, 0(0B) LOS objects, 23% free, 51MB/67MB, paused 236us total 17.904ms
08-05 16:11:50.782 17259 17271 I art     : Starting a blocking GC Explicit
08-05 16:11:50.797 17259 17271 I art     : Explicit concurrent mark sweep GC freed 3(96B) AllocSpace objects, 0(0B) LOS objects, 23% free, 51MB/67MB, paused 330us total 14.445ms
08-05 16:11:50.803 17259 17271 I art     : Starting a blocking GC Explicit
08-05 16:11:50.818 17259 17271 I art     : Explicit concurrent mark sweep GC freed 3(96B) AllocSpace objects, 0(0B) LOS objects, 23% free, 51MB/67MB, paused 212us total 14.288ms
08-05 16:11:50.824 17259 17271 I art     : Starting a blocking GC Explicit
08-05 16:11:50.838 17259 17271 I art     : Explicit concurrent mark sweep GC freed 3(96B) AllocSpace objects, 0(0B) LOS objects, 23% free, 51MB/67MB, paused 204us total 13.894ms
08-05 16:11:51.163 17259 17294 I art     : Starting a blocking GC Explicit
08-05 16:11:51.186 17259 17294 I art     : Explicit concurrent mark sweep GC freed 1340(78KB) AllocSpace objects, 1(20KB) LOS objects, 23% free, 51MB/67MB, paused 242us total 23.010ms
08-05 16:11:51.193 17259 17294 I art     : Starting a blocking GC Explicit
08-05 16:11:51.208 17259 17294 I art     : Explicit concurrent mark sweep GC freed 20(704B) AllocSpace objects, 0(0B) LOS objects, 23% free, 51MB/67MB, paused 217us total 14.768ms
08-05 16:11:51.215 17259 17294 I art     : Starting a blocking GC Explicit
08-05 16:11:51.229 17259 17294 I art     : Explicit concurrent mark sweep GC freed 3(96B) AllocSpace objects, 0(0B) LOS objects, 23% free, 51MB/67MB, paused 197us total 13.097ms
08-05 16:11:51.235 17259 17294 I art     : Starting a blocking GC Explicit
08-05 16:11:51.248 17259 17294 I art     : Explicit concurrent mark sweep GC freed 3(96B) AllocSpace objects, 0(0B) LOS objects, 23% free, 51MB/67MB, paused 205us total 13.464ms
08-05 16:11:51.255 17259 17294 I art     : Starting a blocking GC Explicit
08-05 16:11:51.268 17259 17294 I art     : Explicit concurrent mark sweep GC freed 3(96B) AllocSpace objects, 0(0B) LOS objects, 23% free, 51MB/67MB, paused 199us total 13.533ms
08-05 16:11:51.590 17259 17529 I art     : Starting a blocking GC Explicit
08-05 16:11:51.608 17259 17529 I art     : Explicit concurrent mark sweep GC freed 1340(78KB) AllocSpace objects, 1(20KB) LOS objects, 23% free, 51MB/67MB, paused 256us total 17.561ms
08-05 16:11:51.618 17259 17529 I art     : Starting a blocking GC Explicit
08-05 16:11:51.633 17259 17529 I art     : Explicit concurrent mark sweep GC freed 20(704B) AllocSpace objects, 0(0B) LOS objects, 23% free, 51MB/67MB, paused 231us total 15.088ms
08-05 16:11:51.640 17259 17529 I art     : Starting a blocking GC Explicit
08-05 16:11:51.654 17259 17529 I art     : Explicit concurrent mark sweep GC freed 3(96B) AllocSpace objects, 0(0B) LOS objects, 23% free, 51MB/67MB, paused 218us total 13.668ms
08-05 16:11:51.660 17259 17529 I art     : Starting a blocking GC Explicit
08-05 16:11:51.674 17259 17529 I art     : Explicit concurrent mark sweep GC freed 3(96B) AllocSpace objects, 0(0B) LOS objects, 23% free, 51MB/67MB, paused 237us total 13.955ms
08-05 16:11:51.681 17259 17529 I art     : Starting a blocking GC Explicit
08-05 16:11:51.695 17259 17529 I art     : Explicit concurrent mark sweep GC freed 3(96B) AllocSpace objects, 0(0B) LOS objects, 23% free, 51MB/67MB, paused 208us total 13.719ms
08-05 16:11:52.010 17259 17272 I art     : Starting a blocking GC Explicit
08-05 16:11:52.032 17259 17272 I art     : Explicit concurrent mark sweep GC freed 1340(78KB) AllocSpace objects, 1(20KB) LOS objects, 23% free, 51MB/67MB, paused 287us total 21.147ms
08-05 16:11:52.046 17259 17272 I art     : Starting a blocking GC Explicit
08-05 16:11:52.060 17259 17272 I art     : Explicit concurrent mark sweep GC freed 20(704B) AllocSpace objects, 0(0B) LOS objects, 23% free, 51MB/67MB, paused 222us total 14.326ms
08-05 16:11:52.067 17259 17272 I art     : Starting a blocking GC Explicit
08-05 16:11:52.081 17259 17272 I art     : Explicit concurrent mark sweep GC freed 3(96B) AllocSpace objects, 0(0B) LOS objects, 23% free, 51MB/67MB, paused 216us total 14.184ms
08-05 16:11:52.088 17259 17272 I art     : Starting a blocking GC Explicit
08-05 16:11:52.102 17259 17272 I art     : Explicit concurrent mark sweep GC freed 3(96B) AllocSpace objects, 0(0B) LOS objects, 23% free, 51MB/67MB, paused 210us total 13.876ms
08-05 16:11:52.109 17259 17272 I art     : Starting a blocking GC Explicit
08-05 16:11:52.123 17259 17272 I art     : Explicit concurrent mark sweep GC freed 3(96B) AllocSpace objects, 0(0B) LOS objects, 23% free, 51MB/67MB, paused 208us total 13.691ms
08-05 16:11:52.438 17259 17271 I art     : Starting a blocking GC Explicit
08-05 16:11:52.462 17259 17271 I art     : Explicit concurrent mark sweep GC freed 1340(78KB) AllocSpace objects, 1(20KB) LOS objects, 23% free, 51MB/67MB, paused 248us total 23.778ms
08-05 16:11:52.472 17259 17271 I art     : Starting a blocking GC Explicit
08-05 16:11:52.488 17259 17271 I art     : Explicit concurrent mark sweep GC freed 20(704B) AllocSpace objects, 0(0B) LOS objects, 23% free, 51MB/67MB, paused 221us total 15.428ms
08-05 16:11:52.494 17259 17271 I art     : Starting a blocking GC Explicit
08-05 16:11:52.508 17259 17271 I art     : Explicit concurrent mark sweep GC freed 3(96B) AllocSpace objects, 0(0B) LOS objects, 23% free, 51MB/67MB, paused 218us total 13.943ms
08-05 16:11:52.515 17259 17271 I art     : Starting a blocking GC Explicit
08-05 16:11:52.517   918  1210 D NetlinkSocketObserver: NeighborEvent{elapsedMs=1790516391, 192.168.2.254, [7C3953A63323], RTM_NEWNEIGH, NUD_STALE}
08-05 16:11:52.529 17259 17271 I art     : Explicit concurrent mark sweep GC freed 3(96B) AllocSpace objects, 0(0B) LOS objects, 23% free, 51MB/67MB, paused 217us total 14.099ms
08-05 16:11:52.536 17259 17271 I art     : Starting a blocking GC Explicit
08-05 16:11:52.550 17259 17271 I art     : Explicit concurrent mark sweep GC freed 3(96B) AllocSpace objects, 0(0B) LOS objects, 23% free, 51MB/67MB, paused 211us total 14.125ms
08-05 16:11:52.853 17259 17294 I art     : Starting a blocking GC Explicit
08-05 16:11:52.877 17259 17294 I art     : Explicit concurrent mark sweep GC freed 1340(78KB) AllocSpace objects, 1(20KB) LOS objects, 23% free, 51MB/67MB, paused 304us total 23.769ms
08-05 16:11:52.887 17259 17294 I art     : Starting a blocking GC Explicit
08-05 16:11:52.901 17259 17294 I art     : Explicit concurrent mark sweep GC freed 20(704B) AllocSpace objects, 0(0B) LOS objects, 23% free, 51MB/67MB, paused 209us total 14.373ms
08-05 16:11:52.908 17259 17294 I art     : Starting a blocking GC Explicit
08-05 16:11:52.922 17259 17294 I art     : Explicit concurrent mark sweep GC freed 3(96B) AllocSpace objects, 0(0B) LOS objects, 23% free, 51MB/67MB, paused 209us total 13.399ms
08-05 16:11:52.928 17259 17294 I art     : Starting a blocking GC Explicit
08-05 16:11:52.941 17259 17294 I art     : Explicit concurrent mark sweep GC freed 3(96B) AllocSpace objects, 0(0B) LOS objects, 23% free, 51MB/67MB, paused 203us total 13.251ms
08-05 16:11:52.947 17259 17294 I art     : Starting a blocking GC Explicit
08-05 16:11:52.961 17259 17294 I art     : Explicit concurrent mark sweep GC freed 3(96B) AllocSpace objects, 0(0B) LOS objects, 23% free, 51MB/67MB, paused 209us total 13.603ms
08-05 16:11:53.266 17259 17529 I art     : Starting a blocking GC Explicit
08-05 16:11:53.287 17259 17529 I art     : Explicit concurrent mark sweep GC freed 1340(78KB) AllocSpace objects, 1(20KB) LOS objects, 23% free, 51MB/67MB, paused 321us total 21.020ms
08-05 16:11:53.298 17259 17529 I art     : Starting a blocking GC Explicit
08-05 16:11:53.316 17259 17529 I art     : Explicit concurrent mark sweep GC freed 20(704B) AllocSpace objects, 0(0B) LOS objects, 23% free, 51MB/67MB, paused 236us total 17.595ms
08-05 16:11:53.323 17259 17529 I art     : Starting a blocking GC Explicit
08-05 16:11:53.338 17259 17529 I art     : Explicit concurrent mark sweep GC freed 3(96B) AllocSpace objects, 0(0B) LOS objects, 23% free, 51MB/67MB, paused 211us total 14.075ms
08-05 16:11:53.344 17259 17529 I art     : Starting a blocking GC Explicit
08-05 16:11:53.359 17259 17529 I art     : Explicit concurrent mark sweep GC freed 3(96B) AllocSpace objects, 0(0B) LOS objects, 23% free, 51MB/67MB, paused 211us total 14.543ms
08-05 16:11:53.365 17259 17529 I art     : Starting a blocking GC Explicit
08-05 16:11:53.379 17259 17529 I art     : Explicit concurrent mark sweep GC freed 3(96B) AllocSpace objects, 0(0B) LOS objects, 23% free, 51MB/67MB, paused 206us total 13.651ms
08-05 16:11:53.681 17259 17272 I art     : Starting a blocking GC Explicit
08-05 16:11:53.701 17259 17272 I art     : Explicit concurrent mark sweep GC freed 1340(78KB) AllocSpace objects, 1(20KB) LOS objects, 23% free, 51MB/67MB, paused 259us total 20.026ms
08-05 16:11:53.711 17259 17272 I art     : Starting a blocking GC Explicit
08-05 16:11:53.726 17259 17272 I art     : Explicit concurrent mark sweep GC freed 20(704B) AllocSpace objects, 0(0B) LOS objects, 23% free, 51MB/67MB, paused 210us total 14.742ms
08-05 16:11:53.732 17259 17272 I art     : Starting a blocking GC Explicit
08-05 16:11:53.747 17259 17272 I art     : Explicit concurrent mark sweep GC freed 3(96B) AllocSpace objects, 0(0B) LOS objects, 23% free, 51MB/67MB, paused 205us total 14.182ms
08-05 16:11:53.753 17259 17272 I art     : Starting a blocking GC Explicit
08-05 16:11:53.767 17259 17272 I art     : Explicit concurrent mark sweep GC freed 3(96B) AllocSpace objects, 0(0B) LOS objects, 23% free, 51MB/67MB, paused 213us total 14.054ms
08-05 16:11:53.774 17259 17272 I art     : Starting a blocking GC Explicit
08-05 16:11:53.788 17259 17272 I art     : Explicit concurrent mark sweep GC freed 3(96B) AllocSpace objects, 0(0B) LOS objects, 23% free, 51MB/67MB, paused 243us total 14.001ms
08-05 16:11:54.074 17259 17271 I art     : Starting a blocking GC Explicit
08-05 16:11:54.089 17259 17271 I art     : Explicit concurrent mark sweep GC freed 1340(78KB) AllocSpace objects, 1(20KB) LOS objects, 23% free, 51MB/67MB, paused 252us total 14.934ms
08-05 16:11:54.095 17259 17271 I art     : Starting a blocking GC Explicit
08-05 16:11:54.110 17259 17271 I art     : Explicit concurrent mark sweep GC freed 20(704B) AllocSpace objects, 0(0B) LOS objects, 23% free, 51MB/67MB, paused 208us total 14.485ms
08-05 16:11:54.117 17259 17271 I art     : Starting a blocking GC Explicit
08-05 16:11:54.131 17259 17271 I art     : Explicit concurrent mark sweep GC freed 3(96B) AllocSpace objects, 0(0B) LOS objects, 23% free, 51MB/67MB, paused 210us total 14.375ms
08-05 16:11:54.138 17259 17271 I art     : Starting a blocking GC Explicit
08-05 16:11:54.153 17259 17271 I art     : Explicit concurrent mark sweep GC freed 3(96B) AllocSpace objects, 0(0B) LOS objects, 23% free, 51MB/67MB, paused 210us total 14.199ms
08-05 16:11:54.159 17259 17271 I art     : Starting a blocking GC Explicit
08-05 16:11:54.173 17259 17271 I art     : Explicit concurrent mark sweep GC freed 3(96B) AllocSpace objects, 0(0B) LOS objects, 23% free, 51MB/67MB, paused 206us total 13.689ms
08-05 16:11:54.474 17259 17294 I art     : Starting a blocking GC Explicit
08-05 16:11:54.495 17259 17294 I art     : Explicit concurrent mark sweep GC freed 1340(78KB) AllocSpace objects, 1(20KB) LOS objects, 23% free, 51MB/67MB, paused 258us total 20.479ms
08-05 16:11:54.505 17259 17294 I art     : Starting a blocking GC Explicit
08-05 16:11:54.524 17259 17294 I art     : Explicit concurrent mark sweep GC freed 20(704B) AllocSpace objects, 0(0B) LOS objects, 23% free, 51MB/67MB, paused 232us total 17.998ms
08-05 16:11:54.532 17259 17294 I art     : Starting a blocking GC Explicit
08-05 16:11:54.547 17259 17294 I art     : Explicit concurrent mark sweep GC freed 3(96B) AllocSpace objects, 0(0B) LOS objects, 23% free, 51MB/67MB, paused 212us total 14.678ms
08-05 16:11:54.553 17259 17294 I art     : Starting a blocking GC Explicit
08-05 16:11:54.568 17259 17294 I art     : Explicit concurrent mark sweep GC freed 3(96B) AllocSpace objects, 0(0B) LOS objects, 23% free, 51MB/67MB, paused 337us total 14.640ms
08-05 16:11:54.574 17259 17294 I art     : Starting a blocking GC Explicit
08-05 16:11:54.588 17259 17294 I art     : Explicit concurrent mark sweep GC freed 3(96B) AllocSpace objects, 0(0B) LOS objects, 23% free, 51MB/67MB, paused 197us total 13.661ms
08-05 16:11:54.915 17259 17529 I art     : Starting a blocking GC Explicit
08-05 16:11:54.935 17259 17529 I art     : Explicit concurrent mark sweep GC freed 1340(78KB) AllocSpace objects, 1(20KB) LOS objects, 23% free, 51MB/67MB, paused 251us total 20.167ms
08-05 16:11:54.945 17259 17529 I art     : Starting a blocking GC Explicit
08-05 16:11:54.964 17259 17529 I art     : Explicit concurrent mark sweep GC freed 20(704B) AllocSpace objects, 0(0B) LOS objects, 23% free, 51MB/67MB, paused 241us total 17.892ms
08-05 16:11:54.974 17259 17529 I art     : Starting a blocking GC Explicit
08-05 16:11:54.988 17259 17529 I art     : Explicit concurrent mark sweep GC freed 3(96B) AllocSpace objects, 0(0B) LOS objects, 23% free, 51MB/67MB, paused 210us total 14.624ms
08-05 16:11:54.995 17259 17529 I art     : Starting a blocking GC Explicit
08-05 16:11:55.010 17259 17529 I art     : Explicit concurrent mark sweep GC freed 3(96B) AllocSpace objects, 0(0B) LOS objects, 23% free, 51MB/67MB, paused 241us total 14.513ms
08-05 16:11:55.017 17259 17529 I art     : Starting a blocking GC Explicit
08-05 16:11:55.031 17259 17529 I art     : Explicit concurrent mark sweep GC freed 3(96B) AllocSpace objects, 0(0B) LOS objects, 23% free, 51MB/67MB, paused 213us total 13.784ms
08-05 16:11:55.249 12631 12631 I ServiceManager: Waiting for service AtCmdFwd...
08-05 16:11:55.346 17259 17272 I art     : Starting a blocking GC Explicit
08-05 16:11:55.367 17259 17272 I art     : Explicit concurrent mark sweep GC freed 1340(78KB) AllocSpace objects, 1(20KB) LOS objects, 23% free, 51MB/67MB, paused 255us total 20.185ms
08-05 16:11:55.377 17259 17272 I art     : Starting a blocking GC Explicit
08-05 16:11:55.395 17259 17272 I art     : Explicit concurrent mark sweep GC freed 20(704B) AllocSpace objects, 0(0B) LOS objects, 23% free, 51MB/67MB, paused 233us total 17.887ms
08-05 16:11:55.402 17259 17272 I art     : Starting a blocking GC Explicit
08-05 16:11:55.417 17259 17272 I art     : Explicit concurrent mark sweep GC freed 3(96B) AllocSpace objects, 0(0B) LOS objects, 23% free, 51MB/67MB, paused 293us total 14.452ms
08-05 16:11:55.423 17259 17272 I art     : Starting a blocking GC Explicit
08-05 16:11:55.438 17259 17272 I art     : Explicit concurrent mark sweep GC freed 3(96B) AllocSpace objects, 0(0B) LOS objects, 23% free, 51MB/67MB, paused 210us total 14.251ms
08-05 16:11:55.444 17259 17272 I art     : Starting a blocking GC Explicit
08-05 16:11:55.458 17259 17272 I art     : Explicit concurrent mark sweep GC freed 3(96B) AllocSpace objects, 0(0B) LOS objects, 23% free, 51MB/67MB, paused 210us total 13.628ms
08-05 16:11:55.765 17259 17271 I art     : Starting a blocking GC Explicit
08-05 16:11:55.785 17259 17271 I art     : Explicit concurrent mark sweep GC freed 1340(78KB) AllocSpace objects, 1(20KB) LOS objects, 23% free, 51MB/67MB, paused 251us total 19.676ms
08-05 16:11:55.795 17259 17271 I art     : Starting a blocking GC Explicit
08-05 16:11:55.810 17259 17271 I art     : Explicit concurrent mark sweep GC freed 20(704B) AllocSpace objects, 0(0B) LOS objects, 23% free, 51MB/67MB, paused 223us total 14.307ms
08-05 16:11:55.817 17259 17271 I art     : Starting a blocking GC Explicit
08-05 16:11:55.831 17259 17271 I art     : Explicit concurrent mark sweep GC freed 3(96B) AllocSpace objects, 0(0B) LOS objects, 23% free, 51MB/67MB, paused 205us total 13.315ms
08-05 16:11:55.837 17259 17271 I art     : Starting a blocking GC Explicit
08-05 16:11:55.850 17259 17271 I art     : Explicit concurrent mark sweep GC freed 3(96B) AllocSpace objects, 0(0B) LOS objects, 23% free, 51MB/67MB, paused 200us total 13.435ms
08-05 16:11:55.856 17259 17271 I art     : Starting a blocking GC Explicit
08-05 16:11:55.871 17259 17271 I art     : Explicit concurrent mark sweep GC freed 3(96B) AllocSpace objects, 0(0B) LOS objects, 23% free, 51MB/67MB, paused 210us total 14.083ms
08-05 16:11:56.192 17259 17294 I art     : Starting a blocking GC Explicit
08-05 16:11:56.214 17259 17294 I art     : Explicit concurrent mark sweep GC freed 1340(78KB) AllocSpace objects, 1(20KB) LOS objects, 23% free, 51MB/67MB, paused 254us total 22.310ms
08-05 16:11:56.225 17259 17294 I art     : Starting a blocking GC Explicit
08-05 16:11:56.243 17259 17294 I art     : Explicit concurrent mark sweep GC freed 20(704B) AllocSpace objects, 0(0B) LOS objects, 23% free, 51MB/67MB, paused 208us total 17.303ms
08-05 16:11:56.249 17259 17294 I art     : Starting a blocking GC Explicit
08-05 16:11:56.250 12631 12631 I ServiceManager: Waiting for service AtCmdFwd...
08-05 16:11:56.264 17259 17294 I art     : Explicit concurrent mark sweep GC freed 3(96B) AllocSpace objects, 0(0B) LOS objects, 23% free, 51MB/67MB, paused 209us total 13.867ms
08-05 16:11:56.270 17259 17294 I art     : Starting a blocking GC Explicit
08-05 16:11:56.283 17259 17294 I art     : Explicit concurrent mark sweep GC freed 3(96B) AllocSpace objects, 0(0B) LOS objects, 23% free, 51MB/67MB, paused 193us total 11.873ms
08-05 16:11:56.289 17259 17294 I art     : Starting a blocking GC Explicit
08-05 16:11:56.301 17259 17294 I art     : Explicit concurrent mark sweep GC freed 3(96B) AllocSpace objects, 0(0B) LOS objects, 23% free, 51MB/67MB, paused 199us total 12.097ms
08-05 16:11:56.590 17259 17529 I art     : Starting a blocking GC Explicit
08-05 16:11:56.591 17743 17743 D AndroidRuntime: >>>>>> START com.android.internal.os.RuntimeInit uid 2000 <<<<<<
08-05 16:11:56.598 17743 17743 D AndroidRuntime: CheckJNI is OFF
08-05 16:11:56.609 17259 17529 I art     : Explicit concurrent mark sweep GC freed 1340(78KB) AllocSpace objects, 1(20KB) LOS objects, 23% free, 51MB/67MB, paused 251us total 18.799ms
08-05 16:11:56.616 17259 17529 I art     : Starting a blocking GC Explicit
08-05 16:11:56.629 17259 17529 I art     : Explicit concurrent mark sweep GC freed 20(704B) AllocSpace objects, 0(0B) LOS objects, 23% free, 51MB/67MB, paused 257us total 13.585ms
08-05 16:11:56.629 17743 17743 D ICU     : No timezone override file found: /data/misc/zoneinfo/current/icu/icu_tzdata.dat
08-05 16:11:56.636 17259 17529 I art     : Starting a blocking GC Explicit
08-05 16:11:56.648 17259 17529 I art     : Explicit concurrent mark sweep GC freed 3(96B) AllocSpace objects, 0(0B) LOS objects, 23% free, 51MB/67MB, paused 217us total 12.471ms
08-05 16:11:56.654 17259 17529 I art     : Starting a blocking GC Explicit
08-05 16:11:56.655 17743 17743 I Radio-JNI: register_android_hardware_Radio DONE
08-05 16:11:56.667 17259 17529 I art     : Explicit concurrent mark sweep GC freed 3(96B) AllocSpace objects, 0(0B) LOS objects, 23% free, 51MB/67MB, paused 227us total 12.582ms
08-05 16:11:56.671 17743 17743 D AndroidRuntime: Calling main entry com.android.commands.input.Input
08-05 16:11:56.672 17743 17743 I Input   : injectMotionEvent: MotionEvent { action=ACTION_DOWN, actionButton=0, id[0]=0, x[0]=733.0, y[0]=645.0, toolType[0]=TOOL_TYPE_UNKNOWN, buttonState=0, metaState=0, flags=0x0, edgeFlags=0x0, pointerCount=1, historySize=0, eventTime=807133085, downTime=807133085, deviceId=0, source=0x1002 }
08-05 16:11:56.673 17259 17529 I art     : Starting a blocking GC Explicit
08-05 16:11:56.680 17743 17743 I Input   : injectMotionEvent: MotionEvent { action=ACTION_UP, actionButton=0, id[0]=0, x[0]=733.0, y[0]=645.0, toolType[0]=TOOL_TYPE_UNKNOWN, buttonState=0, metaState=0, flags=0x0, edgeFlags=0x0, pointerCount=1, historySize=0, eventTime=807133085, downTime=807133085, deviceId=0, source=0x1002 }
08-05 16:11:56.682   918  3670 I ActivityManager: START u0 {cmp=baseline.appteam.nith.hillffair/.activities.ClubActivity (has extras)} from uid 10675 on display 0
08-05 16:11:56.686 17259 17529 I art     : Explicit concurrent mark sweep GC freed 4(4KB) AllocSpace objects, 0(0B) LOS objects, 23% free, 51MB/67MB, paused 404us total 13.235ms
08-05 16:11:56.688 17743 17743 D AndroidRuntime: Shutting down VM
08-05 16:11:56.697   918   937 W ProcessCpuTracker: Skipping unknown process pid 17751
08-05 16:11:56.698   918   937 W ProcessCpuTracker: Skipping unknown process pid 17753
08-05 16:11:56.698   918   937 W ProcessCpuTracker: Skipping unknown process pid 17754
08-05 16:11:56.773   918   936 I ActivityManager: Displayed baseline.appteam.nith.hillffair/.activities.ClubActivity: +84ms
08-05 16:11:56.773 13866 13866 I GoogleInputMethodServic: GoogleInputMethodService.onFinishInput():3138 
08-05 16:11:56.774 13866 13866 I GoogleInputMethodServic: GoogleInputMethodService.onStartInput():1808 
08-05 16:11:56.910 17259 17271 I art     : Starting a blocking GC Explicit
08-05 16:11:56.934 17259 17271 I art     : Explicit concurrent mark sweep GC freed 5272(324KB) AllocSpace objects, 1(20KB) LOS objects, 23% free, 52MB/68MB, paused 277us total 23.544ms
08-05 16:11:56.944 17259 17271 I art     : Starting a blocking GC Explicit
08-05 16:11:56.964 17259 17271 I art     : Explicit concurrent mark sweep GC freed 213(9KB) AllocSpace objects, 0(0B) LOS objects, 23% free, 52MB/68MB, paused 286us total 19.139ms
08-05 16:11:56.972 17259 17271 I art     : Starting a blocking GC Explicit
08-05 16:11:56.990 17259 17271 I art     : Explicit concurrent mark sweep GC freed 3(96B) AllocSpace objects, 0(0B) LOS objects, 23% free, 52MB/68MB, paused 248us total 17.315ms
08-05 16:11:56.999 17259 17271 I art     : Starting a blocking GC Explicit
08-05 16:11:57.019 17259 17271 I art     : Explicit concurrent mark sweep GC freed 3(96B) AllocSpace objects, 0(0B) LOS objects, 23% free, 52MB/68MB, paused 268us total 19.680ms
08-05 16:11:57.026 17259 17271 I art     : Starting a blocking GC Explicit
08-05 16:11:57.030   380   380 W SurfaceFlinger: couldn't log to binary event log: overflow.
08-05 16:11:57.045 17259 17271 I art     : Explicit concurrent mark sweep GC freed 3(96B) AllocSpace objects, 0(0B) LOS objects, 23% free, 52MB/68MB, paused 248us total 18.005ms
08-05 16:11:57.251 12631 12631 I ServiceManager: Waiting for service AtCmdFwd...
08-05 16:11:57.266 17259 17766 D OkHttp  : --> GET https://api-hillfair-2k16.herokuapp.com/api/app/events/special/event?id=5806551bdcba0f490c70fd1f http/1.1
08-05 16:11:57.305 17259 17766 D OkHttp  : <-- 200 OK https://api-hillfair-2k16.herokuapp.com/api/app/events/special/event?id=5806551bdcba0f490c70fd1f (39ms, 795-byte body)
08-05 16:11:57.316 17259 17294 I art     : Starting a blocking GC Explicit
08-05 16:11:57.334 17259 17294 I art     : Explicit concurrent mark sweep GC freed 4285(257KB) AllocSpace objects, 4(220KB) LOS objects, 23% free, 52MB/68MB, paused 284us total 17.768ms
08-05 16:11:57.341 17259 17294 I art     : Starting a blocking GC Explicit
08-05 16:11:57.357 17259 17294 I art     : Explicit concurrent mark sweep GC freed 996(118KB) AllocSpace objects, 0(0B) LOS objects, 23% free, 52MB/68MB, paused 250us total 15.242ms
08-05 16:11:57.363 17259 17294 I art     : Starting a blocking GC Explicit
08-05 16:11:57.364 17259 17259 I NAPPA_EXPERIMENTATION: MetricNetworkRequestExecutionTime: REQUEST_DURATION_SYSTEM='651',REQUEST_DURATION_OKHTTP='39',REQUEST_SYNCHRONOUS='FALSE',RESPONSE_CODE='200',RESPONSE_METHOD='GET',RESPONSE_LENGTH_OKHTTP='795',RESPONSE_LENGTH_HEADER='795',REQUEST_PROTOCOL='http/1.1',REQUEST_URL='https://api-hillfair-2k16.herokuapp.com/api/app/events/special/event?id=5806551bdcba0f490c70fd1f',
08-05 16:11:57.378 17259 17294 I art     : Explicit concurrent mark sweep GC freed 558(65KB) AllocSpace objects, 0(0B) LOS objects, 23% free, 52MB/68MB, paused 257us total 14.788ms
08-05 16:11:57.385 17259 17294 I art     : Starting a blocking GC Explicit
08-05 16:11:57.398 17259 17294 I art     : Explicit concurrent mark sweep GC freed 87(3KB) AllocSpace objects, 0(0B) LOS objects, 23% free, 52MB/68MB, paused 230us total 13.114ms
08-05 16:11:57.404 17259 17294 I art     : Starting a blocking GC Explicit
08-05 16:11:57.417 17259 17294 I art     : Explicit concurrent mark sweep GC freed 21(12KB) AllocSpace objects, 0(0B) LOS objects, 23% free, 52MB/68MB, paused 274us total 13.242ms
08-05 16:11:57.692 17259 17294 I art     : Starting a blocking GC Explicit
08-05 16:11:57.708 17259 17294 I art     : Explicit concurrent mark sweep GC freed 1366(86KB) AllocSpace objects, 1(20KB) LOS objects, 23% free, 52MB/68MB, paused 236us total 16.306ms
08-05 16:11:57.715 17259 17294 I art     : Starting a blocking GC Explicit
08-05 16:11:57.729 17259 17294 I art     : Explicit concurrent mark sweep GC freed 23(800B) AllocSpace objects, 0(0B) LOS objects, 23% free, 52MB/68MB, paused 205us total 13.951ms
08-05 16:11:57.735 17259 17294 I art     : Starting a blocking GC Explicit
08-05 16:11:57.749 17259 17294 I art     : Explicit concurrent mark sweep GC freed 3(96B) AllocSpace objects, 0(0B) LOS objects, 23% free, 52MB/68MB, paused 224us total 13.164ms
08-05 16:11:57.755 17259 17294 I art     : Starting a blocking GC Explicit
08-05 16:11:57.768 17259 17294 I art     : Explicit concurrent mark sweep GC freed 3(96B) AllocSpace objects, 0(0B) LOS objects, 23% free, 52MB/68MB, paused 211us total 13.036ms
08-05 16:11:57.774 17259 17294 I art     : Starting a blocking GC Explicit
08-05 16:11:57.787 17259 17294 I art     : Explicit concurrent mark sweep GC freed 19(656B) AllocSpace objects, 0(0B) LOS objects, 23% free, 52MB/68MB, paused 231us total 12.883ms
08-05 16:11:58.062 17259 17272 I art     : Starting a blocking GC Explicit
08-05 16:11:58.089 17259 17272 I art     : Explicit concurrent mark sweep GC freed 1341(78KB) AllocSpace objects, 1(20KB) LOS objects, 23% free, 52MB/68MB, paused 291us total 26.784ms
08-05 16:11:58.100 17259 17272 I art     : Starting a blocking GC Explicit
08-05 16:11:58.119 17259 17272 I art     : Explicit concurrent mark sweep GC freed 20(704B) AllocSpace objects, 0(0B) LOS objects, 23% free, 52MB/68MB, paused 237us total 19.112ms
08-05 16:11:58.126 17259 17272 I art     : Starting a blocking GC Explicit
08-05 16:11:58.141 17259 17272 I art     : Explicit concurrent mark sweep GC freed 3(96B) AllocSpace objects, 0(0B) LOS objects, 23% free, 52MB/68MB, paused 237us total 15.282ms
08-05 16:11:58.148 17259 17272 I art     : Starting a blocking GC Explicit
08-05 16:11:58.164 17259 17272 I art     : Explicit concurrent mark sweep GC freed 3(96B) AllocSpace objects, 0(0B) LOS objects, 23% free, 52MB/68MB, paused 250us total 15.385ms
08-05 16:11:58.171 17259 17272 I art     : Starting a blocking GC Explicit
08-05 16:11:58.186 17259 17272 I art     : Explicit concurrent mark sweep GC freed 3(96B) AllocSpace objects, 0(0B) LOS objects, 23% free, 52MB/68MB, paused 240us total 14.843ms
08-05 16:11:58.251 12631 12631 I ServiceManager: Waiting for service AtCmdFwd...
08-05 16:11:58.464 17259 17271 I art     : Starting a blocking GC Explicit
08-05 16:11:58.490 17259 17271 I art     : Explicit concurrent mark sweep GC freed 1341(78KB) AllocSpace objects, 1(20KB) LOS objects, 23% free, 52MB/68MB, paused 249us total 25.513ms
08-05 16:11:58.503 17259 17271 I art     : Starting a blocking GC Explicit
08-05 16:11:58.518 17259 17271 I art     : Explicit concurrent mark sweep GC freed 20(704B) AllocSpace objects, 0(0B) LOS objects, 23% free, 52MB/68MB, paused 224us total 14.718ms
08-05 16:11:58.524 17259 17271 I art     : Starting a blocking GC Explicit
08-05 16:11:58.538 17259 17271 I art     : Explicit concurrent mark sweep GC freed 3(96B) AllocSpace objects, 0(0B) LOS objects, 23% free, 52MB/68MB, paused 220us total 14.059ms
08-05 16:11:58.544 17259 17271 I art     : Starting a blocking GC Explicit
08-05 16:11:58.559 17259 17271 I art     : Explicit concurrent mark sweep GC freed 3(96B) AllocSpace objects, 0(0B) LOS objects, 23% free, 52MB/68MB, paused 223us total 14.890ms
08-05 16:11:58.566 17259 17271 I art     : Starting a blocking GC Explicit
08-05 16:11:58.580 17259 17271 I art     : Explicit concurrent mark sweep GC freed 3(96B) AllocSpace objects, 0(0B) LOS objects, 23% free, 52MB/68MB, paused 226us total 14.596ms
08-05 16:11:58.888 17259 17294 I art     : Starting a blocking GC Explicit
08-05 16:11:58.915 17259 17294 I art     : Explicit concurrent mark sweep GC freed 1341(78KB) AllocSpace objects, 1(20KB) LOS objects, 23% free, 52MB/68MB, paused 346us total 26.209ms
08-05 16:11:58.926 17259 17294 I art     : Starting a blocking GC Explicit
08-05 16:11:58.941 17259 17294 I art     : Explicit concurrent mark sweep GC freed 20(704B) AllocSpace objects, 0(0B) LOS objects, 23% free, 52MB/68MB, paused 214us total 14.912ms
08-05 16:11:58.948 17259 17294 I art     : Starting a blocking GC Explicit
08-05 16:11:58.963 17259 17294 I art     : Explicit concurrent mark sweep GC freed 3(96B) AllocSpace objects, 0(0B) LOS objects, 23% free, 52MB/68MB, paused 241us total 14.458ms
08-05 16:11:58.969 17259 17294 I art     : Starting a blocking GC Explicit
08-05 16:11:58.984 17259 17294 I art     : Explicit concurrent mark sweep GC freed 3(96B) AllocSpace objects, 0(0B) LOS objects, 23% free, 52MB/68MB, paused 225us total 14.546ms
08-05 16:11:58.990 17259 17294 I art     : Starting a blocking GC Explicit
08-05 16:11:59.005 17259 17294 I art     : Explicit concurrent mark sweep GC freed 3(96B) AllocSpace objects, 0(0B) LOS objects, 23% free, 52MB/68MB, paused 221us total 14.535ms
08-05 16:11:59.252 12631 12631 I ServiceManager: Waiting for service AtCmdFwd...
08-05 16:11:59.322 17259 17529 I art     : Starting a blocking GC Explicit
08-05 16:11:59.339 17259 17529 I art     : Explicit concurrent mark sweep GC freed 1341(78KB) AllocSpace objects, 1(20KB) LOS objects, 23% free, 52MB/68MB, paused 249us total 17.049ms
08-05 16:11:59.346 17259 17529 I art     : Starting a blocking GC Explicit
08-05 16:11:59.362 17259 17529 I art     : Explicit concurrent mark sweep GC freed 20(704B) AllocSpace objects, 0(0B) LOS objects, 23% free, 52MB/68MB, paused 225us total 15.473ms
08-05 16:11:59.369 17259 17529 I art     : Starting a blocking GC Explicit
08-05 16:11:59.385 17259 17529 I art     : Explicit concurrent mark sweep GC freed 3(96B) AllocSpace objects, 0(0B) LOS objects, 23% free, 52MB/68MB, paused 248us total 15.447ms
08-05 16:11:59.391 17259 17529 I art     : Starting a blocking GC Explicit
08-05 16:11:59.406 17259 17529 I art     : Explicit concurrent mark sweep GC freed 3(96B) AllocSpace objects, 0(0B) LOS objects, 23% free, 52MB/68MB, paused 226us total 14.871ms
08-05 16:11:59.413 17259 17529 I art     : Starting a blocking GC Explicit
08-05 16:11:59.428 17259 17529 I art     : Explicit concurrent mark sweep GC freed 3(96B) AllocSpace objects, 0(0B) LOS objects, 23% free, 52MB/68MB, paused 226us total 15.063ms
08-05 16:11:59.735 17259 17272 I art     : Starting a blocking GC Explicit
08-05 16:11:59.757 17259 17272 I art     : Explicit concurrent mark sweep GC freed 1341(78KB) AllocSpace objects, 1(20KB) LOS objects, 23% free, 52MB/68MB, paused 284us total 21.204ms
08-05 16:11:59.766 17259 17272 I art     : Starting a blocking GC Explicit
08-05 16:11:59.782 17259 17272 I art     : Explicit concurrent mark sweep GC freed 20(704B) AllocSpace objects, 0(0B) LOS objects, 23% free, 52MB/68MB, paused 239us total 15.544ms
08-05 16:11:59.789 17259 17272 I art     : Starting a blocking GC Explicit
08-05 16:11:59.804 17259 17272 I art     : Explicit concurrent mark sweep GC freed 3(96B) AllocSpace objects, 0(0B) LOS objects, 23% free, 52MB/68MB, paused 222us total 15.192ms
08-05 16:11:59.811 17259 17272 I art     : Starting a blocking GC Explicit
08-05 16:11:59.826 17259 17272 I art     : Explicit concurrent mark sweep GC freed 3(96B) AllocSpace objects, 0(0B) LOS objects, 23% free, 52MB/68MB, paused 241us total 14.931ms
08-05 16:11:59.833 17259 17272 I art     : Starting a blocking GC Explicit
08-05 16:11:59.848 17259 17272 I art     : Explicit concurrent mark sweep GC freed 3(96B) AllocSpace objects, 0(0B) LOS objects, 23% free, 52MB/68MB, paused 229us total 15.022ms
08-05 16:12:00.172 17259 17271 I art     : Starting a blocking GC Explicit
08-05 16:12:00.190 17259 17271 I art     : Explicit concurrent mark sweep GC freed 1341(78KB) AllocSpace objects, 1(20KB) LOS objects, 23% free, 52MB/68MB, paused 235us total 18.508ms
08-05 16:12:00.199 17259 17271 I art     : Starting a blocking GC Explicit
08-05 16:12:00.214 17259 17271 I art     : Explicit concurrent mark sweep GC freed 20(704B) AllocSpace objects, 0(0B) LOS objects, 23% free, 52MB/68MB, paused 217us total 14.452ms
08-05 16:12:00.220 17259 17271 I art     : Starting a blocking GC Explicit
08-05 16:12:00.235 17259 17271 I art     : Explicit concurrent mark sweep GC freed 3(96B) AllocSpace objects, 0(0B) LOS objects, 23% free, 52MB/68MB, paused 219us total 14.380ms
08-05 16:12:00.241 17259 17271 I art     : Starting a blocking GC Explicit
08-05 16:12:00.252 12631 12631 W Atfwd_Sendcmd: AtCmdFwd service not published, waiting... retryCnt : 1
08-05 16:12:00.256 17259 17271 I art     : Explicit concurrent mark sweep GC freed 3(96B) AllocSpace objects, 0(0B) LOS objects, 23% free, 52MB/68MB, paused 218us total 14.322ms
08-05 16:12:00.262 17259 17271 I art     : Starting a blocking GC Explicit
08-05 16:12:00.276 17259 17271 I art     : Explicit concurrent mark sweep GC freed 3(96B) AllocSpace objects, 0(0B) LOS objects, 23% free, 52MB/68MB, paused 219us total 14.214ms
08-05 16:12:00.591 17259 17294 I art     : Starting a blocking GC Explicit
08-05 16:12:00.618 17259 17294 I art     : Explicit concurrent mark sweep GC freed 1341(78KB) AllocSpace objects, 1(20KB) LOS objects, 23% free, 52MB/68MB, paused 343us total 26.361ms
08-05 16:12:00.629 17259 17294 I art     : Starting a blocking GC Explicit
08-05 16:12:00.647 17259 17294 I art     : Explicit concurrent mark sweep GC freed 20(704B) AllocSpace objects, 0(0B) LOS objects, 23% free, 52MB/68MB, paused 250us total 17.826ms
08-05 16:12:00.654 17259 17294 I art     : Starting a blocking GC Explicit
08-05 16:12:00.669 17259 17294 I art     : Explicit concurrent mark sweep GC freed 3(96B) AllocSpace objects, 0(0B) LOS objects, 23% free, 52MB/68MB, paused 228us total 15.381ms
08-05 16:12:00.677 17259 17294 I art     : Starting a blocking GC Explicit
08-05 16:12:00.692 17259 17294 I art     : Explicit concurrent mark sweep GC freed 3(96B) AllocSpace objects, 0(0B) LOS objects, 23% free, 52MB/68MB, paused 215us total 14.809ms
08-05 16:12:00.698 17259 17294 I art     : Starting a blocking GC Explicit
08-05 16:12:00.713 17259 17294 I art     : Explicit concurrent mark sweep GC freed 3(96B) AllocSpace objects, 0(0B) LOS objects, 23% free, 52MB/68MB, paused 217us total 14.657ms
08-05 16:12:01.026 17259 17529 I art     : Starting a blocking GC Explicit
08-05 16:12:01.048 17259 17529 I art     : Explicit concurrent mark sweep GC freed 1341(78KB) AllocSpace objects, 1(20KB) LOS objects, 23% free, 52MB/68MB, paused 310us total 21.651ms
08-05 16:12:01.058 17259 17529 I art     : Starting a blocking GC Explicit
08-05 16:12:01.077 17259 17529 I art     : Explicit concurrent mark sweep GC freed 20(704B) AllocSpace objects, 0(0B) LOS objects, 23% free, 52MB/68MB, paused 306us total 18.774ms
08-05 16:12:01.084 17259 17529 I art     : Starting a blocking GC Explicit
08-05 16:12:01.100 17259 17529 I art     : Explicit concurrent mark sweep GC freed 3(96B) AllocSpace objects, 0(0B) LOS objects, 23% free, 52MB/68MB, paused 225us total 15.364ms
08-05 16:12:01.107 17259 17529 I art     : Starting a blocking GC Explicit
08-05 16:12:01.122 17259 17529 I art     : Explicit concurrent mark sweep GC freed 3(96B) AllocSpace objects, 0(0B) LOS objects, 23% free, 52MB/68MB, paused 223us total 15.304ms
08-05 16:12:01.129 17259 17529 I art     : Starting a blocking GC Explicit
08-05 16:12:01.143 17259 17529 I art     : Explicit concurrent mark sweep GC freed 3(96B) AllocSpace objects, 0(0B) LOS objects, 23% free, 52MB/68MB, paused 215us total 14.677ms
08-05 16:12:01.454 17259 17272 I art     : Starting a blocking GC Explicit
08-05 16:12:01.480 17259 17272 I art     : Explicit concurrent mark sweep GC freed 1341(78KB) AllocSpace objects, 1(20KB) LOS objects, 23% free, 52MB/68MB, paused 339us total 25.644ms
08-05 16:12:01.491 17259 17272 I art     : Starting a blocking GC Explicit
08-05 16:12:01.508 17259 17272 I art     : Explicit concurrent mark sweep GC freed 20(704B) AllocSpace objects, 0(0B) LOS objects, 23% free, 52MB/68MB, paused 232us total 16.294ms
08-05 16:12:01.514 17259 17272 I art     : Starting a blocking GC Explicit
08-05 16:12:01.529 17259 17272 I art     : Explicit concurrent mark sweep GC freed 3(96B) AllocSpace objects, 0(0B) LOS objects, 23% free, 52MB/68MB, paused 267us total 14.984ms
08-05 16:12:01.536 17259 17272 I art     : Starting a blocking GC Explicit
08-05 16:12:01.551 17259 17272 I art     : Explicit concurrent mark sweep GC freed 3(96B) AllocSpace objects, 0(0B) LOS objects, 23% free, 52MB/68MB, paused 248us total 14.997ms
08-05 16:12:01.558 17259 17272 I art     : Starting a blocking GC Explicit
08-05 16:12:01.573 17259 17272 I art     : Explicit concurrent mark sweep GC freed 3(96B) AllocSpace objects, 0(0B) LOS objects, 23% free, 52MB/68MB, paused 231us total 15.310ms
08-05 16:12:01.884 17259 17271 I art     : Starting a blocking GC Explicit
08-05 16:12:01.909 17259 17271 I art     : Explicit concurrent mark sweep GC freed 1341(78KB) AllocSpace objects, 1(20KB) LOS objects, 23% free, 52MB/68MB, paused 269us total 24.046ms
08-05 16:12:01.919 17259 17271 I art     : Starting a blocking GC Explicit
08-05 16:12:01.936 17259 17271 I art     : Explicit concurrent mark sweep GC freed 20(704B) AllocSpace objects, 0(0B) LOS objects, 23% free, 52MB/68MB, paused 221us total 16.770ms
08-05 16:12:01.943 17259 17271 I art     : Starting a blocking GC Explicit
08-05 16:12:01.959 17259 17271 I art     : Explicit concurrent mark sweep GC freed 3(96B) AllocSpace objects, 0(0B) LOS objects, 23% free, 52MB/68MB, paused 224us total 15.471ms
08-05 16:12:01.965 17259 17271 I art     : Starting a blocking GC Explicit
08-05 16:12:01.981 17259 17271 I art     : Explicit concurrent mark sweep GC freed 3(96B) AllocSpace objects, 0(0B) LOS objects, 23% free, 52MB/68MB, paused 240us total 15.101ms
08-05 16:12:01.987 17259 17271 I art     : Starting a blocking GC Explicit
08-05 16:12:02.003 17259 17271 I art     : Explicit concurrent mark sweep GC freed 3(96B) AllocSpace objects, 0(0B) LOS objects, 23% free, 52MB/68MB, paused 217us total 14.963ms
08-05 16:12:02.335 17259 17294 I art     : Starting a blocking GC Explicit
08-05 16:12:02.359 17259 17294 I art     : Explicit concurrent mark sweep GC freed 1532(90KB) AllocSpace objects, 1(20KB) LOS objects, 23% free, 52MB/68MB, paused 349us total 23.199ms
08-05 16:12:02.369 17259 17294 I art     : Starting a blocking GC Explicit
08-05 16:12:02.386 17259 17294 I art     : Explicit concurrent mark sweep GC freed 27(944B) AllocSpace objects, 0(0B) LOS objects, 23% free, 52MB/68MB, paused 263us total 16.581ms
08-05 16:12:02.393 17259 17294 I art     : Starting a blocking GC Explicit
08-05 16:12:02.408 17259 17294 I art     : Explicit concurrent mark sweep GC freed 3(96B) AllocSpace objects, 0(0B) LOS objects, 23% free, 52MB/68MB, paused 273us total 15.214ms
08-05 16:12:02.415 17259 17294 I art     : Starting a blocking GC Explicit
08-05 16:12:02.430 17259 17294 I art     : Explicit concurrent mark sweep GC freed 3(96B) AllocSpace objects, 0(0B) LOS objects, 23% free, 52MB/68MB, paused 265us total 15.186ms
08-05 16:12:02.437 17259 17294 I art     : Starting a blocking GC Explicit
08-05 16:12:02.452 17259 17294 I art     : Explicit concurrent mark sweep GC freed 3(96B) AllocSpace objects, 0(0B) LOS objects, 23% free, 52MB/68MB, paused 294us total 15.177ms
08-05 16:12:02.610 17259 17913 W OneSignal: OneSignalRestClient: POST Error thrown from network stack. 
08-05 16:12:02.610 17259 17913 W OneSignal: java.io.IOException: unexpected end of stream on Connection{api.onesignal.com:443, proxy=HTTP@192.168.2.12:8080 hostAddress=192.168.2.12 cipherSuite=TLS_ECDHE_RSA_WITH_AES_128_GCM_SHA256 protocol=http/1.1} (recycle count=0)
08-05 16:12:02.610 17259 17913 W OneSignal: 	at com.android.okhttp.internal.http.HttpConnection.readResponse(HttpConnection.java:210)
08-05 16:12:02.610 17259 17913 W OneSignal: 	at com.android.okhttp.internal.http.HttpTransport.readResponseHeaders(HttpTransport.java:80)
08-05 16:12:02.610 17259 17913 W OneSignal: 	at com.android.okhttp.internal.http.HttpEngine.readNetworkResponse(HttpEngine.java:904)
08-05 16:12:02.610 17259 17913 W OneSignal: 	at com.android.okhttp.internal.http.HttpEngine.readResponse(HttpEngine.java:788)
08-05 16:12:02.610 17259 17913 W OneSignal: 	at com.android.okhttp.internal.huc.HttpURLConnectionImpl.execute(HttpURLConnectionImpl.java:439)
08-05 16:12:02.610 17259 17913 W OneSignal: 	at com.android.okhttp.internal.huc.HttpURLConnectionImpl.getResponse(HttpURLConnectionImpl.java:384)
08-05 16:12:02.610 17259 17913 W OneSignal: 	at com.android.okhttp.internal.huc.HttpURLConnectionImpl.getResponseCode(HttpURLConnectionImpl.java:497)
08-05 16:12:02.610 17259 17913 W OneSignal: 	at com.android.okhttp.internal.huc.DelegatingHttpsURLConnection.getResponseCode(DelegatingHttpsURLConnection.java:105)
08-05 16:12:02.610 17259 17913 W OneSignal: 	at com.android.okhttp.internal.huc.HttpsURLConnectionImpl.getResponseCode(HttpsURLConnectionImpl.java)
08-05 16:12:02.610 17259 17913 W OneSignal: 	at com.onesignal.OneSignalRestClient.startHTTPConnection(OneSignalRestClient.java:180)
08-05 16:12:02.610 17259 17913 W OneSignal: 	at com.onesignal.OneSignalRestClient.access$100(OneSignalRestClient.java:44)
08-05 16:12:02.610 17259 17913 W OneSignal: 	at com.onesignal.OneSignalRestClient$4.run(OneSignalRestClient.java:110)
08-05 16:12:02.610 17259 17913 W OneSignal: 	at java.lang.Thread.run(Thread.java:818)
08-05 16:12:02.610 17259 17913 W OneSignal: Caused by: java.io.EOFException: \n not found: size=0 content=...
08-05 16:12:02.610 17259 17913 W OneSignal: 	at com.android.okhttp.okio.RealBufferedSource.readUtf8LineStrict(RealBufferedSource.java:200)
08-05 16:12:02.610 17259 17913 W OneSignal: 	at com.android.okhttp.internal.http.HttpConnection.readResponse(HttpConnection.java:191)
08-05 16:12:02.610 17259 17913 W OneSignal: 	... 12 more
08-05 16:12:02.611 17259 17916 W OneSignal: Failed last request. statusCode: -1
08-05 16:12:02.611 17259 17916 W OneSignal: response: null
08-05 16:12:02.728 17259 17529 I art     : Starting a blocking GC Explicit
08-05 16:12:02.749 17259 17529 I art     : Explicit concurrent mark sweep GC freed 3715(230KB) AllocSpace objects, 1(20KB) LOS objects, 23% free, 52MB/68MB, paused 295us total 20.480ms
08-05 16:12:02.759 17259 17529 I art     : Starting a blocking GC Explicit
08-05 16:12:02.774 17259 17529 I art     : Explicit concurrent mark sweep GC freed 67(2432B) AllocSpace objects, 0(0B) LOS objects, 23% free, 52MB/68MB, paused 230us total 14.729ms
08-05 16:12:02.780 17259 17529 I art     : Starting a blocking GC Explicit
08-05 16:12:02.796 17259 17529 I art     : Explicit concurrent mark sweep GC freed 3(96B) AllocSpace objects, 0(0B) LOS objects, 23% free, 52MB/68MB, paused 229us total 15.076ms
08-05 16:12:02.803 17259 17529 I art     : Starting a blocking GC Explicit
08-05 16:12:02.817 17259 17529 I art     : Explicit concurrent mark sweep GC freed 3(96B) AllocSpace objects, 0(0B) LOS objects, 23% free, 52MB/68MB, paused 235us total 14.602ms
08-05 16:12:02.824 17259 17529 I art     : Starting a blocking GC Explicit
08-05 16:12:02.839 17259 17529 I art     : Explicit concurrent mark sweep GC freed 3(96B) AllocSpace objects, 0(0B) LOS objects, 23% free, 52MB/68MB, paused 226us total 14.692ms
08-05 16:12:03.148 17259 17272 I art     : Starting a blocking GC Explicit
08-05 16:12:03.170 17259 17272 I art     : Explicit concurrent mark sweep GC freed 1341(78KB) AllocSpace objects, 1(20KB) LOS objects, 23% free, 52MB/68MB, paused 281us total 21.622ms
08-05 16:12:03.181 17259 17272 I art     : Starting a blocking GC Explicit
08-05 16:12:03.199 17259 17272 I art     : Explicit concurrent mark sweep GC freed 20(704B) AllocSpace objects, 0(0B) LOS objects, 23% free, 52MB/68MB, paused 241us total 18.420ms
08-05 16:12:03.206 17259 17272 I art     : Starting a blocking GC Explicit
08-05 16:12:03.221 17259 17272 I art     : Explicit concurrent mark sweep GC freed 3(96B) AllocSpace objects, 0(0B) LOS objects, 23% free, 52MB/68MB, paused 236us total 15.033ms
08-05 16:12:03.228 17259 17272 I art     : Starting a blocking GC Explicit
08-05 16:12:03.243 17259 17272 I art     : Explicit concurrent mark sweep GC freed 3(96B) AllocSpace objects, 0(0B) LOS objects, 23% free, 52MB/68MB, paused 233us total 14.874ms
08-05 16:12:03.250 17259 17272 I art     : Starting a blocking GC Explicit
08-05 16:12:03.265 17259 17272 I art     : Explicit concurrent mark sweep GC freed 3(96B) AllocSpace objects, 0(0B) LOS objects, 23% free, 52MB/68MB, paused 242us total 15.185ms
08-05 16:12:03.564 17259 17271 I art     : Starting a blocking GC Explicit
08-05 16:12:03.583 17259 17271 I art     : Explicit concurrent mark sweep GC freed 1341(78KB) AllocSpace objects, 1(20KB) LOS objects, 23% free, 52MB/68MB, paused 409us total 19.043ms
08-05 16:12:03.597 17259 17271 I art     : Starting a blocking GC Explicit
08-05 16:12:03.611 17259 17271 I art     : Explicit concurrent mark sweep GC freed 20(704B) AllocSpace objects, 0(0B) LOS objects, 23% free, 52MB/68MB, paused 230us total 14.257ms
08-05 16:12:03.617 17259 17271 I art     : Starting a blocking GC Explicit
08-05 16:12:03.632 17259 17271 I art     : Explicit concurrent mark sweep GC freed 3(96B) AllocSpace objects, 0(0B) LOS objects, 23% free, 52MB/68MB, paused 223us total 14.269ms
08-05 16:12:03.638 17259 17271 I art     : Starting a blocking GC Explicit
08-05 16:12:03.653 17259 17271 I art     : Explicit concurrent mark sweep GC freed 3(96B) AllocSpace objects, 0(0B) LOS objects, 23% free, 52MB/68MB, paused 209us total 14.268ms
08-05 16:12:03.659 17259 17271 I art     : Starting a blocking GC Explicit
08-05 16:12:03.673 17259 17271 I art     : Explicit concurrent mark sweep GC freed 3(96B) AllocSpace objects, 0(0B) LOS objects, 23% free, 52MB/68MB, paused 222us total 14.218ms
08-05 16:12:03.983 17259 17294 I art     : Starting a blocking GC Explicit
08-05 16:12:04.004 17259 17294 I art     : Explicit concurrent mark sweep GC freed 1341(78KB) AllocSpace objects, 1(20KB) LOS objects, 23% free, 52MB/68MB, paused 272us total 21.279ms
08-05 16:12:04.015 17259 17294 I art     : Starting a blocking GC Explicit
08-05 16:12:04.035 17259 17294 I art     : Explicit concurrent mark sweep GC freed 20(704B) AllocSpace objects, 0(0B) LOS objects, 23% free, 52MB/68MB, paused 249us total 19.148ms
08-05 16:12:04.044 17259 17294 I art     : Starting a blocking GC Explicit
08-05 16:12:04.059 17259 17294 I art     : Explicit concurrent mark sweep GC freed 3(96B) AllocSpace objects, 0(0B) LOS objects, 23% free, 52MB/68MB, paused 236us total 15.625ms
08-05 16:12:04.066 17259 17294 I art     : Starting a blocking GC Explicit
08-05 16:12:04.082 17259 17294 I art     : Explicit concurrent mark sweep GC freed 3(96B) AllocSpace objects, 0(0B) LOS objects, 23% free, 52MB/68MB, paused 226us total 15.314ms
08-05 16:12:04.089 17259 17294 I art     : Starting a blocking GC Explicit
08-05 16:12:04.104 17259 17294 I art     : Explicit concurrent mark sweep GC freed 3(96B) AllocSpace objects, 0(0B) LOS objects, 23% free, 52MB/68MB, paused 230us total 15.130ms
08-05 16:12:04.438 17259 17529 I art     : Starting a blocking GC Explicit
08-05 16:12:04.464 17259 17529 I art     : Explicit concurrent mark sweep GC freed 1341(78KB) AllocSpace objects, 1(20KB) LOS objects, 23% free, 52MB/68MB, paused 268us total 26.012ms
08-05 16:12:04.474 17259 17529 I art     : Starting a blocking GC Explicit
08-05 16:12:04.494 17259 17529 I art     : Explicit concurrent mark sweep GC freed 20(704B) AllocSpace objects, 0(0B) LOS objects, 23% free, 52MB/68MB, paused 292us total 18.884ms
08-05 16:12:04.501 17259 17529 I art     : Starting a blocking GC Explicit
08-05 16:12:04.516 17259 17529 I art     : Explicit concurrent mark sweep GC freed 3(96B) AllocSpace objects, 0(0B) LOS objects, 23% free, 52MB/68MB, paused 226us total 15.468ms
08-05 16:12:04.523 17259 17529 I art     : Starting a blocking GC Explicit
08-05 16:12:04.537 17259 17529 I art     : Explicit concurrent mark sweep GC freed 3(96B) AllocSpace objects, 0(0B) LOS objects, 23% free, 52MB/68MB, paused 218us total 14.314ms
08-05 16:12:04.544 17259 17529 I art     : Starting a blocking GC Explicit
08-05 16:12:04.558 17259 17529 I art     : Explicit concurrent mark sweep GC freed 3(96B) AllocSpace objects, 0(0B) LOS objects, 23% free, 52MB/68MB, paused 225us total 14.253ms
08-05 16:12:04.865 17259 17272 I art     : Starting a blocking GC Explicit
08-05 16:12:04.887 17259 17272 I art     : Explicit concurrent mark sweep GC freed 1341(78KB) AllocSpace objects, 1(20KB) LOS objects, 23% free, 52MB/68MB, paused 273us total 21.790ms
08-05 16:12:04.898 17259 17272 I art     : Starting a blocking GC Explicit
08-05 16:12:04.918 17259 17272 I art     : Explicit concurrent mark sweep GC freed 20(704B) AllocSpace objects, 0(0B) LOS objects, 23% free, 52MB/68MB, paused 266us total 19.615ms
08-05 16:12:04.926 17259 17272 I art     : Starting a blocking GC Explicit
08-05 16:12:04.942 17259 17272 I art     : Explicit concurrent mark sweep GC freed 3(96B) AllocSpace objects, 0(0B) LOS objects, 23% free, 52MB/68MB, paused 246us total 15.452ms
08-05 16:12:04.949 17259 17272 I art     : Starting a blocking GC Explicit
08-05 16:12:04.965 17259 17272 I art     : Explicit concurrent mark sweep GC freed 3(96B) AllocSpace objects, 0(0B) LOS objects, 23% free, 52MB/68MB, paused 238us total 15.384ms
08-05 16:12:04.971 17259 17272 I art     : Starting a blocking GC Explicit
08-05 16:12:04.987 17259 17272 I art     : Explicit concurrent mark sweep GC freed 3(96B) AllocSpace objects, 0(0B) LOS objects, 23% free, 52MB/68MB, paused 230us total 15.163ms
08-05 16:12:05.252 12631 12631 I ServiceManager: Waiting for service AtCmdFwd...
08-05 16:12:05.316 17259 17271 I art     : Starting a blocking GC Explicit
08-05 16:12:05.338 17259 17271 I art     : Explicit concurrent mark sweep GC freed 1341(78KB) AllocSpace objects, 1(20KB) LOS objects, 23% free, 52MB/68MB, paused 290us total 21.280ms
08-05 16:12:05.349 17259 17271 I art     : Starting a blocking GC Explicit
08-05 16:12:05.366 17259 17271 I art     : Explicit concurrent mark sweep GC freed 20(704B) AllocSpace objects, 0(0B) LOS objects, 23% free, 52MB/68MB, paused 227us total 17.015ms
08-05 16:12:05.373 17259 17271 I art     : Starting a blocking GC Explicit
08-05 16:12:05.388 17259 17271 I art     : Explicit concurrent mark sweep GC freed 3(96B) AllocSpace objects, 0(0B) LOS objects, 23% free, 52MB/68MB, paused 221us total 15.059ms
08-05 16:12:05.394 17259 17271 I art     : Starting a blocking GC Explicit
08-05 16:12:05.410 17259 17271 I art     : Explicit concurrent mark sweep GC freed 3(96B) AllocSpace objects, 0(0B) LOS objects, 23% free, 52MB/68MB, paused 227us total 15.242ms
08-05 16:12:05.417 17259 17271 I art     : Starting a blocking GC Explicit
08-05 16:12:05.432 17259 17271 I art     : Explicit concurrent mark sweep GC freed 3(96B) AllocSpace objects, 0(0B) LOS objects, 23% free, 52MB/68MB, paused 231us total 15.103ms
08-05 16:12:05.749 17259 17294 I art     : Starting a blocking GC Explicit
08-05 16:12:05.771 17259 17294 I art     : Explicit concurrent mark sweep GC freed 1341(78KB) AllocSpace objects, 1(20KB) LOS objects, 23% free, 52MB/68MB, paused 250us total 22.139ms
08-05 16:12:05.778 17259 17294 I art     : Starting a blocking GC Explicit
08-05 16:12:05.794 17259 17294 I art     : Explicit concurrent mark sweep GC freed 20(704B) AllocSpace objects, 0(0B) LOS objects, 23% free, 52MB/68MB, paused 231us total 15.151ms
08-05 16:12:05.800 17259 17294 I art     : Starting a blocking GC Explicit
08-05 16:12:05.816 17259 17294 I art     : Explicit concurrent mark sweep GC freed 3(96B) AllocSpace objects, 0(0B) LOS objects, 23% free, 52MB/68MB, paused 227us total 15.188ms
08-05 16:12:05.822 17259 17294 I art     : Starting a blocking GC Explicit
08-05 16:12:05.838 17259 17294 I art     : Explicit concurrent mark sweep GC freed 3(96B) AllocSpace objects, 0(0B) LOS objects, 23% free, 52MB/68MB, paused 222us total 15.049ms
08-05 16:12:05.844 17259 17294 I art     : Starting a blocking GC Explicit
08-05 16:12:05.859 17259 17294 I art     : Explicit concurrent mark sweep GC freed 3(96B) AllocSpace objects, 0(0B) LOS objects, 23% free, 52MB/68MB, paused 223us total 14.853ms
08-05 16:12:06.187 17259 17529 I art     : Starting a blocking GC Explicit
08-05 16:12:06.209 17259 17529 I art     : Explicit concurrent mark sweep GC freed 1341(78KB) AllocSpace objects, 1(20KB) LOS objects, 23% free, 52MB/68MB, paused 281us total 21.715ms
08-05 16:12:06.220 17259 17529 I art     : Starting a blocking GC Explicit
08-05 16:12:06.238 17259 17529 I art     : Explicit concurrent mark sweep GC freed 20(704B) AllocSpace objects, 0(0B) LOS objects, 23% free, 52MB/68MB, paused 232us total 18.217ms
08-05 16:12:06.245 17259 17529 I art     : Starting a blocking GC Explicit
08-05 16:12:06.253 12631 12631 I ServiceManager: Waiting for service AtCmdFwd...
08-05 16:12:06.260 17259 17529 I art     : Explicit concurrent mark sweep GC freed 3(96B) AllocSpace objects, 0(0B) LOS objects, 23% free, 52MB/68MB, paused 226us total 15.464ms
08-05 16:12:06.267 17259 17529 I art     : Starting a blocking GC Explicit
08-05 16:12:06.283 17259 17529 I art     : Explicit concurrent mark sweep GC freed 3(96B) AllocSpace objects, 0(0B) LOS objects, 23% free, 52MB/68MB, paused 221us total 15.212ms
08-05 16:12:06.289 17259 17529 I art     : Starting a blocking GC Explicit
08-05 16:12:06.304 17259 17529 I art     : Explicit concurrent mark sweep GC freed 3(96B) AllocSpace objects, 0(0B) LOS objects, 23% free, 52MB/68MB, paused 257us total 14.981ms
08-05 16:12:06.625 17259 17272 I art     : Starting a blocking GC Explicit
08-05 16:12:06.651 17259 17272 I art     : Explicit concurrent mark sweep GC freed 1341(78KB) AllocSpace objects, 1(20KB) LOS objects, 23% free, 52MB/68MB, paused 314us total 25.614ms
08-05 16:12:06.663 17259 17272 I art     : Starting a blocking GC Explicit
08-05 16:12:06.683 17259 17272 I art     : Explicit concurrent mark sweep GC freed 20(704B) AllocSpace objects, 0(0B) LOS objects, 23% free, 52MB/68MB, paused 263us total 19.636ms
08-05 16:12:06.691 17259 17272 I art     : Starting a blocking GC Explicit
08-05 16:12:06.707 17259 17272 I art     : Explicit concurrent mark sweep GC freed 3(96B) AllocSpace objects, 0(0B) LOS objects, 23% free, 52MB/68MB, paused 269us total 15.467ms
08-05 16:12:06.714 17259 17272 I art     : Starting a blocking GC Explicit
08-05 16:12:06.729 17259 17272 I art     : Explicit concurrent mark sweep GC freed 3(96B) AllocSpace objects, 0(0B) LOS objects, 23% free, 52MB/68MB, paused 242us total 15.392ms
08-05 16:12:06.736 17259 17272 I art     : Starting a blocking GC Explicit
08-05 16:12:06.751 17259 17272 I art     : Explicit concurrent mark sweep GC freed 3(96B) AllocSpace objects, 0(0B) LOS objects, 23% free, 52MB/68MB, paused 238us total 14.826ms
08-05 16:12:07.085 17259 17271 I art     : Starting a blocking GC Explicit
08-05 16:12:07.113 17259 17271 I art     : Explicit concurrent mark sweep GC freed 1341(78KB) AllocSpace objects, 1(20KB) LOS objects, 23% free, 52MB/68MB, paused 403us total 27.220ms
08-05 16:12:07.124 17259 17271 I art     : Starting a blocking GC Explicit
08-05 16:12:07.139 17259 17271 I art     : Explicit concurrent mark sweep GC freed 20(704B) AllocSpace objects, 0(0B) LOS objects, 23% free, 52MB/68MB, paused 225us total 15.293ms
08-05 16:12:07.146 17259 17271 I art     : Starting a blocking GC Explicit
08-05 16:12:07.161 17259 17271 I art     : Explicit concurrent mark sweep GC freed 3(96B) AllocSpace objects, 0(0B) LOS objects, 23% free, 52MB/68MB, paused 224us total 14.852ms
08-05 16:12:07.168 17259 17271 I art     : Starting a blocking GC Explicit
08-05 16:12:07.183 17259 17271 I art     : Explicit concurrent mark sweep GC freed 3(96B) AllocSpace objects, 0(0B) LOS objects, 23% free, 52MB/68MB, paused 231us total 14.743ms
08-05 16:12:07.189 17259 17271 I art     : Starting a blocking GC Explicit
08-05 16:12:07.204 17259 17271 I art     : Explicit concurrent mark sweep GC freed 3(96B) AllocSpace objects, 0(0B) LOS objects, 23% free, 52MB/68MB, paused 214us total 14.550ms
08-05 16:12:07.254 12631 12631 I ServiceManager: Waiting for service AtCmdFwd...
08-05 16:12:07.516 17259 17294 I art     : Starting a blocking GC Explicit
08-05 16:12:07.533 17259 17294 I art     : Explicit concurrent mark sweep GC freed 1341(78KB) AllocSpace objects, 1(20KB) LOS objects, 23% free, 52MB/68MB, paused 246us total 17.660ms
08-05 16:12:07.541 17259 17294 I art     : Starting a blocking GC Explicit
08-05 16:12:07.556 17259 17294 I art     : Explicit concurrent mark sweep GC freed 20(704B) AllocSpace objects, 0(0B) LOS objects, 23% free, 52MB/68MB, paused 209us total 15.740ms
08-05 16:12:07.563 17259 17294 I art     : Starting a blocking GC Explicit
08-05 16:12:07.579 17259 17294 I art     : Explicit concurrent mark sweep GC freed 3(96B) AllocSpace objects, 0(0B) LOS objects, 23% free, 52MB/68MB, paused 221us total 15.055ms
08-05 16:12:07.585 17259 17294 I art     : Starting a blocking GC Explicit
08-05 16:12:07.601 17259 17294 I art     : Explicit concurrent mark sweep GC freed 3(96B) AllocSpace objects, 0(0B) LOS objects, 23% free, 52MB/68MB, paused 225us total 15.152ms
08-05 16:12:07.607 17259 17294 I art     : Starting a blocking GC Explicit
08-05 16:12:07.622 17259 17294 I art     : Explicit concurrent mark sweep GC freed 3(96B) AllocSpace objects, 0(0B) LOS objects, 23% free, 52MB/68MB, paused 226us total 15.045ms
08-05 16:12:07.932 17259 17529 I art     : Starting a blocking GC Explicit
08-05 16:12:07.954 17259 17529 I art     : Explicit concurrent mark sweep GC freed 1341(78KB) AllocSpace objects, 1(20KB) LOS objects, 23% free, 52MB/68MB, paused 274us total 21.811ms
08-05 16:12:07.964 17259 17529 I art     : Starting a blocking GC Explicit
08-05 16:12:07.983 17259 17529 I art     : Explicit concurrent mark sweep GC freed 20(704B) AllocSpace objects, 0(0B) LOS objects, 23% free, 52MB/68MB, paused 241us total 18.436ms
08-05 16:12:07.990 17259 17529 I art     : Starting a blocking GC Explicit
08-05 16:12:08.006 17259 17529 I art     : Explicit concurrent mark sweep GC freed 3(96B) AllocSpace objects, 0(0B) LOS objects, 23% free, 52MB/68MB, paused 235us total 15.391ms
08-05 16:12:08.013 17259 17529 I art     : Starting a blocking GC Explicit
08-05 16:12:08.028 17259 17529 I art     : Explicit concurrent mark sweep GC freed 3(96B) AllocSpace objects, 0(0B) LOS objects, 23% free, 52MB/68MB, paused 260us total 15.381ms
08-05 16:12:08.034 17259 17529 I art     : Starting a blocking GC Explicit
08-05 16:12:08.049 17259 17529 I art     : Explicit concurrent mark sweep GC freed 3(96B) AllocSpace objects, 0(0B) LOS objects, 23% free, 52MB/68MB, paused 231us total 14.634ms
08-05 16:12:08.254 12631 12631 I ServiceManager: Waiting for service AtCmdFwd...
08-05 16:12:08.355 17259 17272 I art     : Starting a blocking GC Explicit
08-05 16:12:08.362   918  3261 D WifiStateMachine: starting scan for "H369AA63323"WPA_PSK with 2412,5180
08-05 16:12:08.377 17259 17272 I art     : Explicit concurrent mark sweep GC freed 1341(78KB) AllocSpace objects, 1(20KB) LOS objects, 23% free, 52MB/68MB, paused 281us total 21.547ms
08-05 16:12:08.384 17259 17272 I art     : Starting a blocking GC Explicit
08-05 16:12:08.399 17259 17272 I art     : Explicit concurrent mark sweep GC freed 20(704B) AllocSpace objects, 0(0B) LOS objects, 23% free, 52MB/68MB, paused 241us total 15.332ms
08-05 16:12:08.406 17259 17272 I art     : Starting a blocking GC Explicit
08-05 16:12:08.422 17259 17272 I art     : Explicit concurrent mark sweep GC freed 3(96B) AllocSpace objects, 0(0B) LOS objects, 23% free, 52MB/68MB, paused 226us total 15.491ms
08-05 16:12:08.428 17259 17272 I art     : Starting a blocking GC Explicit
08-05 16:12:08.442 17259 17272 I art     : Explicit concurrent mark sweep GC freed 3(96B) AllocSpace objects, 0(0B) LOS objects, 23% free, 52MB/68MB, paused 233us total 14.051ms
08-05 16:12:08.449 17259 17272 I art     : Starting a blocking GC Explicit
08-05 16:12:08.464 17259 17272 I art     : Explicit concurrent mark sweep GC freed 3(96B) AllocSpace objects, 0(0B) LOS objects, 23% free, 52MB/68MB, paused 228us total 14.607ms
08-05 16:12:08.751 17259 17271 I art     : Starting a blocking GC Explicit
08-05 16:12:08.769 17259 17271 I art     : Explicit concurrent mark sweep GC freed 1341(78KB) AllocSpace objects, 1(20KB) LOS objects, 23% free, 52MB/68MB, paused 258us total 17.283ms
08-05 16:12:08.780 17259 17271 I art     : Starting a blocking GC Explicit
08-05 16:12:08.796 17259 17271 I art     : Explicit concurrent mark sweep GC freed 20(704B) AllocSpace objects, 0(0B) LOS objects, 23% free, 52MB/68MB, paused 223us total 15.564ms
08-05 16:12:08.802 17259 17271 I art     : Starting a blocking GC Explicit
08-05 16:12:08.817 17259 17271 I art     : Explicit concurrent mark sweep GC freed 3(96B) AllocSpace objects, 0(0B) LOS objects, 23% free, 52MB/68MB, paused 339us total 14.606ms
08-05 16:12:08.823 17259 17271 I art     : Starting a blocking GC Explicit
08-05 16:12:08.838 17259 17271 I art     : Explicit concurrent mark sweep GC freed 3(96B) AllocSpace objects, 0(0B) LOS objects, 23% free, 52MB/68MB, paused 227us total 14.765ms
08-05 16:12:08.844 17259 17271 I art     : Starting a blocking GC Explicit
08-05 16:12:08.859 17259 17271 I art     : Explicit concurrent mark sweep GC freed 3(96B) AllocSpace objects, 0(0B) LOS objects, 23% free, 52MB/68MB, paused 230us total 14.598ms
08-05 16:12:09.100 17259 17294 I art     : Starting a blocking GC Explicit
08-05 16:12:09.115 17259 17294 I art     : Explicit concurrent mark sweep GC freed 1341(78KB) AllocSpace objects, 1(20KB) LOS objects, 23% free, 52MB/68MB, paused 227us total 14.658ms
08-05 16:12:09.122 17259 17294 I art     : Starting a blocking GC Explicit
08-05 16:12:09.137 17259 17294 I art     : Explicit concurrent mark sweep GC freed 20(704B) AllocSpace objects, 0(0B) LOS objects, 23% free, 52MB/68MB, paused 278us total 15.154ms
08-05 16:12:09.144 17259 17294 I art     : Starting a blocking GC Explicit
08-05 16:12:09.158 17259 17294 I art     : Explicit concurrent mark sweep GC freed 3(96B) AllocSpace objects, 0(0B) LOS objects, 23% free, 52MB/68MB, paused 243us total 14.377ms
08-05 16:12:09.164 17259 17294 I art     : Starting a blocking GC Explicit
08-05 16:12:09.178 17259 17294 I art     : Explicit concurrent mark sweep GC freed 3(96B) AllocSpace objects, 0(0B) LOS objects, 23% free, 52MB/68MB, paused 228us total 13.747ms
08-05 16:12:09.184 17259 17294 I art     : Starting a blocking GC Explicit
08-05 16:12:09.198 17259 17294 I art     : Explicit concurrent mark sweep GC freed 3(96B) AllocSpace objects, 0(0B) LOS objects, 23% free, 52MB/68MB, paused 223us total 13.950ms
08-05 16:12:09.255 12631 12631 I ServiceManager: Waiting for service AtCmdFwd...
08-05 16:12:09.295 18075 18075 D AndroidRuntime: >>>>>> START com.android.internal.os.RuntimeInit uid 2000 <<<<<<
08-05 16:12:09.299 18075 18075 D AndroidRuntime: CheckJNI is OFF
08-05 16:12:09.333 18075 18075 D ICU     : No timezone override file found: /data/misc/zoneinfo/current/icu/icu_tzdata.dat
08-05 16:12:09.359 18075 18075 I Radio-JNI: register_android_hardware_Radio DONE
08-05 16:12:09.375 18075 18075 D AndroidRuntime: Calling main entry com.android.commands.input.Input
08-05 16:12:09.376 18075 18075 I Input   : injectKeyEvent: KeyEvent { action=ACTION_DOWN, keyCode=KEYCODE_BACK, scanCode=0, metaState=0, flags=0x0, repeatCount=0, eventTime=807145790, downTime=807145790, deviceId=-1, source=0x101 }
08-05 16:12:09.387 18075 18075 I Input   : injectKeyEvent: KeyEvent { action=ACTION_UP, keyCode=KEYCODE_BACK, scanCode=0, metaState=0, flags=0x0, repeatCount=0, eventTime=807145790, downTime=807145790, deviceId=-1, source=0x101 }
08-05 16:12:09.394 18075 18075 D AndroidRuntime: Shutting down VM
08-05 16:12:09.438 13866 13866 I GoogleInputMethodServic: GoogleInputMethodService.onFinishInput():3138 
08-05 16:12:09.439 13866 13866 I GoogleInputMethodServic: GoogleInputMethodService.onStartInput():1808 
08-05 16:12:09.452 17259 17294 I art     : Starting a blocking GC Explicit
08-05 16:12:09.466 17259 17294 I art     : Explicit concurrent mark sweep GC freed 1515(86KB) AllocSpace objects, 1(20KB) LOS objects, 23% free, 52MB/68MB, paused 234us total 13.478ms
08-05 16:12:09.473 17259 17294 I art     : Starting a blocking GC Explicit
08-05 16:12:09.486 17259 17294 I art     : Explicit concurrent mark sweep GC freed 36(1328B) AllocSpace objects, 0(0B) LOS objects, 23% free, 52MB/68MB, paused 210us total 12.524ms
08-05 16:12:09.492 17259 17294 I art     : Starting a blocking GC Explicit
08-05 16:12:09.504 17259 17294 I art     : Explicit concurrent mark sweep GC freed 3(96B) AllocSpace objects, 0(0B) LOS objects, 23% free, 52MB/68MB, paused 220us total 12.366ms
08-05 16:12:09.510 17259 17294 I art     : Starting a blocking GC Explicit
08-05 16:12:09.523 17259 17294 I art     : Explicit concurrent mark sweep GC freed 3(96B) AllocSpace objects, 0(0B) LOS objects, 23% free, 52MB/68MB, paused 240us total 12.847ms
08-05 16:12:09.529 17259 17294 I art     : Starting a blocking GC Explicit
08-05 16:12:09.543 17259 17294 I art     : Explicit concurrent mark sweep GC freed 3(96B) AllocSpace objects, 0(0B) LOS objects, 23% free, 52MB/68MB, paused 201us total 13.370ms
08-05 16:12:09.726   380   380 W SurfaceFlinger: couldn't log to binary event log: overflow.
08-05 16:12:09.766 17259 17272 I art     : Starting a blocking GC Explicit
08-05 16:12:09.782 17259 17272 I art     : Explicit concurrent mark sweep GC freed 1450(87KB) AllocSpace objects, 1(20KB) LOS objects, 23% free, 52MB/68MB, paused 248us total 15.342ms
08-05 16:12:09.789 17259 17272 I art     : Starting a blocking GC Explicit
08-05 16:12:09.804 17259 17272 I art     : Explicit concurrent mark sweep GC freed 1672(107KB) AllocSpace objects, 3(400KB) LOS objects, 23% free, 51MB/67MB, paused 236us total 14.920ms
08-05 16:12:09.810 17259 17272 I art     : Starting a blocking GC Explicit
08-05 16:12:09.825 17259 17272 I art     : Explicit concurrent mark sweep GC freed 3(96B) AllocSpace objects, 0(0B) LOS objects, 23% free, 51MB/67MB, paused 251us total 14.777ms
08-05 16:12:09.832 17259 17272 I art     : Starting a blocking GC Explicit
08-05 16:12:09.847 17259 17272 I art     : Explicit concurrent mark sweep GC freed 3(96B) AllocSpace objects, 0(0B) LOS objects, 23% free, 51MB/67MB, paused 264us total 14.679ms
08-05 16:12:09.853 17259 17272 I art     : Starting a blocking GC Explicit
08-05 16:12:09.868 17259 17272 I art     : Explicit concurrent mark sweep GC freed 3(96B) AllocSpace objects, 0(0B) LOS objects, 23% free, 51MB/67MB, paused 241us total 14.631ms
08-05 16:12:10.156 17259 17529 I art     : Starting a blocking GC Explicit
08-05 16:12:10.177 17259 17529 I art     : Explicit concurrent mark sweep GC freed 1341(78KB) AllocSpace objects, 1(20KB) LOS objects, 23% free, 51MB/67MB, paused 269us total 21.172ms
08-05 16:12:10.188 17259 17529 I art     : Starting a blocking GC Explicit
08-05 16:12:10.206 17259 17529 I art     : Explicit concurrent mark sweep GC freed 20(704B) AllocSpace objects, 0(0B) LOS objects, 23% free, 51MB/67MB, paused 254us total 18.130ms
08-05 16:12:10.215 17259 17529 I art     : Starting a blocking GC Explicit
08-05 16:12:10.230 17259 17529 I art     : Explicit concurrent mark sweep GC freed 3(96B) AllocSpace objects, 0(0B) LOS objects, 23% free, 51MB/67MB, paused 239us total 14.879ms
08-05 16:12:10.237 17259 17529 I art     : Starting a blocking GC Explicit
08-05 16:12:10.252 17259 17529 I art     : Explicit concurrent mark sweep GC freed 3(96B) AllocSpace objects, 0(0B) LOS objects, 23% free, 51MB/67MB, paused 232us total 14.731ms
08-05 16:12:10.255 12631 12631 W Atfwd_Sendcmd: AtCmdFwd service not published, waiting... retryCnt : 2
08-05 16:12:10.259 17259 17529 I art     : Starting a blocking GC Explicit
08-05 16:12:10.273 17259 17529 I art     : Explicit concurrent mark sweep GC freed 3(96B) AllocSpace objects, 0(0B) LOS objects, 23% free, 51MB/67MB, paused 221us total 14.212ms
08-05 16:12:10.563 17259 17271 I art     : Starting a blocking GC Explicit
08-05 16:12:10.586 17259 17271 I art     : Explicit concurrent mark sweep GC freed 1340(78KB) AllocSpace objects, 1(20KB) LOS objects, 23% free, 51MB/67MB, paused 264us total 23.115ms
08-05 16:12:10.599 17259 17271 I art     : Starting a blocking GC Explicit
08-05 16:12:10.614 17259 17271 I art     : Explicit concurrent mark sweep GC freed 20(704B) AllocSpace objects, 0(0B) LOS objects, 23% free, 51MB/67MB, paused 228us total 14.413ms
08-05 16:12:10.621 17259 17271 I art     : Starting a blocking GC Explicit
08-05 16:12:10.634 17259 17271 I art     : Explicit concurrent mark sweep GC freed 3(96B) AllocSpace objects, 0(0B) LOS objects, 23% free, 51MB/67MB, paused 208us total 13.420ms
08-05 16:12:10.641 17259 17271 I art     : Starting a blocking GC Explicit
08-05 16:12:10.654 17259 17271 I art     : Explicit concurrent mark sweep GC freed 3(96B) AllocSpace objects, 0(0B) LOS objects, 23% free, 51MB/67MB, paused 210us total 13.029ms
08-05 16:12:10.660 17259 17271 I art     : Starting a blocking GC Explicit
08-05 16:12:10.674 17259 17271 I art     : Explicit concurrent mark sweep GC freed 3(96B) AllocSpace objects, 0(0B) LOS objects, 23% free, 51MB/67MB, paused 236us total 13.340ms
08-05 16:12:10.703   518   646 I ThermalEngine: ACTION: GPU - Setting GPU[0] to 510000000
08-05 16:12:10.934 17259 17294 I art     : Starting a blocking GC Explicit
08-05 16:12:10.952 17259 17294 I art     : Explicit concurrent mark sweep GC freed 1340(78KB) AllocSpace objects, 1(20KB) LOS objects, 23% free, 51MB/67MB, paused 319us total 18.403ms
08-05 16:12:10.961 17259 17294 I art     : Starting a blocking GC Explicit
08-05 16:12:10.978 17259 17294 I art     : Explicit concurrent mark sweep GC freed 20(704B) AllocSpace objects, 0(0B) LOS objects, 23% free, 51MB/67MB, paused 317us total 17.433ms
08-05 16:12:10.986 17259 17294 I art     : Starting a blocking GC Explicit
08-05 16:12:11.004 17259 17294 I art     : Explicit concurrent mark sweep GC freed 3(96B) AllocSpace objects, 0(0B) LOS objects, 23% free, 51MB/67MB, paused 309us total 17.294ms
08-05 16:12:11.012 17259 17294 I art     : Starting a blocking GC Explicit
08-05 16:12:11.030 17259 17294 I art     : Explicit concurrent mark sweep GC freed 3(96B) AllocSpace objects, 0(0B) LOS objects, 23% free, 51MB/67MB, paused 355us total 17.710ms
08-05 16:12:11.030 18160 18160 D AndroidRuntime: >>>>>> START com.android.internal.os.RuntimeInit uid 2000 <<<<<<
08-05 16:12:11.035 18160 18160 D AndroidRuntime: CheckJNI is OFF
08-05 16:12:11.038 17259 17294 I art     : Starting a blocking GC Explicit
08-05 16:12:11.055 17259 17294 I art     : Explicit concurrent mark sweep GC freed 3(96B) AllocSpace objects, 0(0B) LOS objects, 23% free, 51MB/67MB, paused 307us total 16.926ms
08-05 16:12:11.072 18160 18160 D ICU     : No timezone override file found: /data/misc/zoneinfo/current/icu/icu_tzdata.dat
08-05 16:12:11.104 18160 18160 I Radio-JNI: register_android_hardware_Radio DONE
08-05 16:12:11.127 18160 18160 D AndroidRuntime: Calling main entry com.android.commands.input.Input
08-05 16:12:11.129 18160 18160 I Input   : injectMotionEvent: MotionEvent { action=ACTION_DOWN, actionButton=0, id[0]=0, x[0]=733.0, y[0]=1370.0, toolType[0]=TOOL_TYPE_UNKNOWN, buttonState=0, metaState=0, flags=0x0, edgeFlags=0x0, pointerCount=1, historySize=0, eventTime=807147541, downTime=807147541, deviceId=0, source=0x1002 }
08-05 16:12:11.136 18160 18160 I Input   : injectMotionEvent: MotionEvent { action=ACTION_UP, actionButton=0, id[0]=0, x[0]=733.0, y[0]=1370.0, toolType[0]=TOOL_TYPE_UNKNOWN, buttonState=0, metaState=0, flags=0x0, edgeFlags=0x0, pointerCount=1, historySize=0, eventTime=807147541, downTime=807147541, deviceId=0, source=0x1002 }
08-05 16:12:11.137   918  3961 I ActivityManager: START u0 {cmp=baseline.appteam.nith.hillffair/.activities.ClubActivity (has extras)} from uid 10675 on display 0
08-05 16:12:11.145 18160 18160 D AndroidRuntime: Shutting down VM
08-05 16:12:11.235   918   936 I ActivityManager: Displayed baseline.appteam.nith.hillffair/.activities.ClubActivity: +89ms
08-05 16:12:11.235 13866 13866 I GoogleInputMethodServic: GoogleInputMethodService.onFinishInput():3138 
08-05 16:12:11.236 13866 13866 I GoogleInputMethodServic: GoogleInputMethodService.onStartInput():1808 
08-05 16:12:11.300 17259 17272 I art     : Starting a blocking GC Explicit
08-05 16:12:11.320 17259 17272 I art     : Explicit concurrent mark sweep GC freed 4976(290KB) AllocSpace objects, 1(20KB) LOS objects, 23% free, 52MB/68MB, paused 352us total 19.335ms
08-05 16:12:11.328 17259 17272 I art     : Starting a blocking GC Explicit
08-05 16:12:11.346 17259 17272 I art     : Explicit concurrent mark sweep GC freed 211(9KB) AllocSpace objects, 0(0B) LOS objects, 23% free, 52MB/68MB, paused 343us total 17.780ms
08-05 16:12:11.355 17259 17272 I art     : Starting a blocking GC Explicit
08-05 16:12:11.376 17259 17272 I art     : Explicit concurrent mark sweep GC freed 3(96B) AllocSpace objects, 0(0B) LOS objects, 23% free, 52MB/68MB, paused 354us total 21.086ms
08-05 16:12:11.386 17259 17272 I art     : Starting a blocking GC Explicit
08-05 16:12:11.406 17259 17272 I art     : Explicit concurrent mark sweep GC freed 3(96B) AllocSpace objects, 0(0B) LOS objects, 23% free, 52MB/68MB, paused 352us total 20.112ms
08-05 16:12:11.417 17259 17272 I art     : Starting a blocking GC Explicit
08-05 16:12:11.438 17259 17272 I art     : Explicit concurrent mark sweep GC freed 3(96B) AllocSpace objects, 0(0B) LOS objects, 23% free, 52MB/68MB, paused 344us total 21.324ms
08-05 16:12:11.495   380   380 W SurfaceFlinger: couldn't log to binary event log: overflow.
08-05 16:12:11.701 17259 17294 I art     : Starting a blocking GC Explicit
08-05 16:12:11.720 17259 17294 I art     : Explicit concurrent mark sweep GC freed 1456(84KB) AllocSpace objects, 1(20KB) LOS objects, 23% free, 52MB/68MB, paused 365us total 18.858ms
08-05 16:12:11.729 17259 17294 I art     : Starting a blocking GC Explicit
08-05 16:12:11.748 17259 17294 I art     : Explicit concurrent mark sweep GC freed 38(1344B) AllocSpace objects, 0(0B) LOS objects, 23% free, 52MB/68MB, paused 338us total 18.911ms
08-05 16:12:11.756 17259 17294 I art     : Starting a blocking GC Explicit
08-05 16:12:11.773 17259 17294 I art     : Explicit concurrent mark sweep GC freed 10(352B) AllocSpace objects, 0(0B) LOS objects, 23% free, 52MB/68MB, paused 349us total 16.861ms
08-05 16:12:11.780 17259 17294 I art     : Starting a blocking GC Explicit
08-05 16:12:11.799 17259 17294 I art     : Explicit concurrent mark sweep GC freed 11(416B) AllocSpace objects, 0(0B) LOS objects, 23% free, 52MB/68MB, paused 329us total 17.844ms
08-05 16:12:11.807 17259 17294 I art     : Starting a blocking GC Explicit
08-05 16:12:11.825 17259 17294 I art     : Explicit concurrent mark sweep GC freed 10(352B) AllocSpace objects, 0(0B) LOS objects, 23% free, 52MB/68MB, paused 343us total 17.808ms
08-05 16:12:11.911 17259 18186 D OkHttp  : --> GET https://api-hillfair-2k16.herokuapp.com/api/app/events/special/event?id=580655cddcba0f490c70fdd0 http/1.1
08-05 16:12:11.954 17259 18186 D OkHttp  : <-- 200 OK https://api-hillfair-2k16.herokuapp.com/api/app/events/special/event?id=580655cddcba0f490c70fdd0 (42ms, 721-byte body)
08-05 16:12:11.997 17259 17259 I NAPPA_EXPERIMENTATION: MetricNetworkRequestExecutionTime: REQUEST_DURATION_SYSTEM='823',REQUEST_DURATION_OKHTTP='43',REQUEST_SYNCHRONOUS='FALSE',RESPONSE_CODE='200',RESPONSE_METHOD='GET',RESPONSE_LENGTH_OKHTTP='721',RESPONSE_LENGTH_HEADER='721',REQUEST_PROTOCOL='http/1.1',REQUEST_URL='https://api-hillfair-2k16.herokuapp.com/api/app/events/special/event?id=580655cddcba0f490c70fdd0',
08-05 16:12:12.102 17259 17294 I art     : Starting a blocking GC Explicit
08-05 16:12:12.126 17259 17294 I art     : Explicit concurrent mark sweep GC freed 4784(337KB) AllocSpace objects, 4(220KB) LOS objects, 23% free, 52MB/68MB, paused 351us total 23.134ms
08-05 16:12:12.135 17259 17294 I art     : Starting a blocking GC Explicit
08-05 16:12:12.153 17259 17294 I art     : Explicit concurrent mark sweep GC freed 1035(119KB) AllocSpace objects, 0(0B) LOS objects, 23% free, 52MB/68MB, paused 303us total 18.038ms
08-05 16:12:12.161 17259 17294 I art     : Starting a blocking GC Explicit
08-05 16:12:12.181 17259 17294 I art     : Explicit concurrent mark sweep GC freed 3(96B) AllocSpace objects, 0(0B) LOS objects, 23% free, 52MB/68MB, paused 337us total 19.105ms
08-05 16:12:12.189 17259 17294 I art     : Starting a blocking GC Explicit
08-05 16:12:12.208 17259 17294 I art     : Explicit concurrent mark sweep GC freed 3(96B) AllocSpace objects, 0(0B) LOS objects, 23% free, 52MB/68MB, paused 326us total 18.372ms
08-05 16:12:12.216 17259 17294 I art     : Starting a blocking GC Explicit
08-05 16:12:12.235 17259 17294 I art     : Explicit concurrent mark sweep GC freed 3(96B) AllocSpace objects, 0(0B) LOS objects, 23% free, 52MB/68MB, paused 435us total 18.428ms
08-05 16:12:12.514 17259 17271 I art     : Starting a blocking GC Explicit
08-05 16:12:12.535 17259 17271 I art     : Explicit concurrent mark sweep GC freed 1341(78KB) AllocSpace objects, 1(20KB) LOS objects, 23% free, 52MB/68MB, paused 376us total 20.862ms
08-05 16:12:12.548 17259 17271 I art     : Starting a blocking GC Explicit
08-05 16:12:12.567 17259 17271 I art     : Explicit concurrent mark sweep GC freed 36(1264B) AllocSpace objects, 0(0B) LOS objects, 23% free, 52MB/68MB, paused 348us total 19.026ms
08-05 16:12:12.575 17259 17271 I art     : Starting a blocking GC Explicit
08-05 16:12:12.594 17259 17271 I art     : Explicit concurrent mark sweep GC freed 3(96B) AllocSpace objects, 0(0B) LOS objects, 23% free, 52MB/68MB, paused 328us total 18.809ms
08-05 16:12:12.603 17259 17271 I art     : Starting a blocking GC Explicit
08-05 16:12:12.621 17259 17271 I art     : Explicit concurrent mark sweep GC freed 3(96B) AllocSpace objects, 0(0B) LOS objects, 23% free, 52MB/68MB, paused 342us total 18.529ms
08-05 16:12:12.630 17259 17271 I art     : Starting a blocking GC Explicit
08-05 16:12:12.649 17259 17271 I art     : Explicit concurrent mark sweep GC freed 3(96B) AllocSpace objects, 0(0B) LOS objects, 23% free, 52MB/68MB, paused 331us total 18.928ms
08-05 16:12:12.957 17259 17529 I art     : Starting a blocking GC Explicit
08-05 16:12:12.981 17259 17529 I art     : Explicit concurrent mark sweep GC freed 1341(78KB) AllocSpace objects, 1(20KB) LOS objects, 23% free, 52MB/68MB, paused 358us total 24.340ms
08-05 16:12:12.993 17259 17529 I art     : Starting a blocking GC Explicit
08-05 16:12:13.015 17259 17529 I art     : Explicit concurrent mark sweep GC freed 20(704B) AllocSpace objects, 0(0B) LOS objects, 23% free, 52MB/68MB, paused 329us total 21.770ms
08-05 16:12:13.024 17259 17529 I art     : Starting a blocking GC Explicit
08-05 16:12:13.044 17259 17529 I art     : Explicit concurrent mark sweep GC freed 3(96B) AllocSpace objects, 0(0B) LOS objects, 23% free, 52MB/68MB, paused 335us total 19.661ms
08-05 16:12:13.052 17259 17529 I art     : Starting a blocking GC Explicit
08-05 16:12:13.071 17259 17529 I art     : Explicit concurrent mark sweep GC freed 3(96B) AllocSpace objects, 0(0B) LOS objects, 23% free, 52MB/68MB, paused 353us total 19.104ms
08-05 16:12:13.080 17259 17529 I art     : Starting a blocking GC Explicit
08-05 16:12:13.099 17259 17529 I art     : Explicit concurrent mark sweep GC freed 3(96B) AllocSpace objects, 0(0B) LOS objects, 23% free, 52MB/68MB, paused 326us total 19.205ms
08-05 16:12:13.416 17259 17272 I art     : Starting a blocking GC Explicit
08-05 16:12:13.438 17259 17272 I art     : Explicit concurrent mark sweep GC freed 1341(78KB) AllocSpace objects, 1(20KB) LOS objects, 23% free, 52MB/68MB, paused 387us total 21.724ms
08-05 16:12:13.451 17259 17272 I art     : Starting a blocking GC Explicit
08-05 16:12:13.470 17259 17272 I art     : Explicit concurrent mark sweep GC freed 20(704B) AllocSpace objects, 0(0B) LOS objects, 23% free, 52MB/68MB, paused 337us total 19.367ms
08-05 16:12:13.479 17259 17272 I art     : Starting a blocking GC Explicit
08-05 16:12:13.498 17259 17272 I art     : Explicit concurrent mark sweep GC freed 3(96B) AllocSpace objects, 0(0B) LOS objects, 23% free, 52MB/68MB, paused 325us total 19.127ms
08-05 16:12:13.506 17259 17272 I art     : Starting a blocking GC Explicit
08-05 16:12:13.526 17259 17272 I art     : Explicit concurrent mark sweep GC freed 3(96B) AllocSpace objects, 0(0B) LOS objects, 23% free, 52MB/68MB, paused 340us total 19.654ms
08-05 16:12:13.535 17259 17272 I art     : Starting a blocking GC Explicit
08-05 16:12:13.554 17259 17272 I art     : Explicit concurrent mark sweep GC freed 3(96B) AllocSpace objects, 0(0B) LOS objects, 23% free, 52MB/68MB, paused 338us total 19.033ms
08-05 16:12:13.880 17259 17294 I art     : Starting a blocking GC Explicit
08-05 16:12:13.903 17259 17294 I art     : Explicit concurrent mark sweep GC freed 1341(78KB) AllocSpace objects, 1(20KB) LOS objects, 23% free, 52MB/68MB, paused 354us total 23.292ms
08-05 16:12:13.914 17259 17294 I art     : Starting a blocking GC Explicit
08-05 16:12:13.934 17259 17294 I art     : Explicit concurrent mark sweep GC freed 20(704B) AllocSpace objects, 0(0B) LOS objects, 23% free, 52MB/68MB, paused 307us total 19.650ms
08-05 16:12:13.943 17259 17294 I art     : Starting a blocking GC Explicit
08-05 16:12:13.963 17259 17294 I art     : Explicit concurrent mark sweep GC freed 3(96B) AllocSpace objects, 0(0B) LOS objects, 23% free, 52MB/68MB, paused 329us total 19.815ms
08-05 16:12:13.971 17259 17294 I art     : Starting a blocking GC Explicit
08-05 16:12:13.991 17259 17294 I art     : Explicit concurrent mark sweep GC freed 3(96B) AllocSpace objects, 0(0B) LOS objects, 23% free, 52MB/68MB, paused 334us total 19.794ms
08-05 16:12:14.000 17259 17294 I art     : Starting a blocking GC Explicit
08-05 16:12:14.019 17259 17294 I art     : Explicit concurrent mark sweep GC freed 3(96B) AllocSpace objects, 0(0B) LOS objects, 23% free, 52MB/68MB, paused 330us total 19.257ms
08-05 16:12:14.348 17259 17271 I art     : Starting a blocking GC Explicit
08-05 16:12:14.373 17259 17271 I art     : Explicit concurrent mark sweep GC freed 1341(78KB) AllocSpace objects, 1(20KB) LOS objects, 23% free, 52MB/68MB, paused 356us total 24.105ms
08-05 16:12:14.384 17259 17271 I art     : Starting a blocking GC Explicit
08-05 16:12:14.404 17259 17271 I art     : Explicit concurrent mark sweep GC freed 20(704B) AllocSpace objects, 0(0B) LOS objects, 23% free, 52MB/68MB, paused 324us total 19.684ms
08-05 16:12:14.412 17259 17271 I art     : Starting a blocking GC Explicit
08-05 16:12:14.432 17259 17271 I art     : Explicit concurrent mark sweep GC freed 3(96B) AllocSpace objects, 0(0B) LOS objects, 23% free, 52MB/68MB, paused 358us total 19.361ms
08-05 16:12:14.440 17259 17271 I art     : Starting a blocking GC Explicit
08-05 16:12:14.460 17259 17271 I art     : Explicit concurrent mark sweep GC freed 3(96B) AllocSpace objects, 0(0B) LOS objects, 23% free, 52MB/68MB, paused 330us total 19.447ms
08-05 16:12:14.469 17259 17271 I art     : Starting a blocking GC Explicit
08-05 16:12:14.488 17259 17271 I art     : Explicit concurrent mark sweep GC freed 3(96B) AllocSpace objects, 0(0B) LOS objects, 23% free, 52MB/68MB, paused 328us total 19.032ms
08-05 16:12:14.827 17259 17529 I art     : Starting a blocking GC Explicit
08-05 16:12:14.852 17259 17529 I art     : Explicit concurrent mark sweep GC freed 1341(78KB) AllocSpace objects, 1(20KB) LOS objects, 23% free, 52MB/68MB, paused 433us total 24.303ms
08-05 16:12:14.864 17259 17529 I art     : Starting a blocking GC Explicit
08-05 16:12:14.887 17259 17529 I art     : Explicit concurrent mark sweep GC freed 20(704B) AllocSpace objects, 0(0B) LOS objects, 23% free, 52MB/68MB, paused 342us total 22.944ms
08-05 16:12:14.897 17259 17529 I art     : Starting a blocking GC Explicit
08-05 16:12:14.917 17259 17529 I art     : Explicit concurrent mark sweep GC freed 3(96B) AllocSpace objects, 0(0B) LOS objects, 23% free, 52MB/68MB, paused 387us total 19.550ms
08-05 16:12:14.926 17259 17529 I art     : Starting a blocking GC Explicit
08-05 16:12:14.944 17259 17529 I art     : Explicit concurrent mark sweep GC freed 3(96B) AllocSpace objects, 0(0B) LOS objects, 23% free, 52MB/68MB, paused 318us total 18.629ms
08-05 16:12:14.953 17259 17529 I art     : Starting a blocking GC Explicit
08-05 16:12:14.972 17259 17529 I art     : Explicit concurrent mark sweep GC freed 3(96B) AllocSpace objects, 0(0B) LOS objects, 23% free, 52MB/68MB, paused 327us total 18.977ms
08-05 16:12:15.295 17259 17272 I art     : Starting a blocking GC Explicit
08-05 16:12:15.321 17259 17272 I art     : Explicit concurrent mark sweep GC freed 1341(78KB) AllocSpace objects, 1(20KB) LOS objects, 23% free, 52MB/68MB, paused 389us total 25.181ms
08-05 16:12:15.336 17259 17272 I art     : Starting a blocking GC Explicit
08-05 16:12:15.357 17259 17272 I art     : Explicit concurrent mark sweep GC freed 20(704B) AllocSpace objects, 0(0B) LOS objects, 23% free, 52MB/68MB, paused 455us total 20.158ms
08-05 16:12:15.366 17259 17272 I art     : Starting a blocking GC Explicit
08-05 16:12:15.385 17259 17272 I art     : Explicit concurrent mark sweep GC freed 3(96B) AllocSpace objects, 0(0B) LOS objects, 23% free, 52MB/68MB, paused 341us total 18.953ms
08-05 16:12:15.393 17259 17272 I art     : Starting a blocking GC Explicit
08-05 16:12:15.412 17259 17272 I art     : Explicit concurrent mark sweep GC freed 3(96B) AllocSpace objects, 0(0B) LOS objects, 23% free, 52MB/68MB, paused 320us total 18.321ms
08-05 16:12:15.420 17259 17272 I art     : Starting a blocking GC Explicit
08-05 16:12:15.439 17259 17272 I art     : Explicit concurrent mark sweep GC freed 3(96B) AllocSpace objects, 0(0B) LOS objects, 23% free, 52MB/68MB, paused 318us total 18.501ms
08-05 16:12:15.735 17259 17294 I art     : Starting a blocking GC Explicit
08-05 16:12:15.759 17259 17294 I art     : Explicit concurrent mark sweep GC freed 1341(78KB) AllocSpace objects, 1(20KB) LOS objects, 23% free, 52MB/68MB, paused 405us total 23.938ms
08-05 16:12:15.770 17259 17294 I art     : Starting a blocking GC Explicit
08-05 16:12:15.789 17259 17294 I art     : Explicit concurrent mark sweep GC freed 20(704B) AllocSpace objects, 0(0B) LOS objects, 23% free, 52MB/68MB, paused 355us total 19.214ms
08-05 16:12:15.798 17259 17294 I art     : Starting a blocking GC Explicit
08-05 16:12:15.817 17259 17294 I art     : Explicit concurrent mark sweep GC freed 3(96B) AllocSpace objects, 0(0B) LOS objects, 23% free, 52MB/68MB, paused 395us total 18.830ms
08-05 16:12:15.825 17259 17294 I art     : Starting a blocking GC Explicit
08-05 16:12:15.843 17259 17294 I art     : Explicit concurrent mark sweep GC freed 3(96B) AllocSpace objects, 0(0B) LOS objects, 23% free, 52MB/68MB, paused 343us total 18.403ms
08-05 16:12:15.849 18312 18312 D AndroidRuntime: >>>>>> START com.android.internal.os.RuntimeInit uid 2000 <<<<<<
08-05 16:12:15.852 17259 17294 I art     : Starting a blocking GC Explicit
08-05 16:12:15.854 18312 18312 D AndroidRuntime: CheckJNI is OFF
08-05 16:12:15.870 17259 17294 I art     : Explicit concurrent mark sweep GC freed 3(96B) AllocSpace objects, 0(0B) LOS objects, 23% free, 52MB/68MB, paused 335us total 18.560ms
08-05 16:12:15.890 18312 18312 D ICU     : No timezone override file found: /data/misc/zoneinfo/current/icu/icu_tzdata.dat
08-05 16:12:15.922 18312 18312 I Radio-JNI: register_android_hardware_Radio DONE
08-05 16:12:15.944 18312 18312 D AndroidRuntime: Calling main entry com.android.commands.input.Input
08-05 16:12:15.946 18312 18312 I Input   : injectKeyEvent: KeyEvent { action=ACTION_DOWN, keyCode=KEYCODE_BACK, scanCode=0, metaState=0, flags=0x0, repeatCount=0, eventTime=807152359, downTime=807152359, deviceId=-1, source=0x101 }
08-05 16:12:15.952 18312 18312 I Input   : injectKeyEvent: KeyEvent { action=ACTION_UP, keyCode=KEYCODE_BACK, scanCode=0, metaState=0, flags=0x0, repeatCount=0, eventTime=807152359, downTime=807152359, deviceId=-1, source=0x101 }
08-05 16:12:15.958 18312 18312 D AndroidRuntime: Shutting down VM
08-05 16:12:15.994 13866 13866 I GoogleInputMethodServic: GoogleInputMethodService.onFinishInput():3138 
08-05 16:12:15.995 13866 13866 I GoogleInputMethodServic: GoogleInputMethodService.onStartInput():1808 
08-05 16:12:16.109 17259 17529 I art     : Starting a blocking GC Explicit
08-05 16:12:16.130 17259 17529 I art     : Explicit concurrent mark sweep GC freed 1511(85KB) AllocSpace objects, 1(20KB) LOS objects, 23% free, 52MB/68MB, paused 385us total 20.874ms
08-05 16:12:16.140 17259 17529 I art     : Starting a blocking GC Explicit
08-05 16:12:16.163 17259 17529 I art     : Explicit concurrent mark sweep GC freed 26(944B) AllocSpace objects, 0(0B) LOS objects, 23% free, 52MB/68MB, paused 321us total 21.520ms
08-05 16:12:16.172 17259 17529 I art     : Starting a blocking GC Explicit
08-05 16:12:16.196 17259 17529 I art     : Explicit concurrent mark sweep GC freed 3(96B) AllocSpace objects, 0(0B) LOS objects, 23% free, 52MB/68MB, paused 325us total 22.789ms
08-05 16:12:16.205 17259 17529 I art     : Starting a blocking GC Explicit
08-05 16:12:16.228 17259 17529 I art     : Explicit concurrent mark sweep GC freed 3(96B) AllocSpace objects, 0(0B) LOS objects, 23% free, 52MB/68MB, paused 321us total 22.989ms
08-05 16:12:16.238 17259 17529 I art     : Starting a blocking GC Explicit
08-05 16:12:16.262 17259 17529 I art     : Explicit concurrent mark sweep GC freed 3(96B) AllocSpace objects, 0(0B) LOS objects, 23% free, 52MB/68MB, paused 374us total 23.956ms
08-05 16:12:16.283   380   380 W SurfaceFlinger: couldn't log to binary event log: overflow.
08-05 16:12:16.502 17259 17272 I art     : Starting a blocking GC Explicit
08-05 16:12:16.523 17259 17272 I art     : Explicit concurrent mark sweep GC freed 1450(87KB) AllocSpace objects, 1(20KB) LOS objects, 23% free, 52MB/68MB, paused 347us total 20.715ms
08-05 16:12:16.531 17259 17272 I art     : Starting a blocking GC Explicit
08-05 16:12:16.551 17259 17272 I art     : Explicit concurrent mark sweep GC freed 1672(106KB) AllocSpace objects, 3(400KB) LOS objects, 23% free, 51MB/67MB, paused 331us total 19.363ms
08-05 16:12:16.559 17259 17272 I art     : Starting a blocking GC Explicit
08-05 16:12:16.579 17259 17272 I art     : Explicit concurrent mark sweep GC freed 3(96B) AllocSpace objects, 0(0B) LOS objects, 23% free, 51MB/67MB, paused 331us total 19.114ms
08-05 16:12:16.587 17259 17272 I art     : Starting a blocking GC Explicit
08-05 16:12:16.607 17259 17272 I art     : Explicit concurrent mark sweep GC freed 3(96B) AllocSpace objects, 0(0B) LOS objects, 23% free, 51MB/67MB, paused 334us total 19.075ms
08-05 16:12:16.615 17259 17272 I art     : Starting a blocking GC Explicit
08-05 16:12:16.634 17259 17272 I art     : Explicit concurrent mark sweep GC freed 3(96B) AllocSpace objects, 0(0B) LOS objects, 23% free, 51MB/67MB, paused 332us total 18.839ms
08-05 16:12:16.916 17259 17271 I art     : Starting a blocking GC Explicit
08-05 16:12:16.940 17259 17271 I art     : Explicit concurrent mark sweep GC freed 1342(78KB) AllocSpace objects, 1(20KB) LOS objects, 23% free, 51MB/67MB, paused 358us total 23.866ms
08-05 16:12:16.952 17259 17271 I art     : Starting a blocking GC Explicit
08-05 16:12:16.974 17259 17271 I art     : Explicit concurrent mark sweep GC freed 20(704B) AllocSpace objects, 0(0B) LOS objects, 23% free, 51MB/67MB, paused 338us total 21.830ms
08-05 16:12:16.982 17259 17271 I art     : Starting a blocking GC Explicit
08-05 16:12:17.001 17259 17271 I art     : Explicit concurrent mark sweep GC freed 3(96B) AllocSpace objects, 0(0B) LOS objects, 23% free, 51MB/67MB, paused 328us total 18.893ms
08-05 16:12:17.010 17259 17271 I art     : Starting a blocking GC Explicit
08-05 16:12:17.029 17259 17271 I art     : Explicit concurrent mark sweep GC freed 3(96B) AllocSpace objects, 0(0B) LOS objects, 23% free, 51MB/67MB, paused 338us total 19.286ms
08-05 16:12:17.038 17259 17271 I art     : Starting a blocking GC Explicit
08-05 16:12:17.057 17259 17271 I art     : Explicit concurrent mark sweep GC freed 3(96B) AllocSpace objects, 0(0B) LOS objects, 23% free, 51MB/67MB, paused 359us total 19.007ms
08-05 16:12:17.325 17259 18347 I art     : Starting a blocking GC Explicit
08-05 16:12:17.344 17259 18347 I art     : Explicit concurrent mark sweep GC freed 1340(78KB) AllocSpace objects, 1(20KB) LOS objects, 23% free, 51MB/67MB, paused 399us total 18.723ms
08-05 16:12:17.353 17259 18347 I art     : Starting a blocking GC Explicit
08-05 16:12:17.370 17259 18347 I art     : Explicit concurrent mark sweep GC freed 20(704B) AllocSpace objects, 0(0B) LOS objects, 23% free, 51MB/67MB, paused 317us total 16.950ms
08-05 16:12:17.378 17259 18347 I art     : Starting a blocking GC Explicit
08-05 16:12:17.394 17259 18347 I art     : Explicit concurrent mark sweep GC freed 3(96B) AllocSpace objects, 0(0B) LOS objects, 23% free, 51MB/67MB, paused 321us total 16.190ms
08-05 16:12:17.402 17259 18347 I art     : Starting a blocking GC Explicit
08-05 16:12:17.420 17259 18347 I art     : Explicit concurrent mark sweep GC freed 3(96B) AllocSpace objects, 0(0B) LOS objects, 23% free, 51MB/67MB, paused 324us total 17.770ms
08-05 16:12:17.428 17259 18347 I art     : Starting a blocking GC Explicit
08-05 16:12:17.446 17259 18347 I art     : Explicit concurrent mark sweep GC freed 3(96B) AllocSpace objects, 0(0B) LOS objects, 23% free, 51MB/67MB, paused 319us total 17.404ms
08-05 16:12:17.634 18372 18372 D AndroidRuntime: >>>>>> START com.android.internal.os.RuntimeInit uid 2000 <<<<<<
08-05 16:12:17.638 18372 18372 D AndroidRuntime: CheckJNI is OFF
08-05 16:12:17.672 18372 18372 D ICU     : No timezone override file found: /data/misc/zoneinfo/current/icu/icu_tzdata.dat
08-05 16:12:17.704 18372 18372 I Radio-JNI: register_android_hardware_Radio DONE
08-05 16:12:17.726 18372 18372 D AndroidRuntime: Calling main entry com.android.commands.input.Input
08-05 16:12:17.728 18372 18372 I Input   : injectMotionEvent: MotionEvent { action=ACTION_DOWN, actionButton=0, id[0]=0, x[0]=733.0, y[0]=1957.0, toolType[0]=TOOL_TYPE_UNKNOWN, buttonState=0, metaState=0, flags=0x0, edgeFlags=0x0, pointerCount=1, historySize=0, eventTime=807154141, downTime=807154141, deviceId=0, source=0x1002 }
08-05 16:12:17.732 18372 18372 I Input   : injectMotionEvent: MotionEvent { action=ACTION_UP, actionButton=0, id[0]=0, x[0]=733.0, y[0]=1957.0, toolType[0]=TOOL_TYPE_UNKNOWN, buttonState=0, metaState=0, flags=0x0, edgeFlags=0x0, pointerCount=1, historySize=0, eventTime=807154141, downTime=807154141, deviceId=0, source=0x1002 }
08-05 16:12:17.734   918   928 I ActivityManager: START u0 {cmp=baseline.appteam.nith.hillffair/.activities.ClubActivity (has extras)} from uid 10675 on display 0
08-05 16:12:17.741 18372 18372 D AndroidRuntime: Shutting down VM
08-05 16:12:17.764 17259 18347 I art     : Starting a blocking GC Explicit
08-05 16:12:17.787 17259 18347 I art     : Explicit concurrent mark sweep GC freed 4712(281KB) AllocSpace objects, 1(20KB) LOS objects, 23% free, 51MB/67MB, paused 435us total 22.338ms
08-05 16:12:17.796 17259 18347 I art     : Starting a blocking GC Explicit
08-05 16:12:17.814 17259 18347 I art     : Explicit concurrent mark sweep GC freed 343(14KB) AllocSpace objects, 0(0B) LOS objects, 23% free, 51MB/67MB, paused 706us total 18.236ms
08-05 16:12:17.823 17259 18347 I art     : Starting a blocking GC Explicit
08-05 16:12:17.828   918   936 I ActivityManager: Displayed baseline.appteam.nith.hillffair/.activities.ClubActivity: +86ms
08-05 16:12:17.828 13866 13866 I GoogleInputMethodServic: GoogleInputMethodService.onFinishInput():3138 
08-05 16:12:17.829 13866 13866 I GoogleInputMethodServic: GoogleInputMethodService.onStartInput():1808 
08-05 16:12:17.843 17259 18347 I art     : Explicit concurrent mark sweep GC freed 177(9KB) AllocSpace objects, 0(0B) LOS objects, 23% free, 51MB/67MB, paused 571us total 19.618ms
08-05 16:12:17.852 17259 18347 I art     : Starting a blocking GC Explicit
08-05 16:12:17.871 17259 18347 I art     : Explicit concurrent mark sweep GC freed 28(1152B) AllocSpace objects, 0(0B) LOS objects, 23% free, 51MB/67MB, paused 344us total 18.784ms
08-05 16:12:17.879 17259 18347 I art     : Starting a blocking GC Explicit
08-05 16:12:17.896 17259 18347 I art     : Explicit concurrent mark sweep GC freed 5(176B) AllocSpace objects, 0(0B) LOS objects, 23% free, 51MB/67MB, paused 338us total 16.540ms
08-05 16:12:18.085   380   380 W SurfaceFlinger: couldn't log to binary event log: overflow.
08-05 16:12:18.145 17259 17271 I art     : Starting a blocking GC Explicit
08-05 16:12:18.162 17259 17271 I art     : Explicit concurrent mark sweep GC freed 1341(78KB) AllocSpace objects, 1(20KB) LOS objects, 23% free, 51MB/67MB, paused 339us total 17.449ms
08-05 16:12:18.170 17259 17271 I art     : Starting a blocking GC Explicit
08-05 16:12:18.189 17259 17271 I art     : Explicit concurrent mark sweep GC freed 20(704B) AllocSpace objects, 0(0B) LOS objects, 23% free, 51MB/67MB, paused 358us total 18.210ms
08-05 16:12:18.197 17259 17271 I art     : Starting a blocking GC Explicit
08-05 16:12:18.216 17259 17271 I art     : Explicit concurrent mark sweep GC freed 95(5KB) AllocSpace objects, 0(0B) LOS objects, 23% free, 51MB/67MB, paused 419us total 19.357ms
08-05 16:12:18.224 17259 17271 I art     : Starting a blocking GC Explicit
08-05 16:12:18.242 17259 17271 I art     : Explicit concurrent mark sweep GC freed 18(704B) AllocSpace objects, 0(0B) LOS objects, 23% free, 51MB/67MB, paused 341us total 17.440ms
08-05 16:12:18.250 17259 17271 I art     : Starting a blocking GC Explicit
08-05 16:12:18.269 17259 17271 I art     : Explicit concurrent mark sweep GC freed 10(352B) AllocSpace objects, 0(0B) LOS objects, 23% free, 51MB/67MB, paused 388us total 18.573ms
08-05 16:12:18.537 17259 17529 I art     : Starting a blocking GC Explicit
08-05 16:12:18.559 17259 17529 I art     : Explicit concurrent mark sweep GC freed 3801(206KB) AllocSpace objects, 3(140KB) LOS objects, 23% free, 52MB/68MB, paused 740us total 21.838ms
08-05 16:12:18.566 17259 18414 D OkHttp  : --> GET https://api-hillfair-2k16.herokuapp.com/api/app/events/special/event?id=58065620dcba0f490c70fe09 http/1.1
08-05 16:12:18.569 17259 17529 I art     : Starting a blocking GC Explicit
08-05 16:12:18.588 17259 17529 I art     : Explicit concurrent mark sweep GC freed 1162(122KB) AllocSpace objects, 1(80KB) LOS objects, 23% free, 52MB/68MB, paused 522us total 19.365ms
08-05 16:12:18.596 17259 17529 I art     : Starting a blocking GC Explicit
08-05 16:12:18.602 17259 18414 D OkHttp  : <-- 200 OK https://api-hillfair-2k16.herokuapp.com/api/app/events/special/event?id=58065620dcba0f490c70fe09 (35ms, 682-byte body)
08-05 16:12:18.614 17259 17529 I art     : Explicit concurrent mark sweep GC freed 195(38KB) AllocSpace objects, 0(0B) LOS objects, 23% free, 52MB/68MB, paused 371us total 18.052ms
08-05 16:12:18.622 17259 17529 I art     : Starting a blocking GC Explicit
08-05 16:12:18.640 17259 17529 I art     : Explicit concurrent mark sweep GC freed 69(2928B) AllocSpace objects, 0(0B) LOS objects, 23% free, 52MB/68MB, paused 354us total 17.633ms
08-05 16:12:18.648 17259 17529 I art     : Starting a blocking GC Explicit
08-05 16:12:18.654 17259 17259 I NAPPA_EXPERIMENTATION: MetricNetworkRequestExecutionTime: REQUEST_DURATION_SYSTEM='887',REQUEST_DURATION_OKHTTP='35',REQUEST_SYNCHRONOUS='FALSE',RESPONSE_CODE='200',RESPONSE_METHOD='GET',RESPONSE_LENGTH_OKHTTP='682',RESPONSE_LENGTH_HEADER='682',REQUEST_PROTOCOL='http/1.1',REQUEST_URL='https://api-hillfair-2k16.herokuapp.com/api/app/events/special/event?id=58065620dcba0f490c70fe09',
08-05 16:12:18.665 17259 17529 I art     : Explicit concurrent mark sweep GC freed 559(65KB) AllocSpace objects, 0(0B) LOS objects, 23% free, 52MB/68MB, paused 363us total 17.195ms
08-05 16:12:18.950 17259 18347 I art     : Starting a blocking GC Explicit
08-05 16:12:18.971 17259 18347 I art     : Explicit concurrent mark sweep GC freed 1459(102KB) AllocSpace objects, 1(20KB) LOS objects, 23% free, 52MB/68MB, paused 400us total 20.908ms
08-05 16:12:18.980 17259 18347 I art     : Starting a blocking GC Explicit
08-05 16:12:19.000 17259 18347 I art     : Explicit concurrent mark sweep GC freed 23(800B) AllocSpace objects, 0(0B) LOS objects, 23% free, 52MB/68MB, paused 352us total 19.558ms
08-05 16:12:19.009 17259 18347 I art     : Starting a blocking GC Explicit
08-05 16:12:19.029 17259 18347 I art     : Explicit concurrent mark sweep GC freed 3(96B) AllocSpace objects, 0(0B) LOS objects, 23% free, 52MB/68MB, paused 362us total 19.986ms
08-05 16:12:19.038 17259 18347 I art     : Starting a blocking GC Explicit
08-05 16:12:19.057 17259 18347 I art     : Explicit concurrent mark sweep GC freed 3(96B) AllocSpace objects, 0(0B) LOS objects, 23% free, 52MB/68MB, paused 418us total 19.015ms
08-05 16:12:19.065 17259 18347 I art     : Starting a blocking GC Explicit
08-05 16:12:19.084 17259 18347 I art     : Explicit concurrent mark sweep GC freed 19(656B) AllocSpace objects, 0(0B) LOS objects, 23% free, 52MB/68MB, paused 348us total 18.949ms
08-05 16:12:19.367 17259 17271 I art     : Starting a blocking GC Explicit
08-05 16:12:19.391 17259 17271 I art     : Explicit concurrent mark sweep GC freed 1341(78KB) AllocSpace objects, 1(20KB) LOS objects, 23% free, 52MB/68MB, paused 374us total 23.037ms
08-05 16:12:19.391 17259 17270 I art     : WaitForGcToComplete blocked for 18.145ms for cause HeapTrim
08-05 16:12:19.402 17259 17271 I art     : Starting a blocking GC Explicit
08-05 16:12:19.422 17259 17271 I art     : Explicit concurrent mark sweep GC freed 20(704B) AllocSpace objects, 0(0B) LOS objects, 23% free, 52MB/68MB, paused 363us total 19.941ms
08-05 16:12:19.431 17259 17271 I art     : Starting a blocking GC Explicit
08-05 16:12:19.451 17259 17271 I art     : Explicit concurrent mark sweep GC freed 3(96B) AllocSpace objects, 0(0B) LOS objects, 23% free, 52MB/68MB, paused 344us total 20.143ms
08-05 16:12:19.460 17259 17271 I art     : Starting a blocking GC Explicit
08-05 16:12:19.480 17259 17271 I art     : Explicit concurrent mark sweep GC freed 3(96B) AllocSpace objects, 0(0B) LOS objects, 23% free, 52MB/68MB, paused 357us total 19.907ms
08-05 16:12:19.489 17259 17271 I art     : Starting a blocking GC Explicit
08-05 16:12:19.508 17259 17271 I art     : Explicit concurrent mark sweep GC freed 3(96B) AllocSpace objects, 0(0B) LOS objects, 23% free, 52MB/68MB, paused 395us total 19.403ms
08-05 16:12:19.827 17259 17529 I art     : Starting a blocking GC Explicit
08-05 16:12:19.852 17259 17529 I art     : Explicit concurrent mark sweep GC freed 1341(78KB) AllocSpace objects, 1(20KB) LOS objects, 23% free, 52MB/68MB, paused 379us total 24.695ms
08-05 16:12:19.864 17259 17529 I art     : Starting a blocking GC Explicit
08-05 16:12:19.886 17259 17529 I art     : Explicit concurrent mark sweep GC freed 20(704B) AllocSpace objects, 0(0B) LOS objects, 23% free, 52MB/68MB, paused 349us total 22.085ms
08-05 16:12:19.895 17259 17529 I art     : Starting a blocking GC Explicit
08-05 16:12:19.915 17259 17529 I art     : Explicit concurrent mark sweep GC freed 3(96B) AllocSpace objects, 0(0B) LOS objects, 23% free, 52MB/68MB, paused 410us total 19.871ms
08-05 16:12:19.924 17259 17529 I art     : Starting a blocking GC Explicit
08-05 16:12:19.944 17259 17529 I art     : Explicit concurrent mark sweep GC freed 3(96B) AllocSpace objects, 0(0B) LOS objects, 23% free, 52MB/68MB, paused 352us total 19.966ms
08-05 16:12:19.953 17259 17529 I art     : Starting a blocking GC Explicit
08-05 16:12:19.972 17259 17529 I art     : Explicit concurrent mark sweep GC freed 3(96B) AllocSpace objects, 0(0B) LOS objects, 23% free, 52MB/68MB, paused 348us total 19.298ms
08-05 16:12:20.256 12631 12631 I ServiceManager: Waiting for service AtCmdFwd...
08-05 16:12:20.270 17259 17294 I art     : Starting a blocking GC Explicit
08-05 16:12:20.294 17259 17294 I art     : Explicit concurrent mark sweep GC freed 1341(78KB) AllocSpace objects, 1(20KB) LOS objects, 23% free, 52MB/68MB, paused 362us total 23.286ms
08-05 16:12:20.302 17259 17294 I art     : Starting a blocking GC Explicit
08-05 16:12:20.322 17259 17294 I art     : Explicit concurrent mark sweep GC freed 20(704B) AllocSpace objects, 0(0B) LOS objects, 23% free, 52MB/68MB, paused 365us total 19.661ms
08-05 16:12:20.331 17259 17294 I art     : Starting a blocking GC Explicit
08-05 16:12:20.350 17259 17294 I art     : Explicit concurrent mark sweep GC freed 3(96B) AllocSpace objects, 0(0B) LOS objects, 23% free, 52MB/68MB, paused 352us total 19.168ms
08-05 16:12:20.358 17259 17294 I art     : Starting a blocking GC Explicit
08-05 16:12:20.378 17259 17294 I art     : Explicit concurrent mark sweep GC freed 3(96B) AllocSpace objects, 0(0B) LOS objects, 23% free, 52MB/68MB, paused 355us total 19.068ms
08-05 16:12:20.386 17259 17294 I art     : Starting a blocking GC Explicit
08-05 16:12:20.405 17259 17294 I art     : Explicit concurrent mark sweep GC freed 3(96B) AllocSpace objects, 0(0B) LOS objects, 23% free, 52MB/68MB, paused 349us total 18.675ms
08-05 16:12:20.425 18466 18466 D AndroidRuntime: >>>>>> START com.android.internal.os.RuntimeInit uid 2000 <<<<<<
08-05 16:12:20.430 18466 18466 D AndroidRuntime: CheckJNI is OFF
08-05 16:12:20.444  5179  5194 D QcrilMsgTunnelSocket: readRilMessage: Buffer = [B@671e81d HexData = [010000000404000011000000514f454d484f4f4bef0308000100000003]
08-05 16:12:20.445  5179  5194 D QcrilMsgTunnelSocket: Rcvd UNSOL response with 28 bytes data for SUB0
08-05 16:12:20.445  5179  5194 D QcrilMsgTunnelSocket: Response ID 525295 is not served in this process.
08-05 16:12:20.445  5179  5194 D QcrilMsgTunnelSocket: To broadcast an Intent via the notifier to external apps
08-05 16:12:20.445  5179  5179 D QcrilMsgTunnelIfaceManager: handleMessage what = 0
08-05 16:12:20.445  5179  5179 D QcrilMsgTunnelIfaceManager: Broadcasting intent ACTION_UNSOL_RESPONSE_OEM_HOOK_RAW
08-05 16:12:20.453  5164  5164 D QC_RIL_OEM_HOOK: Received Broadcast Intent ACTION_UNSOL_RESPONSE_OEM_HOOK_RAW
08-05 16:12:20.454  5164  5164 D QC_RIL_OEM_HOOK: Oem ID in QCRILHOOK UNSOL RESP is QOEMHOOK
08-05 16:12:20.461 18466 18466 D ICU     : No timezone override file found: /data/misc/zoneinfo/current/icu/icu_tzdata.dat
08-05 16:12:20.495 18466 18466 I Radio-JNI: register_android_hardware_Radio DONE
08-05 16:12:20.517 18466 18466 D AndroidRuntime: Calling main entry com.android.commands.input.Input
08-05 16:12:20.519 18466 18466 I Input   : injectKeyEvent: KeyEvent { action=ACTION_DOWN, keyCode=KEYCODE_BACK, scanCode=0, metaState=0, flags=0x0, repeatCount=0, eventTime=807156932, downTime=807156932, deviceId=-1, source=0x101 }
08-05 16:12:20.525 18466 18466 I Input   : injectKeyEvent: KeyEvent { action=ACTION_UP, keyCode=KEYCODE_BACK, scanCode=0, metaState=0, flags=0x0, repeatCount=0, eventTime=807156932, downTime=807156932, deviceId=-1, source=0x101 }
08-05 16:12:20.535 18466 18466 D AndroidRuntime: Shutting down VM
08-05 16:12:20.579 13866 13866 I GoogleInputMethodServic: GoogleInputMethodService.onFinishInput():3138 
08-05 16:12:20.580 13866 13866 I GoogleInputMethodServic: GoogleInputMethodService.onStartInput():1808 
08-05 16:12:20.654 17259 17271 I art     : Starting a blocking GC Explicit
08-05 16:12:20.672 17259 17271 I art     : Explicit concurrent mark sweep GC freed 1511(85KB) AllocSpace objects, 1(20KB) LOS objects, 23% free, 52MB/68MB, paused 315us total 17.788ms
08-05 16:12:20.681 17259 17271 I art     : Starting a blocking GC Explicit
08-05 16:12:20.699 17259 17271 I art     : Explicit concurrent mark sweep GC freed 26(944B) AllocSpace objects, 0(0B) LOS objects, 23% free, 52MB/68MB, paused 323us total 17.390ms
08-05 16:12:20.707 17259 17271 I art     : Starting a blocking GC Explicit
08-05 16:12:20.724 17259 17271 I art     : Explicit concurrent mark sweep GC freed 3(96B) AllocSpace objects, 0(0B) LOS objects, 23% free, 52MB/68MB, paused 426us total 17.476ms
08-05 16:12:20.734 17259 17271 I art     : Starting a blocking GC Explicit
08-05 16:12:20.755 17259 17271 I art     : Explicit concurrent mark sweep GC freed 3(96B) AllocSpace objects, 0(0B) LOS objects, 23% free, 52MB/68MB, paused 330us total 20.898ms
08-05 16:12:20.767 17259 17271 I art     : Starting a blocking GC Explicit
08-05 16:12:20.788 17259 17271 I art     : Explicit concurrent mark sweep GC freed 3(96B) AllocSpace objects, 0(0B) LOS objects, 23% free, 52MB/68MB, paused 322us total 21.286ms
08-05 16:12:20.888   380   380 W SurfaceFlinger: couldn't log to binary event log: overflow.
08-05 16:12:21.044 17259 17271 I art     : Starting a blocking GC Explicit
08-05 16:12:21.070 17259 17271 I art     : Explicit concurrent mark sweep GC freed 1450(87KB) AllocSpace objects, 1(20KB) LOS objects, 23% free, 52MB/68MB, paused 468us total 25.180ms
08-05 16:12:21.080 17259 17271 I art     : Starting a blocking GC Explicit
08-05 16:12:21.100 17259 17271 I art     : Explicit concurrent mark sweep GC freed 1672(106KB) AllocSpace objects, 3(400KB) LOS objects, 23% free, 51MB/67MB, paused 346us total 19.864ms
08-05 16:12:21.109 17259 17271 I art     : Starting a blocking GC Explicit
08-05 16:12:21.128 17259 17271 I art     : Explicit concurrent mark sweep GC freed 3(96B) AllocSpace objects, 0(0B) LOS objects, 23% free, 51MB/67MB, paused 405us total 19.028ms
08-05 16:12:21.137 17259 17271 I art     : Starting a blocking GC Explicit
08-05 16:12:21.156 17259 17271 I art     : Explicit concurrent mark sweep GC freed 3(96B) AllocSpace objects, 0(0B) LOS objects, 23% free, 51MB/67MB, paused 345us total 19.319ms
08-05 16:12:21.165 17259 17271 I art     : Starting a blocking GC Explicit
08-05 16:12:21.184 17259 17271 I art     : Explicit concurrent mark sweep GC freed 3(96B) AllocSpace objects, 0(0B) LOS objects, 23% free, 51MB/67MB, paused 350us total 18.807ms
08-05 16:12:21.257 12631 12631 I ServiceManager: Waiting for service AtCmdFwd...
08-05 16:12:21.479 17259 17294 I art     : Starting a blocking GC Explicit
08-05 16:12:21.504 17259 17294 I art     : Explicit concurrent mark sweep GC freed 1341(78KB) AllocSpace objects, 1(20KB) LOS objects, 23% free, 51MB/67MB, paused 440us total 24.272ms
08-05 16:12:21.515 17259 17294 I art     : Starting a blocking GC Explicit
08-05 16:12:21.535 17259 17294 I art     : Explicit concurrent mark sweep GC freed 20(704B) AllocSpace objects, 0(0B) LOS objects, 23% free, 51MB/67MB, paused 358us total 19.094ms
08-05 16:12:21.543 17259 17294 I art     : Starting a blocking GC Explicit
08-05 16:12:21.562 17259 17294 I art     : Explicit concurrent mark sweep GC freed 3(96B) AllocSpace objects, 0(0B) LOS objects, 23% free, 51MB/67MB, paused 349us total 18.636ms
08-05 16:12:21.571 17259 17294 I art     : Starting a blocking GC Explicit
08-05 16:12:21.589 17259 17294 I art     : Explicit concurrent mark sweep GC freed 3(96B) AllocSpace objects, 0(0B) LOS objects, 23% free, 51MB/67MB, paused 357us total 18.434ms
08-05 16:12:21.598 17259 17294 I art     : Starting a blocking GC Explicit
08-05 16:12:21.617 17259 17294 I art     : Explicit concurrent mark sweep GC freed 3(96B) AllocSpace objects, 0(0B) LOS objects, 23% free, 51MB/67MB, paused 392us total 19.316ms
08-05 16:12:21.892 17259 17529 I art     : Starting a blocking GC Explicit
08-05 16:12:21.911 17259 17529 I art     : Explicit concurrent mark sweep GC freed 1340(78KB) AllocSpace objects, 1(20KB) LOS objects, 23% free, 51MB/67MB, paused 355us total 19.244ms
08-05 16:12:21.919 17259 17529 I art     : Starting a blocking GC Explicit
08-05 16:12:21.938 17259 17529 I art     : Explicit concurrent mark sweep GC freed 20(704B) AllocSpace objects, 0(0B) LOS objects, 23% free, 51MB/67MB, paused 352us total 18.552ms
08-05 16:12:21.947 17259 17529 I art     : Starting a blocking GC Explicit
08-05 16:12:21.966 17259 17529 I art     : Explicit concurrent mark sweep GC freed 3(96B) AllocSpace objects, 0(0B) LOS objects, 23% free, 51MB/67MB, paused 347us total 18.845ms
08-05 16:12:21.974 17259 17529 I art     : Starting a blocking GC Explicit
08-05 16:12:21.992 17259 17529 I art     : Explicit concurrent mark sweep GC freed 3(96B) AllocSpace objects, 0(0B) LOS objects, 23% free, 51MB/67MB, paused 356us total 18.275ms
08-05 16:12:22.000 17259 17529 I art     : Starting a blocking GC Explicit
08-05 16:12:22.018 17259 17529 I art     : Explicit concurrent mark sweep GC freed 3(96B) AllocSpace objects, 0(0B) LOS objects, 23% free, 51MB/67MB, paused 346us total 18.120ms
08-05 16:12:22.195 18538 18538 D AndroidRuntime: >>>>>> START com.android.internal.os.RuntimeInit uid 2000 <<<<<<
08-05 16:12:22.200 18538 18538 D AndroidRuntime: CheckJNI is OFF
08-05 16:12:22.232 18538 18538 D ICU     : No timezone override file found: /data/misc/zoneinfo/current/icu/icu_tzdata.dat
08-05 16:12:22.257 12631 12631 I ServiceManager: Waiting for service AtCmdFwd...
08-05 16:12:22.264 18538 18538 I Radio-JNI: register_android_hardware_Radio DONE
08-05 16:12:22.287 18538 18538 D AndroidRuntime: Calling main entry com.android.commands.input.Input
08-05 16:12:22.288 18538 18538 I Input   : injectMotionEvent: MotionEvent { action=ACTION_DOWN, actionButton=0, id[0]=0, x[0]=733.0, y[0]=1957.0, toolType[0]=TOOL_TYPE_UNKNOWN, buttonState=0, metaState=0, flags=0x0, edgeFlags=0x0, pointerCount=1, historySize=0, eventTime=807158701, downTime=807158701, deviceId=0, source=0x1002 }
08-05 16:12:22.294 18538 18538 I Input   : injectMotionEvent: MotionEvent { action=ACTION_UP, actionButton=0, id[0]=0, x[0]=733.0, y[0]=1957.0, toolType[0]=TOOL_TYPE_UNKNOWN, buttonState=0, metaState=0, flags=0x0, edgeFlags=0x0, pointerCount=1, historySize=0, eventTime=807158701, downTime=807158701, deviceId=0, source=0x1002 }
08-05 16:12:22.295   918  4413 I ActivityManager: START u0 {cmp=baseline.appteam.nith.hillffair/.activities.ClubActivity (has extras)} from uid 10675 on display 0
08-05 16:12:22.302 18538 18538 D AndroidRuntime: Shutting down VM
08-05 16:12:22.303 17259 17271 I art     : Starting a blocking GC Explicit
08-05 16:12:22.324 17259 17271 I art     : Explicit concurrent mark sweep GC freed 1505(97KB) AllocSpace objects, 1(20KB) LOS objects, 23% free, 51MB/67MB, paused 525us total 20.711ms
08-05 16:12:22.332 17259 17271 I art     : Starting a blocking GC Explicit
08-05 16:12:22.351 17259 17271 I art     : Explicit concurrent mark sweep GC freed 3509(221KB) AllocSpace objects, 0(0B) LOS objects, 23% free, 51MB/67MB, paused 447us total 19.169ms
08-05 16:12:22.358 17259 17271 I art     : Starting a blocking GC Explicit
08-05 16:12:22.375 17259 17271 I art     : Explicit concurrent mark sweep GC freed 240(11KB) AllocSpace objects, 0(0B) LOS objects, 23% free, 51MB/67MB, paused 594us total 16.810ms
08-05 16:12:22.384 17259 17271 I art     : Starting a blocking GC Explicit
08-05 16:12:22.390   918   936 I ActivityManager: Displayed baseline.appteam.nith.hillffair/.activities.ClubActivity: +87ms
08-05 16:12:22.390 13866 13866 I GoogleInputMethodServic: GoogleInputMethodService.onFinishInput():3138 
08-05 16:12:22.392 13866 13866 I GoogleInputMethodServic: GoogleInputMethodService.onStartInput():1808 
08-05 16:12:22.402 17259 17271 I art     : Explicit concurrent mark sweep GC freed 163(6KB) AllocSpace objects, 0(0B) LOS objects, 23% free, 52MB/68MB, paused 405us total 17.349ms
08-05 16:12:22.410 17259 17271 I art     : Starting a blocking GC Explicit
08-05 16:12:22.429 17259 17271 I art     : Explicit concurrent mark sweep GC freed 35(1584B) AllocSpace objects, 0(0B) LOS objects, 23% free, 52MB/68MB, paused 382us total 17.860ms
08-05 16:12:22.640   380   380 W SurfaceFlinger: couldn't log to binary event log: overflow.
08-05 16:12:22.696 17259 17272 I art     : Starting a blocking GC Explicit
08-05 16:12:22.715 17259 17272 I art     : Explicit concurrent mark sweep GC freed 1403(83KB) AllocSpace objects, 1(20KB) LOS objects, 23% free, 52MB/68MB, paused 378us total 19.348ms
08-05 16:12:22.724 17259 17272 I art     : Starting a blocking GC Explicit
08-05 16:12:22.743 17259 17272 I art     : Explicit concurrent mark sweep GC freed 20(704B) AllocSpace objects, 0(0B) LOS objects, 23% free, 52MB/68MB, paused 374us total 18.927ms
08-05 16:12:22.751 17259 17272 I art     : Starting a blocking GC Explicit
08-05 16:12:22.771 17259 17272 I art     : Explicit concurrent mark sweep GC freed 3(96B) AllocSpace objects, 0(0B) LOS objects, 23% free, 52MB/68MB, paused 391us total 19.071ms
08-05 16:12:22.780 17259 17272 I art     : Starting a blocking GC Explicit
08-05 16:12:22.804 17259 17272 I art     : Explicit concurrent mark sweep GC freed 105(5KB) AllocSpace objects, 0(0B) LOS objects, 23% free, 52MB/68MB, paused 414us total 23.775ms
08-05 16:12:22.813 17259 17272 I art     : Starting a blocking GC Explicit
08-05 16:12:22.832 17259 17272 I art     : Explicit concurrent mark sweep GC freed 13(480B) AllocSpace objects, 0(0B) LOS objects, 23% free, 52MB/68MB, paused 457us total 19.130ms
08-05 16:12:23.117 17259 17272 I art     : Starting a blocking GC Explicit
08-05 16:12:23.138 17259 17272 I art     : Explicit concurrent mark sweep GC freed 1400(80KB) AllocSpace objects, 1(20KB) LOS objects, 23% free, 52MB/68MB, paused 488us total 20.606ms
08-05 16:12:23.147 17259 17272 I art     : Starting a blocking GC Explicit
08-05 16:12:23.166 17259 18570 D OkHttp  : --> GET https://api-hillfair-2k16.herokuapp.com/api/app/events/special/event?id=58065620dcba0f490c70fe09 http/1.1
08-05 16:12:23.169 17259 17272 I art     : Explicit concurrent mark sweep GC freed 2613(133KB) AllocSpace objects, 2(120KB) LOS objects, 23% free, 52MB/68MB, paused 738us total 21.653ms
08-05 16:12:23.177 17259 17272 I art     : Starting a blocking GC Explicit
08-05 16:12:23.195 17259 17272 I art     : Explicit concurrent mark sweep GC freed 983(118KB) AllocSpace objects, 1(80KB) LOS objects, 23% free, 52MB/68MB, paused 432us total 18.460ms
08-05 16:12:23.203 17259 17272 I art     : Starting a blocking GC Explicit
08-05 16:12:23.206 17259 18570 D OkHttp  : <-- 200 OK https://api-hillfair-2k16.herokuapp.com/api/app/events/special/event?id=58065620dcba0f490c70fe09 (39ms, 682-byte body)
08-05 16:12:23.222 17259 17272 I art     : Explicit concurrent mark sweep GC freed 161(31KB) AllocSpace objects, 0(0B) LOS objects, 23% free, 52MB/68MB, paused 423us total 18.901ms
08-05 16:12:23.230 17259 17272 I art     : Starting a blocking GC Explicit
08-05 16:12:23.249 17259 17272 I art     : Explicit concurrent mark sweep GC freed 93(3KB) AllocSpace objects, 0(0B) LOS objects, 23% free, 52MB/68MB, paused 407us total 18.330ms
08-05 16:12:23.258 12631 12631 I ServiceManager: Waiting for service AtCmdFwd...
08-05 16:12:23.259 17259 17259 I NAPPA_EXPERIMENTATION: MetricNetworkRequestExecutionTime: REQUEST_DURATION_SYSTEM='924',REQUEST_DURATION_OKHTTP='39',REQUEST_SYNCHRONOUS='FALSE',RESPONSE_CODE='200',RESPONSE_METHOD='GET',RESPONSE_LENGTH_OKHTTP='682',RESPONSE_LENGTH_HEADER='682',REQUEST_PROTOCOL='http/1.1',REQUEST_URL='https://api-hillfair-2k16.herokuapp.com/api/app/events/special/event?id=58065620dcba0f490c70fe09',
08-05 16:12:23.533 17259 17272 I art     : Starting a blocking GC Explicit
08-05 16:12:23.554 17259 17272 I art     : Explicit concurrent mark sweep GC freed 1942(141KB) AllocSpace objects, 1(20KB) LOS objects, 23% free, 52MB/68MB, paused 391us total 21.309ms
08-05 16:12:23.563 17259 17272 I art     : Starting a blocking GC Explicit
08-05 16:12:23.584 17259 17272 I art     : Explicit concurrent mark sweep GC freed 61(2048B) AllocSpace objects, 0(0B) LOS objects, 23% free, 52MB/68MB, paused 368us total 20.421ms
08-05 16:12:23.593 17259 17272 I art     : Starting a blocking GC Explicit
08-05 16:12:23.613 17259 17272 I art     : Explicit concurrent mark sweep GC freed 3(96B) AllocSpace objects, 0(0B) LOS objects, 23% free, 52MB/68MB, paused 366us total 19.622ms
08-05 16:12:23.621 17259 17272 I art     : Starting a blocking GC Explicit
08-05 16:12:23.641 17259 17272 I art     : Explicit concurrent mark sweep GC freed 3(96B) AllocSpace objects, 0(0B) LOS objects, 23% free, 52MB/68MB, paused 380us total 19.553ms
08-05 16:12:23.650 17259 17272 I art     : Starting a blocking GC Explicit
08-05 16:12:23.669 17259 17272 I art     : Explicit concurrent mark sweep GC freed 19(656B) AllocSpace objects, 0(0B) LOS objects, 23% free, 52MB/68MB, paused 379us total 19.460ms
08-05 16:12:23.956 17259 17294 I art     : Starting a blocking GC Explicit
08-05 16:12:23.982 17259 17294 I art     : Explicit concurrent mark sweep GC freed 1341(78KB) AllocSpace objects, 1(20KB) LOS objects, 23% free, 52MB/68MB, paused 429us total 25.685ms
08-05 16:12:23.991 17259 17294 I art     : Starting a blocking GC Explicit
08-05 16:12:24.012 17259 17294 I art     : Explicit concurrent mark sweep GC freed 20(704B) AllocSpace objects, 0(0B) LOS objects, 23% free, 52MB/68MB, paused 385us total 20.621ms
08-05 16:12:24.021 17259 17294 I art     : Starting a blocking GC Explicit
08-05 16:12:24.041 17259 17294 I art     : Explicit concurrent mark sweep GC freed 3(96B) AllocSpace objects, 0(0B) LOS objects, 23% free, 52MB/68MB, paused 376us total 20.023ms
08-05 16:12:24.049 17259 17294 I art     : Starting a blocking GC Explicit
08-05 16:12:24.070 17259 17294 I art     : Explicit concurrent mark sweep GC freed 3(96B) AllocSpace objects, 0(0B) LOS objects, 23% free, 52MB/68MB, paused 390us total 20.049ms
08-05 16:12:24.078 17259 17294 I art     : Starting a blocking GC Explicit
08-05 16:12:24.099 17259 17294 I art     : Explicit concurrent mark sweep GC freed 3(96B) AllocSpace objects, 0(0B) LOS objects, 23% free, 52MB/68MB, paused 408us total 20.320ms
08-05 16:12:24.259 12631 12631 I ServiceManager: Waiting for service AtCmdFwd...
08-05 16:12:24.437 17259 18347 I art     : Starting a blocking GC Explicit
08-05 16:12:24.463 17259 18347 I art     : Explicit concurrent mark sweep GC freed 1341(78KB) AllocSpace objects, 1(20KB) LOS objects, 23% free, 52MB/68MB, paused 408us total 25.263ms
08-05 16:12:24.474 17259 18347 I art     : Starting a blocking GC Explicit
08-05 16:12:24.497 17259 18347 I art     : Explicit concurrent mark sweep GC freed 20(704B) AllocSpace objects, 0(0B) LOS objects, 23% free, 52MB/68MB, paused 405us total 22.624ms
08-05 16:12:24.506 17259 18347 I art     : Starting a blocking GC Explicit
08-05 16:12:24.527 17259 18347 I art     : Explicit concurrent mark sweep GC freed 3(96B) AllocSpace objects, 0(0B) LOS objects, 23% free, 52MB/68MB, paused 448us total 20.796ms
08-05 16:12:24.535 17259 18347 I art     : Starting a blocking GC Explicit
08-05 16:12:24.555 17259 18347 I art     : Explicit concurrent mark sweep GC freed 3(96B) AllocSpace objects, 0(0B) LOS objects, 23% free, 52MB/68MB, paused 371us total 19.352ms
08-05 16:12:24.563 17259 18347 I art     : Starting a blocking GC Explicit
08-05 16:12:24.582 17259 18347 I art     : Explicit concurrent mark sweep GC freed 3(96B) AllocSpace objects, 0(0B) LOS objects, 23% free, 52MB/68MB, paused 348us total 18.854ms
08-05 16:12:24.894 17259 17271 I art     : Starting a blocking GC Explicit
08-05 16:12:24.914 17259 17271 I art     : Explicit concurrent mark sweep GC freed 1341(78KB) AllocSpace objects, 1(20KB) LOS objects, 23% free, 52MB/68MB, paused 383us total 20.352ms
08-05 16:12:24.923 17259 17271 I art     : Starting a blocking GC Explicit
08-05 16:12:24.943 17259 17271 I art     : Explicit concurrent mark sweep GC freed 20(704B) AllocSpace objects, 0(0B) LOS objects, 23% free, 52MB/68MB, paused 435us total 19.893ms
08-05 16:12:24.952 17259 17271 I art     : Starting a blocking GC Explicit
08-05 16:12:24.971 17259 17271 I art     : Explicit concurrent mark sweep GC freed 3(96B) AllocSpace objects, 0(0B) LOS objects, 23% free, 52MB/68MB, paused 383us total 19.020ms
08-05 16:12:24.979 17259 17271 I art     : Starting a blocking GC Explicit
08-05 16:12:24.990 18622 18622 D AndroidRuntime: >>>>>> START com.android.internal.os.RuntimeInit uid 2000 <<<<<<
08-05 16:12:24.995 18622 18622 D AndroidRuntime: CheckJNI is OFF
08-05 16:12:24.999 17259 17271 I art     : Explicit concurrent mark sweep GC freed 3(96B) AllocSpace objects, 0(0B) LOS objects, 23% free, 52MB/68MB, paused 403us total 19.210ms
08-05 16:12:25.007 17259 17271 I art     : Starting a blocking GC Explicit
08-05 16:12:25.026 17259 17271 I art     : Explicit concurrent mark sweep GC freed 3(96B) AllocSpace objects, 0(0B) LOS objects, 23% free, 52MB/68MB, paused 391us total 19.039ms
08-05 16:12:25.030 18622 18622 D ICU     : No timezone override file found: /data/misc/zoneinfo/current/icu/icu_tzdata.dat
08-05 16:12:25.063 18622 18622 I Radio-JNI: register_android_hardware_Radio DONE
08-05 16:12:25.085 18622 18622 D AndroidRuntime: Calling main entry com.android.commands.input.Input
08-05 16:12:25.086 18622 18622 I Input   : injectKeyEvent: KeyEvent { action=ACTION_DOWN, keyCode=KEYCODE_BACK, scanCode=0, metaState=0, flags=0x0, repeatCount=0, eventTime=807161499, downTime=807161499, deviceId=-1, source=0x101 }
08-05 16:12:25.093 18622 18622 I Input   : injectKeyEvent: KeyEvent { action=ACTION_UP, keyCode=KEYCODE_BACK, scanCode=0, metaState=0, flags=0x0, repeatCount=0, eventTime=807161499, downTime=807161499, deviceId=-1, source=0x101 }
08-05 16:12:25.099 18622 18622 D AndroidRuntime: Shutting down VM
08-05 16:12:25.141 13866 13866 I GoogleInputMethodServic: GoogleInputMethodService.onFinishInput():3138 
08-05 16:12:25.142 13866 13866 I GoogleInputMethodServic: GoogleInputMethodService.onStartInput():1808 
08-05 16:12:25.259 12631 12631 W Atfwd_Sendcmd: AtCmdFwd service not published, waiting... retryCnt : 3
08-05 16:12:25.271 17259 18347 I art     : Starting a blocking GC Explicit
08-05 16:12:25.294 17259 18347 I art     : Explicit concurrent mark sweep GC freed 1510(85KB) AllocSpace objects, 1(20KB) LOS objects, 23% free, 52MB/68MB, paused 348us total 22.317ms
08-05 16:12:25.306 17259 18347 I art     : Starting a blocking GC Explicit
08-05 16:12:25.331 17259 18347 I art     : Explicit concurrent mark sweep GC freed 26(944B) AllocSpace objects, 0(0B) LOS objects, 23% free, 52MB/68MB, paused 510us total 24.904ms
08-05 16:12:25.343 17259 18347 I art     : Starting a blocking GC Explicit
08-05 16:12:25.369 17259 18347 I art     : Explicit concurrent mark sweep GC freed 3(96B) AllocSpace objects, 0(0B) LOS objects, 23% free, 52MB/68MB, paused 436us total 25.377ms
08-05 16:12:25.377 17259 18347 I art     : Starting a blocking GC Explicit
08-05 16:12:25.402 17259 18347 I art     : Explicit concurrent mark sweep GC freed 3(96B) AllocSpace objects, 0(0B) LOS objects, 23% free, 52MB/68MB, paused 402us total 24.594ms
08-05 16:12:25.411 17259 18347 I art     : Starting a blocking GC Explicit
08-05 16:12:25.426   380   380 W SurfaceFlinger: couldn't log to binary event log: overflow.
08-05 16:12:25.432 17259 18347 I art     : Explicit concurrent mark sweep GC freed 90(7KB) AllocSpace objects, 0(0B) LOS objects, 23% free, 52MB/68MB, paused 411us total 20.861ms
08-05 16:12:25.716 17259 17271 I art     : Starting a blocking GC Explicit
08-05 16:12:25.743 17259 17271 I art     : Explicit concurrent mark sweep GC freed 1364(79KB) AllocSpace objects, 1(20KB) LOS objects, 23% free, 52MB/68MB, paused 418us total 26.127ms
08-05 16:12:25.755 17259 17271 I art     : Starting a blocking GC Explicit
08-05 16:12:25.775 17259 17271 I art     : Explicit concurrent mark sweep GC freed 1672(106KB) AllocSpace objects, 3(400KB) LOS objects, 23% free, 51MB/67MB, paused 369us total 19.252ms
08-05 16:12:25.783 17259 17271 I art     : Starting a blocking GC Explicit
08-05 16:12:25.802 17259 17271 I art     : Explicit concurrent mark sweep GC freed 3(96B) AllocSpace objects, 0(0B) LOS objects, 23% free, 51MB/67MB, paused 377us total 19.193ms
08-05 16:12:25.811 17259 17271 I art     : Starting a blocking GC Explicit
08-05 16:12:25.830 17259 17271 I art     : Explicit concurrent mark sweep GC freed 3(96B) AllocSpace objects, 0(0B) LOS objects, 23% free, 51MB/67MB, paused 376us total 19.553ms
08-05 16:12:25.839 17259 17271 I art     : Starting a blocking GC Explicit
08-05 16:12:25.859 17259 17271 I art     : Explicit concurrent mark sweep GC freed 3(96B) AllocSpace objects, 0(0B) LOS objects, 23% free, 51MB/67MB, paused 370us total 19.526ms
08-05 16:12:26.146 17259 17529 I art     : Starting a blocking GC Explicit
08-05 16:12:26.171 17259 17529 I art     : Explicit concurrent mark sweep GC freed 1341(78KB) AllocSpace objects, 1(20KB) LOS objects, 23% free, 51MB/67MB, paused 412us total 24.350ms
08-05 16:12:26.182 17259 17529 I art     : Starting a blocking GC Explicit
08-05 16:12:26.202 17259 17529 I art     : Explicit concurrent mark sweep GC freed 20(704B) AllocSpace objects, 0(0B) LOS objects, 23% free, 51MB/67MB, paused 369us total 19.869ms
08-05 16:12:26.210 17259 17529 I art     : Starting a blocking GC Explicit
08-05 16:12:26.231 17259 17529 I art     : Explicit concurrent mark sweep GC freed 3(96B) AllocSpace objects, 0(0B) LOS objects, 23% free, 51MB/67MB, paused 379us total 20.144ms
08-05 16:12:26.239 17259 17529 I art     : Starting a blocking GC Explicit
08-05 16:12:26.259 17259 17529 I art     : Explicit concurrent mark sweep GC freed 3(96B) AllocSpace objects, 0(0B) LOS objects, 23% free, 51MB/67MB, paused 374us total 19.814ms
08-05 16:12:26.268 17259 17529 I art     : Starting a blocking GC Explicit
08-05 16:12:26.288 17259 17529 I art     : Explicit concurrent mark sweep GC freed 3(96B) AllocSpace objects, 0(0B) LOS objects, 23% free, 51MB/67MB, paused 388us total 19.758ms
08-05 16:12:26.544 17259 17272 I art     : Starting a blocking GC Explicit
08-05 16:12:26.563 17259 17272 I art     : Explicit concurrent mark sweep GC freed 1340(78KB) AllocSpace objects, 1(20KB) LOS objects, 23% free, 51MB/67MB, paused 395us total 19.536ms
08-05 16:12:26.572 17259 17272 I art     : Starting a blocking GC Explicit
08-05 16:12:26.591 17259 17272 I art     : Explicit concurrent mark sweep GC freed 20(704B) AllocSpace objects, 0(0B) LOS objects, 23% free, 51MB/67MB, paused 368us total 19.135ms
08-05 16:12:26.599 17259 17272 I art     : Starting a blocking GC Explicit
08-05 16:12:26.619 17259 17272 I art     : Explicit concurrent mark sweep GC freed 3(96B) AllocSpace objects, 0(0B) LOS objects, 23% free, 51MB/67MB, paused 361us total 19.234ms
08-05 16:12:26.627 17259 17272 I art     : Starting a blocking GC Explicit
08-05 16:12:26.646 17259 17272 I art     : Explicit concurrent mark sweep GC freed 3(96B) AllocSpace objects, 0(0B) LOS objects, 23% free, 51MB/67MB, paused 365us total 18.558ms
08-05 16:12:26.654 17259 17272 I art     : Starting a blocking GC Explicit
08-05 16:12:26.672 17259 17272 I art     : Explicit concurrent mark sweep GC freed 3(96B) AllocSpace objects, 0(0B) LOS objects, 23% free, 51MB/67MB, paused 382us total 18.165ms
08-05 16:12:26.747 18677 18677 D AndroidRuntime: >>>>>> START com.android.internal.os.RuntimeInit uid 2000 <<<<<<
08-05 16:12:26.752 18677 18677 D AndroidRuntime: CheckJNI is OFF
08-05 16:12:26.790 18677 18677 D ICU     : No timezone override file found: /data/misc/zoneinfo/current/icu/icu_tzdata.dat
08-05 16:12:26.828 18677 18677 I Radio-JNI: register_android_hardware_Radio DONE
08-05 16:12:26.850 18677 18677 D AndroidRuntime: Calling main entry com.android.commands.input.Input
08-05 16:12:26.852 18677 18677 I Input   : injectMotionEvent: MotionEvent { action=ACTION_DOWN, actionButton=0, id[0]=0, x[0]=733.0, y[0]=645.0, toolType[0]=TOOL_TYPE_UNKNOWN, buttonState=0, metaState=0, flags=0x0, edgeFlags=0x0, pointerCount=1, historySize=0, eventTime=807163265, downTime=807163265, deviceId=0, source=0x1002 }
08-05 16:12:26.857 18677 18677 I Input   : injectMotionEvent: MotionEvent { action=ACTION_UP, actionButton=0, id[0]=0, x[0]=733.0, y[0]=645.0, toolType[0]=TOOL_TYPE_UNKNOWN, buttonState=0, metaState=0, flags=0x0, edgeFlags=0x0, pointerCount=1, historySize=0, eventTime=807163265, downTime=807163265, deviceId=0, source=0x1002 }
08-05 16:12:26.858   918  5952 I ActivityManager: START u0 {cmp=baseline.appteam.nith.hillffair/.activities.ClubActivity (has extras)} from uid 10675 on display 0
08-05 16:12:26.868 18677 18677 D AndroidRuntime: Shutting down VM
08-05 16:12:26.951 17259 18347 I art     : Starting a blocking GC Explicit
08-05 16:12:26.968 13866 13866 I GoogleInputMethodServic: GoogleInputMethodService.onFinishInput():3138 
08-05 16:12:26.969   918   936 I ActivityManager: Displayed baseline.appteam.nith.hillffair/.activities.ClubActivity: +100ms
08-05 16:12:26.969 13866 13866 I GoogleInputMethodServic: GoogleInputMethodService.onStartInput():1808 
08-05 16:12:26.975 17259 18347 I art     : Explicit concurrent mark sweep GC freed 5273(330KB) AllocSpace objects, 1(20KB) LOS objects, 23% free, 52MB/68MB, paused 553us total 23.033ms
08-05 16:12:26.985 17259 18347 I art     : Starting a blocking GC Explicit
08-05 16:12:27.005 17259 18347 I art     : Explicit concurrent mark sweep GC freed 216(10KB) AllocSpace objects, 0(0B) LOS objects, 23% free, 52MB/68MB, paused 394us total 19.957ms
08-05 16:12:27.013 17259 18347 I art     : Starting a blocking GC Explicit
08-05 16:12:27.032 17259 18347 I art     : Explicit concurrent mark sweep GC freed 7(240B) AllocSpace objects, 0(0B) LOS objects, 23% free, 52MB/68MB, paused 398us total 18.297ms
08-05 16:12:27.040 17259 18347 I art     : Starting a blocking GC Explicit
08-05 16:12:27.058 17259 18347 I art     : Explicit concurrent mark sweep GC freed 3(96B) AllocSpace objects, 0(0B) LOS objects, 23% free, 52MB/68MB, paused 406us total 18.073ms
08-05 16:12:27.066 17259 18347 I art     : Starting a blocking GC Explicit
08-05 16:12:27.087 17259 18347 I art     : Explicit concurrent mark sweep GC freed 3(96B) AllocSpace objects, 0(0B) LOS objects, 23% free, 52MB/68MB, paused 439us total 20.743ms
08-05 16:12:27.211   380   380 W SurfaceFlinger: couldn't log to binary event log: overflow.
08-05 16:12:27.341 17259 17294 I art     : Starting a blocking GC Explicit
08-05 16:12:27.362 17259 18711 D OkHttp  : --> GET https://api-hillfair-2k16.herokuapp.com/api/app/events/special/event?id=5806551bdcba0f490c70fd1f http/1.1
08-05 16:12:27.364 17259 17294 I art     : Explicit concurrent mark sweep GC freed 4003(216KB) AllocSpace objects, 3(140KB) LOS objects, 23% free, 52MB/68MB, paused 603us total 22.433ms
08-05 16:12:27.373 17259 17294 I art     : Starting a blocking GC Explicit
08-05 16:12:27.391 17259 17294 I art     : Explicit concurrent mark sweep GC freed 983(115KB) AllocSpace objects, 1(80KB) LOS objects, 23% free, 52MB/68MB, paused 425us total 17.927ms
08-05 16:12:27.398 17259 17294 I art     : Starting a blocking GC Explicit
08-05 16:12:27.406 17259 18711 D OkHttp  : <-- 200 OK https://api-hillfair-2k16.herokuapp.com/api/app/events/special/event?id=5806551bdcba0f490c70fd1f (44ms, 795-byte body)
08-05 16:12:27.416 17259 17294 I art     : Explicit concurrent mark sweep GC freed 165(34KB) AllocSpace objects, 0(0B) LOS objects, 23% free, 52MB/68MB, paused 413us total 17.857ms
08-05 16:12:27.424 17259 17294 I art     : Starting a blocking GC Explicit
08-05 16:12:27.442 17259 17294 I art     : Explicit concurrent mark sweep GC freed 150(6KB) AllocSpace objects, 0(0B) LOS objects, 23% free, 52MB/68MB, paused 390us total 18.136ms
08-05 16:12:27.447 17259 17259 I NAPPA_EXPERIMENTATION: MetricNetworkRequestExecutionTime: REQUEST_DURATION_SYSTEM='553',REQUEST_DURATION_OKHTTP='44',REQUEST_SYNCHRONOUS='FALSE',RESPONSE_CODE='200',RESPONSE_METHOD='GET',RESPONSE_LENGTH_OKHTTP='795',RESPONSE_LENGTH_HEADER='795',REQUEST_PROTOCOL='http/1.1',REQUEST_URL='https://api-hillfair-2k16.herokuapp.com/api/app/events/special/event?id=5806551bdcba0f490c70fd1f',
08-05 16:12:27.450 17259 17294 I art     : Starting a blocking GC Explicit
08-05 16:12:27.469 17259 17294 I art     : Explicit concurrent mark sweep GC freed 525(61KB) AllocSpace objects, 0(0B) LOS objects, 23% free, 52MB/68MB, paused 394us total 18.306ms
08-05 16:12:27.742 17259 17271 I art     : Starting a blocking GC Explicit
08-05 16:12:27.764 17259 17271 I art     : Explicit concurrent mark sweep GC freed 1400(80KB) AllocSpace objects, 1(20KB) LOS objects, 23% free, 52MB/68MB, paused 399us total 21.052ms
08-05 16:12:27.772 17259 17271 I art     : Starting a blocking GC Explicit
08-05 16:12:27.793 17259 17271 I art     : Explicit concurrent mark sweep GC freed 23(800B) AllocSpace objects, 0(0B) LOS objects, 23% free, 52MB/68MB, paused 399us total 20.040ms
08-05 16:12:27.801 17259 17271 I art     : Starting a blocking GC Explicit
08-05 16:12:27.821 17259 17271 I art     : Explicit concurrent mark sweep GC freed 3(96B) AllocSpace objects, 0(0B) LOS objects, 23% free, 52MB/68MB, paused 399us total 19.825ms
08-05 16:12:27.830 17259 17271 I art     : Starting a blocking GC Explicit
08-05 16:12:27.850 17259 17271 I art     : Explicit concurrent mark sweep GC freed 19(656B) AllocSpace objects, 0(0B) LOS objects, 23% free, 52MB/68MB, paused 388us total 19.677ms
08-05 16:12:27.858 17259 17271 I art     : Starting a blocking GC Explicit
08-05 16:12:27.878 17259 17271 I art     : Explicit concurrent mark sweep GC freed 3(96B) AllocSpace objects, 0(0B) LOS objects, 23% free, 52MB/68MB, paused 394us total 19.497ms
08-05 16:12:28.179 17259 17272 I art     : Starting a blocking GC Explicit
08-05 16:12:28.205 17259 17272 I art     : Explicit concurrent mark sweep GC freed 1341(78KB) AllocSpace objects, 1(20KB) LOS objects, 23% free, 52MB/68MB, paused 433us total 25.780ms
08-05 16:12:28.216 17259 17272 I art     : Starting a blocking GC Explicit
08-05 16:12:28.237 17259 17272 I art     : Explicit concurrent mark sweep GC freed 20(704B) AllocSpace objects, 0(0B) LOS objects, 23% free, 52MB/68MB, paused 468us total 20.651ms
08-05 16:12:28.246 17259 17272 I art     : Starting a blocking GC Explicit
08-05 16:12:28.266 17259 17272 I art     : Explicit concurrent mark sweep GC freed 3(96B) AllocSpace objects, 0(0B) LOS objects, 23% free, 52MB/68MB, paused 408us total 20.701ms
08-05 16:12:28.275 17259 17272 I art     : Starting a blocking GC Explicit
08-05 16:12:28.296 17259 17272 I art     : Explicit concurrent mark sweep GC freed 3(96B) AllocSpace objects, 0(0B) LOS objects, 23% free, 52MB/68MB, paused 410us total 20.745ms
08-05 16:12:28.305 17259 17272 I art     : Starting a blocking GC Explicit
08-05 16:12:28.326 17259 17272 I art     : Explicit concurrent mark sweep GC freed 3(96B) AllocSpace objects, 0(0B) LOS objects, 23% free, 52MB/68MB, paused 397us total 20.759ms
08-05 16:12:28.364   918  3261 D WifiStateMachine: starting scan for "H369AA63323"WPA_PSK with 2412,5180
08-05 16:12:28.610 17259 17529 I art     : Starting a blocking GC Explicit
08-05 16:12:28.636 17259 17529 I art     : Explicit concurrent mark sweep GC freed 1341(78KB) AllocSpace objects, 1(20KB) LOS objects, 23% free, 52MB/68MB, paused 442us total 25.807ms
08-05 16:12:28.648 17259 17529 I art     : Starting a blocking GC Explicit
08-05 16:12:28.669 17259 17529 I art     : Explicit concurrent mark sweep GC freed 20(704B) AllocSpace objects, 0(0B) LOS objects, 23% free, 52MB/68MB, paused 404us total 21.188ms
08-05 16:12:28.678 17259 17529 I art     : Starting a blocking GC Explicit
08-05 16:12:28.699 17259 17529 I art     : Explicit concurrent mark sweep GC freed 3(96B) AllocSpace objects, 0(0B) LOS objects, 23% free, 52MB/68MB, paused 442us total 21.083ms
08-05 16:12:28.708 17259 17529 I art     : Starting a blocking GC Explicit
08-05 16:12:28.729 17259 17529 I art     : Explicit concurrent mark sweep GC freed 3(96B) AllocSpace objects, 0(0B) LOS objects, 23% free, 52MB/68MB, paused 400us total 20.870ms
08-05 16:12:28.738 17259 17529 I art     : Starting a blocking GC Explicit
08-05 16:12:28.758 17259 17529 I art     : Explicit concurrent mark sweep GC freed 3(96B) AllocSpace objects, 0(0B) LOS objects, 23% free, 52MB/68MB, paused 444us total 20.159ms
08-05 16:12:29.069 17259 18347 I art     : Starting a blocking GC Explicit
08-05 16:12:29.096 17259 18347 I art     : Explicit concurrent mark sweep GC freed 1341(78KB) AllocSpace objects, 1(20KB) LOS objects, 23% free, 52MB/68MB, paused 433us total 25.909ms
08-05 16:12:29.108 17259 18347 I art     : Starting a blocking GC Explicit
08-05 16:12:29.130 17259 18347 I art     : Explicit concurrent mark sweep GC freed 20(704B) AllocSpace objects, 0(0B) LOS objects, 23% free, 52MB/68MB, paused 408us total 22.322ms
08-05 16:12:29.139 17259 18347 I art     : Starting a blocking GC Explicit
08-05 16:12:29.160 17259 18347 I art     : Explicit concurrent mark sweep GC freed 3(96B) AllocSpace objects, 0(0B) LOS objects, 23% free, 52MB/68MB, paused 479us total 20.968ms
08-05 16:12:29.169 17259 18347 I art     : Starting a blocking GC Explicit
08-05 16:12:29.190 17259 18347 I art     : Explicit concurrent mark sweep GC freed 3(96B) AllocSpace objects, 0(0B) LOS objects, 23% free, 52MB/68MB, paused 404us total 20.280ms
08-05 16:12:29.199 17259 18347 I art     : Starting a blocking GC Explicit
08-05 16:12:29.219 17259 18347 I art     : Explicit concurrent mark sweep GC freed 3(96B) AllocSpace objects, 0(0B) LOS objects, 23% free, 52MB/68MB, paused 403us total 20.561ms
08-05 16:12:29.539 17259 17294 I art     : Starting a blocking GC Explicit
08-05 16:12:29.566 17259 17294 I art     : Explicit concurrent mark sweep GC freed 1341(78KB) AllocSpace objects, 1(20KB) LOS objects, 23% free, 52MB/68MB, paused 559us total 25.955ms
08-05 16:12:29.578 17259 17294 I art     : Starting a blocking GC Explicit
08-05 16:12:29.603 17259 17294 I art     : Explicit concurrent mark sweep GC freed 20(704B) AllocSpace objects, 0(0B) LOS objects, 23% free, 52MB/68MB, paused 417us total 24.739ms
08-05 16:12:29.613 17259 17294 I art     : Starting a blocking GC Explicit
08-05 16:12:29.634 17259 17294 I art     : Explicit concurrent mark sweep GC freed 3(96B) AllocSpace objects, 0(0B) LOS objects, 23% free, 52MB/68MB, paused 394us total 20.650ms
08-05 16:12:29.643 17259 17294 I art     : Starting a blocking GC Explicit
08-05 16:12:29.664 17259 17294 I art     : Explicit concurrent mark sweep GC freed 3(96B) AllocSpace objects, 0(0B) LOS objects, 23% free, 52MB/68MB, paused 443us total 20.435ms
08-05 16:12:29.672 17259 17294 I art     : Starting a blocking GC Explicit
08-05 16:12:29.693 17259 17294 I art     : Explicit concurrent mark sweep GC freed 3(96B) AllocSpace objects, 0(0B) LOS objects, 23% free, 52MB/68MB, paused 394us total 20.607ms
08-05 16:12:30.017 17259 17271 I art     : Starting a blocking GC Explicit
08-05 16:12:30.043 17259 17271 I art     : Explicit concurrent mark sweep GC freed 1341(78KB) AllocSpace objects, 1(20KB) LOS objects, 23% free, 52MB/68MB, paused 433us total 25.863ms
08-05 16:12:30.054 17259 17271 I art     : Starting a blocking GC Explicit
08-05 16:12:30.075 17259 17271 I art     : Explicit concurrent mark sweep GC freed 20(704B) AllocSpace objects, 0(0B) LOS objects, 23% free, 52MB/68MB, paused 399us total 20.917ms
08-05 16:12:30.084 17259 17271 I art     : Starting a blocking GC Explicit
08-05 16:12:30.105 17259 17271 I art     : Explicit concurrent mark sweep GC freed 3(96B) AllocSpace objects, 0(0B) LOS objects, 23% free, 52MB/68MB, paused 398us total 20.594ms
08-05 16:12:30.114 17259 17271 I art     : Starting a blocking GC Explicit
08-05 16:12:30.135 17259 17271 I art     : Explicit concurrent mark sweep GC freed 3(96B) AllocSpace objects, 0(0B) LOS objects, 23% free, 52MB/68MB, paused 405us total 20.992ms
08-05 16:12:30.144 17259 17271 I art     : Starting a blocking GC Explicit
08-05 16:12:30.164 17259 17271 I art     : Explicit concurrent mark sweep GC freed 3(96B) AllocSpace objects, 0(0B) LOS objects, 23% free, 52MB/68MB, paused 392us total 20.484ms
08-05 16:12:30.486 17259 17272 I art     : Starting a blocking GC Explicit
08-05 16:12:30.512 17259 17272 I art     : Explicit concurrent mark sweep GC freed 1341(78KB) AllocSpace objects, 1(20KB) LOS objects, 23% free, 52MB/68MB, paused 442us total 25.735ms
08-05 16:12:30.524 17259 17272 I art     : Starting a blocking GC Explicit
08-05 16:12:30.549 17259 17272 I art     : Explicit concurrent mark sweep GC freed 20(704B) AllocSpace objects, 0(0B) LOS objects, 23% free, 52MB/68MB, paused 404us total 24.410ms
08-05 16:12:30.558 17259 17272 I art     : Starting a blocking GC Explicit
08-05 16:12:30.579 17259 17272 I art     : Explicit concurrent mark sweep GC freed 3(96B) AllocSpace objects, 0(0B) LOS objects, 23% free, 52MB/68MB, paused 401us total 20.816ms
08-05 16:12:30.588 17259 17272 I art     : Starting a blocking GC Explicit
08-05 16:12:30.608 17259 17272 I art     : Explicit concurrent mark sweep GC freed 3(96B) AllocSpace objects, 0(0B) LOS objects, 23% free, 52MB/68MB, paused 397us total 20.286ms
08-05 16:12:30.617 17259 17272 I art     : Starting a blocking GC Explicit
08-05 16:12:30.637 17259 17272 I art     : Explicit concurrent mark sweep GC freed 3(96B) AllocSpace objects, 0(0B) LOS objects, 23% free, 52MB/68MB, paused 434us total 20.470ms
08-05 16:12:30.967 17259 17529 I art     : Starting a blocking GC Explicit
08-05 16:12:30.997 17259 17529 I art     : Explicit concurrent mark sweep GC freed 1341(78KB) AllocSpace objects, 1(20KB) LOS objects, 23% free, 52MB/68MB, paused 455us total 29.753ms
08-05 16:12:31.010 17259 17529 I art     : Starting a blocking GC Explicit
08-05 16:12:31.031 17259 17529 I art     : Explicit concurrent mark sweep GC freed 20(704B) AllocSpace objects, 0(0B) LOS objects, 23% free, 52MB/68MB, paused 414us total 20.490ms
08-05 16:12:31.039 17259 17529 I art     : Starting a blocking GC Explicit
08-05 16:12:31.060 17259 17529 I art     : Explicit concurrent mark sweep GC freed 3(96B) AllocSpace objects, 0(0B) LOS objects, 23% free, 52MB/68MB, paused 397us total 20.581ms
08-05 16:12:31.069 17259 17529 I art     : Starting a blocking GC Explicit
08-05 16:12:31.090 17259 17529 I art     : Explicit concurrent mark sweep GC freed 3(96B) AllocSpace objects, 0(0B) LOS objects, 23% free, 52MB/68MB, paused 402us total 20.752ms
08-05 16:12:31.099 17259 17529 I art     : Starting a blocking GC Explicit
08-05 16:12:31.119 17259 17529 I art     : Explicit concurrent mark sweep GC freed 3(96B) AllocSpace objects, 0(0B) LOS objects, 23% free, 52MB/68MB, paused 373us total 20.350ms
08-05 16:12:31.374 17259 18347 I art     : Starting a blocking GC Explicit
08-05 16:12:31.395 17259 18347 I art     : Explicit concurrent mark sweep GC freed 1341(78KB) AllocSpace objects, 1(20KB) LOS objects, 23% free, 52MB/68MB, paused 451us total 20.790ms
08-05 16:12:31.404 17259 18347 I art     : Starting a blocking GC Explicit
08-05 16:12:31.425 17259 18347 I art     : Explicit concurrent mark sweep GC freed 20(704B) AllocSpace objects, 0(0B) LOS objects, 23% free, 52MB/68MB, paused 387us total 20.591ms
08-05 16:12:31.433 17259 18347 I art     : Starting a blocking GC Explicit
08-05 16:12:31.453 17259 18347 I art     : Explicit concurrent mark sweep GC freed 3(96B) AllocSpace objects, 0(0B) LOS objects, 23% free, 52MB/68MB, paused 400us total 19.568ms
08-05 16:12:31.461 17259 18347 I art     : Starting a blocking GC Explicit
08-05 16:12:31.481 17259 18347 I art     : Explicit concurrent mark sweep GC freed 3(96B) AllocSpace objects, 0(0B) LOS objects, 23% free, 52MB/68MB, paused 435us total 19.431ms
08-05 16:12:31.489 17259 18347 I art     : Starting a blocking GC Explicit
08-05 16:12:31.509 17259 18347 I art     : Explicit concurrent mark sweep GC freed 3(96B) AllocSpace objects, 0(0B) LOS objects, 23% free, 52MB/68MB, paused 396us total 19.449ms
08-05 16:12:31.543 18804 18804 D AndroidRuntime: >>>>>> START com.android.internal.os.RuntimeInit uid 2000 <<<<<<
08-05 16:12:31.548 18804 18804 D AndroidRuntime: CheckJNI is OFF
08-05 16:12:31.582 18804 18804 D ICU     : No timezone override file found: /data/misc/zoneinfo/current/icu/icu_tzdata.dat
08-05 16:12:31.616 18804 18804 I Radio-JNI: register_android_hardware_Radio DONE
08-05 16:12:31.638 18804 18804 D AndroidRuntime: Calling main entry com.android.commands.input.Input
08-05 16:12:31.640 18804 18804 I Input   : injectKeyEvent: KeyEvent { action=ACTION_DOWN, keyCode=KEYCODE_BACK, scanCode=0, metaState=0, flags=0x0, repeatCount=0, eventTime=807168053, downTime=807168053, deviceId=-1, source=0x101 }
08-05 16:12:31.648 18804 18804 I Input   : injectKeyEvent: KeyEvent { action=ACTION_UP, keyCode=KEYCODE_BACK, scanCode=0, metaState=0, flags=0x0, repeatCount=0, eventTime=807168053, downTime=807168053, deviceId=-1, source=0x101 }
08-05 16:12:31.655 18804 18804 D AndroidRuntime: Shutting down VM
08-05 16:12:31.672   918   937 W ProcessCpuTracker: Skipping unknown process pid 18821
08-05 16:12:31.690 13866 13866 I GoogleInputMethodServic: GoogleInputMethodService.onFinishInput():3138 
08-05 16:12:31.691 13866 13866 I GoogleInputMethodServic: GoogleInputMethodService.onStartInput():1808 
08-05 16:12:31.763 17259 17529 I art     : Starting a blocking GC Explicit
08-05 16:12:31.783 17259 17529 I art     : Explicit concurrent mark sweep GC freed 1511(85KB) AllocSpace objects, 1(20KB) LOS objects, 23% free, 52MB/68MB, paused 363us total 19.647ms
08-05 16:12:31.793 17259 17529 I art     : Starting a blocking GC Explicit
08-05 16:12:31.813 17259 17529 I art     : Explicit concurrent mark sweep GC freed 26(944B) AllocSpace objects, 0(0B) LOS objects, 23% free, 52MB/68MB, paused 393us total 20.088ms
08-05 16:12:31.823 17259 17529 I art     : Starting a blocking GC Explicit
08-05 16:12:31.847 17259 17529 I art     : Explicit concurrent mark sweep GC freed 3(96B) AllocSpace objects, 0(0B) LOS objects, 23% free, 52MB/68MB, paused 429us total 23.899ms
08-05 16:12:31.859 17259 17529 I art     : Starting a blocking GC Explicit
08-05 16:12:31.883 17259 17529 I art     : Explicit concurrent mark sweep GC freed 3(96B) AllocSpace objects, 0(0B) LOS objects, 23% free, 52MB/68MB, paused 368us total 23.622ms
08-05 16:12:31.895 17259 17529 I art     : Starting a blocking GC Explicit
08-05 16:12:31.918 17259 17529 I art     : Explicit concurrent mark sweep GC freed 3(96B) AllocSpace objects, 0(0B) LOS objects, 23% free, 52MB/68MB, paused 364us total 22.980ms
08-05 16:12:31.983   380   380 W SurfaceFlinger: couldn't log to binary event log: overflow.
08-05 16:12:32.186 17259 17272 I art     : Starting a blocking GC Explicit
08-05 16:12:32.212 17259 17272 I art     : Explicit concurrent mark sweep GC freed 1450(87KB) AllocSpace objects, 1(20KB) LOS objects, 23% free, 52MB/68MB, paused 443us total 25.996ms
08-05 16:12:32.224 17259 17272 I art     : Starting a blocking GC Explicit
08-05 16:12:32.245 17259 17272 I art     : Explicit concurrent mark sweep GC freed 1672(107KB) AllocSpace objects, 3(400KB) LOS objects, 23% free, 52MB/68MB, paused 397us total 20.768ms
08-05 16:12:32.253 17259 17272 I art     : Starting a blocking GC Explicit
08-05 16:12:32.274 17259 17272 I art     : Explicit concurrent mark sweep GC freed 3(96B) AllocSpace objects, 0(0B) LOS objects, 23% free, 52MB/68MB, paused 456us total 20.283ms
08-05 16:12:32.283 17259 17272 I art     : Starting a blocking GC Explicit
08-05 16:12:32.303 17259 17272 I art     : Explicit concurrent mark sweep GC freed 3(96B) AllocSpace objects, 0(0B) LOS objects, 23% free, 52MB/68MB, paused 404us total 20.490ms
08-05 16:12:32.312 17259 17272 I art     : Starting a blocking GC Explicit
08-05 16:12:32.332 17259 17272 I art     : Explicit concurrent mark sweep GC freed 3(96B) AllocSpace objects, 0(0B) LOS objects, 23% free, 52MB/68MB, paused 401us total 19.736ms
08-05 16:12:32.608 17259 18347 I art     : Starting a blocking GC Explicit
08-05 16:12:32.633 17259 18347 I art     : Explicit concurrent mark sweep GC freed 1341(78KB) AllocSpace objects, 1(20KB) LOS objects, 23% free, 52MB/68MB, paused 437us total 25.441ms
08-05 16:12:32.646 17259 18347 I art     : Starting a blocking GC Explicit
08-05 16:12:32.669 17259 18347 I art     : Explicit concurrent mark sweep GC freed 305(16KB) AllocSpace objects, 0(0B) LOS objects, 23% free, 52MB/68MB, paused 470us total 21.867ms
08-05 16:12:32.677 17259 18347 I art     : Starting a blocking GC Explicit
08-05 16:12:32.698 17259 18347 I art     : Explicit concurrent mark sweep GC freed 89(4KB) AllocSpace objects, 0(0B) LOS objects, 23% free, 52MB/68MB, paused 473us total 20.226ms
08-05 16:12:32.706 17259 18347 I art     : Starting a blocking GC Explicit
08-05 16:12:32.727 17259 18347 I art     : Explicit concurrent mark sweep GC freed 26(832B) AllocSpace objects, 0(0B) LOS objects, 23% free, 52MB/68MB, paused 448us total 20.540ms
08-05 16:12:32.735 17259 18347 I art     : Starting a blocking GC Explicit
08-05 16:12:32.755 17259 18347 I art     : Explicit concurrent mark sweep GC freed 3(96B) AllocSpace objects, 0(0B) LOS objects, 23% free, 52MB/68MB, paused 405us total 19.447ms
08-05 16:12:32.813 17259 18858 W OneSignal: OneSignalRestClient: POST Error thrown from network stack. 
08-05 16:12:32.813 17259 18858 W OneSignal: java.io.IOException: unexpected end of stream on Connection{api.onesignal.com:443, proxy=HTTP@192.168.2.12:8080 hostAddress=192.168.2.12 cipherSuite=TLS_ECDHE_RSA_WITH_AES_128_GCM_SHA256 protocol=http/1.1} (recycle count=0)
08-05 16:12:32.813 17259 18858 W OneSignal: 	at com.android.okhttp.internal.http.HttpConnection.readResponse(HttpConnection.java:210)
08-05 16:12:32.813 17259 18858 W OneSignal: 	at com.android.okhttp.internal.http.HttpTransport.readResponseHeaders(HttpTransport.java:80)
08-05 16:12:32.813 17259 18858 W OneSignal: 	at com.android.okhttp.internal.http.HttpEngine.readNetworkResponse(HttpEngine.java:904)
08-05 16:12:32.813 17259 18858 W OneSignal: 	at com.android.okhttp.internal.http.HttpEngine.readResponse(HttpEngine.java:788)
08-05 16:12:32.813 17259 18858 W OneSignal: 	at com.android.okhttp.internal.huc.HttpURLConnectionImpl.execute(HttpURLConnectionImpl.java:439)
08-05 16:12:32.813 17259 18858 W OneSignal: 	at com.android.okhttp.internal.huc.HttpURLConnectionImpl.getResponse(HttpURLConnectionImpl.java:384)
08-05 16:12:32.813 17259 18858 W OneSignal: 	at com.android.okhttp.internal.huc.HttpURLConnectionImpl.getResponseCode(HttpURLConnectionImpl.java:497)
08-05 16:12:32.813 17259 18858 W OneSignal: 	at com.android.okhttp.internal.huc.DelegatingHttpsURLConnection.getResponseCode(DelegatingHttpsURLConnection.java:105)
08-05 16:12:32.813 17259 18858 W OneSignal: 	at com.android.okhttp.internal.huc.HttpsURLConnectionImpl.getResponseCode(HttpsURLConnectionImpl.java)
08-05 16:12:32.813 17259 18858 W OneSignal: 	at com.onesignal.OneSignalRestClient.startHTTPConnection(OneSignalRestClient.java:180)
08-05 16:12:32.813 17259 18858 W OneSignal: 	at com.onesignal.OneSignalRestClient.access$100(OneSignalRestClient.java:44)
08-05 16:12:32.813 17259 18858 W OneSignal: 	at com.onesignal.OneSignalRestClient$4.run(OneSignalRestClient.java:110)
08-05 16:12:32.813 17259 18858 W OneSignal: 	at java.lang.Thread.run(Thread.java:818)
08-05 16:12:32.813 17259 18858 W OneSignal: Caused by: java.io.EOFException: \n not found: size=0 content=...
08-05 16:12:32.813 17259 18858 W OneSignal: 	at com.android.okhttp.okio.RealBufferedSource.readUtf8LineStrict(RealBufferedSource.java:200)
08-05 16:12:32.813 17259 18858 W OneSignal: 	at com.android.okhttp.internal.http.HttpConnection.readResponse(HttpConnection.java:191)
08-05 16:12:32.813 17259 18858 W OneSignal: 	... 12 more
08-05 16:12:32.814 17259 18859 W OneSignal: Failed last request. statusCode: -1
08-05 16:12:32.814 17259 18859 W OneSignal: response: null
08-05 16:12:33.014 17259 17294 I art     : Starting a blocking GC Explicit
08-05 16:12:33.034 17259 17294 I art     : Explicit concurrent mark sweep GC freed 3585(224KB) AllocSpace objects, 1(20KB) LOS objects, 23% free, 52MB/68MB, paused 408us total 20.181ms
08-05 16:12:33.043 17259 17294 I art     : Starting a blocking GC Explicit
08-05 16:12:33.062 17259 17294 I art     : Explicit concurrent mark sweep GC freed 67(2432B) AllocSpace objects, 0(0B) LOS objects, 23% free, 52MB/68MB, paused 396us total 19.485ms
08-05 16:12:33.070 17259 17294 I art     : Starting a blocking GC Explicit
08-05 16:12:33.089 17259 17294 I art     : Explicit concurrent mark sweep GC freed 3(96B) AllocSpace objects, 0(0B) LOS objects, 23% free, 52MB/68MB, paused 391us total 18.280ms
08-05 16:12:33.097 17259 17294 I art     : Starting a blocking GC Explicit
08-05 16:12:33.117 17259 17294 I art     : Explicit concurrent mark sweep GC freed 3(96B) AllocSpace objects, 0(0B) LOS objects, 23% free, 52MB/68MB, paused 397us total 19.138ms
08-05 16:12:33.125 17259 17294 I art     : Starting a blocking GC Explicit
08-05 16:12:33.144 17259 17294 I art     : Explicit concurrent mark sweep GC freed 3(96B) AllocSpace objects, 0(0B) LOS objects, 23% free, 52MB/68MB, paused 395us total 18.867ms
08-05 16:12:33.319 18862 18862 D AndroidRuntime: >>>>>> START com.android.internal.os.RuntimeInit uid 2000 <<<<<<
08-05 16:12:33.324 18862 18862 D AndroidRuntime: CheckJNI is OFF
08-05 16:12:33.356 18862 18862 D ICU     : No timezone override file found: /data/misc/zoneinfo/current/icu/icu_tzdata.dat
08-05 16:12:33.388 18862 18862 I Radio-JNI: register_android_hardware_Radio DONE
08-05 16:12:33.410 18862 18862 D AndroidRuntime: Calling main entry com.android.commands.input.Input
08-05 16:12:33.411 18862 18862 I Input   : injectKeyEvent: KeyEvent { action=ACTION_DOWN, keyCode=KEYCODE_BACK, scanCode=0, metaState=0, flags=0x0, repeatCount=0, eventTime=807169824, downTime=807169824, deviceId=-1, source=0x101 }
08-05 16:12:33.416 18862 18862 I Input   : injectKeyEvent: KeyEvent { action=ACTION_UP, keyCode=KEYCODE_BACK, scanCode=0, metaState=0, flags=0x0, repeatCount=0, eventTime=807169824, downTime=807169824, deviceId=-1, source=0x101 }
08-05 16:12:33.421 18862 18862 D AndroidRuntime: Shutting down VM
08-05 16:12:33.439 17259 17294 I art     : Starting a blocking GC Explicit
08-05 16:12:33.457 13866 13866 I GoogleInputMethodServic: GoogleInputMethodService.onFinishInput():3138 
08-05 16:12:33.457 13866 13866 I GoogleInputMethodServic: GoogleInputMethodService.onStartInput():1808 
08-05 16:12:33.459 17259 17294 I art     : Explicit concurrent mark sweep GC freed 1489(85KB) AllocSpace objects, 1(20KB) LOS objects, 23% free, 52MB/68MB, paused 715us total 19.607ms
08-05 16:12:33.468 17259 17294 I art     : Starting a blocking GC Explicit
08-05 16:12:33.488 17259 17294 I art     : Explicit concurrent mark sweep GC freed 81(2864B) AllocSpace objects, 0(0B) LOS objects, 23% free, 52MB/68MB, paused 480us total 19.771ms
08-05 16:12:33.498 17259 17294 I art     : Starting a blocking GC Explicit
08-05 16:12:33.515 17259 17294 I art     : Explicit concurrent mark sweep GC freed 7(256B) AllocSpace objects, 0(0B) LOS objects, 23% free, 52MB/68MB, paused 383us total 16.968ms
08-05 16:12:33.522 17259 17294 I art     : Starting a blocking GC Explicit
08-05 16:12:33.539 17259 17294 I art     : Explicit concurrent mark sweep GC freed 3(96B) AllocSpace objects, 0(0B) LOS objects, 23% free, 52MB/68MB, paused 359us total 16.886ms
08-05 16:12:33.547 17259 17294 I art     : Starting a blocking GC Explicit
08-05 16:12:33.566 17259 17294 I art     : Explicit concurrent mark sweep GC freed 3(96B) AllocSpace objects, 0(0B) LOS objects, 23% free, 52MB/68MB, paused 376us total 18.354ms
08-05 16:12:33.826 17259 17294 I art     : Starting a blocking GC Explicit
08-05 16:12:33.844 17259 17294 I art     : Explicit concurrent mark sweep GC freed 2404(129KB) AllocSpace objects, 1(20KB) LOS objects, 23% free, 52MB/68MB, paused 402us total 18.507ms
08-05 16:12:33.852 17259 17294 I art     : Starting a blocking GC Explicit
08-05 16:12:33.872 17259 17294 I art     : Explicit concurrent mark sweep GC freed 2100(127KB) AllocSpace objects, 2(140KB) LOS objects, 23% free, 51MB/67MB, paused 390us total 19.671ms
08-05 16:12:33.881 17259 17294 I art     : Starting a blocking GC Explicit
08-05 16:12:33.900 17259 17294 I art     : Explicit concurrent mark sweep GC freed 3(96B) AllocSpace objects, 0(0B) LOS objects, 23% free, 51MB/67MB, paused 396us total 19.013ms
08-05 16:12:33.909 17259 17294 I art     : Starting a blocking GC Explicit
08-05 16:12:33.927 17259 17294 I art     : Explicit concurrent mark sweep GC freed 3(96B) AllocSpace objects, 0(0B) LOS objects, 23% free, 51MB/67MB, paused 424us total 18.738ms
08-05 16:12:33.936 17259 17294 I art     : Starting a blocking GC Explicit
08-05 16:12:33.955 17259 17294 I art     : Explicit concurrent mark sweep GC freed 3(96B) AllocSpace objects, 0(0B) LOS objects, 23% free, 51MB/67MB, paused 381us total 18.838ms
08-05 16:12:34.237 17259 17272 I art     : Starting a blocking GC Explicit
08-05 16:12:34.267 17259 17272 I art     : Explicit concurrent mark sweep GC freed 1340(78KB) AllocSpace objects, 1(20KB) LOS objects, 23% free, 51MB/67MB, paused 463us total 29.827ms
08-05 16:12:34.282 17259 17272 I art     : Starting a blocking GC Explicit
08-05 16:12:34.301 17259 17272 I art     : Explicit concurrent mark sweep GC freed 20(704B) AllocSpace objects, 0(0B) LOS objects, 23% free, 51MB/67MB, paused 401us total 18.660ms
08-05 16:12:34.309 17259 17272 I art     : Starting a blocking GC Explicit
08-05 16:12:34.328 17259 17272 I art     : Explicit concurrent mark sweep GC freed 3(96B) AllocSpace objects, 0(0B) LOS objects, 23% free, 51MB/67MB, paused 411us total 18.543ms
08-05 16:12:34.336 17259 17272 I art     : Starting a blocking GC Explicit
08-05 16:12:34.355 17259 17272 I art     : Explicit concurrent mark sweep GC freed 3(96B) AllocSpace objects, 0(0B) LOS objects, 23% free, 51MB/67MB, paused 412us total 19.139ms
08-05 16:12:34.364 17259 17272 I art     : Starting a blocking GC Explicit
08-05 16:12:34.384 17259 17272 I art     : Explicit concurrent mark sweep GC freed 3(96B) AllocSpace objects, 0(0B) LOS objects, 23% free, 51MB/67MB, paused 490us total 19.661ms
08-05 16:12:34.666 17259 17529 I art     : Starting a blocking GC Explicit
08-05 16:12:34.689 17259 17529 I art     : Explicit concurrent mark sweep GC freed 1338(78KB) AllocSpace objects, 1(20KB) LOS objects, 23% free, 51MB/67MB, paused 488us total 22.926ms
08-05 16:12:34.697 17259 17529 I art     : Starting a blocking GC Explicit
08-05 16:12:34.716 17259 17529 I art     : Explicit concurrent mark sweep GC freed 20(704B) AllocSpace objects, 0(0B) LOS objects, 23% free, 51MB/67MB, paused 397us total 18.742ms
08-05 16:12:34.725 17259 17529 I art     : Starting a blocking GC Explicit
08-05 16:12:34.743 17259 17529 I art     : Explicit concurrent mark sweep GC freed 3(96B) AllocSpace objects, 0(0B) LOS objects, 23% free, 51MB/67MB, paused 399us total 17.826ms
08-05 16:12:34.751 17259 17529 I art     : Starting a blocking GC Explicit
08-05 16:12:34.769 17259 17529 I art     : Explicit concurrent mark sweep GC freed 3(96B) AllocSpace objects, 0(0B) LOS objects, 23% free, 51MB/67MB, paused 406us total 17.707ms
08-05 16:12:34.777 17259 17529 I art     : Starting a blocking GC Explicit
08-05 16:12:34.795 17259 17529 I art     : Explicit concurrent mark sweep GC freed 3(96B) AllocSpace objects, 0(0B) LOS objects, 23% free, 51MB/67MB, paused 397us total 17.866ms
08-05 16:12:35.062 17259 18347 I art     : Starting a blocking GC Explicit
08-05 16:12:35.072 18924 18924 D AndroidRuntime: >>>>>> START com.android.internal.os.RuntimeInit uid 2000 <<<<<<
08-05 16:12:35.077 18924 18924 D AndroidRuntime: CheckJNI is OFF
08-05 16:12:35.081 17259 18347 I art     : Explicit concurrent mark sweep GC freed 1338(78KB) AllocSpace objects, 1(20KB) LOS objects, 23% free, 51MB/67MB, paused 463us total 19.216ms
08-05 16:12:35.090 17259 18347 I art     : Starting a blocking GC Explicit
08-05 16:12:35.108 17259 18347 I art     : Explicit concurrent mark sweep GC freed 20(704B) AllocSpace objects, 0(0B) LOS objects, 23% free, 51MB/67MB, paused 424us total 17.152ms
08-05 16:12:35.112 18924 18924 D ICU     : No timezone override file found: /data/misc/zoneinfo/current/icu/icu_tzdata.dat
08-05 16:12:35.115 17259 18347 I art     : Starting a blocking GC Explicit
08-05 16:12:35.133 17259 18347 I art     : Explicit concurrent mark sweep GC freed 3(96B) AllocSpace objects, 0(0B) LOS objects, 23% free, 51MB/67MB, paused 408us total 17.588ms
08-05 16:12:35.141 17259 18347 I art     : Starting a blocking GC Explicit
08-05 16:12:35.145 18924 18924 I Radio-JNI: register_android_hardware_Radio DONE
08-05 16:12:35.159 17259 18347 I art     : Explicit concurrent mark sweep GC freed 3(96B) AllocSpace objects, 0(0B) LOS objects, 23% free, 51MB/67MB, paused 395us total 17.945ms
08-05 16:12:35.167 18924 18924 D AndroidRuntime: Calling main entry com.android.commands.input.Input
08-05 16:12:35.167 17259 18347 I art     : Starting a blocking GC Explicit
08-05 16:12:35.169 18924 18924 I Input   : injectMotionEvent: MotionEvent { action=ACTION_DOWN, actionButton=0, id[0]=0, x[0]=337.0, y[0]=1104.0, toolType[0]=TOOL_TYPE_UNKNOWN, buttonState=0, metaState=0, flags=0x0, edgeFlags=0x0, pointerCount=1, historySize=0, eventTime=807171581, downTime=807171581, deviceId=0, source=0x1002 }
08-05 16:12:35.174 18924 18924 I Input   : injectMotionEvent: MotionEvent { action=ACTION_UP, actionButton=0, id[0]=0, x[0]=337.0, y[0]=1104.0, toolType[0]=TOOL_TYPE_UNKNOWN, buttonState=0, metaState=0, flags=0x0, edgeFlags=0x0, pointerCount=1, historySize=0, eventTime=807171581, downTime=807171581, deviceId=0, source=0x1002 }
08-05 16:12:35.176   918  3714 I ActivityManager: START u0 {cmp=baseline.appteam.nith.hillffair/.activities.BattleDayActivity} from uid 10675 on display 0
08-05 16:12:35.184 18924 18924 D AndroidRuntime: Shutting down VM
08-05 16:12:35.185 17259 18347 I art     : Explicit concurrent mark sweep GC freed 7(224B) AllocSpace objects, 0(0B) LOS objects, 23% free, 51MB/67MB, paused 454us total 17.387ms
08-05 16:12:35.277 13866 13866 I GoogleInputMethodServic: GoogleInputMethodService.onFinishInput():3138 
08-05 16:12:35.277 13866 13866 I GoogleInputMethodServic: GoogleInputMethodService.onStartInput():1808 
08-05 16:12:35.307   918   936 I ActivityManager: Displayed baseline.appteam.nith.hillffair/.activities.BattleDayActivity: +121ms
08-05 16:12:35.433 17259 17272 I art     : Starting a blocking GC Explicit
08-05 16:12:35.459 17259 17272 I art     : Explicit concurrent mark sweep GC freed 6360(383KB) AllocSpace objects, 1(20KB) LOS objects, 23% free, 52MB/68MB, paused 557us total 26.127ms
08-05 16:12:35.470 17259 17272 I art     : Starting a blocking GC Explicit
08-05 16:12:35.497 17259 17272 I art     : Explicit concurrent mark sweep GC freed 260(11KB) AllocSpace objects, 0(0B) LOS objects, 23% free, 52MB/68MB, paused 587us total 26.672ms
08-05 16:12:35.509 17259 17272 I art     : Starting a blocking GC Explicit
08-05 16:12:35.534 17259 17272 I art     : Explicit concurrent mark sweep GC freed 3(96B) AllocSpace objects, 0(0B) LOS objects, 23% free, 52MB/68MB, paused 479us total 24.290ms
08-05 16:12:35.545 17259 17272 I art     : Starting a blocking GC Explicit
08-05 16:12:35.553   380   380 W SurfaceFlinger: couldn't log to binary event log: overflow.
08-05 16:12:35.567 17259 17272 I art     : Explicit concurrent mark sweep GC freed 3(96B) AllocSpace objects, 0(0B) LOS objects, 23% free, 52MB/68MB, paused 437us total 22.322ms
08-05 16:12:35.575 17259 17272 I art     : Starting a blocking GC Explicit
08-05 16:12:35.593 17259 17272 I art     : Explicit concurrent mark sweep GC freed 3(96B) AllocSpace objects, 0(0B) LOS objects, 23% free, 52MB/68MB, paused 466us total 17.411ms
08-05 16:12:35.777 17259 18947 D OkHttp  : --> GET https://api-hillfair-2k16.herokuapp.com/api/app/events/special http/1.1
08-05 16:12:35.818 17259 18947 D OkHttp  : <-- 200 OK https://api-hillfair-2k16.herokuapp.com/api/app/events/special (40ms, 554-byte body)
08-05 16:12:35.871 17259 17259 I NAPPA_EXPERIMENTATION: MetricNetworkRequestExecutionTime: REQUEST_DURATION_SYSTEM='654',REQUEST_DURATION_OKHTTP='41',REQUEST_SYNCHRONOUS='FALSE',RESPONSE_CODE='200',RESPONSE_METHOD='GET',RESPONSE_LENGTH_OKHTTP='554',RESPONSE_LENGTH_HEADER='554',REQUEST_PROTOCOL='http/1.1',REQUEST_URL='https://api-hillfair-2k16.herokuapp.com/api/app/events/special',
08-05 16:12:35.880 17259 18347 I art     : Starting a blocking GC Explicit
08-05 16:12:35.901 17259 18347 I art     : Explicit concurrent mark sweep GC freed 4830(309KB) AllocSpace objects, 4(220KB) LOS objects, 23% free, 52MB/68MB, paused 641us total 21.047ms
08-05 16:12:35.910 17259 18347 I art     : Starting a blocking GC Explicit
08-05 16:12:35.931 17259 18347 I art     : Explicit concurrent mark sweep GC freed 1246(127KB) AllocSpace objects, 0(0B) LOS objects, 23% free, 52MB/68MB, paused 433us total 20.705ms
08-05 16:12:35.939 17259 18347 I art     : Starting a blocking GC Explicit
08-05 16:12:35.958 17259 18347 I art     : Explicit concurrent mark sweep GC freed 39(1824B) AllocSpace objects, 0(0B) LOS objects, 23% free, 52MB/68MB, paused 431us total 18.994ms
08-05 16:12:35.967 17259 18347 I art     : Starting a blocking GC Explicit
08-05 16:12:35.986 17259 18347 I art     : Explicit concurrent mark sweep GC freed 3(96B) AllocSpace objects, 0(0B) LOS objects, 23% free, 52MB/68MB, paused 417us total 19.124ms
08-05 16:12:35.994 17259 18347 I art     : Starting a blocking GC Explicit
08-05 16:12:36.014 17259 18347 I art     : Explicit concurrent mark sweep GC freed 3(96B) AllocSpace objects, 0(0B) LOS objects, 23% free, 52MB/68MB, paused 399us total 19.673ms
08-05 16:12:36.307 17259 17271 I art     : Starting a blocking GC Explicit
08-05 16:12:36.333 17259 17271 I art     : Explicit concurrent mark sweep GC freed 1340(78KB) AllocSpace objects, 1(20KB) LOS objects, 23% free, 52MB/68MB, paused 456us total 25.545ms
08-05 16:12:36.345 17259 17271 I art     : Starting a blocking GC Explicit
08-05 16:12:36.369 17259 17271 I art     : Explicit concurrent mark sweep GC freed 20(704B) AllocSpace objects, 0(0B) LOS objects, 23% free, 52MB/68MB, paused 425us total 23.920ms
08-05 16:12:36.378 17259 17271 I art     : Starting a blocking GC Explicit
08-05 16:12:36.398 17259 17271 I art     : Explicit concurrent mark sweep GC freed 3(96B) AllocSpace objects, 0(0B) LOS objects, 23% free, 52MB/68MB, paused 487us total 20.508ms
08-05 16:12:36.407 17259 17271 I art     : Starting a blocking GC Explicit
08-05 16:12:36.428 17259 17271 I art     : Explicit concurrent mark sweep GC freed 3(96B) AllocSpace objects, 0(0B) LOS objects, 23% free, 52MB/68MB, paused 427us total 20.717ms
08-05 16:12:36.436 17259 17271 I art     : Starting a blocking GC Explicit
08-05 16:12:36.457 17259 17271 I art     : Explicit concurrent mark sweep GC freed 3(96B) AllocSpace objects, 0(0B) LOS objects, 23% free, 52MB/68MB, paused 490us total 20.106ms
08-05 16:12:36.750 17259 17294 I art     : Starting a blocking GC Explicit
08-05 16:12:36.781 17259 17294 I art     : Explicit concurrent mark sweep GC freed 1340(78KB) AllocSpace objects, 1(20KB) LOS objects, 23% free, 52MB/68MB, paused 487us total 30.577ms
08-05 16:12:36.794 17259 17294 I art     : Starting a blocking GC Explicit
08-05 16:12:36.818 17259 17294 I art     : Explicit concurrent mark sweep GC freed 20(704B) AllocSpace objects, 0(0B) LOS objects, 23% free, 52MB/68MB, paused 427us total 23.806ms
08-05 16:12:36.827 17259 17294 I art     : Starting a blocking GC Explicit
08-05 16:12:36.848 17259 17294 I art     : Explicit concurrent mark sweep GC freed 3(96B) AllocSpace objects, 0(0B) LOS objects, 23% free, 52MB/68MB, paused 571us total 20.799ms
08-05 16:12:36.857 17259 17294 I art     : Starting a blocking GC Explicit
08-05 16:12:36.877 17259 17294 I art     : Explicit concurrent mark sweep GC freed 3(96B) AllocSpace objects, 0(0B) LOS objects, 23% free, 52MB/68MB, paused 425us total 20.061ms
08-05 16:12:36.886 17259 17294 I art     : Starting a blocking GC Explicit
08-05 16:12:36.907 17259 17294 I art     : Explicit concurrent mark sweep GC freed 3(96B) AllocSpace objects, 0(0B) LOS objects, 23% free, 52MB/68MB, paused 501us total 20.400ms
08-05 16:12:37.237 17259 17272 I art     : Starting a blocking GC Explicit
08-05 16:12:37.267 17259 17272 I art     : Explicit concurrent mark sweep GC freed 1340(78KB) AllocSpace objects, 1(20KB) LOS objects, 23% free, 52MB/68MB, paused 467us total 29.831ms
08-05 16:12:37.279 17259 17272 I art     : Starting a blocking GC Explicit
08-05 16:12:37.300 17259 17272 I art     : Explicit concurrent mark sweep GC freed 20(704B) AllocSpace objects, 0(0B) LOS objects, 23% free, 52MB/68MB, paused 424us total 20.812ms
08-05 16:12:37.309 17259 17272 I art     : Starting a blocking GC Explicit
08-05 16:12:37.329 17259 17272 I art     : Explicit concurrent mark sweep GC freed 3(96B) AllocSpace objects, 0(0B) LOS objects, 23% free, 52MB/68MB, paused 432us total 20.383ms
08-05 16:12:37.338 17259 17272 I art     : Starting a blocking GC Explicit
08-05 16:12:37.359 17259 17272 I art     : Explicit concurrent mark sweep GC freed 3(96B) AllocSpace objects, 0(0B) LOS objects, 23% free, 52MB/68MB, paused 409us total 20.487ms
08-05 16:12:37.367 17259 17272 I art     : Starting a blocking GC Explicit
08-05 16:12:37.388 17259 17272 I art     : Explicit concurrent mark sweep GC freed 3(96B) AllocSpace objects, 0(0B) LOS objects, 23% free, 52MB/68MB, paused 435us total 20.732ms
08-05 16:12:37.725 17259 17529 I art     : Starting a blocking GC Explicit
08-05 16:12:37.753 17259 17529 I art     : Explicit concurrent mark sweep GC freed 1340(78KB) AllocSpace objects, 1(20KB) LOS objects, 23% free, 52MB/68MB, paused 497us total 27.529ms
08-05 16:12:37.765 17259 17529 I art     : Starting a blocking GC Explicit
08-05 16:12:37.785 17259 17529 I art     : Explicit concurrent mark sweep GC freed 20(704B) AllocSpace objects, 0(0B) LOS objects, 23% free, 52MB/68MB, paused 420us total 19.775ms
08-05 16:12:37.793 17259 17529 I art     : Starting a blocking GC Explicit
08-05 16:12:37.813 17259 17529 I art     : Explicit concurrent mark sweep GC freed 3(96B) AllocSpace objects, 0(0B) LOS objects, 23% free, 52MB/68MB, paused 430us total 19.972ms
08-05 16:12:37.822 17259 17529 I art     : Starting a blocking GC Explicit
08-05 16:12:37.842 17259 17529 I art     : Explicit concurrent mark sweep GC freed 3(96B) AllocSpace objects, 0(0B) LOS objects, 23% free, 52MB/68MB, paused 416us total 20.072ms
08-05 16:12:37.851 17259 17529 I art     : Starting a blocking GC Explicit
08-05 16:12:37.871 17259 17529 I art     : Explicit concurrent mark sweep GC freed 3(96B) AllocSpace objects, 0(0B) LOS objects, 23% free, 52MB/68MB, paused 436us total 20.091ms
08-05 16:12:38.190 17259 18347 I art     : Starting a blocking GC Explicit
08-05 16:12:38.216 17259 18347 I art     : Explicit concurrent mark sweep GC freed 1340(78KB) AllocSpace objects, 1(20KB) LOS objects, 23% free, 52MB/68MB, paused 464us total 25.959ms
08-05 16:12:38.228 17259 18347 I art     : Starting a blocking GC Explicit
08-05 16:12:38.249 17259 18347 I art     : Explicit concurrent mark sweep GC freed 20(704B) AllocSpace objects, 0(0B) LOS objects, 23% free, 52MB/68MB, paused 419us total 20.386ms
08-05 16:12:38.257 17259 18347 I art     : Starting a blocking GC Explicit
08-05 16:12:38.278 17259 18347 I art     : Explicit concurrent mark sweep GC freed 3(96B) AllocSpace objects, 0(0B) LOS objects, 23% free, 52MB/68MB, paused 421us total 20.243ms
08-05 16:12:38.286 17259 18347 I art     : Starting a blocking GC Explicit
08-05 16:12:38.307 17259 18347 I art     : Explicit concurrent mark sweep GC freed 3(96B) AllocSpace objects, 0(0B) LOS objects, 23% free, 52MB/68MB, paused 540us total 20.511ms
08-05 16:12:38.316 17259 18347 I art     : Starting a blocking GC Explicit
08-05 16:12:38.336 17259 18347 I art     : Explicit concurrent mark sweep GC freed 3(96B) AllocSpace objects, 0(0B) LOS objects, 23% free, 52MB/68MB, paused 413us total 19.272ms
08-05 16:12:38.645 17259 17271 I art     : Starting a blocking GC Explicit
08-05 16:12:38.671 17259 17271 I art     : Explicit concurrent mark sweep GC freed 1340(78KB) AllocSpace objects, 1(20KB) LOS objects, 23% free, 52MB/68MB, paused 471us total 25.505ms
08-05 16:12:38.684 17259 17271 I art     : Starting a blocking GC Explicit
08-05 16:12:38.709 17259 17271 I art     : Explicit concurrent mark sweep GC freed 20(704B) AllocSpace objects, 0(0B) LOS objects, 23% free, 52MB/68MB, paused 557us total 24.819ms
08-05 16:12:38.719 17259 17271 I art     : Starting a blocking GC Explicit
08-05 16:12:38.740 17259 17271 I art     : Explicit concurrent mark sweep GC freed 3(96B) AllocSpace objects, 0(0B) LOS objects, 23% free, 52MB/68MB, paused 418us total 20.712ms
08-05 16:12:38.749 17259 17271 I art     : Starting a blocking GC Explicit
08-05 16:12:38.769 17259 17271 I art     : Explicit concurrent mark sweep GC freed 3(96B) AllocSpace objects, 0(0B) LOS objects, 23% free, 52MB/68MB, paused 417us total 20.014ms
08-05 16:12:38.778 17259 17271 I art     : Starting a blocking GC Explicit
08-05 16:12:38.798 17259 17271 I art     : Explicit concurrent mark sweep GC freed 3(96B) AllocSpace objects, 0(0B) LOS objects, 23% free, 52MB/68MB, paused 425us total 19.915ms
08-05 16:12:39.120 17259 17294 I art     : Starting a blocking GC Explicit
08-05 16:12:39.145 17259 17294 I art     : Explicit concurrent mark sweep GC freed 1340(78KB) AllocSpace objects, 1(20KB) LOS objects, 23% free, 52MB/68MB, paused 469us total 25.325ms
08-05 16:12:39.157 17259 17294 I art     : Starting a blocking GC Explicit
08-05 16:12:39.178 17259 17294 I art     : Explicit concurrent mark sweep GC freed 20(704B) AllocSpace objects, 0(0B) LOS objects, 23% free, 52MB/68MB, paused 446us total 20.197ms
08-05 16:12:39.187 17259 17294 I art     : Starting a blocking GC Explicit
08-05 16:12:39.207 17259 17294 I art     : Explicit concurrent mark sweep GC freed 3(96B) AllocSpace objects, 0(0B) LOS objects, 23% free, 52MB/68MB, paused 473us total 20.609ms
08-05 16:12:39.216 17259 17294 I art     : Starting a blocking GC Explicit
08-05 16:12:39.237 17259 17294 I art     : Explicit concurrent mark sweep GC freed 3(96B) AllocSpace objects, 0(0B) LOS objects, 23% free, 52MB/68MB, paused 492us total 20.677ms
08-05 16:12:39.246 17259 17294 I art     : Starting a blocking GC Explicit
08-05 16:12:39.266 17259 17294 I art     : Explicit concurrent mark sweep GC freed 3(96B) AllocSpace objects, 0(0B) LOS objects, 23% free, 52MB/68MB, paused 418us total 20.182ms
08-05 16:12:39.546 17259 17272 I art     : Starting a blocking GC Explicit
08-05 16:12:39.567 17259 17272 I art     : Explicit concurrent mark sweep GC freed 1340(78KB) AllocSpace objects, 1(20KB) LOS objects, 23% free, 52MB/68MB, paused 515us total 20.669ms
08-05 16:12:39.576 17259 17272 I art     : Starting a blocking GC Explicit
08-05 16:12:39.595 17259 17272 I art     : Explicit concurrent mark sweep GC freed 20(704B) AllocSpace objects, 0(0B) LOS objects, 23% free, 52MB/68MB, paused 433us total 19.652ms
08-05 16:12:39.604 17259 17272 I art     : Starting a blocking GC Explicit
08-05 16:12:39.624 17259 17272 I art     : Explicit concurrent mark sweep GC freed 3(96B) AllocSpace objects, 0(0B) LOS objects, 23% free, 52MB/68MB, paused 410us total 19.871ms
08-05 16:12:39.632 17259 17272 I art     : Starting a blocking GC Explicit
08-05 16:12:39.652 17259 17272 I art     : Explicit concurrent mark sweep GC freed 3(96B) AllocSpace objects, 0(0B) LOS objects, 23% free, 52MB/68MB, paused 466us total 19.707ms
08-05 16:12:39.661 17259 17272 I art     : Starting a blocking GC Explicit
08-05 16:12:39.681 17259 17272 I art     : Explicit concurrent mark sweep GC freed 3(96B) AllocSpace objects, 0(0B) LOS objects, 23% free, 52MB/68MB, paused 442us total 19.289ms
08-05 16:12:39.869 19041 19041 D AndroidRuntime: >>>>>> START com.android.internal.os.RuntimeInit uid 2000 <<<<<<
08-05 16:12:39.874 19041 19041 D AndroidRuntime: CheckJNI is OFF
08-05 16:12:39.907 19041 19041 D ICU     : No timezone override file found: /data/misc/zoneinfo/current/icu/icu_tzdata.dat
08-05 16:12:39.938 19041 19041 I Radio-JNI: register_android_hardware_Radio DONE
08-05 16:12:39.961 19041 19041 D AndroidRuntime: Calling main entry com.android.commands.input.Input
08-05 16:12:39.962 19041 19041 I Input   : injectMotionEvent: MotionEvent { action=ACTION_DOWN, actionButton=0, id[0]=0, x[0]=733.0, y[0]=645.0, toolType[0]=TOOL_TYPE_UNKNOWN, buttonState=0, metaState=0, flags=0x0, edgeFlags=0x0, pointerCount=1, historySize=0, eventTime=807176375, downTime=807176375, deviceId=0, source=0x1002 }
08-05 16:12:39.967 19041 19041 I Input   : injectMotionEvent: MotionEvent { action=ACTION_UP, actionButton=0, id[0]=0, x[0]=733.0, y[0]=645.0, toolType[0]=TOOL_TYPE_UNKNOWN, buttonState=0, metaState=0, flags=0x0, edgeFlags=0x0, pointerCount=1, historySize=0, eventTime=807176375, downTime=807176375, deviceId=0, source=0x1002 }
08-05 16:12:39.968   918  5132 I ActivityManager: START u0 {cmp=baseline.appteam.nith.hillffair/.activities.ClubActivity (has extras)} from uid 10675 on display 0
08-05 16:12:39.975 19041 19041 D AndroidRuntime: Shutting down VM
08-05 16:12:39.978 17259 17271 I art     : Starting a blocking GC Explicit
08-05 16:12:39.999 17259 17271 I art     : Explicit concurrent mark sweep GC freed 1655(102KB) AllocSpace objects, 1(20KB) LOS objects, 23% free, 52MB/68MB, paused 688us total 20.737ms
08-05 16:12:40.007 17259 17271 I art     : Starting a blocking GC Explicit
08-05 16:12:40.030 17259 17271 I art     : Explicit concurrent mark sweep GC freed 3503(222KB) AllocSpace objects, 0(0B) LOS objects, 23% free, 52MB/68MB, paused 969us total 22.727ms
08-05 16:12:40.038 17259 17271 I art     : Starting a blocking GC Explicit
08-05 16:12:40.056 17259 17271 I art     : Explicit concurrent mark sweep GC freed 301(14KB) AllocSpace objects, 0(0B) LOS objects, 23% free, 52MB/68MB, paused 467us total 17.970ms
08-05 16:12:40.062 13866 13866 I GoogleInputMethodServic: GoogleInputMethodService.onFinishInput():3138 
08-05 16:12:40.063 13866 13866 I GoogleInputMethodServic: GoogleInputMethodService.onStartInput():1808 
08-05 16:12:40.063   918   936 I ActivityManager: Displayed baseline.appteam.nith.hillffair/.activities.ClubActivity: +87ms
08-05 16:12:40.064 17259 17271 I art     : Starting a blocking GC Explicit
08-05 16:12:40.084 17259 17271 I art     : Explicit concurrent mark sweep GC freed 60(2544B) AllocSpace objects, 0(0B) LOS objects, 23% free, 52MB/68MB, paused 468us total 19.661ms
08-05 16:12:40.093 17259 17271 I art     : Starting a blocking GC Explicit
08-05 16:12:40.112 17259 17271 I art     : Explicit concurrent mark sweep GC freed 9(304B) AllocSpace objects, 0(0B) LOS objects, 23% free, 52MB/68MB, paused 427us total 18.334ms
08-05 16:12:40.259 12631 12631 I ServiceManager: Waiting for service AtCmdFwd...
08-05 16:12:40.308   380   380 W SurfaceFlinger: couldn't log to binary event log: overflow.
08-05 16:12:40.346 17259 17529 I art     : Starting a blocking GC Explicit
08-05 16:12:40.364 17259 17529 I art     : Explicit concurrent mark sweep GC freed 1341(78KB) AllocSpace objects, 1(20KB) LOS objects, 23% free, 52MB/68MB, paused 433us total 18.555ms
08-05 16:12:40.373 17259 17529 I art     : Starting a blocking GC Explicit
08-05 16:12:40.392 17259 17529 I art     : Explicit concurrent mark sweep GC freed 20(704B) AllocSpace objects, 0(0B) LOS objects, 23% free, 52MB/68MB, paused 418us total 18.428ms
08-05 16:12:40.399 17259 17529 I art     : Starting a blocking GC Explicit
08-05 16:12:40.418 17259 17529 I art     : Explicit concurrent mark sweep GC freed 3(96B) AllocSpace objects, 0(0B) LOS objects, 23% free, 52MB/68MB, paused 426us total 18.213ms
08-05 16:12:40.426 17259 17529 I art     : Starting a blocking GC Explicit
08-05 16:12:40.450 17259 17529 I art     : Explicit concurrent mark sweep GC freed 102(5KB) AllocSpace objects, 0(0B) LOS objects, 23% free, 52MB/68MB, paused 554us total 24.268ms
08-05 16:12:40.458 17259 17529 I art     : Starting a blocking GC Explicit
08-05 16:12:40.478 17259 17529 I art     : Explicit concurrent mark sweep GC freed 14(512B) AllocSpace objects, 0(0B) LOS objects, 23% free, 52MB/68MB, paused 453us total 19.982ms
08-05 16:12:40.757 17259 17271 I art     : Starting a blocking GC Explicit
08-05 16:12:40.778 17259 19072 D OkHttp  : --> GET https://api-hillfair-2k16.herokuapp.com/api/app/events/special/event?id=5806551bdcba0f490c70fd1f http/1.1
08-05 16:12:40.785 17259 17271 I art     : Explicit concurrent mark sweep GC freed 3976(213KB) AllocSpace objects, 3(140KB) LOS objects, 23% free, 52MB/68MB, paused 521us total 27.487ms
08-05 16:12:40.794 17259 17271 I art     : Starting a blocking GC Explicit
08-05 16:12:40.814 17259 17271 I art     : Explicit concurrent mark sweep GC freed 1002(116KB) AllocSpace objects, 1(80KB) LOS objects, 23% free, 52MB/68MB, paused 491us total 19.308ms
08-05 16:12:40.821 17259 19072 D OkHttp  : <-- 200 OK https://api-hillfair-2k16.herokuapp.com/api/app/events/special/event?id=5806551bdcba0f490c70fd1f (42ms, 795-byte body)
08-05 16:12:40.822 17259 17271 I art     : Starting a blocking GC Explicit
08-05 16:12:40.842 17259 17271 I art     : Explicit concurrent mark sweep GC freed 159(33KB) AllocSpace objects, 0(0B) LOS objects, 23% free, 52MB/68MB, paused 438us total 20.008ms
08-05 16:12:40.850 17259 17271 I art     : Starting a blocking GC Explicit
08-05 16:12:40.870 17259 17271 I art     : Explicit concurrent mark sweep GC freed 154(6KB) AllocSpace objects, 0(0B) LOS objects, 23% free, 52MB/68MB, paused 498us total 19.748ms
08-05 16:12:40.877 17259 17259 I NAPPA_EXPERIMENTATION: MetricNetworkRequestExecutionTime: REQUEST_DURATION_SYSTEM='873',REQUEST_DURATION_OKHTTP='43',REQUEST_SYNCHRONOUS='FALSE',RESPONSE_CODE='200',RESPONSE_METHOD='GET',RESPONSE_LENGTH_OKHTTP='795',RESPONSE_LENGTH_HEADER='795',REQUEST_PROTOCOL='http/1.1',REQUEST_URL='https://api-hillfair-2k16.herokuapp.com/api/app/events/special/event?id=5806551bdcba0f490c70fd1f',
08-05 16:12:40.879 17259 17271 I art     : Starting a blocking GC Explicit
08-05 16:12:40.899 17259 17271 I art     : Explicit concurrent mark sweep GC freed 196(44KB) AllocSpace objects, 0(0B) LOS objects, 23% free, 52MB/68MB, paused 463us total 19.780ms
08-05 16:12:41.181 17259 18347 I art     : Starting a blocking GC Explicit
08-05 16:12:41.204 17259 18347 I art     : Explicit concurrent mark sweep GC freed 1703(95KB) AllocSpace objects, 1(20KB) LOS objects, 23% free, 52MB/68MB, paused 465us total 22.630ms
08-05 16:12:41.213 17259 18347 I art     : Starting a blocking GC Explicit
08-05 16:12:41.235 17259 18347 I art     : Explicit concurrent mark sweep GC freed 51(1664B) AllocSpace objects, 0(0B) LOS objects, 23% free, 52MB/68MB, paused 452us total 21.505ms
08-05 16:12:41.244 17259 18347 I art     : Starting a blocking GC Explicit
08-05 16:12:41.260 12631 12631 I ServiceManager: Waiting for service AtCmdFwd...
08-05 16:12:41.264 17259 18347 I art     : Explicit concurrent mark sweep GC freed 3(96B) AllocSpace objects, 0(0B) LOS objects, 23% free, 52MB/68MB, paused 449us total 19.919ms
08-05 16:12:41.272 17259 18347 I art     : Starting a blocking GC Explicit
08-05 16:12:41.293 17259 18347 I art     : Explicit concurrent mark sweep GC freed 19(656B) AllocSpace objects, 0(0B) LOS objects, 23% free, 52MB/68MB, paused 444us total 20.568ms
08-05 16:12:41.302 17259 18347 I art     : Starting a blocking GC Explicit
08-05 16:12:41.323 17259 18347 I art     : Explicit concurrent mark sweep GC freed 3(96B) AllocSpace objects, 0(0B) LOS objects, 23% free, 52MB/68MB, paused 429us total 20.751ms
08-05 16:12:41.620 17259 17271 I art     : Starting a blocking GC Explicit
08-05 16:12:41.647 17259 17271 I art     : Explicit concurrent mark sweep GC freed 1341(78KB) AllocSpace objects, 1(20KB) LOS objects, 23% free, 52MB/68MB, paused 488us total 26.855ms
08-05 16:12:41.659 17259 17271 I art     : Starting a blocking GC Explicit
08-05 16:12:41.684 17259 17271 I art     : Explicit concurrent mark sweep GC freed 20(704B) AllocSpace objects, 0(0B) LOS objects, 23% free, 52MB/68MB, paused 454us total 24.376ms
08-05 16:12:41.693 17259 17271 I art     : Starting a blocking GC Explicit
08-05 16:12:41.715 17259 17271 I art     : Explicit concurrent mark sweep GC freed 3(96B) AllocSpace objects, 0(0B) LOS objects, 23% free, 52MB/68MB, paused 456us total 21.920ms
08-05 16:12:41.723 17259 17271 I art     : Starting a blocking GC Explicit
08-05 16:12:41.745 17259 17271 I art     : Explicit concurrent mark sweep GC freed 3(96B) AllocSpace objects, 0(0B) LOS objects, 23% free, 52MB/68MB, paused 415us total 20.944ms
08-05 16:12:41.753 17259 17271 I art     : Starting a blocking GC Explicit
08-05 16:12:41.775 17259 17271 I art     : Explicit concurrent mark sweep GC freed 3(96B) AllocSpace objects, 0(0B) LOS objects, 23% free, 52MB/68MB, paused 456us total 21.234ms
08-05 16:12:42.098 17259 17272 I art     : Starting a blocking GC Explicit
08-05 16:12:42.125 17259 17272 I art     : Explicit concurrent mark sweep GC freed 1341(78KB) AllocSpace objects, 1(20KB) LOS objects, 23% free, 52MB/68MB, paused 483us total 26.867ms
08-05 16:12:42.137 17259 17272 I art     : Starting a blocking GC Explicit
08-05 16:12:42.158 17259 17272 I art     : Explicit concurrent mark sweep GC freed 20(704B) AllocSpace objects, 0(0B) LOS objects, 23% free, 52MB/68MB, paused 459us total 21.228ms
08-05 16:12:42.167 17259 17272 I art     : Starting a blocking GC Explicit
08-05 16:12:42.188 17259 17272 I art     : Explicit concurrent mark sweep GC freed 3(96B) AllocSpace objects, 0(0B) LOS objects, 23% free, 52MB/68MB, paused 458us total 21.377ms
08-05 16:12:42.197 17259 17272 I art     : Starting a blocking GC Explicit
08-05 16:12:42.219 17259 17272 I art     : Explicit concurrent mark sweep GC freed 3(96B) AllocSpace objects, 0(0B) LOS objects, 23% free, 52MB/68MB, paused 445us total 21.200ms
08-05 16:12:42.227 17259 17272 I art     : Starting a blocking GC Explicit
08-05 16:12:42.249 17259 17272 I art     : Explicit concurrent mark sweep GC freed 3(96B) AllocSpace objects, 0(0B) LOS objects, 23% free, 52MB/68MB, paused 451us total 21.863ms
08-05 16:12:42.261 12631 12631 I ServiceManager: Waiting for service AtCmdFwd...
08-05 16:12:42.542 17259 17294 I art     : Starting a blocking GC Explicit
08-05 16:12:42.574 17259 17294 I art     : Explicit concurrent mark sweep GC freed 1341(78KB) AllocSpace objects, 1(20KB) LOS objects, 23% free, 52MB/68MB, paused 497us total 31.497ms
08-05 16:12:42.588 17259 17294 I art     : Starting a blocking GC Explicit
08-05 16:12:42.609 17259 17294 I art     : Explicit concurrent mark sweep GC freed 20(704B) AllocSpace objects, 0(0B) LOS objects, 23% free, 52MB/68MB, paused 442us total 20.891ms
08-05 16:12:42.617 17259 17294 I art     : Starting a blocking GC Explicit
08-05 16:12:42.638 17259 17294 I art     : Explicit concurrent mark sweep GC freed 3(96B) AllocSpace objects, 0(0B) LOS objects, 23% free, 52MB/68MB, paused 506us total 20.525ms
08-05 16:12:42.647 17259 17294 I art     : Starting a blocking GC Explicit
08-05 16:12:42.669 17259 17294 I art     : Explicit concurrent mark sweep GC freed 3(96B) AllocSpace objects, 0(0B) LOS objects, 23% free, 52MB/68MB, paused 448us total 21.422ms
08-05 16:12:42.677 17259 17294 I art     : Starting a blocking GC Explicit
08-05 16:12:42.699 17259 17294 I art     : Explicit concurrent mark sweep GC freed 3(96B) AllocSpace objects, 0(0B) LOS objects, 23% free, 52MB/68MB, paused 443us total 21.057ms
08-05 16:12:43.011 17259 17529 I art     : Starting a blocking GC Explicit
08-05 16:12:43.037 17259 17529 I art     : Explicit concurrent mark sweep GC freed 1341(78KB) AllocSpace objects, 1(20KB) LOS objects, 23% free, 52MB/68MB, paused 599us total 25.918ms
08-05 16:12:43.049 17259 17529 I art     : Starting a blocking GC Explicit
08-05 16:12:43.070 17259 17529 I art     : Explicit concurrent mark sweep GC freed 20(704B) AllocSpace objects, 0(0B) LOS objects, 23% free, 52MB/68MB, paused 448us total 21.504ms
08-05 16:12:43.079 17259 17529 I art     : Starting a blocking GC Explicit
08-05 16:12:43.100 17259 17529 I art     : Explicit concurrent mark sweep GC freed 3(96B) AllocSpace objects, 0(0B) LOS objects, 23% free, 52MB/68MB, paused 463us total 21.009ms
08-05 16:12:43.109 17259 17529 I art     : Starting a blocking GC Explicit
08-05 16:12:43.131 17259 17529 I art     : Explicit concurrent mark sweep GC freed 3(96B) AllocSpace objects, 0(0B) LOS objects, 23% free, 52MB/68MB, paused 452us total 21.211ms
08-05 16:12:43.140 17259 17529 I art     : Starting a blocking GC Explicit
08-05 16:12:43.161 17259 17529 I art     : Explicit concurrent mark sweep GC freed 3(96B) AllocSpace objects, 0(0B) LOS objects, 23% free, 52MB/68MB, paused 460us total 21.694ms
08-05 16:12:43.262 12631 12631 I ServiceManager: Waiting for service AtCmdFwd...
08-05 16:12:43.481 17259 18347 I art     : Starting a blocking GC Explicit
08-05 16:12:43.508 17259 18347 I art     : Explicit concurrent mark sweep GC freed 1341(78KB) AllocSpace objects, 1(20KB) LOS objects, 23% free, 52MB/68MB, paused 535us total 27.089ms
08-05 16:12:43.520 17259 18347 I art     : Starting a blocking GC Explicit
08-05 16:12:43.547 17259 18347 I art     : Explicit concurrent mark sweep GC freed 20(704B) AllocSpace objects, 0(0B) LOS objects, 23% free, 52MB/68MB, paused 526us total 25.998ms
08-05 16:12:43.557 17259 18347 I art     : Starting a blocking GC Explicit
08-05 16:12:43.579 17259 18347 I art     : Explicit concurrent mark sweep GC freed 3(96B) AllocSpace objects, 0(0B) LOS objects, 23% free, 52MB/68MB, paused 448us total 21.497ms
08-05 16:12:43.588 17259 18347 I art     : Starting a blocking GC Explicit
08-05 16:12:43.609 17259 18347 I art     : Explicit concurrent mark sweep GC freed 3(96B) AllocSpace objects, 0(0B) LOS objects, 23% free, 52MB/68MB, paused 443us total 20.963ms
08-05 16:12:43.618 17259 18347 I art     : Starting a blocking GC Explicit
08-05 16:12:43.640 17259 18347 I art     : Explicit concurrent mark sweep GC freed 3(96B) AllocSpace objects, 0(0B) LOS objects, 23% free, 52MB/68MB, paused 456us total 21.486ms
08-05 16:12:43.956 17259 17271 I art     : Starting a blocking GC Explicit
08-05 16:12:43.989 17259 17271 I art     : Explicit concurrent mark sweep GC freed 1341(78KB) AllocSpace objects, 1(20KB) LOS objects, 23% free, 52MB/68MB, paused 554us total 33.372ms
08-05 16:12:44.003 17259 17271 I art     : Starting a blocking GC Explicit
08-05 16:12:44.025 17259 17271 I art     : Explicit concurrent mark sweep GC freed 20(704B) AllocSpace objects, 0(0B) LOS objects, 23% free, 52MB/68MB, paused 460us total 21.736ms
08-05 16:12:44.034 17259 17271 I art     : Starting a blocking GC Explicit
08-05 16:12:44.056 17259 17271 I art     : Explicit concurrent mark sweep GC freed 3(96B) AllocSpace objects, 0(0B) LOS objects, 23% free, 52MB/68MB, paused 450us total 21.813ms
08-05 16:12:44.065 17259 17271 I art     : Starting a blocking GC Explicit
08-05 16:12:44.086 17259 17271 I art     : Explicit concurrent mark sweep GC freed 3(96B) AllocSpace objects, 0(0B) LOS objects, 23% free, 52MB/68MB, paused 459us total 21.715ms
08-05 16:12:44.095 17259 17271 I art     : Starting a blocking GC Explicit
08-05 16:12:44.118 17259 17271 I art     : Explicit concurrent mark sweep GC freed 3(96B) AllocSpace objects, 0(0B) LOS objects, 23% free, 52MB/68MB, paused 540us total 22.002ms
08-05 16:12:44.262 12631 12631 I ServiceManager: Waiting for service AtCmdFwd...
08-05 16:12:44.377 17259 17272 I art     : Starting a blocking GC Explicit
08-05 16:12:44.399 17259 17272 I art     : Explicit concurrent mark sweep GC freed 1341(78KB) AllocSpace objects, 1(20KB) LOS objects, 23% free, 52MB/68MB, paused 460us total 21.679ms
08-05 16:12:44.407 17259 17272 I art     : Starting a blocking GC Explicit
08-05 16:12:44.428 17259 17272 I art     : Explicit concurrent mark sweep GC freed 20(704B) AllocSpace objects, 0(0B) LOS objects, 23% free, 52MB/68MB, paused 453us total 20.920ms
08-05 16:12:44.437 17259 17272 I art     : Starting a blocking GC Explicit
08-05 16:12:44.456 17259 17272 I art     : Explicit concurrent mark sweep GC freed 3(96B) AllocSpace objects, 0(0B) LOS objects, 23% free, 52MB/68MB, paused 444us total 19.406ms
08-05 16:12:44.465 17259 17272 I art     : Starting a blocking GC Explicit
08-05 16:12:44.485 17259 17272 I art     : Explicit concurrent mark sweep GC freed 3(96B) AllocSpace objects, 0(0B) LOS objects, 23% free, 52MB/68MB, paused 499us total 19.323ms
08-05 16:12:44.493 17259 17272 I art     : Starting a blocking GC Explicit
08-05 16:12:44.512 17259 17272 I art     : Explicit concurrent mark sweep GC freed 3(96B) AllocSpace objects, 0(0B) LOS objects, 23% free, 52MB/68MB, paused 425us total 19.015ms
08-05 16:12:44.644 19165 19165 D AndroidRuntime: >>>>>> START com.android.internal.os.RuntimeInit uid 2000 <<<<<<
08-05 16:12:44.649 19165 19165 D AndroidRuntime: CheckJNI is OFF
08-05 16:12:44.680 19165 19165 D ICU     : No timezone override file found: /data/misc/zoneinfo/current/icu/icu_tzdata.dat
08-05 16:12:44.710 19165 19165 I Radio-JNI: register_android_hardware_Radio DONE
08-05 16:12:44.730 19165 19165 D AndroidRuntime: Calling main entry com.android.commands.input.Input
08-05 16:12:44.732 19165 19165 I Input   : injectKeyEvent: KeyEvent { action=ACTION_DOWN, keyCode=KEYCODE_BACK, scanCode=0, metaState=0, flags=0x0, repeatCount=0, eventTime=807181145, downTime=807181145, deviceId=-1, source=0x101 }
08-05 16:12:44.746 19165 19165 I Input   : injectKeyEvent: KeyEvent { action=ACTION_UP, keyCode=KEYCODE_BACK, scanCode=0, metaState=0, flags=0x0, repeatCount=0, eventTime=807181145, downTime=807181145, deviceId=-1, source=0x101 }
08-05 16:12:44.753 19165 19165 D AndroidRuntime: Shutting down VM
08-05 16:12:44.774 17259 17272 I art     : Starting a blocking GC Explicit
08-05 16:12:44.786 13866 13866 I GoogleInputMethodServic: GoogleInputMethodService.onFinishInput():3138 
08-05 16:12:44.787 13866 13866 I GoogleInputMethodServic: GoogleInputMethodService.onStartInput():1808 
08-05 16:12:44.792 17259 17272 I art     : Explicit concurrent mark sweep GC freed 1482(84KB) AllocSpace objects, 1(20KB) LOS objects, 23% free, 52MB/68MB, paused 456us total 18.751ms
08-05 16:12:44.802 17259 17272 I art     : Starting a blocking GC Explicit
08-05 16:12:44.821 17259 17272 I art     : Explicit concurrent mark sweep GC freed 46(1664B) AllocSpace objects, 0(0B) LOS objects, 23% free, 52MB/68MB, paused 394us total 18.759ms
08-05 16:12:44.828 17259 17272 I art     : Starting a blocking GC Explicit
08-05 16:12:44.847 17259 17272 I art     : Explicit concurrent mark sweep GC freed 10(384B) AllocSpace objects, 0(0B) LOS objects, 23% free, 52MB/68MB, paused 548us total 18.174ms
08-05 16:12:44.854 17259 17272 I art     : Starting a blocking GC Explicit
08-05 16:12:44.872 17259 17272 I art     : Explicit concurrent mark sweep GC freed 3(96B) AllocSpace objects, 0(0B) LOS objects, 23% free, 52MB/68MB, paused 403us total 17.887ms
08-05 16:12:44.880 17259 17272 I art     : Starting a blocking GC Explicit
08-05 16:12:44.899 17259 17272 I art     : Explicit concurrent mark sweep GC freed 3(96B) AllocSpace objects, 0(0B) LOS objects, 23% free, 52MB/68MB, paused 408us total 18.364ms
08-05 16:12:45.080   380   380 W SurfaceFlinger: couldn't log to binary event log: overflow.
08-05 16:12:45.158 17259 17272 I art     : Starting a blocking GC Explicit
08-05 16:12:45.179 17259 17272 I art     : Explicit concurrent mark sweep GC freed 1450(87KB) AllocSpace objects, 1(20KB) LOS objects, 23% free, 52MB/68MB, paused 409us total 20.450ms
08-05 16:12:45.187 17259 17272 I art     : Starting a blocking GC Explicit
08-05 16:12:45.208 17259 17272 I art     : Explicit concurrent mark sweep GC freed 1672(107KB) AllocSpace objects, 3(400KB) LOS objects, 23% free, 52MB/68MB, paused 475us total 20.660ms
08-05 16:12:45.216 17259 17272 I art     : Starting a blocking GC Explicit
08-05 16:12:45.237 17259 17272 I art     : Explicit concurrent mark sweep GC freed 3(96B) AllocSpace objects, 0(0B) LOS objects, 23% free, 52MB/68MB, paused 483us total 20.211ms
08-05 16:12:45.245 17259 17272 I art     : Starting a blocking GC Explicit
08-05 16:12:45.262 12631 12631 W Atfwd_Sendcmd: AtCmdFwd service not published, waiting... retryCnt : 4
08-05 16:12:45.266 17259 17272 I art     : Explicit concurrent mark sweep GC freed 3(96B) AllocSpace objects, 0(0B) LOS objects, 23% free, 52MB/68MB, paused 447us total 20.778ms
08-05 16:12:45.275 17259 17272 I art     : Starting a blocking GC Explicit
08-05 16:12:45.296 17259 17272 I art     : Explicit concurrent mark sweep GC freed 3(96B) AllocSpace objects, 0(0B) LOS objects, 23% free, 52MB/68MB, paused 448us total 20.623ms
08-05 16:12:45.580 17259 17294 I art     : Starting a blocking GC Explicit
08-05 16:12:45.607 17259 17294 I art     : Explicit concurrent mark sweep GC freed 1341(78KB) AllocSpace objects, 1(20KB) LOS objects, 23% free, 52MB/68MB, paused 590us total 27.234ms
08-05 16:12:45.616 17259 17294 I art     : Starting a blocking GC Explicit
08-05 16:12:45.637 17259 17294 I art     : Explicit concurrent mark sweep GC freed 20(704B) AllocSpace objects, 0(0B) LOS objects, 23% free, 52MB/68MB, paused 476us total 21.088ms
08-05 16:12:45.646 17259 17294 I art     : Starting a blocking GC Explicit
08-05 16:12:45.667 17259 17294 I art     : Explicit concurrent mark sweep GC freed 3(96B) AllocSpace objects, 0(0B) LOS objects, 23% free, 52MB/68MB, paused 461us total 21.013ms
08-05 16:12:45.677 17259 17294 I art     : Starting a blocking GC Explicit
08-05 16:12:45.697 17259 17294 I art     : Explicit concurrent mark sweep GC freed 3(96B) AllocSpace objects, 0(0B) LOS objects, 23% free, 52MB/68MB, paused 472us total 20.577ms
08-05 16:12:45.706 17259 17294 I art     : Starting a blocking GC Explicit
08-05 16:12:45.726 17259 17294 I art     : Explicit concurrent mark sweep GC freed 3(96B) AllocSpace objects, 0(0B) LOS objects, 23% free, 52MB/68MB, paused 439us total 20.049ms
08-05 16:12:46.016 17259 18347 I art     : Starting a blocking GC Explicit
08-05 16:12:46.037 17259 18347 I art     : Explicit concurrent mark sweep GC freed 1340(78KB) AllocSpace objects, 1(20KB) LOS objects, 23% free, 52MB/68MB, paused 507us total 20.842ms
08-05 16:12:46.045 17259 18347 I art     : Starting a blocking GC Explicit
08-05 16:12:46.065 17259 18347 I art     : Explicit concurrent mark sweep GC freed 20(704B) AllocSpace objects, 0(0B) LOS objects, 23% free, 52MB/68MB, paused 442us total 19.962ms
08-05 16:12:46.074 17259 18347 I art     : Starting a blocking GC Explicit
08-05 16:12:46.094 17259 18347 I art     : Explicit concurrent mark sweep GC freed 3(96B) AllocSpace objects, 0(0B) LOS objects, 23% free, 52MB/68MB, paused 462us total 19.651ms
08-05 16:12:46.102 17259 18347 I art     : Starting a blocking GC Explicit
08-05 16:12:46.121 17259 18347 I art     : Explicit concurrent mark sweep GC freed 3(96B) AllocSpace objects, 0(0B) LOS objects, 23% free, 52MB/68MB, paused 455us total 19.517ms
08-05 16:12:46.130 17259 18347 I art     : Starting a blocking GC Explicit
08-05 16:12:46.150 17259 18347 I art     : Explicit concurrent mark sweep GC freed 3(96B) AllocSpace objects, 0(0B) LOS objects, 23% free, 52MB/68MB, paused 441us total 19.858ms
08-05 16:12:46.395 19229 19229 D AndroidRuntime: >>>>>> START com.android.internal.os.RuntimeInit uid 2000 <<<<<<
08-05 16:12:46.400 19229 19229 D AndroidRuntime: CheckJNI is OFF
08-05 16:12:46.418 17259 17529 I art     : Starting a blocking GC Explicit
08-05 16:12:46.436 19229 19229 D ICU     : No timezone override file found: /data/misc/zoneinfo/current/icu/icu_tzdata.dat
08-05 16:12:46.439 17259 17529 I art     : Explicit concurrent mark sweep GC freed 1340(78KB) AllocSpace objects, 1(20KB) LOS objects, 23% free, 52MB/68MB, paused 493us total 20.708ms
08-05 16:12:46.447 17259 17529 I art     : Starting a blocking GC Explicit
08-05 16:12:46.467 17259 17529 I art     : Explicit concurrent mark sweep GC freed 20(704B) AllocSpace objects, 0(0B) LOS objects, 23% free, 52MB/68MB, paused 545us total 19.805ms
08-05 16:12:46.470 19229 19229 I Radio-JNI: register_android_hardware_Radio DONE
08-05 16:12:46.476 17259 17529 I art     : Starting a blocking GC Explicit
08-05 16:12:46.493 19229 19229 D AndroidRuntime: Calling main entry com.android.commands.input.Input
08-05 16:12:46.494 19229 19229 I Input   : injectKeyEvent: KeyEvent { action=ACTION_DOWN, keyCode=KEYCODE_BACK, scanCode=0, metaState=0, flags=0x0, repeatCount=0, eventTime=807182907, downTime=807182907, deviceId=-1, source=0x101 }
08-05 16:12:46.495 17259 17529 I art     : Explicit concurrent mark sweep GC freed 3(96B) AllocSpace objects, 0(0B) LOS objects, 23% free, 52MB/68MB, paused 466us total 18.965ms
08-05 16:12:46.500 19229 19229 I Input   : injectKeyEvent: KeyEvent { action=ACTION_UP, keyCode=KEYCODE_BACK, scanCode=0, metaState=0, flags=0x0, repeatCount=0, eventTime=807182907, downTime=807182907, deviceId=-1, source=0x101 }
08-05 16:12:46.503 17259 17529 I art     : Starting a blocking GC Explicit
08-05 16:12:46.506 19229 19229 D AndroidRuntime: Shutting down VM
08-05 16:12:46.521 17259 17529 I art     : Explicit concurrent mark sweep GC freed 148(6KB) AllocSpace objects, 0(0B) LOS objects, 23% free, 52MB/68MB, paused 531us total 18.365ms
08-05 16:12:46.529 17259 17529 I art     : Starting a blocking GC Explicit
08-05 16:12:46.541 13866 13866 I GoogleInputMethodServic: GoogleInputMethodService.onFinishInput():3138 
08-05 16:12:46.541 13866 13866 I GoogleInputMethodServic: GoogleInputMethodService.onStartInput():1808 
08-05 16:12:46.548 17259 17529 I art     : Explicit concurrent mark sweep GC freed 8(336B) AllocSpace objects, 0(0B) LOS objects, 23% free, 52MB/68MB, paused 766us total 18.333ms
08-05 16:12:46.820 17259 17294 I art     : Starting a blocking GC Explicit
08-05 16:12:46.841 17259 17294 I art     : Explicit concurrent mark sweep GC freed 1925(107KB) AllocSpace objects, 1(20KB) LOS objects, 23% free, 52MB/68MB, paused 438us total 21.164ms
08-05 16:12:46.852 17259 17294 I art     : Starting a blocking GC Explicit
08-05 16:12:46.870 17259 17294 I art     : Explicit concurrent mark sweep GC freed 139(5KB) AllocSpace objects, 0(0B) LOS objects, 23% free, 52MB/68MB, paused 426us total 17.854ms
08-05 16:12:46.878 17259 17294 I art     : Starting a blocking GC Explicit
08-05 16:12:46.895 17259 17294 I art     : Explicit concurrent mark sweep GC freed 2089(127KB) AllocSpace objects, 2(140KB) LOS objects, 23% free, 51MB/67MB, paused 460us total 17.422ms
08-05 16:12:46.904 17259 17294 I art     : Starting a blocking GC Explicit
08-05 16:12:46.924 17259 17294 I art     : Explicit concurrent mark sweep GC freed 3(96B) AllocSpace objects, 0(0B) LOS objects, 23% free, 51MB/67MB, paused 441us total 19.205ms
08-05 16:12:46.932 17259 17294 I art     : Starting a blocking GC Explicit
08-05 16:12:46.952 17259 17294 I art     : Explicit concurrent mark sweep GC freed 3(96B) AllocSpace objects, 0(0B) LOS objects, 23% free, 51MB/67MB, paused 444us total 19.389ms
08-05 16:12:47.256 17259 17271 I art     : Starting a blocking GC Explicit
08-05 16:12:47.281 17259 17271 I art     : Explicit concurrent mark sweep GC freed 1340(78KB) AllocSpace objects, 1(20KB) LOS objects, 23% free, 51MB/67MB, paused 478us total 24.759ms
08-05 16:12:47.292 17259 17271 I art     : Starting a blocking GC Explicit
08-05 16:12:47.313 17259 17271 I art     : Explicit concurrent mark sweep GC freed 20(704B) AllocSpace objects, 0(0B) LOS objects, 23% free, 51MB/67MB, paused 450us total 20.304ms
08-05 16:12:47.321 17259 17271 I art     : Starting a blocking GC Explicit
08-05 16:12:47.342 17259 17271 I art     : Explicit concurrent mark sweep GC freed 3(96B) AllocSpace objects, 0(0B) LOS objects, 23% free, 51MB/67MB, paused 462us total 20.141ms
08-05 16:12:47.351 17259 17271 I art     : Starting a blocking GC Explicit
08-05 16:12:47.372 17259 17271 I art     : Explicit concurrent mark sweep GC freed 3(96B) AllocSpace objects, 0(0B) LOS objects, 23% free, 51MB/67MB, paused 450us total 20.623ms
08-05 16:12:47.380 17259 17271 I art     : Starting a blocking GC Explicit
08-05 16:12:47.400 17259 17271 I art     : Explicit concurrent mark sweep GC freed 3(96B) AllocSpace objects, 0(0B) LOS objects, 23% free, 51MB/67MB, paused 458us total 19.593ms
08-05 16:12:47.698 17259 17272 I art     : Starting a blocking GC Explicit
08-05 16:12:47.724 17259 17272 I art     : Explicit concurrent mark sweep GC freed 1338(78KB) AllocSpace objects, 1(20KB) LOS objects, 23% free, 51MB/67MB, paused 505us total 26.412ms
08-05 16:12:47.737 17259 17272 I art     : Starting a blocking GC Explicit
08-05 16:12:47.757 17259 17272 I art     : Explicit concurrent mark sweep GC freed 20(704B) AllocSpace objects, 0(0B) LOS objects, 23% free, 51MB/67MB, paused 425us total 18.869ms
08-05 16:12:47.765 17259 17272 I art     : Starting a blocking GC Explicit
08-05 16:12:47.784 17259 17272 I art     : Explicit concurrent mark sweep GC freed 3(96B) AllocSpace objects, 0(0B) LOS objects, 23% free, 51MB/67MB, paused 535us total 19ms
08-05 16:12:47.793 17259 17272 I art     : Starting a blocking GC Explicit
08-05 16:12:47.812 17259 17272 I art     : Explicit concurrent mark sweep GC freed 3(96B) AllocSpace objects, 0(0B) LOS objects, 23% free, 51MB/67MB, paused 454us total 18.990ms
08-05 16:12:47.820 17259 17272 I art     : Starting a blocking GC Explicit
08-05 16:12:47.839 17259 17272 I art     : Explicit concurrent mark sweep GC freed 3(96B) AllocSpace objects, 0(0B) LOS objects, 23% free, 51MB/67MB, paused 455us total 18.731ms
08-05 16:12:48.107 17259 17529 I art     : Starting a blocking GC Explicit
08-05 16:12:48.127 17259 17529 I art     : Explicit concurrent mark sweep GC freed 1338(78KB) AllocSpace objects, 1(20KB) LOS objects, 23% free, 51MB/67MB, paused 631us total 20.115ms
08-05 16:12:48.136 17259 17529 I art     : Starting a blocking GC Explicit
08-05 16:12:48.154 17259 17529 I art     : Explicit concurrent mark sweep GC freed 20(704B) AllocSpace objects, 0(0B) LOS objects, 23% free, 51MB/67MB, paused 438us total 17.399ms
08-05 16:12:48.161 17259 17529 I art     : Starting a blocking GC Explicit
08-05 16:12:48.180 17259 17529 I art     : Explicit concurrent mark sweep GC freed 3(96B) AllocSpace objects, 0(0B) LOS objects, 23% free, 51MB/67MB, paused 472us total 18.317ms
08-05 16:12:48.182 19284 19284 D AndroidRuntime: >>>>>> START com.android.internal.os.RuntimeInit uid 2000 <<<<<<
08-05 16:12:48.187 19284 19284 D AndroidRuntime: CheckJNI is OFF
08-05 16:12:48.188 17259 17529 I art     : Starting a blocking GC Explicit
08-05 16:12:48.207 17259 17529 I art     : Explicit concurrent mark sweep GC freed 3(96B) AllocSpace objects, 0(0B) LOS objects, 23% free, 51MB/67MB, paused 502us total 18.947ms
08-05 16:12:48.215 17259 17529 I art     : Starting a blocking GC Explicit
08-05 16:12:48.224 19284 19284 D ICU     : No timezone override file found: /data/misc/zoneinfo/current/icu/icu_tzdata.dat
08-05 16:12:48.235 17259 17529 I art     : Explicit concurrent mark sweep GC freed 3(96B) AllocSpace objects, 0(0B) LOS objects, 23% free, 51MB/67MB, paused 461us total 19.110ms
08-05 16:12:48.260 19284 19284 I Radio-JNI: register_android_hardware_Radio DONE
08-05 16:12:48.281 19284 19284 D AndroidRuntime: Calling main entry com.android.commands.input.Input
08-05 16:12:48.283 19284 19284 I Input   : injectMotionEvent: MotionEvent { action=ACTION_DOWN, actionButton=0, id[0]=0, x[0]=1053.0, y[0]=1173.0, toolType[0]=TOOL_TYPE_UNKNOWN, buttonState=0, metaState=0, flags=0x0, edgeFlags=0x0, pointerCount=1, historySize=0, eventTime=807184696, downTime=807184696, deviceId=0, source=0x1002 }
08-05 16:12:48.288 19284 19284 I Input   : injectMotionEvent: MotionEvent { action=ACTION_UP, actionButton=0, id[0]=0, x[0]=1053.0, y[0]=1173.0, toolType[0]=TOOL_TYPE_UNKNOWN, buttonState=0, metaState=0, flags=0x0, edgeFlags=0x0, pointerCount=1, historySize=0, eventTime=807184696, downTime=807184696, deviceId=0, source=0x1002 }
08-05 16:12:48.290   918  4413 I ActivityManager: START u0 {cmp=baseline.appteam.nith.hillffair/.activities.QuizActivity} from uid 10675 on display 0
08-05 16:12:48.296 19284 19284 D AndroidRuntime: Shutting down VM
08-05 16:12:48.430   918   936 I ActivityManager: Displayed baseline.appteam.nith.hillffair/.activities.QuizActivity: +133ms
08-05 16:12:48.433 13866 13866 I GoogleInputMethodServic: GoogleInputMethodService.onFinishInput():3138 
08-05 16:12:48.434 13866 13866 I GoogleInputMethodServic: GoogleInputMethodService.onStartInput():1808 
08-05 16:12:48.486 17259 18347 I art     : Starting a blocking GC Explicit
08-05 16:12:48.507 17259 18347 I art     : Explicit concurrent mark sweep GC freed 2172(143KB) AllocSpace objects, 1(20KB) LOS objects, 23% free, 52MB/68MB, paused 486us total 20.571ms
08-05 16:12:48.516 17259 18347 I art     : Starting a blocking GC Explicit
08-05 16:12:48.535 17259 18347 I art     : Explicit concurrent mark sweep GC freed 192(8KB) AllocSpace objects, 0(0B) LOS objects, 23% free, 52MB/68MB, paused 400us total 19.098ms
08-05 16:12:48.544 17259 18347 I art     : Starting a blocking GC Explicit
08-05 16:12:48.566 17259 18347 I art     : Explicit concurrent mark sweep GC freed 3(96B) AllocSpace objects, 0(0B) LOS objects, 23% free, 52MB/68MB, paused 431us total 20.990ms
08-05 16:12:48.574 17259 18347 I art     : Starting a blocking GC Explicit
08-05 16:12:48.597 17259 18347 I art     : Explicit concurrent mark sweep GC freed 3(96B) AllocSpace objects, 0(0B) LOS objects, 23% free, 52MB/68MB, paused 436us total 22.019ms
08-05 16:12:48.607 17259 18347 I art     : Starting a blocking GC Explicit
08-05 16:12:48.627 17259 18347 I art     : Explicit concurrent mark sweep GC freed 3(96B) AllocSpace objects, 0(0B) LOS objects, 23% free, 52MB/68MB, paused 444us total 20.485ms
08-05 16:12:48.685   380   380 W SurfaceFlinger: couldn't log to binary event log: overflow.
08-05 16:12:48.899 17259 17294 I art     : Starting a blocking GC Explicit
08-05 16:12:48.921 17259 17294 I art     : Explicit concurrent mark sweep GC freed 1410(82KB) AllocSpace objects, 1(20KB) LOS objects, 23% free, 52MB/68MB, paused 457us total 22.035ms
08-05 16:12:48.934 17259 17294 I art     : Starting a blocking GC Explicit
08-05 16:12:48.954 17259 17294 I art     : Explicit concurrent mark sweep GC freed 22(768B) AllocSpace objects, 0(0B) LOS objects, 23% free, 52MB/68MB, paused 418us total 19.520ms
08-05 16:12:48.962 17259 17294 I art     : Starting a blocking GC Explicit
08-05 16:12:48.982 17259 17294 I art     : Explicit concurrent mark sweep GC freed 14(640B) AllocSpace objects, 0(0B) LOS objects, 23% free, 52MB/68MB, paused 416us total 20.193ms
08-05 16:12:48.991 17259 17294 I art     : Starting a blocking GC Explicit
08-05 16:12:49.011 17259 17294 I art     : Explicit concurrent mark sweep GC freed 17(528B) AllocSpace objects, 0(0B) LOS objects, 23% free, 52MB/68MB, paused 441us total 19.895ms
08-05 16:12:49.019 17259 17294 I art     : Starting a blocking GC Explicit
08-05 16:12:49.039 17259 17294 I art     : Explicit concurrent mark sweep GC freed 3(96B) AllocSpace objects, 0(0B) LOS objects, 23% free, 52MB/68MB, paused 429us total 20.294ms
08-05 16:12:49.328 17259 17529 I art     : Starting a blocking GC Explicit
08-05 16:12:49.349 17259 17529 I art     : Explicit concurrent mark sweep GC freed 1340(78KB) AllocSpace objects, 1(20KB) LOS objects, 23% free, 52MB/68MB, paused 432us total 21.529ms
08-05 16:12:49.358 17259 17529 I art     : Starting a blocking GC Explicit
08-05 16:12:49.379 17259 17529 I art     : Explicit concurrent mark sweep GC freed 20(704B) AllocSpace objects, 0(0B) LOS objects, 23% free, 52MB/68MB, paused 449us total 20.846ms
08-05 16:12:49.388 17259 17529 I art     : Starting a blocking GC Explicit
08-05 16:12:49.409 17259 17529 I art     : Explicit concurrent mark sweep GC freed 3(96B) AllocSpace objects, 0(0B) LOS objects, 23% free, 52MB/68MB, paused 443us total 20.341ms
08-05 16:12:49.417 17259 17529 I art     : Starting a blocking GC Explicit
08-05 16:12:49.438 17259 17529 I art     : Explicit concurrent mark sweep GC freed 3(96B) AllocSpace objects, 0(0B) LOS objects, 23% free, 52MB/68MB, paused 430us total 20.387ms
08-05 16:12:49.447 17259 17529 I art     : Starting a blocking GC Explicit
08-05 16:12:49.468 17259 17529 I art     : Explicit concurrent mark sweep GC freed 3(96B) AllocSpace objects, 0(0B) LOS objects, 23% free, 52MB/68MB, paused 452us total 21.052ms
08-05 16:12:49.763   518   646 I ThermalEngine: ACTION: GPU - Setting GPU[0] to 450000000
08-05 16:12:49.772 17259 17272 I art     : Starting a blocking GC Explicit
08-05 16:12:49.802 17259 17272 I art     : Explicit concurrent mark sweep GC freed 1340(78KB) AllocSpace objects, 1(20KB) LOS objects, 23% free, 52MB/68MB, paused 602us total 29.166ms
08-05 16:12:49.816 17259 17272 I art     : Starting a blocking GC Explicit
08-05 16:12:49.842 17259 17272 I art     : Explicit concurrent mark sweep GC freed 20(704B) AllocSpace objects, 0(0B) LOS objects, 23% free, 52MB/68MB, paused 583us total 25.689ms
08-05 16:12:49.853 17259 17272 I art     : Starting a blocking GC Explicit
08-05 16:12:49.879 17259 17272 I art     : Explicit concurrent mark sweep GC freed 3(96B) AllocSpace objects, 0(0B) LOS objects, 23% free, 52MB/68MB, paused 582us total 25.830ms
08-05 16:12:49.891 17259 17272 I art     : Starting a blocking GC Explicit
08-05 16:12:49.917 17259 17272 I art     : Explicit concurrent mark sweep GC freed 3(96B) AllocSpace objects, 0(0B) LOS objects, 23% free, 52MB/68MB, paused 634us total 25.968ms
08-05 16:12:49.928 17259 17272 I art     : Starting a blocking GC Explicit
08-05 16:12:49.956 17259 17272 I art     : Explicit concurrent mark sweep GC freed 6(192B) AllocSpace objects, 0(0B) LOS objects, 23% free, 52MB/68MB, paused 556us total 27.850ms
08-05 16:12:50.296 17259 17529 I art     : Starting a blocking GC Explicit
08-05 16:12:50.324 17259 17529 I art     : Explicit concurrent mark sweep GC freed 1367(79KB) AllocSpace objects, 1(20KB) LOS objects, 23% free, 52MB/68MB, paused 588us total 27.212ms
08-05 16:12:50.337 17259 17529 I art     : Starting a blocking GC Explicit
08-05 16:12:50.365 17259 17529 I art     : Explicit concurrent mark sweep GC freed 20(704B) AllocSpace objects, 0(0B) LOS objects, 23% free, 52MB/68MB, paused 596us total 27.756ms
08-05 16:12:50.376 17259 17529 I art     : Starting a blocking GC Explicit
08-05 16:12:50.404 17259 17529 I art     : Explicit concurrent mark sweep GC freed 3(96B) AllocSpace objects, 0(0B) LOS objects, 23% free, 52MB/68MB, paused 552us total 27.236ms
08-05 16:12:50.415 17259 17529 I art     : Starting a blocking GC Explicit
08-05 16:12:50.442 17259 17529 I art     : Explicit concurrent mark sweep GC freed 3(96B) AllocSpace objects, 0(0B) LOS objects, 23% free, 52MB/68MB, paused 586us total 27.124ms
08-05 16:12:50.453 17259 17529 I art     : Starting a blocking GC Explicit
08-05 16:12:50.482 17259 17529 I art     : Explicit concurrent mark sweep GC freed 3(96B) AllocSpace objects, 0(0B) LOS objects, 23% free, 52MB/68MB, paused 579us total 28.234ms
08-05 16:12:50.769 17259 18347 I art     : Starting a blocking GC Explicit
08-05 16:12:50.798 17259 18347 I art     : Explicit concurrent mark sweep GC freed 1340(78KB) AllocSpace objects, 1(20KB) LOS objects, 23% free, 52MB/68MB, paused 608us total 28.864ms
08-05 16:12:50.809 17259 18347 I art     : Starting a blocking GC Explicit
08-05 16:12:50.835 17259 18347 I art     : Explicit concurrent mark sweep GC freed 20(704B) AllocSpace objects, 0(0B) LOS objects, 23% free, 52MB/68MB, paused 585us total 25.450ms
08-05 16:12:50.846 17259 18347 I art     : Starting a blocking GC Explicit
08-05 16:12:50.872 17259 18347 I art     : Explicit concurrent mark sweep GC freed 3(96B) AllocSpace objects, 0(0B) LOS objects, 23% free, 52MB/68MB, paused 598us total 26.163ms
08-05 16:12:50.883 17259 18347 I art     : Starting a blocking GC Explicit
08-05 16:12:50.910 17259 18347 I art     : Explicit concurrent mark sweep GC freed 3(96B) AllocSpace objects, 0(0B) LOS objects, 23% free, 52MB/68MB, paused 599us total 26.539ms
08-05 16:12:50.921 17259 18347 I art     : Starting a blocking GC Explicit
08-05 16:12:50.948 17259 18347 I art     : Explicit concurrent mark sweep GC freed 3(96B) AllocSpace objects, 0(0B) LOS objects, 23% free, 52MB/68MB, paused 633us total 26.668ms
08-05 16:12:51.122 19358 19358 D AndroidRuntime: >>>>>> START com.android.internal.os.RuntimeInit uid 2000 <<<<<<
08-05 16:12:51.128 19358 19358 D AndroidRuntime: CheckJNI is OFF
08-05 16:12:51.169 19358 19358 D ICU     : No timezone override file found: /data/misc/zoneinfo/current/icu/icu_tzdata.dat
08-05 16:12:51.210 19358 19358 I Radio-JNI: register_android_hardware_Radio DONE
08-05 16:12:51.240 19358 19358 D AndroidRuntime: Calling main entry com.android.commands.input.Input
08-05 16:12:51.242 19358 19358 I Input   : injectMotionEvent: MotionEvent { action=ACTION_DOWN, actionButton=0, id[0]=0, x[0]=756.0, y[0]=1530.0, toolType[0]=TOOL_TYPE_UNKNOWN, buttonState=0, metaState=0, flags=0x0, edgeFlags=0x0, pointerCount=1, historySize=0, eventTime=807187654, downTime=807187654, deviceId=0, source=0x1002 }
08-05 16:12:51.246 19358 19358 I Input   : injectMotionEvent: MotionEvent { action=ACTION_UP, actionButton=0, id[0]=0, x[0]=756.0, y[0]=1530.0, toolType[0]=TOOL_TYPE_UNKNOWN, buttonState=0, metaState=0, flags=0x0, edgeFlags=0x0, pointerCount=1, historySize=0, eventTime=807187654, downTime=807187654, deviceId=0, source=0x1002 }
08-05 16:12:51.248 19358 19358 D AndroidRuntime: Shutting down VM
08-05 16:12:51.254 17259 17271 I art     : Starting a blocking GC Explicit
08-05 16:12:51.260   512  2967 D audio_hw_primary: out_set_parameters: enter: usecase(1: low-latency-playback) kvpairs: routing=2
08-05 16:12:51.261   918  5952 I ActivityManager: START u0 {cmp=baseline.appteam.nith.hillffair/.activities.LeaderBoardActivity} from uid 10675 on display 0
08-05 16:12:51.274   512  2967 D audio_hw_primary: select_devices: out_snd_device(2: speaker) in_snd_device(0: none)
08-05 16:12:51.274   512  2967 D msm8974_platform: platform_send_audio_calibration: sending audio calibration for snd_device(2) acdb_id(15)
08-05 16:12:51.275   512  2967 I soundtrigger: audio_extn_sound_trigger_update_device_status: device 0x2 of type 0 for Event 1
08-05 16:12:51.285 17259 17271 I art     : Explicit concurrent mark sweep GC freed 1753(102KB) AllocSpace objects, 1(20KB) LOS objects, 23% free, 52MB/68MB, paused 827us total 31.151ms
08-05 16:12:51.289   512  2967 D audio_hw_primary: enable_snd_device: snd_device(2: speaker)
08-05 16:12:51.291   512  2967 D audio_hw_primary: enable_audio_route: apply and update mixer path: low-latency-playback speaker
08-05 16:12:51.296 17259 17271 I art     : Starting a blocking GC Explicit
08-05 16:12:51.324 17259 17271 I art     : Explicit concurrent mark sweep GC freed 4407(249KB) AllocSpace objects, 0(0B) LOS objects, 23% free, 52MB/68MB, paused 804us total 27.205ms
08-05 16:12:51.336 17259 17271 I art     : Starting a blocking GC Explicit
08-05 16:12:51.360 17259 17271 I art     : Explicit concurrent mark sweep GC freed 292(25KB) AllocSpace objects, 0(0B) LOS objects, 23% free, 52MB/68MB, paused 641us total 24.298ms
08-05 16:12:51.370 17259 17271 I art     : Starting a blocking GC Explicit
08-05 16:12:51.375 17259 17259 E RecyclerView: No adapter attached; skipping layout
08-05 16:12:51.379 17259 17259 E RecyclerView: No adapter attached; skipping layout
08-05 16:12:51.397 17259 17271 I art     : Explicit concurrent mark sweep GC freed 158(5KB) AllocSpace objects, 0(0B) LOS objects, 23% free, 52MB/68MB, paused 731us total 26.425ms
08-05 16:12:51.404   918   936 I ActivityManager: Displayed baseline.appteam.nith.hillffair/.activities.LeaderBoardActivity: +133ms
08-05 16:12:51.409 17259 17271 I art     : Starting a blocking GC Explicit
08-05 16:12:51.410 13866 13866 I GoogleInputMethodServic: GoogleInputMethodService.onFinishInput():3138 
08-05 16:12:51.410 13866 13866 I GoogleInputMethodServic: GoogleInputMethodService.onStartInput():1808 
08-05 16:12:51.411 17259 17259 E RecyclerView: No adapter attached; skipping layout
08-05 16:12:51.424 17259 17285 D OpenGLRenderer: endAllStagingAnimators on 0x7f7da25800 (RippleDrawable) with handle 0x7f7d8230c0
08-05 16:12:51.435 17259 17271 I art     : Explicit concurrent mark sweep GC freed 53(2288B) AllocSpace objects, 0(0B) LOS objects, 23% free, 52MB/68MB, paused 614us total 25.889ms
08-05 16:12:51.662   380   380 W SurfaceFlinger: couldn't log to binary event log: overflow.
08-05 16:12:51.739 17259 18347 I art     : Starting a blocking GC Explicit
08-05 16:12:51.764 17259 18347 I art     : Explicit concurrent mark sweep GC freed 1450(84KB) AllocSpace objects, 1(20KB) LOS objects, 23% free, 52MB/68MB, paused 606us total 25.407ms
08-05 16:12:51.766   518   646 I ThermalEngine: ACTION: GPU - Setting GPU[0] to 510000000
08-05 16:12:51.777 17259 18347 I art     : Starting a blocking GC Explicit
08-05 16:12:51.804 17259 18347 I art     : Explicit concurrent mark sweep GC freed 169(8KB) AllocSpace objects, 0(0B) LOS objects, 23% free, 52MB/68MB, paused 608us total 27.373ms
08-05 16:12:51.814 17259 18347 I art     : Starting a blocking GC Explicit
08-05 16:12:51.829   512  2967 D audio_hw_primary: disable_audio_route: reset and update mixer path: low-latency-playback speaker
08-05 16:12:51.830   512  2967 D audio_hw_primary: disable_snd_device: snd_device(2: speaker)
08-05 16:12:51.835 17259 18347 I art     : Explicit concurrent mark sweep GC freed 21(736B) AllocSpace objects, 0(0B) LOS objects, 23% free, 52MB/68MB, paused 488us total 20.845ms
08-05 16:12:51.839   512  2967 I soundtrigger: audio_extn_sound_trigger_update_device_status: device 0x2 of type 0 for Event 0
08-05 16:12:51.844 17259 18347 I art     : Starting a blocking GC Explicit
08-05 16:12:51.863 17259 18347 I art     : Explicit concurrent mark sweep GC freed 13(480B) AllocSpace objects, 0(0B) LOS objects, 23% free, 52MB/68MB, paused 428us total 19.331ms
08-05 16:12:51.871 17259 18347 I art     : Starting a blocking GC Explicit
08-05 16:12:51.891 17259 18347 I art     : Explicit concurrent mark sweep GC freed 12(432B) AllocSpace objects, 0(0B) LOS objects, 23% free, 52MB/68MB, paused 441us total 19.472ms
08-05 16:12:52.154 17259 19391 D OkHttp  : --> GET https://api-hillfair-2k16.herokuapp.com/api/app/quiz/leaderboard?from=1 http/1.1
08-05 16:12:52.167 17259 17529 I art     : Starting a blocking GC Explicit
08-05 16:12:52.190 17259 17529 I art     : Explicit concurrent mark sweep GC freed 3993(213KB) AllocSpace objects, 4(220KB) LOS objects, 23% free, 52MB/68MB, paused 554us total 22.632ms
08-05 16:12:52.195 17259 19391 D OkHttp  : <-- 200 OK https://api-hillfair-2k16.herokuapp.com/api/app/quiz/leaderboard?from=1 (40ms, 56744-byte body)
08-05 16:12:52.198 17259 17529 I art     : Starting a blocking GC Explicit
08-05 16:12:52.220 17259 17529 I art     : Explicit concurrent mark sweep GC freed 2114(192KB) AllocSpace objects, 0(0B) LOS objects, 23% free, 52MB/68MB, paused 822us total 21.020ms
08-05 16:12:52.228 17259 17529 I art     : Starting a blocking GC Explicit
08-05 16:12:52.249 17259 17529 I art     : Explicit concurrent mark sweep GC freed 11178(515KB) AllocSpace objects, 0(0B) LOS objects, 23% free, 52MB/68MB, paused 656us total 20.600ms
08-05 16:12:52.257 17259 17529 I art     : Starting a blocking GC Explicit
08-05 16:12:52.273 17259 17259 I NAPPA_EXPERIMENTATION: MetricNetworkRequestExecutionTime: REQUEST_DURATION_SYSTEM='960',REQUEST_DURATION_OKHTTP='41',REQUEST_SYNCHRONOUS='FALSE',RESPONSE_CODE='200',RESPONSE_METHOD='GET',RESPONSE_LENGTH_OKHTTP='56744',RESPONSE_LENGTH_HEADER='56744',REQUEST_PROTOCOL='http/1.1',REQUEST_URL='https://api-hillfair-2k16.herokuapp.com/api/app/quiz/leaderboard?from=1',
08-05 16:12:52.278 17259 17529 I art     : Explicit concurrent mark sweep GC freed 12632(575KB) AllocSpace objects, 0(0B) LOS objects, 23% free, 52MB/68MB, paused 499us total 20.439ms
08-05 16:12:52.286 17259 17529 I art     : Starting a blocking GC Explicit
08-05 16:12:52.306 17259 17529 I art     : Explicit concurrent mark sweep GC freed 545(40KB) AllocSpace objects, 0(0B) LOS objects, 23% free, 52MB/68MB, paused 635us total 19.952ms
08-05 16:12:52.605 17259 17272 I art     : Starting a blocking GC Explicit
08-05 16:12:52.642 17259 17272 I art     : Explicit concurrent mark sweep GC freed 2258(114KB) AllocSpace objects, 1(20KB) LOS objects, 23% free, 52MB/68MB, paused 609us total 36.445ms
08-05 16:12:52.655 17259 17272 I art     : Starting a blocking GC Explicit
08-05 16:12:52.678 17259 17272 I art     : Explicit concurrent mark sweep GC freed 36(1472B) AllocSpace objects, 0(0B) LOS objects, 23% free, 52MB/68MB, paused 479us total 23.223ms
08-05 16:12:52.687 17259 17272 I art     : Starting a blocking GC Explicit
08-05 16:12:52.710 17259 17272 I art     : Explicit concurrent mark sweep GC freed 3(96B) AllocSpace objects, 0(0B) LOS objects, 23% free, 52MB/68MB, paused 463us total 22.952ms
08-05 16:12:52.719 17259 17272 I art     : Starting a blocking GC Explicit
08-05 16:12:52.743 17259 17272 I art     : Explicit concurrent mark sweep GC freed 3(96B) AllocSpace objects, 0(0B) LOS objects, 23% free, 52MB/68MB, paused 484us total 23.442ms
08-05 16:12:52.752 17259 17272 I art     : Starting a blocking GC Explicit
08-05 16:12:52.772   518   646 I ThermalEngine: ACTION: GPU - Setting GPU[0] to 450000000
08-05 16:12:52.778 17259 17272 I art     : Explicit concurrent mark sweep GC freed 3(96B) AllocSpace objects, 0(0B) LOS objects, 23% free, 52MB/68MB, paused 628us total 25.437ms
08-05 16:12:53.104 17259 17271 I art     : Starting a blocking GC Explicit
08-05 16:12:53.147 17259 17271 I art     : Explicit concurrent mark sweep GC freed 1344(78KB) AllocSpace objects, 1(20KB) LOS objects, 23% free, 52MB/68MB, paused 710us total 41.821ms
08-05 16:12:53.161 17259 17271 I art     : Starting a blocking GC Explicit
08-05 16:12:53.193 17259 17271 I art     : Explicit concurrent mark sweep GC freed 20(704B) AllocSpace objects, 0(0B) LOS objects, 23% free, 52MB/68MB, paused 643us total 31.736ms
08-05 16:12:53.205 17259 17271 I art     : Starting a blocking GC Explicit
08-05 16:12:53.236 17259 17271 I art     : Explicit concurrent mark sweep GC freed 3(96B) AllocSpace objects, 0(0B) LOS objects, 23% free, 52MB/68MB, paused 635us total 31.186ms
08-05 16:12:53.248 17259 17271 I art     : Starting a blocking GC Explicit
08-05 16:12:53.279 17259 17271 I art     : Explicit concurrent mark sweep GC freed 3(96B) AllocSpace objects, 0(0B) LOS objects, 23% free, 52MB/68MB, paused 594us total 31.275ms
08-05 16:12:53.291 17259 17271 I art     : Starting a blocking GC Explicit
08-05 16:12:53.322 17259 17271 I art     : Explicit concurrent mark sweep GC freed 3(96B) AllocSpace objects, 0(0B) LOS objects, 23% free, 52MB/68MB, paused 708us total 30.250ms
08-05 16:12:53.654 17259 17529 I art     : Starting a blocking GC Explicit
08-05 16:12:53.688 17259 17529 I art     : Explicit concurrent mark sweep GC freed 1344(78KB) AllocSpace objects, 1(20KB) LOS objects, 23% free, 52MB/68MB, paused 690us total 33.475ms
08-05 16:12:53.700 17259 17529 I art     : Starting a blocking GC Explicit
08-05 16:12:53.731 17259 17529 I art     : Explicit concurrent mark sweep GC freed 20(704B) AllocSpace objects, 0(0B) LOS objects, 23% free, 52MB/68MB, paused 643us total 30.995ms
08-05 16:12:53.743 17259 17529 I art     : Starting a blocking GC Explicit
08-05 16:12:53.775 17259 17529 I art     : Explicit concurrent mark sweep GC freed 3(96B) AllocSpace objects, 0(0B) LOS objects, 23% free, 52MB/68MB, paused 645us total 31.311ms
08-05 16:12:53.786 17259 17529 I art     : Starting a blocking GC Explicit
08-05 16:12:53.818 17259 17529 I art     : Explicit concurrent mark sweep GC freed 3(96B) AllocSpace objects, 0(0B) LOS objects, 23% free, 52MB/68MB, paused 647us total 31.224ms
08-05 16:12:53.830 17259 17529 I art     : Starting a blocking GC Explicit
08-05 16:12:53.861 17259 17529 I art     : Explicit concurrent mark sweep GC freed 3(96B) AllocSpace objects, 0(0B) LOS objects, 23% free, 52MB/68MB, paused 577us total 31.338ms
08-05 16:12:54.201 17259 17294 I art     : Starting a blocking GC Explicit
08-05 16:12:54.240 17259 17294 I art     : Explicit concurrent mark sweep GC freed 1344(78KB) AllocSpace objects, 1(20KB) LOS objects, 23% free, 52MB/68MB, paused 835us total 39.385ms
08-05 16:12:54.257 17259 17294 I art     : Starting a blocking GC Explicit
08-05 16:12:54.290 17259 17294 I art     : Explicit concurrent mark sweep GC freed 20(704B) AllocSpace objects, 0(0B) LOS objects, 23% free, 52MB/68MB, paused 629us total 32.470ms
08-05 16:12:54.302 17259 17294 I art     : Starting a blocking GC Explicit
08-05 16:12:54.333 17259 17294 I art     : Explicit concurrent mark sweep GC freed 3(96B) AllocSpace objects, 0(0B) LOS objects, 23% free, 52MB/68MB, paused 644us total 31.226ms
08-05 16:12:54.345 17259 17294 I art     : Starting a blocking GC Explicit
08-05 16:12:54.376 17259 17294 I art     : Explicit concurrent mark sweep GC freed 3(96B) AllocSpace objects, 0(0B) LOS objects, 23% free, 52MB/68MB, paused 635us total 30.396ms
08-05 16:12:54.387 17259 17294 I art     : Starting a blocking GC Explicit
08-05 16:12:54.419 17259 17294 I art     : Explicit concurrent mark sweep GC freed 3(96B) AllocSpace objects, 0(0B) LOS objects, 23% free, 52MB/68MB, paused 632us total 31.043ms
08-05 16:12:54.746 17259 18347 I art     : Starting a blocking GC Explicit
08-05 16:12:54.775   518   646 I ThermalEngine: ACTION: GPU - Setting GPU[0] to 510000000
08-05 16:12:54.785 17259 18347 I art     : Explicit concurrent mark sweep GC freed 1344(78KB) AllocSpace objects, 1(20KB) LOS objects, 23% free, 52MB/68MB, paused 644us total 39.108ms
08-05 16:12:54.799 17259 18347 I art     : Starting a blocking GC Explicit
08-05 16:12:54.827 17259 18347 I art     : Explicit concurrent mark sweep GC freed 20(704B) AllocSpace objects, 0(0B) LOS objects, 23% free, 52MB/68MB, paused 569us total 27.452ms
08-05 16:12:54.836 17259 18347 I art     : Starting a blocking GC Explicit
08-05 16:12:54.859 17259 18347 I art     : Explicit concurrent mark sweep GC freed 3(96B) AllocSpace objects, 0(0B) LOS objects, 23% free, 52MB/68MB, paused 469us total 22.872ms
08-05 16:12:54.868 17259 18347 I art     : Starting a blocking GC Explicit
08-05 16:12:54.891 17259 18347 I art     : Explicit concurrent mark sweep GC freed 3(96B) AllocSpace objects, 0(0B) LOS objects, 23% free, 52MB/68MB, paused 463us total 22.956ms
08-05 16:12:54.901 17259 18347 I art     : Starting a blocking GC Explicit
08-05 16:12:54.924 17259 18347 I art     : Explicit concurrent mark sweep GC freed 3(96B) AllocSpace objects, 0(0B) LOS objects, 23% free, 52MB/68MB, paused 470us total 23.397ms
08-05 16:12:55.228 17259 17271 I art     : Starting a blocking GC Explicit
08-05 16:12:55.251 17259 17271 I art     : Explicit concurrent mark sweep GC freed 1344(78KB) AllocSpace objects, 1(20KB) LOS objects, 23% free, 52MB/68MB, paused 443us total 22.372ms
08-05 16:12:55.260 17259 17271 I art     : Starting a blocking GC Explicit
08-05 16:12:55.283 17259 17271 I art     : Explicit concurrent mark sweep GC freed 38(1376B) AllocSpace objects, 0(0B) LOS objects, 23% free, 52MB/68MB, paused 466us total 23.581ms
08-05 16:12:55.293 17259 17271 I art     : Starting a blocking GC Explicit
08-05 16:12:55.316 17259 17271 I art     : Explicit concurrent mark sweep GC freed 3(96B) AllocSpace objects, 0(0B) LOS objects, 23% free, 52MB/68MB, paused 462us total 23.239ms
08-05 16:12:55.325 17259 17271 I art     : Starting a blocking GC Explicit
08-05 16:12:55.349 17259 17271 I art     : Explicit concurrent mark sweep GC freed 3(96B) AllocSpace objects, 0(0B) LOS objects, 23% free, 52MB/68MB, paused 471us total 23.410ms
08-05 16:12:55.349 17259 17270 I art     : WaitForGcToComplete blocked for 23.685ms for cause HeapTrim
08-05 16:12:55.358 17259 17271 I art     : Starting a blocking GC Explicit
08-05 16:12:55.381 17259 17271 I art     : Explicit concurrent mark sweep GC freed 3(96B) AllocSpace objects, 0(0B) LOS objects, 23% free, 52MB/68MB, paused 456us total 23.266ms
08-05 16:12:55.647 17259 17529 I art     : Starting a blocking GC Explicit
08-05 16:12:55.671 17259 17529 I art     : Explicit concurrent mark sweep GC freed 1344(78KB) AllocSpace objects, 1(20KB) LOS objects, 23% free, 52MB/68MB, paused 463us total 23.089ms
08-05 16:12:55.680 17259 17529 I art     : Starting a blocking GC Explicit
08-05 16:12:55.702 17259 17529 I art     : Explicit concurrent mark sweep GC freed 20(704B) AllocSpace objects, 0(0B) LOS objects, 23% free, 52MB/68MB, paused 460us total 22.489ms
08-05 16:12:55.712 17259 17529 I art     : Starting a blocking GC Explicit
08-05 16:12:55.734 17259 17529 I art     : Explicit concurrent mark sweep GC freed 3(96B) AllocSpace objects, 0(0B) LOS objects, 23% free, 52MB/68MB, paused 458us total 21.745ms
08-05 16:12:55.742 17259 17529 I art     : Starting a blocking GC Explicit
08-05 16:12:55.764 17259 17529 I art     : Explicit concurrent mark sweep GC freed 3(96B) AllocSpace objects, 0(0B) LOS objects, 23% free, 52MB/68MB, paused 456us total 21.203ms
08-05 16:12:55.772 17259 17529 I art     : Starting a blocking GC Explicit
08-05 16:12:55.794 17259 17529 I art     : Explicit concurrent mark sweep GC freed 3(96B) AllocSpace objects, 0(0B) LOS objects, 23% free, 52MB/68MB, paused 464us total 21.872ms
08-05 16:12:55.945 19474 19474 D AndroidRuntime: >>>>>> START com.android.internal.os.RuntimeInit uid 2000 <<<<<<
08-05 16:12:55.950 19474 19474 D AndroidRuntime: CheckJNI is OFF
08-05 16:12:55.986 19474 19474 D ICU     : No timezone override file found: /data/misc/zoneinfo/current/icu/icu_tzdata.dat
08-05 16:12:56.018 19474 19474 I Radio-JNI: register_android_hardware_Radio DONE
08-05 16:12:56.040 19474 19474 D AndroidRuntime: Calling main entry com.android.commands.input.Input
08-05 16:12:56.041 19474 19474 I Input   : injectKeyEvent: KeyEvent { action=ACTION_DOWN, keyCode=KEYCODE_BACK, scanCode=0, metaState=0, flags=0x0, repeatCount=0, eventTime=807192454, downTime=807192454, deviceId=-1, source=0x101 }
08-05 16:12:56.045 19474 19474 I Input   : injectKeyEvent: KeyEvent { action=ACTION_UP, keyCode=KEYCODE_BACK, scanCode=0, metaState=0, flags=0x0, repeatCount=0, eventTime=807192454, downTime=807192454, deviceId=-1, source=0x101 }
08-05 16:12:56.051 19474 19474 D AndroidRuntime: Shutting down VM
08-05 16:12:56.091 13866 13866 I GoogleInputMethodServic: GoogleInputMethodService.onFinishInput():3138 
08-05 16:12:56.092 13866 13866 I GoogleInputMethodServic: GoogleInputMethodService.onStartInput():1808 
08-05 16:12:56.105 17259 17529 I art     : Starting a blocking GC Explicit
08-05 16:12:56.131 17259 17529 I art     : Explicit concurrent mark sweep GC freed 1481(84KB) AllocSpace objects, 1(20KB) LOS objects, 23% free, 52MB/68MB, paused 695us total 25.441ms
08-05 16:12:56.140 17259 17529 I art     : Starting a blocking GC Explicit
08-05 16:12:56.160 17259 17529 I art     : Explicit concurrent mark sweep GC freed 27(960B) AllocSpace objects, 0(0B) LOS objects, 23% free, 52MB/68MB, paused 449us total 19.318ms
08-05 16:12:56.168 17259 17529 I art     : Starting a blocking GC Explicit
08-05 16:12:56.187 17259 17529 I art     : Explicit concurrent mark sweep GC freed 3(96B) AllocSpace objects, 0(0B) LOS objects, 23% free, 52MB/68MB, paused 460us total 19.205ms
08-05 16:12:56.195 17259 17529 I art     : Starting a blocking GC Explicit
08-05 16:12:56.215 17259 17529 I art     : Explicit concurrent mark sweep GC freed 3(96B) AllocSpace objects, 0(0B) LOS objects, 23% free, 52MB/68MB, paused 409us total 19.509ms
08-05 16:12:56.223 17259 17529 I art     : Starting a blocking GC Explicit
08-05 16:12:56.248 17259 17529 I art     : Explicit concurrent mark sweep GC freed 3(96B) AllocSpace objects, 0(0B) LOS objects, 23% free, 52MB/68MB, paused 651us total 23.889ms
08-05 16:12:56.393   380   380 W SurfaceFlinger: couldn't log to binary event log: overflow.
08-05 16:12:56.499 17259 17272 I art     : Starting a blocking GC Explicit
08-05 16:12:56.524 17259 17272 I art     : Explicit concurrent mark sweep GC freed 1463(87KB) AllocSpace objects, 1(20KB) LOS objects, 23% free, 52MB/68MB, paused 479us total 24.400ms
08-05 16:12:56.536 17259 17272 I art     : Starting a blocking GC Explicit
08-05 16:12:56.558 17259 17272 I art     : Explicit concurrent mark sweep GC freed 4698(269KB) AllocSpace objects, 2(140KB) LOS objects, 23% free, 52MB/68MB, paused 533us total 21.218ms
08-05 16:12:56.566 17259 17272 I art     : Starting a blocking GC Explicit
08-05 16:12:56.587 17259 17272 I art     : Explicit concurrent mark sweep GC freed 3(96B) AllocSpace objects, 0(0B) LOS objects, 23% free, 52MB/68MB, paused 479us total 20.906ms
08-05 16:12:56.596 17259 17272 I art     : Starting a blocking GC Explicit
08-05 16:12:56.617 17259 17272 I art     : Explicit concurrent mark sweep GC freed 3(96B) AllocSpace objects, 0(0B) LOS objects, 23% free, 52MB/68MB, paused 548us total 20.842ms
08-05 16:12:56.625 17259 17272 I art     : Starting a blocking GC Explicit
08-05 16:12:56.647 17259 17272 I art     : Explicit concurrent mark sweep GC freed 3(96B) AllocSpace objects, 0(0B) LOS objects, 23% free, 52MB/68MB, paused 463us total 21.106ms
08-05 16:12:56.940 17259 17271 I art     : Starting a blocking GC Explicit
08-05 16:12:56.967 17259 17271 I art     : Explicit concurrent mark sweep GC freed 1344(78KB) AllocSpace objects, 1(20KB) LOS objects, 23% free, 52MB/68MB, paused 497us total 26.979ms
08-05 16:12:56.979 17259 17271 I art     : Starting a blocking GC Explicit
08-05 16:12:57.004 17259 17271 I art     : Explicit concurrent mark sweep GC freed 20(704B) AllocSpace objects, 0(0B) LOS objects, 23% free, 52MB/68MB, paused 562us total 24.656ms
08-05 16:12:57.013 17259 17271 I art     : Starting a blocking GC Explicit
08-05 16:12:57.035 17259 17271 I art     : Explicit concurrent mark sweep GC freed 3(96B) AllocSpace objects, 0(0B) LOS objects, 23% free, 52MB/68MB, paused 457us total 21.497ms
08-05 16:12:57.044 17259 17271 I art     : Starting a blocking GC Explicit
08-05 16:12:57.064 17259 17271 I art     : Explicit concurrent mark sweep GC freed 3(96B) AllocSpace objects, 0(0B) LOS objects, 23% free, 52MB/68MB, paused 441us total 20.613ms
08-05 16:12:57.073 17259 17271 I art     : Starting a blocking GC Explicit
08-05 16:12:57.095 17259 17271 I art     : Explicit concurrent mark sweep GC freed 3(96B) AllocSpace objects, 0(0B) LOS objects, 23% free, 52MB/68MB, paused 475us total 21.203ms
08-05 16:12:57.369 17259 17294 I art     : Starting a blocking GC Explicit
08-05 16:12:57.389 17259 17294 I art     : Explicit concurrent mark sweep GC freed 1356(78KB) AllocSpace objects, 1(20KB) LOS objects, 23% free, 52MB/68MB, paused 452us total 20.239ms
08-05 16:12:57.398 17259 17294 I art     : Starting a blocking GC Explicit
08-05 16:12:57.419 17259 17294 I art     : Explicit concurrent mark sweep GC freed 34(1136B) AllocSpace objects, 0(0B) LOS objects, 23% free, 52MB/68MB, paused 442us total 20.995ms
08-05 16:12:57.427 17259 17294 I art     : Starting a blocking GC Explicit
08-05 16:12:57.449 17259 17294 I art     : Explicit concurrent mark sweep GC freed 3(96B) AllocSpace objects, 0(0B) LOS objects, 23% free, 52MB/68MB, paused 415us total 20.980ms
08-05 16:12:57.457 17259 17294 I art     : Starting a blocking GC Explicit
08-05 16:12:57.477 17259 17294 I art     : Explicit concurrent mark sweep GC freed 3(96B) AllocSpace objects, 0(0B) LOS objects, 23% free, 52MB/68MB, paused 569us total 19.949ms
08-05 16:12:57.485 17259 17294 I art     : Starting a blocking GC Explicit
08-05 16:12:57.506 17259 17294 I art     : Explicit concurrent mark sweep GC freed 3(96B) AllocSpace objects, 0(0B) LOS objects, 23% free, 52MB/68MB, paused 442us total 20.085ms
08-05 16:12:57.705 19533 19533 D AndroidRuntime: >>>>>> START com.android.internal.os.RuntimeInit uid 2000 <<<<<<
08-05 16:12:57.710 19533 19533 D AndroidRuntime: CheckJNI is OFF
08-05 16:12:57.741 19533 19533 D ICU     : No timezone override file found: /data/misc/zoneinfo/current/icu/icu_tzdata.dat
08-05 16:12:57.774 19533 19533 I Radio-JNI: register_android_hardware_Radio DONE
08-05 16:12:57.780 17259 17529 I art     : Starting a blocking GC Explicit
08-05 16:12:57.796 19533 19533 D AndroidRuntime: Calling main entry com.android.commands.input.Input
08-05 16:12:57.798 19533 19533 I Input   : injectMotionEvent: MotionEvent { action=ACTION_DOWN, actionButton=0, id[0]=0, x[0]=648.0, y[0]=1050.0, toolType[0]=TOOL_TYPE_UNKNOWN, buttonState=0, metaState=0, flags=0x0, edgeFlags=0x0, pointerCount=1, historySize=0, eventTime=807194211, downTime=807194211, deviceId=0, source=0x1002 }
08-05 16:12:57.802 17259 17529 I art     : Explicit concurrent mark sweep GC freed 1358(78KB) AllocSpace objects, 1(20KB) LOS objects, 23% free, 52MB/68MB, paused 471us total 21.267ms
08-05 16:12:57.803 19533 19533 I Input   : injectMotionEvent: MotionEvent { action=ACTION_UP, actionButton=0, id[0]=0, x[0]=648.0, y[0]=1050.0, toolType[0]=TOOL_TYPE_UNKNOWN, buttonState=0, metaState=0, flags=0x0, edgeFlags=0x0, pointerCount=1, historySize=0, eventTime=807194211, downTime=807194211, deviceId=0, source=0x1002 }
08-05 16:12:57.805 19533 19533 D AndroidRuntime: Shutting down VM
08-05 16:12:57.811 17259 17529 I art     : Starting a blocking GC Explicit
08-05 16:12:57.814   918  6111 I ActivityManager: START u0 {cmp=baseline.appteam.nith.hillffair/.activities.InformationActivity} from uid 10675 on display 0
08-05 16:12:57.815   512  2967 D audio_hw_primary: out_set_parameters: enter: usecase(1: low-latency-playback) kvpairs: routing=2
08-05 16:12:57.828   512  2967 D audio_hw_primary: select_devices: out_snd_device(2: speaker) in_snd_device(0: none)
08-05 16:12:57.828   512  2967 D msm8974_platform: platform_send_audio_calibration: sending audio calibration for snd_device(2) acdb_id(15)
08-05 16:12:57.829   512  2967 I soundtrigger: audio_extn_sound_trigger_update_device_status: device 0x2 of type 0 for Event 1
08-05 16:12:57.831 17259 17529 I art     : Explicit concurrent mark sweep GC freed 82(10KB) AllocSpace objects, 0(0B) LOS objects, 23% free, 52MB/68MB, paused 539us total 20.374ms
08-05 16:12:57.838   512  2967 D audio_hw_primary: enable_snd_device: snd_device(2: speaker)
08-05 16:12:57.841 17259 17529 I art     : Starting a blocking GC Explicit
08-05 16:12:57.841   512  2967 D audio_hw_primary: enable_audio_route: apply and update mixer path: low-latency-playback speaker
08-05 16:12:57.860 17259 17529 I art     : Explicit concurrent mark sweep GC freed 666(43KB) AllocSpace objects, 0(0B) LOS objects, 23% free, 52MB/68MB, paused 660us total 18.854ms
08-05 16:12:57.868 17259 17529 I art     : Starting a blocking GC Explicit
08-05 16:12:57.888 17259 17529 I art     : Explicit concurrent mark sweep GC freed 274(26KB) AllocSpace objects, 0(0B) LOS objects, 23% free, 52MB/68MB, paused 601us total 19.660ms
08-05 16:12:57.896 17259 17529 I art     : Starting a blocking GC Explicit
08-05 16:12:57.915 17259 17529 I art     : Explicit concurrent mark sweep GC freed 70(3KB) AllocSpace objects, 0(0B) LOS objects, 23% free, 52MB/68MB, paused 477us total 19.330ms
08-05 16:12:57.958 13866 13866 I GoogleInputMethodServic: GoogleInputMethodService.onFinishInput():3138 
08-05 16:12:57.958   918   936 I ActivityManager: Displayed baseline.appteam.nith.hillffair/.activities.InformationActivity: +128ms
08-05 16:12:57.959 13866 13866 I GoogleInputMethodServic: GoogleInputMethodService.onStartInput():1808 
08-05 16:12:57.979 17259 17285 D OpenGLRenderer: endAllStagingAnimators on 0x7f7da25000 (RippleDrawable) with handle 0x7f7d823820
08-05 16:12:58.192 17259 17272 I art     : Starting a blocking GC Explicit
08-05 16:12:58.212   380   380 W SurfaceFlinger: couldn't log to binary event log: overflow.
08-05 16:12:58.220 17259 17272 I art     : Explicit concurrent mark sweep GC freed 1477(82KB) AllocSpace objects, 1(20KB) LOS objects, 23% free, 52MB/68MB, paused 468us total 27.399ms
08-05 16:12:58.229 17259 17272 I art     : Starting a blocking GC Explicit
08-05 16:12:58.249 17259 17272 I art     : Explicit concurrent mark sweep GC freed 38(1296B) AllocSpace objects, 0(0B) LOS objects, 23% free, 52MB/68MB, paused 397us total 19.399ms
08-05 16:12:58.257 17259 17272 I art     : Starting a blocking GC Explicit
08-05 16:12:58.274 17259 17272 I art     : Explicit concurrent mark sweep GC freed 3(96B) AllocSpace objects, 0(0B) LOS objects, 23% free, 52MB/68MB, paused 422us total 17.675ms
08-05 16:12:58.282 17259 17272 I art     : Starting a blocking GC Explicit
08-05 16:12:58.302 17259 17272 I art     : Explicit concurrent mark sweep GC freed 3(96B) AllocSpace objects, 0(0B) LOS objects, 23% free, 52MB/68MB, paused 403us total 19.314ms
08-05 16:12:58.310 17259 17272 I art     : Starting a blocking GC Explicit
08-05 16:12:58.330 17259 17272 I art     : Explicit concurrent mark sweep GC freed 3(96B) AllocSpace objects, 0(0B) LOS objects, 23% free, 52MB/68MB, paused 406us total 19.559ms
08-05 16:12:58.379   512  2967 D audio_hw_primary: disable_audio_route: reset and update mixer path: low-latency-playback speaker
08-05 16:12:58.380   512  2967 D audio_hw_primary: disable_snd_device: snd_device(2: speaker)
08-05 16:12:58.389   512  2967 I soundtrigger: audio_extn_sound_trigger_update_device_status: device 0x2 of type 0 for Event 0
08-05 16:12:58.622 17259 18347 I art     : Starting a blocking GC Explicit
08-05 16:12:58.649 17259 18347 I art     : Explicit concurrent mark sweep GC freed 1442(84KB) AllocSpace objects, 1(20KB) LOS objects, 23% free, 52MB/68MB, paused 586us total 27.352ms
08-05 16:12:58.662 17259 18347 I art     : Starting a blocking GC Explicit
08-05 16:12:58.683 17259 18347 I art     : Explicit concurrent mark sweep GC freed 36(1216B) AllocSpace objects, 0(0B) LOS objects, 23% free, 52MB/68MB, paused 454us total 20.924ms
08-05 16:12:58.692 17259 18347 I art     : Starting a blocking GC Explicit
08-05 16:12:58.713 17259 18347 I art     : Explicit concurrent mark sweep GC freed 3(96B) AllocSpace objects, 0(0B) LOS objects, 23% free, 52MB/68MB, paused 441us total 21.153ms
08-05 16:12:58.722 17259 18347 I art     : Starting a blocking GC Explicit
08-05 16:12:58.743 17259 18347 I art     : Explicit concurrent mark sweep GC freed 3(96B) AllocSpace objects, 0(0B) LOS objects, 23% free, 52MB/68MB, paused 442us total 21.319ms
08-05 16:12:58.752 17259 18347 I art     : Starting a blocking GC Explicit
08-05 16:12:58.774 17259 18347 I art     : Explicit concurrent mark sweep GC freed 3(96B) AllocSpace objects, 0(0B) LOS objects, 23% free, 52MB/68MB, paused 440us total 21.553ms
08-05 16:12:58.785   518   646 I ThermalEngine: ACTION: GPU - Setting GPU[0] to 450000000
08-05 16:12:59.083 17259 17294 I art     : Starting a blocking GC Explicit
08-05 16:12:59.119 17259 17294 I art     : Explicit concurrent mark sweep GC freed 1344(78KB) AllocSpace objects, 1(20KB) LOS objects, 23% free, 52MB/68MB, paused 624us total 35.834ms
08-05 16:12:59.135 17259 17294 I art     : Starting a blocking GC Explicit
08-05 16:12:59.162 17259 17294 I art     : Explicit concurrent mark sweep GC freed 20(704B) AllocSpace objects, 0(0B) LOS objects, 23% free, 52MB/68MB, paused 604us total 27.502ms
08-05 16:12:59.174 17259 17294 I art     : Starting a blocking GC Explicit
08-05 16:12:59.201 17259 17294 I art     : Explicit concurrent mark sweep GC freed 3(96B) AllocSpace objects, 0(0B) LOS objects, 23% free, 52MB/68MB, paused 581us total 27.301ms
08-05 16:12:59.212 17259 17294 I art     : Starting a blocking GC Explicit
08-05 16:12:59.240 17259 17294 I art     : Explicit concurrent mark sweep GC freed 3(96B) AllocSpace objects, 0(0B) LOS objects, 23% free, 52MB/68MB, paused 611us total 26.993ms
08-05 16:12:59.251 17259 17294 I art     : Starting a blocking GC Explicit
08-05 16:12:59.278 17259 17294 I art     : Explicit concurrent mark sweep GC freed 3(96B) AllocSpace objects, 0(0B) LOS objects, 23% free, 52MB/68MB, paused 600us total 27.141ms
08-05 16:12:59.595 17259 17529 I art     : Starting a blocking GC Explicit
08-05 16:12:59.627 17259 17529 I art     : Explicit concurrent mark sweep GC freed 1361(78KB) AllocSpace objects, 1(20KB) LOS objects, 23% free, 52MB/68MB, paused 598us total 31.091ms
08-05 16:12:59.639 17259 17529 I art     : Starting a blocking GC Explicit
08-05 16:12:59.666 17259 17529 I art     : Explicit concurrent mark sweep GC freed 26(896B) AllocSpace objects, 0(0B) LOS objects, 23% free, 52MB/68MB, paused 551us total 27.146ms
08-05 16:12:59.679 17259 17529 I art     : Starting a blocking GC Explicit
08-05 16:12:59.706 17259 17529 I art     : Explicit concurrent mark sweep GC freed 7(224B) AllocSpace objects, 0(0B) LOS objects, 23% free, 52MB/68MB, paused 629us total 26.960ms
08-05 16:12:59.717 17259 17529 I art     : Starting a blocking GC Explicit
08-05 16:12:59.745 17259 17529 I art     : Explicit concurrent mark sweep GC freed 6(192B) AllocSpace objects, 0(0B) LOS objects, 23% free, 52MB/68MB, paused 589us total 27.605ms
08-05 16:12:59.756 17259 17529 I art     : Starting a blocking GC Explicit
08-05 16:12:59.784 17259 17529 I art     : Explicit concurrent mark sweep GC freed 3(96B) AllocSpace objects, 0(0B) LOS objects, 23% free, 52MB/68MB, paused 565us total 27.247ms
08-05 16:13:00.115 17259 17271 I art     : Starting a blocking GC Explicit
08-05 16:13:00.145 17259 17271 I art     : Explicit concurrent mark sweep GC freed 1344(78KB) AllocSpace objects, 1(20KB) LOS objects, 23% free, 52MB/68MB, paused 614us total 29.504ms
08-05 16:13:00.157 17259 17271 I art     : Starting a blocking GC Explicit
08-05 16:13:00.186 17259 17271 I art     : Explicit concurrent mark sweep GC freed 20(704B) AllocSpace objects, 0(0B) LOS objects, 23% free, 52MB/68MB, paused 617us total 28.544ms
08-05 16:13:00.199 17259 17271 I art     : Starting a blocking GC Explicit
08-05 16:13:00.228 17259 17271 I art     : Explicit concurrent mark sweep GC freed 3(96B) AllocSpace objects, 0(0B) LOS objects, 23% free, 52MB/68MB, paused 657us total 28.325ms
08-05 16:13:00.239 17259 17271 I art     : Starting a blocking GC Explicit
08-05 16:13:00.267 17259 17271 I art     : Explicit concurrent mark sweep GC freed 3(96B) AllocSpace objects, 0(0B) LOS objects, 23% free, 52MB/68MB, paused 699us total 28.332ms
08-05 16:13:00.279 17259 17271 I art     : Starting a blocking GC Explicit
08-05 16:13:00.307 17259 17271 I art     : Explicit concurrent mark sweep GC freed 3(96B) AllocSpace objects, 0(0B) LOS objects, 23% free, 52MB/68MB, paused 707us total 28.025ms
08-05 16:13:00.656 17259 17272 I art     : Starting a blocking GC Explicit
08-05 16:13:00.690 17259 17272 I art     : Explicit concurrent mark sweep GC freed 1344(78KB) AllocSpace objects, 1(20KB) LOS objects, 23% free, 52MB/68MB, paused 608us total 33.199ms
08-05 16:13:00.701 17259 17272 I art     : Starting a blocking GC Explicit
08-05 16:13:00.729 17259 17272 I art     : Explicit concurrent mark sweep GC freed 20(704B) AllocSpace objects, 0(0B) LOS objects, 23% free, 52MB/68MB, paused 589us total 27.532ms
08-05 16:13:00.740 17259 17272 I art     : Starting a blocking GC Explicit
08-05 16:13:00.769 17259 17272 I art     : Explicit concurrent mark sweep GC freed 3(96B) AllocSpace objects, 0(0B) LOS objects, 23% free, 52MB/68MB, paused 581us total 28.712ms
08-05 16:13:00.781 17259 17272 I art     : Starting a blocking GC Explicit
08-05 16:13:00.810 17259 17272 I art     : Explicit concurrent mark sweep GC freed 3(96B) AllocSpace objects, 0(0B) LOS objects, 23% free, 52MB/68MB, paused 627us total 28.832ms
08-05 16:13:00.821 17259 17272 I art     : Starting a blocking GC Explicit
08-05 16:13:00.851 17259 17272 I art     : Explicit concurrent mark sweep GC freed 3(96B) AllocSpace objects, 0(0B) LOS objects, 23% free, 52MB/68MB, paused 608us total 29.782ms
08-05 16:13:01.182 17259 18347 I art     : Starting a blocking GC Explicit
08-05 16:13:01.215 17259 18347 I art     : Explicit concurrent mark sweep GC freed 1344(78KB) AllocSpace objects, 1(20KB) LOS objects, 23% free, 52MB/68MB, paused 622us total 32.235ms
08-05 16:13:01.229 17259 18347 I art     : Starting a blocking GC Explicit
08-05 16:13:01.261 17259 18347 I art     : Explicit concurrent mark sweep GC freed 20(704B) AllocSpace objects, 0(0B) LOS objects, 23% free, 52MB/68MB, paused 653us total 32.311ms
08-05 16:13:01.273 17259 18347 I art     : Starting a blocking GC Explicit
08-05 16:13:01.300 17259 18347 I art     : Explicit concurrent mark sweep GC freed 3(96B) AllocSpace objects, 0(0B) LOS objects, 23% free, 52MB/68MB, paused 612us total 27.526ms
08-05 16:13:01.312 17259 18347 I art     : Starting a blocking GC Explicit
08-05 16:13:01.341 17259 18347 I art     : Explicit concurrent mark sweep GC freed 3(96B) AllocSpace objects, 0(0B) LOS objects, 23% free, 52MB/68MB, paused 614us total 29.081ms
08-05 16:13:01.353 17259 18347 I art     : Starting a blocking GC Explicit
08-05 16:13:01.383 17259 18347 I art     : Explicit concurrent mark sweep GC freed 3(96B) AllocSpace objects, 0(0B) LOS objects, 23% free, 52MB/68MB, paused 618us total 29.578ms
08-05 16:13:01.743 17259 17294 I art     : Starting a blocking GC Explicit
08-05 16:13:01.778 17259 17294 I art     : Explicit concurrent mark sweep GC freed 1344(78KB) AllocSpace objects, 1(20KB) LOS objects, 23% free, 52MB/68MB, paused 728us total 34.760ms
08-05 16:13:01.788   518   646 I ThermalEngine: ACTION: GPU - Setting GPU[0] to 510000000
08-05 16:13:01.794 17259 17294 I art     : Starting a blocking GC Explicit
08-05 16:13:01.820 17259 17294 I art     : Explicit concurrent mark sweep GC freed 20(704B) AllocSpace objects, 0(0B) LOS objects, 23% free, 52MB/68MB, paused 567us total 26.071ms
08-05 16:13:01.830 17259 17294 I art     : Starting a blocking GC Explicit
08-05 16:13:01.853 17259 17294 I art     : Explicit concurrent mark sweep GC freed 3(96B) AllocSpace objects, 0(0B) LOS objects, 23% free, 52MB/68MB, paused 450us total 22.705ms
08-05 16:13:01.862 17259 17294 I art     : Starting a blocking GC Explicit
08-05 16:13:01.884 17259 17294 I art     : Explicit concurrent mark sweep GC freed 3(96B) AllocSpace objects, 0(0B) LOS objects, 23% free, 52MB/68MB, paused 414us total 21.928ms
08-05 16:13:01.893 17259 17294 I art     : Starting a blocking GC Explicit
08-05 16:13:01.915 17259 17294 I art     : Explicit concurrent mark sweep GC freed 3(96B) AllocSpace objects, 0(0B) LOS objects, 23% free, 52MB/68MB, paused 445us total 21.710ms
08-05 16:13:02.208 17259 17529 I art     : Starting a blocking GC Explicit
08-05 16:13:02.230 17259 17529 I art     : Explicit concurrent mark sweep GC freed 1344(78KB) AllocSpace objects, 1(20KB) LOS objects, 23% free, 52MB/68MB, paused 450us total 21.334ms
08-05 16:13:02.239 17259 17529 I art     : Starting a blocking GC Explicit
08-05 16:13:02.260 17259 17529 I art     : Explicit concurrent mark sweep GC freed 20(704B) AllocSpace objects, 0(0B) LOS objects, 23% free, 52MB/68MB, paused 446us total 20.966ms
08-05 16:13:02.268 17259 17529 I art     : Starting a blocking GC Explicit
08-05 16:13:02.288 17259 17529 I art     : Explicit concurrent mark sweep GC freed 3(96B) AllocSpace objects, 0(0B) LOS objects, 23% free, 52MB/68MB, paused 445us total 19.837ms
08-05 16:13:02.296 17259 17529 I art     : Starting a blocking GC Explicit
08-05 16:13:02.318 17259 17529 I art     : Explicit concurrent mark sweep GC freed 3(96B) AllocSpace objects, 0(0B) LOS objects, 23% free, 52MB/68MB, paused 458us total 21.195ms
08-05 16:13:02.326 17259 17529 I art     : Starting a blocking GC Explicit
08-05 16:13:02.347 17259 17529 I art     : Explicit concurrent mark sweep GC freed 3(96B) AllocSpace objects, 0(0B) LOS objects, 23% free, 52MB/68MB, paused 506us total 20.558ms
08-05 16:13:02.521 19642 19642 D AndroidRuntime: >>>>>> START com.android.internal.os.RuntimeInit uid 2000 <<<<<<
08-05 16:13:02.527 19642 19642 D AndroidRuntime: CheckJNI is OFF
08-05 16:13:02.560 19642 19642 D ICU     : No timezone override file found: /data/misc/zoneinfo/current/icu/icu_tzdata.dat
08-05 16:13:02.593 19642 19642 I Radio-JNI: register_android_hardware_Radio DONE
08-05 16:13:02.615 19642 19642 D AndroidRuntime: Calling main entry com.android.commands.input.Input
08-05 16:13:02.617 19642 19642 I Input   : injectKeyEvent: KeyEvent { action=ACTION_DOWN, keyCode=KEYCODE_BACK, scanCode=0, metaState=0, flags=0x0, repeatCount=0, eventTime=807199030, downTime=807199030, deviceId=-1, source=0x101 }
08-05 16:13:02.621 19642 19642 I Input   : injectKeyEvent: KeyEvent { action=ACTION_UP, keyCode=KEYCODE_BACK, scanCode=0, metaState=0, flags=0x0, repeatCount=0, eventTime=807199030, downTime=807199030, deviceId=-1, source=0x101 }
08-05 16:13:02.626 19642 19642 D AndroidRuntime: Shutting down VM
08-05 16:13:02.647 17259 17529 I art     : Starting a blocking GC Explicit
08-05 16:13:02.659 13866 13866 I GoogleInputMethodServic: GoogleInputMethodService.onFinishInput():3138 
08-05 16:13:02.660 13866 13866 I GoogleInputMethodServic: GoogleInputMethodService.onStartInput():1808 
08-05 16:13:02.668 17259 17529 I art     : Explicit concurrent mark sweep GC freed 1464(84KB) AllocSpace objects, 1(20KB) LOS objects, 23% free, 52MB/68MB, paused 510us total 20.772ms
08-05 16:13:02.678 17259 17529 I art     : Starting a blocking GC Explicit
08-05 16:13:02.699 17259 17529 I art     : Explicit concurrent mark sweep GC freed 44(1520B) AllocSpace objects, 0(0B) LOS objects, 23% free, 52MB/68MB, paused 442us total 20.841ms
08-05 16:13:02.707 17259 17529 I art     : Starting a blocking GC Explicit
08-05 16:13:02.724 17259 17529 I art     : Explicit concurrent mark sweep GC freed 4(128B) AllocSpace objects, 0(0B) LOS objects, 23% free, 52MB/68MB, paused 385us total 17.415ms
08-05 16:13:02.732 17259 17529 I art     : Starting a blocking GC Explicit
08-05 16:13:02.751 17259 17529 I art     : Explicit concurrent mark sweep GC freed 3(96B) AllocSpace objects, 0(0B) LOS objects, 23% free, 52MB/68MB, paused 393us total 19.023ms
08-05 16:13:02.760 17259 17529 I art     : Starting a blocking GC Explicit
08-05 16:13:02.780 17259 17529 I art     : Explicit concurrent mark sweep GC freed 3(96B) AllocSpace objects, 0(0B) LOS objects, 23% free, 52MB/68MB, paused 427us total 19.237ms
08-05 16:13:02.967   380   380 W SurfaceFlinger: couldn't log to binary event log: overflow.
08-05 16:13:03.048 17259 17294 I art     : Starting a blocking GC Explicit
08-05 16:13:03.070 17259 17294 I art     : Explicit concurrent mark sweep GC freed 1454(87KB) AllocSpace objects, 1(20KB) LOS objects, 23% free, 52MB/68MB, paused 510us total 22.093ms
08-05 16:13:03.079 17259 17294 I art     : Starting a blocking GC Explicit
08-05 16:13:03.099 17259 17294 I art     : Explicit concurrent mark sweep GC freed 1401(90KB) AllocSpace objects, 1(28KB) LOS objects, 23% free, 52MB/68MB, paused 397us total 20.486ms
08-05 16:13:03.108 17259 17294 I art     : Starting a blocking GC Explicit
08-05 16:13:03.129 17259 17294 I art     : Explicit concurrent mark sweep GC freed 3(96B) AllocSpace objects, 0(0B) LOS objects, 23% free, 52MB/68MB, paused 433us total 20.851ms
08-05 16:13:03.138 17259 17294 I art     : Starting a blocking GC Explicit
08-05 16:13:03.159 17259 17294 I art     : Explicit concurrent mark sweep GC freed 3(96B) AllocSpace objects, 0(0B) LOS objects, 23% free, 52MB/68MB, paused 431us total 20.998ms
08-05 16:13:03.168 17259 17294 I art     : Starting a blocking GC Explicit
08-05 16:13:03.189 17259 17294 I art     : Explicit concurrent mark sweep GC freed 3(96B) AllocSpace objects, 0(0B) LOS objects, 23% free, 52MB/68MB, paused 456us total 21.119ms
08-05 16:13:03.480 17259 17272 I art     : Starting a blocking GC Explicit
08-05 16:13:03.510 17259 17272 I art     : Explicit concurrent mark sweep GC freed 1344(78KB) AllocSpace objects, 1(20KB) LOS objects, 23% free, 52MB/68MB, paused 482us total 30.339ms
08-05 16:13:03.524 17259 17272 I art     : Starting a blocking GC Explicit
08-05 16:13:03.545 17259 17272 I art     : Explicit concurrent mark sweep GC freed 20(704B) AllocSpace objects, 0(0B) LOS objects, 23% free, 52MB/68MB, paused 430us total 20.892ms
08-05 16:13:03.554 17259 17272 I art     : Starting a blocking GC Explicit
08-05 16:13:03.575 17259 17272 I art     : Explicit concurrent mark sweep GC freed 3(96B) AllocSpace objects, 0(0B) LOS objects, 23% free, 52MB/68MB, paused 447us total 21.083ms
08-05 16:13:03.584 17259 17272 I art     : Starting a blocking GC Explicit
08-05 16:13:03.606 17259 17272 I art     : Explicit concurrent mark sweep GC freed 3(96B) AllocSpace objects, 0(0B) LOS objects, 23% free, 52MB/68MB, paused 450us total 21.482ms
08-05 16:13:03.615 17259 17272 I art     : Starting a blocking GC Explicit
08-05 16:13:03.635 17259 17272 I art     : Explicit concurrent mark sweep GC freed 3(96B) AllocSpace objects, 0(0B) LOS objects, 23% free, 52MB/68MB, paused 420us total 20.446ms
08-05 16:13:03.923 17259 18347 I art     : Starting a blocking GC Explicit
08-05 16:13:03.945 17259 18347 I art     : Explicit concurrent mark sweep GC freed 1343(78KB) AllocSpace objects, 1(20KB) LOS objects, 23% free, 52MB/68MB, paused 446us total 21.263ms
08-05 16:13:03.954 17259 18347 I art     : Starting a blocking GC Explicit
08-05 16:13:03.975 17259 18347 I art     : Explicit concurrent mark sweep GC freed 20(704B) AllocSpace objects, 0(0B) LOS objects, 23% free, 52MB/68MB, paused 455us total 20.848ms
08-05 16:13:03.983 17259 18347 I art     : Starting a blocking GC Explicit
08-05 16:13:04.004 17259 18347 I art     : Explicit concurrent mark sweep GC freed 3(96B) AllocSpace objects, 0(0B) LOS objects, 23% free, 52MB/68MB, paused 440us total 20.531ms
08-05 16:13:04.012 17259 18347 I art     : Starting a blocking GC Explicit
08-05 16:13:04.033 17259 18347 I art     : Explicit concurrent mark sweep GC freed 3(96B) AllocSpace objects, 0(0B) LOS objects, 23% free, 52MB/68MB, paused 447us total 20.317ms
08-05 16:13:04.041 17259 18347 I art     : Starting a blocking GC Explicit
08-05 16:13:04.061 17259 18347 I art     : Explicit concurrent mark sweep GC freed 3(96B) AllocSpace objects, 0(0B) LOS objects, 23% free, 52MB/68MB, paused 454us total 19.978ms
08-05 16:13:04.289 19710 19710 D AndroidRuntime: >>>>>> START com.android.internal.os.RuntimeInit uid 2000 <<<<<<
08-05 16:13:04.295 19710 19710 D AndroidRuntime: CheckJNI is OFF
08-05 16:13:04.330 19710 19710 D ICU     : No timezone override file found: /data/misc/zoneinfo/current/icu/icu_tzdata.dat
08-05 16:13:04.339 17259 17271 I art     : Starting a blocking GC Explicit
08-05 16:13:04.361 17259 17271 I art     : Explicit concurrent mark sweep GC freed 1356(78KB) AllocSpace objects, 1(20KB) LOS objects, 23% free, 52MB/68MB, paused 440us total 21.230ms
08-05 16:13:04.364 19710 19710 I Radio-JNI: register_android_hardware_Radio DONE
08-05 16:13:04.369 17259 17271 I art     : Starting a blocking GC Explicit
08-05 16:13:04.387 19710 19710 D AndroidRuntime: Calling main entry com.android.commands.input.Input
08-05 16:13:04.389 19710 19710 I Input   : injectMotionEvent: MotionEvent { action=ACTION_DOWN, actionButton=0, id[0]=0, x[0]=756.0, y[0]=1530.0, toolType[0]=TOOL_TYPE_UNKNOWN, buttonState=0, metaState=0, flags=0x0, edgeFlags=0x0, pointerCount=1, historySize=0, eventTime=807200801, downTime=807200801, deviceId=0, source=0x1002 }
08-05 16:13:04.389 17259 17271 I art     : Explicit concurrent mark sweep GC freed 24(832B) AllocSpace objects, 0(0B) LOS objects, 23% free, 52MB/68MB, paused 581us total 19.744ms
08-05 16:13:04.393 19710 19710 I Input   : injectMotionEvent: MotionEvent { action=ACTION_UP, actionButton=0, id[0]=0, x[0]=756.0, y[0]=1530.0, toolType[0]=TOOL_TYPE_UNKNOWN, buttonState=0, metaState=0, flags=0x0, edgeFlags=0x0, pointerCount=1, historySize=0, eventTime=807200801, downTime=807200801, deviceId=0, source=0x1002 }
08-05 16:13:04.395 19710 19710 D AndroidRuntime: Shutting down VM
08-05 16:13:04.398 17259 17271 I art     : Starting a blocking GC Explicit
08-05 16:13:04.403   918  5132 I ActivityManager: START u0 {cmp=baseline.appteam.nith.hillffair/.activities.LeaderBoardActivity} from uid 10675 on display 0
08-05 16:13:04.404   512  2967 D audio_hw_primary: out_set_parameters: enter: usecase(1: low-latency-playback) kvpairs: routing=2
08-05 16:13:04.417   512  2967 D audio_hw_primary: select_devices: out_snd_device(2: speaker) in_snd_device(0: none)
08-05 16:13:04.417   512  2967 D msm8974_platform: platform_send_audio_calibration: sending audio calibration for snd_device(2) acdb_id(15)
08-05 16:13:04.417   512  2967 I soundtrigger: audio_extn_sound_trigger_update_device_status: device 0x2 of type 0 for Event 1
08-05 16:13:04.418 17259 17271 I art     : Explicit concurrent mark sweep GC freed 43(1488B) AllocSpace objects, 0(0B) LOS objects, 23% free, 52MB/68MB, paused 466us total 20.536ms
08-05 16:13:04.427 17259 17271 I art     : Starting a blocking GC Explicit
08-05 16:13:04.428   512  2967 D audio_hw_primary: enable_snd_device: snd_device(2: speaker)
08-05 16:13:04.430   512  2967 D audio_hw_primary: enable_audio_route: apply and update mixer path: low-latency-playback speaker
08-05 16:13:04.447 17259 17271 I art     : Explicit concurrent mark sweep GC freed 607(36KB) AllocSpace objects, 0(0B) LOS objects, 23% free, 52MB/68MB, paused 643us total 19.798ms
08-05 16:13:04.455 17259 17271 I art     : Starting a blocking GC Explicit
08-05 16:13:04.476 17259 17271 I art     : Explicit concurrent mark sweep GC freed 4417(277KB) AllocSpace objects, 0(0B) LOS objects, 23% free, 52MB/68MB, paused 591us total 20.482ms
08-05 16:13:04.509 17259 17259 E RecyclerView: No adapter attached; skipping layout
08-05 16:13:04.511 17259 17259 E RecyclerView: No adapter attached; skipping layout
08-05 16:13:04.526   918   936 I ActivityManager: Displayed baseline.appteam.nith.hillffair/.activities.LeaderBoardActivity: +105ms
08-05 16:13:04.527 13866 13866 I GoogleInputMethodServic: GoogleInputMethodService.onFinishInput():3138 
08-05 16:13:04.527 13866 13866 I GoogleInputMethodServic: GoogleInputMethodService.onStartInput():1808 
08-05 16:13:04.529 17259 17259 E RecyclerView: No adapter attached; skipping layout
08-05 16:13:04.549 17259 17285 D OpenGLRenderer: endAllStagingAnimators on 0x7f7da25800 (RippleDrawable) with handle 0x7f7d7305a0
08-05 16:13:04.727 17259 17294 I art     : Starting a blocking GC Explicit
08-05 16:13:04.753 17259 17294 I art     : Explicit concurrent mark sweep GC freed 1825(99KB) AllocSpace objects, 1(20KB) LOS objects, 23% free, 52MB/68MB, paused 526us total 25.940ms
08-05 16:13:04.764 17259 17294 I art     : Starting a blocking GC Explicit
08-05 16:13:04.786   380   380 W SurfaceFlinger: couldn't log to binary event log: overflow.
08-05 16:13:04.788 17259 17294 I art     : Explicit concurrent mark sweep GC freed 48(1632B) AllocSpace objects, 0(0B) LOS objects, 23% free, 52MB/68MB, paused 444us total 23.599ms
08-05 16:13:04.798 17259 17294 I art     : Starting a blocking GC Explicit
08-05 16:13:04.817 17259 17294 I art     : Explicit concurrent mark sweep GC freed 3(96B) AllocSpace objects, 0(0B) LOS objects, 23% free, 52MB/68MB, paused 546us total 18.902ms
08-05 16:13:04.825 17259 17294 I art     : Starting a blocking GC Explicit
08-05 16:13:04.844 17259 17294 I art     : Explicit concurrent mark sweep GC freed 3(96B) AllocSpace objects, 0(0B) LOS objects, 23% free, 52MB/68MB, paused 435us total 18.670ms
08-05 16:13:04.852 17259 17294 I art     : Starting a blocking GC Explicit
08-05 16:13:04.872 17259 17294 I art     : Explicit concurrent mark sweep GC freed 3(96B) AllocSpace objects, 0(0B) LOS objects, 23% free, 52MB/68MB, paused 447us total 20.256ms
08-05 16:13:04.972   512  2967 D audio_hw_primary: disable_audio_route: reset and update mixer path: low-latency-playback speaker
08-05 16:13:04.975   512  2967 D audio_hw_primary: disable_snd_device: snd_device(2: speaker)
08-05 16:13:04.982   512  2967 I soundtrigger: audio_extn_sound_trigger_update_device_status: device 0x2 of type 0 for Event 0
08-05 16:13:05.169 17259 17271 I art     : Starting a blocking GC Explicit
08-05 16:13:05.191 17259 17271 I art     : Explicit concurrent mark sweep GC freed 1493(86KB) AllocSpace objects, 1(20KB) LOS objects, 23% free, 52MB/68MB, paused 494us total 22.354ms
08-05 16:13:05.200 17259 17271 I art     : Starting a blocking GC Explicit
08-05 16:13:05.224 17259 17271 I art     : Explicit concurrent mark sweep GC freed 76(2560B) AllocSpace objects, 0(0B) LOS objects, 23% free, 52MB/68MB, paused 873us total 23.267ms
08-05 16:13:05.232 17259 17271 I art     : Starting a blocking GC Explicit
08-05 16:13:05.254 17259 17271 I art     : Explicit concurrent mark sweep GC freed 2399(125KB) AllocSpace objects, 2(120KB) LOS objects, 23% free, 53MB/69MB, paused 704us total 21.839ms
08-05 16:13:05.260 17259 19733 D OkHttp  : --> GET https://api-hillfair-2k16.herokuapp.com/api/app/quiz/leaderboard?from=1 http/1.1
08-05 16:13:05.263 12631 12631 I ServiceManager: Waiting for service AtCmdFwd...
08-05 16:13:05.263 17259 17271 I art     : Starting a blocking GC Explicit
08-05 16:13:05.284 17259 17271 I art     : Explicit concurrent mark sweep GC freed 1128(121KB) AllocSpace objects, 1(80KB) LOS objects, 23% free, 52MB/68MB, paused 503us total 20.578ms
08-05 16:13:05.292 17259 17271 I art     : Starting a blocking GC Explicit
08-05 16:13:05.300 17259 19733 D OkHttp  : <-- 200 OK https://api-hillfair-2k16.herokuapp.com/api/app/quiz/leaderboard?from=1 (39ms, 56744-byte body)
08-05 16:13:05.312 17259 17271 I art     : Explicit concurrent mark sweep GC freed 177(34KB) AllocSpace objects, 0(0B) LOS objects, 23% free, 52MB/68MB, paused 583us total 20.245ms
08-05 16:13:05.372 17259 17259 I NAPPA_EXPERIMENTATION: MetricNetworkRequestExecutionTime: REQUEST_DURATION_SYSTEM='915',REQUEST_DURATION_OKHTTP='40',REQUEST_SYNCHRONOUS='FALSE',RESPONSE_CODE='200',RESPONSE_METHOD='GET',RESPONSE_LENGTH_OKHTTP='56744',RESPONSE_LENGTH_HEADER='56744',REQUEST_PROTOCOL='http/1.1',REQUEST_URL='https://api-hillfair-2k16.herokuapp.com/api/app/quiz/leaderboard?from=1',
08-05 16:13:05.567 17259 17529 I art     : Starting a blocking GC Explicit
08-05 16:13:05.596 17259 17529 I art     : Explicit concurrent mark sweep GC freed 27546(1281KB) AllocSpace objects, 1(20KB) LOS objects, 23% free, 53MB/69MB, paused 479us total 27.819ms
08-05 16:13:05.608 17259 17529 I art     : Starting a blocking GC Explicit
08-05 16:13:05.630 17259 17529 I art     : Explicit concurrent mark sweep GC freed 97(3KB) AllocSpace objects, 0(0B) LOS objects, 23% free, 53MB/69MB, paused 479us total 22.390ms
08-05 16:13:05.639 17259 17529 I art     : Starting a blocking GC Explicit
08-05 16:13:05.663 17259 17529 I art     : Explicit concurrent mark sweep GC freed 3(96B) AllocSpace objects, 0(0B) LOS objects, 23% free, 53MB/69MB, paused 469us total 22.945ms
08-05 16:13:05.671 17259 17529 I art     : Starting a blocking GC Explicit
08-05 16:13:05.693 17259 17529 I art     : Explicit concurrent mark sweep GC freed 3(96B) AllocSpace objects, 0(0B) LOS objects, 23% free, 53MB/69MB, paused 453us total 21.949ms
08-05 16:13:05.702 17259 17529 I art     : Starting a blocking GC Explicit
08-05 16:13:05.725 17259 17529 I art     : Explicit concurrent mark sweep GC freed 3(96B) AllocSpace objects, 0(0B) LOS objects, 23% free, 53MB/69MB, paused 463us total 22.845ms
08-05 16:13:05.796   518   646 I ThermalEngine: ACTION: GPU - Setting GPU[0] to 450000000
08-05 16:13:06.039 17259 17294 I art     : Starting a blocking GC Explicit
08-05 16:13:06.079 17259 17294 I art     : Explicit concurrent mark sweep GC freed 1344(78KB) AllocSpace objects, 1(20KB) LOS objects, 23% free, 53MB/69MB, paused 722us total 39.855ms
08-05 16:13:06.095 17259 17294 I art     : Starting a blocking GC Explicit
08-05 16:13:06.126 17259 17294 I art     : Explicit concurrent mark sweep GC freed 20(704B) AllocSpace objects, 0(0B) LOS objects, 23% free, 53MB/69MB, paused 634us total 31.488ms
08-05 16:13:06.138 17259 17294 I art     : Starting a blocking GC Explicit
08-05 16:13:06.170 17259 17294 I art     : Explicit concurrent mark sweep GC freed 3(96B) AllocSpace objects, 0(0B) LOS objects, 23% free, 53MB/69MB, paused 625us total 31.736ms
08-05 16:13:06.182 17259 17294 I art     : Starting a blocking GC Explicit
08-05 16:13:06.215 17259 17294 I art     : Explicit concurrent mark sweep GC freed 3(96B) AllocSpace objects, 0(0B) LOS objects, 23% free, 53MB/69MB, paused 649us total 32.151ms
08-05 16:13:06.226 17259 17294 I art     : Starting a blocking GC Explicit
08-05 16:13:06.257 17259 17294 I art     : Explicit concurrent mark sweep GC freed 3(96B) AllocSpace objects, 0(0B) LOS objects, 23% free, 53MB/69MB, paused 706us total 30.459ms
08-05 16:13:06.263 12631 12631 I ServiceManager: Waiting for service AtCmdFwd...
08-05 16:13:06.602 17259 17272 I art     : Starting a blocking GC Explicit
08-05 16:13:06.638 17259 17272 I art     : Explicit concurrent mark sweep GC freed 1344(78KB) AllocSpace objects, 1(20KB) LOS objects, 23% free, 53MB/69MB, paused 829us total 35.508ms
08-05 16:13:06.651 17259 17272 I art     : Starting a blocking GC Explicit
08-05 16:13:06.683 17259 17272 I art     : Explicit concurrent mark sweep GC freed 20(704B) AllocSpace objects, 0(0B) LOS objects, 23% free, 53MB/69MB, paused 643us total 31.988ms
08-05 16:13:06.695 17259 17272 I art     : Starting a blocking GC Explicit
08-05 16:13:06.726 17259 17272 I art     : Explicit concurrent mark sweep GC freed 3(96B) AllocSpace objects, 0(0B) LOS objects, 23% free, 53MB/69MB, paused 645us total 30.804ms
08-05 16:13:06.738 17259 17272 I art     : Starting a blocking GC Explicit
08-05 16:13:06.771 17259 17272 I art     : Explicit concurrent mark sweep GC freed 3(96B) AllocSpace objects, 0(0B) LOS objects, 23% free, 53MB/69MB, paused 636us total 32.114ms
08-05 16:13:06.783 17259 17272 I art     : Starting a blocking GC Explicit
08-05 16:13:06.815 17259 17272 I art     : Explicit concurrent mark sweep GC freed 3(96B) AllocSpace objects, 0(0B) LOS objects, 23% free, 53MB/69MB, paused 607us total 32.004ms
08-05 16:13:07.148 17259 17271 I art     : Starting a blocking GC Explicit
08-05 16:13:07.186 17259 17271 I art     : Explicit concurrent mark sweep GC freed 1344(78KB) AllocSpace objects, 1(20KB) LOS objects, 23% free, 53MB/69MB, paused 646us total 38.103ms
08-05 16:13:07.201 17259 17271 I art     : Starting a blocking GC Explicit
08-05 16:13:07.233 17259 17271 I art     : Explicit concurrent mark sweep GC freed 20(704B) AllocSpace objects, 0(0B) LOS objects, 23% free, 53MB/69MB, paused 647us total 31.632ms
08-05 16:13:07.245 17259 17271 I art     : Starting a blocking GC Explicit
08-05 16:13:07.264 12631 12631 I ServiceManager: Waiting for service AtCmdFwd...
08-05 16:13:07.277 17259 17271 I art     : Explicit concurrent mark sweep GC freed 3(96B) AllocSpace objects, 0(0B) LOS objects, 23% free, 53MB/69MB, paused 734us total 32.254ms
08-05 16:13:07.289 17259 17271 I art     : Starting a blocking GC Explicit
08-05 16:13:07.320 17259 17271 I art     : Explicit concurrent mark sweep GC freed 3(96B) AllocSpace objects, 0(0B) LOS objects, 23% free, 53MB/69MB, paused 600us total 30.757ms
08-05 16:13:07.332 17259 17271 I art     : Starting a blocking GC Explicit
08-05 16:13:07.363 17259 17271 I art     : Explicit concurrent mark sweep GC freed 3(96B) AllocSpace objects, 0(0B) LOS objects, 23% free, 53MB/69MB, paused 652us total 30.212ms
08-05 16:13:07.693 17259 18347 I art     : Starting a blocking GC Explicit
08-05 16:13:07.728 17259 18347 I art     : Explicit concurrent mark sweep GC freed 1344(78KB) AllocSpace objects, 1(20KB) LOS objects, 23% free, 53MB/69MB, paused 709us total 35.105ms
08-05 16:13:07.741 17259 18347 I art     : Starting a blocking GC Explicit
08-05 16:13:07.772 17259 18347 I art     : Explicit concurrent mark sweep GC freed 20(704B) AllocSpace objects, 0(0B) LOS objects, 23% free, 53MB/69MB, paused 653us total 29.958ms
08-05 16:13:07.784 17259 18347 I art     : Starting a blocking GC Explicit
08-05 16:13:07.815 17259 18347 I art     : Explicit concurrent mark sweep GC freed 3(96B) AllocSpace objects, 0(0B) LOS objects, 23% free, 53MB/69MB, paused 625us total 31.028ms
08-05 16:13:07.827 17259 18347 I art     : Starting a blocking GC Explicit
08-05 16:13:07.859 17259 18347 I art     : Explicit concurrent mark sweep GC freed 3(96B) AllocSpace objects, 0(0B) LOS objects, 23% free, 53MB/69MB, paused 658us total 31.800ms
08-05 16:13:07.871 17259 18347 I art     : Starting a blocking GC Explicit
08-05 16:13:07.903 17259 18347 I art     : Explicit concurrent mark sweep GC freed 3(96B) AllocSpace objects, 0(0B) LOS objects, 23% free, 53MB/69MB, paused 643us total 31.544ms
08-05 16:13:08.238 17259 17529 I art     : Starting a blocking GC Explicit
08-05 16:13:08.265 12631 12631 I ServiceManager: Waiting for service AtCmdFwd...
08-05 16:13:08.275 17259 17529 I art     : Explicit concurrent mark sweep GC freed 1344(78KB) AllocSpace objects, 1(20KB) LOS objects, 23% free, 53MB/69MB, paused 644us total 36.395ms
08-05 16:13:08.289 17259 17529 I art     : Starting a blocking GC Explicit
08-05 16:13:08.320 17259 17529 I art     : Explicit concurrent mark sweep GC freed 20(704B) AllocSpace objects, 0(0B) LOS objects, 23% free, 53MB/69MB, paused 648us total 30.316ms
08-05 16:13:08.332 17259 17529 I art     : Starting a blocking GC Explicit
08-05 16:13:08.364 17259 17529 I art     : Explicit concurrent mark sweep GC freed 3(96B) AllocSpace objects, 0(0B) LOS objects, 23% free, 53MB/69MB, paused 652us total 31.785ms
08-05 16:13:08.370   918  3261 D WifiStateMachine: starting scan for "H369AA63323"WPA_PSK with 2412,5180
08-05 16:13:08.376 17259 17529 I art     : Starting a blocking GC Explicit
08-05 16:13:08.408 17259 17529 I art     : Explicit concurrent mark sweep GC freed 3(96B) AllocSpace objects, 0(0B) LOS objects, 23% free, 53MB/69MB, paused 708us total 31.621ms
08-05 16:13:08.419 17259 17529 I art     : Starting a blocking GC Explicit
08-05 16:13:08.449 17259 17529 I art     : Explicit concurrent mark sweep GC freed 3(96B) AllocSpace objects, 0(0B) LOS objects, 23% free, 53MB/69MB, paused 640us total 29.263ms
08-05 16:13:08.764 17259 17294 I art     : Starting a blocking GC Explicit
08-05 16:13:08.793 17259 17294 I art     : Explicit concurrent mark sweep GC freed 1344(78KB) AllocSpace objects, 1(20KB) LOS objects, 23% free, 53MB/69MB, paused 640us total 29.065ms
08-05 16:13:08.802   518   646 I ThermalEngine: ACTION: GPU - Setting GPU[0] to 510000000
08-05 16:13:08.805 17259 17294 I art     : Starting a blocking GC Explicit
08-05 16:13:08.834 17259 17294 I art     : Explicit concurrent mark sweep GC freed 20(704B) AllocSpace objects, 0(0B) LOS objects, 23% free, 53MB/69MB, paused 639us total 28.868ms
08-05 16:13:08.844 17259 17294 I art     : Starting a blocking GC Explicit
08-05 16:13:08.866 17259 17294 I art     : Explicit concurrent mark sweep GC freed 3(96B) AllocSpace objects, 0(0B) LOS objects, 23% free, 53MB/69MB, paused 474us total 22.291ms
08-05 16:13:08.875 17259 17294 I art     : Starting a blocking GC Explicit
08-05 16:13:08.898 17259 17294 I art     : Explicit concurrent mark sweep GC freed 3(96B) AllocSpace objects, 0(0B) LOS objects, 23% free, 53MB/69MB, paused 479us total 22.411ms
08-05 16:13:08.907 17259 17294 I art     : Starting a blocking GC Explicit
08-05 16:13:08.929 17259 17294 I art     : Explicit concurrent mark sweep GC freed 3(96B) AllocSpace objects, 0(0B) LOS objects, 23% free, 53MB/69MB, paused 471us total 22.381ms
08-05 16:13:09.099 19818 19818 D AndroidRuntime: >>>>>> START com.android.internal.os.RuntimeInit uid 2000 <<<<<<
08-05 16:13:09.105 19818 19818 D AndroidRuntime: CheckJNI is OFF
08-05 16:13:09.137 19818 19818 D ICU     : No timezone override file found: /data/misc/zoneinfo/current/icu/icu_tzdata.dat
08-05 16:13:09.168 19818 19818 I Radio-JNI: register_android_hardware_Radio DONE
08-05 16:13:09.190 19818 19818 D AndroidRuntime: Calling main entry com.android.commands.input.Input
08-05 16:13:09.191 19818 19818 I Input   : injectKeyEvent: KeyEvent { action=ACTION_DOWN, keyCode=KEYCODE_BACK, scanCode=0, metaState=0, flags=0x0, repeatCount=0, eventTime=807205604, downTime=807205604, deviceId=-1, source=0x101 }
08-05 16:13:09.196 19818 19818 I Input   : injectKeyEvent: KeyEvent { action=ACTION_UP, keyCode=KEYCODE_BACK, scanCode=0, metaState=0, flags=0x0, repeatCount=0, eventTime=807205604, downTime=807205604, deviceId=-1, source=0x101 }
08-05 16:13:09.203 19818 19818 D AndroidRuntime: Shutting down VM
08-05 16:13:09.238 17259 17294 I art     : Starting a blocking GC Explicit
08-05 16:13:09.238 13866 13866 I GoogleInputMethodServic: GoogleInputMethodService.onFinishInput():3138 
08-05 16:13:09.238 13866 13866 I GoogleInputMethodServic: GoogleInputMethodService.onStartInput():1808 
08-05 16:13:09.265 17259 17294 I art     : Explicit concurrent mark sweep GC freed 1481(84KB) AllocSpace objects, 1(20KB) LOS objects, 23% free, 53MB/69MB, paused 463us total 26.902ms
08-05 16:13:09.265 12631 12631 I ServiceManager: Waiting for service AtCmdFwd...
08-05 16:13:09.276 17259 17294 I art     : Starting a blocking GC Explicit
08-05 16:13:09.296 17259 17294 I art     : Explicit concurrent mark sweep GC freed 26(944B) AllocSpace objects, 0(0B) LOS objects, 23% free, 53MB/69MB, paused 422us total 19.436ms
08-05 16:13:09.304 17259 17294 I art     : Starting a blocking GC Explicit
08-05 16:13:09.324 17259 17294 I art     : Explicit concurrent mark sweep GC freed 3(96B) AllocSpace objects, 0(0B) LOS objects, 23% free, 53MB/69MB, paused 433us total 19.666ms
08-05 16:13:09.332 17259 17294 I art     : Starting a blocking GC Explicit
08-05 16:13:09.352 17259 17294 I art     : Explicit concurrent mark sweep GC freed 3(96B) AllocSpace objects, 0(0B) LOS objects, 23% free, 53MB/69MB, paused 425us total 19.407ms
08-05 16:13:09.360 17259 17294 I art     : Starting a blocking GC Explicit
08-05 16:13:09.382 17259 17294 I art     : Explicit concurrent mark sweep GC freed 3(96B) AllocSpace objects, 0(0B) LOS objects, 23% free, 53MB/69MB, paused 421us total 21.216ms
08-05 16:13:09.524   380   380 W SurfaceFlinger: couldn't log to binary event log: overflow.
08-05 16:13:09.640 17259 17294 I art     : Starting a blocking GC Explicit
08-05 16:13:09.665 17259 17294 I art     : Explicit concurrent mark sweep GC freed 1463(87KB) AllocSpace objects, 1(20KB) LOS objects, 23% free, 53MB/69MB, paused 505us total 24.938ms
08-05 16:13:09.674 17259 17294 I art     : Starting a blocking GC Explicit
08-05 16:13:09.697 17259 17294 I art     : Explicit concurrent mark sweep GC freed 4698(269KB) AllocSpace objects, 2(140KB) LOS objects, 23% free, 52MB/68MB, paused 470us total 22.388ms
08-05 16:13:09.705 17259 17294 I art     : Starting a blocking GC Explicit
08-05 16:13:09.727 17259 17294 I art     : Explicit concurrent mark sweep GC freed 3(96B) AllocSpace objects, 0(0B) LOS objects, 23% free, 52MB/68MB, paused 490us total 21.473ms
08-05 16:13:09.736 17259 17294 I art     : Starting a blocking GC Explicit
08-05 16:13:09.758 17259 17294 I art     : Explicit concurrent mark sweep GC freed 3(96B) AllocSpace objects, 0(0B) LOS objects, 23% free, 52MB/68MB, paused 500us total 21.475ms
08-05 16:13:09.766 17259 17294 I art     : Starting a blocking GC Explicit
08-05 16:13:09.788 17259 17294 I art     : Explicit concurrent mark sweep GC freed 3(96B) AllocSpace objects, 0(0B) LOS objects, 23% free, 52MB/68MB, paused 477us total 21.333ms
08-05 16:13:10.083 17259 18347 I art     : Starting a blocking GC Explicit
08-05 16:13:10.114 17259 18347 I art     : Explicit concurrent mark sweep GC freed 1344(78KB) AllocSpace objects, 1(20KB) LOS objects, 23% free, 52MB/68MB, paused 511us total 30.054ms
08-05 16:13:10.125 17259 18347 I art     : Starting a blocking GC Explicit
08-05 16:13:10.147 17259 18347 I art     : Explicit concurrent mark sweep GC freed 20(704B) AllocSpace objects, 0(0B) LOS objects, 23% free, 52MB/68MB, paused 582us total 21.157ms
08-05 16:13:10.156 17259 18347 I art     : Starting a blocking GC Explicit
08-05 16:13:10.177 17259 18347 I art     : Explicit concurrent mark sweep GC freed 3(96B) AllocSpace objects, 0(0B) LOS objects, 23% free, 52MB/68MB, paused 502us total 21.697ms
08-05 16:13:10.186 17259 18347 I art     : Starting a blocking GC Explicit
08-05 16:13:10.208 17259 18347 I art     : Explicit concurrent mark sweep GC freed 3(96B) AllocSpace objects, 0(0B) LOS objects, 23% free, 52MB/68MB, paused 459us total 21.741ms
08-05 16:13:10.217 17259 18347 I art     : Starting a blocking GC Explicit
08-05 16:13:10.239 17259 18347 I art     : Explicit concurrent mark sweep GC freed 3(96B) AllocSpace objects, 0(0B) LOS objects, 23% free, 52MB/68MB, paused 442us total 21.640ms
08-05 16:13:10.266 12631 12631 W Atfwd_Sendcmd: AtCmdFwd service not published, waiting... retryCnt : 5
08-05 16:13:10.516 17259 17529 I art     : Starting a blocking GC Explicit
08-05 16:13:10.538 17259 17529 I art     : Explicit concurrent mark sweep GC freed 1343(78KB) AllocSpace objects, 1(20KB) LOS objects, 23% free, 52MB/68MB, paused 490us total 21.692ms
08-05 16:13:10.547 17259 17529 I art     : Starting a blocking GC Explicit
08-05 16:13:10.569 17259 17529 I art     : Explicit concurrent mark sweep GC freed 20(704B) AllocSpace objects, 0(0B) LOS objects, 23% free, 52MB/68MB, paused 476us total 21.106ms
08-05 16:13:10.577 17259 17529 I art     : Starting a blocking GC Explicit
08-05 16:13:10.598 17259 17529 I art     : Explicit concurrent mark sweep GC freed 3(96B) AllocSpace objects, 0(0B) LOS objects, 23% free, 52MB/68MB, paused 464us total 20.941ms
08-05 16:13:10.607 17259 17529 I art     : Starting a blocking GC Explicit
08-05 16:13:10.627 17259 17529 I art     : Explicit concurrent mark sweep GC freed 3(96B) AllocSpace objects, 0(0B) LOS objects, 23% free, 52MB/68MB, paused 493us total 20.379ms
08-05 16:13:10.636 17259 17529 I art     : Starting a blocking GC Explicit
08-05 16:13:10.656 17259 17529 I art     : Explicit concurrent mark sweep GC freed 3(96B) AllocSpace objects, 0(0B) LOS objects, 23% free, 52MB/68MB, paused 459us total 20.278ms
08-05 16:13:10.855 19876 19876 D AndroidRuntime: >>>>>> START com.android.internal.os.RuntimeInit uid 2000 <<<<<<
08-05 16:13:10.860 19876 19876 D AndroidRuntime: CheckJNI is OFF
08-05 16:13:10.895 19876 19876 D ICU     : No timezone override file found: /data/misc/zoneinfo/current/icu/icu_tzdata.dat
08-05 16:13:10.926 19876 19876 I Radio-JNI: register_android_hardware_Radio DONE
08-05 16:13:10.928 17259 17272 I art     : Starting a blocking GC Explicit
08-05 16:13:10.950 19876 19876 D AndroidRuntime: Calling main entry com.android.commands.input.Input
08-05 16:13:10.950 17259 17272 I art     : Explicit concurrent mark sweep GC freed 1358(78KB) AllocSpace objects, 1(20KB) LOS objects, 23% free, 52MB/68MB, paused 499us total 21.910ms
08-05 16:13:10.952 19876 19876 I Input   : injectKeyEvent: KeyEvent { action=ACTION_DOWN, keyCode=KEYCODE_BACK, scanCode=0, metaState=0, flags=0x0, repeatCount=0, eventTime=807207365, downTime=807207365, deviceId=-1, source=0x101 }
08-05 16:13:10.956 19876 19876 I Input   : injectKeyEvent: KeyEvent { action=ACTION_UP, keyCode=KEYCODE_BACK, scanCode=0, metaState=0, flags=0x0, repeatCount=0, eventTime=807207365, downTime=807207365, deviceId=-1, source=0x101 }
08-05 16:13:10.959 17259 17272 I art     : Starting a blocking GC Explicit
08-05 16:13:10.963 19876 19876 D AndroidRuntime: Shutting down VM
08-05 16:13:10.980 17259 17272 I art     : Explicit concurrent mark sweep GC freed 43(1552B) AllocSpace objects, 0(0B) LOS objects, 23% free, 52MB/68MB, paused 554us total 21.029ms
08-05 16:13:10.988 17259 17272 I art     : Starting a blocking GC Explicit
08-05 16:13:11.008 17259 17272 I art     : Explicit concurrent mark sweep GC freed 126(5KB) AllocSpace objects, 0(0B) LOS objects, 23% free, 52MB/68MB, paused 735us total 19.632ms
08-05 16:13:11.016 17259 17272 I art     : Starting a blocking GC Explicit
08-05 16:13:11.035 13866 13866 I GoogleInputMethodServic: GoogleInputMethodService.onFinishInput():3138 
08-05 16:13:11.036 13866 13866 I GoogleInputMethodServic: GoogleInputMethodService.onStartInput():1808 
08-05 16:13:11.036 17259 17272 I art     : Explicit concurrent mark sweep GC freed 30(976B) AllocSpace objects, 0(0B) LOS objects, 23% free, 52MB/68MB, paused 463us total 19.775ms
08-05 16:13:11.045 17259 17272 I art     : Starting a blocking GC Explicit
08-05 16:13:11.064 17259 17272 I art     : Explicit concurrent mark sweep GC freed 33(1216B) AllocSpace objects, 0(0B) LOS objects, 23% free, 52MB/68MB, paused 441us total 18.640ms
08-05 16:13:11.326   380   380 W SurfaceFlinger: couldn't log to binary event log: overflow.
08-05 16:13:11.334 17259 17272 I art     : Starting a blocking GC Explicit
08-05 16:13:11.358 17259 17272 I art     : Explicit concurrent mark sweep GC freed 1465(87KB) AllocSpace objects, 1(20KB) LOS objects, 23% free, 52MB/68MB, paused 510us total 23.252ms
08-05 16:13:11.365 17259 17272 I art     : Starting a blocking GC Explicit
08-05 16:13:11.384 17259 17272 I art     : Explicit concurrent mark sweep GC freed 2096(122KB) AllocSpace objects, 3(340KB) LOS objects, 23% free, 52MB/68MB, paused 445us total 18.373ms
08-05 16:13:11.392 17259 17272 I art     : Starting a blocking GC Explicit
08-05 16:13:11.412 17259 17272 I art     : Explicit concurrent mark sweep GC freed 3(96B) AllocSpace objects, 0(0B) LOS objects, 23% free, 52MB/68MB, paused 469us total 20.107ms
08-05 16:13:11.420 17259 17272 I art     : Starting a blocking GC Explicit
08-05 16:13:11.441 17259 17272 I art     : Explicit concurrent mark sweep GC freed 3(96B) AllocSpace objects, 0(0B) LOS objects, 23% free, 52MB/68MB, paused 465us total 20.134ms
08-05 16:13:11.449 17259 17272 I art     : Starting a blocking GC Explicit
08-05 16:13:11.470 17259 17272 I art     : Explicit concurrent mark sweep GC freed 3(96B) AllocSpace objects, 0(0B) LOS objects, 23% free, 52MB/68MB, paused 467us total 20.783ms
08-05 16:13:11.759 17259 17294 I art     : Starting a blocking GC Explicit
08-05 16:13:11.786 17259 17294 I art     : Explicit concurrent mark sweep GC freed 1343(78KB) AllocSpace objects, 1(20KB) LOS objects, 23% free, 52MB/68MB, paused 521us total 26.408ms
08-05 16:13:11.798 17259 17294 I art     : Starting a blocking GC Explicit
08-05 16:13:11.824 17259 17294 I art     : Explicit concurrent mark sweep GC freed 20(704B) AllocSpace objects, 0(0B) LOS objects, 23% free, 52MB/68MB, paused 494us total 25.261ms
08-05 16:13:11.833 17259 17294 I art     : Starting a blocking GC Explicit
08-05 16:13:11.855 17259 17294 I art     : Explicit concurrent mark sweep GC freed 3(96B) AllocSpace objects, 0(0B) LOS objects, 23% free, 52MB/68MB, paused 524us total 21.341ms
08-05 16:13:11.864 17259 17294 I art     : Starting a blocking GC Explicit
08-05 16:13:11.885 17259 17294 I art     : Explicit concurrent mark sweep GC freed 3(96B) AllocSpace objects, 0(0B) LOS objects, 23% free, 52MB/68MB, paused 477us total 20.590ms
08-05 16:13:11.893 17259 17294 I art     : Starting a blocking GC Explicit
08-05 16:13:11.914 17259 17294 I art     : Explicit concurrent mark sweep GC freed 3(96B) AllocSpace objects, 0(0B) LOS objects, 23% free, 52MB/68MB, paused 468us total 20.762ms
08-05 16:13:12.215 17259 17271 I art     : Starting a blocking GC Explicit
08-05 16:13:12.239 17259 17271 I art     : Explicit concurrent mark sweep GC freed 1354(78KB) AllocSpace objects, 1(20KB) LOS objects, 23% free, 52MB/68MB, paused 455us total 24.034ms
08-05 16:13:12.248 17259 17271 I art     : Starting a blocking GC Explicit
08-05 16:13:12.268 17259 17271 I art     : Explicit concurrent mark sweep GC freed 34(1136B) AllocSpace objects, 0(0B) LOS objects, 23% free, 52MB/68MB, paused 468us total 20.350ms
08-05 16:13:12.277 17259 17271 I art     : Starting a blocking GC Explicit
08-05 16:13:12.296 17259 17271 I art     : Explicit concurrent mark sweep GC freed 3(96B) AllocSpace objects, 0(0B) LOS objects, 23% free, 52MB/68MB, paused 449us total 19.606ms
08-05 16:13:12.305 17259 17271 I art     : Starting a blocking GC Explicit
08-05 16:13:12.324 17259 17271 I art     : Explicit concurrent mark sweep GC freed 3(96B) AllocSpace objects, 0(0B) LOS objects, 23% free, 52MB/68MB, paused 456us total 19.601ms
08-05 16:13:12.333 17259 17271 I art     : Starting a blocking GC Explicit
08-05 16:13:12.353 17259 17271 I art     : Explicit concurrent mark sweep GC freed 3(96B) AllocSpace objects, 0(0B) LOS objects, 23% free, 52MB/68MB, paused 454us total 20.174ms
08-05 16:13:12.609 19933 19933 D AndroidRuntime: >>>>>> START com.android.internal.os.RuntimeInit uid 2000 <<<<<<
08-05 16:13:12.614 19933 19933 D AndroidRuntime: CheckJNI is OFF
08-05 16:13:12.625 17259 18347 I art     : Starting a blocking GC Explicit
08-05 16:13:12.646 17259 18347 I art     : Explicit concurrent mark sweep GC freed 1341(78KB) AllocSpace objects, 1(20KB) LOS objects, 23% free, 52MB/68MB, paused 500us total 20.502ms
08-05 16:13:12.651 19933 19933 D ICU     : No timezone override file found: /data/misc/zoneinfo/current/icu/icu_tzdata.dat
08-05 16:13:12.655 17259 18347 I art     : Starting a blocking GC Explicit
08-05 16:13:12.675 17259 18347 I art     : Explicit concurrent mark sweep GC freed 20(704B) AllocSpace objects, 0(0B) LOS objects, 23% free, 52MB/68MB, paused 464us total 19.651ms
08-05 16:13:12.684 17259 18347 I art     : Starting a blocking GC Explicit
08-05 16:13:12.688 19933 19933 I Radio-JNI: register_android_hardware_Radio DONE
08-05 16:13:12.702 17259 18347 I art     : Explicit concurrent mark sweep GC freed 3(96B) AllocSpace objects, 0(0B) LOS objects, 23% free, 52MB/68MB, paused 445us total 18.217ms
08-05 16:13:12.709 19933 19933 D AndroidRuntime: Calling main entry com.android.commands.input.Input
08-05 16:13:12.710 17259 18347 I art     : Starting a blocking GC Explicit
08-05 16:13:12.711 19933 19933 I Input   : injectMotionEvent: MotionEvent { action=ACTION_DOWN, actionButton=0, id[0]=0, x[0]=1053.0, y[0]=1173.0, toolType[0]=TOOL_TYPE_UNKNOWN, buttonState=0, metaState=0, flags=0x0, edgeFlags=0x0, pointerCount=1, historySize=0, eventTime=807209123, downTime=807209123, deviceId=0, source=0x1002 }
08-05 16:13:12.716 19933 19933 I Input   : injectMotionEvent: MotionEvent { action=ACTION_UP, actionButton=0, id[0]=0, x[0]=1053.0, y[0]=1173.0, toolType[0]=TOOL_TYPE_UNKNOWN, buttonState=0, metaState=0, flags=0x0, edgeFlags=0x0, pointerCount=1, historySize=0, eventTime=807209123, downTime=807209123, deviceId=0, source=0x1002 }
08-05 16:13:12.717   918  3696 I ActivityManager: START u0 {cmp=baseline.appteam.nith.hillffair/.activities.QuizActivity} from uid 10675 on display 0
08-05 16:13:12.723 19933 19933 D AndroidRuntime: Shutting down VM
08-05 16:13:12.728 17259 18347 I art     : Explicit concurrent mark sweep GC freed 22(720B) AllocSpace objects, 0(0B) LOS objects, 23% free, 52MB/68MB, paused 432us total 17.915ms
08-05 16:13:12.737 17259 18347 I art     : Starting a blocking GC Explicit
08-05 16:13:12.759 17259 18347 I art     : Explicit concurrent mark sweep GC freed 619(44KB) AllocSpace objects, 0(0B) LOS objects, 23% free, 52MB/68MB, paused 606us total 21.788ms
08-05 16:13:12.811   518   646 I ThermalEngine: ACTION: GPU - Setting GPU[0] to 450000000
08-05 16:13:12.826   918   936 I ActivityManager: Displayed baseline.appteam.nith.hillffair/.activities.QuizActivity: +102ms
08-05 16:13:12.826 13866 13866 I GoogleInputMethodServic: GoogleInputMethodService.onFinishInput():3138 
08-05 16:13:12.827 13866 13866 I GoogleInputMethodServic: GoogleInputMethodService.onStartInput():1808 
08-05 16:13:13.048 17259 17272 I art     : Starting a blocking GC Explicit
08-05 16:13:13.079   380   380 W SurfaceFlinger: couldn't log to binary event log: overflow.
08-05 16:13:13.079 17259 17272 I art     : Explicit concurrent mark sweep GC freed 1655(95KB) AllocSpace objects, 1(20KB) LOS objects, 23% free, 52MB/68MB, paused 667us total 29.956ms
08-05 16:13:13.092 17259 17272 I art     : Starting a blocking GC Explicit
08-05 16:13:13.116 17259 17272 I art     : Explicit concurrent mark sweep GC freed 52(2288B) AllocSpace objects, 0(0B) LOS objects, 23% free, 52MB/68MB, paused 548us total 23.510ms
08-05 16:13:13.126 17259 17272 I art     : Starting a blocking GC Explicit
08-05 16:13:13.150 17259 17272 I art     : Explicit concurrent mark sweep GC freed 3(96B) AllocSpace objects, 0(0B) LOS objects, 23% free, 52MB/68MB, paused 560us total 23.723ms
08-05 16:13:13.161 17259 17272 I art     : Starting a blocking GC Explicit
08-05 16:13:13.186 17259 17272 I art     : Explicit concurrent mark sweep GC freed 56(4KB) AllocSpace objects, 0(0B) LOS objects, 23% free, 52MB/68MB, paused 775us total 24.850ms
08-05 16:13:13.197 17259 17272 I art     : Starting a blocking GC Explicit
08-05 16:13:13.222 17259 17272 I art     : Explicit concurrent mark sweep GC freed 20(688B) AllocSpace objects, 0(0B) LOS objects, 23% free, 52MB/68MB, paused 574us total 25.271ms
08-05 16:13:13.523 17259 17529 I art     : Starting a blocking GC Explicit
08-05 16:13:13.562 17259 17529 I art     : Explicit concurrent mark sweep GC freed 1343(78KB) AllocSpace objects, 1(20KB) LOS objects, 23% free, 52MB/68MB, paused 852us total 38.344ms
08-05 16:13:13.578 17259 17529 I art     : Starting a blocking GC Explicit
08-05 16:13:13.605 17259 17529 I art     : Explicit concurrent mark sweep GC freed 20(704B) AllocSpace objects, 0(0B) LOS objects, 23% free, 52MB/68MB, paused 605us total 26.778ms
08-05 16:13:13.616 17259 17529 I art     : Starting a blocking GC Explicit
08-05 16:13:13.643 17259 17529 I art     : Explicit concurrent mark sweep GC freed 3(96B) AllocSpace objects, 0(0B) LOS objects, 23% free, 52MB/68MB, paused 586us total 26.780ms
08-05 16:13:13.654 17259 17529 I art     : Starting a blocking GC Explicit
08-05 16:13:13.682 17259 17529 I art     : Explicit concurrent mark sweep GC freed 3(96B) AllocSpace objects, 0(0B) LOS objects, 23% free, 52MB/68MB, paused 596us total 27.082ms
08-05 16:13:13.693 17259 17529 I art     : Starting a blocking GC Explicit
08-05 16:13:13.720 17259 17529 I art     : Explicit concurrent mark sweep GC freed 3(96B) AllocSpace objects, 0(0B) LOS objects, 23% free, 52MB/68MB, paused 602us total 26.739ms
08-05 16:13:14.032 17259 17271 I art     : Starting a blocking GC Explicit
08-05 16:13:14.065 17259 17271 I art     : Explicit concurrent mark sweep GC freed 1343(78KB) AllocSpace objects, 1(20KB) LOS objects, 23% free, 52MB/68MB, paused 753us total 32.963ms
08-05 16:13:14.078 17259 17271 I art     : Starting a blocking GC Explicit
08-05 16:13:14.105 17259 17271 I art     : Explicit concurrent mark sweep GC freed 20(704B) AllocSpace objects, 0(0B) LOS objects, 23% free, 52MB/68MB, paused 602us total 26.970ms
08-05 16:13:14.117 17259 17271 I art     : Starting a blocking GC Explicit
08-05 16:13:14.144 17259 17271 I art     : Explicit concurrent mark sweep GC freed 3(96B) AllocSpace objects, 0(0B) LOS objects, 23% free, 52MB/68MB, paused 594us total 27.316ms
08-05 16:13:14.156 17259 17271 I art     : Starting a blocking GC Explicit
08-05 16:13:14.182 17259 17271 I art     : Explicit concurrent mark sweep GC freed 3(96B) AllocSpace objects, 0(0B) LOS objects, 23% free, 52MB/68MB, paused 616us total 26.406ms
08-05 16:13:14.193 17259 17271 I art     : Starting a blocking GC Explicit
08-05 16:13:14.221 17259 17271 I art     : Explicit concurrent mark sweep GC freed 3(96B) AllocSpace objects, 0(0B) LOS objects, 23% free, 52MB/68MB, paused 595us total 26.986ms
08-05 16:13:14.546 17259 17272 I art     : Starting a blocking GC Explicit
08-05 16:13:14.574 17259 17272 I art     : Explicit concurrent mark sweep GC freed 1369(79KB) AllocSpace objects, 1(20KB) LOS objects, 23% free, 52MB/68MB, paused 654us total 28.262ms
08-05 16:13:14.586 17259 17272 I art     : Starting a blocking GC Explicit
08-05 16:13:14.614 17259 17272 I art     : Explicit concurrent mark sweep GC freed 24(832B) AllocSpace objects, 0(0B) LOS objects, 23% free, 52MB/68MB, paused 712us total 28.023ms
08-05 16:13:14.625 17259 17272 I art     : Starting a blocking GC Explicit
08-05 16:13:14.652 17259 17272 I art     : Explicit concurrent mark sweep GC freed 3(96B) AllocSpace objects, 0(0B) LOS objects, 23% free, 52MB/68MB, paused 577us total 26.271ms
08-05 16:13:14.663 17259 17272 I art     : Starting a blocking GC Explicit
08-05 16:13:14.690 17259 17272 I art     : Explicit concurrent mark sweep GC freed 3(96B) AllocSpace objects, 0(0B) LOS objects, 23% free, 52MB/68MB, paused 607us total 26.894ms
08-05 16:13:14.702 17259 17272 I art     : Starting a blocking GC Explicit
08-05 16:13:14.730 17259 17272 I art     : Explicit concurrent mark sweep GC freed 3(96B) AllocSpace objects, 0(0B) LOS objects, 23% free, 52MB/68MB, paused 651us total 27.700ms
08-05 16:13:15.070 17259 17294 I art     : Starting a blocking GC Explicit
08-05 16:13:15.101 17259 17294 I art     : Explicit concurrent mark sweep GC freed 1343(78KB) AllocSpace objects, 1(20KB) LOS objects, 23% free, 52MB/68MB, paused 660us total 30.832ms
08-05 16:13:15.116 17259 17294 I art     : Starting a blocking GC Explicit
08-05 16:13:15.143 17259 17294 I art     : Explicit concurrent mark sweep GC freed 20(704B) AllocSpace objects, 0(0B) LOS objects, 23% free, 52MB/68MB, paused 628us total 27.090ms
08-05 16:13:15.154 17259 17294 I art     : Starting a blocking GC Explicit
08-05 16:13:15.182 17259 17294 I art     : Explicit concurrent mark sweep GC freed 3(96B) AllocSpace objects, 0(0B) LOS objects, 23% free, 52MB/68MB, paused 595us total 28.035ms
08-05 16:13:15.194 17259 17294 I art     : Starting a blocking GC Explicit
08-05 16:13:15.221 17259 17294 I art     : Explicit concurrent mark sweep GC freed 3(96B) AllocSpace objects, 0(0B) LOS objects, 23% free, 52MB/68MB, paused 628us total 27.021ms
08-05 16:13:15.232 17259 17294 I art     : Starting a blocking GC Explicit
08-05 16:13:15.260 17259 17294 I art     : Explicit concurrent mark sweep GC freed 3(96B) AllocSpace objects, 0(0B) LOS objects, 23% free, 52MB/68MB, paused 620us total 27.688ms
08-05 16:13:15.525 20002 20002 D AndroidRuntime: >>>>>> START com.android.internal.os.RuntimeInit uid 2000 <<<<<<
08-05 16:13:15.531 20002 20002 D AndroidRuntime: CheckJNI is OFF
08-05 16:13:15.574 20002 20002 D ICU     : No timezone override file found: /data/misc/zoneinfo/current/icu/icu_tzdata.dat
08-05 16:13:15.594 17259 17529 I art     : Starting a blocking GC Explicit
08-05 16:13:15.616 20002 20002 I Radio-JNI: register_android_hardware_Radio DONE
08-05 16:13:15.621 17259 17529 I art     : Explicit concurrent mark sweep GC freed 1343(78KB) AllocSpace objects, 1(20KB) LOS objects, 23% free, 52MB/68MB, paused 637us total 26.962ms
08-05 16:13:15.632 17259 17529 I art     : Starting a blocking GC Explicit
08-05 16:13:15.647 20002 20002 D AndroidRuntime: Calling main entry com.android.commands.input.Input
08-05 16:13:15.648 20002 20002 I Input   : injectMotionEvent: MotionEvent { action=ACTION_DOWN, actionButton=0, id[0]=0, x[0]=756.0, y[0]=1530.0, toolType[0]=TOOL_TYPE_UNKNOWN, buttonState=0, metaState=0, flags=0x0, edgeFlags=0x0, pointerCount=1, historySize=0, eventTime=807212061, downTime=807212061, deviceId=0, source=0x1002 }
08-05 16:13:15.655 20002 20002 I Input   : injectMotionEvent: MotionEvent { action=ACTION_UP, actionButton=0, id[0]=0, x[0]=756.0, y[0]=1530.0, toolType[0]=TOOL_TYPE_UNKNOWN, buttonState=0, metaState=0, flags=0x0, edgeFlags=0x0, pointerCount=1, historySize=0, eventTime=807212061, downTime=807212061, deviceId=0, source=0x1002 }
08-05 16:13:15.658 17259 17529 I art     : Explicit concurrent mark sweep GC freed 24(800B) AllocSpace objects, 0(0B) LOS objects, 23% free, 52MB/68MB, paused 878us total 25.954ms
08-05 16:13:15.658 20002 20002 D AndroidRuntime: Shutting down VM
08-05 16:13:15.669   918  6029 I ActivityManager: START u0 {cmp=baseline.appteam.nith.hillffair/.activities.LeaderBoardActivity} from uid 10675 on display 0
08-05 16:13:15.669 17259 17529 I art     : Starting a blocking GC Explicit
08-05 16:13:15.670   512  2967 D audio_hw_primary: out_set_parameters: enter: usecase(1: low-latency-playback) kvpairs: routing=2
08-05 16:13:15.683   512  2967 D audio_hw_primary: select_devices: out_snd_device(2: speaker) in_snd_device(0: none)
08-05 16:13:15.683   512  2967 D msm8974_platform: platform_send_audio_calibration: sending audio calibration for snd_device(2) acdb_id(15)
08-05 16:13:15.684   512  2967 I soundtrigger: audio_extn_sound_trigger_update_device_status: device 0x2 of type 0 for Event 1
08-05 16:13:15.694   512  2967 D audio_hw_primary: enable_snd_device: snd_device(2: speaker)
08-05 16:13:15.696 17259 17529 I art     : Explicit concurrent mark sweep GC freed 443(24KB) AllocSpace objects, 0(0B) LOS objects, 23% free, 52MB/68MB, paused 804us total 26.230ms
08-05 16:13:15.697   512  2967 D audio_hw_primary: enable_audio_route: apply and update mixer path: low-latency-playback speaker
08-05 16:13:15.708 17259 17529 I art     : Starting a blocking GC Explicit
08-05 16:13:15.734 17259 17529 I art     : Explicit concurrent mark sweep GC freed 4624(277KB) AllocSpace objects, 0(0B) LOS objects, 23% free, 52MB/68MB, paused 734us total 26.118ms
08-05 16:13:15.745 17259 17529 I art     : Starting a blocking GC Explicit
08-05 16:13:15.770 17259 17529 I art     : Explicit concurrent mark sweep GC freed 245(22KB) AllocSpace objects, 0(0B) LOS objects, 23% free, 52MB/68MB, paused 705us total 24.671ms
08-05 16:13:15.775 17259 17259 E RecyclerView: No adapter attached; skipping layout
08-05 16:13:15.781 17259 17259 E RecyclerView: No adapter attached; skipping layout
08-05 16:13:15.797   918   936 I ActivityManager: Displayed baseline.appteam.nith.hillffair/.activities.LeaderBoardActivity: +117ms
08-05 16:13:15.798 13866 13866 I GoogleInputMethodServic: GoogleInputMethodService.onFinishInput():3138 
08-05 16:13:15.800 17259 17259 E RecyclerView: No adapter attached; skipping layout
08-05 16:13:15.801 13866 13866 I GoogleInputMethodServic: GoogleInputMethodService.onStartInput():1808 
08-05 16:13:15.818 17259 17285 D OpenGLRenderer: endAllStagingAnimators on 0x7f994be800 (RippleDrawable) with handle 0x7f7d823080
08-05 16:13:16.049   380   380 W SurfaceFlinger: couldn't log to binary event log: overflow.
08-05 16:13:16.072 17259 17529 I art     : Starting a blocking GC Explicit
08-05 16:13:16.098 17259 17529 I art     : Explicit concurrent mark sweep GC freed 1605(90KB) AllocSpace objects, 1(20KB) LOS objects, 23% free, 52MB/68MB, paused 714us total 24.917ms
08-05 16:13:16.108 17259 17529 I art     : Starting a blocking GC Explicit
08-05 16:13:16.133 17259 17529 I art     : Explicit concurrent mark sweep GC freed 42(1424B) AllocSpace objects, 0(0B) LOS objects, 23% free, 52MB/68MB, paused 714us total 24.335ms
08-05 16:13:16.143 17259 17529 I art     : Starting a blocking GC Explicit
08-05 16:13:16.168 17259 17529 I art     : Explicit concurrent mark sweep GC freed 7(240B) AllocSpace objects, 0(0B) LOS objects, 23% free, 52MB/68MB, paused 776us total 25.079ms
08-05 16:13:16.180 17259 17529 I art     : Starting a blocking GC Explicit
08-05 16:13:16.208 17259 17529 I art     : Explicit concurrent mark sweep GC freed 152(8KB) AllocSpace objects, 0(0B) LOS objects, 23% free, 52MB/68MB, paused 633us total 27.868ms
08-05 16:13:16.220 17259 17529 I art     : Starting a blocking GC Explicit
08-05 16:13:16.238   512  2967 D audio_hw_primary: disable_audio_route: reset and update mixer path: low-latency-playback speaker
08-05 16:13:16.239   512  2967 D audio_hw_primary: disable_snd_device: snd_device(2: speaker)
08-05 16:13:16.245 17259 17529 I art     : Explicit concurrent mark sweep GC freed 23(800B) AllocSpace objects, 0(0B) LOS objects, 23% free, 52MB/68MB, paused 640us total 25.360ms
08-05 16:13:16.247   512  2967 I soundtrigger: audio_extn_sound_trigger_update_device_status: device 0x2 of type 0 for Event 0
08-05 16:13:16.527 17259 20030 D OkHttp  : --> GET https://api-hillfair-2k16.herokuapp.com/api/app/quiz/leaderboard?from=1 http/1.1
08-05 16:13:16.542 17259 17529 I art     : Starting a blocking GC Explicit
08-05 16:13:16.571 17259 20030 D OkHttp  : <-- 200 OK https://api-hillfair-2k16.herokuapp.com/api/app/quiz/leaderboard?from=1 (43ms, 56744-byte body)
08-05 16:13:16.571 17259 17529 I art     : Explicit concurrent mark sweep GC freed 4006(214KB) AllocSpace objects, 4(220KB) LOS objects, 23% free, 53MB/69MB, paused 671us total 28.403ms
08-05 16:13:16.582 17259 17529 I art     : Starting a blocking GC Explicit
08-05 16:13:16.611 17259 17529 I art     : Explicit concurrent mark sweep GC freed 4908(304KB) AllocSpace objects, 0(0B) LOS objects, 23% free, 52MB/68MB, paused 771us total 28.633ms
08-05 16:13:16.622 17259 17529 I art     : Starting a blocking GC Explicit
08-05 16:13:16.650 17259 17529 I art     : Explicit concurrent mark sweep GC freed 14744(691KB) AllocSpace objects, 0(0B) LOS objects, 23% free, 52MB/68MB, paused 812us total 28.160ms
08-05 16:13:16.661 17259 17529 I art     : Starting a blocking GC Explicit
08-05 16:13:16.667 17259 17259 I NAPPA_EXPERIMENTATION: MetricNetworkRequestExecutionTime: REQUEST_DURATION_SYSTEM='947',REQUEST_DURATION_OKHTTP='43',REQUEST_SYNCHRONOUS='FALSE',RESPONSE_CODE='200',RESPONSE_METHOD='GET',RESPONSE_LENGTH_OKHTTP='56744',RESPONSE_LENGTH_HEADER='56744',REQUEST_PROTOCOL='http/1.1',REQUEST_URL='https://api-hillfair-2k16.herokuapp.com/api/app/quiz/leaderboard?from=1',
08-05 16:13:16.689 17259 17529 I art     : Explicit concurrent mark sweep GC freed 6336(284KB) AllocSpace objects, 0(0B) LOS objects, 23% free, 52MB/68MB, paused 871us total 27.528ms
08-05 16:13:16.700 17259 17529 I art     : Starting a blocking GC Explicit
08-05 16:13:16.728 17259 17529 I art     : Explicit concurrent mark sweep GC freed 1074(61KB) AllocSpace objects, 0(0B) LOS objects, 23% free, 53MB/69MB, paused 1.146ms total 27.494ms
08-05 16:13:17.025 17259 17294 I art     : Starting a blocking GC Explicit
08-05 16:13:17.063 17259 17294 I art     : Explicit concurrent mark sweep GC freed 1724(92KB) AllocSpace objects, 1(20KB) LOS objects, 23% free, 53MB/69MB, paused 677us total 37.752ms
08-05 16:13:17.077 17259 17294 I art     : Starting a blocking GC Explicit
08-05 16:13:17.108 17259 17294 I art     : Explicit concurrent mark sweep GC freed 28(1088B) AllocSpace objects, 0(0B) LOS objects, 23% free, 53MB/69MB, paused 656us total 30.363ms
08-05 16:13:17.120 17259 17294 I art     : Starting a blocking GC Explicit
08-05 16:13:17.149 17259 17294 I art     : Explicit concurrent mark sweep GC freed 3(96B) AllocSpace objects, 0(0B) LOS objects, 23% free, 53MB/69MB, paused 664us total 29.394ms
08-05 16:13:17.161 17259 17294 I art     : Starting a blocking GC Explicit
08-05 16:13:17.190 17259 17294 I art     : Explicit concurrent mark sweep GC freed 3(96B) AllocSpace objects, 0(0B) LOS objects, 23% free, 53MB/69MB, paused 642us total 29.019ms
08-05 16:13:17.202 17259 17294 I art     : Starting a blocking GC Explicit
08-05 16:13:17.232 17259 17294 I art     : Explicit concurrent mark sweep GC freed 3(96B) AllocSpace objects, 0(0B) LOS objects, 23% free, 53MB/69MB, paused 621us total 29.707ms
08-05 16:13:17.570 17259 17271 I art     : Starting a blocking GC Explicit
08-05 16:13:17.610 17259 17271 I art     : Explicit concurrent mark sweep GC freed 1344(78KB) AllocSpace objects, 1(20KB) LOS objects, 23% free, 53MB/69MB, paused 670us total 39.135ms
08-05 16:13:17.626 17259 17271 I art     : Starting a blocking GC Explicit
08-05 16:13:17.658 17259 17271 I art     : Explicit concurrent mark sweep GC freed 20(704B) AllocSpace objects, 0(0B) LOS objects, 23% free, 53MB/69MB, paused 650us total 32.457ms
08-05 16:13:17.671 17259 17271 I art     : Starting a blocking GC Explicit
08-05 16:13:17.703 17259 17271 I art     : Explicit concurrent mark sweep GC freed 3(96B) AllocSpace objects, 0(0B) LOS objects, 23% free, 53MB/69MB, paused 649us total 31.898ms
08-05 16:13:17.715 17259 17271 I art     : Starting a blocking GC Explicit
08-05 16:13:17.747 17259 17271 I art     : Explicit concurrent mark sweep GC freed 3(96B) AllocSpace objects, 0(0B) LOS objects, 23% free, 53MB/69MB, paused 657us total 31.890ms
08-05 16:13:17.759 17259 17271 I art     : Starting a blocking GC Explicit
08-05 16:13:17.791 17259 17271 I art     : Explicit concurrent mark sweep GC freed 3(96B) AllocSpace objects, 0(0B) LOS objects, 23% free, 53MB/69MB, paused 647us total 31.623ms
08-05 16:13:18.086 17259 20075 W OneSignal: OneSignalRestClient: POST Error thrown from network stack. 
08-05 16:13:18.086 17259 20075 W OneSignal: java.io.IOException: unexpected end of stream on Connection{api.onesignal.com:443, proxy=HTTP@192.168.2.12:8080 hostAddress=192.168.2.12 cipherSuite=TLS_ECDHE_RSA_WITH_AES_128_GCM_SHA256 protocol=http/1.1} (recycle count=0)
08-05 16:13:18.086 17259 20075 W OneSignal: 	at com.android.okhttp.internal.http.HttpConnection.readResponse(HttpConnection.java:210)
08-05 16:13:18.086 17259 20075 W OneSignal: 	at com.android.okhttp.internal.http.HttpTransport.readResponseHeaders(HttpTransport.java:80)
08-05 16:13:18.086 17259 20075 W OneSignal: 	at com.android.okhttp.internal.http.HttpEngine.readNetworkResponse(HttpEngine.java:904)
08-05 16:13:18.086 17259 20075 W OneSignal: 	at com.android.okhttp.internal.http.HttpEngine.readResponse(HttpEngine.java:788)
08-05 16:13:18.086 17259 20075 W OneSignal: 	at com.android.okhttp.internal.huc.HttpURLConnectionImpl.execute(HttpURLConnectionImpl.java:439)
08-05 16:13:18.086 17259 20075 W OneSignal: 	at com.android.okhttp.internal.huc.HttpURLConnectionImpl.getResponse(HttpURLConnectionImpl.java:384)
08-05 16:13:18.086 17259 20075 W OneSignal: 	at com.android.okhttp.internal.huc.HttpURLConnectionImpl.getResponseCode(HttpURLConnectionImpl.java:497)
08-05 16:13:18.086 17259 20075 W OneSignal: 	at com.android.okhttp.internal.huc.DelegatingHttpsURLConnection.getResponseCode(DelegatingHttpsURLConnection.java:105)
08-05 16:13:18.086 17259 20075 W OneSignal: 	at com.android.okhttp.internal.huc.HttpsURLConnectionImpl.getResponseCode(HttpsURLConnectionImpl.java)
08-05 16:13:18.086 17259 20075 W OneSignal: 	at com.onesignal.OneSignalRestClient.startHTTPConnection(OneSignalRestClient.java:180)
08-05 16:13:18.086 17259 20075 W OneSignal: 	at com.onesignal.OneSignalRestClient.access$100(OneSignalRestClient.java:44)
08-05 16:13:18.086 17259 20075 W OneSignal: 	at com.onesignal.OneSignalRestClient$4.run(OneSignalRestClient.java:110)
08-05 16:13:18.086 17259 20075 W OneSignal: 	at java.lang.Thread.run(Thread.java:818)
08-05 16:13:18.086 17259 20075 W OneSignal: Caused by: java.io.EOFException: \n not found: size=0 content=...
08-05 16:13:18.086 17259 20075 W OneSignal: 	at com.android.okhttp.okio.RealBufferedSource.readUtf8LineStrict(RealBufferedSource.java:200)
08-05 16:13:18.086 17259 20075 W OneSignal: 	at com.android.okhttp.internal.http.HttpConnection.readResponse(HttpConnection.java:191)
08-05 16:13:18.086 17259 20075 W OneSignal: 	... 12 more
08-05 16:13:18.088 17259 20086 W OneSignal: Failed last request. statusCode: -1
08-05 16:13:18.088 17259 20086 W OneSignal: response: null
08-05 16:13:18.130 17259 17529 I art     : Starting a blocking GC Explicit
08-05 16:13:18.171 17259 17529 I art     : Explicit concurrent mark sweep GC freed 3897(242KB) AllocSpace objects, 1(20KB) LOS objects, 23% free, 53MB/69MB, paused 719us total 40.154ms
08-05 16:13:18.190 17259 17529 I art     : Starting a blocking GC Explicit
08-05 16:13:18.222 17259 17529 I art     : Explicit concurrent mark sweep GC freed 96(3KB) AllocSpace objects, 0(0B) LOS objects, 23% free, 53MB/69MB, paused 637us total 31.301ms
08-05 16:13:18.233 17259 17529 I art     : Starting a blocking GC Explicit
08-05 16:13:18.265 17259 17529 I art     : Explicit concurrent mark sweep GC freed 3(96B) AllocSpace objects, 0(0B) LOS objects, 23% free, 53MB/69MB, paused 603us total 31.035ms
08-05 16:13:18.277 17259 17529 I art     : Starting a blocking GC Explicit
08-05 16:13:18.308 17259 17529 I art     : Explicit concurrent mark sweep GC freed 3(96B) AllocSpace objects, 0(0B) LOS objects, 23% free, 53MB/69MB, paused 649us total 30.996ms
08-05 16:13:18.320 17259 17529 I art     : Starting a blocking GC Explicit
08-05 16:13:18.352 17259 17529 I art     : Explicit concurrent mark sweep GC freed 3(96B) AllocSpace objects, 0(0B) LOS objects, 23% free, 53MB/69MB, paused 640us total 31.960ms
08-05 16:13:18.686 17259 17272 I art     : Starting a blocking GC Explicit
08-05 16:13:18.729 17259 17272 I art     : Explicit concurrent mark sweep GC freed 1357(78KB) AllocSpace objects, 1(20KB) LOS objects, 23% free, 53MB/69MB, paused 732us total 41.859ms
08-05 16:13:18.743 17259 17272 I art     : Starting a blocking GC Explicit
08-05 16:13:18.776 17259 17272 I art     : Explicit concurrent mark sweep GC freed 34(1136B) AllocSpace objects, 0(0B) LOS objects, 23% free, 53MB/69MB, paused 637us total 32.339ms
08-05 16:13:18.787 17259 17272 I art     : Starting a blocking GC Explicit
08-05 16:13:18.819 17259 17272 I art     : Explicit concurrent mark sweep GC freed 3(96B) AllocSpace objects, 0(0B) LOS objects, 23% free, 53MB/69MB, paused 615us total 31.336ms
08-05 16:13:18.831 17259 17272 I art     : Starting a blocking GC Explicit
08-05 16:13:18.864 17259 17272 I art     : Explicit concurrent mark sweep GC freed 3(96B) AllocSpace objects, 0(0B) LOS objects, 23% free, 53MB/69MB, paused 635us total 32.715ms
08-05 16:13:18.876 17259 17272 I art     : Starting a blocking GC Explicit
08-05 16:13:18.907 17259 17272 I art     : Explicit concurrent mark sweep GC freed 3(96B) AllocSpace objects, 0(0B) LOS objects, 23% free, 53MB/69MB, paused 678us total 30.971ms
08-05 16:13:19.227 17259 18347 I art     : Starting a blocking GC Explicit
08-05 16:13:19.265 17259 18347 I art     : Explicit concurrent mark sweep GC freed 1344(78KB) AllocSpace objects, 1(20KB) LOS objects, 23% free, 53MB/69MB, paused 699us total 38.141ms
08-05 16:13:19.279 17259 18347 I art     : Starting a blocking GC Explicit
08-05 16:13:19.309 17259 18347 I art     : Explicit concurrent mark sweep GC freed 20(704B) AllocSpace objects, 0(0B) LOS objects, 23% free, 53MB/69MB, paused 621us total 29.581ms
08-05 16:13:19.321 17259 18347 I art     : Starting a blocking GC Explicit
08-05 16:13:19.354 17259 18347 I art     : Explicit concurrent mark sweep GC freed 3(96B) AllocSpace objects, 0(0B) LOS objects, 23% free, 53MB/69MB, paused 627us total 32.540ms
08-05 16:13:19.365 17259 18347 I art     : Starting a blocking GC Explicit
08-05 16:13:19.397 17259 18347 I art     : Explicit concurrent mark sweep GC freed 3(96B) AllocSpace objects, 0(0B) LOS objects, 23% free, 53MB/69MB, paused 646us total 30.978ms
08-05 16:13:19.409 17259 18347 I art     : Starting a blocking GC Explicit
08-05 16:13:19.442 17259 18347 I art     : Explicit concurrent mark sweep GC freed 3(96B) AllocSpace objects, 0(0B) LOS objects, 23% free, 53MB/69MB, paused 633us total 32.601ms
08-05 16:13:19.765 17259 17294 I art     : Starting a blocking GC Explicit
08-05 16:13:19.806 17259 17294 I art     : Explicit concurrent mark sweep GC freed 1344(78KB) AllocSpace objects, 1(20KB) LOS objects, 23% free, 53MB/69MB, paused 695us total 39.926ms
08-05 16:13:19.822 17259 17294 I art     : Starting a blocking GC Explicit
08-05 16:13:19.826   518   646 I ThermalEngine: ACTION: GPU - Setting GPU[0] to 510000000
08-05 16:13:19.853 17259 17294 I art     : Explicit concurrent mark sweep GC freed 20(704B) AllocSpace objects, 0(0B) LOS objects, 23% free, 53MB/69MB, paused 642us total 30.973ms
08-05 16:13:19.865 17259 17294 I art     : Starting a blocking GC Explicit
08-05 16:13:19.890 17259 17294 I art     : Explicit concurrent mark sweep GC freed 3(96B) AllocSpace objects, 0(0B) LOS objects, 23% free, 53MB/69MB, paused 447us total 25.142ms
08-05 16:13:19.899 17259 17294 I art     : Starting a blocking GC Explicit
08-05 16:13:19.922 17259 17294 I art     : Explicit concurrent mark sweep GC freed 3(96B) AllocSpace objects, 0(0B) LOS objects, 23% free, 53MB/69MB, paused 459us total 22.398ms
08-05 16:13:19.931 17259 17294 I art     : Starting a blocking GC Explicit
08-05 16:13:19.954 17259 17294 I art     : Explicit concurrent mark sweep GC freed 3(96B) AllocSpace objects, 0(0B) LOS objects, 23% free, 53MB/69MB, paused 444us total 22.654ms
08-05 16:13:20.244 17259 17271 I art     : Starting a blocking GC Explicit
08-05 16:13:20.270 17259 17271 I art     : Explicit concurrent mark sweep GC freed 1344(78KB) AllocSpace objects, 1(20KB) LOS objects, 23% free, 53MB/69MB, paused 507us total 26.448ms
08-05 16:13:20.284 17259 17271 I art     : Starting a blocking GC Explicit
08-05 16:13:20.307 17259 17271 I art     : Explicit concurrent mark sweep GC freed 20(704B) AllocSpace objects, 0(0B) LOS objects, 23% free, 53MB/69MB, paused 565us total 22.474ms
08-05 16:13:20.316 17259 17271 I art     : Starting a blocking GC Explicit
08-05 16:13:20.338 17259 17271 I art     : Explicit concurrent mark sweep GC freed 3(96B) AllocSpace objects, 0(0B) LOS objects, 23% free, 53MB/69MB, paused 463us total 21.697ms
08-05 16:13:20.347 17259 17271 I art     : Starting a blocking GC Explicit
08-05 16:13:20.353 20117 20117 D AndroidRuntime: >>>>>> START com.android.internal.os.RuntimeInit uid 2000 <<<<<<
08-05 16:13:20.357 20117 20117 D AndroidRuntime: CheckJNI is OFF
08-05 16:13:20.369 17259 17271 I art     : Explicit concurrent mark sweep GC freed 3(96B) AllocSpace objects, 0(0B) LOS objects, 23% free, 53MB/69MB, paused 513us total 22.261ms
08-05 16:13:20.378 17259 17271 I art     : Starting a blocking GC Explicit
08-05 16:13:20.393 20117 20117 D ICU     : No timezone override file found: /data/misc/zoneinfo/current/icu/icu_tzdata.dat
08-05 16:13:20.400 17259 17271 I art     : Explicit concurrent mark sweep GC freed 3(96B) AllocSpace objects, 0(0B) LOS objects, 23% free, 53MB/69MB, paused 466us total 22.036ms
08-05 16:13:20.429 20117 20117 I Radio-JNI: register_android_hardware_Radio DONE
08-05 16:13:20.450 20117 20117 D AndroidRuntime: Calling main entry com.android.commands.input.Input
08-05 16:13:20.451 20117 20117 I Input   : injectKeyEvent: KeyEvent { action=ACTION_DOWN, keyCode=KEYCODE_BACK, scanCode=0, metaState=0, flags=0x0, repeatCount=0, eventTime=807216864, downTime=807216864, deviceId=-1, source=0x101 }
08-05 16:13:20.457 20117 20117 I Input   : injectKeyEvent: KeyEvent { action=ACTION_UP, keyCode=KEYCODE_BACK, scanCode=0, metaState=0, flags=0x0, repeatCount=0, eventTime=807216864, downTime=807216864, deviceId=-1, source=0x101 }
08-05 16:13:20.462 20117 20117 D AndroidRuntime: Shutting down VM
08-05 16:13:20.503 13866 13866 I GoogleInputMethodServic: GoogleInputMethodService.onFinishInput():3138 
08-05 16:13:20.503 13866 13866 I GoogleInputMethodServic: GoogleInputMethodService.onStartInput():1808 
08-05 16:13:20.647 17259 17529 I art     : Starting a blocking GC Explicit
08-05 16:13:20.670 17259 17529 I art     : Explicit concurrent mark sweep GC freed 1481(84KB) AllocSpace objects, 1(20KB) LOS objects, 23% free, 53MB/69MB, paused 441us total 22.829ms
08-05 16:13:20.678 17259 17529 I art     : Starting a blocking GC Explicit
08-05 16:13:20.699 17259 17529 I art     : Explicit concurrent mark sweep GC freed 26(944B) AllocSpace objects, 0(0B) LOS objects, 23% free, 53MB/69MB, paused 446us total 20.565ms
08-05 16:13:20.708 17259 17529 I art     : Starting a blocking GC Explicit
08-05 16:13:20.728 17259 17529 I art     : Explicit concurrent mark sweep GC freed 3(96B) AllocSpace objects, 0(0B) LOS objects, 23% free, 53MB/69MB, paused 407us total 20.129ms
08-05 16:13:20.737 17259 17529 I art     : Starting a blocking GC Explicit
08-05 16:13:20.757 17259 17529 I art     : Explicit concurrent mark sweep GC freed 3(96B) AllocSpace objects, 0(0B) LOS objects, 23% free, 53MB/69MB, paused 434us total 20.214ms
08-05 16:13:20.766 17259 17529 I art     : Starting a blocking GC Explicit
08-05 16:13:20.786 17259 17529 I art     : Explicit concurrent mark sweep GC freed 3(96B) AllocSpace objects, 0(0B) LOS objects, 23% free, 53MB/69MB, paused 433us total 20.178ms
08-05 16:13:20.803   380   380 W SurfaceFlinger: couldn't log to binary event log: overflow.
08-05 16:13:21.078 17259 18347 I art     : Starting a blocking GC Explicit
08-05 16:13:21.106 17259 18347 I art     : Explicit concurrent mark sweep GC freed 1463(87KB) AllocSpace objects, 1(20KB) LOS objects, 23% free, 53MB/69MB, paused 478us total 27.020ms
08-05 16:13:21.106 17259 17270 I art     : WaitForGcToComplete blocked for 7.909ms for cause HeapTrim
08-05 16:13:21.115 17259 18347 I art     : Starting a blocking GC Explicit
08-05 16:13:21.138 17259 18347 I art     : Explicit concurrent mark sweep GC freed 4698(269KB) AllocSpace objects, 2(140KB) LOS objects, 23% free, 52MB/68MB, paused 493us total 22.850ms
08-05 16:13:21.147 17259 18347 I art     : Starting a blocking GC Explicit
08-05 16:13:21.169 17259 18347 I art     : Explicit concurrent mark sweep GC freed 3(96B) AllocSpace objects, 0(0B) LOS objects, 23% free, 52MB/68MB, paused 463us total 21.706ms
08-05 16:13:21.177 17259 18347 I art     : Starting a blocking GC Explicit
08-05 16:13:21.199 17259 18347 I art     : Explicit concurrent mark sweep GC freed 3(96B) AllocSpace objects, 0(0B) LOS objects, 23% free, 52MB/68MB, paused 436us total 21.480ms
08-05 16:13:21.208 17259 18347 I art     : Starting a blocking GC Explicit
08-05 16:13:21.230 17259 18347 I art     : Explicit concurrent mark sweep GC freed 3(96B) AllocSpace objects, 0(0B) LOS objects, 23% free, 52MB/68MB, paused 463us total 21.841ms
08-05 16:13:21.518 17259 17294 I art     : Starting a blocking GC Explicit
08-05 16:13:21.546 17259 17294 I art     : Explicit concurrent mark sweep GC freed 1344(78KB) AllocSpace objects, 1(20KB) LOS objects, 23% free, 52MB/68MB, paused 502us total 27.358ms
08-05 16:13:21.558 17259 17294 I art     : Starting a blocking GC Explicit
08-05 16:13:21.585 17259 17294 I art     : Explicit concurrent mark sweep GC freed 20(704B) AllocSpace objects, 0(0B) LOS objects, 23% free, 52MB/68MB, paused 496us total 26.613ms
08-05 16:13:21.595 17259 17294 I art     : Starting a blocking GC Explicit
08-05 16:13:21.618 17259 17294 I art     : Explicit concurrent mark sweep GC freed 3(96B) AllocSpace objects, 0(0B) LOS objects, 23% free, 52MB/68MB, paused 487us total 22.521ms
08-05 16:13:21.627 17259 17294 I art     : Starting a blocking GC Explicit
08-05 16:13:21.648 17259 17294 I art     : Explicit concurrent mark sweep GC freed 3(96B) AllocSpace objects, 0(0B) LOS objects, 23% free, 52MB/68MB, paused 448us total 21.500ms
08-05 16:13:21.657 17259 17294 I art     : Starting a blocking GC Explicit
08-05 16:13:21.679 17259 17294 I art     : Explicit concurrent mark sweep GC freed 3(96B) AllocSpace objects, 0(0B) LOS objects, 23% free, 52MB/68MB, paused 462us total 21.616ms
08-05 16:13:21.948 17259 17272 I art     : Starting a blocking GC Explicit
08-05 16:13:21.971 17259 17272 I art     : Explicit concurrent mark sweep GC freed 1343(78KB) AllocSpace objects, 1(20KB) LOS objects, 23% free, 52MB/68MB, paused 474us total 22.162ms
08-05 16:13:21.980 17259 17272 I art     : Starting a blocking GC Explicit
08-05 16:13:22.001 17259 17272 I art     : Explicit concurrent mark sweep GC freed 20(704B) AllocSpace objects, 0(0B) LOS objects, 23% free, 52MB/68MB, paused 473us total 21.392ms
08-05 16:13:22.010 17259 17272 I art     : Starting a blocking GC Explicit
08-05 16:13:22.032 17259 17272 I art     : Explicit concurrent mark sweep GC freed 3(96B) AllocSpace objects, 0(0B) LOS objects, 23% free, 52MB/68MB, paused 470us total 21.422ms
08-05 16:13:22.040 17259 17272 I art     : Starting a blocking GC Explicit
08-05 16:13:22.061 17259 17272 I art     : Explicit concurrent mark sweep GC freed 3(96B) AllocSpace objects, 0(0B) LOS objects, 23% free, 52MB/68MB, paused 484us total 20.954ms
08-05 16:13:22.070 17259 17272 I art     : Starting a blocking GC Explicit
08-05 16:13:22.095 17259 17272 I art     : Explicit concurrent mark sweep GC freed 4(128B) AllocSpace objects, 0(0B) LOS objects, 23% free, 52MB/68MB, paused 465us total 24.959ms
08-05 16:13:22.126 20170 20170 D AndroidRuntime: >>>>>> START com.android.internal.os.RuntimeInit uid 2000 <<<<<<
08-05 16:13:22.132 20170 20170 D AndroidRuntime: CheckJNI is OFF
08-05 16:13:22.162 20170 20170 D ICU     : No timezone override file found: /data/misc/zoneinfo/current/icu/icu_tzdata.dat
08-05 16:13:22.193 20170 20170 I Radio-JNI: register_android_hardware_Radio DONE
08-05 16:13:22.216 20170 20170 D AndroidRuntime: Calling main entry com.android.commands.input.Input
08-05 16:13:22.217 20170 20170 I Input   : injectKeyEvent: KeyEvent { action=ACTION_DOWN, keyCode=KEYCODE_BACK, scanCode=0, metaState=0, flags=0x0, repeatCount=0, eventTime=807218631, downTime=807218631, deviceId=-1, source=0x101 }
08-05 16:13:22.225 20170 20170 I Input   : injectKeyEvent: KeyEvent { action=ACTION_UP, keyCode=KEYCODE_BACK, scanCode=0, metaState=0, flags=0x0, repeatCount=0, eventTime=807218631, downTime=807218631, deviceId=-1, source=0x101 }
08-05 16:13:22.234 20170 20170 D AndroidRuntime: Shutting down VM
08-05 16:13:22.318 13866 13866 I GoogleInputMethodServic: GoogleInputMethodService.onFinishInput():3138 
08-05 16:13:22.318 13866 13866 I GoogleInputMethodServic: GoogleInputMethodService.onStartInput():1808 
08-05 16:13:22.358 17259 17294 I art     : Starting a blocking GC Explicit
08-05 16:13:22.378 17259 17294 I art     : Explicit concurrent mark sweep GC freed 1561(87KB) AllocSpace objects, 1(20KB) LOS objects, 23% free, 52MB/68MB, paused 417us total 19.596ms
08-05 16:13:22.386 17259 17294 I art     : Starting a blocking GC Explicit
08-05 16:13:22.406 17259 17294 I art     : Explicit concurrent mark sweep GC freed 24(864B) AllocSpace objects, 0(0B) LOS objects, 23% free, 52MB/68MB, paused 410us total 19.569ms
08-05 16:13:22.415 17259 17294 I art     : Starting a blocking GC Explicit
08-05 16:13:22.435 17259 17294 I art     : Explicit concurrent mark sweep GC freed 3(96B) AllocSpace objects, 0(0B) LOS objects, 23% free, 52MB/68MB, paused 444us total 19.476ms
08-05 16:13:22.443 17259 17294 I art     : Starting a blocking GC Explicit
08-05 16:13:22.464 17259 17294 I art     : Explicit concurrent mark sweep GC freed 3(96B) AllocSpace objects, 0(0B) LOS objects, 23% free, 52MB/68MB, paused 411us total 20.588ms
08-05 16:13:22.473 17259 17294 I art     : Starting a blocking GC Explicit
08-05 16:13:22.498 17259 17294 I art     : Explicit concurrent mark sweep GC freed 3(96B) AllocSpace objects, 0(0B) LOS objects, 23% free, 52MB/68MB, paused 422us total 24.835ms
08-05 16:13:22.589   380   380 W SurfaceFlinger: couldn't log to binary event log: overflow.
08-05 16:13:22.750 17259 17272 I art     : Starting a blocking GC Explicit
08-05 16:13:22.774 17259 17272 I art     : Explicit concurrent mark sweep GC freed 1458(87KB) AllocSpace objects, 1(20KB) LOS objects, 23% free, 52MB/68MB, paused 475us total 23.293ms
08-05 16:13:22.782 17259 17272 I art     : Starting a blocking GC Explicit
08-05 16:13:22.804 17259 17272 I art     : Explicit concurrent mark sweep GC freed 2078(121KB) AllocSpace objects, 2(180KB) LOS objects, 23% free, 52MB/68MB, paused 519us total 20.907ms
08-05 16:13:22.812 17259 17272 I art     : Starting a blocking GC Explicit
08-05 16:13:22.833 17259 17272 I art     : Explicit concurrent mark sweep GC freed 3(96B) AllocSpace objects, 0(0B) LOS objects, 23% free, 52MB/68MB, paused 473us total 20.671ms
08-05 16:13:22.842 17259 17272 I art     : Starting a blocking GC Explicit
08-05 16:13:22.863 17259 17272 I art     : Explicit concurrent mark sweep GC freed 3(96B) AllocSpace objects, 0(0B) LOS objects, 23% free, 52MB/68MB, paused 466us total 21.020ms
08-05 16:13:22.872 17259 17272 I art     : Starting a blocking GC Explicit
08-05 16:13:22.893 17259 17272 I art     : Explicit concurrent mark sweep GC freed 3(96B) AllocSpace objects, 0(0B) LOS objects, 23% free, 52MB/68MB, paused 468us total 21.294ms
08-05 16:13:23.187 17259 17529 I art     : Starting a blocking GC Explicit
08-05 16:13:23.214 17259 17529 I art     : Explicit concurrent mark sweep GC freed 1343(78KB) AllocSpace objects, 1(20KB) LOS objects, 23% free, 52MB/68MB, paused 527us total 26.982ms
08-05 16:13:23.227 17259 17529 I art     : Starting a blocking GC Explicit
08-05 16:13:23.247 17259 17529 I art     : Explicit concurrent mark sweep GC freed 20(704B) AllocSpace objects, 0(0B) LOS objects, 23% free, 52MB/68MB, paused 454us total 20.547ms
08-05 16:13:23.257 17259 17529 I art     : Starting a blocking GC Explicit
08-05 16:13:23.278 17259 17529 I art     : Explicit concurrent mark sweep GC freed 24(1104B) AllocSpace objects, 0(0B) LOS objects, 23% free, 52MB/68MB, paused 475us total 21.184ms
08-05 16:13:23.287 17259 17529 I art     : Starting a blocking GC Explicit
08-05 16:13:23.307 17259 17529 I art     : Explicit concurrent mark sweep GC freed 19(608B) AllocSpace objects, 0(0B) LOS objects, 23% free, 52MB/68MB, paused 475us total 20.588ms
08-05 16:13:23.316 17259 17529 I art     : Starting a blocking GC Explicit
08-05 16:13:23.337 17259 17529 I art     : Explicit concurrent mark sweep GC freed 3(96B) AllocSpace objects, 0(0B) LOS objects, 23% free, 52MB/68MB, paused 521us total 20.703ms
08-05 16:13:23.598 17259 17271 I art     : Starting a blocking GC Explicit
08-05 16:13:23.619 17259 17271 I art     : Explicit concurrent mark sweep GC freed 1341(78KB) AllocSpace objects, 1(20KB) LOS objects, 23% free, 52MB/68MB, paused 469us total 21.151ms
08-05 16:13:23.628 17259 17271 I art     : Starting a blocking GC Explicit
08-05 16:13:23.649 17259 17271 I art     : Explicit concurrent mark sweep GC freed 20(704B) AllocSpace objects, 0(0B) LOS objects, 23% free, 52MB/68MB, paused 462us total 20.646ms
08-05 16:13:23.657 17259 17271 I art     : Starting a blocking GC Explicit
08-05 16:13:23.678 17259 17271 I art     : Explicit concurrent mark sweep GC freed 3(96B) AllocSpace objects, 0(0B) LOS objects, 23% free, 52MB/68MB, paused 474us total 20.363ms
08-05 16:13:23.686 17259 17271 I art     : Starting a blocking GC Explicit
08-05 16:13:23.707 17259 17271 I art     : Explicit concurrent mark sweep GC freed 3(96B) AllocSpace objects, 0(0B) LOS objects, 23% free, 52MB/68MB, paused 572us total 20.490ms
08-05 16:13:23.716 17259 17271 I art     : Starting a blocking GC Explicit
08-05 16:13:23.736 17259 17271 I art     : Explicit concurrent mark sweep GC freed 3(96B) AllocSpace objects, 0(0B) LOS objects, 23% free, 52MB/68MB, paused 471us total 19.787ms
08-05 16:13:23.832   518   646 I ThermalEngine: ACTION: GPU - Setting GPU[0] to 450000000
08-05 16:13:23.937 20225 20225 D AndroidRuntime: >>>>>> START com.android.internal.os.RuntimeInit uid 2000 <<<<<<
08-05 16:13:23.942 20225 20225 D AndroidRuntime: CheckJNI is OFF
08-05 16:13:23.986 20225 20225 D ICU     : No timezone override file found: /data/misc/zoneinfo/current/icu/icu_tzdata.dat
08-05 16:13:24.023 17259 18347 I art     : Starting a blocking GC Explicit
08-05 16:13:24.028 20225 20225 I Radio-JNI: register_android_hardware_Radio DONE
08-05 16:13:24.050 17259 18347 I art     : Explicit concurrent mark sweep GC freed 1341(78KB) AllocSpace objects, 1(20KB) LOS objects, 23% free, 52MB/68MB, paused 620us total 26.961ms
08-05 16:13:24.059 20225 20225 D AndroidRuntime: Calling main entry com.android.commands.input.Input
08-05 16:13:24.061 20225 20225 I Input   : injectMotionEvent: MotionEvent { action=ACTION_DOWN, actionButton=0, id[0]=0, x[0]=1084.0, y[0]=2213.0, toolType[0]=TOOL_TYPE_UNKNOWN, buttonState=0, metaState=0, flags=0x0, edgeFlags=0x0, pointerCount=1, historySize=0, eventTime=807220473, downTime=807220473, deviceId=0, source=0x1002 }
08-05 16:13:24.061 17259 18347 I art     : Starting a blocking GC Explicit
08-05 16:13:24.068 20225 20225 I Input   : injectMotionEvent: MotionEvent { action=ACTION_UP, actionButton=0, id[0]=0, x[0]=1084.0, y[0]=2213.0, toolType[0]=TOOL_TYPE_UNKNOWN, buttonState=0, metaState=0, flags=0x0, edgeFlags=0x0, pointerCount=1, historySize=0, eventTime=807220473, downTime=807220473, deviceId=0, source=0x1002 }
08-05 16:13:24.070   918  3961 I ActivityManager: START u0 {cmp=baseline.appteam.nith.hillffair/.activities.EventActivity} from uid 10675 on display 0
08-05 16:13:24.078 20225 20225 D AndroidRuntime: Shutting down VM
08-05 16:13:24.087 17259 18347 I art     : Explicit concurrent mark sweep GC freed 41(5KB) AllocSpace objects, 0(0B) LOS objects, 23% free, 52MB/68MB, paused 1.019ms total 25.707ms
08-05 16:13:24.098 17259 18347 I art     : Starting a blocking GC Explicit
08-05 16:13:24.124 17259 18347 I art     : Explicit concurrent mark sweep GC freed 4581(262KB) AllocSpace objects, 0(0B) LOS objects, 23% free, 52MB/68MB, paused 715us total 25.416ms
08-05 16:13:24.136 17259 18347 I art     : Starting a blocking GC Explicit
08-05 16:13:24.159 17259 18347 I art     : Explicit concurrent mark sweep GC freed 250(23KB) AllocSpace objects, 0(0B) LOS objects, 23% free, 52MB/68MB, paused 688us total 23.479ms
08-05 16:13:24.164 13866 13866 I GoogleInputMethodServic: GoogleInputMethodService.onFinishInput():3138 
08-05 16:13:24.165 13866 13866 I GoogleInputMethodServic: GoogleInputMethodService.onStartInput():1808 
08-05 16:13:24.170 17259 18347 I art     : Starting a blocking GC Explicit
08-05 16:13:24.191   918   936 I ActivityManager: Displayed baseline.appteam.nith.hillffair/.activities.EventActivity: +112ms
08-05 16:13:24.196 17259 18347 I art     : Explicit concurrent mark sweep GC freed 213(10KB) AllocSpace objects, 0(0B) LOS objects, 23% free, 52MB/68MB, paused 939us total 25.794ms
08-05 16:13:24.454   380   380 W SurfaceFlinger: couldn't log to binary event log: overflow.
08-05 16:13:24.507 17259 17529 I art     : Starting a blocking GC Explicit
08-05 16:13:24.532 17259 17529 I art     : Explicit concurrent mark sweep GC freed 1366(79KB) AllocSpace objects, 1(20KB) LOS objects, 23% free, 52MB/68MB, paused 598us total 24.054ms
08-05 16:13:24.542 17259 17529 I art     : Starting a blocking GC Explicit
08-05 16:13:24.569 17259 17529 I art     : Explicit concurrent mark sweep GC freed 86(5KB) AllocSpace objects, 0(0B) LOS objects, 23% free, 52MB/68MB, paused 767us total 27.185ms
08-05 16:13:24.581 17259 17529 I art     : Starting a blocking GC Explicit
08-05 16:13:24.606 17259 17529 I art     : Explicit concurrent mark sweep GC freed 20(752B) AllocSpace objects, 0(0B) LOS objects, 23% free, 52MB/68MB, paused 661us total 24.671ms
08-05 16:13:24.617 17259 17529 I art     : Starting a blocking GC Explicit
08-05 16:13:24.643 17259 17529 I art     : Explicit concurrent mark sweep GC freed 15(560B) AllocSpace objects, 0(0B) LOS objects, 23% free, 52MB/68MB, paused 808us total 25.611ms
08-05 16:13:24.653 17259 17529 I art     : Starting a blocking GC Explicit
08-05 16:13:24.679 17259 17529 I art     : Explicit concurrent mark sweep GC freed 14(528B) AllocSpace objects, 0(0B) LOS objects, 23% free, 52MB/68MB, paused 652us total 25.866ms
08-05 16:13:24.924 17259 20258 D OkHttp  : --> GET https://api-hillfair-2k16.herokuapp.com/api/app/club http/1.1
08-05 16:13:24.965 17259 20258 D OkHttp  : <-- 200 OK https://api-hillfair-2k16.herokuapp.com/api/app/club (40ms, 1870-byte body)
08-05 16:13:24.974 17259 17529 I art     : Starting a blocking GC Explicit
08-05 16:13:24.977 17259 17259 I NAPPA_EXPERIMENTATION: MetricNetworkRequestExecutionTime: REQUEST_DURATION_SYSTEM='866',REQUEST_DURATION_OKHTTP='40',REQUEST_SYNCHRONOUS='FALSE',RESPONSE_CODE='200',RESPONSE_METHOD='GET',RESPONSE_LENGTH_OKHTTP='1870',RESPONSE_LENGTH_HEADER='1870',REQUEST_PROTOCOL='http/1.1',REQUEST_URL='https://api-hillfair-2k16.herokuapp.com/api/app/club',
08-05 16:13:25.003 17259 17529 I art     : Explicit concurrent mark sweep GC freed 4859(314KB) AllocSpace objects, 4(220KB) LOS objects, 23% free, 52MB/68MB, paused 1.007ms total 29.436ms
08-05 16:13:25.015 17259 17529 I art     : Starting a blocking GC Explicit
08-05 16:13:25.043 17259 17529 I art     : Explicit concurrent mark sweep GC freed 1590(140KB) AllocSpace objects, 0(0B) LOS objects, 23% free, 52MB/68MB, paused 993us total 27.969ms
08-05 16:13:25.054 17259 17529 I art     : Starting a blocking GC Explicit
08-05 16:13:25.082 17259 17529 I art     : Explicit concurrent mark sweep GC freed 806(35KB) AllocSpace objects, 0(0B) LOS objects, 23% free, 52MB/68MB, paused 1.030ms total 27.632ms
08-05 16:13:25.093 17259 17529 I art     : Starting a blocking GC Explicit
08-05 16:13:25.122 17259 17529 I art     : Explicit concurrent mark sweep GC freed 105(3KB) AllocSpace objects, 0(0B) LOS objects, 23% free, 52MB/68MB, paused 1.055ms total 28.712ms
08-05 16:13:25.133 17259 17529 I art     : Starting a blocking GC Explicit
08-05 16:13:25.163 17259 17529 I art     : Explicit concurrent mark sweep GC freed 259(53KB) AllocSpace objects, 0(0B) LOS objects, 23% free, 52MB/68MB, paused 1.283ms total 29.812ms
08-05 16:13:25.465 17259 17529 I art     : Starting a blocking GC Explicit
08-05 16:13:25.503 17259 17529 I art     : Explicit concurrent mark sweep GC freed 2086(231KB) AllocSpace objects, 1(20KB) LOS objects, 23% free, 53MB/69MB, paused 828us total 36.949ms
08-05 16:13:25.517 17259 17529 I art     : Starting a blocking GC Explicit
08-05 16:13:25.547 17259 17529 I art     : Explicit concurrent mark sweep GC freed 53(1760B) AllocSpace objects, 0(0B) LOS objects, 23% free, 53MB/69MB, paused 784us total 29.646ms
08-05 16:13:25.558 17259 17529 I art     : Starting a blocking GC Explicit
08-05 16:13:25.588 17259 17529 I art     : Explicit concurrent mark sweep GC freed 3(96B) AllocSpace objects, 0(0B) LOS objects, 23% free, 53MB/69MB, paused 841us total 29.837ms
08-05 16:13:25.600 17259 17529 I art     : Starting a blocking GC Explicit
08-05 16:13:25.630 17259 17529 I art     : Explicit concurrent mark sweep GC freed 7324(289KB) AllocSpace objects, 0(0B) LOS objects, 23% free, 53MB/69MB, paused 1.099ms total 29.612ms
08-05 16:13:25.641 17259 17529 I art     : Starting a blocking GC Explicit
08-05 16:13:25.668 17259 17529 I art     : Explicit concurrent mark sweep GC freed 279(9KB) AllocSpace objects, 0(0B) LOS objects, 23% free, 53MB/69MB, paused 811us total 27.017ms
08-05 16:13:25.962 17259 17529 I art     : Starting a blocking GC Explicit
08-05 16:13:25.998 17259 17529 I art     : Explicit concurrent mark sweep GC freed 2055(257KB) AllocSpace objects, 1(20KB) LOS objects, 23% free, 53MB/69MB, paused 801us total 35.610ms
08-05 16:13:26.011 17259 17529 I art     : Starting a blocking GC Explicit
08-05 16:13:26.041 17259 17529 I art     : Explicit concurrent mark sweep GC freed 64(2112B) AllocSpace objects, 0(0B) LOS objects, 23% free, 53MB/69MB, paused 681us total 29.543ms
08-05 16:13:26.052 17259 17529 I art     : Starting a blocking GC Explicit
08-05 16:13:26.082 17259 17529 I art     : Explicit concurrent mark sweep GC freed 3(96B) AllocSpace objects, 0(0B) LOS objects, 23% free, 53MB/69MB, paused 689us total 29.860ms
08-05 16:13:26.094 17259 17529 I art     : Starting a blocking GC Explicit
08-05 16:13:26.126 17259 17529 I art     : Explicit concurrent mark sweep GC freed 3(96B) AllocSpace objects, 0(0B) LOS objects, 23% free, 53MB/69MB, paused 706us total 31.249ms
08-05 16:13:26.137 17259 17529 I art     : Starting a blocking GC Explicit
08-05 16:13:26.170 17259 17529 I art     : Explicit concurrent mark sweep GC freed 3(96B) AllocSpace objects, 0(0B) LOS objects, 23% free, 53MB/69MB, paused 696us total 31.808ms
08-05 16:13:26.170 17259 17270 I art     : WaitForGcToComplete blocked for 31.313ms for cause HeapTrim
08-05 16:13:26.511 17259 17294 I art     : Starting a blocking GC Explicit
08-05 16:13:26.550 17259 17294 I art     : Explicit concurrent mark sweep GC freed 1344(78KB) AllocSpace objects, 1(20KB) LOS objects, 23% free, 53MB/69MB, paused 715us total 38.653ms
08-05 16:13:26.564 17259 17294 I art     : Starting a blocking GC Explicit
08-05 16:13:26.595 17259 17294 I art     : Explicit concurrent mark sweep GC freed 20(704B) AllocSpace objects, 0(0B) LOS objects, 23% free, 53MB/69MB, paused 686us total 30.662ms
08-05 16:13:26.607 17259 17294 I art     : Starting a blocking GC Explicit
08-05 16:13:26.639 17259 17294 I art     : Explicit concurrent mark sweep GC freed 3(96B) AllocSpace objects, 0(0B) LOS objects, 23% free, 53MB/69MB, paused 716us total 31.789ms
08-05 16:13:26.651 17259 17294 I art     : Starting a blocking GC Explicit
08-05 16:13:26.683 17259 17294 I art     : Explicit concurrent mark sweep GC freed 3(96B) AllocSpace objects, 0(0B) LOS objects, 23% free, 53MB/69MB, paused 707us total 32.091ms
08-05 16:13:26.695 17259 17294 I art     : Starting a blocking GC Explicit
08-05 16:13:26.726 17259 17294 I art     : Explicit concurrent mark sweep GC freed 3(96B) AllocSpace objects, 0(0B) LOS objects, 23% free, 53MB/69MB, paused 717us total 30.775ms
08-05 16:13:27.087 17259 18347 I art     : Starting a blocking GC Explicit
08-05 16:13:27.130 17259 18347 I art     : Explicit concurrent mark sweep GC freed 1344(78KB) AllocSpace objects, 1(20KB) LOS objects, 23% free, 53MB/69MB, paused 736us total 42.452ms
08-05 16:13:27.145 17259 18347 I art     : Starting a blocking GC Explicit
08-05 16:13:27.177 17259 18347 I art     : Explicit concurrent mark sweep GC freed 20(704B) AllocSpace objects, 0(0B) LOS objects, 23% free, 53MB/69MB, paused 679us total 31.879ms
08-05 16:13:27.188 17259 18347 I art     : Starting a blocking GC Explicit
08-05 16:13:27.218 17259 18347 I art     : Explicit concurrent mark sweep GC freed 3(96B) AllocSpace objects, 0(0B) LOS objects, 23% free, 53MB/69MB, paused 685us total 29.789ms
08-05 16:13:27.230 17259 18347 I art     : Starting a blocking GC Explicit
08-05 16:13:27.260 17259 18347 I art     : Explicit concurrent mark sweep GC freed 3(96B) AllocSpace objects, 0(0B) LOS objects, 23% free, 53MB/69MB, paused 687us total 29.997ms
08-05 16:13:27.272 17259 18347 I art     : Starting a blocking GC Explicit
08-05 16:13:27.287   918  3188 I hubconnection: sensorhub said: 'set_bias 3: -6.1344, 0.0000, 0.0000'
08-05 16:13:27.303 17259 18347 I art     : Explicit concurrent mark sweep GC freed 3(96B) AllocSpace objects, 0(0B) LOS objects, 23% free, 53MB/69MB, paused 700us total 30.968ms
08-05 16:13:27.635 17259 17271 I art     : Starting a blocking GC Explicit
08-05 16:13:27.676 17259 17271 I art     : Explicit concurrent mark sweep GC freed 1365(79KB) AllocSpace objects, 1(20KB) LOS objects, 23% free, 53MB/69MB, paused 712us total 40.118ms
08-05 16:13:27.693 17259 17271 I art     : Starting a blocking GC Explicit
08-05 16:13:27.723 17259 17271 I art     : Explicit concurrent mark sweep GC freed 36(1216B) AllocSpace objects, 0(0B) LOS objects, 23% free, 53MB/69MB, paused 630us total 30.436ms
08-05 16:13:27.735 17259 17271 I art     : Starting a blocking GC Explicit
08-05 16:13:27.767 17259 17271 I art     : Explicit concurrent mark sweep GC freed 3(96B) AllocSpace objects, 0(0B) LOS objects, 23% free, 53MB/69MB, paused 679us total 31.449ms
08-05 16:13:27.778 17259 17271 I art     : Starting a blocking GC Explicit
08-05 16:13:27.810 17259 17271 I art     : Explicit concurrent mark sweep GC freed 3(96B) AllocSpace objects, 0(0B) LOS objects, 23% free, 53MB/69MB, paused 673us total 31.875ms
08-05 16:13:27.822 17259 17271 I art     : Starting a blocking GC Explicit
08-05 16:13:27.853 17259 17271 I art     : Explicit concurrent mark sweep GC freed 3(96B) AllocSpace objects, 0(0B) LOS objects, 23% free, 53MB/69MB, paused 649us total 30.578ms
08-05 16:13:28.195 17259 17272 I art     : Starting a blocking GC Explicit
08-05 16:13:28.231 17259 17272 I art     : Explicit concurrent mark sweep GC freed 1344(78KB) AllocSpace objects, 1(20KB) LOS objects, 23% free, 53MB/69MB, paused 670us total 36.098ms
08-05 16:13:28.245 17259 17272 I art     : Starting a blocking GC Explicit
08-05 16:13:28.278 17259 17272 I art     : Explicit concurrent mark sweep GC freed 20(704B) AllocSpace objects, 0(0B) LOS objects, 23% free, 53MB/69MB, paused 735us total 32.350ms
08-05 16:13:28.289 17259 17272 I art     : Starting a blocking GC Explicit
08-05 16:13:28.322 17259 17272 I art     : Explicit concurrent mark sweep GC freed 3(96B) AllocSpace objects, 0(0B) LOS objects, 23% free, 53MB/69MB, paused 688us total 31.938ms
08-05 16:13:28.333 17259 17272 I art     : Starting a blocking GC Explicit
08-05 16:13:28.363 17259 17272 I art     : Explicit concurrent mark sweep GC freed 3(96B) AllocSpace objects, 0(0B) LOS objects, 23% free, 53MB/69MB, paused 687us total 29.888ms
08-05 16:13:28.375 17259 17272 I art     : Starting a blocking GC Explicit
08-05 16:13:28.407 17259 17272 I art     : Explicit concurrent mark sweep GC freed 3(96B) AllocSpace objects, 0(0B) LOS objects, 23% free, 53MB/69MB, paused 758us total 31.752ms
08-05 16:13:28.756 17259 17529 I art     : Starting a blocking GC Explicit
08-05 16:13:28.795 17259 17529 I art     : Explicit concurrent mark sweep GC freed 1344(78KB) AllocSpace objects, 1(20KB) LOS objects, 23% free, 53MB/69MB, paused 685us total 38.600ms
08-05 16:13:28.809 17259 17529 I art     : Starting a blocking GC Explicit
08-05 16:13:28.839 17259 17529 I art     : Explicit concurrent mark sweep GC freed 20(704B) AllocSpace objects, 0(0B) LOS objects, 23% free, 53MB/69MB, paused 655us total 29.319ms
08-05 16:13:28.843   518   646 I ThermalEngine: ACTION: GPU - Setting GPU[0] to 510000000
08-05 16:13:28.850 17259 17529 I art     : Starting a blocking GC Explicit
08-05 16:13:28.881 17259 17529 I art     : Explicit concurrent mark sweep GC freed 3(96B) AllocSpace objects, 0(0B) LOS objects, 23% free, 53MB/69MB, paused 530us total 30.196ms
08-05 16:13:28.890 17259 17529 I art     : Starting a blocking GC Explicit
08-05 16:13:28.914 17259 17529 I art     : Explicit concurrent mark sweep GC freed 3(96B) AllocSpace objects, 0(0B) LOS objects, 23% free, 53MB/69MB, paused 495us total 23.768ms
08-05 16:13:28.923 17259 17529 I art     : Starting a blocking GC Explicit
08-05 16:13:28.946 17259 17529 I art     : Explicit concurrent mark sweep GC freed 3(96B) AllocSpace objects, 0(0B) LOS objects, 23% free, 53MB/69MB, paused 504us total 23.062ms
08-05 16:13:29.263 17259 17294 I art     : Starting a blocking GC Explicit
08-05 16:13:29.293 17259 17294 I art     : Explicit concurrent mark sweep GC freed 1344(78KB) AllocSpace objects, 1(20KB) LOS objects, 23% free, 53MB/69MB, paused 537us total 29.623ms
08-05 16:13:29.306 17259 17294 I art     : Starting a blocking GC Explicit
08-05 16:13:29.330 17259 17294 I art     : Explicit concurrent mark sweep GC freed 20(704B) AllocSpace objects, 0(0B) LOS objects, 23% free, 53MB/69MB, paused 483us total 23.403ms
08-05 16:13:29.338 17259 17294 I art     : Starting a blocking GC Explicit
08-05 16:13:29.362 17259 17294 I art     : Explicit concurrent mark sweep GC freed 3(96B) AllocSpace objects, 0(0B) LOS objects, 23% free, 53MB/69MB, paused 498us total 22.897ms
08-05 16:13:29.371 17259 17294 I art     : Starting a blocking GC Explicit
08-05 16:13:29.395 17259 17294 I art     : Explicit concurrent mark sweep GC freed 3(96B) AllocSpace objects, 0(0B) LOS objects, 23% free, 53MB/69MB, paused 494us total 23.969ms
08-05 16:13:29.404 17259 17294 I art     : Starting a blocking GC Explicit
08-05 16:13:29.427 17259 17294 I art     : Explicit concurrent mark sweep GC freed 3(96B) AllocSpace objects, 0(0B) LOS objects, 23% free, 53MB/69MB, paused 554us total 23.309ms
08-05 16:13:29.733 17259 18347 I art     : Starting a blocking GC Explicit
08-05 16:13:29.763 17259 18347 I art     : Explicit concurrent mark sweep GC freed 1344(78KB) AllocSpace objects, 1(20KB) LOS objects, 23% free, 53MB/69MB, paused 544us total 29.219ms
08-05 16:13:29.775 17259 18347 I art     : Starting a blocking GC Explicit
08-05 16:13:29.799 17259 18347 I art     : Explicit concurrent mark sweep GC freed 20(704B) AllocSpace objects, 0(0B) LOS objects, 23% free, 53MB/69MB, paused 505us total 23.839ms
08-05 16:13:29.809 17259 18347 I art     : Starting a blocking GC Explicit
08-05 16:13:29.832 17259 18347 I art     : Explicit concurrent mark sweep GC freed 3(96B) AllocSpace objects, 0(0B) LOS objects, 23% free, 53MB/69MB, paused 503us total 23ms
08-05 16:13:29.841 17259 18347 I art     : Starting a blocking GC Explicit
08-05 16:13:29.865 17259 18347 I art     : Explicit concurrent mark sweep GC freed 3(96B) AllocSpace objects, 0(0B) LOS objects, 23% free, 53MB/69MB, paused 508us total 23.644ms
08-05 16:13:29.874 17259 18347 I art     : Starting a blocking GC Explicit
08-05 16:13:29.898 17259 18347 I art     : Explicit concurrent mark sweep GC freed 3(96B) AllocSpace objects, 0(0B) LOS objects, 23% free, 53MB/69MB, paused 487us total 23.449ms
08-05 16:13:30.226 17259 17271 I art     : Starting a blocking GC Explicit
08-05 16:13:30.259 17259 17271 I art     : Explicit concurrent mark sweep GC freed 1344(78KB) AllocSpace objects, 1(20KB) LOS objects, 23% free, 53MB/69MB, paused 620us total 32.972ms
08-05 16:13:30.273 17259 17271 I art     : Starting a blocking GC Explicit
08-05 16:13:30.297 17259 17271 I art     : Explicit concurrent mark sweep GC freed 20(704B) AllocSpace objects, 0(0B) LOS objects, 23% free, 53MB/69MB, paused 550us total 23.674ms
08-05 16:13:30.306 17259 17271 I art     : Starting a blocking GC Explicit
08-05 16:13:30.330 17259 17271 I art     : Explicit concurrent mark sweep GC freed 3(96B) AllocSpace objects, 0(0B) LOS objects, 23% free, 53MB/69MB, paused 498us total 23.475ms
08-05 16:13:30.339 17259 17271 I art     : Starting a blocking GC Explicit
08-05 16:13:30.362 17259 17271 I art     : Explicit concurrent mark sweep GC freed 3(96B) AllocSpace objects, 0(0B) LOS objects, 23% free, 53MB/69MB, paused 493us total 23.469ms
08-05 16:13:30.372 17259 17271 I art     : Starting a blocking GC Explicit
08-05 16:13:30.395 17259 17271 I art     : Explicit concurrent mark sweep GC freed 3(96B) AllocSpace objects, 0(0B) LOS objects, 23% free, 53MB/69MB, paused 457us total 23.246ms
08-05 16:13:30.725 17259 17272 I art     : Starting a blocking GC Explicit
08-05 16:13:30.754 17259 17272 I art     : Explicit concurrent mark sweep GC freed 1344(78KB) AllocSpace objects, 1(20KB) LOS objects, 23% free, 53MB/69MB, paused 550us total 29.383ms
08-05 16:13:30.766 17259 17272 I art     : Starting a blocking GC Explicit
08-05 16:13:30.790 17259 17272 I art     : Explicit concurrent mark sweep GC freed 20(704B) AllocSpace objects, 0(0B) LOS objects, 23% free, 53MB/69MB, paused 485us total 22.945ms
08-05 16:13:30.798 17259 17272 I art     : Starting a blocking GC Explicit
08-05 16:13:30.821 17259 17272 I art     : Explicit concurrent mark sweep GC freed 3(96B) AllocSpace objects, 0(0B) LOS objects, 23% free, 53MB/69MB, paused 485us total 22.145ms
08-05 16:13:30.830 17259 17272 I art     : Starting a blocking GC Explicit
08-05 16:13:30.853 17259 17272 I art     : Explicit concurrent mark sweep GC freed 3(96B) AllocSpace objects, 0(0B) LOS objects, 23% free, 53MB/69MB, paused 499us total 23.387ms
08-05 16:13:30.862 17259 17272 I art     : Starting a blocking GC Explicit
08-05 16:13:30.886 17259 17272 I art     : Explicit concurrent mark sweep GC freed 3(96B) AllocSpace objects, 0(0B) LOS objects, 23% free, 53MB/69MB, paused 493us total 23.241ms
08-05 16:13:31.190 17259 17529 I art     : Starting a blocking GC Explicit
08-05 16:13:31.216 17259 17529 I art     : Explicit concurrent mark sweep GC freed 1344(78KB) AllocSpace objects, 1(20KB) LOS objects, 23% free, 53MB/69MB, paused 544us total 25.621ms
08-05 16:13:31.229 17259 17529 I art     : Starting a blocking GC Explicit
08-05 16:13:31.253 17259 17529 I art     : Explicit concurrent mark sweep GC freed 20(704B) AllocSpace objects, 0(0B) LOS objects, 23% free, 53MB/69MB, paused 499us total 24.073ms
08-05 16:13:31.262 17259 17529 I art     : Starting a blocking GC Explicit
08-05 16:13:31.286 17259 17529 I art     : Explicit concurrent mark sweep GC freed 3(96B) AllocSpace objects, 0(0B) LOS objects, 23% free, 53MB/69MB, paused 495us total 23.636ms
08-05 16:13:31.295 17259 17529 I art     : Starting a blocking GC Explicit
08-05 16:13:31.318 17259 17529 I art     : Explicit concurrent mark sweep GC freed 3(96B) AllocSpace objects, 0(0B) LOS objects, 23% free, 53MB/69MB, paused 487us total 22.572ms
08-05 16:13:31.327 17259 17529 I art     : Starting a blocking GC Explicit
08-05 16:13:31.350 17259 17529 I art     : Explicit concurrent mark sweep GC freed 3(96B) AllocSpace objects, 0(0B) LOS objects, 23% free, 53MB/69MB, paused 503us total 22.958ms
08-05 16:13:31.663 17259 17294 I art     : Starting a blocking GC Explicit
08-05 16:13:31.695 17259 17294 I art     : Explicit concurrent mark sweep GC freed 1344(78KB) AllocSpace objects, 1(20KB) LOS objects, 23% free, 53MB/69MB, paused 505us total 31.184ms
08-05 16:13:31.708 17259 17294 I art     : Starting a blocking GC Explicit
08-05 16:13:31.731 17259 17294 I art     : Explicit concurrent mark sweep GC freed 20(704B) AllocSpace objects, 0(0B) LOS objects, 23% free, 53MB/69MB, paused 494us total 23.067ms
08-05 16:13:31.740 17259 17294 I art     : Starting a blocking GC Explicit
08-05 16:13:31.763 17259 17294 I art     : Explicit concurrent mark sweep GC freed 3(96B) AllocSpace objects, 0(0B) LOS objects, 23% free, 53MB/69MB, paused 508us total 23.344ms
08-05 16:13:31.773 17259 17294 I art     : Starting a blocking GC Explicit
08-05 16:13:31.797 17259 17294 I art     : Explicit concurrent mark sweep GC freed 3(96B) AllocSpace objects, 0(0B) LOS objects, 23% free, 53MB/69MB, paused 568us total 23.946ms
08-05 16:13:31.806 17259 17294 I art     : Starting a blocking GC Explicit
08-05 16:13:31.829 17259 17294 I art     : Explicit concurrent mark sweep GC freed 3(96B) AllocSpace objects, 0(0B) LOS objects, 23% free, 53MB/69MB, paused 481us total 22.750ms
08-05 16:13:32.162 17259 18347 I art     : Starting a blocking GC Explicit
08-05 16:13:32.195 17259 18347 I art     : Explicit concurrent mark sweep GC freed 1344(78KB) AllocSpace objects, 1(20KB) LOS objects, 23% free, 53MB/69MB, paused 562us total 33.242ms
08-05 16:13:32.210 17259 18347 I art     : Starting a blocking GC Explicit
08-05 16:13:32.233 17259 18347 I art     : Explicit concurrent mark sweep GC freed 20(704B) AllocSpace objects, 0(0B) LOS objects, 23% free, 53MB/69MB, paused 492us total 22.682ms
08-05 16:13:32.242 17259 18347 I art     : Starting a blocking GC Explicit
08-05 16:13:32.265 17259 18347 I art     : Explicit concurrent mark sweep GC freed 3(96B) AllocSpace objects, 0(0B) LOS objects, 23% free, 53MB/69MB, paused 504us total 23.201ms
08-05 16:13:32.274 17259 18347 I art     : Starting a blocking GC Explicit
08-05 16:13:32.298 17259 18347 I art     : Explicit concurrent mark sweep GC freed 3(96B) AllocSpace objects, 0(0B) LOS objects, 23% free, 53MB/69MB, paused 510us total 23.690ms
08-05 16:13:32.307 17259 18347 I art     : Starting a blocking GC Explicit
08-05 16:13:32.329 17259 18347 I art     : Explicit concurrent mark sweep GC freed 3(96B) AllocSpace objects, 0(0B) LOS objects, 23% free, 53MB/69MB, paused 467us total 21.967ms
08-05 16:13:32.602 17259 17271 I art     : Starting a blocking GC Explicit
08-05 16:13:32.631 17259 17271 I art     : Explicit concurrent mark sweep GC freed 1344(78KB) AllocSpace objects, 1(20KB) LOS objects, 23% free, 53MB/69MB, paused 550us total 28.870ms
08-05 16:13:32.642 17259 17271 I art     : Starting a blocking GC Explicit
08-05 16:13:32.666 17259 17271 I art     : Explicit concurrent mark sweep GC freed 20(704B) AllocSpace objects, 0(0B) LOS objects, 23% free, 53MB/69MB, paused 496us total 23.059ms
08-05 16:13:32.675 17259 17271 I art     : Starting a blocking GC Explicit
08-05 16:13:32.697 17259 17271 I art     : Explicit concurrent mark sweep GC freed 3(96B) AllocSpace objects, 0(0B) LOS objects, 23% free, 53MB/69MB, paused 517us total 22.338ms
08-05 16:13:32.706 17259 17271 I art     : Starting a blocking GC Explicit
08-05 16:13:32.728 17259 17271 I art     : Explicit concurrent mark sweep GC freed 3(96B) AllocSpace objects, 0(0B) LOS objects, 23% free, 53MB/69MB, paused 508us total 21.710ms
08-05 16:13:32.736 17259 17271 I art     : Starting a blocking GC Explicit
08-05 16:13:32.758 17259 17271 I art     : Explicit concurrent mark sweep GC freed 3(96B) AllocSpace objects, 0(0B) LOS objects, 23% free, 53MB/69MB, paused 498us total 21.503ms
08-05 16:13:32.772 20428 20428 D AndroidRuntime: >>>>>> START com.android.internal.os.RuntimeInit uid 2000 <<<<<<
08-05 16:13:32.777 20428 20428 D AndroidRuntime: CheckJNI is OFF
08-05 16:13:32.809 20428 20428 D ICU     : No timezone override file found: /data/misc/zoneinfo/current/icu/icu_tzdata.dat
08-05 16:13:32.842 20428 20428 I Radio-JNI: register_android_hardware_Radio DONE
08-05 16:13:32.864 20428 20428 D AndroidRuntime: Calling main entry com.android.commands.input.Input
08-05 16:13:32.866 20428 20428 I Input   : injectMotionEvent: MotionEvent { action=ACTION_DOWN, actionButton=0, id[0]=0, x[0]=369.0, y[0]=554.0, toolType[0]=TOOL_TYPE_UNKNOWN, buttonState=0, metaState=0, flags=0x0, edgeFlags=0x0, pointerCount=1, historySize=0, eventTime=807229279, downTime=807229279, deviceId=0, source=0x1002 }
08-05 16:13:32.872 20428 20428 I Input   : injectMotionEvent: MotionEvent { action=ACTION_UP, actionButton=0, id[0]=0, x[0]=369.0, y[0]=554.0, toolType[0]=TOOL_TYPE_UNKNOWN, buttonState=0, metaState=0, flags=0x0, edgeFlags=0x0, pointerCount=1, historySize=0, eventTime=807229279, downTime=807229279, deviceId=0, source=0x1002 }
08-05 16:13:32.873   918  5481 I ActivityManager: START u0 {cmp=baseline.appteam.nith.hillffair/.activities.ClubActivity (has extras)} from uid 10675 on display 0
08-05 16:13:32.880 20428 20428 D AndroidRuntime: Shutting down VM
08-05 16:13:32.975   918   936 I ActivityManager: Displayed baseline.appteam.nith.hillffair/.activities.ClubActivity: +95ms
08-05 16:13:32.975 13866 13866 I GoogleInputMethodServic: GoogleInputMethodService.onFinishInput():3138 
08-05 16:13:32.977 13866 13866 I GoogleInputMethodServic: GoogleInputMethodService.onStartInput():1808 
08-05 16:13:33.010 17259 17272 I art     : Starting a blocking GC Explicit
08-05 16:13:33.031 17259 17272 I art     : Explicit concurrent mark sweep GC freed 5180(312KB) AllocSpace objects, 1(20KB) LOS objects, 23% free, 53MB/69MB, paused 538us total 21.247ms
08-05 16:13:33.040 17259 17272 I art     : Starting a blocking GC Explicit
08-05 16:13:33.062 17259 17272 I art     : Explicit concurrent mark sweep GC freed 220(10KB) AllocSpace objects, 0(0B) LOS objects, 23% free, 53MB/69MB, paused 508us total 22.148ms
08-05 16:13:33.071 17259 17272 I art     : Starting a blocking GC Explicit
08-05 16:13:33.094 17259 17272 I art     : Explicit concurrent mark sweep GC freed 3(96B) AllocSpace objects, 0(0B) LOS objects, 23% free, 53MB/69MB, paused 558us total 22.391ms
08-05 16:13:33.104 17259 17272 I art     : Starting a blocking GC Explicit
08-05 16:13:33.130 17259 17272 I art     : Explicit concurrent mark sweep GC freed 3(96B) AllocSpace objects, 0(0B) LOS objects, 23% free, 53MB/69MB, paused 564us total 25.127ms
08-05 16:13:33.141 17259 17272 I art     : Starting a blocking GC Explicit
08-05 16:13:33.164 17259 17272 I art     : Explicit concurrent mark sweep GC freed 3(96B) AllocSpace objects, 0(0B) LOS objects, 23% free, 53MB/69MB, paused 504us total 22.861ms
08-05 16:13:33.217   380   380 W SurfaceFlinger: couldn't log to binary event log: overflow.
08-05 16:13:33.415 17259 17272 I art     : Starting a blocking GC Explicit
08-05 16:13:33.438 17259 17272 I art     : Explicit concurrent mark sweep GC freed 1460(84KB) AllocSpace objects, 1(20KB) LOS objects, 23% free, 53MB/69MB, paused 513us total 23.109ms
08-05 16:13:33.447 17259 17272 I art     : Starting a blocking GC Explicit
08-05 16:13:33.472 17259 17272 I art     : Explicit concurrent mark sweep GC freed 38(1344B) AllocSpace objects, 0(0B) LOS objects, 23% free, 53MB/69MB, paused 562us total 24.100ms
08-05 16:13:33.480 17259 17272 I art     : Starting a blocking GC Explicit
08-05 16:13:33.504 17259 17272 I art     : Explicit concurrent mark sweep GC freed 13(480B) AllocSpace objects, 0(0B) LOS objects, 23% free, 53MB/69MB, paused 518us total 23.140ms
08-05 16:13:33.513 17259 17272 I art     : Starting a blocking GC Explicit
08-05 16:13:33.535 17259 17272 I art     : Explicit concurrent mark sweep GC freed 10(352B) AllocSpace objects, 0(0B) LOS objects, 23% free, 53MB/69MB, paused 619us total 21.578ms
08-05 16:13:33.543 17259 17272 I art     : Starting a blocking GC Explicit
08-05 16:13:33.565 17259 17272 I art     : Explicit concurrent mark sweep GC freed 11(416B) AllocSpace objects, 0(0B) LOS objects, 23% free, 53MB/69MB, paused 541us total 22.120ms
08-05 16:13:33.730 17259 20454 D OkHttp  : --> GET https://api-hillfair-2k16.herokuapp.com/api/app/club/PR%20Club http/1.1
08-05 16:13:33.770 17259 20454 D OkHttp  : <-- 200 OK https://api-hillfair-2k16.herokuapp.com/api/app/club/PR%20Club (39ms, 979-byte body)
08-05 16:13:33.819 17259 17259 I NAPPA_EXPERIMENTATION: MetricNetworkRequestExecutionTime: REQUEST_DURATION_SYSTEM='913',REQUEST_DURATION_OKHTTP='39',REQUEST_SYNCHRONOUS='FALSE',RESPONSE_CODE='200',RESPONSE_METHOD='GET',RESPONSE_LENGTH_OKHTTP='979',RESPONSE_LENGTH_HEADER='979',REQUEST_PROTOCOL='http/1.1',REQUEST_URL='https://api-hillfair-2k16.herokuapp.com/api/app/club/PR%20Club',
08-05 16:13:33.842 17259 18347 I art     : Starting a blocking GC Explicit
08-05 16:13:33.871 17259 18347 I art     : Explicit concurrent mark sweep GC freed 4809(346KB) AllocSpace objects, 4(220KB) LOS objects, 22% free, 53MB/69MB, paused 680us total 28.977ms
08-05 16:13:33.882 17259 18347 I art     : Starting a blocking GC Explicit
08-05 16:13:33.906 17259 18347 I art     : Explicit concurrent mark sweep GC freed 1045(119KB) AllocSpace objects, 0(0B) LOS objects, 22% free, 53MB/69MB, paused 484us total 24.055ms
08-05 16:13:33.917 17259 18347 I art     : Starting a blocking GC Explicit
08-05 16:13:33.940 17259 18347 I art     : Explicit concurrent mark sweep GC freed 3(96B) AllocSpace objects, 0(0B) LOS objects, 22% free, 53MB/69MB, paused 519us total 23.080ms
08-05 16:13:33.949 17259 18347 I art     : Starting a blocking GC Explicit
08-05 16:13:33.971 17259 18347 I art     : Explicit concurrent mark sweep GC freed 3(96B) AllocSpace objects, 0(0B) LOS objects, 22% free, 53MB/69MB, paused 466us total 22.086ms
08-05 16:13:33.979 17259 18347 I art     : Starting a blocking GC Explicit
08-05 16:13:34.001 17259 18347 I art     : Explicit concurrent mark sweep GC freed 3(96B) AllocSpace objects, 0(0B) LOS objects, 22% free, 53MB/69MB, paused 561us total 21.903ms
08-05 16:13:34.286 17259 18347 I art     : Starting a blocking GC Explicit
08-05 16:13:34.311 17259 18347 I art     : Explicit concurrent mark sweep GC freed 1344(78KB) AllocSpace objects, 1(20KB) LOS objects, 22% free, 53MB/69MB, paused 572us total 24.258ms
08-05 16:13:34.320 17259 18347 I art     : Starting a blocking GC Explicit
08-05 16:13:34.344 17259 18347 I art     : Explicit concurrent mark sweep GC freed 36(1264B) AllocSpace objects, 0(0B) LOS objects, 22% free, 53MB/69MB, paused 514us total 23.732ms
08-05 16:13:34.353 17259 18347 I art     : Starting a blocking GC Explicit
08-05 16:13:34.377 17259 18347 I art     : Explicit concurrent mark sweep GC freed 3(96B) AllocSpace objects, 0(0B) LOS objects, 22% free, 53MB/69MB, paused 650us total 24.228ms
08-05 16:13:34.386 17259 18347 I art     : Starting a blocking GC Explicit
08-05 16:13:34.411 17259 18347 I art     : Explicit concurrent mark sweep GC freed 3(96B) AllocSpace objects, 0(0B) LOS objects, 22% free, 53MB/69MB, paused 600us total 24.281ms
08-05 16:13:34.420 17259 18347 I art     : Starting a blocking GC Explicit
08-05 16:13:34.445 17259 18347 I art     : Explicit concurrent mark sweep GC freed 3(96B) AllocSpace objects, 0(0B) LOS objects, 22% free, 53MB/69MB, paused 516us total 25.046ms
08-05 16:13:34.762 17259 17294 I art     : Starting a blocking GC Explicit
08-05 16:13:34.793 17259 17294 I art     : Explicit concurrent mark sweep GC freed 1344(78KB) AllocSpace objects, 1(20KB) LOS objects, 22% free, 53MB/69MB, paused 563us total 30.824ms
08-05 16:13:34.806 17259 17294 I art     : Starting a blocking GC Explicit
08-05 16:13:34.830 17259 17294 I art     : Explicit concurrent mark sweep GC freed 20(704B) AllocSpace objects, 0(0B) LOS objects, 22% free, 53MB/69MB, paused 583us total 24.232ms
08-05 16:13:34.839 17259 17294 I art     : Starting a blocking GC Explicit
08-05 16:13:34.864 17259 17294 I art     : Explicit concurrent mark sweep GC freed 3(96B) AllocSpace objects, 0(0B) LOS objects, 22% free, 53MB/69MB, paused 516us total 24.007ms
08-05 16:13:34.873 17259 17294 I art     : Starting a blocking GC Explicit
08-05 16:13:34.897 17259 17294 I art     : Explicit concurrent mark sweep GC freed 3(96B) AllocSpace objects, 0(0B) LOS objects, 22% free, 53MB/69MB, paused 548us total 24.504ms
08-05 16:13:34.906 17259 17294 I art     : Starting a blocking GC Explicit
08-05 16:13:34.931 17259 17294 I art     : Explicit concurrent mark sweep GC freed 3(96B) AllocSpace objects, 0(0B) LOS objects, 22% free, 53MB/69MB, paused 523us total 24.375ms
08-05 16:13:35.254 17259 17272 I art     : Starting a blocking GC Explicit
08-05 16:13:35.266 12631 12631 I Atfwd_Sendcmd: AtCmdFwd service not ready - Exhausted retry attempts - :6
08-05 16:13:35.266 12631 12631 I Atfwd_Daemon: result : -1 	 ,Init step :2 	 ,qmiErrorCode: 0
08-05 16:13:35.287 17259 17272 I art     : Explicit concurrent mark sweep GC freed 1344(78KB) AllocSpace objects, 1(20KB) LOS objects, 22% free, 53MB/69MB, paused 660us total 33.026ms
08-05 16:13:35.300 17259 17272 I art     : Starting a blocking GC Explicit
08-05 16:13:35.326 17259 17272 I art     : Explicit concurrent mark sweep GC freed 20(704B) AllocSpace objects, 0(0B) LOS objects, 22% free, 53MB/69MB, paused 531us total 25.016ms
08-05 16:13:35.335 17259 17272 I art     : Starting a blocking GC Explicit
08-05 16:13:35.360 17259 17272 I art     : Explicit concurrent mark sweep GC freed 3(96B) AllocSpace objects, 0(0B) LOS objects, 22% free, 53MB/69MB, paused 505us total 24.788ms
08-05 16:13:35.369 17259 17272 I art     : Starting a blocking GC Explicit
08-05 16:13:35.394 17259 17272 I art     : Explicit concurrent mark sweep GC freed 3(96B) AllocSpace objects, 0(0B) LOS objects, 22% free, 53MB/69MB, paused 561us total 24.412ms
08-05 16:13:35.403 17259 17272 I art     : Starting a blocking GC Explicit
08-05 16:13:35.428 17259 17272 I art     : Explicit concurrent mark sweep GC freed 3(96B) AllocSpace objects, 0(0B) LOS objects, 22% free, 53MB/69MB, paused 529us total 25.184ms
08-05 16:13:35.753 17259 17271 I art     : Starting a blocking GC Explicit
08-05 16:13:35.784 17259 17271 I art     : Explicit concurrent mark sweep GC freed 1344(78KB) AllocSpace objects, 1(20KB) LOS objects, 22% free, 53MB/69MB, paused 575us total 30.743ms
08-05 16:13:35.797 17259 17271 I art     : Starting a blocking GC Explicit
08-05 16:13:35.821 17259 17271 I art     : Explicit concurrent mark sweep GC freed 20(704B) AllocSpace objects, 0(0B) LOS objects, 22% free, 53MB/69MB, paused 546us total 24.657ms
08-05 16:13:35.831 17259 17271 I art     : Starting a blocking GC Explicit
08-05 16:13:35.855 17259 17271 I art     : Explicit concurrent mark sweep GC freed 3(96B) AllocSpace objects, 0(0B) LOS objects, 22% free, 53MB/69MB, paused 536us total 24.438ms
08-05 16:13:35.865 17259 17271 I art     : Starting a blocking GC Explicit
08-05 16:13:35.890 17259 17271 I art     : Explicit concurrent mark sweep GC freed 24(1104B) AllocSpace objects, 0(0B) LOS objects, 22% free, 53MB/69MB, paused 519us total 24.307ms
08-05 16:13:35.899 17259 17271 I art     : Starting a blocking GC Explicit
08-05 16:13:35.923 17259 17271 I art     : Explicit concurrent mark sweep GC freed 19(608B) AllocSpace objects, 0(0B) LOS objects, 22% free, 53MB/69MB, paused 519us total 24.237ms
08-05 16:13:36.264 17259 17529 I art     : Starting a blocking GC Explicit
08-05 16:13:36.298 17259 17529 I art     : Explicit concurrent mark sweep GC freed 1344(78KB) AllocSpace objects, 1(20KB) LOS objects, 22% free, 53MB/69MB, paused 599us total 34.025ms
08-05 16:13:36.312 17259 17529 I art     : Starting a blocking GC Explicit
08-05 16:13:36.337 17259 17529 I art     : Explicit concurrent mark sweep GC freed 20(704B) AllocSpace objects, 0(0B) LOS objects, 22% free, 53MB/69MB, paused 519us total 24.366ms
08-05 16:13:36.346 17259 17529 I art     : Starting a blocking GC Explicit
08-05 16:13:36.370 17259 17529 I art     : Explicit concurrent mark sweep GC freed 3(96B) AllocSpace objects, 0(0B) LOS objects, 22% free, 53MB/69MB, paused 489us total 24.481ms
08-05 16:13:36.380 17259 17529 I art     : Starting a blocking GC Explicit
08-05 16:13:36.405 17259 17529 I art     : Explicit concurrent mark sweep GC freed 3(96B) AllocSpace objects, 0(0B) LOS objects, 22% free, 53MB/69MB, paused 519us total 24.826ms
08-05 16:13:36.414 17259 17529 I art     : Starting a blocking GC Explicit
08-05 16:13:36.439 17259 17529 I art     : Explicit concurrent mark sweep GC freed 3(96B) AllocSpace objects, 0(0B) LOS objects, 22% free, 53MB/69MB, paused 525us total 24.401ms
08-05 16:13:36.777 17259 18347 I art     : Starting a blocking GC Explicit
08-05 16:13:36.809 17259 18347 I art     : Explicit concurrent mark sweep GC freed 1344(78KB) AllocSpace objects, 1(20KB) LOS objects, 22% free, 53MB/69MB, paused 566us total 31.127ms
08-05 16:13:36.822 17259 18347 I art     : Starting a blocking GC Explicit
08-05 16:13:36.848 17259 18347 I art     : Explicit concurrent mark sweep GC freed 20(704B) AllocSpace objects, 0(0B) LOS objects, 22% free, 53MB/69MB, paused 542us total 25.442ms
08-05 16:13:36.857 17259 18347 I art     : Starting a blocking GC Explicit
08-05 16:13:36.882 17259 18347 I art     : Explicit concurrent mark sweep GC freed 3(96B) AllocSpace objects, 0(0B) LOS objects, 22% free, 53MB/69MB, paused 501us total 24.818ms
08-05 16:13:36.891 17259 18347 I art     : Starting a blocking GC Explicit
08-05 16:13:36.916 17259 18347 I art     : Explicit concurrent mark sweep GC freed 3(96B) AllocSpace objects, 0(0B) LOS objects, 22% free, 53MB/69MB, paused 504us total 25.010ms
08-05 16:13:36.926 17259 18347 I art     : Starting a blocking GC Explicit
08-05 16:13:36.951 17259 18347 I art     : Explicit concurrent mark sweep GC freed 3(96B) AllocSpace objects, 0(0B) LOS objects, 22% free, 53MB/69MB, paused 514us total 25.019ms
08-05 16:13:37.250 17259 17294 I art     : Starting a blocking GC Explicit
08-05 16:13:37.275 17259 17294 I art     : Explicit concurrent mark sweep GC freed 1344(78KB) AllocSpace objects, 1(20KB) LOS objects, 22% free, 53MB/69MB, paused 531us total 24.372ms
08-05 16:13:37.284 17259 17294 I art     : Starting a blocking GC Explicit
08-05 16:13:37.308 17259 17294 I art     : Explicit concurrent mark sweep GC freed 20(704B) AllocSpace objects, 0(0B) LOS objects, 22% free, 53MB/69MB, paused 538us total 23.693ms
08-05 16:13:37.317 17259 17294 I art     : Starting a blocking GC Explicit
08-05 16:13:37.341 17259 17294 I art     : Explicit concurrent mark sweep GC freed 3(96B) AllocSpace objects, 0(0B) LOS objects, 22% free, 53MB/69MB, paused 511us total 23.895ms
08-05 16:13:37.349 17259 17294 I art     : Starting a blocking GC Explicit
08-05 16:13:37.372 17259 17294 I art     : Explicit concurrent mark sweep GC freed 3(96B) AllocSpace objects, 0(0B) LOS objects, 22% free, 53MB/69MB, paused 525us total 22.905ms
08-05 16:13:37.381 17259 17294 I art     : Starting a blocking GC Explicit
08-05 16:13:37.404 17259 17294 I art     : Explicit concurrent mark sweep GC freed 3(96B) AllocSpace objects, 0(0B) LOS objects, 22% free, 53MB/69MB, paused 517us total 22.965ms
08-05 16:13:37.564 20553 20553 D AndroidRuntime: >>>>>> START com.android.internal.os.RuntimeInit uid 2000 <<<<<<
08-05 16:13:37.570 20553 20553 D AndroidRuntime: CheckJNI is OFF
08-05 16:13:37.603 20553 20553 D ICU     : No timezone override file found: /data/misc/zoneinfo/current/icu/icu_tzdata.dat
08-05 16:13:37.636 20553 20553 I Radio-JNI: register_android_hardware_Radio DONE
08-05 16:13:37.657 20553 20553 D AndroidRuntime: Calling main entry com.android.commands.input.Input
08-05 16:13:37.658 20553 20553 I Input   : injectKeyEvent: KeyEvent { action=ACTION_DOWN, keyCode=KEYCODE_BACK, scanCode=0, metaState=0, flags=0x0, repeatCount=0, eventTime=807234071, downTime=807234071, deviceId=-1, source=0x101 }
08-05 16:13:37.663 20553 20553 I Input   : injectKeyEvent: KeyEvent { action=ACTION_UP, keyCode=KEYCODE_BACK, scanCode=0, metaState=0, flags=0x0, repeatCount=0, eventTime=807234071, downTime=807234071, deviceId=-1, source=0x101 }
08-05 16:13:37.668 20553 20553 D AndroidRuntime: Shutting down VM
08-05 16:13:37.702 17259 17294 I art     : Starting a blocking GC Explicit
08-05 16:13:37.711 13866 13866 I GoogleInputMethodServic: GoogleInputMethodService.onFinishInput():3138 
08-05 16:13:37.712 13866 13866 I GoogleInputMethodServic: GoogleInputMethodService.onStartInput():1808 
08-05 16:13:37.728 17259 17294 I art     : Explicit concurrent mark sweep GC freed 1500(85KB) AllocSpace objects, 1(20KB) LOS objects, 22% free, 53MB/69MB, paused 517us total 26.124ms
08-05 16:13:37.737 17259 17294 I art     : Starting a blocking GC Explicit
08-05 16:13:37.760 17259 17294 I art     : Explicit concurrent mark sweep GC freed 48(1632B) AllocSpace objects, 0(0B) LOS objects, 22% free, 53MB/69MB, paused 717us total 22.037ms
08-05 16:13:37.770 17259 17294 I art     : Starting a blocking GC Explicit
08-05 16:13:37.790 17259 17294 I art     : Explicit concurrent mark sweep GC freed 6(224B) AllocSpace objects, 0(0B) LOS objects, 22% free, 53MB/69MB, paused 443us total 19.864ms
08-05 16:13:37.797 17259 17294 I art     : Starting a blocking GC Explicit
08-05 16:13:37.818 17259 17294 I art     : Explicit concurrent mark sweep GC freed 3(96B) AllocSpace objects, 0(0B) LOS objects, 22% free, 53MB/69MB, paused 531us total 20.655ms
08-05 16:13:37.827 17259 17294 I art     : Starting a blocking GC Explicit
08-05 16:13:37.849 17259 17294 I art     : Explicit concurrent mark sweep GC freed 3(96B) AllocSpace objects, 0(0B) LOS objects, 22% free, 53MB/69MB, paused 439us total 21.893ms
08-05 16:13:38.022   380   380 W SurfaceFlinger: couldn't log to binary event log: overflow.
08-05 16:13:38.112 17259 17294 I art     : Starting a blocking GC Explicit
08-05 16:13:38.138 17259 17294 I art     : Explicit concurrent mark sweep GC freed 1453(86KB) AllocSpace objects, 1(20KB) LOS objects, 22% free, 53MB/69MB, paused 579us total 25.308ms
08-05 16:13:38.151 17259 17294 I art     : Starting a blocking GC Explicit
08-05 16:13:38.174 17259 17294 I art     : Explicit concurrent mark sweep GC freed 1671(107KB) AllocSpace objects, 3(184KB) LOS objects, 23% free, 53MB/69MB, paused 492us total 22.705ms
08-05 16:13:38.183 17259 17294 I art     : Starting a blocking GC Explicit
08-05 16:13:38.206 17259 17294 I art     : Explicit concurrent mark sweep GC freed 3(96B) AllocSpace objects, 0(0B) LOS objects, 23% free, 53MB/69MB, paused 492us total 23.187ms
08-05 16:13:38.215 17259 17294 I art     : Starting a blocking GC Explicit
08-05 16:13:38.238 17259 17294 I art     : Explicit concurrent mark sweep GC freed 3(96B) AllocSpace objects, 0(0B) LOS objects, 23% free, 53MB/69MB, paused 498us total 23.073ms
08-05 16:13:38.247 17259 17294 I art     : Starting a blocking GC Explicit
08-05 16:13:38.271 17259 17294 I art     : Explicit concurrent mark sweep GC freed 3(96B) AllocSpace objects, 0(0B) LOS objects, 23% free, 53MB/69MB, paused 495us total 23.320ms
08-05 16:13:38.570 17259 17271 I art     : Starting a blocking GC Explicit
08-05 16:13:38.604 17259 17271 I art     : Explicit concurrent mark sweep GC freed 1344(78KB) AllocSpace objects, 1(20KB) LOS objects, 23% free, 53MB/69MB, paused 665us total 34.185ms
08-05 16:13:38.617 17259 17271 I art     : Starting a blocking GC Explicit
08-05 16:13:38.641 17259 17271 I art     : Explicit concurrent mark sweep GC freed 20(704B) AllocSpace objects, 0(0B) LOS objects, 23% free, 53MB/69MB, paused 523us total 24.206ms
08-05 16:13:38.651 17259 17271 I art     : Starting a blocking GC Explicit
08-05 16:13:38.674 17259 17271 I art     : Explicit concurrent mark sweep GC freed 3(96B) AllocSpace objects, 0(0B) LOS objects, 23% free, 53MB/69MB, paused 470us total 23.426ms
08-05 16:13:38.683 17259 17271 I art     : Starting a blocking GC Explicit
08-05 16:13:38.707 17259 17271 I art     : Explicit concurrent mark sweep GC freed 3(96B) AllocSpace objects, 0(0B) LOS objects, 23% free, 53MB/69MB, paused 593us total 23.949ms
08-05 16:13:38.717 17259 17271 I art     : Starting a blocking GC Explicit
08-05 16:13:38.741 17259 17271 I art     : Explicit concurrent mark sweep GC freed 3(96B) AllocSpace objects, 0(0B) LOS objects, 23% free, 53MB/69MB, paused 520us total 24.348ms
08-05 16:13:39.011 17259 17529 I art     : Starting a blocking GC Explicit
08-05 16:13:39.034 17259 17529 I art     : Explicit concurrent mark sweep GC freed 1344(78KB) AllocSpace objects, 1(20KB) LOS objects, 23% free, 53MB/69MB, paused 601us total 23.485ms
08-05 16:13:39.043 17259 17529 I art     : Starting a blocking GC Explicit
08-05 16:13:39.066 17259 17529 I art     : Explicit concurrent mark sweep GC freed 20(704B) AllocSpace objects, 0(0B) LOS objects, 23% free, 53MB/69MB, paused 498us total 22.436ms
08-05 16:13:39.075 17259 17529 I art     : Starting a blocking GC Explicit
08-05 16:13:39.097 17259 17529 I art     : Explicit concurrent mark sweep GC freed 3(96B) AllocSpace objects, 0(0B) LOS objects, 23% free, 53MB/69MB, paused 544us total 22.062ms
08-05 16:13:39.106 17259 17529 I art     : Starting a blocking GC Explicit
08-05 16:13:39.128 17259 17529 I art     : Explicit concurrent mark sweep GC freed 3(96B) AllocSpace objects, 0(0B) LOS objects, 23% free, 53MB/69MB, paused 502us total 22.262ms
08-05 16:13:39.137 17259 17529 I art     : Starting a blocking GC Explicit
08-05 16:13:39.159 17259 17529 I art     : Explicit concurrent mark sweep GC freed 3(96B) AllocSpace objects, 0(0B) LOS objects, 23% free, 53MB/69MB, paused 494us total 21.984ms
08-05 16:13:39.329 20609 20609 D AndroidRuntime: >>>>>> START com.android.internal.os.RuntimeInit uid 2000 <<<<<<
08-05 16:13:39.335 20609 20609 D AndroidRuntime: CheckJNI is OFF
08-05 16:13:39.367 20609 20609 D ICU     : No timezone override file found: /data/misc/zoneinfo/current/icu/icu_tzdata.dat
08-05 16:13:39.399 20609 20609 I Radio-JNI: register_android_hardware_Radio DONE
08-05 16:13:39.421 20609 20609 D AndroidRuntime: Calling main entry com.android.commands.input.Input
08-05 16:13:39.423 20609 20609 I Input   : injectMotionEvent: MotionEvent { action=ACTION_DOWN, actionButton=0, id[0]=0, x[0]=1012.0, y[0]=1152.0, toolType[0]=TOOL_TYPE_UNKNOWN, buttonState=0, metaState=0, flags=0x0, edgeFlags=0x0, pointerCount=1, historySize=0, eventTime=807235835, downTime=807235835, deviceId=0, source=0x1002 }
08-05 16:13:39.428 20609 20609 I Input   : injectMotionEvent: MotionEvent { action=ACTION_UP, actionButton=0, id[0]=0, x[0]=1012.0, y[0]=1152.0, toolType[0]=TOOL_TYPE_UNKNOWN, buttonState=0, metaState=0, flags=0x0, edgeFlags=0x0, pointerCount=1, historySize=0, eventTime=807235835, downTime=807235835, deviceId=0, source=0x1002 }
08-05 16:13:39.430   918  3670 I ActivityManager: START u0 {cmp=baseline.appteam.nith.hillffair/.activities.ClubActivity (has extras)} from uid 10675 on display 0
08-05 16:13:39.438 20609 20609 D AndroidRuntime: Shutting down VM
08-05 16:13:39.478 17259 17271 I art     : Starting a blocking GC Explicit
08-05 16:13:39.505 17259 17271 I art     : Explicit concurrent mark sweep GC freed 4694(291KB) AllocSpace objects, 1(20KB) LOS objects, 23% free, 53MB/69MB, paused 634us total 26.856ms
08-05 16:13:39.515 17259 17271 I art     : Starting a blocking GC Explicit
08-05 16:13:39.536 17259 17271 I art     : Explicit concurrent mark sweep GC freed 233(10KB) AllocSpace objects, 0(0B) LOS objects, 23% free, 53MB/69MB, paused 935us total 21.653ms
08-05 16:13:39.547 17259 17271 I art     : Starting a blocking GC Explicit
08-05 16:13:39.554   918   936 I ActivityManager: Displayed baseline.appteam.nith.hillffair/.activities.ClubActivity: +116ms
08-05 16:13:39.555 13866 13866 I GoogleInputMethodServic: GoogleInputMethodService.onFinishInput():3138 
08-05 16:13:39.555 13866 13866 I GoogleInputMethodServic: GoogleInputMethodService.onStartInput():1808 
08-05 16:13:39.570 17259 17271 I art     : Explicit concurrent mark sweep GC freed 224(10KB) AllocSpace objects, 0(0B) LOS objects, 22% free, 53MB/69MB, paused 544us total 22.549ms
08-05 16:13:39.579 17259 17271 I art     : Starting a blocking GC Explicit
08-05 16:13:39.602 17259 17271 I art     : Explicit concurrent mark sweep GC freed 22(800B) AllocSpace objects, 0(0B) LOS objects, 22% free, 53MB/69MB, paused 506us total 22.455ms
08-05 16:13:39.611 17259 17271 I art     : Starting a blocking GC Explicit
08-05 16:13:39.632 17259 17271 I art     : Explicit concurrent mark sweep GC freed 3(96B) AllocSpace objects, 0(0B) LOS objects, 22% free, 53MB/69MB, paused 507us total 20.732ms
08-05 16:13:39.823   380   380 W SurfaceFlinger: couldn't log to binary event log: overflow.
08-05 16:13:39.902 17259 17529 I art     : Starting a blocking GC Explicit
08-05 16:13:39.925 17259 17529 I art     : Explicit concurrent mark sweep GC freed 1344(78KB) AllocSpace objects, 1(20KB) LOS objects, 22% free, 53MB/69MB, paused 523us total 22.623ms
08-05 16:13:39.934 17259 17529 I art     : Starting a blocking GC Explicit
08-05 16:13:39.959 17259 17529 I art     : Explicit concurrent mark sweep GC freed 115(6KB) AllocSpace objects, 0(0B) LOS objects, 22% free, 53MB/69MB, paused 820us total 24.978ms
08-05 16:13:39.971 17259 17529 I art     : Starting a blocking GC Explicit
08-05 16:13:39.992 17259 17529 I art     : Explicit concurrent mark sweep GC freed 21(816B) AllocSpace objects, 0(0B) LOS objects, 22% free, 53MB/69MB, paused 636us total 21.200ms
08-05 16:13:40.001 17259 17529 I art     : Starting a blocking GC Explicit
08-05 16:13:40.023 17259 17529 I art     : Explicit concurrent mark sweep GC freed 11(400B) AllocSpace objects, 0(0B) LOS objects, 22% free, 53MB/69MB, paused 550us total 22.170ms
08-05 16:13:40.032 17259 17529 I art     : Starting a blocking GC Explicit
08-05 16:13:40.055 17259 17529 I art     : Explicit concurrent mark sweep GC freed 13(480B) AllocSpace objects, 0(0B) LOS objects, 22% free, 53MB/69MB, paused 554us total 22.982ms
08-05 16:13:40.179 17259 20640 D OkHttp  : --> GET https://api-hillfair-2k16.herokuapp.com/api/app/club/Design%20and%20Decoration%20Club http/1.1
08-05 16:13:40.219 17259 20640 D OkHttp  : <-- 200 OK https://api-hillfair-2k16.herokuapp.com/api/app/club/Design%20and%20Decoration%20Club (39ms, 760-byte body)
08-05 16:13:40.276 17259 17259 I NAPPA_EXPERIMENTATION: MetricNetworkRequestExecutionTime: REQUEST_DURATION_SYSTEM='804',REQUEST_DURATION_OKHTTP='39',REQUEST_SYNCHRONOUS='FALSE',RESPONSE_CODE='200',RESPONSE_METHOD='GET',RESPONSE_LENGTH_OKHTTP='760',RESPONSE_LENGTH_HEADER='760',REQUEST_PROTOCOL='http/1.1',REQUEST_URL='https://api-hillfair-2k16.herokuapp.com/api/app/club/Design%20and%20Decoration%20Club',
08-05 16:13:40.336 17259 17294 I art     : Starting a blocking GC Explicit
08-05 16:13:40.363 17259 17294 I art     : Explicit concurrent mark sweep GC freed 4817(339KB) AllocSpace objects, 4(220KB) LOS objects, 22% free, 53MB/69MB, paused 495us total 26.363ms
08-05 16:13:40.372 17259 17294 I art     : Starting a blocking GC Explicit
08-05 16:13:40.397 17259 17294 I art     : Explicit concurrent mark sweep GC freed 1041(119KB) AllocSpace objects, 0(0B) LOS objects, 22% free, 53MB/69MB, paused 708us total 24.663ms
08-05 16:13:40.406 17259 17294 I art     : Starting a blocking GC Explicit
08-05 16:13:40.430 17259 17294 I art     : Explicit concurrent mark sweep GC freed 3(96B) AllocSpace objects, 0(0B) LOS objects, 22% free, 53MB/69MB, paused 483us total 23.916ms
08-05 16:13:40.440 17259 17294 I art     : Starting a blocking GC Explicit
08-05 16:13:40.463 17259 17294 I art     : Explicit concurrent mark sweep GC freed 3(96B) AllocSpace objects, 0(0B) LOS objects, 22% free, 53MB/69MB, paused 506us total 22.914ms
08-05 16:13:40.472 17259 17294 I art     : Starting a blocking GC Explicit
08-05 16:13:40.495 17259 17294 I art     : Explicit concurrent mark sweep GC freed 3(96B) AllocSpace objects, 0(0B) LOS objects, 22% free, 53MB/69MB, paused 501us total 22.809ms
08-05 16:13:40.796 17259 18347 I art     : Starting a blocking GC Explicit
08-05 16:13:40.830 17259 18347 I art     : Explicit concurrent mark sweep GC freed 1344(78KB) AllocSpace objects, 1(20KB) LOS objects, 22% free, 53MB/69MB, paused 626us total 33.523ms
08-05 16:13:40.848 17259 18347 I art     : Starting a blocking GC Explicit
08-05 16:13:40.863   518   646 I ThermalEngine: ACTION: GPU - Setting GPU[0] to 450000000
08-05 16:13:40.875 17259 18347 I art     : Explicit concurrent mark sweep GC freed 40(1392B) AllocSpace objects, 0(0B) LOS objects, 22% free, 53MB/69MB, paused 505us total 26.747ms
08-05 16:13:40.884 17259 18347 I art     : Starting a blocking GC Explicit
08-05 16:13:40.908 17259 18347 I art     : Explicit concurrent mark sweep GC freed 20(976B) AllocSpace objects, 0(0B) LOS objects, 22% free, 53MB/69MB, paused 520us total 24.174ms
08-05 16:13:40.917 17259 18347 I art     : Starting a blocking GC Explicit
08-05 16:13:40.942 17259 18347 I art     : Explicit concurrent mark sweep GC freed 19(608B) AllocSpace objects, 0(0B) LOS objects, 22% free, 53MB/69MB, paused 573us total 24.261ms
08-05 16:13:40.951 17259 18347 I art     : Starting a blocking GC Explicit
08-05 16:13:40.975 17259 18347 I art     : Explicit concurrent mark sweep GC freed 3(96B) AllocSpace objects, 0(0B) LOS objects, 22% free, 53MB/69MB, paused 505us total 23.336ms
08-05 16:13:41.286 17259 17272 I art     : Starting a blocking GC Explicit
08-05 16:13:41.317 17259 17272 I art     : Explicit concurrent mark sweep GC freed 1344(78KB) AllocSpace objects, 1(20KB) LOS objects, 22% free, 53MB/69MB, paused 543us total 30.530ms
08-05 16:13:41.330 17259 17272 I art     : Starting a blocking GC Explicit
08-05 16:13:41.355 17259 17272 I art     : Explicit concurrent mark sweep GC freed 20(704B) AllocSpace objects, 0(0B) LOS objects, 22% free, 53MB/69MB, paused 515us total 24.441ms
08-05 16:13:41.364 17259 17272 I art     : Starting a blocking GC Explicit
08-05 16:13:41.389 17259 17272 I art     : Explicit concurrent mark sweep GC freed 3(96B) AllocSpace objects, 0(0B) LOS objects, 22% free, 53MB/69MB, paused 516us total 24.716ms
08-05 16:13:41.398 17259 17272 I art     : Starting a blocking GC Explicit
08-05 16:13:41.423 17259 17272 I art     : Explicit concurrent mark sweep GC freed 3(96B) AllocSpace objects, 0(0B) LOS objects, 22% free, 53MB/69MB, paused 520us total 24.663ms
08-05 16:13:41.432 17259 17272 I art     : Starting a blocking GC Explicit
08-05 16:13:41.457 17259 17272 I art     : Explicit concurrent mark sweep GC freed 3(96B) AllocSpace objects, 0(0B) LOS objects, 22% free, 53MB/69MB, paused 633us total 24.502ms
08-05 16:13:41.774 17259 17271 I art     : Starting a blocking GC Explicit
08-05 16:13:41.805 17259 17271 I art     : Explicit concurrent mark sweep GC freed 1344(78KB) AllocSpace objects, 1(20KB) LOS objects, 22% free, 53MB/69MB, paused 535us total 30.714ms
08-05 16:13:41.819 17259 17271 I art     : Starting a blocking GC Explicit
08-05 16:13:41.844 17259 17271 I art     : Explicit concurrent mark sweep GC freed 20(704B) AllocSpace objects, 0(0B) LOS objects, 22% free, 53MB/69MB, paused 497us total 25.023ms
08-05 16:13:41.845 17259 17270 I art     : WaitForGcToComplete blocked for 25.252ms for cause HeapTrim
08-05 16:13:41.853 17259 17271 I art     : Starting a blocking GC Explicit
08-05 16:13:41.884 17259 17271 I art     : Explicit concurrent mark sweep GC freed 3(96B) AllocSpace objects, 0(0B) LOS objects, 22% free, 53MB/69MB, paused 714us total 30.382ms
08-05 16:13:41.896 17259 17271 I art     : Starting a blocking GC Explicit
08-05 16:13:41.929 17259 17271 I art     : Explicit concurrent mark sweep GC freed 3(96B) AllocSpace objects, 0(0B) LOS objects, 22% free, 53MB/69MB, paused 677us total 32.535ms
08-05 16:13:41.941 17259 17271 I art     : Starting a blocking GC Explicit
08-05 16:13:41.973 17259 17271 I art     : Explicit concurrent mark sweep GC freed 3(96B) AllocSpace objects, 0(0B) LOS objects, 22% free, 53MB/69MB, paused 650us total 32.220ms
08-05 16:13:42.297 17259 17294 I art     : Starting a blocking GC Explicit
08-05 16:13:42.341 17259 17294 I art     : Explicit concurrent mark sweep GC freed 1344(78KB) AllocSpace objects, 1(20KB) LOS objects, 22% free, 53MB/69MB, paused 792us total 43.369ms
08-05 16:13:42.358 17259 17294 I art     : Starting a blocking GC Explicit
08-05 16:13:42.391 17259 17294 I art     : Explicit concurrent mark sweep GC freed 20(704B) AllocSpace objects, 0(0B) LOS objects, 22% free, 53MB/69MB, paused 694us total 32.990ms
08-05 16:13:42.403 17259 17294 I art     : Starting a blocking GC Explicit
08-05 16:13:42.436 17259 17294 I art     : Explicit concurrent mark sweep GC freed 3(96B) AllocSpace objects, 0(0B) LOS objects, 22% free, 53MB/69MB, paused 693us total 32.703ms
08-05 16:13:42.448 17259 17294 I art     : Starting a blocking GC Explicit
08-05 16:13:42.482 17259 17294 I art     : Explicit concurrent mark sweep GC freed 3(96B) AllocSpace objects, 0(0B) LOS objects, 22% free, 53MB/69MB, paused 704us total 33.923ms
08-05 16:13:42.495 17259 17294 I art     : Starting a blocking GC Explicit
08-05 16:13:42.529 17259 17294 I art     : Explicit concurrent mark sweep GC freed 3(96B) AllocSpace objects, 0(0B) LOS objects, 22% free, 53MB/69MB, paused 679us total 34.171ms
08-05 16:13:42.875 17259 17529 I art     : Starting a blocking GC Explicit
08-05 16:13:42.915 17259 17529 I art     : Explicit concurrent mark sweep GC freed 1344(78KB) AllocSpace objects, 1(20KB) LOS objects, 22% free, 53MB/69MB, paused 727us total 38.944ms
08-05 16:13:42.929 17259 17529 I art     : Starting a blocking GC Explicit
08-05 16:13:42.962 17259 17529 I art     : Explicit concurrent mark sweep GC freed 20(704B) AllocSpace objects, 0(0B) LOS objects, 22% free, 53MB/69MB, paused 690us total 32.847ms
08-05 16:13:42.974 17259 17529 I art     : Starting a blocking GC Explicit
08-05 16:13:43.008 17259 17529 I art     : Explicit concurrent mark sweep GC freed 3(96B) AllocSpace objects, 0(0B) LOS objects, 22% free, 53MB/69MB, paused 723us total 34.155ms
08-05 16:13:43.020 17259 17529 I art     : Starting a blocking GC Explicit
08-05 16:13:43.053 17259 17529 I art     : Explicit concurrent mark sweep GC freed 3(96B) AllocSpace objects, 0(0B) LOS objects, 22% free, 53MB/69MB, paused 788us total 32.119ms
08-05 16:13:43.065 17259 17529 I art     : Starting a blocking GC Explicit
08-05 16:13:43.099 17259 17529 I art     : Explicit concurrent mark sweep GC freed 3(96B) AllocSpace objects, 0(0B) LOS objects, 22% free, 53MB/69MB, paused 713us total 33.812ms
08-05 16:13:43.421 17259 18347 I art     : Starting a blocking GC Explicit
08-05 16:13:43.468 17259 18347 I art     : Explicit concurrent mark sweep GC freed 1344(78KB) AllocSpace objects, 1(20KB) LOS objects, 22% free, 53MB/69MB, paused 782us total 46.232ms
08-05 16:13:43.483 17259 18347 I art     : Starting a blocking GC Explicit
08-05 16:13:43.519 17259 18347 I art     : Explicit concurrent mark sweep GC freed 20(704B) AllocSpace objects, 0(0B) LOS objects, 22% free, 53MB/69MB, paused 696us total 35.937ms
08-05 16:13:43.531 17259 18347 I art     : Starting a blocking GC Explicit
08-05 16:13:43.563 17259 18347 I art     : Explicit concurrent mark sweep GC freed 3(96B) AllocSpace objects, 0(0B) LOS objects, 22% free, 53MB/69MB, paused 694us total 31.478ms
08-05 16:13:43.575 17259 18347 I art     : Starting a blocking GC Explicit
08-05 16:13:43.609 17259 18347 I art     : Explicit concurrent mark sweep GC freed 3(96B) AllocSpace objects, 0(0B) LOS objects, 22% free, 53MB/69MB, paused 703us total 34.064ms
08-05 16:13:43.621 17259 18347 I art     : Starting a blocking GC Explicit
08-05 16:13:43.655 17259 18347 I art     : Explicit concurrent mark sweep GC freed 3(96B) AllocSpace objects, 0(0B) LOS objects, 22% free, 53MB/69MB, paused 758us total 33.933ms
08-05 16:13:43.942 17259 17272 I art     : Starting a blocking GC Explicit
08-05 16:13:43.976 17259 17272 I art     : Explicit concurrent mark sweep GC freed 1344(78KB) AllocSpace objects, 1(20KB) LOS objects, 22% free, 53MB/69MB, paused 680us total 34ms
08-05 16:13:43.988 17259 17272 I art     : Starting a blocking GC Explicit
08-05 16:13:44.020 17259 17272 I art     : Explicit concurrent mark sweep GC freed 20(704B) AllocSpace objects, 0(0B) LOS objects, 22% free, 53MB/69MB, paused 699us total 31.986ms
08-05 16:13:44.032 17259 17272 I art     : Starting a blocking GC Explicit
08-05 16:13:44.063 17259 17272 I art     : Explicit concurrent mark sweep GC freed 3(96B) AllocSpace objects, 0(0B) LOS objects, 22% free, 53MB/69MB, paused 691us total 31.010ms
08-05 16:13:44.075 17259 17272 I art     : Starting a blocking GC Explicit
08-05 16:13:44.108 17259 17272 I art     : Explicit concurrent mark sweep GC freed 3(96B) AllocSpace objects, 0(0B) LOS objects, 22% free, 53MB/69MB, paused 762us total 32.610ms
08-05 16:13:44.120 17259 17272 I art     : Starting a blocking GC Explicit
08-05 16:13:44.152 17259 17272 I art     : Explicit concurrent mark sweep GC freed 3(96B) AllocSpace objects, 0(0B) LOS objects, 22% free, 53MB/69MB, paused 699us total 31.566ms
08-05 16:13:44.245 20722 20722 D AndroidRuntime: >>>>>> START com.android.internal.os.RuntimeInit uid 2000 <<<<<<
08-05 16:13:44.253 20722 20722 D AndroidRuntime: CheckJNI is OFF
08-05 16:13:44.303 20722 20722 D ICU     : No timezone override file found: /data/misc/zoneinfo/current/icu/icu_tzdata.dat
08-05 16:13:44.347 20722 20722 I Radio-JNI: register_android_hardware_Radio DONE
08-05 16:13:44.375 20722 20722 D AndroidRuntime: Calling main entry com.android.commands.input.Input
08-05 16:13:44.377 20722 20722 I Input   : injectKeyEvent: KeyEvent { action=ACTION_DOWN, keyCode=KEYCODE_BACK, scanCode=0, metaState=0, flags=0x0, repeatCount=0, eventTime=807240790, downTime=807240790, deviceId=-1, source=0x101 }
08-05 16:13:44.383 20722 20722 I Input   : injectKeyEvent: KeyEvent { action=ACTION_UP, keyCode=KEYCODE_BACK, scanCode=0, metaState=0, flags=0x0, repeatCount=0, eventTime=807240790, downTime=807240790, deviceId=-1, source=0x101 }
08-05 16:13:44.390 20722 20722 D AndroidRuntime: Shutting down VM
08-05 16:13:44.434 13866 13866 I GoogleInputMethodServic: GoogleInputMethodService.onFinishInput():3138 
08-05 16:13:44.434 13866 13866 I GoogleInputMethodServic: GoogleInputMethodService.onStartInput():1808 
08-05 16:13:44.473 17259 17529 I art     : Starting a blocking GC Explicit
08-05 16:13:44.503 17259 17529 I art     : Explicit concurrent mark sweep GC freed 1526(86KB) AllocSpace objects, 1(20KB) LOS objects, 22% free, 53MB/69MB, paused 629us total 29.348ms
08-05 16:13:44.514 17259 17529 I art     : Starting a blocking GC Explicit
08-05 16:13:44.542 17259 17529 I art     : Explicit concurrent mark sweep GC freed 26(944B) AllocSpace objects, 0(0B) LOS objects, 22% free, 53MB/69MB, paused 657us total 27.727ms
08-05 16:13:44.554 17259 17529 I art     : Starting a blocking GC Explicit
08-05 16:13:44.585 17259 17529 I art     : Explicit concurrent mark sweep GC freed 3(96B) AllocSpace objects, 0(0B) LOS objects, 22% free, 53MB/69MB, paused 706us total 30.884ms
08-05 16:13:44.598 17259 17529 I art     : Starting a blocking GC Explicit
08-05 16:13:44.631 17259 17529 I art     : Explicit concurrent mark sweep GC freed 3(96B) AllocSpace objects, 0(0B) LOS objects, 22% free, 53MB/69MB, paused 625us total 32.850ms
08-05 16:13:44.647 17259 17529 I art     : Starting a blocking GC Explicit
08-05 16:13:44.681 17259 17529 I art     : Explicit concurrent mark sweep GC freed 3(96B) AllocSpace objects, 0(0B) LOS objects, 22% free, 53MB/69MB, paused 626us total 33.560ms
08-05 16:13:44.762   380   380 W SurfaceFlinger: couldn't log to binary event log: overflow.
08-05 16:13:44.867   518   646 I ThermalEngine: ACTION: GPU - Setting GPU[0] to 510000000
08-05 16:13:44.949 17259 18347 I art     : Starting a blocking GC Explicit
08-05 16:13:44.975 17259 18347 I art     : Explicit concurrent mark sweep GC freed 1453(86KB) AllocSpace objects, 1(20KB) LOS objects, 22% free, 53MB/69MB, paused 529us total 25.907ms
08-05 16:13:44.985 17259 18347 I art     : Starting a blocking GC Explicit
08-05 16:13:45.009 17259 18347 I art     : Explicit concurrent mark sweep GC freed 1671(107KB) AllocSpace objects, 3(180KB) LOS objects, 23% free, 53MB/69MB, paused 499us total 23.763ms
08-05 16:13:45.017 17259 18347 I art     : Starting a blocking GC Explicit
08-05 16:13:45.041 17259 18347 I art     : Explicit concurrent mark sweep GC freed 3(96B) AllocSpace objects, 0(0B) LOS objects, 23% free, 53MB/69MB, paused 501us total 23.344ms
08-05 16:13:45.050 17259 18347 I art     : Starting a blocking GC Explicit
08-05 16:13:45.074 17259 18347 I art     : Explicit concurrent mark sweep GC freed 3(96B) AllocSpace objects, 0(0B) LOS objects, 23% free, 53MB/69MB, paused 515us total 23.887ms
08-05 16:13:45.083 17259 18347 I art     : Starting a blocking GC Explicit
08-05 16:13:45.107 17259 18347 I art     : Explicit concurrent mark sweep GC freed 3(96B) AllocSpace objects, 0(0B) LOS objects, 23% free, 53MB/69MB, paused 591us total 23.707ms
08-05 16:13:45.394 17259 17294 I art     : Starting a blocking GC Explicit
08-05 16:13:45.428 17259 17294 I art     : Explicit concurrent mark sweep GC freed 1344(78KB) AllocSpace objects, 1(20KB) LOS objects, 23% free, 53MB/69MB, paused 726us total 33.135ms
08-05 16:13:45.442 17259 17294 I art     : Starting a blocking GC Explicit
08-05 16:13:45.467 17259 17294 I art     : Explicit concurrent mark sweep GC freed 20(704B) AllocSpace objects, 0(0B) LOS objects, 23% free, 53MB/69MB, paused 520us total 24.161ms
08-05 16:13:45.476 17259 17294 I art     : Starting a blocking GC Explicit
08-05 16:13:45.500 17259 17294 I art     : Explicit concurrent mark sweep GC freed 3(96B) AllocSpace objects, 0(0B) LOS objects, 23% free, 53MB/69MB, paused 519us total 24.245ms
08-05 16:13:45.509 17259 17294 I art     : Starting a blocking GC Explicit
08-05 16:13:45.534 17259 17294 I art     : Explicit concurrent mark sweep GC freed 3(96B) AllocSpace objects, 0(0B) LOS objects, 23% free, 53MB/69MB, paused 517us total 24.400ms
08-05 16:13:45.543 17259 17294 I art     : Starting a blocking GC Explicit
08-05 16:13:45.568 17259 17294 I art     : Explicit concurrent mark sweep GC freed 3(96B) AllocSpace objects, 0(0B) LOS objects, 23% free, 53MB/69MB, paused 548us total 23.945ms
08-05 16:13:45.831 17259 17271 I art     : Starting a blocking GC Explicit
08-05 16:13:45.855 17259 17271 I art     : Explicit concurrent mark sweep GC freed 1344(78KB) AllocSpace objects, 1(20KB) LOS objects, 23% free, 53MB/69MB, paused 518us total 24.299ms
08-05 16:13:45.865 17259 17271 I art     : Starting a blocking GC Explicit
08-05 16:13:45.888 17259 17271 I art     : Explicit concurrent mark sweep GC freed 20(704B) AllocSpace objects, 0(0B) LOS objects, 23% free, 53MB/69MB, paused 539us total 23.342ms
08-05 16:13:45.898 17259 17271 I art     : Starting a blocking GC Explicit
08-05 16:13:45.920 17259 17271 I art     : Explicit concurrent mark sweep GC freed 3(96B) AllocSpace objects, 0(0B) LOS objects, 23% free, 53MB/69MB, paused 500us total 22.356ms
08-05 16:13:45.929 17259 17271 I art     : Starting a blocking GC Explicit
08-05 16:13:45.952 17259 17271 I art     : Explicit concurrent mark sweep GC freed 3(96B) AllocSpace objects, 0(0B) LOS objects, 23% free, 53MB/69MB, paused 508us total 23.065ms
08-05 16:13:45.961 17259 17271 I art     : Starting a blocking GC Explicit
08-05 16:13:45.984 17259 17271 I art     : Explicit concurrent mark sweep GC freed 3(96B) AllocSpace objects, 0(0B) LOS objects, 23% free, 53MB/69MB, paused 511us total 22.584ms
08-05 16:13:46.072 20775 20775 D AndroidRuntime: >>>>>> START com.android.internal.os.RuntimeInit uid 2000 <<<<<<
08-05 16:13:46.080 20775 20775 D AndroidRuntime: CheckJNI is OFF
08-05 16:13:46.112 20775 20775 D ICU     : No timezone override file found: /data/misc/zoneinfo/current/icu/icu_tzdata.dat
08-05 16:13:46.143 20775 20775 I Radio-JNI: register_android_hardware_Radio DONE
08-05 16:13:46.165 20775 20775 D AndroidRuntime: Calling main entry com.android.commands.input.Input
08-05 16:13:46.166 20775 20775 I Input   : injectMotionEvent: MotionEvent { action=ACTION_DOWN, actionButton=0, id[0]=0, x[0]=255.0, y[0]=1845.0, toolType[0]=TOOL_TYPE_UNKNOWN, buttonState=0, metaState=0, flags=0x0, edgeFlags=0x0, pointerCount=1, historySize=0, eventTime=807242579, downTime=807242579, deviceId=0, source=0x1002 }
08-05 16:13:46.172 20775 20775 I Input   : injectMotionEvent: MotionEvent { action=ACTION_UP, actionButton=0, id[0]=0, x[0]=255.0, y[0]=1845.0, toolType[0]=TOOL_TYPE_UNKNOWN, buttonState=0, metaState=0, flags=0x0, edgeFlags=0x0, pointerCount=1, historySize=0, eventTime=807242579, downTime=807242579, deviceId=0, source=0x1002 }
08-05 16:13:46.173   918  6111 I ActivityManager: START u0 {cmp=baseline.appteam.nith.hillffair/.activities.ClubActivity (has extras)} from uid 10675 on display 0
08-05 16:13:46.180 20775 20775 D AndroidRuntime: Shutting down VM
08-05 16:13:46.274   918   936 I ActivityManager: Displayed baseline.appteam.nith.hillffair/.activities.ClubActivity: +93ms
08-05 16:13:46.274 13866 13866 I GoogleInputMethodServic: GoogleInputMethodService.onFinishInput():3138 
08-05 16:13:46.275 13866 13866 I GoogleInputMethodServic: GoogleInputMethodService.onStartInput():1808 
08-05 16:13:46.282 17259 17529 I art     : Starting a blocking GC Explicit
08-05 16:13:46.308 17259 17529 I art     : Explicit concurrent mark sweep GC freed 4985(307KB) AllocSpace objects, 1(20KB) LOS objects, 22% free, 53MB/69MB, paused 585us total 25.680ms
08-05 16:13:46.317 17259 17529 I art     : Starting a blocking GC Explicit
08-05 16:13:46.338 17259 17529 I art     : Explicit concurrent mark sweep GC freed 247(12KB) AllocSpace objects, 0(0B) LOS objects, 22% free, 53MB/69MB, paused 525us total 21ms
08-05 16:13:46.346 17259 17529 I art     : Starting a blocking GC Explicit
08-05 16:13:46.369 17259 17529 I art     : Explicit concurrent mark sweep GC freed 3(96B) AllocSpace objects, 0(0B) LOS objects, 22% free, 53MB/69MB, paused 525us total 22.737ms
08-05 16:13:46.377 17259 17529 I art     : Starting a blocking GC Explicit
08-05 16:13:46.401 17259 17529 I art     : Explicit concurrent mark sweep GC freed 3(96B) AllocSpace objects, 0(0B) LOS objects, 22% free, 53MB/69MB, paused 546us total 22.850ms
08-05 16:13:46.411 17259 17529 I art     : Starting a blocking GC Explicit
08-05 16:13:46.438 17259 17529 I art     : Explicit concurrent mark sweep GC freed 3(96B) AllocSpace objects, 0(0B) LOS objects, 22% free, 53MB/69MB, paused 577us total 27.003ms
08-05 16:13:46.531   380   380 W SurfaceFlinger: couldn't log to binary event log: overflow.
08-05 16:13:46.705 17259 18347 I art     : Starting a blocking GC Explicit
08-05 16:13:46.730 17259 18347 I art     : Explicit concurrent mark sweep GC freed 1456(84KB) AllocSpace objects, 1(20KB) LOS objects, 22% free, 53MB/69MB, paused 555us total 24.445ms
08-05 16:13:46.739 17259 18347 I art     : Starting a blocking GC Explicit
08-05 16:13:46.763 17259 18347 I art     : Explicit concurrent mark sweep GC freed 34(1216B) AllocSpace objects, 0(0B) LOS objects, 22% free, 53MB/69MB, paused 558us total 24.260ms
08-05 16:13:46.773 17259 18347 I art     : Starting a blocking GC Explicit
08-05 16:13:46.797 17259 18347 I art     : Explicit concurrent mark sweep GC freed 13(480B) AllocSpace objects, 0(0B) LOS objects, 22% free, 53MB/69MB, paused 675us total 23.698ms
08-05 16:13:46.806 17259 18347 I art     : Starting a blocking GC Explicit
08-05 16:13:46.830 17259 18347 I art     : Explicit concurrent mark sweep GC freed 1865(106KB) AllocSpace objects, 2(120KB) LOS objects, 22% free, 54MB/70MB, paused 874us total 23.650ms
08-05 16:13:46.839 17259 18347 I art     : Starting a blocking GC Explicit
08-05 16:13:46.844 17259 20806 D OkHttp  : --> GET https://api-hillfair-2k16.herokuapp.com/api/app/club/Technical%20Committee http/1.1
08-05 16:13:46.862 17259 18347 I art     : Explicit concurrent mark sweep GC freed 1655(142KB) AllocSpace objects, 1(80KB) LOS objects, 22% free, 53MB/69MB, paused 563us total 23.666ms
08-05 16:13:46.872   518   646 I ThermalEngine: ACTION: GPU - Setting GPU[0] to 450000000
08-05 16:13:46.885 17259 20806 D OkHttp  : <-- 200 OK https://api-hillfair-2k16.herokuapp.com/api/app/club/Technical%20Committee (41ms, 1171-byte body)
08-05 16:13:46.934 17259 17259 I NAPPA_EXPERIMENTATION: MetricNetworkRequestExecutionTime: REQUEST_DURATION_SYSTEM='725',REQUEST_DURATION_OKHTTP='41',REQUEST_SYNCHRONOUS='FALSE',RESPONSE_CODE='200',RESPONSE_METHOD='GET',RESPONSE_LENGTH_OKHTTP='1171',RESPONSE_LENGTH_HEADER='1171',REQUEST_PROTOCOL='http/1.1',REQUEST_URL='https://api-hillfair-2k16.herokuapp.com/api/app/club/Technical%20Committee',
08-05 16:13:47.164 17259 17271 I art     : Starting a blocking GC Explicit
08-05 16:13:47.201 17259 17271 I art     : Explicit concurrent mark sweep GC freed 2238(209KB) AllocSpace objects, 1(20KB) LOS objects, 22% free, 53MB/69MB, paused 714us total 37.536ms
08-05 16:13:47.213 17259 17271 I art     : Starting a blocking GC Explicit
08-05 16:13:47.243 17259 17271 I art     : Explicit concurrent mark sweep GC freed 96(3KB) AllocSpace objects, 0(0B) LOS objects, 22% free, 53MB/69MB, paused 753us total 29.979ms
08-05 16:13:47.255 17259 17271 I art     : Starting a blocking GC Explicit
08-05 16:13:47.284 17259 17271 I art     : Explicit concurrent mark sweep GC freed 3(96B) AllocSpace objects, 0(0B) LOS objects, 22% free, 53MB/69MB, paused 669us total 29.153ms
08-05 16:13:47.296 17259 17271 I art     : Starting a blocking GC Explicit
08-05 16:13:47.326 17259 17271 I art     : Explicit concurrent mark sweep GC freed 3(96B) AllocSpace objects, 0(0B) LOS objects, 22% free, 53MB/69MB, paused 718us total 29.606ms
08-05 16:13:47.337 17259 17271 I art     : Starting a blocking GC Explicit
08-05 16:13:47.368 17259 17271 I art     : Explicit concurrent mark sweep GC freed 19(656B) AllocSpace objects, 0(0B) LOS objects, 22% free, 53MB/69MB, paused 731us total 30.186ms
08-05 16:13:47.685 17259 17529 I art     : Starting a blocking GC Explicit
08-05 16:13:47.731 17259 17529 I art     : Explicit concurrent mark sweep GC freed 1344(78KB) AllocSpace objects, 1(20KB) LOS objects, 22% free, 53MB/69MB, paused 850us total 45.620ms
08-05 16:13:47.747 17259 17529 I art     : Starting a blocking GC Explicit
08-05 16:13:47.784 17259 17529 I art     : Explicit concurrent mark sweep GC freed 20(704B) AllocSpace objects, 0(0B) LOS objects, 22% free, 53MB/69MB, paused 745us total 36.391ms
08-05 16:13:47.796 17259 17529 I art     : Starting a blocking GC Explicit
08-05 16:13:47.830 17259 17529 I art     : Explicit concurrent mark sweep GC freed 3(96B) AllocSpace objects, 0(0B) LOS objects, 22% free, 53MB/69MB, paused 737us total 33.785ms
08-05 16:13:47.842 17259 17529 I art     : Starting a blocking GC Explicit
08-05 16:13:47.877 17259 17529 I art     : Explicit concurrent mark sweep GC freed 3(96B) AllocSpace objects, 0(0B) LOS objects, 22% free, 53MB/69MB, paused 759us total 33.998ms
08-05 16:13:47.889 17259 17529 I art     : Starting a blocking GC Explicit
08-05 16:13:47.922 17259 17529 I art     : Explicit concurrent mark sweep GC freed 3(96B) AllocSpace objects, 0(0B) LOS objects, 22% free, 53MB/69MB, paused 718us total 32.843ms
08-05 16:13:48.037   918  3188 I hubconnection: sensorhub said: 'set_bias 3: -5.3760, 0.0000, 0.0000'
08-05 16:13:48.258 17259 17294 I art     : Starting a blocking GC Explicit
08-05 16:13:48.296 17259 17294 I art     : Explicit concurrent mark sweep GC freed 1344(78KB) AllocSpace objects, 1(20KB) LOS objects, 22% free, 53MB/69MB, paused 761us total 38.110ms
08-05 16:13:48.310 17259 17294 I art     : Starting a blocking GC Explicit
08-05 16:13:48.345 17259 17294 I art     : Explicit concurrent mark sweep GC freed 20(704B) AllocSpace objects, 0(0B) LOS objects, 22% free, 53MB/69MB, paused 733us total 34.412ms
08-05 16:13:48.357 17259 17294 I art     : Starting a blocking GC Explicit
08-05 16:13:48.374   918  3261 D WifiStateMachine: starting scan for "H369AA63323"WPA_PSK with 2412,5180
08-05 16:13:48.389 17259 17294 I art     : Explicit concurrent mark sweep GC freed 3(96B) AllocSpace objects, 0(0B) LOS objects, 22% free, 53MB/69MB, paused 708us total 31.939ms
08-05 16:13:48.401 17259 17294 I art     : Starting a blocking GC Explicit
08-05 16:13:48.436 17259 17294 I art     : Explicit concurrent mark sweep GC freed 3(96B) AllocSpace objects, 0(0B) LOS objects, 22% free, 53MB/69MB, paused 677us total 34.290ms
08-05 16:13:48.448 17259 17294 I art     : Starting a blocking GC Explicit
08-05 16:13:48.481 17259 17294 I art     : Explicit concurrent mark sweep GC freed 3(96B) AllocSpace objects, 0(0B) LOS objects, 22% free, 53MB/69MB, paused 738us total 33.203ms
08-05 16:13:48.828 17259 18347 I art     : Starting a blocking GC Explicit
08-05 16:13:48.871 17259 18347 I art     : Explicit concurrent mark sweep GC freed 1344(78KB) AllocSpace objects, 1(20KB) LOS objects, 22% free, 53MB/69MB, paused 781us total 42.740ms
08-05 16:13:48.891 17259 18347 I art     : Starting a blocking GC Explicit
08-05 16:13:48.926 17259 18347 I art     : Explicit concurrent mark sweep GC freed 20(704B) AllocSpace objects, 0(0B) LOS objects, 22% free, 53MB/69MB, paused 745us total 35.116ms
08-05 16:13:48.938 17259 18347 I art     : Starting a blocking GC Explicit
08-05 16:13:48.973 17259 18347 I art     : Explicit concurrent mark sweep GC freed 3(96B) AllocSpace objects, 0(0B) LOS objects, 22% free, 53MB/69MB, paused 729us total 34.331ms
08-05 16:13:48.985 17259 18347 I art     : Starting a blocking GC Explicit
08-05 16:13:49.019 17259 18347 I art     : Explicit concurrent mark sweep GC freed 3(96B) AllocSpace objects, 0(0B) LOS objects, 22% free, 53MB/69MB, paused 697us total 34.115ms
08-05 16:13:49.031 17259 18347 I art     : Starting a blocking GC Explicit
08-05 16:13:49.066 17259 18347 I art     : Explicit concurrent mark sweep GC freed 3(96B) AllocSpace objects, 0(0B) LOS objects, 22% free, 53MB/69MB, paused 733us total 34.542ms
08-05 16:13:49.398 17259 17272 I art     : Starting a blocking GC Explicit
08-05 16:13:49.438 17259 17272 I art     : Explicit concurrent mark sweep GC freed 1344(78KB) AllocSpace objects, 1(20KB) LOS objects, 22% free, 53MB/69MB, paused 976us total 40.118ms
08-05 16:13:49.453 17259 17272 I art     : Starting a blocking GC Explicit
08-05 16:13:49.488 17259 17272 I art     : Explicit concurrent mark sweep GC freed 20(704B) AllocSpace objects, 0(0B) LOS objects, 22% free, 53MB/69MB, paused 741us total 34.880ms
08-05 16:13:49.500 17259 17272 I art     : Starting a blocking GC Explicit
08-05 16:13:49.533 17259 17272 I art     : Explicit concurrent mark sweep GC freed 3(96B) AllocSpace objects, 0(0B) LOS objects, 22% free, 53MB/69MB, paused 732us total 32.532ms
08-05 16:13:49.545 17259 17272 I art     : Starting a blocking GC Explicit
08-05 16:13:49.580 17259 17272 I art     : Explicit concurrent mark sweep GC freed 3(96B) AllocSpace objects, 0(0B) LOS objects, 22% free, 53MB/69MB, paused 733us total 34.598ms
08-05 16:13:49.592 17259 17272 I art     : Starting a blocking GC Explicit
08-05 16:13:49.627 17259 17272 I art     : Explicit concurrent mark sweep GC freed 3(96B) AllocSpace objects, 0(0B) LOS objects, 22% free, 53MB/69MB, paused 802us total 34.810ms
08-05 16:13:49.962 17259 17271 I art     : Starting a blocking GC Explicit
08-05 16:13:50.008 17259 17271 I art     : Explicit concurrent mark sweep GC freed 1344(78KB) AllocSpace objects, 1(20KB) LOS objects, 22% free, 53MB/69MB, paused 942us total 45.364ms
08-05 16:13:50.025 17259 17271 I art     : Starting a blocking GC Explicit
08-05 16:13:50.060 17259 17271 I art     : Explicit concurrent mark sweep GC freed 20(704B) AllocSpace objects, 0(0B) LOS objects, 22% free, 53MB/69MB, paused 730us total 34.659ms
08-05 16:13:50.072 17259 17271 I art     : Starting a blocking GC Explicit
08-05 16:13:50.107 17259 17271 I art     : Explicit concurrent mark sweep GC freed 3(96B) AllocSpace objects, 0(0B) LOS objects, 22% free, 53MB/69MB, paused 814us total 34.618ms
08-05 16:13:50.119 17259 17271 I art     : Starting a blocking GC Explicit
08-05 16:13:50.153 17259 17271 I art     : Explicit concurrent mark sweep GC freed 3(96B) AllocSpace objects, 0(0B) LOS objects, 22% free, 53MB/69MB, paused 688us total 33.094ms
08-05 16:13:50.165 17259 17271 I art     : Starting a blocking GC Explicit
08-05 16:13:50.200 17259 17271 I art     : Explicit concurrent mark sweep GC freed 3(96B) AllocSpace objects, 0(0B) LOS objects, 22% free, 53MB/69MB, paused 739us total 34.592ms
08-05 16:13:50.531 17259 17529 I art     : Starting a blocking GC Explicit
08-05 16:13:50.569 17259 17529 I art     : Explicit concurrent mark sweep GC freed 1344(78KB) AllocSpace objects, 1(20KB) LOS objects, 22% free, 53MB/69MB, paused 1.076ms total 36.902ms
08-05 16:13:50.581 17259 17529 I art     : Starting a blocking GC Explicit
08-05 16:13:50.613 17259 17529 I art     : Explicit concurrent mark sweep GC freed 20(704B) AllocSpace objects, 0(0B) LOS objects, 22% free, 53MB/69MB, paused 745us total 32.437ms
08-05 16:13:50.625 17259 17529 I art     : Starting a blocking GC Explicit
08-05 16:13:50.658 17259 17529 I art     : Explicit concurrent mark sweep GC freed 3(96B) AllocSpace objects, 0(0B) LOS objects, 22% free, 53MB/69MB, paused 771us total 32.619ms
08-05 16:13:50.670 17259 17529 I art     : Starting a blocking GC Explicit
08-05 16:13:50.702 17259 17529 I art     : Explicit concurrent mark sweep GC freed 3(96B) AllocSpace objects, 0(0B) LOS objects, 22% free, 53MB/69MB, paused 759us total 31.970ms
08-05 16:13:50.714 17259 17529 I art     : Starting a blocking GC Explicit
08-05 16:13:50.747 17259 17529 I art     : Explicit concurrent mark sweep GC freed 3(96B) AllocSpace objects, 0(0B) LOS objects, 22% free, 53MB/69MB, paused 741us total 32.326ms
08-05 16:13:50.881   518   646 I ThermalEngine: ACTION: GPU - Setting GPU[0] to 510000000
08-05 16:13:50.969 20900 20900 D AndroidRuntime: >>>>>> START com.android.internal.os.RuntimeInit uid 2000 <<<<<<
08-05 16:13:50.974 20900 20900 D AndroidRuntime: CheckJNI is OFF
08-05 16:13:51.005 20900 20900 D ICU     : No timezone override file found: /data/misc/zoneinfo/current/icu/icu_tzdata.dat
08-05 16:13:51.037 20900 20900 I Radio-JNI: register_android_hardware_Radio DONE
08-05 16:13:51.055 17259 17294 I art     : Starting a blocking GC Explicit
08-05 16:13:51.060 20900 20900 D AndroidRuntime: Calling main entry com.android.commands.input.Input
08-05 16:13:51.061 20900 20900 I Input   : injectKeyEvent: KeyEvent { action=ACTION_DOWN, keyCode=KEYCODE_BACK, scanCode=0, metaState=0, flags=0x0, repeatCount=0, eventTime=807247474, downTime=807247474, deviceId=-1, source=0x101 }
08-05 16:13:51.066 20900 20900 I Input   : injectKeyEvent: KeyEvent { action=ACTION_UP, keyCode=KEYCODE_BACK, scanCode=0, metaState=0, flags=0x0, repeatCount=0, eventTime=807247474, downTime=807247474, deviceId=-1, source=0x101 }
08-05 16:13:51.071 20900 20900 D AndroidRuntime: Shutting down VM
08-05 16:13:51.079 17259 17294 I art     : Explicit concurrent mark sweep GC freed 1475(84KB) AllocSpace objects, 1(20KB) LOS objects, 22% free, 53MB/69MB, paused 653us total 24.443ms
08-05 16:13:51.089 17259 17294 I art     : Starting a blocking GC Explicit
08-05 16:13:51.113 17259 17294 I art     : Explicit concurrent mark sweep GC freed 34(1232B) AllocSpace objects, 0(0B) LOS objects, 22% free, 53MB/69MB, paused 508us total 23.180ms
08-05 16:13:51.121 13866 13866 I GoogleInputMethodServic: GoogleInputMethodService.onFinishInput():3138 
08-05 16:13:51.121 13866 13866 I GoogleInputMethodServic: GoogleInputMethodService.onStartInput():1808 
08-05 16:13:51.122 17259 17294 I art     : Starting a blocking GC Explicit
08-05 16:13:51.145 17259 17294 I art     : Explicit concurrent mark sweep GC freed 39(1408B) AllocSpace objects, 0(0B) LOS objects, 22% free, 53MB/69MB, paused 509us total 23.379ms
08-05 16:13:51.154 17259 17294 I art     : Starting a blocking GC Explicit
08-05 16:13:51.177 17259 17294 I art     : Explicit concurrent mark sweep GC freed 10(384B) AllocSpace objects, 0(0B) LOS objects, 22% free, 53MB/69MB, paused 508us total 22.346ms
08-05 16:13:51.185 17259 17294 I art     : Starting a blocking GC Explicit
08-05 16:13:51.206 17259 17294 I art     : Explicit concurrent mark sweep GC freed 3(96B) AllocSpace objects, 0(0B) LOS objects, 22% free, 53MB/69MB, paused 476us total 20.744ms
08-05 16:13:51.435   380   380 W SurfaceFlinger: couldn't log to binary event log: overflow.
08-05 16:13:51.459 17259 17272 I art     : Starting a blocking GC Explicit
08-05 16:13:51.481 17259 17272 I art     : Explicit concurrent mark sweep GC freed 1454(86KB) AllocSpace objects, 1(20KB) LOS objects, 22% free, 53MB/69MB, paused 500us total 21.895ms
08-05 16:13:51.489 17259 17272 I art     : Starting a blocking GC Explicit
08-05 16:13:51.511 17259 17272 I art     : Explicit concurrent mark sweep GC freed 1670(108KB) AllocSpace objects, 3(180KB) LOS objects, 23% free, 53MB/69MB, paused 504us total 22.117ms
08-05 16:13:51.519 17259 17272 I art     : Starting a blocking GC Explicit
08-05 16:13:51.542 17259 17272 I art     : Explicit concurrent mark sweep GC freed 3(96B) AllocSpace objects, 0(0B) LOS objects, 23% free, 53MB/69MB, paused 509us total 22.338ms
08-05 16:13:51.550 17259 17272 I art     : Starting a blocking GC Explicit
08-05 16:13:51.572 17259 17272 I art     : Explicit concurrent mark sweep GC freed 3(96B) AllocSpace objects, 0(0B) LOS objects, 23% free, 53MB/69MB, paused 512us total 21.800ms
08-05 16:13:51.581 17259 17272 I art     : Starting a blocking GC Explicit
08-05 16:13:51.603 17259 17272 I art     : Explicit concurrent mark sweep GC freed 3(96B) AllocSpace objects, 0(0B) LOS objects, 23% free, 53MB/69MB, paused 521us total 22.033ms
08-05 16:13:51.901 17259 17529 I art     : Starting a blocking GC Explicit
08-05 16:13:51.932 17259 17529 I art     : Explicit concurrent mark sweep GC freed 1344(78KB) AllocSpace objects, 1(20KB) LOS objects, 23% free, 53MB/69MB, paused 591us total 30.645ms
08-05 16:13:51.943 17259 17529 I art     : Starting a blocking GC Explicit
08-05 16:13:51.968 17259 17529 I art     : Explicit concurrent mark sweep GC freed 20(704B) AllocSpace objects, 0(0B) LOS objects, 23% free, 53MB/69MB, paused 548us total 24.869ms
08-05 16:13:51.978 17259 17529 I art     : Starting a blocking GC Explicit
08-05 16:13:52.003 17259 17529 I art     : Explicit concurrent mark sweep GC freed 3(96B) AllocSpace objects, 0(0B) LOS objects, 23% free, 53MB/69MB, paused 552us total 24.830ms
08-05 16:13:52.012 17259 17529 I art     : Starting a blocking GC Explicit
08-05 16:13:52.037 17259 17529 I art     : Explicit concurrent mark sweep GC freed 3(96B) AllocSpace objects, 0(0B) LOS objects, 23% free, 53MB/69MB, paused 542us total 25.151ms
08-05 16:13:52.047 17259 17529 I art     : Starting a blocking GC Explicit
08-05 16:13:52.072 17259 17529 I art     : Explicit concurrent mark sweep GC freed 3(96B) AllocSpace objects, 0(0B) LOS objects, 23% free, 53MB/69MB, paused 551us total 24.873ms
08-05 16:13:52.369 17259 18347 I art     : Starting a blocking GC Explicit
08-05 16:13:52.393 17259 18347 I art     : Explicit concurrent mark sweep GC freed 1357(78KB) AllocSpace objects, 1(20KB) LOS objects, 23% free, 53MB/69MB, paused 536us total 24.317ms
08-05 16:13:52.402 17259 18347 I art     : Starting a blocking GC Explicit
08-05 16:13:52.427 17259 18347 I art     : Explicit concurrent mark sweep GC freed 34(1136B) AllocSpace objects, 0(0B) LOS objects, 23% free, 53MB/69MB, paused 533us total 23.940ms
08-05 16:13:52.436 17259 18347 I art     : Starting a blocking GC Explicit
08-05 16:13:52.460 17259 18347 I art     : Explicit concurrent mark sweep GC freed 3(96B) AllocSpace objects, 0(0B) LOS objects, 23% free, 53MB/69MB, paused 531us total 23.058ms
08-05 16:13:52.468 17259 18347 I art     : Starting a blocking GC Explicit
08-05 16:13:52.491 17259 18347 I art     : Explicit concurrent mark sweep GC freed 3(96B) AllocSpace objects, 0(0B) LOS objects, 23% free, 53MB/69MB, paused 534us total 22.855ms
08-05 16:13:52.501 17259 18347 I art     : Starting a blocking GC Explicit
08-05 16:13:52.524 17259 18347 I art     : Explicit concurrent mark sweep GC freed 3(96B) AllocSpace objects, 0(0B) LOS objects, 23% free, 53MB/69MB, paused 522us total 23.594ms
08-05 16:13:52.730 20965 20965 D AndroidRuntime: >>>>>> START com.android.internal.os.RuntimeInit uid 2000 <<<<<<
08-05 16:13:52.735 20965 20965 D AndroidRuntime: CheckJNI is OFF
08-05 16:13:52.767 20965 20965 D ICU     : No timezone override file found: /data/misc/zoneinfo/current/icu/icu_tzdata.dat
08-05 16:13:52.800 20965 20965 I Radio-JNI: register_android_hardware_Radio DONE
08-05 16:13:52.819 17259 17271 I art     : Starting a blocking GC Explicit
08-05 16:13:52.823 20965 20965 D AndroidRuntime: Calling main entry com.android.commands.input.Input
08-05 16:13:52.825 20965 20965 I Input   : injectMotionEvent: MotionEvent { action=ACTION_DOWN, actionButton=0, id[0]=0, x[0]=255.0, y[0]=1845.0, toolType[0]=TOOL_TYPE_UNKNOWN, buttonState=0, metaState=0, flags=0x0, edgeFlags=0x0, pointerCount=1, historySize=0, eventTime=807249237, downTime=807249237, deviceId=0, source=0x1002 }
08-05 16:13:52.829 20965 20965 I Input   : injectMotionEvent: MotionEvent { action=ACTION_UP, actionButton=0, id[0]=0, x[0]=255.0, y[0]=1845.0, toolType[0]=TOOL_TYPE_UNKNOWN, buttonState=0, metaState=0, flags=0x0, edgeFlags=0x0, pointerCount=1, historySize=0, eventTime=807249237, downTime=807249237, deviceId=0, source=0x1002 }
08-05 16:13:52.830   918  3961 I ActivityManager: START u0 {cmp=baseline.appteam.nith.hillffair/.activities.ClubActivity (has extras)} from uid 10675 on display 0
08-05 16:13:52.837 20965 20965 D AndroidRuntime: Shutting down VM
08-05 16:13:52.843 17259 17271 I art     : Explicit concurrent mark sweep GC freed 1369(79KB) AllocSpace objects, 1(20KB) LOS objects, 23% free, 53MB/69MB, paused 525us total 24.717ms
08-05 16:13:52.854 17259 17271 I art     : Starting a blocking GC Explicit
08-05 16:13:52.876 17259 17271 I art     : Explicit concurrent mark sweep GC freed 3557(268KB) AllocSpace objects, 0(0B) LOS objects, 22% free, 53MB/69MB, paused 720us total 21.915ms
08-05 16:13:52.884 17259 17271 I art     : Starting a blocking GC Explicit
08-05 16:13:52.905 17259 17271 I art     : Explicit concurrent mark sweep GC freed 323(26KB) AllocSpace objects, 0(0B) LOS objects, 22% free, 53MB/69MB, paused 502us total 20.741ms
08-05 16:13:52.907 17259 17259 I NAPPA_EXPERIMENTATION: MetricNetworkRequestExecutionTime: REQUEST_DURATION_SYSTEM='42',REQUEST_DURATION_OKHTTP='41',REQUEST_SYNCHRONOUS='FALSE',RESPONSE_CODE='200',RESPONSE_METHOD='GET',RESPONSE_LENGTH_OKHTTP='1171',RESPONSE_LENGTH_HEADER='-2',REQUEST_PROTOCOL='http/1.1',REQUEST_URL='https://api-hillfair-2k16.herokuapp.com/api/app/club/Technical%20Committee',
08-05 16:13:52.914 17259 17271 I art     : Starting a blocking GC Explicit
08-05 16:13:52.925   918   936 I ActivityManager: Displayed baseline.appteam.nith.hillffair/.activities.ClubActivity: +88ms
08-05 16:13:52.926 13866 13866 I GoogleInputMethodServic: GoogleInputMethodService.onFinishInput():3138 
08-05 16:13:52.926 13866 13866 I GoogleInputMethodServic: GoogleInputMethodService.onStartInput():1808 
08-05 16:13:52.936 17259 17271 I art     : Explicit concurrent mark sweep GC freed 649(48KB) AllocSpace objects, 0(0B) LOS objects, 22% free, 53MB/69MB, paused 530us total 22.624ms
08-05 16:13:52.946 17259 17271 I art     : Starting a blocking GC Explicit
08-05 16:13:52.969 17259 17271 I art     : Explicit concurrent mark sweep GC freed 61(2128B) AllocSpace objects, 0(0B) LOS objects, 22% free, 53MB/69MB, paused 511us total 23.036ms
08-05 16:13:53.200   380   380 W SurfaceFlinger: couldn't log to binary event log: overflow.
08-05 16:13:53.259 17259 17294 I art     : Starting a blocking GC Explicit
08-05 16:13:53.281 17259 17294 I art     : Explicit concurrent mark sweep GC freed 1346(78KB) AllocSpace objects, 1(20KB) LOS objects, 22% free, 53MB/69MB, paused 474us total 21.737ms
08-05 16:13:53.290 17259 17294 I art     : Starting a blocking GC Explicit
08-05 16:13:53.315 17259 17294 I art     : Explicit concurrent mark sweep GC freed 111(6KB) AllocSpace objects, 0(0B) LOS objects, 22% free, 53MB/69MB, paused 540us total 25.179ms
08-05 16:13:53.325 17259 17294 I art     : Starting a blocking GC Explicit
08-05 16:13:53.349 17259 17294 I art     : Explicit concurrent mark sweep GC freed 12(464B) AllocSpace objects, 0(0B) LOS objects, 22% free, 53MB/69MB, paused 586us total 23.498ms
08-05 16:13:53.358 17259 17294 I art     : Starting a blocking GC Explicit
08-05 16:13:53.381 17259 17294 I art     : Explicit concurrent mark sweep GC freed 19(656B) AllocSpace objects, 0(0B) LOS objects, 22% free, 53MB/69MB, paused 523us total 22.884ms
08-05 16:13:53.390 17259 17294 I art     : Starting a blocking GC Explicit
08-05 16:13:53.414 17259 17294 I art     : Explicit concurrent mark sweep GC freed 3(96B) AllocSpace objects, 0(0B) LOS objects, 22% free, 53MB/69MB, paused 515us total 23.498ms
08-05 16:13:53.709 17259 18347 I art     : Starting a blocking GC Explicit
08-05 16:13:53.740 17259 18347 I art     : Explicit concurrent mark sweep GC freed 1344(78KB) AllocSpace objects, 1(20KB) LOS objects, 22% free, 53MB/69MB, paused 582us total 30.575ms
08-05 16:13:53.751 17259 18347 I art     : Starting a blocking GC Explicit
08-05 16:13:53.778 17259 18347 I art     : Explicit concurrent mark sweep GC freed 20(704B) AllocSpace objects, 0(0B) LOS objects, 22% free, 53MB/69MB, paused 588us total 25.900ms
08-05 16:13:53.787 17259 18347 I art     : Starting a blocking GC Explicit
08-05 16:13:53.812 17259 18347 I art     : Explicit concurrent mark sweep GC freed 3(96B) AllocSpace objects, 0(0B) LOS objects, 22% free, 53MB/69MB, paused 531us total 25.136ms
08-05 16:13:53.822 17259 18347 I art     : Starting a blocking GC Explicit
08-05 16:13:53.847 17259 18347 I art     : Explicit concurrent mark sweep GC freed 3(96B) AllocSpace objects, 0(0B) LOS objects, 22% free, 53MB/69MB, paused 613us total 25.247ms
08-05 16:13:53.856 17259 18347 I art     : Starting a blocking GC Explicit
08-05 16:13:53.882 17259 18347 I art     : Explicit concurrent mark sweep GC freed 3(96B) AllocSpace objects, 0(0B) LOS objects, 22% free, 53MB/69MB, paused 537us total 25.391ms
08-05 16:13:53.888   518   646 I ThermalEngine: ACTION: GPU - Setting GPU[0] to 450000000
08-05 16:13:54.199 17259 17271 I art     : Starting a blocking GC Explicit
08-05 16:13:54.243 17259 17271 I art     : Explicit concurrent mark sweep GC freed 1344(78KB) AllocSpace objects, 1(20KB) LOS objects, 22% free, 53MB/69MB, paused 826us total 44.054ms
08-05 16:13:54.260 17259 17271 I art     : Starting a blocking GC Explicit
08-05 16:13:54.297 17259 17271 I art     : Explicit concurrent mark sweep GC freed 20(704B) AllocSpace objects, 0(0B) LOS objects, 22% free, 53MB/69MB, paused 762us total 36.443ms
08-05 16:13:54.309 17259 17271 I art     : Starting a blocking GC Explicit
08-05 16:13:54.340 17259 17271 I art     : Explicit concurrent mark sweep GC freed 3(96B) AllocSpace objects, 0(0B) LOS objects, 22% free, 53MB/69MB, paused 722us total 31.127ms
08-05 16:13:54.352 17259 17271 I art     : Starting a blocking GC Explicit
08-05 16:13:54.384 17259 17271 I art     : Explicit concurrent mark sweep GC freed 3(96B) AllocSpace objects, 0(0B) LOS objects, 22% free, 53MB/69MB, paused 716us total 31.919ms
08-05 16:13:54.396 17259 17271 I art     : Starting a blocking GC Explicit
08-05 16:13:54.428 17259 17271 I art     : Explicit concurrent mark sweep GC freed 3(96B) AllocSpace objects, 0(0B) LOS objects, 22% free, 53MB/69MB, paused 781us total 31.553ms
08-05 16:13:54.782 17259 17272 I art     : Starting a blocking GC Explicit
08-05 16:13:54.825 17259 17272 I art     : Explicit concurrent mark sweep GC freed 1344(78KB) AllocSpace objects, 1(20KB) LOS objects, 22% free, 53MB/69MB, paused 780us total 42.746ms
08-05 16:13:54.840 17259 17272 I art     : Starting a blocking GC Explicit
08-05 16:13:54.876 17259 17272 I art     : Explicit concurrent mark sweep GC freed 20(704B) AllocSpace objects, 0(0B) LOS objects, 22% free, 53MB/69MB, paused 730us total 35.745ms
08-05 16:13:54.888 17259 17272 I art     : Starting a blocking GC Explicit
08-05 16:13:54.922 17259 17272 I art     : Explicit concurrent mark sweep GC freed 3(96B) AllocSpace objects, 0(0B) LOS objects, 22% free, 53MB/69MB, paused 793us total 33.707ms
08-05 16:13:54.934 17259 17272 I art     : Starting a blocking GC Explicit
08-05 16:13:54.967 17259 17272 I art     : Explicit concurrent mark sweep GC freed 3(96B) AllocSpace objects, 0(0B) LOS objects, 22% free, 53MB/69MB, paused 816us total 32.983ms
08-05 16:13:54.979 17259 17272 I art     : Starting a blocking GC Explicit
08-05 16:13:55.014 17259 17272 I art     : Explicit concurrent mark sweep GC freed 3(96B) AllocSpace objects, 0(0B) LOS objects, 22% free, 53MB/69MB, paused 727us total 34.245ms
08-05 16:13:55.266 12631 12631 I ServiceManager: Waiting for service AtCmdFwd...
08-05 16:13:55.361 17259 17529 I art     : Starting a blocking GC Explicit
08-05 16:13:55.400 17259 17529 I art     : Explicit concurrent mark sweep GC freed 1344(78KB) AllocSpace objects, 1(20KB) LOS objects, 22% free, 53MB/69MB, paused 759us total 38.934ms
08-05 16:13:55.415 17259 17529 I art     : Starting a blocking GC Explicit
08-05 16:13:55.447 17259 17529 I art     : Explicit concurrent mark sweep GC freed 20(704B) AllocSpace objects, 0(0B) LOS objects, 22% free, 53MB/69MB, paused 782us total 31.732ms
08-05 16:13:55.459 17259 17529 I art     : Starting a blocking GC Explicit
08-05 16:13:55.494 17259 17529 I art     : Explicit concurrent mark sweep GC freed 3(96B) AllocSpace objects, 0(0B) LOS objects, 22% free, 53MB/69MB, paused 722us total 34.700ms
08-05 16:13:55.506 17259 17529 I art     : Starting a blocking GC Explicit
08-05 16:13:55.541 17259 17529 I art     : Explicit concurrent mark sweep GC freed 3(96B) AllocSpace objects, 0(0B) LOS objects, 22% free, 53MB/69MB, paused 729us total 34.281ms
08-05 16:13:55.553 17259 17529 I art     : Starting a blocking GC Explicit
08-05 16:13:55.588 17259 17529 I art     : Explicit concurrent mark sweep GC freed 3(96B) AllocSpace objects, 0(0B) LOS objects, 22% free, 53MB/69MB, paused 766us total 34.194ms
08-05 16:13:55.954 17259 17294 I art     : Starting a blocking GC Explicit
08-05 16:13:55.994 17259 17294 I art     : Explicit concurrent mark sweep GC freed 1344(78KB) AllocSpace objects, 1(20KB) LOS objects, 22% free, 53MB/69MB, paused 795us total 39.753ms
08-05 16:13:56.009 17259 17294 I art     : Starting a blocking GC Explicit
08-05 16:13:56.044 17259 17294 I art     : Explicit concurrent mark sweep GC freed 20(704B) AllocSpace objects, 0(0B) LOS objects, 22% free, 53MB/69MB, paused 732us total 34.240ms
08-05 16:13:56.056 17259 17294 I art     : Starting a blocking GC Explicit
08-05 16:13:56.091 17259 17294 I art     : Explicit concurrent mark sweep GC freed 3(96B) AllocSpace objects, 0(0B) LOS objects, 22% free, 53MB/69MB, paused 732us total 34.537ms
08-05 16:13:56.103 17259 17294 I art     : Starting a blocking GC Explicit
08-05 16:13:56.137 17259 17294 I art     : Explicit concurrent mark sweep GC freed 3(96B) AllocSpace objects, 0(0B) LOS objects, 22% free, 53MB/69MB, paused 853us total 34.460ms
08-05 16:13:56.150 17259 17294 I art     : Starting a blocking GC Explicit
08-05 16:13:56.184 17259 17294 I art     : Explicit concurrent mark sweep GC freed 3(96B) AllocSpace objects, 0(0B) LOS objects, 22% free, 53MB/69MB, paused 748us total 34.442ms
08-05 16:13:56.267 12631 12631 I ServiceManager: Waiting for service AtCmdFwd...
08-05 16:13:56.515 17259 18347 I art     : Starting a blocking GC Explicit
08-05 16:13:56.562 17259 18347 I art     : Explicit concurrent mark sweep GC freed 1344(78KB) AllocSpace objects, 1(20KB) LOS objects, 22% free, 53MB/69MB, paused 831us total 45.763ms
08-05 16:13:56.582 17259 18347 I art     : Starting a blocking GC Explicit
08-05 16:13:56.620 17259 18347 I art     : Explicit concurrent mark sweep GC freed 20(704B) AllocSpace objects, 0(0B) LOS objects, 22% free, 53MB/69MB, paused 739us total 37.009ms
08-05 16:13:56.632 17259 18347 I art     : Starting a blocking GC Explicit
08-05 16:13:56.666 17259 18347 I art     : Explicit concurrent mark sweep GC freed 3(96B) AllocSpace objects, 0(0B) LOS objects, 22% free, 53MB/69MB, paused 807us total 34.444ms
08-05 16:13:56.679 17259 18347 I art     : Starting a blocking GC Explicit
08-05 16:13:56.712 17259 18347 I art     : Explicit concurrent mark sweep GC freed 3(96B) AllocSpace objects, 0(0B) LOS objects, 22% free, 53MB/69MB, paused 734us total 32.689ms
08-05 16:13:56.724 17259 18347 I art     : Starting a blocking GC Explicit
08-05 16:13:56.759 17259 18347 I art     : Explicit concurrent mark sweep GC freed 3(96B) AllocSpace objects, 0(0B) LOS objects, 22% free, 53MB/69MB, paused 735us total 34.813ms
08-05 16:13:56.894   518   646 I ThermalEngine: ACTION: GPU - Setting GPU[0] to 510000000
08-05 16:13:57.103 17259 17271 I art     : Starting a blocking GC Explicit
08-05 16:13:57.129 17259 17271 I art     : Explicit concurrent mark sweep GC freed 1344(78KB) AllocSpace objects, 1(20KB) LOS objects, 22% free, 53MB/69MB, paused 590us total 25.317ms
08-05 16:13:57.138 17259 17271 I art     : Starting a blocking GC Explicit
08-05 16:13:57.162 17259 17271 I art     : Explicit concurrent mark sweep GC freed 20(704B) AllocSpace objects, 0(0B) LOS objects, 22% free, 53MB/69MB, paused 544us total 24.141ms
08-05 16:13:57.172 17259 17271 I art     : Starting a blocking GC Explicit
08-05 16:13:57.195 17259 17271 I art     : Explicit concurrent mark sweep GC freed 3(96B) AllocSpace objects, 0(0B) LOS objects, 22% free, 53MB/69MB, paused 549us total 22.941ms
08-05 16:13:57.204 17259 17271 I art     : Starting a blocking GC Explicit
08-05 16:13:57.228 17259 17271 I art     : Explicit concurrent mark sweep GC freed 3(96B) AllocSpace objects, 0(0B) LOS objects, 22% free, 53MB/69MB, paused 668us total 24.114ms
08-05 16:13:57.237 17259 17271 I art     : Starting a blocking GC Explicit
08-05 16:13:57.261 17259 17271 I art     : Explicit concurrent mark sweep GC freed 3(96B) AllocSpace objects, 0(0B) LOS objects, 22% free, 53MB/69MB, paused 544us total 23.601ms
08-05 16:13:57.268 12631 12631 I ServiceManager: Waiting for service AtCmdFwd...
08-05 16:13:57.488 21115 21115 D AndroidRuntime: >>>>>> START com.android.internal.os.RuntimeInit uid 2000 <<<<<<
08-05 16:13:57.494 21115 21115 D AndroidRuntime: CheckJNI is OFF
08-05 16:13:57.526 21115 21115 D ICU     : No timezone override file found: /data/misc/zoneinfo/current/icu/icu_tzdata.dat
08-05 16:13:57.559 21115 21115 I Radio-JNI: register_android_hardware_Radio DONE
08-05 16:13:57.580 17259 17272 I art     : Starting a blocking GC Explicit
08-05 16:13:57.580 21115 21115 D AndroidRuntime: Calling main entry com.android.commands.input.Input
08-05 16:13:57.582 21115 21115 I Input   : injectKeyEvent: KeyEvent { action=ACTION_DOWN, keyCode=KEYCODE_BACK, scanCode=0, metaState=0, flags=0x0, repeatCount=0, eventTime=807253995, downTime=807253995, deviceId=-1, source=0x101 }
08-05 16:13:57.587 21115 21115 I Input   : injectKeyEvent: KeyEvent { action=ACTION_UP, keyCode=KEYCODE_BACK, scanCode=0, metaState=0, flags=0x0, repeatCount=0, eventTime=807253995, downTime=807253995, deviceId=-1, source=0x101 }
08-05 16:13:57.591 21115 21115 D AndroidRuntime: Shutting down VM
08-05 16:13:57.605 17259 17272 I art     : Explicit concurrent mark sweep GC freed 1475(84KB) AllocSpace objects, 1(20KB) LOS objects, 22% free, 53MB/69MB, paused 540us total 24.840ms
08-05 16:13:57.613 17259 17272 I art     : Starting a blocking GC Explicit
08-05 16:13:57.628 13866 13866 I GoogleInputMethodServic: GoogleInputMethodService.onFinishInput():3138 
08-05 16:13:57.629 13866 13866 I GoogleInputMethodServic: GoogleInputMethodService.onStartInput():1808 
08-05 16:13:57.635 17259 17272 I art     : Explicit concurrent mark sweep GC freed 35(1264B) AllocSpace objects, 0(0B) LOS objects, 22% free, 53MB/69MB, paused 498us total 21.573ms
08-05 16:13:57.643 17259 17272 I art     : Starting a blocking GC Explicit
08-05 16:13:57.665 17259 17272 I art     : Explicit concurrent mark sweep GC freed 38(1376B) AllocSpace objects, 0(0B) LOS objects, 22% free, 53MB/69MB, paused 480us total 21.652ms
08-05 16:13:57.674 17259 17272 I art     : Starting a blocking GC Explicit
08-05 16:13:57.697 17259 17272 I art     : Explicit concurrent mark sweep GC freed 10(384B) AllocSpace objects, 0(0B) LOS objects, 22% free, 53MB/69MB, paused 543us total 22.853ms
08-05 16:13:57.705 17259 17272 I art     : Starting a blocking GC Explicit
08-05 16:13:57.725 17259 17272 I art     : Explicit concurrent mark sweep GC freed 3(96B) AllocSpace objects, 0(0B) LOS objects, 22% free, 53MB/69MB, paused 465us total 20.337ms
08-05 16:13:57.942   380   380 W SurfaceFlinger: couldn't log to binary event log: overflow.
08-05 16:13:57.991 17259 17272 I art     : Starting a blocking GC Explicit
08-05 16:13:58.016 17259 17272 I art     : Explicit concurrent mark sweep GC freed 1453(86KB) AllocSpace objects, 1(20KB) LOS objects, 22% free, 53MB/69MB, paused 537us total 24.758ms
08-05 16:13:58.024 17259 17272 I art     : Starting a blocking GC Explicit
08-05 16:13:58.048 17259 17272 I art     : Explicit concurrent mark sweep GC freed 1569(104KB) AllocSpace objects, 2(68KB) LOS objects, 23% free, 53MB/69MB, paused 523us total 23.303ms
08-05 16:13:58.057 17259 17272 I art     : Starting a blocking GC Explicit
08-05 16:13:58.081 17259 17272 I art     : Explicit concurrent mark sweep GC freed 3(96B) AllocSpace objects, 0(0B) LOS objects, 23% free, 53MB/69MB, paused 538us total 24.193ms
08-05 16:13:58.090 17259 17272 I art     : Starting a blocking GC Explicit
08-05 16:13:58.115 17259 17272 I art     : Explicit concurrent mark sweep GC freed 3(96B) AllocSpace objects, 0(0B) LOS objects, 23% free, 53MB/69MB, paused 535us total 24.160ms
08-05 16:13:58.124 17259 17272 I art     : Starting a blocking GC Explicit
08-05 16:13:58.148 17259 17272 I art     : Explicit concurrent mark sweep GC freed 3(96B) AllocSpace objects, 0(0B) LOS objects, 23% free, 53MB/69MB, paused 553us total 23.698ms
08-05 16:13:58.269 12631 12631 I ServiceManager: Waiting for service AtCmdFwd...
08-05 16:13:58.400   918  3188 I hubconnection: sensorhub said: 'set_bias 3: -6.2400, 0.0000, 0.0000'
08-05 16:13:58.443 17259 17294 I art     : Starting a blocking GC Explicit
08-05 16:13:58.474 17259 17294 I art     : Explicit concurrent mark sweep GC freed 1344(78KB) AllocSpace objects, 1(20KB) LOS objects, 23% free, 53MB/69MB, paused 697us total 31.200ms
08-05 16:13:58.487 17259 17294 I art     : Starting a blocking GC Explicit
08-05 16:13:58.513 17259 17294 I art     : Explicit concurrent mark sweep GC freed 20(704B) AllocSpace objects, 0(0B) LOS objects, 23% free, 53MB/69MB, paused 528us total 25.565ms
08-05 16:13:58.522 17259 17294 I art     : Starting a blocking GC Explicit
08-05 16:13:58.547 17259 17294 I art     : Explicit concurrent mark sweep GC freed 3(96B) AllocSpace objects, 0(0B) LOS objects, 23% free, 53MB/69MB, paused 564us total 24.866ms
08-05 16:13:58.557 17259 17294 I art     : Starting a blocking GC Explicit
08-05 16:13:58.582 17259 17294 I art     : Explicit concurrent mark sweep GC freed 3(96B) AllocSpace objects, 0(0B) LOS objects, 23% free, 53MB/69MB, paused 550us total 24.869ms
08-05 16:13:58.591 17259 17294 I art     : Starting a blocking GC Explicit
08-05 16:13:58.615 17259 17294 I art     : Explicit concurrent mark sweep GC freed 3(96B) AllocSpace objects, 0(0B) LOS objects, 23% free, 53MB/69MB, paused 533us total 23.991ms
08-05 16:13:58.902 17259 17529 I art     : Starting a blocking GC Explicit
08-05 16:13:58.926 17259 17529 I art     : Explicit concurrent mark sweep GC freed 1344(78KB) AllocSpace objects, 1(20KB) LOS objects, 23% free, 53MB/69MB, paused 552us total 24.686ms
08-05 16:13:58.936 17259 17529 I art     : Starting a blocking GC Explicit
08-05 16:13:58.960 17259 17529 I art     : Explicit concurrent mark sweep GC freed 20(704B) AllocSpace objects, 0(0B) LOS objects, 23% free, 53MB/69MB, paused 547us total 24.256ms
08-05 16:13:58.970 17259 17529 I art     : Starting a blocking GC Explicit
08-05 16:13:58.993 17259 17529 I art     : Explicit concurrent mark sweep GC freed 3(96B) AllocSpace objects, 0(0B) LOS objects, 23% free, 53MB/69MB, paused 541us total 23.020ms
08-05 16:13:59.002 17259 17529 I art     : Starting a blocking GC Explicit
08-05 16:13:59.025 17259 17529 I art     : Explicit concurrent mark sweep GC freed 3(96B) AllocSpace objects, 0(0B) LOS objects, 23% free, 53MB/69MB, paused 537us total 22.982ms
08-05 16:13:59.034 17259 17529 I art     : Starting a blocking GC Explicit
08-05 16:13:59.057 17259 17529 I art     : Explicit concurrent mark sweep GC freed 3(96B) AllocSpace objects, 0(0B) LOS objects, 23% free, 53MB/69MB, paused 604us total 23.158ms
08-05 16:13:59.250 21227 21227 D AndroidRuntime: >>>>>> START com.android.internal.os.RuntimeInit uid 2000 <<<<<<
08-05 16:13:59.255 21227 21227 D AndroidRuntime: CheckJNI is OFF
08-05 16:13:59.269 12631 12631 I ServiceManager: Waiting for service AtCmdFwd...
08-05 16:13:59.290 21227 21227 D ICU     : No timezone override file found: /data/misc/zoneinfo/current/icu/icu_tzdata.dat
08-05 16:13:59.324 21227 21227 I Radio-JNI: register_android_hardware_Radio DONE
08-05 16:13:59.332 17259 18347 I art     : Starting a blocking GC Explicit
08-05 16:13:59.346 21227 21227 D AndroidRuntime: Calling main entry com.android.commands.input.Input
08-05 16:13:59.348 21227 21227 I Input   : injectMotionEvent: MotionEvent { action=ACTION_DOWN, actionButton=0, id[0]=0, x[0]=369.0, y[0]=554.0, toolType[0]=TOOL_TYPE_UNKNOWN, buttonState=0, metaState=0, flags=0x0, edgeFlags=0x0, pointerCount=1, historySize=0, eventTime=807255760, downTime=807255760, deviceId=0, source=0x1002 }
08-05 16:13:59.353 21227 21227 I Input   : injectMotionEvent: MotionEvent { action=ACTION_UP, actionButton=0, id[0]=0, x[0]=369.0, y[0]=554.0, toolType[0]=TOOL_TYPE_UNKNOWN, buttonState=0, metaState=0, flags=0x0, edgeFlags=0x0, pointerCount=1, historySize=0, eventTime=807255760, downTime=807255760, deviceId=0, source=0x1002 }
08-05 16:13:59.354   918  4400 I ActivityManager: START u0 {cmp=baseline.appteam.nith.hillffair/.activities.ClubActivity (has extras)} from uid 10675 on display 0
08-05 16:13:59.357 17259 18347 I art     : Explicit concurrent mark sweep GC freed 1344(78KB) AllocSpace objects, 1(20KB) LOS objects, 23% free, 53MB/69MB, paused 784us total 24.086ms
08-05 16:13:59.361 21227 21227 D AndroidRuntime: Shutting down VM
08-05 16:13:59.370 17259 18347 I art     : Starting a blocking GC Explicit
08-05 16:13:59.393 17259 18347 I art     : Explicit concurrent mark sweep GC freed 3029(178KB) AllocSpace objects, 0(0B) LOS objects, 22% free, 53MB/69MB, paused 980us total 22.917ms
08-05 16:13:59.402 17259 18347 I art     : Starting a blocking GC Explicit
08-05 16:13:59.423 17259 18347 I art     : Explicit concurrent mark sweep GC freed 819(111KB) AllocSpace objects, 0(0B) LOS objects, 22% free, 53MB/69MB, paused 506us total 21.291ms
08-05 16:13:59.431 17259 18347 I art     : Starting a blocking GC Explicit
08-05 16:13:59.448 17259 17259 I NAPPA_EXPERIMENTATION: MetricNetworkRequestExecutionTime: REQUEST_DURATION_SYSTEM='61',REQUEST_DURATION_OKHTTP='39',REQUEST_SYNCHRONOUS='FALSE',RESPONSE_CODE='200',RESPONSE_METHOD='GET',RESPONSE_LENGTH_OKHTTP='979',RESPONSE_LENGTH_HEADER='-2',REQUEST_PROTOCOL='http/1.1',REQUEST_URL='https://api-hillfair-2k16.herokuapp.com/api/app/club/PR%20Club',
08-05 16:13:59.453 17259 18347 I art     : Explicit concurrent mark sweep GC freed 701(49KB) AllocSpace objects, 0(0B) LOS objects, 22% free, 53MB/69MB, paused 561us total 22.026ms
08-05 16:13:59.454   918   936 I ActivityManager: Displayed baseline.appteam.nith.hillffair/.activities.ClubActivity: +92ms
08-05 16:13:59.456 13866 13866 I GoogleInputMethodServic: GoogleInputMethodService.onFinishInput():3138 
08-05 16:13:59.457 13866 13866 I GoogleInputMethodServic: GoogleInputMethodService.onStartInput():1808 
08-05 16:13:59.463 17259 18347 I art     : Starting a blocking GC Explicit
08-05 16:13:59.487 17259 18347 I art     : Explicit concurrent mark sweep GC freed 140(7KB) AllocSpace objects, 0(0B) LOS objects, 22% free, 53MB/69MB, paused 585us total 23.910ms
08-05 16:13:59.694   380   380 W SurfaceFlinger: couldn't log to binary event log: overflow.
08-05 16:13:59.764 17259 17271 I art     : Starting a blocking GC Explicit
08-05 16:13:59.787 17259 17271 I art     : Explicit concurrent mark sweep GC freed 1351(78KB) AllocSpace objects, 1(20KB) LOS objects, 22% free, 53MB/69MB, paused 653us total 23.321ms
08-05 16:13:59.797 17259 17271 I art     : Starting a blocking GC Explicit
08-05 16:13:59.822 17259 17271 I art     : Explicit concurrent mark sweep GC freed 20(704B) AllocSpace objects, 0(0B) LOS objects, 22% free, 53MB/69MB, paused 524us total 24.479ms
08-05 16:13:59.831 17259 17271 I art     : Starting a blocking GC Explicit
08-05 16:13:59.859 17259 17271 I art     : Explicit concurrent mark sweep GC freed 103(5KB) AllocSpace objects, 0(0B) LOS objects, 22% free, 53MB/69MB, paused 545us total 27.825ms
08-05 16:13:59.868 17259 17271 I art     : Starting a blocking GC Explicit
08-05 16:13:59.893 17259 17271 I art     : Explicit concurrent mark sweep GC freed 19(656B) AllocSpace objects, 0(0B) LOS objects, 22% free, 53MB/69MB, paused 546us total 24.387ms
08-05 16:13:59.901   518   646 I ThermalEngine: ACTION: GPU - Setting GPU[0] to 450000000
08-05 16:13:59.907 17259 17271 I art     : Starting a blocking GC Explicit
08-05 16:13:59.937 17259 17271 I art     : Explicit concurrent mark sweep GC freed 3(96B) AllocSpace objects, 0(0B) LOS objects, 22% free, 53MB/69MB, paused 785us total 29.835ms
08-05 16:14:00.234 17259 17529 I art     : Starting a blocking GC Explicit
08-05 16:14:00.269 17259 17529 I art     : Explicit concurrent mark sweep GC freed 1344(78KB) AllocSpace objects, 1(20KB) LOS objects, 22% free, 53MB/69MB, paused 806us total 35.519ms
08-05 16:14:00.269 12631 12631 W Atfwd_Sendcmd: AtCmdFwd service not published, waiting... retryCnt : 1
08-05 16:14:00.283 17259 17529 I art     : Starting a blocking GC Explicit
08-05 16:14:00.315 17259 17529 I art     : Explicit concurrent mark sweep GC freed 20(704B) AllocSpace objects, 0(0B) LOS objects, 22% free, 53MB/69MB, paused 739us total 32.027ms
08-05 16:14:00.327 17259 17529 I art     : Starting a blocking GC Explicit
08-05 16:14:00.359 17259 17529 I art     : Explicit concurrent mark sweep GC freed 3(96B) AllocSpace objects, 0(0B) LOS objects, 22% free, 53MB/69MB, paused 726us total 31.624ms
08-05 16:14:00.371 17259 17529 I art     : Starting a blocking GC Explicit
08-05 16:14:00.403 17259 17529 I art     : Explicit concurrent mark sweep GC freed 3(96B) AllocSpace objects, 0(0B) LOS objects, 22% free, 53MB/69MB, paused 728us total 31.672ms
08-05 16:14:00.414 17259 17529 I art     : Starting a blocking GC Explicit
08-05 16:14:00.446 17259 17529 I art     : Explicit concurrent mark sweep GC freed 3(96B) AllocSpace objects, 0(0B) LOS objects, 22% free, 53MB/69MB, paused 735us total 31.360ms
08-05 16:14:00.761 17259 18347 I art     : Starting a blocking GC Explicit
08-05 16:14:00.806 17259 18347 I art     : Explicit concurrent mark sweep GC freed 1344(78KB) AllocSpace objects, 1(20KB) LOS objects, 22% free, 53MB/69MB, paused 835us total 44.271ms
08-05 16:14:00.822 17259 18347 I art     : Starting a blocking GC Explicit
08-05 16:14:00.857 17259 18347 I art     : Explicit concurrent mark sweep GC freed 20(704B) AllocSpace objects, 0(0B) LOS objects, 22% free, 53MB/69MB, paused 814us total 35.445ms
08-05 16:14:00.869 17259 18347 I art     : Starting a blocking GC Explicit
08-05 16:14:00.901 17259 18347 I art     : Explicit concurrent mark sweep GC freed 3(96B) AllocSpace objects, 0(0B) LOS objects, 22% free, 53MB/69MB, paused 712us total 31.079ms
08-05 16:14:00.912 17259 18347 I art     : Starting a blocking GC Explicit
08-05 16:14:00.943 17259 18347 I art     : Explicit concurrent mark sweep GC freed 3(96B) AllocSpace objects, 0(0B) LOS objects, 22% free, 53MB/69MB, paused 722us total 31.127ms
08-05 16:14:00.955 17259 18347 I art     : Starting a blocking GC Explicit
08-05 16:14:00.986 17259 18347 I art     : Explicit concurrent mark sweep GC freed 3(96B) AllocSpace objects, 0(0B) LOS objects, 22% free, 53MB/69MB, paused 757us total 30.947ms
08-05 16:14:01.307 17259 17272 I art     : Starting a blocking GC Explicit
08-05 16:14:01.351 17259 17272 I art     : Explicit concurrent mark sweep GC freed 1344(78KB) AllocSpace objects, 1(20KB) LOS objects, 22% free, 53MB/69MB, paused 837us total 43.358ms
08-05 16:14:01.365 17259 17272 I art     : Starting a blocking GC Explicit
08-05 16:14:01.399 17259 17272 I art     : Explicit concurrent mark sweep GC freed 20(704B) AllocSpace objects, 0(0B) LOS objects, 22% free, 53MB/69MB, paused 768us total 33.845ms
08-05 16:14:01.411 17259 17272 I art     : Starting a blocking GC Explicit
08-05 16:14:01.446 17259 17272 I art     : Explicit concurrent mark sweep GC freed 3(96B) AllocSpace objects, 0(0B) LOS objects, 22% free, 53MB/69MB, paused 748us total 34.685ms
08-05 16:14:01.458 17259 17272 I art     : Starting a blocking GC Explicit
08-05 16:14:01.490 17259 17272 I art     : Explicit concurrent mark sweep GC freed 3(96B) AllocSpace objects, 0(0B) LOS objects, 22% free, 53MB/69MB, paused 760us total 31.808ms
08-05 16:14:01.503 17259 17272 I art     : Starting a blocking GC Explicit
08-05 16:14:01.537 17259 17272 I art     : Explicit concurrent mark sweep GC freed 3(96B) AllocSpace objects, 0(0B) LOS objects, 22% free, 53MB/69MB, paused 837us total 34.568ms
08-05 16:14:01.869 17259 17294 I art     : Starting a blocking GC Explicit
08-05 16:14:01.912 17259 17294 I art     : Explicit concurrent mark sweep GC freed 1344(78KB) AllocSpace objects, 1(20KB) LOS objects, 22% free, 53MB/69MB, paused 830us total 42.936ms
08-05 16:14:01.929 17259 17294 I art     : Starting a blocking GC Explicit
08-05 16:14:01.967 17259 17294 I art     : Explicit concurrent mark sweep GC freed 20(704B) AllocSpace objects, 0(0B) LOS objects, 22% free, 53MB/69MB, paused 963us total 37.717ms
08-05 16:14:01.980 17259 17294 I art     : Starting a blocking GC Explicit
08-05 16:14:02.014 17259 17294 I art     : Explicit concurrent mark sweep GC freed 3(96B) AllocSpace objects, 0(0B) LOS objects, 22% free, 53MB/69MB, paused 753us total 33.602ms
08-05 16:14:02.026 17259 17294 I art     : Starting a blocking GC Explicit
08-05 16:14:02.060 17259 17294 I art     : Explicit concurrent mark sweep GC freed 3(96B) AllocSpace objects, 0(0B) LOS objects, 22% free, 53MB/69MB, paused 711us total 34.025ms
08-05 16:14:02.072 17259 17294 I art     : Starting a blocking GC Explicit
08-05 16:14:02.106 17259 17294 I art     : Explicit concurrent mark sweep GC freed 3(96B) AllocSpace objects, 0(0B) LOS objects, 22% free, 53MB/69MB, paused 753us total 33.070ms
08-05 16:14:02.447 17259 17271 I art     : Starting a blocking GC Explicit
08-05 16:14:02.486 17259 17271 I art     : Explicit concurrent mark sweep GC freed 1344(78KB) AllocSpace objects, 1(20KB) LOS objects, 22% free, 53MB/69MB, paused 779us total 38.323ms
08-05 16:14:02.501 17259 17271 I art     : Starting a blocking GC Explicit
08-05 16:14:02.536 17259 17271 I art     : Explicit concurrent mark sweep GC freed 20(704B) AllocSpace objects, 0(0B) LOS objects, 22% free, 53MB/69MB, paused 734us total 34.513ms
08-05 16:14:02.548 17259 17271 I art     : Starting a blocking GC Explicit
08-05 16:14:02.581 17259 17271 I art     : Explicit concurrent mark sweep GC freed 3(96B) AllocSpace objects, 0(0B) LOS objects, 22% free, 53MB/69MB, paused 750us total 32.898ms
08-05 16:14:02.593 17259 17271 I art     : Starting a blocking GC Explicit
08-05 16:14:02.628 17259 17271 I art     : Explicit concurrent mark sweep GC freed 3(96B) AllocSpace objects, 0(0B) LOS objects, 22% free, 53MB/69MB, paused 855us total 34.125ms
08-05 16:14:02.628 17259 17270 I art     : WaitForGcToComplete blocked for 22.576ms for cause HeapTrim
08-05 16:14:02.640 17259 17271 I art     : Starting a blocking GC Explicit
08-05 16:14:02.675 17259 17271 I art     : Explicit concurrent mark sweep GC freed 3(96B) AllocSpace objects, 0(0B) LOS objects, 22% free, 53MB/69MB, paused 749us total 34.528ms
08-05 16:14:03.021 17259 17529 I art     : Starting a blocking GC Explicit
08-05 16:14:03.064 17259 17529 I art     : Explicit concurrent mark sweep GC freed 1344(78KB) AllocSpace objects, 1(20KB) LOS objects, 22% free, 53MB/69MB, paused 803us total 42.575ms
08-05 16:14:03.080 17259 17529 I art     : Starting a blocking GC Explicit
08-05 16:14:03.114 17259 17529 I art     : Explicit concurrent mark sweep GC freed 20(704B) AllocSpace objects, 0(0B) LOS objects, 22% free, 53MB/69MB, paused 771us total 32.982ms
08-05 16:14:03.126 17259 17529 I art     : Starting a blocking GC Explicit
08-05 16:14:03.161 17259 17529 I art     : Explicit concurrent mark sweep GC freed 3(96B) AllocSpace objects, 0(0B) LOS objects, 22% free, 53MB/69MB, paused 757us total 35.017ms
08-05 16:14:03.173 17259 17529 I art     : Starting a blocking GC Explicit
08-05 16:14:03.205 17259 17529 I art     : Explicit concurrent mark sweep GC freed 3(96B) AllocSpace objects, 0(0B) LOS objects, 22% free, 53MB/69MB, paused 709us total 31.988ms
08-05 16:14:03.217 17259 17529 I art     : Starting a blocking GC Explicit
08-05 16:14:03.252 17259 17529 I art     : Explicit concurrent mark sweep GC freed 3(96B) AllocSpace objects, 0(0B) LOS objects, 22% free, 53MB/69MB, paused 758us total 33.928ms
08-05 16:14:03.589 17259 18347 I art     : Starting a blocking GC Explicit
08-05 16:14:03.624 17259 18347 I art     : Explicit concurrent mark sweep GC freed 1344(78KB) AllocSpace objects, 1(20KB) LOS objects, 22% free, 53MB/69MB, paused 757us total 34.831ms
08-05 16:14:03.635 17259 18347 I art     : Starting a blocking GC Explicit
08-05 16:14:03.665 17259 18347 I art     : Explicit concurrent mark sweep GC freed 20(704B) AllocSpace objects, 0(0B) LOS objects, 22% free, 53MB/69MB, paused 742us total 29.972ms
08-05 16:14:03.677 17259 18347 I art     : Starting a blocking GC Explicit
08-05 16:14:03.708 17259 18347 I art     : Explicit concurrent mark sweep GC freed 3(96B) AllocSpace objects, 0(0B) LOS objects, 22% free, 53MB/69MB, paused 751us total 30.485ms
08-05 16:14:03.720 17259 18347 I art     : Starting a blocking GC Explicit
08-05 16:14:03.752 17259 18347 I art     : Explicit concurrent mark sweep GC freed 3(96B) AllocSpace objects, 0(0B) LOS objects, 22% free, 53MB/69MB, paused 771us total 32.291ms
08-05 16:14:03.764 17259 18347 I art     : Starting a blocking GC Explicit
08-05 16:14:03.797 17259 18347 I art     : Explicit concurrent mark sweep GC freed 3(96B) AllocSpace objects, 0(0B) LOS objects, 22% free, 53MB/69MB, paused 785us total 32.594ms
08-05 16:14:03.909   518   646 I ThermalEngine: ACTION: GPU - Setting GPU[0] to 510000000
08-05 16:14:04.102 17259 17272 I art     : Starting a blocking GC Explicit
08-05 16:14:04.108 21345 21345 D AndroidRuntime: >>>>>> START com.android.internal.os.RuntimeInit uid 2000 <<<<<<
08-05 16:14:04.113 21345 21345 D AndroidRuntime: CheckJNI is OFF
08-05 16:14:04.128 17259 17272 I art     : Explicit concurrent mark sweep GC freed 1344(78KB) AllocSpace objects, 1(20KB) LOS objects, 22% free, 53MB/69MB, paused 587us total 25.710ms
08-05 16:14:04.137 17259 17272 I art     : Starting a blocking GC Explicit
08-05 16:14:04.150 21345 21345 D ICU     : No timezone override file found: /data/misc/zoneinfo/current/icu/icu_tzdata.dat
08-05 16:14:04.162 17259 17272 I art     : Explicit concurrent mark sweep GC freed 20(704B) AllocSpace objects, 0(0B) LOS objects, 22% free, 53MB/69MB, paused 603us total 24.204ms
08-05 16:14:04.171 17259 17272 I art     : Starting a blocking GC Explicit
08-05 16:14:04.184 21345 21345 I Radio-JNI: register_android_hardware_Radio DONE
08-05 16:14:04.195 17259 17272 I art     : Explicit concurrent mark sweep GC freed 3(96B) AllocSpace objects, 0(0B) LOS objects, 22% free, 53MB/69MB, paused 551us total 23.291ms
08-05 16:14:04.203 17259 17272 I art     : Starting a blocking GC Explicit
08-05 16:14:04.207 21345 21345 D AndroidRuntime: Calling main entry com.android.commands.input.Input
08-05 16:14:04.209 21345 21345 I Input   : injectKeyEvent: KeyEvent { action=ACTION_DOWN, keyCode=KEYCODE_BACK, scanCode=0, metaState=0, flags=0x0, repeatCount=0, eventTime=807260622, downTime=807260622, deviceId=-1, source=0x101 }
08-05 16:14:04.215 21345 21345 I Input   : injectKeyEvent: KeyEvent { action=ACTION_UP, keyCode=KEYCODE_BACK, scanCode=0, metaState=0, flags=0x0, repeatCount=0, eventTime=807260622, downTime=807260622, deviceId=-1, source=0x101 }
08-05 16:14:04.221 21345 21345 D AndroidRuntime: Shutting down VM
08-05 16:14:04.228 17259 17272 I art     : Explicit concurrent mark sweep GC freed 45(1440B) AllocSpace objects, 0(0B) LOS objects, 22% free, 53MB/69MB, paused 856us total 24.476ms
08-05 16:14:04.237 17259 17272 I art     : Starting a blocking GC Explicit
08-05 16:14:04.257 13866 13866 I GoogleInputMethodServic: GoogleInputMethodService.onFinishInput():3138 
08-05 16:14:04.258 13866 13866 I GoogleInputMethodServic: GoogleInputMethodService.onStartInput():1808 
08-05 16:14:04.260 17259 17272 I art     : Explicit concurrent mark sweep GC freed 108(5KB) AllocSpace objects, 0(0B) LOS objects, 22% free, 53MB/69MB, paused 537us total 22.728ms
08-05 16:14:04.537 17259 17272 I art     : Starting a blocking GC Explicit
08-05 16:14:04.564 17259 17272 I art     : Explicit concurrent mark sweep GC freed 1380(79KB) AllocSpace objects, 1(20KB) LOS objects, 22% free, 53MB/69MB, paused 615us total 26.023ms
08-05 16:14:04.566   380   380 W SurfaceFlinger: couldn't log to binary event log: overflow.
08-05 16:14:04.573 17259 17272 I art     : Starting a blocking GC Explicit
08-05 16:14:04.596 17259 17272 I art     : Explicit concurrent mark sweep GC freed 135(9KB) AllocSpace objects, 0(0B) LOS objects, 22% free, 53MB/69MB, paused 544us total 22.597ms
08-05 16:14:04.605 17259 17272 I art     : Starting a blocking GC Explicit
08-05 16:14:04.626 17259 17272 I art     : Explicit concurrent mark sweep GC freed 1654(107KB) AllocSpace objects, 3(184KB) LOS objects, 23% free, 53MB/69MB, paused 537us total 21.530ms
08-05 16:14:04.636 17259 17272 I art     : Starting a blocking GC Explicit
08-05 16:14:04.660 17259 17272 I art     : Explicit concurrent mark sweep GC freed 3(96B) AllocSpace objects, 0(0B) LOS objects, 23% free, 53MB/69MB, paused 562us total 23.746ms
08-05 16:14:04.669 17259 17272 I art     : Starting a blocking GC Explicit
08-05 16:14:04.693 17259 17272 I art     : Explicit concurrent mark sweep GC freed 3(96B) AllocSpace objects, 0(0B) LOS objects, 23% free, 53MB/69MB, paused 556us total 24.027ms
08-05 16:14:04.985 17259 17271 I art     : Starting a blocking GC Explicit
08-05 16:14:05.012 17259 17271 I art     : Explicit concurrent mark sweep GC freed 1344(78KB) AllocSpace objects, 1(20KB) LOS objects, 23% free, 53MB/69MB, paused 575us total 26.761ms
08-05 16:14:05.021 17259 17271 I art     : Starting a blocking GC Explicit
08-05 16:14:05.046 17259 17271 I art     : Explicit concurrent mark sweep GC freed 20(704B) AllocSpace objects, 0(0B) LOS objects, 23% free, 53MB/69MB, paused 552us total 24.895ms
08-05 16:14:05.055 17259 17271 I art     : Starting a blocking GC Explicit
08-05 16:14:05.081 17259 17271 I art     : Explicit concurrent mark sweep GC freed 3(96B) AllocSpace objects, 0(0B) LOS objects, 23% free, 53MB/69MB, paused 554us total 25.370ms
08-05 16:14:05.091 17259 17271 I art     : Starting a blocking GC Explicit
08-05 16:14:05.116 17259 17271 I art     : Explicit concurrent mark sweep GC freed 3(96B) AllocSpace objects, 0(0B) LOS objects, 23% free, 53MB/69MB, paused 553us total 25.475ms
08-05 16:14:05.125 17259 17271 I art     : Starting a blocking GC Explicit
08-05 16:14:05.151 17259 17271 I art     : Explicit concurrent mark sweep GC freed 3(96B) AllocSpace objects, 0(0B) LOS objects, 23% free, 53MB/69MB, paused 574us total 24.988ms
08-05 16:14:05.270 12631 12631 I ServiceManager: Waiting for service AtCmdFwd...
08-05 16:14:05.448 17259 17294 I art     : Starting a blocking GC Explicit
08-05 16:14:05.474 17259 17294 I art     : Explicit concurrent mark sweep GC freed 1365(79KB) AllocSpace objects, 1(20KB) LOS objects, 23% free, 53MB/69MB, paused 517us total 25.926ms
08-05 16:14:05.484 17259 17294 I art     : Starting a blocking GC Explicit
08-05 16:14:05.507 17259 17294 I art     : Explicit concurrent mark sweep GC freed 36(1216B) AllocSpace objects, 0(0B) LOS objects, 23% free, 53MB/69MB, paused 647us total 22.918ms
08-05 16:14:05.515 17259 17294 I art     : Starting a blocking GC Explicit
08-05 16:14:05.539 17259 17294 I art     : Explicit concurrent mark sweep GC freed 3(96B) AllocSpace objects, 0(0B) LOS objects, 23% free, 53MB/69MB, paused 629us total 23.296ms
08-05 16:14:05.548 17259 17294 I art     : Starting a blocking GC Explicit
08-05 16:14:05.571 17259 17294 I art     : Explicit concurrent mark sweep GC freed 3(96B) AllocSpace objects, 0(0B) LOS objects, 23% free, 53MB/69MB, paused 529us total 22.935ms
08-05 16:14:05.580 17259 17294 I art     : Starting a blocking GC Explicit
08-05 16:14:05.603 17259 17294 I art     : Explicit concurrent mark sweep GC freed 3(96B) AllocSpace objects, 0(0B) LOS objects, 23% free, 53MB/69MB, paused 587us total 23.026ms
08-05 16:14:05.857 21398 21398 D AndroidRuntime: >>>>>> START com.android.internal.os.RuntimeInit uid 2000 <<<<<<
08-05 16:14:05.862 21398 21398 D AndroidRuntime: CheckJNI is OFF
08-05 16:14:05.889 17259 17529 I art     : Starting a blocking GC Explicit
08-05 16:14:05.898 21398 21398 D ICU     : No timezone override file found: /data/misc/zoneinfo/current/icu/icu_tzdata.dat
08-05 16:14:05.914 17259 17529 I art     : Explicit concurrent mark sweep GC freed 1344(78KB) AllocSpace objects, 1(20KB) LOS objects, 23% free, 53MB/69MB, paused 585us total 24.759ms
08-05 16:14:05.923 17259 17529 I art     : Starting a blocking GC Explicit
08-05 16:14:05.934 21398 21398 I Radio-JNI: register_android_hardware_Radio DONE
08-05 16:14:05.946 17259 17529 I art     : Explicit concurrent mark sweep GC freed 20(704B) AllocSpace objects, 0(0B) LOS objects, 23% free, 53MB/69MB, paused 531us total 22.859ms
08-05 16:14:05.955 17259 17529 I art     : Starting a blocking GC Explicit
08-05 16:14:05.955 21398 21398 D AndroidRuntime: Calling main entry com.android.commands.input.Input
08-05 16:14:05.957 21398 21398 I Input   : injectKeyEvent: KeyEvent { action=ACTION_DOWN, keyCode=KEYCODE_BACK, scanCode=0, metaState=0, flags=0x0, repeatCount=0, eventTime=807262370, downTime=807262370, deviceId=-1, source=0x101 }
08-05 16:14:05.962 21398 21398 I Input   : injectKeyEvent: KeyEvent { action=ACTION_UP, keyCode=KEYCODE_BACK, scanCode=0, metaState=0, flags=0x0, repeatCount=0, eventTime=807262370, downTime=807262370, deviceId=-1, source=0x101 }
08-05 16:14:05.966 21398 21398 D AndroidRuntime: Shutting down VM
08-05 16:14:05.976 17259 17529 I art     : Explicit concurrent mark sweep GC freed 139(6KB) AllocSpace objects, 0(0B) LOS objects, 23% free, 53MB/69MB, paused 574us total 21.417ms
08-05 16:14:05.985 17259 17529 I art     : Starting a blocking GC Explicit
08-05 16:14:06.006 17259 17529 I art     : Explicit concurrent mark sweep GC freed 13(496B) AllocSpace objects, 0(0B) LOS objects, 23% free, 53MB/69MB, paused 524us total 21.166ms
08-05 16:14:06.008 13866 13866 I GoogleInputMethodServic: GoogleInputMethodService.onFinishInput():3138 
08-05 16:14:06.009 13866 13866 I GoogleInputMethodServic: GoogleInputMethodService.onStartInput():1808 
08-05 16:14:06.016 17259 17529 I art     : Starting a blocking GC Explicit
08-05 16:14:06.039 17259 17529 I art     : Explicit concurrent mark sweep GC freed 65(2288B) AllocSpace objects, 0(0B) LOS objects, 23% free, 53MB/69MB, paused 613us total 22.648ms
08-05 16:14:06.271 12631 12631 I ServiceManager: Waiting for service AtCmdFwd...
08-05 16:14:06.303 17259 18347 I art     : Starting a blocking GC Explicit
08-05 16:14:06.327 17259 18347 I art     : Explicit concurrent mark sweep GC freed 2977(153KB) AllocSpace objects, 1(20KB) LOS objects, 23% free, 53MB/69MB, paused 553us total 24.150ms
08-05 16:14:06.336 17259 18347 I art     : Starting a blocking GC Explicit
08-05 16:14:06.360 17259 18347 I art     : Explicit concurrent mark sweep GC freed 257(11KB) AllocSpace objects, 0(0B) LOS objects, 23% free, 53MB/69MB, paused 539us total 23.869ms
08-05 16:14:06.368 17259 18347 I art     : Starting a blocking GC Explicit
08-05 16:14:06.391 17259 18347 I art     : Explicit concurrent mark sweep GC freed 2608(169KB) AllocSpace objects, 2(140KB) LOS objects, 23% free, 53MB/69MB, paused 526us total 22.027ms
08-05 16:14:06.399 17259 18347 I art     : Starting a blocking GC Explicit
08-05 16:14:06.422 17259 18347 I art     : Explicit concurrent mark sweep GC freed 3(96B) AllocSpace objects, 0(0B) LOS objects, 23% free, 53MB/69MB, paused 577us total 22.368ms
08-05 16:14:06.431 17259 18347 I art     : Starting a blocking GC Explicit
08-05 16:14:06.453 17259 18347 I art     : Explicit concurrent mark sweep GC freed 3(96B) AllocSpace objects, 0(0B) LOS objects, 23% free, 53MB/69MB, paused 519us total 22.120ms
08-05 16:14:06.760 17259 17294 I art     : Starting a blocking GC Explicit
08-05 16:14:06.790 17259 17294 I art     : Explicit concurrent mark sweep GC freed 1344(78KB) AllocSpace objects, 1(20KB) LOS objects, 23% free, 53MB/69MB, paused 582us total 30.366ms
08-05 16:14:06.802 17259 17294 I art     : Starting a blocking GC Explicit
08-05 16:14:06.826 17259 17294 I art     : Explicit concurrent mark sweep GC freed 20(704B) AllocSpace objects, 0(0B) LOS objects, 23% free, 53MB/69MB, paused 535us total 23.610ms
08-05 16:14:06.835 17259 17294 I art     : Starting a blocking GC Explicit
08-05 16:14:06.859 17259 17294 I art     : Explicit concurrent mark sweep GC freed 3(96B) AllocSpace objects, 0(0B) LOS objects, 23% free, 53MB/69MB, paused 541us total 23.302ms
08-05 16:14:06.868 17259 17294 I art     : Starting a blocking GC Explicit
08-05 16:14:06.892 17259 17294 I art     : Explicit concurrent mark sweep GC freed 3(96B) AllocSpace objects, 0(0B) LOS objects, 23% free, 53MB/69MB, paused 548us total 23.360ms
08-05 16:14:06.901 17259 17294 I art     : Starting a blocking GC Explicit
08-05 16:14:06.916   518   646 I ThermalEngine: ACTION: GPU - Setting GPU[0] to 450000000
08-05 16:14:06.927 17259 17294 I art     : Explicit concurrent mark sweep GC freed 3(96B) AllocSpace objects, 0(0B) LOS objects, 23% free, 53MB/69MB, paused 770us total 25.815ms
08-05 16:14:07.236 17259 17271 I art     : Starting a blocking GC Explicit
08-05 16:14:07.265 17259 17271 I art     : Explicit concurrent mark sweep GC freed 1341(78KB) AllocSpace objects, 1(20KB) LOS objects, 23% free, 53MB/69MB, paused 766us total 28.565ms
08-05 16:14:07.271 12631 12631 I ServiceManager: Waiting for service AtCmdFwd...
08-05 16:14:07.276 17259 17271 I art     : Starting a blocking GC Explicit
08-05 16:14:07.305 17259 17271 I art     : Explicit concurrent mark sweep GC freed 20(704B) AllocSpace objects, 0(0B) LOS objects, 23% free, 53MB/69MB, paused 727us total 27.953ms
08-05 16:14:07.316 17259 17271 I art     : Starting a blocking GC Explicit
08-05 16:14:07.343 17259 17271 I art     : Explicit concurrent mark sweep GC freed 3(96B) AllocSpace objects, 0(0B) LOS objects, 23% free, 53MB/69MB, paused 723us total 27.080ms
08-05 16:14:07.355 17259 17271 I art     : Starting a blocking GC Explicit
08-05 16:14:07.382 17259 17271 I art     : Explicit concurrent mark sweep GC freed 3(96B) AllocSpace objects, 0(0B) LOS objects, 23% free, 53MB/69MB, paused 712us total 27.225ms
08-05 16:14:07.393 17259 17271 I art     : Starting a blocking GC Explicit
08-05 16:14:07.421 17259 17271 I art     : Explicit concurrent mark sweep GC freed 3(96B) AllocSpace objects, 0(0B) LOS objects, 23% free, 53MB/69MB, paused 727us total 27.649ms
08-05 16:14:07.718 17259 17272 I art     : Starting a blocking GC Explicit
08-05 16:14:07.751 17259 17272 I art     : Explicit concurrent mark sweep GC freed 1341(78KB) AllocSpace objects, 1(20KB) LOS objects, 23% free, 53MB/69MB, paused 762us total 32ms
08-05 16:14:07.754 21451 21451 D AndroidRuntime: >>>>>> START com.android.internal.os.RuntimeInit uid 2000 <<<<<<
08-05 16:14:07.761 21451 21451 D AndroidRuntime: CheckJNI is OFF
08-05 16:14:07.762 17259 17272 I art     : Starting a blocking GC Explicit
08-05 16:14:07.790 17259 17272 I art     : Explicit concurrent mark sweep GC freed 20(704B) AllocSpace objects, 0(0B) LOS objects, 23% free, 53MB/69MB, paused 743us total 27.349ms
08-05 16:14:07.800 17259 17272 I art     : Starting a blocking GC Explicit
08-05 16:14:07.808 21451 21451 D ICU     : No timezone override file found: /data/misc/zoneinfo/current/icu/icu_tzdata.dat
08-05 16:14:07.829 17259 17272 I art     : Explicit concurrent mark sweep GC freed 3(96B) AllocSpace objects, 0(0B) LOS objects, 23% free, 53MB/69MB, paused 765us total 28.610ms
08-05 16:14:07.840 17259 17272 I art     : Starting a blocking GC Explicit
08-05 16:14:07.854 21451 21451 I Radio-JNI: register_android_hardware_Radio DONE
08-05 16:14:07.869 17259 17272 I art     : Explicit concurrent mark sweep GC freed 3(96B) AllocSpace objects, 0(0B) LOS objects, 23% free, 53MB/69MB, paused 747us total 28.314ms
08-05 16:14:07.881 17259 17272 I art     : Starting a blocking GC Explicit
08-05 16:14:07.885 21451 21451 D AndroidRuntime: Calling main entry com.android.commands.input.Input
08-05 16:14:07.887 21451 21451 I Input   : injectMotionEvent: MotionEvent { action=ACTION_DOWN, actionButton=0, id[0]=0, x[0]=1084.0, y[0]=2213.0, toolType[0]=TOOL_TYPE_UNKNOWN, buttonState=0, metaState=0, flags=0x0, edgeFlags=0x0, pointerCount=1, historySize=0, eventTime=807264299, downTime=807264299, deviceId=0, source=0x1002 }
08-05 16:14:07.893 21451 21451 I Input   : injectMotionEvent: MotionEvent { action=ACTION_UP, actionButton=0, id[0]=0, x[0]=1084.0, y[0]=2213.0, toolType[0]=TOOL_TYPE_UNKNOWN, buttonState=0, metaState=0, flags=0x0, edgeFlags=0x0, pointerCount=1, historySize=0, eventTime=807264299, downTime=807264299, deviceId=0, source=0x1002 }
08-05 16:14:07.895   918  4400 I ActivityManager: START u0 {cmp=baseline.appteam.nith.hillffair/.activities.EventActivity} from uid 10675 on display 0
08-05 16:14:07.903 21451 21451 D AndroidRuntime: Shutting down VM
08-05 16:14:07.908 17259 17272 I art     : Explicit concurrent mark sweep GC freed 22(720B) AllocSpace objects, 0(0B) LOS objects, 23% free, 53MB/69MB, paused 745us total 26.911ms
08-05 16:14:07.975 17259 17259 I NAPPA_EXPERIMENTATION: MetricNetworkRequestExecutionTime: REQUEST_DURATION_SYSTEM='40',REQUEST_DURATION_OKHTTP='40',REQUEST_SYNCHRONOUS='FALSE',RESPONSE_CODE='200',RESPONSE_METHOD='GET',RESPONSE_LENGTH_OKHTTP='1870',RESPONSE_LENGTH_HEADER='-2',REQUEST_PROTOCOL='http/1.1',REQUEST_URL='https://api-hillfair-2k16.herokuapp.com/api/app/club',
08-05 16:14:07.976 13866 13866 I GoogleInputMethodServic: GoogleInputMethodService.onFinishInput():3138 
08-05 16:14:07.977 13866 13866 I GoogleInputMethodServic: GoogleInputMethodService.onStartInput():1808 
08-05 16:14:08.028   918   936 I ActivityManager: Displayed baseline.appteam.nith.hillffair/.activities.EventActivity: +124ms
08-05 16:14:08.193 17259 17294 I art     : Starting a blocking GC Explicit
08-05 16:14:08.230 17259 17294 I art     : Explicit concurrent mark sweep GC freed 7517(493KB) AllocSpace objects, 1(20KB) LOS objects, 23% free, 53MB/69MB, paused 705us total 36.503ms
08-05 16:14:08.243 17259 17294 I art     : Starting a blocking GC Explicit
08-05 16:14:08.271 12631 12631 I ServiceManager: Waiting for service AtCmdFwd...
08-05 16:14:08.277 17259 17294 I art     : Explicit concurrent mark sweep GC freed 346(14KB) AllocSpace objects, 0(0B) LOS objects, 23% free, 53MB/69MB, paused 914us total 33.536ms
08-05 16:14:08.286   380   380 W SurfaceFlinger: couldn't log to binary event log: overflow.
08-05 16:14:08.290 17259 17294 I art     : Starting a blocking GC Explicit
08-05 16:14:08.317 17259 17294 I art     : Explicit concurrent mark sweep GC freed 3(96B) AllocSpace objects, 0(0B) LOS objects, 23% free, 53MB/69MB, paused 771us total 26.816ms
08-05 16:14:08.327 17259 17294 I art     : Starting a blocking GC Explicit
08-05 16:14:08.354 17259 17294 I art     : Explicit concurrent mark sweep GC freed 3(96B) AllocSpace objects, 0(0B) LOS objects, 23% free, 53MB/69MB, paused 768us total 26.216ms
08-05 16:14:08.366 17259 17294 I art     : Starting a blocking GC Explicit
08-05 16:14:08.377   918  3261 D WifiStateMachine: starting scan for "H369AA63323"WPA_PSK with 2412,5180
08-05 16:14:08.394 17259 17294 I art     : Explicit concurrent mark sweep GC freed 64(4KB) AllocSpace objects, 0(0B) LOS objects, 23% free, 53MB/69MB, paused 769us total 27.961ms
08-05 16:14:08.707 17259 17272 I art     : Starting a blocking GC Explicit
08-05 16:14:08.745 17259 17272 I art     : Explicit concurrent mark sweep GC freed 1353(78KB) AllocSpace objects, 1(20KB) LOS objects, 23% free, 53MB/69MB, paused 771us total 37.074ms
08-05 16:14:08.759 17259 17272 I art     : Starting a blocking GC Explicit
08-05 16:14:08.794 17259 17272 I art     : Explicit concurrent mark sweep GC freed 20(704B) AllocSpace objects, 0(0B) LOS objects, 23% free, 53MB/69MB, paused 763us total 34.778ms
08-05 16:14:08.807 17259 17272 I art     : Starting a blocking GC Explicit
08-05 16:14:08.838 17259 17272 I art     : Explicit concurrent mark sweep GC freed 3(96B) AllocSpace objects, 0(0B) LOS objects, 23% free, 53MB/69MB, paused 765us total 30.401ms
08-05 16:14:08.849 17259 17272 I art     : Starting a blocking GC Explicit
08-05 16:14:08.880 17259 17272 I art     : Explicit concurrent mark sweep GC freed 3(96B) AllocSpace objects, 0(0B) LOS objects, 23% free, 53MB/69MB, paused 743us total 30.141ms
08-05 16:14:08.892 17259 17272 I art     : Starting a blocking GC Explicit
08-05 16:14:08.921 17259 17272 I art     : Explicit concurrent mark sweep GC freed 3(96B) AllocSpace objects, 0(0B) LOS objects, 23% free, 53MB/69MB, paused 738us total 28.938ms
08-05 16:14:09.239 17259 17271 I art     : Starting a blocking GC Explicit
08-05 16:14:09.272 12631 12631 I ServiceManager: Waiting for service AtCmdFwd...
08-05 16:14:09.279 17259 17271 I art     : Explicit concurrent mark sweep GC freed 1344(78KB) AllocSpace objects, 1(20KB) LOS objects, 23% free, 53MB/69MB, paused 813us total 39.865ms
08-05 16:14:09.293 17259 17271 I art     : Starting a blocking GC Explicit
08-05 16:14:09.326 17259 17271 I art     : Explicit concurrent mark sweep GC freed 20(704B) AllocSpace objects, 0(0B) LOS objects, 23% free, 53MB/69MB, paused 738us total 32.432ms
08-05 16:14:09.338 17259 17271 I art     : Starting a blocking GC Explicit
08-05 16:14:09.368 17259 17271 I art     : Explicit concurrent mark sweep GC freed 3(96B) AllocSpace objects, 0(0B) LOS objects, 23% free, 53MB/69MB, paused 766us total 30.020ms
08-05 16:14:09.380 17259 17271 I art     : Starting a blocking GC Explicit
08-05 16:14:09.410 17259 17271 I art     : Explicit concurrent mark sweep GC freed 3(96B) AllocSpace objects, 0(0B) LOS objects, 23% free, 53MB/69MB, paused 733us total 30.073ms
08-05 16:14:09.422 17259 17271 I art     : Starting a blocking GC Explicit
08-05 16:14:09.452 17259 17271 I art     : Explicit concurrent mark sweep GC freed 3(96B) AllocSpace objects, 0(0B) LOS objects, 23% free, 53MB/69MB, paused 734us total 30.194ms
08-05 16:14:09.792 17259 17529 I art     : Starting a blocking GC Explicit
08-05 16:14:09.835 17259 17529 I art     : Explicit concurrent mark sweep GC freed 1344(78KB) AllocSpace objects, 1(20KB) LOS objects, 23% free, 53MB/69MB, paused 851us total 42.417ms
08-05 16:14:09.851 17259 17529 I art     : Starting a blocking GC Explicit
08-05 16:14:09.885 17259 17529 I art     : Explicit concurrent mark sweep GC freed 20(704B) AllocSpace objects, 0(0B) LOS objects, 23% free, 53MB/69MB, paused 760us total 33.631ms
08-05 16:14:09.897 17259 17529 I art     : Starting a blocking GC Explicit
08-05 16:14:09.929 17259 17529 I art     : Explicit concurrent mark sweep GC freed 3(96B) AllocSpace objects, 0(0B) LOS objects, 23% free, 53MB/69MB, paused 765us total 31.842ms
08-05 16:14:09.941 17259 17529 I art     : Starting a blocking GC Explicit
08-05 16:14:09.973 17259 17529 I art     : Explicit concurrent mark sweep GC freed 3(96B) AllocSpace objects, 0(0B) LOS objects, 23% free, 53MB/69MB, paused 765us total 31.629ms
08-05 16:14:09.985 17259 17529 I art     : Starting a blocking GC Explicit
08-05 16:14:10.018 17259 17529 I art     : Explicit concurrent mark sweep GC freed 3(96B) AllocSpace objects, 0(0B) LOS objects, 23% free, 53MB/69MB, paused 756us total 32.653ms
08-05 16:14:10.272 12631 12631 W Atfwd_Sendcmd: AtCmdFwd service not published, waiting... retryCnt : 2
08-05 16:14:10.371 17259 18347 I art     : Starting a blocking GC Explicit
08-05 16:14:10.413 17259 18347 I art     : Explicit concurrent mark sweep GC freed 1344(78KB) AllocSpace objects, 1(20KB) LOS objects, 23% free, 53MB/69MB, paused 865us total 41.308ms
08-05 16:14:10.431 17259 18347 I art     : Starting a blocking GC Explicit
08-05 16:14:10.464 17259 18347 I art     : Explicit concurrent mark sweep GC freed 20(704B) AllocSpace objects, 0(0B) LOS objects, 23% free, 53MB/69MB, paused 753us total 31.745ms
08-05 16:14:10.475 17259 18347 I art     : Starting a blocking GC Explicit
08-05 16:14:10.508 17259 18347 I art     : Explicit concurrent mark sweep GC freed 3(96B) AllocSpace objects, 0(0B) LOS objects, 23% free, 53MB/69MB, paused 775us total 32.500ms
08-05 16:14:10.520 17259 18347 I art     : Starting a blocking GC Explicit
08-05 16:14:10.553 17259 18347 I art     : Explicit concurrent mark sweep GC freed 3(96B) AllocSpace objects, 0(0B) LOS objects, 23% free, 53MB/69MB, paused 805us total 32.298ms
08-05 16:14:10.565 17259 18347 I art     : Starting a blocking GC Explicit
08-05 16:14:10.598 17259 18347 I art     : Explicit concurrent mark sweep GC freed 3(96B) AllocSpace objects, 0(0B) LOS objects, 23% free, 53MB/69MB, paused 804us total 32.949ms
08-05 16:14:10.924   518   646 I ThermalEngine: ACTION: GPU - Setting GPU[0] to 510000000
08-05 16:14:10.939 17259 17294 I art     : Starting a blocking GC Explicit
08-05 16:14:10.975 17259 17294 I art     : Explicit concurrent mark sweep GC freed 1344(78KB) AllocSpace objects, 1(20KB) LOS objects, 23% free, 53MB/69MB, paused 641us total 35.101ms
08-05 16:14:10.987 17259 17294 I art     : Starting a blocking GC Explicit
08-05 16:14:11.011 17259 17294 I art     : Explicit concurrent mark sweep GC freed 20(704B) AllocSpace objects, 0(0B) LOS objects, 23% free, 53MB/69MB, paused 584us total 24.243ms
08-05 16:14:11.021 17259 17294 I art     : Starting a blocking GC Explicit
08-05 16:14:11.045 17259 17294 I art     : Explicit concurrent mark sweep GC freed 3(96B) AllocSpace objects, 0(0B) LOS objects, 23% free, 53MB/69MB, paused 550us total 23.728ms
08-05 16:14:11.054 17259 17294 I art     : Starting a blocking GC Explicit
08-05 16:14:11.078 17259 17294 I art     : Explicit concurrent mark sweep GC freed 3(96B) AllocSpace objects, 0(0B) LOS objects, 23% free, 53MB/69MB, paused 560us total 24.105ms
08-05 16:14:11.087 17259 17294 I art     : Starting a blocking GC Explicit
08-05 16:14:11.112 17259 17294 I art     : Explicit concurrent mark sweep GC freed 3(96B) AllocSpace objects, 0(0B) LOS objects, 23% free, 53MB/69MB, paused 561us total 24.287ms
08-05 16:14:11.458 17259 17272 I art     : Starting a blocking GC Explicit
08-05 16:14:11.493 17259 17272 I art     : Explicit concurrent mark sweep GC freed 1344(78KB) AllocSpace objects, 1(20KB) LOS objects, 23% free, 53MB/69MB, paused 654us total 35.222ms
08-05 16:14:11.504 17259 17272 I art     : Starting a blocking GC Explicit
08-05 16:14:11.529 17259 17272 I art     : Explicit concurrent mark sweep GC freed 20(704B) AllocSpace objects, 0(0B) LOS objects, 23% free, 53MB/69MB, paused 514us total 24.546ms
08-05 16:14:11.538 17259 17272 I art     : Starting a blocking GC Explicit
08-05 16:14:11.563 17259 17272 I art     : Explicit concurrent mark sweep GC freed 3(96B) AllocSpace objects, 0(0B) LOS objects, 23% free, 53MB/69MB, paused 554us total 24.436ms
08-05 16:14:11.572 17259 17272 I art     : Starting a blocking GC Explicit
08-05 16:14:11.595 17259 17272 I art     : Explicit concurrent mark sweep GC freed 3(96B) AllocSpace objects, 0(0B) LOS objects, 23% free, 53MB/69MB, paused 558us total 23.334ms
08-05 16:14:11.605 17259 17272 I art     : Starting a blocking GC Explicit
08-05 16:14:11.629 17259 17272 I art     : Explicit concurrent mark sweep GC freed 3(96B) AllocSpace objects, 0(0B) LOS objects, 23% free, 53MB/69MB, paused 531us total 23.999ms
08-05 16:14:11.956 17259 17271 I art     : Starting a blocking GC Explicit
08-05 16:14:11.987 17259 17271 I art     : Explicit concurrent mark sweep GC freed 1344(78KB) AllocSpace objects, 1(20KB) LOS objects, 23% free, 53MB/69MB, paused 608us total 30.115ms
08-05 16:14:12.000 17259 17271 I art     : Starting a blocking GC Explicit
08-05 16:14:12.028 17259 17271 I art     : Explicit concurrent mark sweep GC freed 20(704B) AllocSpace objects, 0(0B) LOS objects, 23% free, 53MB/69MB, paused 585us total 27.844ms
08-05 16:14:12.037 17259 17271 I art     : Starting a blocking GC Explicit
08-05 16:14:12.061 17259 17271 I art     : Explicit concurrent mark sweep GC freed 3(96B) AllocSpace objects, 0(0B) LOS objects, 23% free, 53MB/69MB, paused 561us total 24.077ms
08-05 16:14:12.070 17259 17271 I art     : Starting a blocking GC Explicit
08-05 16:14:12.095 17259 17271 I art     : Explicit concurrent mark sweep GC freed 3(96B) AllocSpace objects, 0(0B) LOS objects, 23% free, 53MB/69MB, paused 550us total 23.991ms
08-05 16:14:12.104 17259 17271 I art     : Starting a blocking GC Explicit
08-05 16:14:12.128 17259 17271 I art     : Explicit concurrent mark sweep GC freed 3(96B) AllocSpace objects, 0(0B) LOS objects, 23% free, 53MB/69MB, paused 565us total 24.179ms
08-05 16:14:12.399 17259 17529 I art     : Starting a blocking GC Explicit
08-05 16:14:12.423 17259 17529 I art     : Explicit concurrent mark sweep GC freed 1344(78KB) AllocSpace objects, 1(20KB) LOS objects, 23% free, 53MB/69MB, paused 584us total 23.750ms
08-05 16:14:12.432 17259 17529 I art     : Starting a blocking GC Explicit
08-05 16:14:12.457 17259 17529 I art     : Explicit concurrent mark sweep GC freed 20(704B) AllocSpace objects, 0(0B) LOS objects, 23% free, 53MB/69MB, paused 569us total 23.852ms
08-05 16:14:12.466 17259 17529 I art     : Starting a blocking GC Explicit
08-05 16:14:12.490 17259 17529 I art     : Explicit concurrent mark sweep GC freed 3(96B) AllocSpace objects, 0(0B) LOS objects, 23% free, 53MB/69MB, paused 539us total 23.508ms
08-05 16:14:12.499 17259 17529 I art     : Starting a blocking GC Explicit
08-05 16:14:12.522 17259 17529 I art     : Explicit concurrent mark sweep GC freed 3(96B) AllocSpace objects, 0(0B) LOS objects, 23% free, 53MB/69MB, paused 555us total 22.700ms
08-05 16:14:12.531 17259 17529 I art     : Starting a blocking GC Explicit
08-05 16:14:12.553 17259 17529 I art     : Explicit concurrent mark sweep GC freed 3(96B) AllocSpace objects, 0(0B) LOS objects, 23% free, 53MB/69MB, paused 555us total 22.422ms
08-05 16:14:12.607 21557 21557 D AndroidRuntime: >>>>>> START com.android.internal.os.RuntimeInit uid 2000 <<<<<<
08-05 16:14:12.612 21557 21557 D AndroidRuntime: CheckJNI is OFF
08-05 16:14:12.646 21557 21557 D ICU     : No timezone override file found: /data/misc/zoneinfo/current/icu/icu_tzdata.dat
08-05 16:14:12.680 21557 21557 I Radio-JNI: register_android_hardware_Radio DONE
08-05 16:14:12.702 21557 21557 D AndroidRuntime: Calling main entry com.android.commands.input.Input
08-05 16:14:12.704 21557 21557 I Input   : injectMotionEvent: MotionEvent { action=ACTION_DOWN, actionButton=0, id[0]=0, x[0]=255.0, y[0]=1845.0, toolType[0]=TOOL_TYPE_UNKNOWN, buttonState=0, metaState=0, flags=0x0, edgeFlags=0x0, pointerCount=1, historySize=0, eventTime=807269117, downTime=807269117, deviceId=0, source=0x1002 }
08-05 16:14:12.710 21557 21557 I Input   : injectMotionEvent: MotionEvent { action=ACTION_UP, actionButton=0, id[0]=0, x[0]=255.0, y[0]=1845.0, toolType[0]=TOOL_TYPE_UNKNOWN, buttonState=0, metaState=0, flags=0x0, edgeFlags=0x0, pointerCount=1, historySize=0, eventTime=807269117, downTime=807269117, deviceId=0, source=0x1002 }
08-05 16:14:12.711   918   928 I ActivityManager: START u0 {cmp=baseline.appteam.nith.hillffair/.activities.ClubActivity (has extras)} from uid 10675 on display 0
08-05 16:14:12.718 21557 21557 D AndroidRuntime: Shutting down VM
08-05 16:14:12.810 17259 17259 I NAPPA_EXPERIMENTATION: MetricNetworkRequestExecutionTime: REQUEST_DURATION_SYSTEM='66',REQUEST_DURATION_OKHTTP='41',REQUEST_SYNCHRONOUS='FALSE',RESPONSE_CODE='200',RESPONSE_METHOD='GET',RESPONSE_LENGTH_OKHTTP='1171',RESPONSE_LENGTH_HEADER='-2',REQUEST_PROTOCOL='http/1.1',REQUEST_URL='https://api-hillfair-2k16.herokuapp.com/api/app/club/Technical%20Committee',
08-05 16:14:12.815   918   936 I ActivityManager: Displayed baseline.appteam.nith.hillffair/.activities.ClubActivity: +97ms
08-05 16:14:12.816 13866 13866 I GoogleInputMethodServic: GoogleInputMethodService.onFinishInput():3138 
08-05 16:14:12.817 13866 13866 I GoogleInputMethodServic: GoogleInputMethodService.onStartInput():1808 
08-05 16:14:12.828 17259 18347 I art     : Starting a blocking GC Explicit
08-05 16:14:12.855 17259 18347 I art     : Explicit concurrent mark sweep GC freed 5748(415KB) AllocSpace objects, 1(20KB) LOS objects, 22% free, 53MB/69MB, paused 635us total 26.090ms
08-05 16:14:12.864 17259 18347 I art     : Starting a blocking GC Explicit
08-05 16:14:12.884 17259 18347 I art     : Explicit concurrent mark sweep GC freed 282(12KB) AllocSpace objects, 0(0B) LOS objects, 22% free, 53MB/69MB, paused 511us total 20.709ms
08-05 16:14:12.893 17259 18347 I art     : Starting a blocking GC Explicit
08-05 16:14:12.916 17259 18347 I art     : Explicit concurrent mark sweep GC freed 3(96B) AllocSpace objects, 0(0B) LOS objects, 22% free, 53MB/69MB, paused 524us total 22.703ms
08-05 16:14:12.925 17259 18347 I art     : Starting a blocking GC Explicit
08-05 16:14:12.948 17259 18347 I art     : Explicit concurrent mark sweep GC freed 3(96B) AllocSpace objects, 0(0B) LOS objects, 22% free, 53MB/69MB, paused 521us total 23.652ms
08-05 16:14:12.958 17259 18347 I art     : Starting a blocking GC Explicit
08-05 16:14:12.986 17259 18347 I art     : Explicit concurrent mark sweep GC freed 3(96B) AllocSpace objects, 0(0B) LOS objects, 22% free, 53MB/69MB, paused 536us total 27.917ms
08-05 16:14:13.076   380   380 W SurfaceFlinger: couldn't log to binary event log: overflow.
08-05 16:14:13.237 17259 17272 I art     : Starting a blocking GC Explicit
08-05 16:14:13.264 17259 17272 I art     : Explicit concurrent mark sweep GC freed 1449(84KB) AllocSpace objects, 1(20KB) LOS objects, 22% free, 53MB/69MB, paused 568us total 26.245ms
08-05 16:14:13.273 17259 17272 I art     : Starting a blocking GC Explicit
08-05 16:14:13.297 17259 17272 I art     : Explicit concurrent mark sweep GC freed 20(704B) AllocSpace objects, 0(0B) LOS objects, 22% free, 53MB/69MB, paused 825us total 24.155ms
08-05 16:14:13.306 17259 17272 I art     : Starting a blocking GC Explicit
08-05 16:14:13.330 17259 17272 I art     : Explicit concurrent mark sweep GC freed 3(96B) AllocSpace objects, 0(0B) LOS objects, 22% free, 53MB/69MB, paused 525us total 23.472ms
08-05 16:14:13.339 17259 17272 I art     : Starting a blocking GC Explicit
08-05 16:14:13.363 17259 17272 I art     : Explicit concurrent mark sweep GC freed 3(96B) AllocSpace objects, 0(0B) LOS objects, 22% free, 53MB/69MB, paused 535us total 23.652ms
08-05 16:14:13.372 17259 17272 I art     : Starting a blocking GC Explicit
08-05 16:14:13.396 17259 17272 I art     : Explicit concurrent mark sweep GC freed 3(96B) AllocSpace objects, 0(0B) LOS objects, 22% free, 53MB/69MB, paused 533us total 23.736ms
08-05 16:14:13.681 17259 18347 I art     : Starting a blocking GC Explicit
08-05 16:14:13.719 17259 18347 I art     : Explicit concurrent mark sweep GC freed 1344(78KB) AllocSpace objects, 1(20KB) LOS objects, 22% free, 53MB/69MB, paused 579us total 36.806ms
08-05 16:14:13.732 17259 18347 I art     : Starting a blocking GC Explicit
08-05 16:14:13.757 17259 18347 I art     : Explicit concurrent mark sweep GC freed 36(1264B) AllocSpace objects, 0(0B) LOS objects, 22% free, 53MB/69MB, paused 642us total 24.253ms
08-05 16:14:13.766 17259 18347 I art     : Starting a blocking GC Explicit
08-05 16:14:13.790 17259 18347 I art     : Explicit concurrent mark sweep GC freed 3(96B) AllocSpace objects, 0(0B) LOS objects, 22% free, 53MB/69MB, paused 564us total 24.432ms
08-05 16:14:13.800 17259 18347 I art     : Starting a blocking GC Explicit
08-05 16:14:13.824 17259 18347 I art     : Explicit concurrent mark sweep GC freed 3(96B) AllocSpace objects, 0(0B) LOS objects, 22% free, 53MB/69MB, paused 570us total 24.450ms
08-05 16:14:13.834 17259 18347 I art     : Starting a blocking GC Explicit
08-05 16:14:13.859 17259 18347 I art     : Explicit concurrent mark sweep GC freed 3(96B) AllocSpace objects, 0(0B) LOS objects, 22% free, 53MB/69MB, paused 590us total 24.822ms
08-05 16:14:14.153 17259 17271 I art     : Starting a blocking GC Explicit
08-05 16:14:14.185 17259 17271 I art     : Explicit concurrent mark sweep GC freed 1344(78KB) AllocSpace objects, 1(20KB) LOS objects, 22% free, 53MB/69MB, paused 759us total 31.769ms
08-05 16:14:14.199 17259 17271 I art     : Starting a blocking GC Explicit
08-05 16:14:14.224 17259 17271 I art     : Explicit concurrent mark sweep GC freed 20(704B) AllocSpace objects, 0(0B) LOS objects, 22% free, 53MB/69MB, paused 563us total 24.853ms
08-05 16:14:14.234 17259 17271 I art     : Starting a blocking GC Explicit
08-05 16:14:14.259 17259 17271 I art     : Explicit concurrent mark sweep GC freed 3(96B) AllocSpace objects, 0(0B) LOS objects, 22% free, 53MB/69MB, paused 577us total 24.905ms
08-05 16:14:14.268 17259 17271 I art     : Starting a blocking GC Explicit
08-05 16:14:14.294 17259 17271 I art     : Explicit concurrent mark sweep GC freed 3(96B) AllocSpace objects, 0(0B) LOS objects, 22% free, 53MB/69MB, paused 581us total 25.352ms
08-05 16:14:14.303 17259 17271 I art     : Starting a blocking GC Explicit
08-05 16:14:14.329 17259 17271 I art     : Explicit concurrent mark sweep GC freed 3(96B) AllocSpace objects, 0(0B) LOS objects, 22% free, 53MB/69MB, paused 581us total 25.209ms
08-05 16:14:14.635 17259 17529 I art     : Starting a blocking GC Explicit
08-05 16:14:14.664 17259 17529 I art     : Explicit concurrent mark sweep GC freed 1344(78KB) AllocSpace objects, 1(20KB) LOS objects, 22% free, 53MB/69MB, paused 617us total 28.719ms
08-05 16:14:14.677 17259 17529 I art     : Starting a blocking GC Explicit
08-05 16:14:14.703 17259 17529 I art     : Explicit concurrent mark sweep GC freed 20(704B) AllocSpace objects, 0(0B) LOS objects, 22% free, 53MB/69MB, paused 573us total 25.253ms
08-05 16:14:14.712 17259 17529 I art     : Starting a blocking GC Explicit
08-05 16:14:14.737 17259 17529 I art     : Explicit concurrent mark sweep GC freed 3(96B) AllocSpace objects, 0(0B) LOS objects, 22% free, 53MB/69MB, paused 623us total 25.255ms
08-05 16:14:14.747 17259 17529 I art     : Starting a blocking GC Explicit
08-05 16:14:14.772 17259 17529 I art     : Explicit concurrent mark sweep GC freed 3(96B) AllocSpace objects, 0(0B) LOS objects, 22% free, 53MB/69MB, paused 566us total 24.759ms
08-05 16:14:14.781 17259 17529 I art     : Starting a blocking GC Explicit
08-05 16:14:14.805 17259 17529 I art     : Explicit concurrent mark sweep GC freed 3(96B) AllocSpace objects, 0(0B) LOS objects, 22% free, 53MB/69MB, paused 559us total 24.047ms
08-05 16:14:14.932   518   646 I ThermalEngine: ACTION: GPU - Setting GPU[0] to 450000000
08-05 16:14:15.134 17259 17294 I art     : Starting a blocking GC Explicit
08-05 16:14:15.178 17259 17294 I art     : Explicit concurrent mark sweep GC freed 1344(78KB) AllocSpace objects, 1(20KB) LOS objects, 22% free, 53MB/69MB, paused 841us total 43.356ms
08-05 16:14:15.194 17259 17294 I art     : Starting a blocking GC Explicit
08-05 16:14:15.229 17259 17294 I art     : Explicit concurrent mark sweep GC freed 20(704B) AllocSpace objects, 0(0B) LOS objects, 22% free, 53MB/69MB, paused 799us total 34.372ms
08-05 16:14:15.241 17259 17294 I art     : Starting a blocking GC Explicit
08-05 16:14:15.275 17259 17294 I art     : Explicit concurrent mark sweep GC freed 3(96B) AllocSpace objects, 0(0B) LOS objects, 22% free, 53MB/69MB, paused 781us total 33.477ms
08-05 16:14:15.287 17259 17294 I art     : Starting a blocking GC Explicit
08-05 16:14:15.321 17259 17294 I art     : Explicit concurrent mark sweep GC freed 3(96B) AllocSpace objects, 0(0B) LOS objects, 22% free, 53MB/69MB, paused 767us total 33.666ms
08-05 16:14:15.333 17259 17294 I art     : Starting a blocking GC Explicit
08-05 16:14:15.366 17259 17294 I art     : Explicit concurrent mark sweep GC freed 3(96B) AllocSpace objects, 0(0B) LOS objects, 22% free, 53MB/69MB, paused 784us total 32.754ms
08-05 16:14:15.720 17259 17272 I art     : Starting a blocking GC Explicit
08-05 16:14:15.761 17259 17272 I art     : Explicit concurrent mark sweep GC freed 1344(78KB) AllocSpace objects, 1(20KB) LOS objects, 22% free, 53MB/69MB, paused 831us total 40.947ms
08-05 16:14:15.775 17259 17272 I art     : Starting a blocking GC Explicit
08-05 16:14:15.808 17259 17272 I art     : Explicit concurrent mark sweep GC freed 20(704B) AllocSpace objects, 0(0B) LOS objects, 22% free, 53MB/69MB, paused 795us total 32.769ms
08-05 16:14:15.820 17259 17272 I art     : Starting a blocking GC Explicit
08-05 16:14:15.854 17259 17272 I art     : Explicit concurrent mark sweep GC freed 3(96B) AllocSpace objects, 0(0B) LOS objects, 22% free, 53MB/69MB, paused 723us total 33.402ms
08-05 16:14:15.866 17259 17272 I art     : Starting a blocking GC Explicit
08-05 16:14:15.900 17259 17272 I art     : Explicit concurrent mark sweep GC freed 3(96B) AllocSpace objects, 0(0B) LOS objects, 22% free, 53MB/69MB, paused 774us total 34.243ms
08-05 16:14:15.913 17259 17272 I art     : Starting a blocking GC Explicit
08-05 16:14:15.938   518   646 I ThermalEngine: ACTION: GPU - Setting GPU[0] to 510000000
08-05 16:14:15.944 17259 17272 I art     : Explicit concurrent mark sweep GC freed 3(96B) AllocSpace objects, 0(0B) LOS objects, 22% free, 53MB/69MB, paused 753us total 31.428ms
08-05 16:14:16.261 17259 18347 I art     : Starting a blocking GC Explicit
08-05 16:14:16.292 17259 18347 I art     : Explicit concurrent mark sweep GC freed 1344(78KB) AllocSpace objects, 1(20KB) LOS objects, 22% free, 53MB/69MB, paused 616us total 30.207ms
08-05 16:14:16.303 17259 18347 I art     : Starting a blocking GC Explicit
08-05 16:14:16.329 17259 18347 I art     : Explicit concurrent mark sweep GC freed 20(704B) AllocSpace objects, 0(0B) LOS objects, 22% free, 53MB/69MB, paused 598us total 25.242ms
08-05 16:14:16.338 17259 18347 I art     : Starting a blocking GC Explicit
08-05 16:14:16.362 17259 18347 I art     : Explicit concurrent mark sweep GC freed 3(96B) AllocSpace objects, 0(0B) LOS objects, 22% free, 53MB/69MB, paused 569us total 24.268ms
08-05 16:14:16.372 17259 18347 I art     : Starting a blocking GC Explicit
08-05 16:14:16.396 17259 18347 I art     : Explicit concurrent mark sweep GC freed 3(96B) AllocSpace objects, 0(0B) LOS objects, 22% free, 53MB/69MB, paused 557us total 24.546ms
08-05 16:14:16.405 17259 18347 I art     : Starting a blocking GC Explicit
08-05 16:14:16.430 17259 18347 I art     : Explicit concurrent mark sweep GC freed 3(96B) AllocSpace objects, 0(0B) LOS objects, 22% free, 53MB/69MB, paused 556us total 24.722ms
08-05 16:14:16.748 17259 17271 I art     : Starting a blocking GC Explicit
08-05 16:14:16.780 17259 17271 I art     : Explicit concurrent mark sweep GC freed 1365(79KB) AllocSpace objects, 1(20KB) LOS objects, 22% free, 53MB/69MB, paused 613us total 30.897ms
08-05 16:14:16.792 17259 17271 I art     : Starting a blocking GC Explicit
08-05 16:14:16.817 17259 17271 I art     : Explicit concurrent mark sweep GC freed 36(1216B) AllocSpace objects, 0(0B) LOS objects, 22% free, 53MB/69MB, paused 630us total 24.807ms
08-05 16:14:16.827 17259 17271 I art     : Starting a blocking GC Explicit
08-05 16:14:16.852 17259 17271 I art     : Explicit concurrent mark sweep GC freed 3(96B) AllocSpace objects, 0(0B) LOS objects, 22% free, 53MB/69MB, paused 566us total 25.379ms
08-05 16:14:16.861 17259 17271 I art     : Starting a blocking GC Explicit
08-05 16:14:16.887 17259 17271 I art     : Explicit concurrent mark sweep GC freed 3(96B) AllocSpace objects, 0(0B) LOS objects, 22% free, 53MB/69MB, paused 682us total 25.231ms
08-05 16:14:16.896 17259 17271 I art     : Starting a blocking GC Explicit
08-05 16:14:16.922 17259 17271 I art     : Explicit concurrent mark sweep GC freed 3(96B) AllocSpace objects, 0(0B) LOS objects, 22% free, 53MB/69MB, paused 555us total 25.217ms
08-05 16:14:17.218 17259 17529 I art     : Starting a blocking GC Explicit
08-05 16:14:17.243 17259 17529 I art     : Explicit concurrent mark sweep GC freed 1344(78KB) AllocSpace objects, 1(20KB) LOS objects, 22% free, 53MB/69MB, paused 580us total 24.641ms
08-05 16:14:17.252 17259 17529 I art     : Starting a blocking GC Explicit
08-05 16:14:17.277 17259 17529 I art     : Explicit concurrent mark sweep GC freed 20(704B) AllocSpace objects, 0(0B) LOS objects, 22% free, 53MB/69MB, paused 587us total 24.623ms
08-05 16:14:17.286 17259 17529 I art     : Starting a blocking GC Explicit
08-05 16:14:17.309 17259 17529 I art     : Explicit concurrent mark sweep GC freed 3(96B) AllocSpace objects, 0(0B) LOS objects, 22% free, 53MB/69MB, paused 527us total 22.946ms
08-05 16:14:17.319 17259 17529 I art     : Starting a blocking GC Explicit
08-05 16:14:17.342 17259 17529 I art     : Explicit concurrent mark sweep GC freed 3(96B) AllocSpace objects, 0(0B) LOS objects, 22% free, 53MB/69MB, paused 552us total 23.020ms
08-05 16:14:17.351 17259 17529 I art     : Starting a blocking GC Explicit
08-05 16:14:17.375 17259 17529 I art     : Explicit concurrent mark sweep GC freed 3(96B) AllocSpace objects, 0(0B) LOS objects, 22% free, 53MB/69MB, paused 560us total 23.534ms
08-05 16:14:17.408 21673 21673 D AndroidRuntime: >>>>>> START com.android.internal.os.RuntimeInit uid 2000 <<<<<<
08-05 16:14:17.413 21673 21673 D AndroidRuntime: CheckJNI is OFF
08-05 16:14:17.445 21673 21673 D ICU     : No timezone override file found: /data/misc/zoneinfo/current/icu/icu_tzdata.dat
08-05 16:14:17.479 21673 21673 I Radio-JNI: register_android_hardware_Radio DONE
08-05 16:14:17.501 21673 21673 D AndroidRuntime: Calling main entry com.android.commands.input.Input
08-05 16:14:17.502 21673 21673 I Input   : injectKeyEvent: KeyEvent { action=ACTION_DOWN, keyCode=KEYCODE_BACK, scanCode=0, metaState=0, flags=0x0, repeatCount=0, eventTime=807273915, downTime=807273915, deviceId=-1, source=0x101 }
08-05 16:14:17.509 21673 21673 I Input   : injectKeyEvent: KeyEvent { action=ACTION_UP, keyCode=KEYCODE_BACK, scanCode=0, metaState=0, flags=0x0, repeatCount=0, eventTime=807273915, downTime=807273915, deviceId=-1, source=0x101 }
08-05 16:14:17.515 21673 21673 D AndroidRuntime: Shutting down VM
08-05 16:14:17.558 13866 13866 I GoogleInputMethodServic: GoogleInputMethodService.onFinishInput():3138 
08-05 16:14:17.559 13866 13866 I GoogleInputMethodServic: GoogleInputMethodService.onStartInput():1808 
08-05 16:14:17.637 17259 17271 I art     : Starting a blocking GC Explicit
08-05 16:14:17.659 17259 17271 I art     : Explicit concurrent mark sweep GC freed 1526(86KB) AllocSpace objects, 1(20KB) LOS objects, 22% free, 53MB/69MB, paused 558us total 21.122ms
08-05 16:14:17.667 17259 17271 I art     : Starting a blocking GC Explicit
08-05 16:14:17.692 17259 17271 I art     : Explicit concurrent mark sweep GC freed 26(944B) AllocSpace objects, 0(0B) LOS objects, 22% free, 53MB/69MB, paused 546us total 25.200ms
08-05 16:14:17.702 17259 17271 I art     : Starting a blocking GC Explicit
08-05 16:14:17.729 17259 17271 I art     : Explicit concurrent mark sweep GC freed 3(96B) AllocSpace objects, 0(0B) LOS objects, 22% free, 53MB/69MB, paused 586us total 26.556ms
08-05 16:14:17.741 17259 17271 I art     : Starting a blocking GC Explicit
08-05 16:14:17.771 17259 17271 I art     : Explicit concurrent mark sweep GC freed 3(96B) AllocSpace objects, 0(0B) LOS objects, 22% free, 53MB/69MB, paused 639us total 28.869ms
08-05 16:14:17.781 17259 17271 I art     : Starting a blocking GC Explicit
08-05 16:14:17.811 17259 17271 I art     : Explicit concurrent mark sweep GC freed 3(96B) AllocSpace objects, 0(0B) LOS objects, 22% free, 53MB/69MB, paused 600us total 29.511ms
08-05 16:14:17.880   380   380 W SurfaceFlinger: couldn't log to binary event log: overflow.
08-05 16:14:18.071 17259 17271 I art     : Starting a blocking GC Explicit
08-05 16:14:18.097 17259 17271 I art     : Explicit concurrent mark sweep GC freed 1453(86KB) AllocSpace objects, 1(20KB) LOS objects, 22% free, 53MB/69MB, paused 589us total 25.853ms
08-05 16:14:18.106 17259 17271 I art     : Starting a blocking GC Explicit
08-05 16:14:18.131 17259 17271 I art     : Explicit concurrent mark sweep GC freed 1670(108KB) AllocSpace objects, 3(180KB) LOS objects, 23% free, 53MB/69MB, paused 553us total 24.748ms
08-05 16:14:18.140 17259 17271 I art     : Starting a blocking GC Explicit
08-05 16:14:18.165 17259 17271 I art     : Explicit concurrent mark sweep GC freed 3(96B) AllocSpace objects, 0(0B) LOS objects, 23% free, 53MB/69MB, paused 546us total 24.113ms
08-05 16:14:18.174 17259 17271 I art     : Starting a blocking GC Explicit
08-05 16:14:18.198 17259 17271 I art     : Explicit concurrent mark sweep GC freed 3(96B) AllocSpace objects, 0(0B) LOS objects, 23% free, 53MB/69MB, paused 562us total 23.827ms
08-05 16:14:18.207 17259 17271 I art     : Starting a blocking GC Explicit
08-05 16:14:18.231 17259 17271 I art     : Explicit concurrent mark sweep GC freed 3(96B) AllocSpace objects, 0(0B) LOS objects, 23% free, 53MB/69MB, paused 543us total 23.823ms
08-05 16:14:18.533 17259 17529 I art     : Starting a blocking GC Explicit
08-05 16:14:18.567 17259 17529 I art     : Explicit concurrent mark sweep GC freed 1344(78KB) AllocSpace objects, 1(20KB) LOS objects, 23% free, 53MB/69MB, paused 594us total 33.982ms
08-05 16:14:18.580 17259 17529 I art     : Starting a blocking GC Explicit
08-05 16:14:18.607 17259 17529 I art     : Explicit concurrent mark sweep GC freed 20(704B) AllocSpace objects, 0(0B) LOS objects, 23% free, 53MB/69MB, paused 643us total 27.052ms
08-05 16:14:18.616 17259 17529 I art     : Starting a blocking GC Explicit
08-05 16:14:18.641 17259 17529 I art     : Explicit concurrent mark sweep GC freed 3(96B) AllocSpace objects, 0(0B) LOS objects, 23% free, 53MB/69MB, paused 549us total 24.475ms
08-05 16:14:18.651 17259 17529 I art     : Starting a blocking GC Explicit
08-05 16:14:18.675 17259 17529 I art     : Explicit concurrent mark sweep GC freed 3(96B) AllocSpace objects, 0(0B) LOS objects, 23% free, 53MB/69MB, paused 554us total 24.482ms
08-05 16:14:18.685 17259 17529 I art     : Starting a blocking GC Explicit
08-05 16:14:18.709 17259 17529 I art     : Explicit concurrent mark sweep GC freed 3(96B) AllocSpace objects, 0(0B) LOS objects, 23% free, 53MB/69MB, paused 532us total 23.903ms
08-05 16:14:18.981 17259 17294 I art     : Starting a blocking GC Explicit
08-05 16:14:19.011 17259 17294 I art     : Explicit concurrent mark sweep GC freed 1344(78KB) AllocSpace objects, 1(20KB) LOS objects, 23% free, 53MB/69MB, paused 556us total 29.564ms
08-05 16:14:19.021 17259 17294 I art     : Starting a blocking GC Explicit
08-05 16:14:19.045 17259 17294 I art     : Explicit concurrent mark sweep GC freed 20(704B) AllocSpace objects, 0(0B) LOS objects, 23% free, 53MB/69MB, paused 562us total 24.386ms
08-05 16:14:19.055 17259 17294 I art     : Starting a blocking GC Explicit
08-05 16:14:19.078 17259 17294 I art     : Explicit concurrent mark sweep GC freed 3(96B) AllocSpace objects, 0(0B) LOS objects, 23% free, 53MB/69MB, paused 567us total 23.133ms
08-05 16:14:19.087 17259 17294 I art     : Starting a blocking GC Explicit
08-05 16:14:19.110 17259 17294 I art     : Explicit concurrent mark sweep GC freed 3(96B) AllocSpace objects, 0(0B) LOS objects, 23% free, 53MB/69MB, paused 566us total 22.596ms
08-05 16:14:19.118 17259 17294 I art     : Starting a blocking GC Explicit
08-05 16:14:19.141 17259 17294 I art     : Explicit concurrent mark sweep GC freed 3(96B) AllocSpace objects, 0(0B) LOS objects, 23% free, 53MB/69MB, paused 567us total 22.753ms
08-05 16:14:19.174 21726 21726 D AndroidRuntime: >>>>>> START com.android.internal.os.RuntimeInit uid 2000 <<<<<<
08-05 16:14:19.179 21726 21726 D AndroidRuntime: CheckJNI is OFF
08-05 16:14:19.213 21726 21726 D ICU     : No timezone override file found: /data/misc/zoneinfo/current/icu/icu_tzdata.dat
08-05 16:14:19.247 21726 21726 I Radio-JNI: register_android_hardware_Radio DONE
08-05 16:14:19.268 21726 21726 D AndroidRuntime: Calling main entry com.android.commands.input.Input
08-05 16:14:19.270 21726 21726 I Input   : injectKeyEvent: KeyEvent { action=ACTION_DOWN, keyCode=KEYCODE_BACK, scanCode=0, metaState=0, flags=0x0, repeatCount=0, eventTime=807275683, downTime=807275683, deviceId=-1, source=0x101 }
08-05 16:14:19.277 21726 21726 I Input   : injectKeyEvent: KeyEvent { action=ACTION_UP, keyCode=KEYCODE_BACK, scanCode=0, metaState=0, flags=0x0, repeatCount=0, eventTime=807275683, downTime=807275683, deviceId=-1, source=0x101 }
08-05 16:14:19.285 21726 21726 D AndroidRuntime: Shutting down VM
08-05 16:14:19.331 13866 13866 I GoogleInputMethodServic: GoogleInputMethodService.onFinishInput():3138 
08-05 16:14:19.332 13866 13866 I GoogleInputMethodServic: GoogleInputMethodService.onStartInput():1808 
08-05 16:14:19.398 17259 17294 I art     : Starting a blocking GC Explicit
08-05 16:14:19.420 17259 17294 I art     : Explicit concurrent mark sweep GC freed 1553(87KB) AllocSpace objects, 1(20KB) LOS objects, 23% free, 53MB/69MB, paused 558us total 21.675ms
08-05 16:14:19.429 17259 17294 I art     : Starting a blocking GC Explicit
08-05 16:14:19.451 17259 17294 I art     : Explicit concurrent mark sweep GC freed 24(864B) AllocSpace objects, 0(0B) LOS objects, 23% free, 53MB/69MB, paused 496us total 22.063ms
08-05 16:14:19.461 17259 17294 I art     : Starting a blocking GC Explicit
08-05 16:14:19.485 17259 17294 I art     : Explicit concurrent mark sweep GC freed 3(96B) AllocSpace objects, 0(0B) LOS objects, 23% free, 53MB/69MB, paused 577us total 23.885ms
08-05 16:14:19.497 17259 17294 I art     : Starting a blocking GC Explicit
08-05 16:14:19.527 17259 17294 I art     : Explicit concurrent mark sweep GC freed 3(96B) AllocSpace objects, 0(0B) LOS objects, 23% free, 53MB/69MB, paused 679us total 29.599ms
08-05 16:14:19.537 17259 17294 I art     : Starting a blocking GC Explicit
08-05 16:14:19.566 17259 17294 I art     : Explicit concurrent mark sweep GC freed 3(96B) AllocSpace objects, 0(0B) LOS objects, 23% free, 53MB/69MB, paused 510us total 28.598ms
08-05 16:14:19.823 17259 17272 I art     : Starting a blocking GC Explicit
08-05 16:14:19.852 17259 17272 I art     : Explicit concurrent mark sweep GC freed 2020(110KB) AllocSpace objects, 1(20KB) LOS objects, 23% free, 53MB/69MB, paused 616us total 28.768ms
08-05 16:14:19.865 17259 17272 I art     : Starting a blocking GC Explicit
08-05 16:14:19.889 17259 17272 I art     : Explicit concurrent mark sweep GC freed 2678(174KB) AllocSpace objects, 1(28KB) LOS objects, 23% free, 53MB/69MB, paused 580us total 23.820ms
08-05 16:14:19.898 17259 17272 I art     : Starting a blocking GC Explicit
08-05 16:14:19.921 17259 17272 I art     : Explicit concurrent mark sweep GC freed 3(96B) AllocSpace objects, 0(0B) LOS objects, 23% free, 53MB/69MB, paused 569us total 23.268ms
08-05 16:14:19.930 17259 17272 I art     : Starting a blocking GC Explicit
08-05 16:14:19.947   518   646 I ThermalEngine: ACTION: GPU - Setting GPU[0] to 450000000
08-05 16:14:19.963 17259 17272 I art     : Explicit concurrent mark sweep GC freed 3(96B) AllocSpace objects, 0(0B) LOS objects, 23% free, 53MB/69MB, paused 746us total 32.735ms
08-05 16:14:19.975 17259 17272 I art     : Starting a blocking GC Explicit
08-05 16:14:20.004 17259 17272 I art     : Explicit concurrent mark sweep GC freed 3(96B) AllocSpace objects, 0(0B) LOS objects, 23% free, 53MB/69MB, paused 739us total 28.792ms
08-05 16:14:20.273 12631 12631 I ServiceManager: Waiting for service AtCmdFwd...
08-05 16:14:20.323 17259 17271 I art     : Starting a blocking GC Explicit
08-05 16:14:20.354 17259 17271 I art     : Explicit concurrent mark sweep GC freed 1344(78KB) AllocSpace objects, 1(20KB) LOS objects, 23% free, 53MB/69MB, paused 746us total 30.753ms
08-05 16:14:20.365 17259 17271 I art     : Starting a blocking GC Explicit
08-05 16:14:20.394 17259 17271 I art     : Explicit concurrent mark sweep GC freed 20(704B) AllocSpace objects, 0(0B) LOS objects, 23% free, 53MB/69MB, paused 739us total 28.821ms
08-05 16:14:20.406 17259 17271 I art     : Starting a blocking GC Explicit
08-05 16:14:20.435 17259 17271 I art     : Explicit concurrent mark sweep GC freed 3(96B) AllocSpace objects, 0(0B) LOS objects, 23% free, 53MB/69MB, paused 751us total 28.745ms
08-05 16:14:20.446 17259 17271 I art     : Starting a blocking GC Explicit
08-05 16:14:20.475 17259 17271 I art     : Explicit concurrent mark sweep GC freed 3(96B) AllocSpace objects, 0(0B) LOS objects, 23% free, 53MB/69MB, paused 762us total 28.811ms
08-05 16:14:20.487 17259 17271 I art     : Starting a blocking GC Explicit
08-05 16:14:20.515 17259 17271 I art     : Explicit concurrent mark sweep GC freed 3(96B) AllocSpace objects, 0(0B) LOS objects, 23% free, 53MB/69MB, paused 704us total 27.980ms
08-05 16:14:20.820 17259 17529 I art     : Starting a blocking GC Explicit
08-05 16:14:20.853 17259 17529 I art     : Explicit concurrent mark sweep GC freed 1341(78KB) AllocSpace objects, 1(20KB) LOS objects, 23% free, 53MB/69MB, paused 818us total 33.231ms
08-05 16:14:20.868 17259 17529 I art     : Starting a blocking GC Explicit
08-05 16:14:20.898 17259 17529 I art     : Explicit concurrent mark sweep GC freed 20(704B) AllocSpace objects, 0(0B) LOS objects, 23% free, 53MB/69MB, paused 744us total 29.703ms
08-05 16:14:20.910 17259 17529 I art     : Starting a blocking GC Explicit
08-05 16:14:20.939 17259 17529 I art     : Explicit concurrent mark sweep GC freed 3(96B) AllocSpace objects, 0(0B) LOS objects, 23% free, 53MB/69MB, paused 819us total 28.932ms
08-05 16:14:20.951 17259 17529 I art     : Starting a blocking GC Explicit
08-05 16:14:20.981 17259 17529 I art     : Explicit concurrent mark sweep GC freed 3(96B) AllocSpace objects, 0(0B) LOS objects, 23% free, 53MB/69MB, paused 770us total 30.054ms
08-05 16:14:20.993 17259 17529 I art     : Starting a blocking GC Explicit
08-05 16:14:21.022 17259 17529 I art     : Explicit concurrent mark sweep GC freed 3(96B) AllocSpace objects, 0(0B) LOS objects, 23% free, 53MB/69MB, paused 718us total 29.081ms
08-05 16:14:21.128 21784 21784 D AndroidRuntime: >>>>>> START com.android.internal.os.RuntimeInit uid 2000 <<<<<<
08-05 16:14:21.136 21784 21784 D AndroidRuntime: CheckJNI is OFF
08-05 16:14:21.183 21784 21784 D ICU     : No timezone override file found: /data/misc/zoneinfo/current/icu/icu_tzdata.dat
08-05 16:14:21.226 21784 21784 I Radio-JNI: register_android_hardware_Radio DONE
08-05 16:14:21.255 21784 21784 D AndroidRuntime: Calling main entry com.android.commands.am.Am
08-05 16:14:21.262 16924 16924 I Trepn   : Trepn 6.2s: Received intent: com.quicinc.trepn.stop_profiling
08-05 16:14:21.273 12631 12631 I ServiceManager: Waiting for service AtCmdFwd...
08-05 16:14:21.302 16924 16924 I Trepn   : Trepn 6.2s: Trepn has Stopped Profiling.
08-05 16:14:21.335 17259 18347 I art     : Starting a blocking GC Explicit
08-05 16:14:21.363 17259 18347 I art     : Explicit concurrent mark sweep GC freed 1341(78KB) AllocSpace objects, 1(20KB) LOS objects, 23% free, 53MB/69MB, paused 748us total 28.080ms
08-05 16:14:21.374 17259 18347 I art     : Starting a blocking GC Explicit
08-05 16:14:21.403 17259 18347 I art     : Explicit concurrent mark sweep GC freed 20(704B) AllocSpace objects, 0(0B) LOS objects, 23% free, 53MB/69MB, paused 728us total 28.177ms
08-05 16:14:21.414 17259 18347 I art     : Starting a blocking GC Explicit
08-05 16:14:21.442 17259 18347 I art     : Explicit concurrent mark sweep GC freed 3(96B) AllocSpace objects, 0(0B) LOS objects, 23% free, 53MB/69MB, paused 699us total 27.619ms
08-05 16:14:21.453 17259 18347 I art     : Starting a blocking GC Explicit
08-05 16:14:21.476 21784 21784 D AndroidRuntime: Shutting down VM
08-05 16:14:21.479   918  4413 W AppOps  : Finishing op nesting under-run: uid 10078 pkg com.quicinc.trepn code 24 time=0 duration=0 nesting=0
08-05 16:14:21.480 17259 18347 I art     : Explicit concurrent mark sweep GC freed 3(96B) AllocSpace objects, 0(0B) LOS objects, 23% free, 53MB/69MB, paused 696us total 26.655ms
08-05 16:14:21.492 17259 18347 I art     : Starting a blocking GC Explicit
08-05 16:14:21.518 17259 18347 I art     : Explicit concurrent mark sweep GC freed 3(96B) AllocSpace objects, 0(0B) LOS objects, 23% free, 53MB/69MB, paused 766us total 26.097ms
08-05 16:14:21.854 17259 17294 I art     : Starting a blocking GC Explicit
08-05 16:14:21.883 17259 17294 I art     : Explicit concurrent mark sweep GC freed 1341(78KB) AllocSpace objects, 1(20KB) LOS objects, 23% free, 53MB/69MB, paused 709us total 28.429ms
08-05 16:14:21.894 17259 17294 I art     : Starting a blocking GC Explicit
08-05 16:14:21.922 17259 17294 I art     : Explicit concurrent mark sweep GC freed 20(704B) AllocSpace objects, 0(0B) LOS objects, 23% free, 53MB/69MB, paused 693us total 27.384ms
08-05 16:14:21.933 17259 17294 I art     : Starting a blocking GC Explicit
08-05 16:14:21.961 17259 17294 I art     : Explicit concurrent mark sweep GC freed 3(96B) AllocSpace objects, 0(0B) LOS objects, 23% free, 53MB/69MB, paused 695us total 27.412ms
08-05 16:14:21.972 17259 17294 I art     : Starting a blocking GC Explicit
08-05 16:14:21.999 17259 17294 I art     : Explicit concurrent mark sweep GC freed 3(96B) AllocSpace objects, 0(0B) LOS objects, 23% free, 53MB/69MB, paused 721us total 26.983ms
08-05 16:14:22.010 17259 17294 I art     : Starting a blocking GC Explicit
08-05 16:14:22.037 17259 17294 I art     : Explicit concurrent mark sweep GC freed 3(96B) AllocSpace objects, 0(0B) LOS objects, 23% free, 53MB/69MB, paused 739us total 26.155ms
08-05 16:14:22.274 12631 12631 I ServiceManager: Waiting for service AtCmdFwd...
08-05 16:14:23.275 12631 12631 I ServiceManager: Waiting for service AtCmdFwd...
08-05 16:14:23.953   518   646 I ThermalEngine: ACTION: GPU - Setting GPU[0] to 510000000
