08-05 16:12:07.189 17259 17271 I art     : Starting a blocking GC Explicit
08-05 16:12:07.204 17259 17271 I art     : Explicit concurrent mark sweep GC freed 3(96B) AllocSpace objects, 0(0B) LOS objects, 23% free, 52MB/68MB, paused 214us total 14.550ms
08-05 16:12:07.254 12631 12631 I ServiceManager: Waiting for service AtCmdFwd...
08-05 16:12:07.516 17259 17294 I art     : Starting a blocking GC Explicit
08-05 16:12:07.533 17259 17294 I art     : Explicit concurrent mark sweep GC freed 1341(78KB) AllocSpace objects, 1(20KB) LOS objects, 23% free, 52MB/68MB, paused 246us total 17.660ms
08-05 16:12:07.541 17259 17294 I art     : Starting a blocking GC Explicit
08-05 16:12:07.556 17259 17294 I art     : Explicit concurrent mark sweep GC freed 20(704B) AllocSpace objects, 0(0B) LOS objects, 23% free, 52MB/68MB, paused 209us total 15.740ms
08-05 16:12:07.563 17259 17294 I art     : Starting a blocking GC Explicit
08-05 16:12:07.579 17259 17294 I art     : Explicit concurrent mark sweep GC freed 3(96B) AllocSpace objects, 0(0B) LOS objects, 23% free, 52MB/68MB, paused 221us total 15.055ms
08-05 16:12:07.585 17259 17294 I art     : Starting a blocking GC Explicit
08-05 16:12:07.601 17259 17294 I art     : Explicit concurrent mark sweep GC freed 3(96B) AllocSpace objects, 0(0B) LOS objects, 23% free, 52MB/68MB, paused 225us total 15.152ms
08-05 16:12:07.607 17259 17294 I art     : Starting a blocking GC Explicit
08-05 16:12:07.622 17259 17294 I art     : Explicit concurrent mark sweep GC freed 3(96B) AllocSpace objects, 0(0B) LOS objects, 23% free, 52MB/68MB, paused 226us total 15.045ms
08-05 16:12:07.932 17259 17529 I art     : Starting a blocking GC Explicit
08-05 16:12:07.954 17259 17529 I art     : Explicit concurrent mark sweep GC freed 1341(78KB) AllocSpace objects, 1(20KB) LOS objects, 23% free, 52MB/68MB, paused 274us total 21.811ms
08-05 16:12:07.964 17259 17529 I art     : Starting a blocking GC Explicit
08-05 16:12:07.983 17259 17529 I art     : Explicit concurrent mark sweep GC freed 20(704B) AllocSpace objects, 0(0B) LOS objects, 23% free, 52MB/68MB, paused 241us total 18.436ms
08-05 16:12:07.990 17259 17529 I art     : Starting a blocking GC Explicit
08-05 16:12:08.006 17259 17529 I art     : Explicit concurrent mark sweep GC freed 3(96B) AllocSpace objects, 0(0B) LOS objects, 23% free, 52MB/68MB, paused 235us total 15.391ms
08-05 16:12:08.013 17259 17529 I art     : Starting a blocking GC Explicit
08-05 16:12:08.028 17259 17529 I art     : Explicit concurrent mark sweep GC freed 3(96B) AllocSpace objects, 0(0B) LOS objects, 23% free, 52MB/68MB, paused 260us total 15.381ms
08-05 16:12:08.034 17259 17529 I art     : Starting a blocking GC Explicit
08-05 16:12:08.049 17259 17529 I art     : Explicit concurrent mark sweep GC freed 3(96B) AllocSpace objects, 0(0B) LOS objects, 23% free, 52MB/68MB, paused 231us total 14.634ms
08-05 16:12:08.254 12631 12631 I ServiceManager: Waiting for service AtCmdFwd...
08-05 16:12:08.355 17259 17272 I art     : Starting a blocking GC Explicit
08-05 16:12:08.362   918  3261 D WifiStateMachine: starting scan for "H369AA63323"WPA_PSK with 2412,5180
08-05 16:12:08.377 17259 17272 I art     : Explicit concurrent mark sweep GC freed 1341(78KB) AllocSpace objects, 1(20KB) LOS objects, 23% free, 52MB/68MB, paused 281us total 21.547ms
08-05 16:12:08.384 17259 17272 I art     : Starting a blocking GC Explicit
08-05 16:12:08.399 17259 17272 I art     : Explicit concurrent mark sweep GC freed 20(704B) AllocSpace objects, 0(0B) LOS objects, 23% free, 52MB/68MB, paused 241us total 15.332ms
08-05 16:12:08.406 17259 17272 I art     : Starting a blocking GC Explicit
08-05 16:12:08.422 17259 17272 I art     : Explicit concurrent mark sweep GC freed 3(96B) AllocSpace objects, 0(0B) LOS objects, 23% free, 52MB/68MB, paused 226us total 15.491ms
08-05 16:12:08.428 17259 17272 I art     : Starting a blocking GC Explicit
08-05 16:12:08.442 17259 17272 I art     : Explicit concurrent mark sweep GC freed 3(96B) AllocSpace objects, 0(0B) LOS objects, 23% free, 52MB/68MB, paused 233us total 14.051ms
08-05 16:12:08.449 17259 17272 I art     : Starting a blocking GC Explicit
08-05 16:12:08.464 17259 17272 I art     : Explicit concurrent mark sweep GC freed 3(96B) AllocSpace objects, 0(0B) LOS objects, 23% free, 52MB/68MB, paused 228us total 14.607ms
08-05 16:12:08.751 17259 17271 I art     : Starting a blocking GC Explicit
08-05 16:12:08.769 17259 17271 I art     : Explicit concurrent mark sweep GC freed 1341(78KB) AllocSpace objects, 1(20KB) LOS objects, 23% free, 52MB/68MB, paused 258us total 17.283ms
08-05 16:12:08.780 17259 17271 I art     : Starting a blocking GC Explicit
08-05 16:12:08.796 17259 17271 I art     : Explicit concurrent mark sweep GC freed 20(704B) AllocSpace objects, 0(0B) LOS objects, 23% free, 52MB/68MB, paused 223us total 15.564ms
08-05 16:12:08.802 17259 17271 I art     : Starting a blocking GC Explicit
08-05 16:12:08.817 17259 17271 I art     : Explicit concurrent mark sweep GC freed 3(96B) AllocSpace objects, 0(0B) LOS objects, 23% free, 52MB/68MB, paused 339us total 14.606ms
08-05 16:12:08.823 17259 17271 I art     : Starting a blocking GC Explicit
08-05 16:12:08.838 17259 17271 I art     : Explicit concurrent mark sweep GC freed 3(96B) AllocSpace objects, 0(0B) LOS objects, 23% free, 52MB/68MB, paused 227us total 14.765ms
08-05 16:12:08.844 17259 17271 I art     : Starting a blocking GC Explicit
08-05 16:12:08.859 17259 17271 I art     : Explicit concurrent mark sweep GC freed 3(96B) AllocSpace objects, 0(0B) LOS objects, 23% free, 52MB/68MB, paused 230us total 14.598ms
08-05 16:12:09.100 17259 17294 I art     : Starting a blocking GC Explicit
08-05 16:12:09.115 17259 17294 I art     : Explicit concurrent mark sweep GC freed 1341(78KB) AllocSpace objects, 1(20KB) LOS objects, 23% free, 52MB/68MB, paused 227us total 14.658ms
08-05 16:12:09.122 17259 17294 I art     : Starting a blocking GC Explicit
08-05 16:12:09.137 17259 17294 I art     : Explicit concurrent mark sweep GC freed 20(704B) AllocSpace objects, 0(0B) LOS objects, 23% free, 52MB/68MB, paused 278us total 15.154ms
08-05 16:12:09.144 17259 17294 I art     : Starting a blocking GC Explicit
08-05 16:12:09.158 17259 17294 I art     : Explicit concurrent mark sweep GC freed 3(96B) AllocSpace objects, 0(0B) LOS objects, 23% free, 52MB/68MB, paused 243us total 14.377ms
08-05 16:12:09.164 17259 17294 I art     : Starting a blocking GC Explicit
08-05 16:12:09.178 17259 17294 I art     : Explicit concurrent mark sweep GC freed 3(96B) AllocSpace objects, 0(0B) LOS objects, 23% free, 52MB/68MB, paused 228us total 13.747ms
08-05 16:12:09.184 17259 17294 I art     : Starting a blocking GC Explicit
08-05 16:12:09.198 17259 17294 I art     : Explicit concurrent mark sweep GC freed 3(96B) AllocSpace objects, 0(0B) LOS objects, 23% free, 52MB/68MB, paused 223us total 13.950ms
08-05 16:12:09.255 12631 12631 I ServiceManager: Waiting for service AtCmdFwd...
08-05 16:12:09.295 18075 18075 D AndroidRuntime: >>>>>> START com.android.internal.os.RuntimeInit uid 2000 <<<<<<
08-05 16:12:09.299 18075 18075 D AndroidRuntime: CheckJNI is OFF
08-05 16:12:09.333 18075 18075 D ICU     : No timezone override file found: /data/misc/zoneinfo/current/icu/icu_tzdata.dat
08-05 16:12:09.359 18075 18075 I Radio-JNI: register_android_hardware_Radio DONE
08-05 16:12:09.375 18075 18075 D AndroidRuntime: Calling main entry com.android.commands.input.Input
08-05 16:12:09.376 18075 18075 I Input   : injectKeyEvent: KeyEvent { action=ACTION_DOWN, keyCode=KEYCODE_BACK, scanCode=0, metaState=0, flags=0x0, repeatCount=0, eventTime=807145790, downTime=807145790, deviceId=-1, source=0x101 }
08-05 16:12:09.387 18075 18075 I Input   : injectKeyEvent: KeyEvent { action=ACTION_UP, keyCode=KEYCODE_BACK, scanCode=0, metaState=0, flags=0x0, repeatCount=0, eventTime=807145790, downTime=807145790, deviceId=-1, source=0x101 }
08-05 16:12:09.394 18075 18075 D AndroidRuntime: Shutting down VM
08-05 16:12:09.438 13866 13866 I GoogleInputMethodServic: GoogleInputMethodService.onFinishInput():3138 
08-05 16:12:09.439 13866 13866 I GoogleInputMethodServic: GoogleInputMethodService.onStartInput():1808 
08-05 16:12:09.452 17259 17294 I art     : Starting a blocking GC Explicit
08-05 16:12:09.466 17259 17294 I art     : Explicit concurrent mark sweep GC freed 1515(86KB) AllocSpace objects, 1(20KB) LOS objects, 23% free, 52MB/68MB, paused 234us total 13.478ms
08-05 16:12:09.473 17259 17294 I art     : Starting a blocking GC Explicit
08-05 16:12:09.486 17259 17294 I art     : Explicit concurrent mark sweep GC freed 36(1328B) AllocSpace objects, 0(0B) LOS objects, 23% free, 52MB/68MB, paused 210us total 12.524ms
08-05 16:12:09.492 17259 17294 I art     : Starting a blocking GC Explicit
08-05 16:12:09.504 17259 17294 I art     : Explicit concurrent mark sweep GC freed 3(96B) AllocSpace objects, 0(0B) LOS objects, 23% free, 52MB/68MB, paused 220us total 12.366ms
08-05 16:12:09.510 17259 17294 I art     : Starting a blocking GC Explicit
08-05 16:12:09.523 17259 17294 I art     : Explicit concurrent mark sweep GC freed 3(96B) AllocSpace objects, 0(0B) LOS objects, 23% free, 52MB/68MB, paused 240us total 12.847ms
08-05 16:12:09.529 17259 17294 I art     : Starting a blocking GC Explicit
08-05 16:12:09.543 17259 17294 I art     : Explicit concurrent mark sweep GC freed 3(96B) AllocSpace objects, 0(0B) LOS objects, 23% free, 52MB/68MB, paused 201us total 13.370ms
08-05 16:12:09.726   380   380 W SurfaceFlinger: couldn't log to binary event log: overflow.
08-05 16:12:09.766 17259 17272 I art     : Starting a blocking GC Explicit
08-05 16:12:09.782 17259 17272 I art     : Explicit concurrent mark sweep GC freed 1450(87KB) AllocSpace objects, 1(20KB) LOS objects, 23% free, 52MB/68MB, paused 248us total 15.342ms
08-05 16:12:09.789 17259 17272 I art     : Starting a blocking GC Explicit
08-05 16:12:09.804 17259 17272 I art     : Explicit concurrent mark sweep GC freed 1672(107KB) AllocSpace objects, 3(400KB) LOS objects, 23% free, 51MB/67MB, paused 236us total 14.920ms
08-05 16:12:09.810 17259 17272 I art     : Starting a blocking GC Explicit
08-05 16:12:09.825 17259 17272 I art     : Explicit concurrent mark sweep GC freed 3(96B) AllocSpace objects, 0(0B) LOS objects, 23% free, 51MB/67MB, paused 251us total 14.777ms
08-05 16:12:09.832 17259 17272 I art     : Starting a blocking GC Explicit
08-05 16:12:09.847 17259 17272 I art     : Explicit concurrent mark sweep GC freed 3(96B) AllocSpace objects, 0(0B) LOS objects, 23% free, 51MB/67MB, paused 264us total 14.679ms
08-05 16:12:09.853 17259 17272 I art     : Starting a blocking GC Explicit
08-05 16:12:09.868 17259 17272 I art     : Explicit concurrent mark sweep GC freed 3(96B) AllocSpace objects, 0(0B) LOS objects, 23% free, 51MB/67MB, paused 241us total 14.631ms
08-05 16:12:10.156 17259 17529 I art     : Starting a blocking GC Explicit
08-05 16:12:10.177 17259 17529 I art     : Explicit concurrent mark sweep GC freed 1341(78KB) AllocSpace objects, 1(20KB) LOS objects, 23% free, 51MB/67MB, paused 269us total 21.172ms
08-05 16:12:10.188 17259 17529 I art     : Starting a blocking GC Explicit
08-05 16:12:10.206 17259 17529 I art     : Explicit concurrent mark sweep GC freed 20(704B) AllocSpace objects, 0(0B) LOS objects, 23% free, 51MB/67MB, paused 254us total 18.130ms
08-05 16:12:10.215 17259 17529 I art     : Starting a blocking GC Explicit
08-05 16:12:10.230 17259 17529 I art     : Explicit concurrent mark sweep GC freed 3(96B) AllocSpace objects, 0(0B) LOS objects, 23% free, 51MB/67MB, paused 239us total 14.879ms
08-05 16:12:10.237 17259 17529 I art     : Starting a blocking GC Explicit
08-05 16:12:10.252 17259 17529 I art     : Explicit concurrent mark sweep GC freed 3(96B) AllocSpace objects, 0(0B) LOS objects, 23% free, 51MB/67MB, paused 232us total 14.731ms
08-05 16:12:10.255 12631 12631 W Atfwd_Sendcmd: AtCmdFwd service not published, waiting... retryCnt : 2
08-05 16:12:10.259 17259 17529 I art     : Starting a blocking GC Explicit
08-05 16:12:10.273 17259 17529 I art     : Explicit concurrent mark sweep GC freed 3(96B) AllocSpace objects, 0(0B) LOS objects, 23% free, 51MB/67MB, paused 221us total 14.212ms
08-05 16:12:10.563 17259 17271 I art     : Starting a blocking GC Explicit
08-05 16:12:10.586 17259 17271 I art     : Explicit concurrent mark sweep GC freed 1340(78KB) AllocSpace objects, 1(20KB) LOS objects, 23% free, 51MB/67MB, paused 264us total 23.115ms
08-05 16:12:10.599 17259 17271 I art     : Starting a blocking GC Explicit
08-05 16:12:10.614 17259 17271 I art     : Explicit concurrent mark sweep GC freed 20(704B) AllocSpace objects, 0(0B) LOS objects, 23% free, 51MB/67MB, paused 228us total 14.413ms
08-05 16:12:10.621 17259 17271 I art     : Starting a blocking GC Explicit
08-05 16:12:10.634 17259 17271 I art     : Explicit concurrent mark sweep GC freed 3(96B) AllocSpace objects, 0(0B) LOS objects, 23% free, 51MB/67MB, paused 208us total 13.420ms
08-05 16:12:10.641 17259 17271 I art     : Starting a blocking GC Explicit
08-05 16:12:10.654 17259 17271 I art     : Explicit concurrent mark sweep GC freed 3(96B) AllocSpace objects, 0(0B) LOS objects, 23% free, 51MB/67MB, paused 210us total 13.029ms
08-05 16:12:10.660 17259 17271 I art     : Starting a blocking GC Explicit
08-05 16:12:10.674 17259 17271 I art     : Explicit concurrent mark sweep GC freed 3(96B) AllocSpace objects, 0(0B) LOS objects, 23% free, 51MB/67MB, paused 236us total 13.340ms
08-05 16:12:10.703   518   646 I ThermalEngine: ACTION: GPU - Setting GPU[0] to 510000000
08-05 16:12:10.934 17259 17294 I art     : Starting a blocking GC Explicit
08-05 16:12:10.952 17259 17294 I art     : Explicit concurrent mark sweep GC freed 1340(78KB) AllocSpace objects, 1(20KB) LOS objects, 23% free, 51MB/67MB, paused 319us total 18.403ms
08-05 16:12:10.961 17259 17294 I art     : Starting a blocking GC Explicit
08-05 16:12:10.978 17259 17294 I art     : Explicit concurrent mark sweep GC freed 20(704B) AllocSpace objects, 0(0B) LOS objects, 23% free, 51MB/67MB, paused 317us total 17.433ms
08-05 16:12:10.986 17259 17294 I art     : Starting a blocking GC Explicit
08-05 16:12:11.004 17259 17294 I art     : Explicit concurrent mark sweep GC freed 3(96B) AllocSpace objects, 0(0B) LOS objects, 23% free, 51MB/67MB, paused 309us total 17.294ms
08-05 16:12:11.012 17259 17294 I art     : Starting a blocking GC Explicit
08-05 16:12:11.030 17259 17294 I art     : Explicit concurrent mark sweep GC freed 3(96B) AllocSpace objects, 0(0B) LOS objects, 23% free, 51MB/67MB, paused 355us total 17.710ms
08-05 16:12:11.030 18160 18160 D AndroidRuntime: >>>>>> START com.android.internal.os.RuntimeInit uid 2000 <<<<<<
08-05 16:12:11.035 18160 18160 D AndroidRuntime: CheckJNI is OFF
08-05 16:12:11.038 17259 17294 I art     : Starting a blocking GC Explicit
08-05 16:12:11.055 17259 17294 I art     : Explicit concurrent mark sweep GC freed 3(96B) AllocSpace objects, 0(0B) LOS objects, 23% free, 51MB/67MB, paused 307us total 16.926ms
08-05 16:12:11.072 18160 18160 D ICU     : No timezone override file found: /data/misc/zoneinfo/current/icu/icu_tzdata.dat
08-05 16:12:11.104 18160 18160 I Radio-JNI: register_android_hardware_Radio DONE
08-05 16:12:11.127 18160 18160 D AndroidRuntime: Calling main entry com.android.commands.input.Input
08-05 16:12:11.129 18160 18160 I Input   : injectMotionEvent: MotionEvent { action=ACTION_DOWN, actionButton=0, id[0]=0, x[0]=733.0, y[0]=1370.0, toolType[0]=TOOL_TYPE_UNKNOWN, buttonState=0, metaState=0, flags=0x0, edgeFlags=0x0, pointerCount=1, historySize=0, eventTime=807147541, downTime=807147541, deviceId=0, source=0x1002 }
08-05 16:12:11.136 18160 18160 I Input   : injectMotionEvent: MotionEvent { action=ACTION_UP, actionButton=0, id[0]=0, x[0]=733.0, y[0]=1370.0, toolType[0]=TOOL_TYPE_UNKNOWN, buttonState=0, metaState=0, flags=0x0, edgeFlags=0x0, pointerCount=1, historySize=0, eventTime=807147541, downTime=807147541, deviceId=0, source=0x1002 }
08-05 16:12:11.137   918  3961 I ActivityManager: START u0 {cmp=baseline.appteam.nith.hillffair/.activities.ClubActivity (has extras)} from uid 10675 on display 0
08-05 16:12:11.145 18160 18160 D AndroidRuntime: Shutting down VM
08-05 16:12:11.235   918   936 I ActivityManager: Displayed baseline.appteam.nith.hillffair/.activities.ClubActivity: +89ms
08-05 16:12:11.235 13866 13866 I GoogleInputMethodServic: GoogleInputMethodService.onFinishInput():3138 
08-05 16:12:11.236 13866 13866 I GoogleInputMethodServic: GoogleInputMethodService.onStartInput():1808 
08-05 16:12:11.300 17259 17272 I art     : Starting a blocking GC Explicit
08-05 16:12:11.320 17259 17272 I art     : Explicit concurrent mark sweep GC freed 4976(290KB) AllocSpace objects, 1(20KB) LOS objects, 23% free, 52MB/68MB, paused 352us total 19.335ms
08-05 16:12:11.328 17259 17272 I art     : Starting a blocking GC Explicit
08-05 16:12:11.346 17259 17272 I art     : Explicit concurrent mark sweep GC freed 211(9KB) AllocSpace objects, 0(0B) LOS objects, 23% free, 52MB/68MB, paused 343us total 17.780ms
08-05 16:12:11.355 17259 17272 I art     : Starting a blocking GC Explicit
08-05 16:12:11.376 17259 17272 I art     : Explicit concurrent mark sweep GC freed 3(96B) AllocSpace objects, 0(0B) LOS objects, 23% free, 52MB/68MB, paused 354us total 21.086ms
08-05 16:12:11.386 17259 17272 I art     : Starting a blocking GC Explicit
08-05 16:12:11.406 17259 17272 I art     : Explicit concurrent mark sweep GC freed 3(96B) AllocSpace objects, 0(0B) LOS objects, 23% free, 52MB/68MB, paused 352us total 20.112ms
08-05 16:12:11.417 17259 17272 I art     : Starting a blocking GC Explicit
08-05 16:12:11.438 17259 17272 I art     : Explicit concurrent mark sweep GC freed 3(96B) AllocSpace objects, 0(0B) LOS objects, 23% free, 52MB/68MB, paused 344us total 21.324ms
08-05 16:12:11.495   380   380 W SurfaceFlinger: couldn't log to binary event log: overflow.
08-05 16:12:11.701 17259 17294 I art     : Starting a blocking GC Explicit
08-05 16:12:11.720 17259 17294 I art     : Explicit concurrent mark sweep GC freed 1456(84KB) AllocSpace objects, 1(20KB) LOS objects, 23% free, 52MB/68MB, paused 365us total 18.858ms
08-05 16:12:11.729 17259 17294 I art     : Starting a blocking GC Explicit
08-05 16:12:11.748 17259 17294 I art     : Explicit concurrent mark sweep GC freed 38(1344B) AllocSpace objects, 0(0B) LOS objects, 23% free, 52MB/68MB, paused 338us total 18.911ms
08-05 16:12:11.756 17259 17294 I art     : Starting a blocking GC Explicit
08-05 16:12:11.773 17259 17294 I art     : Explicit concurrent mark sweep GC freed 10(352B) AllocSpace objects, 0(0B) LOS objects, 23% free, 52MB/68MB, paused 349us total 16.861ms
08-05 16:12:11.780 17259 17294 I art     : Starting a blocking GC Explicit
08-05 16:12:11.799 17259 17294 I art     : Explicit concurrent mark sweep GC freed 11(416B) AllocSpace objects, 0(0B) LOS objects, 23% free, 52MB/68MB, paused 329us total 17.844ms
08-05 16:12:11.807 17259 17294 I art     : Starting a blocking GC Explicit
08-05 16:12:11.825 17259 17294 I art     : Explicit concurrent mark sweep GC freed 10(352B) AllocSpace objects, 0(0B) LOS objects, 23% free, 52MB/68MB, paused 343us total 17.808ms
08-05 16:12:11.911 17259 18186 D OkHttp  : --> GET https://api-hillfair-2k16.herokuapp.com/api/app/events/special/event?id=580655cddcba0f490c70fdd0 http/1.1
08-05 16:12:11.954 17259 18186 D OkHttp  : <-- 200 OK https://api-hillfair-2k16.herokuapp.com/api/app/events/special/event?id=580655cddcba0f490c70fdd0 (42ms, 721-byte body)
08-05 16:12:11.997 17259 17259 I NAPPA_EXPERIMENTATION: MetricNetworkRequestExecutionTime: REQUEST_DURATION_SYSTEM='823',REQUEST_DURATION_OKHTTP='43',REQUEST_SYNCHRONOUS='FALSE',RESPONSE_CODE='200',RESPONSE_METHOD='GET',RESPONSE_LENGTH_OKHTTP='721',RESPONSE_LENGTH_HEADER='721',REQUEST_PROTOCOL='http/1.1',REQUEST_URL='https://api-hillfair-2k16.herokuapp.com/api/app/events/special/event?id=580655cddcba0f490c70fdd0',
08-05 16:12:12.102 17259 17294 I art     : Starting a blocking GC Explicit
08-05 16:12:12.126 17259 17294 I art     : Explicit concurrent mark sweep GC freed 4784(337KB) AllocSpace objects, 4(220KB) LOS objects, 23% free, 52MB/68MB, paused 351us total 23.134ms
08-05 16:12:12.135 17259 17294 I art     : Starting a blocking GC Explicit
08-05 16:12:12.153 17259 17294 I art     : Explicit concurrent mark sweep GC freed 1035(119KB) AllocSpace objects, 0(0B) LOS objects, 23% free, 52MB/68MB, paused 303us total 18.038ms
08-05 16:12:12.161 17259 17294 I art     : Starting a blocking GC Explicit
08-05 16:12:12.181 17259 17294 I art     : Explicit concurrent mark sweep GC freed 3(96B) AllocSpace objects, 0(0B) LOS objects, 23% free, 52MB/68MB, paused 337us total 19.105ms
08-05 16:12:12.189 17259 17294 I art     : Starting a blocking GC Explicit
08-05 16:12:12.208 17259 17294 I art     : Explicit concurrent mark sweep GC freed 3(96B) AllocSpace objects, 0(0B) LOS objects, 23% free, 52MB/68MB, paused 326us total 18.372ms
08-05 16:12:12.216 17259 17294 I art     : Starting a blocking GC Explicit
08-05 16:12:12.235 17259 17294 I art     : Explicit concurrent mark sweep GC freed 3(96B) AllocSpace objects, 0(0B) LOS objects, 23% free, 52MB/68MB, paused 435us total 18.428ms
08-05 16:12:12.514 17259 17271 I art     : Starting a blocking GC Explicit
08-05 16:12:12.535 17259 17271 I art     : Explicit concurrent mark sweep GC freed 1341(78KB) AllocSpace objects, 1(20KB) LOS objects, 23% free, 52MB/68MB, paused 376us total 20.862ms
08-05 16:12:12.548 17259 17271 I art     : Starting a blocking GC Explicit
08-05 16:12:12.567 17259 17271 I art     : Explicit concurrent mark sweep GC freed 36(1264B) AllocSpace objects, 0(0B) LOS objects, 23% free, 52MB/68MB, paused 348us total 19.026ms
08-05 16:12:12.575 17259 17271 I art     : Starting a blocking GC Explicit
08-05 16:12:12.594 17259 17271 I art     : Explicit concurrent mark sweep GC freed 3(96B) AllocSpace objects, 0(0B) LOS objects, 23% free, 52MB/68MB, paused 328us total 18.809ms
08-05 16:12:12.603 17259 17271 I art     : Starting a blocking GC Explicit
08-05 16:12:12.621 17259 17271 I art     : Explicit concurrent mark sweep GC freed 3(96B) AllocSpace objects, 0(0B) LOS objects, 23% free, 52MB/68MB, paused 342us total 18.529ms
08-05 16:12:12.630 17259 17271 I art     : Starting a blocking GC Explicit
08-05 16:12:12.649 17259 17271 I art     : Explicit concurrent mark sweep GC freed 3(96B) AllocSpace objects, 0(0B) LOS objects, 23% free, 52MB/68MB, paused 331us total 18.928ms
08-05 16:12:12.957 17259 17529 I art     : Starting a blocking GC Explicit
08-05 16:12:12.981 17259 17529 I art     : Explicit concurrent mark sweep GC freed 1341(78KB) AllocSpace objects, 1(20KB) LOS objects, 23% free, 52MB/68MB, paused 358us total 24.340ms
08-05 16:12:12.993 17259 17529 I art     : Starting a blocking GC Explicit
08-05 16:12:13.015 17259 17529 I art     : Explicit concurrent mark sweep GC freed 20(704B) AllocSpace objects, 0(0B) LOS objects, 23% free, 52MB/68MB, paused 329us total 21.770ms
08-05 16:12:13.024 17259 17529 I art     : Starting a blocking GC Explicit
08-05 16:12:13.044 17259 17529 I art     : Explicit concurrent mark sweep GC freed 3(96B) AllocSpace objects, 0(0B) LOS objects, 23% free, 52MB/68MB, paused 335us total 19.661ms
08-05 16:12:13.052 17259 17529 I art     : Starting a blocking GC Explicit
08-05 16:12:13.071 17259 17529 I art     : Explicit concurrent mark sweep GC freed 3(96B) AllocSpace objects, 0(0B) LOS objects, 23% free, 52MB/68MB, paused 353us total 19.104ms
08-05 16:12:13.080 17259 17529 I art     : Starting a blocking GC Explicit
08-05 16:12:13.099 17259 17529 I art     : Explicit concurrent mark sweep GC freed 3(96B) AllocSpace objects, 0(0B) LOS objects, 23% free, 52MB/68MB, paused 326us total 19.205ms
08-05 16:12:13.416 17259 17272 I art     : Starting a blocking GC Explicit
08-05 16:12:13.438 17259 17272 I art     : Explicit concurrent mark sweep GC freed 1341(78KB) AllocSpace objects, 1(20KB) LOS objects, 23% free, 52MB/68MB, paused 387us total 21.724ms
08-05 16:12:13.451 17259 17272 I art     : Starting a blocking GC Explicit
08-05 16:12:13.470 17259 17272 I art     : Explicit concurrent mark sweep GC freed 20(704B) AllocSpace objects, 0(0B) LOS objects, 23% free, 52MB/68MB, paused 337us total 19.367ms
08-05 16:12:13.479 17259 17272 I art     : Starting a blocking GC Explicit
08-05 16:12:13.498 17259 17272 I art     : Explicit concurrent mark sweep GC freed 3(96B) AllocSpace objects, 0(0B) LOS objects, 23% free, 52MB/68MB, paused 325us total 19.127ms
08-05 16:12:13.506 17259 17272 I art     : Starting a blocking GC Explicit
08-05 16:12:13.526 17259 17272 I art     : Explicit concurrent mark sweep GC freed 3(96B) AllocSpace objects, 0(0B) LOS objects, 23% free, 52MB/68MB, paused 340us total 19.654ms
08-05 16:12:13.535 17259 17272 I art     : Starting a blocking GC Explicit
08-05 16:12:13.554 17259 17272 I art     : Explicit concurrent mark sweep GC freed 3(96B) AllocSpace objects, 0(0B) LOS objects, 23% free, 52MB/68MB, paused 338us total 19.033ms
08-05 16:12:13.880 17259 17294 I art     : Starting a blocking GC Explicit
08-05 16:12:13.903 17259 17294 I art     : Explicit concurrent mark sweep GC freed 1341(78KB) AllocSpace objects, 1(20KB) LOS objects, 23% free, 52MB/68MB, paused 354us total 23.292ms
08-05 16:12:13.914 17259 17294 I art     : Starting a blocking GC Explicit
08-05 16:12:13.934 17259 17294 I art     : Explicit concurrent mark sweep GC freed 20(704B) AllocSpace objects, 0(0B) LOS objects, 23% free, 52MB/68MB, paused 307us total 19.650ms
08-05 16:12:13.943 17259 17294 I art     : Starting a blocking GC Explicit
08-05 16:12:13.963 17259 17294 I art     : Explicit concurrent mark sweep GC freed 3(96B) AllocSpace objects, 0(0B) LOS objects, 23% free, 52MB/68MB, paused 329us total 19.815ms
08-05 16:12:13.971 17259 17294 I art     : Starting a blocking GC Explicit
08-05 16:12:13.991 17259 17294 I art     : Explicit concurrent mark sweep GC freed 3(96B) AllocSpace objects, 0(0B) LOS objects, 23% free, 52MB/68MB, paused 334us total 19.794ms
08-05 16:12:14.000 17259 17294 I art     : Starting a blocking GC Explicit
08-05 16:12:14.019 17259 17294 I art     : Explicit concurrent mark sweep GC freed 3(96B) AllocSpace objects, 0(0B) LOS objects, 23% free, 52MB/68MB, paused 330us total 19.257ms
08-05 16:12:14.348 17259 17271 I art     : Starting a blocking GC Explicit
08-05 16:12:14.373 17259 17271 I art     : Explicit concurrent mark sweep GC freed 1341(78KB) AllocSpace objects, 1(20KB) LOS objects, 23% free, 52MB/68MB, paused 356us total 24.105ms
08-05 16:12:14.384 17259 17271 I art     : Starting a blocking GC Explicit
08-05 16:12:14.404 17259 17271 I art     : Explicit concurrent mark sweep GC freed 20(704B) AllocSpace objects, 0(0B) LOS objects, 23% free, 52MB/68MB, paused 324us total 19.684ms
08-05 16:12:14.412 17259 17271 I art     : Starting a blocking GC Explicit
08-05 16:12:14.432 17259 17271 I art     : Explicit concurrent mark sweep GC freed 3(96B) AllocSpace objects, 0(0B) LOS objects, 23% free, 52MB/68MB, paused 358us total 19.361ms
08-05 16:12:14.440 17259 17271 I art     : Starting a blocking GC Explicit
08-05 16:12:14.460 17259 17271 I art     : Explicit concurrent mark sweep GC freed 3(96B) AllocSpace objects, 0(0B) LOS objects, 23% free, 52MB/68MB, paused 330us total 19.447ms
08-05 16:12:14.469 17259 17271 I art     : Starting a blocking GC Explicit
08-05 16:12:14.488 17259 17271 I art     : Explicit concurrent mark sweep GC freed 3(96B) AllocSpace objects, 0(0B) LOS objects, 23% free, 52MB/68MB, paused 328us total 19.032ms
08-05 16:12:14.827 17259 17529 I art     : Starting a blocking GC Explicit
08-05 16:12:14.852 17259 17529 I art     : Explicit concurrent mark sweep GC freed 1341(78KB) AllocSpace objects, 1(20KB) LOS objects, 23% free, 52MB/68MB, paused 433us total 24.303ms
08-05 16:12:14.864 17259 17529 I art     : Starting a blocking GC Explicit
08-05 16:12:14.887 17259 17529 I art     : Explicit concurrent mark sweep GC freed 20(704B) AllocSpace objects, 0(0B) LOS objects, 23% free, 52MB/68MB, paused 342us total 22.944ms
08-05 16:12:14.897 17259 17529 I art     : Starting a blocking GC Explicit
08-05 16:12:14.917 17259 17529 I art     : Explicit concurrent mark sweep GC freed 3(96B) AllocSpace objects, 0(0B) LOS objects, 23% free, 52MB/68MB, paused 387us total 19.550ms
08-05 16:12:14.926 17259 17529 I art     : Starting a blocking GC Explicit
08-05 16:12:14.944 17259 17529 I art     : Explicit concurrent mark sweep GC freed 3(96B) AllocSpace objects, 0(0B) LOS objects, 23% free, 52MB/68MB, paused 318us total 18.629ms
08-05 16:12:14.953 17259 17529 I art     : Starting a blocking GC Explicit
08-05 16:12:14.972 17259 17529 I art     : Explicit concurrent mark sweep GC freed 3(96B) AllocSpace objects, 0(0B) LOS objects, 23% free, 52MB/68MB, paused 327us total 18.977ms
08-05 16:12:15.295 17259 17272 I art     : Starting a blocking GC Explicit
08-05 16:12:15.321 17259 17272 I art     : Explicit concurrent mark sweep GC freed 1341(78KB) AllocSpace objects, 1(20KB) LOS objects, 23% free, 52MB/68MB, paused 389us total 25.181ms
08-05 16:12:15.336 17259 17272 I art     : Starting a blocking GC Explicit
08-05 16:12:15.357 17259 17272 I art     : Explicit concurrent mark sweep GC freed 20(704B) AllocSpace objects, 0(0B) LOS objects, 23% free, 52MB/68MB, paused 455us total 20.158ms
08-05 16:12:15.366 17259 17272 I art     : Starting a blocking GC Explicit
08-05 16:12:15.385 17259 17272 I art     : Explicit concurrent mark sweep GC freed 3(96B) AllocSpace objects, 0(0B) LOS objects, 23% free, 52MB/68MB, paused 341us total 18.953ms
08-05 16:12:15.393 17259 17272 I art     : Starting a blocking GC Explicit
08-05 16:12:15.412 17259 17272 I art     : Explicit concurrent mark sweep GC freed 3(96B) AllocSpace objects, 0(0B) LOS objects, 23% free, 52MB/68MB, paused 320us total 18.321ms
08-05 16:12:15.420 17259 17272 I art     : Starting a blocking GC Explicit
08-05 16:12:15.439 17259 17272 I art     : Explicit concurrent mark sweep GC freed 3(96B) AllocSpace objects, 0(0B) LOS objects, 23% free, 52MB/68MB, paused 318us total 18.501ms
08-05 16:12:15.735 17259 17294 I art     : Starting a blocking GC Explicit
08-05 16:12:15.759 17259 17294 I art     : Explicit concurrent mark sweep GC freed 1341(78KB) AllocSpace objects, 1(20KB) LOS objects, 23% free, 52MB/68MB, paused 405us total 23.938ms
08-05 16:12:15.770 17259 17294 I art     : Starting a blocking GC Explicit
08-05 16:12:15.789 17259 17294 I art     : Explicit concurrent mark sweep GC freed 20(704B) AllocSpace objects, 0(0B) LOS objects, 23% free, 52MB/68MB, paused 355us total 19.214ms
08-05 16:12:15.798 17259 17294 I art     : Starting a blocking GC Explicit
08-05 16:12:15.817 17259 17294 I art     : Explicit concurrent mark sweep GC freed 3(96B) AllocSpace objects, 0(0B) LOS objects, 23% free, 52MB/68MB, paused 395us total 18.830ms
08-05 16:12:15.825 17259 17294 I art     : Starting a blocking GC Explicit
08-05 16:12:15.843 17259 17294 I art     : Explicit concurrent mark sweep GC freed 3(96B) AllocSpace objects, 0(0B) LOS objects, 23% free, 52MB/68MB, paused 343us total 18.403ms
08-05 16:12:15.849 18312 18312 D AndroidRuntime: >>>>>> START com.android.internal.os.RuntimeInit uid 2000 <<<<<<
08-05 16:12:15.852 17259 17294 I art     : Starting a blocking GC Explicit
08-05 16:12:15.854 18312 18312 D AndroidRuntime: CheckJNI is OFF
08-05 16:12:15.870 17259 17294 I art     : Explicit concurrent mark sweep GC freed 3(96B) AllocSpace objects, 0(0B) LOS objects, 23% free, 52MB/68MB, paused 335us total 18.560ms
08-05 16:12:15.890 18312 18312 D ICU     : No timezone override file found: /data/misc/zoneinfo/current/icu/icu_tzdata.dat
08-05 16:12:15.922 18312 18312 I Radio-JNI: register_android_hardware_Radio DONE
08-05 16:12:15.944 18312 18312 D AndroidRuntime: Calling main entry com.android.commands.input.Input
08-05 16:12:15.946 18312 18312 I Input   : injectKeyEvent: KeyEvent { action=ACTION_DOWN, keyCode=KEYCODE_BACK, scanCode=0, metaState=0, flags=0x0, repeatCount=0, eventTime=807152359, downTime=807152359, deviceId=-1, source=0x101 }
08-05 16:12:15.952 18312 18312 I Input   : injectKeyEvent: KeyEvent { action=ACTION_UP, keyCode=KEYCODE_BACK, scanCode=0, metaState=0, flags=0x0, repeatCount=0, eventTime=807152359, downTime=807152359, deviceId=-1, source=0x101 }
08-05 16:12:15.958 18312 18312 D AndroidRuntime: Shutting down VM
08-05 16:12:15.994 13866 13866 I GoogleInputMethodServic: GoogleInputMethodService.onFinishInput():3138 
08-05 16:12:15.995 13866 13866 I GoogleInputMethodServic: GoogleInputMethodService.onStartInput():1808 
08-05 16:12:16.109 17259 17529 I art     : Starting a blocking GC Explicit
08-05 16:12:16.130 17259 17529 I art     : Explicit concurrent mark sweep GC freed 1511(85KB) AllocSpace objects, 1(20KB) LOS objects, 23% free, 52MB/68MB, paused 385us total 20.874ms
08-05 16:12:16.140 17259 17529 I art     : Starting a blocking GC Explicit
08-05 16:12:16.163 17259 17529 I art     : Explicit concurrent mark sweep GC freed 26(944B) AllocSpace objects, 0(0B) LOS objects, 23% free, 52MB/68MB, paused 321us total 21.520ms
08-05 16:12:16.172 17259 17529 I art     : Starting a blocking GC Explicit
08-05 16:12:16.196 17259 17529 I art     : Explicit concurrent mark sweep GC freed 3(96B) AllocSpace objects, 0(0B) LOS objects, 23% free, 52MB/68MB, paused 325us total 22.789ms
08-05 16:12:16.205 17259 17529 I art     : Starting a blocking GC Explicit
08-05 16:12:16.228 17259 17529 I art     : Explicit concurrent mark sweep GC freed 3(96B) AllocSpace objects, 0(0B) LOS objects, 23% free, 52MB/68MB, paused 321us total 22.989ms
08-05 16:12:16.238 17259 17529 I art     : Starting a blocking GC Explicit
08-05 16:12:16.262 17259 17529 I art     : Explicit concurrent mark sweep GC freed 3(96B) AllocSpace objects, 0(0B) LOS objects, 23% free, 52MB/68MB, paused 374us total 23.956ms
08-05 16:12:16.283   380   380 W SurfaceFlinger: couldn't log to binary event log: overflow.
08-05 16:12:16.502 17259 17272 I art     : Starting a blocking GC Explicit
08-05 16:12:16.523 17259 17272 I art     : Explicit concurrent mark sweep GC freed 1450(87KB) AllocSpace objects, 1(20KB) LOS objects, 23% free, 52MB/68MB, paused 347us total 20.715ms
08-05 16:12:16.531 17259 17272 I art     : Starting a blocking GC Explicit
08-05 16:12:16.551 17259 17272 I art     : Explicit concurrent mark sweep GC freed 1672(106KB) AllocSpace objects, 3(400KB) LOS objects, 23% free, 51MB/67MB, paused 331us total 19.363ms
08-05 16:12:16.559 17259 17272 I art     : Starting a blocking GC Explicit
08-05 16:12:16.579 17259 17272 I art     : Explicit concurrent mark sweep GC freed 3(96B) AllocSpace objects, 0(0B) LOS objects, 23% free, 51MB/67MB, paused 331us total 19.114ms
08-05 16:12:16.587 17259 17272 I art     : Starting a blocking GC Explicit
08-05 16:12:16.607 17259 17272 I art     : Explicit concurrent mark sweep GC freed 3(96B) AllocSpace objects, 0(0B) LOS objects, 23% free, 51MB/67MB, paused 334us total 19.075ms
08-05 16:12:16.615 17259 17272 I art     : Starting a blocking GC Explicit
08-05 16:12:16.634 17259 17272 I art     : Explicit concurrent mark sweep GC freed 3(96B) AllocSpace objects, 0(0B) LOS objects, 23% free, 51MB/67MB, paused 332us total 18.839ms
08-05 16:12:16.916 17259 17271 I art     : Starting a blocking GC Explicit
08-05 16:12:16.940 17259 17271 I art     : Explicit concurrent mark sweep GC freed 1342(78KB) AllocSpace objects, 1(20KB) LOS objects, 23% free, 51MB/67MB, paused 358us total 23.866ms
08-05 16:12:16.952 17259 17271 I art     : Starting a blocking GC Explicit
08-05 16:12:16.974 17259 17271 I art     : Explicit concurrent mark sweep GC freed 20(704B) AllocSpace objects, 0(0B) LOS objects, 23% free, 51MB/67MB, paused 338us total 21.830ms
08-05 16:12:16.982 17259 17271 I art     : Starting a blocking GC Explicit
08-05 16:12:17.001 17259 17271 I art     : Explicit concurrent mark sweep GC freed 3(96B) AllocSpace objects, 0(0B) LOS objects, 23% free, 51MB/67MB, paused 328us total 18.893ms
08-05 16:12:17.010 17259 17271 I art     : Starting a blocking GC Explicit
08-05 16:12:17.029 17259 17271 I art     : Explicit concurrent mark sweep GC freed 3(96B) AllocSpace objects, 0(0B) LOS objects, 23% free, 51MB/67MB, paused 338us total 19.286ms
08-05 16:12:17.038 17259 17271 I art     : Starting a blocking GC Explicit
08-05 16:12:17.057 17259 17271 I art     : Explicit concurrent mark sweep GC freed 3(96B) AllocSpace objects, 0(0B) LOS objects, 23% free, 51MB/67MB, paused 359us total 19.007ms
08-05 16:12:17.325 17259 18347 I art     : Starting a blocking GC Explicit
08-05 16:12:17.344 17259 18347 I art     : Explicit concurrent mark sweep GC freed 1340(78KB) AllocSpace objects, 1(20KB) LOS objects, 23% free, 51MB/67MB, paused 399us total 18.723ms
08-05 16:12:17.353 17259 18347 I art     : Starting a blocking GC Explicit
08-05 16:12:17.370 17259 18347 I art     : Explicit concurrent mark sweep GC freed 20(704B) AllocSpace objects, 0(0B) LOS objects, 23% free, 51MB/67MB, paused 317us total 16.950ms
08-05 16:12:17.378 17259 18347 I art     : Starting a blocking GC Explicit
08-05 16:12:17.394 17259 18347 I art     : Explicit concurrent mark sweep GC freed 3(96B) AllocSpace objects, 0(0B) LOS objects, 23% free, 51MB/67MB, paused 321us total 16.190ms
08-05 16:12:17.402 17259 18347 I art     : Starting a blocking GC Explicit
08-05 16:12:17.420 17259 18347 I art     : Explicit concurrent mark sweep GC freed 3(96B) AllocSpace objects, 0(0B) LOS objects, 23% free, 51MB/67MB, paused 324us total 17.770ms
08-05 16:12:17.428 17259 18347 I art     : Starting a blocking GC Explicit
08-05 16:12:17.446 17259 18347 I art     : Explicit concurrent mark sweep GC freed 3(96B) AllocSpace objects, 0(0B) LOS objects, 23% free, 51MB/67MB, paused 319us total 17.404ms
08-05 16:12:17.634 18372 18372 D AndroidRuntime: >>>>>> START com.android.internal.os.RuntimeInit uid 2000 <<<<<<
08-05 16:12:17.638 18372 18372 D AndroidRuntime: CheckJNI is OFF
08-05 16:12:17.672 18372 18372 D ICU     : No timezone override file found: /data/misc/zoneinfo/current/icu/icu_tzdata.dat
08-05 16:12:17.704 18372 18372 I Radio-JNI: register_android_hardware_Radio DONE
08-05 16:12:17.726 18372 18372 D AndroidRuntime: Calling main entry com.android.commands.input.Input
08-05 16:12:17.728 18372 18372 I Input   : injectMotionEvent: MotionEvent { action=ACTION_DOWN, actionButton=0, id[0]=0, x[0]=733.0, y[0]=1957.0, toolType[0]=TOOL_TYPE_UNKNOWN, buttonState=0, metaState=0, flags=0x0, edgeFlags=0x0, pointerCount=1, historySize=0, eventTime=807154141, downTime=807154141, deviceId=0, source=0x1002 }
08-05 16:12:17.732 18372 18372 I Input   : injectMotionEvent: MotionEvent { action=ACTION_UP, actionButton=0, id[0]=0, x[0]=733.0, y[0]=1957.0, toolType[0]=TOOL_TYPE_UNKNOWN, buttonState=0, metaState=0, flags=0x0, edgeFlags=0x0, pointerCount=1, historySize=0, eventTime=807154141, downTime=807154141, deviceId=0, source=0x1002 }
08-05 16:12:17.734   918   928 I ActivityManager: START u0 {cmp=baseline.appteam.nith.hillffair/.activities.ClubActivity (has extras)} from uid 10675 on display 0
08-05 16:12:17.741 18372 18372 D AndroidRuntime: Shutting down VM
08-05 16:12:17.764 17259 18347 I art     : Starting a blocking GC Explicit
08-05 16:12:17.787 17259 18347 I art     : Explicit concurrent mark sweep GC freed 4712(281KB) AllocSpace objects, 1(20KB) LOS objects, 23% free, 51MB/67MB, paused 435us total 22.338ms
08-05 16:12:17.796 17259 18347 I art     : Starting a blocking GC Explicit
08-05 16:12:17.814 17259 18347 I art     : Explicit concurrent mark sweep GC freed 343(14KB) AllocSpace objects, 0(0B) LOS objects, 23% free, 51MB/67MB, paused 706us total 18.236ms
08-05 16:12:17.823 17259 18347 I art     : Starting a blocking GC Explicit
08-05 16:12:17.828   918   936 I ActivityManager: Displayed baseline.appteam.nith.hillffair/.activities.ClubActivity: +86ms
08-05 16:12:17.828 13866 13866 I GoogleInputMethodServic: GoogleInputMethodService.onFinishInput():3138 
08-05 16:12:17.829 13866 13866 I GoogleInputMethodServic: GoogleInputMethodService.onStartInput():1808 
08-05 16:12:17.843 17259 18347 I art     : Explicit concurrent mark sweep GC freed 177(9KB) AllocSpace objects, 0(0B) LOS objects, 23% free, 51MB/67MB, paused 571us total 19.618ms
08-05 16:12:17.852 17259 18347 I art     : Starting a blocking GC Explicit
08-05 16:12:17.871 17259 18347 I art     : Explicit concurrent mark sweep GC freed 28(1152B) AllocSpace objects, 0(0B) LOS objects, 23% free, 51MB/67MB, paused 344us total 18.784ms
08-05 16:12:17.879 17259 18347 I art     : Starting a blocking GC Explicit
08-05 16:12:17.896 17259 18347 I art     : Explicit concurrent mark sweep GC freed 5(176B) AllocSpace objects, 0(0B) LOS objects, 23% free, 51MB/67MB, paused 338us total 16.540ms
08-05 16:12:18.085   380   380 W SurfaceFlinger: couldn't log to binary event log: overflow.
08-05 16:12:18.145 17259 17271 I art     : Starting a blocking GC Explicit
08-05 16:12:18.162 17259 17271 I art     : Explicit concurrent mark sweep GC freed 1341(78KB) AllocSpace objects, 1(20KB) LOS objects, 23% free, 51MB/67MB, paused 339us total 17.449ms
08-05 16:12:18.170 17259 17271 I art     : Starting a blocking GC Explicit
08-05 16:12:18.189 17259 17271 I art     : Explicit concurrent mark sweep GC freed 20(704B) AllocSpace objects, 0(0B) LOS objects, 23% free, 51MB/67MB, paused 358us total 18.210ms
08-05 16:12:18.197 17259 17271 I art     : Starting a blocking GC Explicit
08-05 16:12:18.216 17259 17271 I art     : Explicit concurrent mark sweep GC freed 95(5KB) AllocSpace objects, 0(0B) LOS objects, 23% free, 51MB/67MB, paused 419us total 19.357ms
08-05 16:12:18.224 17259 17271 I art     : Starting a blocking GC Explicit
08-05 16:12:18.242 17259 17271 I art     : Explicit concurrent mark sweep GC freed 18(704B) AllocSpace objects, 0(0B) LOS objects, 23% free, 51MB/67MB, paused 341us total 17.440ms
08-05 16:12:18.250 17259 17271 I art     : Starting a blocking GC Explicit
08-05 16:12:18.269 17259 17271 I art     : Explicit concurrent mark sweep GC freed 10(352B) AllocSpace objects, 0(0B) LOS objects, 23% free, 51MB/67MB, paused 388us total 18.573ms
08-05 16:12:18.537 17259 17529 I art     : Starting a blocking GC Explicit
08-05 16:12:18.559 17259 17529 I art     : Explicit concurrent mark sweep GC freed 3801(206KB) AllocSpace objects, 3(140KB) LOS objects, 23% free, 52MB/68MB, paused 740us total 21.838ms
08-05 16:12:18.566 17259 18414 D OkHttp  : --> GET https://api-hillfair-2k16.herokuapp.com/api/app/events/special/event?id=58065620dcba0f490c70fe09 http/1.1
08-05 16:12:18.569 17259 17529 I art     : Starting a blocking GC Explicit
08-05 16:12:18.588 17259 17529 I art     : Explicit concurrent mark sweep GC freed 1162(122KB) AllocSpace objects, 1(80KB) LOS objects, 23% free, 52MB/68MB, paused 522us total 19.365ms
08-05 16:12:18.596 17259 17529 I art     : Starting a blocking GC Explicit
08-05 16:12:18.602 17259 18414 D OkHttp  : <-- 200 OK https://api-hillfair-2k16.herokuapp.com/api/app/events/special/event?id=58065620dcba0f490c70fe09 (35ms, 682-byte body)
08-05 16:12:18.614 17259 17529 I art     : Explicit concurrent mark sweep GC freed 195(38KB) AllocSpace objects, 0(0B) LOS objects, 23% free, 52MB/68MB, paused 371us total 18.052ms
08-05 16:12:18.622 17259 17529 I art     : Starting a blocking GC Explicit
08-05 16:12:18.640 17259 17529 I art     : Explicit concurrent mark sweep GC freed 69(2928B) AllocSpace objects, 0(0B) LOS objects, 23% free, 52MB/68MB, paused 354us total 17.633ms
08-05 16:12:18.648 17259 17529 I art     : Starting a blocking GC Explicit
08-05 16:12:18.654 17259 17259 I NAPPA_EXPERIMENTATION: MetricNetworkRequestExecutionTime: REQUEST_DURATION_SYSTEM='887',REQUEST_DURATION_OKHTTP='35',REQUEST_SYNCHRONOUS='FALSE',RESPONSE_CODE='200',RESPONSE_METHOD='GET',RESPONSE_LENGTH_OKHTTP='682',RESPONSE_LENGTH_HEADER='682',REQUEST_PROTOCOL='http/1.1',REQUEST_URL='https://api-hillfair-2k16.herokuapp.com/api/app/events/special/event?id=58065620dcba0f490c70fe09',
08-05 16:12:18.665 17259 17529 I art     : Explicit concurrent mark sweep GC freed 559(65KB) AllocSpace objects, 0(0B) LOS objects, 23% free, 52MB/68MB, paused 363us total 17.195ms
08-05 16:12:18.950 17259 18347 I art     : Starting a blocking GC Explicit
08-05 16:12:18.971 17259 18347 I art     : Explicit concurrent mark sweep GC freed 1459(102KB) AllocSpace objects, 1(20KB) LOS objects, 23% free, 52MB/68MB, paused 400us total 20.908ms
08-05 16:12:18.980 17259 18347 I art     : Starting a blocking GC Explicit
08-05 16:12:19.000 17259 18347 I art     : Explicit concurrent mark sweep GC freed 23(800B) AllocSpace objects, 0(0B) LOS objects, 23% free, 52MB/68MB, paused 352us total 19.558ms
08-05 16:12:19.009 17259 18347 I art     : Starting a blocking GC Explicit
08-05 16:12:19.029 17259 18347 I art     : Explicit concurrent mark sweep GC freed 3(96B) AllocSpace objects, 0(0B) LOS objects, 23% free, 52MB/68MB, paused 362us total 19.986ms
08-05 16:12:19.038 17259 18347 I art     : Starting a blocking GC Explicit
08-05 16:12:19.057 17259 18347 I art     : Explicit concurrent mark sweep GC freed 3(96B) AllocSpace objects, 0(0B) LOS objects, 23% free, 52MB/68MB, paused 418us total 19.015ms
08-05 16:12:19.065 17259 18347 I art     : Starting a blocking GC Explicit
08-05 16:12:19.084 17259 18347 I art     : Explicit concurrent mark sweep GC freed 19(656B) AllocSpace objects, 0(0B) LOS objects, 23% free, 52MB/68MB, paused 348us total 18.949ms
08-05 16:12:19.367 17259 17271 I art     : Starting a blocking GC Explicit
08-05 16:12:19.391 17259 17271 I art     : Explicit concurrent mark sweep GC freed 1341(78KB) AllocSpace objects, 1(20KB) LOS objects, 23% free, 52MB/68MB, paused 374us total 23.037ms
08-05 16:12:19.391 17259 17270 I art     : WaitForGcToComplete blocked for 18.145ms for cause HeapTrim
08-05 16:12:19.402 17259 17271 I art     : Starting a blocking GC Explicit
08-05 16:12:19.422 17259 17271 I art     : Explicit concurrent mark sweep GC freed 20(704B) AllocSpace objects, 0(0B) LOS objects, 23% free, 52MB/68MB, paused 363us total 19.941ms
08-05 16:12:19.431 17259 17271 I art     : Starting a blocking GC Explicit
08-05 16:12:19.451 17259 17271 I art     : Explicit concurrent mark sweep GC freed 3(96B) AllocSpace objects, 0(0B) LOS objects, 23% free, 52MB/68MB, paused 344us total 20.143ms
08-05 16:12:19.460 17259 17271 I art     : Starting a blocking GC Explicit
08-05 16:12:19.480 17259 17271 I art     : Explicit concurrent mark sweep GC freed 3(96B) AllocSpace objects, 0(0B) LOS objects, 23% free, 52MB/68MB, paused 357us total 19.907ms
08-05 16:12:19.489 17259 17271 I art     : Starting a blocking GC Explicit
08-05 16:12:19.508 17259 17271 I art     : Explicit concurrent mark sweep GC freed 3(96B) AllocSpace objects, 0(0B) LOS objects, 23% free, 52MB/68MB, paused 395us total 19.403ms
08-05 16:12:19.827 17259 17529 I art     : Starting a blocking GC Explicit
08-05 16:12:19.852 17259 17529 I art     : Explicit concurrent mark sweep GC freed 1341(78KB) AllocSpace objects, 1(20KB) LOS objects, 23% free, 52MB/68MB, paused 379us total 24.695ms
08-05 16:12:19.864 17259 17529 I art     : Starting a blocking GC Explicit
08-05 16:12:19.886 17259 17529 I art     : Explicit concurrent mark sweep GC freed 20(704B) AllocSpace objects, 0(0B) LOS objects, 23% free, 52MB/68MB, paused 349us total 22.085ms
08-05 16:12:19.895 17259 17529 I art     : Starting a blocking GC Explicit
08-05 16:12:19.915 17259 17529 I art     : Explicit concurrent mark sweep GC freed 3(96B) AllocSpace objects, 0(0B) LOS objects, 23% free, 52MB/68MB, paused 410us total 19.871ms
08-05 16:12:19.924 17259 17529 I art     : Starting a blocking GC Explicit
08-05 16:12:19.944 17259 17529 I art     : Explicit concurrent mark sweep GC freed 3(96B) AllocSpace objects, 0(0B) LOS objects, 23% free, 52MB/68MB, paused 352us total 19.966ms
08-05 16:12:19.953 17259 17529 I art     : Starting a blocking GC Explicit
08-05 16:12:19.972 17259 17529 I art     : Explicit concurrent mark sweep GC freed 3(96B) AllocSpace objects, 0(0B) LOS objects, 23% free, 52MB/68MB, paused 348us total 19.298ms
08-05 16:12:20.256 12631 12631 I ServiceManager: Waiting for service AtCmdFwd...
08-05 16:12:20.270 17259 17294 I art     : Starting a blocking GC Explicit
08-05 16:12:20.294 17259 17294 I art     : Explicit concurrent mark sweep GC freed 1341(78KB) AllocSpace objects, 1(20KB) LOS objects, 23% free, 52MB/68MB, paused 362us total 23.286ms
08-05 16:12:20.302 17259 17294 I art     : Starting a blocking GC Explicit
08-05 16:12:20.322 17259 17294 I art     : Explicit concurrent mark sweep GC freed 20(704B) AllocSpace objects, 0(0B) LOS objects, 23% free, 52MB/68MB, paused 365us total 19.661ms
08-05 16:12:20.331 17259 17294 I art     : Starting a blocking GC Explicit
08-05 16:12:20.350 17259 17294 I art     : Explicit concurrent mark sweep GC freed 3(96B) AllocSpace objects, 0(0B) LOS objects, 23% free, 52MB/68MB, paused 352us total 19.168ms
08-05 16:12:20.358 17259 17294 I art     : Starting a blocking GC Explicit
08-05 16:12:20.378 17259 17294 I art     : Explicit concurrent mark sweep GC freed 3(96B) AllocSpace objects, 0(0B) LOS objects, 23% free, 52MB/68MB, paused 355us total 19.068ms
08-05 16:12:20.386 17259 17294 I art     : Starting a blocking GC Explicit
08-05 16:12:20.405 17259 17294 I art     : Explicit concurrent mark sweep GC freed 3(96B) AllocSpace objects, 0(0B) LOS objects, 23% free, 52MB/68MB, paused 349us total 18.675ms
08-05 16:12:20.425 18466 18466 D AndroidRuntime: >>>>>> START com.android.internal.os.RuntimeInit uid 2000 <<<<<<
08-05 16:12:20.430 18466 18466 D AndroidRuntime: CheckJNI is OFF
08-05 16:12:20.444  5179  5194 D QcrilMsgTunnelSocket: readRilMessage: Buffer = [B@671e81d HexData = [010000000404000011000000514f454d484f4f4bef0308000100000003]
08-05 16:12:20.445  5179  5194 D QcrilMsgTunnelSocket: Rcvd UNSOL response with 28 bytes data for SUB0
