08-05 14:42:09.687  3639  3695 D OkHttp  : Content-Length: 457
08-05 14:42:09.687  3639  3695 D OkHttp  : Connection: keep-alive
08-05 14:42:09.687  3639  3695 D OkHttp  : Access-Control-Allow-Origin: *
08-05 14:42:09.687  3639  3695 D OkHttp  : Strict-Transport-Security: max-age=31556926; includeSubDomains; preload
08-05 14:42:09.687  3639  3695 D OkHttp  : Cache-Control: Cache-Control: max-age=1800
08-05 14:42:09.711  3639  3685 D OkHttp  : {"by":"joeschmoe83","descendants":121,"id":23971045,"kids":[23976505,23971909,23977484,23971884,23977144,23972507,23977030,23972220,23976128,23974522,23975936,23972668,23973639,23972187,23972208,23972186,23975296,23972924,23976454,23971074,23971997,23972808,23972567,23972584,23975756,23973678,23972263,23972890,23972753,23975545,23971982],"score":241,"time":1595896810,"title":"How Did the Casio F91W Become a Terrorist Icon?","type":"story","url":"https://reaperfeed.com/how-did-the-casio-f91w-become-a-terrorist-icon/"}
08-05 14:42:09.711  3639  3685 D OkHttp  : <-- END HTTP (522-byte body)
08-05 14:42:09.720  3639  3695 D OkHttp  : {"by":"ciprian_craciun","descendants":282,"id":23972539,"kids":[23974565,23975859,23973082,23973666,23972806,23976229,23975899,23973048,23973385,23973635,23972844,23975125,23974800,23973688,23972966,23973280,23976232,23972941,23977912,23973327,23972765,23972810,23973141,23974374,23972763,23973053],"score":395,"time":1595913745,"title":"Not an Amazon Problem","type":"story","url":"https://www.tbray.org/ongoing/When/202x/2020/07/23/Not-an-Amazon-Problem"}
08-05 14:42:09.720  3639  3695 D OkHttp  : <-- END HTTP (457-byte body)
08-05 14:42:09.729  3639  3654 I art     : Starting a blocking GC Explicit
08-05 14:42:09.763  3639  3654 I art     : Explicit concurrent mark sweep GC freed 20140(1330KB) AllocSpace objects, 1(20KB) LOS objects, 35% free, 29MB/45MB, paused 659us total 33.056ms
08-05 14:42:09.773  3639  3654 I art     : Starting a blocking GC Explicit
08-05 14:42:09.796  3639  3654 I art     : Explicit concurrent mark sweep GC freed 1964(73KB) AllocSpace objects, 0(0B) LOS objects, 35% free, 29MB/45MB, paused 470us total 22.514ms
08-05 14:42:09.803  3639  3654 I art     : Starting a blocking GC Explicit
08-05 14:42:09.828  3639  3654 I art     : Explicit concurrent mark sweep GC freed 314(13KB) AllocSpace objects, 0(0B) LOS objects, 35% free, 29MB/45MB, paused 301us total 24.555ms
08-05 14:42:09.835  3639  3654 I art     : Starting a blocking GC Explicit
08-05 14:42:09.860  3639  3654 I art     : Explicit concurrent mark sweep GC freed 57(2832B) AllocSpace objects, 0(0B) LOS objects, 35% free, 29MB/45MB, paused 354us total 24.949ms
08-05 14:42:09.867  3639  3654 I art     : Starting a blocking GC Explicit
08-05 14:42:09.890  3639  3654 I art     : Explicit concurrent mark sweep GC freed 3(96B) AllocSpace objects, 0(0B) LOS objects, 35% free, 29MB/45MB, paused 309us total 22.738ms
08-05 14:42:10.201  3639  3653 I art     : Starting a blocking GC Explicit
08-05 14:42:10.232  3639  3653 I art     : Explicit concurrent mark sweep GC freed 1911(106KB) AllocSpace objects, 1(20KB) LOS objects, 35% free, 29MB/45MB, paused 361us total 30.914ms
08-05 14:42:10.244  3639  3653 I art     : Starting a blocking GC Explicit
08-05 14:42:10.269  3639  3653 I art     : Explicit concurrent mark sweep GC freed 2526(134KB) AllocSpace objects, 3(84KB) LOS objects, 35% free, 29MB/45MB, paused 320us total 24.644ms
08-05 14:42:10.278  3639  3653 I art     : Starting a blocking GC Explicit
08-05 14:42:10.299  3639  3653 I art     : Explicit concurrent mark sweep GC freed 3(96B) AllocSpace objects, 0(0B) LOS objects, 35% free, 29MB/45MB, paused 304us total 21.308ms
08-05 14:42:10.306  3639  3653 I art     : Starting a blocking GC Explicit
08-05 14:42:10.328  3639  3653 I art     : Explicit concurrent mark sweep GC freed 4(160B) AllocSpace objects, 0(0B) LOS objects, 35% free, 29MB/45MB, paused 313us total 21.211ms
08-05 14:42:10.335  3639  3653 I art     : Starting a blocking GC Explicit
08-05 14:42:10.356  3639  3653 I art     : Explicit concurrent mark sweep GC freed 3(96B) AllocSpace objects, 0(0B) LOS objects, 35% free, 29MB/45MB, paused 306us total 21.254ms
08-05 14:42:10.668  3639  3730 I art     : Starting a blocking GC Explicit
08-05 14:42:10.697  3639  3730 I art     : Explicit concurrent mark sweep GC freed 1542(91KB) AllocSpace objects, 1(20KB) LOS objects, 35% free, 29MB/45MB, paused 356us total 27.805ms
08-05 14:42:10.697  3639  3652 I art     : WaitForGcToComplete blocked for 8.082ms for cause HeapTrim
08-05 14:42:10.705  3639  3730 I art     : Starting a blocking GC Explicit
08-05 14:42:10.730  3639  3730 I art     : Explicit concurrent mark sweep GC freed 32(1040B) AllocSpace objects, 0(0B) LOS objects, 35% free, 29MB/45MB, paused 305us total 24.720ms
08-05 14:42:10.737  3639  3730 I art     : Starting a blocking GC Explicit
08-05 14:42:10.762  3639  3730 I art     : Explicit concurrent mark sweep GC freed 3(96B) AllocSpace objects, 0(0B) LOS objects, 35% free, 29MB/45MB, paused 321us total 24.295ms
08-05 14:42:10.770  3639  3730 I art     : Starting a blocking GC Explicit
08-05 14:42:10.795  3639  3730 I art     : Explicit concurrent mark sweep GC freed 3(96B) AllocSpace objects, 0(0B) LOS objects, 35% free, 29MB/45MB, paused 327us total 24.780ms
08-05 14:42:10.803  3639  3730 I art     : Starting a blocking GC Explicit
08-05 14:42:10.829  3639  3730 I art     : Explicit concurrent mark sweep GC freed 3(96B) AllocSpace objects, 0(0B) LOS objects, 35% free, 29MB/45MB, paused 327us total 25.527ms
08-05 14:42:11.195  3639  3654 I art     : Starting a blocking GC Explicit
08-05 14:42:11.232  3639  3654 I art     : Explicit concurrent mark sweep GC freed 1541(91KB) AllocSpace objects, 1(20KB) LOS objects, 35% free, 29MB/45MB, paused 362us total 36.942ms
08-05 14:42:11.243  3639  3654 I art     : Starting a blocking GC Explicit
08-05 14:42:11.270  3639  3654 I art     : Explicit concurrent mark sweep GC freed 32(1040B) AllocSpace objects, 0(0B) LOS objects, 35% free, 29MB/45MB, paused 330us total 26.571ms
08-05 14:42:11.278  3639  3654 I art     : Starting a blocking GC Explicit
08-05 14:42:11.304  3639  3654 I art     : Explicit concurrent mark sweep GC freed 3(96B) AllocSpace objects, 0(0B) LOS objects, 35% free, 29MB/45MB, paused 344us total 25.361ms
08-05 14:42:11.312  3639  3654 I art     : Starting a blocking GC Explicit
08-05 14:42:11.338  3639  3654 I art     : Explicit concurrent mark sweep GC freed 3(96B) AllocSpace objects, 0(0B) LOS objects, 35% free, 29MB/45MB, paused 312us total 25.381ms
08-05 14:42:11.346  3639  3654 I art     : Starting a blocking GC Explicit
08-05 14:42:11.371  3639  3654 I art     : Explicit concurrent mark sweep GC freed 3(96B) AllocSpace objects, 0(0B) LOS objects, 35% free, 29MB/45MB, paused 327us total 25.415ms
08-05 14:42:11.690  3639  3653 I art     : Starting a blocking GC Explicit
08-05 14:42:11.725  3639  3653 I art     : Explicit concurrent mark sweep GC freed 1542(91KB) AllocSpace objects, 1(20KB) LOS objects, 35% free, 29MB/45MB, paused 336us total 34.859ms
08-05 14:42:11.733  3639  3653 I art     : Starting a blocking GC Explicit
08-05 14:42:11.760  3639  3653 I art     : Explicit concurrent mark sweep GC freed 32(1040B) AllocSpace objects, 0(0B) LOS objects, 35% free, 29MB/45MB, paused 330us total 26.742ms
08-05 14:42:11.768  3639  3653 I art     : Starting a blocking GC Explicit
08-05 14:42:11.794  3639  3653 I art     : Explicit concurrent mark sweep GC freed 3(96B) AllocSpace objects, 0(0B) LOS objects, 35% free, 29MB/45MB, paused 326us total 25.685ms
08-05 14:42:11.802  3639  3653 I art     : Starting a blocking GC Explicit
08-05 14:42:11.828  3639  3653 I art     : Explicit concurrent mark sweep GC freed 3(96B) AllocSpace objects, 0(0B) LOS objects, 35% free, 29MB/45MB, paused 315us total 25.327ms
08-05 14:42:11.836  3639  3653 I art     : Starting a blocking GC Explicit
08-05 14:42:11.861  3639  3653 I art     : Explicit concurrent mark sweep GC freed 3(96B) AllocSpace objects, 0(0B) LOS objects, 35% free, 29MB/45MB, paused 326us total 24.487ms
08-05 14:42:12.193  3639  3730 I art     : Starting a blocking GC Explicit
08-05 14:42:12.220  3639  3730 I art     : Explicit concurrent mark sweep GC freed 1539(91KB) AllocSpace objects, 1(20KB) LOS objects, 35% free, 29MB/45MB, paused 346us total 27.549ms
08-05 14:42:12.229  3639  3730 I art     : Starting a blocking GC Explicit
08-05 14:42:12.253  3639  3730 I art     : Explicit concurrent mark sweep GC freed 32(1040B) AllocSpace objects, 0(0B) LOS objects, 35% free, 29MB/45MB, paused 314us total 24.286ms
08-05 14:42:12.261  3639  3730 I art     : Starting a blocking GC Explicit
08-05 14:42:12.286  3639  3730 I art     : Explicit concurrent mark sweep GC freed 3(96B) AllocSpace objects, 0(0B) LOS objects, 35% free, 29MB/45MB, paused 314us total 24.145ms
08-05 14:42:12.293  3639  3730 I art     : Starting a blocking GC Explicit
08-05 14:42:12.317  3639  3730 I art     : Explicit concurrent mark sweep GC freed 3(96B) AllocSpace objects, 0(0B) LOS objects, 35% free, 29MB/45MB, paused 382us total 23.436ms
08-05 14:42:12.324  3639  3730 I art     : Starting a blocking GC Explicit
08-05 14:42:12.348  3639  3730 I art     : Explicit concurrent mark sweep GC freed 3(96B) AllocSpace objects, 0(0B) LOS objects, 35% free, 29MB/45MB, paused 334us total 23.413ms
08-05 14:42:12.465  4057  4057 D AndroidRuntime: >>>>>> START com.android.internal.os.RuntimeInit uid 2000 <<<<<<
08-05 14:42:12.471  4057  4057 D AndroidRuntime: CheckJNI is OFF
08-05 14:42:12.501  4057  4057 D ICU     : No timezone override file found: /data/misc/zoneinfo/current/icu/icu_tzdata.dat
08-05 14:42:12.530  4057  4057 I Radio-JNI: register_android_hardware_Radio DONE
08-05 14:42:12.546  4057  4057 D AndroidRuntime: Calling main entry com.android.commands.input.Input
08-05 14:42:12.548  4057  4057 I Input   : injectMotionEvent: MotionEvent { action=ACTION_DOWN, actionButton=0, id[0]=0, x[0]=724.0, y[0]=400.0, toolType[0]=TOOL_TYPE_UNKNOWN, buttonState=0, metaState=0, flags=0x0, edgeFlags=0x0, pointerCount=1, historySize=0, eventTime=801748961, downTime=801748961, deviceId=0, source=0x1002 }
08-05 14:42:12.553  4057  4057 I Input   : injectMotionEvent: MotionEvent { action=ACTION_UP, actionButton=0, id[0]=0, x[0]=724.0, y[0]=400.0, toolType[0]=TOOL_TYPE_UNKNOWN, buttonState=0, metaState=0, flags=0x0, edgeFlags=0x0, pointerCount=1, historySize=0, eventTime=801748961, downTime=801748961, deviceId=0, source=0x1002 }
08-05 14:42:12.556  4057  4057 D AndroidRuntime: Shutting down VM
08-05 14:42:12.565   918  3961 I ActivityManager: START u0 {cmp=baseline.io.github.hidroh.materialistic/.ItemActivity (has extras)} from uid 10683 on display 0
08-05 14:42:12.566   512  2967 D audio_hw_primary: out_set_parameters: enter: usecase(1: low-latency-playback) kvpairs: routing=2
08-05 14:42:12.579   512  2967 D audio_hw_primary: select_devices: out_snd_device(2: speaker) in_snd_device(0: none)
08-05 14:42:12.579   512  2967 D msm8974_platform: platform_send_audio_calibration: sending audio calibration for snd_device(2) acdb_id(15)
08-05 14:42:12.579   512  2967 I soundtrigger: audio_extn_sound_trigger_update_device_status: device 0x2 of type 0 for Event 1
08-05 14:42:12.588  3639  3639 D skia    : --- SkImageDecoder::Factory returned null
08-05 14:42:12.590   512  2967 D audio_hw_primary: enable_snd_device: snd_device(2: speaker)
08-05 14:42:12.593   512  2967 D audio_hw_primary: enable_audio_route: apply and update mixer path: low-latency-playback speaker
08-05 14:42:12.621  3639  3639 D skia    : --- SkImageDecoder::Factory returned null
08-05 14:42:12.626  3639  3653 I art     : Starting a blocking GC Explicit
08-05 14:42:12.655  3639  3653 I art     : Explicit concurrent mark sweep GC freed 10826(606KB) AllocSpace objects, 1(20KB) LOS objects, 35% free, 29MB/45MB, paused 875us total 27.868ms
08-05 14:42:12.662  3639  3653 I art     : Starting a blocking GC Explicit
08-05 14:42:12.666  3639  3639 I WebViewFactory: Loading com.google.android.webview version 84.0.4147.89 (code 414708953)
08-05 14:42:12.692  3639  3653 I art     : Explicit concurrent mark sweep GC freed 1926(121KB) AllocSpace objects, 0(0B) LOS objects, 35% free, 29MB/45MB, paused 704us total 29.934ms
08-05 14:42:12.701  3639  3653 I art     : Starting a blocking GC Explicit
08-05 14:42:12.728  3639  3653 I art     : Explicit concurrent mark sweep GC freed 3491(286KB) AllocSpace objects, 0(0B) LOS objects, 34% free, 30MB/46MB, paused 928us total 27.235ms
08-05 14:42:12.731  3639  3639 I cr_LibraryLoader: Loaded native library version number "84.0.4147.89"
08-05 14:42:12.732  3639  3639 I cr_CachingUmaRecorder: Flushed 5 samples from 5 histograms.
08-05 14:42:12.737  3639  3653 I art     : Starting a blocking GC Explicit
08-05 14:42:12.759  3639  3639 E chromium: [ERROR:filesystem_posix.cc(62)] mkdir /data/user/0/baseline.io.github.hidroh.materialistic/cache/WebView/Crashpad: No such file or directory (2)
08-05 14:42:12.765  3639  3653 I art     : Explicit concurrent mark sweep GC freed 1419(212KB) AllocSpace objects, 2(40KB) LOS objects, 34% free, 30MB/46MB, paused 893us total 27.949ms
08-05 14:42:12.773  3639  3653 I art     : Starting a blocking GC Explicit
08-05 14:42:12.804  3639  3653 I art     : Explicit concurrent mark sweep GC freed 852(77KB) AllocSpace objects, 0(0B) LOS objects, 34% free, 30MB/46MB, paused 740us total 30.226ms
08-05 14:42:12.831   918  6111 D ConnectivityService: listenForNetwork for Listen from uid/pid:10683/3639 for NetworkRequest [ id=3327, legacyType=-1, [ Capabilities: INTERNET&NOT_RESTRICTED&TRUSTED] ]
08-05 14:42:12.877  3639  4094 W cr_media: Requires BLUETOOTH permission
08-05 14:42:12.884  3639  4108 E libEGL  : validate_display:255 error 3008 (EGL_BAD_DISPLAY)
08-05 14:42:12.933  3639  3639 E RecyclerView: No adapter attached; skipping layout
08-05 14:42:13.026   918   936 I ActivityManager: Displayed baseline.io.github.hidroh.materialistic/.ItemActivity: +449ms
08-05 14:42:13.041 13866 13866 I GoogleInputMethodServic: GoogleInputMethodService.onFinishInput():3138 
08-05 14:42:13.041 13866 13866 I GoogleInputMethodServic: GoogleInputMethodService.onStartInput():1808 
08-05 14:42:13.047  3639  3730 I art     : Starting a blocking GC Explicit
08-05 14:42:13.048  3639  3639 E RecyclerView: No adapter attached; skipping layout
08-05 14:42:13.074  3639  3661 D OpenGLRenderer: endAllStagingAnimators on 0x7f8067f400 (FlatCardView) with handle 0x7f9a1d6600
08-05 14:42:13.084  3639  3730 I art     : Explicit concurrent mark sweep GC freed 8781(544KB) AllocSpace objects, 1(20KB) LOS objects, 33% free, 31MB/47MB, paused 682us total 36.718ms
08-05 14:42:13.093  3639  3730 I art     : Starting a blocking GC Explicit
08-05 14:42:13.119  3639  3730 I art     : Explicit concurrent mark sweep GC freed 676(40KB) AllocSpace objects, 0(0B) LOS objects, 33% free, 31MB/47MB, paused 376us total 25.539ms
08-05 14:42:13.126  3639  3730 I art     : Starting a blocking GC Explicit
08-05 14:42:13.139   512  2967 D audio_hw_primary: disable_audio_route: reset and update mixer path: low-latency-playback speaker
08-05 14:42:13.140   512  2967 D audio_hw_primary: disable_snd_device: snd_device(2: speaker)
08-05 14:42:13.151   512  2967 I soundtrigger: audio_extn_sound_trigger_update_device_status: device 0x2 of type 0 for Event 0
08-05 14:42:13.154  3639  3730 I art     : Explicit concurrent mark sweep GC freed 39(1488B) AllocSpace objects, 0(0B) LOS objects, 33% free, 31MB/47MB, paused 382us total 27.365ms
08-05 14:42:13.162  3639  3730 I art     : Starting a blocking GC Explicit
08-05 14:42:13.190  3639  3730 I art     : Explicit concurrent mark sweep GC freed 5(160B) AllocSpace objects, 0(0B) LOS objects, 33% free, 31MB/47MB, paused 383us total 27.422ms
08-05 14:42:13.199  3639  3730 I art     : Starting a blocking GC Explicit
08-05 14:42:13.230  3639  3730 I art     : Explicit concurrent mark sweep GC freed 6(192B) AllocSpace objects, 0(0B) LOS objects, 33% free, 31MB/47MB, paused 399us total 30.263ms
08-05 14:42:13.280   380   380 W SurfaceFlinger: couldn't log to binary event log: overflow.
08-05 14:42:13.491 13866 13866 I GoogleInputMethodServic: GoogleInputMethodService.onFinishInput():3138 
08-05 14:42:13.492 13866 13866 I GoogleInputMethodServic: GoogleInputMethodService.onStartInput():1808 
08-05 14:42:13.544  3639  3653 I art     : Starting a blocking GC Explicit
08-05 14:42:13.580  3639  3653 I art     : Explicit concurrent mark sweep GC freed 5341(317KB) AllocSpace objects, 4(220KB) LOS objects, 33% free, 31MB/47MB, paused 575us total 36.692ms
08-05 14:42:13.589  3639  3653 I art     : Starting a blocking GC Explicit
08-05 14:42:13.615  3639  3653 I art     : Explicit concurrent mark sweep GC freed 1054(125KB) AllocSpace objects, 0(0B) LOS objects, 33% free, 31MB/47MB, paused 418us total 26.468ms
08-05 14:42:13.623  3639  3653 I art     : Starting a blocking GC Explicit
08-05 14:42:13.651  3639  3653 I art     : Explicit concurrent mark sweep GC freed 7(240B) AllocSpace objects, 0(0B) LOS objects, 33% free, 31MB/47MB, paused 457us total 27.990ms
08-05 14:42:13.660  3639  3653 I art     : Starting a blocking GC Explicit
08-05 14:42:13.691  3639  3653 I art     : Explicit concurrent mark sweep GC freed 3329(152KB) AllocSpace objects, 0(0B) LOS objects, 33% free, 31MB/47MB, paused 723us total 30.820ms
08-05 14:42:13.700  3639  3653 I art     : Starting a blocking GC Explicit
08-05 14:42:13.728  3639  3653 I art     : Explicit concurrent mark sweep GC freed 5067(215KB) AllocSpace objects, 0(0B) LOS objects, 33% free, 31MB/47MB, paused 446us total 28.584ms
08-05 14:42:14.032  3639  3654 I art     : Starting a blocking GC Explicit
08-05 14:42:14.069  3639  3654 I art     : Explicit concurrent mark sweep GC freed 3560(177KB) AllocSpace objects, 1(20KB) LOS objects, 33% free, 31MB/47MB, paused 570us total 36.544ms
08-05 14:42:14.078  3639  3654 I art     : Starting a blocking GC Explicit
08-05 14:42:14.107  3639  3654 I art     : Explicit concurrent mark sweep GC freed 88(2912B) AllocSpace objects, 0(0B) LOS objects, 33% free, 31MB/47MB, paused 551us total 28.355ms
08-05 14:42:14.115  3639  3654 I art     : Starting a blocking GC Explicit
08-05 14:42:14.142  3639  3654 I art     : Explicit concurrent mark sweep GC freed 60(10KB) AllocSpace objects, 0(0B) LOS objects, 33% free, 31MB/47MB, paused 491us total 27.176ms
08-05 14:42:14.150  3639  3654 I art     : Starting a blocking GC Explicit
08-05 14:42:14.160   518   646 I ThermalEngine: ACTION: GPU - Setting GPU[0] to 510000000
08-05 14:42:14.180  3639  3654 I art     : Explicit concurrent mark sweep GC freed 69(3KB) AllocSpace objects, 0(0B) LOS objects, 33% free, 31MB/47MB, paused 643us total 29.912ms
08-05 14:42:14.190  3639  3654 I art     : Starting a blocking GC Explicit
08-05 14:42:14.222  3639  3654 I art     : Explicit concurrent mark sweep GC freed 4(128B) AllocSpace objects, 0(0B) LOS objects, 33% free, 31MB/47MB, paused 605us total 31.593ms
08-05 14:42:14.284   918  5952 I AccountManagerService: getTypesVisibleToCaller: isPermitted? true
08-05 14:42:14.515  3639  3730 I art     : Starting a blocking GC Explicit
08-05 14:42:14.530  3639  3639 I chromium: [INFO:CONSOLE(14)] "Init Bootstrap with config [object Object]", source: https://static.reuters.com/resources_v2/react/CKB-23169-b72/common.bundle.js (14)
08-05 14:42:14.559  3639  3730 I art     : Explicit concurrent mark sweep GC freed 4930(329KB) AllocSpace objects, 1(20KB) LOS objects, 33% free, 31MB/47MB, paused 744us total 43.001ms
08-05 14:42:14.570  3639  3730 I art     : Starting a blocking GC Explicit
08-05 14:42:14.602  3639  3730 I art     : Explicit concurrent mark sweep GC freed 257(29KB) AllocSpace objects, 0(0B) LOS objects, 33% free, 31MB/47MB, paused 565us total 32.003ms
08-05 14:42:14.612  3639  3730 I art     : Starting a blocking GC Explicit
08-05 14:42:14.646  3639  3730 I art     : Explicit concurrent mark sweep GC freed 19(8KB) AllocSpace objects, 0(0B) LOS objects, 33% free, 31MB/47MB, paused 615us total 33.540ms
08-05 14:42:14.656  3639  3730 I art     : Starting a blocking GC Explicit
08-05 14:42:14.690  3639  3730 I art     : Explicit concurrent mark sweep GC freed 15(480B) AllocSpace objects, 0(0B) LOS objects, 33% free, 31MB/47MB, paused 588us total 33.855ms
08-05 14:42:14.702  3639  3730 I art     : Starting a blocking GC Explicit
08-05 14:42:14.733  4171  4171 I art     : Late-enabling -Xcheck:jni
08-05 14:42:14.734   918   918 I ActivityManager: Start proc 4171:nappagreedy.com.newsblur/u0a679 for service nappagreedy.com.newsblur/.service.NBSyncService
08-05 14:42:14.739 21092 21092 I Finsky  : [1] xow.onStartJob(3): SCH: onJobSchedulerWakeup with jobId 9011
08-05 14:42:14.746 21092 21092 I Finsky  : [1] xjw.a(9): Scheduling fallback in 43199994 (absolute: 1828338614)
08-05 14:42:14.749  3639  3730 I art     : Explicit concurrent mark sweep GC freed 7829(319KB) AllocSpace objects, 0(0B) LOS objects, 33% free, 31MB/47MB, paused 626us total 47.519ms
08-05 14:42:14.751 21092 21092 I Finsky  : [1] xjw.a(9): Scheduling fallback in 64799996 (absolute: 1849938622)
08-05 14:42:14.777  3639  3639 I chromium: [INFO:CONSOLE(7)] "BODY ITEMS [object Object],[object Object],[object Object],[object Object],[object Object],[object Object],[object Object],[object Object]", source: https://static.reuters.com/resources_v2/react/CKB-23169-b72/common.bundle.js (7)
08-05 14:42:14.797 21092 21092 I Finsky  : [1] xkf.handleMessage(8): SCH: DeviceState: DeviceState{currentTime=1596631334794, isCharging=false, isIdle=false, netAny=true, netNotRoaming=true, netUnmetered=true, batteryPercent=100.0}
08-05 14:42:14.801 21092  3611 I Finsky  : [6230] xmu.a(8): SCH: Jobs in database: 1-1337 3-215 3-216 12-1 24-77777777 26-1414141414 
08-05 14:42:14.803 21092 21092 I Finsky  : [1] xkg.a(16): SCH: Running job: 12-1
08-05 14:42:14.804 21092 21092 I Finsky  : [1] ContentSyncJob.a(16): [ContentSync] job started
08-05 14:42:14.804 21092 21092 I Finsky  : [1] xkf.handleMessage(61): SCH: RunningQueue size: 1, PendingQueue size: 0
08-05 14:42:14.804 21092 21092 I Finsky  : [1] xkf.handleMessage(64): SCH: Running queue: 12-1 
08-05 14:42:14.841  4171  4171 W System  : ClassLoader referenced unknown path: /data/app/nappagreedy.com.newsblur-1/lib/arm64
08-05 14:42:14.867 21092  3627 I Finsky  : [6234] dzn.a(22): Completed 0 account content syncs with 0 successful.
08-05 14:42:14.868 21092 21092 I Finsky  : [1] ContentSyncJob.a(1): [ContentSync] Installation state replication succeeded.
08-05 14:42:14.868 21092 21092 I Finsky  : [1] xlr.a(13): SCH: jobFinished: 12-1. TimeElapsed: 64ms.
08-05 14:42:14.868 21092 21092 I Finsky  : [1] xkg.a(36): SCH: Job 12-1 finished. Not rescheduling.
08-05 14:42:14.869 21092 21092 I Finsky  : [1] xkf.handleMessage(61): SCH: RunningQueue size: 0, PendingQueue size: 0
08-05 14:42:14.869 21092 21092 I Finsky  : [1] xkf.handleMessage(25): Executor finished
08-05 14:42:14.923 21092 21092 I Finsky  : [1] xmu.a(8): SCH: Jobs in database: 1-1337 3-215 3-216 24-77777777 26-1414141414 
08-05 14:42:14.925 21092 21092 I Finsky  : [1] xio.a(57): SCH: ConstraintMapping: 24-77777777,  -> L: 0ms, D: 23265595ms, C: false, I: true, N: 0
08-05 14:42:14.926 21092 21092 I Finsky  : [1] xio.a(57): SCH: ConstraintMapping: 1-1337,  -> L: 26617986ms, D: 69817986ms, C: false, I: false, N: 1
08-05 14:42:14.928 21092 21092 I Finsky  : [1] xio.a(57): SCH: ConstraintMapping: 3-215,  -> L: 0ms, D: 81692526ms, C: false, I: true, N: 2
08-05 14:42:14.929 21092 21092 I Finsky  : [1] xio.a(57): SCH: ConstraintMapping: 3-216,  -> L: 0ms, D: 81692557ms, C: true, I: true, N: 2
08-05 14:42:14.930 21092 21092 I Finsky  : [1] xio.a(57): SCH: ConstraintMapping: 26-1414141414,  -> L: 31265454ms, D: 32165454ms, C: false, I: false, N: 0
08-05 14:42:14.951 21092 21092 I Finsky  : [1] xle.a(34): Cancelling existing jobscheduler jobs: 9018 9015 9012 9000 9013 9019 9014 9016 9017 
08-05 14:42:14.952 21092 21092 I Finsky  : [1] xle.a(10): Throttling wakeup for job 9001 (expected to run in 0 ms) due to recent wakeup
08-05 14:42:14.952 21092 21092 I Finsky  : [1] xle.a(27): Scheduling job Id: 9001, L: 30000, D: 23265595, C: false, I: true, N: 0
08-05 14:42:14.954 21092 21092 I Finsky  : [1] xle.a(27): Scheduling job Id: 9002, L: 26617986, D: 69817986, C: false, I: false, N: 1
08-05 14:42:14.956 21092 21092 I Finsky  : [1] xle.a(10): Throttling wakeup for job 9003 (expected to run in 0 ms) due to recent wakeup
08-05 14:42:14.957 21092 21092 I Finsky  : [1] xle.a(27): Scheduling job Id: 9003, L: 30000, D: 81692526, C: false, I: true, N: 2
08-05 14:42:14.958 21092 21092 I Finsky  : [1] xle.a(10): Throttling wakeup for job 9004 (expected to run in 0 ms) due to recent wakeup
08-05 14:42:14.958 21092 21092 I Finsky  : [1] xle.a(27): Scheduling job Id: 9004, L: 30000, D: 81692557, C: true, I: true, N: 2
08-05 14:42:14.960 21092 21092 I Finsky  : [1] xle.a(27): Scheduling job Id: 9005, L: 31265454, D: 32165454, C: false, I: false, N: 0
08-05 14:42:14.966 21092 21092 I Finsky  : [1] xle.a(10): Throttling wakeup for job 9006 (expected to run in 0 ms) due to recent wakeup
08-05 14:42:14.968 21092 21092 I Finsky  : [1] xle.a(27): Scheduling job Id: 9006, L: 30000, D: 23265595, C: false, I: true, N: 0
08-05 14:42:14.971 21092 21092 I Finsky  : [1] xle.a(27): Scheduling job Id: 9007, L: 26617986, D: 69817986, C: false, I: false, N: 1
08-05 14:42:14.973 21092 21092 I Finsky  : [1] xle.a(10): Throttling wakeup for job 9008 (expected to run in 0 ms) due to recent wakeup
08-05 14:42:14.973 21092 21092 I Finsky  : [1] xle.a(27): Scheduling job Id: 9008, L: 30000, D: 81692526, C: false, I: true, N: 2
08-05 14:42:14.974 21092 21092 I Finsky  : [1] xle.a(10): Throttling wakeup for job 9009 (expected to run in 0 ms) due to recent wakeup
08-05 14:42:14.974 21092 21092 I Finsky  : [1] xle.a(27): Scheduling job Id: 9009, L: 30000, D: 81692557, C: true, I: true, N: 2
08-05 14:42:14.976 21092 21092 I Finsky  : [1] xle.a(27): Scheduling job Id: 9010, L: 31265454, D: 32165454, C: false, I: false, N: 0
08-05 14:42:15.026  3639  3639 I chromium: [INFO:CONSOLE(0)] "Access to XMLHttpRequest at 'https://usasync01.admantx.com/admantx/service?request=%7B%22key%22%3A%22234330834c41105ad5ed794fa036e085b40225c44f9228bb9e2692f427917605%22%2C%20%22decorator%22%3A%22template.reuters_ss%22%2C%20%22filter%22%3A%5B%22default%22%5D%2C%20%22method%22%3A%22descriptor%22%2C%20%22mode%22%3A%22async%22%2C%20%22type%22%3A%22URL%22%2C%20%22body%22%3A%22https%253A%252F%252Fwww.reuters.com%252Farticle%252Fus-intel-reorganization%252Fintel-ousts-its-chief-engineer-shakes-up-technical-group-after-delays-idUSKCN24S2O6%22%7D' from origin 'https://www.reuters.com' has been blocked by CORS policy: No 'Access-Control-Allow-Origin' header is present on the requested resource.", source: https://www.reuters.com/article/us-intel-reorganization/intel-ousts-its-chief-engineer-shakes-up-technical-group-after-delays-idUSKCN24S2O6 (0)
08-05 14:42:15.028  3639  3654 I art     : Starting a blocking GC Explicit
08-05 14:42:15.068  3639  3654 I art     : Explicit concurrent mark sweep GC freed 2164(144KB) AllocSpace objects, 1(20KB) LOS objects, 33% free, 31MB/47MB, paused 734us total 40.277ms
08-05 14:42:15.071  3639  3639 I chromium: [INFO:CONSOLE(1)] "track event: article.bottom.content.visible [object Object]", source: https://static.reuters.com/resources_v2/react/CKB-23169-b72/article.bundle.js (1)
08-05 14:42:15.079  3639  3654 I art     : Starting a blocking GC Explicit
08-05 14:42:15.112  3639  3654 I art     : Explicit concurrent mark sweep GC freed 67(2848B) AllocSpace objects, 0(0B) LOS objects, 33% free, 31MB/47MB, paused 646us total 33.230ms
08-05 14:42:15.122  3639  3654 I art     : Starting a blocking GC Explicit
08-05 14:42:15.138  3639  3639 I chromium: [INFO:CONSOLE(14)] "###### ias setup complete", source: https://static.reuters.com/resources_v2/react/CKB-23169-b72/common.bundle.js (14)
08-05 14:42:15.155  3639  3654 I art     : Explicit concurrent mark sweep GC freed 169(9KB) AllocSpace objects, 0(0B) LOS objects, 33% free, 31MB/47MB, paused 786us total 32.925ms
08-05 14:42:15.166  3639  3654 I art     : Starting a blocking GC Explicit
08-05 14:42:15.190  3639  3639 I chromium: [INFO:CONSOLE(14)] "[object Object]", source: https://static.reuters.com/resources_v2/react/CKB-23169-b72/common.bundle.js (14)
08-05 14:42:15.198  3639  3654 I art     : Explicit concurrent mark sweep GC freed 250(21KB) AllocSpace objects, 0(0B) LOS objects, 33% free, 31MB/47MB, paused 571us total 32.530ms
08-05 14:42:15.209  3639  3654 I art     : Starting a blocking GC Explicit
08-05 14:42:15.214  3639  3639 I chromium: [INFO:CONSOLE(7)] "bootstrap getResults: [object Object]", source: https://static.reuters.com/resources_v2/react/CKB-23169-b72/common.bundle.js (7)
08-05 14:42:15.240  3639  3654 I art     : Explicit concurrent mark sweep GC freed 354(12KB) AllocSpace objects, 0(0B) LOS objects, 33% free, 31MB/47MB, paused 607us total 31.331ms
08-05 14:42:15.430   918  3670 I AccountManagerService: getTypesVisibleToCaller: isPermitted? true
08-05 14:42:15.515  3639  3653 I art     : Starting a blocking GC Explicit
08-05 14:42:15.552  3639  3653 I art     : Explicit concurrent mark sweep GC freed 10373(557KB) AllocSpace objects, 1(20KB) LOS objects, 33% free, 31MB/47MB, paused 748us total 36.854ms
08-05 14:42:15.562  3639  3653 I art     : Starting a blocking GC Explicit
08-05 14:42:15.595  3639  3653 I art     : Explicit concurrent mark sweep GC freed 292(10KB) AllocSpace objects, 0(0B) LOS objects, 33% free, 31MB/47MB, paused 621us total 32.735ms
08-05 14:42:15.605  3639  3653 I art     : Starting a blocking GC Explicit
08-05 14:42:15.638  3639  3653 I art     : Explicit concurrent mark sweep GC freed 3(96B) AllocSpace objects, 0(0B) LOS objects, 33% free, 31MB/47MB, paused 640us total 32.684ms
08-05 14:42:15.649  3639  3653 I art     : Starting a blocking GC Explicit
08-05 14:42:15.680  3639  3653 I art     : Explicit concurrent mark sweep GC freed 119(6KB) AllocSpace objects, 0(0B) LOS objects, 33% free, 31MB/47MB, paused 594us total 31.533ms
08-05 14:42:15.691  3639  3653 I art     : Starting a blocking GC Explicit
08-05 14:42:15.723  3639  3653 I art     : Explicit concurrent mark sweep GC freed 48(2400B) AllocSpace objects, 0(0B) LOS objects, 33% free, 31MB/47MB, paused 644us total 31.760ms
08-05 14:42:15.918  3639  3639 I chromium: [INFO:CONSOLE(1)] "Blocking Ads: No", source:  (1)
08-05 14:42:15.919  3639  3639 I chromium: [INFO:CONSOLE(1)] "comscore new global fired", source:  (1)
08-05 14:42:16.004  3639  3653 I art     : Starting a blocking GC Explicit
08-05 14:42:16.043  3639  3653 I art     : Explicit concurrent mark sweep GC freed 8916(416KB) AllocSpace objects, 1(20KB) LOS objects, 33% free, 31MB/47MB, paused 663us total 38.596ms
08-05 14:42:16.054  3639  3653 I art     : Starting a blocking GC Explicit
08-05 14:42:16.093  3639  3653 I art     : Explicit concurrent mark sweep GC freed 216(6KB) AllocSpace objects, 0(0B) LOS objects, 33% free, 31MB/47MB, paused 622us total 38.358ms
08-05 14:42:16.104  3639  3653 I art     : Starting a blocking GC Explicit
08-05 14:42:16.142  3639  3653 I art     : Explicit concurrent mark sweep GC freed 3(96B) AllocSpace objects, 0(0B) LOS objects, 33% free, 31MB/47MB, paused 605us total 37.707ms
08-05 14:42:16.153  3639  3653 I art     : Starting a blocking GC Explicit
08-05 14:42:16.190  3639  3653 I art     : Explicit concurrent mark sweep GC freed 3(96B) AllocSpace objects, 0(0B) LOS objects, 33% free, 31MB/47MB, paused 588us total 36.246ms
08-05 14:42:16.201  3639  3653 I art     : Starting a blocking GC Explicit
08-05 14:42:16.236  3639  3653 I art     : Explicit concurrent mark sweep GC freed 1987(84KB) AllocSpace objects, 0(0B) LOS objects, 33% free, 31MB/47MB, paused 641us total 34.487ms
08-05 14:42:16.546  3639  3653 I art     : Starting a blocking GC Explicit
08-05 14:42:16.582  3639  3653 I art     : Explicit concurrent mark sweep GC freed 1721(100KB) AllocSpace objects, 1(20KB) LOS objects, 33% free, 31MB/47MB, paused 581us total 35.151ms
08-05 14:42:16.593  3639  3653 I art     : Starting a blocking GC Explicit
08-05 14:42:16.627  3639  3653 I art     : Explicit concurrent mark sweep GC freed 32(1040B) AllocSpace objects, 0(0B) LOS objects, 33% free, 31MB/47MB, paused 750us total 34.405ms
08-05 14:42:16.638  3639  3653 I art     : Starting a blocking GC Explicit
08-05 14:42:16.673  3639  3653 I art     : Explicit concurrent mark sweep GC freed 3(96B) AllocSpace objects, 0(0B) LOS objects, 33% free, 31MB/47MB, paused 668us total 34.506ms
08-05 14:42:16.683  3639  3653 I art     : Starting a blocking GC Explicit
08-05 14:42:16.719  3639  3653 I art     : Explicit concurrent mark sweep GC freed 3(96B) AllocSpace objects, 0(0B) LOS objects, 33% free, 31MB/47MB, paused 547us total 35.264ms
08-05 14:42:16.729  3639  3653 I art     : Starting a blocking GC Explicit
08-05 14:42:16.764  3639  3653 I art     : Explicit concurrent mark sweep GC freed 3(96B) AllocSpace objects, 0(0B) LOS objects, 33% free, 31MB/47MB, paused 699us total 34.239ms
08-05 14:42:17.088  3639  3654 I art     : Starting a blocking GC Explicit
08-05 14:42:17.138  3639  3654 I art     : Explicit concurrent mark sweep GC freed 1550(92KB) AllocSpace objects, 1(20KB) LOS objects, 33% free, 31MB/47MB, paused 1.138ms total 49.741ms
08-05 14:42:17.153  3639  3654 I art     : Starting a blocking GC Explicit
08-05 14:42:17.166   518   646 I ThermalEngine: ACTION: GPU - Setting GPU[0] to 450000000
08-05 14:42:17.204  3639  3654 I art     : Explicit concurrent mark sweep GC freed 1663(69KB) AllocSpace objects, 0(0B) LOS objects, 33% free, 31MB/47MB, paused 859us total 50.916ms
08-05 14:42:17.218  3639  3654 I art     : Starting a blocking GC Explicit
08-05 14:42:17.270  3639  3654 I art     : Explicit concurrent mark sweep GC freed 168(7KB) AllocSpace objects, 0(0B) LOS objects, 33% free, 31MB/47MB, paused 853us total 52.272ms
08-05 14:42:17.289  3639  3654 I art     : Starting a blocking GC Explicit
08-05 14:42:17.339  3639  3654 I art     : Explicit concurrent mark sweep GC freed 9(320B) AllocSpace objects, 0(0B) LOS objects, 33% free, 31MB/47MB, paused 823us total 49.918ms
08-05 14:42:17.355  3639  3654 I art     : Starting a blocking GC Explicit
08-05 14:42:17.402  3639  3654 I art     : Explicit concurrent mark sweep GC freed 27(1696B) AllocSpace objects, 0(0B) LOS objects, 33% free, 31MB/47MB, paused 770us total 46.510ms
08-05 14:42:17.762  3639  3654 I art     : Starting a blocking GC Explicit
08-05 14:42:17.815  3639  3654 I art     : Explicit concurrent mark sweep GC freed 5445(268KB) AllocSpace objects, 1(20KB) LOS objects, 33% free, 31MB/47MB, paused 898us total 52.069ms
08-05 14:42:17.828  3639  3654 I art     : Starting a blocking GC Explicit
08-05 14:42:17.871  3639  3654 I art     : Explicit concurrent mark sweep GC freed 214(8KB) AllocSpace objects, 0(0B) LOS objects, 33% free, 31MB/47MB, paused 893us total 42.341ms
08-05 14:42:17.884  3639  3654 I art     : Starting a blocking GC Explicit
08-05 14:42:17.928  3639  3654 I art     : Explicit concurrent mark sweep GC freed 9(288B) AllocSpace objects, 0(0B) LOS objects, 33% free, 31MB/47MB, paused 850us total 43.712ms
08-05 14:42:17.942  3639  3654 I art     : Starting a blocking GC Explicit
08-05 14:42:17.992  3639  3654 I art     : Explicit concurrent mark sweep GC freed 1782(74KB) AllocSpace objects, 0(0B) LOS objects, 33% free, 31MB/47MB, paused 924us total 50.082ms
08-05 14:42:18.006  3639  3654 I art     : Starting a blocking GC Explicit
08-05 14:42:18.056  3639  3654 I art     : Explicit concurrent mark sweep GC freed 49(1600B) AllocSpace objects, 0(0B) LOS objects, 33% free, 31MB/47MB, paused 811us total 49.075ms
08-05 14:42:18.393 16924 16933 I art     : Background partial concurrent mark sweep GC freed 76531(7MB) AllocSpace objects, 296(5MB) LOS objects, 40% free, 19MB/32MB, paused 16.698ms total 54.664ms
08-05 14:42:18.408  3639  3730 I art     : Starting a blocking GC Explicit
08-05 14:42:18.456  3639  3730 I art     : Explicit concurrent mark sweep GC freed 1550(92KB) AllocSpace objects, 1(20KB) LOS objects, 33% free, 31MB/47MB, paused 823us total 47.683ms
08-05 14:42:18.470  3639  3730 I art     : Starting a blocking GC Explicit
08-05 14:42:18.489  2820  2820 I ServiceManager: Waiting for service AtCmdFwd...
08-05 14:42:18.522  3639  3730 I art     : Explicit concurrent mark sweep GC freed 34(1120B) AllocSpace objects, 0(0B) LOS objects, 33% free, 31MB/47MB, paused 863us total 50.969ms
08-05 14:42:18.537  3639  3730 I art     : Starting a blocking GC Explicit
08-05 14:42:18.590  3639  3730 I art     : Explicit concurrent mark sweep GC freed 3(96B) AllocSpace objects, 0(0B) LOS objects, 33% free, 31MB/47MB, paused 857us total 53.012ms
08-05 14:42:18.605  3639  3730 I art     : Starting a blocking GC Explicit
08-05 14:42:18.657  3639  3730 I art     : Explicit concurrent mark sweep GC freed 3(96B) AllocSpace objects, 0(0B) LOS objects, 33% free, 31MB/47MB, paused 879us total 51.252ms
08-05 14:42:18.672  3639  3730 I art     : Starting a blocking GC Explicit
08-05 14:42:18.725  3639  3730 I art     : Explicit concurrent mark sweep GC freed 3(96B) AllocSpace objects, 0(0B) LOS objects, 33% free, 31MB/47MB, paused 857us total 53.501ms
08-05 14:42:19.065  3639  3653 I art     : Starting a blocking GC Explicit
08-05 14:42:19.118  3639  3653 I art     : Explicit concurrent mark sweep GC freed 1550(92KB) AllocSpace objects, 1(20KB) LOS objects, 33% free, 31MB/47MB, paused 962us total 52.904ms
08-05 14:42:19.133  3639  3653 I art     : Starting a blocking GC Explicit
08-05 14:42:19.174   518   646 I ThermalEngine: ACTION: GPU - Setting GPU[0] to 510000000
08-05 14:42:19.182  3639  3653 I art     : Explicit concurrent mark sweep GC freed 32(1040B) AllocSpace objects, 0(0B) LOS objects, 33% free, 31MB/47MB, paused 929us total 48.963ms
08-05 14:42:19.197  3639  3653 I art     : Starting a blocking GC Explicit
08-05 14:42:19.240  3639  3653 I art     : Explicit concurrent mark sweep GC freed 3(96B) AllocSpace objects, 0(0B) LOS objects, 33% free, 31MB/47MB, paused 625us total 42.747ms
08-05 14:42:19.251  3639  3653 I art     : Starting a blocking GC Explicit
08-05 14:42:19.288  3639  3653 I art     : Explicit concurrent mark sweep GC freed 3(96B) AllocSpace objects, 0(0B) LOS objects, 33% free, 31MB/47MB, paused 634us total 37.489ms
08-05 14:42:19.300  3639  3653 I art     : Starting a blocking GC Explicit
08-05 14:42:19.337  4267  4267 D AndroidRuntime: >>>>>> START com.android.internal.os.RuntimeInit uid 2000 <<<<<<
08-05 14:42:19.338  3639  3653 I art     : Explicit concurrent mark sweep GC freed 3(96B) AllocSpace objects, 0(0B) LOS objects, 33% free, 31MB/47MB, paused 709us total 37.884ms
08-05 14:42:19.342  4267  4267 D AndroidRuntime: CheckJNI is OFF
08-05 14:42:19.375  4267  4267 D ICU     : No timezone override file found: /data/misc/zoneinfo/current/icu/icu_tzdata.dat
08-05 14:42:19.407  4267  4267 I Radio-JNI: register_android_hardware_Radio DONE
08-05 14:42:19.429  4267  4267 D AndroidRuntime: Calling main entry com.android.commands.input.Input
08-05 14:42:19.431  4267  4267 I Input   : injectMotionEvent: MotionEvent { action=ACTION_DOWN, actionButton=0, id[0]=0, x[0]=355.0, y[0]=693.0, toolType[0]=TOOL_TYPE_UNKNOWN, buttonState=0, metaState=0, flags=0x0, edgeFlags=0x0, pointerCount=1, historySize=0, eventTime=801755843, downTime=801755843, deviceId=0, source=0x1002 }
08-05 14:42:19.437  4267  4267 I Input   : injectMotionEvent: MotionEvent { action=ACTION_UP, actionButton=0, id[0]=0, x[0]=355.0, y[0]=693.0, toolType[0]=TOOL_TYPE_UNKNOWN, buttonState=0, metaState=0, flags=0x0, edgeFlags=0x0, pointerCount=1, historySize=0, eventTime=801755843, downTime=801755843, deviceId=0, source=0x1002 }
08-05 14:42:19.439  4267  4267 D AndroidRuntime: Shutting down VM
08-05 14:42:19.460   512  2967 D audio_hw_primary: out_set_parameters: enter: usecase(1: low-latency-playback) kvpairs: routing=2
08-05 14:42:19.475   512  2967 D audio_hw_primary: select_devices: out_snd_device(2: speaker) in_snd_device(0: none)
08-05 14:42:19.475   512  2967 D msm8974_platform: platform_send_audio_calibration: sending audio calibration for snd_device(2) acdb_id(15)
08-05 14:42:19.475   512  2967 I soundtrigger: audio_extn_sound_trigger_update_device_status: device 0x2 of type 0 for Event 1
08-05 14:42:19.485   512  2967 D audio_hw_primary: enable_snd_device: snd_device(2: speaker)
08-05 14:42:19.487   512  2967 D audio_hw_primary: enable_audio_route: apply and update mixer path: low-latency-playback speaker
08-05 14:42:19.490  2820  2820 I ServiceManager: Waiting for service AtCmdFwd...
08-05 14:42:19.491  3639  3686 D OkHttp  : --> GET https://hacker-news.firebaseio.com/v0/item/23971016.json
08-05 14:42:19.491  3639  3686 D OkHttp  : Cache-Control: max-age=1800
08-05 14:42:19.491  3639  3686 D OkHttp  : --> END GET
08-05 14:42:19.500  3639  3684 D OkHttp  : --> GET https://hacker-news.firebaseio.com/v0/item/23972768.json
08-05 14:42:19.500  3639  3684 D OkHttp  : Cache-Control: max-age=1800
08-05 14:42:19.500  3639  3684 D OkHttp  : --> END GET
08-05 14:42:19.507  3639  3699 D OkHttp  : --> GET https://hacker-news.firebaseio.com/v0/item/23971269.json
08-05 14:42:19.507  3639  3699 D OkHttp  : Cache-Control: max-age=1800
08-05 14:42:19.507  3639  3699 D OkHttp  : --> END GET
08-05 14:42:19.515  3639  3659 D OkHttp  : --> GET https://hacker-news.firebaseio.com/v0/item/23971892.json
08-05 14:42:19.515  3639  3659 D OkHttp  : Cache-Control: max-age=1800
08-05 14:42:19.515  3639  3659 D OkHttp  : --> END GET
08-05 14:42:19.522  3639  3688 D OkHttp  : --> GET https://hacker-news.firebaseio.com/v0/item/23971139.json
08-05 14:42:19.522  3639  3688 D OkHttp  : Cache-Control: max-age=1800
08-05 14:42:19.523  3639  3688 D OkHttp  : --> END GET
08-05 14:42:19.530  3639  3697 D OkHttp  : --> GET https://hacker-news.firebaseio.com/v0/item/23972347.json
08-05 14:42:19.530  3639  3697 D OkHttp  : Cache-Control: max-age=1800
08-05 14:42:19.530  3639  3697 D OkHttp  : --> END GET
08-05 14:42:19.537  3639  3685 D OkHttp  : --> GET https://hacker-news.firebaseio.com/v0/item/23976296.json
08-05 14:42:19.537  3639  3685 D OkHttp  : Cache-Control: max-age=1800
08-05 14:42:19.537  3639  3685 D OkHttp  : --> END GET
08-05 14:42:19.544  3639  3695 D OkHttp  : --> GET https://hacker-news.firebaseio.com/v0/item/23974581.json
08-05 14:42:19.544  3639  3695 D OkHttp  : Cache-Control: max-age=1800
08-05 14:42:19.545  3639  3695 D OkHttp  : --> END GET
08-05 14:42:19.551  3639  3690 D OkHttp  : --> GET https://hacker-news.firebaseio.com/v0/item/23971375.json
08-05 14:42:19.551  3639  3690 D OkHttp  : Cache-Control: max-age=1800
08-05 14:42:19.552  3639  3690 D OkHttp  : --> END GET
08-05 14:42:19.560  3639  4302 D OkHttp  : --> GET https://hacker-news.firebaseio.com/v0/item/23971097.json
08-05 14:42:19.560  3639  4302 D OkHttp  : Cache-Control: max-age=1800
08-05 14:42:19.560  3639  4302 D OkHttp  : --> END GET
08-05 14:42:19.567  3639  4304 D OkHttp  : --> GET https://hacker-news.firebaseio.com/v0/item/23971085.json
08-05 14:42:19.568  3639  4304 D OkHttp  : Cache-Control: max-age=1800
08-05 14:42:19.568  3639  4304 D OkHttp  : --> END GET
08-05 14:42:19.576  3639  4306 D OkHttp  : --> GET https://hacker-news.firebaseio.com/v0/item/23971156.json
08-05 14:42:19.576  3639  4306 D OkHttp  : Cache-Control: max-age=1800
08-05 14:42:19.576  3639  4306 D OkHttp  : --> END GET
08-05 14:42:19.584  3639  4308 D OkHttp  : --> GET https://hacker-news.firebaseio.com/v0/item/23974128.json
08-05 14:42:19.584  3639  4308 D OkHttp  : Cache-Control: max-age=1800
08-05 14:42:19.584  3639  4308 D OkHttp  : --> END GET
08-05 14:42:19.594  3639  4310 D OkHttp  : --> GET https://hacker-news.firebaseio.com/v0/item/23971799.json
08-05 14:42:19.594  3639  4310 D OkHttp  : Cache-Control: max-age=1800
08-05 14:42:19.594  3639  4310 D OkHttp  : --> END GET
08-05 14:42:19.601  3639  4312 D OkHttp  : --> GET https://hacker-news.firebaseio.com/v0/item/23972755.json
08-05 14:42:19.601  3639  4312 D OkHttp  : Cache-Control: max-age=1800
08-05 14:42:19.601  3639  4312 D OkHttp  : --> END GET
08-05 14:42:19.609  3639  4314 D OkHttp  : --> GET https://hacker-news.firebaseio.com/v0/item/23971173.json
08-05 14:42:19.609  3639  4314 D OkHttp  : Cache-Control: max-age=1800
08-05 14:42:19.609  3639  4314 D OkHttp  : --> END GET
08-05 14:42:19.616  3639  4316 D OkHttp  : --> GET https://hacker-news.firebaseio.com/v0/item/23971036.json
08-05 14:42:19.617  3639  4316 D OkHttp  : Cache-Control: max-age=1800
08-05 14:42:19.617  3639  4316 D OkHttp  : --> END GET
08-05 14:42:19.624  3639  4319 D OkHttp  : --> GET https://hacker-news.firebaseio.com/v0/item/23976390.json
08-05 14:42:19.624  3639  4319 D OkHttp  : Cache-Control: max-age=1800
08-05 14:42:19.625  3639  4319 D OkHttp  : --> END GET
08-05 14:42:19.633  3639  3653 I art     : Starting a blocking GC Explicit
08-05 14:42:19.642 13866 13866 I GoogleInputMethodServic: GoogleInputMethodService.onFinishInput():3138 
08-05 14:42:19.642 13866 13866 I GoogleInputMethodServic: GoogleInputMethodService.onStartInput():1808 
08-05 14:42:19.679  3639  3653 I art     : Explicit concurrent mark sweep GC freed 15287(832KB) AllocSpace objects, 1(20KB) LOS objects, 32% free, 33MB/49MB, paused 2.116ms total 45.002ms
08-05 14:42:19.690  3639  3653 I art     : Starting a blocking GC Explicit
08-05 14:42:19.733  3639  3653 I art     : Explicit concurrent mark sweep GC freed 1859(90KB) AllocSpace objects, 2(56KB) LOS objects, 32% free, 32MB/48MB, paused 1.920ms total 42.367ms
08-05 14:42:19.744  3639  3653 I art     : Starting a blocking GC Explicit
08-05 14:42:19.789  3639  3653 I art     : Explicit concurrent mark sweep GC freed 470(77KB) AllocSpace objects, 0(0B) LOS objects, 32% free, 32MB/48MB, paused 5.358ms total 44.859ms
08-05 14:42:19.800  3639  3653 I art     : Starting a blocking GC Explicit
08-05 14:42:19.842  3639  3653 I art     : Explicit concurrent mark sweep GC freed 2604(181KB) AllocSpace objects, 0(0B) LOS objects, 32% free, 32MB/48MB, paused 1.843ms total 41.133ms
08-05 14:42:19.853  3639  3653 I art     : Starting a blocking GC Explicit
08-05 14:42:19.895  3639  3653 I art     : Explicit concurrent mark sweep GC freed 115(3KB) AllocSpace objects, 0(0B) LOS objects, 32% free, 32MB/48MB, paused 1.717ms total 41.784ms
08-05 14:42:20.029   512  2967 D audio_hw_primary: disable_audio_route: reset and update mixer path: low-latency-playback speaker
08-05 14:42:20.031   512  2967 D audio_hw_primary: disable_snd_device: snd_device(2: speaker)
08-05 14:42:20.051   512  2967 I soundtrigger: audio_extn_sound_trigger_update_device_status: device 0x2 of type 0 for Event 0
08-05 14:42:20.129  3639  3697 D MYTAG   : interceptor 1
08-05 14:42:20.129  3639  3697 I NAPPA_EXPERIMENTATION: MetricNetworkRequestExecutionTime: REQUEST_DURATION_SYSTEM='71',REQUEST_DURATION_OKHTTP='71',REQUEST_SYNCHRONOUS='TRUE',RESPONSE_CODE='200',RESPONSE_METHOD='GET',RESPONSE_LENGTH_OKHTTP='613',RESPONSE_LENGTH_HEADER='-2',REQUEST_PROTOCOL='http/1.1',REQUEST_URL='https://hacker-news.firebaseio.com/v0/item/23972347.json',
08-05 14:42:20.132  3639  3697 D OkHttp  : <-- 200 OK https://hacker-news.firebaseio.com/v0/item/23972347.json (601ms)
08-05 14:42:20.132  3639  3697 D OkHttp  : Server: nginx
08-05 14:42:20.132  3639  3697 D OkHttp  : Date: Wed, 05 Aug 2020 12:42:15 GMT
08-05 14:42:20.132  3639  3697 D OkHttp  : Content-Type: application/json; charset=utf-8
08-05 14:42:20.132  3639  3697 D OkHttp  : Content-Length: 613
08-05 14:42:20.132  3639  3697 D OkHttp  : Connection: keep-alive
08-05 14:42:20.132  3639  3697 D OkHttp  : Access-Control-Allow-Origin: *
08-05 14:42:20.132  3639  3697 D OkHttp  : Strict-Transport-Security: max-age=31556926; includeSubDomains; preload
08-05 14:42:20.132  3639  3697 D OkHttp  : Cache-Control: Cache-Control: max-age=1800
08-05 14:42:20.170  3639  3697 D OkHttp  : {"by":"usr1106","id":23972347,"kids":[23976495],"parent":23970842,"text":"Intel processor architecture is not a leading design for 2020. Intel security is a nightmare, think Meltdown and many others. The whole BIOS and ME stuff are nightmares. So every setback for Intel could be a step forward for the IT industry and for software development. Who is worried that we don&#x27;t use steam engines any more and their manufacturers have disappeared from the market? Unfortunately the long-lasting close-to-monopoly of Intel has not left too much room for new winners to develop.","time":1595911381,"type":"comment"}
08-05 14:42:20.171  3639  3697 D OkHttp  : <-- END HTTP (613-byte body)
08-05 14:42:20.200  3639  3653 I art     : Starting a blocking GC Explicit
08-05 14:42:20.208  3639  3697 D OkHttp  : --> GET https://hacker-news.firebaseio.com/v0/item/23975045.json
08-05 14:42:20.208  3639  3697 D OkHttp  : Cache-Control: max-age=1800
08-05 14:42:20.208  3639  3697 D OkHttp  : --> END GET
08-05 14:42:20.256  3639  3653 I art     : Explicit concurrent mark sweep GC freed 19058(896KB) AllocSpace objects, 5(240KB) LOS objects, 32% free, 33MB/49MB, paused 2.949ms total 55.026ms
08-05 14:42:20.262  3639  3684 D MYTAG   : interceptor 1
08-05 14:42:20.262  3639  3684 I NAPPA_EXPERIMENTATION: MetricNetworkRequestExecutionTime: REQUEST_DURATION_SYSTEM='186',REQUEST_DURATION_OKHTTP='186',REQUEST_SYNCHRONOUS='TRUE',RESPONSE_CODE='200',RESPONSE_METHOD='GET',RESPONSE_LENGTH_OKHTTP='1210',RESPONSE_LENGTH_HEADER='-2',REQUEST_PROTOCOL='http/1.1',REQUEST_URL='https://hacker-news.firebaseio.com/v0/item/23972768.json',
08-05 14:42:20.265  3639  3684 D OkHttp  : <-- 200 OK https://hacker-news.firebaseio.com/v0/item/23972768.json (764ms)
08-05 14:42:20.265  3639  3684 D OkHttp  : Server: nginx
08-05 14:42:20.265  3639  3684 D OkHttp  : Date: Wed, 05 Aug 2020 12:42:16 GMT
