08-04 21:59:23.049 21608 21619 I art     : Starting a blocking GC Explicit
08-04 21:59:23.057   719   760 I WorkerManager: dispose()
08-04 21:59:23.057   719   760 W ThreadPoolDumper: Queue length for executor EventBus is now 11. Perhaps some tasks are too long, or the pool is too small.
08-04 21:59:23.076 21608 21619 I art     : Explicit concurrent mark sweep GC freed 19884(925KB) AllocSpace objects, 0(0B) LOS objects, 20% free, 60MB/76MB, paused 571us total 26.620ms
08-04 21:59:23.086 21608 21619 I art     : Starting a blocking GC Explicit
08-04 21:59:23.113 21608 21619 I art     : Explicit concurrent mark sweep GC freed 19711(929KB) AllocSpace objects, 0(0B) LOS objects, 20% free, 60MB/76MB, paused 549us total 27.189ms
08-04 21:59:23.381 21608 21620 I art     : Starting a blocking GC Explicit
08-04 21:59:23.427 21608 21620 I art     : Explicit concurrent mark sweep GC freed 166903(7MB) AllocSpace objects, 1(20KB) LOS objects, 20% free, 62MB/78MB, paused 531us total 45.214ms
08-04 21:59:23.439 21608 21620 I art     : Starting a blocking GC Explicit
08-04 21:59:23.470 21608 21620 I art     : Explicit concurrent mark sweep GC freed 27619(1284KB) AllocSpace objects, 0(0B) LOS objects, 20% free, 62MB/78MB, paused 645us total 30.242ms
08-04 21:59:23.480 21608 21620 I art     : Starting a blocking GC Explicit
08-04 21:59:23.511 21608 21620 I art     : Explicit concurrent mark sweep GC freed 22883(1064KB) AllocSpace objects, 0(0B) LOS objects, 20% free, 62MB/78MB, paused 613us total 30.689ms
08-04 21:59:23.522 21608 21620 I art     : Starting a blocking GC Explicit
08-04 21:59:23.554 21608 21620 I art     : Explicit concurrent mark sweep GC freed 23259(1083KB) AllocSpace objects, 0(0B) LOS objects, 20% free, 62MB/78MB, paused 612us total 32.356ms
08-04 21:59:23.565 21608 21620 I art     : Starting a blocking GC Explicit
08-04 21:59:23.598 21608 21620 I art     : Explicit concurrent mark sweep GC freed 23065(1083KB) AllocSpace objects, 0(0B) LOS objects, 20% free, 62MB/78MB, paused 634us total 32.177ms
08-04 21:59:23.718   518   646 I ThermalEngine: ACTION: GPU - Setting GPU[0] to 510000000
08-04 21:59:23.872 21608 21620 I art     : Starting a blocking GC Explicit
08-04 21:59:23.934 21608 21620 I art     : Explicit concurrent mark sweep GC freed 171775(7MB) AllocSpace objects, 1(20KB) LOS objects, 19% free, 64MB/80MB, paused 893us total 61.285ms
08-04 21:59:23.944 21608 21834 I Service : getCourses response time: 0.69
08-04 21:59:23.949 21608 21620 I art     : Starting a blocking GC Explicit
08-04 21:59:23.958 21608 21608 I SettingsManager: Getting string: savedCourse
08-04 21:59:23.992 21608 21620 I art     : Explicit concurrent mark sweep GC freed 13148(667KB) AllocSpace objects, 1(14MB) LOS objects, 24% free, 49MB/65MB, paused 704us total 42.964ms
08-04 21:59:24.007 21608 21620 I art     : Starting a blocking GC Explicit
08-04 21:59:24.045 21608 21620 I art     : Explicit concurrent mark sweep GC freed 432(17KB) AllocSpace objects, 0(0B) LOS objects, 24% free, 49MB/65MB, paused 341us total 38.041ms
08-04 21:59:24.061 21608 21620 I art     : Starting a blocking GC Explicit
08-04 21:59:24.100 21608 21620 I art     : Explicit concurrent mark sweep GC freed 68(2912B) AllocSpace objects, 0(0B) LOS objects, 24% free, 49MB/65MB, paused 341us total 38.904ms
08-04 21:59:24.115 21608 21620 I art     : Starting a blocking GC Explicit
08-04 21:59:24.155 21608 21620 I art     : Explicit concurrent mark sweep GC freed 5(192B) AllocSpace objects, 0(0B) LOS objects, 24% free, 49MB/65MB, paused 284us total 39.264ms
08-04 21:59:24.350 13684 13783 W FirebaseInstanceId: Token retrieval failed: SERVICE_NOT_AVAILABLE. Will retry token retrieval
08-04 21:59:24.474 21608 21846 I art     : Starting a blocking GC Explicit
08-04 21:59:24.534 21608 21846 I art     : Explicit concurrent mark sweep GC freed 1497(87KB) AllocSpace objects, 1(20KB) LOS objects, 24% free, 49MB/65MB, paused 318us total 59.892ms
08-04 21:59:24.535 21608 21618 I art     : WaitForGcToComplete blocked for 44.370ms for cause HeapTrim
08-04 21:59:24.557 21608 21846 I art     : Starting a blocking GC Explicit
08-04 21:59:24.604 21608 21846 I art     : Explicit concurrent mark sweep GC freed 26(944B) AllocSpace objects, 0(0B) LOS objects, 24% free, 49MB/65MB, paused 297us total 46.488ms
08-04 21:59:24.621 21608 21846 I art     : Starting a blocking GC Explicit
08-04 21:59:24.667 21608 21846 I art     : Explicit concurrent mark sweep GC freed 3(96B) AllocSpace objects, 0(0B) LOS objects, 24% free, 49MB/65MB, paused 410us total 45.863ms
08-04 21:59:24.684 21608 21846 I art     : Starting a blocking GC Explicit
08-04 21:59:24.727 21608 21846 I art     : Explicit concurrent mark sweep GC freed 3(96B) AllocSpace objects, 0(0B) LOS objects, 24% free, 49MB/65MB, paused 286us total 43.600ms
08-04 21:59:24.744 21608 21846 I art     : Starting a blocking GC Explicit
08-04 21:59:24.789 21608 21846 I art     : Explicit concurrent mark sweep GC freed 3(96B) AllocSpace objects, 0(0B) LOS objects, 24% free, 49MB/65MB, paused 295us total 45.312ms
08-04 21:59:25.113 21608 21619 I art     : Starting a blocking GC Explicit
08-04 21:59:25.173 21608 21619 I art     : Explicit concurrent mark sweep GC freed 1499(87KB) AllocSpace objects, 1(20KB) LOS objects, 24% free, 49MB/65MB, paused 298us total 59.182ms
08-04 21:59:25.190 21608 21619 I art     : Starting a blocking GC Explicit
08-04 21:59:25.220 13866 13882 I PeriodicStatsRunner: PeriodicStatsRunner.call():175 call()
08-04 21:59:25.221 13866 13882 I PeriodicStatsRunner: PeriodicStatsRunner.call():179 No submit PeriodicStats since input started.
08-04 21:59:25.231 21608 21619 I art     : Explicit concurrent mark sweep GC freed 26(944B) AllocSpace objects, 0(0B) LOS objects, 24% free, 49MB/65MB, paused 281us total 40.781ms
08-04 21:59:25.247 21608 21619 I art     : Starting a blocking GC Explicit
08-04 21:59:25.293 21608 21619 I art     : Explicit concurrent mark sweep GC freed 3(96B) AllocSpace objects, 0(0B) LOS objects, 24% free, 49MB/65MB, paused 295us total 45.715ms
08-04 21:59:25.310 21608 21619 I art     : Starting a blocking GC Explicit
08-04 21:59:25.357 21608 21619 I art     : Explicit concurrent mark sweep GC freed 3(96B) AllocSpace objects, 0(0B) LOS objects, 24% free, 49MB/65MB, paused 291us total 46.224ms
08-04 21:59:25.373 21608 21619 I art     : Starting a blocking GC Explicit
08-04 21:59:25.418 21608 21619 I art     : Explicit concurrent mark sweep GC freed 3(96B) AllocSpace objects, 0(0B) LOS objects, 24% free, 49MB/65MB, paused 287us total 44.680ms
08-04 21:59:25.742 21608 21846 I art     : Starting a blocking GC Explicit
08-04 21:59:25.803 21608 21846 I art     : Explicit concurrent mark sweep GC freed 1501(87KB) AllocSpace objects, 1(20KB) LOS objects, 24% free, 49MB/65MB, paused 327us total 60.729ms
08-04 21:59:25.822 21608 21846 I art     : Starting a blocking GC Explicit
08-04 21:59:25.866 21608 21846 I art     : Explicit concurrent mark sweep GC freed 28(1024B) AllocSpace objects, 0(0B) LOS objects, 24% free, 49MB/65MB, paused 290us total 44.073ms
08-04 21:59:25.883 21608 21846 I art     : Starting a blocking GC Explicit
08-04 21:59:25.929 21608 21846 I art     : Explicit concurrent mark sweep GC freed 3(96B) AllocSpace objects, 0(0B) LOS objects, 24% free, 49MB/65MB, paused 291us total 45.434ms
08-04 21:59:25.946 21608 21846 I art     : Starting a blocking GC Explicit
08-04 21:59:25.991 21608 21846 I art     : Explicit concurrent mark sweep GC freed 3(96B) AllocSpace objects, 0(0B) LOS objects, 24% free, 49MB/65MB, paused 289us total 44.780ms
08-04 21:59:26.007 21608 21846 I art     : Starting a blocking GC Explicit
08-04 21:59:26.052 21608 21846 I art     : Explicit concurrent mark sweep GC freed 3(96B) AllocSpace objects, 0(0B) LOS objects, 24% free, 49MB/65MB, paused 311us total 44.712ms
08-04 21:59:26.320 21608 21619 I art     : Starting a blocking GC Explicit
08-04 21:59:26.372 21608 21619 I art     : Explicit concurrent mark sweep GC freed 1500(87KB) AllocSpace objects, 1(20KB) LOS objects, 24% free, 49MB/65MB, paused 300us total 52.269ms
08-04 21:59:26.389 21608 21619 I art     : Starting a blocking GC Explicit
08-04 21:59:26.429 21608 21619 I art     : Explicit concurrent mark sweep GC freed 26(944B) AllocSpace objects, 0(0B) LOS objects, 24% free, 49MB/65MB, paused 281us total 39.739ms
08-04 21:59:26.445 21608 21619 I art     : Starting a blocking GC Explicit
08-04 21:59:26.489 21608 21619 I art     : Explicit concurrent mark sweep GC freed 3(96B) AllocSpace objects, 0(0B) LOS objects, 24% free, 49MB/65MB, paused 291us total 43.342ms
08-04 21:59:26.505 21608 21619 I art     : Starting a blocking GC Explicit
08-04 21:59:26.549 21608 21619 I art     : Explicit concurrent mark sweep GC freed 3(96B) AllocSpace objects, 0(0B) LOS objects, 24% free, 49MB/65MB, paused 297us total 43.734ms
08-04 21:59:26.565 21608 21619 I art     : Starting a blocking GC Explicit
08-04 21:59:26.565 21975 21975 D AndroidRuntime: >>>>>> START com.android.internal.os.RuntimeInit uid 2000 <<<<<<
08-04 21:59:26.570 21975 21975 D AndroidRuntime: CheckJNI is OFF
08-04 21:59:26.604 21975 21975 D ICU     : No timezone override file found: /data/misc/zoneinfo/current/icu/icu_tzdata.dat
08-04 21:59:26.605 21608 21619 I art     : Explicit concurrent mark sweep GC freed 3(96B) AllocSpace objects, 0(0B) LOS objects, 24% free, 49MB/65MB, paused 303us total 40.423ms
08-04 21:59:26.637 21975 21975 I Radio-JNI: register_android_hardware_Radio DONE
08-04 21:59:26.658 21975 21975 D AndroidRuntime: Calling main entry com.android.commands.input.Input
08-04 21:59:26.659 21975 21975 I Input   : injectMotionEvent: MotionEvent { action=ACTION_DOWN, actionButton=0, id[0]=0, x[0]=526.0, y[0]=704.0, toolType[0]=TOOL_TYPE_UNKNOWN, buttonState=0, metaState=0, flags=0x0, edgeFlags=0x0, pointerCount=1, historySize=0, eventTime=741583072, downTime=741583072, deviceId=0, source=0x1002 }
08-04 21:59:26.665 21975 21975 I Input   : injectMotionEvent: MotionEvent { action=ACTION_UP, actionButton=0, id[0]=0, x[0]=526.0, y[0]=704.0, toolType[0]=TOOL_TYPE_UNKNOWN, buttonState=0, metaState=0, flags=0x0, edgeFlags=0x0, pointerCount=1, historySize=0, eventTime=741583072, downTime=741583072, deviceId=0, source=0x1002 }
08-04 21:59:26.666 21975 21975 D AndroidRuntime: Shutting down VM
08-04 21:59:26.735   512  2967 D audio_hw_primary: out_set_parameters: enter: usecase(1: low-latency-playback) kvpairs: routing=2
08-04 21:59:26.748   512  2967 D audio_hw_primary: select_devices: out_snd_device(2: speaker) in_snd_device(0: none)
08-04 21:59:26.748   512  2967 D msm8974_platform: platform_send_audio_calibration: sending audio calibration for snd_device(2) acdb_id(15)
08-04 21:59:26.748   512  2967 I soundtrigger: audio_extn_sound_trigger_update_device_status: device 0x2 of type 0 for Event 1
08-04 21:59:26.758   512  2967 D audio_hw_primary: enable_snd_device: snd_device(2: speaker)
08-04 21:59:26.760   512  2967 D audio_hw_primary: enable_audio_route: apply and update mixer path: low-latency-playback speaker
08-04 21:59:26.850 21608 21620 I art     : Starting a blocking GC Explicit
08-04 21:59:26.893 21608 21620 I art     : Explicit concurrent mark sweep GC freed 2275(146KB) AllocSpace objects, 2(40KB) LOS objects, 24% free, 49MB/65MB, paused 296us total 42.399ms
08-04 21:59:26.908 21608 21620 I art     : Starting a blocking GC Explicit
08-04 21:59:26.948 21608 21620 I art     : Explicit concurrent mark sweep GC freed 156(6KB) AllocSpace objects, 0(0B) LOS objects, 24% free, 49MB/65MB, paused 336us total 39.655ms
08-04 21:59:26.963 21608 21620 I art     : Starting a blocking GC Explicit
08-04 21:59:27.002 21608 21620 I art     : Explicit concurrent mark sweep GC freed 5(176B) AllocSpace objects, 0(0B) LOS objects, 24% free, 49MB/65MB, paused 276us total 39.456ms
08-04 21:59:27.018 21608 21620 I art     : Starting a blocking GC Explicit
08-04 21:59:27.059 21608 21620 I art     : Explicit concurrent mark sweep GC freed 3(96B) AllocSpace objects, 0(0B) LOS objects, 24% free, 49MB/65MB, paused 280us total 40.898ms
08-04 21:59:27.075 21608 21620 I art     : Starting a blocking GC Explicit
08-04 21:59:27.119 21608 21620 I art     : Explicit concurrent mark sweep GC freed 7(224B) AllocSpace objects, 0(0B) LOS objects, 24% free, 49MB/65MB, paused 290us total 43.193ms
08-04 21:59:27.301   512  2967 D audio_hw_primary: disable_audio_route: reset and update mixer path: low-latency-playback speaker
08-04 21:59:27.305   512  2967 D audio_hw_primary: disable_snd_device: snd_device(2: speaker)
08-04 21:59:27.313   512  2967 I soundtrigger: audio_extn_sound_trigger_update_device_status: device 0x2 of type 0 for Event 0
08-04 21:59:27.416 21608 22008 I art     : Starting a blocking GC Explicit
08-04 21:59:27.476 21608 22008 I art     : Explicit concurrent mark sweep GC freed 1505(87KB) AllocSpace objects, 1(20KB) LOS objects, 24% free, 49MB/65MB, paused 327us total 59.058ms
08-04 21:59:27.497 21608 22008 I art     : Starting a blocking GC Explicit
08-04 21:59:27.549 21608 22008 I art     : Explicit concurrent mark sweep GC freed 30(1072B) AllocSpace objects, 0(0B) LOS objects, 24% free, 49MB/65MB, paused 302us total 52.204ms
08-04 21:59:27.569 21608 22008 I art     : Starting a blocking GC Explicit
08-04 21:59:27.572   918  6112 I ActivityManager: Killing 31716:com.google.android.apps.gcs/u0a11 (adj 15): empty #17
08-04 21:59:27.609 21608 22008 I art     : Explicit concurrent mark sweep GC freed 3(96B) AllocSpace objects, 0(0B) LOS objects, 24% free, 49MB/65MB, paused 297us total 39.830ms
08-04 21:59:27.625 21608 22008 I art     : Starting a blocking GC Explicit
08-04 21:59:27.668 21608 22008 I art     : Explicit concurrent mark sweep GC freed 5(160B) AllocSpace objects, 0(0B) LOS objects, 24% free, 49MB/65MB, paused 297us total 42.702ms
08-04 21:59:27.683 21608 22008 I art     : Starting a blocking GC Explicit
08-04 21:59:27.728 21608 22008 I art     : Explicit concurrent mark sweep GC freed 3(96B) AllocSpace objects, 0(0B) LOS objects, 24% free, 49MB/65MB, paused 301us total 44.715ms
08-04 21:59:28.002 21608 21620 I art     : Starting a blocking GC Explicit
08-04 21:59:28.049 21608 21620 I art     : Explicit concurrent mark sweep GC freed 1502(87KB) AllocSpace objects, 1(20KB) LOS objects, 24% free, 49MB/65MB, paused 310us total 46.935ms
08-04 21:59:28.066 21608 21620 I art     : Starting a blocking GC Explicit
08-04 21:59:28.105 21608 21620 I art     : Explicit concurrent mark sweep GC freed 26(944B) AllocSpace objects, 0(0B) LOS objects, 24% free, 49MB/65MB, paused 303us total 39.713ms
08-04 21:59:28.122 21608 21620 I art     : Starting a blocking GC Explicit
08-04 21:59:28.166 21608 21620 I art     : Explicit concurrent mark sweep GC freed 3(96B) AllocSpace objects, 0(0B) LOS objects, 24% free, 49MB/65MB, paused 302us total 43.992ms
08-04 21:59:28.182 21608 21620 I art     : Starting a blocking GC Explicit
08-04 21:59:28.226 21608 21620 I art     : Explicit concurrent mark sweep GC freed 3(96B) AllocSpace objects, 0(0B) LOS objects, 24% free, 49MB/65MB, paused 303us total 43.518ms
08-04 21:59:28.242 21608 21620 I art     : Starting a blocking GC Explicit
08-04 21:59:28.286 21608 21620 I art     : Explicit concurrent mark sweep GC freed 3(96B) AllocSpace objects, 0(0B) LOS objects, 24% free, 49MB/65MB, paused 299us total 44.614ms
08-04 21:59:28.336 22021 22021 D AndroidRuntime: >>>>>> START com.android.internal.os.RuntimeInit uid 2000 <<<<<<
08-04 21:59:28.341 22021 22021 D AndroidRuntime: CheckJNI is OFF
08-04 21:59:28.374 22021 22021 D ICU     : No timezone override file found: /data/misc/zoneinfo/current/icu/icu_tzdata.dat
08-04 21:59:28.411 22021 22021 I Radio-JNI: register_android_hardware_Radio DONE
08-04 21:59:28.436 22021 22021 D AndroidRuntime: Calling main entry com.android.commands.input.Input
08-04 21:59:28.439 22021 22021 I Input   : injectMotionEvent: MotionEvent { action=ACTION_DOWN, actionButton=0, id[0]=0, x[0]=1197.0, y[0]=1456.0, toolType[0]=TOOL_TYPE_UNKNOWN, buttonState=0, metaState=0, flags=0x0, edgeFlags=0x0, pointerCount=1, historySize=0, eventTime=741584851, downTime=741584851, deviceId=0, source=0x1002 }
08-04 21:59:28.448 22021 22021 I Input   : injectMotionEvent: MotionEvent { action=ACTION_UP, actionButton=0, id[0]=0, x[0]=1197.0, y[0]=1456.0, toolType[0]=TOOL_TYPE_UNKNOWN, buttonState=0, metaState=0, flags=0x0, edgeFlags=0x0, pointerCount=1, historySize=0, eventTime=741584851, downTime=741584851, deviceId=0, source=0x1002 }
08-04 21:59:28.452 22021 22021 D AndroidRuntime: Shutting down VM
08-04 21:59:28.466   512  2967 D audio_hw_primary: out_set_parameters: enter: usecase(1: low-latency-playback) kvpairs: routing=2
08-04 21:59:28.479   512  2967 D audio_hw_primary: select_devices: out_snd_device(2: speaker) in_snd_device(0: none)
08-04 21:59:28.479   512  2967 D msm8974_platform: platform_send_audio_calibration: sending audio calibration for snd_device(2) acdb_id(15)
08-04 21:59:28.480   512  2967 I soundtrigger: audio_extn_sound_trigger_update_device_status: device 0x2 of type 0 for Event 1
08-04 21:59:28.489   512  2967 D audio_hw_primary: enable_snd_device: snd_device(2: speaker)
08-04 21:59:28.492   512  2967 D audio_hw_primary: enable_audio_route: apply and update mixer path: low-latency-playback speaker
08-04 21:59:28.521 21608 21633 D OpenGLRenderer: endAllStagingAnimators on 0x7f802a1000 (RippleDrawable) with handle 0x7f9a1f6980
08-04 21:59:28.528 21608 21608 I SettingsManager: Setting string: savedCourse
08-04 21:59:28.534   918  6110 W BackupManagerService: dataChanged but no participant pkg='nappatfpr.com.ak.uobtimetable' uid=10662
08-04 21:59:28.534 21608 21627 D Nappa   : PREFETCH_ON_EXTRA - notifyExtras- start
08-04 21:59:28.534 21608 21608 D NappaIntentExtras: ==================
08-04 21:59:28.534 21608 21608 D NappaIntentExtras: Log #2
08-04 21:59:28.534 21608 21608 D NappaIntentExtras: ------------------
08-04 21:59:28.534 21608 21608 D NappaIntentExtras: activity nappatfpr.com.ak.uobtimetable.CourseListActivity
08-04 21:59:28.535 21608 21608 D NappaIntentExtras: 	- 1 extras registered
08-04 21:59:28.535 21608 21608 D NappaIntentExtras: 	- forceRefreshSessions : true
08-04 21:59:28.535 21608 21608 D NappaIntentExtras: activity nappatfpr.com.ak.uobtimetable.WelcomeActivity
08-04 21:59:28.535 21608 21608 D NappaIntentExtras: 	- No extras registered
08-04 21:59:28.535 21608 21608 D NappaIntentExtras: activity nappatfpr.com.ak.uobtimetable.MainActivity
08-04 21:59:28.535 21608 21608 D NappaIntentExtras: 	- No extras registered
08-04 21:59:28.535 21608 21608 D NappaIntentExtras: ==================
08-04 21:59:28.535 21608 21627 I NAPPA_EXPERIMENTATION: MetricNappaPrefetchingStrategyExecutionTime: STRATEGY_CLASS='TfprPrefetchingStrategy',DURATION='677865',NUMBER_OF_URLS='0',NUMBER_OF_SELECTED_CHILDREN_NODES='1',NUMBER_OF_CHILDREN_NODES='1',STRATEGY_RUN_SUCCESSFULLY='True',
08-04 21:59:28.535 21608 21627 D TfprPrefetchingStrategy: ==================================
08-04 21:59:28.535 21608 21627 D TfprPrefetchingStrategy: Starting Run #3
08-04 21:59:28.535 21608 21627 D TfprPrefetchingStrategy: ----------------------------------
08-04 21:59:28.535 21608 21627 D TfprPrefetchingStrategy: Node data CourseListActivity 
08-04 21:59:28.535 21608 21627 D TfprPrefetchingStrategy: 	Successors:
08-04 21:59:28.535 21608 21627 D TfprPrefetchingStrategy: 		MainActivity (0 hits)
08-04 21:59:28.535 21608 21627 D TfprPrefetchingStrategy: 	Ancestors:
08-04 21:59:28.535 21608 21627 D TfprPrefetchingStrategy: 		WelcomeActivity (0 hits)
08-04 21:59:28.535 21608 21627 D TfprPrefetchingStrategy: 
08-04 21:59:28.535   918  4400 I ActivityManager: START u0 {flg=0x4000000 cmp=nappatfpr.com.ak.uobtimetable/.MainActivity (has extras)} from uid 10662 on display 0
08-04 21:59:28.535 21608 21627 D TfprPrefetchingStrategy: MetricStrategyAccuracy inc execution count3 | act = false; extra = true
08-04 21:59:28.535 21608 21627 D TfprPrefetchingStrategy: ===
08-04 21:59:28.535 21608 21627 D TfprPrefetchingStrategy: calculateVisitTimeScores
08-04 21:59:28.536 21608 21627 D TfprPrefetchingStrategy: -------- Node MainActivity-----------
08-04 21:59:28.536 21608 21627 D TfprPrefetchingStrategy: tfprNode.aggregateVisitTime = 64404
08-04 21:59:28.536 21608 21627 D TfprPrefetchingStrategy: tfprNode.totalAggregateVisitTimeFromSuccessors = 27836
08-04 21:59:28.536 21608 21627 D TfprPrefetchingStrategy: tfprNode.aggregateVisitTimeFromSuccessors = {nappatfpr.com.ak.uobtimetable.WelcomeActivity=27836}
08-04 21:59:28.536 21608 21627 D TfprPrefetchingStrategy: -------- Node CourseListActivity-----------
08-04 21:59:28.536 21608 21627 D TfprPrefetchingStrategy: tfprNode.aggregateVisitTime = 130881
08-04 21:59:28.536 21608 21627 D TfprPrefetchingStrategy: tfprNode.totalAggregateVisitTimeFromSuccessors = 64252
08-04 21:59:28.536 21608 21627 D TfprPrefetchingStrategy: tfprNode.aggregateVisitTimeFromSuccessors = {nappatfpr.com.ak.uobtimetable.MainActivity=64252}
08-04 21:59:28.536 21608 21627 D TfprPrefetchingStrategy: -------- Graph -----------
08-04 21:59:28.536 21608 21627 D TfprPrefetchingStrategy: tfprGraph.aggregateVisitTimeFromSuccessors = 195285
08-04 21:59:28.536 21608 21627 D TfprPrefetchingStrategy: ===
08-04 21:59:28.536 21608 21627 D TfprPrefetchingStrategy: ===
08-04 21:59:28.536 21608 21627 D TfprPrefetchingStrategy: runTfprAlgorithm
08-04 21:59:28.536 21608 21627 D TfprPrefetchingStrategy: ------------- TFPR calculation #1 of 10 -----------
08-04 21:59:28.536 21608 21627 D TfprPrefetchingStrategy: node MainActivity score = 0.28032568
08-04 21:59:28.536 21608 21627 D TfprPrefetchingStrategy: node CourseListActivity score = 0.5696743
08-04 21:59:28.536 21608 21627 D TfprPrefetchingStrategy: ------------- TFPR calculation #2 of 10 -----------
08-04 21:59:28.536 21608 21627 D TfprPrefetchingStrategy: node MainActivity score = 0.3657768
08-04 21:59:28.536 21608 21627 D TfprPrefetchingStrategy: node CourseListActivity score = 0.5696743
08-04 21:59:28.536 21608 21627 D TfprPrefetchingStrategy: ------------- TFPR calculation #3 of 10 -----------
08-04 21:59:28.537 21608 21627 D TfprPrefetchingStrategy: node MainActivity score = 0.3657768
08-04 21:59:28.537 21608 21627 D TfprPrefetchingStrategy: node CourseListActivity score = 0.5696743
08-04 21:59:28.537 21608 21627 D TfprPrefetchingStrategy: ------------- TFPR calculation #4 of 10 -----------
08-04 21:59:28.537 21608 21627 D TfprPrefetchingStrategy: node MainActivity score = 0.3657768
08-04 21:59:28.537 21608 21627 D TfprPrefetchingStrategy: node CourseListActivity score = 0.5696743
08-04 21:59:28.537 21608 21627 D TfprPrefetchingStrategy: ------------- TFPR calculation #5 of 10 -----------
08-04 21:59:28.537 21608 21627 D TfprPrefetchingStrategy: node MainActivity score = 0.3657768
08-04 21:59:28.537 21608 21627 D TfprPrefetchingStrategy: node CourseListActivity score = 0.5696743
08-04 21:59:28.537 21608 21627 D TfprPrefetchingStrategy: ------------- TFPR calculation #6 of 10 -----------
08-04 21:59:28.537 21608 21627 D TfprPrefetchingStrategy: node MainActivity score = 0.3657768
08-04 21:59:28.537 21608 21627 D TfprPrefetchingStrategy: node CourseListActivity score = 0.5696743
08-04 21:59:28.537 21608 21627 D TfprPrefetchingStrategy: ------------- TFPR calculation #7 of 10 -----------
08-04 21:59:28.537 21608 21627 D TfprPrefetchingStrategy: node MainActivity score = 0.3657768
08-04 21:59:28.537 21608 21627 D TfprPrefetchingStrategy: node CourseListActivity score = 0.5696743
08-04 21:59:28.537 21608 21627 D TfprPrefetchingStrategy: ------------- TFPR calculation #8 of 10 -----------
08-04 21:59:28.537 21608 21627 D TfprPrefetchingStrategy: node MainActivity score = 0.3657768
08-04 21:59:28.537 21608 21627 D TfprPrefetchingStrategy: node CourseListActivity score = 0.5696743
08-04 21:59:28.537 21608 21627 D TfprPrefetchingStrategy: ------------- TFPR calculation #9 of 10 -----------
08-04 21:59:28.537 21608 21627 D TfprPrefetchingStrategy: node MainActivity score = 0.3657768
08-04 21:59:28.537 21608 21627 D TfprPrefetchingStrategy: node CourseListActivity score = 0.5696743
08-04 21:59:28.537 21608 21627 D TfprPrefetchingStrategy: ------------- TFPR calculation #10 of 10 -----------
08-04 21:59:28.538 21608 21627 D TfprPrefetchingStrategy: node MainActivity score = 0.3657768
08-04 21:59:28.538 21608 21627 D TfprPrefetchingStrategy: node CourseListActivity score = 0.5696743
08-04 21:59:28.538 21608 21627 D TfprPrefetchingStrategy: ===
08-04 21:59:28.538 21608 21627 D TfprPrefetchingStrategy: ===
08-04 21:59:28.538 21608 21627 D TfprPrefetchingStrategy: getSuccessorListSortByTfprScore
08-04 21:59:28.538 21608 21627 D TfprPrefetchingStrategy: Successors before the sort [TfprNode{MainActivity : TFPR = 0.3657768}]
08-04 21:59:28.538 21608 21627 D TfprPrefetchingStrategy: Successors sorted by highest to lowest score (N2 - N1 comparator) are [TfprNode{MainActivity : TFPR = 0.3657768}]
08-04 21:59:28.538 21608 21627 D TfprPrefetchingStrategy: Selected the following nodes:
08-04 21:59:28.538 21608 21627 D TfprPrefetchingStrategy: #1 - MainActivity with score 0.3657768
08-04 21:59:28.538 21608 21627 D TfprPrefetchingStrategy: successors with high score = [MainActivity 
08-04 21:59:28.538 21608 21627 D TfprPrefetchingStrategy: 	Successors:
08-04 21:59:28.538 21608 21627 D TfprPrefetchingStrategy: 		WelcomeActivity (1 hits)
08-04 21:59:28.538 21608 21627 D TfprPrefetchingStrategy: 	Ancestors:
08-04 21:59:28.538 21608 21627 D TfprPrefetchingStrategy: 		CourseListActivity (0 hits)
08-04 21:59:28.538 21608 21627 D TfprPrefetchingStrategy: 
08-04 21:59:28.538 21608 21627 D TfprPrefetchingStrategy: ]
08-04 21:59:28.538 21608 21627 D TfprPrefetchingStrategy: ===
08-04 21:59:28.538 21608 21627 D TfprPrefetchingStrategy: Selected node MainActivity containing the URLS []
08-04 21:59:28.538 21608 21627 D TfprPrefetchingStrategy: Next visited child will be [nappatfpr.com.ak.uobtimetable.MainActivity]
08-04 21:59:28.538 21608 21627 D TfprPrefetchingStrategy: ==================================
08-04 21:59:28.538 21608 21627 D Nappa   : PREFETCH_ON_EXTRA - notifyExtras- end
08-04 21:59:28.538 21608 21627 D Nappa   : PREFSTRAT2 ADDING NEW ACTEXTRADATA
08-04 21:59:28.550   918  3696 W InputMethodManagerService: Focus gain on non-focused client com.android.internal.view.IInputMethodClient$Stub$Proxy@e6fa451 (uid=10662 pid=21608)
08-04 21:59:28.551 21608 21608 D NappaLifecycleObserver: nappatfpr.com.ak.uobtimetable.WelcomeActivity - onDestroy
08-04 21:59:28.551 21608 21608 D NappaLifecycleObserver: -------------F1_SCORE #1 -----------
08-04 21:59:28.551 21608 21608 D NappaLifecycleObserver: F1_SCORE - Intercept list (1)= [https://uob-timetable-api.adriankeenan.co.uk/courses]
08-04 21:59:28.551 21608 21608 D NappaLifecycleObserver: F1_SCORE - Prefetch list (0)= []
08-04 21:59:28.551 21608 21608 D NappaLifecycleObserver: F1_SCORE - TP list (0)= []
08-04 21:59:28.551 21608 21608 D NappaLifecycleObserver: F1_SCORE - FN list (1)= [https://uob-timetable-api.adriankeenan.co.uk/courses]
08-04 21:59:28.551 21608 21608 I NAPPA_EXPERIMENTATION: MetricPrefetchingAccuracy: LOG_ID='2',F1_SCORE_1='0.0',F1_SCORE_2='0.0',TRUE_POSITIVE='0',FALSE_POSITIVE='0',FALSE_NEGATIVE='1',
08-04 21:59:28.555 21608 21608 D NappaLifecycleObserver: nappatfpr.com.ak.uobtimetable.CourseListActivity - onPause
08-04 21:59:28.555 21608 21608 D Nappa   : Stayed on nappatfpr.com.ak.uobtimetable.CourseListActivity for 8429 ms
08-04 21:59:28.558 21608 21608 D NappaLifecycleObserver: nappatfpr.com.ak.uobtimetable.MainActivity - onDestroy
08-04 21:59:28.558 21608 21608 D NappaLifecycleObserver: -------------F1_SCORE #2 -----------
08-04 21:59:28.559 21608 21608 D NappaLifecycleObserver: F1_SCORE - Intercept list (1)= [https://uob-timetable-api.adriankeenan.co.uk/courses]
08-04 21:59:28.559 21608 21608 D NappaLifecycleObserver: F1_SCORE - Prefetch list (0)= []
08-04 21:59:28.559 21608 21608 D NappaLifecycleObserver: F1_SCORE - TP list (0)= []
08-04 21:59:28.559 21608 21608 D NappaLifecycleObserver: F1_SCORE - FN list (1)= [https://uob-timetable-api.adriankeenan.co.uk/courses]
08-04 21:59:28.559 21608 21608 I NAPPA_EXPERIMENTATION: MetricPrefetchingAccuracy: LOG_ID='3',F1_SCORE_1='0.0',F1_SCORE_2='0.0',TRUE_POSITIVE='0',FALSE_POSITIVE='0',FALSE_NEGATIVE='1',
08-04 21:59:28.559 21608 21608 D MainActivity: OnDestroy
08-04 21:59:28.562 21608 21620 I art     : Starting a blocking GC Explicit
08-04 21:59:28.564 21608 21608 D ActivityNode: Observer - intent extra - MainActivity
08-04 21:59:28.564 21608 21608 D ActivityNode: Extras:
08-04 21:59:28.564 21608 21608 D ActivityNode: Observer - intent extra - WelcomeActivity
08-04 21:59:28.564 21608 21608 D ActivityNode: Extras:
08-04 21:59:28.565 21608 21608 D ActivityNode: Observer - intent extra - CourseListActivity
08-04 21:59:28.565 21608 21608 D ActivityNode: Extras:
08-04 21:59:28.565 21608 21608 D ActivityNode: 	activity ID 3( key forceRefreshSessions)
08-04 21:59:28.565 21608 21608 D ActivityNode: 	activity ID 3( key forceRefreshSessions)
08-04 21:59:28.565 21608 21608 D ActivityNode: 	activity ID 3( key forceRefreshSessions)
08-04 21:59:28.565 21608 21608 D ActivityNode: 	activity ID 3( key forceRefreshSessions)
08-04 21:59:28.565 21608 21608 D ActivityNode: 	activity ID 3( key forceRefreshSessions)
08-04 21:59:28.565 21608 21608 D ActivityNode: 	activity ID 3( key forceRefreshSessions)
08-04 21:59:28.565 21608 21608 D ActivityNode: 	activity ID 3( key forceRefreshSessions)
08-04 21:59:28.565 21608 21608 D ActivityNode: 	activity ID 3( key forceRefreshSessions)
08-04 21:59:28.565 21608 21608 D ActivityNode: 	activity ID 3( key forceRefreshSessions)
08-04 21:59:28.565 21608 21608 D ActivityNode: 	activity ID 3( key forceRefreshSessions)
08-04 21:59:28.565 21608 21608 D ActivityNode: 	activity ID 3( key forceRefreshSessions)
08-04 21:59:28.565 21608 21608 D ActivityNode: 	activity ID 3( key forceRefreshSessions)
08-04 21:59:28.565 21608 21608 D ActivityNode: 	activity ID 3( key forceRefreshSessions)
08-04 21:59:28.565 21608 21608 D ActivityNode: 	activity ID 3( key forceRefreshSessions)
08-04 21:59:28.565 21608 21608 D ActivityNode: 	activity ID 3( key forceRefreshSessions)
08-04 21:59:28.565 21608 21608 D ActivityNode: 	activity ID 3( key forceRefreshSessions)
08-04 21:59:28.565 21608 21608 D ActivityNode: 	activity ID 3( key forceRefreshSessions)
08-04 21:59:28.565 21608 21608 D ActivityNode: 	activity ID 3( key forceRefreshSessions)
08-04 21:59:28.565 21608 21608 D ActivityNode: 	activity ID 3( key forceRefreshSessions)
08-04 21:59:28.565 21608 21608 D ActivityNode: 	activity ID 3( key forceRefreshSessions)
08-04 21:59:28.565 21608 21608 D ActivityNode: 	activity ID 3( key forceRefreshSessions)
08-04 21:59:28.565 21608 21608 D ActivityNode: 	activity ID 3( key forceRefreshSessions)
08-04 21:59:28.565 21608 21608 D ActivityNode: 	activity ID 3( key forceRefreshSessions)
08-04 21:59:28.565 21608 21608 D ActivityNode: 	activity ID 3( key forceRefreshSessions)
08-04 21:59:28.565 21608 21608 D ActivityNode: 	activity ID 3( key forceRefreshSessions)
08-04 21:59:28.565 21608 21608 D ActivityNode: 	activity ID 3( key forceRefreshSessions)
08-04 21:59:28.565 21608 21608 D ActivityNode: 	activity ID 3( key forceRefreshSessions)
08-04 21:59:28.565 21608 21608 D ActivityNode: 	activity ID 3( key forceRefreshSessions)
08-04 21:59:28.584 21608 21608 D MainActivity: onCreate
08-04 21:59:28.584 21608 21608 I SettingsManager: Getting string: savedSessions
08-04 21:59:28.584 21608 21608 I Settings: No saved sessions
08-04 21:59:28.609 21608 21620 I art     : Explicit concurrent mark sweep GC freed 6268(359KB) AllocSpace objects, 2(40KB) LOS objects, 24% free, 50MB/66MB, paused 493us total 47.222ms
08-04 21:59:28.617 21608 21608 I SettingsManager: Getting string: savedCourse
08-04 21:59:28.618 21608 21608 D MainActivity: sessionListFragmentArg: updateSessions
08-04 21:59:28.618 21608 21608 D MainActivity: showTermDatesConfigChange: false
08-04 21:59:28.618 21608 21608 D MainActivity: showTermDatesShortcut: false
08-04 21:59:28.623 21608 21608 D MainActivity: Setting initial fragment: SessionListsFragment
08-04 21:59:28.626 21608 21620 I art     : Starting a blocking GC Explicit
08-04 21:59:28.627 21608 21608 I SettingsManager: Getting int: launchCount
08-04 21:59:28.629 21608 21608 D SessionListsFragment: onCreateView
08-04 21:59:28.642 21608 21608 I SettingsManager: Getting string: savedCourse
08-04 21:59:28.645 21608 21608 I SettingsManager: Getting string: savedSessions
08-04 21:59:28.645 21608 21608 D SessionListsFragment: loadArgument: updateSessions
08-04 21:59:28.645 21608 21608 D SessionListsFragment: initialIndex: -1
08-04 21:59:28.648 21608 22053 D Nappa   : TAG okHttpClient initialized
08-04 21:59:28.648 21608 22053 D HTTP    : Request for: https://uob-timetable-api.adriankeenan.co.uk/sessions?dept=BD002&course=CFIEFAAF%2F02AA%2F0%2FFT&level=ALL+Courses
08-04 21:59:28.649 21608 21608 I WebViewFactory: Loading com.google.android.webview version 84.0.4147.89 (code 414708953)
08-04 21:59:28.650 21608 22053 D CustomInterceptor: NETWORK-PROVIDER https://uob-timetable-api.adriankeenan.co.uk/sessions?dept=BD002&course=CFIEFAAF%2F02AA%2F0%2FFT&level=ALL+Courses
08-04 21:59:28.650 21608 22053 D Nappa   : F1_SCORE add_intercept_url - (new) - https://uob-timetable-api.adriankeenan.co.uk/sessions?dept=BD002&course=CFIEFAAF%2F02AA%2F0%2FFT&level=ALL+Courses
08-04 21:59:28.650 21608 22053 D Nappa   : F1_SCORE add_fn_url - (new) - https://uob-timetable-api.adriankeenan.co.uk/sessions?dept=BD002&course=CFIEFAAF%2F02AA%2F0%2FFT&level=ALL+Courses
08-04 21:59:28.651 21608 22053 D Nappa   : -------------F1_SCORE #3 -----------
08-04 21:59:28.651 21608 22053 D Nappa   : F1_SCORE - Intercept list (2)= [https://uob-timetable-api.adriankeenan.co.uk/courses, https://uob-timetable-api.adriankeenan.co.uk/sessions?dept=BD002&course=CFIEFAAF%2F02AA%2F0%2FFT&level=ALL+Courses]
08-04 21:59:28.651 21608 22053 D Nappa   : F1_SCORE - Prefetch list (0)= []
08-04 21:59:28.651 21608 22053 D Nappa   : F1_SCORE - TP list (0)= []
08-04 21:59:28.651 21608 22053 D Nappa   : F1_SCORE - FN list (2)= [https://uob-timetable-api.adriankeenan.co.uk/courses, https://uob-timetable-api.adriankeenan.co.uk/sessions?dept=BD002&course=CFIEFAAF%2F02AA%2F0%2FFT&level=ALL+Courses]
08-04 21:59:28.651 21608 22053 I NAPPA_EXPERIMENTATION: MetricPrefetchingAccuracy: LOG_ID='4',F1_SCORE_1='0.0',F1_SCORE_2='0.0',TRUE_POSITIVE='0',FALSE_POSITIVE='0',FALSE_NEGATIVE='2',
08-04 21:59:28.651 21608 22053 D CustomInterceptor: HEADER REQUEST
08-04 21:59:28.651 21608 22053 D CustomInterceptor: API-Version 2
08-04 21:59:28.651 21608 22053 D CustomInterceptor: App-Version 21
08-04 21:59:28.651 21608 22053 D CustomInterceptor: Cache-Control max-age=300, max-stale=300
08-04 21:59:28.651 21608 22053 D CustomInterceptor: User-Agent Dalvik/2.1.0 (Linux; U; Android 6.0; Nexus 6P Build/MDB08K)
08-04 21:59:28.651 21608 22053 D CustomInterceptor: CACHED STATS: size = '1', maxSize = '100', hitCount = '1', createCount = '0', putCount = '1', evictionCount = '0', missCount = '1', toString = 'LruCache[maxSize=100,hits=1,misses=1,hitRate=50%]', 
08-04 21:59:28.651 21608 22053 D CustomInterceptor: PREFLIB NOT A GET REQUEST OR NOT IN CACHEGET
08-04 21:59:28.675 21608 21620 I art     : Explicit concurrent mark sweep GC freed 7583(484KB) AllocSpace objects, 4(1436KB) LOS objects, 24% free, 49MB/65MB, paused 685us total 48.715ms
08-04 21:59:28.692 21608 21620 I art     : Starting a blocking GC Explicit
08-04 21:59:28.727 21608 21608 I cr_LibraryLoader: Loaded native library version number "84.0.4147.89"
08-04 21:59:28.728 21608 21608 I cr_CachingUmaRecorder: Flushed 5 samples from 5 histograms.
08-04 21:59:28.740 21608 21620 I art     : Explicit concurrent mark sweep GC freed 4319(368KB) AllocSpace objects, 2(40KB) LOS objects, 24% free, 49MB/65MB, paused 945us total 47.557ms
08-04 21:59:28.751 21608 21627 D Nappa   : registerActivity: (already in) nappatfpr.com.ak.uobtimetable.CourseListActivity
08-04 21:59:28.751 21608 21627 D Nappa   : PARENTS 
08-04 21:59:28.751 21608 21627 D Nappa   : Of: nappatfpr.com.ak.uobtimetable.CourseListActivity -> 
08-04 21:59:28.751 21608 21627 D Nappa   : PARENTS nappatfpr.com.ak.uobtimetable.WelcomeActivity
08-04 21:59:28.751 21608 21627 D Nappa   : PARENTS nappatfpr.com.ak.uobtimetable.MainActivity
08-04 21:59:28.751 21608 21627 D Nappa   : PARENTS nappatfpr.com.ak.uobtimetable.CourseListActivity
08-04 21:59:28.751 21608 21627 D Nappa   : PARENTS has extra: (forceRefreshSessions, true)
08-04 21:59:28.754 21608 21620 I art     : Starting a blocking GC Explicit
08-04 21:59:28.767 21608 21608 E chromium: [ERROR:filesystem_posix.cc(62)] mkdir /data/user/0/nappatfpr.com.ak.uobtimetable/cache/WebView/Crashpad: No such file or directory (2)
08-04 21:59:28.800 21608 21620 I art     : Explicit concurrent mark sweep GC freed 1403(173KB) AllocSpace objects, 0(0B) LOS objects, 24% free, 50MB/66MB, paused 632us total 45.386ms
08-04 21:59:28.822 21608 21620 I art     : Starting a blocking GC Explicit
08-04 21:59:28.845   918  3670 D ConnectivityService: listenForNetwork for Listen from uid/pid:10662/21608 for NetworkRequest [ id=2962, legacyType=-1, [ Capabilities: INTERNET&NOT_RESTRICTED&TRUSTED] ]
08-04 21:59:28.871 21608 21620 I art     : Explicit concurrent mark sweep GC freed 3338(238KB) AllocSpace objects, 3(200KB) LOS objects, 24% free, 50MB/66MB, paused 1.295ms total 48.936ms
08-04 21:59:28.884 21608 22068 W cr_media: Requires BLUETOOTH permission
08-04 21:59:28.902 21608 22081 E libEGL  : validate_display:255 error 3008 (EGL_BAD_DISPLAY)
08-04 21:59:28.905 21608 21608 D TermDatesFragment: WebView loaded
08-04 21:59:28.905 21608 22053 D CustomInterceptor: CACHE_CONTROL SETTING NEW MAX-AGE
08-04 21:59:28.906 21608 21608 D MainActivity: OnResume
08-04 21:59:28.906 21608 22053 D CustomInterceptor: HEADER RESPONSE
08-04 21:59:28.906 21608 21608 D NappaLifecycleObserver: nappatfpr.com.ak.uobtimetable.MainActivity - onResume
08-04 21:59:28.906 21608 22053 D CustomInterceptor: API-Version 2
08-04 21:59:28.906 21608 22053 D CustomInterceptor: Cache-Control public, immutable, max-age=300, only-if-cached, max-stale=300
08-04 21:59:28.906 21608 22053 D CustomInterceptor: Connection Upgrade, Keep-Alive
08-04 21:59:28.906 21608 22053 D CustomInterceptor: Content-Type application/json
08-04 21:59:28.907 21608 21608 D Nappa   : setCurrentActivity - MetricStrategyAccuracy - 
08-04 21:59:28.907 21608 21608 D Nappa   : madePredictionFromActivity = true, 
08-04 21:59:28.907 21608 21608 D Nappa   : fromActivity = nappatfpr.com.ak.uobtimetable.CourseListActivity, 
08-04 21:59:28.907 21608 21608 D Nappa   : predictedNextActivityFromActivity = [nappatfpr.com.ak.uobtimetable.MainActivity], 
08-04 21:59:28.907 21608 21608 D Nappa   : activity.getClass().getCanonicalName() = nappatfpr.com.ak.uobtimetable.MainActivity, 
08-04 21:59:28.907 21608 22053 D CustomInterceptor: Date Tue, 04 Aug 2020 19:59:23 GMT
08-04 21:59:28.907 21608 22053 D CustomInterceptor: Expires Tue, 04 Aug 2020 20:04:28 GMT+00:00
08-04 21:59:28.907 21608 22053 D CustomInterceptor: Keep-Alive timeout=5, max=100
08-04 21:59:28.907 21608 22053 D CustomInterceptor: Referrer-Policy same-origin
08-04 21:59:28.907 21608 21608 D Nappa   : setCurrentActivity - MetricStrategyAccuracy - 
08-04 21:59:28.907 21608 21608 D Nappa   : madePredictionFromExtra = true, 
08-04 21:59:28.907 21608 21608 D Nappa   : fromActivity = nappatfpr.com.ak.uobtimetable.CourseListActivity, 
08-04 21:59:28.907 21608 21608 D Nappa   : predictedNextActivityFromExtra = [nappatfpr.com.ak.uobtimetable.MainActivity], 
08-04 21:59:28.907 21608 21608 D Nappa   : activity.getClass().getCanonicalName() = nappatfpr.com.ak.uobtimetable.MainActivity, 
08-04 21:59:28.907 21608 22053 D CustomInterceptor: Server 
08-04 21:59:28.907 21608 22053 D CustomInterceptor: Strict-Transport-Security max-age=10886400;
08-04 21:59:28.907 21608 22053 D CustomInterceptor: Upgrade h2
08-04 21:59:28.907 21608 21608 D Nappa   : PREFETCH_ON_EXTRA - setCurrentActivity - logs - from activity - made prediction istrue
08-04 21:59:28.907 21608 22053 D CustomInterceptor: Vary Accept-Encoding
08-04 21:59:28.907 21608 21608 D Nappa   : PREFETCH_ON_EXTRA - setCurrentActivity - logs - from activity - start
08-04 21:59:28.907 21608 22053 D CustomInterceptor: X-Content-Type-Options nosniff
08-04 21:59:28.907 21608 21608 D Nappa   : setCurrentActivity - MetricStrategyAccuracy - checking prediction VS current activity for activities
08-04 21:59:28.907 21608 22053 D CustomInterceptor: X-Frame-Options SAMEORIGIN
08-04 21:59:28.907 21608 22053 D CustomInterceptor: X-Powered-By Hamsters
08-04 21:59:28.907 21608 22053 D CustomInterceptor: X-Xss-Protection 1; mode=block
08-04 21:59:28.907 21608 21608 D TfprPrefetchingStrategy: MetricStrategyAccuracy inc hits count2 | from act
08-04 21:59:28.907 21608 21608 I NAPPA_EXPERIMENTATION: MetricStrategyAccuracy: LOG_ID='2',EXECUTION_COUNT='3',CASES_COUNT='2',HIT_PERCENTAGE_TOTAL='100.0',HIT_PERCENTAGE_WHEN_PREDICTED='100.0',HIT_COUNT='2',MISS_COUNT='0',INSUFFICIENT_SCORE_COUNT='0',EXCEPTION_COUNT='0',NO_SUCCESSOR_COUNT='0',
08-04 21:59:28.907 21608 22053 D CustomInterceptor: CACHEABLE true
08-04 21:59:28.907 21608 21608 D Nappa   : PREFETCH_ON_EXTRA - setCurrentActivity - logs - from activity- finished
08-04 21:59:28.907 21608 22053 D CustomInterceptor: REQ https://uob-timetable-api.adriankeenan.co.uk/sessions?dept=BD002&course=CFIEFAAF%2F02AA%2F0%2FFT&level=ALL+Courses
08-04 21:59:28.907 21608 22053 D CustomInterceptor: REQ_SERV_BY net
08-04 21:59:28.907 21608 22053 D CustomInterceptor: PREFLIB Adding response to lrucache - https://uob-timetable-api.adriankeenan.co.uk/sessions?dept=BD002&course=CFIEFAAF%2F02AA%2F0%2FFT&level=ALL+Courses
08-04 21:59:28.941 21608 22053 D CustomInterceptor: interceptor_finished : return_type #3 : request served from remote and added to cache
08-04 21:59:28.942 21608 22053 I NAPPA_EXPERIMENTATION: MetricNetworkRequestExecutionTime: REQUEST_DURATION_SYSTEM='292',REQUEST_DURATION_OKHTTP='0',REQUEST_SYNCHRONOUS='TRUE',RESPONSE_CODE='200',RESPONSE_METHOD='GET',RESPONSE_LENGTH_OKHTTP='5404',RESPONSE_LENGTH_HEADER='-2',REQUEST_PROTOCOL='http/1.1',REQUEST_URL='https://uob-timetable-api.adriankeenan.co.uk/sessions?dept=BD002&course=CFIEFAAF%2F02AA%2F0%2FFT&level=ALL+Courses',
08-04 21:59:28.942 21608 22053 I HTTP    : Response was compressed.
08-04 21:59:28.953 21608 22053 I Service : getSessions response time: 1.12
08-04 21:59:29.008 21608 21608 D Nappa   : registerActivity: (already in) nappatfpr.com.ak.uobtimetable.MainActivity
08-04 21:59:29.009 21608 21608 D ActivityNode: ACTNODE UPDATING AFTER LOADING FROM DB
08-04 21:59:29.009 21608 21608 D ActivityGraph: LARDataCalculatedUpdate nappatfpr.com.ak.uobtimetable.MainActivity Pagerank: 0.25 HITS-Authority: 1.0 HITS-Hub: 1.0 SALSA-Authority: 1.0 SALSA-Hub: 1.0
08-04 21:59:29.009 21608 21608 D Nappa   : SHOULD_PREFETCH true
08-04 21:59:29.039   512  2967 D audio_hw_primary: disable_audio_route: reset and update mixer path: low-latency-playback speaker
08-04 21:59:29.040   512  2967 D audio_hw_primary: disable_snd_device: snd_device(2: speaker)
08-04 21:59:29.049   512  2967 I soundtrigger: audio_extn_sound_trigger_update_device_status: device 0x2 of type 0 for Event 0
08-04 21:59:29.109 21608 21608 D Nappa   : registerActivity: (already in) nappatfpr.com.ak.uobtimetable.MainActivity
08-04 21:59:29.110 21608 21608 D Nappa   : SUCCESSORS nappatfpr.com.ak.uobtimetable.WelcomeActivity
08-04 21:59:29.110 21608 21608 D Nappa   : STATS Number of requests not prefetched: 2
08-04 21:59:29.110 21608 21608 D Nappa   : STATS Number of requests prefetched: 0
08-04 21:59:29.110 21608 21608 D Nappa   : STATS Time saved until now: 0.0
08-04 21:59:29.135 21608 21608 D ActivityNode: Observer - successor visit time - WelcomeActivity - Updating the visit time from the successors list:
08-04 21:59:29.135 21608 21608 D ActivityNode: [AggregateVisitTimeByActivity{nappatfpr.com.ak.uobtimetable.CourseListActivity : 41356 ms}]
08-04 21:59:29.136 21608 21608 D ActivityNode: Observer - successor visit time - MainActivity - Updating the visit time from the successors list:
08-04 21:59:29.136 21608 21608 D ActivityNode: [AggregateVisitTimeByActivity{nappatfpr.com.ak.uobtimetable.WelcomeActivity : 27836 ms}]
08-04 21:59:29.136 21608 21608 D ActivityNode: Observer - visit time - CourseListActivity - New aggregate visit time found is 139310 ms
08-04 21:59:29.136 21608 21608 D ActivityNode: Observer - successor visit time - CourseListActivity - Updating the visit time from the successors list:
08-04 21:59:29.136 21608 21608 D ActivityNode: [AggregateVisitTimeByActivity{nappatfpr.com.ak.uobtimetable.MainActivity : 64252 ms}]
08-04 21:59:29.191 21608 21620 I art     : Starting a blocking GC Explicit
08-04 21:59:29.207 21608 21608 I TermDatesFragment: Webview load %: 10
08-04 21:59:29.207 21608 21608 I SettingsManager: Getting string: savedSessions
08-04 21:59:29.215 21608 21608 I SettingsManager: Setting string: savedSessions
08-04 21:59:29.221   918  6029 W BackupManagerService: dataChanged but no participant pkg='nappatfpr.com.ak.uobtimetable' uid=10662
08-04 21:59:29.221 21608 21608 I SettingsManager: Setting date: savedSessionsTime
08-04 21:59:29.226   918  3670 W BackupManagerService: dataChanged but no participant pkg='nappatfpr.com.ak.uobtimetable' uid=10662
08-04 21:59:29.226 21608 21608 I SettingsManager: Setting string: savedSessionsCourseName
08-04 21:59:29.234   918   928 W BackupManagerService: dataChanged but no participant pkg='nappatfpr.com.ak.uobtimetable' uid=10662
08-04 21:59:29.234 21608 21608 I SettingsManager: Setting string: savedSessionsDateRange
08-04 21:59:29.240   918  6111 W BackupManagerService: dataChanged but no participant pkg='nappatfpr.com.ak.uobtimetable' uid=10662
08-04 21:59:29.240 21608 21608 I SettingsManager: Setting string: timetableUrl
08-04 21:59:29.240 21608 21620 I art     : Explicit concurrent mark sweep GC freed 16058(1058KB) AllocSpace objects, 5(100KB) LOS objects, 24% free, 50MB/66MB, paused 681us total 49.221ms
08-04 21:59:29.247   918  3961 W BackupManagerService: dataChanged but no participant pkg='nappatfpr.com.ak.uobtimetable' uid=10662
08-04 21:59:29.247 21608 21608 I SettingsManager: Getting boolean: notifySessionRemindersEnabled
08-04 21:59:29.247 21608 21608 I SettingsManager: Getting int: notifySessionRemindersMinutes
08-04 21:59:29.247 21608 21608 I SettingsManager: Getting boolean: showHiddenSessions
08-04 21:59:29.257 21608 21620 I art     : Starting a blocking GC Explicit
08-04 21:59:29.281 21608 21608 I SessionReminderNotifier: Created session reminder alarm for f7b4771250a919bd729c1c5a4a459c77 at Mon 08:30:00 10/08/20
08-04 21:59:29.282 21608 21608 I SessionReminderNotifier: Created session reminder alarm for a7f879aabdeb78622c8820a5fb7b64cd at Tue 08:30:00 11/08/20
08-04 21:59:29.283 21608 21608 I SessionReminderNotifier: Created session reminder alarm for 7bc8d7e2c2055711f597c3d9078c6ea3 at Tue 08:30:00 11/08/20
08-04 21:59:29.285 21608 21608 I SessionReminderNotifier: Created session reminder alarm for e0fc978b5db8218778540b4053344581 at Tue 11:00:00 11/08/20
08-04 21:59:29.286 21608 21608 I SessionReminderNotifier: Created session reminder alarm for 21712fef61090882c855a1425543edb5 at Tue 13:30:00 11/08/20
08-04 21:59:29.287 21608 21608 I SessionReminderNotifier: Created session reminder alarm for 65ca4d97f031f29a4d02bbb45a705d8f at Wed 08:30:00 05/08/20
08-04 21:59:29.288 21608 21608 I SessionReminderNotifier: Created session reminder alarm for eeda7741b0bcab58fd9f46dc6ef1d942 at Wed 08:30:00 05/08/20
08-04 21:59:29.289 21608 21608 I SessionReminderNotifier: Created session reminder alarm for c276c1b2075a0beb67f1b3d1e580f920 at Wed 11:00:00 05/08/20
08-04 21:59:29.290 21608 21608 I SessionReminderNotifier: Created session reminder alarm for 79fe0b5c3b887a13ba29db5a33fa2800 at Thu 08:30:00 06/08/20
08-04 21:59:29.291 21608 21608 I SessionReminderNotifier: Created session reminder alarm for 2ba1034116e4fffdd592dbf0796a43d5 at Fri 08:30:00 07/08/20
08-04 21:59:29.291 21608 21608 I SettingsManager: Getting boolean: showHiddenSessions
08-04 21:59:29.292 21608 21608 D SessionListsFragment: 1 sessions for day 0
08-04 21:59:29.292 21608 21608 D SessionListsFragment: 4 sessions for day 1
08-04 21:59:29.292 21608 21608 D SessionListsFragment: 3 sessions for day 2
08-04 21:59:29.293 21608 21608 D SessionListsFragment: 1 sessions for day 3
08-04 21:59:29.293 21608 21608 D SessionListsFragment: 1 sessions for day 4
08-04 21:59:29.305 21608 21620 I art     : Explicit concurrent mark sweep GC freed 6502(347KB) AllocSpace objects, 1(20KB) LOS objects, 23% free, 50MB/66MB, paused 1.282ms total 48.692ms
08-04 21:59:29.308 21608 21627 D Nappa   : PREFETCH_ON_EXTRA - setCurrentActivity - logs - from extra - made prediction istrue
08-04 21:59:29.308 21608 21627 D Nappa   : PREFETCH_ON_EXTRA - setCurrentActivity - logs - from extra - start
08-04 21:59:29.308 21608 21627 D Nappa   : setCurrentActivity - MetricStrategyAccuracy - checking prediction VS current activity for extras
08-04 21:59:29.308 21608 21627 D TfprPrefetchingStrategy: MetricStrategyAccuracy inc hits count3 | from extra
08-04 21:59:29.308 21608 21627 I NAPPA_EXPERIMENTATION: MetricStrategyAccuracy: LOG_ID='3',EXECUTION_COUNT='3',CASES_COUNT='3',HIT_PERCENTAGE_TOTAL='100.0',HIT_PERCENTAGE_WHEN_PREDICTED='100.0',HIT_COUNT='3',MISS_COUNT='0',INSUFFICIENT_SCORE_COUNT='0',EXCEPTION_COUNT='0',NO_SUCCESSOR_COUNT='0',
08-04 21:59:29.308 21608 21627 D Nappa   : PREFETCH_ON_EXTRA - setCurrentActivity - logs - from extra- finished
08-04 21:59:29.321 21608 21620 I art     : Starting a blocking GC Explicit
08-04 21:59:29.341 21608 21608 I SettingsManager: Getting boolean: showHiddenSessions
08-04 21:59:29.342 21608 21608 D SessionListsFragment: Refreshed ViewPager
