--------- beginning of main
08-06 15:13:04.094 24365 18372 I Fitness : FitCleanupIntentOperation received Intent android.intent.action.PACKAGE_REMOVED [CONTEXT service_id=17 ]
08-06 15:13:04.095 12162 12162 I Finsky  : [1] uah.a(18): PackageMonitorReceiverImpl - Received: android.intent.action.PACKAGE_REMOVED, [O8b904i-6osOC-aYgg5THx2hnaQ4BlJJJZDFZtfBng0]
08-06 15:13:04.095 12162 12162 I Finsky  : [1] ubi.d(9): Invalidating cached PackageState for nappagreedy.io.github.hidroh.materialistic
08-06 15:13:04.098 12162 12162 I Finsky  : [1] ubi.j(3): Package no longer installed: nappagreedy.io.github.hidroh.materialistic
08-06 15:13:04.100 12162 12162 I Finsky  : [1] nqb.c(3): Installer: package nappagreedy.io.github.hidroh.materialistic was removed. replacing: false
08-06 15:13:04.101 12162 12162 I Finsky  : [1] nra.a(188): Installer: Notifying status update. package=nappagreedy.io.github.hidroh.materialistic, status=UNINSTALLED
08-06 15:13:04.103 12162 12162 I Finsky  : [1] agsx.a(4): Do not start WearSupportService due to Wear service optimization
08-06 15:13:04.104 12162 12162 I Finsky  : [1] agsx.a(4): Do not start WearSupportService due to Wear service optimization
08-06 15:13:04.104   918  4400 I AccountManagerService: getTypesVisibleToCaller: isPermitted? true
08-06 15:13:04.105 12162 12162 I Finsky  : [1] zko.a(1): Clearing split related stale data.
08-06 15:13:04.107 12162 12162 I Finsky  : [1] ubi.j(3): Package no longer installed: nappagreedy.io.github.hidroh.materialistic
08-06 15:13:04.114 12162 18381 I Finsky  : [6675] eji.a(-1): Asset module storage cleared for package nappagreedy.io.github.hidroh.materialistic.
08-06 15:13:04.119 12162 12162 I Finsky  : [1] nra.a(220): Installer: found apps to install. isMultiUserMode=false, apps=[]
08-06 15:13:04.147 12162 12269 I Finsky  : [6285] odj.b(52): IQ: Notifying installation update. package=nappagreedy.io.github.hidroh.materialistic, status=UNINSTALLED
08-06 15:13:04.147 24577 27917 I ContentMaintenance: Internal cache bytes used: 0; limit: 100000000; download size: 0
08-06 15:13:04.151 24577 18393 I Icing   : doRemovePackageData nappagreedy.io.github.hidroh.materialistic
08-06 15:13:04.154 12162 18376 I Finsky  : [6673] lyx.run(-1): Frosting DB delete succeeded: true
08-06 15:13:04.156 24577 13316 I Icing   : IndexChimeraService.getServiceInterface callingPackage=com.google.android.gms componentName=AppsCorpus serviceId=36
08-06 15:13:04.165 12162 12162 I Finsky  : [1] uah.a(18): PackageMonitorReceiverImpl - Received: android.intent.action.PACKAGE_FULLY_REMOVED, [O8b904i-6osOC-aYgg5THx2hnaQ4BlJJJZDFZtfBng0]
08-06 15:13:04.165 12162 12162 I Finsky  : [1] ubi.d(9): Invalidating cached PackageState for nappagreedy.io.github.hidroh.materialistic
08-06 15:13:04.166 12162 12162 I Finsky  : [1] ubi.j(3): Package no longer installed: nappagreedy.io.github.hidroh.materialistic
08-06 15:13:04.170 12162 18376 I Finsky  : [6673] lyx.run(-1): Frosting DB delete succeeded: false
08-06 15:13:04.171 12162 12162 I Finsky  : [1] uah.a(21): PackageMonitorReceiverImpl - Deduping intent android.intent.action.PACKAGE_FULLY_REMOVED
08-06 15:13:04.173 24577 27917 I RealtimeCacheCleanup: Beginning Realtime garbage collection.
08-06 15:13:04.174 24577 27917 I RealtimeCacheCleanup: Finished Realtime garbage collection.
08-06 15:13:04.180 12162 18376 I Finsky  : [6673] lyx.run(-1): Frosting DB delete succeeded: false
08-06 15:13:04.194 12162 12269 I Finsky  : [6285] odj.b(40): IQ: No matching installs to run for jobs: []
08-06 15:13:04.197 24577 18393 W Icing   : No valid account for uploading user actions
08-06 15:13:04.214 24577 13294 I Icing   : IndexChimeraService.getServiceInterface callingPackage=com.google.android.gms componentName=null serviceId=30
08-06 15:13:04.217 24577 18393 I Icing   : Usage reports ok 0, Failed Usage reports 0, indexed 0, rejected 0
08-06 15:13:04.220 24577 18393 W Icing   : No valid account for uploading user actions
08-06 15:13:04.231 24577 18393 I Icing   : Usage reports ok 0, Failed Usage reports 0, indexed 0, rejected 0
08-06 15:13:04.273 12162 12162 I Finsky  : [1] xmu.a(8): SCH: Jobs in database: 1-1337 3-225 3-226 12-1 24-77777777 26-1414141414 
08-06 15:13:04.276 12162 12162 I Finsky  : [1] xio.a(57): SCH: ConstraintMapping: 24-77777777,  -> L: 0ms, D: 21426652ms, C: false, I: true, N: 0
08-06 15:13:04.277 12162 12162 I Finsky  : [1] xio.a(57): SCH: ConstraintMapping: 1-1337, 12-1,  -> L: 14837ms, D: 24768638ms, C: false, I: false, N: 1
08-06 15:13:04.278 12162 12162 I Finsky  : [1] xio.a(57): SCH: ConstraintMapping: 3-225,  -> L: 0ms, D: 64552581ms, C: false, I: true, N: 2
08-06 15:13:04.278 12162 12162 I Finsky  : [1] xio.a(57): SCH: ConstraintMapping: 3-226,  -> L: 0ms, D: 64552624ms, C: true, I: true, N: 2
08-06 15:13:04.279 12162 12162 I Finsky  : [1] xio.a(57): SCH: ConstraintMapping: 26-1414141414,  -> L: 29550025ms, D: 30450025ms, C: false, I: false, N: 0
08-06 15:13:04.281 12162 18377 I Finsky  : [6674] gzn.a(-1): [ContentSync] finished, scheduled=true
08-06 15:13:04.297 12162 12162 I Finsky  : [1] xle.a(34): Cancelling existing jobscheduler jobs: 9000 9002 9008 9003 9007 9004 9010 9006 9009 9005 
08-06 15:13:04.298 12162 12162 I Finsky  : [1] xle.a(27): Scheduling job Id: 9001, L: 0, D: 21426652, C: false, I: true, N: 0
08-06 15:13:04.300 12162 12162 I Finsky  : [1] xle.a(27): Scheduling job Id: 9011, L: 14837, D: 24768638, C: false, I: false, N: 1
08-06 15:13:04.302 12162 12162 I Finsky  : [1] xle.a(27): Scheduling job Id: 9012, L: 0, D: 64552581, C: false, I: true, N: 2
08-06 15:13:04.303 12162 12162 I Finsky  : [1] xle.a(27): Scheduling job Id: 9013, L: 0, D: 64552624, C: true, I: true, N: 2
08-06 15:13:04.304 12162 12162 I Finsky  : [1] xle.a(27): Scheduling job Id: 9014, L: 29550025, D: 30450025, C: false, I: false, N: 0
08-06 15:13:04.306 12162 12162 I Finsky  : [1] xle.a(27): Scheduling job Id: 9015, L: 0, D: 21426652, C: false, I: true, N: 0
08-06 15:13:04.307 12162 12162 I Finsky  : [1] xle.a(27): Scheduling job Id: 9016, L: 14837, D: 24768638, C: false, I: false, N: 1
08-06 15:13:04.310 12162 12162 I Finsky  : [1] xle.a(27): Scheduling job Id: 9017, L: 0, D: 64552581, C: false, I: true, N: 2
08-06 15:13:04.311 12162 12162 I Finsky  : [1] xle.a(27): Scheduling job Id: 9018, L: 0, D: 64552624, C: true, I: true, N: 2
08-06 15:13:04.312 12162 12162 I Finsky  : [1] xle.a(27): Scheduling job Id: 9019, L: 29550025, D: 30450025, C: false, I: false, N: 0
08-06 15:13:05.025 18408 18408 D AndroidRuntime: >>>>>> START com.android.internal.os.RuntimeInit uid 2000 <<<<<<
08-06 15:13:05.032 18408 18408 D AndroidRuntime: CheckJNI is OFF
08-06 15:13:05.067 18408 18408 D ICU     : No timezone override file found: /data/misc/zoneinfo/current/icu/icu_tzdata.dat
08-06 15:13:05.106 18408 18408 I Radio-JNI: register_android_hardware_Radio DONE
08-06 15:13:05.122 18408 18408 D AndroidRuntime: Calling main entry com.android.commands.monkey.Monkey
--------- beginning of system
08-06 15:13:05.138   918   931 W BroadcastQueue: Skipping deliver [background] BroadcastRecord{da4b861 u-1 android.net.conn.CONNECTIVITY_CHANGE} to ReceiverList{b563f86 18408 (unknown name)/2000/u-1 remote:10e586b}: process crashing
08-06 15:13:05.149   918  5481 I ActivityManager: START u0 {act=android.intent.action.MAIN cat=[android.intent.category.LAUNCHER] flg=0x10200000 cmp=baseline.io.github.project_travel_mate/.SplashActivity} from uid 2000 on display 0
08-06 15:13:05.188   918   929 I ActivityManager: Start proc 18417:baseline.io.github.project_travel_mate/u0a696 for activity baseline.io.github.project_travel_mate/.SplashActivity
08-06 15:13:05.188 18417 18417 I art     : Late-enabling -Xcheck:jni
08-06 15:13:05.203 18408 18408 I art     : System.exit called, status: 0
08-06 15:13:05.203 18408 18408 I AndroidRuntime: VM exiting with result code 0.
08-06 15:13:05.221 24577 18393 I Icing   : Indexing com.google.android.gms-apps from com.google.android.gms
08-06 15:13:05.242 24577 18393 I Icing   : Indexing done com.google.android.gms-apps
08-06 15:13:05.256 32587 32629 I PBSessionCacheImpl: Deleted sessionId[143320738375546892] from persistence.
08-06 15:13:05.259 32587 32617 W SearchServiceCore: Abort, client detached.
08-06 15:13:05.259 32587 32617 I MicroDetectionState: Should stop hotword detection immediately - true
08-06 15:13:05.314 18417 18417 W System  : ClassLoader referenced unknown path: /data/app/baseline.io.github.project_travel_mate-1/lib/arm64
08-06 15:13:05.535 18417 18417 W art     : Before Android 4.1, method android.graphics.PorterDuffColorFilter androidx.vectordrawable.graphics.drawable.VectorDrawableCompat.updateTintFilter(android.graphics.PorterDuffColorFilter, android.content.res.ColorStateList, android.graphics.PorterDuff$Mode) would have incorrectly overridden the package-private method in android.graphics.drawable.Drawable
08-06 15:13:05.584 18417 18417 I art     : Rejecting re-init on previously-failed class java.lang.Class<androidx.core.view.ViewCompat$OnUnhandledKeyEventListenerWrapper>
08-06 15:13:05.584 18417 18417 I art     : Rejecting re-init on previously-failed class java.lang.Class<androidx.core.view.ViewCompat$OnUnhandledKeyEventListenerWrapper>
08-06 15:13:05.652 18417 18432 D OpenGLRenderer: Use EGL_SWAP_BEHAVIOR_PRESERVED: true
08-06 15:13:05.715 18417 18432 I Adreno  : QUALCOMM build                   : fcf4852, I1af360237c
08-06 15:13:05.715 18417 18432 I Adreno  : Build Date                       : 09/23/15
08-06 15:13:05.715 18417 18432 I Adreno  : OpenGL ES Shader Compiler Version: XE031.05.13.02
08-06 15:13:05.715 18417 18432 I Adreno  : Local Branch                     : mybranch14465806
08-06 15:13:05.715 18417 18432 I Adreno  : Remote Branch                    : quic/LA.BF64.1.2.9_v2
08-06 15:13:05.715 18417 18432 I Adreno  : Remote Branch                    : NONE
08-06 15:13:05.715 18417 18432 I Adreno  : Reconstruct Branch               : NOTHING
08-06 15:13:05.727 18417 18432 I OpenGLRenderer: Initialized EGL, version 1.4
08-06 15:13:05.859   918   936 I ActivityManager: Displayed baseline.io.github.project_travel_mate/.SplashActivity: +701ms
08-06 15:13:05.864 13866 13866 I GoogleInputMethodServic: GoogleInputMethodService.onFinishInput():3138 
08-06 15:13:05.865 13866 13866 I GoogleInputMethodServic: GoogleInputMethodService.onStartInput():1808 
08-06 15:13:06.768 18448 18448 D AndroidRuntime: >>>>>> START com.android.internal.os.RuntimeInit uid 2000 <<<<<<
08-06 15:13:06.772 18448 18448 D AndroidRuntime: CheckJNI is OFF
08-06 15:13:06.801 18448 18448 D ICU     : No timezone override file found: /data/misc/zoneinfo/current/icu/icu_tzdata.dat
08-06 15:13:06.827 18448 18448 I Radio-JNI: register_android_hardware_Radio DONE
08-06 15:13:06.844 18448 18448 D AndroidRuntime: Calling main entry com.android.commands.am.Am
08-06 15:13:06.850   779   779 I Trepn   : Trepn 6.2s: Received intent: com.quicinc.trepn.start_profiling
08-06 15:13:06.933   779   779 W FileUtils: Failed to chmod(/storage/emulated/0/trepn/Trepn_2020.08.06_151306.db): android.system.ErrnoException: chmod failed: EPERM (Operation not permitted)
08-06 15:13:07.025   779   779 I Trepn   : Trepn 6.2s: Trepn has Started Profiling.
08-06 15:13:07.027 18448 18448 D AndroidRuntime: Shutting down VM
08-06 15:13:07.561 18417 18429 I art     : Starting a blocking GC Explicit
08-06 15:13:07.577 18417 18429 I art     : Explicit concurrent mark sweep GC freed 28985(1412KB) AllocSpace objects, 0(0B) LOS objects, 40% free, 20MB/34MB, paused 116us total 14.923ms
08-06 15:13:07.586 18417 18429 I art     : Starting a blocking GC Explicit
08-06 15:13:07.595 18417 18429 I art     : Explicit concurrent mark sweep GC freed 991(42KB) AllocSpace objects, 0(0B) LOS objects, 40% free, 20MB/34MB, paused 111us total 8.646ms
08-06 15:13:07.603 18417 18429 I art     : Starting a blocking GC Explicit
08-06 15:13:07.611 18417 18429 I art     : Explicit concurrent mark sweep GC freed 3(96B) AllocSpace objects, 0(0B) LOS objects, 40% free, 20MB/34MB, paused 104us total 8.502ms
08-06 15:13:07.618 18417 18429 I art     : Starting a blocking GC Explicit
08-06 15:13:07.627 18417 18429 I art     : Explicit concurrent mark sweep GC freed 3(96B) AllocSpace objects, 0(0B) LOS objects, 40% free, 20MB/34MB, paused 134us total 8.622ms
08-06 15:13:07.638 18417 18429 I art     : Starting a blocking GC Explicit
08-06 15:13:07.648 18417 18429 I art     : Explicit concurrent mark sweep GC freed 3(96B) AllocSpace objects, 0(0B) LOS objects, 40% free, 20MB/34MB, paused 133us total 9.508ms
08-06 15:13:07.746   918  5481 I ActivityManager: START u0 {cmp=baseline.io.github.project_travel_mate/.MainActivity} from uid 10696 on display 0
08-06 15:13:07.903 18417 18417 W Settings: Setting airplane_mode_on has moved from android.provider.Settings.System to android.provider.Settings.Global, returning read-only value.
08-06 15:13:07.920 18417 18417 V MainActivity: url=https://project-travel-mate.herokuapp.com/api/get-user
08-06 15:13:07.960 18417 18498 W LOTTIE  : Unknown mask mode mode. Defaulting to Add.
08-06 15:13:07.968 18417 18498 W LOTTIE  : You have 5 images. Lottie should primarily be used with shapes. If you are using Adobe Illustrator, convert the Illustrator layers to shape layers.
08-06 15:13:07.970 18417 18498 W LOTTIE  : Unknown mask mode mode. Defaulting to Add.
08-06 15:13:07.970 18417 18498 W LOTTIE  : Unknown mask mode mode. Defaulting to Add.
08-06 15:13:07.978 18417 18429 I art     : Starting a blocking GC Explicit
08-06 15:13:08.000 18417 18429 I art     : Explicit concurrent mark sweep GC freed 15056(1103KB) AllocSpace objects, 2(40KB) LOS objects, 40% free, 23MB/38MB, paused 284us total 21.982ms
08-06 15:13:08.008 18417 18429 I art     : Starting a blocking GC Explicit
08-06 15:13:08.021 18417 18429 I art     : Explicit concurrent mark sweep GC freed 2253(120KB) AllocSpace objects, 0(0B) LOS objects, 40% free, 22MB/38MB, paused 251us total 12.568ms
08-06 15:13:08.026 18417 18417 V CityFragment: url=https://project-travel-mate.herokuapp.com/api/get-all-cities/10
08-06 15:13:08.030 18417 18429 I art     : Starting a blocking GC Explicit
08-06 15:13:08.046 18417 18429 I art     : Explicit concurrent mark sweep GC freed 977(56KB) AllocSpace objects, 0(0B) LOS objects, 40% free, 23MB/38MB, paused 393us total 16.386ms
08-06 15:13:08.054 18417 18429 I art     : Starting a blocking GC Explicit
08-06 15:13:08.066 18417 18429 I art     : Explicit concurrent mark sweep GC freed 182(13KB) AllocSpace objects, 0(0B) LOS objects, 40% free, 23MB/38MB, paused 193us total 11.692ms
08-06 15:13:08.082 18417 18429 I art     : Starting a blocking GC Explicit
08-06 15:13:08.095 18417 18429 I art     : Explicit concurrent mark sweep GC freed 3(96B) AllocSpace objects, 0(0B) LOS objects, 40% free, 23MB/38MB, paused 263us total 12.218ms
08-06 15:13:08.193 18417 18417 E RecyclerView: No adapter attached; skipping layout
08-06 15:13:08.365 18417 18417 V MainActivity: url = https://project-travel-mate.herokuapp.com/api/number-of-unread-notifications
08-06 15:13:08.367   918   936 I ActivityManager: Displayed baseline.io.github.project_travel_mate/.MainActivity: +610ms
08-06 15:13:08.369 18417 18430 I art     : Starting a blocking GC Explicit
08-06 15:13:08.378 13866 13866 I GoogleInputMethodServic: GoogleInputMethodService.onFinishInput():3138 
08-06 15:13:08.379 13866 13866 I GoogleInputMethodServic: GoogleInputMethodService.onStartInput():1808 
08-06 15:13:08.380 18417 18417 E RecyclerView: No adapter attached; skipping layout
08-06 15:13:08.383 18417 18430 I art     : Explicit concurrent mark sweep GC freed 7047(460KB) AllocSpace objects, 1(20KB) LOS objects, 36% free, 27MB/43MB, paused 432us total 14.366ms
08-06 15:13:08.393 18417 18430 I art     : Starting a blocking GC Explicit
08-06 15:13:08.411 18417 18430 I art     : Explicit concurrent mark sweep GC freed 1424(84KB) AllocSpace objects, 0(0B) LOS objects, 36% free, 27MB/43MB, paused 438us total 17.454ms
08-06 15:13:08.420 18417 18430 I art     : Starting a blocking GC Explicit
08-06 15:13:08.444 18417 18430 I art     : Explicit concurrent mark sweep GC freed 4314(241KB) AllocSpace objects, 4(240KB) LOS objects, 35% free, 28MB/44MB, paused 439us total 23.366ms
08-06 15:13:08.452 18417 18430 I art     : Starting a blocking GC Explicit
08-06 15:13:08.467 18417 18430 I art     : Explicit concurrent mark sweep GC freed 2083(241KB) AllocSpace objects, 2(160KB) LOS objects, 36% free, 28MB/44MB, paused 259us total 14.653ms
08-06 15:13:08.478 18417 18430 I art     : Starting a blocking GC Explicit
08-06 15:13:08.492 18417 18430 I art     : Explicit concurrent mark sweep GC freed 72(1808B) AllocSpace objects, 0(0B) LOS objects, 36% free, 28MB/44MB, paused 221us total 13.500ms
08-06 15:13:08.495 18417 18501 I NAPPA_EXPERIMENTATION: MetricNetworkRequestExecutionTime: REQUEST_DURATION_SYSTEM='469',REQUEST_DURATION_OKHTTP='49',REQUEST_SYNCHRONOUS='FALSE',RESPONSE_CODE='200',RESPONSE_METHOD='GET',RESPONSE_LENGTH_OKHTTP='1588',RESPONSE_LENGTH_HEADER='1588',REQUEST_PROTOCOL='http/1.1',REQUEST_URL='https://project-travel-mate.herokuapp.com/api/get-all-cities/10',
08-06 15:13:08.497 18417 18497 I NAPPA_EXPERIMENTATION: MetricNetworkRequestExecutionTime: REQUEST_DURATION_SYSTEM='557',REQUEST_DURATION_OKHTTP='53',REQUEST_SYNCHRONOUS='FALSE',RESPONSE_CODE='200',RESPONSE_METHOD='GET',RESPONSE_LENGTH_OKHTTP='185',RESPONSE_LENGTH_HEADER='185',REQUEST_PROTOCOL='http/1.1',REQUEST_URL='https://project-travel-mate.herokuapp.com/api/get-user',
08-06 15:13:08.497 18417 18417 V CityFragment: result=[{"id":1,"city_name":"Delhi","facts_count":6,"image":"https://upload.wikimedia.org/wikipedia/commons/9/94/%E0%B4%96%E0%B5%81%E0%B4%A4%E0%B5%8D%E0%B4%AC%E0%B5%8D_%E0%B4%AE%E0%B4%BF%E0%B4%A8%E0%B4%BE%E0%B5%BC1.jpg","visit_count":18186},{"id":2,"city_name":"Mumbai","facts_count":0,"image":"https://static1.squarespace.com/static/55917ae2e4b0984fc8c264c4/t/5ad7a037758d464041bfba27/1524102624280/Victoria_Mumbai.jpg","visit_count":6022},{"id":3,"city_name":"Bangalore","facts_count":0,"image":null,"visit_count":5536},{"id":8,"city_name":"Pune","facts_count":0,"image":"https://www.zricks.com/ImagesPostProject/47929//6557d975-20a9-4c6c-a776-8072a1936a76.jpg","visit_count":3324},{"id":4,"city_name":"Chennai","facts_count":0,"image":"http://lh3.ggpht.com/_YLb7tJ8RoAk/SfazBLdgf3I/AAAAAAAANEg/p52_Zz_URxg/s640/Picture%20009.jpg","visit_count":3061},{"id":5,"city_name":"Kolkata","facts_count":0,"image":"https://i.pinimg.com/originals/05/ec/42/05ec42c545b494d12cc612923483b4f0.jpg","visit_count":2211},{"id":9,"city_name":"Jaipur","facts_count":1,"image":"https://www.trodly.com/pictures/attraction/1943.jpg","visit_count":2007},{"id":6,"city_name":"Hyderabad","facts_count":0,"image":"https://i1.trekearth.com/photos/59194/charminar_020_sm.jpg","visit_count":1633},{"id":150,"city_name":"Panjim","facts_count":0,"image":"http://www.nomad4ever.com/wp-content/uploads/2009/04/palm-trees-at-baga-creek-north-goa1.jpg","visit_count":1488},{"id":7,"city_name":"Ahmedabad","facts_count":0,"image":"https://i.pinimg.com/originals/a5/ed/29/a5ed293271669a61f47059f7b0d9cf2c.jpg","visit_count":1115}]
08-06 15:13:08.527 18417 18417 D CityFragment: get cities cities size = 10
08-06 15:13:08.614   380   380 W SurfaceFlinger: couldn't log to binary event log: overflow.
08-06 15:13:08.776 18417 18430 I art     : Starting a blocking GC Explicit
08-06 15:13:08.797 18417 18430 I art     : Explicit concurrent mark sweep GC freed 14281(936KB) AllocSpace objects, 12(584KB) LOS objects, 32% free, 32MB/48MB, paused 417us total 20.689ms
08-06 15:13:08.806 18417 18430 I art     : Starting a blocking GC Explicit
08-06 15:13:08.826 18417 18430 I art     : Explicit concurrent mark sweep GC freed 3026(316KB) AllocSpace objects, 1(4MB) LOS objects, 36% free, 28MB/44MB, paused 612us total 19.867ms
08-06 15:13:08.835 18417 18430 I art     : Starting a blocking GC Explicit
08-06 15:13:08.852 18417 18430 I art     : Explicit concurrent mark sweep GC freed 8413(495KB) AllocSpace objects, 2(56KB) LOS objects, 35% free, 29MB/45MB, paused 522us total 17.105ms
08-06 15:13:08.861 18417 18430 I art     : Starting a blocking GC Explicit
08-06 15:13:08.872 18417 18513 I NAPPA_EXPERIMENTATION: MetricNetworkRequestExecutionTime: REQUEST_DURATION_SYSTEM='507',REQUEST_DURATION_OKHTTP='104',REQUEST_SYNCHRONOUS='FALSE',RESPONSE_CODE='200',RESPONSE_METHOD='GET',RESPONSE_LENGTH_OKHTTP='36',RESPONSE_LENGTH_HEADER='36',REQUEST_PROTOCOL='http/1.1',REQUEST_URL='https://project-travel-mate.herokuapp.com/api/number-of-unread-notifications',
08-06 15:13:08.878 18417 18430 I art     : Explicit concurrent mark sweep GC freed 343(168KB) AllocSpace objects, 0(0B) LOS objects, 35% free, 29MB/45MB, paused 589us total 16.255ms
08-06 15:13:08.886 18417 18430 I art     : Starting a blocking GC Explicit
08-06 15:13:08.903 18417 18430 I art     : Explicit concurrent mark sweep GC freed 2497(169KB) AllocSpace objects, 0(0B) LOS objects, 35% free, 29MB/45MB, paused 613us total 16.532ms
08-06 15:13:09.182 18417 18430 I art     : Starting a blocking GC Explicit
08-06 15:13:09.200 18417 18430 I art     : Explicit concurrent mark sweep GC freed 9861(972KB) AllocSpace objects, 13(1620KB) LOS objects, 33% free, 31MB/47MB, paused 275us total 18.015ms
08-06 15:13:09.210 18417 18430 I art     : Starting a blocking GC Explicit
08-06 15:13:09.226 18417 18430 I art     : Explicit concurrent mark sweep GC freed 352(110KB) AllocSpace objects, 2(56KB) LOS objects, 33% free, 31MB/47MB, paused 282us total 15.350ms
08-06 15:13:09.234 18417 18430 I art     : Starting a blocking GC Explicit
08-06 15:13:09.257 18417 18430 I art     : Explicit concurrent mark sweep GC freed 3198(133KB) AllocSpace objects, 2(88KB) LOS objects, 33% free, 31MB/47MB, paused 282us total 22.591ms
08-06 15:13:09.265 18417 18430 I art     : Starting a blocking GC Explicit
08-06 15:13:09.281 18417 18430 I art     : Explicit concurrent mark sweep GC freed 535(14KB) AllocSpace objects, 0(0B) LOS objects, 33% free, 31MB/47MB, paused 381us total 16.295ms
08-06 15:13:09.290 18417 18430 I art     : Starting a blocking GC Explicit
08-06 15:13:09.306 18417 18430 I art     : Explicit concurrent mark sweep GC freed 307(148KB) AllocSpace objects, 2(56KB) LOS objects, 33% free, 31MB/47MB, paused 251us total 15.927ms
08-06 15:13:09.623 18417 18478 I art     : Starting a blocking GC Explicit
08-06 15:13:09.642 18417 18478 I art     : Explicit concurrent mark sweep GC freed 4839(369KB) AllocSpace objects, 9(1476KB) LOS objects, 32% free, 32MB/48MB, paused 235us total 19.379ms
08-06 15:13:09.653 18417 18478 I art     : Starting a blocking GC Explicit
08-06 15:13:09.670 18417 18478 I art     : Explicit concurrent mark sweep GC freed 200(6KB) AllocSpace objects, 0(0B) LOS objects, 32% free, 32MB/48MB, paused 230us total 16.894ms
08-06 15:13:09.680 18417 18478 I art     : Starting a blocking GC Explicit
08-06 15:13:09.697 18417 18478 I art     : Explicit concurrent mark sweep GC freed 30(592B) AllocSpace objects, 0(0B) LOS objects, 32% free, 32MB/48MB, paused 224us total 16.876ms
08-06 15:13:09.706 18417 18478 I art     : Starting a blocking GC Explicit
08-06 15:13:09.721 18417 18478 I art     : Explicit concurrent mark sweep GC freed 54(992B) AllocSpace objects, 0(0B) LOS objects, 32% free, 32MB/48MB, paused 214us total 15.527ms
08-06 15:13:09.730 18417 18478 I art     : Starting a blocking GC Explicit
08-06 15:13:09.746 18417 18478 I art     : Explicit concurrent mark sweep GC freed 30(592B) AllocSpace objects, 0(0B) LOS objects, 32% free, 32MB/48MB, paused 242us total 15.900ms
08-06 15:13:10.095 18417 18430 I art     : Starting a blocking GC Explicit
08-06 15:13:10.115 18417 18430 I art     : Explicit concurrent mark sweep GC freed 1995(93KB) AllocSpace objects, 2(40KB) LOS objects, 32% free, 32MB/48MB, paused 249us total 19.693ms
08-06 15:13:10.128 18417 18430 I art     : Starting a blocking GC Explicit
08-06 15:13:10.146 18417 18430 I art     : Explicit concurrent mark sweep GC freed 70(1584B) AllocSpace objects, 0(0B) LOS objects, 32% free, 32MB/48MB, paused 228us total 17.386ms
08-06 15:13:10.148   518   646 I ThermalEngine: ACTION: GPU - Setting GPU[0] to 510000000
08-06 15:13:10.156 18417 18430 I art     : Starting a blocking GC Explicit
08-06 15:13:10.177 18417 18430 I art     : Explicit concurrent mark sweep GC freed 51(896B) AllocSpace objects, 0(0B) LOS objects, 32% free, 32MB/48MB, paused 326us total 20.847ms
08-06 15:13:10.189 18417 18430 I art     : Starting a blocking GC Explicit
08-06 15:13:10.210 18417 18430 I art     : Explicit concurrent mark sweep GC freed 51(896B) AllocSpace objects, 0(0B) LOS objects, 32% free, 32MB/48MB, paused 326us total 21.036ms
08-06 15:13:10.221 18417 18430 I art     : Starting a blocking GC Explicit
08-06 15:13:10.243 18417 18430 I art     : Explicit concurrent mark sweep GC freed 51(896B) AllocSpace objects, 0(0B) LOS objects, 32% free, 32MB/48MB, paused 336us total 21.546ms
08-06 15:13:10.619 18417 18429 I art     : Starting a blocking GC Explicit
08-06 15:13:10.643 18417 18429 I art     : Explicit concurrent mark sweep GC freed 2003(92KB) AllocSpace objects, 2(40KB) LOS objects, 32% free, 32MB/48MB, paused 333us total 22.973ms
08-06 15:13:10.657 18417 18429 I art     : Starting a blocking GC Explicit
08-06 15:13:10.678 18417 18429 I art     : Explicit concurrent mark sweep GC freed 70(1584B) AllocSpace objects, 0(0B) LOS objects, 32% free, 32MB/48MB, paused 338us total 20.835ms
08-06 15:13:10.689 18417 18429 I art     : Starting a blocking GC Explicit
08-06 15:13:10.711 18417 18429 I art     : Explicit concurrent mark sweep GC freed 51(896B) AllocSpace objects, 0(0B) LOS objects, 32% free, 32MB/48MB, paused 328us total 21.002ms
08-06 15:13:10.722 18417 18429 I art     : Starting a blocking GC Explicit
08-06 15:13:10.743 18417 18429 I art     : Explicit concurrent mark sweep GC freed 51(896B) AllocSpace objects, 0(0B) LOS objects, 32% free, 32MB/48MB, paused 341us total 20.952ms
08-06 15:13:10.755 18417 18429 I art     : Starting a blocking GC Explicit
08-06 15:13:10.776 18417 18429 I art     : Explicit concurrent mark sweep GC freed 51(896B) AllocSpace objects, 0(0B) LOS objects, 32% free, 32MB/48MB, paused 326us total 20.423ms
08-06 15:13:11.132 18417 18478 I art     : Starting a blocking GC Explicit
08-06 15:13:11.153 18417 18478 I art     : Explicit concurrent mark sweep GC freed 1981(92KB) AllocSpace objects, 2(40KB) LOS objects, 32% free, 32MB/48MB, paused 310us total 20.912ms
08-06 15:13:11.164 18417 18478 I art     : Starting a blocking GC Explicit
08-06 15:13:11.183 18417 18478 I art     : Explicit concurrent mark sweep GC freed 47(1200B) AllocSpace objects, 0(0B) LOS objects, 32% free, 32MB/48MB, paused 374us total 18.856ms
08-06 15:13:11.194 18417 18478 I art     : Starting a blocking GC Explicit
08-06 15:13:11.213 18417 18478 I art     : Explicit concurrent mark sweep GC freed 50(880B) AllocSpace objects, 0(0B) LOS objects, 32% free, 32MB/48MB, paused 304us total 19.087ms
08-06 15:13:11.224 18417 18478 I art     : Starting a blocking GC Explicit
08-06 15:13:11.245 18417 18478 I art     : Explicit concurrent mark sweep GC freed 51(896B) AllocSpace objects, 0(0B) LOS objects, 32% free, 32MB/48MB, paused 301us total 19.935ms
08-06 15:13:11.256 18417 18478 I art     : Starting a blocking GC Explicit
08-06 15:13:11.277 18417 18478 I art     : Explicit concurrent mark sweep GC freed 51(896B) AllocSpace objects, 0(0B) LOS objects, 32% free, 32MB/48MB, paused 354us total 21.329ms
08-06 15:13:11.637 18417 18430 I art     : Starting a blocking GC Explicit
08-06 15:13:11.661 18417 18430 I art     : Explicit concurrent mark sweep GC freed 1981(92KB) AllocSpace objects, 2(40KB) LOS objects, 32% free, 32MB/48MB, paused 337us total 23.564ms
08-06 15:13:11.675 18417 18430 I art     : Starting a blocking GC Explicit
08-06 15:13:11.697 18417 18430 I art     : Explicit concurrent mark sweep GC freed 70(1584B) AllocSpace objects, 0(0B) LOS objects, 32% free, 32MB/48MB, paused 436us total 21.265ms
08-06 15:13:11.708 18417 18430 I art     : Starting a blocking GC Explicit
08-06 15:13:11.730 18417 18430 I art     : Explicit concurrent mark sweep GC freed 51(896B) AllocSpace objects, 0(0B) LOS objects, 32% free, 32MB/48MB, paused 327us total 21.307ms
08-06 15:13:11.742 18417 18430 I art     : Starting a blocking GC Explicit
08-06 15:13:11.762 18417 18430 I art     : Explicit concurrent mark sweep GC freed 51(896B) AllocSpace objects, 0(0B) LOS objects, 32% free, 32MB/48MB, paused 314us total 20.054ms
08-06 15:13:11.773 18417 18430 I art     : Starting a blocking GC Explicit
08-06 15:13:11.794 18417 18430 I art     : Explicit concurrent mark sweep GC freed 51(896B) AllocSpace objects, 0(0B) LOS objects, 32% free, 32MB/48MB, paused 302us total 20.302ms
08-06 15:13:12.099 18417 18429 I art     : Starting a blocking GC Explicit
08-06 15:13:12.124 18417 18429 I art     : Explicit concurrent mark sweep GC freed 1908(90KB) AllocSpace objects, 2(40KB) LOS objects, 32% free, 32MB/48MB, paused 337us total 24.198ms
08-06 15:13:12.140 18417 18429 I art     : Starting a blocking GC Explicit
08-06 15:13:12.162 18417 18429 I art     : Explicit concurrent mark sweep GC freed 70(1584B) AllocSpace objects, 0(0B) LOS objects, 32% free, 32MB/48MB, paused 331us total 21.315ms
08-06 15:13:12.173 18417 18429 I art     : Starting a blocking GC Explicit
08-06 15:13:12.194 18417 18429 I art     : Explicit concurrent mark sweep GC freed 51(896B) AllocSpace objects, 0(0B) LOS objects, 32% free, 32MB/48MB, paused 339us total 21.217ms
08-06 15:13:12.206 18417 18429 I art     : Starting a blocking GC Explicit
08-06 15:13:12.226 18417 18429 I art     : Explicit concurrent mark sweep GC freed 51(896B) AllocSpace objects, 0(0B) LOS objects, 32% free, 32MB/48MB, paused 320us total 20.410ms
08-06 15:13:12.238 18417 18429 I art     : Starting a blocking GC Explicit
08-06 15:13:12.260 18417 18429 I art     : Explicit concurrent mark sweep GC freed 51(896B) AllocSpace objects, 0(0B) LOS objects, 32% free, 32MB/48MB, paused 331us total 21.656ms
08-06 15:13:12.622 18417 18478 I art     : Starting a blocking GC Explicit
08-06 15:13:12.646 18417 18478 I art     : Explicit concurrent mark sweep GC freed 1980(92KB) AllocSpace objects, 2(40KB) LOS objects, 32% free, 32MB/48MB, paused 345us total 23.577ms
08-06 15:13:12.659 18417 18478 I art     : Starting a blocking GC Explicit
08-06 15:13:12.682 18417 18478 I art     : Explicit concurrent mark sweep GC freed 70(1584B) AllocSpace objects, 0(0B) LOS objects, 32% free, 32MB/48MB, paused 333us total 22.280ms
08-06 15:13:12.694 18417 18478 I art     : Starting a blocking GC Explicit
08-06 15:13:12.716 18417 18478 I art     : Explicit concurrent mark sweep GC freed 51(896B) AllocSpace objects, 0(0B) LOS objects, 32% free, 32MB/48MB, paused 325us total 21.801ms
08-06 15:13:12.728 18417 18478 I art     : Starting a blocking GC Explicit
08-06 15:13:12.750 18417 18478 I art     : Explicit concurrent mark sweep GC freed 50(864B) AllocSpace objects, 0(0B) LOS objects, 32% free, 32MB/48MB, paused 331us total 21.625ms
08-06 15:13:12.761 18417 18478 I art     : Starting a blocking GC Explicit
08-06 15:13:12.784 18417 18478 I art     : Explicit concurrent mark sweep GC freed 52(928B) AllocSpace objects, 0(0B) LOS objects, 32% free, 32MB/48MB, paused 330us total 21.868ms
08-06 15:13:13.139 18417 18430 I art     : Starting a blocking GC Explicit
08-06 15:13:13.164 18417 18430 I art     : Explicit concurrent mark sweep GC freed 1980(92KB) AllocSpace objects, 2(40KB) LOS objects, 32% free, 32MB/48MB, paused 344us total 24.101ms
08-06 15:13:13.179 18417 18430 I art     : Starting a blocking GC Explicit
08-06 15:13:13.200 18417 18430 I art     : Explicit concurrent mark sweep GC freed 70(1584B) AllocSpace objects, 0(0B) LOS objects, 32% free, 32MB/48MB, paused 335us total 21.174ms
08-06 15:13:13.212 18417 18430 I art     : Starting a blocking GC Explicit
08-06 15:13:13.232 18417 18430 I art     : Explicit concurrent mark sweep GC freed 51(896B) AllocSpace objects, 0(0B) LOS objects, 32% free, 32MB/48MB, paused 301us total 20.090ms
08-06 15:13:13.243 18417 18430 I art     : Starting a blocking GC Explicit
08-06 15:13:13.264 18417 18430 I art     : Explicit concurrent mark sweep GC freed 51(896B) AllocSpace objects, 0(0B) LOS objects, 32% free, 32MB/48MB, paused 330us total 20.826ms
08-06 15:13:13.276 18417 18430 I art     : Starting a blocking GC Explicit
08-06 15:13:13.298 18417 18430 I art     : Explicit concurrent mark sweep GC freed 51(896B) AllocSpace objects, 0(0B) LOS objects, 32% free, 32MB/48MB, paused 335us total 21.482ms
08-06 15:13:13.659 18417 18429 I art     : Starting a blocking GC Explicit
08-06 15:13:13.682 18417 18429 I art     : Explicit concurrent mark sweep GC freed 1980(92KB) AllocSpace objects, 2(40KB) LOS objects, 32% free, 32MB/48MB, paused 331us total 23.012ms
08-06 15:13:13.698 18417 18429 I art     : Starting a blocking GC Explicit
08-06 15:13:13.719 18417 18429 I art     : Explicit concurrent mark sweep GC freed 70(1584B) AllocSpace objects, 0(0B) LOS objects, 32% free, 32MB/48MB, paused 322us total 21.018ms
08-06 15:13:13.730 18417 18429 I art     : Starting a blocking GC Explicit
08-06 15:13:13.750 18417 18429 I art     : Explicit concurrent mark sweep GC freed 51(896B) AllocSpace objects, 0(0B) LOS objects, 32% free, 32MB/48MB, paused 324us total 20.093ms
08-06 15:13:13.762 18417 18429 I art     : Starting a blocking GC Explicit
08-06 15:13:13.783 18417 18429 I art     : Explicit concurrent mark sweep GC freed 51(896B) AllocSpace objects, 0(0B) LOS objects, 32% free, 32MB/48MB, paused 333us total 21.047ms
08-06 15:13:13.795 18417 18429 I art     : Starting a blocking GC Explicit
08-06 15:13:13.817 18417 18429 I art     : Explicit concurrent mark sweep GC freed 51(896B) AllocSpace objects, 0(0B) LOS objects, 32% free, 32MB/48MB, paused 381us total 21.567ms
08-06 15:13:14.164 18417 18478 I art     : Starting a blocking GC Explicit
08-06 15:13:14.186 18417 18478 I art     : Explicit concurrent mark sweep GC freed 1957(91KB) AllocSpace objects, 2(40KB) LOS objects, 32% free, 32MB/48MB, paused 335us total 22.441ms
08-06 15:13:14.198 18417 18478 I art     : Starting a blocking GC Explicit
08-06 15:13:14.220 18417 18478 I art     : Explicit concurrent mark sweep GC freed 70(1584B) AllocSpace objects, 0(0B) LOS objects, 32% free, 32MB/48MB, paused 321us total 21.521ms
08-06 15:13:14.231 18417 18478 I art     : Starting a blocking GC Explicit
08-06 15:13:14.254 18417 18478 I art     : Explicit concurrent mark sweep GC freed 51(896B) AllocSpace objects, 0(0B) LOS objects, 32% free, 32MB/48MB, paused 376us total 21.873ms
08-06 15:13:14.265 18417 18478 I art     : Starting a blocking GC Explicit
08-06 15:13:14.286 18417 18478 I art     : Explicit concurrent mark sweep GC freed 51(896B) AllocSpace objects, 0(0B) LOS objects, 32% free, 32MB/48MB, paused 324us total 21.058ms
08-06 15:13:14.298 18417 18478 I art     : Starting a blocking GC Explicit
08-06 15:13:14.318 18417 18478 I art     : Explicit concurrent mark sweep GC freed 51(896B) AllocSpace objects, 0(0B) LOS objects, 32% free, 32MB/48MB, paused 321us total 20.489ms
08-06 15:13:14.445 18656 18656 D AndroidRuntime: >>>>>> START com.android.internal.os.RuntimeInit uid 2000 <<<<<<
08-06 15:13:14.450 18656 18656 D AndroidRuntime: CheckJNI is OFF
08-06 15:13:14.483 18656 18656 D ICU     : No timezone override file found: /data/misc/zoneinfo/current/icu/icu_tzdata.dat
08-06 15:13:14.515 18656 18656 I Radio-JNI: register_android_hardware_Radio DONE
08-06 15:13:14.537 18656 18656 D AndroidRuntime: Calling main entry com.android.commands.input.Input
08-06 15:13:14.539 18656 18656 I Input   : injectMotionEvent: MotionEvent { action=ACTION_DOWN, actionButton=0, id[0]=0, x[0]=346.0, y[0]=709.0, toolType[0]=TOOL_TYPE_UNKNOWN, buttonState=0, metaState=0, flags=0x0, edgeFlags=0x0, pointerCount=1, historySize=0, eventTime=890010951, downTime=890010951, deviceId=0, source=0x1002 }
08-06 15:13:14.544 18656 18656 I Input   : injectMotionEvent: MotionEvent { action=ACTION_UP, actionButton=0, id[0]=0, x[0]=346.0, y[0]=709.0, toolType[0]=TOOL_TYPE_UNKNOWN, buttonState=0, metaState=0, flags=0x0, edgeFlags=0x0, pointerCount=1, historySize=0, eventTime=890010951, downTime=890010951, deviceId=0, source=0x1002 }
08-06 15:13:14.555   918  6112 I ActivityManager: START u0 {cmp=baseline.io.github.project_travel_mate/.destinations.description.FinalCityInfoActivity (has extras)} from uid 10696 on display 0
08-06 15:13:14.561 18656 18656 D AndroidRuntime: Shutting down VM
08-06 15:13:14.584 18417 18498 D Gabe    : call	returning from cache
08-06 15:13:14.623 18417 18417 V EXECUTING: https://project-travel-mate.herokuapp.com/api/get-city-weather/1
08-06 15:13:14.659 18417 18430 I art     : Starting a blocking GC Explicit
08-06 15:13:14.686 18417 18430 I art     : Explicit concurrent mark sweep GC freed 8873(568KB) AllocSpace objects, 2(40KB) LOS objects, 32% free, 33MB/49MB, paused 1.016ms total 26.364ms
08-06 15:13:14.699 18417 18430 I art     : Starting a blocking GC Explicit
08-06 15:13:14.726 18417 18430 I art     : Explicit concurrent mark sweep GC freed 1047(49KB) AllocSpace objects, 0(0B) LOS objects, 29% free, 37MB/53MB, paused 549us total 26.289ms
08-06 15:13:14.738 18417 18430 I art     : Starting a blocking GC Explicit
08-06 15:13:14.760 18417 18430 I art     : Explicit concurrent mark sweep GC freed 26(1312B) AllocSpace objects, 0(0B) LOS objects, 29% free, 37MB/53MB, paused 540us total 22.533ms
08-06 15:13:14.772 18417 18430 I art     : Starting a blocking GC Explicit
08-06 15:13:14.777   918   936 I ActivityManager: Displayed baseline.io.github.project_travel_mate/.destinations.description.FinalCityInfoActivity: +215ms
08-06 15:13:14.778 13866 13866 I GoogleInputMethodServic: GoogleInputMethodService.onFinishInput():3138 
08-06 15:13:14.778 13866 13866 I GoogleInputMethodServic: GoogleInputMethodService.onStartInput():1808 
08-06 15:13:14.794 18417 18430 I art     : Explicit concurrent mark sweep GC freed 133(3KB) AllocSpace objects, 0(0B) LOS objects, 29% free, 37MB/53MB, paused 580us total 21.804ms
08-06 15:13:14.806 18417 18430 I art     : Starting a blocking GC Explicit
08-06 15:13:14.833 18417 18430 I art     : Explicit concurrent mark sweep GC freed 23(448B) AllocSpace objects, 0(0B) LOS objects, 29% free, 37MB/53MB, paused 662us total 26.565ms
08-06 15:13:15.038   380   380 W SurfaceFlinger: couldn't log to binary event log: overflow.
08-06 15:13:15.134 18417 18478 I art     : Starting a blocking GC Explicit
08-06 15:13:15.163 18417 18478 I art     : Explicit concurrent mark sweep GC freed 2332(97KB) AllocSpace objects, 2(40KB) LOS objects, 29% free, 37MB/53MB, paused 769us total 28.819ms
08-06 15:13:15.178 18417 18478 I art     : Starting a blocking GC Explicit
08-06 15:13:15.203 18417 18478 I art     : Explicit concurrent mark sweep GC freed 48(1200B) AllocSpace objects, 0(0B) LOS objects, 29% free, 37MB/53MB, paused 570us total 24.703ms
08-06 15:13:15.215 18417 18478 I art     : Starting a blocking GC Explicit
08-06 15:13:15.238 18417 18478 I art     : Explicit concurrent mark sweep GC freed 28(720B) AllocSpace objects, 0(0B) LOS objects, 29% free, 37MB/53MB, paused 563us total 23.549ms
08-06 15:13:15.250 18417 18478 I art     : Starting a blocking GC Explicit
08-06 15:13:15.270 32587 32617 I WorkerManager: dispose()
08-06 15:13:15.271 32587 32617 W ThreadPoolDumper: Queue length for executor EventBus is now 11. Perhaps some tasks are too long, or the pool is too small.
08-06 15:13:15.273 18417 18478 I art     : Explicit concurrent mark sweep GC freed 224(12KB) AllocSpace objects, 0(0B) LOS objects, 29% free, 37MB/53MB, paused 565us total 23.262ms
08-06 15:13:15.285 18417 18478 I art     : Starting a blocking GC Explicit
08-06 15:13:15.310 18417 18478 I art     : Explicit concurrent mark sweep GC freed 1329(84KB) AllocSpace objects, 2(120KB) LOS objects, 29% free, 37MB/53MB, paused 887us total 24.411ms
08-06 15:13:15.395 18417 18685 I NAPPA_EXPERIMENTATION: MetricNetworkRequestExecutionTime: REQUEST_DURATION_SYSTEM='770',REQUEST_DURATION_OKHTTP='68',REQUEST_SYNCHRONOUS='FALSE',RESPONSE_CODE='200',RESPONSE_METHOD='GET',RESPONSE_LENGTH_OKHTTP='238',RESPONSE_LENGTH_HEADER='238',REQUEST_PROTOCOL='http/1.1',REQUEST_URL='https://project-travel-mate.herokuapp.com/api/get-city-weather/1',
08-06 15:13:15.396 18417 18686 I NAPPA_EXPERIMENTATION: MetricNetworkRequestExecutionTime: REQUEST_DURATION_SYSTEM='771',REQUEST_DURATION_OKHTTP='70',REQUEST_SYNCHRONOUS='FALSE',RESPONSE_CODE='200',RESPONSE_METHOD='GET',RESPONSE_LENGTH_OKHTTP='530',RESPONSE_LENGTH_HEADER='530',REQUEST_PROTOCOL='http/1.1',REQUEST_URL='https://project-travel-mate.herokuapp.com/api/get-city/1',
08-06 15:13:15.429 18417 18686 V Response: {"id":1,"city_name":"Delhi","description":"Delhi, officially the National Capital Territory of Delhi, is the Capital territory of India. During the British Raj, Delhi was part of the province of Punjab and is still historically and culturally connected to the Punjab region.","latitude":"28.613900","longitude":"77.209000","facts_count":6,"images":["https://upload.wikimedia.org/wikipedia/commons/9/94/%E0%B4%96%E0%B5%81%E0%B4%A4%E0%B5%8D%E0%B4%AC%E0%B5%8D_%E0%B4%AE%E0%B4%BF%E0%B4%A8%E0%B4%BE%E0%B5%BC1.jpg"],"has_visited":false}
08-06 15:13:15.611 18417 18430 I art     : Starting a blocking GC Explicit
08-06 15:13:15.640 18417 18430 I art     : Explicit concurrent mark sweep GC freed 8884(568KB) AllocSpace objects, 12(5MB) LOS objects, 29% free, 38MB/54MB, paused 474us total 29.129ms
08-06 15:13:15.652 18417 18430 I art     : Starting a blocking GC Explicit
08-06 15:13:15.678 18417 18430 I art     : Explicit concurrent mark sweep GC freed 757(61KB) AllocSpace objects, 0(0B) LOS objects, 29% free, 38MB/54MB, paused 385us total 24.997ms
08-06 15:13:15.689 18417 18430 I art     : Starting a blocking GC Explicit
08-06 15:13:15.714 18417 18430 I art     : Explicit concurrent mark sweep GC freed 99(1696B) AllocSpace objects, 0(0B) LOS objects, 29% free, 38MB/54MB, paused 399us total 24.789ms
08-06 15:13:15.727 18417 18430 I art     : Starting a blocking GC Explicit
08-06 15:13:15.752 18417 18430 I art     : Explicit concurrent mark sweep GC freed 136(3KB) AllocSpace objects, 0(0B) LOS objects, 29% free, 38MB/54MB, paused 453us total 24.060ms
08-06 15:13:15.763 18417 18430 I art     : Starting a blocking GC Explicit
08-06 15:13:15.787 18417 18430 I art     : Explicit concurrent mark sweep GC freed 101(1840B) AllocSpace objects, 0(0B) LOS objects, 29% free, 38MB/54MB, paused 377us total 23.798ms
08-06 15:13:16.113 18417 18430 I art     : Starting a blocking GC Explicit
08-06 15:13:16.142 18417 18430 I art     : Explicit concurrent mark sweep GC freed 2492(101KB) AllocSpace objects, 2(40KB) LOS objects, 29% free, 38MB/54MB, paused 509us total 27.667ms
08-06 15:13:16.157 18417 18430 I art     : Starting a blocking GC Explicit
08-06 15:13:16.182 18417 18430 I art     : Explicit concurrent mark sweep GC freed 145(3KB) AllocSpace objects, 0(0B) LOS objects, 29% free, 38MB/54MB, paused 384us total 24.171ms
08-06 15:13:16.182 18417 18427 I art     : WaitForGcToComplete blocked for 24.270ms for cause HeapTrim
08-06 15:13:16.194 18417 18430 I art     : Starting a blocking GC Explicit
08-06 15:13:16.218 18417 18430 I art     : Explicit concurrent mark sweep GC freed 99(1696B) AllocSpace objects, 0(0B) LOS objects, 29% free, 38MB/54MB, paused 359us total 24.496ms
08-06 15:13:16.230 18417 18430 I art     : Starting a blocking GC Explicit
08-06 15:13:16.254 18417 18430 I art     : Explicit concurrent mark sweep GC freed 99(1696B) AllocSpace objects, 0(0B) LOS objects, 29% free, 38MB/54MB, paused 385us total 23.948ms
08-06 15:13:16.266 18417 18430 I art     : Starting a blocking GC Explicit
08-06 15:13:16.291 18417 18430 I art     : Explicit concurrent mark sweep GC freed 144(2432B) AllocSpace objects, 0(0B) LOS objects, 29% free, 38MB/54MB, paused 484us total 24.513ms
08-06 15:13:16.656 18417 18429 I art     : Starting a blocking GC Explicit
08-06 15:13:16.684 18417 18429 I art     : Explicit concurrent mark sweep GC freed 2536(101KB) AllocSpace objects, 2(40KB) LOS objects, 29% free, 38MB/54MB, paused 392us total 27.869ms
08-06 15:13:16.700 18417 18429 I art     : Starting a blocking GC Explicit
08-06 15:13:16.724 18417 18429 I art     : Explicit concurrent mark sweep GC freed 165(3KB) AllocSpace objects, 0(0B) LOS objects, 29% free, 38MB/54MB, paused 410us total 24.205ms
08-06 15:13:16.736 18417 18429 I art     : Starting a blocking GC Explicit
08-06 15:13:16.760 18417 18429 I art     : Explicit concurrent mark sweep GC freed 100(1728B) AllocSpace objects, 0(0B) LOS objects, 29% free, 38MB/54MB, paused 389us total 23.094ms
08-06 15:13:16.771 18417 18429 I art     : Starting a blocking GC Explicit
08-06 15:13:16.796 18417 18429 I art     : Explicit concurrent mark sweep GC freed 99(1696B) AllocSpace objects, 0(0B) LOS objects, 29% free, 38MB/54MB, paused 382us total 24.855ms
08-06 15:13:16.809 18417 18429 I art     : Starting a blocking GC Explicit
08-06 15:13:16.834 18417 18429 I art     : Explicit concurrent mark sweep GC freed 99(1696B) AllocSpace objects, 0(0B) LOS objects, 29% free, 38MB/54MB, paused 368us total 24.901ms
08-06 15:13:17.193 18417 18478 I art     : Starting a blocking GC Explicit
08-06 15:13:17.221 18417 18478 I art     : Explicit concurrent mark sweep GC freed 2532(101KB) AllocSpace objects, 2(40KB) LOS objects, 29% free, 38MB/54MB, paused 385us total 28.087ms
08-06 15:13:17.235 18417 18478 I art     : Starting a blocking GC Explicit
08-06 15:13:17.260 18417 18478 I art     : Explicit concurrent mark sweep GC freed 166(3KB) AllocSpace objects, 0(0B) LOS objects, 29% free, 38MB/54MB, paused 370us total 24.929ms
08-06 15:13:17.272 18417 18478 I art     : Starting a blocking GC Explicit
08-06 15:13:17.298 18417 18478 I art     : Explicit concurrent mark sweep GC freed 99(1696B) AllocSpace objects, 0(0B) LOS objects, 29% free, 38MB/54MB, paused 381us total 24.977ms
08-06 15:13:17.310 18417 18478 I art     : Starting a blocking GC Explicit
08-06 15:13:17.335 18417 18478 I art     : Explicit concurrent mark sweep GC freed 99(1696B) AllocSpace objects, 0(0B) LOS objects, 29% free, 38MB/54MB, paused 403us total 25.330ms
08-06 15:13:17.348 18417 18478 I art     : Starting a blocking GC Explicit
08-06 15:13:17.373 18417 18478 I art     : Explicit concurrent mark sweep GC freed 99(1696B) AllocSpace objects, 0(0B) LOS objects, 29% free, 38MB/54MB, paused 364us total 25.095ms
08-06 15:13:17.737 18417 18697 I art     : Starting a blocking GC Explicit
08-06 15:13:17.764 18417 18697 I art     : Explicit concurrent mark sweep GC freed 2583(102KB) AllocSpace objects, 2(40KB) LOS objects, 29% free, 38MB/54MB, paused 388us total 26.895ms
08-06 15:13:17.779 18417 18697 I art     : Starting a blocking GC Explicit
08-06 15:13:17.803 18417 18697 I art     : Explicit concurrent mark sweep GC freed 118(2384B) AllocSpace objects, 0(0B) LOS objects, 29% free, 38MB/54MB, paused 384us total 24.088ms
08-06 15:13:17.808 14704 14704 I ServiceManager: Waiting for service AtCmdFwd...
08-06 15:13:17.815 18417 18697 I art     : Starting a blocking GC Explicit
08-06 15:13:17.839 18417 18697 I art     : Explicit concurrent mark sweep GC freed 99(1696B) AllocSpace objects, 0(0B) LOS objects, 29% free, 38MB/54MB, paused 374us total 24.228ms
08-06 15:13:17.851 18417 18697 I art     : Starting a blocking GC Explicit
08-06 15:13:17.875 18417 18697 I art     : Explicit concurrent mark sweep GC freed 129(2176B) AllocSpace objects, 0(0B) LOS objects, 29% free, 38MB/54MB, paused 485us total 24.017ms
08-06 15:13:17.888 18417 18697 I art     : Starting a blocking GC Explicit
08-06 15:13:17.913 18417 18697 I art     : Explicit concurrent mark sweep GC freed 117(2016B) AllocSpace objects, 0(0B) LOS objects, 29% free, 38MB/54MB, paused 386us total 24.919ms
08-06 15:13:18.278 18417 18430 I art     : Starting a blocking GC Explicit
08-06 15:13:18.304 18417 18430 I art     : Explicit concurrent mark sweep GC freed 2533(101KB) AllocSpace objects, 2(40KB) LOS objects, 29% free, 38MB/54MB, paused 390us total 26.189ms
08-06 15:13:18.317 18417 18430 I art     : Starting a blocking GC Explicit
08-06 15:13:18.342 18417 18430 I art     : Explicit concurrent mark sweep GC freed 127(2528B) AllocSpace objects, 0(0B) LOS objects, 29% free, 38MB/54MB, paused 485us total 25.179ms
08-06 15:13:18.354 18417 18430 I art     : Starting a blocking GC Explicit
08-06 15:13:18.379 18417 18430 I art     : Explicit concurrent mark sweep GC freed 138(2352B) AllocSpace objects, 0(0B) LOS objects, 29% free, 38MB/54MB, paused 383us total 24.827ms
08-06 15:13:18.392 18417 18430 I art     : Starting a blocking GC Explicit
08-06 15:13:18.417 18417 18430 I art     : Explicit concurrent mark sweep GC freed 98(1664B) AllocSpace objects, 0(0B) LOS objects, 29% free, 38MB/54MB, paused 457us total 25.191ms
08-06 15:13:18.429 18417 18430 I art     : Starting a blocking GC Explicit
08-06 15:13:18.455 18417 18430 I art     : Explicit concurrent mark sweep GC freed 100(1728B) AllocSpace objects, 0(0B) LOS objects, 29% free, 38MB/54MB, paused 347us total 25.176ms
08-06 15:13:18.809 14704 14704 I ServiceManager: Waiting for service AtCmdFwd...
08-06 15:13:18.815 18417 18429 I art     : Starting a blocking GC Explicit
08-06 15:13:18.840 18417 18429 I art     : Explicit concurrent mark sweep GC freed 2533(101KB) AllocSpace objects, 2(40KB) LOS objects, 29% free, 38MB/54MB, paused 395us total 25.211ms
08-06 15:13:18.853 18417 18429 I art     : Starting a blocking GC Explicit
08-06 15:13:18.877 18417 18429 I art     : Explicit concurrent mark sweep GC freed 165(3KB) AllocSpace objects, 0(0B) LOS objects, 29% free, 38MB/54MB, paused 404us total 24.163ms
08-06 15:13:18.889 18417 18429 I art     : Starting a blocking GC Explicit
08-06 15:13:18.913 18417 18429 I art     : Explicit concurrent mark sweep GC freed 100(1728B) AllocSpace objects, 0(0B) LOS objects, 29% free, 38MB/54MB, paused 415us total 24.038ms
08-06 15:13:18.925 18417 18429 I art     : Starting a blocking GC Explicit
08-06 15:13:18.950 18417 18429 I art     : Explicit concurrent mark sweep GC freed 98(1664B) AllocSpace objects, 0(0B) LOS objects, 29% free, 38MB/54MB, paused 408us total 24.750ms
08-06 15:13:18.962 18417 18429 I art     : Starting a blocking GC Explicit
08-06 15:13:18.987 18417 18429 I art     : Explicit concurrent mark sweep GC freed 123(2768B) AllocSpace objects, 0(0B) LOS objects, 29% free, 38MB/54MB, paused 401us total 24.804ms
08-06 15:13:19.165   918   918 I ActivityManager: Start proc 18778:nappagreedy.com.newsblur/u0a701 for service nappagreedy.com.newsblur/.service.NBSyncService
08-06 15:13:19.167 18778 18778 I art     : Late-enabling -Xcheck:jni
08-06 15:13:19.177 12162 12162 I Finsky  : [1] xow.onStartJob(3): SCH: onJobSchedulerWakeup with jobId 9011
08-06 15:13:19.184 12162 12162 I Finsky  : [1] xjw.a(9): Scheduling fallback in 43199994 (absolute: 1916603053)
08-06 15:13:19.188 12162 12162 I Finsky  : [1] xjw.a(9): Scheduling fallback in 64799997 (absolute: 1938203060)
08-06 15:13:19.199 18773 18773 D AndroidRuntime: >>>>>> START com.android.internal.os.RuntimeInit uid 2000 <<<<<<
08-06 15:13:19.203 18773 18773 D AndroidRuntime: CheckJNI is OFF
08-06 15:13:19.216 18778 18778 W System  : ClassLoader referenced unknown path: /data/app/nappagreedy.com.newsblur-1/lib/arm64
08-06 15:13:19.236 18773 18773 D ICU     : No timezone override file found: /data/misc/zoneinfo/current/icu/icu_tzdata.dat
08-06 15:13:19.265 18773 18773 I Radio-JNI: register_android_hardware_Radio DONE
08-06 15:13:19.287 18773 18773 D AndroidRuntime: Calling main entry com.android.commands.input.Input
08-06 15:13:19.288 18773 18773 I Input   : injectMotionEvent: MotionEvent { action=ACTION_DOWN, actionButton=0, id[0]=0, x[0]=693.0, y[0]=1450.0, toolType[0]=TOOL_TYPE_UNKNOWN, buttonState=0, metaState=0, flags=0x0, edgeFlags=0x0, pointerCount=1, historySize=0, eventTime=890015701, downTime=890015701, deviceId=0, source=0x1002 }
08-06 15:13:19.294 18773 18773 I Input   : injectMotionEvent: MotionEvent { action=ACTION_UP, actionButton=0, id[0]=0, x[0]=693.0, y[0]=1450.0, toolType[0]=TOOL_TYPE_UNKNOWN, buttonState=0, metaState=0, flags=0x0, edgeFlags=0x0, pointerCount=1, historySize=0, eventTime=890015701, downTime=890015701, deviceId=0, source=0x1002 }
08-06 15:13:19.295 18773 18773 D AndroidRuntime: Shutting down VM
08-06 15:13:19.296   918   929 I ActivityManager: START u0 {cmp=baseline.io.github.project_travel_mate/.destinations.description.CityHistoryActivity} from uid 10696 on display 0
08-06 15:13:19.297   512  2967 D audio_hw_primary: out_set_parameters: enter: usecase(1: low-latency-playback) kvpairs: routing=2
08-06 15:13:19.310   512  2967 D audio_hw_primary: select_devices: out_snd_device(2: speaker) in_snd_device(0: none)
08-06 15:13:19.310   512  2967 D msm8974_platform: platform_send_audio_calibration: sending audio calibration for snd_device(2) acdb_id(15)
08-06 15:13:19.310   512  2967 I soundtrigger: audio_extn_sound_trigger_update_device_status: device 0x2 of type 0 for Event 1
08-06 15:13:19.315 12162 12162 I Finsky  : [1] xkf.handleMessage(8): SCH: DeviceState: DeviceState{currentTime=1596719599311, isCharging=false, isIdle=false, netAny=true, netNotRoaming=true, netUnmetered=true, batteryPercent=100.0}
08-06 15:13:19.319 18417 18478 I art     : Starting a blocking GC Explicit
08-06 15:13:19.320 12162 18377 I Finsky  : [6674] xmu.a(8): SCH: Jobs in database: 1-1337 3-225 3-226 12-1 24-77777777 26-1414141414 
08-06 15:13:19.322   512  2967 D audio_hw_primary: enable_snd_device: snd_device(2: speaker)
08-06 15:13:19.322 12162 12162 I Finsky  : [1] xkg.a(16): SCH: Running job: 12-1
08-06 15:13:19.323 12162 12162 I Finsky  : [1] ContentSyncJob.a(16): [ContentSync] job started
08-06 15:13:19.323 12162 12162 I Finsky  : [1] xkf.handleMessage(61): SCH: RunningQueue size: 1, PendingQueue size: 0
08-06 15:13:19.324 12162 12162 I Finsky  : [1] xkf.handleMessage(64): SCH: Running queue: 12-1 
08-06 15:13:19.324   512  2967 D audio_hw_primary: enable_audio_route: apply and update mixer path: low-latency-playback speaker
08-06 15:13:19.325 18417 18498 D Gabe    : call	returning from cache
08-06 15:13:19.327 18417 18417 V EXECUTING: https://project-travel-mate.herokuapp.com/api/get-city-information/1
08-06 15:13:19.346 18417 18478 I art     : Explicit concurrent mark sweep GC freed 3024(213KB) AllocSpace objects, 2(40KB) LOS objects, 29% free, 38MB/54MB, paused 633us total 26.138ms
08-06 15:13:19.357 18417 18478 I art     : Starting a blocking GC Explicit
08-06 15:13:19.380 18417 18478 I art     : Explicit concurrent mark sweep GC freed 272(14KB) AllocSpace objects, 0(0B) LOS objects, 29% free, 38MB/54MB, paused 519us total 22.047ms
08-06 15:13:19.391 18417 18478 I art     : Starting a blocking GC Explicit
08-06 15:13:19.405 12162 18403 I Finsky  : [6685] dzn.a(22): Completed 0 account content syncs with 0 successful.
08-06 15:13:19.406 12162 12162 I Finsky  : [1] ContentSyncJob.a(1): [ContentSync] Installation state replication succeeded.
08-06 15:13:19.407 12162 12162 I Finsky  : [1] xlr.a(13): SCH: jobFinished: 12-1. TimeElapsed: 84ms.
08-06 15:13:19.407 12162 12162 I Finsky  : [1] xkg.a(36): SCH: Job 12-1 finished. Not rescheduling.
08-06 15:13:19.410 12162 12162 I Finsky  : [1] xkf.handleMessage(61): SCH: RunningQueue size: 0, PendingQueue size: 0
08-06 15:13:19.411 12162 12162 I Finsky  : [1] xkf.handleMessage(25): Executor finished
08-06 15:13:19.415   918  3714 I ActivityManager: Killing 31879:nappatfpr.com.newsblur/u0a704 (adj 15): empty #17
08-06 15:13:19.416 18417 18478 I art     : Explicit concurrent mark sweep GC freed 486(13KB) AllocSpace objects, 0(0B) LOS objects, 27% free, 42MB/58MB, paused 651us total 24.619ms
08-06 15:13:19.429 18417 18478 I art     : Starting a blocking GC Explicit
08-06 15:13:19.433 12162 12162 I Finsky  : [1] xmu.a(8): SCH: Jobs in database: 1-1337 3-225 3-226 24-77777777 26-1414141414 
08-06 15:13:19.435 12162 12162 I Finsky  : [1] xio.a(57): SCH: ConstraintMapping: 24-77777777,  -> L: 0ms, D: 21411492ms, C: false, I: true, N: 0
08-06 15:13:19.435 12162 12162 I Finsky  : [1] xio.a(57): SCH: ConstraintMapping: 1-1337,  -> L: 6559336ms, D: 24753478ms, C: false, I: false, N: 1
08-06 15:13:19.436 12162 12162 I Finsky  : [1] xio.a(57): SCH: ConstraintMapping: 3-225,  -> L: 0ms, D: 64537421ms, C: false, I: true, N: 2
08-06 15:13:19.436 12162 12162 I Finsky  : [1] xio.a(57): SCH: ConstraintMapping: 3-226,  -> L: 0ms, D: 64537464ms, C: true, I: true, N: 2
08-06 15:13:19.437 12162 12162 I Finsky  : [1] xio.a(57): SCH: ConstraintMapping: 26-1414141414,  -> L: 29534865ms, D: 30434865ms, C: false, I: false, N: 0
08-06 15:13:19.454 18417 18478 I art     : Explicit concurrent mark sweep GC freed 40(1744B) AllocSpace objects, 0(0B) LOS objects, 27% free, 42MB/58MB, paused 512us total 24.773ms
08-06 15:13:19.468 18417 18478 I art     : Starting a blocking GC Explicit
08-06 15:13:19.476 13866 13866 I GoogleInputMethodServic: GoogleInputMethodService.onFinishInput():3138 
08-06 15:13:19.477 13866 13866 I GoogleInputMethodServic: GoogleInputMethodService.onStartInput():1808 
08-06 15:13:19.484   918   936 I ActivityManager: Displayed baseline.io.github.project_travel_mate/.destinations.description.CityHistoryActivity: +181ms
08-06 15:13:19.491 18417 18478 I art     : Explicit concurrent mark sweep GC freed 135(2880B) AllocSpace objects, 0(0B) LOS objects, 27% free, 42MB/58MB, paused 519us total 23.191ms
08-06 15:13:19.498 12162 12162 I Finsky  : [1] xle.a(34): Cancelling existing jobscheduler jobs: 9019 9016 9015 9001 9013 9012 9018 9014 9017 
08-06 15:13:19.499 12162 12162 I Finsky  : [1] xle.a(10): Throttling wakeup for job 9000 (expected to run in 0 ms) due to recent wakeup
08-06 15:13:19.499 12162 12162 I Finsky  : [1] xle.a(27): Scheduling job Id: 9000, L: 30000, D: 21411492, C: false, I: true, N: 0
08-06 15:13:19.501 12162 12162 I Finsky  : [1] xle.a(27): Scheduling job Id: 9002, L: 6559336, D: 24753478, C: false, I: false, N: 1
08-06 15:13:19.503 12162 12162 I Finsky  : [1] xle.a(10): Throttling wakeup for job 9003 (expected to run in 0 ms) due to recent wakeup
08-06 15:13:19.503 12162 12162 I Finsky  : [1] xle.a(27): Scheduling job Id: 9003, L: 30000, D: 64537421, C: false, I: true, N: 2
08-06 15:13:19.504 12162 12162 I Finsky  : [1] xle.a(10): Throttling wakeup for job 9004 (expected to run in 0 ms) due to recent wakeup
08-06 15:13:19.505 12162 12162 I Finsky  : [1] xle.a(27): Scheduling job Id: 9004, L: 30000, D: 64537464, C: true, I: true, N: 2
08-06 15:13:19.508 12162 12162 I Finsky  : [1] xle.a(27): Scheduling job Id: 9005, L: 29534865, D: 30434865, C: false, I: false, N: 0
08-06 15:13:19.509 12162 12162 I Finsky  : [1] xle.a(10): Throttling wakeup for job 9006 (expected to run in 0 ms) due to recent wakeup
08-06 15:13:19.510 12162 12162 I Finsky  : [1] xle.a(27): Scheduling job Id: 9006, L: 30000, D: 21411492, C: false, I: true, N: 0
08-06 15:13:19.511 12162 12162 I Finsky  : [1] xle.a(27): Scheduling job Id: 9007, L: 6559336, D: 24753478, C: false, I: false, N: 1
08-06 15:13:19.514 12162 12162 I Finsky  : [1] xle.a(10): Throttling wakeup for job 9008 (expected to run in 0 ms) due to recent wakeup
08-06 15:13:19.514 12162 12162 I Finsky  : [1] xle.a(27): Scheduling job Id: 9008, L: 30000, D: 64537421, C: false, I: true, N: 2
08-06 15:13:19.516 12162 12162 I Finsky  : [1] xle.a(10): Throttling wakeup for job 9009 (expected to run in 0 ms) due to recent wakeup
08-06 15:13:19.517 12162 12162 I Finsky  : [1] xle.a(27): Scheduling job Id: 9009, L: 30000, D: 64537464, C: true, I: true, N: 2
08-06 15:13:19.518 12162 12162 I Finsky  : [1] xle.a(27): Scheduling job Id: 9010, L: 29534865, D: 30434865, C: false, I: false, N: 0
08-06 15:13:19.726   380   380 W SurfaceFlinger: couldn't log to binary event log: overflow.
08-06 15:13:19.784 18417 18478 I art     : Starting a blocking GC Explicit
08-06 15:13:19.810 14704 14704 I ServiceManager: Waiting for service AtCmdFwd...
08-06 15:13:19.810 18417 18478 I art     : Explicit concurrent mark sweep GC freed 2516(100KB) AllocSpace objects, 2(40KB) LOS objects, 27% free, 42MB/58MB, paused 482us total 25.819ms
08-06 15:13:19.824 18417 18478 I art     : Starting a blocking GC Explicit
08-06 15:13:19.855 18417 18478 I art     : Explicit concurrent mark sweep GC freed 278(4KB) AllocSpace objects, 0(0B) LOS objects, 27% free, 42MB/58MB, paused 677us total 30.113ms
08-06 15:13:19.868   512  2967 D audio_hw_primary: disable_audio_route: reset and update mixer path: low-latency-playback speaker
08-06 15:13:19.869   512  2967 D audio_hw_primary: disable_snd_device: snd_device(2: speaker)
08-06 15:13:19.869 18417 18478 I art     : Starting a blocking GC Explicit
08-06 15:13:19.877   512  2967 I soundtrigger: audio_extn_sound_trigger_update_device_status: device 0x2 of type 0 for Event 0
08-06 15:13:19.894 18417 18478 I art     : Explicit concurrent mark sweep GC freed 21(384B) AllocSpace objects, 0(0B) LOS objects, 27% free, 42MB/58MB, paused 692us total 24.406ms
08-06 15:13:19.906 18417 18478 I art     : Starting a blocking GC Explicit
08-06 15:13:19.930 18417 18478 I art     : Explicit concurrent mark sweep GC freed 141(3KB) AllocSpace objects, 0(0B) LOS objects, 27% free, 42MB/58MB, paused 674us total 24.239ms
08-06 15:13:19.943 18417 18478 I art     : Starting a blocking GC Explicit
08-06 15:13:19.968 18417 18478 I art     : Explicit concurrent mark sweep GC freed 38(1184B) AllocSpace objects, 0(0B) LOS objects, 27% free, 42MB/58MB, paused 684us total 24.722ms
08-06 15:13:20.058 18417 18814 I NAPPA_EXPERIMENTATION: MetricNetworkRequestExecutionTime: REQUEST_DURATION_SYSTEM='730',REQUEST_DURATION_OKHTTP='22',REQUEST_SYNCHRONOUS='FALSE',RESPONSE_CODE='200',RESPONSE_METHOD='GET',RESPONSE_LENGTH_OKHTTP='55024',RESPONSE_LENGTH_HEADER='55024',REQUEST_PROTOCOL='http/1.1',REQUEST_URL='https://project-travel-mate.herokuapp.com/api/get-city-information/1',
08-06 15:13:20.190 13866 13866 I GoogleInputMethodServic: GoogleInputMethodService.onFinishInput():3138 
08-06 15:13:20.190 13866 13866 I GoogleInputMethodServic: GoogleInputMethodService.onStartInput():1808 
08-06 15:13:20.266 18417 18697 I art     : Starting a blocking GC Explicit
08-06 15:13:20.299 18417 18697 I art     : Explicit concurrent mark sweep GC freed 6499(1475KB) AllocSpace objects, 25(5MB) LOS objects, 29% free, 39MB/55MB, paused 560us total 32.347ms
08-06 15:13:20.311 18417 18697 I art     : Starting a blocking GC Explicit
08-06 15:13:20.337 18417 18697 I art     : Explicit concurrent mark sweep GC freed 1188(121KB) AllocSpace objects, 0(0B) LOS objects, 29% free, 38MB/54MB, paused 497us total 25.485ms
08-06 15:13:20.349 18417 18697 I art     : Starting a blocking GC Explicit
08-06 15:13:20.376 18417 18697 I art     : Explicit concurrent mark sweep GC freed 147(2496B) AllocSpace objects, 0(0B) LOS objects, 29% free, 38MB/54MB, paused 411us total 26.873ms
08-06 15:13:20.388 18417 18697 I art     : Starting a blocking GC Explicit
08-06 15:13:20.416 18417 18697 I art     : Explicit concurrent mark sweep GC freed 219(3KB) AllocSpace objects, 0(0B) LOS objects, 29% free, 38MB/54MB, paused 412us total 27.261ms
08-06 15:13:20.428 18417 18697 I art     : Starting a blocking GC Explicit
08-06 15:13:20.457 18417 18697 I art     : Explicit concurrent mark sweep GC freed 147(2496B) AllocSpace objects, 0(0B) LOS objects, 29% free, 38MB/54MB, paused 554us total 28.704ms
08-06 15:13:20.783 18417 18430 I art     : Starting a blocking GC Explicit
08-06 15:13:20.810 14704 14704 I ServiceManager: Waiting for service AtCmdFwd...
08-06 15:13:20.812 18417 18430 I art     : Explicit concurrent mark sweep GC freed 2965(108KB) AllocSpace objects, 2(40KB) LOS objects, 29% free, 38MB/54MB, paused 527us total 29.123ms
08-06 15:13:20.825 18417 18430 I art     : Starting a blocking GC Explicit
08-06 15:13:20.853 18417 18430 I art     : Explicit concurrent mark sweep GC freed 215(3KB) AllocSpace objects, 0(0B) LOS objects, 29% free, 38MB/54MB, paused 413us total 27.952ms
08-06 15:13:20.865 18417 18430 I art     : Starting a blocking GC Explicit
08-06 15:13:20.894 18417 18430 I art     : Explicit concurrent mark sweep GC freed 147(2496B) AllocSpace objects, 0(0B) LOS objects, 29% free, 38MB/54MB, paused 441us total 28.337ms
08-06 15:13:20.907 18417 18430 I art     : Starting a blocking GC Explicit
08-06 15:13:20.935 18417 18430 I art     : Explicit concurrent mark sweep GC freed 219(3KB) AllocSpace objects, 0(0B) LOS objects, 29% free, 38MB/54MB, paused 409us total 27.158ms
08-06 15:13:20.948 18417 18430 I art     : Starting a blocking GC Explicit
08-06 15:13:20.979 18417 18430 I art     : Explicit concurrent mark sweep GC freed 176(3024B) AllocSpace objects, 0(0B) LOS objects, 29% free, 38MB/54MB, paused 500us total 31.314ms
08-06 15:13:21.166   518   646 I ThermalEngine: ACTION: GPU - Setting GPU[0] to 450000000
08-06 15:13:21.372 18417 18697 I art     : Starting a blocking GC Explicit
08-06 15:13:21.412 18417 18697 I art     : Explicit concurrent mark sweep GC freed 3301(114KB) AllocSpace objects, 2(40KB) LOS objects, 29% free, 38MB/54MB, paused 556us total 39.478ms
08-06 15:13:21.432 18417 18697 I art     : Starting a blocking GC Explicit
08-06 15:13:21.467 18417 18697 I art     : Explicit concurrent mark sweep GC freed 310(5KB) AllocSpace objects, 0(0B) LOS objects, 29% free, 38MB/54MB, paused 545us total 34.876ms
08-06 15:13:21.483 18417 18697 I art     : Starting a blocking GC Explicit
08-06 15:13:21.519 18417 18697 I art     : Explicit concurrent mark sweep GC freed 219(3KB) AllocSpace objects, 0(0B) LOS objects, 29% free, 38MB/54MB, paused 674us total 35.651ms
08-06 15:13:21.535 18417 18697 I art     : Starting a blocking GC Explicit
08-06 15:13:21.571 18417 18697 I art     : Explicit concurrent mark sweep GC freed 219(3KB) AllocSpace objects, 0(0B) LOS objects, 29% free, 38MB/54MB, paused 569us total 35.677ms
08-06 15:13:21.587 18417 18697 I art     : Starting a blocking GC Explicit
08-06 15:13:21.622 18417 18697 I art     : Explicit concurrent mark sweep GC freed 219(3KB) AllocSpace objects, 0(0B) LOS objects, 29% free, 38MB/54MB, paused 566us total 34.184ms
08-06 15:13:21.811 14704 14704 I ServiceManager: Waiting for service AtCmdFwd...
08-06 15:13:22.011 18417 18430 I art     : Starting a blocking GC Explicit
08-06 15:13:22.051 18417 18430 I art     : Explicit concurrent mark sweep GC freed 3311(114KB) AllocSpace objects, 2(40KB) LOS objects, 29% free, 38MB/54MB, paused 607us total 39.721ms
08-06 15:13:22.070 18417 18430 I art     : Starting a blocking GC Explicit
08-06 15:13:22.105 18417 18430 I art     : Explicit concurrent mark sweep GC freed 255(5KB) AllocSpace objects, 0(0B) LOS objects, 29% free, 38MB/54MB, paused 529us total 34.530ms
08-06 15:13:22.121 18417 18430 I art     : Starting a blocking GC Explicit
08-06 15:13:22.157 18417 18430 I art     : Explicit concurrent mark sweep GC freed 219(3KB) AllocSpace objects, 0(0B) LOS objects, 29% free, 38MB/54MB, paused 552us total 35.817ms
08-06 15:13:22.173 18417 18430 I art     : Starting a blocking GC Explicit
08-06 15:13:22.210 18417 18430 I art     : Explicit concurrent mark sweep GC freed 219(3KB) AllocSpace objects, 0(0B) LOS objects, 29% free, 38MB/54MB, paused 542us total 36.651ms
08-06 15:13:22.226 18417 18430 I art     : Starting a blocking GC Explicit
08-06 15:13:22.263 18417 18430 I art     : Explicit concurrent mark sweep GC freed 219(3KB) AllocSpace objects, 0(0B) LOS objects, 29% free, 38MB/54MB, paused 673us total 36.588ms
08-06 15:13:22.666 18417 18478 I art     : Starting a blocking GC Explicit
08-06 15:13:22.704 18417 18478 I art     : Explicit concurrent mark sweep GC freed 3373(114KB) AllocSpace objects, 2(40KB) LOS objects, 29% free, 38MB/54MB, paused 535us total 37.548ms
08-06 15:13:22.721 18417 18478 I art     : Starting a blocking GC Explicit
08-06 15:13:22.758 18417 18478 I art     : Explicit concurrent mark sweep GC freed 238(4KB) AllocSpace objects, 0(0B) LOS objects, 29% free, 38MB/54MB, paused 555us total 36.733ms
08-06 15:13:22.774 18417 18478 I art     : Starting a blocking GC Explicit
08-06 15:13:22.811 14704 14704 W Atfwd_Sendcmd: AtCmdFwd service not published, waiting... retryCnt : 4
08-06 15:13:22.812 18417 18478 I art     : Explicit concurrent mark sweep GC freed 219(3KB) AllocSpace objects, 0(0B) LOS objects, 29% free, 38MB/54MB, paused 540us total 37.931ms
08-06 15:13:22.829 18417 18478 I art     : Starting a blocking GC Explicit
08-06 15:13:22.867 18417 18478 I art     : Explicit concurrent mark sweep GC freed 275(4KB) AllocSpace objects, 0(0B) LOS objects, 29% free, 38MB/54MB, paused 758us total 37.712ms
08-06 15:13:22.883 18417 18478 I art     : Starting a blocking GC Explicit
08-06 15:13:22.921 18417 18478 I art     : Explicit concurrent mark sweep GC freed 235(3KB) AllocSpace objects, 0(0B) LOS objects, 29% free, 38MB/54MB, paused 564us total 37.714ms
08-06 15:13:23.006   507   904 D MDnsDS  : MDnsSdListener::Monitor poll timed out
08-06 15:13:23.007   507   904 D MDnsDS  : Going to poll with pollCount 1
08-06 15:13:23.141   918  3261 D WifiStateMachine: starting scan for "H369AA63323"WPA_PSK with 2412,5180
08-06 15:13:23.320 18417 18429 I art     : Starting a blocking GC Explicit
08-06 15:13:23.359 18417 18429 I art     : Explicit concurrent mark sweep GC freed 3300(113KB) AllocSpace objects, 2(40KB) LOS objects, 29% free, 38MB/54MB, paused 570us total 38.380ms
08-06 15:13:23.375 18417 18429 I art     : Starting a blocking GC Explicit
08-06 15:13:23.412 18417 18429 I art     : Explicit concurrent mark sweep GC freed 238(4KB) AllocSpace objects, 0(0B) LOS objects, 29% free, 38MB/54MB, paused 560us total 36.810ms
08-06 15:13:23.429 18417 18429 I art     : Starting a blocking GC Explicit
08-06 15:13:23.465 18417 18429 I art     : Explicit concurrent mark sweep GC freed 234(3KB) AllocSpace objects, 0(0B) LOS objects, 29% free, 38MB/54MB, paused 704us total 36.074ms
08-06 15:13:23.482 18417 18429 I art     : Starting a blocking GC Explicit
08-06 15:13:23.520 18417 18429 I art     : Explicit concurrent mark sweep GC freed 275(4KB) AllocSpace objects, 0(0B) LOS objects, 29% free, 38MB/54MB, paused 570us total 37.462ms
08-06 15:13:23.536 18417 18429 I art     : Starting a blocking GC Explicit
08-06 15:13:23.570 18417 18429 I art     : Explicit concurrent mark sweep GC freed 220(3KB) AllocSpace objects, 0(0B) LOS objects, 29% free, 38MB/54MB, paused 526us total 33.621ms
08-06 15:13:23.797   918  1210 D NetlinkSocketObserver: NeighborEvent{elapsedMs=1873407672, 192.168.2.254, [7C3953A63323], RTM_NEWNEIGH, NUD_PROBE}
08-06 15:13:23.948 18417 18697 I art     : Starting a blocking GC Explicit
08-06 15:13:23.986 18417 18697 I art     : Explicit concurrent mark sweep GC freed 3201(112KB) AllocSpace objects, 2(40KB) LOS objects, 29% free, 38MB/54MB, paused 644us total 37.485ms
08-06 15:13:24.005 18417 18697 I art     : Starting a blocking GC Explicit
08-06 15:13:24.040 18417 18697 I art     : Explicit concurrent mark sweep GC freed 246(4KB) AllocSpace objects, 0(0B) LOS objects, 29% free, 38MB/54MB, paused 622us total 34.119ms
08-06 15:13:24.055 18417 18697 I art     : Starting a blocking GC Explicit
08-06 15:13:24.090 18417 18697 I art     : Explicit concurrent mark sweep GC freed 222(3KB) AllocSpace objects, 0(0B) LOS objects, 29% free, 38MB/54MB, paused 629us total 34.115ms
08-06 15:13:24.097 18887 18887 D AndroidRuntime: >>>>>> START com.android.internal.os.RuntimeInit uid 2000 <<<<<<
08-06 15:13:24.103 18887 18887 D AndroidRuntime: CheckJNI is OFF
08-06 15:13:24.106 18417 18697 I art     : Starting a blocking GC Explicit
08-06 15:13:24.140 18417 18697 I art     : Explicit concurrent mark sweep GC freed 236(3KB) AllocSpace objects, 0(0B) LOS objects, 29% free, 38MB/54MB, paused 578us total 34.071ms
08-06 15:13:24.147 18887 18887 D ICU     : No timezone override file found: /data/misc/zoneinfo/current/icu/icu_tzdata.dat
08-06 15:13:24.156 18417 18697 I art     : Starting a blocking GC Explicit
08-06 15:13:24.168   518   646 I ThermalEngine: ACTION: GPU - Setting GPU[0] to 510000000
08-06 15:13:24.190 18417 18697 I art     : Explicit concurrent mark sweep GC freed 212(3KB) AllocSpace objects, 0(0B) LOS objects, 29% free, 38MB/54MB, paused 649us total 33.302ms
08-06 15:13:24.193 18887 18887 I Radio-JNI: register_android_hardware_Radio DONE
08-06 15:13:24.219 18887 18887 D AndroidRuntime: Calling main entry com.android.commands.input.Input
08-06 15:13:24.221 18887 18887 I Input   : injectKeyEvent: KeyEvent { action=ACTION_DOWN, keyCode=KEYCODE_BACK, scanCode=0, metaState=0, flags=0x0, repeatCount=0, eventTime=890020634, downTime=890020634, deviceId=-1, source=0x101 }
08-06 15:13:24.227 18887 18887 I Input   : injectKeyEvent: KeyEvent { action=ACTION_UP, keyCode=KEYCODE_BACK, scanCode=0, metaState=0, flags=0x0, repeatCount=0, eventTime=890020634, downTime=890020634, deviceId=-1, source=0x101 }
08-06 15:13:24.234 18887 18887 D AndroidRuntime: Shutting down VM
08-06 15:13:24.273 13866 13866 I GoogleInputMethodServic: GoogleInputMethodService.onFinishInput():3138 
08-06 15:13:24.274 13866 13866 I GoogleInputMethodServic: GoogleInputMethodService.onStartInput():1808 
08-06 15:13:24.487 18417 18430 I art     : Starting a blocking GC Explicit
08-06 15:13:24.521 18417 18430 I art     : Explicit concurrent mark sweep GC freed 2981(110KB) AllocSpace objects, 2(40KB) LOS objects, 29% free, 38MB/54MB, paused 598us total 33.880ms
08-06 15:13:24.537 18417 18430 I art     : Starting a blocking GC Explicit
08-06 15:13:24.564 18417 18430 I art     : Explicit concurrent mark sweep GC freed 170(3KB) AllocSpace objects, 0(0B) LOS objects, 29% free, 38MB/54MB, paused 380us total 27.031ms
08-06 15:13:24.564   380   380 W SurfaceFlinger: couldn't log to binary event log: overflow.
08-06 15:13:24.580 18417 18430 I art     : Starting a blocking GC Explicit
08-06 15:13:24.605 18417 18430 I art     : Explicit concurrent mark sweep GC freed 195(3KB) AllocSpace objects, 1(188KB) LOS objects, 29% free, 38MB/54MB, paused 425us total 24.706ms
08-06 15:13:24.617 18417 18430 I art     : Starting a blocking GC Explicit
08-06 15:13:24.642 18417 18430 I art     : Explicit concurrent mark sweep GC freed 4772(340KB) AllocSpace objects, 7(132KB) LOS objects, 29% free, 38MB/54MB, paused 396us total 24.160ms
08-06 15:13:24.653 18417 18430 I art     : Starting a blocking GC Explicit
08-06 15:13:24.678 18417 18430 I art     : Explicit concurrent mark sweep GC freed 99(1696B) AllocSpace objects, 0(0B) LOS objects, 29% free, 38MB/54MB, paused 397us total 25.122ms
08-06 15:13:25.017 18417 18429 I art     : Starting a blocking GC Explicit
08-06 15:13:25.046 18417 18429 I art     : Explicit concurrent mark sweep GC freed 2507(101KB) AllocSpace objects, 2(40KB) LOS objects, 29% free, 38MB/54MB, paused 386us total 28.891ms
08-06 15:13:25.058 18417 18429 I art     : Starting a blocking GC Explicit
08-06 15:13:25.083 18417 18429 I art     : Explicit concurrent mark sweep GC freed 132(3008B) AllocSpace objects, 0(0B) LOS objects, 29% free, 38MB/54MB, paused 515us total 24.997ms
08-06 15:13:25.095 18417 18429 I art     : Starting a blocking GC Explicit
08-06 15:13:25.120 18417 18429 I art     : Explicit concurrent mark sweep GC freed 144(2448B) AllocSpace objects, 0(0B) LOS objects, 29% free, 38MB/54MB, paused 399us total 25.119ms
08-06 15:13:25.132 18417 18429 I art     : Starting a blocking GC Explicit
08-06 15:13:25.159 18417 18429 I art     : Explicit concurrent mark sweep GC freed 98(1664B) AllocSpace objects, 0(0B) LOS objects, 29% free, 38MB/54MB, paused 427us total 26.056ms
08-06 15:13:25.171 18417 18429 I art     : Starting a blocking GC Explicit
08-06 15:13:25.197 18417 18429 I art     : Explicit concurrent mark sweep GC freed 100(1728B) AllocSpace objects, 0(0B) LOS objects, 29% free, 38MB/54MB, paused 462us total 25.697ms
08-06 15:13:25.524 18417 18478 I art     : Starting a blocking GC Explicit
08-06 15:13:25.550 18417 18478 I art     : Explicit concurrent mark sweep GC freed 2436(99KB) AllocSpace objects, 2(40KB) LOS objects, 29% free, 38MB/54MB, paused 416us total 25.215ms
08-06 15:13:25.562 18417 18478 I art     : Starting a blocking GC Explicit
08-06 15:13:25.587 18417 18478 I art     : Explicit concurrent mark sweep GC freed 166(3KB) AllocSpace objects, 0(0B) LOS objects, 29% free, 38MB/54MB, paused 571us total 24.886ms
08-06 15:13:25.599 18417 18478 I art     : Starting a blocking GC Explicit
08-06 15:13:25.624 18417 18478 I art     : Explicit concurrent mark sweep GC freed 98(1664B) AllocSpace objects, 0(0B) LOS objects, 29% free, 38MB/54MB, paused 428us total 25.119ms
08-06 15:13:25.636 18417 18478 I art     : Starting a blocking GC Explicit
08-06 15:13:25.661 18417 18478 I art     : Explicit concurrent mark sweep GC freed 100(1728B) AllocSpace objects, 0(0B) LOS objects, 29% free, 38MB/54MB, paused 405us total 24.709ms
08-06 15:13:25.673 18417 18478 I art     : Starting a blocking GC Explicit
08-06 15:13:25.698 18417 18478 I art     : Explicit concurrent mark sweep GC freed 99(1696B) AllocSpace objects, 0(0B) LOS objects, 29% free, 38MB/54MB, paused 470us total 24.797ms
08-06 15:13:25.887 18940 18940 D AndroidRuntime: >>>>>> START com.android.internal.os.RuntimeInit uid 2000 <<<<<<
08-06 15:13:25.892 18940 18940 D AndroidRuntime: CheckJNI is OFF
08-06 15:13:25.922 18940 18940 D ICU     : No timezone override file found: /data/misc/zoneinfo/current/icu/icu_tzdata.dat
08-06 15:13:25.956 18940 18940 I Radio-JNI: register_android_hardware_Radio DONE
08-06 15:13:25.977 18940 18940 D AndroidRuntime: Calling main entry com.android.commands.input.Input
08-06 15:13:25.979 18940 18940 I Input   : injectMotionEvent: MotionEvent { action=ACTION_DOWN, actionButton=0, id[0]=0, x[0]=504.0, y[0]=1706.0, toolType[0]=TOOL_TYPE_UNKNOWN, buttonState=0, metaState=0, flags=0x0, edgeFlags=0x0, pointerCount=1, historySize=0, eventTime=890022392, downTime=890022392, deviceId=0, source=0x1002 }
08-06 15:13:25.984 18940 18940 I Input   : injectMotionEvent: MotionEvent { action=ACTION_UP, actionButton=0, id[0]=0, x[0]=504.0, y[0]=1706.0, toolType[0]=TOOL_TYPE_UNKNOWN, buttonState=0, metaState=0, flags=0x0, edgeFlags=0x0, pointerCount=1, historySize=0, eventTime=890022392, downTime=890022392, deviceId=0, source=0x1002 }
08-06 15:13:25.985 18940 18940 D AndroidRuntime: Shutting down VM
08-06 15:13:25.987   512  2967 D audio_hw_primary: out_set_parameters: enter: usecase(1: low-latency-playback) kvpairs: routing=2
08-06 15:13:25.989   918  4413 I ActivityManager: START u0 {cmp=baseline.io.github.project_travel_mate/.destinations.funfacts.FunFactsActivity (has extras)} from uid 10696 on display 0
08-06 15:13:26.000   512  2967 D audio_hw_primary: select_devices: out_snd_device(2: speaker) in_snd_device(0: none)
08-06 15:13:26.000   512  2967 D msm8974_platform: platform_send_audio_calibration: sending audio calibration for snd_device(2) acdb_id(15)
08-06 15:13:26.001   512  2967 I soundtrigger: audio_extn_sound_trigger_update_device_status: device 0x2 of type 0 for Event 1
08-06 15:13:26.009 18417 18498 D Gabe    : call	returning from cache
08-06 15:13:26.011   512  2967 D audio_hw_primary: enable_snd_device: snd_device(2: speaker)
08-06 15:13:26.011 18417 18417 V EXECUTING: https://project-travel-mate.herokuapp.com/api/get-city-facts/1
08-06 15:13:26.013   512  2967 D audio_hw_primary: enable_audio_route: apply and update mixer path: low-latency-playback speaker
08-06 15:13:26.038 18417 18429 I art     : Starting a blocking GC Explicit
08-06 15:13:26.063 18417 18429 I art     : Explicit concurrent mark sweep GC freed 4406(284KB) AllocSpace objects, 2(40KB) LOS objects, 27% free, 42MB/58MB, paused 706us total 24.525ms
08-06 15:13:26.076 18417 18429 I art     : Starting a blocking GC Explicit
08-06 15:13:26.101 18417 18429 I art     : Explicit concurrent mark sweep GC freed 219(11KB) AllocSpace objects, 0(0B) LOS objects, 27% free, 42MB/58MB, paused 634us total 24.852ms
08-06 15:13:26.113 18417 18429 I art     : Starting a blocking GC Explicit
08-06 15:13:26.131   918   936 I ActivityManager: Displayed baseline.io.github.project_travel_mate/.destinations.funfacts.FunFactsActivity: +135ms
08-06 15:13:26.131 13866 13866 I GoogleInputMethodServic: GoogleInputMethodService.onFinishInput():3138 
08-06 15:13:26.131 13866 13866 I GoogleInputMethodServic: GoogleInputMethodService.onStartInput():1808 
08-06 15:13:26.138 18417 18429 I art     : Explicit concurrent mark sweep GC freed 125(2496B) AllocSpace objects, 0(0B) LOS objects, 27% free, 42MB/58MB, paused 660us total 24.534ms
08-06 15:13:26.151 18417 18429 I art     : Starting a blocking GC Explicit
08-06 15:13:26.178 18417 18429 I art     : Explicit concurrent mark sweep GC freed 31(704B) AllocSpace objects, 0(0B) LOS objects, 27% free, 42MB/58MB, paused 719us total 27.276ms
08-06 15:13:26.191 18417 18429 I art     : Starting a blocking GC Explicit
08-06 15:13:26.218 18417 18429 I art     : Explicit concurrent mark sweep GC freed 120(2048B) AllocSpace objects, 0(0B) LOS objects, 27% free, 42MB/58MB, paused 582us total 26.724ms
08-06 15:13:26.367   380   380 W SurfaceFlinger: couldn't log to binary event log: overflow.
08-06 15:13:26.514 18417 18697 I art     : Starting a blocking GC Explicit
08-06 15:13:26.541 18417 18697 I art     : Explicit concurrent mark sweep GC freed 2652(103KB) AllocSpace objects, 2(40KB) LOS objects, 27% free, 42MB/58MB, paused 564us total 26.590ms
08-06 15:13:26.548   512  2967 D audio_hw_primary: disable_audio_route: reset and update mixer path: low-latency-playback speaker
08-06 15:13:26.549   512  2967 D audio_hw_primary: disable_snd_device: snd_device(2: speaker)
08-06 15:13:26.553 18417 18697 I art     : Starting a blocking GC Explicit
08-06 15:13:26.556   512  2967 I soundtrigger: audio_extn_sound_trigger_update_device_status: device 0x2 of type 0 for Event 0
08-06 15:13:26.578 18417 18697 I art     : Explicit concurrent mark sweep GC freed 47(1392B) AllocSpace objects, 0(0B) LOS objects, 27% free, 42MB/58MB, paused 687us total 24.566ms
08-06 15:13:26.589 18417 18697 I art     : Starting a blocking GC Explicit
08-06 15:13:26.614 18417 18697 I art     : Explicit concurrent mark sweep GC freed 153(3KB) AllocSpace objects, 0(0B) LOS objects, 27% free, 42MB/58MB, paused 600us total 24.685ms
08-06 15:13:26.627 18417 18697 I art     : Starting a blocking GC Explicit
08-06 15:13:26.651 18417 18697 I art     : Explicit concurrent mark sweep GC freed 21(384B) AllocSpace objects, 0(0B) LOS objects, 27% free, 42MB/58MB, paused 682us total 24.472ms
08-06 15:13:26.663 18417 18697 I art     : Starting a blocking GC Explicit
08-06 15:13:26.687 18417 18697 I art     : Explicit concurrent mark sweep GC freed 129(2176B) AllocSpace objects, 0(0B) LOS objects, 27% free, 42MB/58MB, paused 554us total 24.618ms
08-06 15:13:26.832 18417 18964 I NAPPA_EXPERIMENTATION: MetricNetworkRequestExecutionTime: REQUEST_DURATION_SYSTEM='820',REQUEST_DURATION_OKHTTP='39',REQUEST_SYNCHRONOUS='FALSE',RESPONSE_CODE='200',RESPONSE_METHOD='GET',RESPONSE_LENGTH_OKHTTP='1793',RESPONSE_LENGTH_HEADER='1793',REQUEST_PROTOCOL='http/1.1',REQUEST_URL='https://project-travel-mate.herokuapp.com/api/get-city-facts/1',
08-06 15:13:26.835 18417 18964 V EXECUTING: https://project-travel-mate.herokuapp.com/api/get-city-images/1
08-06 15:13:26.984 18417 18429 I art     : Starting a blocking GC Explicit
08-06 15:13:27.010 18417 18429 I art     : Explicit concurrent mark sweep GC freed 5423(277KB) AllocSpace objects, 5(240KB) LOS objects, 26% free, 43MB/59MB, paused 612us total 26.116ms
08-06 15:13:27.022 18417 18429 I art     : Starting a blocking GC Explicit
08-06 15:13:27.046 18417 18429 I art     : Explicit concurrent mark sweep GC freed 1087(119KB) AllocSpace objects, 0(0B) LOS objects, 27% free, 43MB/59MB, paused 751us total 24.510ms
08-06 15:13:27.058 18417 18429 I art     : Starting a blocking GC Explicit
08-06 15:13:27.083 18417 18429 I art     : Explicit concurrent mark sweep GC freed 131(2192B) AllocSpace objects, 0(0B) LOS objects, 27% free, 43MB/59MB, paused 634us total 24.347ms
08-06 15:13:27.095 18417 18429 I art     : Starting a blocking GC Explicit
08-06 15:13:27.120 18417 18429 I art     : Explicit concurrent mark sweep GC freed 17(320B) AllocSpace objects, 0(0B) LOS objects, 27% free, 43MB/59MB, paused 448us total 24.417ms
08-06 15:13:27.131 18417 18429 I art     : Starting a blocking GC Explicit
08-06 15:13:27.157 18417 18429 I art     : Explicit concurrent mark sweep GC freed 132(2208B) AllocSpace objects, 0(0B) LOS objects, 27% free, 43MB/59MB, paused 689us total 25.289ms
08-06 15:13:27.174   518   646 I ThermalEngine: ACTION: GPU - Setting GPU[0] to 450000000
08-06 15:13:27.341 18417 18980 I NAPPA_EXPERIMENTATION: MetricNetworkRequestExecutionTime: REQUEST_DURATION_SYSTEM='505',REQUEST_DURATION_OKHTTP='34',REQUEST_SYNCHRONOUS='FALSE',RESPONSE_CODE='200',RESPONSE_METHOD='GET',RESPONSE_LENGTH_OKHTTP='183',RESPONSE_LENGTH_HEADER='183',REQUEST_PROTOCOL='http/1.1',REQUEST_URL='https://project-travel-mate.herokuapp.com/api/get-city-images/1',
08-06 15:13:27.379 18417 18980 V RESPONSE: [{"id":17,"image_url":"https://upload.wikimedia.org/wikipedia/commons/9/94/%E0%B4%96%E0%B5%81%E0%B4%A4%E0%B5%8D%E0%B4%AC%E0%B5%8D_%E0%B4%AE%E0%B4%BF%E0%B4%A8%E0%B4%BE%E0%B5%BC1.jpg"}]
08-06 15:13:27.490 18417 18430 I art     : Starting a blocking GC Explicit
08-06 15:13:27.524 18417 18430 I art     : Explicit concurrent mark sweep GC freed 8243(437KB) AllocSpace objects, 5(240KB) LOS objects, 26% free, 43MB/59MB, paused 653us total 34.324ms
08-06 15:13:27.541 18417 18430 I art     : Starting a blocking GC Explicit
08-06 15:13:27.578 18417 18430 I art     : Explicit concurrent mark sweep GC freed 1092(124KB) AllocSpace objects, 1(4MB) LOS objects, 28% free, 39MB/55MB, paused 673us total 36.882ms
08-06 15:13:27.595 18417 18430 I art     : Starting a blocking GC Explicit
08-06 15:13:27.628 18417 18430 I art     : Explicit concurrent mark sweep GC freed 291(4KB) AllocSpace objects, 0(0B) LOS objects, 28% free, 39MB/55MB, paused 880us total 32.638ms
08-06 15:13:27.644 18417 18430 I art     : Starting a blocking GC Explicit
08-06 15:13:27.681 18417 18430 I art     : Explicit concurrent mark sweep GC freed 237(4KB) AllocSpace objects, 0(0B) LOS objects, 28% free, 39MB/55MB, paused 610us total 36.183ms
08-06 15:13:27.697 18417 18430 I art     : Starting a blocking GC Explicit
08-06 15:13:27.737 18417 18430 I art     : Explicit concurrent mark sweep GC freed 240(3KB) AllocSpace objects, 0(0B) LOS objects, 28% free, 39MB/55MB, paused 850us total 39.746ms
08-06 15:13:28.142 18417 18429 I art     : Starting a blocking GC Explicit
08-06 15:13:28.181 18417 18429 I art     : Explicit concurrent mark sweep GC freed 3383(115KB) AllocSpace objects, 2(40KB) LOS objects, 28% free, 39MB/55MB, paused 640us total 38.999ms
08-06 15:13:28.200 18417 18429 I art     : Starting a blocking GC Explicit
08-06 15:13:28.236 18417 18429 I art     : Explicit concurrent mark sweep GC freed 254(5KB) AllocSpace objects, 0(0B) LOS objects, 28% free, 39MB/55MB, paused 608us total 35.622ms
08-06 15:13:28.253 18417 18429 I art     : Starting a blocking GC Explicit
08-06 15:13:28.286 18417 18429 I art     : Explicit concurrent mark sweep GC freed 218(3KB) AllocSpace objects, 0(0B) LOS objects, 28% free, 39MB/55MB, paused 677us total 33.462ms
08-06 15:13:28.303 18417 18429 I art     : Starting a blocking GC Explicit
08-06 15:13:28.338 18417 18429 I art     : Explicit concurrent mark sweep GC freed 245(4KB) AllocSpace objects, 0(0B) LOS objects, 28% free, 39MB/55MB, paused 713us total 34.256ms
08-06 15:13:28.354 18417 18429 I art     : Starting a blocking GC Explicit
08-06 15:13:28.388 18417 18429 I art     : Explicit concurrent mark sweep GC freed 214(3KB) AllocSpace objects, 0(0B) LOS objects, 28% free, 39MB/55MB, paused 689us total 33.271ms
08-06 15:13:28.765 19009 19009 D AndroidRuntime: >>>>>> START com.android.internal.os.RuntimeInit uid 2000 <<<<<<
08-06 15:13:28.771 19009 19009 D AndroidRuntime: CheckJNI is OFF
08-06 15:13:28.789 18417 18478 I art     : Starting a blocking GC Explicit
08-06 15:13:28.816 19009 19009 D ICU     : No timezone override file found: /data/misc/zoneinfo/current/icu/icu_tzdata.dat
08-06 15:13:28.827 18417 18478 I art     : Explicit concurrent mark sweep GC freed 3351(114KB) AllocSpace objects, 2(40KB) LOS objects, 28% free, 39MB/55MB, paused 646us total 37.206ms
08-06 15:13:28.844 18417 18478 I art     : Starting a blocking GC Explicit
08-06 15:13:28.863 19009 19009 I Radio-JNI: register_android_hardware_Radio DONE
08-06 15:13:28.879 18417 18478 I art     : Explicit concurrent mark sweep GC freed 238(4KB) AllocSpace objects, 0(0B) LOS objects, 28% free, 39MB/55MB, paused 626us total 35.625ms
08-06 15:13:28.893 19009 19009 D AndroidRuntime: Calling main entry com.android.commands.input.Input
08-06 15:13:28.895 19009 19009 I Input   : injectKeyEvent: KeyEvent { action=ACTION_DOWN, keyCode=KEYCODE_BACK, scanCode=0, metaState=0, flags=0x0, repeatCount=0, eventTime=890025308, downTime=890025308, deviceId=-1, source=0x101 }
08-06 15:13:28.896 18417 18478 I art     : Starting a blocking GC Explicit
08-06 15:13:28.902 19009 19009 I Input   : injectKeyEvent: KeyEvent { action=ACTION_UP, keyCode=KEYCODE_BACK, scanCode=0, metaState=0, flags=0x0, repeatCount=0, eventTime=890025308, downTime=890025308, deviceId=-1, source=0x101 }
08-06 15:13:28.912 19009 19009 D AndroidRuntime: Shutting down VM
08-06 15:13:28.929 18417 18478 I art     : Explicit concurrent mark sweep GC freed 271(5KB) AllocSpace objects, 0(0B) LOS objects, 28% free, 39MB/55MB, paused 663us total 32.946ms
08-06 15:13:28.945 18417 18478 I art     : Starting a blocking GC Explicit
08-06 15:13:28.947 13866 13866 I GoogleInputMethodServic: GoogleInputMethodService.onFinishInput():3138 
08-06 15:13:28.948 13866 13866 I GoogleInputMethodServic: GoogleInputMethodService.onStartInput():1808 
08-06 15:13:28.977 18417 18478 I art     : Explicit concurrent mark sweep GC freed 268(5KB) AllocSpace objects, 0(0B) LOS objects, 28% free, 39MB/55MB, paused 689us total 31.680ms
08-06 15:13:28.993 18417 18478 I art     : Starting a blocking GC Explicit
08-06 15:13:29.024 18417 18478 I art     : Explicit concurrent mark sweep GC freed 226(3KB) AllocSpace objects, 0(0B) LOS objects, 28% free, 39MB/55MB, paused 576us total 30.156ms
08-06 15:13:29.237   380   380 W SurfaceFlinger: couldn't log to binary event log: overflow.
08-06 15:13:29.385 18417 18697 I art     : Starting a blocking GC Explicit
08-06 15:13:29.425 18417 18697 I art     : Explicit concurrent mark sweep GC freed 3640(143KB) AllocSpace objects, 5(684KB) LOS objects, 29% free, 38MB/54MB, paused 705us total 39.129ms
08-06 15:13:29.441 18417 18697 I art     : Starting a blocking GC Explicit
08-06 15:13:29.475 18417 18697 I art     : Explicit concurrent mark sweep GC freed 5626(269KB) AllocSpace objects, 1(28KB) LOS objects, 29% free, 38MB/54MB, paused 590us total 33.535ms
08-06 15:13:29.491 18417 18697 I art     : Starting a blocking GC Explicit
08-06 15:13:29.525 18417 18697 I art     : Explicit concurrent mark sweep GC freed 147(2496B) AllocSpace objects, 0(0B) LOS objects, 29% free, 38MB/54MB, paused 601us total 33.447ms
08-06 15:13:29.541 18417 18697 I art     : Starting a blocking GC Explicit
08-06 15:13:29.574 18417 18697 I art     : Explicit concurrent mark sweep GC freed 146(2464B) AllocSpace objects, 0(0B) LOS objects, 29% free, 38MB/54MB, paused 610us total 32.984ms
08-06 15:13:29.591 18417 18697 I art     : Starting a blocking GC Explicit
08-06 15:13:29.625 18417 18697 I art     : Explicit concurrent mark sweep GC freed 147(2496B) AllocSpace objects, 0(0B) LOS objects, 29% free, 38MB/54MB, paused 618us total 33.424ms
08-06 15:13:29.991 18417 18429 I art     : Starting a blocking GC Explicit
08-06 15:13:30.026 18417 18429 I art     : Explicit concurrent mark sweep GC freed 2582(101KB) AllocSpace objects, 2(40KB) LOS objects, 29% free, 38MB/54MB, paused 596us total 34.794ms
08-06 15:13:30.044 18417 18429 I art     : Starting a blocking GC Explicit
08-06 15:13:30.076 18417 18429 I art     : Explicit concurrent mark sweep GC freed 166(3KB) AllocSpace objects, 0(0B) LOS objects, 29% free, 38MB/54MB, paused 596us total 31.491ms
08-06 15:13:30.092 18417 18429 I art     : Starting a blocking GC Explicit
08-06 15:13:30.124 18417 18429 I art     : Explicit concurrent mark sweep GC freed 126(2144B) AllocSpace objects, 0(0B) LOS objects, 29% free, 38MB/54MB, paused 709us total 31.249ms
08-06 15:13:30.141 18417 18429 I art     : Starting a blocking GC Explicit
08-06 15:13:30.172 18417 18429 I art     : Explicit concurrent mark sweep GC freed 121(2080B) AllocSpace objects, 0(0B) LOS objects, 29% free, 38MB/54MB, paused 601us total 30.973ms
08-06 15:13:30.188 18417 18429 I art     : Starting a blocking GC Explicit
08-06 15:13:30.220 18417 18429 I art     : Explicit concurrent mark sweep GC freed 146(2464B) AllocSpace objects, 0(0B) LOS objects, 29% free, 38MB/54MB, paused 612us total 32.127ms
08-06 15:13:30.576 18417 18430 I art     : Starting a blocking GC Explicit
08-06 15:13:30.612 18417 18430 I art     : Explicit concurrent mark sweep GC freed 2564(101KB) AllocSpace objects, 2(40KB) LOS objects, 29% free, 38MB/54MB, paused 695us total 35.444ms
08-06 15:13:30.628 18417 18430 I art     : Starting a blocking GC Explicit
08-06 15:13:30.663 18417 18430 I art     : Explicit concurrent mark sweep GC freed 182(3KB) AllocSpace objects, 0(0B) LOS objects, 29% free, 38MB/54MB, paused 626us total 33.488ms
08-06 15:13:30.676 19052 19052 D AndroidRuntime: >>>>>> START com.android.internal.os.RuntimeInit uid 2000 <<<<<<
08-06 15:13:30.679 18417 18430 I art     : Starting a blocking GC Explicit
08-06 15:13:30.682 19052 19052 D AndroidRuntime: CheckJNI is OFF
08-06 15:13:30.712 18417 18430 I art     : Explicit concurrent mark sweep GC freed 145(2464B) AllocSpace objects, 0(0B) LOS objects, 29% free, 38MB/54MB, paused 648us total 32.761ms
08-06 15:13:30.728 18417 18430 I art     : Starting a blocking GC Explicit
08-06 15:13:30.729 19052 19052 D ICU     : No timezone override file found: /data/misc/zoneinfo/current/icu/icu_tzdata.dat
08-06 15:13:30.762 18417 18430 I art     : Explicit concurrent mark sweep GC freed 134(2288B) AllocSpace objects, 0(0B) LOS objects, 29% free, 38MB/54MB, paused 692us total 33.450ms
08-06 15:13:30.776 19052 19052 I Radio-JNI: register_android_hardware_Radio DONE
08-06 15:13:30.778 18417 18430 I art     : Starting a blocking GC Explicit
08-06 15:13:30.806 19052 19052 D AndroidRuntime: Calling main entry com.android.commands.input.Input
08-06 15:13:30.808 19052 19052 I Input   : injectMotionEvent: MotionEvent { action=ACTION_DOWN, actionButton=0, id[0]=0, x[0]=504.0, y[0]=1706.0, toolType[0]=TOOL_TYPE_UNKNOWN, buttonState=0, metaState=0, flags=0x0, edgeFlags=0x0, pointerCount=1, historySize=0, eventTime=890027221, downTime=890027221, deviceId=0, source=0x1002 }
08-06 15:13:30.813 18417 18430 I art     : Explicit concurrent mark sweep GC freed 147(2480B) AllocSpace objects, 0(0B) LOS objects, 29% free, 38MB/54MB, paused 2.156ms total 35.503ms
08-06 15:13:30.816 19052 19052 I Input   : injectMotionEvent: MotionEvent { action=ACTION_UP, actionButton=0, id[0]=0, x[0]=504.0, y[0]=1706.0, toolType[0]=TOOL_TYPE_UNKNOWN, buttonState=0, metaState=0, flags=0x0, edgeFlags=0x0, pointerCount=1, historySize=0, eventTime=890027221, downTime=890027221, deviceId=0, source=0x1002 }
08-06 15:13:30.818 19052 19052 D AndroidRuntime: Shutting down VM
08-06 15:13:30.820   512  2967 D audio_hw_primary: out_set_parameters: enter: usecase(1: low-latency-playback) kvpairs: routing=2
08-06 15:13:30.823   918   928 I ActivityManager: START u0 {cmp=baseline.io.github.project_travel_mate/.destinations.funfacts.FunFactsActivity (has extras)} from uid 10696 on display 0
08-06 15:13:30.833   512  2967 D audio_hw_primary: select_devices: out_snd_device(2: speaker) in_snd_device(0: none)
08-06 15:13:30.833   512  2967 D msm8974_platform: platform_send_audio_calibration: sending audio calibration for snd_device(2) acdb_id(15)
08-06 15:13:30.834   512  2967 I soundtrigger: audio_extn_sound_trigger_update_device_status: device 0x2 of type 0 for Event 1
08-06 15:13:30.847   512  2967 D audio_hw_primary: enable_snd_device: snd_device(2: speaker)
08-06 15:13:30.849   512  2967 D audio_hw_primary: enable_audio_route: apply and update mixer path: low-latency-playback speaker
08-06 15:13:30.849   918   937 W ProcessCpuTracker: Skipping unknown process pid 19060
08-06 15:13:30.849   918   937 W ProcessCpuTracker: Skipping unknown process pid 19062
08-06 15:13:30.849   918   937 W ProcessCpuTracker: Skipping unknown process pid 19063
08-06 15:13:30.850 18417 18498 D Gabe    : call	returning from cache
08-06 15:13:30.852 18417 18417 V EXECUTING: https://project-travel-mate.herokuapp.com/api/get-city-facts/1
08-06 15:13:30.990 13866 13866 I GoogleInputMethodServic: GoogleInputMethodService.onFinishInput():3138 
08-06 15:13:30.991   918   936 I ActivityManager: Displayed baseline.io.github.project_travel_mate/.destinations.funfacts.FunFactsActivity: +155ms
08-06 15:13:30.995 13866 13866 I GoogleInputMethodServic: GoogleInputMethodService.onStartInput():1808 
08-06 15:13:31.162 18417 18429 I art     : Starting a blocking GC Explicit
08-06 15:13:31.211 18417 18429 I art     : Explicit concurrent mark sweep GC freed 4518(278KB) AllocSpace objects, 2(40KB) LOS objects, 27% free, 43MB/59MB, paused 1.062ms total 47.900ms
08-06 15:13:31.231 18417 18429 I art     : Starting a blocking GC Explicit
08-06 15:13:31.240   380   380 W SurfaceFlinger: couldn't log to binary event log: overflow.
08-06 15:13:31.267 18417 18429 I art     : Explicit concurrent mark sweep GC freed 424(11KB) AllocSpace objects, 0(0B) LOS objects, 27% free, 43MB/59MB, paused 782us total 36.162ms
08-06 15:13:31.283 18417 18429 I art     : Starting a blocking GC Explicit
08-06 15:13:31.313 18417 18429 I art     : Explicit concurrent mark sweep GC freed 219(3KB) AllocSpace objects, 0(0B) LOS objects, 27% free, 43MB/59MB, paused 675us total 30.263ms
08-06 15:13:31.330 18417 18429 I art     : Starting a blocking GC Explicit
08-06 15:13:31.364 18417 18429 I art     : Explicit concurrent mark sweep GC freed 245(4KB) AllocSpace objects, 0(0B) LOS objects, 27% free, 43MB/59MB, paused 912us total 33.106ms
08-06 15:13:31.382 18417 18429 I art     : Starting a blocking GC Explicit
08-06 15:13:31.389   512  2967 D audio_hw_primary: disable_audio_route: reset and update mixer path: low-latency-playback speaker
08-06 15:13:31.390   512  2967 D audio_hw_primary: disable_snd_device: snd_device(2: speaker)
08-06 15:13:31.398   512  2967 I soundtrigger: audio_extn_sound_trigger_update_device_status: device 0x2 of type 0 for Event 0
08-06 15:13:31.417 18417 18429 I art     : Explicit concurrent mark sweep GC freed 2629(133KB) AllocSpace objects, 2(120KB) LOS objects, 26% free, 43MB/59MB, paused 887us total 33.875ms
08-06 15:13:31.445 18417 19076 I NAPPA_EXPERIMENTATION: MetricNetworkRequestExecutionTime: REQUEST_DURATION_SYSTEM='591',REQUEST_DURATION_OKHTTP='37',REQUEST_SYNCHRONOUS='FALSE',RESPONSE_CODE='200',RESPONSE_METHOD='GET',RESPONSE_LENGTH_OKHTTP='1793',RESPONSE_LENGTH_HEADER='1793',REQUEST_PROTOCOL='http/1.1',REQUEST_URL='https://project-travel-mate.herokuapp.com/api/get-city-facts/1',
08-06 15:13:31.448 18417 19076 V EXECUTING: https://project-travel-mate.herokuapp.com/api/get-city-images/1
08-06 15:13:31.759 18417 18697 I art     : Starting a blocking GC Explicit
08-06 15:13:31.792 18417 18697 I art     : Explicit concurrent mark sweep GC freed 3656(256KB) AllocSpace objects, 3(120KB) LOS objects, 26% free, 43MB/59MB, paused 882us total 33.076ms
08-06 15:13:31.808 18417 18697 I art     : Starting a blocking GC Explicit
08-06 15:13:31.840 18417 18697 I art     : Explicit concurrent mark sweep GC freed 175(5KB) AllocSpace objects, 0(0B) LOS objects, 26% free, 43MB/59MB, paused 834us total 31.856ms
08-06 15:13:31.855 18417 18697 I art     : Starting a blocking GC Explicit
08-06 15:13:31.887 18417 18697 I art     : Explicit concurrent mark sweep GC freed 588(51KB) AllocSpace objects, 0(0B) LOS objects, 26% free, 43MB/59MB, paused 859us total 31.619ms
08-06 15:13:31.903 18417 18697 I art     : Starting a blocking GC Explicit
08-06 15:13:31.938 18417 18697 I art     : Explicit concurrent mark sweep GC freed 2167(83KB) AllocSpace objects, 3(200KB) LOS objects, 26% free, 43MB/59MB, paused 1.051ms total 34.137ms
08-06 15:13:31.951 18417 19088 I NAPPA_EXPERIMENTATION: MetricNetworkRequestExecutionTime: REQUEST_DURATION_SYSTEM='502',REQUEST_DURATION_OKHTTP='33',REQUEST_SYNCHRONOUS='FALSE',RESPONSE_CODE='200',RESPONSE_METHOD='GET',RESPONSE_LENGTH_OKHTTP='183',RESPONSE_LENGTH_HEADER='183',REQUEST_PROTOCOL='http/1.1',REQUEST_URL='https://project-travel-mate.herokuapp.com/api/get-city-images/1',
08-06 15:13:31.953 18417 18697 I art     : Starting a blocking GC Explicit
08-06 15:13:31.985 18417 18697 I art     : Explicit concurrent mark sweep GC freed 1153(128KB) AllocSpace objects, 0(0B) LOS objects, 26% free, 43MB/59MB, paused 837us total 32.052ms
08-06 15:13:31.988 18417 19088 V RESPONSE: [{"id":17,"image_url":"https://upload.wikimedia.org/wikipedia/commons/9/94/%E0%B4%96%E0%B5%81%E0%B4%A4%E0%B5%8D%E0%B4%AC%E0%B5%8D_%E0%B4%AE%E0%B4%BF%E0%B4%A8%E0%B4%BE%E0%B5%BC1.jpg"}]
08-06 15:13:32.357 18417 18478 I art     : Starting a blocking GC Explicit
08-06 15:13:32.397 18417 18478 I art     : Explicit concurrent mark sweep GC freed 6310(244KB) AllocSpace objects, 3(4MB) LOS objects, 28% free, 39MB/55MB, paused 732us total 39.947ms
08-06 15:13:32.414 18417 18478 I art     : Starting a blocking GC Explicit
08-06 15:13:32.450 18417 18478 I art     : Explicit concurrent mark sweep GC freed 375(11KB) AllocSpace objects, 0(0B) LOS objects, 28% free, 39MB/55MB, paused 662us total 35.482ms
08-06 15:13:32.466 18417 18478 I art     : Starting a blocking GC Explicit
08-06 15:13:32.505 18417 18478 I art     : Explicit concurrent mark sweep GC freed 219(3KB) AllocSpace objects, 0(0B) LOS objects, 28% free, 39MB/55MB, paused 682us total 38.257ms
08-06 15:13:32.522 18417 18478 I art     : Starting a blocking GC Explicit
08-06 15:13:32.561 18417 18478 I art     : Explicit concurrent mark sweep GC freed 274(4KB) AllocSpace objects, 0(0B) LOS objects, 28% free, 39MB/55MB, paused 854us total 38.972ms
08-06 15:13:32.578 18417 18478 I art     : Starting a blocking GC Explicit
08-06 15:13:32.619 18417 18478 I art     : Explicit concurrent mark sweep GC freed 236(3KB) AllocSpace objects, 0(0B) LOS objects, 28% free, 39MB/55MB, paused 649us total 40.051ms
08-06 15:13:33.016 18417 18429 I art     : Starting a blocking GC Explicit
08-06 15:13:33.054 18417 18429 I art     : Explicit concurrent mark sweep GC freed 3301(113KB) AllocSpace objects, 2(40KB) LOS objects, 28% free, 39MB/55MB, paused 653us total 37.140ms
08-06 15:13:33.071 18417 18429 I art     : Starting a blocking GC Explicit
08-06 15:13:33.107 18417 18429 I art     : Explicit concurrent mark sweep GC freed 238(4KB) AllocSpace objects, 0(0B) LOS objects, 28% free, 39MB/55MB, paused 650us total 35.678ms
08-06 15:13:33.123 18417 18429 I art     : Starting a blocking GC Explicit
08-06 15:13:33.158 18417 18429 I art     : Explicit concurrent mark sweep GC freed 219(3KB) AllocSpace objects, 0(0B) LOS objects, 28% free, 39MB/55MB, paused 674us total 35.575ms
08-06 15:13:33.175 18417 18429 I art     : Starting a blocking GC Explicit
08-06 15:13:33.212 18417 18429 I art     : Explicit concurrent mark sweep GC freed 260(4KB) AllocSpace objects, 0(0B) LOS objects, 28% free, 39MB/55MB, paused 888us total 37.169ms
08-06 15:13:33.229 18417 18429 I art     : Starting a blocking GC Explicit
08-06 15:13:33.268 18417 18429 I art     : Explicit concurrent mark sweep GC freed 249(4KB) AllocSpace objects, 0(0B) LOS objects, 28% free, 39MB/55MB, paused 785us total 38.480ms
08-06 15:13:33.600 19121 19121 D AndroidRuntime: >>>>>> START com.android.internal.os.RuntimeInit uid 2000 <<<<<<
08-06 15:13:33.605 19121 19121 D AndroidRuntime: CheckJNI is OFF
08-06 15:13:33.646 19121 19121 D ICU     : No timezone override file found: /data/misc/zoneinfo/current/icu/icu_tzdata.dat
08-06 15:13:33.648 18417 18430 I art     : Starting a blocking GC Explicit
08-06 15:13:33.683 18417 18430 I art     : Explicit concurrent mark sweep GC freed 3224(112KB) AllocSpace objects, 2(40KB) LOS objects, 28% free, 39MB/55MB, paused 797us total 34.427ms
08-06 15:13:33.688 19121 19121 I Radio-JNI: register_android_hardware_Radio DONE
08-06 15:13:33.699 18417 18430 I art     : Starting a blocking GC Explicit
08-06 15:13:33.717 19121 19121 D AndroidRuntime: Calling main entry com.android.commands.input.Input
08-06 15:13:33.719 19121 19121 I Input   : injectKeyEvent: KeyEvent { action=ACTION_DOWN, keyCode=KEYCODE_BACK, scanCode=0, metaState=0, flags=0x0, repeatCount=0, eventTime=890030132, downTime=890030132, deviceId=-1, source=0x101 }
08-06 15:13:33.725 19121 19121 I Input   : injectKeyEvent: KeyEvent { action=ACTION_UP, keyCode=KEYCODE_BACK, scanCode=0, metaState=0, flags=0x0, repeatCount=0, eventTime=890030132, downTime=890030132, deviceId=-1, source=0x101 }
08-06 15:13:33.733 19121 19121 D AndroidRuntime: Shutting down VM
08-06 15:13:33.734 18417 18430 I art     : Explicit concurrent mark sweep GC freed 246(4KB) AllocSpace objects, 0(0B) LOS objects, 28% free, 39MB/55MB, paused 746us total 34.177ms
08-06 15:13:33.749 18417 18430 I art     : Starting a blocking GC Explicit
08-06 15:13:33.768 13866 13866 I GoogleInputMethodServic: GoogleInputMethodService.onFinishInput():3138 
08-06 15:13:33.769 13866 13866 I GoogleInputMethodServic: GoogleInputMethodService.onStartInput():1808 
08-06 15:13:33.782 18417 18430 I art     : Explicit concurrent mark sweep GC freed 219(5KB) AllocSpace objects, 0(0B) LOS objects, 28% free, 39MB/55MB, paused 658us total 32.734ms
08-06 15:13:33.798 18417 18430 I art     : Starting a blocking GC Explicit
08-06 15:13:33.830 18417 18430 I art     : Explicit concurrent mark sweep GC freed 240(4KB) AllocSpace objects, 0(0B) LOS objects, 28% free, 39MB/55MB, paused 678us total 31.922ms
08-06 15:13:33.846 18417 18430 I art     : Starting a blocking GC Explicit
08-06 15:13:33.877 18417 18430 I art     : Explicit concurrent mark sweep GC freed 167(2848B) AllocSpace objects, 0(0B) LOS objects, 28% free, 39MB/55MB, paused 816us total 30.489ms
08-06 15:13:34.092   380   380 W SurfaceFlinger: couldn't log to binary event log: overflow.
08-06 15:13:34.233 18417 18429 I art     : Starting a blocking GC Explicit
08-06 15:13:34.273 18417 18429 I art     : Explicit concurrent mark sweep GC freed 3691(143KB) AllocSpace objects, 4(404KB) LOS objects, 29% free, 39MB/55MB, paused 688us total 39.760ms
08-06 15:13:34.293 18417 18429 I art     : Starting a blocking GC Explicit
08-06 15:13:34.325 18417 18429 I art     : Explicit concurrent mark sweep GC freed 5577(268KB) AllocSpace objects, 1(28KB) LOS objects, 29% free, 38MB/54MB, paused 647us total 31.951ms
08-06 15:13:34.340 18417 18429 I art     : Starting a blocking GC Explicit
08-06 15:13:34.372 18417 18429 I art     : Explicit concurrent mark sweep GC freed 153(2784B) AllocSpace objects, 0(0B) LOS objects, 29% free, 38MB/54MB, paused 647us total 31.161ms
08-06 15:13:34.387 18417 18429 I art     : Starting a blocking GC Explicit
08-06 15:13:34.420 18417 18429 I art     : Explicit concurrent mark sweep GC freed 147(2496B) AllocSpace objects, 0(0B) LOS objects, 29% free, 38MB/54MB, paused 643us total 32.475ms
08-06 15:13:34.436 18417 18429 I art     : Starting a blocking GC Explicit
08-06 15:13:34.468 18417 18429 I art     : Explicit concurrent mark sweep GC freed 147(2496B) AllocSpace objects, 0(0B) LOS objects, 29% free, 38MB/54MB, paused 659us total 32.107ms
08-06 15:13:34.836 18417 18430 I art     : Starting a blocking GC Explicit
08-06 15:13:34.872 18417 18430 I art     : Explicit concurrent mark sweep GC freed 2580(101KB) AllocSpace objects, 2(40KB) LOS objects, 29% free, 38MB/54MB, paused 679us total 36.013ms
08-06 15:13:34.892 18417 18430 I art     : Starting a blocking GC Explicit
08-06 15:13:34.925 18417 18430 I art     : Explicit concurrent mark sweep GC freed 166(3KB) AllocSpace objects, 0(0B) LOS objects, 29% free, 38MB/54MB, paused 660us total 33.113ms
08-06 15:13:34.941 18417 18430 I art     : Starting a blocking GC Explicit
08-06 15:13:34.973 18417 18430 I art     : Explicit concurrent mark sweep GC freed 147(2496B) AllocSpace objects, 0(0B) LOS objects, 29% free, 38MB/54MB, paused 629us total 31.748ms
08-06 15:13:34.990 18417 18430 I art     : Starting a blocking GC Explicit
08-06 15:13:35.022 18417 18430 I art     : Explicit concurrent mark sweep GC freed 147(2496B) AllocSpace objects, 0(0B) LOS objects, 29% free, 38MB/54MB, paused 681us total 32.025ms
08-06 15:13:35.038 18417 18430 I art     : Starting a blocking GC Explicit
08-06 15:13:35.071 18417 18430 I art     : Explicit concurrent mark sweep GC freed 147(2496B) AllocSpace objects, 0(0B) LOS objects, 29% free, 38MB/54MB, paused 667us total 32.366ms
08-06 15:13:35.425 18417 18478 I art     : Starting a blocking GC Explicit
08-06 15:13:35.462 18417 18478 I art     : Explicit concurrent mark sweep GC freed 2532(101KB) AllocSpace objects, 2(40KB) LOS objects, 29% free, 38MB/54MB, paused 688us total 36.629ms
08-06 15:13:35.479 18417 18478 I art     : Starting a blocking GC Explicit
08-06 15:13:35.513 19165 19165 D AndroidRuntime: >>>>>> START com.android.internal.os.RuntimeInit uid 2000 <<<<<<
08-06 15:13:35.515 18417 18478 I art     : Explicit concurrent mark sweep GC freed 183(3KB) AllocSpace objects, 0(0B) LOS objects, 29% free, 38MB/54MB, paused 874us total 35.444ms
08-06 15:13:35.519 19165 19165 D AndroidRuntime: CheckJNI is OFF
08-06 15:13:35.531 18417 18478 I art     : Starting a blocking GC Explicit
08-06 15:13:35.564 19165 19165 D ICU     : No timezone override file found: /data/misc/zoneinfo/current/icu/icu_tzdata.dat
08-06 15:13:35.566 18417 18478 I art     : Explicit concurrent mark sweep GC freed 152(2576B) AllocSpace objects, 0(0B) LOS objects, 29% free, 38MB/54MB, paused 921us total 34.384ms
08-06 15:13:35.582 18417 18478 I art     : Starting a blocking GC Explicit
08-06 15:13:35.615 19165 19165 I Radio-JNI: register_android_hardware_Radio DONE
08-06 15:13:35.617 18417 18478 I art     : Explicit concurrent mark sweep GC freed 156(2656B) AllocSpace objects, 0(0B) LOS objects, 29% free, 38MB/54MB, paused 780us total 33.823ms
08-06 15:13:35.633 18417 18478 I art     : Starting a blocking GC Explicit
08-06 15:13:35.646 19165 19165 D AndroidRuntime: Calling main entry com.android.commands.input.Input
08-06 15:13:35.648 19165 19165 I Input   : injectMotionEvent: MotionEvent { action=ACTION_DOWN, actionButton=0, id[0]=0, x[0]=693.0, y[0]=1450.0, toolType[0]=TOOL_TYPE_UNKNOWN, buttonState=0, metaState=0, flags=0x0, edgeFlags=0x0, pointerCount=1, historySize=0, eventTime=890032060, downTime=890032060, deviceId=0, source=0x1002 }
08-06 15:13:35.654 19165 19165 I Input   : injectMotionEvent: MotionEvent { action=ACTION_UP, actionButton=0, id[0]=0, x[0]=693.0, y[0]=1450.0, toolType[0]=TOOL_TYPE_UNKNOWN, buttonState=0, metaState=0, flags=0x0, edgeFlags=0x0, pointerCount=1, historySize=0, eventTime=890032060, downTime=890032060, deviceId=0, source=0x1002 }
08-06 15:13:35.655 19165 19165 D AndroidRuntime: Shutting down VM
08-06 15:13:35.656   918  3670 I ActivityManager: START u0 {cmp=baseline.io.github.project_travel_mate/.destinations.description.CityHistoryActivity} from uid 10696 on display 0
08-06 15:13:35.657   512  2967 D audio_hw_primary: out_set_parameters: enter: usecase(1: low-latency-playback) kvpairs: routing=2
08-06 15:13:35.666 18417 18478 I art     : Explicit concurrent mark sweep GC freed 118(2048B) AllocSpace objects, 0(0B) LOS objects, 29% free, 38MB/54MB, paused 719us total 32.834ms
08-06 15:13:35.672   512  2967 D audio_hw_primary: select_devices: out_snd_device(2: speaker) in_snd_device(0: none)
08-06 15:13:35.672   512  2967 D msm8974_platform: platform_send_audio_calibration: sending audio calibration for snd_device(2) acdb_id(15)
08-06 15:13:35.672   512  2967 I soundtrigger: audio_extn_sound_trigger_update_device_status: device 0x2 of type 0 for Event 1
08-06 15:13:35.684   512  2967 D audio_hw_primary: enable_snd_device: snd_device(2: speaker)
08-06 15:13:35.686   512  2967 D audio_hw_primary: enable_audio_route: apply and update mixer path: low-latency-playback speaker
08-06 15:13:35.689 18417 18498 D Gabe    : call	returning from cache
08-06 15:13:35.691 18417 18417 V EXECUTING: https://project-travel-mate.herokuapp.com/api/get-city-information/1
08-06 15:13:35.835   918   936 I ActivityManager: Displayed baseline.io.github.project_travel_mate/.destinations.description.CityHistoryActivity: +165ms
08-06 15:13:35.837 13866 13866 I GoogleInputMethodServic: GoogleInputMethodService.onFinishInput():3138 
08-06 15:13:35.837 13866 13866 I GoogleInputMethodServic: GoogleInputMethodService.onStartInput():1808 
08-06 15:13:36.010 18417 18697 I art     : Starting a blocking GC Explicit
08-06 15:13:36.053 18417 18697 I art     : Explicit concurrent mark sweep GC freed 3420(161KB) AllocSpace objects, 2(40KB) LOS objects, 26% free, 43MB/59MB, paused 793us total 43.150ms
08-06 15:13:36.074 18417 18697 I art     : Starting a blocking GC Explicit
08-06 15:13:36.079   380   380 W SurfaceFlinger: couldn't log to binary event log: overflow.
08-06 15:13:36.109 18417 18697 I art     : Explicit concurrent mark sweep GC freed 439(13KB) AllocSpace objects, 0(0B) LOS objects, 26% free, 43MB/59MB, paused 752us total 35.249ms
08-06 15:13:36.125 18417 18697 I art     : Starting a blocking GC Explicit
08-06 15:13:36.157 18417 18697 I art     : Explicit concurrent mark sweep GC freed 219(3KB) AllocSpace objects, 0(0B) LOS objects, 26% free, 43MB/59MB, paused 667us total 31.303ms
08-06 15:13:36.173 18417 18697 I art     : Starting a blocking GC Explicit
08-06 15:13:36.208 18417 18697 I art     : Explicit concurrent mark sweep GC freed 282(5KB) AllocSpace objects, 0(0B) LOS objects, 26% free, 43MB/59MB, paused 770us total 34.896ms
08-06 15:13:36.225 18417 18697 I art     : Starting a blocking GC Explicit
08-06 15:13:36.228   512  2967 D audio_hw_primary: disable_audio_route: reset and update mixer path: low-latency-playback speaker
08-06 15:13:36.229   512  2967 D audio_hw_primary: disable_snd_device: snd_device(2: speaker)
08-06 15:13:36.236   512  2967 I soundtrigger: audio_extn_sound_trigger_update_device_status: device 0x2 of type 0 for Event 0
08-06 15:13:36.258 18417 18697 I art     : Explicit concurrent mark sweep GC freed 21(384B) AllocSpace objects, 0(0B) LOS objects, 26% free, 43MB/59MB, paused 1.041ms total 32.332ms
08-06 15:13:36.550 18417 19189 I NAPPA_EXPERIMENTATION: MetricNetworkRequestExecutionTime: REQUEST_DURATION_SYSTEM='859',REQUEST_DURATION_OKHTTP='30',REQUEST_SYNCHRONOUS='FALSE',RESPONSE_CODE='200',RESPONSE_METHOD='GET',RESPONSE_LENGTH_OKHTTP='55024',RESPONSE_LENGTH_HEADER='55024',REQUEST_PROTOCOL='http/1.1',REQUEST_URL='https://project-travel-mate.herokuapp.com/api/get-city-information/1',
08-06 15:13:36.622 18417 18478 I art     : Starting a blocking GC Explicit
08-06 15:13:36.656 18417 18478 I art     : Explicit concurrent mark sweep GC freed 5049(244KB) AllocSpace objects, 8(512KB) LOS objects, 26% free, 43MB/59MB, paused 904us total 33.884ms
08-06 15:13:36.673 18417 18478 I art     : Starting a blocking GC Explicit
08-06 15:13:36.705 18417 18478 I art     : Explicit concurrent mark sweep GC freed 989(117KB) AllocSpace objects, 0(0B) LOS objects, 26% free, 43MB/59MB, paused 1.001ms total 32.530ms
08-06 15:13:36.721 18417 18478 I art     : Starting a blocking GC Explicit
08-06 15:13:36.754 18417 18478 I art     : Explicit concurrent mark sweep GC freed 1080(1065KB) AllocSpace objects, 15(300KB) LOS objects, 26% free, 44MB/60MB, paused 988us total 32.828ms
08-06 15:13:36.757 13866 13866 I GoogleInputMethodServic: GoogleInputMethodService.onFinishInput():3138 
08-06 15:13:36.758 13866 13866 I GoogleInputMethodServic: GoogleInputMethodService.onStartInput():1808 
08-06 15:13:36.770 18417 18478 I art     : Starting a blocking GC Explicit
08-06 15:13:36.804 18417 18478 I art     : Explicit concurrent mark sweep GC freed 551(150KB) AllocSpace objects, 2(4MB) LOS objects, 28% free, 39MB/55MB, paused 634us total 34.114ms
08-06 15:13:36.804 18417 18427 I art     : WaitForGcToComplete blocked for 11.864ms for cause HeapTrim
08-06 15:13:36.820 18417 18478 I art     : Starting a blocking GC Explicit
08-06 15:13:36.856 18417 18478 I art     : Explicit concurrent mark sweep GC freed 221(3KB) AllocSpace objects, 0(0B) LOS objects, 28% free, 39MB/55MB, paused 686us total 35.986ms
08-06 15:13:37.235 18417 18429 I art     : Starting a blocking GC Explicit
08-06 15:13:37.274 18417 18429 I art     : Explicit concurrent mark sweep GC freed 3240(113KB) AllocSpace objects, 2(40KB) LOS objects, 28% free, 39MB/55MB, paused 703us total 38.107ms
08-06 15:13:37.292 18417 18429 I art     : Starting a blocking GC Explicit
08-06 15:13:37.330 18417 18429 I art     : Explicit concurrent mark sweep GC freed 255(5KB) AllocSpace objects, 0(0B) LOS objects, 28% free, 39MB/55MB, paused 748us total 37.730ms
08-06 15:13:37.346 18417 18429 I art     : Starting a blocking GC Explicit
08-06 15:13:37.384 18417 18429 I art     : Explicit concurrent mark sweep GC freed 296(4KB) AllocSpace objects, 0(0B) LOS objects, 28% free, 39MB/55MB, paused 962us total 37.319ms
08-06 15:13:37.401 18417 18429 I art     : Starting a blocking GC Explicit
08-06 15:13:37.437 18417 18429 I art     : Explicit concurrent mark sweep GC freed 228(3KB) AllocSpace objects, 0(0B) LOS objects, 28% free, 39MB/55MB, paused 753us total 36.456ms
08-06 15:13:37.455 18417 18429 I art     : Starting a blocking GC Explicit
08-06 15:13:37.492 18417 18429 I art     : Explicit concurrent mark sweep GC freed 225(3KB) AllocSpace objects, 0(0B) LOS objects, 28% free, 39MB/55MB, paused 690us total 37.248ms
08-06 15:13:37.895 18417 18430 I art     : Starting a blocking GC Explicit
08-06 15:13:37.939 18417 18430 I art     : Explicit concurrent mark sweep GC freed 3381(115KB) AllocSpace objects, 2(40KB) LOS objects, 28% free, 39MB/55MB, paused 748us total 42.670ms
08-06 15:13:37.957 18417 18430 I art     : Starting a blocking GC Explicit
08-06 15:13:37.996 18417 18430 I art     : Explicit concurrent mark sweep GC freed 238(4KB) AllocSpace objects, 0(0B) LOS objects, 28% free, 39MB/55MB, paused 683us total 38.412ms
08-06 15:13:38.012 18417 18430 I art     : Starting a blocking GC Explicit
08-06 15:13:38.050 18417 18430 I art     : Explicit concurrent mark sweep GC freed 254(4KB) AllocSpace objects, 0(0B) LOS objects, 28% free, 39MB/55MB, paused 865us total 37.815ms
08-06 15:13:38.067 18417 18430 I art     : Starting a blocking GC Explicit
08-06 15:13:38.106 18417 18430 I art     : Explicit concurrent mark sweep GC freed 256(4KB) AllocSpace objects, 0(0B) LOS objects, 28% free, 39MB/55MB, paused 710us total 39.175ms
08-06 15:13:38.123 18417 18430 I art     : Starting a blocking GC Explicit
08-06 15:13:38.161 18417 18430 I art     : Explicit concurrent mark sweep GC freed 219(3KB) AllocSpace objects, 0(0B) LOS objects, 28% free, 39MB/55MB, paused 695us total 37.898ms
08-06 15:13:38.540 18417 18478 I art     : Starting a blocking GC Explicit
08-06 15:13:38.583 18417 18478 I art     : Explicit concurrent mark sweep GC freed 3228(112KB) AllocSpace objects, 2(40KB) LOS objects, 28% free, 39MB/55MB, paused 781us total 42.613ms
08-06 15:13:38.601 18417 18478 I art     : Starting a blocking GC Explicit
08-06 15:13:38.640 18417 18478 I art     : Explicit concurrent mark sweep GC freed 310(5KB) AllocSpace objects, 0(0B) LOS objects, 28% free, 39MB/55MB, paused 679us total 38.704ms
08-06 15:13:38.657 18417 18478 I art     : Starting a blocking GC Explicit
08-06 15:13:38.697 18417 18478 I art     : Explicit concurrent mark sweep GC freed 219(3KB) AllocSpace objects, 0(0B) LOS objects, 28% free, 39MB/55MB, paused 662us total 39.602ms
08-06 15:13:38.714 18417 18478 I art     : Starting a blocking GC Explicit
08-06 15:13:38.754 18417 18478 I art     : Explicit concurrent mark sweep GC freed 290(4KB) AllocSpace objects, 0(0B) LOS objects, 28% free, 39MB/55MB, paused 684us total 40.320ms
08-06 15:13:38.771 18417 18478 I art     : Starting a blocking GC Explicit
08-06 15:13:38.811 18417 18478 I art     : Explicit concurrent mark sweep GC freed 220(3KB) AllocSpace objects, 0(0B) LOS objects, 28% free, 39MB/55MB, paused 723us total 39.868ms
08-06 15:13:39.027   918  1210 D NetlinkSocketObserver: NeighborEvent{elapsedMs=1873422902, 192.168.2.254, [7C3953A63323], RTM_NEWNEIGH, NUD_STALE}
08-06 15:13:39.238 18417 18429 I art     : Starting a blocking GC Explicit
08-06 15:13:39.278 18417 18429 I art     : Explicit concurrent mark sweep GC freed 3446(116KB) AllocSpace objects, 2(40KB) LOS objects, 28% free, 39MB/55MB, paused 798us total 39.892ms
08-06 15:13:39.298 18417 18429 I art     : Starting a blocking GC Explicit
08-06 15:13:39.337 18417 18429 I art     : Explicit concurrent mark sweep GC freed 309(5KB) AllocSpace objects, 0(0B) LOS objects, 28% free, 39MB/55MB, paused 864us total 39.280ms
08-06 15:13:39.354 18417 18429 I art     : Starting a blocking GC Explicit
08-06 15:13:39.392 18417 18429 I art     : Explicit concurrent mark sweep GC freed 221(3KB) AllocSpace objects, 0(0B) LOS objects, 28% free, 39MB/55MB, paused 665us total 37.426ms
08-06 15:13:39.408 18417 18429 I art     : Starting a blocking GC Explicit
08-06 15:13:39.449 18417 18429 I art     : Explicit concurrent mark sweep GC freed 219(3KB) AllocSpace objects, 0(0B) LOS objects, 28% free, 39MB/55MB, paused 703us total 40.132ms
08-06 15:13:39.466 18417 18429 I art     : Starting a blocking GC Explicit
08-06 15:13:39.505 18417 18429 I art     : Explicit concurrent mark sweep GC freed 290(4KB) AllocSpace objects, 0(0B) LOS objects, 28% free, 39MB/55MB, paused 663us total 39.079ms
08-06 15:13:39.911 18417 18697 I art     : Starting a blocking GC Explicit
08-06 15:13:39.947 18417 18697 I art     : Explicit concurrent mark sweep GC freed 3301(113KB) AllocSpace objects, 2(40KB) LOS objects, 28% free, 39MB/55MB, paused 651us total 35.056ms
08-06 15:13:39.962 18417 18697 I art     : Starting a blocking GC Explicit
08-06 15:13:39.998 18417 18697 I art     : Explicit concurrent mark sweep GC freed 245(4KB) AllocSpace objects, 0(0B) LOS objects, 28% free, 39MB/55MB, paused 914us total 34.899ms
08-06 15:13:40.013 18417 18697 I art     : Starting a blocking GC Explicit
08-06 15:13:40.050 18417 18697 I art     : Explicit concurrent mark sweep GC freed 230(4KB) AllocSpace objects, 0(0B) LOS objects, 28% free, 39MB/55MB, paused 824us total 36.238ms
08-06 15:13:40.066 18417 18697 I art     : Starting a blocking GC Explicit
08-06 15:13:40.105 18417 18697 I art     : Explicit concurrent mark sweep GC freed 270(4KB) AllocSpace objects, 0(0B) LOS objects, 28% free, 39MB/55MB, paused 760us total 37.990ms
08-06 15:13:40.121 18417 18697 I art     : Starting a blocking GC Explicit
08-06 15:13:40.158 18417 18697 I art     : Explicit concurrent mark sweep GC freed 243(4KB) AllocSpace objects, 0(0B) LOS objects, 28% free, 39MB/55MB, paused 821us total 36.765ms
08-06 15:13:40.432 19263 19263 D AndroidRuntime: >>>>>> START com.android.internal.os.RuntimeInit uid 2000 <<<<<<
08-06 15:13:40.438 19263 19263 D AndroidRuntime: CheckJNI is OFF
08-06 15:13:40.482 19263 19263 D ICU     : No timezone override file found: /data/misc/zoneinfo/current/icu/icu_tzdata.dat
08-06 15:13:40.523 19263 19263 I Radio-JNI: register_android_hardware_Radio DONE
08-06 15:13:40.550 18417 18430 I art     : Starting a blocking GC Explicit
08-06 15:13:40.553 19263 19263 D AndroidRuntime: Calling main entry com.android.commands.input.Input
08-06 15:13:40.554 19263 19263 I Input   : injectKeyEvent: KeyEvent { action=ACTION_DOWN, keyCode=KEYCODE_BACK, scanCode=0, metaState=0, flags=0x0, repeatCount=0, eventTime=890036967, downTime=890036967, deviceId=-1, source=0x101 }
08-06 15:13:40.560 19263 19263 I Input   : injectKeyEvent: KeyEvent { action=ACTION_UP, keyCode=KEYCODE_BACK, scanCode=0, metaState=0, flags=0x0, repeatCount=0, eventTime=890036967, downTime=890036967, deviceId=-1, source=0x101 }
08-06 15:13:40.569 19263 19263 D AndroidRuntime: Shutting down VM
08-06 15:13:40.587 18417 18430 I art     : Explicit concurrent mark sweep GC freed 3306(114KB) AllocSpace objects, 2(40KB) LOS objects, 28% free, 39MB/55MB, paused 821us total 36.669ms
08-06 15:13:40.604 18417 18430 I art     : Starting a blocking GC Explicit
08-06 15:13:40.619 13866 13866 I GoogleInputMethodServic: GoogleInputMethodService.onFinishInput():3138 
08-06 15:13:40.619 13866 13866 I GoogleInputMethodServic: GoogleInputMethodService.onStartInput():1808 
08-06 15:13:40.638 18417 18430 I art     : Explicit concurrent mark sweep GC freed 200(4KB) AllocSpace objects, 0(0B) LOS objects, 28% free, 39MB/55MB, paused 946us total 34.048ms
08-06 15:13:40.655 18417 18430 I art     : Starting a blocking GC Explicit
08-06 15:13:40.688 18417 18430 I art     : Explicit concurrent mark sweep GC freed 286(4KB) AllocSpace objects, 0(0B) LOS objects, 28% free, 39MB/55MB, paused 678us total 32.841ms
08-06 15:13:40.704 18417 18430 I art     : Starting a blocking GC Explicit
08-06 15:13:40.740 18417 18430 I art     : Explicit concurrent mark sweep GC freed 219(3KB) AllocSpace objects, 0(0B) LOS objects, 28% free, 39MB/55MB, paused 682us total 36.081ms
08-06 15:13:40.758 18417 18430 I art     : Starting a blocking GC Explicit
08-06 15:13:40.799 18417 18430 I art     : Explicit concurrent mark sweep GC freed 219(3KB) AllocSpace objects, 0(0B) LOS objects, 28% free, 39MB/55MB, paused 692us total 41.299ms
08-06 15:13:40.917   380   380 W SurfaceFlinger: couldn't log to binary event log: overflow.
08-06 15:13:41.152 18417 18697 I art     : Starting a blocking GC Explicit
08-06 15:13:41.188 18417 18697 I art     : Explicit concurrent mark sweep GC freed 2781(105KB) AllocSpace objects, 4(404KB) LOS objects, 28% free, 39MB/55MB, paused 870us total 35.648ms
08-06 15:13:41.204 18417 18697 I art     : Starting a blocking GC Explicit
08-06 15:13:41.237 18417 18697 I art     : Explicit concurrent mark sweep GC freed 4865(342KB) AllocSpace objects, 7(132KB) LOS objects, 29% free, 38MB/54MB, paused 777us total 32.570ms
08-06 15:13:41.252 18417 18697 I art     : Starting a blocking GC Explicit
08-06 15:13:41.284 18417 18697 I art     : Explicit concurrent mark sweep GC freed 117(2016B) AllocSpace objects, 0(0B) LOS objects, 29% free, 38MB/54MB, paused 685us total 31.630ms
08-06 15:13:41.300 18417 18697 I art     : Starting a blocking GC Explicit
08-06 15:13:41.332 18417 18697 I art     : Explicit concurrent mark sweep GC freed 146(2464B) AllocSpace objects, 0(0B) LOS objects, 29% free, 38MB/54MB, paused 686us total 32.402ms
08-06 15:13:41.348 18417 18697 I art     : Starting a blocking GC Explicit
08-06 15:13:41.382 18417 18697 I art     : Explicit concurrent mark sweep GC freed 148(2528B) AllocSpace objects, 0(0B) LOS objects, 29% free, 38MB/54MB, paused 640us total 33.210ms
08-06 15:13:41.753 18417 18429 I art     : Starting a blocking GC Explicit
08-06 15:13:41.791 18417 18429 I art     : Explicit concurrent mark sweep GC freed 2628(102KB) AllocSpace objects, 2(40KB) LOS objects, 29% free, 38MB/54MB, paused 697us total 36.672ms
08-06 15:13:41.809 18417 18429 I art     : Starting a blocking GC Explicit
08-06 15:13:41.840 18417 18429 I art     : Explicit concurrent mark sweep GC freed 166(3KB) AllocSpace objects, 0(0B) LOS objects, 29% free, 38MB/54MB, paused 678us total 31.019ms
08-06 15:13:41.857 18417 18429 I art     : Starting a blocking GC Explicit
08-06 15:13:41.887 18417 18429 I art     : Explicit concurrent mark sweep GC freed 146(2464B) AllocSpace objects, 0(0B) LOS objects, 29% free, 38MB/54MB, paused 744us total 29.991ms
08-06 15:13:41.887 18417 18427 I art     : WaitForGcToComplete blocked for 30.227ms for cause HeapTrim
08-06 15:13:41.902 18417 18429 I art     : Starting a blocking GC Explicit
08-06 15:13:41.933 18417 18429 I art     : Explicit concurrent mark sweep GC freed 100(1728B) AllocSpace objects, 0(0B) LOS objects, 29% free, 38MB/54MB, paused 665us total 30.072ms
08-06 15:13:41.948 18417 18429 I art     : Starting a blocking GC Explicit
08-06 15:13:41.978 18417 18429 I art     : Explicit concurrent mark sweep GC freed 147(2496B) AllocSpace objects, 0(0B) LOS objects, 29% free, 38MB/54MB, paused 699us total 29.798ms
08-06 15:13:42.309 19306 19306 D AndroidRuntime: >>>>>> START com.android.internal.os.RuntimeInit uid 2000 <<<<<<
08-06 15:13:42.315 19306 19306 D AndroidRuntime: CheckJNI is OFF
08-06 15:13:42.332 18417 18478 I art     : Starting a blocking GC Explicit
08-06 15:13:42.358 19306 19306 D ICU     : No timezone override file found: /data/misc/zoneinfo/current/icu/icu_tzdata.dat
08-06 15:13:42.368 18417 18478 I art     : Explicit concurrent mark sweep GC freed 2533(101KB) AllocSpace objects, 2(40KB) LOS objects, 29% free, 38MB/54MB, paused 800us total 34.870ms
08-06 15:13:42.384 18417 18478 I art     : Starting a blocking GC Explicit
08-06 15:13:42.405 19306 19306 I Radio-JNI: register_android_hardware_Radio DONE
08-06 15:13:42.418 18417 18478 I art     : Explicit concurrent mark sweep GC freed 166(3KB) AllocSpace objects, 0(0B) LOS objects, 29% free, 38MB/54MB, paused 724us total 34.317ms
08-06 15:13:42.434 19306 19306 D AndroidRuntime: Calling main entry com.android.commands.input.Input
08-06 15:13:42.435 18417 18478 I art     : Starting a blocking GC Explicit
08-06 15:13:42.436 19306 19306 I Input   : injectKeyEvent: KeyEvent { action=ACTION_DOWN, keyCode=KEYCODE_BACK, scanCode=0, metaState=0, flags=0x0, repeatCount=0, eventTime=890038849, downTime=890038849, deviceId=-1, source=0x101 }
08-06 15:13:42.442 19306 19306 I Input   : injectKeyEvent: KeyEvent { action=ACTION_UP, keyCode=KEYCODE_BACK, scanCode=0, metaState=0, flags=0x0, repeatCount=0, eventTime=890038849, downTime=890038849, deviceId=-1, source=0x101 }
08-06 15:13:42.448 19306 19306 D AndroidRuntime: Shutting down VM
08-06 15:13:42.460 18417 18417 V MainActivity: url = https://project-travel-mate.herokuapp.com/api/number-of-unread-notifications
08-06 15:13:42.468 18417 18478 I art     : Explicit concurrent mark sweep GC freed 469(15KB) AllocSpace objects, 0(0B) LOS objects, 29% free, 38MB/54MB, paused 821us total 33.142ms
08-06 15:13:42.484 18417 18478 I art     : Starting a blocking GC Explicit
08-06 15:13:42.516 13866 13866 I GoogleInputMethodServic: GoogleInputMethodService.onFinishInput():3138 
08-06 15:13:42.517 13866 13866 I GoogleInputMethodServic: GoogleInputMethodService.onStartInput():1808 
08-06 15:13:42.519 18417 18478 I art     : Explicit concurrent mark sweep GC freed 170(5KB) AllocSpace objects, 0(0B) LOS objects, 29% free, 38MB/54MB, paused 953us total 34.864ms
08-06 15:13:42.536 18417 18478 I art     : Starting a blocking GC Explicit
08-06 15:13:42.568 18417 18478 I art     : Explicit concurrent mark sweep GC freed 337(11KB) AllocSpace objects, 0(0B) LOS objects, 29% free, 38MB/54MB, paused 792us total 31.662ms
08-06 15:13:42.811 14704 14704 I ServiceManager: Waiting for service AtCmdFwd...
08-06 15:13:42.931 18417 18430 I art     : Starting a blocking GC Explicit
08-06 15:13:42.970 18417 18430 I art     : Explicit concurrent mark sweep GC freed 2410(101KB) AllocSpace objects, 2(40KB) LOS objects, 29% free, 38MB/54MB, paused 858us total 39.405ms
08-06 15:13:42.988 18417 18430 I art     : Starting a blocking GC Explicit
08-06 15:13:43.025 18417 18430 I art     : Explicit concurrent mark sweep GC freed 270(10KB) AllocSpace objects, 0(0B) LOS objects, 29% free, 38MB/54MB, paused 795us total 36.438ms
08-06 15:13:43.041 18417 18430 I art     : Starting a blocking GC Explicit
08-06 15:13:43.078 18417 18430 I art     : Explicit concurrent mark sweep GC freed 85(1840B) AllocSpace objects, 0(0B) LOS objects, 29% free, 38MB/54MB, paused 913us total 36.220ms
08-06 15:13:43.094 18417 18430 I art     : Starting a blocking GC Explicit
08-06 15:13:43.131 18417 18430 I art     : Explicit concurrent mark sweep GC freed 75(1296B) AllocSpace objects, 0(0B) LOS objects, 29% free, 38MB/54MB, paused 803us total 36.738ms
08-06 15:13:43.144   918  3261 D WifiStateMachine: starting scan for "H369AA63323"WPA_PSK with 2412,5180
08-06 15:13:43.147 18417 18430 I art     : Starting a blocking GC Explicit
08-06 15:13:43.186 18417 18430 I art     : Explicit concurrent mark sweep GC freed 75(1296B) AllocSpace objects, 0(0B) LOS objects, 29% free, 38MB/54MB, paused 803us total 37.865ms
08-06 15:13:43.271 18417 19330 I NAPPA_EXPERIMENTATION: MetricNetworkRequestExecutionTime: REQUEST_DURATION_SYSTEM='810',REQUEST_DURATION_OKHTTP='31',REQUEST_SYNCHRONOUS='FALSE',RESPONSE_CODE='200',RESPONSE_METHOD='GET',RESPONSE_LENGTH_OKHTTP='36',RESPONSE_LENGTH_HEADER='36',REQUEST_PROTOCOL='http/1.1',REQUEST_URL='https://project-travel-mate.herokuapp.com/api/number-of-unread-notifications',
08-06 15:13:43.547 18417 18697 I art     : Starting a blocking GC Explicit
08-06 15:13:43.587 18417 18697 I art     : Explicit concurrent mark sweep GC freed 4813(240KB) AllocSpace objects, 5(240KB) LOS objects, 29% free, 39MB/55MB, paused 770us total 39.248ms
08-06 15:13:43.604 18417 18697 I art     : Starting a blocking GC Explicit
08-06 15:13:43.640 18417 18697 I art     : Explicit concurrent mark sweep GC freed 1051(118KB) AllocSpace objects, 0(0B) LOS objects, 29% free, 39MB/55MB, paused 750us total 35.343ms
08-06 15:13:43.656 18417 18697 I art     : Starting a blocking GC Explicit
08-06 15:13:43.690 18417 18697 I art     : Explicit concurrent mark sweep GC freed 75(1296B) AllocSpace objects, 0(0B) LOS objects, 29% free, 39MB/55MB, paused 716us total 33.867ms
08-06 15:13:43.706 18417 18697 I art     : Starting a blocking GC Explicit
08-06 15:13:43.740 18417 18697 I art     : Explicit concurrent mark sweep GC freed 76(1328B) AllocSpace objects, 0(0B) LOS objects, 29% free, 39MB/55MB, paused 766us total 33.754ms
08-06 15:13:43.756 18417 18697 I art     : Starting a blocking GC Explicit
08-06 15:13:43.791 18417 18697 I art     : Explicit concurrent mark sweep GC freed 74(1264B) AllocSpace objects, 0(0B) LOS objects, 29% free, 39MB/55MB, paused 771us total 34.806ms
08-06 15:13:43.812 14704 14704 I ServiceManager: Waiting for service AtCmdFwd...
08-06 15:13:44.146 18417 18429 I art     : Starting a blocking GC Explicit
08-06 15:13:44.183 18417 18429 I art     : Explicit concurrent mark sweep GC freed 1994(92KB) AllocSpace objects, 2(40KB) LOS objects, 29% free, 39MB/55MB, paused 766us total 36.890ms
08-06 15:13:44.200 18417 18429 I art     : Starting a blocking GC Explicit
08-06 15:13:44.213 19352 19352 D AndroidRuntime: >>>>>> START com.android.internal.os.RuntimeInit uid 2000 <<<<<<
08-06 15:13:44.219 19352 19352 D AndroidRuntime: CheckJNI is OFF
08-06 15:13:44.236 18417 18429 I art     : Explicit concurrent mark sweep GC freed 100(2176B) AllocSpace objects, 0(0B) LOS objects, 29% free, 39MB/55MB, paused 801us total 35.841ms
08-06 15:13:44.252 18417 18429 I art     : Starting a blocking GC Explicit
08-06 15:13:44.263 19352 19352 D ICU     : No timezone override file found: /data/misc/zoneinfo/current/icu/icu_tzdata.dat
08-06 15:13:44.288 18417 18429 I art     : Explicit concurrent mark sweep GC freed 81(1488B) AllocSpace objects, 0(0B) LOS objects, 29% free, 39MB/55MB, paused 778us total 35.917ms
08-06 15:13:44.304 18417 18429 I art     : Starting a blocking GC Explicit
08-06 15:13:44.307 19352 19352 I Radio-JNI: register_android_hardware_Radio DONE
08-06 15:13:44.337 19352 19352 D AndroidRuntime: Calling main entry com.android.commands.input.Input
08-06 15:13:44.339 19352 19352 I Input   : injectMotionEvent: MotionEvent { action=ACTION_DOWN, actionButton=0, id[0]=0, x[0]=346.0, y[0]=709.0, toolType[0]=TOOL_TYPE_UNKNOWN, buttonState=0, metaState=0, flags=0x0, edgeFlags=0x0, pointerCount=1, historySize=0, eventTime=890040751, downTime=890040751, deviceId=0, source=0x1002 }
08-06 15:13:44.339 18417 18429 I art     : Explicit concurrent mark sweep GC freed 79(1424B) AllocSpace objects, 0(0B) LOS objects, 29% free, 39MB/55MB, paused 837us total 34.977ms
08-06 15:13:44.344 19352 19352 I Input   : injectMotionEvent: MotionEvent { action=ACTION_UP, actionButton=0, id[0]=0, x[0]=346.0, y[0]=709.0, toolType[0]=TOOL_TYPE_UNKNOWN, buttonState=0, metaState=0, flags=0x0, edgeFlags=0x0, pointerCount=1, historySize=0, eventTime=890040751, downTime=890040751, deviceId=0, source=0x1002 }
08-06 15:13:44.354   918  3961 I ActivityManager: START u0 {cmp=baseline.io.github.project_travel_mate/.destinations.description.FinalCityInfoActivity (has extras)} from uid 10696 on display 0
08-06 15:13:44.355 18417 18429 I art     : Starting a blocking GC Explicit
08-06 15:13:44.361 19352 19352 D AndroidRuntime: Shutting down VM
08-06 15:13:44.379 18417 18498 D Gabe    : call	returning from cache
08-06 15:13:44.391 18417 18429 I art     : Explicit concurrent mark sweep GC freed 2268(227KB) AllocSpace objects, 0(0B) LOS objects, 28% free, 39MB/55MB, paused 1.325ms total 35.777ms
08-06 15:13:44.414 18417 18417 V EXECUTING: https://project-travel-mate.herokuapp.com/api/get-city-weather/1
08-06 15:13:44.563   918   936 I ActivityManager: Displayed baseline.io.github.project_travel_mate/.destinations.description.FinalCityInfoActivity: +202ms
08-06 15:13:44.564 13866 13866 I GoogleInputMethodServic: GoogleInputMethodService.onFinishInput():3138 
08-06 15:13:44.564 13866 13866 I GoogleInputMethodServic: GoogleInputMethodService.onStartInput():1808 
08-06 15:13:44.740 18417 18430 I art     : Starting a blocking GC Explicit
08-06 15:13:44.776 18417 18430 I art     : Explicit concurrent mark sweep GC freed 6134(321KB) AllocSpace objects, 2(40KB) LOS objects, 26% free, 43MB/59MB, paused 838us total 35.255ms
08-06 15:13:44.792 18417 18430 I art     : Starting a blocking GC Explicit
08-06 15:13:44.812 14704 14704 I ServiceManager: Waiting for service AtCmdFwd...
08-06 15:13:44.821   380   380 W SurfaceFlinger: couldn't log to binary event log: overflow.
08-06 15:13:44.833 18417 18430 I art     : Explicit concurrent mark sweep GC freed 439(16KB) AllocSpace objects, 0(0B) LOS objects, 26% free, 43MB/59MB, paused 1.123ms total 40.499ms
08-06 15:13:44.849 18417 18430 I art     : Starting a blocking GC Explicit
08-06 15:13:44.883 18417 18430 I art     : Explicit concurrent mark sweep GC freed 147(2496B) AllocSpace objects, 0(0B) LOS objects, 26% free, 43MB/59MB, paused 842us total 34.218ms
08-06 15:13:44.900 18417 18430 I art     : Starting a blocking GC Explicit
08-06 15:13:44.936 18417 18430 I art     : Explicit concurrent mark sweep GC freed 147(2496B) AllocSpace objects, 0(0B) LOS objects, 26% free, 43MB/59MB, paused 882us total 36.519ms
08-06 15:13:44.955 18417 18430 I art     : Starting a blocking GC Explicit
08-06 15:13:44.990 18417 18430 I art     : Explicit concurrent mark sweep GC freed 103(1728B) AllocSpace objects, 0(0B) LOS objects, 26% free, 43MB/59MB, paused 1.181ms total 35.207ms
08-06 15:13:45.262 18417 19377 I NAPPA_EXPERIMENTATION: MetricNetworkRequestExecutionTime: REQUEST_DURATION_SYSTEM='847',REQUEST_DURATION_OKHTTP='37',REQUEST_SYNCHRONOUS='FALSE',RESPONSE_CODE='200',RESPONSE_METHOD='GET',RESPONSE_LENGTH_OKHTTP='530',RESPONSE_LENGTH_HEADER='530',REQUEST_PROTOCOL='http/1.1',REQUEST_URL='https://project-travel-mate.herokuapp.com/api/get-city/1',
08-06 15:13:45.287 18417 19376 I NAPPA_EXPERIMENTATION: MetricNetworkRequestExecutionTime: REQUEST_DURATION_SYSTEM='873',REQUEST_DURATION_OKHTTP='62',REQUEST_SYNCHRONOUS='FALSE',RESPONSE_CODE='200',RESPONSE_METHOD='GET',RESPONSE_LENGTH_OKHTTP='238',RESPONSE_LENGTH_HEADER='238',REQUEST_PROTOCOL='http/1.1',REQUEST_URL='https://project-travel-mate.herokuapp.com/api/get-city-weather/1',
08-06 15:13:45.298 18417 19377 V Response: {"id":1,"city_name":"Delhi","description":"Delhi, officially the National Capital Territory of Delhi, is the Capital territory of India. During the British Raj, Delhi was part of the province of Punjab and is still historically and culturally connected to the Punjab region.","latitude":"28.613900","longitude":"77.209000","facts_count":6,"images":["https://upload.wikimedia.org/wikipedia/commons/9/94/%E0%B4%96%E0%B5%81%E0%B4%A4%E0%B5%8D%E0%B4%AC%E0%B5%8D_%E0%B4%AE%E0%B4%BF%E0%B4%A8%E0%B4%BE%E0%B5%BC1.jpg"],"has_visited":false}
08-06 15:13:45.343 18417 18478 I art     : Starting a blocking GC Explicit
08-06 15:13:45.380 18417 18478 I art     : Explicit concurrent mark sweep GC freed 7314(378KB) AllocSpace objects, 5(240KB) LOS objects, 26% free, 44MB/60MB, paused 1.103ms total 37.088ms
08-06 15:13:45.396 18417 18478 I art     : Starting a blocking GC Explicit
08-06 15:13:45.432 18417 18478 I art     : Explicit concurrent mark sweep GC freed 2768(213KB) AllocSpace objects, 0(0B) LOS objects, 26% free, 44MB/60MB, paused 852us total 35.547ms
08-06 15:13:45.448 18417 18478 I art     : Starting a blocking GC Explicit
08-06 15:13:45.484 18417 18478 I art     : Explicit concurrent mark sweep GC freed 180(4KB) AllocSpace objects, 1(4MB) LOS objects, 28% free, 40MB/56MB, paused 795us total 35.692ms
08-06 15:13:45.501 18417 18478 I art     : Starting a blocking GC Explicit
08-06 15:13:45.540 18417 18478 I art     : Explicit concurrent mark sweep GC freed 156(2672B) AllocSpace objects, 0(0B) LOS objects, 28% free, 40MB/56MB, paused 1.082ms total 39.341ms
08-06 15:13:45.557 18417 18478 I art     : Starting a blocking GC Explicit
08-06 15:13:45.598 18417 18478 I art     : Explicit concurrent mark sweep GC freed 188(3KB) AllocSpace objects, 0(0B) LOS objects, 28% free, 40MB/56MB, paused 973us total 39.911ms
08-06 15:13:45.813 14704 14704 I ServiceManager: Waiting for service AtCmdFwd...
08-06 15:13:45.983 18417 18429 I art     : Starting a blocking GC Explicit
08-06 15:13:46.022 18417 18429 I art     : Explicit concurrent mark sweep GC freed 2661(104KB) AllocSpace objects, 2(40KB) LOS objects, 28% free, 40MB/56MB, paused 813us total 38.794ms
08-06 15:13:46.039 18417 18429 I art     : Starting a blocking GC Explicit
08-06 15:13:46.082 18417 18429 I art     : Explicit concurrent mark sweep GC freed 231(4KB) AllocSpace objects, 0(0B) LOS objects, 28% free, 40MB/56MB, paused 875us total 42.051ms
08-06 15:13:46.099 18417 18429 I art     : Starting a blocking GC Explicit
08-06 15:13:46.141 18417 18429 I art     : Explicit concurrent mark sweep GC freed 153(2608B) AllocSpace objects, 0(0B) LOS objects, 28% free, 40MB/56MB, paused 1.073ms total 42.003ms
08-06 15:13:46.158 18417 18429 I art     : Starting a blocking GC Explicit
08-06 15:13:46.202 18417 18429 I art     : Explicit concurrent mark sweep GC freed 190(3KB) AllocSpace objects, 0(0B) LOS objects, 28% free, 40MB/56MB, paused 822us total 43.545ms
08-06 15:13:46.219 18417 18429 I art     : Starting a blocking GC Explicit
08-06 15:13:46.262 18417 18429 I art     : Explicit concurrent mark sweep GC freed 195(3KB) AllocSpace objects, 0(0B) LOS objects, 28% free, 40MB/56MB, paused 834us total 42.903ms
08-06 15:13:46.668 18417 18697 I art     : Starting a blocking GC Explicit
08-06 15:13:46.714 18417 18697 I art     : Explicit concurrent mark sweep GC freed 2724(104KB) AllocSpace objects, 2(40KB) LOS objects, 28% free, 40MB/56MB, paused 852us total 44.860ms
08-06 15:13:46.733 18417 18697 I art     : Starting a blocking GC Explicit
08-06 15:13:46.775 18417 18697 I art     : Explicit concurrent mark sweep GC freed 166(3KB) AllocSpace objects, 0(0B) LOS objects, 28% free, 40MB/56MB, paused 959us total 41.405ms
08-06 15:13:46.791 18417 18697 I art     : Starting a blocking GC Explicit
08-06 15:13:46.813 14704 14704 I ServiceManager: Waiting for service AtCmdFwd...
08-06 15:13:46.834 18417 18697 I art     : Explicit concurrent mark sweep GC freed 194(3KB) AllocSpace objects, 0(0B) LOS objects, 28% free, 40MB/56MB, paused 775us total 42.108ms
08-06 15:13:46.851 18417 18697 I art     : Starting a blocking GC Explicit
08-06 15:13:46.893 18417 18697 I art     : Explicit concurrent mark sweep GC freed 159(2704B) AllocSpace objects, 0(0B) LOS objects, 28% free, 40MB/56MB, paused 988us total 42.176ms
08-06 15:13:46.910 18417 18697 I art     : Starting a blocking GC Explicit
08-06 15:13:46.952 18417 18697 I art     : Explicit concurrent mark sweep GC freed 184(3KB) AllocSpace objects, 0(0B) LOS objects, 28% free, 40MB/56MB, paused 807us total 41.632ms
08-06 15:13:46.952 18417 18427 I art     : WaitForGcToComplete blocked for 18.781ms for cause HeapTrim
08-06 15:13:47.348 18417 18478 I art     : Starting a blocking GC Explicit
08-06 15:13:47.394 18417 18478 I art     : Explicit concurrent mark sweep GC freed 2685(103KB) AllocSpace objects, 2(40KB) LOS objects, 28% free, 40MB/56MB, paused 1.043ms total 44.854ms
08-06 15:13:47.412 18417 18478 I art     : Starting a blocking GC Explicit
08-06 15:13:47.453 18417 18478 I art     : Explicit concurrent mark sweep GC freed 205(3KB) AllocSpace objects, 0(0B) LOS objects, 28% free, 40MB/56MB, paused 822us total 40.729ms
08-06 15:13:47.470 18417 18478 I art     : Starting a blocking GC Explicit
08-06 15:13:47.512 18417 18478 I art     : Explicit concurrent mark sweep GC freed 194(3KB) AllocSpace objects, 0(0B) LOS objects, 28% free, 40MB/56MB, paused 840us total 41.407ms
08-06 15:13:47.529 18417 18478 I art     : Starting a blocking GC Explicit
08-06 15:13:47.571 18417 18478 I art     : Explicit concurrent mark sweep GC freed 149(2560B) AllocSpace objects, 0(0B) LOS objects, 28% free, 40MB/56MB, paused 856us total 42.123ms
08-06 15:13:47.588 18417 18478 I art     : Starting a blocking GC Explicit
08-06 15:13:47.631 18417 18478 I art     : Explicit concurrent mark sweep GC freed 195(3KB) AllocSpace objects, 0(0B) LOS objects, 28% free, 40MB/56MB, paused 802us total 42.671ms
08-06 15:13:47.814 14704 14704 W Atfwd_Sendcmd: AtCmdFwd service not published, waiting... retryCnt : 5
08-06 15:13:48.053 18417 18430 I art     : Starting a blocking GC Explicit
08-06 15:13:48.097 18417 18430 I art     : Explicit concurrent mark sweep GC freed 2771(105KB) AllocSpace objects, 2(40KB) LOS objects, 28% free, 40MB/56MB, paused 908us total 42.917ms
08-06 15:13:48.116 18417 18430 I art     : Starting a blocking GC Explicit
08-06 15:13:48.157 18417 18430 I art     : Explicit concurrent mark sweep GC freed 167(3KB) AllocSpace objects, 0(0B) LOS objects, 28% free, 40MB/56MB, paused 828us total 40.631ms
08-06 15:13:48.174 18417 18430 I art     : Starting a blocking GC Explicit
08-06 15:13:48.216 18417 18430 I art     : Explicit concurrent mark sweep GC freed 195(3KB) AllocSpace objects, 0(0B) LOS objects, 28% free, 40MB/56MB, paused 814us total 42.047ms
08-06 15:13:48.233 18417 18430 I art     : Starting a blocking GC Explicit
08-06 15:13:48.273 18417 18430 I art     : Explicit concurrent mark sweep GC freed 148(2528B) AllocSpace objects, 0(0B) LOS objects, 28% free, 40MB/56MB, paused 795us total 39.025ms
08-06 15:13:48.290 18417 18430 I art     : Starting a blocking GC Explicit
08-06 15:13:48.332 18417 18430 I art     : Explicit concurrent mark sweep GC freed 195(3KB) AllocSpace objects, 0(0B) LOS objects, 28% free, 40MB/56MB, paused 838us total 42.091ms
08-06 15:13:48.735 18417 18697 I art     : Starting a blocking GC Explicit
08-06 15:13:48.777 18417 18697 I art     : Explicit concurrent mark sweep GC freed 2676(103KB) AllocSpace objects, 2(40KB) LOS objects, 28% free, 40MB/56MB, paused 875us total 41.676ms
08-06 15:13:48.794 18417 18697 I art     : Starting a blocking GC Explicit
08-06 15:13:48.836 18417 18697 I art     : Explicit concurrent mark sweep GC freed 228(4KB) AllocSpace objects, 0(0B) LOS objects, 28% free, 40MB/56MB, paused 819us total 41.382ms
08-06 15:13:48.853 18417 18697 I art     : Starting a blocking GC Explicit
08-06 15:13:48.892 18417 18697 I art     : Explicit concurrent mark sweep GC freed 149(2560B) AllocSpace objects, 0(0B) LOS objects, 28% free, 40MB/56MB, paused 870us total 39.374ms
08-06 15:13:48.909 18417 18697 I art     : Starting a blocking GC Explicit
08-06 15:13:48.950 18417 18697 I art     : Explicit concurrent mark sweep GC freed 182(3KB) AllocSpace objects, 0(0B) LOS objects, 28% free, 40MB/56MB, paused 1.022ms total 40.878ms
08-06 15:13:48.967 18417 18697 I art     : Starting a blocking GC Explicit
08-06 15:13:49.008 18417 18697 I art     : Explicit concurrent mark sweep GC freed 204(4KB) AllocSpace objects, 0(0B) LOS objects, 28% free, 40MB/56MB, paused 867us total 40.016ms
08-06 15:13:49.129 19452 19452 D AndroidRuntime: >>>>>> START com.android.internal.os.RuntimeInit uid 2000 <<<<<<
08-06 15:13:49.136 19452 19452 D AndroidRuntime: CheckJNI is OFF
08-06 15:13:49.179 19452 19452 D ICU     : No timezone override file found: /data/misc/zoneinfo/current/icu/icu_tzdata.dat
08-06 15:13:49.222 19452 19452 I Radio-JNI: register_android_hardware_Radio DONE
08-06 15:13:49.251 19452 19452 D AndroidRuntime: Calling main entry com.android.commands.input.Input
08-06 15:13:49.253 19452 19452 I Input   : injectMotionEvent: MotionEvent { action=ACTION_DOWN, actionButton=0, id[0]=0, x[0]=693.0, y[0]=1450.0, toolType[0]=TOOL_TYPE_UNKNOWN, buttonState=0, metaState=0, flags=0x0, edgeFlags=0x0, pointerCount=1, historySize=0, eventTime=890045666, downTime=890045666, deviceId=0, source=0x1002 }
08-06 15:13:49.258 19452 19452 I Input   : injectMotionEvent: MotionEvent { action=ACTION_UP, actionButton=0, id[0]=0, x[0]=693.0, y[0]=1450.0, toolType[0]=TOOL_TYPE_UNKNOWN, buttonState=0, metaState=0, flags=0x0, edgeFlags=0x0, pointerCount=1, historySize=0, eventTime=890045666, downTime=890045666, deviceId=0, source=0x1002 }
08-06 15:13:49.262 19452 19452 D AndroidRuntime: Shutting down VM
08-06 15:13:49.263   918  3961 I ActivityManager: START u0 {cmp=baseline.io.github.project_travel_mate/.destinations.description.CityHistoryActivity} from uid 10696 on display 0
08-06 15:13:49.265   512  2967 D audio_hw_primary: out_set_parameters: enter: usecase(1: low-latency-playback) kvpairs: routing=2
08-06 15:13:49.278   512  2967 D audio_hw_primary: select_devices: out_snd_device(2: speaker) in_snd_device(0: none)
08-06 15:13:49.279   512  2967 D msm8974_platform: platform_send_audio_calibration: sending audio calibration for snd_device(2) acdb_id(15)
08-06 15:13:49.279   512  2967 I soundtrigger: audio_extn_sound_trigger_update_device_status: device 0x2 of type 0 for Event 1
08-06 15:13:49.288   512  2967 D audio_hw_primary: enable_snd_device: snd_device(2: speaker)
08-06 15:13:49.290   512  2967 D audio_hw_primary: enable_audio_route: apply and update mixer path: low-latency-playback speaker
08-06 15:13:49.295 18417 18498 D Gabe    : call	returning from cache
08-06 15:13:49.297 18417 18417 V EXECUTING: https://project-travel-mate.herokuapp.com/api/get-city-information/1
08-06 15:13:49.407 18417 18478 I art     : Starting a blocking GC Explicit
08-06 15:13:49.444 18417 18478 I art     : Explicit concurrent mark sweep GC freed 3342(158KB) AllocSpace objects, 2(40KB) LOS objects, 26% free, 44MB/60MB, paused 927us total 36.509ms
08-06 15:13:49.450   918   936 I ActivityManager: Displayed baseline.io.github.project_travel_mate/.destinations.description.CityHistoryActivity: +178ms
08-06 15:13:49.450 13866 13866 I GoogleInputMethodServic: GoogleInputMethodService.onFinishInput():3138 
08-06 15:13:49.450 13866 13866 I GoogleInputMethodServic: GoogleInputMethodService.onStartInput():1808 
08-06 15:13:49.460 18417 18478 I art     : Starting a blocking GC Explicit
08-06 15:13:49.499 18417 18478 I art     : Explicit concurrent mark sweep GC freed 366(13KB) AllocSpace objects, 0(0B) LOS objects, 26% free, 44MB/60MB, paused 1.248ms total 38.724ms
08-06 15:13:49.517 18417 18478 I art     : Starting a blocking GC Explicit
08-06 15:13:49.556 18417 18478 I art     : Explicit concurrent mark sweep GC freed 108(1856B) AllocSpace objects, 0(0B) LOS objects, 26% free, 44MB/60MB, paused 998us total 38.301ms
08-06 15:13:49.557 24365 31017 I NetworkScheduler.Stats: Task com.google.android.gms/com.google.android.gms.icing.service.IcingGcmTaskService started execution. cause:4 exec_start_elapsed_seconds: 1873433 [CONTEXT service_id=218 ]
08-06 15:13:49.574 18417 18478 I art     : Starting a blocking GC Explicit
08-06 15:13:49.575 24365  4184 I NetworkScheduler.Stats: Task com.google.android.gms/com.google.android.gms.icing.service.IcingGcmTaskService finished executing. cause:4 result: 1 elapsed_millis: 48 uptime_millis: 48 exec_start_elapsed_seconds: 1873433 [CONTEXT service_id=218 ]
08-06 15:13:49.613 18417 18478 I art     : Explicit concurrent mark sweep GC freed 35(656B) AllocSpace objects, 0(0B) LOS objects, 26% free, 44MB/60MB, paused 1.372ms total 39.080ms
08-06 15:13:49.630 18417 18478 I art     : Starting a blocking GC Explicit
08-06 15:13:49.666 18417 18478 I art     : Explicit concurrent mark sweep GC freed 294(4KB) AllocSpace objects, 0(0B) LOS objects, 26% free, 44MB/60MB, paused 793us total 34.974ms
08-06 15:13:49.710   380   380 W SurfaceFlinger: couldn't log to binary event log: overflow.
08-06 15:13:49.829   512  2967 D audio_hw_primary: disable_audio_route: reset and update mixer path: low-latency-playback speaker
08-06 15:13:49.830   512  2967 D audio_hw_primary: disable_snd_device: snd_device(2: speaker)
08-06 15:13:49.840   512  2967 I soundtrigger: audio_extn_sound_trigger_update_device_status: device 0x2 of type 0 for Event 0
08-06 15:13:50.032 18417 18697 I art     : Starting a blocking GC Explicit
08-06 15:13:50.069 18417 18697 I art     : Explicit concurrent mark sweep GC freed 2515(101KB) AllocSpace objects, 2(40KB) LOS objects, 26% free, 44MB/60MB, paused 1.215ms total 37.474ms
08-06 15:13:50.086 18417 18697 I art     : Starting a blocking GC Explicit
08-06 15:13:50.124 18417 18697 I art     : Explicit concurrent mark sweep GC freed 977(65KB) AllocSpace objects, 2(120KB) LOS objects, 26% free, 44MB/60MB, paused 1.385ms total 38.409ms
08-06 15:13:50.141 18417 18697 I art     : Starting a blocking GC Explicit
08-06 15:13:50.178 18417 19477 I NAPPA_EXPERIMENTATION: MetricNetworkRequestExecutionTime: REQUEST_DURATION_SYSTEM='880',REQUEST_DURATION_OKHTTP='34',REQUEST_SYNCHRONOUS='FALSE',RESPONSE_CODE='200',RESPONSE_METHOD='GET',RESPONSE_LENGTH_OKHTTP='55024',RESPONSE_LENGTH_HEADER='55024',REQUEST_PROTOCOL='http/1.1',REQUEST_URL='https://project-travel-mate.herokuapp.com/api/get-city-information/1',
08-06 15:13:50.179 18417 18697 I art     : Explicit concurrent mark sweep GC freed 2323(125KB) AllocSpace objects, 1(80KB) LOS objects, 26% free, 44MB/60MB, paused 1.214ms total 37.728ms
08-06 15:13:50.195 18417 18697 I art     : Starting a blocking GC Explicit
08-06 15:13:50.232 18417 18697 I art     : Explicit concurrent mark sweep GC freed 766(75KB) AllocSpace objects, 3(272KB) LOS objects, 26% free, 44MB/60MB, paused 993us total 36.806ms
08-06 15:13:50.248 18417 18697 I art     : Starting a blocking GC Explicit
08-06 15:13:50.285 18417 18697 I art     : Explicit concurrent mark sweep GC freed 317(406KB) AllocSpace objects, 3(68KB) LOS objects, 26% free, 45MB/61MB, paused 949us total 36.622ms
08-06 15:13:50.318 13866 13866 I GoogleInputMethodServic: GoogleInputMethodService.onFinishInput():3138 
08-06 15:13:50.319 13866 13866 I GoogleInputMethodServic: GoogleInputMethodService.onStartInput():1808 
08-06 15:13:50.658 18417 18430 I art     : Starting a blocking GC Explicit
08-06 15:13:50.706 18417 18430 I art     : Explicit concurrent mark sweep GC freed 4245(918KB) AllocSpace objects, 16(4MB) LOS objects, 28% free, 40MB/56MB, paused 864us total 47.271ms
08-06 15:13:50.722 18417 18430 I art     : Starting a blocking GC Explicit
08-06 15:13:50.763 18417 18430 I art     : Explicit concurrent mark sweep GC freed 306(6KB) AllocSpace objects, 0(0B) LOS objects, 28% free, 40MB/56MB, paused 1.056ms total 40.554ms
08-06 15:13:50.780 18417 18430 I art     : Starting a blocking GC Explicit
08-06 15:13:50.820 18417 18430 I art     : Explicit concurrent mark sweep GC freed 266(4KB) AllocSpace objects, 0(0B) LOS objects, 28% free, 40MB/56MB, paused 839us total 39.730ms
08-06 15:13:50.837 18417 18430 I art     : Starting a blocking GC Explicit
08-06 15:13:50.878 18417 18430 I art     : Explicit concurrent mark sweep GC freed 219(3KB) AllocSpace objects, 0(0B) LOS objects, 28% free, 40MB/56MB, paused 912us total 40.965ms
08-06 15:13:50.895 18417 18430 I art     : Starting a blocking GC Explicit
08-06 15:13:50.938 18417 18430 I art     : Explicit concurrent mark sweep GC freed 293(4KB) AllocSpace objects, 0(0B) LOS objects, 28% free, 40MB/56MB, paused 1.094ms total 42.149ms
08-06 15:13:51.331 18417 18430 I art     : Starting a blocking GC Explicit
08-06 15:13:51.379 18417 18430 I art     : Explicit concurrent mark sweep GC freed 3329(114KB) AllocSpace objects, 2(40KB) LOS objects, 28% free, 40MB/56MB, paused 930us total 48.368ms
08-06 15:13:51.399 18417 18430 I art     : Starting a blocking GC Explicit
08-06 15:13:51.442 18417 18430 I art     : Explicit concurrent mark sweep GC freed 310(5KB) AllocSpace objects, 0(0B) LOS objects, 28% free, 40MB/56MB, paused 840us total 42.460ms
08-06 15:13:51.460 18417 18430 I art     : Starting a blocking GC Explicit
08-06 15:13:51.502 18417 18430 I art     : Explicit concurrent mark sweep GC freed 291(4KB) AllocSpace objects, 0(0B) LOS objects, 28% free, 40MB/56MB, paused 835us total 41.609ms
08-06 15:13:51.519 18417 18430 I art     : Starting a blocking GC Explicit
08-06 15:13:51.559 18417 18430 I art     : Explicit concurrent mark sweep GC freed 219(3KB) AllocSpace objects, 0(0B) LOS objects, 28% free, 40MB/56MB, paused 820us total 39.853ms
08-06 15:13:51.575 18417 18430 I art     : Starting a blocking GC Explicit
08-06 15:13:51.617 18417 18430 I art     : Explicit concurrent mark sweep GC freed 290(4KB) AllocSpace objects, 0(0B) LOS objects, 28% free, 40MB/56MB, paused 883us total 41.850ms
08-06 15:13:52.021 18417 18478 I art     : Starting a blocking GC Explicit
08-06 15:13:52.067 18417 18478 I art     : Explicit concurrent mark sweep GC freed 3365(115KB) AllocSpace objects, 2(40KB) LOS objects, 28% free, 40MB/56MB, paused 1.039ms total 45.218ms
08-06 15:13:52.085 18417 18478 I art     : Starting a blocking GC Explicit
08-06 15:13:52.131 18417 18478 I art     : Explicit concurrent mark sweep GC freed 292(6KB) AllocSpace objects, 0(0B) LOS objects, 28% free, 40MB/56MB, paused 1.046ms total 46.215ms
08-06 15:13:52.151 18417 18478 I art     : Starting a blocking GC Explicit
08-06 15:13:52.195 18417 18478 I art     : Explicit concurrent mark sweep GC freed 291(4KB) AllocSpace objects, 0(0B) LOS objects, 28% free, 40MB/56MB, paused 880us total 44.526ms
08-06 15:13:52.213 18417 18478 I art     : Starting a blocking GC Explicit
08-06 15:13:52.259 18417 18478 I art     : Explicit concurrent mark sweep GC freed 290(4KB) AllocSpace objects, 0(0B) LOS objects, 28% free, 40MB/56MB, paused 842us total 45.636ms
08-06 15:13:52.276 18417 18478 I art     : Starting a blocking GC Explicit
08-06 15:13:52.320 18417 18478 I art     : Explicit concurrent mark sweep GC freed 292(4KB) AllocSpace objects, 0(0B) LOS objects, 28% free, 40MB/56MB, paused 893us total 44.640ms
08-06 15:13:52.736 18417 18429 I art     : Starting a blocking GC Explicit
08-06 15:13:52.780 18417 18429 I art     : Explicit concurrent mark sweep GC freed 3373(114KB) AllocSpace objects, 2(40KB) LOS objects, 28% free, 40MB/56MB, paused 816us total 43.472ms
08-06 15:13:52.797 18417 18429 I art     : Starting a blocking GC Explicit
08-06 15:13:52.843 18417 18429 I art     : Explicit concurrent mark sweep GC freed 309(5KB) AllocSpace objects, 0(0B) LOS objects, 28% free, 40MB/56MB, paused 900us total 45.244ms
08-06 15:13:52.860 18417 18429 I art     : Starting a blocking GC Explicit
08-06 15:13:52.906 18417 18429 I art     : Explicit concurrent mark sweep GC freed 292(4KB) AllocSpace objects, 0(0B) LOS objects, 28% free, 40MB/56MB, paused 826us total 45.299ms
08-06 15:13:52.923 18417 18429 I art     : Starting a blocking GC Explicit
08-06 15:13:52.969 18417 18429 I art     : Explicit concurrent mark sweep GC freed 290(4KB) AllocSpace objects, 0(0B) LOS objects, 28% free, 40MB/56MB, paused 861us total 45.455ms
08-06 15:13:52.987 18417 18429 I art     : Starting a blocking GC Explicit
08-06 15:13:53.033 18417 18429 I art     : Explicit concurrent mark sweep GC freed 232(3KB) AllocSpace objects, 0(0B) LOS objects, 28% free, 40MB/56MB, paused 1.077ms total 45.687ms
08-06 15:13:53.444 18417 18697 I art     : Starting a blocking GC Explicit
08-06 15:13:53.487 18417 18697 I art     : Explicit concurrent mark sweep GC freed 3431(115KB) AllocSpace objects, 2(40KB) LOS objects, 28% free, 40MB/56MB, paused 922us total 41.923ms
08-06 15:13:53.504 18417 18697 I art     : Starting a blocking GC Explicit
08-06 15:13:53.545 18417 18697 I art     : Explicit concurrent mark sweep GC freed 239(4KB) AllocSpace objects, 0(0B) LOS objects, 28% free, 40MB/56MB, paused 842us total 40.628ms
08-06 15:13:53.562 18417 18697 I art     : Starting a blocking GC Explicit
08-06 15:13:53.601 18417 18697 I art     : Explicit concurrent mark sweep GC freed 290(4KB) AllocSpace objects, 0(0B) LOS objects, 28% free, 40MB/56MB, paused 882us total 39.427ms
08-06 15:13:53.618 18417 18697 I art     : Starting a blocking GC Explicit
08-06 15:13:53.658 18417 18697 I art     : Explicit concurrent mark sweep GC freed 220(3KB) AllocSpace objects, 0(0B) LOS objects, 28% free, 40MB/56MB, paused 957us total 39.332ms
08-06 15:13:53.674 18417 18697 I art     : Starting a blocking GC Explicit
08-06 15:13:53.717 18417 18697 I art     : Explicit concurrent mark sweep GC freed 229(3KB) AllocSpace objects, 0(0B) LOS objects, 28% free, 40MB/56MB, paused 1.072ms total 42.645ms
08-06 15:13:54.060 19539 19539 D AndroidRuntime: >>>>>> START com.android.internal.os.RuntimeInit uid 2000 <<<<<<
08-06 15:13:54.066 19539 19539 D AndroidRuntime: CheckJNI is OFF
08-06 15:13:54.106 18417 18430 I art     : Starting a blocking GC Explicit
08-06 15:13:54.110 19539 19539 D ICU     : No timezone override file found: /data/misc/zoneinfo/current/icu/icu_tzdata.dat
08-06 15:13:54.150 18417 18430 I art     : Explicit concurrent mark sweep GC freed 3291(113KB) AllocSpace objects, 2(40KB) LOS objects, 28% free, 40MB/56MB, paused 926us total 43.735ms
08-06 15:13:54.156 19539 19539 I Radio-JNI: register_android_hardware_Radio DONE
08-06 15:13:54.167 18417 18430 I art     : Starting a blocking GC Explicit
08-06 15:13:54.187 19539 19539 D AndroidRuntime: Calling main entry com.android.commands.input.Input
08-06 15:13:54.189 19539 19539 I Input   : injectKeyEvent: KeyEvent { action=ACTION_DOWN, keyCode=KEYCODE_BACK, scanCode=0, metaState=0, flags=0x0, repeatCount=0, eventTime=890050601, downTime=890050601, deviceId=-1, source=0x101 }
08-06 15:13:54.195 19539 19539 I Input   : injectKeyEvent: KeyEvent { action=ACTION_UP, keyCode=KEYCODE_BACK, scanCode=0, metaState=0, flags=0x0, repeatCount=0, eventTime=890050601, downTime=890050601, deviceId=-1, source=0x101 }
08-06 15:13:54.201 19539 19539 D AndroidRuntime: Shutting down VM
08-06 15:13:54.209 18417 18430 I art     : Explicit concurrent mark sweep GC freed 273(5KB) AllocSpace objects, 0(0B) LOS objects, 28% free, 40MB/56MB, paused 1.018ms total 41.264ms
08-06 15:13:54.226 18417 18430 I art     : Starting a blocking GC Explicit
08-06 15:13:54.244 13866 13866 I GoogleInputMethodServic: GoogleInputMethodService.onFinishInput():3138 
08-06 15:13:54.245 13866 13866 I GoogleInputMethodServic: GoogleInputMethodService.onStartInput():1808 
08-06 15:13:54.265 18417 18430 I art     : Explicit concurrent mark sweep GC freed 269(6KB) AllocSpace objects, 0(0B) LOS objects, 28% free, 40MB/56MB, paused 1.046ms total 38.262ms
08-06 15:13:54.281 18417 18430 I art     : Starting a blocking GC Explicit
08-06 15:13:54.319 18417 18430 I art     : Explicit concurrent mark sweep GC freed 312(5KB) AllocSpace objects, 0(0B) LOS objects, 28% free, 40MB/56MB, paused 849us total 37.309ms
08-06 15:13:54.336 18417 18430 I art     : Starting a blocking GC Explicit
08-06 15:13:54.371 18417 18430 I art     : Explicit concurrent mark sweep GC freed 221(3KB) AllocSpace objects, 0(0B) LOS objects, 28% free, 40MB/56MB, paused 820us total 35.371ms
08-06 15:13:54.531   918   937 W ProcessCpuTracker: Skipping unknown process pid 19563
08-06 15:13:54.534   380   380 W SurfaceFlinger: couldn't log to binary event log: overflow.
08-06 15:13:54.733 18417 18697 I art     : Starting a blocking GC Explicit
08-06 15:13:54.780 18417 18697 I art     : Explicit concurrent mark sweep GC freed 2823(106KB) AllocSpace objects, 4(404KB) LOS objects, 28% free, 40MB/56MB, paused 1.001ms total 47.083ms
08-06 15:13:54.799 18417 18697 I art     : Starting a blocking GC Explicit
08-06 15:13:54.837 18417 18697 I art     : Explicit concurrent mark sweep GC freed 4906(342KB) AllocSpace objects, 7(132KB) LOS objects, 28% free, 39MB/55MB, paused 838us total 37.434ms
08-06 15:13:54.853 18417 18697 I art     : Starting a blocking GC Explicit
08-06 15:13:54.892 18417 18697 I art     : Explicit concurrent mark sweep GC freed 161(3KB) AllocSpace objects, 0(0B) LOS objects, 28% free, 39MB/55MB, paused 897us total 38.583ms
08-06 15:13:54.908 18417 18697 I art     : Starting a blocking GC Explicit
08-06 15:13:54.947 18417 18697 I art     : Explicit concurrent mark sweep GC freed 168(3KB) AllocSpace objects, 0(0B) LOS objects, 28% free, 39MB/55MB, paused 891us total 38.586ms
08-06 15:13:54.963 18417 18697 I art     : Starting a blocking GC Explicit
08-06 15:13:55.002 18417 18697 I art     : Explicit concurrent mark sweep GC freed 201(3KB) AllocSpace objects, 0(0B) LOS objects, 28% free, 39MB/55MB, paused 932us total 38.548ms
08-06 15:13:55.369 18417 18430 I art     : Starting a blocking GC Explicit
08-06 15:13:55.410 18417 18430 I art     : Explicit concurrent mark sweep GC freed 2602(102KB) AllocSpace objects, 2(40KB) LOS objects, 28% free, 39MB/55MB, paused 857us total 40.718ms
08-06 15:13:55.427 18417 18430 I art     : Starting a blocking GC Explicit
08-06 15:13:55.465 18417 18430 I art     : Explicit concurrent mark sweep GC freed 166(3KB) AllocSpace objects, 0(0B) LOS objects, 28% free, 39MB/55MB, paused 1.018ms total 37.927ms
08-06 15:13:55.481 18417 18430 I art     : Starting a blocking GC Explicit
08-06 15:13:55.520 18417 18430 I art     : Explicit concurrent mark sweep GC freed 163(2752B) AllocSpace objects, 0(0B) LOS objects, 28% free, 39MB/55MB, paused 950us total 38.127ms
08-06 15:13:55.536 18417 18430 I art     : Starting a blocking GC Explicit
08-06 15:13:55.574 18417 18430 I art     : Explicit concurrent mark sweep GC freed 179(3040B) AllocSpace objects, 0(0B) LOS objects, 28% free, 39MB/55MB, paused 869us total 37.588ms
08-06 15:13:55.591 18417 18430 I art     : Starting a blocking GC Explicit
08-06 15:13:55.629 18417 18430 I art     : Explicit concurrent mark sweep GC freed 147(2496B) AllocSpace objects, 0(0B) LOS objects, 28% free, 39MB/55MB, paused 877us total 38.642ms
08-06 15:13:55.965 19584 19584 D AndroidRuntime: >>>>>> START com.android.internal.os.RuntimeInit uid 2000 <<<<<<
08-06 15:13:55.972 19584 19584 D AndroidRuntime: CheckJNI is OFF
08-06 15:13:56.000 18417 18478 I art     : Starting a blocking GC Explicit
08-06 15:13:56.018 19584 19584 D ICU     : No timezone override file found: /data/misc/zoneinfo/current/icu/icu_tzdata.dat
08-06 15:13:56.061 19584 19584 I Radio-JNI: register_android_hardware_Radio DONE
08-06 15:13:56.071 18417 18478 I art     : Explicit concurrent mark sweep GC freed 2675(103KB) AllocSpace objects, 2(40KB) LOS objects, 28% free, 39MB/55MB, paused 1.597ms total 70.299ms
08-06 15:13:56.090 19584 19584 D AndroidRuntime: Calling main entry com.android.commands.input.Input
08-06 15:13:56.092 19584 19584 I Input   : injectKeyEvent: KeyEvent { action=ACTION_DOWN, keyCode=KEYCODE_BACK, scanCode=0, metaState=0, flags=0x0, repeatCount=0, eventTime=890052505, downTime=890052505, deviceId=-1, source=0x101 }
08-06 15:13:56.093 18417 18478 I art     : Starting a blocking GC Explicit
08-06 15:13:56.097 19584 19584 I Input   : injectKeyEvent: KeyEvent { action=ACTION_UP, keyCode=KEYCODE_BACK, scanCode=0, metaState=0, flags=0x0, repeatCount=0, eventTime=890052505, downTime=890052505, deviceId=-1, source=0x101 }
08-06 15:13:56.103 19584 19584 D AndroidRuntime: Shutting down VM
08-06 15:13:56.119 18417 18417 V MainActivity: url = https://project-travel-mate.herokuapp.com/api/number-of-unread-notifications
08-06 15:13:56.131 18417 18478 I art     : Explicit concurrent mark sweep GC freed 536(16KB) AllocSpace objects, 0(0B) LOS objects, 28% free, 39MB/55MB, paused 998us total 37.660ms
08-06 15:13:56.147 18417 18478 I art     : Starting a blocking GC Explicit
08-06 15:13:56.149 13866 13866 I GoogleInputMethodServic: GoogleInputMethodService.onFinishInput():3138 
08-06 15:13:56.152 13866 13866 I GoogleInputMethodServic: GoogleInputMethodService.onStartInput():1808 
08-06 15:13:56.184 18417 18478 I art     : Explicit concurrent mark sweep GC freed 334(12KB) AllocSpace objects, 0(0B) LOS objects, 28% free, 39MB/55MB, paused 870us total 36.683ms
08-06 15:13:56.200 18417 18478 I art     : Starting a blocking GC Explicit
08-06 15:13:56.235 18417 18478 I art     : Explicit concurrent mark sweep GC freed 213(5KB) AllocSpace objects, 0(0B) LOS objects, 28% free, 39MB/55MB, paused 987us total 34.917ms
08-06 15:13:56.251 18417 18478 I art     : Starting a blocking GC Explicit
08-06 15:13:56.289 18417 18478 I art     : Explicit concurrent mark sweep GC freed 186(3KB) AllocSpace objects, 0(0B) LOS objects, 28% free, 39MB/55MB, paused 969us total 37.274ms
08-06 15:13:56.451   380   380 W SurfaceFlinger: couldn't log to binary event log: overflow.
08-06 15:13:56.644 18417 18478 I art     : Starting a blocking GC Explicit
08-06 15:13:56.690 18417 18478 I art     : Explicit concurrent mark sweep GC freed 2286(98KB) AllocSpace objects, 2(40KB) LOS objects, 28% free, 39MB/55MB, paused 1.032ms total 45.375ms
08-06 15:13:56.709 18417 18478 I art     : Starting a blocking GC Explicit
08-06 15:13:56.749 18417 18478 I art     : Explicit concurrent mark sweep GC freed 235(9KB) AllocSpace objects, 0(0B) LOS objects, 28% free, 39MB/55MB, paused 968us total 39.525ms
08-06 15:13:56.765 18417 18478 I art     : Starting a blocking GC Explicit
08-06 15:13:56.806 18417 18478 I art     : Explicit concurrent mark sweep GC freed 99(1696B) AllocSpace objects, 0(0B) LOS objects, 28% free, 39MB/55MB, paused 961us total 40.209ms
08-06 15:13:56.823 18417 18478 I art     : Starting a blocking GC Explicit
08-06 15:13:56.863 18417 18478 I art     : Explicit concurrent mark sweep GC freed 75(1296B) AllocSpace objects, 0(0B) LOS objects, 28% free, 39MB/55MB, paused 967us total 40.470ms
08-06 15:13:56.880 18417 18478 I art     : Starting a blocking GC Explicit
08-06 15:13:56.923 18417 18478 I art     : Explicit concurrent mark sweep GC freed 2670(133KB) AllocSpace objects, 2(120KB) LOS objects, 28% free, 40MB/56MB, paused 1.114ms total 43.018ms
08-06 15:13:56.933 18417 19607 I NAPPA_EXPERIMENTATION: MetricNetworkRequestExecutionTime: REQUEST_DURATION_SYSTEM='813',REQUEST_DURATION_OKHTTP='32',REQUEST_SYNCHRONOUS='FALSE',RESPONSE_CODE='200',RESPONSE_METHOD='GET',RESPONSE_LENGTH_OKHTTP='36',RESPONSE_LENGTH_HEADER='36',REQUEST_PROTOCOL='http/1.1',REQUEST_URL='https://project-travel-mate.herokuapp.com/api/number-of-unread-notifications',
08-06 15:13:57.282 18417 18429 I art     : Starting a blocking GC Explicit
08-06 15:13:57.325 18417 18429 I art     : Explicit concurrent mark sweep GC freed 3164(224KB) AllocSpace objects, 3(120KB) LOS objects, 28% free, 39MB/55MB, paused 905us total 43.172ms
08-06 15:13:57.344 18417 18429 I art     : Starting a blocking GC Explicit
08-06 15:13:57.380 18417 18429 I art     : Explicit concurrent mark sweep GC freed 107(2560B) AllocSpace objects, 0(0B) LOS objects, 28% free, 39MB/55MB, paused 845us total 35.793ms
08-06 15:13:57.397 18417 18429 I art     : Starting a blocking GC Explicit
08-06 15:13:57.432 18417 18429 I art     : Explicit concurrent mark sweep GC freed 75(1296B) AllocSpace objects, 0(0B) LOS objects, 28% free, 39MB/55MB, paused 867us total 35.297ms
08-06 15:13:57.448 18417 18429 I art     : Starting a blocking GC Explicit
08-06 15:13:57.483 18417 18429 I art     : Explicit concurrent mark sweep GC freed 76(1328B) AllocSpace objects, 0(0B) LOS objects, 28% free, 39MB/55MB, paused 886us total 35.085ms
08-06 15:13:57.499 18417 18429 I art     : Starting a blocking GC Explicit
08-06 15:13:57.535 18417 18429 I art     : Explicit concurrent mark sweep GC freed 75(1296B) AllocSpace objects, 0(0B) LOS objects, 28% free, 39MB/55MB, paused 865us total 35.725ms
08-06 15:13:57.842 19630 19630 D AndroidRuntime: >>>>>> START com.android.internal.os.RuntimeInit uid 2000 <<<<<<
08-06 15:13:57.847 19630 19630 D AndroidRuntime: CheckJNI is OFF
08-06 15:13:57.886 19630 19630 D ICU     : No timezone override file found: /data/misc/zoneinfo/current/icu/icu_tzdata.dat
08-06 15:13:57.888 18417 18697 I art     : Starting a blocking GC Explicit
08-06 15:13:57.926 18417 18697 I art     : Explicit concurrent mark sweep GC freed 2038(93KB) AllocSpace objects, 2(40KB) LOS objects, 28% free, 39MB/55MB, paused 1.024ms total 37.777ms
08-06 15:13:57.927 19630 19630 I Radio-JNI: register_android_hardware_Radio DONE
08-06 15:13:57.943 18417 18697 I art     : Starting a blocking GC Explicit
08-06 15:13:57.956 19630 19630 D AndroidRuntime: Calling main entry com.android.commands.input.Input
08-06 15:13:57.958 19630 19630 I Input   : injectMotionEvent: MotionEvent { action=ACTION_DOWN, actionButton=0, id[0]=0, x[0]=117.0, y[0]=170.0, toolType[0]=TOOL_TYPE_UNKNOWN, buttonState=0, metaState=0, flags=0x0, edgeFlags=0x0, pointerCount=1, historySize=0, eventTime=890054370, downTime=890054370, deviceId=0, source=0x1002 }
08-06 15:13:57.962 19630 19630 I Input   : injectMotionEvent: MotionEvent { action=ACTION_UP, actionButton=0, id[0]=0, x[0]=117.0, y[0]=170.0, toolType[0]=TOOL_TYPE_UNKNOWN, buttonState=0, metaState=0, flags=0x0, edgeFlags=0x0, pointerCount=1, historySize=0, eventTime=890054370, downTime=890054370, deviceId=0, source=0x1002 }
08-06 15:13:57.964 19630 19630 D AndroidRuntime: Shutting down VM
08-06 15:13:57.974   512  2967 D audio_hw_primary: out_set_parameters: enter: usecase(1: low-latency-playback) kvpairs: routing=2
08-06 15:13:57.981 18417 18697 I art     : Explicit concurrent mark sweep GC freed 134(3KB) AllocSpace objects, 0(0B) LOS objects, 28% free, 39MB/55MB, paused 888us total 37.768ms
08-06 15:13:57.988   512  2967 D audio_hw_primary: select_devices: out_snd_device(2: speaker) in_snd_device(0: none)
08-06 15:13:57.988   512  2967 D msm8974_platform: platform_send_audio_calibration: sending audio calibration for snd_device(2) acdb_id(15)
08-06 15:13:57.989   512  2967 I soundtrigger: audio_extn_sound_trigger_update_device_status: device 0x2 of type 0 for Event 1
08-06 15:13:57.997 18417 18697 I art     : Starting a blocking GC Explicit
08-06 15:13:57.997   512  2967 D audio_hw_primary: enable_snd_device: snd_device(2: speaker)
08-06 15:13:57.999   512  2967 D audio_hw_primary: enable_audio_route: apply and update mixer path: low-latency-playback speaker
08-06 15:13:58.036 18417 18697 I art     : Explicit concurrent mark sweep GC freed 120(3KB) AllocSpace objects, 0(0B) LOS objects, 28% free, 40MB/56MB, paused 1.054ms total 38.172ms
08-06 15:13:58.051 18417 18697 I art     : Starting a blocking GC Explicit
08-06 15:13:58.091 18417 18697 I art     : Explicit concurrent mark sweep GC freed 377(18KB) AllocSpace objects, 0(0B) LOS objects, 28% free, 40MB/56MB, paused 1.232ms total 39.788ms
08-06 15:13:58.109 18417 18697 I art     : Starting a blocking GC Explicit
08-06 15:13:58.147 18417 18697 I art     : Explicit concurrent mark sweep GC freed 146(5KB) AllocSpace objects, 0(0B) LOS objects, 28% free, 40MB/56MB, paused 977us total 37.996ms
08-06 15:13:58.502 18417 18430 I art     : Starting a blocking GC Explicit
08-06 15:13:58.539   512  2967 D audio_hw_primary: disable_audio_route: reset and update mixer path: low-latency-playback speaker
08-06 15:13:58.541   512  2967 D audio_hw_primary: disable_snd_device: snd_device(2: speaker)
08-06 15:13:58.543 18417 18430 I art     : Explicit concurrent mark sweep GC freed 2006(92KB) AllocSpace objects, 2(40KB) LOS objects, 28% free, 40MB/56MB, paused 960us total 40.609ms
08-06 15:13:58.549   512  2967 I soundtrigger: audio_extn_sound_trigger_update_device_status: device 0x2 of type 0 for Event 0
08-06 15:13:58.560 18417 18430 I art     : Starting a blocking GC Explicit
08-06 15:13:58.597 18417 18430 I art     : Explicit concurrent mark sweep GC freed 105(2336B) AllocSpace objects, 0(0B) LOS objects, 28% free, 40MB/56MB, paused 855us total 36.536ms
08-06 15:13:58.613 18417 18430 I art     : Starting a blocking GC Explicit
08-06 15:13:58.652 18417 18430 I art     : Explicit concurrent mark sweep GC freed 75(1296B) AllocSpace objects, 0(0B) LOS objects, 28% free, 40MB/56MB, paused 920us total 38.580ms
08-06 15:13:58.669 18417 18430 I art     : Starting a blocking GC Explicit
08-06 15:13:58.707 18417 18430 I art     : Explicit concurrent mark sweep GC freed 98(1664B) AllocSpace objects, 0(0B) LOS objects, 28% free, 40MB/56MB, paused 1.002ms total 38.436ms
08-06 15:13:58.723 19654 19654 D AndroidRuntime: >>>>>> START com.android.internal.os.RuntimeInit uid 2000 <<<<<<
08-06 15:13:58.724 18417 18430 I art     : Starting a blocking GC Explicit
08-06 15:13:58.729 19654 19654 D AndroidRuntime: CheckJNI is OFF
08-06 15:13:58.763 18417 18430 I art     : Explicit concurrent mark sweep GC freed 78(1392B) AllocSpace objects, 0(0B) LOS objects, 28% free, 40MB/56MB, paused 954us total 38.814ms
08-06 15:13:58.773 19654 19654 D ICU     : No timezone override file found: /data/misc/zoneinfo/current/icu/icu_tzdata.dat
08-06 15:13:58.815 19654 19654 I Radio-JNI: register_android_hardware_Radio DONE
08-06 15:13:58.844 19654 19654 D AndroidRuntime: Calling main entry com.android.commands.input.Input
08-06 15:13:58.846 19654 19654 I Input   : injectMotionEvent: MotionEvent { action=ACTION_DOWN, actionButton=0, id[0]=0, x[0]=355.0, y[0]=1674.0, toolType[0]=TOOL_TYPE_UNKNOWN, buttonState=0, metaState=0, flags=0x0, edgeFlags=0x0, pointerCount=1, historySize=0, eventTime=890055258, downTime=890055258, deviceId=0, source=0x1002 }
08-06 15:13:58.849 19654 19654 I Input   : injectMotionEvent: MotionEvent { action=ACTION_UP, actionButton=0, id[0]=0, x[0]=355.0, y[0]=1674.0, toolType[0]=TOOL_TYPE_UNKNOWN, buttonState=0, metaState=0, flags=0x0, edgeFlags=0x0, pointerCount=1, historySize=0, eventTime=890055258, downTime=890055258, deviceId=0, source=0x1002 }
08-06 15:13:58.852 19654 19654 D AndroidRuntime: Shutting down VM
08-06 15:13:58.858   512  2967 D audio_hw_primary: out_set_parameters: enter: usecase(1: low-latency-playback) kvpairs: routing=2
08-06 15:13:58.874   512  2967 D audio_hw_primary: select_devices: out_snd_device(2: speaker) in_snd_device(0: none)
08-06 15:13:58.874   512  2967 D msm8974_platform: platform_send_audio_calibration: sending audio calibration for snd_device(2) acdb_id(15)
08-06 15:13:58.875   512  2967 I soundtrigger: audio_extn_sound_trigger_update_device_status: device 0x2 of type 0 for Event 1
08-06 15:13:58.884   512  2967 D audio_hw_primary: enable_snd_device: snd_device(2: speaker)
08-06 15:13:58.887   512  2967 D audio_hw_primary: enable_audio_route: apply and update mixer path: low-latency-playback speaker
08-06 15:13:58.934   512  2967 D AudioFlinger: mixer(0xf4740000) throttle end: throttle time(12)
08-06 15:13:59.124 18417 18478 I art     : Starting a blocking GC Explicit
08-06 15:13:59.163 18417 18478 I art     : Explicit concurrent mark sweep GC freed 1377(141KB) AllocSpace objects, 0(0B) LOS objects, 17% free, 73MB/89MB, paused 1.017ms total 38.737ms
08-06 15:13:59.180 18417 18478 I art     : Starting a blocking GC Explicit
08-06 15:13:59.218 18417 18478 I art     : Explicit concurrent mark sweep GC freed 3(96B) AllocSpace objects, 0(0B) LOS objects, 17% free, 73MB/89MB, paused 1.013ms total 37.650ms
08-06 15:13:59.235 18417 18478 I art     : Starting a blocking GC Explicit
08-06 15:13:59.274 18417 18478 I art     : Explicit concurrent mark sweep GC freed 4(128B) AllocSpace objects, 0(0B) LOS objects, 16% free, 79MB/95MB, paused 995us total 38.772ms
08-06 15:13:59.291 18417 18478 I art     : Starting a blocking GC Explicit
08-06 15:13:59.330 18417 18478 I art     : Explicit concurrent mark sweep GC freed 7(272B) AllocSpace objects, 0(0B) LOS objects, 16% free, 79MB/95MB, paused 1.017ms total 38.756ms
08-06 15:13:59.346 18417 18478 I art     : Starting a blocking GC Explicit
08-06 15:13:59.385 18417 18478 I art     : Explicit concurrent mark sweep GC freed 8(336B) AllocSpace objects, 0(0B) LOS objects, 12% free, 115MB/131MB, paused 997us total 38.481ms
08-06 15:13:59.430   512  2967 D audio_hw_primary: disable_audio_route: reset and update mixer path: low-latency-playback speaker
08-06 15:13:59.432   512  2967 D audio_hw_primary: disable_snd_device: snd_device(2: speaker)
08-06 15:13:59.440   512  2967 I soundtrigger: audio_extn_sound_trigger_update_device_status: device 0x2 of type 0 for Event 0
08-06 15:13:59.762 18417 18429 I art     : Starting a blocking GC Explicit
08-06 15:13:59.802 18417 18429 I art     : Explicit concurrent mark sweep GC freed 21(1744B) AllocSpace objects, 0(0B) LOS objects, 10% free, 134MB/150MB, paused 1.027ms total 39.405ms
08-06 15:13:59.819 18417 18429 I art     : Starting a blocking GC Explicit
08-06 15:13:59.825 18417 18417 I Choreographer: Skipped 57 frames!  The application may be doing too much work on its main thread.
08-06 15:13:59.826 18417 18417 V MainActivity: url = https://project-travel-mate.herokuapp.com/api/number-of-unread-notifications
08-06 15:13:59.862 18417 18429 I art     : Explicit concurrent mark sweep GC freed 827(33KB) AllocSpace objects, 0(0B) LOS objects, 10% free, 134MB/150MB, paused 1.823ms total 43.032ms
08-06 15:13:59.880 18417 18429 I art     : Starting a blocking GC Explicit
08-06 15:13:59.918 18417 18429 I art     : Explicit concurrent mark sweep GC freed 1051(38KB) AllocSpace objects, 9(252KB) LOS objects, 10% free, 134MB/150MB, paused 982us total 37.964ms
08-06 15:13:59.934 18417 18429 I art     : Starting a blocking GC Explicit
08-06 15:13:59.971 18417 18429 I art     : Explicit concurrent mark sweep GC freed 804(48KB) AllocSpace objects, 0(0B) LOS objects, 10% free, 134MB/150MB, paused 981us total 36.435ms
08-06 15:13:59.987 18417 18429 I art     : Starting a blocking GC Explicit
08-06 15:14:00.023 18417 18429 I art     : Explicit concurrent mark sweep GC freed 12(1440B) AllocSpace objects, 0(0B) LOS objects, 10% free, 134MB/150MB, paused 987us total 35.774ms
08-06 15:14:00.398 18417 18430 I art     : Starting a blocking GC Explicit
08-06 15:14:00.455 18417 18430 I art     : Explicit concurrent mark sweep GC freed 1428(83KB) AllocSpace objects, 2(36KB) LOS objects, 10% free, 134MB/150MB, paused 1.118ms total 56.578ms
08-06 15:14:00.475 18417 18430 I art     : Starting a blocking GC Explicit
08-06 15:14:00.522 18417 18430 I art     : Explicit concurrent mark sweep GC freed 22(784B) AllocSpace objects, 0(0B) LOS objects, 10% free, 134MB/150MB, paused 1.055ms total 46.509ms
08-06 15:14:00.542 18417 18430 I art     : Starting a blocking GC Explicit
08-06 15:14:00.588 18417 18430 I art     : Explicit concurrent mark sweep GC freed 983(69KB) AllocSpace objects, 2(120KB) LOS objects, 10% free, 134MB/150MB, paused 1.555ms total 45.609ms
08-06 15:14:00.605 18417 18430 I art     : Starting a blocking GC Explicit
08-06 15:14:00.639 18417 19695 I NAPPA_EXPERIMENTATION: MetricNetworkRequestExecutionTime: REQUEST_DURATION_SYSTEM='812',REQUEST_DURATION_OKHTTP='33',REQUEST_SYNCHRONOUS='FALSE',RESPONSE_CODE='200',RESPONSE_METHOD='GET',RESPONSE_LENGTH_OKHTTP='36',RESPONSE_LENGTH_HEADER='36',REQUEST_PROTOCOL='http/1.1',REQUEST_URL='https://project-travel-mate.herokuapp.com/api/number-of-unread-notifications',
08-06 15:14:00.647 18417 18430 I art     : Explicit concurrent mark sweep GC freed 2383(159KB) AllocSpace objects, 1(80KB) LOS objects, 10% free, 134MB/150MB, paused 941us total 41.301ms
08-06 15:14:00.663 18417 18430 I art     : Starting a blocking GC Explicit
08-06 15:14:00.705 18417 18430 I art     : Explicit concurrent mark sweep GC freed 303(32KB) AllocSpace objects, 0(0B) LOS objects, 10% free, 134MB/150MB, paused 955us total 41.809ms
08-06 15:14:01.130 18417 18697 I art     : Starting a blocking GC Explicit
08-06 15:14:01.172 18417 18697 I art     : Explicit concurrent mark sweep GC freed 1532(87KB) AllocSpace objects, 2(36KB) LOS objects, 10% free, 134MB/150MB, paused 976us total 41.824ms
08-06 15:14:01.189 18417 18697 I art     : Starting a blocking GC Explicit
08-06 15:14:01.231 18417 18697 I art     : Explicit concurrent mark sweep GC freed 50(2288B) AllocSpace objects, 0(0B) LOS objects, 10% free, 134MB/150MB, paused 1.005ms total 41.211ms
08-06 15:14:01.248 18417 18697 I art     : Starting a blocking GC Explicit
08-06 15:14:01.290 18417 18697 I art     : Explicit concurrent mark sweep GC freed 3(96B) AllocSpace objects, 0(0B) LOS objects, 10% free, 134MB/150MB, paused 1.012ms total 42.231ms
08-06 15:14:01.308 18417 18697 I art     : Starting a blocking GC Explicit
08-06 15:14:01.351 18417 18697 I art     : Explicit concurrent mark sweep GC freed 3(96B) AllocSpace objects, 0(0B) LOS objects, 10% free, 134MB/150MB, paused 928us total 43.008ms
08-06 15:14:01.368 18417 18697 I art     : Starting a blocking GC Explicit
08-06 15:14:01.407 18417 18697 I art     : Explicit concurrent mark sweep GC freed 3(96B) AllocSpace objects, 0(0B) LOS objects, 10% free, 134MB/150MB, paused 1.008ms total 39.085ms
08-06 15:14:01.652 19725 19725 D AndroidRuntime: >>>>>> START com.android.internal.os.RuntimeInit uid 2000 <<<<<<
08-06 15:14:01.658 19725 19725 D AndroidRuntime: CheckJNI is OFF
08-06 15:14:01.699 19725 19725 D ICU     : No timezone override file found: /data/misc/zoneinfo/current/icu/icu_tzdata.dat
08-06 15:14:01.742 19725 19725 I Radio-JNI: register_android_hardware_Radio DONE
08-06 15:14:01.771 19725 19725 D AndroidRuntime: Calling main entry com.android.commands.input.Input
08-06 15:14:01.773 19725 19725 I Input   : injectMotionEvent: MotionEvent { action=ACTION_DOWN, actionButton=0, id[0]=0, x[0]=747.0, y[0]=608.0, toolType[0]=TOOL_TYPE_UNKNOWN, buttonState=0, metaState=0, flags=0x0, edgeFlags=0x0, pointerCount=1, historySize=0, eventTime=890058185, downTime=890058185, deviceId=0, source=0x1002 }
08-06 15:14:01.779 19725 19725 I Input   : injectMotionEvent: MotionEvent { action=ACTION_UP, actionButton=0, id[0]=0, x[0]=747.0, y[0]=608.0, toolType[0]=TOOL_TYPE_UNKNOWN, buttonState=0, metaState=0, flags=0x0, edgeFlags=0x0, pointerCount=1, historySize=0, eventTime=890058185, downTime=890058185, deviceId=0, source=0x1002 }
08-06 15:14:01.781 19725 19725 D AndroidRuntime: Shutting down VM
08-06 15:14:01.782   512  2967 D audio_hw_primary: out_set_parameters: enter: usecase(1: low-latency-playback) kvpairs: routing=2
08-06 15:14:01.792   918  3359 I ActivityManager: START u0 {cmp=baseline.io.github.project_travel_mate/.utilities.ChecklistActivity} from uid 10696 on display 0
08-06 15:14:01.796   512  2967 D audio_hw_primary: select_devices: out_snd_device(2: speaker) in_snd_device(0: none)
08-06 15:14:01.796   512  2967 D msm8974_platform: platform_send_audio_calibration: sending audio calibration for snd_device(2) acdb_id(15)
08-06 15:14:01.796   512  2967 I soundtrigger: audio_extn_sound_trigger_update_device_status: device 0x2 of type 0 for Event 1
08-06 15:14:01.807   512  2967 D audio_hw_primary: enable_snd_device: snd_device(2: speaker)
08-06 15:14:01.810   512  2967 D audio_hw_primary: enable_audio_route: apply and update mixer path: low-latency-playback speaker
08-06 15:14:01.832 18417 18478 I art     : Starting a blocking GC Explicit
08-06 15:14:01.891 18417 18478 W art     : Suspending all threads took: 6.961ms
08-06 15:14:01.894 18417 18478 I art     : Explicit concurrent mark sweep GC freed 2069(155KB) AllocSpace objects, 2(36KB) LOS objects, 10% free, 134MB/150MB, paused 8.365ms total 61.283ms
08-06 15:14:01.911 18417 18478 I art     : Starting a blocking GC Explicit
08-06 15:14:01.956 18417 18478 I art     : Explicit concurrent mark sweep GC freed 758(103KB) AllocSpace objects, 0(0B) LOS objects, 10% free, 134MB/150MB, paused 1.242ms total 44.205ms
08-06 15:14:01.975 18417 18478 I art     : Starting a blocking GC Explicit
08-06 15:14:01.992   918   936 I ActivityManager: Displayed baseline.io.github.project_travel_mate/.utilities.ChecklistActivity: +191ms
08-06 15:14:01.993 13866 13866 I GoogleInputMethodServic: GoogleInputMethodService.onFinishInput():3138 
08-06 15:14:01.994 13866 13866 I GoogleInputMethodServic: GoogleInputMethodService.onStartInput():1808 
08-06 15:14:02.016 18417 18478 I art     : Explicit concurrent mark sweep GC freed 561(33KB) AllocSpace objects, 0(0B) LOS objects, 10% free, 135MB/151MB, paused 1.217ms total 41.610ms
08-06 15:14:02.033 18417 18478 I art     : Starting a blocking GC Explicit
08-06 15:14:02.072 18417 18478 I art     : Explicit concurrent mark sweep GC freed 233(11KB) AllocSpace objects, 0(0B) LOS objects, 10% free, 135MB/151MB, paused 961us total 38.200ms
08-06 15:14:02.089 18417 18478 I art     : Starting a blocking GC Explicit
08-06 15:14:02.132 18417 18478 I art     : Explicit concurrent mark sweep GC freed 7(240B) AllocSpace objects, 0(0B) LOS objects, 10% free, 135MB/151MB, paused 1.095ms total 43.342ms
08-06 15:14:02.241   380   380 W SurfaceFlinger: couldn't log to binary event log: overflow.
08-06 15:14:02.339   512  2967 D audio_hw_primary: disable_audio_route: reset and update mixer path: low-latency-playback speaker
08-06 15:14:02.340   512  2967 D audio_hw_primary: disable_snd_device: snd_device(2: speaker)
08-06 15:14:02.350   512  2967 I soundtrigger: audio_extn_sound_trigger_update_device_status: device 0x2 of type 0 for Event 0
08-06 15:14:02.524 18417 18697 I art     : Starting a blocking GC Explicit
08-06 15:14:02.584 18417 18697 I art     : Explicit concurrent mark sweep GC freed 1669(96KB) AllocSpace objects, 2(36KB) LOS objects, 10% free, 135MB/151MB, paused 1.176ms total 59.679ms
08-06 15:14:02.604 18417 18697 I art     : Starting a blocking GC Explicit
08-06 15:14:02.649 18417 18697 I art     : Explicit concurrent mark sweep GC freed 38(1360B) AllocSpace objects, 0(0B) LOS objects, 10% free, 135MB/151MB, paused 1.109ms total 45.368ms
08-06 15:14:02.667 18417 18697 I art     : Starting a blocking GC Explicit
08-06 15:14:02.712 18417 18697 I art     : Explicit concurrent mark sweep GC freed 3(96B) AllocSpace objects, 0(0B) LOS objects, 10% free, 135MB/151MB, paused 1.074ms total 45.099ms
08-06 15:14:02.730 18417 18697 I art     : Starting a blocking GC Explicit
08-06 15:14:02.775 18417 18697 I art     : Explicit concurrent mark sweep GC freed 3(96B) AllocSpace objects, 0(0B) LOS objects, 10% free, 135MB/151MB, paused 1.089ms total 45.276ms
08-06 15:14:02.793 18417 18697 I art     : Starting a blocking GC Explicit
08-06 15:14:02.837 18417 18697 I art     : Explicit concurrent mark sweep GC freed 3(96B) AllocSpace objects, 0(0B) LOS objects, 10% free, 135MB/151MB, paused 1.163ms total 44.430ms
08-06 15:14:03.147   918  3261 D WifiStateMachine: starting scan for "H369AA63323"WPA_PSK with 2412,5180
08-06 15:14:03.247 18417 18429 I art     : Starting a blocking GC Explicit
08-06 15:14:03.301 18417 18429 I art     : Explicit concurrent mark sweep GC freed 1652(95KB) AllocSpace objects, 2(36KB) LOS objects, 10% free, 135MB/151MB, paused 1.192ms total 53.529ms
08-06 15:14:03.321 18417 18429 I art     : Starting a blocking GC Explicit
08-06 15:14:03.369 18417 18429 I art     : Explicit concurrent mark sweep GC freed 30(1104B) AllocSpace objects, 0(0B) LOS objects, 10% free, 135MB/151MB, paused 1.174ms total 48.011ms
08-06 15:14:03.387 18417 18429 I art     : Starting a blocking GC Explicit
08-06 15:14:03.435 18417 18429 I art     : Explicit concurrent mark sweep GC freed 3(96B) AllocSpace objects, 0(0B) LOS objects, 10% free, 135MB/151MB, paused 1.031ms total 48.023ms
08-06 15:14:03.453 18417 18429 I art     : Starting a blocking GC Explicit
08-06 15:14:03.505 18417 18429 I art     : Explicit concurrent mark sweep GC freed 3(96B) AllocSpace objects, 0(0B) LOS objects, 10% free, 135MB/151MB, paused 1.191ms total 52.209ms
08-06 15:14:03.526 18417 18429 I art     : Starting a blocking GC Explicit
08-06 15:14:03.573 18417 18429 I art     : Explicit concurrent mark sweep GC freed 3(96B) AllocSpace objects, 0(0B) LOS objects, 10% free, 135MB/151MB, paused 1.055ms total 46.906ms
08-06 15:14:04.008 18417 18430 I art     : Starting a blocking GC Explicit
08-06 15:14:04.067 18417 18430 I art     : Explicit concurrent mark sweep GC freed 1674(96KB) AllocSpace objects, 2(36KB) LOS objects, 10% free, 135MB/151MB, paused 1.131ms total 58.035ms
08-06 15:14:04.085 18417 18430 I art     : Starting a blocking GC Explicit
08-06 15:14:04.135 18417 18430 I art     : Explicit concurrent mark sweep GC freed 55(2368B) AllocSpace objects, 0(0B) LOS objects, 10% free, 135MB/151MB, paused 1.126ms total 49.751ms
08-06 15:14:04.152 18417 18430 I art     : Starting a blocking GC Explicit
08-06 15:14:04.201 18417 18430 I art     : Explicit concurrent mark sweep GC freed 3(96B) AllocSpace objects, 0(0B) LOS objects, 10% free, 135MB/151MB, paused 1.071ms total 48.558ms
08-06 15:14:04.219 18417 18430 I art     : Starting a blocking GC Explicit
08-06 15:14:04.270 18417 18430 I art     : Explicit concurrent mark sweep GC freed 3(96B) AllocSpace objects, 0(0B) LOS objects, 10% free, 135MB/151MB, paused 1.246ms total 50.150ms
08-06 15:14:04.290 18417 18430 I art     : Starting a blocking GC Explicit
08-06 15:14:04.339 18417 18430 I art     : Explicit concurrent mark sweep GC freed 3(96B) AllocSpace objects, 0(0B) LOS objects, 10% free, 135MB/151MB, paused 1.130ms total 48.097ms
08-06 15:14:04.792 18417 18478 I art     : Starting a blocking GC Explicit
08-06 15:14:04.846 18417 18478 I art     : Explicit concurrent mark sweep GC freed 1619(95KB) AllocSpace objects, 2(36KB) LOS objects, 10% free, 135MB/151MB, paused 1.011ms total 53.229ms
08-06 15:14:04.863 18417 18478 I art     : Starting a blocking GC Explicit
08-06 15:14:04.914 18417 18478 I art     : Explicit concurrent mark sweep GC freed 61(1936B) AllocSpace objects, 0(0B) LOS objects, 10% free, 135MB/151MB, paused 1.198ms total 50.393ms
08-06 15:14:04.935 18417 18478 I art     : Starting a blocking GC Explicit
08-06 15:14:04.983 18417 18478 I art     : Explicit concurrent mark sweep GC freed 3(96B) AllocSpace objects, 0(0B) LOS objects, 10% free, 135MB/151MB, paused 1.113ms total 48.002ms
08-06 15:14:05.001 18417 18478 I art     : Starting a blocking GC Explicit
08-06 15:14:05.051 18417 18478 I art     : Explicit concurrent mark sweep GC freed 3(96B) AllocSpace objects, 0(0B) LOS objects, 10% free, 135MB/151MB, paused 1.076ms total 49.350ms
08-06 15:14:05.068 18417 18478 I art     : Starting a blocking GC Explicit
08-06 15:14:05.116 18417 18478 I art     : Explicit concurrent mark sweep GC freed 3(96B) AllocSpace objects, 0(0B) LOS objects, 10% free, 135MB/151MB, paused 1.113ms total 47.708ms
08-06 15:14:05.556 18417 18697 I art     : Starting a blocking GC Explicit
08-06 15:14:05.606 18417 18697 I art     : Explicit concurrent mark sweep GC freed 1622(94KB) AllocSpace objects, 2(36KB) LOS objects, 10% free, 135MB/151MB, paused 1.053ms total 48.829ms
08-06 15:14:05.623 18417 18697 I art     : Starting a blocking GC Explicit
08-06 15:14:05.671 18417 18697 I art     : Explicit concurrent mark sweep GC freed 30(1104B) AllocSpace objects, 0(0B) LOS objects, 10% free, 135MB/151MB, paused 1.246ms total 47.424ms
08-06 15:14:05.691 18417 18697 I art     : Starting a blocking GC Explicit
08-06 15:14:05.740 18417 18697 I art     : Explicit concurrent mark sweep GC freed 3(96B) AllocSpace objects, 0(0B) LOS objects, 10% free, 135MB/151MB, paused 1.133ms total 48.226ms
08-06 15:14:05.758 18417 18697 I art     : Starting a blocking GC Explicit
08-06 15:14:05.809 18417 18697 I art     : Explicit concurrent mark sweep GC freed 3(96B) AllocSpace objects, 0(0B) LOS objects, 10% free, 135MB/151MB, paused 1.235ms total 50.930ms
08-06 15:14:05.830 18417 18697 I art     : Starting a blocking GC Explicit
08-06 15:14:05.880 18417 18697 I art     : Explicit concurrent mark sweep GC freed 33(896B) AllocSpace objects, 0(0B) LOS objects, 10% free, 135MB/151MB, paused 1.245ms total 50.019ms
08-06 15:14:06.290 18417 18429 I art     : Starting a blocking GC Explicit
08-06 15:14:06.340 18417 18429 I art     : Explicit concurrent mark sweep GC freed 1623(94KB) AllocSpace objects, 2(36KB) LOS objects, 10% free, 135MB/151MB, paused 1.207ms total 49.903ms
08-06 15:14:06.358 18417 18429 I art     : Starting a blocking GC Explicit
08-06 15:14:06.405 18417 18429 I art     : Explicit concurrent mark sweep GC freed 30(1104B) AllocSpace objects, 0(0B) LOS objects, 10% free, 135MB/151MB, paused 1.085ms total 46.558ms
08-06 15:14:06.422 18417 18429 I art     : Starting a blocking GC Explicit
08-06 15:14:06.469 18417 18429 I art     : Explicit concurrent mark sweep GC freed 3(96B) AllocSpace objects, 0(0B) LOS objects, 10% free, 135MB/151MB, paused 1.097ms total 46.851ms
08-06 15:14:06.487 18417 18429 I art     : Starting a blocking GC Explicit
08-06 15:14:06.534 18417 18429 I art     : Explicit concurrent mark sweep GC freed 3(96B) AllocSpace objects, 0(0B) LOS objects, 10% free, 135MB/151MB, paused 1.135ms total 47.145ms
08-06 15:14:06.552 18417 18429 I art     : Starting a blocking GC Explicit
08-06 15:14:06.597 18417 18429 I art     : Explicit concurrent mark sweep GC freed 3(96B) AllocSpace objects, 0(0B) LOS objects, 10% free, 135MB/151MB, paused 1.128ms total 44.359ms
08-06 15:14:06.642 19806 19806 D AndroidRuntime: >>>>>> START com.android.internal.os.RuntimeInit uid 2000 <<<<<<
08-06 15:14:06.648 19806 19806 D AndroidRuntime: CheckJNI is OFF
08-06 15:14:06.693 19806 19806 D ICU     : No timezone override file found: /data/misc/zoneinfo/current/icu/icu_tzdata.dat
08-06 15:14:06.740 19806 19806 I Radio-JNI: register_android_hardware_Radio DONE
08-06 15:14:06.770 19806 19806 D AndroidRuntime: Calling main entry com.android.commands.input.Input
08-06 15:14:06.772 19806 19806 I Input   : injectKeyEvent: KeyEvent { action=ACTION_DOWN, keyCode=KEYCODE_BACK, scanCode=0, metaState=0, flags=0x0, repeatCount=0, eventTime=890063185, downTime=890063185, deviceId=-1, source=0x101 }
08-06 15:14:06.778 19806 19806 I Input   : injectKeyEvent: KeyEvent { action=ACTION_UP, keyCode=KEYCODE_BACK, scanCode=0, metaState=0, flags=0x0, repeatCount=0, eventTime=890063185, downTime=890063185, deviceId=-1, source=0x101 }
08-06 15:14:06.783 19806 19806 D AndroidRuntime: Shutting down VM
08-06 15:14:06.795 18417 18417 V MainActivity: url = https://project-travel-mate.herokuapp.com/api/number-of-unread-notifications
08-06 15:14:06.826 13866 13866 I GoogleInputMethodServic: GoogleInputMethodService.onFinishInput():3138 
08-06 15:14:06.827 13866 13866 I GoogleInputMethodServic: GoogleInputMethodService.onStartInput():1808 
08-06 15:14:06.991 18417 18697 I art     : Starting a blocking GC Explicit
08-06 15:14:07.043 18417 18697 I art     : Explicit concurrent mark sweep GC freed 2150(118KB) AllocSpace objects, 2(36KB) LOS objects, 10% free, 135MB/151MB, paused 1.252ms total 52.386ms
08-06 15:14:07.063 18417 18697 I art     : Starting a blocking GC Explicit
08-06 15:14:07.108 18417 18697 I art     : Explicit concurrent mark sweep GC freed 99(4KB) AllocSpace objects, 0(0B) LOS objects, 10% free, 135MB/151MB, paused 1.087ms total 44.903ms
08-06 15:14:07.113   380   380 W SurfaceFlinger: couldn't log to binary event log: overflow.
08-06 15:14:07.126 18417 18697 I art     : Starting a blocking GC Explicit
08-06 15:14:07.168 18417 18697 I art     : Explicit concurrent mark sweep GC freed 413(18KB) AllocSpace objects, 0(0B) LOS objects, 10% free, 135MB/151MB, paused 1.261ms total 41.873ms
08-06 15:14:07.185 18417 18697 I art     : Starting a blocking GC Explicit
08-06 15:14:07.227 18417 18697 I art     : Explicit concurrent mark sweep GC freed 131(6KB) AllocSpace objects, 0(0B) LOS objects, 10% free, 135MB/151MB, paused 1.171ms total 41.959ms
08-06 15:14:07.244 18417 18697 I art     : Starting a blocking GC Explicit
08-06 15:14:07.289 18417 18697 I art     : Explicit concurrent mark sweep GC freed 3(96B) AllocSpace objects, 0(0B) LOS objects, 10% free, 135MB/151MB, paused 1.233ms total 44.068ms
08-06 15:14:07.381 18417 19835 I NAPPA_EXPERIMENTATION: MetricNetworkRequestExecutionTime: REQUEST_DURATION_SYSTEM='583',REQUEST_DURATION_OKHTTP='34',REQUEST_SYNCHRONOUS='FALSE',RESPONSE_CODE='200',RESPONSE_METHOD='GET',RESPONSE_LENGTH_OKHTTP='36',RESPONSE_LENGTH_HEADER='36',REQUEST_PROTOCOL='http/1.1',REQUEST_URL='https://project-travel-mate.herokuapp.com/api/number-of-unread-notifications',
08-06 15:14:07.690 18417 18478 I art     : Starting a blocking GC Explicit
08-06 15:14:07.752 18417 18478 I art     : Explicit concurrent mark sweep GC freed 4428(242KB) AllocSpace objects, 5(236KB) LOS objects, 10% free, 135MB/151MB, paused 1.249ms total 62.070ms
08-06 15:14:07.773 18417 18478 I art     : Starting a blocking GC Explicit
08-06 15:14:07.819 18417 18478 I art     : Explicit concurrent mark sweep GC freed 964(117KB) AllocSpace objects, 0(0B) LOS objects, 10% free, 135MB/151MB, paused 1.154ms total 45.608ms
08-06 15:14:07.836 18417 18478 I art     : Starting a blocking GC Explicit
08-06 15:14:07.881 18417 18478 I art     : Explicit concurrent mark sweep GC freed 33(896B) AllocSpace objects, 0(0B) LOS objects, 10% free, 135MB/151MB, paused 1.149ms total 44.432ms
08-06 15:14:07.899 18417 18478 I art     : Starting a blocking GC Explicit
08-06 15:14:07.944 18417 18478 I art     : Explicit concurrent mark sweep GC freed 4(128B) AllocSpace objects, 0(0B) LOS objects, 10% free, 135MB/151MB, paused 1.108ms total 45.375ms
08-06 15:14:07.962 18417 18478 I art     : Starting a blocking GC Explicit
08-06 15:14:08.007 18417 18478 I art     : Explicit concurrent mark sweep GC freed 3(96B) AllocSpace objects, 0(0B) LOS objects, 10% free, 135MB/151MB, paused 1.113ms total 45.429ms
08-06 15:14:08.382 18417 18429 I art     : Starting a blocking GC Explicit
08-06 15:14:08.433 18417 18429 I art     : Explicit concurrent mark sweep GC freed 1620(94KB) AllocSpace objects, 2(36KB) LOS objects, 10% free, 135MB/151MB, paused 1.201ms total 51.004ms
08-06 15:14:08.454 18417 18429 I art     : Starting a blocking GC Explicit
08-06 15:14:08.498 18417 18429 I art     : Explicit concurrent mark sweep GC freed 39(1392B) AllocSpace objects, 0(0B) LOS objects, 10% free, 135MB/151MB, paused 1.132ms total 43.400ms
08-06 15:14:08.515 18417 18429 I art     : Starting a blocking GC Explicit
08-06 15:14:08.557 18417 18429 I art     : Explicit concurrent mark sweep GC freed 28(1088B) AllocSpace objects, 0(0B) LOS objects, 10% free, 135MB/151MB, paused 1.104ms total 42.528ms
08-06 15:14:08.574 19852 19852 D AndroidRuntime: >>>>>> START com.android.internal.os.RuntimeInit uid 2000 <<<<<<
08-06 15:14:08.577 18417 18429 I art     : Starting a blocking GC Explicit
08-06 15:14:08.581 19852 19852 D AndroidRuntime: CheckJNI is OFF
08-06 15:14:08.622 18417 18429 I art     : Explicit concurrent mark sweep GC freed 33(1232B) AllocSpace objects, 0(0B) LOS objects, 10% free, 135MB/151MB, paused 1.100ms total 45.488ms
08-06 15:14:08.627 19852 19852 D ICU     : No timezone override file found: /data/misc/zoneinfo/current/icu/icu_tzdata.dat
08-06 15:14:08.641 18417 18429 I art     : Starting a blocking GC Explicit
08-06 15:14:08.674 19852 19852 I Radio-JNI: register_android_hardware_Radio DONE
08-06 15:14:08.687 18417 18429 I art     : Explicit concurrent mark sweep GC freed 22(688B) AllocSpace objects, 0(0B) LOS objects, 10% free, 135MB/151MB, paused 1.102ms total 45.723ms
08-06 15:14:08.706 19852 19852 D AndroidRuntime: Calling main entry com.android.commands.input.Input
08-06 15:14:08.708 19852 19852 I Input   : injectMotionEvent: MotionEvent { action=ACTION_DOWN, actionButton=0, id[0]=0, x[0]=657.0, y[0]=2037.0, toolType[0]=TOOL_TYPE_UNKNOWN, buttonState=0, metaState=0, flags=0x0, edgeFlags=0x0, pointerCount=1, historySize=0, eventTime=890065120, downTime=890065120, deviceId=0, source=0x1002 }
08-06 15:14:08.714 19852 19852 I Input   : injectMotionEvent: MotionEvent { action=ACTION_UP, actionButton=0, id[0]=0, x[0]=657.0, y[0]=2037.0, toolType[0]=TOOL_TYPE_UNKNOWN, buttonState=0, metaState=0, flags=0x0, edgeFlags=0x0, pointerCount=1, historySize=0, eventTime=890065120, downTime=890065120, deviceId=0, source=0x1002 }
08-06 15:14:08.716 19852 19852 D AndroidRuntime: Shutting down VM
08-06 15:14:08.718   512  2967 D audio_hw_primary: out_set_parameters: enter: usecase(1: low-latency-playback) kvpairs: routing=2
08-06 15:14:08.719   918  3714 I ActivityManager: START u0 {cmp=baseline.io.github.project_travel_mate/.utilities.CompassActivity} from uid 10696 on display 0
08-06 15:14:08.731   512  2967 D audio_hw_primary: select_devices: out_snd_device(2: speaker) in_snd_device(0: none)
08-06 15:14:08.731   512  2967 D msm8974_platform: platform_send_audio_calibration: sending audio calibration for snd_device(2) acdb_id(15)
08-06 15:14:08.731   512  2967 I soundtrigger: audio_extn_sound_trigger_update_device_status: device 0x2 of type 0 for Event 1
08-06 15:14:08.742   512  2967 D audio_hw_primary: enable_snd_device: snd_device(2: speaker)
08-06 15:14:08.744   512  2967 D audio_hw_primary: enable_audio_route: apply and update mixer path: low-latency-playback speaker
08-06 15:14:09.057 18417 18429 I art     : Starting a blocking GC Explicit
08-06 15:14:09.101 18417 18429 I art     : Explicit concurrent mark sweep GC freed 123(5KB) AllocSpace objects, 0(0B) LOS objects, 7% free, 184MB/200MB, paused 1.158ms total 43.512ms
08-06 15:14:09.118 18417 18429 I art     : Starting a blocking GC Explicit
08-06 15:14:09.161 18417 18429 I art     : Explicit concurrent mark sweep GC freed 17(528B) AllocSpace objects, 0(0B) LOS objects, 7% free, 184MB/200MB, paused 1.200ms total 42.014ms
08-06 15:14:09.179 18417 18429 I art     : Starting a blocking GC Explicit
08-06 15:14:09.222 18417 18429 I art     : Explicit concurrent mark sweep GC freed 3(96B) AllocSpace objects, 0(0B) LOS objects, 7% free, 184MB/200MB, paused 1.222ms total 42.438ms
08-06 15:14:09.240 18417 18429 I art     : Starting a blocking GC Explicit
08-06 15:14:09.283 18417 18429 I art     : Explicit concurrent mark sweep GC freed 22(1168B) AllocSpace objects, 0(0B) LOS objects, 7% free, 187MB/203MB, paused 1.186ms total 42.881ms
08-06 15:14:09.286 18417 18417 D CompassActivity: start compass
08-06 15:14:09.288   918  6110 I sensors : batch
08-06 15:14:09.288   918  6110 I sensors : activate
08-06 15:14:09.288   918  6029 I sensors : batch
08-06 15:14:09.289   918  6029 I sensors : activate
08-06 15:14:09.289   512  2967 D audio_hw_primary: disable_audio_route: reset and update mixer path: low-latency-playback speaker
08-06 15:14:09.290   512  2967 D audio_hw_primary: disable_snd_device: snd_device(2: speaker)
08-06 15:14:09.294 18417 18417 I Choreographer: Skipped 32 frames!  The application may be doing too much work on its main thread.
08-06 15:14:09.295   918  3188 I hubconnection: sensorhub said: 'batch 1 flags:0, sampling_rate_Hz:50.00, max_report_latency_us:0'
08-06 15:14:09.297   918  3188 I hubconnection: sensorhub said: 'activate 1 enable:1'
08-06 15:14:09.298   512  2967 I soundtrigger: audio_extn_sound_trigger_update_device_status: device 0x2 of type 0 for Event 0
08-06 15:14:09.299   918  3188 I hubconnection: sensorhub said: 'batch 3 flags:0, sampling_rate_Hz:50.00, max_report_latency_us:0'
08-06 15:14:09.300   918  3188 I hubconnection: sensorhub said: 'activate 3 enable:1'
08-06 15:14:09.300 18417 18429 I art     : Starting a blocking GC Explicit
08-06 15:14:09.340 18417 18429 I art     : Explicit concurrent mark sweep GC freed 152(8KB) AllocSpace objects, 0(0B) LOS objects, 7% free, 187MB/203MB, paused 1.149ms total 39.179ms
08-06 15:14:09.344 13866 13866 I GoogleInputMethodServic: GoogleInputMethodService.onFinishInput():3138 
08-06 15:14:09.344 13866 13866 I GoogleInputMethodServic: GoogleInputMethodService.onStartInput():1808 
08-06 15:14:09.471 18417 18417 D CompassActivity: will set rotation from 0.0 to 181.9553
08-06 15:14:09.472 18417 18417 D CompassActivity: will set rotation from 181.9553 to 181.9961
08-06 15:14:09.472 18417 18417 D CompassActivity: will set rotation from 181.9961 to 181.98967
08-06 15:14:09.482   918   936 I ActivityManager: Displayed baseline.io.github.project_travel_mate/.utilities.CompassActivity: +754ms
08-06 15:14:09.556 18417 18417 D CompassActivity: will set rotation from 181.98967 to 181.83488
08-06 15:14:09.556 18417 18417 D CompassActivity: will set rotation from 181.83488 to 181.83429
08-06 15:14:09.556 18417 18417 D CompassActivity: will set rotation from 181.83429 to 181.97157
08-06 15:14:09.557 18417 18417 D CompassActivity: will set rotation from 181.97157 to 181.97679
08-06 15:14:09.557 18417 18417 D CompassActivity: will set rotation from 181.97679 to 182.07294
08-06 15:14:09.557 18417 18417 D CompassActivity: will set rotation from 182.07294 to 182.07454
08-06 15:14:09.557 18417 18417 D CompassActivity: will set rotation from 182.07454 to 181.95334
08-06 15:14:09.557 18417 18417 D CompassActivity: will set rotation from 181.95334 to 181.95206
08-06 15:14:09.645 18417 18417 D CompassActivity: will set rotation from 181.95206 to 181.80339
08-06 15:14:09.646 18417 18417 D CompassActivity: will set rotation from 181.80339 to 181.80144
08-06 15:14:09.646 18417 18417 D CompassActivity: will set rotation from 181.80144 to 181.7598
08-06 15:14:09.646 18417 18417 D CompassActivity: will set rotation from 181.7598 to 181.76237
08-06 15:14:09.646 18417 18417 D CompassActivity: will set rotation from 181.76237 to 181.66597
08-06 15:14:09.646 18417 18417 D CompassActivity: will set rotation from 181.66597 to 181.66298
08-06 15:14:09.646 18417 18417 D CompassActivity: will set rotation from 181.66298 to 181.70026
08-06 15:14:09.646 18417 18417 D CompassActivity: will set rotation from 181.70026 to 181.70253
08-06 15:14:09.647 18417 18417 D CompassActivity: will set rotation from 181.70253 to 181.7776
08-06 15:14:09.647 18417 18417 D CompassActivity: will set rotation from 181.7776 to 181.78046
08-06 15:14:09.667 18417 18417 D CompassActivity: will set rotation from 181.78046 to 181.80043
08-06 15:14:09.667 18417 18417 D CompassActivity: will set rotation from 181.80043 to 181.79941
08-06 15:14:09.680 18417 18417 D CompassActivity: will set rotation from 181.79941 to 181.86276
08-06 15:14:09.681 18417 18417 D CompassActivity: will set rotation from 181.86276 to 181.86555
08-06 15:14:09.701 18417 18417 D CompassActivity: will set rotation from 181.86555 to 181.83827
08-06 15:14:09.701 18417 18417 D CompassActivity: will set rotation from 181.83827 to 181.83658
08-06 15:14:09.721 18417 18417 D CompassActivity: will set rotation from 181.83658 to 181.84328
08-06 15:14:09.721 18417 18417 D CompassActivity: will set rotation from 181.84328 to 181.84189
08-06 15:14:09.725 18417 18697 I art     : Starting a blocking GC Explicit
08-06 15:14:09.733   380   380 W SurfaceFlinger: couldn't log to binary event log: overflow.
08-06 15:14:09.740 18417 18417 D CompassActivity: will set rotation from 181.84189 to 181.85294
08-06 15:14:09.741 18417 18417 D CompassActivity: will set rotation from 181.85294 to 181.85098
08-06 15:14:09.760 18417 18417 D CompassActivity: will set rotation from 181.85098 to 181.82661
08-06 15:14:09.760 18417 18417 D CompassActivity: will set rotation from 181.82661 to 181.82475
08-06 15:14:09.768 18417 18697 I art     : Explicit concurrent mark sweep GC freed 1943(115KB) AllocSpace objects, 2(36KB) LOS objects, 7% free, 187MB/203MB, paused 1.005ms total 42.633ms
08-06 15:14:09.780 18417 18417 D CompassActivity: will set rotation from 181.82475 to 181.91643
08-06 15:14:09.780 18417 18417 D CompassActivity: will set rotation from 181.91643 to 181.91861
08-06 15:14:09.784 18417 18697 I art     : Starting a blocking GC Explicit
08-06 15:14:09.800 18417 18417 D CompassActivity: will set rotation from 181.91861 to 181.96149
08-06 15:14:09.801 18417 18417 D CompassActivity: will set rotation from 181.96149 to 181.95694
08-06 15:14:09.821 18417 18417 D CompassActivity: will set rotation from 181.95694 to 181.99188
08-06 15:14:09.822 18417 18417 D CompassActivity: will set rotation from 181.99188 to 181.98946
08-06 15:14:09.824 18417 18697 I art     : Explicit concurrent mark sweep GC freed 499(20KB) AllocSpace objects, 0(0B) LOS objects, 7% free, 187MB/203MB, paused 1.061ms total 39.079ms
08-06 15:14:09.840 18417 18417 D CompassActivity: will set rotation from 181.98946 to 181.99196
08-06 15:14:09.840 18417 18417 D CompassActivity: will set rotation from 181.99196 to 181.99167
08-06 15:14:09.841 18417 18697 I art     : Starting a blocking GC Explicit
08-06 15:14:09.883 18417 18697 I art     : Explicit concurrent mark sweep GC freed 102(4KB) AllocSpace objects, 0(0B) LOS objects, 7% free, 187MB/203MB, paused 1.017ms total 42.216ms
08-06 15:14:09.901 18417 18697 I art     : Starting a blocking GC Explicit
08-06 15:14:09.940 18417 18417 D CompassActivity: will set rotation from 181.99167 to 181.99495
08-06 15:14:09.940 18417 18417 D CompassActivity: will set rotation from 181.99495 to 181.9931
08-06 15:14:09.940 18417 18697 I art     : Explicit concurrent mark sweep GC freed 68(2736B) AllocSpace objects, 0(0B) LOS objects, 7% free, 187MB/203MB, paused 1.165ms total 38.987ms
08-06 15:14:09.940 18417 18417 D CompassActivity: will set rotation from 181.9931 to 182.04965
08-06 15:14:09.940 18417 18417 D CompassActivity: will set rotation from 182.04965 to 182.04852
08-06 15:14:09.940 18417 18417 D CompassActivity: will set rotation from 182.04852 to 181.9905
08-06 15:14:09.940 18417 18417 D CompassActivity: will set rotation from 181.9905 to 181.98875
08-06 15:14:09.940 18417 18417 D CompassActivity: will set rotation from 181.98875 to 181.93433
08-06 15:14:09.940 18417 18417 D CompassActivity: will set rotation from 181.93433 to 181.93413
08-06 15:14:09.941 18417 18417 D CompassActivity: will set rotation from 181.93413 to 181.90956
08-06 15:14:09.941 18417 18417 D CompassActivity: will set rotation from 181.90956 to 181.90866
08-06 15:14:09.957 18417 18697 I art     : Starting a blocking GC Explicit
08-06 15:14:09.960 18417 18417 D CompassActivity: will set rotation from 181.90866 to 181.93895
08-06 15:14:09.960 18417 18417 D CompassActivity: will set rotation from 181.93895 to 181.93863
08-06 15:14:09.980 18417 18417 D CompassActivity: will set rotation from 181.93863 to 181.9644
08-06 15:14:09.980 18417 18417 D CompassActivity: will set rotation from 181.9644 to 181.96562
08-06 15:14:09.997 18417 18697 I art     : Explicit concurrent mark sweep GC freed 164(9KB) AllocSpace objects, 0(0B) LOS objects, 7% free, 187MB/203MB, paused 996us total 39.971ms
08-06 15:14:09.999 18417 18417 D CompassActivity: will set rotation from 181.96562 to 181.96375
08-06 15:14:10.000 18417 18417 D CompassActivity: will set rotation from 181.96375 to 181.96304
08-06 15:14:10.020 18417 18417 D CompassActivity: will set rotation from 181.96304 to 181.96323
08-06 15:14:10.020 18417 18417 D CompassActivity: will set rotation from 181.96323 to 181.96152
08-06 15:14:10.039 18417 18417 D CompassActivity: will set rotation from 181.96152 to 181.91727
08-06 15:14:10.039 18417 18417 D CompassActivity: will set rotation from 181.91727 to 181.91891
08-06 15:14:10.059 18417 18417 D CompassActivity: will set rotation from 181.91891 to 181.9459
08-06 15:14:10.059 18417 18417 D CompassActivity: will set rotation from 181.9459 to 181.94522
08-06 15:14:10.079 18417 18417 D CompassActivity: will set rotation from 181.94522 to 181.94781
08-06 15:14:10.080 18417 18417 D CompassActivity: will set rotation from 181.94781 to 181.94704
08-06 15:14:10.102 18417 18417 D CompassActivity: will set rotation from 181.94704 to 181.97324
08-06 15:14:10.102 18417 18417 D CompassActivity: will set rotation from 181.97324 to 181.97357
08-06 15:14:10.121 18417 18417 D CompassActivity: will set rotation from 181.97357 to 181.99815
08-06 15:14:10.121 18417 18417 D CompassActivity: will set rotation from 181.99815 to 181.99867
08-06 15:14:10.139 18417 18417 D CompassActivity: will set rotation from 181.99867 to 182.04202
08-06 15:14:10.139 18417 18417 D CompassActivity: will set rotation from 182.04202 to 182.04083
08-06 15:14:10.159 18417 18417 D CompassActivity: will set rotation from 182.04083 to 182.03918
08-06 15:14:10.159 18417 18417 D CompassActivity: will set rotation from 182.03918 to 182.03731
08-06 15:14:10.179 18417 18417 D CompassActivity: will set rotation from 182.03731 to 182.05583
08-06 15:14:10.179 18417 18417 D CompassActivity: will set rotation from 182.05583 to 182.05505
08-06 15:14:10.199 18417 18417 D CompassActivity: will set rotation from 182.05505 to 182.07828
08-06 15:14:10.199 18417 18417 D CompassActivity: will set rotation from 182.07828 to 182.07628
08-06 15:14:10.221 18417 18417 D CompassActivity: will set rotation from 182.07628 to 182.11263
08-06 15:14:10.221 18417 18417 D CompassActivity: will set rotation from 182.11263 to 182.11087
08-06 15:14:10.239 18417 18417 D CompassActivity: will set rotation from 182.11087 to 182.12633
08-06 15:14:10.239 18417 18417 D CompassActivity: will set rotation from 182.12633 to 182.12762
08-06 15:14:10.258 18417 18417 D CompassActivity: will set rotation from 182.12762 to 182.12405
08-06 15:14:10.259 18417 18417 D CompassActivity: will set rotation from 182.12405 to 182.12524
08-06 15:14:10.279 18417 18417 D CompassActivity: will set rotation from 182.12524 to 182.10193
08-06 15:14:10.279 18417 18417 D CompassActivity: will set rotation from 182.10193 to 182.1017
08-06 15:14:10.298 18417 18417 D CompassActivity: will set rotation from 182.1017 to 182.09563
08-06 15:14:10.298 18417 18417 D CompassActivity: will set rotation from 182.09563 to 182.09607
08-06 15:14:10.319 18417 18417 D CompassActivity: will set rotation from 182.09607 to 182.09464
08-06 15:14:10.320 18417 18417 D CompassActivity: will set rotation from 182.09464 to 182.09467
08-06 15:14:10.338 18417 18417 D CompassActivity: will set rotation from 182.09467 to 182.10817
08-06 15:14:10.338 18417 18417 D CompassActivity: will set rotation from 182.10817 to 182.10773
08-06 15:14:10.358 18417 18417 D CompassActivity: will set rotation from 182.10773 to 182.04564
08-06 15:14:10.358 18417 18417 D CompassActivity: will set rotation from 182.04564 to 182.04494
08-06 15:14:10.378 18417 18417 D CompassActivity: will set rotation from 182.04494 to 182.02373
08-06 15:14:10.379 18417 18417 D CompassActivity: will set rotation from 182.02373 to 182.02312
08-06 15:14:10.399 18417 18417 D CompassActivity: will set rotation from 182.02312 to 182.06178
08-06 15:14:10.399 18417 18697 I art     : Starting a blocking GC Explicit
08-06 15:14:10.401 18417 18417 D CompassActivity: will set rotation from 182.06178 to 182.06374
08-06 15:14:10.421 18417 18417 D CompassActivity: will set rotation from 182.06374 to 182.09846
08-06 15:14:10.422 18417 18417 D CompassActivity: will set rotation from 182.09846 to 182.09773
08-06 15:14:10.440 18417 18417 D CompassActivity: will set rotation from 182.09773 to 182.11324
08-06 15:14:10.441 18417 18417 D CompassActivity: will set rotation from 182.11324 to 182.1124
08-06 15:14:10.461 18417 18417 D CompassActivity: will set rotation from 182.1124 to 182.10425
08-06 15:14:10.462 18417 18417 D CompassActivity: will set rotation from 182.10425 to 182.10254
08-06 15:14:10.463 18417 18697 I art     : Explicit concurrent mark sweep GC freed 2157(126KB) AllocSpace objects, 2(36KB) LOS objects, 7% free, 187MB/203MB, paused 1.062ms total 62.891ms
08-06 15:14:10.478 18417 18417 D CompassActivity: will set rotation from 182.10254 to 182.0819
08-06 15:14:10.479 18417 18417 D CompassActivity: will set rotation from 182.0819 to 182.08199
08-06 15:14:10.484 18417 18697 I art     : Starting a blocking GC Explicit
08-06 15:14:10.497 18417 18417 D CompassActivity: will set rotation from 182.08199 to 182.09874
08-06 15:14:10.498 18417 18417 D CompassActivity: will set rotation from 182.09874 to 182.09805
08-06 15:14:10.519 18417 18417 D CompassActivity: will set rotation from 182.09805 to 182.09496
08-06 15:14:10.520 18417 18417 D CompassActivity: will set rotation from 182.09496 to 182.0947
08-06 15:14:10.534 18417 18697 I art     : Explicit concurrent mark sweep GC freed 741(29KB) AllocSpace objects, 0(0B) LOS objects, 7% free, 187MB/203MB, paused 1.122ms total 50.233ms
08-06 15:14:10.541 18417 18417 D CompassActivity: will set rotation from 182.0947 to 182.09064
08-06 15:14:10.541 18417 18417 D CompassActivity: will set rotation from 182.09064 to 182.08954
08-06 15:14:10.553 18417 18697 I art     : Starting a blocking GC Explicit
08-06 15:14:10.558 18417 18417 D CompassActivity: will set rotation from 182.08954 to 182.08675
08-06 15:14:10.559 18417 18417 D CompassActivity: will set rotation from 182.08675 to 182.08624
08-06 15:14:10.577 18417 18417 D CompassActivity: will set rotation from 182.08624 to 182.11827
08-06 15:14:10.578 18417 18417 D CompassActivity: will set rotation from 182.11827 to 182.11818
08-06 15:14:10.595 18417 18697 I art     : Explicit concurrent mark sweep GC freed 158(7KB) AllocSpace objects, 0(0B) LOS objects, 7% free, 187MB/203MB, paused 1.045ms total 41.978ms
08-06 15:14:10.597 18417 18417 D CompassActivity: will set rotation from 182.11818 to 182.1128
08-06 15:14:10.598 18417 18417 D CompassActivity: will set rotation from 182.1128 to 182.11273
08-06 15:14:10.613 18417 18697 I art     : Starting a blocking GC Explicit
08-06 15:14:10.619 18417 18417 D CompassActivity: will set rotation from 182.11273 to 182.10861
08-06 15:14:10.619 18417 18417 D CompassActivity: will set rotation from 182.10861 to 182.10864
08-06 15:14:10.638 18417 18417 D CompassActivity: will set rotation from 182.10864 to 182.12039
08-06 15:14:10.639 18417 18417 D CompassActivity: will set rotation from 182.12039 to 182.1199
08-06 15:14:10.655 18417 18697 I art     : Explicit concurrent mark sweep GC freed 132(6KB) AllocSpace objects, 0(0B) LOS objects, 7% free, 187MB/203MB, paused 951us total 42.315ms
08-06 15:14:10.657 18417 18417 D CompassActivity: will set rotation from 182.1199 to 182.13307
08-06 15:14:10.657 18417 18417 D CompassActivity: will set rotation from 182.13307 to 182.13324
08-06 15:14:10.672 18417 18697 I art     : Starting a blocking GC Explicit
08-06 15:14:10.677 18417 18417 D CompassActivity: will set rotation from 182.13324 to 182.14703
08-06 15:14:10.678 18417 18417 D CompassActivity: will set rotation from 182.14703 to 182.1451
08-06 15:14:10.697 18417 18417 D CompassActivity: will set rotation from 182.1451 to 182.1214
08-06 15:14:10.697 18417 18417 D CompassActivity: will set rotation from 182.1214 to 182.1223
08-06 15:14:10.716 18417 18697 I art     : Explicit concurrent mark sweep GC freed 132(6KB) AllocSpace objects, 0(0B) LOS objects, 7% free, 187MB/203MB, paused 1.061ms total 43.862ms
08-06 15:14:10.718 18417 18417 D CompassActivity: will set rotation from 182.1223 to 182.12997
08-06 15:14:10.718 18417 18417 D CompassActivity: will set rotation from 182.12997 to 182.13182
08-06 15:14:10.738 18417 18417 D CompassActivity: will set rotation from 182.13182 to 182.12543
08-06 15:14:10.739 18417 18417 D CompassActivity: will set rotation from 182.12543 to 182.12599
08-06 15:14:10.757 18417 18417 D CompassActivity: will set rotation from 182.12599 to 182.08932
08-06 15:14:10.757 18417 18417 D CompassActivity: will set rotation from 182.08932 to 182.08945
08-06 15:14:10.778 18417 18417 D CompassActivity: will set rotation from 182.08945 to 182.12395
08-06 15:14:10.778 18417 18417 D CompassActivity: will set rotation from 182.12395 to 182.12431
08-06 15:14:10.797 18417 18417 D CompassActivity: will set rotation from 182.12431 to 182.12166
08-06 15:14:10.797 18417 18417 D CompassActivity: will set rotation from 182.12166 to 182.12245
08-06 15:14:10.816 18417 18417 D CompassActivity: will set rotation from 182.12245 to 182.13591
08-06 15:14:10.817 18417 18417 D CompassActivity: will set rotation from 182.13591 to 182.13672
08-06 15:14:10.836 18417 18417 D CompassActivity: will set rotation from 182.13672 to 182.13531
08-06 15:14:10.837 18417 18417 D CompassActivity: will set rotation from 182.13531 to 182.13498
08-06 15:14:10.857 18417 18417 D CompassActivity: will set rotation from 182.13498 to 182.05301
08-06 15:14:10.858 18417 18417 D CompassActivity: will set rotation from 182.05301 to 182.05249
08-06 15:14:10.877 18417 18417 D CompassActivity: will set rotation from 182.05249 to 182.0662
08-06 15:14:10.877 18417 18417 D CompassActivity: will set rotation from 182.0662 to 182.06604
08-06 15:14:10.896 18417 18417 D CompassActivity: will set rotation from 182.06604 to 182.09755
08-06 15:14:10.896 18417 18417 D CompassActivity: will set rotation from 182.09755 to 182.0973
08-06 15:14:10.917 18417 18417 D CompassActivity: will set rotation from 182.0973 to 182.09415
08-06 15:14:10.917 18417 18417 D CompassActivity: will set rotation from 182.09415 to 182.09395
08-06 15:14:10.936 18417 18417 D CompassActivity: will set rotation from 182.09395 to 182.10803
08-06 15:14:10.936 18417 18417 D CompassActivity: will set rotation from 182.10803 to 182.10689
08-06 15:14:10.957 18417 18417 D CompassActivity: will set rotation from 182.10689 to 182.10484
08-06 15:14:10.958 18417 18417 D CompassActivity: will set rotation from 182.10484 to 182.10625
08-06 15:14:10.976 18417 18417 D CompassActivity: will set rotation from 182.10625 to 182.08728
08-06 15:14:10.977 18417 18417 D CompassActivity: will set rotation from 182.08728 to 182.0886
08-06 15:14:10.996 18417 18417 D CompassActivity: will set rotation from 182.0886 to 182.08334
08-06 15:14:10.997 18417 18417 D CompassActivity: will set rotation from 182.08334 to 182.08337
08-06 15:14:11.015 18417 18417 D CompassActivity: will set rotation from 182.08337 to 182.06126
08-06 15:14:11.015 18417 18417 D CompassActivity: will set rotation from 182.06126 to 182.06133
08-06 15:14:11.037 18417 18417 D CompassActivity: will set rotation from 182.06133 to 182.07089
08-06 15:14:11.038 18417 18417 D CompassActivity: will set rotation from 182.07089 to 182.0713
08-06 15:14:11.055 18417 18417 D CompassActivity: will set rotation from 182.0713 to 182.06783
08-06 15:14:11.055 18417 18417 D CompassActivity: will set rotation from 182.06783 to 182.06773
08-06 15:14:11.075 18417 18417 D CompassActivity: will set rotation from 182.06773 to 182.07903
08-06 15:14:11.075 18417 18417 D CompassActivity: will set rotation from 182.07903 to 182.08067
08-06 15:14:11.095 18417 18417 D CompassActivity: will set rotation from 182.08067 to 182.07697
08-06 15:14:11.095 18417 18417 D CompassActivity: will set rotation from 182.07697 to 182.077
08-06 15:14:11.115 18417 18417 D CompassActivity: will set rotation from 182.077 to 182.05603
08-06 15:14:11.115 18417 18417 D CompassActivity: will set rotation from 182.05603 to 182.05392
08-06 15:14:11.135 18417 18417 D CompassActivity: will set rotation from 182.05392 to 182.05232
08-06 15:14:11.136 18417 18417 D CompassActivity: will set rotation from 182.05232 to 182.05005
08-06 15:14:11.155 18417 18417 D CompassActivity: will set rotation from 182.05005 to 182.00069
08-06 15:14:11.156 18417 18697 I art     : Starting a blocking GC Explicit
08-06 15:14:11.157 18417 18417 D CompassActivity: will set rotation from 182.00069 to 181.99876
08-06 15:14:11.174 18417 18417 D CompassActivity: will set rotation from 181.99876 to 181.98439
08-06 15:14:11.175 18417 18417 D CompassActivity: will set rotation from 181.98439 to 181.98567
08-06 15:14:11.195 18417 18417 D CompassActivity: will set rotation from 181.98567 to 182.0006
08-06 15:14:11.195 18417 18417 D CompassActivity: will set rotation from 182.0006 to 182.00217
08-06 15:14:11.205 18417 18697 I art     : Explicit concurrent mark sweep GC freed 2087(124KB) AllocSpace objects, 2(36KB) LOS objects, 7% free, 187MB/203MB, paused 1.070ms total 49.030ms
08-06 15:14:11.215 18417 18417 D CompassActivity: will set rotation from 182.00217 to 181.9862
08-06 15:14:11.215 18417 18417 D CompassActivity: will set rotation from 181.9862 to 181.98495
08-06 15:14:11.225 18417 18697 I art     : Starting a blocking GC Explicit
08-06 15:14:11.237 18417 18417 D CompassActivity: will set rotation from 181.98495 to 181.98268
08-06 15:14:11.237 18417 18417 D CompassActivity: will set rotation from 181.98268 to 181.98308
08-06 15:14:11.249   518   646 I ThermalEngine: ACTION: GPU - Setting GPU[0] to 390000000
08-06 15:14:11.258 18417 18417 D CompassActivity: will set rotation from 181.98308 to 181.98268
08-06 15:14:11.259 18417 18417 D CompassActivity: will set rotation from 181.98268 to 181.98308
08-06 15:14:11.274 18417 18417 D CompassActivity: will set rotation from 181.98308 to 181.99979
08-06 15:14:11.275 18417 18417 D CompassActivity: will set rotation from 181.99979 to 182.00005
08-06 15:14:11.295 18417 18417 D CompassActivity: will set rotation from 182.00005 to 182.00244
08-06 15:14:11.295 18417 18417 D CompassActivity: will set rotation from 182.00244 to 182.00203
08-06 15:14:11.308 18417 18697 I art     : Explicit concurrent mark sweep GC freed 827(33KB) AllocSpace objects, 0(0B) LOS objects, 7% free, 187MB/203MB, paused 2.138ms total 82.817ms
08-06 15:14:11.314 18417 18417 D CompassActivity: will set rotation from 182.00203 to 182.00238
08-06 15:14:11.315 18417 18417 D CompassActivity: will set rotation from 182.00238 to 182.00049
08-06 15:14:11.333 18417 18697 I art     : Starting a blocking GC Explicit
08-06 15:14:11.337 18417 18417 D CompassActivity: will set rotation from 182.00049 to 181.99716
08-06 15:14:11.337 18417 18417 D CompassActivity: will set rotation from 181.99716 to 181.99623
08-06 15:14:11.356 18417 18417 D CompassActivity: will set rotation from 181.99623 to 181.99738
08-06 15:14:11.356 18417 18417 D CompassActivity: will set rotation from 181.99738 to 181.99652
08-06 15:14:11.375 18417 18417 D CompassActivity: will set rotation from 181.99652 to 182.02786
08-06 15:14:11.376 18417 18417 D CompassActivity: will set rotation from 182.02786 to 182.02876
08-06 15:14:11.395 18417 18697 I art     : Explicit concurrent mark sweep GC freed 204(9KB) AllocSpace objects, 0(0B) LOS objects, 7% free, 187MB/203MB, paused 2.358ms total 61.156ms
08-06 15:14:11.395 18417 18417 D CompassActivity: will set rotation from 182.02876 to 182.02968
08-06 15:14:11.396 18417 18417 D CompassActivity: will set rotation from 182.02968 to 182.0299
08-06 15:14:11.414 18417 18417 D CompassActivity: will set rotation from 182.0299 to 182.05977
08-06 15:14:11.414 18417 18417 D CompassActivity: will set rotation from 182.05977 to 182.05888
08-06 15:14:11.420 18417 18697 I art     : Starting a blocking GC Explicit
08-06 15:14:11.434 18417 18417 D CompassActivity: will set rotation from 182.05888 to 182.07043
08-06 15:14:11.434 18417 18417 D CompassActivity: will set rotation from 182.07043 to 182.07124
08-06 15:14:11.457 18417 18417 D CompassActivity: will set rotation from 182.07124 to 182.06798
08-06 15:14:11.457 18417 18417 D CompassActivity: will set rotation from 182.06798 to 182.06721
08-06 15:14:11.474 18417 18417 D CompassActivity: will set rotation from 182.06721 to 182.04999
08-06 15:14:11.474 18417 18417 D CompassActivity: will set rotation from 182.04999 to 182.04904
08-06 15:14:11.485 18417 18697 I art     : Explicit concurrent mark sweep GC freed 189(9KB) AllocSpace objects, 0(0B) LOS objects, 7% free, 187MB/203MB, paused 1.981ms total 64.362ms
08-06 15:14:11.494 18417 18417 D CompassActivity: will set rotation from 182.04904 to 182.04645
08-06 15:14:11.494 18417 18417 D CompassActivity: will set rotation from 182.04645 to 182.04617
08-06 15:14:11.513 18417 18697 I art     : Starting a blocking GC Explicit
08-06 15:14:11.516 18417 18417 D CompassActivity: will set rotation from 182.04617 to 182.07315
08-06 15:14:11.520 18417 18417 D CompassActivity: will set rotation from 182.07315 to 182.07483
08-06 15:14:11.533 18417 18417 D CompassActivity: will set rotation from 182.07483 to 182.07277
08-06 15:14:11.534 18417 18417 D CompassActivity: will set rotation from 182.07277 to 182.07182
08-06 15:14:11.555 18417 18417 D CompassActivity: will set rotation from 182.07182 to 182.0676
08-06 15:14:11.555 18417 18417 D CompassActivity: will set rotation from 182.0676 to 182.06668
08-06 15:14:11.569 18417 18697 I art     : Explicit concurrent mark sweep GC freed 207(9KB) AllocSpace objects, 0(0B) LOS objects, 7% free, 187MB/203MB, paused 1.510ms total 56.216ms
08-06 15:14:11.574 18417 18417 D CompassActivity: will set rotation from 182.06668 to 182.08078
08-06 15:14:11.575 18417 18417 D CompassActivity: will set rotation from 182.08078 to 182.08136
08-06 15:14:11.593 18417 18417 D CompassActivity: will set rotation from 182.08136 to 182.09189
08-06 15:14:11.593 18417 18417 D CompassActivity: will set rotation from 182.09189 to 182.09105
08-06 15:14:11.612 18417 18417 D CompassActivity: will set rotation from 182.09105 to 182.10268
08-06 15:14:11.613 18417 18417 D CompassActivity: will set rotation from 182.10268 to 182.10399
08-06 15:14:11.632 18417 18417 D CompassActivity: will set rotation from 182.10399 to 182.11636
08-06 15:14:11.633 18417 18417 D CompassActivity: will set rotation from 182.11636 to 182.11517
08-06 15:14:11.636 19911 19911 D AndroidRuntime: >>>>>> START com.android.internal.os.RuntimeInit uid 2000 <<<<<<
08-06 15:14:11.644 19911 19911 D AndroidRuntime: CheckJNI is OFF
08-06 15:14:11.654 18417 18417 D CompassActivity: will set rotation from 182.11517 to 182.07997
08-06 15:14:11.654 18417 18417 D CompassActivity: will set rotation from 182.07997 to 182.08018
08-06 15:14:11.673 18417 18417 D CompassActivity: will set rotation from 182.08018 to 182.09503
08-06 15:14:11.673 18417 18417 D CompassActivity: will set rotation from 182.09503 to 182.09584
08-06 15:14:11.692 18417 18417 D CompassActivity: will set rotation from 182.09584 to 182.0943
08-06 15:14:11.693 18417 18417 D CompassActivity: will set rotation from 182.0943 to 182.09424
08-06 15:14:11.711 19911 19911 D ICU     : No timezone override file found: /data/misc/zoneinfo/current/icu/icu_tzdata.dat
08-06 15:14:11.712 18417 18417 D CompassActivity: will set rotation from 182.09424 to 182.10686
08-06 15:14:11.713 18417 18417 D CompassActivity: will set rotation from 182.10686 to 182.10739
08-06 15:14:11.732 18417 18417 D CompassActivity: will set rotation from 182.10739 to 182.10439
08-06 15:14:11.732 18417 18417 D CompassActivity: will set rotation from 182.10439 to 182.10521
08-06 15:14:11.753 18417 18417 D CompassActivity: will set rotation from 182.10521 to 182.10501
08-06 15:14:11.753 18417 18417 D CompassActivity: will set rotation from 182.10501 to 182.10483
08-06 15:14:11.771 19911 19911 I Radio-JNI: register_android_hardware_Radio DONE
08-06 15:14:11.772 18417 18417 D CompassActivity: will set rotation from 182.10483 to 182.11542
08-06 15:14:11.773 18417 18417 D CompassActivity: will set rotation from 182.11542 to 182.11534
08-06 15:14:11.792 18417 18417 D CompassActivity: will set rotation from 182.11534 to 182.12772
08-06 15:14:11.793 18417 18417 D CompassActivity: will set rotation from 182.12772 to 182.12674
08-06 15:14:11.810 19911 19911 D AndroidRuntime: Calling main entry com.android.commands.input.Input
08-06 15:14:11.812 18417 18417 D CompassActivity: will set rotation from 182.12674 to 182.1366
08-06 15:14:11.812 18417 18417 D CompassActivity: will set rotation from 182.1366 to 182.13664
08-06 15:14:11.813 19911 19911 I Input   : injectKeyEvent: KeyEvent { action=ACTION_DOWN, keyCode=KEYCODE_BACK, scanCode=0, metaState=0, flags=0x0, repeatCount=0, eventTime=890068225, downTime=890068225, deviceId=-1, source=0x101 }
08-06 15:14:11.824 19911 19911 I Input   : injectKeyEvent: KeyEvent { action=ACTION_UP, keyCode=KEYCODE_BACK, scanCode=0, metaState=0, flags=0x0, repeatCount=0, eventTime=890068225, downTime=890068225, deviceId=-1, source=0x101 }
08-06 15:14:11.832 19911 19911 D AndroidRuntime: Shutting down VM
08-06 15:14:11.832 18417 18417 D CompassActivity: will set rotation from 182.13664 to 182.11914
08-06 15:14:11.833 18417 18417 D CompassActivity: will set rotation from 182.11914 to 182.11862
08-06 15:14:11.837   918  6110 I sensors : activate
08-06 15:14:11.838   918  6029 I sensors : activate
08-06 15:14:11.846   918  3188 I hubconnection: sensorhub said: 'activate 1 enable:0'
08-06 15:14:11.847   918  3188 I hubconnection: sensorhub said: 'activate 3 enable:0'
08-06 15:14:11.868 18417 18417 V MainActivity: url = https://project-travel-mate.herokuapp.com/api/number-of-unread-notifications
08-06 15:14:11.988 13866 13866 I GoogleInputMethodServic: GoogleInputMethodService.onFinishInput():3138 
08-06 15:14:11.989 13866 13866 I GoogleInputMethodServic: GoogleInputMethodService.onStartInput():1808 
08-06 15:14:12.028 18417 18430 I art     : Starting a blocking GC Explicit
08-06 15:14:12.079 18417 18430 I art     : Explicit concurrent mark sweep GC freed 2421(134KB) AllocSpace objects, 2(36KB) LOS objects, 7% free, 187MB/203MB, paused 1.498ms total 50.244ms
08-06 15:14:12.101 18417 18430 I art     : Starting a blocking GC Explicit
08-06 15:14:12.152 18417 18430 I art     : Explicit concurrent mark sweep GC freed 533(20KB) AllocSpace objects, 0(0B) LOS objects, 7% free, 187MB/203MB, paused 1.693ms total 50.973ms
08-06 15:14:12.180 18417 18430 I art     : Starting a blocking GC Explicit
08-06 15:14:12.244 18417 18430 I art     : Explicit concurrent mark sweep GC freed 5(192B) AllocSpace objects, 0(0B) LOS objects, 7% free, 187MB/203MB, paused 1.886ms total 63.463ms
08-06 15:14:12.251 18417 18417 D CompassActivity: stop compass
08-06 15:14:12.252   380   380 W SurfaceFlinger: couldn't log to binary event log: overflow.
08-06 15:14:12.268 18417 18430 I art     : Starting a blocking GC Explicit
08-06 15:14:12.317 18417 18430 I art     : Explicit concurrent mark sweep GC freed 22(928B) AllocSpace objects, 0(0B) LOS objects, 7% free, 187MB/203MB, paused 1.533ms total 48.730ms
08-06 15:14:12.338 18417 18430 I art     : Starting a blocking GC Explicit
08-06 15:14:12.403 18417 19938 I NAPPA_EXPERIMENTATION: MetricNetworkRequestExecutionTime: REQUEST_DURATION_SYSTEM='533',REQUEST_DURATION_OKHTTP='36',REQUEST_SYNCHRONOUS='FALSE',RESPONSE_CODE='200',RESPONSE_METHOD='GET',RESPONSE_LENGTH_OKHTTP='36',RESPONSE_LENGTH_HEADER='36',REQUEST_PROTOCOL='http/1.1',REQUEST_URL='https://project-travel-mate.herokuapp.com/api/number-of-unread-notifications',
08-06 15:14:12.412 18417 18430 I art     : Explicit concurrent mark sweep GC freed 3833(213KB) AllocSpace objects, 5(52MB) LOS objects, 10% free, 135MB/151MB, paused 1.740ms total 73.130ms
08-06 15:14:12.814 14704 14704 I Atfwd_Sendcmd: AtCmdFwd service not ready - Exhausted retry attempts - :6
08-06 15:14:12.815 14704 14704 I Atfwd_Daemon: result : -1 	 ,Init step :2 	 ,qmiErrorCode: 0
08-06 15:14:12.858 18417 18697 I art     : Starting a blocking GC Explicit
08-06 15:14:12.927 18417 18697 I art     : Explicit concurrent mark sweep GC freed 2865(227KB) AllocSpace objects, 3(116KB) LOS objects, 10% free, 135MB/151MB, paused 1.985ms total 68.370ms
08-06 15:14:12.955 18417 18697 I art     : Starting a blocking GC Explicit
08-06 15:14:13.012 18417 18697 I art     : Explicit concurrent mark sweep GC freed 69(4KB) AllocSpace objects, 0(0B) LOS objects, 10% free, 135MB/151MB, paused 2.059ms total 56.428ms
08-06 15:14:13.039 18417 18697 I art     : Starting a blocking GC Explicit
08-06 15:14:13.096 18417 18697 I art     : Explicit concurrent mark sweep GC freed 14(672B) AllocSpace objects, 0(0B) LOS objects, 10% free, 135MB/151MB, paused 1.704ms total 55.798ms
08-06 15:14:13.118 18417 18697 I art     : Starting a blocking GC Explicit
08-06 15:14:13.172 18417 18697 I art     : Explicit concurrent mark sweep GC freed 3(96B) AllocSpace objects, 0(0B) LOS objects, 10% free, 135MB/151MB, paused 1.633ms total 53.079ms
08-06 15:14:13.194 18417 18697 I art     : Starting a blocking GC Explicit
08-06 15:14:13.247 18417 18697 I art     : Explicit concurrent mark sweep GC freed 3(96B) AllocSpace objects, 0(0B) LOS objects, 10% free, 135MB/151MB, paused 1.676ms total 53.477ms
08-06 15:14:13.692 18417 18478 I art     : Starting a blocking GC Explicit
08-06 15:14:13.732 19951 19951 D AndroidRuntime: >>>>>> START com.android.internal.os.RuntimeInit uid 2000 <<<<<<
08-06 15:14:13.740 19951 19951 D AndroidRuntime: CheckJNI is OFF
08-06 15:14:13.751 18417 18478 I art     : Explicit concurrent mark sweep GC freed 1643(95KB) AllocSpace objects, 2(36KB) LOS objects, 10% free, 135MB/151MB, paused 2.017ms total 58.656ms
08-06 15:14:13.778 18417 18478 I art     : Starting a blocking GC Explicit
08-06 15:14:13.802 19951 19951 D ICU     : No timezone override file found: /data/misc/zoneinfo/current/icu/icu_tzdata.dat
08-06 15:14:13.829 18417 18478 I art     : Explicit concurrent mark sweep GC freed 31(1136B) AllocSpace objects, 0(0B) LOS objects, 10% free, 135MB/151MB, paused 1.870ms total 51.065ms
08-06 15:14:13.846 19951 19951 I Radio-JNI: register_android_hardware_Radio DONE
08-06 15:14:13.851 18417 18478 I art     : Starting a blocking GC Explicit
08-06 15:14:13.878 19951 19951 D AndroidRuntime: Calling main entry com.android.commands.input.Input
08-06 15:14:13.881 19951 19951 I Input   : injectMotionEvent: MotionEvent { action=ACTION_DOWN, actionButton=0, id[0]=0, x[0]=500.0, y[0]=2000.0, toolType[0]=TOOL_TYPE_UNKNOWN, buttonState=0, metaState=0, flags=0x0, edgeFlags=0x0, pointerCount=1, historySize=0, eventTime=890070293, downTime=890070293, deviceId=0, source=0x1002 }
08-06 15:14:13.886 19951 19951 I Input   : injectMotionEvent: MotionEvent { action=ACTION_MOVE, actionButton=0, id[0]=0, x[0]=500.0, y[0]=2000.0, toolType[0]=TOOL_TYPE_UNKNOWN, buttonState=0, metaState=0, flags=0x0, edgeFlags=0x0, pointerCount=1, historySize=0, eventTime=890070293, downTime=890070293, deviceId=0, source=0x1002 }
08-06 15:14:13.906 18417 18478 I art     : Explicit concurrent mark sweep GC freed 34(928B) AllocSpace objects, 0(0B) LOS objects, 10% free, 135MB/151MB, paused 1.762ms total 55.043ms
08-06 15:14:13.911 19951 19951 I Input   : injectMotionEvent: MotionEvent { action=ACTION_MOVE, actionButton=0, id[0]=0, x[0]=500.0, y[0]=1941.1, toolType[0]=TOOL_TYPE_UNKNOWN, buttonState=0, metaState=0, flags=0x0, edgeFlags=0x0, pointerCount=1, historySize=0, eventTime=890070324, downTime=890070324, deviceId=0, source=0x1002 }
08-06 15:14:13.922 19951 19951 I Input   : injectMotionEvent: MotionEvent { action=ACTION_MOVE, actionButton=0, id[0]=0, x[0]=500.0, y[0]=1920.2, toolType[0]=TOOL_TYPE_UNKNOWN, buttonState=0, metaState=0, flags=0x0, edgeFlags=0x0, pointerCount=1, historySize=0, eventTime=890070335, downTime=890070335, deviceId=0, source=0x1002 }
08-06 15:14:13.930 18417 18478 I art     : Starting a blocking GC Explicit
08-06 15:14:13.948 19951 19951 I Input   : injectMotionEvent: MotionEvent { action=ACTION_MOVE, actionButton=0, id[0]=0, x[0]=500.0, y[0]=1870.8, toolType[0]=TOOL_TYPE_UNKNOWN, buttonState=0, metaState=0, flags=0x0, edgeFlags=0x0, pointerCount=1, historySize=0, eventTime=890070361, downTime=890070361, deviceId=0, source=0x1002 }
08-06 15:14:13.956 19951 19951 I Input   : injectMotionEvent: MotionEvent { action=ACTION_MOVE, actionButton=0, id[0]=0, x[0]=500.0, y[0]=1855.6, toolType[0]=TOOL_TYPE_UNKNOWN, buttonState=0, metaState=0, flags=0x0, edgeFlags=0x0, pointerCount=1, historySize=0, eventTime=890070369, downTime=890070369, deviceId=0, source=0x1002 }
08-06 15:14:13.974 19951 19951 I Input   : injectMotionEvent: MotionEvent { action=ACTION_MOVE, actionButton=0, id[0]=0, x[0]=500.0, y[0]=1821.4, toolType[0]=TOOL_TYPE_UNKNOWN, buttonState=0, metaState=0, flags=0x0, edgeFlags=0x0, pointerCount=1, historySize=0, eventTime=890070387, downTime=890070387, deviceId=0, source=0x1002 }
08-06 15:14:13.990 19951 19951 I Input   : injectMotionEvent: MotionEvent { action=ACTION_MOVE, actionButton=0, id[0]=0, x[0]=500.0, y[0]=1791.0, toolType[0]=TOOL_TYPE_UNKNOWN, buttonState=0, metaState=0, flags=0x0, edgeFlags=0x0, pointerCount=1, historySize=0, eventTime=890070403, downTime=890070403, deviceId=0, source=0x1002 }
08-06 15:14:13.996 18417 18478 I art     : Explicit concurrent mark sweep GC freed 48(1712B) AllocSpace objects, 0(0B) LOS objects, 10% free, 135MB/151MB, paused 2.738ms total 65.340ms
08-06 15:14:14.007 19951 19951 I Input   : injectMotionEvent: MotionEvent { action=ACTION_MOVE, actionButton=0, id[0]=0, x[0]=500.0, y[0]=1758.7, toolType[0]=TOOL_TYPE_UNKNOWN, buttonState=0, metaState=0, flags=0x0, edgeFlags=0x0, pointerCount=1, historySize=0, eventTime=890070420, downTime=890070420, deviceId=0, source=0x1002 }
08-06 15:14:14.025 19951 19951 I Input   : injectMotionEvent: MotionEvent { action=ACTION_MOVE, actionButton=0, id[0]=0, x[0]=500.0, y[0]=1724.5, toolType[0]=TOOL_TYPE_UNKNOWN, buttonState=0, metaState=0, flags=0x0, edgeFlags=0x0, pointerCount=1, historySize=0, eventTime=890070438, downTime=890070438, deviceId=0, source=0x1002 }
08-06 15:14:14.032 18417 18478 I art     : Starting a blocking GC Explicit
08-06 15:14:14.040 19951 19951 I Input   : injectMotionEvent: MotionEvent { action=ACTION_MOVE, actionButton=0, id[0]=0, x[0]=500.0, y[0]=1696.0, toolType[0]=TOOL_TYPE_UNKNOWN, buttonState=0, metaState=0, flags=0x0, edgeFlags=0x0, pointerCount=1, historySize=0, eventTime=890070453, downTime=890070453, deviceId=0, source=0x1002 }
08-06 15:14:14.059 19951 19951 I Input   : injectMotionEvent: MotionEvent { action=ACTION_MOVE, actionButton=0, id[0]=0, x[0]=500.0, y[0]=1659.9, toolType[0]=TOOL_TYPE_UNKNOWN, buttonState=0, metaState=0, flags=0x0, edgeFlags=0x0, pointerCount=1, historySize=0, eventTime=890070472, downTime=890070472, deviceId=0, source=0x1002 }
08-06 15:14:14.072 19951 19951 I Input   : injectMotionEvent: MotionEvent { action=ACTION_MOVE, actionButton=0, id[0]=0, x[0]=500.0, y[0]=1635.2, toolType[0]=TOOL_TYPE_UNKNOWN, buttonState=0, metaState=0, flags=0x0, edgeFlags=0x0, pointerCount=1, historySize=0, eventTime=890070485, downTime=890070485, deviceId=0, source=0x1002 }
08-06 15:14:14.088 19951 19951 I Input   : injectMotionEvent: MotionEvent { action=ACTION_MOVE, actionButton=0, id[0]=0, x[0]=500.0, y[0]=1604.8, toolType[0]=TOOL_TYPE_UNKNOWN, buttonState=0, metaState=0, flags=0x0, edgeFlags=0x0, pointerCount=1, historySize=0, eventTime=890070501, downTime=890070501, deviceId=0, source=0x1002 }
08-06 15:14:14.098 18417 18478 I art     : Explicit concurrent mark sweep GC freed 50(2160B) AllocSpace objects, 0(0B) LOS objects, 10% free, 135MB/151MB, paused 1.877ms total 65.623ms
08-06 15:14:14.106 19951 19951 I Input   : injectMotionEvent: MotionEvent { action=ACTION_MOVE, actionButton=0, id[0]=0, x[0]=500.0, y[0]=1570.6, toolType[0]=TOOL_TYPE_UNKNOWN, buttonState=0, metaState=0, flags=0x0, edgeFlags=0x0, pointerCount=1, historySize=0, eventTime=890070519, downTime=890070519, deviceId=0, source=0x1002 }
08-06 15:14:14.123 19951 19951 I Input   : injectMotionEvent: MotionEvent { action=ACTION_MOVE, actionButton=0, id[0]=0, x[0]=500.0, y[0]=1536.4, toolType[0]=TOOL_TYPE_UNKNOWN, buttonState=0, metaState=0, flags=0x0, edgeFlags=0x0, pointerCount=1, historySize=0, eventTime=890070537, downTime=890070537, deviceId=0, source=0x1002 }
08-06 15:14:14.138 19951 19951 I Input   : injectMotionEvent: MotionEvent { action=ACTION_MOVE, actionButton=0, id[0]=0, x[0]=500.0, y[0]=1509.8, toolType[0]=TOOL_TYPE_UNKNOWN, buttonState=0, metaState=0, flags=0x0, edgeFlags=0x0, pointerCount=1, historySize=0, eventTime=890070551, downTime=890070551, deviceId=0, source=0x1002 }
08-06 15:14:14.155 19951 19951 I Input   : injectMotionEvent: MotionEvent { action=ACTION_MOVE, actionButton=0, id[0]=0, x[0]=500.0, y[0]=1477.5, toolType[0]=TOOL_TYPE_UNKNOWN, buttonState=0, metaState=0, flags=0x0, edgeFlags=0x0, pointerCount=1, historySize=0, eventTime=890070568, downTime=890070568, deviceId=0, source=0x1002 }
08-06 15:14:14.173 19951 19951 I Input   : injectMotionEvent: MotionEvent { action=ACTION_MOVE, actionButton=0, id[0]=0, x[0]=500.0, y[0]=1443.3, toolType[0]=TOOL_TYPE_UNKNOWN, buttonState=0, metaState=0, flags=0x0, edgeFlags=0x0, pointerCount=1, historySize=0, eventTime=890070586, downTime=890070586, deviceId=0, source=0x1002 }
08-06 15:14:14.188 19951 19951 I Input   : injectMotionEvent: MotionEvent { action=ACTION_MOVE, actionButton=0, id[0]=0, x[0]=500.0, y[0]=1414.8, toolType[0]=TOOL_TYPE_UNKNOWN, buttonState=0, metaState=0, flags=0x0, edgeFlags=0x0, pointerCount=1, historySize=0, eventTime=890070601, downTime=890070601, deviceId=0, source=0x1002 }
08-06 15:14:14.205 19951 19951 I Input   : injectMotionEvent: MotionEvent { action=ACTION_MOVE, actionButton=0, id[0]=0, x[0]=500.0, y[0]=1382.5, toolType[0]=TOOL_TYPE_UNKNOWN, buttonState=0, metaState=0, flags=0x0, edgeFlags=0x0, pointerCount=1, historySize=0, eventTime=890070618, downTime=890070618, deviceId=0, source=0x1002 }
08-06 15:14:14.222 19951 19951 I Input   : injectMotionEvent: MotionEvent { action=ACTION_MOVE, actionButton=0, id[0]=0, x[0]=500.0, y[0]=1350.2, toolType[0]=TOOL_TYPE_UNKNOWN, buttonState=0, metaState=0, flags=0x0, edgeFlags=0x0, pointerCount=1, historySize=0, eventTime=890070635, downTime=890070635, deviceId=0, source=0x1002 }
08-06 15:14:14.240 19951 19951 I Input   : injectMotionEvent: MotionEvent { action=ACTION_MOVE, actionButton=0, id[0]=0, x[0]=500.0, y[0]=1316.0, toolType[0]=TOOL_TYPE_UNKNOWN, buttonState=0, metaState=0, flags=0x0, edgeFlags=0x0, pointerCount=1, historySize=0, eventTime=890070653, downTime=890070653, deviceId=0, source=0x1002 }
08-06 15:14:14.258 19951 19951 I Input   : injectMotionEvent: MotionEvent { action=ACTION_MOVE, actionButton=0, id[0]=0, x[0]=500.0, y[0]=1281.8, toolType[0]=TOOL_TYPE_UNKNOWN, buttonState=0, metaState=0, flags=0x0, edgeFlags=0x0, pointerCount=1, historySize=0, eventTime=890070671, downTime=890070671, deviceId=0, source=0x1002 }
08-06 15:14:14.276 19951 19951 I Input   : injectMotionEvent: MotionEvent { action=ACTION_MOVE, actionButton=0, id[0]=0, x[0]=500.0, y[0]=1247.6, toolType[0]=TOOL_TYPE_UNKNOWN, buttonState=0, metaState=0, flags=0x0, edgeFlags=0x0, pointerCount=1, historySize=0, eventTime=890070689, downTime=890070689, deviceId=0, source=0x1002 }
08-06 15:14:14.292 19951 19951 I Input   : injectMotionEvent: MotionEvent { action=ACTION_MOVE, actionButton=0, id[0]=0, x[0]=500.0, y[0]=1217.2, toolType[0]=TOOL_TYPE_UNKNOWN, buttonState=0, metaState=0, flags=0x0, edgeFlags=0x0, pointerCount=1, historySize=0, eventTime=890070705, downTime=890070705, deviceId=0, source=0x1002 }
08-06 15:14:14.308 19951 19951 I Input   : injectMotionEvent: MotionEvent { action=ACTION_MOVE, actionButton=0, id[0]=0, x[0]=500.0, y[0]=1190.6, toolType[0]=TOOL_TYPE_UNKNOWN, buttonState=0, metaState=0, flags=0x0, edgeFlags=0x0, pointerCount=1, historySize=0, eventTime=890070719, downTime=890070719, deviceId=0, source=0x1002 }
08-06 15:14:14.380 19951 19951 I Input   : injectMotionEvent: MotionEvent { action=ACTION_MOVE, actionButton=0, id[0]=0, x[0]=500.0, y[0]=1050.0, toolType[0]=TOOL_TYPE_UNKNOWN, buttonState=0, metaState=0, flags=0x0, edgeFlags=0x0, pointerCount=1, historySize=0, eventTime=890070793, downTime=890070793, deviceId=0, source=0x1002 }
08-06 15:14:14.449 19951 19951 I Input   : injectMotionEvent: MotionEvent { action=ACTION_MOVE, actionButton=0, id[0]=0, x[0]=500.0, y[0]=918.9, toolType[0]=TOOL_TYPE_UNKNOWN, buttonState=0, metaState=0, flags=0x0, edgeFlags=0x0, pointerCount=1, historySize=0, eventTime=890070862, downTime=890070862, deviceId=0, source=0x1002 }
08-06 15:14:14.518 19951 19951 I Input   : injectMotionEvent: MotionEvent { action=ACTION_MOVE, actionButton=0, id[0]=0, x[0]=500.0, y[0]=787.7999, toolType[0]=TOOL_TYPE_UNKNOWN, buttonState=0, metaState=0, flags=0x0, edgeFlags=0x0, pointerCount=1, historySize=0, eventTime=890070931, downTime=890070931, deviceId=0, source=0x1002 }
08-06 15:14:14.562 18417 18430 I art     : Starting a blocking GC Explicit
08-06 15:14:14.583 19951 19951 I Input   : injectMotionEvent: MotionEvent { action=ACTION_MOVE, actionButton=0, id[0]=0, x[0]=500.0, y[0]=664.2999, toolType[0]=TOOL_TYPE_UNKNOWN, buttonState=0, metaState=0, flags=0x0, edgeFlags=0x0, pointerCount=1, historySize=0, eventTime=890070996, downTime=890070996, deviceId=0, source=0x1002 }
08-06 15:14:14.616 18417 18430 I art     : Explicit concurrent mark sweep GC freed 1636(95KB) AllocSpace objects, 2(36KB) LOS objects, 10% free, 135MB/151MB, paused 1.558ms total 54.168ms
08-06 15:14:14.641 19951 19951 I Input   : injectMotionEvent: MotionEvent { action=ACTION_MOVE, actionButton=0, id[0]=0, x[0]=500.0, y[0]=552.19995, toolType[0]=TOOL_TYPE_UNKNOWN, buttonState=0, metaState=0, flags=0x0, edgeFlags=0x0, pointerCount=1, historySize=0, eventTime=890071055, downTime=890071055, deviceId=0, source=0x1002 }
08-06 15:14:14.643 18417 18430 I art     : Starting a blocking GC Explicit
08-06 15:14:14.691 18417 18430 I art     : Explicit concurrent mark sweep GC freed 32(1200B) AllocSpace objects, 0(0B) LOS objects, 10% free, 135MB/151MB, paused 1.581ms total 47.575ms
08-06 15:14:14.702 19951 19951 I Input   : injectMotionEvent: MotionEvent { action=ACTION_MOVE, actionButton=0, id[0]=0, x[0]=500.0, y[0]=438.19995, toolType[0]=TOOL_TYPE_UNKNOWN, buttonState=0, metaState=0, flags=0x0, edgeFlags=0x0, pointerCount=1, historySize=0, eventTime=890071115, downTime=890071115, deviceId=0, source=0x1002 }
08-06 15:14:14.712 18417 18430 I art     : Starting a blocking GC Explicit
08-06 15:14:14.762 19951 19951 I Input   : injectMotionEvent: MotionEvent { action=ACTION_MOVE, actionButton=0, id[0]=0, x[0]=500.0, y[0]=324.19995, toolType[0]=TOOL_TYPE_UNKNOWN, buttonState=0, metaState=0, flags=0x0, edgeFlags=0x0, pointerCount=1, historySize=0, eventTime=890071175, downTime=890071175, deviceId=0, source=0x1002 }
08-06 15:14:14.766 18417 18430 I art     : Explicit concurrent mark sweep GC freed 7(224B) AllocSpace objects, 0(0B) LOS objects, 10% free, 135MB/151MB, paused 1.604ms total 53.489ms
08-06 15:14:14.788 18417 18430 I art     : Starting a blocking GC Explicit
08-06 15:14:14.836 18417 18430 I art     : Explicit concurrent mark sweep GC freed 4(128B) AllocSpace objects, 0(0B) LOS objects, 10% free, 135MB/151MB, paused 1.552ms total 47.075ms
08-06 15:14:14.851 19951 19951 I Input   : injectMotionEvent: MotionEvent { action=ACTION_MOVE, actionButton=0, id[0]=0, x[0]=500.0, y[0]=155.09998, toolType[0]=TOOL_TYPE_UNKNOWN, buttonState=0, metaState=0, flags=0x0, edgeFlags=0x0, pointerCount=1, historySize=0, eventTime=890071264, downTime=890071264, deviceId=0, source=0x1002 }
08-06 15:14:14.857 18417 18430 I art     : Starting a blocking GC Explicit
08-06 15:14:14.889 19951 19951 I Input   : injectMotionEvent: MotionEvent { action=ACTION_UP, actionButton=0, id[0]=0, x[0]=500.0, y[0]=100.0, toolType[0]=TOOL_TYPE_UNKNOWN, buttonState=0, metaState=0, flags=0x0, edgeFlags=0x0, pointerCount=1, historySize=0, eventTime=890071302, downTime=890071302, deviceId=0, source=0x1002 }
08-06 15:14:14.906 18417 18430 I art     : Explicit concurrent mark sweep GC freed 40(1120B) AllocSpace objects, 0(0B) LOS objects, 10% free, 135MB/151MB, paused 1.520ms total 48.468ms
08-06 15:14:14.927 19951 19951 D AndroidRuntime: Shutting down VM
08-06 15:14:15.348 18417 18697 I art     : Starting a blocking GC Explicit
08-06 15:14:15.406 18417 18697 I art     : Explicit concurrent mark sweep GC freed 1627(94KB) AllocSpace objects, 2(36KB) LOS objects, 10% free, 135MB/151MB, paused 1.486ms total 57.277ms
08-06 15:14:15.435 18417 18697 I art     : Starting a blocking GC Explicit
08-06 15:14:15.487 18417 18697 I art     : Explicit concurrent mark sweep GC freed 63(2784B) AllocSpace objects, 0(0B) LOS objects, 10% free, 135MB/151MB, paused 1.506ms total 50.626ms
08-06 15:14:15.512 18417 18697 I art     : Starting a blocking GC Explicit
08-06 15:14:15.586 18417 18697 I art     : Explicit concurrent mark sweep GC freed 7(224B) AllocSpace objects, 0(0B) LOS objects, 10% free, 135MB/151MB, paused 1.432ms total 73.714ms
08-06 15:14:15.618 18417 18697 I art     : Starting a blocking GC Explicit
08-06 15:14:15.666 18417 18697 I art     : Explicit concurrent mark sweep GC freed 3(96B) AllocSpace objects, 0(0B) LOS objects, 10% free, 135MB/151MB, paused 1.400ms total 47.811ms
08-06 15:14:15.686 18417 18697 I art     : Starting a blocking GC Explicit
08-06 15:14:15.735 18417 18697 I art     : Explicit concurrent mark sweep GC freed 3(96B) AllocSpace objects, 0(0B) LOS objects, 10% free, 135MB/151MB, paused 1.520ms total 49.004ms
08-06 15:14:15.804 20000 20000 D AndroidRuntime: >>>>>> START com.android.internal.os.RuntimeInit uid 2000 <<<<<<
08-06 15:14:15.812 20000 20000 D AndroidRuntime: CheckJNI is OFF
08-06 15:14:15.872 20000 20000 D ICU     : No timezone override file found: /data/misc/zoneinfo/current/icu/icu_tzdata.dat
08-06 15:14:15.918 20000 20000 I Radio-JNI: register_android_hardware_Radio DONE
08-06 15:14:15.952 20000 20000 D AndroidRuntime: Calling main entry com.android.commands.input.Input
08-06 15:14:15.955 20000 20000 I Input   : injectMotionEvent: MotionEvent { action=ACTION_DOWN, actionButton=0, id[0]=0, x[0]=500.0, y[0]=2000.0, toolType[0]=TOOL_TYPE_UNKNOWN, buttonState=0, metaState=0, flags=0x0, edgeFlags=0x0, pointerCount=1, historySize=0, eventTime=890072367, downTime=890072367, deviceId=0, source=0x1002 }
08-06 15:14:15.963 20000 20000 I Input   : injectMotionEvent: MotionEvent { action=ACTION_MOVE, actionButton=0, id[0]=0, x[0]=500.0, y[0]=2000.0, toolType[0]=TOOL_TYPE_UNKNOWN, buttonState=0, metaState=0, flags=0x0, edgeFlags=0x0, pointerCount=1, historySize=0, eventTime=890072367, downTime=890072367, deviceId=0, source=0x1002 }
08-06 15:14:15.973 20000 20000 I Input   : injectMotionEvent: MotionEvent { action=ACTION_MOVE, actionButton=0, id[0]=0, x[0]=500.0, y[0]=1963.9, toolType[0]=TOOL_TYPE_UNKNOWN, buttonState=0, metaState=0, flags=0x0, edgeFlags=0x0, pointerCount=1, historySize=0, eventTime=890072386, downTime=890072386, deviceId=0, source=0x1002 }
08-06 15:14:15.994 20000 20000 I Input   : injectMotionEvent: MotionEvent { action=ACTION_MOVE, actionButton=0, id[0]=0, x[0]=500.0, y[0]=1924.0, toolType[0]=TOOL_TYPE_UNKNOWN, buttonState=0, metaState=0, flags=0x0, edgeFlags=0x0, pointerCount=1, historySize=0, eventTime=890072407, downTime=890072407, deviceId=0, source=0x1002 }
08-06 15:14:16.010 20000 20000 I Input   : injectMotionEvent: MotionEvent { action=ACTION_MOVE, actionButton=0, id[0]=0, x[0]=500.0, y[0]=1893.6, toolType[0]=TOOL_TYPE_UNKNOWN, buttonState=0, metaState=0, flags=0x0, edgeFlags=0x0, pointerCount=1, historySize=0, eventTime=890072423, downTime=890072423, deviceId=0, source=0x1002 }
08-06 15:14:16.053 20000 20000 I Input   : injectMotionEvent: MotionEvent { action=ACTION_MOVE, actionButton=0, id[0]=0, x[0]=500.0, y[0]=1811.9, toolType[0]=TOOL_TYPE_UNKNOWN, buttonState=0, metaState=0, flags=0x0, edgeFlags=0x0, pointerCount=1, historySize=0, eventTime=890072466, downTime=890072466, deviceId=0, source=0x1002 }
08-06 15:14:16.093 20000 20000 I Input   : injectMotionEvent: MotionEvent { action=ACTION_MOVE, actionButton=0, id[0]=0, x[0]=500.0, y[0]=1735.9, toolType[0]=TOOL_TYPE_UNKNOWN, buttonState=0, metaState=0, flags=0x0, edgeFlags=0x0, pointerCount=1, historySize=0, eventTime=890072506, downTime=890072506, deviceId=0, source=0x1002 }
08-06 15:14:16.130 20000 20000 I Input   : injectMotionEvent: MotionEvent { action=ACTION_MOVE, actionButton=0, id[0]=0, x[0]=500.0, y[0]=1665.6, toolType[0]=TOOL_TYPE_UNKNOWN, buttonState=0, metaState=0, flags=0x0, edgeFlags=0x0, pointerCount=1, historySize=0, eventTime=890072543, downTime=890072543, deviceId=0, source=0x1002 }
08-06 15:14:16.171 18417 18430 I art     : Starting a blocking GC Explicit
08-06 15:14:16.175 20000 20000 I Input   : injectMotionEvent: MotionEvent { action=ACTION_MOVE, actionButton=0, id[0]=0, x[0]=500.0, y[0]=1580.1, toolType[0]=TOOL_TYPE_UNKNOWN, buttonState=0, metaState=0, flags=0x0, edgeFlags=0x0, pointerCount=1, historySize=0, eventTime=890072588, downTime=890072588, deviceId=0, source=0x1002 }
08-06 15:14:16.212 20000 20000 I Input   : injectMotionEvent: MotionEvent { action=ACTION_MOVE, actionButton=0, id[0]=0, x[0]=500.0, y[0]=1507.9, toolType[0]=TOOL_TYPE_UNKNOWN, buttonState=0, metaState=0, flags=0x0, edgeFlags=0x0, pointerCount=1, historySize=0, eventTime=890072626, downTime=890072626, deviceId=0, source=0x1002 }
08-06 15:14:16.220 18417 18430 I art     : Explicit concurrent mark sweep GC freed 1709(97KB) AllocSpace objects, 2(36KB) LOS objects, 10% free, 135MB/151MB, paused 1.451ms total 49.115ms
08-06 15:14:16.241 18417 18430 I art     : Starting a blocking GC Explicit
08-06 15:14:16.250 20000 20000 I Input   : injectMotionEvent: MotionEvent { action=ACTION_MOVE, actionButton=0, id[0]=0, x[0]=500.0, y[0]=1437.6, toolType[0]=TOOL_TYPE_UNKNOWN, buttonState=0, metaState=0, flags=0x0, edgeFlags=0x0, pointerCount=1, historySize=0, eventTime=890072663, downTime=890072663, deviceId=0, source=0x1002 }
08-06 15:14:16.287 20000 20000 I Input   : injectMotionEvent: MotionEvent { action=ACTION_MOVE, actionButton=0, id[0]=0, x[0]=500.0, y[0]=1365.4, toolType[0]=TOOL_TYPE_UNKNOWN, buttonState=0, metaState=0, flags=0x0, edgeFlags=0x0, pointerCount=1, historySize=0, eventTime=890072701, downTime=890072701, deviceId=0, source=0x1002 }
08-06 15:14:16.293 18417 18430 I art     : Explicit concurrent mark sweep GC freed 53(2256B) AllocSpace objects, 0(0B) LOS objects, 10% free, 135MB/151MB, paused 1.870ms total 50.750ms
08-06 15:14:16.313 18417 18430 I art     : Starting a blocking GC Explicit
08-06 15:14:16.324 20000 20000 I Input   : injectMotionEvent: MotionEvent { action=ACTION_MOVE, actionButton=0, id[0]=0, x[0]=500.0, y[0]=1297.0, toolType[0]=TOOL_TYPE_UNKNOWN, buttonState=0, metaState=0, flags=0x0, edgeFlags=0x0, pointerCount=1, historySize=0, eventTime=890072737, downTime=890072737, deviceId=0, source=0x1002 }
08-06 15:14:16.361 20000 20000 I Input   : injectMotionEvent: MotionEvent { action=ACTION_MOVE, actionButton=0, id[0]=0, x[0]=500.0, y[0]=1226.7, toolType[0]=TOOL_TYPE_UNKNOWN, buttonState=0, metaState=0, flags=0x0, edgeFlags=0x0, pointerCount=1, historySize=0, eventTime=890072774, downTime=890072774, deviceId=0, source=0x1002 }
08-06 15:14:16.367 18417 18430 I art     : Explicit concurrent mark sweep GC freed 7(224B) AllocSpace objects, 0(0B) LOS objects, 10% free, 135MB/151MB, paused 1.621ms total 52.744ms
08-06 15:14:16.387 18417 18430 I art     : Starting a blocking GC Explicit
08-06 15:14:16.401 20000 20000 I Input   : injectMotionEvent: MotionEvent { action=ACTION_MOVE, actionButton=0, id[0]=0, x[0]=500.0, y[0]=1150.7, toolType[0]=TOOL_TYPE_UNKNOWN, buttonState=0, metaState=0, flags=0x0, edgeFlags=0x0, pointerCount=1, historySize=0, eventTime=890072814, downTime=890072814, deviceId=0, source=0x1002 }
08-06 15:14:16.442 20000 20000 I Input   : injectMotionEvent: MotionEvent { action=ACTION_MOVE, actionButton=0, id[0]=0, x[0]=500.0, y[0]=1072.8, toolType[0]=TOOL_TYPE_UNKNOWN, buttonState=0, metaState=0, flags=0x0, edgeFlags=0x0, pointerCount=1, historySize=0, eventTime=890072855, downTime=890072855, deviceId=0, source=0x1002 }
08-06 15:14:16.447 18417 18430 I art     : Explicit concurrent mark sweep GC freed 7(224B) AllocSpace objects, 0(0B) LOS objects, 10% free, 135MB/151MB, paused 1.905ms total 59.008ms
08-06 15:14:16.471 18417 18430 I art     : Starting a blocking GC Explicit
08-06 15:14:16.478 20000 20000 I Input   : injectMotionEvent: MotionEvent { action=ACTION_MOVE, actionButton=0, id[0]=0, x[0]=500.0, y[0]=1002.50006, toolType[0]=TOOL_TYPE_UNKNOWN, buttonState=0, metaState=0, flags=0x0, edgeFlags=0x0, pointerCount=1, historySize=0, eventTime=890072892, downTime=890072892, deviceId=0, source=0x1002 }
08-06 15:14:16.517 20000 20000 I Input   : injectMotionEvent: MotionEvent { action=ACTION_MOVE, actionButton=0, id[0]=0, x[0]=500.0, y[0]=930.2999, toolType[0]=TOOL_TYPE_UNKNOWN, buttonState=0, metaState=0, flags=0x0, edgeFlags=0x0, pointerCount=1, historySize=0, eventTime=890072930, downTime=890072930, deviceId=0, source=0x1002 }
08-06 15:14:16.524 18417 18430 I art     : Explicit concurrent mark sweep GC freed 7(224B) AllocSpace objects, 0(0B) LOS objects, 10% free, 135MB/151MB, paused 1.452ms total 52.586ms
08-06 15:14:16.558 20000 20000 I Input   : injectMotionEvent: MotionEvent { action=ACTION_MOVE, actionButton=0, id[0]=0, x[0]=500.0, y[0]=852.4, toolType[0]=TOOL_TYPE_UNKNOWN, buttonState=0, metaState=0, flags=0x0, edgeFlags=0x0, pointerCount=1, historySize=0, eventTime=890072971, downTime=890072971, deviceId=0, source=0x1002 }
08-06 15:14:16.596 20000 20000 I Input   : injectMotionEvent: MotionEvent { action=ACTION_MOVE, actionButton=0, id[0]=0, x[0]=500.0, y[0]=780.19995, toolType[0]=TOOL_TYPE_UNKNOWN, buttonState=0, metaState=0, flags=0x0, edgeFlags=0x0, pointerCount=1, historySize=0, eventTime=890073009, downTime=890073009, deviceId=0, source=0x1002 }
08-06 15:14:16.635 20000 20000 I Input   : injectMotionEvent: MotionEvent { action=ACTION_MOVE, actionButton=0, id[0]=0, x[0]=500.0, y[0]=704.2001, toolType[0]=TOOL_TYPE_UNKNOWN, buttonState=0, metaState=0, flags=0x0, edgeFlags=0x0, pointerCount=1, historySize=0, eventTime=890073049, downTime=890073049, deviceId=0, source=0x1002 }
08-06 15:14:16.674 20000 20000 I Input   : injectMotionEvent: MotionEvent { action=ACTION_MOVE, actionButton=0, id[0]=0, x[0]=500.0, y[0]=632.0, toolType[0]=TOOL_TYPE_UNKNOWN, buttonState=0, metaState=0, flags=0x0, edgeFlags=0x0, pointerCount=1, historySize=0, eventTime=890073087, downTime=890073087, deviceId=0, source=0x1002 }
08-06 15:14:16.716 20000 20000 I Input   : injectMotionEvent: MotionEvent { action=ACTION_MOVE, actionButton=0, id[0]=0, x[0]=500.0, y[0]=552.19995, toolType[0]=TOOL_TYPE_UNKNOWN, buttonState=0, metaState=0, flags=0x0, edgeFlags=0x0, pointerCount=1, historySize=0, eventTime=890073129, downTime=890073129, deviceId=0, source=0x1002 }
08-06 15:14:16.755 20000 20000 I Input   : injectMotionEvent: MotionEvent { action=ACTION_MOVE, actionButton=0, id[0]=0, x[0]=500.0, y[0]=478.09998, toolType[0]=TOOL_TYPE_UNKNOWN, buttonState=0, metaState=0, flags=0x0, edgeFlags=0x0, pointerCount=1, historySize=0, eventTime=890073168, downTime=890073168, deviceId=0, source=0x1002 }
08-06 15:14:16.793 20000 20000 I Input   : injectMotionEvent: MotionEvent { action=ACTION_MOVE, actionButton=0, id[0]=0, x[0]=500.0, y[0]=405.90002, toolType[0]=TOOL_TYPE_UNKNOWN, buttonState=0, metaState=0, flags=0x0, edgeFlags=0x0, pointerCount=1, historySize=0, eventTime=890073206, downTime=890073206, deviceId=0, source=0x1002 }
08-06 15:14:16.838 20000 20000 I Input   : injectMotionEvent: MotionEvent { action=ACTION_MOVE, actionButton=0, id[0]=0, x[0]=500.0, y[0]=318.5, toolType[0]=TOOL_TYPE_UNKNOWN, buttonState=0, metaState=0, flags=0x0, edgeFlags=0x0, pointerCount=1, historySize=0, eventTime=890073252, downTime=890073252, deviceId=0, source=0x1002 }
08-06 15:14:16.875 20000 20000 I Input   : injectMotionEvent: MotionEvent { action=ACTION_MOVE, actionButton=0, id[0]=0, x[0]=500.0, y[0]=250.09998, toolType[0]=TOOL_TYPE_UNKNOWN, buttonState=0, metaState=0, flags=0x0, edgeFlags=0x0, pointerCount=1, historySize=0, eventTime=890073288, downTime=890073288, deviceId=0, source=0x1002 }
08-06 15:14:16.915 20000 20000 I Input   : injectMotionEvent: MotionEvent { action=ACTION_MOVE, actionButton=0, id[0]=0, x[0]=500.0, y[0]=174.09998, toolType[0]=TOOL_TYPE_UNKNOWN, buttonState=0, metaState=0, flags=0x0, edgeFlags=0x0, pointerCount=1, historySize=0, eventTime=890073328, downTime=890073328, deviceId=0, source=0x1002 }
08-06 15:14:16.954 20000 20000 I Input   : injectMotionEvent: MotionEvent { action=ACTION_UP, actionButton=0, id[0]=0, x[0]=500.0, y[0]=100.0, toolType[0]=TOOL_TYPE_UNKNOWN, buttonState=0, metaState=0, flags=0x0, edgeFlags=0x0, pointerCount=1, historySize=0, eventTime=890073368, downTime=890073368, deviceId=0, source=0x1002 }
08-06 15:14:16.956 18417 18697 I art     : Starting a blocking GC Explicit
08-06 15:14:16.992 20000 20000 D AndroidRuntime: Shutting down VM
08-06 15:14:17.005 18417 18697 I art     : Explicit concurrent mark sweep GC freed 1735(98KB) AllocSpace objects, 2(36KB) LOS objects, 10% free, 135MB/151MB, paused 1.468ms total 48.798ms
08-06 15:14:17.036 18417 18697 I art     : Starting a blocking GC Explicit
08-06 15:14:17.082 18417 18697 I art     : Explicit concurrent mark sweep GC freed 30(1104B) AllocSpace objects, 0(0B) LOS objects, 10% free, 135MB/151MB, paused 1.350ms total 45.675ms
08-06 15:14:17.103 18417 18697 I art     : Starting a blocking GC Explicit
08-06 15:14:17.158 18417 18697 I art     : Explicit concurrent mark sweep GC freed 5(176B) AllocSpace objects, 0(0B) LOS objects, 10% free, 135MB/151MB, paused 1.669ms total 54.948ms
08-06 15:14:17.181 18417 18697 I art     : Starting a blocking GC Explicit
08-06 15:14:17.237 18417 18697 I art     : Explicit concurrent mark sweep GC freed 3(96B) AllocSpace objects, 0(0B) LOS objects, 10% free, 135MB/151MB, paused 1.639ms total 54.785ms
08-06 15:14:17.259 18417 18697 I art     : Starting a blocking GC Explicit
08-06 15:14:17.308 18417 18697 I art     : Explicit concurrent mark sweep GC freed 3(96B) AllocSpace objects, 0(0B) LOS objects, 10% free, 135MB/151MB, paused 1.550ms total 48.058ms
08-06 15:14:17.749 18417 18430 I art     : Starting a blocking GC Explicit
08-06 15:14:17.815 18417 18430 I art     : Explicit concurrent mark sweep GC freed 1620(94KB) AllocSpace objects, 2(36KB) LOS objects, 10% free, 135MB/151MB, paused 1.888ms total 65.324ms
08-06 15:14:17.840 18417 18430 I art     : Starting a blocking GC Explicit
08-06 15:14:17.893 20037 20037 D AndroidRuntime: >>>>>> START com.android.internal.os.RuntimeInit uid 2000 <<<<<<
08-06 15:14:17.895 18417 18430 I art     : Explicit concurrent mark sweep GC freed 61(1936B) AllocSpace objects, 0(0B) LOS objects, 10% free, 135MB/151MB, paused 1.687ms total 54.022ms
08-06 15:14:17.900 20037 20037 D AndroidRuntime: CheckJNI is OFF
08-06 15:14:17.918 18417 18430 I art     : Starting a blocking GC Explicit
08-06 15:14:17.952 20037 20037 D ICU     : No timezone override file found: /data/misc/zoneinfo/current/icu/icu_tzdata.dat
08-06 15:14:17.969 18417 18430 I art     : Explicit concurrent mark sweep GC freed 3(96B) AllocSpace objects, 0(0B) LOS objects, 10% free, 135MB/151MB, paused 1.662ms total 51.270ms
08-06 15:14:17.992 18417 18430 I art     : Starting a blocking GC Explicit
08-06 15:14:17.997 20037 20037 I Radio-JNI: register_android_hardware_Radio DONE
08-06 15:14:18.029 20037 20037 D AndroidRuntime: Calling main entry com.android.commands.input.Input
08-06 15:14:18.031 20037 20037 I Input   : injectMotionEvent: MotionEvent { action=ACTION_DOWN, actionButton=0, id[0]=0, x[0]=657.0, y[0]=2080.0, toolType[0]=TOOL_TYPE_UNKNOWN, buttonState=0, metaState=0, flags=0x0, edgeFlags=0x0, pointerCount=1, historySize=0, eventTime=890074444, downTime=890074444, deviceId=0, source=0x1002 }
08-06 15:14:18.038 20037 20037 I Input   : injectMotionEvent: MotionEvent { action=ACTION_UP, actionButton=0, id[0]=0, x[0]=657.0, y[0]=2080.0, toolType[0]=TOOL_TYPE_UNKNOWN, buttonState=0, metaState=0, flags=0x0, edgeFlags=0x0, pointerCount=1, historySize=0, eventTime=890074444, downTime=890074444, deviceId=0, source=0x1002 }
08-06 15:14:18.041   918  3359 I ActivityManager: START u0 {cmp=baseline.io.github.project_travel_mate/.utilities.UpcomingWeekendsActivity} from uid 10696 on display 0
08-06 15:14:18.041   512  2967 D audio_hw_primary: out_set_parameters: enter: usecase(1: low-latency-playback) kvpairs: routing=2
08-06 15:14:18.045 20037 20037 D AndroidRuntime: Shutting down VM
08-06 15:14:18.047 18417 18430 I art     : Explicit concurrent mark sweep GC freed 8(4KB) AllocSpace objects, 0(0B) LOS objects, 10% free, 135MB/151MB, paused 1.871ms total 54.475ms
08-06 15:14:18.055   512  2967 D audio_hw_primary: select_devices: out_snd_device(2: speaker) in_snd_device(0: none)
08-06 15:14:18.055   512  2967 D msm8974_platform: platform_send_audio_calibration: sending audio calibration for snd_device(2) acdb_id(15)
08-06 15:14:18.056   512  2967 I soundtrigger: audio_extn_sound_trigger_update_device_status: device 0x2 of type 0 for Event 1
08-06 15:14:18.072 18417 18430 I art     : Starting a blocking GC Explicit
08-06 15:14:18.073   512  2967 D audio_hw_primary: enable_snd_device: snd_device(2: speaker)
08-06 15:14:18.076   512  2967 D audio_hw_primary: enable_audio_route: apply and update mixer path: low-latency-playback speaker
08-06 15:14:18.092 18417 18498 D Gabe    : call	returning from cache
08-06 15:14:18.097 18417 18417 V EXECUTING: https://project-travel-mate.herokuapp.com/api/get-upcoming-holidays/2020
08-06 15:14:18.101 18417 18417 V EXECUTING: https://project-travel-mate.herokuapp.com/api/get-upcoming-holidays/2020
08-06 15:14:18.124 18417 18430 I art     : Explicit concurrent mark sweep GC freed 771(80KB) AllocSpace objects, 0(0B) LOS objects, 10% free, 135MB/151MB, paused 1.788ms total 51.825ms
08-06 15:14:18.211 13866 13866 I GoogleInputMethodServic: GoogleInputMethodService.onFinishInput():3138 
08-06 15:14:18.211 13866 13866 I GoogleInputMethodServic: GoogleInputMethodService.onStartInput():1808 
08-06 15:14:18.323   918   936 I ActivityManager: Displayed baseline.io.github.project_travel_mate/.utilities.UpcomingWeekendsActivity: +269ms
08-06 15:14:18.558 18417 18430 I art     : Starting a blocking GC Explicit
08-06 15:14:18.577   380   380 W SurfaceFlinger: couldn't log to binary event log: overflow.
08-06 15:14:18.614 18417 18430 I art     : Explicit concurrent mark sweep GC freed 3119(168KB) AllocSpace objects, 2(36KB) LOS objects, 10% free, 139MB/155MB, paused 1.598ms total 55.528ms
08-06 15:14:18.618   512  2967 D audio_hw_primary: disable_audio_route: reset and update mixer path: low-latency-playback speaker
08-06 15:14:18.619   512  2967 D audio_hw_primary: disable_snd_device: snd_device(2: speaker)
08-06 15:14:18.627   512  2967 I soundtrigger: audio_extn_sound_trigger_update_device_status: device 0x2 of type 0 for Event 0
08-06 15:14:18.635 18417 18430 I art     : Starting a blocking GC Explicit
08-06 15:14:18.687 18417 18430 I art     : Explicit concurrent mark sweep GC freed 187(5KB) AllocSpace objects, 0(0B) LOS objects, 10% free, 139MB/155MB, paused 1.593ms total 51.985ms
08-06 15:14:18.712 18417 18430 I art     : Starting a blocking GC Explicit
08-06 15:14:18.767 18417 18430 I art     : Explicit concurrent mark sweep GC freed 103(1728B) AllocSpace objects, 0(0B) LOS objects, 10% free, 139MB/155MB, paused 1.800ms total 53.846ms
08-06 15:14:18.767 18417 18427 I art     : WaitForGcToComplete blocked for 16.029ms for cause HeapTrim
08-06 15:14:18.787 18417 18430 I art     : Starting a blocking GC Explicit
08-06 15:14:18.837 18417 18430 I art     : Explicit concurrent mark sweep GC freed 129(3040B) AllocSpace objects, 0(0B) LOS objects, 10% free, 140MB/156MB, paused 1.727ms total 49.594ms
08-06 15:14:18.857 18417 18430 I art     : Starting a blocking GC Explicit
08-06 15:14:18.909 18417 18430 I art     : Explicit concurrent mark sweep GC freed 1774(127KB) AllocSpace objects, 4(240KB) LOS objects, 10% free, 140MB/156MB, paused 2.527ms total 51.705ms
08-06 15:14:18.966 18417 20064 I NAPPA_EXPERIMENTATION: MetricNetworkRequestExecutionTime: REQUEST_DURATION_SYSTEM='864',REQUEST_DURATION_OKHTTP='37',REQUEST_SYNCHRONOUS='FALSE',RESPONSE_CODE='200',RESPONSE_METHOD='GET',RESPONSE_LENGTH_OKHTTP='6426',RESPONSE_LENGTH_HEADER='6426',REQUEST_PROTOCOL='http/1.1',REQUEST_URL='https://project-travel-mate.herokuapp.com/api/get-upcoming-holidays/2020',
08-06 15:14:18.991 18417 20063 I NAPPA_EXPERIMENTATION: MetricNetworkRequestExecutionTime: REQUEST_DURATION_SYSTEM='893',REQUEST_DURATION_OKHTTP='57',REQUEST_SYNCHRONOUS='FALSE',RESPONSE_CODE='200',RESPONSE_METHOD='GET',RESPONSE_LENGTH_OKHTTP='6426',RESPONSE_LENGTH_HEADER='6426',REQUEST_PROTOCOL='http/1.1',REQUEST_URL='https://project-travel-mate.herokuapp.com/api/get-upcoming-holidays/2020',
08-06 15:14:19.059 18417 18417 V Response: [{"month":"January","date":1,"day":"Wednesday","name":"New Year's Day","type":"Restricted"},{"month":"January","date":2,"day":"Thursday","name":"Guru Govind Singh Jayanti","type":"Restricted"},{"month":"January","date":14,"day":"Tuesday","name":"Lohri","type":"Restricted"},{"month":"January","date":15,"day":"Wednesday","name":"Pongal","type":"Restricted"},{"month":"January","date":15,"day":"Wednesday","name":"Makar Sankranti","type":"Restricted"},{"month":"January","date":25,"day":"Saturday","name":"Chinese New Year","type":"Observance"},{"month":"January","date":26,"day":"Sunday","name":"Republic Day","type":"Gazetted"},{"month":"January","date":30,"day":"Thursday","name":"Vasant Panchami","type":"Restricted"},{"month":"February","date":9,"day":"Sunday","name":"Guru Ravidas Jayanti","type":"Restricted"},{"month":"February","date":14,"day":"Friday","name":"Valentine's Day","type":"Observance"},{"month":"February","date":18,"day":"Tuesday","name":"Maharishi Dayanand Saraswati Jayanti","type":"Restricted"},{"month":"February","date":19,"day":"Wednesday","name":"Shivaji Jayanti","type":"Restricted"},{"month":"February","date":21,"day":"Friday","name":"Maha Shivaratri/Shivaratri","type":"Gazetted"},{"month":"March","date":9,"day":"Monday","name":"Holika Dahana","type":"Restricted"},{"month":"March","date":9,"day":"Monday","name":"Hazarat Ali's Birthday","type":"Restricted"},{"month":"March","date":10,"day":"Tuesday","name":"Holi","type":"Gazetted"},{"month":"March","date":20,"day":"Friday","name":"March Equinox","type":"Season"},{"month":"March","date":25,"day":"Wednesday","name":"Chaitra Sukhladi","type":"Restricted"},{"month":"April","date":2,"day":"Thursday","name":"Rama Navami","type":"Gazetted"},{"month":"April","date":6,"day":"Monday","name":"Mahavir Jayanti","type":"Gazetted"},{"month":"April","date":9,"day":"Thursday","name":"First day of Passover","type":"Observance"},{"month":"April","date":9,"day":"Thursday","name":"Maundy Thursday","type":"Observance,"},{"month":"April","date":10,"day":"Friday","name":"Good Friday","type":"Gazetted"},{"month":"April","date":12,"day":"Sunday","name":"Easter Day","type":"Restricted"},{"month":"April","date":13,"day":"Monday","name":"Vaisakhi","type":"Restricted"},{"month":"April","date":14,"day":"Tuesday","name":"Mesadi/Vaisakhadi","type":"Restricted"},{"month":"April","date":14,"day":"Tuesday","name":"Ambedkar Jayanti","type":"Central"},{"month":"May","date":1,"day":"Friday","name":"May Day","type":"Observance"},{"month":"May","date":7,"day":"Thursday","name":"Buddha Purnima/Vesak","type":"Gazetted"},{"month":"May","date":7,"day":"Thursday","name":"Birthday of Ravindranath","type":"Restricted"},{"month":"May","date":10,"day":"Sunday","name":"Mother's Day","type":"Observance"},{"month":"May","date":22,"day":"Friday","name":"Jamat Ul-Vida","type":"Restricted"},{"month":"May","date":25,"day":"Monday","name":"Ramzan Id/Eid-ul-Fitar","type":"Gazetted"},{"month":"May","date":25,"day":"Monday","name":"Ramzan Id/Eid-ul-Fitar","type":"Muslim,"},{"month":"June","date":21,"day":"Sunday","name":"June Solstice","type":"Season"},{"month":"June","date":21,"day":"Sunday","name":"Father's Day","type":"Observance"},{"month":"June","date":23,"day":"Tuesday","name":"Rath Yatra","type":"Restricted"},{"month":"July","date":5,"day":"Sunday","name":"Guru Purnima","type":"Observance"},{"month":"July","date":31,"day":"Friday","name":"Bakr Id/Eid ul-Adha","type":"Gazetted"},{"month":"August","date":2,"day":"Sunday","name":"Friendship Day","type":"Observance"},{"month":"August","date":3,"day":"Monday","name":"Raksha Bandhan (Rakhi)","type":"Restricted"},{"month":"August","date":11,"day":"Tuesday","name":"Janmashtami (Smarta)","type":"Restricted"},{"month":"August","date":12,"day":"Wednesday","name":"Janmashtami","type":"Gazetted"},{"month":"August","date":15,"day":"Saturday","name":"Independence Day","type":"Gazetted"},{"month":"August","date":16,"day":"Sunday","name":"Parsi New Year","type":"Restricted"},{"month":"August","date":22,"day":"Saturday","name":"Ganesh Chaturthi/Vin
08-06 15:14:19.064 18417 18417 V Response: [{"month":"January","date":1,"day":"Wednesday","name":"New Year's Day","type":"Restricted"},{"month":"January","date":2,"day":"Thursday","name":"Guru Govind Singh Jayanti","type":"Restricted"},{"month":"January","date":14,"day":"Tuesday","name":"Lohri","type":"Restricted"},{"month":"January","date":15,"day":"Wednesday","name":"Pongal","type":"Restricted"},{"month":"January","date":15,"day":"Wednesday","name":"Makar Sankranti","type":"Restricted"},{"month":"January","date":25,"day":"Saturday","name":"Chinese New Year","type":"Observance"},{"month":"January","date":26,"day":"Sunday","name":"Republic Day","type":"Gazetted"},{"month":"January","date":30,"day":"Thursday","name":"Vasant Panchami","type":"Restricted"},{"month":"February","date":9,"day":"Sunday","name":"Guru Ravidas Jayanti","type":"Restricted"},{"month":"February","date":14,"day":"Friday","name":"Valentine's Day","type":"Observance"},{"month":"February","date":18,"day":"Tuesday","name":"Maharishi Dayanand Saraswati Jayanti","type":"Restricted"},{"month":"February","date":19,"day":"Wednesday","name":"Shivaji Jayanti","type":"Restricted"},{"month":"February","date":21,"day":"Friday","name":"Maha Shivaratri/Shivaratri","type":"Gazetted"},{"month":"March","date":9,"day":"Monday","name":"Holika Dahana","type":"Restricted"},{"month":"March","date":9,"day":"Monday","name":"Hazarat Ali's Birthday","type":"Restricted"},{"month":"March","date":10,"day":"Tuesday","name":"Holi","type":"Gazetted"},{"month":"March","date":20,"day":"Friday","name":"March Equinox","type":"Season"},{"month":"March","date":25,"day":"Wednesday","name":"Chaitra Sukhladi","type":"Restricted"},{"month":"April","date":2,"day":"Thursday","name":"Rama Navami","type":"Gazetted"},{"month":"April","date":6,"day":"Monday","name":"Mahavir Jayanti","type":"Gazetted"},{"month":"April","date":9,"day":"Thursday","name":"First day of Passover","type":"Observance"},{"month":"April","date":9,"day":"Thursday","name":"Maundy Thursday","type":"Observance,"},{"month":"April","date":10,"day":"Friday","name":"Good Friday","type":"Gazetted"},{"month":"April","date":12,"day":"Sunday","name":"Easter Day","type":"Restricted"},{"month":"April","date":13,"day":"Monday","name":"Vaisakhi","type":"Restricted"},{"month":"April","date":14,"day":"Tuesday","name":"Mesadi/Vaisakhadi","type":"Restricted"},{"month":"April","date":14,"day":"Tuesday","name":"Ambedkar Jayanti","type":"Central"},{"month":"May","date":1,"day":"Friday","name":"May Day","type":"Observance"},{"month":"May","date":7,"day":"Thursday","name":"Buddha Purnima/Vesak","type":"Gazetted"},{"month":"May","date":7,"day":"Thursday","name":"Birthday of Ravindranath","type":"Restricted"},{"month":"May","date":10,"day":"Sunday","name":"Mother's Day","type":"Observance"},{"month":"May","date":22,"day":"Friday","name":"Jamat Ul-Vida","type":"Restricted"},{"month":"May","date":25,"day":"Monday","name":"Ramzan Id/Eid-ul-Fitar","type":"Gazetted"},{"month":"May","date":25,"day":"Monday","name":"Ramzan Id/Eid-ul-Fitar","type":"Muslim,"},{"month":"June","date":21,"day":"Sunday","name":"June Solstice","type":"Season"},{"month":"June","date":21,"day":"Sunday","name":"Father's Day","type":"Observance"},{"month":"June","date":23,"day":"Tuesday","name":"Rath Yatra","type":"Restricted"},{"month":"July","date":5,"day":"Sunday","name":"Guru Purnima","type":"Observance"},{"month":"July","date":31,"day":"Friday","name":"Bakr Id/Eid ul-Adha","type":"Gazetted"},{"month":"August","date":2,"day":"Sunday","name":"Friendship Day","type":"Observance"},{"month":"August","date":3,"day":"Monday","name":"Raksha Bandhan (Rakhi)","type":"Restricted"},{"month":"August","date":11,"day":"Tuesday","name":"Janmashtami (Smarta)","type":"Restricted"},{"month":"August","date":12,"day":"Wednesday","name":"Janmashtami","type":"Gazetted"},{"month":"August","date":15,"day":"Saturday","name":"Independence Day","type":"Gazetted"},{"month":"August","date":16,"day":"Sunday","name":"Parsi New Year","type":"Restricted"},{"month":"August","date":22,"day":"Saturday","name":"Ganesh Chaturthi/Vin
08-06 15:14:19.318 18417 18478 I art     : Starting a blocking GC Explicit
08-06 15:14:19.385 18417 18478 I art     : Explicit concurrent mark sweep GC freed 15992(743KB) AllocSpace objects, 8(4MB) LOS objects, 10% free, 136MB/152MB, paused 2.045ms total 66.158ms
08-06 15:14:19.409 18417 18478 I art     : Starting a blocking GC Explicit
08-06 15:14:19.469 18417 18478 I art     : Explicit concurrent mark sweep GC freed 1459(142KB) AllocSpace objects, 0(0B) LOS objects, 10% free, 136MB/152MB, paused 2.015ms total 60.221ms
08-06 15:14:19.493 18417 18478 I art     : Starting a blocking GC Explicit
08-06 15:14:19.556 18417 18478 I art     : Explicit concurrent mark sweep GC freed 122(2064B) AllocSpace objects, 0(0B) LOS objects, 10% free, 136MB/152MB, paused 1.665ms total 61.984ms
08-06 15:14:19.582 18417 18478 I art     : Starting a blocking GC Explicit
08-06 15:14:19.638 18417 18478 I art     : Explicit concurrent mark sweep GC freed 124(2128B) AllocSpace objects, 0(0B) LOS objects, 10% free, 136MB/152MB, paused 1.708ms total 55.295ms
08-06 15:14:19.661 18417 18478 I art     : Starting a blocking GC Explicit
08-06 15:14:19.719 18417 18478 I art     : Explicit concurrent mark sweep GC freed 123(2096B) AllocSpace objects, 0(0B) LOS objects, 10% free, 136MB/152MB, paused 1.801ms total 57.623ms
08-06 15:14:20.175 18417 19840 I art     : Starting a blocking GC Explicit
08-06 15:14:20.237 18417 19840 I art     : Explicit concurrent mark sweep GC freed 2407(107KB) AllocSpace objects, 2(36KB) LOS objects, 10% free, 136MB/152MB, paused 1.653ms total 61.603ms
08-06 15:14:20.262 18417 19840 I art     : Starting a blocking GC Explicit
08-06 15:14:20.323 18417 19840 I art     : Explicit concurrent mark sweep GC freed 164(3KB) AllocSpace objects, 0(0B) LOS objects, 10% free, 136MB/152MB, paused 1.645ms total 60.833ms
08-06 15:14:20.348 18417 19840 I art     : Starting a blocking GC Explicit
08-06 15:14:20.410 18417 19840 I art     : Explicit concurrent mark sweep GC freed 123(2096B) AllocSpace objects, 0(0B) LOS objects, 10% free, 136MB/152MB, paused 1.710ms total 61.516ms
08-06 15:14:20.434 18417 19840 I art     : Starting a blocking GC Explicit
08-06 15:14:20.497 18417 19840 I art     : Explicit concurrent mark sweep GC freed 123(2096B) AllocSpace objects, 0(0B) LOS objects, 10% free, 136MB/152MB, paused 1.789ms total 62.555ms
08-06 15:14:20.522 18417 19840 I art     : Starting a blocking GC Explicit
08-06 15:14:20.584 18417 19840 I art     : Explicit concurrent mark sweep GC freed 147(2496B) AllocSpace objects, 0(0B) LOS objects, 10% free, 136MB/152MB, paused 1.851ms total 62.190ms
08-06 15:14:21.013 18417 18429 I art     : Starting a blocking GC Explicit
08-06 15:14:21.075 18417 18429 I art     : Explicit concurrent mark sweep GC freed 2347(106KB) AllocSpace objects, 2(36KB) LOS objects, 10% free, 136MB/152MB, paused 1.647ms total 61.387ms
08-06 15:14:21.099 18417 18429 I art     : Starting a blocking GC Explicit
08-06 15:14:21.160 18417 18429 I art     : Explicit concurrent mark sweep GC freed 150(3KB) AllocSpace objects, 0(0B) LOS objects, 10% free, 136MB/152MB, paused 1.864ms total 61.028ms
08-06 15:14:21.185 18417 18429 I art     : Starting a blocking GC Explicit
08-06 15:14:21.245 18417 18429 I art     : Explicit concurrent mark sweep GC freed 123(2096B) AllocSpace objects, 0(0B) LOS objects, 10% free, 136MB/152MB, paused 1.631ms total 59.518ms
08-06 15:14:21.261   518   646 I ThermalEngine: ACTION: GPU - Setting GPU[0] to 450000000
08-06 15:14:21.268 18417 18429 I art     : Starting a blocking GC Explicit
08-06 15:14:21.317 18417 18429 I art     : Explicit concurrent mark sweep GC freed 123(2096B) AllocSpace objects, 0(0B) LOS objects, 10% free, 136MB/152MB, paused 1.118ms total 48.114ms
08-06 15:14:21.335 18417 18429 I art     : Starting a blocking GC Explicit
08-06 15:14:21.386 18417 18429 I art     : Explicit concurrent mark sweep GC freed 99(1696B) AllocSpace objects, 0(0B) LOS objects, 10% free, 136MB/152MB, paused 1.082ms total 50.792ms
08-06 15:14:21.836 18417 18697 I art     : Starting a blocking GC Explicit
08-06 15:14:21.892 18417 18697 I art     : Explicit concurrent mark sweep GC freed 2372(107KB) AllocSpace objects, 2(36KB) LOS objects, 10% free, 136MB/152MB, paused 1.094ms total 54.588ms
08-06 15:14:21.913 18417 18697 I art     : Starting a blocking GC Explicit
08-06 15:14:21.965 18417 18697 I art     : Explicit concurrent mark sweep GC freed 137(3KB) AllocSpace objects, 0(0B) LOS objects, 10% free, 136MB/152MB, paused 1.168ms total 52.107ms
08-06 15:14:21.983 18417 18697 I art     : Starting a blocking GC Explicit
08-06 15:14:22.032 18417 18697 I art     : Explicit concurrent mark sweep GC freed 133(3KB) AllocSpace objects, 0(0B) LOS objects, 10% free, 136MB/152MB, paused 1.152ms total 48.695ms
08-06 15:14:22.050 18417 18697 I art     : Starting a blocking GC Explicit
08-06 15:14:22.102 18417 18697 I art     : Explicit concurrent mark sweep GC freed 115(2336B) AllocSpace objects, 0(0B) LOS objects, 10% free, 136MB/152MB, paused 1.262ms total 52.005ms
08-06 15:14:22.120 18417 18697 I art     : Starting a blocking GC Explicit
08-06 15:14:22.171 18417 18697 I art     : Explicit concurrent mark sweep GC freed 113(1920B) AllocSpace objects, 0(0B) LOS objects, 10% free, 136MB/152MB, paused 1.150ms total 50.303ms
08-06 15:14:22.570 18417 18430 I art     : Starting a blocking GC Explicit
08-06 15:14:22.623 18417 18430 I art     : Explicit concurrent mark sweep GC freed 2259(104KB) AllocSpace objects, 2(36KB) LOS objects, 10% free, 136MB/152MB, paused 1.250ms total 51.958ms
08-06 15:14:22.644 18417 18430 I art     : Starting a blocking GC Explicit
08-06 15:14:22.692 18417 18430 I art     : Explicit concurrent mark sweep GC freed 135(2864B) AllocSpace objects, 0(0B) LOS objects, 10% free, 136MB/152MB, paused 1.131ms total 48.303ms
08-06 15:14:22.710 18417 18430 I art     : Starting a blocking GC Explicit
08-06 15:14:22.761 18417 18430 I art     : Explicit concurrent mark sweep GC freed 99(1696B) AllocSpace objects, 0(0B) LOS objects, 10% free, 136MB/152MB, paused 1.124ms total 50.487ms
08-06 15:14:22.778 18417 18430 I art     : Starting a blocking GC Explicit
08-06 15:14:22.827 18417 18430 I art     : Explicit concurrent mark sweep GC freed 99(1696B) AllocSpace objects, 0(0B) LOS objects, 10% free, 136MB/152MB, paused 1.182ms total 48.609ms
08-06 15:14:22.845 18417 18430 I art     : Starting a blocking GC Explicit
08-06 15:14:22.888 20118 20118 D AndroidRuntime: >>>>>> START com.android.internal.os.RuntimeInit uid 2000 <<<<<<
08-06 15:14:22.894 20118 20118 D AndroidRuntime: CheckJNI is OFF
08-06 15:14:22.895 18417 18430 I art     : Explicit concurrent mark sweep GC freed 130(2528B) AllocSpace objects, 0(0B) LOS objects, 10% free, 136MB/152MB, paused 1.193ms total 49.637ms
08-06 15:14:22.938 20118 20118 D ICU     : No timezone override file found: /data/misc/zoneinfo/current/icu/icu_tzdata.dat
08-06 15:14:22.983 20118 20118 I Radio-JNI: register_android_hardware_Radio DONE
08-06 15:14:23.013 20118 20118 D AndroidRuntime: Calling main entry com.android.commands.input.Input
08-06 15:14:23.016 20118 20118 I Input   : injectKeyEvent: KeyEvent { action=ACTION_DOWN, keyCode=KEYCODE_BACK, scanCode=0, metaState=0, flags=0x0, repeatCount=0, eventTime=890079429, downTime=890079429, deviceId=-1, source=0x101 }
08-06 15:14:23.028 20118 20118 I Input   : injectKeyEvent: KeyEvent { action=ACTION_UP, keyCode=KEYCODE_BACK, scanCode=0, metaState=0, flags=0x0, repeatCount=0, eventTime=890079429, downTime=890079429, deviceId=-1, source=0x101 }
08-06 15:14:23.035 20118 20118 D AndroidRuntime: Shutting down VM
08-06 15:14:23.048 18417 18417 V MainActivity: url = https://project-travel-mate.herokuapp.com/api/number-of-unread-notifications
08-06 15:14:23.077 13866 13866 I GoogleInputMethodServic: GoogleInputMethodService.onFinishInput():3138 
08-06 15:14:23.077 13866 13866 I GoogleInputMethodServic: GoogleInputMethodService.onStartInput():1808 
08-06 15:14:23.149   918  3261 D WifiStateMachine: starting scan for "H369AA63323"WPA_PSK with 2412,5180
08-06 15:14:23.281 18417 18430 I art     : Starting a blocking GC Explicit
08-06 15:14:23.325 18417 18430 I art     : Explicit concurrent mark sweep GC freed 2622(124KB) AllocSpace objects, 2(36KB) LOS objects, 10% free, 136MB/152MB, paused 1.106ms total 43.868ms
08-06 15:14:23.343 18417 18430 I art     : Starting a blocking GC Explicit
08-06 15:14:23.387 18417 18430 I art     : Explicit concurrent mark sweep GC freed 176(4KB) AllocSpace objects, 0(0B) LOS objects, 10% free, 136MB/152MB, paused 1.126ms total 43.241ms
08-06 15:14:23.404 18417 18430 I art     : Starting a blocking GC Explicit
08-06 15:14:23.432   380   380 W SurfaceFlinger: couldn't log to binary event log: overflow.
08-06 15:14:23.446 18417 18430 I art     : Explicit concurrent mark sweep GC freed 90(1936B) AllocSpace objects, 0(0B) LOS objects, 10% free, 136MB/152MB, paused 1.593ms total 41.611ms
08-06 15:14:23.463 18417 18430 I art     : Starting a blocking GC Explicit
08-06 15:14:23.508 18417 18430 I art     : Explicit concurrent mark sweep GC freed 13(496B) AllocSpace objects, 1(188KB) LOS objects, 10% free, 136MB/152MB, paused 1.154ms total 45.432ms
08-06 15:14:23.525 18417 18430 I art     : Starting a blocking GC Explicit
08-06 15:14:23.572 18417 18430 I art     : Explicit concurrent mark sweep GC freed 6625(360KB) AllocSpace objects, 13(264KB) LOS objects, 10% free, 135MB/151MB, paused 1.152ms total 46.477ms
08-06 15:14:23.868 18417 20144 I NAPPA_EXPERIMENTATION: MetricNetworkRequestExecutionTime: REQUEST_DURATION_SYSTEM='819',REQUEST_DURATION_OKHTTP='31',REQUEST_SYNCHRONOUS='FALSE',RESPONSE_CODE='200',RESPONSE_METHOD='GET',RESPONSE_LENGTH_OKHTTP='36',RESPONSE_LENGTH_HEADER='36',REQUEST_PROTOCOL='http/1.1',REQUEST_URL='https://project-travel-mate.herokuapp.com/api/number-of-unread-notifications',
08-06 15:14:23.983 18417 19840 I art     : Starting a blocking GC Explicit
08-06 15:14:24.048 18417 19840 I art     : Explicit concurrent mark sweep GC freed 4463(243KB) AllocSpace objects, 5(236KB) LOS objects, 10% free, 135MB/151MB, paused 1.154ms total 64.743ms
08-06 15:14:24.068 18417 19840 I art     : Starting a blocking GC Explicit
08-06 15:14:24.116 18417 19840 I art     : Explicit concurrent mark sweep GC freed 964(117KB) AllocSpace objects, 0(0B) LOS objects, 10% free, 135MB/151MB, paused 1.119ms total 47.649ms
08-06 15:14:24.134 18417 19840 I art     : Starting a blocking GC Explicit
08-06 15:14:24.181 18417 19840 I art     : Explicit concurrent mark sweep GC freed 3(96B) AllocSpace objects, 0(0B) LOS objects, 10% free, 135MB/151MB, paused 1.154ms total 46.810ms
08-06 15:14:24.199 18417 19840 I art     : Starting a blocking GC Explicit
08-06 15:14:24.247 18417 19840 I art     : Explicit concurrent mark sweep GC freed 3(96B) AllocSpace objects, 0(0B) LOS objects, 10% free, 135MB/151MB, paused 1.127ms total 47.788ms
08-06 15:14:24.270 18417 19840 I art     : Starting a blocking GC Explicit
08-06 15:14:24.313 18417 19840 I art     : Explicit concurrent mark sweep GC freed 3(96B) AllocSpace objects, 0(0B) LOS objects, 10% free, 135MB/151MB, paused 1.117ms total 43.120ms
08-06 15:14:24.697 18417 18429 I art     : Starting a blocking GC Explicit
08-06 15:14:24.744 18417 18429 I art     : Explicit concurrent mark sweep GC freed 1621(94KB) AllocSpace objects, 2(36KB) LOS objects, 10% free, 135MB/151MB, paused 1.144ms total 45.838ms
08-06 15:14:24.761 18417 18429 I art     : Starting a blocking GC Explicit
08-06 15:14:24.804 18417 18429 I art     : Explicit concurrent mark sweep GC freed 34(1232B) AllocSpace objects, 0(0B) LOS objects, 10% free, 135MB/151MB, paused 1.131ms total 42.138ms
08-06 15:14:24.805 20164 20164 D AndroidRuntime: >>>>>> START com.android.internal.os.RuntimeInit uid 2000 <<<<<<
08-06 15:14:24.810 20164 20164 D AndroidRuntime: CheckJNI is OFF
08-06 15:14:24.821 18417 18429 I art     : Starting a blocking GC Explicit
08-06 15:14:24.849 20164 20164 D ICU     : No timezone override file found: /data/misc/zoneinfo/current/icu/icu_tzdata.dat
08-06 15:14:24.861 18417 18429 I art     : Explicit concurrent mark sweep GC freed 5(160B) AllocSpace objects, 0(0B) LOS objects, 10% free, 135MB/151MB, paused 1.109ms total 39.824ms
08-06 15:14:24.881 18417 18429 I art     : Starting a blocking GC Explicit
08-06 15:14:24.890 20164 20164 I Radio-JNI: register_android_hardware_Radio DONE
08-06 15:14:24.918 20164 20164 D AndroidRuntime: Calling main entry com.android.commands.input.Input
08-06 15:14:24.920 20164 20164 I Input   : injectMotionEvent: MotionEvent { action=ACTION_DOWN, actionButton=0, id[0]=0, x[0]=657.0, y[0]=2080.0, toolType[0]=TOOL_TYPE_UNKNOWN, buttonState=0, metaState=0, flags=0x0, edgeFlags=0x0, pointerCount=1, historySize=0, eventTime=890081333, downTime=890081333, deviceId=0, source=0x1002 }
08-06 15:14:24.922 18417 18429 I art     : Explicit concurrent mark sweep GC freed 36(992B) AllocSpace objects, 0(0B) LOS objects, 10% free, 135MB/151MB, paused 1.186ms total 40.732ms
08-06 15:14:24.939 18417 18429 I art     : Starting a blocking GC Explicit
08-06 15:14:24.950 20164 20164 I Input   : injectMotionEvent: MotionEvent { action=ACTION_UP, actionButton=0, id[0]=0, x[0]=657.0, y[0]=2080.0, toolType[0]=TOOL_TYPE_UNKNOWN, buttonState=0, metaState=0, flags=0x0, edgeFlags=0x0, pointerCount=1, historySize=0, eventTime=890081333, downTime=890081333, deviceId=0, source=0x1002 }
08-06 15:14:24.982 18417 18429 I art     : Explicit concurrent mark sweep GC freed 15(752B) AllocSpace objects, 0(0B) LOS objects, 10% free, 135MB/151MB, paused 1.223ms total 42.141ms
08-06 15:14:24.989 20164 20164 D AndroidRuntime: Shutting down VM
08-06 15:14:24.989   918  6111 I ActivityManager: START u0 {cmp=baseline.io.github.project_travel_mate/.utilities.UpcomingWeekendsActivity} from uid 10696 on display 0
08-06 15:14:24.991   512  2967 D audio_hw_primary: out_set_parameters: enter: usecase(1: low-latency-playback) kvpairs: routing=2
08-06 15:14:25.004   512  2967 D audio_hw_primary: select_devices: out_snd_device(2: speaker) in_snd_device(0: none)
08-06 15:14:25.004   512  2967 D msm8974_platform: platform_send_audio_calibration: sending audio calibration for snd_device(2) acdb_id(15)
08-06 15:14:25.004   512  2967 I soundtrigger: audio_extn_sound_trigger_update_device_status: device 0x2 of type 0 for Event 1
08-06 15:14:25.013 18417 18498 D Gabe    : call	returning from cache
08-06 15:14:25.014   512  2967 D audio_hw_primary: enable_snd_device: snd_device(2: speaker)
08-06 15:14:25.016 18417 18417 V EXECUTING: https://project-travel-mate.herokuapp.com/api/get-upcoming-holidays/2020
08-06 15:14:25.016   512  2967 D audio_hw_primary: enable_audio_route: apply and update mixer path: low-latency-playback speaker
08-06 15:14:25.018 18417 18417 V EXECUTING: https://project-travel-mate.herokuapp.com/api/get-upcoming-holidays/2020
08-06 15:14:25.095 13866 13866 I GoogleInputMethodServic: GoogleInputMethodService.onFinishInput():3138 
08-06 15:14:25.096 13866 13866 I GoogleInputMethodServic: GoogleInputMethodService.onStartInput():1808 
08-06 15:14:25.194   918   936 I ActivityManager: Displayed baseline.io.github.project_travel_mate/.utilities.UpcomingWeekendsActivity: +197ms
08-06 15:14:25.357 18417 18478 I art     : Starting a blocking GC Explicit
08-06 15:14:25.400 18417 18478 I art     : Explicit concurrent mark sweep GC freed 3570(196KB) AllocSpace objects, 2(36KB) LOS objects, 10% free, 140MB/156MB, paused 1.255ms total 42.608ms
08-06 15:14:25.419 18417 18478 I art     : Starting a blocking GC Explicit
08-06 15:14:25.450   380   380 W SurfaceFlinger: couldn't log to binary event log: overflow.
08-06 15:14:25.467 18417 18478 I art     : Explicit concurrent mark sweep GC freed 355(13KB) AllocSpace objects, 0(0B) LOS objects, 10% free, 140MB/156MB, paused 1.176ms total 47.334ms
08-06 15:14:25.484 18417 18478 I art     : Starting a blocking GC Explicit
08-06 15:14:25.526 18417 18478 I art     : Explicit concurrent mark sweep GC freed 99(1696B) AllocSpace objects, 0(0B) LOS objects, 10% free, 140MB/156MB, paused 1.259ms total 42.189ms
08-06 15:14:25.544 18417 18478 I art     : Starting a blocking GC Explicit
08-06 15:14:25.559   512  2967 D audio_hw_primary: disable_audio_route: reset and update mixer path: low-latency-playback speaker
08-06 15:14:25.560   512  2967 D audio_hw_primary: disable_snd_device: snd_device(2: speaker)
08-06 15:14:25.568   512  2967 I soundtrigger: audio_extn_sound_trigger_update_device_status: device 0x2 of type 0 for Event 0
08-06 15:14:25.592 18417 18478 I art     : Explicit concurrent mark sweep GC freed 114(1920B) AllocSpace objects, 0(0B) LOS objects, 10% free, 140MB/156MB, paused 1.521ms total 47.269ms
08-06 15:14:25.609 18417 18478 I art     : Starting a blocking GC Explicit
08-06 15:14:25.652 18417 18478 I art     : Explicit concurrent mark sweep GC freed 40(896B) AllocSpace objects, 0(0B) LOS objects, 10% free, 140MB/156MB, paused 1.466ms total 43.022ms
08-06 15:14:25.821 18417 20189 I NAPPA_EXPERIMENTATION: MetricNetworkRequestExecutionTime: REQUEST_DURATION_SYSTEM='802',REQUEST_DURATION_OKHTTP='42',REQUEST_SYNCHRONOUS='FALSE',RESPONSE_CODE='200',RESPONSE_METHOD='GET',RESPONSE_LENGTH_OKHTTP='6426',RESPONSE_LENGTH_HEADER='6426',REQUEST_PROTOCOL='http/1.1',REQUEST_URL='https://project-travel-mate.herokuapp.com/api/get-upcoming-holidays/2020',
08-06 15:14:25.840 18417 20188 I NAPPA_EXPERIMENTATION: MetricNetworkRequestExecutionTime: REQUEST_DURATION_SYSTEM='822',REQUEST_DURATION_OKHTTP='55',REQUEST_SYNCHRONOUS='FALSE',RESPONSE_CODE='200',RESPONSE_METHOD='GET',RESPONSE_LENGTH_OKHTTP='6426',RESPONSE_LENGTH_HEADER='6426',REQUEST_PROTOCOL='http/1.1',REQUEST_URL='https://project-travel-mate.herokuapp.com/api/get-upcoming-holidays/2020',
08-06 15:14:25.922 18417 18417 V Response: [{"month":"January","date":1,"day":"Wednesday","name":"New Year's Day","type":"Restricted"},{"month":"January","date":2,"day":"Thursday","name":"Guru Govind Singh Jayanti","type":"Restricted"},{"month":"January","date":14,"day":"Tuesday","name":"Lohri","type":"Restricted"},{"month":"January","date":15,"day":"Wednesday","name":"Pongal","type":"Restricted"},{"month":"January","date":15,"day":"Wednesday","name":"Makar Sankranti","type":"Restricted"},{"month":"January","date":25,"day":"Saturday","name":"Chinese New Year","type":"Observance"},{"month":"January","date":26,"day":"Sunday","name":"Republic Day","type":"Gazetted"},{"month":"January","date":30,"day":"Thursday","name":"Vasant Panchami","type":"Restricted"},{"month":"February","date":9,"day":"Sunday","name":"Guru Ravidas Jayanti","type":"Restricted"},{"month":"February","date":14,"day":"Friday","name":"Valentine's Day","type":"Observance"},{"month":"February","date":18,"day":"Tuesday","name":"Maharishi Dayanand Saraswati Jayanti","type":"Restricted"},{"month":"February","date":19,"day":"Wednesday","name":"Shivaji Jayanti","type":"Restricted"},{"month":"February","date":21,"day":"Friday","name":"Maha Shivaratri/Shivaratri","type":"Gazetted"},{"month":"March","date":9,"day":"Monday","name":"Holika Dahana","type":"Restricted"},{"month":"March","date":9,"day":"Monday","name":"Hazarat Ali's Birthday","type":"Restricted"},{"month":"March","date":10,"day":"Tuesday","name":"Holi","type":"Gazetted"},{"month":"March","date":20,"day":"Friday","name":"March Equinox","type":"Season"},{"month":"March","date":25,"day":"Wednesday","name":"Chaitra Sukhladi","type":"Restricted"},{"month":"April","date":2,"day":"Thursday","name":"Rama Navami","type":"Gazetted"},{"month":"April","date":6,"day":"Monday","name":"Mahavir Jayanti","type":"Gazetted"},{"month":"April","date":9,"day":"Thursday","name":"First day of Passover","type":"Observance"},{"month":"April","date":9,"day":"Thursday","name":"Maundy Thursday","type":"Observance,"},{"month":"April","date":10,"day":"Friday","name":"Good Friday","type":"Gazetted"},{"month":"April","date":12,"day":"Sunday","name":"Easter Day","type":"Restricted"},{"month":"April","date":13,"day":"Monday","name":"Vaisakhi","type":"Restricted"},{"month":"April","date":14,"day":"Tuesday","name":"Mesadi/Vaisakhadi","type":"Restricted"},{"month":"April","date":14,"day":"Tuesday","name":"Ambedkar Jayanti","type":"Central"},{"month":"May","date":1,"day":"Friday","name":"May Day","type":"Observance"},{"month":"May","date":7,"day":"Thursday","name":"Buddha Purnima/Vesak","type":"Gazetted"},{"month":"May","date":7,"day":"Thursday","name":"Birthday of Ravindranath","type":"Restricted"},{"month":"May","date":10,"day":"Sunday","name":"Mother's Day","type":"Observance"},{"month":"May","date":22,"day":"Friday","name":"Jamat Ul-Vida","type":"Restricted"},{"month":"May","date":25,"day":"Monday","name":"Ramzan Id/Eid-ul-Fitar","type":"Gazetted"},{"month":"May","date":25,"day":"Monday","name":"Ramzan Id/Eid-ul-Fitar","type":"Muslim,"},{"month":"June","date":21,"day":"Sunday","name":"June Solstice","type":"Season"},{"month":"June","date":21,"day":"Sunday","name":"Father's Day","type":"Observance"},{"month":"June","date":23,"day":"Tuesday","name":"Rath Yatra","type":"Restricted"},{"month":"July","date":5,"day":"Sunday","name":"Guru Purnima","type":"Observance"},{"month":"July","date":31,"day":"Friday","name":"Bakr Id/Eid ul-Adha","type":"Gazetted"},{"month":"August","date":2,"day":"Sunday","name":"Friendship Day","type":"Observance"},{"month":"August","date":3,"day":"Monday","name":"Raksha Bandhan (Rakhi)","type":"Restricted"},{"month":"August","date":11,"day":"Tuesday","name":"Janmashtami (Smarta)","type":"Restricted"},{"month":"August","date":12,"day":"Wednesday","name":"Janmashtami","type":"Gazetted"},{"month":"August","date":15,"day":"Saturday","name":"Independence Day","type":"Gazetted"},{"month":"August","date":16,"day":"Sunday","name":"Parsi New Year","type":"Restricted"},{"month":"August","date":22,"day":"Saturday","name":"Ganesh Chaturthi/Vin
08-06 15:14:25.926 18417 18417 V Response: [{"month":"January","date":1,"day":"Wednesday","name":"New Year's Day","type":"Restricted"},{"month":"January","date":2,"day":"Thursday","name":"Guru Govind Singh Jayanti","type":"Restricted"},{"month":"January","date":14,"day":"Tuesday","name":"Lohri","type":"Restricted"},{"month":"January","date":15,"day":"Wednesday","name":"Pongal","type":"Restricted"},{"month":"January","date":15,"day":"Wednesday","name":"Makar Sankranti","type":"Restricted"},{"month":"January","date":25,"day":"Saturday","name":"Chinese New Year","type":"Observance"},{"month":"January","date":26,"day":"Sunday","name":"Republic Day","type":"Gazetted"},{"month":"January","date":30,"day":"Thursday","name":"Vasant Panchami","type":"Restricted"},{"month":"February","date":9,"day":"Sunday","name":"Guru Ravidas Jayanti","type":"Restricted"},{"month":"February","date":14,"day":"Friday","name":"Valentine's Day","type":"Observance"},{"month":"February","date":18,"day":"Tuesday","name":"Maharishi Dayanand Saraswati Jayanti","type":"Restricted"},{"month":"February","date":19,"day":"Wednesday","name":"Shivaji Jayanti","type":"Restricted"},{"month":"February","date":21,"day":"Friday","name":"Maha Shivaratri/Shivaratri","type":"Gazetted"},{"month":"March","date":9,"day":"Monday","name":"Holika Dahana","type":"Restricted"},{"month":"March","date":9,"day":"Monday","name":"Hazarat Ali's Birthday","type":"Restricted"},{"month":"March","date":10,"day":"Tuesday","name":"Holi","type":"Gazetted"},{"month":"March","date":20,"day":"Friday","name":"March Equinox","type":"Season"},{"month":"March","date":25,"day":"Wednesday","name":"Chaitra Sukhladi","type":"Restricted"},{"month":"April","date":2,"day":"Thursday","name":"Rama Navami","type":"Gazetted"},{"month":"April","date":6,"day":"Monday","name":"Mahavir Jayanti","type":"Gazetted"},{"month":"April","date":9,"day":"Thursday","name":"First day of Passover","type":"Observance"},{"month":"April","date":9,"day":"Thursday","name":"Maundy Thursday","type":"Observance,"},{"month":"April","date":10,"day":"Friday","name":"Good Friday","type":"Gazetted"},{"month":"April","date":12,"day":"Sunday","name":"Easter Day","type":"Restricted"},{"month":"April","date":13,"day":"Monday","name":"Vaisakhi","type":"Restricted"},{"month":"April","date":14,"day":"Tuesday","name":"Mesadi/Vaisakhadi","type":"Restricted"},{"month":"April","date":14,"day":"Tuesday","name":"Ambedkar Jayanti","type":"Central"},{"month":"May","date":1,"day":"Friday","name":"May Day","type":"Observance"},{"month":"May","date":7,"day":"Thursday","name":"Buddha Purnima/Vesak","type":"Gazetted"},{"month":"May","date":7,"day":"Thursday","name":"Birthday of Ravindranath","type":"Restricted"},{"month":"May","date":10,"day":"Sunday","name":"Mother's Day","type":"Observance"},{"month":"May","date":22,"day":"Friday","name":"Jamat Ul-Vida","type":"Restricted"},{"month":"May","date":25,"day":"Monday","name":"Ramzan Id/Eid-ul-Fitar","type":"Gazetted"},{"month":"May","date":25,"day":"Monday","name":"Ramzan Id/Eid-ul-Fitar","type":"Muslim,"},{"month":"June","date":21,"day":"Sunday","name":"June Solstice","type":"Season"},{"month":"June","date":21,"day":"Sunday","name":"Father's Day","type":"Observance"},{"month":"June","date":23,"day":"Tuesday","name":"Rath Yatra","type":"Restricted"},{"month":"July","date":5,"day":"Sunday","name":"Guru Purnima","type":"Observance"},{"month":"July","date":31,"day":"Friday","name":"Bakr Id/Eid ul-Adha","type":"Gazetted"},{"month":"August","date":2,"day":"Sunday","name":"Friendship Day","type":"Observance"},{"month":"August","date":3,"day":"Monday","name":"Raksha Bandhan (Rakhi)","type":"Restricted"},{"month":"August","date":11,"day":"Tuesday","name":"Janmashtami (Smarta)","type":"Restricted"},{"month":"August","date":12,"day":"Wednesday","name":"Janmashtami","type":"Gazetted"},{"month":"August","date":15,"day":"Saturday","name":"Independence Day","type":"Gazetted"},{"month":"August","date":16,"day":"Sunday","name":"Parsi New Year","type":"Restricted"},{"month":"August","date":22,"day":"Saturday","name":"Ganesh Chaturthi/Vin
08-06 15:14:26.017 18417 18697 I art     : Starting a blocking GC Explicit
08-06 15:14:26.074 18417 18697 I art     : Explicit concurrent mark sweep GC freed 16764(725KB) AllocSpace objects, 12(4MB) LOS objects, 10% free, 137MB/153MB, paused 1.462ms total 56.321ms
08-06 15:14:26.093 18417 18697 I art     : Starting a blocking GC Explicit
08-06 15:14:26.142 18417 18697 I art     : Explicit concurrent mark sweep GC freed 2266(246KB) AllocSpace objects, 0(0B) LOS objects, 10% free, 136MB/152MB, paused 1.209ms total 49.094ms
08-06 15:14:26.161 18417 18697 I art     : Starting a blocking GC Explicit
08-06 15:14:26.213 18417 18697 I art     : Explicit concurrent mark sweep GC freed 99(1696B) AllocSpace objects, 0(0B) LOS objects, 10% free, 136MB/152MB, paused 1.214ms total 51.889ms
08-06 15:14:26.231 18417 18697 I art     : Starting a blocking GC Explicit
08-06 15:14:26.283 18417 18697 I art     : Explicit concurrent mark sweep GC freed 99(1696B) AllocSpace objects, 0(0B) LOS objects, 10% free, 136MB/152MB, paused 1.211ms total 51.531ms
08-06 15:14:26.302 18417 18697 I art     : Starting a blocking GC Explicit
08-06 15:14:26.352 18417 18697 I art     : Explicit concurrent mark sweep GC freed 99(1696B) AllocSpace objects, 0(0B) LOS objects, 10% free, 136MB/152MB, paused 1.208ms total 50.562ms
08-06 15:14:26.757 18417 18429 I art     : Starting a blocking GC Explicit
08-06 15:14:26.814 18417 18429 I art     : Explicit concurrent mark sweep GC freed 2291(105KB) AllocSpace objects, 2(36KB) LOS objects, 10% free, 136MB/152MB, paused 1.263ms total 55.624ms
08-06 15:14:26.832 18417 18429 I art     : Starting a blocking GC Explicit
08-06 15:14:26.887 18417 18429 I art     : Explicit concurrent mark sweep GC freed 161(3KB) AllocSpace objects, 0(0B) LOS objects, 10% free, 136MB/152MB, paused 1.326ms total 54.926ms
08-06 15:14:26.906 18417 18429 I art     : Starting a blocking GC Explicit
08-06 15:14:26.959 18417 18429 I art     : Explicit concurrent mark sweep GC freed 131(2544B) AllocSpace objects, 0(0B) LOS objects, 10% free, 136MB/152MB, paused 1.267ms total 52.158ms
08-06 15:14:26.977 18417 18429 I art     : Starting a blocking GC Explicit
08-06 15:14:27.033 18417 18429 I art     : Explicit concurrent mark sweep GC freed 114(2160B) AllocSpace objects, 0(0B) LOS objects, 10% free, 136MB/152MB, paused 1.157ms total 55.121ms
08-06 15:14:27.051 18417 18429 I art     : Starting a blocking GC Explicit
08-06 15:14:27.107 18417 18429 I art     : Explicit concurrent mark sweep GC freed 123(2096B) AllocSpace objects, 0(0B) LOS objects, 10% free, 136MB/152MB, paused 1.210ms total 55.252ms
08-06 15:14:27.278   518   646 I ThermalEngine: ACTION: GPU - Setting GPU[0] to 390000000
08-06 15:14:27.565 18417 18430 I art     : Starting a blocking GC Explicit
08-06 15:14:27.630 18417 18430 I art     : Explicit concurrent mark sweep GC freed 2376(107KB) AllocSpace objects, 2(36KB) LOS objects, 10% free, 136MB/152MB, paused 2.126ms total 64.499ms
08-06 15:14:27.658 18417 18430 I art     : Starting a blocking GC Explicit
08-06 15:14:27.716 18417 18430 I art     : Explicit concurrent mark sweep GC freed 164(3KB) AllocSpace objects, 0(0B) LOS objects, 10% free, 136MB/152MB, paused 1.632ms total 58.001ms
08-06 15:14:27.740 18417 18430 I art     : Starting a blocking GC Explicit
08-06 15:14:27.800 18417 18430 I art     : Explicit concurrent mark sweep GC freed 123(2096B) AllocSpace objects, 0(0B) LOS objects, 10% free, 136MB/152MB, paused 1.719ms total 59.411ms
08-06 15:14:27.824 18417 18430 I art     : Starting a blocking GC Explicit
08-06 15:14:27.885 18417 18430 I art     : Explicit concurrent mark sweep GC freed 153(2896B) AllocSpace objects, 0(0B) LOS objects, 10% free, 136MB/152MB, paused 1.678ms total 60.657ms
08-06 15:14:27.909 18417 18430 I art     : Starting a blocking GC Explicit
08-06 15:14:27.972 18417 18430 I art     : Explicit concurrent mark sweep GC freed 136(2784B) AllocSpace objects, 0(0B) LOS objects, 10% free, 136MB/152MB, paused 1.783ms total 62.447ms
08-06 15:14:28.275   518   646 I ThermalEngine: ACTION: GPU - Setting GPU[0] to 450000000
08-06 15:14:28.414 18417 18478 I art     : Starting a blocking GC Explicit
08-06 15:14:28.468 18417 18478 I art     : Explicit concurrent mark sweep GC freed 2372(107KB) AllocSpace objects, 2(36KB) LOS objects, 10% free, 136MB/152MB, paused 1.231ms total 53.197ms
08-06 15:14:28.486 18417 18478 I art     : Starting a blocking GC Explicit
08-06 15:14:28.541 18417 18478 I art     : Explicit concurrent mark sweep GC freed 146(3KB) AllocSpace objects, 0(0B) LOS objects, 10% free, 136MB/152MB, paused 1.240ms total 54.628ms
08-06 15:14:28.560 18417 18478 I art     : Starting a blocking GC Explicit
08-06 15:14:28.614 18417 18478 I art     : Explicit concurrent mark sweep GC freed 113(1936B) AllocSpace objects, 0(0B) LOS objects, 10% free, 136MB/152MB, paused 1.215ms total 53.233ms
08-06 15:14:28.632 18417 18478 I art     : Starting a blocking GC Explicit
08-06 15:14:28.688 18417 18478 I art     : Explicit concurrent mark sweep GC freed 99(1696B) AllocSpace objects, 0(0B) LOS objects, 10% free, 136MB/152MB, paused 1.344ms total 55.425ms
08-06 15:14:28.707 18417 18478 I art     : Starting a blocking GC Explicit
08-06 15:14:28.761 18417 18478 I art     : Explicit concurrent mark sweep GC freed 122(2064B) AllocSpace objects, 0(0B) LOS objects, 10% free, 136MB/152MB, paused 1.245ms total 53.789ms
08-06 15:14:29.171 18417 19840 I art     : Starting a blocking GC Explicit
08-06 15:14:29.247 18417 19840 I art     : Explicit concurrent mark sweep GC freed 2347(106KB) AllocSpace objects, 2(36KB) LOS objects, 10% free, 136MB/152MB, paused 1.200ms total 76.306ms
08-06 15:14:29.267 18417 19840 I art     : Starting a blocking GC Explicit
08-06 15:14:29.312 18417 19840 I art     : Explicit concurrent mark sweep GC freed 126(2704B) AllocSpace objects, 0(0B) LOS objects, 10% free, 136MB/152MB, paused 1.123ms total 44.744ms
08-06 15:14:29.331 18417 19840 I art     : Starting a blocking GC Explicit
08-06 15:14:29.382 18417 19840 I art     : Explicit concurrent mark sweep GC freed 99(1696B) AllocSpace objects, 0(0B) LOS objects, 10% free, 136MB/152MB, paused 1.280ms total 51.131ms
08-06 15:14:29.400 18417 19840 I art     : Starting a blocking GC Explicit
08-06 15:14:29.451 18417 19840 I art     : Explicit concurrent mark sweep GC freed 99(1696B) AllocSpace objects, 0(0B) LOS objects, 10% free, 136MB/152MB, paused 1.238ms total 50.738ms
08-06 15:14:29.470 18417 19840 I art     : Starting a blocking GC Explicit
08-06 15:14:29.522 18417 19840 I art     : Explicit concurrent mark sweep GC freed 99(1696B) AllocSpace objects, 0(0B) LOS objects, 10% free, 136MB/152MB, paused 1.179ms total 52.178ms
08-06 15:14:29.755 20253 20253 D AndroidRuntime: >>>>>> START com.android.internal.os.RuntimeInit uid 2000 <<<<<<
08-06 15:14:29.761 20253 20253 D AndroidRuntime: CheckJNI is OFF
08-06 15:14:29.801 20253 20253 D ICU     : No timezone override file found: /data/misc/zoneinfo/current/icu/icu_tzdata.dat
08-06 15:14:29.843 20253 20253 I Radio-JNI: register_android_hardware_Radio DONE
08-06 15:14:29.871 20253 20253 D AndroidRuntime: Calling main entry com.android.commands.input.Input
08-06 15:14:29.873 20253 20253 I Input   : injectKeyEvent: KeyEvent { action=ACTION_DOWN, keyCode=KEYCODE_BACK, scanCode=0, metaState=0, flags=0x0, repeatCount=0, eventTime=890086286, downTime=890086286, deviceId=-1, source=0x101 }
08-06 15:14:29.878 20253 20253 I Input   : injectKeyEvent: KeyEvent { action=ACTION_UP, keyCode=KEYCODE_BACK, scanCode=0, metaState=0, flags=0x0, repeatCount=0, eventTime=890086286, downTime=890086286, deviceId=-1, source=0x101 }
08-06 15:14:29.884 20253 20253 D AndroidRuntime: Shutting down VM
08-06 15:14:29.894 18417 18417 V MainActivity: url = https://project-travel-mate.herokuapp.com/api/number-of-unread-notifications
08-06 15:14:29.925 13866 13866 I GoogleInputMethodServic: GoogleInputMethodService.onFinishInput():3138 
08-06 15:14:29.927 13866 13866 I GoogleInputMethodServic: GoogleInputMethodService.onStartInput():1808 
08-06 15:14:29.947 18417 19840 I art     : Starting a blocking GC Explicit
08-06 15:14:29.993 18417 19840 I art     : Explicit concurrent mark sweep GC freed 2697(125KB) AllocSpace objects, 2(36KB) LOS objects, 10% free, 136MB/152MB, paused 1.157ms total 45.624ms
08-06 15:14:30.012 18417 19840 I art     : Starting a blocking GC Explicit
08-06 15:14:30.056 18417 19840 I art     : Explicit concurrent mark sweep GC freed 133(4KB) AllocSpace objects, 0(0B) LOS objects, 10% free, 136MB/152MB, paused 1.084ms total 44.319ms
08-06 15:14:30.074 18417 19840 I art     : Starting a blocking GC Explicit
08-06 15:14:30.119 18417 19840 I art     : Explicit concurrent mark sweep GC freed 103(1808B) AllocSpace objects, 0(0B) LOS objects, 10% free, 136MB/152MB, paused 1.231ms total 45.605ms
08-06 15:14:30.140 18417 19840 I art     : Starting a blocking GC Explicit
08-06 15:14:30.194 18417 19840 I art     : Explicit concurrent mark sweep GC freed 142(3KB) AllocSpace objects, 0(0B) LOS objects, 10% free, 136MB/152MB, paused 1.462ms total 54.073ms
08-06 15:14:30.215 18417 19840 I art     : Starting a blocking GC Explicit
08-06 15:14:30.270 18417 19840 I art     : Explicit concurrent mark sweep GC freed 101(1792B) AllocSpace objects, 0(0B) LOS objects, 10% free, 136MB/152MB, paused 1.312ms total 55.192ms
08-06 15:14:30.272   380   380 W SurfaceFlinger: couldn't log to binary event log: overflow.
08-06 15:14:30.677 18417 18430 I art     : Starting a blocking GC Explicit
08-06 15:14:30.736 18417 18430 I art     : Explicit concurrent mark sweep GC freed 4234(227KB) AllocSpace objects, 5(344KB) LOS objects, 10% free, 136MB/152MB, paused 1.394ms total 59.025ms
08-06 15:14:30.740 18417 20277 I NAPPA_EXPERIMENTATION: MetricNetworkRequestExecutionTime: REQUEST_DURATION_SYSTEM='845',REQUEST_DURATION_OKHTTP='36',REQUEST_SYNCHRONOUS='FALSE',RESPONSE_CODE='200',RESPONSE_METHOD='GET',RESPONSE_LENGTH_OKHTTP='36',RESPONSE_LENGTH_HEADER='36',REQUEST_PROTOCOL='http/1.1',REQUEST_URL='https://project-travel-mate.herokuapp.com/api/number-of-unread-notifications',
08-06 15:14:30.755 18417 18430 I art     : Starting a blocking GC Explicit
08-06 15:14:30.805 18417 18430 I art     : Explicit concurrent mark sweep GC freed 7727(487KB) AllocSpace objects, 14(344KB) LOS objects, 10% free, 136MB/152MB, paused 1.255ms total 50.254ms
08-06 15:14:30.823 18417 18430 I art     : Starting a blocking GC Explicit
08-06 15:14:30.873 18417 18430 I art     : Explicit concurrent mark sweep GC freed 138(7KB) AllocSpace objects, 0(0B) LOS objects, 10% free, 136MB/152MB, paused 1.263ms total 49.229ms
08-06 15:14:30.891 18417 18430 I art     : Starting a blocking GC Explicit
08-06 15:14:30.940 18417 18430 I art     : Explicit concurrent mark sweep GC freed 16(784B) AllocSpace objects, 0(0B) LOS objects, 10% free, 136MB/152MB, paused 1.285ms total 48.992ms
08-06 15:14:30.958 18417 18430 I art     : Starting a blocking GC Explicit
08-06 15:14:31.008 18417 18430 I art     : Explicit concurrent mark sweep GC freed 24(1264B) AllocSpace objects, 0(0B) LOS objects, 10% free, 136MB/152MB, paused 1.282ms total 49.049ms
08-06 15:14:31.392 18417 18429 I art     : Starting a blocking GC Explicit
08-06 15:14:31.448 18417 18429 I art     : Explicit concurrent mark sweep GC freed 1630(95KB) AllocSpace objects, 2(36KB) LOS objects, 10% free, 136MB/152MB, paused 1.345ms total 55.487ms
08-06 15:14:31.465 18417 18429 I art     : Starting a blocking GC Explicit
08-06 15:14:31.511 18417 18429 I art     : Explicit concurrent mark sweep GC freed 44(1744B) AllocSpace objects, 0(0B) LOS objects, 10% free, 136MB/152MB, paused 1.183ms total 45.499ms
08-06 15:14:31.529 18417 18429 I art     : Starting a blocking GC Explicit
08-06 15:14:31.571 18417 18429 I art     : Explicit concurrent mark sweep GC freed 20(624B) AllocSpace objects, 0(0B) LOS objects, 10% free, 136MB/152MB, paused 1.113ms total 41.770ms
08-06 15:14:31.590 18417 18429 I art     : Starting a blocking GC Explicit
08-06 15:14:31.635 18417 18429 I art     : Explicit concurrent mark sweep GC freed 5(160B) AllocSpace objects, 0(0B) LOS objects, 10% free, 136MB/152MB, paused 1.113ms total 45.628ms
08-06 15:14:31.653 18417 18429 I art     : Starting a blocking GC Explicit
08-06 15:14:31.680 20289 20289 D AndroidRuntime: >>>>>> START com.android.internal.os.RuntimeInit uid 2000 <<<<<<
08-06 15:14:31.685 20289 20289 D AndroidRuntime: CheckJNI is OFF
08-06 15:14:31.695 18417 18429 I art     : Explicit concurrent mark sweep GC freed 7(224B) AllocSpace objects, 0(0B) LOS objects, 10% free, 136MB/152MB, paused 1.108ms total 41.140ms
08-06 15:14:31.725 20289 20289 D ICU     : No timezone override file found: /data/misc/zoneinfo/current/icu/icu_tzdata.dat
08-06 15:14:31.764 20289 20289 I Radio-JNI: register_android_hardware_Radio DONE
08-06 15:14:31.792 20289 20289 D AndroidRuntime: Calling main entry com.android.commands.input.Input
08-06 15:14:31.794 20289 20289 I Input   : injectMotionEvent: MotionEvent { action=ACTION_DOWN, actionButton=0, id[0]=0, x[0]=117.0, y[0]=170.0, toolType[0]=TOOL_TYPE_UNKNOWN, buttonState=0, metaState=0, flags=0x0, edgeFlags=0x0, pointerCount=1, historySize=0, eventTime=890088207, downTime=890088207, deviceId=0, source=0x1002 }
08-06 15:14:31.830 20289 20289 I Input   : injectMotionEvent: MotionEvent { action=ACTION_UP, actionButton=0, id[0]=0, x[0]=117.0, y[0]=170.0, toolType[0]=TOOL_TYPE_UNKNOWN, buttonState=0, metaState=0, flags=0x0, edgeFlags=0x0, pointerCount=1, historySize=0, eventTime=890088207, downTime=890088207, deviceId=0, source=0x1002 }
08-06 15:14:31.832 20289 20289 D AndroidRuntime: Shutting down VM
08-06 15:14:31.846   512  2967 D audio_hw_primary: out_set_parameters: enter: usecase(1: low-latency-playback) kvpairs: routing=2
08-06 15:14:31.859   512  2967 D audio_hw_primary: select_devices: out_snd_device(2: speaker) in_snd_device(0: none)
08-06 15:14:31.859   512  2967 D msm8974_platform: platform_send_audio_calibration: sending audio calibration for snd_device(2) acdb_id(15)
08-06 15:14:31.859   512  2967 I soundtrigger: audio_extn_sound_trigger_update_device_status: device 0x2 of type 0 for Event 1
08-06 15:14:31.868   512  2967 D audio_hw_primary: enable_snd_device: snd_device(2: speaker)
08-06 15:14:31.870   512  2967 D audio_hw_primary: enable_audio_route: apply and update mixer path: low-latency-playback speaker
08-06 15:14:32.070 18417 18697 I art     : Starting a blocking GC Explicit
08-06 15:14:32.111 18417 18697 I art     : Explicit concurrent mark sweep GC freed 2111(117KB) AllocSpace objects, 2(36KB) LOS objects, 10% free, 136MB/152MB, paused 1.110ms total 40.984ms
08-06 15:14:32.129 18417 18697 I art     : Starting a blocking GC Explicit
08-06 15:14:32.171 18417 18697 I art     : Explicit concurrent mark sweep GC freed 68(2480B) AllocSpace objects, 0(0B) LOS objects, 10% free, 136MB/152MB, paused 1.072ms total 42.459ms
08-06 15:14:32.190 18417 18697 I art     : Starting a blocking GC Explicit
08-06 15:14:32.230 18417 18697 I art     : Explicit concurrent mark sweep GC freed 5(160B) AllocSpace objects, 0(0B) LOS objects, 10% free, 136MB/152MB, paused 1.108ms total 39.361ms
08-06 15:14:32.247 18417 18697 I art     : Starting a blocking GC Explicit
08-06 15:14:32.286 18417 18697 I art     : Explicit concurrent mark sweep GC freed 3(96B) AllocSpace objects, 0(0B) LOS objects, 10% free, 136MB/152MB, paused 1.100ms total 39.215ms
08-06 15:14:32.303 18417 18697 I art     : Starting a blocking GC Explicit
08-06 15:14:32.342 18417 18697 I art     : Explicit concurrent mark sweep GC freed 11(384B) AllocSpace objects, 0(0B) LOS objects, 10% free, 136MB/152MB, paused 1.037ms total 38.097ms
08-06 15:14:32.409   512  2967 D audio_hw_primary: disable_audio_route: reset and update mixer path: low-latency-playback speaker
08-06 15:14:32.410   512  2967 D audio_hw_primary: disable_snd_device: snd_device(2: speaker)
08-06 15:14:32.417   512  2967 I soundtrigger: audio_extn_sound_trigger_update_device_status: device 0x2 of type 0 for Event 0
08-06 15:14:32.593 20322 20322 D AndroidRuntime: >>>>>> START com.android.internal.os.RuntimeInit uid 2000 <<<<<<
08-06 15:14:32.599 20322 20322 D AndroidRuntime: CheckJNI is OFF
08-06 15:14:32.640 20322 20322 D ICU     : No timezone override file found: /data/misc/zoneinfo/current/icu/icu_tzdata.dat
08-06 15:14:32.683 20322 20322 I Radio-JNI: register_android_hardware_Radio DONE
08-06 15:14:32.713 20322 20322 D AndroidRuntime: Calling main entry com.android.commands.input.Input
08-06 15:14:32.715 20322 20322 I Input   : injectMotionEvent: MotionEvent { action=ACTION_DOWN, actionButton=0, id[0]=0, x[0]=405.0, y[0]=661.0, toolType[0]=TOOL_TYPE_UNKNOWN, buttonState=0, metaState=0, flags=0x0, edgeFlags=0x0, pointerCount=1, historySize=0, eventTime=890089127, downTime=890089127, deviceId=0, source=0x1002 }
08-06 15:14:32.719 20322 20322 I Input   : injectMotionEvent: MotionEvent { action=ACTION_UP, actionButton=0, id[0]=0, x[0]=405.0, y[0]=661.0, toolType[0]=TOOL_TYPE_UNKNOWN, buttonState=0, metaState=0, flags=0x0, edgeFlags=0x0, pointerCount=1, historySize=0, eventTime=890089127, downTime=890089127, deviceId=0, source=0x1002 }
08-06 15:14:32.721 20322 20322 D AndroidRuntime: Shutting down VM
08-06 15:14:32.727 18417 18429 I art     : Starting a blocking GC Explicit
08-06 15:14:32.736   512  2967 D audio_hw_primary: out_set_parameters: enter: usecase(1: low-latency-playback) kvpairs: routing=2
08-06 15:14:32.749   512  2967 D audio_hw_primary: select_devices: out_snd_device(2: speaker) in_snd_device(0: none)
08-06 15:14:32.749   512  2967 D msm8974_platform: platform_send_audio_calibration: sending audio calibration for snd_device(2) acdb_id(15)
08-06 15:14:32.749   512  2967 I soundtrigger: audio_extn_sound_trigger_update_device_status: device 0x2 of type 0 for Event 1
08-06 15:14:32.761   512  2967 D audio_hw_primary: enable_snd_device: snd_device(2: speaker)
08-06 15:14:32.763   512  2967 D audio_hw_primary: enable_audio_route: apply and update mixer path: low-latency-playback speaker
08-06 15:14:32.779 18417 18429 I art     : Explicit concurrent mark sweep GC freed 2060(137KB) AllocSpace objects, 2(36KB) LOS objects, 10% free, 136MB/152MB, paused 1.420ms total 51.731ms
08-06 15:14:32.796 18417 18429 I art     : Waiting for a blocking GC Explicit
08-06 15:14:32.804   512  2967 D AudioFlinger: mixer(0xf4740000) throttle end: throttle time(12)
08-06 15:14:32.805 18417 18429 I art     : WaitForGcToComplete blocked for 9.148ms for cause Explicit
08-06 15:14:32.805 18417 18429 I art     : Starting a blocking GC Explicit
08-06 15:14:32.816 14704 14704 I ServiceManager: Waiting for service AtCmdFwd...
08-06 15:14:32.851 18417 18429 I art     : Explicit concurrent mark sweep GC freed 92(32KB) AllocSpace objects, 0(0B) LOS objects, 8% free, 167MB/183MB, paused 1.289ms total 45.868ms
08-06 15:14:32.851 18417 18427 I art     : WaitForGcToComplete blocked for 46.161ms for cause Background
08-06 15:14:32.868 18417 18429 I art     : Starting a blocking GC Explicit
08-06 15:14:32.915 18417 18429 I art     : Explicit concurrent mark sweep GC freed 34(928B) AllocSpace objects, 0(0B) LOS objects, 8% free, 167MB/183MB, paused 1.354ms total 46.438ms
08-06 15:14:32.933 18417 18429 I art     : Starting a blocking GC Explicit
08-06 15:14:32.978 18417 18429 I art     : Explicit concurrent mark sweep GC freed 3(96B) AllocSpace objects, 0(0B) LOS objects, 8% free, 167MB/183MB, paused 1.381ms total 45.379ms
08-06 15:14:32.996 18417 18429 I art     : Starting a blocking GC Explicit
08-06 15:14:33.042 18417 18429 I art     : Explicit concurrent mark sweep GC freed 15(624B) AllocSpace objects, 0(0B) LOS objects, 8% free, 167MB/183MB, paused 1.534ms total 46.151ms
08-06 15:14:33.289   512  2967 D audio_hw_primary: disable_audio_route: reset and update mixer path: low-latency-playback speaker
08-06 15:14:33.291   512  2967 D audio_hw_primary: disable_snd_device: snd_device(2: speaker)
08-06 15:14:33.299   512  2967 I soundtrigger: audio_extn_sound_trigger_update_device_status: device 0x2 of type 0 for Event 0
08-06 15:14:33.426 18417 18697 I art     : Starting a blocking GC Explicit
08-06 15:14:33.471 18417 18697 I art     : Explicit concurrent mark sweep GC freed 3199(189KB) AllocSpace objects, 11(288KB) LOS objects, 8% free, 182MB/198MB, paused 1.032ms total 44.057ms
08-06 15:14:33.488 18417 18697 I art     : Starting a blocking GC Explicit
08-06 15:14:33.535 18417 18697 I art     : Explicit concurrent mark sweep GC freed 886(50KB) AllocSpace objects, 0(0B) LOS objects, 8% free, 182MB/198MB, paused 1.045ms total 46.552ms
08-06 15:14:33.553 18417 18697 I art     : Starting a blocking GC Explicit
08-06 15:14:33.602 18417 18697 I art     : Explicit concurrent mark sweep GC freed 3(96B) AllocSpace objects, 0(0B) LOS objects, 8% free, 182MB/198MB, paused 1.224ms total 49.343ms
08-06 15:14:33.620 18417 18697 I art     : Starting a blocking GC Explicit
08-06 15:14:33.669 18417 18697 I art     : Explicit concurrent mark sweep GC freed 3(96B) AllocSpace objects, 0(0B) LOS objects, 8% free, 182MB/198MB, paused 1.125ms total 48.423ms
08-06 15:14:33.687 18417 18697 I art     : Starting a blocking GC Explicit
08-06 15:14:33.739 18417 18697 I art     : Explicit concurrent mark sweep GC freed 3(96B) AllocSpace objects, 0(0B) LOS objects, 8% free, 182MB/198MB, paused 1.272ms total 51.446ms
08-06 15:14:33.816 14704 14704 I ServiceManager: Waiting for service AtCmdFwd...
08-06 15:14:34.142 18417 18429 I art     : Starting a blocking GC Explicit
08-06 15:14:34.209 18417 18429 I art     : Explicit concurrent mark sweep GC freed 1672(96KB) AllocSpace objects, 2(36KB) LOS objects, 8% free, 182MB/198MB, paused 1.411ms total 65.998ms
08-06 15:14:34.230 18417 18429 I art     : Starting a blocking GC Explicit
08-06 15:14:34.279 18417 18429 I art     : Explicit concurrent mark sweep GC freed 57(2592B) AllocSpace objects, 0(0B) LOS objects, 8% free, 182MB/198MB, paused 1.183ms total 49.382ms
08-06 15:14:34.279 18417 18427 I art     : WaitForGcToComplete blocked for 31.652ms for cause HeapTrim
08-06 15:14:34.286   518   646 I ThermalEngine: ACTION: GPU - Setting GPU[0] to 390000000
08-06 15:14:34.310 18417 18429 I art     : Starting a blocking GC Explicit
08-06 15:14:34.375 18417 18429 I art     : Explicit concurrent mark sweep GC freed 3(96B) AllocSpace objects, 0(0B) LOS objects, 8% free, 182MB/198MB, paused 2.033ms total 64.369ms
08-06 15:14:34.404 18417 18429 I art     : Starting a blocking GC Explicit
08-06 15:14:34.471 18417 18429 I art     : Explicit concurrent mark sweep GC freed 3(96B) AllocSpace objects, 0(0B) LOS objects, 8% free, 182MB/198MB, paused 2.422ms total 66ms
08-06 15:14:34.497 18417 18429 I art     : Starting a blocking GC Explicit
08-06 15:14:34.567 18417 18429 I art     : Explicit concurrent mark sweep GC freed 3(96B) AllocSpace objects, 0(0B) LOS objects, 8% free, 182MB/198MB, paused 2.529ms total 69.866ms
08-06 15:14:34.817 14704 14704 I ServiceManager: Waiting for service AtCmdFwd...
08-06 15:14:35.041 18417 19840 I art     : Starting a blocking GC Explicit
08-06 15:14:35.102 18417 19840 I art     : Explicit concurrent mark sweep GC freed 1650(95KB) AllocSpace objects, 2(36KB) LOS objects, 8% free, 182MB/198MB, paused 1.807ms total 59.392ms
08-06 15:14:35.125 18417 19840 I art     : Starting a blocking GC Explicit
08-06 15:14:35.185 18417 19840 I art     : Explicit concurrent mark sweep GC freed 30(1104B) AllocSpace objects, 0(0B) LOS objects, 8% free, 182MB/198MB, paused 1.667ms total 58.970ms
08-06 15:14:35.209 18417 19840 I art     : Starting a blocking GC Explicit
08-06 15:14:35.268 18417 19840 I art     : Explicit concurrent mark sweep GC freed 3(96B) AllocSpace objects, 0(0B) LOS objects, 8% free, 182MB/198MB, paused 2.269ms total 59.195ms
08-06 15:14:35.293 18417 19840 I art     : Starting a blocking GC Explicit
08-06 15:14:35.350 18417 19840 I art     : Explicit concurrent mark sweep GC freed 3(96B) AllocSpace objects, 0(0B) LOS objects, 8% free, 182MB/198MB, paused 1.820ms total 56.504ms
08-06 15:14:35.374 18417 19840 I art     : Starting a blocking GC Explicit
08-06 15:14:35.434 18417 19840 I art     : Explicit concurrent mark sweep GC freed 3(96B) AllocSpace objects, 0(0B) LOS objects, 8% free, 182MB/198MB, paused 1.716ms total 59.240ms
08-06 15:14:35.600 20374 20374 D AndroidRuntime: >>>>>> START com.android.internal.os.RuntimeInit uid 2000 <<<<<<
08-06 15:14:35.608 20374 20374 D AndroidRuntime: CheckJNI is OFF
08-06 15:14:35.668 20374 20374 D ICU     : No timezone override file found: /data/misc/zoneinfo/current/icu/icu_tzdata.dat
08-06 15:14:35.711 20374 20374 I Radio-JNI: register_android_hardware_Radio DONE
08-06 15:14:35.744 20374 20374 D AndroidRuntime: Calling main entry com.android.commands.input.Input
08-06 15:14:35.746 20374 20374 I Input   : injectMotionEvent: MotionEvent { action=ACTION_DOWN, actionButton=0, id[0]=0, x[0]=1341.0, y[0]=197.0, toolType[0]=TOOL_TYPE_UNKNOWN, buttonState=0, metaState=0, flags=0x0, edgeFlags=0x0, pointerCount=1, historySize=0, eventTime=890092159, downTime=890092159, deviceId=0, source=0x1002 }
08-06 15:14:35.751 20374 20374 I Input   : injectMotionEvent: MotionEvent { action=ACTION_UP, actionButton=0, id[0]=0, x[0]=1341.0, y[0]=197.0, toolType[0]=TOOL_TYPE_UNKNOWN, buttonState=0, metaState=0, flags=0x0, edgeFlags=0x0, pointerCount=1, historySize=0, eventTime=890092159, downTime=890092159, deviceId=0, source=0x1002 }
08-06 15:14:35.753 20374 20374 D AndroidRuntime: Shutting down VM
08-06 15:14:35.766   918  3696 I ActivityManager: START u0 {cmp=baseline.io.github.project_travel_mate/.notifications.NotificationsActivity} from uid 10696 on display 0
08-06 15:14:35.768   512  2967 D audio_hw_primary: out_set_parameters: enter: usecase(1: low-latency-playback) kvpairs: routing=2
08-06 15:14:35.781   512  2967 D audio_hw_primary: select_devices: out_snd_device(2: speaker) in_snd_device(0: none)
08-06 15:14:35.781   512  2967 D msm8974_platform: platform_send_audio_calibration: sending audio calibration for snd_device(2) acdb_id(15)
08-06 15:14:35.781   512  2967 I soundtrigger: audio_extn_sound_trigger_update_device_status: device 0x2 of type 0 for Event 1
08-06 15:14:35.798   512  2967 D audio_hw_primary: enable_snd_device: snd_device(2: speaker)
08-06 15:14:35.800   512  2967 D audio_hw_primary: enable_audio_route: apply and update mixer path: low-latency-playback speaker
08-06 15:14:35.813 18417 18498 D Gabe    : call	returning from cache
08-06 15:14:35.817 14704 14704 I ServiceManager: Waiting for service AtCmdFwd...
08-06 15:14:35.822 18417 18417 V EXECUTING: https://project-travel-mate.herokuapp.com/api/get-notifications
08-06 15:14:35.831 18417 18417 V EXECUTING: https://project-travel-mate.herokuapp.com/api/get-notifications
08-06 15:14:35.879 18417 18697 I art     : Starting a blocking GC Explicit
08-06 15:14:35.936 18417 18697 I art     : Explicit concurrent mark sweep GC freed 3688(221KB) AllocSpace objects, 2(36KB) LOS objects, 7% free, 187MB/203MB, paused 2.037ms total 55.983ms
08-06 15:14:35.960 18417 18697 I art     : Starting a blocking GC Explicit
08-06 15:14:36.014 18417 18697 I art     : Explicit concurrent mark sweep GC freed 364(17KB) AllocSpace objects, 0(0B) LOS objects, 7% free, 187MB/203MB, paused 1.782ms total 53.494ms
08-06 15:14:36.037 18417 18697 I art     : Starting a blocking GC Explicit
08-06 15:14:36.042 13866 13866 I GoogleInputMethodServic: GoogleInputMethodService.onFinishInput():3138 
08-06 15:14:36.043   918   936 I ActivityManager: Displayed baseline.io.github.project_travel_mate/.notifications.NotificationsActivity: +264ms
08-06 15:14:36.056 13866 13866 I GoogleInputMethodServic: GoogleInputMethodService.onStartInput():1808 
08-06 15:14:36.107 18417 18697 I art     : Explicit concurrent mark sweep GC freed 157(4KB) AllocSpace objects, 0(0B) LOS objects, 7% free, 187MB/203MB, paused 2.104ms total 68.814ms
08-06 15:14:36.129 18417 18697 I art     : Starting a blocking GC Explicit
08-06 15:14:36.187 18417 18697 I art     : Explicit concurrent mark sweep GC freed 78(1456B) AllocSpace objects, 0(0B) LOS objects, 7% free, 187MB/203MB, paused 2.050ms total 58.071ms
08-06 15:14:36.211 18417 18697 I art     : Starting a blocking GC Explicit
08-06 15:14:36.266 18417 18697 I art     : Explicit concurrent mark sweep GC freed 116(3KB) AllocSpace objects, 0(0B) LOS objects, 7% free, 187MB/203MB, paused 1.964ms total 54.947ms
08-06 15:14:36.289   518   646 I ThermalEngine: ACTION: GPU - Setting GPU[0] to 450000000
08-06 15:14:36.296   380   380 W SurfaceFlinger: couldn't log to binary event log: overflow.
08-06 15:14:36.339   512  2967 D audio_hw_primary: disable_audio_route: reset and update mixer path: low-latency-playback speaker
08-06 15:14:36.340   512  2967 D audio_hw_primary: disable_snd_device: snd_device(2: speaker)
08-06 15:14:36.348   512  2967 I soundtrigger: audio_extn_sound_trigger_update_device_status: device 0x2 of type 0 for Event 0
08-06 15:14:36.567 18417 20399 I NAPPA_EXPERIMENTATION: MetricNetworkRequestExecutionTime: REQUEST_DURATION_SYSTEM='743',REQUEST_DURATION_OKHTTP='34',REQUEST_SYNCHRONOUS='FALSE',RESPONSE_CODE='200',RESPONSE_METHOD='GET',RESPONSE_LENGTH_OKHTTP='2',RESPONSE_LENGTH_HEADER='2',REQUEST_PROTOCOL='http/1.1',REQUEST_URL='https://project-travel-mate.herokuapp.com/api/get-notifications',
08-06 15:14:36.593 18417 20400 I NAPPA_EXPERIMENTATION: MetricNetworkRequestExecutionTime: REQUEST_DURATION_SYSTEM='761',REQUEST_DURATION_OKHTTP='58',REQUEST_SYNCHRONOUS='FALSE',RESPONSE_CODE='200',RESPONSE_METHOD='GET',RESPONSE_LENGTH_OKHTTP='2',RESPONSE_LENGTH_HEADER='2',REQUEST_PROTOCOL='http/1.1',REQUEST_URL='https://project-travel-mate.herokuapp.com/api/get-notifications',
08-06 15:14:36.651 18417 18430 I art     : Starting a blocking GC Explicit
08-06 15:14:36.697 18417 18417 V Response: [] 
08-06 15:14:36.698 18417 18430 I art     : Explicit concurrent mark sweep GC freed 7762(397KB) AllocSpace objects, 8(436KB) LOS objects, 7% free, 187MB/203MB, paused 1.150ms total 47.028ms
08-06 15:14:36.716 18417 18430 I art     : Starting a blocking GC Explicit
08-06 15:14:36.718 18417 18417 V Response: [] 
08-06 15:14:36.727 18417 18498 W LOTTIE  : Animation contains merge paths. Merge paths are only supported on KitKat+ and must be manually enabled by calling enableMergePathsForKitKatAndAbove().
08-06 15:14:36.735 18417 18498 W LOTTIE  : Animation contains merge paths. Merge paths are only supported on KitKat+ and must be manually enabled by calling enableMergePathsForKitKatAndAbove().
08-06 15:14:36.738 18417 18498 W LOTTIE  : Animation contains merge paths. Merge paths are only supported on KitKat+ and must be manually enabled by calling enableMergePathsForKitKatAndAbove().
08-06 15:14:36.741 18417 18498 W LOTTIE  : Animation contains merge paths. Merge paths are only supported on KitKat+ and must be manually enabled by calling enableMergePathsForKitKatAndAbove().
08-06 15:14:36.743 18417 18498 W LOTTIE  : Animation contains merge paths. Merge paths are only supported on KitKat+ and must be manually enabled by calling enableMergePathsForKitKatAndAbove().
08-06 15:14:36.746 18417 18498 W LOTTIE  : Animation contains merge paths. Merge paths are only supported on KitKat+ and must be manually enabled by calling enableMergePathsForKitKatAndAbove().
08-06 15:14:36.749 18417 18498 W LOTTIE  : Animation contains merge paths. Merge paths are only supported on KitKat+ and must be manually enabled by calling enableMergePathsForKitKatAndAbove().
08-06 15:14:36.751 18417 18417 W LOTTIE  : Animation contains merge paths but they are disabled.
08-06 15:14:36.764 18417 18430 I art     : Explicit concurrent mark sweep GC freed 10952(631KB) AllocSpace objects, 1(188KB) LOS objects, 7% free, 187MB/203MB, paused 1.311ms total 47.732ms
08-06 15:14:36.782 18417 18430 I art     : Starting a blocking GC Explicit
08-06 15:14:36.818 14704 14704 I ServiceManager: Waiting for service AtCmdFwd...
08-06 15:14:36.828 18417 18430 I art     : Explicit concurrent mark sweep GC freed 2071(82KB) AllocSpace objects, 0(0B) LOS objects, 7% free, 187MB/203MB, paused 1.194ms total 46.139ms
08-06 15:14:36.846 18417 18430 I art     : Starting a blocking GC Explicit
08-06 15:14:36.889 18417 18430 I art     : Explicit concurrent mark sweep GC freed 318(5KB) AllocSpace objects, 0(0B) LOS objects, 7% free, 187MB/203MB, paused 1.218ms total 42.942ms
08-06 15:14:36.906 18417 18430 I art     : Starting a blocking GC Explicit
08-06 15:14:36.949 18417 18430 I art     : Explicit concurrent mark sweep GC freed 230(4KB) AllocSpace objects, 0(0B) LOS objects, 7% free, 187MB/203MB, paused 1.180ms total 42.547ms
08-06 15:14:37.294   518   646 I ThermalEngine: ACTION: GPU - Setting GPU[0] to 390000000
08-06 15:14:37.360 18417 19840 I art     : Starting a blocking GC Explicit
08-06 15:14:37.416 18417 19840 I art     : Explicit concurrent mark sweep GC freed 3768(133KB) AllocSpace objects, 2(36KB) LOS objects, 7% free, 187MB/203MB, paused 1.758ms total 55.113ms
08-06 15:14:37.438 18417 19840 I art     : Starting a blocking GC Explicit
08-06 15:14:37.496 18417 19840 I art     : Explicit concurrent mark sweep GC freed 532(16KB) AllocSpace objects, 0(0B) LOS objects, 7% free, 187MB/203MB, paused 5.976ms total 57.684ms
08-06 15:14:37.518 18417 19840 I art     : Starting a blocking GC Explicit
08-06 15:14:37.575 18417 19840 I art     : Explicit concurrent mark sweep GC freed 363(5KB) AllocSpace objects, 0(0B) LOS objects, 7% free, 187MB/203MB, paused 1.803ms total 55.836ms
08-06 15:14:37.596 18417 19840 I art     : Starting a blocking GC Explicit
08-06 15:14:37.649 18417 19840 I art     : Explicit concurrent mark sweep GC freed 292(4KB) AllocSpace objects, 0(0B) LOS objects, 7% free, 187MB/203MB, paused 1.773ms total 52.433ms
08-06 15:14:37.670 18417 19840 I art     : Starting a blocking GC Explicit
08-06 15:14:37.724 18417 19840 I art     : Explicit concurrent mark sweep GC freed 360(5KB) AllocSpace objects, 0(0B) LOS objects, 7% free, 187MB/203MB, paused 1.680ms total 52.899ms
08-06 15:14:37.818 14704 14704 W Atfwd_Sendcmd: AtCmdFwd service not published, waiting... retryCnt : 1
08-06 15:14:38.165 18417 19840 I art     : Starting a blocking GC Explicit
08-06 15:14:38.222 18417 19840 I art     : Explicit concurrent mark sweep GC freed 3697(127KB) AllocSpace objects, 2(36KB) LOS objects, 7% free, 187MB/203MB, paused 1.741ms total 56.342ms
08-06 15:14:38.245 18417 19840 I art     : Starting a blocking GC Explicit
08-06 15:14:38.298 18417 19840 I art     : Explicit concurrent mark sweep GC freed 363(6KB) AllocSpace objects, 0(0B) LOS objects, 7% free, 187MB/203MB, paused 1.713ms total 53.473ms
08-06 15:14:38.320 18417 19840 I art     : Starting a blocking GC Explicit
08-06 15:14:38.374 18417 19840 I art     : Explicit concurrent mark sweep GC freed 349(5KB) AllocSpace objects, 0(0B) LOS objects, 7% free, 187MB/203MB, paused 1.766ms total 53.383ms
08-06 15:14:38.396 18417 19840 I art     : Starting a blocking GC Explicit
08-06 15:14:38.450 18417 19840 I art     : Explicit concurrent mark sweep GC freed 287(4KB) AllocSpace objects, 0(0B) LOS objects, 7% free, 187MB/203MB, paused 2.355ms total 53.197ms
08-06 15:14:38.472 18417 19840 I art     : Starting a blocking GC Explicit
08-06 15:14:38.526 18417 19840 I art     : Explicit concurrent mark sweep GC freed 353(5KB) AllocSpace objects, 0(0B) LOS objects, 7% free, 187MB/203MB, paused 1.786ms total 53.918ms
08-06 15:14:38.948 18417 19840 I art     : Starting a blocking GC Explicit
08-06 15:14:39.004 18417 19840 I art     : Explicit concurrent mark sweep GC freed 3619(126KB) AllocSpace objects, 2(36KB) LOS objects, 7% free, 187MB/203MB, paused 2.052ms total 55.466ms
08-06 15:14:39.027 18417 19840 I art     : Starting a blocking GC Explicit
08-06 15:14:39.081 18417 19840 I art     : Explicit concurrent mark sweep GC freed 371(6KB) AllocSpace objects, 0(0B) LOS objects, 7% free, 187MB/203MB, paused 1.640ms total 54.293ms
08-06 15:14:39.103 18417 19840 I art     : Starting a blocking GC Explicit
08-06 15:14:39.159 18417 19840 I art     : Explicit concurrent mark sweep GC freed 353(5KB) AllocSpace objects, 0(0B) LOS objects, 7% free, 187MB/203MB, paused 1.955ms total 55.413ms
08-06 15:14:39.182 18417 19840 I art     : Starting a blocking GC Explicit
08-06 15:14:39.237 18417 19840 I art     : Explicit concurrent mark sweep GC freed 291(4KB) AllocSpace objects, 0(0B) LOS objects, 7% free, 187MB/203MB, paused 1.791ms total 54.767ms
08-06 15:14:39.260 18417 19840 I art     : Starting a blocking GC Explicit
08-06 15:14:39.314 18417 19840 I art     : Explicit concurrent mark sweep GC freed 345(5KB) AllocSpace objects, 0(0B) LOS objects, 7% free, 187MB/203MB, paused 1.680ms total 54.274ms
08-06 15:14:39.736 18417 18697 I art     : Starting a blocking GC Explicit
08-06 15:14:39.792 18417 18697 I art     : Explicit concurrent mark sweep GC freed 3649(126KB) AllocSpace objects, 2(36KB) LOS objects, 7% free, 187MB/203MB, paused 1.711ms total 55.525ms
08-06 15:14:39.814 18417 18697 I art     : Starting a blocking GC Explicit
08-06 15:14:39.870 18417 18697 I art     : Explicit concurrent mark sweep GC freed 321(5KB) AllocSpace objects, 0(0B) LOS objects, 7% free, 187MB/203MB, paused 1.913ms total 55.409ms
08-06 15:14:39.892 18417 18697 I art     : Starting a blocking GC Explicit
08-06 15:14:39.945 18417 18697 I art     : Explicit concurrent mark sweep GC freed 387(6KB) AllocSpace objects, 0(0B) LOS objects, 7% free, 187MB/203MB, paused 1.694ms total 52.421ms
08-06 15:14:39.967 18417 18697 I art     : Starting a blocking GC Explicit
08-06 15:14:40.020 18417 18697 I art     : Explicit concurrent mark sweep GC freed 310(5KB) AllocSpace objects, 0(0B) LOS objects, 7% free, 187MB/203MB, paused 1.924ms total 53.402ms
08-06 15:14:40.042 18417 18697 I art     : Starting a blocking GC Explicit
08-06 15:14:40.095 18417 18697 I art     : Explicit concurrent mark sweep GC freed 370(6KB) AllocSpace objects, 0(0B) LOS objects, 7% free, 187MB/203MB, paused 1.913ms total 52.370ms
08-06 15:14:40.529 18417 19840 I art     : Starting a blocking GC Explicit
08-06 15:14:40.586 18417 19840 I art     : Explicit concurrent mark sweep GC freed 3710(128KB) AllocSpace objects, 2(36KB) LOS objects, 7% free, 187MB/203MB, paused 1.682ms total 56.327ms
08-06 15:14:40.607 18417 19840 I art     : Starting a blocking GC Explicit
08-06 15:14:40.629 20455 20455 D AndroidRuntime: >>>>>> START com.android.internal.os.RuntimeInit uid 2000 <<<<<<
08-06 15:14:40.634 20455 20455 D AndroidRuntime: CheckJNI is OFF
08-06 15:14:40.660 18417 19840 I art     : Explicit concurrent mark sweep GC freed 509(16KB) AllocSpace objects, 0(0B) LOS objects, 7% free, 187MB/203MB, paused 1.778ms total 52.610ms
08-06 15:14:40.682 18417 19840 I art     : Starting a blocking GC Explicit
08-06 15:14:40.689 20455 20455 D ICU     : No timezone override file found: /data/misc/zoneinfo/current/icu/icu_tzdata.dat
08-06 15:14:40.736 18417 19840 I art     : Explicit concurrent mark sweep GC freed 313(5KB) AllocSpace objects, 0(0B) LOS objects, 7% free, 187MB/203MB, paused 1.722ms total 53.084ms
08-06 15:14:40.739 20455 20455 I Radio-JNI: register_android_hardware_Radio DONE
08-06 15:14:40.757 18417 19840 I art     : Starting a blocking GC Explicit
08-06 15:14:40.771 20455 20455 D AndroidRuntime: Calling main entry com.android.commands.input.Input
08-06 15:14:40.773 20455 20455 I Input   : injectKeyEvent: KeyEvent { action=ACTION_DOWN, keyCode=KEYCODE_BACK, scanCode=0, metaState=0, flags=0x0, repeatCount=0, eventTime=890097186, downTime=890097186, deviceId=-1, source=0x101 }
08-06 15:14:40.798 20455 20455 I Input   : injectKeyEvent: KeyEvent { action=ACTION_UP, keyCode=KEYCODE_BACK, scanCode=0, metaState=0, flags=0x0, repeatCount=0, eventTime=890097186, downTime=890097186, deviceId=-1, source=0x101 }
08-06 15:14:40.805 20455 20455 D AndroidRuntime: Shutting down VM
08-06 15:14:40.818 18417 19840 I art     : Explicit concurrent mark sweep GC freed 357(5KB) AllocSpace objects, 0(0B) LOS objects, 7% free, 187MB/203MB, paused 1.881ms total 60.631ms
08-06 15:14:40.829 18417 18417 V MainActivity: url = https://project-travel-mate.herokuapp.com/api/number-of-unread-notifications
08-06 15:14:40.840 18417 19840 I art     : Starting a blocking GC Explicit
08-06 15:14:40.898 13866 13866 I GoogleInputMethodServic: GoogleInputMethodService.onFinishInput():3138 
08-06 15:14:40.899 13866 13866 I GoogleInputMethodServic: GoogleInputMethodService.onStartInput():1808 
08-06 15:14:40.900 18417 19840 I art     : Explicit concurrent mark sweep GC freed 509(16KB) AllocSpace objects, 0(0B) LOS objects, 7% free, 187MB/203MB, paused 1.832ms total 58.072ms
08-06 15:14:41.151   380   380 W SurfaceFlinger: couldn't log to binary event log: overflow.
08-06 15:14:41.353 18417 18478 I art     : Starting a blocking GC Explicit
08-06 15:14:41.430 18417 18478 I art     : Explicit concurrent mark sweep GC freed 2013(108KB) AllocSpace objects, 3(4MB) LOS objects, 8% free, 183MB/199MB, paused 2.308ms total 76.324ms
08-06 15:14:41.460 18417 18478 I art     : Starting a blocking GC Explicit
08-06 15:14:41.516 18417 18478 I art     : Explicit concurrent mark sweep GC freed 3786(179KB) AllocSpace objects, 2(56KB) LOS objects, 8% free, 183MB/199MB, paused 1.725ms total 56.005ms
08-06 15:14:41.538 18417 18478 I art     : Starting a blocking GC Explicit
08-06 15:14:41.582 18417 20479 I NAPPA_EXPERIMENTATION: MetricNetworkRequestExecutionTime: REQUEST_DURATION_SYSTEM='752',REQUEST_DURATION_OKHTTP='32',REQUEST_SYNCHRONOUS='FALSE',RESPONSE_CODE='200',RESPONSE_METHOD='GET',RESPONSE_LENGTH_OKHTTP='36',RESPONSE_LENGTH_HEADER='36',REQUEST_PROTOCOL='http/1.1',REQUEST_URL='https://project-travel-mate.herokuapp.com/api/number-of-unread-notifications',
08-06 15:14:41.601 18417 18478 I art     : Explicit concurrent mark sweep GC freed 2547(138KB) AllocSpace objects, 3(200KB) LOS objects, 8% free, 183MB/199MB, paused 2.354ms total 62.162ms
08-06 15:14:41.625 18417 18478 I art     : Starting a blocking GC Explicit
08-06 15:14:41.689 18417 18478 I art     : Explicit concurrent mark sweep GC freed 1197(125KB) AllocSpace objects, 0(0B) LOS objects, 8% free, 183MB/199MB, paused 2.189ms total 63.110ms
08-06 15:14:41.714 18417 18478 I art     : Starting a blocking GC Explicit
08-06 15:14:41.779 18417 18478 I art     : Explicit concurrent mark sweep GC freed 9(320B) AllocSpace objects, 0(0B) LOS objects, 8% free, 183MB/199MB, paused 2.044ms total 64.156ms
08-06 15:14:41.896   918  1209 D NetworkMonitor/NetworkAgentInfo [WIFI () - 159]: Checking http://connectivitycheck.gstatic.com/generate_204 on "H369AA63323", 192.168.2.12=192.168.2.12
08-06 15:14:41.952   918  1209 D NetworkMonitor/NetworkAgentInfo [WIFI () - 159]: Probably not a portal: exception java.io.IOException: unexpected end of stream on Connection{connectivitycheck.gstatic.com:80, proxy=HTTP@/192.168.2.12:8080 hostAddress=192.168.2.12 cipherSuite=none protocol=http/1.1} (recycle count=0)
08-06 15:14:41.954   918  3263 D ConnectivityService: NetworkAgentInfo [WIFI () - 159] validation failed
08-06 15:14:41.955   918  3261 E WifiConfigStore:  rewrite network history for "H369AA63323"WPA_PSK
08-06 15:14:42.222 18417 18430 I art     : Starting a blocking GC Explicit
08-06 15:14:42.289 18417 18430 I art     : Explicit concurrent mark sweep GC freed 1650(95KB) AllocSpace objects, 2(36KB) LOS objects, 8% free, 183MB/199MB, paused 1.934ms total 66.229ms
08-06 15:14:42.314 18417 18430 I art     : Starting a blocking GC Explicit
08-06 15:14:42.375 18417 18430 I art     : Explicit concurrent mark sweep GC freed 30(1104B) AllocSpace objects, 0(0B) LOS objects, 8% free, 183MB/199MB, paused 1.966ms total 60.986ms
08-06 15:14:42.399 18417 18430 I art     : Starting a blocking GC Explicit
08-06 15:14:42.460 18417 18430 I art     : Explicit concurrent mark sweep GC freed 3(96B) AllocSpace objects, 0(0B) LOS objects, 8% free, 183MB/199MB, paused 1.917ms total 60.710ms
08-06 15:14:42.485 18417 18430 I art     : Starting a blocking GC Explicit
08-06 15:14:42.547 18417 18430 I art     : Explicit concurrent mark sweep GC freed 3(96B) AllocSpace objects, 0(0B) LOS objects, 8% free, 183MB/199MB, paused 1.876ms total 61.885ms
08-06 15:14:42.571 18417 18430 I art     : Starting a blocking GC Explicit
08-06 15:14:42.632 18417 18430 I art     : Explicit concurrent mark sweep GC freed 3(96B) AllocSpace objects, 0(0B) LOS objects, 8% free, 183MB/199MB, paused 1.879ms total 60.861ms
08-06 15:14:42.687 20502 20502 D AndroidRuntime: >>>>>> START com.android.internal.os.RuntimeInit uid 2000 <<<<<<
08-06 15:14:42.694 20502 20502 D AndroidRuntime: CheckJNI is OFF
08-06 15:14:42.747 20502 20502 D ICU     : No timezone override file found: /data/misc/zoneinfo/current/icu/icu_tzdata.dat
08-06 15:14:42.799 20502 20502 I Radio-JNI: register_android_hardware_Radio DONE
08-06 15:14:42.818 14704 14704 I ServiceManager: Waiting for service AtCmdFwd...
08-06 15:14:42.833 20502 20502 D AndroidRuntime: Calling main entry com.android.commands.input.Input
08-06 15:14:42.835 20502 20502 I Input   : injectMotionEvent: MotionEvent { action=ACTION_DOWN, actionButton=0, id[0]=0, x[0]=117.0, y[0]=170.0, toolType[0]=TOOL_TYPE_UNKNOWN, buttonState=0, metaState=0, flags=0x0, edgeFlags=0x0, pointerCount=1, historySize=0, eventTime=890099247, downTime=890099247, deviceId=0, source=0x1002 }
08-06 15:14:42.841 20502 20502 I Input   : injectMotionEvent: MotionEvent { action=ACTION_UP, actionButton=0, id[0]=0, x[0]=117.0, y[0]=170.0, toolType[0]=TOOL_TYPE_UNKNOWN, buttonState=0, metaState=0, flags=0x0, edgeFlags=0x0, pointerCount=1, historySize=0, eventTime=890099247, downTime=890099247, deviceId=0, source=0x1002 }
08-06 15:14:42.843 20502 20502 D AndroidRuntime: Shutting down VM
08-06 15:14:42.858   512  2967 D audio_hw_primary: out_set_parameters: enter: usecase(1: low-latency-playback) kvpairs: routing=2
08-06 15:14:42.872   512  2967 D audio_hw_primary: select_devices: out_snd_device(2: speaker) in_snd_device(0: none)
08-06 15:14:42.872   512  2967 D msm8974_platform: platform_send_audio_calibration: sending audio calibration for snd_device(2) acdb_id(15)
08-06 15:14:42.872   512  2967 I soundtrigger: audio_extn_sound_trigger_update_device_status: device 0x2 of type 0 for Event 1
08-06 15:14:42.883   512  2967 D audio_hw_primary: enable_snd_device: snd_device(2: speaker)
08-06 15:14:42.885   512  2967 D audio_hw_primary: enable_audio_route: apply and update mixer path: low-latency-playback speaker
08-06 15:14:43.092 18417 18697 I art     : Starting a blocking GC Explicit
08-06 15:14:43.152   918  3261 D WifiStateMachine: starting scan for "H369AA63323"WPA_PSK with 2412,5180
08-06 15:14:43.152 18417 18697 I art     : Explicit concurrent mark sweep GC freed 2118(118KB) AllocSpace objects, 2(36KB) LOS objects, 8% free, 183MB/199MB, paused 1.859ms total 59.177ms
08-06 15:14:43.175 18417 18697 I art     : Starting a blocking GC Explicit
08-06 15:14:43.230 18417 18697 I art     : Explicit concurrent mark sweep GC freed 74(3KB) AllocSpace objects, 0(0B) LOS objects, 8% free, 183MB/199MB, paused 1.706ms total 54.710ms
08-06 15:14:43.253 18417 18697 I art     : Starting a blocking GC Explicit
08-06 15:14:43.315 18417 18697 I art     : Explicit concurrent mark sweep GC freed 14(480B) AllocSpace objects, 0(0B) LOS objects, 8% free, 183MB/199MB, paused 1.890ms total 61.746ms
08-06 15:14:43.342 18417 18697 I art     : Starting a blocking GC Explicit
08-06 15:14:43.400 18417 18697 I art     : Explicit concurrent mark sweep GC freed 31(1488B) AllocSpace objects, 0(0B) LOS objects, 8% free, 183MB/199MB, paused 1.835ms total 58.153ms
08-06 15:14:43.423 18417 18697 I art     : Starting a blocking GC Explicit
08-06 15:14:43.429   512  2967 D audio_hw_primary: disable_audio_route: reset and update mixer path: low-latency-playback speaker
08-06 15:14:43.431   512  2967 D audio_hw_primary: disable_snd_device: snd_device(2: speaker)
08-06 15:14:43.441   512  2967 I soundtrigger: audio_extn_sound_trigger_update_device_status: device 0x2 of type 0 for Event 0
08-06 15:14:43.482 18417 18697 I art     : Explicit concurrent mark sweep GC freed 25(784B) AllocSpace objects, 0(0B) LOS objects, 8% free, 183MB/199MB, paused 1.827ms total 58.039ms
08-06 15:14:43.750 20526 20526 D AndroidRuntime: >>>>>> START com.android.internal.os.RuntimeInit uid 2000 <<<<<<
08-06 15:14:43.756 20526 20526 D AndroidRuntime: CheckJNI is OFF
08-06 15:14:43.818 20526 20526 D ICU     : No timezone override file found: /data/misc/zoneinfo/current/icu/icu_tzdata.dat
08-06 15:14:43.819 14704 14704 I ServiceManager: Waiting for service AtCmdFwd...
08-06 15:14:43.863 20526 20526 I Radio-JNI: register_android_hardware_Radio DONE
08-06 15:14:43.896 20526 20526 D AndroidRuntime: Calling main entry com.android.commands.input.Input
08-06 15:14:43.899 20526 20526 I Input   : injectMotionEvent: MotionEvent { action=ACTION_DOWN, actionButton=0, id[0]=0, x[0]=418.0, y[0]=842.0, toolType[0]=TOOL_TYPE_UNKNOWN, buttonState=0, metaState=0, flags=0x0, edgeFlags=0x0, pointerCount=1, historySize=0, eventTime=890100311, downTime=890100311, deviceId=0, source=0x1002 }
08-06 15:14:43.904 20526 20526 I Input   : injectMotionEvent: MotionEvent { action=ACTION_UP, actionButton=0, id[0]=0, x[0]=418.0, y[0]=842.0, toolType[0]=TOOL_TYPE_UNKNOWN, buttonState=0, metaState=0, flags=0x0, edgeFlags=0x0, pointerCount=1, historySize=0, eventTime=890100311, downTime=890100311, deviceId=0, source=0x1002 }
08-06 15:14:43.907 20526 20526 D AndroidRuntime: Shutting down VM
08-06 15:14:43.926 18417 19840 I art     : Starting a blocking GC Explicit
08-06 15:14:43.930   512  2967 D audio_hw_primary: out_set_parameters: enter: usecase(1: low-latency-playback) kvpairs: routing=2
08-06 15:14:43.933 18417 18498 D Gabe    : call	returning from cache
08-06 15:14:43.943   512  2967 D audio_hw_primary: select_devices: out_snd_device(2: speaker) in_snd_device(0: none)
08-06 15:14:43.943   512  2967 D msm8974_platform: platform_send_audio_calibration: sending audio calibration for snd_device(2) acdb_id(15)
08-06 15:14:43.943   512  2967 I soundtrigger: audio_extn_sound_trigger_update_device_status: device 0x2 of type 0 for Event 1
08-06 15:14:43.954   512  2967 D audio_hw_primary: enable_snd_device: snd_device(2: speaker)
08-06 15:14:43.957   512  2967 D audio_hw_primary: enable_audio_route: apply and update mixer path: low-latency-playback speaker
08-06 15:14:43.965 18417 18417 V MainActivity: url = https://project-travel-mate.herokuapp.com/api/number-of-unread-notifications
08-06 15:14:43.999 18417 19840 I art     : Explicit concurrent mark sweep GC freed 2686(151KB) AllocSpace objects, 2(36KB) LOS objects, 8% free, 183MB/199MB, paused 2.628ms total 72.121ms
08-06 15:14:44.008   512  2967 D AudioFlinger: mixer(0xf4740000) throttle end: throttle time(12)
08-06 15:14:44.024 18417 19840 I art     : Starting a blocking GC Explicit
08-06 15:14:44.089 18417 19840 I art     : Explicit concurrent mark sweep GC freed 434(29KB) AllocSpace objects, 0(0B) LOS objects, 8% free, 183MB/199MB, paused 2.723ms total 64.914ms
08-06 15:14:44.116 18417 19840 I art     : Starting a blocking GC Explicit
08-06 15:14:44.181 18417 19840 I art     : Explicit concurrent mark sweep GC freed 590(37KB) AllocSpace objects, 0(0B) LOS objects, 8% free, 183MB/199MB, paused 2.944ms total 65.163ms
08-06 15:14:44.206 18417 19840 I art     : Starting a blocking GC Explicit
08-06 15:14:44.276 18417 19840 I art     : Explicit concurrent mark sweep GC freed 435(25KB) AllocSpace objects, 0(0B) LOS objects, 8% free, 183MB/199MB, paused 2.430ms total 68.718ms
08-06 15:14:44.300 18417 19840 I art     : Starting a blocking GC Explicit
08-06 15:14:44.371 18417 19840 I art     : Explicit concurrent mark sweep GC freed 225(18KB) AllocSpace objects, 0(0B) LOS objects, 8% free, 183MB/199MB, paused 2.593ms total 70.354ms
08-06 15:14:44.509   512  2967 D audio_hw_primary: disable_audio_route: reset and update mixer path: low-latency-playback speaker
08-06 15:14:44.510   512  2967 D audio_hw_primary: disable_snd_device: snd_device(2: speaker)
08-06 15:14:44.519   512  2967 I soundtrigger: audio_extn_sound_trigger_update_device_status: device 0x2 of type 0 for Event 0
08-06 15:14:44.664 18417 18417 I Choreographer: Skipped 41 frames!  The application may be doing too much work on its main thread.
08-06 15:14:44.818 18417 18478 I art     : Starting a blocking GC Explicit
08-06 15:14:44.820 14704 14704 I ServiceManager: Waiting for service AtCmdFwd...
08-06 15:14:44.860 18417 20556 I NAPPA_EXPERIMENTATION: MetricNetworkRequestExecutionTime: REQUEST_DURATION_SYSTEM='893',REQUEST_DURATION_OKHTTP='33',REQUEST_SYNCHRONOUS='FALSE',RESPONSE_CODE='200',RESPONSE_METHOD='GET',RESPONSE_LENGTH_OKHTTP='36',RESPONSE_LENGTH_HEADER='36',REQUEST_PROTOCOL='http/1.1',REQUEST_URL='https://project-travel-mate.herokuapp.com/api/number-of-unread-notifications',
08-06 15:14:44.893 18417 18478 I art     : Explicit concurrent mark sweep GC freed 7359(389KB) AllocSpace objects, 14(496KB) LOS objects, 7% free, 184MB/200MB, paused 2.469ms total 75.120ms
08-06 15:14:44.921 18417 18478 I art     : Starting a blocking GC Explicit
08-06 15:14:44.983 18417 18478 I art     : Explicit concurrent mark sweep GC freed 2967(202KB) AllocSpace objects, 0(0B) LOS objects, 7% free, 184MB/200MB, paused 1.676ms total 61.319ms
08-06 15:14:45.006 18417 18478 I art     : Starting a blocking GC Explicit
08-06 15:14:45.074 18417 18478 I art     : Explicit concurrent mark sweep GC freed 128(2288B) AllocSpace objects, 0(0B) LOS objects, 7% free, 184MB/200MB, paused 1.937ms total 68.159ms
08-06 15:14:45.100 18417 18478 I art     : Starting a blocking GC Explicit
08-06 15:14:45.171 18417 18478 I art     : Explicit concurrent mark sweep GC freed 160(3KB) AllocSpace objects, 0(0B) LOS objects, 7% free, 184MB/200MB, paused 2.104ms total 69.946ms
08-06 15:14:45.196 18417 18478 I art     : Starting a blocking GC Explicit
08-06 15:14:45.267 18417 18478 I art     : Explicit concurrent mark sweep GC freed 147(2496B) AllocSpace objects, 0(0B) LOS objects, 7% free, 184MB/200MB, paused 2.055ms total 70.546ms
08-06 15:14:45.739 18417 18478 I art     : Starting a blocking GC Explicit
08-06 15:14:45.811 18417 18478 I art     : Explicit concurrent mark sweep GC freed 2454(109KB) AllocSpace objects, 2(52KB) LOS objects, 7% free, 184MB/200MB, paused 2.016ms total 70.983ms
08-06 15:14:45.820 14704 14704 I ServiceManager: Waiting for service AtCmdFwd...
08-06 15:14:45.837 18417 18478 I art     : Starting a blocking GC Explicit
08-06 15:14:45.903 18417 18478 I art     : Explicit concurrent mark sweep GC freed 201(4KB) AllocSpace objects, 0(0B) LOS objects, 7% free, 184MB/200MB, paused 1.778ms total 65.144ms
08-06 15:14:45.928 18417 18478 I art     : Starting a blocking GC Explicit
08-06 15:14:45.998 18417 18478 I art     : Explicit concurrent mark sweep GC freed 168(3KB) AllocSpace objects, 0(0B) LOS objects, 7% free, 184MB/200MB, paused 1.861ms total 69.461ms
08-06 15:14:46.024 18417 18478 I art     : Starting a blocking GC Explicit
08-06 15:14:46.094 18417 18478 I art     : Explicit concurrent mark sweep GC freed 157(3KB) AllocSpace objects, 0(0B) LOS objects, 7% free, 184MB/200MB, paused 2.086ms total 69.892ms
08-06 15:14:46.120 18417 18478 I art     : Starting a blocking GC Explicit
08-06 15:14:46.188 18417 18478 I art     : Explicit concurrent mark sweep GC freed 140(2400B) AllocSpace objects, 0(0B) LOS objects, 7% free, 184MB/200MB, paused 2.019ms total 68.114ms
08-06 15:14:46.627 18417 18697 I art     : Starting a blocking GC Explicit
08-06 15:14:46.695 18417 18697 I art     : Explicit concurrent mark sweep GC freed 2381(108KB) AllocSpace objects, 2(52KB) LOS objects, 7% free, 184MB/200MB, paused 2.011ms total 67.377ms
08-06 15:14:46.720 18417 18697 I art     : Starting a blocking GC Explicit
08-06 15:14:46.786 18417 18697 I art     : Explicit concurrent mark sweep GC freed 174(3KB) AllocSpace objects, 0(0B) LOS objects, 7% free, 184MB/200MB, paused 1.905ms total 65.650ms
08-06 15:14:46.791 20578 20578 D AndroidRuntime: >>>>>> START com.android.internal.os.RuntimeInit uid 2000 <<<<<<
08-06 15:14:46.798 20578 20578 D AndroidRuntime: CheckJNI is OFF
08-06 15:14:46.812 18417 18697 I art     : Starting a blocking GC Explicit
08-06 15:14:46.821 14704 14704 I ServiceManager: Waiting for service AtCmdFwd...
08-06 15:14:46.850 20578 20578 D ICU     : No timezone override file found: /data/misc/zoneinfo/current/icu/icu_tzdata.dat
08-06 15:14:46.877 18417 18697 I art     : Explicit concurrent mark sweep GC freed 153(2896B) AllocSpace objects, 0(0B) LOS objects, 7% free, 184MB/200MB, paused 1.986ms total 64.328ms
08-06 15:14:46.895 20578 20578 I Radio-JNI: register_android_hardware_Radio DONE
08-06 15:14:46.902 18417 18697 I art     : Starting a blocking GC Explicit
08-06 15:14:46.927 20578 20578 D AndroidRuntime: Calling main entry com.android.commands.input.Input
08-06 15:14:46.929 20578 20578 I Input   : injectMotionEvent: MotionEvent { action=ACTION_DOWN, actionButton=0, id[0]=0, x[0]=117.0, y[0]=170.0, toolType[0]=TOOL_TYPE_UNKNOWN, buttonState=0, metaState=0, flags=0x0, edgeFlags=0x0, pointerCount=1, historySize=0, eventTime=890103342, downTime=890103342, deviceId=0, source=0x1002 }
08-06 15:14:46.934 20578 20578 I Input   : injectMotionEvent: MotionEvent { action=ACTION_UP, actionButton=0, id[0]=0, x[0]=117.0, y[0]=170.0, toolType[0]=TOOL_TYPE_UNKNOWN, buttonState=0, metaState=0, flags=0x0, edgeFlags=0x0, pointerCount=1, historySize=0, eventTime=890103342, downTime=890103342, deviceId=0, source=0x1002 }
08-06 15:14:46.937 20578 20578 D AndroidRuntime: Shutting down VM
08-06 15:14:46.945   512  2967 D audio_hw_primary: out_set_parameters: enter: usecase(1: low-latency-playback) kvpairs: routing=2
08-06 15:14:46.959   512  2967 D audio_hw_primary: select_devices: out_snd_device(2: speaker) in_snd_device(0: none)
08-06 15:14:46.959   512  2967 D msm8974_platform: platform_send_audio_calibration: sending audio calibration for snd_device(2) acdb_id(15)
08-06 15:14:46.959   512  2967 I soundtrigger: audio_extn_sound_trigger_update_device_status: device 0x2 of type 0 for Event 1
08-06 15:14:46.970   512  2967 D audio_hw_primary: enable_snd_device: snd_device(2: speaker)
08-06 15:14:46.972 18417 18697 I art     : Explicit concurrent mark sweep GC freed 178(3KB) AllocSpace objects, 0(0B) LOS objects, 7% free, 184MB/200MB, paused 2.296ms total 68.158ms
08-06 15:14:46.973   512  2967 D audio_hw_primary: enable_audio_route: apply and update mixer path: low-latency-playback speaker
08-06 15:14:46.995 18417 18697 I art     : Starting a blocking GC Explicit
08-06 15:14:47.059 18417 18697 I art     : Explicit concurrent mark sweep GC freed 541(23KB) AllocSpace objects, 0(0B) LOS objects, 7% free, 184MB/200MB, paused 1.824ms total 64.293ms
08-06 15:14:47.309   518   646 I ThermalEngine: ACTION: GPU - Setting GPU[0] to 450000000
08-06 15:14:47.480 18417 18429 I art     : Starting a blocking GC Explicit
08-06 15:14:47.510   512  2967 D audio_hw_primary: disable_audio_route: reset and update mixer path: low-latency-playback speaker
08-06 15:14:47.512   512  2967 D audio_hw_primary: disable_snd_device: snd_device(2: speaker)
08-06 15:14:47.521   512  2967 I soundtrigger: audio_extn_sound_trigger_update_device_status: device 0x2 of type 0 for Event 0
08-06 15:14:47.534 18417 18429 I art     : Explicit concurrent mark sweep GC freed 2346(106KB) AllocSpace objects, 2(52KB) LOS objects, 7% free, 184MB/200MB, paused 1.201ms total 53.791ms
08-06 15:14:47.552 18417 18429 I art     : Starting a blocking GC Explicit
08-06 15:14:47.603 18417 18429 I art     : Explicit concurrent mark sweep GC freed 144(3KB) AllocSpace objects, 0(0B) LOS objects, 7% free, 184MB/200MB, paused 1.196ms total 50.262ms
08-06 15:14:47.622 18417 18429 I art     : Starting a blocking GC Explicit
08-06 15:14:47.675 18417 18429 I art     : Explicit concurrent mark sweep GC freed 99(1696B) AllocSpace objects, 0(0B) LOS objects, 7% free, 184MB/200MB, paused 1.218ms total 52.666ms
08-06 15:14:47.693 18417 18429 I art     : Starting a blocking GC Explicit
08-06 15:14:47.732 20603 20603 D AndroidRuntime: >>>>>> START com.android.internal.os.RuntimeInit uid 2000 <<<<<<
08-06 15:14:47.737 20603 20603 D AndroidRuntime: CheckJNI is OFF
08-06 15:14:47.747 18417 18429 I art     : Explicit concurrent mark sweep GC freed 125(2160B) AllocSpace objects, 0(0B) LOS objects, 7% free, 184MB/200MB, paused 1.280ms total 53.355ms
08-06 15:14:47.766 18417 18429 I art     : Starting a blocking GC Explicit
08-06 15:14:47.783 20603 20603 D ICU     : No timezone override file found: /data/misc/zoneinfo/current/icu/icu_tzdata.dat
08-06 15:14:47.819 18417 18429 I art     : Explicit concurrent mark sweep GC freed 100(1728B) AllocSpace objects, 0(0B) LOS objects, 7% free, 184MB/200MB, paused 1.223ms total 52.517ms
08-06 15:14:47.821 14704 14704 W Atfwd_Sendcmd: AtCmdFwd service not published, waiting... retryCnt : 2
08-06 15:14:47.825 20603 20603 I Radio-JNI: register_android_hardware_Radio DONE
08-06 15:14:47.854 20603 20603 D AndroidRuntime: Calling main entry com.android.commands.input.Input
08-06 15:14:47.856 20603 20603 I Input   : injectMotionEvent: MotionEvent { action=ACTION_DOWN, actionButton=0, id[0]=0, x[0]=355.0, y[0]=1674.0, toolType[0]=TOOL_TYPE_UNKNOWN, buttonState=0, metaState=0, flags=0x0, edgeFlags=0x0, pointerCount=1, historySize=0, eventTime=890104269, downTime=890104269, deviceId=0, source=0x1002 }
08-06 15:14:47.860 20603 20603 I Input   : injectMotionEvent: MotionEvent { action=ACTION_UP, actionButton=0, id[0]=0, x[0]=355.0, y[0]=1674.0, toolType[0]=TOOL_TYPE_UNKNOWN, buttonState=0, metaState=0, flags=0x0, edgeFlags=0x0, pointerCount=1, historySize=0, eventTime=890104269, downTime=890104269, deviceId=0, source=0x1002 }
08-06 15:14:47.863 20603 20603 D AndroidRuntime: Shutting down VM
08-06 15:14:47.883   512  2967 D audio_hw_primary: out_set_parameters: enter: usecase(1: low-latency-playback) kvpairs: routing=2
08-06 15:14:47.892 18417 18417 V MainActivity: url = https://project-travel-mate.herokuapp.com/api/number-of-unread-notifications
08-06 15:14:47.896   512  2967 D audio_hw_primary: select_devices: out_snd_device(2: speaker) in_snd_device(0: none)
08-06 15:14:47.896   512  2967 D msm8974_platform: platform_send_audio_calibration: sending audio calibration for snd_device(2) acdb_id(15)
08-06 15:14:47.896   512  2967 I soundtrigger: audio_extn_sound_trigger_update_device_status: device 0x2 of type 0 for Event 1
08-06 15:14:47.905   512  2967 D audio_hw_primary: enable_snd_device: snd_device(2: speaker)
08-06 15:14:47.908   512  2967 D audio_hw_primary: enable_audio_route: apply and update mixer path: low-latency-playback speaker
08-06 15:14:47.950   512  2967 D AudioFlinger: mixer(0xf4740000) throttle end: throttle time(12)
08-06 15:14:48.193 18417 18429 I art     : Starting a blocking GC Explicit
08-06 15:14:48.247 18417 18429 I art     : Explicit concurrent mark sweep GC freed 3993(181KB) AllocSpace objects, 11(304KB) LOS objects, 7% free, 184MB/200MB, paused 1.449ms total 53.774ms
08-06 15:14:48.265 18417 18429 I art     : Starting a blocking GC Explicit
08-06 15:14:48.318 18417 18429 I art     : Explicit concurrent mark sweep GC freed 2341(195KB) AllocSpace objects, 0(0B) LOS objects, 7% free, 184MB/200MB, paused 1.196ms total 52.715ms
08-06 15:14:48.338 18417 18429 I art     : Starting a blocking GC Explicit
08-06 15:14:48.387 18417 18429 I art     : Explicit concurrent mark sweep GC freed 4(128B) AllocSpace objects, 0(0B) LOS objects, 7% free, 184MB/200MB, paused 1.281ms total 48.677ms
08-06 15:14:48.406 18417 18429 I art     : Starting a blocking GC Explicit
08-06 15:14:48.439   512  2967 D audio_hw_primary: disable_audio_route: reset and update mixer path: low-latency-playback speaker
08-06 15:14:48.439   512  2967 D audio_hw_primary: disable_snd_device: snd_device(2: speaker)
08-06 15:14:48.447   512  2967 I soundtrigger: audio_extn_sound_trigger_update_device_status: device 0x2 of type 0 for Event 0
08-06 15:14:48.459 18417 18429 I art     : Explicit concurrent mark sweep GC freed 3(96B) AllocSpace objects, 0(0B) LOS objects, 7% free, 184MB/200MB, paused 1.307ms total 52.721ms
08-06 15:14:48.478 18417 18429 I art     : Starting a blocking GC Explicit
08-06 15:14:48.534 18417 18429 I art     : Explicit concurrent mark sweep GC freed 3(96B) AllocSpace objects, 0(0B) LOS objects, 7% free, 184MB/200MB, paused 1.269ms total 55.978ms
08-06 15:14:48.758 18417 20624 I NAPPA_EXPERIMENTATION: MetricNetworkRequestExecutionTime: REQUEST_DURATION_SYSTEM='865',REQUEST_DURATION_OKHTTP='37',REQUEST_SYNCHRONOUS='FALSE',RESPONSE_CODE='200',RESPONSE_METHOD='GET',RESPONSE_LENGTH_OKHTTP='36',RESPONSE_LENGTH_HEADER='36',REQUEST_PROTOCOL='http/1.1',REQUEST_URL='https://project-travel-mate.herokuapp.com/api/number-of-unread-notifications',
08-06 15:14:48.938 18417 19840 I art     : Starting a blocking GC Explicit
08-06 15:14:49.012 18417 19840 I art     : Explicit concurrent mark sweep GC freed 4485(244KB) AllocSpace objects, 5(248KB) LOS objects, 7% free, 184MB/200MB, paused 1.509ms total 72.834ms
08-06 15:14:49.035 18417 19840 I art     : Starting a blocking GC Explicit
08-06 15:14:49.098 18417 19840 I art     : Explicit concurrent mark sweep GC freed 992(118KB) AllocSpace objects, 0(0B) LOS objects, 7% free, 184MB/200MB, paused 1.349ms total 61.825ms
08-06 15:14:49.120 18417 19840 I art     : Starting a blocking GC Explicit
08-06 15:14:49.182 18417 19840 I art     : Explicit concurrent mark sweep GC freed 3(96B) AllocSpace objects, 0(0B) LOS objects, 7% free, 184MB/200MB, paused 1.375ms total 61.380ms
08-06 15:14:49.205 18417 19840 I art     : Starting a blocking GC Explicit
08-06 15:14:49.267 18417 19840 I art     : Explicit concurrent mark sweep GC freed 3(96B) AllocSpace objects, 0(0B) LOS objects, 7% free, 184MB/200MB, paused 1.345ms total 61.915ms
08-06 15:14:49.289 18417 19840 I art     : Starting a blocking GC Explicit
08-06 15:14:49.317   518   646 I ThermalEngine: ACTION: GPU - Setting GPU[0] to 390000000
08-06 15:14:49.363 18417 19840 I art     : Explicit concurrent mark sweep GC freed 3(96B) AllocSpace objects, 0(0B) LOS objects, 7% free, 184MB/200MB, paused 2.107ms total 73.875ms
08-06 15:14:49.865 18417 19840 I art     : Starting a blocking GC Explicit
08-06 15:14:49.943 18417 19840 I art     : Explicit concurrent mark sweep GC freed 1684(96KB) AllocSpace objects, 2(48KB) LOS objects, 7% free, 184MB/200MB, paused 2.485ms total 77.242ms
08-06 15:14:49.943 18417 18427 I art     : WaitForGcToComplete blocked for 49.738ms for cause HeapTrim
08-06 15:14:49.972 18417 19840 I art     : Starting a blocking GC Explicit
08-06 15:14:50.042 18417 19840 I art     : Explicit concurrent mark sweep GC freed 30(1104B) AllocSpace objects, 0(0B) LOS objects, 7% free, 184MB/200MB, paused 1.912ms total 69.705ms
08-06 15:14:50.068 18417 19840 I art     : Starting a blocking GC Explicit
08-06 15:14:50.137 18417 19840 I art     : Explicit concurrent mark sweep GC freed 3(96B) AllocSpace objects, 0(0B) LOS objects, 7% free, 184MB/200MB, paused 1.896ms total 68.422ms
08-06 15:14:50.161 18417 19840 I art     : Starting a blocking GC Explicit
08-06 15:14:50.228 18417 19840 I art     : Explicit concurrent mark sweep GC freed 6(192B) AllocSpace objects, 0(0B) LOS objects, 7% free, 184MB/200MB, paused 1.791ms total 65.767ms
08-06 15:14:50.253 18417 19840 I art     : Starting a blocking GC Explicit
08-06 15:14:50.321 18417 19840 I art     : Explicit concurrent mark sweep GC freed 13(608B) AllocSpace objects, 0(0B) LOS objects, 7% free, 184MB/200MB, paused 1.865ms total 67.297ms
08-06 15:14:50.775 20656 20656 D AndroidRuntime: >>>>>> START com.android.internal.os.RuntimeInit uid 2000 <<<<<<
08-06 15:14:50.782 20656 20656 D AndroidRuntime: CheckJNI is OFF
08-06 15:14:50.787 18417 18478 I art     : Starting a blocking GC Explicit
08-06 15:14:50.833 20656 20656 D ICU     : No timezone override file found: /data/misc/zoneinfo/current/icu/icu_tzdata.dat
08-06 15:14:50.855 18417 18478 I art     : Explicit concurrent mark sweep GC freed 1637(95KB) AllocSpace objects, 2(48KB) LOS objects, 7% free, 184MB/200MB, paused 2.081ms total 68.241ms
08-06 15:14:50.880 20656 20656 I Radio-JNI: register_android_hardware_Radio DONE
08-06 15:14:50.881 18417 18478 I art     : Starting a blocking GC Explicit
08-06 15:14:50.912 20656 20656 D AndroidRuntime: Calling main entry com.android.commands.input.Input
08-06 15:14:50.915 20656 20656 I Input   : injectMotionEvent: MotionEvent { action=ACTION_DOWN, actionButton=0, id[0]=0, x[0]=747.0, y[0]=608.0, toolType[0]=TOOL_TYPE_UNKNOWN, buttonState=0, metaState=0, flags=0x0, edgeFlags=0x0, pointerCount=1, historySize=0, eventTime=890107327, downTime=890107327, deviceId=0, source=0x1002 }
08-06 15:14:50.920 20656 20656 I Input   : injectMotionEvent: MotionEvent { action=ACTION_UP, actionButton=0, id[0]=0, x[0]=747.0, y[0]=608.0, toolType[0]=TOOL_TYPE_UNKNOWN, buttonState=0, metaState=0, flags=0x0, edgeFlags=0x0, pointerCount=1, historySize=0, eventTime=890107327, downTime=890107327, deviceId=0, source=0x1002 }
08-06 15:14:50.922 20656 20656 D AndroidRuntime: Shutting down VM
08-06 15:14:50.923   918  5132 I ActivityManager: START u0 {cmp=baseline.io.github.project_travel_mate/.utilities.ChecklistActivity} from uid 10696 on display 0
08-06 15:14:50.926   512  2967 D audio_hw_primary: out_set_parameters: enter: usecase(1: low-latency-playback) kvpairs: routing=2
08-06 15:14:50.939   512  2967 D audio_hw_primary: select_devices: out_snd_device(2: speaker) in_snd_device(0: none)
08-06 15:14:50.939   512  2967 D msm8974_platform: platform_send_audio_calibration: sending audio calibration for snd_device(2) acdb_id(15)
08-06 15:14:50.940   512  2967 I soundtrigger: audio_extn_sound_trigger_update_device_status: device 0x2 of type 0 for Event 1
08-06 15:14:50.950 18417 18478 I art     : Explicit concurrent mark sweep GC freed 87(2768B) AllocSpace objects, 0(0B) LOS objects, 7% free, 184MB/200MB, paused 2.780ms total 68.085ms
08-06 15:14:50.955   512  2967 D audio_hw_primary: enable_snd_device: snd_device(2: speaker)
08-06 15:14:50.958   512  2967 D audio_hw_primary: enable_audio_route: apply and update mixer path: low-latency-playback speaker
08-06 15:14:50.979 18417 18478 I art     : Starting a blocking GC Explicit
08-06 15:14:51.048 18417 18478 I art     : Explicit concurrent mark sweep GC freed 724(48KB) AllocSpace objects, 0(0B) LOS objects, 7% free, 184MB/200MB, paused 2.569ms total 68.755ms
08-06 15:14:51.071   918   936 I ActivityManager: Displayed baseline.io.github.project_travel_mate/.utilities.ChecklistActivity: +134ms
08-06 15:14:51.072 13866 13866 I GoogleInputMethodServic: GoogleInputMethodService.onFinishInput():3138 
08-06 15:14:51.072 13866 13866 I GoogleInputMethodServic: GoogleInputMethodService.onStartInput():1808 
08-06 15:14:51.075 18417 18478 I art     : Starting a blocking GC Explicit
08-06 15:14:51.144 18417 18478 I art     : Explicit concurrent mark sweep GC freed 393(16KB) AllocSpace objects, 0(0B) LOS objects, 7% free, 184MB/200MB, paused 1.769ms total 69.221ms
08-06 15:14:51.172 18417 18478 I art     : Starting a blocking GC Explicit
08-06 15:14:51.265 18417 18478 I art     : Explicit concurrent mark sweep GC freed 62(2192B) AllocSpace objects, 0(0B) LOS objects, 7% free, 184MB/200MB, paused 2.411ms total 92.056ms
08-06 15:14:51.320   518   646 I ThermalEngine: ACTION: GPU - Setting GPU[0] to 450000000
08-06 15:14:51.330   380   380 W SurfaceFlinger: couldn't log to binary event log: overflow.
08-06 15:14:51.488   512  2967 D audio_hw_primary: disable_audio_route: reset and update mixer path: low-latency-playback speaker
08-06 15:14:51.490   512  2967 D audio_hw_primary: disable_snd_device: snd_device(2: speaker)
08-06 15:14:51.498   512  2967 I soundtrigger: audio_extn_sound_trigger_update_device_status: device 0x2 of type 0 for Event 0
08-06 15:14:51.690 18417 18429 I art     : Starting a blocking GC Explicit
08-06 15:14:51.764 18417 18429 I art     : Explicit concurrent mark sweep GC freed 1675(96KB) AllocSpace objects, 2(48KB) LOS objects, 7% free, 184MB/200MB, paused 1.413ms total 72.855ms
08-06 15:14:51.787 18417 18429 I art     : Starting a blocking GC Explicit
08-06 15:14:51.847 18417 18429 I art     : Explicit concurrent mark sweep GC freed 38(1360B) AllocSpace objects, 0(0B) LOS objects, 7% free, 184MB/200MB, paused 1.278ms total 59.047ms
08-06 15:14:51.866 18417 18429 I art     : Starting a blocking GC Explicit
08-06 15:14:51.925 18417 18429 I art     : Explicit concurrent mark sweep GC freed 51(1712B) AllocSpace objects, 0(0B) LOS objects, 7% free, 184MB/200MB, paused 1.314ms total 58.955ms
08-06 15:14:51.945 18417 18429 I art     : Starting a blocking GC Explicit
08-06 15:14:52.003 18417 18429 I art     : Explicit concurrent mark sweep GC freed 25(1296B) AllocSpace objects, 0(0B) LOS objects, 7% free, 184MB/200MB, paused 1.317ms total 57.655ms
08-06 15:14:52.022 18417 18429 I art     : Starting a blocking GC Explicit
08-06 15:14:52.084 18417 18429 I art     : Explicit concurrent mark sweep GC freed 24(1216B) AllocSpace objects, 0(0B) LOS objects, 7% free, 184MB/200MB, paused 1.382ms total 61.421ms
08-06 15:14:52.512 18417 18430 I art     : Starting a blocking GC Explicit
08-06 15:14:52.590 18417 18430 I art     : Explicit concurrent mark sweep GC freed 1623(94KB) AllocSpace objects, 2(48KB) LOS objects, 7% free, 184MB/200MB, paused 1.424ms total 77.467ms
08-06 15:14:52.611 18417 18430 I art     : Starting a blocking GC Explicit
08-06 15:14:52.671 18417 18430 I art     : Explicit concurrent mark sweep GC freed 30(1104B) AllocSpace objects, 0(0B) LOS objects, 7% free, 184MB/200MB, paused 1.373ms total 59.258ms
08-06 15:14:52.690 18417 18430 I art     : Starting a blocking GC Explicit
08-06 15:14:52.759 18417 18430 I art     : Explicit concurrent mark sweep GC freed 3(96B) AllocSpace objects, 0(0B) LOS objects, 7% free, 184MB/200MB, paused 1.488ms total 68.559ms
08-06 15:14:52.782 18417 18430 I art     : Starting a blocking GC Explicit
08-06 15:14:52.847 18417 18430 I art     : Explicit concurrent mark sweep GC freed 3(96B) AllocSpace objects, 0(0B) LOS objects, 7% free, 184MB/200MB, paused 1.334ms total 64.603ms
08-06 15:14:52.867 18417 18430 I art     : Starting a blocking GC Explicit
08-06 15:14:52.932 18417 18430 I art     : Explicit concurrent mark sweep GC freed 40(1088B) AllocSpace objects, 0(0B) LOS objects, 7% free, 184MB/200MB, paused 1.460ms total 65.481ms
08-06 15:14:53.392 18417 19840 I art     : Starting a blocking GC Explicit
08-06 15:14:53.453 18417 19840 I art     : Explicit concurrent mark sweep GC freed 1623(94KB) AllocSpace objects, 2(48KB) LOS objects, 7% free, 184MB/200MB, paused 1.290ms total 61.308ms
08-06 15:14:53.476 18417 19840 I art     : Starting a blocking GC Explicit
08-06 15:14:53.534 18417 19840 I art     : Explicit concurrent mark sweep GC freed 30(1104B) AllocSpace objects, 0(0B) LOS objects, 7% free, 184MB/200MB, paused 1.299ms total 58.024ms
08-06 15:14:53.553 18417 19840 I art     : Starting a blocking GC Explicit
08-06 15:14:53.616 18417 19840 I art     : Explicit concurrent mark sweep GC freed 3(96B) AllocSpace objects, 0(0B) LOS objects, 7% free, 184MB/200MB, paused 1.412ms total 61.985ms
08-06 15:14:53.639 18417 19840 I art     : Starting a blocking GC Explicit
08-06 15:14:53.707 18417 19840 I art     : Explicit concurrent mark sweep GC freed 3(96B) AllocSpace objects, 0(0B) LOS objects, 7% free, 184MB/200MB, paused 1.296ms total 68.365ms
08-06 15:14:53.730 18417 19840 I art     : Starting a blocking GC Explicit
08-06 15:14:53.795 18417 19840 I art     : Explicit concurrent mark sweep GC freed 3(96B) AllocSpace objects, 0(0B) LOS objects, 7% free, 184MB/200MB, paused 1.352ms total 65.296ms
08-06 15:14:54.232 18417 18697 I art     : Starting a blocking GC Explicit
08-06 15:14:54.310 18417 18697 I art     : Explicit concurrent mark sweep GC freed 1658(95KB) AllocSpace objects, 2(48KB) LOS objects, 7% free, 184MB/200MB, paused 1.507ms total 77.670ms
08-06 15:14:54.336 18417 18697 I art     : Starting a blocking GC Explicit
08-06 15:14:54.400 18417 18697 I art     : Explicit concurrent mark sweep GC freed 30(1104B) AllocSpace objects, 0(0B) LOS objects, 7% free, 184MB/200MB, paused 1.376ms total 63.403ms
08-06 15:14:54.420 18417 18697 I art     : Starting a blocking GC Explicit
08-06 15:14:54.486 18417 18697 I art     : Explicit concurrent mark sweep GC freed 3(96B) AllocSpace objects, 0(0B) LOS objects, 7% free, 184MB/200MB, paused 1.455ms total 65.870ms
08-06 15:14:54.509 18417 18697 I art     : Starting a blocking GC Explicit
08-06 15:14:54.579 18417 18697 I art     : Explicit concurrent mark sweep GC freed 3(96B) AllocSpace objects, 0(0B) LOS objects, 7% free, 184MB/200MB, paused 1.558ms total 69.582ms
08-06 15:14:54.602 18417 18697 I art     : Starting a blocking GC Explicit
08-06 15:14:54.672 18417 18697 I art     : Explicit concurrent mark sweep GC freed 3(96B) AllocSpace objects, 0(0B) LOS objects, 7% free, 184MB/200MB, paused 1.435ms total 69.837ms
08-06 15:14:55.126 18417 18478 I art     : Starting a blocking GC Explicit
08-06 15:14:55.199 18417 18478 I art     : Explicit concurrent mark sweep GC freed 1682(96KB) AllocSpace objects, 2(48KB) LOS objects, 7% free, 184MB/200MB, paused 1.263ms total 73.188ms
08-06 15:14:55.218 18417 18478 I art     : Starting a blocking GC Explicit
08-06 15:14:55.273 18417 18478 I art     : Explicit concurrent mark sweep GC freed 48(2096B) AllocSpace objects, 0(0B) LOS objects, 7% free, 184MB/200MB, paused 1.288ms total 54.328ms
08-06 15:14:55.292 18417 18478 I art     : Starting a blocking GC Explicit
08-06 15:14:55.350 18417 18478 I art     : Explicit concurrent mark sweep GC freed 3(96B) AllocSpace objects, 0(0B) LOS objects, 7% free, 184MB/200MB, paused 1.382ms total 58.292ms
08-06 15:14:55.370 18417 18478 I art     : Starting a blocking GC Explicit
08-06 15:14:55.431 18417 18478 I art     : Explicit concurrent mark sweep GC freed 3(96B) AllocSpace objects, 0(0B) LOS objects, 7% free, 184MB/200MB, paused 1.370ms total 61.069ms
08-06 15:14:55.451 18417 18478 I art     : Starting a blocking GC Explicit
08-06 15:14:55.511 18417 18478 I art     : Explicit concurrent mark sweep GC freed 3(96B) AllocSpace objects, 0(0B) LOS objects, 7% free, 184MB/200MB, paused 1.388ms total 60.352ms
08-06 15:14:55.726 20734 20734 D AndroidRuntime: >>>>>> START com.android.internal.os.RuntimeInit uid 2000 <<<<<<
08-06 15:14:55.734 20734 20734 D AndroidRuntime: CheckJNI is OFF
08-06 15:14:55.774 20734 20734 D ICU     : No timezone override file found: /data/misc/zoneinfo/current/icu/icu_tzdata.dat
08-06 15:14:55.816 20734 20734 I Radio-JNI: register_android_hardware_Radio DONE
08-06 15:14:55.845 20734 20734 D AndroidRuntime: Calling main entry com.android.commands.input.Input
08-06 15:14:55.847 20734 20734 I Input   : injectKeyEvent: KeyEvent { action=ACTION_DOWN, keyCode=KEYCODE_BACK, scanCode=0, metaState=0, flags=0x0, repeatCount=0, eventTime=890112260, downTime=890112260, deviceId=-1, source=0x101 }
08-06 15:14:55.852 20734 20734 I Input   : injectKeyEvent: KeyEvent { action=ACTION_UP, keyCode=KEYCODE_BACK, scanCode=0, metaState=0, flags=0x0, repeatCount=0, eventTime=890112260, downTime=890112260, deviceId=-1, source=0x101 }
08-06 15:14:55.858 20734 20734 D AndroidRuntime: Shutting down VM
08-06 15:14:55.867 18417 18417 V MainActivity: url = https://project-travel-mate.herokuapp.com/api/number-of-unread-notifications
08-06 15:14:55.898 13866 13866 I GoogleInputMethodServic: GoogleInputMethodService.onFinishInput():3138 
08-06 15:14:55.899 13866 13866 I GoogleInputMethodServic: GoogleInputMethodService.onStartInput():1808 
08-06 15:14:55.942 18417 18697 I art     : Starting a blocking GC Explicit
08-06 15:14:55.994 18417 18697 I art     : Explicit concurrent mark sweep GC freed 2149(116KB) AllocSpace objects, 2(48KB) LOS objects, 7% free, 184MB/200MB, paused 1.179ms total 51.868ms
08-06 15:14:56.013 18417 18697 I art     : Starting a blocking GC Explicit
08-06 15:14:56.069 18417 18697 I art     : Explicit concurrent mark sweep GC freed 91(4KB) AllocSpace objects, 0(0B) LOS objects, 7% free, 184MB/200MB, paused 1.303ms total 56.052ms
08-06 15:14:56.091 18417 18697 I art     : Starting a blocking GC Explicit
08-06 15:14:56.147 18417 18697 I art     : Explicit concurrent mark sweep GC freed 22(1184B) AllocSpace objects, 0(0B) LOS objects, 7% free, 184MB/200MB, paused 1.289ms total 55.663ms
08-06 15:14:56.167 18417 18697 I art     : Starting a blocking GC Explicit
08-06 15:14:56.218   380   380 W SurfaceFlinger: couldn't log to binary event log: overflow.
08-06 15:14:56.224 18417 18697 I art     : Explicit concurrent mark sweep GC freed 388(17KB) AllocSpace objects, 0(0B) LOS objects, 7% free, 184MB/200MB, paused 1.647ms total 56.205ms
08-06 15:14:56.244 18417 18697 I art     : Starting a blocking GC Explicit
08-06 15:14:56.297 18417 18697 I art     : Explicit concurrent mark sweep GC freed 30(1504B) AllocSpace objects, 0(0B) LOS objects, 7% free, 184MB/200MB, paused 1.427ms total 52.954ms
08-06 15:14:56.726 18417 18429 I art     : Starting a blocking GC Explicit
08-06 15:14:56.742 18417 20757 I NAPPA_EXPERIMENTATION: MetricNetworkRequestExecutionTime: REQUEST_DURATION_SYSTEM='873',REQUEST_DURATION_OKHTTP='35',REQUEST_SYNCHRONOUS='FALSE',RESPONSE_CODE='200',RESPONSE_METHOD='GET',RESPONSE_LENGTH_OKHTTP='36',RESPONSE_LENGTH_HEADER='36',REQUEST_PROTOCOL='http/1.1',REQUEST_URL='https://project-travel-mate.herokuapp.com/api/number-of-unread-notifications',
08-06 15:14:56.799 18417 18429 I art     : Explicit concurrent mark sweep GC freed 4489(246KB) AllocSpace objects, 5(248KB) LOS objects, 7% free, 184MB/200MB, paused 1.474ms total 72.323ms
08-06 15:14:56.821 18417 18429 I art     : Starting a blocking GC Explicit
08-06 15:14:56.881 18417 18429 I art     : Explicit concurrent mark sweep GC freed 1071(121KB) AllocSpace objects, 0(0B) LOS objects, 7% free, 184MB/200MB, paused 1.353ms total 58.869ms
08-06 15:14:56.900 18417 18429 I art     : Starting a blocking GC Explicit
08-06 15:14:56.963 18417 18429 I art     : Explicit concurrent mark sweep GC freed 4(128B) AllocSpace objects, 0(0B) LOS objects, 7% free, 184MB/200MB, paused 1.377ms total 62.315ms
08-06 15:14:56.986 18417 18429 I art     : Starting a blocking GC Explicit
08-06 15:14:57.046 18417 18429 I art     : Explicit concurrent mark sweep GC freed 16(704B) AllocSpace objects, 0(0B) LOS objects, 7% free, 184MB/200MB, paused 1.338ms total 60.126ms
08-06 15:14:57.066 18417 18429 I art     : Starting a blocking GC Explicit
08-06 15:14:57.122 18417 18429 I art     : Explicit concurrent mark sweep GC freed 17(528B) AllocSpace objects, 0(0B) LOS objects, 7% free, 184MB/200MB, paused 1.303ms total 56.141ms
08-06 15:14:57.541 18417 18478 I art     : Starting a blocking GC Explicit
08-06 15:14:57.600 18417 18478 I art     : Explicit concurrent mark sweep GC freed 1636(95KB) AllocSpace objects, 2(48KB) LOS objects, 7% free, 184MB/200MB, paused 1.789ms total 58.624ms
08-06 15:14:57.622 18417 18478 I art     : Starting a blocking GC Explicit
08-06 15:14:57.655 20769 20769 D AndroidRuntime: >>>>>> START com.android.internal.os.RuntimeInit uid 2000 <<<<<<
08-06 15:14:57.660 20769 20769 D AndroidRuntime: CheckJNI is OFF
08-06 15:14:57.681 18417 18478 I art     : Explicit concurrent mark sweep GC freed 40(1424B) AllocSpace objects, 0(0B) LOS objects, 7% free, 184MB/200MB, paused 1.461ms total 59.045ms
08-06 15:14:57.701 18417 18478 I art     : Starting a blocking GC Explicit
08-06 15:14:57.708 20769 20769 D ICU     : No timezone override file found: /data/misc/zoneinfo/current/icu/icu_tzdata.dat
08-06 15:14:57.749 20769 20769 I Radio-JNI: register_android_hardware_Radio DONE
08-06 15:14:57.757 18417 18478 I art     : Explicit concurrent mark sweep GC freed 10(320B) AllocSpace objects, 0(0B) LOS objects, 7% free, 184MB/200MB, paused 1.382ms total 55.120ms
08-06 15:14:57.776 18417 18478 I art     : Starting a blocking GC Explicit
08-06 15:14:57.780 20769 20769 D AndroidRuntime: Calling main entry com.android.commands.input.Input
08-06 15:14:57.782 20769 20769 I Input   : injectMotionEvent: MotionEvent { action=ACTION_DOWN, actionButton=0, id[0]=0, x[0]=657.0, y[0]=2037.0, toolType[0]=TOOL_TYPE_UNKNOWN, buttonState=0, metaState=0, flags=0x0, edgeFlags=0x0, pointerCount=1, historySize=0, eventTime=890114194, downTime=890114194, deviceId=0, source=0x1002 }
08-06 15:14:57.792 20769 20769 I Input   : injectMotionEvent: MotionEvent { action=ACTION_UP, actionButton=0, id[0]=0, x[0]=657.0, y[0]=2037.0, toolType[0]=TOOL_TYPE_UNKNOWN, buttonState=0, metaState=0, flags=0x0, edgeFlags=0x0, pointerCount=1, historySize=0, eventTime=890114194, downTime=890114194, deviceId=0, source=0x1002 }
08-06 15:14:57.794 20769 20769 D AndroidRuntime: Shutting down VM
08-06 15:14:57.795   918  5132 I ActivityManager: START u0 {cmp=baseline.io.github.project_travel_mate/.utilities.CompassActivity} from uid 10696 on display 0
08-06 15:14:57.796   512  2967 D audio_hw_primary: out_set_parameters: enter: usecase(1: low-latency-playback) kvpairs: routing=2
08-06 15:14:57.809   512  2967 D audio_hw_primary: select_devices: out_snd_device(2: speaker) in_snd_device(0: none)
08-06 15:14:57.809   512  2967 D msm8974_platform: platform_send_audio_calibration: sending audio calibration for snd_device(2) acdb_id(15)
08-06 15:14:57.810   512  2967 I soundtrigger: audio_extn_sound_trigger_update_device_status: device 0x2 of type 0 for Event 1
08-06 15:14:57.820   512  2967 D audio_hw_primary: enable_snd_device: snd_device(2: speaker)
08-06 15:14:57.822 14704 14704 I ServiceManager: Waiting for service AtCmdFwd...
08-06 15:14:57.822   512  2967 D audio_hw_primary: enable_audio_route: apply and update mixer path: low-latency-playback speaker
08-06 15:14:57.834 18417 18478 I art     : Explicit concurrent mark sweep GC freed 284(22KB) AllocSpace objects, 0(0B) LOS objects, 7% free, 184MB/200MB, paused 1.435ms total 57.571ms
08-06 15:14:57.852 18417 18478 I art     : Starting a blocking GC Explicit
08-06 15:14:57.906 18417 18478 I art     : Explicit concurrent mark sweep GC freed 187(17KB) AllocSpace objects, 0(0B) LOS objects, 6% free, 233MB/249MB, paused 1.392ms total 53.451ms
08-06 15:14:58.289 18417 18430 I art     : Starting a blocking GC Explicit
08-06 15:14:58.348 18417 18430 I art     : Explicit concurrent mark sweep GC freed 1676(96KB) AllocSpace objects, 2(48KB) LOS objects, 6% free, 236MB/252MB, paused 1.681ms total 59.157ms
08-06 15:14:58.354 18417 18417 D CompassActivity: start compass
08-06 15:14:58.355   918  6110 I sensors : batch
08-06 15:14:58.355   918  6110 I sensors : activate
08-06 15:14:58.356   918  3670 I sensors : batch
08-06 15:14:58.356   918  3670 I sensors : activate
08-06 15:14:58.362 18417 18417 I Choreographer: Skipped 32 frames!  The application may be doing too much work on its main thread.
08-06 15:14:58.362   918  3188 I hubconnection: sensorhub said: 'batch 1 flags:0, sampling_rate_Hz:50.00, max_report_latency_us:0'
08-06 15:14:58.364   918  3188 I hubconnection: sensorhub said: 'activate 1 enable:1'
08-06 15:14:58.365   918  3188 I hubconnection: sensorhub said: 'batch 3 flags:0, sampling_rate_Hz:50.00, max_report_latency_us:0'
08-06 15:14:58.366   918  3188 I hubconnection: sensorhub said: 'activate 3 enable:1'
08-06 15:14:58.368 18417 18430 I art     : Starting a blocking GC Explicit
08-06 15:14:58.369   512  2967 D audio_hw_primary: disable_audio_route: reset and update mixer path: low-latency-playback speaker
08-06 15:14:58.370   512  2967 D audio_hw_primary: disable_snd_device: snd_device(2: speaker)
08-06 15:14:58.379   512  2967 I soundtrigger: audio_extn_sound_trigger_update_device_status: device 0x2 of type 0 for Event 0
08-06 15:14:58.411 13866 13866 I GoogleInputMethodServic: GoogleInputMethodService.onFinishInput():3138 
08-06 15:14:58.411 13866 13866 I GoogleInputMethodServic: GoogleInputMethodService.onStartInput():1808 
08-06 15:14:58.419 18417 18430 I art     : Explicit concurrent mark sweep GC freed 240(10KB) AllocSpace objects, 0(0B) LOS objects, 6% free, 236MB/252MB, paused 1.356ms total 50.592ms
08-06 15:14:58.437 18417 18430 I art     : Starting a blocking GC Explicit
08-06 15:14:58.487 18417 18430 I art     : Explicit concurrent mark sweep GC freed 70(3056B) AllocSpace objects, 0(0B) LOS objects, 6% free, 236MB/252MB, paused 1.217ms total 48.787ms
08-06 15:14:58.507 18417 18430 I art     : Starting a blocking GC Explicit
08-06 15:14:58.541 18417 18417 D CompassActivity: will set rotation from 0.0 to 182.40155
08-06 15:14:58.541 18417 18417 D CompassActivity: will set rotation from 182.40155 to 182.40479
08-06 15:14:58.541 18417 18417 D CompassActivity: will set rotation from 182.40479 to 182.6097
08-06 15:14:58.542 18417 18417 D CompassActivity: will set rotation from 182.6097 to 182.60706
08-06 15:14:58.547   918   936 I ActivityManager: Displayed baseline.io.github.project_travel_mate/.utilities.CompassActivity: +745ms
08-06 15:14:58.556 18417 18430 I art     : Explicit concurrent mark sweep GC freed 52(2944B) AllocSpace objects, 0(0B) LOS objects, 6% free, 236MB/252MB, paused 1.217ms total 48.800ms
08-06 15:14:58.575 18417 18430 I art     : Starting a blocking GC Explicit
08-06 15:14:58.634 18417 18430 I art     : Explicit concurrent mark sweep GC freed 42(1680B) AllocSpace objects, 0(0B) LOS objects, 6% free, 236MB/252MB, paused 1.492ms total 58.746ms
08-06 15:14:58.634 18417 18417 D CompassActivity: will set rotation from 182.60706 to 182.40291
08-06 15:14:58.634 18417 18417 D CompassActivity: will set rotation from 182.40291 to 182.4018
08-06 15:14:58.635 18417 18417 D CompassActivity: will set rotation from 182.4018 to 182.42032
08-06 15:14:58.635 18417 18417 D CompassActivity: will set rotation from 182.42032 to 182.41962
08-06 15:14:58.635 18417 18417 D CompassActivity: will set rotation from 182.41962 to 182.64293
08-06 15:14:58.635 18417 18417 D CompassActivity: will set rotation from 182.64293 to 182.64532
08-06 15:14:58.635 18417 18417 D CompassActivity: will set rotation from 182.64532 to 182.4176
08-06 15:14:58.635 18417 18417 D CompassActivity: will set rotation from 182.4176 to 182.42154
08-06 15:14:58.636 18417 18417 D CompassActivity: will set rotation from 182.42154 to 182.25916
08-06 15:14:58.636 18417 18417 D CompassActivity: will set rotation from 182.25916 to 182.25983
08-06 15:14:58.718 18417 18417 D CompassActivity: will set rotation from 182.25983 to 182.29564
08-06 15:14:58.719 18417 18417 D CompassActivity: will set rotation from 182.29564 to 182.2931
08-06 15:14:58.719 18417 18417 D CompassActivity: will set rotation from 182.2931 to 182.36908
08-06 15:14:58.719 18417 18417 D CompassActivity: will set rotation from 182.36908 to 182.36708
08-06 15:14:58.719 18417 18417 D CompassActivity: will set rotation from 182.36708 to 182.50195
08-06 15:14:58.719 18417 18417 D CompassActivity: will set rotation from 182.50195 to 182.5005
08-06 15:14:58.720 18417 18417 D CompassActivity: will set rotation from 182.5005 to 182.54167
08-06 15:14:58.720 18417 18417 D CompassActivity: will set rotation from 182.54167 to 182.54443
08-06 15:14:58.731 18417 18417 D CompassActivity: will set rotation from 182.54443 to 182.53073
08-06 15:14:58.732 18417 18417 D CompassActivity: will set rotation from 182.53073 to 182.5338
08-06 15:14:58.751 18417 18417 D CompassActivity: will set rotation from 182.5338 to 182.5733
08-06 15:14:58.751 18417 18417 D CompassActivity: will set rotation from 182.5733 to 182.5753
08-06 15:14:58.772 18417 18417 D CompassActivity: will set rotation from 182.5753 to 182.60538
08-06 15:14:58.773 18417 18417 D CompassActivity: will set rotation from 182.60538 to 182.60591
08-06 15:14:58.792 18417 18417 D CompassActivity: will set rotation from 182.60591 to 182.59573
08-06 15:14:58.792 18417 18417 D CompassActivity: will set rotation from 182.59573 to 182.59233
08-06 15:14:58.804   380   380 W SurfaceFlinger: couldn't log to binary event log: overflow.
08-06 15:14:58.812 18417 18417 D CompassActivity: will set rotation from 182.59233 to 182.58891
08-06 15:14:58.812 18417 18417 D CompassActivity: will set rotation from 182.58891 to 182.58624
08-06 15:14:58.822 14704 14704 I ServiceManager: Waiting for service AtCmdFwd...
08-06 15:14:58.831 18417 18417 D CompassActivity: will set rotation from 182.58624 to 182.65228
08-06 15:14:58.831 18417 18417 D CompassActivity: will set rotation from 182.65228 to 182.64874
08-06 15:14:58.851 18417 18417 D CompassActivity: will set rotation from 182.64874 to 182.70898
08-06 15:14:58.851 18417 18417 D CompassActivity: will set rotation from 182.70898 to 182.70921
08-06 15:14:58.872 18417 18417 D CompassActivity: will set rotation from 182.70921 to 182.68831
08-06 15:14:58.872 18417 18417 D CompassActivity: will set rotation from 182.68831 to 182.69139
08-06 15:14:58.891 18417 18417 D CompassActivity: will set rotation from 182.69139 to 182.74269
08-06 15:14:58.891 18417 18417 D CompassActivity: will set rotation from 182.74269 to 182.74202
08-06 15:14:58.911 18417 18417 D CompassActivity: will set rotation from 182.74202 to 182.6339
08-06 15:14:58.911 18417 18417 D CompassActivity: will set rotation from 182.6339 to 182.6324
08-06 15:14:59.009 18417 18417 D CompassActivity: will set rotation from 182.6324 to 182.68518
08-06 15:14:59.010 18417 18417 D CompassActivity: will set rotation from 182.68518 to 182.68495
08-06 15:14:59.010 18417 18417 D CompassActivity: will set rotation from 182.68495 to 182.6998
08-06 15:14:59.010 18417 18417 D CompassActivity: will set rotation from 182.6998 to 182.70189
08-06 15:14:59.010 18417 18417 D CompassActivity: will set rotation from 182.70189 to 182.68887
08-06 15:14:59.010 18417 18417 D CompassActivity: will set rotation from 182.68887 to 182.6891
08-06 15:14:59.010 18417 18417 D CompassActivity: will set rotation from 182.6891 to 182.6745
08-06 15:14:59.010 18417 18417 D CompassActivity: will set rotation from 182.6745 to 182.67249
08-06 15:14:59.012 18417 18417 D CompassActivity: will set rotation from 182.67249 to 182.68445
08-06 15:14:59.013 18417 18417 D CompassActivity: will set rotation from 182.68445 to 182.68523
08-06 15:14:59.030 18417 18417 D CompassActivity: will set rotation from 182.68523 to 182.70103
08-06 15:14:59.031 18417 18417 D CompassActivity: will set rotation from 182.70103 to 182.70163
08-06 15:14:59.041 18417 18697 I art     : Starting a blocking GC Explicit
08-06 15:14:59.052 18417 18417 D CompassActivity: will set rotation from 182.70163 to 182.76474
08-06 15:14:59.053 18417 18417 D CompassActivity: will set rotation from 182.76474 to 182.76428
08-06 15:14:59.070 18417 18417 D CompassActivity: will set rotation from 182.76428 to 182.77065
08-06 15:14:59.070 18417 18417 D CompassActivity: will set rotation from 182.77065 to 182.76907
08-06 15:14:59.091 18417 18417 D CompassActivity: will set rotation from 182.76907 to 182.77972
08-06 15:14:59.091 18417 18417 D CompassActivity: will set rotation from 182.77972 to 182.78148
08-06 15:14:59.095 18417 18697 I art     : Explicit concurrent mark sweep GC freed 2124(126KB) AllocSpace objects, 2(48KB) LOS objects, 6% free, 236MB/252MB, paused 1.167ms total 52.896ms
08-06 15:14:59.110 18417 18417 D CompassActivity: will set rotation from 182.78148 to 182.7972
08-06 15:14:59.110 18417 18417 D CompassActivity: will set rotation from 182.7972 to 182.79785
08-06 15:14:59.113 18417 18697 I art     : Starting a blocking GC Explicit
08-06 15:14:59.130 18417 18417 D CompassActivity: will set rotation from 182.79785 to 182.75775
08-06 15:14:59.131 18417 18417 D CompassActivity: will set rotation from 182.75775 to 182.7558
08-06 15:14:59.150 18417 18417 D CompassActivity: will set rotation from 182.7558 to 182.74005
08-06 15:14:59.150 18417 18417 D CompassActivity: will set rotation from 182.74005 to 182.7399
08-06 15:14:59.164 18417 18697 I art     : Explicit concurrent mark sweep GC freed 805(32KB) AllocSpace objects, 0(0B) LOS objects, 6% free, 236MB/252MB, paused 1.134ms total 50.087ms
08-06 15:14:59.170 18417 18417 D CompassActivity: will set rotation from 182.7399 to 182.77055
08-06 15:14:59.170 18417 18417 D CompassActivity: will set rotation from 182.77055 to 182.769
08-06 15:14:59.183 18417 18697 I art     : Starting a blocking GC Explicit
08-06 15:14:59.190 18417 18417 D CompassActivity: will set rotation from 182.769 to 182.77756
08-06 15:14:59.190 18417 18417 D CompassActivity: will set rotation from 182.77756 to 182.77646
08-06 15:14:59.209 18417 18417 D CompassActivity: will set rotation from 182.77646 to 182.76262
08-06 15:14:59.210 18417 18417 D CompassActivity: will set rotation from 182.76262 to 182.76291
08-06 15:14:59.229 18417 18417 D CompassActivity: will set rotation from 182.76291 to 182.7467
08-06 15:14:59.229 18417 18417 D CompassActivity: will set rotation from 182.7467 to 182.74762
08-06 15:14:59.233 18417 18697 I art     : Explicit concurrent mark sweep GC freed 146(7KB) AllocSpace objects, 0(0B) LOS objects, 6% free, 236MB/252MB, paused 1.224ms total 50.147ms
08-06 15:14:59.249 18417 18417 D CompassActivity: will set rotation from 182.74762 to 182.75674
08-06 15:14:59.250 18417 18417 D CompassActivity: will set rotation from 182.75674 to 182.75578
08-06 15:14:59.251 18417 18697 I art     : Starting a blocking GC Explicit
08-06 15:14:59.269 18417 18417 D CompassActivity: will set rotation from 182.75578 to 182.78346
08-06 15:14:59.269 18417 18417 D CompassActivity: will set rotation from 182.78346 to 182.78204
08-06 15:14:59.289 18417 18417 D CompassActivity: will set rotation from 182.78204 to 182.78731
08-06 15:14:59.290 18417 18417 D CompassActivity: will set rotation from 182.78731 to 182.7864
08-06 15:14:59.302 18417 18697 I art     : Explicit concurrent mark sweep GC freed 161(7KB) AllocSpace objects, 0(0B) LOS objects, 6% free, 236MB/252MB, paused 1.219ms total 50.340ms
08-06 15:14:59.309 18417 18417 D CompassActivity: will set rotation from 182.7864 to 182.77397
08-06 15:14:59.309 18417 18417 D CompassActivity: will set rotation from 182.77397 to 182.77316
08-06 15:14:59.320 18417 18697 I art     : Starting a blocking GC Explicit
08-06 15:14:59.329 18417 18417 D CompassActivity: will set rotation from 182.77316 to 182.78143
08-06 15:14:59.329 18417 18417 D CompassActivity: will set rotation from 182.78143 to 182.78098
08-06 15:14:59.349 18417 18417 D CompassActivity: will set rotation from 182.78098 to 182.8491
08-06 15:14:59.350 18417 18417 D CompassActivity: will set rotation from 182.8491 to 182.84993
08-06 15:14:59.369 18417 18417 D CompassActivity: will set rotation from 182.84993 to 182.83246
08-06 15:14:59.369 18417 18417 D CompassActivity: will set rotation from 182.83246 to 182.83308
08-06 15:14:59.374 18417 18697 I art     : Explicit concurrent mark sweep GC freed 146(7KB) AllocSpace objects, 0(0B) LOS objects, 6% free, 236MB/252MB, paused 1.204ms total 53.100ms
08-06 15:14:59.390 18417 18417 D CompassActivity: will set rotation from 182.83308 to 182.87434
08-06 15:14:59.390 18417 18417 D CompassActivity: will set rotation from 182.87434 to 182.87503
08-06 15:14:59.409 18417 18417 D CompassActivity: will set rotation from 182.87503 to 182.8421
08-06 15:14:59.409 18417 18417 D CompassActivity: will set rotation from 182.8421 to 182.84357
08-06 15:14:59.428 18417 18417 D CompassActivity: will set rotation from 182.84357 to 182.82973
08-06 15:14:59.428 18417 18417 D CompassActivity: will set rotation from 182.82973 to 182.8316
08-06 15:14:59.450 18417 18417 D CompassActivity: will set rotation from 182.8316 to 182.85641
08-06 15:14:59.451 18417 18417 D CompassActivity: will set rotation from 182.85641 to 182.85579
08-06 15:14:59.469 18417 18417 D CompassActivity: will set rotation from 182.85579 to 182.82188
08-06 15:14:59.470 18417 18417 D CompassActivity: will set rotation from 182.82188 to 182.82376
08-06 15:14:59.495 18417 18417 D CompassActivity: will set rotation from 182.82376 to 182.81027
08-06 15:14:59.495 18417 18417 D CompassActivity: will set rotation from 182.81027 to 182.81274
08-06 15:14:59.512 18417 18417 D CompassActivity: will set rotation from 182.81274 to 182.83788
08-06 15:14:59.512 18417 18417 D CompassActivity: will set rotation from 182.83788 to 182.83685
08-06 15:14:59.530 18417 18417 D CompassActivity: will set rotation from 182.83685 to 182.84154
08-06 15:14:59.532 18417 18417 D CompassActivity: will set rotation from 182.84154 to 182.84094
08-06 15:14:59.549 18417 18417 D CompassActivity: will set rotation from 182.84094 to 182.867
08-06 15:14:59.549 18417 18417 D CompassActivity: will set rotation from 182.867 to 182.86804
08-06 15:14:59.568 18417 18417 D CompassActivity: will set rotation from 182.86804 to 182.87393
08-06 15:14:59.569 18417 18417 D CompassActivity: will set rotation from 182.87393 to 182.87434
08-06 15:14:59.590 18417 18417 D CompassActivity: will set rotation from 182.87434 to 182.88014
08-06 15:14:59.591 18417 18417 D CompassActivity: will set rotation from 182.88014 to 182.87956
08-06 15:14:59.609 18417 18417 D CompassActivity: will set rotation from 182.87956 to 182.89775
08-06 15:14:59.610 18417 18417 D CompassActivity: will set rotation from 182.89775 to 182.89626
08-06 15:14:59.629 18417 18417 D CompassActivity: will set rotation from 182.89626 to 182.91615
08-06 15:14:59.630 18417 18417 D CompassActivity: will set rotation from 182.91615 to 182.91689
08-06 15:14:59.649 18417 18417 D CompassActivity: will set rotation from 182.91689 to 182.93756
08-06 15:14:59.650 18417 18417 D CompassActivity: will set rotation from 182.93756 to 182.93686
08-06 15:14:59.668 18417 18417 D CompassActivity: will set rotation from 182.93686 to 182.92075
08-06 15:14:59.668 18417 18417 D CompassActivity: will set rotation from 182.92075 to 182.92072
08-06 15:14:59.692 18417 18417 D CompassActivity: will set rotation from 182.92072 to 182.93617
08-06 15:14:59.693 18417 18417 D CompassActivity: will set rotation from 182.93617 to 182.93596
08-06 15:14:59.710 18417 18417 D CompassActivity: will set rotation from 182.93596 to 182.95412
08-06 15:14:59.710 18417 18417 D CompassActivity: will set rotation from 182.95412 to 182.9523
08-06 15:14:59.728 18417 18417 D CompassActivity: will set rotation from 182.9523 to 182.91545
08-06 15:14:59.728 18417 18417 D CompassActivity: will set rotation from 182.91545 to 182.91373
08-06 15:14:59.747 18417 18417 D CompassActivity: will set rotation from 182.91373 to 182.87764
08-06 15:14:59.747 18417 18417 D CompassActivity: will set rotation from 182.87764 to 182.87653
08-06 15:14:59.767 18417 18417 D CompassActivity: will set rotation from 182.87653 to 182.87842
08-06 15:14:59.768 18417 18417 D CompassActivity: will set rotation from 182.87842 to 182.87799
08-06 15:14:59.788 18417 18417 D CompassActivity: will set rotation from 182.87799 to 182.8637
08-06 15:14:59.788 18417 18417 D CompassActivity: will set rotation from 182.8637 to 182.86356
08-06 15:14:59.810 18417 18417 D CompassActivity: will set rotation from 182.86356 to 182.83118
08-06 15:14:59.810 18417 18417 D CompassActivity: will set rotation from 182.83118 to 182.83072
08-06 15:14:59.813 18417 18429 I art     : Starting a blocking GC Explicit
08-06 15:14:59.823 14704 14704 I ServiceManager: Waiting for service AtCmdFwd...
08-06 15:14:59.828 18417 18417 D CompassActivity: will set rotation from 182.83072 to 182.85568
08-06 15:14:59.829 18417 18417 D CompassActivity: will set rotation from 182.85568 to 182.8562
08-06 15:14:59.848 18417 18417 D CompassActivity: will set rotation from 182.8562 to 182.85956
08-06 15:14:59.848 18417 18417 D CompassActivity: will set rotation from 182.85956 to 182.8611
08-06 15:14:59.867 18417 18417 D CompassActivity: will set rotation from 182.8611 to 182.8452
08-06 15:14:59.868 18417 18417 D CompassActivity: will set rotation from 182.8452 to 182.84708
08-06 15:14:59.884 18417 18429 I art     : Explicit concurrent mark sweep GC freed 2147(126KB) AllocSpace objects, 2(48KB) LOS objects, 6% free, 236MB/252MB, paused 1.381ms total 70.588ms
08-06 15:14:59.891 18417 18417 D CompassActivity: will set rotation from 182.84708 to 182.85153
08-06 15:14:59.894 18417 18417 D CompassActivity: will set rotation from 182.85153 to 182.84978
08-06 15:14:59.908 18417 18429 I art     : Starting a blocking GC Explicit
08-06 15:14:59.910 18417 18417 D CompassActivity: will set rotation from 182.84978 to 182.86908
08-06 15:14:59.910 18417 18417 D CompassActivity: will set rotation from 182.86908 to 182.86574
08-06 15:14:59.927 18417 18417 D CompassActivity: will set rotation from 182.86574 to 182.88664
08-06 15:14:59.928 18417 18417 D CompassActivity: will set rotation from 182.88664 to 182.88536
08-06 15:14:59.946 18417 18417 D CompassActivity: will set rotation from 182.88536 to 182.85396
08-06 15:14:59.947 18417 18417 D CompassActivity: will set rotation from 182.85396 to 182.85498
08-06 15:14:59.964 18417 18429 I art     : Explicit concurrent mark sweep GC freed 828(32KB) AllocSpace objects, 0(0B) LOS objects, 6% free, 236MB/252MB, paused 1.213ms total 56.675ms
08-06 15:14:59.967 18417 18417 D CompassActivity: will set rotation from 182.85498 to 182.85728
08-06 15:14:59.967 18417 18417 D CompassActivity: will set rotation from 182.85728 to 182.85661
08-06 15:14:59.984 18417 18429 I art     : Starting a blocking GC Explicit
08-06 15:14:59.987 18417 18417 D CompassActivity: will set rotation from 182.85661 to 182.85898
08-06 15:14:59.988 18417 18417 D CompassActivity: will set rotation from 182.85898 to 182.85812
08-06 15:15:00.012 18417 18417 D CompassActivity: will set rotation from 182.85812 to 182.84186
08-06 15:15:00.012 18417 18417 D CompassActivity: will set rotation from 182.84186 to 182.83998
08-06 15:15:00.028 18417 18417 D CompassActivity: will set rotation from 182.83998 to 182.82889
08-06 15:15:00.029 18417 18417 D CompassActivity: will set rotation from 182.82889 to 182.82887
08-06 15:15:00.039 18417 18429 I art     : Explicit concurrent mark sweep GC freed 175(8KB) AllocSpace objects, 0(0B) LOS objects, 6% free, 236MB/252MB, paused 1.334ms total 54.580ms
08-06 15:15:00.051 18417 18417 D CompassActivity: will set rotation from 182.82887 to 182.81664
08-06 15:15:00.051 18417 18417 D CompassActivity: will set rotation from 182.81664 to 182.81444
08-06 15:15:00.058 18417 18429 I art     : Starting a blocking GC Explicit
08-06 15:15:00.067 18417 18417 D CompassActivity: will set rotation from 182.81444 to 182.78896
08-06 15:15:00.068 18417 18417 D CompassActivity: will set rotation from 182.78896 to 182.78851
08-06 15:15:00.086 18417 18417 D CompassActivity: will set rotation from 182.78851 to 182.77614
08-06 15:15:00.086 18417 18417 D CompassActivity: will set rotation from 182.77614 to 182.777
08-06 15:15:00.108 18417 18417 D CompassActivity: will set rotation from 182.777 to 182.77719
08-06 15:15:00.108 18417 18417 D CompassActivity: will set rotation from 182.77719 to 182.77788
08-06 15:15:00.110 18417 18429 I art     : Explicit concurrent mark sweep GC freed 174(8KB) AllocSpace objects, 0(0B) LOS objects, 6% free, 236MB/252MB, paused 1.313ms total 52.389ms
08-06 15:15:00.126 18417 18417 D CompassActivity: will set rotation from 182.77788 to 182.73306
08-06 15:15:00.126 18417 18417 D CompassActivity: will set rotation from 182.73306 to 182.7337
08-06 15:15:00.130 18417 18429 I art     : Starting a blocking GC Explicit
08-06 15:15:00.145 18417 18417 D CompassActivity: will set rotation from 182.7337 to 182.69206
08-06 15:15:00.146 18417 18417 D CompassActivity: will set rotation from 182.69206 to 182.6915
08-06 15:15:00.165 18417 18417 D CompassActivity: will set rotation from 182.6915 to 182.69807
08-06 15:15:00.166 18417 18417 D CompassActivity: will set rotation from 182.69807 to 182.69757
08-06 15:15:00.183 18417 18429 I art     : Explicit concurrent mark sweep GC freed 149(7KB) AllocSpace objects, 0(0B) LOS objects, 6% free, 236MB/252MB, paused 1.396ms total 53.342ms
08-06 15:15:00.186 18417 18417 D CompassActivity: will set rotation from 182.69757 to 182.70554
08-06 15:15:00.186 18417 18417 D CompassActivity: will set rotation from 182.70554 to 182.70532
08-06 15:15:00.206 18417 18417 D CompassActivity: will set rotation from 182.70532 to 182.7138
08-06 15:15:00.207 18417 18417 D CompassActivity: will set rotation from 182.7138 to 182.71425
08-06 15:15:00.226 18417 18417 D CompassActivity: will set rotation from 182.71425 to 182.70506
08-06 15:15:00.226 18417 18417 D CompassActivity: will set rotation from 182.70506 to 182.70557
08-06 15:15:00.245 18417 18417 D CompassActivity: will set rotation from 182.70557 to 182.74333
08-06 15:15:00.245 18417 18417 D CompassActivity: will set rotation from 182.74333 to 182.74261
08-06 15:15:00.266 18417 18417 D CompassActivity: will set rotation from 182.74261 to 182.73491
08-06 15:15:00.267 18417 18417 D CompassActivity: will set rotation from 182.73491 to 182.73453
08-06 15:15:00.286 18417 18417 D CompassActivity: will set rotation from 182.73453 to 182.75687
08-06 15:15:00.287 18417 18417 D CompassActivity: will set rotation from 182.75687 to 182.75827
08-06 15:15:00.305 18417 18417 D CompassActivity: will set rotation from 182.75827 to 182.74718
08-06 15:15:00.306 18417 18417 D CompassActivity: will set rotation from 182.74718 to 182.7461
08-06 15:15:00.330 18417 18417 D CompassActivity: will set rotation from 182.7461 to 182.75255
08-06 15:15:00.330 18417 18417 D CompassActivity: will set rotation from 182.75255 to 182.7518
08-06 15:15:00.340   518   646 I ThermalEngine: ACTION: GPU - Setting GPU[0] to 390000000
08-06 15:15:00.352 18417 18417 D CompassActivity: will set rotation from 182.7518 to 182.80157
08-06 15:15:00.352 18417 18417 D CompassActivity: will set rotation from 182.80157 to 182.79993
08-06 15:15:00.366 18417 18417 D CompassActivity: will set rotation from 182.79993 to 182.79034
08-06 15:15:00.367 18417 18417 D CompassActivity: will set rotation from 182.79034 to 182.79114
08-06 15:15:00.385 18417 18417 D CompassActivity: will set rotation from 182.79114 to 182.79674
08-06 15:15:00.386 18417 18417 D CompassActivity: will set rotation from 182.79674 to 182.79785
08-06 15:15:00.409 18417 18417 D CompassActivity: will set rotation from 182.79785 to 182.80312
08-06 15:15:00.410 18417 18417 D CompassActivity: will set rotation from 182.80312 to 182.80458
08-06 15:15:00.428 18417 18417 D CompassActivity: will set rotation from 182.80458 to 182.83984
08-06 15:15:00.428 18417 18417 D CompassActivity: will set rotation from 182.83984 to 182.84064
08-06 15:15:00.445 18417 18417 D CompassActivity: will set rotation from 182.84064 to 182.82864
08-06 15:15:00.445 18417 18417 D CompassActivity: will set rotation from 182.82864 to 182.82756
08-06 15:15:00.465 18417 18417 D CompassActivity: will set rotation from 182.82756 to 182.83125
08-06 15:15:00.465 18417 18417 D CompassActivity: will set rotation from 182.83125 to 182.8305
08-06 15:15:00.484 18417 18417 D CompassActivity: will set rotation from 182.8305 to 182.83191
08-06 15:15:00.485 18417 18417 D CompassActivity: will set rotation from 182.83191 to 182.83298
08-06 15:15:00.504 18417 18417 D CompassActivity: will set rotation from 182.83298 to 182.8357
08-06 15:15:00.505 18417 18417 D CompassActivity: will set rotation from 182.8357 to 182.8376
08-06 15:15:00.532 18417 18417 D CompassActivity: will set rotation from 182.8376 to 182.82414
08-06 15:15:00.532 18417 18417 D CompassActivity: will set rotation from 182.82414 to 182.82516
08-06 15:15:00.545 18417 18417 D CompassActivity: will set rotation from 182.82516 to 182.79916
08-06 15:15:00.545 18417 18417 D CompassActivity: will set rotation from 182.79916 to 182.79932
08-06 15:15:00.564 18417 18417 D CompassActivity: will set rotation from 182.79932 to 182.80391
08-06 15:15:00.564 18417 18417 D CompassActivity: will set rotation from 182.80391 to 182.80405
08-06 15:15:00.584 18417 18417 D CompassActivity: will set rotation from 182.80405 to 182.80852
08-06 15:15:00.585 18417 18417 D CompassActivity: will set rotation from 182.80852 to 182.80765
08-06 15:15:00.604 18417 18417 D CompassActivity: will set rotation from 182.80765 to 182.79749
08-06 15:15:00.604 18417 18417 D CompassActivity: will set rotation from 182.79749 to 182.79634
08-06 15:15:00.626 18417 18417 D CompassActivity: will set rotation from 182.79634 to 182.7864
08-06 15:15:00.626 18417 18417 D CompassActivity: will set rotation from 182.7864 to 182.78777
08-06 15:15:00.644 18417 18417 D CompassActivity: will set rotation from 182.78777 to 182.7943
08-06 15:15:00.645 18417 18417 D CompassActivity: will set rotation from 182.7943 to 182.79419
08-06 15:15:00.663 18417 18417 D CompassActivity: will set rotation from 182.79419 to 182.7989
08-06 15:15:00.663 18417 18417 D CompassActivity: will set rotation from 182.7989 to 182.79811
08-06 15:15:00.677 18417 18478 I art     : Starting a blocking GC Explicit
08-06 15:15:00.683 18417 18417 D CompassActivity: will set rotation from 182.79811 to 182.83447
08-06 15:15:00.684 18417 18417 D CompassActivity: will set rotation from 182.83447 to 182.83458
08-06 15:15:00.694 20823 20823 D AndroidRuntime: >>>>>> START com.android.internal.os.RuntimeInit uid 2000 <<<<<<
08-06 15:15:00.700 20823 20823 D AndroidRuntime: CheckJNI is OFF
08-06 15:15:00.704 18417 18417 D CompassActivity: will set rotation from 182.83458 to 182.85106
08-06 15:15:00.704 18417 18417 D CompassActivity: will set rotation from 182.85106 to 182.85173
08-06 15:15:00.725 18417 18417 D CompassActivity: will set rotation from 182.85173 to 182.86827
08-06 15:15:00.726 18417 18417 D CompassActivity: will set rotation from 182.86827 to 182.86775
08-06 15:15:00.746 18417 18478 I art     : Explicit concurrent mark sweep GC freed 2119(127KB) AllocSpace objects, 2(48KB) LOS objects, 6% free, 236MB/252MB, paused 2.104ms total 68.683ms
08-06 15:15:00.747 18417 18417 D CompassActivity: will set rotation from 182.86775 to 182.86879
08-06 15:15:00.747 18417 18417 D CompassActivity: will set rotation from 182.86879 to 182.86967
08-06 15:15:00.758 20823 20823 D ICU     : No timezone override file found: /data/misc/zoneinfo/current/icu/icu_tzdata.dat
08-06 15:15:00.763 18417 18417 D CompassActivity: will set rotation from 182.86967 to 182.88654
08-06 15:15:00.763 18417 18417 D CompassActivity: will set rotation from 182.88654 to 182.88783
08-06 15:15:00.772 18417 18478 I art     : Starting a blocking GC Explicit
08-06 15:15:00.784 18417 18417 D CompassActivity: will set rotation from 182.88783 to 182.93199
08-06 15:15:00.784 18417 18417 D CompassActivity: will set rotation from 182.93199 to 182.93153
08-06 15:15:00.803 18417 18417 D CompassActivity: will set rotation from 182.93153 to 182.93063
08-06 15:15:00.804 18417 18417 D CompassActivity: will set rotation from 182.93063 to 182.93118
08-06 15:15:00.805 20823 20823 I Radio-JNI: register_android_hardware_Radio DONE
08-06 15:15:00.823 14704 14704 I ServiceManager: Waiting for service AtCmdFwd...
08-06 15:15:00.824 18417 18417 D CompassActivity: will set rotation from 182.93118 to 182.94678
08-06 15:15:00.826 18417 18417 D CompassActivity: will set rotation from 182.94678 to 182.94722
08-06 15:15:00.838 20823 20823 D AndroidRuntime: Calling main entry com.android.commands.input.Input
08-06 15:15:00.841 20823 20823 I Input   : injectKeyEvent: KeyEvent { action=ACTION_DOWN, keyCode=KEYCODE_BACK, scanCode=0, metaState=0, flags=0x0, repeatCount=0, eventTime=890117254, downTime=890117254, deviceId=-1, source=0x101 }
08-06 15:15:00.841 18417 18478 I art     : Explicit concurrent mark sweep GC freed 918(36KB) AllocSpace objects, 0(0B) LOS objects, 6% free, 236MB/252MB, paused 2.264ms total 68.756ms
08-06 15:15:00.846 18417 18417 D CompassActivity: will set rotation from 182.94722 to 182.91495
08-06 15:15:00.846 18417 18417 D CompassActivity: will set rotation from 182.91495 to 182.9155
08-06 15:15:00.848 20823 20823 I Input   : injectKeyEvent: KeyEvent { action=ACTION_UP, keyCode=KEYCODE_BACK, scanCode=0, metaState=0, flags=0x0, repeatCount=0, eventTime=890117254, downTime=890117254, deviceId=-1, source=0x101 }
08-06 15:15:00.856 20823 20823 D AndroidRuntime: Shutting down VM
08-06 15:15:00.861   918  6110 I sensors : activate
08-06 15:15:00.862   918  3670 I sensors : activate
08-06 15:15:00.867   918  3188 I hubconnection: sensorhub said: 'activate 1 enable:0'
08-06 15:15:00.867 18417 18478 I art     : Starting a blocking GC Explicit
08-06 15:15:00.868   918  3188 I hubconnection: sensorhub said: 'activate 3 enable:0'
08-06 15:15:00.890 18417 18417 V MainActivity: url = https://project-travel-mate.herokuapp.com/api/number-of-unread-notifications
08-06 15:15:00.936 18417 18478 I art     : Explicit concurrent mark sweep GC freed 568(22KB) AllocSpace objects, 0(0B) LOS objects, 6% free, 236MB/252MB, paused 2.698ms total 68.951ms
08-06 15:15:00.964 18417 18478 I art     : Starting a blocking GC Explicit
08-06 15:15:01.011 13866 13866 I GoogleInputMethodServic: GoogleInputMethodService.onFinishInput():3138 
08-06 15:15:01.012 13866 13866 I GoogleInputMethodServic: GoogleInputMethodService.onStartInput():1808 
08-06 15:15:01.035 18417 18478 I art     : Explicit concurrent mark sweep GC freed 215(10KB) AllocSpace objects, 0(0B) LOS objects, 6% free, 236MB/252MB, paused 1.763ms total 70.398ms
08-06 15:15:01.061 18417 18478 I art     : Starting a blocking GC Explicit
08-06 15:15:01.123 18417 18478 I art     : Explicit concurrent mark sweep GC freed 74(4KB) AllocSpace objects, 0(0B) LOS objects, 6% free, 236MB/252MB, paused 1.863ms total 61.370ms
08-06 15:15:01.273 18417 18417 D CompassActivity: stop compass
08-06 15:15:01.273   380   380 W SurfaceFlinger: couldn't log to binary event log: overflow.
08-06 15:15:01.593 18417 18478 I art     : Starting a blocking GC Explicit
08-06 15:15:01.687 18417 18478 I art     : Explicit concurrent mark sweep GC freed 1675(97KB) AllocSpace objects, 2(48KB) LOS objects, 6% free, 236MB/252MB, paused 2.387ms total 92.524ms
08-06 15:15:01.716 18417 18478 I art     : Starting a blocking GC Explicit
08-06 15:15:01.772 18417 20846 I NAPPA_EXPERIMENTATION: MetricNetworkRequestExecutionTime: REQUEST_DURATION_SYSTEM='878',REQUEST_DURATION_OKHTTP='36',REQUEST_SYNCHRONOUS='FALSE',RESPONSE_CODE='200',RESPONSE_METHOD='GET',RESPONSE_LENGTH_OKHTTP='36',RESPONSE_LENGTH_HEADER='36',REQUEST_PROTOCOL='http/1.1',REQUEST_URL='https://project-travel-mate.herokuapp.com/api/number-of-unread-notifications',
08-06 15:15:01.810 18417 18478 I art     : Explicit concurrent mark sweep GC freed 3893(222KB) AllocSpace objects, 6(52MB) LOS objects, 7% free, 184MB/200MB, paused 2.361ms total 93.714ms
08-06 15:15:01.824 14704 14704 I ServiceManager: Waiting for service AtCmdFwd...
08-06 15:15:01.837 18417 18478 I art     : Starting a blocking GC Explicit
08-06 15:15:01.912 18417 18478 I art     : Explicit concurrent mark sweep GC freed 1181(125KB) AllocSpace objects, 0(0B) LOS objects, 7% free, 184MB/200MB, paused 2.451ms total 74.722ms
08-06 15:15:01.944 18417 18478 I art     : Starting a blocking GC Explicit
08-06 15:15:02.025 18417 18478 I art     : Explicit concurrent mark sweep GC freed 12(608B) AllocSpace objects, 0(0B) LOS objects, 7% free, 184MB/200MB, paused 2.365ms total 80.875ms
08-06 15:15:02.057 18417 18478 I art     : Starting a blocking GC Explicit
08-06 15:15:02.132 18417 18478 I art     : Explicit concurrent mark sweep GC freed 3(96B) AllocSpace objects, 0(0B) LOS objects, 7% free, 184MB/200MB, paused 2.060ms total 74.812ms
08-06 15:15:02.598 18417 19840 I art     : Starting a blocking GC Explicit
08-06 15:15:02.666 18417 19840 I art     : Explicit concurrent mark sweep GC freed 1636(95KB) AllocSpace objects, 2(48KB) LOS objects, 7% free, 184MB/200MB, paused 1.866ms total 67.405ms
08-06 15:15:02.691 18417 19840 I art     : Starting a blocking GC Explicit
08-06 15:15:02.761 20860 20860 D AndroidRuntime: >>>>>> START com.android.internal.os.RuntimeInit uid 2000 <<<<<<
08-06 15:15:02.768 18417 19840 I art     : Explicit concurrent mark sweep GC freed 40(1424B) AllocSpace objects, 0(0B) LOS objects, 7% free, 184MB/200MB, paused 2.272ms total 76.842ms
08-06 15:15:02.768 20860 20860 D AndroidRuntime: CheckJNI is OFF
08-06 15:15:02.799 18417 19840 I art     : Starting a blocking GC Explicit
08-06 15:15:02.824 14704 14704 W Atfwd_Sendcmd: AtCmdFwd service not published, waiting... retryCnt : 3
08-06 15:15:02.826 20860 20860 D ICU     : No timezone override file found: /data/misc/zoneinfo/current/icu/icu_tzdata.dat
08-06 15:15:02.865 18417 19840 I art     : Explicit concurrent mark sweep GC freed 4(128B) AllocSpace objects, 0(0B) LOS objects, 7% free, 184MB/200MB, paused 1.933ms total 65.382ms
08-06 15:15:02.870 20860 20860 I Radio-JNI: register_android_hardware_Radio DONE
08-06 15:15:02.891 18417 19840 I art     : Starting a blocking GC Explicit
08-06 15:15:02.904 20860 20860 D AndroidRuntime: Calling main entry com.android.commands.input.Input
08-06 15:15:02.906 20860 20860 I Input   : injectMotionEvent: MotionEvent { action=ACTION_DOWN, actionButton=0, id[0]=0, x[0]=500.0, y[0]=2000.0, toolType[0]=TOOL_TYPE_UNKNOWN, buttonState=0, metaState=0, flags=0x0, edgeFlags=0x0, pointerCount=1, historySize=0, eventTime=890119319, downTime=890119319, deviceId=0, source=0x1002 }
08-06 15:15:02.911 20860 20860 I Input   : injectMotionEvent: MotionEvent { action=ACTION_MOVE, actionButton=0, id[0]=0, x[0]=500.0, y[0]=2000.0, toolType[0]=TOOL_TYPE_UNKNOWN, buttonState=0, metaState=0, flags=0x0, edgeFlags=0x0, pointerCount=1, historySize=0, eventTime=890119319, downTime=890119319, deviceId=0, source=0x1002 }
08-06 15:15:02.925 20860 20860 I Input   : injectMotionEvent: MotionEvent { action=ACTION_MOVE, actionButton=0, id[0]=0, x[0]=500.0, y[0]=1962.0, toolType[0]=TOOL_TYPE_UNKNOWN, buttonState=0, metaState=0, flags=0x0, edgeFlags=0x0, pointerCount=1, historySize=0, eventTime=890119339, downTime=890119339, deviceId=0, source=0x1002 }
08-06 15:15:02.943 20860 20860 I Input   : injectMotionEvent: MotionEvent { action=ACTION_MOVE, actionButton=0, id[0]=0, x[0]=500.0, y[0]=1929.7, toolType[0]=TOOL_TYPE_UNKNOWN, buttonState=0, metaState=0, flags=0x0, edgeFlags=0x0, pointerCount=1, historySize=0, eventTime=890119356, downTime=890119356, deviceId=0, source=0x1002 }
08-06 15:15:02.964 18417 19840 I art     : Explicit concurrent mark sweep GC freed 46(1280B) AllocSpace objects, 0(0B) LOS objects, 7% free, 184MB/200MB, paused 2.631ms total 72.556ms
08-06 15:15:02.976 20860 20860 I Input   : injectMotionEvent: MotionEvent { action=ACTION_MOVE, actionButton=0, id[0]=0, x[0]=500.0, y[0]=1867.0, toolType[0]=TOOL_TYPE_UNKNOWN, buttonState=0, metaState=0, flags=0x0, edgeFlags=0x0, pointerCount=1, historySize=0, eventTime=890119389, downTime=890119389, deviceId=0, source=0x1002 }
08-06 15:15:02.995 18417 19840 I art     : Starting a blocking GC Explicit
08-06 15:15:03.000 20860 20860 I Input   : injectMotionEvent: MotionEvent { action=ACTION_MOVE, actionButton=0, id[0]=0, x[0]=500.0, y[0]=1821.4, toolType[0]=TOOL_TYPE_UNKNOWN, buttonState=0, metaState=0, flags=0x0, edgeFlags=0x0, pointerCount=1, historySize=0, eventTime=890119413, downTime=890119413, deviceId=0, source=0x1002 }
08-06 15:15:03.011 20860 20860 I Input   : injectMotionEvent: MotionEvent { action=ACTION_MOVE, actionButton=0, id[0]=0, x[0]=500.0, y[0]=1800.5, toolType[0]=TOOL_TYPE_UNKNOWN, buttonState=0, metaState=0, flags=0x0, edgeFlags=0x0, pointerCount=1, historySize=0, eventTime=890119424, downTime=890119424, deviceId=0, source=0x1002 }
08-06 15:15:03.027 20860 20860 I Input   : injectMotionEvent: MotionEvent { action=ACTION_MOVE, actionButton=0, id[0]=0, x[0]=500.0, y[0]=1770.1, toolType[0]=TOOL_TYPE_UNKNOWN, buttonState=0, metaState=0, flags=0x0, edgeFlags=0x0, pointerCount=1, historySize=0, eventTime=890119440, downTime=890119440, deviceId=0, source=0x1002 }
08-06 15:15:03.045 20860 20860 I Input   : injectMotionEvent: MotionEvent { action=ACTION_MOVE, actionButton=0, id[0]=0, x[0]=500.0, y[0]=1735.9, toolType[0]=TOOL_TYPE_UNKNOWN, buttonState=0, metaState=0, flags=0x0, edgeFlags=0x0, pointerCount=1, historySize=0, eventTime=890119458, downTime=890119458, deviceId=0, source=0x1002 }
08-06 15:15:03.059 20860 20860 I Input   : injectMotionEvent: MotionEvent { action=ACTION_MOVE, actionButton=0, id[0]=0, x[0]=500.0, y[0]=1707.4, toolType[0]=TOOL_TYPE_UNKNOWN, buttonState=0, metaState=0, flags=0x0, edgeFlags=0x0, pointerCount=1, historySize=0, eventTime=890119473, downTime=890119473, deviceId=0, source=0x1002 }
08-06 15:15:03.071 18417 19840 I art     : Explicit concurrent mark sweep GC freed 59(2016B) AllocSpace objects, 0(0B) LOS objects, 7% free, 184MB/200MB, paused 2.196ms total 75.330ms
08-06 15:15:03.076 20860 20860 I Input   : injectMotionEvent: MotionEvent { action=ACTION_MOVE, actionButton=0, id[0]=0, x[0]=500.0, y[0]=1677.0, toolType[0]=TOOL_TYPE_UNKNOWN, buttonState=0, metaState=0, flags=0x0, edgeFlags=0x0, pointerCount=1, historySize=0, eventTime=890119489, downTime=890119489, deviceId=0, source=0x1002 }
08-06 15:15:03.093 20860 20860 I Input   : injectMotionEvent: MotionEvent { action=ACTION_MOVE, actionButton=0, id[0]=0, x[0]=500.0, y[0]=1644.7, toolType[0]=TOOL_TYPE_UNKNOWN, buttonState=0, metaState=0, flags=0x0, edgeFlags=0x0, pointerCount=1, historySize=0, eventTime=890119506, downTime=890119506, deviceId=0, source=0x1002 }
08-06 15:15:03.111 20860 20860 I Input   : injectMotionEvent: MotionEvent { action=ACTION_MOVE, actionButton=0, id[0]=0, x[0]=500.0, y[0]=1610.5, toolType[0]=TOOL_TYPE_UNKNOWN, buttonState=0, metaState=0, flags=0x0, edgeFlags=0x0, pointerCount=1, historySize=0, eventTime=890119524, downTime=890119524, deviceId=0, source=0x1002 }
08-06 15:15:03.126 20860 20860 I Input   : injectMotionEvent: MotionEvent { action=ACTION_MOVE, actionButton=0, id[0]=0, x[0]=500.0, y[0]=1582.0, toolType[0]=TOOL_TYPE_UNKNOWN, buttonState=0, metaState=0, flags=0x0, edgeFlags=0x0, pointerCount=1, historySize=0, eventTime=890119539, downTime=890119539, deviceId=0, source=0x1002 }
08-06 15:15:03.144 20860 20860 I Input   : injectMotionEvent: MotionEvent { action=ACTION_MOVE, actionButton=0, id[0]=0, x[0]=500.0, y[0]=1551.6, toolType[0]=TOOL_TYPE_UNKNOWN, buttonState=0, metaState=0, flags=0x0, edgeFlags=0x0, pointerCount=1, historySize=0, eventTime=890119555, downTime=890119555, deviceId=0, source=0x1002 }
08-06 15:15:03.154   918  3261 D WifiStateMachine: starting scan for "H369AA63323"WPA_PSK with 2412,5180
08-06 15:15:03.160 20860 20860 I Input   : injectMotionEvent: MotionEvent { action=ACTION_MOVE, actionButton=0, id[0]=0, x[0]=500.0, y[0]=1517.4, toolType[0]=TOOL_TYPE_UNKNOWN, buttonState=0, metaState=0, flags=0x0, edgeFlags=0x0, pointerCount=1, historySize=0, eventTime=890119573, downTime=890119573, deviceId=0, source=0x1002 }
08-06 15:15:03.178 20860 20860 I Input   : injectMotionEvent: MotionEvent { action=ACTION_MOVE, actionButton=0, id[0]=0, x[0]=500.0, y[0]=1483.2, toolType[0]=TOOL_TYPE_UNKNOWN, buttonState=0, metaState=0, flags=0x0, edgeFlags=0x0, pointerCount=1, historySize=0, eventTime=890119591, downTime=890119591, deviceId=0, source=0x1002 }
08-06 15:15:03.193 20860 20860 I Input   : injectMotionEvent: MotionEvent { action=ACTION_MOVE, actionButton=0, id[0]=0, x[0]=500.0, y[0]=1452.8, toolType[0]=TOOL_TYPE_UNKNOWN, buttonState=0, metaState=0, flags=0x0, edgeFlags=0x0, pointerCount=1, historySize=0, eventTime=890119607, downTime=890119607, deviceId=0, source=0x1002 }
08-06 15:15:03.210 20860 20860 I Input   : injectMotionEvent: MotionEvent { action=ACTION_MOVE, actionButton=0, id[0]=0, x[0]=500.0, y[0]=1422.4, toolType[0]=TOOL_TYPE_UNKNOWN, buttonState=0, metaState=0, flags=0x0, edgeFlags=0x0, pointerCount=1, historySize=0, eventTime=890119623, downTime=890119623, deviceId=0, source=0x1002 }
08-06 15:15:03.230 20860 20860 I Input   : injectMotionEvent: MotionEvent { action=ACTION_MOVE, actionButton=0, id[0]=0, x[0]=500.0, y[0]=1384.4, toolType[0]=TOOL_TYPE_UNKNOWN, buttonState=0, metaState=0, flags=0x0, edgeFlags=0x0, pointerCount=1, historySize=0, eventTime=890119643, downTime=890119643, deviceId=0, source=0x1002 }
08-06 15:15:03.245 20860 20860 I Input   : injectMotionEvent: MotionEvent { action=ACTION_MOVE, actionButton=0, id[0]=0, x[0]=500.0, y[0]=1355.9, toolType[0]=TOOL_TYPE_UNKNOWN, buttonState=0, metaState=0, flags=0x0, edgeFlags=0x0, pointerCount=1, historySize=0, eventTime=890119658, downTime=890119658, deviceId=0, source=0x1002 }
08-06 15:15:03.263 20860 20860 I Input   : injectMotionEvent: MotionEvent { action=ACTION_MOVE, actionButton=0, id[0]=0, x[0]=500.0, y[0]=1321.7, toolType[0]=TOOL_TYPE_UNKNOWN, buttonState=0, metaState=0, flags=0x0, edgeFlags=0x0, pointerCount=1, historySize=0, eventTime=890119676, downTime=890119676, deviceId=0, source=0x1002 }
08-06 15:15:03.278 20860 20860 I Input   : injectMotionEvent: MotionEvent { action=ACTION_MOVE, actionButton=0, id[0]=0, x[0]=500.0, y[0]=1293.2, toolType[0]=TOOL_TYPE_UNKNOWN, buttonState=0, metaState=0, flags=0x0, edgeFlags=0x0, pointerCount=1, historySize=0, eventTime=890119691, downTime=890119691, deviceId=0, source=0x1002 }
08-06 15:15:03.302 20860 20860 I Input   : injectMotionEvent: MotionEvent { action=ACTION_MOVE, actionButton=0, id[0]=0, x[0]=500.0, y[0]=1255.2, toolType[0]=TOOL_TYPE_UNKNOWN, buttonState=0, metaState=0, flags=0x0, edgeFlags=0x0, pointerCount=1, historySize=0, eventTime=890119711, downTime=890119711, deviceId=0, source=0x1002 }
08-06 15:15:03.314 20860 20860 I Input   : injectMotionEvent: MotionEvent { action=ACTION_MOVE, actionButton=0, id[0]=0, x[0]=500.0, y[0]=1222.8999, toolType[0]=TOOL_TYPE_UNKNOWN, buttonState=0, metaState=0, flags=0x0, edgeFlags=0x0, pointerCount=1, historySize=0, eventTime=890119728, downTime=890119728, deviceId=0, source=0x1002 }
08-06 15:15:03.329 20860 20860 I Input   : injectMotionEvent: MotionEvent { action=ACTION_MOVE, actionButton=0, id[0]=0, x[0]=500.0, y[0]=1196.3, toolType[0]=TOOL_TYPE_UNKNOWN, buttonState=0, metaState=0, flags=0x0, edgeFlags=0x0, pointerCount=1, historySize=0, eventTime=890119742, downTime=890119742, deviceId=0, source=0x1002 }
08-06 15:15:03.405 20860 20860 I Input   : injectMotionEvent: MotionEvent { action=ACTION_MOVE, actionButton=0, id[0]=0, x[0]=500.0, y[0]=1051.8999, toolType[0]=TOOL_TYPE_UNKNOWN, buttonState=0, metaState=0, flags=0x0, edgeFlags=0x0, pointerCount=1, historySize=0, eventTime=890119818, downTime=890119818, deviceId=0, source=0x1002 }
08-06 15:15:03.464 20860 20860 I Input   : injectMotionEvent: MotionEvent { action=ACTION_MOVE, actionButton=0, id[0]=0, x[0]=500.0, y[0]=939.7999, toolType[0]=TOOL_TYPE_UNKNOWN, buttonState=0, metaState=0, flags=0x0, edgeFlags=0x0, pointerCount=1, historySize=0, eventTime=890119877, downTime=890119877, deviceId=0, source=0x1002 }
08-06 15:15:03.526 20860 20860 I Input   : injectMotionEvent: MotionEvent { action=ACTION_MOVE, actionButton=0, id[0]=0, x[0]=500.0, y[0]=822.0, toolType[0]=TOOL_TYPE_UNKNOWN, buttonState=0, metaState=0, flags=0x0, edgeFlags=0x0, pointerCount=1, historySize=0, eventTime=890119939, downTime=890119939, deviceId=0, source=0x1002 }
08-06 15:15:03.565 18417 18430 I art     : Starting a blocking GC Explicit
08-06 15:15:03.585 20860 20860 I Input   : injectMotionEvent: MotionEvent { action=ACTION_MOVE, actionButton=0, id[0]=0, x[0]=500.0, y[0]=709.8999, toolType[0]=TOOL_TYPE_UNKNOWN, buttonState=0, metaState=0, flags=0x0, edgeFlags=0x0, pointerCount=1, historySize=0, eventTime=890119998, downTime=890119998, deviceId=0, source=0x1002 }
08-06 15:15:03.637 18417 18430 I art     : Explicit concurrent mark sweep GC freed 1697(97KB) AllocSpace objects, 2(48KB) LOS objects, 7% free, 184MB/200MB, paused 1.844ms total 70.689ms
08-06 15:15:03.649 20860 20860 I Input   : injectMotionEvent: MotionEvent { action=ACTION_MOVE, actionButton=0, id[0]=0, x[0]=500.0, y[0]=588.30005, toolType[0]=TOOL_TYPE_UNKNOWN, buttonState=0, metaState=0, flags=0x0, edgeFlags=0x0, pointerCount=1, historySize=0, eventTime=890120062, downTime=890120062, deviceId=0, source=0x1002 }
08-06 15:15:03.660 18417 18430 I art     : Starting a blocking GC Explicit
08-06 15:15:03.709 20860 20860 I Input   : injectMotionEvent: MotionEvent { action=ACTION_MOVE, actionButton=0, id[0]=0, x[0]=500.0, y[0]=474.30005, toolType[0]=TOOL_TYPE_UNKNOWN, buttonState=0, metaState=0, flags=0x0, edgeFlags=0x0, pointerCount=1, historySize=0, eventTime=890120122, downTime=890120122, deviceId=0, source=0x1002 }
08-06 15:15:03.723 18417 18430 I art     : Explicit concurrent mark sweep GC freed 30(1104B) AllocSpace objects, 0(0B) LOS objects, 7% free, 184MB/200MB, paused 1.828ms total 62.616ms
08-06 15:15:03.746 18417 18430 I art     : Starting a blocking GC Explicit
08-06 15:15:03.771 20860 20860 I Input   : injectMotionEvent: MotionEvent { action=ACTION_MOVE, actionButton=0, id[0]=0, x[0]=500.0, y[0]=356.5, toolType[0]=TOOL_TYPE_UNKNOWN, buttonState=0, metaState=0, flags=0x0, edgeFlags=0x0, pointerCount=1, historySize=0, eventTime=890120184, downTime=890120184, deviceId=0, source=0x1002 }
08-06 15:15:03.814 18417 18430 I art     : Explicit concurrent mark sweep GC freed 8(256B) AllocSpace objects, 0(0B) LOS objects, 7% free, 184MB/200MB, paused 1.861ms total 67.548ms
08-06 15:15:03.837 18417 18430 I art     : Starting a blocking GC Explicit
08-06 15:15:03.858 20860 20860 I Input   : injectMotionEvent: MotionEvent { action=ACTION_MOVE, actionButton=0, id[0]=0, x[0]=500.0, y[0]=191.19995, toolType[0]=TOOL_TYPE_UNKNOWN, buttonState=0, metaState=0, flags=0x0, edgeFlags=0x0, pointerCount=1, historySize=0, eventTime=890120271, downTime=890120271, deviceId=0, source=0x1002 }
08-06 15:15:03.896 20860 20860 I Input   : injectMotionEvent: MotionEvent { action=ACTION_MOVE, actionButton=0, id[0]=0, x[0]=500.0, y[0]=117.099976, toolType[0]=TOOL_TYPE_UNKNOWN, buttonState=0, metaState=0, flags=0x0, edgeFlags=0x0, pointerCount=1, historySize=0, eventTime=890120310, downTime=890120310, deviceId=0, source=0x1002 }
08-06 15:15:03.904 18417 18430 I art     : Explicit concurrent mark sweep GC freed 45(1248B) AllocSpace objects, 0(0B) LOS objects, 7% free, 184MB/200MB, paused 1.866ms total 66.366ms
08-06 15:15:03.927 18417 18430 I art     : Starting a blocking GC Explicit
08-06 15:15:03.937 20860 20860 I Input   : injectMotionEvent: MotionEvent { action=ACTION_UP, actionButton=0, id[0]=0, x[0]=500.0, y[0]=100.0, toolType[0]=TOOL_TYPE_UNKNOWN, buttonState=0, metaState=0, flags=0x0, edgeFlags=0x0, pointerCount=1, historySize=0, eventTime=890120351, downTime=890120351, deviceId=0, source=0x1002 }
08-06 15:15:03.977 20860 20860 D AndroidRuntime: Shutting down VM
08-06 15:15:03.991 18417 18430 I art     : Explicit concurrent mark sweep GC freed 15(688B) AllocSpace objects, 0(0B) LOS objects, 7% free, 184MB/200MB, paused 1.799ms total 63.284ms
08-06 15:15:04.467 18417 18429 I art     : Starting a blocking GC Explicit
08-06 15:15:04.534 18417 18429 I art     : Explicit concurrent mark sweep GC freed 1660(96KB) AllocSpace objects, 2(48KB) LOS objects, 7% free, 184MB/200MB, paused 4.983ms total 66.464ms
08-06 15:15:04.558 18417 18429 I art     : Starting a blocking GC Explicit
08-06 15:15:04.621 18417 18429 I art     : Explicit concurrent mark sweep GC freed 52(2176B) AllocSpace objects, 0(0B) LOS objects, 7% free, 184MB/200MB, paused 1.825ms total 62.719ms
08-06 15:15:04.650 18417 18429 I art     : Starting a blocking GC Explicit
08-06 15:15:04.721 18417 18429 I art     : Explicit concurrent mark sweep GC freed 3(96B) AllocSpace objects, 0(0B) LOS objects, 7% free, 184MB/200MB, paused 1.819ms total 69.920ms
08-06 15:15:04.748 18417 18429 I art     : Starting a blocking GC Explicit
08-06 15:15:04.836 20903 20903 D AndroidRuntime: >>>>>> START com.android.internal.os.RuntimeInit uid 2000 <<<<<<
08-06 15:15:04.841 20903 20903 D AndroidRuntime: CheckJNI is OFF
08-06 15:15:04.843 18417 18429 I art     : Explicit concurrent mark sweep GC freed 3(96B) AllocSpace objects, 0(0B) LOS objects, 7% free, 184MB/200MB, paused 1.777ms total 95.261ms
08-06 15:15:04.867 18417 18429 I art     : Starting a blocking GC Explicit
08-06 15:15:04.884 20903 20903 D ICU     : No timezone override file found: /data/misc/zoneinfo/current/icu/icu_tzdata.dat
08-06 15:15:04.927 20903 20903 I Radio-JNI: register_android_hardware_Radio DONE
08-06 15:15:04.930 18417 18429 I art     : Explicit concurrent mark sweep GC freed 40(1088B) AllocSpace objects, 0(0B) LOS objects, 7% free, 184MB/200MB, paused 1.990ms total 62.851ms
08-06 15:15:04.959 20903 20903 D AndroidRuntime: Calling main entry com.android.commands.input.Input
08-06 15:15:04.962 20903 20903 I Input   : injectMotionEvent: MotionEvent { action=ACTION_DOWN, actionButton=0, id[0]=0, x[0]=500.0, y[0]=2000.0, toolType[0]=TOOL_TYPE_UNKNOWN, buttonState=0, metaState=0, flags=0x0, edgeFlags=0x0, pointerCount=1, historySize=0, eventTime=890121374, downTime=890121374, deviceId=0, source=0x1002 }
08-06 15:15:04.967 20903 20903 I Input   : injectMotionEvent: MotionEvent { action=ACTION_MOVE, actionButton=0, id[0]=0, x[0]=500.0, y[0]=2000.0, toolType[0]=TOOL_TYPE_UNKNOWN, buttonState=0, metaState=0, flags=0x0, edgeFlags=0x0, pointerCount=1, historySize=0, eventTime=890121374, downTime=890121374, deviceId=0, source=0x1002 }
08-06 15:15:04.978 20903 20903 I Input   : injectMotionEvent: MotionEvent { action=ACTION_MOVE, actionButton=0, id[0]=0, x[0]=500.0, y[0]=1967.7, toolType[0]=TOOL_TYPE_UNKNOWN, buttonState=0, metaState=0, flags=0x0, edgeFlags=0x0, pointerCount=1, historySize=0, eventTime=890121391, downTime=890121391, deviceId=0, source=0x1002 }
08-06 15:15:04.994 20903 20903 I Input   : injectMotionEvent: MotionEvent { action=ACTION_MOVE, actionButton=0, id[0]=0, x[0]=500.0, y[0]=1937.3, toolType[0]=TOOL_TYPE_UNKNOWN, buttonState=0, metaState=0, flags=0x0, edgeFlags=0x0, pointerCount=1, historySize=0, eventTime=890121407, downTime=890121407, deviceId=0, source=0x1002 }
08-06 15:15:05.014 20903 20903 I Input   : injectMotionEvent: MotionEvent { action=ACTION_MOVE, actionButton=0, id[0]=0, x[0]=500.0, y[0]=1899.3, toolType[0]=TOOL_TYPE_UNKNOWN, buttonState=0, metaState=0, flags=0x0, edgeFlags=0x0, pointerCount=1, historySize=0, eventTime=890121427, downTime=890121427, deviceId=0, source=0x1002 }
08-06 15:15:05.116 20903 20903 I Input   : injectMotionEvent: MotionEvent { action=ACTION_MOVE, actionButton=0, id[0]=0, x[0]=500.0, y[0]=1705.5, toolType[0]=TOOL_TYPE_UNKNOWN, buttonState=0, metaState=0, flags=0x0, edgeFlags=0x0, pointerCount=1, historySize=0, eventTime=890121529, downTime=890121529, deviceId=0, source=0x1002 }
08-06 15:15:05.159 20903 20903 I Input   : injectMotionEvent: MotionEvent { action=ACTION_MOVE, actionButton=0, id[0]=0, x[0]=500.0, y[0]=1623.8, toolType[0]=TOOL_TYPE_UNKNOWN, buttonState=0, metaState=0, flags=0x0, edgeFlags=0x0, pointerCount=1, historySize=0, eventTime=890121572, downTime=890121572, deviceId=0, source=0x1002 }
08-06 15:15:05.208 20903 20903 I Input   : injectMotionEvent: MotionEvent { action=ACTION_MOVE, actionButton=0, id[0]=0, x[0]=500.0, y[0]=1530.7, toolType[0]=TOOL_TYPE_UNKNOWN, buttonState=0, metaState=0, flags=0x0, edgeFlags=0x0, pointerCount=1, historySize=0, eventTime=890121621, downTime=890121621, deviceId=0, source=0x1002 }
08-06 15:15:05.245 20903 20903 I Input   : injectMotionEvent: MotionEvent { action=ACTION_MOVE, actionButton=0, id[0]=0, x[0]=500.0, y[0]=1458.5, toolType[0]=TOOL_TYPE_UNKNOWN, buttonState=0, metaState=0, flags=0x0, edgeFlags=0x0, pointerCount=1, historySize=0, eventTime=890121659, downTime=890121659, deviceId=0, source=0x1002 }
08-06 15:15:05.283 20903 20903 I Input   : injectMotionEvent: MotionEvent { action=ACTION_MOVE, actionButton=0, id[0]=0, x[0]=500.0, y[0]=1386.3, toolType[0]=TOOL_TYPE_UNKNOWN, buttonState=0, metaState=0, flags=0x0, edgeFlags=0x0, pointerCount=1, historySize=0, eventTime=890121697, downTime=890121697, deviceId=0, source=0x1002 }
08-06 15:15:05.322 20903 20903 I Input   : injectMotionEvent: MotionEvent { action=ACTION_MOVE, actionButton=0, id[0]=0, x[0]=500.0, y[0]=1314.1, toolType[0]=TOOL_TYPE_UNKNOWN, buttonState=0, metaState=0, flags=0x0, edgeFlags=0x0, pointerCount=1, historySize=0, eventTime=890121735, downTime=890121735, deviceId=0, source=0x1002 }
08-06 15:15:05.361 20903 20903 I Input   : injectMotionEvent: MotionEvent { action=ACTION_MOVE, actionButton=0, id[0]=0, x[0]=500.0, y[0]=1240.0, toolType[0]=TOOL_TYPE_UNKNOWN, buttonState=0, metaState=0, flags=0x0, edgeFlags=0x0, pointerCount=1, historySize=0, eventTime=890121774, downTime=890121774, deviceId=0, source=0x1002 }
08-06 15:15:05.380 18417 19840 I art     : Starting a blocking GC Explicit
08-06 15:15:05.400 20903 20903 I Input   : injectMotionEvent: MotionEvent { action=ACTION_MOVE, actionButton=0, id[0]=0, x[0]=500.0, y[0]=1165.8999, toolType[0]=TOOL_TYPE_UNKNOWN, buttonState=0, metaState=0, flags=0x0, edgeFlags=0x0, pointerCount=1, historySize=0, eventTime=890121813, downTime=890121813, deviceId=0, source=0x1002 }
08-06 15:15:05.439 20903 20903 I Input   : injectMotionEvent: MotionEvent { action=ACTION_MOVE, actionButton=0, id[0]=0, x[0]=500.0, y[0]=1091.8, toolType[0]=TOOL_TYPE_UNKNOWN, buttonState=0, metaState=0, flags=0x0, edgeFlags=0x0, pointerCount=1, historySize=0, eventTime=890121852, downTime=890121852, deviceId=0, source=0x1002 }
08-06 15:15:05.448 18417 19840 I art     : Explicit concurrent mark sweep GC freed 1645(95KB) AllocSpace objects, 2(48KB) LOS objects, 7% free, 184MB/200MB, paused 1.825ms total 67.112ms
08-06 15:15:05.474 18417 19840 I art     : Starting a blocking GC Explicit
08-06 15:15:05.480 20903 20903 I Input   : injectMotionEvent: MotionEvent { action=ACTION_MOVE, actionButton=0, id[0]=0, x[0]=500.0, y[0]=1013.9, toolType[0]=TOOL_TYPE_UNKNOWN, buttonState=0, metaState=0, flags=0x0, edgeFlags=0x0, pointerCount=1, historySize=0, eventTime=890121893, downTime=890121893, deviceId=0, source=0x1002 }
08-06 15:15:05.518 20903 20903 I Input   : injectMotionEvent: MotionEvent { action=ACTION_MOVE, actionButton=0, id[0]=0, x[0]=500.0, y[0]=941.7001, toolType[0]=TOOL_TYPE_UNKNOWN, buttonState=0, metaState=0, flags=0x0, edgeFlags=0x0, pointerCount=1, historySize=0, eventTime=890121931, downTime=890121931, deviceId=0, source=0x1002 }
08-06 15:15:05.539 18417 19840 I art     : Explicit concurrent mark sweep GC freed 30(1104B) AllocSpace objects, 0(0B) LOS objects, 7% free, 184MB/200MB, paused 2.026ms total 64.002ms
08-06 15:15:05.557 20903 20903 I Input   : injectMotionEvent: MotionEvent { action=ACTION_MOVE, actionButton=0, id[0]=0, x[0]=500.0, y[0]=867.6, toolType[0]=TOOL_TYPE_UNKNOWN, buttonState=0, metaState=0, flags=0x0, edgeFlags=0x0, pointerCount=1, historySize=0, eventTime=890121970, downTime=890121970, deviceId=0, source=0x1002 }
08-06 15:15:05.562 18417 19840 I art     : Starting a blocking GC Explicit
08-06 15:15:05.596 20903 20903 I Input   : injectMotionEvent: MotionEvent { action=ACTION_MOVE, actionButton=0, id[0]=0, x[0]=500.0, y[0]=795.4, toolType[0]=TOOL_TYPE_UNKNOWN, buttonState=0, metaState=0, flags=0x0, edgeFlags=0x0, pointerCount=1, historySize=0, eventTime=890122008, downTime=890122008, deviceId=0, source=0x1002 }
08-06 15:15:05.628 18417 19840 I art     : Explicit concurrent mark sweep GC freed 3(96B) AllocSpace objects, 0(0B) LOS objects, 7% free, 184MB/200MB, paused 1.895ms total 64.796ms
08-06 15:15:05.636 20903 20903 I Input   : injectMotionEvent: MotionEvent { action=ACTION_MOVE, actionButton=0, id[0]=0, x[0]=500.0, y[0]=717.5, toolType[0]=TOOL_TYPE_UNKNOWN, buttonState=0, metaState=0, flags=0x0, edgeFlags=0x0, pointerCount=1, historySize=0, eventTime=890122049, downTime=890122049, deviceId=0, source=0x1002 }
08-06 15:15:05.652 18417 19840 I art     : Starting a blocking GC Explicit
08-06 15:15:05.674 20903 20903 I Input   : injectMotionEvent: MotionEvent { action=ACTION_MOVE, actionButton=0, id[0]=0, x[0]=500.0, y[0]=643.4, toolType[0]=TOOL_TYPE_UNKNOWN, buttonState=0, metaState=0, flags=0x0, edgeFlags=0x0, pointerCount=1, historySize=0, eventTime=890122088, downTime=890122088, deviceId=0, source=0x1002 }
08-06 15:15:05.713 20903 20903 I Input   : injectMotionEvent: MotionEvent { action=ACTION_MOVE, actionButton=0, id[0]=0, x[0]=500.0, y[0]=571.2001, toolType[0]=TOOL_TYPE_UNKNOWN, buttonState=0, metaState=0, flags=0x0, edgeFlags=0x0, pointerCount=1, historySize=0, eventTime=890122126, downTime=890122126, deviceId=0, source=0x1002 }
08-06 15:15:05.720 18417 19840 I art     : Explicit concurrent mark sweep GC freed 8(256B) AllocSpace objects, 0(0B) LOS objects, 7% free, 184MB/200MB, paused 2.093ms total 68.244ms
08-06 15:15:05.744 18417 19840 I art     : Starting a blocking GC Explicit
08-06 15:15:05.751 20903 20903 I Input   : injectMotionEvent: MotionEvent { action=ACTION_MOVE, actionButton=0, id[0]=0, x[0]=500.0, y[0]=497.09998, toolType[0]=TOOL_TYPE_UNKNOWN, buttonState=0, metaState=0, flags=0x0, edgeFlags=0x0, pointerCount=1, historySize=0, eventTime=890122165, downTime=890122165, deviceId=0, source=0x1002 }
08-06 15:15:05.791 20903 20903 I Input   : injectMotionEvent: MotionEvent { action=ACTION_MOVE, actionButton=0, id[0]=0, x[0]=500.0, y[0]=423.0, toolType[0]=TOOL_TYPE_UNKNOWN, buttonState=0, metaState=0, flags=0x0, edgeFlags=0x0, pointerCount=1, historySize=0, eventTime=890122204, downTime=890122204, deviceId=0, source=0x1002 }
08-06 15:15:05.815 18417 19840 I art     : Explicit concurrent mark sweep GC freed 8(256B) AllocSpace objects, 0(0B) LOS objects, 7% free, 184MB/200MB, paused 1.861ms total 70.337ms
08-06 15:15:05.816 18417 18427 I art     : WaitForGcToComplete blocked for 67.472ms for cause HeapTrim
08-06 15:15:05.830 20903 20903 I Input   : injectMotionEvent: MotionEvent { action=ACTION_MOVE, actionButton=0, id[0]=0, x[0]=500.0, y[0]=350.80005, toolType[0]=TOOL_TYPE_UNKNOWN, buttonState=0, metaState=0, flags=0x0, edgeFlags=0x0, pointerCount=1, historySize=0, eventTime=890122242, downTime=890122242, deviceId=0, source=0x1002 }
08-06 15:15:05.865 20903 20903 I Input   : injectMotionEvent: MotionEvent { action=ACTION_MOVE, actionButton=0, id[0]=0, x[0]=500.0, y[0]=280.5, toolType[0]=TOOL_TYPE_UNKNOWN, buttonState=0, metaState=0, flags=0x0, edgeFlags=0x0, pointerCount=1, historySize=0, eventTime=890122279, downTime=890122279, deviceId=0, source=0x1002 }
08-06 15:15:05.904 20903 20903 I Input   : injectMotionEvent: MotionEvent { action=ACTION_MOVE, actionButton=0, id[0]=0, x[0]=500.0, y[0]=208.29993, toolType[0]=TOOL_TYPE_UNKNOWN, buttonState=0, metaState=0, flags=0x0, edgeFlags=0x0, pointerCount=1, historySize=0, eventTime=890122317, downTime=890122317, deviceId=0, source=0x1002 }
08-06 15:15:05.941 20903 20903 I Input   : injectMotionEvent: MotionEvent { action=ACTION_MOVE, actionButton=0, id[0]=0, x[0]=500.0, y[0]=138.0, toolType[0]=TOOL_TYPE_UNKNOWN, buttonState=0, metaState=0, flags=0x0, edgeFlags=0x0, pointerCount=1, historySize=0, eventTime=890122354, downTime=890122354, deviceId=0, source=0x1002 }
08-06 15:15:05.978 20903 20903 I Input   : injectMotionEvent: MotionEvent { action=ACTION_UP, actionButton=0, id[0]=0, x[0]=500.0, y[0]=100.0, toolType[0]=TOOL_TYPE_UNKNOWN, buttonState=0, metaState=0, flags=0x0, edgeFlags=0x0, pointerCount=1, historySize=0, eventTime=890122391, downTime=890122391, deviceId=0, source=0x1002 }
08-06 15:15:06.017 20903 20903 D AndroidRuntime: Shutting down VM
08-06 15:15:06.272 18417 18430 I art     : Starting a blocking GC Explicit
08-06 15:15:06.343 18417 18430 I art     : Explicit concurrent mark sweep GC freed 1667(95KB) AllocSpace objects, 2(48KB) LOS objects, 7% free, 184MB/200MB, paused 2.305ms total 70.527ms
08-06 15:15:06.369 18417 18430 I art     : Starting a blocking GC Explicit
08-06 15:15:06.439 18417 18430 I art     : Explicit concurrent mark sweep GC freed 30(1104B) AllocSpace objects, 0(0B) LOS objects, 7% free, 184MB/200MB, paused 2.194ms total 69.800ms
08-06 15:15:06.465 18417 18430 I art     : Starting a blocking GC Explicit
08-06 15:15:06.536 18417 18430 I art     : Explicit concurrent mark sweep GC freed 3(96B) AllocSpace objects, 0(0B) LOS objects, 7% free, 184MB/200MB, paused 2.051ms total 70.189ms
08-06 15:15:06.563 18417 18430 I art     : Starting a blocking GC Explicit
08-06 15:15:06.634 18417 18430 I art     : Explicit concurrent mark sweep GC freed 3(96B) AllocSpace objects, 0(0B) LOS objects, 7% free, 184MB/200MB, paused 2.042ms total 70.336ms
08-06 15:15:06.660 18417 18430 I art     : Starting a blocking GC Explicit
08-06 15:15:06.732 18417 18430 I art     : Explicit concurrent mark sweep GC freed 3(96B) AllocSpace objects, 0(0B) LOS objects, 7% free, 184MB/200MB, paused 2.040ms total 72.013ms
08-06 15:15:06.895 20943 20943 D AndroidRuntime: >>>>>> START com.android.internal.os.RuntimeInit uid 2000 <<<<<<
08-06 15:15:06.904 20943 20943 D AndroidRuntime: CheckJNI is OFF
08-06 15:15:06.962 20943 20943 D ICU     : No timezone override file found: /data/misc/zoneinfo/current/icu/icu_tzdata.dat
08-06 15:15:07.007 20943 20943 I Radio-JNI: register_android_hardware_Radio DONE
08-06 15:15:07.040 20943 20943 D AndroidRuntime: Calling main entry com.android.commands.input.Input
08-06 15:15:07.042 20943 20943 I Input   : injectMotionEvent: MotionEvent { action=ACTION_DOWN, actionButton=0, id[0]=0, x[0]=657.0, y[0]=2080.0, toolType[0]=TOOL_TYPE_UNKNOWN, buttonState=0, metaState=0, flags=0x0, edgeFlags=0x0, pointerCount=1, historySize=0, eventTime=890123454, downTime=890123454, deviceId=0, source=0x1002 }
08-06 15:15:07.047 20943 20943 I Input   : injectMotionEvent: MotionEvent { action=ACTION_UP, actionButton=0, id[0]=0, x[0]=657.0, y[0]=2080.0, toolType[0]=TOOL_TYPE_UNKNOWN, buttonState=0, metaState=0, flags=0x0, edgeFlags=0x0, pointerCount=1, historySize=0, eventTime=890123454, downTime=890123454, deviceId=0, source=0x1002 }
08-06 15:15:07.049 20943 20943 D AndroidRuntime: Shutting down VM
08-06 15:15:07.050   918   928 I ActivityManager: START u0 {cmp=baseline.io.github.project_travel_mate/.utilities.UpcomingWeekendsActivity} from uid 10696 on display 0
08-06 15:15:07.053   512  2967 D audio_hw_primary: out_set_parameters: enter: usecase(1: low-latency-playback) kvpairs: routing=2
08-06 15:15:07.066   512  2967 D audio_hw_primary: select_devices: out_snd_device(2: speaker) in_snd_device(0: none)
08-06 15:15:07.066   512  2967 D msm8974_platform: platform_send_audio_calibration: sending audio calibration for snd_device(2) acdb_id(15)
08-06 15:15:07.066   512  2967 I soundtrigger: audio_extn_sound_trigger_update_device_status: device 0x2 of type 0 for Event 1
08-06 15:15:07.084   512  2967 D audio_hw_primary: enable_snd_device: snd_device(2: speaker)
08-06 15:15:07.087   512  2967 D audio_hw_primary: enable_audio_route: apply and update mixer path: low-latency-playback speaker
08-06 15:15:07.099 18417 18498 D Gabe    : call	returning from cache
08-06 15:15:07.103 18417 18417 V EXECUTING: https://project-travel-mate.herokuapp.com/api/get-upcoming-holidays/2020
08-06 15:15:07.107 18417 18417 V EXECUTING: https://project-travel-mate.herokuapp.com/api/get-upcoming-holidays/2020
08-06 15:15:07.204 18417 18478 I art     : Starting a blocking GC Explicit
08-06 15:15:07.215 13866 13866 I GoogleInputMethodServic: GoogleInputMethodService.onFinishInput():3138 
08-06 15:15:07.215 13866 13866 I GoogleInputMethodServic: GoogleInputMethodService.onStartInput():1808 
08-06 15:15:07.277 18417 18478 I art     : Explicit concurrent mark sweep GC freed 3316(189KB) AllocSpace objects, 2(48KB) LOS objects, 7% free, 189MB/205MB, paused 2.619ms total 72.621ms
08-06 15:15:07.303 18417 18478 I art     : Starting a blocking GC Explicit
08-06 15:15:07.322   918   936 I ActivityManager: Displayed baseline.io.github.project_travel_mate/.utilities.UpcomingWeekendsActivity: +263ms
08-06 15:15:07.370 18417 18478 I art     : Explicit concurrent mark sweep GC freed 380(16KB) AllocSpace objects, 0(0B) LOS objects, 7% free, 189MB/205MB, paused 2.671ms total 67.374ms
08-06 15:15:07.397 18417 18478 I art     : Starting a blocking GC Explicit
08-06 15:15:07.466 18417 18478 I art     : Explicit concurrent mark sweep GC freed 93(1632B) AllocSpace objects, 0(0B) LOS objects, 7% free, 189MB/205MB, paused 2.191ms total 68.387ms
08-06 15:15:07.494 18417 18478 I art     : Starting a blocking GC Explicit
08-06 15:15:07.570 18417 18478 I art     : Explicit concurrent mark sweep GC freed 136(2784B) AllocSpace objects, 0(0B) LOS objects, 7% free, 189MB/205MB, paused 3.265ms total 75.598ms
08-06 15:15:07.580   380   380 W SurfaceFlinger: couldn't log to binary event log: overflow.
08-06 15:15:07.602 18417 18478 I art     : Starting a blocking GC Explicit
08-06 15:15:07.638   512  2967 D audio_hw_primary: disable_audio_route: reset and update mixer path: low-latency-playback speaker
08-06 15:15:07.639   512  2967 D audio_hw_primary: disable_snd_device: snd_device(2: speaker)
08-06 15:15:07.647   512  2967 I soundtrigger: audio_extn_sound_trigger_update_device_status: device 0x2 of type 0 for Event 0
08-06 15:15:07.666 18417 18478 I art     : Explicit concurrent mark sweep GC freed 161(2928B) AllocSpace objects, 0(0B) LOS objects, 7% free, 189MB/205MB, paused 2.127ms total 63.721ms
08-06 15:15:07.835 18417 20966 I NAPPA_EXPERIMENTATION: MetricNetworkRequestExecutionTime: REQUEST_DURATION_SYSTEM='731',REQUEST_DURATION_OKHTTP='59',REQUEST_SYNCHRONOUS='FALSE',RESPONSE_CODE='200',RESPONSE_METHOD='GET',RESPONSE_LENGTH_OKHTTP='6426',RESPONSE_LENGTH_HEADER='6426',REQUEST_PROTOCOL='http/1.1',REQUEST_URL='https://project-travel-mate.herokuapp.com/api/get-upcoming-holidays/2020',
08-06 15:15:07.843 18417 20967 I NAPPA_EXPERIMENTATION: MetricNetworkRequestExecutionTime: REQUEST_DURATION_SYSTEM='735',REQUEST_DURATION_OKHTTP='62',REQUEST_SYNCHRONOUS='FALSE',RESPONSE_CODE='200',RESPONSE_METHOD='GET',RESPONSE_LENGTH_OKHTTP='6426',RESPONSE_LENGTH_HEADER='6426',REQUEST_PROTOCOL='http/1.1',REQUEST_URL='https://project-travel-mate.herokuapp.com/api/get-upcoming-holidays/2020',
08-06 15:15:07.933 18417 18417 V Response: [{"month":"January","date":1,"day":"Wednesday","name":"New Year's Day","type":"Restricted"},{"month":"January","date":2,"day":"Thursday","name":"Guru Govind Singh Jayanti","type":"Restricted"},{"month":"January","date":14,"day":"Tuesday","name":"Lohri","type":"Restricted"},{"month":"January","date":15,"day":"Wednesday","name":"Pongal","type":"Restricted"},{"month":"January","date":15,"day":"Wednesday","name":"Makar Sankranti","type":"Restricted"},{"month":"January","date":25,"day":"Saturday","name":"Chinese New Year","type":"Observance"},{"month":"January","date":26,"day":"Sunday","name":"Republic Day","type":"Gazetted"},{"month":"January","date":30,"day":"Thursday","name":"Vasant Panchami","type":"Restricted"},{"month":"February","date":9,"day":"Sunday","name":"Guru Ravidas Jayanti","type":"Restricted"},{"month":"February","date":14,"day":"Friday","name":"Valentine's Day","type":"Observance"},{"month":"February","date":18,"day":"Tuesday","name":"Maharishi Dayanand Saraswati Jayanti","type":"Restricted"},{"month":"February","date":19,"day":"Wednesday","name":"Shivaji Jayanti","type":"Restricted"},{"month":"February","date":21,"day":"Friday","name":"Maha Shivaratri/Shivaratri","type":"Gazetted"},{"month":"March","date":9,"day":"Monday","name":"Holika Dahana","type":"Restricted"},{"month":"March","date":9,"day":"Monday","name":"Hazarat Ali's Birthday","type":"Restricted"},{"month":"March","date":10,"day":"Tuesday","name":"Holi","type":"Gazetted"},{"month":"March","date":20,"day":"Friday","name":"March Equinox","type":"Season"},{"month":"March","date":25,"day":"Wednesday","name":"Chaitra Sukhladi","type":"Restricted"},{"month":"April","date":2,"day":"Thursday","name":"Rama Navami","type":"Gazetted"},{"month":"April","date":6,"day":"Monday","name":"Mahavir Jayanti","type":"Gazetted"},{"month":"April","date":9,"day":"Thursday","name":"First day of Passover","type":"Observance"},{"month":"April","date":9,"day":"Thursday","name":"Maundy Thursday","type":"Observance,"},{"month":"April","date":10,"day":"Friday","name":"Good Friday","type":"Gazetted"},{"month":"April","date":12,"day":"Sunday","name":"Easter Day","type":"Restricted"},{"month":"April","date":13,"day":"Monday","name":"Vaisakhi","type":"Restricted"},{"month":"April","date":14,"day":"Tuesday","name":"Mesadi/Vaisakhadi","type":"Restricted"},{"month":"April","date":14,"day":"Tuesday","name":"Ambedkar Jayanti","type":"Central"},{"month":"May","date":1,"day":"Friday","name":"May Day","type":"Observance"},{"month":"May","date":7,"day":"Thursday","name":"Buddha Purnima/Vesak","type":"Gazetted"},{"month":"May","date":7,"day":"Thursday","name":"Birthday of Ravindranath","type":"Restricted"},{"month":"May","date":10,"day":"Sunday","name":"Mother's Day","type":"Observance"},{"month":"May","date":22,"day":"Friday","name":"Jamat Ul-Vida","type":"Restricted"},{"month":"May","date":25,"day":"Monday","name":"Ramzan Id/Eid-ul-Fitar","type":"Gazetted"},{"month":"May","date":25,"day":"Monday","name":"Ramzan Id/Eid-ul-Fitar","type":"Muslim,"},{"month":"June","date":21,"day":"Sunday","name":"June Solstice","type":"Season"},{"month":"June","date":21,"day":"Sunday","name":"Father's Day","type":"Observance"},{"month":"June","date":23,"day":"Tuesday","name":"Rath Yatra","type":"Restricted"},{"month":"July","date":5,"day":"Sunday","name":"Guru Purnima","type":"Observance"},{"month":"July","date":31,"day":"Friday","name":"Bakr Id/Eid ul-Adha","type":"Gazetted"},{"month":"August","date":2,"day":"Sunday","name":"Friendship Day","type":"Observance"},{"month":"August","date":3,"day":"Monday","name":"Raksha Bandhan (Rakhi)","type":"Restricted"},{"month":"August","date":11,"day":"Tuesday","name":"Janmashtami (Smarta)","type":"Restricted"},{"month":"August","date":12,"day":"Wednesday","name":"Janmashtami","type":"Gazetted"},{"month":"August","date":15,"day":"Saturday","name":"Independence Day","type":"Gazetted"},{"month":"August","date":16,"day":"Sunday","name":"Parsi New Year","type":"Restricted"},{"month":"August","date":22,"day":"Saturday","name":"Ganesh Chaturthi/Vin
08-06 15:15:07.937 18417 18417 V Response: [{"month":"January","date":1,"day":"Wednesday","name":"New Year's Day","type":"Restricted"},{"month":"January","date":2,"day":"Thursday","name":"Guru Govind Singh Jayanti","type":"Restricted"},{"month":"January","date":14,"day":"Tuesday","name":"Lohri","type":"Restricted"},{"month":"January","date":15,"day":"Wednesday","name":"Pongal","type":"Restricted"},{"month":"January","date":15,"day":"Wednesday","name":"Makar Sankranti","type":"Restricted"},{"month":"January","date":25,"day":"Saturday","name":"Chinese New Year","type":"Observance"},{"month":"January","date":26,"day":"Sunday","name":"Republic Day","type":"Gazetted"},{"month":"January","date":30,"day":"Thursday","name":"Vasant Panchami","type":"Restricted"},{"month":"February","date":9,"day":"Sunday","name":"Guru Ravidas Jayanti","type":"Restricted"},{"month":"February","date":14,"day":"Friday","name":"Valentine's Day","type":"Observance"},{"month":"February","date":18,"day":"Tuesday","name":"Maharishi Dayanand Saraswati Jayanti","type":"Restricted"},{"month":"February","date":19,"day":"Wednesday","name":"Shivaji Jayanti","type":"Restricted"},{"month":"February","date":21,"day":"Friday","name":"Maha Shivaratri/Shivaratri","type":"Gazetted"},{"month":"March","date":9,"day":"Monday","name":"Holika Dahana","type":"Restricted"},{"month":"March","date":9,"day":"Monday","name":"Hazarat Ali's Birthday","type":"Restricted"},{"month":"March","date":10,"day":"Tuesday","name":"Holi","type":"Gazetted"},{"month":"March","date":20,"day":"Friday","name":"March Equinox","type":"Season"},{"month":"March","date":25,"day":"Wednesday","name":"Chaitra Sukhladi","type":"Restricted"},{"month":"April","date":2,"day":"Thursday","name":"Rama Navami","type":"Gazetted"},{"month":"April","date":6,"day":"Monday","name":"Mahavir Jayanti","type":"Gazetted"},{"month":"April","date":9,"day":"Thursday","name":"First day of Passover","type":"Observance"},{"month":"April","date":9,"day":"Thursday","name":"Maundy Thursday","type":"Observance,"},{"month":"April","date":10,"day":"Friday","name":"Good Friday","type":"Gazetted"},{"month":"April","date":12,"day":"Sunday","name":"Easter Day","type":"Restricted"},{"month":"April","date":13,"day":"Monday","name":"Vaisakhi","type":"Restricted"},{"month":"April","date":14,"day":"Tuesday","name":"Mesadi/Vaisakhadi","type":"Restricted"},{"month":"April","date":14,"day":"Tuesday","name":"Ambedkar Jayanti","type":"Central"},{"month":"May","date":1,"day":"Friday","name":"May Day","type":"Observance"},{"month":"May","date":7,"day":"Thursday","name":"Buddha Purnima/Vesak","type":"Gazetted"},{"month":"May","date":7,"day":"Thursday","name":"Birthday of Ravindranath","type":"Restricted"},{"month":"May","date":10,"day":"Sunday","name":"Mother's Day","type":"Observance"},{"month":"May","date":22,"day":"Friday","name":"Jamat Ul-Vida","type":"Restricted"},{"month":"May","date":25,"day":"Monday","name":"Ramzan Id/Eid-ul-Fitar","type":"Gazetted"},{"month":"May","date":25,"day":"Monday","name":"Ramzan Id/Eid-ul-Fitar","type":"Muslim,"},{"month":"June","date":21,"day":"Sunday","name":"June Solstice","type":"Season"},{"month":"June","date":21,"day":"Sunday","name":"Father's Day","type":"Observance"},{"month":"June","date":23,"day":"Tuesday","name":"Rath Yatra","type":"Restricted"},{"month":"July","date":5,"day":"Sunday","name":"Guru Purnima","type":"Observance"},{"month":"July","date":31,"day":"Friday","name":"Bakr Id/Eid ul-Adha","type":"Gazetted"},{"month":"August","date":2,"day":"Sunday","name":"Friendship Day","type":"Observance"},{"month":"August","date":3,"day":"Monday","name":"Raksha Bandhan (Rakhi)","type":"Restricted"},{"month":"August","date":11,"day":"Tuesday","name":"Janmashtami (Smarta)","type":"Restricted"},{"month":"August","date":12,"day":"Wednesday","name":"Janmashtami","type":"Gazetted"},{"month":"August","date":15,"day":"Saturday","name":"Independence Day","type":"Gazetted"},{"month":"August","date":16,"day":"Sunday","name":"Parsi New Year","type":"Restricted"},{"month":"August","date":22,"day":"Saturday","name":"Ganesh Chaturthi/Vin
08-06 15:15:08.096 18417 18697 I art     : Starting a blocking GC Explicit
08-06 15:15:08.179 18417 18697 I art     : Explicit concurrent mark sweep GC freed 16905(729KB) AllocSpace objects, 12(4MB) LOS objects, 7% free, 185MB/201MB, paused 2.107ms total 81.746ms
08-06 15:15:08.205 18417 18697 I art     : Starting a blocking GC Explicit
08-06 15:15:08.282 18417 18697 I art     : Explicit concurrent mark sweep GC freed 2304(246KB) AllocSpace objects, 0(0B) LOS objects, 7% free, 185MB/201MB, paused 2.119ms total 76.287ms
08-06 15:15:08.309 18417 18697 I art     : Starting a blocking GC Explicit
08-06 15:15:08.387 18417 18697 I art     : Explicit concurrent mark sweep GC freed 171(2896B) AllocSpace objects, 0(0B) LOS objects, 7% free, 185MB/201MB, paused 2.197ms total 76.904ms
08-06 15:15:08.414 18417 18697 I art     : Starting a blocking GC Explicit
08-06 15:15:08.492 18417 18697 I art     : Explicit concurrent mark sweep GC freed 146(2464B) AllocSpace objects, 0(0B) LOS objects, 7% free, 185MB/201MB, paused 2.131ms total 77.677ms
08-06 15:15:08.520 18417 18697 I art     : Starting a blocking GC Explicit
08-06 15:15:08.576 24365 31017 I NetworkScheduler.Stats: Task com.google.android.apps.gcs/ started execution. cause:4 exec_start_elapsed_seconds: 1873512 [CONTEXT service_id=218 ]
08-06 15:15:08.578 16882 20980 W Gcs.WfaEliRefreshTask: [29320] afk.b: NULL eligibility response.
08-06 15:15:08.583 24365 31017 I NetworkScheduler.Stats: Task com.google.android.apps.gcs/ finished executing. cause:4 result: 3 elapsed_millis: 11 uptime_millis: 12 exec_start_elapsed_seconds: 1873512 [CONTEXT service_id=218 ]
08-06 15:15:08.594 18417 18697 I art     : Explicit concurrent mark sweep GC freed 148(2528B) AllocSpace objects, 0(0B) LOS objects, 7% free, 185MB/201MB, paused 2.097ms total 74.333ms
08-06 15:15:09.052 18417 18430 I art     : Starting a blocking GC Explicit
08-06 15:15:09.131 18417 18430 I art     : Explicit concurrent mark sweep GC freed 2428(108KB) AllocSpace objects, 2(48KB) LOS objects, 7% free, 185MB/201MB, paused 2.254ms total 78.391ms
08-06 15:15:09.161 18417 18430 I art     : Starting a blocking GC Explicit
08-06 15:15:09.237 18417 18430 I art     : Explicit concurrent mark sweep GC freed 193(3KB) AllocSpace objects, 0(0B) LOS objects, 7% free, 185MB/201MB, paused 2.313ms total 75.964ms
08-06 15:15:09.265 18417 18430 I art     : Starting a blocking GC Explicit
08-06 15:15:09.344 18417 18430 I art     : Explicit concurrent mark sweep GC freed 151(2560B) AllocSpace objects, 0(0B) LOS objects, 7% free, 185MB/201MB, paused 2.151ms total 78.395ms
08-06 15:15:09.371 18417 18430 I art     : Starting a blocking GC Explicit
08-06 15:15:09.448 18417 18430 I art     : Explicit concurrent mark sweep GC freed 148(2528B) AllocSpace objects, 0(0B) LOS objects, 7% free, 185MB/201MB, paused 2.155ms total 76.961ms
08-06 15:15:09.476 18417 18430 I art     : Starting a blocking GC Explicit
08-06 15:15:09.554 18417 18430 I art     : Explicit concurrent mark sweep GC freed 168(2832B) AllocSpace objects, 0(0B) LOS objects, 7% free, 185MB/201MB, paused 2.498ms total 77.265ms
08-06 15:15:10.026 18417 19840 I art     : Starting a blocking GC Explicit
08-06 15:15:10.105 18417 19840 I art     : Explicit concurrent mark sweep GC freed 2477(109KB) AllocSpace objects, 2(48KB) LOS objects, 7% free, 185MB/201MB, paused 2.173ms total 77.757ms
08-06 15:15:10.132 18417 19840 I art     : Starting a blocking GC Explicit
08-06 15:15:10.210 18417 19840 I art     : Explicit concurrent mark sweep GC freed 201(4KB) AllocSpace objects, 0(0B) LOS objects, 7% free, 185MB/201MB, paused 2.270ms total 77.182ms
08-06 15:15:10.240 18417 19840 I art     : Starting a blocking GC Explicit
08-06 15:15:10.316 18417 19840 I art     : Explicit concurrent mark sweep GC freed 149(2560B) AllocSpace objects, 0(0B) LOS objects, 7% free, 185MB/201MB, paused 1.971ms total 75.344ms
08-06 15:15:10.343 18417 19840 I art     : Starting a blocking GC Explicit
08-06 15:15:10.421 18417 19840 I art     : Explicit concurrent mark sweep GC freed 171(2896B) AllocSpace objects, 0(0B) LOS objects, 7% free, 185MB/201MB, paused 2.206ms total 78.029ms
08-06 15:15:10.449 18417 19840 I art     : Starting a blocking GC Explicit
08-06 15:15:10.527 18417 19840 I art     : Explicit concurrent mark sweep GC freed 146(2464B) AllocSpace objects, 0(0B) LOS objects, 7% free, 185MB/201MB, paused 2.244ms total 77.803ms
08-06 15:15:10.999 18417 18429 I art     : Starting a blocking GC Explicit
08-06 15:15:11.078 18417 18429 I art     : Explicit concurrent mark sweep GC freed 2452(108KB) AllocSpace objects, 2(48KB) LOS objects, 7% free, 185MB/201MB, paused 2.057ms total 78.635ms
08-06 15:15:11.106 18417 18429 I art     : Starting a blocking GC Explicit
08-06 15:15:11.184 18417 18429 I art     : Explicit concurrent mark sweep GC freed 175(3KB) AllocSpace objects, 0(0B) LOS objects, 7% free, 185MB/201MB, paused 2.040ms total 77.030ms
08-06 15:15:11.212 18417 18429 I art     : Starting a blocking GC Explicit
08-06 15:15:11.289 18417 18429 I art     : Explicit concurrent mark sweep GC freed 168(2832B) AllocSpace objects, 0(0B) LOS objects, 7% free, 185MB/201MB, paused 2.495ms total 76.765ms
08-06 15:15:11.316 18417 18429 I art     : Starting a blocking GC Explicit
08-06 15:15:11.389 18417 18429 I art     : Explicit concurrent mark sweep GC freed 150(2560B) AllocSpace objects, 0(0B) LOS objects, 7% free, 185MB/201MB, paused 2.228ms total 72.116ms
08-06 15:15:11.389 18417 18427 I art     : WaitForGcToComplete blocked for 45.520ms for cause HeapTrim
08-06 15:15:11.415 18417 18429 I art     : Starting a blocking GC Explicit
08-06 15:15:11.489 18417 18429 I art     : Explicit concurrent mark sweep GC freed 147(2496B) AllocSpace objects, 0(0B) LOS objects, 7% free, 185MB/201MB, paused 2.211ms total 73.195ms
08-06 15:15:11.940 18417 18478 I art     : Starting a blocking GC Explicit
08-06 15:15:11.961 21011 21011 D AndroidRuntime: >>>>>> START com.android.internal.os.RuntimeInit uid 2000 <<<<<<
08-06 15:15:11.968 21011 21011 D AndroidRuntime: CheckJNI is OFF
08-06 15:15:12.014 18417 18478 I art     : Explicit concurrent mark sweep GC freed 2404(107KB) AllocSpace objects, 2(48KB) LOS objects, 7% free, 185MB/201MB, paused 2.016ms total 72.721ms
08-06 15:15:12.020 21011 21011 D ICU     : No timezone override file found: /data/misc/zoneinfo/current/icu/icu_tzdata.dat
08-06 15:15:12.042 18417 18478 I art     : Starting a blocking GC Explicit
08-06 15:15:12.067 21011 21011 I Radio-JNI: register_android_hardware_Radio DONE
08-06 15:15:12.098 21011 21011 D AndroidRuntime: Calling main entry com.android.commands.input.Input
08-06 15:15:12.100 21011 21011 I Input   : injectKeyEvent: KeyEvent { action=ACTION_DOWN, keyCode=KEYCODE_BACK, scanCode=0, metaState=0, flags=0x0, repeatCount=0, eventTime=890128513, downTime=890128513, deviceId=-1, source=0x101 }
08-06 15:15:12.106 21011 21011 I Input   : injectKeyEvent: KeyEvent { action=ACTION_UP, keyCode=KEYCODE_BACK, scanCode=0, metaState=0, flags=0x0, repeatCount=0, eventTime=890128513, downTime=890128513, deviceId=-1, source=0x101 }
08-06 15:15:12.113 21011 21011 D AndroidRuntime: Shutting down VM
08-06 15:15:12.114 18417 18478 I art     : Explicit concurrent mark sweep GC freed 176(3KB) AllocSpace objects, 0(0B) LOS objects, 7% free, 185MB/201MB, paused 2.311ms total 71.401ms
08-06 15:15:12.127 18417 18417 V MainActivity: url = https://project-travel-mate.herokuapp.com/api/number-of-unread-notifications
08-06 15:15:12.141 18417 18478 I art     : Starting a blocking GC Explicit
08-06 15:15:12.213 18417 18478 I art     : Explicit concurrent mark sweep GC freed 432(16KB) AllocSpace objects, 0(0B) LOS objects, 7% free, 185MB/201MB, paused 1.952ms total 71.012ms
08-06 15:15:12.222 13866 13866 I GoogleInputMethodServic: GoogleInputMethodService.onFinishInput():3138 
08-06 15:15:12.222 13866 13866 I GoogleInputMethodServic: GoogleInputMethodService.onStartInput():1808 
08-06 15:15:12.239 18417 18478 I art     : Starting a blocking GC Explicit
08-06 15:15:12.318 18417 18478 I art     : Explicit concurrent mark sweep GC freed 223(8KB) AllocSpace objects, 0(0B) LOS objects, 7% free, 185MB/201MB, paused 2.051ms total 78.967ms
08-06 15:15:12.343 18417 18478 I art     : Starting a blocking GC Explicit
08-06 15:15:12.354   518   646 I ThermalEngine: ACTION: GPU - Setting GPU[0] to 450000000
08-06 15:15:12.408 18417 18478 I art     : Explicit concurrent mark sweep GC freed 199(4KB) AllocSpace objects, 0(0B) LOS objects, 7% free, 185MB/201MB, paused 1.903ms total 64.954ms
08-06 15:15:12.485   380   380 W SurfaceFlinger: couldn't log to binary event log: overflow.
08-06 15:15:12.818 18417 18429 I art     : Starting a blocking GC Explicit
08-06 15:15:12.901 18417 18429 I art     : Explicit concurrent mark sweep GC freed 1821(99KB) AllocSpace objects, 3(236KB) LOS objects, 7% free, 185MB/201MB, paused 1.622ms total 82.996ms
08-06 15:15:12.927 18417 18429 I art     : Starting a blocking GC Explicit
08-06 15:15:12.988 18417 18429 I art     : Explicit concurrent mark sweep GC freed 9196(491KB) AllocSpace objects, 16(464KB) LOS objects, 7% free, 185MB/201MB, paused 1.958ms total 60.884ms
08-06 15:15:13.008 18417 18429 I art     : Starting a blocking GC Explicit
08-06 15:15:13.020 18417 21035 I NAPPA_EXPERIMENTATION: MetricNetworkRequestExecutionTime: REQUEST_DURATION_SYSTEM='891',REQUEST_DURATION_OKHTTP='33',REQUEST_SYNCHRONOUS='FALSE',RESPONSE_CODE='200',RESPONSE_METHOD='GET',RESPONSE_LENGTH_OKHTTP='36',RESPONSE_LENGTH_HEADER='36',REQUEST_PROTOCOL='http/1.1',REQUEST_URL='https://project-travel-mate.herokuapp.com/api/number-of-unread-notifications',
08-06 15:15:13.069 18417 18429 I art     : Explicit concurrent mark sweep GC freed 1121(130KB) AllocSpace objects, 0(0B) LOS objects, 7% free, 185MB/201MB, paused 1.537ms total 60.306ms
08-06 15:15:13.089 18417 18429 I art     : Starting a blocking GC Explicit
08-06 15:15:13.150 18417 18429 I art     : Explicit concurrent mark sweep GC freed 142(6KB) AllocSpace objects, 0(0B) LOS objects, 7% free, 185MB/201MB, paused 1.417ms total 60.862ms
08-06 15:15:13.170 18417 18429 I art     : Starting a blocking GC Explicit
08-06 15:15:13.234 18417 18429 I art     : Explicit concurrent mark sweep GC freed 3(96B) AllocSpace objects, 0(0B) LOS objects, 7% free, 185MB/201MB, paused 1.525ms total 64.027ms
08-06 15:15:13.634 18417 18697 I art     : Starting a blocking GC Explicit
08-06 15:15:13.702 18417 18697 I art     : Explicit concurrent mark sweep GC freed 1623(94KB) AllocSpace objects, 2(48KB) LOS objects, 7% free, 185MB/201MB, paused 1.460ms total 67.336ms
08-06 15:15:13.721 18417 18697 I art     : Starting a blocking GC Explicit
08-06 15:15:13.777 18417 18697 I art     : Explicit concurrent mark sweep GC freed 32(1168B) AllocSpace objects, 0(0B) LOS objects, 7% free, 185MB/201MB, paused 1.291ms total 55.630ms
08-06 15:15:13.795 18417 18697 I art     : Starting a blocking GC Explicit
08-06 15:15:13.848 18417 18697 I art     : Explicit concurrent mark sweep GC freed 7(224B) AllocSpace objects, 0(0B) LOS objects, 7% free, 185MB/201MB, paused 1.376ms total 52.597ms
08-06 15:15:13.870 18417 18697 I art     : Starting a blocking GC Explicit
08-06 15:15:13.893 21047 21047 D AndroidRuntime: >>>>>> START com.android.internal.os.RuntimeInit uid 2000 <<<<<<
08-06 15:15:13.898 21047 21047 D AndroidRuntime: CheckJNI is OFF
08-06 15:15:13.922 18417 18697 I art     : Explicit concurrent mark sweep GC freed 44(1216B) AllocSpace objects, 0(0B) LOS objects, 7% free, 185MB/201MB, paused 1.341ms total 51.814ms
08-06 15:15:13.940 21047 21047 D ICU     : No timezone override file found: /data/misc/zoneinfo/current/icu/icu_tzdata.dat
08-06 15:15:13.944 18417 18697 I art     : Starting a blocking GC Explicit
08-06 15:15:13.979 21047 21047 I Radio-JNI: register_android_hardware_Radio DONE
08-06 15:15:13.996 18417 18697 I art     : Explicit concurrent mark sweep GC freed 7(224B) AllocSpace objects, 0(0B) LOS objects, 7% free, 185MB/201MB, paused 1.309ms total 52.232ms
08-06 15:15:14.007 21047 21047 D AndroidRuntime: Calling main entry com.android.commands.input.Input
08-06 15:15:14.009 21047 21047 I Input   : injectMotionEvent: MotionEvent { action=ACTION_DOWN, actionButton=0, id[0]=0, x[0]=657.0, y[0]=2080.0, toolType[0]=TOOL_TYPE_UNKNOWN, buttonState=0, metaState=0, flags=0x0, edgeFlags=0x0, pointerCount=1, historySize=0, eventTime=890130422, downTime=890130422, deviceId=0, source=0x1002 }
08-06 15:15:14.018 21047 21047 I Input   : injectMotionEvent: MotionEvent { action=ACTION_UP, actionButton=0, id[0]=0, x[0]=657.0, y[0]=2080.0, toolType[0]=TOOL_TYPE_UNKNOWN, buttonState=0, metaState=0, flags=0x0, edgeFlags=0x0, pointerCount=1, historySize=0, eventTime=890130422, downTime=890130422, deviceId=0, source=0x1002 }
08-06 15:15:14.053 21047 21047 D AndroidRuntime: Shutting down VM
08-06 15:15:14.087   918  5132 I ActivityManager: START u0 {cmp=baseline.io.github.project_travel_mate/.utilities.UpcomingWeekendsActivity} from uid 10696 on display 0
08-06 15:15:14.089   512  2967 D audio_hw_primary: out_set_parameters: enter: usecase(1: low-latency-playback) kvpairs: routing=2
08-06 15:15:14.102   512  2967 D audio_hw_primary: select_devices: out_snd_device(2: speaker) in_snd_device(0: none)
08-06 15:15:14.102   512  2967 D msm8974_platform: platform_send_audio_calibration: sending audio calibration for snd_device(2) acdb_id(15)
08-06 15:15:14.102   512  2967 I soundtrigger: audio_extn_sound_trigger_update_device_status: device 0x2 of type 0 for Event 1
08-06 15:15:14.111   512  2967 D audio_hw_primary: enable_snd_device: snd_device(2: speaker)
08-06 15:15:14.112 18417 18498 D Gabe    : call	returning from cache
08-06 15:15:14.114   512  2967 D audio_hw_primary: enable_audio_route: apply and update mixer path: low-latency-playback speaker
08-06 15:15:14.115 18417 18417 V EXECUTING: https://project-travel-mate.herokuapp.com/api/get-upcoming-holidays/2020
08-06 15:15:14.117 18417 18417 V EXECUTING: https://project-travel-mate.herokuapp.com/api/get-upcoming-holidays/2020
08-06 15:15:14.200 13866 13866 I GoogleInputMethodServic: GoogleInputMethodService.onFinishInput():3138 
08-06 15:15:14.201 13866 13866 I GoogleInputMethodServic: GoogleInputMethodService.onStartInput():1808 
08-06 15:15:14.297   918   936 I ActivityManager: Displayed baseline.io.github.project_travel_mate/.utilities.UpcomingWeekendsActivity: +202ms
08-06 15:15:14.378 18417 19840 I art     : Starting a blocking GC Explicit
08-06 15:15:14.437 18417 19840 I art     : Explicit concurrent mark sweep GC freed 3459(194KB) AllocSpace objects, 2(48KB) LOS objects, 7% free, 189MB/205MB, paused 1.931ms total 58.573ms
08-06 15:15:14.456 18417 19840 I art     : Starting a blocking GC Explicit
08-06 15:15:14.509 18417 19840 I art     : Explicit concurrent mark sweep GC freed 371(13KB) AllocSpace objects, 0(0B) LOS objects, 7% free, 189MB/205MB, paused 1.384ms total 52.772ms
08-06 15:15:14.529 18417 19840 I art     : Starting a blocking GC Explicit
08-06 15:15:14.554   380   380 W SurfaceFlinger: couldn't log to binary event log: overflow.
08-06 15:15:14.587 18417 19840 I art     : Explicit concurrent mark sweep GC freed 100(1728B) AllocSpace objects, 0(0B) LOS objects, 7% free, 189MB/205MB, paused 1.453ms total 57.448ms
08-06 15:15:14.606 18417 19840 I art     : Starting a blocking GC Explicit
08-06 15:15:14.659   512  2967 D audio_hw_primary: disable_audio_route: reset and update mixer path: low-latency-playback speaker
08-06 15:15:14.662   512  2967 D audio_hw_primary: disable_snd_device: snd_device(2: speaker)
08-06 15:15:14.662 18417 21071 I NAPPA_EXPERIMENTATION: MetricNetworkRequestExecutionTime: REQUEST_DURATION_SYSTEM='546',REQUEST_DURATION_OKHTTP='37',REQUEST_SYNCHRONOUS='FALSE',RESPONSE_CODE='200',RESPONSE_METHOD='GET',RESPONSE_LENGTH_OKHTTP='6426',RESPONSE_LENGTH_HEADER='6426',REQUEST_PROTOCOL='http/1.1',REQUEST_URL='https://project-travel-mate.herokuapp.com/api/get-upcoming-holidays/2020',
08-06 15:15:14.664 18417 19840 I art     : Explicit concurrent mark sweep GC freed 5261(266KB) AllocSpace objects, 4(240KB) LOS objects, 7% free, 190MB/206MB, paused 1.445ms total 57.919ms
08-06 15:15:14.675   512  2967 I soundtrigger: audio_extn_sound_trigger_update_device_status: device 0x2 of type 0 for Event 0
08-06 15:15:14.684 18417 19840 I art     : Starting a blocking GC Explicit
08-06 15:15:14.689 18417 21072 I NAPPA_EXPERIMENTATION: MetricNetworkRequestExecutionTime: REQUEST_DURATION_SYSTEM='571',REQUEST_DURATION_OKHTTP='54',REQUEST_SYNCHRONOUS='FALSE',RESPONSE_CODE='200',RESPONSE_METHOD='GET',RESPONSE_LENGTH_OKHTTP='6426',RESPONSE_LENGTH_HEADER='6426',REQUEST_PROTOCOL='http/1.1',REQUEST_URL='https://project-travel-mate.herokuapp.com/api/get-upcoming-holidays/2020',
08-06 15:15:14.741 18417 19840 I art     : Explicit concurrent mark sweep GC freed 2196(254KB) AllocSpace objects, 5(208KB) LOS objects, 7% free, 189MB/205MB, paused 1.763ms total 56.272ms
08-06 15:15:14.773 18417 18417 V Response: [{"month":"January","date":1,"day":"Wednesday","name":"New Year's Day","type":"Restricted"},{"month":"January","date":2,"day":"Thursday","name":"Guru Govind Singh Jayanti","type":"Restricted"},{"month":"January","date":14,"day":"Tuesday","name":"Lohri","type":"Restricted"},{"month":"January","date":15,"day":"Wednesday","name":"Pongal","type":"Restricted"},{"month":"January","date":15,"day":"Wednesday","name":"Makar Sankranti","type":"Restricted"},{"month":"January","date":25,"day":"Saturday","name":"Chinese New Year","type":"Observance"},{"month":"January","date":26,"day":"Sunday","name":"Republic Day","type":"Gazetted"},{"month":"January","date":30,"day":"Thursday","name":"Vasant Panchami","type":"Restricted"},{"month":"February","date":9,"day":"Sunday","name":"Guru Ravidas Jayanti","type":"Restricted"},{"month":"February","date":14,"day":"Friday","name":"Valentine's Day","type":"Observance"},{"month":"February","date":18,"day":"Tuesday","name":"Maharishi Dayanand Saraswati Jayanti","type":"Restricted"},{"month":"February","date":19,"day":"Wednesday","name":"Shivaji Jayanti","type":"Restricted"},{"month":"February","date":21,"day":"Friday","name":"Maha Shivaratri/Shivaratri","type":"Gazetted"},{"month":"March","date":9,"day":"Monday","name":"Holika Dahana","type":"Restricted"},{"month":"March","date":9,"day":"Monday","name":"Hazarat Ali's Birthday","type":"Restricted"},{"month":"March","date":10,"day":"Tuesday","name":"Holi","type":"Gazetted"},{"month":"March","date":20,"day":"Friday","name":"March Equinox","type":"Season"},{"month":"March","date":25,"day":"Wednesday","name":"Chaitra Sukhladi","type":"Restricted"},{"month":"April","date":2,"day":"Thursday","name":"Rama Navami","type":"Gazetted"},{"month":"April","date":6,"day":"Monday","name":"Mahavir Jayanti","type":"Gazetted"},{"month":"April","date":9,"day":"Thursday","name":"First day of Passover","type":"Observance"},{"month":"April","date":9,"day":"Thursday","name":"Maundy Thursday","type":"Observance,"},{"month":"April","date":10,"day":"Friday","name":"Good Friday","type":"Gazetted"},{"month":"April","date":12,"day":"Sunday","name":"Easter Day","type":"Restricted"},{"month":"April","date":13,"day":"Monday","name":"Vaisakhi","type":"Restricted"},{"month":"April","date":14,"day":"Tuesday","name":"Mesadi/Vaisakhadi","type":"Restricted"},{"month":"April","date":14,"day":"Tuesday","name":"Ambedkar Jayanti","type":"Central"},{"month":"May","date":1,"day":"Friday","name":"May Day","type":"Observance"},{"month":"May","date":7,"day":"Thursday","name":"Buddha Purnima/Vesak","type":"Gazetted"},{"month":"May","date":7,"day":"Thursday","name":"Birthday of Ravindranath","type":"Restricted"},{"month":"May","date":10,"day":"Sunday","name":"Mother's Day","type":"Observance"},{"month":"May","date":22,"day":"Friday","name":"Jamat Ul-Vida","type":"Restricted"},{"month":"May","date":25,"day":"Monday","name":"Ramzan Id/Eid-ul-Fitar","type":"Gazetted"},{"month":"May","date":25,"day":"Monday","name":"Ramzan Id/Eid-ul-Fitar","type":"Muslim,"},{"month":"June","date":21,"day":"Sunday","name":"June Solstice","type":"Season"},{"month":"June","date":21,"day":"Sunday","name":"Father's Day","type":"Observance"},{"month":"June","date":23,"day":"Tuesday","name":"Rath Yatra","type":"Restricted"},{"month":"July","date":5,"day":"Sunday","name":"Guru Purnima","type":"Observance"},{"month":"July","date":31,"day":"Friday","name":"Bakr Id/Eid ul-Adha","type":"Gazetted"},{"month":"August","date":2,"day":"Sunday","name":"Friendship Day","type":"Observance"},{"month":"August","date":3,"day":"Monday","name":"Raksha Bandhan (Rakhi)","type":"Restricted"},{"month":"August","date":11,"day":"Tuesday","name":"Janmashtami (Smarta)","type":"Restricted"},{"month":"August","date":12,"day":"Wednesday","name":"Janmashtami","type":"Gazetted"},{"month":"August","date":15,"day":"Saturday","name":"Independence Day","type":"Gazetted"},{"month":"August","date":16,"day":"Sunday","name":"Parsi New Year","type":"Restricted"},{"month":"August","date":22,"day":"Saturday","name":"Ganesh Chaturthi/Vin
08-06 15:15:14.830 18417 18417 V Response: [{"month":"January","date":1,"day":"Wednesday","name":"New Year's Day","type":"Restricted"},{"month":"January","date":2,"day":"Thursday","name":"Guru Govind Singh Jayanti","type":"Restricted"},{"month":"January","date":14,"day":"Tuesday","name":"Lohri","type":"Restricted"},{"month":"January","date":15,"day":"Wednesday","name":"Pongal","type":"Restricted"},{"month":"January","date":15,"day":"Wednesday","name":"Makar Sankranti","type":"Restricted"},{"month":"January","date":25,"day":"Saturday","name":"Chinese New Year","type":"Observance"},{"month":"January","date":26,"day":"Sunday","name":"Republic Day","type":"Gazetted"},{"month":"January","date":30,"day":"Thursday","name":"Vasant Panchami","type":"Restricted"},{"month":"February","date":9,"day":"Sunday","name":"Guru Ravidas Jayanti","type":"Restricted"},{"month":"February","date":14,"day":"Friday","name":"Valentine's Day","type":"Observance"},{"month":"February","date":18,"day":"Tuesday","name":"Maharishi Dayanand Saraswati Jayanti","type":"Restricted"},{"month":"February","date":19,"day":"Wednesday","name":"Shivaji Jayanti","type":"Restricted"},{"month":"February","date":21,"day":"Friday","name":"Maha Shivaratri/Shivaratri","type":"Gazetted"},{"month":"March","date":9,"day":"Monday","name":"Holika Dahana","type":"Restricted"},{"month":"March","date":9,"day":"Monday","name":"Hazarat Ali's Birthday","type":"Restricted"},{"month":"March","date":10,"day":"Tuesday","name":"Holi","type":"Gazetted"},{"month":"March","date":20,"day":"Friday","name":"March Equinox","type":"Season"},{"month":"March","date":25,"day":"Wednesday","name":"Chaitra Sukhladi","type":"Restricted"},{"month":"April","date":2,"day":"Thursday","name":"Rama Navami","type":"Gazetted"},{"month":"April","date":6,"day":"Monday","name":"Mahavir Jayanti","type":"Gazetted"},{"month":"April","date":9,"day":"Thursday","name":"First day of Passover","type":"Observance"},{"month":"April","date":9,"day":"Thursday","name":"Maundy Thursday","type":"Observance,"},{"month":"April","date":10,"day":"Friday","name":"Good Friday","type":"Gazetted"},{"month":"April","date":12,"day":"Sunday","name":"Easter Day","type":"Restricted"},{"month":"April","date":13,"day":"Monday","name":"Vaisakhi","type":"Restricted"},{"month":"April","date":14,"day":"Tuesday","name":"Mesadi/Vaisakhadi","type":"Restricted"},{"month":"April","date":14,"day":"Tuesday","name":"Ambedkar Jayanti","type":"Central"},{"month":"May","date":1,"day":"Friday","name":"May Day","type":"Observance"},{"month":"May","date":7,"day":"Thursday","name":"Buddha Purnima/Vesak","type":"Gazetted"},{"month":"May","date":7,"day":"Thursday","name":"Birthday of Ravindranath","type":"Restricted"},{"month":"May","date":10,"day":"Sunday","name":"Mother's Day","type":"Observance"},{"month":"May","date":22,"day":"Friday","name":"Jamat Ul-Vida","type":"Restricted"},{"month":"May","date":25,"day":"Monday","name":"Ramzan Id/Eid-ul-Fitar","type":"Gazetted"},{"month":"May","date":25,"day":"Monday","name":"Ramzan Id/Eid-ul-Fitar","type":"Muslim,"},{"month":"June","date":21,"day":"Sunday","name":"June Solstice","type":"Season"},{"month":"June","date":21,"day":"Sunday","name":"Father's Day","type":"Observance"},{"month":"June","date":23,"day":"Tuesday","name":"Rath Yatra","type":"Restricted"},{"month":"July","date":5,"day":"Sunday","name":"Guru Purnima","type":"Observance"},{"month":"July","date":31,"day":"Friday","name":"Bakr Id/Eid ul-Adha","type":"Gazetted"},{"month":"August","date":2,"day":"Sunday","name":"Friendship Day","type":"Observance"},{"month":"August","date":3,"day":"Monday","name":"Raksha Bandhan (Rakhi)","type":"Restricted"},{"month":"August","date":11,"day":"Tuesday","name":"Janmashtami (Smarta)","type":"Restricted"},{"month":"August","date":12,"day":"Wednesday","name":"Janmashtami","type":"Gazetted"},{"month":"August","date":15,"day":"Saturday","name":"Independence Day","type":"Gazetted"},{"month":"August","date":16,"day":"Sunday","name":"Parsi New Year","type":"Restricted"},{"month":"August","date":22,"day":"Saturday","name":"Ganesh Chaturthi/Vin
08-06 15:15:15.152 18417 18429 I art     : Starting a blocking GC Explicit
08-06 15:15:15.225 18417 18429 I art     : Explicit concurrent mark sweep GC freed 15510(590KB) AllocSpace objects, 3(4MB) LOS objects, 7% free, 186MB/202MB, paused 1.535ms total 73.003ms
08-06 15:15:15.248 18417 18429 I art     : Starting a blocking GC Explicit
08-06 15:15:15.309 18417 18429 I art     : Explicit concurrent mark sweep GC freed 1735(94KB) AllocSpace objects, 11(220KB) LOS objects, 7% free, 186MB/202MB, paused 1.630ms total 61.288ms
08-06 15:15:15.329 18417 18429 I art     : Starting a blocking GC Explicit
08-06 15:15:15.363   518   646 I ThermalEngine: ACTION: GPU - Setting GPU[0] to 390000000
08-06 15:15:15.410 18417 18429 I art     : Explicit concurrent mark sweep GC freed 144(2432B) AllocSpace objects, 0(0B) LOS objects, 7% free, 186MB/202MB, paused 2.398ms total 79.838ms
08-06 15:15:15.438 18417 18429 I art     : Starting a blocking GC Explicit
08-06 15:15:15.517 18417 18429 I art     : Explicit concurrent mark sweep GC freed 149(2528B) AllocSpace objects, 0(0B) LOS objects, 7% free, 186MB/202MB, paused 2.242ms total 78.695ms
08-06 15:15:15.545 18417 18429 I art     : Starting a blocking GC Explicit
08-06 15:15:15.626 18417 18429 I art     : Explicit concurrent mark sweep GC freed 148(2528B) AllocSpace objects, 0(0B) LOS objects, 7% free, 186MB/202MB, paused 2.373ms total 80.514ms
08-06 15:15:16.104 18417 18478 I art     : Starting a blocking GC Explicit
08-06 15:15:16.185 18417 18478 I art     : Explicit concurrent mark sweep GC freed 2498(109KB) AllocSpace objects, 2(48KB) LOS objects, 7% free, 186MB/202MB, paused 2.350ms total 80.434ms
08-06 15:15:16.213 18417 18478 I art     : Starting a blocking GC Explicit
08-06 15:15:16.292 18417 18478 I art     : Explicit concurrent mark sweep GC freed 202(5KB) AllocSpace objects, 0(0B) LOS objects, 7% free, 186MB/202MB, paused 2.214ms total 78.850ms
08-06 15:15:16.321 18417 18478 I art     : Starting a blocking GC Explicit
08-06 15:15:16.402 18417 18478 I art     : Explicit concurrent mark sweep GC freed 171(2896B) AllocSpace objects, 0(0B) LOS objects, 7% free, 186MB/202MB, paused 2.225ms total 80.537ms
08-06 15:15:16.430 18417 18478 I art     : Starting a blocking GC Explicit
08-06 15:15:16.511 18417 18478 I art     : Explicit concurrent mark sweep GC freed 153(2592B) AllocSpace objects, 0(0B) LOS objects, 7% free, 186MB/202MB, paused 2.439ms total 80.199ms
08-06 15:15:16.511 18417 18427 I art     : WaitForGcToComplete blocked for 21.384ms for cause HeapTrim
08-06 15:15:16.539 18417 18478 I art     : Starting a blocking GC Explicit
08-06 15:15:16.619 18417 18478 I art     : Explicit concurrent mark sweep GC freed 164(2768B) AllocSpace objects, 0(0B) LOS objects, 7% free, 186MB/202MB, paused 2.439ms total 79.918ms
08-06 15:15:17.101 18417 18697 I art     : Starting a blocking GC Explicit
08-06 15:15:17.181 18417 18697 I art     : Explicit concurrent mark sweep GC freed 2477(108KB) AllocSpace objects, 2(48KB) LOS objects, 7% free, 186MB/202MB, paused 2.457ms total 80.009ms
08-06 15:15:17.209 18417 18697 I art     : Starting a blocking GC Explicit
08-06 15:15:17.287 18417 18697 I art     : Explicit concurrent mark sweep GC freed 175(3KB) AllocSpace objects, 0(0B) LOS objects, 7% free, 186MB/202MB, paused 2.224ms total 78.021ms
08-06 15:15:17.315 18417 18697 I art     : Starting a blocking GC Explicit
08-06 15:15:17.396 18417 18697 I art     : Explicit concurrent mark sweep GC freed 160(2704B) AllocSpace objects, 0(0B) LOS objects, 7% free, 186MB/202MB, paused 2.567ms total 80.247ms
08-06 15:15:17.424 18417 18697 I art     : Starting a blocking GC Explicit
08-06 15:15:17.504 18417 18697 I art     : Explicit concurrent mark sweep GC freed 157(2656B) AllocSpace objects, 0(0B) LOS objects, 7% free, 186MB/202MB, paused 2.302ms total 79.162ms
08-06 15:15:17.532 18417 18697 I art     : Starting a blocking GC Explicit
08-06 15:15:17.611 18417 18697 I art     : Explicit concurrent mark sweep GC freed 148(2528B) AllocSpace objects, 0(0B) LOS objects, 7% free, 186MB/202MB, paused 2.334ms total 78.939ms
08-06 15:15:17.825 14704 14704 I ServiceManager: Waiting for service AtCmdFwd...
08-06 15:15:18.105 18417 19840 I art     : Starting a blocking GC Explicit
08-06 15:15:18.188 18417 19840 I art     : Explicit concurrent mark sweep GC freed 2500(109KB) AllocSpace objects, 2(48KB) LOS objects, 7% free, 186MB/202MB, paused 2.580ms total 82.911ms
08-06 15:15:18.217 18417 19840 I art     : Starting a blocking GC Explicit
08-06 15:15:18.294 18417 19840 I art     : Explicit concurrent mark sweep GC freed 174(3KB) AllocSpace objects, 0(0B) LOS objects, 7% free, 186MB/202MB, paused 2.391ms total 76.726ms
08-06 15:15:18.322 18417 19840 I art     : Starting a blocking GC Explicit
08-06 15:15:18.366   518   646 I ThermalEngine: ACTION: GPU - Setting GPU[0] to 450000000
08-06 15:15:18.391 18417 19840 I art     : Explicit concurrent mark sweep GC freed 147(2496B) AllocSpace objects, 0(0B) LOS objects, 7% free, 186MB/202MB, paused 1.477ms total 68.661ms
08-06 15:15:18.411 18417 19840 I art     : Starting a blocking GC Explicit
08-06 15:15:18.472 18417 19840 I art     : Explicit concurrent mark sweep GC freed 123(2096B) AllocSpace objects, 0(0B) LOS objects, 7% free, 186MB/202MB, paused 1.551ms total 60.996ms
08-06 15:15:18.492 18417 19840 I art     : Starting a blocking GC Explicit
08-06 15:15:18.557 18417 19840 I art     : Explicit concurrent mark sweep GC freed 122(2064B) AllocSpace objects, 0(0B) LOS objects, 7% free, 186MB/202MB, paused 1.578ms total 64.779ms
08-06 15:15:18.822 21125 21125 D AndroidRuntime: >>>>>> START com.android.internal.os.RuntimeInit uid 2000 <<<<<<
08-06 15:15:18.825 14704 14704 I ServiceManager: Waiting for service AtCmdFwd...
08-06 15:15:18.828 21125 21125 D AndroidRuntime: CheckJNI is OFF
08-06 15:15:18.870 21125 21125 D ICU     : No timezone override file found: /data/misc/zoneinfo/current/icu/icu_tzdata.dat
08-06 15:15:18.912 21125 21125 I Radio-JNI: register_android_hardware_Radio DONE
08-06 15:15:18.942 21125 21125 D AndroidRuntime: Calling main entry com.android.commands.input.Input
08-06 15:15:18.944 21125 21125 I Input   : injectKeyEvent: KeyEvent { action=ACTION_DOWN, keyCode=KEYCODE_BACK, scanCode=0, metaState=0, flags=0x0, repeatCount=0, eventTime=890135357, downTime=890135357, deviceId=-1, source=0x101 }
08-06 15:15:18.951 21125 21125 I Input   : injectKeyEvent: KeyEvent { action=ACTION_UP, keyCode=KEYCODE_BACK, scanCode=0, metaState=0, flags=0x0, repeatCount=0, eventTime=890135357, downTime=890135357, deviceId=-1, source=0x101 }
08-06 15:15:18.957 21125 21125 D AndroidRuntime: Shutting down VM
08-06 15:15:18.986 18417 18417 V MainActivity: url = https://project-travel-mate.herokuapp.com/api/number-of-unread-notifications
08-06 15:15:19.024 18417 18430 I art     : Starting a blocking GC Explicit
08-06 15:15:19.089 18417 18430 I art     : Explicit concurrent mark sweep GC freed 2736(123KB) AllocSpace objects, 2(48KB) LOS objects, 7% free, 186MB/202MB, paused 2.247ms total 64.789ms
08-06 15:15:19.113 18417 18430 I art     : Starting a blocking GC Explicit
08-06 15:15:19.122 13866 13866 I GoogleInputMethodServic: GoogleInputMethodService.onFinishInput():3138 
08-06 15:15:19.122 13866 13866 I GoogleInputMethodServic: GoogleInputMethodService.onStartInput():1808 
08-06 15:15:19.170 18417 18430 I art     : Explicit concurrent mark sweep GC freed 233(11KB) AllocSpace objects, 0(0B) LOS objects, 7% free, 186MB/202MB, paused 1.702ms total 56.202ms
08-06 15:15:19.189 18417 18430 I art     : Starting a blocking GC Explicit
08-06 15:15:19.246 18417 18430 I art     : Explicit concurrent mark sweep GC freed 193(4KB) AllocSpace objects, 0(0B) LOS objects, 7% free, 186MB/202MB, paused 1.586ms total 56.133ms
08-06 15:15:19.266 18417 18430 I art     : Starting a blocking GC Explicit
08-06 15:15:19.325 18417 18430 I art     : Explicit concurrent mark sweep GC freed 106(1952B) AllocSpace objects, 0(0B) LOS objects, 7% free, 186MB/202MB, paused 1.468ms total 59.021ms
08-06 15:15:19.347 18417 18430 I art     : Starting a blocking GC Explicit
08-06 15:15:19.393   380   380 W SurfaceFlinger: couldn't log to binary event log: overflow.
08-06 15:15:19.407 18417 18430 I art     : Explicit concurrent mark sweep GC freed 113(2304B) AllocSpace objects, 0(0B) LOS objects, 7% free, 186MB/202MB, paused 1.475ms total 59.505ms
08-06 15:15:19.571 18417 21149 I NAPPA_EXPERIMENTATION: MetricNetworkRequestExecutionTime: REQUEST_DURATION_SYSTEM='584',REQUEST_DURATION_OKHTTP='34',REQUEST_SYNCHRONOUS='FALSE',RESPONSE_CODE='200',RESPONSE_METHOD='GET',RESPONSE_LENGTH_OKHTTP='36',RESPONSE_LENGTH_HEADER='36',REQUEST_PROTOCOL='http/1.1',REQUEST_URL='https://project-travel-mate.herokuapp.com/api/number-of-unread-notifications',
08-06 15:15:19.813 18417 18697 I art     : Starting a blocking GC Explicit
08-06 15:15:19.825 14704 14704 I ServiceManager: Waiting for service AtCmdFwd...
08-06 15:15:19.896 18417 18697 I art     : Explicit concurrent mark sweep GC freed 4479(244KB) AllocSpace objects, 6(436KB) LOS objects, 7% free, 186MB/202MB, paused 1.736ms total 82.604ms
08-06 15:15:19.918 18417 18697 I art     : Starting a blocking GC Explicit
08-06 15:15:19.977 18417 18697 I art     : Explicit concurrent mark sweep GC freed 7584(477KB) AllocSpace objects, 13(264KB) LOS objects, 7% free, 185MB/201MB, paused 1.474ms total 58.621ms
08-06 15:15:19.998 18417 18697 I art     : Starting a blocking GC Explicit
08-06 15:15:20.059 18417 18697 I art     : Explicit concurrent mark sweep GC freed 7(288B) AllocSpace objects, 0(0B) LOS objects, 7% free, 185MB/201MB, paused 1.501ms total 61.047ms
08-06 15:15:20.079 18417 18697 I art     : Starting a blocking GC Explicit
08-06 15:15:20.145 18417 18697 I art     : Explicit concurrent mark sweep GC freed 3(96B) AllocSpace objects, 0(0B) LOS objects, 7% free, 185MB/201MB, paused 1.504ms total 65.378ms
08-06 15:15:20.167 18417 18697 I art     : Starting a blocking GC Explicit
08-06 15:15:20.228 18417 18697 I art     : Explicit concurrent mark sweep GC freed 3(96B) AllocSpace objects, 0(0B) LOS objects, 7% free, 185MB/201MB, paused 1.555ms total 60.284ms
08-06 15:15:20.643 18417 19840 I art     : Starting a blocking GC Explicit
08-06 15:15:20.700 18417 19840 I art     : Explicit concurrent mark sweep GC freed 1627(94KB) AllocSpace objects, 2(48KB) LOS objects, 7% free, 185MB/201MB, paused 1.450ms total 56.557ms
08-06 15:15:20.719 18417 19840 I art     : Starting a blocking GC Explicit
08-06 15:15:20.726 21161 21161 D AndroidRuntime: >>>>>> START com.android.internal.os.RuntimeInit uid 2000 <<<<<<
08-06 15:15:20.732 21161 21161 D AndroidRuntime: CheckJNI is OFF
08-06 15:15:20.771 21161 21161 D ICU     : No timezone override file found: /data/misc/zoneinfo/current/icu/icu_tzdata.dat
08-06 15:15:20.773 18417 19840 I art     : Explicit concurrent mark sweep GC freed 34(1232B) AllocSpace objects, 0(0B) LOS objects, 7% free, 185MB/201MB, paused 1.443ms total 53.857ms
08-06 15:15:20.792 18417 19840 I art     : Starting a blocking GC Explicit
08-06 15:15:20.811 21161 21161 I Radio-JNI: register_android_hardware_Radio DONE
08-06 15:15:20.826 14704 14704 I ServiceManager: Waiting for service AtCmdFwd...
08-06 15:15:20.839 21161 21161 D AndroidRuntime: Calling main entry com.android.commands.input.Input
08-06 15:15:20.841 21161 21161 I Input   : injectMotionEvent: MotionEvent { action=ACTION_DOWN, actionButton=0, id[0]=0, x[0]=117.0, y[0]=170.0, toolType[0]=TOOL_TYPE_UNKNOWN, buttonState=0, metaState=0, flags=0x0, edgeFlags=0x0, pointerCount=1, historySize=0, eventTime=890137253, downTime=890137253, deviceId=0, source=0x1002 }
08-06 15:15:20.844 18417 19840 I art     : Explicit concurrent mark sweep GC freed 7(224B) AllocSpace objects, 0(0B) LOS objects, 7% free, 185MB/201MB, paused 1.440ms total 52.393ms
08-06 15:15:20.864 21161 21161 I Input   : injectMotionEvent: MotionEvent { action=ACTION_UP, actionButton=0, id[0]=0, x[0]=117.0, y[0]=170.0, toolType[0]=TOOL_TYPE_UNKNOWN, buttonState=0, metaState=0, flags=0x0, edgeFlags=0x0, pointerCount=1, historySize=0, eventTime=890137253, downTime=890137253, deviceId=0, source=0x1002 }
08-06 15:15:20.867 18417 19840 I art     : Starting a blocking GC Explicit
08-06 15:15:20.904 21161 21161 D AndroidRuntime: Shutting down VM
08-06 15:15:20.923 18417 19840 I art     : Explicit concurrent mark sweep GC freed 62(1808B) AllocSpace objects, 0(0B) LOS objects, 7% free, 185MB/201MB, paused 1.376ms total 56.359ms
08-06 15:15:20.945   512  2967 D audio_hw_primary: out_set_parameters: enter: usecase(1: low-latency-playback) kvpairs: routing=2
08-06 15:15:20.945 18417 19840 I art     : Starting a blocking GC Explicit
08-06 15:15:20.958   512  2967 D audio_hw_primary: select_devices: out_snd_device(2: speaker) in_snd_device(0: none)
08-06 15:15:20.958   512  2967 D msm8974_platform: platform_send_audio_calibration: sending audio calibration for snd_device(2) acdb_id(15)
08-06 15:15:20.958   512  2967 I soundtrigger: audio_extn_sound_trigger_update_device_status: device 0x2 of type 0 for Event 1
08-06 15:15:20.968   512  2967 D audio_hw_primary: enable_snd_device: snd_device(2: speaker)
08-06 15:15:20.970   512  2967 D audio_hw_primary: enable_audio_route: apply and update mixer path: low-latency-playback speaker
08-06 15:15:21.000 18417 19840 I art     : Explicit concurrent mark sweep GC freed 11(368B) AllocSpace objects, 0(0B) LOS objects, 7% free, 185MB/201MB, paused 1.410ms total 54.816ms
08-06 15:15:21.417 18417 18430 I art     : Starting a blocking GC Explicit
08-06 15:15:21.474 18417 18430 I art     : Explicit concurrent mark sweep GC freed 2023(115KB) AllocSpace objects, 2(48KB) LOS objects, 7% free, 185MB/201MB, paused 1.457ms total 56.481ms
08-06 15:15:21.495 18417 18430 I art     : Starting a blocking GC Explicit
08-06 15:15:21.499   512  2967 D audio_hw_primary: disable_audio_route: reset and update mixer path: low-latency-playback speaker
08-06 15:15:21.499   512  2967 D audio_hw_primary: disable_snd_device: snd_device(2: speaker)
08-06 15:15:21.507   512  2967 I soundtrigger: audio_extn_sound_trigger_update_device_status: device 0x2 of type 0 for Event 0
08-06 15:15:21.547 18417 18430 I art     : Explicit concurrent mark sweep GC freed 62(2432B) AllocSpace objects, 0(0B) LOS objects, 7% free, 185MB/201MB, paused 1.303ms total 51.508ms
08-06 15:15:21.565 18417 18430 I art     : Starting a blocking GC Explicit
08-06 15:15:21.622 18417 18430 I art     : Explicit concurrent mark sweep GC freed 3(96B) AllocSpace objects, 0(0B) LOS objects, 7% free, 185MB/201MB, paused 1.477ms total 56.757ms
08-06 15:15:21.641 18417 18430 I art     : Starting a blocking GC Explicit
08-06 15:15:21.654 21185 21185 D AndroidRuntime: >>>>>> START com.android.internal.os.RuntimeInit uid 2000 <<<<<<
08-06 15:15:21.660 21185 21185 D AndroidRuntime: CheckJNI is OFF
08-06 15:15:21.699 18417 18430 I art     : Explicit concurrent mark sweep GC freed 3(96B) AllocSpace objects, 0(0B) LOS objects, 7% free, 185MB/201MB, paused 1.564ms total 57.035ms
08-06 15:15:21.702 21185 21185 D ICU     : No timezone override file found: /data/misc/zoneinfo/current/icu/icu_tzdata.dat
08-06 15:15:21.719 18417 18430 I art     : Starting a blocking GC Explicit
08-06 15:15:21.745 21185 21185 I Radio-JNI: register_android_hardware_Radio DONE
08-06 15:15:21.774 21185 21185 D AndroidRuntime: Calling main entry com.android.commands.input.Input
08-06 15:15:21.776 21185 21185 I Input   : injectMotionEvent: MotionEvent { action=ACTION_DOWN, actionButton=0, id[0]=0, x[0]=405.0, y[0]=661.0, toolType[0]=TOOL_TYPE_UNKNOWN, buttonState=0, metaState=0, flags=0x0, edgeFlags=0x0, pointerCount=1, historySize=0, eventTime=890138189, downTime=890138189, deviceId=0, source=0x1002 }
08-06 15:15:21.779 18417 18430 I art     : Explicit concurrent mark sweep GC freed 5(160B) AllocSpace objects, 0(0B) LOS objects, 7% free, 185MB/201MB, paused 1.621ms total 59.662ms
08-06 15:15:21.781 21185 21185 I Input   : injectMotionEvent: MotionEvent { action=ACTION_UP, actionButton=0, id[0]=0, x[0]=405.0, y[0]=661.0, toolType[0]=TOOL_TYPE_UNKNOWN, buttonState=0, metaState=0, flags=0x0, edgeFlags=0x0, pointerCount=1, historySize=0, eventTime=890138189, downTime=890138189, deviceId=0, source=0x1002 }
08-06 15:15:21.784 21185 21185 D AndroidRuntime: Shutting down VM
08-06 15:15:21.805   512  2967 D audio_hw_primary: out_set_parameters: enter: usecase(1: low-latency-playback) kvpairs: routing=2
08-06 15:15:21.818   512  2967 D audio_hw_primary: select_devices: out_snd_device(2: speaker) in_snd_device(0: none)
08-06 15:15:21.818   512  2967 D msm8974_platform: platform_send_audio_calibration: sending audio calibration for snd_device(2) acdb_id(15)
08-06 15:15:21.819   512  2967 I soundtrigger: audio_extn_sound_trigger_update_device_status: device 0x2 of type 0 for Event 1
08-06 15:15:21.826 14704 14704 I ServiceManager: Waiting for service AtCmdFwd...
08-06 15:15:21.828   512  2967 D audio_hw_primary: enable_snd_device: snd_device(2: speaker)
08-06 15:15:21.831   512  2967 D audio_hw_primary: enable_audio_route: apply and update mixer path: low-latency-playback speaker
08-06 15:15:21.872   512  2967 D AudioFlinger: mixer(0xf4740000) throttle end: throttle time(12)
08-06 15:15:22.177 18417 18429 I art     : Starting a blocking GC Explicit
08-06 15:15:22.246 18417 18429 I art     : Explicit concurrent mark sweep GC freed 3690(168KB) AllocSpace objects, 11(300KB) LOS objects, 7% free, 185MB/201MB, paused 1.449ms total 68.752ms
08-06 15:15:22.268 18417 18429 I art     : Starting a blocking GC Explicit
08-06 15:15:22.323 18417 18429 I art     : Explicit concurrent mark sweep GC freed 938(53KB) AllocSpace objects, 0(0B) LOS objects, 7% free, 185MB/201MB, paused 1.427ms total 55.474ms
08-06 15:15:22.343 18417 18429 I art     : Starting a blocking GC Explicit
08-06 15:15:22.359   512  2967 D audio_hw_primary: disable_audio_route: reset and update mixer path: low-latency-playback speaker
08-06 15:15:22.361   512  2967 D audio_hw_primary: disable_snd_device: snd_device(2: speaker)
08-06 15:15:22.369   512  2967 I soundtrigger: audio_extn_sound_trigger_update_device_status: device 0x2 of type 0 for Event 0
08-06 15:15:22.377   518   646 I ThermalEngine: ACTION: GPU - Setting GPU[0] to 390000000
08-06 15:15:22.422 18417 18429 I art     : Explicit concurrent mark sweep GC freed 3(96B) AllocSpace objects, 0(0B) LOS objects, 7% free, 185MB/201MB, paused 2.180ms total 78.409ms
08-06 15:15:22.450 18417 18429 I art     : Starting a blocking GC Explicit
08-06 15:15:22.536 18417 18429 I art     : Explicit concurrent mark sweep GC freed 3(96B) AllocSpace objects, 0(0B) LOS objects, 7% free, 185MB/201MB, paused 2.623ms total 85.298ms
08-06 15:15:22.569 18417 18429 I art     : Starting a blocking GC Explicit
08-06 15:15:22.653 18417 18429 I art     : Explicit concurrent mark sweep GC freed 3(96B) AllocSpace objects, 0(0B) LOS objects, 7% free, 185MB/201MB, paused 2.724ms total 83.030ms
08-06 15:15:22.827 14704 14704 W Atfwd_Sendcmd: AtCmdFwd service not published, waiting... retryCnt : 4
08-06 15:15:23.158   918  3261 D WifiStateMachine: starting scan for "H369AA63323"WPA_PSK with 2412,5180
08-06 15:15:23.161 18417 18697 I art     : Starting a blocking GC Explicit
08-06 15:15:23.251 18417 18697 I art     : Explicit concurrent mark sweep GC freed 1660(95KB) AllocSpace objects, 2(48KB) LOS objects, 7% free, 185MB/201MB, paused 2.159ms total 89.374ms
08-06 15:15:23.278 18417 18697 I art     : Starting a blocking GC Explicit
08-06 15:15:23.353 18417 18697 I art     : Explicit concurrent mark sweep GC freed 30(1104B) AllocSpace objects, 0(0B) LOS objects, 7% free, 185MB/201MB, paused 2.273ms total 75.162ms
08-06 15:15:23.381 18417 18697 I art     : Starting a blocking GC Explicit
08-06 15:15:23.461 18417 18697 I art     : Explicit concurrent mark sweep GC freed 3(96B) AllocSpace objects, 0(0B) LOS objects, 7% free, 185MB/201MB, paused 2.666ms total 78.853ms
08-06 15:15:23.492 18417 18697 I art     : Starting a blocking GC Explicit
08-06 15:15:23.578 18417 18697 I art     : Explicit concurrent mark sweep GC freed 3(96B) AllocSpace objects, 0(0B) LOS objects, 7% free, 185MB/201MB, paused 2.526ms total 85.060ms
08-06 15:15:23.610 18417 18697 I art     : Starting a blocking GC Explicit
08-06 15:15:23.686 18417 18697 I art     : Explicit concurrent mark sweep GC freed 3(96B) AllocSpace objects, 0(0B) LOS objects, 7% free, 185MB/201MB, paused 2.118ms total 75.903ms
08-06 15:15:24.154 18417 18430 I art     : Starting a blocking GC Explicit
08-06 15:15:24.234 18417 18430 I art     : Explicit concurrent mark sweep GC freed 1673(96KB) AllocSpace objects, 2(48KB) LOS objects, 7% free, 185MB/201MB, paused 2.242ms total 79.004ms
08-06 15:15:24.262 18417 18430 I art     : Starting a blocking GC Explicit
08-06 15:15:24.334 18417 18430 I art     : Explicit concurrent mark sweep GC freed 44(1536B) AllocSpace objects, 0(0B) LOS objects, 7% free, 185MB/201MB, paused 2.114ms total 71.899ms
08-06 15:15:24.361 18417 18430 I art     : Starting a blocking GC Explicit
08-06 15:15:24.436 18417 18430 I art     : Explicit concurrent mark sweep GC freed 3(96B) AllocSpace objects, 0(0B) LOS objects, 7% free, 185MB/201MB, paused 2.143ms total 74.166ms
08-06 15:15:24.463 18417 18430 I art     : Starting a blocking GC Explicit
08-06 15:15:24.539 18417 18430 I art     : Explicit concurrent mark sweep GC freed 3(96B) AllocSpace objects, 0(0B) LOS objects, 7% free, 185MB/201MB, paused 2.398ms total 75.514ms
08-06 15:15:24.566 18417 18430 I art     : Starting a blocking GC Explicit
08-06 15:15:24.640 18417 18430 I art     : Explicit concurrent mark sweep GC freed 3(96B) AllocSpace objects, 0(0B) LOS objects, 7% free, 185MB/201MB, paused 2.196ms total 73.745ms
08-06 15:15:24.666 21237 21237 D AndroidRuntime: >>>>>> START com.android.internal.os.RuntimeInit uid 2000 <<<<<<
08-06 15:15:24.673 21237 21237 D AndroidRuntime: CheckJNI is OFF
08-06 15:15:24.721 21237 21237 D ICU     : No timezone override file found: /data/misc/zoneinfo/current/icu/icu_tzdata.dat
08-06 15:15:24.768 21237 21237 I Radio-JNI: register_android_hardware_Radio DONE
08-06 15:15:24.801 21237 21237 D AndroidRuntime: Calling main entry com.android.commands.input.Input
08-06 15:15:24.804 21237 21237 I Input   : injectMotionEvent: MotionEvent { action=ACTION_DOWN, actionButton=0, id[0]=0, x[0]=1341.0, y[0]=197.0, toolType[0]=TOOL_TYPE_UNKNOWN, buttonState=0, metaState=0, flags=0x0, edgeFlags=0x0, pointerCount=1, historySize=0, eventTime=890141217, downTime=890141217, deviceId=0, source=0x1002 }
08-06 15:15:24.810 21237 21237 I Input   : injectMotionEvent: MotionEvent { action=ACTION_UP, actionButton=0, id[0]=0, x[0]=1341.0, y[0]=197.0, toolType[0]=TOOL_TYPE_UNKNOWN, buttonState=0, metaState=0, flags=0x0, edgeFlags=0x0, pointerCount=1, historySize=0, eventTime=890141217, downTime=890141217, deviceId=0, source=0x1002 }
08-06 15:15:24.813 21237 21237 D AndroidRuntime: Shutting down VM
08-06 15:15:24.818   918   928 I ActivityManager: START u0 {cmp=baseline.io.github.project_travel_mate/.notifications.NotificationsActivity} from uid 10696 on display 0
08-06 15:15:24.823   512  2967 D audio_hw_primary: out_set_parameters: enter: usecase(1: low-latency-playback) kvpairs: routing=2
08-06 15:15:24.839   512  2967 D audio_hw_primary: select_devices: out_snd_device(2: speaker) in_snd_device(0: none)
08-06 15:15:24.839   512  2967 D msm8974_platform: platform_send_audio_calibration: sending audio calibration for snd_device(2) acdb_id(15)
08-06 15:15:24.840   512  2967 I soundtrigger: audio_extn_sound_trigger_update_device_status: device 0x2 of type 0 for Event 1
08-06 15:15:24.855   512  2967 D audio_hw_primary: enable_snd_device: snd_device(2: speaker)
08-06 15:15:24.857   512  2967 D audio_hw_primary: enable_audio_route: apply and update mixer path: low-latency-playback speaker
08-06 15:15:24.867 18417 18498 D Gabe    : call	returning from cache
08-06 15:15:24.876 18417 18417 V EXECUTING: https://project-travel-mate.herokuapp.com/api/get-notifications
08-06 15:15:24.879 18417 18417 V EXECUTING: https://project-travel-mate.herokuapp.com/api/get-notifications
08-06 15:15:25.072   918   936 I ActivityManager: Displayed baseline.io.github.project_travel_mate/.notifications.NotificationsActivity: +240ms
08-06 15:15:25.079 13866 13866 I GoogleInputMethodServic: GoogleInputMethodService.onFinishInput():3138 
08-06 15:15:25.080 13866 13866 I GoogleInputMethodServic: GoogleInputMethodService.onStartInput():1808 
08-06 15:15:25.139 18417 19840 I art     : Starting a blocking GC Explicit
08-06 15:15:25.211 18417 19840 I art     : Explicit concurrent mark sweep GC freed 3937(220KB) AllocSpace objects, 2(48KB) LOS objects, 7% free, 189MB/205MB, paused 2.447ms total 71.605ms
08-06 15:15:25.238 18417 19840 I art     : Starting a blocking GC Explicit
08-06 15:15:25.306 18417 19840 I art     : Explicit concurrent mark sweep GC freed 452(18KB) AllocSpace objects, 0(0B) LOS objects, 7% free, 189MB/205MB, paused 2.175ms total 68.104ms
08-06 15:15:25.331 18417 19840 I art     : Starting a blocking GC Explicit
08-06 15:15:25.333   380   380 W SurfaceFlinger: couldn't log to binary event log: overflow.
08-06 15:15:25.398 18417 19840 I art     : Explicit concurrent mark sweep GC freed 143(3024B) AllocSpace objects, 0(0B) LOS objects, 7% free, 189MB/205MB, paused 2.308ms total 66.183ms
08-06 15:15:25.399   512  2967 D audio_hw_primary: disable_audio_route: reset and update mixer path: low-latency-playback speaker
08-06 15:15:25.400   512  2967 D audio_hw_primary: disable_snd_device: snd_device(2: speaker)
08-06 15:15:25.409   512  2967 I soundtrigger: audio_extn_sound_trigger_update_device_status: device 0x2 of type 0 for Event 0
08-06 15:15:25.422 18417 19840 I art     : Starting a blocking GC Explicit
08-06 15:15:25.497 18417 19840 I art     : Explicit concurrent mark sweep GC freed 150(2512B) AllocSpace objects, 0(0B) LOS objects, 7% free, 189MB/205MB, paused 2.252ms total 73.793ms
08-06 15:15:25.520 18417 19840 I art     : Starting a blocking GC Explicit
08-06 15:15:25.592 18417 19840 I art     : Explicit concurrent mark sweep GC freed 5157(262KB) AllocSpace objects, 6(400KB) LOS objects, 7% free, 190MB/206MB, paused 3.114ms total 71.612ms
08-06 15:15:25.625 18417 21261 I NAPPA_EXPERIMENTATION: MetricNetworkRequestExecutionTime: REQUEST_DURATION_SYSTEM='744',REQUEST_DURATION_OKHTTP='32',REQUEST_SYNCHRONOUS='FALSE',RESPONSE_CODE='200',RESPONSE_METHOD='GET',RESPONSE_LENGTH_OKHTTP='2',RESPONSE_LENGTH_HEADER='2',REQUEST_PROTOCOL='http/1.1',REQUEST_URL='https://project-travel-mate.herokuapp.com/api/get-notifications',
08-06 15:15:25.649 18417 21260 I NAPPA_EXPERIMENTATION: MetricNetworkRequestExecutionTime: REQUEST_DURATION_SYSTEM='772',REQUEST_DURATION_OKHTTP='59',REQUEST_SYNCHRONOUS='FALSE',RESPONSE_CODE='200',RESPONSE_METHOD='GET',RESPONSE_LENGTH_OKHTTP='2',RESPONSE_LENGTH_HEADER='2',REQUEST_PROTOCOL='http/1.1',REQUEST_URL='https://project-travel-mate.herokuapp.com/api/get-notifications',
08-06 15:15:25.746 18417 18417 V Response: [] 
08-06 15:15:25.753 18417 18498 D Gabe    : call	returning from cache
08-06 15:15:25.753 18417 18417 V Response: [] 
08-06 15:15:25.758 18417 18498 D Gabe    : call	returning from cache
08-06 15:15:26.033 18417 19840 I art     : Starting a blocking GC Explicit
08-06 15:15:26.105 18417 19840 I art     : Explicit concurrent mark sweep GC freed 7520(459KB) AllocSpace objects, 3(236KB) LOS objects, 7% free, 190MB/206MB, paused 1.979ms total 71.728ms
08-06 15:15:26.131 18417 19840 I art     : Starting a blocking GC Explicit
08-06 15:15:26.200 18417 19840 I art     : Explicit concurrent mark sweep GC freed 2181(78KB) AllocSpace objects, 0(0B) LOS objects, 7% free, 190MB/206MB, paused 1.922ms total 68.623ms
08-06 15:15:26.225 18417 19840 I art     : Starting a blocking GC Explicit
08-06 15:15:26.290 18417 19840 I art     : Explicit concurrent mark sweep GC freed 521(15KB) AllocSpace objects, 0(0B) LOS objects, 7% free, 190MB/206MB, paused 2.046ms total 64.867ms
08-06 15:15:26.314 18417 19840 I art     : Starting a blocking GC Explicit
08-06 15:15:26.381 18417 19840 I art     : Explicit concurrent mark sweep GC freed 438(8KB) AllocSpace objects, 0(0B) LOS objects, 7% free, 190MB/206MB, paused 1.988ms total 66.544ms
08-06 15:15:26.407 18417 19840 I art     : Starting a blocking GC Explicit
08-06 15:15:26.474 18417 19840 I art     : Explicit concurrent mark sweep GC freed 394(6KB) AllocSpace objects, 0(0B) LOS objects, 7% free, 190MB/206MB, paused 2.035ms total 66.719ms
08-06 15:15:26.912 18417 18478 I art     : Starting a blocking GC Explicit
08-06 15:15:26.980 18417 18478 I art     : Explicit concurrent mark sweep GC freed 3819(130KB) AllocSpace objects, 2(48KB) LOS objects, 7% free, 190MB/206MB, paused 2.196ms total 67.093ms
08-06 15:15:27.005 18417 18478 I art     : Starting a blocking GC Explicit
08-06 15:15:27.072 18417 18478 I art     : Explicit concurrent mark sweep GC freed 386(6KB) AllocSpace objects, 0(0B) LOS objects, 7% free, 190MB/206MB, paused 2.296ms total 66.595ms
08-06 15:15:27.098 18417 18478 I art     : Starting a blocking GC Explicit
08-06 15:15:27.163 18417 18478 I art     : Explicit concurrent mark sweep GC freed 417(6KB) AllocSpace objects, 0(0B) LOS objects, 7% free, 190MB/206MB, paused 2.061ms total 64.945ms
08-06 15:15:27.189 18417 18478 I art     : Starting a blocking GC Explicit
08-06 15:15:27.255 18417 18478 I art     : Explicit concurrent mark sweep GC freed 352(5KB) AllocSpace objects, 0(0B) LOS objects, 7% free, 190MB/206MB, paused 2.329ms total 65.165ms
08-06 15:15:27.280 18417 18478 I art     : Starting a blocking GC Explicit
08-06 15:15:27.346 18417 18478 I art     : Explicit concurrent mark sweep GC freed 424(6KB) AllocSpace objects, 0(0B) LOS objects, 7% free, 190MB/206MB, paused 2.065ms total 65.894ms
08-06 15:15:27.792 18417 18430 I art     : Starting a blocking GC Explicit
08-06 15:15:27.860 18417 18430 I art     : Explicit concurrent mark sweep GC freed 3777(128KB) AllocSpace objects, 2(48KB) LOS objects, 7% free, 190MB/206MB, paused 2.227ms total 67.383ms
08-06 15:15:27.885 18417 18430 I art     : Starting a blocking GC Explicit
08-06 15:15:27.950 18417 18430 I art     : Explicit concurrent mark sweep GC freed 438(8KB) AllocSpace objects, 0(0B) LOS objects, 7% free, 190MB/206MB, paused 1.933ms total 64.463ms
08-06 15:15:27.975 18417 18430 I art     : Starting a blocking GC Explicit
08-06 15:15:28.042 18417 18430 I art     : Explicit concurrent mark sweep GC freed 427(7KB) AllocSpace objects, 0(0B) LOS objects, 7% free, 190MB/206MB, paused 2.088ms total 66.723ms
08-06 15:15:28.066 18417 18430 I art     : Starting a blocking GC Explicit
08-06 15:15:28.130 18417 18430 I art     : Explicit concurrent mark sweep GC freed 395(6KB) AllocSpace objects, 0(0B) LOS objects, 7% free, 190MB/206MB, paused 1.980ms total 63.712ms
08-06 15:15:28.155 18417 18430 I art     : Starting a blocking GC Explicit
08-06 15:15:28.223 18417 18430 I art     : Explicit concurrent mark sweep GC freed 353(5KB) AllocSpace objects, 0(0B) LOS objects, 7% free, 190MB/206MB, paused 2.187ms total 67.265ms
08-06 15:15:28.666 18417 18429 I art     : Starting a blocking GC Explicit
08-06 15:15:28.733 18417 18429 I art     : Explicit concurrent mark sweep GC freed 3793(129KB) AllocSpace objects, 2(48KB) LOS objects, 7% free, 190MB/206MB, paused 1.961ms total 66.874ms
08-06 15:15:28.759 18417 18429 I art     : Starting a blocking GC Explicit
08-06 15:15:28.826 18417 18429 I art     : Explicit concurrent mark sweep GC freed 389(6KB) AllocSpace objects, 0(0B) LOS objects, 7% free, 190MB/206MB, paused 2.132ms total 66.522ms
08-06 15:15:28.851 18417 18429 I art     : Starting a blocking GC Explicit
08-06 15:15:28.917 18417 18429 I art     : Explicit concurrent mark sweep GC freed 453(7KB) AllocSpace objects, 0(0B) LOS objects, 7% free, 190MB/206MB, paused 2.031ms total 65.776ms
08-06 15:15:28.942 18417 18429 I art     : Starting a blocking GC Explicit
08-06 15:15:29.009 18417 18429 I art     : Explicit concurrent mark sweep GC freed 361(5KB) AllocSpace objects, 0(0B) LOS objects, 7% free, 190MB/206MB, paused 2.535ms total 66.172ms
08-06 15:15:29.034 18417 18429 I art     : Starting a blocking GC Explicit
08-06 15:15:29.100 18417 18429 I art     : Explicit concurrent mark sweep GC freed 426(7KB) AllocSpace objects, 0(0B) LOS objects, 7% free, 190MB/206MB, paused 2.009ms total 65.496ms
08-06 15:15:29.551 18417 18430 I art     : Starting a blocking GC Explicit
08-06 15:15:29.619 18417 18430 I art     : Explicit concurrent mark sweep GC freed 3855(131KB) AllocSpace objects, 2(48KB) LOS objects, 7% free, 190MB/206MB, paused 2.020ms total 67.504ms
08-06 15:15:29.643 18417 18430 I art     : Starting a blocking GC Explicit
08-06 15:15:29.684 21308 21308 D AndroidRuntime: >>>>>> START com.android.internal.os.RuntimeInit uid 2000 <<<<<<
08-06 15:15:29.690 21308 21308 D AndroidRuntime: CheckJNI is OFF
08-06 15:15:29.707 18417 18430 I art     : Explicit concurrent mark sweep GC freed 539(17KB) AllocSpace objects, 0(0B) LOS objects, 7% free, 190MB/206MB, paused 2.125ms total 64.159ms
08-06 15:15:29.732 18417 18430 I art     : Starting a blocking GC Explicit
08-06 15:15:29.743 21308 21308 D ICU     : No timezone override file found: /data/misc/zoneinfo/current/icu/icu_tzdata.dat
08-06 15:15:29.787 21308 21308 I Radio-JNI: register_android_hardware_Radio DONE
08-06 15:15:29.797 18417 18430 I art     : Explicit concurrent mark sweep GC freed 423(6KB) AllocSpace objects, 0(0B) LOS objects, 7% free, 190MB/206MB, paused 2.013ms total 64.929ms
08-06 15:15:29.818 21308 21308 D AndroidRuntime: Calling main entry com.android.commands.input.Input
08-06 15:15:29.821 21308 21308 I Input   : injectKeyEvent: KeyEvent { action=ACTION_DOWN, keyCode=KEYCODE_BACK, scanCode=0, metaState=0, flags=0x0, repeatCount=0, eventTime=890146233, downTime=890146233, deviceId=-1, source=0x101 }
08-06 15:15:29.822 18417 18430 I art     : Starting a blocking GC Explicit
08-06 15:15:29.836 21308 21308 I Input   : injectKeyEvent: KeyEvent { action=ACTION_UP, keyCode=KEYCODE_BACK, scanCode=0, metaState=0, flags=0x0, repeatCount=0, eventTime=890146233, downTime=890146233, deviceId=-1, source=0x101 }
08-06 15:15:29.855 21308 21308 D AndroidRuntime: Shutting down VM
08-06 15:15:29.878 18417 18417 V MainActivity: url = https://project-travel-mate.herokuapp.com/api/number-of-unread-notifications
08-06 15:15:29.888 18417 18430 I art     : Explicit concurrent mark sweep GC freed 662(19KB) AllocSpace objects, 0(0B) LOS objects, 7% free, 190MB/206MB, paused 2.594ms total 66.176ms
08-06 15:15:29.912 18417 18430 I art     : Starting a blocking GC Explicit
08-06 15:15:29.920 13866 13866 I GoogleInputMethodServic: GoogleInputMethodService.onFinishInput():3138 
08-06 15:15:29.926 13866 13866 I GoogleInputMethodServic: GoogleInputMethodService.onStartInput():1808 
08-06 15:15:29.983 18417 18430 I art     : Explicit concurrent mark sweep GC freed 386(11KB) AllocSpace objects, 0(0B) LOS objects, 7% free, 190MB/206MB, paused 2.140ms total 70.802ms
08-06 15:15:30.205   380   380 W SurfaceFlinger: couldn't log to binary event log: overflow.
08-06 15:15:30.449 18417 18430 I art     : Starting a blocking GC Explicit
08-06 15:15:30.551 18417 18430 I art     : Explicit concurrent mark sweep GC freed 1840(101KB) AllocSpace objects, 3(4MB) LOS objects, 7% free, 185MB/201MB, paused 2.738ms total 101.669ms
08-06 15:15:30.580 18417 18430 I art     : Starting a blocking GC Explicit
08-06 15:15:30.649 18417 18430 I art     : Explicit concurrent mark sweep GC freed 3759(178KB) AllocSpace objects, 2(56KB) LOS objects, 7% free, 185MB/201MB, paused 2.357ms total 69.121ms
08-06 15:15:30.675 18417 18430 I art     : Starting a blocking GC Explicit
08-06 15:15:30.733 18417 21331 I NAPPA_EXPERIMENTATION: MetricNetworkRequestExecutionTime: REQUEST_DURATION_SYSTEM='852',REQUEST_DURATION_OKHTTP='31',REQUEST_SYNCHRONOUS='FALSE',RESPONSE_CODE='200',RESPONSE_METHOD='GET',RESPONSE_LENGTH_OKHTTP='36',RESPONSE_LENGTH_HEADER='36',REQUEST_PROTOCOL='http/1.1',REQUEST_URL='https://project-travel-mate.herokuapp.com/api/number-of-unread-notifications',
08-06 15:15:30.757 18417 18430 I art     : Explicit concurrent mark sweep GC freed 2672(142KB) AllocSpace objects, 2(120KB) LOS objects, 7% free, 185MB/201MB, paused 2.307ms total 81.513ms
08-06 15:15:30.786 18417 18430 I art     : Starting a blocking GC Explicit
08-06 15:15:30.871 18417 18430 I art     : Explicit concurrent mark sweep GC freed 1084(122KB) AllocSpace objects, 1(80KB) LOS objects, 7% free, 185MB/201MB, paused 3.074ms total 84.902ms
08-06 15:15:30.901 18417 18430 I art     : Starting a blocking GC Explicit
08-06 15:15:30.982 18417 18430 I art     : Explicit concurrent mark sweep GC freed 72(2400B) AllocSpace objects, 0(0B) LOS objects, 7% free, 185MB/201MB, paused 2.702ms total 80.717ms
08-06 15:15:31.452 18417 18478 I art     : Starting a blocking GC Explicit
08-06 15:15:31.536 18417 18478 I art     : Explicit concurrent mark sweep GC freed 1645(95KB) AllocSpace objects, 2(48KB) LOS objects, 7% free, 185MB/201MB, paused 2.169ms total 82.901ms
08-06 15:15:31.564 18417 18478 I art     : Starting a blocking GC Explicit
08-06 15:15:31.642 18417 18478 I art     : Explicit concurrent mark sweep GC freed 40(1648B) AllocSpace objects, 0(0B) LOS objects, 7% free, 185MB/201MB, paused 2.290ms total 77.292ms
08-06 15:15:31.669 18417 18478 I art     : Starting a blocking GC Explicit
08-06 15:15:31.743 21343 21343 D AndroidRuntime: >>>>>> START com.android.internal.os.RuntimeInit uid 2000 <<<<<<
08-06 15:15:31.746 18417 18478 I art     : Explicit concurrent mark sweep GC freed 3(96B) AllocSpace objects, 0(0B) LOS objects, 7% free, 185MB/201MB, paused 2.273ms total 76.407ms
08-06 15:15:31.750 21343 21343 D AndroidRuntime: CheckJNI is OFF
08-06 15:15:31.773 18417 18478 I art     : Starting a blocking GC Explicit
08-06 15:15:31.802 21343 21343 D ICU     : No timezone override file found: /data/misc/zoneinfo/current/icu/icu_tzdata.dat
08-06 15:15:31.848 21343 21343 I Radio-JNI: register_android_hardware_Radio DONE
08-06 15:15:31.849 18417 18478 I art     : Explicit concurrent mark sweep GC freed 3(96B) AllocSpace objects, 0(0B) LOS objects, 7% free, 185MB/201MB, paused 2.376ms total 75.102ms
08-06 15:15:31.876 18417 18478 I art     : Starting a blocking GC Explicit
08-06 15:15:31.880 21343 21343 D AndroidRuntime: Calling main entry com.android.commands.input.Input
08-06 15:15:31.882 21343 21343 I Input   : injectMotionEvent: MotionEvent { action=ACTION_DOWN, actionButton=0, id[0]=0, x[0]=117.0, y[0]=170.0, toolType[0]=TOOL_TYPE_UNKNOWN, buttonState=0, metaState=0, flags=0x0, edgeFlags=0x0, pointerCount=1, historySize=0, eventTime=890148295, downTime=890148295, deviceId=0, source=0x1002 }
08-06 15:15:31.888 21343 21343 I Input   : injectMotionEvent: MotionEvent { action=ACTION_UP, actionButton=0, id[0]=0, x[0]=117.0, y[0]=170.0, toolType[0]=TOOL_TYPE_UNKNOWN, buttonState=0, metaState=0, flags=0x0, edgeFlags=0x0, pointerCount=1, historySize=0, eventTime=890148295, downTime=890148295, deviceId=0, source=0x1002 }
08-06 15:15:31.891 21343 21343 D AndroidRuntime: Shutting down VM
08-06 15:15:31.906   512  2967 D audio_hw_primary: out_set_parameters: enter: usecase(1: low-latency-playback) kvpairs: routing=2
08-06 15:15:31.920   512  2967 D audio_hw_primary: select_devices: out_snd_device(2: speaker) in_snd_device(0: none)
08-06 15:15:31.920   512  2967 D msm8974_platform: platform_send_audio_calibration: sending audio calibration for snd_device(2) acdb_id(15)
08-06 15:15:31.921   512  2967 I soundtrigger: audio_extn_sound_trigger_update_device_status: device 0x2 of type 0 for Event 1
08-06 15:15:31.934   512  2967 D audio_hw_primary: enable_snd_device: snd_device(2: speaker)
08-06 15:15:31.936   512  2967 D audio_hw_primary: enable_audio_route: apply and update mixer path: low-latency-playback speaker
08-06 15:15:31.964 18417 18478 I art     : Explicit concurrent mark sweep GC freed 73(2240B) AllocSpace objects, 0(0B) LOS objects, 7% free, 185MB/201MB, paused 2.377ms total 87.076ms
08-06 15:15:32.437 18417 18430 I art     : Starting a blocking GC Explicit
08-06 15:15:32.468   512  2967 D audio_hw_primary: disable_audio_route: reset and update mixer path: low-latency-playback speaker
08-06 15:15:32.469   512  2967 D audio_hw_primary: disable_snd_device: snd_device(2: speaker)
08-06 15:15:32.479   512  2967 I soundtrigger: audio_extn_sound_trigger_update_device_status: device 0x2 of type 0 for Event 0
08-06 15:15:32.509 18417 18430 I art     : Explicit concurrent mark sweep GC freed 2004(114KB) AllocSpace objects, 2(48KB) LOS objects, 7% free, 185MB/201MB, paused 2.239ms total 72.026ms
08-06 15:15:32.535 18417 18430 I art     : Starting a blocking GC Explicit
08-06 15:15:32.608 18417 18430 I art     : Explicit concurrent mark sweep GC freed 62(2432B) AllocSpace objects, 0(0B) LOS objects, 7% free, 185MB/201MB, paused 2.139ms total 72.355ms
08-06 15:15:32.635 18417 18430 I art     : Starting a blocking GC Explicit
08-06 15:15:32.710 18417 18430 I art     : Explicit concurrent mark sweep GC freed 5(160B) AllocSpace objects, 0(0B) LOS objects, 7% free, 185MB/201MB, paused 2.396ms total 73.964ms
08-06 15:15:32.737 18417 18430 I art     : Starting a blocking GC Explicit
08-06 15:15:32.781 21366 21366 D AndroidRuntime: >>>>>> START com.android.internal.os.RuntimeInit uid 2000 <<<<<<
08-06 15:15:32.787 21366 21366 D AndroidRuntime: CheckJNI is OFF
08-06 15:15:32.813 18417 18430 I art     : Explicit concurrent mark sweep GC freed 3(96B) AllocSpace objects, 0(0B) LOS objects, 7% free, 185MB/201MB, paused 2.201ms total 75.313ms
08-06 15:15:32.839 18417 18430 I art     : Starting a blocking GC Explicit
08-06 15:15:32.841 21366 21366 D ICU     : No timezone override file found: /data/misc/zoneinfo/current/icu/icu_tzdata.dat
08-06 15:15:32.886 21366 21366 I Radio-JNI: register_android_hardware_Radio DONE
08-06 15:15:32.914 18417 18430 I art     : Explicit concurrent mark sweep GC freed 40(1088B) AllocSpace objects, 0(0B) LOS objects, 7% free, 185MB/201MB, paused 2.147ms total 74.874ms
08-06 15:15:32.918 21366 21366 D AndroidRuntime: Calling main entry com.android.commands.input.Input
08-06 15:15:32.921 21366 21366 I Input   : injectMotionEvent: MotionEvent { action=ACTION_DOWN, actionButton=0, id[0]=0, x[0]=418.0, y[0]=842.0, toolType[0]=TOOL_TYPE_UNKNOWN, buttonState=0, metaState=0, flags=0x0, edgeFlags=0x0, pointerCount=1, historySize=0, eventTime=890149333, downTime=890149333, deviceId=0, source=0x1002 }
08-06 15:15:32.926 21366 21366 I Input   : injectMotionEvent: MotionEvent { action=ACTION_UP, actionButton=0, id[0]=0, x[0]=418.0, y[0]=842.0, toolType[0]=TOOL_TYPE_UNKNOWN, buttonState=0, metaState=0, flags=0x0, edgeFlags=0x0, pointerCount=1, historySize=0, eventTime=890149333, downTime=890149333, deviceId=0, source=0x1002 }
08-06 15:15:32.928 21366 21366 D AndroidRuntime: Shutting down VM
08-06 15:15:32.946   512  2967 D audio_hw_primary: out_set_parameters: enter: usecase(1: low-latency-playback) kvpairs: routing=2
08-06 15:15:32.949 18417 18498 D Gabe    : call	returning from cache
08-06 15:15:32.960   512  2967 D audio_hw_primary: select_devices: out_snd_device(2: speaker) in_snd_device(0: none)
08-06 15:15:32.960   512  2967 D msm8974_platform: platform_send_audio_calibration: sending audio calibration for snd_device(2) acdb_id(15)
08-06 15:15:32.960   512  2967 I soundtrigger: audio_extn_sound_trigger_update_device_status: device 0x2 of type 0 for Event 1
08-06 15:15:32.971   512  2967 D audio_hw_primary: enable_snd_device: snd_device(2: speaker)
08-06 15:15:32.973   512  2967 D audio_hw_primary: enable_audio_route: apply and update mixer path: low-latency-playback speaker
08-06 15:15:32.983 18417 18417 V MainActivity: url = https://project-travel-mate.herokuapp.com/api/number-of-unread-notifications
08-06 15:15:33.016   512  2967 D AudioFlinger: mixer(0xf4740000) throttle end: throttle time(12)
08-06 15:15:33.387 18417 18429 I art     : Starting a blocking GC Explicit
08-06 15:15:33.474 18417 18429 I art     : Explicit concurrent mark sweep GC freed 4181(260KB) AllocSpace objects, 2(48KB) LOS objects, 7% free, 186MB/202MB, paused 3.004ms total 86.108ms
08-06 15:15:33.498   512  2967 D audio_hw_primary: disable_audio_route: reset and update mixer path: low-latency-playback speaker
08-06 15:15:33.500   512  2967 D audio_hw_primary: disable_snd_device: snd_device(2: speaker)
08-06 15:15:33.501 18417 18429 I art     : Starting a blocking GC Explicit
08-06 15:15:33.508   512  2967 I soundtrigger: audio_extn_sound_trigger_update_device_status: device 0x2 of type 0 for Event 0
08-06 15:15:33.585 18417 18429 I art     : Explicit concurrent mark sweep GC freed 648(38KB) AllocSpace objects, 0(0B) LOS objects, 7% free, 186MB/202MB, paused 3.048ms total 83.528ms
08-06 15:15:33.613 18417 18429 I art     : Starting a blocking GC Explicit
08-06 15:15:33.683 18417 18417 I Choreographer: Skipped 41 frames!  The application may be doing too much work on its main thread.
08-06 15:15:33.697 18417 18429 I art     : Explicit concurrent mark sweep GC freed 1861(64KB) AllocSpace objects, 0(0B) LOS objects, 7% free, 186MB/202MB, paused 3.221ms total 83.056ms
08-06 15:15:33.727 18417 18429 I art     : Starting a blocking GC Explicit
08-06 15:15:33.806 18417 21389 I NAPPA_EXPERIMENTATION: MetricNetworkRequestExecutionTime: REQUEST_DURATION_SYSTEM='822',REQUEST_DURATION_OKHTTP='35',REQUEST_SYNCHRONOUS='FALSE',RESPONSE_CODE='200',RESPONSE_METHOD='GET',RESPONSE_LENGTH_OKHTTP='36',RESPONSE_LENGTH_HEADER='36',REQUEST_PROTOCOL='http/1.1',REQUEST_URL='https://project-travel-mate.herokuapp.com/api/number-of-unread-notifications',
08-06 15:15:33.810 18417 18429 I art     : Explicit concurrent mark sweep GC freed 3722(203KB) AllocSpace objects, 12(452KB) LOS objects, 7% free, 186MB/202MB, paused 3.030ms total 82.465ms
08-06 15:15:33.838 18417 18429 I art     : Starting a blocking GC Explicit
08-06 15:15:33.926 18417 18429 I art     : Explicit concurrent mark sweep GC freed 1822(166KB) AllocSpace objects, 0(0B) LOS objects, 7% free, 186MB/202MB, paused 2.552ms total 87.843ms
08-06 15:15:34.397 18417 18430 I art     : Starting a blocking GC Explicit
08-06 15:15:34.484 18417 18430 I art     : Explicit concurrent mark sweep GC freed 3159(132KB) AllocSpace objects, 2(64KB) LOS objects, 7% free, 186MB/202MB, paused 2.354ms total 85.963ms
08-06 15:15:34.513 18417 18430 I art     : Starting a blocking GC Explicit
08-06 15:15:34.598 18417 18430 I art     : Explicit concurrent mark sweep GC freed 207(5KB) AllocSpace objects, 0(0B) LOS objects, 7% free, 186MB/202MB, paused 2.534ms total 84.949ms
08-06 15:15:34.631 18417 18430 I art     : Starting a blocking GC Explicit
08-06 15:15:34.703 18417 18430 I art     : Explicit concurrent mark sweep GC freed 180(3KB) AllocSpace objects, 0(0B) LOS objects, 7% free, 186MB/202MB, paused 1.928ms total 71.782ms
08-06 15:15:34.731 18417 18430 I art     : Starting a blocking GC Explicit
08-06 15:15:34.810 18417 18430 I art     : Explicit concurrent mark sweep GC freed 159(2880B) AllocSpace objects, 0(0B) LOS objects, 7% free, 186MB/202MB, paused 2.882ms total 79.081ms
08-06 15:15:34.839 18417 18430 I art     : Starting a blocking GC Explicit
08-06 15:15:34.919 18417 18430 I art     : Explicit concurrent mark sweep GC freed 213(3KB) AllocSpace objects, 0(0B) LOS objects, 7% free, 186MB/202MB, paused 2.335ms total 79.501ms
08-06 15:15:35.416 18417 18429 I art     : Starting a blocking GC Explicit
08-06 15:15:35.500 18417 18429 I art     : Explicit concurrent mark sweep GC freed 2455(108KB) AllocSpace objects, 2(64KB) LOS objects, 7% free, 186MB/202MB, paused 2.567ms total 84.025ms
08-06 15:15:35.530 18417 18429 I art     : Starting a blocking GC Explicit
08-06 15:15:35.611 18417 18429 I art     : Explicit concurrent mark sweep GC freed 184(3KB) AllocSpace objects, 0(0B) LOS objects, 7% free, 186MB/202MB, paused 2.330ms total 80.949ms
08-06 15:15:35.640 18417 18429 I art     : Starting a blocking GC Explicit
08-06 15:15:35.723 18417 18429 I art     : Explicit concurrent mark sweep GC freed 171(2896B) AllocSpace objects, 0(0B) LOS objects, 7% free, 186MB/202MB, paused 2.277ms total 81.705ms
08-06 15:15:35.751 18417 18429 I art     : Starting a blocking GC Explicit
08-06 15:15:35.832 18417 18429 I art     : Explicit concurrent mark sweep GC freed 151(2560B) AllocSpace objects, 0(0B) LOS objects, 7% free, 186MB/202MB, paused 2.388ms total 81.072ms
08-06 15:15:35.852 21425 21425 D AndroidRuntime: >>>>>> START com.android.internal.os.RuntimeInit uid 2000 <<<<<<
08-06 15:15:35.858 21425 21425 D AndroidRuntime: CheckJNI is OFF
08-06 15:15:35.862 18417 18429 I art     : Starting a blocking GC Explicit
08-06 15:15:35.912 21425 21425 D ICU     : No timezone override file found: /data/misc/zoneinfo/current/icu/icu_tzdata.dat
08-06 15:15:35.941 18417 18429 I art     : Explicit concurrent mark sweep GC freed 203(3KB) AllocSpace objects, 0(0B) LOS objects, 7% free, 186MB/202MB, paused 2.286ms total 79.594ms
08-06 15:15:35.959 21425 21425 I Radio-JNI: register_android_hardware_Radio DONE
08-06 15:15:35.991 21425 21425 D AndroidRuntime: Calling main entry com.android.commands.am.Am
08-06 15:15:35.999   779   779 I Trepn   : Trepn 6.2s: Received intent: com.quicinc.trepn.stop_profiling
08-06 15:15:36.028   779   779 I Trepn   : Trepn 6.2s: Trepn has Stopped Profiling.
08-06 15:15:36.194 21425 21425 D AndroidRuntime: Shutting down VM
08-06 15:15:36.200   918  3670 W AppOps  : Finishing op nesting under-run: uid 10078 pkg com.quicinc.trepn code 24 time=0 duration=0 nesting=0
08-06 15:15:36.399 18417 18478 I art     : Starting a blocking GC Explicit
08-06 15:15:36.485 18417 18478 I art     : Explicit concurrent mark sweep GC freed 2417(107KB) AllocSpace objects, 2(64KB) LOS objects, 7% free, 186MB/202MB, paused 2.294ms total 84.943ms
08-06 15:15:36.514 18417 18478 I art     : Starting a blocking GC Explicit
08-06 15:15:36.598 18417 18478 I art     : Explicit concurrent mark sweep GC freed 174(3KB) AllocSpace objects, 0(0B) LOS objects, 7% free, 186MB/202MB, paused 2.349ms total 83.647ms
08-06 15:15:36.627 18417 18478 I art     : Starting a blocking GC Explicit
08-06 15:15:36.711 18417 18478 I art     : Explicit concurrent mark sweep GC freed 188(3KB) AllocSpace objects, 0(0B) LOS objects, 7% free, 186MB/202MB, paused 2.193ms total 82.829ms
08-06 15:15:36.742 18417 18478 I art     : Starting a blocking GC Explicit
08-06 15:15:36.826 18417 18478 I art     : Explicit concurrent mark sweep GC freed 195(3KB) AllocSpace objects, 0(0B) LOS objects, 7% free, 186MB/202MB, paused 2.760ms total 83.848ms
08-06 15:15:36.855 18417 18478 I art     : Starting a blocking GC Explicit
08-06 15:15:36.940 18417 18478 I art     : Explicit concurrent mark sweep GC freed 233(4KB) AllocSpace objects, 0(0B) LOS objects, 7% free, 186MB/202MB, paused 2.545ms total 84.220ms
08-06 15:15:38.402   518   646 I ThermalEngine: ACTION: GPU - Setting GPU[0] to 450000000
