08-04 02:28:50.892 28718 32499 I NAPPA_EXPERIMENTATION: MetricPrefetchingAccuracy: LOG_ID='13',F1_SCORE_1='0.0',F1_SCORE_2='0.0',TRUE_POSITIVE='0',FALSE_POSITIVE='0',FALSE_NEGATIVE='10',
08-04 02:28:50.892 28718 32501 D Nappa   : F1_SCORE - FN list (10)= [https://www.newsblur.com/reader/feeds/?update_counts=true, https://www.newsblur.com/reader/unread_story_hashes?include_timestamps=1, https://www.newsblur.com/social/river_stories?order=newest&page=1&read_filter=all&global_feed=true, https://www.newsblur.com/rss_feeds/icon/0, https://s3.amazonaws.com/icons.newsblur.com/6882243.png, https://s3.amazonaws.com/icons.newsblur.com/18178.png, https://s3.amazonaws.com/icons.newsblur.com/5762506.png, http://feeds.feedburner.com/~r/retort/~4/UffaFMiJbNs, https://images.fastcompany.net/image/upload/w_1280,q_auto,f_auto,fl_lossy/wp-cms/uploads/2020/07/p-1-90532920-this-chart-shows-how-effective-masks-can-be.png, https://www.gravatar.com/avatar/f5934485a0863578733c447016505547]
08-04 02:28:50.892 28718 32499 D CustomInterceptor: HEADER REQUEST
08-04 02:28:50.892 28718 32501 I NAPPA_EXPERIMENTATION: MetricPrefetchingAccuracy: LOG_ID='14',F1_SCORE_1='0.0',F1_SCORE_2='0.0',TRUE_POSITIVE='0',FALSE_POSITIVE='0',FALSE_NEGATIVE='10',
08-04 02:28:50.892 28718 32499 D CustomInterceptor: Cache-Control max-age=300, max-stale=300
08-04 02:28:50.892 28718 32495 D CustomInterceptor: NETWORK-PROVIDER https://www.gravatar.com/avatar/f5934485a0863578733c447016505547
08-04 02:28:50.892 28718 32501 D CustomInterceptor: HEADER REQUEST
08-04 02:28:50.892 28718 32501 D CustomInterceptor: Cache-Control max-age=300, max-stale=300
08-04 02:28:50.892 28718 32499 D CustomInterceptor: CACHED STATS: size = '8', maxSize = '100', hitCount = '8', createCount = '0', putCount = '8', evictionCount = '0', missCount = '12', toString = 'LruCache[maxSize=100,hits=8,misses=12,hitRate=40%]', 
08-04 02:28:50.892 28718 32495 D Nappa   : F1_SCORE add_intercept_url - (already in) - https://www.gravatar.com/avatar/f5934485a0863578733c447016505547
08-04 02:28:50.892 28718 32501 D CustomInterceptor: CACHED STATS: size = '8', maxSize = '100', hitCount = '8', createCount = '0', putCount = '8', evictionCount = '0', missCount = '12', toString = 'LruCache[maxSize=100,hits=8,misses=12,hitRate=40%]', 
08-04 02:28:50.892 28718 32499 D CustomInterceptor: PREFLIB NOT A GET REQUEST OR NOT IN CACHEGET
08-04 02:28:50.892 28718 32495 D Nappa   : F1_SCORE add_fn_url - (already in) - https://www.gravatar.com/avatar/f5934485a0863578733c447016505547
08-04 02:28:50.892 28718 32501 D CustomInterceptor: PREFLIB NOT A GET REQUEST OR NOT IN CACHEGET
08-04 02:28:50.892 28718 32495 D Nappa   : -------------F1_SCORE #14 -----------
08-04 02:28:50.892 28718 32495 D Nappa   : F1_SCORE - Intercept list (10)= [https://www.newsblur.com/reader/feeds/?update_counts=true, https://www.newsblur.com/reader/unread_story_hashes?include_timestamps=1, https://www.newsblur.com/social/river_stories?order=newest&page=1&read_filter=all&global_feed=true, https://www.newsblur.com/rss_feeds/icon/0, https://s3.amazonaws.com/icons.newsblur.com/6882243.png, https://s3.amazonaws.com/icons.newsblur.com/18178.png, https://s3.amazonaws.com/icons.newsblur.com/5762506.png, http://feeds.feedburner.com/~r/retort/~4/UffaFMiJbNs, https://images.fastcompany.net/image/upload/w_1280,q_auto,f_auto,fl_lossy/wp-cms/uploads/2020/07/p-1-90532920-this-chart-shows-how-effective-masks-can-be.png, https://www.gravatar.com/avatar/f5934485a0863578733c447016505547]
08-04 02:28:50.892 28718 32495 D Nappa   : F1_SCORE - Prefetch list (0)= []
08-04 02:28:50.893 28718 32495 D Nappa   : F1_SCORE - TP list (0)= []
08-04 02:28:50.893 28718 32495 D Nappa   : F1_SCORE - FN list (10)= [https://www.newsblur.com/reader/feeds/?update_counts=true, https://www.newsblur.com/reader/unread_story_hashes?include_timestamps=1, https://www.newsblur.com/social/river_stories?order=newest&page=1&read_filter=all&global_feed=true, https://www.newsblur.com/rss_feeds/icon/0, https://s3.amazonaws.com/icons.newsblur.com/6882243.png, https://s3.amazonaws.com/icons.newsblur.com/18178.png, https://s3.amazonaws.com/icons.newsblur.com/5762506.png, http://feeds.feedburner.com/~r/retort/~4/UffaFMiJbNs, https://images.fastcompany.net/image/upload/w_1280,q_auto,f_auto,fl_lossy/wp-cms/uploads/2020/07/p-1-90532920-this-chart-shows-how-effective-masks-can-be.png, https://www.gravatar.com/avatar/f5934485a0863578733c447016505547]
08-04 02:28:50.893 28718 32495 I NAPPA_EXPERIMENTATION: MetricPrefetchingAccuracy: LOG_ID='15',F1_SCORE_1='0.0',F1_SCORE_2='0.0',TRUE_POSITIVE='0',FALSE_POSITIVE='0',FALSE_NEGATIVE='10',
08-04 02:28:50.893 28718 32495 D CustomInterceptor: HEADER REQUEST
08-04 02:28:50.893 28718 32495 D CustomInterceptor: Cache-Control max-age=300, max-stale=300
08-04 02:28:50.893 28718 32495 D CustomInterceptor: CACHED STATS: size = '8', maxSize = '100', hitCount = '8', createCount = '0', putCount = '8', evictionCount = '0', missCount = '14', toString = 'LruCache[maxSize=100,hits=8,misses=14,hitRate=36%]', 
08-04 02:28:50.893 28718 32495 D CustomInterceptor: PREFLIB NOT A GET REQUEST OR NOT IN CACHEGET
08-04 02:28:50.915 28718 32494 D CustomInterceptor: NETWORK-PROVIDER https://www.gravatar.com/avatar/f5934485a0863578733c447016505547
08-04 02:28:50.915 28718 32494 D Nappa   : F1_SCORE add_intercept_url - (already in) - https://www.gravatar.com/avatar/f5934485a0863578733c447016505547
08-04 02:28:50.915 28718 32494 D Nappa   : F1_SCORE add_fn_url - (already in) - https://www.gravatar.com/avatar/f5934485a0863578733c447016505547
08-04 02:28:50.915 28718 32494 D Nappa   : -------------F1_SCORE #15 -----------
08-04 02:28:50.916 28718 32496 D CustomInterceptor: NETWORK-PROVIDER https://www.gravatar.com/avatar/f5934485a0863578733c447016505547
08-04 02:28:50.916 28718 32494 D Nappa   : F1_SCORE - Intercept list (10)= [https://www.newsblur.com/reader/feeds/?update_counts=true, https://www.newsblur.com/reader/unread_story_hashes?include_timestamps=1, https://www.newsblur.com/social/river_stories?order=newest&page=1&read_filter=all&global_feed=true, https://www.newsblur.com/rss_feeds/icon/0, https://s3.amazonaws.com/icons.newsblur.com/6882243.png, https://s3.amazonaws.com/icons.newsblur.com/18178.png, https://s3.amazonaws.com/icons.newsblur.com/5762506.png, http://feeds.feedburner.com/~r/retort/~4/UffaFMiJbNs, https://images.fastcompany.net/image/upload/w_1280,q_auto,f_auto,fl_lossy/wp-cms/uploads/2020/07/p-1-90532920-this-chart-shows-how-effective-masks-can-be.png, https://www.gravatar.com/avatar/f5934485a0863578733c447016505547]
08-04 02:28:50.916 28718 32496 D Nappa   : F1_SCORE add_intercept_url - (already in) - https://www.gravatar.com/avatar/f5934485a0863578733c447016505547
08-04 02:28:50.916 28718 32494 D Nappa   : F1_SCORE - Prefetch list (0)= []
08-04 02:28:50.916 28718 32494 D Nappa   : F1_SCORE - TP list (0)= []
08-04 02:28:50.916 28718 32496 D Nappa   : F1_SCORE add_fn_url - (already in) - https://www.gravatar.com/avatar/f5934485a0863578733c447016505547
08-04 02:28:50.916 28718 32496 D Nappa   : -------------F1_SCORE #15 -----------
08-04 02:28:50.916 28718 32494 D Nappa   : F1_SCORE - FN list (10)= [https://www.newsblur.com/reader/feeds/?update_counts=true, https://www.newsblur.com/reader/unread_story_hashes?include_timestamps=1, https://www.newsblur.com/social/river_stories?order=newest&page=1&read_filter=all&global_feed=true, https://www.newsblur.com/rss_feeds/icon/0, https://s3.amazonaws.com/icons.newsblur.com/6882243.png, https://s3.amazonaws.com/icons.newsblur.com/18178.png, https://s3.amazonaws.com/icons.newsblur.com/5762506.png, http://feeds.feedburner.com/~r/retort/~4/UffaFMiJbNs, https://images.fastcompany.net/image/upload/w_1280,q_auto,f_auto,fl_lossy/wp-cms/uploads/2020/07/p-1-90532920-this-chart-shows-how-effective-masks-can-be.png, https://www.gravatar.com/avatar/f5934485a0863578733c447016505547]
08-04 02:28:50.916 28718 32496 D Nappa   : F1_SCORE - Intercept list (10)= [https://www.newsblur.com/reader/feeds/?update_counts=true, https://www.newsblur.com/reader/unread_story_hashes?include_timestamps=1, https://www.newsblur.com/social/river_stories?order=newest&page=1&read_filter=all&global_feed=true, https://www.newsblur.com/rss_feeds/icon/0, https://s3.amazonaws.com/icons.newsblur.com/6882243.png, https://s3.amazonaws.com/icons.newsblur.com/18178.png, https://s3.amazonaws.com/icons.newsblur.com/5762506.png, http://feeds.feedburner.com/~r/retort/~4/UffaFMiJbNs, https://images.fastcompany.net/image/upload/w_1280,q_auto,f_auto,fl_lossy/wp-cms/uploads/2020/07/p-1-90532920-this-chart-shows-how-effective-masks-can-be.png, https://www.gravatar.com/avatar/f5934485a0863578733c447016505547]
08-04 02:28:50.916 28718 32496 D Nappa   : F1_SCORE - Prefetch list (0)= []
08-04 02:28:50.916 28718 32494 I NAPPA_EXPERIMENTATION: MetricPrefetchingAccuracy: LOG_ID='16',F1_SCORE_1='0.0',F1_SCORE_2='0.0',TRUE_POSITIVE='0',FALSE_POSITIVE='0',FALSE_NEGATIVE='10',
08-04 02:28:50.916 28718 32496 D Nappa   : F1_SCORE - TP list (0)= []
08-04 02:28:50.916 28718 32494 D CustomInterceptor: HEADER REQUEST
08-04 02:28:50.916 28718 32496 D Nappa   : F1_SCORE - FN list (10)= [https://www.newsblur.com/reader/feeds/?update_counts=true, https://www.newsblur.com/reader/unread_story_hashes?include_timestamps=1, https://www.newsblur.com/social/river_stories?order=newest&page=1&read_filter=all&global_feed=true, https://www.newsblur.com/rss_feeds/icon/0, https://s3.amazonaws.com/icons.newsblur.com/6882243.png, https://s3.amazonaws.com/icons.newsblur.com/18178.png, https://s3.amazonaws.com/icons.newsblur.com/5762506.png, http://feeds.feedburner.com/~r/retort/~4/UffaFMiJbNs, https://images.fastcompany.net/image/upload/w_1280,q_auto,f_auto,fl_lossy/wp-cms/uploads/2020/07/p-1-90532920-this-chart-shows-how-effective-masks-can-be.png, https://www.gravatar.com/avatar/f5934485a0863578733c447016505547]
08-04 02:28:50.916 28718 32494 D CustomInterceptor: Cache-Control max-age=300, max-stale=300
08-04 02:28:50.916 28718 32496 I NAPPA_EXPERIMENTATION: MetricPrefetchingAccuracy: LOG_ID='17',F1_SCORE_1='0.0',F1_SCORE_2='0.0',TRUE_POSITIVE='0',FALSE_POSITIVE='0',FALSE_NEGATIVE='10',
08-04 02:28:50.916 28718 32496 D CustomInterceptor: HEADER REQUEST
08-04 02:28:50.916 28718 32494 D CustomInterceptor: CACHED STATS: size = '8', maxSize = '100', hitCount = '8', createCount = '0', putCount = '8', evictionCount = '0', missCount = '15', toString = 'LruCache[maxSize=100,hits=8,misses=15,hitRate=34%]', 
08-04 02:28:50.916 28718 32496 D CustomInterceptor: Cache-Control max-age=300, max-stale=300
08-04 02:28:50.916 28718 32494 D CustomInterceptor: PREFLIB NOT A GET REQUEST OR NOT IN CACHEGET
08-04 02:28:50.917 28718 32496 D CustomInterceptor: CACHED STATS: size = '8', maxSize = '100', hitCount = '8', createCount = '0', putCount = '8', evictionCount = '0', missCount = '16', toString = 'LruCache[maxSize=100,hits=8,misses=16,hitRate=33%]', 
08-04 02:28:50.917 28718 32496 D CustomInterceptor: PREFLIB NOT A GET REQUEST OR NOT IN CACHEGET
08-04 02:28:50.945 28718   349 W cr_media: Requires BLUETOOTH permission
08-04 02:28:50.963 28718   390 E libEGL  : validate_display:255 error 3008 (EGL_BAD_DISPLAY)
08-04 02:28:50.970 28718 32207 D Nappa   : registerActivity: (already in) nappagreedy.com.newsblur.activity.GlobalSharedStoriesReading
08-04 02:28:50.972 28718 32207 D Nappa   : PARENTS 
08-04 02:28:50.972 28718 32207 D Nappa   : Of: nappagreedy.com.newsblur.activity.GlobalSharedStoriesReading -> 
08-04 02:28:50.972 28718 32207 D Nappa   : PARENTS nappagreedy.com.newsblur.activity.GlobalSharedStoriesItemsList
08-04 02:28:50.972 28718 32207 D Nappa   : PARENTS has extra: (story_hash, 0:65a6e4)
08-04 02:28:50.972 28718 32207 D Nappa   : PARENTS has extra: (feed_set, nappagreedy.com.newsblur.util.FeedSet@e)
08-04 02:28:50.972 28718 32207 D Nappa   : PARENTS nappagreedy.com.newsblur.activity.Main
08-04 02:28:50.972 28718 32207 D Nappa   : PARENTS has extra: (feed_set, nappagreedy.com.newsblur.util.FeedSet@e)
08-04 02:28:50.978   380   380 W SurfaceFlinger: couldn't log to binary event log: overflow.
08-04 02:28:51.041 28718   434 D Nappa   : TAG okHttpClient initialized
08-04 02:28:51.053 28718   434 D CustomInterceptor: NETWORK-PROVIDER https://www.newsblur.com/reader/mark_story_hashes_as_read/
08-04 02:28:51.053 28718   434 D CustomInterceptor: HEADER REQUEST
08-04 02:28:51.053 28718   434 D CustomInterceptor: Cache-Control max-age=300, max-stale=300
08-04 02:28:51.053 28718   434 D CustomInterceptor: Cookie newsblur_sessionid=qlbd3ilzka7q9q07v2htr96j75kh6za7; Domain=.newsblur.com; expires=Wed, 03 Aug 2022 21:07:45 GMT; Max-Age=63072000; Path=/
08-04 02:28:51.053 28718   434 D CustomInterceptor: CACHED STATS: size = '8', maxSize = '100', hitCount = '8', createCount = '0', putCount = '8', evictionCount = '0', missCount = '17', toString = 'LruCache[maxSize=100,hits=8,misses=17,hitRate=32%]', 
08-04 02:28:51.053 28718   434 D CustomInterceptor: PREFLIB NOT A GET REQUEST OR NOT IN CACHEPOST
08-04 02:28:51.067 28718 32272 I art     : Starting a blocking GC Explicit
08-04 02:28:51.072 28718 32207 D Nappa   : registerActivity: (already in) nappagreedy.com.newsblur.activity.GlobalSharedStoriesReading
08-04 02:28:51.072 28718 32207 D Nappa   : PARENTS 
08-04 02:28:51.072 28718 32207 D Nappa   : Of: nappagreedy.com.newsblur.activity.GlobalSharedStoriesReading -> 
08-04 02:28:51.072 28718 32207 D Nappa   : PARENTS nappagreedy.com.newsblur.activity.GlobalSharedStoriesItemsList
08-04 02:28:51.072 28718 32207 D Nappa   : PARENTS has extra: (story_hash, 0:65a6e4)
08-04 02:28:51.072 28718 32207 D Nappa   : PARENTS has extra: (feed_set, nappagreedy.com.newsblur.util.FeedSet@e)
08-04 02:28:51.073 28718 32207 D Nappa   : PARENTS nappagreedy.com.newsblur.activity.Main
08-04 02:28:51.073 28718 32207 D Nappa   : PARENTS has extra: (feed_set, nappagreedy.com.newsblur.util.FeedSet@e)
08-04 02:28:51.106 28718 32272 I art     : Explicit concurrent mark sweep GC freed 28203(2MB) AllocSpace objects, 20(444KB) LOS objects, 31% free, 35MB/51MB, paused 1.237ms total 38.937ms
08-04 02:28:51.116 28718 32272 I art     : Starting a blocking GC Explicit
08-04 02:28:51.138 28718 32272 I art     : Explicit concurrent mark sweep GC freed 2151(101KB) AllocSpace objects, 2(56KB) LOS objects, 31% free, 35MB/51MB, paused 819us total 21.263ms
08-04 02:28:51.145 28718 32272 I art     : Starting a blocking GC Explicit
08-04 02:28:51.166 28718 32272 I art     : Explicit concurrent mark sweep GC freed 37(1616B) AllocSpace objects, 0(0B) LOS objects, 31% free, 35MB/51MB, paused 865us total 21.342ms
08-04 02:28:51.173 28718 32272 I art     : Starting a blocking GC Explicit
08-04 02:28:51.173 28718 32207 D Nappa   : registerActivity: (already in) nappagreedy.com.newsblur.activity.GlobalSharedStoriesReading
08-04 02:28:51.173 28718 32207 D Nappa   : PARENTS 
08-04 02:28:51.173 28718 32207 D Nappa   : Of: nappagreedy.com.newsblur.activity.GlobalSharedStoriesReading -> 
08-04 02:28:51.173 28718 32207 D Nappa   : PARENTS nappagreedy.com.newsblur.activity.GlobalSharedStoriesItemsList
08-04 02:28:51.173 28718 32207 D Nappa   : PARENTS has extra: (story_hash, 0:65a6e4)
08-04 02:28:51.173 28718 32207 D Nappa   : PARENTS has extra: (feed_set, nappagreedy.com.newsblur.util.FeedSet@e)
08-04 02:28:51.173 28718 32207 D Nappa   : PARENTS nappagreedy.com.newsblur.activity.Main
08-04 02:28:51.173 28718 32207 D Nappa   : PARENTS has extra: (feed_set, nappagreedy.com.newsblur.util.FeedSet@e)
08-04 02:28:51.194 28718 32272 I art     : Explicit concurrent mark sweep GC freed 65(4KB) AllocSpace objects, 0(0B) LOS objects, 31% free, 35MB/51MB, paused 856us total 21.431ms
08-04 02:28:51.202 28718 32272 I art     : Starting a blocking GC Explicit
08-04 02:28:51.224 28718 32272 I art     : Explicit concurrent mark sweep GC freed 19(960B) AllocSpace objects, 0(0B) LOS objects, 31% free, 35MB/51MB, paused 897us total 21.406ms
08-04 02:28:51.272 28718 32501 D CustomInterceptor: Interceptor exiting with exception java.io.IOException: unexpected end of stream on https://www.newsblur.com/...
08-04 02:28:51.272 28718 32501 W System.err: java.io.IOException: unexpected end of stream on https://www.newsblur.com/...
08-04 02:28:51.273 28718 32501 W System.err: 	at okhttp3.internal.http1.Http1ExchangeCodec.readResponseHeaders(Http1ExchangeCodec.java:236)
08-04 02:28:51.273 28718 32501 W System.err: 	at okhttp3.internal.connection.Exchange.readResponseHeaders(Exchange.java:115)
08-04 02:28:51.273 28718 32501 W System.err: 	at okhttp3.internal.http.CallServerInterceptor.intercept(CallServerInterceptor.java:94)
08-04 02:28:51.273 28718 32501 W System.err: 	at okhttp3.internal.http.RealInterceptorChain.proceed(RealInterceptorChain.java:142)
08-04 02:28:51.273 28718 32501 W System.err: 	at okhttp3.internal.connection.ConnectInterceptor.intercept(ConnectInterceptor.java:43)
08-04 02:28:51.273 28718 32501 W System.err: 	at okhttp3.internal.http.RealInterceptorChain.proceed(RealInterceptorChain.java:142)
08-04 02:28:51.273 28718 32501 W System.err: 	at okhttp3.internal.http.RealInterceptorChain.proceed(RealInterceptorChain.java:117)
08-04 02:28:51.273 28718 32501 W System.err: 	at okhttp3.internal.cache.CacheInterceptor.intercept(CacheInterceptor.java:94)
08-04 02:28:51.273 28718 32501 W System.err: 	at okhttp3.internal.http.RealInterceptorChain.proceed(RealInterceptorChain.java:142)
08-04 02:28:51.273 28718 32501 W System.err: 	at okhttp3.internal.http.RealInterceptorChain.proceed(RealInterceptorChain.java:117)
08-04 02:28:51.273 28718 32501 W System.err: 	at okhttp3.internal.http.BridgeInterceptor.intercept(BridgeInterceptor.java:93)
08-04 02:28:51.273 28718 32501 W System.err: 	at okhttp3.internal.http.RealInterceptorChain.proceed(RealInterceptorChain.java:142)
08-04 02:28:51.273 28718 32501 W System.err: 	at okhttp3.internal.http.RetryAndFollowUpInterceptor.intercept(RetryAndFollowUpInterceptor.java:88)
08-04 02:28:51.273 28718 32501 W System.err: 	at okhttp3.internal.http.RealInterceptorChain.proceed(RealInterceptorChain.java:142)
08-04 02:28:51.273 28718 32501 W System.err: 	at okhttp3.internal.http.RealInterceptorChain.proceed(RealInterceptorChain.java:117)
08-04 02:28:51.273 28718 32501 W System.err: 	at nl.vu.cs.s2group.nappa.Nappa$CustomInterceptor.intercept(Nappa.java:875)
08-04 02:28:51.273 28718 32501 W System.err: 	at okhttp3.internal.http.RealInterceptorChain.proceed(RealInterceptorChain.java:142)
08-04 02:28:51.273 28718 32501 W System.err: 	at okhttp3.internal.http.RealInterceptorChain.proceed(RealInterceptorChain.java:117)
08-04 02:28:51.273 28718 32501 W System.err: 	at okhttp3.RealCall.getResponseWithInterceptorChain(RealCall.java:229)
08-04 02:28:51.273 28718 32501 W System.err: 	at okhttp3.RealCall.execute(RealCall.java:81)
08-04 02:28:51.273 28718 32501 W System.err: 	at nappagreedy.com.newsblur.util.NetworkUtils.loadURL(NetworkUtils.java:51)
08-04 02:28:51.273 28718 32501 W System.err: 	at nappagreedy.com.newsblur.util.FileCache.cacheFile(FileCache.java:75)
08-04 02:28:51.274 28718 32501 W System.err: 	at nappagreedy.com.newsblur.util.ImageLoader$PhotosLoader.run(ImageLoader.java:160)
08-04 02:28:51.274 28718 32501 W System.err: 	at java.util.concurrent.Executors$RunnableAdapter.call(Executors.java:423)
08-04 02:28:51.274 28718 32501 W System.err: 	at java.util.concurrent.FutureTask.run(FutureTask.java:237)
08-04 02:28:51.274 28718 32501 W System.err: 	at java.util.concurrent.ThreadPoolExecutor.runWorker(ThreadPoolExecutor.java:1113)
08-04 02:28:51.274 28718 32501 W System.err: 	at java.util.concurrent.ThreadPoolExecutor$Worker.run(ThreadPoolExecutor.java:588)
08-04 02:28:51.274 28718 32207 D Nappa   : registerActivity: (already in) nappagreedy.com.newsblur.activity.GlobalSharedStoriesReading
08-04 02:28:51.274 28718 32501 W System.err: 	at java.lang.Thread.run(Thread.java:818)
08-04 02:28:51.274 28718 32501 W System.err: Caused by: java.io.EOFException: \n not found: limit=0 content=
08-04 02:28:51.274 28718 32207 D Nappa   : PARENTS 
08-04 02:28:51.274 28718 32207 D Nappa   : Of: nappagreedy.com.newsblur.activity.GlobalSharedStoriesReading -> 
08-04 02:28:51.274 28718 32207 D Nappa   : PARENTS nappagreedy.com.newsblur.activity.GlobalSharedStoriesItemsList
08-04 02:28:51.274 28718 32207 D Nappa   : PARENTS has extra: (story_hash, 0:65a6e4)
08-04 02:28:51.274 28718 32207 D Nappa   : PARENTS has extra: (feed_set, nappagreedy.com.newsblur.util.FeedSet@e)
08-04 02:28:51.274 28718 32207 D Nappa   : PARENTS nappagreedy.com.newsblur.activity.Main
08-04 02:28:51.274 28718 32207 D Nappa   : PARENTS has extra: (feed_set, nappagreedy.com.newsblur.util.FeedSet@e)
08-04 02:28:51.274 28718 32501 W System.err: 	at okio.RealBufferedSource.readUtf8LineStrict(RealBufferedSource.java:240)
08-04 02:28:51.274 28718 32501 W System.err: 	at okhttp3.internal.http1.Http1ExchangeCodec.readHeaderLine(Http1ExchangeCodec.java:242)
08-04 02:28:51.274 28718 32501 W System.err: 	at okhttp3.internal.http1.Http1ExchangeCodec.readResponseHeaders(Http1ExchangeCodec.java:213)
08-04 02:28:51.274 28718 32501 W System.err: 	... 27 more
08-04 02:28:51.274 28718 32501 D CustomInterceptor: interceptor_finished : return_type #4 : interceptor failed, resuming the request chain with the original request
08-04 02:28:51.341 28718 32497 D CustomInterceptor: Interceptor exiting with exception java.io.IOException: unexpected end of stream on https://www.newsblur.com/...
08-04 02:28:51.341 28718 32497 W System.err: java.io.IOException: unexpected end of stream on https://www.newsblur.com/...
08-04 02:28:51.341 28718 32497 W System.err: 	at okhttp3.internal.http1.Http1ExchangeCodec.readResponseHeaders(Http1ExchangeCodec.java:236)
08-04 02:28:51.342 28718 32497 W System.err: 	at okhttp3.internal.connection.Exchange.readResponseHeaders(Exchange.java:115)
08-04 02:28:51.342 28718 32497 W System.err: 	at okhttp3.internal.http.CallServerInterceptor.intercept(CallServerInterceptor.java:94)
08-04 02:28:51.342 28718 32497 W System.err: 	at okhttp3.internal.http.RealInterceptorChain.proceed(RealInterceptorChain.java:142)
08-04 02:28:51.342 28718 32497 W System.err: 	at okhttp3.internal.connection.ConnectInterceptor.intercept(ConnectInterceptor.java:43)
08-04 02:28:51.342 28718 32497 W System.err: 	at okhttp3.internal.http.RealInterceptorChain.proceed(RealInterceptorChain.java:142)
08-04 02:28:51.342 28718 32497 W System.err: 	at okhttp3.internal.http.RealInterceptorChain.proceed(RealInterceptorChain.java:117)
08-04 02:28:51.342 28718 32497 W System.err: 	at okhttp3.internal.cache.CacheInterceptor.intercept(CacheInterceptor.java:94)
08-04 02:28:51.342 28718 32497 W System.err: 	at okhttp3.internal.http.RealInterceptorChain.proceed(RealInterceptorChain.java:142)
08-04 02:28:51.342 28718 32497 W System.err: 	at okhttp3.internal.http.RealInterceptorChain.proceed(RealInterceptorChain.java:117)
08-04 02:28:51.342 28718 32497 W System.err: 	at okhttp3.internal.http.BridgeInterceptor.intercept(BridgeInterceptor.java:93)
08-04 02:28:51.342 28718 32497 W System.err: 	at okhttp3.internal.http.RealInterceptorChain.proceed(RealInterceptorChain.java:142)
08-04 02:28:51.342 28718 32497 W System.err: 	at okhttp3.internal.http.RetryAndFollowUpInterceptor.intercept(RetryAndFollowUpInterceptor.java:88)
08-04 02:28:51.342 28718 32497 W System.err: 	at okhttp3.internal.http.RealInterceptorChain.proceed(RealInterceptorChain.java:142)
08-04 02:28:51.342 28718 32497 W System.err: 	at okhttp3.internal.http.RealInterceptorChain.proceed(RealInterceptorChain.java:117)
08-04 02:28:51.342 28718 32497 W System.err: 	at nl.vu.cs.s2group.nappa.Nappa$CustomInterceptor.intercept(Nappa.java:875)
08-04 02:28:51.342 28718 32497 W System.err: 	at okhttp3.internal.http.RealInterceptorChain.proceed(RealInterceptorChain.java:142)
08-04 02:28:51.342 28718 32497 W System.err: 	at okhttp3.internal.http.RealInterceptorChain.proceed(RealInterceptorChain.java:117)
08-04 02:28:51.342 28718 32497 W System.err: 	at okhttp3.RealCall.getResponseWithInterceptorChain(RealCall.java:229)
08-04 02:28:51.342 28718 32497 W System.err: 	at okhttp3.RealCall.execute(RealCall.java:81)
08-04 02:28:51.342 28718 32497 W System.err: 	at nappagreedy.com.newsblur.util.NetworkUtils.loadURL(NetworkUtils.java:51)
08-04 02:28:51.342 28718 32497 W System.err: 	at nappagreedy.com.newsblur.util.FileCache.cacheFile(FileCache.java:75)
08-04 02:28:51.343 28718 32497 W System.err: 	at nappagreedy.com.newsblur.util.ImageLoader$PhotosLoader.run(ImageLoader.java:160)
08-04 02:28:51.343 28718 32497 W System.err: 	at java.util.concurrent.Executors$RunnableAdapter.call(Executors.java:423)
08-04 02:28:51.343 28718 32497 W System.err: 	at java.util.concurrent.FutureTask.run(FutureTask.java:237)
08-04 02:28:51.343 28718 32497 W System.err: 	at java.util.concurrent.ThreadPoolExecutor.runWorker(ThreadPoolExecutor.java:1113)
08-04 02:28:51.343 28718 32497 W System.err: 	at java.util.concurrent.ThreadPoolExecutor$Worker.run(ThreadPoolExecutor.java:588)
08-04 02:28:51.343 28718 32497 W System.err: 	at java.lang.Thread.run(Thread.java:818)
08-04 02:28:51.343 28718 32497 W System.err: Caused by: java.io.EOFException: \n not found: limit=0 content=
08-04 02:28:51.343 28718 32497 W System.err: 	at okio.RealBufferedSource.readUtf8LineStrict(RealBufferedSource.java:240)
08-04 02:28:51.343 28718 32497 W System.err: 	at okhttp3.internal.http1.Http1ExchangeCodec.readHeaderLine(Http1ExchangeCodec.java:242)
08-04 02:28:51.343 28718 32497 W System.err: 	at okhttp3.internal.http1.Http1ExchangeCodec.readResponseHeaders(Http1ExchangeCodec.java:213)
08-04 02:28:51.343 28718 32497 W System.err: 	... 27 more
08-04 02:28:51.343 28718 32497 D CustomInterceptor: interceptor_finished : return_type #4 : interceptor failed, resuming the request chain with the original request
08-04 02:28:51.374 28718 32207 D Nappa   : registerActivity: (already in) nappagreedy.com.newsblur.activity.GlobalSharedStoriesReading
08-04 02:28:51.375 28718 32207 D Nappa   : PARENTS 
08-04 02:28:51.375 28718 32207 D Nappa   : Of: nappagreedy.com.newsblur.activity.GlobalSharedStoriesReading -> 
08-04 02:28:51.375 28718 32207 D Nappa   : PARENTS nappagreedy.com.newsblur.activity.GlobalSharedStoriesItemsList
08-04 02:28:51.375 28718 32207 D Nappa   : PARENTS has extra: (story_hash, 0:65a6e4)
08-04 02:28:51.375 28718 32207 D Nappa   : PARENTS has extra: (feed_set, nappagreedy.com.newsblur.util.FeedSet@e)
08-04 02:28:51.375 28718 32207 D Nappa   : PARENTS nappagreedy.com.newsblur.activity.Main
08-04 02:28:51.375 28718 32207 D Nappa   : PARENTS has extra: (feed_set, nappagreedy.com.newsblur.util.FeedSet@e)
08-04 02:28:51.399 28500 28500 I Atfwd_Sendcmd: AtCmdFwd service not ready - Exhausted retry attempts - :6
08-04 02:28:51.400 28500 28500 I Atfwd_Daemon: result : -1 	 ,Init step :2 	 ,qmiErrorCode: 0
08-04 02:28:51.475 28718 32207 D Nappa   : registerActivity: (already in) nappagreedy.com.newsblur.activity.GlobalSharedStoriesReading
08-04 02:28:51.476 28718 32207 D Nappa   : PARENTS 
08-04 02:28:51.476 28718 32207 D Nappa   : Of: nappagreedy.com.newsblur.activity.GlobalSharedStoriesReading -> 
08-04 02:28:51.476 28718 32207 D Nappa   : PARENTS nappagreedy.com.newsblur.activity.GlobalSharedStoriesItemsList
08-04 02:28:51.476 28718 32207 D Nappa   : PARENTS has extra: (story_hash, 0:65a6e4)
08-04 02:28:51.476 28718 32207 D Nappa   : PARENTS has extra: (feed_set, nappagreedy.com.newsblur.util.FeedSet@e)
08-04 02:28:51.476 28718 32207 D Nappa   : PARENTS nappagreedy.com.newsblur.activity.Main
08-04 02:28:51.476 28718 32207 D Nappa   : PARENTS has extra: (feed_set, nappagreedy.com.newsblur.util.FeedSet@e)
08-04 02:28:51.476 28718 32207 D Nappa   : PREFETCH_ON_EXTRA - setCurrentActivity - starting new prediction
08-04 02:28:51.476 28718 32207 D Nappa   : Current node - currentActivityName - nappagreedy.com.newsblur.activity.GlobalSharedStoriesReading
08-04 02:28:51.476 28718 32207 D Nappa   : Current node - activityGraph.getCurrent() - nappagreedy.com.newsblur.activity.GlobalSharedStoriesReading
08-04 02:28:51.476 28718 32207 I NAPPA_EXPERIMENTATION: MetricNappaPrefetchingStrategyExecutionTime: STRATEGY_CLASS='GreedyPrefetchingStrategyOnVisitFrequencyAndTime',DURATION='44531',NUMBER_OF_URLS='0',NUMBER_OF_SELECTED_CHILDREN_NODES='0',NUMBER_OF_CHILDREN_NODES='0',STRATEGY_RUN_SUCCESSFULLY='True',
08-04 02:28:51.476 28718 32207 D GreedyPrefetchingStrategyOnVisitFrequencyAndTime: ==================================
08-04 02:28:51.476 28718 32207 D GreedyPrefetchingStrategyOnVisitFrequencyAndTime: Starting Run #4
08-04 02:28:51.476 28718 32207 D GreedyPrefetchingStrategyOnVisitFrequencyAndTime: ----------------------------------
08-04 02:28:51.476 28718 32207 D GreedyPrefetchingStrategyOnVisitFrequencyAndTime: Node data GlobalSharedStoriesReading 
08-04 02:28:51.476 28718 32207 D GreedyPrefetchingStrategyOnVisitFrequencyAndTime: 	Successors:
08-04 02:28:51.476 28718 32207 D GreedyPrefetchingStrategyOnVisitFrequencyAndTime: 
08-04 02:28:51.476 28718 32207 D GreedyPrefetchingStrategyOnVisitFrequencyAndTime: 	Ancestors:
08-04 02:28:51.476 28718 32207 D GreedyPrefetchingStrategyOnVisitFrequencyAndTime: 		GlobalSharedStoriesItemsList (0 hits)
08-04 02:28:51.476 28718 32207 D GreedyPrefetchingStrategyOnVisitFrequencyAndTime: 
08-04 02:28:51.477 28718 32207 D GreedyPrefetchingStrategyOnVisitFrequencyAndTime: MetricStrategyAccuracy inc execution count4 | act = true; extra = false
08-04 02:28:51.477 28718 32207 D GreedyPrefetchingStrategyOnVisitFrequencyAndTime: MetricStrategyAccuracy inc no sucessor count1 | act = true; extra = false
08-04 02:28:51.477 28718 32207 D GreedyPrefetchingStrategyOnVisitFrequencyAndTime: ------------- Recursion #1 -----------
08-04 02:28:51.477 28718 32207 D GreedyPrefetchingStrategyOnVisitFrequencyAndTime: Best successors so far []
08-04 02:28:51.477 28718 32207 D GreedyPrefetchingStrategyOnVisitFrequencyAndTime: Checking node GlobalSharedStoriesReading with 0 successors
08-04 02:28:51.477 28718 32207 D GreedyPrefetchingStrategyOnVisitFrequencyAndTime: this node has no successors
08-04 02:28:51.477 28718 32207 D GreedyPrefetchingStrategyOnVisitFrequencyAndTime: Next visited child will be []
08-04 02:28:51.477 28718 32207 D GreedyPrefetchingStrategyOnVisitFrequencyAndTime: ==================================
08-04 02:28:51.477 28718 32207 D Nappa   : PREFETCH_ON_EXTRA - setCurrentActivity - finished new prediction
08-04 02:28:51.491 28718   434 D CustomInterceptor: Interceptor exiting with exception java.io.IOException: unexpected end of stream on https://www.newsblur.com/...
08-04 02:28:51.491 28718   434 W System.err: java.io.IOException: unexpected end of stream on https://www.newsblur.com/...
08-04 02:28:51.491 28718   434 W System.err: 	at okhttp3.internal.http1.Http1ExchangeCodec.readResponseHeaders(Http1ExchangeCodec.java:236)
08-04 02:28:51.491 28718   434 W System.err: 	at okhttp3.internal.connection.Exchange.readResponseHeaders(Exchange.java:115)
08-04 02:28:51.491 28718   434 W System.err: 	at okhttp3.internal.http.CallServerInterceptor.intercept(CallServerInterceptor.java:94)
08-04 02:28:51.491 28718   434 W System.err: 	at okhttp3.internal.http.RealInterceptorChain.proceed(RealInterceptorChain.java:142)
08-04 02:28:51.492 28718   434 W System.err: 	at okhttp3.internal.connection.ConnectInterceptor.intercept(ConnectInterceptor.java:43)
08-04 02:28:51.492 28718   434 W System.err: 	at okhttp3.internal.http.RealInterceptorChain.proceed(RealInterceptorChain.java:142)
08-04 02:28:51.492 28718   434 W System.err: 	at okhttp3.internal.http.RealInterceptorChain.proceed(RealInterceptorChain.java:117)
08-04 02:28:51.492 28718   434 W System.err: 	at okhttp3.internal.cache.CacheInterceptor.intercept(CacheInterceptor.java:94)
08-04 02:28:51.492 28718   434 W System.err: 	at okhttp3.internal.http.RealInterceptorChain.proceed(RealInterceptorChain.java:142)
08-04 02:28:51.492 28718   434 W System.err: 	at okhttp3.internal.http.RealInterceptorChain.proceed(RealInterceptorChain.java:117)
08-04 02:28:51.492 28718   434 W System.err: 	at okhttp3.internal.http.BridgeInterceptor.intercept(BridgeInterceptor.java:93)
08-04 02:28:51.492 28718   434 W System.err: 	at okhttp3.internal.http.RealInterceptorChain.proceed(RealInterceptorChain.java:142)
08-04 02:28:51.492 28718   434 W System.err: 	at okhttp3.internal.http.RetryAndFollowUpInterceptor.intercept(RetryAndFollowUpInterceptor.java:88)
08-04 02:28:51.492 28718   434 W System.err: 	at okhttp3.internal.http.RealInterceptorChain.proceed(RealInterceptorChain.java:142)
08-04 02:28:51.492 28718   434 W System.err: 	at okhttp3.internal.http.RealInterceptorChain.proceed(RealInterceptorChain.java:117)
08-04 02:28:51.492 28718   434 W System.err: 	at nl.vu.cs.s2group.nappa.Nappa$CustomInterceptor.intercept(Nappa.java:875)
08-04 02:28:51.492 28718   434 W System.err: 	at okhttp3.internal.http.RealInterceptorChain.proceed(RealInterceptorChain.java:142)
08-04 02:28:51.492 28718   434 W System.err: 	at okhttp3.internal.http.RealInterceptorChain.proceed(RealInterceptorChain.java:117)
08-04 02:28:51.492 28718   434 W System.err: 	at okhttp3.RealCall.getResponseWithInterceptorChain(RealCall.java:229)
08-04 02:28:51.492 28718   434 W System.err: 	at okhttp3.RealCall.execute(RealCall.java:81)
08-04 02:28:51.492 28718   434 W System.err: 	at nappagreedy.com.newsblur.network.APIResponse.<init>(APIResponse.java:57)
08-04 02:28:51.492 28718   434 W System.err: 	at nappagreedy.com.newsblur.network.APIResponse.<init>(APIResponse.java:43)
08-04 02:28:51.492 28718   434 W System.err: 	at nappagreedy.com.newsblur.network.APIManager.post_single(APIManager.java:703)
08-04 02:28:51.492 28718   434 W System.err: 	at nappagreedy.com.newsblur.network.APIManager.post(APIManager.java:676)
08-04 02:28:51.492 28718   434 W System.err: 	at nappagreedy.com.newsblur.network.APIManager.post(APIManager.java:715)
08-04 02:28:51.492 28718   434 W System.err: 	at nappagreedy.com.newsblur.network.APIManager.markStoryAsRead(APIManager.java:206)
08-04 02:28:51.493 28718   434 W System.err: 	at nappagreedy.com.newsblur.util.ReadingAction.doRemote(ReadingAction.java:281)
08-04 02:28:51.493 28718   434 W System.err: 	at nappagreedy.com.newsblur.service.NBSyncService.syncActions(NBSyncService.java:400)
08-04 02:28:51.493 28718   434 W System.err: 	at nappagreedy.com.newsblur.service.NBSyncService.doSync(NBSyncService.java:298)
08-04 02:28:51.493 28718   434 W System.err: 	at nappagreedy.com.newsblur.service.NBSyncService.access$100(NBSyncService.java:67)
08-04 02:28:51.493 28718   434 W System.err: 	at nappagreedy.com.newsblur.service.NBSyncService$1.run(NBSyncService.java:188)
08-04 02:28:51.493 28718   434 W System.err: 	at java.util.concurrent.ThreadPoolExecutor.runWorker(ThreadPoolExecutor.java:1113)
08-04 02:28:51.493 28718   434 W System.err: 	at java.util.concurrent.ThreadPoolExecutor$Worker.run(ThreadPoolExecutor.java:588)
08-04 02:28:51.493 28718   434 W System.err: 	at java.lang.Thread.run(Thread.java:818)
08-04 02:28:51.493 28718   434 W System.err: Caused by: java.io.EOFException: \n not found: limit=0 content=
08-04 02:28:51.493 28718   434 W System.err: 	at okio.RealBufferedSource.readUtf8LineStrict(RealBufferedSource.java:240)
08-04 02:28:51.493 28718   434 W System.err: 	at okhttp3.internal.http1.Http1ExchangeCodec.readHeaderLine(Http1ExchangeCodec.java:242)
08-04 02:28:51.493 28718   434 W System.err: 	at okhttp3.internal.http1.Http1ExchangeCodec.readResponseHeaders(Http1ExchangeCodec.java:213)
08-04 02:28:51.493 28718   434 W System.err: 	... 33 more
08-04 02:28:51.493 28718   434 D CustomInterceptor: interceptor_finished : return_type #4 : interceptor failed, resuming the request chain with the original request
08-04 02:28:51.519 28718 32272 I art     : Starting a blocking GC Explicit
08-04 02:28:51.552 28718 32272 I art     : Explicit concurrent mark sweep GC freed 9756(570KB) AllocSpace objects, 4(220KB) LOS objects, 31% free, 35MB/51MB, paused 1.101ms total 32.288ms
08-04 02:28:51.561 28718 32272 I art     : Starting a blocking GC Explicit
08-04 02:28:51.591 28718 32272 I art     : Explicit concurrent mark sweep GC freed 1767(149KB) AllocSpace objects, 0(0B) LOS objects, 31% free, 35MB/51MB, paused 970us total 30.638ms
08-04 02:28:51.602 28718 32272 I art     : Starting a blocking GC Explicit
08-04 02:28:51.626 28718 32272 I art     : Explicit concurrent mark sweep GC freed 1092(40KB) AllocSpace objects, 0(0B) LOS objects, 31% free, 35MB/51MB, paused 757us total 23.797ms
08-04 02:28:51.635 28718 32272 I art     : Starting a blocking GC Explicit
08-04 02:28:51.639 28718 32501 D CustomInterceptor: NETWORK-PROVIDER https://www.gravatar.com/avatar/f5934485a0863578733c447016505547
08-04 02:28:51.639 28718 32501 D Nappa   : F1_SCORE add_intercept_url - (already in) - https://www.gravatar.com/avatar/f5934485a0863578733c447016505547
08-04 02:28:51.639 28718 32501 D Nappa   : F1_SCORE add_fn_url - (already in) - https://www.gravatar.com/avatar/f5934485a0863578733c447016505547
08-04 02:28:51.639 28718 32501 D Nappa   : -------------F1_SCORE #17 -----------
08-04 02:28:51.639 28718 32501 D Nappa   : F1_SCORE - Intercept list (10)= [https://www.newsblur.com/reader/feeds/?update_counts=true, https://www.newsblur.com/reader/unread_story_hashes?include_timestamps=1, https://www.newsblur.com/social/river_stories?order=newest&page=1&read_filter=all&global_feed=true, https://www.newsblur.com/rss_feeds/icon/0, https://s3.amazonaws.com/icons.newsblur.com/6882243.png, https://s3.amazonaws.com/icons.newsblur.com/18178.png, https://s3.amazonaws.com/icons.newsblur.com/5762506.png, http://feeds.feedburner.com/~r/retort/~4/UffaFMiJbNs, https://images.fastcompany.net/image/upload/w_1280,q_auto,f_auto,fl_lossy/wp-cms/uploads/2020/07/p-1-90532920-this-chart-shows-how-effective-masks-can-be.png, https://www.gravatar.com/avatar/f5934485a0863578733c447016505547]
08-04 02:28:51.640 28718 32501 D Nappa   : F1_SCORE - Prefetch list (0)= []
08-04 02:28:51.640 28718 32501 D Nappa   : F1_SCORE - TP list (0)= []
08-04 02:28:51.640 28718 32501 D Nappa   : F1_SCORE - FN list (10)= [https://www.newsblur.com/reader/feeds/?update_counts=true, https://www.newsblur.com/reader/unread_story_hashes?include_timestamps=1, https://www.newsblur.com/social/river_stories?order=newest&page=1&read_filter=all&global_feed=true, https://www.newsblur.com/rss_feeds/icon/0, https://s3.amazonaws.com/icons.newsblur.com/6882243.png, https://s3.amazonaws.com/icons.newsblur.com/18178.png, https://s3.amazonaws.com/icons.newsblur.com/5762506.png, http://feeds.feedburner.com/~r/retort/~4/UffaFMiJbNs, https://images.fastcompany.net/image/upload/w_1280,q_auto,f_auto,fl_lossy/wp-cms/uploads/2020/07/p-1-90532920-this-chart-shows-how-effective-masks-can-be.png, https://www.gravatar.com/avatar/f5934485a0863578733c447016505547]
08-04 02:28:51.640 28718 32501 I NAPPA_EXPERIMENTATION: MetricPrefetchingAccuracy: LOG_ID='18',F1_SCORE_1='0.0',F1_SCORE_2='0.0',TRUE_POSITIVE='0',FALSE_POSITIVE='0',FALSE_NEGATIVE='10',
08-04 02:28:51.640 28718 32501 D CustomInterceptor: HEADER REQUEST
08-04 02:28:51.640 28718 32501 D CustomInterceptor: Cache-Control max-age=300, max-stale=300
08-04 02:28:51.640 28718 32501 D CustomInterceptor: CACHED STATS: size = '8', maxSize = '100', hitCount = '8', createCount = '0', putCount = '8', evictionCount = '0', missCount = '18', toString = 'LruCache[maxSize=100,hits=8,misses=18,hitRate=30%]', 
08-04 02:28:51.640 28718 32501 D CustomInterceptor: PREFLIB NOT A GET REQUEST OR NOT IN CACHEGET
08-04 02:28:51.659 28718 32272 I art     : Explicit concurrent mark sweep GC freed 394(45KB) AllocSpace objects, 0(0B) LOS objects, 31% free, 35MB/51MB, paused 773us total 23.503ms
08-04 02:28:51.667 28718 32272 I art     : Starting a blocking GC Explicit
08-04 02:28:51.691 28718 32272 I art     : Explicit concurrent mark sweep GC freed 1784(82KB) AllocSpace objects, 0(0B) LOS objects, 31% free, 35MB/51MB, paused 764us total 24.169ms
08-04 02:28:51.707 28718 32497 D CustomInterceptor: NETWORK-PROVIDER https://www.gravatar.com/avatar/f5934485a0863578733c447016505547
08-04 02:28:51.707 28718 32497 D Nappa   : F1_SCORE add_intercept_url - (already in) - https://www.gravatar.com/avatar/f5934485a0863578733c447016505547
08-04 02:28:51.707 28718 32497 D Nappa   : F1_SCORE add_fn_url - (already in) - https://www.gravatar.com/avatar/f5934485a0863578733c447016505547
08-04 02:28:51.707 28718 32497 D Nappa   : -------------F1_SCORE #18 -----------
08-04 02:28:51.707 28718 32497 D Nappa   : F1_SCORE - Intercept list (10)= [https://www.newsblur.com/reader/feeds/?update_counts=true, https://www.newsblur.com/reader/unread_story_hashes?include_timestamps=1, https://www.newsblur.com/social/river_stories?order=newest&page=1&read_filter=all&global_feed=true, https://www.newsblur.com/rss_feeds/icon/0, https://s3.amazonaws.com/icons.newsblur.com/6882243.png, https://s3.amazonaws.com/icons.newsblur.com/18178.png, https://s3.amazonaws.com/icons.newsblur.com/5762506.png, http://feeds.feedburner.com/~r/retort/~4/UffaFMiJbNs, https://images.fastcompany.net/image/upload/w_1280,q_auto,f_auto,fl_lossy/wp-cms/uploads/2020/07/p-1-90532920-this-chart-shows-how-effective-masks-can-be.png, https://www.gravatar.com/avatar/f5934485a0863578733c447016505547]
08-04 02:28:51.707 28718 32497 D Nappa   : F1_SCORE - Prefetch list (0)= []
08-04 02:28:51.707 28718 32497 D Nappa   : F1_SCORE - TP list (0)= []
08-04 02:28:51.707 28718 32497 D Nappa   : F1_SCORE - FN list (10)= [https://www.newsblur.com/reader/feeds/?update_counts=true, https://www.newsblur.com/reader/unread_story_hashes?include_timestamps=1, https://www.newsblur.com/social/river_stories?order=newest&page=1&read_filter=all&global_feed=true, https://www.newsblur.com/rss_feeds/icon/0, https://s3.amazonaws.com/icons.newsblur.com/6882243.png, https://s3.amazonaws.com/icons.newsblur.com/18178.png, https://s3.amazonaws.com/icons.newsblur.com/5762506.png, http://feeds.feedburner.com/~r/retort/~4/UffaFMiJbNs, https://images.fastcompany.net/image/upload/w_1280,q_auto,f_auto,fl_lossy/wp-cms/uploads/2020/07/p-1-90532920-this-chart-shows-how-effective-masks-can-be.png, https://www.gravatar.com/avatar/f5934485a0863578733c447016505547]
08-04 02:28:51.707 28718 32497 I NAPPA_EXPERIMENTATION: MetricPrefetchingAccuracy: LOG_ID='19',F1_SCORE_1='0.0',F1_SCORE_2='0.0',TRUE_POSITIVE='0',FALSE_POSITIVE='0',FALSE_NEGATIVE='10',
08-04 02:28:51.707 28718 32497 D CustomInterceptor: HEADER REQUEST
08-04 02:28:51.707 28718 32497 D CustomInterceptor: Cache-Control max-age=300, max-stale=300
08-04 02:28:51.707 28718 32497 D CustomInterceptor: CACHED STATS: size = '8', maxSize = '100', hitCount = '8', createCount = '0', putCount = '8', evictionCount = '0', missCount = '19', toString = 'LruCache[maxSize=100,hits=8,misses=19,hitRate=29%]', 
08-04 02:28:51.708 28718 32497 D CustomInterceptor: PREFLIB NOT A GET REQUEST OR NOT IN CACHEGET
08-04 02:28:51.740 28718 32207 D Nappa   : registerActivity: (already in) nappagreedy.com.newsblur.activity.GlobalSharedStoriesReading
08-04 02:28:51.740 28718 32207 D Nappa   : PARENTS 
08-04 02:28:51.740 28718 32207 D Nappa   : Of: nappagreedy.com.newsblur.activity.GlobalSharedStoriesReading -> 
08-04 02:28:51.740 28718 32207 D Nappa   : PARENTS nappagreedy.com.newsblur.activity.GlobalSharedStoriesItemsList
08-04 02:28:51.740 28718 32207 D Nappa   : PARENTS has extra: (story_hash, 0:65a6e4)
08-04 02:28:51.740 28718 32207 D Nappa   : PARENTS has extra: (feed_set, nappagreedy.com.newsblur.util.FeedSet@e)
08-04 02:28:51.740 28718 32207 D Nappa   : PARENTS nappagreedy.com.newsblur.activity.Main
08-04 02:28:51.740 28718 32207 D Nappa   : PARENTS has extra: (feed_set, nappagreedy.com.newsblur.util.FeedSet@e)
08-04 02:28:51.840 28718 32207 D Nappa   : registerActivity: (already in) nappagreedy.com.newsblur.activity.GlobalSharedStoriesReading
08-04 02:28:51.841 28718 32207 D Nappa   : PARENTS 
08-04 02:28:51.841 28718 32207 D Nappa   : Of: nappagreedy.com.newsblur.activity.GlobalSharedStoriesReading -> 
08-04 02:28:51.841 28718 32207 D Nappa   : PARENTS nappagreedy.com.newsblur.activity.GlobalSharedStoriesItemsList
08-04 02:28:51.841 28718 32207 D Nappa   : PARENTS has extra: (story_hash, 0:65a6e4)
08-04 02:28:51.841 28718 32207 D Nappa   : PARENTS has extra: (feed_set, nappagreedy.com.newsblur.util.FeedSet@e)
08-04 02:28:51.841 28718 32207 D Nappa   : PARENTS nappagreedy.com.newsblur.activity.Main
08-04 02:28:51.841 28718 32207 D Nappa   : PARENTS has extra: (feed_set, nappagreedy.com.newsblur.util.FeedSet@e)
08-04 02:28:51.891 28718   434 E nappagreedy.com.newsblur.network.APIResponse: Error (unexpected end of stream on https://www.newsblur.com/...) calling https://www.newsblur.com/reader/mark_story_hashes_as_read/
08-04 02:28:51.891 28718   434 E nappagreedy.com.newsblur.network.APIResponse: java.io.IOException: unexpected end of stream on https://www.newsblur.com/...
08-04 02:28:51.891 28718   434 E nappagreedy.com.newsblur.network.APIResponse: 	at okhttp3.internal.http1.Http1ExchangeCodec.readResponseHeaders(Http1ExchangeCodec.java:236)
08-04 02:28:51.891 28718   434 E nappagreedy.com.newsblur.network.APIResponse: 	at okhttp3.internal.connection.Exchange.readResponseHeaders(Exchange.java:115)
08-04 02:28:51.891 28718   434 E nappagreedy.com.newsblur.network.APIResponse: 	at okhttp3.internal.http.CallServerInterceptor.intercept(CallServerInterceptor.java:94)
08-04 02:28:51.891 28718   434 E nappagreedy.com.newsblur.network.APIResponse: 	at okhttp3.internal.http.RealInterceptorChain.proceed(RealInterceptorChain.java:142)
08-04 02:28:51.891 28718   434 E nappagreedy.com.newsblur.network.APIResponse: 	at okhttp3.internal.connection.ConnectInterceptor.intercept(ConnectInterceptor.java:43)
08-04 02:28:51.891 28718   434 E nappagreedy.com.newsblur.network.APIResponse: 	at okhttp3.internal.http.RealInterceptorChain.proceed(RealInterceptorChain.java:142)
08-04 02:28:51.891 28718   434 E nappagreedy.com.newsblur.network.APIResponse: 	at okhttp3.internal.http.RealInterceptorChain.proceed(RealInterceptorChain.java:117)
08-04 02:28:51.891 28718   434 E nappagreedy.com.newsblur.network.APIResponse: 	at okhttp3.internal.cache.CacheInterceptor.intercept(CacheInterceptor.java:94)
08-04 02:28:51.891 28718   434 E nappagreedy.com.newsblur.network.APIResponse: 	at okhttp3.internal.http.RealInterceptorChain.proceed(RealInterceptorChain.java:142)
08-04 02:28:51.891 28718   434 E nappagreedy.com.newsblur.network.APIResponse: 	at okhttp3.internal.http.RealInterceptorChain.proceed(RealInterceptorChain.java:117)
08-04 02:28:51.891 28718   434 E nappagreedy.com.newsblur.network.APIResponse: 	at okhttp3.internal.http.BridgeInterceptor.intercept(BridgeInterceptor.java:93)
08-04 02:28:51.891 28718   434 E nappagreedy.com.newsblur.network.APIResponse: 	at okhttp3.internal.http.RealInterceptorChain.proceed(RealInterceptorChain.java:142)
08-04 02:28:51.891 28718   434 E nappagreedy.com.newsblur.network.APIResponse: 	at okhttp3.internal.http.RetryAndFollowUpInterceptor.intercept(RetryAndFollowUpInterceptor.java:88)
08-04 02:28:51.891 28718   434 E nappagreedy.com.newsblur.network.APIResponse: 	at okhttp3.internal.http.RealInterceptorChain.proceed(RealInterceptorChain.java:142)
08-04 02:28:51.891 28718   434 E nappagreedy.com.newsblur.network.APIResponse: 	at okhttp3.internal.http.RealInterceptorChain.proceed(RealInterceptorChain.java:117)
08-04 02:28:51.891 28718   434 E nappagreedy.com.newsblur.network.APIResponse: 	at nl.vu.cs.s2group.nappa.Nappa$CustomInterceptor.intercept(Nappa.java:970)
08-04 02:28:51.891 28718   434 E nappagreedy.com.newsblur.network.APIResponse: 	at okhttp3.internal.http.RealInterceptorChain.proceed(RealInterceptorChain.java:142)
08-04 02:28:51.891 28718   434 E nappagreedy.com.newsblur.network.APIResponse: 	at okhttp3.internal.http.RealInterceptorChain.proceed(RealInterceptorChain.java:117)
08-04 02:28:51.891 28718   434 E nappagreedy.com.newsblur.network.APIResponse: 	at okhttp3.RealCall.getResponseWithInterceptorChain(RealCall.java:229)
08-04 02:28:51.891 28718   434 E nappagreedy.com.newsblur.network.APIResponse: 	at okhttp3.RealCall.execute(RealCall.java:81)
08-04 02:28:51.891 28718   434 E nappagreedy.com.newsblur.network.APIResponse: 	at nappagreedy.com.newsblur.network.APIResponse.<init>(APIResponse.java:57)
08-04 02:28:51.891 28718   434 E nappagreedy.com.newsblur.network.APIResponse: 	at nappagreedy.com.newsblur.network.APIResponse.<init>(APIResponse.java:43)
08-04 02:28:51.891 28718   434 E nappagreedy.com.newsblur.network.APIResponse: 	at nappagreedy.com.newsblur.network.APIManager.post_single(APIManager.java:703)
08-04 02:28:51.891 28718   434 E nappagreedy.com.newsblur.network.APIResponse: 	at nappagreedy.com.newsblur.network.APIManager.post(APIManager.java:676)
08-04 02:28:51.891 28718   434 E nappagreedy.com.newsblur.network.APIResponse: 	at nappagreedy.com.newsblur.network.APIManager.post(APIManager.java:715)
08-04 02:28:51.891 28718   434 E nappagreedy.com.newsblur.network.APIResponse: 	at nappagreedy.com.newsblur.network.APIManager.markStoryAsRead(APIManager.java:206)
08-04 02:28:51.891 28718   434 E nappagreedy.com.newsblur.network.APIResponse: 	at nappagreedy.com.newsblur.util.ReadingAction.doRemote(ReadingAction.java:281)
08-04 02:28:51.891 28718   434 E nappagreedy.com.newsblur.network.APIResponse: 	at nappagreedy.com.newsblur.service.NBSyncService.syncActions(NBSyncService.java:400)
08-04 02:28:51.891 28718   434 E nappagreedy.com.newsblur.network.APIResponse: 	at nappagreedy.com.newsblur.service.NBSyncService.doSync(NBSyncService.java:298)
08-04 02:28:51.891 28718   434 E nappagreedy.com.newsblur.network.APIResponse: 	at nappagreedy.com.newsblur.service.NBSyncService.access$100(NBSyncService.java:67)
08-04 02:28:51.891 28718   434 E nappagreedy.com.newsblur.network.APIResponse: 	at nappagreedy.com.newsblur.service.NBSyncService$1.run(NBSyncService.java:188)
