08-04 11:26:56.328 16973 16985 I art     : Explicit concurrent mark sweep GC freed 30(1104B) AllocSpace objects, 0(0B) LOS objects, 31% free, 35MB/51MB, paused 683us total 29.074ms
08-04 11:26:56.337 16973 16985 I art     : Starting a blocking GC Explicit
08-04 11:26:56.365 16973 16985 I art     : Explicit concurrent mark sweep GC freed 3(96B) AllocSpace objects, 0(0B) LOS objects, 31% free, 35MB/51MB, paused 719us total 27.949ms
08-04 11:26:56.375 16973 16985 I art     : Starting a blocking GC Explicit
08-04 11:26:56.404 16973 16985 I art     : Explicit concurrent mark sweep GC freed 3(96B) AllocSpace objects, 0(0B) LOS objects, 31% free, 35MB/51MB, paused 847us total 28.530ms
08-04 11:26:56.413 16973 16985 I art     : Starting a blocking GC Explicit
08-04 11:26:56.438 16973 16985 I art     : Explicit concurrent mark sweep GC freed 3(96B) AllocSpace objects, 0(0B) LOS objects, 31% free, 35MB/51MB, paused 799us total 24.689ms
08-04 11:26:56.510 12316 12316 W Atfwd_Sendcmd: AtCmdFwd service not published, waiting... retryCnt : 4
08-04 11:26:56.767 16973 16985 I art     : Starting a blocking GC Explicit
08-04 11:26:56.796 16973 16985 I art     : Explicit concurrent mark sweep GC freed 1639(94KB) AllocSpace objects, 1(20KB) LOS objects, 31% free, 35MB/51MB, paused 664us total 29.195ms
08-04 11:26:56.806 16973 16985 I art     : Starting a blocking GC Explicit
08-04 11:26:56.835 16973 16985 I art     : Explicit concurrent mark sweep GC freed 30(1104B) AllocSpace objects, 0(0B) LOS objects, 31% free, 35MB/51MB, paused 774us total 28.215ms
08-04 11:26:56.846 16973 16985 I art     : Starting a blocking GC Explicit
08-04 11:26:56.876 16973 16985 I art     : Explicit concurrent mark sweep GC freed 3(96B) AllocSpace objects, 0(0B) LOS objects, 31% free, 35MB/51MB, paused 1.321ms total 30.343ms
08-04 11:26:56.884 16973 16985 I art     : Starting a blocking GC Explicit
08-04 11:26:56.913 16973 16985 I art     : Explicit concurrent mark sweep GC freed 3(96B) AllocSpace objects, 0(0B) LOS objects, 31% free, 35MB/51MB, paused 658us total 28.621ms
08-04 11:26:56.922 16973 16985 I art     : Starting a blocking GC Explicit
08-04 11:26:56.951 16973 16985 I art     : Explicit concurrent mark sweep GC freed 3(96B) AllocSpace objects, 0(0B) LOS objects, 31% free, 35MB/51MB, paused 779us total 28.558ms
08-04 11:26:57.150 16973 17589 D CustomInterceptor: NETWORK-PROVIDER https://www.newsblur.com/reader/mark_story_hashes_as_read/
08-04 11:26:57.150 16973 17589 D CustomInterceptor: HEADER REQUEST
08-04 11:26:57.151 16973 17589 D CustomInterceptor: Cache-Control max-age=300, max-stale=300
08-04 11:26:57.151 16973 17589 D CustomInterceptor: Cookie newsblur_sessionid=qlbd3ilzka7q9q07v2htr96j75kh6za7; Domain=.newsblur.com; expires=Wed, 03 Aug 2022 21:07:45 GMT; Max-Age=63072000; Path=/
08-04 11:26:57.151 16973 17589 D CustomInterceptor: CACHED STATS: size = '8', maxSize = '100', hitCount = '8', createCount = '0', putCount = '8', evictionCount = '0', missCount = '20', toString = 'LruCache[maxSize=100,hits=8,misses=20,hitRate=28%]', 
08-04 11:26:57.151 16973 17589 D CustomInterceptor: PREFLIB NOT A GET REQUEST OR NOT IN CACHEPOST
08-04 11:26:57.288 16973 16985 I art     : Starting a blocking GC Explicit
08-04 11:26:57.317 16973 16985 I art     : Explicit concurrent mark sweep GC freed 1875(114KB) AllocSpace objects, 1(20KB) LOS objects, 31% free, 35MB/51MB, paused 887us total 28.729ms
08-04 11:26:57.328 16973 16985 I art     : Starting a blocking GC Explicit
08-04 11:26:57.356 16973 16985 I art     : Explicit concurrent mark sweep GC freed 44(1696B) AllocSpace objects, 0(0B) LOS objects, 31% free, 35MB/51MB, paused 865us total 28.329ms
08-04 11:26:57.365 16973 16985 I art     : Starting a blocking GC Explicit
08-04 11:26:57.390 16973 16985 I art     : Explicit concurrent mark sweep GC freed 3(96B) AllocSpace objects, 0(0B) LOS objects, 31% free, 35MB/51MB, paused 861us total 24.931ms
08-04 11:26:57.397 16973 16985 I art     : Starting a blocking GC Explicit
08-04 11:26:57.422 16973 16985 I art     : Explicit concurrent mark sweep GC freed 3(96B) AllocSpace objects, 0(0B) LOS objects, 31% free, 35MB/51MB, paused 803us total 24.723ms
08-04 11:26:57.430 16973 16985 I art     : Starting a blocking GC Explicit
08-04 11:26:57.454 16973 16985 I art     : Explicit concurrent mark sweep GC freed 3(96B) AllocSpace objects, 0(0B) LOS objects, 31% free, 35MB/51MB, paused 850us total 24.156ms
08-04 11:26:57.663 16973 17589 D CustomInterceptor: Interceptor exiting with exception java.io.IOException: unexpected end of stream on https://www.newsblur.com/...
08-04 11:26:57.664 16973 17589 W System.err: java.io.IOException: unexpected end of stream on https://www.newsblur.com/...
08-04 11:26:57.664 16973 17589 W System.err: 	at okhttp3.internal.http1.Http1ExchangeCodec.readResponseHeaders(Http1ExchangeCodec.java:236)
08-04 11:26:57.664 16973 17589 W System.err: 	at okhttp3.internal.connection.Exchange.readResponseHeaders(Exchange.java:115)
08-04 11:26:57.664 16973 17589 W System.err: 	at okhttp3.internal.http.CallServerInterceptor.intercept(CallServerInterceptor.java:94)
08-04 11:26:57.665 16973 17589 W System.err: 	at okhttp3.internal.http.RealInterceptorChain.proceed(RealInterceptorChain.java:142)
08-04 11:26:57.665 16973 17589 W System.err: 	at okhttp3.internal.connection.ConnectInterceptor.intercept(ConnectInterceptor.java:43)
08-04 11:26:57.665 16973 17589 W System.err: 	at okhttp3.internal.http.RealInterceptorChain.proceed(RealInterceptorChain.java:142)
08-04 11:26:57.665 16973 17589 W System.err: 	at okhttp3.internal.http.RealInterceptorChain.proceed(RealInterceptorChain.java:117)
08-04 11:26:57.665 16973 17589 W System.err: 	at okhttp3.internal.cache.CacheInterceptor.intercept(CacheInterceptor.java:94)
08-04 11:26:57.665 16973 17589 W System.err: 	at okhttp3.internal.http.RealInterceptorChain.proceed(RealInterceptorChain.java:142)
08-04 11:26:57.665 16973 17589 W System.err: 	at okhttp3.internal.http.RealInterceptorChain.proceed(RealInterceptorChain.java:117)
08-04 11:26:57.665 16973 17589 W System.err: 	at okhttp3.internal.http.BridgeInterceptor.intercept(BridgeInterceptor.java:93)
08-04 11:26:57.665 16973 17589 W System.err: 	at okhttp3.internal.http.RealInterceptorChain.proceed(RealInterceptorChain.java:142)
08-04 11:26:57.665 16973 17589 W System.err: 	at okhttp3.internal.http.RetryAndFollowUpInterceptor.intercept(RetryAndFollowUpInterceptor.java:88)
08-04 11:26:57.665 16973 17589 W System.err: 	at okhttp3.internal.http.RealInterceptorChain.proceed(RealInterceptorChain.java:142)
08-04 11:26:57.665 16973 17589 W System.err: 	at okhttp3.internal.http.RealInterceptorChain.proceed(RealInterceptorChain.java:117)
08-04 11:26:57.665 16973 17589 W System.err: 	at nl.vu.cs.s2group.nappa.Nappa$CustomInterceptor.intercept(Nappa.java:875)
08-04 11:26:57.665 16973 17589 W System.err: 	at okhttp3.internal.http.RealInterceptorChain.proceed(RealInterceptorChain.java:142)
08-04 11:26:57.665 16973 17589 W System.err: 	at okhttp3.internal.http.RealInterceptorChain.proceed(RealInterceptorChain.java:117)
08-04 11:26:57.665 16973 17589 W System.err: 	at okhttp3.RealCall.getResponseWithInterceptorChain(RealCall.java:229)
08-04 11:26:57.665 16973 17589 W System.err: 	at okhttp3.RealCall.execute(RealCall.java:81)
08-04 11:26:57.665 16973 17589 W System.err: 	at nappagreedy.com.newsblur.network.APIResponse.<init>(APIResponse.java:57)
08-04 11:26:57.666 16973 17589 W System.err: 	at nappagreedy.com.newsblur.network.APIResponse.<init>(APIResponse.java:43)
08-04 11:26:57.666 16973 17589 W System.err: 	at nappagreedy.com.newsblur.network.APIManager.post_single(APIManager.java:703)
08-04 11:26:57.666 16973 17589 W System.err: 	at nappagreedy.com.newsblur.network.APIManager.post(APIManager.java:676)
08-04 11:26:57.666 16973 17589 W System.err: 	at nappagreedy.com.newsblur.network.APIManager.post(APIManager.java:715)
08-04 11:26:57.666 16973 17589 W System.err: 	at nappagreedy.com.newsblur.network.APIManager.markStoryAsRead(APIManager.java:206)
08-04 11:26:57.666 16973 17589 W System.err: 	at nappagreedy.com.newsblur.util.ReadingAction.doRemote(ReadingAction.java:281)
08-04 11:26:57.666 16973 17589 W System.err: 	at nappagreedy.com.newsblur.service.NBSyncService.syncActions(NBSyncService.java:400)
08-04 11:26:57.666 16973 17589 W System.err: 	at nappagreedy.com.newsblur.service.NBSyncService.doSync(NBSyncService.java:298)
08-04 11:26:57.666 16973 17589 W System.err: 	at nappagreedy.com.newsblur.service.NBSyncService.access$100(NBSyncService.java:67)
08-04 11:26:57.666 16973 17589 W System.err: 	at nappagreedy.com.newsblur.service.NBSyncService$1.run(NBSyncService.java:188)
08-04 11:26:57.666 16973 17589 W System.err: 	at java.util.concurrent.ThreadPoolExecutor.runWorker(ThreadPoolExecutor.java:1113)
08-04 11:26:57.666 16973 17589 W System.err: 	at java.util.concurrent.ThreadPoolExecutor$Worker.run(ThreadPoolExecutor.java:588)
08-04 11:26:57.666 16973 17589 W System.err: 	at java.lang.Thread.run(Thread.java:818)
08-04 11:26:57.666 16973 17589 W System.err: Caused by: java.io.EOFException: \n not found: limit=0 content=
08-04 11:26:57.667 16973 17589 W System.err: 	at okio.RealBufferedSource.readUtf8LineStrict(RealBufferedSource.java:240)
08-04 11:26:57.667 16973 17589 W System.err: 	at okhttp3.internal.http1.Http1ExchangeCodec.readHeaderLine(Http1ExchangeCodec.java:242)
08-04 11:26:57.667 16973 17589 W System.err: 	at okhttp3.internal.http1.Http1ExchangeCodec.readResponseHeaders(Http1ExchangeCodec.java:213)
08-04 11:26:57.667 16973 17589 W System.err: 	... 33 more
08-04 11:26:57.667 16973 17589 D CustomInterceptor: interceptor_finished : return_type #4 : interceptor failed, resuming the request chain with the original request
08-04 11:26:57.770 16973 16984 I art     : Starting a blocking GC Explicit
08-04 11:26:57.800 16973 16984 I art     : Explicit concurrent mark sweep GC freed 4066(233KB) AllocSpace objects, 1(20KB) LOS objects, 31% free, 35MB/51MB, paused 748us total 29.230ms
08-04 11:26:57.811 16973 16984 I art     : Starting a blocking GC Explicit
08-04 11:26:57.840 16973 16984 I art     : Explicit concurrent mark sweep GC freed 109(3KB) AllocSpace objects, 0(0B) LOS objects, 31% free, 35MB/51MB, paused 859us total 28.712ms
08-04 11:26:57.849 16973 16984 I art     : Starting a blocking GC Explicit
08-04 11:26:57.879 16973 16984 I art     : Explicit concurrent mark sweep GC freed 3(96B) AllocSpace objects, 0(0B) LOS objects, 31% free, 35MB/51MB, paused 686us total 29.852ms
08-04 11:26:57.888 16973 16984 I art     : Starting a blocking GC Explicit
08-04 11:26:57.912 16973 16984 I art     : Explicit concurrent mark sweep GC freed 3(96B) AllocSpace objects, 0(0B) LOS objects, 31% free, 35MB/51MB, paused 667us total 23.446ms
08-04 11:26:57.920 16973 16984 I art     : Starting a blocking GC Explicit
08-04 11:26:57.944 16973 16984 I art     : Explicit concurrent mark sweep GC freed 3(96B) AllocSpace objects, 0(0B) LOS objects, 31% free, 35MB/51MB, paused 667us total 23.669ms
08-04 11:26:58.071 16973 17589 E nappagreedy.com.newsblur.network.APIResponse: Error (unexpected end of stream on https://www.newsblur.com/...) calling https://www.newsblur.com/reader/mark_story_hashes_as_read/
08-04 11:26:58.071 16973 17589 E nappagreedy.com.newsblur.network.APIResponse: java.io.IOException: unexpected end of stream on https://www.newsblur.com/...
08-04 11:26:58.071 16973 17589 E nappagreedy.com.newsblur.network.APIResponse: 	at okhttp3.internal.http1.Http1ExchangeCodec.readResponseHeaders(Http1ExchangeCodec.java:236)
08-04 11:26:58.071 16973 17589 E nappagreedy.com.newsblur.network.APIResponse: 	at okhttp3.internal.connection.Exchange.readResponseHeaders(Exchange.java:115)
08-04 11:26:58.071 16973 17589 E nappagreedy.com.newsblur.network.APIResponse: 	at okhttp3.internal.http.CallServerInterceptor.intercept(CallServerInterceptor.java:94)
08-04 11:26:58.071 16973 17589 E nappagreedy.com.newsblur.network.APIResponse: 	at okhttp3.internal.http.RealInterceptorChain.proceed(RealInterceptorChain.java:142)
08-04 11:26:58.071 16973 17589 E nappagreedy.com.newsblur.network.APIResponse: 	at okhttp3.internal.connection.ConnectInterceptor.intercept(ConnectInterceptor.java:43)
08-04 11:26:58.071 16973 17589 E nappagreedy.com.newsblur.network.APIResponse: 	at okhttp3.internal.http.RealInterceptorChain.proceed(RealInterceptorChain.java:142)
08-04 11:26:58.071 16973 17589 E nappagreedy.com.newsblur.network.APIResponse: 	at okhttp3.internal.http.RealInterceptorChain.proceed(RealInterceptorChain.java:117)
08-04 11:26:58.071 16973 17589 E nappagreedy.com.newsblur.network.APIResponse: 	at okhttp3.internal.cache.CacheInterceptor.intercept(CacheInterceptor.java:94)
08-04 11:26:58.071 16973 17589 E nappagreedy.com.newsblur.network.APIResponse: 	at okhttp3.internal.http.RealInterceptorChain.proceed(RealInterceptorChain.java:142)
08-04 11:26:58.071 16973 17589 E nappagreedy.com.newsblur.network.APIResponse: 	at okhttp3.internal.http.RealInterceptorChain.proceed(RealInterceptorChain.java:117)
08-04 11:26:58.071 16973 17589 E nappagreedy.com.newsblur.network.APIResponse: 	at okhttp3.internal.http.BridgeInterceptor.intercept(BridgeInterceptor.java:93)
08-04 11:26:58.071 16973 17589 E nappagreedy.com.newsblur.network.APIResponse: 	at okhttp3.internal.http.RealInterceptorChain.proceed(RealInterceptorChain.java:142)
08-04 11:26:58.071 16973 17589 E nappagreedy.com.newsblur.network.APIResponse: 	at okhttp3.internal.http.RetryAndFollowUpInterceptor.intercept(RetryAndFollowUpInterceptor.java:88)
08-04 11:26:58.071 16973 17589 E nappagreedy.com.newsblur.network.APIResponse: 	at okhttp3.internal.http.RealInterceptorChain.proceed(RealInterceptorChain.java:142)
08-04 11:26:58.071 16973 17589 E nappagreedy.com.newsblur.network.APIResponse: 	at okhttp3.internal.http.RealInterceptorChain.proceed(RealInterceptorChain.java:117)
08-04 11:26:58.071 16973 17589 E nappagreedy.com.newsblur.network.APIResponse: 	at nl.vu.cs.s2group.nappa.Nappa$CustomInterceptor.intercept(Nappa.java:970)
08-04 11:26:58.071 16973 17589 E nappagreedy.com.newsblur.network.APIResponse: 	at okhttp3.internal.http.RealInterceptorChain.proceed(RealInterceptorChain.java:142)
08-04 11:26:58.071 16973 17589 E nappagreedy.com.newsblur.network.APIResponse: 	at okhttp3.internal.http.RealInterceptorChain.proceed(RealInterceptorChain.java:117)
08-04 11:26:58.071 16973 17589 E nappagreedy.com.newsblur.network.APIResponse: 	at okhttp3.RealCall.getResponseWithInterceptorChain(RealCall.java:229)
08-04 11:26:58.071 16973 17589 E nappagreedy.com.newsblur.network.APIResponse: 	at okhttp3.RealCall.execute(RealCall.java:81)
08-04 11:26:58.071 16973 17589 E nappagreedy.com.newsblur.network.APIResponse: 	at nappagreedy.com.newsblur.network.APIResponse.<init>(APIResponse.java:57)
08-04 11:26:58.071 16973 17589 E nappagreedy.com.newsblur.network.APIResponse: 	at nappagreedy.com.newsblur.network.APIResponse.<init>(APIResponse.java:43)
08-04 11:26:58.071 16973 17589 E nappagreedy.com.newsblur.network.APIResponse: 	at nappagreedy.com.newsblur.network.APIManager.post_single(APIManager.java:703)
08-04 11:26:58.071 16973 17589 E nappagreedy.com.newsblur.network.APIResponse: 	at nappagreedy.com.newsblur.network.APIManager.post(APIManager.java:676)
08-04 11:26:58.071 16973 17589 E nappagreedy.com.newsblur.network.APIResponse: 	at nappagreedy.com.newsblur.network.APIManager.post(APIManager.java:715)
08-04 11:26:58.071 16973 17589 E nappagreedy.com.newsblur.network.APIResponse: 	at nappagreedy.com.newsblur.network.APIManager.markStoryAsRead(APIManager.java:206)
08-04 11:26:58.071 16973 17589 E nappagreedy.com.newsblur.network.APIResponse: 	at nappagreedy.com.newsblur.util.ReadingAction.doRemote(ReadingAction.java:281)
08-04 11:26:58.071 16973 17589 E nappagreedy.com.newsblur.network.APIResponse: 	at nappagreedy.com.newsblur.service.NBSyncService.syncActions(NBSyncService.java:400)
08-04 11:26:58.071 16973 17589 E nappagreedy.com.newsblur.network.APIResponse: 	at nappagreedy.com.newsblur.service.NBSyncService.doSync(NBSyncService.java:298)
08-04 11:26:58.071 16973 17589 E nappagreedy.com.newsblur.network.APIResponse: 	at nappagreedy.com.newsblur.service.NBSyncService.access$100(NBSyncService.java:67)
08-04 11:26:58.071 16973 17589 E nappagreedy.com.newsblur.network.APIResponse: 	at nappagreedy.com.newsblur.service.NBSyncService$1.run(NBSyncService.java:188)
08-04 11:26:58.071 16973 17589 E nappagreedy.com.newsblur.network.APIResponse: 	at java.util.concurrent.ThreadPoolExecutor.runWorker(ThreadPoolExecutor.java:1113)
08-04 11:26:58.071 16973 17589 E nappagreedy.com.newsblur.network.APIResponse: 	at java.util.concurrent.ThreadPoolExecutor$Worker.run(ThreadPoolExecutor.java:588)
08-04 11:26:58.071 16973 17589 E nappagreedy.com.newsblur.network.APIResponse: 	at java.lang.Thread.run(Thread.java:818)
08-04 11:26:58.071 16973 17589 E nappagreedy.com.newsblur.network.APIResponse: Caused by: java.io.EOFException: \n not found: limit=0 content=
08-04 11:26:58.071 16973 17589 E nappagreedy.com.newsblur.network.APIResponse: 	at okio.RealBufferedSource.readUtf8LineStrict(RealBufferedSource.java:240)
08-04 11:26:58.071 16973 17589 E nappagreedy.com.newsblur.network.APIResponse: 	at okhttp3.internal.http1.Http1ExchangeCodec.readHeaderLine(Http1ExchangeCodec.java:242)
08-04 11:26:58.071 16973 17589 E nappagreedy.com.newsblur.network.APIResponse: 	at okhttp3.internal.http1.Http1ExchangeCodec.readResponseHeaders(Http1ExchangeCodec.java:213)
08-04 11:26:58.071 16973 17589 E nappagreedy.com.newsblur.network.APIResponse: 	... 33 more
08-04 11:26:58.072 16973 17589 I nappagreedy.com.newsblur.network.APIManager: API call failed, pausing before retry number 2
08-04 11:26:58.258 16973 16984 I art     : Starting a blocking GC Explicit
08-04 11:26:58.288 16973 16984 I art     : Explicit concurrent mark sweep GC freed 4199(375KB) AllocSpace objects, 3(60KB) LOS objects, 31% free, 35MB/51MB, paused 877us total 29.358ms
08-04 11:26:58.299 16973 16984 I art     : Starting a blocking GC Explicit
08-04 11:26:58.329 16973 16984 I art     : Explicit concurrent mark sweep GC freed 117(4KB) AllocSpace objects, 0(0B) LOS objects, 31% free, 35MB/51MB, paused 674us total 30.040ms
08-04 11:26:58.338 16973 16984 I art     : Starting a blocking GC Explicit
08-04 11:26:58.362 16973 16984 I art     : Explicit concurrent mark sweep GC freed 3(96B) AllocSpace objects, 0(0B) LOS objects, 31% free, 35MB/51MB, paused 635us total 24.027ms
08-04 11:26:58.369 16973 16984 I art     : Starting a blocking GC Explicit
08-04 11:26:58.395 16973 16984 I art     : Explicit concurrent mark sweep GC freed 3(96B) AllocSpace objects, 0(0B) LOS objects, 31% free, 35MB/51MB, paused 682us total 25.858ms
08-04 11:26:58.404 16973 16984 I art     : Starting a blocking GC Explicit
08-04 11:26:58.432 16973 16984 I art     : Explicit concurrent mark sweep GC freed 3(96B) AllocSpace objects, 0(0B) LOS objects, 31% free, 35MB/51MB, paused 658us total 28.418ms
08-04 11:26:58.757 16973 16984 I art     : Starting a blocking GC Explicit
08-04 11:26:58.788 16973 16984 I art     : Explicit concurrent mark sweep GC freed 1636(94KB) AllocSpace objects, 1(20KB) LOS objects, 31% free, 35MB/51MB, paused 979us total 29.449ms
08-04 11:26:58.799 16973 16984 I art     : Starting a blocking GC Explicit
08-04 11:26:58.823 16973 16984 I art     : Explicit concurrent mark sweep GC freed 30(1104B) AllocSpace objects, 0(0B) LOS objects, 31% free, 35MB/51MB, paused 865us total 24.125ms
08-04 11:26:58.831 16973 16984 I art     : Starting a blocking GC Explicit
08-04 11:26:58.857 16973 16984 I art     : Explicit concurrent mark sweep GC freed 3(96B) AllocSpace objects, 0(0B) LOS objects, 31% free, 35MB/51MB, paused 831us total 25.618ms
08-04 11:26:58.866 16973 16984 I art     : Starting a blocking GC Explicit
08-04 11:26:58.898 16973 16984 I art     : Explicit concurrent mark sweep GC freed 3(96B) AllocSpace objects, 0(0B) LOS objects, 31% free, 35MB/51MB, paused 969us total 31.071ms
08-04 11:26:58.906 16973 16984 I art     : Starting a blocking GC Explicit
08-04 11:26:58.930 16973 16984 I art     : Explicit concurrent mark sweep GC freed 3(96B) AllocSpace objects, 0(0B) LOS objects, 31% free, 35MB/51MB, paused 648us total 23.531ms
08-04 11:26:59.252 16973 16984 I art     : Starting a blocking GC Explicit
08-04 11:26:59.281 16973 16984 I art     : Explicit concurrent mark sweep GC freed 1636(94KB) AllocSpace objects, 1(20KB) LOS objects, 31% free, 35MB/51MB, paused 647us total 28.848ms
08-04 11:26:59.290 16973 16984 I art     : Starting a blocking GC Explicit
08-04 11:26:59.318 16973 16984 I art     : Explicit concurrent mark sweep GC freed 30(1104B) AllocSpace objects, 0(0B) LOS objects, 31% free, 35MB/51MB, paused 794us total 27.519ms
08-04 11:26:59.329 16973 16984 I art     : Starting a blocking GC Explicit
08-04 11:26:59.357 16973 16984 I art     : Explicit concurrent mark sweep GC freed 3(96B) AllocSpace objects, 0(0B) LOS objects, 31% free, 35MB/51MB, paused 791us total 27.870ms
08-04 11:26:59.367 16973 16984 I art     : Starting a blocking GC Explicit
08-04 11:26:59.397 16973 16984 I art     : Explicit concurrent mark sweep GC freed 3(96B) AllocSpace objects, 0(0B) LOS objects, 31% free, 35MB/51MB, paused 664us total 29.570ms
08-04 11:26:59.405 16973 16984 I art     : Starting a blocking GC Explicit
08-04 11:26:59.419 13866 13882 I PeriodicStatsRunner: PeriodicStatsRunner.call():175 call()
08-04 11:26:59.419 13866 13882 I PeriodicStatsRunner: PeriodicStatsRunner.call():179 No submit PeriodicStats since input started.
08-04 11:26:59.433 16973 16984 I art     : Explicit concurrent mark sweep GC freed 3(96B) AllocSpace objects, 0(0B) LOS objects, 31% free, 35MB/51MB, paused 671us total 27.970ms
08-04 11:26:59.779 16973 16984 I art     : Starting a blocking GC Explicit
08-04 11:26:59.810 16973 16984 I art     : Explicit concurrent mark sweep GC freed 1636(94KB) AllocSpace objects, 1(20KB) LOS objects, 31% free, 35MB/51MB, paused 939us total 30.105ms
08-04 11:26:59.819 16973 16984 I art     : Starting a blocking GC Explicit
08-04 11:26:59.848 16973 16984 I art     : Explicit concurrent mark sweep GC freed 32(1184B) AllocSpace objects, 0(0B) LOS objects, 31% free, 35MB/51MB, paused 669us total 29.050ms
08-04 11:26:59.858 16973 16984 I art     : Starting a blocking GC Explicit
08-04 11:26:59.881 16973 16984 I art     : Explicit concurrent mark sweep GC freed 3(96B) AllocSpace objects, 0(0B) LOS objects, 31% free, 35MB/51MB, paused 648us total 23.406ms
08-04 11:26:59.889 16973 16984 I art     : Starting a blocking GC Explicit
08-04 11:26:59.913 16973 16984 I art     : Explicit concurrent mark sweep GC freed 3(96B) AllocSpace objects, 0(0B) LOS objects, 31% free, 35MB/51MB, paused 648us total 23.706ms
08-04 11:26:59.922 16973 16984 I art     : Starting a blocking GC Explicit
08-04 11:26:59.948 16973 16984 I art     : Explicit concurrent mark sweep GC freed 3(96B) AllocSpace objects, 0(0B) LOS objects, 31% free, 35MB/51MB, paused 646us total 25.779ms
08-04 11:27:00.223   518   646 I ThermalEngine: ACTION: GPU - Setting GPU[0] to 510000000
08-04 11:27:00.288 16973 16985 I art     : Starting a blocking GC Explicit
08-04 11:27:00.322 16973 16985 I art     : Explicit concurrent mark sweep GC freed 1636(94KB) AllocSpace objects, 1(20KB) LOS objects, 31% free, 35MB/51MB, paused 1.028ms total 33.866ms
08-04 11:27:00.335 16973 16985 I art     : Starting a blocking GC Explicit
08-04 11:27:00.369 16973 16985 I art     : Explicit concurrent mark sweep GC freed 30(1104B) AllocSpace objects, 0(0B) LOS objects, 31% free, 35MB/51MB, paused 962us total 33.865ms
08-04 11:27:00.381 16973 16985 I art     : Starting a blocking GC Explicit
08-04 11:27:00.416 16973 16985 I art     : Explicit concurrent mark sweep GC freed 3(96B) AllocSpace objects, 0(0B) LOS objects, 31% free, 35MB/51MB, paused 905us total 34.882ms
08-04 11:27:00.428 16973 16985 I art     : Starting a blocking GC Explicit
08-04 11:27:00.463 16973 16985 I art     : Explicit concurrent mark sweep GC freed 3(96B) AllocSpace objects, 0(0B) LOS objects, 31% free, 35MB/51MB, paused 1.343ms total 35.310ms
08-04 11:27:00.474 16973 16985 I art     : Starting a blocking GC Explicit
08-04 11:27:00.507 16973 16985 I art     : Explicit concurrent mark sweep GC freed 3(96B) AllocSpace objects, 0(0B) LOS objects, 31% free, 35MB/51MB, paused 1.184ms total 33.294ms
08-04 11:27:00.848 16973 17052 I art     : Starting a blocking GC Explicit
08-04 11:27:00.884 16973 17052 I art     : Explicit concurrent mark sweep GC freed 1637(94KB) AllocSpace objects, 1(20KB) LOS objects, 31% free, 35MB/51MB, paused 920us total 35.522ms
08-04 11:27:00.895 16973 17052 I art     : Starting a blocking GC Explicit
08-04 11:27:00.930 16973 17052 I art     : Explicit concurrent mark sweep GC freed 30(1104B) AllocSpace objects, 0(0B) LOS objects, 31% free, 35MB/51MB, paused 1.187ms total 34.837ms
08-04 11:27:00.941 16973 17052 I art     : Starting a blocking GC Explicit
08-04 11:27:00.974 16973 17052 I art     : Explicit concurrent mark sweep GC freed 3(96B) AllocSpace objects, 0(0B) LOS objects, 31% free, 35MB/51MB, paused 1.030ms total 32.970ms
08-04 11:27:00.986 16973 17052 I art     : Starting a blocking GC Explicit
08-04 11:27:01.020 16973 17052 I art     : Explicit concurrent mark sweep GC freed 3(96B) AllocSpace objects, 0(0B) LOS objects, 31% free, 35MB/51MB, paused 962us total 33.332ms
08-04 11:27:01.032 16973 17052 I art     : Starting a blocking GC Explicit
08-04 11:27:01.067 16973 17052 I art     : Explicit concurrent mark sweep GC freed 3(96B) AllocSpace objects, 0(0B) LOS objects, 31% free, 35MB/51MB, paused 1.021ms total 34.531ms
08-04 11:27:01.075 16973 17589 D CustomInterceptor: NETWORK-PROVIDER https://www.newsblur.com/reader/mark_story_hashes_as_read/
08-04 11:27:01.075 16973 17589 D CustomInterceptor: HEADER REQUEST
08-04 11:27:01.075 16973 17589 D CustomInterceptor: Cache-Control max-age=300, max-stale=300
08-04 11:27:01.075 16973 17589 D CustomInterceptor: Cookie newsblur_sessionid=qlbd3ilzka7q9q07v2htr96j75kh6za7; Domain=.newsblur.com; expires=Wed, 03 Aug 2022 21:07:45 GMT; Max-Age=63072000; Path=/
08-04 11:27:01.075 16973 17589 D CustomInterceptor: CACHED STATS: size = '8', maxSize = '100', hitCount = '8', createCount = '0', putCount = '8', evictionCount = '0', missCount = '21', toString = 'LruCache[maxSize=100,hits=8,misses=21,hitRate=27%]', 
08-04 11:27:01.075 16973 17589 D CustomInterceptor: PREFLIB NOT A GET REQUEST OR NOT IN CACHEPOST
08-04 11:27:01.392 16973 16985 I art     : Starting a blocking GC Explicit
08-04 11:27:01.428 16973 16985 I art     : Explicit concurrent mark sweep GC freed 1866(107KB) AllocSpace objects, 1(20KB) LOS objects, 31% free, 35MB/51MB, paused 1.229ms total 35.380ms
08-04 11:27:01.439 16973 16985 I art     : Starting a blocking GC Explicit
08-04 11:27:01.472 16973 16985 I art     : Explicit concurrent mark sweep GC freed 44(1696B) AllocSpace objects, 0(0B) LOS objects, 31% free, 35MB/51MB, paused 1.101ms total 32.840ms
08-04 11:27:01.485 16973 16985 I art     : Starting a blocking GC Explicit
08-04 11:27:01.519 16973 16985 I art     : Explicit concurrent mark sweep GC freed 3(96B) AllocSpace objects, 0(0B) LOS objects, 31% free, 35MB/51MB, paused 959us total 34.130ms
08-04 11:27:01.532 16973 16985 I art     : Starting a blocking GC Explicit
08-04 11:27:01.568 16973 16985 I art     : Explicit concurrent mark sweep GC freed 3(96B) AllocSpace objects, 0(0B) LOS objects, 31% free, 35MB/51MB, paused 1.033ms total 35.422ms
08-04 11:27:01.579 16973 16985 I art     : Starting a blocking GC Explicit
08-04 11:27:01.609 16973 16985 I art     : Explicit concurrent mark sweep GC freed 360(15KB) AllocSpace objects, 0(0B) LOS objects, 31% free, 35MB/51MB, paused 1.285ms total 29.795ms
08-04 11:27:01.652 16973 17589 D CustomInterceptor: Interceptor exiting with exception java.io.IOException: unexpected end of stream on https://www.newsblur.com/...
08-04 11:27:01.652 16973 17589 W System.err: java.io.IOException: unexpected end of stream on https://www.newsblur.com/...
08-04 11:27:01.653 16973 17589 W System.err: 	at okhttp3.internal.http1.Http1ExchangeCodec.readResponseHeaders(Http1ExchangeCodec.java:236)
08-04 11:27:01.653 16973 17589 W System.err: 	at okhttp3.internal.connection.Exchange.readResponseHeaders(Exchange.java:115)
08-04 11:27:01.653 16973 17589 W System.err: 	at okhttp3.internal.http.CallServerInterceptor.intercept(CallServerInterceptor.java:94)
08-04 11:27:01.654 16973 17589 W System.err: 	at okhttp3.internal.http.RealInterceptorChain.proceed(RealInterceptorChain.java:142)
08-04 11:27:01.654 16973 17589 W System.err: 	at okhttp3.internal.connection.ConnectInterceptor.intercept(ConnectInterceptor.java:43)
08-04 11:27:01.654 16973 17589 W System.err: 	at okhttp3.internal.http.RealInterceptorChain.proceed(RealInterceptorChain.java:142)
08-04 11:27:01.654 16973 17589 W System.err: 	at okhttp3.internal.http.RealInterceptorChain.proceed(RealInterceptorChain.java:117)
08-04 11:27:01.654 16973 17589 W System.err: 	at okhttp3.internal.cache.CacheInterceptor.intercept(CacheInterceptor.java:94)
08-04 11:27:01.654 16973 17589 W System.err: 	at okhttp3.internal.http.RealInterceptorChain.proceed(RealInterceptorChain.java:142)
08-04 11:27:01.654 16973 17589 W System.err: 	at okhttp3.internal.http.RealInterceptorChain.proceed(RealInterceptorChain.java:117)
08-04 11:27:01.654 16973 17589 W System.err: 	at okhttp3.internal.http.BridgeInterceptor.intercept(BridgeInterceptor.java:93)
08-04 11:27:01.654 16973 17589 W System.err: 	at okhttp3.internal.http.RealInterceptorChain.proceed(RealInterceptorChain.java:142)
08-04 11:27:01.654 16973 17589 W System.err: 	at okhttp3.internal.http.RetryAndFollowUpInterceptor.intercept(RetryAndFollowUpInterceptor.java:88)
08-04 11:27:01.654 16973 17589 W System.err: 	at okhttp3.internal.http.RealInterceptorChain.proceed(RealInterceptorChain.java:142)
08-04 11:27:01.654 16973 17589 W System.err: 	at okhttp3.internal.http.RealInterceptorChain.proceed(RealInterceptorChain.java:117)
08-04 11:27:01.654 16973 17589 W System.err: 	at nl.vu.cs.s2group.nappa.Nappa$CustomInterceptor.intercept(Nappa.java:875)
08-04 11:27:01.655 16973 17589 W System.err: 	at okhttp3.internal.http.RealInterceptorChain.proceed(RealInterceptorChain.java:142)
08-04 11:27:01.655 16973 17589 W System.err: 	at okhttp3.internal.http.RealInterceptorChain.proceed(RealInterceptorChain.java:117)
08-04 11:27:01.655 16973 17589 W System.err: 	at okhttp3.RealCall.getResponseWithInterceptorChain(RealCall.java:229)
08-04 11:27:01.655 16973 17589 W System.err: 	at okhttp3.RealCall.execute(RealCall.java:81)
08-04 11:27:01.655 16973 17589 W System.err: 	at nappagreedy.com.newsblur.network.APIResponse.<init>(APIResponse.java:57)
08-04 11:27:01.655 16973 17589 W System.err: 	at nappagreedy.com.newsblur.network.APIResponse.<init>(APIResponse.java:43)
08-04 11:27:01.655 16973 17589 W System.err: 	at nappagreedy.com.newsblur.network.APIManager.post_single(APIManager.java:703)
08-04 11:27:01.655 16973 17589 W System.err: 	at nappagreedy.com.newsblur.network.APIManager.post(APIManager.java:676)
08-04 11:27:01.655 16973 17589 W System.err: 	at nappagreedy.com.newsblur.network.APIManager.post(APIManager.java:715)
08-04 11:27:01.655 16973 17589 W System.err: 	at nappagreedy.com.newsblur.network.APIManager.markStoryAsRead(APIManager.java:206)
08-04 11:27:01.655 16973 17589 W System.err: 	at nappagreedy.com.newsblur.util.ReadingAction.doRemote(ReadingAction.java:281)
08-04 11:27:01.655 16973 17589 W System.err: 	at nappagreedy.com.newsblur.service.NBSyncService.syncActions(NBSyncService.java:400)
08-04 11:27:01.655 16973 17589 W System.err: 	at nappagreedy.com.newsblur.service.NBSyncService.doSync(NBSyncService.java:298)
08-04 11:27:01.656 16973 17589 W System.err: 	at nappagreedy.com.newsblur.service.NBSyncService.access$100(NBSyncService.java:67)
08-04 11:27:01.656 16973 17589 W System.err: 	at nappagreedy.com.newsblur.service.NBSyncService$1.run(NBSyncService.java:188)
08-04 11:27:01.656 16973 17589 W System.err: 	at java.util.concurrent.ThreadPoolExecutor.runWorker(ThreadPoolExecutor.java:1113)
08-04 11:27:01.656 16973 17589 W System.err: 	at java.util.concurrent.ThreadPoolExecutor$Worker.run(ThreadPoolExecutor.java:588)
08-04 11:27:01.656 16973 17589 W System.err: 	at java.lang.Thread.run(Thread.java:818)
08-04 11:27:01.656 16973 17589 W System.err: Caused by: java.io.EOFException: \n not found: limit=0 content=
08-04 11:27:01.657 16973 17589 W System.err: 	at okio.RealBufferedSource.readUtf8LineStrict(RealBufferedSource.java:240)
08-04 11:27:01.657 16973 17589 W System.err: 	at okhttp3.internal.http1.Http1ExchangeCodec.readHeaderLine(Http1ExchangeCodec.java:242)
08-04 11:27:01.657 16973 17589 W System.err: 	at okhttp3.internal.http1.Http1ExchangeCodec.readResponseHeaders(Http1ExchangeCodec.java:213)
08-04 11:27:01.657 16973 17589 W System.err: 	... 33 more
08-04 11:27:01.657 16973 17589 D CustomInterceptor: interceptor_finished : return_type #4 : interceptor failed, resuming the request chain with the original request
08-04 11:27:01.938 16973 16984 I art     : Starting a blocking GC Explicit
08-04 11:27:01.972 16973 16984 I art     : Explicit concurrent mark sweep GC freed 3720(214KB) AllocSpace objects, 1(20KB) LOS objects, 31% free, 35MB/51MB, paused 1.070ms total 34.693ms
08-04 11:27:01.985 16973 16984 I art     : Starting a blocking GC Explicit
08-04 11:27:02.020 16973 16984 I art     : Explicit concurrent mark sweep GC freed 449(19KB) AllocSpace objects, 0(0B) LOS objects, 31% free, 35MB/51MB, paused 1.123ms total 34.945ms
08-04 11:27:02.032 16973 16984 I art     : Starting a blocking GC Explicit
08-04 11:27:02.068 16973 16984 I art     : Explicit concurrent mark sweep GC freed 1361(50KB) AllocSpace objects, 0(0B) LOS objects, 31% free, 35MB/51MB, paused 1.209ms total 35.426ms
08-04 11:27:02.071 16973 17589 E nappagreedy.com.newsblur.network.APIResponse: Error (unexpected end of stream on https://www.newsblur.com/...) calling https://www.newsblur.com/reader/mark_story_hashes_as_read/
08-04 11:27:02.071 16973 17589 E nappagreedy.com.newsblur.network.APIResponse: java.io.IOException: unexpected end of stream on https://www.newsblur.com/...
08-04 11:27:02.071 16973 17589 E nappagreedy.com.newsblur.network.APIResponse: 	at okhttp3.internal.http1.Http1ExchangeCodec.readResponseHeaders(Http1ExchangeCodec.java:236)
08-04 11:27:02.071 16973 17589 E nappagreedy.com.newsblur.network.APIResponse: 	at okhttp3.internal.connection.Exchange.readResponseHeaders(Exchange.java:115)
08-04 11:27:02.071 16973 17589 E nappagreedy.com.newsblur.network.APIResponse: 	at okhttp3.internal.http.CallServerInterceptor.intercept(CallServerInterceptor.java:94)
08-04 11:27:02.071 16973 17589 E nappagreedy.com.newsblur.network.APIResponse: 	at okhttp3.internal.http.RealInterceptorChain.proceed(RealInterceptorChain.java:142)
08-04 11:27:02.071 16973 17589 E nappagreedy.com.newsblur.network.APIResponse: 	at okhttp3.internal.connection.ConnectInterceptor.intercept(ConnectInterceptor.java:43)
08-04 11:27:02.071 16973 17589 E nappagreedy.com.newsblur.network.APIResponse: 	at okhttp3.internal.http.RealInterceptorChain.proceed(RealInterceptorChain.java:142)
08-04 11:27:02.071 16973 17589 E nappagreedy.com.newsblur.network.APIResponse: 	at okhttp3.internal.http.RealInterceptorChain.proceed(RealInterceptorChain.java:117)
08-04 11:27:02.071 16973 17589 E nappagreedy.com.newsblur.network.APIResponse: 	at okhttp3.internal.cache.CacheInterceptor.intercept(CacheInterceptor.java:94)
08-04 11:27:02.071 16973 17589 E nappagreedy.com.newsblur.network.APIResponse: 	at okhttp3.internal.http.RealInterceptorChain.proceed(RealInterceptorChain.java:142)
08-04 11:27:02.071 16973 17589 E nappagreedy.com.newsblur.network.APIResponse: 	at okhttp3.internal.http.RealInterceptorChain.proceed(RealInterceptorChain.java:117)
08-04 11:27:02.071 16973 17589 E nappagreedy.com.newsblur.network.APIResponse: 	at okhttp3.internal.http.BridgeInterceptor.intercept(BridgeInterceptor.java:93)
08-04 11:27:02.071 16973 17589 E nappagreedy.com.newsblur.network.APIResponse: 	at okhttp3.internal.http.RealInterceptorChain.proceed(RealInterceptorChain.java:142)
08-04 11:27:02.071 16973 17589 E nappagreedy.com.newsblur.network.APIResponse: 	at okhttp3.internal.http.RetryAndFollowUpInterceptor.intercept(RetryAndFollowUpInterceptor.java:88)
08-04 11:27:02.071 16973 17589 E nappagreedy.com.newsblur.network.APIResponse: 	at okhttp3.internal.http.RealInterceptorChain.proceed(RealInterceptorChain.java:142)
08-04 11:27:02.071 16973 17589 E nappagreedy.com.newsblur.network.APIResponse: 	at okhttp3.internal.http.RealInterceptorChain.proceed(RealInterceptorChain.java:117)
08-04 11:27:02.071 16973 17589 E nappagreedy.com.newsblur.network.APIResponse: 	at nl.vu.cs.s2group.nappa.Nappa$CustomInterceptor.intercept(Nappa.java:970)
08-04 11:27:02.071 16973 17589 E nappagreedy.com.newsblur.network.APIResponse: 	at okhttp3.internal.http.RealInterceptorChain.proceed(RealInterceptorChain.java:142)
08-04 11:27:02.071 16973 17589 E nappagreedy.com.newsblur.network.APIResponse: 	at okhttp3.internal.http.RealInterceptorChain.proceed(RealInterceptorChain.java:117)
08-04 11:27:02.071 16973 17589 E nappagreedy.com.newsblur.network.APIResponse: 	at okhttp3.RealCall.getResponseWithInterceptorChain(RealCall.java:229)
08-04 11:27:02.071 16973 17589 E nappagreedy.com.newsblur.network.APIResponse: 	at okhttp3.RealCall.execute(RealCall.java:81)
08-04 11:27:02.071 16973 17589 E nappagreedy.com.newsblur.network.APIResponse: 	at nappagreedy.com.newsblur.network.APIResponse.<init>(APIResponse.java:57)
08-04 11:27:02.071 16973 17589 E nappagreedy.com.newsblur.network.APIResponse: 	at nappagreedy.com.newsblur.network.APIResponse.<init>(APIResponse.java:43)
08-04 11:27:02.071 16973 17589 E nappagreedy.com.newsblur.network.APIResponse: 	at nappagreedy.com.newsblur.network.APIManager.post_single(APIManager.java:703)
08-04 11:27:02.071 16973 17589 E nappagreedy.com.newsblur.network.APIResponse: 	at nappagreedy.com.newsblur.network.APIManager.post(APIManager.java:676)
08-04 11:27:02.071 16973 17589 E nappagreedy.com.newsblur.network.APIResponse: 	at nappagreedy.com.newsblur.network.APIManager.post(APIManager.java:715)
08-04 11:27:02.071 16973 17589 E nappagreedy.com.newsblur.network.APIResponse: 	at nappagreedy.com.newsblur.network.APIManager.markStoryAsRead(APIManager.java:206)
08-04 11:27:02.071 16973 17589 E nappagreedy.com.newsblur.network.APIResponse: 	at nappagreedy.com.newsblur.util.ReadingAction.doRemote(ReadingAction.java:281)
08-04 11:27:02.071 16973 17589 E nappagreedy.com.newsblur.network.APIResponse: 	at nappagreedy.com.newsblur.service.NBSyncService.syncActions(NBSyncService.java:400)
08-04 11:27:02.071 16973 17589 E nappagreedy.com.newsblur.network.APIResponse: 	at nappagreedy.com.newsblur.service.NBSyncService.doSync(NBSyncService.java:298)
08-04 11:27:02.071 16973 17589 E nappagreedy.com.newsblur.network.APIResponse: 	at nappagreedy.com.newsblur.service.NBSyncService.access$100(NBSyncService.java:67)
08-04 11:27:02.071 16973 17589 E nappagreedy.com.newsblur.network.APIResponse: 	at nappagreedy.com.newsblur.service.NBSyncService$1.run(NBSyncService.java:188)
08-04 11:27:02.071 16973 17589 E nappagreedy.com.newsblur.network.APIResponse: 	at java.util.concurrent.ThreadPoolExecutor.runWorker(ThreadPoolExecutor.java:1113)
08-04 11:27:02.071 16973 17589 E nappagreedy.com.newsblur.network.APIResponse: 	at java.util.concurrent.ThreadPoolExecutor$Worker.run(ThreadPoolExecutor.java:588)
08-04 11:27:02.071 16973 17589 E nappagreedy.com.newsblur.network.APIResponse: 	at java.lang.Thread.run(Thread.java:818)
08-04 11:27:02.071 16973 17589 E nappagreedy.com.newsblur.network.APIResponse: Caused by: java.io.EOFException: \n not found: limit=0 content=
08-04 11:27:02.071 16973 17589 E nappagreedy.com.newsblur.network.APIResponse: 	at okio.RealBufferedSource.readUtf8LineStrict(RealBufferedSource.java:240)
08-04 11:27:02.071 16973 17589 E nappagreedy.com.newsblur.network.APIResponse: 	at okhttp3.internal.http1.Http1ExchangeCodec.readHeaderLine(Http1ExchangeCodec.java:242)
08-04 11:27:02.071 16973 17589 E nappagreedy.com.newsblur.network.APIResponse: 	at okhttp3.internal.http1.Http1ExchangeCodec.readResponseHeaders(Http1ExchangeCodec.java:213)
08-04 11:27:02.071 16973 17589 E nappagreedy.com.newsblur.network.APIResponse: 	... 33 more
08-04 11:27:02.073 16973 17589 I nappagreedy.com.newsblur.service.NBSyncService: Holding reading action with server-side or network error.
08-04 11:27:02.080 16973 16984 I art     : Starting a blocking GC Explicit
08-04 11:27:02.102 16973 17589 W nappagreedy.com.newsblur.service.NBSyncService: hard API failure
08-04 11:27:02.112 16973 16984 I art     : Explicit concurrent mark sweep GC freed 1156(256KB) AllocSpace objects, 4(80KB) LOS objects, 31% free, 35MB/51MB, paused 1.458ms total 32.430ms
08-04 11:27:02.123 16973 16984 I art     : Starting a blocking GC Explicit
08-04 11:27:02.149 16973 16984 I art     : Explicit concurrent mark sweep GC freed 811(171KB) AllocSpace objects, 11(220KB) LOS objects, 31% free, 35MB/51MB, paused 873us total 26.328ms
08-04 11:27:02.485 16973 17052 I art     : Starting a blocking GC Explicit
08-04 11:27:02.518 16973 17052 I art     : Explicit concurrent mark sweep GC freed 2030(108KB) AllocSpace objects, 1(20KB) LOS objects, 31% free, 35MB/51MB, paused 1.136ms total 32.694ms
08-04 11:27:02.532 16973 17052 I art     : Starting a blocking GC Explicit
08-04 11:27:02.560 16973 17052 I art     : Explicit concurrent mark sweep GC freed 28(1024B) AllocSpace objects, 0(0B) LOS objects, 31% free, 35MB/51MB, paused 931us total 28.158ms
08-04 11:27:02.569 16973 17052 I art     : Starting a blocking GC Explicit
08-04 11:27:02.599 16973 17052 I art     : Explicit concurrent mark sweep GC freed 3(96B) AllocSpace objects, 0(0B) LOS objects, 31% free, 35MB/51MB, paused 991us total 29.042ms
08-04 11:27:02.608 16973 17052 I art     : Starting a blocking GC Explicit
08-04 11:27:02.638 16973 17052 I art     : Explicit concurrent mark sweep GC freed 3(96B) AllocSpace objects, 0(0B) LOS objects, 31% free, 35MB/51MB, paused 963us total 29.460ms
08-04 11:27:02.647 16973 17052 I art     : Starting a blocking GC Explicit
08-04 11:27:02.678 16973 17052 I art     : Explicit concurrent mark sweep GC freed 3(96B) AllocSpace objects, 0(0B) LOS objects, 31% free, 35MB/51MB, paused 1.049ms total 30.037ms
08-04 11:27:03.007 16973 16985 I art     : Starting a blocking GC Explicit
08-04 11:27:03.041 16973 16985 I art     : Explicit concurrent mark sweep GC freed 1599(92KB) AllocSpace objects, 1(20KB) LOS objects, 31% free, 35MB/51MB, paused 978us total 33.781ms
08-04 11:27:03.054 16973 16985 I art     : Starting a blocking GC Explicit
08-04 11:27:03.083 16973 16985 I art     : Explicit concurrent mark sweep GC freed 28(1024B) AllocSpace objects, 0(0B) LOS objects, 31% free, 35MB/51MB, paused 983us total 29.099ms
08-04 11:27:03.093 16973 16985 I art     : Starting a blocking GC Explicit
08-04 11:27:03.121 16973 16985 I art     : Explicit concurrent mark sweep GC freed 3(96B) AllocSpace objects, 0(0B) LOS objects, 31% free, 35MB/51MB, paused 925us total 27.682ms
08-04 11:27:03.131 16973 16985 I art     : Starting a blocking GC Explicit
08-04 11:27:03.158 16973 16985 I art     : Explicit concurrent mark sweep GC freed 3(96B) AllocSpace objects, 0(0B) LOS objects, 31% free, 35MB/51MB, paused 1ms total 26.037ms
08-04 11:27:03.166 16973 16985 I art     : Starting a blocking GC Explicit
08-04 11:27:03.193 16973 16985 I art     : Explicit concurrent mark sweep GC freed 3(96B) AllocSpace objects, 0(0B) LOS objects, 31% free, 35MB/51MB, paused 948us total 26.145ms
08-04 11:27:03.512 16973 16984 I art     : Starting a blocking GC Explicit
08-04 11:27:03.542 16973 16984 I art     : Explicit concurrent mark sweep GC freed 1599(92KB) AllocSpace objects, 1(20KB) LOS objects, 31% free, 35MB/51MB, paused 940us total 29.117ms
08-04 11:27:03.551 16973 16984 I art     : Starting a blocking GC Explicit
08-04 11:27:03.580 16973 16984 I art     : Explicit concurrent mark sweep GC freed 28(1024B) AllocSpace objects, 0(0B) LOS objects, 31% free, 35MB/51MB, paused 946us total 28.860ms
08-04 11:27:03.590 16973 16984 I art     : Starting a blocking GC Explicit
08-04 11:27:03.619 16973 16984 I art     : Explicit concurrent mark sweep GC freed 3(96B) AllocSpace objects, 0(0B) LOS objects, 31% free, 35MB/51MB, paused 922us total 28.983ms
08-04 11:27:03.629 16973 16984 I art     : Starting a blocking GC Explicit
08-04 11:27:03.658 16973 16984 I art     : Explicit concurrent mark sweep GC freed 3(96B) AllocSpace objects, 0(0B) LOS objects, 31% free, 35MB/51MB, paused 993us total 29.497ms
08-04 11:27:03.668 16973 16984 I art     : Starting a blocking GC Explicit
08-04 11:27:03.698 16973 16984 I art     : Explicit concurrent mark sweep GC freed 3(96B) AllocSpace objects, 0(0B) LOS objects, 31% free, 35MB/51MB, paused 1.029ms total 29.867ms
08-04 11:27:04.038 16973 17052 I art     : Starting a blocking GC Explicit
08-04 11:27:04.068 16973 17052 I art     : Explicit concurrent mark sweep GC freed 1599(92KB) AllocSpace objects, 1(20KB) LOS objects, 31% free, 35MB/51MB, paused 1.013ms total 30.049ms
08-04 11:27:04.078 16973 17052 I art     : Starting a blocking GC Explicit
08-04 11:27:04.108 16973 17052 I art     : Explicit concurrent mark sweep GC freed 28(1024B) AllocSpace objects, 0(0B) LOS objects, 31% free, 35MB/51MB, paused 1.010ms total 29.925ms
08-04 11:27:04.118 16973 17052 I art     : Starting a blocking GC Explicit
08-04 11:27:04.148 16973 17052 I art     : Explicit concurrent mark sweep GC freed 3(96B) AllocSpace objects, 0(0B) LOS objects, 31% free, 35MB/51MB, paused 1.078ms total 29.830ms
08-04 11:27:04.158 16973 17052 I art     : Starting a blocking GC Explicit
08-04 11:27:04.188 16973 17052 I art     : Explicit concurrent mark sweep GC freed 3(96B) AllocSpace objects, 0(0B) LOS objects, 31% free, 35MB/51MB, paused 995us total 30.430ms
08-04 11:27:04.198 16973 17052 I art     : Starting a blocking GC Explicit
08-04 11:27:04.229 16973 17052 I art     : Explicit concurrent mark sweep GC freed 3(96B) AllocSpace objects, 0(0B) LOS objects, 31% free, 35MB/51MB, paused 1.016ms total 30.707ms
08-04 11:27:04.568 16973 16985 I art     : Starting a blocking GC Explicit
08-04 11:27:04.601 16973 16985 I art     : Explicit concurrent mark sweep GC freed 1599(92KB) AllocSpace objects, 1(20KB) LOS objects, 31% free, 35MB/51MB, paused 1.001ms total 32.212ms
08-04 11:27:04.612 16973 16985 I art     : Starting a blocking GC Explicit
08-04 11:27:04.642 16973 16985 I art     : Explicit concurrent mark sweep GC freed 28(1024B) AllocSpace objects, 0(0B) LOS objects, 31% free, 35MB/51MB, paused 977us total 28.976ms
08-04 11:27:04.651 16973 16985 I art     : Starting a blocking GC Explicit
08-04 11:27:04.680 16973 16985 I art     : Explicit concurrent mark sweep GC freed 3(96B) AllocSpace objects, 0(0B) LOS objects, 31% free, 35MB/51MB, paused 997us total 28.759ms
08-04 11:27:04.689 16973 16985 I art     : Starting a blocking GC Explicit
08-04 11:27:04.719 16973 16985 I art     : Explicit concurrent mark sweep GC freed 3(96B) AllocSpace objects, 0(0B) LOS objects, 31% free, 35MB/51MB, paused 999us total 29.938ms
08-04 11:27:04.729 16973 16985 I art     : Starting a blocking GC Explicit
08-04 11:27:04.759 16973 16985 I art     : Explicit concurrent mark sweep GC freed 14(944B) AllocSpace objects, 0(0B) LOS objects, 31% free, 35MB/51MB, paused 1.003ms total 29.441ms
08-04 11:27:05.099 16973 16984 I art     : Starting a blocking GC Explicit
08-04 11:27:05.131 16973 16984 I art     : Explicit concurrent mark sweep GC freed 1607(92KB) AllocSpace objects, 1(20KB) LOS objects, 31% free, 35MB/51MB, paused 970us total 31.705ms
08-04 11:27:05.141 16973 16984 I art     : Starting a blocking GC Explicit
08-04 11:27:05.171 16973 16984 I art     : Explicit concurrent mark sweep GC freed 34(1248B) AllocSpace objects, 0(0B) LOS objects, 31% free, 35MB/51MB, paused 961us total 29.662ms
08-04 11:27:05.181 16973 16984 I art     : Starting a blocking GC Explicit
08-04 11:27:05.211 16973 16984 I art     : Explicit concurrent mark sweep GC freed 3(96B) AllocSpace objects, 0(0B) LOS objects, 31% free, 35MB/51MB, paused 978us total 30.174ms
08-04 11:27:05.221 16973 16984 I art     : Starting a blocking GC Explicit
08-04 11:27:05.229   518   646 I ThermalEngine: ACTION: GPU - Setting GPU[0] to 600000000
08-04 11:27:05.251 16973 16984 I art     : Explicit concurrent mark sweep GC freed 3(96B) AllocSpace objects, 0(0B) LOS objects, 31% free, 35MB/51MB, paused 936us total 30.126ms
08-04 11:27:05.261 16973 16984 I art     : Starting a blocking GC Explicit
08-04 11:27:05.289 16973 16984 I art     : Explicit concurrent mark sweep GC freed 3(96B) AllocSpace objects, 0(0B) LOS objects, 31% free, 35MB/51MB, paused 681us total 27.564ms
08-04 11:27:05.685 16973 16984 I art     : Starting a blocking GC Explicit
08-04 11:27:05.716 16973 16984 I art     : Explicit concurrent mark sweep GC freed 1599(92KB) AllocSpace objects, 1(20KB) LOS objects, 31% free, 35MB/51MB, paused 839us total 30.303ms
08-04 11:27:05.729 16973 16984 I art     : Starting a blocking GC Explicit
08-04 11:27:05.752 16973 16984 I art     : Explicit concurrent mark sweep GC freed 34(1248B) AllocSpace objects, 0(0B) LOS objects, 31% free, 35MB/51MB, paused 653us total 23.077ms
08-04 11:27:05.760 16973 16984 I art     : Starting a blocking GC Explicit
08-04 11:27:05.783 16973 16984 I art     : Explicit concurrent mark sweep GC freed 3(96B) AllocSpace objects, 0(0B) LOS objects, 31% free, 35MB/51MB, paused 711us total 23.404ms
08-04 11:27:05.791 16973 16984 I art     : Starting a blocking GC Explicit
08-04 11:27:05.814 16973 16984 I art     : Explicit concurrent mark sweep GC freed 3(96B) AllocSpace objects, 0(0B) LOS objects, 31% free, 35MB/51MB, paused 706us total 23.241ms
