08-04 21:17:33.377 28313 15764 I art     : Explicit concurrent mark sweep GC freed 4061(234KB) AllocSpace objects, 1(20KB) LOS objects, 30% free, 36MB/52MB, paused 1.459ms total 47.462ms
08-04 21:17:33.391 28313 15764 I art     : Starting a blocking GC Explicit
08-04 21:17:33.435 28313 15764 I art     : Explicit concurrent mark sweep GC freed 115(4KB) AllocSpace objects, 0(0B) LOS objects, 30% free, 36MB/52MB, paused 1.656ms total 44.264ms
08-04 21:17:33.448 28313 15764 I art     : Starting a blocking GC Explicit
08-04 21:17:33.493 28313 15764 I art     : Explicit concurrent mark sweep GC freed 3(96B) AllocSpace objects, 0(0B) LOS objects, 30% free, 36MB/52MB, paused 1.420ms total 44.145ms
08-04 21:17:33.506 28313 15764 I art     : Starting a blocking GC Explicit
08-04 21:17:33.551 28313 15764 I art     : Explicit concurrent mark sweep GC freed 3(96B) AllocSpace objects, 0(0B) LOS objects, 30% free, 36MB/52MB, paused 1.650ms total 45.261ms
08-04 21:17:33.564 28313 15764 I art     : Starting a blocking GC Explicit
08-04 21:17:33.610 28313 15764 I art     : Explicit concurrent mark sweep GC freed 3(96B) AllocSpace objects, 0(0B) LOS objects, 30% free, 36MB/52MB, paused 1.512ms total 45.727ms
08-04 21:17:33.742 28313 16413 E nappagreedy.com.newsblur.network.APIResponse: Error (unexpected end of stream on https://www.newsblur.com/...) calling https://www.newsblur.com/reader/mark_story_hashes_as_read/
08-04 21:17:33.742 28313 16413 E nappagreedy.com.newsblur.network.APIResponse: java.io.IOException: unexpected end of stream on https://www.newsblur.com/...
08-04 21:17:33.742 28313 16413 E nappagreedy.com.newsblur.network.APIResponse: 	at okhttp3.internal.http1.Http1ExchangeCodec.readResponseHeaders(Http1ExchangeCodec.java:236)
08-04 21:17:33.742 28313 16413 E nappagreedy.com.newsblur.network.APIResponse: 	at okhttp3.internal.connection.Exchange.readResponseHeaders(Exchange.java:115)
08-04 21:17:33.742 28313 16413 E nappagreedy.com.newsblur.network.APIResponse: 	at okhttp3.internal.http.CallServerInterceptor.intercept(CallServerInterceptor.java:94)
08-04 21:17:33.742 28313 16413 E nappagreedy.com.newsblur.network.APIResponse: 	at okhttp3.internal.http.RealInterceptorChain.proceed(RealInterceptorChain.java:142)
08-04 21:17:33.742 28313 16413 E nappagreedy.com.newsblur.network.APIResponse: 	at okhttp3.internal.connection.ConnectInterceptor.intercept(ConnectInterceptor.java:43)
08-04 21:17:33.742 28313 16413 E nappagreedy.com.newsblur.network.APIResponse: 	at okhttp3.internal.http.RealInterceptorChain.proceed(RealInterceptorChain.java:142)
08-04 21:17:33.742 28313 16413 E nappagreedy.com.newsblur.network.APIResponse: 	at okhttp3.internal.http.RealInterceptorChain.proceed(RealInterceptorChain.java:117)
08-04 21:17:33.742 28313 16413 E nappagreedy.com.newsblur.network.APIResponse: 	at okhttp3.internal.cache.CacheInterceptor.intercept(CacheInterceptor.java:94)
08-04 21:17:33.742 28313 16413 E nappagreedy.com.newsblur.network.APIResponse: 	at okhttp3.internal.http.RealInterceptorChain.proceed(RealInterceptorChain.java:142)
08-04 21:17:33.742 28313 16413 E nappagreedy.com.newsblur.network.APIResponse: 	at okhttp3.internal.http.RealInterceptorChain.proceed(RealInterceptorChain.java:117)
08-04 21:17:33.742 28313 16413 E nappagreedy.com.newsblur.network.APIResponse: 	at okhttp3.internal.http.BridgeInterceptor.intercept(BridgeInterceptor.java:93)
08-04 21:17:33.742 28313 16413 E nappagreedy.com.newsblur.network.APIResponse: 	at okhttp3.internal.http.RealInterceptorChain.proceed(RealInterceptorChain.java:142)
08-04 21:17:33.742 28313 16413 E nappagreedy.com.newsblur.network.APIResponse: 	at okhttp3.internal.http.RetryAndFollowUpInterceptor.intercept(RetryAndFollowUpInterceptor.java:88)
08-04 21:17:33.742 28313 16413 E nappagreedy.com.newsblur.network.APIResponse: 	at okhttp3.internal.http.RealInterceptorChain.proceed(RealInterceptorChain.java:142)
08-04 21:17:33.742 28313 16413 E nappagreedy.com.newsblur.network.APIResponse: 	at okhttp3.internal.http.RealInterceptorChain.proceed(RealInterceptorChain.java:117)
08-04 21:17:33.742 28313 16413 E nappagreedy.com.newsblur.network.APIResponse: 	at nl.vu.cs.s2group.nappa.Nappa$CustomInterceptor.intercept(Nappa.java:970)
08-04 21:17:33.742 28313 16413 E nappagreedy.com.newsblur.network.APIResponse: 	at okhttp3.internal.http.RealInterceptorChain.proceed(RealInterceptorChain.java:142)
08-04 21:17:33.742 28313 16413 E nappagreedy.com.newsblur.network.APIResponse: 	at okhttp3.internal.http.RealInterceptorChain.proceed(RealInterceptorChain.java:117)
08-04 21:17:33.742 28313 16413 E nappagreedy.com.newsblur.network.APIResponse: 	at okhttp3.RealCall.getResponseWithInterceptorChain(RealCall.java:229)
08-04 21:17:33.742 28313 16413 E nappagreedy.com.newsblur.network.APIResponse: 	at okhttp3.RealCall.execute(RealCall.java:81)
08-04 21:17:33.742 28313 16413 E nappagreedy.com.newsblur.network.APIResponse: 	at nappagreedy.com.newsblur.network.APIResponse.<init>(APIResponse.java:57)
08-04 21:17:33.742 28313 16413 E nappagreedy.com.newsblur.network.APIResponse: 	at nappagreedy.com.newsblur.network.APIResponse.<init>(APIResponse.java:43)
08-04 21:17:33.742 28313 16413 E nappagreedy.com.newsblur.network.APIResponse: 	at nappagreedy.com.newsblur.network.APIManager.post_single(APIManager.java:703)
08-04 21:17:33.742 28313 16413 E nappagreedy.com.newsblur.network.APIResponse: 	at nappagreedy.com.newsblur.network.APIManager.post(APIManager.java:676)
08-04 21:17:33.742 28313 16413 E nappagreedy.com.newsblur.network.APIResponse: 	at nappagreedy.com.newsblur.network.APIManager.post(APIManager.java:715)
08-04 21:17:33.742 28313 16413 E nappagreedy.com.newsblur.network.APIResponse: 	at nappagreedy.com.newsblur.network.APIManager.markStoryAsRead(APIManager.java:206)
08-04 21:17:33.742 28313 16413 E nappagreedy.com.newsblur.network.APIResponse: 	at nappagreedy.com.newsblur.util.ReadingAction.doRemote(ReadingAction.java:281)
08-04 21:17:33.742 28313 16413 E nappagreedy.com.newsblur.network.APIResponse: 	at nappagreedy.com.newsblur.service.NBSyncService.syncActions(NBSyncService.java:400)
08-04 21:17:33.742 28313 16413 E nappagreedy.com.newsblur.network.APIResponse: 	at nappagreedy.com.newsblur.service.NBSyncService.doSync(NBSyncService.java:298)
08-04 21:17:33.742 28313 16413 E nappagreedy.com.newsblur.network.APIResponse: 	at nappagreedy.com.newsblur.service.NBSyncService.access$100(NBSyncService.java:67)
08-04 21:17:33.742 28313 16413 E nappagreedy.com.newsblur.network.APIResponse: 	at nappagreedy.com.newsblur.service.NBSyncService$1.run(NBSyncService.java:188)
08-04 21:17:33.742 28313 16413 E nappagreedy.com.newsblur.network.APIResponse: 	at java.util.concurrent.ThreadPoolExecutor.runWorker(ThreadPoolExecutor.java:1113)
08-04 21:17:33.742 28313 16413 E nappagreedy.com.newsblur.network.APIResponse: 	at java.util.concurrent.ThreadPoolExecutor$Worker.run(ThreadPoolExecutor.java:588)
08-04 21:17:33.742 28313 16413 E nappagreedy.com.newsblur.network.APIResponse: 	at java.lang.Thread.run(Thread.java:818)
08-04 21:17:33.742 28313 16413 E nappagreedy.com.newsblur.network.APIResponse: Caused by: java.io.EOFException: \n not found: limit=0 content=
08-04 21:17:33.742 28313 16413 E nappagreedy.com.newsblur.network.APIResponse: 	at okio.RealBufferedSource.readUtf8LineStrict(RealBufferedSource.java:240)
08-04 21:17:33.742 28313 16413 E nappagreedy.com.newsblur.network.APIResponse: 	at okhttp3.internal.http1.Http1ExchangeCodec.readHeaderLine(Http1ExchangeCodec.java:242)
08-04 21:17:33.742 28313 16413 E nappagreedy.com.newsblur.network.APIResponse: 	at okhttp3.internal.http1.Http1ExchangeCodec.readResponseHeaders(Http1ExchangeCodec.java:213)
08-04 21:17:33.742 28313 16413 E nappagreedy.com.newsblur.network.APIResponse: 	... 33 more
08-04 21:17:33.743 28313 16413 I nappagreedy.com.newsblur.network.APIManager: API call failed, pausing before retry number 2
08-04 21:17:33.961 28313 28324 I art     : Starting a blocking GC Explicit
08-04 21:17:34.008 28313 28324 I art     : Explicit concurrent mark sweep GC freed 4205(380KB) AllocSpace objects, 3(60KB) LOS objects, 30% free, 36MB/52MB, paused 1.448ms total 46.906ms
08-04 21:17:34.021 28313 28324 I art     : Starting a blocking GC Explicit
08-04 21:17:34.063 28313 28324 I art     : Explicit concurrent mark sweep GC freed 117(4KB) AllocSpace objects, 0(0B) LOS objects, 30% free, 36MB/52MB, paused 1.437ms total 42.236ms
08-04 21:17:34.076 28313 28324 I art     : Starting a blocking GC Explicit
08-04 21:17:34.119 28313 28324 I art     : Explicit concurrent mark sweep GC freed 3(96B) AllocSpace objects, 0(0B) LOS objects, 30% free, 36MB/52MB, paused 1.481ms total 42.010ms
08-04 21:17:34.132 28313 28324 I art     : Starting a blocking GC Explicit
08-04 21:17:34.176 28313 28324 I art     : Explicit concurrent mark sweep GC freed 3(96B) AllocSpace objects, 0(0B) LOS objects, 30% free, 36MB/52MB, paused 1.531ms total 43.255ms
08-04 21:17:34.189 28313 28324 I art     : Starting a blocking GC Explicit
08-04 21:17:34.232 28313 28324 I art     : Explicit concurrent mark sweep GC freed 3(96B) AllocSpace objects, 0(0B) LOS objects, 30% free, 36MB/52MB, paused 1.457ms total 42.460ms
08-04 21:17:34.240 15172 15172 I ServiceManager: Waiting for service AtCmdFwd...
08-04 21:17:34.461 16488 16488 D AndroidRuntime: >>>>>> START com.android.internal.os.RuntimeInit uid 2000 <<<<<<
08-04 21:17:34.467 16488 16488 D AndroidRuntime: CheckJNI is OFF
08-04 21:17:34.507 16488 16488 D ICU     : No timezone override file found: /data/misc/zoneinfo/current/icu/icu_tzdata.dat
08-04 21:17:34.549 16488 16488 I Radio-JNI: register_android_hardware_Radio DONE
08-04 21:17:34.579 16488 16488 D AndroidRuntime: Calling main entry com.android.commands.input.Input
08-04 21:17:34.581 16488 16488 I Input   : injectKeyEvent: KeyEvent { action=ACTION_DOWN, keyCode=KEYCODE_BACK, scanCode=0, metaState=0, flags=0x0, repeatCount=0, eventTime=739070994, downTime=739070994, deviceId=-1, source=0x101 }
08-04 21:17:34.588 16488 16488 I Input   : injectKeyEvent: KeyEvent { action=ACTION_UP, keyCode=KEYCODE_BACK, scanCode=0, metaState=0, flags=0x0, repeatCount=0, eventTime=739070994, downTime=739070994, deviceId=-1, source=0x101 }
08-04 21:17:34.594 28313 28313 D NappaLifecycleObserver: nappagreedy.com.newsblur.activity.GlobalSharedStoriesReading - onPause
08-04 21:17:34.594 16488 16488 D AndroidRuntime: Shutting down VM
08-04 21:17:34.594 28313 28313 D Nappa   : Stayed on nappagreedy.com.newsblur.activity.GlobalSharedStoriesReading for 4542 ms
08-04 21:17:34.599 28313 28325 I art     : Starting a blocking GC Explicit
08-04 21:17:34.644 28313 28325 I art     : Explicit concurrent mark sweep GC freed 2039(139KB) AllocSpace objects, 3(60KB) LOS objects, 30% free, 36MB/52MB, paused 1.452ms total 44.237ms
08-04 21:17:34.657 28313 28325 I art     : Starting a blocking GC Explicit
08-04 21:17:34.699 28313 28325 I art     : Explicit concurrent mark sweep GC freed 81(3024B) AllocSpace objects, 0(0B) LOS objects, 30% free, 36MB/52MB, paused 1.562ms total 42.040ms
08-04 21:17:34.712 28313 28325 I art     : Starting a blocking GC Explicit
08-04 21:17:34.721 28313 28313 D NappaLifecycleObserver: nappagreedy.com.newsblur.activity.GlobalSharedStoriesItemsList - onResume
08-04 21:17:34.721 28313 28313 D Nappa   : setCurrentActivity - MetricStrategyAccuracy - 
08-04 21:17:34.721 28313 28313 D Nappa   : madePredictionFromActivity = true, 
08-04 21:17:34.721 28313 28313 D Nappa   : fromActivity = nappagreedy.com.newsblur.activity.GlobalSharedStoriesReading, 
08-04 21:17:34.721 28313 28313 D Nappa   : predictedNextActivityFromActivity = [], 
08-04 21:17:34.721 28313 28313 D Nappa   : activity.getClass().getCanonicalName() = nappagreedy.com.newsblur.activity.GlobalSharedStoriesItemsList, 
08-04 21:17:34.721 28313 28313 D Nappa   : setCurrentActivity - MetricStrategyAccuracy - 
08-04 21:17:34.721 28313 28313 D Nappa   : madePredictionFromExtra = false, 
08-04 21:17:34.721 28313 28313 D Nappa   : fromActivity = nappagreedy.com.newsblur.activity.GlobalSharedStoriesReading, 
08-04 21:17:34.721 28313 28313 D Nappa   : predictedNextActivityFromExtra = [], 
08-04 21:17:34.721 28313 28313 D Nappa   : activity.getClass().getCanonicalName() = nappagreedy.com.newsblur.activity.GlobalSharedStoriesItemsList, 
08-04 21:17:34.721 28313 28313 D Nappa   : PREFETCH_ON_EXTRA - setCurrentActivity - logs - from activity - made prediction istrue
08-04 21:17:34.721 28313 28313 D Nappa   : PREFETCH_ON_EXTRA - setCurrentActivity - logs - from activity - start
08-04 21:17:34.722 28313 28313 I NAPPA_EXPERIMENTATION: MetricStrategyAccuracy: LOG_ID='6',EXECUTION_COUNT='6',CASES_COUNT='6',HIT_PERCENTAGE_TOTAL='50.0',HIT_PERCENTAGE_WHEN_PREDICTED='75.0',HIT_COUNT='3',MISS_COUNT='1',INSUFFICIENT_SCORE_COUNT='0',EXCEPTION_COUNT='0',NO_SUCCESSOR_COUNT='2',
08-04 21:17:34.722 28313 28313 D Nappa   : PREFETCH_ON_EXTRA - setCurrentActivity - logs - from activity- finished
08-04 21:17:34.723   918  3261 D WifiStateMachine: starting scan for "H369AA63323"WPA_PSK with 2412,5180
08-04 21:17:34.757 28313 28325 I art     : Explicit concurrent mark sweep GC freed 537(52KB) AllocSpace objects, 1(20KB) LOS objects, 30% free, 36MB/52MB, paused 1.566ms total 44.307ms
08-04 21:17:34.770 28313 28325 I art     : Starting a blocking GC Explicit
08-04 21:17:34.814 28313 28325 I art     : Explicit concurrent mark sweep GC freed 13(512B) AllocSpace objects, 0(0B) LOS objects, 30% free, 36MB/52MB, paused 1.641ms total 43.512ms
08-04 21:17:34.822 28313 28313 D Nappa   : registerActivity: (already in) nappagreedy.com.newsblur.activity.GlobalSharedStoriesItemsList
08-04 21:17:34.822 28313 28313 D ActivityGraph: LARDataCalculatedUpdate nappagreedy.com.newsblur.activity.GlobalSharedStoriesItemsList Pagerank: 0.25 HITS-Authority: 1.0 HITS-Hub: 1.0 SALSA-Authority: 1.0 SALSA-Hub: 1.0
08-04 21:17:34.822 28313 28313 D Nappa   : SHOULD_PREFETCH false
08-04 21:17:34.822 28313 28313 D Nappa   : STATS Number of requests not prefetched: 9
08-04 21:17:34.822 28313 28313 D Nappa   : STATS Number of requests prefetched: 0
08-04 21:17:34.822 28313 28313 D Nappa   : STATS Time saved until now: 0.0
08-04 21:17:34.827 28313 28325 I art     : Starting a blocking GC Explicit
08-04 21:17:34.856 28313 28313 D ActivityNode: Observer - visit time - GlobalSharedStoriesReading - New aggregate visit time found is 102971 ms
08-04 21:17:34.859 13866 13866 I GoogleInputMethodServic: GoogleInputMethodService.onFinishInput():3138 
08-04 21:17:34.859 13866 13866 I GoogleInputMethodServic: GoogleInputMethodService.onStartInput():1808 
08-04 21:17:34.870 28313 28325 I art     : Explicit concurrent mark sweep GC freed 424(36KB) AllocSpace objects, 1(20KB) LOS objects, 30% free, 36MB/52MB, paused 2.026ms total 42.885ms
08-04 21:17:35.122 28313 15529 D Nappa   : PREFETCH_ON_EXTRA - setCurrentActivity - logs - from extra - made prediction isfalse
08-04 21:17:35.199 28313 28325 I art     : Starting a blocking GC Explicit
08-04 21:17:35.211 28313 28313 D NappaLifecycleObserver: nappagreedy.com.newsblur.activity.GlobalSharedStoriesReading - onDestroy
08-04 21:17:35.211 28313 28313 D NappaLifecycleObserver: -------------F1_SCORE #21 -----------
08-04 21:17:35.211 28313 28313 D NappaLifecycleObserver: F1_SCORE - Intercept list (12)= [https://www.newsblur.com/reader/feeds/?update_counts=true, https://www.newsblur.com/reader/unread_story_hashes?include_timestamps=1, https://www.newsblur.com/social/river_stories?order=newest&page=1&read_filter=all&global_feed=true, https://www.newsblur.com/rss_feeds/icon/0, https://s3.amazonaws.com/icons.newsblur.com/6882243.png, https://s3.amazonaws.com/icons.newsblur.com/18178.png, https://s3.amazonaws.com/icons.newsblur.com/5762506.png, http://feeds.feedburner.com/~r/retort/~4/UffaFMiJbNs, https://images.fastcompany.net/image/upload/w_1280,q_auto,f_auto,fl_lossy/wp-cms/uploads/2020/07/p-1-90532920-this-chart-shows-how-effective-masks-can-be.png, https://www.gravatar.com/avatar/f5934485a0863578733c447016505547, https://www.gravatar.com/avatar/f5934485a0863578733c447016505547, https://www.newsblur.com/social/river_stories?order=newest&page=2&read_filter=all&global_feed=true]
08-04 21:17:35.212 28313 28313 D NappaLifecycleObserver: F1_SCORE - Prefetch list (0)= []
08-04 21:17:35.212 28313 28313 D NappaLifecycleObserver: F1_SCORE - TP list (0)= []
08-04 21:17:35.212 28313 28313 D NappaLifecycleObserver: F1_SCORE - FN list (12)= [https://www.newsblur.com/reader/feeds/?update_counts=true, https://www.newsblur.com/reader/unread_story_hashes?include_timestamps=1, https://www.newsblur.com/social/river_stories?order=newest&page=1&read_filter=all&global_feed=true, https://www.newsblur.com/rss_feeds/icon/0, https://s3.amazonaws.com/icons.newsblur.com/6882243.png, https://s3.amazonaws.com/icons.newsblur.com/18178.png, https://s3.amazonaws.com/icons.newsblur.com/5762506.png, http://feeds.feedburner.com/~r/retort/~4/UffaFMiJbNs, https://images.fastcompany.net/image/upload/w_1280,q_auto,f_auto,fl_lossy/wp-cms/uploads/2020/07/p-1-90532920-this-chart-shows-how-effective-masks-can-be.png, https://www.gravatar.com/avatar/f5934485a0863578733c447016505547, https://www.gravatar.com/avatar/f5934485a0863578733c447016505547, https://www.newsblur.com/social/river_stories?order=newest&page=2&read_filter=all&global_feed=true]
08-04 21:17:35.212 28313 28313 I NAPPA_EXPERIMENTATION: MetricPrefetchingAccuracy: LOG_ID='22',F1_SCORE_1='0.0',F1_SCORE_2='0.0',TRUE_POSITIVE='0',FALSE_POSITIVE='0',FALSE_NEGATIVE='12',
08-04 21:17:35.239 28313 28325 I art     : Explicit concurrent mark sweep GC freed 4725(293KB) AllocSpace objects, 3(68KB) LOS objects, 30% free, 36MB/52MB, paused 1.513ms total 39.875ms
08-04 21:17:35.240 15172 15172 I ServiceManager: Waiting for service AtCmdFwd...
08-04 21:17:35.251 28313 28325 I art     : Starting a blocking GC Explicit
08-04 21:17:35.290 28313 28325 I art     : Explicit concurrent mark sweep GC freed 429(23KB) AllocSpace objects, 0(0B) LOS objects, 30% free, 36MB/52MB, paused 1.427ms total 38.688ms
08-04 21:17:35.302 28313 28325 I art     : Starting a blocking GC Explicit
08-04 21:17:35.341 28313 28325 I art     : Explicit concurrent mark sweep GC freed 136(6KB) AllocSpace objects, 0(0B) LOS objects, 30% free, 36MB/52MB, paused 1.343ms total 38.603ms
08-04 21:17:35.353 28313 28325 I art     : Starting a blocking GC Explicit
08-04 21:17:35.394 28313 28325 I art     : Explicit concurrent mark sweep GC freed 9(288B) AllocSpace objects, 0(0B) LOS objects, 30% free, 36MB/52MB, paused 1.504ms total 40.052ms
08-04 21:17:35.406 28313 28325 I art     : Starting a blocking GC Explicit
08-04 21:17:35.418   918   929 D ConnectivityService: reportNetworkConnectivity(159, true) by 10012
08-04 21:17:35.418   918  1209 D NetworkMonitor/NetworkAgentInfo [WIFI () - 159]: Forcing reevaluation for UID 10012
08-04 21:17:35.419   918  1209 D NetworkMonitor/NetworkAgentInfo [WIFI () - 159]: Checking http://connectivitycheck.gstatic.com/generate_204 on "H369AA63323", 192.168.2.12=192.168.2.12
08-04 21:17:35.419   918  3714 D ConnectivityService: reportNetworkConnectivity(159, true) by 10012
08-04 21:17:35.446 28313 28325 I art     : Explicit concurrent mark sweep GC freed 11(352B) AllocSpace objects, 0(0B) LOS objects, 30% free, 36MB/52MB, paused 1.430ms total 39.156ms
08-04 21:17:35.546   918  1209 D NetworkMonitor/NetworkAgentInfo [WIFI () - 159]: Probably not a portal: exception java.io.IOException: unexpected end of stream on Connection{connectivitycheck.gstatic.com:80, proxy=HTTP@/192.168.2.12:8080 hostAddress=192.168.2.12 cipherSuite=none protocol=http/1.1} (recycle count=0)
08-04 21:17:35.547   918  3263 D ConnectivityService: NetworkAgentInfo [WIFI () - 159] validation failed
08-04 21:17:35.548   918  3261 E WifiConfigStore:  rewrite network history for "H369AA63323"WPA_PSK
08-04 21:17:35.797 28313 28601 I art     : Starting a blocking GC Explicit
08-04 21:17:35.844 28313 28601 I art     : Explicit concurrent mark sweep GC freed 1682(95KB) AllocSpace objects, 1(20KB) LOS objects, 30% free, 36MB/52MB, paused 1.431ms total 46.184ms
08-04 21:17:35.858 28313 28601 I art     : Starting a blocking GC Explicit
08-04 21:17:35.901 28313 28601 I art     : Explicit concurrent mark sweep GC freed 39(1392B) AllocSpace objects, 0(0B) LOS objects, 30% free, 36MB/52MB, paused 1.385ms total 43.130ms
08-04 21:17:35.913 28313 28601 I art     : Starting a blocking GC Explicit
08-04 21:17:35.954 28313 28601 I art     : Explicit concurrent mark sweep GC freed 8(256B) AllocSpace objects, 0(0B) LOS objects, 30% free, 36MB/52MB, paused 1.437ms total 41.071ms
08-04 21:17:35.968 28313 28601 I art     : Starting a blocking GC Explicit
08-04 21:17:36.006 28313 28601 I art     : Explicit concurrent mark sweep GC freed 9(288B) AllocSpace objects, 0(0B) LOS objects, 30% free, 36MB/52MB, paused 1.436ms total 37.418ms
08-04 21:17:36.019 28313 28601 I art     : Starting a blocking GC Explicit
08-04 21:17:36.057 28313 28601 I art     : Explicit concurrent mark sweep GC freed 9(288B) AllocSpace objects, 0(0B) LOS objects, 30% free, 36MB/52MB, paused 1.455ms total 38.350ms
08-04 21:17:36.241 15172 15172 W Atfwd_Sendcmd: AtCmdFwd service not published, waiting... retryCnt : 4
08-04 21:17:36.342 16532 16532 D AndroidRuntime: >>>>>> START com.android.internal.os.RuntimeInit uid 2000 <<<<<<
08-04 21:17:36.347 16532 16532 D AndroidRuntime: CheckJNI is OFF
08-04 21:17:36.390 16532 16532 D ICU     : No timezone override file found: /data/misc/zoneinfo/current/icu/icu_tzdata.dat
08-04 21:17:36.426 28313 28325 I art     : Starting a blocking GC Explicit
08-04 21:17:36.432 16532 16532 I Radio-JNI: register_android_hardware_Radio DONE
08-04 21:17:36.463 16532 16532 D AndroidRuntime: Calling main entry com.android.commands.input.Input
08-04 21:17:36.465 16532 16532 I Input   : injectKeyEvent: KeyEvent { action=ACTION_DOWN, keyCode=KEYCODE_BACK, scanCode=0, metaState=0, flags=0x0, repeatCount=0, eventTime=739072878, downTime=739072878, deviceId=-1, source=0x101 }
08-04 21:17:36.472 16532 16532 I Input   : injectKeyEvent: KeyEvent { action=ACTION_UP, keyCode=KEYCODE_BACK, scanCode=0, metaState=0, flags=0x0, repeatCount=0, eventTime=739072878, downTime=739072878, deviceId=-1, source=0x101 }
08-04 21:17:36.475 28313 28325 I art     : Explicit concurrent mark sweep GC freed 1665(94KB) AllocSpace objects, 1(20KB) LOS objects, 30% free, 36MB/52MB, paused 1.554ms total 48.184ms
08-04 21:17:36.479 28313 28313 D NappaLifecycleObserver: nappagreedy.com.newsblur.activity.GlobalSharedStoriesItemsList - onPause
08-04 21:17:36.479 16532 16532 D AndroidRuntime: Shutting down VM
08-04 21:17:36.479 28313 28313 D Nappa   : Stayed on nappagreedy.com.newsblur.activity.GlobalSharedStoriesItemsList for 1656 ms
08-04 21:17:36.488 28313 28325 I art     : Starting a blocking GC Explicit
08-04 21:17:36.529 28313 28325 I art     : Explicit concurrent mark sweep GC freed 530(73KB) AllocSpace objects, 4(80KB) LOS objects, 30% free, 36MB/52MB, paused 1.570ms total 40.921ms
08-04 21:17:36.541 28313 28325 I art     : Starting a blocking GC Explicit
08-04 21:17:36.549   918  1209 D NetworkMonitor/NetworkAgentInfo [WIFI () - 159]: Checking http://connectivitycheck.gstatic.com/generate_204 on "H369AA63323", 192.168.2.12=192.168.2.12
08-04 21:17:36.585 28313 28325 I art     : Explicit concurrent mark sweep GC freed 50(1936B) AllocSpace objects, 0(0B) LOS objects, 30% free, 36MB/52MB, paused 1.449ms total 43.076ms
08-04 21:17:36.598 28313 28325 I art     : Starting a blocking GC Explicit
08-04 21:17:36.624 28313 28313 D NappaLifecycleObserver: nappagreedy.com.newsblur.activity.Main - onResume
08-04 21:17:36.625 28313 28313 D Nappa   : setCurrentActivity - MetricStrategyAccuracy - 
08-04 21:17:36.625 28313 28313 D Nappa   : madePredictionFromActivity = false, 
08-04 21:17:36.625 28313 28313 D Nappa   : fromActivity = nappagreedy.com.newsblur.activity.GlobalSharedStoriesItemsList, 
08-04 21:17:36.625 28313 28313 D Nappa   : predictedNextActivityFromActivity = [], 
08-04 21:17:36.625 28313 28313 D Nappa   : activity.getClass().getCanonicalName() = nappagreedy.com.newsblur.activity.Main, 
08-04 21:17:36.625 28313 28313 D Nappa   : setCurrentActivity - MetricStrategyAccuracy - 
08-04 21:17:36.625 28313 28313 D Nappa   : madePredictionFromExtra = false, 
08-04 21:17:36.625 28313 28313 D Nappa   : fromActivity = nappagreedy.com.newsblur.activity.GlobalSharedStoriesItemsList, 
08-04 21:17:36.625 28313 28313 D Nappa   : predictedNextActivityFromExtra = [], 
08-04 21:17:36.625 28313 28313 D Nappa   : activity.getClass().getCanonicalName() = nappagreedy.com.newsblur.activity.Main, 
08-04 21:17:36.625 28313 28313 D Nappa   : PREFETCH_ON_EXTRA - setCurrentActivity - logs - from activity - made prediction isfalse
08-04 21:17:36.644 28313 28325 I art     : Explicit concurrent mark sweep GC freed 2027(152KB) AllocSpace objects, 4(80KB) LOS objects, 30% free, 36MB/52MB, paused 1.562ms total 45.660ms
08-04 21:17:36.657 28313 28325 I art     : Starting a blocking GC Explicit
08-04 21:17:36.671   918  1209 D NetworkMonitor/NetworkAgentInfo [WIFI () - 159]: Probably not a portal: exception java.io.IOException: unexpected end of stream on Connection{connectivitycheck.gstatic.com:80, proxy=HTTP@/192.168.2.12:8080 hostAddress=192.168.2.12 cipherSuite=none protocol=http/1.1} (recycle count=0)
08-04 21:17:36.672   918  3263 D ConnectivityService: NetworkAgentInfo [WIFI () - 159] validation failed
08-04 21:17:36.672   918  3261 E WifiConfigStore:  rewrite network history for "H369AA63323"WPA_PSK
08-04 21:17:36.702 28313 28325 I art     : Explicit concurrent mark sweep GC freed 68(2672B) AllocSpace objects, 0(0B) LOS objects, 30% free, 36MB/52MB, paused 1.702ms total 44.537ms
08-04 21:17:36.725 28313 28313 D Nappa   : registerActivity: (already in) nappagreedy.com.newsblur.activity.Main
08-04 21:17:36.725 28313 28313 D ActivityGraph: LARDataCalculatedUpdate nappagreedy.com.newsblur.activity.Main Pagerank: 0.25 HITS-Authority: 1.0 HITS-Hub: 1.0 SALSA-Authority: 1.0 SALSA-Hub: 1.0
08-04 21:17:36.726 28313 28313 D Nappa   : SHOULD_PREFETCH false
08-04 21:17:36.726 28313 28313 D Nappa   : STATS Number of requests not prefetched: 9
08-04 21:17:36.726 28313 28313 D Nappa   : STATS Number of requests prefetched: 0
08-04 21:17:36.726 28313 28313 D Nappa   : STATS Time saved until now: 0.0
08-04 21:17:36.746 28313 16413 D CustomInterceptor: NETWORK-PROVIDER https://www.newsblur.com/reader/mark_story_hashes_as_read/
08-04 21:17:36.746 28313 16413 D CustomInterceptor: HEADER REQUEST
08-04 21:17:36.746 28313 16413 D CustomInterceptor: Cache-Control max-age=300, max-stale=300
08-04 21:17:36.746 28313 16413 D CustomInterceptor: Cookie newsblur_sessionid=qlbd3ilzka7q9q07v2htr96j75kh6za7; Domain=.newsblur.com; expires=Wed, 03 Aug 2022 21:07:45 GMT; Max-Age=63072000; Path=/
08-04 21:17:36.746 28313 16413 D CustomInterceptor: CACHED STATS: size = '9', maxSize = '100', hitCount = '9', createCount = '0', putCount = '9', evictionCount = '0', missCount = '25', toString = 'LruCache[maxSize=100,hits=9,misses=25,hitRate=26%]', 
08-04 21:17:36.746 28313 16413 D CustomInterceptor: PREFLIB NOT A GET REQUEST OR NOT IN CACHEPOST
08-04 21:17:36.769 28313 28313 D ActivityNode: Observer - visit time - GlobalSharedStoriesItemsList - New aggregate visit time found is 115384 ms
08-04 21:17:36.770 13866 13866 I GoogleInputMethodServic: GoogleInputMethodService.onFinishInput():3138 
08-04 21:17:36.770 13866 13866 I GoogleInputMethodServic: GoogleInputMethodService.onStartInput():1808 
08-04 21:17:37.025 28313 15529 D Nappa   : PREFETCH_ON_EXTRA - setCurrentActivity - logs - from extra - made prediction isfalse
08-04 21:17:37.038 28313 15764 I art     : Starting a blocking GC Explicit
08-04 21:17:37.097 28313 15764 I art     : Explicit concurrent mark sweep GC freed 7915(486KB) AllocSpace objects, 5(100KB) LOS objects, 30% free, 36MB/52MB, paused 1.550ms total 58.403ms
08-04 21:17:37.114 28313 15764 I art     : Starting a blocking GC Explicit
08-04 21:17:37.132 28313 28313 D NappaLifecycleObserver: nappagreedy.com.newsblur.activity.GlobalSharedStoriesItemsList - onDestroy
08-04 21:17:37.132 28313 28313 D NappaLifecycleObserver: -------------F1_SCORE #22 -----------
08-04 21:17:37.132 28313 28313 D NappaLifecycleObserver: F1_SCORE - Intercept list (12)= [https://www.newsblur.com/reader/feeds/?update_counts=true, https://www.newsblur.com/reader/unread_story_hashes?include_timestamps=1, https://www.newsblur.com/social/river_stories?order=newest&page=1&read_filter=all&global_feed=true, https://www.newsblur.com/rss_feeds/icon/0, https://s3.amazonaws.com/icons.newsblur.com/6882243.png, https://s3.amazonaws.com/icons.newsblur.com/18178.png, https://s3.amazonaws.com/icons.newsblur.com/5762506.png, http://feeds.feedburner.com/~r/retort/~4/UffaFMiJbNs, https://images.fastcompany.net/image/upload/w_1280,q_auto,f_auto,fl_lossy/wp-cms/uploads/2020/07/p-1-90532920-this-chart-shows-how-effective-masks-can-be.png, https://www.gravatar.com/avatar/f5934485a0863578733c447016505547, https://www.gravatar.com/avatar/f5934485a0863578733c447016505547, https://www.newsblur.com/social/river_stories?order=newest&page=2&read_filter=all&global_feed=true]
08-04 21:17:37.132 28313 28313 D NappaLifecycleObserver: F1_SCORE - Prefetch list (0)= []
08-04 21:17:37.132 28313 28313 D NappaLifecycleObserver: F1_SCORE - TP list (0)= []
08-04 21:17:37.132 28313 28313 D NappaLifecycleObserver: F1_SCORE - FN list (12)= [https://www.newsblur.com/reader/feeds/?update_counts=true, https://www.newsblur.com/reader/unread_story_hashes?include_timestamps=1, https://www.newsblur.com/social/river_stories?order=newest&page=1&read_filter=all&global_feed=true, https://www.newsblur.com/rss_feeds/icon/0, https://s3.amazonaws.com/icons.newsblur.com/6882243.png, https://s3.amazonaws.com/icons.newsblur.com/18178.png, https://s3.amazonaws.com/icons.newsblur.com/5762506.png, http://feeds.feedburner.com/~r/retort/~4/UffaFMiJbNs, https://images.fastcompany.net/image/upload/w_1280,q_auto,f_auto,fl_lossy/wp-cms/uploads/2020/07/p-1-90532920-this-chart-shows-how-effective-masks-can-be.png, https://www.gravatar.com/avatar/f5934485a0863578733c447016505547, https://www.gravatar.com/avatar/f5934485a0863578733c447016505547, https://www.newsblur.com/social/river_stories?order=newest&page=2&read_filter=all&global_feed=true]
08-04 21:17:37.132 28313 28313 I NAPPA_EXPERIMENTATION: MetricPrefetchingAccuracy: LOG_ID='23',F1_SCORE_1='0.0',F1_SCORE_2='0.0',TRUE_POSITIVE='0',FALSE_POSITIVE='0',FALSE_NEGATIVE='12',
08-04 21:17:37.144   380   380 W SurfaceFlinger: couldn't log to binary event log: overflow.
08-04 21:17:37.158 28313 15764 I art     : Explicit concurrent mark sweep GC freed 853(61KB) AllocSpace objects, 0(0B) LOS objects, 30% free, 36MB/52MB, paused 1.662ms total 44.109ms
08-04 21:17:37.172 28313 15764 I art     : Starting a blocking GC Explicit
08-04 21:17:37.210 28313 16413 D CustomInterceptor: Interceptor exiting with exception java.io.IOException: unexpected end of stream on https://www.newsblur.com/...
08-04 21:17:37.210 28313 16413 W System.err: java.io.IOException: unexpected end of stream on https://www.newsblur.com/...
08-04 21:17:37.211 28313 16413 W System.err: 	at okhttp3.internal.http1.Http1ExchangeCodec.readResponseHeaders(Http1ExchangeCodec.java:236)
08-04 21:17:37.211 28313 16413 W System.err: 	at okhttp3.internal.connection.Exchange.readResponseHeaders(Exchange.java:115)
08-04 21:17:37.212 28313 16413 W System.err: 	at okhttp3.internal.http.CallServerInterceptor.intercept(CallServerInterceptor.java:94)
08-04 21:17:37.212 28313 16413 W System.err: 	at okhttp3.internal.http.RealInterceptorChain.proceed(RealInterceptorChain.java:142)
08-04 21:17:37.213 28313 16413 W System.err: 	at okhttp3.internal.connection.ConnectInterceptor.intercept(ConnectInterceptor.java:43)
08-04 21:17:37.213 28313 16413 W System.err: 	at okhttp3.internal.http.RealInterceptorChain.proceed(RealInterceptorChain.java:142)
08-04 21:17:37.213 28313 16413 W System.err: 	at okhttp3.internal.http.RealInterceptorChain.proceed(RealInterceptorChain.java:117)
08-04 21:17:37.213 28313 16413 W System.err: 	at okhttp3.internal.cache.CacheInterceptor.intercept(CacheInterceptor.java:94)
08-04 21:17:37.213 28313 16413 W System.err: 	at okhttp3.internal.http.RealInterceptorChain.proceed(RealInterceptorChain.java:142)
08-04 21:17:37.213 28313 16413 W System.err: 	at okhttp3.internal.http.RealInterceptorChain.proceed(RealInterceptorChain.java:117)
08-04 21:17:37.213 28313 16413 W System.err: 	at okhttp3.internal.http.BridgeInterceptor.intercept(BridgeInterceptor.java:93)
08-04 21:17:37.213 28313 16413 W System.err: 	at okhttp3.internal.http.RealInterceptorChain.proceed(RealInterceptorChain.java:142)
08-04 21:17:37.213 28313 16413 W System.err: 	at okhttp3.internal.http.RetryAndFollowUpInterceptor.intercept(RetryAndFollowUpInterceptor.java:88)
08-04 21:17:37.213 28313 16413 W System.err: 	at okhttp3.internal.http.RealInterceptorChain.proceed(RealInterceptorChain.java:142)
08-04 21:17:37.213 28313 16413 W System.err: 	at okhttp3.internal.http.RealInterceptorChain.proceed(RealInterceptorChain.java:117)
08-04 21:17:37.213 28313 16413 W System.err: 	at nl.vu.cs.s2group.nappa.Nappa$CustomInterceptor.intercept(Nappa.java:875)
08-04 21:17:37.213 28313 16413 W System.err: 	at okhttp3.internal.http.RealInterceptorChain.proceed(RealInterceptorChain.java:142)
08-04 21:17:37.213 28313 16413 W System.err: 	at okhttp3.internal.http.RealInterceptorChain.proceed(RealInterceptorChain.java:117)
08-04 21:17:37.213 28313 16413 W System.err: 	at okhttp3.RealCall.getResponseWithInterceptorChain(RealCall.java:229)
08-04 21:17:37.214 28313 16413 W System.err: 	at okhttp3.RealCall.execute(RealCall.java:81)
08-04 21:17:37.214 28313 16413 W System.err: 	at nappagreedy.com.newsblur.network.APIResponse.<init>(APIResponse.java:57)
08-04 21:17:37.214 28313 15764 I art     : Explicit concurrent mark sweep GC freed 1895(76KB) AllocSpace objects, 0(0B) LOS objects, 30% free, 36MB/52MB, paused 1.541ms total 41.233ms
08-04 21:17:37.214 28313 16413 W System.err: 	at nappagreedy.com.newsblur.network.APIResponse.<init>(APIResponse.java:43)
08-04 21:17:37.214 28313 16413 W System.err: 	at nappagreedy.com.newsblur.network.APIManager.post_single(APIManager.java:703)
08-04 21:17:37.214 28313 16413 W System.err: 	at nappagreedy.com.newsblur.network.APIManager.post(APIManager.java:676)
08-04 21:17:37.214 28313 16413 W System.err: 	at nappagreedy.com.newsblur.network.APIManager.post(APIManager.java:715)
08-04 21:17:37.214 28313 16413 W System.err: 	at nappagreedy.com.newsblur.network.APIManager.markStoryAsRead(APIManager.java:206)
08-04 21:17:37.214 28313 16413 W System.err: 	at nappagreedy.com.newsblur.util.ReadingAction.doRemote(ReadingAction.java:281)
08-04 21:17:37.214 28313 16413 W System.err: 	at nappagreedy.com.newsblur.service.NBSyncService.syncActions(NBSyncService.java:400)
08-04 21:17:37.214 28313 16413 W System.err: 	at nappagreedy.com.newsblur.service.NBSyncService.doSync(NBSyncService.java:298)
08-04 21:17:37.214 28313 16413 W System.err: 	at nappagreedy.com.newsblur.service.NBSyncService.access$100(NBSyncService.java:67)
08-04 21:17:37.214 28313 16413 W System.err: 	at nappagreedy.com.newsblur.service.NBSyncService$1.run(NBSyncService.java:188)
08-04 21:17:37.214 28313 16413 W System.err: 	at java.util.concurrent.ThreadPoolExecutor.runWorker(ThreadPoolExecutor.java:1113)
08-04 21:17:37.214 28313 16413 W System.err: 	at java.util.concurrent.ThreadPoolExecutor$Worker.run(ThreadPoolExecutor.java:588)
08-04 21:17:37.215 28313 16413 W System.err: 	at java.lang.Thread.run(Thread.java:818)
08-04 21:17:37.215 28313 16413 W System.err: Caused by: java.io.EOFException: \n not found: limit=0 content=
08-04 21:17:37.215 28313 16413 W System.err: 	at okio.RealBufferedSource.readUtf8LineStrict(RealBufferedSource.java:240)
08-04 21:17:37.215 28313 16413 W System.err: 	at okhttp3.internal.http1.Http1ExchangeCodec.readHeaderLine(Http1ExchangeCodec.java:242)
08-04 21:17:37.215 28313 16413 W System.err: 	at okhttp3.internal.http1.Http1ExchangeCodec.readResponseHeaders(Http1ExchangeCodec.java:213)
08-04 21:17:37.215 28313 16413 W System.err: 	... 33 more
08-04 21:17:37.215 28313 16413 D CustomInterceptor: interceptor_finished : return_type #4 : interceptor failed, resuming the request chain with the original request
08-04 21:17:37.226 28313 15764 I art     : Starting a blocking GC Explicit
08-04 21:17:37.269 28313 15764 I art     : Explicit concurrent mark sweep GC freed 849(72KB) AllocSpace objects, 0(0B) LOS objects, 30% free, 36MB/52MB, paused 1.598ms total 42.267ms
08-04 21:17:37.282 28313 15764 I art     : Starting a blocking GC Explicit
08-04 21:17:37.327 28313 15764 I art     : Explicit concurrent mark sweep GC freed 50(1888B) AllocSpace objects, 0(0B) LOS objects, 30% free, 36MB/52MB, paused 1.530ms total 45.091ms
08-04 21:17:37.621 28313 16413 E nappagreedy.com.newsblur.network.APIResponse: Error (unexpected end of stream on https://www.newsblur.com/...) calling https://www.newsblur.com/reader/mark_story_hashes_as_read/
08-04 21:17:37.621 28313 16413 E nappagreedy.com.newsblur.network.APIResponse: java.io.IOException: unexpected end of stream on https://www.newsblur.com/...
08-04 21:17:37.621 28313 16413 E nappagreedy.com.newsblur.network.APIResponse: 	at okhttp3.internal.http1.Http1ExchangeCodec.readResponseHeaders(Http1ExchangeCodec.java:236)
08-04 21:17:37.621 28313 16413 E nappagreedy.com.newsblur.network.APIResponse: 	at okhttp3.internal.connection.Exchange.readResponseHeaders(Exchange.java:115)
08-04 21:17:37.621 28313 16413 E nappagreedy.com.newsblur.network.APIResponse: 	at okhttp3.internal.http.CallServerInterceptor.intercept(CallServerInterceptor.java:94)
08-04 21:17:37.621 28313 16413 E nappagreedy.com.newsblur.network.APIResponse: 	at okhttp3.internal.http.RealInterceptorChain.proceed(RealInterceptorChain.java:142)
08-04 21:17:37.621 28313 16413 E nappagreedy.com.newsblur.network.APIResponse: 	at okhttp3.internal.connection.ConnectInterceptor.intercept(ConnectInterceptor.java:43)
08-04 21:17:37.621 28313 16413 E nappagreedy.com.newsblur.network.APIResponse: 	at okhttp3.internal.http.RealInterceptorChain.proceed(RealInterceptorChain.java:142)
08-04 21:17:37.621 28313 16413 E nappagreedy.com.newsblur.network.APIResponse: 	at okhttp3.internal.http.RealInterceptorChain.proceed(RealInterceptorChain.java:117)
08-04 21:17:37.621 28313 16413 E nappagreedy.com.newsblur.network.APIResponse: 	at okhttp3.internal.cache.CacheInterceptor.intercept(CacheInterceptor.java:94)
08-04 21:17:37.621 28313 16413 E nappagreedy.com.newsblur.network.APIResponse: 	at okhttp3.internal.http.RealInterceptorChain.proceed(RealInterceptorChain.java:142)
08-04 21:17:37.621 28313 16413 E nappagreedy.com.newsblur.network.APIResponse: 	at okhttp3.internal.http.RealInterceptorChain.proceed(RealInterceptorChain.java:117)
08-04 21:17:37.621 28313 16413 E nappagreedy.com.newsblur.network.APIResponse: 	at okhttp3.internal.http.BridgeInterceptor.intercept(BridgeInterceptor.java:93)
08-04 21:17:37.621 28313 16413 E nappagreedy.com.newsblur.network.APIResponse: 	at okhttp3.internal.http.RealInterceptorChain.proceed(RealInterceptorChain.java:142)
08-04 21:17:37.621 28313 16413 E nappagreedy.com.newsblur.network.APIResponse: 	at okhttp3.internal.http.RetryAndFollowUpInterceptor.intercept(RetryAndFollowUpInterceptor.java:88)
08-04 21:17:37.621 28313 16413 E nappagreedy.com.newsblur.network.APIResponse: 	at okhttp3.internal.http.RealInterceptorChain.proceed(RealInterceptorChain.java:142)
08-04 21:17:37.621 28313 16413 E nappagreedy.com.newsblur.network.APIResponse: 	at okhttp3.internal.http.RealInterceptorChain.proceed(RealInterceptorChain.java:117)
08-04 21:17:37.621 28313 16413 E nappagreedy.com.newsblur.network.APIResponse: 	at nl.vu.cs.s2group.nappa.Nappa$CustomInterceptor.intercept(Nappa.java:970)
08-04 21:17:37.621 28313 16413 E nappagreedy.com.newsblur.network.APIResponse: 	at okhttp3.internal.http.RealInterceptorChain.proceed(RealInterceptorChain.java:142)
08-04 21:17:37.621 28313 16413 E nappagreedy.com.newsblur.network.APIResponse: 	at okhttp3.internal.http.RealInterceptorChain.proceed(RealInterceptorChain.java:117)
08-04 21:17:37.621 28313 16413 E nappagreedy.com.newsblur.network.APIResponse: 	at okhttp3.RealCall.getResponseWithInterceptorChain(RealCall.java:229)
08-04 21:17:37.621 28313 16413 E nappagreedy.com.newsblur.network.APIResponse: 	at okhttp3.RealCall.execute(RealCall.java:81)
08-04 21:17:37.621 28313 16413 E nappagreedy.com.newsblur.network.APIResponse: 	at nappagreedy.com.newsblur.network.APIResponse.<init>(APIResponse.java:57)
08-04 21:17:37.621 28313 16413 E nappagreedy.com.newsblur.network.APIResponse: 	at nappagreedy.com.newsblur.network.APIResponse.<init>(APIResponse.java:43)
08-04 21:17:37.621 28313 16413 E nappagreedy.com.newsblur.network.APIResponse: 	at nappagreedy.com.newsblur.network.APIManager.post_single(APIManager.java:703)
08-04 21:17:37.621 28313 16413 E nappagreedy.com.newsblur.network.APIResponse: 	at nappagreedy.com.newsblur.network.APIManager.post(APIManager.java:676)
08-04 21:17:37.621 28313 16413 E nappagreedy.com.newsblur.network.APIResponse: 	at nappagreedy.com.newsblur.network.APIManager.post(APIManager.java:715)
08-04 21:17:37.621 28313 16413 E nappagreedy.com.newsblur.network.APIResponse: 	at nappagreedy.com.newsblur.network.APIManager.markStoryAsRead(APIManager.java:206)
08-04 21:17:37.621 28313 16413 E nappagreedy.com.newsblur.network.APIResponse: 	at nappagreedy.com.newsblur.util.ReadingAction.doRemote(ReadingAction.java:281)
08-04 21:17:37.621 28313 16413 E nappagreedy.com.newsblur.network.APIResponse: 	at nappagreedy.com.newsblur.service.NBSyncService.syncActions(NBSyncService.java:400)
08-04 21:17:37.621 28313 16413 E nappagreedy.com.newsblur.network.APIResponse: 	at nappagreedy.com.newsblur.service.NBSyncService.doSync(NBSyncService.java:298)
08-04 21:17:37.621 28313 16413 E nappagreedy.com.newsblur.network.APIResponse: 	at nappagreedy.com.newsblur.service.NBSyncService.access$100(NBSyncService.java:67)
08-04 21:17:37.621 28313 16413 E nappagreedy.com.newsblur.network.APIResponse: 	at nappagreedy.com.newsblur.service.NBSyncService$1.run(NBSyncService.java:188)
08-04 21:17:37.621 28313 16413 E nappagreedy.com.newsblur.network.APIResponse: 	at java.util.concurrent.ThreadPoolExecutor.runWorker(ThreadPoolExecutor.java:1113)
08-04 21:17:37.621 28313 16413 E nappagreedy.com.newsblur.network.APIResponse: 	at java.util.concurrent.ThreadPoolExecutor$Worker.run(ThreadPoolExecutor.java:588)
08-04 21:17:37.621 28313 16413 E nappagreedy.com.newsblur.network.APIResponse: 	at java.lang.Thread.run(Thread.java:818)
08-04 21:17:37.621 28313 16413 E nappagreedy.com.newsblur.network.APIResponse: Caused by: java.io.EOFException: \n not found: limit=0 content=
08-04 21:17:37.621 28313 16413 E nappagreedy.com.newsblur.network.APIResponse: 	at okio.RealBufferedSource.readUtf8LineStrict(RealBufferedSource.java:240)
08-04 21:17:37.621 28313 16413 E nappagreedy.com.newsblur.network.APIResponse: 	at okhttp3.internal.http1.Http1ExchangeCodec.readHeaderLine(Http1ExchangeCodec.java:242)
08-04 21:17:37.621 28313 16413 E nappagreedy.com.newsblur.network.APIResponse: 	at okhttp3.internal.http1.Http1ExchangeCodec.readResponseHeaders(Http1ExchangeCodec.java:213)
08-04 21:17:37.621 28313 16413 E nappagreedy.com.newsblur.network.APIResponse: 	... 33 more
08-04 21:17:37.622 28313 16413 I nappagreedy.com.newsblur.service.NBSyncService: Holding reading action with server-side or network error.
08-04 21:17:37.631 28313 16413 W nappagreedy.com.newsblur.service.NBSyncService: hard API failure
08-04 21:17:37.635 28313 16413 D CustomInterceptor: NETWORK-PROVIDER https://www.newsblur.com/reader/mark_story_hashes_as_read/
08-04 21:17:37.635 28313 16413 D CustomInterceptor: HEADER REQUEST
08-04 21:17:37.635 28313 16413 D CustomInterceptor: Cache-Control max-age=300, max-stale=300
08-04 21:17:37.635 28313 16413 D CustomInterceptor: Cookie newsblur_sessionid=qlbd3ilzka7q9q07v2htr96j75kh6za7; Domain=.newsblur.com; expires=Wed, 03 Aug 2022 21:07:45 GMT; Max-Age=63072000; Path=/
08-04 21:17:37.635 28313 16413 D CustomInterceptor: CACHED STATS: size = '9', maxSize = '100', hitCount = '9', createCount = '0', putCount = '9', evictionCount = '0', missCount = '26', toString = 'LruCache[maxSize=100,hits=9,misses=26,hitRate=25%]', 
08-04 21:17:37.635 28313 16413 D CustomInterceptor: PREFLIB NOT A GET REQUEST OR NOT IN CACHEPOST
08-04 21:17:37.687 28313 28601 I art     : Starting a blocking GC Explicit
08-04 21:17:37.738 28313 28601 I art     : Explicit concurrent mark sweep GC freed 4722(431KB) AllocSpace objects, 5(100KB) LOS objects, 30% free, 36MB/52MB, paused 1.943ms total 50.331ms
08-04 21:17:37.751 28313 28601 I art     : Starting a blocking GC Explicit
08-04 21:17:37.796 28313 28601 I art     : Explicit concurrent mark sweep GC freed 151(5KB) AllocSpace objects, 0(0B) LOS objects, 30% free, 36MB/52MB, paused 1.564ms total 44.471ms
08-04 21:17:37.809 28313 28601 I art     : Starting a blocking GC Explicit
08-04 21:17:37.853 28313 28601 I art     : Explicit concurrent mark sweep GC freed 11(352B) AllocSpace objects, 0(0B) LOS objects, 30% free, 36MB/52MB, paused 1.690ms total 43.934ms
08-04 21:17:37.866 28313 28601 I art     : Starting a blocking GC Explicit
08-04 21:17:37.909 28313 28601 I art     : Explicit concurrent mark sweep GC freed 9(288B) AllocSpace objects, 0(0B) LOS objects, 30% free, 36MB/52MB, paused 1.516ms total 43.122ms
08-04 21:17:37.923 28313 28601 I art     : Starting a blocking GC Explicit
08-04 21:17:37.966 28313 28601 I art     : Explicit concurrent mark sweep GC freed 11(352B) AllocSpace objects, 0(0B) LOS objects, 30% free, 36MB/52MB, paused 1.524ms total 43.298ms
08-04 21:17:38.021 28313 16413 D CustomInterceptor: Interceptor exiting with exception java.io.IOException: unexpected end of stream on https://www.newsblur.com/...
08-04 21:17:38.022 28313 16413 W System.err: java.io.IOException: unexpected end of stream on https://www.newsblur.com/...
08-04 21:17:38.022 28313 16413 W System.err: 	at okhttp3.internal.http1.Http1ExchangeCodec.readResponseHeaders(Http1ExchangeCodec.java:236)
08-04 21:17:38.022 28313 16413 W System.err: 	at okhttp3.internal.connection.Exchange.readResponseHeaders(Exchange.java:115)
08-04 21:17:38.022 28313 16413 W System.err: 	at okhttp3.internal.http.CallServerInterceptor.intercept(CallServerInterceptor.java:94)
08-04 21:17:38.022 28313 16413 W System.err: 	at okhttp3.internal.http.RealInterceptorChain.proceed(RealInterceptorChain.java:142)
08-04 21:17:38.022 28313 16413 W System.err: 	at okhttp3.internal.connection.ConnectInterceptor.intercept(ConnectInterceptor.java:43)
08-04 21:17:38.022 28313 16413 W System.err: 	at okhttp3.internal.http.RealInterceptorChain.proceed(RealInterceptorChain.java:142)
08-04 21:17:38.022 28313 16413 W System.err: 	at okhttp3.internal.http.RealInterceptorChain.proceed(RealInterceptorChain.java:117)
08-04 21:17:38.022 28313 16413 W System.err: 	at okhttp3.internal.cache.CacheInterceptor.intercept(CacheInterceptor.java:94)
08-04 21:17:38.022 28313 16413 W System.err: 	at okhttp3.internal.http.RealInterceptorChain.proceed(RealInterceptorChain.java:142)
08-04 21:17:38.022 28313 16413 W System.err: 	at okhttp3.internal.http.RealInterceptorChain.proceed(RealInterceptorChain.java:117)
08-04 21:17:38.023 28313 16413 W System.err: 	at okhttp3.internal.http.BridgeInterceptor.intercept(BridgeInterceptor.java:93)
08-04 21:17:38.023 28313 16413 W System.err: 	at okhttp3.internal.http.RealInterceptorChain.proceed(RealInterceptorChain.java:142)
08-04 21:17:38.023 28313 16413 W System.err: 	at okhttp3.internal.http.RetryAndFollowUpInterceptor.intercept(RetryAndFollowUpInterceptor.java:88)
08-04 21:17:38.023 28313 16413 W System.err: 	at okhttp3.internal.http.RealInterceptorChain.proceed(RealInterceptorChain.java:142)
08-04 21:17:38.024 28313 16413 W System.err: 	at okhttp3.internal.http.RealInterceptorChain.proceed(RealInterceptorChain.java:117)
08-04 21:17:38.024 28313 16413 W System.err: 	at nl.vu.cs.s2group.nappa.Nappa$CustomInterceptor.intercept(Nappa.java:875)
08-04 21:17:38.024 28313 16413 W System.err: 	at okhttp3.internal.http.RealInterceptorChain.proceed(RealInterceptorChain.java:142)
08-04 21:17:38.024 28313 16413 W System.err: 	at okhttp3.internal.http.RealInterceptorChain.proceed(RealInterceptorChain.java:117)
08-04 21:17:38.024 28313 16413 W System.err: 	at okhttp3.RealCall.getResponseWithInterceptorChain(RealCall.java:229)
08-04 21:17:38.024 28313 16413 W System.err: 	at okhttp3.RealCall.execute(RealCall.java:81)
08-04 21:17:38.024 28313 16413 W System.err: 	at nappagreedy.com.newsblur.network.APIResponse.<init>(APIResponse.java:57)
08-04 21:17:38.024 28313 16413 W System.err: 	at nappagreedy.com.newsblur.network.APIResponse.<init>(APIResponse.java:43)
08-04 21:17:38.024 28313 16413 W System.err: 	at nappagreedy.com.newsblur.network.APIManager.post_single(APIManager.java:703)
08-04 21:17:38.024 28313 16413 W System.err: 	at nappagreedy.com.newsblur.network.APIManager.post(APIManager.java:676)
08-04 21:17:38.024 28313 16413 W System.err: 	at nappagreedy.com.newsblur.network.APIManager.post(APIManager.java:715)
08-04 21:17:38.024 28313 16413 W System.err: 	at nappagreedy.com.newsblur.network.APIManager.markStoryAsRead(APIManager.java:206)
08-04 21:17:38.024 28313 16413 W System.err: 	at nappagreedy.com.newsblur.util.ReadingAction.doRemote(ReadingAction.java:281)
08-04 21:17:38.024 28313 16413 W System.err: 	at nappagreedy.com.newsblur.service.NBSyncService.syncActions(NBSyncService.java:400)
08-04 21:17:38.024 28313 16413 W System.err: 	at nappagreedy.com.newsblur.service.NBSyncService.doSync(NBSyncService.java:298)
08-04 21:17:38.025 28313 16413 W System.err: 	at nappagreedy.com.newsblur.service.NBSyncService.access$100(NBSyncService.java:67)
