08-04 11:56:26.234 13055 14018 W System.err: 	at okhttp3.internal.cache.CacheInterceptor.intercept(CacheInterceptor.java:94)
08-04 11:56:26.234 13055 14018 W System.err: 	at okhttp3.internal.http.RealInterceptorChain.proceed(RealInterceptorChain.java:142)
08-04 11:56:26.234 13055 14018 W System.err: 	at okhttp3.internal.http.RealInterceptorChain.proceed(RealInterceptorChain.java:117)
08-04 11:56:26.234 13055 14018 W System.err: 	at okhttp3.internal.http.BridgeInterceptor.intercept(BridgeInterceptor.java:93)
08-04 11:56:26.234 13055 14018 W System.err: 	at okhttp3.internal.http.RealInterceptorChain.proceed(RealInterceptorChain.java:142)
08-04 11:56:26.234 13055 14018 W System.err: 	at okhttp3.internal.http.RetryAndFollowUpInterceptor.intercept(RetryAndFollowUpInterceptor.java:88)
08-04 11:56:26.234 13055 14018 W System.err: 	at okhttp3.internal.http.RealInterceptorChain.proceed(RealInterceptorChain.java:142)
08-04 11:56:26.234 13055 14018 W System.err: 	at okhttp3.internal.http.RealInterceptorChain.proceed(RealInterceptorChain.java:117)
08-04 11:56:26.234 13055 14018 W System.err: 	at nl.vu.cs.s2group.nappa.Nappa$CustomInterceptor.intercept(Nappa.java:875)
08-04 11:56:26.234 13055 14018 W System.err: 	at okhttp3.internal.http.RealInterceptorChain.proceed(RealInterceptorChain.java:142)
08-04 11:56:26.234 13055 14018 W System.err: 	at okhttp3.internal.http.RealInterceptorChain.proceed(RealInterceptorChain.java:117)
08-04 11:56:26.234 13055 14018 W System.err: 	at okhttp3.RealCall.getResponseWithInterceptorChain(RealCall.java:229)
08-04 11:56:26.234 13055 14018 W System.err: 	at okhttp3.RealCall.execute(RealCall.java:81)
08-04 11:56:26.234 13055 14018 W System.err: 	at nappagreedy.com.newsblur.network.APIResponse.<init>(APIResponse.java:57)
08-04 11:56:26.234 13055 14018 W System.err: 	at nappagreedy.com.newsblur.network.APIResponse.<init>(APIResponse.java:43)
08-04 11:56:26.234 13055 14018 W System.err: 	at nappagreedy.com.newsblur.network.APIManager.post_single(APIManager.java:703)
08-04 11:56:26.234 13055 14018 W System.err: 	at nappagreedy.com.newsblur.network.APIManager.post(APIManager.java:676)
08-04 11:56:26.234 13055 14018 W System.err: 	at nappagreedy.com.newsblur.network.APIManager.post(APIManager.java:715)
08-04 11:56:26.234 13055 14018 W System.err: 	at nappagreedy.com.newsblur.network.APIManager.markStoryAsRead(APIManager.java:206)
08-04 11:56:26.234 13055 14018 W System.err: 	at nappagreedy.com.newsblur.util.ReadingAction.doRemote(ReadingAction.java:281)
08-04 11:56:26.235 13055 14018 W System.err: 	at nappagreedy.com.newsblur.service.NBSyncService.syncActions(NBSyncService.java:400)
08-04 11:56:26.235 13055 14018 W System.err: 	at nappagreedy.com.newsblur.service.NBSyncService.doSync(NBSyncService.java:298)
08-04 11:56:26.235 13055 14018 W System.err: 	at nappagreedy.com.newsblur.service.NBSyncService.access$100(NBSyncService.java:67)
08-04 11:56:26.235 13055 14018 W System.err: 	at nappagreedy.com.newsblur.service.NBSyncService$1.run(NBSyncService.java:188)
08-04 11:56:26.235 13055 14018 W System.err: 	at java.util.concurrent.ThreadPoolExecutor.runWorker(ThreadPoolExecutor.java:1113)
08-04 11:56:26.235 13055 14018 W System.err: 	at java.util.concurrent.ThreadPoolExecutor$Worker.run(ThreadPoolExecutor.java:588)
08-04 11:56:26.235 13055 14018 W System.err: 	at java.lang.Thread.run(Thread.java:818)
08-04 11:56:26.235 13055 14018 W System.err: Caused by: java.io.EOFException: \n not found: limit=0 content=
08-04 11:56:26.235 13055 14018 W System.err: 	at okio.RealBufferedSource.readUtf8LineStrict(RealBufferedSource.java:240)
08-04 11:56:26.235 13055 14018 W System.err: 	at okhttp3.internal.http1.Http1ExchangeCodec.readHeaderLine(Http1ExchangeCodec.java:242)
08-04 11:56:26.235 13055 14018 W System.err: 	at okhttp3.internal.http1.Http1ExchangeCodec.readResponseHeaders(Http1ExchangeCodec.java:213)
08-04 11:56:26.235 13055 14018 W System.err: 	... 33 more
08-04 11:56:26.235 13055 14018 D CustomInterceptor: interceptor_finished : return_type #4 : interceptor failed, resuming the request chain with the original request
08-04 11:56:26.517 13055 13067 I art     : Starting a blocking GC Explicit
08-04 11:56:26.554 13055 13067 I art     : Explicit concurrent mark sweep GC freed 4606(322KB) AllocSpace objects, 2(100KB) LOS objects, 30% free, 36MB/52MB, paused 1.061ms total 36.815ms
08-04 11:56:26.566 13055 13067 I art     : Starting a blocking GC Explicit
08-04 11:56:26.602 13055 13067 I art     : Explicit concurrent mark sweep GC freed 1853(79KB) AllocSpace objects, 0(0B) LOS objects, 30% free, 36MB/52MB, paused 1.110ms total 35.821ms
08-04 11:56:26.613 13055 13067 I art     : Starting a blocking GC Explicit
08-04 11:56:26.619 13055 14018 E nappagreedy.com.newsblur.network.APIResponse: Error (unexpected end of stream on https://www.newsblur.com/...) calling https://www.newsblur.com/reader/mark_story_hashes_as_read/
08-04 11:56:26.619 13055 14018 E nappagreedy.com.newsblur.network.APIResponse: java.io.IOException: unexpected end of stream on https://www.newsblur.com/...
08-04 11:56:26.619 13055 14018 E nappagreedy.com.newsblur.network.APIResponse: 	at okhttp3.internal.http1.Http1ExchangeCodec.readResponseHeaders(Http1ExchangeCodec.java:236)
08-04 11:56:26.619 13055 14018 E nappagreedy.com.newsblur.network.APIResponse: 	at okhttp3.internal.connection.Exchange.readResponseHeaders(Exchange.java:115)
08-04 11:56:26.619 13055 14018 E nappagreedy.com.newsblur.network.APIResponse: 	at okhttp3.internal.http.CallServerInterceptor.intercept(CallServerInterceptor.java:94)
08-04 11:56:26.619 13055 14018 E nappagreedy.com.newsblur.network.APIResponse: 	at okhttp3.internal.http.RealInterceptorChain.proceed(RealInterceptorChain.java:142)
08-04 11:56:26.619 13055 14018 E nappagreedy.com.newsblur.network.APIResponse: 	at okhttp3.internal.connection.ConnectInterceptor.intercept(ConnectInterceptor.java:43)
08-04 11:56:26.619 13055 14018 E nappagreedy.com.newsblur.network.APIResponse: 	at okhttp3.internal.http.RealInterceptorChain.proceed(RealInterceptorChain.java:142)
08-04 11:56:26.619 13055 14018 E nappagreedy.com.newsblur.network.APIResponse: 	at okhttp3.internal.http.RealInterceptorChain.proceed(RealInterceptorChain.java:117)
08-04 11:56:26.619 13055 14018 E nappagreedy.com.newsblur.network.APIResponse: 	at okhttp3.internal.cache.CacheInterceptor.intercept(CacheInterceptor.java:94)
08-04 11:56:26.619 13055 14018 E nappagreedy.com.newsblur.network.APIResponse: 	at okhttp3.internal.http.RealInterceptorChain.proceed(RealInterceptorChain.java:142)
08-04 11:56:26.619 13055 14018 E nappagreedy.com.newsblur.network.APIResponse: 	at okhttp3.internal.http.RealInterceptorChain.proceed(RealInterceptorChain.java:117)
08-04 11:56:26.619 13055 14018 E nappagreedy.com.newsblur.network.APIResponse: 	at okhttp3.internal.http.BridgeInterceptor.intercept(BridgeInterceptor.java:93)
08-04 11:56:26.619 13055 14018 E nappagreedy.com.newsblur.network.APIResponse: 	at okhttp3.internal.http.RealInterceptorChain.proceed(RealInterceptorChain.java:142)
08-04 11:56:26.619 13055 14018 E nappagreedy.com.newsblur.network.APIResponse: 	at okhttp3.internal.http.RetryAndFollowUpInterceptor.intercept(RetryAndFollowUpInterceptor.java:88)
08-04 11:56:26.619 13055 14018 E nappagreedy.com.newsblur.network.APIResponse: 	at okhttp3.internal.http.RealInterceptorChain.proceed(RealInterceptorChain.java:142)
08-04 11:56:26.619 13055 14018 E nappagreedy.com.newsblur.network.APIResponse: 	at okhttp3.internal.http.RealInterceptorChain.proceed(RealInterceptorChain.java:117)
08-04 11:56:26.619 13055 14018 E nappagreedy.com.newsblur.network.APIResponse: 	at nl.vu.cs.s2group.nappa.Nappa$CustomInterceptor.intercept(Nappa.java:970)
08-04 11:56:26.619 13055 14018 E nappagreedy.com.newsblur.network.APIResponse: 	at okhttp3.internal.http.RealInterceptorChain.proceed(RealInterceptorChain.java:142)
08-04 11:56:26.619 13055 14018 E nappagreedy.com.newsblur.network.APIResponse: 	at okhttp3.internal.http.RealInterceptorChain.proceed(RealInterceptorChain.java:117)
08-04 11:56:26.619 13055 14018 E nappagreedy.com.newsblur.network.APIResponse: 	at okhttp3.RealCall.getResponseWithInterceptorChain(RealCall.java:229)
08-04 11:56:26.619 13055 14018 E nappagreedy.com.newsblur.network.APIResponse: 	at okhttp3.RealCall.execute(RealCall.java:81)
08-04 11:56:26.619 13055 14018 E nappagreedy.com.newsblur.network.APIResponse: 	at nappagreedy.com.newsblur.network.APIResponse.<init>(APIResponse.java:57)
08-04 11:56:26.619 13055 14018 E nappagreedy.com.newsblur.network.APIResponse: 	at nappagreedy.com.newsblur.network.APIResponse.<init>(APIResponse.java:43)
08-04 11:56:26.619 13055 14018 E nappagreedy.com.newsblur.network.APIResponse: 	at nappagreedy.com.newsblur.network.APIManager.post_single(APIManager.java:703)
08-04 11:56:26.619 13055 14018 E nappagreedy.com.newsblur.network.APIResponse: 	at nappagreedy.com.newsblur.network.APIManager.post(APIManager.java:676)
08-04 11:56:26.619 13055 14018 E nappagreedy.com.newsblur.network.APIResponse: 	at nappagreedy.com.newsblur.network.APIManager.post(APIManager.java:715)
08-04 11:56:26.619 13055 14018 E nappagreedy.com.newsblur.network.APIResponse: 	at nappagreedy.com.newsblur.network.APIManager.markStoryAsRead(APIManager.java:206)
08-04 11:56:26.619 13055 14018 E nappagreedy.com.newsblur.network.APIResponse: 	at nappagreedy.com.newsblur.util.ReadingAction.doRemote(ReadingAction.java:281)
08-04 11:56:26.619 13055 14018 E nappagreedy.com.newsblur.network.APIResponse: 	at nappagreedy.com.newsblur.service.NBSyncService.syncActions(NBSyncService.java:400)
08-04 11:56:26.619 13055 14018 E nappagreedy.com.newsblur.network.APIResponse: 	at nappagreedy.com.newsblur.service.NBSyncService.doSync(NBSyncService.java:298)
08-04 11:56:26.619 13055 14018 E nappagreedy.com.newsblur.network.APIResponse: 	at nappagreedy.com.newsblur.service.NBSyncService.access$100(NBSyncService.java:67)
08-04 11:56:26.619 13055 14018 E nappagreedy.com.newsblur.network.APIResponse: 	at nappagreedy.com.newsblur.service.NBSyncService$1.run(NBSyncService.java:188)
08-04 11:56:26.619 13055 14018 E nappagreedy.com.newsblur.network.APIResponse: 	at java.util.concurrent.ThreadPoolExecutor.runWorker(ThreadPoolExecutor.java:1113)
08-04 11:56:26.619 13055 14018 E nappagreedy.com.newsblur.network.APIResponse: 	at java.util.concurrent.ThreadPoolExecutor$Worker.run(ThreadPoolExecutor.java:588)
08-04 11:56:26.619 13055 14018 E nappagreedy.com.newsblur.network.APIResponse: 	at java.lang.Thread.run(Thread.java:818)
08-04 11:56:26.619 13055 14018 E nappagreedy.com.newsblur.network.APIResponse: Caused by: java.io.EOFException: \n not found: limit=0 content=
08-04 11:56:26.619 13055 14018 E nappagreedy.com.newsblur.network.APIResponse: 	at okio.RealBufferedSource.readUtf8LineStrict(RealBufferedSource.java:240)
08-04 11:56:26.619 13055 14018 E nappagreedy.com.newsblur.network.APIResponse: 	at okhttp3.internal.http1.Http1ExchangeCodec.readHeaderLine(Http1ExchangeCodec.java:242)
08-04 11:56:26.619 13055 14018 E nappagreedy.com.newsblur.network.APIResponse: 	at okhttp3.internal.http1.Http1ExchangeCodec.readResponseHeaders(Http1ExchangeCodec.java:213)
08-04 11:56:26.619 13055 14018 E nappagreedy.com.newsblur.network.APIResponse: 	... 33 more
08-04 11:56:26.621 13055 14018 I nappagreedy.com.newsblur.network.APIManager: API call failed, pausing before retry number 1
08-04 11:56:26.645 13055 13067 I art     : Explicit concurrent mark sweep GC freed 841(201KB) AllocSpace objects, 2(40KB) LOS objects, 30% free, 36MB/52MB, paused 1.097ms total 31.686ms
08-04 11:56:26.654 13055 13067 I art     : Starting a blocking GC Explicit
08-04 11:56:26.685 13055 13067 I art     : Explicit concurrent mark sweep GC freed 106(16KB) AllocSpace objects, 0(0B) LOS objects, 30% free, 36MB/52MB, paused 978us total 31.057ms
08-04 11:56:26.695 13055 13067 I art     : Starting a blocking GC Explicit
08-04 11:56:26.729 13055 13067 I art     : Explicit concurrent mark sweep GC freed 25(832B) AllocSpace objects, 0(0B) LOS objects, 30% free, 36MB/52MB, paused 1.067ms total 33.461ms
08-04 11:56:26.804 13055 13665 E chromium: [ERROR:tile_manager.cc(793)] WARNING: tile memory limits exceeded, some content may not draw
08-04 11:56:26.805 13055 13665 E chromium: [ERROR:tile_manager.cc(793)] WARNING: tile memory limits exceeded, some content may not draw
08-04 11:56:26.837 13055 13665 E chromium: [ERROR:tile_manager.cc(793)] WARNING: tile memory limits exceeded, some content may not draw
08-04 11:56:26.838 13055 13665 E chromium: [ERROR:tile_manager.cc(793)] WARNING: tile memory limits exceeded, some content may not draw
08-04 11:56:26.850 13055 13665 E chromium: [ERROR:tile_manager.cc(793)] WARNING: tile memory limits exceeded, some content may not draw
08-04 11:56:26.850 13055 13665 E chromium: [ERROR:tile_manager.cc(793)] WARNING: tile memory limits exceeded, some content may not draw
08-04 11:56:27.041 13055 13132 I art     : Starting a blocking GC Explicit
08-04 11:56:27.080 13055 13132 I art     : Explicit concurrent mark sweep GC freed 1755(97KB) AllocSpace objects, 1(20KB) LOS objects, 30% free, 36MB/52MB, paused 1.075ms total 38.583ms
08-04 11:56:27.090 13055 13132 I art     : Starting a blocking GC Explicit
08-04 11:56:27.126 13055 13132 I art     : Explicit concurrent mark sweep GC freed 30(1104B) AllocSpace objects, 0(0B) LOS objects, 30% free, 36MB/52MB, paused 1.131ms total 35.066ms
08-04 11:56:27.136 13055 13132 I art     : Starting a blocking GC Explicit
08-04 11:56:27.170 13055 13132 I art     : Explicit concurrent mark sweep GC freed 3(96B) AllocSpace objects, 0(0B) LOS objects, 30% free, 36MB/52MB, paused 1.007ms total 33.950ms
08-04 11:56:27.181 13055 13132 I art     : Starting a blocking GC Explicit
08-04 11:56:27.215 13055 13132 I art     : Explicit concurrent mark sweep GC freed 3(96B) AllocSpace objects, 0(0B) LOS objects, 30% free, 36MB/52MB, paused 1.058ms total 33.980ms
08-04 11:56:27.225 13055 13132 I art     : Starting a blocking GC Explicit
08-04 11:56:27.259 13055 13132 I art     : Explicit concurrent mark sweep GC freed 3(96B) AllocSpace objects, 0(0B) LOS objects, 30% free, 36MB/52MB, paused 1.182ms total 34.344ms
08-04 11:56:27.614 13055 13067 I art     : Starting a blocking GC Explicit
08-04 11:56:27.653 13055 13067 I art     : Explicit concurrent mark sweep GC freed 1637(95KB) AllocSpace objects, 1(20KB) LOS objects, 30% free, 36MB/52MB, paused 1.040ms total 38.955ms
08-04 11:56:27.665 13055 13067 I art     : Starting a blocking GC Explicit
08-04 11:56:27.700 13055 13067 I art     : Explicit concurrent mark sweep GC freed 30(1104B) AllocSpace objects, 0(0B) LOS objects, 30% free, 36MB/52MB, paused 1.049ms total 34.831ms
08-04 11:56:27.710 13055 13067 I art     : Starting a blocking GC Explicit
08-04 11:56:27.744 13055 13067 I art     : Explicit concurrent mark sweep GC freed 3(96B) AllocSpace objects, 0(0B) LOS objects, 30% free, 36MB/52MB, paused 1.197ms total 34.067ms
08-04 11:56:27.754 13055 13067 I art     : Starting a blocking GC Explicit
08-04 11:56:27.789 13055 13067 I art     : Explicit concurrent mark sweep GC freed 3(96B) AllocSpace objects, 0(0B) LOS objects, 30% free, 36MB/52MB, paused 1.017ms total 34.800ms
08-04 11:56:27.800 13055 13067 I art     : Starting a blocking GC Explicit
08-04 11:56:27.836 13055 13067 I art     : Explicit concurrent mark sweep GC freed 3(96B) AllocSpace objects, 0(0B) LOS objects, 30% free, 36MB/52MB, paused 1.024ms total 35.341ms
08-04 11:56:28.122 13055 14018 D CustomInterceptor: NETWORK-PROVIDER https://www.newsblur.com/reader/mark_story_hashes_as_read/
08-04 11:56:28.123 13055 14018 D CustomInterceptor: HEADER REQUEST
08-04 11:56:28.123 13055 14018 D CustomInterceptor: Cache-Control max-age=300, max-stale=300
08-04 11:56:28.123 13055 14018 D CustomInterceptor: Cookie newsblur_sessionid=qlbd3ilzka7q9q07v2htr96j75kh6za7; Domain=.newsblur.com; expires=Wed, 03 Aug 2022 21:07:45 GMT; Max-Age=63072000; Path=/
08-04 11:56:28.123 13055 14018 D CustomInterceptor: CACHED STATS: size = '9', maxSize = '100', hitCount = '9', createCount = '0', putCount = '9', evictionCount = '0', missCount = '24', toString = 'LruCache[maxSize=100,hits=9,misses=24,hitRate=27%]', 
08-04 11:56:28.123 13055 14018 D CustomInterceptor: PREFLIB NOT A GET REQUEST OR NOT IN CACHEPOST
08-04 11:56:28.187 13055 13068 I art     : Starting a blocking GC Explicit
08-04 11:56:28.225 13055 13068 I art     : Explicit concurrent mark sweep GC freed 1861(110KB) AllocSpace objects, 1(20KB) LOS objects, 30% free, 36MB/52MB, paused 1.122ms total 37.718ms
08-04 11:56:28.236 13055 13068 I art     : Starting a blocking GC Explicit
08-04 11:56:28.271 13055 13068 I art     : Explicit concurrent mark sweep GC freed 56(3KB) AllocSpace objects, 0(0B) LOS objects, 30% free, 36MB/52MB, paused 1.070ms total 34.639ms
08-04 11:56:28.282 13055 13068 I art     : Starting a blocking GC Explicit
08-04 11:56:28.317 13055 13068 I art     : Explicit concurrent mark sweep GC freed 3(96B) AllocSpace objects, 0(0B) LOS objects, 30% free, 36MB/52MB, paused 1.317ms total 34.897ms
08-04 11:56:28.328 13055 13068 I art     : Starting a blocking GC Explicit
08-04 11:56:28.364 13055 13068 I art     : Explicit concurrent mark sweep GC freed 3(96B) AllocSpace objects, 0(0B) LOS objects, 30% free, 36MB/52MB, paused 1.157ms total 35.426ms
08-04 11:56:28.375 13055 13068 I art     : Starting a blocking GC Explicit
08-04 11:56:28.408 13055 13068 I art     : Explicit concurrent mark sweep GC freed 3(96B) AllocSpace objects, 0(0B) LOS objects, 30% free, 36MB/52MB, paused 1.159ms total 33.524ms
08-04 11:56:28.665 13055 14018 D CustomInterceptor: Interceptor exiting with exception java.io.IOException: unexpected end of stream on https://www.newsblur.com/...
08-04 11:56:28.665 13055 14018 W System.err: java.io.IOException: unexpected end of stream on https://www.newsblur.com/...
08-04 11:56:28.665 13055 14018 W System.err: 	at okhttp3.internal.http1.Http1ExchangeCodec.readResponseHeaders(Http1ExchangeCodec.java:236)
08-04 11:56:28.666 13055 14018 W System.err: 	at okhttp3.internal.connection.Exchange.readResponseHeaders(Exchange.java:115)
08-04 11:56:28.666 13055 14018 W System.err: 	at okhttp3.internal.http.CallServerInterceptor.intercept(CallServerInterceptor.java:94)
08-04 11:56:28.666 13055 14018 W System.err: 	at okhttp3.internal.http.RealInterceptorChain.proceed(RealInterceptorChain.java:142)
08-04 11:56:28.666 13055 14018 W System.err: 	at okhttp3.internal.connection.ConnectInterceptor.intercept(ConnectInterceptor.java:43)
08-04 11:56:28.666 13055 14018 W System.err: 	at okhttp3.internal.http.RealInterceptorChain.proceed(RealInterceptorChain.java:142)
08-04 11:56:28.666 13055 14018 W System.err: 	at okhttp3.internal.http.RealInterceptorChain.proceed(RealInterceptorChain.java:117)
08-04 11:56:28.666 13055 14018 W System.err: 	at okhttp3.internal.cache.CacheInterceptor.intercept(CacheInterceptor.java:94)
08-04 11:56:28.666 13055 14018 W System.err: 	at okhttp3.internal.http.RealInterceptorChain.proceed(RealInterceptorChain.java:142)
08-04 11:56:28.666 13055 14018 W System.err: 	at okhttp3.internal.http.RealInterceptorChain.proceed(RealInterceptorChain.java:117)
08-04 11:56:28.666 13055 14018 W System.err: 	at okhttp3.internal.http.BridgeInterceptor.intercept(BridgeInterceptor.java:93)
08-04 11:56:28.666 13055 14018 W System.err: 	at okhttp3.internal.http.RealInterceptorChain.proceed(RealInterceptorChain.java:142)
08-04 11:56:28.666 13055 14018 W System.err: 	at okhttp3.internal.http.RetryAndFollowUpInterceptor.intercept(RetryAndFollowUpInterceptor.java:88)
08-04 11:56:28.666 13055 14018 W System.err: 	at okhttp3.internal.http.RealInterceptorChain.proceed(RealInterceptorChain.java:142)
08-04 11:56:28.666 13055 14018 W System.err: 	at okhttp3.internal.http.RealInterceptorChain.proceed(RealInterceptorChain.java:117)
08-04 11:56:28.666 13055 14018 W System.err: 	at nl.vu.cs.s2group.nappa.Nappa$CustomInterceptor.intercept(Nappa.java:875)
08-04 11:56:28.666 13055 14018 W System.err: 	at okhttp3.internal.http.RealInterceptorChain.proceed(RealInterceptorChain.java:142)
08-04 11:56:28.666 13055 14018 W System.err: 	at okhttp3.internal.http.RealInterceptorChain.proceed(RealInterceptorChain.java:117)
08-04 11:56:28.667 13055 14018 W System.err: 	at okhttp3.RealCall.getResponseWithInterceptorChain(RealCall.java:229)
08-04 11:56:28.667 13055 14018 W System.err: 	at okhttp3.RealCall.execute(RealCall.java:81)
08-04 11:56:28.667 13055 14018 W System.err: 	at nappagreedy.com.newsblur.network.APIResponse.<init>(APIResponse.java:57)
08-04 11:56:28.667 13055 14018 W System.err: 	at nappagreedy.com.newsblur.network.APIResponse.<init>(APIResponse.java:43)
08-04 11:56:28.667 13055 14018 W System.err: 	at nappagreedy.com.newsblur.network.APIManager.post_single(APIManager.java:703)
08-04 11:56:28.667 13055 14018 W System.err: 	at nappagreedy.com.newsblur.network.APIManager.post(APIManager.java:676)
08-04 11:56:28.667 13055 14018 W System.err: 	at nappagreedy.com.newsblur.network.APIManager.post(APIManager.java:715)
08-04 11:56:28.667 13055 14018 W System.err: 	at nappagreedy.com.newsblur.network.APIManager.markStoryAsRead(APIManager.java:206)
08-04 11:56:28.667 13055 14018 W System.err: 	at nappagreedy.com.newsblur.util.ReadingAction.doRemote(ReadingAction.java:281)
08-04 11:56:28.667 13055 14018 W System.err: 	at nappagreedy.com.newsblur.service.NBSyncService.syncActions(NBSyncService.java:400)
08-04 11:56:28.667 13055 14018 W System.err: 	at nappagreedy.com.newsblur.service.NBSyncService.doSync(NBSyncService.java:298)
08-04 11:56:28.667 13055 14018 W System.err: 	at nappagreedy.com.newsblur.service.NBSyncService.access$100(NBSyncService.java:67)
08-04 11:56:28.667 13055 14018 W System.err: 	at nappagreedy.com.newsblur.service.NBSyncService$1.run(NBSyncService.java:188)
08-04 11:56:28.667 13055 14018 W System.err: 	at java.util.concurrent.ThreadPoolExecutor.runWorker(ThreadPoolExecutor.java:1113)
08-04 11:56:28.667 13055 14018 W System.err: 	at java.util.concurrent.ThreadPoolExecutor$Worker.run(ThreadPoolExecutor.java:588)
08-04 11:56:28.667 13055 14018 W System.err: 	at java.lang.Thread.run(Thread.java:818)
08-04 11:56:28.667 13055 14018 W System.err: Caused by: java.io.EOFException: \n not found: limit=0 content=
08-04 11:56:28.668 13055 14018 W System.err: 	at okio.RealBufferedSource.readUtf8LineStrict(RealBufferedSource.java:240)
08-04 11:56:28.668 13055 14018 W System.err: 	at okhttp3.internal.http1.Http1ExchangeCodec.readHeaderLine(Http1ExchangeCodec.java:242)
08-04 11:56:28.668 13055 14018 W System.err: 	at okhttp3.internal.http1.Http1ExchangeCodec.readResponseHeaders(Http1ExchangeCodec.java:213)
08-04 11:56:28.668 13055 14018 W System.err: 	... 33 more
08-04 11:56:28.668 13055 14018 D CustomInterceptor: interceptor_finished : return_type #4 : interceptor failed, resuming the request chain with the original request
08-04 11:56:28.709 13866 13882 I PeriodicStatsRunner: PeriodicStatsRunner.call():175 call()
08-04 11:56:28.710 13866 13882 I PeriodicStatsRunner: PeriodicStatsRunner.call():179 No submit PeriodicStats since input started.
08-04 11:56:28.764 13055 13132 I art     : Starting a blocking GC Explicit
08-04 11:56:28.803 13055 13132 I art     : Explicit concurrent mark sweep GC freed 4065(232KB) AllocSpace objects, 1(20KB) LOS objects, 30% free, 36MB/52MB, paused 1.093ms total 38.638ms
08-04 11:56:28.814 13055 13132 I art     : Starting a blocking GC Explicit
08-04 11:56:28.850 13055 13132 I art     : Explicit concurrent mark sweep GC freed 109(3KB) AllocSpace objects, 0(0B) LOS objects, 30% free, 36MB/52MB, paused 1.116ms total 36.084ms
08-04 11:56:28.860 13055 13132 I art     : Starting a blocking GC Explicit
08-04 11:56:28.896 13055 13132 I art     : Explicit concurrent mark sweep GC freed 3(96B) AllocSpace objects, 0(0B) LOS objects, 30% free, 36MB/52MB, paused 1.211ms total 35.135ms
08-04 11:56:28.906 13055 13132 I art     : Starting a blocking GC Explicit
08-04 11:56:28.926 29594 29726 E GoogleConversionReporter: Error sending ping
08-04 11:56:28.926 29594 29726 E GoogleConversionReporter: bljc: Exception in CronetUrlRequest: net::ERR_CONNECTION_CLOSED, ErrorCode=5, InternalErrorCode=-100, Retryable=true
08-04 11:56:28.926 29594 29726 E GoogleConversionReporter: 	at org.chromium.net.impl.CronetUrlRequest.onError(PG:55)
08-04 11:56:28.940 13055 13132 I art     : Explicit concurrent mark sweep GC freed 3(96B) AllocSpace objects, 0(0B) LOS objects, 30% free, 36MB/52MB, paused 1.054ms total 33.886ms
08-04 11:56:28.950 13055 13132 I art     : Starting a blocking GC Explicit
08-04 11:56:28.985 13055 13132 I art     : Explicit concurrent mark sweep GC freed 3(96B) AllocSpace objects, 0(0B) LOS objects, 30% free, 36MB/52MB, paused 1.070ms total 34.535ms
08-04 11:56:29.048 13055 14018 E nappagreedy.com.newsblur.network.APIResponse: Error (unexpected end of stream on https://www.newsblur.com/...) calling https://www.newsblur.com/reader/mark_story_hashes_as_read/
08-04 11:56:29.048 13055 14018 E nappagreedy.com.newsblur.network.APIResponse: java.io.IOException: unexpected end of stream on https://www.newsblur.com/...
08-04 11:56:29.048 13055 14018 E nappagreedy.com.newsblur.network.APIResponse: 	at okhttp3.internal.http1.Http1ExchangeCodec.readResponseHeaders(Http1ExchangeCodec.java:236)
08-04 11:56:29.048 13055 14018 E nappagreedy.com.newsblur.network.APIResponse: 	at okhttp3.internal.connection.Exchange.readResponseHeaders(Exchange.java:115)
08-04 11:56:29.048 13055 14018 E nappagreedy.com.newsblur.network.APIResponse: 	at okhttp3.internal.http.CallServerInterceptor.intercept(CallServerInterceptor.java:94)
08-04 11:56:29.048 13055 14018 E nappagreedy.com.newsblur.network.APIResponse: 	at okhttp3.internal.http.RealInterceptorChain.proceed(RealInterceptorChain.java:142)
08-04 11:56:29.048 13055 14018 E nappagreedy.com.newsblur.network.APIResponse: 	at okhttp3.internal.connection.ConnectInterceptor.intercept(ConnectInterceptor.java:43)
08-04 11:56:29.048 13055 14018 E nappagreedy.com.newsblur.network.APIResponse: 	at okhttp3.internal.http.RealInterceptorChain.proceed(RealInterceptorChain.java:142)
08-04 11:56:29.048 13055 14018 E nappagreedy.com.newsblur.network.APIResponse: 	at okhttp3.internal.http.RealInterceptorChain.proceed(RealInterceptorChain.java:117)
08-04 11:56:29.048 13055 14018 E nappagreedy.com.newsblur.network.APIResponse: 	at okhttp3.internal.cache.CacheInterceptor.intercept(CacheInterceptor.java:94)
08-04 11:56:29.048 13055 14018 E nappagreedy.com.newsblur.network.APIResponse: 	at okhttp3.internal.http.RealInterceptorChain.proceed(RealInterceptorChain.java:142)
08-04 11:56:29.048 13055 14018 E nappagreedy.com.newsblur.network.APIResponse: 	at okhttp3.internal.http.RealInterceptorChain.proceed(RealInterceptorChain.java:117)
08-04 11:56:29.048 13055 14018 E nappagreedy.com.newsblur.network.APIResponse: 	at okhttp3.internal.http.BridgeInterceptor.intercept(BridgeInterceptor.java:93)
08-04 11:56:29.048 13055 14018 E nappagreedy.com.newsblur.network.APIResponse: 	at okhttp3.internal.http.RealInterceptorChain.proceed(RealInterceptorChain.java:142)
08-04 11:56:29.048 13055 14018 E nappagreedy.com.newsblur.network.APIResponse: 	at okhttp3.internal.http.RetryAndFollowUpInterceptor.intercept(RetryAndFollowUpInterceptor.java:88)
08-04 11:56:29.048 13055 14018 E nappagreedy.com.newsblur.network.APIResponse: 	at okhttp3.internal.http.RealInterceptorChain.proceed(RealInterceptorChain.java:142)
08-04 11:56:29.048 13055 14018 E nappagreedy.com.newsblur.network.APIResponse: 	at okhttp3.internal.http.RealInterceptorChain.proceed(RealInterceptorChain.java:117)
08-04 11:56:29.048 13055 14018 E nappagreedy.com.newsblur.network.APIResponse: 	at nl.vu.cs.s2group.nappa.Nappa$CustomInterceptor.intercept(Nappa.java:970)
08-04 11:56:29.048 13055 14018 E nappagreedy.com.newsblur.network.APIResponse: 	at okhttp3.internal.http.RealInterceptorChain.proceed(RealInterceptorChain.java:142)
08-04 11:56:29.048 13055 14018 E nappagreedy.com.newsblur.network.APIResponse: 	at okhttp3.internal.http.RealInterceptorChain.proceed(RealInterceptorChain.java:117)
08-04 11:56:29.048 13055 14018 E nappagreedy.com.newsblur.network.APIResponse: 	at okhttp3.RealCall.getResponseWithInterceptorChain(RealCall.java:229)
08-04 11:56:29.048 13055 14018 E nappagreedy.com.newsblur.network.APIResponse: 	at okhttp3.RealCall.execute(RealCall.java:81)
08-04 11:56:29.048 13055 14018 E nappagreedy.com.newsblur.network.APIResponse: 	at nappagreedy.com.newsblur.network.APIResponse.<init>(APIResponse.java:57)
08-04 11:56:29.048 13055 14018 E nappagreedy.com.newsblur.network.APIResponse: 	at nappagreedy.com.newsblur.network.APIResponse.<init>(APIResponse.java:43)
08-04 11:56:29.048 13055 14018 E nappagreedy.com.newsblur.network.APIResponse: 	at nappagreedy.com.newsblur.network.APIManager.post_single(APIManager.java:703)
08-04 11:56:29.048 13055 14018 E nappagreedy.com.newsblur.network.APIResponse: 	at nappagreedy.com.newsblur.network.APIManager.post(APIManager.java:676)
08-04 11:56:29.048 13055 14018 E nappagreedy.com.newsblur.network.APIResponse: 	at nappagreedy.com.newsblur.network.APIManager.post(APIManager.java:715)
08-04 11:56:29.048 13055 14018 E nappagreedy.com.newsblur.network.APIResponse: 	at nappagreedy.com.newsblur.network.APIManager.markStoryAsRead(APIManager.java:206)
08-04 11:56:29.048 13055 14018 E nappagreedy.com.newsblur.network.APIResponse: 	at nappagreedy.com.newsblur.util.ReadingAction.doRemote(ReadingAction.java:281)
08-04 11:56:29.048 13055 14018 E nappagreedy.com.newsblur.network.APIResponse: 	at nappagreedy.com.newsblur.service.NBSyncService.syncActions(NBSyncService.java:400)
08-04 11:56:29.048 13055 14018 E nappagreedy.com.newsblur.network.APIResponse: 	at nappagreedy.com.newsblur.service.NBSyncService.doSync(NBSyncService.java:298)
08-04 11:56:29.048 13055 14018 E nappagreedy.com.newsblur.network.APIResponse: 	at nappagreedy.com.newsblur.service.NBSyncService.access$100(NBSyncService.java:67)
08-04 11:56:29.048 13055 14018 E nappagreedy.com.newsblur.network.APIResponse: 	at nappagreedy.com.newsblur.service.NBSyncService$1.run(NBSyncService.java:188)
08-04 11:56:29.048 13055 14018 E nappagreedy.com.newsblur.network.APIResponse: 	at java.util.concurrent.ThreadPoolExecutor.runWorker(ThreadPoolExecutor.java:1113)
08-04 11:56:29.048 13055 14018 E nappagreedy.com.newsblur.network.APIResponse: 	at java.util.concurrent.ThreadPoolExecutor$Worker.run(ThreadPoolExecutor.java:588)
08-04 11:56:29.048 13055 14018 E nappagreedy.com.newsblur.network.APIResponse: 	at java.lang.Thread.run(Thread.java:818)
08-04 11:56:29.048 13055 14018 E nappagreedy.com.newsblur.network.APIResponse: Caused by: java.io.EOFException: \n not found: limit=0 content=
08-04 11:56:29.048 13055 14018 E nappagreedy.com.newsblur.network.APIResponse: 	at okio.RealBufferedSource.readUtf8LineStrict(RealBufferedSource.java:240)
08-04 11:56:29.048 13055 14018 E nappagreedy.com.newsblur.network.APIResponse: 	at okhttp3.internal.http1.Http1ExchangeCodec.readHeaderLine(Http1ExchangeCodec.java:242)
08-04 11:56:29.048 13055 14018 E nappagreedy.com.newsblur.network.APIResponse: 	at okhttp3.internal.http1.Http1ExchangeCodec.readResponseHeaders(Http1ExchangeCodec.java:213)
08-04 11:56:29.048 13055 14018 E nappagreedy.com.newsblur.network.APIResponse: 	... 33 more
08-04 11:56:29.050 13055 14018 I nappagreedy.com.newsblur.network.APIManager: API call failed, pausing before retry number 2
08-04 11:56:29.345 13055 13067 I art     : Starting a blocking GC Explicit
08-04 11:56:29.386 13055 13067 I art     : Explicit concurrent mark sweep GC freed 4203(378KB) AllocSpace objects, 3(60KB) LOS objects, 30% free, 36MB/52MB, paused 1.408ms total 40.464ms
08-04 11:56:29.396 13055 13067 I art     : Starting a blocking GC Explicit
08-04 11:56:29.428 13055 13067 I art     : Explicit concurrent mark sweep GC freed 117(4KB) AllocSpace objects, 0(0B) LOS objects, 30% free, 36MB/52MB, paused 1.208ms total 31.532ms
08-04 11:56:29.438 13055 13067 I art     : Starting a blocking GC Explicit
08-04 11:56:29.470 13055 13067 I art     : Explicit concurrent mark sweep GC freed 3(96B) AllocSpace objects, 0(0B) LOS objects, 30% free, 36MB/52MB, paused 1.072ms total 31.867ms
08-04 11:56:29.479 13055 13067 I art     : Starting a blocking GC Explicit
08-04 11:56:29.511 13055 13067 I art     : Explicit concurrent mark sweep GC freed 3(96B) AllocSpace objects, 0(0B) LOS objects, 30% free, 36MB/52MB, paused 1.107ms total 31.180ms
08-04 11:56:29.520 13055 13067 I art     : Starting a blocking GC Explicit
08-04 11:56:29.552 13055 13067 I art     : Explicit concurrent mark sweep GC freed 3(96B) AllocSpace objects, 0(0B) LOS objects, 30% free, 36MB/52MB, paused 1.046ms total 31.601ms
08-04 11:56:29.748 14092 14092 D AndroidRuntime: >>>>>> START com.android.internal.os.RuntimeInit uid 2000 <<<<<<
08-04 11:56:29.753 14092 14092 D AndroidRuntime: CheckJNI is OFF
08-04 11:56:29.781 14092 14092 D ICU     : No timezone override file found: /data/misc/zoneinfo/current/icu/icu_tzdata.dat
08-04 11:56:29.812 14092 14092 I Radio-JNI: register_android_hardware_Radio DONE
08-04 11:56:29.833 14092 14092 D AndroidRuntime: Calling main entry com.android.commands.input.Input
08-04 11:56:29.834 14092 14092 I Input   : injectKeyEvent: KeyEvent { action=ACTION_DOWN, keyCode=KEYCODE_BACK, scanCode=0, metaState=0, flags=0x0, repeatCount=0, eventTime=705406248, downTime=705406248, deviceId=-1, source=0x101 }
08-04 11:56:29.840 14092 14092 I Input   : injectKeyEvent: KeyEvent { action=ACTION_UP, keyCode=KEYCODE_BACK, scanCode=0, metaState=0, flags=0x0, repeatCount=0, eventTime=705406248, downTime=705406248, deviceId=-1, source=0x101 }
08-04 11:56:29.846 13055 13055 D NappaLifecycleObserver: nappagreedy.com.newsblur.activity.GlobalSharedStoriesReading - onPause
08-04 11:56:29.846 14092 14092 D AndroidRuntime: Shutting down VM
08-04 11:56:29.846 13055 13055 D Nappa   : Stayed on nappagreedy.com.newsblur.activity.GlobalSharedStoriesReading for 4410 ms
08-04 11:56:29.881 13055 13067 I art     : Starting a blocking GC Explicit
08-04 11:56:29.913 13055 13067 I art     : Explicit concurrent mark sweep GC freed 2039(139KB) AllocSpace objects, 3(60KB) LOS objects, 30% free, 36MB/52MB, paused 1.132ms total 31.608ms
08-04 11:56:29.923 13055 13067 I art     : Starting a blocking GC Explicit
08-04 11:56:29.940 13055 13055 D NappaLifecycleObserver: nappagreedy.com.newsblur.activity.GlobalSharedStoriesItemsList - onResume
08-04 11:56:29.940 13055 13055 D Nappa   : setCurrentActivity - MetricStrategyAccuracy - 
08-04 11:56:29.940 13055 13055 D Nappa   : madePredictionFromActivity = true, 
08-04 11:56:29.940 13055 13055 D Nappa   : fromActivity = nappagreedy.com.newsblur.activity.GlobalSharedStoriesReading, 
08-04 11:56:29.940 13055 13055 D Nappa   : predictedNextActivityFromActivity = [], 
08-04 11:56:29.940 13055 13055 D Nappa   : activity.getClass().getCanonicalName() = nappagreedy.com.newsblur.activity.GlobalSharedStoriesItemsList, 
08-04 11:56:29.940 13055 13055 D Nappa   : setCurrentActivity - MetricStrategyAccuracy - 
08-04 11:56:29.940 13055 13055 D Nappa   : madePredictionFromExtra = false, 
08-04 11:56:29.940 13055 13055 D Nappa   : fromActivity = nappagreedy.com.newsblur.activity.GlobalSharedStoriesReading, 
08-04 11:56:29.940 13055 13055 D Nappa   : predictedNextActivityFromExtra = [], 
08-04 11:56:29.940 13055 13055 D Nappa   : activity.getClass().getCanonicalName() = nappagreedy.com.newsblur.activity.GlobalSharedStoriesItemsList, 
08-04 11:56:29.941 13055 13055 D Nappa   : PREFETCH_ON_EXTRA - setCurrentActivity - logs - from activity - made prediction istrue
08-04 11:56:29.941 13055 13055 D Nappa   : PREFETCH_ON_EXTRA - setCurrentActivity - logs - from activity - start
08-04 11:56:29.941 13055 13055 I NAPPA_EXPERIMENTATION: MetricStrategyAccuracy: LOG_ID='6',EXECUTION_COUNT='6',CASES_COUNT='6',HIT_PERCENTAGE_TOTAL='50.0',HIT_PERCENTAGE_WHEN_PREDICTED='100.0',HIT_COUNT='3',MISS_COUNT='0',INSUFFICIENT_SCORE_COUNT='1',EXCEPTION_COUNT='0',NO_SUCCESSOR_COUNT='2',
08-04 11:56:29.941 13055 13055 D Nappa   : PREFETCH_ON_EXTRA - setCurrentActivity - logs - from activity- finished
08-04 11:56:29.959 13055 13067 I art     : Explicit concurrent mark sweep GC freed 596(54KB) AllocSpace objects, 1(20KB) LOS objects, 30% free, 36MB/52MB, paused 1.284ms total 36.093ms
08-04 11:56:29.969 13055 13067 I art     : Starting a blocking GC Explicit
08-04 11:56:30.006 13055 13067 I art     : Explicit concurrent mark sweep GC freed 28(1056B) AllocSpace objects, 0(0B) LOS objects, 30% free, 36MB/52MB, paused 1.164ms total 35.825ms
08-04 11:56:30.016 13055 13067 I art     : Starting a blocking GC Explicit
08-04 11:56:30.041 13055 13055 D Nappa   : registerActivity: (already in) nappagreedy.com.newsblur.activity.GlobalSharedStoriesItemsList
08-04 11:56:30.041 13055 13055 D ActivityGraph: LARDataCalculatedUpdate nappagreedy.com.newsblur.activity.GlobalSharedStoriesItemsList Pagerank: 0.25 HITS-Authority: 1.0 HITS-Hub: 1.0 SALSA-Authority: 1.0 SALSA-Hub: 1.0
08-04 11:56:30.041 13055 13055 D Nappa   : SHOULD_PREFETCH false
08-04 11:56:30.041 13055 13055 D Nappa   : STATS Number of requests not prefetched: 9
08-04 11:56:30.041 13055 13055 D Nappa   : STATS Number of requests prefetched: 0
08-04 11:56:30.042 13055 13055 D Nappa   : STATS Time saved until now: 0.0
08-04 11:56:30.052 13055 13067 I art     : Explicit concurrent mark sweep GC freed 219(9KB) AllocSpace objects, 0(0B) LOS objects, 30% free, 36MB/52MB, paused 1.122ms total 36.455ms
08-04 11:56:30.063 13055 13067 I art     : Starting a blocking GC Explicit
08-04 11:56:30.073 13055 13055 D ActivityNode: Observer - visit time - GlobalSharedStoriesReading - New aggregate visit time found is 102194 ms
08-04 11:56:30.074 13866 13866 I GoogleInputMethodServic: GoogleInputMethodService.onFinishInput():3138 
08-04 11:56:30.075 13866 13866 I GoogleInputMethodServic: GoogleInputMethodService.onStartInput():1808 
08-04 11:56:30.100 13055 13067 I art     : Explicit concurrent mark sweep GC freed 726(65KB) AllocSpace objects, 1(20KB) LOS objects, 30% free, 36MB/52MB, paused 1.177ms total 36.570ms
08-04 11:56:30.341 13055 13073 D Nappa   : PREFETCH_ON_EXTRA - setCurrentActivity - logs - from extra - made prediction isfalse
08-04 11:56:30.403 13055 13055 D NappaLifecycleObserver: nappagreedy.com.newsblur.activity.GlobalSharedStoriesReading - onDestroy
08-04 11:56:30.404 13055 13055 D NappaLifecycleObserver: -------------F1_SCORE #21 -----------
08-04 11:56:30.404 13055 13055 D NappaLifecycleObserver: F1_SCORE - Intercept list (11)= [https://www.newsblur.com/reader/feeds/?update_counts=true, https://www.newsblur.com/reader/unread_story_hashes?include_timestamps=1, https://www.newsblur.com/social/river_stories?order=newest&page=1&read_filter=all&global_feed=true, https://www.newsblur.com/rss_feeds/icon/0, https://s3.amazonaws.com/icons.newsblur.com/6882243.png, https://s3.amazonaws.com/icons.newsblur.com/18178.png, https://s3.amazonaws.com/icons.newsblur.com/5762506.png, http://feeds.feedburner.com/~r/retort/~4/UffaFMiJbNs, https://images.fastcompany.net/image/upload/w_1280,q_auto,f_auto,fl_lossy/wp-cms/uploads/2020/07/p-1-90532920-this-chart-shows-how-effective-masks-can-be.png, https://www.gravatar.com/avatar/f5934485a0863578733c447016505547, https://www.newsblur.com/social/river_stories?order=newest&page=2&read_filter=all&global_feed=true]
08-04 11:56:30.404 13055 13055 D NappaLifecycleObserver: F1_SCORE - Prefetch list (0)= []
08-04 11:56:30.404 13055 13055 D NappaLifecycleObserver: F1_SCORE - TP list (0)= []
08-04 11:56:30.404 13055 13055 D NappaLifecycleObserver: F1_SCORE - FN list (11)= [https://www.newsblur.com/reader/feeds/?update_counts=true, https://www.newsblur.com/reader/unread_story_hashes?include_timestamps=1, https://www.newsblur.com/social/river_stories?order=newest&page=1&read_filter=all&global_feed=true, https://www.newsblur.com/rss_feeds/icon/0, https://s3.amazonaws.com/icons.newsblur.com/6882243.png, https://s3.amazonaws.com/icons.newsblur.com/18178.png, https://s3.amazonaws.com/icons.newsblur.com/5762506.png, http://feeds.feedburner.com/~r/retort/~4/UffaFMiJbNs, https://images.fastcompany.net/image/upload/w_1280,q_auto,f_auto,fl_lossy/wp-cms/uploads/2020/07/p-1-90532920-this-chart-shows-how-effective-masks-can-be.png, https://www.gravatar.com/avatar/f5934485a0863578733c447016505547, https://www.newsblur.com/social/river_stories?order=newest&page=2&read_filter=all&global_feed=true]
08-04 11:56:30.404 13055 13055 I NAPPA_EXPERIMENTATION: MetricPrefetchingAccuracy: LOG_ID='22',F1_SCORE_1='0.0',F1_SCORE_2='0.0',TRUE_POSITIVE='0',FALSE_POSITIVE='0',FALSE_NEGATIVE='11',
08-04 11:56:30.414 13055 13067 I art     : Starting a blocking GC Explicit
08-04 11:56:30.447 13055 13067 I art     : Explicit concurrent mark sweep GC freed 4518(273KB) AllocSpace objects, 3(68KB) LOS objects, 30% free, 36MB/52MB, paused 1.102ms total 32.095ms
08-04 11:56:30.456 13055 13067 I art     : Starting a blocking GC Explicit
08-04 11:56:30.488 13055 13067 I art     : Explicit concurrent mark sweep GC freed 126(5KB) AllocSpace objects, 0(0B) LOS objects, 30% free, 36MB/52MB, paused 1.168ms total 32.200ms
08-04 11:56:30.498 13055 13067 I art     : Starting a blocking GC Explicit
08-04 11:56:30.518 13866 13882 I PeriodicStatsRunner: PeriodicStatsRunner.call():175 call()
08-04 11:56:30.518 13866 13882 I PeriodicStatsRunner: PeriodicStatsRunner.call():179 No submit PeriodicStats since input started.
08-04 11:56:30.532 13055 13067 I art     : Explicit concurrent mark sweep GC freed 130(6KB) AllocSpace objects, 0(0B) LOS objects, 30% free, 36MB/52MB, paused 1.155ms total 33.722ms
08-04 11:56:30.542 13055 13067 I art     : Starting a blocking GC Explicit
08-04 11:56:30.575 13055 13067 I art     : Explicit concurrent mark sweep GC freed 9(288B) AllocSpace objects, 0(0B) LOS objects, 30% free, 36MB/52MB, paused 1.157ms total 33.062ms
08-04 11:56:30.585 13055 13067 I art     : Starting a blocking GC Explicit
08-04 11:56:30.620 13055 13067 I art     : Explicit concurrent mark sweep GC freed 8(256B) AllocSpace objects, 0(0B) LOS objects, 30% free, 36MB/52MB, paused 1.232ms total 35.208ms
08-04 11:56:30.951 13055 13067 I art     : Starting a blocking GC Explicit
08-04 11:56:30.992 13055 13067 I art     : Explicit concurrent mark sweep GC freed 1682(95KB) AllocSpace objects, 1(20KB) LOS objects, 30% free, 36MB/52MB, paused 1.339ms total 40.388ms
08-04 11:56:31.003 13055 13067 I art     : Starting a blocking GC Explicit
08-04 11:56:31.042 13055 13067 I art     : Explicit concurrent mark sweep GC freed 35(1264B) AllocSpace objects, 0(0B) LOS objects, 30% free, 36MB/52MB, paused 1.319ms total 38.456ms
08-04 11:56:31.053 13055 13067 I art     : Starting a blocking GC Explicit
08-04 11:56:31.090 13055 13067 I art     : Explicit concurrent mark sweep GC freed 9(288B) AllocSpace objects, 0(0B) LOS objects, 30% free, 36MB/52MB, paused 1.168ms total 37.384ms
08-04 11:56:31.103 13055 13067 I art     : Starting a blocking GC Explicit
08-04 11:56:31.140 13055 13067 I art     : Explicit concurrent mark sweep GC freed 9(288B) AllocSpace objects, 0(0B) LOS objects, 30% free, 36MB/52MB, paused 1.270ms total 37.387ms
08-04 11:56:31.150 13055 13067 I art     : Starting a blocking GC Explicit
08-04 11:56:31.185 13055 13067 I art     : Explicit concurrent mark sweep GC freed 7(224B) AllocSpace objects, 0(0B) LOS objects, 30% free, 36MB/52MB, paused 1.124ms total 34.366ms
08-04 11:56:31.487 14136 14136 D AndroidRuntime: >>>>>> START com.android.internal.os.RuntimeInit uid 2000 <<<<<<
08-04 11:56:31.492 14136 14136 D AndroidRuntime: CheckJNI is OFF
08-04 11:56:31.510 13055 13068 I art     : Starting a blocking GC Explicit
08-04 11:56:31.525 14136 14136 D ICU     : No timezone override file found: /data/misc/zoneinfo/current/icu/icu_tzdata.dat
08-04 11:56:31.544 13055 13068 I art     : Explicit concurrent mark sweep GC freed 1677(95KB) AllocSpace objects, 1(20KB) LOS objects, 30% free, 36MB/52MB, paused 1.224ms total 33.459ms
08-04 11:56:31.553 13055 13068 I art     : Starting a blocking GC Explicit
08-04 11:56:31.558 14136 14136 I Radio-JNI: register_android_hardware_Radio DONE
08-04 11:56:31.578 14136 14136 D AndroidRuntime: Calling main entry com.android.commands.input.Input
08-04 11:56:31.579 14136 14136 I Input   : injectKeyEvent: KeyEvent { action=ACTION_DOWN, keyCode=KEYCODE_BACK, scanCode=0, metaState=0, flags=0x0, repeatCount=0, eventTime=705407992, downTime=705407992, deviceId=-1, source=0x101 }
08-04 11:56:31.583 13055 13068 I art     : Explicit concurrent mark sweep GC freed 30(1104B) AllocSpace objects, 0(0B) LOS objects, 30% free, 36MB/52MB, paused 1.058ms total 29.617ms
08-04 11:56:31.583 14136 14136 I Input   : injectKeyEvent: KeyEvent { action=ACTION_UP, keyCode=KEYCODE_BACK, scanCode=0, metaState=0, flags=0x0, repeatCount=0, eventTime=705407992, downTime=705407992, deviceId=-1, source=0x101 }
08-04 11:56:31.589 13055 13055 D NappaLifecycleObserver: nappagreedy.com.newsblur.activity.GlobalSharedStoriesItemsList - onPause
08-04 11:56:31.589 14136 14136 D AndroidRuntime: Shutting down VM
08-04 11:56:31.589 13055 13055 D Nappa   : Stayed on nappagreedy.com.newsblur.activity.GlobalSharedStoriesItemsList for 1547 ms
08-04 11:56:31.592 13055 13068 I art     : Starting a blocking GC Explicit
08-04 11:56:31.622 13055 13068 I art     : Explicit concurrent mark sweep GC freed 489(71KB) AllocSpace objects, 4(80KB) LOS objects, 30% free, 36MB/52MB, paused 1.058ms total 30.150ms
08-04 11:56:31.630   518   646 I ThermalEngine: ACTION: GPU - Setting GPU[0] to 450000000
08-04 11:56:31.633 13055 13068 I art     : Starting a blocking GC Explicit
08-04 11:56:31.671 13055 13068 I art     : Explicit concurrent mark sweep GC freed 49(1920B) AllocSpace objects, 0(0B) LOS objects, 30% free, 36MB/52MB, paused 1.502ms total 37.898ms
08-04 11:56:31.683 13055 13068 I art     : Starting a blocking GC Explicit
08-04 11:56:31.715 13055 13055 D NappaLifecycleObserver: nappagreedy.com.newsblur.activity.Main - onResume
08-04 11:56:31.716 13055 13055 D Nappa   : setCurrentActivity - MetricStrategyAccuracy - 
08-04 11:56:31.716 13055 13055 D Nappa   : madePredictionFromActivity = false, 
08-04 11:56:31.716 13055 13055 D Nappa   : fromActivity = nappagreedy.com.newsblur.activity.GlobalSharedStoriesItemsList, 
08-04 11:56:31.716 13055 13055 D Nappa   : predictedNextActivityFromActivity = [], 
08-04 11:56:31.716 13055 13055 D Nappa   : activity.getClass().getCanonicalName() = nappagreedy.com.newsblur.activity.Main, 
08-04 11:56:31.716 13055 13055 D Nappa   : setCurrentActivity - MetricStrategyAccuracy - 
08-04 11:56:31.716 13055 13055 D Nappa   : madePredictionFromExtra = false, 
08-04 11:56:31.716 13055 13055 D Nappa   : fromActivity = nappagreedy.com.newsblur.activity.GlobalSharedStoriesItemsList, 
08-04 11:56:31.716 13055 13055 D Nappa   : predictedNextActivityFromExtra = [], 
08-04 11:56:31.716 13055 13055 D Nappa   : activity.getClass().getCanonicalName() = nappagreedy.com.newsblur.activity.Main, 
08-04 11:56:31.716 13055 13055 D Nappa   : PREFETCH_ON_EXTRA - setCurrentActivity - logs - from activity - made prediction isfalse
08-04 11:56:31.728 13055 13068 I art     : Explicit concurrent mark sweep GC freed 1986(151KB) AllocSpace objects, 4(80KB) LOS objects, 30% free, 36MB/52MB, paused 1.696ms total 44.410ms
08-04 11:56:31.816 13055 13055 D Nappa   : registerActivity: (already in) nappagreedy.com.newsblur.activity.Main
08-04 11:56:31.816 13055 13055 D ActivityGraph: LARDataCalculatedUpdate nappagreedy.com.newsblur.activity.Main Pagerank: 0.25 HITS-Authority: 1.0 HITS-Hub: 1.0 SALSA-Authority: 1.0 SALSA-Hub: 1.0
08-04 11:56:31.816 13055 13055 D Nappa   : SHOULD_PREFETCH false
08-04 11:56:31.817 13055 13055 D Nappa   : STATS Number of requests not prefetched: 9
08-04 11:56:31.817 13055 13055 D Nappa   : STATS Number of requests prefetched: 0
08-04 11:56:31.817 13055 13055 D Nappa   : STATS Time saved until now: 0.0
08-04 11:56:31.859 13055 13055 D ActivityNode: Observer - visit time - GlobalSharedStoriesItemsList - New aggregate visit time found is 114877 ms
08-04 11:56:31.861 13866 13866 I GoogleInputMethodServic: GoogleInputMethodService.onFinishInput():3138 
08-04 11:56:31.861 13866 13866 I GoogleInputMethodServic: GoogleInputMethodService.onStartInput():1808 
08-04 11:56:32.052 13055 14018 D CustomInterceptor: NETWORK-PROVIDER https://www.newsblur.com/reader/mark_story_hashes_as_read/
08-04 11:56:32.052 13055 14018 D CustomInterceptor: HEADER REQUEST
08-04 11:56:32.052 13055 14018 D CustomInterceptor: Cache-Control max-age=300, max-stale=300
08-04 11:56:32.052 13055 14018 D CustomInterceptor: Cookie newsblur_sessionid=qlbd3ilzka7q9q07v2htr96j75kh6za7; Domain=.newsblur.com; expires=Wed, 03 Aug 2022 21:07:45 GMT; Max-Age=63072000; Path=/
08-04 11:56:32.053 13055 14018 D CustomInterceptor: CACHED STATS: size = '9', maxSize = '100', hitCount = '9', createCount = '0', putCount = '9', evictionCount = '0', missCount = '25', toString = 'LruCache[maxSize=100,hits=9,misses=25,hitRate=26%]', 
08-04 11:56:32.053 13055 14018 D CustomInterceptor: PREFLIB NOT A GET REQUEST OR NOT IN CACHEPOST
08-04 11:56:32.063 13055 13132 I art     : Starting a blocking GC Explicit
08-04 11:56:32.105 13055 13132 I art     : Explicit concurrent mark sweep GC freed 7952(484KB) AllocSpace objects, 5(100KB) LOS objects, 30% free, 36MB/52MB, paused 1.487ms total 42.161ms
08-04 11:56:32.116 13055 13073 D Nappa   : PREFETCH_ON_EXTRA - setCurrentActivity - logs - from extra - made prediction isfalse
08-04 11:56:32.118  7508  7508 I Atfwd_Sendcmd: AtCmdFwd service not ready - Exhausted retry attempts - :6
08-04 11:56:32.118 13055 13132 I art     : Starting a blocking GC Explicit
08-04 11:56:32.118  7508  7508 I Atfwd_Daemon: result : -1 	 ,Init step :2 	 ,qmiErrorCode: 0
