08-06 02:20:51.205  3231  5752 D Nappa   : F1_SCORE - FN list (10)= [https://project-travel-mate.herokuapp.com/api/get-user, https://project-travel-mate.herokuapp.com/api/get-all-cities/10, https://project-travel-mate.herokuapp.com/api/number-of-unread-notifications, https://project-travel-mate.herokuapp.com/api/get-city-weather/1, https://project-travel-mate.herokuapp.com/api/get-city/1, https://project-travel-mate.herokuapp.com/api/get-city-information/1, https://project-travel-mate.herokuapp.com/api/get-city-facts/1, https://project-travel-mate.herokuapp.com/api/get-city-images/1, https://project-travel-mate.herokuapp.com/api/get-upcoming-holidays/2020, https://project-travel-mate.herokuapp.com/api/get-notifications]
08-06 02:20:51.305  3231  3274 D Nappa   : registerActivity: (already in) nappagreedy.io.github.project_travel_mate.MainActivity
08-06 02:20:51.305  3231  3274 D Nappa   : PARENTS 
08-06 02:20:51.305  3231  3274 D Nappa   : Of: nappagreedy.io.github.project_travel_mate.MainActivity -> 
08-06 02:20:51.305  3231  3274 D Nappa   : PARENTS nappagreedy.io.github.project_travel_mate.SplashActivity
08-06 02:20:51.492  3231  3274 D Nappa   : PREFETCH_ON_EXTRA - setCurrentActivity - logs - from extra - made prediction isfalse
08-06 02:20:53.058  3231  3231 D Nappa   : Stayed on nappagreedy.io.github.project_travel_mate.MainActivity for 1869 ms
08-06 02:20:53.616  3231  3231 D Nappa   : setCurrentActivity - MetricStrategyAccuracy - 
08-06 02:20:53.616  3231  3231 D Nappa   : madePredictionFromActivity = false, 
08-06 02:20:53.616  3231  3231 D Nappa   : fromActivity = nappagreedy.io.github.project_travel_mate.MainActivity, 
08-06 02:20:53.616  3231  3231 D Nappa   : predictedNextActivityFromActivity = [], 
08-06 02:20:53.616  3231  3231 D Nappa   : activity.getClass().getCanonicalName() = nappagreedy.io.github.project_travel_mate.utilities.CompassActivity, 
08-06 02:20:53.617  3231  3231 D Nappa   : setCurrentActivity - MetricStrategyAccuracy - 
08-06 02:20:53.617  3231  3231 D Nappa   : madePredictionFromExtra = false, 
08-06 02:20:53.617  3231  3231 D Nappa   : fromActivity = nappagreedy.io.github.project_travel_mate.MainActivity, 
08-06 02:20:53.617  3231  3231 D Nappa   : predictedNextActivityFromExtra = [], 
08-06 02:20:53.617  3231  3231 D Nappa   : activity.getClass().getCanonicalName() = nappagreedy.io.github.project_travel_mate.utilities.CompassActivity, 
08-06 02:20:53.617  3231  3231 D Nappa   : PREFETCH_ON_EXTRA - setCurrentActivity - logs - from activity - made prediction isfalse
08-06 02:20:53.719  3231  3231 D Nappa   : registerActivity: (already in) nappagreedy.io.github.project_travel_mate.utilities.CompassActivity
08-06 02:20:53.720  3231  3231 D Nappa   : SHOULD_PREFETCH true
08-06 02:20:53.820  3231  3231 D Nappa   : registerActivity: (already in) nappagreedy.io.github.project_travel_mate.utilities.CompassActivity
08-06 02:20:53.820  3231  3231 D Nappa   : STATS Number of requests not prefetched: 12
08-06 02:20:53.820  3231  3231 D Nappa   : STATS Number of requests prefetched: 19
08-06 02:20:53.820  3231  3231 D Nappa   : STATS Time saved until now: 0.95100003
08-06 02:20:54.017  3231  3274 D Nappa   : PREFETCH_ON_EXTRA - setCurrentActivity - logs - from extra - made prediction isfalse
08-06 02:20:54.320  3231  3274 D Nappa   : PREFETCH_ON_EXTRA - setCurrentActivity - starting new prediction
08-06 02:20:54.320  3231  3274 D Nappa   : Current node - currentActivityName - nappagreedy.io.github.project_travel_mate.utilities.CompassActivity
08-06 02:20:54.320  3231  3274 D Nappa   : Current node - activityGraph.getCurrent() - nappagreedy.io.github.project_travel_mate.utilities.CompassActivity
08-06 02:20:54.321  3231  3274 D Nappa   : PREFETCH_ON_EXTRA - setCurrentActivity - finished new prediction
08-06 02:20:55.976  3231  3231 D Nappa   : Stayed on nappagreedy.io.github.project_travel_mate.utilities.CompassActivity for 2156 ms
08-06 02:20:55.998  3231  3231 D Nappa   : setCurrentActivity - MetricStrategyAccuracy - 
08-06 02:20:55.998  3231  3231 D Nappa   : madePredictionFromActivity = true, 
08-06 02:20:55.998  3231  3231 D Nappa   : fromActivity = nappagreedy.io.github.project_travel_mate.utilities.CompassActivity, 
08-06 02:20:55.998  3231  3231 D Nappa   : predictedNextActivityFromActivity = [], 
08-06 02:20:55.998  3231  3231 D Nappa   : activity.getClass().getCanonicalName() = nappagreedy.io.github.project_travel_mate.MainActivity, 
08-06 02:20:55.998  3231  3231 D Nappa   : setCurrentActivity - MetricStrategyAccuracy - 
08-06 02:20:55.998  3231  3231 D Nappa   : madePredictionFromExtra = false, 
08-06 02:20:55.998  3231  3231 D Nappa   : fromActivity = nappagreedy.io.github.project_travel_mate.utilities.CompassActivity, 
08-06 02:20:55.998  3231  3231 D Nappa   : predictedNextActivityFromExtra = [], 
08-06 02:20:55.998  3231  3231 D Nappa   : activity.getClass().getCanonicalName() = nappagreedy.io.github.project_travel_mate.MainActivity, 
08-06 02:20:55.998  3231  3231 D Nappa   : PREFETCH_ON_EXTRA - setCurrentActivity - logs - from activity - made prediction istrue
08-06 02:20:55.999  3231  3231 D Nappa   : PREFETCH_ON_EXTRA - setCurrentActivity - logs - from activity - start
08-06 02:20:55.999  3231  3231 D Nappa   : PREFETCH_ON_EXTRA - setCurrentActivity - logs - from activity- finished
08-06 02:20:56.099  3231  3231 D Nappa   : registerActivity: (already in) nappagreedy.io.github.project_travel_mate.MainActivity
08-06 02:20:56.099  3231  3231 D Nappa   : SHOULD_PREFETCH false
08-06 02:20:56.100  3231  3231 D Nappa   : STATS Number of requests not prefetched: 12
08-06 02:20:56.100  3231  3231 D Nappa   : STATS Number of requests prefetched: 19
08-06 02:20:56.100  3231  3231 D Nappa   : STATS Time saved until now: 0.95100003
08-06 02:20:56.104  3231  3231 D Nappa   : TAG okHttpClient initialized
08-06 02:20:56.106  3231  5861 D Nappa   : F1_SCORE add_intercept_url - (already in) - https://project-travel-mate.herokuapp.com/api/number-of-unread-notifications
08-06 02:20:56.107  3231  5861 D Nappa   : F1_SCORE add_fn_url - (already in) - https://project-travel-mate.herokuapp.com/api/number-of-unread-notifications
08-06 02:20:56.107  3231  5861 D Nappa   : -------------F1_SCORE #45 -----------
08-06 02:20:56.107  3231  5861 D Nappa   : F1_SCORE - Intercept list (10)= [https://project-travel-mate.herokuapp.com/api/get-user, https://project-travel-mate.herokuapp.com/api/get-all-cities/10, https://project-travel-mate.herokuapp.com/api/number-of-unread-notifications, https://project-travel-mate.herokuapp.com/api/get-city-weather/1, https://project-travel-mate.herokuapp.com/api/get-city/1, https://project-travel-mate.herokuapp.com/api/get-city-information/1, https://project-travel-mate.herokuapp.com/api/get-city-facts/1, https://project-travel-mate.herokuapp.com/api/get-city-images/1, https://project-travel-mate.herokuapp.com/api/get-upcoming-holidays/2020, https://project-travel-mate.herokuapp.com/api/get-notifications]
08-06 02:20:56.107  3231  5861 D Nappa   : F1_SCORE - Prefetch list (0)= []
08-06 02:20:56.107  3231  5861 D Nappa   : F1_SCORE - TP list (0)= []
08-06 02:20:56.107  3231  5861 D Nappa   : F1_SCORE - FN list (10)= [https://project-travel-mate.herokuapp.com/api/get-user, https://project-travel-mate.herokuapp.com/api/get-all-cities/10, https://project-travel-mate.herokuapp.com/api/number-of-unread-notifications, https://project-travel-mate.herokuapp.com/api/get-city-weather/1, https://project-travel-mate.herokuapp.com/api/get-city/1, https://project-travel-mate.herokuapp.com/api/get-city-information/1, https://project-travel-mate.herokuapp.com/api/get-city-facts/1, https://project-travel-mate.herokuapp.com/api/get-city-images/1, https://project-travel-mate.herokuapp.com/api/get-upcoming-holidays/2020, https://project-travel-mate.herokuapp.com/api/get-notifications]
08-06 02:20:56.207  3231  3274 D Nappa   : registerActivity: (already in) nappagreedy.io.github.project_travel_mate.MainActivity
08-06 02:20:56.207  3231  3274 D Nappa   : PARENTS 
08-06 02:20:56.207  3231  3274 D Nappa   : Of: nappagreedy.io.github.project_travel_mate.MainActivity -> 
08-06 02:20:56.207  3231  3274 D Nappa   : PARENTS nappagreedy.io.github.project_travel_mate.SplashActivity
08-06 02:20:56.399  3231  3274 D Nappa   : PREFETCH_ON_EXTRA - setCurrentActivity - logs - from extra - made prediction isfalse
08-06 02:21:02.217  3231  3231 D Nappa   : Stayed on nappagreedy.io.github.project_travel_mate.MainActivity for 6117 ms
08-06 02:21:02.252  3231  3231 D Nappa   : TAG okHttpClient initialized
08-06 02:21:02.253  3231  5982 D Nappa   : F1_SCORE add_intercept_url - (already in) - https://project-travel-mate.herokuapp.com/api/get-upcoming-holidays/2020
08-06 02:21:02.253  3231  5982 D Nappa   : F1_SCORE add_fn_url - (already in) - https://project-travel-mate.herokuapp.com/api/get-upcoming-holidays/2020
08-06 02:21:02.253  3231  5982 D Nappa   : -------------F1_SCORE #47 -----------
08-06 02:21:02.254  3231  5982 D Nappa   : F1_SCORE - Intercept list (10)= [https://project-travel-mate.herokuapp.com/api/get-user, https://project-travel-mate.herokuapp.com/api/get-all-cities/10, https://project-travel-mate.herokuapp.com/api/number-of-unread-notifications, https://project-travel-mate.herokuapp.com/api/get-city-weather/1, https://project-travel-mate.herokuapp.com/api/get-city/1, https://project-travel-mate.herokuapp.com/api/get-city-information/1, https://project-travel-mate.herokuapp.com/api/get-city-facts/1, https://project-travel-mate.herokuapp.com/api/get-city-images/1, https://project-travel-mate.herokuapp.com/api/get-upcoming-holidays/2020, https://project-travel-mate.herokuapp.com/api/get-notifications]
08-06 02:21:02.254  3231  5982 D Nappa   : F1_SCORE - Prefetch list (0)= []
08-06 02:21:02.254  3231  5982 D Nappa   : F1_SCORE - TP list (0)= []
08-06 02:21:02.254  3231  5982 D Nappa   : F1_SCORE - FN list (10)= [https://project-travel-mate.herokuapp.com/api/get-user, https://project-travel-mate.herokuapp.com/api/get-all-cities/10, https://project-travel-mate.herokuapp.com/api/number-of-unread-notifications, https://project-travel-mate.herokuapp.com/api/get-city-weather/1, https://project-travel-mate.herokuapp.com/api/get-city/1, https://project-travel-mate.herokuapp.com/api/get-city-information/1, https://project-travel-mate.herokuapp.com/api/get-city-facts/1, https://project-travel-mate.herokuapp.com/api/get-city-images/1, https://project-travel-mate.herokuapp.com/api/get-upcoming-holidays/2020, https://project-travel-mate.herokuapp.com/api/get-notifications]
08-06 02:21:02.259  3231  3231 D Nappa   : TAG okHttpClient initialized
08-06 02:21:02.260  3231  3231 D Nappa   : setCurrentActivity - MetricStrategyAccuracy - 
08-06 02:21:02.260  3231  3231 D Nappa   : madePredictionFromActivity = false, 
08-06 02:21:02.260  3231  3231 D Nappa   : fromActivity = nappagreedy.io.github.project_travel_mate.MainActivity, 
08-06 02:21:02.260  3231  3231 D Nappa   : predictedNextActivityFromActivity = [], 
08-06 02:21:02.260  3231  3231 D Nappa   : activity.getClass().getCanonicalName() = nappagreedy.io.github.project_travel_mate.utilities.UpcomingWeekendsActivity, 
08-06 02:21:02.260  3231  3231 D Nappa   : setCurrentActivity - MetricStrategyAccuracy - 
08-06 02:21:02.260  3231  3231 D Nappa   : madePredictionFromExtra = false, 
08-06 02:21:02.260  3231  3231 D Nappa   : fromActivity = nappagreedy.io.github.project_travel_mate.MainActivity, 
08-06 02:21:02.260  3231  3231 D Nappa   : predictedNextActivityFromExtra = [], 
08-06 02:21:02.260  3231  3231 D Nappa   : activity.getClass().getCanonicalName() = nappagreedy.io.github.project_travel_mate.utilities.UpcomingWeekendsActivity, 
08-06 02:21:02.260  3231  3231 D Nappa   : PREFETCH_ON_EXTRA - setCurrentActivity - logs - from activity - made prediction isfalse
08-06 02:21:02.261  3231  5983 D Nappa   : F1_SCORE add_intercept_url - (already in) - https://project-travel-mate.herokuapp.com/api/get-upcoming-holidays/2020
08-06 02:21:02.261  3231  5983 D Nappa   : F1_SCORE add_fn_url - (already in) - https://project-travel-mate.herokuapp.com/api/get-upcoming-holidays/2020
08-06 02:21:02.261  3231  5983 D Nappa   : -------------F1_SCORE #48 -----------
08-06 02:21:02.261  3231  5983 D Nappa   : F1_SCORE - Intercept list (10)= [https://project-travel-mate.herokuapp.com/api/get-user, https://project-travel-mate.herokuapp.com/api/get-all-cities/10, https://project-travel-mate.herokuapp.com/api/number-of-unread-notifications, https://project-travel-mate.herokuapp.com/api/get-city-weather/1, https://project-travel-mate.herokuapp.com/api/get-city/1, https://project-travel-mate.herokuapp.com/api/get-city-information/1, https://project-travel-mate.herokuapp.com/api/get-city-facts/1, https://project-travel-mate.herokuapp.com/api/get-city-images/1, https://project-travel-mate.herokuapp.com/api/get-upcoming-holidays/2020, https://project-travel-mate.herokuapp.com/api/get-notifications]
08-06 02:21:02.261  3231  5983 D Nappa   : F1_SCORE - Prefetch list (0)= []
08-06 02:21:02.261  3231  5983 D Nappa   : F1_SCORE - TP list (0)= []
08-06 02:21:02.261  3231  5983 D Nappa   : F1_SCORE - FN list (10)= [https://project-travel-mate.herokuapp.com/api/get-user, https://project-travel-mate.herokuapp.com/api/get-all-cities/10, https://project-travel-mate.herokuapp.com/api/number-of-unread-notifications, https://project-travel-mate.herokuapp.com/api/get-city-weather/1, https://project-travel-mate.herokuapp.com/api/get-city/1, https://project-travel-mate.herokuapp.com/api/get-city-information/1, https://project-travel-mate.herokuapp.com/api/get-city-facts/1, https://project-travel-mate.herokuapp.com/api/get-city-images/1, https://project-travel-mate.herokuapp.com/api/get-upcoming-holidays/2020, https://project-travel-mate.herokuapp.com/api/get-notifications]
08-06 02:21:02.354  3231  3274 D Nappa   : registerActivity: (already in) nappagreedy.io.github.project_travel_mate.MainActivity
08-06 02:21:02.354  3231  3274 D Nappa   : PARENTS 
08-06 02:21:02.354  3231  3274 D Nappa   : Of: nappagreedy.io.github.project_travel_mate.MainActivity -> 
08-06 02:21:02.354  3231  3274 D Nappa   : PARENTS nappagreedy.io.github.project_travel_mate.SplashActivity
08-06 02:21:02.361  3231  3231 D Nappa   : registerActivity: (already in) nappagreedy.io.github.project_travel_mate.utilities.UpcomingWeekendsActivity
08-06 02:21:02.361  3231  3231 D Nappa   : SHOULD_PREFETCH true
08-06 02:21:02.454  3231  3274 D Nappa   : registerActivity: (already in) nappagreedy.io.github.project_travel_mate.utilities.UpcomingWeekendsActivity
08-06 02:21:02.455  3231  3274 D Nappa   : PARENTS 
08-06 02:21:02.455  3231  3274 D Nappa   : Of: nappagreedy.io.github.project_travel_mate.utilities.UpcomingWeekendsActivity -> 
08-06 02:21:02.455  3231  3274 D Nappa   : PARENTS nappagreedy.io.github.project_travel_mate.MainActivity
08-06 02:21:02.455  3231  3274 D Nappa   : PARENTS has extra: (cityobject_, objects.City@82953d)
08-06 02:21:02.455  3231  3274 D Nappa   : PARENTS nappagreedy.io.github.project_travel_mate.SplashActivity
08-06 02:21:02.462  3231  3231 D Nappa   : registerActivity: (already in) nappagreedy.io.github.project_travel_mate.utilities.UpcomingWeekendsActivity
08-06 02:21:02.462  3231  3231 D Nappa   : STATS Number of requests not prefetched: 12
08-06 02:21:02.462  3231  3231 D Nappa   : STATS Number of requests prefetched: 22
08-06 02:21:02.462  3231  3231 D Nappa   : STATS Time saved until now: 1.122
08-06 02:21:02.661  3231  3274 D Nappa   : PREFETCH_ON_EXTRA - setCurrentActivity - logs - from extra - made prediction isfalse
08-06 02:21:02.962  3231  3274 D Nappa   : PREFETCH_ON_EXTRA - setCurrentActivity - starting new prediction
08-06 02:21:02.962  3231  3274 D Nappa   : Current node - currentActivityName - nappagreedy.io.github.project_travel_mate.utilities.UpcomingWeekendsActivity
08-06 02:21:02.962  3231  3274 D Nappa   : Current node - activityGraph.getCurrent() - nappagreedy.io.github.project_travel_mate.utilities.UpcomingWeekendsActivity
08-06 02:21:02.963  3231  3274 D Nappa   : PREFETCH_ON_EXTRA - setCurrentActivity - finished new prediction
08-06 02:21:07.158  3231  3231 D Nappa   : Stayed on nappagreedy.io.github.project_travel_mate.utilities.UpcomingWeekendsActivity for 4696 ms
08-06 02:21:07.165  3231  3231 D Nappa   : setCurrentActivity - MetricStrategyAccuracy - 
08-06 02:21:07.165  3231  3231 D Nappa   : madePredictionFromActivity = true, 
08-06 02:21:07.165  3231  3231 D Nappa   : fromActivity = nappagreedy.io.github.project_travel_mate.utilities.UpcomingWeekendsActivity, 
08-06 02:21:07.165  3231  3231 D Nappa   : predictedNextActivityFromActivity = [], 
08-06 02:21:07.165  3231  3231 D Nappa   : activity.getClass().getCanonicalName() = nappagreedy.io.github.project_travel_mate.MainActivity, 
08-06 02:21:07.165  3231  3231 D Nappa   : setCurrentActivity - MetricStrategyAccuracy - 
08-06 02:21:07.165  3231  3231 D Nappa   : madePredictionFromExtra = false, 
08-06 02:21:07.165  3231  3231 D Nappa   : fromActivity = nappagreedy.io.github.project_travel_mate.utilities.UpcomingWeekendsActivity, 
08-06 02:21:07.165  3231  3231 D Nappa   : predictedNextActivityFromExtra = [], 
08-06 02:21:07.165  3231  3231 D Nappa   : activity.getClass().getCanonicalName() = nappagreedy.io.github.project_travel_mate.MainActivity, 
08-06 02:21:07.165  3231  3231 D Nappa   : PREFETCH_ON_EXTRA - setCurrentActivity - logs - from activity - made prediction istrue
08-06 02:21:07.165  3231  3231 D Nappa   : PREFETCH_ON_EXTRA - setCurrentActivity - logs - from activity - start
08-06 02:21:07.165  3231  3231 D Nappa   : PREFETCH_ON_EXTRA - setCurrentActivity - logs - from activity- finished
08-06 02:21:07.266  3231  3231 D Nappa   : registerActivity: (already in) nappagreedy.io.github.project_travel_mate.MainActivity
08-06 02:21:07.266  3231  3231 D Nappa   : SHOULD_PREFETCH false
08-06 02:21:07.266  3231  3231 D Nappa   : STATS Number of requests not prefetched: 12
08-06 02:21:07.266  3231  3231 D Nappa   : STATS Number of requests prefetched: 22
08-06 02:21:07.266  3231  3231 D Nappa   : STATS Time saved until now: 1.122
08-06 02:21:07.272  3231  3231 D Nappa   : TAG okHttpClient initialized
08-06 02:21:07.275  3231  6058 D Nappa   : F1_SCORE add_intercept_url - (already in) - https://project-travel-mate.herokuapp.com/api/number-of-unread-notifications
08-06 02:21:07.275  3231  6058 D Nappa   : F1_SCORE add_fn_url - (already in) - https://project-travel-mate.herokuapp.com/api/number-of-unread-notifications
08-06 02:21:07.276  3231  6058 D Nappa   : -------------F1_SCORE #49 -----------
08-06 02:21:07.276  3231  6058 D Nappa   : F1_SCORE - Intercept list (10)= [https://project-travel-mate.herokuapp.com/api/get-user, https://project-travel-mate.herokuapp.com/api/get-all-cities/10, https://project-travel-mate.herokuapp.com/api/number-of-unread-notifications, https://project-travel-mate.herokuapp.com/api/get-city-weather/1, https://project-travel-mate.herokuapp.com/api/get-city/1, https://project-travel-mate.herokuapp.com/api/get-city-information/1, https://project-travel-mate.herokuapp.com/api/get-city-facts/1, https://project-travel-mate.herokuapp.com/api/get-city-images/1, https://project-travel-mate.herokuapp.com/api/get-upcoming-holidays/2020, https://project-travel-mate.herokuapp.com/api/get-notifications]
08-06 02:21:07.276  3231  6058 D Nappa   : F1_SCORE - Prefetch list (0)= []
08-06 02:21:07.276  3231  6058 D Nappa   : F1_SCORE - TP list (0)= []
08-06 02:21:07.276  3231  6058 D Nappa   : F1_SCORE - FN list (10)= [https://project-travel-mate.herokuapp.com/api/get-user, https://project-travel-mate.herokuapp.com/api/get-all-cities/10, https://project-travel-mate.herokuapp.com/api/number-of-unread-notifications, https://project-travel-mate.herokuapp.com/api/get-city-weather/1, https://project-travel-mate.herokuapp.com/api/get-city/1, https://project-travel-mate.herokuapp.com/api/get-city-information/1, https://project-travel-mate.herokuapp.com/api/get-city-facts/1, https://project-travel-mate.herokuapp.com/api/get-city-images/1, https://project-travel-mate.herokuapp.com/api/get-upcoming-holidays/2020, https://project-travel-mate.herokuapp.com/api/get-notifications]
08-06 02:21:07.376  3231  3274 D Nappa   : registerActivity: (already in) nappagreedy.io.github.project_travel_mate.MainActivity
08-06 02:21:07.376  3231  3274 D Nappa   : PARENTS 
08-06 02:21:07.376  3231  3274 D Nappa   : Of: nappagreedy.io.github.project_travel_mate.MainActivity -> 
08-06 02:21:07.376  3231  3274 D Nappa   : PARENTS nappagreedy.io.github.project_travel_mate.SplashActivity
08-06 02:21:07.566  3231  3274 D Nappa   : PREFETCH_ON_EXTRA - setCurrentActivity - logs - from extra - made prediction isfalse
08-06 02:21:09.215  3231  3231 D Nappa   : Stayed on nappagreedy.io.github.project_travel_mate.MainActivity for 1949 ms
08-06 02:21:09.242  3231  3231 D Nappa   : TAG okHttpClient initialized
08-06 02:21:09.244  3231  6104 D Nappa   : F1_SCORE add_intercept_url - (already in) - https://project-travel-mate.herokuapp.com/api/get-upcoming-holidays/2020
08-06 02:21:09.244  3231  6104 D Nappa   : F1_SCORE add_fn_url - (already in) - https://project-travel-mate.herokuapp.com/api/get-upcoming-holidays/2020
08-06 02:21:09.244  3231  6104 D Nappa   : -------------F1_SCORE #51 -----------
08-06 02:21:09.244  3231  6104 D Nappa   : F1_SCORE - Intercept list (10)= [https://project-travel-mate.herokuapp.com/api/get-user, https://project-travel-mate.herokuapp.com/api/get-all-cities/10, https://project-travel-mate.herokuapp.com/api/number-of-unread-notifications, https://project-travel-mate.herokuapp.com/api/get-city-weather/1, https://project-travel-mate.herokuapp.com/api/get-city/1, https://project-travel-mate.herokuapp.com/api/get-city-information/1, https://project-travel-mate.herokuapp.com/api/get-city-facts/1, https://project-travel-mate.herokuapp.com/api/get-city-images/1, https://project-travel-mate.herokuapp.com/api/get-upcoming-holidays/2020, https://project-travel-mate.herokuapp.com/api/get-notifications]
08-06 02:21:09.244  3231  6104 D Nappa   : F1_SCORE - Prefetch list (0)= []
08-06 02:21:09.244  3231  6104 D Nappa   : F1_SCORE - TP list (0)= []
08-06 02:21:09.244  3231  6104 D Nappa   : F1_SCORE - FN list (10)= [https://project-travel-mate.herokuapp.com/api/get-user, https://project-travel-mate.herokuapp.com/api/get-all-cities/10, https://project-travel-mate.herokuapp.com/api/number-of-unread-notifications, https://project-travel-mate.herokuapp.com/api/get-city-weather/1, https://project-travel-mate.herokuapp.com/api/get-city/1, https://project-travel-mate.herokuapp.com/api/get-city-information/1, https://project-travel-mate.herokuapp.com/api/get-city-facts/1, https://project-travel-mate.herokuapp.com/api/get-city-images/1, https://project-travel-mate.herokuapp.com/api/get-upcoming-holidays/2020, https://project-travel-mate.herokuapp.com/api/get-notifications]
08-06 02:21:09.245  3231  3231 D Nappa   : TAG okHttpClient initialized
08-06 02:21:09.246  3231  3231 D Nappa   : setCurrentActivity - MetricStrategyAccuracy - 
08-06 02:21:09.246  3231  3231 D Nappa   : madePredictionFromActivity = false, 
08-06 02:21:09.246  3231  3231 D Nappa   : fromActivity = nappagreedy.io.github.project_travel_mate.MainActivity, 
08-06 02:21:09.246  3231  3231 D Nappa   : predictedNextActivityFromActivity = [], 
08-06 02:21:09.246  3231  3231 D Nappa   : activity.getClass().getCanonicalName() = nappagreedy.io.github.project_travel_mate.utilities.UpcomingWeekendsActivity, 
08-06 02:21:09.246  3231  3231 D Nappa   : setCurrentActivity - MetricStrategyAccuracy - 
08-06 02:21:09.246  3231  3231 D Nappa   : madePredictionFromExtra = false, 
08-06 02:21:09.246  3231  3231 D Nappa   : fromActivity = nappagreedy.io.github.project_travel_mate.MainActivity, 
08-06 02:21:09.246  3231  3231 D Nappa   : predictedNextActivityFromExtra = [], 
08-06 02:21:09.246  3231  3231 D Nappa   : activity.getClass().getCanonicalName() = nappagreedy.io.github.project_travel_mate.utilities.UpcomingWeekendsActivity, 
08-06 02:21:09.247  3231  3231 D Nappa   : PREFETCH_ON_EXTRA - setCurrentActivity - logs - from activity - made prediction isfalse
08-06 02:21:09.247  3231  6105 D Nappa   : F1_SCORE add_intercept_url - (already in) - https://project-travel-mate.herokuapp.com/api/get-upcoming-holidays/2020
08-06 02:21:09.247  3231  6105 D Nappa   : F1_SCORE add_fn_url - (already in) - https://project-travel-mate.herokuapp.com/api/get-upcoming-holidays/2020
08-06 02:21:09.247  3231  6105 D Nappa   : -------------F1_SCORE #52 -----------
08-06 02:21:09.247  3231  6105 D Nappa   : F1_SCORE - Intercept list (10)= [https://project-travel-mate.herokuapp.com/api/get-user, https://project-travel-mate.herokuapp.com/api/get-all-cities/10, https://project-travel-mate.herokuapp.com/api/number-of-unread-notifications, https://project-travel-mate.herokuapp.com/api/get-city-weather/1, https://project-travel-mate.herokuapp.com/api/get-city/1, https://project-travel-mate.herokuapp.com/api/get-city-information/1, https://project-travel-mate.herokuapp.com/api/get-city-facts/1, https://project-travel-mate.herokuapp.com/api/get-city-images/1, https://project-travel-mate.herokuapp.com/api/get-upcoming-holidays/2020, https://project-travel-mate.herokuapp.com/api/get-notifications]
08-06 02:21:09.247  3231  6105 D Nappa   : F1_SCORE - Prefetch list (0)= []
08-06 02:21:09.247  3231  6105 D Nappa   : F1_SCORE - TP list (0)= []
08-06 02:21:09.247  3231  6105 D Nappa   : F1_SCORE - FN list (10)= [https://project-travel-mate.herokuapp.com/api/get-user, https://project-travel-mate.herokuapp.com/api/get-all-cities/10, https://project-travel-mate.herokuapp.com/api/number-of-unread-notifications, https://project-travel-mate.herokuapp.com/api/get-city-weather/1, https://project-travel-mate.herokuapp.com/api/get-city/1, https://project-travel-mate.herokuapp.com/api/get-city-information/1, https://project-travel-mate.herokuapp.com/api/get-city-facts/1, https://project-travel-mate.herokuapp.com/api/get-city-images/1, https://project-travel-mate.herokuapp.com/api/get-upcoming-holidays/2020, https://project-travel-mate.herokuapp.com/api/get-notifications]
08-06 02:21:09.344  3231  3274 D Nappa   : registerActivity: (already in) nappagreedy.io.github.project_travel_mate.MainActivity
08-06 02:21:09.344  3231  3274 D Nappa   : PARENTS 
08-06 02:21:09.344  3231  3274 D Nappa   : Of: nappagreedy.io.github.project_travel_mate.MainActivity -> 
08-06 02:21:09.344  3231  3274 D Nappa   : PARENTS nappagreedy.io.github.project_travel_mate.SplashActivity
08-06 02:21:09.347  3231  3231 D Nappa   : registerActivity: (already in) nappagreedy.io.github.project_travel_mate.utilities.UpcomingWeekendsActivity
08-06 02:21:09.347  3231  3231 D Nappa   : SHOULD_PREFETCH true
08-06 02:21:09.445  3231  3274 D Nappa   : registerActivity: (already in) nappagreedy.io.github.project_travel_mate.utilities.UpcomingWeekendsActivity
08-06 02:21:09.445  3231  3274 D Nappa   : PARENTS 
08-06 02:21:09.445  3231  3274 D Nappa   : Of: nappagreedy.io.github.project_travel_mate.utilities.UpcomingWeekendsActivity -> 
08-06 02:21:09.445  3231  3274 D Nappa   : PARENTS nappagreedy.io.github.project_travel_mate.MainActivity
08-06 02:21:09.445  3231  3274 D Nappa   : PARENTS has extra: (cityobject_, objects.City@82953d)
08-06 02:21:09.445  3231  3274 D Nappa   : PARENTS nappagreedy.io.github.project_travel_mate.SplashActivity
08-06 02:21:09.447  3231  3231 D Nappa   : registerActivity: (already in) nappagreedy.io.github.project_travel_mate.utilities.UpcomingWeekendsActivity
08-06 02:21:09.448  3231  3231 D Nappa   : STATS Number of requests not prefetched: 12
08-06 02:21:09.448  3231  3231 D Nappa   : STATS Number of requests prefetched: 25
08-06 02:21:09.448  3231  3231 D Nappa   : STATS Time saved until now: 1.2929999
08-06 02:21:09.647  3231  3274 D Nappa   : PREFETCH_ON_EXTRA - setCurrentActivity - logs - from extra - made prediction isfalse
08-06 02:21:09.948  3231  3274 D Nappa   : PREFETCH_ON_EXTRA - setCurrentActivity - starting new prediction
08-06 02:21:09.948  3231  3274 D Nappa   : Current node - currentActivityName - nappagreedy.io.github.project_travel_mate.utilities.UpcomingWeekendsActivity
08-06 02:21:09.948  3231  3274 D Nappa   : Current node - activityGraph.getCurrent() - nappagreedy.io.github.project_travel_mate.utilities.UpcomingWeekendsActivity
08-06 02:21:09.949  3231  3274 D Nappa   : PREFETCH_ON_EXTRA - setCurrentActivity - finished new prediction
08-06 02:21:14.063  3231  3231 D Nappa   : Stayed on nappagreedy.io.github.project_travel_mate.utilities.UpcomingWeekendsActivity for 4615 ms
08-06 02:21:14.073  3231  3231 D Nappa   : setCurrentActivity - MetricStrategyAccuracy - 
08-06 02:21:14.073  3231  3231 D Nappa   : madePredictionFromActivity = true, 
08-06 02:21:14.073  3231  3231 D Nappa   : fromActivity = nappagreedy.io.github.project_travel_mate.utilities.UpcomingWeekendsActivity, 
08-06 02:21:14.073  3231  3231 D Nappa   : predictedNextActivityFromActivity = [], 
08-06 02:21:14.073  3231  3231 D Nappa   : activity.getClass().getCanonicalName() = nappagreedy.io.github.project_travel_mate.MainActivity, 
08-06 02:21:14.074  3231  3231 D Nappa   : setCurrentActivity - MetricStrategyAccuracy - 
08-06 02:21:14.074  3231  3231 D Nappa   : madePredictionFromExtra = false, 
08-06 02:21:14.074  3231  3231 D Nappa   : fromActivity = nappagreedy.io.github.project_travel_mate.utilities.UpcomingWeekendsActivity, 
08-06 02:21:14.074  3231  3231 D Nappa   : predictedNextActivityFromExtra = [], 
08-06 02:21:14.074  3231  3231 D Nappa   : activity.getClass().getCanonicalName() = nappagreedy.io.github.project_travel_mate.MainActivity, 
08-06 02:21:14.074  3231  3231 D Nappa   : PREFETCH_ON_EXTRA - setCurrentActivity - logs - from activity - made prediction istrue
08-06 02:21:14.074  3231  3231 D Nappa   : PREFETCH_ON_EXTRA - setCurrentActivity - logs - from activity - start
08-06 02:21:14.074  3231  3231 D Nappa   : PREFETCH_ON_EXTRA - setCurrentActivity - logs - from activity- finished
08-06 02:21:14.174  3231  3231 D Nappa   : registerActivity: (already in) nappagreedy.io.github.project_travel_mate.MainActivity
08-06 02:21:14.175  3231  3231 D Nappa   : SHOULD_PREFETCH false
08-06 02:21:14.175  3231  3231 D Nappa   : STATS Number of requests not prefetched: 12
08-06 02:21:14.175  3231  3231 D Nappa   : STATS Number of requests prefetched: 25
08-06 02:21:14.175  3231  3231 D Nappa   : STATS Time saved until now: 1.2929999
08-06 02:21:14.180  3231  3231 D Nappa   : TAG okHttpClient initialized
08-06 02:21:14.184  3231  6182 D Nappa   : F1_SCORE add_intercept_url - (already in) - https://project-travel-mate.herokuapp.com/api/number-of-unread-notifications
08-06 02:21:14.184  3231  6182 D Nappa   : F1_SCORE add_fn_url - (already in) - https://project-travel-mate.herokuapp.com/api/number-of-unread-notifications
08-06 02:21:14.184  3231  6182 D Nappa   : -------------F1_SCORE #53 -----------
08-06 02:21:14.185  3231  6182 D Nappa   : F1_SCORE - Intercept list (10)= [https://project-travel-mate.herokuapp.com/api/get-user, https://project-travel-mate.herokuapp.com/api/get-all-cities/10, https://project-travel-mate.herokuapp.com/api/number-of-unread-notifications, https://project-travel-mate.herokuapp.com/api/get-city-weather/1, https://project-travel-mate.herokuapp.com/api/get-city/1, https://project-travel-mate.herokuapp.com/api/get-city-information/1, https://project-travel-mate.herokuapp.com/api/get-city-facts/1, https://project-travel-mate.herokuapp.com/api/get-city-images/1, https://project-travel-mate.herokuapp.com/api/get-upcoming-holidays/2020, https://project-travel-mate.herokuapp.com/api/get-notifications]
08-06 02:21:14.185  3231  6182 D Nappa   : F1_SCORE - Prefetch list (0)= []
08-06 02:21:14.185  3231  6182 D Nappa   : F1_SCORE - TP list (0)= []
08-06 02:21:14.185  3231  6182 D Nappa   : F1_SCORE - FN list (10)= [https://project-travel-mate.herokuapp.com/api/get-user, https://project-travel-mate.herokuapp.com/api/get-all-cities/10, https://project-travel-mate.herokuapp.com/api/number-of-unread-notifications, https://project-travel-mate.herokuapp.com/api/get-city-weather/1, https://project-travel-mate.herokuapp.com/api/get-city/1, https://project-travel-mate.herokuapp.com/api/get-city-information/1, https://project-travel-mate.herokuapp.com/api/get-city-facts/1, https://project-travel-mate.herokuapp.com/api/get-city-images/1, https://project-travel-mate.herokuapp.com/api/get-upcoming-holidays/2020, https://project-travel-mate.herokuapp.com/api/get-notifications]
08-06 02:21:14.286  3231  3274 D Nappa   : registerActivity: (already in) nappagreedy.io.github.project_travel_mate.MainActivity
08-06 02:21:14.286  3231  3274 D Nappa   : PARENTS 
08-06 02:21:14.286  3231  3274 D Nappa   : Of: nappagreedy.io.github.project_travel_mate.MainActivity -> 
08-06 02:21:14.287  3231  3274 D Nappa   : PARENTS nappagreedy.io.github.project_travel_mate.SplashActivity
08-06 02:21:14.474  3231  3274 D Nappa   : PREFETCH_ON_EXTRA - setCurrentActivity - logs - from extra - made prediction isfalse
08-06 02:21:19.935  3231  3231 D Nappa   : Stayed on nappagreedy.io.github.project_travel_mate.MainActivity for 5760 ms
08-06 02:21:19.966  3231  3231 D Nappa   : TAG okHttpClient initialized
08-06 02:21:19.968  3231  6294 D Nappa   : F1_SCORE add_intercept_url - (already in) - https://project-travel-mate.herokuapp.com/api/get-notifications
08-06 02:21:19.968  3231  6294 D Nappa   : F1_SCORE add_fn_url - (already in) - https://project-travel-mate.herokuapp.com/api/get-notifications
08-06 02:21:19.968  3231  6294 D Nappa   : -------------F1_SCORE #55 -----------
08-06 02:21:19.968  3231  6294 D Nappa   : F1_SCORE - Intercept list (10)= [https://project-travel-mate.herokuapp.com/api/get-user, https://project-travel-mate.herokuapp.com/api/get-all-cities/10, https://project-travel-mate.herokuapp.com/api/number-of-unread-notifications, https://project-travel-mate.herokuapp.com/api/get-city-weather/1, https://project-travel-mate.herokuapp.com/api/get-city/1, https://project-travel-mate.herokuapp.com/api/get-city-information/1, https://project-travel-mate.herokuapp.com/api/get-city-facts/1, https://project-travel-mate.herokuapp.com/api/get-city-images/1, https://project-travel-mate.herokuapp.com/api/get-upcoming-holidays/2020, https://project-travel-mate.herokuapp.com/api/get-notifications]
08-06 02:21:19.968  3231  6294 D Nappa   : F1_SCORE - Prefetch list (0)= []
08-06 02:21:19.968  3231  6294 D Nappa   : F1_SCORE - TP list (0)= []
08-06 02:21:19.968  3231  6294 D Nappa   : F1_SCORE - FN list (10)= [https://project-travel-mate.herokuapp.com/api/get-user, https://project-travel-mate.herokuapp.com/api/get-all-cities/10, https://project-travel-mate.herokuapp.com/api/number-of-unread-notifications, https://project-travel-mate.herokuapp.com/api/get-city-weather/1, https://project-travel-mate.herokuapp.com/api/get-city/1, https://project-travel-mate.herokuapp.com/api/get-city-information/1, https://project-travel-mate.herokuapp.com/api/get-city-facts/1, https://project-travel-mate.herokuapp.com/api/get-city-images/1, https://project-travel-mate.herokuapp.com/api/get-upcoming-holidays/2020, https://project-travel-mate.herokuapp.com/api/get-notifications]
08-06 02:21:19.969  3231  3231 D Nappa   : TAG okHttpClient initialized
08-06 02:21:19.970  3231  3231 D Nappa   : setCurrentActivity - MetricStrategyAccuracy - 
08-06 02:21:19.970  3231  3231 D Nappa   : madePredictionFromActivity = false, 
08-06 02:21:19.970  3231  3231 D Nappa   : fromActivity = nappagreedy.io.github.project_travel_mate.MainActivity, 
08-06 02:21:19.970  3231  3231 D Nappa   : predictedNextActivityFromActivity = [], 
08-06 02:21:19.970  3231  3231 D Nappa   : activity.getClass().getCanonicalName() = nappagreedy.io.github.project_travel_mate.notifications.NotificationsActivity, 
08-06 02:21:19.970  3231  3231 D Nappa   : setCurrentActivity - MetricStrategyAccuracy - 
08-06 02:21:19.970  3231  3231 D Nappa   : madePredictionFromExtra = false, 
08-06 02:21:19.970  3231  3231 D Nappa   : fromActivity = nappagreedy.io.github.project_travel_mate.MainActivity, 
08-06 02:21:19.970  3231  3231 D Nappa   : predictedNextActivityFromExtra = [], 
08-06 02:21:19.970  3231  3231 D Nappa   : activity.getClass().getCanonicalName() = nappagreedy.io.github.project_travel_mate.notifications.NotificationsActivity, 
08-06 02:21:19.970  3231  3231 D Nappa   : PREFETCH_ON_EXTRA - setCurrentActivity - logs - from activity - made prediction isfalse
08-06 02:21:19.970  3231  6295 D Nappa   : F1_SCORE add_intercept_url - (already in) - https://project-travel-mate.herokuapp.com/api/get-notifications
08-06 02:21:19.970  3231  6295 D Nappa   : F1_SCORE add_fn_url - (already in) - https://project-travel-mate.herokuapp.com/api/get-notifications
08-06 02:21:19.970  3231  6295 D Nappa   : -------------F1_SCORE #56 -----------
08-06 02:21:19.970  3231  6295 D Nappa   : F1_SCORE - Intercept list (10)= [https://project-travel-mate.herokuapp.com/api/get-user, https://project-travel-mate.herokuapp.com/api/get-all-cities/10, https://project-travel-mate.herokuapp.com/api/number-of-unread-notifications, https://project-travel-mate.herokuapp.com/api/get-city-weather/1, https://project-travel-mate.herokuapp.com/api/get-city/1, https://project-travel-mate.herokuapp.com/api/get-city-information/1, https://project-travel-mate.herokuapp.com/api/get-city-facts/1, https://project-travel-mate.herokuapp.com/api/get-city-images/1, https://project-travel-mate.herokuapp.com/api/get-upcoming-holidays/2020, https://project-travel-mate.herokuapp.com/api/get-notifications]
08-06 02:21:19.970  3231  6295 D Nappa   : F1_SCORE - Prefetch list (0)= []
08-06 02:21:19.970  3231  6295 D Nappa   : F1_SCORE - TP list (0)= []
08-06 02:21:19.970  3231  6295 D Nappa   : F1_SCORE - FN list (10)= [https://project-travel-mate.herokuapp.com/api/get-user, https://project-travel-mate.herokuapp.com/api/get-all-cities/10, https://project-travel-mate.herokuapp.com/api/number-of-unread-notifications, https://project-travel-mate.herokuapp.com/api/get-city-weather/1, https://project-travel-mate.herokuapp.com/api/get-city/1, https://project-travel-mate.herokuapp.com/api/get-city-information/1, https://project-travel-mate.herokuapp.com/api/get-city-facts/1, https://project-travel-mate.herokuapp.com/api/get-city-images/1, https://project-travel-mate.herokuapp.com/api/get-upcoming-holidays/2020, https://project-travel-mate.herokuapp.com/api/get-notifications]
08-06 02:21:20.068  3231  3274 D Nappa   : registerActivity: (already in) nappagreedy.io.github.project_travel_mate.MainActivity
08-06 02:21:20.069  3231  3274 D Nappa   : PARENTS 
08-06 02:21:20.069  3231  3274 D Nappa   : Of: nappagreedy.io.github.project_travel_mate.MainActivity -> 
08-06 02:21:20.069  3231  3274 D Nappa   : PARENTS nappagreedy.io.github.project_travel_mate.SplashActivity
08-06 02:21:20.070  3231  3231 D Nappa   : registerActivity: (already in) nappagreedy.io.github.project_travel_mate.notifications.NotificationsActivity
08-06 02:21:20.070  3231  3231 D Nappa   : SHOULD_PREFETCH true
08-06 02:21:20.169  3231  3274 D Nappa   : registerActivity: (already in) nappagreedy.io.github.project_travel_mate.notifications.NotificationsActivity
08-06 02:21:20.169  3231  3274 D Nappa   : PARENTS 
08-06 02:21:20.169  3231  3274 D Nappa   : Of: nappagreedy.io.github.project_travel_mate.notifications.NotificationsActivity -> 
08-06 02:21:20.170  3231  3274 D Nappa   : PARENTS nappagreedy.io.github.project_travel_mate.MainActivity
08-06 02:21:20.170  3231  3274 D Nappa   : PARENTS has extra: (cityobject_, objects.City@82953d)
08-06 02:21:20.170  3231  3274 D Nappa   : PARENTS nappagreedy.io.github.project_travel_mate.SplashActivity
08-06 02:21:20.171  3231  3231 D Nappa   : registerActivity: (already in) nappagreedy.io.github.project_travel_mate.notifications.NotificationsActivity
08-06 02:21:20.171  3231  3231 D Nappa   : STATS Number of requests not prefetched: 12
08-06 02:21:20.171  3231  3231 D Nappa   : STATS Number of requests prefetched: 28
08-06 02:21:20.171  3231  3231 D Nappa   : STATS Time saved until now: 1.4419999
08-06 02:21:20.370  3231  3274 D Nappa   : PREFETCH_ON_EXTRA - setCurrentActivity - logs - from extra - made prediction isfalse
08-06 02:21:20.671  3231  3274 D Nappa   : PREFETCH_ON_EXTRA - setCurrentActivity - starting new prediction
08-06 02:21:20.671  3231  3274 D Nappa   : Current node - currentActivityName - nappagreedy.io.github.project_travel_mate.notifications.NotificationsActivity
08-06 02:21:20.671  3231  3274 D Nappa   : Current node - activityGraph.getCurrent() - nappagreedy.io.github.project_travel_mate.notifications.NotificationsActivity
08-06 02:21:20.672  3231  3274 D Nappa   : PREFETCH_ON_EXTRA - setCurrentActivity - finished new prediction
08-06 02:21:24.974  3231  3231 D Nappa   : Stayed on nappagreedy.io.github.project_travel_mate.notifications.NotificationsActivity for 4803 ms
08-06 02:21:24.995  3231  3231 D Nappa   : setCurrentActivity - MetricStrategyAccuracy - 
08-06 02:21:24.995  3231  3231 D Nappa   : madePredictionFromActivity = true, 
08-06 02:21:24.995  3231  3231 D Nappa   : fromActivity = nappagreedy.io.github.project_travel_mate.notifications.NotificationsActivity, 
08-06 02:21:24.995  3231  3231 D Nappa   : predictedNextActivityFromActivity = [], 
08-06 02:21:24.995  3231  3231 D Nappa   : activity.getClass().getCanonicalName() = nappagreedy.io.github.project_travel_mate.MainActivity, 
08-06 02:21:24.995  3231  3231 D Nappa   : setCurrentActivity - MetricStrategyAccuracy - 
08-06 02:21:24.995  3231  3231 D Nappa   : madePredictionFromExtra = false, 
08-06 02:21:24.995  3231  3231 D Nappa   : fromActivity = nappagreedy.io.github.project_travel_mate.notifications.NotificationsActivity, 
08-06 02:21:24.995  3231  3231 D Nappa   : predictedNextActivityFromExtra = [], 
08-06 02:21:24.995  3231  3231 D Nappa   : activity.getClass().getCanonicalName() = nappagreedy.io.github.project_travel_mate.MainActivity, 
08-06 02:21:24.995  3231  3231 D Nappa   : PREFETCH_ON_EXTRA - setCurrentActivity - logs - from activity - made prediction istrue
08-06 02:21:24.995  3231  3231 D Nappa   : PREFETCH_ON_EXTRA - setCurrentActivity - logs - from activity - start
08-06 02:21:24.996  3231  3231 D Nappa   : PREFETCH_ON_EXTRA - setCurrentActivity - logs - from activity- finished
08-06 02:21:25.096  3231  3231 D Nappa   : registerActivity: (already in) nappagreedy.io.github.project_travel_mate.MainActivity
08-06 02:21:25.096  3231  3231 D Nappa   : SHOULD_PREFETCH false
08-06 02:21:25.096  3231  3231 D Nappa   : STATS Number of requests not prefetched: 12
08-06 02:21:25.097  3231  3231 D Nappa   : STATS Number of requests prefetched: 28
08-06 02:21:25.097  3231  3231 D Nappa   : STATS Time saved until now: 1.4419999
08-06 02:21:25.103  3231  3231 D Nappa   : TAG okHttpClient initialized
08-06 02:21:25.111  3231  6381 D Nappa   : F1_SCORE add_intercept_url - (already in) - https://project-travel-mate.herokuapp.com/api/number-of-unread-notifications
08-06 02:21:25.111  3231  6381 D Nappa   : F1_SCORE add_fn_url - (already in) - https://project-travel-mate.herokuapp.com/api/number-of-unread-notifications
08-06 02:21:25.111  3231  6381 D Nappa   : -------------F1_SCORE #57 -----------
08-06 02:21:25.111  3231  6381 D Nappa   : F1_SCORE - Intercept list (10)= [https://project-travel-mate.herokuapp.com/api/get-user, https://project-travel-mate.herokuapp.com/api/get-all-cities/10, https://project-travel-mate.herokuapp.com/api/number-of-unread-notifications, https://project-travel-mate.herokuapp.com/api/get-city-weather/1, https://project-travel-mate.herokuapp.com/api/get-city/1, https://project-travel-mate.herokuapp.com/api/get-city-information/1, https://project-travel-mate.herokuapp.com/api/get-city-facts/1, https://project-travel-mate.herokuapp.com/api/get-city-images/1, https://project-travel-mate.herokuapp.com/api/get-upcoming-holidays/2020, https://project-travel-mate.herokuapp.com/api/get-notifications]
08-06 02:21:25.111  3231  6381 D Nappa   : F1_SCORE - Prefetch list (0)= []
08-06 02:21:25.111  3231  6381 D Nappa   : F1_SCORE - TP list (0)= []
08-06 02:21:25.111  3231  6381 D Nappa   : F1_SCORE - FN list (10)= [https://project-travel-mate.herokuapp.com/api/get-user, https://project-travel-mate.herokuapp.com/api/get-all-cities/10, https://project-travel-mate.herokuapp.com/api/number-of-unread-notifications, https://project-travel-mate.herokuapp.com/api/get-city-weather/1, https://project-travel-mate.herokuapp.com/api/get-city/1, https://project-travel-mate.herokuapp.com/api/get-city-information/1, https://project-travel-mate.herokuapp.com/api/get-city-facts/1, https://project-travel-mate.herokuapp.com/api/get-city-images/1, https://project-travel-mate.herokuapp.com/api/get-upcoming-holidays/2020, https://project-travel-mate.herokuapp.com/api/get-notifications]
08-06 02:21:25.212  3231  3274 D Nappa   : registerActivity: (already in) nappagreedy.io.github.project_travel_mate.MainActivity
08-06 02:21:25.212  3231  3274 D Nappa   : PARENTS 
08-06 02:21:25.212  3231  3274 D Nappa   : Of: nappagreedy.io.github.project_travel_mate.MainActivity -> 
08-06 02:21:25.212  3231  3274 D Nappa   : PARENTS nappagreedy.io.github.project_travel_mate.SplashActivity
08-06 02:21:25.396  3231  3274 D Nappa   : PREFETCH_ON_EXTRA - setCurrentActivity - logs - from extra - made prediction isfalse
08-06 02:21:28.108  3231  3231 D Nappa   : TAG okHttpClient initialized
08-06 02:21:28.110  3231  6440 D Nappa   : F1_SCORE add_intercept_url - (already in) - https://project-travel-mate.herokuapp.com/api/number-of-unread-notifications
08-06 02:21:28.111  3231  6440 D Nappa   : F1_SCORE add_fn_url - (already in) - https://project-travel-mate.herokuapp.com/api/number-of-unread-notifications
08-06 02:21:28.111  3231  6440 D Nappa   : -------------F1_SCORE #59 -----------
08-06 02:21:28.111  3231  6440 D Nappa   : F1_SCORE - Intercept list (10)= [https://project-travel-mate.herokuapp.com/api/get-user, https://project-travel-mate.herokuapp.com/api/get-all-cities/10, https://project-travel-mate.herokuapp.com/api/number-of-unread-notifications, https://project-travel-mate.herokuapp.com/api/get-city-weather/1, https://project-travel-mate.herokuapp.com/api/get-city/1, https://project-travel-mate.herokuapp.com/api/get-city-information/1, https://project-travel-mate.herokuapp.com/api/get-city-facts/1, https://project-travel-mate.herokuapp.com/api/get-city-images/1, https://project-travel-mate.herokuapp.com/api/get-upcoming-holidays/2020, https://project-travel-mate.herokuapp.com/api/get-notifications]
08-06 02:21:28.111  3231  6440 D Nappa   : F1_SCORE - Prefetch list (0)= []
08-06 02:21:28.111  3231  6440 D Nappa   : F1_SCORE - TP list (0)= []
08-06 02:21:28.111  3231  6440 D Nappa   : F1_SCORE - FN list (10)= [https://project-travel-mate.herokuapp.com/api/get-user, https://project-travel-mate.herokuapp.com/api/get-all-cities/10, https://project-travel-mate.herokuapp.com/api/number-of-unread-notifications, https://project-travel-mate.herokuapp.com/api/get-city-weather/1, https://project-travel-mate.herokuapp.com/api/get-city/1, https://project-travel-mate.herokuapp.com/api/get-city-information/1, https://project-travel-mate.herokuapp.com/api/get-city-facts/1, https://project-travel-mate.herokuapp.com/api/get-city-images/1, https://project-travel-mate.herokuapp.com/api/get-upcoming-holidays/2020, https://project-travel-mate.herokuapp.com/api/get-notifications]
08-06 02:21:28.211  3231  3274 D Nappa   : registerActivity: (already in) nappagreedy.io.github.project_travel_mate.MainActivity
08-06 02:21:28.211  3231  3274 D Nappa   : PARENTS 
08-06 02:21:28.211  3231  3274 D Nappa   : Of: nappagreedy.io.github.project_travel_mate.MainActivity -> 
08-06 02:21:28.211  3231  3274 D Nappa   : PARENTS nappagreedy.io.github.project_travel_mate.SplashActivity
