08-06 02:55:19.828  2402  2427 D CustomInterceptor: CONTENT {"by":"headmelted","id":23972768,"kids":[23973005,23975937],"parent":23970842,"text":"&quot;Renduchintala was one of several key hires from outside Intel, which had been famous in Silicon Valley for developing and promoting talent from within. He was hired as part of a strategy to go after broader markets than the central processing units, or CPUs, the company became known for in the PC era.&quot;<p>I feel like this will go down in history as one of technology&#x27;s most expensive decisions (that&#x27;s not a knock on Renduchintala as much as it&#x27;s my own astonishment at Intel thinking they were safe as recently as 2015).<p>I&#x27;m also a bit saddened by this.  It confirms what we all suspected but what I secretly hoped wasn&#x27;t true.<p>Intel for over a decade coyly hinted they had aces up their sleeves that would already have been played if they faced more competition.  Graphene got kicked around in conversations for a while and then when that turned out to be a no go they talked about black phosphorus.<p>So after all that, aside from marginal tweaks and pretty meager die shrinks here and there, they were doing.. nothing?.. for <i>ten years</i>?","time":1595916380,"type":"comment"}
08-06 02:55:19.828  2402  2427 D CustomInterceptor: interceptor_finished : return_type #2 : request served from cache
08-06 02:55:24.897  2402  3018 D CustomInterceptor: NETWORK-PROVIDER https://hacker-news.firebaseio.com/v0/item/23970041.json
08-06 02:55:24.899  2402  3018 D CustomInterceptor: HEADER REQUEST
08-06 02:55:24.899  2402  3018 D CustomInterceptor: Cache-Control max-age=300, max-stale=300
08-06 02:55:24.899  2402  3018 D CustomInterceptor: CACHED STATS: size = '100', maxSize = '100', hitCount = '134', createCount = '0', putCount = '128', evictionCount = '28', missCount = '139', toString = 'LruCache[maxSize=100,hits=134,misses=139,hitRate=49%]', 
08-06 02:55:24.899  2402  3018 D CustomInterceptor: PREFLIB GET REQUEST https://hacker-news.firebaseio.com/v0/item/23970041.json
08-06 02:55:24.899  2402  3018 D CustomInterceptor: PREFLIB found https://hacker-news.firebaseio.com/v0/item/23970041.json, sending it back
08-06 02:55:24.899  2402  3018 D CustomInterceptor: CONTENT {"by":"fpgaminer","id":23970041,"kids":[23970236,23970204,23970080,23971544,23970864,23970366,23970083,23971815,23972060,23970116],"parent":23969442,"text":"Related to this bug, some time ago I started getting spam on my Google Calendar.  Not sure if Google ever fixed it, but basically Google would automatically add events to your calendar when you got an invite in your email.  Honestly, it&#x27;s a nice feature; saves a couple clicks every time I get an invite.  The bug is that it applied even if the email was spam.  There was no workaround, other than disabling the feature completely.  Quite a pain.  And yes, just like this bug, you&#x27;d get lovely &quot;eat my pussy&quot; events popping up on your calendar and reminders.<p>Thanks Google, you&#x27;re the best &#x2F;s","time":1595888055,"type":"comment"}
08-06 02:55:24.900  2402  3018 D CustomInterceptor: interceptor_finished : return_type #2 : request served from cache
08-06 02:55:24.910  2402  3031 D CustomInterceptor: NETWORK-PROVIDER https://hacker-news.firebaseio.com/v0/item/23969718.json
08-06 02:55:24.912  2402  3031 D CustomInterceptor: HEADER REQUEST
08-06 02:55:24.912  2402  3031 D CustomInterceptor: Cache-Control max-age=300, max-stale=300
08-06 02:55:24.912  2402  3031 D CustomInterceptor: CACHED STATS: size = '100', maxSize = '100', hitCount = '135', createCount = '0', putCount = '128', evictionCount = '28', missCount = '139', toString = 'LruCache[maxSize=100,hits=135,misses=139,hitRate=49%]', 
08-06 02:55:24.912  2402  3031 D CustomInterceptor: PREFLIB GET REQUEST https://hacker-news.firebaseio.com/v0/item/23969718.json
08-06 02:55:24.912  2402  3031 D CustomInterceptor: PREFLIB found https://hacker-news.firebaseio.com/v0/item/23969718.json, sending it back
08-06 02:55:24.912  2402  3031 D CustomInterceptor: CONTENT {"by":"Wowfunhappy","id":23969718,"kids":[23969822,23970303,23972508],"parent":23969442,"text":"&gt; Keep getting spam shared on an account I don&#x27;t use much, but keep getting notifications. Not fun when my 9 yo son is on my phone and a notification pops up that someone shared &quot;eat my pussy baby&quot;. Google needs to address this.<p>Oh. That&#x27;s bad.","time":1595886039,"type":"comment"}
08-06 02:55:24.912  2402  3031 D CustomInterceptor: interceptor_finished : return_type #2 : request served from cache
08-06 02:55:24.924  2402  2422 D CustomInterceptor: NETWORK-PROVIDER https://hacker-news.firebaseio.com/v0/item/23969879.json
08-06 02:55:24.926  2402  2422 D CustomInterceptor: HEADER REQUEST
08-06 02:55:24.926  2402  2422 D CustomInterceptor: Cache-Control max-age=300, max-stale=300
08-06 02:55:24.926  2402  2422 D CustomInterceptor: CACHED STATS: size = '100', maxSize = '100', hitCount = '136', createCount = '0', putCount = '128', evictionCount = '28', missCount = '139', toString = 'LruCache[maxSize=100,hits=136,misses=139,hitRate=49%]', 
08-06 02:55:24.926  2402  2422 D CustomInterceptor: PREFLIB GET REQUEST https://hacker-news.firebaseio.com/v0/item/23969879.json
08-06 02:55:24.927  2402  2422 D CustomInterceptor: PREFLIB found https://hacker-news.firebaseio.com/v0/item/23969879.json, sending it back
08-06 02:55:24.927  2402  2422 D CustomInterceptor: CONTENT {"by":"SanchoPanda","id":23969879,"kids":[23970795,23970196,23970050,23970388,23970705,23970244,23970392,23970574,23970063],"parent":23969442,"text":"The mods on the support forums who make it sound like basic functionality missing from their product is your own fault for not submitting some kind of ticket deserve the gaslighting prize of the year for each of the last 5 years.<p>They don&#x27;t even have an option to show you how much space folders take up, when they charge you based on space usage.<p><a href=\"https:&#x2F;&#x2F;support.google.com&#x2F;drive&#x2F;thread&#x2F;3970069?hl=en\" rel=\"nofollow\">https:&#x2F;&#x2F;support.google.com&#x2F;drive&#x2F;thread&#x2F;3970069?hl=en</a>","time":1595887012,"type":"comment"}
08-06 02:55:24.927  2402  2422 D CustomInterceptor: interceptor_finished : return_type #2 : request served from cache
08-06 02:55:24.943  2402  2514 D CustomInterceptor: NETWORK-PROVIDER https://hacker-news.firebaseio.com/v0/item/23970276.json
08-06 02:55:24.945  2402  2514 D CustomInterceptor: HEADER REQUEST
08-06 02:55:24.945  2402  2514 D CustomInterceptor: Cache-Control max-age=300, max-stale=300
08-06 02:55:24.945  2402  2514 D CustomInterceptor: CACHED STATS: size = '100', maxSize = '100', hitCount = '137', createCount = '0', putCount = '128', evictionCount = '28', missCount = '139', toString = 'LruCache[maxSize=100,hits=137,misses=139,hitRate=49%]', 
08-06 02:55:24.945  2402  2514 D CustomInterceptor: PREFLIB GET REQUEST https://hacker-news.firebaseio.com/v0/item/23970276.json
08-06 02:55:24.945  2402  2514 D CustomInterceptor: PREFLIB found https://hacker-news.firebaseio.com/v0/item/23970276.json, sending it back
08-06 02:55:24.945  2402  2514 D CustomInterceptor: CONTENT {"by":"kstrauser","id":23970276,"kids":[23972976,23971099,23970652,23970345,23970571],"parent":23969442,"text":"My adventures last week:<p>Question: We have a G Suite Enterprise account. We used to share documents with a contractor. They no longer contract with us. How do we remove that contractor from every shared document.<p>Answer 1: Run this report to get a list of every document shared with them. Manually visit each document and un-share it.<p>Answer 2: Our API docs are at...<p>FFS, Google. I really don&#x27;t think this is that unusual of a request. I refuse to believe that we&#x27;re the first company ever that wanted to remove people from our Google Drive. Why do you make it so difficult?","time":1595889696,"type":"comment"}
08-06 02:55:24.946  2402  2514 D CustomInterceptor: interceptor_finished : return_type #2 : request served from cache
08-06 02:55:24.959  2402  3037 D CustomInterceptor: NETWORK-PROVIDER https://hacker-news.firebaseio.com/v0/item/23969792.json
08-06 02:55:24.961  2402  3037 D CustomInterceptor: HEADER REQUEST
08-06 02:55:24.961  2402  3037 D CustomInterceptor: Cache-Control max-age=300, max-stale=300
08-06 02:55:24.961  2402  3037 D CustomInterceptor: CACHED STATS: size = '100', maxSize = '100', hitCount = '138', createCount = '0', putCount = '128', evictionCount = '28', missCount = '139', toString = 'LruCache[maxSize=100,hits=138,misses=139,hitRate=49%]', 
08-06 02:55:24.961  2402  3037 D CustomInterceptor: PREFLIB GET REQUEST https://hacker-news.firebaseio.com/v0/item/23969792.json
08-06 02:55:24.961  2402  3037 D CustomInterceptor: PREFLIB found https://hacker-news.firebaseio.com/v0/item/23969792.json, sending it back
08-06 02:55:24.965  2402  3037 D CustomInterceptor: CONTENT {"by":"schoolornot","id":23969792,"kids":[23970216,23969986,23969912],"parent":23969442,"text":"Tangential to this is that calendar&#x2F;invite spam continues to be an issue as well. Want to trick someone into visiting a URL? Just send them a calendar invite and chances are they will click it.","time":1595886443,"type":"comment"}
08-06 02:55:24.966  2402  3037 D CustomInterceptor: interceptor_finished : return_type #2 : request served from cache
08-06 02:55:24.978  2402  3034 D CustomInterceptor: NETWORK-PROVIDER https://hacker-news.firebaseio.com/v0/item/23969873.json
08-06 02:55:24.979  2402  3034 D CustomInterceptor: HEADER REQUEST
08-06 02:55:24.979  2402  3034 D CustomInterceptor: Cache-Control max-age=300, max-stale=300
08-06 02:55:24.979  2402  3034 D CustomInterceptor: CACHED STATS: size = '100', maxSize = '100', hitCount = '139', createCount = '0', putCount = '128', evictionCount = '28', missCount = '139', toString = 'LruCache[maxSize=100,hits=139,misses=139,hitRate=50%]', 
08-06 02:55:24.979  2402  3034 D CustomInterceptor: PREFLIB GET REQUEST https://hacker-news.firebaseio.com/v0/item/23969873.json
08-06 02:55:24.980  2402  3034 D CustomInterceptor: PREFLIB found https://hacker-news.firebaseio.com/v0/item/23969873.json, sending it back
08-06 02:55:24.980  2402  3034 D CustomInterceptor: CONTENT {"by":"agundy","id":23969873,"kids":[23970004],"parent":23969442,"text":"This can be so confusing for non-tech literate people too. My mother asked me to help her, saying she was hacked because there was porn in her Google Drive.<p>It can be really difficult for non-power users to even understand why this is happening or what to do to fix this.","time":1595886956,"type":"comment"}
08-06 02:55:24.980  2402  3034 D CustomInterceptor: interceptor_finished : return_type #2 : request served from cache
08-06 02:55:24.991  2402  3061 D CustomInterceptor: NETWORK-PROVIDER https://hacker-news.firebaseio.com/v0/item/23969703.json
08-06 02:55:24.993  2402  3061 D CustomInterceptor: HEADER REQUEST
08-06 02:55:24.993  2402  3061 D CustomInterceptor: Cache-Control max-age=300, max-stale=300
08-06 02:55:24.993  2402  3061 D CustomInterceptor: CACHED STATS: size = '100', maxSize = '100', hitCount = '140', createCount = '0', putCount = '128', evictionCount = '28', missCount = '139', toString = 'LruCache[maxSize=100,hits=140,misses=139,hitRate=50%]', 
08-06 02:55:24.993  2402  3061 D CustomInterceptor: PREFLIB GET REQUEST https://hacker-news.firebaseio.com/v0/item/23969703.json
08-06 02:55:24.993  2402  3061 D CustomInterceptor: PREFLIB found https://hacker-news.firebaseio.com/v0/item/23969703.json, sending it back
08-06 02:55:24.993  2402  3061 D CustomInterceptor: CONTENT {"by":"cbm-vic-20","id":23969703,"kids":[23970221,23970057,23970413,23970278,23969976,23970325,23970965,23970126,23969838,23969705],"parent":23969442,"text":"Answer: find the email address of the person the product manager of Google Drive reports to, and start sharing stuff with them.<p>(&#x2F;s: not condoning doxxing here)","time":1595885927,"type":"comment"}
08-06 02:55:24.993  2402  3061 D CustomInterceptor: interceptor_finished : return_type #2 : request served from cache
08-06 02:55:25.005  2402  3021 D CustomInterceptor: NETWORK-PROVIDER https://hacker-news.firebaseio.com/v0/item/23970290.json
08-06 02:55:25.007  2402  3021 D CustomInterceptor: HEADER REQUEST
08-06 02:55:25.007  2402  3021 D CustomInterceptor: Cache-Control max-age=300, max-stale=300
08-06 02:55:25.007  2402  3021 D CustomInterceptor: CACHED STATS: size = '100', maxSize = '100', hitCount = '141', createCount = '0', putCount = '128', evictionCount = '28', missCount = '139', toString = 'LruCache[maxSize=100,hits=141,misses=139,hitRate=50%]', 
08-06 02:55:25.007  2402  3021 D CustomInterceptor: PREFLIB GET REQUEST https://hacker-news.firebaseio.com/v0/item/23970290.json
08-06 02:55:25.007  2402  3021 D CustomInterceptor: PREFLIB found https://hacker-news.firebaseio.com/v0/item/23970290.json, sending it back
08-06 02:55:25.008  2402  3021 D CustomInterceptor: CONTENT {"by":"kwijibob","id":23970290,"kids":[23970437],"parent":23969442,"text":"I&#x27;m all in on GDrive - my whole world is in there. 25 years of files.<p>I do notice Spam occasionally in the &#x27;shared with me&#x27; menu - but it seems to get cleaned up.<p>I already have all 99% notifications turned off in apps.<p>Sounds like the real annoying part is getting the notification with the spammy sexual titles.<p>If you didn&#x27;t get notifications then likely the spam detection would delete before you ever noticed it in your &#x27;Shared with Me&#x27; menu.<p>Android needs to default to opt-in notifications like on IOS.","time":1595889805,"type":"comment"}
08-06 02:55:25.008  2402  3021 D CustomInterceptor: interceptor_finished : return_type #2 : request served from cache
08-06 02:55:25.019  2402  3041 D CustomInterceptor: NETWORK-PROVIDER https://hacker-news.firebaseio.com/v0/item/23969454.json
08-06 02:55:25.020  2402  3041 D CustomInterceptor: HEADER REQUEST
08-06 02:55:25.021  2402  3041 D CustomInterceptor: Cache-Control max-age=300, max-stale=300
08-06 02:55:25.021  2402  3041 D CustomInterceptor: CACHED STATS: size = '100', maxSize = '100', hitCount = '142', createCount = '0', putCount = '128', evictionCount = '28', missCount = '139', toString = 'LruCache[maxSize=100,hits=142,misses=139,hitRate=50%]', 
08-06 02:55:25.021  2402  3041 D CustomInterceptor: PREFLIB GET REQUEST https://hacker-news.firebaseio.com/v0/item/23969454.json
08-06 02:55:25.021  2402  3041 D CustomInterceptor: PREFLIB found https://hacker-news.firebaseio.com/v0/item/23969454.json, sending it back
08-06 02:55:25.021  2402  3041 D CustomInterceptor: CONTENT {"by":"mariocesar","id":23969454,"kids":[23969823],"parent":23969442,"text":"Just a simple option like &quot;Allow just my contacts to share files with me&quot;. I lost so much time with all the spam and malware that is being sent to me just because my gmail account is so public ... :(","time":1595884339,"type":"comment"}
08-06 02:55:25.021  2402  3041 D CustomInterceptor: interceptor_finished : return_type #2 : request served from cache
08-06 02:55:25.039  2402  3005 D CustomInterceptor: NETWORK-PROVIDER https://hacker-news.firebaseio.com/v0/item/23969987.json
08-06 02:55:25.041  2402  3005 D CustomInterceptor: HEADER REQUEST
08-06 02:55:25.041  2402  3005 D CustomInterceptor: Cache-Control max-age=300, max-stale=300
08-06 02:55:25.041  2402  3005 D CustomInterceptor: CACHED STATS: size = '100', maxSize = '100', hitCount = '143', createCount = '0', putCount = '128', evictionCount = '28', missCount = '139', toString = 'LruCache[maxSize=100,hits=143,misses=139,hitRate=50%]', 
08-06 02:55:25.041  2402  3005 D CustomInterceptor: PREFLIB GET REQUEST https://hacker-news.firebaseio.com/v0/item/23969987.json
08-06 02:55:25.041  2402  3005 D CustomInterceptor: PREFLIB found https://hacker-news.firebaseio.com/v0/item/23969987.json, sending it back
08-06 02:55:25.041  2402  3005 D CustomInterceptor: CONTENT {"by":"ramosu","id":23969987,"kids":[23972337,23971444],"parent":23969442,"text":"It seems Google simply abandon some of their products.<p>I&#x27;ve been living with another issue since 2011: <a href=\"https:&#x2F;&#x2F;issuetracker.google.com&#x2F;issues&#x2F;35889152\" rel=\"nofollow\">https:&#x2F;&#x2F;issuetracker.google.com&#x2F;issues&#x2F;35889152</a>","time":1595887633,"type":"comment"}
08-06 02:55:25.041  2402  3005 D CustomInterceptor: interceptor_finished : return_type #2 : request served from cache
08-06 02:55:25.058  2402  3051 D CustomInterceptor: NETWORK-PROVIDER https://hacker-news.firebaseio.com/v0/item/23970408.json
08-06 02:55:25.060  2402  3051 D CustomInterceptor: HEADER REQUEST
08-06 02:55:25.060  2402  3051 D CustomInterceptor: Cache-Control max-age=300, max-stale=300
08-06 02:55:25.060  2402  3051 D CustomInterceptor: CACHED STATS: size = '100', maxSize = '100', hitCount = '144', createCount = '0', putCount = '128', evictionCount = '28', missCount = '139', toString = 'LruCache[maxSize=100,hits=144,misses=139,hitRate=50%]', 
08-06 02:55:25.060  2402  3051 D CustomInterceptor: PREFLIB GET REQUEST https://hacker-news.firebaseio.com/v0/item/23970408.json
08-06 02:55:25.060  2402  3051 D CustomInterceptor: PREFLIB found https://hacker-news.firebaseio.com/v0/item/23970408.json, sending it back
08-06 02:55:25.060  2402  3051 D CustomInterceptor: CONTENT {"by":"thisbrt","id":23970408,"parent":23969442,"text":"IMHO Google drive is one of the worst service of Its kind in the market. Copying, moving duplicating files is as complex and blunt as it could be. Folder duplication doesnt exist. Im actually not surprised that sharing is still not fixed. Look at Meet. A service that only after being absolutely beaten by Zoom received some attention. Theyre working on bringing Plus back in the form of Currents, but you still cannot stop people from sharing file with you in Google drive...","time":1595890803,"type":"comment"}
08-06 02:55:25.060  2402  3051 D CustomInterceptor: interceptor_finished : return_type #2 : request served from cache
08-06 02:55:25.073  2402  3032 D CustomInterceptor: NETWORK-PROVIDER https://hacker-news.firebaseio.com/v0/item/23971555.json
08-06 02:55:25.075  2402  3032 D CustomInterceptor: HEADER REQUEST
08-06 02:55:25.075  2402  3032 D CustomInterceptor: Cache-Control max-age=300, max-stale=300
08-06 02:55:25.075  2402  3032 D CustomInterceptor: CACHED STATS: size = '100', maxSize = '100', hitCount = '145', createCount = '0', putCount = '128', evictionCount = '28', missCount = '139', toString = 'LruCache[maxSize=100,hits=145,misses=139,hitRate=51%]', 
08-06 02:55:25.075  2402  3032 D CustomInterceptor: PREFLIB GET REQUEST https://hacker-news.firebaseio.com/v0/item/23971555.json
08-06 02:55:25.075  2402  3032 D CustomInterceptor: PREFLIB found https://hacker-news.firebaseio.com/v0/item/23971555.json, sending it back
08-06 02:55:25.075  2402  3032 D CustomInterceptor: CONTENT {"by":"dzonga","id":23971555,"kids":[23972678],"parent":23969442,"text":"im a google one user. &amp;  will admit only pay, because it&#x27;s a  steal for the price. no other service offered 100gb for $20 a year.but yeah, google software quality is quite poor. wonder, why all those engineers doing leetcode interviews can&#x27;t make quality products.","time":1595901506,"type":"comment"}
08-06 02:55:25.075  2402  3032 D CustomInterceptor: interceptor_finished : return_type #2 : request served from cache
08-06 02:55:25.087  2402  3026 D CustomInterceptor: NETWORK-PROVIDER https://hacker-news.firebaseio.com/v0/item/23970173.json
08-06 02:55:25.089  2402  3026 D CustomInterceptor: HEADER REQUEST
08-06 02:55:25.089  2402  3026 D CustomInterceptor: Cache-Control max-age=300, max-stale=300
08-06 02:55:25.089  2402  3026 D CustomInterceptor: CACHED STATS: size = '100', maxSize = '100', hitCount = '146', createCount = '0', putCount = '128', evictionCount = '28', missCount = '139', toString = 'LruCache[maxSize=100,hits=146,misses=139,hitRate=51%]', 
08-06 02:55:25.089  2402  3026 D CustomInterceptor: PREFLIB GET REQUEST https://hacker-news.firebaseio.com/v0/item/23970173.json
08-06 02:55:25.089  2402  3026 D CustomInterceptor: PREFLIB found https://hacker-news.firebaseio.com/v0/item/23970173.json, sending it back
08-06 02:55:25.089  2402  3026 D CustomInterceptor: CONTENT {"by":"moandcompany","id":23970173,"parent":23969442,"text":"As a ______ also affected by this issue on my personal Gmail accounts, I&#x27;ve filed a feedback&#x2F;request for this internally.","time":1595888992,"type":"comment"}
08-06 02:55:25.089  2402  3026 D CustomInterceptor: interceptor_finished : return_type #2 : request served from cache
08-06 02:55:25.101  2402  3042 D CustomInterceptor: NETWORK-PROVIDER https://hacker-news.firebaseio.com/v0/item/23970932.json
08-06 02:55:25.103  2402  3042 D CustomInterceptor: HEADER REQUEST
08-06 02:55:25.103  2402  3042 D CustomInterceptor: Cache-Control max-age=300, max-stale=300
08-06 02:55:25.103  2402  3042 D CustomInterceptor: CACHED STATS: size = '100', maxSize = '100', hitCount = '147', createCount = '0', putCount = '128', evictionCount = '28', missCount = '139', toString = 'LruCache[maxSize=100,hits=147,misses=139,hitRate=51%]', 
08-06 02:55:25.103  2402  3042 D CustomInterceptor: PREFLIB GET REQUEST https://hacker-news.firebaseio.com/v0/item/23970932.json
08-06 02:55:25.103  2402  3042 D CustomInterceptor: PREFLIB found https://hacker-news.firebaseio.com/v0/item/23970932.json, sending it back
08-06 02:55:25.103  2402  3042 D CustomInterceptor: CONTENT {"by":"rexreed","id":23970932,"parent":23969442,"text":"I fail to be surprised anymore at the lack of what should be OBVIOUS functionality in some of the largest functionality systems.<p>Whenever i think I might be stupid for missing what should be obvious functionality I submit a ticket to only realize that the functionality not only doesn&#x27;t exist but somehow my really basic suggestion is a &quot;unique&quot; or &quot;profound&quot; idea.<p>Honestly who is hiring these product managers? Who is coming up with these features? Why are what should be no-brainer obvious functionality items missing?<p>Is there something about product management and design I don&#x27;t understand? Why is it that you can&#x27;t get notifications on group calendars or background images on Google docs or lots of other things I&#x27;m forgetting now that at the time I was like &quot;wow I can&#x27;t believe you can&#x27;t do that&quot;","time":1595895791,"type":"comment"}
08-06 02:55:25.103  2402  3042 D CustomInterceptor: interceptor_finished : return_type #2 : request served from cache
08-06 02:55:25.114  2402  3027 D CustomInterceptor: NETWORK-PROVIDER https://hacker-news.firebaseio.com/v0/item/23970064.json
08-06 02:55:25.116  2402  3027 D CustomInterceptor: HEADER REQUEST
08-06 02:55:25.116  2402  3027 D CustomInterceptor: Cache-Control max-age=300, max-stale=300
08-06 02:55:25.116  2402  3027 D CustomInterceptor: CACHED STATS: size = '100', maxSize = '100', hitCount = '148', createCount = '0', putCount = '128', evictionCount = '28', missCount = '139', toString = 'LruCache[maxSize=100,hits=148,misses=139,hitRate=51%]', 
08-06 02:55:25.116  2402  3027 D CustomInterceptor: PREFLIB GET REQUEST https://hacker-news.firebaseio.com/v0/item/23970064.json
08-06 02:55:25.117  2402  3027 D CustomInterceptor: PREFLIB found https://hacker-news.firebaseio.com/v0/item/23970064.json, sending it back
08-06 02:55:25.117  2402  3027 D CustomInterceptor: CONTENT {"by":"ProAm","id":23970064,"parent":23969442,"text":"Didn&#x27;t google just make everyone jump through hoops on Youtube to ensure all content was safe for children because of COPPA?  Does this violate that new law?","time":1595888246,"type":"comment"}
08-06 02:55:25.117  2402  3027 D CustomInterceptor: interceptor_finished : return_type #2 : request served from cache
08-06 02:55:25.133  2402  3056 D CustomInterceptor: NETWORK-PROVIDER https://hacker-news.firebaseio.com/v0/item/23970185.json
08-06 02:55:25.135  2402  3056 D CustomInterceptor: HEADER REQUEST
08-06 02:55:25.135  2402  3056 D CustomInterceptor: Cache-Control max-age=300, max-stale=300
08-06 02:55:25.135  2402  3056 D CustomInterceptor: CACHED STATS: size = '100', maxSize = '100', hitCount = '149', createCount = '0', putCount = '128', evictionCount = '28', missCount = '139', toString = 'LruCache[maxSize=100,hits=149,misses=139,hitRate=51%]', 
08-06 02:55:25.135  2402  3056 D CustomInterceptor: PREFLIB GET REQUEST https://hacker-news.firebaseio.com/v0/item/23970185.json
08-06 02:55:25.135  2402  3056 D CustomInterceptor: PREFLIB found https://hacker-news.firebaseio.com/v0/item/23970185.json, sending it back
08-06 02:55:25.135  2402  3056 D CustomInterceptor: CONTENT {"by":"nikanj","id":23970185,"kids":[23970307],"parent":23969442,"text":"The same way you get any customer service from Google: Get your post on the front page of HN. This is probably going to get fixed shockingly fast now.","time":1595889085,"type":"comment"}
08-06 02:55:25.135  2402  3056 D CustomInterceptor: interceptor_finished : return_type #2 : request served from cache
08-06 02:55:25.149  2402  2512 D CustomInterceptor: NETWORK-PROVIDER https://hacker-news.firebaseio.com/v0/item/23976344.json
08-06 02:55:25.151  2402  2512 D CustomInterceptor: HEADER REQUEST
08-06 02:55:25.151  2402  2512 D CustomInterceptor: Cache-Control max-age=300, max-stale=300
08-06 02:55:25.151  2402  2512 D CustomInterceptor: CACHED STATS: size = '100', maxSize = '100', hitCount = '150', createCount = '0', putCount = '128', evictionCount = '28', missCount = '139', toString = 'LruCache[maxSize=100,hits=150,misses=139,hitRate=51%]', 
08-06 02:55:25.151  2402  2512 D CustomInterceptor: PREFLIB GET REQUEST https://hacker-news.firebaseio.com/v0/item/23976344.json
08-06 02:55:25.151  2402  2512 D CustomInterceptor: PREFLIB found https://hacker-news.firebaseio.com/v0/item/23976344.json, sending it back
08-06 02:55:25.151  2402  2512 D CustomInterceptor: CONTENT {"by":"throwaway29102","id":23976344,"parent":23969442,"text":"In the spirit of 2020, maybe making the problem worse will ultimately make it better?","time":1595947590,"type":"comment"}
08-06 02:55:25.151  2402  2512 D CustomInterceptor: interceptor_finished : return_type #2 : request served from cache
08-06 02:55:25.166  2402  3048 D CustomInterceptor: NETWORK-PROVIDER https://hacker-news.firebaseio.com/v0/item/23970172.json
08-06 02:55:25.168  2402  3048 D CustomInterceptor: HEADER REQUEST
08-06 02:55:25.168  2402  3048 D CustomInterceptor: Cache-Control max-age=300, max-stale=300
08-06 02:55:25.168  2402  3048 D CustomInterceptor: CACHED STATS: size = '100', maxSize = '100', hitCount = '151', createCount = '0', putCount = '128', evictionCount = '28', missCount = '139', toString = 'LruCache[maxSize=100,hits=151,misses=139,hitRate=52%]', 
08-06 02:55:25.168  2402  3048 D CustomInterceptor: PREFLIB GET REQUEST https://hacker-news.firebaseio.com/v0/item/23970172.json
08-06 02:55:25.168  2402  3048 D CustomInterceptor: PREFLIB found https://hacker-news.firebaseio.com/v0/item/23970172.json, sending it back
08-06 02:55:25.168  2402  3048 D CustomInterceptor: CONTENT {"by":"dawnerd","id":23970172,"kids":[23970315,23970440],"parent":23969442,"text":"little side question, whats with these support forums that almost never have real employees answering but have community &#x27;support specialists&#x27; that never answer the question and only tell you to use the feedback forms but beg for props on their answers. I don&#x27;t get it.","time":1595888992,"type":"comment"}
08-06 02:55:25.168  2402  3048 D CustomInterceptor: interceptor_finished : return_type #2 : request served from cache
08-06 02:55:25.237  2402  2502 D CustomInterceptor: NETWORK-PROVIDER https://hacker-news.firebaseio.com/v0/item/23970088.json
08-06 02:55:25.239  2402  2502 D CustomInterceptor: HEADER REQUEST
08-06 02:55:25.239  2402  2502 D CustomInterceptor: Cache-Control max-age=300, max-stale=300
08-06 02:55:25.239  2402  2502 D CustomInterceptor: CACHED STATS: size = '100', maxSize = '100', hitCount = '152', createCount = '0', putCount = '128', evictionCount = '28', missCount = '139', toString = 'LruCache[maxSize=100,hits=152,misses=139,hitRate=52%]', 
08-06 02:55:25.239  2402  2502 D CustomInterceptor: PREFLIB GET REQUEST https://hacker-news.firebaseio.com/v0/item/23970088.json
08-06 02:55:25.239  2402  2502 D CustomInterceptor: PREFLIB found https://hacker-news.firebaseio.com/v0/item/23970088.json, sending it back
08-06 02:55:25.239  2402  2502 D CustomInterceptor: CONTENT {"by":"partiallypro","id":23970088,"kids":[23971014],"parent":23969442,"text":"Is it possible that someone could share files with someone that is elicit content in order to get them in trouble or to target children&#x27;s accounts? Seems...like a problem.","time":1595888388,"type":"comment"}
08-06 02:55:25.239  2402  2502 D CustomInterceptor: interceptor_finished : return_type #2 : request served from cache
08-06 02:55:25.250  2402  2509 D CustomInterceptor: NETWORK-PROVIDER https://hacker-news.firebaseio.com/v0/item/23970894.json
08-06 02:55:25.252  2402  2509 D CustomInterceptor: HEADER REQUEST
08-06 02:55:25.252  2402  2509 D CustomInterceptor: Cache-Control max-age=300, max-stale=300
08-06 02:55:25.252  2402  2509 D CustomInterceptor: CACHED STATS: size = '100', maxSize = '100', hitCount = '153', createCount = '0', putCount = '128', evictionCount = '28', missCount = '139', toString = 'LruCache[maxSize=100,hits=153,misses=139,hitRate=52%]', 
08-06 02:55:25.252  2402  2509 D CustomInterceptor: PREFLIB NOT A GET REQUEST OR NOT IN CACHEGET
08-06 02:55:25.266  2402  2516 D CustomInterceptor: NETWORK-PROVIDER https://hacker-news.firebaseio.com/v0/item/23970328.json
08-06 02:55:25.268  2402  2516 D CustomInterceptor: HEADER REQUEST
08-06 02:55:25.268  2402  2516 D CustomInterceptor: Cache-Control max-age=300, max-stale=300
08-06 02:55:25.268  2402  2516 D CustomInterceptor: CACHED STATS: size = '100', maxSize = '100', hitCount = '153', createCount = '0', putCount = '128', evictionCount = '28', missCount = '140', toString = 'LruCache[maxSize=100,hits=153,misses=140,hitRate=52%]', 
08-06 02:55:25.268  2402  2516 D CustomInterceptor: PREFLIB NOT A GET REQUEST OR NOT IN CACHEGET
08-06 02:55:25.283  2402  3009 D CustomInterceptor: NETWORK-PROVIDER https://hacker-news.firebaseio.com/v0/item/23972119.json
08-06 02:55:25.284  2402  3009 D CustomInterceptor: HEADER REQUEST
08-06 02:55:25.285  2402  3009 D CustomInterceptor: Cache-Control max-age=300, max-stale=300
08-06 02:55:25.285  2402  3009 D CustomInterceptor: CACHED STATS: size = '100', maxSize = '100', hitCount = '153', createCount = '0', putCount = '128', evictionCount = '28', missCount = '141', toString = 'LruCache[maxSize=100,hits=153,misses=141,hitRate=52%]', 
08-06 02:55:25.285  2402  3009 D CustomInterceptor: PREFLIB NOT A GET REQUEST OR NOT IN CACHEGET
08-06 02:55:25.297  2402  2506 D CustomInterceptor: NETWORK-PROVIDER https://hacker-news.firebaseio.com/v0/item/23972630.json
08-06 02:55:25.299  2402  2506 D CustomInterceptor: HEADER REQUEST
08-06 02:55:25.299  2402  2506 D CustomInterceptor: Cache-Control max-age=300, max-stale=300
08-06 02:55:25.299  2402  2506 D CustomInterceptor: CACHED STATS: size = '100', maxSize = '100', hitCount = '153', createCount = '0', putCount = '128', evictionCount = '28', missCount = '142', toString = 'LruCache[maxSize=100,hits=153,misses=142,hitRate=51%]', 
08-06 02:55:25.299  2402  2506 D CustomInterceptor: PREFLIB NOT A GET REQUEST OR NOT IN CACHEGET
08-06 02:55:25.311  2402  2507 D CustomInterceptor: NETWORK-PROVIDER https://hacker-news.firebaseio.com/v0/item/23970449.json
08-06 02:55:25.313  2402  2507 D CustomInterceptor: HEADER REQUEST
08-06 02:55:25.313  2402  2507 D CustomInterceptor: Cache-Control max-age=300, max-stale=300
08-06 02:55:25.313  2402  2507 D CustomInterceptor: CACHED STATS: size = '100', maxSize = '100', hitCount = '153', createCount = '0', putCount = '128', evictionCount = '28', missCount = '143', toString = 'LruCache[maxSize=100,hits=153,misses=143,hitRate=51%]', 
08-06 02:55:25.313  2402  2507 D CustomInterceptor: PREFLIB NOT A GET REQUEST OR NOT IN CACHEGET
08-06 02:55:25.324  2402  3023 D CustomInterceptor: NETWORK-PROVIDER https://hacker-news.firebaseio.com/v0/item/23970249.json
08-06 02:55:25.326  2402  3023 D CustomInterceptor: HEADER REQUEST
08-06 02:55:25.326  2402  3023 D CustomInterceptor: Cache-Control max-age=300, max-stale=300
08-06 02:55:25.326  2402  3023 D CustomInterceptor: CACHED STATS: size = '100', maxSize = '100', hitCount = '153', createCount = '0', putCount = '128', evictionCount = '28', missCount = '144', toString = 'LruCache[maxSize=100,hits=153,misses=144,hitRate=51%]', 
08-06 02:55:25.326  2402  3023 D CustomInterceptor: PREFLIB NOT A GET REQUEST OR NOT IN CACHEGET
08-06 02:55:25.338  2402  3014 D CustomInterceptor: NETWORK-PROVIDER https://hacker-news.firebaseio.com/v0/item/23970033.json
08-06 02:55:25.341  2402  3014 D CustomInterceptor: HEADER REQUEST
08-06 02:55:25.341  2402  3014 D CustomInterceptor: Cache-Control max-age=300, max-stale=300
08-06 02:55:25.341  2402  3014 D CustomInterceptor: CACHED STATS: size = '100', maxSize = '100', hitCount = '153', createCount = '0', putCount = '128', evictionCount = '28', missCount = '145', toString = 'LruCache[maxSize=100,hits=153,misses=145,hitRate=51%]', 
08-06 02:55:25.341  2402  3014 D CustomInterceptor: PREFLIB NOT A GET REQUEST OR NOT IN CACHEGET
08-06 02:55:25.354  2402  3007 D CustomInterceptor: NETWORK-PROVIDER https://hacker-news.firebaseio.com/v0/item/23970828.json
08-06 02:55:25.356  2402  3007 D CustomInterceptor: HEADER REQUEST
08-06 02:55:25.356  2402  3007 D CustomInterceptor: Cache-Control max-age=300, max-stale=300
08-06 02:55:25.356  2402  3007 D CustomInterceptor: CACHED STATS: size = '100', maxSize = '100', hitCount = '153', createCount = '0', putCount = '128', evictionCount = '28', missCount = '146', toString = 'LruCache[maxSize=100,hits=153,misses=146,hitRate=51%]', 
08-06 02:55:25.356  2402  3007 D CustomInterceptor: PREFLIB NOT A GET REQUEST OR NOT IN CACHEGET
08-06 02:55:25.368  2402  3064 D CustomInterceptor: NETWORK-PROVIDER https://hacker-news.firebaseio.com/v0/item/23971108.json
08-06 02:55:25.370  2402  3064 D CustomInterceptor: HEADER REQUEST
08-06 02:55:25.370  2402  3064 D CustomInterceptor: Cache-Control max-age=300, max-stale=300
08-06 02:55:25.370  2402  3064 D CustomInterceptor: CACHED STATS: size = '100', maxSize = '100', hitCount = '153', createCount = '0', putCount = '128', evictionCount = '28', missCount = '147', toString = 'LruCache[maxSize=100,hits=153,misses=147,hitRate=51%]', 
08-06 02:55:25.370  2402  3064 D CustomInterceptor: PREFLIB NOT A GET REQUEST OR NOT IN CACHEGET
08-06 02:55:25.383  2402  3060 D CustomInterceptor: NETWORK-PROVIDER https://hacker-news.firebaseio.com/v0/item/23970872.json
08-06 02:55:25.388  2402  3060 D CustomInterceptor: HEADER REQUEST
08-06 02:55:25.388  2402  3060 D CustomInterceptor: Cache-Control max-age=300, max-stale=300
08-06 02:55:25.388  2402  3060 D CustomInterceptor: CACHED STATS: size = '100', maxSize = '100', hitCount = '153', createCount = '0', putCount = '128', evictionCount = '28', missCount = '148', toString = 'LruCache[maxSize=100,hits=153,misses=148,hitRate=50%]', 
08-06 02:55:25.388  2402  3060 D CustomInterceptor: PREFLIB NOT A GET REQUEST OR NOT IN CACHEGET
08-06 02:55:25.400  2402  3012 D CustomInterceptor: NETWORK-PROVIDER https://hacker-news.firebaseio.com/v0/item/23970045.json
08-06 02:55:25.402  2402  3012 D CustomInterceptor: HEADER REQUEST
08-06 02:55:25.402  2402  3012 D CustomInterceptor: Cache-Control max-age=300, max-stale=300
08-06 02:55:25.402  2402  3012 D CustomInterceptor: CACHED STATS: size = '100', maxSize = '100', hitCount = '153', createCount = '0', putCount = '128', evictionCount = '28', missCount = '149', toString = 'LruCache[maxSize=100,hits=153,misses=149,hitRate=50%]', 
08-06 02:55:25.402  2402  3012 D CustomInterceptor: PREFLIB NOT A GET REQUEST OR NOT IN CACHEGET
08-06 02:55:25.413  2402  2518 D CustomInterceptor: NETWORK-PROVIDER https://hacker-news.firebaseio.com/v0/item/23971223.json
08-06 02:55:25.415  2402  2518 D CustomInterceptor: HEADER REQUEST
08-06 02:55:25.415  2402  2518 D CustomInterceptor: Cache-Control max-age=300, max-stale=300
08-06 02:55:25.415  2402  2518 D CustomInterceptor: CACHED STATS: size = '100', maxSize = '100', hitCount = '153', createCount = '0', putCount = '128', evictionCount = '28', missCount = '150', toString = 'LruCache[maxSize=100,hits=153,misses=150,hitRate=50%]', 
08-06 02:55:25.415  2402  2518 D CustomInterceptor: PREFLIB NOT A GET REQUEST OR NOT IN CACHEGET
08-06 02:55:25.428  2402  3065 D CustomInterceptor: NETWORK-PROVIDER https://hacker-news.firebaseio.com/v0/item/23970306.json
08-06 02:55:25.430  2402  3065 D CustomInterceptor: HEADER REQUEST
08-06 02:55:25.430  2402  3065 D CustomInterceptor: Cache-Control max-age=300, max-stale=300
08-06 02:55:25.430  2402  3065 D CustomInterceptor: CACHED STATS: size = '100', maxSize = '100', hitCount = '153', createCount = '0', putCount = '128', evictionCount = '28', missCount = '151', toString = 'LruCache[maxSize=100,hits=153,misses=151,hitRate=50%]', 
08-06 02:55:25.430  2402  3065 D CustomInterceptor: PREFLIB NOT A GET REQUEST OR NOT IN CACHEGET
08-06 02:55:25.441  2402  3016 D CustomInterceptor: NETWORK-PROVIDER https://hacker-news.firebaseio.com/v0/item/23969975.json
08-06 02:55:25.443  2402  3016 D CustomInterceptor: HEADER REQUEST
08-06 02:55:25.443  2402  3016 D CustomInterceptor: Cache-Control max-age=300, max-stale=300
08-06 02:55:25.443  2402  3016 D CustomInterceptor: CACHED STATS: size = '100', maxSize = '100', hitCount = '153', createCount = '0', putCount = '128', evictionCount = '28', missCount = '152', toString = 'LruCache[maxSize=100,hits=153,misses=152,hitRate=50%]', 
08-06 02:55:25.443  2402  3016 D CustomInterceptor: PREFLIB NOT A GET REQUEST OR NOT IN CACHEGET
08-06 02:55:25.455  2402  3018 D CustomInterceptor: NETWORK-PROVIDER https://hacker-news.firebaseio.com/v0/item/23970589.json
08-06 02:55:25.457  2402  3018 D CustomInterceptor: HEADER REQUEST
08-06 02:55:25.457  2402  3018 D CustomInterceptor: Cache-Control max-age=300, max-stale=300
08-06 02:55:25.457  2402  3018 D CustomInterceptor: CACHED STATS: size = '100', maxSize = '100', hitCount = '153', createCount = '0', putCount = '128', evictionCount = '28', missCount = '153', toString = 'LruCache[maxSize=100,hits=153,misses=153,hitRate=50%]', 
08-06 02:55:25.457  2402  3018 D CustomInterceptor: PREFLIB NOT A GET REQUEST OR NOT IN CACHEGET
08-06 02:55:25.469  2402  3030 D CustomInterceptor: NETWORK-PROVIDER https://hacker-news.firebaseio.com/v0/item/23970048.json
08-06 02:55:25.471  2402  3030 D CustomInterceptor: HEADER REQUEST
08-06 02:55:25.471  2402  3030 D CustomInterceptor: Cache-Control max-age=300, max-stale=300
08-06 02:55:25.472  2402  3030 D CustomInterceptor: CACHED STATS: size = '100', maxSize = '100', hitCount = '153', createCount = '0', putCount = '128', evictionCount = '28', missCount = '154', toString = 'LruCache[maxSize=100,hits=153,misses=154,hitRate=49%]', 
08-06 02:55:25.472  2402  3030 D CustomInterceptor: PREFLIB NOT A GET REQUEST OR NOT IN CACHEGET
08-06 02:55:25.782  2402  2516 D CustomInterceptor: Interceptor exiting with exception java.io.IOException: unexpected end of stream on https://hacker-news.firebaseio.com/...
08-06 02:55:25.786  2402  2516 D CustomInterceptor: interceptor_finished : return_type #4 : interceptor failed, resuming the request chain with the original request
08-06 02:55:25.833  2402  2507 D CustomInterceptor: Interceptor exiting with exception java.io.IOException: unexpected end of stream on https://hacker-news.firebaseio.com/...
08-06 02:55:25.836  2402  2507 D CustomInterceptor: interceptor_finished : return_type #4 : interceptor failed, resuming the request chain with the original request
08-06 02:55:25.880  2402  2422 D CustomInterceptor: NETWORK-PROVIDER https://hacker-news.firebaseio.com/v0/item/23970236.json
08-06 02:55:25.883  2402  2422 D CustomInterceptor: HEADER REQUEST
08-06 02:55:25.883  2402  2422 D CustomInterceptor: Cache-Control max-age=300, max-stale=300
08-06 02:55:25.883  2402  2422 D CustomInterceptor: CACHED STATS: size = '100', maxSize = '100', hitCount = '153', createCount = '0', putCount = '128', evictionCount = '28', missCount = '155', toString = 'LruCache[maxSize=100,hits=153,misses=155,hitRate=49%]', 
08-06 02:55:25.883  2402  2422 D CustomInterceptor: PREFLIB GET REQUEST https://hacker-news.firebaseio.com/v0/item/23970236.json
08-06 02:55:25.883  2402  2422 D CustomInterceptor: PREFLIB found https://hacker-news.firebaseio.com/v0/item/23970236.json, sending it back
08-06 02:55:25.884  2402  2422 D CustomInterceptor: CONTENT {"by":"erichurkman","id":23970236,"kids":[23971214,23971557,23970862,23970298],"parent":23970041,"text":"It&#x27;s used not just by spammers, but by sales reps, too.<p>Dell recently did this to about half a dozen people on my team. &#x27;Q2 Budget Review&#x27;, which sounds official, but is really a Dell rep trying to sell you junk that magically pops up on your calendar _even if you mark their message as spam_.<p>Dirty way to get by executive assistants, too.","time":1595889428,"type":"comment"}
08-06 02:55:25.884  2402  2422 D CustomInterceptor: interceptor_finished : return_type #2 : request served from cache
08-06 02:55:25.901  2402  2514 D CustomInterceptor: NETWORK-PROVIDER https://hacker-news.firebaseio.com/v0/item/23970204.json
08-06 02:55:25.903  2402  2514 D CustomInterceptor: HEADER REQUEST
08-06 02:55:25.903  2402  2514 D CustomInterceptor: Cache-Control max-age=300, max-stale=300
08-06 02:55:25.903  2402  2514 D CustomInterceptor: CACHED STATS: size = '100', maxSize = '100', hitCount = '154', createCount = '0', putCount = '128', evictionCount = '28', missCount = '155', toString = 'LruCache[maxSize=100,hits=154,misses=155,hitRate=49%]', 
08-06 02:55:25.903  2402  2514 D CustomInterceptor: PREFLIB GET REQUEST https://hacker-news.firebaseio.com/v0/item/23970204.json
08-06 02:55:25.903  2402  2514 D CustomInterceptor: PREFLIB found https://hacker-news.firebaseio.com/v0/item/23970204.json, sending it back
08-06 02:55:25.903  2402  2514 D CustomInterceptor: CONTENT {"by":"aahhahahaaa","id":23970204,"kids":[23970271],"parent":23970041,"text":"They have not fixed it.<p>I wish I could turn off the feature entirely, but I still occasionally get Russian spam events on my calendar. They also try to notify me at ~3am (fortunately I turn notifications completely off at night).<p>The emails themselves land in my spam folder... but no one said &quot;hey, maybe calendar events shouldn&#x27;t be created from the spam folder&quot; at inception, so I guess it&#x27;ll never be implemented.<p>I report them as spam when I get them, but I also discovered that I can&#x27;t report calendar events as spam in the mobile app.","time":1595889206,"type":"comment"}
08-06 02:55:25.904  2402  2514 D CustomInterceptor: interceptor_finished : return_type #2 : request served from cache
08-06 02:55:25.920  2402  3037 D CustomInterceptor: NETWORK-PROVIDER https://hacker-news.firebaseio.com/v0/item/23970080.json
08-06 02:55:25.921  2402  3037 D CustomInterceptor: HEADER REQUEST
08-06 02:55:25.922  2402  3037 D CustomInterceptor: Cache-Control max-age=300, max-stale=300
08-06 02:55:25.924  2402  3037 D CustomInterceptor: CACHED STATS: size = '100', maxSize = '100', hitCount = '155', createCount = '0', putCount = '128', evictionCount = '28', missCount = '155', toString = 'LruCache[maxSize=100,hits=155,misses=155,hitRate=50%]', 
08-06 02:55:25.924  2402  3037 D CustomInterceptor: PREFLIB GET REQUEST https://hacker-news.firebaseio.com/v0/item/23970080.json
08-06 02:55:25.924  2402  3037 D CustomInterceptor: PREFLIB found https://hacker-news.firebaseio.com/v0/item/23970080.json, sending it back
08-06 02:55:25.924  2402  3037 D CustomInterceptor: CONTENT {"by":"mjayhn","id":23970080,"parent":23970041,"text":"This hit a bunch of us about a year ago, maybe two years, I forget. It was incredibly annoying and made me completely stop relying on gmail for calendar stuff.","time":1595888311,"type":"comment"}
08-06 02:55:25.924  2402  3037 D CustomInterceptor: interceptor_finished : return_type #2 : request served from cache
08-06 02:55:25.933  2402  3034 D CustomInterceptor: NETWORK-PROVIDER https://hacker-news.firebaseio.com/v0/item/23971544.json
08-06 02:55:25.934  2402  3034 D CustomInterceptor: HEADER REQUEST
08-06 02:55:25.934  2402  3034 D CustomInterceptor: Cache-Control max-age=300, max-stale=300
08-06 02:55:25.935  2402  3034 D CustomInterceptor: CACHED STATS: size = '100', maxSize = '100', hitCount = '156', createCount = '0', putCount = '128', evictionCount = '28', missCount = '155', toString = 'LruCache[maxSize=100,hits=156,misses=155,hitRate=50%]', 
08-06 02:55:25.935  2402  3034 D CustomInterceptor: PREFLIB GET REQUEST https://hacker-news.firebaseio.com/v0/item/23971544.json
08-06 02:55:25.935  2402  3034 D CustomInterceptor: PREFLIB found https://hacker-news.firebaseio.com/v0/item/23971544.json, sending it back
08-06 02:55:25.935  2402  3034 D CustomInterceptor: CONTENT {"by":"Simulacra","id":23971544,"kids":[23972258,23972889],"parent":23970041,"text":"Google has very little incentive to fix the problem, and outsourced support personnel have even less incentive to care. The entire google forums read like passing the buck.","time":1595901406,"type":"comment"}
08-06 02:55:25.935  2402  3034 D CustomInterceptor: interceptor_finished : return_type #2 : request served from cache
08-06 02:55:25.945  2402  3061 D CustomInterceptor: NETWORK-PROVIDER https://hacker-news.firebaseio.com/v0/item/23970864.json
08-06 02:55:25.947  2402  3061 D CustomInterceptor: HEADER REQUEST
08-06 02:55:25.947  2402  3061 D CustomInterceptor: Cache-Control max-age=300, max-stale=300
08-06 02:55:25.947  2402  3061 D CustomInterceptor: CACHED STATS: size = '100', maxSize = '100', hitCount = '157', createCount = '0', putCount = '128', evictionCount = '28', missCount = '155', toString = 'LruCache[maxSize=100,hits=157,misses=155,hitRate=50%]', 
08-06 02:55:25.947  2402  3061 D CustomInterceptor: PREFLIB GET REQUEST https://hacker-news.firebaseio.com/v0/item/23970864.json
08-06 02:55:25.948  2402  3061 D CustomInterceptor: PREFLIB found https://hacker-news.firebaseio.com/v0/item/23970864.json, sending it back
08-06 02:55:25.948  2402  3061 D CustomInterceptor: CONTENT {"by":"wincy","id":23970864,"parent":23970041,"text":"You just reminded me why I decoupled my google calendar from my iPhone calendar a few years ago. Just the other day I was thinking Id like them up, but something made me feel like I shouldnt...","time":1595895125,"type":"comment"}
08-06 02:55:25.948  2402  3061 D CustomInterceptor: interceptor_finished : return_type #2 : request served from cache
08-06 02:55:25.960  2402  3021 D CustomInterceptor: NETWORK-PROVIDER https://hacker-news.firebaseio.com/v0/item/23970366.json
08-06 02:55:25.962  2402  3021 D CustomInterceptor: HEADER REQUEST
08-06 02:55:25.975  2402  3021 D CustomInterceptor: Cache-Control max-age=300, max-stale=300
08-06 02:55:25.975  2402  3021 D CustomInterceptor: CACHED STATS: size = '100', maxSize = '100', hitCount = '158', createCount = '0', putCount = '128', evictionCount = '28', missCount = '155', toString = 'LruCache[maxSize=100,hits=158,misses=155,hitRate=50%]', 
08-06 02:55:25.976  2402  3021 D CustomInterceptor: PREFLIB GET REQUEST https://hacker-news.firebaseio.com/v0/item/23970366.json
08-06 02:55:25.976  2402  3021 D CustomInterceptor: PREFLIB found https://hacker-news.firebaseio.com/v0/item/23970366.json, sending it back
08-06 02:55:25.976  2402  3021 D CustomInterceptor: CONTENT {"by":"malwarebytess","id":23970366,"kids":[23970459],"parent":23970041,"text":"I still get this. It was bad enough on my &quot;sign up for shit&quot; email address that I had to disconnect that account from my smartphone because it kept spamming me with notifications in my calendar to &quot;earn $1500 a week working at home!&quot;","time":1595890440,"type":"comment"}
08-06 02:55:25.976  2402  3021 D CustomInterceptor: interceptor_finished : return_type #2 : request served from cache
08-06 02:55:25.994  2402  3040 D CustomInterceptor: NETWORK-PROVIDER https://hacker-news.firebaseio.com/v0/item/23970083.json
08-06 02:55:25.994  2402  2506 D CustomInterceptor: Interceptor exiting with exception java.io.IOException: unexpected end of stream on https://hacker-news.firebaseio.com/...
08-06 02:55:25.996  2402  3040 D CustomInterceptor: HEADER REQUEST
08-06 02:55:25.996  2402  3040 D CustomInterceptor: Cache-Control max-age=300, max-stale=300
08-06 02:55:25.996  2402  3040 D CustomInterceptor: CACHED STATS: size = '100', maxSize = '100', hitCount = '159', createCount = '0', putCount = '128', evictionCount = '28', missCount = '155', toString = 'LruCache[maxSize=100,hits=159,misses=155,hitRate=50%]', 
08-06 02:55:25.997  2402  3040 D CustomInterceptor: PREFLIB GET REQUEST https://hacker-news.firebaseio.com/v0/item/23970083.json
08-06 02:55:25.997  2402  3040 D CustomInterceptor: PREFLIB found https://hacker-news.firebaseio.com/v0/item/23970083.json, sending it back
08-06 02:55:25.997  2402  3040 D CustomInterceptor: CONTENT {"by":"dmurray","id":23970083,"parent":23970041,"text":"I used to get these in Russian (I don&#x27;t speak Russian and have no links with Russia). The worst part was I couldn&#x27;t delete them from the Android app, which is like probably everyone else the only place I ever see my Google calendar. The functionality to delete them was hidden at calendar.google.com or somewhere I&#x27;d never had occasion to use. I don&#x27;t get this spam any more, so I guess Google fixed it at some level.","time":1595888359,"type":"comment"}
