--------- beginning of main
08-04 00:04:12.872   918  3261 D WifiStateMachine: starting scan for "H369AA63323"WPA_PSK with 2412,5180
08-04 00:04:13.157 26368 26368 D AndroidRuntime: >>>>>> START com.android.internal.os.RuntimeInit uid 2000 <<<<<<
08-04 00:04:13.164 26368 26368 D AndroidRuntime: CheckJNI is OFF
08-04 00:04:13.191 26368 26368 D ICU     : No timezone override file found: /data/misc/zoneinfo/current/icu/icu_tzdata.dat
08-04 00:04:13.220 26368 26368 I Radio-JNI: register_android_hardware_Radio DONE
08-04 00:04:13.236 26368 26368 D AndroidRuntime: Calling main entry com.android.commands.monkey.Monkey
--------- beginning of system
08-04 00:04:13.254   918   931 W BroadcastQueue: Skipping deliver [background] BroadcastRecord{1fd7c9c u-1 android.net.conn.CONNECTIVITY_CHANGE} to ReceiverList{4820a7a 26368 (unknown name)/2000/u-1 remote:767056e}: process crashing
08-04 00:04:13.264   918   928 I ActivityManager: START u0 {act=android.intent.action.MAIN cat=[android.intent.category.LAUNCHER] flg=0x10200000 cmp=baseline.io.github.project_travel_mate/.SplashActivity} from uid 2000 on display 0
08-04 00:04:13.300 26377 26377 I art     : Late-enabling -Xcheck:jni
08-04 00:04:13.302   918  4400 I ActivityManager: Start proc 26377:baseline.io.github.project_travel_mate/u0a650 for activity baseline.io.github.project_travel_mate/.SplashActivity
08-04 00:04:13.319 26368 26368 I art     : System.exit called, status: 0
08-04 00:04:13.319 26368 26368 I AndroidRuntime: VM exiting with result code 0.
08-04 00:04:13.355 23490 23490 W Atfwd_Sendcmd: AtCmdFwd service not published, waiting... retryCnt : 4
08-04 00:04:13.358 26377 26377 W System  : ClassLoader referenced unknown path: /data/app/baseline.io.github.project_travel_mate-1/lib/arm64
08-04 00:04:13.370  6202  8771 I PBSessionCacheImpl: Deleted sessionId[27278280657311515] from persistence.
08-04 00:04:13.374  6202  6241 W SearchServiceCore: Abort, client detached.
08-04 00:04:13.375  6202  6241 I MicroDetectionState: Should stop hotword detection immediately - true
08-04 00:04:13.378 26377 26377 W art     : Before Android 4.1, method android.graphics.PorterDuffColorFilter androidx.vectordrawable.graphics.drawable.VectorDrawableCompat.updateTintFilter(android.graphics.PorterDuffColorFilter, android.content.res.ColorStateList, android.graphics.PorterDuff$Mode) would have incorrectly overridden the package-private method in android.graphics.drawable.Drawable
08-04 00:04:13.391 26377 26377 I art     : Rejecting re-init on previously-failed class java.lang.Class<androidx.core.view.ViewCompat$OnUnhandledKeyEventListenerWrapper>
08-04 00:04:13.391 26377 26377 I art     : Rejecting re-init on previously-failed class java.lang.Class<androidx.core.view.ViewCompat$OnUnhandledKeyEventListenerWrapper>
08-04 00:04:13.419 26377 26392 D OpenGLRenderer: Use EGL_SWAP_BEHAVIOR_PRESERVED: true
08-04 00:04:13.446 26377 26392 I Adreno  : QUALCOMM build                   : fcf4852, I1af360237c
08-04 00:04:13.446 26377 26392 I Adreno  : Build Date                       : 09/23/15
08-04 00:04:13.446 26377 26392 I Adreno  : OpenGL ES Shader Compiler Version: XE031.05.13.02
08-04 00:04:13.446 26377 26392 I Adreno  : Local Branch                     : mybranch14465806
08-04 00:04:13.446 26377 26392 I Adreno  : Remote Branch                    : quic/LA.BF64.1.2.9_v2
08-04 00:04:13.446 26377 26392 I Adreno  : Remote Branch                    : NONE
08-04 00:04:13.446 26377 26392 I Adreno  : Reconstruct Branch               : NOTHING
08-04 00:04:13.451 26377 26392 I OpenGLRenderer: Initialized EGL, version 1.4
08-04 00:04:13.546   918   936 I ActivityManager: Displayed baseline.io.github.project_travel_mate/.SplashActivity: +274ms
08-04 00:04:13.550 13866 13866 I GoogleInputMethodServic: GoogleInputMethodService.onFinishInput():3138 
08-04 00:04:13.552 13866 13866 I GoogleInputMethodServic: GoogleInputMethodService.onStartInput():1808 
08-04 00:04:14.842 26410 26410 D AndroidRuntime: >>>>>> START com.android.internal.os.RuntimeInit uid 2000 <<<<<<
08-04 00:04:14.845 26410 26410 D AndroidRuntime: CheckJNI is OFF
08-04 00:04:14.870 26410 26410 D ICU     : No timezone override file found: /data/misc/zoneinfo/current/icu/icu_tzdata.dat
08-04 00:04:14.898 26410 26410 I Radio-JNI: register_android_hardware_Radio DONE
08-04 00:04:14.914 26410 26410 D AndroidRuntime: Calling main entry com.android.commands.am.Am
08-04 00:04:14.920  8825  8825 I Trepn   : Trepn 6.2s: Received intent: com.quicinc.trepn.start_profiling
08-04 00:04:15.038  8825  8825 W FileUtils: Failed to chmod(/storage/emulated/0/trepn/Trepn_2020.08.04_000414.db): android.system.ErrnoException: chmod failed: EPERM (Operation not permitted)
08-04 00:04:15.133  8825  8825 I Trepn   : Trepn 6.2s: Trepn has Started Profiling.
08-04 00:04:15.135 26410 26410 D AndroidRuntime: Shutting down VM
08-04 00:04:15.486   918  6029 I ActivityManager: START u0 {cmp=baseline.io.github.project_travel_mate/.MainActivity} from uid 10650 on display 0
08-04 00:04:15.577 26377 26377 W Settings: Setting airplane_mode_on has moved from android.provider.Settings.System to android.provider.Settings.Global, returning read-only value.
08-04 00:04:15.589 26377 26377 V MainActivity: url=https://project-travel-mate.herokuapp.com/api/get-user
08-04 00:04:15.623 26377 26443 W LOTTIE  : Unknown mask mode mode. Defaulting to Add.
08-04 00:04:15.632 26377 26443 W LOTTIE  : You have 5 images. Lottie should primarily be used with shapes. If you are using Adobe Illustrator, convert the Illustrator layers to shape layers.
08-04 00:04:15.633 26377 26443 W LOTTIE  : Unknown mask mode mode. Defaulting to Add.
08-04 00:04:15.634 26377 26443 W LOTTIE  : Unknown mask mode mode. Defaulting to Add.
08-04 00:04:15.671 26377 26389 I art     : Starting a blocking GC Explicit
08-04 00:04:15.695 26377 26377 V CityFragment: url=https://project-travel-mate.herokuapp.com/api/get-all-cities/10
08-04 00:04:15.699 26377 26389 I art     : Explicit concurrent mark sweep GC freed 71673(4MB) AllocSpace objects, 3(60KB) LOS objects, 40% free, 23MB/38MB, paused 757us total 27.526ms
08-04 00:04:15.711 26377 26389 I art     : Starting a blocking GC Explicit
08-04 00:04:15.725 26377 26389 I art     : Explicit concurrent mark sweep GC freed 3782(188KB) AllocSpace objects, 0(0B) LOS objects, 40% free, 23MB/38MB, paused 216us total 12.998ms
08-04 00:04:15.975 26377 26389 I art     : Starting a blocking GC Explicit
08-04 00:04:16.060 26377 26389 I art     : Explicit concurrent mark sweep GC freed 88(3KB) AllocSpace objects, 0(0B) LOS objects, 40% free, 23MB/38MB, paused 436us total 78.005ms
08-04 00:04:16.173 26377 26389 I art     : Starting a blocking GC Explicit
08-04 00:04:16.200 26377 26389 I art     : Explicit concurrent mark sweep GC freed 414(18KB) AllocSpace objects, 0(0B) LOS objects, 40% free, 23MB/38MB, paused 569us total 26.859ms
08-04 00:04:16.577 26377 26442 I NAPPA_EXPERIMENTATION: MetricNetworkRequestExecutionTime: REQUEST_DURATION_SYSTEM='965',REQUEST_DURATION_OKHTTP='48',REQUEST_SYNCHRONOUS='FALSE',RESPONSE_CODE='200',RESPONSE_METHOD='GET',RESPONSE_LENGTH_OKHTTP='185',RESPONSE_LENGTH_HEADER='185',REQUEST_PROTOCOL='http/1.1',REQUEST_URL='https://project-travel-mate.herokuapp.com/api/get-user',
08-04 00:04:16.580 26377 26446 I NAPPA_EXPERIMENTATION: MetricNetworkRequestExecutionTime: REQUEST_DURATION_SYSTEM='884',REQUEST_DURATION_OKHTTP='69',REQUEST_SYNCHRONOUS='FALSE',RESPONSE_CODE='200',RESPONSE_METHOD='GET',RESPONSE_LENGTH_OKHTTP='1588',RESPONSE_LENGTH_HEADER='1588',REQUEST_PROTOCOL='http/1.1',REQUEST_URL='https://project-travel-mate.herokuapp.com/api/get-all-cities/10',
08-04 00:04:17.047 26377 26389 I art     : Starting a blocking GC Explicit
08-04 00:04:17.116 26377 26389 I art     : Explicit concurrent mark sweep GC freed 5314(321KB) AllocSpace objects, 6(400KB) LOS objects, 40% free, 23MB/39MB, paused 513us total 68.898ms
08-04 00:04:17.155 26377 26377 E RecyclerView: No adapter attached; skipping layout
08-04 00:04:17.220 26377 26377 I Choreographer: Skipped 90 frames!  The application may be doing too much work on its main thread.
08-04 00:04:17.302 26377 26397 I art     : Starting a blocking GC Explicit
08-04 00:04:17.316 26377 26397 I art     : Explicit concurrent mark sweep GC freed 8208(612KB) AllocSpace objects, 1(20KB) LOS objects, 36% free, 27MB/43MB, paused 220us total 14.059ms
08-04 00:04:17.324 26377 26397 I art     : Starting a blocking GC Explicit
08-04 00:04:17.336 26377 26377 V MainActivity: url = https://project-travel-mate.herokuapp.com/api/number-of-unread-notifications
08-04 00:04:17.338   918   936 I ActivityManager: Displayed baseline.io.github.project_travel_mate/.MainActivity: +1s843ms
08-04 00:04:17.343 26377 26397 I art     : Explicit concurrent mark sweep GC freed 358(35KB) AllocSpace objects, 0(0B) LOS objects, 36% free, 27MB/43MB, paused 4.315ms total 18.618ms
08-04 00:04:17.351 13866 13866 I GoogleInputMethodServic: GoogleInputMethodService.onFinishInput():3138 
08-04 00:04:17.351 26377 26377 V CityFragment: result=[{"id":1,"city_name":"Delhi","facts_count":6,"image":"https://upload.wikimedia.org/wikipedia/commons/9/94/%E0%B4%96%E0%B5%81%E0%B4%A4%E0%B5%8D%E0%B4%AC%E0%B5%8D_%E0%B4%AE%E0%B4%BF%E0%B4%A8%E0%B4%BE%E0%B5%BC1.jpg","visit_count":18186},{"id":2,"city_name":"Mumbai","facts_count":0,"image":"https://static1.squarespace.com/static/55917ae2e4b0984fc8c264c4/t/5ad7a037758d464041bfba27/1524102624280/Victoria_Mumbai.jpg","visit_count":6022},{"id":3,"city_name":"Bangalore","facts_count":0,"image":null,"visit_count":5536},{"id":8,"city_name":"Pune","facts_count":0,"image":"https://www.zricks.com/ImagesPostProject/47929//6557d975-20a9-4c6c-a776-8072a1936a76.jpg","visit_count":3324},{"id":4,"city_name":"Chennai","facts_count":0,"image":"http://lh3.ggpht.com/_YLb7tJ8RoAk/SfazBLdgf3I/AAAAAAAANEg/p52_Zz_URxg/s640/Picture%20009.jpg","visit_count":3061},{"id":5,"city_name":"Kolkata","facts_count":0,"image":"https://i.pinimg.com/originals/05/ec/42/05ec42c545b494d12cc612923483b4f0.jpg","visit_count":2211},{"id":9,"city_name":"Jaipur","facts_count":1,"image":"https://www.trodly.com/pictures/attraction/1943.jpg","visit_count":2007},{"id":6,"city_name":"Hyderabad","facts_count":0,"image":"https://i1.trekearth.com/photos/59194/charminar_020_sm.jpg","visit_count":1633},{"id":150,"city_name":"Panjim","facts_count":0,"image":"http://www.nomad4ever.com/wp-content/uploads/2009/04/palm-trees-at-baga-creek-north-goa1.jpg","visit_count":1488},{"id":7,"city_name":"Ahmedabad","facts_count":0,"image":"https://i.pinimg.com/originals/a5/ed/29/a5ed293271669a61f47059f7b0d9cf2c.jpg","visit_count":1115}]
08-04 00:04:17.351 26377 26397 I art     : Starting a blocking GC Explicit
08-04 00:04:17.352 13866 13866 I GoogleInputMethodServic: GoogleInputMethodService.onStartInput():1808 
08-04 00:04:17.366 26377 26397 I art     : Explicit concurrent mark sweep GC freed 739(73KB) AllocSpace objects, 0(0B) LOS objects, 36% free, 28MB/44MB, paused 404us total 14.191ms
08-04 00:04:17.375 26377 26397 I art     : Starting a blocking GC Explicit
08-04 00:04:17.390 26377 26397 I art     : Explicit concurrent mark sweep GC freed 187(8KB) AllocSpace objects, 0(0B) LOS objects, 36% free, 28MB/44MB, paused 325us total 14.599ms
08-04 00:04:17.399 26377 26397 I art     : Starting a blocking GC Explicit
08-04 00:04:17.413 26377 26397 I art     : Explicit concurrent mark sweep GC freed 140(4KB) AllocSpace objects, 0(0B) LOS objects, 36% free, 28MB/44MB, paused 247us total 14.132ms
08-04 00:04:17.421 26377 26377 D CityFragment: get cities cities size = 10
08-04 00:04:17.525 26377 26377 E RecyclerView: No adapter attached; skipping layout
08-04 00:04:17.716 26377 26389 I art     : Starting a blocking GC Explicit
08-04 00:04:17.737 26377 26389 I art     : Explicit concurrent mark sweep GC freed 11800(1148KB) AllocSpace objects, 12(4MB) LOS objects, 35% free, 29MB/45MB, paused 636us total 20.637ms
08-04 00:04:17.745 26377 26389 I art     : Starting a blocking GC Explicit
08-04 00:04:17.776 26377 26389 I art     : Explicit concurrent mark sweep GC freed 3851(342KB) AllocSpace objects, 0(0B) LOS objects, 35% free, 29MB/45MB, paused 574us total 30.884ms
08-04 00:04:17.785 26377 26389 I art     : Starting a blocking GC Explicit
08-04 00:04:17.802 26377 26389 I art     : Explicit concurrent mark sweep GC freed 463(28KB) AllocSpace objects, 2(88KB) LOS objects, 35% free, 29MB/45MB, paused 515us total 16.477ms
08-04 00:04:17.810 26377 26389 I art     : Starting a blocking GC Explicit
08-04 00:04:17.825   380   380 W SurfaceFlinger: couldn't log to binary event log: overflow.
08-04 00:04:17.830 26377 26389 I art     : Explicit concurrent mark sweep GC freed 2565(164KB) AllocSpace objects, 2(120KB) LOS objects, 35% free, 29MB/45MB, paused 818us total 19.545ms
08-04 00:04:17.838 26377 26389 I art     : Starting a blocking GC Explicit
08-04 00:04:17.856 26377 26389 I art     : Explicit concurrent mark sweep GC freed 4274(247KB) AllocSpace objects, 1(80KB) LOS objects, 35% free, 29MB/45MB, paused 333us total 17.506ms
08-04 00:04:17.872 26377 26464 I NAPPA_EXPERIMENTATION: MetricNetworkRequestExecutionTime: REQUEST_DURATION_SYSTEM='534',REQUEST_DURATION_OKHTTP='30',REQUEST_SYNCHRONOUS='FALSE',RESPONSE_CODE='200',RESPONSE_METHOD='GET',RESPONSE_LENGTH_OKHTTP='36',RESPONSE_LENGTH_HEADER='36',REQUEST_PROTOCOL='http/1.1',REQUEST_URL='https://project-travel-mate.herokuapp.com/api/number-of-unread-notifications',
08-04 00:04:18.150 26377 26389 I art     : Starting a blocking GC Explicit
08-04 00:04:18.169 26377 26389 I art     : Explicit concurrent mark sweep GC freed 10100(1184KB) AllocSpace objects, 19(1820KB) LOS objects, 32% free, 32MB/48MB, paused 305us total 19.618ms
08-04 00:04:18.178 26377 26389 I art     : Starting a blocking GC Explicit
08-04 00:04:18.195 26377 26389 I art     : Explicit concurrent mark sweep GC freed 9955(349KB) AllocSpace objects, 0(0B) LOS objects, 32% free, 32MB/48MB, paused 327us total 16.390ms
08-04 00:04:18.204 26377 26389 I art     : Starting a blocking GC Explicit
08-04 00:04:18.221 26377 26389 I art     : Explicit concurrent mark sweep GC freed 464(21KB) AllocSpace objects, 0(0B) LOS objects, 32% free, 32MB/48MB, paused 314us total 16.751ms
08-04 00:04:18.229 26377 26389 I art     : Starting a blocking GC Explicit
08-04 00:04:18.247 26377 26389 I art     : Explicit concurrent mark sweep GC freed 249(126KB) AllocSpace objects, 2(56KB) LOS objects, 31% free, 34MB/50MB, paused 415us total 17.942ms
08-04 00:04:18.256 26377 26389 I art     : Starting a blocking GC Explicit
08-04 00:04:18.272 26377 26389 I art     : Explicit concurrent mark sweep GC freed 201(19KB) AllocSpace objects, 3(1292KB) LOS objects, 32% free, 32MB/48MB, paused 244us total 16.654ms
08-04 00:04:18.609 26377 26388 I art     : Starting a blocking GC Explicit
08-04 00:04:18.629 26377 26388 I art     : Explicit concurrent mark sweep GC freed 2368(111KB) AllocSpace objects, 2(40KB) LOS objects, 32% free, 32MB/48MB, paused 435us total 19.819ms
08-04 00:04:18.639 26377 26388 I art     : Starting a blocking GC Explicit
08-04 00:04:18.656 26377 26388 I art     : Explicit concurrent mark sweep GC freed 74(2896B) AllocSpace objects, 0(0B) LOS objects, 32% free, 32MB/48MB, paused 259us total 17.224ms
08-04 00:04:18.665 26377 26388 I art     : Starting a blocking GC Explicit
08-04 00:04:18.683 26377 26388 I art     : Explicit concurrent mark sweep GC freed 51(896B) AllocSpace objects, 0(0B) LOS objects, 32% free, 32MB/48MB, paused 256us total 17.727ms
08-04 00:04:18.692 26377 26388 I art     : Starting a blocking GC Explicit
08-04 00:04:18.709 26377 26388 I art     : Explicit concurrent mark sweep GC freed 27(496B) AllocSpace objects, 0(0B) LOS objects, 32% free, 32MB/48MB, paused 244us total 17.126ms
08-04 00:04:18.718 26377 26388 I art     : Starting a blocking GC Explicit
08-04 00:04:18.735 26377 26388 I art     : Explicit concurrent mark sweep GC freed 51(896B) AllocSpace objects, 0(0B) LOS objects, 32% free, 32MB/48MB, paused 243us total 17.058ms
08-04 00:04:19.074 26377 26389 I art     : Starting a blocking GC Explicit
08-04 00:04:19.098 26377 26389 I art     : Explicit concurrent mark sweep GC freed 1926(91KB) AllocSpace objects, 2(40KB) LOS objects, 32% free, 32MB/48MB, paused 320us total 24.270ms
08-04 00:04:19.108 26377 26389 I art     : Starting a blocking GC Explicit
08-04 00:04:19.125 26377 26389 I art     : Explicit concurrent mark sweep GC freed 66(1520B) AllocSpace objects, 0(0B) LOS objects, 32% free, 32MB/48MB, paused 241us total 17.414ms
08-04 00:04:19.134 26377 26389 I art     : Starting a blocking GC Explicit
08-04 00:04:19.151 26377 26389 I art     : Explicit concurrent mark sweep GC freed 51(896B) AllocSpace objects, 0(0B) LOS objects, 32% free, 32MB/48MB, paused 642us total 16.555ms
08-04 00:04:19.159 26377 26389 I art     : Starting a blocking GC Explicit
08-04 00:04:19.173 26377 26389 I art     : Explicit concurrent mark sweep GC freed 27(496B) AllocSpace objects, 0(0B) LOS objects, 32% free, 32MB/48MB, paused 225us total 13.883ms
08-04 00:04:19.181 26377 26389 I art     : Starting a blocking GC Explicit
08-04 00:04:19.194 26377 26389 I art     : Explicit concurrent mark sweep GC freed 33(592B) AllocSpace objects, 0(0B) LOS objects, 32% free, 32MB/48MB, paused 256us total 13.754ms
08-04 00:04:19.503 26377 26397 I art     : Starting a blocking GC Explicit
08-04 00:04:19.527 26377 26397 I art     : Explicit concurrent mark sweep GC freed 1894(90KB) AllocSpace objects, 2(40KB) LOS objects, 32% free, 32MB/48MB, paused 284us total 24.186ms
08-04 00:04:19.542 26377 26397 I art     : Starting a blocking GC Explicit
08-04 00:04:19.556 26377 26397 I art     : Explicit concurrent mark sweep GC freed 70(1584B) AllocSpace objects, 0(0B) LOS objects, 32% free, 32MB/48MB, paused 237us total 14.576ms
08-04 00:04:19.564 26377 26397 I art     : Starting a blocking GC Explicit
08-04 00:04:19.580 26377 26397 I art     : Explicit concurrent mark sweep GC freed 34(608B) AllocSpace objects, 0(0B) LOS objects, 32% free, 32MB/48MB, paused 260us total 15.137ms
08-04 00:04:19.588 26377 26397 I art     : Starting a blocking GC Explicit
08-04 00:04:19.603 26377 26397 I art     : Explicit concurrent mark sweep GC freed 44(784B) AllocSpace objects, 0(0B) LOS objects, 32% free, 32MB/48MB, paused 250us total 14.850ms
08-04 00:04:19.611 26377 26397 I art     : Starting a blocking GC Explicit
08-04 00:04:19.626 26377 26397 I art     : Explicit concurrent mark sweep GC freed 27(496B) AllocSpace objects, 0(0B) LOS objects, 32% free, 32MB/48MB, paused 247us total 15.048ms
08-04 00:04:19.965 26377 26388 I art     : Starting a blocking GC Explicit
08-04 00:04:19.981 26377 26388 I art     : Explicit concurrent mark sweep GC freed 1936(91KB) AllocSpace objects, 2(40KB) LOS objects, 32% free, 32MB/48MB, paused 279us total 16.506ms
08-04 00:04:19.990 26377 26388 I art     : Starting a blocking GC Explicit
08-04 00:04:20.005 26377 26388 I art     : Explicit concurrent mark sweep GC freed 58(1392B) AllocSpace objects, 0(0B) LOS objects, 32% free, 32MB/48MB, paused 235us total 15.595ms
08-04 00:04:20.014 26377 26388 I art     : Starting a blocking GC Explicit
08-04 00:04:20.030 26377 26388 I art     : Explicit concurrent mark sweep GC freed 28(496B) AllocSpace objects, 0(0B) LOS objects, 32% free, 32MB/48MB, paused 269us total 15.920ms
08-04 00:04:20.038 26377 26388 I art     : Starting a blocking GC Explicit
08-04 00:04:20.054 26377 26388 I art     : Explicit concurrent mark sweep GC freed 50(896B) AllocSpace objects, 0(0B) LOS objects, 32% free, 32MB/48MB, paused 245us total 15.684ms
08-04 00:04:20.062 26377 26388 I art     : Starting a blocking GC Explicit
08-04 00:04:20.079 26377 26388 I art     : Explicit concurrent mark sweep GC freed 26(464B) AllocSpace objects, 0(0B) LOS objects, 32% free, 32MB/48MB, paused 266us total 16.634ms
08-04 00:04:20.431 26377 26389 I art     : Starting a blocking GC Explicit
08-04 00:04:20.455 26377 26389 I art     : Explicit concurrent mark sweep GC freed 1972(91KB) AllocSpace objects, 2(40KB) LOS objects, 32% free, 32MB/48MB, paused 311us total 23.686ms
08-04 00:04:20.467 26377 26389 I art     : Starting a blocking GC Explicit
08-04 00:04:20.485 26377 26389 I art     : Explicit concurrent mark sweep GC freed 71(1616B) AllocSpace objects, 0(0B) LOS objects, 32% free, 32MB/48MB, paused 263us total 17.363ms
08-04 00:04:20.494 26377 26389 I art     : Starting a blocking GC Explicit
08-04 00:04:20.510 26377 26389 I art     : Explicit concurrent mark sweep GC freed 27(496B) AllocSpace objects, 0(0B) LOS objects, 32% free, 32MB/48MB, paused 250us total 16.295ms
08-04 00:04:20.519 26377 26389 I art     : Starting a blocking GC Explicit
08-04 00:04:20.536 26377 26389 I art     : Explicit concurrent mark sweep GC freed 51(896B) AllocSpace objects, 0(0B) LOS objects, 32% free, 32MB/48MB, paused 264us total 16.738ms
08-04 00:04:20.544 26377 26389 I art     : Starting a blocking GC Explicit
08-04 00:04:20.562 26377 26389 I art     : Explicit concurrent mark sweep GC freed 27(496B) AllocSpace objects, 0(0B) LOS objects, 32% free, 32MB/48MB, paused 242us total 17.287ms
08-04 00:04:20.904 26377 26397 I art     : Starting a blocking GC Explicit
08-04 00:04:20.924 26377 26397 I art     : Explicit concurrent mark sweep GC freed 1947(91KB) AllocSpace objects, 2(40KB) LOS objects, 32% free, 32MB/48MB, paused 275us total 19.805ms
08-04 00:04:20.934 26377 26397 I art     : Starting a blocking GC Explicit
08-04 00:04:20.952 26377 26397 I art     : Explicit concurrent mark sweep GC freed 70(1584B) AllocSpace objects, 0(0B) LOS objects, 32% free, 32MB/48MB, paused 260us total 17.410ms
08-04 00:04:20.961 26377 26397 I art     : Starting a blocking GC Explicit
08-04 00:04:20.978 26377 26397 I art     : Explicit concurrent mark sweep GC freed 27(496B) AllocSpace objects, 0(0B) LOS objects, 32% free, 32MB/48MB, paused 248us total 16.654ms
08-04 00:04:20.986 26377 26397 I art     : Starting a blocking GC Explicit
08-04 00:04:21.002 26377 26397 I art     : Explicit concurrent mark sweep GC freed 51(896B) AllocSpace objects, 0(0B) LOS objects, 32% free, 32MB/48MB, paused 238us total 15.275ms
08-04 00:04:21.010 26377 26397 I art     : Starting a blocking GC Explicit
08-04 00:04:21.025 26377 26397 I art     : Explicit concurrent mark sweep GC freed 27(496B) AllocSpace objects, 0(0B) LOS objects, 32% free, 32MB/48MB, paused 250us total 15.343ms
08-04 00:04:21.358 26377 26388 I art     : Starting a blocking GC Explicit
08-04 00:04:21.376 26377 26388 I art     : Explicit concurrent mark sweep GC freed 1923(91KB) AllocSpace objects, 2(40KB) LOS objects, 32% free, 32MB/48MB, paused 246us total 17.659ms
08-04 00:04:21.385 26377 26388 I art     : Starting a blocking GC Explicit
08-04 00:04:21.403 26377 26388 I art     : Explicit concurrent mark sweep GC freed 70(1584B) AllocSpace objects, 0(0B) LOS objects, 32% free, 32MB/48MB, paused 239us total 17.687ms
08-04 00:04:21.412 26377 26388 I art     : Starting a blocking GC Explicit
08-04 00:04:21.428 26377 26388 I art     : Explicit concurrent mark sweep GC freed 27(496B) AllocSpace objects, 0(0B) LOS objects, 32% free, 32MB/48MB, paused 229us total 16.580ms
08-04 00:04:21.437 26377 26388 I art     : Starting a blocking GC Explicit
08-04 00:04:21.453 26377 26388 I art     : Explicit concurrent mark sweep GC freed 51(896B) AllocSpace objects, 0(0B) LOS objects, 32% free, 32MB/48MB, paused 237us total 16.015ms
08-04 00:04:21.462 26377 26388 I art     : Starting a blocking GC Explicit
08-04 00:04:21.478 26377 26388 I art     : Explicit concurrent mark sweep GC freed 27(496B) AllocSpace objects, 0(0B) LOS objects, 32% free, 32MB/48MB, paused 245us total 15.745ms
08-04 00:04:21.821 26377 26389 I art     : Starting a blocking GC Explicit
08-04 00:04:21.846 26377 26389 I art     : Explicit concurrent mark sweep GC freed 1947(91KB) AllocSpace objects, 2(40KB) LOS objects, 32% free, 32MB/48MB, paused 289us total 24.092ms
08-04 00:04:21.860 26377 26389 I art     : Starting a blocking GC Explicit
08-04 00:04:21.877 26377 26389 I art     : Explicit concurrent mark sweep GC freed 70(1584B) AllocSpace objects, 0(0B) LOS objects, 32% free, 32MB/48MB, paused 258us total 16.675ms
08-04 00:04:21.885 26377 26389 I art     : Starting a blocking GC Explicit
08-04 00:04:21.902 26377 26389 I art     : Explicit concurrent mark sweep GC freed 51(896B) AllocSpace objects, 0(0B) LOS objects, 32% free, 32MB/48MB, paused 259us total 16.776ms
08-04 00:04:21.911 26377 26389 I art     : Starting a blocking GC Explicit
08-04 00:04:21.928 26377 26389 I art     : Explicit concurrent mark sweep GC freed 27(496B) AllocSpace objects, 0(0B) LOS objects, 32% free, 32MB/48MB, paused 244us total 16.588ms
08-04 00:04:21.936 26377 26389 I art     : Starting a blocking GC Explicit
08-04 00:04:21.953 26377 26389 I art     : Explicit concurrent mark sweep GC freed 51(896B) AllocSpace objects, 0(0B) LOS objects, 32% free, 32MB/48MB, paused 237us total 16.723ms
08-04 00:04:22.288 26377 26397 I art     : Starting a blocking GC Explicit
08-04 00:04:22.313 26377 26397 I art     : Explicit concurrent mark sweep GC freed 1924(91KB) AllocSpace objects, 2(40KB) LOS objects, 32% free, 32MB/48MB, paused 290us total 24.247ms
08-04 00:04:22.327 26377 26397 I art     : Starting a blocking GC Explicit
08-04 00:04:22.344 26377 26397 I art     : Explicit concurrent mark sweep GC freed 70(1584B) AllocSpace objects, 0(0B) LOS objects, 32% free, 32MB/48MB, paused 259us total 16.862ms
08-04 00:04:22.353 26377 26397 I art     : Starting a blocking GC Explicit
08-04 00:04:22.370 26377 26397 I art     : Explicit concurrent mark sweep GC freed 51(896B) AllocSpace objects, 0(0B) LOS objects, 32% free, 32MB/48MB, paused 261us total 16.907ms
08-04 00:04:22.379 26377 26397 I art     : Starting a blocking GC Explicit
08-04 00:04:22.396 26377 26397 I art     : Explicit concurrent mark sweep GC freed 27(496B) AllocSpace objects, 0(0B) LOS objects, 32% free, 32MB/48MB, paused 254us total 16.784ms
08-04 00:04:22.404 26377 26397 I art     : Starting a blocking GC Explicit
08-04 00:04:22.422 26377 26397 I art     : Explicit concurrent mark sweep GC freed 51(896B) AllocSpace objects, 0(0B) LOS objects, 32% free, 32MB/48MB, paused 258us total 17.382ms
08-04 00:04:22.772 26377 26388 I art     : Starting a blocking GC Explicit
08-04 00:04:22.796 26377 26388 I art     : Explicit concurrent mark sweep GC freed 1948(91KB) AllocSpace objects, 2(40KB) LOS objects, 32% free, 32MB/48MB, paused 284us total 23.884ms
08-04 00:04:22.809 26377 26388 I art     : Starting a blocking GC Explicit
08-04 00:04:22.826 26377 26388 I art     : Explicit concurrent mark sweep GC freed 70(1584B) AllocSpace objects, 0(0B) LOS objects, 32% free, 32MB/48MB, paused 245us total 17.201ms
08-04 00:04:22.835 26377 26388 I art     : Starting a blocking GC Explicit
08-04 00:04:22.852 26377 26388 I art     : Explicit concurrent mark sweep GC freed 50(864B) AllocSpace objects, 0(0B) LOS objects, 32% free, 32MB/48MB, paused 253us total 16.720ms
08-04 00:04:22.860 26377 26388 I art     : Starting a blocking GC Explicit
08-04 00:04:22.877 26377 26388 I art     : Explicit concurrent mark sweep GC freed 28(528B) AllocSpace objects, 0(0B) LOS objects, 32% free, 32MB/48MB, paused 250us total 16.890ms
08-04 00:04:22.886 26377 26388 I art     : Starting a blocking GC Explicit
08-04 00:04:22.903 26377 26388 I art     : Explicit concurrent mark sweep GC freed 51(896B) AllocSpace objects, 0(0B) LOS objects, 32% free, 32MB/48MB, paused 241us total 16.778ms
08-04 00:04:23.277 26377 26389 I art     : Starting a blocking GC Explicit
08-04 00:04:23.301 26377 26389 I art     : Explicit concurrent mark sweep GC freed 1980(91KB) AllocSpace objects, 2(40KB) LOS objects, 32% free, 32MB/48MB, paused 335us total 23.816ms
08-04 00:04:23.314 26377 26389 I art     : Starting a blocking GC Explicit
08-04 00:04:23.332 26377 26389 I art     : Explicit concurrent mark sweep GC freed 62(1456B) AllocSpace objects, 0(0B) LOS objects, 32% free, 32MB/48MB, paused 313us total 17.709ms
08-04 00:04:23.341 26377 26389 I art     : Starting a blocking GC Explicit
08-04 00:04:23.359 26377 26389 I art     : Explicit concurrent mark sweep GC freed 51(896B) AllocSpace objects, 0(0B) LOS objects, 32% free, 32MB/48MB, paused 245us total 17.518ms
08-04 00:04:23.368 26377 26389 I art     : Starting a blocking GC Explicit
08-04 00:04:23.386 26377 26389 I art     : Explicit concurrent mark sweep GC freed 53(992B) AllocSpace objects, 0(0B) LOS objects, 32% free, 32MB/48MB, paused 260us total 17.329ms
08-04 00:04:23.395 26377 26389 I art     : Starting a blocking GC Explicit
08-04 00:04:23.413 26377 26389 I art     : Explicit concurrent mark sweep GC freed 27(496B) AllocSpace objects, 0(0B) LOS objects, 32% free, 32MB/48MB, paused 260us total 17.752ms
08-04 00:04:23.695 26377 26397 I art     : Starting a blocking GC Explicit
08-04 00:04:23.713 26377 26397 I art     : Explicit concurrent mark sweep GC freed 1852(89KB) AllocSpace objects, 2(40KB) LOS objects, 32% free, 32MB/48MB, paused 280us total 18.250ms
08-04 00:04:23.722 26377 26397 I art     : Starting a blocking GC Explicit
08-04 00:04:23.740 26377 26397 I art     : Explicit concurrent mark sweep GC freed 70(1584B) AllocSpace objects, 0(0B) LOS objects, 32% free, 32MB/48MB, paused 279us total 17.578ms
08-04 00:04:23.749 26377 26397 I art     : Starting a blocking GC Explicit
08-04 00:04:23.767 26377 26397 I art     : Explicit concurrent mark sweep GC freed 33(576B) AllocSpace objects, 0(0B) LOS objects, 32% free, 32MB/48MB, paused 292us total 18.151ms
08-04 00:04:23.776 26377 26397 I art     : Starting a blocking GC Explicit
08-04 00:04:23.793 26377 26397 I art     : Explicit concurrent mark sweep GC freed 45(816B) AllocSpace objects, 0(0B) LOS objects, 32% free, 32MB/48MB, paused 254us total 17.114ms
08-04 00:04:23.802 26377 26397 I art     : Starting a blocking GC Explicit
08-04 00:04:23.820 26377 26397 I art     : Explicit concurrent mark sweep GC freed 46(784B) AllocSpace objects, 0(0B) LOS objects, 32% free, 32MB/48MB, paused 312us total 17.343ms
08-04 00:04:23.869 26618 26618 D AndroidRuntime: >>>>>> START com.android.internal.os.RuntimeInit uid 2000 <<<<<<
08-04 00:04:23.873 26618 26618 D AndroidRuntime: CheckJNI is OFF
08-04 00:04:23.900 26618 26618 D ICU     : No timezone override file found: /data/misc/zoneinfo/current/icu/icu_tzdata.dat
08-04 00:04:23.925 26618 26618 I Radio-JNI: register_android_hardware_Radio DONE
08-04 00:04:23.941 26618 26618 D AndroidRuntime: Calling main entry com.android.commands.input.Input
08-04 00:04:23.943 26618 26618 I Input   : injectMotionEvent: MotionEvent { action=ACTION_DOWN, actionButton=0, id[0]=0, x[0]=346.0, y[0]=709.0, toolType[0]=TOOL_TYPE_UNKNOWN, buttonState=0, metaState=0, flags=0x0, edgeFlags=0x0, pointerCount=1, historySize=0, eventTime=662680356, downTime=662680356, deviceId=0, source=0x1002 }
08-04 00:04:23.950 26618 26618 I Input   : injectMotionEvent: MotionEvent { action=ACTION_UP, actionButton=0, id[0]=0, x[0]=346.0, y[0]=709.0, toolType[0]=TOOL_TYPE_UNKNOWN, buttonState=0, metaState=0, flags=0x0, edgeFlags=0x0, pointerCount=1, historySize=0, eventTime=662680356, downTime=662680356, deviceId=0, source=0x1002 }
08-04 00:04:23.965   918   929 I ActivityManager: START u0 {cmp=baseline.io.github.project_travel_mate/.destinations.description.FinalCityInfoActivity (has extras)} from uid 10650 on display 0
08-04 00:04:23.971 26618 26618 D AndroidRuntime: Shutting down VM
08-04 00:04:23.989 26377 26443 D Gabe    : call	returning from cache
08-04 00:04:24.011 26377 26377 V EXECUTING: https://project-travel-mate.herokuapp.com/api/get-city-weather/1
08-04 00:04:24.088 26377 26388 I art     : Starting a blocking GC Explicit
08-04 00:04:24.109 26377 26388 I art     : Explicit concurrent mark sweep GC freed 9245(587KB) AllocSpace objects, 2(40KB) LOS objects, 29% free, 37MB/53MB, paused 520us total 21.595ms
08-04 00:04:24.119 26377 26388 I art     : Starting a blocking GC Explicit
08-04 00:04:24.137 13866 13866 I GoogleInputMethodServic: GoogleInputMethodService.onFinishInput():3138 
08-04 00:04:24.138   918   936 I ActivityManager: Displayed baseline.io.github.project_travel_mate/.destinations.description.FinalCityInfoActivity: +166ms
08-04 00:04:24.138 13866 13866 I GoogleInputMethodServic: GoogleInputMethodService.onStartInput():1808 
08-04 00:04:24.139 26377 26388 I art     : Explicit concurrent mark sweep GC freed 594(30KB) AllocSpace objects, 0(0B) LOS objects, 29% free, 37MB/53MB, paused 498us total 19.525ms
08-04 00:04:24.148 26377 26388 I art     : Starting a blocking GC Explicit
08-04 00:04:24.171 26377 26388 I art     : Explicit concurrent mark sweep GC freed 105(2192B) AllocSpace objects, 0(0B) LOS objects, 29% free, 37MB/53MB, paused 661us total 22.736ms
08-04 00:04:24.184 26377 26388 I art     : Starting a blocking GC Explicit
08-04 00:04:24.204 26377 26388 I art     : Explicit concurrent mark sweep GC freed 57(1008B) AllocSpace objects, 0(0B) LOS objects, 29% free, 37MB/53MB, paused 413us total 20.195ms
08-04 00:04:24.214 26377 26388 I art     : Starting a blocking GC Explicit
08-04 00:04:24.233 26377 26388 I art     : Explicit concurrent mark sweep GC freed 58(1184B) AllocSpace objects, 0(0B) LOS objects, 29% free, 37MB/53MB, paused 361us total 18.067ms
08-04 00:04:24.416   380   380 W SurfaceFlinger: couldn't log to binary event log: overflow.
08-04 00:04:24.528 26377 26389 I art     : Starting a blocking GC Explicit
08-04 00:04:24.551 26377 26389 I art     : Explicit concurrent mark sweep GC freed 6829(306KB) AllocSpace objects, 5(240KB) LOS objects, 29% free, 37MB/53MB, paused 505us total 22.110ms
08-04 00:04:24.559 26377 26653 I NAPPA_EXPERIMENTATION: MetricNetworkRequestExecutionTime: REQUEST_DURATION_SYSTEM='547',REQUEST_DURATION_OKHTTP='35',REQUEST_SYNCHRONOUS='FALSE',RESPONSE_CODE='200',RESPONSE_METHOD='GET',RESPONSE_LENGTH_OKHTTP='530',RESPONSE_LENGTH_HEADER='530',REQUEST_PROTOCOL='http/1.1',REQUEST_URL='https://project-travel-mate.herokuapp.com/api/get-city/1',
08-04 00:04:24.561 26377 26389 I art     : Starting a blocking GC Explicit
08-04 00:04:24.569 26377 26652 I NAPPA_EXPERIMENTATION: MetricNetworkRequestExecutionTime: REQUEST_DURATION_SYSTEM='558',REQUEST_DURATION_OKHTTP='45',REQUEST_SYNCHRONOUS='FALSE',RESPONSE_CODE='200',RESPONSE_METHOD='GET',RESPONSE_LENGTH_OKHTTP='238',RESPONSE_LENGTH_HEADER='238',REQUEST_PROTOCOL='http/1.1',REQUEST_URL='https://project-travel-mate.herokuapp.com/api/get-city-weather/1',
08-04 00:04:24.581 26377 26389 I art     : Explicit concurrent mark sweep GC freed 1241(140KB) AllocSpace objects, 0(0B) LOS objects, 29% free, 37MB/53MB, paused 561us total 19.941ms
08-04 00:04:24.591 26377 26389 I art     : Starting a blocking GC Explicit
08-04 00:04:24.599 26377 26653 V Response: {"id":1,"city_name":"Delhi","description":"Delhi, officially the National Capital Territory of Delhi, is the Capital territory of India. During the British Raj, Delhi was part of the province of Punjab and is still historically and culturally connected to the Punjab region.","latitude":"28.613900","longitude":"77.209000","facts_count":6,"images":["https://upload.wikimedia.org/wikipedia/commons/9/94/%E0%B4%96%E0%B5%81%E0%B4%A4%E0%B5%8D%E0%B4%AC%E0%B5%8D_%E0%B4%AE%E0%B4%BF%E0%B4%A8%E0%B4%BE%E0%B5%BC1.jpg"],"has_visited":false}
08-04 00:04:24.611 26377 26389 I art     : Explicit concurrent mark sweep GC freed 407(24KB) AllocSpace objects, 0(0B) LOS objects, 29% free, 37MB/53MB, paused 429us total 19.647ms
08-04 00:04:24.620 26377 26389 I art     : Starting a blocking GC Explicit
08-04 00:04:24.640 26377 26389 I art     : Explicit concurrent mark sweep GC freed 159(6KB) AllocSpace objects, 0(0B) LOS objects, 29% free, 37MB/53MB, paused 415us total 19.452ms
08-04 00:04:24.649 26377 26389 I art     : Starting a blocking GC Explicit
08-04 00:04:24.669 26377 26389 I art     : Explicit concurrent mark sweep GC freed 100(1696B) AllocSpace objects, 0(0B) LOS objects, 29% free, 37MB/53MB, paused 567us total 19.395ms
08-04 00:04:24.935 26377 26388 I art     : Starting a blocking GC Explicit
08-04 00:04:24.959 26377 26388 I art     : Explicit concurrent mark sweep GC freed 4583(326KB) AllocSpace objects, 10(5MB) LOS objects, 29% free, 38MB/54MB, paused 317us total 24.051ms
08-04 00:04:24.968 26377 26388 I art     : Starting a blocking GC Explicit
08-04 00:04:24.988 26377 26388 I art     : Explicit concurrent mark sweep GC freed 248(7KB) AllocSpace objects, 0(0B) LOS objects, 29% free, 38MB/54MB, paused 282us total 19.164ms
08-04 00:04:24.996 26377 26388 I art     : Starting a blocking GC Explicit
08-04 00:04:25.017 26377 26388 I art     : Explicit concurrent mark sweep GC freed 76(2528B) AllocSpace objects, 0(0B) LOS objects, 29% free, 38MB/54MB, paused 436us total 20.110ms
08-04 00:04:25.027 26377 26388 I art     : Starting a blocking GC Explicit
08-04 00:04:25.045 26377 26388 I art     : Explicit concurrent mark sweep GC freed 113(2256B) AllocSpace objects, 0(0B) LOS objects, 29% free, 38MB/54MB, paused 348us total 18.743ms
08-04 00:04:25.054 26377 26388 I art     : Starting a blocking GC Explicit
08-04 00:04:25.072 26377 26388 I art     : Explicit concurrent mark sweep GC freed 99(1696B) AllocSpace objects, 0(0B) LOS objects, 29% free, 38MB/54MB, paused 259us total 18.227ms
08-04 00:04:25.403 26377 26388 I art     : Starting a blocking GC Explicit
08-04 00:04:25.422 26377 26388 I art     : Explicit concurrent mark sweep GC freed 2455(100KB) AllocSpace objects, 2(40KB) LOS objects, 29% free, 38MB/54MB, paused 275us total 18.263ms
08-04 00:04:25.430 26377 26388 I art     : Starting a blocking GC Explicit
08-04 00:04:25.450 26377 26388 I art     : Explicit concurrent mark sweep GC freed 80(2128B) AllocSpace objects, 0(0B) LOS objects, 29% free, 38MB/54MB, paused 282us total 19.064ms
08-04 00:04:25.458 26377 26388 I art     : Starting a blocking GC Explicit
08-04 00:04:25.478 26377 26388 I art     : Explicit concurrent mark sweep GC freed 99(1696B) AllocSpace objects, 0(0B) LOS objects, 29% free, 38MB/54MB, paused 275us total 19.336ms
08-04 00:04:25.487 26377 26388 I art     : Starting a blocking GC Explicit
08-04 00:04:25.507 26377 26388 I art     : Explicit concurrent mark sweep GC freed 99(1696B) AllocSpace objects, 0(0B) LOS objects, 29% free, 38MB/54MB, paused 296us total 19.978ms
08-04 00:04:25.517 26377 26388 I art     : Starting a blocking GC Explicit
08-04 00:04:25.537 26377 26388 I art     : Explicit concurrent mark sweep GC freed 98(1664B) AllocSpace objects, 0(0B) LOS objects, 29% free, 38MB/54MB, paused 352us total 20.101ms
08-04 00:04:25.875 26377 26389 I art     : Starting a blocking GC Explicit
08-04 00:04:25.898 26377 26389 I art     : Explicit concurrent mark sweep GC freed 2433(99KB) AllocSpace objects, 2(40KB) LOS objects, 29% free, 38MB/54MB, paused 282us total 22.025ms
08-04 00:04:25.907 26377 26389 I art     : Starting a blocking GC Explicit
08-04 00:04:25.928 26377 26389 I art     : Explicit concurrent mark sweep GC freed 118(2384B) AllocSpace objects, 0(0B) LOS objects, 29% free, 38MB/54MB, paused 272us total 20.553ms
08-04 00:04:25.937 26377 26389 I art     : Starting a blocking GC Explicit
08-04 00:04:25.958 26377 26389 I art     : Explicit concurrent mark sweep GC freed 99(1696B) AllocSpace objects, 0(0B) LOS objects, 29% free, 38MB/54MB, paused 288us total 20.090ms
08-04 00:04:25.967 26377 26389 I art     : Starting a blocking GC Explicit
08-04 00:04:25.987 26377 26389 I art     : Explicit concurrent mark sweep GC freed 99(1696B) AllocSpace objects, 0(0B) LOS objects, 29% free, 38MB/54MB, paused 305us total 20.013ms
08-04 00:04:25.996 26377 26389 I art     : Starting a blocking GC Explicit
08-04 00:04:26.016 26377 26389 I art     : Explicit concurrent mark sweep GC freed 51(896B) AllocSpace objects, 0(0B) LOS objects, 29% free, 38MB/54MB, paused 273us total 20.084ms
08-04 00:04:26.393 26377 26654 I art     : Starting a blocking GC Explicit
08-04 00:04:26.416 26377 26654 I art     : Explicit concurrent mark sweep GC freed 2575(101KB) AllocSpace objects, 2(40KB) LOS objects, 29% free, 38MB/54MB, paused 291us total 21.972ms
08-04 00:04:26.425 26377 26654 I art     : Starting a blocking GC Explicit
08-04 00:04:26.444 26377 26654 I art     : Explicit concurrent mark sweep GC freed 119(2416B) AllocSpace objects, 0(0B) LOS objects, 29% free, 38MB/54MB, paused 286us total 19.590ms
08-04 00:04:26.453 26377 26654 I art     : Starting a blocking GC Explicit
08-04 00:04:26.473 26377 26654 I art     : Explicit concurrent mark sweep GC freed 99(1696B) AllocSpace objects, 0(0B) LOS objects, 29% free, 38MB/54MB, paused 307us total 19.336ms
08-04 00:04:26.482 26377 26654 I art     : Starting a blocking GC Explicit
08-04 00:04:26.502 26377 26654 I art     : Explicit concurrent mark sweep GC freed 51(896B) AllocSpace objects, 0(0B) LOS objects, 29% free, 38MB/54MB, paused 377us total 19.974ms
08-04 00:04:26.511 26377 26654 I art     : Starting a blocking GC Explicit
08-04 00:04:26.531 26377 26654 I art     : Explicit concurrent mark sweep GC freed 99(1696B) AllocSpace objects, 0(0B) LOS objects, 29% free, 38MB/54MB, paused 289us total 19.966ms
08-04 00:04:26.892 26377 26397 I art     : Starting a blocking GC Explicit
08-04 00:04:26.914 26377 26397 I art     : Explicit concurrent mark sweep GC freed 2527(100KB) AllocSpace objects, 2(40KB) LOS objects, 29% free, 38MB/54MB, paused 292us total 22.077ms
08-04 00:04:26.926 26377 26397 I art     : Starting a blocking GC Explicit
08-04 00:04:26.946 26377 26397 I art     : Explicit concurrent mark sweep GC freed 118(2384B) AllocSpace objects, 0(0B) LOS objects, 29% free, 38MB/54MB, paused 277us total 19.395ms
08-04 00:04:26.955 26377 26397 I art     : Starting a blocking GC Explicit
08-04 00:04:26.974 26377 26397 I art     : Explicit concurrent mark sweep GC freed 99(1696B) AllocSpace objects, 0(0B) LOS objects, 29% free, 38MB/54MB, paused 266us total 19.277ms
08-04 00:04:26.983 26377 26397 I art     : Starting a blocking GC Explicit
08-04 00:04:27.003 26377 26397 I art     : Explicit concurrent mark sweep GC freed 59(1024B) AllocSpace objects, 0(0B) LOS objects, 29% free, 38MB/54MB, paused 357us total 19.392ms
08-04 00:04:27.012 26377 26397 I art     : Starting a blocking GC Explicit
08-04 00:04:27.031 26377 26397 I art     : Explicit concurrent mark sweep GC freed 91(1568B) AllocSpace objects, 0(0B) LOS objects, 29% free, 38MB/54MB, paused 275us total 19.381ms
08-04 00:04:27.360 26377 26388 I art     : Starting a blocking GC Explicit
08-04 00:04:27.383 26377 26388 I art     : Explicit concurrent mark sweep GC freed 2433(99KB) AllocSpace objects, 2(40KB) LOS objects, 29% free, 38MB/54MB, paused 286us total 22.894ms
08-04 00:04:27.393 26377 26388 I art     : Starting a blocking GC Explicit
08-04 00:04:27.413 26377 26388 I art     : Explicit concurrent mark sweep GC freed 118(2384B) AllocSpace objects, 0(0B) LOS objects, 29% free, 38MB/54MB, paused 367us total 20.698ms
08-04 00:04:27.423 26377 26388 I art     : Starting a blocking GC Explicit
08-04 00:04:27.444 26377 26388 I art     : Explicit concurrent mark sweep GC freed 99(1696B) AllocSpace objects, 0(0B) LOS objects, 29% free, 38MB/54MB, paused 288us total 20.264ms
08-04 00:04:27.453 26377 26388 I art     : Starting a blocking GC Explicit
08-04 00:04:27.473 26377 26388 I art     : Explicit concurrent mark sweep GC freed 98(1664B) AllocSpace objects, 0(0B) LOS objects, 29% free, 38MB/54MB, paused 299us total 20.112ms
08-04 00:04:27.482 26377 26388 I art     : Starting a blocking GC Explicit
08-04 00:04:27.503 26377 26388 I art     : Explicit concurrent mark sweep GC freed 52(928B) AllocSpace objects, 0(0B) LOS objects, 29% free, 38MB/54MB, paused 287us total 19.977ms
08-04 00:04:27.878 26377 26389 I art     : Starting a blocking GC Explicit
08-04 00:04:27.900 26377 26389 I art     : Explicit concurrent mark sweep GC freed 2576(101KB) AllocSpace objects, 2(40KB) LOS objects, 29% free, 38MB/54MB, paused 284us total 21.224ms
08-04 00:04:27.909 26377 26389 I art     : Starting a blocking GC Explicit
08-04 00:04:27.928 26377 26389 I art     : Explicit concurrent mark sweep GC freed 118(2384B) AllocSpace objects, 0(0B) LOS objects, 29% free, 38MB/54MB, paused 279us total 19.507ms
08-04 00:04:27.937 26377 26389 I art     : Starting a blocking GC Explicit
08-04 00:04:27.957 26377 26389 I art     : Explicit concurrent mark sweep GC freed 99(1696B) AllocSpace objects, 0(0B) LOS objects, 29% free, 38MB/54MB, paused 401us total 19.591ms
08-04 00:04:27.966 26377 26389 I art     : Starting a blocking GC Explicit
08-04 00:04:27.986 26377 26389 I art     : Explicit concurrent mark sweep GC freed 51(896B) AllocSpace objects, 0(0B) LOS objects, 29% free, 38MB/54MB, paused 281us total 20.040ms
08-04 00:04:27.995 26377 26389 I art     : Starting a blocking GC Explicit
08-04 00:04:28.015 26377 26389 I art     : Explicit concurrent mark sweep GC freed 99(1696B) AllocSpace objects, 0(0B) LOS objects, 29% free, 38MB/54MB, paused 285us total 19.954ms
08-04 00:04:28.358 26377 26397 I art     : Starting a blocking GC Explicit
08-04 00:04:28.380 26377 26397 I art     : Explicit concurrent mark sweep GC freed 2503(101KB) AllocSpace objects, 2(40KB) LOS objects, 29% free, 38MB/54MB, paused 294us total 21.420ms
08-04 00:04:28.389 26377 26397 I art     : Starting a blocking GC Explicit
08-04 00:04:28.409 26377 26397 I art     : Explicit concurrent mark sweep GC freed 128(2928B) AllocSpace objects, 0(0B) LOS objects, 29% free, 38MB/54MB, paused 273us total 19.060ms
08-04 00:04:28.418 26377 26397 I art     : Starting a blocking GC Explicit
08-04 00:04:28.437 26377 26397 I art     : Explicit concurrent mark sweep GC freed 51(896B) AllocSpace objects, 0(0B) LOS objects, 29% free, 38MB/54MB, paused 300us total 18.742ms
08-04 00:04:28.445 26377 26397 I art     : Starting a blocking GC Explicit
08-04 00:04:28.465 26377 26397 I art     : Explicit concurrent mark sweep GC freed 99(1696B) AllocSpace objects, 0(0B) LOS objects, 29% free, 38MB/54MB, paused 277us total 19.031ms
08-04 00:04:28.474 26377 26397 I art     : Starting a blocking GC Explicit
08-04 00:04:28.493 26377 26397 I art     : Explicit concurrent mark sweep GC freed 99(1696B) AllocSpace objects, 0(0B) LOS objects, 29% free, 38MB/54MB, paused 279us total 19.417ms
08-04 00:04:28.573 26743 26743 D AndroidRuntime: >>>>>> START com.android.internal.os.RuntimeInit uid 2000 <<<<<<
08-04 00:04:28.577 26743 26743 D AndroidRuntime: CheckJNI is OFF
08-04 00:04:28.604 26743 26743 D ICU     : No timezone override file found: /data/misc/zoneinfo/current/icu/icu_tzdata.dat
08-04 00:04:28.630 26743 26743 I Radio-JNI: register_android_hardware_Radio DONE
08-04 00:04:28.646 26743 26743 D AndroidRuntime: Calling main entry com.android.commands.input.Input
08-04 00:04:28.647 26743 26743 I Input   : injectMotionEvent: MotionEvent { action=ACTION_DOWN, actionButton=0, id[0]=0, x[0]=693.0, y[0]=1450.0, toolType[0]=TOOL_TYPE_UNKNOWN, buttonState=0, metaState=0, flags=0x0, edgeFlags=0x0, pointerCount=1, historySize=0, eventTime=662685060, downTime=662685060, deviceId=0, source=0x1002 }
08-04 00:04:28.653 26743 26743 I Input   : injectMotionEvent: MotionEvent { action=ACTION_UP, actionButton=0, id[0]=0, x[0]=693.0, y[0]=1450.0, toolType[0]=TOOL_TYPE_UNKNOWN, buttonState=0, metaState=0, flags=0x0, edgeFlags=0x0, pointerCount=1, historySize=0, eventTime=662685060, downTime=662685060, deviceId=0, source=0x1002 }
08-04 00:04:28.656 26743 26743 D AndroidRuntime: Shutting down VM
08-04 00:04:28.657   918  3961 I ActivityManager: START u0 {cmp=baseline.io.github.project_travel_mate/.destinations.description.CityHistoryActivity} from uid 10650 on display 0
08-04 00:04:28.658   512  2967 D audio_hw_primary: out_set_parameters: enter: usecase(1: low-latency-playback) kvpairs: routing=2
08-04 00:04:28.671   512  2967 D audio_hw_primary: select_devices: out_snd_device(2: speaker) in_snd_device(0: none)
08-04 00:04:28.671   512  2967 D msm8974_platform: platform_send_audio_calibration: sending audio calibration for snd_device(2) acdb_id(15)
08-04 00:04:28.671   512  2967 I soundtrigger: audio_extn_sound_trigger_update_device_status: device 0x2 of type 0 for Event 1
08-04 00:04:28.681   512  2967 D audio_hw_primary: enable_snd_device: snd_device(2: speaker)
08-04 00:04:28.683   512  2967 D audio_hw_primary: enable_audio_route: apply and update mixer path: low-latency-playback speaker
08-04 00:04:28.684 26377 26443 D Gabe    : call	returning from cache
08-04 00:04:28.686 26377 26377 V EXECUTING: https://project-travel-mate.herokuapp.com/api/get-city-information/1
08-04 00:04:28.785 26377 26389 I art     : Starting a blocking GC Explicit
08-04 00:04:28.805   918   936 I ActivityManager: Displayed baseline.io.github.project_travel_mate/.destinations.description.CityHistoryActivity: +138ms
08-04 00:04:28.805 13866 13866 I GoogleInputMethodServic: GoogleInputMethodService.onFinishInput():3138 
08-04 00:04:28.806 26377 26389 I art     : Explicit concurrent mark sweep GC freed 3156(225KB) AllocSpace objects, 2(40KB) LOS objects, 27% free, 42MB/58MB, paused 316us total 20.641ms
08-04 00:04:28.806 13866 13866 I GoogleInputMethodServic: GoogleInputMethodService.onStartInput():1808 
08-04 00:04:28.815 26377 26389 I art     : Starting a blocking GC Explicit
08-04 00:04:28.839 26377 26389 I art     : Explicit concurrent mark sweep GC freed 357(12KB) AllocSpace objects, 0(0B) LOS objects, 27% free, 42MB/58MB, paused 456us total 23.743ms
08-04 00:04:28.850 26377 26389 I art     : Starting a blocking GC Explicit
08-04 00:04:28.873 26377 26389 I art     : Explicit concurrent mark sweep GC freed 82(1424B) AllocSpace objects, 0(0B) LOS objects, 27% free, 42MB/58MB, paused 382us total 22.881ms
08-04 00:04:28.884 26377 26389 I art     : Starting a blocking GC Explicit
08-04 00:04:28.904 26377 26389 I art     : Explicit concurrent mark sweep GC freed 153(2784B) AllocSpace objects, 0(0B) LOS objects, 27% free, 42MB/58MB, paused 310us total 19.422ms
08-04 00:04:28.913 26377 26389 I art     : Starting a blocking GC Explicit
08-04 00:04:28.932 26377 26389 I art     : Explicit concurrent mark sweep GC freed 147(2496B) AllocSpace objects, 0(0B) LOS objects, 27% free, 42MB/58MB, paused 300us total 18.963ms
08-04 00:04:29.039   380   380 W SurfaceFlinger: couldn't log to binary event log: overflow.
08-04 00:04:29.204 26377 26397 I art     : Starting a blocking GC Explicit
08-04 00:04:29.226 26377 26397 I art     : Explicit concurrent mark sweep GC freed 2571(101KB) AllocSpace objects, 2(40KB) LOS objects, 27% free, 42MB/58MB, paused 460us total 21.938ms
08-04 00:04:29.228   512  2967 D audio_hw_primary: disable_audio_route: reset and update mixer path: low-latency-playback speaker
08-04 00:04:29.229   512  2967 D audio_hw_primary: disable_snd_device: snd_device(2: speaker)
08-04 00:04:29.235 26377 26397 I art     : Starting a blocking GC Explicit
08-04 00:04:29.236   512  2967 I soundtrigger: audio_extn_sound_trigger_update_device_status: device 0x2 of type 0 for Event 0
08-04 00:04:29.256 26377 26397 I art     : Explicit concurrent mark sweep GC freed 162(3KB) AllocSpace objects, 0(0B) LOS objects, 27% free, 42MB/58MB, paused 504us total 20.744ms
08-04 00:04:29.266 26377 26397 I art     : Starting a blocking GC Explicit
08-04 00:04:29.287 26377 26397 I art     : Explicit concurrent mark sweep GC freed 25(960B) AllocSpace objects, 0(0B) LOS objects, 27% free, 42MB/58MB, paused 475us total 21.162ms
08-04 00:04:29.297 26377 26397 I art     : Starting a blocking GC Explicit
08-04 00:04:29.318 26377 26397 I art     : Explicit concurrent mark sweep GC freed 1079(70KB) AllocSpace objects, 2(120KB) LOS objects, 27% free, 43MB/59MB, paused 712us total 20.868ms
08-04 00:04:29.328 26377 26397 I art     : Starting a blocking GC Explicit
08-04 00:04:29.350 26377 26397 I art     : Explicit concurrent mark sweep GC freed 2319(149KB) AllocSpace objects, 1(80KB) LOS objects, 27% free, 42MB/58MB, paused 507us total 21.931ms
08-04 00:04:29.364 26377 26771 I NAPPA_EXPERIMENTATION: MetricNetworkRequestExecutionTime: REQUEST_DURATION_SYSTEM='677',REQUEST_DURATION_OKHTTP='28',REQUEST_SYNCHRONOUS='FALSE',RESPONSE_CODE='200',RESPONSE_METHOD='GET',RESPONSE_LENGTH_OKHTTP='55024',RESPONSE_LENGTH_HEADER='55024',REQUEST_PROTOCOL='http/1.1',REQUEST_URL='https://project-travel-mate.herokuapp.com/api/get-city-information/1',
08-04 00:04:29.452 13866 13866 I GoogleInputMethodServic: GoogleInputMethodService.onFinishInput():3138 
08-04 00:04:29.453 13866 13866 I GoogleInputMethodServic: GoogleInputMethodService.onStartInput():1808 
08-04 00:04:29.668 26377 26397 I art     : Starting a blocking GC Explicit
08-04 00:04:29.694 26377 26397 I art     : Explicit concurrent mark sweep GC freed 4531(1378KB) AllocSpace objects, 22(4MB) LOS objects, 29% free, 38MB/54MB, paused 315us total 26.032ms
08-04 00:04:29.704 26377 26397 I art     : Starting a blocking GC Explicit
08-04 00:04:29.726 26377 26397 I art     : Explicit concurrent mark sweep GC freed 218(5KB) AllocSpace objects, 0(0B) LOS objects, 29% free, 38MB/54MB, paused 312us total 21.757ms
08-04 00:04:29.735 26377 26397 I art     : Starting a blocking GC Explicit
08-04 00:04:29.758 26377 26397 I art     : Explicit concurrent mark sweep GC freed 146(2464B) AllocSpace objects, 0(0B) LOS objects, 29% free, 38MB/54MB, paused 400us total 22.069ms
08-04 00:04:29.767 26377 26397 I art     : Starting a blocking GC Explicit
08-04 00:04:29.790 26377 26397 I art     : Explicit concurrent mark sweep GC freed 101(1728B) AllocSpace objects, 0(0B) LOS objects, 29% free, 38MB/54MB, paused 527us total 22.448ms
08-04 00:04:29.800 26377 26397 I art     : Starting a blocking GC Explicit
08-04 00:04:29.822 26377 26397 I art     : Explicit concurrent mark sweep GC freed 122(2096B) AllocSpace objects, 0(0B) LOS objects, 29% free, 38MB/54MB, paused 315us total 21.661ms
08-04 00:04:30.131 26377 26389 I art     : Starting a blocking GC Explicit
08-04 00:04:30.157 26377 26389 I art     : Explicit concurrent mark sweep GC freed 2866(106KB) AllocSpace objects, 2(40KB) LOS objects, 29% free, 38MB/54MB, paused 377us total 25.194ms
08-04 00:04:30.167 26377 26389 I art     : Starting a blocking GC Explicit
08-04 00:04:30.190 26377 26389 I art     : Explicit concurrent mark sweep GC freed 170(3KB) AllocSpace objects, 0(0B) LOS objects, 29% free, 38MB/54MB, paused 390us total 22.785ms
08-04 00:04:30.199 26377 26389 I art     : Starting a blocking GC Explicit
08-04 00:04:30.221 26377 26389 I art     : Explicit concurrent mark sweep GC freed 144(2464B) AllocSpace objects, 0(0B) LOS objects, 29% free, 38MB/54MB, paused 311us total 21.424ms
08-04 00:04:30.230 26377 26389 I art     : Starting a blocking GC Explicit
08-04 00:04:30.251 26377 26389 I art     : Explicit concurrent mark sweep GC freed 147(2496B) AllocSpace objects, 0(0B) LOS objects, 29% free, 38MB/54MB, paused 291us total 20.775ms
08-04 00:04:30.261 26377 26389 I art     : Starting a blocking GC Explicit
08-04 00:04:30.283 26377 26389 I art     : Explicit concurrent mark sweep GC freed 147(2496B) AllocSpace objects, 0(0B) LOS objects, 29% free, 38MB/54MB, paused 339us total 22.206ms
08-04 00:04:30.632 26377 26388 I art     : Starting a blocking GC Explicit
08-04 00:04:30.655 26377 26388 I art     : Explicit concurrent mark sweep GC freed 3039(109KB) AllocSpace objects, 2(40KB) LOS objects, 29% free, 38MB/54MB, paused 313us total 22.682ms
08-04 00:04:30.665 26377 26388 I art     : Starting a blocking GC Explicit
08-04 00:04:30.688 26377 26388 I art     : Explicit concurrent mark sweep GC freed 166(3KB) AllocSpace objects, 0(0B) LOS objects, 29% free, 38MB/54MB, paused 319us total 22.809ms
08-04 00:04:30.697 26377 26388 I art     : Starting a blocking GC Explicit
08-04 00:04:30.719 26377 26388 I art     : Explicit concurrent mark sweep GC freed 147(2496B) AllocSpace objects, 0(0B) LOS objects, 29% free, 38MB/54MB, paused 290us total 21.662ms
08-04 00:04:30.728 26377 26388 I art     : Starting a blocking GC Explicit
08-04 00:04:30.751 26377 26388 I art     : Explicit concurrent mark sweep GC freed 147(2496B) AllocSpace objects, 0(0B) LOS objects, 29% free, 38MB/54MB, paused 329us total 22.413ms
08-04 00:04:30.761 26377 26388 I art     : Starting a blocking GC Explicit
08-04 00:04:30.783 26377 26388 I art     : Explicit concurrent mark sweep GC freed 147(2496B) AllocSpace objects, 0(0B) LOS objects, 29% free, 38MB/54MB, paused 307us total 21.946ms
08-04 00:04:31.144 26377 26397 I art     : Starting a blocking GC Explicit
08-04 00:04:31.169 26377 26397 I art     : Explicit concurrent mark sweep GC freed 3081(110KB) AllocSpace objects, 2(40KB) LOS objects, 29% free, 38MB/54MB, paused 316us total 24.712ms
08-04 00:04:31.183 26377 26397 I art     : Starting a blocking GC Explicit
08-04 00:04:31.204 26377 26397 I art     : Explicit concurrent mark sweep GC freed 166(3KB) AllocSpace objects, 0(0B) LOS objects, 29% free, 38MB/54MB, paused 307us total 20.938ms
08-04 00:04:31.213 26377 26397 I art     : Starting a blocking GC Explicit
08-04 00:04:31.235 26377 26397 I art     : Explicit concurrent mark sweep GC freed 159(3KB) AllocSpace objects, 0(0B) LOS objects, 29% free, 38MB/54MB, paused 313us total 21.219ms
08-04 00:04:31.244 26377 26397 I art     : Starting a blocking GC Explicit
08-04 00:04:31.265 26377 26397 I art     : Explicit concurrent mark sweep GC freed 163(3KB) AllocSpace objects, 0(0B) LOS objects, 29% free, 38MB/54MB, paused 308us total 21.253ms
08-04 00:04:31.275 26377 26397 I art     : Starting a blocking GC Explicit
08-04 00:04:31.297 26377 26397 I art     : Explicit concurrent mark sweep GC freed 147(2496B) AllocSpace objects, 0(0B) LOS objects, 29% free, 38MB/54MB, paused 333us total 22.372ms
08-04 00:04:31.639 26377 26389 I art     : Starting a blocking GC Explicit
08-04 00:04:31.664 26377 26389 I art     : Explicit concurrent mark sweep GC freed 3009(108KB) AllocSpace objects, 2(40KB) LOS objects, 29% free, 38MB/54MB, paused 325us total 24.694ms
08-04 00:04:31.674 26377 26389 I art     : Starting a blocking GC Explicit
08-04 00:04:31.694 26377 26389 I art     : Explicit concurrent mark sweep GC freed 165(3KB) AllocSpace objects, 0(0B) LOS objects, 29% free, 38MB/54MB, paused 305us total 20.452ms
08-04 00:04:31.703 26377 26389 I art     : Starting a blocking GC Explicit
08-04 00:04:31.723 26377 26389 I art     : Explicit concurrent mark sweep GC freed 76(1328B) AllocSpace objects, 0(0B) LOS objects, 29% free, 38MB/54MB, paused 299us total 19.792ms
08-04 00:04:31.732 26377 26389 I art     : Starting a blocking GC Explicit
08-04 00:04:31.754 26377 26389 I art     : Explicit concurrent mark sweep GC freed 147(2496B) AllocSpace objects, 0(0B) LOS objects, 29% free, 38MB/54MB, paused 302us total 21.209ms
08-04 00:04:31.763 26377 26389 I art     : Starting a blocking GC Explicit
08-04 00:04:31.784 26377 26389 I art     : Explicit concurrent mark sweep GC freed 147(2496B) AllocSpace objects, 0(0B) LOS objects, 29% free, 38MB/54MB, paused 303us total 21.114ms
08-04 00:04:32.142 26377 26654 I art     : Starting a blocking GC Explicit
08-04 00:04:32.166 26377 26654 I art     : Explicit concurrent mark sweep GC freed 3081(110KB) AllocSpace objects, 2(40KB) LOS objects, 29% free, 38MB/54MB, paused 313us total 24.306ms
08-04 00:04:32.175 26377 26654 I art     : Starting a blocking GC Explicit
08-04 00:04:32.195 26377 26654 I art     : Explicit concurrent mark sweep GC freed 166(3KB) AllocSpace objects, 0(0B) LOS objects, 29% free, 38MB/54MB, paused 296us total 20.242ms
08-04 00:04:32.204 26377 26654 I art     : Starting a blocking GC Explicit
08-04 00:04:32.222 26377 26654 I art     : Explicit concurrent mark sweep GC freed 76(1328B) AllocSpace objects, 0(0B) LOS objects, 29% free, 38MB/54MB, paused 321us total 18.399ms
08-04 00:04:32.231 26377 26654 I art     : Starting a blocking GC Explicit
08-04 00:04:32.250 26377 26654 I art     : Explicit concurrent mark sweep GC freed 147(2496B) AllocSpace objects, 0(0B) LOS objects, 29% free, 38MB/54MB, paused 294us total 18.653ms
08-04 00:04:32.258 26377 26654 I art     : Starting a blocking GC Explicit
08-04 00:04:32.277 26377 26654 I art     : Explicit concurrent mark sweep GC freed 146(2464B) AllocSpace objects, 0(0B) LOS objects, 29% free, 38MB/54MB, paused 305us total 18.784ms
08-04 00:04:32.622 26377 26388 I art     : Starting a blocking GC Explicit
08-04 00:04:32.644 26377 26388 I art     : Explicit concurrent mark sweep GC freed 3005(108KB) AllocSpace objects, 2(40KB) LOS objects, 29% free, 38MB/54MB, paused 385us total 21.604ms
08-04 00:04:32.653 26377 26388 I art     : Starting a blocking GC Explicit
08-04 00:04:32.674 26377 26388 I art     : Explicit concurrent mark sweep GC freed 100(2112B) AllocSpace objects, 0(0B) LOS objects, 29% free, 38MB/54MB, paused 348us total 20.740ms
08-04 00:04:32.684 26377 26388 I art     : Starting a blocking GC Explicit
08-04 00:04:32.706 26377 26388 I art     : Explicit concurrent mark sweep GC freed 147(2496B) AllocSpace objects, 0(0B) LOS objects, 29% free, 38MB/54MB, paused 337us total 21.975ms
08-04 00:04:32.715 26377 26388 I art     : Starting a blocking GC Explicit
08-04 00:04:32.737 26377 26388 I art     : Explicit concurrent mark sweep GC freed 147(2496B) AllocSpace objects, 0(0B) LOS objects, 29% free, 38MB/54MB, paused 319us total 21.930ms
08-04 00:04:32.747 26377 26388 I art     : Starting a blocking GC Explicit
08-04 00:04:32.769 26377 26388 I art     : Explicit concurrent mark sweep GC freed 147(2496B) AllocSpace objects, 0(0B) LOS objects, 29% free, 38MB/54MB, paused 305us total 21.863ms
08-04 00:04:32.874   918  3261 D WifiStateMachine: starting scan for "H369AA63323"WPA_PSK with 2412,5180
08-04 00:04:33.077 26377 26397 I art     : Starting a blocking GC Explicit
08-04 00:04:33.100 26377 26397 I art     : Explicit concurrent mark sweep GC freed 2865(106KB) AllocSpace objects, 2(40KB) LOS objects, 29% free, 38MB/54MB, paused 370us total 22.976ms
08-04 00:04:33.110 26377 26397 I art     : Starting a blocking GC Explicit
08-04 00:04:33.132 26377 26397 I art     : Explicit concurrent mark sweep GC freed 166(3KB) AllocSpace objects, 0(0B) LOS objects, 29% free, 38MB/54MB, paused 323us total 22.197ms
08-04 00:04:33.142 26377 26397 I art     : Starting a blocking GC Explicit
08-04 00:04:33.163 26377 26397 I art     : Explicit concurrent mark sweep GC freed 146(2464B) AllocSpace objects, 0(0B) LOS objects, 29% free, 38MB/54MB, paused 336us total 20.888ms
08-04 00:04:33.172 26377 26397 I art     : Starting a blocking GC Explicit
08-04 00:04:33.193 26377 26397 I art     : Explicit concurrent mark sweep GC freed 103(1760B) AllocSpace objects, 0(0B) LOS objects, 29% free, 38MB/54MB, paused 390us total 20.809ms
08-04 00:04:33.202 26377 26397 I art     : Starting a blocking GC Explicit
08-04 00:04:33.223 26377 26397 I art     : Explicit concurrent mark sweep GC freed 120(2064B) AllocSpace objects, 0(0B) LOS objects, 29% free, 38MB/54MB, paused 307us total 20.293ms
08-04 00:04:33.276 26858 26858 D AndroidRuntime: >>>>>> START com.android.internal.os.RuntimeInit uid 2000 <<<<<<
08-04 00:04:33.280 26858 26858 D AndroidRuntime: CheckJNI is OFF
08-04 00:04:33.307 26858 26858 D ICU     : No timezone override file found: /data/misc/zoneinfo/current/icu/icu_tzdata.dat
08-04 00:04:33.333 26858 26858 I Radio-JNI: register_android_hardware_Radio DONE
08-04 00:04:33.350 26858 26858 D AndroidRuntime: Calling main entry com.android.commands.input.Input
08-04 00:04:33.351 26858 26858 I Input   : injectKeyEvent: KeyEvent { action=ACTION_DOWN, keyCode=KEYCODE_BACK, scanCode=0, metaState=0, flags=0x0, repeatCount=0, eventTime=662689764, downTime=662689764, deviceId=-1, source=0x101 }
08-04 00:04:33.356 23490 23490 I ServiceManager: Waiting for service AtCmdFwd...
08-04 00:04:33.358 26858 26858 I Input   : injectKeyEvent: KeyEvent { action=ACTION_UP, keyCode=KEYCODE_BACK, scanCode=0, metaState=0, flags=0x0, repeatCount=0, eventTime=662689764, downTime=662689764, deviceId=-1, source=0x101 }
08-04 00:04:33.366 26858 26858 D AndroidRuntime: Shutting down VM
08-04 00:04:33.404 13866 13866 I GoogleInputMethodServic: GoogleInputMethodService.onFinishInput():3138 
08-04 00:04:33.405 13866 13866 I GoogleInputMethodServic: GoogleInputMethodService.onStartInput():1808 
08-04 00:04:33.488 26377 26389 I art     : Starting a blocking GC Explicit
08-04 00:04:33.511 26377 26389 I art     : Explicit concurrent mark sweep GC freed 2756(107KB) AllocSpace objects, 2(40KB) LOS objects, 29% free, 38MB/54MB, paused 426us total 21.966ms
08-04 00:04:33.526 26377 26389 I art     : Starting a blocking GC Explicit
08-04 00:04:33.557 26377 26389 I art     : Explicit concurrent mark sweep GC freed 240(4KB) AllocSpace objects, 0(0B) LOS objects, 29% free, 38MB/54MB, paused 347us total 31.390ms
08-04 00:04:33.570 26377 26389 I art     : Starting a blocking GC Explicit
08-04 00:04:33.601 26377 26389 I art     : Explicit concurrent mark sweep GC freed 220(3KB) AllocSpace objects, 0(0B) LOS objects, 29% free, 38MB/54MB, paused 351us total 30.664ms
08-04 00:04:33.612 26377 26389 I art     : Starting a blocking GC Explicit
08-04 00:04:33.639 26377 26389 I art     : Explicit concurrent mark sweep GC freed 147(2496B) AllocSpace objects, 0(0B) LOS objects, 29% free, 38MB/54MB, paused 334us total 26.637ms
08-04 00:04:33.650 26377 26389 I art     : Starting a blocking GC Explicit
08-04 00:04:33.678 26377 26389 I art     : Explicit concurrent mark sweep GC freed 192(3KB) AllocSpace objects, 0(0B) LOS objects, 29% free, 38MB/54MB, paused 373us total 27.732ms
08-04 00:04:33.693   380   380 W SurfaceFlinger: couldn't log to binary event log: overflow.
08-04 00:04:33.992 26377 26388 I art     : Starting a blocking GC Explicit
08-04 00:04:34.015 26377 26388 I art     : Explicit concurrent mark sweep GC freed 2461(100KB) AllocSpace objects, 3(228KB) LOS objects, 29% free, 38MB/54MB, paused 394us total 23.171ms
08-04 00:04:34.025 26377 26388 I art     : Starting a blocking GC Explicit
08-04 00:04:34.044 26377 26388 I art     : Explicit concurrent mark sweep GC freed 4765(340KB) AllocSpace objects, 7(132KB) LOS objects, 29% free, 38MB/54MB, paused 368us total 19.369ms
08-04 00:04:34.053 26377 26388 I art     : Starting a blocking GC Explicit
08-04 00:04:34.071 26377 26388 I art     : Explicit concurrent mark sweep GC freed 76(1456B) AllocSpace objects, 0(0B) LOS objects, 29% free, 38MB/54MB, paused 289us total 17.601ms
08-04 00:04:34.079 26377 26388 I art     : Starting a blocking GC Explicit
08-04 00:04:34.099 26377 26388 I art     : Explicit concurrent mark sweep GC freed 99(1696B) AllocSpace objects, 0(0B) LOS objects, 29% free, 38MB/54MB, paused 294us total 19.230ms
08-04 00:04:34.108 26377 26388 I art     : Starting a blocking GC Explicit
08-04 00:04:34.128 26377 26388 I art     : Explicit concurrent mark sweep GC freed 98(1664B) AllocSpace objects, 0(0B) LOS objects, 29% free, 38MB/54MB, paused 493us total 20.200ms
08-04 00:04:34.356 23490 23490 I ServiceManager: Waiting for service AtCmdFwd...
08-04 00:04:34.449 26377 26654 I art     : Starting a blocking GC Explicit
08-04 00:04:34.474 26377 26654 I art     : Explicit concurrent mark sweep GC freed 2410(99KB) AllocSpace objects, 2(40KB) LOS objects, 29% free, 38MB/54MB, paused 310us total 24.810ms
08-04 00:04:34.483 26377 26654 I art     : Starting a blocking GC Explicit
08-04 00:04:34.503 26377 26654 I art     : Explicit concurrent mark sweep GC freed 128(2928B) AllocSpace objects, 0(0B) LOS objects, 29% free, 38MB/54MB, paused 291us total 19.826ms
08-04 00:04:34.512 26377 26654 I art     : Starting a blocking GC Explicit
08-04 00:04:34.533 26377 26654 I art     : Explicit concurrent mark sweep GC freed 99(1696B) AllocSpace objects, 0(0B) LOS objects, 29% free, 38MB/54MB, paused 305us total 19.975ms
08-04 00:04:34.542 26377 26654 I art     : Starting a blocking GC Explicit
08-04 00:04:34.561 26377 26654 I art     : Explicit concurrent mark sweep GC freed 98(1664B) AllocSpace objects, 0(0B) LOS objects, 29% free, 38MB/54MB, paused 296us total 19.705ms
08-04 00:04:34.571 26377 26654 I art     : Starting a blocking GC Explicit
08-04 00:04:34.591 26377 26654 I art     : Explicit concurrent mark sweep GC freed 52(928B) AllocSpace objects, 0(0B) LOS objects, 29% free, 38MB/54MB, paused 286us total 19.764ms
08-04 00:04:34.893 26377 26389 I art     : Starting a blocking GC Explicit
08-04 00:04:34.910 26911 26911 D AndroidRuntime: >>>>>> START com.android.internal.os.RuntimeInit uid 2000 <<<<<<
08-04 00:04:34.914 26911 26911 D AndroidRuntime: CheckJNI is OFF
08-04 00:04:34.914 26377 26389 I art     : Explicit concurrent mark sweep GC freed 2384(98KB) AllocSpace objects, 2(40KB) LOS objects, 29% free, 38MB/54MB, paused 440us total 20.912ms
08-04 00:04:34.924 26377 26389 I art     : Starting a blocking GC Explicit
08-04 00:04:34.942 26911 26911 D ICU     : No timezone override file found: /data/misc/zoneinfo/current/icu/icu_tzdata.dat
08-04 00:04:34.944 26377 26389 I art     : Explicit concurrent mark sweep GC freed 71(1616B) AllocSpace objects, 0(0B) LOS objects, 29% free, 38MB/54MB, paused 327us total 19.531ms
08-04 00:04:34.953 26377 26389 I art     : Starting a blocking GC Explicit
08-04 00:04:34.967 26911 26911 I Radio-JNI: register_android_hardware_Radio DONE
08-04 00:04:34.971 26377 26389 I art     : Explicit concurrent mark sweep GC freed 99(1696B) AllocSpace objects, 0(0B) LOS objects, 29% free, 38MB/54MB, paused 323us total 18.261ms
08-04 00:04:34.980 26377 26389 I art     : Starting a blocking GC Explicit
08-04 00:04:34.983 26911 26911 D AndroidRuntime: Calling main entry com.android.commands.input.Input
08-04 00:04:34.985 26911 26911 I Input   : injectMotionEvent: MotionEvent { action=ACTION_DOWN, actionButton=0, id[0]=0, x[0]=504.0, y[0]=1706.0, toolType[0]=TOOL_TYPE_UNKNOWN, buttonState=0, metaState=0, flags=0x0, edgeFlags=0x0, pointerCount=1, historySize=0, eventTime=662691398, downTime=662691398, deviceId=0, source=0x1002 }
08-04 00:04:34.991 26911 26911 I Input   : injectMotionEvent: MotionEvent { action=ACTION_UP, actionButton=0, id[0]=0, x[0]=504.0, y[0]=1706.0, toolType[0]=TOOL_TYPE_UNKNOWN, buttonState=0, metaState=0, flags=0x0, edgeFlags=0x0, pointerCount=1, historySize=0, eventTime=662691398, downTime=662691398, deviceId=0, source=0x1002 }
08-04 00:04:34.992 26911 26911 D AndroidRuntime: Shutting down VM
08-04 00:04:34.993   512  2967 D audio_hw_primary: out_set_parameters: enter: usecase(1: low-latency-playback) kvpairs: routing=2
08-04 00:04:34.995   918  5132 I ActivityManager: START u0 {cmp=baseline.io.github.project_travel_mate/.destinations.funfacts.FunFactsActivity (has extras)} from uid 10650 on display 0
08-04 00:04:34.999 26377 26389 I art     : Explicit concurrent mark sweep GC freed 1135(121KB) AllocSpace objects, 0(0B) LOS objects, 29% free, 38MB/54MB, paused 387us total 19.211ms
08-04 00:04:35.006   512  2967 D audio_hw_primary: select_devices: out_snd_device(2: speaker) in_snd_device(0: none)
08-04 00:04:35.006   512  2967 D msm8974_platform: platform_send_audio_calibration: sending audio calibration for snd_device(2) acdb_id(15)
08-04 00:04:35.007   512  2967 I soundtrigger: audio_extn_sound_trigger_update_device_status: device 0x2 of type 0 for Event 1
08-04 00:04:35.009 26377 26389 I art     : Starting a blocking GC Explicit
08-04 00:04:35.016 26377 26443 D Gabe    : call	returning from cache
08-04 00:04:35.018   512  2967 D audio_hw_primary: enable_snd_device: snd_device(2: speaker)
08-04 00:04:35.019 26377 26377 V EXECUTING: https://project-travel-mate.herokuapp.com/api/get-city-facts/1
08-04 00:04:35.019   512  2967 D audio_hw_primary: enable_audio_route: apply and update mixer path: low-latency-playback speaker
08-04 00:04:35.032 26377 26389 I art     : Explicit concurrent mark sweep GC freed 1456(139KB) AllocSpace objects, 0(0B) LOS objects, 29% free, 38MB/54MB, paused 860us total 22.533ms
08-04 00:04:35.134   918   936 I ActivityManager: Displayed baseline.io.github.project_travel_mate/.destinations.funfacts.FunFactsActivity: +130ms
08-04 00:04:35.135 13866 13866 I GoogleInputMethodServic: GoogleInputMethodService.onFinishInput():3138 
08-04 00:04:35.135 13866 13866 I GoogleInputMethodServic: GoogleInputMethodService.onStartInput():1808 
08-04 00:04:35.287 26377 26389 I art     : Starting a blocking GC Explicit
08-04 00:04:35.310 26377 26389 I art     : Explicit concurrent mark sweep GC freed 2743(118KB) AllocSpace objects, 2(40KB) LOS objects, 27% free, 42MB/58MB, paused 363us total 22.865ms
08-04 00:04:35.323 26377 26389 I art     : Starting a blocking GC Explicit
08-04 00:04:35.355 26377 26389 I art     : Explicit concurrent mark sweep GC freed 244(4KB) AllocSpace objects, 0(0B) LOS objects, 27% free, 42MB/58MB, paused 327us total 32.368ms
08-04 00:04:35.357 23490 23490 I ServiceManager: Waiting for service AtCmdFwd...
08-04 00:04:35.368 26377 26389 I art     : Starting a blocking GC Explicit
08-04 00:04:35.395   380   380 W SurfaceFlinger: couldn't log to binary event log: overflow.
08-04 00:04:35.397 26377 26389 I art     : Explicit concurrent mark sweep GC freed 166(2800B) AllocSpace objects, 0(0B) LOS objects, 27% free, 42MB/58MB, paused 534us total 28.464ms
08-04 00:04:35.410 26377 26389 I art     : Starting a blocking GC Explicit
08-04 00:04:35.430 26377 26389 I art     : Explicit concurrent mark sweep GC freed 199(3KB) AllocSpace objects, 0(0B) LOS objects, 27% free, 42MB/58MB, paused 338us total 19.688ms
08-04 00:04:35.439 26377 26389 I art     : Starting a blocking GC Explicit
08-04 00:04:35.458 26377 26389 I art     : Explicit concurrent mark sweep GC freed 76(1328B) AllocSpace objects, 0(0B) LOS objects, 27% free, 42MB/58MB, paused 387us total 18.784ms
08-04 00:04:35.560   512  2967 D audio_hw_primary: disable_audio_route: reset and update mixer path: low-latency-playback speaker
08-04 00:04:35.561   512  2967 D audio_hw_primary: disable_snd_device: snd_device(2: speaker)
08-04 00:04:35.569   512  2967 I soundtrigger: audio_extn_sound_trigger_update_device_status: device 0x2 of type 0 for Event 0
08-04 00:04:35.608 26377 26935 I NAPPA_EXPERIMENTATION: MetricNetworkRequestExecutionTime: REQUEST_DURATION_SYSTEM='588',REQUEST_DURATION_OKHTTP='29',REQUEST_SYNCHRONOUS='FALSE',RESPONSE_CODE='200',RESPONSE_METHOD='GET',RESPONSE_LENGTH_OKHTTP='1793',RESPONSE_LENGTH_HEADER='1793',REQUEST_PROTOCOL='http/1.1',REQUEST_URL='https://project-travel-mate.herokuapp.com/api/get-city-facts/1',
08-04 00:04:35.611 26377 26935 V EXECUTING: https://project-travel-mate.herokuapp.com/api/get-city-images/1
08-04 00:04:35.727 26377 26397 I art     : Starting a blocking GC Explicit
08-04 00:04:35.751 26377 26397 I art     : Explicit concurrent mark sweep GC freed 5488(279KB) AllocSpace objects, 5(240KB) LOS objects, 27% free, 43MB/59MB, paused 686us total 22.799ms
08-04 00:04:35.759 26377 26397 I art     : Starting a blocking GC Explicit
08-04 00:04:35.780 26377 26397 I art     : Explicit concurrent mark sweep GC freed 1090(119KB) AllocSpace objects, 0(0B) LOS objects, 27% free, 43MB/59MB, paused 530us total 21.075ms
08-04 00:04:35.790 26377 26397 I art     : Starting a blocking GC Explicit
08-04 00:04:35.811 26377 26397 I art     : Explicit concurrent mark sweep GC freed 124(2096B) AllocSpace objects, 0(0B) LOS objects, 27% free, 43MB/59MB, paused 565us total 20.465ms
08-04 00:04:35.821 26377 26397 I art     : Starting a blocking GC Explicit
08-04 00:04:35.840 26377 26397 I art     : Explicit concurrent mark sweep GC freed 76(1280B) AllocSpace objects, 0(0B) LOS objects, 27% free, 43MB/59MB, paused 412us total 19.581ms
08-04 00:04:35.850 26377 26397 I art     : Starting a blocking GC Explicit
08-04 00:04:35.872 26377 26397 I art     : Explicit concurrent mark sweep GC freed 72(1232B) AllocSpace objects, 0(0B) LOS objects, 27% free, 43MB/59MB, paused 614us total 21.634ms
08-04 00:04:36.107 26377 26954 I NAPPA_EXPERIMENTATION: MetricNetworkRequestExecutionTime: REQUEST_DURATION_SYSTEM='495',REQUEST_DURATION_OKHTTP='28',REQUEST_SYNCHRONOUS='FALSE',RESPONSE_CODE='200',RESPONSE_METHOD='GET',RESPONSE_LENGTH_OKHTTP='183',RESPONSE_LENGTH_HEADER='183',REQUEST_PROTOCOL='http/1.1',REQUEST_URL='https://project-travel-mate.herokuapp.com/api/get-city-images/1',
08-04 00:04:36.148 26377 26954 V RESPONSE: [{"id":17,"image_url":"https://upload.wikimedia.org/wikipedia/commons/9/94/%E0%B4%96%E0%B5%81%E0%B4%A4%E0%B5%8D%E0%B4%AC%E0%B5%8D_%E0%B4%AE%E0%B4%BF%E0%B4%A8%E0%B4%BE%E0%B5%BC1.jpg"}]
08-04 00:04:36.160 26377 26389 I art     : Starting a blocking GC Explicit
08-04 00:04:36.181 26377 26389 I art     : Explicit concurrent mark sweep GC freed 5187(248KB) AllocSpace objects, 5(240KB) LOS objects, 26% free, 43MB/59MB, paused 468us total 21.047ms
08-04 00:04:36.183 26377 26387 I art     : WaitForGcToComplete blocked for 13.538ms for cause HeapTrim
08-04 00:04:36.191 26377 26389 I art     : Starting a blocking GC Explicit
08-04 00:04:36.212 26377 26389 I art     : Explicit concurrent mark sweep GC freed 974(117KB) AllocSpace objects, 0(0B) LOS objects, 26% free, 43MB/59MB, paused 351us total 20.753ms
08-04 00:04:36.222 26377 26389 I art     : Starting a blocking GC Explicit
08-04 00:04:36.244 26377 26389 I art     : Explicit concurrent mark sweep GC freed 3309(191KB) AllocSpace objects, 0(0B) LOS objects, 26% free, 43MB/59MB, paused 441us total 21.847ms
08-04 00:04:36.253 26377 26389 I art     : Starting a blocking GC Explicit
08-04 00:04:36.273 26377 26389 I art     : Explicit concurrent mark sweep GC freed 253(11KB) AllocSpace objects, 1(4MB) LOS objects, 28% free, 39MB/55MB, paused 337us total 19.801ms
08-04 00:04:36.282 26377 26389 I art     : Starting a blocking GC Explicit
08-04 00:04:36.302   518   646 I ThermalEngine: ACTION: GPU - Setting GPU[0] to 510000000
08-04 00:04:36.303 26377 26389 I art     : Explicit concurrent mark sweep GC freed 18(832B) AllocSpace objects, 0(0B) LOS objects, 28% free, 39MB/55MB, paused 392us total 21.322ms
08-04 00:04:36.358 23490 23490 I ServiceManager: Waiting for service AtCmdFwd...
08-04 00:04:36.631 26377 26654 I art     : Starting a blocking GC Explicit
08-04 00:04:36.660 26377 26654 I art     : Explicit concurrent mark sweep GC freed 3048(110KB) AllocSpace objects, 2(40KB) LOS objects, 28% free, 39MB/55MB, paused 505us total 28.947ms
08-04 00:04:36.673 26377 26654 I art     : Starting a blocking GC Explicit
08-04 00:04:36.699 26377 26654 I art     : Explicit concurrent mark sweep GC freed 237(4KB) AllocSpace objects, 0(0B) LOS objects, 28% free, 39MB/55MB, paused 476us total 25.767ms
08-04 00:04:36.711 26377 26654 I art     : Starting a blocking GC Explicit
08-04 00:04:36.740 26377 26654 I art     : Explicit concurrent mark sweep GC freed 148(2528B) AllocSpace objects, 0(0B) LOS objects, 28% free, 39MB/55MB, paused 442us total 28.085ms
08-04 00:04:36.752 26377 26654 I art     : Starting a blocking GC Explicit
08-04 00:04:36.781 26377 26654 I art     : Explicit concurrent mark sweep GC freed 171(2880B) AllocSpace objects, 0(0B) LOS objects, 28% free, 39MB/55MB, paused 628us total 29.160ms
08-04 00:04:36.795 26377 26654 I art     : Starting a blocking GC Explicit
08-04 00:04:36.823 26377 26654 I art     : Explicit concurrent mark sweep GC freed 195(3KB) AllocSpace objects, 0(0B) LOS objects, 28% free, 39MB/55MB, paused 451us total 28.092ms
08-04 00:04:37.176 26377 26388 I art     : Starting a blocking GC Explicit
08-04 00:04:37.207 26377 26388 I art     : Explicit concurrent mark sweep GC freed 3083(110KB) AllocSpace objects, 2(40KB) LOS objects, 28% free, 39MB/55MB, paused 464us total 30.686ms
08-04 00:04:37.222 26377 26388 I art     : Starting a blocking GC Explicit
08-04 00:04:37.248 26377 26388 I art     : Explicit concurrent mark sweep GC freed 211(4KB) AllocSpace objects, 0(0B) LOS objects, 28% free, 39MB/55MB, paused 526us total 25.965ms
08-04 00:04:37.261 26377 26388 I art     : Starting a blocking GC Explicit
08-04 00:04:37.287 26377 26388 I art     : Explicit concurrent mark sweep GC freed 202(3KB) AllocSpace objects, 0(0B) LOS objects, 28% free, 39MB/55MB, paused 547us total 26.296ms
08-04 00:04:37.299 26377 26388 I art     : Starting a blocking GC Explicit
08-04 00:04:37.327 26377 26388 I art     : Explicit concurrent mark sweep GC freed 147(2496B) AllocSpace objects, 0(0B) LOS objects, 28% free, 39MB/55MB, paused 491us total 28.348ms
08-04 00:04:37.340 26377 26388 I art     : Starting a blocking GC Explicit
08-04 00:04:37.358 23490 23490 I ServiceManager: Waiting for service AtCmdFwd...
08-04 00:04:37.367 26377 26388 I art     : Explicit concurrent mark sweep GC freed 218(3KB) AllocSpace objects, 0(0B) LOS objects, 28% free, 39MB/55MB, paused 501us total 26.886ms
08-04 00:04:37.656 27001 27001 D AndroidRuntime: >>>>>> START com.android.internal.os.RuntimeInit uid 2000 <<<<<<
08-04 00:04:37.662 27001 27001 D AndroidRuntime: CheckJNI is OFF
08-04 00:04:37.697 27001 27001 D ICU     : No timezone override file found: /data/misc/zoneinfo/current/icu/icu_tzdata.dat
08-04 00:04:37.715 26377 26389 I art     : Starting a blocking GC Explicit
08-04 00:04:37.731 27001 27001 I Radio-JNI: register_android_hardware_Radio DONE
08-04 00:04:37.745 26377 26389 I art     : Explicit concurrent mark sweep GC freed 3011(108KB) AllocSpace objects, 2(40KB) LOS objects, 28% free, 39MB/55MB, paused 487us total 29.211ms
08-04 00:04:37.754 27001 27001 D AndroidRuntime: Calling main entry com.android.commands.input.Input
08-04 00:04:37.756 27001 27001 I Input   : injectKeyEvent: KeyEvent { action=ACTION_DOWN, keyCode=KEYCODE_BACK, scanCode=0, metaState=0, flags=0x0, repeatCount=0, eventTime=662694169, downTime=662694169, deviceId=-1, source=0x101 }
08-04 00:04:37.757 26377 26389 I art     : Starting a blocking GC Explicit
08-04 00:04:37.762 27001 27001 I Input   : injectKeyEvent: KeyEvent { action=ACTION_UP, keyCode=KEYCODE_BACK, scanCode=0, metaState=0, flags=0x0, repeatCount=0, eventTime=662694169, downTime=662694169, deviceId=-1, source=0x101 }
08-04 00:04:37.767 27001 27001 D AndroidRuntime: Shutting down VM
08-04 00:04:37.785 26377 26389 I art     : Explicit concurrent mark sweep GC freed 291(6KB) AllocSpace objects, 0(0B) LOS objects, 28% free, 39MB/55MB, paused 463us total 27.472ms
08-04 00:04:37.797 26377 26389 I art     : Starting a blocking GC Explicit
08-04 00:04:37.811 13866 13866 I GoogleInputMethodServic: GoogleInputMethodService.onFinishInput():3138 
08-04 00:04:37.812 13866 13866 I GoogleInputMethodServic: GoogleInputMethodService.onStartInput():1808 
08-04 00:04:37.823 26377 26389 I art     : Explicit concurrent mark sweep GC freed 108(2544B) AllocSpace objects, 0(0B) LOS objects, 28% free, 39MB/55MB, paused 459us total 26.570ms
08-04 00:04:37.836 26377 26389 I art     : Starting a blocking GC Explicit
08-04 00:04:37.862 26377 26389 I art     : Explicit concurrent mark sweep GC freed 240(4KB) AllocSpace objects, 0(0B) LOS objects, 28% free, 39MB/55MB, paused 468us total 26.312ms
08-04 00:04:37.874 26377 26389 I art     : Starting a blocking GC Explicit
08-04 00:04:37.898 26377 26389 I art     : Explicit concurrent mark sweep GC freed 165(2800B) AllocSpace objects, 0(0B) LOS objects, 28% free, 39MB/55MB, paused 504us total 23.955ms
08-04 00:04:38.114   380   380 W SurfaceFlinger: couldn't log to binary event log: overflow.
08-04 00:04:38.208 26377 26397 I art     : Starting a blocking GC Explicit
08-04 00:04:38.238 26377 26397 I art     : Explicit concurrent mark sweep GC freed 3564(142KB) AllocSpace objects, 4(404KB) LOS objects, 29% free, 38MB/54MB, paused 484us total 29.745ms
08-04 00:04:38.251 26377 26397 I art     : Starting a blocking GC Explicit
08-04 00:04:38.278 26377 26397 I art     : Explicit concurrent mark sweep GC freed 5513(267KB) AllocSpace objects, 1(28KB) LOS objects, 29% free, 38MB/54MB, paused 492us total 27.214ms
08-04 00:04:38.290 26377 26397 I art     : Starting a blocking GC Explicit
08-04 00:04:38.317 26377 26397 I art     : Explicit concurrent mark sweep GC freed 149(2624B) AllocSpace objects, 0(0B) LOS objects, 29% free, 38MB/54MB, paused 499us total 26.172ms
08-04 00:04:38.329 26377 26397 I art     : Starting a blocking GC Explicit
08-04 00:04:38.355 26377 26397 I art     : Explicit concurrent mark sweep GC freed 100(1728B) AllocSpace objects, 0(0B) LOS objects, 29% free, 38MB/54MB, paused 483us total 26.227ms
08-04 00:04:38.358 23490 23490 W Atfwd_Sendcmd: AtCmdFwd service not published, waiting... retryCnt : 5
08-04 00:04:38.368 26377 26397 I art     : Starting a blocking GC Explicit
08-04 00:04:38.394 26377 26397 I art     : Explicit concurrent mark sweep GC freed 99(1696B) AllocSpace objects, 0(0B) LOS objects, 29% free, 38MB/54MB, paused 468us total 26.393ms
08-04 00:04:38.724 26377 26388 I art     : Starting a blocking GC Explicit
08-04 00:04:38.751 26377 26388 I art     : Explicit concurrent mark sweep GC freed 2484(100KB) AllocSpace objects, 2(40KB) LOS objects, 29% free, 38MB/54MB, paused 463us total 26.765ms
08-04 00:04:38.763 26377 26388 I art     : Starting a blocking GC Explicit
08-04 00:04:38.790 26377 26388 I art     : Explicit concurrent mark sweep GC freed 118(2384B) AllocSpace objects, 0(0B) LOS objects, 29% free, 38MB/54MB, paused 456us total 26.536ms
08-04 00:04:38.803 26377 26388 I art     : Starting a blocking GC Explicit
08-04 00:04:38.830 26377 26388 I art     : Explicit concurrent mark sweep GC freed 99(1696B) AllocSpace objects, 0(0B) LOS objects, 29% free, 38MB/54MB, paused 461us total 26.268ms
08-04 00:04:38.842 26377 26388 I art     : Starting a blocking GC Explicit
08-04 00:04:38.868 26377 26388 I art     : Explicit concurrent mark sweep GC freed 147(2496B) AllocSpace objects, 0(0B) LOS objects, 29% free, 38MB/54MB, paused 434us total 26.153ms
08-04 00:04:38.881 26377 26388 I art     : Starting a blocking GC Explicit
08-04 00:04:38.909 26377 26388 I art     : Explicit concurrent mark sweep GC freed 99(1696B) AllocSpace objects, 0(0B) LOS objects, 29% free, 38MB/54MB, paused 463us total 27.876ms
08-04 00:04:39.211 26377 26654 I art     : Starting a blocking GC Explicit
08-04 00:04:39.238 26377 26654 I art     : Explicit concurrent mark sweep GC freed 2387(98KB) AllocSpace objects, 2(40KB) LOS objects, 29% free, 38MB/54MB, paused 470us total 26.877ms
08-04 00:04:39.251 26377 26654 I art     : Starting a blocking GC Explicit
08-04 00:04:39.276 26377 26654 I art     : Explicit concurrent mark sweep GC freed 118(2384B) AllocSpace objects, 0(0B) LOS objects, 29% free, 38MB/54MB, paused 441us total 24.929ms
08-04 00:04:39.288 26377 26654 I art     : Starting a blocking GC Explicit
08-04 00:04:39.314 26377 26654 I art     : Explicit concurrent mark sweep GC freed 99(1696B) AllocSpace objects, 0(0B) LOS objects, 29% free, 38MB/54MB, paused 453us total 25.689ms
08-04 00:04:39.326 26377 26654 I art     : Starting a blocking GC Explicit
08-04 00:04:39.352 26377 26654 I art     : Explicit concurrent mark sweep GC freed 146(2464B) AllocSpace objects, 0(0B) LOS objects, 29% free, 38MB/54MB, paused 463us total 25.300ms
08-04 00:04:39.364 26377 26654 I art     : Starting a blocking GC Explicit
08-04 00:04:39.390 26377 26654 I art     : Explicit concurrent mark sweep GC freed 100(1728B) AllocSpace objects, 0(0B) LOS objects, 29% free, 38MB/54MB, paused 459us total 26.278ms
08-04 00:04:39.428 27044 27044 D AndroidRuntime: >>>>>> START com.android.internal.os.RuntimeInit uid 2000 <<<<<<
08-04 00:04:39.433 27044 27044 D AndroidRuntime: CheckJNI is OFF
08-04 00:04:39.467 27044 27044 D ICU     : No timezone override file found: /data/misc/zoneinfo/current/icu/icu_tzdata.dat
08-04 00:04:39.500 27044 27044 I Radio-JNI: register_android_hardware_Radio DONE
08-04 00:04:39.522 27044 27044 D AndroidRuntime: Calling main entry com.android.commands.input.Input
08-04 00:04:39.524 27044 27044 I Input   : injectMotionEvent: MotionEvent { action=ACTION_DOWN, actionButton=0, id[0]=0, x[0]=504.0, y[0]=1706.0, toolType[0]=TOOL_TYPE_UNKNOWN, buttonState=0, metaState=0, flags=0x0, edgeFlags=0x0, pointerCount=1, historySize=0, eventTime=662695937, downTime=662695937, deviceId=0, source=0x1002 }
08-04 00:04:39.530 27044 27044 I Input   : injectMotionEvent: MotionEvent { action=ACTION_UP, actionButton=0, id[0]=0, x[0]=504.0, y[0]=1706.0, toolType[0]=TOOL_TYPE_UNKNOWN, buttonState=0, metaState=0, flags=0x0, edgeFlags=0x0, pointerCount=1, historySize=0, eventTime=662695937, downTime=662695937, deviceId=0, source=0x1002 }
08-04 00:04:39.533 27044 27044 D AndroidRuntime: Shutting down VM
08-04 00:04:39.538   512  2967 D audio_hw_primary: out_set_parameters: enter: usecase(1: low-latency-playback) kvpairs: routing=2
08-04 00:04:39.539   918   928 I ActivityManager: START u0 {cmp=baseline.io.github.project_travel_mate/.destinations.funfacts.FunFactsActivity (has extras)} from uid 10650 on display 0
08-04 00:04:39.551   512  2967 D audio_hw_primary: select_devices: out_snd_device(2: speaker) in_snd_device(0: none)
08-04 00:04:39.551   512  2967 D msm8974_platform: platform_send_audio_calibration: sending audio calibration for snd_device(2) acdb_id(15)
08-04 00:04:39.551   512  2967 I soundtrigger: audio_extn_sound_trigger_update_device_status: device 0x2 of type 0 for Event 1
08-04 00:04:39.561   512  2967 D audio_hw_primary: enable_snd_device: snd_device(2: speaker)
08-04 00:04:39.563   512  2967 D audio_hw_primary: enable_audio_route: apply and update mixer path: low-latency-playback speaker
08-04 00:04:39.564 26377 26443 D Gabe    : call	returning from cache
08-04 00:04:39.565 26377 26377 V EXECUTING: https://project-travel-mate.herokuapp.com/api/get-city-facts/1
08-04 00:04:39.689   918   936 I ActivityManager: Displayed baseline.io.github.project_travel_mate/.destinations.funfacts.FunFactsActivity: +135ms
08-04 00:04:39.689 13866 13866 I GoogleInputMethodServic: GoogleInputMethodService.onFinishInput():3138 
08-04 00:04:39.690 13866 13866 I GoogleInputMethodServic: GoogleInputMethodService.onStartInput():1808 
08-04 00:04:39.695 26377 26654 I art     : Starting a blocking GC Explicit
08-04 00:04:39.725 26377 26654 I art     : Explicit concurrent mark sweep GC freed 4478(283KB) AllocSpace objects, 2(40KB) LOS objects, 27% free, 43MB/59MB, paused 742us total 29.132ms
08-04 00:04:39.739 26377 26654 I art     : Starting a blocking GC Explicit
08-04 00:04:39.767 26377 26654 I art     : Explicit concurrent mark sweep GC freed 207(7KB) AllocSpace objects, 0(0B) LOS objects, 27% free, 42MB/58MB, paused 469us total 27.668ms
08-04 00:04:39.779 26377 26654 I art     : Starting a blocking GC Explicit
08-04 00:04:39.808 26377 26654 I art     : Explicit concurrent mark sweep GC freed 53(896B) AllocSpace objects, 0(0B) LOS objects, 27% free, 42MB/58MB, paused 619us total 28.562ms
08-04 00:04:39.821 26377 26654 I art     : Starting a blocking GC Explicit
08-04 00:04:39.850 26377 26654 I art     : Explicit concurrent mark sweep GC freed 85(1584B) AllocSpace objects, 0(0B) LOS objects, 27% free, 42MB/58MB, paused 634us total 28.898ms
08-04 00:04:39.862 26377 26654 I art     : Starting a blocking GC Explicit
08-04 00:04:39.886 26377 26654 I art     : Explicit concurrent mark sweep GC freed 219(3KB) AllocSpace objects, 0(0B) LOS objects, 27% free, 42MB/58MB, paused 527us total 24.138ms
08-04 00:04:39.933   380   380 W SurfaceFlinger: couldn't log to binary event log: overflow.
08-04 00:04:40.098   512  2967 D audio_hw_primary: disable_audio_route: reset and update mixer path: low-latency-playback speaker
08-04 00:04:40.099   512  2967 D audio_hw_primary: disable_snd_device: snd_device(2: speaker)
08-04 00:04:40.106   512  2967 I soundtrigger: audio_extn_sound_trigger_update_device_status: device 0x2 of type 0 for Event 0
08-04 00:04:40.116 26377 27074 I NAPPA_EXPERIMENTATION: MetricNetworkRequestExecutionTime: REQUEST_DURATION_SYSTEM='549',REQUEST_DURATION_OKHTTP='28',REQUEST_SYNCHRONOUS='FALSE',RESPONSE_CODE='200',RESPONSE_METHOD='GET',RESPONSE_LENGTH_OKHTTP='1793',RESPONSE_LENGTH_HEADER='1793',REQUEST_PROTOCOL='http/1.1',REQUEST_URL='https://project-travel-mate.herokuapp.com/api/get-city-facts/1',
08-04 00:04:40.117 26377 27074 V EXECUTING: https://project-travel-mate.herokuapp.com/api/get-city-images/1
08-04 00:04:40.204 26377 26654 I art     : Starting a blocking GC Explicit
08-04 00:04:40.232 26377 26654 I art     : Explicit concurrent mark sweep GC freed 5763(283KB) AllocSpace objects, 5(240KB) LOS objects, 26% free, 43MB/59MB, paused 731us total 27.461ms
08-04 00:04:40.244 26377 26654 I art     : Starting a blocking GC Explicit
08-04 00:04:40.270 26377 26654 I art     : Explicit concurrent mark sweep GC freed 978(117KB) AllocSpace objects, 0(0B) LOS objects, 26% free, 43MB/59MB, paused 496us total 26.382ms
08-04 00:04:40.283 26377 26654 I art     : Starting a blocking GC Explicit
08-04 00:04:40.309 26377 26654 I art     : Explicit concurrent mark sweep GC freed 144(2864B) AllocSpace objects, 0(0B) LOS objects, 26% free, 43MB/59MB, paused 839us total 26.468ms
08-04 00:04:40.321 26377 26654 I art     : Starting a blocking GC Explicit
08-04 00:04:40.348 26377 26654 I art     : Explicit concurrent mark sweep GC freed 150(3KB) AllocSpace objects, 0(0B) LOS objects, 26% free, 43MB/59MB, paused 666us total 26.279ms
08-04 00:04:40.360 26377 26654 I art     : Starting a blocking GC Explicit
08-04 00:04:40.386 26377 26654 I art     : Explicit concurrent mark sweep GC freed 123(2064B) AllocSpace objects, 0(0B) LOS objects, 26% free, 43MB/59MB, paused 847us total 26.124ms
08-04 00:04:40.618 26377 27091 I NAPPA_EXPERIMENTATION: MetricNetworkRequestExecutionTime: REQUEST_DURATION_SYSTEM='500',REQUEST_DURATION_OKHTTP='28',REQUEST_SYNCHRONOUS='FALSE',RESPONSE_CODE='200',RESPONSE_METHOD='GET',RESPONSE_LENGTH_OKHTTP='183',RESPONSE_LENGTH_HEADER='183',REQUEST_PROTOCOL='http/1.1',REQUEST_URL='https://project-travel-mate.herokuapp.com/api/get-city-images/1',
08-04 00:04:40.658 26377 27091 V RESPONSE: [{"id":17,"image_url":"https://upload.wikimedia.org/wikipedia/commons/9/94/%E0%B4%96%E0%B5%81%E0%B4%A4%E0%B5%8D%E0%B4%AC%E0%B5%8D_%E0%B4%AE%E0%B4%BF%E0%B4%A8%E0%B4%BE%E0%B5%BC1.jpg"}]
08-04 00:04:40.693 26377 26389 I art     : Starting a blocking GC Explicit
08-04 00:04:40.722 26377 26389 I art     : Explicit concurrent mark sweep GC freed 6389(300KB) AllocSpace objects, 5(240KB) LOS objects, 26% free, 43MB/59MB, paused 975us total 28.156ms
08-04 00:04:40.733 26377 26389 I art     : Starting a blocking GC Explicit
08-04 00:04:40.759 26377 26389 I art     : Explicit concurrent mark sweep GC freed 3006(199KB) AllocSpace objects, 0(0B) LOS objects, 26% free, 43MB/59MB, paused 510us total 25.864ms
08-04 00:04:40.771 26377 26389 I art     : Starting a blocking GC Explicit
08-04 00:04:40.797 26377 26389 I art     : Explicit concurrent mark sweep GC freed 262(7KB) AllocSpace objects, 1(4MB) LOS objects, 28% free, 39MB/55MB, paused 486us total 26.365ms
08-04 00:04:40.810 26377 26389 I art     : Starting a blocking GC Explicit
08-04 00:04:40.839 26377 26389 I art     : Explicit concurrent mark sweep GC freed 229(4KB) AllocSpace objects, 0(0B) LOS objects, 28% free, 39MB/55MB, paused 507us total 28.484ms
08-04 00:04:40.852 26377 26389 I art     : Starting a blocking GC Explicit
08-04 00:04:40.881 26377 26389 I art     : Explicit concurrent mark sweep GC freed 155(2848B) AllocSpace objects, 0(0B) LOS objects, 28% free, 39MB/55MB, paused 517us total 29.128ms
08-04 00:04:41.209 26377 26388 I art     : Starting a blocking GC Explicit
08-04 00:04:41.240 26377 26388 I art     : Explicit concurrent mark sweep GC freed 3031(109KB) AllocSpace objects, 2(40KB) LOS objects, 28% free, 39MB/55MB, paused 518us total 31.329ms
08-04 00:04:41.241 26377 26387 I art     : WaitForGcToComplete blocked for 27.889ms for cause HeapTrim
08-04 00:04:41.253 26377 26388 I art     : Starting a blocking GC Explicit
08-04 00:04:41.284 26377 26388 I art     : Explicit concurrent mark sweep GC freed 166(3KB) AllocSpace objects, 0(0B) LOS objects, 28% free, 39MB/55MB, paused 478us total 30.501ms
08-04 00:04:41.297 26377 26388 I art     : Starting a blocking GC Explicit
08-04 00:04:41.326 26377 26388 I art     : Explicit concurrent mark sweep GC freed 219(3KB) AllocSpace objects, 0(0B) LOS objects, 28% free, 39MB/55MB, paused 505us total 29.125ms
08-04 00:04:41.339 26377 26388 I art     : Starting a blocking GC Explicit
08-04 00:04:41.370 26377 26388 I art     : Explicit concurrent mark sweep GC freed 172(2896B) AllocSpace objects, 0(0B) LOS objects, 28% free, 39MB/55MB, paused 627us total 30.353ms
08-04 00:04:41.383 26377 26388 I art     : Starting a blocking GC Explicit
08-04 00:04:41.413 26377 26388 I art     : Explicit concurrent mark sweep GC freed 194(3KB) AllocSpace objects, 0(0B) LOS objects, 28% free, 39MB/55MB, paused 508us total 29.765ms
08-04 00:04:41.765 26377 26654 I art     : Starting a blocking GC Explicit
08-04 00:04:41.793 26377 26654 I art     : Explicit concurrent mark sweep GC freed 3083(110KB) AllocSpace objects, 2(40KB) LOS objects, 28% free, 39MB/55MB, paused 462us total 27.912ms
08-04 00:04:41.805 26377 26654 I art     : Starting a blocking GC Explicit
08-04 00:04:41.834 26377 26654 I art     : Explicit concurrent mark sweep GC freed 167(3KB) AllocSpace objects, 0(0B) LOS objects, 28% free, 39MB/55MB, paused 536us total 28.033ms
08-04 00:04:41.846 26377 26654 I art     : Starting a blocking GC Explicit
08-04 00:04:41.874 26377 26654 I art     : Explicit concurrent mark sweep GC freed 219(3KB) AllocSpace objects, 0(0B) LOS objects, 28% free, 39MB/55MB, paused 506us total 27.163ms
08-04 00:04:41.887 26377 26654 I art     : Starting a blocking GC Explicit
08-04 00:04:41.915 26377 26654 I art     : Explicit concurrent mark sweep GC freed 147(2496B) AllocSpace objects, 0(0B) LOS objects, 28% free, 39MB/55MB, paused 522us total 28.064ms
08-04 00:04:41.928 26377 26654 I art     : Starting a blocking GC Explicit
08-04 00:04:41.955 26377 26654 I art     : Explicit concurrent mark sweep GC freed 219(3KB) AllocSpace objects, 0(0B) LOS objects, 28% free, 39MB/55MB, paused 500us total 27.353ms
08-04 00:04:42.183 27123 27123 D AndroidRuntime: >>>>>> START com.android.internal.os.RuntimeInit uid 2000 <<<<<<
08-04 00:04:42.188 27123 27123 D AndroidRuntime: CheckJNI is OFF
08-04 00:04:42.220 27123 27123 D ICU     : No timezone override file found: /data/misc/zoneinfo/current/icu/icu_tzdata.dat
08-04 00:04:42.252 27123 27123 I Radio-JNI: register_android_hardware_Radio DONE
08-04 00:04:42.274 27123 27123 D AndroidRuntime: Calling main entry com.android.commands.input.Input
08-04 00:04:42.276 27123 27123 I Input   : injectKeyEvent: KeyEvent { action=ACTION_DOWN, keyCode=KEYCODE_BACK, scanCode=0, metaState=0, flags=0x0, repeatCount=0, eventTime=662698689, downTime=662698689, deviceId=-1, source=0x101 }
08-04 00:04:42.281 27123 27123 I Input   : injectKeyEvent: KeyEvent { action=ACTION_UP, keyCode=KEYCODE_BACK, scanCode=0, metaState=0, flags=0x0, repeatCount=0, eventTime=662698689, downTime=662698689, deviceId=-1, source=0x101 }
08-04 00:04:42.286 27123 27123 D AndroidRuntime: Shutting down VM
08-04 00:04:42.305 26377 26654 I art     : Starting a blocking GC Explicit
08-04 00:04:42.328 13866 13866 I GoogleInputMethodServic: GoogleInputMethodService.onFinishInput():3138 
08-04 00:04:42.330 13866 13866 I GoogleInputMethodServic: GoogleInputMethodService.onStartInput():1808 
08-04 00:04:42.332 26377 26654 I art     : Explicit concurrent mark sweep GC freed 3050(110KB) AllocSpace objects, 2(40KB) LOS objects, 28% free, 39MB/55MB, paused 636us total 27.113ms
08-04 00:04:42.345 26377 26654 I art     : Starting a blocking GC Explicit
08-04 00:04:42.373 26377 26654 I art     : Explicit concurrent mark sweep GC freed 300(6KB) AllocSpace objects, 0(0B) LOS objects, 28% free, 39MB/55MB, paused 804us total 27.091ms
08-04 00:04:42.386 26377 26654 I art     : Starting a blocking GC Explicit
08-04 00:04:42.412 26377 26654 I art     : Explicit concurrent mark sweep GC freed 153(2704B) AllocSpace objects, 0(0B) LOS objects, 28% free, 39MB/55MB, paused 484us total 25.523ms
08-04 00:04:42.423 26377 26654 I art     : Starting a blocking GC Explicit
08-04 00:04:42.450 26377 26654 I art     : Explicit concurrent mark sweep GC freed 148(2528B) AllocSpace objects, 0(0B) LOS objects, 28% free, 39MB/55MB, paused 504us total 25.945ms
08-04 00:04:42.463 26377 26654 I art     : Starting a blocking GC Explicit
08-04 00:04:42.495 26377 26654 I art     : Explicit concurrent mark sweep GC freed 220(3KB) AllocSpace objects, 0(0B) LOS objects, 28% free, 39MB/55MB, paused 699us total 31.716ms
08-04 00:04:42.619   380   380 W SurfaceFlinger: couldn't log to binary event log: overflow.
08-04 00:04:42.795 26377 26388 I art     : Starting a blocking GC Explicit
08-04 00:04:42.823 26377 26388 I art     : Explicit concurrent mark sweep GC freed 3367(137KB) AllocSpace objects, 4(404KB) LOS objects, 29% free, 39MB/55MB, paused 594us total 27.395ms
08-04 00:04:42.835 26377 26388 I art     : Starting a blocking GC Explicit
08-04 00:04:42.860 26377 26388 I art     : Explicit concurrent mark sweep GC freed 5533(268KB) AllocSpace objects, 1(28KB) LOS objects, 29% free, 38MB/54MB, paused 511us total 25.008ms
08-04 00:04:42.871 26377 26388 I art     : Starting a blocking GC Explicit
08-04 00:04:42.896 26377 26388 I art     : Explicit concurrent mark sweep GC freed 99(1696B) AllocSpace objects, 0(0B) LOS objects, 29% free, 38MB/54MB, paused 503us total 24.732ms
08-04 00:04:42.908 26377 26388 I art     : Starting a blocking GC Explicit
08-04 00:04:42.933 26377 26388 I art     : Explicit concurrent mark sweep GC freed 99(1696B) AllocSpace objects, 0(0B) LOS objects, 29% free, 38MB/54MB, paused 486us total 24.506ms
08-04 00:04:42.945 26377 26388 I art     : Starting a blocking GC Explicit
08-04 00:04:42.970 26377 26388 I art     : Explicit concurrent mark sweep GC freed 104(1776B) AllocSpace objects, 0(0B) LOS objects, 29% free, 38MB/54MB, paused 576us total 24.677ms
08-04 00:04:43.309 26377 26389 I art     : Starting a blocking GC Explicit
08-04 00:04:43.337 26377 26389 I art     : Explicit concurrent mark sweep GC freed 2507(101KB) AllocSpace objects, 2(40KB) LOS objects, 29% free, 38MB/54MB, paused 756us total 28.585ms
08-04 00:04:43.350 26377 26389 I art     : Starting a blocking GC Explicit
08-04 00:04:43.377 26377 26389 I art     : Explicit concurrent mark sweep GC freed 182(4KB) AllocSpace objects, 0(0B) LOS objects, 29% free, 38MB/54MB, paused 521us total 27.195ms
08-04 00:04:43.390 26377 26389 I art     : Starting a blocking GC Explicit
08-04 00:04:43.417 26377 26389 I art     : Explicit concurrent mark sweep GC freed 99(1696B) AllocSpace objects, 0(0B) LOS objects, 29% free, 38MB/54MB, paused 555us total 26.982ms
08-04 00:04:43.430 26377 26389 I art     : Starting a blocking GC Explicit
08-04 00:04:43.458 26377 26389 I art     : Explicit concurrent mark sweep GC freed 147(2496B) AllocSpace objects, 0(0B) LOS objects, 29% free, 38MB/54MB, paused 515us total 26.926ms
08-04 00:04:43.470 26377 26389 I art     : Starting a blocking GC Explicit
08-04 00:04:43.498 26377 26389 I art     : Explicit concurrent mark sweep GC freed 98(1664B) AllocSpace objects, 0(0B) LOS objects, 29% free, 38MB/54MB, paused 546us total 28.109ms
08-04 00:04:43.827 26377 26654 I art     : Starting a blocking GC Explicit
08-04 00:04:43.857 26377 26654 I art     : Explicit concurrent mark sweep GC freed 2436(99KB) AllocSpace objects, 2(40KB) LOS objects, 29% free, 38MB/54MB, paused 1.158ms total 29.349ms
08-04 00:04:43.869 26377 26654 I art     : Starting a blocking GC Explicit
08-04 00:04:43.896 26377 26654 I art     : Explicit concurrent mark sweep GC freed 166(3KB) AllocSpace objects, 0(0B) LOS objects, 29% free, 38MB/54MB, paused 500us total 26.453ms
08-04 00:04:43.908 26377 26654 I art     : Starting a blocking GC Explicit
08-04 00:04:43.935 26377 26654 I art     : Explicit concurrent mark sweep GC freed 99(1696B) AllocSpace objects, 0(0B) LOS objects, 29% free, 38MB/54MB, paused 549us total 26.613ms
08-04 00:04:43.935 27167 27167 D AndroidRuntime: >>>>>> START com.android.internal.os.RuntimeInit uid 2000 <<<<<<
08-04 00:04:43.940 27167 27167 D AndroidRuntime: CheckJNI is OFF
08-04 00:04:43.947 26377 26654 I art     : Starting a blocking GC Explicit
08-04 00:04:43.973 26377 26654 I art     : Explicit concurrent mark sweep GC freed 146(2464B) AllocSpace objects, 0(0B) LOS objects, 29% free, 38MB/54MB, paused 545us total 25.816ms
08-04 00:04:43.975 27167 27167 D ICU     : No timezone override file found: /data/misc/zoneinfo/current/icu/icu_tzdata.dat
08-04 00:04:43.985 26377 26654 I art     : Starting a blocking GC Explicit
08-04 00:04:44.010 27167 27167 I Radio-JNI: register_android_hardware_Radio DONE
08-04 00:04:44.012 26377 26654 I art     : Explicit concurrent mark sweep GC freed 100(1728B) AllocSpace objects, 0(0B) LOS objects, 29% free, 38MB/54MB, paused 529us total 26.758ms
08-04 00:04:44.033 27167 27167 D AndroidRuntime: Calling main entry com.android.commands.input.Input
08-04 00:04:44.035 27167 27167 I Input   : injectMotionEvent: MotionEvent { action=ACTION_DOWN, actionButton=0, id[0]=0, x[0]=693.0, y[0]=1450.0, toolType[0]=TOOL_TYPE_UNKNOWN, buttonState=0, metaState=0, flags=0x0, edgeFlags=0x0, pointerCount=1, historySize=0, eventTime=662700448, downTime=662700448, deviceId=0, source=0x1002 }
08-04 00:04:44.041 27167 27167 I Input   : injectMotionEvent: MotionEvent { action=ACTION_UP, actionButton=0, id[0]=0, x[0]=693.0, y[0]=1450.0, toolType[0]=TOOL_TYPE_UNKNOWN, buttonState=0, metaState=0, flags=0x0, edgeFlags=0x0, pointerCount=1, historySize=0, eventTime=662700448, downTime=662700448, deviceId=0, source=0x1002 }
08-04 00:04:44.042 27167 27167 D AndroidRuntime: Shutting down VM
08-04 00:04:44.043   918   929 I ActivityManager: START u0 {cmp=baseline.io.github.project_travel_mate/.destinations.description.CityHistoryActivity} from uid 10650 on display 0
08-04 00:04:44.044   512  2967 D audio_hw_primary: out_set_parameters: enter: usecase(1: low-latency-playback) kvpairs: routing=2
08-04 00:04:44.057   512  2967 D audio_hw_primary: select_devices: out_snd_device(2: speaker) in_snd_device(0: none)
08-04 00:04:44.057   512  2967 D msm8974_platform: platform_send_audio_calibration: sending audio calibration for snd_device(2) acdb_id(15)
08-04 00:04:44.058   512  2967 I soundtrigger: audio_extn_sound_trigger_update_device_status: device 0x2 of type 0 for Event 1
08-04 00:04:44.065 26377 26443 D Gabe    : call	returning from cache
08-04 00:04:44.067 26377 26377 V EXECUTING: https://project-travel-mate.herokuapp.com/api/get-city-information/1
08-04 00:04:44.068   512  2967 D audio_hw_primary: enable_snd_device: snd_device(2: speaker)
08-04 00:04:44.071   512  2967 D audio_hw_primary: enable_audio_route: apply and update mixer path: low-latency-playback speaker
08-04 00:04:44.196 13866 13866 I GoogleInputMethodServic: GoogleInputMethodService.onFinishInput():3138 
08-04 00:04:44.196   918   936 I ActivityManager: Displayed baseline.io.github.project_travel_mate/.destinations.description.CityHistoryActivity: +146ms
08-04 00:04:44.197 13866 13866 I GoogleInputMethodServic: GoogleInputMethodService.onStartInput():1808 
08-04 00:04:44.308 26377 26654 I art     : Starting a blocking GC Explicit
08-04 00:04:44.340 26377 26654 I art     : Explicit concurrent mark sweep GC freed 2952(153KB) AllocSpace objects, 2(40KB) LOS objects, 26% free, 43MB/59MB, paused 717us total 31.533ms
08-04 00:04:44.352 26377 26654 I art     : Starting a blocking GC Explicit
08-04 00:04:44.377 26377 26654 I art     : Explicit concurrent mark sweep GC freed 432(13KB) AllocSpace objects, 0(0B) LOS objects, 27% free, 43MB/59MB, paused 496us total 24.595ms
08-04 00:04:44.389 26377 26654 I art     : Starting a blocking GC Explicit
08-04 00:04:44.416 26377 26654 I art     : Explicit concurrent mark sweep GC freed 147(2496B) AllocSpace objects, 0(0B) LOS objects, 27% free, 43MB/59MB, paused 507us total 27.369ms
08-04 00:04:44.428 26377 26654 I art     : Starting a blocking GC Explicit
08-04 00:04:44.454   380   380 W SurfaceFlinger: couldn't log to binary event log: overflow.
08-04 00:04:44.456 26377 26654 I art     : Explicit concurrent mark sweep GC freed 189(3KB) AllocSpace objects, 0(0B) LOS objects, 27% free, 43MB/59MB, paused 598us total 27.972ms
08-04 00:04:44.470 26377 26654 I art     : Starting a blocking GC Explicit
08-04 00:04:44.495 26377 26654 I art     : Explicit concurrent mark sweep GC freed 177(3024B) AllocSpace objects, 0(0B) LOS objects, 27% free, 43MB/59MB, paused 485us total 25.054ms
08-04 00:04:44.618   512  2967 D audio_hw_primary: disable_audio_route: reset and update mixer path: low-latency-playback speaker
08-04 00:04:44.619   512  2967 D audio_hw_primary: disable_snd_device: snd_device(2: speaker)
08-04 00:04:44.623 26377 27191 I NAPPA_EXPERIMENTATION: MetricNetworkRequestExecutionTime: REQUEST_DURATION_SYSTEM='555',REQUEST_DURATION_OKHTTP='30',REQUEST_SYNCHRONOUS='FALSE',RESPONSE_CODE='200',RESPONSE_METHOD='GET',RESPONSE_LENGTH_OKHTTP='55024',RESPONSE_LENGTH_HEADER='55024',REQUEST_PROTOCOL='http/1.1',REQUEST_URL='https://project-travel-mate.herokuapp.com/api/get-city-information/1',
08-04 00:04:44.628   512  2967 I soundtrigger: audio_extn_sound_trigger_update_device_status: device 0x2 of type 0 for Event 0
08-04 00:04:44.759 13866 13866 I GoogleInputMethodServic: GoogleInputMethodService.onFinishInput():3138 
08-04 00:04:44.759 13866 13866 I GoogleInputMethodServic: GoogleInputMethodService.onStartInput():1808 
08-04 00:04:44.793 26377 26389 I art     : Starting a blocking GC Explicit
08-04 00:04:44.823 26377 26389 I art     : Explicit concurrent mark sweep GC freed 6422(1455KB) AllocSpace objects, 25(5MB) LOS objects, 28% free, 39MB/55MB, paused 542us total 29.955ms
08-04 00:04:44.836 26377 26389 I art     : Starting a blocking GC Explicit
08-04 00:04:44.864 26377 26389 I art     : Explicit concurrent mark sweep GC freed 1217(122KB) AllocSpace objects, 0(0B) LOS objects, 28% free, 39MB/55MB, paused 547us total 28.470ms
08-04 00:04:44.876 26377 26389 I art     : Starting a blocking GC Explicit
08-04 00:04:44.903 26377 26389 I art     : Explicit concurrent mark sweep GC freed 148(2528B) AllocSpace objects, 0(0B) LOS objects, 28% free, 39MB/55MB, paused 504us total 26.553ms
08-04 00:04:44.916 26377 26389 I art     : Starting a blocking GC Explicit
08-04 00:04:44.944 26377 26389 I art     : Explicit concurrent mark sweep GC freed 219(3KB) AllocSpace objects, 0(0B) LOS objects, 28% free, 39MB/55MB, paused 515us total 27.747ms
08-04 00:04:44.956 26377 26389 I art     : Starting a blocking GC Explicit
08-04 00:04:44.985 26377 26389 I art     : Explicit concurrent mark sweep GC freed 146(2464B) AllocSpace objects, 0(0B) LOS objects, 28% free, 39MB/55MB, paused 540us total 29.156ms
08-04 00:04:45.336 26377 26654 I art     : Starting a blocking GC Explicit
08-04 00:04:45.367 26377 26654 I art     : Explicit concurrent mark sweep GC freed 3084(110KB) AllocSpace objects, 2(40KB) LOS objects, 28% free, 39MB/55MB, paused 530us total 31.293ms
08-04 00:04:45.382 26377 26654 I art     : Starting a blocking GC Explicit
08-04 00:04:45.410 26377 26654 I art     : Explicit concurrent mark sweep GC freed 238(4KB) AllocSpace objects, 0(0B) LOS objects, 28% free, 39MB/55MB, paused 535us total 27.620ms
08-04 00:04:45.423 26377 26654 I art     : Starting a blocking GC Explicit
08-04 00:04:45.451 26377 26654 I art     : Explicit concurrent mark sweep GC freed 146(2464B) AllocSpace objects, 0(0B) LOS objects, 28% free, 39MB/55MB, paused 543us total 28.685ms
08-04 00:04:45.464 26377 26654 I art     : Starting a blocking GC Explicit
08-04 00:04:45.493 26377 26654 I art     : Explicit concurrent mark sweep GC freed 219(3KB) AllocSpace objects, 0(0B) LOS objects, 28% free, 39MB/55MB, paused 536us total 28.565ms
08-04 00:04:45.505 26377 26654 I art     : Starting a blocking GC Explicit
08-04 00:04:45.534 26377 26654 I art     : Explicit concurrent mark sweep GC freed 147(2496B) AllocSpace objects, 0(0B) LOS objects, 28% free, 39MB/55MB, paused 543us total 28.998ms
08-04 00:04:45.874 26377 26654 I art     : Starting a blocking GC Explicit
08-04 00:04:45.908 26377 26654 I art     : Explicit concurrent mark sweep GC freed 3037(109KB) AllocSpace objects, 2(40KB) LOS objects, 28% free, 39MB/55MB, paused 598us total 32.805ms
08-04 00:04:45.921 26377 26654 I art     : Starting a blocking GC Explicit
08-04 00:04:45.950 26377 26654 I art     : Explicit concurrent mark sweep GC freed 242(4KB) AllocSpace objects, 0(0B) LOS objects, 28% free, 39MB/55MB, paused 487us total 28.850ms
08-04 00:04:45.962 26377 26654 I art     : Starting a blocking GC Explicit
08-04 00:04:45.988 26377 26654 I art     : Explicit concurrent mark sweep GC freed 147(2496B) AllocSpace objects, 0(0B) LOS objects, 28% free, 39MB/55MB, paused 639us total 26.135ms
08-04 00:04:46.001 26377 26654 I art     : Starting a blocking GC Explicit
08-04 00:04:46.030 26377 26654 I art     : Explicit concurrent mark sweep GC freed 202(3KB) AllocSpace objects, 0(0B) LOS objects, 28% free, 39MB/55MB, paused 558us total 28.624ms
08-04 00:04:46.042 26377 26654 I art     : Starting a blocking GC Explicit
08-04 00:04:46.071 26377 26654 I art     : Explicit concurrent mark sweep GC freed 163(2752B) AllocSpace objects, 0(0B) LOS objects, 28% free, 39MB/55MB, paused 541us total 28.830ms
08-04 00:04:46.438 26377 26389 I art     : Starting a blocking GC Explicit
08-04 00:04:46.470 26377 26389 I art     : Explicit concurrent mark sweep GC freed 3168(111KB) AllocSpace objects, 2(40KB) LOS objects, 28% free, 39MB/55MB, paused 548us total 30.939ms
08-04 00:04:46.485 26377 26389 I art     : Starting a blocking GC Explicit
08-04 00:04:46.513 26377 26389 I art     : Explicit concurrent mark sweep GC freed 214(4KB) AllocSpace objects, 0(0B) LOS objects, 28% free, 39MB/55MB, paused 564us total 27.509ms
08-04 00:04:46.525 26377 26389 I art     : Starting a blocking GC Explicit
08-04 00:04:46.554 26377 26389 I art     : Explicit concurrent mark sweep GC freed 186(3KB) AllocSpace objects, 0(0B) LOS objects, 28% free, 39MB/55MB, paused 542us total 28.013ms
08-04 00:04:46.566 26377 26389 I art     : Starting a blocking GC Explicit
08-04 00:04:46.595 26377 26389 I art     : Explicit concurrent mark sweep GC freed 180(3056B) AllocSpace objects, 0(0B) LOS objects, 28% free, 39MB/55MB, paused 569us total 28.577ms
08-04 00:04:46.608 26377 26389 I art     : Starting a blocking GC Explicit
08-04 00:04:46.637 26377 26389 I art     : Explicit concurrent mark sweep GC freed 186(3KB) AllocSpace objects, 0(0B) LOS objects, 28% free, 39MB/55MB, paused 613us total 29.290ms
08-04 00:04:47.012 26377 26397 I art     : Starting a blocking GC Explicit
08-04 00:04:47.081 26377 26397 I art     : Explicit concurrent mark sweep GC freed 3370(114KB) AllocSpace objects, 2(40KB) LOS objects, 28% free, 39MB/55MB, paused 1.172ms total 67.884ms
08-04 00:04:47.104 26377 26397 I art     : Starting a blocking GC Explicit
08-04 00:04:47.141 26377 26397 I art     : Explicit concurrent mark sweep GC freed 242(4KB) AllocSpace objects, 0(0B) LOS objects, 28% free, 39MB/55MB, paused 612us total 36.806ms
08-04 00:04:47.154 26377 26397 I art     : Starting a blocking GC Explicit
08-04 00:04:47.184 26377 26397 I art     : Explicit concurrent mark sweep GC freed 217(3KB) AllocSpace objects, 0(0B) LOS objects, 28% free, 39MB/55MB, paused 496us total 29.289ms
08-04 00:04:47.197 26377 26397 I art     : Starting a blocking GC Explicit
08-04 00:04:47.227 26377 26397 I art     : Explicit concurrent mark sweep GC freed 190(3KB) AllocSpace objects, 0(0B) LOS objects, 28% free, 39MB/55MB, paused 666us total 29.802ms
08-04 00:04:47.240 26377 26397 I art     : Starting a blocking GC Explicit
08-04 00:04:47.269 26377 26397 I art     : Explicit concurrent mark sweep GC freed 177(3008B) AllocSpace objects, 0(0B) LOS objects, 28% free, 39MB/55MB, paused 532us total 28.964ms
08-04 00:04:47.663 26377 26388 I art     : Starting a blocking GC Explicit
08-04 00:04:47.695 26377 26388 I art     : Explicit concurrent mark sweep GC freed 3257(112KB) AllocSpace objects, 2(40KB) LOS objects, 28% free, 39MB/55MB, paused 619us total 31.548ms
08-04 00:04:47.709 26377 26388 I art     : Starting a blocking GC Explicit
08-04 00:04:47.739 26377 26388 I art     : Explicit concurrent mark sweep GC freed 207(3KB) AllocSpace objects, 0(0B) LOS objects, 28% free, 39MB/55MB, paused 540us total 29.964ms
08-04 00:04:47.751 26377 26388 I art     : Starting a blocking GC Explicit
08-04 00:04:47.781 26377 26388 I art     : Explicit concurrent mark sweep GC freed 179(3040B) AllocSpace objects, 0(0B) LOS objects, 28% free, 39MB/55MB, paused 560us total 28.959ms
08-04 00:04:47.793 26377 26388 I art     : Starting a blocking GC Explicit
08-04 00:04:47.823 26377 26388 I art     : Explicit concurrent mark sweep GC freed 187(3KB) AllocSpace objects, 0(0B) LOS objects, 28% free, 39MB/55MB, paused 555us total 29.624ms
08-04 00:04:47.836 26377 26388 I art     : Starting a blocking GC Explicit
08-04 00:04:47.865 26377 26388 I art     : Explicit concurrent mark sweep GC freed 207(3KB) AllocSpace objects, 0(0B) LOS objects, 28% free, 39MB/55MB, paused 587us total 29.242ms
08-04 00:04:48.231 26377 26654 I art     : Starting a blocking GC Explicit
08-04 00:04:48.263 26377 26654 I art     : Explicit concurrent mark sweep GC freed 3117(110KB) AllocSpace objects, 2(40KB) LOS objects, 28% free, 39MB/55MB, paused 581us total 31.028ms
08-04 00:04:48.275 26377 26654 I art     : Starting a blocking GC Explicit
08-04 00:04:48.303 26377 26654 I art     : Explicit concurrent mark sweep GC freed 217(3KB) AllocSpace objects, 0(0B) LOS objects, 28% free, 39MB/55MB, paused 515us total 27.447ms
08-04 00:04:48.315 26377 26654 I art     : Starting a blocking GC Explicit
08-04 00:04:48.344 26377 26654 I art     : Explicit concurrent mark sweep GC freed 179(3024B) AllocSpace objects, 0(0B) LOS objects, 28% free, 39MB/55MB, paused 574us total 28.297ms
08-04 00:04:48.356 26377 26654 I art     : Starting a blocking GC Explicit
08-04 00:04:48.384 26377 26654 I art     : Explicit concurrent mark sweep GC freed 188(3KB) AllocSpace objects, 0(0B) LOS objects, 28% free, 39MB/55MB, paused 559us total 27.660ms
08-04 00:04:48.396 26377 26654 I art     : Starting a blocking GC Explicit
08-04 00:04:48.425 26377 26654 I art     : Explicit concurrent mark sweep GC freed 147(2496B) AllocSpace objects, 0(0B) LOS objects, 28% free, 39MB/55MB, paused 538us total 28.302ms
08-04 00:04:48.701 27274 27274 D AndroidRuntime: >>>>>> START com.android.internal.os.RuntimeInit uid 2000 <<<<<<
08-04 00:04:48.706 27274 27274 D AndroidRuntime: CheckJNI is OFF
08-04 00:04:48.739 27274 27274 D ICU     : No timezone override file found: /data/misc/zoneinfo/current/icu/icu_tzdata.dat
08-04 00:04:48.753 26377 26389 I art     : Starting a blocking GC Explicit
08-04 00:04:48.772 27274 27274 I Radio-JNI: register_android_hardware_Radio DONE
08-04 00:04:48.782 26377 26389 I art     : Explicit concurrent mark sweep GC freed 2999(108KB) AllocSpace objects, 2(40KB) LOS objects, 28% free, 39MB/55MB, paused 684us total 28.653ms
08-04 00:04:48.794 26377 26389 I art     : Starting a blocking GC Explicit
08-04 00:04:48.794 27274 27274 D AndroidRuntime: Calling main entry com.android.commands.input.Input
08-04 00:04:48.796 27274 27274 I Input   : injectKeyEvent: KeyEvent { action=ACTION_DOWN, keyCode=KEYCODE_BACK, scanCode=0, metaState=0, flags=0x0, repeatCount=0, eventTime=662705209, downTime=662705209, deviceId=-1, source=0x101 }
08-04 00:04:48.802 27274 27274 I Input   : injectKeyEvent: KeyEvent { action=ACTION_UP, keyCode=KEYCODE_BACK, scanCode=0, metaState=0, flags=0x0, repeatCount=0, eventTime=662705209, downTime=662705209, deviceId=-1, source=0x101 }
08-04 00:04:48.807 27274 27274 D AndroidRuntime: Shutting down VM
08-04 00:04:48.823 26377 26389 I art     : Explicit concurrent mark sweep GC freed 221(5KB) AllocSpace objects, 0(0B) LOS objects, 28% free, 39MB/55MB, paused 619us total 28.401ms
08-04 00:04:48.836 26377 26389 I art     : Starting a blocking GC Explicit
08-04 00:04:48.852 13866 13866 I GoogleInputMethodServic: GoogleInputMethodService.onFinishInput():3138 
08-04 00:04:48.853 13866 13866 I GoogleInputMethodServic: GoogleInputMethodService.onStartInput():1808 
08-04 00:04:48.862 26377 26389 I art     : Explicit concurrent mark sweep GC freed 183(3KB) AllocSpace objects, 0(0B) LOS objects, 28% free, 39MB/55MB, paused 673us total 26.528ms
08-04 00:04:48.875 26377 26389 I art     : Starting a blocking GC Explicit
08-04 00:04:48.902 26377 26389 I art     : Explicit concurrent mark sweep GC freed 242(4KB) AllocSpace objects, 0(0B) LOS objects, 28% free, 39MB/55MB, paused 483us total 26.561ms
08-04 00:04:48.915 26377 26389 I art     : Starting a blocking GC Explicit
08-04 00:04:48.940 26377 26389 I art     : Explicit concurrent mark sweep GC freed 154(2768B) AllocSpace objects, 0(0B) LOS objects, 28% free, 39MB/55MB, paused 514us total 25.175ms
08-04 00:04:49.159   380   380 W SurfaceFlinger: couldn't log to binary event log: overflow.
08-04 00:04:49.252 26377 26397 I art     : Starting a blocking GC Explicit
08-04 00:04:49.283 26377 26397 I art     : Explicit concurrent mark sweep GC freed 2795(106KB) AllocSpace objects, 3(228KB) LOS objects, 28% free, 39MB/55MB, paused 505us total 30.125ms
08-04 00:04:49.295 26377 26397 I art     : Starting a blocking GC Explicit
08-04 00:04:49.324 26377 26397 I art     : Explicit concurrent mark sweep GC freed 4802(341KB) AllocSpace objects, 7(132KB) LOS objects, 29% free, 38MB/54MB, paused 528us total 28.178ms
08-04 00:04:49.336 26377 26397 I art     : Starting a blocking GC Explicit
08-04 00:04:49.364 26377 26397 I art     : Explicit concurrent mark sweep GC freed 147(2496B) AllocSpace objects, 0(0B) LOS objects, 29% free, 38MB/54MB, paused 555us total 27.282ms
08-04 00:04:49.376 26377 26397 I art     : Starting a blocking GC Explicit
08-04 00:04:49.405 26377 26397 I art     : Explicit concurrent mark sweep GC freed 98(1664B) AllocSpace objects, 0(0B) LOS objects, 29% free, 38MB/54MB, paused 558us total 28.020ms
08-04 00:04:49.417 26377 26397 I art     : Starting a blocking GC Explicit
08-04 00:04:49.446 26377 26397 I art     : Explicit concurrent mark sweep GC freed 147(2496B) AllocSpace objects, 0(0B) LOS objects, 29% free, 38MB/54MB, paused 536us total 28.266ms
08-04 00:04:49.780 26377 26654 I art     : Starting a blocking GC Explicit
08-04 00:04:49.811 26377 26654 I art     : Explicit concurrent mark sweep GC freed 2436(99KB) AllocSpace objects, 2(40KB) LOS objects, 29% free, 38MB/54MB, paused 498us total 30.800ms
08-04 00:04:49.825 26377 26654 I art     : Starting a blocking GC Explicit
08-04 00:04:49.853 26377 26654 I art     : Explicit concurrent mark sweep GC freed 166(3KB) AllocSpace objects, 0(0B) LOS objects, 29% free, 38MB/54MB, paused 517us total 28.545ms
08-04 00:04:49.867 26377 26654 I art     : Starting a blocking GC Explicit
08-04 00:04:49.884 24365 23406 I NetworkScheduler.Stats: Task com.google.android.apps.gcs/ started execution. cause:4 exec_start_elapsed_seconds: 1646093 [CONTEXT service_id=218 ]
08-04 00:04:49.884 25315 27319 W Gcs.WfaEliRefreshTask: [22883] afk.b: NULL eligibility response.
08-04 00:04:49.887 24365 23406 I NetworkScheduler.Stats: Task com.google.android.apps.gcs/ finished executing. cause:4 result: 3 elapsed_millis: 6 uptime_millis: 7 exec_start_elapsed_seconds: 1646093 [CONTEXT service_id=218 ]
08-04 00:04:49.891 26377 26654 I art     : Explicit concurrent mark sweep GC freed 99(1696B) AllocSpace objects, 0(0B) LOS objects, 29% free, 38MB/54MB, paused 459us total 23.821ms
08-04 00:04:49.902 26377 26654 I art     : Starting a blocking GC Explicit
08-04 00:04:49.926 26377 26654 I art     : Explicit concurrent mark sweep GC freed 99(1696B) AllocSpace objects, 0(0B) LOS objects, 29% free, 38MB/54MB, paused 580us total 24.274ms
08-04 00:04:49.938 26377 26654 I art     : Starting a blocking GC Explicit
08-04 00:04:49.963 26377 26654 I art     : Explicit concurrent mark sweep GC freed 147(2496B) AllocSpace objects, 0(0B) LOS objects, 29% free, 38MB/54MB, paused 497us total 24.524ms
08-04 00:04:50.278 26377 26389 I art     : Starting a blocking GC Explicit
08-04 00:04:50.308 26377 26389 I art     : Explicit concurrent mark sweep GC freed 2387(98KB) AllocSpace objects, 2(40KB) LOS objects, 29% free, 38MB/54MB, paused 580us total 29.922ms
08-04 00:04:50.325 26377 26389 I art     : Starting a blocking GC Explicit
08-04 00:04:50.351 26377 26389 I art     : Explicit concurrent mark sweep GC freed 166(3KB) AllocSpace objects, 0(0B) LOS objects, 29% free, 38MB/54MB, paused 530us total 26.659ms
08-04 00:04:50.364 26377 26389 I art     : Starting a blocking GC Explicit
08-04 00:04:50.390 26377 26389 I art     : Explicit concurrent mark sweep GC freed 99(1696B) AllocSpace objects, 0(0B) LOS objects, 29% free, 38MB/54MB, paused 529us total 26.209ms
08-04 00:04:50.402 26377 26389 I art     : Starting a blocking GC Explicit
08-04 00:04:50.429 26377 26389 I art     : Explicit concurrent mark sweep GC freed 134(2256B) AllocSpace objects, 0(0B) LOS objects, 29% free, 38MB/54MB, paused 612us total 26.832ms
08-04 00:04:50.441 26377 26389 I art     : Starting a blocking GC Explicit
08-04 00:04:50.462 27320 27320 D AndroidRuntime: >>>>>> START com.android.internal.os.RuntimeInit uid 2000 <<<<<<
08-04 00:04:50.467 27320 27320 D AndroidRuntime: CheckJNI is OFF
08-04 00:04:50.469 26377 26389 I art     : Explicit concurrent mark sweep GC freed 112(1936B) AllocSpace objects, 0(0B) LOS objects, 29% free, 38MB/54MB, paused 583us total 26.953ms
08-04 00:04:50.501 27320 27320 D ICU     : No timezone override file found: /data/misc/zoneinfo/current/icu/icu_tzdata.dat
08-04 00:04:50.533 27320 27320 I Radio-JNI: register_android_hardware_Radio DONE
08-04 00:04:50.555 27320 27320 D AndroidRuntime: Calling main entry com.android.commands.input.Input
08-04 00:04:50.557 27320 27320 I Input   : injectKeyEvent: KeyEvent { action=ACTION_DOWN, keyCode=KEYCODE_BACK, scanCode=0, metaState=0, flags=0x0, repeatCount=0, eventTime=662706970, downTime=662706970, deviceId=-1, source=0x101 }
08-04 00:04:50.563 27320 27320 I Input   : injectKeyEvent: KeyEvent { action=ACTION_UP, keyCode=KEYCODE_BACK, scanCode=0, metaState=0, flags=0x0, repeatCount=0, eventTime=662706970, downTime=662706970, deviceId=-1, source=0x101 }
08-04 00:04:50.568 27320 27320 D AndroidRuntime: Shutting down VM
08-04 00:04:50.578 26377 26377 V MainActivity: url = https://project-travel-mate.herokuapp.com/api/number-of-unread-notifications
08-04 00:04:50.612 13866 13866 I GoogleInputMethodServic: GoogleInputMethodService.onFinishInput():3138 
08-04 00:04:50.613 13866 13866 I GoogleInputMethodServic: GoogleInputMethodService.onStartInput():1808 
08-04 00:04:50.764 26377 26654 I art     : Starting a blocking GC Explicit
08-04 00:04:50.803 26377 26654 I art     : Explicit concurrent mark sweep GC freed 2917(123KB) AllocSpace objects, 2(40KB) LOS objects, 29% free, 38MB/54MB, paused 651us total 37.610ms
08-04 00:04:50.817 26377 26654 I art     : Starting a blocking GC Explicit
08-04 00:04:50.853 26377 26654 I art     : Explicit concurrent mark sweep GC freed 230(5KB) AllocSpace objects, 0(0B) LOS objects, 29% free, 38MB/54MB, paused 656us total 34.995ms
08-04 00:04:50.867 26377 26654 I art     : Starting a blocking GC Explicit
08-04 00:04:50.900 26377 26654 I art     : Explicit concurrent mark sweep GC freed 147(2496B) AllocSpace objects, 0(0B) LOS objects, 29% free, 38MB/54MB, paused 612us total 32.078ms
08-04 00:04:50.911   380   380 W SurfaceFlinger: couldn't log to binary event log: overflow.
08-04 00:04:50.913 26377 26654 I art     : Starting a blocking GC Explicit
08-04 00:04:50.939 26377 26654 I art     : Explicit concurrent mark sweep GC freed 92(1904B) AllocSpace objects, 0(0B) LOS objects, 29% free, 38MB/54MB, paused 590us total 26.451ms
08-04 00:04:50.951 26377 26654 I art     : Starting a blocking GC Explicit
08-04 00:04:50.978 26377 26654 I art     : Explicit concurrent mark sweep GC freed 165(7KB) AllocSpace objects, 0(0B) LOS objects, 29% free, 38MB/54MB, paused 742us total 26.779ms
08-04 00:04:51.184 26377 27343 I NAPPA_EXPERIMENTATION: MetricNetworkRequestExecutionTime: REQUEST_DURATION_SYSTEM='604',REQUEST_DURATION_OKHTTP='30',REQUEST_SYNCHRONOUS='FALSE',RESPONSE_CODE='200',RESPONSE_METHOD='GET',RESPONSE_LENGTH_OKHTTP='36',RESPONSE_LENGTH_HEADER='36',REQUEST_PROTOCOL='http/1.1',REQUEST_URL='https://project-travel-mate.herokuapp.com/api/number-of-unread-notifications',
08-04 00:04:51.308 26377 26397 I art     : Starting a blocking GC Explicit
08-04 00:04:51.341 26377 26397 I art     : Explicit concurrent mark sweep GC freed 4791(241KB) AllocSpace objects, 5(240KB) LOS objects, 29% free, 39MB/55MB, paused 689us total 32.930ms
08-04 00:04:51.355 26377 26397 I art     : Starting a blocking GC Explicit
08-04 00:04:51.383 26377 26397 I art     : Explicit concurrent mark sweep GC freed 1028(118KB) AllocSpace objects, 0(0B) LOS objects, 29% free, 39MB/55MB, paused 664us total 28.408ms
08-04 00:04:51.396 26377 26397 I art     : Starting a blocking GC Explicit
08-04 00:04:51.425 26377 26397 I art     : Explicit concurrent mark sweep GC freed 51(896B) AllocSpace objects, 0(0B) LOS objects, 29% free, 39MB/55MB, paused 555us total 28.765ms
08-04 00:04:51.437 26377 26397 I art     : Starting a blocking GC Explicit
08-04 00:04:51.467 26377 26397 I art     : Explicit concurrent mark sweep GC freed 75(1296B) AllocSpace objects, 0(0B) LOS objects, 29% free, 39MB/55MB, paused 674us total 29.724ms
08-04 00:04:51.480 26377 26397 I art     : Starting a blocking GC Explicit
08-04 00:04:51.509 26377 26397 I art     : Explicit concurrent mark sweep GC freed 51(896B) AllocSpace objects, 0(0B) LOS objects, 29% free, 39MB/55MB, paused 585us total 28.808ms
08-04 00:04:51.509 26377 26387 I art     : WaitForGcToComplete blocked for 29.044ms for cause HeapTrim
08-04 00:04:51.836 26377 26388 I art     : Starting a blocking GC Explicit
08-04 00:04:51.864 26377 26388 I art     : Explicit concurrent mark sweep GC freed 1954(91KB) AllocSpace objects, 2(40KB) LOS objects, 29% free, 39MB/55MB, paused 605us total 28.235ms
08-04 00:04:51.877 26377 26388 I art     : Starting a blocking GC Explicit
08-04 00:04:51.905 26377 26388 I art     : Explicit concurrent mark sweep GC freed 71(1616B) AllocSpace objects, 0(0B) LOS objects, 29% free, 39MB/55MB, paused 609us total 28.553ms
08-04 00:04:51.918 26377 26388 I art     : Starting a blocking GC Explicit
08-04 00:04:51.945 26377 26388 I art     : Explicit concurrent mark sweep GC freed 51(896B) AllocSpace objects, 0(0B) LOS objects, 29% free, 39MB/55MB, paused 572us total 27.529ms
08-04 00:04:51.958 26377 26388 I art     : Starting a blocking GC Explicit
08-04 00:04:51.986 26377 26388 I art     : Explicit concurrent mark sweep GC freed 75(1296B) AllocSpace objects, 0(0B) LOS objects, 29% free, 39MB/55MB, paused 598us total 27.617ms
08-04 00:04:51.998 26377 26388 I art     : Starting a blocking GC Explicit
08-04 00:04:52.028 26377 26388 I art     : Explicit concurrent mark sweep GC freed 51(896B) AllocSpace objects, 0(0B) LOS objects, 29% free, 39MB/55MB, paused 900us total 29.297ms
08-04 00:04:52.219 27376 27376 D AndroidRuntime: >>>>>> START com.android.internal.os.RuntimeInit uid 2000 <<<<<<
08-04 00:04:52.225 27376 27376 D AndroidRuntime: CheckJNI is OFF
08-04 00:04:52.258 27376 27376 D ICU     : No timezone override file found: /data/misc/zoneinfo/current/icu/icu_tzdata.dat
08-04 00:04:52.290 27376 27376 I Radio-JNI: register_android_hardware_Radio DONE
08-04 00:04:52.311 27376 27376 D AndroidRuntime: Calling main entry com.android.commands.input.Input
08-04 00:04:52.312 27376 27376 I Input   : injectMotionEvent: MotionEvent { action=ACTION_DOWN, actionButton=0, id[0]=0, x[0]=346.0, y[0]=709.0, toolType[0]=TOOL_TYPE_UNKNOWN, buttonState=0, metaState=0, flags=0x0, edgeFlags=0x0, pointerCount=1, historySize=0, eventTime=662708725, downTime=662708725, deviceId=0, source=0x1002 }
08-04 00:04:52.317 27376 27376 I Input   : injectMotionEvent: MotionEvent { action=ACTION_UP, actionButton=0, id[0]=0, x[0]=346.0, y[0]=709.0, toolType[0]=TOOL_TYPE_UNKNOWN, buttonState=0, metaState=0, flags=0x0, edgeFlags=0x0, pointerCount=1, historySize=0, eventTime=662708725, downTime=662708725, deviceId=0, source=0x1002 }
08-04 00:04:52.324   918  3961 I ActivityManager: START u0 {cmp=baseline.io.github.project_travel_mate/.destinations.description.FinalCityInfoActivity (has extras)} from uid 10650 on display 0
08-04 00:04:52.330 27376 27376 D AndroidRuntime: Shutting down VM
08-04 00:04:52.358 26377 26443 D Gabe    : call	returning from cache
08-04 00:04:52.364 26377 26389 I art     : Starting a blocking GC Explicit
08-04 00:04:52.381 26377 26377 V EXECUTING: https://project-travel-mate.herokuapp.com/api/get-city-weather/1
08-04 00:04:52.394 26377 26389 I art     : Explicit concurrent mark sweep GC freed 6301(409KB) AllocSpace objects, 2(40KB) LOS objects, 28% free, 39MB/55MB, paused 1.361ms total 29.649ms
08-04 00:04:52.406 26377 26389 I art     : Starting a blocking GC Explicit
08-04 00:04:52.432 26377 26389 I art     : Explicit concurrent mark sweep GC freed 492(25KB) AllocSpace objects, 0(0B) LOS objects, 28% free, 39MB/55MB, paused 624us total 26.517ms
08-04 00:04:52.444 26377 26389 I art     : Starting a blocking GC Explicit
08-04 00:04:52.478 26377 26389 I art     : Explicit concurrent mark sweep GC freed 697(26KB) AllocSpace objects, 0(0B) LOS objects, 26% free, 43MB/59MB, paused 1.011ms total 33.234ms
08-04 00:04:52.490 26377 26389 I art     : Starting a blocking GC Explicit
08-04 00:04:52.519 26377 26389 I art     : Explicit concurrent mark sweep GC freed 34(1792B) AllocSpace objects, 0(0B) LOS objects, 26% free, 43MB/59MB, paused 840us total 28.179ms
08-04 00:04:52.522   918   936 I ActivityManager: Displayed baseline.io.github.project_travel_mate/.destinations.description.FinalCityInfoActivity: +191ms
08-04 00:04:52.523 13866 13866 I GoogleInputMethodServic: GoogleInputMethodService.onFinishInput():3138 
08-04 00:04:52.524 13866 13866 I GoogleInputMethodServic: GoogleInputMethodService.onStartInput():1808 
08-04 00:04:52.531 26377 26389 I art     : Starting a blocking GC Explicit
08-04 00:04:52.563 26377 26389 I art     : Explicit concurrent mark sweep GC freed 146(3KB) AllocSpace objects, 0(0B) LOS objects, 26% free, 43MB/59MB, paused 869us total 31.435ms
08-04 00:04:52.780   380   380 W SurfaceFlinger: couldn't log to binary event log: overflow.
08-04 00:04:52.877   918  3261 D WifiStateMachine: starting scan for "H369AA63323"WPA_PSK with 2412,5180
08-04 00:04:52.898 26377 26388 I art     : Starting a blocking GC Explicit
08-04 00:04:52.939 26377 26388 I art     : Explicit concurrent mark sweep GC freed 6828(304KB) AllocSpace objects, 5(240KB) LOS objects, 26% free, 43MB/59MB, paused 1.263ms total 41.056ms
08-04 00:04:52.953 26377 26388 I art     : Starting a blocking GC Explicit
08-04 00:04:52.969 26377 27401 I NAPPA_EXPERIMENTATION: MetricNetworkRequestExecutionTime: REQUEST_DURATION_SYSTEM='587',REQUEST_DURATION_OKHTTP='33',REQUEST_SYNCHRONOUS='FALSE',RESPONSE_CODE='200',RESPONSE_METHOD='GET',RESPONSE_LENGTH_OKHTTP='530',RESPONSE_LENGTH_HEADER='530',REQUEST_PROTOCOL='http/1.1',REQUEST_URL='https://project-travel-mate.herokuapp.com/api/get-city/1',
08-04 00:04:52.983 26377 26388 I art     : Explicit concurrent mark sweep GC freed 1226(133KB) AllocSpace objects, 0(0B) LOS objects, 26% free, 43MB/59MB, paused 856us total 29.711ms
08-04 00:04:52.987 26377 27400 I NAPPA_EXPERIMENTATION: MetricNetworkRequestExecutionTime: REQUEST_DURATION_SYSTEM='606',REQUEST_DURATION_OKHTTP='48',REQUEST_SYNCHRONOUS='FALSE',RESPONSE_CODE='200',RESPONSE_METHOD='GET',RESPONSE_LENGTH_OKHTTP='238',RESPONSE_LENGTH_HEADER='238',REQUEST_PROTOCOL='http/1.1',REQUEST_URL='https://project-travel-mate.herokuapp.com/api/get-city-weather/1',
08-04 00:04:52.996 26377 26388 I art     : Starting a blocking GC Explicit
08-04 00:04:53.009 26377 27401 V Response: {"id":1,"city_name":"Delhi","description":"Delhi, officially the National Capital Territory of Delhi, is the Capital territory of India. During the British Raj, Delhi was part of the province of Punjab and is still historically and culturally connected to the Punjab region.","latitude":"28.613900","longitude":"77.209000","facts_count":6,"images":["https://upload.wikimedia.org/wikipedia/commons/9/94/%E0%B4%96%E0%B5%81%E0%B4%A4%E0%B5%8D%E0%B4%AC%E0%B5%8D_%E0%B4%AE%E0%B4%BF%E0%B4%A8%E0%B4%BE%E0%B5%BC1.jpg"],"has_visited":false}
08-04 00:04:53.028 26377 26388 I art     : Explicit concurrent mark sweep GC freed 461(27KB) AllocSpace objects, 0(0B) LOS objects, 26% free, 43MB/59MB, paused 873us total 31.762ms
08-04 00:04:53.040 26377 26388 I art     : Starting a blocking GC Explicit
08-04 00:04:53.070 26377 26388 I art     : Explicit concurrent mark sweep GC freed 165(6KB) AllocSpace objects, 0(0B) LOS objects, 26% free, 43MB/59MB, paused 867us total 29.767ms
08-04 00:04:53.082 26377 26388 I art     : Starting a blocking GC Explicit
08-04 00:04:53.111 26377 26388 I art     : Explicit concurrent mark sweep GC freed 1692(92KB) AllocSpace objects, 0(0B) LOS objects, 26% free, 44MB/60MB, paused 597us total 28.508ms
08-04 00:04:53.438 26377 26397 I art     : Starting a blocking GC Explicit
08-04 00:04:53.470 26377 26397 I art     : Explicit concurrent mark sweep GC freed 2517(102KB) AllocSpace objects, 3(4MB) LOS objects, 28% free, 39MB/55MB, paused 643us total 32.493ms
08-04 00:04:53.483 26377 26397 I art     : Starting a blocking GC Explicit
08-04 00:04:53.515 26377 26397 I art     : Explicit concurrent mark sweep GC freed 136(2672B) AllocSpace objects, 0(0B) LOS objects, 28% free, 39MB/55MB, paused 803us total 31.613ms
08-04 00:04:53.528 26377 26397 I art     : Starting a blocking GC Explicit
08-04 00:04:53.560 26377 26397 I art     : Explicit concurrent mark sweep GC freed 129(2208B) AllocSpace objects, 0(0B) LOS objects, 28% free, 39MB/55MB, paused 642us total 31.962ms
08-04 00:04:53.573 26377 26397 I art     : Starting a blocking GC Explicit
08-04 00:04:53.605 26377 26397 I art     : Explicit concurrent mark sweep GC freed 170(3KB) AllocSpace objects, 0(0B) LOS objects, 28% free, 39MB/55MB, paused 584us total 31.936ms
08-04 00:04:53.619 26377 26397 I art     : Starting a blocking GC Explicit
08-04 00:04:53.651 26377 26397 I art     : Explicit concurrent mark sweep GC freed 157(3040B) AllocSpace objects, 0(0B) LOS objects, 28% free, 39MB/55MB, paused 573us total 31.623ms
08-04 00:04:53.989 26377 26388 I art     : Starting a blocking GC Explicit
08-04 00:04:54.022 26377 26388 I art     : Explicit concurrent mark sweep GC freed 2483(100KB) AllocSpace objects, 2(40KB) LOS objects, 28% free, 39MB/55MB, paused 676us total 32.492ms
08-04 00:04:54.035 26377 26388 I art     : Starting a blocking GC Explicit
08-04 00:04:54.067 26377 26388 I art     : Explicit concurrent mark sweep GC freed 165(3KB) AllocSpace objects, 0(0B) LOS objects, 28% free, 39MB/55MB, paused 798us total 31.827ms
08-04 00:04:54.080 26377 26388 I art     : Starting a blocking GC Explicit
08-04 00:04:54.113 26377 26388 I art     : Explicit concurrent mark sweep GC freed 101(1760B) AllocSpace objects, 0(0B) LOS objects, 28% free, 39MB/55MB, paused 638us total 32.387ms
08-04 00:04:54.126 26377 26388 I art     : Starting a blocking GC Explicit
08-04 00:04:54.158 26377 26388 I art     : Explicit concurrent mark sweep GC freed 147(2496B) AllocSpace objects, 0(0B) LOS objects, 28% free, 39MB/55MB, paused 638us total 32.248ms
08-04 00:04:54.171 26377 26388 I art     : Starting a blocking GC Explicit
08-04 00:04:54.203 26377 26388 I art     : Explicit concurrent mark sweep GC freed 147(2496B) AllocSpace objects, 0(0B) LOS objects, 28% free, 39MB/55MB, paused 626us total 31.323ms
08-04 00:04:54.569 26377 26389 I art     : Starting a blocking GC Explicit
08-04 00:04:54.604 26377 26389 I art     : Explicit concurrent mark sweep GC freed 2579(101KB) AllocSpace objects, 2(40KB) LOS objects, 28% free, 39MB/55MB, paused 645us total 34.463ms
08-04 00:04:54.620 26377 26389 I art     : Starting a blocking GC Explicit
08-04 00:04:54.651 26377 26389 I art     : Explicit concurrent mark sweep GC freed 132(2608B) AllocSpace objects, 0(0B) LOS objects, 28% free, 39MB/55MB, paused 778us total 30.708ms
08-04 00:04:54.663 26377 26389 I art     : Starting a blocking GC Explicit
08-04 00:04:54.694 26377 26389 I art     : Explicit concurrent mark sweep GC freed 133(2272B) AllocSpace objects, 0(0B) LOS objects, 28% free, 39MB/55MB, paused 617us total 30.667ms
08-04 00:04:54.707 26377 26389 I art     : Starting a blocking GC Explicit
08-04 00:04:54.737 26377 26389 I art     : Explicit concurrent mark sweep GC freed 147(2496B) AllocSpace objects, 0(0B) LOS objects, 28% free, 39MB/55MB, paused 774us total 30.655ms
08-04 00:04:54.750 26377 26389 I art     : Starting a blocking GC Explicit
08-04 00:04:54.782 26377 26389 I art     : Explicit concurrent mark sweep GC freed 99(1696B) AllocSpace objects, 0(0B) LOS objects, 28% free, 39MB/55MB, paused 621us total 31.405ms
08-04 00:04:55.123 26377 26654 I art     : Starting a blocking GC Explicit
08-04 00:04:55.157 26377 26654 I art     : Explicit concurrent mark sweep GC freed 2531(101KB) AllocSpace objects, 2(40KB) LOS objects, 28% free, 39MB/55MB, paused 780us total 34.004ms
08-04 00:04:55.170 26377 26654 I art     : Starting a blocking GC Explicit
08-04 00:04:55.201 26377 26654 I art     : Explicit concurrent mark sweep GC freed 158(3024B) AllocSpace objects, 0(0B) LOS objects, 28% free, 39MB/55MB, paused 715us total 31.015ms
08-04 00:04:55.214 26377 26654 I art     : Starting a blocking GC Explicit
08-04 00:04:55.246 26377 26654 I art     : Explicit concurrent mark sweep GC freed 119(2512B) AllocSpace objects, 0(0B) LOS objects, 28% free, 39MB/55MB, paused 632us total 31.669ms
08-04 00:04:55.259 26377 26654 I art     : Starting a blocking GC Explicit
08-04 00:04:55.290 26377 26654 I art     : Explicit concurrent mark sweep GC freed 157(3040B) AllocSpace objects, 0(0B) LOS objects, 28% free, 39MB/55MB, paused 621us total 30.790ms
08-04 00:04:55.302 26377 26654 I art     : Starting a blocking GC Explicit
08-04 00:04:55.334 26377 26654 I art     : Explicit concurrent mark sweep GC freed 119(2016B) AllocSpace objects, 0(0B) LOS objects, 28% free, 39MB/55MB, paused 808us total 31.371ms
08-04 00:04:55.701 26377 26397 I art     : Starting a blocking GC Explicit
08-04 00:04:55.736 26377 26397 I art     : Explicit concurrent mark sweep GC freed 2592(102KB) AllocSpace objects, 2(40KB) LOS objects, 28% free, 39MB/55MB, paused 877us total 34.499ms
08-04 00:04:55.750 26377 26397 I art     : Starting a blocking GC Explicit
08-04 00:04:55.781 26377 26397 I art     : Explicit concurrent mark sweep GC freed 134(2656B) AllocSpace objects, 0(0B) LOS objects, 28% free, 39MB/55MB, paused 641us total 30.040ms
08-04 00:04:55.793 26377 26397 I art     : Starting a blocking GC Explicit
08-04 00:04:55.824 26377 26397 I art     : Explicit concurrent mark sweep GC freed 147(2496B) AllocSpace objects, 0(0B) LOS objects, 28% free, 39MB/55MB, paused 632us total 30.477ms
08-04 00:04:55.836 26377 26397 I art     : Starting a blocking GC Explicit
08-04 00:04:55.868 26377 26397 I art     : Explicit concurrent mark sweep GC freed 116(1968B) AllocSpace objects, 0(0B) LOS objects, 28% free, 39MB/55MB, paused 816us total 31.448ms
08-04 00:04:55.881 26377 26397 I art     : Starting a blocking GC Explicit
08-04 00:04:55.912 26377 26397 I art     : Explicit concurrent mark sweep GC freed 130(2224B) AllocSpace objects, 0(0B) LOS objects, 28% free, 39MB/55MB, paused 630us total 30.980ms
08-04 00:04:56.293 26377 26388 I art     : Starting a blocking GC Explicit
08-04 00:04:56.328 26377 26388 I art     : Explicit concurrent mark sweep GC freed 2627(102KB) AllocSpace objects, 2(40KB) LOS objects, 28% free, 39MB/55MB, paused 726us total 34.631ms
08-04 00:04:56.344 26377 26388 I art     : Starting a blocking GC Explicit
08-04 00:04:56.375 26377 26388 I art     : Explicit concurrent mark sweep GC freed 166(3KB) AllocSpace objects, 0(0B) LOS objects, 28% free, 39MB/55MB, paused 633us total 30.384ms
08-04 00:04:56.387 26377 26388 I art     : Starting a blocking GC Explicit
08-04 00:04:56.418 26377 26388 I art     : Explicit concurrent mark sweep GC freed 105(1792B) AllocSpace objects, 0(0B) LOS objects, 28% free, 39MB/55MB, paused 801us total 30.492ms
08-04 00:04:56.431 26377 26388 I art     : Starting a blocking GC Explicit
08-04 00:04:56.462 26377 26388 I art     : Explicit concurrent mark sweep GC freed 141(2400B) AllocSpace objects, 0(0B) LOS objects, 28% free, 39MB/55MB, paused 624us total 31.112ms
08-04 00:04:56.475 26377 26388 I art     : Starting a blocking GC Explicit
08-04 00:04:56.505 26377 26388 I art     : Explicit concurrent mark sweep GC freed 147(2496B) AllocSpace objects, 0(0B) LOS objects, 28% free, 39MB/55MB, paused 627us total 30.410ms
08-04 00:04:56.815 26377 26654 I art     : Starting a blocking GC Explicit
08-04 00:04:56.848 26377 26654 I art     : Explicit concurrent mark sweep GC freed 2410(99KB) AllocSpace objects, 2(40KB) LOS objects, 28% free, 39MB/55MB, paused 685us total 32.532ms
08-04 00:04:56.862 26377 26654 I art     : Starting a blocking GC Explicit
08-04 00:04:56.893 26377 26654 I art     : Explicit concurrent mark sweep GC freed 176(3KB) AllocSpace objects, 0(0B) LOS objects, 28% free, 39MB/55MB, paused 614us total 30.807ms
08-04 00:04:56.893 26377 26387 I art     : WaitForGcToComplete blocked for 27.806ms for cause HeapTrim
08-04 00:04:56.905 26377 26654 I art     : Starting a blocking GC Explicit
08-04 00:04:56.936 26377 26654 I art     : Explicit concurrent mark sweep GC freed 112(1904B) AllocSpace objects, 0(0B) LOS objects, 28% free, 39MB/55MB, paused 788us total 30.179ms
08-04 00:04:56.948 26377 26654 I art     : Starting a blocking GC Explicit
08-04 00:04:56.979 26377 26654 I art     : Explicit concurrent mark sweep GC freed 134(2288B) AllocSpace objects, 0(0B) LOS objects, 28% free, 39MB/55MB, paused 651us total 30.175ms
08-04 00:04:56.991 26377 26654 I art     : Starting a blocking GC Explicit
08-04 00:04:57.015 27474 27474 D AndroidRuntime: >>>>>> START com.android.internal.os.RuntimeInit uid 2000 <<<<<<
08-04 00:04:57.020 27474 27474 D AndroidRuntime: CheckJNI is OFF
08-04 00:04:57.022 26377 26654 I art     : Explicit concurrent mark sweep GC freed 147(2496B) AllocSpace objects, 0(0B) LOS objects, 28% free, 39MB/55MB, paused 700us total 30.706ms
08-04 00:04:57.054 27474 27474 D ICU     : No timezone override file found: /data/misc/zoneinfo/current/icu/icu_tzdata.dat
08-04 00:04:57.086 27474 27474 I Radio-JNI: register_android_hardware_Radio DONE
08-04 00:04:57.108 27474 27474 D AndroidRuntime: Calling main entry com.android.commands.input.Input
08-04 00:04:57.110 27474 27474 I Input   : injectMotionEvent: MotionEvent { action=ACTION_DOWN, actionButton=0, id[0]=0, x[0]=693.0, y[0]=1450.0, toolType[0]=TOOL_TYPE_UNKNOWN, buttonState=0, metaState=0, flags=0x0, edgeFlags=0x0, pointerCount=1, historySize=0, eventTime=662713523, downTime=662713523, deviceId=0, source=0x1002 }
08-04 00:04:57.116 27474 27474 I Input   : injectMotionEvent: MotionEvent { action=ACTION_UP, actionButton=0, id[0]=0, x[0]=693.0, y[0]=1450.0, toolType[0]=TOOL_TYPE_UNKNOWN, buttonState=0, metaState=0, flags=0x0, edgeFlags=0x0, pointerCount=1, historySize=0, eventTime=662713523, downTime=662713523, deviceId=0, source=0x1002 }
08-04 00:04:57.119 27474 27474 D AndroidRuntime: Shutting down VM
08-04 00:04:57.120   918  5481 I ActivityManager: START u0 {cmp=baseline.io.github.project_travel_mate/.destinations.description.CityHistoryActivity} from uid 10650 on display 0
08-04 00:04:57.122   512  2967 D audio_hw_primary: out_set_parameters: enter: usecase(1: low-latency-playback) kvpairs: routing=2
08-04 00:04:57.135   512  2967 D audio_hw_primary: select_devices: out_snd_device(2: speaker) in_snd_device(0: none)
08-04 00:04:57.135   512  2967 D msm8974_platform: platform_send_audio_calibration: sending audio calibration for snd_device(2) acdb_id(15)
08-04 00:04:57.135   512  2967 I soundtrigger: audio_extn_sound_trigger_update_device_status: device 0x2 of type 0 for Event 1
08-04 00:04:57.145   512  2967 D audio_hw_primary: enable_snd_device: snd_device(2: speaker)
08-04 00:04:57.146 26377 26443 D Gabe    : call	returning from cache
08-04 00:04:57.147 26377 26377 V EXECUTING: https://project-travel-mate.herokuapp.com/api/get-city-information/1
08-04 00:04:57.148   512  2967 D audio_hw_primary: enable_audio_route: apply and update mixer path: low-latency-playback speaker
08-04 00:04:57.274 13866 13866 I GoogleInputMethodServic: GoogleInputMethodService.onFinishInput():3138 
08-04 00:04:57.275 13866 13866 I GoogleInputMethodServic: GoogleInputMethodService.onStartInput():1808 
08-04 00:04:57.276   918   936 I ActivityManager: Displayed baseline.io.github.project_travel_mate/.destinations.description.CityHistoryActivity: +147ms
08-04 00:04:57.325 26377 26388 I art     : Starting a blocking GC Explicit
08-04 00:04:57.357 26377 26388 I art     : Explicit concurrent mark sweep GC freed 3078(154KB) AllocSpace objects, 2(40KB) LOS objects, 26% free, 44MB/60MB, paused 846us total 31.251ms
08-04 00:04:57.370 26377 26388 I art     : Starting a blocking GC Explicit
08-04 00:04:57.399 26377 26388 I art     : Explicit concurrent mark sweep GC freed 439(13KB) AllocSpace objects, 0(0B) LOS objects, 26% free, 44MB/60MB, paused 654us total 28.709ms
08-04 00:04:57.411 26377 26388 I art     : Starting a blocking GC Explicit
08-04 00:04:57.440 26377 26388 I art     : Explicit concurrent mark sweep GC freed 219(3KB) AllocSpace objects, 0(0B) LOS objects, 26% free, 44MB/60MB, paused 619us total 29.063ms
08-04 00:04:57.453 26377 26388 I art     : Starting a blocking GC Explicit
08-04 00:04:57.489 26377 26388 I art     : Explicit concurrent mark sweep GC freed 218(3KB) AllocSpace objects, 0(0B) LOS objects, 26% free, 44MB/60MB, paused 734us total 35.207ms
08-04 00:04:57.503 26377 26388 I art     : Starting a blocking GC Explicit
08-04 00:04:57.535   380   380 W SurfaceFlinger: couldn't log to binary event log: overflow.
08-04 00:04:57.542 26377 26388 I art     : Explicit concurrent mark sweep GC freed 220(3KB) AllocSpace objects, 0(0B) LOS objects, 26% free, 44MB/60MB, paused 624us total 38.536ms
08-04 00:04:57.691   512  2967 D audio_hw_primary: disable_audio_route: reset and update mixer path: low-latency-playback speaker
08-04 00:04:57.692   512  2967 D audio_hw_primary: disable_snd_device: snd_device(2: speaker)
08-04 00:04:57.699   512  2967 I soundtrigger: audio_extn_sound_trigger_update_device_status: device 0x2 of type 0 for Event 0
08-04 00:04:57.744 26377 27499 I NAPPA_EXPERIMENTATION: MetricNetworkRequestExecutionTime: REQUEST_DURATION_SYSTEM='596',REQUEST_DURATION_OKHTTP='35',REQUEST_SYNCHRONOUS='FALSE',RESPONSE_CODE='200',RESPONSE_METHOD='GET',RESPONSE_LENGTH_OKHTTP='55024',RESPONSE_LENGTH_HEADER='55024',REQUEST_PROTOCOL='http/1.1',REQUEST_URL='https://project-travel-mate.herokuapp.com/api/get-city-information/1',
08-04 00:04:57.860 13866 13866 I GoogleInputMethodServic: GoogleInputMethodService.onFinishInput():3138 
08-04 00:04:57.860 13866 13866 I GoogleInputMethodServic: GoogleInputMethodService.onStartInput():1808 
08-04 00:04:57.867 26377 26389 I art     : Starting a blocking GC Explicit
08-04 00:04:57.899 26377 26389 I art     : Explicit concurrent mark sweep GC freed 6561(1457KB) AllocSpace objects, 25(5MB) LOS objects, 28% free, 40MB/56MB, paused 595us total 32.037ms
08-04 00:04:57.911 26377 26389 I art     : Starting a blocking GC Explicit
08-04 00:04:57.941 26377 26389 I art     : Explicit concurrent mark sweep GC freed 1215(122KB) AllocSpace objects, 0(0B) LOS objects, 28% free, 40MB/56MB, paused 626us total 29.927ms
08-04 00:04:57.954 26377 26389 I art     : Starting a blocking GC Explicit
08-04 00:04:57.984 26377 26389 I art     : Explicit concurrent mark sweep GC freed 147(2496B) AllocSpace objects, 0(0B) LOS objects, 28% free, 40MB/56MB, paused 631us total 29.942ms
08-04 00:04:57.997 26377 26389 I art     : Starting a blocking GC Explicit
08-04 00:04:58.028 26377 26389 I art     : Explicit concurrent mark sweep GC freed 219(3KB) AllocSpace objects, 0(0B) LOS objects, 28% free, 40MB/56MB, paused 651us total 30.498ms
08-04 00:04:58.041 26377 26389 I art     : Starting a blocking GC Explicit
08-04 00:04:58.071 26377 26389 I art     : Explicit concurrent mark sweep GC freed 218(3KB) AllocSpace objects, 0(0B) LOS objects, 28% free, 40MB/56MB, paused 678us total 30.690ms
08-04 00:04:58.412 26377 26388 I art     : Starting a blocking GC Explicit
08-04 00:04:58.447 26377 26388 I art     : Explicit concurrent mark sweep GC freed 3024(109KB) AllocSpace objects, 2(40KB) LOS objects, 28% free, 40MB/56MB, paused 664us total 34.753ms
08-04 00:04:58.459 26377 26388 I art     : Starting a blocking GC Explicit
08-04 00:04:58.492 26377 26388 I art     : Explicit concurrent mark sweep GC freed 254(5KB) AllocSpace objects, 0(0B) LOS objects, 28% free, 40MB/56MB, paused 654us total 32.464ms
08-04 00:04:58.505 26377 26388 I art     : Starting a blocking GC Explicit
08-04 00:04:58.538 26377 26388 I art     : Explicit concurrent mark sweep GC freed 196(3KB) AllocSpace objects, 0(0B) LOS objects, 28% free, 40MB/56MB, paused 797us total 33.369ms
08-04 00:04:58.551 26377 26388 I art     : Starting a blocking GC Explicit
08-04 00:04:58.585 26377 26388 I art     : Explicit concurrent mark sweep GC freed 170(2896B) AllocSpace objects, 0(0B) LOS objects, 28% free, 40MB/56MB, paused 651us total 33.132ms
08-04 00:04:58.598 26377 26388 I art     : Starting a blocking GC Explicit
08-04 00:04:58.631 26377 26388 I art     : Explicit concurrent mark sweep GC freed 220(3KB) AllocSpace objects, 0(0B) LOS objects, 28% free, 40MB/56MB, paused 662us total 33.446ms
08-04 00:04:58.994 26377 26397 I art     : Starting a blocking GC Explicit
08-04 00:04:59.029 26377 26397 I art     : Explicit concurrent mark sweep GC freed 3185(112KB) AllocSpace objects, 2(40KB) LOS objects, 28% free, 40MB/56MB, paused 658us total 35.188ms
08-04 00:04:59.044 26377 26397 I art     : Starting a blocking GC Explicit
08-04 00:04:59.076 26377 26397 I art     : Explicit concurrent mark sweep GC freed 238(4KB) AllocSpace objects, 0(0B) LOS objects, 28% free, 40MB/56MB, paused 672us total 31.575ms
08-04 00:04:59.089 26377 26397 I art     : Starting a blocking GC Explicit
08-04 00:04:59.122 26377 26397 I art     : Explicit concurrent mark sweep GC freed 194(3KB) AllocSpace objects, 0(0B) LOS objects, 28% free, 40MB/56MB, paused 793us total 32.899ms
08-04 00:04:59.135 26377 26397 I art     : Starting a blocking GC Explicit
08-04 00:04:59.170 26377 26397 I art     : Explicit concurrent mark sweep GC freed 172(2928B) AllocSpace objects, 0(0B) LOS objects, 28% free, 40MB/56MB, paused 645us total 34.330ms
08-04 00:04:59.183 26377 26397 I art     : Starting a blocking GC Explicit
08-04 00:04:59.217 26377 26397 I art     : Explicit concurrent mark sweep GC freed 219(3KB) AllocSpace objects, 0(0B) LOS objects, 28% free, 40MB/56MB, paused 843us total 34.201ms
08-04 00:04:59.571 26377 26388 I art     : Starting a blocking GC Explicit
08-04 00:04:59.605 26377 26388 I art     : Explicit concurrent mark sweep GC freed 3100(110KB) AllocSpace objects, 2(40KB) LOS objects, 28% free, 40MB/56MB, paused 854us total 34.337ms
08-04 00:04:59.618 26377 26388 I art     : Starting a blocking GC Explicit
08-04 00:04:59.652 26377 26388 I art     : Explicit concurrent mark sweep GC freed 239(4KB) AllocSpace objects, 0(0B) LOS objects, 28% free, 40MB/56MB, paused 659us total 33.556ms
08-04 00:04:59.665 26377 26388 I art     : Starting a blocking GC Explicit
08-04 00:04:59.699 26377 26388 I art     : Explicit concurrent mark sweep GC freed 223(3KB) AllocSpace objects, 0(0B) LOS objects, 28% free, 40MB/56MB, paused 632us total 33.269ms
08-04 00:04:59.712 26377 26388 I art     : Starting a blocking GC Explicit
08-04 00:04:59.745 26377 26388 I art     : Explicit concurrent mark sweep GC freed 219(3KB) AllocSpace objects, 0(0B) LOS objects, 28% free, 40MB/56MB, paused 660us total 32.897ms
08-04 00:04:59.758 26377 26388 I art     : Starting a blocking GC Explicit
08-04 00:04:59.793 26377 26388 I art     : Explicit concurrent mark sweep GC freed 219(3KB) AllocSpace objects, 0(0B) LOS objects, 28% free, 40MB/56MB, paused 674us total 34.866ms
08-04 00:04:59.985   918   937 W ProcessCpuTracker: Skipping unknown process pid 27553
08-04 00:05:00.135 26377 26388 I art     : Starting a blocking GC Explicit
08-04 00:05:00.172 26377 26388 I art     : Explicit concurrent mark sweep GC freed 3011(108KB) AllocSpace objects, 2(40KB) LOS objects, 28% free, 40MB/56MB, paused 699us total 35.874ms
08-04 00:05:00.185 26377 26388 I art     : Starting a blocking GC Explicit
08-04 00:05:00.220 26377 26388 I art     : Explicit concurrent mark sweep GC freed 247(4KB) AllocSpace objects, 0(0B) LOS objects, 28% free, 40MB/56MB, paused 663us total 34.606ms
08-04 00:05:00.233 26377 26388 I art     : Starting a blocking GC Explicit
08-04 00:05:00.268 26377 26388 I art     : Explicit concurrent mark sweep GC freed 220(3KB) AllocSpace objects, 0(0B) LOS objects, 28% free, 40MB/56MB, paused 714us total 34.466ms
08-04 00:05:00.281 26377 26388 I art     : Starting a blocking GC Explicit
08-04 00:05:00.316 26377 26388 I art     : Explicit concurrent mark sweep GC freed 220(3KB) AllocSpace objects, 0(0B) LOS objects, 28% free, 40MB/56MB, paused 641us total 34.772ms
08-04 00:05:00.329 26377 26388 I art     : Starting a blocking GC Explicit
08-04 00:05:00.364 26377 26388 I art     : Explicit concurrent mark sweep GC freed 219(3KB) AllocSpace objects, 0(0B) LOS objects, 28% free, 40MB/56MB, paused 674us total 33.912ms
08-04 00:05:00.728 26377 26654 I art     : Starting a blocking GC Explicit
08-04 00:05:00.764 26377 26654 I art     : Explicit concurrent mark sweep GC freed 3155(111KB) AllocSpace objects, 2(40KB) LOS objects, 28% free, 40MB/56MB, paused 648us total 34.530ms
08-04 00:05:00.777 26377 26654 I art     : Starting a blocking GC Explicit
08-04 00:05:00.809 26377 26654 I art     : Explicit concurrent mark sweep GC freed 238(4KB) AllocSpace objects, 0(0B) LOS objects, 28% free, 40MB/56MB, paused 649us total 32.494ms
08-04 00:05:00.822 26377 26654 I art     : Starting a blocking GC Explicit
08-04 00:05:00.856 26377 26654 I art     : Explicit concurrent mark sweep GC freed 157(2640B) AllocSpace objects, 0(0B) LOS objects, 28% free, 40MB/56MB, paused 840us total 33.858ms
08-04 00:05:00.869 26377 26654 I art     : Starting a blocking GC Explicit
08-04 00:05:00.903 26377 26654 I art     : Explicit concurrent mark sweep GC freed 209(3KB) AllocSpace objects, 0(0B) LOS objects, 28% free, 40MB/56MB, paused 656us total 33.207ms
08-04 00:05:00.916 26377 26654 I art     : Starting a blocking GC Explicit
08-04 00:05:00.949 26377 26654 I art     : Explicit concurrent mark sweep GC freed 219(3KB) AllocSpace objects, 0(0B) LOS objects, 28% free, 40MB/56MB, paused 651us total 33.017ms
08-04 00:05:01.327 26377 26389 I art     : Starting a blocking GC Explicit
08-04 00:05:01.363 26377 26389 I art     : Explicit concurrent mark sweep GC freed 3239(113KB) AllocSpace objects, 2(40KB) LOS objects, 28% free, 40MB/56MB, paused 634us total 35.246ms
08-04 00:05:01.377 26377 26389 I art     : Starting a blocking GC Explicit
08-04 00:05:01.409 26377 26389 I art     : Explicit concurrent mark sweep GC freed 247(4KB) AllocSpace objects, 0(0B) LOS objects, 28% free, 40MB/56MB, paused 667us total 31.965ms
08-04 00:05:01.422 26377 26389 I art     : Starting a blocking GC Explicit
08-04 00:05:01.455 26377 26389 I art     : Explicit concurrent mark sweep GC freed 147(2496B) AllocSpace objects, 0(0B) LOS objects, 28% free, 40MB/56MB, paused 738us total 32.971ms
08-04 00:05:01.468 26377 26389 I art     : Starting a blocking GC Explicit
08-04 00:05:01.500 26377 26389 I art     : Explicit concurrent mark sweep GC freed 220(3KB) AllocSpace objects, 0(0B) LOS objects, 28% free, 40MB/56MB, paused 718us total 32.273ms
08-04 00:05:01.513 26377 26389 I art     : Starting a blocking GC Explicit
08-04 00:05:01.546 26377 26389 I art     : Explicit concurrent mark sweep GC freed 219(3KB) AllocSpace objects, 0(0B) LOS objects, 28% free, 40MB/56MB, paused 659us total 32.331ms
08-04 00:05:01.790 27583 27583 D AndroidRuntime: >>>>>> START com.android.internal.os.RuntimeInit uid 2000 <<<<<<
08-04 00:05:01.795 27583 27583 D AndroidRuntime: CheckJNI is OFF
08-04 00:05:01.829 27583 27583 D ICU     : No timezone override file found: /data/misc/zoneinfo/current/icu/icu_tzdata.dat
08-04 00:05:01.863 27583 27583 I Radio-JNI: register_android_hardware_Radio DONE
08-04 00:05:01.886 27583 27583 D AndroidRuntime: Calling main entry com.android.commands.input.Input
08-04 00:05:01.888 27583 27583 I Input   : injectKeyEvent: KeyEvent { action=ACTION_DOWN, keyCode=KEYCODE_BACK, scanCode=0, metaState=0, flags=0x0, repeatCount=0, eventTime=662718301, downTime=662718301, deviceId=-1, source=0x101 }
08-04 00:05:01.893 27583 27583 I Input   : injectKeyEvent: KeyEvent { action=ACTION_UP, keyCode=KEYCODE_BACK, scanCode=0, metaState=0, flags=0x0, repeatCount=0, eventTime=662718301, downTime=662718301, deviceId=-1, source=0x101 }
08-04 00:05:01.894 26377 26397 I art     : Starting a blocking GC Explicit
08-04 00:05:01.897 27583 27583 D AndroidRuntime: Shutting down VM
08-04 00:05:01.926 26377 26397 I art     : Explicit concurrent mark sweep GC freed 3062(111KB) AllocSpace objects, 2(40KB) LOS objects, 28% free, 40MB/56MB, paused 599us total 32.046ms
08-04 00:05:01.935 13866 13866 I GoogleInputMethodServic: GoogleInputMethodService.onFinishInput():3138 
08-04 00:05:01.935 13866 13866 I GoogleInputMethodServic: GoogleInputMethodService.onStartInput():1808 
08-04 00:05:01.939 26377 26397 I art     : Starting a blocking GC Explicit
08-04 00:05:01.971 26377 26397 I art     : Explicit concurrent mark sweep GC freed 290(6KB) AllocSpace objects, 0(0B) LOS objects, 28% free, 40MB/56MB, paused 676us total 32.111ms
08-04 00:05:01.971 26377 26387 I art     : WaitForGcToComplete blocked for 30.863ms for cause HeapTrim
08-04 00:05:01.983 26377 26397 I art     : Starting a blocking GC Explicit
08-04 00:05:02.012 26377 26397 I art     : Explicit concurrent mark sweep GC freed 225(3KB) AllocSpace objects, 0(0B) LOS objects, 28% free, 40MB/56MB, paused 573us total 28.764ms
08-04 00:05:02.024 26377 26397 I art     : Starting a blocking GC Explicit
08-04 00:05:02.057 26377 26397 I art     : Explicit concurrent mark sweep GC freed 152(2576B) AllocSpace objects, 0(0B) LOS objects, 28% free, 40MB/56MB, paused 773us total 32.307ms
08-04 00:05:02.070 26377 26397 I art     : Starting a blocking GC Explicit
08-04 00:05:02.102 26377 26397 I art     : Explicit concurrent mark sweep GC freed 214(3KB) AllocSpace objects, 0(0B) LOS objects, 28% free, 40MB/56MB, paused 629us total 31.467ms
08-04 00:05:02.223   380   380 W SurfaceFlinger: couldn't log to binary event log: overflow.
08-04 00:05:02.407 26377 26389 I art     : Starting a blocking GC Explicit
08-04 00:05:02.439 26377 26389 I art     : Explicit concurrent mark sweep GC freed 2604(102KB) AllocSpace objects, 3(228KB) LOS objects, 28% free, 40MB/56MB, paused 794us total 31.321ms
08-04 00:05:02.451 26377 26389 I art     : Starting a blocking GC Explicit
08-04 00:05:02.481 26377 26389 I art     : Explicit concurrent mark sweep GC freed 4842(341KB) AllocSpace objects, 7(132KB) LOS objects, 28% free, 39MB/55MB, paused 675us total 29.242ms
08-04 00:05:02.493 26377 26389 I art     : Starting a blocking GC Explicit
08-04 00:05:02.522 26377 26389 I art     : Explicit concurrent mark sweep GC freed 99(1696B) AllocSpace objects, 0(0B) LOS objects, 28% free, 39MB/55MB, paused 638us total 28.825ms
08-04 00:05:02.534 26377 26389 I art     : Starting a blocking GC Explicit
08-04 00:05:02.563 26377 26389 I art     : Explicit concurrent mark sweep GC freed 147(2496B) AllocSpace objects, 0(0B) LOS objects, 28% free, 39MB/55MB, paused 634us total 29.020ms
08-04 00:05:02.576 26377 26389 I art     : Starting a blocking GC Explicit
08-04 00:05:02.606 26377 26389 I art     : Explicit concurrent mark sweep GC freed 122(2736B) AllocSpace objects, 0(0B) LOS objects, 28% free, 39MB/55MB, paused 642us total 29.757ms
08-04 00:05:02.947 26377 26654 I art     : Starting a blocking GC Explicit
08-04 00:05:02.982 26377 26654 I art     : Explicit concurrent mark sweep GC freed 2541(101KB) AllocSpace objects, 2(40KB) LOS objects, 28% free, 39MB/55MB, paused 654us total 34.169ms
08-04 00:05:02.996 26377 26654 I art     : Starting a blocking GC Explicit
08-04 00:05:03.028 26377 26654 I art     : Explicit concurrent mark sweep GC freed 166(3KB) AllocSpace objects, 0(0B) LOS objects, 28% free, 39MB/55MB, paused 681us total 32.384ms
08-04 00:05:03.041 26377 26654 I art     : Starting a blocking GC Explicit
08-04 00:05:03.074 26377 26654 I art     : Explicit concurrent mark sweep GC freed 98(1664B) AllocSpace objects, 0(0B) LOS objects, 28% free, 39MB/55MB, paused 638us total 32.179ms
08-04 00:05:03.087 26377 26654 I art     : Starting a blocking GC Explicit
08-04 00:05:03.120 26377 26654 I art     : Explicit concurrent mark sweep GC freed 148(2528B) AllocSpace objects, 0(0B) LOS objects, 28% free, 39MB/55MB, paused 598us total 32.510ms
08-04 00:05:03.134 26377 26654 I art     : Starting a blocking GC Explicit
08-04 00:05:03.163 26377 26654 I art     : Explicit concurrent mark sweep GC freed 147(2496B) AllocSpace objects, 0(0B) LOS objects, 28% free, 39MB/55MB, paused 626us total 28.728ms
08-04 00:05:03.359 23490 23490 I Atfwd_Sendcmd: AtCmdFwd service not ready - Exhausted retry attempts - :6
08-04 00:05:03.359 23490 23490 I Atfwd_Daemon: result : -1 	 ,Init step :2 	 ,qmiErrorCode: 0
08-04 00:05:03.478 26377 26397 I art     : Starting a blocking GC Explicit
08-04 00:05:03.511 26377 26397 I art     : Explicit concurrent mark sweep GC freed 2408(99KB) AllocSpace objects, 2(40KB) LOS objects, 28% free, 39MB/55MB, paused 826us total 33.416ms
08-04 00:05:03.524 26377 26397 I art     : Starting a blocking GC Explicit
08-04 00:05:03.542 27626 27626 D AndroidRuntime: >>>>>> START com.android.internal.os.RuntimeInit uid 2000 <<<<<<
08-04 00:05:03.546 27626 27626 D AndroidRuntime: CheckJNI is OFF
08-04 00:05:03.556 26377 26397 I art     : Explicit concurrent mark sweep GC freed 145(2848B) AllocSpace objects, 0(0B) LOS objects, 28% free, 39MB/55MB, paused 690us total 31.452ms
08-04 00:05:03.569 26377 26397 I art     : Starting a blocking GC Explicit
08-04 00:05:03.583 27626 27626 D ICU     : No timezone override file found: /data/misc/zoneinfo/current/icu/icu_tzdata.dat
08-04 00:05:03.599 26377 26397 I art     : Explicit concurrent mark sweep GC freed 147(2496B) AllocSpace objects, 0(0B) LOS objects, 28% free, 39MB/55MB, paused 697us total 30.461ms
08-04 00:05:03.612 26377 26397 I art     : Starting a blocking GC Explicit
08-04 00:05:03.617 27626 27626 I Radio-JNI: register_android_hardware_Radio DONE
08-04 00:05:03.639 27626 27626 D AndroidRuntime: Calling main entry com.android.commands.input.Input
08-04 00:05:03.641 27626 27626 I Input   : injectKeyEvent: KeyEvent { action=ACTION_DOWN, keyCode=KEYCODE_BACK, scanCode=0, metaState=0, flags=0x0, repeatCount=0, eventTime=662720054, downTime=662720054, deviceId=-1, source=0x101 }
08-04 00:05:03.642 26377 26397 I art     : Explicit concurrent mark sweep GC freed 100(1728B) AllocSpace objects, 0(0B) LOS objects, 28% free, 39MB/55MB, paused 957us total 30.399ms
08-04 00:05:03.647 27626 27626 I Input   : injectKeyEvent: KeyEvent { action=ACTION_UP, keyCode=KEYCODE_BACK, scanCode=0, metaState=0, flags=0x0, repeatCount=0, eventTime=662720054, downTime=662720054, deviceId=-1, source=0x101 }
08-04 00:05:03.653 27626 27626 D AndroidRuntime: Shutting down VM
08-04 00:05:03.655 26377 26397 I art     : Starting a blocking GC Explicit
08-04 00:05:03.662 26377 26377 V MainActivity: url = https://project-travel-mate.herokuapp.com/api/number-of-unread-notifications
08-04 00:05:03.684 26377 26397 I art     : Explicit concurrent mark sweep GC freed 448(15KB) AllocSpace objects, 0(0B) LOS objects, 28% free, 39MB/55MB, paused 649us total 28.619ms
08-04 00:05:03.689 13866 13866 I GoogleInputMethodServic: GoogleInputMethodService.onFinishInput():3138 
08-04 00:05:03.690 13866 13866 I GoogleInputMethodServic: GoogleInputMethodService.onStartInput():1808 
08-04 00:05:03.991   380   380 W SurfaceFlinger: couldn't log to binary event log: overflow.
08-04 00:05:04.014 26377 26389 I art     : Starting a blocking GC Explicit
08-04 00:05:04.044 26377 26389 I art     : Explicit concurrent mark sweep GC freed 2741(113KB) AllocSpace objects, 2(40KB) LOS objects, 28% free, 39MB/55MB, paused 813us total 30.270ms
08-04 00:05:04.057 26377 26389 I art     : Starting a blocking GC Explicit
08-04 00:05:04.090 26377 26389 I art     : Explicit concurrent mark sweep GC freed 237(9KB) AllocSpace objects, 0(0B) LOS objects, 28% free, 39MB/55MB, paused 745us total 32.945ms
08-04 00:05:04.103 26377 26389 I art     : Starting a blocking GC Explicit
08-04 00:05:04.139 26377 26389 I art     : Explicit concurrent mark sweep GC freed 2585(130KB) AllocSpace objects, 3(200KB) LOS objects, 28% free, 39MB/55MB, paused 1.148ms total 35.400ms
08-04 00:05:04.152 26377 26389 I art     : Starting a blocking GC Explicit
08-04 00:05:04.169 26377 27649 I NAPPA_EXPERIMENTATION: MetricNetworkRequestExecutionTime: REQUEST_DURATION_SYSTEM='506',REQUEST_DURATION_OKHTTP='30',REQUEST_SYNCHRONOUS='FALSE',RESPONSE_CODE='200',RESPONSE_METHOD='GET',RESPONSE_LENGTH_OKHTTP='36',RESPONSE_LENGTH_HEADER='36',REQUEST_PROTOCOL='http/1.1',REQUEST_URL='https://project-travel-mate.herokuapp.com/api/number-of-unread-notifications',
08-04 00:05:04.185 26377 26389 I art     : Explicit concurrent mark sweep GC freed 1174(130KB) AllocSpace objects, 0(0B) LOS objects, 28% free, 39MB/55MB, paused 762us total 32.544ms
08-04 00:05:04.199 26377 26389 I art     : Starting a blocking GC Explicit
08-04 00:05:04.232 26377 26389 I art     : Explicit concurrent mark sweep GC freed 138(4KB) AllocSpace objects, 0(0B) LOS objects, 28% free, 39MB/55MB, paused 735us total 33.441ms
08-04 00:05:04.577 26377 26397 I art     : Starting a blocking GC Explicit
08-04 00:05:04.612 26377 26397 I art     : Explicit concurrent mark sweep GC freed 2057(96KB) AllocSpace objects, 2(40KB) LOS objects, 28% free, 39MB/55MB, paused 808us total 34.285ms
08-04 00:05:04.625 26377 26397 I art     : Starting a blocking GC Explicit
08-04 00:05:04.658 26377 26397 I art     : Explicit concurrent mark sweep GC freed 85(1824B) AllocSpace objects, 0(0B) LOS objects, 28% free, 39MB/55MB, paused 704us total 33.184ms
08-04 00:05:04.671 26377 26397 I art     : Starting a blocking GC Explicit
08-04 00:05:04.704 26377 26397 I art     : Explicit concurrent mark sweep GC freed 76(1328B) AllocSpace objects, 0(0B) LOS objects, 28% free, 39MB/55MB, paused 696us total 32.804ms
08-04 00:05:04.717 26377 26397 I art     : Starting a blocking GC Explicit
08-04 00:05:04.751 26377 26397 I art     : Explicit concurrent mark sweep GC freed 75(1296B) AllocSpace objects, 0(0B) LOS objects, 28% free, 39MB/55MB, paused 735us total 33.137ms
08-04 00:05:04.764 26377 26397 I art     : Starting a blocking GC Explicit
08-04 00:05:04.798 26377 26397 I art     : Explicit concurrent mark sweep GC freed 75(1296B) AllocSpace objects, 0(0B) LOS objects, 28% free, 39MB/55MB, paused 742us total 33.760ms
08-04 00:05:05.131 26377 26388 I art     : Starting a blocking GC Explicit
08-04 00:05:05.168 26377 26388 I art     : Explicit concurrent mark sweep GC freed 1955(91KB) AllocSpace objects, 2(40KB) LOS objects, 28% free, 39MB/55MB, paused 756us total 35.920ms
08-04 00:05:05.180 26377 26388 I art     : Starting a blocking GC Explicit
08-04 00:05:05.211 26377 26388 I art     : Explicit concurrent mark sweep GC freed 94(1984B) AllocSpace objects, 0(0B) LOS objects, 28% free, 39MB/55MB, paused 723us total 30.850ms
08-04 00:05:05.224 26377 26388 I art     : Starting a blocking GC Explicit
08-04 00:05:05.255 26377 26388 I art     : Explicit concurrent mark sweep GC freed 51(896B) AllocSpace objects, 0(0B) LOS objects, 28% free, 39MB/55MB, paused 713us total 31.217ms
08-04 00:05:05.268 26377 26388 I art     : Starting a blocking GC Explicit
08-04 00:05:05.300 26377 26388 I art     : Explicit concurrent mark sweep GC freed 78(1392B) AllocSpace objects, 0(0B) LOS objects, 28% free, 39MB/55MB, paused 734us total 31.847ms
08-04 00:05:05.303 27671 27671 D AndroidRuntime: >>>>>> START com.android.internal.os.RuntimeInit uid 2000 <<<<<<
08-04 00:05:05.309 27671 27671 D AndroidRuntime: CheckJNI is OFF
08-04 00:05:05.315 26377 26388 I art     : Starting a blocking GC Explicit
08-04 00:05:05.343 27671 27671 D ICU     : No timezone override file found: /data/misc/zoneinfo/current/icu/icu_tzdata.dat
08-04 00:05:05.347 26377 26388 I art     : Explicit concurrent mark sweep GC freed 63(1168B) AllocSpace objects, 0(0B) LOS objects, 28% free, 39MB/55MB, paused 1.235ms total 32.028ms
08-04 00:05:05.375 27671 27671 I Radio-JNI: register_android_hardware_Radio DONE
08-04 00:05:05.395 27671 27671 D AndroidRuntime: Calling main entry com.android.commands.input.Input
08-04 00:05:05.397 27671 27671 I Input   : injectMotionEvent: MotionEvent { action=ACTION_DOWN, actionButton=0, id[0]=0, x[0]=117.0, y[0]=170.0, toolType[0]=TOOL_TYPE_UNKNOWN, buttonState=0, metaState=0, flags=0x0, edgeFlags=0x0, pointerCount=1, historySize=0, eventTime=662721810, downTime=662721810, deviceId=0, source=0x1002 }
08-04 00:05:05.402 27671 27671 I Input   : injectMotionEvent: MotionEvent { action=ACTION_UP, actionButton=0, id[0]=0, x[0]=117.0, y[0]=170.0, toolType[0]=TOOL_TYPE_UNKNOWN, buttonState=0, metaState=0, flags=0x0, edgeFlags=0x0, pointerCount=1, historySize=0, eventTime=662721810, downTime=662721810, deviceId=0, source=0x1002 }
08-04 00:05:05.404 27671 27671 D AndroidRuntime: Shutting down VM
08-04 00:05:05.414   512  2967 D audio_hw_primary: out_set_parameters: enter: usecase(1: low-latency-playback) kvpairs: routing=2
08-04 00:05:05.427   512  2967 D audio_hw_primary: select_devices: out_snd_device(2: speaker) in_snd_device(0: none)
08-04 00:05:05.427   512  2967 D msm8974_platform: platform_send_audio_calibration: sending audio calibration for snd_device(2) acdb_id(15)
08-04 00:05:05.427   512  2967 I soundtrigger: audio_extn_sound_trigger_update_device_status: device 0x2 of type 0 for Event 1
08-04 00:05:05.439   512  2967 D audio_hw_primary: enable_snd_device: snd_device(2: speaker)
08-04 00:05:05.442   512  2967 D audio_hw_primary: enable_audio_route: apply and update mixer path: low-latency-playback speaker
08-04 00:05:05.658 26377 26389 I art     : Starting a blocking GC Explicit
08-04 00:05:05.688 26377 26389 I art     : Explicit concurrent mark sweep GC freed 2381(114KB) AllocSpace objects, 2(40KB) LOS objects, 28% free, 40MB/56MB, paused 748us total 29.858ms
08-04 00:05:05.700 26377 26389 I art     : Starting a blocking GC Explicit
08-04 00:05:05.731 26377 26389 I art     : Explicit concurrent mark sweep GC freed 130(3KB) AllocSpace objects, 0(0B) LOS objects, 28% free, 40MB/56MB, paused 841us total 30.332ms
08-04 00:05:05.744 26377 26389 I art     : Starting a blocking GC Explicit
08-04 00:05:05.774 26377 26389 I art     : Explicit concurrent mark sweep GC freed 51(896B) AllocSpace objects, 0(0B) LOS objects, 28% free, 40MB/56MB, paused 743us total 29.756ms
08-04 00:05:05.786 26377 26389 I art     : Starting a blocking GC Explicit
08-04 00:05:05.816 26377 26389 I art     : Explicit concurrent mark sweep GC freed 81(1488B) AllocSpace objects, 0(0B) LOS objects, 28% free, 40MB/56MB, paused 638us total 29.166ms
08-04 00:05:05.828 26377 26389 I art     : Starting a blocking GC Explicit
08-04 00:05:05.858 26377 26389 I art     : Explicit concurrent mark sweep GC freed 54(1024B) AllocSpace objects, 0(0B) LOS objects, 28% free, 40MB/56MB, paused 713us total 29.643ms
08-04 00:05:05.979   512  2967 D audio_hw_primary: disable_audio_route: reset and update mixer path: low-latency-playback speaker
08-04 00:05:05.980   512  2967 D audio_hw_primary: disable_snd_device: snd_device(2: speaker)
08-04 00:05:05.988   512  2967 I soundtrigger: audio_extn_sound_trigger_update_device_status: device 0x2 of type 0 for Event 0
08-04 00:05:06.033 27705 27705 D AndroidRuntime: >>>>>> START com.android.internal.os.RuntimeInit uid 2000 <<<<<<
08-04 00:05:06.038 27705 27705 D AndroidRuntime: CheckJNI is OFF
08-04 00:05:06.070 27705 27705 D ICU     : No timezone override file found: /data/misc/zoneinfo/current/icu/icu_tzdata.dat
08-04 00:05:06.102 27705 27705 I Radio-JNI: register_android_hardware_Radio DONE
08-04 00:05:06.125 27705 27705 D AndroidRuntime: Calling main entry com.android.commands.input.Input
08-04 00:05:06.126 27705 27705 I Input   : injectMotionEvent: MotionEvent { action=ACTION_DOWN, actionButton=0, id[0]=0, x[0]=355.0, y[0]=1674.0, toolType[0]=TOOL_TYPE_UNKNOWN, buttonState=0, metaState=0, flags=0x0, edgeFlags=0x0, pointerCount=1, historySize=0, eventTime=662722539, downTime=662722539, deviceId=0, source=0x1002 }
08-04 00:05:06.130 27705 27705 I Input   : injectMotionEvent: MotionEvent { action=ACTION_UP, actionButton=0, id[0]=0, x[0]=355.0, y[0]=1674.0, toolType[0]=TOOL_TYPE_UNKNOWN, buttonState=0, metaState=0, flags=0x0, edgeFlags=0x0, pointerCount=1, historySize=0, eventTime=662722539, downTime=662722539, deviceId=0, source=0x1002 }
08-04 00:05:06.131 27705 27705 D AndroidRuntime: Shutting down VM
08-04 00:05:06.147   512  2967 D audio_hw_primary: out_set_parameters: enter: usecase(1: low-latency-playback) kvpairs: routing=2
08-04 00:05:06.161   512  2967 D audio_hw_primary: select_devices: out_snd_device(2: speaker) in_snd_device(0: none)
08-04 00:05:06.161   512  2967 D msm8974_platform: platform_send_audio_calibration: sending audio calibration for snd_device(2) acdb_id(15)
08-04 00:05:06.161   512  2967 I soundtrigger: audio_extn_sound_trigger_update_device_status: device 0x2 of type 0 for Event 1
08-04 00:05:06.171   512  2967 D audio_hw_primary: enable_snd_device: snd_device(2: speaker)
08-04 00:05:06.173   512  2967 D audio_hw_primary: enable_audio_route: apply and update mixer path: low-latency-playback speaker
08-04 00:05:06.178 26377 26654 I art     : Starting a blocking GC Explicit
08-04 00:05:06.211 26377 26654 I art     : Explicit concurrent mark sweep GC freed 2309(114KB) AllocSpace objects, 2(40KB) LOS objects, 23% free, 51MB/67MB, paused 768us total 32.445ms
08-04 00:05:06.215   512  2967 D AudioFlinger: mixer(0xf4740000) throttle end: throttle time(12)
08-04 00:05:06.223 26377 26654 I art     : Starting a blocking GC Explicit
08-04 00:05:06.253 26377 26654 I art     : Explicit concurrent mark sweep GC freed 1390(141KB) AllocSpace objects, 0(0B) LOS objects, 23% free, 50MB/66MB, paused 825us total 29.916ms
08-04 00:05:06.265 26377 26654 I art     : Waiting for a blocking GC Explicit
08-04 00:05:06.273 26377 26654 I art     : WaitForGcToComplete blocked for 7.753ms for cause Explicit
08-04 00:05:06.273 26377 26654 I art     : Starting a blocking GC Explicit
08-04 00:05:06.303 26377 26654 I art     : Explicit concurrent mark sweep GC freed 9(336B) AllocSpace objects, 0(0B) LOS objects, 17% free, 73MB/89MB, paused 745us total 30.099ms
08-04 00:05:06.316 26377 26654 I art     : Starting a blocking GC Explicit
08-04 00:05:06.346 26377 26654 I art     : Explicit concurrent mark sweep GC freed 5(192B) AllocSpace objects, 0(0B) LOS objects, 17% free, 73MB/89MB, paused 783us total 30.309ms
08-04 00:05:06.359 26377 26654 I art     : Starting a blocking GC Explicit
08-04 00:05:06.388 26377 26654 I art     : Explicit concurrent mark sweep GC freed 3(96B) AllocSpace objects, 0(0B) LOS objects, 17% free, 73MB/89MB, paused 761us total 28.892ms
08-04 00:05:06.689 26377 26397 I art     : Starting a blocking GC Explicit
08-04 00:05:06.698   512  2967 D audio_hw_primary: disable_audio_route: reset and update mixer path: low-latency-playback speaker
08-04 00:05:06.699   512  2967 D audio_hw_primary: disable_snd_device: snd_device(2: speaker)
08-04 00:05:06.707   512  2967 I soundtrigger: audio_extn_sound_trigger_update_device_status: device 0x2 of type 0 for Event 0
08-04 00:05:06.720 26377 26397 I art     : Explicit concurrent mark sweep GC freed 25(1920B) AllocSpace objects, 0(0B) LOS objects, 10% free, 134MB/150MB, paused 789us total 31.155ms
08-04 00:05:06.733 26377 26397 I art     : Starting a blocking GC Explicit
08-04 00:05:06.764 26377 26397 I art     : Explicit concurrent mark sweep GC freed 5(192B) AllocSpace objects, 0(0B) LOS objects, 10% free, 134MB/150MB, paused 779us total 30.252ms
08-04 00:05:06.776 26377 26397 I art     : Starting a blocking GC Explicit
08-04 00:05:06.805 26377 26397 I art     : Explicit concurrent mark sweep GC freed 3(96B) AllocSpace objects, 0(0B) LOS objects, 10% free, 134MB/150MB, paused 746us total 29.035ms
08-04 00:05:06.807 26377 26377 I Choreographer: Skipped 38 frames!  The application may be doing too much work on its main thread.
08-04 00:05:06.808 26377 26377 V MainActivity: url = https://project-travel-mate.herokuapp.com/api/number-of-unread-notifications
08-04 00:05:06.817 26377 26397 I art     : Starting a blocking GC Explicit
08-04 00:05:06.855 26377 26397 I art     : Explicit concurrent mark sweep GC freed 1589(57KB) AllocSpace objects, 0(0B) LOS objects, 10% free, 134MB/150MB, paused 872us total 36.893ms
08-04 00:05:06.870 26377 26397 I art     : Starting a blocking GC Explicit
08-04 00:05:06.898 26377 26397 I art     : Explicit concurrent mark sweep GC freed 1010(58KB) AllocSpace objects, 9(252KB) LOS objects, 10% free, 134MB/150MB, paused 706us total 28.063ms
08-04 00:05:07.254 26377 26397 I art     : Starting a blocking GC Explicit
08-04 00:05:07.296 26377 26397 I art     : Explicit concurrent mark sweep GC freed 1506(87KB) AllocSpace objects, 2(36KB) LOS objects, 10% free, 134MB/150MB, paused 820us total 41.937ms
08-04 00:05:07.312 26377 26397 I art     : Starting a blocking GC Explicit
08-04 00:05:07.346 26377 26397 I art     : Explicit concurrent mark sweep GC freed 42(1840B) AllocSpace objects, 0(0B) LOS objects, 10% free, 134MB/150MB, paused 780us total 34.218ms
08-04 00:05:07.352   518   646 I ThermalEngine: ACTION: GPU - Setting GPU[0] to 450000000
08-04 00:05:07.364 26377 26397 I art     : Starting a blocking GC Explicit
08-04 00:05:07.406 26377 26397 I art     : Explicit concurrent mark sweep GC freed 835(63KB) AllocSpace objects, 2(120KB) LOS objects, 10% free, 134MB/150MB, paused 1.385ms total 42.153ms
08-04 00:05:07.423 26377 26397 I art     : Starting a blocking GC Explicit
08-04 00:05:07.456 26377 27737 I NAPPA_EXPERIMENTATION: MetricNetworkRequestExecutionTime: REQUEST_DURATION_SYSTEM='647',REQUEST_DURATION_OKHTTP='29',REQUEST_SYNCHRONOUS='FALSE',RESPONSE_CODE='200',RESPONSE_METHOD='GET',RESPONSE_LENGTH_OKHTTP='36',RESPONSE_LENGTH_HEADER='36',REQUEST_PROTOCOL='http/1.1',REQUEST_URL='https://project-travel-mate.herokuapp.com/api/number-of-unread-notifications',
08-04 00:05:07.465 26377 26397 I art     : Explicit concurrent mark sweep GC freed 2294(134KB) AllocSpace objects, 1(80KB) LOS objects, 10% free, 134MB/150MB, paused 982us total 41.454ms
08-04 00:05:07.481 26377 26397 I art     : Starting a blocking GC Explicit
08-04 00:05:07.524 26377 26397 I art     : Explicit concurrent mark sweep GC freed 540(63KB) AllocSpace objects, 0(0B) LOS objects, 10% free, 134MB/150MB, paused 956us total 42.061ms
08-04 00:05:07.915 26377 26389 I art     : Starting a blocking GC Explicit
08-04 00:05:07.975 26377 26389 I art     : Explicit concurrent mark sweep GC freed 1510(86KB) AllocSpace objects, 2(36KB) LOS objects, 10% free, 134MB/150MB, paused 1.084ms total 58.927ms
08-04 00:05:07.994 26377 26389 I art     : Starting a blocking GC Explicit
08-04 00:05:08.041 26377 26389 I art     : Explicit concurrent mark sweep GC freed 22(784B) AllocSpace objects, 0(0B) LOS objects, 10% free, 134MB/150MB, paused 1.014ms total 45.784ms
08-04 00:05:08.058 26377 26389 I art     : Starting a blocking GC Explicit
08-04 00:05:08.104 26377 26389 I art     : Explicit concurrent mark sweep GC freed 3(96B) AllocSpace objects, 0(0B) LOS objects, 10% free, 134MB/150MB, paused 1.009ms total 46.243ms
08-04 00:05:08.122 26377 26389 I art     : Starting a blocking GC Explicit
08-04 00:05:08.168 26377 26389 I art     : Explicit concurrent mark sweep GC freed 3(96B) AllocSpace objects, 0(0B) LOS objects, 10% free, 134MB/150MB, paused 1.078ms total 45.598ms
08-04 00:05:08.185 26377 26389 I art     : Starting a blocking GC Explicit
08-04 00:05:08.232 26377 26389 I art     : Explicit concurrent mark sweep GC freed 3(96B) AllocSpace objects, 0(0B) LOS objects, 10% free, 134MB/150MB, paused 963us total 46.352ms
08-04 00:05:08.617 26377 26654 I art     : Starting a blocking GC Explicit
08-04 00:05:08.670 26377 26654 I art     : Explicit concurrent mark sweep GC freed 1469(84KB) AllocSpace objects, 2(36KB) LOS objects, 10% free, 134MB/150MB, paused 1.010ms total 52.216ms
08-04 00:05:08.690 26377 26654 I art     : Starting a blocking GC Explicit
08-04 00:05:08.731 26377 26654 I art     : Explicit concurrent mark sweep GC freed 32(1328B) AllocSpace objects, 0(0B) LOS objects, 10% free, 134MB/150MB, paused 995us total 41.520ms
08-04 00:05:08.748 26377 26654 I art     : Starting a blocking GC Explicit
08-04 00:05:08.792 26377 26654 I art     : Explicit concurrent mark sweep GC freed 3(96B) AllocSpace objects, 0(0B) LOS objects, 10% free, 134MB/150MB, paused 990us total 43.199ms
08-04 00:05:08.809 26377 26654 I art     : Starting a blocking GC Explicit
08-04 00:05:08.854 26377 26654 I art     : Explicit concurrent mark sweep GC freed 3(96B) AllocSpace objects, 0(0B) LOS objects, 10% free, 134MB/150MB, paused 1.018ms total 44.227ms
08-04 00:05:08.871 26377 26654 I art     : Starting a blocking GC Explicit
08-04 00:05:08.914 26377 26654 I art     : Explicit concurrent mark sweep GC freed 3(96B) AllocSpace objects, 0(0B) LOS objects, 10% free, 134MB/150MB, paused 1.005ms total 42.733ms
08-04 00:05:08.949 27767 27767 D AndroidRuntime: >>>>>> START com.android.internal.os.RuntimeInit uid 2000 <<<<<<
08-04 00:05:08.956 27767 27767 D AndroidRuntime: CheckJNI is OFF
08-04 00:05:09.002 27767 27767 D ICU     : No timezone override file found: /data/misc/zoneinfo/current/icu/icu_tzdata.dat
08-04 00:05:09.055 27767 27767 I Radio-JNI: register_android_hardware_Radio DONE
08-04 00:05:09.084 27767 27767 D AndroidRuntime: Calling main entry com.android.commands.input.Input
08-04 00:05:09.087 27767 27767 I Input   : injectMotionEvent: MotionEvent { action=ACTION_DOWN, actionButton=0, id[0]=0, x[0]=747.0, y[0]=608.0, toolType[0]=TOOL_TYPE_UNKNOWN, buttonState=0, metaState=0, flags=0x0, edgeFlags=0x0, pointerCount=1, historySize=0, eventTime=662725499, downTime=662725499, deviceId=0, source=0x1002 }
08-04 00:05:09.092 27767 27767 I Input   : injectMotionEvent: MotionEvent { action=ACTION_UP, actionButton=0, id[0]=0, x[0]=747.0, y[0]=608.0, toolType[0]=TOOL_TYPE_UNKNOWN, buttonState=0, metaState=0, flags=0x0, edgeFlags=0x0, pointerCount=1, historySize=0, eventTime=662725499, downTime=662725499, deviceId=0, source=0x1002 }
08-04 00:05:09.094 27767 27767 D AndroidRuntime: Shutting down VM
08-04 00:05:09.096   512  2967 D audio_hw_primary: out_set_parameters: enter: usecase(1: low-latency-playback) kvpairs: routing=2
08-04 00:05:09.101   918  5481 I ActivityManager: START u0 {cmp=baseline.io.github.project_travel_mate/.utilities.ChecklistActivity} from uid 10650 on display 0
08-04 00:05:09.109   512  2967 D audio_hw_primary: select_devices: out_snd_device(2: speaker) in_snd_device(0: none)
08-04 00:05:09.109   512  2967 D msm8974_platform: platform_send_audio_calibration: sending audio calibration for snd_device(2) acdb_id(15)
08-04 00:05:09.109   512  2967 I soundtrigger: audio_extn_sound_trigger_update_device_status: device 0x2 of type 0 for Event 1
08-04 00:05:09.122   512  2967 D audio_hw_primary: enable_snd_device: snd_device(2: speaker)
08-04 00:05:09.124   512  2967 D audio_hw_primary: enable_audio_route: apply and update mixer path: low-latency-playback speaker
08-04 00:05:09.268 13866 13866 I GoogleInputMethodServic: GoogleInputMethodService.onFinishInput():3138 
08-04 00:05:09.268   918   936 I ActivityManager: Displayed baseline.io.github.project_travel_mate/.utilities.ChecklistActivity: +158ms
08-04 00:05:09.268 13866 13866 I GoogleInputMethodServic: GoogleInputMethodService.onStartInput():1808 
08-04 00:05:09.307 26377 26388 I art     : Starting a blocking GC Explicit
08-04 00:05:09.347 26377 26388 I art     : Explicit concurrent mark sweep GC freed 3154(286KB) AllocSpace objects, 2(36KB) LOS objects, 10% free, 135MB/151MB, paused 1.064ms total 39.405ms
08-04 00:05:09.364 26377 26388 I art     : Starting a blocking GC Explicit
08-04 00:05:09.407 26377 26388 I art     : Explicit concurrent mark sweep GC freed 416(17KB) AllocSpace objects, 0(0B) LOS objects, 10% free, 135MB/151MB, paused 1.142ms total 43.069ms
08-04 00:05:09.425 26377 26388 I art     : Starting a blocking GC Explicit
08-04 00:05:09.480 26377 26388 I art     : Explicit concurrent mark sweep GC freed 3(96B) AllocSpace objects, 0(0B) LOS objects, 10% free, 135MB/151MB, paused 1.294ms total 55.075ms
08-04 00:05:09.502 26377 26388 I art     : Starting a blocking GC Explicit
08-04 00:05:09.517   380   380 W SurfaceFlinger: couldn't log to binary event log: overflow.
08-04 00:05:09.547 26377 26388 I art     : Explicit concurrent mark sweep GC freed 3(96B) AllocSpace objects, 0(0B) LOS objects, 10% free, 135MB/151MB, paused 1.118ms total 45.172ms
08-04 00:05:09.565 26377 26388 I art     : Starting a blocking GC Explicit
08-04 00:05:09.602 26377 26388 I art     : Explicit concurrent mark sweep GC freed 3(96B) AllocSpace objects, 0(0B) LOS objects, 10% free, 135MB/151MB, paused 993us total 37.171ms
08-04 00:05:09.659   512  2967 D audio_hw_primary: disable_audio_route: reset and update mixer path: low-latency-playback speaker
08-04 00:05:09.660   512  2967 D audio_hw_primary: disable_snd_device: snd_device(2: speaker)
08-04 00:05:09.668   512  2967 I soundtrigger: audio_extn_sound_trigger_update_device_status: device 0x2 of type 0 for Event 0
08-04 00:05:09.985 26377 26654 I art     : Starting a blocking GC Explicit
08-04 00:05:10.033 26377 26654 I art     : Explicit concurrent mark sweep GC freed 1632(94KB) AllocSpace objects, 2(36KB) LOS objects, 10% free, 135MB/151MB, paused 1.035ms total 47.970ms
08-04 00:05:10.050 26377 26654 I art     : Starting a blocking GC Explicit
08-04 00:05:10.092 26377 26654 I art     : Explicit concurrent mark sweep GC freed 36(1280B) AllocSpace objects, 0(0B) LOS objects, 10% free, 135MB/151MB, paused 1.016ms total 42.129ms
08-04 00:05:10.110 26377 26654 I art     : Starting a blocking GC Explicit
08-04 00:05:10.153 26377 26654 I art     : Explicit concurrent mark sweep GC freed 3(96B) AllocSpace objects, 0(0B) LOS objects, 10% free, 135MB/151MB, paused 1.015ms total 43.222ms
08-04 00:05:10.170 26377 26654 I art     : Starting a blocking GC Explicit
08-04 00:05:10.215 26377 26654 I art     : Explicit concurrent mark sweep GC freed 38(1296B) AllocSpace objects, 0(0B) LOS objects, 10% free, 135MB/151MB, paused 1.080ms total 44.297ms
08-04 00:05:10.232 26377 26654 I art     : Starting a blocking GC Explicit
08-04 00:05:10.276 26377 26654 I art     : Explicit concurrent mark sweep GC freed 15(752B) AllocSpace objects, 0(0B) LOS objects, 10% free, 135MB/151MB, paused 1.072ms total 43.063ms
08-04 00:05:10.686 26377 26397 I art     : Starting a blocking GC Explicit
08-04 00:05:10.742 26377 26397 I art     : Explicit concurrent mark sweep GC freed 1599(92KB) AllocSpace objects, 2(36KB) LOS objects, 10% free, 135MB/151MB, paused 1.133ms total 55.572ms
08-04 00:05:10.763 26377 26397 I art     : Starting a blocking GC Explicit
08-04 00:05:10.812 26377 26397 I art     : Explicit concurrent mark sweep GC freed 28(1024B) AllocSpace objects, 0(0B) LOS objects, 10% free, 135MB/151MB, paused 1.193ms total 49.047ms
08-04 00:05:10.833 26377 26397 I art     : Starting a blocking GC Explicit
08-04 00:05:10.879 26377 26397 I art     : Explicit concurrent mark sweep GC freed 3(96B) AllocSpace objects, 0(0B) LOS objects, 10% free, 135MB/151MB, paused 1.056ms total 45.207ms
08-04 00:05:10.896 26377 26397 I art     : Starting a blocking GC Explicit
08-04 00:05:10.945 26377 26397 I art     : Explicit concurrent mark sweep GC freed 3(96B) AllocSpace objects, 0(0B) LOS objects, 10% free, 135MB/151MB, paused 1.126ms total 48.772ms
08-04 00:05:10.963 26377 26397 I art     : Starting a blocking GC Explicit
08-04 00:05:11.008 26377 26397 I art     : Explicit concurrent mark sweep GC freed 3(96B) AllocSpace objects, 0(0B) LOS objects, 10% free, 135MB/151MB, paused 1.082ms total 44.945ms
08-04 00:05:11.359   518   646 I ThermalEngine: ACTION: GPU - Setting GPU[0] to 510000000
08-04 00:05:11.435 26377 26389 I art     : Starting a blocking GC Explicit
08-04 00:05:11.484 26377 26389 I art     : Explicit concurrent mark sweep GC freed 1614(93KB) AllocSpace objects, 2(36KB) LOS objects, 10% free, 135MB/151MB, paused 852us total 48.685ms
08-04 00:05:11.498 26377 26389 I art     : Starting a blocking GC Explicit
08-04 00:05:11.534 26377 26389 I art     : Explicit concurrent mark sweep GC freed 28(1024B) AllocSpace objects, 0(0B) LOS objects, 10% free, 135MB/151MB, paused 840us total 36.151ms
08-04 00:05:11.548 26377 26389 I art     : Starting a blocking GC Explicit
08-04 00:05:11.584 26377 26389 I art     : Explicit concurrent mark sweep GC freed 9(496B) AllocSpace objects, 0(0B) LOS objects, 10% free, 135MB/151MB, paused 862us total 35.556ms
08-04 00:05:11.597 26377 26389 I art     : Starting a blocking GC Explicit
08-04 00:05:11.633 26377 26389 I art     : Explicit concurrent mark sweep GC freed 15(672B) AllocSpace objects, 0(0B) LOS objects, 10% free, 135MB/151MB, paused 836us total 35.548ms
08-04 00:05:11.646 26377 26389 I art     : Starting a blocking GC Explicit
08-04 00:05:11.683 26377 26389 I art     : Explicit concurrent mark sweep GC freed 7(320B) AllocSpace objects, 0(0B) LOS objects, 10% free, 135MB/151MB, paused 803us total 35.835ms
08-04 00:05:12.041 26377 26388 I art     : Starting a blocking GC Explicit
08-04 00:05:12.087 26377 26388 I art     : Explicit concurrent mark sweep GC freed 1582(92KB) AllocSpace objects, 2(36KB) LOS objects, 10% free, 135MB/151MB, paused 779us total 44.714ms
08-04 00:05:12.100 26377 26388 I art     : Starting a blocking GC Explicit
08-04 00:05:12.135 26377 26388 I art     : Explicit concurrent mark sweep GC freed 28(1024B) AllocSpace objects, 0(0B) LOS objects, 10% free, 135MB/151MB, paused 810us total 35.221ms
08-04 00:05:12.149 26377 26388 I art     : Starting a blocking GC Explicit
08-04 00:05:12.184 26377 26388 I art     : Explicit concurrent mark sweep GC freed 34(928B) AllocSpace objects, 0(0B) LOS objects, 10% free, 135MB/151MB, paused 813us total 35.196ms
08-04 00:05:12.198 26377 26388 I art     : Starting a blocking GC Explicit
08-04 00:05:12.233 26377 26388 I art     : Explicit concurrent mark sweep GC freed 3(96B) AllocSpace objects, 0(0B) LOS objects, 10% free, 135MB/151MB, paused 822us total 35.369ms
08-04 00:05:12.247 26377 26388 I art     : Starting a blocking GC Explicit
08-04 00:05:12.283 26377 26388 I art     : Explicit concurrent mark sweep GC freed 3(96B) AllocSpace objects, 0(0B) LOS objects, 10% free, 135MB/151MB, paused 761us total 35.608ms
08-04 00:05:12.661 26377 26654 I art     : Starting a blocking GC Explicit
08-04 00:05:12.706 26377 26654 I art     : Explicit concurrent mark sweep GC freed 1583(92KB) AllocSpace objects, 2(36KB) LOS objects, 10% free, 135MB/151MB, paused 902us total 44.717ms
08-04 00:05:12.720 26377 26654 I art     : Starting a blocking GC Explicit
08-04 00:05:12.756 26377 26654 I art     : Explicit concurrent mark sweep GC freed 28(1024B) AllocSpace objects, 0(0B) LOS objects, 10% free, 135MB/151MB, paused 824us total 36.076ms
08-04 00:05:12.770 26377 26654 I art     : Starting a blocking GC Explicit
08-04 00:05:12.805 26377 26654 I art     : Explicit concurrent mark sweep GC freed 3(96B) AllocSpace objects, 0(0B) LOS objects, 10% free, 135MB/151MB, paused 803us total 35.309ms
08-04 00:05:12.819 26377 26654 I art     : Starting a blocking GC Explicit
08-04 00:05:12.855 26377 26654 I art     : Explicit concurrent mark sweep GC freed 3(96B) AllocSpace objects, 0(0B) LOS objects, 10% free, 135MB/151MB, paused 816us total 36.204ms
08-04 00:05:12.869 26377 26654 I art     : Starting a blocking GC Explicit
08-04 00:05:12.881   918  3261 D WifiStateMachine: starting scan for "H369AA63323"WPA_PSK with 2412,5180
08-04 00:05:12.904 26377 26654 I art     : Explicit concurrent mark sweep GC freed 3(96B) AllocSpace objects, 0(0B) LOS objects, 10% free, 135MB/151MB, paused 833us total 34.874ms
08-04 00:05:13.289 26377 26397 I art     : Starting a blocking GC Explicit
08-04 00:05:13.334 26377 26397 I art     : Explicit concurrent mark sweep GC freed 1626(93KB) AllocSpace objects, 2(36KB) LOS objects, 10% free, 135MB/151MB, paused 784us total 44.098ms
08-04 00:05:13.347 26377 26397 I art     : Starting a blocking GC Explicit
08-04 00:05:13.379 26377 26397 I art     : Explicit concurrent mark sweep GC freed 38(1568B) AllocSpace objects, 0(0B) LOS objects, 10% free, 135MB/151MB, paused 825us total 31.957ms
08-04 00:05:13.392 26377 26397 I art     : Starting a blocking GC Explicit
08-04 00:05:13.426 26377 26397 I art     : Explicit concurrent mark sweep GC freed 3(96B) AllocSpace objects, 0(0B) LOS objects, 10% free, 135MB/151MB, paused 809us total 33.569ms
08-04 00:05:13.439 26377 26397 I art     : Starting a blocking GC Explicit
08-04 00:05:13.473 26377 26397 I art     : Explicit concurrent mark sweep GC freed 3(96B) AllocSpace objects, 0(0B) LOS objects, 10% free, 135MB/151MB, paused 796us total 33.489ms
08-04 00:05:13.485 26377 26397 I art     : Starting a blocking GC Explicit
08-04 00:05:13.519 26377 26397 I art     : Explicit concurrent mark sweep GC freed 3(96B) AllocSpace objects, 0(0B) LOS objects, 10% free, 135MB/151MB, paused 809us total 33.684ms
08-04 00:05:13.754 27867 27867 D AndroidRuntime: >>>>>> START com.android.internal.os.RuntimeInit uid 2000 <<<<<<
08-04 00:05:13.759 27867 27867 D AndroidRuntime: CheckJNI is OFF
08-04 00:05:13.793 27867 27867 D ICU     : No timezone override file found: /data/misc/zoneinfo/current/icu/icu_tzdata.dat
08-04 00:05:13.826 27867 27867 I Radio-JNI: register_android_hardware_Radio DONE
08-04 00:05:13.848 27867 27867 D AndroidRuntime: Calling main entry com.android.commands.input.Input
08-04 00:05:13.850 27867 27867 I Input   : injectKeyEvent: KeyEvent { action=ACTION_DOWN, keyCode=KEYCODE_BACK, scanCode=0, metaState=0, flags=0x0, repeatCount=0, eventTime=662730263, downTime=662730263, deviceId=-1, source=0x101 }
08-04 00:05:13.855 27867 27867 I Input   : injectKeyEvent: KeyEvent { action=ACTION_UP, keyCode=KEYCODE_BACK, scanCode=0, metaState=0, flags=0x0, repeatCount=0, eventTime=662730263, downTime=662730263, deviceId=-1, source=0x101 }
08-04 00:05:13.860 27867 27867 D AndroidRuntime: Shutting down VM
08-04 00:05:13.868 26377 26377 V MainActivity: url = https://project-travel-mate.herokuapp.com/api/number-of-unread-notifications
08-04 00:05:13.882 26377 26389 I art     : Starting a blocking GC Explicit
08-04 00:05:13.899 13866 13866 I GoogleInputMethodServic: GoogleInputMethodService.onFinishInput():3138 
08-04 00:05:13.899 13866 13866 I GoogleInputMethodServic: GoogleInputMethodService.onStartInput():1808 
08-04 00:05:13.917 26377 26389 I art     : Explicit concurrent mark sweep GC freed 1916(105KB) AllocSpace objects, 2(36KB) LOS objects, 10% free, 135MB/151MB, paused 1.050ms total 34.691ms
08-04 00:05:13.932 26377 26389 I art     : Starting a blocking GC Explicit
08-04 00:05:13.962 26377 26389 I art     : Explicit concurrent mark sweep GC freed 170(7KB) AllocSpace objects, 0(0B) LOS objects, 10% free, 135MB/151MB, paused 750us total 30.346ms
08-04 00:05:13.974 26377 26389 I art     : Starting a blocking GC Explicit
08-04 00:05:14.007 26377 26389 I art     : Explicit concurrent mark sweep GC freed 32(2240B) AllocSpace objects, 0(0B) LOS objects, 10% free, 135MB/151MB, paused 955us total 32.465ms
08-04 00:05:14.020 26377 26389 I art     : Starting a blocking GC Explicit
08-04 00:05:14.054 26377 26389 I art     : Explicit concurrent mark sweep GC freed 3(96B) AllocSpace objects, 0(0B) LOS objects, 10% free, 135MB/151MB, paused 737us total 33.497ms
08-04 00:05:14.068 26377 26389 I art     : Starting a blocking GC Explicit
08-04 00:05:14.102 26377 26389 I art     : Explicit concurrent mark sweep GC freed 24(1200B) AllocSpace objects, 0(0B) LOS objects, 10% free, 135MB/151MB, paused 806us total 34.140ms
08-04 00:05:14.186   380   380 W SurfaceFlinger: couldn't log to binary event log: overflow.
08-04 00:05:14.414 26377 27890 I NAPPA_EXPERIMENTATION: MetricNetworkRequestExecutionTime: REQUEST_DURATION_SYSTEM='545',REQUEST_DURATION_OKHTTP='31',REQUEST_SYNCHRONOUS='FALSE',RESPONSE_CODE='200',RESPONSE_METHOD='GET',RESPONSE_LENGTH_OKHTTP='36',RESPONSE_LENGTH_HEADER='36',REQUEST_PROTOCOL='http/1.1',REQUEST_URL='https://project-travel-mate.herokuapp.com/api/number-of-unread-notifications',
08-04 00:05:14.422 26377 26388 I art     : Starting a blocking GC Explicit
08-04 00:05:14.468 26377 26388 I art     : Explicit concurrent mark sweep GC freed 4754(256KB) AllocSpace objects, 5(236KB) LOS objects, 10% free, 135MB/151MB, paused 989us total 45.490ms
08-04 00:05:14.482 26377 26388 I art     : Starting a blocking GC Explicit
08-04 00:05:14.518 26377 26388 I art     : Explicit concurrent mark sweep GC freed 1173(127KB) AllocSpace objects, 0(0B) LOS objects, 10% free, 135MB/151MB, paused 904us total 36.265ms
08-04 00:05:14.531 26377 26388 I art     : Starting a blocking GC Explicit
08-04 00:05:14.568 26377 26388 I art     : Explicit concurrent mark sweep GC freed 3(96B) AllocSpace objects, 0(0B) LOS objects, 10% free, 135MB/151MB, paused 867us total 36.408ms
08-04 00:05:14.582 26377 26388 I art     : Starting a blocking GC Explicit
08-04 00:05:14.619 26377 26388 I art     : Explicit concurrent mark sweep GC freed 15(752B) AllocSpace objects, 0(0B) LOS objects, 10% free, 135MB/151MB, paused 898us total 36.703ms
08-04 00:05:14.633 26377 26388 I art     : Starting a blocking GC Explicit
08-04 00:05:14.670 26377 26388 I art     : Explicit concurrent mark sweep GC freed 13(640B) AllocSpace objects, 0(0B) LOS objects, 10% free, 135MB/151MB, paused 867us total 36.551ms
08-04 00:05:15.020 26377 26397 I art     : Starting a blocking GC Explicit
08-04 00:05:15.054 26377 26397 I art     : Explicit concurrent mark sweep GC freed 1582(91KB) AllocSpace objects, 2(36KB) LOS objects, 10% free, 135MB/151MB, paused 845us total 33.992ms
08-04 00:05:15.067 26377 26397 I art     : Starting a blocking GC Explicit
08-04 00:05:15.099 26377 26397 I art     : Explicit concurrent mark sweep GC freed 28(1024B) AllocSpace objects, 0(0B) LOS objects, 10% free, 135MB/151MB, paused 906us total 32.123ms
08-04 00:05:15.112 26377 26397 I art     : Starting a blocking GC Explicit
08-04 00:05:15.145 26377 26397 I art     : Explicit concurrent mark sweep GC freed 3(96B) AllocSpace objects, 0(0B) LOS objects, 10% free, 135MB/151MB, paused 874us total 33.053ms
08-04 00:05:15.158 26377 26397 I art     : Starting a blocking GC Explicit
08-04 00:05:15.192 26377 26397 I art     : Explicit concurrent mark sweep GC freed 34(928B) AllocSpace objects, 0(0B) LOS objects, 10% free, 135MB/151MB, paused 846us total 33.919ms
08-04 00:05:15.205 26377 26397 I art     : Starting a blocking GC Explicit
08-04 00:05:15.240 26377 26397 I art     : Explicit concurrent mark sweep GC freed 3(96B) AllocSpace objects, 0(0B) LOS objects, 10% free, 135MB/151MB, paused 843us total 34.292ms
08-04 00:05:15.485 27912 27912 D AndroidRuntime: >>>>>> START com.android.internal.os.RuntimeInit uid 2000 <<<<<<
08-04 00:05:15.490 27912 27912 D AndroidRuntime: CheckJNI is OFF
08-04 00:05:15.531 27912 27912 D ICU     : No timezone override file found: /data/misc/zoneinfo/current/icu/icu_tzdata.dat
08-04 00:05:15.569 27912 27912 I Radio-JNI: register_android_hardware_Radio DONE
08-04 00:05:15.586 26377 26397 I art     : Starting a blocking GC Explicit
08-04 00:05:15.590 27912 27912 D AndroidRuntime: Calling main entry com.android.commands.input.Input
08-04 00:05:15.592 27912 27912 I Input   : injectMotionEvent: MotionEvent { action=ACTION_DOWN, actionButton=0, id[0]=0, x[0]=657.0, y[0]=2037.0, toolType[0]=TOOL_TYPE_UNKNOWN, buttonState=0, metaState=0, flags=0x0, edgeFlags=0x0, pointerCount=1, historySize=0, eventTime=662732004, downTime=662732004, deviceId=0, source=0x1002 }
08-04 00:05:15.599 27912 27912 I Input   : injectMotionEvent: MotionEvent { action=ACTION_UP, actionButton=0, id[0]=0, x[0]=657.0, y[0]=2037.0, toolType[0]=TOOL_TYPE_UNKNOWN, buttonState=0, metaState=0, flags=0x0, edgeFlags=0x0, pointerCount=1, historySize=0, eventTime=662732004, downTime=662732004, deviceId=0, source=0x1002 }
08-04 00:05:15.601 27912 27912 D AndroidRuntime: Shutting down VM
08-04 00:05:15.607   918  3359 I ActivityManager: START u0 {cmp=baseline.io.github.project_travel_mate/.utilities.CompassActivity} from uid 10650 on display 0
08-04 00:05:15.610   512  2967 D audio_hw_primary: out_set_parameters: enter: usecase(1: low-latency-playback) kvpairs: routing=2
08-04 00:05:15.626 26377 26397 I art     : Explicit concurrent mark sweep GC freed 1619(97KB) AllocSpace objects, 2(36KB) LOS objects, 10% free, 135MB/151MB, paused 1.088ms total 39.497ms
08-04 00:05:15.626   512  2967 D audio_hw_primary: select_devices: out_snd_device(2: speaker) in_snd_device(0: none)
08-04 00:05:15.626   512  2967 D msm8974_platform: platform_send_audio_calibration: sending audio calibration for snd_device(2) acdb_id(15)
08-04 00:05:15.626   512  2967 I soundtrigger: audio_extn_sound_trigger_update_device_status: device 0x2 of type 0 for Event 1
08-04 00:05:15.636   512  2967 D audio_hw_primary: enable_snd_device: snd_device(2: speaker)
08-04 00:05:15.638   512  2967 D audio_hw_primary: enable_audio_route: apply and update mixer path: low-latency-playback speaker
08-04 00:05:15.640 26377 26397 I art     : Starting a blocking GC Explicit
08-04 00:05:15.674 26377 26397 I art     : Explicit concurrent mark sweep GC freed 329(37KB) AllocSpace objects, 0(0B) LOS objects, 10% free, 135MB/151MB, paused 857us total 33.483ms
08-04 00:05:15.686 26377 26397 I art     : Starting a blocking GC Explicit
08-04 00:05:15.718 26377 26397 I art     : Explicit concurrent mark sweep GC freed 138(6KB) AllocSpace objects, 0(0B) LOS objects, 7% free, 184MB/200MB, paused 962us total 31.560ms
08-04 00:05:15.730 26377 26397 I art     : Starting a blocking GC Explicit
08-04 00:05:15.762 26377 26397 I art     : Explicit concurrent mark sweep GC freed 27(1600B) AllocSpace objects, 0(0B) LOS objects, 7% free, 184MB/200MB, paused 929us total 31.816ms
08-04 00:05:15.775 26377 26397 I art     : Starting a blocking GC Explicit
08-04 00:05:15.807 26377 26397 I art     : Explicit concurrent mark sweep GC freed 3(96B) AllocSpace objects, 0(0B) LOS objects, 7% free, 184MB/200MB, paused 974us total 31.837ms
08-04 00:05:16.041 26377 26377 D CompassActivity: start compass
08-04 00:05:16.042   918  3696 I sensors : batch
08-04 00:05:16.043   918  3696 I sensors : activate
08-04 00:05:16.043   918  5952 I sensors : batch
08-04 00:05:16.043   918  5952 I sensors : activate
08-04 00:05:16.049   918  3188 I hubconnection: sensorhub said: 'batch 1 flags:0, sampling_rate_Hz:50.00, max_report_latency_us:0'
08-04 00:05:16.050   918  3188 I hubconnection: sensorhub said: 'activate 1 enable:1'
08-04 00:05:16.052   918  3188 I hubconnection: sensorhub said: 'batch 3 flags:0, sampling_rate_Hz:50.00, max_report_latency_us:0'
08-04 00:05:16.053   918  3188 I hubconnection: sensorhub said: 'activate 3 enable:1'
08-04 00:05:16.121 26377 26397 I art     : Starting a blocking GC Explicit
08-04 00:05:16.157 26377 26397 I art     : Explicit concurrent mark sweep GC freed 1803(102KB) AllocSpace objects, 2(36KB) LOS objects, 7% free, 187MB/203MB, paused 811us total 35.547ms
08-04 00:05:16.171 26377 26397 I art     : Starting a blocking GC Explicit
08-04 00:05:16.179   512  2967 D audio_hw_primary: disable_audio_route: reset and update mixer path: low-latency-playback speaker
08-04 00:05:16.180   512  2967 D audio_hw_primary: disable_snd_device: snd_device(2: speaker)
08-04 00:05:16.190   512  2967 I soundtrigger: audio_extn_sound_trigger_update_device_status: device 0x2 of type 0 for Event 0
08-04 00:05:16.200 26377 26397 I art     : Explicit concurrent mark sweep GC freed 85(2896B) AllocSpace objects, 0(0B) LOS objects, 7% free, 187MB/203MB, paused 1.091ms total 29.064ms
08-04 00:05:16.217 26377 26377 D CompassActivity: will set rotation from 0.0 to 177.91138
08-04 00:05:16.218 26377 26397 I art     : Starting a blocking GC Explicit
08-04 00:05:16.225 13866 13866 I GoogleInputMethodServic: GoogleInputMethodService.onFinishInput():3138 
08-04 00:05:16.225 26377 26377 D CompassActivity: will set rotation from 177.91138 to 177.91754
08-04 00:05:16.225 26377 26377 D CompassActivity: will set rotation from 177.91754 to 177.92487
08-04 00:05:16.225 13866 13866 I GoogleInputMethodServic: GoogleInputMethodService.onStartInput():1808 
08-04 00:05:16.226   918   936 I ActivityManager: Displayed baseline.io.github.project_travel_mate/.utilities.CompassActivity: +603ms
08-04 00:05:16.248 26377 26397 I art     : Explicit concurrent mark sweep GC freed 45(3KB) AllocSpace objects, 0(0B) LOS objects, 7% free, 187MB/203MB, paused 880us total 29.786ms
08-04 00:05:16.261 26377 26397 I art     : Starting a blocking GC Explicit
08-04 00:05:16.299 26377 26397 I art     : Explicit concurrent mark sweep GC freed 33(1296B) AllocSpace objects, 0(0B) LOS objects, 7% free, 187MB/203MB, paused 893us total 38.186ms
08-04 00:05:16.301 26377 26377 D CompassActivity: will set rotation from 177.92487 to 177.76965
08-04 00:05:16.301 26377 26377 D CompassActivity: will set rotation from 177.76965 to 177.76593
08-04 00:05:16.301 26377 26377 D CompassActivity: will set rotation from 177.76593 to 178.10065
08-04 00:05:16.302 26377 26377 D CompassActivity: will set rotation from 178.10065 to 178.0907
08-04 00:05:16.302 26377 26377 D CompassActivity: will set rotation from 178.0907 to 178.17383
08-04 00:05:16.302 26377 26377 D CompassActivity: will set rotation from 178.17383 to 178.18005
08-04 00:05:16.302 26377 26377 D CompassActivity: will set rotation from 178.18005 to 178.1427
08-04 00:05:16.302 26377 26377 D CompassActivity: will set rotation from 178.1427 to 178.13977
08-04 00:05:16.312 26377 26397 I art     : Starting a blocking GC Explicit
08-04 00:05:16.345 26377 26397 I art     : Explicit concurrent mark sweep GC freed 71(4KB) AllocSpace objects, 0(0B) LOS objects, 7% free, 187MB/203MB, paused 1.057ms total 32.864ms
08-04 00:05:16.405 26377 26377 D CompassActivity: will set rotation from 178.13977 to 178.12164
08-04 00:05:16.405 26377 26377 D CompassActivity: will set rotation from 178.12164 to 178.11914
08-04 00:05:16.405 26377 26377 D CompassActivity: will set rotation from 178.11914 to 178.16614
08-04 00:05:16.406 26377 26377 D CompassActivity: will set rotation from 178.16614 to 178.16968
08-04 00:05:16.406 26377 26377 D CompassActivity: will set rotation from 178.16968 to 178.13269
08-04 00:05:16.406 26377 26377 D CompassActivity: will set rotation from 178.13269 to 178.13159
08-04 00:05:16.406 26377 26377 D CompassActivity: will set rotation from 178.13159 to 178.107
08-04 00:05:16.406 26377 26377 D CompassActivity: will set rotation from 178.107 to 178.10962
08-04 00:05:16.406 26377 26377 D CompassActivity: will set rotation from 178.10962 to 178.26599
08-04 00:05:16.406 26377 26377 D CompassActivity: will set rotation from 178.26599 to 178.27405
08-04 00:05:16.417 26377 26377 D CompassActivity: will set rotation from 178.27405 to 178.2528
08-04 00:05:16.417 26377 26377 D CompassActivity: will set rotation from 178.2528 to 178.2511
08-04 00:05:16.437 26377 26377 D CompassActivity: will set rotation from 178.2511 to 178.2359
08-04 00:05:16.437 26377 26377 D CompassActivity: will set rotation from 178.2359 to 178.23273
08-04 00:05:16.459 26377 26377 D CompassActivity: will set rotation from 178.23273 to 178.38873
08-04 00:05:16.459 26377 26377 D CompassActivity: will set rotation from 178.38873 to 178.39136
08-04 00:05:16.472   380   380 W SurfaceFlinger: couldn't log to binary event log: overflow.
08-04 00:05:16.479 26377 26377 D CompassActivity: will set rotation from 178.39136 to 178.44177
08-04 00:05:16.479 26377 26377 D CompassActivity: will set rotation from 178.44177 to 178.443
08-04 00:05:16.497 26377 26377 D CompassActivity: will set rotation from 178.443 to 178.57501
08-04 00:05:16.497 26377 26377 D CompassActivity: will set rotation from 178.57501 to 178.57617
08-04 00:05:16.518 26377 26377 D CompassActivity: will set rotation from 178.57617 to 178.61041
08-04 00:05:16.519 26377 26377 D CompassActivity: will set rotation from 178.61041 to 178.61292
08-04 00:05:16.537 26377 26377 D CompassActivity: will set rotation from 178.61292 to 178.7193
08-04 00:05:16.537 26377 26377 D CompassActivity: will set rotation from 178.7193 to 178.7171
08-04 00:05:16.557 26377 26377 D CompassActivity: will set rotation from 178.7171 to 178.7052
08-04 00:05:16.558 26377 26377 D CompassActivity: will set rotation from 178.7052 to 178.70258
08-04 00:05:16.577 26377 26377 D CompassActivity: will set rotation from 178.70258 to 178.7605
08-04 00:05:16.577 26377 26377 D CompassActivity: will set rotation from 178.7605 to 178.76154
08-04 00:05:16.597 26377 26377 D CompassActivity: will set rotation from 178.76154 to 178.78052
08-04 00:05:16.597 26377 26377 D CompassActivity: will set rotation from 178.78052 to 178.78027
08-04 00:05:16.681 26377 26377 D CompassActivity: will set rotation from 178.78027 to 178.82709
08-04 00:05:16.681 26377 26377 D CompassActivity: will set rotation from 178.82709 to 178.82684
08-04 00:05:16.682 26377 26377 D CompassActivity: will set rotation from 178.82684 to 178.84357
08-04 00:05:16.682 26377 26377 D CompassActivity: will set rotation from 178.84357 to 178.84253
08-04 00:05:16.682 26377 26377 D CompassActivity: will set rotation from 178.84253 to 178.77045
08-04 00:05:16.682 26377 26377 D CompassActivity: will set rotation from 178.77045 to 178.7691
08-04 00:05:16.682 26377 26377 D CompassActivity: will set rotation from 178.7691 to 178.75952
08-04 00:05:16.682 26377 26377 D CompassActivity: will set rotation from 178.75952 to 178.76044
08-04 00:05:16.698 26377 26377 D CompassActivity: will set rotation from 178.76044 to 178.71149
08-04 00:05:16.698 26377 26377 D CompassActivity: will set rotation from 178.71149 to 178.71234
08-04 00:05:16.710 26377 26397 I art     : Starting a blocking GC Explicit
08-04 00:05:16.717 26377 26377 D CompassActivity: will set rotation from 178.71234 to 178.7268
08-04 00:05:16.717 26377 26377 D CompassActivity: will set rotation from 178.7268 to 178.72772
08-04 00:05:16.736 26377 26377 D CompassActivity: will set rotation from 178.72772 to 178.74109
08-04 00:05:16.736 26377 26377 D CompassActivity: will set rotation from 178.74109 to 178.74542
08-04 00:05:16.742 26377 26397 I art     : Explicit concurrent mark sweep GC freed 2085(122KB) AllocSpace objects, 2(36KB) LOS objects, 7% free, 187MB/203MB, paused 734us total 31.653ms
08-04 00:05:16.754 26377 26397 I art     : Starting a blocking GC Explicit
08-04 00:05:16.756 26377 26377 D CompassActivity: will set rotation from 178.74542 to 178.73242
08-04 00:05:16.757 26377 26377 D CompassActivity: will set rotation from 178.73242 to 178.73407
08-04 00:05:16.777 26377 26377 D CompassActivity: will set rotation from 178.73407 to 178.69879
08-04 00:05:16.777 26377 26377 D CompassActivity: will set rotation from 178.69879 to 178.6997
08-04 00:05:16.789 26377 26397 I art     : Explicit concurrent mark sweep GC freed 655(26KB) AllocSpace objects, 0(0B) LOS objects, 7% free, 187MB/203MB, paused 870us total 35.034ms
08-04 00:05:16.796 26377 26377 D CompassActivity: will set rotation from 178.6997 to 178.66895
08-04 00:05:16.797 26377 26377 D CompassActivity: will set rotation from 178.66895 to 178.67023
08-04 00:05:16.804 26377 26397 I art     : Starting a blocking GC Explicit
08-04 00:05:16.816 26377 26377 D CompassActivity: will set rotation from 178.67023 to 178.61981
08-04 00:05:16.818 26377 26377 D CompassActivity: will set rotation from 178.61981 to 178.61792
08-04 00:05:16.836 26377 26377 D CompassActivity: will set rotation from 178.61792 to 178.61505
08-04 00:05:16.837 26377 26377 D CompassActivity: will set rotation from 178.61505 to 178.61664
08-04 00:05:16.846 26377 26397 I art     : Explicit concurrent mark sweep GC freed 103(5KB) AllocSpace objects, 0(0B) LOS objects, 7% free, 187MB/203MB, paused 746us total 41.998ms
08-04 00:05:16.860 26377 26377 D CompassActivity: will set rotation from 178.61664 to 178.6867
08-04 00:05:16.861 26377 26377 D CompassActivity: will set rotation from 178.6867 to 178.68713
08-04 00:05:16.861 26377 26397 I art     : Starting a blocking GC Explicit
08-04 00:05:16.877 26377 26377 D CompassActivity: will set rotation from 178.68713 to 178.65894
08-04 00:05:16.878 26377 26377 D CompassActivity: will set rotation from 178.65894 to 178.65967
08-04 00:05:16.896 26377 26377 D CompassActivity: will set rotation from 178.65967 to 178.65625
08-04 00:05:16.897 26377 26377 D CompassActivity: will set rotation from 178.65625 to 178.65643
08-04 00:05:16.904 26377 26397 I art     : Explicit concurrent mark sweep GC freed 135(6KB) AllocSpace objects, 0(0B) LOS objects, 7% free, 187MB/203MB, paused 823us total 42.388ms
08-04 00:05:16.916 26377 26377 D CompassActivity: will set rotation from 178.65643 to 178.67474
08-04 00:05:16.917 26377 26377 D CompassActivity: will set rotation from 178.67474 to 178.67352
08-04 00:05:16.921 26377 26397 I art     : Starting a blocking GC Explicit
08-04 00:05:16.936 26377 26377 D CompassActivity: will set rotation from 178.67352 to 178.66687
08-04 00:05:16.937 26377 26377 D CompassActivity: will set rotation from 178.66687 to 178.66473
08-04 00:05:16.958 26377 26377 D CompassActivity: will set rotation from 178.66473 to 178.65894
08-04 00:05:16.959 26377 26377 D CompassActivity: will set rotation from 178.65894 to 178.65662
08-04 00:05:16.964 26377 26397 I art     : Explicit concurrent mark sweep GC freed 132(6KB) AllocSpace objects, 0(0B) LOS objects, 7% free, 187MB/203MB, paused 753us total 42.629ms
08-04 00:05:16.977 26377 26377 D CompassActivity: will set rotation from 178.65662 to 178.65442
08-04 00:05:16.978 26377 26377 D CompassActivity: will set rotation from 178.65442 to 178.65546
08-04 00:05:16.996 26377 26377 D CompassActivity: will set rotation from 178.65546 to 178.62927
08-04 00:05:16.996 26377 26377 D CompassActivity: will set rotation from 178.62927 to 178.62866
08-04 00:05:17.015 26377 26377 D CompassActivity: will set rotation from 178.62866 to 178.61102
08-04 00:05:17.015 26377 26377 D CompassActivity: will set rotation from 178.61102 to 178.60901
08-04 00:05:17.035 26377 26377 D CompassActivity: will set rotation from 178.60901 to 178.62811
08-04 00:05:17.036 26377 26377 D CompassActivity: will set rotation from 178.62811 to 178.62775
08-04 00:05:17.055 26377 26377 D CompassActivity: will set rotation from 178.62775 to 178.66803
08-04 00:05:17.056 26377 26377 D CompassActivity: will set rotation from 178.66803 to 178.66772
08-04 00:05:17.077 26377 26377 D CompassActivity: will set rotation from 178.66772 to 178.6825
08-04 00:05:17.077 26377 26377 D CompassActivity: will set rotation from 178.6825 to 178.6803
08-04 00:05:17.095 26377 26377 D CompassActivity: will set rotation from 178.6803 to 178.73175
08-04 00:05:17.096 26377 26377 D CompassActivity: will set rotation from 178.73175 to 178.73254
08-04 00:05:17.115 26377 26377 D CompassActivity: will set rotation from 178.73254 to 178.72974
08-04 00:05:17.116 26377 26377 D CompassActivity: will set rotation from 178.72974 to 178.73035
08-04 00:05:17.135 26377 26377 D CompassActivity: will set rotation from 178.73035 to 178.68848
08-04 00:05:17.135 26377 26377 D CompassActivity: will set rotation from 178.68848 to 178.68787
08-04 00:05:17.160 26377 26377 D CompassActivity: will set rotation from 178.68787 to 178.70416
08-04 00:05:17.161 26377 26377 D CompassActivity: will set rotation from 178.70416 to 178.70337
08-04 00:05:17.178 26377 26377 D CompassActivity: will set rotation from 178.70337 to 178.71832
08-04 00:05:17.179 26377 26377 D CompassActivity: will set rotation from 178.71832 to 178.7193
08-04 00:05:17.196 26377 26377 D CompassActivity: will set rotation from 178.7193 to 178.75305
08-04 00:05:17.196 26377 26377 D CompassActivity: will set rotation from 178.75305 to 178.75464
08-04 00:05:17.215 26377 26377 D CompassActivity: will set rotation from 178.75464 to 178.78406
08-04 00:05:17.215 26377 26377 D CompassActivity: will set rotation from 178.78406 to 178.78333
08-04 00:05:17.234 26377 26377 D CompassActivity: will set rotation from 178.78333 to 178.79462
08-04 00:05:17.235 26377 26377 D CompassActivity: will set rotation from 178.79462 to 178.79388
08-04 00:05:17.254 26377 26377 D CompassActivity: will set rotation from 178.79388 to 178.82129
08-04 00:05:17.255 26377 26377 D CompassActivity: will set rotation from 178.82129 to 178.81964
08-04 00:05:17.276 26377 26377 D CompassActivity: will set rotation from 178.81964 to 178.80731
08-04 00:05:17.277 26377 26377 D CompassActivity: will set rotation from 178.80731 to 178.80542
08-04 00:05:17.295 26377 26377 D CompassActivity: will set rotation from 178.80542 to 178.77856
08-04 00:05:17.295 26377 26377 D CompassActivity: will set rotation from 178.77856 to 178.77509
08-04 00:05:17.314 26377 26377 D CompassActivity: will set rotation from 178.77509 to 178.73175
08-04 00:05:17.314 26377 26377 D CompassActivity: will set rotation from 178.73175 to 178.73169
08-04 00:05:17.334 26377 26377 D CompassActivity: will set rotation from 178.73169 to 178.74457
08-04 00:05:17.335 26377 26377 D CompassActivity: will set rotation from 178.74457 to 178.74652
08-04 00:05:17.346 26377 26654 I art     : Starting a blocking GC Explicit
08-04 00:05:17.354 26377 26377 D CompassActivity: will set rotation from 178.74652 to 178.74097
08-04 00:05:17.354 26377 26377 D CompassActivity: will set rotation from 178.74097 to 178.74329
08-04 00:05:17.378 26377 26377 D CompassActivity: will set rotation from 178.74329 to 178.75537
08-04 00:05:17.378 26377 26377 D CompassActivity: will set rotation from 178.75537 to 178.75427
08-04 00:05:17.391 26377 26654 I art     : Explicit concurrent mark sweep GC freed 1996(117KB) AllocSpace objects, 2(36KB) LOS objects, 7% free, 187MB/203MB, paused 907us total 44.548ms
08-04 00:05:17.398 26377 26377 D CompassActivity: will set rotation from 178.75427 to 178.76373
08-04 00:05:17.398 26377 26377 D CompassActivity: will set rotation from 178.76373 to 178.76355
08-04 00:05:17.407 26377 26654 I art     : Starting a blocking GC Explicit
08-04 00:05:17.417 26377 26377 D CompassActivity: will set rotation from 178.76355 to 178.7331
08-04 00:05:17.417 26377 26377 D CompassActivity: will set rotation from 178.7331 to 178.73163
08-04 00:05:17.434 26377 26377 D CompassActivity: will set rotation from 178.73163 to 178.67291
08-04 00:05:17.435 26377 26377 D CompassActivity: will set rotation from 178.67291 to 178.67212
08-04 00:05:17.452 26377 26654 I art     : Explicit concurrent mark sweep GC freed 676(26KB) AllocSpace objects, 0(0B) LOS objects, 7% free, 187MB/203MB, paused 874us total 44.376ms
08-04 00:05:17.454 26377 26377 D CompassActivity: will set rotation from 178.67212 to 178.7016
08-04 00:05:17.454 26377 26377 D CompassActivity: will set rotation from 178.7016 to 178.70154
08-04 00:05:17.469 26377 26654 I art     : Starting a blocking GC Explicit
08-04 00:05:17.475 26377 26377 D CompassActivity: will set rotation from 178.70154 to 178.73004
08-04 00:05:17.476 26377 26377 D CompassActivity: will set rotation from 178.73004 to 178.72998
08-04 00:05:17.494 26377 26377 D CompassActivity: will set rotation from 178.72998 to 178.75757
08-04 00:05:17.495 26377 26377 D CompassActivity: will set rotation from 178.75757 to 178.7602
08-04 00:05:17.508 26377 26654 I art     : Explicit concurrent mark sweep GC freed 132(6KB) AllocSpace objects, 0(0B) LOS objects, 7% free, 187MB/203MB, paused 1.219ms total 39.371ms
08-04 00:05:17.515 26377 26377 D CompassActivity: will set rotation from 178.7602 to 178.77179
08-04 00:05:17.516 26377 26377 D CompassActivity: will set rotation from 178.77179 to 178.77197
08-04 00:05:17.525 26377 26654 I art     : Starting a blocking GC Explicit
08-04 00:05:17.533 26377 26377 D CompassActivity: will set rotation from 178.77197 to 178.76288
08-04 00:05:17.534 26377 26377 D CompassActivity: will set rotation from 178.76288 to 178.7605
08-04 00:05:17.554 26377 26377 D CompassActivity: will set rotation from 178.7605 to 178.7691
08-04 00:05:17.555 26377 26377 D CompassActivity: will set rotation from 178.7691 to 178.76794
08-04 00:05:17.568 26377 26654 I art     : Explicit concurrent mark sweep GC freed 132(6KB) AllocSpace objects, 0(0B) LOS objects, 7% free, 187MB/203MB, paused 1.030ms total 42.769ms
08-04 00:05:17.576 26377 26377 D CompassActivity: will set rotation from 178.76794 to 178.77844
08-04 00:05:17.578 26377 26377 D CompassActivity: will set rotation from 178.77844 to 178.78113
08-04 00:05:17.585 26377 26654 I art     : Starting a blocking GC Explicit
08-04 00:05:17.596 26377 26377 D CompassActivity: will set rotation from 178.78113 to 178.776
08-04 00:05:17.597 26377 26377 D CompassActivity: will set rotation from 178.776 to 178.77545
08-04 00:05:17.614 26377 26377 D CompassActivity: will set rotation from 178.77545 to 178.78448
08-04 00:05:17.616 26377 26377 D CompassActivity: will set rotation from 178.78448 to 178.78198
08-04 00:05:17.628 26377 26654 I art     : Explicit concurrent mark sweep GC freed 143(7KB) AllocSpace objects, 0(0B) LOS objects, 7% free, 187MB/203MB, paused 1.136ms total 42.931ms
08-04 00:05:17.634 26377 26377 D CompassActivity: will set rotation from 178.78198 to 178.77356
08-04 00:05:17.635 26377 26377 D CompassActivity: will set rotation from 178.77356 to 178.77246
08-04 00:05:17.653 26377 26377 D CompassActivity: will set rotation from 178.77246 to 178.76501
08-04 00:05:17.654 26377 26377 D CompassActivity: will set rotation from 178.76501 to 178.76422
08-04 00:05:17.676 26377 26377 D CompassActivity: will set rotation from 178.76422 to 178.77533
08-04 00:05:17.677 26377 26377 D CompassActivity: will set rotation from 178.77533 to 178.77502
08-04 00:05:17.695 26377 26377 D CompassActivity: will set rotation from 178.77502 to 178.78699
08-04 00:05:17.696 26377 26377 D CompassActivity: will set rotation from 178.78699 to 178.78699
08-04 00:05:17.714 26377 26377 D CompassActivity: will set rotation from 178.78699 to 178.79565
08-04 00:05:17.714 26377 26377 D CompassActivity: will set rotation from 178.79565 to 178.79712
08-04 00:05:17.733 26377 26377 D CompassActivity: will set rotation from 178.79712 to 178.75787
08-04 00:05:17.733 26377 26377 D CompassActivity: will set rotation from 178.75787 to 178.75903
08-04 00:05:17.753 26377 26377 D CompassActivity: will set rotation from 178.75903 to 178.75403
08-04 00:05:17.753 26377 26377 D CompassActivity: will set rotation from 178.75403 to 178.7536
08-04 00:05:17.779 26377 26377 D CompassActivity: will set rotation from 178.7536 to 178.76624
08-04 00:05:17.779 26377 26377 D CompassActivity: will set rotation from 178.76624 to 178.7674
08-04 00:05:17.795 26377 26377 D CompassActivity: will set rotation from 178.7674 to 178.77924
08-04 00:05:17.795 26377 26377 D CompassActivity: will set rotation from 178.77924 to 178.781
08-04 00:05:17.815 26377 26377 D CompassActivity: will set rotation from 178.781 to 178.78918
08-04 00:05:17.816 26377 26377 D CompassActivity: will set rotation from 178.78918 to 178.78864
08-04 00:05:17.833 26377 26377 D CompassActivity: will set rotation from 178.78864 to 178.79987
08-04 00:05:17.833 26377 26377 D CompassActivity: will set rotation from 178.79987 to 178.79932
08-04 00:05:17.852 26377 26377 D CompassActivity: will set rotation from 178.79932 to 178.8244
08-04 00:05:17.852 26377 26377 D CompassActivity: will set rotation from 178.8244 to 178.82532
08-04 00:05:17.872 26377 26377 D CompassActivity: will set rotation from 178.82532 to 178.84998
08-04 00:05:17.873 26377 26377 D CompassActivity: will set rotation from 178.84998 to 178.84875
08-04 00:05:17.894 26377 26377 D CompassActivity: will set rotation from 178.84875 to 178.85486
08-04 00:05:17.895 26377 26377 D CompassActivity: will set rotation from 178.85486 to 178.85376
08-04 00:05:17.912 26377 26377 D CompassActivity: will set rotation from 178.85376 to 178.87634
08-04 00:05:17.913 26377 26377 D CompassActivity: will set rotation from 178.87634 to 178.87695
08-04 00:05:17.931 26377 26377 D CompassActivity: will set rotation from 178.87695 to 178.85046
08-04 00:05:17.931 26377 26377 D CompassActivity: will set rotation from 178.85046 to 178.84998
08-04 00:05:17.952 26377 26377 D CompassActivity: will set rotation from 178.84998 to 178.84113
08-04 00:05:17.952 26377 26377 D CompassActivity: will set rotation from 178.84113 to 178.84113
08-04 00:05:17.971 26377 26377 D CompassActivity: will set rotation from 178.84113 to 178.84418
08-04 00:05:17.972 26377 26377 D CompassActivity: will set rotation from 178.84418 to 178.84375
08-04 00:05:17.994 26377 26377 D CompassActivity: will set rotation from 178.84375 to 178.84534
08-04 00:05:17.995 26377 26377 D CompassActivity: will set rotation from 178.84534 to 178.84521
08-04 00:05:18.013 26377 26377 D CompassActivity: will set rotation from 178.84521 to 178.83405
08-04 00:05:18.013 26377 26377 D CompassActivity: will set rotation from 178.83405 to 178.83362
08-04 00:05:18.031 26377 26388 I art     : Starting a blocking GC Explicit
08-04 00:05:18.031 26377 26377 D CompassActivity: will set rotation from 178.83362 to 178.83887
08-04 00:05:18.038 26377 26377 D CompassActivity: will set rotation from 178.83887 to 178.83887
08-04 00:05:18.051 26377 26377 D CompassActivity: will set rotation from 178.83887 to 178.81464
08-04 00:05:18.051 26377 26377 D CompassActivity: will set rotation from 178.81464 to 178.81384
08-04 00:05:18.071 26377 26377 D CompassActivity: will set rotation from 178.81384 to 178.77301
08-04 00:05:18.072 26377 26377 D CompassActivity: will set rotation from 178.77301 to 178.77039
08-04 00:05:18.082 26377 26388 I art     : Explicit concurrent mark sweep GC freed 2016(120KB) AllocSpace objects, 2(36KB) LOS objects, 7% free, 187MB/203MB, paused 780us total 50.578ms
08-04 00:05:18.092 26377 26377 D CompassActivity: will set rotation from 178.77039 to 178.77911
08-04 00:05:18.093 26377 26377 D CompassActivity: will set rotation from 178.77911 to 178.77777
08-04 00:05:18.098 26377 26388 I art     : Starting a blocking GC Explicit
08-04 00:05:18.112 26377 26377 D CompassActivity: will set rotation from 178.77777 to 178.80042
08-04 00:05:18.113 26377 26377 D CompassActivity: will set rotation from 178.80042 to 178.79938
08-04 00:05:18.130 26377 26377 D CompassActivity: will set rotation from 178.79938 to 178.77411
08-04 00:05:18.131 26377 26377 D CompassActivity: will set rotation from 178.77411 to 178.77124
08-04 00:05:18.139 26377 26388 I art     : Explicit concurrent mark sweep GC freed 739(28KB) AllocSpace objects, 0(0B) LOS objects, 7% free, 187MB/203MB, paused 920us total 40.911ms
08-04 00:05:18.151 26377 26377 D CompassActivity: will set rotation from 178.77124 to 178.77905
08-04 00:05:18.151 26377 26377 D CompassActivity: will set rotation from 178.77905 to 178.78076
08-04 00:05:18.154 26377 26388 I art     : Starting a blocking GC Explicit
08-04 00:05:18.171 26377 26377 D CompassActivity: will set rotation from 178.78076 to 178.78961
08-04 00:05:18.172 26377 26377 D CompassActivity: will set rotation from 178.78961 to 178.79022
08-04 00:05:18.194 26377 26388 I art     : Explicit concurrent mark sweep GC freed 162(6KB) AllocSpace objects, 0(0B) LOS objects, 7% free, 187MB/203MB, paused 1.048ms total 39.629ms
08-04 00:05:18.195 26377 26377 D CompassActivity: will set rotation from 178.79022 to 178.76477
08-04 00:05:18.195 26377 26377 D CompassActivity: will set rotation from 178.76477 to 178.76563
08-04 00:05:18.208 26377 26388 I art     : Starting a blocking GC Explicit
08-04 00:05:18.212 26377 26377 D CompassActivity: will set rotation from 178.76563 to 178.75696
08-04 00:05:18.212 26377 26377 D CompassActivity: will set rotation from 178.75696 to 178.75848
08-04 00:05:18.231 26377 26377 D CompassActivity: will set rotation from 178.75848 to 178.73322
08-04 00:05:18.231 26377 26377 D CompassActivity: will set rotation from 178.73322 to 178.7326
08-04 00:05:18.248 26377 26388 I art     : Explicit concurrent mark sweep GC freed 103(5KB) AllocSpace objects, 0(0B) LOS objects, 7% free, 187MB/203MB, paused 805us total 39.434ms
08-04 00:05:18.251 26377 26377 D CompassActivity: will set rotation from 178.7326 to 178.71265
08-04 00:05:18.252 26377 26377 D CompassActivity: will set rotation from 178.71265 to 178.71362
08-04 00:05:18.263 26377 26388 I art     : Starting a blocking GC Explicit
08-04 00:05:18.271 26377 26377 D CompassActivity: will set rotation from 178.71362 to 178.71082
08-04 00:05:18.271 26377 26377 D CompassActivity: will set rotation from 178.71082 to 178.71191
08-04 00:05:18.294 26377 26377 D CompassActivity: will set rotation from 178.71191 to 178.65918
08-04 00:05:18.294 26377 26377 D CompassActivity: will set rotation from 178.65918 to 178.65985
08-04 00:05:18.297 26377 26388 I art     : Explicit concurrent mark sweep GC freed 148(6KB) AllocSpace objects, 0(0B) LOS objects, 7% free, 187MB/203MB, paused 809us total 33.906ms
08-04 00:05:18.310 27970 27970 D AndroidRuntime: >>>>>> START com.android.internal.os.RuntimeInit uid 2000 <<<<<<
08-04 00:05:18.313 26377 26377 D CompassActivity: will set rotation from 178.65985 to 178.63904
08-04 00:05:18.314 26377 26377 D CompassActivity: will set rotation from 178.63904 to 178.63916
08-04 00:05:18.315 27970 27970 D AndroidRuntime: CheckJNI is OFF
08-04 00:05:18.330 26377 26377 D CompassActivity: will set rotation from 178.63916 to 178.60278
08-04 00:05:18.330 26377 26377 D CompassActivity: will set rotation from 178.60278 to 178.60303
08-04 00:05:18.345 27970 27970 D ICU     : No timezone override file found: /data/misc/zoneinfo/current/icu/icu_tzdata.dat
08-04 00:05:18.350 26377 26377 D CompassActivity: will set rotation from 178.60303 to 178.5852
08-04 00:05:18.350 26377 26377 D CompassActivity: will set rotation from 178.5852 to 178.5857
08-04 00:05:18.359 23490 23490 I ServiceManager: Waiting for service AtCmdFwd...
08-04 00:05:18.370 26377 26377 D CompassActivity: will set rotation from 178.5857 to 178.58356
08-04 00:05:18.371 26377 26377 D CompassActivity: will set rotation from 178.58356 to 178.58502
08-04 00:05:18.373   518   646 I ThermalEngine: ACTION: GPU - Setting GPU[0] to 450000000
08-04 00:05:18.379 27970 27970 I Radio-JNI: register_android_hardware_Radio DONE
08-04 00:05:18.390 26377 26377 D CompassActivity: will set rotation from 178.58502 to 178.58435
08-04 00:05:18.391 26377 26377 D CompassActivity: will set rotation from 178.58435 to 178.58435
08-04 00:05:18.409 27970 27970 D AndroidRuntime: Calling main entry com.android.commands.input.Input
08-04 00:05:18.411 27970 27970 I Input   : injectKeyEvent: KeyEvent { action=ACTION_DOWN, keyCode=KEYCODE_BACK, scanCode=0, metaState=0, flags=0x0, repeatCount=0, eventTime=662734824, downTime=662734824, deviceId=-1, source=0x101 }
08-04 00:05:18.412 26377 26377 D CompassActivity: will set rotation from 178.58435 to 178.59882
08-04 00:05:18.412 26377 26377 D CompassActivity: will set rotation from 178.59882 to 178.59814
08-04 00:05:18.418 27970 27970 I Input   : injectKeyEvent: KeyEvent { action=ACTION_UP, keyCode=KEYCODE_BACK, scanCode=0, metaState=0, flags=0x0, repeatCount=0, eventTime=662734824, downTime=662734824, deviceId=-1, source=0x101 }
08-04 00:05:18.428 27970 27970 D AndroidRuntime: Shutting down VM
08-04 00:05:18.430   918  3696 I sensors : activate
08-04 00:05:18.430   918  5952 I sensors : activate
08-04 00:05:18.435   918  3188 I hubconnection: sensorhub said: 'activate 1 enable:0'
08-04 00:05:18.437   918  3188 I hubconnection: sensorhub said: 'activate 3 enable:0'
08-04 00:05:18.457 26377 26377 V MainActivity: url = https://project-travel-mate.herokuapp.com/api/number-of-unread-notifications
08-04 00:05:18.580 13866 13866 I GoogleInputMethodServic: GoogleInputMethodService.onFinishInput():3138 
08-04 00:05:18.581 13866 13866 I GoogleInputMethodServic: GoogleInputMethodService.onStartInput():1808 
08-04 00:05:18.674 26377 26397 I art     : Starting a blocking GC Explicit
08-04 00:05:18.714 26377 26397 I art     : Explicit concurrent mark sweep GC freed 2214(122KB) AllocSpace objects, 2(36KB) LOS objects, 7% free, 187MB/203MB, paused 1.070ms total 39.332ms
08-04 00:05:18.730 26377 26397 I art     : Starting a blocking GC Explicit
08-04 00:05:18.774 26377 26397 I art     : Explicit concurrent mark sweep GC freed 284(10KB) AllocSpace objects, 0(0B) LOS objects, 7% free, 187MB/203MB, paused 1.111ms total 43.065ms
08-04 00:05:18.794 26377 26397 I art     : Starting a blocking GC Explicit
08-04 00:05:18.840 26377 26397 I art     : Explicit concurrent mark sweep GC freed 3(96B) AllocSpace objects, 0(0B) LOS objects, 7% free, 187MB/203MB, paused 1.135ms total 46.514ms
08-04 00:05:18.841 26377 26377 D CompassActivity: stop compass
08-04 00:05:18.841   380   380 W SurfaceFlinger: couldn't log to binary event log: overflow.
08-04 00:05:18.858 26377 26397 I art     : Starting a blocking GC Explicit
08-04 00:05:18.902 26377 26397 I art     : Explicit concurrent mark sweep GC freed 22(928B) AllocSpace objects, 0(0B) LOS objects, 7% free, 187MB/203MB, paused 1.130ms total 42.924ms
08-04 00:05:18.919 26377 26397 I art     : Starting a blocking GC Explicit
08-04 00:05:18.980 26377 26397 I art     : Explicit concurrent mark sweep GC freed 1540(93KB) AllocSpace objects, 3(52MB) LOS objects, 10% free, 135MB/151MB, paused 1.262ms total 60.491ms
08-04 00:05:19.041 26377 27991 I NAPPA_EXPERIMENTATION: MetricNetworkRequestExecutionTime: REQUEST_DURATION_SYSTEM='583',REQUEST_DURATION_OKHTTP='28',REQUEST_SYNCHRONOUS='FALSE',RESPONSE_CODE='200',RESPONSE_METHOD='GET',RESPONSE_LENGTH_OKHTTP='36',RESPONSE_LENGTH_HEADER='36',REQUEST_PROTOCOL='http/1.1',REQUEST_URL='https://project-travel-mate.herokuapp.com/api/number-of-unread-notifications',
08-04 00:05:19.360 23490 23490 I ServiceManager: Waiting for service AtCmdFwd...
08-04 00:05:19.368 26377 26388 I art     : Starting a blocking GC Explicit
08-04 00:05:19.429 26377 26388 I art     : Explicit concurrent mark sweep GC freed 4170(230KB) AllocSpace objects, 5(236KB) LOS objects, 10% free, 135MB/151MB, paused 1.293ms total 60.186ms
08-04 00:05:19.449 26377 26388 I art     : Starting a blocking GC Explicit
08-04 00:05:19.494 26377 26388 I art     : Explicit concurrent mark sweep GC freed 964(117KB) AllocSpace objects, 0(0B) LOS objects, 10% free, 135MB/151MB, paused 1.104ms total 45.471ms
08-04 00:05:19.512 26377 26388 I art     : Starting a blocking GC Explicit
08-04 00:05:19.557 26377 26388 I art     : Explicit concurrent mark sweep GC freed 3(96B) AllocSpace objects, 0(0B) LOS objects, 10% free, 135MB/151MB, paused 1.180ms total 44.676ms
08-04 00:05:19.575 26377 26388 I art     : Starting a blocking GC Explicit
08-04 00:05:19.621 26377 26388 I art     : Explicit concurrent mark sweep GC freed 3(96B) AllocSpace objects, 0(0B) LOS objects, 10% free, 135MB/151MB, paused 1.187ms total 45.898ms
08-04 00:05:19.642 26377 26388 I art     : Starting a blocking GC Explicit
08-04 00:05:19.687 26377 26388 I art     : Explicit concurrent mark sweep GC freed 3(96B) AllocSpace objects, 0(0B) LOS objects, 10% free, 135MB/151MB, paused 1.020ms total 44.659ms
08-04 00:05:20.065 26377 26654 I art     : Starting a blocking GC Explicit
08-04 00:05:20.118 26377 26654 I art     : Explicit concurrent mark sweep GC freed 1585(92KB) AllocSpace objects, 2(36KB) LOS objects, 10% free, 135MB/151MB, paused 1.691ms total 52.438ms
08-04 00:05:20.135 26377 26654 I art     : Starting a blocking GC Explicit
08-04 00:05:20.175 26377 26654 I art     : Explicit concurrent mark sweep GC freed 63(1984B) AllocSpace objects, 0(0B) LOS objects, 10% free, 135MB/151MB, paused 1.135ms total 40.365ms
08-04 00:05:20.181 28011 28011 D AndroidRuntime: >>>>>> START com.android.internal.os.RuntimeInit uid 2000 <<<<<<
08-04 00:05:20.186 28011 28011 D AndroidRuntime: CheckJNI is OFF
08-04 00:05:20.192 26377 26654 I art     : Starting a blocking GC Explicit
08-04 00:05:20.228 28011 28011 D ICU     : No timezone override file found: /data/misc/zoneinfo/current/icu/icu_tzdata.dat
08-04 00:05:20.233 26377 26654 I art     : Explicit concurrent mark sweep GC freed 10(320B) AllocSpace objects, 0(0B) LOS objects, 10% free, 135MB/151MB, paused 1.032ms total 40.450ms
08-04 00:05:20.251 26377 26654 I art     : Starting a blocking GC Explicit
08-04 00:05:20.274 28011 28011 I Radio-JNI: register_android_hardware_Radio DONE
08-04 00:05:20.293 26377 26654 I art     : Explicit concurrent mark sweep GC freed 9(288B) AllocSpace objects, 0(0B) LOS objects, 10% free, 135MB/151MB, paused 1.013ms total 42.374ms
08-04 00:05:20.304 28011 28011 D AndroidRuntime: Calling main entry com.android.commands.input.Input
08-04 00:05:20.306 28011 28011 I Input   : injectMotionEvent: MotionEvent { action=ACTION_DOWN, actionButton=0, id[0]=0, x[0]=500.0, y[0]=2000.0, toolType[0]=TOOL_TYPE_UNKNOWN, buttonState=0, metaState=0, flags=0x0, edgeFlags=0x0, pointerCount=1, historySize=0, eventTime=662736719, downTime=662736719, deviceId=0, source=0x1002 }
08-04 00:05:20.310 26377 26654 I art     : Starting a blocking GC Explicit
08-04 00:05:20.313 28011 28011 I Input   : injectMotionEvent: MotionEvent { action=ACTION_MOVE, actionButton=0, id[0]=0, x[0]=500.0, y[0]=2000.0, toolType[0]=TOOL_TYPE_UNKNOWN, buttonState=0, metaState=0, flags=0x0, edgeFlags=0x0, pointerCount=1, historySize=0, eventTime=662736719, downTime=662736719, deviceId=0, source=0x1002 }
08-04 00:05:20.332 28011 28011 I Input   : injectMotionEvent: MotionEvent { action=ACTION_MOVE, actionButton=0, id[0]=0, x[0]=500.0, y[0]=1950.6, toolType[0]=TOOL_TYPE_UNKNOWN, buttonState=0, metaState=0, flags=0x0, edgeFlags=0x0, pointerCount=1, historySize=0, eventTime=662736745, downTime=662736745, deviceId=0, source=0x1002 }
08-04 00:05:20.343 28011 28011 I Input   : injectMotionEvent: MotionEvent { action=ACTION_MOVE, actionButton=0, id[0]=0, x[0]=500.0, y[0]=1929.7, toolType[0]=TOOL_TYPE_UNKNOWN, buttonState=0, metaState=0, flags=0x0, edgeFlags=0x0, pointerCount=1, historySize=0, eventTime=662736756, downTime=662736756, deviceId=0, source=0x1002 }
08-04 00:05:20.353 26377 26654 I art     : Explicit concurrent mark sweep GC freed 12(384B) AllocSpace objects, 0(0B) LOS objects, 10% free, 135MB/151MB, paused 1.064ms total 43.059ms
08-04 00:05:20.361 23490 23490 I ServiceManager: Waiting for service AtCmdFwd...
08-04 00:05:20.366 28011 28011 I Input   : injectMotionEvent: MotionEvent { action=ACTION_MOVE, actionButton=0, id[0]=0, x[0]=500.0, y[0]=1884.1, toolType[0]=TOOL_TYPE_UNKNOWN, buttonState=0, metaState=0, flags=0x0, edgeFlags=0x0, pointerCount=1, historySize=0, eventTime=662736780, downTime=662736780, deviceId=0, source=0x1002 }
08-04 00:05:20.377 28011 28011 I Input   : injectMotionEvent: MotionEvent { action=ACTION_MOVE, actionButton=0, id[0]=0, x[0]=500.0, y[0]=1865.1, toolType[0]=TOOL_TYPE_UNKNOWN, buttonState=0, metaState=0, flags=0x0, edgeFlags=0x0, pointerCount=1, historySize=0, eventTime=662736790, downTime=662736790, deviceId=0, source=0x1002 }
08-04 00:05:20.394 28011 28011 I Input   : injectMotionEvent: MotionEvent { action=ACTION_MOVE, actionButton=0, id[0]=0, x[0]=500.0, y[0]=1832.8, toolType[0]=TOOL_TYPE_UNKNOWN, buttonState=0, metaState=0, flags=0x0, edgeFlags=0x0, pointerCount=1, historySize=0, eventTime=662736807, downTime=662736807, deviceId=0, source=0x1002 }
08-04 00:05:20.410 28011 28011 I Input   : injectMotionEvent: MotionEvent { action=ACTION_MOVE, actionButton=0, id[0]=0, x[0]=500.0, y[0]=1802.4, toolType[0]=TOOL_TYPE_UNKNOWN, buttonState=0, metaState=0, flags=0x0, edgeFlags=0x0, pointerCount=1, historySize=0, eventTime=662736823, downTime=662736823, deviceId=0, source=0x1002 }
08-04 00:05:20.427 28011 28011 I Input   : injectMotionEvent: MotionEvent { action=ACTION_MOVE, actionButton=0, id[0]=0, x[0]=500.0, y[0]=1770.1, toolType[0]=TOOL_TYPE_UNKNOWN, buttonState=0, metaState=0, flags=0x0, edgeFlags=0x0, pointerCount=1, historySize=0, eventTime=662736840, downTime=662736840, deviceId=0, source=0x1002 }
08-04 00:05:20.444 28011 28011 I Input   : injectMotionEvent: MotionEvent { action=ACTION_MOVE, actionButton=0, id[0]=0, x[0]=500.0, y[0]=1737.8, toolType[0]=TOOL_TYPE_UNKNOWN, buttonState=0, metaState=0, flags=0x0, edgeFlags=0x0, pointerCount=1, historySize=0, eventTime=662736857, downTime=662736857, deviceId=0, source=0x1002 }
08-04 00:05:20.461 28011 28011 I Input   : injectMotionEvent: MotionEvent { action=ACTION_MOVE, actionButton=0, id[0]=0, x[0]=500.0, y[0]=1705.5, toolType[0]=TOOL_TYPE_UNKNOWN, buttonState=0, metaState=0, flags=0x0, edgeFlags=0x0, pointerCount=1, historySize=0, eventTime=662736874, downTime=662736874, deviceId=0, source=0x1002 }
08-04 00:05:20.478 28011 28011 I Input   : injectMotionEvent: MotionEvent { action=ACTION_MOVE, actionButton=0, id[0]=0, x[0]=500.0, y[0]=1673.2, toolType[0]=TOOL_TYPE_UNKNOWN, buttonState=0, metaState=0, flags=0x0, edgeFlags=0x0, pointerCount=1, historySize=0, eventTime=662736891, downTime=662736891, deviceId=0, source=0x1002 }
08-04 00:05:20.495 28011 28011 I Input   : injectMotionEvent: MotionEvent { action=ACTION_MOVE, actionButton=0, id[0]=0, x[0]=500.0, y[0]=1640.9, toolType[0]=TOOL_TYPE_UNKNOWN, buttonState=0, metaState=0, flags=0x0, edgeFlags=0x0, pointerCount=1, historySize=0, eventTime=662736908, downTime=662736908, deviceId=0, source=0x1002 }
08-04 00:05:20.511 28011 28011 I Input   : injectMotionEvent: MotionEvent { action=ACTION_MOVE, actionButton=0, id[0]=0, x[0]=500.0, y[0]=1610.5, toolType[0]=TOOL_TYPE_UNKNOWN, buttonState=0, metaState=0, flags=0x0, edgeFlags=0x0, pointerCount=1, historySize=0, eventTime=662736924, downTime=662736924, deviceId=0, source=0x1002 }
08-04 00:05:20.528 28011 28011 I Input   : injectMotionEvent: MotionEvent { action=ACTION_MOVE, actionButton=0, id[0]=0, x[0]=500.0, y[0]=1578.2, toolType[0]=TOOL_TYPE_UNKNOWN, buttonState=0, metaState=0, flags=0x0, edgeFlags=0x0, pointerCount=1, historySize=0, eventTime=662736941, downTime=662736941, deviceId=0, source=0x1002 }
08-04 00:05:20.545 28011 28011 I Input   : injectMotionEvent: MotionEvent { action=ACTION_MOVE, actionButton=0, id[0]=0, x[0]=500.0, y[0]=1545.9, toolType[0]=TOOL_TYPE_UNKNOWN, buttonState=0, metaState=0, flags=0x0, edgeFlags=0x0, pointerCount=1, historySize=0, eventTime=662736958, downTime=662736958, deviceId=0, source=0x1002 }
08-04 00:05:20.561 28011 28011 I Input   : injectMotionEvent: MotionEvent { action=ACTION_MOVE, actionButton=0, id[0]=0, x[0]=500.0, y[0]=1515.5, toolType[0]=TOOL_TYPE_UNKNOWN, buttonState=0, metaState=0, flags=0x0, edgeFlags=0x0, pointerCount=1, historySize=0, eventTime=662736974, downTime=662736974, deviceId=0, source=0x1002 }
08-04 00:05:20.578 28011 28011 I Input   : injectMotionEvent: MotionEvent { action=ACTION_MOVE, actionButton=0, id[0]=0, x[0]=500.0, y[0]=1483.2, toolType[0]=TOOL_TYPE_UNKNOWN, buttonState=0, metaState=0, flags=0x0, edgeFlags=0x0, pointerCount=1, historySize=0, eventTime=662736991, downTime=662736991, deviceId=0, source=0x1002 }
08-04 00:05:20.597 28011 28011 I Input   : injectMotionEvent: MotionEvent { action=ACTION_MOVE, actionButton=0, id[0]=0, x[0]=500.0, y[0]=1449.0, toolType[0]=TOOL_TYPE_UNKNOWN, buttonState=0, metaState=0, flags=0x0, edgeFlags=0x0, pointerCount=1, historySize=0, eventTime=662737009, downTime=662737009, deviceId=0, source=0x1002 }
08-04 00:05:20.610 28011 28011 I Input   : injectMotionEvent: MotionEvent { action=ACTION_MOVE, actionButton=0, id[0]=0, x[0]=500.0, y[0]=1420.5, toolType[0]=TOOL_TYPE_UNKNOWN, buttonState=0, metaState=0, flags=0x0, edgeFlags=0x0, pointerCount=1, historySize=0, eventTime=662737024, downTime=662737024, deviceId=0, source=0x1002 }
08-04 00:05:20.628 28011 28011 I Input   : injectMotionEvent: MotionEvent { action=ACTION_MOVE, actionButton=0, id[0]=0, x[0]=500.0, y[0]=1388.2, toolType[0]=TOOL_TYPE_UNKNOWN, buttonState=0, metaState=0, flags=0x0, edgeFlags=0x0, pointerCount=1, historySize=0, eventTime=662737041, downTime=662737041, deviceId=0, source=0x1002 }
08-04 00:05:20.644 28011 28011 I Input   : injectMotionEvent: MotionEvent { action=ACTION_MOVE, actionButton=0, id[0]=0, x[0]=500.0, y[0]=1357.8, toolType[0]=TOOL_TYPE_UNKNOWN, buttonState=0, metaState=0, flags=0x0, edgeFlags=0x0, pointerCount=1, historySize=0, eventTime=662737057, downTime=662737057, deviceId=0, source=0x1002 }
08-04 00:05:20.661 28011 28011 I Input   : injectMotionEvent: MotionEvent { action=ACTION_MOVE, actionButton=0, id[0]=0, x[0]=500.0, y[0]=1325.5, toolType[0]=TOOL_TYPE_UNKNOWN, buttonState=0, metaState=0, flags=0x0, edgeFlags=0x0, pointerCount=1, historySize=0, eventTime=662737074, downTime=662737074, deviceId=0, source=0x1002 }
08-04 00:05:20.678 28011 28011 I Input   : injectMotionEvent: MotionEvent { action=ACTION_MOVE, actionButton=0, id[0]=0, x[0]=500.0, y[0]=1293.2, toolType[0]=TOOL_TYPE_UNKNOWN, buttonState=0, metaState=0, flags=0x0, edgeFlags=0x0, pointerCount=1, historySize=0, eventTime=662737091, downTime=662737091, deviceId=0, source=0x1002 }
08-04 00:05:20.694 28011 28011 I Input   : injectMotionEvent: MotionEvent { action=ACTION_MOVE, actionButton=0, id[0]=0, x[0]=500.0, y[0]=1262.8, toolType[0]=TOOL_TYPE_UNKNOWN, buttonState=0, metaState=0, flags=0x0, edgeFlags=0x0, pointerCount=1, historySize=0, eventTime=662737107, downTime=662737107, deviceId=0, source=0x1002 }
08-04 00:05:20.713 28011 28011 I Input   : injectMotionEvent: MotionEvent { action=ACTION_MOVE, actionButton=0, id[0]=0, x[0]=500.0, y[0]=1226.7, toolType[0]=TOOL_TYPE_UNKNOWN, buttonState=0, metaState=0, flags=0x0, edgeFlags=0x0, pointerCount=1, historySize=0, eventTime=662737126, downTime=662737126, deviceId=0, source=0x1002 }
08-04 00:05:20.728 28011 28011 I Input   : injectMotionEvent: MotionEvent { action=ACTION_MOVE, actionButton=0, id[0]=0, x[0]=500.0, y[0]=1198.2, toolType[0]=TOOL_TYPE_UNKNOWN, buttonState=0, metaState=0, flags=0x0, edgeFlags=0x0, pointerCount=1, historySize=0, eventTime=662737141, downTime=662737141, deviceId=0, source=0x1002 }
08-04 00:05:20.762 26377 26388 I art     : Starting a blocking GC Explicit
08-04 00:05:20.803 28011 28011 I Input   : injectMotionEvent: MotionEvent { action=ACTION_MOVE, actionButton=0, id[0]=0, x[0]=500.0, y[0]=1055.7, toolType[0]=TOOL_TYPE_UNKNOWN, buttonState=0, metaState=0, flags=0x0, edgeFlags=0x0, pointerCount=1, historySize=0, eventTime=662737216, downTime=662737216, deviceId=0, source=0x1002 }
08-04 00:05:20.803 26377 26388 I art     : Explicit concurrent mark sweep GC freed 1662(95KB) AllocSpace objects, 2(36KB) LOS objects, 10% free, 135MB/151MB, paused 1.127ms total 40.066ms
08-04 00:05:20.819 26377 26388 I art     : Starting a blocking GC Explicit
08-04 00:05:20.859 26377 26388 I art     : Explicit concurrent mark sweep GC freed 59(2544B) AllocSpace objects, 0(0B) LOS objects, 10% free, 135MB/151MB, paused 1.248ms total 40.170ms
08-04 00:05:20.861 28011 28011 I Input   : injectMotionEvent: MotionEvent { action=ACTION_MOVE, actionButton=0, id[0]=0, x[0]=500.0, y[0]=945.5, toolType[0]=TOOL_TYPE_UNKNOWN, buttonState=0, metaState=0, flags=0x0, edgeFlags=0x0, pointerCount=1, historySize=0, eventTime=662737274, downTime=662737274, deviceId=0, source=0x1002 }
08-04 00:05:20.875 26377 26388 I art     : Starting a blocking GC Explicit
08-04 00:05:20.916 26377 26388 I art     : Explicit concurrent mark sweep GC freed 3(96B) AllocSpace objects, 0(0B) LOS objects, 10% free, 135MB/151MB, paused 1.223ms total 40.158ms
08-04 00:05:20.923 28011 28011 I Input   : injectMotionEvent: MotionEvent { action=ACTION_MOVE, actionButton=0, id[0]=0, x[0]=500.0, y[0]=827.7001, toolType[0]=TOOL_TYPE_UNKNOWN, buttonState=0, metaState=0, flags=0x0, edgeFlags=0x0, pointerCount=1, historySize=0, eventTime=662737336, downTime=662737336, deviceId=0, source=0x1002 }
08-04 00:05:20.933 26377 26388 I art     : Starting a blocking GC Explicit
08-04 00:05:20.972 26377 26388 I art     : Explicit concurrent mark sweep GC freed 3(96B) AllocSpace objects, 0(0B) LOS objects, 10% free, 135MB/151MB, paused 1.232ms total 39.086ms
08-04 00:05:20.986 28011 28011 I Input   : injectMotionEvent: MotionEvent { action=ACTION_MOVE, actionButton=0, id[0]=0, x[0]=500.0, y[0]=708.0, toolType[0]=TOOL_TYPE_UNKNOWN, buttonState=0, metaState=0, flags=0x0, edgeFlags=0x0, pointerCount=1, historySize=0, eventTime=662737399, downTime=662737399, deviceId=0, source=0x1002 }
08-04 00:05:20.992 26377 26388 I art     : Starting a blocking GC Explicit
08-04 00:05:21.032 26377 26388 I art     : Explicit concurrent mark sweep GC freed 3(96B) AllocSpace objects, 0(0B) LOS objects, 10% free, 135MB/151MB, paused 1.216ms total 39.143ms
08-04 00:05:21.051 28011 28011 I Input   : injectMotionEvent: MotionEvent { action=ACTION_MOVE, actionButton=0, id[0]=0, x[0]=500.0, y[0]=584.5, toolType[0]=TOOL_TYPE_UNKNOWN, buttonState=0, metaState=0, flags=0x0, edgeFlags=0x0, pointerCount=1, historySize=0, eventTime=662737464, downTime=662737464, deviceId=0, source=0x1002 }
08-04 00:05:21.111 28011 28011 I Input   : injectMotionEvent: MotionEvent { action=ACTION_MOVE, actionButton=0, id[0]=0, x[0]=500.0, y[0]=468.59998, toolType[0]=TOOL_TYPE_UNKNOWN, buttonState=0, metaState=0, flags=0x0, edgeFlags=0x0, pointerCount=1, historySize=0, eventTime=662737525, downTime=662737525, deviceId=0, source=0x1002 }
08-04 00:05:21.170 28011 28011 I Input   : injectMotionEvent: MotionEvent { action=ACTION_MOVE, actionButton=0, id[0]=0, x[0]=500.0, y[0]=358.3999, toolType[0]=TOOL_TYPE_UNKNOWN, buttonState=0, metaState=0, flags=0x0, edgeFlags=0x0, pointerCount=1, historySize=0, eventTime=662737583, downTime=662737583, deviceId=0, source=0x1002 }
08-04 00:05:21.258 28011 28011 I Input   : injectMotionEvent: MotionEvent { action=ACTION_MOVE, actionButton=0, id[0]=0, x[0]=500.0, y[0]=191.19995, toolType[0]=TOOL_TYPE_UNKNOWN, buttonState=0, metaState=0, flags=0x0, edgeFlags=0x0, pointerCount=1, historySize=0, eventTime=662737671, downTime=662737671, deviceId=0, source=0x1002 }
08-04 00:05:21.297 28011 28011 I Input   : injectMotionEvent: MotionEvent { action=ACTION_MOVE, actionButton=0, id[0]=0, x[0]=500.0, y[0]=117.099976, toolType[0]=TOOL_TYPE_UNKNOWN, buttonState=0, metaState=0, flags=0x0, edgeFlags=0x0, pointerCount=1, historySize=0, eventTime=662737710, downTime=662737710, deviceId=0, source=0x1002 }
08-04 00:05:21.333 28011 28011 I Input   : injectMotionEvent: MotionEvent { action=ACTION_UP, actionButton=0, id[0]=0, x[0]=500.0, y[0]=100.0, toolType[0]=TOOL_TYPE_UNKNOWN, buttonState=0, metaState=0, flags=0x0, edgeFlags=0x0, pointerCount=1, historySize=0, eventTime=662737747, downTime=662737747, deviceId=0, source=0x1002 }
08-04 00:05:21.362 23490 23490 I ServiceManager: Waiting for service AtCmdFwd...
08-04 00:05:21.386 28011 28011 D AndroidRuntime: Shutting down VM
08-04 00:05:21.417 26377 26388 I art     : Starting a blocking GC Explicit
08-04 00:05:21.461 26377 26388 I art     : Explicit concurrent mark sweep GC freed 1638(93KB) AllocSpace objects, 2(36KB) LOS objects, 10% free, 135MB/151MB, paused 1.098ms total 43.734ms
08-04 00:05:21.478 26377 26388 I art     : Starting a blocking GC Explicit
08-04 00:05:21.519 26377 26388 I art     : Explicit concurrent mark sweep GC freed 28(1024B) AllocSpace objects, 0(0B) LOS objects, 10% free, 135MB/151MB, paused 1.060ms total 40.648ms
08-04 00:05:21.536 26377 26388 I art     : Starting a blocking GC Explicit
08-04 00:05:21.574 26377 26388 I art     : Explicit concurrent mark sweep GC freed 3(96B) AllocSpace objects, 0(0B) LOS objects, 10% free, 135MB/151MB, paused 1.032ms total 38.249ms
08-04 00:05:21.592 26377 26388 I art     : Starting a blocking GC Explicit
08-04 00:05:21.633 26377 26388 I art     : Explicit concurrent mark sweep GC freed 4(128B) AllocSpace objects, 0(0B) LOS objects, 10% free, 135MB/151MB, paused 1.030ms total 40.703ms
08-04 00:05:21.650 26377 26388 I art     : Starting a blocking GC Explicit
08-04 00:05:21.688 26377 26388 I art     : Explicit concurrent mark sweep GC freed 3(96B) AllocSpace objects, 0(0B) LOS objects, 10% free, 135MB/151MB, paused 1.112ms total 37.572ms
08-04 00:05:22.062 26377 26397 I art     : Starting a blocking GC Explicit
08-04 00:05:22.104 26377 26397 I art     : Explicit concurrent mark sweep GC freed 1590(92KB) AllocSpace objects, 2(36KB) LOS objects, 10% free, 135MB/151MB, paused 1.057ms total 42.342ms
08-04 00:05:22.122 26377 26397 I art     : Starting a blocking GC Explicit
08-04 00:05:22.129 28060 28060 D AndroidRuntime: >>>>>> START com.android.internal.os.RuntimeInit uid 2000 <<<<<<
08-04 00:05:22.134 28060 28060 D AndroidRuntime: CheckJNI is OFF
08-04 00:05:22.168 26377 26397 I art     : Explicit concurrent mark sweep GC freed 58(1824B) AllocSpace objects, 0(0B) LOS objects, 10% free, 135MB/151MB, paused 1.140ms total 45.788ms
08-04 00:05:22.173 28060 28060 D ICU     : No timezone override file found: /data/misc/zoneinfo/current/icu/icu_tzdata.dat
08-04 00:05:22.185 26377 26397 I art     : Starting a blocking GC Explicit
08-04 00:05:22.212 28060 28060 I Radio-JNI: register_android_hardware_Radio DONE
08-04 00:05:22.223 26377 26397 I art     : Explicit concurrent mark sweep GC freed 4(128B) AllocSpace objects, 0(0B) LOS objects, 10% free, 135MB/151MB, paused 1.081ms total 37.676ms
08-04 00:05:22.240 28060 28060 D AndroidRuntime: Calling main entry com.android.commands.input.Input
08-04 00:05:22.241 26377 26397 I art     : Starting a blocking GC Explicit
08-04 00:05:22.242 28060 28060 I Input   : injectMotionEvent: MotionEvent { action=ACTION_DOWN, actionButton=0, id[0]=0, x[0]=500.0, y[0]=2000.0, toolType[0]=TOOL_TYPE_UNKNOWN, buttonState=0, metaState=0, flags=0x0, edgeFlags=0x0, pointerCount=1, historySize=0, eventTime=662738655, downTime=662738655, deviceId=0, source=0x1002 }
08-04 00:05:22.246 28060 28060 I Input   : injectMotionEvent: MotionEvent { action=ACTION_MOVE, actionButton=0, id[0]=0, x[0]=500.0, y[0]=2000.0, toolType[0]=TOOL_TYPE_UNKNOWN, buttonState=0, metaState=0, flags=0x0, edgeFlags=0x0, pointerCount=1, historySize=0, eventTime=662738655, downTime=662738655, deviceId=0, source=0x1002 }
08-04 00:05:22.262 28060 28060 I Input   : injectMotionEvent: MotionEvent { action=ACTION_MOVE, actionButton=0, id[0]=0, x[0]=500.0, y[0]=1962.0, toolType[0]=TOOL_TYPE_UNKNOWN, buttonState=0, metaState=0, flags=0x0, edgeFlags=0x0, pointerCount=1, historySize=0, eventTime=662738675, downTime=662738675, deviceId=0, source=0x1002 }
08-04 00:05:22.279 28060 28060 I Input   : injectMotionEvent: MotionEvent { action=ACTION_MOVE, actionButton=0, id[0]=0, x[0]=500.0, y[0]=1931.6, toolType[0]=TOOL_TYPE_UNKNOWN, buttonState=0, metaState=0, flags=0x0, edgeFlags=0x0, pointerCount=1, historySize=0, eventTime=662738691, downTime=662738691, deviceId=0, source=0x1002 }
08-04 00:05:22.280 26377 26397 I art     : Explicit concurrent mark sweep GC freed 19(880B) AllocSpace objects, 0(0B) LOS objects, 10% free, 135MB/151MB, paused 1.076ms total 38.565ms
08-04 00:05:22.297 26377 26397 I art     : Starting a blocking GC Explicit
08-04 00:05:22.297 28060 28060 I Input   : injectMotionEvent: MotionEvent { action=ACTION_MOVE, actionButton=0, id[0]=0, x[0]=500.0, y[0]=1897.4, toolType[0]=TOOL_TYPE_UNKNOWN, buttonState=0, metaState=0, flags=0x0, edgeFlags=0x0, pointerCount=1, historySize=0, eventTime=662738709, downTime=662738709, deviceId=0, source=0x1002 }
08-04 00:05:22.340 26377 26397 I art     : Explicit concurrent mark sweep GC freed 22(928B) AllocSpace objects, 0(0B) LOS objects, 10% free, 135MB/151MB, paused 1.239ms total 42.618ms
08-04 00:05:22.362 23490 23490 I ServiceManager: Waiting for service AtCmdFwd...
08-04 00:05:22.400 28060 28060 I Input   : injectMotionEvent: MotionEvent { action=ACTION_MOVE, actionButton=0, id[0]=0, x[0]=500.0, y[0]=1699.8, toolType[0]=TOOL_TYPE_UNKNOWN, buttonState=0, metaState=0, flags=0x0, edgeFlags=0x0, pointerCount=1, historySize=0, eventTime=662738813, downTime=662738813, deviceId=0, source=0x1002 }
08-04 00:05:22.436 28060 28060 I Input   : injectMotionEvent: MotionEvent { action=ACTION_MOVE, actionButton=0, id[0]=0, x[0]=500.0, y[0]=1631.4, toolType[0]=TOOL_TYPE_UNKNOWN, buttonState=0, metaState=0, flags=0x0, edgeFlags=0x0, pointerCount=1, historySize=0, eventTime=662738849, downTime=662738849, deviceId=0, source=0x1002 }
08-04 00:05:22.473 28060 28060 I Input   : injectMotionEvent: MotionEvent { action=ACTION_MOVE, actionButton=0, id[0]=0, x[0]=500.0, y[0]=1559.2, toolType[0]=TOOL_TYPE_UNKNOWN, buttonState=0, metaState=0, flags=0x0, edgeFlags=0x0, pointerCount=1, historySize=0, eventTime=662738887, downTime=662738887, deviceId=0, source=0x1002 }
08-04 00:05:22.513 28060 28060 I Input   : injectMotionEvent: MotionEvent { action=ACTION_MOVE, actionButton=0, id[0]=0, x[0]=500.0, y[0]=1485.1, toolType[0]=TOOL_TYPE_UNKNOWN, buttonState=0, metaState=0, flags=0x0, edgeFlags=0x0, pointerCount=1, historySize=0, eventTime=662738926, downTime=662738926, deviceId=0, source=0x1002 }
08-04 00:05:22.550 28060 28060 I Input   : injectMotionEvent: MotionEvent { action=ACTION_MOVE, actionButton=0, id[0]=0, x[0]=500.0, y[0]=1414.8, toolType[0]=TOOL_TYPE_UNKNOWN, buttonState=0, metaState=0, flags=0x0, edgeFlags=0x0, pointerCount=1, historySize=0, eventTime=662738963, downTime=662738963, deviceId=0, source=0x1002 }
08-04 00:05:22.589 28060 28060 I Input   : injectMotionEvent: MotionEvent { action=ACTION_MOVE, actionButton=0, id[0]=0, x[0]=500.0, y[0]=1340.7, toolType[0]=TOOL_TYPE_UNKNOWN, buttonState=0, metaState=0, flags=0x0, edgeFlags=0x0, pointerCount=1, historySize=0, eventTime=662739002, downTime=662739002, deviceId=0, source=0x1002 }
08-04 00:05:22.628 28060 28060 I Input   : injectMotionEvent: MotionEvent { action=ACTION_MOVE, actionButton=0, id[0]=0, x[0]=500.0, y[0]=1266.6, toolType[0]=TOOL_TYPE_UNKNOWN, buttonState=0, metaState=0, flags=0x0, edgeFlags=0x0, pointerCount=1, historySize=0, eventTime=662739041, downTime=662739041, deviceId=0, source=0x1002 }
08-04 00:05:22.667 28060 28060 I Input   : injectMotionEvent: MotionEvent { action=ACTION_MOVE, actionButton=0, id[0]=0, x[0]=500.0, y[0]=1190.6, toolType[0]=TOOL_TYPE_UNKNOWN, buttonState=0, metaState=0, flags=0x0, edgeFlags=0x0, pointerCount=1, historySize=0, eventTime=662739081, downTime=662739081, deviceId=0, source=0x1002 }
08-04 00:05:22.707 28060 28060 I Input   : injectMotionEvent: MotionEvent { action=ACTION_MOVE, actionButton=0, id[0]=0, x[0]=500.0, y[0]=1116.5, toolType[0]=TOOL_TYPE_UNKNOWN, buttonState=0, metaState=0, flags=0x0, edgeFlags=0x0, pointerCount=1, historySize=0, eventTime=662739120, downTime=662739120, deviceId=0, source=0x1002 }
08-04 00:05:22.722 26377 26397 I art     : Starting a blocking GC Explicit
08-04 00:05:22.744 28060 28060 I Input   : injectMotionEvent: MotionEvent { action=ACTION_MOVE, actionButton=0, id[0]=0, x[0]=500.0, y[0]=1046.2001, toolType[0]=TOOL_TYPE_UNKNOWN, buttonState=0, metaState=0, flags=0x0, edgeFlags=0x0, pointerCount=1, historySize=0, eventTime=662739157, downTime=662739157, deviceId=0, source=0x1002 }
08-04 00:05:22.762 26377 26397 I art     : Explicit concurrent mark sweep GC freed 1635(94KB) AllocSpace objects, 2(36KB) LOS objects, 10% free, 135MB/151MB, paused 1.068ms total 39.526ms
08-04 00:05:22.779 26377 26397 I art     : Starting a blocking GC Explicit
08-04 00:05:22.786 28060 28060 I Input   : injectMotionEvent: MotionEvent { action=ACTION_MOVE, actionButton=0, id[0]=0, x[0]=500.0, y[0]=966.3999, toolType[0]=TOOL_TYPE_UNKNOWN, buttonState=0, metaState=0, flags=0x0, edgeFlags=0x0, pointerCount=1, historySize=0, eventTime=662739199, downTime=662739199, deviceId=0, source=0x1002 }
08-04 00:05:22.823 26377 26397 I art     : Explicit concurrent mark sweep GC freed 28(1024B) AllocSpace objects, 0(0B) LOS objects, 10% free, 135MB/151MB, paused 1.171ms total 43.475ms
08-04 00:05:22.825 28060 28060 I Input   : injectMotionEvent: MotionEvent { action=ACTION_MOVE, actionButton=0, id[0]=0, x[0]=500.0, y[0]=892.30005, toolType[0]=TOOL_TYPE_UNKNOWN, buttonState=0, metaState=0, flags=0x0, edgeFlags=0x0, pointerCount=1, historySize=0, eventTime=662739238, downTime=662739238, deviceId=0, source=0x1002 }
08-04 00:05:22.840 26377 26397 I art     : Starting a blocking GC Explicit
08-04 00:05:22.862 28060 28060 I Input   : injectMotionEvent: MotionEvent { action=ACTION_MOVE, actionButton=0, id[0]=0, x[0]=500.0, y[0]=820.1, toolType[0]=TOOL_TYPE_UNKNOWN, buttonState=0, metaState=0, flags=0x0, edgeFlags=0x0, pointerCount=1, historySize=0, eventTime=662739276, downTime=662739276, deviceId=0, source=0x1002 }
08-04 00:05:22.879 26377 26397 I art     : Explicit concurrent mark sweep GC freed 3(96B) AllocSpace objects, 0(0B) LOS objects, 10% free, 135MB/151MB, paused 1.054ms total 39.040ms
08-04 00:05:22.899 26377 26397 I art     : Starting a blocking GC Explicit
08-04 00:05:22.903 28060 28060 I Input   : injectMotionEvent: MotionEvent { action=ACTION_MOVE, actionButton=0, id[0]=0, x[0]=500.0, y[0]=742.19995, toolType[0]=TOOL_TYPE_UNKNOWN, buttonState=0, metaState=0, flags=0x0, edgeFlags=0x0, pointerCount=1, historySize=0, eventTime=662739317, downTime=662739317, deviceId=0, source=0x1002 }
08-04 00:05:22.940 26377 26397 I art     : Explicit concurrent mark sweep GC freed 5(160B) AllocSpace objects, 0(0B) LOS objects, 10% free, 135MB/151MB, paused 1.189ms total 40.512ms
08-04 00:05:22.942 28060 28060 I Input   : injectMotionEvent: MotionEvent { action=ACTION_MOVE, actionButton=0, id[0]=0, x[0]=500.0, y[0]=670.0, toolType[0]=TOOL_TYPE_UNKNOWN, buttonState=0, metaState=0, flags=0x0, edgeFlags=0x0, pointerCount=1, historySize=0, eventTime=662739355, downTime=662739355, deviceId=0, source=0x1002 }
08-04 00:05:22.957 26377 26397 I art     : Starting a blocking GC Explicit
08-04 00:05:22.981 28060 28060 I Input   : injectMotionEvent: MotionEvent { action=ACTION_MOVE, actionButton=0, id[0]=0, x[0]=500.0, y[0]=595.8999, toolType[0]=TOOL_TYPE_UNKNOWN, buttonState=0, metaState=0, flags=0x0, edgeFlags=0x0, pointerCount=1, historySize=0, eventTime=662739394, downTime=662739394, deviceId=0, source=0x1002 }
08-04 00:05:22.997 26377 26397 I art     : Explicit concurrent mark sweep GC freed 7(224B) AllocSpace objects, 0(0B) LOS objects, 10% free, 135MB/151MB, paused 1.134ms total 39.864ms
08-04 00:05:23.019 28060 28060 I Input   : injectMotionEvent: MotionEvent { action=ACTION_MOVE, actionButton=0, id[0]=0, x[0]=500.0, y[0]=521.80005, toolType[0]=TOOL_TYPE_UNKNOWN, buttonState=0, metaState=0, flags=0x0, edgeFlags=0x0, pointerCount=1, historySize=0, eventTime=662739433, downTime=662739433, deviceId=0, source=0x1002 }
08-04 00:05:23.057 28060 28060 I Input   : injectMotionEvent: MotionEvent { action=ACTION_MOVE, actionButton=0, id[0]=0, x[0]=500.0, y[0]=451.5, toolType[0]=TOOL_TYPE_UNKNOWN, buttonState=0, metaState=0, flags=0x0, edgeFlags=0x0, pointerCount=1, historySize=0, eventTime=662739470, downTime=662739470, deviceId=0, source=0x1002 }
08-04 00:05:23.093 28060 28060 I Input   : injectMotionEvent: MotionEvent { action=ACTION_MOVE, actionButton=0, id[0]=0, x[0]=500.0, y[0]=383.09998, toolType[0]=TOOL_TYPE_UNKNOWN, buttonState=0, metaState=0, flags=0x0, edgeFlags=0x0, pointerCount=1, historySize=0, eventTime=662739506, downTime=662739506, deviceId=0, source=0x1002 }
08-04 00:05:23.133 28060 28060 I Input   : injectMotionEvent: MotionEvent { action=ACTION_MOVE, actionButton=0, id[0]=0, x[0]=500.0, y[0]=307.1001, toolType[0]=TOOL_TYPE_UNKNOWN, buttonState=0, metaState=0, flags=0x0, edgeFlags=0x0, pointerCount=1, historySize=0, eventTime=662739546, downTime=662739546, deviceId=0, source=0x1002 }
08-04 00:05:23.174 28060 28060 I Input   : injectMotionEvent: MotionEvent { action=ACTION_MOVE, actionButton=0, id[0]=0, x[0]=500.0, y[0]=229.20007, toolType[0]=TOOL_TYPE_UNKNOWN, buttonState=0, metaState=0, flags=0x0, edgeFlags=0x0, pointerCount=1, historySize=0, eventTime=662739587, downTime=662739587, deviceId=0, source=0x1002 }
08-04 00:05:23.215 28060 28060 I Input   : injectMotionEvent: MotionEvent { action=ACTION_MOVE, actionButton=0, id[0]=0, x[0]=500.0, y[0]=151.30005, toolType[0]=TOOL_TYPE_UNKNOWN, buttonState=0, metaState=0, flags=0x0, edgeFlags=0x0, pointerCount=1, historySize=0, eventTime=662739628, downTime=662739628, deviceId=0, source=0x1002 }
08-04 00:05:23.253 28060 28060 I Input   : injectMotionEvent: MotionEvent { action=ACTION_UP, actionButton=0, id[0]=0, x[0]=500.0, y[0]=100.0, toolType[0]=TOOL_TYPE_UNKNOWN, buttonState=0, metaState=0, flags=0x0, edgeFlags=0x0, pointerCount=1, historySize=0, eventTime=662739667, downTime=662739667, deviceId=0, source=0x1002 }
08-04 00:05:23.292 28060 28060 D AndroidRuntime: Shutting down VM
08-04 00:05:23.363 23490 23490 W Atfwd_Sendcmd: AtCmdFwd service not published, waiting... retryCnt : 1
08-04 00:05:23.366 26377 26389 I art     : Starting a blocking GC Explicit
08-04 00:05:23.412 26377 26389 I art     : Explicit concurrent mark sweep GC freed 1623(93KB) AllocSpace objects, 2(36KB) LOS objects, 10% free, 135MB/151MB, paused 1.100ms total 46.068ms
08-04 00:05:23.430 26377 26389 I art     : Starting a blocking GC Explicit
08-04 00:05:23.479 26377 26389 I art     : Explicit concurrent mark sweep GC freed 28(1024B) AllocSpace objects, 0(0B) LOS objects, 10% free, 135MB/151MB, paused 1.181ms total 48.821ms
08-04 00:05:23.501 26377 26389 I art     : Starting a blocking GC Explicit
08-04 00:05:23.543 26377 26389 I art     : Explicit concurrent mark sweep GC freed 3(96B) AllocSpace objects, 0(0B) LOS objects, 10% free, 135MB/151MB, paused 1.126ms total 42.355ms
08-04 00:05:23.561 26377 26389 I art     : Starting a blocking GC Explicit
08-04 00:05:23.604 26377 26389 I art     : Explicit concurrent mark sweep GC freed 14(720B) AllocSpace objects, 0(0B) LOS objects, 10% free, 135MB/151MB, paused 1.116ms total 42.425ms
08-04 00:05:23.621 26377 26389 I art     : Starting a blocking GC Explicit
08-04 00:05:23.665 26377 26389 I art     : Explicit concurrent mark sweep GC freed 14(672B) AllocSpace objects, 0(0B) LOS objects, 10% free, 135MB/151MB, paused 1.115ms total 43.375ms
08-04 00:05:24.048 26377 26388 I art     : Starting a blocking GC Explicit
08-04 00:05:24.078 28104 28104 D AndroidRuntime: >>>>>> START com.android.internal.os.RuntimeInit uid 2000 <<<<<<
08-04 00:05:24.084 28104 28104 D AndroidRuntime: CheckJNI is OFF
08-04 00:05:24.101 26377 26388 I art     : Explicit concurrent mark sweep GC freed 1583(92KB) AllocSpace objects, 2(36KB) LOS objects, 10% free, 135MB/151MB, paused 1.119ms total 52.036ms
08-04 00:05:24.118 26377 26388 I art     : Starting a blocking GC Explicit
08-04 00:05:24.132 28104 28104 D ICU     : No timezone override file found: /data/misc/zoneinfo/current/icu/icu_tzdata.dat
08-04 00:05:24.161 26377 26388 I art     : Explicit concurrent mark sweep GC freed 28(1024B) AllocSpace objects, 0(0B) LOS objects, 10% free, 135MB/151MB, paused 1.127ms total 43.194ms
08-04 00:05:24.175 28104 28104 I Radio-JNI: register_android_hardware_Radio DONE
08-04 00:05:24.179 26377 26388 I art     : Starting a blocking GC Explicit
08-04 00:05:24.204 28104 28104 D AndroidRuntime: Calling main entry com.android.commands.input.Input
08-04 00:05:24.206 28104 28104 I Input   : injectMotionEvent: MotionEvent { action=ACTION_DOWN, actionButton=0, id[0]=0, x[0]=657.0, y[0]=2080.0, toolType[0]=TOOL_TYPE_UNKNOWN, buttonState=0, metaState=0, flags=0x0, edgeFlags=0x0, pointerCount=1, historySize=0, eventTime=662740619, downTime=662740619, deviceId=0, source=0x1002 }
08-04 00:05:24.211 28104 28104 I Input   : injectMotionEvent: MotionEvent { action=ACTION_UP, actionButton=0, id[0]=0, x[0]=657.0, y[0]=2080.0, toolType[0]=TOOL_TYPE_UNKNOWN, buttonState=0, metaState=0, flags=0x0, edgeFlags=0x0, pointerCount=1, historySize=0, eventTime=662740619, downTime=662740619, deviceId=0, source=0x1002 }
08-04 00:05:24.214 28104 28104 D AndroidRuntime: Shutting down VM
08-04 00:05:24.216   512  2967 D audio_hw_primary: out_set_parameters: enter: usecase(1: low-latency-playback) kvpairs: routing=2
08-04 00:05:24.221   918  3714 I ActivityManager: START u0 {cmp=baseline.io.github.project_travel_mate/.utilities.UpcomingWeekendsActivity} from uid 10650 on display 0
08-04 00:05:24.225 26377 26388 I art     : Explicit concurrent mark sweep GC freed 39(5KB) AllocSpace objects, 0(0B) LOS objects, 10% free, 135MB/151MB, paused 1.403ms total 45.726ms
08-04 00:05:24.229   512  2967 D audio_hw_primary: select_devices: out_snd_device(2: speaker) in_snd_device(0: none)
08-04 00:05:24.229   512  2967 D msm8974_platform: platform_send_audio_calibration: sending audio calibration for snd_device(2) acdb_id(15)
08-04 00:05:24.229   512  2967 I soundtrigger: audio_extn_sound_trigger_update_device_status: device 0x2 of type 0 for Event 1
08-04 00:05:24.242 26377 26388 I art     : Starting a blocking GC Explicit
08-04 00:05:24.242   512  2967 D audio_hw_primary: enable_snd_device: snd_device(2: speaker)
08-04 00:05:24.245   512  2967 D audio_hw_primary: enable_audio_route: apply and update mixer path: low-latency-playback speaker
08-04 00:05:24.264 26377 26443 D Gabe    : call	returning from cache
08-04 00:05:24.267 26377 26377 V EXECUTING: https://project-travel-mate.herokuapp.com/api/get-upcoming-holidays/2020
08-04 00:05:24.270 26377 26377 V EXECUTING: https://project-travel-mate.herokuapp.com/api/get-upcoming-holidays/2020
08-04 00:05:24.284 26377 26388 I art     : Explicit concurrent mark sweep GC freed 768(75KB) AllocSpace objects, 0(0B) LOS objects, 10% free, 135MB/151MB, paused 1.238ms total 41.245ms
08-04 00:05:24.302 26377 26388 I art     : Starting a blocking GC Explicit
08-04 00:05:24.343 26377 26388 I art     : Explicit concurrent mark sweep GC freed 674(58KB) AllocSpace objects, 0(0B) LOS objects, 10% free, 135MB/151MB, paused 1.136ms total 41.036ms
08-04 00:05:24.359 13866 13866 I GoogleInputMethodServic: GoogleInputMethodService.onFinishInput():3138 
08-04 00:05:24.359 13866 13866 I GoogleInputMethodServic: GoogleInputMethodService.onStartInput():1808 
08-04 00:05:24.462   918   936 I ActivityManager: Displayed baseline.io.github.project_travel_mate/.utilities.UpcomingWeekendsActivity: +230ms
08-04 00:05:24.711 26377 26397 I art     : Starting a blocking GC Explicit
08-04 00:05:24.715   380   380 W SurfaceFlinger: couldn't log to binary event log: overflow.
08-04 00:05:24.766 26377 28127 I NAPPA_EXPERIMENTATION: MetricNetworkRequestExecutionTime: REQUEST_DURATION_SYSTEM='498',REQUEST_DURATION_OKHTTP='29',REQUEST_SYNCHRONOUS='FALSE',RESPONSE_CODE='200',RESPONSE_METHOD='GET',RESPONSE_LENGTH_OKHTTP='6426',RESPONSE_LENGTH_HEADER='6426',REQUEST_PROTOCOL='http/1.1',REQUEST_URL='https://project-travel-mate.herokuapp.com/api/get-upcoming-holidays/2020',
08-04 00:05:24.768 26377 26397 I art     : Explicit concurrent mark sweep GC freed 7681(379KB) AllocSpace objects, 6(276KB) LOS objects, 10% free, 140MB/156MB, paused 1.104ms total 56.298ms
08-04 00:05:24.771 26377 26377 V Response: [{"month":"January","date":1,"day":"Wednesday","name":"New Year's Day","type":"Restricted"},{"month":"January","date":2,"day":"Thursday","name":"Guru Govind Singh Jayanti","type":"Restricted"},{"month":"January","date":14,"day":"Tuesday","name":"Lohri","type":"Restricted"},{"month":"January","date":15,"day":"Wednesday","name":"Pongal","type":"Restricted"},{"month":"January","date":15,"day":"Wednesday","name":"Makar Sankranti","type":"Restricted"},{"month":"January","date":25,"day":"Saturday","name":"Chinese New Year","type":"Observance"},{"month":"January","date":26,"day":"Sunday","name":"Republic Day","type":"Gazetted"},{"month":"January","date":30,"day":"Thursday","name":"Vasant Panchami","type":"Restricted"},{"month":"February","date":9,"day":"Sunday","name":"Guru Ravidas Jayanti","type":"Restricted"},{"month":"February","date":14,"day":"Friday","name":"Valentine's Day","type":"Observance"},{"month":"February","date":18,"day":"Tuesday","name":"Maharishi Dayanand Saraswati Jayanti","type":"Restricted"},{"month":"February","date":19,"day":"Wednesday","name":"Shivaji Jayanti","type":"Restricted"},{"month":"February","date":21,"day":"Friday","name":"Maha Shivaratri/Shivaratri","type":"Gazetted"},{"month":"March","date":9,"day":"Monday","name":"Holika Dahana","type":"Restricted"},{"month":"March","date":9,"day":"Monday","name":"Hazarat Ali's Birthday","type":"Restricted"},{"month":"March","date":10,"day":"Tuesday","name":"Holi","type":"Gazetted"},{"month":"March","date":20,"day":"Friday","name":"March Equinox","type":"Season"},{"month":"March","date":25,"day":"Wednesday","name":"Chaitra Sukhladi","type":"Restricted"},{"month":"April","date":2,"day":"Thursday","name":"Rama Navami","type":"Gazetted"},{"month":"April","date":6,"day":"Monday","name":"Mahavir Jayanti","type":"Gazetted"},{"month":"April","date":9,"day":"Thursday","name":"First day of Passover","type":"Observance"},{"month":"April","date":9,"day":"Thursday","name":"Maundy Thursday","type":"Observance,"},{"month":"April","date":10,"day":"Friday","name":"Good Friday","type":"Gazetted"},{"month":"April","date":12,"day":"Sunday","name":"Easter Day","type":"Restricted"},{"month":"April","date":13,"day":"Monday","name":"Vaisakhi","type":"Restricted"},{"month":"April","date":14,"day":"Tuesday","name":"Mesadi/Vaisakhadi","type":"Restricted"},{"month":"April","date":14,"day":"Tuesday","name":"Ambedkar Jayanti","type":"Central"},{"month":"May","date":1,"day":"Friday","name":"May Day","type":"Observance"},{"month":"May","date":7,"day":"Thursday","name":"Buddha Purnima/Vesak","type":"Gazetted"},{"month":"May","date":7,"day":"Thursday","name":"Birthday of Ravindranath","type":"Restricted"},{"month":"May","date":10,"day":"Sunday","name":"Mother's Day","type":"Observance"},{"month":"May","date":22,"day":"Friday","name":"Jamat Ul-Vida","type":"Restricted"},{"month":"May","date":25,"day":"Monday","name":"Ramzan Id/Eid-ul-Fitar","type":"Gazetted"},{"month":"May","date":25,"day":"Monday","name":"Ramzan Id/Eid-ul-Fitar","type":"Muslim,"},{"month":"June","date":21,"day":"Sunday","name":"June Solstice","type":"Season"},{"month":"June","date":21,"day":"Sunday","name":"Father's Day","type":"Observance"},{"month":"June","date":23,"day":"Tuesday","name":"Rath Yatra","type":"Restricted"},{"month":"July","date":5,"day":"Sunday","name":"Guru Purnima","type":"Observance"},{"month":"July","date":31,"day":"Friday","name":"Bakr Id/Eid ul-Adha","type":"Gazetted"},{"month":"August","date":2,"day":"Sunday","name":"Friendship Day","type":"Observance"},{"month":"August","date":3,"day":"Monday","name":"Raksha Bandhan (Rakhi)","type":"Restricted"},{"month":"August","date":11,"day":"Tuesday","name":"Janmashtami (Smarta)","type":"Restricted"},{"month":"August","date":12,"day":"Wednesday","name":"Janmashtami","type":"Gazetted"},{"month":"August","date":15,"day":"Saturday","name":"Independence Day","type":"Gazetted"},{"month":"August","date":16,"day":"Sunday","name":"Parsi New Year","type":"Restricted"},{"month":"August","date":22,"day":"Saturday","name":"Ganesh Chaturthi/Vin
08-04 00:05:24.784 26377 28128 I NAPPA_EXPERIMENTATION: MetricNetworkRequestExecutionTime: REQUEST_DURATION_SYSTEM='513',REQUEST_DURATION_OKHTTP='48',REQUEST_SYNCHRONOUS='FALSE',RESPONSE_CODE='200',RESPONSE_METHOD='GET',RESPONSE_LENGTH_OKHTTP='6426',RESPONSE_LENGTH_HEADER='6426',REQUEST_PROTOCOL='http/1.1',REQUEST_URL='https://project-travel-mate.herokuapp.com/api/get-upcoming-holidays/2020',
08-04 00:05:24.785 26377 26397 I art     : Starting a blocking GC Explicit
08-04 00:05:24.788   512  2967 D audio_hw_primary: disable_audio_route: reset and update mixer path: low-latency-playback speaker
08-04 00:05:24.789   512  2967 D audio_hw_primary: disable_snd_device: snd_device(2: speaker)
08-04 00:05:24.797   512  2967 I soundtrigger: audio_extn_sound_trigger_update_device_status: device 0x2 of type 0 for Event 0
08-04 00:05:24.834 26377 26397 I art     : Explicit concurrent mark sweep GC freed 6486(431KB) AllocSpace objects, 5(208KB) LOS objects, 10% free, 140MB/156MB, paused 1.519ms total 48.843ms
08-04 00:05:24.851 26377 26397 I art     : Starting a blocking GC Explicit
08-04 00:05:24.864 26377 26377 V Response: [{"month":"January","date":1,"day":"Wednesday","name":"New Year's Day","type":"Restricted"},{"month":"January","date":2,"day":"Thursday","name":"Guru Govind Singh Jayanti","type":"Restricted"},{"month":"January","date":14,"day":"Tuesday","name":"Lohri","type":"Restricted"},{"month":"January","date":15,"day":"Wednesday","name":"Pongal","type":"Restricted"},{"month":"January","date":15,"day":"Wednesday","name":"Makar Sankranti","type":"Restricted"},{"month":"January","date":25,"day":"Saturday","name":"Chinese New Year","type":"Observance"},{"month":"January","date":26,"day":"Sunday","name":"Republic Day","type":"Gazetted"},{"month":"January","date":30,"day":"Thursday","name":"Vasant Panchami","type":"Restricted"},{"month":"February","date":9,"day":"Sunday","name":"Guru Ravidas Jayanti","type":"Restricted"},{"month":"February","date":14,"day":"Friday","name":"Valentine's Day","type":"Observance"},{"month":"February","date":18,"day":"Tuesday","name":"Maharishi Dayanand Saraswati Jayanti","type":"Restricted"},{"month":"February","date":19,"day":"Wednesday","name":"Shivaji Jayanti","type":"Restricted"},{"month":"February","date":21,"day":"Friday","name":"Maha Shivaratri/Shivaratri","type":"Gazetted"},{"month":"March","date":9,"day":"Monday","name":"Holika Dahana","type":"Restricted"},{"month":"March","date":9,"day":"Monday","name":"Hazarat Ali's Birthday","type":"Restricted"},{"month":"March","date":10,"day":"Tuesday","name":"Holi","type":"Gazetted"},{"month":"March","date":20,"day":"Friday","name":"March Equinox","type":"Season"},{"month":"March","date":25,"day":"Wednesday","name":"Chaitra Sukhladi","type":"Restricted"},{"month":"April","date":2,"day":"Thursday","name":"Rama Navami","type":"Gazetted"},{"month":"April","date":6,"day":"Monday","name":"Mahavir Jayanti","type":"Gazetted"},{"month":"April","date":9,"day":"Thursday","name":"First day of Passover","type":"Observance"},{"month":"April","date":9,"day":"Thursday","name":"Maundy Thursday","type":"Observance,"},{"month":"April","date":10,"day":"Friday","name":"Good Friday","type":"Gazetted"},{"month":"April","date":12,"day":"Sunday","name":"Easter Day","type":"Restricted"},{"month":"April","date":13,"day":"Monday","name":"Vaisakhi","type":"Restricted"},{"month":"April","date":14,"day":"Tuesday","name":"Mesadi/Vaisakhadi","type":"Restricted"},{"month":"April","date":14,"day":"Tuesday","name":"Ambedkar Jayanti","type":"Central"},{"month":"May","date":1,"day":"Friday","name":"May Day","type":"Observance"},{"month":"May","date":7,"day":"Thursday","name":"Buddha Purnima/Vesak","type":"Gazetted"},{"month":"May","date":7,"day":"Thursday","name":"Birthday of Ravindranath","type":"Restricted"},{"month":"May","date":10,"day":"Sunday","name":"Mother's Day","type":"Observance"},{"month":"May","date":22,"day":"Friday","name":"Jamat Ul-Vida","type":"Restricted"},{"month":"May","date":25,"day":"Monday","name":"Ramzan Id/Eid-ul-Fitar","type":"Gazetted"},{"month":"May","date":25,"day":"Monday","name":"Ramzan Id/Eid-ul-Fitar","type":"Muslim,"},{"month":"June","date":21,"day":"Sunday","name":"June Solstice","type":"Season"},{"month":"June","date":21,"day":"Sunday","name":"Father's Day","type":"Observance"},{"month":"June","date":23,"day":"Tuesday","name":"Rath Yatra","type":"Restricted"},{"month":"July","date":5,"day":"Sunday","name":"Guru Purnima","type":"Observance"},{"month":"July","date":31,"day":"Friday","name":"Bakr Id/Eid ul-Adha","type":"Gazetted"},{"month":"August","date":2,"day":"Sunday","name":"Friendship Day","type":"Observance"},{"month":"August","date":3,"day":"Monday","name":"Raksha Bandhan (Rakhi)","type":"Restricted"},{"month":"August","date":11,"day":"Tuesday","name":"Janmashtami (Smarta)","type":"Restricted"},{"month":"August","date":12,"day":"Wednesday","name":"Janmashtami","type":"Gazetted"},{"month":"August","date":15,"day":"Saturday","name":"Independence Day","type":"Gazetted"},{"month":"August","date":16,"day":"Sunday","name":"Parsi New Year","type":"Restricted"},{"month":"August","date":22,"day":"Saturday","name":"Ganesh Chaturthi/Vin
08-04 00:05:24.905 26377 26397 I art     : Explicit concurrent mark sweep GC freed 8136(316KB) AllocSpace objects, 0(0B) LOS objects, 10% free, 140MB/156MB, paused 7.548ms total 53.838ms
08-04 00:05:24.923 26377 26397 I art     : Starting a blocking GC Explicit
08-04 00:05:24.970 26377 26397 I art     : Explicit concurrent mark sweep GC freed 1409(48KB) AllocSpace objects, 1(4MB) LOS objects, 10% free, 136MB/152MB, paused 1.213ms total 47.173ms
08-04 00:05:24.987 26377 26397 I art     : Starting a blocking GC Explicit
08-04 00:05:25.030 26377 26397 I art     : Explicit concurrent mark sweep GC freed 1111(70KB) AllocSpace objects, 0(0B) LOS objects, 10% free, 136MB/152MB, paused 1.171ms total 43.035ms
08-04 00:05:25.424 26377 26388 I art     : Starting a blocking GC Explicit
08-04 00:05:25.474 26377 26388 I art     : Explicit concurrent mark sweep GC freed 2273(103KB) AllocSpace objects, 2(36KB) LOS objects, 10% free, 136MB/152MB, paused 1.124ms total 49.146ms
08-04 00:05:25.493 26377 26388 I art     : Starting a blocking GC Explicit
08-04 00:05:25.539 26377 26388 I art     : Explicit concurrent mark sweep GC freed 142(3KB) AllocSpace objects, 0(0B) LOS objects, 10% free, 136MB/152MB, paused 1.115ms total 45.189ms
08-04 00:05:25.556 26377 26388 I art     : Starting a blocking GC Explicit
08-04 00:05:25.603 26377 26388 I art     : Explicit concurrent mark sweep GC freed 99(1696B) AllocSpace objects, 0(0B) LOS objects, 10% free, 136MB/152MB, paused 1.121ms total 46.227ms
08-04 00:05:25.621 26377 26388 I art     : Starting a blocking GC Explicit
08-04 00:05:25.668 26377 26388 I art     : Explicit concurrent mark sweep GC freed 93(1584B) AllocSpace objects, 0(0B) LOS objects, 10% free, 136MB/152MB, paused 1.230ms total 46.681ms
08-04 00:05:25.685 26377 26388 I art     : Starting a blocking GC Explicit
08-04 00:05:25.733 26377 26388 I art     : Explicit concurrent mark sweep GC freed 81(1408B) AllocSpace objects, 0(0B) LOS objects, 10% free, 136MB/152MB, paused 1.039ms total 47.099ms
08-04 00:05:26.114 26377 26389 I art     : Starting a blocking GC Explicit
08-04 00:05:26.170 26377 26389 I art     : Explicit concurrent mark sweep GC freed 2240(102KB) AllocSpace objects, 2(36KB) LOS objects, 10% free, 136MB/152MB, paused 1.383ms total 55.166ms
08-04 00:05:26.191 26377 26389 I art     : Starting a blocking GC Explicit
08-04 00:05:26.241 26377 26389 I art     : Explicit concurrent mark sweep GC freed 146(3008B) AllocSpace objects, 0(0B) LOS objects, 10% free, 136MB/152MB, paused 1.188ms total 49.195ms
08-04 00:05:26.259 26377 26389 I art     : Starting a blocking GC Explicit
08-04 00:05:26.311 26377 26389 I art     : Explicit concurrent mark sweep GC freed 99(1696B) AllocSpace objects, 0(0B) LOS objects, 10% free, 136MB/152MB, paused 1.191ms total 52.106ms
08-04 00:05:26.330 26377 26389 I art     : Starting a blocking GC Explicit
08-04 00:05:26.383 26377 26389 I art     : Explicit concurrent mark sweep GC freed 99(1696B) AllocSpace objects, 0(0B) LOS objects, 10% free, 136MB/152MB, paused 1.181ms total 52.727ms
08-04 00:05:26.401 26377 26389 I art     : Starting a blocking GC Explicit
08-04 00:05:26.455 26377 26389 I art     : Explicit concurrent mark sweep GC freed 109(1840B) AllocSpace objects, 0(0B) LOS objects, 10% free, 136MB/152MB, paused 1.260ms total 53.151ms
08-04 00:05:26.856 26377 26654 I art     : Starting a blocking GC Explicit
08-04 00:05:26.911 26377 26654 I art     : Explicit concurrent mark sweep GC freed 2256(103KB) AllocSpace objects, 2(36KB) LOS objects, 10% free, 136MB/152MB, paused 1.157ms total 54.580ms
08-04 00:05:26.932 26377 26654 I art     : Starting a blocking GC Explicit
08-04 00:05:26.982 26377 26654 I art     : Explicit concurrent mark sweep GC freed 134(3KB) AllocSpace objects, 0(0B) LOS objects, 10% free, 136MB/152MB, paused 1.179ms total 49.669ms
08-04 00:05:27.000 26377 26654 I art     : Starting a blocking GC Explicit
08-04 00:05:27.053 26377 26654 I art     : Explicit concurrent mark sweep GC freed 102(1728B) AllocSpace objects, 0(0B) LOS objects, 10% free, 136MB/152MB, paused 1.236ms total 53.108ms
08-04 00:05:27.072 26377 26654 I art     : Starting a blocking GC Explicit
08-04 00:05:27.123 26377 26654 I art     : Explicit concurrent mark sweep GC freed 119(2032B) AllocSpace objects, 0(0B) LOS objects, 10% free, 136MB/152MB, paused 1.189ms total 50.698ms
08-04 00:05:27.142 26377 26654 I art     : Starting a blocking GC Explicit
08-04 00:05:27.195 26377 26654 I art     : Explicit concurrent mark sweep GC freed 131(2560B) AllocSpace objects, 0(0B) LOS objects, 10% free, 136MB/152MB, paused 1.112ms total 53.256ms
08-04 00:05:27.619 26377 26397 I art     : Starting a blocking GC Explicit
08-04 00:05:27.671 26377 26397 I art     : Explicit concurrent mark sweep GC freed 2260(103KB) AllocSpace objects, 2(36KB) LOS objects, 10% free, 136MB/152MB, paused 1.326ms total 52.064ms
08-04 00:05:27.690 26377 26397 I art     : Starting a blocking GC Explicit
08-04 00:05:27.738 26377 26397 I art     : Explicit concurrent mark sweep GC freed 134(2800B) AllocSpace objects, 0(0B) LOS objects, 10% free, 136MB/152MB, paused 1.412ms total 47.780ms
08-04 00:05:27.757 26377 26397 I art     : Starting a blocking GC Explicit
08-04 00:05:27.808 26377 26397 I art     : Explicit concurrent mark sweep GC freed 107(1824B) AllocSpace objects, 0(0B) LOS objects, 10% free, 136MB/152MB, paused 1.139ms total 51.426ms
08-04 00:05:27.826 26377 26397 I art     : Starting a blocking GC Explicit
08-04 00:05:27.877 26377 26397 I art     : Explicit concurrent mark sweep GC freed 100(1728B) AllocSpace objects, 0(0B) LOS objects, 10% free, 136MB/152MB, paused 1.180ms total 50.252ms
08-04 00:05:27.895 26377 26397 I art     : Starting a blocking GC Explicit
08-04 00:05:27.947 26377 26397 I art     : Explicit concurrent mark sweep GC freed 99(1696B) AllocSpace objects, 0(0B) LOS objects, 10% free, 136MB/152MB, paused 1.179ms total 51.944ms
08-04 00:05:28.357 26377 26388 I art     : Starting a blocking GC Explicit
08-04 00:05:28.363 23490 23490 I ServiceManager: Waiting for service AtCmdFwd...
08-04 00:05:28.411 26377 26388 I art     : Explicit concurrent mark sweep GC freed 2297(104KB) AllocSpace objects, 2(36KB) LOS objects, 10% free, 136MB/152MB, paused 1.199ms total 53.981ms
08-04 00:05:28.432 26377 26388 I art     : Starting a blocking GC Explicit
08-04 00:05:28.479 26377 26388 I art     : Explicit concurrent mark sweep GC freed 134(3KB) AllocSpace objects, 0(0B) LOS objects, 10% free, 136MB/152MB, paused 1.051ms total 46.656ms
08-04 00:05:28.479 26377 26387 I art     : WaitForGcToComplete blocked for 46.942ms for cause HeapTrim
08-04 00:05:28.496 26377 26388 I art     : Starting a blocking GC Explicit
08-04 00:05:28.542 26377 26388 I art     : Explicit concurrent mark sweep GC freed 99(1696B) AllocSpace objects, 0(0B) LOS objects, 10% free, 136MB/152MB, paused 1.151ms total 45.742ms
08-04 00:05:28.559 26377 26388 I art     : Starting a blocking GC Explicit
08-04 00:05:28.606 26377 26388 I art     : Explicit concurrent mark sweep GC freed 99(1696B) AllocSpace objects, 0(0B) LOS objects, 10% free, 136MB/152MB, paused 1.195ms total 46.972ms
08-04 00:05:28.624 26377 26388 I art     : Starting a blocking GC Explicit
08-04 00:05:28.674 26377 26388 I art     : Explicit concurrent mark sweep GC freed 98(1664B) AllocSpace objects, 0(0B) LOS objects, 10% free, 136MB/152MB, paused 1.274ms total 49.783ms
08-04 00:05:28.993 28194 28194 D AndroidRuntime: >>>>>> START com.android.internal.os.RuntimeInit uid 2000 <<<<<<
08-04 00:05:28.999 28194 28194 D AndroidRuntime: CheckJNI is OFF
08-04 00:05:29.043 28194 28194 D ICU     : No timezone override file found: /data/misc/zoneinfo/current/icu/icu_tzdata.dat
08-04 00:05:29.076 26377 26389 I art     : Starting a blocking GC Explicit
08-04 00:05:29.088 28194 28194 I Radio-JNI: register_android_hardware_Radio DONE
08-04 00:05:29.118 28194 28194 D AndroidRuntime: Calling main entry com.android.commands.input.Input
08-04 00:05:29.120 28194 28194 I Input   : injectKeyEvent: KeyEvent { action=ACTION_DOWN, keyCode=KEYCODE_BACK, scanCode=0, metaState=0, flags=0x0, repeatCount=0, eventTime=662745533, downTime=662745533, deviceId=-1, source=0x101 }
08-04 00:05:29.127 26377 26389 I art     : Explicit concurrent mark sweep GC freed 2230(102KB) AllocSpace objects, 2(36KB) LOS objects, 10% free, 136MB/152MB, paused 1.063ms total 50.091ms
08-04 00:05:29.128 28194 28194 I Input   : injectKeyEvent: KeyEvent { action=ACTION_UP, keyCode=KEYCODE_BACK, scanCode=0, metaState=0, flags=0x0, repeatCount=0, eventTime=662745533, downTime=662745533, deviceId=-1, source=0x101 }
08-04 00:05:29.134 28194 28194 D AndroidRuntime: Shutting down VM
08-04 00:05:29.144 26377 26389 I art     : Starting a blocking GC Explicit
08-04 00:05:29.153 26377 26377 V MainActivity: url = https://project-travel-mate.herokuapp.com/api/number-of-unread-notifications
08-04 00:05:29.180 13866 13866 I GoogleInputMethodServic: GoogleInputMethodService.onFinishInput():3138 
08-04 00:05:29.181 13866 13866 I GoogleInputMethodServic: GoogleInputMethodService.onStartInput():1808 
08-04 00:05:29.188 26377 26389 I art     : Explicit concurrent mark sweep GC freed 460(16KB) AllocSpace objects, 0(0B) LOS objects, 10% free, 136MB/152MB, paused 1.415ms total 42.423ms
08-04 00:05:29.205 26377 26389 I art     : Starting a blocking GC Explicit
08-04 00:05:29.249 26377 26389 I art     : Explicit concurrent mark sweep GC freed 168(8KB) AllocSpace objects, 0(0B) LOS objects, 10% free, 136MB/152MB, paused 1.180ms total 43.427ms
08-04 00:05:29.267 26377 26389 I art     : Starting a blocking GC Explicit
08-04 00:05:29.311 26377 26389 I art     : Explicit concurrent mark sweep GC freed 107(2672B) AllocSpace objects, 0(0B) LOS objects, 10% free, 136MB/152MB, paused 1.054ms total 44.223ms
08-04 00:05:29.328 26377 26389 I art     : Starting a blocking GC Explicit
08-04 00:05:29.364 23490 23490 I ServiceManager: Waiting for service AtCmdFwd...
08-04 00:05:29.371 26377 26389 I art     : Explicit concurrent mark sweep GC freed 77(1360B) AllocSpace objects, 0(0B) LOS objects, 10% free, 136MB/152MB, paused 1.175ms total 42.265ms
08-04 00:05:29.503   380   380 W SurfaceFlinger: couldn't log to binary event log: overflow.
08-04 00:05:29.747 26377 26654 I art     : Starting a blocking GC Explicit
08-04 00:05:29.782 26377 28217 I NAPPA_EXPERIMENTATION: MetricNetworkRequestExecutionTime: REQUEST_DURATION_SYSTEM='627',REQUEST_DURATION_OKHTTP='30',REQUEST_SYNCHRONOUS='FALSE',RESPONSE_CODE='200',RESPONSE_METHOD='GET',RESPONSE_LENGTH_OKHTTP='36',RESPONSE_LENGTH_HEADER='36',REQUEST_PROTOCOL='http/1.1',REQUEST_URL='https://project-travel-mate.herokuapp.com/api/number-of-unread-notifications',
08-04 00:05:29.801 26377 26654 I art     : Explicit concurrent mark sweep GC freed 4553(242KB) AllocSpace objects, 5(236KB) LOS objects, 10% free, 136MB/152MB, paused 1.221ms total 53.020ms
08-04 00:05:29.819 26377 26654 I art     : Starting a blocking GC Explicit
08-04 00:05:29.862 26377 26654 I art     : Explicit concurrent mark sweep GC freed 7621(478KB) AllocSpace objects, 13(264KB) LOS objects, 10% free, 135MB/151MB, paused 1.082ms total 42.548ms
08-04 00:05:29.879 26377 26654 I art     : Starting a blocking GC Explicit
08-04 00:05:29.924 26377 26654 I art     : Explicit concurrent mark sweep GC freed 92(4KB) AllocSpace objects, 0(0B) LOS objects, 10% free, 135MB/151MB, paused 1.172ms total 44.868ms
08-04 00:05:29.942 26377 26654 I art     : Starting a blocking GC Explicit
08-04 00:05:29.989 26377 26654 I art     : Explicit concurrent mark sweep GC freed 3(96B) AllocSpace objects, 0(0B) LOS objects, 10% free, 135MB/151MB, paused 1.183ms total 46.625ms
08-04 00:05:30.007 26377 26654 I art     : Starting a blocking GC Explicit
08-04 00:05:30.054 26377 26654 I art     : Explicit concurrent mark sweep GC freed 3(96B) AllocSpace objects, 0(0B) LOS objects, 10% free, 135MB/151MB, paused 1.146ms total 46.983ms
08-04 00:05:30.365 23490 23490 I ServiceManager: Waiting for service AtCmdFwd...
08-04 00:05:30.448 26377 26397 I art     : Starting a blocking GC Explicit
08-04 00:05:30.500 26377 26397 I art     : Explicit concurrent mark sweep GC freed 1613(92KB) AllocSpace objects, 2(36KB) LOS objects, 10% free, 135MB/151MB, paused 1.321ms total 51.730ms
08-04 00:05:30.521 26377 26397 I art     : Starting a blocking GC Explicit
08-04 00:05:30.566 26377 26397 I art     : Explicit concurrent mark sweep GC freed 28(1024B) AllocSpace objects, 0(0B) LOS objects, 10% free, 135MB/151MB, paused 1.161ms total 45.226ms
08-04 00:05:30.584 26377 26397 I art     : Starting a blocking GC Explicit
08-04 00:05:30.629 26377 26397 I art     : Explicit concurrent mark sweep GC freed 3(96B) AllocSpace objects, 0(0B) LOS objects, 10% free, 135MB/151MB, paused 1.220ms total 45.090ms
08-04 00:05:30.647 26377 26397 I art     : Starting a blocking GC Explicit
08-04 00:05:30.692 26377 26397 I art     : Explicit concurrent mark sweep GC freed 3(96B) AllocSpace objects, 0(0B) LOS objects, 10% free, 135MB/151MB, paused 1.172ms total 44.711ms
08-04 00:05:30.710 26377 26397 I art     : Starting a blocking GC Explicit
08-04 00:05:30.754 26377 26397 I art     : Explicit concurrent mark sweep GC freed 3(96B) AllocSpace objects, 0(0B) LOS objects, 10% free, 135MB/151MB, paused 1.083ms total 44.672ms
08-04 00:05:30.920 28239 28239 D AndroidRuntime: >>>>>> START com.android.internal.os.RuntimeInit uid 2000 <<<<<<
08-04 00:05:30.925 28239 28239 D AndroidRuntime: CheckJNI is OFF
08-04 00:05:30.963 28239 28239 D ICU     : No timezone override file found: /data/misc/zoneinfo/current/icu/icu_tzdata.dat
08-04 00:05:31.003 28239 28239 I Radio-JNI: register_android_hardware_Radio DONE
08-04 00:05:31.032 28239 28239 D AndroidRuntime: Calling main entry com.android.commands.input.Input
08-04 00:05:31.034 28239 28239 I Input   : injectMotionEvent: MotionEvent { action=ACTION_DOWN, actionButton=0, id[0]=0, x[0]=657.0, y[0]=2080.0, toolType[0]=TOOL_TYPE_UNKNOWN, buttonState=0, metaState=0, flags=0x0, edgeFlags=0x0, pointerCount=1, historySize=0, eventTime=662747447, downTime=662747447, deviceId=0, source=0x1002 }
08-04 00:05:31.059 28239 28239 I Input   : injectMotionEvent: MotionEvent { action=ACTION_UP, actionButton=0, id[0]=0, x[0]=657.0, y[0]=2080.0, toolType[0]=TOOL_TYPE_UNKNOWN, buttonState=0, metaState=0, flags=0x0, edgeFlags=0x0, pointerCount=1, historySize=0, eventTime=662747447, downTime=662747447, deviceId=0, source=0x1002 }
08-04 00:05:31.096 28239 28239 D AndroidRuntime: Shutting down VM
08-04 00:05:31.097   918  3714 I ActivityManager: START u0 {cmp=baseline.io.github.project_travel_mate/.utilities.UpcomingWeekendsActivity} from uid 10650 on display 0
08-04 00:05:31.099   512  2967 D audio_hw_primary: out_set_parameters: enter: usecase(1: low-latency-playback) kvpairs: routing=2
08-04 00:05:31.111   512  2967 D audio_hw_primary: select_devices: out_snd_device(2: speaker) in_snd_device(0: none)
08-04 00:05:31.112   512  2967 D msm8974_platform: platform_send_audio_calibration: sending audio calibration for snd_device(2) acdb_id(15)
08-04 00:05:31.112   512  2967 I soundtrigger: audio_extn_sound_trigger_update_device_status: device 0x2 of type 0 for Event 1
08-04 00:05:31.123 26377 26443 D Gabe    : call	returning from cache
08-04 00:05:31.125 26377 26377 V EXECUTING: https://project-travel-mate.herokuapp.com/api/get-upcoming-holidays/2020
08-04 00:05:31.125   512  2967 D audio_hw_primary: enable_snd_device: snd_device(2: speaker)
08-04 00:05:31.127   512  2967 D audio_hw_primary: enable_audio_route: apply and update mixer path: low-latency-playback speaker
08-04 00:05:31.127 26377 26377 V EXECUTING: https://project-travel-mate.herokuapp.com/api/get-upcoming-holidays/2020
08-04 00:05:31.137 26377 26389 I art     : Starting a blocking GC Explicit
08-04 00:05:31.180 26377 26389 I art     : Explicit concurrent mark sweep GC freed 2796(173KB) AllocSpace objects, 2(36KB) LOS objects, 10% free, 135MB/151MB, paused 1.251ms total 43.040ms
08-04 00:05:31.198 26377 26389 I art     : Starting a blocking GC Explicit
08-04 00:05:31.218 13866 13866 I GoogleInputMethodServic: GoogleInputMethodService.onFinishInput():3138 
08-04 00:05:31.219 13866 13866 I GoogleInputMethodServic: GoogleInputMethodService.onStartInput():1808 
08-04 00:05:31.242 26377 26389 I art     : Explicit concurrent mark sweep GC freed 671(25KB) AllocSpace objects, 0(0B) LOS objects, 10% free, 140MB/156MB, paused 1.632ms total 43.391ms
08-04 00:05:31.261 26377 26389 I art     : Starting a blocking GC Explicit
08-04 00:05:31.304 26377 26389 I art     : Explicit concurrent mark sweep GC freed 59(2256B) AllocSpace objects, 0(0B) LOS objects, 10% free, 140MB/156MB, paused 1.344ms total 42.100ms
08-04 00:05:31.318   918   936 I ActivityManager: Displayed baseline.io.github.project_travel_mate/.utilities.UpcomingWeekendsActivity: +213ms
08-04 00:05:31.321 26377 26389 I art     : Starting a blocking GC Explicit
08-04 00:05:31.365 23490 23490 I ServiceManager: Waiting for service AtCmdFwd...
08-04 00:05:31.366 26377 26389 I art     : Explicit concurrent mark sweep GC freed 107(2624B) AllocSpace objects, 0(0B) LOS objects, 10% free, 140MB/156MB, paused 1.475ms total 44.493ms
08-04 00:05:31.386 26377 26389 I art     : Starting a blocking GC Explicit
08-04 00:05:31.430 26377 26389 I art     : Explicit concurrent mark sweep GC freed 104(2800B) AllocSpace objects, 0(0B) LOS objects, 10% free, 140MB/156MB, paused 1.342ms total 43.962ms
08-04 00:05:31.573   380   380 W SurfaceFlinger: couldn't log to binary event log: overflow.
08-04 00:05:31.658   512  2967 D audio_hw_primary: disable_audio_route: reset and update mixer path: low-latency-playback speaker
08-04 00:05:31.660   512  2967 D audio_hw_primary: disable_snd_device: snd_device(2: speaker)
08-04 00:05:31.667   512  2967 I soundtrigger: audio_extn_sound_trigger_update_device_status: device 0x2 of type 0 for Event 0
08-04 00:05:31.814 26377 26397 I art     : Starting a blocking GC Explicit
08-04 00:05:31.830 26377 28264 I NAPPA_EXPERIMENTATION: MetricNetworkRequestExecutionTime: REQUEST_DURATION_SYSTEM='702',REQUEST_DURATION_OKHTTP='34',REQUEST_SYNCHRONOUS='FALSE',RESPONSE_CODE='200',RESPONSE_METHOD='GET',RESPONSE_LENGTH_OKHTTP='6426',RESPONSE_LENGTH_HEADER='6426',REQUEST_PROTOCOL='http/1.1',REQUEST_URL='https://project-travel-mate.herokuapp.com/api/get-upcoming-holidays/2020',
08-04 00:05:31.844 26377 28263 I NAPPA_EXPERIMENTATION: MetricNetworkRequestExecutionTime: REQUEST_DURATION_SYSTEM='718',REQUEST_DURATION_OKHTTP='50',REQUEST_SYNCHRONOUS='FALSE',RESPONSE_CODE='200',RESPONSE_METHOD='GET',RESPONSE_LENGTH_OKHTTP='6426',RESPONSE_LENGTH_HEADER='6426',REQUEST_PROTOCOL='http/1.1',REQUEST_URL='https://project-travel-mate.herokuapp.com/api/get-upcoming-holidays/2020',
08-04 00:05:31.860 26377 26397 I art     : Explicit concurrent mark sweep GC freed 7546(389KB) AllocSpace objects, 11(484KB) LOS objects, 10% free, 140MB/156MB, paused 1.419ms total 45.744ms
08-04 00:05:31.878 26377 26397 I art     : Starting a blocking GC Explicit
08-04 00:05:31.921 26377 26397 I art     : Explicit concurrent mark sweep GC freed 2026(236KB) AllocSpace objects, 0(0B) LOS objects, 10% free, 140MB/156MB, paused 1.484ms total 43.508ms
08-04 00:05:31.929 26377 26377 V Response: [{"month":"January","date":1,"day":"Wednesday","name":"New Year's Day","type":"Restricted"},{"month":"January","date":2,"day":"Thursday","name":"Guru Govind Singh Jayanti","type":"Restricted"},{"month":"January","date":14,"day":"Tuesday","name":"Lohri","type":"Restricted"},{"month":"January","date":15,"day":"Wednesday","name":"Pongal","type":"Restricted"},{"month":"January","date":15,"day":"Wednesday","name":"Makar Sankranti","type":"Restricted"},{"month":"January","date":25,"day":"Saturday","name":"Chinese New Year","type":"Observance"},{"month":"January","date":26,"day":"Sunday","name":"Republic Day","type":"Gazetted"},{"month":"January","date":30,"day":"Thursday","name":"Vasant Panchami","type":"Restricted"},{"month":"February","date":9,"day":"Sunday","name":"Guru Ravidas Jayanti","type":"Restricted"},{"month":"February","date":14,"day":"Friday","name":"Valentine's Day","type":"Observance"},{"month":"February","date":18,"day":"Tuesday","name":"Maharishi Dayanand Saraswati Jayanti","type":"Restricted"},{"month":"February","date":19,"day":"Wednesday","name":"Shivaji Jayanti","type":"Restricted"},{"month":"February","date":21,"day":"Friday","name":"Maha Shivaratri/Shivaratri","type":"Gazetted"},{"month":"March","date":9,"day":"Monday","name":"Holika Dahana","type":"Restricted"},{"month":"March","date":9,"day":"Monday","name":"Hazarat Ali's Birthday","type":"Restricted"},{"month":"March","date":10,"day":"Tuesday","name":"Holi","type":"Gazetted"},{"month":"March","date":20,"day":"Friday","name":"March Equinox","type":"Season"},{"month":"March","date":25,"day":"Wednesday","name":"Chaitra Sukhladi","type":"Restricted"},{"month":"April","date":2,"day":"Thursday","name":"Rama Navami","type":"Gazetted"},{"month":"April","date":6,"day":"Monday","name":"Mahavir Jayanti","type":"Gazetted"},{"month":"April","date":9,"day":"Thursday","name":"First day of Passover","type":"Observance"},{"month":"April","date":9,"day":"Thursday","name":"Maundy Thursday","type":"Observance,"},{"month":"April","date":10,"day":"Friday","name":"Good Friday","type":"Gazetted"},{"month":"April","date":12,"day":"Sunday","name":"Easter Day","type":"Restricted"},{"month":"April","date":13,"day":"Monday","name":"Vaisakhi","type":"Restricted"},{"month":"April","date":14,"day":"Tuesday","name":"Mesadi/Vaisakhadi","type":"Restricted"},{"month":"April","date":14,"day":"Tuesday","name":"Ambedkar Jayanti","type":"Central"},{"month":"May","date":1,"day":"Friday","name":"May Day","type":"Observance"},{"month":"May","date":7,"day":"Thursday","name":"Buddha Purnima/Vesak","type":"Gazetted"},{"month":"May","date":7,"day":"Thursday","name":"Birthday of Ravindranath","type":"Restricted"},{"month":"May","date":10,"day":"Sunday","name":"Mother's Day","type":"Observance"},{"month":"May","date":22,"day":"Friday","name":"Jamat Ul-Vida","type":"Restricted"},{"month":"May","date":25,"day":"Monday","name":"Ramzan Id/Eid-ul-Fitar","type":"Gazetted"},{"month":"May","date":25,"day":"Monday","name":"Ramzan Id/Eid-ul-Fitar","type":"Muslim,"},{"month":"June","date":21,"day":"Sunday","name":"June Solstice","type":"Season"},{"month":"June","date":21,"day":"Sunday","name":"Father's Day","type":"Observance"},{"month":"June","date":23,"day":"Tuesday","name":"Rath Yatra","type":"Restricted"},{"month":"July","date":5,"day":"Sunday","name":"Guru Purnima","type":"Observance"},{"month":"July","date":31,"day":"Friday","name":"Bakr Id/Eid ul-Adha","type":"Gazetted"},{"month":"August","date":2,"day":"Sunday","name":"Friendship Day","type":"Observance"},{"month":"August","date":3,"day":"Monday","name":"Raksha Bandhan (Rakhi)","type":"Restricted"},{"month":"August","date":11,"day":"Tuesday","name":"Janmashtami (Smarta)","type":"Restricted"},{"month":"August","date":12,"day":"Wednesday","name":"Janmashtami","type":"Gazetted"},{"month":"August","date":15,"day":"Saturday","name":"Independence Day","type":"Gazetted"},{"month":"August","date":16,"day":"Sunday","name":"Parsi New Year","type":"Restricted"},{"month":"August","date":22,"day":"Saturday","name":"Ganesh Chaturthi/Vin
08-04 00:05:31.933 26377 26377 V Response: [{"month":"January","date":1,"day":"Wednesday","name":"New Year's Day","type":"Restricted"},{"month":"January","date":2,"day":"Thursday","name":"Guru Govind Singh Jayanti","type":"Restricted"},{"month":"January","date":14,"day":"Tuesday","name":"Lohri","type":"Restricted"},{"month":"January","date":15,"day":"Wednesday","name":"Pongal","type":"Restricted"},{"month":"January","date":15,"day":"Wednesday","name":"Makar Sankranti","type":"Restricted"},{"month":"January","date":25,"day":"Saturday","name":"Chinese New Year","type":"Observance"},{"month":"January","date":26,"day":"Sunday","name":"Republic Day","type":"Gazetted"},{"month":"January","date":30,"day":"Thursday","name":"Vasant Panchami","type":"Restricted"},{"month":"February","date":9,"day":"Sunday","name":"Guru Ravidas Jayanti","type":"Restricted"},{"month":"February","date":14,"day":"Friday","name":"Valentine's Day","type":"Observance"},{"month":"February","date":18,"day":"Tuesday","name":"Maharishi Dayanand Saraswati Jayanti","type":"Restricted"},{"month":"February","date":19,"day":"Wednesday","name":"Shivaji Jayanti","type":"Restricted"},{"month":"February","date":21,"day":"Friday","name":"Maha Shivaratri/Shivaratri","type":"Gazetted"},{"month":"March","date":9,"day":"Monday","name":"Holika Dahana","type":"Restricted"},{"month":"March","date":9,"day":"Monday","name":"Hazarat Ali's Birthday","type":"Restricted"},{"month":"March","date":10,"day":"Tuesday","name":"Holi","type":"Gazetted"},{"month":"March","date":20,"day":"Friday","name":"March Equinox","type":"Season"},{"month":"March","date":25,"day":"Wednesday","name":"Chaitra Sukhladi","type":"Restricted"},{"month":"April","date":2,"day":"Thursday","name":"Rama Navami","type":"Gazetted"},{"month":"April","date":6,"day":"Monday","name":"Mahavir Jayanti","type":"Gazetted"},{"month":"April","date":9,"day":"Thursday","name":"First day of Passover","type":"Observance"},{"month":"April","date":9,"day":"Thursday","name":"Maundy Thursday","type":"Observance,"},{"month":"April","date":10,"day":"Friday","name":"Good Friday","type":"Gazetted"},{"month":"April","date":12,"day":"Sunday","name":"Easter Day","type":"Restricted"},{"month":"April","date":13,"day":"Monday","name":"Vaisakhi","type":"Restricted"},{"month":"April","date":14,"day":"Tuesday","name":"Mesadi/Vaisakhadi","type":"Restricted"},{"month":"April","date":14,"day":"Tuesday","name":"Ambedkar Jayanti","type":"Central"},{"month":"May","date":1,"day":"Friday","name":"May Day","type":"Observance"},{"month":"May","date":7,"day":"Thursday","name":"Buddha Purnima/Vesak","type":"Gazetted"},{"month":"May","date":7,"day":"Thursday","name":"Birthday of Ravindranath","type":"Restricted"},{"month":"May","date":10,"day":"Sunday","name":"Mother's Day","type":"Observance"},{"month":"May","date":22,"day":"Friday","name":"Jamat Ul-Vida","type":"Restricted"},{"month":"May","date":25,"day":"Monday","name":"Ramzan Id/Eid-ul-Fitar","type":"Gazetted"},{"month":"May","date":25,"day":"Monday","name":"Ramzan Id/Eid-ul-Fitar","type":"Muslim,"},{"month":"June","date":21,"day":"Sunday","name":"June Solstice","type":"Season"},{"month":"June","date":21,"day":"Sunday","name":"Father's Day","type":"Observance"},{"month":"June","date":23,"day":"Tuesday","name":"Rath Yatra","type":"Restricted"},{"month":"July","date":5,"day":"Sunday","name":"Guru Purnima","type":"Observance"},{"month":"July","date":31,"day":"Friday","name":"Bakr Id/Eid ul-Adha","type":"Gazetted"},{"month":"August","date":2,"day":"Sunday","name":"Friendship Day","type":"Observance"},{"month":"August","date":3,"day":"Monday","name":"Raksha Bandhan (Rakhi)","type":"Restricted"},{"month":"August","date":11,"day":"Tuesday","name":"Janmashtami (Smarta)","type":"Restricted"},{"month":"August","date":12,"day":"Wednesday","name":"Janmashtami","type":"Gazetted"},{"month":"August","date":15,"day":"Saturday","name":"Independence Day","type":"Gazetted"},{"month":"August","date":16,"day":"Sunday","name":"Parsi New Year","type":"Restricted"},{"month":"August","date":22,"day":"Saturday","name":"Ganesh Chaturthi/Vin
08-04 00:05:31.938 26377 26397 I art     : Starting a blocking GC Explicit
08-04 00:05:31.983 26377 26397 I art     : Explicit concurrent mark sweep GC freed 8458(307KB) AllocSpace objects, 0(0B) LOS objects, 10% free, 140MB/156MB, paused 1.597ms total 44.902ms
08-04 00:05:32.002 26377 26397 I art     : Starting a blocking GC Explicit
08-04 00:05:32.049 26377 26397 I art     : Explicit concurrent mark sweep GC freed 1032(36KB) AllocSpace objects, 1(4MB) LOS objects, 10% free, 136MB/152MB, paused 1.095ms total 46.586ms
08-04 00:05:32.067 26377 26397 I art     : Starting a blocking GC Explicit
08-04 00:05:32.116 26377 26397 I art     : Explicit concurrent mark sweep GC freed 150(3KB) AllocSpace objects, 0(0B) LOS objects, 10% free, 136MB/152MB, paused 1.217ms total 49.055ms
08-04 00:05:32.366 23490 23490 I ServiceManager: Waiting for service AtCmdFwd...
08-04 00:05:32.493 26377 26389 I art     : Starting a blocking GC Explicit
08-04 00:05:32.547 26377 26389 I art     : Explicit concurrent mark sweep GC freed 2237(102KB) AllocSpace objects, 2(36KB) LOS objects, 10% free, 136MB/152MB, paused 1.162ms total 54.226ms
08-04 00:05:32.566 26377 26389 I art     : Starting a blocking GC Explicit
08-04 00:05:32.615 26377 26389 I art     : Explicit concurrent mark sweep GC freed 135(3KB) AllocSpace objects, 0(0B) LOS objects, 10% free, 136MB/152MB, paused 1.196ms total 48.569ms
08-04 00:05:32.633 26377 26389 I art     : Starting a blocking GC Explicit
08-04 00:05:32.682 26377 26389 I art     : Explicit concurrent mark sweep GC freed 110(2272B) AllocSpace objects, 0(0B) LOS objects, 10% free, 136MB/152MB, paused 1.196ms total 48.407ms
08-04 00:05:32.700 26377 26389 I art     : Starting a blocking GC Explicit
08-04 00:05:32.751 26377 26389 I art     : Explicit concurrent mark sweep GC freed 109(2320B) AllocSpace objects, 0(0B) LOS objects, 10% free, 136MB/152MB, paused 1.282ms total 51.046ms
08-04 00:05:32.770 26377 26389 I art     : Starting a blocking GC Explicit
08-04 00:05:32.823 26377 26389 I art     : Explicit concurrent mark sweep GC freed 99(1696B) AllocSpace objects, 0(0B) LOS objects, 10% free, 136MB/152MB, paused 1.256ms total 52.735ms
08-04 00:05:32.883   918  3261 D WifiStateMachine: starting scan for "H369AA63323"WPA_PSK with 2412,5180
08-04 00:05:33.240 26377 26654 I art     : Starting a blocking GC Explicit
08-04 00:05:33.295 26377 26654 I art     : Explicit concurrent mark sweep GC freed 2309(104KB) AllocSpace objects, 2(36KB) LOS objects, 10% free, 136MB/152MB, paused 1.340ms total 54.577ms
08-04 00:05:33.314 26377 26654 I art     : Starting a blocking GC Explicit
08-04 00:05:33.366 23490 23490 W Atfwd_Sendcmd: AtCmdFwd service not published, waiting... retryCnt : 2
08-04 00:05:33.368 26377 26654 I art     : Explicit concurrent mark sweep GC freed 124(2624B) AllocSpace objects, 0(0B) LOS objects, 10% free, 136MB/152MB, paused 1.244ms total 53.824ms
08-04 00:05:33.391 26377 26654 I art     : Starting a blocking GC Explicit
08-04 00:05:33.443 26377 26654 I art     : Explicit concurrent mark sweep GC freed 98(1664B) AllocSpace objects, 0(0B) LOS objects, 10% free, 136MB/152MB, paused 1.332ms total 52.159ms
08-04 00:05:33.462 26377 26654 I art     : Starting a blocking GC Explicit
08-04 00:05:33.514 26377 26654 I art     : Explicit concurrent mark sweep GC freed 116(1984B) AllocSpace objects, 0(0B) LOS objects, 10% free, 136MB/152MB, paused 1.317ms total 51.759ms
08-04 00:05:33.532 26377 26654 I art     : Starting a blocking GC Explicit
08-04 00:05:33.585 26377 26654 I art     : Explicit concurrent mark sweep GC freed 107(1840B) AllocSpace objects, 0(0B) LOS objects, 10% free, 136MB/152MB, paused 1.262ms total 52.343ms
08-04 00:05:33.585 26377 26387 I art     : WaitForGcToComplete blocked for 40.686ms for cause HeapTrim
08-04 00:05:33.602   918  3188 I hubconnection: sensorhub said: 'set_bias 3: -5.4912, 0.0000, 0.0000'
08-04 00:05:33.999 26377 26388 I art     : Starting a blocking GC Explicit
08-04 00:05:34.054 26377 26388 I art     : Explicit concurrent mark sweep GC freed 2254(102KB) AllocSpace objects, 2(36KB) LOS objects, 10% free, 136MB/152MB, paused 1.281ms total 54.272ms
08-04 00:05:34.074 26377 26388 I art     : Starting a blocking GC Explicit
08-04 00:05:34.125 26377 26388 I art     : Explicit concurrent mark sweep GC freed 124(2624B) AllocSpace objects, 0(0B) LOS objects, 10% free, 136MB/152MB, paused 1.201ms total 51.665ms
08-04 00:05:34.144 26377 26388 I art     : Starting a blocking GC Explicit
08-04 00:05:34.200 26377 26388 I art     : Explicit concurrent mark sweep GC freed 152(2864B) AllocSpace objects, 0(0B) LOS objects, 10% free, 136MB/152MB, paused 1.314ms total 55.435ms
08-04 00:05:34.221 26377 26388 I art     : Starting a blocking GC Explicit
08-04 00:05:34.270 26377 26388 I art     : Explicit concurrent mark sweep GC freed 113(2416B) AllocSpace objects, 0(0B) LOS objects, 10% free, 136MB/152MB, paused 1.248ms total 48.429ms
08-04 00:05:34.288 26377 26388 I art     : Starting a blocking GC Explicit
08-04 00:05:34.341 26377 26388 I art     : Explicit concurrent mark sweep GC freed 110(2272B) AllocSpace objects, 0(0B) LOS objects, 10% free, 136MB/152MB, paused 1.152ms total 53.107ms
08-04 00:05:34.747 26377 26397 I art     : Starting a blocking GC Explicit
08-04 00:05:34.804 26377 26397 I art     : Explicit concurrent mark sweep GC freed 2253(102KB) AllocSpace objects, 2(36KB) LOS objects, 10% free, 136MB/152MB, paused 1.274ms total 56.912ms
08-04 00:05:34.825 26377 26397 I art     : Starting a blocking GC Explicit
08-04 00:05:34.874 26377 26397 I art     : Explicit concurrent mark sweep GC freed 125(2656B) AllocSpace objects, 0(0B) LOS objects, 10% free, 136MB/152MB, paused 1.218ms total 49.262ms
08-04 00:05:34.892 26377 26397 I art     : Starting a blocking GC Explicit
08-04 00:05:34.946 26377 26397 I art     : Explicit concurrent mark sweep GC freed 105(1792B) AllocSpace objects, 0(0B) LOS objects, 10% free, 136MB/152MB, paused 1.273ms total 53.306ms
08-04 00:05:34.964 26377 26397 I art     : Starting a blocking GC Explicit
08-04 00:05:35.015 26377 26397 I art     : Explicit concurrent mark sweep GC freed 116(1968B) AllocSpace objects, 0(0B) LOS objects, 10% free, 136MB/152MB, paused 1.266ms total 50.598ms
08-04 00:05:35.034 26377 26397 I art     : Starting a blocking GC Explicit
08-04 00:05:35.087 26377 26397 I art     : Explicit concurrent mark sweep GC freed 100(1728B) AllocSpace objects, 0(0B) LOS objects, 10% free, 136MB/152MB, paused 1.265ms total 52.867ms
08-04 00:05:35.478 26377 26389 I art     : Starting a blocking GC Explicit
08-04 00:05:35.532 26377 26389 I art     : Explicit concurrent mark sweep GC freed 2248(103KB) AllocSpace objects, 2(36KB) LOS objects, 10% free, 136MB/152MB, paused 1.387ms total 53.297ms
08-04 00:05:35.551 26377 26389 I art     : Starting a blocking GC Explicit
08-04 00:05:35.601 26377 26389 I art     : Explicit concurrent mark sweep GC freed 147(3KB) AllocSpace objects, 0(0B) LOS objects, 10% free, 136MB/152MB, paused 1.219ms total 49.923ms
08-04 00:05:35.619 26377 26389 I art     : Starting a blocking GC Explicit
08-04 00:05:35.671 26377 26389 I art     : Explicit concurrent mark sweep GC freed 124(2912B) AllocSpace objects, 0(0B) LOS objects, 10% free, 136MB/152MB, paused 1.291ms total 51.657ms
08-04 00:05:35.690 26377 26389 I art     : Starting a blocking GC Explicit
08-04 00:05:35.741 26377 26389 I art     : Explicit concurrent mark sweep GC freed 113(2128B) AllocSpace objects, 0(0B) LOS objects, 10% free, 136MB/152MB, paused 1.252ms total 50.459ms
08-04 00:05:35.759 26377 26389 I art     : Starting a blocking GC Explicit
08-04 00:05:35.811 26377 26389 I art     : Explicit concurrent mark sweep GC freed 99(1696B) AllocSpace objects, 0(0B) LOS objects, 10% free, 136MB/152MB, paused 1.233ms total 51.729ms
08-04 00:05:35.878 28344 28344 D AndroidRuntime: >>>>>> START com.android.internal.os.RuntimeInit uid 2000 <<<<<<
08-04 00:05:35.884 28344 28344 D AndroidRuntime: CheckJNI is OFF
08-04 00:05:35.929 28344 28344 D ICU     : No timezone override file found: /data/misc/zoneinfo/current/icu/icu_tzdata.dat
08-04 00:05:35.974 28344 28344 I Radio-JNI: register_android_hardware_Radio DONE
08-04 00:05:36.003 28344 28344 D AndroidRuntime: Calling main entry com.android.commands.input.Input
08-04 00:05:36.004 28344 28344 I Input   : injectKeyEvent: KeyEvent { action=ACTION_DOWN, keyCode=KEYCODE_BACK, scanCode=0, metaState=0, flags=0x0, repeatCount=0, eventTime=662752417, downTime=662752417, deviceId=-1, source=0x101 }
08-04 00:05:36.012 28344 28344 I Input   : injectKeyEvent: KeyEvent { action=ACTION_UP, keyCode=KEYCODE_BACK, scanCode=0, metaState=0, flags=0x0, repeatCount=0, eventTime=662752417, downTime=662752417, deviceId=-1, source=0x101 }
08-04 00:05:36.019 28344 28344 D AndroidRuntime: Shutting down VM
08-04 00:05:36.029 26377 26377 V MainActivity: url = https://project-travel-mate.herokuapp.com/api/number-of-unread-notifications
08-04 00:05:36.058 13866 13866 I GoogleInputMethodServic: GoogleInputMethodService.onFinishInput():3138 
08-04 00:05:36.059 13866 13866 I GoogleInputMethodServic: GoogleInputMethodService.onStartInput():1808 
08-04 00:05:36.211 26377 26389 I art     : Starting a blocking GC Explicit
08-04 00:05:36.264 26377 26389 I art     : Explicit concurrent mark sweep GC freed 2656(123KB) AllocSpace objects, 2(36KB) LOS objects, 10% free, 136MB/152MB, paused 1.251ms total 52.384ms
08-04 00:05:36.283 26377 26389 I art     : Starting a blocking GC Explicit
08-04 00:05:36.334 26377 26389 I art     : Explicit concurrent mark sweep GC freed 208(6KB) AllocSpace objects, 0(0B) LOS objects, 10% free, 136MB/152MB, paused 1.647ms total 50.301ms
08-04 00:05:36.353 26377 26389 I art     : Starting a blocking GC Explicit
08-04 00:05:36.401   518   646 I ThermalEngine: ACTION: GPU - Setting GPU[0] to 510000000
08-04 00:05:36.405 26377 26389 I art     : Explicit concurrent mark sweep GC freed 102(1824B) AllocSpace objects, 0(0B) LOS objects, 10% free, 136MB/152MB, paused 1.111ms total 50.979ms
08-04 00:05:36.411   380   380 W SurfaceFlinger: couldn't log to binary event log: overflow.
08-04 00:05:36.427 26377 26389 I art     : Starting a blocking GC Explicit
08-04 00:05:36.467 26377 26389 I art     : Explicit concurrent mark sweep GC freed 51(1504B) AllocSpace objects, 1(188KB) LOS objects, 10% free, 136MB/152MB, paused 907us total 40.214ms
08-04 00:05:36.480 26377 26389 I art     : Starting a blocking GC Explicit
08-04 00:05:36.517 26377 26389 I art     : Explicit concurrent mark sweep GC freed 9190(492KB) AllocSpace objects, 15(384KB) LOS objects, 10% free, 136MB/152MB, paused 969us total 36.419ms
08-04 00:05:36.526 26377 28363 I NAPPA_EXPERIMENTATION: MetricNetworkRequestExecutionTime: REQUEST_DURATION_SYSTEM='496',REQUEST_DURATION_OKHTTP='31',REQUEST_SYNCHRONOUS='FALSE',RESPONSE_CODE='200',RESPONSE_METHOD='GET',RESPONSE_LENGTH_OKHTTP='36',RESPONSE_LENGTH_HEADER='36',REQUEST_PROTOCOL='http/1.1',REQUEST_URL='https://project-travel-mate.herokuapp.com/api/number-of-unread-notifications',
08-04 00:05:36.862 26377 26388 I art     : Starting a blocking GC Explicit
08-04 00:05:36.918 26377 26388 I art     : Explicit concurrent mark sweep GC freed 2753(224KB) AllocSpace objects, 3(116KB) LOS objects, 10% free, 136MB/152MB, paused 1.121ms total 55.932ms
08-04 00:05:36.936 26377 26388 I art     : Starting a blocking GC Explicit
08-04 00:05:36.976 26377 26388 I art     : Explicit concurrent mark sweep GC freed 39(1520B) AllocSpace objects, 0(0B) LOS objects, 10% free, 136MB/152MB, paused 939us total 39.606ms
08-04 00:05:36.990 26377 26388 I art     : Starting a blocking GC Explicit
08-04 00:05:37.029 26377 26388 I art     : Explicit concurrent mark sweep GC freed 3(96B) AllocSpace objects, 0(0B) LOS objects, 10% free, 136MB/152MB, paused 1.030ms total 38.605ms
08-04 00:05:37.043 26377 26388 I art     : Starting a blocking GC Explicit
08-04 00:05:37.082 26377 26388 I art     : Explicit concurrent mark sweep GC freed 3(96B) AllocSpace objects, 0(0B) LOS objects, 10% free, 136MB/152MB, paused 934us total 38.729ms
08-04 00:05:37.096 26377 26388 I art     : Starting a blocking GC Explicit
08-04 00:05:37.135 26377 26388 I art     : Explicit concurrent mark sweep GC freed 3(96B) AllocSpace objects, 0(0B) LOS objects, 10% free, 136MB/152MB, paused 938us total 39.527ms
08-04 00:05:37.474 26377 26397 I art     : Starting a blocking GC Explicit
08-04 00:05:37.520 26377 26397 I art     : Explicit concurrent mark sweep GC freed 1625(93KB) AllocSpace objects, 2(36KB) LOS objects, 10% free, 136MB/152MB, paused 985us total 45.351ms
08-04 00:05:37.534 26377 26397 I art     : Starting a blocking GC Explicit
08-04 00:05:37.571 26377 26397 I art     : Explicit concurrent mark sweep GC freed 38(1568B) AllocSpace objects, 0(0B) LOS objects, 10% free, 136MB/152MB, paused 935us total 37.122ms
08-04 00:05:37.585 26377 26397 I art     : Starting a blocking GC Explicit
08-04 00:05:37.622 26377 26397 I art     : Explicit concurrent mark sweep GC freed 3(96B) AllocSpace objects, 0(0B) LOS objects, 10% free, 136MB/152MB, paused 927us total 37.076ms
08-04 00:05:37.635 26377 26397 I art     : Starting a blocking GC Explicit
08-04 00:05:37.673 26377 26397 I art     : Explicit concurrent mark sweep GC freed 5(160B) AllocSpace objects, 0(0B) LOS objects, 10% free, 136MB/152MB, paused 1.087ms total 37.205ms
08-04 00:05:37.687 26377 26397 I art     : Starting a blocking GC Explicit
08-04 00:05:37.710 28379 28379 D AndroidRuntime: >>>>>> START com.android.internal.os.RuntimeInit uid 2000 <<<<<<
08-04 00:05:37.715 28379 28379 D AndroidRuntime: CheckJNI is OFF
08-04 00:05:37.721 26377 26397 I art     : Explicit concurrent mark sweep GC freed 5(160B) AllocSpace objects, 0(0B) LOS objects, 10% free, 136MB/152MB, paused 1.084ms total 34.536ms
08-04 00:05:37.748 28379 28379 D ICU     : No timezone override file found: /data/misc/zoneinfo/current/icu/icu_tzdata.dat
08-04 00:05:37.778 28379 28379 I Radio-JNI: register_android_hardware_Radio DONE
08-04 00:05:37.801 28379 28379 D AndroidRuntime: Calling main entry com.android.commands.input.Input
08-04 00:05:37.803 28379 28379 I Input   : injectMotionEvent: MotionEvent { action=ACTION_DOWN, actionButton=0, id[0]=0, x[0]=117.0, y[0]=170.0, toolType[0]=TOOL_TYPE_UNKNOWN, buttonState=0, metaState=0, flags=0x0, edgeFlags=0x0, pointerCount=1, historySize=0, eventTime=662754215, downTime=662754215, deviceId=0, source=0x1002 }
08-04 00:05:37.820 28379 28379 I Input   : injectMotionEvent: MotionEvent { action=ACTION_UP, actionButton=0, id[0]=0, x[0]=117.0, y[0]=170.0, toolType[0]=TOOL_TYPE_UNKNOWN, buttonState=0, metaState=0, flags=0x0, edgeFlags=0x0, pointerCount=1, historySize=0, eventTime=662754215, downTime=662754215, deviceId=0, source=0x1002 }
08-04 00:05:37.850 28379 28379 D AndroidRuntime: Shutting down VM
08-04 00:05:37.883   512  2967 D audio_hw_primary: out_set_parameters: enter: usecase(1: low-latency-playback) kvpairs: routing=2
08-04 00:05:37.896   512  2967 D audio_hw_primary: select_devices: out_snd_device(2: speaker) in_snd_device(0: none)
08-04 00:05:37.896   512  2967 D msm8974_platform: platform_send_audio_calibration: sending audio calibration for snd_device(2) acdb_id(15)
08-04 00:05:37.896   512  2967 I soundtrigger: audio_extn_sound_trigger_update_device_status: device 0x2 of type 0 for Event 1
08-04 00:05:37.918   512  2967 D audio_hw_primary: enable_snd_device: snd_device(2: speaker)
08-04 00:05:37.920   512  2967 D audio_hw_primary: enable_audio_route: apply and update mixer path: low-latency-playback speaker
08-04 00:05:38.037 26377 26654 I art     : Starting a blocking GC Explicit
08-04 00:05:38.073 26377 26654 I art     : Explicit concurrent mark sweep GC freed 2056(115KB) AllocSpace objects, 2(36KB) LOS objects, 10% free, 136MB/152MB, paused 1.210ms total 36.542ms
08-04 00:05:38.089 26377 26654 I art     : Starting a blocking GC Explicit
08-04 00:05:38.123 26377 26654 I art     : Explicit concurrent mark sweep GC freed 52(1968B) AllocSpace objects, 0(0B) LOS objects, 10% free, 136MB/152MB, paused 1.096ms total 33.913ms
08-04 00:05:38.139 26377 26654 I art     : Starting a blocking GC Explicit
08-04 00:05:38.172 26377 26654 I art     : Explicit concurrent mark sweep GC freed 34(928B) AllocSpace objects, 0(0B) LOS objects, 10% free, 136MB/152MB, paused 1.095ms total 33.373ms
08-04 00:05:38.187 26377 26654 I art     : Starting a blocking GC Explicit
08-04 00:05:38.219 26377 26654 I art     : Explicit concurrent mark sweep GC freed 3(96B) AllocSpace objects, 0(0B) LOS objects, 10% free, 136MB/152MB, paused 871us total 32.161ms
08-04 00:05:38.233 26377 26654 I art     : Starting a blocking GC Explicit
08-04 00:05:38.268 26377 26654 I art     : Explicit concurrent mark sweep GC freed 5(160B) AllocSpace objects, 0(0B) LOS objects, 10% free, 136MB/152MB, paused 972us total 34.833ms
08-04 00:05:38.458   512  2967 D audio_hw_primary: disable_audio_route: reset and update mixer path: low-latency-playback speaker
08-04 00:05:38.459   512  2967 D audio_hw_primary: disable_snd_device: snd_device(2: speaker)
08-04 00:05:38.467   512  2967 I soundtrigger: audio_extn_sound_trigger_update_device_status: device 0x2 of type 0 for Event 0
08-04 00:05:38.468 28412 28412 D AndroidRuntime: >>>>>> START com.android.internal.os.RuntimeInit uid 2000 <<<<<<
08-04 00:05:38.473 28412 28412 D AndroidRuntime: CheckJNI is OFF
08-04 00:05:38.505 28412 28412 D ICU     : No timezone override file found: /data/misc/zoneinfo/current/icu/icu_tzdata.dat
08-04 00:05:38.535 28412 28412 I Radio-JNI: register_android_hardware_Radio DONE
08-04 00:05:38.556 28412 28412 D AndroidRuntime: Calling main entry com.android.commands.input.Input
08-04 00:05:38.558 28412 28412 I Input   : injectMotionEvent: MotionEvent { action=ACTION_DOWN, actionButton=0, id[0]=0, x[0]=405.0, y[0]=661.0, toolType[0]=TOOL_TYPE_UNKNOWN, buttonState=0, metaState=0, flags=0x0, edgeFlags=0x0, pointerCount=1, historySize=0, eventTime=662754971, downTime=662754971, deviceId=0, source=0x1002 }
08-04 00:05:38.562 28412 28412 I Input   : injectMotionEvent: MotionEvent { action=ACTION_UP, actionButton=0, id[0]=0, x[0]=405.0, y[0]=661.0, toolType[0]=TOOL_TYPE_UNKNOWN, buttonState=0, metaState=0, flags=0x0, edgeFlags=0x0, pointerCount=1, historySize=0, eventTime=662754971, downTime=662754971, deviceId=0, source=0x1002 }
08-04 00:05:38.565 28412 28412 D AndroidRuntime: Shutting down VM
08-04 00:05:38.590   512  2967 D audio_hw_primary: out_set_parameters: enter: usecase(1: low-latency-playback) kvpairs: routing=2
08-04 00:05:38.596 26377 26389 I art     : Starting a blocking GC Explicit
08-04 00:05:38.603   512  2967 D audio_hw_primary: select_devices: out_snd_device(2: speaker) in_snd_device(0: none)
08-04 00:05:38.603   512  2967 D msm8974_platform: platform_send_audio_calibration: sending audio calibration for snd_device(2) acdb_id(15)
08-04 00:05:38.603   512  2967 I soundtrigger: audio_extn_sound_trigger_update_device_status: device 0x2 of type 0 for Event 1
08-04 00:05:38.613   512  2967 D audio_hw_primary: enable_snd_device: snd_device(2: speaker)
08-04 00:05:38.615   512  2967 D audio_hw_primary: enable_audio_route: apply and update mixer path: low-latency-playback speaker
08-04 00:05:38.636 26377 26389 I art     : Explicit concurrent mark sweep GC freed 2048(152KB) AllocSpace objects, 2(36KB) LOS objects, 8% free, 167MB/183MB, paused 1.119ms total 39.768ms
08-04 00:05:38.649 26377 26389 I art     : Starting a blocking GC Explicit
08-04 00:05:38.660   512  2967 D AudioFlinger: mixer(0xf4740000) throttle end: throttle time(12)
08-04 00:05:38.684 26377 26389 I art     : Explicit concurrent mark sweep GC freed 93(17KB) AllocSpace objects, 0(0B) LOS objects, 8% free, 167MB/183MB, paused 1.038ms total 34.801ms
08-04 00:05:38.697 26377 26389 I art     : Starting a blocking GC Explicit
08-04 00:05:38.732 26377 26389 I art     : Explicit concurrent mark sweep GC freed 3(96B) AllocSpace objects, 0(0B) LOS objects, 8% free, 167MB/183MB, paused 1.018ms total 34.480ms
08-04 00:05:38.745 26377 26389 I art     : Starting a blocking GC Explicit
08-04 00:05:38.780 26377 26389 I art     : Explicit concurrent mark sweep GC freed 3(96B) AllocSpace objects, 0(0B) LOS objects, 8% free, 167MB/183MB, paused 1.098ms total 34.864ms
08-04 00:05:38.793 26377 26389 I art     : Starting a blocking GC Explicit
08-04 00:05:38.828 26377 26389 I art     : Explicit concurrent mark sweep GC freed 35(17KB) AllocSpace objects, 0(0B) LOS objects, 8% free, 169MB/185MB, paused 1.278ms total 35.668ms
08-04 00:05:39.140 26377 26388 I art     : Starting a blocking GC Explicit
08-04 00:05:39.160   512  2967 D audio_hw_primary: disable_audio_route: reset and update mixer path: low-latency-playback speaker
08-04 00:05:39.162   512  2967 D audio_hw_primary: disable_snd_device: snd_device(2: speaker)
08-04 00:05:39.170   512  2967 I soundtrigger: audio_extn_sound_trigger_update_device_status: device 0x2 of type 0 for Event 0
08-04 00:05:39.179 26377 26388 I art     : Explicit concurrent mark sweep GC freed 3290(176KB) AllocSpace objects, 11(288KB) LOS objects, 8% free, 182MB/198MB, paused 946us total 38.495ms
08-04 00:05:39.193 26377 26388 I art     : Starting a blocking GC Explicit
08-04 00:05:39.232 26377 26388 I art     : Explicit concurrent mark sweep GC freed 894(50KB) AllocSpace objects, 0(0B) LOS objects, 8% free, 182MB/198MB, paused 915us total 38.684ms
08-04 00:05:39.245 26377 26388 I art     : Starting a blocking GC Explicit
08-04 00:05:39.285 26377 26388 I art     : Explicit concurrent mark sweep GC freed 3(96B) AllocSpace objects, 0(0B) LOS objects, 8% free, 182MB/198MB, paused 930us total 39.248ms
08-04 00:05:39.299 26377 26388 I art     : Starting a blocking GC Explicit
08-04 00:05:39.339 26377 26388 I art     : Explicit concurrent mark sweep GC freed 3(96B) AllocSpace objects, 0(0B) LOS objects, 8% free, 182MB/198MB, paused 950us total 40.169ms
08-04 00:05:39.353 26377 26388 I art     : Starting a blocking GC Explicit
08-04 00:05:39.394 26377 26388 I art     : Explicit concurrent mark sweep GC freed 3(96B) AllocSpace objects, 0(0B) LOS objects, 8% free, 182MB/198MB, paused 919us total 39.999ms
08-04 00:05:39.407   518   646 I ThermalEngine: ACTION: GPU - Setting GPU[0] to 450000000
08-04 00:05:39.791 26377 26654 I art     : Starting a blocking GC Explicit
08-04 00:05:39.842 26377 26654 I art     : Explicit concurrent mark sweep GC freed 1582(92KB) AllocSpace objects, 2(36KB) LOS objects, 8% free, 182MB/198MB, paused 1.300ms total 50.375ms
08-04 00:05:39.863 26377 26654 I art     : Starting a blocking GC Explicit
08-04 00:05:39.913 26377 26654 I art     : Explicit concurrent mark sweep GC freed 28(1024B) AllocSpace objects, 0(0B) LOS objects, 8% free, 182MB/198MB, paused 1.216ms total 49.709ms
08-04 00:05:39.932 26377 26654 I art     : Starting a blocking GC Explicit
08-04 00:05:39.981 26377 26654 I art     : Explicit concurrent mark sweep GC freed 3(96B) AllocSpace objects, 0(0B) LOS objects, 8% free, 182MB/198MB, paused 1.188ms total 49.248ms
08-04 00:05:39.999 26377 26654 I art     : Starting a blocking GC Explicit
08-04 00:05:40.048 26377 26654 I art     : Explicit concurrent mark sweep GC freed 3(96B) AllocSpace objects, 0(0B) LOS objects, 8% free, 182MB/198MB, paused 1.297ms total 48.507ms
08-04 00:05:40.070 26377 26654 I art     : Starting a blocking GC Explicit
08-04 00:05:40.120 26377 26654 I art     : Explicit concurrent mark sweep GC freed 3(96B) AllocSpace objects, 0(0B) LOS objects, 8% free, 182MB/198MB, paused 1.237ms total 49.832ms
08-04 00:05:40.506 26377 26397 I art     : Starting a blocking GC Explicit
08-04 00:05:40.569 26377 26397 I art     : Explicit concurrent mark sweep GC freed 1638(94KB) AllocSpace objects, 2(36KB) LOS objects, 8% free, 182MB/198MB, paused 1.471ms total 62.997ms
08-04 00:05:40.591 26377 26397 I art     : Starting a blocking GC Explicit
08-04 00:05:40.646 26377 26397 I art     : Explicit concurrent mark sweep GC freed 73(2944B) AllocSpace objects, 0(0B) LOS objects, 8% free, 182MB/198MB, paused 1.245ms total 54.635ms
08-04 00:05:40.669 26377 26397 I art     : Starting a blocking GC Explicit
08-04 00:05:40.721 26377 26397 I art     : Explicit concurrent mark sweep GC freed 16(704B) AllocSpace objects, 0(0B) LOS objects, 8% free, 182MB/198MB, paused 1.156ms total 51.822ms
08-04 00:05:40.739 26377 26397 I art     : Starting a blocking GC Explicit
08-04 00:05:40.793 26377 26397 I art     : Explicit concurrent mark sweep GC freed 17(528B) AllocSpace objects, 0(0B) LOS objects, 8% free, 182MB/198MB, paused 1.256ms total 53.206ms
08-04 00:05:40.812 26377 26397 I art     : Starting a blocking GC Explicit
08-04 00:05:40.859 26377 26397 I art     : Explicit concurrent mark sweep GC freed 3(96B) AllocSpace objects, 0(0B) LOS objects, 8% free, 182MB/198MB, paused 1.090ms total 47.536ms
08-04 00:05:41.290 26377 26389 I art     : Starting a blocking GC Explicit
08-04 00:05:41.345 26377 26389 I art     : Explicit concurrent mark sweep GC freed 1613(92KB) AllocSpace objects, 2(36KB) LOS objects, 8% free, 182MB/198MB, paused 1.242ms total 54.929ms
08-04 00:05:41.362 28465 28465 D AndroidRuntime: >>>>>> START com.android.internal.os.RuntimeInit uid 2000 <<<<<<
08-04 00:05:41.364 26377 26389 I art     : Starting a blocking GC Explicit
08-04 00:05:41.369 28465 28465 D AndroidRuntime: CheckJNI is OFF
08-04 00:05:41.413 26377 26389 I art     : Explicit concurrent mark sweep GC freed 28(1024B) AllocSpace objects, 0(0B) LOS objects, 8% free, 182MB/198MB, paused 1.295ms total 48.483ms
08-04 00:05:41.414 28465 28465 D ICU     : No timezone override file found: /data/misc/zoneinfo/current/icu/icu_tzdata.dat
08-04 00:05:41.431 26377 26389 I art     : Starting a blocking GC Explicit
08-04 00:05:41.462 28465 28465 I Radio-JNI: register_android_hardware_Radio DONE
08-04 00:05:41.481 26377 26389 I art     : Explicit concurrent mark sweep GC freed 3(96B) AllocSpace objects, 0(0B) LOS objects, 8% free, 182MB/198MB, paused 1.256ms total 49.994ms
08-04 00:05:41.492 28465 28465 D AndroidRuntime: Calling main entry com.android.commands.input.Input
08-04 00:05:41.494 28465 28465 I Input   : injectMotionEvent: MotionEvent { action=ACTION_DOWN, actionButton=0, id[0]=0, x[0]=1341.0, y[0]=197.0, toolType[0]=TOOL_TYPE_UNKNOWN, buttonState=0, metaState=0, flags=0x0, edgeFlags=0x0, pointerCount=1, historySize=0, eventTime=662757907, downTime=662757907, deviceId=0, source=0x1002 }
08-04 00:05:41.499 26377 26389 I art     : Starting a blocking GC Explicit
08-04 00:05:41.500 28465 28465 I Input   : injectMotionEvent: MotionEvent { action=ACTION_UP, actionButton=0, id[0]=0, x[0]=1341.0, y[0]=197.0, toolType[0]=TOOL_TYPE_UNKNOWN, buttonState=0, metaState=0, flags=0x0, edgeFlags=0x0, pointerCount=1, historySize=0, eventTime=662757907, downTime=662757907, deviceId=0, source=0x1002 }
08-04 00:05:41.503 28465 28465 D AndroidRuntime: Shutting down VM
08-04 00:05:41.524   512  2967 D audio_hw_primary: out_set_parameters: enter: usecase(1: low-latency-playback) kvpairs: routing=2
08-04 00:05:41.531   918  5481 I ActivityManager: START u0 {cmp=baseline.io.github.project_travel_mate/.notifications.NotificationsActivity} from uid 10650 on display 0
08-04 00:05:41.537   512  2967 D audio_hw_primary: select_devices: out_snd_device(2: speaker) in_snd_device(0: none)
08-04 00:05:41.537   512  2967 D msm8974_platform: platform_send_audio_calibration: sending audio calibration for snd_device(2) acdb_id(15)
08-04 00:05:41.537   512  2967 I soundtrigger: audio_extn_sound_trigger_update_device_status: device 0x2 of type 0 for Event 1
08-04 00:05:41.546 26377 26389 I art     : Explicit concurrent mark sweep GC freed 38(5KB) AllocSpace objects, 0(0B) LOS objects, 8% free, 182MB/198MB, paused 1.218ms total 46.309ms
08-04 00:05:41.549   512  2967 D audio_hw_primary: enable_snd_device: snd_device(2: speaker)
08-04 00:05:41.554   512  2967 D audio_hw_primary: enable_audio_route: apply and update mixer path: low-latency-playback speaker
08-04 00:05:41.564 26377 26443 D Gabe    : call	returning from cache
08-04 00:05:41.566 26377 26389 I art     : Starting a blocking GC Explicit
08-04 00:05:41.581 26377 26377 V EXECUTING: https://project-travel-mate.herokuapp.com/api/get-notifications
08-04 00:05:41.584 26377 26377 V EXECUTING: https://project-travel-mate.herokuapp.com/api/get-notifications
08-04 00:05:41.613 26377 26389 I art     : Explicit concurrent mark sweep GC freed 1218(89KB) AllocSpace objects, 0(0B) LOS objects, 8% free, 183MB/199MB, paused 1.275ms total 46.398ms
08-04 00:05:41.733   918   936 I ActivityManager: Displayed baseline.io.github.project_travel_mate/.notifications.NotificationsActivity: +192ms
08-04 00:05:41.733 13866 13866 I GoogleInputMethodServic: GoogleInputMethodService.onFinishInput():3138 
08-04 00:05:41.734 13866 13866 I GoogleInputMethodServic: GoogleInputMethodService.onStartInput():1808 
08-04 00:05:41.824 26377 26392 D OpenGLRenderer: endAllStagingAnimators on 0x7f7783f000 (RippleDrawable) with handle 0x7f7ae11b80
08-04 00:05:41.977 26377 26654 I art     : Starting a blocking GC Explicit
08-04 00:05:41.985   380   380 W SurfaceFlinger: couldn't log to binary event log: overflow.
08-04 00:05:42.026 26377 26654 I art     : Explicit concurrent mark sweep GC freed 3163(150KB) AllocSpace objects, 2(36KB) LOS objects, 7% free, 187MB/203MB, paused 1.208ms total 48.954ms
08-04 00:05:42.044 26377 26654 I art     : Starting a blocking GC Explicit
08-04 00:05:42.089   512  2967 D audio_hw_primary: disable_audio_route: reset and update mixer path: low-latency-playback speaker
08-04 00:05:42.090   512  2967 D audio_hw_primary: disable_snd_device: snd_device(2: speaker)
08-04 00:05:42.090 26377 26654 I art     : Explicit concurrent mark sweep GC freed 234(7KB) AllocSpace objects, 0(0B) LOS objects, 7% free, 187MB/203MB, paused 1.258ms total 46.456ms
08-04 00:05:42.099   512  2967 I soundtrigger: audio_extn_sound_trigger_update_device_status: device 0x2 of type 0 for Event 0
08-04 00:05:42.109 26377 26654 I art     : Starting a blocking GC Explicit
08-04 00:05:42.158 26377 26654 I art     : Explicit concurrent mark sweep GC freed 5191(264KB) AllocSpace objects, 4(280KB) LOS objects, 7% free, 187MB/203MB, paused 1.780ms total 48.961ms
08-04 00:05:42.174 26377 28489 I NAPPA_EXPERIMENTATION: MetricNetworkRequestExecutionTime: REQUEST_DURATION_SYSTEM='592',REQUEST_DURATION_OKHTTP='31',REQUEST_SYNCHRONOUS='FALSE',RESPONSE_CODE='200',RESPONSE_METHOD='GET',RESPONSE_LENGTH_OKHTTP='2',RESPONSE_LENGTH_HEADER='2',REQUEST_PROTOCOL='http/1.1',REQUEST_URL='https://project-travel-mate.herokuapp.com/api/get-notifications',
08-04 00:05:42.176 26377 26654 I art     : Starting a blocking GC Explicit
08-04 00:05:42.192 26377 28490 I NAPPA_EXPERIMENTATION: MetricNetworkRequestExecutionTime: REQUEST_DURATION_SYSTEM='607',REQUEST_DURATION_OKHTTP='45',REQUEST_SYNCHRONOUS='FALSE',RESPONSE_CODE='200',RESPONSE_METHOD='GET',RESPONSE_LENGTH_OKHTTP='2',RESPONSE_LENGTH_HEADER='2',REQUEST_PROTOCOL='http/1.1',REQUEST_URL='https://project-travel-mate.herokuapp.com/api/get-notifications',
08-04 00:05:42.221 26377 26654 I art     : Explicit concurrent mark sweep GC freed 2283(258KB) AllocSpace objects, 2(120KB) LOS objects, 7% free, 187MB/203MB, paused 1.457ms total 45.279ms
08-04 00:05:42.239 26377 26654 I art     : Starting a blocking GC Explicit
08-04 00:05:42.285 26377 26654 I art     : Explicit concurrent mark sweep GC freed 130(4KB) AllocSpace objects, 0(0B) LOS objects, 7% free, 187MB/203MB, paused 1.479ms total 45.363ms
08-04 00:05:42.347 26377 26377 V Response: [] 
08-04 00:05:42.366 26377 26377 V Response: [] 
08-04 00:05:42.374 26377 26443 W LOTTIE  : Animation contains merge paths. Merge paths are only supported on KitKat+ and must be manually enabled by calling enableMergePathsForKitKatAndAbove().
08-04 00:05:42.382 26377 26443 W LOTTIE  : Animation contains merge paths. Merge paths are only supported on KitKat+ and must be manually enabled by calling enableMergePathsForKitKatAndAbove().
08-04 00:05:42.386 26377 26443 W LOTTIE  : Animation contains merge paths. Merge paths are only supported on KitKat+ and must be manually enabled by calling enableMergePathsForKitKatAndAbove().
08-04 00:05:42.389 26377 26443 W LOTTIE  : Animation contains merge paths. Merge paths are only supported on KitKat+ and must be manually enabled by calling enableMergePathsForKitKatAndAbove().
08-04 00:05:42.392 26377 26443 W LOTTIE  : Animation contains merge paths. Merge paths are only supported on KitKat+ and must be manually enabled by calling enableMergePathsForKitKatAndAbove().
08-04 00:05:42.395 26377 26443 W LOTTIE  : Animation contains merge paths. Merge paths are only supported on KitKat+ and must be manually enabled by calling enableMergePathsForKitKatAndAbove().
08-04 00:05:42.397 26377 26443 W LOTTIE  : Animation contains merge paths. Merge paths are only supported on KitKat+ and must be manually enabled by calling enableMergePathsForKitKatAndAbove().
08-04 00:05:42.405 26377 26377 W LOTTIE  : Animation contains merge paths but they are disabled.
08-04 00:05:42.665 26377 26397 I art     : Starting a blocking GC Explicit
08-04 00:05:42.714 26377 26397 I art     : Explicit concurrent mark sweep GC freed 12234(525KB) AllocSpace objects, 3(224KB) LOS objects, 7% free, 187MB/203MB, paused 1.423ms total 48.951ms
08-04 00:05:42.732 26377 26397 I art     : Starting a blocking GC Explicit
08-04 00:05:42.775 26377 26397 I art     : Explicit concurrent mark sweep GC freed 2033(81KB) AllocSpace objects, 0(0B) LOS objects, 7% free, 187MB/203MB, paused 1.253ms total 43.073ms
08-04 00:05:42.792 26377 26397 I art     : Starting a blocking GC Explicit
08-04 00:05:42.834 26377 26397 I art     : Explicit concurrent mark sweep GC freed 213(3KB) AllocSpace objects, 0(0B) LOS objects, 7% free, 187MB/203MB, paused 1.105ms total 41.894ms
08-04 00:05:42.851 26377 26397 I art     : Starting a blocking GC Explicit
08-04 00:05:42.894 26377 26397 I art     : Explicit concurrent mark sweep GC freed 283(4KB) AllocSpace objects, 0(0B) LOS objects, 7% free, 187MB/203MB, paused 1.119ms total 42.631ms
08-04 00:05:42.911 26377 26397 I art     : Starting a blocking GC Explicit
08-04 00:05:42.954 26377 26397 I art     : Explicit concurrent mark sweep GC freed 244(4KB) AllocSpace objects, 0(0B) LOS objects, 7% free, 187MB/203MB, paused 1.276ms total 42.433ms
08-04 00:05:43.348 26377 26397 I art     : Starting a blocking GC Explicit
08-04 00:05:43.367 23490 23490 I ServiceManager: Waiting for service AtCmdFwd...
08-04 00:05:43.393 26377 26397 I art     : Explicit concurrent mark sweep GC freed 3546(124KB) AllocSpace objects, 2(36KB) LOS objects, 7% free, 187MB/203MB, paused 1.284ms total 44.847ms
08-04 00:05:43.411 26377 26397 I art     : Starting a blocking GC Explicit
08-04 00:05:43.454 26377 26397 I art     : Explicit concurrent mark sweep GC freed 269(5KB) AllocSpace objects, 0(0B) LOS objects, 7% free, 187MB/203MB, paused 1.278ms total 43.337ms
08-04 00:05:43.472 26377 26397 I art     : Starting a blocking GC Explicit
08-04 00:05:43.515 26377 26397 I art     : Explicit concurrent mark sweep GC freed 280(4KB) AllocSpace objects, 0(0B) LOS objects, 7% free, 187MB/203MB, paused 1.129ms total 43.015ms
08-04 00:05:43.532 26377 26397 I art     : Starting a blocking GC Explicit
08-04 00:05:43.577 26377 26397 I art     : Explicit concurrent mark sweep GC freed 281(4KB) AllocSpace objects, 0(0B) LOS objects, 7% free, 187MB/203MB, paused 1.325ms total 44.084ms
08-04 00:05:43.594 26377 26397 I art     : Starting a blocking GC Explicit
08-04 00:05:43.638 26377 26397 I art     : Explicit concurrent mark sweep GC freed 217(3KB) AllocSpace objects, 0(0B) LOS objects, 7% free, 187MB/203MB, paused 1.380ms total 43.949ms
08-04 00:05:44.043 26377 26389 I art     : Starting a blocking GC Explicit
08-04 00:05:44.088 26377 26389 I art     : Explicit concurrent mark sweep GC freed 3470(121KB) AllocSpace objects, 2(36KB) LOS objects, 7% free, 187MB/203MB, paused 1.218ms total 44.341ms
08-04 00:05:44.106 26377 26389 I art     : Starting a blocking GC Explicit
08-04 00:05:44.152 26377 26389 I art     : Explicit concurrent mark sweep GC freed 308(5KB) AllocSpace objects, 0(0B) LOS objects, 7% free, 187MB/203MB, paused 1.132ms total 45.129ms
08-04 00:05:44.169 26377 26389 I art     : Starting a blocking GC Explicit
08-04 00:05:44.214 26377 26389 I art     : Explicit concurrent mark sweep GC freed 313(5KB) AllocSpace objects, 0(0B) LOS objects, 7% free, 187MB/203MB, paused 1.109ms total 44.162ms
08-04 00:05:44.214 26377 26387 I art     : WaitForGcToComplete blocked for 34.654ms for cause HeapTrim
08-04 00:05:44.231 26377 26389 I art     : Starting a blocking GC Explicit
08-04 00:05:44.276 26377 26389 I art     : Explicit concurrent mark sweep GC freed 231(3KB) AllocSpace objects, 0(0B) LOS objects, 7% free, 187MB/203MB, paused 1.378ms total 44.038ms
08-04 00:05:44.293 26377 26389 I art     : Starting a blocking GC Explicit
08-04 00:05:44.337 26377 26389 I art     : Explicit concurrent mark sweep GC freed 266(4KB) AllocSpace objects, 0(0B) LOS objects, 7% free, 187MB/203MB, paused 1.194ms total 44.017ms
08-04 00:05:44.367 23490 23490 I ServiceManager: Waiting for service AtCmdFwd...
08-04 00:05:44.731 26377 26388 I art     : Starting a blocking GC Explicit
08-04 00:05:44.775 26377 26388 I art     : Explicit concurrent mark sweep GC freed 3450(122KB) AllocSpace objects, 2(36KB) LOS objects, 7% free, 187MB/203MB, paused 1.273ms total 43.915ms
08-04 00:05:44.793 26377 26388 I art     : Starting a blocking GC Explicit
08-04 00:05:44.836 26377 26388 I art     : Explicit concurrent mark sweep GC freed 309(6KB) AllocSpace objects, 0(0B) LOS objects, 7% free, 187MB/203MB, paused 1.075ms total 42.972ms
08-04 00:05:44.853 26377 26388 I art     : Starting a blocking GC Explicit
08-04 00:05:44.898 26377 26388 I art     : Explicit concurrent mark sweep GC freed 283(4KB) AllocSpace objects, 0(0B) LOS objects, 7% free, 187MB/203MB, paused 1.224ms total 44.278ms
08-04 00:05:44.915 26377 26388 I art     : Starting a blocking GC Explicit
08-04 00:05:44.959 26377 26388 I art     : Explicit concurrent mark sweep GC freed 247(3KB) AllocSpace objects, 0(0B) LOS objects, 7% free, 187MB/203MB, paused 1.294ms total 43.640ms
08-04 00:05:44.976 26377 26388 I art     : Starting a blocking GC Explicit
08-04 00:05:45.022 26377 26388 I art     : Explicit concurrent mark sweep GC freed 249(4KB) AllocSpace objects, 0(0B) LOS objects, 7% free, 187MB/203MB, paused 1.115ms total 45.032ms
08-04 00:05:45.368 23490 23490 I ServiceManager: Waiting for service AtCmdFwd...
08-04 00:05:45.422 26377 26654 I art     : Starting a blocking GC Explicit
08-04 00:05:45.474 26377 26654 I art     : Explicit concurrent mark sweep GC freed 3512(122KB) AllocSpace objects, 2(36KB) LOS objects, 7% free, 187MB/203MB, paused 1.256ms total 51.584ms
08-04 00:05:45.492 26377 26654 I art     : Starting a blocking GC Explicit
08-04 00:05:45.535 26377 26654 I art     : Explicit concurrent mark sweep GC freed 300(5KB) AllocSpace objects, 0(0B) LOS objects, 7% free, 187MB/203MB, paused 1.070ms total 42.987ms
08-04 00:05:45.553 26377 26654 I art     : Starting a blocking GC Explicit
08-04 00:05:45.596 26377 26654 I art     : Explicit concurrent mark sweep GC freed 283(4KB) AllocSpace objects, 0(0B) LOS objects, 7% free, 187MB/203MB, paused 1.125ms total 43.254ms
08-04 00:05:45.613 26377 26654 I art     : Starting a blocking GC Explicit
08-04 00:05:45.657 26377 26654 I art     : Explicit concurrent mark sweep GC freed 214(3KB) AllocSpace objects, 0(0B) LOS objects, 7% free, 187MB/203MB, paused 1.185ms total 42.980ms
08-04 00:05:45.674 26377 26654 I art     : Starting a blocking GC Explicit
08-04 00:05:45.718 26377 26654 I art     : Explicit concurrent mark sweep GC freed 295(4KB) AllocSpace objects, 0(0B) LOS objects, 7% free, 187MB/203MB, paused 1.099ms total 44.148ms
08-04 00:05:46.081 26377 26389 I art     : Starting a blocking GC Explicit
08-04 00:05:46.127 26377 26389 I art     : Explicit concurrent mark sweep GC freed 3332(120KB) AllocSpace objects, 2(36KB) LOS objects, 7% free, 187MB/203MB, paused 1.354ms total 46.443ms
08-04 00:05:46.145 26377 26389 I art     : Starting a blocking GC Explicit
08-04 00:05:46.190 26377 26389 I art     : Explicit concurrent mark sweep GC freed 489(16KB) AllocSpace objects, 0(0B) LOS objects, 7% free, 187MB/203MB, paused 1.124ms total 45.180ms
08-04 00:05:46.208 26377 26389 I art     : Starting a blocking GC Explicit
08-04 00:05:46.230 28554 28554 D AndroidRuntime: >>>>>> START com.android.internal.os.RuntimeInit uid 2000 <<<<<<
08-04 00:05:46.236 28554 28554 D AndroidRuntime: CheckJNI is OFF
08-04 00:05:46.253 26377 26389 I art     : Explicit concurrent mark sweep GC freed 294(5KB) AllocSpace objects, 0(0B) LOS objects, 7% free, 187MB/203MB, paused 1.194ms total 44.914ms
08-04 00:05:46.270 26377 26389 I art     : Starting a blocking GC Explicit
08-04 00:05:46.277 28554 28554 D ICU     : No timezone override file found: /data/misc/zoneinfo/current/icu/icu_tzdata.dat
08-04 00:05:46.315 26377 26389 I art     : Explicit concurrent mark sweep GC freed 284(4KB) AllocSpace objects, 0(0B) LOS objects, 7% free, 187MB/203MB, paused 1.368ms total 44.496ms
08-04 00:05:46.318 28554 28554 I Radio-JNI: register_android_hardware_Radio DONE
08-04 00:05:46.332 26377 26389 I art     : Starting a blocking GC Explicit
08-04 00:05:46.347 28554 28554 D AndroidRuntime: Calling main entry com.android.commands.input.Input
08-04 00:05:46.349 28554 28554 I Input   : injectKeyEvent: KeyEvent { action=ACTION_DOWN, keyCode=KEYCODE_BACK, scanCode=0, metaState=0, flags=0x0, repeatCount=0, eventTime=662762762, downTime=662762762, deviceId=-1, source=0x101 }
08-04 00:05:46.356 28554 28554 I Input   : injectKeyEvent: KeyEvent { action=ACTION_UP, keyCode=KEYCODE_BACK, scanCode=0, metaState=0, flags=0x0, repeatCount=0, eventTime=662762762, downTime=662762762, deviceId=-1, source=0x101 }
08-04 00:05:46.368 23490 23490 I ServiceManager: Waiting for service AtCmdFwd...
08-04 00:05:46.369 28554 28554 D AndroidRuntime: Shutting down VM
08-04 00:05:46.376 26377 26389 I art     : Explicit concurrent mark sweep GC freed 234(4KB) AllocSpace objects, 0(0B) LOS objects, 7% free, 187MB/203MB, paused 1.276ms total 43.763ms
08-04 00:05:46.378 26377 26377 V MainActivity: url = https://project-travel-mate.herokuapp.com/api/number-of-unread-notifications
08-04 00:05:46.416 13866 13866 I GoogleInputMethodServic: GoogleInputMethodService.onFinishInput():3138 
08-04 00:05:46.417 13866 13866 I GoogleInputMethodServic: GoogleInputMethodService.onStartInput():1808 
08-04 00:05:46.706   380   380 W SurfaceFlinger: couldn't log to binary event log: overflow.
08-04 00:05:46.768 26377 26397 I art     : Starting a blocking GC Explicit
08-04 00:05:46.822 26377 26397 I art     : Explicit concurrent mark sweep GC freed 2964(169KB) AllocSpace objects, 3(4MB) LOS objects, 8% free, 183MB/199MB, paused 1.482ms total 53.694ms
08-04 00:05:46.841 26377 26397 I art     : Starting a blocking GC Explicit
08-04 00:05:46.878 26377 28577 I NAPPA_EXPERIMENTATION: MetricNetworkRequestExecutionTime: REQUEST_DURATION_SYSTEM='499',REQUEST_DURATION_OKHTTP='31',REQUEST_SYNCHRONOUS='FALSE',RESPONSE_CODE='200',RESPONSE_METHOD='GET',RESPONSE_LENGTH_OKHTTP='36',RESPONSE_LENGTH_HEADER='36',REQUEST_PROTOCOL='http/1.1',REQUEST_URL='https://project-travel-mate.herokuapp.com/api/number-of-unread-notifications',
08-04 00:05:46.888 26377 26397 I art     : Explicit concurrent mark sweep GC freed 6019(276KB) AllocSpace objects, 5(256KB) LOS objects, 8% free, 183MB/199MB, paused 1.225ms total 46.966ms
08-04 00:05:46.905 26377 26397 I art     : Starting a blocking GC Explicit
08-04 00:05:46.954 26377 26397 I art     : Explicit concurrent mark sweep GC freed 944(116KB) AllocSpace objects, 0(0B) LOS objects, 8% free, 183MB/199MB, paused 1.265ms total 49.068ms
08-04 00:05:46.973 26377 26397 I art     : Starting a blocking GC Explicit
08-04 00:05:47.025 26377 26397 I art     : Explicit concurrent mark sweep GC freed 86(3KB) AllocSpace objects, 0(0B) LOS objects, 8% free, 183MB/199MB, paused 1.260ms total 51.375ms
08-04 00:05:47.043 26377 26397 I art     : Starting a blocking GC Explicit
08-04 00:05:47.096 26377 26397 I art     : Explicit concurrent mark sweep GC freed 3(96B) AllocSpace objects, 0(0B) LOS objects, 8% free, 183MB/199MB, paused 1.347ms total 52.634ms
08-04 00:05:47.369 23490 23490 I ServiceManager: Waiting for service AtCmdFwd...
08-04 00:05:47.425   518   646 I ThermalEngine: ACTION: GPU - Setting GPU[0] to 390000000
08-04 00:05:47.546 26377 26388 I art     : Starting a blocking GC Explicit
08-04 00:05:47.622 26377 26388 I art     : Explicit concurrent mark sweep GC freed 1624(93KB) AllocSpace objects, 2(36KB) LOS objects, 8% free, 183MB/199MB, paused 1.996ms total 75.611ms
08-04 00:05:47.647 26377 26388 I art     : Starting a blocking GC Explicit
08-04 00:05:47.707 26377 26388 I art     : Explicit concurrent mark sweep GC freed 39(1600B) AllocSpace objects, 0(0B) LOS objects, 8% free, 183MB/199MB, paused 1.901ms total 58.912ms
08-04 00:05:47.731 26377 26388 I art     : Starting a blocking GC Explicit
08-04 00:05:47.792 26377 26388 I art     : Explicit concurrent mark sweep GC freed 3(96B) AllocSpace objects, 0(0B) LOS objects, 8% free, 183MB/199MB, paused 1.877ms total 60.862ms
08-04 00:05:47.817 26377 26388 I art     : Starting a blocking GC Explicit
08-04 00:05:47.879 26377 26388 I art     : Explicit concurrent mark sweep GC freed 3(96B) AllocSpace objects, 0(0B) LOS objects, 8% free, 183MB/199MB, paused 1.997ms total 61.375ms
08-04 00:05:47.903 26377 26388 I art     : Starting a blocking GC Explicit
08-04 00:05:47.965 26377 26388 I art     : Explicit concurrent mark sweep GC freed 3(96B) AllocSpace objects, 0(0B) LOS objects, 8% free, 183MB/199MB, paused 1.896ms total 61.298ms
08-04 00:05:48.248 28601 28601 D AndroidRuntime: >>>>>> START com.android.internal.os.RuntimeInit uid 2000 <<<<<<
08-04 00:05:48.255 28601 28601 D AndroidRuntime: CheckJNI is OFF
08-04 00:05:48.311 28601 28601 D ICU     : No timezone override file found: /data/misc/zoneinfo/current/icu/icu_tzdata.dat
08-04 00:05:48.357 28601 28601 I Radio-JNI: register_android_hardware_Radio DONE
08-04 00:05:48.369 23490 23490 W Atfwd_Sendcmd: AtCmdFwd service not published, waiting... retryCnt : 3
08-04 00:05:48.390 28601 28601 D AndroidRuntime: Calling main entry com.android.commands.input.Input
08-04 00:05:48.393 28601 28601 I Input   : injectMotionEvent: MotionEvent { action=ACTION_DOWN, actionButton=0, id[0]=0, x[0]=117.0, y[0]=170.0, toolType[0]=TOOL_TYPE_UNKNOWN, buttonState=0, metaState=0, flags=0x0, edgeFlags=0x0, pointerCount=1, historySize=0, eventTime=662764805, downTime=662764805, deviceId=0, source=0x1002 }
08-04 00:05:48.399 28601 28601 I Input   : injectMotionEvent: MotionEvent { action=ACTION_UP, actionButton=0, id[0]=0, x[0]=117.0, y[0]=170.0, toolType[0]=TOOL_TYPE_UNKNOWN, buttonState=0, metaState=0, flags=0x0, edgeFlags=0x0, pointerCount=1, historySize=0, eventTime=662764805, downTime=662764805, deviceId=0, source=0x1002 }
08-04 00:05:48.402 28601 28601 D AndroidRuntime: Shutting down VM
08-04 00:05:48.407 26377 26389 I art     : Starting a blocking GC Explicit
08-04 00:05:48.414   512  2967 D audio_hw_primary: out_set_parameters: enter: usecase(1: low-latency-playback) kvpairs: routing=2
08-04 00:05:48.425   518   646 I ThermalEngine: ACTION: GPU - Setting GPU[0] to 450000000
08-04 00:05:48.428   512  2967 D audio_hw_primary: select_devices: out_snd_device(2: speaker) in_snd_device(0: none)
08-04 00:05:48.428   512  2967 D msm8974_platform: platform_send_audio_calibration: sending audio calibration for snd_device(2) acdb_id(15)
08-04 00:05:48.428   512  2967 I soundtrigger: audio_extn_sound_trigger_update_device_status: device 0x2 of type 0 for Event 1
08-04 00:05:48.445   512  2967 D audio_hw_primary: enable_snd_device: snd_device(2: speaker)
08-04 00:05:48.448   512  2967 D audio_hw_primary: enable_audio_route: apply and update mixer path: low-latency-playback speaker
08-04 00:05:48.465 26377 26389 I art     : Explicit concurrent mark sweep GC freed 1637(93KB) AllocSpace objects, 2(36KB) LOS objects, 8% free, 183MB/199MB, paused 1.258ms total 57.880ms
08-04 00:05:48.483 26377 26389 I art     : Starting a blocking GC Explicit
08-04 00:05:48.531 26377 26389 I art     : Explicit concurrent mark sweep GC freed 415(20KB) AllocSpace objects, 0(0B) LOS objects, 8% free, 183MB/199MB, paused 1.523ms total 48.585ms
08-04 00:05:48.550 26377 26389 I art     : Starting a blocking GC Explicit
08-04 00:05:48.599 26377 26389 I art     : Explicit concurrent mark sweep GC freed 25(1104B) AllocSpace objects, 0(0B) LOS objects, 8% free, 183MB/199MB, paused 1.281ms total 48.760ms
08-04 00:05:48.617 26377 26389 I art     : Starting a blocking GC Explicit
08-04 00:05:48.663 26377 26389 I art     : Explicit concurrent mark sweep GC freed 3(96B) AllocSpace objects, 0(0B) LOS objects, 8% free, 183MB/199MB, paused 1.219ms total 45.379ms
08-04 00:05:48.680 26377 26389 I art     : Starting a blocking GC Explicit
08-04 00:05:48.727 26377 26389 I art     : Explicit concurrent mark sweep GC freed 5(160B) AllocSpace objects, 0(0B) LOS objects, 8% free, 183MB/199MB, paused 1.357ms total 46.606ms
08-04 00:05:48.988   512  2967 D audio_hw_primary: disable_audio_route: reset and update mixer path: low-latency-playback speaker
08-04 00:05:48.990   512  2967 D audio_hw_primary: disable_snd_device: snd_device(2: speaker)
08-04 00:05:48.998   512  2967 I soundtrigger: audio_extn_sound_trigger_update_device_status: device 0x2 of type 0 for Event 0
08-04 00:05:49.106 26377 26397 I art     : Starting a blocking GC Explicit
08-04 00:05:49.155 28625 28625 D AndroidRuntime: >>>>>> START com.android.internal.os.RuntimeInit uid 2000 <<<<<<
08-04 00:05:49.157 26377 26397 I art     : Explicit concurrent mark sweep GC freed 1585(92KB) AllocSpace objects, 2(36KB) LOS objects, 8% free, 183MB/199MB, paused 1.383ms total 50.566ms
08-04 00:05:49.161 28625 28625 D AndroidRuntime: CheckJNI is OFF
08-04 00:05:49.175 26377 26397 I art     : Starting a blocking GC Explicit
08-04 00:05:49.203 28625 28625 D ICU     : No timezone override file found: /data/misc/zoneinfo/current/icu/icu_tzdata.dat
08-04 00:05:49.220 26377 26397 I art     : Explicit concurrent mark sweep GC freed 69(2176B) AllocSpace objects, 0(0B) LOS objects, 8% free, 183MB/199MB, paused 1.304ms total 44.627ms
08-04 00:05:49.238 26377 26397 I art     : Starting a blocking GC Explicit
08-04 00:05:49.246 28625 28625 I Radio-JNI: register_android_hardware_Radio DONE
08-04 00:05:49.276 28625 28625 D AndroidRuntime: Calling main entry com.android.commands.input.Input
08-04 00:05:49.278 28625 28625 I Input   : injectMotionEvent: MotionEvent { action=ACTION_DOWN, actionButton=0, id[0]=0, x[0]=418.0, y[0]=842.0, toolType[0]=TOOL_TYPE_UNKNOWN, buttonState=0, metaState=0, flags=0x0, edgeFlags=0x0, pointerCount=1, historySize=0, eventTime=662765691, downTime=662765691, deviceId=0, source=0x1002 }
08-04 00:05:49.282 28625 28625 I Input   : injectMotionEvent: MotionEvent { action=ACTION_UP, actionButton=0, id[0]=0, x[0]=418.0, y[0]=842.0, toolType[0]=TOOL_TYPE_UNKNOWN, buttonState=0, metaState=0, flags=0x0, edgeFlags=0x0, pointerCount=1, historySize=0, eventTime=662765691, downTime=662765691, deviceId=0, source=0x1002 }
08-04 00:05:49.284 28625 28625 D AndroidRuntime: Shutting down VM
08-04 00:05:49.287 26377 26397 I art     : Explicit concurrent mark sweep GC freed 20(880B) AllocSpace objects, 0(0B) LOS objects, 8% free, 183MB/199MB, paused 1.394ms total 48.161ms
08-04 00:05:49.287 26377 26387 I art     : WaitForGcToComplete blocked for 10.851ms for cause HeapTrim
08-04 00:05:49.296   512  2967 D audio_hw_primary: out_set_parameters: enter: usecase(1: low-latency-playback) kvpairs: routing=2
08-04 00:05:49.304 26377 26397 I art     : Starting a blocking GC Explicit
08-04 00:05:49.307 26377 26443 D Gabe    : call	returning from cache
08-04 00:05:49.309   512  2967 D audio_hw_primary: select_devices: out_snd_device(2: speaker) in_snd_device(0: none)
08-04 00:05:49.309   512  2967 D msm8974_platform: platform_send_audio_calibration: sending audio calibration for snd_device(2) acdb_id(15)
08-04 00:05:49.309   512  2967 I soundtrigger: audio_extn_sound_trigger_update_device_status: device 0x2 of type 0 for Event 1
08-04 00:05:49.320   512  2967 D audio_hw_primary: enable_snd_device: snd_device(2: speaker)
08-04 00:05:49.322   512  2967 D audio_hw_primary: enable_audio_route: apply and update mixer path: low-latency-playback speaker
08-04 00:05:49.328 26377 26377 V MainActivity: url = https://project-travel-mate.herokuapp.com/api/number-of-unread-notifications
08-04 00:05:49.353 26377 26397 I art     : Explicit concurrent mark sweep GC freed 1036(53KB) AllocSpace objects, 0(0B) LOS objects, 8% free, 183MB/199MB, paused 1.743ms total 48.626ms
08-04 00:05:49.369   512  2967 D AudioFlinger: mixer(0xf4740000) throttle end: throttle time(12)
08-04 00:05:49.371 26377 26397 I art     : Starting a blocking GC Explicit
08-04 00:05:49.421 26377 26397 I art     : Explicit concurrent mark sweep GC freed 480(34KB) AllocSpace objects, 0(0B) LOS objects, 8% free, 183MB/199MB, paused 1.763ms total 50.142ms
08-04 00:05:49.805 26377 26654 I art     : Starting a blocking GC Explicit
08-04 00:05:49.863 26377 26377 I Choreographer: Skipped 31 frames!  The application may be doing too much work on its main thread.
08-04 00:05:49.863 26377 26654 I art     : Explicit concurrent mark sweep GC freed 4807(261KB) AllocSpace objects, 2(40KB) LOS objects, 7% free, 184MB/200MB, paused 2.212ms total 57.309ms
08-04 00:05:49.869   512  2967 D audio_hw_primary: disable_audio_route: reset and update mixer path: low-latency-playback speaker
08-04 00:05:49.870   512  2967 D audio_hw_primary: disable_snd_device: snd_device(2: speaker)
08-04 00:05:49.879   512  2967 I soundtrigger: audio_extn_sound_trigger_update_device_status: device 0x2 of type 0 for Event 0
08-04 00:05:49.887 26377 26654 I art     : Starting a blocking GC Explicit
08-04 00:05:49.941 26377 26654 I art     : Explicit concurrent mark sweep GC freed 1428(76KB) AllocSpace objects, 9(252KB) LOS objects, 8% free, 183MB/199MB, paused 1.795ms total 53.354ms
08-04 00:05:49.959 26377 26654 I art     : Starting a blocking GC Explicit
08-04 00:05:50.016 26377 26654 I art     : Explicit concurrent mark sweep GC freed 276(22KB) AllocSpace objects, 0(0B) LOS objects, 8% free, 183MB/199MB, paused 1.880ms total 55.988ms
08-04 00:05:50.034 26377 26654 I art     : Starting a blocking GC Explicit
08-04 00:05:50.090 26377 26654 I art     : Explicit concurrent mark sweep GC freed 1098(38KB) AllocSpace objects, 0(0B) LOS objects, 8% free, 183MB/199MB, paused 1.353ms total 55.561ms
08-04 00:05:50.108 26377 26654 I art     : Starting a blocking GC Explicit
08-04 00:05:50.157 26377 28647 I NAPPA_EXPERIMENTATION: MetricNetworkRequestExecutionTime: REQUEST_DURATION_SYSTEM='828',REQUEST_DURATION_OKHTTP='29',REQUEST_SYNCHRONOUS='FALSE',RESPONSE_CODE='200',RESPONSE_METHOD='GET',RESPONSE_LENGTH_OKHTTP='36',RESPONSE_LENGTH_HEADER='36',REQUEST_PROTOCOL='http/1.1',REQUEST_URL='https://project-travel-mate.herokuapp.com/api/number-of-unread-notifications',
08-04 00:05:50.161 26377 26654 I art     : Explicit concurrent mark sweep GC freed 2817(146KB) AllocSpace objects, 2(120KB) LOS objects, 7% free, 184MB/200MB, paused 1.507ms total 52.770ms
08-04 00:05:50.554 26377 26388 I art     : Starting a blocking GC Explicit
08-04 00:05:50.611 26377 26388 I art     : Explicit concurrent mark sweep GC freed 3360(226KB) AllocSpace objects, 3(132KB) LOS objects, 8% free, 183MB/199MB, paused 1.304ms total 56.582ms
08-04 00:05:50.630 26377 26388 I art     : Starting a blocking GC Explicit
08-04 00:05:50.686 26377 26388 I art     : Explicit concurrent mark sweep GC freed 163(3KB) AllocSpace objects, 0(0B) LOS objects, 8% free, 183MB/199MB, paused 1.283ms total 55.727ms
08-04 00:05:50.705 26377 26388 I art     : Starting a blocking GC Explicit
08-04 00:05:50.761 26377 26388 I art     : Explicit concurrent mark sweep GC freed 106(2032B) AllocSpace objects, 0(0B) LOS objects, 8% free, 183MB/199MB, paused 1.159ms total 56.109ms
08-04 00:05:50.780 26377 26388 I art     : Starting a blocking GC Explicit
08-04 00:05:50.837 26377 26388 I art     : Explicit concurrent mark sweep GC freed 123(2096B) AllocSpace objects, 0(0B) LOS objects, 8% free, 183MB/199MB, paused 1.273ms total 56.268ms
08-04 00:05:50.856 26377 26388 I art     : Starting a blocking GC Explicit
08-04 00:05:50.911 26377 26388 I art     : Explicit concurrent mark sweep GC freed 99(1696B) AllocSpace objects, 0(0B) LOS objects, 8% free, 183MB/199MB, paused 1.270ms total 55.094ms
08-04 00:05:51.347 26377 26388 I art     : Starting a blocking GC Explicit
08-04 00:05:51.434 26377 26388 I art     : Explicit concurrent mark sweep GC freed 2427(107KB) AllocSpace objects, 2(52KB) LOS objects, 8% free, 183MB/199MB, paused 1.291ms total 87ms
08-04 00:05:51.455 26377 26388 I art     : Starting a blocking GC Explicit
08-04 00:05:51.510 26377 26388 I art     : Explicit concurrent mark sweep GC freed 140(3KB) AllocSpace objects, 0(0B) LOS objects, 8% free, 183MB/199MB, paused 1.147ms total 55.108ms
08-04 00:05:51.529 26377 26388 I art     : Starting a blocking GC Explicit
08-04 00:05:51.584 26377 26388 I art     : Explicit concurrent mark sweep GC freed 121(2048B) AllocSpace objects, 0(0B) LOS objects, 8% free, 183MB/199MB, paused 1.265ms total 54.053ms
08-04 00:05:51.602 26377 26388 I art     : Starting a blocking GC Explicit
08-04 00:05:51.656 26377 26388 I art     : Explicit concurrent mark sweep GC freed 101(1744B) AllocSpace objects, 0(0B) LOS objects, 8% free, 183MB/199MB, paused 1.283ms total 52.878ms
08-04 00:05:51.674 26377 26388 I art     : Starting a blocking GC Explicit
08-04 00:05:51.733 26377 26388 I art     : Explicit concurrent mark sweep GC freed 123(2096B) AllocSpace objects, 0(0B) LOS objects, 8% free, 183MB/199MB, paused 1.307ms total 57.912ms
08-04 00:05:52.054 28679 28679 D AndroidRuntime: >>>>>> START com.android.internal.os.RuntimeInit uid 2000 <<<<<<
08-04 00:05:52.060 28679 28679 D AndroidRuntime: CheckJNI is OFF
08-04 00:05:52.104 28679 28679 D ICU     : No timezone override file found: /data/misc/zoneinfo/current/icu/icu_tzdata.dat
08-04 00:05:52.147 28679 28679 I Radio-JNI: register_android_hardware_Radio DONE
08-04 00:05:52.153 26377 26389 I art     : Starting a blocking GC Explicit
08-04 00:05:52.178 28679 28679 D AndroidRuntime: Calling main entry com.android.commands.input.Input
08-04 00:05:52.180 28679 28679 I Input   : injectMotionEvent: MotionEvent { action=ACTION_DOWN, actionButton=0, id[0]=0, x[0]=117.0, y[0]=170.0, toolType[0]=TOOL_TYPE_UNKNOWN, buttonState=0, metaState=0, flags=0x0, edgeFlags=0x0, pointerCount=1, historySize=0, eventTime=662768592, downTime=662768592, deviceId=0, source=0x1002 }
08-04 00:05:52.186 28679 28679 I Input   : injectMotionEvent: MotionEvent { action=ACTION_UP, actionButton=0, id[0]=0, x[0]=117.0, y[0]=170.0, toolType[0]=TOOL_TYPE_UNKNOWN, buttonState=0, metaState=0, flags=0x0, edgeFlags=0x0, pointerCount=1, historySize=0, eventTime=662768592, downTime=662768592, deviceId=0, source=0x1002 }
08-04 00:05:52.188 28679 28679 D AndroidRuntime: Shutting down VM
08-04 00:05:52.200   512  2967 D audio_hw_primary: out_set_parameters: enter: usecase(1: low-latency-playback) kvpairs: routing=2
08-04 00:05:52.208 26377 26389 I art     : Explicit concurrent mark sweep GC freed 2312(104KB) AllocSpace objects, 2(52KB) LOS objects, 8% free, 183MB/199MB, paused 1.343ms total 54.506ms
08-04 00:05:52.215   512  2967 D audio_hw_primary: select_devices: out_snd_device(2: speaker) in_snd_device(0: none)
08-04 00:05:52.215   512  2967 D msm8974_platform: platform_send_audio_calibration: sending audio calibration for snd_device(2) acdb_id(15)
08-04 00:05:52.215   512  2967 I soundtrigger: audio_extn_sound_trigger_update_device_status: device 0x2 of type 0 for Event 1
08-04 00:05:52.225   512  2967 D audio_hw_primary: enable_snd_device: snd_device(2: speaker)
08-04 00:05:52.227 26377 26389 I art     : Starting a blocking GC Explicit
08-04 00:05:52.227   512  2967 D audio_hw_primary: enable_audio_route: apply and update mixer path: low-latency-playback speaker
08-04 00:05:52.277 26377 26389 I art     : Explicit concurrent mark sweep GC freed 194(5KB) AllocSpace objects, 0(0B) LOS objects, 7% free, 184MB/200MB, paused 1.292ms total 49.808ms
08-04 00:05:52.295 26377 26389 I art     : Starting a blocking GC Explicit
08-04 00:05:52.346 26377 26389 I art     : Explicit concurrent mark sweep GC freed 495(21KB) AllocSpace objects, 0(0B) LOS objects, 7% free, 184MB/200MB, paused 1.190ms total 49.955ms
08-04 00:05:52.365 26377 26389 I art     : Starting a blocking GC Explicit
08-04 00:05:52.423 26377 26389 I art     : Explicit concurrent mark sweep GC freed 136(2672B) AllocSpace objects, 0(0B) LOS objects, 7% free, 184MB/200MB, paused 1.334ms total 57.829ms
08-04 00:05:52.443 26377 26389 I art     : Starting a blocking GC Explicit
08-04 00:05:52.491 26377 26389 I art     : Explicit concurrent mark sweep GC freed 101(1760B) AllocSpace objects, 0(0B) LOS objects, 7% free, 184MB/200MB, paused 1.169ms total 47.720ms
08-04 00:05:52.759   512  2967 D audio_hw_primary: disable_audio_route: reset and update mixer path: low-latency-playback speaker
08-04 00:05:52.760   512  2967 D audio_hw_primary: disable_snd_device: snd_device(2: speaker)
08-04 00:05:52.769   512  2967 I soundtrigger: audio_extn_sound_trigger_update_device_status: device 0x2 of type 0 for Event 0
08-04 00:05:52.885   918  3261 D WifiStateMachine: starting scan for "H369AA63323"WPA_PSK with 2412,5180
08-04 00:05:52.890 26377 26389 I art     : Starting a blocking GC Explicit
08-04 00:05:52.945 28705 28705 D AndroidRuntime: >>>>>> START com.android.internal.os.RuntimeInit uid 2000 <<<<<<
08-04 00:05:52.945 26377 26389 I art     : Explicit concurrent mark sweep GC freed 2238(102KB) AllocSpace objects, 2(52KB) LOS objects, 7% free, 184MB/200MB, paused 1.315ms total 55.379ms
08-04 00:05:52.951 28705 28705 D AndroidRuntime: CheckJNI is OFF
08-04 00:05:52.964 26377 26389 I art     : Starting a blocking GC Explicit
08-04 00:05:52.993 28705 28705 D ICU     : No timezone override file found: /data/misc/zoneinfo/current/icu/icu_tzdata.dat
08-04 00:05:53.015 26377 26389 I art     : Explicit concurrent mark sweep GC freed 135(2976B) AllocSpace objects, 0(0B) LOS objects, 7% free, 184MB/200MB, paused 1.357ms total 50.741ms
08-04 00:05:53.033 26377 26389 I art     : Starting a blocking GC Explicit
08-04 00:05:53.034 28705 28705 I Radio-JNI: register_android_hardware_Radio DONE
08-04 00:05:53.063 28705 28705 D AndroidRuntime: Calling main entry com.android.commands.input.Input
08-04 00:05:53.065 28705 28705 I Input   : injectMotionEvent: MotionEvent { action=ACTION_DOWN, actionButton=0, id[0]=0, x[0]=355.0, y[0]=1674.0, toolType[0]=TOOL_TYPE_UNKNOWN, buttonState=0, metaState=0, flags=0x0, edgeFlags=0x0, pointerCount=1, historySize=0, eventTime=662769478, downTime=662769478, deviceId=0, source=0x1002 }
08-04 00:05:53.069 28705 28705 I Input   : injectMotionEvent: MotionEvent { action=ACTION_UP, actionButton=0, id[0]=0, x[0]=355.0, y[0]=1674.0, toolType[0]=TOOL_TYPE_UNKNOWN, buttonState=0, metaState=0, flags=0x0, edgeFlags=0x0, pointerCount=1, historySize=0, eventTime=662769478, downTime=662769478, deviceId=0, source=0x1002 }
08-04 00:05:53.071 28705 28705 D AndroidRuntime: Shutting down VM
08-04 00:05:53.086   512  2967 D audio_hw_primary: out_set_parameters: enter: usecase(1: low-latency-playback) kvpairs: routing=2
08-04 00:05:53.086 26377 26389 I art     : Explicit concurrent mark sweep GC freed 167(4KB) AllocSpace objects, 0(0B) LOS objects, 7% free, 184MB/200MB, paused 1.469ms total 52.601ms
08-04 00:05:53.097 26377 26377 V MainActivity: url = https://project-travel-mate.herokuapp.com/api/number-of-unread-notifications
08-04 00:05:53.099   512  2967 D audio_hw_primary: select_devices: out_snd_device(2: speaker) in_snd_device(0: none)
08-04 00:05:53.099   512  2967 D msm8974_platform: platform_send_audio_calibration: sending audio calibration for snd_device(2) acdb_id(15)
08-04 00:05:53.099   512  2967 I soundtrigger: audio_extn_sound_trigger_update_device_status: device 0x2 of type 0 for Event 1
08-04 00:05:53.107 26377 26389 I art     : Starting a blocking GC Explicit
08-04 00:05:53.109   512  2967 D audio_hw_primary: enable_snd_device: snd_device(2: speaker)
08-04 00:05:53.111   512  2967 D audio_hw_primary: enable_audio_route: apply and update mixer path: low-latency-playback speaker
08-04 00:05:53.152   512  2967 D AudioFlinger: mixer(0xf4740000) throttle end: throttle time(12)
08-04 00:05:53.161 26377 26389 I art     : Explicit concurrent mark sweep GC freed 2062(75KB) AllocSpace objects, 0(0B) LOS objects, 7% free, 184MB/200MB, paused 1.545ms total 53.676ms
08-04 00:05:53.180 26377 26389 I art     : Starting a blocking GC Explicit
08-04 00:05:53.232 26377 26389 I art     : Explicit concurrent mark sweep GC freed 2465(202KB) AllocSpace objects, 0(0B) LOS objects, 7% free, 184MB/200MB, paused 1.364ms total 50.802ms
08-04 00:05:53.629 26377 26397 I art     : Starting a blocking GC Explicit
08-04 00:05:53.639   512  2967 D audio_hw_primary: disable_audio_route: reset and update mixer path: low-latency-playback speaker
08-04 00:05:53.640   512  2967 D audio_hw_primary: disable_snd_device: snd_device(2: speaker)
08-04 00:05:53.649   512  2967 I soundtrigger: audio_extn_sound_trigger_update_device_status: device 0x2 of type 0 for Event 0
08-04 00:05:53.687 26377 26397 I art     : Explicit concurrent mark sweep GC freed 2306(149KB) AllocSpace objects, 13(420KB) LOS objects, 7% free, 184MB/200MB, paused 1.577ms total 58.320ms
08-04 00:05:53.706 26377 26397 I art     : Starting a blocking GC Explicit
08-04 00:05:53.743 26377 28726 I NAPPA_EXPERIMENTATION: MetricNetworkRequestExecutionTime: REQUEST_DURATION_SYSTEM='645',REQUEST_DURATION_OKHTTP='30',REQUEST_SYNCHRONOUS='FALSE',RESPONSE_CODE='200',RESPONSE_METHOD='GET',RESPONSE_LENGTH_OKHTTP='36',RESPONSE_LENGTH_HEADER='36',REQUEST_PROTOCOL='http/1.1',REQUEST_URL='https://project-travel-mate.herokuapp.com/api/number-of-unread-notifications',
08-04 00:05:53.764 26377 26397 I art     : Explicit concurrent mark sweep GC freed 2253(109KB) AllocSpace objects, 1(80KB) LOS objects, 7% free, 184MB/200MB, paused 1.319ms total 57.029ms
08-04 00:05:53.783 26377 26397 I art     : Starting a blocking GC Explicit
08-04 00:05:53.837 26377 26397 I art     : Explicit concurrent mark sweep GC freed 881(101KB) AllocSpace objects, 0(0B) LOS objects, 7% free, 184MB/200MB, paused 1.324ms total 53.863ms
08-04 00:05:53.856 26377 26397 I art     : Starting a blocking GC Explicit
08-04 00:05:53.913 26377 26397 I art     : Explicit concurrent mark sweep GC freed 3(96B) AllocSpace objects, 0(0B) LOS objects, 7% free, 184MB/200MB, paused 1.254ms total 56.486ms
08-04 00:05:53.932 26377 26397 I art     : Starting a blocking GC Explicit
08-04 00:05:53.995 26377 26397 I art     : Explicit concurrent mark sweep GC freed 3(96B) AllocSpace objects, 0(0B) LOS objects, 7% free, 184MB/200MB, paused 1.373ms total 62.096ms
08-04 00:05:54.403 26377 26388 I art     : Starting a blocking GC Explicit
08-04 00:05:54.478 26377 26388 I art     : Explicit concurrent mark sweep GC freed 1617(92KB) AllocSpace objects, 2(48KB) LOS objects, 7% free, 184MB/200MB, paused 1.719ms total 75.479ms
08-04 00:05:54.499 26377 26388 I art     : Starting a blocking GC Explicit
08-04 00:05:54.557 26377 26388 I art     : Explicit concurrent mark sweep GC freed 28(1024B) AllocSpace objects, 0(0B) LOS objects, 7% free, 184MB/200MB, paused 1.297ms total 57.569ms
08-04 00:05:54.577 26377 26388 I art     : Starting a blocking GC Explicit
08-04 00:05:54.634 26377 26388 I art     : Explicit concurrent mark sweep GC freed 3(96B) AllocSpace objects, 0(0B) LOS objects, 7% free, 184MB/200MB, paused 1.242ms total 56.987ms
08-04 00:05:54.654 26377 26388 I art     : Starting a blocking GC Explicit
08-04 00:05:54.711 26377 26388 I art     : Explicit concurrent mark sweep GC freed 4(128B) AllocSpace objects, 0(0B) LOS objects, 7% free, 184MB/200MB, paused 1.368ms total 57.010ms
08-04 00:05:54.735 26377 26388 I art     : Starting a blocking GC Explicit
08-04 00:05:54.788 26377 26388 I art     : Explicit concurrent mark sweep GC freed 13(416B) AllocSpace objects, 0(0B) LOS objects, 7% free, 184MB/200MB, paused 1.197ms total 52.362ms
08-04 00:05:55.240 26377 26388 I art     : Starting a blocking GC Explicit
08-04 00:05:55.298 26377 26388 I art     : Explicit concurrent mark sweep GC freed 1648(94KB) AllocSpace objects, 2(48KB) LOS objects, 7% free, 184MB/200MB, paused 1.159ms total 57.444ms
08-04 00:05:55.318 26377 26388 I art     : Starting a blocking GC Explicit
08-04 00:05:55.371 26377 26388 I art     : Explicit concurrent mark sweep GC freed 38(1568B) AllocSpace objects, 0(0B) LOS objects, 7% free, 184MB/200MB, paused 1.297ms total 53.488ms
08-04 00:05:55.390 26377 26388 I art     : Starting a blocking GC Explicit
08-04 00:05:55.444 26377 26388 I art     : Explicit concurrent mark sweep GC freed 3(96B) AllocSpace objects, 0(0B) LOS objects, 7% free, 184MB/200MB, paused 1.227ms total 53.944ms
08-04 00:05:55.464 26377 26388 I art     : Starting a blocking GC Explicit
08-04 00:05:55.523 26377 26388 I art     : Explicit concurrent mark sweep GC freed 3(96B) AllocSpace objects, 0(0B) LOS objects, 7% free, 184MB/200MB, paused 1.245ms total 58.743ms
08-04 00:05:55.542 26377 26388 I art     : Starting a blocking GC Explicit
08-04 00:05:55.602 26377 26388 I art     : Explicit concurrent mark sweep GC freed 3(96B) AllocSpace objects, 0(0B) LOS objects, 7% free, 184MB/200MB, paused 1.313ms total 59.401ms
08-04 00:05:55.858 28759 28759 D AndroidRuntime: >>>>>> START com.android.internal.os.RuntimeInit uid 2000 <<<<<<
08-04 00:05:55.864 28759 28759 D AndroidRuntime: CheckJNI is OFF
08-04 00:05:55.907 28759 28759 D ICU     : No timezone override file found: /data/misc/zoneinfo/current/icu/icu_tzdata.dat
08-04 00:05:55.950 28759 28759 I Radio-JNI: register_android_hardware_Radio DONE
08-04 00:05:55.980 28759 28759 D AndroidRuntime: Calling main entry com.android.commands.input.Input
08-04 00:05:55.983 28759 28759 I Input   : injectMotionEvent: MotionEvent { action=ACTION_DOWN, actionButton=0, id[0]=0, x[0]=747.0, y[0]=608.0, toolType[0]=TOOL_TYPE_UNKNOWN, buttonState=0, metaState=0, flags=0x0, edgeFlags=0x0, pointerCount=1, historySize=0, eventTime=662772395, downTime=662772395, deviceId=0, source=0x1002 }
08-04 00:05:55.987 28759 28759 I Input   : injectMotionEvent: MotionEvent { action=ACTION_UP, actionButton=0, id[0]=0, x[0]=747.0, y[0]=608.0, toolType[0]=TOOL_TYPE_UNKNOWN, buttonState=0, metaState=0, flags=0x0, edgeFlags=0x0, pointerCount=1, historySize=0, eventTime=662772395, downTime=662772395, deviceId=0, source=0x1002 }
08-04 00:05:55.989 28759 28759 D AndroidRuntime: Shutting down VM
08-04 00:05:55.991   512  2967 D audio_hw_primary: out_set_parameters: enter: usecase(1: low-latency-playback) kvpairs: routing=2
08-04 00:05:55.991   918  4400 I ActivityManager: START u0 {cmp=baseline.io.github.project_travel_mate/.utilities.ChecklistActivity} from uid 10650 on display 0
08-04 00:05:56.004   512  2967 D audio_hw_primary: select_devices: out_snd_device(2: speaker) in_snd_device(0: none)
08-04 00:05:56.004   512  2967 D msm8974_platform: platform_send_audio_calibration: sending audio calibration for snd_device(2) acdb_id(15)
08-04 00:05:56.004   512  2967 I soundtrigger: audio_extn_sound_trigger_update_device_status: device 0x2 of type 0 for Event 1
08-04 00:05:56.016   512  2967 D audio_hw_primary: enable_snd_device: snd_device(2: speaker)
08-04 00:05:56.019   512  2967 D audio_hw_primary: enable_audio_route: apply and update mixer path: low-latency-playback speaker
08-04 00:05:56.036 26377 26397 I art     : Starting a blocking GC Explicit
08-04 00:05:56.090 26377 26397 I art     : Explicit concurrent mark sweep GC freed 2410(143KB) AllocSpace objects, 2(48KB) LOS objects, 7% free, 184MB/200MB, paused 1.609ms total 53.839ms
08-04 00:05:56.094   918   936 I ActivityManager: Displayed baseline.io.github.project_travel_mate/.utilities.ChecklistActivity: +93ms
08-04 00:05:56.095 13866 13866 I GoogleInputMethodServic: GoogleInputMethodService.onFinishInput():3138 
08-04 00:05:56.095 13866 13866 I GoogleInputMethodServic: GoogleInputMethodService.onStartInput():1808 
08-04 00:05:56.109 26377 26397 I art     : Starting a blocking GC Explicit
08-04 00:05:56.162 26377 26397 I art     : Explicit concurrent mark sweep GC freed 429(17KB) AllocSpace objects, 0(0B) LOS objects, 7% free, 184MB/200MB, paused 1.234ms total 52.940ms
08-04 00:05:56.181 26377 26397 I art     : Starting a blocking GC Explicit
08-04 00:05:56.239 26377 26397 I art     : Explicit concurrent mark sweep GC freed 15(544B) AllocSpace objects, 0(0B) LOS objects, 7% free, 184MB/200MB, paused 1.628ms total 57.742ms
08-04 00:05:56.260 26377 26397 I art     : Starting a blocking GC Explicit
08-04 00:05:56.325 26377 26397 I art     : Explicit concurrent mark sweep GC freed 3(96B) AllocSpace objects, 0(0B) LOS objects, 7% free, 184MB/200MB, paused 1.411ms total 64.521ms
08-04 00:05:56.334   380   380 W SurfaceFlinger: couldn't log to binary event log: overflow.
08-04 00:05:56.347 26377 26397 I art     : Starting a blocking GC Explicit
08-04 00:05:56.397 26377 26397 I art     : Explicit concurrent mark sweep GC freed 3(96B) AllocSpace objects, 0(0B) LOS objects, 7% free, 184MB/200MB, paused 1.234ms total 49.707ms
08-04 00:05:56.559   512  2967 D audio_hw_primary: disable_audio_route: reset and update mixer path: low-latency-playback speaker
08-04 00:05:56.560   512  2967 D audio_hw_primary: disable_snd_device: snd_device(2: speaker)
08-04 00:05:56.569   512  2967 I soundtrigger: audio_extn_sound_trigger_update_device_status: device 0x2 of type 0 for Event 0
08-04 00:05:56.791 26377 26397 I art     : Starting a blocking GC Explicit
08-04 00:05:56.861 26377 26397 I art     : Explicit concurrent mark sweep GC freed 1650(94KB) AllocSpace objects, 2(48KB) LOS objects, 7% free, 184MB/200MB, paused 1.443ms total 69.037ms
08-04 00:05:56.883 26377 26397 I art     : Starting a blocking GC Explicit
08-04 00:05:56.944 26377 26397 I art     : Explicit concurrent mark sweep GC freed 56(2368B) AllocSpace objects, 0(0B) LOS objects, 7% free, 184MB/200MB, paused 1.411ms total 60.105ms
08-04 00:05:56.966 26377 26397 I art     : Starting a blocking GC Explicit
08-04 00:05:57.023 26377 26397 I art     : Explicit concurrent mark sweep GC freed 3(96B) AllocSpace objects, 0(0B) LOS objects, 7% free, 184MB/200MB, paused 1.306ms total 56.560ms
08-04 00:05:57.042 26377 26397 I art     : Starting a blocking GC Explicit
08-04 00:05:57.100 26377 26397 I art     : Explicit concurrent mark sweep GC freed 3(96B) AllocSpace objects, 0(0B) LOS objects, 7% free, 184MB/200MB, paused 1.347ms total 57.740ms
08-04 00:05:57.120 26377 26397 I art     : Starting a blocking GC Explicit
08-04 00:05:57.182 26377 26397 I art     : Explicit concurrent mark sweep GC freed 40(1088B) AllocSpace objects, 0(0B) LOS objects, 7% free, 184MB/200MB, paused 1.422ms total 61.520ms
08-04 00:05:57.600 26377 26654 I art     : Starting a blocking GC Explicit
08-04 00:05:57.679 26377 26654 I art     : Explicit concurrent mark sweep GC freed 1586(92KB) AllocSpace objects, 2(48KB) LOS objects, 7% free, 184MB/200MB, paused 1.551ms total 78.443ms
08-04 00:05:57.703 26377 26654 I art     : Starting a blocking GC Explicit
08-04 00:05:57.769 26377 26654 I art     : Explicit concurrent mark sweep GC freed 28(1024B) AllocSpace objects, 0(0B) LOS objects, 7% free, 184MB/200MB, paused 1.450ms total 65.511ms
08-04 00:05:57.789 26377 26654 I art     : Starting a blocking GC Explicit
08-04 00:05:57.854 26377 26654 I art     : Explicit concurrent mark sweep GC freed 16(704B) AllocSpace objects, 0(0B) LOS objects, 7% free, 184MB/200MB, paused 1.298ms total 64.567ms
08-04 00:05:57.873 26377 26654 I art     : Starting a blocking GC Explicit
08-04 00:05:57.943 26377 26654 I art     : Explicit concurrent mark sweep GC freed 17(528B) AllocSpace objects, 0(0B) LOS objects, 7% free, 184MB/200MB, paused 1.415ms total 69.254ms
08-04 00:05:57.966 26377 26654 I art     : Starting a blocking GC Explicit
08-04 00:05:58.028 26377 26654 I art     : Explicit concurrent mark sweep GC freed 3(96B) AllocSpace objects, 0(0B) LOS objects, 7% free, 184MB/200MB, paused 1.407ms total 61.771ms
08-04 00:05:58.471 26377 26389 I art     : Starting a blocking GC Explicit
08-04 00:05:58.553 26377 26389 I art     : Explicit concurrent mark sweep GC freed 1635(93KB) AllocSpace objects, 2(48KB) LOS objects, 7% free, 184MB/200MB, paused 1.469ms total 81.511ms
08-04 00:05:58.575 26377 26389 I art     : Starting a blocking GC Explicit
08-04 00:05:58.637 26377 26389 I art     : Explicit concurrent mark sweep GC freed 38(1568B) AllocSpace objects, 0(0B) LOS objects, 7% free, 184MB/200MB, paused 1.367ms total 61.344ms
08-04 00:05:58.657 26377 26389 I art     : Starting a blocking GC Explicit
08-04 00:05:58.726 26377 26389 I art     : Explicit concurrent mark sweep GC freed 3(96B) AllocSpace objects, 0(0B) LOS objects, 7% free, 184MB/200MB, paused 1.355ms total 68.559ms
08-04 00:05:58.748 26377 26389 I art     : Starting a blocking GC Explicit
08-04 00:05:58.817 26377 26389 I art     : Explicit concurrent mark sweep GC freed 3(96B) AllocSpace objects, 0(0B) LOS objects, 7% free, 184MB/200MB, paused 1.465ms total 68.803ms
08-04 00:05:58.839 26377 26389 I art     : Starting a blocking GC Explicit
08-04 00:05:58.902 26377 26389 I art     : Explicit concurrent mark sweep GC freed 3(96B) AllocSpace objects, 0(0B) LOS objects, 7% free, 184MB/200MB, paused 1.385ms total 62.245ms
08-04 00:05:59.332 26377 26388 I art     : Starting a blocking GC Explicit
08-04 00:05:59.409 26377 26388 I art     : Explicit concurrent mark sweep GC freed 1621(92KB) AllocSpace objects, 2(48KB) LOS objects, 7% free, 184MB/200MB, paused 1.545ms total 77.085ms
08-04 00:05:59.432 26377 26388 I art     : Starting a blocking GC Explicit
08-04 00:05:59.497 26377 26388 I art     : Explicit concurrent mark sweep GC freed 28(1024B) AllocSpace objects, 0(0B) LOS objects, 7% free, 184MB/200MB, paused 1.426ms total 64.749ms
08-04 00:05:59.499 26377 26387 I art     : WaitForGcToComplete blocked for 19.078ms for cause HeapTrim
08-04 00:05:59.521 26377 26388 I art     : Starting a blocking GC Explicit
08-04 00:05:59.591 26377 26388 I art     : Explicit concurrent mark sweep GC freed 9(496B) AllocSpace objects, 0(0B) LOS objects, 7% free, 184MB/200MB, paused 1.453ms total 69.453ms
08-04 00:05:59.614 26377 26388 I art     : Starting a blocking GC Explicit
08-04 00:05:59.678 26377 26388 I art     : Explicit concurrent mark sweep GC freed 15(672B) AllocSpace objects, 0(0B) LOS objects, 7% free, 184MB/200MB, paused 1.390ms total 63.478ms
08-04 00:05:59.698 26377 26388 I art     : Starting a blocking GC Explicit
08-04 00:05:59.763 26377 26388 I art     : Explicit concurrent mark sweep GC freed 7(320B) AllocSpace objects, 0(0B) LOS objects, 7% free, 184MB/200MB, paused 1.414ms total 64.823ms
08-04 00:06:00.205 26377 26397 I art     : Starting a blocking GC Explicit
08-04 00:06:00.267 26377 26397 I art     : Explicit concurrent mark sweep GC freed 1623(93KB) AllocSpace objects, 2(48KB) LOS objects, 7% free, 184MB/200MB, paused 1.799ms total 61.124ms
08-04 00:06:00.286 26377 26397 I art     : Starting a blocking GC Explicit
08-04 00:06:00.336 26377 26397 I art     : Explicit concurrent mark sweep GC freed 28(1024B) AllocSpace objects, 0(0B) LOS objects, 7% free, 184MB/200MB, paused 1.223ms total 49.947ms
08-04 00:06:00.355 26377 26397 I art     : Starting a blocking GC Explicit
08-04 00:06:00.410 26377 26397 I art     : Explicit concurrent mark sweep GC freed 3(96B) AllocSpace objects, 0(0B) LOS objects, 7% free, 184MB/200MB, paused 1.310ms total 55.016ms
08-04 00:06:00.429 26377 26397 I art     : Starting a blocking GC Explicit
08-04 00:06:00.444   518   646 I ThermalEngine: ACTION: GPU - Setting GPU[0] to 510000000
08-04 00:06:00.485 26377 26397 I art     : Explicit concurrent mark sweep GC freed 3(96B) AllocSpace objects, 0(0B) LOS objects, 7% free, 184MB/200MB, paused 1.027ms total 55.695ms
08-04 00:06:00.500 26377 26397 I art     : Starting a blocking GC Explicit
08-04 00:06:00.546 26377 26397 I art     : Explicit concurrent mark sweep GC freed 3(96B) AllocSpace objects, 0(0B) LOS objects, 7% free, 184MB/200MB, paused 1.012ms total 44.852ms
08-04 00:06:00.721 28835 28835 D AndroidRuntime: >>>>>> START com.android.internal.os.RuntimeInit uid 2000 <<<<<<
08-04 00:06:00.726 28835 28835 D AndroidRuntime: CheckJNI is OFF
08-04 00:06:00.757 28835 28835 D ICU     : No timezone override file found: /data/misc/zoneinfo/current/icu/icu_tzdata.dat
08-04 00:06:00.788 28835 28835 I Radio-JNI: register_android_hardware_Radio DONE
08-04 00:06:00.811 28835 28835 D AndroidRuntime: Calling main entry com.android.commands.input.Input
08-04 00:06:00.812 28835 28835 I Input   : injectKeyEvent: KeyEvent { action=ACTION_DOWN, keyCode=KEYCODE_BACK, scanCode=0, metaState=0, flags=0x0, repeatCount=0, eventTime=662777225, downTime=662777225, deviceId=-1, source=0x101 }
08-04 00:06:00.817 28835 28835 I Input   : injectKeyEvent: KeyEvent { action=ACTION_UP, keyCode=KEYCODE_BACK, scanCode=0, metaState=0, flags=0x0, repeatCount=0, eventTime=662777225, downTime=662777225, deviceId=-1, source=0x101 }
08-04 00:06:00.823 28835 28835 D AndroidRuntime: Shutting down VM
08-04 00:06:00.838 26377 26377 V MainActivity: url = https://project-travel-mate.herokuapp.com/api/number-of-unread-notifications
08-04 00:06:00.867 13866 13866 I GoogleInputMethodServic: GoogleInputMethodService.onFinishInput():3138 
08-04 00:06:00.867 13866 13866 I GoogleInputMethodServic: GoogleInputMethodService.onStartInput():1808 
08-04 00:06:00.913 26377 26389 I art     : Starting a blocking GC Explicit
08-04 00:06:00.954 26377 26389 I art     : Explicit concurrent mark sweep GC freed 2022(109KB) AllocSpace objects, 2(48KB) LOS objects, 7% free, 184MB/200MB, paused 1.072ms total 41.287ms
08-04 00:06:00.969 26377 26389 I art     : Starting a blocking GC Explicit
08-04 00:06:01.012 26377 26389 I art     : Explicit concurrent mark sweep GC freed 138(7KB) AllocSpace objects, 0(0B) LOS objects, 7% free, 184MB/200MB, paused 892us total 41.903ms
08-04 00:06:01.026 26377 26389 I art     : Starting a blocking GC Explicit
08-04 00:06:01.075 26377 26389 I art     : Explicit concurrent mark sweep GC freed 24(1200B) AllocSpace objects, 0(0B) LOS objects, 7% free, 184MB/200MB, paused 936us total 48.272ms
08-04 00:06:01.091 26377 26389 I art     : Starting a blocking GC Explicit
08-04 00:06:01.136 26377 26389 I art     : Explicit concurrent mark sweep GC freed 7(288B) AllocSpace objects, 0(0B) LOS objects, 7% free, 184MB/200MB, paused 1.059ms total 44.670ms
08-04 00:06:01.151 26377 26389 I art     : Starting a blocking GC Explicit
08-04 00:06:01.173   380   380 W SurfaceFlinger: couldn't log to binary event log: overflow.
08-04 00:06:01.197 26377 26389 I art     : Explicit concurrent mark sweep GC freed 427(18KB) AllocSpace objects, 0(0B) LOS objects, 7% free, 184MB/200MB, paused 964us total 45.181ms
08-04 00:06:01.427 26377 28858 I NAPPA_EXPERIMENTATION: MetricNetworkRequestExecutionTime: REQUEST_DURATION_SYSTEM='588',REQUEST_DURATION_OKHTTP='30',REQUEST_SYNCHRONOUS='FALSE',RESPONSE_CODE='200',RESPONSE_METHOD='GET',RESPONSE_LENGTH_OKHTTP='36',RESPONSE_LENGTH_HEADER='36',REQUEST_PROTOCOL='http/1.1',REQUEST_URL='https://project-travel-mate.herokuapp.com/api/number-of-unread-notifications',
08-04 00:06:01.554 26377 26654 I art     : Starting a blocking GC Explicit
08-04 00:06:01.624 26377 26654 I art     : Explicit concurrent mark sweep GC freed 4430(242KB) AllocSpace objects, 5(248KB) LOS objects, 7% free, 184MB/200MB, paused 1.084ms total 69.042ms
08-04 00:06:01.641 26377 26654 I art     : Starting a blocking GC Explicit
08-04 00:06:01.690 26377 26654 I art     : Explicit concurrent mark sweep GC freed 1100(124KB) AllocSpace objects, 0(0B) LOS objects, 7% free, 184MB/200MB, paused 1.054ms total 47.903ms
08-04 00:06:01.705 26377 26654 I art     : Starting a blocking GC Explicit
08-04 00:06:01.753 26377 26654 I art     : Explicit concurrent mark sweep GC freed 3(96B) AllocSpace objects, 0(0B) LOS objects, 7% free, 184MB/200MB, paused 1.036ms total 47.970ms
08-04 00:06:01.768 26377 26654 I art     : Starting a blocking GC Explicit
08-04 00:06:01.817 26377 26654 I art     : Explicit concurrent mark sweep GC freed 3(96B) AllocSpace objects, 0(0B) LOS objects, 7% free, 184MB/200MB, paused 994us total 48.258ms
08-04 00:06:01.832 26377 26654 I art     : Starting a blocking GC Explicit
08-04 00:06:01.879 26377 26654 I art     : Explicit concurrent mark sweep GC freed 3(96B) AllocSpace objects, 0(0B) LOS objects, 7% free, 184MB/200MB, paused 1.050ms total 47.528ms
08-04 00:06:02.239 26377 26388 I art     : Starting a blocking GC Explicit
08-04 00:06:02.294 26377 26388 I art     : Explicit concurrent mark sweep GC freed 1623(93KB) AllocSpace objects, 2(48KB) LOS objects, 7% free, 184MB/200MB, paused 1.140ms total 54.807ms
08-04 00:06:02.312 26377 26388 I art     : Starting a blocking GC Explicit
08-04 00:06:02.358 26377 26388 I art     : Explicit concurrent mark sweep GC freed 28(1024B) AllocSpace objects, 0(0B) LOS objects, 7% free, 184MB/200MB, paused 1.063ms total 46.218ms
08-04 00:06:02.373 26377 26388 I art     : Starting a blocking GC Explicit
08-04 00:06:02.418 26377 26388 I art     : Explicit concurrent mark sweep GC freed 3(96B) AllocSpace objects, 0(0B) LOS objects, 7% free, 184MB/200MB, paused 1.015ms total 45.595ms
08-04 00:06:02.433 26377 26388 I art     : Starting a blocking GC Explicit
08-04 00:06:02.480 26377 26388 I art     : Explicit concurrent mark sweep GC freed 6(192B) AllocSpace objects, 0(0B) LOS objects, 7% free, 184MB/200MB, paused 1.424ms total 46.794ms
08-04 00:06:02.499 26377 26388 I art     : Starting a blocking GC Explicit
08-04 00:06:02.507 28872 28872 D AndroidRuntime: >>>>>> START com.android.internal.os.RuntimeInit uid 2000 <<<<<<
08-04 00:06:02.512 28872 28872 D AndroidRuntime: CheckJNI is OFF
08-04 00:06:02.545 28872 28872 D ICU     : No timezone override file found: /data/misc/zoneinfo/current/icu/icu_tzdata.dat
08-04 00:06:02.546 26377 26388 I art     : Explicit concurrent mark sweep GC freed 10(320B) AllocSpace objects, 0(0B) LOS objects, 7% free, 184MB/200MB, paused 1.027ms total 46.367ms
08-04 00:06:02.578 28872 28872 I Radio-JNI: register_android_hardware_Radio DONE
08-04 00:06:02.601 28872 28872 D AndroidRuntime: Calling main entry com.android.commands.input.Input
08-04 00:06:02.603 28872 28872 I Input   : injectMotionEvent: MotionEvent { action=ACTION_DOWN, actionButton=0, id[0]=0, x[0]=657.0, y[0]=2037.0, toolType[0]=TOOL_TYPE_UNKNOWN, buttonState=0, metaState=0, flags=0x0, edgeFlags=0x0, pointerCount=1, historySize=0, eventTime=662779015, downTime=662779015, deviceId=0, source=0x1002 }
08-04 00:06:02.610 28872 28872 I Input   : injectMotionEvent: MotionEvent { action=ACTION_UP, actionButton=0, id[0]=0, x[0]=657.0, y[0]=2037.0, toolType[0]=TOOL_TYPE_UNKNOWN, buttonState=0, metaState=0, flags=0x0, edgeFlags=0x0, pointerCount=1, historySize=0, eventTime=662779015, downTime=662779015, deviceId=0, source=0x1002 }
08-04 00:06:02.614 28872 28872 D AndroidRuntime: Shutting down VM
08-04 00:06:02.625   918  5952 I ActivityManager: START u0 {cmp=baseline.io.github.project_travel_mate/.utilities.CompassActivity} from uid 10650 on display 0
08-04 00:06:02.629   512  2967 D audio_hw_primary: out_set_parameters: enter: usecase(1: low-latency-playback) kvpairs: routing=2
08-04 00:06:02.642   512  2967 D audio_hw_primary: select_devices: out_snd_device(2: speaker) in_snd_device(0: none)
08-04 00:06:02.642   512  2967 D msm8974_platform: platform_send_audio_calibration: sending audio calibration for snd_device(2) acdb_id(15)
08-04 00:06:02.642   512  2967 I soundtrigger: audio_extn_sound_trigger_update_device_status: device 0x2 of type 0 for Event 1
08-04 00:06:02.652   512  2967 D audio_hw_primary: enable_snd_device: snd_device(2: speaker)
08-04 00:06:02.654   512  2967 D audio_hw_primary: enable_audio_route: apply and update mixer path: low-latency-playback speaker
08-04 00:06:02.869 26377 26388 I art     : Starting a blocking GC Explicit
08-04 00:06:02.914 26377 26388 I art     : Explicit concurrent mark sweep GC freed 77(4KB) AllocSpace objects, 0(0B) LOS objects, 6% free, 233MB/249MB, paused 1.130ms total 44.836ms
08-04 00:06:02.929 26377 26388 I art     : Starting a blocking GC Explicit
08-04 00:06:02.973 26377 26388 I art     : Explicit concurrent mark sweep GC freed 3(96B) AllocSpace objects, 0(0B) LOS objects, 6% free, 233MB/249MB, paused 1.190ms total 44.133ms
08-04 00:06:02.988 26377 26388 I art     : Starting a blocking GC Explicit
08-04 00:06:03.031 26377 26388 I art     : Explicit concurrent mark sweep GC freed 7(224B) AllocSpace objects, 0(0B) LOS objects, 6% free, 236MB/252MB, paused 1.086ms total 43.226ms
08-04 00:06:03.045 26377 26388 I art     : Starting a blocking GC Explicit
08-04 00:06:03.053 26377 26377 D CompassActivity: start compass
08-04 00:06:03.054   918  6111 I sensors : batch
08-04 00:06:03.054   918  6111 I sensors : activate
08-04 00:06:03.054   918  3670 I sensors : batch
08-04 00:06:03.055   918  3670 I sensors : activate
08-04 00:06:03.061   918  3188 I hubconnection: sensorhub said: 'batch 1 flags:0, sampling_rate_Hz:50.00, max_report_latency_us:0'
08-04 00:06:03.062   918  3188 I hubconnection: sensorhub said: 'activate 1 enable:1'
08-04 00:06:03.063   918  3188 I hubconnection: sensorhub said: 'batch 3 flags:0, sampling_rate_Hz:50.00, max_report_latency_us:0'
08-04 00:06:03.064   918  3188 I hubconnection: sensorhub said: 'activate 3 enable:1'
08-04 00:06:03.087 26377 26388 I art     : Explicit concurrent mark sweep GC freed 135(6KB) AllocSpace objects, 0(0B) LOS objects, 6% free, 236MB/252MB, paused 999us total 41.784ms
08-04 00:06:03.101 26377 26388 I art     : Starting a blocking GC Explicit
08-04 00:06:03.144 26377 26388 I art     : Explicit concurrent mark sweep GC freed 75(2576B) AllocSpace objects, 0(0B) LOS objects, 6% free, 236MB/252MB, paused 1.029ms total 42.463ms
08-04 00:06:03.188   512  2967 D audio_hw_primary: disable_audio_route: reset and update mixer path: low-latency-playback speaker
08-04 00:06:03.189   512  2967 D audio_hw_primary: disable_snd_device: snd_device(2: speaker)
08-04 00:06:03.201   918   936 I ActivityManager: Displayed baseline.io.github.project_travel_mate/.utilities.CompassActivity: +559ms
08-04 00:06:03.203 13866 13866 I GoogleInputMethodServic: GoogleInputMethodService.onFinishInput():3138 
08-04 00:06:03.204 13866 13866 I GoogleInputMethodServic: GoogleInputMethodService.onStartInput():1808 
08-04 00:06:03.204   512  2967 I soundtrigger: audio_extn_sound_trigger_update_device_status: device 0x2 of type 0 for Event 0
08-04 00:06:03.268 26377 26377 D CompassActivity: will set rotation from 0.0 to 179.71216
08-04 00:06:03.268 26377 26377 D CompassActivity: will set rotation from 179.71216 to 179.63306
08-04 00:06:03.268 26377 26377 D CompassActivity: will set rotation from 179.63306 to 179.65167
08-04 00:06:03.269 26377 26377 D CompassActivity: will set rotation from 179.65167 to 179.58484
08-04 00:06:03.269 26377 26377 D CompassActivity: will set rotation from 179.58484 to 179.59973
08-04 00:06:03.298 26377 26377 D CompassActivity: will set rotation from 179.59973 to 179.56738
08-04 00:06:03.298 26377 26377 D CompassActivity: will set rotation from 179.56738 to 179.5669
08-04 00:06:03.302 26377 26377 D CompassActivity: will set rotation from 179.5669 to 179.57495
08-04 00:06:03.302 26377 26377 D CompassActivity: will set rotation from 179.57495 to 179.5755
08-04 00:06:03.322 26377 26377 D CompassActivity: will set rotation from 179.5755 to 179.49512
08-04 00:06:03.322 26377 26377 D CompassActivity: will set rotation from 179.49512 to 179.49286
08-04 00:06:03.342 26377 26377 D CompassActivity: will set rotation from 179.49286 to 179.48718
08-04 00:06:03.343 26377 26377 D CompassActivity: will set rotation from 179.48718 to 179.48566
08-04 00:06:03.362 26377 26377 D CompassActivity: will set rotation from 179.48566 to 179.48663
08-04 00:06:03.362 26377 26377 D CompassActivity: will set rotation from 179.48663 to 179.4851
08-04 00:06:03.370 23490 23490 I ServiceManager: Waiting for service AtCmdFwd...
08-04 00:06:03.382 26377 26377 D CompassActivity: will set rotation from 179.4851 to 179.6087
08-04 00:06:03.382 26377 26377 D CompassActivity: will set rotation from 179.6087 to 179.6134
08-04 00:06:03.401 26377 26377 D CompassActivity: will set rotation from 179.6134 to 179.66193
08-04 00:06:03.402 26377 26377 D CompassActivity: will set rotation from 179.66193 to 179.66162
08-04 00:06:03.422 26377 26377 D CompassActivity: will set rotation from 179.66162 to 179.65521
08-04 00:06:03.422 26377 26377 D CompassActivity: will set rotation from 179.65521 to 179.65247
08-04 00:06:03.442 26377 26377 D CompassActivity: will set rotation from 179.65247 to 179.5943
08-04 00:06:03.442 26377 26377 D CompassActivity: will set rotation from 179.5943 to 179.58917
08-04 00:06:03.443   380   380 W SurfaceFlinger: couldn't log to binary event log: overflow.
08-04 00:06:03.452   518   646 I ThermalEngine: ACTION: GPU - Setting GPU[0] to 450000000
08-04 00:06:03.463 26377 26377 D CompassActivity: will set rotation from 179.58917 to 179.49457
08-04 00:06:03.463 26377 26377 D CompassActivity: will set rotation from 179.49457 to 179.4856
08-04 00:06:03.481 26377 26377 D CompassActivity: will set rotation from 179.4856 to 179.48761
08-04 00:06:03.481 26377 26377 D CompassActivity: will set rotation from 179.48761 to 179.4848
08-04 00:06:03.501 26377 26377 D CompassActivity: will set rotation from 179.4848 to 179.52942
08-04 00:06:03.501 26377 26377 D CompassActivity: will set rotation from 179.52942 to 179.5304
08-04 00:06:03.512 26377 26654 I art     : Starting a blocking GC Explicit
08-04 00:06:03.522 26377 26377 D CompassActivity: will set rotation from 179.5304 to 179.56934
08-04 00:06:03.522 26377 26377 D CompassActivity: will set rotation from 179.56934 to 179.56927
08-04 00:06:03.541 26377 26377 D CompassActivity: will set rotation from 179.56927 to 179.57104
08-04 00:06:03.541 26377 26377 D CompassActivity: will set rotation from 179.57104 to 179.57037
08-04 00:06:03.570 26377 26654 I art     : Explicit concurrent mark sweep GC freed 1895(111KB) AllocSpace objects, 2(48KB) LOS objects, 6% free, 236MB/252MB, paused 1.665ms total 57.261ms
08-04 00:06:03.590 26377 26654 I art     : Starting a blocking GC Explicit
08-04 00:06:03.639 26377 26654 I art     : Explicit concurrent mark sweep GC freed 435(17KB) AllocSpace objects, 0(0B) LOS objects, 6% free, 236MB/252MB, paused 1.432ms total 49.613ms
08-04 00:06:03.646 26377 26377 D CompassActivity: will set rotation from 179.57037 to 179.5658
08-04 00:06:03.646 26377 26377 D CompassActivity: will set rotation from 179.5658 to 179.56677
08-04 00:06:03.646 26377 26377 D CompassActivity: will set rotation from 179.56677 to 179.56293
08-04 00:06:03.646 26377 26377 D CompassActivity: will set rotation from 179.56293 to 179.56665
08-04 00:06:03.646 26377 26377 D CompassActivity: will set rotation from 179.56665 to 179.49933
08-04 00:06:03.646 26377 26377 D CompassActivity: will set rotation from 179.49933 to 179.49976
08-04 00:06:03.647 26377 26377 D CompassActivity: will set rotation from 179.49976 to 179.53394
08-04 00:06:03.647 26377 26377 D CompassActivity: will set rotation from 179.53394 to 179.53052
08-04 00:06:03.647 26377 26377 D CompassActivity: will set rotation from 179.53052 to 179.58997
08-04 00:06:03.647 26377 26377 D CompassActivity: will set rotation from 179.58997 to 179.59198
08-04 00:06:03.658 26377 26654 I art     : Starting a blocking GC Explicit
08-04 00:06:03.666 26377 26377 D CompassActivity: will set rotation from 179.59198 to 179.58862
08-04 00:06:03.667 26377 26377 D CompassActivity: will set rotation from 179.58862 to 179.58844
08-04 00:06:03.681 26377 26377 D CompassActivity: will set rotation from 179.58844 to 179.58496
08-04 00:06:03.681 26377 26377 D CompassActivity: will set rotation from 179.58496 to 179.58301
08-04 00:06:03.700 26377 26377 D CompassActivity: will set rotation from 179.58301 to 179.54907
08-04 00:06:03.700 26377 26377 D CompassActivity: will set rotation from 179.54907 to 179.54712
08-04 00:06:03.710 26377 26654 I art     : Explicit concurrent mark sweep GC freed 197(11KB) AllocSpace objects, 0(0B) LOS objects, 6% free, 236MB/252MB, paused 1.247ms total 51.517ms
08-04 00:06:03.720 26377 26377 D CompassActivity: will set rotation from 179.54712 to 179.5719
08-04 00:06:03.720 26377 26377 D CompassActivity: will set rotation from 179.5719 to 179.57129
08-04 00:06:03.727 26377 26654 I art     : Starting a blocking GC Explicit
08-04 00:06:03.740 26377 26377 D CompassActivity: will set rotation from 179.57129 to 179.5683
08-04 00:06:03.741 26377 26377 D CompassActivity: will set rotation from 179.5683 to 179.57031
08-04 00:06:03.761 26377 26377 D CompassActivity: will set rotation from 179.57031 to 179.59283
08-04 00:06:03.762 26377 26377 D CompassActivity: will set rotation from 179.59283 to 179.59119
08-04 00:06:03.779 26377 26654 I art     : Explicit concurrent mark sweep GC freed 249(11KB) AllocSpace objects, 0(0B) LOS objects, 6% free, 236MB/252MB, paused 1.308ms total 51.148ms
08-04 00:06:03.780 26377 26377 D CompassActivity: will set rotation from 179.59119 to 179.61414
08-04 00:06:03.781 26377 26377 D CompassActivity: will set rotation from 179.61414 to 179.6159
08-04 00:06:03.798 26377 26654 I art     : Starting a blocking GC Explicit
08-04 00:06:03.800 26377 26377 D CompassActivity: will set rotation from 179.6159 to 179.63965
08-04 00:06:03.800 26377 26377 D CompassActivity: will set rotation from 179.63965 to 179.64026
08-04 00:06:03.820 26377 26377 D CompassActivity: will set rotation from 179.64026 to 179.63763
08-04 00:06:03.820 26377 26377 D CompassActivity: will set rotation from 179.63763 to 179.63757
08-04 00:06:03.840 26377 26377 D CompassActivity: will set rotation from 179.63757 to 179.68091
08-04 00:06:03.840 26377 26377 D CompassActivity: will set rotation from 179.68091 to 179.68036
08-04 00:06:03.850 26377 26654 I art     : Explicit concurrent mark sweep GC freed 146(7KB) AllocSpace objects, 0(0B) LOS objects, 6% free, 236MB/252MB, paused 1.178ms total 52.529ms
08-04 00:06:03.860 26377 26377 D CompassActivity: will set rotation from 179.68036 to 179.72314
08-04 00:06:03.861 26377 26377 D CompassActivity: will set rotation from 179.72314 to 179.72174
08-04 00:06:03.881 26377 26377 D CompassActivity: will set rotation from 179.72174 to 179.7597
08-04 00:06:03.881 26377 26377 D CompassActivity: will set rotation from 179.7597 to 179.76031
08-04 00:06:03.899 26377 26377 D CompassActivity: will set rotation from 179.76031 to 179.74994
08-04 00:06:03.900 26377 26377 D CompassActivity: will set rotation from 179.74994 to 179.74866
08-04 00:06:03.919 26377 26377 D CompassActivity: will set rotation from 179.74866 to 179.78833
08-04 00:06:03.920 26377 26377 D CompassActivity: will set rotation from 179.78833 to 179.78705
08-04 00:06:03.939 26377 26377 D CompassActivity: will set rotation from 179.78705 to 179.82349
08-04 00:06:03.940 26377 26377 D CompassActivity: will set rotation from 179.82349 to 179.8233
08-04 00:06:03.961 26377 26377 D CompassActivity: will set rotation from 179.8233 to 179.85535
08-04 00:06:03.962 26377 26377 D CompassActivity: will set rotation from 179.85535 to 179.85596
08-04 00:06:03.980 26377 26377 D CompassActivity: will set rotation from 179.85596 to 179.81683
08-04 00:06:03.981 26377 26377 D CompassActivity: will set rotation from 179.81683 to 179.8169
08-04 00:06:04.000 26377 26377 D CompassActivity: will set rotation from 179.8169 to 179.82764
08-04 00:06:04.000 26377 26377 D CompassActivity: will set rotation from 179.82764 to 179.82599
08-04 00:06:04.019 26377 26377 D CompassActivity: will set rotation from 179.82599 to 179.81555
08-04 00:06:04.019 26377 26377 D CompassActivity: will set rotation from 179.81555 to 179.8158
08-04 00:06:04.039 26377 26377 D CompassActivity: will set rotation from 179.8158 to 179.82526
08-04 00:06:04.040 26377 26377 D CompassActivity: will set rotation from 179.82526 to 179.82574
08-04 00:06:04.059 26377 26377 D CompassActivity: will set rotation from 179.82574 to 179.85583
08-04 00:06:04.060 26377 26377 D CompassActivity: will set rotation from 179.85583 to 179.85455
08-04 00:06:04.080 26377 26377 D CompassActivity: will set rotation from 179.85455 to 179.88116
08-04 00:06:04.081 26377 26377 D CompassActivity: will set rotation from 179.88116 to 179.88037
08-04 00:06:04.099 26377 26377 D CompassActivity: will set rotation from 179.88037 to 179.88599
08-04 00:06:04.099 26377 26377 D CompassActivity: will set rotation from 179.88599 to 179.88611
08-04 00:06:04.119 26377 26377 D CompassActivity: will set rotation from 179.88611 to 179.87366
08-04 00:06:04.120 26377 26377 D CompassActivity: will set rotation from 179.87366 to 179.87476
08-04 00:06:04.139 26377 26377 D CompassActivity: will set rotation from 179.87476 to 179.88147
08-04 00:06:04.139 26377 26377 D CompassActivity: will set rotation from 179.88147 to 179.88165
08-04 00:06:04.159 26377 26377 D CompassActivity: will set rotation from 179.88165 to 179.88702
08-04 00:06:04.159 26377 26377 D CompassActivity: will set rotation from 179.88702 to 179.8872
08-04 00:06:04.180 26377 26377 D CompassActivity: will set rotation from 179.8872 to 179.89343
08-04 00:06:04.181 26377 26377 D CompassActivity: will set rotation from 179.89343 to 179.89325
08-04 00:06:04.199 26377 26377 D CompassActivity: will set rotation from 179.89325 to 179.87823
08-04 00:06:04.199 26377 26377 D CompassActivity: will set rotation from 179.87823 to 179.8789
08-04 00:06:04.218 26377 26377 D CompassActivity: will set rotation from 179.8789 to 179.87006
08-04 00:06:04.218 26377 26377 D CompassActivity: will set rotation from 179.87006 to 179.86932
08-04 00:06:04.238 26377 26377 D CompassActivity: will set rotation from 179.86932 to 179.87683
08-04 00:06:04.239 26377 26377 D CompassActivity: will set rotation from 179.87683 to 179.87659
08-04 00:06:04.258 26377 26377 D CompassActivity: will set rotation from 179.87659 to 179.90326
08-04 00:06:04.258 26377 26377 D CompassActivity: will set rotation from 179.90326 to 179.90222
08-04 00:06:04.267 26377 26397 I art     : Starting a blocking GC Explicit
08-04 00:06:04.281 26377 26377 D CompassActivity: will set rotation from 179.90222 to 179.90582
08-04 00:06:04.281 26377 26377 D CompassActivity: will set rotation from 179.90582 to 179.90472
08-04 00:06:04.299 26377 26377 D CompassActivity: will set rotation from 179.90472 to 179.89087
08-04 00:06:04.300 26377 26377 D CompassActivity: will set rotation from 179.89087 to 179.88977
08-04 00:06:04.318 26377 26377 D CompassActivity: will set rotation from 179.88977 to 179.85999
08-04 00:06:04.319 26377 26377 D CompassActivity: will set rotation from 179.85999 to 179.8595
08-04 00:06:04.330 26377 26397 I art     : Explicit concurrent mark sweep GC freed 2100(123KB) AllocSpace objects, 2(48KB) LOS objects, 6% free, 236MB/252MB, paused 1.247ms total 63.227ms
08-04 00:06:04.343 26377 26377 D CompassActivity: will set rotation from 179.8595 to 179.86523
08-04 00:06:04.344 26377 26377 D CompassActivity: will set rotation from 179.86523 to 179.8645
08-04 00:06:04.351 26377 26397 I art     : Starting a blocking GC Explicit
08-04 00:06:04.359 26377 26377 D CompassActivity: will set rotation from 179.8645 to 179.83356
08-04 00:06:04.360 26377 26377 D CompassActivity: will set rotation from 179.83356 to 179.83472
08-04 00:06:04.370 23490 23490 I ServiceManager: Waiting for service AtCmdFwd...
08-04 00:06:04.379 26377 26377 D CompassActivity: will set rotation from 179.83472 to 179.84027
08-04 00:06:04.379 26377 26377 D CompassActivity: will set rotation from 179.84027 to 179.84174
08-04 00:06:04.398 26377 26377 D CompassActivity: will set rotation from 179.84174 to 179.83038
08-04 00:06:04.399 26377 26377 D CompassActivity: will set rotation from 179.83038 to 179.8302
08-04 00:06:04.406 26377 26397 I art     : Explicit concurrent mark sweep GC freed 811(32KB) AllocSpace objects, 0(0B) LOS objects, 6% free, 236MB/252MB, paused 1.326ms total 55.085ms
08-04 00:06:04.418 26377 26377 D CompassActivity: will set rotation from 179.8302 to 179.81946
08-04 00:06:04.419 26377 26377 D CompassActivity: will set rotation from 179.81946 to 179.81818
08-04 00:06:04.425 26377 26397 I art     : Starting a blocking GC Explicit
08-04 00:06:04.439 26377 26377 D CompassActivity: will set rotation from 179.81818 to 179.84186
08-04 00:06:04.440 26377 26377 D CompassActivity: will set rotation from 179.84186 to 179.84106
08-04 00:06:04.458 26377 26377 D CompassActivity: will set rotation from 179.84106 to 179.8324
08-04 00:06:04.458 26377 26377 D CompassActivity: will set rotation from 179.8324 to 179.8327
08-04 00:06:04.482 26377 26377 D CompassActivity: will set rotation from 179.8327 to 179.85645
08-04 00:06:04.482 26377 26377 D CompassActivity: will set rotation from 179.85645 to 179.85767
08-04 00:06:04.487 26377 26397 I art     : Explicit concurrent mark sweep GC freed 175(8KB) AllocSpace objects, 0(0B) LOS objects, 6% free, 236MB/252MB, paused 1.183ms total 61.125ms
08-04 00:06:04.500 26377 26377 D CompassActivity: will set rotation from 179.85767 to 179.84692
08-04 00:06:04.501 26377 26377 D CompassActivity: will set rotation from 179.84692 to 179.84723
08-04 00:06:04.508 26377 26397 I art     : Starting a blocking GC Explicit
08-04 00:06:04.518 26377 26377 D CompassActivity: will set rotation from 179.84723 to 179.87115
08-04 00:06:04.518 26377 26377 D CompassActivity: will set rotation from 179.87115 to 179.87183
08-04 00:06:04.538 26377 26377 D CompassActivity: will set rotation from 179.87183 to 179.89307
08-04 00:06:04.539 26377 26377 D CompassActivity: will set rotation from 179.89307 to 179.89258
08-04 00:06:04.557 26377 26377 D CompassActivity: will set rotation from 179.89258 to 179.89612
08-04 00:06:04.558 26377 26377 D CompassActivity: will set rotation from 179.89612 to 179.89606
08-04 00:06:04.567 26377 26397 I art     : Explicit concurrent mark sweep GC freed 175(8KB) AllocSpace objects, 0(0B) LOS objects, 6% free, 236MB/252MB, paused 1.274ms total 58.749ms
08-04 00:06:04.580 26377 26377 D CompassActivity: will set rotation from 179.89606 to 179.93567
08-04 00:06:04.581 26377 26377 D CompassActivity: will set rotation from 179.93567 to 179.9375
08-04 00:06:04.588 26377 26397 I art     : Starting a blocking GC Explicit
08-04 00:06:04.598 26377 26377 D CompassActivity: will set rotation from 179.9375 to 179.94116
08-04 00:06:04.598 26377 26377 D CompassActivity: will set rotation from 179.94116 to 179.94171
08-04 00:06:04.618 26377 26377 D CompassActivity: will set rotation from 179.94171 to 179.91077
08-04 00:06:04.618 26377 26377 D CompassActivity: will set rotation from 179.91077 to 179.91101
08-04 00:06:04.637 26377 26377 D CompassActivity: will set rotation from 179.91101 to 179.9306
08-04 00:06:04.637 26377 26377 D CompassActivity: will set rotation from 179.9306 to 179.93036
08-04 00:06:04.644 26377 26397 I art     : Explicit concurrent mark sweep GC freed 175(8KB) AllocSpace objects, 0(0B) LOS objects, 6% free, 236MB/252MB, paused 1.307ms total 55.445ms
08-04 00:06:04.644 26377 26387 I art     : WaitForGcToComplete blocked for 52.712ms for cause HeapTrim
08-04 00:06:04.657 26377 26377 D CompassActivity: will set rotation from 179.93036 to 179.91748
08-04 00:06:04.657 26377 26377 D CompassActivity: will set rotation from 179.91748 to 179.9173
08-04 00:06:04.680 26377 26377 D CompassActivity: will set rotation from 179.9173 to 179.93738
08-04 00:06:04.680 26377 26377 D CompassActivity: will set rotation from 179.93738 to 179.93878
08-04 00:06:04.698 26377 26377 D CompassActivity: will set rotation from 179.93878 to 179.9076
08-04 00:06:04.698 26377 26377 D CompassActivity: will set rotation from 179.9076 to 179.9082
08-04 00:06:04.717 26377 26377 D CompassActivity: will set rotation from 179.9082 to 179.91516
08-04 00:06:04.717 26377 26377 D CompassActivity: will set rotation from 179.91516 to 179.91492
08-04 00:06:04.737 26377 26377 D CompassActivity: will set rotation from 179.91492 to 179.90204
08-04 00:06:04.738 26377 26377 D CompassActivity: will set rotation from 179.90204 to 179.90149
08-04 00:06:04.738   918  3188 I hubconnection: sensorhub said: 'set_bias 3: -6.2400, 0.0000, 0.0000'
08-04 00:06:04.757 26377 26377 D CompassActivity: will set rotation from 179.90149 to 179.89063
08-04 00:06:04.757 26377 26377 D CompassActivity: will set rotation from 179.89063 to 179.89032
08-04 00:06:04.782 26377 26377 D CompassActivity: will set rotation from 179.89032 to 179.84875
08-04 00:06:04.782 26377 26377 D CompassActivity: will set rotation from 179.84875 to 179.84674
08-04 00:06:04.799 26377 26377 D CompassActivity: will set rotation from 179.84674 to 179.82129
08-04 00:06:04.800 26377 26377 D CompassActivity: will set rotation from 179.82129 to 179.82239
08-04 00:06:04.817 26377 26377 D CompassActivity: will set rotation from 179.82239 to 179.81177
08-04 00:06:04.818 26377 26377 D CompassActivity: will set rotation from 179.81177 to 179.81299
08-04 00:06:04.836 26377 26377 D CompassActivity: will set rotation from 179.81299 to 179.78809
08-04 00:06:04.837 26377 26377 D CompassActivity: will set rotation from 179.78809 to 179.78943
08-04 00:06:04.857 26377 26377 D CompassActivity: will set rotation from 179.78943 to 179.73474
08-04 00:06:04.858 26377 26377 D CompassActivity: will set rotation from 179.73474 to 179.7356
08-04 00:06:04.877 26377 26377 D CompassActivity: will set rotation from 179.7356 to 179.72961
08-04 00:06:04.877 26377 26377 D CompassActivity: will set rotation from 179.72961 to 179.72894
08-04 00:06:04.896 26377 26377 D CompassActivity: will set rotation from 179.72894 to 179.72302
08-04 00:06:04.896 26377 26377 D CompassActivity: will set rotation from 179.72302 to 179.72168
08-04 00:06:04.915 26377 26377 D CompassActivity: will set rotation from 179.72168 to 179.6847
08-04 00:06:04.916 26377 26377 D CompassActivity: will set rotation from 179.6847 to 179.68188
08-04 00:06:04.935 26377 26377 D CompassActivity: will set rotation from 179.68188 to 179.64331
08-04 00:06:04.935 26377 26377 D CompassActivity: will set rotation from 179.64331 to 179.64093
08-04 00:06:04.955 26377 26377 D CompassActivity: will set rotation from 179.64093 to 179.57312
08-04 00:06:04.955 26377 26377 D CompassActivity: will set rotation from 179.57312 to 179.57153
08-04 00:06:04.976 26377 26377 D CompassActivity: will set rotation from 179.57153 to 179.55298
08-04 00:06:04.977 26377 26377 D CompassActivity: will set rotation from 179.55298 to 179.55182
08-04 00:06:04.998 26377 26377 D CompassActivity: will set rotation from 179.55182 to 179.51697
08-04 00:06:04.999 26377 26377 D CompassActivity: will set rotation from 179.51697 to 179.51709
08-04 00:06:05.016 26377 26377 D CompassActivity: will set rotation from 179.51709 to 179.4701
08-04 00:06:05.016 26377 26377 D CompassActivity: will set rotation from 179.4701 to 179.46942
08-04 00:06:05.035 26377 26377 D CompassActivity: will set rotation from 179.46942 to 179.42444
08-04 00:06:05.035 26377 26377 D CompassActivity: will set rotation from 179.42444 to 179.42212
08-04 00:06:05.056 26377 26377 D CompassActivity: will set rotation from 179.42212 to 179.39429
08-04 00:06:05.056 26377 26377 D CompassActivity: will set rotation from 179.39429 to 179.39441
08-04 00:06:05.061 26377 26654 I art     : Starting a blocking GC Explicit
08-04 00:06:05.076 26377 26377 D CompassActivity: will set rotation from 179.39441 to 179.35248
08-04 00:06:05.077 26377 26377 D CompassActivity: will set rotation from 179.35248 to 179.35083
08-04 00:06:05.098 26377 26377 D CompassActivity: will set rotation from 179.35083 to 179.32263
08-04 00:06:05.098 26377 26377 D CompassActivity: will set rotation from 179.32263 to 179.32141
08-04 00:06:05.119 26377 26377 D CompassActivity: will set rotation from 179.32141 to 179.3299
08-04 00:06:05.119 26377 26377 D CompassActivity: will set rotation from 179.3299 to 179.3302
08-04 00:06:05.125 26377 26654 I art     : Explicit concurrent mark sweep GC freed 2038(121KB) AllocSpace objects, 2(48KB) LOS objects, 6% free, 236MB/252MB, paused 1.457ms total 63.982ms
08-04 00:06:05.137 26377 26377 D CompassActivity: will set rotation from 179.3302 to 179.29047
08-04 00:06:05.138 26377 26377 D CompassActivity: will set rotation from 179.29047 to 179.29181
08-04 00:06:05.146 26377 26654 I art     : Starting a blocking GC Explicit
08-04 00:06:05.155 26377 26377 D CompassActivity: will set rotation from 179.29181 to 179.29852
08-04 00:06:05.155 26377 26377 D CompassActivity: will set rotation from 179.29852 to 179.29797
08-04 00:06:05.175 26377 26377 D CompassActivity: will set rotation from 179.29797 to 179.30676
08-04 00:06:05.176 26377 26377 D CompassActivity: will set rotation from 179.30676 to 179.30518
08-04 00:06:05.199 26377 26377 D CompassActivity: will set rotation from 179.30518 to 179.27875
08-04 00:06:05.199 26377 26377 D CompassActivity: will set rotation from 179.27875 to 179.27832
08-04 00:06:05.202 26377 26654 I art     : Explicit concurrent mark sweep GC freed 801(31KB) AllocSpace objects, 0(0B) LOS objects, 6% free, 236MB/252MB, paused 1.297ms total 55.833ms
08-04 00:06:05.217 26377 26377 D CompassActivity: will set rotation from 179.27832 to 179.26874
08-04 00:06:05.217 26377 26377 D CompassActivity: will set rotation from 179.26874 to 179.26752
08-04 00:06:05.222 26377 26654 I art     : Starting a blocking GC Explicit
08-04 00:06:05.237 26377 26377 D CompassActivity: will set rotation from 179.26752 to 179.22888
08-04 00:06:05.238 26377 26377 D CompassActivity: will set rotation from 179.22888 to 179.22772
08-04 00:06:05.255 26377 26377 D CompassActivity: will set rotation from 179.22772 to 179.1886
08-04 00:06:05.255 26377 26377 D CompassActivity: will set rotation from 179.1886 to 179.18707
08-04 00:06:05.285 26377 26654 W art     : Suspending all threads took: 8.874ms
08-04 00:06:05.291 26377 26377 D CompassActivity: will set rotation from 179.18707 to 179.18079
08-04 00:06:05.291 26377 26377 D CompassActivity: will set rotation from 179.18079 to 179.18152
08-04 00:06:05.293 26377 26654 I art     : Explicit concurrent mark sweep GC freed 177(8KB) AllocSpace objects, 0(0B) LOS objects, 6% free, 236MB/252MB, paused 14.069ms total 70.484ms
08-04 00:06:05.296 26377 26377 D CompassActivity: will set rotation from 179.18152 to 179.12836
08-04 00:06:05.296 26377 26377 D CompassActivity: will set rotation from 179.12836 to 179.12866
08-04 00:06:05.318 26377 26377 D CompassActivity: will set rotation from 179.12866 to 179.12524
08-04 00:06:05.319 26377 26377 D CompassActivity: will set rotation from 179.12524 to 179.12451
08-04 00:06:05.323 26377 26654 I art     : Starting a blocking GC Explicit
08-04 00:06:05.334 26377 26377 D CompassActivity: will set rotation from 179.12451 to 179.10486
08-04 00:06:05.334 26377 26377 D CompassActivity: will set rotation from 179.10486 to 179.10553
08-04 00:06:05.353 26377 26377 D CompassActivity: will set rotation from 179.10553 to 179.07147
08-04 00:06:05.354 26377 26377 D CompassActivity: will set rotation from 179.07147 to 179.07
08-04 00:06:05.371 23490 23490 I ServiceManager: Waiting for service AtCmdFwd...
08-04 00:06:05.374 26377 26377 D CompassActivity: will set rotation from 179.07 to 179.05188
08-04 00:06:05.374 26377 26377 D CompassActivity: will set rotation from 179.05188 to 179.0498
08-04 00:06:05.378 26377 26654 I art     : Explicit concurrent mark sweep GC freed 174(9KB) AllocSpace objects, 0(0B) LOS objects, 6% free, 236MB/252MB, paused 1.473ms total 54.701ms
08-04 00:06:05.394 26377 26377 D CompassActivity: will set rotation from 179.0498 to 179.06012
08-04 00:06:05.394 26377 26377 D CompassActivity: will set rotation from 179.06012 to 179.05914
08-04 00:06:05.397 26377 26654 I art     : Starting a blocking GC Explicit
08-04 00:06:05.415 28928 28928 D AndroidRuntime: >>>>>> START com.android.internal.os.RuntimeInit uid 2000 <<<<<<
08-04 00:06:05.416 26377 26377 D CompassActivity: will set rotation from 179.05914 to 179.04132
08-04 00:06:05.417 26377 26377 D CompassActivity: will set rotation from 179.04132 to 179.04065
08-04 00:06:05.420 28928 28928 D AndroidRuntime: CheckJNI is OFF
08-04 00:06:05.434 26377 26377 D CompassActivity: will set rotation from 179.04065 to 179.00977
08-04 00:06:05.434 26377 26377 D CompassActivity: will set rotation from 179.00977 to 179.00879
08-04 00:06:05.453 26377 26654 I art     : Explicit concurrent mark sweep GC freed 219(9KB) AllocSpace objects, 0(0B) LOS objects, 6% free, 236MB/252MB, paused 1.263ms total 55.828ms
08-04 00:06:05.453 26377 26377 D CompassActivity: will set rotation from 179.00879 to 179.00854
08-04 00:06:05.454 26377 26377 D CompassActivity: will set rotation from 179.00854 to 179.00653
08-04 00:06:05.466 28928 28928 D ICU     : No timezone override file found: /data/misc/zoneinfo/current/icu/icu_tzdata.dat
08-04 00:06:05.473 26377 26377 D CompassActivity: will set rotation from 179.00653 to 178.99054
08-04 00:06:05.474 26377 26377 D CompassActivity: will set rotation from 178.99054 to 178.99115
08-04 00:06:05.494 26377 26377 D CompassActivity: will set rotation from 178.99115 to 178.99377
08-04 00:06:05.496 26377 26377 D CompassActivity: will set rotation from 178.99377 to 178.99323
08-04 00:06:05.512 28928 28928 I Radio-JNI: register_android_hardware_Radio DONE
08-04 00:06:05.517 26377 26377 D CompassActivity: will set rotation from 178.99323 to 178.9787
08-04 00:06:05.517 26377 26377 D CompassActivity: will set rotation from 178.9787 to 178.97888
08-04 00:06:05.534 26377 26377 D CompassActivity: will set rotation from 178.97888 to 178.95142
08-04 00:06:05.534 26377 26377 D CompassActivity: will set rotation from 178.95142 to 178.95203
08-04 00:06:05.540 28928 28928 D AndroidRuntime: Calling main entry com.android.commands.input.Input
08-04 00:06:05.542 28928 28928 I Input   : injectKeyEvent: KeyEvent { action=ACTION_DOWN, keyCode=KEYCODE_BACK, scanCode=0, metaState=0, flags=0x0, repeatCount=0, eventTime=662781955, downTime=662781955, deviceId=-1, source=0x101 }
08-04 00:06:05.550 28928 28928 I Input   : injectKeyEvent: KeyEvent { action=ACTION_UP, keyCode=KEYCODE_BACK, scanCode=0, metaState=0, flags=0x0, repeatCount=0, eventTime=662781955, downTime=662781955, deviceId=-1, source=0x101 }
08-04 00:06:05.555 26377 26377 D CompassActivity: will set rotation from 178.95203 to 178.94019
08-04 00:06:05.555 28928 28928 D AndroidRuntime: Shutting down VM
08-04 00:06:05.555 26377 26377 D CompassActivity: will set rotation from 178.94019 to 178.93976
08-04 00:06:05.563   918  3714 I sensors : activate
08-04 00:06:05.563   918  6112 I sensors : activate
08-04 00:06:05.568   918  3188 I hubconnection: sensorhub said: 'activate 1 enable:0'
08-04 00:06:05.569   918  3188 I hubconnection: sensorhub said: 'activate 3 enable:0'
08-04 00:06:05.595 26377 26377 V MainActivity: url = https://project-travel-mate.herokuapp.com/api/number-of-unread-notifications
08-04 00:06:05.710 13866 13866 I GoogleInputMethodServic: GoogleInputMethodService.onFinishInput():3138 
08-04 00:06:05.711 13866 13866 I GoogleInputMethodServic: GoogleInputMethodService.onStartInput():1808 
08-04 00:06:05.855 26377 26654 I art     : Starting a blocking GC Explicit
08-04 00:06:05.922 26377 26654 I art     : Explicit concurrent mark sweep GC freed 2287(125KB) AllocSpace objects, 2(48KB) LOS objects, 6% free, 236MB/252MB, paused 1.607ms total 66.164ms
08-04 00:06:05.942 26377 26654 I art     : Starting a blocking GC Explicit
08-04 00:06:05.995 26377 26377 D CompassActivity: stop compass
08-04 00:06:05.995   380   380 W SurfaceFlinger: couldn't log to binary event log: overflow.
08-04 00:06:06.004 26377 26654 I art     : Explicit concurrent mark sweep GC freed 300(11KB) AllocSpace objects, 0(0B) LOS objects, 6% free, 236MB/252MB, paused 1.574ms total 61.071ms
08-04 00:06:06.023 26377 26654 I art     : Starting a blocking GC Explicit
08-04 00:06:06.076 26377 26654 I art     : Explicit concurrent mark sweep GC freed 718(58KB) AllocSpace objects, 2(120KB) LOS objects, 6% free, 236MB/252MB, paused 1.586ms total 52.660ms
08-04 00:06:06.094 26377 26654 I art     : Starting a blocking GC Explicit
08-04 00:06:06.127 26377 28949 I NAPPA_EXPERIMENTATION: MetricNetworkRequestExecutionTime: REQUEST_DURATION_SYSTEM='531',REQUEST_DURATION_OKHTTP='29',REQUEST_SYNCHRONOUS='FALSE',RESPONSE_CODE='200',RESPONSE_METHOD='GET',RESPONSE_LENGTH_OKHTTP='36',RESPONSE_LENGTH_HEADER='36',REQUEST_PROTOCOL='http/1.1',REQUEST_URL='https://project-travel-mate.herokuapp.com/api/number-of-unread-notifications',
08-04 00:06:06.169 26377 26654 I art     : Explicit concurrent mark sweep GC freed 3499(197KB) AllocSpace objects, 4(52MB) LOS objects, 7% free, 184MB/200MB, paused 1.398ms total 74.282ms
08-04 00:06:06.189 26377 26654 I art     : Starting a blocking GC Explicit
08-04 00:06:06.247 26377 26654 I art     : Explicit concurrent mark sweep GC freed 848(92KB) AllocSpace objects, 0(0B) LOS objects, 7% free, 184MB/200MB, paused 1.269ms total 58.350ms
08-04 00:06:06.371 23490 23490 I ServiceManager: Waiting for service AtCmdFwd...
08-04 00:06:06.658 26377 26389 I art     : Starting a blocking GC Explicit
08-04 00:06:06.739 26377 26389 I art     : Explicit concurrent mark sweep GC freed 1586(92KB) AllocSpace objects, 2(48KB) LOS objects, 7% free, 184MB/200MB, paused 1.486ms total 80.492ms
08-04 00:06:06.760 26377 26389 I art     : Starting a blocking GC Explicit
08-04 00:06:06.818 26377 26389 I art     : Explicit concurrent mark sweep GC freed 28(1024B) AllocSpace objects, 0(0B) LOS objects, 7% free, 184MB/200MB, paused 1.501ms total 57.874ms
08-04 00:06:06.838 26377 26389 I art     : Starting a blocking GC Explicit
08-04 00:06:06.893 26377 26389 I art     : Explicit concurrent mark sweep GC freed 3(96B) AllocSpace objects, 0(0B) LOS objects, 7% free, 184MB/200MB, paused 1.332ms total 55.012ms
08-04 00:06:06.912 26377 26389 I art     : Starting a blocking GC Explicit
08-04 00:06:06.969 26377 26389 I art     : Explicit concurrent mark sweep GC freed 3(96B) AllocSpace objects, 0(0B) LOS objects, 7% free, 184MB/200MB, paused 1.340ms total 56.277ms
08-04 00:06:06.988 26377 26389 I art     : Starting a blocking GC Explicit
08-04 00:06:07.044 26377 26389 I art     : Explicit concurrent mark sweep GC freed 3(96B) AllocSpace objects, 0(0B) LOS objects, 7% free, 184MB/200MB, paused 1.350ms total 55.961ms
08-04 00:06:07.325 28969 28969 D AndroidRuntime: >>>>>> START com.android.internal.os.RuntimeInit uid 2000 <<<<<<
08-04 00:06:07.331 28969 28969 D AndroidRuntime: CheckJNI is OFF
08-04 00:06:07.368 28969 28969 D ICU     : No timezone override file found: /data/misc/zoneinfo/current/icu/icu_tzdata.dat
08-04 00:06:07.372 23490 23490 I ServiceManager: Waiting for service AtCmdFwd...
08-04 00:06:07.411 28969 28969 I Radio-JNI: register_android_hardware_Radio DONE
08-04 00:06:07.440 28969 28969 D AndroidRuntime: Calling main entry com.android.commands.input.Input
08-04 00:06:07.442 28969 28969 I Input   : injectMotionEvent: MotionEvent { action=ACTION_DOWN, actionButton=0, id[0]=0, x[0]=500.0, y[0]=2000.0, toolType[0]=TOOL_TYPE_UNKNOWN, buttonState=0, metaState=0, flags=0x0, edgeFlags=0x0, pointerCount=1, historySize=0, eventTime=662783855, downTime=662783855, deviceId=0, source=0x1002 }
08-04 00:06:07.453 28969 28969 I Input   : injectMotionEvent: MotionEvent { action=ACTION_MOVE, actionButton=0, id[0]=0, x[0]=500.0, y[0]=2000.0, toolType[0]=TOOL_TYPE_UNKNOWN, buttonState=0, metaState=0, flags=0x0, edgeFlags=0x0, pointerCount=1, historySize=0, eventTime=662783855, downTime=662783855, deviceId=0, source=0x1002 }
08-04 00:06:07.465 28969 28969 I Input   : injectMotionEvent: MotionEvent { action=ACTION_MOVE, actionButton=0, id[0]=0, x[0]=500.0, y[0]=1956.3, toolType[0]=TOOL_TYPE_UNKNOWN, buttonState=0, metaState=0, flags=0x0, edgeFlags=0x0, pointerCount=1, historySize=0, eventTime=662783878, downTime=662783878, deviceId=0, source=0x1002 }
08-04 00:06:07.481 28969 28969 I Input   : injectMotionEvent: MotionEvent { action=ACTION_MOVE, actionButton=0, id[0]=0, x[0]=500.0, y[0]=1925.9, toolType[0]=TOOL_TYPE_UNKNOWN, buttonState=0, metaState=0, flags=0x0, edgeFlags=0x0, pointerCount=1, historySize=0, eventTime=662783894, downTime=662783894, deviceId=0, source=0x1002 }
08-04 00:06:07.482 26377 26389 I art     : Starting a blocking GC Explicit
08-04 00:06:07.504 28969 28969 I Input   : injectMotionEvent: MotionEvent { action=ACTION_MOVE, actionButton=0, id[0]=0, x[0]=500.0, y[0]=1882.2, toolType[0]=TOOL_TYPE_UNKNOWN, buttonState=0, metaState=0, flags=0x0, edgeFlags=0x0, pointerCount=1, historySize=0, eventTime=662783917, downTime=662783917, deviceId=0, source=0x1002 }
08-04 00:06:07.516 28969 28969 I Input   : injectMotionEvent: MotionEvent { action=ACTION_MOVE, actionButton=0, id[0]=0, x[0]=500.0, y[0]=1861.3, toolType[0]=TOOL_TYPE_UNKNOWN, buttonState=0, metaState=0, flags=0x0, edgeFlags=0x0, pointerCount=1, historySize=0, eventTime=662783928, downTime=662783928, deviceId=0, source=0x1002 }
08-04 00:06:07.531 28969 28969 I Input   : injectMotionEvent: MotionEvent { action=ACTION_MOVE, actionButton=0, id[0]=0, x[0]=500.0, y[0]=1830.9, toolType[0]=TOOL_TYPE_UNKNOWN, buttonState=0, metaState=0, flags=0x0, edgeFlags=0x0, pointerCount=1, historySize=0, eventTime=662783944, downTime=662783944, deviceId=0, source=0x1002 }
08-04 00:06:07.545 26377 26389 I art     : Explicit concurrent mark sweep GC freed 1721(96KB) AllocSpace objects, 2(48KB) LOS objects, 7% free, 184MB/200MB, paused 1.345ms total 62.878ms
08-04 00:06:07.548 28969 28969 I Input   : injectMotionEvent: MotionEvent { action=ACTION_MOVE, actionButton=0, id[0]=0, x[0]=500.0, y[0]=1798.6, toolType[0]=TOOL_TYPE_UNKNOWN, buttonState=0, metaState=0, flags=0x0, edgeFlags=0x0, pointerCount=1, historySize=0, eventTime=662783961, downTime=662783961, deviceId=0, source=0x1002 }
08-04 00:06:07.565 26377 26389 I art     : Starting a blocking GC Explicit
08-04 00:06:07.565 28969 28969 I Input   : injectMotionEvent: MotionEvent { action=ACTION_MOVE, actionButton=0, id[0]=0, x[0]=500.0, y[0]=1764.4, toolType[0]=TOOL_TYPE_UNKNOWN, buttonState=0, metaState=0, flags=0x0, edgeFlags=0x0, pointerCount=1, historySize=0, eventTime=662783979, downTime=662783979, deviceId=0, source=0x1002 }
08-04 00:06:07.581 28969 28969 I Input   : injectMotionEvent: MotionEvent { action=ACTION_MOVE, actionButton=0, id[0]=0, x[0]=500.0, y[0]=1734.0, toolType[0]=TOOL_TYPE_UNKNOWN, buttonState=0, metaState=0, flags=0x0, edgeFlags=0x0, pointerCount=1, historySize=0, eventTime=662783995, downTime=662783995, deviceId=0, source=0x1002 }
08-04 00:06:07.598 28969 28969 I Input   : injectMotionEvent: MotionEvent { action=ACTION_MOVE, actionButton=0, id[0]=0, x[0]=500.0, y[0]=1703.6, toolType[0]=TOOL_TYPE_UNKNOWN, buttonState=0, metaState=0, flags=0x0, edgeFlags=0x0, pointerCount=1, historySize=0, eventTime=662784011, downTime=662784011, deviceId=0, source=0x1002 }
08-04 00:06:07.615 28969 28969 I Input   : injectMotionEvent: MotionEvent { action=ACTION_MOVE, actionButton=0, id[0]=0, x[0]=500.0, y[0]=1671.3, toolType[0]=TOOL_TYPE_UNKNOWN, buttonState=0, metaState=0, flags=0x0, edgeFlags=0x0, pointerCount=1, historySize=0, eventTime=662784028, downTime=662784028, deviceId=0, source=0x1002 }
08-04 00:06:07.624 26377 26389 I art     : Explicit concurrent mark sweep GC freed 57(2496B) AllocSpace objects, 0(0B) LOS objects, 7% free, 184MB/200MB, paused 1.257ms total 58.953ms
08-04 00:06:07.632 28969 28969 I Input   : injectMotionEvent: MotionEvent { action=ACTION_MOVE, actionButton=0, id[0]=0, x[0]=500.0, y[0]=1639.0, toolType[0]=TOOL_TYPE_UNKNOWN, buttonState=0, metaState=0, flags=0x0, edgeFlags=0x0, pointerCount=1, historySize=0, eventTime=662784045, downTime=662784045, deviceId=0, source=0x1002 }
08-04 00:06:07.645 26377 26389 I art     : Starting a blocking GC Explicit
08-04 00:06:07.648 28969 28969 I Input   : injectMotionEvent: MotionEvent { action=ACTION_MOVE, actionButton=0, id[0]=0, x[0]=500.0, y[0]=1608.6, toolType[0]=TOOL_TYPE_UNKNOWN, buttonState=0, metaState=0, flags=0x0, edgeFlags=0x0, pointerCount=1, historySize=0, eventTime=662784061, downTime=662784061, deviceId=0, source=0x1002 }
08-04 00:06:07.665 28969 28969 I Input   : injectMotionEvent: MotionEvent { action=ACTION_MOVE, actionButton=0, id[0]=0, x[0]=500.0, y[0]=1576.3, toolType[0]=TOOL_TYPE_UNKNOWN, buttonState=0, metaState=0, flags=0x0, edgeFlags=0x0, pointerCount=1, historySize=0, eventTime=662784078, downTime=662784078, deviceId=0, source=0x1002 }
08-04 00:06:07.682 28969 28969 I Input   : injectMotionEvent: MotionEvent { action=ACTION_MOVE, actionButton=0, id[0]=0, x[0]=500.0, y[0]=1544.0, toolType[0]=TOOL_TYPE_UNKNOWN, buttonState=0, metaState=0, flags=0x0, edgeFlags=0x0, pointerCount=1, historySize=0, eventTime=662784095, downTime=662784095, deviceId=0, source=0x1002 }
08-04 00:06:07.699 28969 28969 I Input   : injectMotionEvent: MotionEvent { action=ACTION_MOVE, actionButton=0, id[0]=0, x[0]=500.0, y[0]=1511.7, toolType[0]=TOOL_TYPE_UNKNOWN, buttonState=0, metaState=0, flags=0x0, edgeFlags=0x0, pointerCount=1, historySize=0, eventTime=662784112, downTime=662784112, deviceId=0, source=0x1002 }
08-04 00:06:07.702 26377 26389 I art     : Explicit concurrent mark sweep GC freed 30(1104B) AllocSpace objects, 0(0B) LOS objects, 7% free, 184MB/200MB, paused 1.291ms total 57.325ms
08-04 00:06:07.715 28969 28969 I Input   : injectMotionEvent: MotionEvent { action=ACTION_MOVE, actionButton=0, id[0]=0, x[0]=500.0, y[0]=1481.3, toolType[0]=TOOL_TYPE_UNKNOWN, buttonState=0, metaState=0, flags=0x0, edgeFlags=0x0, pointerCount=1, historySize=0, eventTime=662784128, downTime=662784128, deviceId=0, source=0x1002 }
08-04 00:06:07.722 26377 26389 I art     : Starting a blocking GC Explicit
08-04 00:06:07.732 28969 28969 I Input   : injectMotionEvent: MotionEvent { action=ACTION_MOVE, actionButton=0, id[0]=0, x[0]=500.0, y[0]=1449.0, toolType[0]=TOOL_TYPE_UNKNOWN, buttonState=0, metaState=0, flags=0x0, edgeFlags=0x0, pointerCount=1, historySize=0, eventTime=662784145, downTime=662784145, deviceId=0, source=0x1002 }
08-04 00:06:07.748 28969 28969 I Input   : injectMotionEvent: MotionEvent { action=ACTION_MOVE, actionButton=0, id[0]=0, x[0]=500.0, y[0]=1416.7, toolType[0]=TOOL_TYPE_UNKNOWN, buttonState=0, metaState=0, flags=0x0, edgeFlags=0x0, pointerCount=1, historySize=0, eventTime=662784162, downTime=662784162, deviceId=0, source=0x1002 }
08-04 00:06:07.765 28969 28969 I Input   : injectMotionEvent: MotionEvent { action=ACTION_MOVE, actionButton=0, id[0]=0, x[0]=500.0, y[0]=1386.3, toolType[0]=TOOL_TYPE_UNKNOWN, buttonState=0, metaState=0, flags=0x0, edgeFlags=0x0, pointerCount=1, historySize=0, eventTime=662784178, downTime=662784178, deviceId=0, source=0x1002 }
08-04 00:06:07.779 26377 26389 I art     : Explicit concurrent mark sweep GC freed 3(96B) AllocSpace objects, 0(0B) LOS objects, 7% free, 184MB/200MB, paused 1.343ms total 56.307ms
08-04 00:06:07.783 28969 28969 I Input   : injectMotionEvent: MotionEvent { action=ACTION_MOVE, actionButton=0, id[0]=0, x[0]=500.0, y[0]=1352.1001, toolType[0]=TOOL_TYPE_UNKNOWN, buttonState=0, metaState=0, flags=0x0, edgeFlags=0x0, pointerCount=1, historySize=0, eventTime=662784196, downTime=662784196, deviceId=0, source=0x1002 }
08-04 00:06:07.801 26377 26389 I art     : Starting a blocking GC Explicit
08-04 00:06:07.802 28969 28969 I Input   : injectMotionEvent: MotionEvent { action=ACTION_MOVE, actionButton=0, id[0]=0, x[0]=500.0, y[0]=1316.0, toolType[0]=TOOL_TYPE_UNKNOWN, buttonState=0, metaState=0, flags=0x0, edgeFlags=0x0, pointerCount=1, historySize=0, eventTime=662784215, downTime=662784215, deviceId=0, source=0x1002 }
08-04 00:06:07.815 28969 28969 I Input   : injectMotionEvent: MotionEvent { action=ACTION_MOVE, actionButton=0, id[0]=0, x[0]=500.0, y[0]=1289.3999, toolType[0]=TOOL_TYPE_UNKNOWN, buttonState=0, metaState=0, flags=0x0, edgeFlags=0x0, pointerCount=1, historySize=0, eventTime=662784229, downTime=662784229, deviceId=0, source=0x1002 }
08-04 00:06:07.832 28969 28969 I Input   : injectMotionEvent: MotionEvent { action=ACTION_MOVE, actionButton=0, id[0]=0, x[0]=500.0, y[0]=1259.0, toolType[0]=TOOL_TYPE_UNKNOWN, buttonState=0, metaState=0, flags=0x0, edgeFlags=0x0, pointerCount=1, historySize=0, eventTime=662784245, downTime=662784245, deviceId=0, source=0x1002 }
08-04 00:06:07.851 28969 28969 I Input   : injectMotionEvent: MotionEvent { action=ACTION_MOVE, actionButton=0, id[0]=0, x[0]=500.0, y[0]=1222.8999, toolType[0]=TOOL_TYPE_UNKNOWN, buttonState=0, metaState=0, flags=0x0, edgeFlags=0x0, pointerCount=1, historySize=0, eventTime=662784264, downTime=662784264, deviceId=0, source=0x1002 }
08-04 00:06:07.861 26377 26389 I art     : Explicit concurrent mark sweep GC freed 9(304B) AllocSpace objects, 0(0B) LOS objects, 7% free, 184MB/200MB, paused 1.478ms total 58.772ms
08-04 00:06:07.867 28969 28969 I Input   : injectMotionEvent: MotionEvent { action=ACTION_MOVE, actionButton=0, id[0]=0, x[0]=500.0, y[0]=1192.5, toolType[0]=TOOL_TYPE_UNKNOWN, buttonState=0, metaState=0, flags=0x0, edgeFlags=0x0, pointerCount=1, historySize=0, eventTime=662784280, downTime=662784280, deviceId=0, source=0x1002 }
08-04 00:06:07.932 28969 28969 I Input   : injectMotionEvent: MotionEvent { action=ACTION_MOVE, actionButton=0, id[0]=0, x[0]=500.0, y[0]=1069.0, toolType[0]=TOOL_TYPE_UNKNOWN, buttonState=0, metaState=0, flags=0x0, edgeFlags=0x0, pointerCount=1, historySize=0, eventTime=662784345, downTime=662784345, deviceId=0, source=0x1002 }
08-04 00:06:07.990 28969 28969 I Input   : injectMotionEvent: MotionEvent { action=ACTION_MOVE, actionButton=0, id[0]=0, x[0]=500.0, y[0]=958.80005, toolType[0]=TOOL_TYPE_UNKNOWN, buttonState=0, metaState=0, flags=0x0, edgeFlags=0x0, pointerCount=1, historySize=0, eventTime=662784403, downTime=662784403, deviceId=0, source=0x1002 }
08-04 00:06:08.048 28969 28969 I Input   : injectMotionEvent: MotionEvent { action=ACTION_MOVE, actionButton=0, id[0]=0, x[0]=500.0, y[0]=846.7001, toolType[0]=TOOL_TYPE_UNKNOWN, buttonState=0, metaState=0, flags=0x0, edgeFlags=0x0, pointerCount=1, historySize=0, eventTime=662784462, downTime=662784462, deviceId=0, source=0x1002 }
08-04 00:06:08.118 28969 28969 I Input   : injectMotionEvent: MotionEvent { action=ACTION_MOVE, actionButton=0, id[0]=0, x[0]=500.0, y[0]=715.6, toolType[0]=TOOL_TYPE_UNKNOWN, buttonState=0, metaState=0, flags=0x0, edgeFlags=0x0, pointerCount=1, historySize=0, eventTime=662784531, downTime=662784531, deviceId=0, source=0x1002 }
08-04 00:06:08.179 28969 28969 I Input   : injectMotionEvent: MotionEvent { action=ACTION_MOVE, actionButton=0, id[0]=0, x[0]=500.0, y[0]=597.80005, toolType[0]=TOOL_TYPE_UNKNOWN, buttonState=0, metaState=0, flags=0x0, edgeFlags=0x0, pointerCount=1, historySize=0, eventTime=662784593, downTime=662784593, deviceId=0, source=0x1002 }
08-04 00:06:08.243 28969 28969 I Input   : injectMotionEvent: MotionEvent { action=ACTION_MOVE, actionButton=0, id[0]=0, x[0]=500.0, y[0]=478.09998, toolType[0]=TOOL_TYPE_UNKNOWN, buttonState=0, metaState=0, flags=0x0, edgeFlags=0x0, pointerCount=1, historySize=0, eventTime=662784656, downTime=662784656, deviceId=0, source=0x1002 }
08-04 00:06:08.270 26377 26654 I art     : Starting a blocking GC Explicit
08-04 00:06:08.306 28969 28969 I Input   : injectMotionEvent: MotionEvent { action=ACTION_MOVE, actionButton=0, id[0]=0, x[0]=500.0, y[0]=358.3999, toolType[0]=TOOL_TYPE_UNKNOWN, buttonState=0, metaState=0, flags=0x0, edgeFlags=0x0, pointerCount=1, historySize=0, eventTime=662784719, downTime=662784719, deviceId=0, source=0x1002 }
08-04 00:06:08.322 26377 26654 I art     : Explicit concurrent mark sweep GC freed 1629(93KB) AllocSpace objects, 2(48KB) LOS objects, 7% free, 184MB/200MB, paused 1.392ms total 52.357ms
08-04 00:06:08.341 26377 26654 I art     : Starting a blocking GC Explicit
08-04 00:06:08.372 23490 23490 W Atfwd_Sendcmd: AtCmdFwd service not published, waiting... retryCnt : 4
08-04 00:06:08.393 26377 26654 I art     : Explicit concurrent mark sweep GC freed 28(1024B) AllocSpace objects, 0(0B) LOS objects, 7% free, 184MB/200MB, paused 1.440ms total 51.567ms
08-04 00:06:08.401 28969 28969 I Input   : injectMotionEvent: MotionEvent { action=ACTION_MOVE, actionButton=0, id[0]=0, x[0]=500.0, y[0]=177.90002, toolType[0]=TOOL_TYPE_UNKNOWN, buttonState=0, metaState=0, flags=0x0, edgeFlags=0x0, pointerCount=1, historySize=0, eventTime=662784814, downTime=662784814, deviceId=0, source=0x1002 }
08-04 00:06:08.412 26377 26654 I art     : Starting a blocking GC Explicit
08-04 00:06:08.439 28969 28969 I Input   : injectMotionEvent: MotionEvent { action=ACTION_MOVE, actionButton=0, id[0]=0, x[0]=500.0, y[0]=103.79993, toolType[0]=TOOL_TYPE_UNKNOWN, buttonState=0, metaState=0, flags=0x0, edgeFlags=0x0, pointerCount=1, historySize=0, eventTime=662784853, downTime=662784853, deviceId=0, source=0x1002 }
08-04 00:06:08.464 26377 26654 I art     : Explicit concurrent mark sweep GC freed 9(288B) AllocSpace objects, 0(0B) LOS objects, 7% free, 184MB/200MB, paused 1.439ms total 52.190ms
08-04 00:06:08.480 28969 28969 I Input   : injectMotionEvent: MotionEvent { action=ACTION_UP, actionButton=0, id[0]=0, x[0]=500.0, y[0]=100.0, toolType[0]=TOOL_TYPE_UNKNOWN, buttonState=0, metaState=0, flags=0x0, edgeFlags=0x0, pointerCount=1, historySize=0, eventTime=662784893, downTime=662784893, deviceId=0, source=0x1002 }
08-04 00:06:08.485 26377 26654 I art     : Starting a blocking GC Explicit
08-04 00:06:08.519 28969 28969 D AndroidRuntime: Shutting down VM
08-04 00:06:08.538 26377 26654 I art     : Explicit concurrent mark sweep GC freed 8(256B) AllocSpace objects, 0(0B) LOS objects, 7% free, 184MB/200MB, paused 1.317ms total 52.380ms
08-04 00:06:08.562 26377 26654 I art     : Starting a blocking GC Explicit
08-04 00:06:08.614 26377 26654 I art     : Explicit concurrent mark sweep GC freed 11(352B) AllocSpace objects, 0(0B) LOS objects, 7% free, 184MB/200MB, paused 1.444ms total 51.171ms
08-04 00:06:09.011 26377 26654 I art     : Starting a blocking GC Explicit
08-04 00:06:09.062 26377 26654 I art     : Explicit concurrent mark sweep GC freed 1603(92KB) AllocSpace objects, 2(48KB) LOS objects, 7% free, 184MB/200MB, paused 1.334ms total 50.819ms
08-04 00:06:09.081 26377 26654 I art     : Starting a blocking GC Explicit
08-04 00:06:09.138 26377 26654 I art     : Explicit concurrent mark sweep GC freed 40(1632B) AllocSpace objects, 0(0B) LOS objects, 7% free, 184MB/200MB, paused 1.280ms total 56.169ms
08-04 00:06:09.156 26377 26654 I art     : Starting a blocking GC Explicit
08-04 00:06:09.207 26377 26654 I art     : Explicit concurrent mark sweep GC freed 43(1168B) AllocSpace objects, 0(0B) LOS objects, 7% free, 184MB/200MB, paused 1.287ms total 49.994ms
08-04 00:06:09.225 26377 26654 I art     : Starting a blocking GC Explicit
08-04 00:06:09.254 29009 29009 D AndroidRuntime: >>>>>> START com.android.internal.os.RuntimeInit uid 2000 <<<<<<
08-04 00:06:09.259 29009 29009 D AndroidRuntime: CheckJNI is OFF
08-04 00:06:09.275 26377 26654 I art     : Explicit concurrent mark sweep GC freed 5(368B) AllocSpace objects, 0(0B) LOS objects, 7% free, 184MB/200MB, paused 1.256ms total 50.042ms
08-04 00:06:09.299 26377 26654 I art     : Starting a blocking GC Explicit
08-04 00:06:09.300 29009 29009 D ICU     : No timezone override file found: /data/misc/zoneinfo/current/icu/icu_tzdata.dat
08-04 00:06:09.338 29009 29009 I Radio-JNI: register_android_hardware_Radio DONE
08-04 00:06:09.348 26377 26654 I art     : Explicit concurrent mark sweep GC freed 3(96B) AllocSpace objects, 0(0B) LOS objects, 7% free, 184MB/200MB, paused 1.437ms total 48.846ms
08-04 00:06:09.367 29009 29009 D AndroidRuntime: Calling main entry com.android.commands.input.Input
08-04 00:06:09.368 29009 29009 I Input   : injectMotionEvent: MotionEvent { action=ACTION_DOWN, actionButton=0, id[0]=0, x[0]=500.0, y[0]=2000.0, toolType[0]=TOOL_TYPE_UNKNOWN, buttonState=0, metaState=0, flags=0x0, edgeFlags=0x0, pointerCount=1, historySize=0, eventTime=662785781, downTime=662785781, deviceId=0, source=0x1002 }
08-04 00:06:09.396 29009 29009 I Input   : injectMotionEvent: MotionEvent { action=ACTION_MOVE, actionButton=0, id[0]=0, x[0]=500.0, y[0]=2000.0, toolType[0]=TOOL_TYPE_UNKNOWN, buttonState=0, metaState=0, flags=0x0, edgeFlags=0x0, pointerCount=1, historySize=0, eventTime=662785781, downTime=662785781, deviceId=0, source=0x1002 }
08-04 00:06:09.400 29009 29009 I Input   : injectMotionEvent: MotionEvent { action=ACTION_MOVE, actionButton=0, id[0]=0, x[0]=500.0, y[0]=1937.3, toolType[0]=TOOL_TYPE_UNKNOWN, buttonState=0, metaState=0, flags=0x0, edgeFlags=0x0, pointerCount=1, historySize=0, eventTime=662785814, downTime=662785814, deviceId=0, source=0x1002 }
08-04 00:06:09.416 29009 29009 I Input   : injectMotionEvent: MotionEvent { action=ACTION_MOVE, actionButton=0, id[0]=0, x[0]=500.0, y[0]=1906.9, toolType[0]=TOOL_TYPE_UNKNOWN, buttonState=0, metaState=0, flags=0x0, edgeFlags=0x0, pointerCount=1, historySize=0, eventTime=662785830, downTime=662785830, deviceId=0, source=0x1002 }
08-04 00:06:09.434 29009 29009 I Input   : injectMotionEvent: MotionEvent { action=ACTION_MOVE, actionButton=0, id[0]=0, x[0]=500.0, y[0]=1872.7, toolType[0]=TOOL_TYPE_UNKNOWN, buttonState=0, metaState=0, flags=0x0, edgeFlags=0x0, pointerCount=1, historySize=0, eventTime=662785848, downTime=662785848, deviceId=0, source=0x1002 }
08-04 00:06:09.528 29009 29009 I Input   : injectMotionEvent: MotionEvent { action=ACTION_MOVE, actionButton=0, id[0]=0, x[0]=500.0, y[0]=1696.0, toolType[0]=TOOL_TYPE_UNKNOWN, buttonState=0, metaState=0, flags=0x0, edgeFlags=0x0, pointerCount=1, historySize=0, eventTime=662785941, downTime=662785941, deviceId=0, source=0x1002 }
08-04 00:06:09.634 29009 29009 I Input   : injectMotionEvent: MotionEvent { action=ACTION_MOVE, actionButton=0, id[0]=0, x[0]=500.0, y[0]=1494.6, toolType[0]=TOOL_TYPE_UNKNOWN, buttonState=0, metaState=0, flags=0x0, edgeFlags=0x0, pointerCount=1, historySize=0, eventTime=662786047, downTime=662786047, deviceId=0, source=0x1002 }
08-04 00:06:09.680 29009 29009 I Input   : injectMotionEvent: MotionEvent { action=ACTION_MOVE, actionButton=0, id[0]=0, x[0]=500.0, y[0]=1407.2, toolType[0]=TOOL_TYPE_UNKNOWN, buttonState=0, metaState=0, flags=0x0, edgeFlags=0x0, pointerCount=1, historySize=0, eventTime=662786093, downTime=662786093, deviceId=0, source=0x1002 }
08-04 00:06:09.719 29009 29009 I Input   : injectMotionEvent: MotionEvent { action=ACTION_MOVE, actionButton=0, id[0]=0, x[0]=500.0, y[0]=1333.1, toolType[0]=TOOL_TYPE_UNKNOWN, buttonState=0, metaState=0, flags=0x0, edgeFlags=0x0, pointerCount=1, historySize=0, eventTime=662786132, downTime=662786132, deviceId=0, source=0x1002 }
08-04 00:06:09.732 26377 26389 I art     : Starting a blocking GC Explicit
08-04 00:06:09.757 29009 29009 I Input   : injectMotionEvent: MotionEvent { action=ACTION_MOVE, actionButton=0, id[0]=0, x[0]=500.0, y[0]=1259.0, toolType[0]=TOOL_TYPE_UNKNOWN, buttonState=0, metaState=0, flags=0x0, edgeFlags=0x0, pointerCount=1, historySize=0, eventTime=662786171, downTime=662786171, deviceId=0, source=0x1002 }
08-04 00:06:09.785 26377 26389 I art     : Explicit concurrent mark sweep GC freed 1605(92KB) AllocSpace objects, 2(48KB) LOS objects, 7% free, 184MB/200MB, paused 1.471ms total 52.853ms
08-04 00:06:09.795 29009 29009 I Input   : injectMotionEvent: MotionEvent { action=ACTION_MOVE, actionButton=0, id[0]=0, x[0]=500.0, y[0]=1188.7, toolType[0]=TOOL_TYPE_UNKNOWN, buttonState=0, metaState=0, flags=0x0, edgeFlags=0x0, pointerCount=1, historySize=0, eventTime=662786208, downTime=662786208, deviceId=0, source=0x1002 }
08-04 00:06:09.804 26377 26389 I art     : Starting a blocking GC Explicit
08-04 00:06:09.834 29009 29009 I Input   : injectMotionEvent: MotionEvent { action=ACTION_MOVE, actionButton=0, id[0]=0, x[0]=500.0, y[0]=1114.6001, toolType[0]=TOOL_TYPE_UNKNOWN, buttonState=0, metaState=0, flags=0x0, edgeFlags=0x0, pointerCount=1, historySize=0, eventTime=662786247, downTime=662786247, deviceId=0, source=0x1002 }
08-04 00:06:09.857 26377 26389 I art     : Explicit concurrent mark sweep GC freed 28(1024B) AllocSpace objects, 0(0B) LOS objects, 7% free, 184MB/200MB, paused 1.509ms total 53.159ms
08-04 00:06:09.873 29009 29009 I Input   : injectMotionEvent: MotionEvent { action=ACTION_MOVE, actionButton=0, id[0]=0, x[0]=500.0, y[0]=1038.6001, toolType[0]=TOOL_TYPE_UNKNOWN, buttonState=0, metaState=0, flags=0x0, edgeFlags=0x0, pointerCount=1, historySize=0, eventTime=662786287, downTime=662786287, deviceId=0, source=0x1002 }
08-04 00:06:09.878 26377 26389 I art     : Starting a blocking GC Explicit
08-04 00:06:09.912 29009 29009 I Input   : injectMotionEvent: MotionEvent { action=ACTION_MOVE, actionButton=0, id[0]=0, x[0]=500.0, y[0]=964.5, toolType[0]=TOOL_TYPE_UNKNOWN, buttonState=0, metaState=0, flags=0x0, edgeFlags=0x0, pointerCount=1, historySize=0, eventTime=662786326, downTime=662786326, deviceId=0, source=0x1002 }
08-04 00:06:09.930 26377 26389 I art     : Explicit concurrent mark sweep GC freed 3(96B) AllocSpace objects, 0(0B) LOS objects, 7% free, 184MB/200MB, paused 1.347ms total 51.853ms
08-04 00:06:09.952 26377 26389 I art     : Starting a blocking GC Explicit
08-04 00:06:09.953 29009 29009 I Input   : injectMotionEvent: MotionEvent { action=ACTION_MOVE, actionButton=0, id[0]=0, x[0]=500.0, y[0]=886.6, toolType[0]=TOOL_TYPE_UNKNOWN, buttonState=0, metaState=0, flags=0x0, edgeFlags=0x0, pointerCount=1, historySize=0, eventTime=662786367, downTime=662786367, deviceId=0, source=0x1002 }
08-04 00:06:09.994 29009 29009 I Input   : injectMotionEvent: MotionEvent { action=ACTION_MOVE, actionButton=0, id[0]=0, x[0]=500.0, y[0]=810.6, toolType[0]=TOOL_TYPE_UNKNOWN, buttonState=0, metaState=0, flags=0x0, edgeFlags=0x0, pointerCount=1, historySize=0, eventTime=662786407, downTime=662786407, deviceId=0, source=0x1002 }
08-04 00:06:10.004 26377 26389 I art     : Explicit concurrent mark sweep GC freed 3(96B) AllocSpace objects, 0(0B) LOS objects, 7% free, 184MB/200MB, paused 1.242ms total 51.548ms
08-04 00:06:10.024 26377 26389 I art     : Starting a blocking GC Explicit
08-04 00:06:10.033 29009 29009 I Input   : injectMotionEvent: MotionEvent { action=ACTION_MOVE, actionButton=0, id[0]=0, x[0]=500.0, y[0]=736.5, toolType[0]=TOOL_TYPE_UNKNOWN, buttonState=0, metaState=0, flags=0x0, edgeFlags=0x0, pointerCount=1, historySize=0, eventTime=662786446, downTime=662786446, deviceId=0, source=0x1002 }
08-04 00:06:10.072 29009 29009 I Input   : injectMotionEvent: MotionEvent { action=ACTION_MOVE, actionButton=0, id[0]=0, x[0]=500.0, y[0]=660.5, toolType[0]=TOOL_TYPE_UNKNOWN, buttonState=0, metaState=0, flags=0x0, edgeFlags=0x0, pointerCount=1, historySize=0, eventTime=662786486, downTime=662786486, deviceId=0, source=0x1002 }
08-04 00:06:10.076 26377 26389 I art     : Explicit concurrent mark sweep GC freed 3(96B) AllocSpace objects, 0(0B) LOS objects, 7% free, 184MB/200MB, paused 1.306ms total 51.795ms
08-04 00:06:10.112 29009 29009 I Input   : injectMotionEvent: MotionEvent { action=ACTION_MOVE, actionButton=0, id[0]=0, x[0]=500.0, y[0]=584.5, toolType[0]=TOOL_TYPE_UNKNOWN, buttonState=0, metaState=0, flags=0x0, edgeFlags=0x0, pointerCount=1, historySize=0, eventTime=662786526, downTime=662786526, deviceId=0, source=0x1002 }
08-04 00:06:10.153 29009 29009 I Input   : injectMotionEvent: MotionEvent { action=ACTION_MOVE, actionButton=0, id[0]=0, x[0]=500.0, y[0]=508.5, toolType[0]=TOOL_TYPE_UNKNOWN, buttonState=0, metaState=0, flags=0x0, edgeFlags=0x0, pointerCount=1, historySize=0, eventTime=662786566, downTime=662786566, deviceId=0, source=0x1002 }
08-04 00:06:10.192 29009 29009 I Input   : injectMotionEvent: MotionEvent { action=ACTION_MOVE, actionButton=0, id[0]=0, x[0]=500.0, y[0]=432.5, toolType[0]=TOOL_TYPE_UNKNOWN, buttonState=0, metaState=0, flags=0x0, edgeFlags=0x0, pointerCount=1, historySize=0, eventTime=662786606, downTime=662786606, deviceId=0, source=0x1002 }
08-04 00:06:10.231 29009 29009 I Input   : injectMotionEvent: MotionEvent { action=ACTION_MOVE, actionButton=0, id[0]=0, x[0]=500.0, y[0]=358.3999, toolType[0]=TOOL_TYPE_UNKNOWN, buttonState=0, metaState=0, flags=0x0, edgeFlags=0x0, pointerCount=1, historySize=0, eventTime=662786645, downTime=662786645, deviceId=0, source=0x1002 }
08-04 00:06:10.272 29009 29009 I Input   : injectMotionEvent: MotionEvent { action=ACTION_MOVE, actionButton=0, id[0]=0, x[0]=500.0, y[0]=282.40002, toolType[0]=TOOL_TYPE_UNKNOWN, buttonState=0, metaState=0, flags=0x0, edgeFlags=0x0, pointerCount=1, historySize=0, eventTime=662786685, downTime=662786685, deviceId=0, source=0x1002 }
08-04 00:06:10.315 29009 29009 I Input   : injectMotionEvent: MotionEvent { action=ACTION_MOVE, actionButton=0, id[0]=0, x[0]=500.0, y[0]=200.69995, toolType[0]=TOOL_TYPE_UNKNOWN, buttonState=0, metaState=0, flags=0x0, edgeFlags=0x0, pointerCount=1, historySize=0, eventTime=662786728, downTime=662786728, deviceId=0, source=0x1002 }
08-04 00:06:10.355 29009 29009 I Input   : injectMotionEvent: MotionEvent { action=ACTION_MOVE, actionButton=0, id[0]=0, x[0]=500.0, y[0]=124.70007, toolType[0]=TOOL_TYPE_UNKNOWN, buttonState=0, metaState=0, flags=0x0, edgeFlags=0x0, pointerCount=1, historySize=0, eventTime=662786768, downTime=662786768, deviceId=0, source=0x1002 }
08-04 00:06:10.395 29009 29009 I Input   : injectMotionEvent: MotionEvent { action=ACTION_UP, actionButton=0, id[0]=0, x[0]=500.0, y[0]=100.0, toolType[0]=TOOL_TYPE_UNKNOWN, buttonState=0, metaState=0, flags=0x0, edgeFlags=0x0, pointerCount=1, historySize=0, eventTime=662786808, downTime=662786808, deviceId=0, source=0x1002 }
08-04 00:06:10.433 29009 29009 D AndroidRuntime: Shutting down VM
08-04 00:06:10.471   518   646 I ThermalEngine: ACTION: GPU - Setting GPU[0] to 390000000
08-04 00:06:10.478 26377 26397 I art     : Starting a blocking GC Explicit
08-04 00:06:10.541 26377 26397 I art     : Explicit concurrent mark sweep GC freed 1650(94KB) AllocSpace objects, 2(48KB) LOS objects, 7% free, 184MB/200MB, paused 1.901ms total 62.879ms
08-04 00:06:10.567 26377 26397 I art     : Starting a blocking GC Explicit
08-04 00:06:10.639 26377 26397 I art     : Explicit concurrent mark sweep GC freed 38(1568B) AllocSpace objects, 0(0B) LOS objects, 7% free, 184MB/200MB, paused 2.076ms total 71.453ms
08-04 00:06:10.665 26377 26397 I art     : Starting a blocking GC Explicit
08-04 00:06:10.733 26377 26397 I art     : Explicit concurrent mark sweep GC freed 3(96B) AllocSpace objects, 0(0B) LOS objects, 7% free, 184MB/200MB, paused 1.976ms total 67.405ms
08-04 00:06:10.758 26377 26397 I art     : Starting a blocking GC Explicit
08-04 00:06:10.827 26377 26397 I art     : Explicit concurrent mark sweep GC freed 3(96B) AllocSpace objects, 0(0B) LOS objects, 7% free, 184MB/200MB, paused 1.948ms total 68.374ms
08-04 00:06:10.853 26377 26397 I art     : Starting a blocking GC Explicit
08-04 00:06:10.922 26377 26397 I art     : Explicit concurrent mark sweep GC freed 3(96B) AllocSpace objects, 0(0B) LOS objects, 7% free, 184MB/200MB, paused 1.984ms total 69.365ms
08-04 00:06:11.309 29056 29056 D AndroidRuntime: >>>>>> START com.android.internal.os.RuntimeInit uid 2000 <<<<<<
08-04 00:06:11.316 29056 29056 D AndroidRuntime: CheckJNI is OFF
08-04 00:06:11.369 29056 29056 D ICU     : No timezone override file found: /data/misc/zoneinfo/current/icu/icu_tzdata.dat
08-04 00:06:11.379 26377 26389 I art     : Starting a blocking GC Explicit
08-04 00:06:11.416 29056 29056 I Radio-JNI: register_android_hardware_Radio DONE
08-04 00:06:11.449 29056 29056 D AndroidRuntime: Calling main entry com.android.commands.input.Input
08-04 00:06:11.451 26377 26389 I art     : Explicit concurrent mark sweep GC freed 1623(93KB) AllocSpace objects, 2(48KB) LOS objects, 7% free, 184MB/200MB, paused 1.889ms total 70.608ms
08-04 00:06:11.452 29056 29056 I Input   : injectMotionEvent: MotionEvent { action=ACTION_DOWN, actionButton=0, id[0]=0, x[0]=657.0, y[0]=2080.0, toolType[0]=TOOL_TYPE_UNKNOWN, buttonState=0, metaState=0, flags=0x0, edgeFlags=0x0, pointerCount=1, historySize=0, eventTime=662787864, downTime=662787864, deviceId=0, source=0x1002 }
08-04 00:06:11.457 29056 29056 I Input   : injectMotionEvent: MotionEvent { action=ACTION_UP, actionButton=0, id[0]=0, x[0]=657.0, y[0]=2080.0, toolType[0]=TOOL_TYPE_UNKNOWN, buttonState=0, metaState=0, flags=0x0, edgeFlags=0x0, pointerCount=1, historySize=0, eventTime=662787864, downTime=662787864, deviceId=0, source=0x1002 }
08-04 00:06:11.459   918  3961 I ActivityManager: START u0 {cmp=baseline.io.github.project_travel_mate/.utilities.UpcomingWeekendsActivity} from uid 10650 on display 0
08-04 00:06:11.461   512  2967 D audio_hw_primary: out_set_parameters: enter: usecase(1: low-latency-playback) kvpairs: routing=2
08-04 00:06:11.465 29056 29056 D AndroidRuntime: Shutting down VM
08-04 00:06:11.474   512  2967 D audio_hw_primary: select_devices: out_snd_device(2: speaker) in_snd_device(0: none)
08-04 00:06:11.474   512  2967 D msm8974_platform: platform_send_audio_calibration: sending audio calibration for snd_device(2) acdb_id(15)
08-04 00:06:11.474   512  2967 I soundtrigger: audio_extn_sound_trigger_update_device_status: device 0x2 of type 0 for Event 1
08-04 00:06:11.478 26377 26389 I art     : Starting a blocking GC Explicit
08-04 00:06:11.487   512  2967 D audio_hw_primary: enable_snd_device: snd_device(2: speaker)
08-04 00:06:11.490   512  2967 D audio_hw_primary: enable_audio_route: apply and update mixer path: low-latency-playback speaker
08-04 00:06:11.508 26377 26443 D Gabe    : call	returning from cache
08-04 00:06:11.511 26377 26377 V EXECUTING: https://project-travel-mate.herokuapp.com/api/get-upcoming-holidays/2020
08-04 00:06:11.515 26377 26377 V EXECUTING: https://project-travel-mate.herokuapp.com/api/get-upcoming-holidays/2020
08-04 00:06:11.557 26377 26389 I art     : Explicit concurrent mark sweep GC freed 1317(79KB) AllocSpace objects, 0(0B) LOS objects, 7% free, 184MB/200MB, paused 3.551ms total 78.261ms
08-04 00:06:11.584 26377 26389 I art     : Starting a blocking GC Explicit
08-04 00:06:11.657 26377 26389 I art     : Explicit concurrent mark sweep GC freed 457(20KB) AllocSpace objects, 0(0B) LOS objects, 7% free, 189MB/205MB, paused 2.119ms total 73.117ms
08-04 00:06:11.680 26377 26389 I art     : Starting a blocking GC Explicit
08-04 00:06:11.736   918   936 I ActivityManager: Displayed baseline.io.github.project_travel_mate/.utilities.UpcomingWeekendsActivity: +267ms
08-04 00:06:11.739 13866 13866 I GoogleInputMethodServic: GoogleInputMethodService.onFinishInput():3138 
08-04 00:06:11.739 13866 13866 I GoogleInputMethodServic: GoogleInputMethodService.onStartInput():1808 
08-04 00:06:11.743 26377 26389 I art     : Explicit concurrent mark sweep GC freed 125(6KB) AllocSpace objects, 0(0B) LOS objects, 7% free, 189MB/205MB, paused 2.131ms total 62.689ms
08-04 00:06:11.770 26377 26389 I art     : Starting a blocking GC Explicit
08-04 00:06:11.837 26377 26389 I art     : Explicit concurrent mark sweep GC freed 117(2976B) AllocSpace objects, 0(0B) LOS objects, 7% free, 189MB/205MB, paused 2.057ms total 66.767ms
08-04 00:06:11.970   380   380 W SurfaceFlinger: couldn't log to binary event log: overflow.
08-04 00:06:12.038   512  2967 D audio_hw_primary: disable_audio_route: reset and update mixer path: low-latency-playback speaker
08-04 00:06:12.040   512  2967 D audio_hw_primary: disable_snd_device: snd_device(2: speaker)
08-04 00:06:12.049   512  2967 I soundtrigger: audio_extn_sound_trigger_update_device_status: device 0x2 of type 0 for Event 0
08-04 00:06:12.188 26377 29080 I NAPPA_EXPERIMENTATION: MetricNetworkRequestExecutionTime: REQUEST_DURATION_SYSTEM='672',REQUEST_DURATION_OKHTTP='34',REQUEST_SYNCHRONOUS='FALSE',RESPONSE_CODE='200',RESPONSE_METHOD='GET',RESPONSE_LENGTH_OKHTTP='6426',RESPONSE_LENGTH_HEADER='6426',REQUEST_PROTOCOL='http/1.1',REQUEST_URL='https://project-travel-mate.herokuapp.com/api/get-upcoming-holidays/2020',
08-04 00:06:12.205 26377 29079 I NAPPA_EXPERIMENTATION: MetricNetworkRequestExecutionTime: REQUEST_DURATION_SYSTEM='691',REQUEST_DURATION_OKHTTP='45',REQUEST_SYNCHRONOUS='FALSE',RESPONSE_CODE='200',RESPONSE_METHOD='GET',RESPONSE_LENGTH_OKHTTP='6426',RESPONSE_LENGTH_HEADER='6426',REQUEST_PROTOCOL='http/1.1',REQUEST_URL='https://project-travel-mate.herokuapp.com/api/get-upcoming-holidays/2020',
08-04 00:06:12.270 26377 26377 V Response: [{"month":"January","date":1,"day":"Wednesday","name":"New Year's Day","type":"Restricted"},{"month":"January","date":2,"day":"Thursday","name":"Guru Govind Singh Jayanti","type":"Restricted"},{"month":"January","date":14,"day":"Tuesday","name":"Lohri","type":"Restricted"},{"month":"January","date":15,"day":"Wednesday","name":"Pongal","type":"Restricted"},{"month":"January","date":15,"day":"Wednesday","name":"Makar Sankranti","type":"Restricted"},{"month":"January","date":25,"day":"Saturday","name":"Chinese New Year","type":"Observance"},{"month":"January","date":26,"day":"Sunday","name":"Republic Day","type":"Gazetted"},{"month":"January","date":30,"day":"Thursday","name":"Vasant Panchami","type":"Restricted"},{"month":"February","date":9,"day":"Sunday","name":"Guru Ravidas Jayanti","type":"Restricted"},{"month":"February","date":14,"day":"Friday","name":"Valentine's Day","type":"Observance"},{"month":"February","date":18,"day":"Tuesday","name":"Maharishi Dayanand Saraswati Jayanti","type":"Restricted"},{"month":"February","date":19,"day":"Wednesday","name":"Shivaji Jayanti","type":"Restricted"},{"month":"February","date":21,"day":"Friday","name":"Maha Shivaratri/Shivaratri","type":"Gazetted"},{"month":"March","date":9,"day":"Monday","name":"Holika Dahana","type":"Restricted"},{"month":"March","date":9,"day":"Monday","name":"Hazarat Ali's Birthday","type":"Restricted"},{"month":"March","date":10,"day":"Tuesday","name":"Holi","type":"Gazetted"},{"month":"March","date":20,"day":"Friday","name":"March Equinox","type":"Season"},{"month":"March","date":25,"day":"Wednesday","name":"Chaitra Sukhladi","type":"Restricted"},{"month":"April","date":2,"day":"Thursday","name":"Rama Navami","type":"Gazetted"},{"month":"April","date":6,"day":"Monday","name":"Mahavir Jayanti","type":"Gazetted"},{"month":"April","date":9,"day":"Thursday","name":"First day of Passover","type":"Observance"},{"month":"April","date":9,"day":"Thursday","name":"Maundy Thursday","type":"Observance,"},{"month":"April","date":10,"day":"Friday","name":"Good Friday","type":"Gazetted"},{"month":"April","date":12,"day":"Sunday","name":"Easter Day","type":"Restricted"},{"month":"April","date":13,"day":"Monday","name":"Vaisakhi","type":"Restricted"},{"month":"April","date":14,"day":"Tuesday","name":"Mesadi/Vaisakhadi","type":"Restricted"},{"month":"April","date":14,"day":"Tuesday","name":"Ambedkar Jayanti","type":"Central"},{"month":"May","date":1,"day":"Friday","name":"May Day","type":"Observance"},{"month":"May","date":7,"day":"Thursday","name":"Buddha Purnima/Vesak","type":"Gazetted"},{"month":"May","date":7,"day":"Thursday","name":"Birthday of Ravindranath","type":"Restricted"},{"month":"May","date":10,"day":"Sunday","name":"Mother's Day","type":"Observance"},{"month":"May","date":22,"day":"Friday","name":"Jamat Ul-Vida","type":"Restricted"},{"month":"May","date":25,"day":"Monday","name":"Ramzan Id/Eid-ul-Fitar","type":"Gazetted"},{"month":"May","date":25,"day":"Monday","name":"Ramzan Id/Eid-ul-Fitar","type":"Muslim,"},{"month":"June","date":21,"day":"Sunday","name":"June Solstice","type":"Season"},{"month":"June","date":21,"day":"Sunday","name":"Father's Day","type":"Observance"},{"month":"June","date":23,"day":"Tuesday","name":"Rath Yatra","type":"Restricted"},{"month":"July","date":5,"day":"Sunday","name":"Guru Purnima","type":"Observance"},{"month":"July","date":31,"day":"Friday","name":"Bakr Id/Eid ul-Adha","type":"Gazetted"},{"month":"August","date":2,"day":"Sunday","name":"Friendship Day","type":"Observance"},{"month":"August","date":3,"day":"Monday","name":"Raksha Bandhan (Rakhi)","type":"Restricted"},{"month":"August","date":11,"day":"Tuesday","name":"Janmashtami (Smarta)","type":"Restricted"},{"month":"August","date":12,"day":"Wednesday","name":"Janmashtami","type":"Gazetted"},{"month":"August","date":15,"day":"Saturday","name":"Independence Day","type":"Gazetted"},{"month":"August","date":16,"day":"Sunday","name":"Parsi New Year","type":"Restricted"},{"month":"August","date":22,"day":"Saturday","name":"Ganesh Chaturthi/Vin
08-04 00:06:12.276 26377 26377 V Response: [{"month":"January","date":1,"day":"Wednesday","name":"New Year's Day","type":"Restricted"},{"month":"January","date":2,"day":"Thursday","name":"Guru Govind Singh Jayanti","type":"Restricted"},{"month":"January","date":14,"day":"Tuesday","name":"Lohri","type":"Restricted"},{"month":"January","date":15,"day":"Wednesday","name":"Pongal","type":"Restricted"},{"month":"January","date":15,"day":"Wednesday","name":"Makar Sankranti","type":"Restricted"},{"month":"January","date":25,"day":"Saturday","name":"Chinese New Year","type":"Observance"},{"month":"January","date":26,"day":"Sunday","name":"Republic Day","type":"Gazetted"},{"month":"January","date":30,"day":"Thursday","name":"Vasant Panchami","type":"Restricted"},{"month":"February","date":9,"day":"Sunday","name":"Guru Ravidas Jayanti","type":"Restricted"},{"month":"February","date":14,"day":"Friday","name":"Valentine's Day","type":"Observance"},{"month":"February","date":18,"day":"Tuesday","name":"Maharishi Dayanand Saraswati Jayanti","type":"Restricted"},{"month":"February","date":19,"day":"Wednesday","name":"Shivaji Jayanti","type":"Restricted"},{"month":"February","date":21,"day":"Friday","name":"Maha Shivaratri/Shivaratri","type":"Gazetted"},{"month":"March","date":9,"day":"Monday","name":"Holika Dahana","type":"Restricted"},{"month":"March","date":9,"day":"Monday","name":"Hazarat Ali's Birthday","type":"Restricted"},{"month":"March","date":10,"day":"Tuesday","name":"Holi","type":"Gazetted"},{"month":"March","date":20,"day":"Friday","name":"March Equinox","type":"Season"},{"month":"March","date":25,"day":"Wednesday","name":"Chaitra Sukhladi","type":"Restricted"},{"month":"April","date":2,"day":"Thursday","name":"Rama Navami","type":"Gazetted"},{"month":"April","date":6,"day":"Monday","name":"Mahavir Jayanti","type":"Gazetted"},{"month":"April","date":9,"day":"Thursday","name":"First day of Passover","type":"Observance"},{"month":"April","date":9,"day":"Thursday","name":"Maundy Thursday","type":"Observance,"},{"month":"April","date":10,"day":"Friday","name":"Good Friday","type":"Gazetted"},{"month":"April","date":12,"day":"Sunday","name":"Easter Day","type":"Restricted"},{"month":"April","date":13,"day":"Monday","name":"Vaisakhi","type":"Restricted"},{"month":"April","date":14,"day":"Tuesday","name":"Mesadi/Vaisakhadi","type":"Restricted"},{"month":"April","date":14,"day":"Tuesday","name":"Ambedkar Jayanti","type":"Central"},{"month":"May","date":1,"day":"Friday","name":"May Day","type":"Observance"},{"month":"May","date":7,"day":"Thursday","name":"Buddha Purnima/Vesak","type":"Gazetted"},{"month":"May","date":7,"day":"Thursday","name":"Birthday of Ravindranath","type":"Restricted"},{"month":"May","date":10,"day":"Sunday","name":"Mother's Day","type":"Observance"},{"month":"May","date":22,"day":"Friday","name":"Jamat Ul-Vida","type":"Restricted"},{"month":"May","date":25,"day":"Monday","name":"Ramzan Id/Eid-ul-Fitar","type":"Gazetted"},{"month":"May","date":25,"day":"Monday","name":"Ramzan Id/Eid-ul-Fitar","type":"Muslim,"},{"month":"June","date":21,"day":"Sunday","name":"June Solstice","type":"Season"},{"month":"June","date":21,"day":"Sunday","name":"Father's Day","type":"Observance"},{"month":"June","date":23,"day":"Tuesday","name":"Rath Yatra","type":"Restricted"},{"month":"July","date":5,"day":"Sunday","name":"Guru Purnima","type":"Observance"},{"month":"July","date":31,"day":"Friday","name":"Bakr Id/Eid ul-Adha","type":"Gazetted"},{"month":"August","date":2,"day":"Sunday","name":"Friendship Day","type":"Observance"},{"month":"August","date":3,"day":"Monday","name":"Raksha Bandhan (Rakhi)","type":"Restricted"},{"month":"August","date":11,"day":"Tuesday","name":"Janmashtami (Smarta)","type":"Restricted"},{"month":"August","date":12,"day":"Wednesday","name":"Janmashtami","type":"Gazetted"},{"month":"August","date":15,"day":"Saturday","name":"Independence Day","type":"Gazetted"},{"month":"August","date":16,"day":"Sunday","name":"Parsi New Year","type":"Restricted"},{"month":"August","date":22,"day":"Saturday","name":"Ganesh Chaturthi/Vin
08-04 00:06:12.306 26377 26654 I art     : Starting a blocking GC Explicit
08-04 00:06:12.375 26377 26654 I art     : Explicit concurrent mark sweep GC freed 16885(728KB) AllocSpace objects, 11(496KB) LOS objects, 7% free, 190MB/206MB, paused 1.964ms total 68.785ms
08-04 00:06:12.400 26377 26654 I art     : Starting a blocking GC Explicit
08-04 00:06:12.468 26377 26654 I art     : Explicit concurrent mark sweep GC freed 2323(246KB) AllocSpace objects, 1(4MB) LOS objects, 7% free, 185MB/201MB, paused 1.844ms total 67.832ms
08-04 00:06:12.493 26377 26654 I art     : Starting a blocking GC Explicit
08-04 00:06:12.562 26377 26654 I art     : Explicit concurrent mark sweep GC freed 149(2592B) AllocSpace objects, 0(0B) LOS objects, 7% free, 185MB/201MB, paused 1.954ms total 69.150ms
08-04 00:06:12.588 26377 26654 I art     : Starting a blocking GC Explicit
08-04 00:06:12.661 26377 26654 I art     : Explicit concurrent mark sweep GC freed 147(2496B) AllocSpace objects, 0(0B) LOS objects, 7% free, 185MB/201MB, paused 2.454ms total 72.096ms
08-04 00:06:12.687 26377 26654 I art     : Starting a blocking GC Explicit
08-04 00:06:12.761 26377 26654 I art     : Explicit concurrent mark sweep GC freed 146(2464B) AllocSpace objects, 0(0B) LOS objects, 7% free, 185MB/201MB, paused 2.184ms total 73.732ms
08-04 00:06:12.887   918  3261 D WifiStateMachine: starting scan for "H369AA63323"WPA_PSK with 2412,5180
08-04 00:06:13.210 26377 26397 I art     : Starting a blocking GC Explicit
08-04 00:06:13.289 26377 26397 I art     : Explicit concurrent mark sweep GC freed 2379(105KB) AllocSpace objects, 2(48KB) LOS objects, 7% free, 185MB/201MB, paused 2.014ms total 78.426ms
08-04 00:06:13.317 26377 26397 I art     : Starting a blocking GC Explicit
08-04 00:06:13.394 26377 26397 I art     : Explicit concurrent mark sweep GC freed 207(4KB) AllocSpace objects, 0(0B) LOS objects, 7% free, 185MB/201MB, paused 2.183ms total 77.316ms
08-04 00:06:13.422 26377 26397 I art     : Starting a blocking GC Explicit
08-04 00:06:13.500 26377 26397 I art     : Explicit concurrent mark sweep GC freed 157(3KB) AllocSpace objects, 0(0B) LOS objects, 7% free, 185MB/201MB, paused 2.130ms total 78.028ms
08-04 00:06:13.528 26377 26397 I art     : Starting a blocking GC Explicit
08-04 00:06:13.607 26377 26397 I art     : Explicit concurrent mark sweep GC freed 147(2496B) AllocSpace objects, 0(0B) LOS objects, 7% free, 185MB/201MB, paused 2.243ms total 78.635ms
08-04 00:06:13.635 26377 26397 I art     : Starting a blocking GC Explicit
08-04 00:06:13.714 26377 26397 I art     : Explicit concurrent mark sweep GC freed 170(2864B) AllocSpace objects, 0(0B) LOS objects, 7% free, 185MB/201MB, paused 2.339ms total 78.073ms
08-04 00:06:14.165 26377 26389 I art     : Starting a blocking GC Explicit
08-04 00:06:14.244 26377 26389 I art     : Explicit concurrent mark sweep GC freed 2392(105KB) AllocSpace objects, 2(48KB) LOS objects, 7% free, 185MB/201MB, paused 2.228ms total 78.443ms
08-04 00:06:14.273 26377 26389 I art     : Starting a blocking GC Explicit
08-04 00:06:14.350 26377 26389 I art     : Explicit concurrent mark sweep GC freed 171(3KB) AllocSpace objects, 0(0B) LOS objects, 7% free, 185MB/201MB, paused 2.233ms total 76.971ms
08-04 00:06:14.378 26377 26389 I art     : Starting a blocking GC Explicit
08-04 00:06:14.455 26377 26389 I art     : Explicit concurrent mark sweep GC freed 150(2592B) AllocSpace objects, 0(0B) LOS objects, 7% free, 185MB/201MB, paused 2.112ms total 77.284ms
08-04 00:06:14.473   518   646 I ThermalEngine: ACTION: GPU - Setting GPU[0] to 450000000
08-04 00:06:14.483 26377 26389 I art     : Starting a blocking GC Explicit
08-04 00:06:14.544 26377 26389 I art     : Explicit concurrent mark sweep GC freed 158(3040B) AllocSpace objects, 0(0B) LOS objects, 7% free, 185MB/201MB, paused 1.418ms total 60.064ms
08-04 00:06:14.564 26377 26389 I art     : Starting a blocking GC Explicit
08-04 00:06:14.629 26377 26389 I art     : Explicit concurrent mark sweep GC freed 148(3KB) AllocSpace objects, 0(0B) LOS objects, 7% free, 185MB/201MB, paused 1.701ms total 65.012ms
08-04 00:06:15.039 26377 26388 I art     : Starting a blocking GC Explicit
08-04 00:06:15.142 26377 26388 I art     : Explicit concurrent mark sweep GC freed 2316(104KB) AllocSpace objects, 2(48KB) LOS objects, 7% free, 185MB/201MB, paused 1.897ms total 101.852ms
08-04 00:06:15.163 26377 26388 I art     : Starting a blocking GC Explicit
08-04 00:06:15.225 26377 26388 I art     : Explicit concurrent mark sweep GC freed 187(3KB) AllocSpace objects, 0(0B) LOS objects, 7% free, 185MB/201MB, paused 1.355ms total 62.156ms
08-04 00:06:15.246 26377 26388 I art     : Starting a blocking GC Explicit
08-04 00:06:15.315 26377 26388 I art     : Explicit concurrent mark sweep GC freed 146(2464B) AllocSpace objects, 0(0B) LOS objects, 7% free, 185MB/201MB, paused 1.467ms total 68.270ms
08-04 00:06:15.335 26377 26388 I art     : Starting a blocking GC Explicit
08-04 00:06:15.395 26377 26388 I art     : Explicit concurrent mark sweep GC freed 115(1968B) AllocSpace objects, 0(0B) LOS objects, 7% free, 185MB/201MB, paused 1.435ms total 59.692ms
08-04 00:06:15.416 26377 26388 I art     : Starting a blocking GC Explicit
08-04 00:06:15.482 26377 26388 I art     : Explicit concurrent mark sweep GC freed 132(2256B) AllocSpace objects, 0(0B) LOS objects, 7% free, 185MB/201MB, paused 1.336ms total 66.461ms
08-04 00:06:15.917 26377 26654 I art     : Starting a blocking GC Explicit
08-04 00:06:15.982 26377 26654 I art     : Explicit concurrent mark sweep GC freed 2305(103KB) AllocSpace objects, 2(48KB) LOS objects, 7% free, 185MB/201MB, paused 1.426ms total 64.761ms
08-04 00:06:16.002 26377 26654 I art     : Starting a blocking GC Explicit
08-04 00:06:16.066 26377 26654 I art     : Explicit concurrent mark sweep GC freed 148(3024B) AllocSpace objects, 0(0B) LOS objects, 7% free, 185MB/201MB, paused 1.453ms total 63.490ms
08-04 00:06:16.087 26377 26654 I art     : Starting a blocking GC Explicit
08-04 00:06:16.151 26377 26654 I art     : Explicit concurrent mark sweep GC freed 124(2128B) AllocSpace objects, 0(0B) LOS objects, 7% free, 185MB/201MB, paused 1.492ms total 63.500ms
08-04 00:06:16.171 26377 26654 I art     : Starting a blocking GC Explicit
08-04 00:06:16.234 26377 26654 I art     : Explicit concurrent mark sweep GC freed 159(3056B) AllocSpace objects, 0(0B) LOS objects, 7% free, 185MB/201MB, paused 1.379ms total 62.805ms
08-04 00:06:16.254 26377 26654 I art     : Starting a blocking GC Explicit
08-04 00:06:16.260 29130 29130 D AndroidRuntime: >>>>>> START com.android.internal.os.RuntimeInit uid 2000 <<<<<<
08-04 00:06:16.266 29130 29130 D AndroidRuntime: CheckJNI is OFF
08-04 00:06:16.310 29130 29130 D ICU     : No timezone override file found: /data/misc/zoneinfo/current/icu/icu_tzdata.dat
08-04 00:06:16.317 26377 26654 I art     : Explicit concurrent mark sweep GC freed 136(2784B) AllocSpace objects, 0(0B) LOS objects, 7% free, 185MB/201MB, paused 1.483ms total 61.938ms
08-04 00:06:16.355 29130 29130 I Radio-JNI: register_android_hardware_Radio DONE
08-04 00:06:16.384 29130 29130 D AndroidRuntime: Calling main entry com.android.commands.input.Input
08-04 00:06:16.386 29130 29130 I Input   : injectKeyEvent: KeyEvent { action=ACTION_DOWN, keyCode=KEYCODE_BACK, scanCode=0, metaState=0, flags=0x0, repeatCount=0, eventTime=662792799, downTime=662792799, deviceId=-1, source=0x101 }
08-04 00:06:16.395 29130 29130 I Input   : injectKeyEvent: KeyEvent { action=ACTION_UP, keyCode=KEYCODE_BACK, scanCode=0, metaState=0, flags=0x0, repeatCount=0, eventTime=662792799, downTime=662792799, deviceId=-1, source=0x101 }
08-04 00:06:16.400 29130 29130 D AndroidRuntime: Shutting down VM
08-04 00:06:16.409 26377 26377 V MainActivity: url = https://project-travel-mate.herokuapp.com/api/number-of-unread-notifications
08-04 00:06:16.446 13866 13866 I GoogleInputMethodServic: GoogleInputMethodService.onFinishInput():3138 
08-04 00:06:16.447 13866 13866 I GoogleInputMethodServic: GoogleInputMethodService.onStartInput():1808 
08-04 00:06:16.705 26377 26389 I art     : Starting a blocking GC Explicit
08-04 00:06:16.775   380   380 W SurfaceFlinger: couldn't log to binary event log: overflow.
08-04 00:06:16.777 26377 26389 I art     : Explicit concurrent mark sweep GC freed 2640(124KB) AllocSpace objects, 2(48KB) LOS objects, 7% free, 185MB/201MB, paused 1.407ms total 70.915ms
08-04 00:06:16.798 26377 26389 I art     : Starting a blocking GC Explicit
08-04 00:06:16.859 26377 26389 I art     : Explicit concurrent mark sweep GC freed 127(4KB) AllocSpace objects, 1(188KB) LOS objects, 7% free, 185MB/201MB, paused 1.468ms total 60.163ms
08-04 00:06:16.878 26377 26389 I art     : Starting a blocking GC Explicit
08-04 00:06:16.942 26377 26389 I art     : Explicit concurrent mark sweep GC freed 7505(425KB) AllocSpace objects, 15(384KB) LOS objects, 7% free, 185MB/201MB, paused 1.879ms total 62.788ms
08-04 00:06:16.962 26377 26389 I art     : Starting a blocking GC Explicit
08-04 00:06:16.989 26377 29147 I NAPPA_EXPERIMENTATION: MetricNetworkRequestExecutionTime: REQUEST_DURATION_SYSTEM='579',REQUEST_DURATION_OKHTTP='27',REQUEST_SYNCHRONOUS='FALSE',RESPONSE_CODE='200',RESPONSE_METHOD='GET',RESPONSE_LENGTH_OKHTTP='36',RESPONSE_LENGTH_HEADER='36',REQUEST_PROTOCOL='http/1.1',REQUEST_URL='https://project-travel-mate.herokuapp.com/api/number-of-unread-notifications',
08-04 00:06:17.021 26377 26389 I art     : Explicit concurrent mark sweep GC freed 2335(142KB) AllocSpace objects, 1(80KB) LOS objects, 7% free, 185MB/201MB, paused 1.487ms total 58.323ms
08-04 00:06:17.041 26377 26389 I art     : Starting a blocking GC Explicit
08-04 00:06:17.099 26377 26389 I art     : Explicit concurrent mark sweep GC freed 538(56KB) AllocSpace objects, 0(0B) LOS objects, 7% free, 184MB/200MB, paused 1.456ms total 58.539ms
08-04 00:06:17.519 26377 26388 I art     : Starting a blocking GC Explicit
08-04 00:06:17.600 26377 26388 I art     : Explicit concurrent mark sweep GC freed 1629(93KB) AllocSpace objects, 2(48KB) LOS objects, 7% free, 184MB/200MB, paused 1.763ms total 80.350ms
08-04 00:06:17.622 26377 26388 I art     : Starting a blocking GC Explicit
08-04 00:06:17.680 26377 26388 I art     : Explicit concurrent mark sweep GC freed 40(1600B) AllocSpace objects, 0(0B) LOS objects, 7% free, 184MB/200MB, paused 1.461ms total 56.994ms
08-04 00:06:17.700 26377 26388 I art     : Starting a blocking GC Explicit
08-04 00:06:17.757 26377 26388 I art     : Explicit concurrent mark sweep GC freed 7(320B) AllocSpace objects, 0(0B) LOS objects, 7% free, 184MB/200MB, paused 1.451ms total 56.739ms
08-04 00:06:17.776 26377 26388 I art     : Starting a blocking GC Explicit
08-04 00:06:17.834 26377 26388 I art     : Explicit concurrent mark sweep GC freed 3(96B) AllocSpace objects, 0(0B) LOS objects, 7% free, 184MB/200MB, paused 1.409ms total 57.163ms
08-04 00:06:17.853 26377 26388 I art     : Starting a blocking GC Explicit
08-04 00:06:17.912 26377 26388 I art     : Explicit concurrent mark sweep GC freed 3(96B) AllocSpace objects, 0(0B) LOS objects, 7% free, 184MB/200MB, paused 1.432ms total 58.070ms
08-04 00:06:18.184 29169 29169 D AndroidRuntime: >>>>>> START com.android.internal.os.RuntimeInit uid 2000 <<<<<<
08-04 00:06:18.189 29169 29169 D AndroidRuntime: CheckJNI is OFF
08-04 00:06:18.228 29169 29169 D ICU     : No timezone override file found: /data/misc/zoneinfo/current/icu/icu_tzdata.dat
08-04 00:06:18.266 29169 29169 I Radio-JNI: register_android_hardware_Radio DONE
08-04 00:06:18.293 29169 29169 D AndroidRuntime: Calling main entry com.android.commands.input.Input
08-04 00:06:18.295 29169 29169 I Input   : injectMotionEvent: MotionEvent { action=ACTION_DOWN, actionButton=0, id[0]=0, x[0]=657.0, y[0]=2080.0, toolType[0]=TOOL_TYPE_UNKNOWN, buttonState=0, metaState=0, flags=0x0, edgeFlags=0x0, pointerCount=1, historySize=0, eventTime=662794708, downTime=662794708, deviceId=0, source=0x1002 }
08-04 00:06:18.334 29169 29169 I Input   : injectMotionEvent: MotionEvent { action=ACTION_UP, actionButton=0, id[0]=0, x[0]=657.0, y[0]=2080.0, toolType[0]=TOOL_TYPE_UNKNOWN, buttonState=0, metaState=0, flags=0x0, edgeFlags=0x0, pointerCount=1, historySize=0, eventTime=662794708, downTime=662794708, deviceId=0, source=0x1002 }
08-04 00:06:18.347 26377 26388 I art     : Starting a blocking GC Explicit
08-04 00:06:18.373 29169 29169 D AndroidRuntime: Shutting down VM
08-04 00:06:18.374   918  6029 I ActivityManager: START u0 {cmp=baseline.io.github.project_travel_mate/.utilities.UpcomingWeekendsActivity} from uid 10650 on display 0
08-04 00:06:18.375   512  2967 D audio_hw_primary: out_set_parameters: enter: usecase(1: low-latency-playback) kvpairs: routing=2
08-04 00:06:18.388   512  2967 D audio_hw_primary: select_devices: out_snd_device(2: speaker) in_snd_device(0: none)
08-04 00:06:18.388   512  2967 D msm8974_platform: platform_send_audio_calibration: sending audio calibration for snd_device(2) acdb_id(15)
08-04 00:06:18.389   512  2967 I soundtrigger: audio_extn_sound_trigger_update_device_status: device 0x2 of type 0 for Event 1
08-04 00:06:18.398   512  2967 D audio_hw_primary: enable_snd_device: snd_device(2: speaker)
08-04 00:06:18.400   512  2967 D audio_hw_primary: enable_audio_route: apply and update mixer path: low-latency-playback speaker
08-04 00:06:18.403 26377 26388 I art     : Explicit concurrent mark sweep GC freed 1881(105KB) AllocSpace objects, 2(48KB) LOS objects, 7% free, 185MB/201MB, paused 1.763ms total 54.851ms
08-04 00:06:18.405 26377 26443 D Gabe    : call	returning from cache
08-04 00:06:18.408 26377 26377 V EXECUTING: https://project-travel-mate.herokuapp.com/api/get-upcoming-holidays/2020
08-04 00:06:18.410 26377 26377 V EXECUTING: https://project-travel-mate.herokuapp.com/api/get-upcoming-holidays/2020
08-04 00:06:18.421 26377 26388 I art     : Starting a blocking GC Explicit
08-04 00:06:18.476 26377 26388 I art     : Explicit concurrent mark sweep GC freed 903(65KB) AllocSpace objects, 0(0B) LOS objects, 7% free, 185MB/201MB, paused 1.454ms total 54.453ms
08-04 00:06:18.493 13866 13866 I GoogleInputMethodServic: GoogleInputMethodService.onFinishInput():3138 
08-04 00:06:18.493 13866 13866 I GoogleInputMethodServic: GoogleInputMethodService.onStartInput():1808 
08-04 00:06:18.494 26377 26388 I art     : Starting a blocking GC Explicit
08-04 00:06:18.548 26377 26388 I art     : Explicit concurrent mark sweep GC freed 734(29KB) AllocSpace objects, 0(0B) LOS objects, 7% free, 189MB/205MB, paused 1.807ms total 53.640ms
08-04 00:06:18.567 26377 26388 I art     : Starting a blocking GC Explicit
08-04 00:06:18.586   918   936 I ActivityManager: Displayed baseline.io.github.project_travel_mate/.utilities.UpcomingWeekendsActivity: +202ms
08-04 00:06:18.622 26377 26388 I art     : Explicit concurrent mark sweep GC freed 113(2656B) AllocSpace objects, 0(0B) LOS objects, 7% free, 189MB/205MB, paused 1.801ms total 54.092ms
08-04 00:06:18.642 26377 26388 I art     : Starting a blocking GC Explicit
08-04 00:06:18.699 26377 26388 I art     : Explicit concurrent mark sweep GC freed 84(1440B) AllocSpace objects, 0(0B) LOS objects, 7% free, 189MB/205MB, paused 1.873ms total 57.364ms
08-04 00:06:18.844   380   380 W SurfaceFlinger: couldn't log to binary event log: overflow.
08-04 00:06:18.933 26377 29194 I NAPPA_EXPERIMENTATION: MetricNetworkRequestExecutionTime: REQUEST_DURATION_SYSTEM='523',REQUEST_DURATION_OKHTTP='34',REQUEST_SYNCHRONOUS='FALSE',RESPONSE_CODE='200',RESPONSE_METHOD='GET',RESPONSE_LENGTH_OKHTTP='6426',RESPONSE_LENGTH_HEADER='6426',REQUEST_PROTOCOL='http/1.1',REQUEST_URL='https://project-travel-mate.herokuapp.com/api/get-upcoming-holidays/2020',
08-04 00:06:18.937 26377 26377 V Response: [{"month":"January","date":1,"day":"Wednesday","name":"New Year's Day","type":"Restricted"},{"month":"January","date":2,"day":"Thursday","name":"Guru Govind Singh Jayanti","type":"Restricted"},{"month":"January","date":14,"day":"Tuesday","name":"Lohri","type":"Restricted"},{"month":"January","date":15,"day":"Wednesday","name":"Pongal","type":"Restricted"},{"month":"January","date":15,"day":"Wednesday","name":"Makar Sankranti","type":"Restricted"},{"month":"January","date":25,"day":"Saturday","name":"Chinese New Year","type":"Observance"},{"month":"January","date":26,"day":"Sunday","name":"Republic Day","type":"Gazetted"},{"month":"January","date":30,"day":"Thursday","name":"Vasant Panchami","type":"Restricted"},{"month":"February","date":9,"day":"Sunday","name":"Guru Ravidas Jayanti","type":"Restricted"},{"month":"February","date":14,"day":"Friday","name":"Valentine's Day","type":"Observance"},{"month":"February","date":18,"day":"Tuesday","name":"Maharishi Dayanand Saraswati Jayanti","type":"Restricted"},{"month":"February","date":19,"day":"Wednesday","name":"Shivaji Jayanti","type":"Restricted"},{"month":"February","date":21,"day":"Friday","name":"Maha Shivaratri/Shivaratri","type":"Gazetted"},{"month":"March","date":9,"day":"Monday","name":"Holika Dahana","type":"Restricted"},{"month":"March","date":9,"day":"Monday","name":"Hazarat Ali's Birthday","type":"Restricted"},{"month":"March","date":10,"day":"Tuesday","name":"Holi","type":"Gazetted"},{"month":"March","date":20,"day":"Friday","name":"March Equinox","type":"Season"},{"month":"March","date":25,"day":"Wednesday","name":"Chaitra Sukhladi","type":"Restricted"},{"month":"April","date":2,"day":"Thursday","name":"Rama Navami","type":"Gazetted"},{"month":"April","date":6,"day":"Monday","name":"Mahavir Jayanti","type":"Gazetted"},{"month":"April","date":9,"day":"Thursday","name":"First day of Passover","type":"Observance"},{"month":"April","date":9,"day":"Thursday","name":"Maundy Thursday","type":"Observance,"},{"month":"April","date":10,"day":"Friday","name":"Good Friday","type":"Gazetted"},{"month":"April","date":12,"day":"Sunday","name":"Easter Day","type":"Restricted"},{"month":"April","date":13,"day":"Monday","name":"Vaisakhi","type":"Restricted"},{"month":"April","date":14,"day":"Tuesday","name":"Mesadi/Vaisakhadi","type":"Restricted"},{"month":"April","date":14,"day":"Tuesday","name":"Ambedkar Jayanti","type":"Central"},{"month":"May","date":1,"day":"Friday","name":"May Day","type":"Observance"},{"month":"May","date":7,"day":"Thursday","name":"Buddha Purnima/Vesak","type":"Gazetted"},{"month":"May","date":7,"day":"Thursday","name":"Birthday of Ravindranath","type":"Restricted"},{"month":"May","date":10,"day":"Sunday","name":"Mother's Day","type":"Observance"},{"month":"May","date":22,"day":"Friday","name":"Jamat Ul-Vida","type":"Restricted"},{"month":"May","date":25,"day":"Monday","name":"Ramzan Id/Eid-ul-Fitar","type":"Gazetted"},{"month":"May","date":25,"day":"Monday","name":"Ramzan Id/Eid-ul-Fitar","type":"Muslim,"},{"month":"June","date":21,"day":"Sunday","name":"June Solstice","type":"Season"},{"month":"June","date":21,"day":"Sunday","name":"Father's Day","type":"Observance"},{"month":"June","date":23,"day":"Tuesday","name":"Rath Yatra","type":"Restricted"},{"month":"July","date":5,"day":"Sunday","name":"Guru Purnima","type":"Observance"},{"month":"July","date":31,"day":"Friday","name":"Bakr Id/Eid ul-Adha","type":"Gazetted"},{"month":"August","date":2,"day":"Sunday","name":"Friendship Day","type":"Observance"},{"month":"August","date":3,"day":"Monday","name":"Raksha Bandhan (Rakhi)","type":"Restricted"},{"month":"August","date":11,"day":"Tuesday","name":"Janmashtami (Smarta)","type":"Restricted"},{"month":"August","date":12,"day":"Wednesday","name":"Janmashtami","type":"Gazetted"},{"month":"August","date":15,"day":"Saturday","name":"Independence Day","type":"Gazetted"},{"month":"August","date":16,"day":"Sunday","name":"Parsi New Year","type":"Restricted"},{"month":"August","date":22,"day":"Saturday","name":"Ganesh Chaturthi/Vin
08-04 00:06:18.938   512  2967 D audio_hw_primary: disable_audio_route: reset and update mixer path: low-latency-playback speaker
08-04 00:06:18.939   512  2967 D audio_hw_primary: disable_snd_device: snd_device(2: speaker)
08-04 00:06:18.948   512  2967 I soundtrigger: audio_extn_sound_trigger_update_device_status: device 0x2 of type 0 for Event 0
08-04 00:06:18.952 26377 29195 I NAPPA_EXPERIMENTATION: MetricNetworkRequestExecutionTime: REQUEST_DURATION_SYSTEM='541',REQUEST_DURATION_OKHTTP='49',REQUEST_SYNCHRONOUS='FALSE',RESPONSE_CODE='200',RESPONSE_METHOD='GET',RESPONSE_LENGTH_OKHTTP='6426',RESPONSE_LENGTH_HEADER='6426',REQUEST_PROTOCOL='http/1.1',REQUEST_URL='https://project-travel-mate.herokuapp.com/api/get-upcoming-holidays/2020',
08-04 00:06:18.988 26377 26377 V Response: [{"month":"January","date":1,"day":"Wednesday","name":"New Year's Day","type":"Restricted"},{"month":"January","date":2,"day":"Thursday","name":"Guru Govind Singh Jayanti","type":"Restricted"},{"month":"January","date":14,"day":"Tuesday","name":"Lohri","type":"Restricted"},{"month":"January","date":15,"day":"Wednesday","name":"Pongal","type":"Restricted"},{"month":"January","date":15,"day":"Wednesday","name":"Makar Sankranti","type":"Restricted"},{"month":"January","date":25,"day":"Saturday","name":"Chinese New Year","type":"Observance"},{"month":"January","date":26,"day":"Sunday","name":"Republic Day","type":"Gazetted"},{"month":"January","date":30,"day":"Thursday","name":"Vasant Panchami","type":"Restricted"},{"month":"February","date":9,"day":"Sunday","name":"Guru Ravidas Jayanti","type":"Restricted"},{"month":"February","date":14,"day":"Friday","name":"Valentine's Day","type":"Observance"},{"month":"February","date":18,"day":"Tuesday","name":"Maharishi Dayanand Saraswati Jayanti","type":"Restricted"},{"month":"February","date":19,"day":"Wednesday","name":"Shivaji Jayanti","type":"Restricted"},{"month":"February","date":21,"day":"Friday","name":"Maha Shivaratri/Shivaratri","type":"Gazetted"},{"month":"March","date":9,"day":"Monday","name":"Holika Dahana","type":"Restricted"},{"month":"March","date":9,"day":"Monday","name":"Hazarat Ali's Birthday","type":"Restricted"},{"month":"March","date":10,"day":"Tuesday","name":"Holi","type":"Gazetted"},{"month":"March","date":20,"day":"Friday","name":"March Equinox","type":"Season"},{"month":"March","date":25,"day":"Wednesday","name":"Chaitra Sukhladi","type":"Restricted"},{"month":"April","date":2,"day":"Thursday","name":"Rama Navami","type":"Gazetted"},{"month":"April","date":6,"day":"Monday","name":"Mahavir Jayanti","type":"Gazetted"},{"month":"April","date":9,"day":"Thursday","name":"First day of Passover","type":"Observance"},{"month":"April","date":9,"day":"Thursday","name":"Maundy Thursday","type":"Observance,"},{"month":"April","date":10,"day":"Friday","name":"Good Friday","type":"Gazetted"},{"month":"April","date":12,"day":"Sunday","name":"Easter Day","type":"Restricted"},{"month":"April","date":13,"day":"Monday","name":"Vaisakhi","type":"Restricted"},{"month":"April","date":14,"day":"Tuesday","name":"Mesadi/Vaisakhadi","type":"Restricted"},{"month":"April","date":14,"day":"Tuesday","name":"Ambedkar Jayanti","type":"Central"},{"month":"May","date":1,"day":"Friday","name":"May Day","type":"Observance"},{"month":"May","date":7,"day":"Thursday","name":"Buddha Purnima/Vesak","type":"Gazetted"},{"month":"May","date":7,"day":"Thursday","name":"Birthday of Ravindranath","type":"Restricted"},{"month":"May","date":10,"day":"Sunday","name":"Mother's Day","type":"Observance"},{"month":"May","date":22,"day":"Friday","name":"Jamat Ul-Vida","type":"Restricted"},{"month":"May","date":25,"day":"Monday","name":"Ramzan Id/Eid-ul-Fitar","type":"Gazetted"},{"month":"May","date":25,"day":"Monday","name":"Ramzan Id/Eid-ul-Fitar","type":"Muslim,"},{"month":"June","date":21,"day":"Sunday","name":"June Solstice","type":"Season"},{"month":"June","date":21,"day":"Sunday","name":"Father's Day","type":"Observance"},{"month":"June","date":23,"day":"Tuesday","name":"Rath Yatra","type":"Restricted"},{"month":"July","date":5,"day":"Sunday","name":"Guru Purnima","type":"Observance"},{"month":"July","date":31,"day":"Friday","name":"Bakr Id/Eid ul-Adha","type":"Gazetted"},{"month":"August","date":2,"day":"Sunday","name":"Friendship Day","type":"Observance"},{"month":"August","date":3,"day":"Monday","name":"Raksha Bandhan (Rakhi)","type":"Restricted"},{"month":"August","date":11,"day":"Tuesday","name":"Janmashtami (Smarta)","type":"Restricted"},{"month":"August","date":12,"day":"Wednesday","name":"Janmashtami","type":"Gazetted"},{"month":"August","date":15,"day":"Saturday","name":"Independence Day","type":"Gazetted"},{"month":"August","date":16,"day":"Sunday","name":"Parsi New Year","type":"Restricted"},{"month":"August","date":22,"day":"Saturday","name":"Ganesh Chaturthi/Vin
08-04 00:06:19.090 26377 26388 I art     : Starting a blocking GC Explicit
08-04 00:06:19.162 26377 26388 I art     : Explicit concurrent mark sweep GC freed 20796(870KB) AllocSpace objects, 12(4MB) LOS objects, 7% free, 186MB/202MB, paused 1.542ms total 72.119ms
08-04 00:06:19.185 26377 26388 I art     : Starting a blocking GC Explicit
08-04 00:06:19.248 26377 26388 I art     : Explicit concurrent mark sweep GC freed 3543(323KB) AllocSpace objects, 0(0B) LOS objects, 7% free, 185MB/201MB, paused 1.670ms total 62.025ms
08-04 00:06:19.268 26377 26388 I art     : Starting a blocking GC Explicit
08-04 00:06:19.329 26377 26388 I art     : Explicit concurrent mark sweep GC freed 123(2496B) AllocSpace objects, 0(0B) LOS objects, 7% free, 185MB/201MB, paused 1.495ms total 61.518ms
08-04 00:06:19.350 26377 26388 I art     : Starting a blocking GC Explicit
08-04 00:06:19.412 26377 26388 I art     : Explicit concurrent mark sweep GC freed 133(2720B) AllocSpace objects, 0(0B) LOS objects, 7% free, 185MB/201MB, paused 1.404ms total 62.238ms
08-04 00:06:19.433 26377 26388 I art     : Starting a blocking GC Explicit
08-04 00:06:19.498 26377 26388 I art     : Explicit concurrent mark sweep GC freed 139(2352B) AllocSpace objects, 0(0B) LOS objects, 7% free, 185MB/201MB, paused 1.735ms total 64.292ms
08-04 00:06:19.908 26377 26654 I art     : Starting a blocking GC Explicit
08-04 00:06:19.973 26377 26654 I art     : Explicit concurrent mark sweep GC freed 2266(103KB) AllocSpace objects, 2(48KB) LOS objects, 7% free, 185MB/201MB, paused 1.469ms total 64.585ms
08-04 00:06:19.996 26377 26654 I art     : Starting a blocking GC Explicit
08-04 00:06:20.063 26377 26654 I art     : Explicit concurrent mark sweep GC freed 148(3024B) AllocSpace objects, 0(0B) LOS objects, 7% free, 185MB/201MB, paused 1.409ms total 66.487ms
08-04 00:06:20.083 26377 26654 I art     : Starting a blocking GC Explicit
08-04 00:06:20.149 26377 26654 I art     : Explicit concurrent mark sweep GC freed 147(2496B) AllocSpace objects, 0(0B) LOS objects, 7% free, 185MB/201MB, paused 1.411ms total 65.655ms
08-04 00:06:20.170 26377 26654 I art     : Starting a blocking GC Explicit
08-04 00:06:20.238 26377 26654 I art     : Explicit concurrent mark sweep GC freed 159(3056B) AllocSpace objects, 0(0B) LOS objects, 7% free, 185MB/201MB, paused 1.512ms total 67.372ms
08-04 00:06:20.259 26377 26654 I art     : Starting a blocking GC Explicit
08-04 00:06:20.325 26377 26654 I art     : Explicit concurrent mark sweep GC freed 124(2128B) AllocSpace objects, 0(0B) LOS objects, 7% free, 185MB/201MB, paused 1.490ms total 65.684ms
08-04 00:06:20.768 26377 26397 I art     : Starting a blocking GC Explicit
08-04 00:06:20.839 26377 26397 I art     : Explicit concurrent mark sweep GC freed 2341(104KB) AllocSpace objects, 2(48KB) LOS objects, 7% free, 185MB/201MB, paused 1.603ms total 71.479ms
08-04 00:06:20.864 26377 26397 I art     : Starting a blocking GC Explicit
08-04 00:06:20.931 26377 26397 I art     : Explicit concurrent mark sweep GC freed 158(3KB) AllocSpace objects, 0(0B) LOS objects, 7% free, 185MB/201MB, paused 1.507ms total 66.801ms
08-04 00:06:20.951 26377 26397 I art     : Starting a blocking GC Explicit
08-04 00:06:21.017 26377 26397 I art     : Explicit concurrent mark sweep GC freed 136(2320B) AllocSpace objects, 0(0B) LOS objects, 7% free, 185MB/201MB, paused 1.640ms total 65.572ms
08-04 00:06:21.017 26377 26387 I art     : WaitForGcToComplete blocked for 34.501ms for cause HeapTrim
08-04 00:06:21.038 26377 26397 I art     : Starting a blocking GC Explicit
08-04 00:06:21.106 26377 26397 I art     : Explicit concurrent mark sweep GC freed 134(2272B) AllocSpace objects, 0(0B) LOS objects, 7% free, 185MB/201MB, paused 1.444ms total 68.115ms
08-04 00:06:21.128 26377 26397 I art     : Starting a blocking GC Explicit
08-04 00:06:21.196 26377 26397 I art     : Explicit concurrent mark sweep GC freed 161(3KB) AllocSpace objects, 0(0B) LOS objects, 7% free, 185MB/201MB, paused 1.513ms total 67.079ms
08-04 00:06:21.625 26377 26389 I art     : Starting a blocking GC Explicit
08-04 00:06:21.697 26377 26389 I art     : Explicit concurrent mark sweep GC freed 2307(103KB) AllocSpace objects, 2(48KB) LOS objects, 7% free, 185MB/201MB, paused 1.510ms total 71.094ms
08-04 00:06:21.722 26377 26389 I art     : Starting a blocking GC Explicit
08-04 00:06:21.787 26377 26389 I art     : Explicit concurrent mark sweep GC freed 171(3KB) AllocSpace objects, 0(0B) LOS objects, 7% free, 185MB/201MB, paused 1.560ms total 65.321ms
08-04 00:06:21.808 26377 26389 I art     : Starting a blocking GC Explicit
08-04 00:06:21.872 26377 26389 I art     : Explicit concurrent mark sweep GC freed 123(2096B) AllocSpace objects, 0(0B) LOS objects, 7% free, 185MB/201MB, paused 1.435ms total 64.265ms
08-04 00:06:21.892 26377 26389 I art     : Starting a blocking GC Explicit
08-04 00:06:21.960 26377 26389 I art     : Explicit concurrent mark sweep GC freed 124(2128B) AllocSpace objects, 0(0B) LOS objects, 7% free, 185MB/201MB, paused 1.469ms total 68.079ms
08-04 00:06:21.981 26377 26389 I art     : Starting a blocking GC Explicit
08-04 00:06:22.049 26377 26389 I art     : Explicit concurrent mark sweep GC freed 123(2096B) AllocSpace objects, 0(0B) LOS objects, 7% free, 185MB/201MB, paused 1.544ms total 68.060ms
08-04 00:06:22.477 26377 26389 I art     : Starting a blocking GC Explicit
08-04 00:06:22.549 26377 26389 I art     : Explicit concurrent mark sweep GC freed 2355(105KB) AllocSpace objects, 2(48KB) LOS objects, 7% free, 185MB/201MB, paused 1.628ms total 70.729ms
08-04 00:06:22.572 26377 26389 I art     : Starting a blocking GC Explicit
08-04 00:06:22.634 26377 26389 I art     : Explicit concurrent mark sweep GC freed 168(3KB) AllocSpace objects, 0(0B) LOS objects, 7% free, 185MB/201MB, paused 1.468ms total 62.550ms
08-04 00:06:22.654 26377 26389 I art     : Starting a blocking GC Explicit
08-04 00:06:22.714 26377 26389 I art     : Explicit concurrent mark sweep GC freed 122(2080B) AllocSpace objects, 0(0B) LOS objects, 7% free, 185MB/201MB, paused 1.358ms total 59.434ms
08-04 00:06:22.734 26377 26389 I art     : Starting a blocking GC Explicit
08-04 00:06:22.794 26377 26389 I art     : Explicit concurrent mark sweep GC freed 123(2096B) AllocSpace objects, 0(0B) LOS objects, 7% free, 185MB/201MB, paused 1.467ms total 60.210ms
08-04 00:06:22.814 26377 26389 I art     : Starting a blocking GC Explicit
08-04 00:06:22.878 26377 26389 I art     : Explicit concurrent mark sweep GC freed 123(2096B) AllocSpace objects, 0(0B) LOS objects, 7% free, 185MB/201MB, paused 1.693ms total 63.939ms
08-04 00:06:23.154 29249 29249 D AndroidRuntime: >>>>>> START com.android.internal.os.RuntimeInit uid 2000 <<<<<<
08-04 00:06:23.160 29249 29249 D AndroidRuntime: CheckJNI is OFF
08-04 00:06:23.203 29249 29249 D ICU     : No timezone override file found: /data/misc/zoneinfo/current/icu/icu_tzdata.dat
08-04 00:06:23.245 29249 29249 I Radio-JNI: register_android_hardware_Radio DONE
08-04 00:06:23.275 29249 29249 D AndroidRuntime: Calling main entry com.android.commands.input.Input
08-04 00:06:23.277 29249 29249 I Input   : injectKeyEvent: KeyEvent { action=ACTION_DOWN, keyCode=KEYCODE_BACK, scanCode=0, metaState=0, flags=0x0, repeatCount=0, eventTime=662799690, downTime=662799690, deviceId=-1, source=0x101 }
08-04 00:06:23.285 29249 29249 I Input   : injectKeyEvent: KeyEvent { action=ACTION_UP, keyCode=KEYCODE_BACK, scanCode=0, metaState=0, flags=0x0, repeatCount=0, eventTime=662799690, downTime=662799690, deviceId=-1, source=0x101 }
08-04 00:06:23.292 29249 29249 D AndroidRuntime: Shutting down VM
08-04 00:06:23.298 26377 26389 I art     : Starting a blocking GC Explicit
08-04 00:06:23.304 26377 26377 V MainActivity: url = https://project-travel-mate.herokuapp.com/api/number-of-unread-notifications
08-04 00:06:23.335 13866 13866 I GoogleInputMethodServic: GoogleInputMethodService.onFinishInput():3138 
08-04 00:06:23.336 13866 13866 I GoogleInputMethodServic: GoogleInputMethodService.onStartInput():1808 
08-04 00:06:23.360 26377 26389 I art     : Explicit concurrent mark sweep GC freed 2649(118KB) AllocSpace objects, 2(48KB) LOS objects, 7% free, 185MB/201MB, paused 1.577ms total 61.778ms
08-04 00:06:23.381 26377 26389 I art     : Starting a blocking GC Explicit
08-04 00:06:23.437 26377 26389 I art     : Explicit concurrent mark sweep GC freed 211(9KB) AllocSpace objects, 0(0B) LOS objects, 7% free, 185MB/201MB, paused 1.520ms total 56.466ms
08-04 00:06:23.456 26377 26389 I art     : Starting a blocking GC Explicit
08-04 00:06:23.516 26377 26389 I art     : Explicit concurrent mark sweep GC freed 157(3KB) AllocSpace objects, 0(0B) LOS objects, 7% free, 185MB/201MB, paused 1.640ms total 59.015ms
08-04 00:06:23.539 26377 26389 I art     : Starting a blocking GC Explicit
08-04 00:06:23.611 26377 26389 I art     : Explicit concurrent mark sweep GC freed 177(4KB) AllocSpace objects, 0(0B) LOS objects, 7% free, 185MB/201MB, paused 1.752ms total 71.419ms
08-04 00:06:23.634 26377 26389 I art     : Starting a blocking GC Explicit
08-04 00:06:23.666   380   380 W SurfaceFlinger: couldn't log to binary event log: overflow.
08-04 00:06:23.699 26377 26389 I art     : Explicit concurrent mark sweep GC freed 125(2944B) AllocSpace objects, 0(0B) LOS objects, 7% free, 185MB/201MB, paused 1.499ms total 64.912ms
08-04 00:06:23.945 26377 29273 I NAPPA_EXPERIMENTATION: MetricNetworkRequestExecutionTime: REQUEST_DURATION_SYSTEM='640',REQUEST_DURATION_OKHTTP='28',REQUEST_SYNCHRONOUS='FALSE',RESPONSE_CODE='200',RESPONSE_METHOD='GET',RESPONSE_LENGTH_OKHTTP='36',RESPONSE_LENGTH_HEADER='36',REQUEST_PROTOCOL='http/1.1',REQUEST_URL='https://project-travel-mate.herokuapp.com/api/number-of-unread-notifications',
08-04 00:06:24.107 26377 26388 I art     : Starting a blocking GC Explicit
08-04 00:06:24.191 26377 26388 I art     : Explicit concurrent mark sweep GC freed 4441(241KB) AllocSpace objects, 5(248KB) LOS objects, 7% free, 185MB/201MB, paused 1.720ms total 83.414ms
08-04 00:06:24.214 26377 26388 I art     : Starting a blocking GC Explicit
08-04 00:06:24.270 26377 26388 I art     : Explicit concurrent mark sweep GC freed 7556(476KB) AllocSpace objects, 13(264KB) LOS objects, 7% free, 185MB/201MB, paused 1.479ms total 55.826ms
08-04 00:06:24.289 26377 26388 I art     : Starting a blocking GC Explicit
08-04 00:06:24.348 26377 26388 I art     : Explicit concurrent mark sweep GC freed 9(384B) AllocSpace objects, 0(0B) LOS objects, 7% free, 185MB/201MB, paused 1.591ms total 58.556ms
08-04 00:06:24.368 26377 26388 I art     : Starting a blocking GC Explicit
08-04 00:06:24.437 26377 26388 I art     : Explicit concurrent mark sweep GC freed 3(96B) AllocSpace objects, 0(0B) LOS objects, 7% free, 185MB/201MB, paused 1.591ms total 69.072ms
08-04 00:06:24.460 26377 26388 I art     : Starting a blocking GC Explicit
08-04 00:06:24.523 26377 26388 I art     : Explicit concurrent mark sweep GC freed 3(96B) AllocSpace objects, 0(0B) LOS objects, 7% free, 185MB/201MB, paused 1.542ms total 63.102ms
08-04 00:06:24.928 26377 26654 I art     : Starting a blocking GC Explicit
08-04 00:06:24.995 26377 26654 I art     : Explicit concurrent mark sweep GC freed 1616(93KB) AllocSpace objects, 2(48KB) LOS objects, 7% free, 185MB/201MB, paused 1.390ms total 66.847ms
08-04 00:06:25.014 26377 26654 I art     : Starting a blocking GC Explicit
08-04 00:06:25.058 29285 29285 D AndroidRuntime: >>>>>> START com.android.internal.os.RuntimeInit uid 2000 <<<<<<
08-04 00:06:25.063 29285 29285 D AndroidRuntime: CheckJNI is OFF
08-04 00:06:25.070 26377 26654 I art     : Explicit concurrent mark sweep GC freed 60(2016B) AllocSpace objects, 0(0B) LOS objects, 7% free, 185MB/201MB, paused 1.446ms total 55.716ms
08-04 00:06:25.090 26377 26654 I art     : Starting a blocking GC Explicit
08-04 00:06:25.103 29285 29285 D ICU     : No timezone override file found: /data/misc/zoneinfo/current/icu/icu_tzdata.dat
08-04 00:06:25.143 29285 29285 I Radio-JNI: register_android_hardware_Radio DONE
08-04 00:06:25.144 26377 26654 I art     : Explicit concurrent mark sweep GC freed 7(224B) AllocSpace objects, 0(0B) LOS objects, 7% free, 185MB/201MB, paused 1.481ms total 54.082ms
08-04 00:06:25.164 26377 26654 I art     : Starting a blocking GC Explicit
08-04 00:06:25.171 29285 29285 D AndroidRuntime: Calling main entry com.android.commands.input.Input
08-04 00:06:25.173 29285 29285 I Input   : injectMotionEvent: MotionEvent { action=ACTION_DOWN, actionButton=0, id[0]=0, x[0]=117.0, y[0]=170.0, toolType[0]=TOOL_TYPE_UNKNOWN, buttonState=0, metaState=0, flags=0x0, edgeFlags=0x0, pointerCount=1, historySize=0, eventTime=662801585, downTime=662801585, deviceId=0, source=0x1002 }
08-04 00:06:25.177 29285 29285 I Input   : injectMotionEvent: MotionEvent { action=ACTION_UP, actionButton=0, id[0]=0, x[0]=117.0, y[0]=170.0, toolType[0]=TOOL_TYPE_UNKNOWN, buttonState=0, metaState=0, flags=0x0, edgeFlags=0x0, pointerCount=1, historySize=0, eventTime=662801585, downTime=662801585, deviceId=0, source=0x1002 }
08-04 00:06:25.219 26377 26654 I art     : Explicit concurrent mark sweep GC freed 40(1088B) AllocSpace objects, 0(0B) LOS objects, 7% free, 185MB/201MB, paused 1.568ms total 55.552ms
08-04 00:06:25.222 29285 29285 D AndroidRuntime: Shutting down VM
08-04 00:06:25.238 26377 26654 I art     : Starting a blocking GC Explicit
08-04 00:06:25.261   512  2967 D audio_hw_primary: out_set_parameters: enter: usecase(1: low-latency-playback) kvpairs: routing=2
08-04 00:06:25.274   512  2967 D audio_hw_primary: select_devices: out_snd_device(2: speaker) in_snd_device(0: none)
08-04 00:06:25.274   512  2967 D msm8974_platform: platform_send_audio_calibration: sending audio calibration for snd_device(2) acdb_id(15)
08-04 00:06:25.274   512  2967 I soundtrigger: audio_extn_sound_trigger_update_device_status: device 0x2 of type 0 for Event 1
08-04 00:06:25.284   512  2967 D audio_hw_primary: enable_snd_device: snd_device(2: speaker)
08-04 00:06:25.286   512  2967 D audio_hw_primary: enable_audio_route: apply and update mixer path: low-latency-playback speaker
08-04 00:06:25.293 26377 26654 I art     : Explicit concurrent mark sweep GC freed 27(864B) AllocSpace objects, 0(0B) LOS objects, 7% free, 185MB/201MB, paused 1.607ms total 54.970ms
08-04 00:06:25.692 26377 26397 I art     : Starting a blocking GC Explicit
08-04 00:06:25.748 26377 26397 I art     : Explicit concurrent mark sweep GC freed 2003(113KB) AllocSpace objects, 2(48KB) LOS objects, 7% free, 185MB/201MB, paused 1.367ms total 55.456ms
08-04 00:06:25.769 26377 26397 I art     : Starting a blocking GC Explicit
08-04 00:06:25.818   512  2967 D audio_hw_primary: disable_audio_route: reset and update mixer path: low-latency-playback speaker
08-04 00:06:25.819   512  2967 D audio_hw_primary: disable_snd_device: snd_device(2: speaker)
08-04 00:06:25.822 26377 26397 I art     : Explicit concurrent mark sweep GC freed 71(2928B) AllocSpace objects, 0(0B) LOS objects, 7% free, 185MB/201MB, paused 1.405ms total 52.441ms
08-04 00:06:25.827   512  2967 I soundtrigger: audio_extn_sound_trigger_update_device_status: device 0x2 of type 0 for Event 0
08-04 00:06:25.841 26377 26397 I art     : Starting a blocking GC Explicit
08-04 00:06:25.893 26377 26397 I art     : Explicit concurrent mark sweep GC freed 3(96B) AllocSpace objects, 0(0B) LOS objects, 7% free, 185MB/201MB, paused 1.366ms total 51.562ms
08-04 00:06:25.912 26377 26397 I art     : Starting a blocking GC Explicit
08-04 00:06:25.955 29310 29310 D AndroidRuntime: >>>>>> START com.android.internal.os.RuntimeInit uid 2000 <<<<<<
08-04 00:06:25.961 29310 29310 D AndroidRuntime: CheckJNI is OFF
08-04 00:06:25.968 26377 26397 I art     : Explicit concurrent mark sweep GC freed 3(96B) AllocSpace objects, 0(0B) LOS objects, 7% free, 185MB/201MB, paused 2.042ms total 56.364ms
08-04 00:06:25.988 26377 26397 I art     : Starting a blocking GC Explicit
08-04 00:06:26.005 29310 29310 D ICU     : No timezone override file found: /data/misc/zoneinfo/current/icu/icu_tzdata.dat
08-04 00:06:26.045 26377 26397 I art     : Explicit concurrent mark sweep GC freed 5(160B) AllocSpace objects, 0(0B) LOS objects, 7% free, 185MB/201MB, paused 1.544ms total 57.250ms
08-04 00:06:26.046 29310 29310 I Radio-JNI: register_android_hardware_Radio DONE
08-04 00:06:26.077 29310 29310 D AndroidRuntime: Calling main entry com.android.commands.input.Input
08-04 00:06:26.079 29310 29310 I Input   : injectMotionEvent: MotionEvent { action=ACTION_DOWN, actionButton=0, id[0]=0, x[0]=405.0, y[0]=661.0, toolType[0]=TOOL_TYPE_UNKNOWN, buttonState=0, metaState=0, flags=0x0, edgeFlags=0x0, pointerCount=1, historySize=0, eventTime=662802491, downTime=662802491, deviceId=0, source=0x1002 }
08-04 00:06:26.082 29310 29310 I Input   : injectMotionEvent: MotionEvent { action=ACTION_UP, actionButton=0, id[0]=0, x[0]=405.0, y[0]=661.0, toolType[0]=TOOL_TYPE_UNKNOWN, buttonState=0, metaState=0, flags=0x0, edgeFlags=0x0, pointerCount=1, historySize=0, eventTime=662802491, downTime=662802491, deviceId=0, source=0x1002 }
08-04 00:06:26.084 29310 29310 D AndroidRuntime: Shutting down VM
08-04 00:06:26.094   512  2967 D audio_hw_primary: out_set_parameters: enter: usecase(1: low-latency-playback) kvpairs: routing=2
08-04 00:06:26.108   512  2967 D audio_hw_primary: select_devices: out_snd_device(2: speaker) in_snd_device(0: none)
08-04 00:06:26.108   512  2967 D msm8974_platform: platform_send_audio_calibration: sending audio calibration for snd_device(2) acdb_id(15)
08-04 00:06:26.108   512  2967 I soundtrigger: audio_extn_sound_trigger_update_device_status: device 0x2 of type 0 for Event 1
08-04 00:06:26.119   512  2967 D audio_hw_primary: enable_snd_device: snd_device(2: speaker)
08-04 00:06:26.121   512  2967 D audio_hw_primary: enable_audio_route: apply and update mixer path: low-latency-playback speaker
08-04 00:06:26.168   512  2967 D AudioFlinger: mixer(0xf4740000) throttle end: throttle time(12)
08-04 00:06:26.431 26377 26388 I art     : Starting a blocking GC Explicit
08-04 00:06:26.491 26377 26388 I art     : Explicit concurrent mark sweep GC freed 3608(163KB) AllocSpace objects, 11(300KB) LOS objects, 7% free, 185MB/201MB, paused 1.715ms total 59.705ms
08-04 00:06:26.510 26377 26388 I art     : Starting a blocking GC Explicit
08-04 00:06:26.567 26377 26388 I art     : Explicit concurrent mark sweep GC freed 930(52KB) AllocSpace objects, 0(0B) LOS objects, 7% free, 185MB/201MB, paused 1.392ms total 56.608ms
08-04 00:06:26.586 26377 26388 I art     : Starting a blocking GC Explicit
08-04 00:06:26.643 26377 26388 I art     : Explicit concurrent mark sweep GC freed 15(752B) AllocSpace objects, 0(0B) LOS objects, 7% free, 185MB/201MB, paused 1.467ms total 56.451ms
08-04 00:06:26.649   512  2967 D audio_hw_primary: disable_audio_route: reset and update mixer path: low-latency-playback speaker
08-04 00:06:26.650   512  2967 D audio_hw_primary: disable_snd_device: snd_device(2: speaker)
08-04 00:06:26.658   512  2967 I soundtrigger: audio_extn_sound_trigger_update_device_status: device 0x2 of type 0 for Event 0
08-04 00:06:26.663 26377 26388 I art     : Starting a blocking GC Explicit
08-04 00:06:26.725 26377 26388 I art     : Explicit concurrent mark sweep GC freed 24(1392B) AllocSpace objects, 0(0B) LOS objects, 7% free, 185MB/201MB, paused 1.466ms total 61.862ms
08-04 00:06:26.745 26377 26388 I art     : Starting a blocking GC Explicit
08-04 00:06:26.812 26377 26388 I art     : Explicit concurrent mark sweep GC freed 3(96B) AllocSpace objects, 0(0B) LOS objects, 7% free, 185MB/201MB, paused 1.937ms total 66.373ms
08-04 00:06:27.240 26377 26654 I art     : Starting a blocking GC Explicit
08-04 00:06:27.322 26377 26654 I art     : Explicit concurrent mark sweep GC freed 1623(93KB) AllocSpace objects, 2(48KB) LOS objects, 7% free, 185MB/201MB, paused 1.646ms total 81.209ms
08-04 00:06:27.346 26377 26654 I art     : Starting a blocking GC Explicit
08-04 00:06:27.408 26377 26654 I art     : Explicit concurrent mark sweep GC freed 28(1024B) AllocSpace objects, 0(0B) LOS objects, 7% free, 185MB/201MB, paused 1.626ms total 61.918ms
08-04 00:06:27.428 26377 26654 I art     : Starting a blocking GC Explicit
08-04 00:06:27.495 26377 26654 I art     : Explicit concurrent mark sweep GC freed 3(96B) AllocSpace objects, 0(0B) LOS objects, 7% free, 185MB/201MB, paused 1.630ms total 66.585ms
08-04 00:06:27.518 26377 26654 I art     : Starting a blocking GC Explicit
08-04 00:06:27.588 26377 26654 I art     : Explicit concurrent mark sweep GC freed 3(96B) AllocSpace objects, 0(0B) LOS objects, 7% free, 185MB/201MB, paused 1.872ms total 69.346ms
08-04 00:06:27.612 26377 26654 I art     : Starting a blocking GC Explicit
08-04 00:06:27.675 26377 26654 I art     : Explicit concurrent mark sweep GC freed 3(96B) AllocSpace objects, 0(0B) LOS objects, 7% free, 185MB/201MB, paused 1.470ms total 63.069ms
08-04 00:06:28.120 26377 26397 I art     : Starting a blocking GC Explicit
08-04 00:06:28.206 26377 26397 I art     : Explicit concurrent mark sweep GC freed 1623(93KB) AllocSpace objects, 2(48KB) LOS objects, 7% free, 185MB/201MB, paused 1.640ms total 85.078ms
08-04 00:06:28.228 26377 26397 I art     : Starting a blocking GC Explicit
08-04 00:06:28.298 26377 26397 I art     : Explicit concurrent mark sweep GC freed 40(1680B) AllocSpace objects, 0(0B) LOS objects, 7% free, 185MB/201MB, paused 1.525ms total 70.307ms
08-04 00:06:28.324 26377 26397 I art     : Starting a blocking GC Explicit
08-04 00:06:28.373 23490 23490 I ServiceManager: Waiting for service AtCmdFwd...
08-04 00:06:28.384 26377 26397 I art     : Explicit concurrent mark sweep GC freed 13(640B) AllocSpace objects, 0(0B) LOS objects, 7% free, 185MB/201MB, paused 1.325ms total 59.533ms
08-04 00:06:28.403 26377 26397 I art     : Starting a blocking GC Explicit
08-04 00:06:28.462 26377 26397 I art     : Explicit concurrent mark sweep GC freed 3(96B) AllocSpace objects, 0(0B) LOS objects, 7% free, 185MB/201MB, paused 1.475ms total 58.105ms
08-04 00:06:28.482 26377 26397 I art     : Starting a blocking GC Explicit
08-04 00:06:28.547 26377 26397 I art     : Explicit concurrent mark sweep GC freed 3(96B) AllocSpace objects, 0(0B) LOS objects, 7% free, 185MB/201MB, paused 1.529ms total 65.123ms
08-04 00:06:28.879 29359 29359 D AndroidRuntime: >>>>>> START com.android.internal.os.RuntimeInit uid 2000 <<<<<<
08-04 00:06:28.885 29359 29359 D AndroidRuntime: CheckJNI is OFF
08-04 00:06:28.929 29359 29359 D ICU     : No timezone override file found: /data/misc/zoneinfo/current/icu/icu_tzdata.dat
08-04 00:06:28.971 29359 29359 I Radio-JNI: register_android_hardware_Radio DONE
08-04 00:06:28.972 26377 26389 I art     : Starting a blocking GC Explicit
08-04 00:06:29.001 29359 29359 D AndroidRuntime: Calling main entry com.android.commands.input.Input
08-04 00:06:29.003 29359 29359 I Input   : injectMotionEvent: MotionEvent { action=ACTION_DOWN, actionButton=0, id[0]=0, x[0]=1341.0, y[0]=197.0, toolType[0]=TOOL_TYPE_UNKNOWN, buttonState=0, metaState=0, flags=0x0, edgeFlags=0x0, pointerCount=1, historySize=0, eventTime=662805416, downTime=662805416, deviceId=0, source=0x1002 }
08-04 00:06:29.010 29359 29359 I Input   : injectMotionEvent: MotionEvent { action=ACTION_UP, actionButton=0, id[0]=0, x[0]=1341.0, y[0]=197.0, toolType[0]=TOOL_TYPE_UNKNOWN, buttonState=0, metaState=0, flags=0x0, edgeFlags=0x0, pointerCount=1, historySize=0, eventTime=662805416, downTime=662805416, deviceId=0, source=0x1002 }
08-04 00:06:29.012 29359 29359 D AndroidRuntime: Shutting down VM
08-04 00:06:29.024   918  5952 I ActivityManager: START u0 {cmp=baseline.io.github.project_travel_mate/.notifications.NotificationsActivity} from uid 10650 on display 0
08-04 00:06:29.027   512  2967 D audio_hw_primary: out_set_parameters: enter: usecase(1: low-latency-playback) kvpairs: routing=2
08-04 00:06:29.036 26377 26389 I art     : Explicit concurrent mark sweep GC freed 1609(92KB) AllocSpace objects, 2(48KB) LOS objects, 7% free, 185MB/201MB, paused 1.775ms total 63.661ms
08-04 00:06:29.040   512  2967 D audio_hw_primary: select_devices: out_snd_device(2: speaker) in_snd_device(0: none)
08-04 00:06:29.040   512  2967 D msm8974_platform: platform_send_audio_calibration: sending audio calibration for snd_device(2) acdb_id(15)
08-04 00:06:29.040   512  2967 I soundtrigger: audio_extn_sound_trigger_update_device_status: device 0x2 of type 0 for Event 1
08-04 00:06:29.052   512  2967 D audio_hw_primary: enable_snd_device: snd_device(2: speaker)
08-04 00:06:29.054   512  2967 D audio_hw_primary: enable_audio_route: apply and update mixer path: low-latency-playback speaker
08-04 00:06:29.058 26377 26389 I art     : Starting a blocking GC Explicit
08-04 00:06:29.063 26377 26443 D Gabe    : call	returning from cache
08-04 00:06:29.069 26377 26377 V EXECUTING: https://project-travel-mate.herokuapp.com/api/get-notifications
08-04 00:06:29.071 26377 26377 V EXECUTING: https://project-travel-mate.herokuapp.com/api/get-notifications
08-04 00:06:29.112 26377 26389 I art     : Explicit concurrent mark sweep GC freed 1271(87KB) AllocSpace objects, 0(0B) LOS objects, 7% free, 185MB/201MB, paused 1.554ms total 53.885ms
08-04 00:06:29.132 26377 26389 I art     : Starting a blocking GC Explicit
08-04 00:06:29.189 26377 26389 I art     : Explicit concurrent mark sweep GC freed 1054(43KB) AllocSpace objects, 0(0B) LOS objects, 7% free, 189MB/205MB, paused 1.952ms total 57.038ms
08-04 00:06:29.209 26377 26389 I art     : Starting a blocking GC Explicit
08-04 00:06:29.220 13866 13866 I GoogleInputMethodServic: GoogleInputMethodService.onFinishInput():3138 
08-04 00:06:29.220   918   936 I ActivityManager: Displayed baseline.io.github.project_travel_mate/.notifications.NotificationsActivity: +180ms
08-04 00:06:29.221 13866 13866 I GoogleInputMethodServic: GoogleInputMethodService.onStartInput():1808 
08-04 00:06:29.270 26377 26389 I art     : Explicit concurrent mark sweep GC freed 201(6KB) AllocSpace objects, 0(0B) LOS objects, 7% free, 189MB/205MB, paused 2.164ms total 60.574ms
08-04 00:06:29.290 26377 26389 I art     : Starting a blocking GC Explicit
08-04 00:06:29.313 26377 26392 D OpenGLRenderer: endAllStagingAnimators on 0x7f7783f000 (RippleDrawable) with handle 0x7f7c00f400
08-04 00:06:29.349 26377 26389 I art     : Explicit concurrent mark sweep GC freed 98(1952B) AllocSpace objects, 0(0B) LOS objects, 7% free, 189MB/205MB, paused 1.682ms total 58.574ms
08-04 00:06:29.373 23490 23490 I ServiceManager: Waiting for service AtCmdFwd...
08-04 00:06:29.474   380   380 W SurfaceFlinger: couldn't log to binary event log: overflow.
08-04 00:06:29.575 26377 29383 I NAPPA_EXPERIMENTATION: MetricNetworkRequestExecutionTime: REQUEST_DURATION_SYSTEM='505',REQUEST_DURATION_OKHTTP='29',REQUEST_SYNCHRONOUS='FALSE',RESPONSE_CODE='200',RESPONSE_METHOD='GET',RESPONSE_LENGTH_OKHTTP='2',RESPONSE_LENGTH_HEADER='2',REQUEST_PROTOCOL='http/1.1',REQUEST_URL='https://project-travel-mate.herokuapp.com/api/get-notifications',
08-04 00:06:29.588   512  2967 D audio_hw_primary: disable_audio_route: reset and update mixer path: low-latency-playback speaker
08-04 00:06:29.591   512  2967 D audio_hw_primary: disable_snd_device: snd_device(2: speaker)
08-04 00:06:29.596 26377 29384 I NAPPA_EXPERIMENTATION: MetricNetworkRequestExecutionTime: REQUEST_DURATION_SYSTEM='524',REQUEST_DURATION_OKHTTP='45',REQUEST_SYNCHRONOUS='FALSE',RESPONSE_CODE='200',RESPONSE_METHOD='GET',RESPONSE_LENGTH_OKHTTP='2',RESPONSE_LENGTH_HEADER='2',REQUEST_PROTOCOL='http/1.1',REQUEST_URL='https://project-travel-mate.herokuapp.com/api/get-notifications',
08-04 00:06:29.600   512  2967 I soundtrigger: audio_extn_sound_trigger_update_device_status: device 0x2 of type 0 for Event 0
08-04 00:06:29.745 26377 26388 I art     : Starting a blocking GC Explicit
08-04 00:06:29.769 26377 26377 V Response: [] 
08-04 00:06:29.773 26377 26443 D Gabe    : call	returning from cache
08-04 00:06:29.773 26377 26377 V Response: [] 
08-04 00:06:29.777 26377 26443 D Gabe    : call	returning from cache
08-04 00:06:29.805 26377 26388 I art     : Explicit concurrent mark sweep GC freed 8359(418KB) AllocSpace objects, 8(448KB) LOS objects, 7% free, 190MB/206MB, paused 1.583ms total 59.156ms
08-04 00:06:29.825 26377 26388 I art     : Starting a blocking GC Explicit
08-04 00:06:29.882 26377 26388 I art     : Explicit concurrent mark sweep GC freed 3697(297KB) AllocSpace objects, 1(188KB) LOS objects, 7% free, 190MB/206MB, paused 1.517ms total 56.463ms
08-04 00:06:29.901 26377 26388 I art     : Starting a blocking GC Explicit
08-04 00:06:29.955 26377 26388 I art     : Explicit concurrent mark sweep GC freed 1840(67KB) AllocSpace objects, 0(0B) LOS objects, 7% free, 189MB/205MB, paused 1.350ms total 53.580ms
08-04 00:06:29.974 26377 26388 I art     : Starting a blocking GC Explicit
08-04 00:06:30.027 26377 26388 I art     : Explicit concurrent mark sweep GC freed 292(4KB) AllocSpace objects, 0(0B) LOS objects, 7% free, 189MB/205MB, paused 1.506ms total 52.979ms
08-04 00:06:30.045 26377 26388 I art     : Starting a blocking GC Explicit
08-04 00:06:30.100 26377 26388 I art     : Explicit concurrent mark sweep GC freed 462(9KB) AllocSpace objects, 0(0B) LOS objects, 7% free, 189MB/205MB, paused 1.395ms total 53.888ms
08-04 00:06:30.373 23490 23490 I ServiceManager: Waiting for service AtCmdFwd...
08-04 00:06:30.502 26377 26388 I art     : Starting a blocking GC Explicit
08-04 00:06:30.556 26377 26388 I art     : Explicit concurrent mark sweep GC freed 3700(134KB) AllocSpace objects, 2(48KB) LOS objects, 7% free, 189MB/205MB, paused 1.306ms total 53.696ms
08-04 00:06:30.575 26377 26388 I art     : Starting a blocking GC Explicit
08-04 00:06:30.631 26377 26388 I art     : Explicit concurrent mark sweep GC freed 341(5KB) AllocSpace objects, 0(0B) LOS objects, 7% free, 189MB/205MB, paused 1.527ms total 56.178ms
08-04 00:06:30.650 26377 26388 I art     : Starting a blocking GC Explicit
08-04 00:06:30.701 26377 26388 I art     : Explicit concurrent mark sweep GC freed 321(5KB) AllocSpace objects, 0(0B) LOS objects, 7% free, 189MB/205MB, paused 1.326ms total 51.191ms
08-04 00:06:30.720 26377 26388 I art     : Starting a blocking GC Explicit
08-04 00:06:30.771 26377 26388 I art     : Explicit concurrent mark sweep GC freed 291(4KB) AllocSpace objects, 0(0B) LOS objects, 7% free, 189MB/205MB, paused 1.322ms total 51.077ms
08-04 00:06:30.791 26377 26388 I art     : Starting a blocking GC Explicit
08-04 00:06:30.843 26377 26388 I art     : Explicit concurrent mark sweep GC freed 296(4KB) AllocSpace objects, 0(0B) LOS objects, 7% free, 189MB/205MB, paused 1.410ms total 52.262ms
08-04 00:06:31.237 26377 26654 I art     : Starting a blocking GC Explicit
08-04 00:06:31.288 26377 26654 I art     : Explicit concurrent mark sweep GC freed 3528(123KB) AllocSpace objects, 2(48KB) LOS objects, 7% free, 189MB/205MB, paused 1.342ms total 50.471ms
08-04 00:06:31.308 26377 26654 I art     : Starting a blocking GC Explicit
08-04 00:06:31.361 26377 26654 I art     : Explicit concurrent mark sweep GC freed 332(6KB) AllocSpace objects, 0(0B) LOS objects, 7% free, 189MB/205MB, paused 1.502ms total 53.033ms
08-04 00:06:31.374 23490 23490 I ServiceManager: Waiting for service AtCmdFwd...
08-04 00:06:31.379 26377 26654 I art     : Starting a blocking GC Explicit
08-04 00:06:31.433 26377 26654 I art     : Explicit concurrent mark sweep GC freed 327(5KB) AllocSpace objects, 0(0B) LOS objects, 7% free, 189MB/205MB, paused 1.535ms total 53.192ms
08-04 00:06:31.452 26377 26654 I art     : Starting a blocking GC Explicit
08-04 00:06:31.507 26377 26654 I art     : Explicit concurrent mark sweep GC freed 307(4KB) AllocSpace objects, 0(0B) LOS objects, 7% free, 189MB/205MB, paused 1.471ms total 55.513ms
08-04 00:06:31.508 26377 26387 I art     : WaitForGcToComplete blocked for 15.732ms for cause HeapTrim
08-04 00:06:31.527 26377 26654 I art     : Starting a blocking GC Explicit
08-04 00:06:31.582 26377 26654 I art     : Explicit concurrent mark sweep GC freed 310(4KB) AllocSpace objects, 0(0B) LOS objects, 7% free, 189MB/205MB, paused 1.604ms total 54.993ms
08-04 00:06:31.986 26377 26654 I art     : Starting a blocking GC Explicit
08-04 00:06:32.045 26377 26654 I art     : Explicit concurrent mark sweep GC freed 3545(123KB) AllocSpace objects, 2(48KB) LOS objects, 7% free, 189MB/205MB, paused 1.230ms total 57.648ms
08-04 00:06:32.063 26377 26654 I art     : Starting a blocking GC Explicit
08-04 00:06:32.116 26377 26654 I art     : Explicit concurrent mark sweep GC freed 404(7KB) AllocSpace objects, 0(0B) LOS objects, 7% free, 189MB/205MB, paused 1.357ms total 52.034ms
08-04 00:06:32.134 26377 26654 I art     : Starting a blocking GC Explicit
08-04 00:06:32.187 26377 26654 I art     : Explicit concurrent mark sweep GC freed 322(5KB) AllocSpace objects, 0(0B) LOS objects, 7% free, 189MB/205MB, paused 1.310ms total 52.124ms
08-04 00:06:32.205 26377 26654 I art     : Starting a blocking GC Explicit
08-04 00:06:32.260 26377 26654 I art     : Explicit concurrent mark sweep GC freed 283(4KB) AllocSpace objects, 0(0B) LOS objects, 7% free, 189MB/205MB, paused 1.292ms total 54.133ms
08-04 00:06:32.279 26377 26654 I art     : Starting a blocking GC Explicit
08-04 00:06:32.335 26377 26654 I art     : Explicit concurrent mark sweep GC freed 351(5KB) AllocSpace objects, 0(0B) LOS objects, 7% free, 189MB/205MB, paused 1.473ms total 55.728ms
08-04 00:06:32.375 23490 23490 I ServiceManager: Waiting for service AtCmdFwd...
08-04 00:06:32.733 26377 26388 I art     : Starting a blocking GC Explicit
08-04 00:06:32.794 26377 26388 I art     : Explicit concurrent mark sweep GC freed 3490(122KB) AllocSpace objects, 2(48KB) LOS objects, 7% free, 189MB/205MB, paused 1.336ms total 61.312ms
08-04 00:06:32.814 26377 26388 I art     : Starting a blocking GC Explicit
08-04 00:06:32.868 26377 26388 I art     : Explicit concurrent mark sweep GC freed 367(6KB) AllocSpace objects, 0(0B) LOS objects, 7% free, 189MB/205MB, paused 1.515ms total 54.261ms
08-04 00:06:32.887   918  3261 D WifiStateMachine: starting scan for "H369AA63323"WPA_PSK with 2412,5180
08-04 00:06:32.888 26377 26388 I art     : Starting a blocking GC Explicit
08-04 00:06:32.944 26377 26388 I art     : Explicit concurrent mark sweep GC freed 306(4KB) AllocSpace objects, 0(0B) LOS objects, 7% free, 189MB/205MB, paused 1.282ms total 55.952ms
08-04 00:06:32.964 26377 26388 I art     : Starting a blocking GC Explicit
08-04 00:06:33.016 26377 26388 I art     : Explicit concurrent mark sweep GC freed 306(4KB) AllocSpace objects, 0(0B) LOS objects, 7% free, 189MB/205MB, paused 1.366ms total 51.837ms
08-04 00:06:33.034 26377 26388 I art     : Starting a blocking GC Explicit
08-04 00:06:33.086 26377 26388 I art     : Explicit concurrent mark sweep GC freed 342(5KB) AllocSpace objects, 0(0B) LOS objects, 7% free, 189MB/205MB, paused 1.263ms total 51.302ms
08-04 00:06:33.375 23490 23490 W Atfwd_Sendcmd: AtCmdFwd service not published, waiting... retryCnt : 5
08-04 00:06:33.470 26377 26654 I art     : Starting a blocking GC Explicit
08-04 00:06:33.506   518   646 I ThermalEngine: ACTION: GPU - Setting GPU[0] to 390000000
08-04 00:06:33.544 26377 26654 I art     : Explicit concurrent mark sweep GC freed 3574(125KB) AllocSpace objects, 2(48KB) LOS objects, 7% free, 189MB/205MB, paused 1.930ms total 74.366ms
08-04 00:06:33.570 26377 26654 I art     : Starting a blocking GC Explicit
08-04 00:06:33.634 26377 26654 I art     : Explicit concurrent mark sweep GC freed 566(17KB) AllocSpace objects, 0(0B) LOS objects, 7% free, 189MB/205MB, paused 2.010ms total 64.230ms
08-04 00:06:33.659 26377 26654 I art     : Starting a blocking GC Explicit
08-04 00:06:33.730 26377 26654 I art     : Explicit concurrent mark sweep GC freed 394(6KB) AllocSpace objects, 0(0B) LOS objects, 7% free, 189MB/205MB, paused 2.314ms total 71.319ms
08-04 00:06:33.757 26377 26654 I art     : Starting a blocking GC Explicit
08-04 00:06:33.827 26377 26654 I art     : Explicit concurrent mark sweep GC freed 423(6KB) AllocSpace objects, 0(0B) LOS objects, 7% free, 189MB/205MB, paused 1.913ms total 69.246ms
08-04 00:06:33.842 29443 29443 D AndroidRuntime: >>>>>> START com.android.internal.os.RuntimeInit uid 2000 <<<<<<
08-04 00:06:33.848 29443 29443 D AndroidRuntime: CheckJNI is OFF
08-04 00:06:33.855 26377 26654 I art     : Starting a blocking GC Explicit
08-04 00:06:33.899 29443 29443 D ICU     : No timezone override file found: /data/misc/zoneinfo/current/icu/icu_tzdata.dat
08-04 00:06:33.924 26377 26654 I art     : Explicit concurrent mark sweep GC freed 423(6KB) AllocSpace objects, 0(0B) LOS objects, 7% free, 189MB/205MB, paused 1.975ms total 68.584ms
08-04 00:06:33.942 29443 29443 I Radio-JNI: register_android_hardware_Radio DONE
08-04 00:06:33.974 29443 29443 D AndroidRuntime: Calling main entry com.android.commands.input.Input
08-04 00:06:33.977 29443 29443 I Input   : injectKeyEvent: KeyEvent { action=ACTION_DOWN, keyCode=KEYCODE_BACK, scanCode=0, metaState=0, flags=0x0, repeatCount=0, eventTime=662810390, downTime=662810390, deviceId=-1, source=0x101 }
08-04 00:06:33.991 29443 29443 I Input   : injectKeyEvent: KeyEvent { action=ACTION_UP, keyCode=KEYCODE_BACK, scanCode=0, metaState=0, flags=0x0, repeatCount=0, eventTime=662810390, downTime=662810390, deviceId=-1, source=0x101 }
08-04 00:06:33.997 29443 29443 D AndroidRuntime: Shutting down VM
08-04 00:06:34.017 26377 26377 V MainActivity: url = https://project-travel-mate.herokuapp.com/api/number-of-unread-notifications
08-04 00:06:34.057 13866 13866 I GoogleInputMethodServic: GoogleInputMethodService.onFinishInput():3138 
08-04 00:06:34.058 13866 13866 I GoogleInputMethodServic: GoogleInputMethodService.onStartInput():1808 
08-04 00:06:34.345   380   380 W SurfaceFlinger: couldn't log to binary event log: overflow.
08-04 00:06:34.389 26377 26389 I art     : Starting a blocking GC Explicit
08-04 00:06:34.468 26377 26389 I art     : Explicit concurrent mark sweep GC freed 2889(129KB) AllocSpace objects, 3(4MB) LOS objects, 7% free, 185MB/201MB, paused 2.408ms total 78.129ms
08-04 00:06:34.497 26377 26389 I art     : Starting a blocking GC Explicit
08-04 00:06:34.573 26377 26389 I art     : Explicit concurrent mark sweep GC freed 6383(313KB) AllocSpace objects, 5(256KB) LOS objects, 7% free, 185MB/201MB, paused 3.082ms total 75.284ms
08-04 00:06:34.596 26377 29464 I NAPPA_EXPERIMENTATION: MetricNetworkRequestExecutionTime: REQUEST_DURATION_SYSTEM='578',REQUEST_DURATION_OKHTTP='29',REQUEST_SYNCHRONOUS='FALSE',RESPONSE_CODE='200',RESPONSE_METHOD='GET',RESPONSE_LENGTH_OKHTTP='36',RESPONSE_LENGTH_HEADER='36',REQUEST_PROTOCOL='http/1.1',REQUEST_URL='https://project-travel-mate.herokuapp.com/api/number-of-unread-notifications',
08-04 00:06:34.600 26377 26389 I art     : Starting a blocking GC Explicit
08-04 00:06:34.678 26377 26389 I art     : Explicit concurrent mark sweep GC freed 1080(128KB) AllocSpace objects, 0(0B) LOS objects, 7% free, 185MB/201MB, paused 2.190ms total 77.549ms
08-04 00:06:34.706 26377 26389 I art     : Starting a blocking GC Explicit
08-04 00:06:34.785 26377 26389 I art     : Explicit concurrent mark sweep GC freed 100(4KB) AllocSpace objects, 0(0B) LOS objects, 7% free, 185MB/201MB, paused 2.335ms total 77.837ms
08-04 00:06:34.813 26377 26389 I art     : Starting a blocking GC Explicit
08-04 00:06:34.896 26377 26389 I art     : Explicit concurrent mark sweep GC freed 3(96B) AllocSpace objects, 0(0B) LOS objects, 7% free, 185MB/201MB, paused 2.886ms total 81.756ms
08-04 00:06:35.375 26377 26388 I art     : Starting a blocking GC Explicit
08-04 00:06:35.456 26377 26388 I art     : Explicit concurrent mark sweep GC freed 1623(93KB) AllocSpace objects, 2(48KB) LOS objects, 7% free, 185MB/201MB, paused 2.143ms total 81.145ms
08-04 00:06:35.483 26377 26388 I art     : Starting a blocking GC Explicit
08-04 00:06:35.555 26377 26388 I art     : Explicit concurrent mark sweep GC freed 28(1024B) AllocSpace objects, 0(0B) LOS objects, 7% free, 185MB/201MB, paused 2.226ms total 71.948ms
08-04 00:06:35.582 26377 26388 I art     : Starting a blocking GC Explicit
08-04 00:06:35.658 26377 26388 I art     : Explicit concurrent mark sweep GC freed 15(752B) AllocSpace objects, 0(0B) LOS objects, 7% free, 185MB/201MB, paused 2.128ms total 74.949ms
08-04 00:06:35.686 26377 26388 I art     : Starting a blocking GC Explicit
08-04 00:06:35.762 26377 26388 I art     : Explicit concurrent mark sweep GC freed 13(640B) AllocSpace objects, 0(0B) LOS objects, 7% free, 185MB/201MB, paused 2.237ms total 75.512ms
08-04 00:06:35.789 26377 26388 I art     : Starting a blocking GC Explicit
08-04 00:06:35.865 26377 26388 I art     : Explicit concurrent mark sweep GC freed 3(96B) AllocSpace objects, 0(0B) LOS objects, 7% free, 185MB/201MB, paused 2.316ms total 75.104ms
08-04 00:06:35.870 29486 29486 D AndroidRuntime: >>>>>> START com.android.internal.os.RuntimeInit uid 2000 <<<<<<
08-04 00:06:35.876 29486 29486 D AndroidRuntime: CheckJNI is OFF
08-04 00:06:35.879   918  3188 I hubconnection: sensorhub said: 'set_bias 3: -5.2320, 0.0000, 0.0000'
08-04 00:06:35.929 29486 29486 D ICU     : No timezone override file found: /data/misc/zoneinfo/current/icu/icu_tzdata.dat
08-04 00:06:35.974 29486 29486 I Radio-JNI: register_android_hardware_Radio DONE
08-04 00:06:36.006 29486 29486 D AndroidRuntime: Calling main entry com.android.commands.input.Input
08-04 00:06:36.008 29486 29486 I Input   : injectMotionEvent: MotionEvent { action=ACTION_DOWN, actionButton=0, id[0]=0, x[0]=117.0, y[0]=170.0, toolType[0]=TOOL_TYPE_UNKNOWN, buttonState=0, metaState=0, flags=0x0, edgeFlags=0x0, pointerCount=1, historySize=0, eventTime=662812421, downTime=662812421, deviceId=0, source=0x1002 }
08-04 00:06:36.016 29486 29486 I Input   : injectMotionEvent: MotionEvent { action=ACTION_UP, actionButton=0, id[0]=0, x[0]=117.0, y[0]=170.0, toolType[0]=TOOL_TYPE_UNKNOWN, buttonState=0, metaState=0, flags=0x0, edgeFlags=0x0, pointerCount=1, historySize=0, eventTime=662812421, downTime=662812421, deviceId=0, source=0x1002 }
08-04 00:06:36.020 29486 29486 D AndroidRuntime: Shutting down VM
08-04 00:06:36.037   512  2967 D audio_hw_primary: out_set_parameters: enter: usecase(1: low-latency-playback) kvpairs: routing=2
08-04 00:06:36.050   512  2967 D audio_hw_primary: select_devices: out_snd_device(2: speaker) in_snd_device(0: none)
08-04 00:06:36.050   512  2967 D msm8974_platform: platform_send_audio_calibration: sending audio calibration for snd_device(2) acdb_id(15)
08-04 00:06:36.050   512  2967 I soundtrigger: audio_extn_sound_trigger_update_device_status: device 0x2 of type 0 for Event 1
08-04 00:06:36.061   512  2967 D audio_hw_primary: enable_snd_device: snd_device(2: speaker)
08-04 00:06:36.064   512  2967 D audio_hw_primary: enable_audio_route: apply and update mixer path: low-latency-playback speaker
08-04 00:06:36.342 26377 26397 I art     : Starting a blocking GC Explicit
08-04 00:06:36.415 26377 26397 I art     : Explicit concurrent mark sweep GC freed 2032(113KB) AllocSpace objects, 2(48KB) LOS objects, 7% free, 185MB/201MB, paused 2.938ms total 73.068ms
08-04 00:06:36.441 26377 26397 I art     : Starting a blocking GC Explicit
08-04 00:06:36.509   518   646 I ThermalEngine: ACTION: GPU - Setting GPU[0] to 450000000
08-04 00:06:36.511 26377 26397 I art     : Explicit concurrent mark sweep GC freed 63(2496B) AllocSpace objects, 0(0B) LOS objects, 7% free, 185MB/201MB, paused 2.617ms total 69.464ms
08-04 00:06:36.530 26377 26397 I art     : Starting a blocking GC Explicit
08-04 00:06:36.587 26377 26397 I art     : Explicit concurrent mark sweep GC freed 8(256B) AllocSpace objects, 0(0B) LOS objects, 7% free, 185MB/201MB, paused 1.368ms total 56.115ms
08-04 00:06:36.606 26377 26397 I art     : Starting a blocking GC Explicit
08-04 00:06:36.619   512  2967 D audio_hw_primary: disable_audio_route: reset and update mixer path: low-latency-playback speaker
08-04 00:06:36.620   512  2967 D audio_hw_primary: disable_snd_device: snd_device(2: speaker)
08-04 00:06:36.628   512  2967 I soundtrigger: audio_extn_sound_trigger_update_device_status: device 0x2 of type 0 for Event 0
08-04 00:06:36.664 26377 26397 I art     : Explicit concurrent mark sweep GC freed 13(608B) AllocSpace objects, 0(0B) LOS objects, 7% free, 185MB/201MB, paused 1.577ms total 57.836ms
08-04 00:06:36.684 26377 26397 I art     : Starting a blocking GC Explicit
08-04 00:06:36.743 26377 26397 I art     : Explicit concurrent mark sweep GC freed 17(528B) AllocSpace objects, 0(0B) LOS objects, 7% free, 185MB/201MB, paused 1.411ms total 58.713ms
08-04 00:06:36.845 29509 29509 D AndroidRuntime: >>>>>> START com.android.internal.os.RuntimeInit uid 2000 <<<<<<
08-04 00:06:36.853 29509 29509 D AndroidRuntime: CheckJNI is OFF
08-04 00:06:36.901 29509 29509 D ICU     : No timezone override file found: /data/misc/zoneinfo/current/icu/icu_tzdata.dat
08-04 00:06:36.944 29509 29509 I Radio-JNI: register_android_hardware_Radio DONE
08-04 00:06:36.972 29509 29509 D AndroidRuntime: Calling main entry com.android.commands.input.Input
08-04 00:06:36.974 29509 29509 I Input   : injectMotionEvent: MotionEvent { action=ACTION_DOWN, actionButton=0, id[0]=0, x[0]=418.0, y[0]=842.0, toolType[0]=TOOL_TYPE_UNKNOWN, buttonState=0, metaState=0, flags=0x0, edgeFlags=0x0, pointerCount=1, historySize=0, eventTime=662813387, downTime=662813387, deviceId=0, source=0x1002 }
08-04 00:06:36.979 29509 29509 I Input   : injectMotionEvent: MotionEvent { action=ACTION_UP, actionButton=0, id[0]=0, x[0]=418.0, y[0]=842.0, toolType[0]=TOOL_TYPE_UNKNOWN, buttonState=0, metaState=0, flags=0x0, edgeFlags=0x0, pointerCount=1, historySize=0, eventTime=662813387, downTime=662813387, deviceId=0, source=0x1002 }
08-04 00:06:36.981 29509 29509 D AndroidRuntime: Shutting down VM
08-04 00:06:37.002   512  2967 D audio_hw_primary: out_set_parameters: enter: usecase(1: low-latency-playback) kvpairs: routing=2
08-04 00:06:37.003 26377 26443 D Gabe    : call	returning from cache
08-04 00:06:37.016   512  2967 D audio_hw_primary: select_devices: out_snd_device(2: speaker) in_snd_device(0: none)
08-04 00:06:37.016   512  2967 D msm8974_platform: platform_send_audio_calibration: sending audio calibration for snd_device(2) acdb_id(15)
08-04 00:06:37.016   512  2967 I soundtrigger: audio_extn_sound_trigger_update_device_status: device 0x2 of type 0 for Event 1
08-04 00:06:37.025 26377 26377 V MainActivity: url = https://project-travel-mate.herokuapp.com/api/number-of-unread-notifications
08-04 00:06:37.025   512  2967 D audio_hw_primary: enable_snd_device: snd_device(2: speaker)
08-04 00:06:37.028   512  2967 D audio_hw_primary: enable_audio_route: apply and update mixer path: low-latency-playback speaker
08-04 00:06:37.071   512  2967 D AudioFlinger: mixer(0xf4740000) throttle end: throttle time(12)
08-04 00:06:37.153 26377 26654 I art     : Starting a blocking GC Explicit
08-04 00:06:37.222 26377 26654 I art     : Explicit concurrent mark sweep GC freed 3663(217KB) AllocSpace objects, 2(48KB) LOS objects, 7% free, 185MB/201MB, paused 2.548ms total 68.933ms
08-04 00:06:37.242 26377 26654 I art     : Starting a blocking GC Explicit
08-04 00:06:37.306 26377 26654 I art     : Explicit concurrent mark sweep GC freed 565(35KB) AllocSpace objects, 0(0B) LOS objects, 7% free, 185MB/201MB, paused 2ms total 63.763ms
08-04 00:06:37.327 26377 26654 I art     : Starting a blocking GC Explicit
08-04 00:06:37.394 26377 26654 I art     : Explicit concurrent mark sweep GC freed 336(21KB) AllocSpace objects, 0(0B) LOS objects, 7% free, 186MB/202MB, paused 2.042ms total 67.499ms
08-04 00:06:37.414 26377 26654 I art     : Starting a blocking GC Explicit
08-04 00:06:37.483 26377 26654 I art     : Explicit concurrent mark sweep GC freed 311(24KB) AllocSpace objects, 0(0B) LOS objects, 7% free, 186MB/202MB, paused 1.995ms total 68.001ms
08-04 00:06:37.503 26377 26654 I art     : Starting a blocking GC Explicit
08-04 00:06:37.558 26377 26377 I Choreographer: Skipped 31 frames!  The application may be doing too much work on its main thread.
08-04 00:06:37.568   512  2967 D audio_hw_primary: disable_audio_route: reset and update mixer path: low-latency-playback speaker
08-04 00:06:37.570   512  2967 D audio_hw_primary: disable_snd_device: snd_device(2: speaker)
08-04 00:06:37.573 26377 29533 I NAPPA_EXPERIMENTATION: MetricNetworkRequestExecutionTime: REQUEST_DURATION_SYSTEM='546',REQUEST_DURATION_OKHTTP='28',REQUEST_SYNCHRONOUS='FALSE',RESPONSE_CODE='200',RESPONSE_METHOD='GET',RESPONSE_LENGTH_OKHTTP='36',RESPONSE_LENGTH_HEADER='36',REQUEST_PROTOCOL='http/1.1',REQUEST_URL='https://project-travel-mate.herokuapp.com/api/number-of-unread-notifications',
08-04 00:06:37.575 26377 26654 I art     : Explicit concurrent mark sweep GC freed 4457(197KB) AllocSpace objects, 2(160KB) LOS objects, 7% free, 186MB/202MB, paused 2.937ms total 71.097ms
08-04 00:06:37.582   512  2967 I soundtrigger: audio_extn_sound_trigger_update_device_status: device 0x2 of type 0 for Event 0
08-04 00:06:37.983 26377 26397 I art     : Starting a blocking GC Explicit
08-04 00:06:38.055 26377 26397 I art     : Explicit concurrent mark sweep GC freed 5548(354KB) AllocSpace objects, 12(356KB) LOS objects, 7% free, 186MB/202MB, paused 1.625ms total 72.034ms
08-04 00:06:38.076 26377 26397 I art     : Starting a blocking GC Explicit
08-04 00:06:38.145 26377 26397 I art     : Explicit concurrent mark sweep GC freed 276(8KB) AllocSpace objects, 0(0B) LOS objects, 7% free, 186MB/202MB, paused 1.514ms total 68.817ms
08-04 00:06:38.167 26377 26397 I art     : Starting a blocking GC Explicit
08-04 00:06:38.236 26377 26397 I art     : Explicit concurrent mark sweep GC freed 184(3KB) AllocSpace objects, 0(0B) LOS objects, 7% free, 186MB/202MB, paused 1.588ms total 69.563ms
08-04 00:06:38.257 26377 26397 I art     : Starting a blocking GC Explicit
08-04 00:06:38.328 26377 26397 I art     : Explicit concurrent mark sweep GC freed 123(2096B) AllocSpace objects, 0(0B) LOS objects, 7% free, 186MB/202MB, paused 1.631ms total 70.567ms
08-04 00:06:38.349 26377 26397 I art     : Starting a blocking GC Explicit
08-04 00:06:38.420 26377 26397 I art     : Explicit concurrent mark sweep GC freed 146(2464B) AllocSpace objects, 0(0B) LOS objects, 7% free, 186MB/202MB, paused 1.705ms total 70.904ms
08-04 00:06:38.834 26377 26389 I art     : Starting a blocking GC Explicit
08-04 00:06:38.932 26377 26389 I art     : Explicit concurrent mark sweep GC freed 2350(105KB) AllocSpace objects, 2(64KB) LOS objects, 7% free, 186MB/202MB, paused 1.638ms total 97.083ms
08-04 00:06:38.952 26377 26389 I art     : Starting a blocking GC Explicit
08-04 00:06:39.023 26377 26389 I art     : Explicit concurrent mark sweep GC freed 183(3KB) AllocSpace objects, 0(0B) LOS objects, 7% free, 186MB/202MB, paused 1.596ms total 70.907ms
08-04 00:06:39.044 26377 26389 I art     : Starting a blocking GC Explicit
08-04 00:06:39.120 26377 26389 I art     : Explicit concurrent mark sweep GC freed 128(2176B) AllocSpace objects, 0(0B) LOS objects, 7% free, 186MB/202MB, paused 1.800ms total 75.772ms
08-04 00:06:39.142 26377 26389 I art     : Starting a blocking GC Explicit
08-04 00:06:39.215 26377 26389 I art     : Explicit concurrent mark sweep GC freed 179(3KB) AllocSpace objects, 0(0B) LOS objects, 7% free, 186MB/202MB, paused 1.416ms total 72.907ms
08-04 00:06:39.237 26377 26389 I art     : Starting a blocking GC Explicit
08-04 00:06:39.300 26377 26389 I art     : Explicit concurrent mark sweep GC freed 123(2096B) AllocSpace objects, 0(0B) LOS objects, 7% free, 186MB/202MB, paused 1.380ms total 63.347ms
08-04 00:06:39.735 26377 26388 I art     : Starting a blocking GC Explicit
08-04 00:06:39.804 26377 26388 I art     : Explicit concurrent mark sweep GC freed 2307(103KB) AllocSpace objects, 2(64KB) LOS objects, 7% free, 186MB/202MB, paused 1.634ms total 68.415ms
08-04 00:06:39.817 29585 29585 D AndroidRuntime: >>>>>> START com.android.internal.os.RuntimeInit uid 2000 <<<<<<
08-04 00:06:39.823 29585 29585 D AndroidRuntime: CheckJNI is OFF
08-04 00:06:39.825 26377 26388 I art     : Starting a blocking GC Explicit
08-04 00:06:39.867 29585 29585 D ICU     : No timezone override file found: /data/misc/zoneinfo/current/icu/icu_tzdata.dat
08-04 00:06:39.892 26377 26388 I art     : Explicit concurrent mark sweep GC freed 171(3KB) AllocSpace objects, 0(0B) LOS objects, 7% free, 186MB/202MB, paused 1.565ms total 66.461ms
08-04 00:06:39.914 26377 26388 I art     : Starting a blocking GC Explicit
08-04 00:06:39.915 29585 29585 I Radio-JNI: register_android_hardware_Radio DONE
08-04 00:06:39.943 29585 29585 D AndroidRuntime: Calling main entry com.android.commands.am.Am
08-04 00:06:39.954  8825  8825 I Trepn   : Trepn 6.2s: Received intent: com.quicinc.trepn.stop_profiling
08-04 00:06:39.982 26377 26388 I art     : Explicit concurrent mark sweep GC freed 124(2128B) AllocSpace objects, 0(0B) LOS objects, 7% free, 186MB/202MB, paused 1.348ms total 67.700ms
08-04 00:06:40.002 26377 26388 I art     : Starting a blocking GC Explicit
08-04 00:06:40.010  8825  8825 I Trepn   : Trepn 6.2s: Trepn has Stopped Profiling.
08-04 00:06:40.067 26377 26388 I art     : Explicit concurrent mark sweep GC freed 123(2096B) AllocSpace objects, 0(0B) LOS objects, 7% free, 186MB/202MB, paused 1.674ms total 65.337ms
08-04 00:06:40.088 26377 26388 I art     : Starting a blocking GC Explicit
08-04 00:06:40.161 26377 26388 I art     : Explicit concurrent mark sweep GC freed 146(2464B) AllocSpace objects, 0(0B) LOS objects, 7% free, 186MB/202MB, paused 1.558ms total 71.927ms
08-04 00:06:40.241 29585 29585 D AndroidRuntime: Shutting down VM
08-04 00:06:40.246   918  6111 W AppOps  : Finishing op nesting under-run: uid 10078 pkg com.quicinc.trepn code 24 time=0 duration=0 nesting=0
08-04 00:06:40.573 26377 26397 I art     : Starting a blocking GC Explicit
08-04 00:06:40.641 26377 26397 I art     : Explicit concurrent mark sweep GC freed 2333(105KB) AllocSpace objects, 2(64KB) LOS objects, 7% free, 186MB/202MB, paused 1.455ms total 67.568ms
08-04 00:06:40.662 26377 26397 I art     : Starting a blocking GC Explicit
08-04 00:06:40.726 26377 26397 I art     : Explicit concurrent mark sweep GC freed 159(3KB) AllocSpace objects, 0(0B) LOS objects, 7% free, 186MB/202MB, paused 1.425ms total 63.753ms
08-04 00:06:40.746 26377 26397 I art     : Starting a blocking GC Explicit
08-04 00:06:40.810 26377 26397 I art     : Explicit concurrent mark sweep GC freed 123(2096B) AllocSpace objects, 0(0B) LOS objects, 7% free, 186MB/202MB, paused 1.385ms total 63.929ms
08-04 00:06:40.831 26377 26397 I art     : Starting a blocking GC Explicit
08-04 00:06:40.896 26377 26397 I art     : Explicit concurrent mark sweep GC freed 123(2096B) AllocSpace objects, 0(0B) LOS objects, 7% free, 186MB/202MB, paused 1.396ms total 64.682ms
08-04 00:06:40.916 26377 26397 I art     : Starting a blocking GC Explicit
08-04 00:06:40.987 26377 26397 I art     : Explicit concurrent mark sweep GC freed 123(2096B) AllocSpace objects, 0(0B) LOS objects, 7% free, 186MB/202MB, paused 1.435ms total 69.887ms
