--------- beginning of main
08-04 00:14:47.770  4283  4283 D AndroidRuntime: >>>>>> START com.android.internal.os.RuntimeInit uid 2000 <<<<<<
08-04 00:14:47.777  4283  4283 D AndroidRuntime: CheckJNI is OFF
08-04 00:14:47.810  4283  4283 D ICU     : No timezone override file found: /data/misc/zoneinfo/current/icu/icu_tzdata.dat
08-04 00:14:47.842  4283  4283 I Radio-JNI: register_android_hardware_Radio DONE
08-04 00:14:47.858  4283  4283 D AndroidRuntime: Calling main entry com.android.commands.monkey.Monkey
--------- beginning of system
08-04 00:14:47.875   918   931 W BroadcastQueue: Skipping deliver [background] BroadcastRecord{3676604 u-1 android.net.conn.CONNECTIVITY_CHANGE} to ReceiverList{32b5622 4283 (unknown name)/2000/u-1 remote:6e76696}: process crashing
08-04 00:14:47.886   918  5952 I ActivityManager: START u0 {act=android.intent.action.MAIN cat=[android.intent.category.LAUNCHER] flg=0x10200000 cmp=baseline.io.github.project_travel_mate/.SplashActivity} from uid 2000 on display 0
08-04 00:14:47.926   918  4413 I ActivityManager: Start proc 4292:baseline.io.github.project_travel_mate/u0a650 for activity baseline.io.github.project_travel_mate/.SplashActivity
08-04 00:14:47.929  4292  4292 I art     : Late-enabling -Xcheck:jni
08-04 00:14:47.949  4283  4283 I art     : System.exit called, status: 0
08-04 00:14:47.949  4283  4283 I AndroidRuntime: VM exiting with result code 0.
08-04 00:14:47.992  6202  8771 I PBSessionCacheImpl: Deleted sessionId[27278280657311515] from persistence.
08-04 00:14:47.993  4292  4292 W System  : ClassLoader referenced unknown path: /data/app/baseline.io.github.project_travel_mate-1/lib/arm64
08-04 00:14:47.995  6202  6241 W SearchServiceCore: Abort, client detached.
08-04 00:14:47.996  6202  6241 I MicroDetectionState: Should stop hotword detection immediately - true
08-04 00:14:48.020  4292  4292 W art     : Before Android 4.1, method android.graphics.PorterDuffColorFilter androidx.vectordrawable.graphics.drawable.VectorDrawableCompat.updateTintFilter(android.graphics.PorterDuffColorFilter, android.content.res.ColorStateList, android.graphics.PorterDuff$Mode) would have incorrectly overridden the package-private method in android.graphics.drawable.Drawable
08-04 00:14:48.034  4292  4292 I art     : Rejecting re-init on previously-failed class java.lang.Class<androidx.core.view.ViewCompat$OnUnhandledKeyEventListenerWrapper>
08-04 00:14:48.034  4292  4292 I art     : Rejecting re-init on previously-failed class java.lang.Class<androidx.core.view.ViewCompat$OnUnhandledKeyEventListenerWrapper>
08-04 00:14:48.063  4292  4308 D OpenGLRenderer: Use EGL_SWAP_BEHAVIOR_PRESERVED: true
08-04 00:14:48.108  4292  4308 I Adreno  : QUALCOMM build                   : fcf4852, I1af360237c
08-04 00:14:48.108  4292  4308 I Adreno  : Build Date                       : 09/23/15
08-04 00:14:48.108  4292  4308 I Adreno  : OpenGL ES Shader Compiler Version: XE031.05.13.02
08-04 00:14:48.108  4292  4308 I Adreno  : Local Branch                     : mybranch14465806
08-04 00:14:48.108  4292  4308 I Adreno  : Remote Branch                    : quic/LA.BF64.1.2.9_v2
08-04 00:14:48.108  4292  4308 I Adreno  : Remote Branch                    : NONE
08-04 00:14:48.108  4292  4308 I Adreno  : Reconstruct Branch               : NOTHING
08-04 00:14:48.117  4292  4308 I OpenGLRenderer: Initialized EGL, version 1.4
08-04 00:14:48.259 13866 13866 I GoogleInputMethodServic: GoogleInputMethodService.onFinishInput():3138 
08-04 00:14:48.259 13866 13866 I GoogleInputMethodServic: GoogleInputMethodService.onStartInput():1808 
08-04 00:14:48.260   918   936 I ActivityManager: Displayed baseline.io.github.project_travel_mate/.SplashActivity: +365ms
08-04 00:14:49.481  4324  4324 D AndroidRuntime: >>>>>> START com.android.internal.os.RuntimeInit uid 2000 <<<<<<
08-04 00:14:49.485  4324  4324 D AndroidRuntime: CheckJNI is OFF
08-04 00:14:49.510  4324  4324 D ICU     : No timezone override file found: /data/misc/zoneinfo/current/icu/icu_tzdata.dat
08-04 00:14:49.534  4324  4324 I Radio-JNI: register_android_hardware_Radio DONE
08-04 00:14:49.550  4324  4324 D AndroidRuntime: Calling main entry com.android.commands.am.Am
08-04 00:14:49.555  8825  8825 I Trepn   : Trepn 6.2s: Received intent: com.quicinc.trepn.start_profiling
08-04 00:14:49.632  8825  8825 W FileUtils: Failed to chmod(/storage/emulated/0/trepn/Trepn_2020.08.04_001449.db): android.system.ErrnoException: chmod failed: EPERM (Operation not permitted)
08-04 00:14:49.707  8825  8825 I Trepn   : Trepn 6.2s: Trepn has Started Profiling.
08-04 00:14:49.708  4324  4324 D AndroidRuntime: Shutting down VM
08-04 00:14:50.141   918  6111 I ActivityManager: START u0 {cmp=baseline.io.github.project_travel_mate/.MainActivity} from uid 10650 on display 0
08-04 00:14:50.219  4292  4292 W Settings: Setting airplane_mode_on has moved from android.provider.Settings.System to android.provider.Settings.Global, returning read-only value.
08-04 00:14:50.231  4292  4292 V MainActivity: url=https://project-travel-mate.herokuapp.com/api/get-user
08-04 00:14:50.241  4292  4304 I art     : Starting a blocking GC Explicit
08-04 00:14:50.274  4292  4358 W LOTTIE  : Unknown mask mode mode. Defaulting to Add.
08-04 00:14:50.281  4292  4358 W LOTTIE  : You have 5 images. Lottie should primarily be used with shapes. If you are using Adobe Illustrator, convert the Illustrator layers to shape layers.
08-04 00:14:50.282  4292  4358 W LOTTIE  : Unknown mask mode mode. Defaulting to Add.
08-04 00:14:50.282  4292  4358 W LOTTIE  : Unknown mask mode mode. Defaulting to Add.
08-04 00:14:50.301  4292  4304 I art     : Explicit concurrent mark sweep GC freed 66527(3MB) AllocSpace objects, 3(60KB) LOS objects, 40% free, 23MB/39MB, paused 2.532ms total 59.550ms
08-04 00:14:50.313  4292  4304 I art     : Starting a blocking GC Explicit
08-04 00:14:50.327  4292  4304 I art     : Explicit concurrent mark sweep GC freed 8199(431KB) AllocSpace objects, 0(0B) LOS objects, 40% free, 22MB/38MB, paused 249us total 13.645ms
08-04 00:14:50.331  4292  4292 V CityFragment: url=https://project-travel-mate.herokuapp.com/api/get-all-cities/10
08-04 00:14:50.335  4292  4304 I art     : Starting a blocking GC Explicit
08-04 00:14:50.351  4292  4304 I art     : Explicit concurrent mark sweep GC freed 939(47KB) AllocSpace objects, 0(0B) LOS objects, 40% free, 23MB/38MB, paused 3.055ms total 15.817ms
08-04 00:14:50.360  4292  4304 I art     : Starting a blocking GC Explicit
08-04 00:14:50.377  4292  4304 I art     : Explicit concurrent mark sweep GC freed 321(27KB) AllocSpace objects, 0(0B) LOS objects, 40% free, 23MB/38MB, paused 226us total 17.748ms
08-04 00:14:50.391  4292  4304 I art     : Starting a blocking GC Explicit
08-04 00:14:50.404  4292  4304 I art     : Explicit concurrent mark sweep GC freed 19(1360B) AllocSpace objects, 0(0B) LOS objects, 40% free, 23MB/38MB, paused 221us total 12.804ms
08-04 00:14:50.467  4292  4292 E RecyclerView: No adapter attached; skipping layout
08-04 00:14:50.645   918   936 I ActivityManager: Displayed baseline.io.github.project_travel_mate/.MainActivity: +496ms
08-04 00:14:50.645  4292  4292 V MainActivity: url = https://project-travel-mate.herokuapp.com/api/number-of-unread-notifications
08-04 00:14:50.654 13866 13866 I GoogleInputMethodServic: GoogleInputMethodService.onFinishInput():3138 
08-04 00:14:50.655 13866 13866 I GoogleInputMethodServic: GoogleInputMethodService.onStartInput():1808 
08-04 00:14:50.656  4292  4292 E RecyclerView: No adapter attached; skipping layout
08-04 00:14:50.681  4292  4305 I art     : Starting a blocking GC Explicit
08-04 00:14:50.699  4292  4305 I art     : Explicit concurrent mark sweep GC freed 7196(466KB) AllocSpace objects, 1(20KB) LOS objects, 36% free, 27MB/43MB, paused 427us total 18.108ms
08-04 00:14:50.709  4292  4305 I art     : Starting a blocking GC Explicit
08-04 00:14:50.725  4292  4305 I art     : Explicit concurrent mark sweep GC freed 396(21KB) AllocSpace objects, 0(0B) LOS objects, 36% free, 27MB/43MB, paused 259us total 14.993ms
08-04 00:14:50.733  4292  4305 I art     : Starting a blocking GC Explicit
08-04 00:14:50.747  4292  4305 I art     : Explicit concurrent mark sweep GC freed 1220(106KB) AllocSpace objects, 2(120KB) LOS objects, 36% free, 28MB/44MB, paused 413us total 13.920ms
08-04 00:14:50.758  4292  4305 I art     : Starting a blocking GC Explicit
08-04 00:14:50.773  4292  4305 I art     : Explicit concurrent mark sweep GC freed 4137(194KB) AllocSpace objects, 2(120KB) LOS objects, 35% free, 28MB/44MB, paused 337us total 15.542ms
08-04 00:14:50.782  4292  4305 I art     : Starting a blocking GC Explicit
08-04 00:14:50.796  4292  4305 I art     : Explicit concurrent mark sweep GC freed 2017(239KB) AllocSpace objects, 2(160KB) LOS objects, 36% free, 28MB/44MB, paused 223us total 13.500ms
08-04 00:14:50.809  4292  4361 I NAPPA_EXPERIMENTATION: MetricNetworkRequestExecutionTime: REQUEST_DURATION_SYSTEM='478',REQUEST_DURATION_OKHTTP='30',REQUEST_SYNCHRONOUS='FALSE',RESPONSE_CODE='200',RESPONSE_METHOD='GET',RESPONSE_LENGTH_OKHTTP='1588',RESPONSE_LENGTH_HEADER='1588',REQUEST_PROTOCOL='http/1.1',REQUEST_URL='https://project-travel-mate.herokuapp.com/api/get-all-cities/10',
08-04 00:14:50.811  4292  4292 V CityFragment: result=[{"id":1,"city_name":"Delhi","facts_count":6,"image":"https://upload.wikimedia.org/wikipedia/commons/9/94/%E0%B4%96%E0%B5%81%E0%B4%A4%E0%B5%8D%E0%B4%AC%E0%B5%8D_%E0%B4%AE%E0%B4%BF%E0%B4%A8%E0%B4%BE%E0%B5%BC1.jpg","visit_count":18186},{"id":2,"city_name":"Mumbai","facts_count":0,"image":"https://static1.squarespace.com/static/55917ae2e4b0984fc8c264c4/t/5ad7a037758d464041bfba27/1524102624280/Victoria_Mumbai.jpg","visit_count":6022},{"id":3,"city_name":"Bangalore","facts_count":0,"image":null,"visit_count":5536},{"id":8,"city_name":"Pune","facts_count":0,"image":"https://www.zricks.com/ImagesPostProject/47929//6557d975-20a9-4c6c-a776-8072a1936a76.jpg","visit_count":3324},{"id":4,"city_name":"Chennai","facts_count":0,"image":"http://lh3.ggpht.com/_YLb7tJ8RoAk/SfazBLdgf3I/AAAAAAAANEg/p52_Zz_URxg/s640/Picture%20009.jpg","visit_count":3061},{"id":5,"city_name":"Kolkata","facts_count":0,"image":"https://i.pinimg.com/originals/05/ec/42/05ec42c545b494d12cc612923483b4f0.jpg","visit_count":2211},{"id":9,"city_name":"Jaipur","facts_count":1,"image":"https://www.trodly.com/pictures/attraction/1943.jpg","visit_count":2007},{"id":6,"city_name":"Hyderabad","facts_count":0,"image":"https://i1.trekearth.com/photos/59194/charminar_020_sm.jpg","visit_count":1633},{"id":150,"city_name":"Panjim","facts_count":0,"image":"http://www.nomad4ever.com/wp-content/uploads/2009/04/palm-trees-at-baga-creek-north-goa1.jpg","visit_count":1488},{"id":7,"city_name":"Ahmedabad","facts_count":0,"image":"https://i.pinimg.com/originals/a5/ed/29/a5ed293271669a61f47059f7b0d9cf2c.jpg","visit_count":1115}]
08-04 00:14:50.827  4292  4356 I NAPPA_EXPERIMENTATION: MetricNetworkRequestExecutionTime: REQUEST_DURATION_SYSTEM='579',REQUEST_DURATION_OKHTTP='48',REQUEST_SYNCHRONOUS='FALSE',RESPONSE_CODE='200',RESPONSE_METHOD='GET',RESPONSE_LENGTH_OKHTTP='185',RESPONSE_LENGTH_HEADER='185',REQUEST_PROTOCOL='http/1.1',REQUEST_URL='https://project-travel-mate.herokuapp.com/api/get-user',
08-04 00:14:50.862  4292  4292 D CityFragment: get cities cities size = 10
08-04 00:14:50.906   380   380 W SurfaceFlinger: couldn't log to binary event log: overflow.
08-04 00:14:51.062  4292  4360 I art     : Starting a blocking GC Explicit
08-04 00:14:51.081  4292  4360 I art     : Explicit concurrent mark sweep GC freed 12866(848KB) AllocSpace objects, 12(584KB) LOS objects, 32% free, 32MB/48MB, paused 679us total 19.471ms
08-04 00:14:51.090  4292  4360 I art     : Starting a blocking GC Explicit
08-04 00:14:51.095  4292  4379 I NAPPA_EXPERIMENTATION: MetricNetworkRequestExecutionTime: REQUEST_DURATION_SYSTEM='449',REQUEST_DURATION_OKHTTP='47',REQUEST_SYNCHRONOUS='FALSE',RESPONSE_CODE='200',RESPONSE_METHOD='GET',RESPONSE_LENGTH_OKHTTP='36',RESPONSE_LENGTH_HEADER='36',REQUEST_PROTOCOL='http/1.1',REQUEST_URL='https://project-travel-mate.herokuapp.com/api/number-of-unread-notifications',
08-04 00:14:51.107  4292  4360 I art     : Explicit concurrent mark sweep GC freed 3084(287KB) AllocSpace objects, 0(0B) LOS objects, 33% free, 32MB/48MB, paused 550us total 17.144ms
08-04 00:14:51.115  4292  4360 I art     : Starting a blocking GC Explicit
08-04 00:14:51.132  4292  4360 I art     : Explicit concurrent mark sweep GC freed 1478(101KB) AllocSpace objects, 0(0B) LOS objects, 33% free, 32MB/48MB, paused 825us total 17.070ms
08-04 00:14:51.141  4292  4360 I art     : Starting a blocking GC Explicit
08-04 00:14:51.159  4292  4360 I art     : Explicit concurrent mark sweep GC freed 697(176KB) AllocSpace objects, 3(4MB) LOS objects, 35% free, 29MB/45MB, paused 628us total 18.754ms
08-04 00:14:51.168  4292  4360 I art     : Starting a blocking GC Explicit
08-04 00:14:51.185  4292  4360 I art     : Explicit concurrent mark sweep GC freed 8182(440KB) AllocSpace objects, 0(0B) LOS objects, 35% free, 29MB/45MB, paused 489us total 16.385ms
08-04 00:14:51.506  4292  4304 I art     : Starting a blocking GC Explicit
08-04 00:14:51.527  4292  4304 I art     : Explicit concurrent mark sweep GC freed 14273(1224KB) AllocSpace objects, 13(1616KB) LOS objects, 34% free, 30MB/46MB, paused 406us total 20.320ms
08-04 00:14:51.536  4292  4304 I art     : Starting a blocking GC Explicit
08-04 00:14:51.554  4292  4304 I art     : Explicit concurrent mark sweep GC freed 789(96KB) AllocSpace objects, 0(0B) LOS objects, 33% free, 31MB/47MB, paused 297us total 17.306ms
08-04 00:14:51.563  4292  4304 I art     : Starting a blocking GC Explicit
08-04 00:14:51.579  4292  4304 I art     : Explicit concurrent mark sweep GC freed 218(209KB) AllocSpace objects, 2(40KB) LOS objects, 32% free, 32MB/48MB, paused 254us total 15.907ms
08-04 00:14:51.587  4292  4304 I art     : Starting a blocking GC Explicit
08-04 00:14:51.603  4292  4304 I art     : Explicit concurrent mark sweep GC freed 198(19KB) AllocSpace objects, 4(160KB) LOS objects, 32% free, 32MB/48MB, paused 268us total 15.453ms
08-04 00:14:51.611  4292  4304 I art     : Starting a blocking GC Explicit
08-04 00:14:51.627  4292  4304 I art     : Explicit concurrent mark sweep GC freed 206(7KB) AllocSpace objects, 2(88KB) LOS objects, 32% free, 32MB/48MB, paused 320us total 15.705ms
08-04 00:14:51.918  4292  4305 I art     : Starting a blocking GC Explicit
08-04 00:14:51.938  4292  4305 I art     : Explicit concurrent mark sweep GC freed 4235(317KB) AllocSpace objects, 7(1388KB) LOS objects, 32% free, 32MB/48MB, paused 406us total 19.953ms
08-04 00:14:51.947  4292  4305 I art     : Starting a blocking GC Explicit
08-04 00:14:51.965  4292  4305 I art     : Explicit concurrent mark sweep GC freed 164(5KB) AllocSpace objects, 0(0B) LOS objects, 32% free, 32MB/48MB, paused 236us total 17.809ms
08-04 00:14:51.974  4292  4305 I art     : Starting a blocking GC Explicit
08-04 00:14:51.993  4292  4305 I art     : Explicit concurrent mark sweep GC freed 117(4KB) AllocSpace objects, 0(0B) LOS objects, 32% free, 32MB/48MB, paused 600us total 18.666ms
08-04 00:14:52.002  4292  4305 I art     : Starting a blocking GC Explicit
08-04 00:14:52.019  4292  4305 I art     : Explicit concurrent mark sweep GC freed 342(15KB) AllocSpace objects, 0(0B) LOS objects, 32% free, 32MB/48MB, paused 288us total 16.218ms
08-04 00:14:52.028  4292  4305 I art     : Starting a blocking GC Explicit
08-04 00:14:52.045  4292  4305 I art     : Explicit concurrent mark sweep GC freed 65(1744B) AllocSpace objects, 0(0B) LOS objects, 32% free, 32MB/48MB, paused 277us total 16.991ms
08-04 00:14:52.370  4292  4360 I art     : Starting a blocking GC Explicit
08-04 00:14:52.391  4292  4360 I art     : Explicit concurrent mark sweep GC freed 1935(92KB) AllocSpace objects, 2(40KB) LOS objects, 32% free, 32MB/48MB, paused 266us total 20.160ms
08-04 00:14:52.404  4292  4360 I art     : Starting a blocking GC Explicit
08-04 00:14:52.421  4292  4360 I art     : Explicit concurrent mark sweep GC freed 70(1584B) AllocSpace objects, 0(0B) LOS objects, 32% free, 32MB/48MB, paused 246us total 16.827ms
08-04 00:14:52.429  4292  4360 I art     : Starting a blocking GC Explicit
08-04 00:14:52.446  4292  4360 I art     : Explicit concurrent mark sweep GC freed 51(896B) AllocSpace objects, 0(0B) LOS objects, 32% free, 32MB/48MB, paused 254us total 16.961ms
08-04 00:14:52.455  4292  4360 I art     : Starting a blocking GC Explicit
08-04 00:14:52.472  4292  4360 I art     : Explicit concurrent mark sweep GC freed 27(496B) AllocSpace objects, 0(0B) LOS objects, 32% free, 32MB/48MB, paused 252us total 16.299ms
08-04 00:14:52.480  4292  4360 I art     : Starting a blocking GC Explicit
08-04 00:14:52.497  4292  4360 I art     : Explicit concurrent mark sweep GC freed 51(896B) AllocSpace objects, 0(0B) LOS objects, 32% free, 32MB/48MB, paused 266us total 16.678ms
08-04 00:14:52.627   918 13198 D NetlinkSocketObserver: NeighborEvent{elapsedMs=1646696502, 192.168.2.254, [7C3953A63323], RTM_NEWNEIGH, NUD_PROBE}
08-04 00:14:52.855  4292  4305 I art     : Starting a blocking GC Explicit
08-04 00:14:52.871  4292  4305 I art     : Explicit concurrent mark sweep GC freed 1946(91KB) AllocSpace objects, 2(40KB) LOS objects, 32% free, 32MB/48MB, paused 252us total 15.954ms
08-04 00:14:52.880  4292  4305 I art     : Starting a blocking GC Explicit
08-04 00:14:52.897  4292  4305 I art     : Explicit concurrent mark sweep GC freed 70(1584B) AllocSpace objects, 0(0B) LOS objects, 32% free, 32MB/48MB, paused 275us total 17.283ms
08-04 00:14:52.906  4292  4305 I art     : Starting a blocking GC Explicit
08-04 00:14:52.923  4292  4305 I art     : Explicit concurrent mark sweep GC freed 27(496B) AllocSpace objects, 0(0B) LOS objects, 32% free, 32MB/48MB, paused 247us total 17.032ms
08-04 00:14:52.932  4292  4305 I art     : Starting a blocking GC Explicit
08-04 00:14:52.949  4292  4305 I art     : Explicit concurrent mark sweep GC freed 51(896B) AllocSpace objects, 0(0B) LOS objects, 32% free, 32MB/48MB, paused 247us total 16.545ms
08-04 00:14:52.958  4292  4305 I art     : Starting a blocking GC Explicit
08-04 00:14:52.975  4292  4305 I art     : Explicit concurrent mark sweep GC freed 27(496B) AllocSpace objects, 0(0B) LOS objects, 32% free, 32MB/48MB, paused 253us total 17.112ms
08-04 00:14:53.299  4292  4304 I art     : Starting a blocking GC Explicit
08-04 00:14:53.318  4292  4304 I art     : Explicit concurrent mark sweep GC freed 1924(91KB) AllocSpace objects, 2(40KB) LOS objects, 32% free, 32MB/48MB, paused 244us total 18.911ms
08-04 00:14:53.327  4292  4304 I art     : Starting a blocking GC Explicit
08-04 00:14:53.345  4292  4304 I art     : Explicit concurrent mark sweep GC freed 59(1376B) AllocSpace objects, 0(0B) LOS objects, 32% free, 32MB/48MB, paused 290us total 17.910ms
08-04 00:14:53.354  4292  4304 I art     : Starting a blocking GC Explicit
08-04 00:14:53.371  4292  4304 I art     : Explicit concurrent mark sweep GC freed 38(704B) AllocSpace objects, 0(0B) LOS objects, 32% free, 32MB/48MB, paused 265us total 17.061ms
08-04 00:14:53.380  4292  4304 I art     : Starting a blocking GC Explicit
08-04 00:14:53.398  4292  4304 I art     : Explicit concurrent mark sweep GC freed 51(896B) AllocSpace objects, 0(0B) LOS objects, 32% free, 32MB/48MB, paused 245us total 17.161ms
08-04 00:14:53.407  4292  4304 I art     : Starting a blocking GC Explicit
08-04 00:14:53.424  4292  4304 I art     : Explicit concurrent mark sweep GC freed 27(496B) AllocSpace objects, 0(0B) LOS objects, 32% free, 32MB/48MB, paused 258us total 17.287ms
08-04 00:14:53.456   918  3188 I hubconnection: sensorhub said: 'set_bias 3: -6.2400, 0.0000, 0.0000'
08-04 00:14:53.615 31401 31401 I ServiceManager: Waiting for service AtCmdFwd...
08-04 00:14:53.748  4292  4360 I art     : Starting a blocking GC Explicit
08-04 00:14:53.767  4292  4360 I art     : Explicit concurrent mark sweep GC freed 1924(91KB) AllocSpace objects, 2(40KB) LOS objects, 32% free, 32MB/48MB, paused 233us total 18.545ms
08-04 00:14:53.775  4292  4360 I art     : Starting a blocking GC Explicit
08-04 00:14:53.790  4292  4360 I art     : Explicit concurrent mark sweep GC freed 45(1152B) AllocSpace objects, 0(0B) LOS objects, 32% free, 32MB/48MB, paused 233us total 14.605ms
08-04 00:14:53.798  4292  4360 I art     : Starting a blocking GC Explicit
08-04 00:14:53.812  4292  4360 I art     : Explicit concurrent mark sweep GC freed 52(928B) AllocSpace objects, 0(0B) LOS objects, 32% free, 32MB/48MB, paused 228us total 14.488ms
08-04 00:14:53.820  4292  4360 I art     : Starting a blocking GC Explicit
08-04 00:14:53.834  4292  4360 I art     : Explicit concurrent mark sweep GC freed 27(496B) AllocSpace objects, 0(0B) LOS objects, 32% free, 32MB/48MB, paused 225us total 13.846ms
08-04 00:14:53.842  4292  4360 I art     : Starting a blocking GC Explicit
08-04 00:14:53.857  4292  4360 I art     : Explicit concurrent mark sweep GC freed 26(464B) AllocSpace objects, 0(0B) LOS objects, 32% free, 32MB/48MB, paused 246us total 14.331ms
08-04 00:14:54.156  4292  4305 I art     : Starting a blocking GC Explicit
08-04 00:14:54.172  4292  4305 I art     : Explicit concurrent mark sweep GC freed 1876(90KB) AllocSpace objects, 2(40KB) LOS objects, 32% free, 32MB/48MB, paused 253us total 16.281ms
08-04 00:14:54.180  4292  4305 I art     : Starting a blocking GC Explicit
08-04 00:14:54.196  4292  4305 I art     : Explicit concurrent mark sweep GC freed 70(1584B) AllocSpace objects, 0(0B) LOS objects, 32% free, 32MB/48MB, paused 248us total 15.724ms
08-04 00:14:54.205  4292  4305 I art     : Starting a blocking GC Explicit
08-04 00:14:54.222  4292  4305 I art     : Explicit concurrent mark sweep GC freed 27(496B) AllocSpace objects, 0(0B) LOS objects, 32% free, 32MB/48MB, paused 245us total 16.938ms
08-04 00:14:54.230  4292  4305 I art     : Starting a blocking GC Explicit
08-04 00:14:54.247  4292  4305 I art     : Explicit concurrent mark sweep GC freed 51(896B) AllocSpace objects, 0(0B) LOS objects, 32% free, 32MB/48MB, paused 254us total 16.131ms
08-04 00:14:54.255  4292  4305 I art     : Starting a blocking GC Explicit
08-04 00:14:54.272  4292  4305 I art     : Explicit concurrent mark sweep GC freed 27(496B) AllocSpace objects, 0(0B) LOS objects, 32% free, 32MB/48MB, paused 258us total 16.557ms
08-04 00:14:54.575  4292  4304 I art     : Starting a blocking GC Explicit
08-04 00:14:54.594  4292  4304 I art     : Explicit concurrent mark sweep GC freed 1882(90KB) AllocSpace objects, 2(40KB) LOS objects, 32% free, 32MB/48MB, paused 301us total 18.837ms
08-04 00:14:54.604  4292  4304 I art     : Starting a blocking GC Explicit
08-04 00:14:54.616 31401 31401 I ServiceManager: Waiting for service AtCmdFwd...
08-04 00:14:54.621  4292  4304 I art     : Explicit concurrent mark sweep GC freed 63(1472B) AllocSpace objects, 0(0B) LOS objects, 32% free, 32MB/48MB, paused 281us total 16.585ms
08-04 00:14:54.630  4292  4304 I art     : Starting a blocking GC Explicit
08-04 00:14:54.646  4292  4304 I art     : Explicit concurrent mark sweep GC freed 51(896B) AllocSpace objects, 0(0B) LOS objects, 32% free, 32MB/48MB, paused 231us total 15.545ms
08-04 00:14:54.654  4292  4304 I art     : Starting a blocking GC Explicit
08-04 00:14:54.671  4292  4304 I art     : Explicit concurrent mark sweep GC freed 27(496B) AllocSpace objects, 0(0B) LOS objects, 32% free, 32MB/48MB, paused 255us total 16.362ms
08-04 00:14:54.680  4292  4304 I art     : Starting a blocking GC Explicit
08-04 00:14:54.696  4292  4304 I art     : Explicit concurrent mark sweep GC freed 51(896B) AllocSpace objects, 0(0B) LOS objects, 32% free, 32MB/48MB, paused 237us total 16.185ms
08-04 00:14:54.998  4292  4360 I art     : Starting a blocking GC Explicit
08-04 00:14:55.018  4292  4360 I art     : Explicit concurrent mark sweep GC freed 1875(90KB) AllocSpace objects, 2(40KB) LOS objects, 32% free, 32MB/48MB, paused 265us total 19.925ms
08-04 00:14:55.030  4292  4360 I art     : Starting a blocking GC Explicit
08-04 00:14:55.048  4292  4360 I art     : Explicit concurrent mark sweep GC freed 67(1520B) AllocSpace objects, 0(0B) LOS objects, 32% free, 32MB/48MB, paused 270us total 17.250ms
08-04 00:14:55.056  4292  4360 I art     : Starting a blocking GC Explicit
08-04 00:14:55.073  4292  4360 I art     : Explicit concurrent mark sweep GC freed 30(560B) AllocSpace objects, 0(0B) LOS objects, 32% free, 32MB/48MB, paused 244us total 16.416ms
08-04 00:14:55.082  4292  4360 I art     : Starting a blocking GC Explicit
08-04 00:14:55.099  4292  4360 I art     : Explicit concurrent mark sweep GC freed 51(896B) AllocSpace objects, 0(0B) LOS objects, 32% free, 32MB/48MB, paused 259us total 17.078ms
08-04 00:14:55.108  4292  4360 I art     : Starting a blocking GC Explicit
08-04 00:14:55.125  4292  4360 I art     : Explicit concurrent mark sweep GC freed 27(496B) AllocSpace objects, 0(0B) LOS objects, 32% free, 32MB/48MB, paused 254us total 16.934ms
08-04 00:14:55.470  4292  4305 I art     : Starting a blocking GC Explicit
08-04 00:14:55.490  4292  4305 I art     : Explicit concurrent mark sweep GC freed 1948(91KB) AllocSpace objects, 2(40KB) LOS objects, 32% free, 32MB/48MB, paused 254us total 19.306ms
08-04 00:14:55.501  4292  4305 I art     : Starting a blocking GC Explicit
08-04 00:14:55.518  4292  4305 I art     : Explicit concurrent mark sweep GC freed 70(1584B) AllocSpace objects, 0(0B) LOS objects, 32% free, 32MB/48MB, paused 258us total 17.249ms
08-04 00:14:55.528  4292  4305 I art     : Starting a blocking GC Explicit
08-04 00:14:55.546  4292  4305 I art     : Explicit concurrent mark sweep GC freed 29(512B) AllocSpace objects, 0(0B) LOS objects, 32% free, 32MB/48MB, paused 306us total 17.891ms
08-04 00:14:55.555  4292  4305 I art     : Starting a blocking GC Explicit
08-04 00:14:55.572  4292  4305 I art     : Explicit concurrent mark sweep GC freed 49(880B) AllocSpace objects, 0(0B) LOS objects, 32% free, 32MB/48MB, paused 245us total 16.868ms
08-04 00:14:55.581  4292  4305 I art     : Starting a blocking GC Explicit
08-04 00:14:55.598  4292  4305 I art     : Explicit concurrent mark sweep GC freed 49(848B) AllocSpace objects, 0(0B) LOS objects, 32% free, 32MB/48MB, paused 278us total 17.359ms
08-04 00:14:55.617 31401 31401 I ServiceManager: Waiting for service AtCmdFwd...
08-04 00:14:55.950  4292  4304 I art     : Starting a blocking GC Explicit
08-04 00:14:55.968  4292  4304 I art     : Explicit concurrent mark sweep GC freed 1949(91KB) AllocSpace objects, 2(40KB) LOS objects, 32% free, 32MB/48MB, paused 251us total 17.840ms
08-04 00:14:55.977  4292  4304 I art     : Starting a blocking GC Explicit
08-04 00:14:55.994  4292  4304 I art     : Explicit concurrent mark sweep GC freed 46(1184B) AllocSpace objects, 0(0B) LOS objects, 32% free, 32MB/48MB, paused 238us total 17.121ms
08-04 00:14:56.003  4292  4304 I art     : Starting a blocking GC Explicit
08-04 00:14:56.020  4292  4304 I art     : Explicit concurrent mark sweep GC freed 51(896B) AllocSpace objects, 0(0B) LOS objects, 32% free, 32MB/48MB, paused 233us total 16.958ms
08-04 00:14:56.029  4292  4304 I art     : Starting a blocking GC Explicit
08-04 00:14:56.046  4292  4304 I art     : Explicit concurrent mark sweep GC freed 29(512B) AllocSpace objects, 0(0B) LOS objects, 32% free, 32MB/48MB, paused 286us total 17.260ms
08-04 00:14:56.055  4292  4304 I art     : Starting a blocking GC Explicit
08-04 00:14:56.072  4292  4304 I art     : Explicit concurrent mark sweep GC freed 49(880B) AllocSpace objects, 0(0B) LOS objects, 32% free, 32MB/48MB, paused 253us total 17.064ms
08-04 00:14:56.393  4292  4360 I art     : Starting a blocking GC Explicit
08-04 00:14:56.411  4292  4360 I art     : Explicit concurrent mark sweep GC freed 1900(90KB) AllocSpace objects, 2(40KB) LOS objects, 32% free, 32MB/48MB, paused 256us total 18.031ms
08-04 00:14:56.420  4292  4360 I art     : Starting a blocking GC Explicit
08-04 00:14:56.437  4292  4360 I art     : Explicit concurrent mark sweep GC freed 70(1584B) AllocSpace objects, 0(0B) LOS objects, 32% free, 32MB/48MB, paused 266us total 17.257ms
08-04 00:14:56.446  4292  4360 I art     : Starting a blocking GC Explicit
08-04 00:14:56.464  4292  4360 I art     : Explicit concurrent mark sweep GC freed 51(896B) AllocSpace objects, 0(0B) LOS objects, 32% free, 32MB/48MB, paused 251us total 17.346ms
08-04 00:14:56.473  4292  4360 I art     : Starting a blocking GC Explicit
08-04 00:14:56.490  4292  4360 I art     : Explicit concurrent mark sweep GC freed 27(496B) AllocSpace objects, 0(0B) LOS objects, 32% free, 32MB/48MB, paused 254us total 17.051ms
08-04 00:14:56.499  4292  4360 I art     : Starting a blocking GC Explicit
08-04 00:14:56.516  4292  4360 I art     : Explicit concurrent mark sweep GC freed 35(624B) AllocSpace objects, 0(0B) LOS objects, 32% free, 32MB/48MB, paused 275us total 17.130ms
08-04 00:14:56.617 31401 31401 I ServiceManager: Waiting for service AtCmdFwd...
08-04 00:14:56.885  4292  4305 I art     : Starting a blocking GC Explicit
08-04 00:14:56.906  4292  4305 I art     : Explicit concurrent mark sweep GC freed 1989(92KB) AllocSpace objects, 2(40KB) LOS objects, 32% free, 32MB/48MB, paused 259us total 20.130ms
08-04 00:14:56.914  4292  4305 I art     : Starting a blocking GC Explicit
08-04 00:14:56.931  4292  4305 I art     : Explicit concurrent mark sweep GC freed 54(1312B) AllocSpace objects, 0(0B) LOS objects, 32% free, 32MB/48MB, paused 266us total 16.492ms
08-04 00:14:56.939  4292  4305 I art     : Starting a blocking GC Explicit
08-04 00:14:56.956  4292  4305 I art     : Explicit concurrent mark sweep GC freed 43(768B) AllocSpace objects, 0(0B) LOS objects, 32% free, 32MB/48MB, paused 264us total 16.389ms
08-04 00:14:56.965  4292  4305 I art     : Starting a blocking GC Explicit
08-04 00:14:56.981  4292  4305 I art     : Explicit concurrent mark sweep GC freed 42(736B) AllocSpace objects, 0(0B) LOS objects, 32% free, 32MB/48MB, paused 287us total 16.519ms
08-04 00:14:56.990  4292  4305 I art     : Starting a blocking GC Explicit
08-04 00:14:57.007  4292  4305 I art     : Explicit concurrent mark sweep GC freed 36(656B) AllocSpace objects, 0(0B) LOS objects, 32% free, 32MB/48MB, paused 304us total 16.531ms
08-04 00:14:57.114  4553  4553 D AndroidRuntime: >>>>>> START com.android.internal.os.RuntimeInit uid 2000 <<<<<<
08-04 00:14:57.118  4553  4553 D AndroidRuntime: CheckJNI is OFF
08-04 00:14:57.144  4553  4553 D ICU     : No timezone override file found: /data/misc/zoneinfo/current/icu/icu_tzdata.dat
08-04 00:14:57.168  4553  4553 I Radio-JNI: register_android_hardware_Radio DONE
08-04 00:14:57.184  4553  4553 D AndroidRuntime: Calling main entry com.android.commands.input.Input
08-04 00:14:57.185  4553  4553 I Input   : injectMotionEvent: MotionEvent { action=ACTION_DOWN, actionButton=0, id[0]=0, x[0]=346.0, y[0]=709.0, toolType[0]=TOOL_TYPE_UNKNOWN, buttonState=0, metaState=0, flags=0x0, edgeFlags=0x0, pointerCount=1, historySize=0, eventTime=663313598, downTime=663313598, deviceId=0, source=0x1002 }
08-04 00:14:57.192  4553  4553 I Input   : injectMotionEvent: MotionEvent { action=ACTION_UP, actionButton=0, id[0]=0, x[0]=346.0, y[0]=709.0, toolType[0]=TOOL_TYPE_UNKNOWN, buttonState=0, metaState=0, flags=0x0, edgeFlags=0x0, pointerCount=1, historySize=0, eventTime=663313598, downTime=663313598, deviceId=0, source=0x1002 }
08-04 00:14:57.202   918  5952 I ActivityManager: START u0 {cmp=baseline.io.github.project_travel_mate/.destinations.description.FinalCityInfoActivity (has extras)} from uid 10650 on display 0
08-04 00:14:57.208  4553  4553 D AndroidRuntime: Shutting down VM
08-04 00:14:57.226  4292  4358 D Gabe    : call	returning from cache
08-04 00:14:57.246  4292  4292 V EXECUTING: https://project-travel-mate.herokuapp.com/api/get-city-weather/1
08-04 00:14:57.299  4292  4304 I art     : Starting a blocking GC Explicit
08-04 00:14:57.324  4292  4304 I art     : Explicit concurrent mark sweep GC freed 9182(578KB) AllocSpace objects, 2(40KB) LOS objects, 29% free, 37MB/53MB, paused 604us total 23.913ms
08-04 00:14:57.335  4292  4304 I art     : Starting a blocking GC Explicit
08-04 00:14:57.354  4292  4304 I art     : Explicit concurrent mark sweep GC freed 671(38KB) AllocSpace objects, 0(0B) LOS objects, 29% free, 37MB/53MB, paused 326us total 19.054ms
08-04 00:14:57.364  4292  4304 I art     : Starting a blocking GC Explicit
08-04 00:14:57.371   918   936 I ActivityManager: Displayed baseline.io.github.project_travel_mate/.destinations.description.FinalCityInfoActivity: +162ms
08-04 00:14:57.371 13866 13866 I GoogleInputMethodServic: GoogleInputMethodService.onFinishInput():3138 
08-04 00:14:57.372 13866 13866 I GoogleInputMethodServic: GoogleInputMethodService.onStartInput():1808 
08-04 00:14:57.384  4292  4304 I art     : Explicit concurrent mark sweep GC freed 142(3KB) AllocSpace objects, 0(0B) LOS objects, 29% free, 37MB/53MB, paused 547us total 19.158ms
08-04 00:14:57.394  4292  4304 I art     : Starting a blocking GC Explicit
08-04 00:14:57.416  4292  4304 I art     : Explicit concurrent mark sweep GC freed 22(432B) AllocSpace objects, 0(0B) LOS objects, 29% free, 37MB/53MB, paused 779us total 22.540ms
08-04 00:14:57.428  4292  4304 I art     : Starting a blocking GC Explicit
08-04 00:14:57.450  4292  4304 I art     : Explicit concurrent mark sweep GC freed 93(1600B) AllocSpace objects, 0(0B) LOS objects, 29% free, 37MB/53MB, paused 485us total 21.782ms
08-04 00:14:57.618 31401 31401 I ServiceManager: Waiting for service AtCmdFwd...
08-04 00:14:57.630   380   380 W SurfaceFlinger: couldn't log to binary event log: overflow.
08-04 00:14:57.715  4292  4305 I art     : Starting a blocking GC Explicit
08-04 00:14:57.737  4292  4305 I art     : Explicit concurrent mark sweep GC freed 3336(171KB) AllocSpace objects, 4(160KB) LOS objects, 29% free, 37MB/53MB, paused 520us total 21.887ms
08-04 00:14:57.747  4292  4305 I art     : Starting a blocking GC Explicit
08-04 00:14:57.767  4292  4305 I art     : Explicit concurrent mark sweep GC freed 3561(135KB) AllocSpace objects, 0(0B) LOS objects, 29% free, 37MB/53MB, paused 585us total 19.552ms
08-04 00:14:57.779  4292  4305 I art     : Starting a blocking GC Explicit
08-04 00:14:57.798  4292  4305 I art     : Explicit concurrent mark sweep GC freed 938(116KB) AllocSpace objects, 1(80KB) LOS objects, 29% free, 37MB/53MB, paused 456us total 19.341ms
08-04 00:14:57.801  4292  4578 I NAPPA_EXPERIMENTATION: MetricNetworkRequestExecutionTime: REQUEST_DURATION_SYSTEM='553',REQUEST_DURATION_OKHTTP='34',REQUEST_SYNCHRONOUS='FALSE',RESPONSE_CODE='200',RESPONSE_METHOD='GET',RESPONSE_LENGTH_OKHTTP='530',RESPONSE_LENGTH_HEADER='530',REQUEST_PROTOCOL='http/1.1',REQUEST_URL='https://project-travel-mate.herokuapp.com/api/get-city/1',
08-04 00:14:57.808  4292  4305 I art     : Starting a blocking GC Explicit
08-04 00:14:57.820  4292  4577 I NAPPA_EXPERIMENTATION: MetricNetworkRequestExecutionTime: REQUEST_DURATION_SYSTEM='573',REQUEST_DURATION_OKHTTP='53',REQUEST_SYNCHRONOUS='FALSE',RESPONSE_CODE='200',RESPONSE_METHOD='GET',RESPONSE_LENGTH_OKHTTP='238',RESPONSE_LENGTH_HEADER='238',REQUEST_PROTOCOL='http/1.1',REQUEST_URL='https://project-travel-mate.herokuapp.com/api/get-city-weather/1',
08-04 00:14:57.827  4292  4305 I art     : Explicit concurrent mark sweep GC freed 266(23KB) AllocSpace objects, 0(0B) LOS objects, 29% free, 37MB/53MB, paused 511us total 19.485ms
08-04 00:14:57.837  4292  4305 I art     : Starting a blocking GC Explicit
08-04 00:14:57.839  4292  4578 V Response: {"id":1,"city_name":"Delhi","description":"Delhi, officially the National Capital Territory of Delhi, is the Capital territory of India. During the British Raj, Delhi was part of the province of Punjab and is still historically and culturally connected to the Punjab region.","latitude":"28.613900","longitude":"77.209000","facts_count":6,"images":["https://upload.wikimedia.org/wikipedia/commons/9/94/%E0%B4%96%E0%B5%81%E0%B4%A4%E0%B5%8D%E0%B4%AC%E0%B5%8D_%E0%B4%AE%E0%B4%BF%E0%B4%A8%E0%B4%BE%E0%B5%BC1.jpg"],"has_visited":false}
08-04 00:14:57.857  4292  4305 I art     : Explicit concurrent mark sweep GC freed 307(20KB) AllocSpace objects, 0(0B) LOS objects, 29% free, 37MB/53MB, paused 445us total 19.601ms
08-04 00:14:58.157  4292  4305 I art     : Starting a blocking GC Explicit
08-04 00:14:58.182  4292  4305 I art     : Explicit concurrent mark sweep GC freed 4996(353KB) AllocSpace objects, 11(5MB) LOS objects, 29% free, 38MB/54MB, paused 726us total 24.201ms
08-04 00:14:58.191  4292  4305 I art     : Starting a blocking GC Explicit
08-04 00:14:58.209  4292  4305 I art     : Explicit concurrent mark sweep GC freed 247(7KB) AllocSpace objects, 0(0B) LOS objects, 29% free, 38MB/54MB, paused 294us total 17.851ms
08-04 00:14:58.217  4292  4305 I art     : Starting a blocking GC Explicit
08-04 00:14:58.234  4292  4305 I art     : Explicit concurrent mark sweep GC freed 99(1696B) AllocSpace objects, 0(0B) LOS objects, 29% free, 38MB/54MB, paused 241us total 16.924ms
08-04 00:14:58.243  4292  4305 I art     : Starting a blocking GC Explicit
08-04 00:14:58.259  4292  4305 I art     : Explicit concurrent mark sweep GC freed 51(896B) AllocSpace objects, 0(0B) LOS objects, 29% free, 38MB/54MB, paused 277us total 16.330ms
08-04 00:14:58.267  4292  4305 I art     : Starting a blocking GC Explicit
08-04 00:14:58.284  4292  4305 I art     : Explicit concurrent mark sweep GC freed 99(1696B) AllocSpace objects, 0(0B) LOS objects, 29% free, 38MB/54MB, paused 246us total 16.534ms
08-04 00:14:58.607  4292  4579 I art     : Starting a blocking GC Explicit
08-04 00:14:58.619 31401 31401 W Atfwd_Sendcmd: AtCmdFwd service not published, waiting... retryCnt : 1
08-04 00:14:58.627  4292  4579 I art     : Explicit concurrent mark sweep GC freed 2407(99KB) AllocSpace objects, 2(40KB) LOS objects, 29% free, 38MB/54MB, paused 372us total 19.895ms
08-04 00:14:58.636  4292  4579 I art     : Starting a blocking GC Explicit
08-04 00:14:58.656  4292  4579 I art     : Explicit concurrent mark sweep GC freed 128(2928B) AllocSpace objects, 0(0B) LOS objects, 29% free, 38MB/54MB, paused 292us total 19.583ms
08-04 00:14:58.665  4292  4579 I art     : Starting a blocking GC Explicit
08-04 00:14:58.685  4292  4579 I art     : Explicit concurrent mark sweep GC freed 99(1696B) AllocSpace objects, 0(0B) LOS objects, 29% free, 38MB/54MB, paused 304us total 19.843ms
08-04 00:14:58.694  4292  4579 I art     : Starting a blocking GC Explicit
08-04 00:14:58.714  4292  4579 I art     : Explicit concurrent mark sweep GC freed 51(896B) AllocSpace objects, 0(0B) LOS objects, 29% free, 38MB/54MB, paused 268us total 19.911ms
08-04 00:14:58.723  4292  4579 I art     : Starting a blocking GC Explicit
08-04 00:14:58.742  4292  4579 I art     : Explicit concurrent mark sweep GC freed 99(1696B) AllocSpace objects, 0(0B) LOS objects, 29% free, 38MB/54MB, paused 294us total 19.204ms
08-04 00:14:59.050  4292  4304 I art     : Starting a blocking GC Explicit
08-04 00:14:59.072  4292  4304 I art     : Explicit concurrent mark sweep GC freed 2384(98KB) AllocSpace objects, 2(40KB) LOS objects, 29% free, 38MB/54MB, paused 314us total 21.370ms
08-04 00:14:59.081  4292  4304 I art     : Starting a blocking GC Explicit
08-04 00:14:59.102  4292  4304 I art     : Explicit concurrent mark sweep GC freed 117(2352B) AllocSpace objects, 0(0B) LOS objects, 29% free, 38MB/54MB, paused 317us total 20.691ms
08-04 00:14:59.111  4292  4304 I art     : Starting a blocking GC Explicit
08-04 00:14:59.132  4292  4304 I art     : Explicit concurrent mark sweep GC freed 55(976B) AllocSpace objects, 0(0B) LOS objects, 29% free, 38MB/54MB, paused 480us total 20.765ms
08-04 00:14:59.142  4292  4304 I art     : Starting a blocking GC Explicit
08-04 00:14:59.163  4292  4304 I art     : Explicit concurrent mark sweep GC freed 96(1648B) AllocSpace objects, 0(0B) LOS objects, 29% free, 38MB/54MB, paused 308us total 20.775ms
08-04 00:14:59.173  4292  4304 I art     : Starting a blocking GC Explicit
08-04 00:14:59.193  4292  4304 I art     : Explicit concurrent mark sweep GC freed 99(1696B) AllocSpace objects, 0(0B) LOS objects, 29% free, 38MB/54MB, paused 292us total 19.915ms
08-04 00:14:59.519  4292  4360 I art     : Starting a blocking GC Explicit
08-04 00:14:59.540  4292  4360 I art     : Explicit concurrent mark sweep GC freed 2431(99KB) AllocSpace objects, 2(40KB) LOS objects, 29% free, 38MB/54MB, paused 301us total 20.706ms
08-04 00:14:59.549  4292  4360 I art     : Starting a blocking GC Explicit
08-04 00:14:59.569  4292  4360 I art     : Explicit concurrent mark sweep GC freed 118(2384B) AllocSpace objects, 0(0B) LOS objects, 29% free, 38MB/54MB, paused 300us total 19.997ms
08-04 00:14:59.578  4292  4360 I art     : Starting a blocking GC Explicit
08-04 00:14:59.598  4292  4360 I art     : Explicit concurrent mark sweep GC freed 51(896B) AllocSpace objects, 0(0B) LOS objects, 29% free, 38MB/54MB, paused 297us total 19.777ms
08-04 00:14:59.608  4292  4360 I art     : Starting a blocking GC Explicit
08-04 00:14:59.628  4292  4360 I art     : Explicit concurrent mark sweep GC freed 99(1696B) AllocSpace objects, 0(0B) LOS objects, 29% free, 38MB/54MB, paused 304us total 19.852ms
08-04 00:14:59.637  4292  4360 I art     : Starting a blocking GC Explicit
08-04 00:14:59.657  4292  4360 I art     : Explicit concurrent mark sweep GC freed 99(1696B) AllocSpace objects, 0(0B) LOS objects, 29% free, 38MB/54MB, paused 346us total 19.702ms
08-04 00:14:59.991  4292  4305 I art     : Starting a blocking GC Explicit
08-04 00:15:00.011  4292  4305 I art     : Explicit concurrent mark sweep GC freed 2432(99KB) AllocSpace objects, 2(40KB) LOS objects, 29% free, 38MB/54MB, paused 281us total 19.632ms
08-04 00:15:00.020  4292  4305 I art     : Starting a blocking GC Explicit
08-04 00:15:00.038  4292  4305 I art     : Explicit concurrent mark sweep GC freed 118(2384B) AllocSpace objects, 0(0B) LOS objects, 29% free, 38MB/54MB, paused 317us total 17.247ms
08-04 00:15:00.046  4292  4305 I art     : Starting a blocking GC Explicit
08-04 00:15:00.064  4292  4305 I art     : Explicit concurrent mark sweep GC freed 51(896B) AllocSpace objects, 0(0B) LOS objects, 29% free, 38MB/54MB, paused 268us total 17.058ms
08-04 00:15:00.072  4292  4305 I art     : Starting a blocking GC Explicit
08-04 00:15:00.090  4292  4305 I art     : Explicit concurrent mark sweep GC freed 99(1696B) AllocSpace objects, 0(0B) LOS objects, 29% free, 38MB/54MB, paused 280us total 17.826ms
08-04 00:15:00.099  4292  4305 I art     : Starting a blocking GC Explicit
08-04 00:15:00.118  4292  4305 I art     : Explicit concurrent mark sweep GC freed 97(1632B) AllocSpace objects, 0(0B) LOS objects, 29% free, 38MB/54MB, paused 300us total 18.228ms
08-04 00:15:00.450  4292  4579 I art     : Starting a blocking GC Explicit
08-04 00:15:00.473  4292  4579 I art     : Explicit concurrent mark sweep GC freed 2434(99KB) AllocSpace objects, 2(40KB) LOS objects, 29% free, 38MB/54MB, paused 317us total 22.768ms
08-04 00:15:00.485  4292  4579 I art     : Starting a blocking GC Explicit
08-04 00:15:00.505  4292  4579 I art     : Explicit concurrent mark sweep GC freed 119(2416B) AllocSpace objects, 0(0B) LOS objects, 29% free, 38MB/54MB, paused 299us total 19.498ms
08-04 00:15:00.505  4292  4303 I art     : WaitForGcToComplete blocked for 14.577ms for cause HeapTrim
08-04 00:15:00.514  4292  4579 I art     : Starting a blocking GC Explicit
08-04 00:15:00.533  4292  4579 I art     : Explicit concurrent mark sweep GC freed 53(928B) AllocSpace objects, 0(0B) LOS objects, 29% free, 38MB/54MB, paused 388us total 19.344ms
08-04 00:15:00.543  4292  4579 I art     : Starting a blocking GC Explicit
08-04 00:15:00.562  4292  4579 I art     : Explicit concurrent mark sweep GC freed 97(1664B) AllocSpace objects, 0(0B) LOS objects, 29% free, 38MB/54MB, paused 297us total 19.447ms
08-04 00:15:00.571  4292  4579 I art     : Starting a blocking GC Explicit
08-04 00:15:00.592  4292  4579 I art     : Explicit concurrent mark sweep GC freed 99(1696B) AllocSpace objects, 0(0B) LOS objects, 29% free, 38MB/54MB, paused 292us total 20.283ms
08-04 00:15:00.895  4292  4304 I art     : Starting a blocking GC Explicit
08-04 00:15:00.919  4292  4304 I art     : Explicit concurrent mark sweep GC freed 2342(97KB) AllocSpace objects, 2(40KB) LOS objects, 29% free, 38MB/54MB, paused 449us total 23.320ms
08-04 00:15:00.931  4292  4304 I art     : Starting a blocking GC Explicit
08-04 00:15:00.951  4292  4304 I art     : Explicit concurrent mark sweep GC freed 132(2608B) AllocSpace objects, 0(0B) LOS objects, 29% free, 38MB/54MB, paused 391us total 19.584ms
08-04 00:15:00.960  4292  4304 I art     : Starting a blocking GC Explicit
08-04 00:15:00.980  4292  4304 I art     : Explicit concurrent mark sweep GC freed 79(1376B) AllocSpace objects, 0(0B) LOS objects, 29% free, 38MB/54MB, paused 335us total 19.351ms
08-04 00:15:00.989  4292  4304 I art     : Starting a blocking GC Explicit
08-04 00:15:01.009  4292  4304 I art     : Explicit concurrent mark sweep GC freed 99(1696B) AllocSpace objects, 0(0B) LOS objects, 29% free, 38MB/54MB, paused 294us total 19.703ms
08-04 00:15:01.018  4292  4304 I art     : Starting a blocking GC Explicit
08-04 00:15:01.038  4292  4304 I art     : Explicit concurrent mark sweep GC freed 99(1696B) AllocSpace objects, 0(0B) LOS objects, 29% free, 38MB/54MB, paused 292us total 19.868ms
08-04 00:15:01.407  4292  4360 I art     : Starting a blocking GC Explicit
08-04 00:15:01.428  4292  4360 I art     : Explicit concurrent mark sweep GC freed 2551(101KB) AllocSpace objects, 2(40KB) LOS objects, 29% free, 38MB/54MB, paused 294us total 20.706ms
08-04 00:15:01.438  4292  4360 I art     : Starting a blocking GC Explicit
08-04 00:15:01.457  4292  4360 I art     : Explicit concurrent mark sweep GC freed 128(2928B) AllocSpace objects, 0(0B) LOS objects, 29% free, 38MB/54MB, paused 273us total 18.869ms
08-04 00:15:01.465  4292  4360 I art     : Starting a blocking GC Explicit
08-04 00:15:01.483  4292  4360 I art     : Explicit concurrent mark sweep GC freed 51(896B) AllocSpace objects, 0(0B) LOS objects, 29% free, 38MB/54MB, paused 276us total 17.055ms
08-04 00:15:01.491  4292  4360 I art     : Starting a blocking GC Explicit
08-04 00:15:01.509  4292  4360 I art     : Explicit concurrent mark sweep GC freed 99(1696B) AllocSpace objects, 0(0B) LOS objects, 29% free, 38MB/54MB, paused 268us total 17.441ms
08-04 00:15:01.517  4292  4360 I art     : Starting a blocking GC Explicit
08-04 00:15:01.536  4292  4360 I art     : Explicit concurrent mark sweep GC freed 97(1632B) AllocSpace objects, 0(0B) LOS objects, 29% free, 38MB/54MB, paused 309us total 18.085ms
08-04 00:15:01.779  4675  4675 D AndroidRuntime: >>>>>> START com.android.internal.os.RuntimeInit uid 2000 <<<<<<
08-04 00:15:01.783  4675  4675 D AndroidRuntime: CheckJNI is OFF
08-04 00:15:01.808  4675  4675 D ICU     : No timezone override file found: /data/misc/zoneinfo/current/icu/icu_tzdata.dat
08-04 00:15:01.833  4675  4675 I Radio-JNI: register_android_hardware_Radio DONE
08-04 00:15:01.849  4675  4675 D AndroidRuntime: Calling main entry com.android.commands.input.Input
08-04 00:15:01.851  4675  4675 I Input   : injectMotionEvent: MotionEvent { action=ACTION_DOWN, actionButton=0, id[0]=0, x[0]=693.0, y[0]=1450.0, toolType[0]=TOOL_TYPE_UNKNOWN, buttonState=0, metaState=0, flags=0x0, edgeFlags=0x0, pointerCount=1, historySize=0, eventTime=663318264, downTime=663318264, deviceId=0, source=0x1002 }
08-04 00:15:01.855  4675  4675 I Input   : injectMotionEvent: MotionEvent { action=ACTION_UP, actionButton=0, id[0]=0, x[0]=693.0, y[0]=1450.0, toolType[0]=TOOL_TYPE_UNKNOWN, buttonState=0, metaState=0, flags=0x0, edgeFlags=0x0, pointerCount=1, historySize=0, eventTime=663318264, downTime=663318264, deviceId=0, source=0x1002 }
08-04 00:15:01.857  4675  4675 D AndroidRuntime: Shutting down VM
08-04 00:15:01.858   918  5481 I ActivityManager: START u0 {cmp=baseline.io.github.project_travel_mate/.destinations.description.CityHistoryActivity} from uid 10650 on display 0
08-04 00:15:01.860   512  2967 D audio_hw_primary: out_set_parameters: enter: usecase(1: low-latency-playback) kvpairs: routing=2
08-04 00:15:01.866  4292  4360 I art     : Starting a blocking GC Explicit
08-04 00:15:01.873   512  2967 D audio_hw_primary: select_devices: out_snd_device(2: speaker) in_snd_device(0: none)
08-04 00:15:01.873   512  2967 D msm8974_platform: platform_send_audio_calibration: sending audio calibration for snd_device(2) acdb_id(15)
08-04 00:15:01.873   512  2967 I soundtrigger: audio_extn_sound_trigger_update_device_status: device 0x2 of type 0 for Event 1
08-04 00:15:01.882   512  2967 D audio_hw_primary: enable_snd_device: snd_device(2: speaker)
08-04 00:15:01.882  4292  4358 D Gabe    : call	returning from cache
08-04 00:15:01.884   512  2967 D audio_hw_primary: enable_audio_route: apply and update mixer path: low-latency-playback speaker
08-04 00:15:01.884  4292  4292 V EXECUTING: https://project-travel-mate.herokuapp.com/api/get-city-information/1
08-04 00:15:01.887  4292  4360 I art     : Explicit concurrent mark sweep GC freed 2798(177KB) AllocSpace objects, 2(40KB) LOS objects, 29% free, 38MB/54MB, paused 1.020ms total 21.172ms
08-04 00:15:01.897  4292  4360 I art     : Starting a blocking GC Explicit
08-04 00:15:01.916  4292  4360 I art     : Explicit concurrent mark sweep GC freed 376(42KB) AllocSpace objects, 0(0B) LOS objects, 29% free, 38MB/54MB, paused 380us total 19.097ms
08-04 00:15:01.926  4292  4360 I art     : Starting a blocking GC Explicit
08-04 00:15:01.946  4292  4360 I art     : Explicit concurrent mark sweep GC freed 433(16KB) AllocSpace objects, 0(0B) LOS objects, 29% free, 38MB/54MB, paused 1.591ms total 20.079ms
08-04 00:15:01.956  4292  4360 I art     : Starting a blocking GC Explicit
08-04 00:15:01.978  4292  4360 I art     : Explicit concurrent mark sweep GC freed 182(4KB) AllocSpace objects, 0(0B) LOS objects, 27% free, 42MB/58MB, paused 523us total 22.294ms
08-04 00:15:01.989  4292  4360 I art     : Starting a blocking GC Explicit
08-04 00:15:02.009  4292  4360 I art     : Explicit concurrent mark sweep GC freed 23(816B) AllocSpace objects, 0(0B) LOS objects, 27% free, 42MB/58MB, paused 339us total 19.605ms
08-04 00:15:02.027   918   936 I ActivityManager: Displayed baseline.io.github.project_travel_mate/.destinations.description.CityHistoryActivity: +162ms
08-04 00:15:02.027 13866 13866 I GoogleInputMethodServic: GoogleInputMethodService.onFinishInput():3138 
08-04 00:15:02.028 13866 13866 I GoogleInputMethodServic: GoogleInputMethodService.onStartInput():1808 
08-04 00:15:02.265  4292  4304 I art     : Starting a blocking GC Explicit
08-04 00:15:02.286   380   380 W SurfaceFlinger: couldn't log to binary event log: overflow.
08-04 00:15:02.303  4292  4304 I art     : Explicit concurrent mark sweep GC freed 2425(99KB) AllocSpace objects, 2(40KB) LOS objects, 27% free, 42MB/58MB, paused 474us total 37.289ms
08-04 00:15:02.313  4292  4304 I art     : Starting a blocking GC Explicit
08-04 00:15:02.335  4292  4304 I art     : Explicit concurrent mark sweep GC freed 570(22KB) AllocSpace objects, 0(0B) LOS objects, 27% free, 42MB/58MB, paused 380us total 21.146ms
08-04 00:15:02.344  4292  4304 I art     : Starting a blocking GC Explicit
08-04 00:15:02.365  4292  4304 I art     : Explicit concurrent mark sweep GC freed 2331(115KB) AllocSpace objects, 2(120KB) LOS objects, 27% free, 43MB/59MB, paused 366us total 20.481ms
08-04 00:15:02.374  4292  4304 I art     : Starting a blocking GC Explicit
08-04 00:15:02.383  4292  4699 I NAPPA_EXPERIMENTATION: MetricNetworkRequestExecutionTime: REQUEST_DURATION_SYSTEM='498',REQUEST_DURATION_OKHTTP='29',REQUEST_SYNCHRONOUS='FALSE',RESPONSE_CODE='200',RESPONSE_METHOD='GET',RESPONSE_LENGTH_OKHTTP='55024',RESPONSE_LENGTH_HEADER='55024',REQUEST_PROTOCOL='http/1.1',REQUEST_URL='https://project-travel-mate.herokuapp.com/api/get-city-information/1',
08-04 00:15:02.393  4292  4304 I art     : Explicit concurrent mark sweep GC freed 1186(127KB) AllocSpace objects, 1(80KB) LOS objects, 27% free, 42MB/58MB, paused 293us total 19.326ms
08-04 00:15:02.402  4292  4304 I art     : Starting a blocking GC Explicit
08-04 00:15:02.418   512  2967 D audio_hw_primary: disable_audio_route: reset and update mixer path: low-latency-playback speaker
08-04 00:15:02.419   512  2967 D audio_hw_primary: disable_snd_device: snd_device(2: speaker)
08-04 00:15:02.425  4292  4304 I art     : Explicit concurrent mark sweep GC freed 250(9KB) AllocSpace objects, 3(272KB) LOS objects, 27% free, 43MB/59MB, paused 445us total 22.473ms
08-04 00:15:02.427   512  2967 I soundtrigger: audio_extn_sound_trigger_update_device_status: device 0x2 of type 0 for Event 0
08-04 00:15:02.511 13866 13866 I GoogleInputMethodServic: GoogleInputMethodService.onFinishInput():3138 
08-04 00:15:02.511 13866 13866 I GoogleInputMethodServic: GoogleInputMethodService.onStartInput():1808 
08-04 00:15:02.753  4292  4305 I art     : Starting a blocking GC Explicit
08-04 00:15:02.778  4292  4305 I art     : Explicit concurrent mark sweep GC freed 4056(1334KB) AllocSpace objects, 19(4MB) LOS objects, 29% free, 38MB/54MB, paused 331us total 24.931ms
08-04 00:15:02.787  4292  4305 I art     : Starting a blocking GC Explicit
08-04 00:15:02.809  4292  4305 I art     : Explicit concurrent mark sweep GC freed 210(5KB) AllocSpace objects, 0(0B) LOS objects, 29% free, 38MB/54MB, paused 309us total 21.371ms
08-04 00:15:02.818  4292  4305 I art     : Starting a blocking GC Explicit
08-04 00:15:02.840  4292  4305 I art     : Explicit concurrent mark sweep GC freed 147(2496B) AllocSpace objects, 0(0B) LOS objects, 29% free, 38MB/54MB, paused 332us total 21.370ms
08-04 00:15:02.849  4292  4305 I art     : Starting a blocking GC Explicit
08-04 00:15:02.871  4292  4305 I art     : Explicit concurrent mark sweep GC freed 131(2224B) AllocSpace objects, 0(0B) LOS objects, 29% free, 38MB/54MB, paused 478us total 21.764ms
08-04 00:15:02.880  4292  4305 I art     : Starting a blocking GC Explicit
08-04 00:15:02.902  4292  4305 I art     : Explicit concurrent mark sweep GC freed 92(1600B) AllocSpace objects, 0(0B) LOS objects, 29% free, 38MB/54MB, paused 299us total 21.538ms
08-04 00:15:03.211  4292  4304 I art     : Starting a blocking GC Explicit
08-04 00:15:03.236  4292  4304 I art     : Explicit concurrent mark sweep GC freed 2866(106KB) AllocSpace objects, 2(40KB) LOS objects, 29% free, 38MB/54MB, paused 335us total 24.999ms
08-04 00:15:03.250  4292  4304 I art     : Starting a blocking GC Explicit
08-04 00:15:03.271  4292  4304 I art     : Explicit concurrent mark sweep GC freed 221(3KB) AllocSpace objects, 0(0B) LOS objects, 29% free, 38MB/54MB, paused 390us total 21.275ms
08-04 00:15:03.280  4292  4304 I art     : Starting a blocking GC Explicit
08-04 00:15:03.301  4292  4304 I art     : Explicit concurrent mark sweep GC freed 92(1600B) AllocSpace objects, 0(0B) LOS objects, 29% free, 38MB/54MB, paused 316us total 20.892ms
08-04 00:15:03.310  4292  4304 I art     : Starting a blocking GC Explicit
08-04 00:15:03.332  4292  4304 I art     : Explicit concurrent mark sweep GC freed 147(2496B) AllocSpace objects, 0(0B) LOS objects, 29% free, 38MB/54MB, paused 320us total 21.197ms
08-04 00:15:03.341  4292  4304 I art     : Starting a blocking GC Explicit
08-04 00:15:03.363  4292  4304 I art     : Explicit concurrent mark sweep GC freed 147(2496B) AllocSpace objects, 0(0B) LOS objects, 29% free, 38MB/54MB, paused 330us total 21.958ms
08-04 00:15:03.619 31401 31401 I ServiceManager: Waiting for service AtCmdFwd...
08-04 00:15:03.711  4292  4304 I art     : Starting a blocking GC Explicit
08-04 00:15:03.737  4292  4304 I art     : Explicit concurrent mark sweep GC freed 3038(109KB) AllocSpace objects, 2(40KB) LOS objects, 29% free, 38MB/54MB, paused 318us total 24.983ms
08-04 00:15:03.747  4292  4304 I art     : Starting a blocking GC Explicit
08-04 00:15:03.770  4292  4304 I art     : Explicit concurrent mark sweep GC freed 168(3KB) AllocSpace objects, 0(0B) LOS objects, 29% free, 38MB/54MB, paused 286us total 22.413ms
08-04 00:15:03.779  4292  4304 I art     : Starting a blocking GC Explicit
08-04 00:15:03.800  4292  4304 I art     : Explicit concurrent mark sweep GC freed 147(2496B) AllocSpace objects, 0(0B) LOS objects, 29% free, 38MB/54MB, paused 313us total 20.695ms
08-04 00:15:03.809  4292  4304 I art     : Starting a blocking GC Explicit
08-04 00:15:03.830  4292  4304 I art     : Explicit concurrent mark sweep GC freed 147(2496B) AllocSpace objects, 0(0B) LOS objects, 29% free, 38MB/54MB, paused 325us total 20.586ms
08-04 00:15:03.839  4292  4304 I art     : Starting a blocking GC Explicit
08-04 00:15:03.861  4292  4304 I art     : Explicit concurrent mark sweep GC freed 147(2496B) AllocSpace objects, 0(0B) LOS objects, 29% free, 38MB/54MB, paused 326us total 21.772ms
08-04 00:15:04.205  4292  4360 I art     : Starting a blocking GC Explicit
08-04 00:15:04.230  4292  4360 I art     : Explicit concurrent mark sweep GC freed 3009(108KB) AllocSpace objects, 2(40KB) LOS objects, 29% free, 38MB/54MB, paused 333us total 24.255ms
08-04 00:15:04.242  4292  4360 I art     : Starting a blocking GC Explicit
08-04 00:15:04.264  4292  4360 I art     : Explicit concurrent mark sweep GC freed 166(3KB) AllocSpace objects, 0(0B) LOS objects, 29% free, 38MB/54MB, paused 332us total 21.430ms
08-04 00:15:04.273  4292  4360 I art     : Starting a blocking GC Explicit
08-04 00:15:04.294  4292  4360 I art     : Explicit concurrent mark sweep GC freed 147(2496B) AllocSpace objects, 0(0B) LOS objects, 29% free, 38MB/54MB, paused 338us total 21.349ms
08-04 00:15:04.303  4292  4360 I art     : Starting a blocking GC Explicit
08-04 00:15:04.325  4292  4360 I art     : Explicit concurrent mark sweep GC freed 146(2464B) AllocSpace objects, 0(0B) LOS objects, 29% free, 38MB/54MB, paused 312us total 21.247ms
08-04 00:15:04.335  4292  4360 I art     : Starting a blocking GC Explicit
08-04 00:15:04.357  4292  4360 I art     : Explicit concurrent mark sweep GC freed 147(2496B) AllocSpace objects, 0(0B) LOS objects, 29% free, 38MB/54MB, paused 353us total 21.736ms
08-04 00:15:04.620 31401 31401 I ServiceManager: Waiting for service AtCmdFwd...
08-04 00:15:04.681  4292  4579 I art     : Starting a blocking GC Explicit
08-04 00:15:04.707  4292  4579 I art     : Explicit concurrent mark sweep GC freed 2909(107KB) AllocSpace objects, 2(40KB) LOS objects, 29% free, 38MB/54MB, paused 439us total 25.318ms
08-04 00:15:04.718  4292  4579 I art     : Starting a blocking GC Explicit
08-04 00:15:04.741  4292  4579 I art     : Explicit concurrent mark sweep GC freed 222(4KB) AllocSpace objects, 0(0B) LOS objects, 29% free, 38MB/54MB, paused 404us total 22.376ms
08-04 00:15:04.751  4292  4579 I art     : Starting a blocking GC Explicit
08-04 00:15:04.772  4292  4579 I art     : Explicit concurrent mark sweep GC freed 99(1696B) AllocSpace objects, 0(0B) LOS objects, 29% free, 38MB/54MB, paused 394us total 21.651ms
08-04 00:15:04.782  4292  4579 I art     : Starting a blocking GC Explicit
08-04 00:15:04.804  4292  4579 I art     : Explicit concurrent mark sweep GC freed 124(2128B) AllocSpace objects, 0(0B) LOS objects, 29% free, 38MB/54MB, paused 322us total 21.611ms
08-04 00:15:04.813  4292  4579 I art     : Starting a blocking GC Explicit
08-04 00:15:04.835  4292  4579 I art     : Explicit concurrent mark sweep GC freed 147(2496B) AllocSpace objects, 0(0B) LOS objects, 29% free, 38MB/54MB, paused 324us total 21.791ms
08-04 00:15:05.159  4292  4305 I art     : Starting a blocking GC Explicit
08-04 00:15:05.185  4292  4305 I art     : Explicit concurrent mark sweep GC freed 2938(107KB) AllocSpace objects, 2(40KB) LOS objects, 29% free, 38MB/54MB, paused 326us total 25.165ms
08-04 00:15:05.198  4292  4305 I art     : Starting a blocking GC Explicit
08-04 00:15:05.219  4292  4305 I art     : Explicit concurrent mark sweep GC freed 166(3KB) AllocSpace objects, 0(0B) LOS objects, 29% free, 38MB/54MB, paused 308us total 21.181ms
08-04 00:15:05.228  4292  4305 I art     : Starting a blocking GC Explicit
08-04 00:15:05.250  4292  4305 I art     : Explicit concurrent mark sweep GC freed 147(2496B) AllocSpace objects, 0(0B) LOS objects, 29% free, 38MB/54MB, paused 311us total 21.291ms
08-04 00:15:05.259  4292  4305 I art     : Starting a blocking GC Explicit
08-04 00:15:05.280  4292  4305 I art     : Explicit concurrent mark sweep GC freed 147(2496B) AllocSpace objects, 0(0B) LOS objects, 29% free, 38MB/54MB, paused 312us total 21.275ms
08-04 00:15:05.290  4292  4305 I art     : Starting a blocking GC Explicit
08-04 00:15:05.312  4292  4305 I art     : Explicit concurrent mark sweep GC freed 146(2464B) AllocSpace objects, 0(0B) LOS objects, 29% free, 38MB/54MB, paused 349us total 21.940ms
08-04 00:15:05.620 31401 31401 I ServiceManager: Waiting for service AtCmdFwd...
08-04 00:15:05.660  4292  4304 I art     : Starting a blocking GC Explicit
08-04 00:15:05.684  4292  4304 I art     : Explicit concurrent mark sweep GC freed 3010(108KB) AllocSpace objects, 2(40KB) LOS objects, 29% free, 38MB/54MB, paused 321us total 23.432ms
08-04 00:15:05.693  4292  4304 I art     : Starting a blocking GC Explicit
08-04 00:15:05.716  4292  4304 I art     : Explicit concurrent mark sweep GC freed 166(3KB) AllocSpace objects, 0(0B) LOS objects, 29% free, 38MB/54MB, paused 317us total 22.795ms
08-04 00:15:05.725  4292  4304 I art     : Starting a blocking GC Explicit
08-04 00:15:05.748  4292  4304 I art     : Explicit concurrent mark sweep GC freed 147(2496B) AllocSpace objects, 0(0B) LOS objects, 29% free, 38MB/54MB, paused 315us total 21.986ms
08-04 00:15:05.758  4292  4304 I art     : Starting a blocking GC Explicit
08-04 00:15:05.779  4292  4304 I art     : Explicit concurrent mark sweep GC freed 147(2496B) AllocSpace objects, 0(0B) LOS objects, 29% free, 38MB/54MB, paused 329us total 21.407ms
08-04 00:15:05.788  4292  4304 I art     : Starting a blocking GC Explicit
08-04 00:15:05.811  4292  4304 I art     : Explicit concurrent mark sweep GC freed 147(2496B) AllocSpace objects, 0(0B) LOS objects, 29% free, 38MB/54MB, paused 311us total 21.856ms
08-04 00:15:06.180  4292  4360 I art     : Starting a blocking GC Explicit
08-04 00:15:06.204  4292  4360 I art     : Explicit concurrent mark sweep GC freed 3082(110KB) AllocSpace objects, 2(40KB) LOS objects, 29% free, 38MB/54MB, paused 330us total 23.281ms
08-04 00:15:06.213  4292  4360 I art     : Starting a blocking GC Explicit
08-04 00:15:06.236  4292  4360 I art     : Explicit concurrent mark sweep GC freed 166(3KB) AllocSpace objects, 0(0B) LOS objects, 29% free, 38MB/54MB, paused 323us total 22.119ms
08-04 00:15:06.245  4292  4360 I art     : Starting a blocking GC Explicit
08-04 00:15:06.266  4292  4360 I art     : Explicit concurrent mark sweep GC freed 147(2496B) AllocSpace objects, 0(0B) LOS objects, 29% free, 38MB/54MB, paused 315us total 20.648ms
08-04 00:15:06.276  4292  4360 I art     : Starting a blocking GC Explicit
08-04 00:15:06.297  4292  4360 I art     : Explicit concurrent mark sweep GC freed 147(2496B) AllocSpace objects, 0(0B) LOS objects, 29% free, 38MB/54MB, paused 341us total 21.396ms
08-04 00:15:06.306  4292  4360 I art     : Starting a blocking GC Explicit
08-04 00:15:06.328  4292  4360 I art     : Explicit concurrent mark sweep GC freed 146(2464B) AllocSpace objects, 0(0B) LOS objects, 29% free, 38MB/54MB, paused 367us total 21.447ms
08-04 00:15:06.444  4797  4797 D AndroidRuntime: >>>>>> START com.android.internal.os.RuntimeInit uid 2000 <<<<<<
08-04 00:15:06.448  4797  4797 D AndroidRuntime: CheckJNI is OFF
08-04 00:15:06.474  4797  4797 D ICU     : No timezone override file found: /data/misc/zoneinfo/current/icu/icu_tzdata.dat
08-04 00:15:06.500  4797  4797 I Radio-JNI: register_android_hardware_Radio DONE
08-04 00:15:06.516  4797  4797 D AndroidRuntime: Calling main entry com.android.commands.input.Input
08-04 00:15:06.517  4797  4797 I Input   : injectKeyEvent: KeyEvent { action=ACTION_DOWN, keyCode=KEYCODE_BACK, scanCode=0, metaState=0, flags=0x0, repeatCount=0, eventTime=663322930, downTime=663322930, deviceId=-1, source=0x101 }
08-04 00:15:06.528  4797  4797 I Input   : injectKeyEvent: KeyEvent { action=ACTION_UP, keyCode=KEYCODE_BACK, scanCode=0, metaState=0, flags=0x0, repeatCount=0, eventTime=663322930, downTime=663322930, deviceId=-1, source=0x101 }
08-04 00:15:06.534  4797  4797 D AndroidRuntime: Shutting down VM
08-04 00:15:06.570 13866 13866 I GoogleInputMethodServic: GoogleInputMethodService.onFinishInput():3138 
08-04 00:15:06.571 13866 13866 I GoogleInputMethodServic: GoogleInputMethodService.onStartInput():1808 
08-04 00:15:06.621 31401 31401 I ServiceManager: Waiting for service AtCmdFwd...
08-04 00:15:06.629  4292  4305 I art     : Starting a blocking GC Explicit
08-04 00:15:06.651  4292  4305 I art     : Explicit concurrent mark sweep GC freed 2900(109KB) AllocSpace objects, 2(40KB) LOS objects, 29% free, 38MB/54MB, paused 298us total 21.874ms
08-04 00:15:06.661  4292  4305 I art     : Starting a blocking GC Explicit
08-04 00:15:06.683  4292  4305 I art     : Explicit concurrent mark sweep GC freed 170(3KB) AllocSpace objects, 0(0B) LOS objects, 29% free, 38MB/54MB, paused 288us total 21.485ms
08-04 00:15:06.692  4292  4305 I art     : Starting a blocking GC Explicit
08-04 00:15:06.714  4292  4305 I art     : Explicit concurrent mark sweep GC freed 147(2496B) AllocSpace objects, 0(0B) LOS objects, 29% free, 38MB/54MB, paused 276us total 21.344ms
08-04 00:15:06.723  4292  4305 I art     : Starting a blocking GC Explicit
08-04 00:15:06.746  4292  4305 I art     : Explicit concurrent mark sweep GC freed 146(2464B) AllocSpace objects, 0(0B) LOS objects, 29% free, 38MB/54MB, paused 414us total 22.565ms
08-04 00:15:06.758  4292  4305 I art     : Starting a blocking GC Explicit
08-04 00:15:06.785  4292  4305 I art     : Explicit concurrent mark sweep GC freed 148(2528B) AllocSpace objects, 0(0B) LOS objects, 29% free, 38MB/54MB, paused 330us total 27.207ms
08-04 00:15:06.858   380   380 W SurfaceFlinger: couldn't log to binary event log: overflow.
08-04 00:15:07.079  4292  4579 I art     : Starting a blocking GC Explicit
08-04 00:15:07.105  4292  4579 I art     : Explicit concurrent mark sweep GC freed 2482(100KB) AllocSpace objects, 3(228KB) LOS objects, 29% free, 38MB/54MB, paused 352us total 25.313ms
08-04 00:15:07.120  4292  4579 I art     : Starting a blocking GC Explicit
08-04 00:15:07.141  4292  4579 I art     : Explicit concurrent mark sweep GC freed 4791(340KB) AllocSpace objects, 7(132KB) LOS objects, 29% free, 38MB/54MB, paused 445us total 20.683ms
08-04 00:15:07.150  4292  4579 I art     : Starting a blocking GC Explicit
08-04 00:15:07.170  4292  4579 I art     : Explicit concurrent mark sweep GC freed 96(1648B) AllocSpace objects, 0(0B) LOS objects, 29% free, 38MB/54MB, paused 326us total 19.836ms
08-04 00:15:07.179  4292  4579 I art     : Starting a blocking GC Explicit
08-04 00:15:07.199  4292  4579 I art     : Explicit concurrent mark sweep GC freed 99(1696B) AllocSpace objects, 0(0B) LOS objects, 29% free, 38MB/54MB, paused 312us total 19.877ms
08-04 00:15:07.209  4292  4579 I art     : Starting a blocking GC Explicit
08-04 00:15:07.229  4292  4579 I art     : Explicit concurrent mark sweep GC freed 99(1696B) AllocSpace objects, 0(0B) LOS objects, 29% free, 38MB/54MB, paused 322us total 20.325ms
08-04 00:15:07.548  4292  4360 I art     : Starting a blocking GC Explicit
08-04 00:15:07.573  4292  4360 I art     : Explicit concurrent mark sweep GC freed 2409(99KB) AllocSpace objects, 2(40KB) LOS objects, 29% free, 38MB/54MB, paused 292us total 24.974ms
08-04 00:15:07.581  4292  4360 I art     : Starting a blocking GC Explicit
08-04 00:15:07.599  4292  4360 I art     : Explicit concurrent mark sweep GC freed 128(2928B) AllocSpace objects, 0(0B) LOS objects, 29% free, 38MB/54MB, paused 300us total 17.482ms
08-04 00:15:07.607  4292  4360 I art     : Starting a blocking GC Explicit
08-04 00:15:07.622 31401 31401 I ServiceManager: Waiting for service AtCmdFwd...
08-04 00:15:07.625  4292  4360 I art     : Explicit concurrent mark sweep GC freed 96(1616B) AllocSpace objects, 0(0B) LOS objects, 29% free, 38MB/54MB, paused 347us total 17.842ms
08-04 00:15:07.634  4292  4360 I art     : Starting a blocking GC Explicit
08-04 00:15:07.652  4292  4360 I art     : Explicit concurrent mark sweep GC freed 54(976B) AllocSpace objects, 0(0B) LOS objects, 29% free, 38MB/54MB, paused 298us total 17.693ms
08-04 00:15:07.660  4292  4360 I art     : Starting a blocking GC Explicit
08-04 00:15:07.678  4292  4360 I art     : Explicit concurrent mark sweep GC freed 99(1696B) AllocSpace objects, 0(0B) LOS objects, 29% free, 38MB/54MB, paused 292us total 17.502ms
08-04 00:15:07.943  4292  4305 I art     : Starting a blocking GC Explicit
08-04 00:15:07.962  4292  4305 I art     : Explicit concurrent mark sweep GC freed 2241(96KB) AllocSpace objects, 2(40KB) LOS objects, 29% free, 38MB/54MB, paused 309us total 18.436ms
08-04 00:15:07.971  4292  4305 I art     : Starting a blocking GC Explicit
08-04 00:15:07.990  4292  4305 I art     : Explicit concurrent mark sweep GC freed 70(1584B) AllocSpace objects, 0(0B) LOS objects, 29% free, 38MB/54MB, paused 315us total 19.439ms
08-04 00:15:08.000  4292  4305 I art     : Starting a blocking GC Explicit
08-04 00:15:08.019  4292  4305 I art     : Explicit concurrent mark sweep GC freed 99(1696B) AllocSpace objects, 0(0B) LOS objects, 29% free, 38MB/54MB, paused 301us total 19.386ms
08-04 00:15:08.028  4292  4305 I art     : Starting a blocking GC Explicit
08-04 00:15:08.046  4292  4305 I art     : Explicit concurrent mark sweep GC freed 99(1696B) AllocSpace objects, 0(0B) LOS objects, 29% free, 38MB/54MB, paused 292us total 17.949ms
08-04 00:15:08.055  4292  4305 I art     : Starting a blocking GC Explicit
08-04 00:15:08.074  4292  4305 I art     : Explicit concurrent mark sweep GC freed 51(896B) AllocSpace objects, 0(0B) LOS objects, 29% free, 38MB/54MB, paused 304us total 18.106ms
08-04 00:15:08.090  4841  4841 D AndroidRuntime: >>>>>> START com.android.internal.os.RuntimeInit uid 2000 <<<<<<
08-04 00:15:08.093  4841  4841 D AndroidRuntime: CheckJNI is OFF
08-04 00:15:08.118  4841  4841 D ICU     : No timezone override file found: /data/misc/zoneinfo/current/icu/icu_tzdata.dat
08-04 00:15:08.142  4841  4841 I Radio-JNI: register_android_hardware_Radio DONE
08-04 00:15:08.158  4841  4841 D AndroidRuntime: Calling main entry com.android.commands.input.Input
08-04 00:15:08.159  4841  4841 I Input   : injectMotionEvent: MotionEvent { action=ACTION_DOWN, actionButton=0, id[0]=0, x[0]=504.0, y[0]=1706.0, toolType[0]=TOOL_TYPE_UNKNOWN, buttonState=0, metaState=0, flags=0x0, edgeFlags=0x0, pointerCount=1, historySize=0, eventTime=663324572, downTime=663324572, deviceId=0, source=0x1002 }
08-04 00:15:08.164  4841  4841 I Input   : injectMotionEvent: MotionEvent { action=ACTION_UP, actionButton=0, id[0]=0, x[0]=504.0, y[0]=1706.0, toolType[0]=TOOL_TYPE_UNKNOWN, buttonState=0, metaState=0, flags=0x0, edgeFlags=0x0, pointerCount=1, historySize=0, eventTime=663324572, downTime=663324572, deviceId=0, source=0x1002 }
08-04 00:15:08.165  4841  4841 D AndroidRuntime: Shutting down VM
08-04 00:15:08.167   512  2967 D audio_hw_primary: out_set_parameters: enter: usecase(1: low-latency-playback) kvpairs: routing=2
08-04 00:15:08.168   918  4413 I ActivityManager: START u0 {cmp=baseline.io.github.project_travel_mate/.destinations.funfacts.FunFactsActivity (has extras)} from uid 10650 on display 0
08-04 00:15:08.180   512  2967 D audio_hw_primary: select_devices: out_snd_device(2: speaker) in_snd_device(0: none)
08-04 00:15:08.180   512  2967 D msm8974_platform: platform_send_audio_calibration: sending audio calibration for snd_device(2) acdb_id(15)
08-04 00:15:08.180   512  2967 I soundtrigger: audio_extn_sound_trigger_update_device_status: device 0x2 of type 0 for Event 1
08-04 00:15:08.190  4292  4358 D Gabe    : call	returning from cache
08-04 00:15:08.191   512  2967 D audio_hw_primary: enable_snd_device: snd_device(2: speaker)
08-04 00:15:08.192  4292  4292 V EXECUTING: https://project-travel-mate.herokuapp.com/api/get-city-facts/1
08-04 00:15:08.193   512  2967 D audio_hw_primary: enable_audio_route: apply and update mixer path: low-latency-playback speaker
08-04 00:15:08.226   918 13198 D NetlinkSocketObserver: NeighborEvent{elapsedMs=1646712101, 192.168.2.254, [7C3953A63323], RTM_NEWNEIGH, NUD_STALE}
08-04 00:15:08.296 13866 13866 I GoogleInputMethodServic: GoogleInputMethodService.onFinishInput():3138 
08-04 00:15:08.297 13866 13866 I GoogleInputMethodServic: GoogleInputMethodService.onStartInput():1808 
08-04 00:15:08.299   918   936 I ActivityManager: Displayed baseline.io.github.project_travel_mate/.destinations.funfacts.FunFactsActivity: +123ms
08-04 00:15:08.333  4292  4304 I art     : Starting a blocking GC Explicit
08-04 00:15:08.357  4292  4304 I art     : Explicit concurrent mark sweep GC freed 4197(285KB) AllocSpace objects, 2(40KB) LOS objects, 27% free, 42MB/58MB, paused 463us total 23.693ms
08-04 00:15:08.367  4292  4304 I art     : Starting a blocking GC Explicit
08-04 00:15:08.388  4292  4304 I art     : Explicit concurrent mark sweep GC freed 271(8KB) AllocSpace objects, 0(0B) LOS objects, 27% free, 42MB/58MB, paused 344us total 20.618ms
08-04 00:15:08.397  4292  4304 I art     : Starting a blocking GC Explicit
08-04 00:15:08.416  4292  4304 I art     : Explicit concurrent mark sweep GC freed 148(2528B) AllocSpace objects, 0(0B) LOS objects, 27% free, 42MB/58MB, paused 383us total 19.343ms
08-04 00:15:08.427  4292  4304 I art     : Starting a blocking GC Explicit
08-04 00:15:08.447  4292  4304 I art     : Explicit concurrent mark sweep GC freed 147(2496B) AllocSpace objects, 0(0B) LOS objects, 27% free, 42MB/58MB, paused 353us total 20.275ms
08-04 00:15:08.457  4292  4304 I art     : Starting a blocking GC Explicit
08-04 00:15:08.480  4292  4304 I art     : Explicit concurrent mark sweep GC freed 147(2496B) AllocSpace objects, 0(0B) LOS objects, 27% free, 42MB/58MB, paused 354us total 22.677ms
08-04 00:15:08.559   380   380 W SurfaceFlinger: couldn't log to binary event log: overflow.
08-04 00:15:08.622 31401 31401 W Atfwd_Sendcmd: AtCmdFwd service not published, waiting... retryCnt : 2
08-04 00:15:08.738   512  2967 D audio_hw_primary: disable_audio_route: reset and update mixer path: low-latency-playback speaker
08-04 00:15:08.739   512  2967 D audio_hw_primary: disable_snd_device: snd_device(2: speaker)
08-04 00:15:08.746   512  2967 I soundtrigger: audio_extn_sound_trigger_update_device_status: device 0x2 of type 0 for Event 0
08-04 00:15:08.749  4292  4865 I NAPPA_EXPERIMENTATION: MetricNetworkRequestExecutionTime: REQUEST_DURATION_SYSTEM='555',REQUEST_DURATION_OKHTTP='31',REQUEST_SYNCHRONOUS='FALSE',RESPONSE_CODE='200',RESPONSE_METHOD='GET',RESPONSE_LENGTH_OKHTTP='1793',RESPONSE_LENGTH_HEADER='1793',REQUEST_PROTOCOL='http/1.1',REQUEST_URL='https://project-travel-mate.herokuapp.com/api/get-city-facts/1',
08-04 00:15:08.751  4292  4865 V EXECUTING: https://project-travel-mate.herokuapp.com/api/get-city-images/1
08-04 00:15:08.772  4292  4305 I art     : Starting a blocking GC Explicit
08-04 00:15:08.795  4292  4305 I art     : Explicit concurrent mark sweep GC freed 5773(284KB) AllocSpace objects, 5(240KB) LOS objects, 27% free, 43MB/59MB, paused 507us total 22.717ms
08-04 00:15:08.804  4292  4305 I art     : Starting a blocking GC Explicit
08-04 00:15:08.825  4292  4305 I art     : Explicit concurrent mark sweep GC freed 982(117KB) AllocSpace objects, 0(0B) LOS objects, 27% free, 43MB/59MB, paused 333us total 20.552ms
08-04 00:15:08.834  4292  4305 I art     : Starting a blocking GC Explicit
08-04 00:15:08.855  4292  4305 I art     : Explicit concurrent mark sweep GC freed 128(2160B) AllocSpace objects, 0(0B) LOS objects, 27% free, 43MB/59MB, paused 605us total 21.099ms
08-04 00:15:08.865  4292  4305 I art     : Starting a blocking GC Explicit
08-04 00:15:08.886  4292  4305 I art     : Explicit concurrent mark sweep GC freed 20(368B) AllocSpace objects, 0(0B) LOS objects, 27% free, 43MB/59MB, paused 335us total 20.456ms
08-04 00:15:08.895  4292  4305 I art     : Starting a blocking GC Explicit
08-04 00:15:08.916  4292  4305 I art     : Explicit concurrent mark sweep GC freed 128(2144B) AllocSpace objects, 0(0B) LOS objects, 27% free, 43MB/59MB, paused 541us total 21.211ms
08-04 00:15:09.148  4292  4889 I NAPPA_EXPERIMENTATION: MetricNetworkRequestExecutionTime: REQUEST_DURATION_SYSTEM='396',REQUEST_DURATION_OKHTTP='30',REQUEST_SYNCHRONOUS='FALSE',RESPONSE_CODE='200',RESPONSE_METHOD='GET',RESPONSE_LENGTH_OKHTTP='183',RESPONSE_LENGTH_HEADER='183',REQUEST_PROTOCOL='http/1.1',REQUEST_URL='https://project-travel-mate.herokuapp.com/api/get-city-images/1',
08-04 00:15:09.188  4292  4889 V RESPONSE: [{"id":17,"image_url":"https://upload.wikimedia.org/wikipedia/commons/9/94/%E0%B4%96%E0%B5%81%E0%B4%A4%E0%B5%8D%E0%B4%AC%E0%B5%8D_%E0%B4%AE%E0%B4%BF%E0%B4%A8%E0%B4%BE%E0%B5%BC1.jpg"}]
08-04 00:15:09.200  4292  4304 I art     : Starting a blocking GC Explicit
08-04 00:15:09.222  4292  4304 I art     : Explicit concurrent mark sweep GC freed 5194(248KB) AllocSpace objects, 5(240KB) LOS objects, 26% free, 43MB/59MB, paused 531us total 21.899ms
08-04 00:15:09.232  4292  4304 I art     : Starting a blocking GC Explicit
08-04 00:15:09.254  4292  4304 I art     : Explicit concurrent mark sweep GC freed 1146(143KB) AllocSpace objects, 0(0B) LOS objects, 26% free, 43MB/59MB, paused 1.084ms total 21.960ms
08-04 00:15:09.263  4292  4304 I art     : Starting a blocking GC Explicit
08-04 00:15:09.284  4292  4304 I art     : Explicit concurrent mark sweep GC freed 3223(168KB) AllocSpace objects, 0(0B) LOS objects, 26% free, 43MB/59MB, paused 459us total 20.940ms
08-04 00:15:09.293  4292  4304 I art     : Starting a blocking GC Explicit
08-04 00:15:09.315  4292  4304 I art     : Explicit concurrent mark sweep GC freed 178(8KB) AllocSpace objects, 1(4MB) LOS objects, 28% free, 39MB/55MB, paused 464us total 21.569ms
08-04 00:15:09.324  4292  4304 I art     : Starting a blocking GC Explicit
08-04 00:15:09.345  4292  4304 I art     : Explicit concurrent mark sweep GC freed 149(2576B) AllocSpace objects, 0(0B) LOS objects, 28% free, 39MB/55MB, paused 372us total 21.474ms
08-04 00:15:09.525   518   646 I ThermalEngine: ACTION: GPU - Setting GPU[0] to 510000000
08-04 00:15:09.680  4292  4579 I art     : Starting a blocking GC Explicit
08-04 00:15:09.709  4292  4579 I art     : Explicit concurrent mark sweep GC freed 2976(109KB) AllocSpace objects, 2(40KB) LOS objects, 28% free, 39MB/55MB, paused 485us total 29.285ms
08-04 00:15:09.722  4292  4579 I art     : Starting a blocking GC Explicit
08-04 00:15:09.750  4292  4579 I art     : Explicit concurrent mark sweep GC freed 238(4KB) AllocSpace objects, 0(0B) LOS objects, 28% free, 39MB/55MB, paused 487us total 28.251ms
08-04 00:15:09.763  4292  4579 I art     : Starting a blocking GC Explicit
08-04 00:15:09.791  4292  4579 I art     : Explicit concurrent mark sweep GC freed 147(2496B) AllocSpace objects, 0(0B) LOS objects, 28% free, 39MB/55MB, paused 484us total 28.504ms
08-04 00:15:09.804  4292  4579 I art     : Starting a blocking GC Explicit
08-04 00:15:09.832  4292  4579 I art     : Explicit concurrent mark sweep GC freed 219(3KB) AllocSpace objects, 0(0B) LOS objects, 28% free, 39MB/55MB, paused 475us total 28.378ms
08-04 00:15:09.845  4292  4579 I art     : Starting a blocking GC Explicit
08-04 00:15:09.874  4292  4579 I art     : Explicit concurrent mark sweep GC freed 146(2464B) AllocSpace objects, 0(0B) LOS objects, 28% free, 39MB/55MB, paused 566us total 29.391ms
08-04 00:15:10.229  4292  4360 I art     : Starting a blocking GC Explicit
08-04 00:15:10.259  4292  4360 I art     : Explicit concurrent mark sweep GC freed 3083(110KB) AllocSpace objects, 2(40KB) LOS objects, 28% free, 39MB/55MB, paused 474us total 30.221ms
08-04 00:15:10.272  4292  4360 I art     : Starting a blocking GC Explicit
08-04 00:15:10.300  4292  4360 I art     : Explicit concurrent mark sweep GC freed 239(4KB) AllocSpace objects, 0(0B) LOS objects, 28% free, 39MB/55MB, paused 476us total 28.012ms
08-04 00:15:10.312  4292  4360 I art     : Starting a blocking GC Explicit
08-04 00:15:10.342  4292  4360 I art     : Explicit concurrent mark sweep GC freed 147(2496B) AllocSpace objects, 0(0B) LOS objects, 28% free, 39MB/55MB, paused 545us total 29.539ms
08-04 00:15:10.355  4292  4360 I art     : Starting a blocking GC Explicit
08-04 00:15:10.384  4292  4360 I art     : Explicit concurrent mark sweep GC freed 219(3KB) AllocSpace objects, 0(0B) LOS objects, 28% free, 39MB/55MB, paused 483us total 28.598ms
08-04 00:15:10.396  4292  4360 I art     : Starting a blocking GC Explicit
08-04 00:15:10.424  4292  4360 I art     : Explicit concurrent mark sweep GC freed 159(3KB) AllocSpace objects, 0(0B) LOS objects, 28% free, 39MB/55MB, paused 448us total 28.005ms
08-04 00:15:10.782  4292  4304 I art     : Starting a blocking GC Explicit
08-04 00:15:10.812  4292  4304 I art     : Explicit concurrent mark sweep GC freed 3099(110KB) AllocSpace objects, 2(40KB) LOS objects, 28% free, 39MB/55MB, paused 467us total 29.356ms
08-04 00:15:10.824  4292  4304 I art     : Starting a blocking GC Explicit
08-04 00:15:10.842  4925  4925 D AndroidRuntime: >>>>>> START com.android.internal.os.RuntimeInit uid 2000 <<<<<<
08-04 00:15:10.846  4925  4925 D AndroidRuntime: CheckJNI is OFF
08-04 00:15:10.852  4292  4304 I art     : Explicit concurrent mark sweep GC freed 238(4KB) AllocSpace objects, 0(0B) LOS objects, 28% free, 39MB/55MB, paused 500us total 27.667ms
08-04 00:15:10.865  4292  4304 I art     : Starting a blocking GC Explicit
08-04 00:15:10.881  4925  4925 D ICU     : No timezone override file found: /data/misc/zoneinfo/current/icu/icu_tzdata.dat
08-04 00:15:10.892  4292  4304 I art     : Explicit concurrent mark sweep GC freed 147(2496B) AllocSpace objects, 0(0B) LOS objects, 28% free, 39MB/55MB, paused 539us total 26.858ms
08-04 00:15:10.904  4292  4304 I art     : Starting a blocking GC Explicit
08-04 00:15:10.916  4925  4925 I Radio-JNI: register_android_hardware_Radio DONE
08-04 00:15:10.931  4292  4304 I art     : Explicit concurrent mark sweep GC freed 156(2640B) AllocSpace objects, 0(0B) LOS objects, 28% free, 39MB/55MB, paused 488us total 26.595ms
08-04 00:15:10.938  4925  4925 D AndroidRuntime: Calling main entry com.android.commands.input.Input
08-04 00:15:10.940  4925  4925 I Input   : injectKeyEvent: KeyEvent { action=ACTION_DOWN, keyCode=KEYCODE_BACK, scanCode=0, metaState=0, flags=0x0, repeatCount=0, eventTime=663327353, downTime=663327353, deviceId=-1, source=0x101 }
08-04 00:15:10.943  4292  4304 I art     : Starting a blocking GC Explicit
08-04 00:15:10.949  4925  4925 I Input   : injectKeyEvent: KeyEvent { action=ACTION_UP, keyCode=KEYCODE_BACK, scanCode=0, metaState=0, flags=0x0, repeatCount=0, eventTime=663327353, downTime=663327353, deviceId=-1, source=0x101 }
08-04 00:15:10.956  4925  4925 D AndroidRuntime: Shutting down VM
08-04 00:15:10.970  4292  4304 I art     : Explicit concurrent mark sweep GC freed 261(5KB) AllocSpace objects, 0(0B) LOS objects, 28% free, 39MB/55MB, paused 534us total 26.470ms
08-04 00:15:10.988 13866 13866 I GoogleInputMethodServic: GoogleInputMethodService.onFinishInput():3138 
08-04 00:15:10.988 13866 13866 I GoogleInputMethodServic: GoogleInputMethodService.onStartInput():1808 
08-04 00:15:11.295   380   380 W SurfaceFlinger: couldn't log to binary event log: overflow.
08-04 00:15:11.297  4292  4360 I art     : Starting a blocking GC Explicit
08-04 00:15:11.328  4292  4360 I art     : Explicit concurrent mark sweep GC freed 3773(146KB) AllocSpace objects, 4(404KB) LOS objects, 29% free, 38MB/54MB, paused 548us total 30.699ms
08-04 00:15:11.340  4292  4360 I art     : Starting a blocking GC Explicit
08-04 00:15:11.367  4292  4360 I art     : Explicit concurrent mark sweep GC freed 307(10KB) AllocSpace objects, 0(0B) LOS objects, 29% free, 38MB/54MB, paused 482us total 26.631ms
08-04 00:15:11.378  4292  4360 I art     : Starting a blocking GC Explicit
08-04 00:15:11.405  4292  4360 I art     : Explicit concurrent mark sweep GC freed 5364(259KB) AllocSpace objects, 1(28KB) LOS objects, 29% free, 38MB/54MB, paused 472us total 25.935ms
08-04 00:15:11.417  4292  4360 I art     : Starting a blocking GC Explicit
08-04 00:15:11.443  4292  4360 I art     : Explicit concurrent mark sweep GC freed 99(1696B) AllocSpace objects, 0(0B) LOS objects, 29% free, 38MB/54MB, paused 471us total 26.199ms
08-04 00:15:11.456  4292  4360 I art     : Starting a blocking GC Explicit
08-04 00:15:11.482  4292  4360 I art     : Explicit concurrent mark sweep GC freed 147(2496B) AllocSpace objects, 0(0B) LOS objects, 29% free, 38MB/54MB, paused 463us total 26.334ms
08-04 00:15:11.820  4292  4304 I art     : Starting a blocking GC Explicit
08-04 00:15:11.849  4292  4304 I art     : Explicit concurrent mark sweep GC freed 2483(100KB) AllocSpace objects, 2(40KB) LOS objects, 29% free, 38MB/54MB, paused 506us total 29.463ms
08-04 00:15:11.861  4292  4304 I art     : Starting a blocking GC Explicit
08-04 00:15:11.887  4292  4304 I art     : Explicit concurrent mark sweep GC freed 118(2384B) AllocSpace objects, 0(0B) LOS objects, 29% free, 38MB/54MB, paused 488us total 25.683ms
08-04 00:15:11.900  4292  4304 I art     : Starting a blocking GC Explicit
08-04 00:15:11.926  4292  4304 I art     : Explicit concurrent mark sweep GC freed 99(1696B) AllocSpace objects, 0(0B) LOS objects, 29% free, 38MB/54MB, paused 464us total 25.797ms
08-04 00:15:11.938  4292  4304 I art     : Starting a blocking GC Explicit
08-04 00:15:11.964  4292  4304 I art     : Explicit concurrent mark sweep GC freed 139(2336B) AllocSpace objects, 0(0B) LOS objects, 29% free, 38MB/54MB, paused 521us total 25.876ms
08-04 00:15:11.977  4292  4304 I art     : Starting a blocking GC Explicit
08-04 00:15:12.003  4292  4304 I art     : Explicit concurrent mark sweep GC freed 107(1856B) AllocSpace objects, 0(0B) LOS objects, 29% free, 38MB/54MB, paused 462us total 26.296ms
08-04 00:15:12.323  4292  4579 I art     : Starting a blocking GC Explicit
08-04 00:15:12.349  4292  4579 I art     : Explicit concurrent mark sweep GC freed 2435(99KB) AllocSpace objects, 2(40KB) LOS objects, 29% free, 38MB/54MB, paused 549us total 26.060ms
08-04 00:15:12.361  4292  4579 I art     : Starting a blocking GC Explicit
08-04 00:15:12.387  4292  4579 I art     : Explicit concurrent mark sweep GC freed 119(2416B) AllocSpace objects, 0(0B) LOS objects, 29% free, 38MB/54MB, paused 539us total 25.557ms
08-04 00:15:12.399  4292  4579 I art     : Starting a blocking GC Explicit
08-04 00:15:12.425  4292  4579 I art     : Explicit concurrent mark sweep GC freed 99(1696B) AllocSpace objects, 0(0B) LOS objects, 29% free, 38MB/54MB, paused 479us total 25.743ms
08-04 00:15:12.437  4292  4579 I art     : Starting a blocking GC Explicit
08-04 00:15:12.463  4292  4579 I art     : Explicit concurrent mark sweep GC freed 99(1696B) AllocSpace objects, 0(0B) LOS objects, 29% free, 38MB/54MB, paused 519us total 25.835ms
08-04 00:15:12.475  4292  4579 I art     : Starting a blocking GC Explicit
08-04 00:15:12.502  4292  4579 I art     : Explicit concurrent mark sweep GC freed 147(2496B) AllocSpace objects, 0(0B) LOS objects, 29% free, 38MB/54MB, paused 441us total 26.095ms
08-04 00:15:12.618  4975  4975 D AndroidRuntime: >>>>>> START com.android.internal.os.RuntimeInit uid 2000 <<<<<<
08-04 00:15:12.623  4975  4975 D AndroidRuntime: CheckJNI is OFF
08-04 00:15:12.657  4975  4975 D ICU     : No timezone override file found: /data/misc/zoneinfo/current/icu/icu_tzdata.dat
08-04 00:15:12.689  4975  4975 I Radio-JNI: register_android_hardware_Radio DONE
08-04 00:15:12.710  4975  4975 D AndroidRuntime: Calling main entry com.android.commands.input.Input
08-04 00:15:12.712  4975  4975 I Input   : injectMotionEvent: MotionEvent { action=ACTION_DOWN, actionButton=0, id[0]=0, x[0]=504.0, y[0]=1706.0, toolType[0]=TOOL_TYPE_UNKNOWN, buttonState=0, metaState=0, flags=0x0, edgeFlags=0x0, pointerCount=1, historySize=0, eventTime=663329125, downTime=663329125, deviceId=0, source=0x1002 }
08-04 00:15:12.717  4975  4975 I Input   : injectMotionEvent: MotionEvent { action=ACTION_UP, actionButton=0, id[0]=0, x[0]=504.0, y[0]=1706.0, toolType[0]=TOOL_TYPE_UNKNOWN, buttonState=0, metaState=0, flags=0x0, edgeFlags=0x0, pointerCount=1, historySize=0, eventTime=663329125, downTime=663329125, deviceId=0, source=0x1002 }
08-04 00:15:12.719  4975  4975 D AndroidRuntime: Shutting down VM
08-04 00:15:12.722   512  2967 D audio_hw_primary: out_set_parameters: enter: usecase(1: low-latency-playback) kvpairs: routing=2
08-04 00:15:12.731   918  5481 I ActivityManager: START u0 {cmp=baseline.io.github.project_travel_mate/.destinations.funfacts.FunFactsActivity (has extras)} from uid 10650 on display 0
08-04 00:15:12.735   512  2967 D audio_hw_primary: select_devices: out_snd_device(2: speaker) in_snd_device(0: none)
08-04 00:15:12.735   512  2967 D msm8974_platform: platform_send_audio_calibration: sending audio calibration for snd_device(2) acdb_id(15)
08-04 00:15:12.735   512  2967 I soundtrigger: audio_extn_sound_trigger_update_device_status: device 0x2 of type 0 for Event 1
08-04 00:15:12.746   918   927 I art     : Background sticky concurrent mark sweep GC freed 79069(7MB) AllocSpace objects, 179(4MB) LOS objects, 14% free, 72MB/84MB, paused 7.556ms total 45.990ms
08-04 00:15:12.752   512  2967 D audio_hw_primary: enable_snd_device: snd_device(2: speaker)
08-04 00:15:12.754  4292  4358 D Gabe    : call	returning from cache
08-04 00:15:12.754   512  2967 D audio_hw_primary: enable_audio_route: apply and update mixer path: low-latency-playback speaker
08-04 00:15:12.755  4292  4292 V EXECUTING: https://project-travel-mate.herokuapp.com/api/get-city-facts/1
08-04 00:15:12.837  4292  4305 I art     : Starting a blocking GC Explicit
08-04 00:15:12.865  4292  4305 I art     : Explicit concurrent mark sweep GC freed 4291(273KB) AllocSpace objects, 2(40KB) LOS objects, 27% free, 43MB/59MB, paused 524us total 27.176ms
08-04 00:15:12.877  4292  4305 I art     : Starting a blocking GC Explicit
08-04 00:15:12.881   918   936 I ActivityManager: Displayed baseline.io.github.project_travel_mate/.destinations.funfacts.FunFactsActivity: +139ms
08-04 00:15:12.883 13866 13866 I GoogleInputMethodServic: GoogleInputMethodService.onFinishInput():3138 
08-04 00:15:12.884 13866 13866 I GoogleInputMethodServic: GoogleInputMethodService.onStartInput():1808 
08-04 00:15:12.902  4292  4305 I art     : Explicit concurrent mark sweep GC freed 264(8KB) AllocSpace objects, 0(0B) LOS objects, 27% free, 43MB/59MB, paused 1.080ms total 25.461ms
08-04 00:15:12.916  4292  4305 I art     : Starting a blocking GC Explicit
08-04 00:15:12.945  4292  4305 I art     : Explicit concurrent mark sweep GC freed 22(432B) AllocSpace objects, 0(0B) LOS objects, 27% free, 43MB/59MB, paused 655us total 29.345ms
08-04 00:15:12.957  4292  4305 I art     : Starting a blocking GC Explicit
08-04 00:15:12.966   918  3261 D WifiStateMachine: starting scan for "H369AA63323"WPA_PSK with 2412,5180
08-04 00:15:12.983  4292  4305 I art     : Explicit concurrent mark sweep GC freed 221(3KB) AllocSpace objects, 0(0B) LOS objects, 27% free, 43MB/59MB, paused 510us total 25.755ms
08-04 00:15:12.995  4292  4305 I art     : Starting a blocking GC Explicit
08-04 00:15:13.019  4292  4305 I art     : Explicit concurrent mark sweep GC freed 148(2528B) AllocSpace objects, 0(0B) LOS objects, 27% free, 43MB/59MB, paused 460us total 23.731ms
08-04 00:15:13.132   380   380 W SurfaceFlinger: couldn't log to binary event log: overflow.
08-04 00:15:13.211  4292  5003 I NAPPA_EXPERIMENTATION: MetricNetworkRequestExecutionTime: REQUEST_DURATION_SYSTEM='455',REQUEST_DURATION_OKHTTP='30',REQUEST_SYNCHRONOUS='FALSE',RESPONSE_CODE='200',RESPONSE_METHOD='GET',RESPONSE_LENGTH_OKHTTP='1793',RESPONSE_LENGTH_HEADER='1793',REQUEST_PROTOCOL='http/1.1',REQUEST_URL='https://project-travel-mate.herokuapp.com/api/get-city-facts/1',
08-04 00:15:13.213  4292  5003 V EXECUTING: https://project-travel-mate.herokuapp.com/api/get-city-images/1
08-04 00:15:13.288   512  2967 D audio_hw_primary: disable_audio_route: reset and update mixer path: low-latency-playback speaker
08-04 00:15:13.289   512  2967 D audio_hw_primary: disable_snd_device: snd_device(2: speaker)
08-04 00:15:13.297   512  2967 I soundtrigger: audio_extn_sound_trigger_update_device_status: device 0x2 of type 0 for Event 0
08-04 00:15:13.318  4292  4305 I art     : Starting a blocking GC Explicit
08-04 00:15:13.346  4292  4305 I art     : Explicit concurrent mark sweep GC freed 5865(285KB) AllocSpace objects, 5(240KB) LOS objects, 26% free, 43MB/59MB, paused 750us total 27.852ms
08-04 00:15:13.360  4292  4305 I art     : Starting a blocking GC Explicit
08-04 00:15:13.387  4292  4305 I art     : Explicit concurrent mark sweep GC freed 1021(118KB) AllocSpace objects, 0(0B) LOS objects, 26% free, 43MB/59MB, paused 794us total 26.872ms
08-04 00:15:13.399  4292  4305 I art     : Starting a blocking GC Explicit
08-04 00:15:13.426  4292  4305 I art     : Explicit concurrent mark sweep GC freed 127(2144B) AllocSpace objects, 0(0B) LOS objects, 26% free, 43MB/59MB, paused 717us total 25.967ms
08-04 00:15:13.438  4292  4305 I art     : Starting a blocking GC Explicit
08-04 00:15:13.464  4292  4305 I art     : Explicit concurrent mark sweep GC freed 22(400B) AllocSpace objects, 0(0B) LOS objects, 26% free, 43MB/59MB, paused 510us total 25.705ms
08-04 00:15:13.476  4292  4305 I art     : Starting a blocking GC Explicit
08-04 00:15:13.502  4292  4305 I art     : Explicit concurrent mark sweep GC freed 140(2800B) AllocSpace objects, 0(0B) LOS objects, 26% free, 43MB/59MB, paused 623us total 26.391ms
08-04 00:15:13.654  4292  5015 I NAPPA_EXPERIMENTATION: MetricNetworkRequestExecutionTime: REQUEST_DURATION_SYSTEM='440',REQUEST_DURATION_OKHTTP='27',REQUEST_SYNCHRONOUS='FALSE',RESPONSE_CODE='200',RESPONSE_METHOD='GET',RESPONSE_LENGTH_OKHTTP='183',RESPONSE_LENGTH_HEADER='183',REQUEST_PROTOCOL='http/1.1',REQUEST_URL='https://project-travel-mate.herokuapp.com/api/get-city-images/1',
08-04 00:15:13.688  4292  5015 V RESPONSE: [{"id":17,"image_url":"https://upload.wikimedia.org/wikipedia/commons/9/94/%E0%B4%96%E0%B5%81%E0%B4%A4%E0%B5%8D%E0%B4%AC%E0%B5%8D_%E0%B4%AE%E0%B4%BF%E0%B4%A8%E0%B4%BE%E0%B5%BC1.jpg"}]
08-04 00:15:13.793  4292  4579 I art     : Starting a blocking GC Explicit
08-04 00:15:13.823  4292  4579 I art     : Explicit concurrent mark sweep GC freed 8327(376KB) AllocSpace objects, 6(4MB) LOS objects, 28% free, 39MB/55MB, paused 597us total 29.670ms
08-04 00:15:13.835  4292  4579 I art     : Starting a blocking GC Explicit
08-04 00:15:13.865  4292  4579 I art     : Explicit concurrent mark sweep GC freed 1235(126KB) AllocSpace objects, 0(0B) LOS objects, 28% free, 39MB/55MB, paused 496us total 29.125ms
08-04 00:15:13.877  4292  4579 I art     : Starting a blocking GC Explicit
08-04 00:15:13.907  4292  4579 I art     : Explicit concurrent mark sweep GC freed 237(4KB) AllocSpace objects, 0(0B) LOS objects, 28% free, 39MB/55MB, paused 545us total 29.254ms
08-04 00:15:13.920  4292  4579 I art     : Starting a blocking GC Explicit
08-04 00:15:13.950  4292  4579 I art     : Explicit concurrent mark sweep GC freed 191(3KB) AllocSpace objects, 0(0B) LOS objects, 28% free, 39MB/55MB, paused 655us total 30.439ms
08-04 00:15:13.963  4292  4579 I art     : Starting a blocking GC Explicit
08-04 00:15:13.993  4292  4579 I art     : Explicit concurrent mark sweep GC freed 185(3KB) AllocSpace objects, 0(0B) LOS objects, 28% free, 39MB/55MB, paused 529us total 29.678ms
08-04 00:15:14.338  4292  4304 I art     : Starting a blocking GC Explicit
08-04 00:15:14.369  4292  4304 I art     : Explicit concurrent mark sweep GC freed 3072(110KB) AllocSpace objects, 2(40KB) LOS objects, 28% free, 39MB/55MB, paused 650us total 30.147ms
08-04 00:15:14.383  4292  4304 I art     : Starting a blocking GC Explicit
08-04 00:15:14.413  4292  4304 I art     : Explicit concurrent mark sweep GC freed 186(3KB) AllocSpace objects, 0(0B) LOS objects, 28% free, 39MB/55MB, paused 509us total 29.481ms
08-04 00:15:14.425  4292  4304 I art     : Starting a blocking GC Explicit
08-04 00:15:14.453  4292  4304 I art     : Explicit concurrent mark sweep GC freed 220(3KB) AllocSpace objects, 0(0B) LOS objects, 28% free, 39MB/55MB, paused 560us total 27.492ms
08-04 00:15:14.465  4292  4304 I art     : Starting a blocking GC Explicit
08-04 00:15:14.494  4292  4304 I art     : Explicit concurrent mark sweep GC freed 146(2464B) AllocSpace objects, 0(0B) LOS objects, 28% free, 39MB/55MB, paused 536us total 28.798ms
08-04 00:15:14.507  4292  4304 I art     : Starting a blocking GC Explicit
08-04 00:15:14.536  4292  4304 I art     : Explicit concurrent mark sweep GC freed 220(3KB) AllocSpace objects, 0(0B) LOS objects, 28% free, 39MB/55MB, paused 507us total 28.582ms
08-04 00:15:14.913  4292  4360 I art     : Starting a blocking GC Explicit
08-04 00:15:14.943  4292  4360 I art     : Explicit concurrent mark sweep GC freed 3155(111KB) AllocSpace objects, 2(40KB) LOS objects, 28% free, 39MB/55MB, paused 485us total 30.245ms
08-04 00:15:14.956  4292  4360 I art     : Starting a blocking GC Explicit
08-04 00:15:14.985  4292  4360 I art     : Explicit concurrent mark sweep GC freed 209(3KB) AllocSpace objects, 0(0B) LOS objects, 28% free, 39MB/55MB, paused 598us total 28.392ms
08-04 00:15:14.997  4292  4360 I art     : Starting a blocking GC Explicit
08-04 00:15:15.025  4292  4360 I art     : Explicit concurrent mark sweep GC freed 176(3008B) AllocSpace objects, 0(0B) LOS objects, 28% free, 39MB/55MB, paused 528us total 27.878ms
08-04 00:15:15.038  4292  4360 I art     : Starting a blocking GC Explicit
08-04 00:15:15.067  4292  4360 I art     : Explicit concurrent mark sweep GC freed 147(2496B) AllocSpace objects, 0(0B) LOS objects, 28% free, 39MB/55MB, paused 681us total 28.462ms
08-04 00:15:15.079  4292  4360 I art     : Starting a blocking GC Explicit
08-04 00:15:15.108  4292  4360 I art     : Explicit concurrent mark sweep GC freed 219(3KB) AllocSpace objects, 0(0B) LOS objects, 28% free, 39MB/55MB, paused 562us total 28.588ms
08-04 00:15:15.379  5047  5047 D AndroidRuntime: >>>>>> START com.android.internal.os.RuntimeInit uid 2000 <<<<<<
08-04 00:15:15.384  5047  5047 D AndroidRuntime: CheckJNI is OFF
08-04 00:15:15.418  5047  5047 D ICU     : No timezone override file found: /data/misc/zoneinfo/current/icu/icu_tzdata.dat
08-04 00:15:15.452  5047  5047 I Radio-JNI: register_android_hardware_Radio DONE
08-04 00:15:15.470  4292  4305 I art     : Starting a blocking GC Explicit
08-04 00:15:15.475  5047  5047 D AndroidRuntime: Calling main entry com.android.commands.input.Input
08-04 00:15:15.477  5047  5047 I Input   : injectKeyEvent: KeyEvent { action=ACTION_DOWN, keyCode=KEYCODE_BACK, scanCode=0, metaState=0, flags=0x0, repeatCount=0, eventTime=663331889, downTime=663331889, deviceId=-1, source=0x101 }
08-04 00:15:15.481  5047  5047 I Input   : injectKeyEvent: KeyEvent { action=ACTION_UP, keyCode=KEYCODE_BACK, scanCode=0, metaState=0, flags=0x0, repeatCount=0, eventTime=663331889, downTime=663331889, deviceId=-1, source=0x101 }
08-04 00:15:15.486  5047  5047 D AndroidRuntime: Shutting down VM
08-04 00:15:15.500  4292  4305 I art     : Explicit concurrent mark sweep GC freed 3128(112KB) AllocSpace objects, 2(40KB) LOS objects, 28% free, 39MB/55MB, paused 499us total 29.687ms
08-04 00:15:15.514  4292  4305 I art     : Starting a blocking GC Explicit
08-04 00:15:15.529 13866 13866 I GoogleInputMethodServic: GoogleInputMethodService.onFinishInput():3138 
08-04 00:15:15.530 13866 13866 I GoogleInputMethodServic: GoogleInputMethodService.onStartInput():1808 
08-04 00:15:15.541  4292  4305 I art     : Explicit concurrent mark sweep GC freed 202(4KB) AllocSpace objects, 0(0B) LOS objects, 28% free, 39MB/55MB, paused 512us total 26.839ms
08-04 00:15:15.553  4292  4305 I art     : Starting a blocking GC Explicit
08-04 00:15:15.581  4292  4305 I art     : Explicit concurrent mark sweep GC freed 173(3KB) AllocSpace objects, 0(0B) LOS objects, 28% free, 39MB/55MB, paused 528us total 27.577ms
08-04 00:15:15.593  4292  4305 I art     : Starting a blocking GC Explicit
08-04 00:15:15.618  4292  4305 I art     : Explicit concurrent mark sweep GC freed 169(2864B) AllocSpace objects, 0(0B) LOS objects, 28% free, 39MB/55MB, paused 595us total 25.194ms
08-04 00:15:15.630  4292  4305 I art     : Starting a blocking GC Explicit
08-04 00:15:15.658  4292  4305 I art     : Explicit concurrent mark sweep GC freed 199(3KB) AllocSpace objects, 0(0B) LOS objects, 28% free, 39MB/55MB, paused 669us total 27.709ms
08-04 00:15:15.834   380   380 W SurfaceFlinger: couldn't log to binary event log: overflow.
08-04 00:15:15.965  4292  4579 I art     : Starting a blocking GC Explicit
08-04 00:15:15.996  4292  4579 I art     : Explicit concurrent mark sweep GC freed 3445(139KB) AllocSpace objects, 4(404KB) LOS objects, 29% free, 39MB/55MB, paused 534us total 30.248ms
08-04 00:15:16.008  4292  4579 I art     : Starting a blocking GC Explicit
08-04 00:15:16.036  4292  4579 I art     : Explicit concurrent mark sweep GC freed 5549(267KB) AllocSpace objects, 1(28KB) LOS objects, 29% free, 38MB/54MB, paused 602us total 28.010ms
08-04 00:15:16.048  4292  4579 I art     : Starting a blocking GC Explicit
08-04 00:15:16.076  4292  4579 I art     : Explicit concurrent mark sweep GC freed 117(2016B) AllocSpace objects, 0(0B) LOS objects, 29% free, 38MB/54MB, paused 511us total 27.325ms
08-04 00:15:16.089  4292  4579 I art     : Starting a blocking GC Explicit
08-04 00:15:16.117  4292  4579 I art     : Explicit concurrent mark sweep GC freed 99(1696B) AllocSpace objects, 0(0B) LOS objects, 29% free, 38MB/54MB, paused 503us total 27.312ms
08-04 00:15:16.129  4292  4579 I art     : Starting a blocking GC Explicit
08-04 00:15:16.157  4292  4579 I art     : Explicit concurrent mark sweep GC freed 147(2496B) AllocSpace objects, 0(0B) LOS objects, 29% free, 38MB/54MB, paused 591us total 27.814ms
08-04 00:15:16.492  4292  4360 I art     : Starting a blocking GC Explicit
08-04 00:15:16.522  4292  4360 I art     : Explicit concurrent mark sweep GC freed 2506(101KB) AllocSpace objects, 2(40KB) LOS objects, 29% free, 38MB/54MB, paused 479us total 29.367ms
08-04 00:15:16.538  4292  4360 I art     : Starting a blocking GC Explicit
08-04 00:15:16.565  4292  4360 I art     : Explicit concurrent mark sweep GC freed 134(3KB) AllocSpace objects, 0(0B) LOS objects, 29% free, 38MB/54MB, paused 555us total 26.602ms
08-04 00:15:16.577  4292  4360 I art     : Starting a blocking GC Explicit
08-04 00:15:16.604  4292  4360 I art     : Explicit concurrent mark sweep GC freed 146(2464B) AllocSpace objects, 0(0B) LOS objects, 29% free, 38MB/54MB, paused 537us total 26.434ms
08-04 00:15:16.616  4292  4360 I art     : Starting a blocking GC Explicit
08-04 00:15:16.643  4292  4360 I art     : Explicit concurrent mark sweep GC freed 100(1728B) AllocSpace objects, 0(0B) LOS objects, 29% free, 38MB/54MB, paused 485us total 26.840ms
08-04 00:15:16.655  4292  4360 I art     : Starting a blocking GC Explicit
08-04 00:15:16.683  4292  4360 I art     : Explicit concurrent mark sweep GC freed 99(1696B) AllocSpace objects, 0(0B) LOS objects, 29% free, 38MB/54MB, paused 526us total 27.486ms
08-04 00:15:16.993  4292  4305 I art     : Starting a blocking GC Explicit
08-04 00:15:17.021  4292  4305 I art     : Explicit concurrent mark sweep GC freed 2429(99KB) AllocSpace objects, 2(40KB) LOS objects, 29% free, 38MB/54MB, paused 630us total 27.802ms
08-04 00:15:17.033  4292  4305 I art     : Starting a blocking GC Explicit
08-04 00:15:17.060  4292  4305 I art     : Explicit concurrent mark sweep GC freed 124(2512B) AllocSpace objects, 0(0B) LOS objects, 29% free, 38MB/54MB, paused 522us total 26.701ms
08-04 00:15:17.072  4292  4305 I art     : Starting a blocking GC Explicit
08-04 00:15:17.099  4292  4305 I art     : Explicit concurrent mark sweep GC freed 99(1696B) AllocSpace objects, 0(0B) LOS objects, 29% free, 38MB/54MB, paused 517us total 26.627ms
08-04 00:15:17.111  4292  4305 I art     : Starting a blocking GC Explicit
08-04 00:15:17.131  5100  5100 D AndroidRuntime: >>>>>> START com.android.internal.os.RuntimeInit uid 2000 <<<<<<
08-04 00:15:17.135  5100  5100 D AndroidRuntime: CheckJNI is OFF
08-04 00:15:17.138  4292  4305 I art     : Explicit concurrent mark sweep GC freed 146(2464B) AllocSpace objects, 0(0B) LOS objects, 29% free, 38MB/54MB, paused 585us total 26.542ms
08-04 00:15:17.150  4292  4305 I art     : Starting a blocking GC Explicit
08-04 00:15:17.170  5100  5100 D ICU     : No timezone override file found: /data/misc/zoneinfo/current/icu/icu_tzdata.dat
08-04 00:15:17.177  4292  4305 I art     : Explicit concurrent mark sweep GC freed 100(1728B) AllocSpace objects, 0(0B) LOS objects, 29% free, 38MB/54MB, paused 590us total 26.525ms
08-04 00:15:17.205  5100  5100 I Radio-JNI: register_android_hardware_Radio DONE
08-04 00:15:17.227  5100  5100 D AndroidRuntime: Calling main entry com.android.commands.input.Input
08-04 00:15:17.229  5100  5100 I Input   : injectMotionEvent: MotionEvent { action=ACTION_DOWN, actionButton=0, id[0]=0, x[0]=693.0, y[0]=1450.0, toolType[0]=TOOL_TYPE_UNKNOWN, buttonState=0, metaState=0, flags=0x0, edgeFlags=0x0, pointerCount=1, historySize=0, eventTime=663333641, downTime=663333641, deviceId=0, source=0x1002 }
08-04 00:15:17.234  5100  5100 I Input   : injectMotionEvent: MotionEvent { action=ACTION_UP, actionButton=0, id[0]=0, x[0]=693.0, y[0]=1450.0, toolType[0]=TOOL_TYPE_UNKNOWN, buttonState=0, metaState=0, flags=0x0, edgeFlags=0x0, pointerCount=1, historySize=0, eventTime=663333641, downTime=663333641, deviceId=0, source=0x1002 }
08-04 00:15:17.237  5100  5100 D AndroidRuntime: Shutting down VM
08-04 00:15:17.237   918  5952 I ActivityManager: START u0 {cmp=baseline.io.github.project_travel_mate/.destinations.description.CityHistoryActivity} from uid 10650 on display 0
08-04 00:15:17.238   512  2967 D audio_hw_primary: out_set_parameters: enter: usecase(1: low-latency-playback) kvpairs: routing=2
08-04 00:15:17.251   512  2967 D audio_hw_primary: select_devices: out_snd_device(2: speaker) in_snd_device(0: none)
08-04 00:15:17.251   512  2967 D msm8974_platform: platform_send_audio_calibration: sending audio calibration for snd_device(2) acdb_id(15)
08-04 00:15:17.252   512  2967 I soundtrigger: audio_extn_sound_trigger_update_device_status: device 0x2 of type 0 for Event 1
08-04 00:15:17.262  4292  4358 D Gabe    : call	returning from cache
08-04 00:15:17.263   512  2967 D audio_hw_primary: enable_snd_device: snd_device(2: speaker)
08-04 00:15:17.264  4292  4292 V EXECUTING: https://project-travel-mate.herokuapp.com/api/get-city-information/1
08-04 00:15:17.265   512  2967 D audio_hw_primary: enable_audio_route: apply and update mixer path: low-latency-playback speaker
08-04 00:15:17.393 13866 13866 I GoogleInputMethodServic: GoogleInputMethodService.onFinishInput():3138 
08-04 00:15:17.394   918   936 I ActivityManager: Displayed baseline.io.github.project_travel_mate/.destinations.description.CityHistoryActivity: +146ms
08-04 00:15:17.394 13866 13866 I GoogleInputMethodServic: GoogleInputMethodService.onStartInput():1808 
08-04 00:15:17.475  4292  4305 I art     : Starting a blocking GC Explicit
08-04 00:15:17.506  4292  4305 I art     : Explicit concurrent mark sweep GC freed 3035(154KB) AllocSpace objects, 2(40KB) LOS objects, 26% free, 43MB/59MB, paused 723us total 29.983ms
08-04 00:15:17.519  4292  4305 I art     : Starting a blocking GC Explicit
08-04 00:15:17.548  4292  4305 I art     : Explicit concurrent mark sweep GC freed 305(11KB) AllocSpace objects, 0(0B) LOS objects, 26% free, 43MB/59MB, paused 536us total 29.104ms
08-04 00:15:17.560  4292  4305 I art     : Starting a blocking GC Explicit
08-04 00:15:17.585  4292  4305 I art     : Explicit concurrent mark sweep GC freed 147(2496B) AllocSpace objects, 0(0B) LOS objects, 26% free, 43MB/59MB, paused 504us total 25.113ms
08-04 00:15:17.597  4292  4305 I art     : Starting a blocking GC Explicit
08-04 00:15:17.627  4292  4305 I art     : Explicit concurrent mark sweep GC freed 219(3KB) AllocSpace objects, 0(0B) LOS objects, 26% free, 43MB/59MB, paused 671us total 29.556ms
08-04 00:15:17.636   380   380 W SurfaceFlinger: couldn't log to binary event log: overflow.
08-04 00:15:17.642  4292  4305 I art     : Starting a blocking GC Explicit
08-04 00:15:17.667  4292  4305 I art     : Explicit concurrent mark sweep GC freed 147(2496B) AllocSpace objects, 0(0B) LOS objects, 26% free, 43MB/59MB, paused 580us total 25.507ms
08-04 00:15:17.750  4292  5131 I NAPPA_EXPERIMENTATION: MetricNetworkRequestExecutionTime: REQUEST_DURATION_SYSTEM='486',REQUEST_DURATION_OKHTTP='33',REQUEST_SYNCHRONOUS='FALSE',RESPONSE_CODE='200',RESPONSE_METHOD='GET',RESPONSE_LENGTH_OKHTTP='55024',RESPONSE_LENGTH_HEADER='55024',REQUEST_PROTOCOL='http/1.1',REQUEST_URL='https://project-travel-mate.herokuapp.com/api/get-city-information/1',
08-04 00:15:17.808   512  2967 D audio_hw_primary: disable_audio_route: reset and update mixer path: low-latency-playback speaker
08-04 00:15:17.809   512  2967 D audio_hw_primary: disable_snd_device: snd_device(2: speaker)
08-04 00:15:17.817   512  2967 I soundtrigger: audio_extn_sound_trigger_update_device_status: device 0x2 of type 0 for Event 0
08-04 00:15:17.883 13866 13866 I GoogleInputMethodServic: GoogleInputMethodService.onFinishInput():3138 
08-04 00:15:17.883 13866 13866 I GoogleInputMethodServic: GoogleInputMethodService.onStartInput():1808 
08-04 00:15:17.982  4292  4304 I art     : Starting a blocking GC Explicit
08-04 00:15:18.017  4292  4304 I art     : Explicit concurrent mark sweep GC freed 6821(1462KB) AllocSpace objects, 25(5MB) LOS objects, 28% free, 39MB/55MB, paused 615us total 34.595ms
08-04 00:15:18.029  4292  4304 I art     : Starting a blocking GC Explicit
08-04 00:15:18.059  4292  4304 I art     : Explicit concurrent mark sweep GC freed 1217(122KB) AllocSpace objects, 0(0B) LOS objects, 28% free, 39MB/55MB, paused 541us total 29.348ms
08-04 00:15:18.071  4292  4304 I art     : Starting a blocking GC Explicit
08-04 00:15:18.101  4292  4304 I art     : Explicit concurrent mark sweep GC freed 147(2496B) AllocSpace objects, 0(0B) LOS objects, 28% free, 39MB/55MB, paused 551us total 29.470ms
08-04 00:15:18.113  4292  4304 I art     : Starting a blocking GC Explicit
08-04 00:15:18.143  4292  4304 I art     : Explicit concurrent mark sweep GC freed 219(3KB) AllocSpace objects, 0(0B) LOS objects, 28% free, 39MB/55MB, paused 546us total 29.134ms
08-04 00:15:18.155  4292  4304 I art     : Starting a blocking GC Explicit
08-04 00:15:18.185  4292  4304 I art     : Explicit concurrent mark sweep GC freed 147(2496B) AllocSpace objects, 0(0B) LOS objects, 28% free, 39MB/55MB, paused 553us total 29.600ms
08-04 00:15:18.520  4292  4305 I art     : Starting a blocking GC Explicit
08-04 00:15:18.553  4292  4305 I art     : Explicit concurrent mark sweep GC freed 3011(108KB) AllocSpace objects, 2(40KB) LOS objects, 28% free, 39MB/55MB, paused 600us total 33.110ms
08-04 00:15:18.570  4292  4305 I art     : Starting a blocking GC Explicit
08-04 00:15:18.599  4292  4305 I art     : Explicit concurrent mark sweep GC freed 238(4KB) AllocSpace objects, 0(0B) LOS objects, 28% free, 39MB/55MB, paused 509us total 29.272ms
08-04 00:15:18.612  4292  4305 I art     : Starting a blocking GC Explicit
08-04 00:15:18.622 31401 31401 I ServiceManager: Waiting for service AtCmdFwd...
08-04 00:15:18.640  4292  4305 I art     : Explicit concurrent mark sweep GC freed 220(3KB) AllocSpace objects, 0(0B) LOS objects, 28% free, 39MB/55MB, paused 546us total 28.328ms
08-04 00:15:18.653  4292  4305 I art     : Starting a blocking GC Explicit
08-04 00:15:18.683  4292  4305 I art     : Explicit concurrent mark sweep GC freed 146(2464B) AllocSpace objects, 0(0B) LOS objects, 28% free, 39MB/55MB, paused 570us total 29.543ms
08-04 00:15:18.695  4292  4305 I art     : Starting a blocking GC Explicit
08-04 00:15:18.724  4292  4305 I art     : Explicit concurrent mark sweep GC freed 220(3KB) AllocSpace objects, 0(0B) LOS objects, 28% free, 39MB/55MB, paused 538us total 28.819ms
08-04 00:15:19.073  4292  4304 I art     : Starting a blocking GC Explicit
08-04 00:15:19.104  4292  4304 I art     : Explicit concurrent mark sweep GC freed 3038(109KB) AllocSpace objects, 2(40KB) LOS objects, 28% free, 39MB/55MB, paused 549us total 31.138ms
08-04 00:15:19.117  4292  4304 I art     : Starting a blocking GC Explicit
08-04 00:15:19.146  4292  4304 I art     : Explicit concurrent mark sweep GC freed 242(4KB) AllocSpace objects, 0(0B) LOS objects, 28% free, 39MB/55MB, paused 475us total 28.455ms
08-04 00:15:19.158  4292  4304 I art     : Starting a blocking GC Explicit
08-04 00:15:19.185  4292  4304 I art     : Explicit concurrent mark sweep GC freed 147(2496B) AllocSpace objects, 0(0B) LOS objects, 28% free, 39MB/55MB, paused 538us total 26.351ms
08-04 00:15:19.197  4292  4304 I art     : Starting a blocking GC Explicit
08-04 00:15:19.224  4292  4304 I art     : Explicit concurrent mark sweep GC freed 218(3KB) AllocSpace objects, 0(0B) LOS objects, 28% free, 39MB/55MB, paused 541us total 26.533ms
08-04 00:15:19.236  4292  4304 I art     : Starting a blocking GC Explicit
08-04 00:15:19.263  4292  4304 I art     : Explicit concurrent mark sweep GC freed 148(2528B) AllocSpace objects, 0(0B) LOS objects, 28% free, 39MB/55MB, paused 541us total 26.651ms
08-04 00:15:19.609  4292  4579 I art     : Starting a blocking GC Explicit
08-04 00:15:19.623 31401 31401 I ServiceManager: Waiting for service AtCmdFwd...
08-04 00:15:19.639  4292  4579 I art     : Explicit concurrent mark sweep GC freed 3023(109KB) AllocSpace objects, 2(40KB) LOS objects, 28% free, 39MB/55MB, paused 669us total 30.101ms
08-04 00:15:19.651  4292  4579 I art     : Starting a blocking GC Explicit
08-04 00:15:19.682  4292  4579 I art     : Explicit concurrent mark sweep GC freed 254(5KB) AllocSpace objects, 0(0B) LOS objects, 28% free, 39MB/55MB, paused 544us total 29.928ms
08-04 00:15:19.694  4292  4579 I art     : Starting a blocking GC Explicit
08-04 00:15:19.723  4292  4579 I art     : Explicit concurrent mark sweep GC freed 172(2896B) AllocSpace objects, 0(0B) LOS objects, 28% free, 39MB/55MB, paused 676us total 29.065ms
08-04 00:15:19.736  4292  4579 I art     : Starting a blocking GC Explicit
08-04 00:15:19.767  4292  4579 I art     : Explicit concurrent mark sweep GC freed 194(3KB) AllocSpace objects, 0(0B) LOS objects, 28% free, 39MB/55MB, paused 550us total 30.251ms
08-04 00:15:19.780  4292  4579 I art     : Starting a blocking GC Explicit
08-04 00:15:19.810  4292  4579 I art     : Explicit concurrent mark sweep GC freed 219(3KB) AllocSpace objects, 0(0B) LOS objects, 28% free, 39MB/55MB, paused 547us total 30.709ms
08-04 00:15:20.191  4292  4360 I art     : Starting a blocking GC Explicit
08-04 00:15:20.224  4292  4360 I art     : Explicit concurrent mark sweep GC freed 3155(111KB) AllocSpace objects, 2(40KB) LOS objects, 28% free, 39MB/55MB, paused 742us total 31.956ms
08-04 00:15:20.238  4292  4360 I art     : Starting a blocking GC Explicit
08-04 00:15:20.268  4292  4360 I art     : Explicit concurrent mark sweep GC freed 237(4KB) AllocSpace objects, 0(0B) LOS objects, 28% free, 39MB/55MB, paused 572us total 29.138ms
08-04 00:15:20.280  4292  4360 I art     : Starting a blocking GC Explicit
08-04 00:15:20.308  4292  4360 I art     : Explicit concurrent mark sweep GC freed 201(3KB) AllocSpace objects, 0(0B) LOS objects, 28% free, 39MB/55MB, paused 625us total 28.046ms
08-04 00:15:20.321  4292  4360 I art     : Starting a blocking GC Explicit
08-04 00:15:20.350  4292  4360 I art     : Explicit concurrent mark sweep GC freed 166(2832B) AllocSpace objects, 0(0B) LOS objects, 28% free, 39MB/55MB, paused 545us total 29.676ms
08-04 00:15:20.363  4292  4360 I art     : Starting a blocking GC Explicit
08-04 00:15:20.392  4292  4360 I art     : Explicit concurrent mark sweep GC freed 219(3KB) AllocSpace objects, 0(0B) LOS objects, 28% free, 39MB/55MB, paused 576us total 29.241ms
08-04 00:15:20.623 31401 31401 I ServiceManager: Waiting for service AtCmdFwd...
08-04 00:15:20.756  4292  4305 I art     : Starting a blocking GC Explicit
08-04 00:15:20.789  4292  4305 I art     : Explicit concurrent mark sweep GC freed 3083(110KB) AllocSpace objects, 2(40KB) LOS objects, 28% free, 39MB/55MB, paused 583us total 31.941ms
08-04 00:15:20.801  4292  4305 I art     : Starting a blocking GC Explicit
08-04 00:15:20.831  4292  4305 I art     : Explicit concurrent mark sweep GC freed 239(4KB) AllocSpace objects, 0(0B) LOS objects, 28% free, 39MB/55MB, paused 556us total 29.156ms
08-04 00:15:20.843  4292  4305 I art     : Starting a blocking GC Explicit
08-04 00:15:20.874  4292  4305 I art     : Explicit concurrent mark sweep GC freed 163(2752B) AllocSpace objects, 0(0B) LOS objects, 28% free, 39MB/55MB, paused 715us total 30.654ms
08-04 00:15:20.887  4292  4305 I art     : Starting a blocking GC Explicit
08-04 00:15:20.917  4292  4305 I art     : Explicit concurrent mark sweep GC freed 203(3KB) AllocSpace objects, 0(0B) LOS objects, 28% free, 39MB/55MB, paused 613us total 29.475ms
08-04 00:15:20.930  4292  4305 I art     : Starting a blocking GC Explicit
08-04 00:15:20.960  4292  4305 I art     : Explicit concurrent mark sweep GC freed 219(3KB) AllocSpace objects, 0(0B) LOS objects, 28% free, 39MB/55MB, paused 554us total 29.905ms
08-04 00:15:21.335  4292  4304 I art     : Starting a blocking GC Explicit
08-04 00:15:21.367  4292  4304 I art     : Explicit concurrent mark sweep GC freed 3156(111KB) AllocSpace objects, 2(40KB) LOS objects, 28% free, 39MB/55MB, paused 635us total 31.688ms
08-04 00:15:21.380  4292  4304 I art     : Starting a blocking GC Explicit
08-04 00:15:21.410  4292  4304 I art     : Explicit concurrent mark sweep GC freed 237(4KB) AllocSpace objects, 0(0B) LOS objects, 28% free, 39MB/55MB, paused 593us total 29.698ms
08-04 00:15:21.422  4292  4304 I art     : Starting a blocking GC Explicit
08-04 00:15:21.453  4292  4304 I art     : Explicit concurrent mark sweep GC freed 148(2528B) AllocSpace objects, 0(0B) LOS objects, 28% free, 39MB/55MB, paused 560us total 30.111ms
08-04 00:15:21.466  4292  4304 I art     : Starting a blocking GC Explicit
08-04 00:15:21.495  4292  4304 I art     : Explicit concurrent mark sweep GC freed 219(3KB) AllocSpace objects, 0(0B) LOS objects, 28% free, 39MB/55MB, paused 605us total 28.704ms
08-04 00:15:21.508  4292  4304 I art     : Starting a blocking GC Explicit
08-04 00:15:21.534  4292  4304 I art     : Explicit concurrent mark sweep GC freed 146(2464B) AllocSpace objects, 0(0B) LOS objects, 28% free, 39MB/55MB, paused 510us total 26.502ms
08-04 00:15:21.623 31401 31401 I ServiceManager: Waiting for service AtCmdFwd...
08-04 00:15:21.883  4292  4579 I art     : Starting a blocking GC Explicit
08-04 00:15:21.904  5244  5244 D AndroidRuntime: >>>>>> START com.android.internal.os.RuntimeInit uid 2000 <<<<<<
08-04 00:15:21.910  5244  5244 D AndroidRuntime: CheckJNI is OFF
08-04 00:15:21.917  4292  4579 I art     : Explicit concurrent mark sweep GC freed 3085(110KB) AllocSpace objects, 2(40KB) LOS objects, 28% free, 39MB/55MB, paused 613us total 33.489ms
08-04 00:15:21.929  4292  4579 I art     : Starting a blocking GC Explicit
08-04 00:15:21.944  5244  5244 D ICU     : No timezone override file found: /data/misc/zoneinfo/current/icu/icu_tzdata.dat
08-04 00:15:21.957  4292  4579 I art     : Explicit concurrent mark sweep GC freed 166(3KB) AllocSpace objects, 0(0B) LOS objects, 28% free, 39MB/55MB, paused 637us total 27.850ms
08-04 00:15:21.970  4292  4579 I art     : Starting a blocking GC Explicit
08-04 00:15:21.978  5244  5244 I Radio-JNI: register_android_hardware_Radio DONE
08-04 00:15:21.997  4292  4579 I art     : Explicit concurrent mark sweep GC freed 219(3KB) AllocSpace objects, 0(0B) LOS objects, 28% free, 39MB/55MB, paused 608us total 27.550ms
08-04 00:15:22.000  5244  5244 D AndroidRuntime: Calling main entry com.android.commands.input.Input
08-04 00:15:22.002  5244  5244 I Input   : injectKeyEvent: KeyEvent { action=ACTION_DOWN, keyCode=KEYCODE_BACK, scanCode=0, metaState=0, flags=0x0, repeatCount=0, eventTime=663338415, downTime=663338415, deviceId=-1, source=0x101 }
08-04 00:15:22.009  5244  5244 I Input   : injectKeyEvent: KeyEvent { action=ACTION_UP, keyCode=KEYCODE_BACK, scanCode=0, metaState=0, flags=0x0, repeatCount=0, eventTime=663338415, downTime=663338415, deviceId=-1, source=0x101 }
08-04 00:15:22.010  4292  4579 I art     : Starting a blocking GC Explicit
08-04 00:15:22.014  5244  5244 D AndroidRuntime: Shutting down VM
08-04 00:15:22.038  4292  4579 I art     : Explicit concurrent mark sweep GC freed 198(4KB) AllocSpace objects, 0(0B) LOS objects, 28% free, 39MB/55MB, paused 525us total 27.701ms
08-04 00:15:22.049  4292  4579 I art     : Starting a blocking GC Explicit
08-04 00:15:22.050 13866 13866 I GoogleInputMethodServic: GoogleInputMethodService.onFinishInput():3138 
08-04 00:15:22.051 13866 13866 I GoogleInputMethodServic: GoogleInputMethodService.onStartInput():1808 
08-04 00:15:22.077  4292  4579 I art     : Explicit concurrent mark sweep GC freed 267(5KB) AllocSpace objects, 0(0B) LOS objects, 28% free, 39MB/55MB, paused 542us total 27.018ms
08-04 00:15:22.358   380   380 W SurfaceFlinger: couldn't log to binary event log: overflow.
08-04 00:15:22.394  4292  4304 I art     : Starting a blocking GC Explicit
08-04 00:15:22.423  4292  4304 I art     : Explicit concurrent mark sweep GC freed 2850(107KB) AllocSpace objects, 3(228KB) LOS objects, 28% free, 39MB/55MB, paused 543us total 28.065ms
08-04 00:15:22.436  4292  4304 I art     : Starting a blocking GC Explicit
08-04 00:15:22.461  4292  4304 I art     : Explicit concurrent mark sweep GC freed 4845(341KB) AllocSpace objects, 7(132KB) LOS objects, 29% free, 38MB/54MB, paused 497us total 24.776ms
08-04 00:15:22.472  4292  4304 I art     : Starting a blocking GC Explicit
08-04 00:15:22.497  4292  4304 I art     : Explicit concurrent mark sweep GC freed 106(2016B) AllocSpace objects, 0(0B) LOS objects, 29% free, 38MB/54MB, paused 577us total 24.416ms
08-04 00:15:22.508  4292  4304 I art     : Starting a blocking GC Explicit
08-04 00:15:22.532  4292  4304 I art     : Explicit concurrent mark sweep GC freed 98(1664B) AllocSpace objects, 0(0B) LOS objects, 29% free, 38MB/54MB, paused 539us total 23.392ms
08-04 00:15:22.543  4292  4304 I art     : Starting a blocking GC Explicit
08-04 00:15:22.568  4292  4304 I art     : Explicit concurrent mark sweep GC freed 100(1728B) AllocSpace objects, 0(0B) LOS objects, 29% free, 38MB/54MB, paused 517us total 24.492ms
08-04 00:15:22.624 31401 31401 I ServiceManager: Waiting for service AtCmdFwd...
08-04 00:15:22.887  4292  4305 I art     : Starting a blocking GC Explicit
08-04 00:15:22.915  4292  4305 I art     : Explicit concurrent mark sweep GC freed 2435(99KB) AllocSpace objects, 2(40KB) LOS objects, 29% free, 38MB/54MB, paused 530us total 27.872ms
08-04 00:15:22.927  4292  4305 I art     : Starting a blocking GC Explicit
08-04 00:15:22.955  4292  4305 I art     : Explicit concurrent mark sweep GC freed 118(2384B) AllocSpace objects, 0(0B) LOS objects, 29% free, 38MB/54MB, paused 513us total 27.220ms
08-04 00:15:22.967  4292  4305 I art     : Starting a blocking GC Explicit
08-04 00:15:22.994  4292  4305 I art     : Explicit concurrent mark sweep GC freed 146(2464B) AllocSpace objects, 0(0B) LOS objects, 29% free, 38MB/54MB, paused 545us total 27.278ms
08-04 00:15:23.007  4292  4305 I art     : Starting a blocking GC Explicit
08-04 00:15:23.034  4292  4305 I art     : Explicit concurrent mark sweep GC freed 100(1728B) AllocSpace objects, 0(0B) LOS objects, 29% free, 38MB/54MB, paused 541us total 27.425ms
08-04 00:15:23.047  4292  4305 I art     : Starting a blocking GC Explicit
08-04 00:15:23.074  4292  4305 I art     : Explicit concurrent mark sweep GC freed 99(1696B) AllocSpace objects, 0(0B) LOS objects, 29% free, 38MB/54MB, paused 533us total 26.824ms
08-04 00:15:23.396  4292  4579 I art     : Starting a blocking GC Explicit
08-04 00:15:23.425  4292  4579 I art     : Explicit concurrent mark sweep GC freed 2435(99KB) AllocSpace objects, 2(40KB) LOS objects, 29% free, 38MB/54MB, paused 556us total 28.654ms
08-04 00:15:23.437  4292  4579 I art     : Starting a blocking GC Explicit
08-04 00:15:23.466  4292  4579 I art     : Explicit concurrent mark sweep GC freed 166(3KB) AllocSpace objects, 0(0B) LOS objects, 29% free, 38MB/54MB, paused 519us total 27.967ms
08-04 00:15:23.478  4292  4579 I art     : Starting a blocking GC Explicit
08-04 00:15:23.505  4292  4579 I art     : Explicit concurrent mark sweep GC freed 99(1696B) AllocSpace objects, 0(0B) LOS objects, 29% free, 38MB/54MB, paused 546us total 26.966ms
08-04 00:15:23.517  4292  4579 I art     : Starting a blocking GC Explicit
08-04 00:15:23.545  4292  4579 I art     : Explicit concurrent mark sweep GC freed 142(2384B) AllocSpace objects, 0(0B) LOS objects, 29% free, 38MB/54MB, paused 611us total 27.020ms
08-04 00:15:23.557  4292  4579 I art     : Starting a blocking GC Explicit
08-04 00:15:23.584  4292  4579 I art     : Explicit concurrent mark sweep GC freed 104(1808B) AllocSpace objects, 0(0B) LOS objects, 29% free, 38MB/54MB, paused 536us total 26.588ms
08-04 00:15:23.624 31401 31401 W Atfwd_Sendcmd: AtCmdFwd service not published, waiting... retryCnt : 3
08-04 00:15:23.682  5289  5289 D AndroidRuntime: >>>>>> START com.android.internal.os.RuntimeInit uid 2000 <<<<<<
08-04 00:15:23.687  5289  5289 D AndroidRuntime: CheckJNI is OFF
08-04 00:15:23.723  5289  5289 D ICU     : No timezone override file found: /data/misc/zoneinfo/current/icu/icu_tzdata.dat
08-04 00:15:23.755  5289  5289 I Radio-JNI: register_android_hardware_Radio DONE
08-04 00:15:23.777  5289  5289 D AndroidRuntime: Calling main entry com.android.commands.input.Input
08-04 00:15:23.778  5289  5289 I Input   : injectKeyEvent: KeyEvent { action=ACTION_DOWN, keyCode=KEYCODE_BACK, scanCode=0, metaState=0, flags=0x0, repeatCount=0, eventTime=663340191, downTime=663340191, deviceId=-1, source=0x101 }
08-04 00:15:23.787  5289  5289 I Input   : injectKeyEvent: KeyEvent { action=ACTION_UP, keyCode=KEYCODE_BACK, scanCode=0, metaState=0, flags=0x0, repeatCount=0, eventTime=663340191, downTime=663340191, deviceId=-1, source=0x101 }
08-04 00:15:23.793  5289  5289 D AndroidRuntime: Shutting down VM
08-04 00:15:23.811  4292  4292 V MainActivity: url = https://project-travel-mate.herokuapp.com/api/number-of-unread-notifications
08-04 00:15:23.841 13866 13866 I GoogleInputMethodServic: GoogleInputMethodService.onFinishInput():3138 
08-04 00:15:23.842 13866 13866 I GoogleInputMethodServic: GoogleInputMethodService.onStartInput():1808 
08-04 00:15:23.921  4292  4304 I art     : Starting a blocking GC Explicit
08-04 00:15:23.949  4292  4304 I art     : Explicit concurrent mark sweep GC freed 3040(124KB) AllocSpace objects, 2(40KB) LOS objects, 29% free, 38MB/54MB, paused 577us total 27.805ms
08-04 00:15:23.961  4292  4304 I art     : Starting a blocking GC Explicit
08-04 00:15:23.989  4292  4304 I art     : Explicit concurrent mark sweep GC freed 178(4KB) AllocSpace objects, 0(0B) LOS objects, 29% free, 38MB/54MB, paused 578us total 27.883ms
08-04 00:15:24.001  4292  4304 I art     : Starting a blocking GC Explicit
08-04 00:15:24.027  4292  4304 I art     : Explicit concurrent mark sweep GC freed 129(2944B) AllocSpace objects, 0(0B) LOS objects, 29% free, 38MB/54MB, paused 652us total 26.536ms
08-04 00:15:24.041  4292  4304 I art     : Starting a blocking GC Explicit
08-04 00:15:24.069  4292  4304 I art     : Explicit concurrent mark sweep GC freed 142(2544B) AllocSpace objects, 0(0B) LOS objects, 29% free, 38MB/54MB, paused 518us total 27.292ms
08-04 00:15:24.081  4292  4304 I art     : Starting a blocking GC Explicit
08-04 00:15:24.112  4292  4304 I art     : Explicit concurrent mark sweep GC freed 132(2224B) AllocSpace objects, 0(0B) LOS objects, 29% free, 38MB/54MB, paused 658us total 30.362ms
08-04 00:15:24.126   380   380 W SurfaceFlinger: couldn't log to binary event log: overflow.
08-04 00:15:24.311  4292  5320 I NAPPA_EXPERIMENTATION: MetricNetworkRequestExecutionTime: REQUEST_DURATION_SYSTEM='499',REQUEST_DURATION_OKHTTP='29',REQUEST_SYNCHRONOUS='FALSE',RESPONSE_CODE='200',RESPONSE_METHOD='GET',RESPONSE_LENGTH_OKHTTP='36',RESPONSE_LENGTH_HEADER='36',REQUEST_PROTOCOL='http/1.1',REQUEST_URL='https://project-travel-mate.herokuapp.com/api/number-of-unread-notifications',
08-04 00:15:24.430  4292  4579 I art     : Starting a blocking GC Explicit
08-04 00:15:24.460  4292  4579 I art     : Explicit concurrent mark sweep GC freed 4777(240KB) AllocSpace objects, 5(240KB) LOS objects, 29% free, 39MB/55MB, paused 587us total 30.029ms
08-04 00:15:24.473  4292  4579 I art     : Starting a blocking GC Explicit
08-04 00:15:24.500  4292  4579 I art     : Explicit concurrent mark sweep GC freed 1164(125KB) AllocSpace objects, 0(0B) LOS objects, 29% free, 39MB/55MB, paused 571us total 26.505ms
08-04 00:15:24.512  4292  4579 I art     : Starting a blocking GC Explicit
08-04 00:15:24.540  4292  4579 I art     : Explicit concurrent mark sweep GC freed 51(896B) AllocSpace objects, 0(0B) LOS objects, 29% free, 39MB/55MB, paused 580us total 27.992ms
08-04 00:15:24.552  4292  4579 I art     : Starting a blocking GC Explicit
08-04 00:15:24.581  4292  4579 I art     : Explicit concurrent mark sweep GC freed 75(1296B) AllocSpace objects, 0(0B) LOS objects, 29% free, 39MB/55MB, paused 595us total 28.963ms
08-04 00:15:24.594  4292  4579 I art     : Starting a blocking GC Explicit
08-04 00:15:24.624  4292  4579 I art     : Explicit concurrent mark sweep GC freed 51(896B) AllocSpace objects, 0(0B) LOS objects, 29% free, 39MB/55MB, paused 610us total 29.867ms
08-04 00:15:24.956  4292  4360 I art     : Starting a blocking GC Explicit
08-04 00:15:24.985  4292  4360 I art     : Explicit concurrent mark sweep GC freed 1955(91KB) AllocSpace objects, 2(40KB) LOS objects, 29% free, 39MB/55MB, paused 596us total 28.676ms
08-04 00:15:24.997  4292  4360 I art     : Starting a blocking GC Explicit
08-04 00:15:25.026  4292  4360 I art     : Explicit concurrent mark sweep GC freed 70(1584B) AllocSpace objects, 0(0B) LOS objects, 29% free, 39MB/55MB, paused 558us total 28.874ms
08-04 00:15:25.039  4292  4360 I art     : Starting a blocking GC Explicit
08-04 00:15:25.067  4292  4360 I art     : Explicit concurrent mark sweep GC freed 75(1296B) AllocSpace objects, 0(0B) LOS objects, 29% free, 39MB/55MB, paused 721us total 28.057ms
08-04 00:15:25.079  4292  4360 I art     : Starting a blocking GC Explicit
08-04 00:15:25.107  4292  4360 I art     : Explicit concurrent mark sweep GC freed 51(896B) AllocSpace objects, 0(0B) LOS objects, 29% free, 39MB/55MB, paused 627us total 27.838ms
08-04 00:15:25.120  4292  4360 I art     : Starting a blocking GC Explicit
08-04 00:15:25.148  4292  4360 I art     : Explicit concurrent mark sweep GC freed 74(1264B) AllocSpace objects, 0(0B) LOS objects, 29% free, 39MB/55MB, paused 656us total 27.729ms
08-04 00:15:25.428  5343  5343 D AndroidRuntime: >>>>>> START com.android.internal.os.RuntimeInit uid 2000 <<<<<<
08-04 00:15:25.433  5343  5343 D AndroidRuntime: CheckJNI is OFF
08-04 00:15:25.466  5343  5343 D ICU     : No timezone override file found: /data/misc/zoneinfo/current/icu/icu_tzdata.dat
08-04 00:15:25.466  4292  4360 I art     : Starting a blocking GC Explicit
08-04 00:15:25.496  4292  4360 I art     : Explicit concurrent mark sweep GC freed 1928(91KB) AllocSpace objects, 2(40KB) LOS objects, 29% free, 39MB/55MB, paused 797us total 30.105ms
08-04 00:15:25.501  5343  5343 I Radio-JNI: register_android_hardware_Radio DONE
08-04 00:15:25.510  4292  4360 I art     : Starting a blocking GC Explicit
08-04 00:15:25.525  5343  5343 D AndroidRuntime: Calling main entry com.android.commands.input.Input
08-04 00:15:25.527  5343  5343 I Input   : injectMotionEvent: MotionEvent { action=ACTION_DOWN, actionButton=0, id[0]=0, x[0]=346.0, y[0]=709.0, toolType[0]=TOOL_TYPE_UNKNOWN, buttonState=0, metaState=0, flags=0x0, edgeFlags=0x0, pointerCount=1, historySize=0, eventTime=663341939, downTime=663341939, deviceId=0, source=0x1002 }
08-04 00:15:25.533  5343  5343 I Input   : injectMotionEvent: MotionEvent { action=ACTION_UP, actionButton=0, id[0]=0, x[0]=346.0, y[0]=709.0, toolType[0]=TOOL_TYPE_UNKNOWN, buttonState=0, metaState=0, flags=0x0, edgeFlags=0x0, pointerCount=1, historySize=0, eventTime=663341939, downTime=663341939, deviceId=0, source=0x1002 }
08-04 00:15:25.537  4292  4360 I art     : Explicit concurrent mark sweep GC freed 205(27KB) AllocSpace objects, 0(0B) LOS objects, 29% free, 39MB/55MB, paused 1.121ms total 27.068ms
08-04 00:15:25.542   918  6029 I ActivityManager: START u0 {cmp=baseline.io.github.project_travel_mate/.destinations.description.FinalCityInfoActivity (has extras)} from uid 10650 on display 0
08-04 00:15:25.549  4292  4360 I art     : Starting a blocking GC Explicit
08-04 00:15:25.552  5343  5343 D AndroidRuntime: Shutting down VM
08-04 00:15:25.572  4292  4358 D Gabe    : call	returning from cache
08-04 00:15:25.579  4292  4360 I art     : Explicit concurrent mark sweep GC freed 1946(200KB) AllocSpace objects, 0(0B) LOS objects, 28% free, 39MB/55MB, paused 952us total 29.908ms
08-04 00:15:25.591  4292  4360 I art     : Starting a blocking GC Explicit
08-04 00:15:25.601  4292  4292 V EXECUTING: https://project-travel-mate.herokuapp.com/api/get-city-weather/1
08-04 00:15:25.620  4292  4360 I art     : Explicit concurrent mark sweep GC freed 3772(211KB) AllocSpace objects, 0(0B) LOS objects, 28% free, 39MB/55MB, paused 787us total 28.333ms
08-04 00:15:25.632  4292  4360 I art     : Starting a blocking GC Explicit
08-04 00:15:25.661  4292  4360 I art     : Explicit concurrent mark sweep GC freed 633(27KB) AllocSpace objects, 0(0B) LOS objects, 28% free, 39MB/55MB, paused 1.388ms total 28.620ms
08-04 00:15:25.741 13866 13866 I GoogleInputMethodServic: GoogleInputMethodService.onFinishInput():3138 
08-04 00:15:25.741   918   936 I ActivityManager: Displayed baseline.io.github.project_travel_mate/.destinations.description.FinalCityInfoActivity: +186ms
08-04 00:15:25.742 13866 13866 I GoogleInputMethodServic: GoogleInputMethodService.onStartInput():1808 
08-04 00:15:25.955  4292  4579 I art     : Starting a blocking GC Explicit
08-04 00:15:25.980   380   380 W SurfaceFlinger: couldn't log to binary event log: overflow.
08-04 00:15:26.001  4292  4579 I art     : Explicit concurrent mark sweep GC freed 2469(113KB) AllocSpace objects, 2(40KB) LOS objects, 26% free, 43MB/59MB, paused 634us total 46.299ms
08-04 00:15:26.014  4292  4579 I art     : Starting a blocking GC Explicit
08-04 00:15:26.041  4292  4579 I art     : Explicit concurrent mark sweep GC freed 122(2592B) AllocSpace objects, 0(0B) LOS objects, 26% free, 43MB/59MB, paused 604us total 25.914ms
08-04 00:15:26.052  4292  4579 I art     : Starting a blocking GC Explicit
08-04 00:15:26.080  4292  4579 I art     : Explicit concurrent mark sweep GC freed 104(1776B) AllocSpace objects, 0(0B) LOS objects, 26% free, 43MB/59MB, paused 754us total 27.307ms
08-04 00:15:26.092  4292  4579 I art     : Starting a blocking GC Explicit
08-04 00:15:26.127  4292  4579 I art     : Explicit concurrent mark sweep GC freed 4697(239KB) AllocSpace objects, 3(200KB) LOS objects, 26% free, 43MB/59MB, paused 1.136ms total 34.104ms
08-04 00:15:26.139  4292  4579 I art     : Starting a blocking GC Explicit
08-04 00:15:26.169  4292  4579 I art     : Explicit concurrent mark sweep GC freed 1186(125KB) AllocSpace objects, 0(0B) LOS objects, 26% free, 43MB/59MB, paused 926us total 29.514ms
08-04 00:15:26.173  4292  5368 I NAPPA_EXPERIMENTATION: MetricNetworkRequestExecutionTime: REQUEST_DURATION_SYSTEM='571',REQUEST_DURATION_OKHTTP='46',REQUEST_SYNCHRONOUS='FALSE',RESPONSE_CODE='200',RESPONSE_METHOD='GET',RESPONSE_LENGTH_OKHTTP='530',RESPONSE_LENGTH_HEADER='530',REQUEST_PROTOCOL='http/1.1',REQUEST_URL='https://project-travel-mate.herokuapp.com/api/get-city/1',
08-04 00:15:26.178  4292  5367 I NAPPA_EXPERIMENTATION: MetricNetworkRequestExecutionTime: REQUEST_DURATION_SYSTEM='577',REQUEST_DURATION_OKHTTP='51',REQUEST_SYNCHRONOUS='FALSE',RESPONSE_CODE='200',RESPONSE_METHOD='GET',RESPONSE_LENGTH_OKHTTP='238',RESPONSE_LENGTH_HEADER='238',REQUEST_PROTOCOL='http/1.1',REQUEST_URL='https://project-travel-mate.herokuapp.com/api/get-city-weather/1',
08-04 00:15:26.218  4292  5368 V Response: {"id":1,"city_name":"Delhi","description":"Delhi, officially the National Capital Territory of Delhi, is the Capital territory of India. During the British Raj, Delhi was part of the province of Punjab and is still historically and culturally connected to the Punjab region.","latitude":"28.613900","longitude":"77.209000","facts_count":6,"images":["https://upload.wikimedia.org/wikipedia/commons/9/94/%E0%B4%96%E0%B5%81%E0%B4%A4%E0%B5%8D%E0%B4%AC%E0%B5%8D_%E0%B4%AE%E0%B4%BF%E0%B4%A8%E0%B4%BE%E0%B5%BC1.jpg"],"has_visited":false}
08-04 00:15:26.481  4292  4579 I art     : Starting a blocking GC Explicit
08-04 00:15:26.521  4292  4579 I art     : Explicit concurrent mark sweep GC freed 4439(230KB) AllocSpace objects, 3(4MB) LOS objects, 28% free, 39MB/55MB, paused 1.556ms total 40.065ms
08-04 00:15:26.534  4292  4579 I art     : Starting a blocking GC Explicit
08-04 00:15:26.564  4292  4579 I art     : Explicit concurrent mark sweep GC freed 203(5KB) AllocSpace objects, 0(0B) LOS objects, 28% free, 39MB/55MB, paused 790us total 30.350ms
08-04 00:15:26.577  4292  4579 I art     : Starting a blocking GC Explicit
08-04 00:15:26.608  4292  4579 I art     : Explicit concurrent mark sweep GC freed 129(2208B) AllocSpace objects, 0(0B) LOS objects, 28% free, 39MB/55MB, paused 655us total 30.637ms
08-04 00:15:26.620  4292  4579 I art     : Starting a blocking GC Explicit
08-04 00:15:26.651  4292  4579 I art     : Explicit concurrent mark sweep GC freed 147(2496B) AllocSpace objects, 0(0B) LOS objects, 28% free, 39MB/55MB, paused 624us total 30.713ms
08-04 00:15:26.664  4292  4579 I art     : Starting a blocking GC Explicit
08-04 00:15:26.696  4292  4579 I art     : Explicit concurrent mark sweep GC freed 99(1696B) AllocSpace objects, 0(0B) LOS objects, 28% free, 39MB/55MB, paused 631us total 31.590ms
08-04 00:15:27.028  4292  4304 I art     : Starting a blocking GC Explicit
08-04 00:15:27.063  4292  4304 I art     : Explicit concurrent mark sweep GC freed 2506(101KB) AllocSpace objects, 2(40KB) LOS objects, 28% free, 39MB/55MB, paused 643us total 35.197ms
08-04 00:15:27.080  4292  4304 I art     : Starting a blocking GC Explicit
08-04 00:15:27.111  4292  4304 I art     : Explicit concurrent mark sweep GC freed 175(3KB) AllocSpace objects, 0(0B) LOS objects, 28% free, 39MB/55MB, paused 649us total 31.156ms
08-04 00:15:27.124  4292  4304 I art     : Starting a blocking GC Explicit
08-04 00:15:27.154  4292  4304 I art     : Explicit concurrent mark sweep GC freed 148(2528B) AllocSpace objects, 0(0B) LOS objects, 28% free, 39MB/55MB, paused 622us total 30.559ms
08-04 00:15:27.167  4292  4304 I art     : Starting a blocking GC Explicit
08-04 00:15:27.199  4292  4304 I art     : Explicit concurrent mark sweep GC freed 132(2240B) AllocSpace objects, 0(0B) LOS objects, 28% free, 39MB/55MB, paused 790us total 30.991ms
08-04 00:15:27.211  4292  4304 I art     : Starting a blocking GC Explicit
08-04 00:15:27.243  4292  4304 I art     : Explicit concurrent mark sweep GC freed 114(1952B) AllocSpace objects, 0(0B) LOS objects, 28% free, 39MB/55MB, paused 627us total 31.524ms
08-04 00:15:27.616  4292  4360 I art     : Starting a blocking GC Explicit
08-04 00:15:27.651  4292  4360 I art     : Explicit concurrent mark sweep GC freed 2627(102KB) AllocSpace objects, 2(40KB) LOS objects, 28% free, 39MB/55MB, paused 679us total 34.856ms
08-04 00:15:27.666  4292  4360 I art     : Starting a blocking GC Explicit
08-04 00:15:27.698  4292  4360 I art     : Explicit concurrent mark sweep GC freed 119(2416B) AllocSpace objects, 0(0B) LOS objects, 28% free, 39MB/55MB, paused 635us total 31.214ms
08-04 00:15:27.710  4292  4360 I art     : Starting a blocking GC Explicit
08-04 00:15:27.741  4292  4360 I art     : Explicit concurrent mark sweep GC freed 147(2496B) AllocSpace objects, 0(0B) LOS objects, 28% free, 39MB/55MB, paused 637us total 30.766ms
08-04 00:15:27.754  4292  4360 I art     : Starting a blocking GC Explicit
08-04 00:15:27.785  4292  4360 I art     : Explicit concurrent mark sweep GC freed 147(2496B) AllocSpace objects, 0(0B) LOS objects, 28% free, 39MB/55MB, paused 629us total 31.160ms
08-04 00:15:27.798  4292  4360 I art     : Starting a blocking GC Explicit
08-04 00:15:27.830  4292  4360 I art     : Explicit concurrent mark sweep GC freed 98(1664B) AllocSpace objects, 0(0B) LOS objects, 28% free, 39MB/55MB, paused 661us total 31.794ms
08-04 00:15:28.193  4292  4579 I art     : Starting a blocking GC Explicit
08-04 00:15:28.228  4292  4579 I art     : Explicit concurrent mark sweep GC freed 2580(101KB) AllocSpace objects, 2(40KB) LOS objects, 28% free, 39MB/55MB, paused 730us total 34.236ms
08-04 00:15:28.243  4292  4579 I art     : Starting a blocking GC Explicit
08-04 00:15:28.273  4292  4579 I art     : Explicit concurrent mark sweep GC freed 166(3KB) AllocSpace objects, 0(0B) LOS objects, 28% free, 39MB/55MB, paused 635us total 30.388ms
08-04 00:15:28.286  4292  4579 I art     : Starting a blocking GC Explicit
08-04 00:15:28.316  4292  4579 I art     : Explicit concurrent mark sweep GC freed 127(2160B) AllocSpace objects, 0(0B) LOS objects, 28% free, 39MB/55MB, paused 799us total 30.631ms
08-04 00:15:28.330  4292  4579 I art     : Starting a blocking GC Explicit
08-04 00:15:28.361  4292  4579 I art     : Explicit concurrent mark sweep GC freed 119(2032B) AllocSpace objects, 0(0B) LOS objects, 28% free, 39MB/55MB, paused 642us total 30.920ms
08-04 00:15:28.373  4292  4579 I art     : Starting a blocking GC Explicit
08-04 00:15:28.404  4292  4579 I art     : Explicit concurrent mark sweep GC freed 153(2896B) AllocSpace objects, 0(0B) LOS objects, 28% free, 39MB/55MB, paused 635us total 30.808ms
08-04 00:15:28.778  4292  4305 I art     : Starting a blocking GC Explicit
08-04 00:15:28.813  4292  4305 I art     : Explicit concurrent mark sweep GC freed 2592(102KB) AllocSpace objects, 2(40KB) LOS objects, 28% free, 39MB/55MB, paused 635us total 35.291ms
08-04 00:15:28.826  4292  4305 I art     : Starting a blocking GC Explicit
08-04 00:15:28.858  4292  4305 I art     : Explicit concurrent mark sweep GC freed 170(3KB) AllocSpace objects, 0(0B) LOS objects, 28% free, 39MB/55MB, paused 650us total 31.949ms
08-04 00:15:28.871  4292  4305 I art     : Starting a blocking GC Explicit
08-04 00:15:28.902  4292  4305 I art     : Explicit concurrent mark sweep GC freed 146(2464B) AllocSpace objects, 0(0B) LOS objects, 28% free, 39MB/55MB, paused 686us total 31.225ms
08-04 00:15:28.915  4292  4305 I art     : Starting a blocking GC Explicit
08-04 00:15:28.948  4292  4305 I art     : Explicit concurrent mark sweep GC freed 99(1696B) AllocSpace objects, 0(0B) LOS objects, 28% free, 39MB/55MB, paused 693us total 32.121ms
08-04 00:15:28.960  4292  4305 I art     : Starting a blocking GC Explicit
08-04 00:15:28.992  4292  4305 I art     : Explicit concurrent mark sweep GC freed 148(2528B) AllocSpace objects, 0(0B) LOS objects, 28% free, 39MB/55MB, paused 659us total 31.435ms
08-04 00:15:29.370  4292  4304 I art     : Starting a blocking GC Explicit
08-04 00:15:29.405  4292  4304 I art     : Explicit concurrent mark sweep GC freed 2627(102KB) AllocSpace objects, 2(40KB) LOS objects, 28% free, 39MB/55MB, paused 688us total 34.539ms
08-04 00:15:29.421  4292  4304 I art     : Starting a blocking GC Explicit
08-04 00:15:29.452  4292  4304 I art     : Explicit concurrent mark sweep GC freed 151(2928B) AllocSpace objects, 0(0B) LOS objects, 28% free, 39MB/55MB, paused 783us total 30.272ms
08-04 00:15:29.464  4292  4304 I art     : Starting a blocking GC Explicit
08-04 00:15:29.494  4292  4304 I art     : Explicit concurrent mark sweep GC freed 114(1952B) AllocSpace objects, 0(0B) LOS objects, 28% free, 39MB/55MB, paused 690us total 29.319ms
08-04 00:15:29.506  4292  4304 I art     : Starting a blocking GC Explicit
08-04 00:15:29.538  4292  4304 I art     : Explicit concurrent mark sweep GC freed 147(2496B) AllocSpace objects, 0(0B) LOS objects, 28% free, 39MB/55MB, paused 696us total 31.195ms
08-04 00:15:29.550  4292  4304 I art     : Starting a blocking GC Explicit
08-04 00:15:29.582  4292  4304 I art     : Explicit concurrent mark sweep GC freed 99(1696B) AllocSpace objects, 0(0B) LOS objects, 28% free, 39MB/55MB, paused 594us total 31.457ms
08-04 00:15:29.948  4292  4579 I art     : Starting a blocking GC Explicit
08-04 00:15:29.981  4292  4579 I art     : Explicit concurrent mark sweep GC freed 2602(102KB) AllocSpace objects, 2(40KB) LOS objects, 28% free, 39MB/55MB, paused 651us total 32.512ms
08-04 00:15:29.993  4292  4579 I art     : Starting a blocking GC Explicit
08-04 00:15:30.025  4292  4579 I art     : Explicit concurrent mark sweep GC freed 176(3KB) AllocSpace objects, 0(0B) LOS objects, 28% free, 39MB/55MB, paused 650us total 31.171ms
08-04 00:15:30.037  4292  4579 I art     : Starting a blocking GC Explicit
08-04 00:15:30.068  4292  4579 I art     : Explicit concurrent mark sweep GC freed 98(1664B) AllocSpace objects, 0(0B) LOS objects, 28% free, 39MB/55MB, paused 773us total 30.574ms
08-04 00:15:30.081  4292  4579 I art     : Starting a blocking GC Explicit
08-04 00:15:30.111  4292  4579 I art     : Explicit concurrent mark sweep GC freed 148(2528B) AllocSpace objects, 0(0B) LOS objects, 28% free, 39MB/55MB, paused 612us total 30.057ms
08-04 00:15:30.124  4292  4579 I art     : Starting a blocking GC Explicit
08-04 00:15:30.154  4292  4579 I art     : Explicit concurrent mark sweep GC freed 122(2064B) AllocSpace objects, 0(0B) LOS objects, 28% free, 39MB/55MB, paused 763us total 30.522ms
08-04 00:15:30.230  5445  5445 D AndroidRuntime: >>>>>> START com.android.internal.os.RuntimeInit uid 2000 <<<<<<
08-04 00:15:30.235  5445  5445 D AndroidRuntime: CheckJNI is OFF
08-04 00:15:30.268  5445  5445 D ICU     : No timezone override file found: /data/misc/zoneinfo/current/icu/icu_tzdata.dat
08-04 00:15:30.301  5445  5445 I Radio-JNI: register_android_hardware_Radio DONE
08-04 00:15:30.322  5445  5445 D AndroidRuntime: Calling main entry com.android.commands.input.Input
08-04 00:15:30.324  5445  5445 I Input   : injectMotionEvent: MotionEvent { action=ACTION_DOWN, actionButton=0, id[0]=0, x[0]=693.0, y[0]=1450.0, toolType[0]=TOOL_TYPE_UNKNOWN, buttonState=0, metaState=0, flags=0x0, edgeFlags=0x0, pointerCount=1, historySize=0, eventTime=663346737, downTime=663346737, deviceId=0, source=0x1002 }
08-04 00:15:30.329  5445  5445 I Input   : injectMotionEvent: MotionEvent { action=ACTION_UP, actionButton=0, id[0]=0, x[0]=693.0, y[0]=1450.0, toolType[0]=TOOL_TYPE_UNKNOWN, buttonState=0, metaState=0, flags=0x0, edgeFlags=0x0, pointerCount=1, historySize=0, eventTime=663346737, downTime=663346737, deviceId=0, source=0x1002 }
08-04 00:15:30.331  5445  5445 D AndroidRuntime: Shutting down VM
08-04 00:15:30.331   918  5132 I ActivityManager: START u0 {cmp=baseline.io.github.project_travel_mate/.destinations.description.CityHistoryActivity} from uid 10650 on display 0
08-04 00:15:30.334   512  2967 D audio_hw_primary: out_set_parameters: enter: usecase(1: low-latency-playback) kvpairs: routing=2
08-04 00:15:30.348   512  2967 D audio_hw_primary: select_devices: out_snd_device(2: speaker) in_snd_device(0: none)
08-04 00:15:30.348   512  2967 D msm8974_platform: platform_send_audio_calibration: sending audio calibration for snd_device(2) acdb_id(15)
08-04 00:15:30.348   512  2967 I soundtrigger: audio_extn_sound_trigger_update_device_status: device 0x2 of type 0 for Event 1
08-04 00:15:30.359  4292  4358 D Gabe    : call	returning from cache
08-04 00:15:30.359   512  2967 D audio_hw_primary: enable_snd_device: snd_device(2: speaker)
08-04 00:15:30.360  4292  4292 V EXECUTING: https://project-travel-mate.herokuapp.com/api/get-city-information/1
08-04 00:15:30.361   512  2967 D audio_hw_primary: enable_audio_route: apply and update mixer path: low-latency-playback speaker
08-04 00:15:30.484  4292  4360 I art     : Starting a blocking GC Explicit
08-04 00:15:30.494   918   936 I ActivityManager: Displayed baseline.io.github.project_travel_mate/.destinations.description.CityHistoryActivity: +150ms
08-04 00:15:30.494 13866 13866 I GoogleInputMethodServic: GoogleInputMethodService.onFinishInput():3138 
08-04 00:15:30.495 13866 13866 I GoogleInputMethodServic: GoogleInputMethodService.onStartInput():1808 
08-04 00:15:30.514  4292  4360 I art     : Explicit concurrent mark sweep GC freed 3254(157KB) AllocSpace objects, 2(40KB) LOS objects, 26% free, 44MB/60MB, paused 989us total 29.857ms
08-04 00:15:30.528  4292  4360 I art     : Starting a blocking GC Explicit
08-04 00:15:30.562  4292  4360 I art     : Explicit concurrent mark sweep GC freed 235(10KB) AllocSpace objects, 0(0B) LOS objects, 26% free, 44MB/60MB, paused 797us total 33.664ms
08-04 00:15:30.575  4292  4360 I art     : Starting a blocking GC Explicit
08-04 00:15:30.604  4292  4360 I art     : Explicit concurrent mark sweep GC freed 292(4KB) AllocSpace objects, 0(0B) LOS objects, 26% free, 44MB/60MB, paused 644us total 28.966ms
08-04 00:15:30.617  4292  4360 I art     : Starting a blocking GC Explicit
08-04 00:15:30.647  4292  4360 I art     : Explicit concurrent mark sweep GC freed 150(2608B) AllocSpace objects, 0(0B) LOS objects, 26% free, 44MB/60MB, paused 700us total 29.861ms
08-04 00:15:30.659  4292  4360 I art     : Starting a blocking GC Explicit
08-04 00:15:30.692  4292  4360 I art     : Explicit concurrent mark sweep GC freed 220(3KB) AllocSpace objects, 0(0B) LOS objects, 26% free, 44MB/60MB, paused 685us total 32.144ms
08-04 00:15:30.751   380   380 W SurfaceFlinger: couldn't log to binary event log: overflow.
08-04 00:15:30.870  4292  5471 I NAPPA_EXPERIMENTATION: MetricNetworkRequestExecutionTime: REQUEST_DURATION_SYSTEM='509',REQUEST_DURATION_OKHTTP='33',REQUEST_SYNCHRONOUS='FALSE',RESPONSE_CODE='200',RESPONSE_METHOD='GET',RESPONSE_LENGTH_OKHTTP='55024',RESPONSE_LENGTH_HEADER='55024',REQUEST_PROTOCOL='http/1.1',REQUEST_URL='https://project-travel-mate.herokuapp.com/api/get-city-information/1',
08-04 00:15:30.900   512  2967 D audio_hw_primary: disable_audio_route: reset and update mixer path: low-latency-playback speaker
08-04 00:15:30.902   512  2967 D audio_hw_primary: disable_snd_device: snd_device(2: speaker)
08-04 00:15:30.909   512  2967 I soundtrigger: audio_extn_sound_trigger_update_device_status: device 0x2 of type 0 for Event 0
08-04 00:15:31.002 13866 13866 I GoogleInputMethodServic: GoogleInputMethodService.onFinishInput():3138 
08-04 00:15:31.003 13866 13866 I GoogleInputMethodServic: GoogleInputMethodService.onStartInput():1808 
08-04 00:15:31.016  4292  4305 I art     : Starting a blocking GC Explicit
08-04 00:15:31.051  4292  4305 I art     : Explicit concurrent mark sweep GC freed 6744(1460KB) AllocSpace objects, 25(5MB) LOS objects, 28% free, 40MB/56MB, paused 708us total 34.302ms
08-04 00:15:31.064  4292  4305 I art     : Starting a blocking GC Explicit
08-04 00:15:31.097  4292  4305 I art     : Explicit concurrent mark sweep GC freed 1215(122KB) AllocSpace objects, 0(0B) LOS objects, 28% free, 40MB/56MB, paused 735us total 33.614ms
08-04 00:15:31.110  4292  4305 I art     : Starting a blocking GC Explicit
08-04 00:15:31.144  4292  4305 I art     : Explicit concurrent mark sweep GC freed 219(3KB) AllocSpace objects, 0(0B) LOS objects, 28% free, 40MB/56MB, paused 672us total 33.275ms
08-04 00:15:31.157  4292  4305 I art     : Starting a blocking GC Explicit
08-04 00:15:31.191  4292  4305 I art     : Explicit concurrent mark sweep GC freed 219(3KB) AllocSpace objects, 0(0B) LOS objects, 28% free, 40MB/56MB, paused 730us total 34.273ms
08-04 00:15:31.205  4292  4305 I art     : Starting a blocking GC Explicit
08-04 00:15:31.239  4292  4305 I art     : Explicit concurrent mark sweep GC freed 219(3KB) AllocSpace objects, 0(0B) LOS objects, 28% free, 40MB/56MB, paused 683us total 34.441ms
08-04 00:15:31.582  4292  4360 I art     : Starting a blocking GC Explicit
08-04 00:15:31.617  4292  4360 I art     : Explicit concurrent mark sweep GC freed 3023(109KB) AllocSpace objects, 2(40KB) LOS objects, 28% free, 40MB/56MB, paused 714us total 34.920ms
08-04 00:15:31.630  4292  4360 I art     : Starting a blocking GC Explicit
08-04 00:15:31.663  4292  4360 I art     : Explicit concurrent mark sweep GC freed 254(5KB) AllocSpace objects, 0(0B) LOS objects, 28% free, 40MB/56MB, paused 662us total 32.383ms
08-04 00:15:31.676  4292  4360 I art     : Starting a blocking GC Explicit
08-04 00:15:31.709  4292  4360 I art     : Explicit concurrent mark sweep GC freed 219(3KB) AllocSpace objects, 0(0B) LOS objects, 28% free, 40MB/56MB, paused 661us total 33.439ms
08-04 00:15:31.722  4292  4360 I art     : Starting a blocking GC Explicit
08-04 00:15:31.756  4292  4360 I art     : Explicit concurrent mark sweep GC freed 218(3KB) AllocSpace objects, 0(0B) LOS objects, 28% free, 40MB/56MB, paused 724us total 33.297ms
08-04 00:15:31.769  4292  4360 I art     : Starting a blocking GC Explicit
08-04 00:15:31.803  4292  4360 I art     : Explicit concurrent mark sweep GC freed 155(2624B) AllocSpace objects, 0(0B) LOS objects, 28% free, 40MB/56MB, paused 884us total 34.378ms
08-04 00:15:32.143  4292  4579 I art     : Starting a blocking GC Explicit
08-04 00:15:32.179  4292  4579 I art     : Explicit concurrent mark sweep GC freed 3100(110KB) AllocSpace objects, 2(40KB) LOS objects, 28% free, 40MB/56MB, paused 709us total 35.786ms
08-04 00:15:32.193  4292  4579 I art     : Starting a blocking GC Explicit
08-04 00:15:32.226  4292  4579 I art     : Explicit concurrent mark sweep GC freed 242(4KB) AllocSpace objects, 0(0B) LOS objects, 28% free, 40MB/56MB, paused 651us total 33.363ms
08-04 00:15:32.240  4292  4579 I art     : Starting a blocking GC Explicit
08-04 00:15:32.273  4292  4579 I art     : Explicit concurrent mark sweep GC freed 219(3KB) AllocSpace objects, 0(0B) LOS objects, 28% free, 40MB/56MB, paused 642us total 33.072ms
08-04 00:15:32.286  4292  4579 I art     : Starting a blocking GC Explicit
08-04 00:15:32.319  4292  4579 I art     : Explicit concurrent mark sweep GC freed 147(2496B) AllocSpace objects, 0(0B) LOS objects, 28% free, 40MB/56MB, paused 641us total 32.542ms
08-04 00:15:32.332  4292  4579 I art     : Starting a blocking GC Explicit
08-04 00:15:32.365  4292  4579 I art     : Explicit concurrent mark sweep GC freed 220(3KB) AllocSpace objects, 0(0B) LOS objects, 28% free, 40MB/56MB, paused 659us total 33.013ms
08-04 00:15:32.733  4292  4304 I art     : Starting a blocking GC Explicit
08-04 00:15:32.770  4292  4304 I art     : Explicit concurrent mark sweep GC freed 3155(111KB) AllocSpace objects, 2(40KB) LOS objects, 28% free, 40MB/56MB, paused 654us total 35.997ms
08-04 00:15:32.783  4292  4304 I art     : Starting a blocking GC Explicit
08-04 00:15:32.816  4292  4304 I art     : Explicit concurrent mark sweep GC freed 238(4KB) AllocSpace objects, 0(0B) LOS objects, 28% free, 40MB/56MB, paused 663us total 32.859ms
08-04 00:15:32.829  4292  4304 I art     : Starting a blocking GC Explicit
08-04 00:15:32.862  4292  4304 I art     : Explicit concurrent mark sweep GC freed 231(4KB) AllocSpace objects, 0(0B) LOS objects, 28% free, 40MB/56MB, paused 650us total 33.453ms
08-04 00:15:32.876  4292  4304 I art     : Starting a blocking GC Explicit
08-04 00:15:32.910  4292  4304 I art     : Explicit concurrent mark sweep GC freed 229(4KB) AllocSpace objects, 0(0B) LOS objects, 28% free, 40MB/56MB, paused 675us total 34.291ms
08-04 00:15:32.923  4292  4304 I art     : Starting a blocking GC Explicit
08-04 00:15:32.957  4292  4304 I art     : Explicit concurrent mark sweep GC freed 216(3KB) AllocSpace objects, 0(0B) LOS objects, 28% free, 40MB/56MB, paused 786us total 33.043ms
08-04 00:15:32.969   918  3261 D WifiStateMachine: starting scan for "H369AA63323"WPA_PSK with 2412,5180
08-04 00:15:33.323  4292  4360 I art     : Starting a blocking GC Explicit
08-04 00:15:33.360  4292  4360 I art     : Explicit concurrent mark sweep GC freed 3157(111KB) AllocSpace objects, 2(40KB) LOS objects, 28% free, 40MB/56MB, paused 721us total 35.654ms
08-04 00:15:33.375  4292  4360 I art     : Starting a blocking GC Explicit
08-04 00:15:33.408  4292  4360 I art     : Explicit concurrent mark sweep GC freed 238(4KB) AllocSpace objects, 0(0B) LOS objects, 28% free, 40MB/56MB, paused 690us total 32.297ms
08-04 00:15:33.420  4292  4360 I art     : Starting a blocking GC Explicit
08-04 00:15:33.453  4292  4360 I art     : Explicit concurrent mark sweep GC freed 147(2496B) AllocSpace objects, 0(0B) LOS objects, 28% free, 40MB/56MB, paused 656us total 32.897ms
08-04 00:15:33.467  4292  4360 I art     : Starting a blocking GC Explicit
08-04 00:15:33.500  4292  4360 I art     : Explicit concurrent mark sweep GC freed 221(3KB) AllocSpace objects, 0(0B) LOS objects, 28% free, 40MB/56MB, paused 758us total 33.357ms
08-04 00:15:33.513  4292  4360 I art     : Starting a blocking GC Explicit
08-04 00:15:33.546  4292  4360 I art     : Explicit concurrent mark sweep GC freed 219(3KB) AllocSpace objects, 0(0B) LOS objects, 28% free, 40MB/56MB, paused 631us total 32.065ms
08-04 00:15:33.889  4292  4305 I art     : Starting a blocking GC Explicit
08-04 00:15:33.924  4292  4305 I art     : Explicit concurrent mark sweep GC freed 3071(109KB) AllocSpace objects, 2(40KB) LOS objects, 28% free, 40MB/56MB, paused 713us total 34.280ms
08-04 00:15:33.938  4292  4305 I art     : Starting a blocking GC Explicit
08-04 00:15:33.968  4292  4305 I art     : Explicit concurrent mark sweep GC freed 178(3KB) AllocSpace objects, 0(0B) LOS objects, 28% free, 40MB/56MB, paused 682us total 29.913ms
08-04 00:15:33.980  4292  4305 I art     : Starting a blocking GC Explicit
08-04 00:15:34.009  4292  4305 I art     : Explicit concurrent mark sweep GC freed 220(3KB) AllocSpace objects, 0(0B) LOS objects, 28% free, 40MB/56MB, paused 648us total 28.967ms
08-04 00:15:34.021  4292  4305 I art     : Starting a blocking GC Explicit
08-04 00:15:34.050  4292  4305 I art     : Explicit concurrent mark sweep GC freed 146(2464B) AllocSpace objects, 0(0B) LOS objects, 28% free, 40MB/56MB, paused 624us total 28.755ms
08-04 00:15:34.062  4292  4305 I art     : Starting a blocking GC Explicit
08-04 00:15:34.092  4292  4305 I art     : Explicit concurrent mark sweep GC freed 220(3KB) AllocSpace objects, 0(0B) LOS objects, 28% free, 40MB/56MB, paused 627us total 29.421ms
08-04 00:15:34.438  4292  4579 I art     : Starting a blocking GC Explicit
08-04 00:15:34.472  4292  4579 I art     : Explicit concurrent mark sweep GC freed 3022(109KB) AllocSpace objects, 2(40KB) LOS objects, 28% free, 40MB/56MB, paused 685us total 34.180ms
08-04 00:15:34.486  4292  4579 I art     : Starting a blocking GC Explicit
08-04 00:15:34.517  4292  4579 I art     : Explicit concurrent mark sweep GC freed 249(4KB) AllocSpace objects, 0(0B) LOS objects, 28% free, 40MB/56MB, paused 683us total 31.403ms
08-04 00:15:34.530  4292  4579 I art     : Starting a blocking GC Explicit
08-04 00:15:34.560  4292  4579 I art     : Explicit concurrent mark sweep GC freed 219(3KB) AllocSpace objects, 0(0B) LOS objects, 28% free, 40MB/56MB, paused 644us total 29.675ms
08-04 00:15:34.572  4292  4579 I art     : Starting a blocking GC Explicit
08-04 00:15:34.605  4292  4579 I art     : Explicit concurrent mark sweep GC freed 146(2464B) AllocSpace objects, 0(0B) LOS objects, 28% free, 40MB/56MB, paused 746us total 32.030ms
08-04 00:15:34.617  4292  4579 I art     : Starting a blocking GC Explicit
08-04 00:15:34.649  4292  4579 I art     : Explicit concurrent mark sweep GC freed 220(3KB) AllocSpace objects, 0(0B) LOS objects, 28% free, 40MB/56MB, paused 621us total 31.795ms
08-04 00:15:34.997  5549  5549 D AndroidRuntime: >>>>>> START com.android.internal.os.RuntimeInit uid 2000 <<<<<<
08-04 00:15:35.002  5549  5549 D AndroidRuntime: CheckJNI is OFF
08-04 00:15:35.009  4292  4360 I art     : Starting a blocking GC Explicit
08-04 00:15:35.039  5549  5549 D ICU     : No timezone override file found: /data/misc/zoneinfo/current/icu/icu_tzdata.dat
08-04 00:15:35.042  4292  4360 I art     : Explicit concurrent mark sweep GC freed 3101(110KB) AllocSpace objects, 2(40KB) LOS objects, 28% free, 40MB/56MB, paused 821us total 33.345ms
08-04 00:15:35.055  4292  4360 I art     : Starting a blocking GC Explicit
08-04 00:15:35.072  5549  5549 I Radio-JNI: register_android_hardware_Radio DONE
08-04 00:15:35.087  4292  4360 I art     : Explicit concurrent mark sweep GC freed 221(4KB) AllocSpace objects, 0(0B) LOS objects, 28% free, 40MB/56MB, paused 744us total 31.829ms
08-04 00:15:35.095  5549  5549 D AndroidRuntime: Calling main entry com.android.commands.input.Input
08-04 00:15:35.096  5549  5549 I Input   : injectKeyEvent: KeyEvent { action=ACTION_DOWN, keyCode=KEYCODE_BACK, scanCode=0, metaState=0, flags=0x0, repeatCount=0, eventTime=663351509, downTime=663351509, deviceId=-1, source=0x101 }
08-04 00:15:35.100  4292  4360 I art     : Starting a blocking GC Explicit
08-04 00:15:35.102  5549  5549 I Input   : injectKeyEvent: KeyEvent { action=ACTION_UP, keyCode=KEYCODE_BACK, scanCode=0, metaState=0, flags=0x0, repeatCount=0, eventTime=663351509, downTime=663351509, deviceId=-1, source=0x101 }
08-04 00:15:35.107  5549  5549 D AndroidRuntime: Shutting down VM
08-04 00:15:35.132  4292  4360 I art     : Explicit concurrent mark sweep GC freed 269(5KB) AllocSpace objects, 0(0B) LOS objects, 28% free, 40MB/56MB, paused 647us total 31.711ms
08-04 00:15:35.145  4292  4360 I art     : Starting a blocking GC Explicit
08-04 00:15:35.150 13866 13866 I GoogleInputMethodServic: GoogleInputMethodService.onFinishInput():3138 
08-04 00:15:35.151 13866 13866 I GoogleInputMethodServic: GoogleInputMethodService.onStartInput():1808 
08-04 00:15:35.174  4292  4360 I art     : Explicit concurrent mark sweep GC freed 225(4KB) AllocSpace objects, 0(0B) LOS objects, 28% free, 40MB/56MB, paused 743us total 29.510ms
08-04 00:15:35.188  4292  4360 I art     : Starting a blocking GC Explicit
08-04 00:15:35.217  4292  4360 I art     : Explicit concurrent mark sweep GC freed 198(3KB) AllocSpace objects, 0(0B) LOS objects, 28% free, 40MB/56MB, paused 692us total 28.530ms
08-04 00:15:35.456   380   380 W SurfaceFlinger: couldn't log to binary event log: overflow.
08-04 00:15:35.542  4292  4360 I art     : Starting a blocking GC Explicit
08-04 00:15:35.580  4292  4360 I art     : Explicit concurrent mark sweep GC freed 2868(107KB) AllocSpace objects, 3(228KB) LOS objects, 28% free, 40MB/56MB, paused 907us total 37.996ms
08-04 00:15:35.597  4292  4360 I art     : Starting a blocking GC Explicit
08-04 00:15:35.629  4292  4360 I art     : Explicit concurrent mark sweep GC freed 4843(341KB) AllocSpace objects, 7(132KB) LOS objects, 28% free, 39MB/55MB, paused 673us total 31.452ms
08-04 00:15:35.642  4292  4360 I art     : Starting a blocking GC Explicit
08-04 00:15:35.673  4292  4360 I art     : Explicit concurrent mark sweep GC freed 99(1696B) AllocSpace objects, 0(0B) LOS objects, 28% free, 39MB/55MB, paused 700us total 31.454ms
08-04 00:15:35.686  4292  4360 I art     : Starting a blocking GC Explicit
08-04 00:15:35.718  4292  4360 I art     : Explicit concurrent mark sweep GC freed 147(2496B) AllocSpace objects, 0(0B) LOS objects, 28% free, 39MB/55MB, paused 673us total 31.965ms
08-04 00:15:35.731  4292  4360 I art     : Starting a blocking GC Explicit
08-04 00:15:35.763  4292  4360 I art     : Explicit concurrent mark sweep GC freed 147(2496B) AllocSpace objects, 0(0B) LOS objects, 28% free, 39MB/55MB, paused 664us total 31.396ms
08-04 00:15:36.111  4292  4305 I art     : Starting a blocking GC Explicit
08-04 00:15:36.147  4292  4305 I art     : Explicit concurrent mark sweep GC freed 2554(102KB) AllocSpace objects, 2(40KB) LOS objects, 28% free, 39MB/55MB, paused 658us total 35.158ms
08-04 00:15:36.159  4292  4305 I art     : Starting a blocking GC Explicit
08-04 00:15:36.191  4292  4305 I art     : Explicit concurrent mark sweep GC freed 128(2928B) AllocSpace objects, 0(0B) LOS objects, 28% free, 39MB/55MB, paused 660us total 31.183ms
08-04 00:15:36.203  4292  4305 I art     : Starting a blocking GC Explicit
08-04 00:15:36.235  4292  4305 I art     : Explicit concurrent mark sweep GC freed 147(2496B) AllocSpace objects, 0(0B) LOS objects, 28% free, 39MB/55MB, paused 658us total 31.200ms
08-04 00:15:36.248  4292  4305 I art     : Starting a blocking GC Explicit
08-04 00:15:36.279  4292  4305 I art     : Explicit concurrent mark sweep GC freed 147(2496B) AllocSpace objects, 0(0B) LOS objects, 28% free, 39MB/55MB, paused 678us total 31.331ms
08-04 00:15:36.292  4292  4305 I art     : Starting a blocking GC Explicit
08-04 00:15:36.325  4292  4305 I art     : Explicit concurrent mark sweep GC freed 101(1728B) AllocSpace objects, 0(0B) LOS objects, 28% free, 39MB/55MB, paused 855us total 32.231ms
08-04 00:15:36.654  4292  4579 I art     : Starting a blocking GC Explicit
08-04 00:15:36.686  4292  4579 I art     : Explicit concurrent mark sweep GC freed 2482(100KB) AllocSpace objects, 2(40KB) LOS objects, 28% free, 39MB/55MB, paused 687us total 31.463ms
08-04 00:15:36.699  4292  4579 I art     : Starting a blocking GC Explicit
08-04 00:15:36.730  4292  4579 I art     : Explicit concurrent mark sweep GC freed 166(3KB) AllocSpace objects, 0(0B) LOS objects, 28% free, 39MB/55MB, paused 651us total 30.819ms
08-04 00:15:36.742  4292  4579 I art     : Starting a blocking GC Explicit
08-04 00:15:36.753  5592  5592 D AndroidRuntime: >>>>>> START com.android.internal.os.RuntimeInit uid 2000 <<<<<<
08-04 00:15:36.757  5592  5592 D AndroidRuntime: CheckJNI is OFF
08-04 00:15:36.774  4292  4579 I art     : Explicit concurrent mark sweep GC freed 99(1696B) AllocSpace objects, 0(0B) LOS objects, 28% free, 39MB/55MB, paused 686us total 31.001ms
08-04 00:15:36.786  4292  4579 I art     : Starting a blocking GC Explicit
08-04 00:15:36.794  5592  5592 D ICU     : No timezone override file found: /data/misc/zoneinfo/current/icu/icu_tzdata.dat
08-04 00:15:36.818  4292  4579 I art     : Explicit concurrent mark sweep GC freed 147(2496B) AllocSpace objects, 0(0B) LOS objects, 28% free, 39MB/55MB, paused 754us total 31.608ms
08-04 00:15:36.830  4292  4579 I art     : Starting a blocking GC Explicit
08-04 00:15:36.831  5592  5592 I Radio-JNI: register_android_hardware_Radio DONE
08-04 00:15:36.853  5592  5592 D AndroidRuntime: Calling main entry com.android.commands.input.Input
08-04 00:15:36.855  5592  5592 I Input   : injectKeyEvent: KeyEvent { action=ACTION_DOWN, keyCode=KEYCODE_BACK, scanCode=0, metaState=0, flags=0x0, repeatCount=0, eventTime=663353268, downTime=663353268, deviceId=-1, source=0x101 }
08-04 00:15:36.861  4292  4579 I art     : Explicit concurrent mark sweep GC freed 146(2464B) AllocSpace objects, 0(0B) LOS objects, 28% free, 39MB/55MB, paused 647us total 29.988ms
08-04 00:15:36.861  5592  5592 I Input   : injectKeyEvent: KeyEvent { action=ACTION_UP, keyCode=KEYCODE_BACK, scanCode=0, metaState=0, flags=0x0, repeatCount=0, eventTime=663353268, downTime=663353268, deviceId=-1, source=0x101 }
08-04 00:15:36.867  5592  5592 D AndroidRuntime: Shutting down VM
08-04 00:15:36.876  4292  4292 V MainActivity: url = https://project-travel-mate.herokuapp.com/api/number-of-unread-notifications
08-04 00:15:36.903 13866 13866 I GoogleInputMethodServic: GoogleInputMethodService.onFinishInput():3138 
08-04 00:15:36.903 13866 13866 I GoogleInputMethodServic: GoogleInputMethodService.onStartInput():1808 
08-04 00:15:37.173  4292  4304 I art     : Starting a blocking GC Explicit
08-04 00:15:37.207  4292  4304 I art     : Explicit concurrent mark sweep GC freed 2966(124KB) AllocSpace objects, 2(40KB) LOS objects, 28% free, 39MB/55MB, paused 770us total 33.774ms
08-04 00:15:37.209   380   380 W SurfaceFlinger: couldn't log to binary event log: overflow.
08-04 00:15:37.220  4292  4304 I art     : Starting a blocking GC Explicit
08-04 00:15:37.250  4292  4304 I art     : Explicit concurrent mark sweep GC freed 202(5KB) AllocSpace objects, 0(0B) LOS objects, 28% free, 39MB/55MB, paused 727us total 29.371ms
08-04 00:15:37.262  4292  4304 I art     : Starting a blocking GC Explicit
08-04 00:15:37.293  4292  4304 I art     : Explicit concurrent mark sweep GC freed 211(8KB) AllocSpace objects, 0(0B) LOS objects, 28% free, 39MB/55MB, paused 820us total 30.456ms
08-04 00:15:37.306  4292  4304 I art     : Starting a blocking GC Explicit
08-04 00:15:37.338  4292  4304 I art     : Explicit concurrent mark sweep GC freed 51(896B) AllocSpace objects, 0(0B) LOS objects, 28% free, 39MB/55MB, paused 733us total 31.689ms
08-04 00:15:37.350  4292  4304 I art     : Starting a blocking GC Explicit
08-04 00:15:37.382  4292  4304 I art     : Explicit concurrent mark sweep GC freed 2641(133KB) AllocSpace objects, 3(200KB) LOS objects, 28% free, 40MB/56MB, paused 941us total 31.996ms
08-04 00:15:37.407  4292  5616 I NAPPA_EXPERIMENTATION: MetricNetworkRequestExecutionTime: REQUEST_DURATION_SYSTEM='530',REQUEST_DURATION_OKHTTP='29',REQUEST_SYNCHRONOUS='FALSE',RESPONSE_CODE='200',RESPONSE_METHOD='GET',RESPONSE_LENGTH_OKHTTP='36',RESPONSE_LENGTH_HEADER='36',REQUEST_PROTOCOL='http/1.1',REQUEST_URL='https://project-travel-mate.herokuapp.com/api/number-of-unread-notifications',
08-04 00:15:37.712  4292  4305 I art     : Starting a blocking GC Explicit
08-04 00:15:37.749  4292  4305 I art     : Explicit concurrent mark sweep GC freed 3132(224KB) AllocSpace objects, 2(40KB) LOS objects, 28% free, 39MB/55MB, paused 990us total 36.344ms
08-04 00:15:37.763  4292  4305 I art     : Starting a blocking GC Explicit
08-04 00:15:37.795  4292  4305 I art     : Explicit concurrent mark sweep GC freed 111(3KB) AllocSpace objects, 0(0B) LOS objects, 28% free, 39MB/55MB, paused 782us total 31.132ms
08-04 00:15:37.807  4292  4305 I art     : Starting a blocking GC Explicit
08-04 00:15:37.840  4292  4305 I art     : Explicit concurrent mark sweep GC freed 59(1040B) AllocSpace objects, 0(0B) LOS objects, 28% free, 39MB/55MB, paused 720us total 31.899ms
08-04 00:15:37.852  4292  4305 I art     : Starting a blocking GC Explicit
08-04 00:15:37.884  4292  4305 I art     : Explicit concurrent mark sweep GC freed 75(1296B) AllocSpace objects, 0(0B) LOS objects, 28% free, 39MB/55MB, paused 704us total 31.992ms
08-04 00:15:37.897  4292  4305 I art     : Starting a blocking GC Explicit
08-04 00:15:37.929  4292  4305 I art     : Explicit concurrent mark sweep GC freed 74(1264B) AllocSpace objects, 0(0B) LOS objects, 28% free, 39MB/55MB, paused 729us total 32.141ms
08-04 00:15:38.252  4292  4579 I art     : Starting a blocking GC Explicit
08-04 00:15:38.286  4292  4579 I art     : Explicit concurrent mark sweep GC freed 1932(91KB) AllocSpace objects, 2(40KB) LOS objects, 28% free, 39MB/55MB, paused 741us total 33.367ms
08-04 00:15:38.299  4292  4579 I art     : Starting a blocking GC Explicit
08-04 00:15:38.331  4292  4579 I art     : Explicit concurrent mark sweep GC freed 94(1984B) AllocSpace objects, 0(0B) LOS objects, 28% free, 39MB/55MB, paused 749us total 32.413ms
08-04 00:15:38.344  4292  4579 I art     : Starting a blocking GC Explicit
08-04 00:15:38.376  4292  4579 I art     : Explicit concurrent mark sweep GC freed 51(896B) AllocSpace objects, 0(0B) LOS objects, 28% free, 39MB/55MB, paused 705us total 31.681ms
08-04 00:15:38.389  4292  4579 I art     : Starting a blocking GC Explicit
08-04 00:15:38.422  4292  4579 I art     : Explicit concurrent mark sweep GC freed 75(1296B) AllocSpace objects, 0(0B) LOS objects, 28% free, 39MB/55MB, paused 756us total 32.620ms
08-04 00:15:38.435  4292  4579 I art     : Starting a blocking GC Explicit
08-04 00:15:38.467  4292  4579 I art     : Explicit concurrent mark sweep GC freed 75(1296B) AllocSpace objects, 0(0B) LOS objects, 28% free, 39MB/55MB, paused 690us total 31.358ms
08-04 00:15:38.537  5641  5641 D AndroidRuntime: >>>>>> START com.android.internal.os.RuntimeInit uid 2000 <<<<<<
08-04 00:15:38.543  5641  5641 D AndroidRuntime: CheckJNI is OFF
08-04 00:15:38.575  5641  5641 D ICU     : No timezone override file found: /data/misc/zoneinfo/current/icu/icu_tzdata.dat
08-04 00:15:38.608  5641  5641 I Radio-JNI: register_android_hardware_Radio DONE
08-04 00:15:38.624 31401 31401 I ServiceManager: Waiting for service AtCmdFwd...
08-04 00:15:38.629  5641  5641 D AndroidRuntime: Calling main entry com.android.commands.input.Input
08-04 00:15:38.631  5641  5641 I Input   : injectMotionEvent: MotionEvent { action=ACTION_DOWN, actionButton=0, id[0]=0, x[0]=117.0, y[0]=170.0, toolType[0]=TOOL_TYPE_UNKNOWN, buttonState=0, metaState=0, flags=0x0, edgeFlags=0x0, pointerCount=1, historySize=0, eventTime=663355044, downTime=663355044, deviceId=0, source=0x1002 }
08-04 00:15:38.637  5641  5641 I Input   : injectMotionEvent: MotionEvent { action=ACTION_UP, actionButton=0, id[0]=0, x[0]=117.0, y[0]=170.0, toolType[0]=TOOL_TYPE_UNKNOWN, buttonState=0, metaState=0, flags=0x0, edgeFlags=0x0, pointerCount=1, historySize=0, eventTime=663355044, downTime=663355044, deviceId=0, source=0x1002 }
08-04 00:15:38.639  5641  5641 D AndroidRuntime: Shutting down VM
08-04 00:15:38.649   512  2967 D audio_hw_primary: out_set_parameters: enter: usecase(1: low-latency-playback) kvpairs: routing=2
08-04 00:15:38.662   512  2967 D audio_hw_primary: select_devices: out_snd_device(2: speaker) in_snd_device(0: none)
08-04 00:15:38.662   512  2967 D msm8974_platform: platform_send_audio_calibration: sending audio calibration for snd_device(2) acdb_id(15)
08-04 00:15:38.662   512  2967 I soundtrigger: audio_extn_sound_trigger_update_device_status: device 0x2 of type 0 for Event 1
08-04 00:15:38.671   512  2967 D audio_hw_primary: enable_snd_device: snd_device(2: speaker)
08-04 00:15:38.674   512  2967 D audio_hw_primary: enable_audio_route: apply and update mixer path: low-latency-playback speaker
08-04 00:15:38.783  4292  4579 I art     : Starting a blocking GC Explicit
08-04 00:15:38.816  4292  4579 I art     : Explicit concurrent mark sweep GC freed 2375(114KB) AllocSpace objects, 2(40KB) LOS objects, 28% free, 40MB/56MB, paused 713us total 32.252ms
08-04 00:15:38.828  4292  4579 I art     : Starting a blocking GC Explicit
08-04 00:15:38.858  4292  4579 I art     : Explicit concurrent mark sweep GC freed 101(2816B) AllocSpace objects, 0(0B) LOS objects, 28% free, 40MB/56MB, paused 662us total 29.742ms
08-04 00:15:38.872  4292  4579 I art     : Starting a blocking GC Explicit
08-04 00:15:38.901  4292  4579 I art     : Explicit concurrent mark sweep GC freed 84(1888B) AllocSpace objects, 0(0B) LOS objects, 28% free, 40MB/56MB, paused 675us total 28.630ms
08-04 00:15:38.913  4292  4579 I art     : Starting a blocking GC Explicit
08-04 00:15:38.942  4292  4579 I art     : Explicit concurrent mark sweep GC freed 59(1280B) AllocSpace objects, 0(0B) LOS objects, 28% free, 40MB/56MB, paused 667us total 28.546ms
08-04 00:15:38.954  4292  4579 I art     : Starting a blocking GC Explicit
08-04 00:15:38.984  4292  4579 I art     : Explicit concurrent mark sweep GC freed 75(1296B) AllocSpace objects, 0(0B) LOS objects, 28% free, 40MB/56MB, paused 651us total 29.459ms
08-04 00:15:39.209   512  2967 D audio_hw_primary: disable_audio_route: reset and update mixer path: low-latency-playback speaker
08-04 00:15:39.210   512  2967 D audio_hw_primary: disable_snd_device: snd_device(2: speaker)
08-04 00:15:39.219   512  2967 I soundtrigger: audio_extn_sound_trigger_update_device_status: device 0x2 of type 0 for Event 0
08-04 00:15:39.266  5674  5674 D AndroidRuntime: >>>>>> START com.android.internal.os.RuntimeInit uid 2000 <<<<<<
08-04 00:15:39.271  5674  5674 D AndroidRuntime: CheckJNI is OFF
08-04 00:15:39.302  4292  5627 I art     : Starting a blocking GC Explicit
08-04 00:15:39.305  5674  5674 D ICU     : No timezone override file found: /data/misc/zoneinfo/current/icu/icu_tzdata.dat
08-04 00:15:39.335  4292  5627 I art     : Explicit concurrent mark sweep GC freed 1934(91KB) AllocSpace objects, 2(40KB) LOS objects, 28% free, 40MB/56MB, paused 761us total 32.258ms
08-04 00:15:39.339  5674  5674 I Radio-JNI: register_android_hardware_Radio DONE
08-04 00:15:39.348  4292  5627 I art     : Starting a blocking GC Explicit
08-04 00:15:39.362  5674  5674 D AndroidRuntime: Calling main entry com.android.commands.input.Input
08-04 00:15:39.364  5674  5674 I Input   : injectMotionEvent: MotionEvent { action=ACTION_DOWN, actionButton=0, id[0]=0, x[0]=355.0, y[0]=1674.0, toolType[0]=TOOL_TYPE_UNKNOWN, buttonState=0, metaState=0, flags=0x0, edgeFlags=0x0, pointerCount=1, historySize=0, eventTime=663355776, downTime=663355776, deviceId=0, source=0x1002 }
08-04 00:15:39.367  5674  5674 I Input   : injectMotionEvent: MotionEvent { action=ACTION_UP, actionButton=0, id[0]=0, x[0]=355.0, y[0]=1674.0, toolType[0]=TOOL_TYPE_UNKNOWN, buttonState=0, metaState=0, flags=0x0, edgeFlags=0x0, pointerCount=1, historySize=0, eventTime=663355776, downTime=663355776, deviceId=0, source=0x1002 }
08-04 00:15:39.369  5674  5674 D AndroidRuntime: Shutting down VM
08-04 00:15:39.378  4292  5627 I art     : Explicit concurrent mark sweep GC freed 83(1968B) AllocSpace objects, 0(0B) LOS objects, 28% free, 40MB/56MB, paused 728us total 29.831ms
08-04 00:15:39.382   512  2967 D audio_hw_primary: out_set_parameters: enter: usecase(1: low-latency-playback) kvpairs: routing=2
08-04 00:15:39.390  4292  5627 I art     : Starting a blocking GC Explicit
08-04 00:15:39.395   512  2967 D audio_hw_primary: select_devices: out_snd_device(2: speaker) in_snd_device(0: none)
08-04 00:15:39.395   512  2967 D msm8974_platform: platform_send_audio_calibration: sending audio calibration for snd_device(2) acdb_id(15)
08-04 00:15:39.395   512  2967 I soundtrigger: audio_extn_sound_trigger_update_device_status: device 0x2 of type 0 for Event 1
08-04 00:15:39.405   512  2967 D audio_hw_primary: enable_snd_device: snd_device(2: speaker)
08-04 00:15:39.407   512  2967 D audio_hw_primary: enable_audio_route: apply and update mixer path: low-latency-playback speaker
08-04 00:15:39.421  4292  5627 I art     : Explicit concurrent mark sweep GC freed 468(24KB) AllocSpace objects, 0(0B) LOS objects, 23% free, 51MB/67MB, paused 771us total 30.311ms
08-04 00:15:39.433  4292  5627 I art     : Starting a blocking GC Explicit
08-04 00:15:39.447   512  2967 D AudioFlinger: mixer(0xf4740000) throttle end: throttle time(12)
08-04 00:15:39.463  4292  5627 I art     : Explicit concurrent mark sweep GC freed 1370(140KB) AllocSpace objects, 0(0B) LOS objects, 23% free, 51MB/67MB, paused 750us total 29.444ms
08-04 00:15:39.475  4292  5627 I art     : Starting a blocking GC Explicit
08-04 00:15:39.506  4292  5627 I art     : Explicit concurrent mark sweep GC freed 8(336B) AllocSpace objects, 0(0B) LOS objects, 17% free, 73MB/89MB, paused 778us total 30.739ms
08-04 00:15:39.625 31401 31401 I ServiceManager: Waiting for service AtCmdFwd...
08-04 00:15:39.806  4292  4360 I art     : Starting a blocking GC Explicit
08-04 00:15:39.838  4292  4360 I art     : Explicit concurrent mark sweep GC freed 21(1744B) AllocSpace objects, 0(0B) LOS objects, 12% free, 115MB/131MB, paused 825us total 32.185ms
08-04 00:15:39.851  4292  4360 I art     : Starting a blocking GC Explicit
08-04 00:15:39.881  4292  4360 I art     : Explicit concurrent mark sweep GC freed 3(96B) AllocSpace objects, 0(0B) LOS objects, 12% free, 115MB/131MB, paused 758us total 29.005ms
08-04 00:15:39.893  4292  4360 I art     : Starting a blocking GC Explicit
08-04 00:15:39.922  4292  4360 I art     : Explicit concurrent mark sweep GC freed 4(128B) AllocSpace objects, 0(0B) LOS objects, 12% free, 115MB/131MB, paused 743us total 28.930ms
08-04 00:15:39.928   512  2967 D audio_hw_primary: disable_audio_route: reset and update mixer path: low-latency-playback speaker
08-04 00:15:39.929   512  2967 D audio_hw_primary: disable_snd_device: snd_device(2: speaker)
08-04 00:15:39.934  4292  4360 I art     : Waiting for a blocking GC Explicit
08-04 00:15:39.937   512  2967 I soundtrigger: audio_extn_sound_trigger_update_device_status: device 0x2 of type 0 for Event 0
08-04 00:15:39.939  4292  4360 I art     : WaitForGcToComplete blocked for 5.373ms for cause Explicit
08-04 00:15:39.940  4292  4360 I art     : Starting a blocking GC Explicit
08-04 00:15:39.969  4292  4360 I art     : Explicit concurrent mark sweep GC freed 9(336B) AllocSpace objects, 0(0B) LOS objects, 10% free, 134MB/150MB, paused 764us total 28.860ms
08-04 00:15:39.969  4292  4303 I art     : WaitForGcToComplete blocked for 29.052ms for cause Background
08-04 00:15:39.981  4292  4360 I art     : Starting a blocking GC Explicit
08-04 00:15:40.010  4292  4360 I art     : Explicit concurrent mark sweep GC freed 5(192B) AllocSpace objects, 0(0B) LOS objects, 10% free, 134MB/150MB, paused 755us total 28.971ms
08-04 00:15:40.043  4292  4292 I Choreographer: Skipped 38 frames!  The application may be doing too much work on its main thread.
08-04 00:15:40.043  4292  4292 V MainActivity: url = https://project-travel-mate.herokuapp.com/api/number-of-unread-notifications
08-04 00:15:40.341  4292  5627 I art     : Starting a blocking GC Explicit
08-04 00:15:40.384  4292  5627 I art     : Explicit concurrent mark sweep GC freed 3189(150KB) AllocSpace objects, 11(288KB) LOS objects, 10% free, 134MB/150MB, paused 886us total 43.225ms
08-04 00:15:40.402  4292  5627 I art     : Starting a blocking GC Explicit
08-04 00:15:40.439  4292  5627 I art     : Explicit concurrent mark sweep GC freed 931(53KB) AllocSpace objects, 0(0B) LOS objects, 10% free, 134MB/150MB, paused 782us total 37.435ms
08-04 00:15:40.453  4292  5627 I art     : Starting a blocking GC Explicit
08-04 00:15:40.488  4292  5627 I art     : Explicit concurrent mark sweep GC freed 23(1152B) AllocSpace objects, 0(0B) LOS objects, 10% free, 134MB/150MB, paused 869us total 34.555ms
08-04 00:15:40.501  4292  5627 I art     : Starting a blocking GC Explicit
08-04 00:15:40.535  4292  5627 I art     : Explicit concurrent mark sweep GC freed 569(51KB) AllocSpace objects, 0(0B) LOS objects, 10% free, 134MB/150MB, paused 916us total 33.770ms
08-04 00:15:40.548  4292  5627 I art     : Starting a blocking GC Explicit
08-04 00:15:40.579  4292  5627 I art     : Explicit concurrent mark sweep GC freed 2042(81KB) AllocSpace objects, 2(120KB) LOS objects, 10% free, 134MB/150MB, paused 799us total 31.058ms
08-04 00:15:40.596  4292  5706 I NAPPA_EXPERIMENTATION: MetricNetworkRequestExecutionTime: REQUEST_DURATION_SYSTEM='552',REQUEST_DURATION_OKHTTP='30',REQUEST_SYNCHRONOUS='FALSE',RESPONSE_CODE='200',RESPONSE_METHOD='GET',RESPONSE_LENGTH_OKHTTP='36',RESPONSE_LENGTH_HEADER='36',REQUEST_PROTOCOL='http/1.1',REQUEST_URL='https://project-travel-mate.herokuapp.com/api/number-of-unread-notifications',
08-04 00:15:40.625 31401 31401 I ServiceManager: Waiting for service AtCmdFwd...
08-04 00:15:40.938  4292  4360 I art     : Starting a blocking GC Explicit
08-04 00:15:40.984  4292  4360 I art     : Explicit concurrent mark sweep GC freed 2548(211KB) AllocSpace objects, 3(116KB) LOS objects, 10% free, 134MB/150MB, paused 873us total 44.839ms
08-04 00:15:40.999  4292  4360 I art     : Starting a blocking GC Explicit
08-04 00:15:41.034  4292  4360 I art     : Explicit concurrent mark sweep GC freed 39(3KB) AllocSpace objects, 0(0B) LOS objects, 10% free, 134MB/150MB, paused 735us total 34.485ms
08-04 00:15:41.047  4292  4360 I art     : Starting a blocking GC Explicit
08-04 00:15:41.082  4292  4360 I art     : Explicit concurrent mark sweep GC freed 3(96B) AllocSpace objects, 0(0B) LOS objects, 10% free, 134MB/150MB, paused 746us total 34.430ms
08-04 00:15:41.095  4292  4360 I art     : Starting a blocking GC Explicit
08-04 00:15:41.130  4292  4360 I art     : Explicit concurrent mark sweep GC freed 3(96B) AllocSpace objects, 0(0B) LOS objects, 10% free, 134MB/150MB, paused 904us total 34.765ms
08-04 00:15:41.143  4292  4360 I art     : Starting a blocking GC Explicit
08-04 00:15:41.178  4292  4360 I art     : Explicit concurrent mark sweep GC freed 3(96B) AllocSpace objects, 0(0B) LOS objects, 10% free, 134MB/150MB, paused 759us total 34.460ms
08-04 00:15:41.586  4292  4304 I art     : Starting a blocking GC Explicit
08-04 00:15:41.626 31401 31401 I ServiceManager: Waiting for service AtCmdFwd...
08-04 00:15:41.629  4292  4304 I art     : Explicit concurrent mark sweep GC freed 1427(83KB) AllocSpace objects, 2(36KB) LOS objects, 10% free, 134MB/150MB, paused 804us total 42.396ms
08-04 00:15:41.642  4292  4304 I art     : Starting a blocking GC Explicit
08-04 00:15:41.672  4292  4304 I art     : Explicit concurrent mark sweep GC freed 25(880B) AllocSpace objects, 0(0B) LOS objects, 10% free, 134MB/150MB, paused 758us total 29.394ms
08-04 00:15:41.685  4292  4304 I art     : Starting a blocking GC Explicit
08-04 00:15:41.715  4292  4304 I art     : Explicit concurrent mark sweep GC freed 9(288B) AllocSpace objects, 0(0B) LOS objects, 10% free, 134MB/150MB, paused 736us total 30.059ms
08-04 00:15:41.716  4292  4303 I art     : WaitForGcToComplete blocked for 29.223ms for cause HeapTrim
08-04 00:15:41.728  4292  4304 I art     : Starting a blocking GC Explicit
08-04 00:15:41.758  4292  4304 I art     : Explicit concurrent mark sweep GC freed 7(224B) AllocSpace objects, 0(0B) LOS objects, 10% free, 134MB/150MB, paused 839us total 30.474ms
08-04 00:15:41.771  4292  4304 I art     : Starting a blocking GC Explicit
08-04 00:15:41.804  4292  4304 I art     : Explicit concurrent mark sweep GC freed 9(288B) AllocSpace objects, 0(0B) LOS objects, 10% free, 134MB/150MB, paused 727us total 32.337ms
08-04 00:15:42.034  5746  5746 D AndroidRuntime: >>>>>> START com.android.internal.os.RuntimeInit uid 2000 <<<<<<
08-04 00:15:42.039  5746  5746 D AndroidRuntime: CheckJNI is OFF
08-04 00:15:42.070  5746  5746 D ICU     : No timezone override file found: /data/misc/zoneinfo/current/icu/icu_tzdata.dat
08-04 00:15:42.102  5746  5746 I Radio-JNI: register_android_hardware_Radio DONE
08-04 00:15:42.124  5746  5746 D AndroidRuntime: Calling main entry com.android.commands.input.Input
08-04 00:15:42.126  5746  5746 I Input   : injectMotionEvent: MotionEvent { action=ACTION_DOWN, actionButton=0, id[0]=0, x[0]=747.0, y[0]=608.0, toolType[0]=TOOL_TYPE_UNKNOWN, buttonState=0, metaState=0, flags=0x0, edgeFlags=0x0, pointerCount=1, historySize=0, eventTime=663358539, downTime=663358539, deviceId=0, source=0x1002 }
08-04 00:15:42.131  5746  5746 I Input   : injectMotionEvent: MotionEvent { action=ACTION_UP, actionButton=0, id[0]=0, x[0]=747.0, y[0]=608.0, toolType[0]=TOOL_TYPE_UNKNOWN, buttonState=0, metaState=0, flags=0x0, edgeFlags=0x0, pointerCount=1, historySize=0, eventTime=663358539, downTime=663358539, deviceId=0, source=0x1002 }
08-04 00:15:42.132  5746  5746 D AndroidRuntime: Shutting down VM
08-04 00:15:42.134   512  2967 D audio_hw_primary: out_set_parameters: enter: usecase(1: low-latency-playback) kvpairs: routing=2
08-04 00:15:42.136   918  4413 I ActivityManager: START u0 {cmp=baseline.io.github.project_travel_mate/.utilities.ChecklistActivity} from uid 10650 on display 0
08-04 00:15:42.147   512  2967 D audio_hw_primary: select_devices: out_snd_device(2: speaker) in_snd_device(0: none)
08-04 00:15:42.147   512  2967 D msm8974_platform: platform_send_audio_calibration: sending audio calibration for snd_device(2) acdb_id(15)
08-04 00:15:42.148   512  2967 I soundtrigger: audio_extn_sound_trigger_update_device_status: device 0x2 of type 0 for Event 1
08-04 00:15:42.161   512  2967 D audio_hw_primary: enable_snd_device: snd_device(2: speaker)
08-04 00:15:42.163   512  2967 D audio_hw_primary: enable_audio_route: apply and update mixer path: low-latency-playback speaker
08-04 00:15:42.177  4292  4360 I art     : Starting a blocking GC Explicit
08-04 00:15:42.212  4292  4360 I art     : Explicit concurrent mark sweep GC freed 2549(244KB) AllocSpace objects, 2(36KB) LOS objects, 10% free, 135MB/151MB, paused 1.084ms total 34.868ms
08-04 00:15:42.225  4292  4360 I art     : Starting a blocking GC Explicit
08-04 00:15:42.261  4292  4360 I art     : Explicit concurrent mark sweep GC freed 774(43KB) AllocSpace objects, 0(0B) LOS objects, 10% free, 135MB/151MB, paused 901us total 35.576ms
08-04 00:15:42.270   918   936 I ActivityManager: Displayed baseline.io.github.project_travel_mate/.utilities.ChecklistActivity: +128ms
08-04 00:15:42.270 13866 13866 I GoogleInputMethodServic: GoogleInputMethodService.onFinishInput():3138 
08-04 00:15:42.271 13866 13866 I GoogleInputMethodServic: GoogleInputMethodService.onStartInput():1808 
08-04 00:15:42.274  4292  4360 I art     : Starting a blocking GC Explicit
08-04 00:15:42.306  4292  4360 I art     : Explicit concurrent mark sweep GC freed 252(16KB) AllocSpace objects, 0(0B) LOS objects, 10% free, 135MB/151MB, paused 758us total 31.761ms
08-04 00:15:42.319  4292  4360 I art     : Starting a blocking GC Explicit
08-04 00:15:42.349  4292  4360 I art     : Explicit concurrent mark sweep GC freed 25(1184B) AllocSpace objects, 0(0B) LOS objects, 10% free, 135MB/151MB, paused 843us total 30.554ms
08-04 00:15:42.362  4292  4360 I art     : Starting a blocking GC Explicit
08-04 00:15:42.399  4292  4360 I art     : Explicit concurrent mark sweep GC freed 3(96B) AllocSpace objects, 0(0B) LOS objects, 10% free, 135MB/151MB, paused 872us total 36.983ms
08-04 00:15:42.531   380   380 W SurfaceFlinger: couldn't log to binary event log: overflow.
08-04 00:15:42.627 31401 31401 I ServiceManager: Waiting for service AtCmdFwd...
08-04 00:15:42.699   512  2967 D audio_hw_primary: disable_audio_route: reset and update mixer path: low-latency-playback speaker
08-04 00:15:42.700   512  2967 D audio_hw_primary: disable_snd_device: snd_device(2: speaker)
08-04 00:15:42.708   512  2967 I soundtrigger: audio_extn_sound_trigger_update_device_status: device 0x2 of type 0 for Event 0
08-04 00:15:42.728  4292  4360 I art     : Starting a blocking GC Explicit
08-04 00:15:42.760  4292  4360 I art     : Explicit concurrent mark sweep GC freed 1631(94KB) AllocSpace objects, 2(36KB) LOS objects, 10% free, 135MB/151MB, paused 804us total 31.979ms
08-04 00:15:42.773  4292  4360 I art     : Starting a blocking GC Explicit
08-04 00:15:42.804  4292  4360 I art     : Explicit concurrent mark sweep GC freed 36(1280B) AllocSpace objects, 0(0B) LOS objects, 10% free, 135MB/151MB, paused 794us total 31.209ms
08-04 00:15:42.816  4292  4360 I art     : Starting a blocking GC Explicit
08-04 00:15:42.848  4292  4360 I art     : Explicit concurrent mark sweep GC freed 3(96B) AllocSpace objects, 0(0B) LOS objects, 10% free, 135MB/151MB, paused 819us total 31.095ms
08-04 00:15:42.860  4292  4360 I art     : Starting a blocking GC Explicit
08-04 00:15:42.892  4292  4360 I art     : Explicit concurrent mark sweep GC freed 3(96B) AllocSpace objects, 0(0B) LOS objects, 10% free, 135MB/151MB, paused 785us total 31.462ms
08-04 00:15:42.904  4292  4360 I art     : Starting a blocking GC Explicit
08-04 00:15:42.936  4292  4360 I art     : Explicit concurrent mark sweep GC freed 3(96B) AllocSpace objects, 0(0B) LOS objects, 10% free, 135MB/151MB, paused 798us total 32.162ms
08-04 00:15:43.302  4292  4579 I art     : Starting a blocking GC Explicit
08-04 00:15:43.355  4292  4579 I art     : Explicit concurrent mark sweep GC freed 1615(93KB) AllocSpace objects, 2(36KB) LOS objects, 10% free, 135MB/151MB, paused 929us total 51.990ms
08-04 00:15:43.372  4292  4579 I art     : Starting a blocking GC Explicit
08-04 00:15:43.408  4292  4579 I art     : Explicit concurrent mark sweep GC freed 34(1424B) AllocSpace objects, 0(0B) LOS objects, 10% free, 135MB/151MB, paused 920us total 36.198ms
08-04 00:15:43.422  4292  4579 I art     : Starting a blocking GC Explicit
08-04 00:15:43.458  4292  4579 I art     : Explicit concurrent mark sweep GC freed 15(672B) AllocSpace objects, 0(0B) LOS objects, 10% free, 135MB/151MB, paused 857us total 36.459ms
08-04 00:15:43.472  4292  4579 I art     : Starting a blocking GC Explicit
08-04 00:15:43.508  4292  4579 I art     : Explicit concurrent mark sweep GC freed 14(592B) AllocSpace objects, 0(0B) LOS objects, 10% free, 135MB/151MB, paused 880us total 36.241ms
08-04 00:15:43.522  4292  4579 I art     : Starting a blocking GC Explicit
08-04 00:15:43.558  4292  4579 I art     : Explicit concurrent mark sweep GC freed 3(96B) AllocSpace objects, 0(0B) LOS objects, 10% free, 135MB/151MB, paused 861us total 36.295ms
08-04 00:15:43.579   518   646 I ThermalEngine: ACTION: GPU - Setting GPU[0] to 450000000
08-04 00:15:43.627 31401 31401 W Atfwd_Sendcmd: AtCmdFwd service not published, waiting... retryCnt : 4
08-04 00:15:43.973  4292  4304 I art     : Starting a blocking GC Explicit
08-04 00:15:44.036  4292  4304 I art     : Explicit concurrent mark sweep GC freed 1583(92KB) AllocSpace objects, 2(36KB) LOS objects, 10% free, 135MB/151MB, paused 1.239ms total 61.837ms
08-04 00:15:44.056  4292  4304 I art     : Starting a blocking GC Explicit
08-04 00:15:44.103  4292  4304 I art     : Explicit concurrent mark sweep GC freed 28(1024B) AllocSpace objects, 0(0B) LOS objects, 10% free, 135MB/151MB, paused 1.159ms total 47.189ms
08-04 00:15:44.121  4292  4304 I art     : Starting a blocking GC Explicit
08-04 00:15:44.170  4292  4304 I art     : Explicit concurrent mark sweep GC freed 3(96B) AllocSpace objects, 0(0B) LOS objects, 10% free, 135MB/151MB, paused 1.110ms total 48.573ms
08-04 00:15:44.187  4292  4304 I art     : Starting a blocking GC Explicit
08-04 00:15:44.236  4292  4304 I art     : Explicit concurrent mark sweep GC freed 34(928B) AllocSpace objects, 0(0B) LOS objects, 10% free, 135MB/151MB, paused 1.130ms total 48.446ms
08-04 00:15:44.258  4292  4304 I art     : Starting a blocking GC Explicit
08-04 00:15:44.308  4292  4304 I art     : Explicit concurrent mark sweep GC freed 3(96B) AllocSpace objects, 0(0B) LOS objects, 10% free, 135MB/151MB, paused 1.264ms total 49.922ms
08-04 00:15:44.580   518   646 I ThermalEngine: ACTION: GPU - Setting GPU[0] to 510000000
08-04 00:15:44.714  4292  4305 I art     : Starting a blocking GC Explicit
08-04 00:15:44.764  4292  4305 I art     : Explicit concurrent mark sweep GC freed 1584(92KB) AllocSpace objects, 2(36KB) LOS objects, 10% free, 135MB/151MB, paused 923us total 49.839ms
08-04 00:15:44.781  4292  4305 I art     : Starting a blocking GC Explicit
08-04 00:15:44.817  4292  4305 I art     : Explicit concurrent mark sweep GC freed 28(1024B) AllocSpace objects, 0(0B) LOS objects, 10% free, 135MB/151MB, paused 863us total 35.922ms
08-04 00:15:44.830  4292  4305 I art     : Starting a blocking GC Explicit
08-04 00:15:44.866  4292  4305 I art     : Explicit concurrent mark sweep GC freed 15(752B) AllocSpace objects, 0(0B) LOS objects, 10% free, 135MB/151MB, paused 806us total 35.804ms
08-04 00:15:44.880  4292  4305 I art     : Starting a blocking GC Explicit
08-04 00:15:44.916  4292  4305 I art     : Explicit concurrent mark sweep GC freed 13(640B) AllocSpace objects, 0(0B) LOS objects, 10% free, 135MB/151MB, paused 846us total 36.005ms
08-04 00:15:44.930  4292  4305 I art     : Starting a blocking GC Explicit
08-04 00:15:44.966  4292  4305 I art     : Explicit concurrent mark sweep GC freed 3(96B) AllocSpace objects, 0(0B) LOS objects, 10% free, 135MB/151MB, paused 844us total 35.731ms
08-04 00:15:45.354  4292  5627 I art     : Starting a blocking GC Explicit
08-04 00:15:45.396  4292  5627 I art     : Explicit concurrent mark sweep GC freed 1614(92KB) AllocSpace objects, 2(36KB) LOS objects, 10% free, 135MB/151MB, paused 880us total 41.984ms
08-04 00:15:45.410  4292  5627 I art     : Starting a blocking GC Explicit
08-04 00:15:45.446  4292  5627 I art     : Explicit concurrent mark sweep GC freed 28(1024B) AllocSpace objects, 0(0B) LOS objects, 10% free, 135MB/151MB, paused 805us total 36.133ms
08-04 00:15:45.459  4292  5627 I art     : Starting a blocking GC Explicit
08-04 00:15:45.496  4292  5627 I art     : Explicit concurrent mark sweep GC freed 3(96B) AllocSpace objects, 0(0B) LOS objects, 10% free, 135MB/151MB, paused 916us total 36.077ms
08-04 00:15:45.509  4292  5627 I art     : Starting a blocking GC Explicit
08-04 00:15:45.546  4292  5627 I art     : Explicit concurrent mark sweep GC freed 3(96B) AllocSpace objects, 0(0B) LOS objects, 10% free, 135MB/151MB, paused 836us total 36.468ms
08-04 00:15:45.559  4292  5627 I art     : Starting a blocking GC Explicit
08-04 00:15:45.596  4292  5627 I art     : Explicit concurrent mark sweep GC freed 3(96B) AllocSpace objects, 0(0B) LOS objects, 10% free, 135MB/151MB, paused 848us total 36.317ms
08-04 00:15:45.984  4292  4360 I art     : Starting a blocking GC Explicit
08-04 00:15:46.032  4292  4360 I art     : Explicit concurrent mark sweep GC freed 1583(92KB) AllocSpace objects, 2(36KB) LOS objects, 10% free, 135MB/151MB, paused 926us total 47.440ms
08-04 00:15:46.048  4292  4360 I art     : Starting a blocking GC Explicit
08-04 00:15:46.084  4292  4360 I art     : Explicit concurrent mark sweep GC freed 28(1024B) AllocSpace objects, 0(0B) LOS objects, 10% free, 135MB/151MB, paused 857us total 35.877ms
08-04 00:15:46.097  4292  4360 I art     : Starting a blocking GC Explicit
08-04 00:15:46.134  4292  4360 I art     : Explicit concurrent mark sweep GC freed 3(96B) AllocSpace objects, 0(0B) LOS objects, 10% free, 135MB/151MB, paused 824us total 36.579ms
08-04 00:15:46.148  4292  4360 I art     : Starting a blocking GC Explicit
08-04 00:15:46.184  4292  4360 I art     : Explicit concurrent mark sweep GC freed 34(928B) AllocSpace objects, 0(0B) LOS objects, 10% free, 135MB/151MB, paused 849us total 36.133ms
08-04 00:15:46.197  4292  4360 I art     : Starting a blocking GC Explicit
08-04 00:15:46.234  4292  4360 I art     : Explicit concurrent mark sweep GC freed 3(96B) AllocSpace objects, 0(0B) LOS objects, 10% free, 135MB/151MB, paused 833us total 36.153ms
08-04 00:15:46.590  4292  4579 I art     : Starting a blocking GC Explicit
08-04 00:15:46.634  4292  4579 I art     : Explicit concurrent mark sweep GC freed 1595(92KB) AllocSpace objects, 2(36KB) LOS objects, 10% free, 135MB/151MB, paused 1.008ms total 43.958ms
08-04 00:15:46.653  4292  4579 I art     : Starting a blocking GC Explicit
08-04 00:15:46.687  4292  4579 I art     : Explicit concurrent mark sweep GC freed 38(1568B) AllocSpace objects, 0(0B) LOS objects, 10% free, 135MB/151MB, paused 897us total 34.079ms
08-04 00:15:46.701  4292  4579 I art     : Starting a blocking GC Explicit
08-04 00:15:46.735  4292  4579 I art     : Explicit concurrent mark sweep GC freed 3(96B) AllocSpace objects, 0(0B) LOS objects, 10% free, 135MB/151MB, paused 812us total 33.602ms
08-04 00:15:46.748  4292  4579 I art     : Starting a blocking GC Explicit
08-04 00:15:46.782  4292  4579 I art     : Explicit concurrent mark sweep GC freed 3(96B) AllocSpace objects, 0(0B) LOS objects, 10% free, 135MB/151MB, paused 855us total 34.364ms
08-04 00:15:46.783  4292  4303 I art     : WaitForGcToComplete blocked for 23.897ms for cause HeapTrim
08-04 00:15:46.795  4292  4579 I art     : Starting a blocking GC Explicit
08-04 00:15:46.830  4292  4579 I art     : Explicit concurrent mark sweep GC freed 3(96B) AllocSpace objects, 0(0B) LOS objects, 10% free, 135MB/151MB, paused 878us total 34.437ms
08-04 00:15:46.863  5836  5836 D AndroidRuntime: >>>>>> START com.android.internal.os.RuntimeInit uid 2000 <<<<<<
08-04 00:15:46.868  5836  5836 D AndroidRuntime: CheckJNI is OFF
08-04 00:15:46.902  5836  5836 D ICU     : No timezone override file found: /data/misc/zoneinfo/current/icu/icu_tzdata.dat
08-04 00:15:46.935  5836  5836 I Radio-JNI: register_android_hardware_Radio DONE
08-04 00:15:46.957  5836  5836 D AndroidRuntime: Calling main entry com.android.commands.input.Input
08-04 00:15:46.959  5836  5836 I Input   : injectKeyEvent: KeyEvent { action=ACTION_DOWN, keyCode=KEYCODE_BACK, scanCode=0, metaState=0, flags=0x0, repeatCount=0, eventTime=663363372, downTime=663363372, deviceId=-1, source=0x101 }
08-04 00:15:46.967  5836  5836 I Input   : injectKeyEvent: KeyEvent { action=ACTION_UP, keyCode=KEYCODE_BACK, scanCode=0, metaState=0, flags=0x0, repeatCount=0, eventTime=663363372, downTime=663363372, deviceId=-1, source=0x101 }
08-04 00:15:46.974  5836  5836 D AndroidRuntime: Shutting down VM
08-04 00:15:46.985  4292  4292 V MainActivity: url = https://project-travel-mate.herokuapp.com/api/number-of-unread-notifications
08-04 00:15:47.014 13866 13866 I GoogleInputMethodServic: GoogleInputMethodService.onFinishInput():3138 
08-04 00:15:47.015 13866 13866 I GoogleInputMethodServic: GoogleInputMethodService.onStartInput():1808 
08-04 00:15:47.149  4292  4579 I art     : Starting a blocking GC Explicit
08-04 00:15:47.197  4292  4579 I art     : Explicit concurrent mark sweep GC freed 2074(113KB) AllocSpace objects, 2(36KB) LOS objects, 10% free, 135MB/151MB, paused 1.452ms total 46.810ms
08-04 00:15:47.211  4292  4579 I art     : Starting a blocking GC Explicit
08-04 00:15:47.251  4292  4579 I art     : Explicit concurrent mark sweep GC freed 94(3KB) AllocSpace objects, 0(0B) LOS objects, 10% free, 135MB/151MB, paused 905us total 39.860ms
08-04 00:15:47.267  4292  4579 I art     : Starting a blocking GC Explicit
08-04 00:15:47.308  4292  4579 I art     : Explicit concurrent mark sweep GC freed 5(192B) AllocSpace objects, 0(0B) LOS objects, 10% free, 135MB/151MB, paused 923us total 40.766ms
08-04 00:15:47.318   380   380 W SurfaceFlinger: couldn't log to binary event log: overflow.
08-04 00:15:47.322  4292  4579 I art     : Starting a blocking GC Explicit
08-04 00:15:47.356  4292  4579 I art     : Explicit concurrent mark sweep GC freed 410(18KB) AllocSpace objects, 0(0B) LOS objects, 10% free, 135MB/151MB, paused 858us total 33.487ms
08-04 00:15:47.368  4292  4579 I art     : Starting a blocking GC Explicit
08-04 00:15:47.402  4292  4579 I art     : Explicit concurrent mark sweep GC freed 134(6KB) AllocSpace objects, 0(0B) LOS objects, 10% free, 135MB/151MB, paused 875us total 33.420ms
08-04 00:15:47.556  4292  5861 I NAPPA_EXPERIMENTATION: MetricNetworkRequestExecutionTime: REQUEST_DURATION_SYSTEM='569',REQUEST_DURATION_OKHTTP='28',REQUEST_SYNCHRONOUS='FALSE',RESPONSE_CODE='200',RESPONSE_METHOD='GET',RESPONSE_LENGTH_OKHTTP='36',RESPONSE_LENGTH_HEADER='36',REQUEST_PROTOCOL='http/1.1',REQUEST_URL='https://project-travel-mate.herokuapp.com/api/number-of-unread-notifications',
08-04 00:15:47.762  4292  4305 I art     : Starting a blocking GC Explicit
08-04 00:15:47.817  4292  4305 I art     : Explicit concurrent mark sweep GC freed 4392(240KB) AllocSpace objects, 5(236KB) LOS objects, 10% free, 135MB/151MB, paused 988us total 54.219ms
08-04 00:15:47.835  4292  4305 I art     : Starting a blocking GC Explicit
08-04 00:15:47.872  4292  4305 I art     : Explicit concurrent mark sweep GC freed 974(117KB) AllocSpace objects, 0(0B) LOS objects, 10% free, 135MB/151MB, paused 879us total 36.901ms
08-04 00:15:47.886  4292  4305 I art     : Starting a blocking GC Explicit
08-04 00:15:47.923  4292  4305 I art     : Explicit concurrent mark sweep GC freed 13(640B) AllocSpace objects, 0(0B) LOS objects, 10% free, 135MB/151MB, paused 889us total 36.711ms
08-04 00:15:47.936  4292  4305 I art     : Starting a blocking GC Explicit
08-04 00:15:47.973  4292  4305 I art     : Explicit concurrent mark sweep GC freed 3(96B) AllocSpace objects, 0(0B) LOS objects, 10% free, 135MB/151MB, paused 884us total 36.643ms
08-04 00:15:47.987  4292  4305 I art     : Starting a blocking GC Explicit
08-04 00:15:48.023  4292  4305 I art     : Explicit concurrent mark sweep GC freed 3(96B) AllocSpace objects, 0(0B) LOS objects, 10% free, 135MB/151MB, paused 899us total 36.159ms
08-04 00:15:48.358  4292  4304 I art     : Starting a blocking GC Explicit
08-04 00:15:48.397  4292  4304 I art     : Explicit concurrent mark sweep GC freed 1614(92KB) AllocSpace objects, 2(36KB) LOS objects, 10% free, 135MB/151MB, paused 920us total 38.607ms
08-04 00:15:48.411  4292  4304 I art     : Starting a blocking GC Explicit
08-04 00:15:48.446  4292  4304 I art     : Explicit concurrent mark sweep GC freed 28(1024B) AllocSpace objects, 0(0B) LOS objects, 10% free, 135MB/151MB, paused 890us total 34.961ms
08-04 00:15:48.459  4292  4304 I art     : Starting a blocking GC Explicit
08-04 00:15:48.495  4292  4304 I art     : Explicit concurrent mark sweep GC freed 3(96B) AllocSpace objects, 0(0B) LOS objects, 10% free, 135MB/151MB, paused 865us total 35.772ms
08-04 00:15:48.508  4292  4304 I art     : Starting a blocking GC Explicit
08-04 00:15:48.544  4292  4304 I art     : Explicit concurrent mark sweep GC freed 3(96B) AllocSpace objects, 0(0B) LOS objects, 10% free, 135MB/151MB, paused 888us total 35.195ms
08-04 00:15:48.557  4292  4304 I art     : Starting a blocking GC Explicit
08-04 00:15:48.592  4292  4304 I art     : Explicit concurrent mark sweep GC freed 3(96B) AllocSpace objects, 0(0B) LOS objects, 10% free, 135MB/151MB, paused 865us total 34.551ms
08-04 00:15:48.652  5885  5885 D AndroidRuntime: >>>>>> START com.android.internal.os.RuntimeInit uid 2000 <<<<<<
08-04 00:15:48.658  5885  5885 D AndroidRuntime: CheckJNI is OFF
08-04 00:15:48.692  5885  5885 D ICU     : No timezone override file found: /data/misc/zoneinfo/current/icu/icu_tzdata.dat
08-04 00:15:48.725  5885  5885 I Radio-JNI: register_android_hardware_Radio DONE
08-04 00:15:48.749  5885  5885 D AndroidRuntime: Calling main entry com.android.commands.input.Input
08-04 00:15:48.751  5885  5885 I Input   : injectMotionEvent: MotionEvent { action=ACTION_DOWN, actionButton=0, id[0]=0, x[0]=657.0, y[0]=2037.0, toolType[0]=TOOL_TYPE_UNKNOWN, buttonState=0, metaState=0, flags=0x0, edgeFlags=0x0, pointerCount=1, historySize=0, eventTime=663365163, downTime=663365163, deviceId=0, source=0x1002 }
08-04 00:15:48.758  5885  5885 I Input   : injectMotionEvent: MotionEvent { action=ACTION_UP, actionButton=0, id[0]=0, x[0]=657.0, y[0]=2037.0, toolType[0]=TOOL_TYPE_UNKNOWN, buttonState=0, metaState=0, flags=0x0, edgeFlags=0x0, pointerCount=1, historySize=0, eventTime=663365163, downTime=663365163, deviceId=0, source=0x1002 }
08-04 00:15:48.761  5885  5885 D AndroidRuntime: Shutting down VM
08-04 00:15:48.773   918  5132 I ActivityManager: START u0 {cmp=baseline.io.github.project_travel_mate/.utilities.CompassActivity} from uid 10650 on display 0
08-04 00:15:48.774   512  2967 D audio_hw_primary: out_set_parameters: enter: usecase(1: low-latency-playback) kvpairs: routing=2
08-04 00:15:48.787   512  2967 D audio_hw_primary: select_devices: out_snd_device(2: speaker) in_snd_device(0: none)
08-04 00:15:48.788   512  2967 D msm8974_platform: platform_send_audio_calibration: sending audio calibration for snd_device(2) acdb_id(15)
08-04 00:15:48.788   512  2967 I soundtrigger: audio_extn_sound_trigger_update_device_status: device 0x2 of type 0 for Event 1
08-04 00:15:48.800   512  2967 D audio_hw_primary: enable_snd_device: snd_device(2: speaker)
08-04 00:15:48.802   512  2967 D audio_hw_primary: enable_audio_route: apply and update mixer path: low-latency-playback speaker
08-04 00:15:48.924  4292  4360 I art     : Starting a blocking GC Explicit
08-04 00:15:48.959  4292  4360 I art     : Explicit concurrent mark sweep GC freed 74(3KB) AllocSpace objects, 0(0B) LOS objects, 7% free, 184MB/200MB, paused 1.002ms total 34.880ms
08-04 00:15:48.972  4292  4360 I art     : Starting a blocking GC Explicit
08-04 00:15:49.005  4292  4360 I art     : Explicit concurrent mark sweep GC freed 3(96B) AllocSpace objects, 0(0B) LOS objects, 7% free, 184MB/200MB, paused 947us total 32.543ms
08-04 00:15:49.018  4292  4360 I art     : Starting a blocking GC Explicit
08-04 00:15:49.050  4292  4360 I art     : Explicit concurrent mark sweep GC freed 3(96B) AllocSpace objects, 0(0B) LOS objects, 7% free, 184MB/200MB, paused 919us total 31.995ms
08-04 00:15:49.062  4292  4360 I art     : Starting a blocking GC Explicit
08-04 00:15:49.095  4292  4360 I art     : Explicit concurrent mark sweep GC freed 3(96B) AllocSpace objects, 0(0B) LOS objects, 7% free, 184MB/200MB, paused 948us total 32.090ms
08-04 00:15:49.107  4292  4360 I art     : Starting a blocking GC Explicit
08-04 00:15:49.141  4292  4360 I art     : Explicit concurrent mark sweep GC freed 3(96B) AllocSpace objects, 0(0B) LOS objects, 7% free, 184MB/200MB, paused 972us total 34ms
08-04 00:15:49.203  4292  4292 D CompassActivity: start compass
08-04 00:15:49.204   918  5132 I sensors : batch
08-04 00:15:49.204   918  5132 I sensors : activate
08-04 00:15:49.205   918  3670 I sensors : batch
08-04 00:15:49.205   918  3670 I sensors : activate
08-04 00:15:49.211   918  3188 I hubconnection: sensorhub said: 'batch 1 flags:0, sampling_rate_Hz:50.00, max_report_latency_us:0'
08-04 00:15:49.212   918  3188 I hubconnection: sensorhub said: 'activate 1 enable:1'
08-04 00:15:49.215   918  3188 I hubconnection: sensorhub said: 'batch 3 flags:0, sampling_rate_Hz:50.00, max_report_latency_us:0'
08-04 00:15:49.215   918  3188 I hubconnection: sensorhub said: 'activate 3 enable:1'
08-04 00:15:49.349   512  2967 D audio_hw_primary: disable_audio_route: reset and update mixer path: low-latency-playback speaker
08-04 00:15:49.349   512  2967 D audio_hw_primary: disable_snd_device: snd_device(2: speaker)
08-04 00:15:49.358   512  2967 I soundtrigger: audio_extn_sound_trigger_update_device_status: device 0x2 of type 0 for Event 0
08-04 00:15:49.387  4292  4292 D CompassActivity: will set rotation from 0.0 to 178.59576
08-04 00:15:49.387  4292  4292 D CompassActivity: will set rotation from 178.59576 to 178.5835
08-04 00:15:49.387  4292  4292 D CompassActivity: will set rotation from 178.5835 to 177.77222
08-04 00:15:49.387  4292  4292 D CompassActivity: will set rotation from 177.77222 to 177.77191
08-04 00:15:49.393 13866 13866 I GoogleInputMethodServic: GoogleInputMethodService.onFinishInput():3138 
08-04 00:15:49.394 13866 13866 I GoogleInputMethodServic: GoogleInputMethodService.onStartInput():1808 
08-04 00:15:49.396   918   936 I ActivityManager: Displayed baseline.io.github.project_travel_mate/.utilities.CompassActivity: +608ms
08-04 00:15:49.463  4292  4292 D CompassActivity: will set rotation from 177.77191 to 177.70337
08-04 00:15:49.463  4292  4292 D CompassActivity: will set rotation from 177.70337 to 177.70941
08-04 00:15:49.463  4292  4292 D CompassActivity: will set rotation from 177.70941 to 177.78314
08-04 00:15:49.463  4292  4292 D CompassActivity: will set rotation from 177.78314 to 177.79242
08-04 00:15:49.463  4292  4292 D CompassActivity: will set rotation from 177.79242 to 177.83093
08-04 00:15:49.463  4292  4292 D CompassActivity: will set rotation from 177.83093 to 177.83167
08-04 00:15:49.463  4292  4292 D CompassActivity: will set rotation from 177.83167 to 177.95862
08-04 00:15:49.463  4292  4292 D CompassActivity: will set rotation from 177.95862 to 177.95679
08-04 00:15:49.485  4292  4304 I art     : Starting a blocking GC Explicit
08-04 00:15:49.522  4292  4304 I art     : Explicit concurrent mark sweep GC freed 1938(111KB) AllocSpace objects, 2(36KB) LOS objects, 7% free, 187MB/203MB, paused 1.309ms total 36.180ms
08-04 00:15:49.540  4292  4304 I art     : Starting a blocking GC Explicit
08-04 00:15:49.560  4292  4292 D CompassActivity: will set rotation from 177.95679 to 178.03992
08-04 00:15:49.560  4292  4292 D CompassActivity: will set rotation from 178.03992 to 178.0459
08-04 00:15:49.560  4292  4292 D CompassActivity: will set rotation from 178.0459 to 177.97455
08-04 00:15:49.560  4292  4292 D CompassActivity: will set rotation from 177.97455 to 177.97266
08-04 00:15:49.560  4292  4292 D CompassActivity: will set rotation from 177.97266 to 177.97302
08-04 00:15:49.561  4292  4292 D CompassActivity: will set rotation from 177.97302 to 177.96936
08-04 00:15:49.561  4292  4292 D CompassActivity: will set rotation from 177.96936 to 177.92236
08-04 00:15:49.561  4292  4292 D CompassActivity: will set rotation from 177.92236 to 177.9212
08-04 00:15:49.561  4292  4292 D CompassActivity: will set rotation from 177.9212 to 177.88184
08-04 00:15:49.561  4292  4292 D CompassActivity: will set rotation from 177.88184 to 177.88385
08-04 00:15:49.572  4292  4292 D CompassActivity: will set rotation from 177.88385 to 177.8977
08-04 00:15:49.572  4292  4292 D CompassActivity: will set rotation from 177.8977 to 177.88715
08-04 00:15:49.575  4292  4304 I art     : Explicit concurrent mark sweep GC freed 314(15KB) AllocSpace objects, 0(0B) LOS objects, 7% free, 187MB/203MB, paused 969us total 34.394ms
08-04 00:15:49.587  4292  4304 I art     : Starting a blocking GC Explicit
08-04 00:15:49.592  4292  4292 D CompassActivity: will set rotation from 177.88715 to 177.89514
08-04 00:15:49.592  4292  4292 D CompassActivity: will set rotation from 177.89514 to 177.89569
08-04 00:15:49.611  4292  4292 D CompassActivity: will set rotation from 177.89569 to 177.9049
08-04 00:15:49.611  4292  4292 D CompassActivity: will set rotation from 177.9049 to 177.9054
08-04 00:15:49.617  4292  4304 I art     : Explicit concurrent mark sweep GC freed 172(7KB) AllocSpace objects, 0(0B) LOS objects, 7% free, 187MB/203MB, paused 893us total 30.233ms
08-04 00:15:49.630  4292  4304 I art     : Starting a blocking GC Explicit
08-04 00:15:49.631  4292  4292 D CompassActivity: will set rotation from 177.9054 to 177.92554
08-04 00:15:49.631  4292  4292 D CompassActivity: will set rotation from 177.92554 to 177.92285
08-04 00:15:49.638   380   380 W SurfaceFlinger: couldn't log to binary event log: overflow.
08-04 00:15:49.653  4292  4292 D CompassActivity: will set rotation from 177.92285 to 178.0116
08-04 00:15:49.653  4292  4292 D CompassActivity: will set rotation from 178.0116 to 178.00977
08-04 00:15:49.662  4292  4304 I art     : Explicit concurrent mark sweep GC freed 106(5KB) AllocSpace objects, 0(0B) LOS objects, 7% free, 187MB/203MB, paused 791us total 31.825ms
08-04 00:15:49.671  4292  4292 D CompassActivity: will set rotation from 178.00977 to 178.05579
08-04 00:15:49.672  4292  4292 D CompassActivity: will set rotation from 178.05579 to 178.05273
08-04 00:15:49.675  4292  4304 I art     : Starting a blocking GC Explicit
08-04 00:15:49.691  4292  4292 D CompassActivity: will set rotation from 178.05273 to 178.23218
08-04 00:15:49.691  4292  4292 D CompassActivity: will set rotation from 178.23218 to 178.2287
08-04 00:15:49.705  4292  4304 I art     : Explicit concurrent mark sweep GC freed 83(4KB) AllocSpace objects, 0(0B) LOS objects, 7% free, 187MB/203MB, paused 743us total 29.854ms
08-04 00:15:49.711  4292  4292 D CompassActivity: will set rotation from 178.2287 to 178.24615
08-04 00:15:49.711  4292  4292 D CompassActivity: will set rotation from 178.24615 to 178.24268
08-04 00:15:49.731  4292  4292 D CompassActivity: will set rotation from 178.24268 to 178.22717
08-04 00:15:49.731  4292  4292 D CompassActivity: will set rotation from 178.22717 to 178.2268
08-04 00:15:49.751  4292  4292 D CompassActivity: will set rotation from 178.2268 to 178.31958
08-04 00:15:49.752  4292  4292 D CompassActivity: will set rotation from 178.31958 to 178.31592
08-04 00:15:49.832  4292  4292 D CompassActivity: will set rotation from 178.31592 to 178.42816
08-04 00:15:49.833  4292  4292 D CompassActivity: will set rotation from 178.42816 to 178.42865
08-04 00:15:49.833  4292  4292 D CompassActivity: will set rotation from 178.42865 to 178.4668
08-04 00:15:49.833  4292  4292 D CompassActivity: will set rotation from 178.4668 to 178.46619
08-04 00:15:49.833  4292  4292 D CompassActivity: will set rotation from 178.46619 to 178.56018
08-04 00:15:49.833  4292  4292 D CompassActivity: will set rotation from 178.56018 to 178.557
08-04 00:15:49.834  4292  4292 D CompassActivity: will set rotation from 178.557 to 178.53064
08-04 00:15:49.834  4292  4292 D CompassActivity: will set rotation from 178.53064 to 178.53137
08-04 00:15:49.851  4292  4292 D CompassActivity: will set rotation from 178.53137 to 178.55927
08-04 00:15:49.851  4292  4292 D CompassActivity: will set rotation from 178.55927 to 178.55817
08-04 00:15:49.870  4292  4292 D CompassActivity: will set rotation from 178.55817 to 178.57977
08-04 00:15:49.871  4292  4292 D CompassActivity: will set rotation from 178.57977 to 178.58386
08-04 00:15:49.893  4292  4292 D CompassActivity: will set rotation from 178.58386 to 178.63654
08-04 00:15:49.894  4292  4292 D CompassActivity: will set rotation from 178.63654 to 178.63745
08-04 00:15:49.911  4292  4292 D CompassActivity: will set rotation from 178.63745 to 178.6333
08-04 00:15:49.911  4292  4292 D CompassActivity: will set rotation from 178.6333 to 178.6305
08-04 00:15:49.930  4292  4292 D CompassActivity: will set rotation from 178.6305 to 178.65283
08-04 00:15:49.931  4292  4292 D CompassActivity: will set rotation from 178.65283 to 178.6502
08-04 00:15:49.950  4292  4292 D CompassActivity: will set rotation from 178.6502 to 178.67047
08-04 00:15:49.950  4292  4292 D CompassActivity: will set rotation from 178.67047 to 178.66895
08-04 00:15:49.970  4292  4292 D CompassActivity: will set rotation from 178.66895 to 178.7138
08-04 00:15:49.971  4292  4292 D CompassActivity: will set rotation from 178.7138 to 178.71283
08-04 00:15:49.990  4292  4292 D CompassActivity: will set rotation from 178.71283 to 178.65765
08-04 00:15:49.991  4292  4292 D CompassActivity: will set rotation from 178.65765 to 178.6565
08-04 00:15:50.010  4292  4292 D CompassActivity: will set rotation from 178.6565 to 178.65137
08-04 00:15:50.010  4292  4292 D CompassActivity: will set rotation from 178.65137 to 178.64911
08-04 00:15:50.030  4292  4292 D CompassActivity: will set rotation from 178.64911 to 178.6706
08-04 00:15:50.030  4292  4292 D CompassActivity: will set rotation from 178.6706 to 178.67004
08-04 00:15:50.039  4292  4579 I art     : Starting a blocking GC Explicit
08-04 00:15:50.050  4292  4292 D CompassActivity: will set rotation from 178.67004 to 178.64294
08-04 00:15:50.050  4292  4292 D CompassActivity: will set rotation from 178.64294 to 178.64246
08-04 00:15:50.070  4292  4292 D CompassActivity: will set rotation from 178.64246 to 178.6391
08-04 00:15:50.071  4292  4292 D CompassActivity: will set rotation from 178.6391 to 178.63654
08-04 00:15:50.075  4292  4579 I art     : Explicit concurrent mark sweep GC freed 1986(117KB) AllocSpace objects, 2(36KB) LOS objects, 7% free, 187MB/203MB, paused 953us total 35.528ms
08-04 00:15:50.088  4292  4579 I art     : Starting a blocking GC Explicit
08-04 00:15:50.090  4292  4292 D CompassActivity: will set rotation from 178.63654 to 178.6109
08-04 00:15:50.090  4292  4292 D CompassActivity: will set rotation from 178.6109 to 178.60992
08-04 00:15:50.109  4292  4292 D CompassActivity: will set rotation from 178.60992 to 178.60693
08-04 00:15:50.110  4292  4292 D CompassActivity: will set rotation from 178.60693 to 178.60748
08-04 00:15:50.122  4292  4579 I art     : Explicit concurrent mark sweep GC freed 586(23KB) AllocSpace objects, 0(0B) LOS objects, 7% free, 187MB/203MB, paused 856us total 33.313ms
08-04 00:15:50.129  4292  4292 D CompassActivity: will set rotation from 178.60748 to 178.60675
08-04 00:15:50.130  4292  4292 D CompassActivity: will set rotation from 178.60675 to 178.60303
08-04 00:15:50.134  4292  4579 I art     : Starting a blocking GC Explicit
08-04 00:15:50.150  4292  4292 D CompassActivity: will set rotation from 178.60303 to 178.64319
08-04 00:15:50.150  4292  4292 D CompassActivity: will set rotation from 178.64319 to 178.64142
08-04 00:15:50.168  4292  4579 I art     : Explicit concurrent mark sweep GC freed 105(4KB) AllocSpace objects, 0(0B) LOS objects, 7% free, 187MB/203MB, paused 962us total 32.960ms
08-04 00:15:50.169  4292  4292 D CompassActivity: will set rotation from 178.64142 to 178.65918
08-04 00:15:50.170  4292  4292 D CompassActivity: will set rotation from 178.65918 to 178.65717
08-04 00:15:50.180  4292  4579 I art     : Starting a blocking GC Explicit
08-04 00:15:50.190  4292  4292 D CompassActivity: will set rotation from 178.65717 to 178.63458
08-04 00:15:50.191  4292  4292 D CompassActivity: will set rotation from 178.63458 to 178.63354
08-04 00:15:50.210  4292  4292 D CompassActivity: will set rotation from 178.63354 to 178.6112
08-04 00:15:50.210  4292  4292 D CompassActivity: will set rotation from 178.6112 to 178.61377
08-04 00:15:50.219  4292  4579 I art     : Explicit concurrent mark sweep GC freed 118(5KB) AllocSpace objects, 0(0B) LOS objects, 7% free, 187MB/203MB, paused 913us total 38.766ms
08-04 00:15:50.230  4292  4292 D CompassActivity: will set rotation from 178.61377 to 178.63202
08-04 00:15:50.231  4292  4292 D CompassActivity: will set rotation from 178.63202 to 178.63434
08-04 00:15:50.233  4292  4579 I art     : Starting a blocking GC Explicit
08-04 00:15:50.249  4292  4292 D CompassActivity: will set rotation from 178.63434 to 178.62787
08-04 00:15:50.250  4292  4292 D CompassActivity: will set rotation from 178.62787 to 178.62903
08-04 00:15:50.269  4292  4292 D CompassActivity: will set rotation from 178.62903 to 178.64648
08-04 00:15:50.269  4292  4292 D CompassActivity: will set rotation from 178.64648 to 178.65033
08-04 00:15:50.269  4292  4579 I art     : Explicit concurrent mark sweep GC freed 118(5KB) AllocSpace objects, 0(0B) LOS objects, 7% free, 187MB/203MB, paused 844us total 35.444ms
08-04 00:15:50.291  4292  4292 D CompassActivity: will set rotation from 178.65033 to 178.64655
08-04 00:15:50.291  4292  4292 D CompassActivity: will set rotation from 178.64655 to 178.64789
08-04 00:15:50.310  4292  4292 D CompassActivity: will set rotation from 178.64789 to 178.66449
08-04 00:15:50.310  4292  4292 D CompassActivity: will set rotation from 178.66449 to 178.6623
08-04 00:15:50.329  4292  4292 D CompassActivity: will set rotation from 178.6623 to 178.67957
08-04 00:15:50.330  4292  4292 D CompassActivity: will set rotation from 178.67957 to 178.6792
08-04 00:15:50.350  4292  4292 D CompassActivity: will set rotation from 178.6792 to 178.71216
08-04 00:15:50.350  4292  4292 D CompassActivity: will set rotation from 178.71216 to 178.71265
08-04 00:15:50.370  4292  4292 D CompassActivity: will set rotation from 178.71265 to 178.74298
08-04 00:15:50.371  4292  4292 D CompassActivity: will set rotation from 178.74298 to 178.74084
08-04 00:15:50.394  4292  4292 D CompassActivity: will set rotation from 178.74084 to 178.755
08-04 00:15:50.395  4292  4292 D CompassActivity: will set rotation from 178.755 to 178.75476
08-04 00:15:50.413  4292  4292 D CompassActivity: will set rotation from 178.75476 to 178.76526
08-04 00:15:50.414  4292  4292 D CompassActivity: will set rotation from 178.76526 to 178.7649
08-04 00:15:50.429  4292  4292 D CompassActivity: will set rotation from 178.7649 to 178.77686
08-04 00:15:50.429  4292  4292 D CompassActivity: will set rotation from 178.77686 to 178.77655
08-04 00:15:50.449  4292  4292 D CompassActivity: will set rotation from 178.77655 to 178.75098
08-04 00:15:50.449  4292  4292 D CompassActivity: will set rotation from 178.75098 to 178.75024
08-04 00:15:50.468  4292  4292 D CompassActivity: will set rotation from 178.75024 to 178.76056
08-04 00:15:50.469  4292  4292 D CompassActivity: will set rotation from 178.76056 to 178.7602
08-04 00:15:50.488  4292  4292 D CompassActivity: will set rotation from 178.7602 to 178.73438
08-04 00:15:50.488  4292  4292 D CompassActivity: will set rotation from 178.73438 to 178.7337
08-04 00:15:50.517  4292  4292 D CompassActivity: will set rotation from 178.7337 to 178.78418
08-04 00:15:50.518  4292  4292 D CompassActivity: will set rotation from 178.78418 to 178.78424
08-04 00:15:50.528  4292  4292 D CompassActivity: will set rotation from 178.78424 to 178.81396
08-04 00:15:50.529  4292  4292 D CompassActivity: will set rotation from 178.81396 to 178.81299
08-04 00:15:50.548  4292  4292 D CompassActivity: will set rotation from 178.81299 to 178.823
08-04 00:15:50.549  4292  4292 D CompassActivity: will set rotation from 178.823 to 178.8233
08-04 00:15:50.567  4292  4292 D CompassActivity: will set rotation from 178.8233 to 178.7962
08-04 00:15:50.568  4292  4292 D CompassActivity: will set rotation from 178.7962 to 178.7956
08-04 00:15:50.588  4292  4292 D CompassActivity: will set rotation from 178.7956 to 178.80127
08-04 00:15:50.588  4292  4292 D CompassActivity: will set rotation from 178.80127 to 178.80359
08-04 00:15:50.609  4292  4292 D CompassActivity: will set rotation from 178.80359 to 178.81201
08-04 00:15:50.609  4292  4292 D CompassActivity: will set rotation from 178.81201 to 178.8125
08-04 00:15:50.629  4292  4292 D CompassActivity: will set rotation from 178.8125 to 178.82239
08-04 00:15:50.629  4292  4292 D CompassActivity: will set rotation from 178.82239 to 178.81982
08-04 00:15:50.645  4292  4579 I art     : Starting a blocking GC Explicit
08-04 00:15:50.650  4292  4292 D CompassActivity: will set rotation from 178.81982 to 178.81049
08-04 00:15:50.650  4292  4292 D CompassActivity: will set rotation from 178.81049 to 178.8103
08-04 00:15:50.668  4292  4292 D CompassActivity: will set rotation from 178.8103 to 178.80103
08-04 00:15:50.669  4292  4292 D CompassActivity: will set rotation from 178.80103 to 178.8009
08-04 00:15:50.685  4292  4579 I art     : Explicit concurrent mark sweep GC freed 1973(117KB) AllocSpace objects, 2(36KB) LOS objects, 7% free, 187MB/203MB, paused 912us total 39.957ms
08-04 00:15:50.692  4292  4292 D CompassActivity: will set rotation from 178.8009 to 178.81006
08-04 00:15:50.692  4292  4292 D CompassActivity: will set rotation from 178.81006 to 178.81226
08-04 00:15:50.699  4292  4579 I art     : Starting a blocking GC Explicit
08-04 00:15:50.711  4292  4292 D CompassActivity: will set rotation from 178.81226 to 178.78448
08-04 00:15:50.712  4292  4292 D CompassActivity: will set rotation from 178.78448 to 178.78503
08-04 00:15:50.728  4292  4292 D CompassActivity: will set rotation from 178.78503 to 178.7774
08-04 00:15:50.729  4292  4292 D CompassActivity: will set rotation from 178.7774 to 178.77472
08-04 00:15:50.738  4292  4579 I art     : Explicit concurrent mark sweep GC freed 679(26KB) AllocSpace objects, 0(0B) LOS objects, 7% free, 187MB/203MB, paused 991us total 38.211ms
08-04 00:15:50.751  4292  4292 D CompassActivity: will set rotation from 178.77472 to 178.78668
08-04 00:15:50.752  4292  4579 I art     : Starting a blocking GC Explicit
08-04 00:15:50.752  4292  4292 D CompassActivity: will set rotation from 178.78668 to 178.78583
08-04 00:15:50.768  4292  4292 D CompassActivity: will set rotation from 178.78583 to 178.77924
08-04 00:15:50.769  4292  4292 D CompassActivity: will set rotation from 178.77924 to 178.77759
08-04 00:15:50.787  4292  4292 D CompassActivity: will set rotation from 178.77759 to 178.77258
08-04 00:15:50.788  4292  4579 I art     : Explicit concurrent mark sweep GC freed 117(5KB) AllocSpace objects, 0(0B) LOS objects, 7% free, 187MB/203MB, paused 744us total 35.862ms
08-04 00:15:50.788  4292  4292 D CompassActivity: will set rotation from 178.77258 to 178.77295
08-04 00:15:50.800  4292  4579 I art     : Starting a blocking GC Explicit
08-04 00:15:50.808  4292  4292 D CompassActivity: will set rotation from 178.77295 to 178.76556
08-04 00:15:50.808  4292  4292 D CompassActivity: will set rotation from 178.76556 to 178.76648
08-04 00:15:50.828  4292  4292 D CompassActivity: will set rotation from 178.76648 to 178.7608
08-04 00:15:50.829  4292  4292 D CompassActivity: will set rotation from 178.7608 to 178.76154
08-04 00:15:50.836  4292  4579 I art     : Explicit concurrent mark sweep GC freed 108(5KB) AllocSpace objects, 0(0B) LOS objects, 7% free, 187MB/203MB, paused 825us total 35.226ms
08-04 00:15:50.849  4292  4292 D CompassActivity: will set rotation from 178.76154 to 178.75513
08-04 00:15:50.849  4292  4292 D CompassActivity: will set rotation from 178.75513 to 178.75433
08-04 00:15:50.850  4292  4579 I art     : Starting a blocking GC Explicit
08-04 00:15:50.867  4292  4292 D CompassActivity: will set rotation from 178.75433 to 178.73132
08-04 00:15:50.868  4292  4292 D CompassActivity: will set rotation from 178.73132 to 178.73114
08-04 00:15:50.889  4292  4292 D CompassActivity: will set rotation from 178.73114 to 178.72168
08-04 00:15:50.889  4292  4579 I art     : Explicit concurrent mark sweep GC freed 142(6KB) AllocSpace objects, 0(0B) LOS objects, 7% free, 187MB/203MB, paused 964us total 38.651ms
08-04 00:15:50.890  4292  4292 D CompassActivity: will set rotation from 178.72168 to 178.72119
08-04 00:15:50.911  4292  4292 D CompassActivity: will set rotation from 178.72119 to 178.7019
08-04 00:15:50.912  4292  4292 D CompassActivity: will set rotation from 178.7019 to 178.70258
08-04 00:15:50.929  4292  4292 D CompassActivity: will set rotation from 178.70258 to 178.71814
08-04 00:15:50.929  4292  4292 D CompassActivity: will set rotation from 178.71814 to 178.7179
08-04 00:15:50.948  4292  4292 D CompassActivity: will set rotation from 178.7179 to 178.6969
08-04 00:15:50.949  4292  4292 D CompassActivity: will set rotation from 178.6969 to 178.69525
08-04 00:15:50.967  4292  4292 D CompassActivity: will set rotation from 178.69525 to 178.724
08-04 00:15:50.968  4292  4292 D CompassActivity: will set rotation from 178.724 to 178.72284
08-04 00:15:50.987  4292  4292 D CompassActivity: will set rotation from 178.72284 to 178.73395
08-04 00:15:50.987  4292  4292 D CompassActivity: will set rotation from 178.73395 to 178.73474
08-04 00:15:51.009  4292  4292 D CompassActivity: will set rotation from 178.73474 to 178.73358
08-04 00:15:51.010  4292  4292 D CompassActivity: will set rotation from 178.73358 to 178.73456
08-04 00:15:51.027  4292  4292 D CompassActivity: will set rotation from 178.73456 to 178.73169
08-04 00:15:51.027  4292  4292 D CompassActivity: will set rotation from 178.73169 to 178.73224
08-04 00:15:51.047  4292  4292 D CompassActivity: will set rotation from 178.73224 to 178.74182
08-04 00:15:51.048  4292  4292 D CompassActivity: will set rotation from 178.74182 to 178.74072
08-04 00:15:51.066  4292  4292 D CompassActivity: will set rotation from 178.74072 to 178.73462
08-04 00:15:51.066  4292  4292 D CompassActivity: will set rotation from 178.73462 to 178.73431
08-04 00:15:51.086  4292  4292 D CompassActivity: will set rotation from 178.73431 to 178.72858
08-04 00:15:51.087  4292  4292 D CompassActivity: will set rotation from 178.72858 to 178.72931
08-04 00:15:51.109  4292  4292 D CompassActivity: will set rotation from 178.72931 to 178.70905
08-04 00:15:51.109  4292  4292 D CompassActivity: will set rotation from 178.70905 to 178.70941
08-04 00:15:51.126  4292  4292 D CompassActivity: will set rotation from 178.70941 to 178.70154
08-04 00:15:51.127  4292  4292 D CompassActivity: will set rotation from 178.70154 to 178.69934
08-04 00:15:51.146  4292  4292 D CompassActivity: will set rotation from 178.69934 to 178.69507
08-04 00:15:51.146  4292  4292 D CompassActivity: will set rotation from 178.69507 to 178.69373
08-04 00:15:51.165  4292  4292 D CompassActivity: will set rotation from 178.69373 to 178.65698
08-04 00:15:51.166  4292  4292 D CompassActivity: will set rotation from 178.65698 to 178.65704
08-04 00:15:51.185  4292  4292 D CompassActivity: will set rotation from 178.65704 to 178.6358
08-04 00:15:51.185  4292  4292 D CompassActivity: will set rotation from 178.6358 to 178.63599
08-04 00:15:51.205  4292  4292 D CompassActivity: will set rotation from 178.63599 to 178.62927
08-04 00:15:51.205  4292  4292 D CompassActivity: will set rotation from 178.62927 to 178.62799
08-04 00:15:51.228  4292  4292 D CompassActivity: will set rotation from 178.62799 to 178.59198
08-04 00:15:51.229  4292  5627 I art     : Starting a blocking GC Explicit
08-04 00:15:51.230  4292  4292 D CompassActivity: will set rotation from 178.59198 to 178.59137
08-04 00:15:51.246  4292  4292 D CompassActivity: will set rotation from 178.59137 to 178.58801
08-04 00:15:51.246  4292  4292 D CompassActivity: will set rotation from 178.58801 to 178.58673
08-04 00:15:51.262  4292  5627 I art     : Explicit concurrent mark sweep GC freed 1982(116KB) AllocSpace objects, 2(36KB) LOS objects, 7% free, 187MB/203MB, paused 777us total 32.726ms
08-04 00:15:51.267  4292  4292 D CompassActivity: will set rotation from 178.58673 to 178.59973
08-04 00:15:51.267  4292  4292 D CompassActivity: will set rotation from 178.59973 to 178.59839
08-04 00:15:51.276  4292  5627 I art     : Starting a blocking GC Explicit
08-04 00:15:51.286  4292  4292 D CompassActivity: will set rotation from 178.59839 to 178.57947
08-04 00:15:51.286  4292  4292 D CompassActivity: will set rotation from 178.57947 to 178.57703
08-04 00:15:51.305  4292  4292 D CompassActivity: will set rotation from 178.57703 to 178.57562
08-04 00:15:51.306  4292  4292 D CompassActivity: will set rotation from 178.57562 to 178.57373
08-04 00:15:51.310  4292  5627 I art     : Explicit concurrent mark sweep GC freed 638(25KB) AllocSpace objects, 0(0B) LOS objects, 7% free, 187MB/203MB, paused 783us total 34.673ms
08-04 00:15:51.324  4292  5627 I art     : Starting a blocking GC Explicit
08-04 00:15:51.330  4292  4292 D CompassActivity: will set rotation from 178.57373 to 178.55713
08-04 00:15:51.330  4292  4292 D CompassActivity: will set rotation from 178.55713 to 178.55676
08-04 00:15:51.347  4292  4292 D CompassActivity: will set rotation from 178.55676 to 178.56921
08-04 00:15:51.348  4292  4292 D CompassActivity: will set rotation from 178.56921 to 178.57031
08-04 00:15:51.359  4292  5627 I art     : Explicit concurrent mark sweep GC freed 131(5KB) AllocSpace objects, 0(0B) LOS objects, 7% free, 187MB/203MB, paused 880us total 34.441ms
08-04 00:15:51.366  4292  4292 D CompassActivity: will set rotation from 178.57031 to 178.55225
08-04 00:15:51.366  4292  4292 D CompassActivity: will set rotation from 178.55225 to 178.55359
08-04 00:15:51.371  4292  5627 I art     : Starting a blocking GC Explicit
08-04 00:15:51.388  4292  4292 D CompassActivity: will set rotation from 178.55359 to 178.53455
08-04 00:15:51.389  4292  4292 D CompassActivity: will set rotation from 178.53455 to 178.53516
08-04 00:15:51.406  4292  4292 D CompassActivity: will set rotation from 178.53516 to 178.53394
08-04 00:15:51.407  4292  4292 D CompassActivity: will set rotation from 178.53394 to 178.53455
08-04 00:15:51.414  4292  5627 I art     : Explicit concurrent mark sweep GC freed 103(5KB) AllocSpace objects, 0(0B) LOS objects, 7% free, 187MB/203MB, paused 825us total 42.438ms
08-04 00:15:51.428  4292  4292 D CompassActivity: will set rotation from 178.53455 to 178.51727
08-04 00:15:51.429  4292  4292 D CompassActivity: will set rotation from 178.51727 to 178.51752
08-04 00:15:51.429  4292  5627 I art     : Starting a blocking GC Explicit
08-04 00:15:51.446  4292  4292 D CompassActivity: will set rotation from 178.51752 to 178.5484
08-04 00:15:51.447  4292  4292 D CompassActivity: will set rotation from 178.5484 to 178.54999
08-04 00:15:51.458  5945  5945 D AndroidRuntime: >>>>>> START com.android.internal.os.RuntimeInit uid 2000 <<<<<<
08-04 00:15:51.463  5945  5945 D AndroidRuntime: CheckJNI is OFF
08-04 00:15:51.465  4292  4292 D CompassActivity: will set rotation from 178.54999 to 178.56708
08-04 00:15:51.466  4292  4292 D CompassActivity: will set rotation from 178.56708 to 178.5664
08-04 00:15:51.470  4292  5627 I art     : Explicit concurrent mark sweep GC freed 132(6KB) AllocSpace objects, 0(0B) LOS objects, 7% free, 187MB/203MB, paused 1.092ms total 40.660ms
08-04 00:15:51.485  4292  4292 D CompassActivity: will set rotation from 178.5664 to 178.56384
08-04 00:15:51.486  4292  4292 D CompassActivity: will set rotation from 178.56384 to 178.56433
08-04 00:15:51.503  5945  5945 D ICU     : No timezone override file found: /data/misc/zoneinfo/current/icu/icu_tzdata.dat
08-04 00:15:51.505  4292  4292 D CompassActivity: will set rotation from 178.56433 to 178.56293
08-04 00:15:51.505  4292  4292 D CompassActivity: will set rotation from 178.56293 to 178.56262
08-04 00:15:51.525  4292  4292 D CompassActivity: will set rotation from 178.56262 to 178.5924
08-04 00:15:51.526  4292  4292 D CompassActivity: will set rotation from 178.5924 to 178.59259
08-04 00:15:51.539  5945  5945 I Radio-JNI: register_android_hardware_Radio DONE
08-04 00:15:51.545  4292  4292 D CompassActivity: will set rotation from 178.59259 to 178.59314
08-04 00:15:51.545  4292  4292 D CompassActivity: will set rotation from 178.59314 to 178.59192
08-04 00:15:51.560  5945  5945 D AndroidRuntime: Calling main entry com.android.commands.input.Input
08-04 00:15:51.561  5945  5945 I Input   : injectKeyEvent: KeyEvent { action=ACTION_DOWN, keyCode=KEYCODE_BACK, scanCode=0, metaState=0, flags=0x0, repeatCount=0, eventTime=663367974, downTime=663367974, deviceId=-1, source=0x101 }
08-04 00:15:51.565  4292  4292 D CompassActivity: will set rotation from 178.59192 to 178.59161
08-04 00:15:51.566  4292  4292 D CompassActivity: will set rotation from 178.59161 to 178.59082
08-04 00:15:51.569  5945  5945 I Input   : injectKeyEvent: KeyEvent { action=ACTION_UP, keyCode=KEYCODE_BACK, scanCode=0, metaState=0, flags=0x0, repeatCount=0, eventTime=663367974, downTime=663367974, deviceId=-1, source=0x101 }
08-04 00:15:51.576  5945  5945 D AndroidRuntime: Shutting down VM
08-04 00:15:51.577   918  3714 I sensors : activate
08-04 00:15:51.578   918   928 I sensors : activate
08-04 00:15:51.582   918  3188 I hubconnection: sensorhub said: 'activate 1 enable:0'
08-04 00:15:51.583   918  3188 I hubconnection: sensorhub said: 'activate 3 enable:0'
08-04 00:15:51.591   518   646 I ThermalEngine: ACTION: GPU - Setting GPU[0] to 450000000
08-04 00:15:51.606  4292  4292 V MainActivity: url = https://project-travel-mate.herokuapp.com/api/number-of-unread-notifications
08-04 00:15:51.726 13866 13866 I GoogleInputMethodServic: GoogleInputMethodService.onFinishInput():3138 
08-04 00:15:51.727 13866 13866 I GoogleInputMethodServic: GoogleInputMethodService.onStartInput():1808 
08-04 00:15:51.855  4292  4304 I art     : Starting a blocking GC Explicit
08-04 00:15:51.901  4292  4304 I art     : Explicit concurrent mark sweep GC freed 2217(122KB) AllocSpace objects, 2(36KB) LOS objects, 7% free, 187MB/203MB, paused 1.547ms total 45.930ms
08-04 00:15:51.918  4292  4304 I art     : Starting a blocking GC Explicit
08-04 00:15:51.962  4292  4304 I art     : Explicit concurrent mark sweep GC freed 255(9KB) AllocSpace objects, 0(0B) LOS objects, 7% free, 187MB/203MB, paused 1.177ms total 43.075ms
08-04 00:15:51.982  4292  4304 I art     : Starting a blocking GC Explicit
08-04 00:15:52.007  4292  4292 D CompassActivity: stop compass
08-04 00:15:52.007   380   380 W SurfaceFlinger: couldn't log to binary event log: overflow.
08-04 00:15:52.026  4292  4304 I art     : Explicit concurrent mark sweep GC freed 13(576B) AllocSpace objects, 0(0B) LOS objects, 7% free, 187MB/203MB, paused 1.019ms total 43.647ms
08-04 00:15:52.042  4292  4304 I art     : Starting a blocking GC Explicit
08-04 00:15:52.084  4292  4304 I art     : Explicit concurrent mark sweep GC freed 12(448B) AllocSpace objects, 0(0B) LOS objects, 7% free, 187MB/203MB, paused 1.100ms total 41.349ms
08-04 00:15:52.100  4292  4304 I art     : Starting a blocking GC Explicit
08-04 00:15:52.159  4292  4304 I art     : Explicit concurrent mark sweep GC freed 3805(212KB) AllocSpace objects, 6(52MB) LOS objects, 10% free, 135MB/151MB, paused 1.275ms total 58.337ms
08-04 00:15:52.164  4292  5971 I NAPPA_EXPERIMENTATION: MetricNetworkRequestExecutionTime: REQUEST_DURATION_SYSTEM='557',REQUEST_DURATION_OKHTTP='29',REQUEST_SYNCHRONOUS='FALSE',RESPONSE_CODE='200',RESPONSE_METHOD='GET',RESPONSE_LENGTH_OKHTTP='36',RESPONSE_LENGTH_HEADER='36',REQUEST_PROTOCOL='http/1.1',REQUEST_URL='https://project-travel-mate.herokuapp.com/api/number-of-unread-notifications',
08-04 00:15:52.557  4292  5627 I art     : Starting a blocking GC Explicit
08-04 00:15:52.587   918 13198 D NetlinkSocketObserver: NeighborEvent{elapsedMs=1646756461, 192.168.2.254, [7C3953A63323], RTM_NEWNEIGH, NUD_PROBE}
08-04 00:15:52.602  4292  5627 I art     : Explicit concurrent mark sweep GC freed 2816(226KB) AllocSpace objects, 2(36KB) LOS objects, 10% free, 135MB/151MB, paused 1.096ms total 44.295ms
08-04 00:15:52.619  4292  5627 I art     : Starting a blocking GC Explicit
08-04 00:15:52.664  4292  5627 I art     : Explicit concurrent mark sweep GC freed 51(2144B) AllocSpace objects, 0(0B) LOS objects, 10% free, 135MB/151MB, paused 1.099ms total 44.105ms
08-04 00:15:52.681  4292  5627 I art     : Starting a blocking GC Explicit
08-04 00:15:52.726  4292  5627 I art     : Explicit concurrent mark sweep GC freed 3(96B) AllocSpace objects, 0(0B) LOS objects, 10% free, 135MB/151MB, paused 1.099ms total 44.545ms
08-04 00:15:52.746  4292  5627 I art     : Starting a blocking GC Explicit
08-04 00:15:52.794  4292  5627 I art     : Explicit concurrent mark sweep GC freed 3(96B) AllocSpace objects, 0(0B) LOS objects, 10% free, 135MB/151MB, paused 1.030ms total 48.157ms
08-04 00:15:52.812  4292  5627 I art     : Starting a blocking GC Explicit
08-04 00:15:52.854  4292  5627 I art     : Explicit concurrent mark sweep GC freed 3(96B) AllocSpace objects, 0(0B) LOS objects, 10% free, 135MB/151MB, paused 1.116ms total 41.814ms
08-04 00:15:52.970   918  3261 D WifiStateMachine: starting scan for "H369AA63323"WPA_PSK with 2412,5180
08-04 00:15:53.260  4292  4305 I art     : Starting a blocking GC Explicit
08-04 00:15:53.306  4292  4305 I art     : Explicit concurrent mark sweep GC freed 1616(92KB) AllocSpace objects, 2(36KB) LOS objects, 10% free, 135MB/151MB, paused 1.097ms total 45.751ms
08-04 00:15:53.323  4292  4305 I art     : Starting a blocking GC Explicit
08-04 00:15:53.341  5991  5991 D AndroidRuntime: >>>>>> START com.android.internal.os.RuntimeInit uid 2000 <<<<<<
08-04 00:15:53.346  5991  5991 D AndroidRuntime: CheckJNI is OFF
08-04 00:15:53.363  4292  4305 I art     : Explicit concurrent mark sweep GC freed 35(1248B) AllocSpace objects, 0(0B) LOS objects, 10% free, 135MB/151MB, paused 1.059ms total 39.990ms
08-04 00:15:53.380  4292  4305 I art     : Starting a blocking GC Explicit
08-04 00:15:53.387  5991  5991 D ICU     : No timezone override file found: /data/misc/zoneinfo/current/icu/icu_tzdata.dat
08-04 00:15:53.422  4292  4305 I art     : Explicit concurrent mark sweep GC freed 9(288B) AllocSpace objects, 0(0B) LOS objects, 10% free, 135MB/151MB, paused 1.294ms total 41.950ms
08-04 00:15:53.431  5991  5991 I Radio-JNI: register_android_hardware_Radio DONE
08-04 00:15:53.439  4292  4305 I art     : Starting a blocking GC Explicit
08-04 00:15:53.461  5991  5991 D AndroidRuntime: Calling main entry com.android.commands.input.Input
08-04 00:15:53.463  5991  5991 I Input   : injectMotionEvent: MotionEvent { action=ACTION_DOWN, actionButton=0, id[0]=0, x[0]=500.0, y[0]=2000.0, toolType[0]=TOOL_TYPE_UNKNOWN, buttonState=0, metaState=0, flags=0x0, edgeFlags=0x0, pointerCount=1, historySize=0, eventTime=663369875, downTime=663369875, deviceId=0, source=0x1002 }
08-04 00:15:53.469  5991  5991 I Input   : injectMotionEvent: MotionEvent { action=ACTION_MOVE, actionButton=0, id[0]=0, x[0]=500.0, y[0]=2000.0, toolType[0]=TOOL_TYPE_UNKNOWN, buttonState=0, metaState=0, flags=0x0, edgeFlags=0x0, pointerCount=1, historySize=0, eventTime=663369875, downTime=663369875, deviceId=0, source=0x1002 }
08-04 00:15:53.475  5991  5991 I Input   : injectMotionEvent: MotionEvent { action=ACTION_MOVE, actionButton=0, id[0]=0, x[0]=500.0, y[0]=1973.4, toolType[0]=TOOL_TYPE_UNKNOWN, buttonState=0, metaState=0, flags=0x0, edgeFlags=0x0, pointerCount=1, historySize=0, eventTime=663369889, downTime=663369889, deviceId=0, source=0x1002 }
08-04 00:15:53.482  4292  4305 I art     : Explicit concurrent mark sweep GC freed 9(288B) AllocSpace objects, 0(0B) LOS objects, 10% free, 135MB/151MB, paused 1.434ms total 42.220ms
08-04 00:15:53.492  5991  5991 I Input   : injectMotionEvent: MotionEvent { action=ACTION_MOVE, actionButton=0, id[0]=0, x[0]=500.0, y[0]=1943.0, toolType[0]=TOOL_TYPE_UNKNOWN, buttonState=0, metaState=0, flags=0x0, edgeFlags=0x0, pointerCount=1, historySize=0, eventTime=663369905, downTime=663369905, deviceId=0, source=0x1002 }
08-04 00:15:53.499  4292  4305 I art     : Starting a blocking GC Explicit
08-04 00:15:53.517  5991  5991 I Input   : injectMotionEvent: MotionEvent { action=ACTION_MOVE, actionButton=0, id[0]=0, x[0]=500.0, y[0]=1895.5, toolType[0]=TOOL_TYPE_UNKNOWN, buttonState=0, metaState=0, flags=0x0, edgeFlags=0x0, pointerCount=1, historySize=0, eventTime=663369930, downTime=663369930, deviceId=0, source=0x1002 }
08-04 00:15:53.525  5991  5991 I Input   : injectMotionEvent: MotionEvent { action=ACTION_MOVE, actionButton=0, id[0]=0, x[0]=500.0, y[0]=1878.4, toolType[0]=TOOL_TYPE_UNKNOWN, buttonState=0, metaState=0, flags=0x0, edgeFlags=0x0, pointerCount=1, historySize=0, eventTime=663369939, downTime=663369939, deviceId=0, source=0x1002 }
08-04 00:15:53.542  5991  5991 I Input   : injectMotionEvent: MotionEvent { action=ACTION_MOVE, actionButton=0, id[0]=0, x[0]=500.0, y[0]=1848.0, toolType[0]=TOOL_TYPE_UNKNOWN, buttonState=0, metaState=0, flags=0x0, edgeFlags=0x0, pointerCount=1, historySize=0, eventTime=663369955, downTime=663369955, deviceId=0, source=0x1002 }
08-04 00:15:53.545  4292  4305 I art     : Explicit concurrent mark sweep GC freed 64(2176B) AllocSpace objects, 0(0B) LOS objects, 10% free, 135MB/151MB, paused 1.508ms total 45.240ms
08-04 00:15:53.559  5991  5991 I Input   : injectMotionEvent: MotionEvent { action=ACTION_MOVE, actionButton=0, id[0]=0, x[0]=500.0, y[0]=1815.7, toolType[0]=TOOL_TYPE_UNKNOWN, buttonState=0, metaState=0, flags=0x0, edgeFlags=0x0, pointerCount=1, historySize=0, eventTime=663369972, downTime=663369972, deviceId=0, source=0x1002 }
08-04 00:15:53.576  5991  5991 I Input   : injectMotionEvent: MotionEvent { action=ACTION_MOVE, actionButton=0, id[0]=0, x[0]=500.0, y[0]=1783.4, toolType[0]=TOOL_TYPE_UNKNOWN, buttonState=0, metaState=0, flags=0x0, edgeFlags=0x0, pointerCount=1, historySize=0, eventTime=663369989, downTime=663369989, deviceId=0, source=0x1002 }
08-04 00:15:53.592  5991  5991 I Input   : injectMotionEvent: MotionEvent { action=ACTION_MOVE, actionButton=0, id[0]=0, x[0]=500.0, y[0]=1751.1, toolType[0]=TOOL_TYPE_UNKNOWN, buttonState=0, metaState=0, flags=0x0, edgeFlags=0x0, pointerCount=1, historySize=0, eventTime=663370006, downTime=663370006, deviceId=0, source=0x1002 }
08-04 00:15:53.609  5991  5991 I Input   : injectMotionEvent: MotionEvent { action=ACTION_MOVE, actionButton=0, id[0]=0, x[0]=500.0, y[0]=1720.7, toolType[0]=TOOL_TYPE_UNKNOWN, buttonState=0, metaState=0, flags=0x0, edgeFlags=0x0, pointerCount=1, historySize=0, eventTime=663370022, downTime=663370022, deviceId=0, source=0x1002 }
08-04 00:15:53.626  5991  5991 I Input   : injectMotionEvent: MotionEvent { action=ACTION_MOVE, actionButton=0, id[0]=0, x[0]=500.0, y[0]=1688.4, toolType[0]=TOOL_TYPE_UNKNOWN, buttonState=0, metaState=0, flags=0x0, edgeFlags=0x0, pointerCount=1, historySize=0, eventTime=663370039, downTime=663370039, deviceId=0, source=0x1002 }
08-04 00:15:53.643  5991  5991 I Input   : injectMotionEvent: MotionEvent { action=ACTION_MOVE, actionButton=0, id[0]=0, x[0]=500.0, y[0]=1656.1, toolType[0]=TOOL_TYPE_UNKNOWN, buttonState=0, metaState=0, flags=0x0, edgeFlags=0x0, pointerCount=1, historySize=0, eventTime=663370056, downTime=663370056, deviceId=0, source=0x1002 }
08-04 00:15:53.659  5991  5991 I Input   : injectMotionEvent: MotionEvent { action=ACTION_MOVE, actionButton=0, id[0]=0, x[0]=500.0, y[0]=1625.7, toolType[0]=TOOL_TYPE_UNKNOWN, buttonState=0, metaState=0, flags=0x0, edgeFlags=0x0, pointerCount=1, historySize=0, eventTime=663370072, downTime=663370072, deviceId=0, source=0x1002 }
08-04 00:15:53.676  5991  5991 I Input   : injectMotionEvent: MotionEvent { action=ACTION_MOVE, actionButton=0, id[0]=0, x[0]=500.0, y[0]=1593.4, toolType[0]=TOOL_TYPE_UNKNOWN, buttonState=0, metaState=0, flags=0x0, edgeFlags=0x0, pointerCount=1, historySize=0, eventTime=663370089, downTime=663370089, deviceId=0, source=0x1002 }
08-04 00:15:53.694  5991  5991 I Input   : injectMotionEvent: MotionEvent { action=ACTION_MOVE, actionButton=0, id[0]=0, x[0]=500.0, y[0]=1559.2, toolType[0]=TOOL_TYPE_UNKNOWN, buttonState=0, metaState=0, flags=0x0, edgeFlags=0x0, pointerCount=1, historySize=0, eventTime=663370107, downTime=663370107, deviceId=0, source=0x1002 }
08-04 00:15:53.710  5991  5991 I Input   : injectMotionEvent: MotionEvent { action=ACTION_MOVE, actionButton=0, id[0]=0, x[0]=500.0, y[0]=1528.8, toolType[0]=TOOL_TYPE_UNKNOWN, buttonState=0, metaState=0, flags=0x0, edgeFlags=0x0, pointerCount=1, historySize=0, eventTime=663370123, downTime=663370123, deviceId=0, source=0x1002 }
08-04 00:15:53.726  5991  5991 I Input   : injectMotionEvent: MotionEvent { action=ACTION_MOVE, actionButton=0, id[0]=0, x[0]=500.0, y[0]=1498.4, toolType[0]=TOOL_TYPE_UNKNOWN, buttonState=0, metaState=0, flags=0x0, edgeFlags=0x0, pointerCount=1, historySize=0, eventTime=663370139, downTime=663370139, deviceId=0, source=0x1002 }
08-04 00:15:53.742  5991  5991 I Input   : injectMotionEvent: MotionEvent { action=ACTION_MOVE, actionButton=0, id[0]=0, x[0]=500.0, y[0]=1466.1001, toolType[0]=TOOL_TYPE_UNKNOWN, buttonState=0, metaState=0, flags=0x0, edgeFlags=0x0, pointerCount=1, historySize=0, eventTime=663370156, downTime=663370156, deviceId=0, source=0x1002 }
08-04 00:15:53.759  5991  5991 I Input   : injectMotionEvent: MotionEvent { action=ACTION_MOVE, actionButton=0, id[0]=0, x[0]=500.0, y[0]=1435.7, toolType[0]=TOOL_TYPE_UNKNOWN, buttonState=0, metaState=0, flags=0x0, edgeFlags=0x0, pointerCount=1, historySize=0, eventTime=663370172, downTime=663370172, deviceId=0, source=0x1002 }
08-04 00:15:53.778  5991  5991 I Input   : injectMotionEvent: MotionEvent { action=ACTION_MOVE, actionButton=0, id[0]=0, x[0]=500.0, y[0]=1399.6, toolType[0]=TOOL_TYPE_UNKNOWN, buttonState=0, metaState=0, flags=0x0, edgeFlags=0x0, pointerCount=1, historySize=0, eventTime=663370191, downTime=663370191, deviceId=0, source=0x1002 }
08-04 00:15:53.792  5991  5991 I Input   : injectMotionEvent: MotionEvent { action=ACTION_MOVE, actionButton=0, id[0]=0, x[0]=500.0, y[0]=1371.1, toolType[0]=TOOL_TYPE_UNKNOWN, buttonState=0, metaState=0, flags=0x0, edgeFlags=0x0, pointerCount=1, historySize=0, eventTime=663370206, downTime=663370206, deviceId=0, source=0x1002 }
08-04 00:15:53.811  5991  5991 I Input   : injectMotionEvent: MotionEvent { action=ACTION_MOVE, actionButton=0, id[0]=0, x[0]=500.0, y[0]=1338.8, toolType[0]=TOOL_TYPE_UNKNOWN, buttonState=0, metaState=0, flags=0x0, edgeFlags=0x0, pointerCount=1, historySize=0, eventTime=663370223, downTime=663370223, deviceId=0, source=0x1002 }
08-04 00:15:53.827  5991  5991 I Input   : injectMotionEvent: MotionEvent { action=ACTION_MOVE, actionButton=0, id[0]=0, x[0]=500.0, y[0]=1306.5, toolType[0]=TOOL_TYPE_UNKNOWN, buttonState=0, metaState=0, flags=0x0, edgeFlags=0x0, pointerCount=1, historySize=0, eventTime=663370240, downTime=663370240, deviceId=0, source=0x1002 }
08-04 00:15:53.843  5991  5991 I Input   : injectMotionEvent: MotionEvent { action=ACTION_MOVE, actionButton=0, id[0]=0, x[0]=500.0, y[0]=1276.1, toolType[0]=TOOL_TYPE_UNKNOWN, buttonState=0, metaState=0, flags=0x0, edgeFlags=0x0, pointerCount=1, historySize=0, eventTime=663370256, downTime=663370256, deviceId=0, source=0x1002 }
08-04 00:15:53.860  5991  5991 I Input   : injectMotionEvent: MotionEvent { action=ACTION_MOVE, actionButton=0, id[0]=0, x[0]=500.0, y[0]=1243.8, toolType[0]=TOOL_TYPE_UNKNOWN, buttonState=0, metaState=0, flags=0x0, edgeFlags=0x0, pointerCount=1, historySize=0, eventTime=663370273, downTime=663370273, deviceId=0, source=0x1002 }
08-04 00:15:53.879  5991  5991 I Input   : injectMotionEvent: MotionEvent { action=ACTION_MOVE, actionButton=0, id[0]=0, x[0]=500.0, y[0]=1207.7, toolType[0]=TOOL_TYPE_UNKNOWN, buttonState=0, metaState=0, flags=0x0, edgeFlags=0x0, pointerCount=1, historySize=0, eventTime=663370292, downTime=663370292, deviceId=0, source=0x1002 }
08-04 00:15:53.946  4292  4360 I art     : Starting a blocking GC Explicit
08-04 00:15:53.954  5991  5991 I Input   : injectMotionEvent: MotionEvent { action=ACTION_MOVE, actionButton=0, id[0]=0, x[0]=500.0, y[0]=1065.2, toolType[0]=TOOL_TYPE_UNKNOWN, buttonState=0, metaState=0, flags=0x0, edgeFlags=0x0, pointerCount=1, historySize=0, eventTime=663370367, downTime=663370367, deviceId=0, source=0x1002 }
08-04 00:15:53.986  4292  4360 I art     : Explicit concurrent mark sweep GC freed 1619(93KB) AllocSpace objects, 2(36KB) LOS objects, 10% free, 135MB/151MB, paused 1.025ms total 38.814ms
08-04 00:15:54.003  4292  4360 I art     : Starting a blocking GC Explicit
08-04 00:15:54.016  5991  5991 I Input   : injectMotionEvent: MotionEvent { action=ACTION_MOVE, actionButton=0, id[0]=0, x[0]=500.0, y[0]=945.5, toolType[0]=TOOL_TYPE_UNKNOWN, buttonState=0, metaState=0, flags=0x0, edgeFlags=0x0, pointerCount=1, historySize=0, eventTime=663370430, downTime=663370430, deviceId=0, source=0x1002 }
08-04 00:15:54.046  4292  4360 I art     : Explicit concurrent mark sweep GC freed 46(1904B) AllocSpace objects, 0(0B) LOS objects, 10% free, 135MB/151MB, paused 1.048ms total 42.340ms
08-04 00:15:54.064  4292  4360 I art     : Starting a blocking GC Explicit
08-04 00:15:54.078  5991  5991 I Input   : injectMotionEvent: MotionEvent { action=ACTION_MOVE, actionButton=0, id[0]=0, x[0]=500.0, y[0]=829.6, toolType[0]=TOOL_TYPE_UNKNOWN, buttonState=0, metaState=0, flags=0x0, edgeFlags=0x0, pointerCount=1, historySize=0, eventTime=663370491, downTime=663370491, deviceId=0, source=0x1002 }
08-04 00:15:54.106  4292  4360 I art     : Explicit concurrent mark sweep GC freed 3(96B) AllocSpace objects, 0(0B) LOS objects, 10% free, 135MB/151MB, paused 1.044ms total 42.052ms
08-04 00:15:54.124  4292  4360 I art     : Starting a blocking GC Explicit
08-04 00:15:54.140  5991  5991 I Input   : injectMotionEvent: MotionEvent { action=ACTION_MOVE, actionButton=0, id[0]=0, x[0]=500.0, y[0]=711.80005, toolType[0]=TOOL_TYPE_UNKNOWN, buttonState=0, metaState=0, flags=0x0, edgeFlags=0x0, pointerCount=1, historySize=0, eventTime=663370553, downTime=663370553, deviceId=0, source=0x1002 }
08-04 00:15:54.168  4292  4360 I art     : Explicit concurrent mark sweep GC freed 3(96B) AllocSpace objects, 0(0B) LOS objects, 10% free, 135MB/151MB, paused 1.133ms total 43.795ms
08-04 00:15:54.185  4292  4360 I art     : Starting a blocking GC Explicit
08-04 00:15:54.201  5991  5991 I Input   : injectMotionEvent: MotionEvent { action=ACTION_MOVE, actionButton=0, id[0]=0, x[0]=500.0, y[0]=594.0, toolType[0]=TOOL_TYPE_UNKNOWN, buttonState=0, metaState=0, flags=0x0, edgeFlags=0x0, pointerCount=1, historySize=0, eventTime=663370615, downTime=663370615, deviceId=0, source=0x1002 }
08-04 00:15:54.229  4292  4360 I art     : Explicit concurrent mark sweep GC freed 34(928B) AllocSpace objects, 0(0B) LOS objects, 10% free, 135MB/151MB, paused 1.067ms total 43.883ms
08-04 00:15:54.265  5991  5991 I Input   : injectMotionEvent: MotionEvent { action=ACTION_MOVE, actionButton=0, id[0]=0, x[0]=500.0, y[0]=474.30005, toolType[0]=TOOL_TYPE_UNKNOWN, buttonState=0, metaState=0, flags=0x0, edgeFlags=0x0, pointerCount=1, historySize=0, eventTime=663370678, downTime=663370678, deviceId=0, source=0x1002 }
08-04 00:15:54.323  5991  5991 I Input   : injectMotionEvent: MotionEvent { action=ACTION_MOVE, actionButton=0, id[0]=0, x[0]=500.0, y[0]=364.09998, toolType[0]=TOOL_TYPE_UNKNOWN, buttonState=0, metaState=0, flags=0x0, edgeFlags=0x0, pointerCount=1, historySize=0, eventTime=663370736, downTime=663370736, deviceId=0, source=0x1002 }
08-04 00:15:54.410  5991  5991 I Input   : injectMotionEvent: MotionEvent { action=ACTION_MOVE, actionButton=0, id[0]=0, x[0]=500.0, y[0]=196.90002, toolType[0]=TOOL_TYPE_UNKNOWN, buttonState=0, metaState=0, flags=0x0, edgeFlags=0x0, pointerCount=1, historySize=0, eventTime=663370824, downTime=663370824, deviceId=0, source=0x1002 }
08-04 00:15:54.446  5991  5991 I Input   : injectMotionEvent: MotionEvent { action=ACTION_MOVE, actionButton=0, id[0]=0, x[0]=500.0, y[0]=130.3999, toolType[0]=TOOL_TYPE_UNKNOWN, buttonState=0, metaState=0, flags=0x0, edgeFlags=0x0, pointerCount=1, historySize=0, eventTime=663370859, downTime=663370859, deviceId=0, source=0x1002 }
08-04 00:15:54.483  5991  5991 I Input   : injectMotionEvent: MotionEvent { action=ACTION_UP, actionButton=0, id[0]=0, x[0]=500.0, y[0]=100.0, toolType[0]=TOOL_TYPE_UNKNOWN, buttonState=0, metaState=0, flags=0x0, edgeFlags=0x0, pointerCount=1, historySize=0, eventTime=663370896, downTime=663370896, deviceId=0, source=0x1002 }
08-04 00:15:54.523  5991  5991 D AndroidRuntime: Shutting down VM
08-04 00:15:54.611  4292  4304 I art     : Starting a blocking GC Explicit
08-04 00:15:54.653  4292  4304 I art     : Explicit concurrent mark sweep GC freed 1607(92KB) AllocSpace objects, 2(36KB) LOS objects, 10% free, 135MB/151MB, paused 1.079ms total 41.838ms
08-04 00:15:54.670  4292  4304 I art     : Starting a blocking GC Explicit
08-04 00:15:54.710  4292  4304 I art     : Explicit concurrent mark sweep GC freed 28(1024B) AllocSpace objects, 0(0B) LOS objects, 10% free, 135MB/151MB, paused 1.102ms total 39.811ms
08-04 00:15:54.727  4292  4304 I art     : Starting a blocking GC Explicit
08-04 00:15:54.772  4292  4304 I art     : Explicit concurrent mark sweep GC freed 4(128B) AllocSpace objects, 0(0B) LOS objects, 10% free, 135MB/151MB, paused 1.096ms total 44.297ms
08-04 00:15:54.789  4292  4304 I art     : Starting a blocking GC Explicit
08-04 00:15:54.827  4292  4304 I art     : Explicit concurrent mark sweep GC freed 3(96B) AllocSpace objects, 0(0B) LOS objects, 10% free, 135MB/151MB, paused 1.121ms total 37.821ms
08-04 00:15:54.848  4292  4304 I art     : Starting a blocking GC Explicit
08-04 00:15:54.885  4292  4304 I art     : Explicit concurrent mark sweep GC freed 3(96B) AllocSpace objects, 0(0B) LOS objects, 10% free, 135MB/151MB, paused 1.066ms total 37.559ms
08-04 00:15:55.254  6042  6042 D AndroidRuntime: >>>>>> START com.android.internal.os.RuntimeInit uid 2000 <<<<<<
08-04 00:15:55.255  4292  4360 I art     : Starting a blocking GC Explicit
08-04 00:15:55.259  6042  6042 D AndroidRuntime: CheckJNI is OFF
08-04 00:15:55.297  4292  4360 I art     : Explicit concurrent mark sweep GC freed 1619(92KB) AllocSpace objects, 2(36KB) LOS objects, 10% free, 135MB/151MB, paused 1.102ms total 41.455ms
08-04 00:15:55.299  6042  6042 D ICU     : No timezone override file found: /data/misc/zoneinfo/current/icu/icu_tzdata.dat
08-04 00:15:55.313  4292  4360 I art     : Starting a blocking GC Explicit
08-04 00:15:55.335  6042  6042 I Radio-JNI: register_android_hardware_Radio DONE
08-04 00:15:55.352  4292  4360 I art     : Explicit concurrent mark sweep GC freed 28(1024B) AllocSpace objects, 0(0B) LOS objects, 10% free, 135MB/151MB, paused 1.071ms total 38.726ms
08-04 00:15:55.362  6042  6042 D AndroidRuntime: Calling main entry com.android.commands.input.Input
08-04 00:15:55.364  6042  6042 I Input   : injectMotionEvent: MotionEvent { action=ACTION_DOWN, actionButton=0, id[0]=0, x[0]=500.0, y[0]=2000.0, toolType[0]=TOOL_TYPE_UNKNOWN, buttonState=0, metaState=0, flags=0x0, edgeFlags=0x0, pointerCount=1, historySize=0, eventTime=663371777, downTime=663371777, deviceId=0, source=0x1002 }
08-04 00:15:55.370  4292  4360 I art     : Starting a blocking GC Explicit
08-04 00:15:55.388  6042  6042 I Input   : injectMotionEvent: MotionEvent { action=ACTION_MOVE, actionButton=0, id[0]=0, x[0]=500.0, y[0]=2000.0, toolType[0]=TOOL_TYPE_UNKNOWN, buttonState=0, metaState=0, flags=0x0, edgeFlags=0x0, pointerCount=1, historySize=0, eventTime=663371777, downTime=663371777, deviceId=0, source=0x1002 }
08-04 00:15:55.394  6042  6042 I Input   : injectMotionEvent: MotionEvent { action=ACTION_MOVE, actionButton=0, id[0]=0, x[0]=500.0, y[0]=1943.0, toolType[0]=TOOL_TYPE_UNKNOWN, buttonState=0, metaState=0, flags=0x0, edgeFlags=0x0, pointerCount=1, historySize=0, eventTime=663371807, downTime=663371807, deviceId=0, source=0x1002 }
08-04 00:15:55.410  6042  6042 I Input   : injectMotionEvent: MotionEvent { action=ACTION_MOVE, actionButton=0, id[0]=0, x[0]=500.0, y[0]=1912.6, toolType[0]=TOOL_TYPE_UNKNOWN, buttonState=0, metaState=0, flags=0x0, edgeFlags=0x0, pointerCount=1, historySize=0, eventTime=663371823, downTime=663371823, deviceId=0, source=0x1002 }
08-04 00:15:55.412  4292  4360 I art     : Explicit concurrent mark sweep GC freed 18(848B) AllocSpace objects, 0(0B) LOS objects, 10% free, 135MB/151MB, paused 1.119ms total 41.763ms
08-04 00:15:55.428  6042  6042 I Input   : injectMotionEvent: MotionEvent { action=ACTION_MOVE, actionButton=0, id[0]=0, x[0]=500.0, y[0]=1878.4, toolType[0]=TOOL_TYPE_UNKNOWN, buttonState=0, metaState=0, flags=0x0, edgeFlags=0x0, pointerCount=1, historySize=0, eventTime=663371841, downTime=663371841, deviceId=0, source=0x1002 }
08-04 00:15:55.431  4292  4360 I art     : Starting a blocking GC Explicit
08-04 00:15:55.472  4292  4360 I art     : Explicit concurrent mark sweep GC freed 18(800B) AllocSpace objects, 0(0B) LOS objects, 10% free, 135MB/151MB, paused 1.277ms total 40.461ms
08-04 00:15:55.490  4292  4360 I art     : Starting a blocking GC Explicit
08-04 00:15:55.529  6042  6042 I Input   : injectMotionEvent: MotionEvent { action=ACTION_MOVE, actionButton=0, id[0]=0, x[0]=500.0, y[0]=1686.5, toolType[0]=TOOL_TYPE_UNKNOWN, buttonState=0, metaState=0, flags=0x0, edgeFlags=0x0, pointerCount=1, historySize=0, eventTime=663371942, downTime=663371942, deviceId=0, source=0x1002 }
08-04 00:15:55.535  4292  4360 I art     : Explicit concurrent mark sweep GC freed 7(224B) AllocSpace objects, 0(0B) LOS objects, 10% free, 135MB/151MB, paused 1.296ms total 44.871ms
08-04 00:15:55.622  6042  6042 I Input   : injectMotionEvent: MotionEvent { action=ACTION_MOVE, actionButton=0, id[0]=0, x[0]=500.0, y[0]=1509.8, toolType[0]=TOOL_TYPE_UNKNOWN, buttonState=0, metaState=0, flags=0x0, edgeFlags=0x0, pointerCount=1, historySize=0, eventTime=663372035, downTime=663372035, deviceId=0, source=0x1002 }
08-04 00:15:55.664  6042  6042 I Input   : injectMotionEvent: MotionEvent { action=ACTION_MOVE, actionButton=0, id[0]=0, x[0]=500.0, y[0]=1428.1, toolType[0]=TOOL_TYPE_UNKNOWN, buttonState=0, metaState=0, flags=0x0, edgeFlags=0x0, pointerCount=1, historySize=0, eventTime=663372078, downTime=663372078, deviceId=0, source=0x1002 }
08-04 00:15:55.706  6042  6042 I Input   : injectMotionEvent: MotionEvent { action=ACTION_MOVE, actionButton=0, id[0]=0, x[0]=500.0, y[0]=1350.2, toolType[0]=TOOL_TYPE_UNKNOWN, buttonState=0, metaState=0, flags=0x0, edgeFlags=0x0, pointerCount=1, historySize=0, eventTime=663372119, downTime=663372119, deviceId=0, source=0x1002 }
08-04 00:15:55.746  6042  6042 I Input   : injectMotionEvent: MotionEvent { action=ACTION_MOVE, actionButton=0, id[0]=0, x[0]=500.0, y[0]=1272.3, toolType[0]=TOOL_TYPE_UNKNOWN, buttonState=0, metaState=0, flags=0x0, edgeFlags=0x0, pointerCount=1, historySize=0, eventTime=663372160, downTime=663372160, deviceId=0, source=0x1002 }
08-04 00:15:55.786  6042  6042 I Input   : injectMotionEvent: MotionEvent { action=ACTION_MOVE, actionButton=0, id[0]=0, x[0]=500.0, y[0]=1198.2, toolType[0]=TOOL_TYPE_UNKNOWN, buttonState=0, metaState=0, flags=0x0, edgeFlags=0x0, pointerCount=1, historySize=0, eventTime=663372199, downTime=663372199, deviceId=0, source=0x1002 }
08-04 00:15:55.823  6042  6042 I Input   : injectMotionEvent: MotionEvent { action=ACTION_MOVE, actionButton=0, id[0]=0, x[0]=500.0, y[0]=1127.9, toolType[0]=TOOL_TYPE_UNKNOWN, buttonState=0, metaState=0, flags=0x0, edgeFlags=0x0, pointerCount=1, historySize=0, eventTime=663372236, downTime=663372236, deviceId=0, source=0x1002 }
08-04 00:15:55.864  6042  6042 I Input   : injectMotionEvent: MotionEvent { action=ACTION_MOVE, actionButton=0, id[0]=0, x[0]=500.0, y[0]=1050.0, toolType[0]=TOOL_TYPE_UNKNOWN, buttonState=0, metaState=0, flags=0x0, edgeFlags=0x0, pointerCount=1, historySize=0, eventTime=663372277, downTime=663372277, deviceId=0, source=0x1002 }
08-04 00:15:55.905  6042  6042 I Input   : injectMotionEvent: MotionEvent { action=ACTION_MOVE, actionButton=0, id[0]=0, x[0]=500.0, y[0]=972.1, toolType[0]=TOOL_TYPE_UNKNOWN, buttonState=0, metaState=0, flags=0x0, edgeFlags=0x0, pointerCount=1, historySize=0, eventTime=663372318, downTime=663372318, deviceId=0, source=0x1002 }
08-04 00:15:55.913  4292  4579 I art     : Starting a blocking GC Explicit
08-04 00:15:55.943  6042  6042 I Input   : injectMotionEvent: MotionEvent { action=ACTION_MOVE, actionButton=0, id[0]=0, x[0]=500.0, y[0]=899.9, toolType[0]=TOOL_TYPE_UNKNOWN, buttonState=0, metaState=0, flags=0x0, edgeFlags=0x0, pointerCount=1, historySize=0, eventTime=663372356, downTime=663372356, deviceId=0, source=0x1002 }
08-04 00:15:55.954  4292  4579 I art     : Explicit concurrent mark sweep GC freed 1589(92KB) AllocSpace objects, 2(36KB) LOS objects, 10% free, 135MB/151MB, paused 1.058ms total 40.449ms
08-04 00:15:55.971  4292  4579 I art     : Starting a blocking GC Explicit
08-04 00:15:55.985  6042  6042 I Input   : injectMotionEvent: MotionEvent { action=ACTION_MOVE, actionButton=0, id[0]=0, x[0]=500.0, y[0]=820.1, toolType[0]=TOOL_TYPE_UNKNOWN, buttonState=0, metaState=0, flags=0x0, edgeFlags=0x0, pointerCount=1, historySize=0, eventTime=663372398, downTime=663372398, deviceId=0, source=0x1002 }
08-04 00:15:56.013  4292  4579 I art     : Explicit concurrent mark sweep GC freed 28(1024B) AllocSpace objects, 0(0B) LOS objects, 10% free, 135MB/151MB, paused 1.269ms total 41.656ms
08-04 00:15:56.024  6042  6042 I Input   : injectMotionEvent: MotionEvent { action=ACTION_MOVE, actionButton=0, id[0]=0, x[0]=500.0, y[0]=746.0, toolType[0]=TOOL_TYPE_UNKNOWN, buttonState=0, metaState=0, flags=0x0, edgeFlags=0x0, pointerCount=1, historySize=0, eventTime=663372437, downTime=663372437, deviceId=0, source=0x1002 }
08-04 00:15:56.030  4292  4579 I art     : Starting a blocking GC Explicit
08-04 00:15:56.064  6042  6042 I Input   : injectMotionEvent: MotionEvent { action=ACTION_MOVE, actionButton=0, id[0]=0, x[0]=500.0, y[0]=668.1001, toolType[0]=TOOL_TYPE_UNKNOWN, buttonState=0, metaState=0, flags=0x0, edgeFlags=0x0, pointerCount=1, historySize=0, eventTime=663372478, downTime=663372478, deviceId=0, source=0x1002 }
08-04 00:15:56.071  4292  4579 I art     : Explicit concurrent mark sweep GC freed 3(96B) AllocSpace objects, 0(0B) LOS objects, 10% free, 135MB/151MB, paused 1.135ms total 40.089ms
08-04 00:15:56.088  4292  4579 I art     : Starting a blocking GC Explicit
08-04 00:15:56.105  6042  6042 I Input   : injectMotionEvent: MotionEvent { action=ACTION_MOVE, actionButton=0, id[0]=0, x[0]=500.0, y[0]=592.1, toolType[0]=TOOL_TYPE_UNKNOWN, buttonState=0, metaState=0, flags=0x0, edgeFlags=0x0, pointerCount=1, historySize=0, eventTime=663372518, downTime=663372518, deviceId=0, source=0x1002 }
08-04 00:15:56.129  4292  4579 I art     : Explicit concurrent mark sweep GC freed 5(160B) AllocSpace objects, 0(0B) LOS objects, 10% free, 135MB/151MB, paused 1.253ms total 41.027ms
08-04 00:15:56.145  6042  6042 I Input   : injectMotionEvent: MotionEvent { action=ACTION_MOVE, actionButton=0, id[0]=0, x[0]=500.0, y[0]=516.1, toolType[0]=TOOL_TYPE_UNKNOWN, buttonState=0, metaState=0, flags=0x0, edgeFlags=0x0, pointerCount=1, historySize=0, eventTime=663372558, downTime=663372558, deviceId=0, source=0x1002 }
08-04 00:15:56.149  4292  4579 I art     : Starting a blocking GC Explicit
08-04 00:15:56.184  6042  6042 I Input   : injectMotionEvent: MotionEvent { action=ACTION_MOVE, actionButton=0, id[0]=0, x[0]=500.0, y[0]=442.0, toolType[0]=TOOL_TYPE_UNKNOWN, buttonState=0, metaState=0, flags=0x0, edgeFlags=0x0, pointerCount=1, historySize=0, eventTime=663372597, downTime=663372597, deviceId=0, source=0x1002 }
08-04 00:15:56.189  4292  4579 I art     : Explicit concurrent mark sweep GC freed 37(1024B) AllocSpace objects, 0(0B) LOS objects, 10% free, 135MB/151MB, paused 1.268ms total 39.567ms
08-04 00:15:56.226  6042  6042 I Input   : injectMotionEvent: MotionEvent { action=ACTION_MOVE, actionButton=0, id[0]=0, x[0]=500.0, y[0]=362.20007, toolType[0]=TOOL_TYPE_UNKNOWN, buttonState=0, metaState=0, flags=0x0, edgeFlags=0x0, pointerCount=1, historySize=0, eventTime=663372639, downTime=663372639, deviceId=0, source=0x1002 }
08-04 00:15:56.266  6042  6042 I Input   : injectMotionEvent: MotionEvent { action=ACTION_MOVE, actionButton=0, id[0]=0, x[0]=500.0, y[0]=286.19995, toolType[0]=TOOL_TYPE_UNKNOWN, buttonState=0, metaState=0, flags=0x0, edgeFlags=0x0, pointerCount=1, historySize=0, eventTime=663372679, downTime=663372679, deviceId=0, source=0x1002 }
08-04 00:15:56.303  6042  6042 I Input   : injectMotionEvent: MotionEvent { action=ACTION_MOVE, actionButton=0, id[0]=0, x[0]=500.0, y[0]=215.90002, toolType[0]=TOOL_TYPE_UNKNOWN, buttonState=0, metaState=0, flags=0x0, edgeFlags=0x0, pointerCount=1, historySize=0, eventTime=663372716, downTime=663372716, deviceId=0, source=0x1002 }
08-04 00:15:56.350  6042  6042 I Input   : injectMotionEvent: MotionEvent { action=ACTION_MOVE, actionButton=0, id[0]=0, x[0]=500.0, y[0]=126.599976, toolType[0]=TOOL_TYPE_UNKNOWN, buttonState=0, metaState=0, flags=0x0, edgeFlags=0x0, pointerCount=1, historySize=0, eventTime=663372763, downTime=663372763, deviceId=0, source=0x1002 }
08-04 00:15:56.387  6042  6042 I Input   : injectMotionEvent: MotionEvent { action=ACTION_UP, actionButton=0, id[0]=0, x[0]=500.0, y[0]=100.0, toolType[0]=TOOL_TYPE_UNKNOWN, buttonState=0, metaState=0, flags=0x0, edgeFlags=0x0, pointerCount=1, historySize=0, eventTime=663372800, downTime=663372800, deviceId=0, source=0x1002 }
08-04 00:15:56.420  6042  6042 D AndroidRuntime: Shutting down VM
08-04 00:15:56.577  4292  5627 I art     : Starting a blocking GC Explicit
08-04 00:15:56.630  4292  5627 I art     : Explicit concurrent mark sweep GC freed 1593(92KB) AllocSpace objects, 2(36KB) LOS objects, 10% free, 135MB/151MB, paused 1.209ms total 51.779ms
08-04 00:15:56.654  4292  5627 I art     : Starting a blocking GC Explicit
08-04 00:15:56.697  4292  5627 I art     : Explicit concurrent mark sweep GC freed 28(1024B) AllocSpace objects, 0(0B) LOS objects, 10% free, 135MB/151MB, paused 1.159ms total 42.240ms
08-04 00:15:56.714  4292  5627 I art     : Starting a blocking GC Explicit
08-04 00:15:56.757  4292  5627 I art     : Explicit concurrent mark sweep GC freed 3(96B) AllocSpace objects, 0(0B) LOS objects, 10% free, 135MB/151MB, paused 1.224ms total 42.757ms
08-04 00:15:56.774  4292  5627 I art     : Starting a blocking GC Explicit
08-04 00:15:56.818  4292  5627 I art     : Explicit concurrent mark sweep GC freed 3(96B) AllocSpace objects, 0(0B) LOS objects, 10% free, 135MB/151MB, paused 1.284ms total 43.414ms
08-04 00:15:56.835  4292  5627 I art     : Starting a blocking GC Explicit
08-04 00:15:56.879  4292  5627 I art     : Explicit concurrent mark sweep GC freed 15(752B) AllocSpace objects, 0(0B) LOS objects, 10% free, 135MB/151MB, paused 1.156ms total 43.940ms
08-04 00:15:57.203  6089  6089 D AndroidRuntime: >>>>>> START com.android.internal.os.RuntimeInit uid 2000 <<<<<<
08-04 00:15:57.210  6089  6089 D AndroidRuntime: CheckJNI is OFF
08-04 00:15:57.259  6089  6089 D ICU     : No timezone override file found: /data/misc/zoneinfo/current/icu/icu_tzdata.dat
08-04 00:15:57.271  4292  4304 I art     : Starting a blocking GC Explicit
08-04 00:15:57.306  6089  6089 I Radio-JNI: register_android_hardware_Radio DONE
08-04 00:15:57.320  4292  4304 I art     : Explicit concurrent mark sweep GC freed 1624(93KB) AllocSpace objects, 2(36KB) LOS objects, 10% free, 135MB/151MB, paused 1.273ms total 47.817ms
08-04 00:15:57.335  6089  6089 D AndroidRuntime: Calling main entry com.android.commands.input.Input
08-04 00:15:57.337  4292  4304 I art     : Starting a blocking GC Explicit
08-04 00:15:57.338  6089  6089 I Input   : injectMotionEvent: MotionEvent { action=ACTION_DOWN, actionButton=0, id[0]=0, x[0]=657.0, y[0]=2080.0, toolType[0]=TOOL_TYPE_UNKNOWN, buttonState=0, metaState=0, flags=0x0, edgeFlags=0x0, pointerCount=1, historySize=0, eventTime=663373750, downTime=663373750, deviceId=0, source=0x1002 }
08-04 00:15:57.342  6089  6089 I Input   : injectMotionEvent: MotionEvent { action=ACTION_UP, actionButton=0, id[0]=0, x[0]=657.0, y[0]=2080.0, toolType[0]=TOOL_TYPE_UNKNOWN, buttonState=0, metaState=0, flags=0x0, edgeFlags=0x0, pointerCount=1, historySize=0, eventTime=663373750, downTime=663373750, deviceId=0, source=0x1002 }
08-04 00:15:57.346   918  5952 I ActivityManager: START u0 {cmp=baseline.io.github.project_travel_mate/.utilities.UpcomingWeekendsActivity} from uid 10650 on display 0
08-04 00:15:57.346   512  2967 D audio_hw_primary: out_set_parameters: enter: usecase(1: low-latency-playback) kvpairs: routing=2
08-04 00:15:57.347  6089  6089 D AndroidRuntime: Shutting down VM
08-04 00:15:57.360   512  2967 D audio_hw_primary: select_devices: out_snd_device(2: speaker) in_snd_device(0: none)
08-04 00:15:57.360   512  2967 D msm8974_platform: platform_send_audio_calibration: sending audio calibration for snd_device(2) acdb_id(15)
08-04 00:15:57.360   512  2967 I soundtrigger: audio_extn_sound_trigger_update_device_status: device 0x2 of type 0 for Event 1
08-04 00:15:57.373   512  2967 D audio_hw_primary: enable_snd_device: snd_device(2: speaker)
08-04 00:15:57.375   512  2967 D audio_hw_primary: enable_audio_route: apply and update mixer path: low-latency-playback speaker
08-04 00:15:57.381  4292  4304 I art     : Explicit concurrent mark sweep GC freed 291(28KB) AllocSpace objects, 0(0B) LOS objects, 10% free, 135MB/151MB, paused 1.900ms total 43.158ms
08-04 00:15:57.384  4292  4358 D Gabe    : call	returning from cache
08-04 00:15:57.388  4292  4292 V EXECUTING: https://project-travel-mate.herokuapp.com/api/get-upcoming-holidays/2020
08-04 00:15:57.391  4292  4292 V EXECUTING: https://project-travel-mate.herokuapp.com/api/get-upcoming-holidays/2020
08-04 00:15:57.399  4292  4304 I art     : Starting a blocking GC Explicit
08-04 00:15:57.442  4292  4304 I art     : Explicit concurrent mark sweep GC freed 692(83KB) AllocSpace objects, 0(0B) LOS objects, 10% free, 135MB/151MB, paused 1.414ms total 42.283ms
08-04 00:15:57.458  4292  4304 I art     : Starting a blocking GC Explicit
08-04 00:15:57.491 13866 13866 I GoogleInputMethodServic: GoogleInputMethodService.onFinishInput():3138 
08-04 00:15:57.492 13866 13866 I GoogleInputMethodServic: GoogleInputMethodService.onStartInput():1808 
08-04 00:15:57.500  4292  4304 I art     : Explicit concurrent mark sweep GC freed 904(39KB) AllocSpace objects, 0(0B) LOS objects, 10% free, 139MB/155MB, paused 1.668ms total 41.150ms
08-04 00:15:57.518  4292  4304 I art     : Starting a blocking GC Explicit
08-04 00:15:57.561  4292  4304 I art     : Explicit concurrent mark sweep GC freed 106(3KB) AllocSpace objects, 0(0B) LOS objects, 10% free, 139MB/155MB, paused 1.586ms total 42.528ms
08-04 00:15:57.600   918   936 I ActivityManager: Displayed baseline.io.github.project_travel_mate/.utilities.UpcomingWeekendsActivity: +243ms
08-04 00:15:57.846   380   380 W SurfaceFlinger: couldn't log to binary event log: overflow.
08-04 00:15:57.899  4292  6117 I NAPPA_EXPERIMENTATION: MetricNetworkRequestExecutionTime: REQUEST_DURATION_SYSTEM='507',REQUEST_DURATION_OKHTTP='31',REQUEST_SYNCHRONOUS='FALSE',RESPONSE_CODE='200',RESPONSE_METHOD='GET',RESPONSE_LENGTH_OKHTTP='6426',RESPONSE_LENGTH_HEADER='6426',REQUEST_PROTOCOL='http/1.1',REQUEST_URL='https://project-travel-mate.herokuapp.com/api/get-upcoming-holidays/2020',
08-04 00:15:57.905  4292  4292 V Response: [{"month":"January","date":1,"day":"Wednesday","name":"New Year's Day","type":"Restricted"},{"month":"January","date":2,"day":"Thursday","name":"Guru Govind Singh Jayanti","type":"Restricted"},{"month":"January","date":14,"day":"Tuesday","name":"Lohri","type":"Restricted"},{"month":"January","date":15,"day":"Wednesday","name":"Pongal","type":"Restricted"},{"month":"January","date":15,"day":"Wednesday","name":"Makar Sankranti","type":"Restricted"},{"month":"January","date":25,"day":"Saturday","name":"Chinese New Year","type":"Observance"},{"month":"January","date":26,"day":"Sunday","name":"Republic Day","type":"Gazetted"},{"month":"January","date":30,"day":"Thursday","name":"Vasant Panchami","type":"Restricted"},{"month":"February","date":9,"day":"Sunday","name":"Guru Ravidas Jayanti","type":"Restricted"},{"month":"February","date":14,"day":"Friday","name":"Valentine's Day","type":"Observance"},{"month":"February","date":18,"day":"Tuesday","name":"Maharishi Dayanand Saraswati Jayanti","type":"Restricted"},{"month":"February","date":19,"day":"Wednesday","name":"Shivaji Jayanti","type":"Restricted"},{"month":"February","date":21,"day":"Friday","name":"Maha Shivaratri/Shivaratri","type":"Gazetted"},{"month":"March","date":9,"day":"Monday","name":"Holika Dahana","type":"Restricted"},{"month":"March","date":9,"day":"Monday","name":"Hazarat Ali's Birthday","type":"Restricted"},{"month":"March","date":10,"day":"Tuesday","name":"Holi","type":"Gazetted"},{"month":"March","date":20,"day":"Friday","name":"March Equinox","type":"Season"},{"month":"March","date":25,"day":"Wednesday","name":"Chaitra Sukhladi","type":"Restricted"},{"month":"April","date":2,"day":"Thursday","name":"Rama Navami","type":"Gazetted"},{"month":"April","date":6,"day":"Monday","name":"Mahavir Jayanti","type":"Gazetted"},{"month":"April","date":9,"day":"Thursday","name":"First day of Passover","type":"Observance"},{"month":"April","date":9,"day":"Thursday","name":"Maundy Thursday","type":"Observance,"},{"month":"April","date":10,"day":"Friday","name":"Good Friday","type":"Gazetted"},{"month":"April","date":12,"day":"Sunday","name":"Easter Day","type":"Restricted"},{"month":"April","date":13,"day":"Monday","name":"Vaisakhi","type":"Restricted"},{"month":"April","date":14,"day":"Tuesday","name":"Mesadi/Vaisakhadi","type":"Restricted"},{"month":"April","date":14,"day":"Tuesday","name":"Ambedkar Jayanti","type":"Central"},{"month":"May","date":1,"day":"Friday","name":"May Day","type":"Observance"},{"month":"May","date":7,"day":"Thursday","name":"Buddha Purnima/Vesak","type":"Gazetted"},{"month":"May","date":7,"day":"Thursday","name":"Birthday of Ravindranath","type":"Restricted"},{"month":"May","date":10,"day":"Sunday","name":"Mother's Day","type":"Observance"},{"month":"May","date":22,"day":"Friday","name":"Jamat Ul-Vida","type":"Restricted"},{"month":"May","date":25,"day":"Monday","name":"Ramzan Id/Eid-ul-Fitar","type":"Gazetted"},{"month":"May","date":25,"day":"Monday","name":"Ramzan Id/Eid-ul-Fitar","type":"Muslim,"},{"month":"June","date":21,"day":"Sunday","name":"June Solstice","type":"Season"},{"month":"June","date":21,"day":"Sunday","name":"Father's Day","type":"Observance"},{"month":"June","date":23,"day":"Tuesday","name":"Rath Yatra","type":"Restricted"},{"month":"July","date":5,"day":"Sunday","name":"Guru Purnima","type":"Observance"},{"month":"July","date":31,"day":"Friday","name":"Bakr Id/Eid ul-Adha","type":"Gazetted"},{"month":"August","date":2,"day":"Sunday","name":"Friendship Day","type":"Observance"},{"month":"August","date":3,"day":"Monday","name":"Raksha Bandhan (Rakhi)","type":"Restricted"},{"month":"August","date":11,"day":"Tuesday","name":"Janmashtami (Smarta)","type":"Restricted"},{"month":"August","date":12,"day":"Wednesday","name":"Janmashtami","type":"Gazetted"},{"month":"August","date":15,"day":"Saturday","name":"Independence Day","type":"Gazetted"},{"month":"August","date":16,"day":"Sunday","name":"Parsi New Year","type":"Restricted"},{"month":"August","date":22,"day":"Saturday","name":"Ganesh Chaturthi/Vin
08-04 00:15:57.909   512  2967 D audio_hw_primary: disable_audio_route: reset and update mixer path: low-latency-playback speaker
08-04 00:15:57.910   512  2967 D audio_hw_primary: disable_snd_device: snd_device(2: speaker)
08-04 00:15:57.918  4292  6116 I NAPPA_EXPERIMENTATION: MetricNetworkRequestExecutionTime: REQUEST_DURATION_SYSTEM='529',REQUEST_DURATION_OKHTTP='41',REQUEST_SYNCHRONOUS='FALSE',RESPONSE_CODE='200',RESPONSE_METHOD='GET',RESPONSE_LENGTH_OKHTTP='6426',RESPONSE_LENGTH_HEADER='6426',REQUEST_PROTOCOL='http/1.1',REQUEST_URL='https://project-travel-mate.herokuapp.com/api/get-upcoming-holidays/2020',
08-04 00:15:57.918   512  2967 I soundtrigger: audio_extn_sound_trigger_update_device_status: device 0x2 of type 0 for Event 0
08-04 00:15:57.925  4292  4579 I art     : Starting a blocking GC Explicit
08-04 00:15:57.974  4292  4579 I art     : Explicit concurrent mark sweep GC freed 12860(622KB) AllocSpace objects, 11(484KB) LOS objects, 10% free, 140MB/156MB, paused 1.615ms total 48.808ms
08-04 00:15:57.986  4292  4292 V Response: [{"month":"January","date":1,"day":"Wednesday","name":"New Year's Day","type":"Restricted"},{"month":"January","date":2,"day":"Thursday","name":"Guru Govind Singh Jayanti","type":"Restricted"},{"month":"January","date":14,"day":"Tuesday","name":"Lohri","type":"Restricted"},{"month":"January","date":15,"day":"Wednesday","name":"Pongal","type":"Restricted"},{"month":"January","date":15,"day":"Wednesday","name":"Makar Sankranti","type":"Restricted"},{"month":"January","date":25,"day":"Saturday","name":"Chinese New Year","type":"Observance"},{"month":"January","date":26,"day":"Sunday","name":"Republic Day","type":"Gazetted"},{"month":"January","date":30,"day":"Thursday","name":"Vasant Panchami","type":"Restricted"},{"month":"February","date":9,"day":"Sunday","name":"Guru Ravidas Jayanti","type":"Restricted"},{"month":"February","date":14,"day":"Friday","name":"Valentine's Day","type":"Observance"},{"month":"February","date":18,"day":"Tuesday","name":"Maharishi Dayanand Saraswati Jayanti","type":"Restricted"},{"month":"February","date":19,"day":"Wednesday","name":"Shivaji Jayanti","type":"Restricted"},{"month":"February","date":21,"day":"Friday","name":"Maha Shivaratri/Shivaratri","type":"Gazetted"},{"month":"March","date":9,"day":"Monday","name":"Holika Dahana","type":"Restricted"},{"month":"March","date":9,"day":"Monday","name":"Hazarat Ali's Birthday","type":"Restricted"},{"month":"March","date":10,"day":"Tuesday","name":"Holi","type":"Gazetted"},{"month":"March","date":20,"day":"Friday","name":"March Equinox","type":"Season"},{"month":"March","date":25,"day":"Wednesday","name":"Chaitra Sukhladi","type":"Restricted"},{"month":"April","date":2,"day":"Thursday","name":"Rama Navami","type":"Gazetted"},{"month":"April","date":6,"day":"Monday","name":"Mahavir Jayanti","type":"Gazetted"},{"month":"April","date":9,"day":"Thursday","name":"First day of Passover","type":"Observance"},{"month":"April","date":9,"day":"Thursday","name":"Maundy Thursday","type":"Observance,"},{"month":"April","date":10,"day":"Friday","name":"Good Friday","type":"Gazetted"},{"month":"April","date":12,"day":"Sunday","name":"Easter Day","type":"Restricted"},{"month":"April","date":13,"day":"Monday","name":"Vaisakhi","type":"Restricted"},{"month":"April","date":14,"day":"Tuesday","name":"Mesadi/Vaisakhadi","type":"Restricted"},{"month":"April","date":14,"day":"Tuesday","name":"Ambedkar Jayanti","type":"Central"},{"month":"May","date":1,"day":"Friday","name":"May Day","type":"Observance"},{"month":"May","date":7,"day":"Thursday","name":"Buddha Purnima/Vesak","type":"Gazetted"},{"month":"May","date":7,"day":"Thursday","name":"Birthday of Ravindranath","type":"Restricted"},{"month":"May","date":10,"day":"Sunday","name":"Mother's Day","type":"Observance"},{"month":"May","date":22,"day":"Friday","name":"Jamat Ul-Vida","type":"Restricted"},{"month":"May","date":25,"day":"Monday","name":"Ramzan Id/Eid-ul-Fitar","type":"Gazetted"},{"month":"May","date":25,"day":"Monday","name":"Ramzan Id/Eid-ul-Fitar","type":"Muslim,"},{"month":"June","date":21,"day":"Sunday","name":"June Solstice","type":"Season"},{"month":"June","date":21,"day":"Sunday","name":"Father's Day","type":"Observance"},{"month":"June","date":23,"day":"Tuesday","name":"Rath Yatra","type":"Restricted"},{"month":"July","date":5,"day":"Sunday","name":"Guru Purnima","type":"Observance"},{"month":"July","date":31,"day":"Friday","name":"Bakr Id/Eid ul-Adha","type":"Gazetted"},{"month":"August","date":2,"day":"Sunday","name":"Friendship Day","type":"Observance"},{"month":"August","date":3,"day":"Monday","name":"Raksha Bandhan (Rakhi)","type":"Restricted"},{"month":"August","date":11,"day":"Tuesday","name":"Janmashtami (Smarta)","type":"Restricted"},{"month":"August","date":12,"day":"Wednesday","name":"Janmashtami","type":"Gazetted"},{"month":"August","date":15,"day":"Saturday","name":"Independence Day","type":"Gazetted"},{"month":"August","date":16,"day":"Sunday","name":"Parsi New Year","type":"Restricted"},{"month":"August","date":22,"day":"Saturday","name":"Ganesh Chaturthi/Vin
08-04 00:15:57.992  4292  4579 I art     : Starting a blocking GC Explicit
08-04 00:15:58.038  4292  4579 I art     : Explicit concurrent mark sweep GC freed 9933(526KB) AllocSpace objects, 0(0B) LOS objects, 10% free, 140MB/156MB, paused 1.623ms total 45.949ms
08-04 00:15:58.057  4292  4579 I art     : Starting a blocking GC Explicit
08-04 00:15:58.102  4292  4579 I art     : Explicit concurrent mark sweep GC freed 1445(81KB) AllocSpace objects, 1(4MB) LOS objects, 10% free, 136MB/152MB, paused 1.165ms total 44.931ms
08-04 00:15:58.119  4292  4579 I art     : Starting a blocking GC Explicit
08-04 00:15:58.162  4292  4579 I art     : Explicit concurrent mark sweep GC freed 80(1488B) AllocSpace objects, 0(0B) LOS objects, 10% free, 136MB/152MB, paused 1.173ms total 42.717ms
08-04 00:15:58.179  4292  4579 I art     : Starting a blocking GC Explicit
08-04 00:15:58.223  4292  4579 I art     : Explicit concurrent mark sweep GC freed 129(2496B) AllocSpace objects, 0(0B) LOS objects, 10% free, 136MB/152MB, paused 993us total 43.085ms
08-04 00:15:58.624  4292  4360 I art     : Starting a blocking GC Explicit
08-04 00:15:58.673  4292  4360 I art     : Explicit concurrent mark sweep GC freed 2244(103KB) AllocSpace objects, 2(36KB) LOS objects, 10% free, 136MB/152MB, paused 1.171ms total 49.086ms
08-04 00:15:58.694  4292  4360 I art     : Starting a blocking GC Explicit
08-04 00:15:58.741  4292  4360 I art     : Explicit concurrent mark sweep GC freed 142(3KB) AllocSpace objects, 0(0B) LOS objects, 10% free, 136MB/152MB, paused 1.104ms total 46.258ms
08-04 00:15:58.759  4292  4360 I art     : Starting a blocking GC Explicit
08-04 00:15:58.805  4292  4360 I art     : Explicit concurrent mark sweep GC freed 99(1696B) AllocSpace objects, 0(0B) LOS objects, 10% free, 136MB/152MB, paused 1.125ms total 46.124ms
08-04 00:15:58.823  4292  4360 I art     : Starting a blocking GC Explicit
08-04 00:15:58.870  4292  4360 I art     : Explicit concurrent mark sweep GC freed 99(1696B) AllocSpace objects, 0(0B) LOS objects, 10% free, 136MB/152MB, paused 1.132ms total 46.829ms
08-04 00:15:58.888  4292  4360 I art     : Starting a blocking GC Explicit
08-04 00:15:58.936  4292  4360 I art     : Explicit concurrent mark sweep GC freed 98(1664B) AllocSpace objects, 0(0B) LOS objects, 10% free, 136MB/152MB, paused 1.137ms total 46.985ms
08-04 00:15:59.326  4292  5627 I art     : Starting a blocking GC Explicit
08-04 00:15:59.377  4292  5627 I art     : Explicit concurrent mark sweep GC freed 2238(102KB) AllocSpace objects, 2(36KB) LOS objects, 10% free, 136MB/152MB, paused 1.085ms total 51.001ms
08-04 00:15:59.395  4292  5627 I art     : Starting a blocking GC Explicit
08-04 00:15:59.447  4292  5627 I art     : Explicit concurrent mark sweep GC freed 124(2624B) AllocSpace objects, 0(0B) LOS objects, 10% free, 136MB/152MB, paused 1.199ms total 51.805ms
08-04 00:15:59.465  4292  5627 I art     : Starting a blocking GC Explicit
08-04 00:15:59.517  4292  5627 I art     : Explicit concurrent mark sweep GC freed 102(1728B) AllocSpace objects, 0(0B) LOS objects, 10% free, 136MB/152MB, paused 1.357ms total 52.112ms
08-04 00:15:59.536  4292  5627 I art     : Starting a blocking GC Explicit
08-04 00:15:59.587  4292  5627 I art     : Explicit concurrent mark sweep GC freed 117(2000B) AllocSpace objects, 0(0B) LOS objects, 10% free, 136MB/152MB, paused 1.218ms total 51.049ms
08-04 00:15:59.605  4292  5627 I art     : Starting a blocking GC Explicit
08-04 00:15:59.652  4292  5627 I art     : Explicit concurrent mark sweep GC freed 102(1760B) AllocSpace objects, 0(0B) LOS objects, 10% free, 136MB/152MB, paused 1.223ms total 46.821ms
08-04 00:16:00.062  4292  4305 I art     : Starting a blocking GC Explicit
08-04 00:16:00.106  4292  4305 I art     : Explicit concurrent mark sweep GC freed 2242(103KB) AllocSpace objects, 2(36KB) LOS objects, 10% free, 136MB/152MB, paused 1.090ms total 44.391ms
08-04 00:16:00.124  4292  4305 I art     : Starting a blocking GC Explicit
08-04 00:16:00.173  4292  4305 I art     : Explicit concurrent mark sweep GC freed 154(3KB) AllocSpace objects, 0(0B) LOS objects, 10% free, 136MB/152MB, paused 1.171ms total 49.343ms
08-04 00:16:00.192  4292  4305 I art     : Starting a blocking GC Explicit
08-04 00:16:00.243  4292  4305 I art     : Explicit concurrent mark sweep GC freed 110(2032B) AllocSpace objects, 0(0B) LOS objects, 10% free, 136MB/152MB, paused 1.177ms total 49.939ms
08-04 00:16:00.262  4292  4305 I art     : Starting a blocking GC Explicit
08-04 00:16:00.316  4292  4305 I art     : Explicit concurrent mark sweep GC freed 99(1696B) AllocSpace objects, 0(0B) LOS objects, 10% free, 136MB/152MB, paused 1.119ms total 53.623ms
08-04 00:16:00.336  4292  4305 I art     : Starting a blocking GC Explicit
08-04 00:16:00.386  4292  4305 I art     : Explicit concurrent mark sweep GC freed 114(1936B) AllocSpace objects, 0(0B) LOS objects, 10% free, 136MB/152MB, paused 1.303ms total 49.052ms
08-04 00:16:00.813  4292  4304 I art     : Starting a blocking GC Explicit
08-04 00:16:00.868  4292  4304 I art     : Explicit concurrent mark sweep GC freed 2264(103KB) AllocSpace objects, 2(36KB) LOS objects, 10% free, 136MB/152MB, paused 1.100ms total 54.352ms
08-04 00:16:00.888  4292  4304 I art     : Starting a blocking GC Explicit
08-04 00:16:00.938  4292  4304 I art     : Explicit concurrent mark sweep GC freed 147(2992B) AllocSpace objects, 0(0B) LOS objects, 10% free, 136MB/152MB, paused 1.234ms total 49.224ms
08-04 00:16:00.956  4292  4304 I art     : Starting a blocking GC Explicit
08-04 00:16:01.007  4292  4304 I art     : Explicit concurrent mark sweep GC freed 100(1728B) AllocSpace objects, 0(0B) LOS objects, 10% free, 136MB/152MB, paused 1.311ms total 51.072ms
08-04 00:16:01.026  4292  4304 I art     : Starting a blocking GC Explicit
08-04 00:16:01.075  4292  4304 I art     : Explicit concurrent mark sweep GC freed 99(1696B) AllocSpace objects, 0(0B) LOS objects, 10% free, 136MB/152MB, paused 1.183ms total 49.247ms
08-04 00:16:01.093  4292  4304 I art     : Starting a blocking GC Explicit
08-04 00:16:01.147  4292  4304 I art     : Explicit concurrent mark sweep GC freed 99(1696B) AllocSpace objects, 0(0B) LOS objects, 10% free, 136MB/152MB, paused 1.167ms total 52.850ms
08-04 00:16:01.553  4292  4579 I art     : Starting a blocking GC Explicit
08-04 00:16:01.606  4292  4579 I art     : Explicit concurrent mark sweep GC freed 2296(104KB) AllocSpace objects, 2(36KB) LOS objects, 10% free, 136MB/152MB, paused 1.134ms total 51.829ms
08-04 00:16:01.624  4292  4579 I art     : Starting a blocking GC Explicit
08-04 00:16:01.670  4292  4579 I art     : Explicit concurrent mark sweep GC freed 135(3KB) AllocSpace objects, 0(0B) LOS objects, 10% free, 136MB/152MB, paused 1.157ms total 45.232ms
08-04 00:16:01.687  4292  4579 I art     : Starting a blocking GC Explicit
08-04 00:16:01.735  4292  4579 I art     : Explicit concurrent mark sweep GC freed 75(1296B) AllocSpace objects, 0(0B) LOS objects, 10% free, 136MB/152MB, paused 1.175ms total 47.025ms
08-04 00:16:01.753  4292  4579 I art     : Starting a blocking GC Explicit
08-04 00:16:01.802  4292  4579 I art     : Explicit concurrent mark sweep GC freed 98(1664B) AllocSpace objects, 0(0B) LOS objects, 10% free, 136MB/152MB, paused 1.107ms total 49.022ms
08-04 00:16:01.820  4292  4579 I art     : Starting a blocking GC Explicit
08-04 00:16:01.872  4292  4579 I art     : Explicit concurrent mark sweep GC freed 113(1936B) AllocSpace objects, 0(0B) LOS objects, 10% free, 136MB/152MB, paused 1.384ms total 51.124ms
08-04 00:16:02.133  6182  6182 D AndroidRuntime: >>>>>> START com.android.internal.os.RuntimeInit uid 2000 <<<<<<
08-04 00:16:02.139  6182  6182 D AndroidRuntime: CheckJNI is OFF
08-04 00:16:02.181  6182  6182 D ICU     : No timezone override file found: /data/misc/zoneinfo/current/icu/icu_tzdata.dat
08-04 00:16:02.222  6182  6182 I Radio-JNI: register_android_hardware_Radio DONE
08-04 00:16:02.251  6182  6182 D AndroidRuntime: Calling main entry com.android.commands.input.Input
08-04 00:16:02.253  6182  6182 I Input   : injectKeyEvent: KeyEvent { action=ACTION_DOWN, keyCode=KEYCODE_BACK, scanCode=0, metaState=0, flags=0x0, repeatCount=0, eventTime=663378666, downTime=663378666, deviceId=-1, source=0x101 }
08-04 00:16:02.262  6182  6182 I Input   : injectKeyEvent: KeyEvent { action=ACTION_UP, keyCode=KEYCODE_BACK, scanCode=0, metaState=0, flags=0x0, repeatCount=0, eventTime=663378666, downTime=663378666, deviceId=-1, source=0x101 }
08-04 00:16:02.270  6182  6182 D AndroidRuntime: Shutting down VM
08-04 00:16:02.285  4292  4304 I art     : Starting a blocking GC Explicit
08-04 00:16:02.286  4292  4292 V MainActivity: url = https://project-travel-mate.herokuapp.com/api/number-of-unread-notifications
08-04 00:16:02.315 13866 13866 I GoogleInputMethodServic: GoogleInputMethodService.onFinishInput():3138 
08-04 00:16:02.315 13866 13866 I GoogleInputMethodServic: GoogleInputMethodService.onStartInput():1808 
08-04 00:16:02.329  4292  4304 I art     : Explicit concurrent mark sweep GC freed 2576(116KB) AllocSpace objects, 2(36KB) LOS objects, 10% free, 136MB/152MB, paused 1.219ms total 43.774ms
08-04 00:16:02.329  4292  4303 I art     : WaitForGcToComplete blocked for 9.545ms for cause HeapTrim
08-04 00:16:02.348  4292  4304 I art     : Starting a blocking GC Explicit
08-04 00:16:02.393  4292  4304 I art     : Explicit concurrent mark sweep GC freed 193(9KB) AllocSpace objects, 0(0B) LOS objects, 10% free, 136MB/152MB, paused 1.335ms total 44.903ms
08-04 00:16:02.414  4292  4304 I art     : Starting a blocking GC Explicit
08-04 00:16:02.455  4292  4304 I art     : Explicit concurrent mark sweep GC freed 143(3KB) AllocSpace objects, 0(0B) LOS objects, 10% free, 136MB/152MB, paused 1.087ms total 41.187ms
08-04 00:16:02.472  4292  4304 I art     : Starting a blocking GC Explicit
08-04 00:16:02.516  4292  4304 I art     : Explicit concurrent mark sweep GC freed 111(2864B) AllocSpace objects, 0(0B) LOS objects, 10% free, 136MB/152MB, paused 1.182ms total 43.783ms
08-04 00:16:02.535  4292  4304 I art     : Starting a blocking GC Explicit
08-04 00:16:02.581  4292  4304 I art     : Explicit concurrent mark sweep GC freed 103(1888B) AllocSpace objects, 0(0B) LOS objects, 10% free, 136MB/152MB, paused 1.279ms total 45.366ms
08-04 00:16:02.634   380   380 W SurfaceFlinger: couldn't log to binary event log: overflow.
08-04 00:16:02.974  4292  4304 I art     : Starting a blocking GC Explicit
08-04 00:16:03.038  4292  4304 I art     : Explicit concurrent mark sweep GC freed 1712(95KB) AllocSpace objects, 2(36KB) LOS objects, 10% free, 136MB/152MB, paused 1.353ms total 63.931ms
08-04 00:16:03.064  4292  4304 I art     : Starting a blocking GC Explicit
08-04 00:16:03.112  4292  4304 I art     : Explicit concurrent mark sweep GC freed 9176(492KB) AllocSpace objects, 16(464KB) LOS objects, 10% free, 135MB/151MB, paused 1.282ms total 47.253ms
08-04 00:16:03.125  4292  6206 I NAPPA_EXPERIMENTATION: MetricNetworkRequestExecutionTime: REQUEST_DURATION_SYSTEM='837',REQUEST_DURATION_OKHTTP='29',REQUEST_SYNCHRONOUS='FALSE',RESPONSE_CODE='200',RESPONSE_METHOD='GET',RESPONSE_LENGTH_OKHTTP='36',RESPONSE_LENGTH_HEADER='36',REQUEST_PROTOCOL='http/1.1',REQUEST_URL='https://project-travel-mate.herokuapp.com/api/number-of-unread-notifications',
08-04 00:16:03.130  4292  4304 I art     : Starting a blocking GC Explicit
08-04 00:16:03.177  4292  4304 I art     : Explicit concurrent mark sweep GC freed 1143(130KB) AllocSpace objects, 0(0B) LOS objects, 10% free, 135MB/151MB, paused 1.117ms total 46.588ms
08-04 00:16:03.195  4292  4304 I art     : Starting a blocking GC Explicit
08-04 00:16:03.241  4292  4304 I art     : Explicit concurrent mark sweep GC freed 99(4KB) AllocSpace objects, 0(0B) LOS objects, 10% free, 135MB/151MB, paused 1.248ms total 45.978ms
08-04 00:16:03.262  4292  4304 I art     : Starting a blocking GC Explicit
08-04 00:16:03.309  4292  4304 I art     : Explicit concurrent mark sweep GC freed 3(96B) AllocSpace objects, 0(0B) LOS objects, 10% free, 135MB/151MB, paused 1.207ms total 46.338ms
08-04 00:16:03.627 31401 31401 I ServiceManager: Waiting for service AtCmdFwd...
08-04 00:16:03.702  4292  4305 I art     : Starting a blocking GC Explicit
08-04 00:16:03.757  4292  4305 I art     : Explicit concurrent mark sweep GC freed 1582(91KB) AllocSpace objects, 2(36KB) LOS objects, 10% free, 135MB/151MB, paused 1.287ms total 54.311ms
08-04 00:16:03.777  4292  4305 I art     : Starting a blocking GC Explicit
08-04 00:16:03.822  4292  4305 I art     : Explicit concurrent mark sweep GC freed 28(1024B) AllocSpace objects, 0(0B) LOS objects, 10% free, 135MB/151MB, paused 1.181ms total 45.467ms
08-04 00:16:03.840  4292  4305 I art     : Starting a blocking GC Explicit
08-04 00:16:03.885  4292  4305 I art     : Explicit concurrent mark sweep GC freed 3(96B) AllocSpace objects, 0(0B) LOS objects, 10% free, 135MB/151MB, paused 1.141ms total 44.598ms
08-04 00:16:03.902  4292  4305 I art     : Starting a blocking GC Explicit
08-04 00:16:03.946  4292  4305 I art     : Explicit concurrent mark sweep GC freed 5(160B) AllocSpace objects, 0(0B) LOS objects, 10% free, 135MB/151MB, paused 1.155ms total 43.880ms
08-04 00:16:03.964  4292  4305 I art     : Starting a blocking GC Explicit
08-04 00:16:04.007  4292  4305 I art     : Explicit concurrent mark sweep GC freed 7(224B) AllocSpace objects, 0(0B) LOS objects, 10% free, 135MB/151MB, paused 1.094ms total 41.913ms
08-04 00:16:04.070  6244  6244 D AndroidRuntime: >>>>>> START com.android.internal.os.RuntimeInit uid 2000 <<<<<<
08-04 00:16:04.075  6244  6244 D AndroidRuntime: CheckJNI is OFF
08-04 00:16:04.114  6244  6244 D ICU     : No timezone override file found: /data/misc/zoneinfo/current/icu/icu_tzdata.dat
08-04 00:16:04.153  6244  6244 I Radio-JNI: register_android_hardware_Radio DONE
08-04 00:16:04.182  6244  6244 D AndroidRuntime: Calling main entry com.android.commands.input.Input
08-04 00:16:04.183  6244  6244 I Input   : injectMotionEvent: MotionEvent { action=ACTION_DOWN, actionButton=0, id[0]=0, x[0]=657.0, y[0]=2080.0, toolType[0]=TOOL_TYPE_UNKNOWN, buttonState=0, metaState=0, flags=0x0, edgeFlags=0x0, pointerCount=1, historySize=0, eventTime=663380596, downTime=663380596, deviceId=0, source=0x1002 }
08-04 00:16:04.214  6244  6244 I Input   : injectMotionEvent: MotionEvent { action=ACTION_UP, actionButton=0, id[0]=0, x[0]=657.0, y[0]=2080.0, toolType[0]=TOOL_TYPE_UNKNOWN, buttonState=0, metaState=0, flags=0x0, edgeFlags=0x0, pointerCount=1, historySize=0, eventTime=663380596, downTime=663380596, deviceId=0, source=0x1002 }
08-04 00:16:04.216  6244  6244 D AndroidRuntime: Shutting down VM
08-04 00:16:04.257   918  3359 I ActivityManager: START u0 {cmp=baseline.io.github.project_travel_mate/.utilities.UpcomingWeekendsActivity} from uid 10650 on display 0
08-04 00:16:04.259   512  2967 D audio_hw_primary: out_set_parameters: enter: usecase(1: low-latency-playback) kvpairs: routing=2
08-04 00:16:04.272   512  2967 D audio_hw_primary: select_devices: out_snd_device(2: speaker) in_snd_device(0: none)
08-04 00:16:04.272   512  2967 D msm8974_platform: platform_send_audio_calibration: sending audio calibration for snd_device(2) acdb_id(15)
08-04 00:16:04.272   512  2967 I soundtrigger: audio_extn_sound_trigger_update_device_status: device 0x2 of type 0 for Event 1
08-04 00:16:04.281   512  2967 D audio_hw_primary: enable_snd_device: snd_device(2: speaker)
08-04 00:16:04.284   512  2967 D audio_hw_primary: enable_audio_route: apply and update mixer path: low-latency-playback speaker
08-04 00:16:04.289  4292  4358 D Gabe    : call	returning from cache
08-04 00:16:04.292  4292  4292 V EXECUTING: https://project-travel-mate.herokuapp.com/api/get-upcoming-holidays/2020
08-04 00:16:04.294  4292  4292 V EXECUTING: https://project-travel-mate.herokuapp.com/api/get-upcoming-holidays/2020
08-04 00:16:04.384  4292  4360 I art     : Starting a blocking GC Explicit
08-04 00:16:04.394 13866 13866 I GoogleInputMethodServic: GoogleInputMethodService.onFinishInput():3138 
08-04 00:16:04.394 13866 13866 I GoogleInputMethodServic: GoogleInputMethodService.onStartInput():1808 
08-04 00:16:04.431  4292  4360 I art     : Explicit concurrent mark sweep GC freed 3238(185KB) AllocSpace objects, 2(36KB) LOS objects, 10% free, 140MB/156MB, paused 1.451ms total 46.089ms
08-04 00:16:04.448  4292  4360 I art     : Starting a blocking GC Explicit
08-04 00:16:04.491  4292  4360 I art     : Explicit concurrent mark sweep GC freed 296(15KB) AllocSpace objects, 0(0B) LOS objects, 10% free, 140MB/156MB, paused 1.270ms total 42.156ms
08-04 00:16:04.502   918   936 I ActivityManager: Displayed baseline.io.github.project_travel_mate/.utilities.UpcomingWeekendsActivity: +236ms
08-04 00:16:04.508  4292  4360 I art     : Starting a blocking GC Explicit
08-04 00:16:04.554  4292  4360 I art     : Explicit concurrent mark sweep GC freed 94(2064B) AllocSpace objects, 0(0B) LOS objects, 10% free, 140MB/156MB, paused 1.444ms total 45.479ms
08-04 00:16:04.573  4292  4360 I art     : Starting a blocking GC Explicit
08-04 00:16:04.617  4292  4360 I art     : Explicit concurrent mark sweep GC freed 103(2784B) AllocSpace objects, 0(0B) LOS objects, 10% free, 140MB/156MB, paused 1.474ms total 43.719ms
08-04 00:16:04.628 31401 31401 I ServiceManager: Waiting for service AtCmdFwd...
08-04 00:16:04.635  4292  4360 I art     : Starting a blocking GC Explicit
08-04 00:16:04.679  4292  4360 I art     : Explicit concurrent mark sweep GC freed 85(1584B) AllocSpace objects, 0(0B) LOS objects, 10% free, 140MB/156MB, paused 1.189ms total 43.334ms
08-04 00:16:04.754   380   380 W SurfaceFlinger: couldn't log to binary event log: overflow.
08-04 00:16:04.819   512  2967 D audio_hw_primary: disable_audio_route: reset and update mixer path: low-latency-playback speaker
08-04 00:16:04.822   512  2967 D audio_hw_primary: disable_snd_device: snd_device(2: speaker)
08-04 00:16:04.829   512  2967 I soundtrigger: audio_extn_sound_trigger_update_device_status: device 0x2 of type 0 for Event 0
08-04 00:16:04.886  4292  6287 I NAPPA_EXPERIMENTATION: MetricNetworkRequestExecutionTime: REQUEST_DURATION_SYSTEM='594',REQUEST_DURATION_OKHTTP='49',REQUEST_SYNCHRONOUS='FALSE',RESPONSE_CODE='200',RESPONSE_METHOD='GET',RESPONSE_LENGTH_OKHTTP='6426',RESPONSE_LENGTH_HEADER='6426',REQUEST_PROTOCOL='http/1.1',REQUEST_URL='https://project-travel-mate.herokuapp.com/api/get-upcoming-holidays/2020',
08-04 00:16:04.893  4292  6288 I NAPPA_EXPERIMENTATION: MetricNetworkRequestExecutionTime: REQUEST_DURATION_SYSTEM='597',REQUEST_DURATION_OKHTTP='58',REQUEST_SYNCHRONOUS='FALSE',RESPONSE_CODE='200',RESPONSE_METHOD='GET',RESPONSE_LENGTH_OKHTTP='6426',RESPONSE_LENGTH_HEADER='6426',REQUEST_PROTOCOL='http/1.1',REQUEST_URL='https://project-travel-mate.herokuapp.com/api/get-upcoming-holidays/2020',
08-04 00:16:04.988  4292  4292 V Response: [{"month":"January","date":1,"day":"Wednesday","name":"New Year's Day","type":"Restricted"},{"month":"January","date":2,"day":"Thursday","name":"Guru Govind Singh Jayanti","type":"Restricted"},{"month":"January","date":14,"day":"Tuesday","name":"Lohri","type":"Restricted"},{"month":"January","date":15,"day":"Wednesday","name":"Pongal","type":"Restricted"},{"month":"January","date":15,"day":"Wednesday","name":"Makar Sankranti","type":"Restricted"},{"month":"January","date":25,"day":"Saturday","name":"Chinese New Year","type":"Observance"},{"month":"January","date":26,"day":"Sunday","name":"Republic Day","type":"Gazetted"},{"month":"January","date":30,"day":"Thursday","name":"Vasant Panchami","type":"Restricted"},{"month":"February","date":9,"day":"Sunday","name":"Guru Ravidas Jayanti","type":"Restricted"},{"month":"February","date":14,"day":"Friday","name":"Valentine's Day","type":"Observance"},{"month":"February","date":18,"day":"Tuesday","name":"Maharishi Dayanand Saraswati Jayanti","type":"Restricted"},{"month":"February","date":19,"day":"Wednesday","name":"Shivaji Jayanti","type":"Restricted"},{"month":"February","date":21,"day":"Friday","name":"Maha Shivaratri/Shivaratri","type":"Gazetted"},{"month":"March","date":9,"day":"Monday","name":"Holika Dahana","type":"Restricted"},{"month":"March","date":9,"day":"Monday","name":"Hazarat Ali's Birthday","type":"Restricted"},{"month":"March","date":10,"day":"Tuesday","name":"Holi","type":"Gazetted"},{"month":"March","date":20,"day":"Friday","name":"March Equinox","type":"Season"},{"month":"March","date":25,"day":"Wednesday","name":"Chaitra Sukhladi","type":"Restricted"},{"month":"April","date":2,"day":"Thursday","name":"Rama Navami","type":"Gazetted"},{"month":"April","date":6,"day":"Monday","name":"Mahavir Jayanti","type":"Gazetted"},{"month":"April","date":9,"day":"Thursday","name":"First day of Passover","type":"Observance"},{"month":"April","date":9,"day":"Thursday","name":"Maundy Thursday","type":"Observance,"},{"month":"April","date":10,"day":"Friday","name":"Good Friday","type":"Gazetted"},{"month":"April","date":12,"day":"Sunday","name":"Easter Day","type":"Restricted"},{"month":"April","date":13,"day":"Monday","name":"Vaisakhi","type":"Restricted"},{"month":"April","date":14,"day":"Tuesday","name":"Mesadi/Vaisakhadi","type":"Restricted"},{"month":"April","date":14,"day":"Tuesday","name":"Ambedkar Jayanti","type":"Central"},{"month":"May","date":1,"day":"Friday","name":"May Day","type":"Observance"},{"month":"May","date":7,"day":"Thursday","name":"Buddha Purnima/Vesak","type":"Gazetted"},{"month":"May","date":7,"day":"Thursday","name":"Birthday of Ravindranath","type":"Restricted"},{"month":"May","date":10,"day":"Sunday","name":"Mother's Day","type":"Observance"},{"month":"May","date":22,"day":"Friday","name":"Jamat Ul-Vida","type":"Restricted"},{"month":"May","date":25,"day":"Monday","name":"Ramzan Id/Eid-ul-Fitar","type":"Gazetted"},{"month":"May","date":25,"day":"Monday","name":"Ramzan Id/Eid-ul-Fitar","type":"Muslim,"},{"month":"June","date":21,"day":"Sunday","name":"June Solstice","type":"Season"},{"month":"June","date":21,"day":"Sunday","name":"Father's Day","type":"Observance"},{"month":"June","date":23,"day":"Tuesday","name":"Rath Yatra","type":"Restricted"},{"month":"July","date":5,"day":"Sunday","name":"Guru Purnima","type":"Observance"},{"month":"July","date":31,"day":"Friday","name":"Bakr Id/Eid ul-Adha","type":"Gazetted"},{"month":"August","date":2,"day":"Sunday","name":"Friendship Day","type":"Observance"},{"month":"August","date":3,"day":"Monday","name":"Raksha Bandhan (Rakhi)","type":"Restricted"},{"month":"August","date":11,"day":"Tuesday","name":"Janmashtami (Smarta)","type":"Restricted"},{"month":"August","date":12,"day":"Wednesday","name":"Janmashtami","type":"Gazetted"},{"month":"August","date":15,"day":"Saturday","name":"Independence Day","type":"Gazetted"},{"month":"August","date":16,"day":"Sunday","name":"Parsi New Year","type":"Restricted"},{"month":"August","date":22,"day":"Saturday","name":"Ganesh Chaturthi/Vin
08-04 00:16:04.991  4292  4292 V Response: [{"month":"January","date":1,"day":"Wednesday","name":"New Year's Day","type":"Restricted"},{"month":"January","date":2,"day":"Thursday","name":"Guru Govind Singh Jayanti","type":"Restricted"},{"month":"January","date":14,"day":"Tuesday","name":"Lohri","type":"Restricted"},{"month":"January","date":15,"day":"Wednesday","name":"Pongal","type":"Restricted"},{"month":"January","date":15,"day":"Wednesday","name":"Makar Sankranti","type":"Restricted"},{"month":"January","date":25,"day":"Saturday","name":"Chinese New Year","type":"Observance"},{"month":"January","date":26,"day":"Sunday","name":"Republic Day","type":"Gazetted"},{"month":"January","date":30,"day":"Thursday","name":"Vasant Panchami","type":"Restricted"},{"month":"February","date":9,"day":"Sunday","name":"Guru Ravidas Jayanti","type":"Restricted"},{"month":"February","date":14,"day":"Friday","name":"Valentine's Day","type":"Observance"},{"month":"February","date":18,"day":"Tuesday","name":"Maharishi Dayanand Saraswati Jayanti","type":"Restricted"},{"month":"February","date":19,"day":"Wednesday","name":"Shivaji Jayanti","type":"Restricted"},{"month":"February","date":21,"day":"Friday","name":"Maha Shivaratri/Shivaratri","type":"Gazetted"},{"month":"March","date":9,"day":"Monday","name":"Holika Dahana","type":"Restricted"},{"month":"March","date":9,"day":"Monday","name":"Hazarat Ali's Birthday","type":"Restricted"},{"month":"March","date":10,"day":"Tuesday","name":"Holi","type":"Gazetted"},{"month":"March","date":20,"day":"Friday","name":"March Equinox","type":"Season"},{"month":"March","date":25,"day":"Wednesday","name":"Chaitra Sukhladi","type":"Restricted"},{"month":"April","date":2,"day":"Thursday","name":"Rama Navami","type":"Gazetted"},{"month":"April","date":6,"day":"Monday","name":"Mahavir Jayanti","type":"Gazetted"},{"month":"April","date":9,"day":"Thursday","name":"First day of Passover","type":"Observance"},{"month":"April","date":9,"day":"Thursday","name":"Maundy Thursday","type":"Observance,"},{"month":"April","date":10,"day":"Friday","name":"Good Friday","type":"Gazetted"},{"month":"April","date":12,"day":"Sunday","name":"Easter Day","type":"Restricted"},{"month":"April","date":13,"day":"Monday","name":"Vaisakhi","type":"Restricted"},{"month":"April","date":14,"day":"Tuesday","name":"Mesadi/Vaisakhadi","type":"Restricted"},{"month":"April","date":14,"day":"Tuesday","name":"Ambedkar Jayanti","type":"Central"},{"month":"May","date":1,"day":"Friday","name":"May Day","type":"Observance"},{"month":"May","date":7,"day":"Thursday","name":"Buddha Purnima/Vesak","type":"Gazetted"},{"month":"May","date":7,"day":"Thursday","name":"Birthday of Ravindranath","type":"Restricted"},{"month":"May","date":10,"day":"Sunday","name":"Mother's Day","type":"Observance"},{"month":"May","date":22,"day":"Friday","name":"Jamat Ul-Vida","type":"Restricted"},{"month":"May","date":25,"day":"Monday","name":"Ramzan Id/Eid-ul-Fitar","type":"Gazetted"},{"month":"May","date":25,"day":"Monday","name":"Ramzan Id/Eid-ul-Fitar","type":"Muslim,"},{"month":"June","date":21,"day":"Sunday","name":"June Solstice","type":"Season"},{"month":"June","date":21,"day":"Sunday","name":"Father's Day","type":"Observance"},{"month":"June","date":23,"day":"Tuesday","name":"Rath Yatra","type":"Restricted"},{"month":"July","date":5,"day":"Sunday","name":"Guru Purnima","type":"Observance"},{"month":"July","date":31,"day":"Friday","name":"Bakr Id/Eid ul-Adha","type":"Gazetted"},{"month":"August","date":2,"day":"Sunday","name":"Friendship Day","type":"Observance"},{"month":"August","date":3,"day":"Monday","name":"Raksha Bandhan (Rakhi)","type":"Restricted"},{"month":"August","date":11,"day":"Tuesday","name":"Janmashtami (Smarta)","type":"Restricted"},{"month":"August","date":12,"day":"Wednesday","name":"Janmashtami","type":"Gazetted"},{"month":"August","date":15,"day":"Saturday","name":"Independence Day","type":"Gazetted"},{"month":"August","date":16,"day":"Sunday","name":"Parsi New Year","type":"Restricted"},{"month":"August","date":22,"day":"Saturday","name":"Ganesh Chaturthi/Vin
08-04 00:16:05.058  4292  5627 I art     : Starting a blocking GC Explicit
08-04 00:16:05.114  4292  5627 I art     : Explicit concurrent mark sweep GC freed 16751(725KB) AllocSpace objects, 12(4MB) LOS objects, 10% free, 137MB/153MB, paused 1.379ms total 55.276ms
08-04 00:16:05.132  4292  5627 I art     : Starting a blocking GC Explicit
08-04 00:16:05.183  4292  5627 I art     : Explicit concurrent mark sweep GC freed 2281(246KB) AllocSpace objects, 0(0B) LOS objects, 10% free, 136MB/152MB, paused 1.244ms total 50.345ms
08-04 00:16:05.202  4292  5627 I art     : Starting a blocking GC Explicit
08-04 00:16:05.251  4292  5627 I art     : Explicit concurrent mark sweep GC freed 100(1728B) AllocSpace objects, 0(0B) LOS objects, 10% free, 136MB/152MB, paused 1.262ms total 49.117ms
08-04 00:16:05.269  4292  5627 I art     : Starting a blocking GC Explicit
08-04 00:16:05.319  4292  5627 I art     : Explicit concurrent mark sweep GC freed 99(1696B) AllocSpace objects, 0(0B) LOS objects, 10% free, 136MB/152MB, paused 1.222ms total 49.803ms
08-04 00:16:05.338  4292  5627 I art     : Starting a blocking GC Explicit
08-04 00:16:05.390  4292  5627 I art     : Explicit concurrent mark sweep GC freed 98(1664B) AllocSpace objects, 0(0B) LOS objects, 10% free, 136MB/152MB, paused 1.605ms total 52.158ms
08-04 00:16:05.628 31401 31401 I ServiceManager: Waiting for service AtCmdFwd...
08-04 00:16:05.773  4292  4305 I art     : Starting a blocking GC Explicit
08-04 00:16:05.827  4292  4305 I art     : Explicit concurrent mark sweep GC freed 2222(102KB) AllocSpace objects, 2(36KB) LOS objects, 10% free, 136MB/152MB, paused 1.455ms total 52.663ms
08-04 00:16:05.847  4292  4305 I art     : Starting a blocking GC Explicit
08-04 00:16:05.897  4292  4305 I art     : Explicit concurrent mark sweep GC freed 145(3KB) AllocSpace objects, 0(0B) LOS objects, 10% free, 136MB/152MB, paused 1.266ms total 49.847ms
08-04 00:16:05.915  4292  4305 I art     : Starting a blocking GC Explicit
08-04 00:16:05.968  4292  4305 I art     : Explicit concurrent mark sweep GC freed 119(2864B) AllocSpace objects, 0(0B) LOS objects, 10% free, 136MB/152MB, paused 1.326ms total 52.783ms
08-04 00:16:05.987  4292  4305 I art     : Starting a blocking GC Explicit
08-04 00:16:06.038  4292  4305 I art     : Explicit concurrent mark sweep GC freed 99(1696B) AllocSpace objects, 0(0B) LOS objects, 10% free, 136MB/152MB, paused 1.404ms total 51.155ms
08-04 00:16:06.057  4292  4305 I art     : Starting a blocking GC Explicit
08-04 00:16:06.111  4292  4305 I art     : Explicit concurrent mark sweep GC freed 116(1952B) AllocSpace objects, 0(0B) LOS objects, 10% free, 136MB/152MB, paused 1.449ms total 54.399ms
08-04 00:16:06.540  4292  4304 I art     : Starting a blocking GC Explicit
08-04 00:16:06.618  4292  4304 I art     : Explicit concurrent mark sweep GC freed 2339(104KB) AllocSpace objects, 2(36KB) LOS objects, 10% free, 136MB/152MB, paused 1.753ms total 77.837ms
08-04 00:16:06.629 31401 31401 I ServiceManager: Waiting for service AtCmdFwd...
08-04 00:16:06.641  4292  4304 I art     : Starting a blocking GC Explicit
08-04 00:16:06.689  4292  4304 I art     : Explicit concurrent mark sweep GC freed 125(2656B) AllocSpace objects, 0(0B) LOS objects, 10% free, 136MB/152MB, paused 1.195ms total 47.646ms
08-04 00:16:06.708  4292  4304 I art     : Starting a blocking GC Explicit
08-04 00:16:06.760  4292  4304 I art     : Explicit concurrent mark sweep GC freed 102(1728B) AllocSpace objects, 0(0B) LOS objects, 10% free, 136MB/152MB, paused 1.355ms total 52.090ms
08-04 00:16:06.779  4292  4304 I art     : Starting a blocking GC Explicit
08-04 00:16:06.831  4292  4304 I art     : Explicit concurrent mark sweep GC freed 120(2064B) AllocSpace objects, 0(0B) LOS objects, 10% free, 136MB/152MB, paused 1.288ms total 52.421ms
08-04 00:16:06.850  4292  4304 I art     : Starting a blocking GC Explicit
08-04 00:16:06.902  4292  4304 I art     : Explicit concurrent mark sweep GC freed 99(1696B) AllocSpace objects, 0(0B) LOS objects, 10% free, 136MB/152MB, paused 1.268ms total 52.135ms
08-04 00:16:07.305  4292  4360 I art     : Starting a blocking GC Explicit
08-04 00:16:07.360  4292  4360 I art     : Explicit concurrent mark sweep GC freed 2266(103KB) AllocSpace objects, 2(36KB) LOS objects, 10% free, 136MB/152MB, paused 1.402ms total 55.301ms
08-04 00:16:07.381  4292  4360 I art     : Starting a blocking GC Explicit
08-04 00:16:07.433  4292  4360 I art     : Explicit concurrent mark sweep GC freed 154(3KB) AllocSpace objects, 0(0B) LOS objects, 10% free, 136MB/152MB, paused 1.254ms total 51.896ms
08-04 00:16:07.433  4292  4303 I art     : WaitForGcToComplete blocked for 39.395ms for cause HeapTrim
08-04 00:16:07.451  4292  4360 I art     : Starting a blocking GC Explicit
08-04 00:16:07.503  4292  4360 I art     : Explicit concurrent mark sweep GC freed 111(2304B) AllocSpace objects, 0(0B) LOS objects, 10% free, 136MB/152MB, paused 1.245ms total 51.650ms
08-04 00:16:07.522  4292  4360 I art     : Starting a blocking GC Explicit
08-04 00:16:07.577  4292  4360 I art     : Explicit concurrent mark sweep GC freed 107(1824B) AllocSpace objects, 0(0B) LOS objects, 10% free, 136MB/152MB, paused 1.506ms total 55.142ms
08-04 00:16:07.596  4292  4360 I art     : Starting a blocking GC Explicit
08-04 00:16:07.630 31401 31401 I ServiceManager: Waiting for service AtCmdFwd...
08-04 00:16:07.648  4292  4360 I art     : Explicit concurrent mark sweep GC freed 114(1936B) AllocSpace objects, 0(0B) LOS objects, 10% free, 136MB/152MB, paused 1.377ms total 51.144ms
08-04 00:16:08.045  4292  4579 I art     : Starting a blocking GC Explicit
08-04 00:16:08.103  4292  4579 I art     : Explicit concurrent mark sweep GC freed 2231(102KB) AllocSpace objects, 2(36KB) LOS objects, 10% free, 136MB/152MB, paused 1.159ms total 57.479ms
08-04 00:16:08.126  4292  4579 I art     : Starting a blocking GC Explicit
08-04 00:16:08.146   918 13198 D NetlinkSocketObserver: NeighborEvent{elapsedMs=1646772021, 192.168.2.254, [7C3953A63323], RTM_NEWNEIGH, NUD_STALE}
08-04 00:16:08.178  4292  4579 I art     : Explicit concurrent mark sweep GC freed 177(3KB) AllocSpace objects, 0(0B) LOS objects, 10% free, 136MB/152MB, paused 1.507ms total 52.446ms
08-04 00:16:08.197  4292  4579 I art     : Starting a blocking GC Explicit
08-04 00:16:08.250  4292  4579 I art     : Explicit concurrent mark sweep GC freed 101(1760B) AllocSpace objects, 0(0B) LOS objects, 10% free, 136MB/152MB, paused 1.220ms total 52.387ms
08-04 00:16:08.268  4292  4579 I art     : Starting a blocking GC Explicit
08-04 00:16:08.320  4292  4579 I art     : Explicit concurrent mark sweep GC freed 99(1696B) AllocSpace objects, 0(0B) LOS objects, 10% free, 136MB/152MB, paused 1.306ms total 52.088ms
08-04 00:16:08.339  4292  4579 I art     : Starting a blocking GC Explicit
08-04 00:16:08.391  4292  4579 I art     : Explicit concurrent mark sweep GC freed 99(1696B) AllocSpace objects, 0(0B) LOS objects, 10% free, 136MB/152MB, paused 1.151ms total 52.558ms
08-04 00:16:08.617   518   646 I ThermalEngine: ACTION: GPU - Setting GPU[0] to 510000000
08-04 00:16:08.630 31401 31401 W Atfwd_Sendcmd: AtCmdFwd service not published, waiting... retryCnt : 5
08-04 00:16:08.732  4292  5627 I art     : Starting a blocking GC Explicit
08-04 00:16:08.773  4292  5627 I art     : Explicit concurrent mark sweep GC freed 2137(101KB) AllocSpace objects, 2(36KB) LOS objects, 10% free, 136MB/152MB, paused 959us total 40.943ms
08-04 00:16:08.787  4292  5627 I art     : Starting a blocking GC Explicit
08-04 00:16:08.827  4292  5627 I art     : Explicit concurrent mark sweep GC freed 111(2752B) AllocSpace objects, 0(0B) LOS objects, 10% free, 136MB/152MB, paused 966us total 39.306ms
08-04 00:16:08.840  4292  5627 I art     : Starting a blocking GC Explicit
08-04 00:16:08.879  4292  5627 I art     : Explicit concurrent mark sweep GC freed 120(2688B) AllocSpace objects, 0(0B) LOS objects, 10% free, 136MB/152MB, paused 1.036ms total 38.880ms
08-04 00:16:08.893  4292  5627 I art     : Starting a blocking GC Explicit
08-04 00:16:08.932  4292  5627 I art     : Explicit concurrent mark sweep GC freed 87(1856B) AllocSpace objects, 0(0B) LOS objects, 10% free, 136MB/152MB, paused 1.022ms total 38.730ms
08-04 00:16:08.939  6342  6342 D AndroidRuntime: >>>>>> START com.android.internal.os.RuntimeInit uid 2000 <<<<<<
08-04 00:16:08.944  6342  6342 D AndroidRuntime: CheckJNI is OFF
08-04 00:16:08.946  4292  5627 I art     : Starting a blocking GC Explicit
08-04 00:16:08.978  6342  6342 D ICU     : No timezone override file found: /data/misc/zoneinfo/current/icu/icu_tzdata.dat
08-04 00:16:08.984  4292  5627 I art     : Explicit concurrent mark sweep GC freed 77(1360B) AllocSpace objects, 0(0B) LOS objects, 10% free, 136MB/152MB, paused 906us total 37.888ms
08-04 00:16:09.012  6342  6342 I Radio-JNI: register_android_hardware_Radio DONE
08-04 00:16:09.034  6342  6342 D AndroidRuntime: Calling main entry com.android.commands.input.Input
08-04 00:16:09.035  6342  6342 I Input   : injectKeyEvent: KeyEvent { action=ACTION_DOWN, keyCode=KEYCODE_BACK, scanCode=0, metaState=0, flags=0x0, repeatCount=0, eventTime=663385448, downTime=663385448, deviceId=-1, source=0x101 }
08-04 00:16:09.043  6342  6342 I Input   : injectKeyEvent: KeyEvent { action=ACTION_UP, keyCode=KEYCODE_BACK, scanCode=0, metaState=0, flags=0x0, repeatCount=0, eventTime=663385448, downTime=663385448, deviceId=-1, source=0x101 }
08-04 00:16:09.048  6342  6342 D AndroidRuntime: Shutting down VM
08-04 00:16:09.058  4292  4292 V MainActivity: url = https://project-travel-mate.herokuapp.com/api/number-of-unread-notifications
08-04 00:16:09.088 13866 13866 I GoogleInputMethodServic: GoogleInputMethodService.onFinishInput():3138 
08-04 00:16:09.088 13866 13866 I GoogleInputMethodServic: GoogleInputMethodService.onStartInput():1808 
08-04 00:16:09.290  4292  5627 I art     : Starting a blocking GC Explicit
08-04 00:16:09.332  4292  5627 I art     : Explicit concurrent mark sweep GC freed 2534(122KB) AllocSpace objects, 2(36KB) LOS objects, 10% free, 136MB/152MB, paused 1.113ms total 41.283ms
08-04 00:16:09.348  4292  5627 I art     : Starting a blocking GC Explicit
08-04 00:16:09.387  4292  5627 I art     : Explicit concurrent mark sweep GC freed 165(4KB) AllocSpace objects, 0(0B) LOS objects, 10% free, 136MB/152MB, paused 960us total 38.797ms
08-04 00:16:09.401  4292  5627 I art     : Starting a blocking GC Explicit
08-04 00:16:09.425   380   380 W SurfaceFlinger: couldn't log to binary event log: overflow.
08-04 00:16:09.439  4292  5627 I art     : Explicit concurrent mark sweep GC freed 89(1904B) AllocSpace objects, 0(0B) LOS objects, 10% free, 136MB/152MB, paused 955us total 37.588ms
08-04 00:16:09.452  4292  5627 I art     : Starting a blocking GC Explicit
08-04 00:16:09.490  4292  5627 I art     : Explicit concurrent mark sweep GC freed 13(496B) AllocSpace objects, 1(188KB) LOS objects, 10% free, 136MB/152MB, paused 967us total 37.800ms
08-04 00:16:09.503  4292  5627 I art     : Starting a blocking GC Explicit
08-04 00:16:09.541  4292  5627 I art     : Explicit concurrent mark sweep GC freed 9197(492KB) AllocSpace objects, 16(464KB) LOS objects, 10% free, 136MB/152MB, paused 1.042ms total 37.855ms
08-04 00:16:09.560  4292  6365 I NAPPA_EXPERIMENTATION: MetricNetworkRequestExecutionTime: REQUEST_DURATION_SYSTEM='501',REQUEST_DURATION_OKHTTP='30',REQUEST_SYNCHRONOUS='FALSE',RESPONSE_CODE='200',RESPONSE_METHOD='GET',RESPONSE_LENGTH_OKHTTP='36',RESPONSE_LENGTH_HEADER='36',REQUEST_PROTOCOL='http/1.1',REQUEST_URL='https://project-travel-mate.herokuapp.com/api/number-of-unread-notifications',
08-04 00:16:09.885  4292  4579 I art     : Starting a blocking GC Explicit
08-04 00:16:09.939  4292  4579 I art     : Explicit concurrent mark sweep GC freed 2748(223KB) AllocSpace objects, 2(36KB) LOS objects, 10% free, 136MB/152MB, paused 1.103ms total 53.645ms
08-04 00:16:09.955  4292  4579 I art     : Starting a blocking GC Explicit
08-04 00:16:09.995  4292  4579 I art     : Explicit concurrent mark sweep GC freed 35(1360B) AllocSpace objects, 0(0B) LOS objects, 10% free, 136MB/152MB, paused 925us total 39.758ms
08-04 00:16:10.009  4292  4579 I art     : Starting a blocking GC Explicit
08-04 00:16:10.049  4292  4579 I art     : Explicit concurrent mark sweep GC freed 3(96B) AllocSpace objects, 0(0B) LOS objects, 10% free, 136MB/152MB, paused 990us total 39.808ms
08-04 00:16:10.063  4292  4579 I art     : Starting a blocking GC Explicit
08-04 00:16:10.103  4292  4579 I art     : Explicit concurrent mark sweep GC freed 3(96B) AllocSpace objects, 0(0B) LOS objects, 10% free, 136MB/152MB, paused 934us total 39.850ms
08-04 00:16:10.117  4292  4579 I art     : Starting a blocking GC Explicit
08-04 00:16:10.156  4292  4579 I art     : Explicit concurrent mark sweep GC freed 3(96B) AllocSpace objects, 0(0B) LOS objects, 10% free, 136MB/152MB, paused 945us total 38.820ms
08-04 00:16:10.495  4292  4304 I art     : Starting a blocking GC Explicit
08-04 00:16:10.543  4292  4304 I art     : Explicit concurrent mark sweep GC freed 1625(93KB) AllocSpace objects, 2(36KB) LOS objects, 10% free, 136MB/152MB, paused 1.067ms total 48.014ms
08-04 00:16:10.560  4292  4304 I art     : Starting a blocking GC Explicit
08-04 00:16:10.599  4292  4304 I art     : Explicit concurrent mark sweep GC freed 38(1568B) AllocSpace objects, 0(0B) LOS objects, 10% free, 136MB/152MB, paused 961us total 38.962ms
08-04 00:16:10.613  4292  4304 I art     : Starting a blocking GC Explicit
08-04 00:16:10.651  4292  4304 I art     : Explicit concurrent mark sweep GC freed 3(96B) AllocSpace objects, 0(0B) LOS objects, 10% free, 136MB/152MB, paused 937us total 37.425ms
08-04 00:16:10.664  4292  4304 I art     : Starting a blocking GC Explicit
08-04 00:16:10.702  4292  4304 I art     : Explicit concurrent mark sweep GC freed 5(160B) AllocSpace objects, 0(0B) LOS objects, 10% free, 136MB/152MB, paused 955us total 37.392ms
08-04 00:16:10.716  4292  4304 I art     : Starting a blocking GC Explicit
08-04 00:16:10.737  6387  6387 D AndroidRuntime: >>>>>> START com.android.internal.os.RuntimeInit uid 2000 <<<<<<
08-04 00:16:10.742  6387  6387 D AndroidRuntime: CheckJNI is OFF
08-04 00:16:10.753  4292  4304 I art     : Explicit concurrent mark sweep GC freed 5(160B) AllocSpace objects, 0(0B) LOS objects, 10% free, 136MB/152MB, paused 847us total 36.315ms
08-04 00:16:10.776  6387  6387 D ICU     : No timezone override file found: /data/misc/zoneinfo/current/icu/icu_tzdata.dat
08-04 00:16:10.807  6387  6387 I Radio-JNI: register_android_hardware_Radio DONE
08-04 00:16:10.827  6387  6387 D AndroidRuntime: Calling main entry com.android.commands.input.Input
08-04 00:16:10.828  6387  6387 I Input   : injectMotionEvent: MotionEvent { action=ACTION_DOWN, actionButton=0, id[0]=0, x[0]=117.0, y[0]=170.0, toolType[0]=TOOL_TYPE_UNKNOWN, buttonState=0, metaState=0, flags=0x0, edgeFlags=0x0, pointerCount=1, historySize=0, eventTime=663387241, downTime=663387241, deviceId=0, source=0x1002 }
08-04 00:16:10.846  6387  6387 I Input   : injectMotionEvent: MotionEvent { action=ACTION_UP, actionButton=0, id[0]=0, x[0]=117.0, y[0]=170.0, toolType[0]=TOOL_TYPE_UNKNOWN, buttonState=0, metaState=0, flags=0x0, edgeFlags=0x0, pointerCount=1, historySize=0, eventTime=663387241, downTime=663387241, deviceId=0, source=0x1002 }
08-04 00:16:10.874  6387  6387 D AndroidRuntime: Shutting down VM
08-04 00:16:10.906   512  2967 D audio_hw_primary: out_set_parameters: enter: usecase(1: low-latency-playback) kvpairs: routing=2
08-04 00:16:10.919   512  2967 D audio_hw_primary: select_devices: out_snd_device(2: speaker) in_snd_device(0: none)
08-04 00:16:10.919   512  2967 D msm8974_platform: platform_send_audio_calibration: sending audio calibration for snd_device(2) acdb_id(15)
08-04 00:16:10.919   512  2967 I soundtrigger: audio_extn_sound_trigger_update_device_status: device 0x2 of type 0 for Event 1
08-04 00:16:10.936   512  2967 D audio_hw_primary: enable_snd_device: snd_device(2: speaker)
08-04 00:16:10.938   512  2967 D audio_hw_primary: enable_audio_route: apply and update mixer path: low-latency-playback speaker
08-04 00:16:11.071  4292  5627 I art     : Starting a blocking GC Explicit
08-04 00:16:11.106  4292  5627 I art     : Explicit concurrent mark sweep GC freed 2054(114KB) AllocSpace objects, 2(36KB) LOS objects, 10% free, 136MB/152MB, paused 1.136ms total 35.004ms
08-04 00:16:11.119  4292  5627 I art     : Starting a blocking GC Explicit
08-04 00:16:11.153  4292  5627 I art     : Explicit concurrent mark sweep GC freed 52(1968B) AllocSpace objects, 0(0B) LOS objects, 10% free, 136MB/152MB, paused 1.071ms total 33.720ms
08-04 00:16:11.168  4292  5627 I art     : Starting a blocking GC Explicit
08-04 00:16:11.202  4292  5627 I art     : Explicit concurrent mark sweep GC freed 36(992B) AllocSpace objects, 0(0B) LOS objects, 10% free, 136MB/152MB, paused 1.089ms total 33.589ms
08-04 00:16:11.215  4292  5627 I art     : Starting a blocking GC Explicit
08-04 00:16:11.249  4292  5627 I art     : Explicit concurrent mark sweep GC freed 3(96B) AllocSpace objects, 0(0B) LOS objects, 10% free, 136MB/152MB, paused 1.044ms total 33.834ms
08-04 00:16:11.263  4292  5627 I art     : Starting a blocking GC Explicit
08-04 00:16:11.297  4292  5627 I art     : Explicit concurrent mark sweep GC freed 3(96B) AllocSpace objects, 0(0B) LOS objects, 10% free, 136MB/152MB, paused 1.054ms total 33.840ms
08-04 00:16:11.479   512  2967 D audio_hw_primary: disable_audio_route: reset and update mixer path: low-latency-playback speaker
08-04 00:16:11.480   512  2967 D audio_hw_primary: disable_snd_device: snd_device(2: speaker)
08-04 00:16:11.488   512  2967 I soundtrigger: audio_extn_sound_trigger_update_device_status: device 0x2 of type 0 for Event 0
08-04 00:16:11.493  6420  6420 D AndroidRuntime: >>>>>> START com.android.internal.os.RuntimeInit uid 2000 <<<<<<
08-04 00:16:11.498  6420  6420 D AndroidRuntime: CheckJNI is OFF
08-04 00:16:11.530  6420  6420 D ICU     : No timezone override file found: /data/misc/zoneinfo/current/icu/icu_tzdata.dat
08-04 00:16:11.561  6420  6420 I Radio-JNI: register_android_hardware_Radio DONE
08-04 00:16:11.583  6420  6420 D AndroidRuntime: Calling main entry com.android.commands.input.Input
08-04 00:16:11.585  6420  6420 I Input   : injectMotionEvent: MotionEvent { action=ACTION_DOWN, actionButton=0, id[0]=0, x[0]=405.0, y[0]=661.0, toolType[0]=TOOL_TYPE_UNKNOWN, buttonState=0, metaState=0, flags=0x0, edgeFlags=0x0, pointerCount=1, historySize=0, eventTime=663387997, downTime=663387997, deviceId=0, source=0x1002 }
08-04 00:16:11.588  6420  6420 I Input   : injectMotionEvent: MotionEvent { action=ACTION_UP, actionButton=0, id[0]=0, x[0]=405.0, y[0]=661.0, toolType[0]=TOOL_TYPE_UNKNOWN, buttonState=0, metaState=0, flags=0x0, edgeFlags=0x0, pointerCount=1, historySize=0, eventTime=663387997, downTime=663387997, deviceId=0, source=0x1002 }
08-04 00:16:11.589  6420  6420 D AndroidRuntime: Shutting down VM
08-04 00:16:11.600   512  2967 D audio_hw_primary: out_set_parameters: enter: usecase(1: low-latency-playback) kvpairs: routing=2
08-04 00:16:11.613   512  2967 D audio_hw_primary: select_devices: out_snd_device(2: speaker) in_snd_device(0: none)
08-04 00:16:11.613   512  2967 D msm8974_platform: platform_send_audio_calibration: sending audio calibration for snd_device(2) acdb_id(15)
08-04 00:16:11.614   512  2967 I soundtrigger: audio_extn_sound_trigger_update_device_status: device 0x2 of type 0 for Event 1
08-04 00:16:11.619  4292  4579 I art     : Starting a blocking GC Explicit
08-04 00:16:11.624   512  2967 D audio_hw_primary: enable_snd_device: snd_device(2: speaker)
08-04 00:16:11.626   512  2967 D audio_hw_primary: enable_audio_route: apply and update mixer path: low-latency-playback speaker
08-04 00:16:11.657  4292  4579 I art     : Explicit concurrent mark sweep GC freed 2075(166KB) AllocSpace objects, 2(36KB) LOS objects, 8% free, 167MB/183MB, paused 1.087ms total 38.299ms
08-04 00:16:11.670  4292  4579 I art     : Starting a blocking GC Explicit
08-04 00:16:11.673   512  2967 D AudioFlinger: mixer(0xf4740000) throttle end: throttle time(12)
08-04 00:16:11.705  4292  4579 I art     : Explicit concurrent mark sweep GC freed 44(1984B) AllocSpace objects, 0(0B) LOS objects, 8% free, 167MB/183MB, paused 1.057ms total 34.683ms
08-04 00:16:11.718  4292  4579 I art     : Starting a blocking GC Explicit
08-04 00:16:11.753  4292  4579 I art     : Explicit concurrent mark sweep GC freed 3(96B) AllocSpace objects, 0(0B) LOS objects, 8% free, 167MB/183MB, paused 1.048ms total 34.946ms
08-04 00:16:11.766  4292  4579 I art     : Starting a blocking GC Explicit
08-04 00:16:11.801  4292  4579 I art     : Explicit concurrent mark sweep GC freed 3(96B) AllocSpace objects, 0(0B) LOS objects, 8% free, 167MB/183MB, paused 1.096ms total 34.641ms
08-04 00:16:11.814  4292  4579 I art     : Starting a blocking GC Explicit
08-04 00:16:11.850  4292  4579 I art     : Explicit concurrent mark sweep GC freed 40(25KB) AllocSpace objects, 0(0B) LOS objects, 8% free, 177MB/193MB, paused 1.053ms total 35.497ms
08-04 00:16:12.164  4292  4579 I art     : Starting a blocking GC Explicit
08-04 00:16:12.168   512  2967 D audio_hw_primary: disable_audio_route: reset and update mixer path: low-latency-playback speaker
08-04 00:16:12.169   512  2967 D audio_hw_primary: disable_snd_device: snd_device(2: speaker)
08-04 00:16:12.177   512  2967 I soundtrigger: audio_extn_sound_trigger_update_device_status: device 0x2 of type 0 for Event 0
08-04 00:16:12.202  4292  4579 I art     : Explicit concurrent mark sweep GC freed 3255(167KB) AllocSpace objects, 11(288KB) LOS objects, 8% free, 182MB/198MB, paused 955us total 37.808ms
08-04 00:16:12.216  4292  4579 I art     : Starting a blocking GC Explicit
08-04 00:16:12.256  4292  4579 I art     : Explicit concurrent mark sweep GC freed 911(51KB) AllocSpace objects, 0(0B) LOS objects, 8% free, 182MB/198MB, paused 951us total 39.342ms
08-04 00:16:12.269  4292  4579 I art     : Starting a blocking GC Explicit
08-04 00:16:12.309  4292  4579 I art     : Explicit concurrent mark sweep GC freed 3(96B) AllocSpace objects, 0(0B) LOS objects, 8% free, 182MB/198MB, paused 987us total 39.553ms
08-04 00:16:12.323  4292  4579 I art     : Starting a blocking GC Explicit
08-04 00:16:12.364  4292  4579 I art     : Explicit concurrent mark sweep GC freed 3(96B) AllocSpace objects, 0(0B) LOS objects, 8% free, 182MB/198MB, paused 994us total 40.326ms
08-04 00:16:12.378  4292  4579 I art     : Starting a blocking GC Explicit
08-04 00:16:12.419  4292  4579 I art     : Explicit concurrent mark sweep GC freed 3(96B) AllocSpace objects, 0(0B) LOS objects, 8% free, 182MB/198MB, paused 968us total 40.832ms
08-04 00:16:12.628   518   646 I ThermalEngine: ACTION: GPU - Setting GPU[0] to 450000000
08-04 00:16:12.817  4292  4304 I art     : Starting a blocking GC Explicit
08-04 00:16:12.878  4292  4304 I art     : Explicit concurrent mark sweep GC freed 1582(91KB) AllocSpace objects, 2(36KB) LOS objects, 8% free, 182MB/198MB, paused 1.365ms total 61.065ms
08-04 00:16:12.900  4292  4304 I art     : Starting a blocking GC Explicit
08-04 00:16:12.947  4292  4304 I art     : Explicit concurrent mark sweep GC freed 28(1024B) AllocSpace objects, 0(0B) LOS objects, 8% free, 182MB/198MB, paused 1.220ms total 46.690ms
08-04 00:16:12.965  4292  4304 I art     : Starting a blocking GC Explicit
08-04 00:16:12.972   918  3261 D WifiStateMachine: starting scan for "H369AA63323"WPA_PSK with 2412,5180
08-04 00:16:13.014  4292  4304 I art     : Explicit concurrent mark sweep GC freed 3(96B) AllocSpace objects, 0(0B) LOS objects, 8% free, 182MB/198MB, paused 1.204ms total 48.711ms
08-04 00:16:13.032  4292  4304 I art     : Starting a blocking GC Explicit
08-04 00:16:13.082  4292  4304 I art     : Explicit concurrent mark sweep GC freed 3(96B) AllocSpace objects, 0(0B) LOS objects, 8% free, 182MB/198MB, paused 1.199ms total 48.786ms
08-04 00:16:13.100  4292  4304 I art     : Starting a blocking GC Explicit
08-04 00:16:13.149  4292  4304 I art     : Explicit concurrent mark sweep GC freed 3(96B) AllocSpace objects, 0(0B) LOS objects, 8% free, 182MB/198MB, paused 1.176ms total 49.053ms
08-04 00:16:13.547  4292  4360 I art     : Starting a blocking GC Explicit
08-04 00:16:13.615  4292  4360 I art     : Explicit concurrent mark sweep GC freed 1638(94KB) AllocSpace objects, 2(36KB) LOS objects, 8% free, 182MB/198MB, paused 1.255ms total 67.081ms
08-04 00:16:13.638  4292  4360 I art     : Starting a blocking GC Explicit
08-04 00:16:13.691  4292  4360 I art     : Explicit concurrent mark sweep GC freed 52(2000B) AllocSpace objects, 0(0B) LOS objects, 8% free, 182MB/198MB, paused 1.215ms total 52.924ms
08-04 00:16:13.710  4292  4360 I art     : Starting a blocking GC Explicit
08-04 00:16:13.761  4292  4360 I art     : Explicit concurrent mark sweep GC freed 16(704B) AllocSpace objects, 0(0B) LOS objects, 8% free, 182MB/198MB, paused 1.248ms total 51.142ms
08-04 00:16:13.780  4292  4360 I art     : Starting a blocking GC Explicit
08-04 00:16:13.832  4292  4360 I art     : Explicit concurrent mark sweep GC freed 17(528B) AllocSpace objects, 0(0B) LOS objects, 8% free, 182MB/198MB, paused 1.136ms total 51.577ms
08-04 00:16:13.850  4292  4360 I art     : Starting a blocking GC Explicit
08-04 00:16:13.895  4292  4360 I art     : Explicit concurrent mark sweep GC freed 3(96B) AllocSpace objects, 0(0B) LOS objects, 8% free, 182MB/198MB, paused 1.203ms total 44.832ms
08-04 00:16:14.304  4292  5627 I art     : Starting a blocking GC Explicit
08-04 00:16:14.364  4292  5627 I art     : Explicit concurrent mark sweep GC freed 1613(92KB) AllocSpace objects, 2(36KB) LOS objects, 8% free, 182MB/198MB, paused 1.182ms total 59.201ms
08-04 00:16:14.382  4292  5627 I art     : Starting a blocking GC Explicit
08-04 00:16:14.397  6472  6472 D AndroidRuntime: >>>>>> START com.android.internal.os.RuntimeInit uid 2000 <<<<<<
08-04 00:16:14.404  6472  6472 D AndroidRuntime: CheckJNI is OFF
08-04 00:16:14.432  4292  5627 I art     : Explicit concurrent mark sweep GC freed 28(1024B) AllocSpace objects, 0(0B) LOS objects, 8% free, 182MB/198MB, paused 1.215ms total 49.786ms
08-04 00:16:14.450  4292  5627 I art     : Starting a blocking GC Explicit
08-04 00:16:14.452  6472  6472 D ICU     : No timezone override file found: /data/misc/zoneinfo/current/icu/icu_tzdata.dat
08-04 00:16:14.499  6472  6472 I Radio-JNI: register_android_hardware_Radio DONE
08-04 00:16:14.499  4292  5627 I art     : Explicit concurrent mark sweep GC freed 3(96B) AllocSpace objects, 0(0B) LOS objects, 8% free, 182MB/198MB, paused 1.298ms total 49.081ms
08-04 00:16:14.517  4292  5627 I art     : Starting a blocking GC Explicit
08-04 00:16:14.530  6472  6472 D AndroidRuntime: Calling main entry com.android.commands.input.Input
08-04 00:16:14.533  6472  6472 I Input   : injectMotionEvent: MotionEvent { action=ACTION_DOWN, actionButton=0, id[0]=0, x[0]=1341.0, y[0]=197.0, toolType[0]=TOOL_TYPE_UNKNOWN, buttonState=0, metaState=0, flags=0x0, edgeFlags=0x0, pointerCount=1, historySize=0, eventTime=663390945, downTime=663390945, deviceId=0, source=0x1002 }
08-04 00:16:14.539  6472  6472 I Input   : injectMotionEvent: MotionEvent { action=ACTION_UP, actionButton=0, id[0]=0, x[0]=1341.0, y[0]=197.0, toolType[0]=TOOL_TYPE_UNKNOWN, buttonState=0, metaState=0, flags=0x0, edgeFlags=0x0, pointerCount=1, historySize=0, eventTime=663390945, downTime=663390945, deviceId=0, source=0x1002 }
08-04 00:16:14.541  6472  6472 D AndroidRuntime: Shutting down VM
08-04 00:16:14.551   512  2967 D audio_hw_primary: out_set_parameters: enter: usecase(1: low-latency-playback) kvpairs: routing=2
08-04 00:16:14.552   918  4413 I ActivityManager: START u0 {cmp=baseline.io.github.project_travel_mate/.notifications.NotificationsActivity} from uid 10650 on display 0
08-04 00:16:14.564   512  2967 D audio_hw_primary: select_devices: out_snd_device(2: speaker) in_snd_device(0: none)
08-04 00:16:14.564   512  2967 D msm8974_platform: platform_send_audio_calibration: sending audio calibration for snd_device(2) acdb_id(15)
08-04 00:16:14.565   512  2967 I soundtrigger: audio_extn_sound_trigger_update_device_status: device 0x2 of type 0 for Event 1
08-04 00:16:14.567  4292  5627 I art     : Explicit concurrent mark sweep GC freed 37(5KB) AllocSpace objects, 0(0B) LOS objects, 8% free, 182MB/198MB, paused 1.254ms total 48.995ms
08-04 00:16:14.577   512  2967 D audio_hw_primary: enable_snd_device: snd_device(2: speaker)
08-04 00:16:14.579   512  2967 D audio_hw_primary: enable_audio_route: apply and update mixer path: low-latency-playback speaker
08-04 00:16:14.588  4292  5627 I art     : Starting a blocking GC Explicit
08-04 00:16:14.589  4292  4358 D Gabe    : call	returning from cache
08-04 00:16:14.595  4292  4292 V EXECUTING: https://project-travel-mate.herokuapp.com/api/get-notifications
08-04 00:16:14.598  4292  4292 V EXECUTING: https://project-travel-mate.herokuapp.com/api/get-notifications
08-04 00:16:14.635  4292  5627 I art     : Explicit concurrent mark sweep GC freed 1242(95KB) AllocSpace objects, 0(0B) LOS objects, 8% free, 183MB/199MB, paused 1.382ms total 46.446ms
08-04 00:16:14.747   918   936 I ActivityManager: Displayed baseline.io.github.project_travel_mate/.notifications.NotificationsActivity: +186ms
08-04 00:16:14.747 13866 13866 I GoogleInputMethodServic: GoogleInputMethodService.onFinishInput():3138 
08-04 00:16:14.748 13866 13866 I GoogleInputMethodServic: GoogleInputMethodService.onStartInput():1808 
08-04 00:16:14.861  4292  4308 D OpenGLRenderer: endAllStagingAnimators on 0x7f7b5a5c00 (RippleDrawable) with handle 0x7f7ae49120
08-04 00:16:14.998   380   380 W SurfaceFlinger: couldn't log to binary event log: overflow.
08-04 00:16:15.007  4292  5627 I art     : Starting a blocking GC Explicit
08-04 00:16:15.056  4292  5627 I art     : Explicit concurrent mark sweep GC freed 4923(275KB) AllocSpace objects, 6(276KB) LOS objects, 7% free, 187MB/203MB, paused 1.827ms total 49.286ms
08-04 00:16:15.074  4292  5627 I art     : Starting a blocking GC Explicit
08-04 00:16:15.103  4292  6497 I NAPPA_EXPERIMENTATION: MetricNetworkRequestExecutionTime: REQUEST_DURATION_SYSTEM='504',REQUEST_DURATION_OKHTTP='32',REQUEST_SYNCHRONOUS='FALSE',RESPONSE_CODE='200',RESPONSE_METHOD='GET',RESPONSE_LENGTH_OKHTTP='2',RESPONSE_LENGTH_HEADER='2',REQUEST_PROTOCOL='http/1.1',REQUEST_URL='https://project-travel-mate.herokuapp.com/api/get-notifications',
08-04 00:16:15.109   512  2967 D audio_hw_primary: disable_audio_route: reset and update mixer path: low-latency-playback speaker
08-04 00:16:15.110   512  2967 D audio_hw_primary: disable_snd_device: snd_device(2: speaker)
08-04 00:16:15.118   512  2967 I soundtrigger: audio_extn_sound_trigger_update_device_status: device 0x2 of type 0 for Event 0
08-04 00:16:15.121  4292  5627 I art     : Explicit concurrent mark sweep GC freed 4824(291KB) AllocSpace objects, 2(160KB) LOS objects, 7% free, 187MB/203MB, paused 1.344ms total 46.191ms
08-04 00:16:15.122  4292  6496 I NAPPA_EXPERIMENTATION: MetricNetworkRequestExecutionTime: REQUEST_DURATION_SYSTEM='526',REQUEST_DURATION_OKHTTP='46',REQUEST_SYNCHRONOUS='FALSE',RESPONSE_CODE='200',RESPONSE_METHOD='GET',RESPONSE_LENGTH_OKHTTP='2',RESPONSE_LENGTH_HEADER='2',REQUEST_PROTOCOL='http/1.1',REQUEST_URL='https://project-travel-mate.herokuapp.com/api/get-notifications',
08-04 00:16:15.139  4292  5627 I art     : Starting a blocking GC Explicit
08-04 00:16:15.185  4292  5627 I art     : Explicit concurrent mark sweep GC freed 968(103KB) AllocSpace objects, 0(0B) LOS objects, 7% free, 187MB/203MB, paused 1.600ms total 45.808ms
08-04 00:16:15.202  4292  5627 I art     : Starting a blocking GC Explicit
08-04 00:16:15.247  4292  5627 I art     : Explicit concurrent mark sweep GC freed 208(6KB) AllocSpace objects, 0(0B) LOS objects, 7% free, 187MB/203MB, paused 1.380ms total 44.303ms
08-04 00:16:15.265  4292  5627 I art     : Starting a blocking GC Explicit
08-04 00:16:15.304  4292  4292 V Response: [] 
08-04 00:16:15.311  4292  5627 I art     : Explicit concurrent mark sweep GC freed 57(10KB) AllocSpace objects, 0(0B) LOS objects, 7% free, 187MB/203MB, paused 1.898ms total 45.662ms
08-04 00:16:15.320  4292  4292 V Response: [] 
08-04 00:16:15.328  4292  4358 W LOTTIE  : Animation contains merge paths. Merge paths are only supported on KitKat+ and must be manually enabled by calling enableMergePathsForKitKatAndAbove().
08-04 00:16:15.338  4292  4358 W LOTTIE  : Animation contains merge paths. Merge paths are only supported on KitKat+ and must be manually enabled by calling enableMergePathsForKitKatAndAbove().
08-04 00:16:15.340  4292  4358 W LOTTIE  : Animation contains merge paths. Merge paths are only supported on KitKat+ and must be manually enabled by calling enableMergePathsForKitKatAndAbove().
08-04 00:16:15.343  4292  4358 W LOTTIE  : Animation contains merge paths. Merge paths are only supported on KitKat+ and must be manually enabled by calling enableMergePathsForKitKatAndAbove().
08-04 00:16:15.345  4292  4358 W LOTTIE  : Animation contains merge paths. Merge paths are only supported on KitKat+ and must be manually enabled by calling enableMergePathsForKitKatAndAbove().
08-04 00:16:15.349  4292  4358 W LOTTIE  : Animation contains merge paths. Merge paths are only supported on KitKat+ and must be manually enabled by calling enableMergePathsForKitKatAndAbove().
08-04 00:16:15.352  4292  4358 W LOTTIE  : Animation contains merge paths. Merge paths are only supported on KitKat+ and must be manually enabled by calling enableMergePathsForKitKatAndAbove().
08-04 00:16:15.353  4292  4292 W LOTTIE  : Animation contains merge paths but they are disabled.
08-04 00:16:15.696  4292  4579 I art     : Starting a blocking GC Explicit
08-04 00:16:15.744  4292  4579 I art     : Explicit concurrent mark sweep GC freed 12486(520KB) AllocSpace objects, 3(224KB) LOS objects, 7% free, 187MB/203MB, paused 1.109ms total 47.846ms
08-04 00:16:15.762  4292  4579 I art     : Starting a blocking GC Explicit
08-04 00:16:15.806  4292  4579 I art     : Explicit concurrent mark sweep GC freed 2019(81KB) AllocSpace objects, 0(0B) LOS objects, 7% free, 187MB/203MB, paused 1.335ms total 43.671ms
08-04 00:16:15.823  4292  4579 I art     : Starting a blocking GC Explicit
08-04 00:16:15.865  4292  4579 I art     : Explicit concurrent mark sweep GC freed 274(4KB) AllocSpace objects, 0(0B) LOS objects, 7% free, 187MB/203MB, paused 1.094ms total 42.142ms
08-04 00:16:15.883  4292  4579 I art     : Starting a blocking GC Explicit
08-04 00:16:15.926  4292  4579 I art     : Explicit concurrent mark sweep GC freed 326(6KB) AllocSpace objects, 0(0B) LOS objects, 7% free, 187MB/203MB, paused 1.135ms total 42.959ms
08-04 00:16:15.943  4292  4579 I art     : Starting a blocking GC Explicit
08-04 00:16:15.987  4292  4579 I art     : Explicit concurrent mark sweep GC freed 268(4KB) AllocSpace objects, 0(0B) LOS objects, 7% free, 187MB/203MB, paused 1.318ms total 43.419ms
08-04 00:16:16.364  4292  4305 I art     : Starting a blocking GC Explicit
08-04 00:16:16.411  4292  4305 I art     : Explicit concurrent mark sweep GC freed 3401(121KB) AllocSpace objects, 2(36KB) LOS objects, 7% free, 187MB/203MB, paused 1.142ms total 46.876ms
08-04 00:16:16.429  4292  4305 I art     : Starting a blocking GC Explicit
08-04 00:16:16.475  4292  4305 I art     : Explicit concurrent mark sweep GC freed 326(6KB) AllocSpace objects, 0(0B) LOS objects, 7% free, 187MB/203MB, paused 1.155ms total 45.445ms
08-04 00:16:16.492  4292  4305 I art     : Starting a blocking GC Explicit
08-04 00:16:16.537  4292  4305 I art     : Explicit concurrent mark sweep GC freed 240(4KB) AllocSpace objects, 0(0B) LOS objects, 7% free, 187MB/203MB, paused 1.353ms total 44.340ms
08-04 00:16:16.554  4292  4305 I art     : Starting a blocking GC Explicit
08-04 00:16:16.600  4292  4305 I art     : Explicit concurrent mark sweep GC freed 274(4KB) AllocSpace objects, 0(0B) LOS objects, 7% free, 187MB/203MB, paused 1.150ms total 45.569ms
08-04 00:16:16.618  4292  4305 I art     : Starting a blocking GC Explicit
08-04 00:16:16.664  4292  4305 I art     : Explicit concurrent mark sweep GC freed 283(4KB) AllocSpace objects, 0(0B) LOS objects, 7% free, 187MB/203MB, paused 1.157ms total 45.228ms
08-04 00:16:17.068  4292  4360 I art     : Starting a blocking GC Explicit
08-04 00:16:17.127  4292  4360 I art     : Explicit concurrent mark sweep GC freed 3541(123KB) AllocSpace objects, 2(36KB) LOS objects, 7% free, 187MB/203MB, paused 1.527ms total 58.996ms
08-04 00:16:17.144  4292  4360 I art     : Starting a blocking GC Explicit
08-04 00:16:17.188  4292  4360 I art     : Explicit concurrent mark sweep GC freed 293(5KB) AllocSpace objects, 0(0B) LOS objects, 7% free, 187MB/203MB, paused 1.374ms total 43.675ms
08-04 00:16:17.205  4292  4360 I art     : Starting a blocking GC Explicit
08-04 00:16:17.248  4292  4360 I art     : Explicit concurrent mark sweep GC freed 260(4KB) AllocSpace objects, 0(0B) LOS objects, 7% free, 187MB/203MB, paused 1.214ms total 42.445ms
08-04 00:16:17.265  4292  4360 I art     : Starting a blocking GC Explicit
08-04 00:16:17.309  4292  4360 I art     : Explicit concurrent mark sweep GC freed 283(4KB) AllocSpace objects, 0(0B) LOS objects, 7% free, 187MB/203MB, paused 1.405ms total 43.959ms
08-04 00:16:17.327  4292  4360 I art     : Starting a blocking GC Explicit
08-04 00:16:17.374  4292  4360 I art     : Explicit concurrent mark sweep GC freed 262(4KB) AllocSpace objects, 0(0B) LOS objects, 7% free, 187MB/203MB, paused 1.405ms total 46.413ms
08-04 00:16:17.775  4292  4579 I art     : Starting a blocking GC Explicit
08-04 00:16:17.822  4292  4579 I art     : Explicit concurrent mark sweep GC freed 3484(122KB) AllocSpace objects, 2(36KB) LOS objects, 7% free, 187MB/203MB, paused 1.305ms total 46.701ms
08-04 00:16:17.840  4292  4579 I art     : Starting a blocking GC Explicit
08-04 00:16:17.883  4292  4579 I art     : Explicit concurrent mark sweep GC freed 286(5KB) AllocSpace objects, 0(0B) LOS objects, 7% free, 187MB/203MB, paused 1.143ms total 43.407ms
08-04 00:16:17.901  4292  4579 I art     : Starting a blocking GC Explicit
08-04 00:16:17.945  4292  4579 I art     : Explicit concurrent mark sweep GC freed 293(5KB) AllocSpace objects, 0(0B) LOS objects, 7% free, 187MB/203MB, paused 1.105ms total 44.304ms
08-04 00:16:17.964  4292  4579 I art     : Starting a blocking GC Explicit
08-04 00:16:18.010  4292  4579 I art     : Explicit concurrent mark sweep GC freed 283(4KB) AllocSpace objects, 0(0B) LOS objects, 7% free, 187MB/203MB, paused 1.141ms total 45.619ms
08-04 00:16:18.028  4292  4579 I art     : Starting a blocking GC Explicit
08-04 00:16:18.073  4292  4579 I art     : Explicit concurrent mark sweep GC freed 281(4KB) AllocSpace objects, 0(0B) LOS objects, 7% free, 187MB/203MB, paused 1.350ms total 45.164ms
08-04 00:16:18.464  4292  4579 I art     : Starting a blocking GC Explicit
08-04 00:16:18.512  4292  4579 I art     : Explicit concurrent mark sweep GC freed 3435(121KB) AllocSpace objects, 2(36KB) LOS objects, 7% free, 187MB/203MB, paused 1.090ms total 47.349ms
08-04 00:16:18.530  4292  4579 I art     : Starting a blocking GC Explicit
08-04 00:16:18.575  4292  4579 I art     : Explicit concurrent mark sweep GC freed 308(5KB) AllocSpace objects, 0(0B) LOS objects, 7% free, 187MB/203MB, paused 1.333ms total 44.256ms
08-04 00:16:18.593  4292  4579 I art     : Starting a blocking GC Explicit
08-04 00:16:18.639  4292  4579 I art     : Explicit concurrent mark sweep GC freed 236(4KB) AllocSpace objects, 0(0B) LOS objects, 7% free, 187MB/203MB, paused 1.306ms total 45.565ms
08-04 00:16:18.656  4292  4579 I art     : Starting a blocking GC Explicit
08-04 00:16:18.700  4292  4579 I art     : Explicit concurrent mark sweep GC freed 274(4KB) AllocSpace objects, 0(0B) LOS objects, 7% free, 187MB/203MB, paused 1.130ms total 44.018ms
08-04 00:16:18.718  4292  4579 I art     : Starting a blocking GC Explicit
08-04 00:16:18.761  4292  4579 I art     : Explicit concurrent mark sweep GC freed 283(4KB) AllocSpace objects, 0(0B) LOS objects, 7% free, 187MB/203MB, paused 1.099ms total 42.489ms
08-04 00:16:19.129  4292  4305 I art     : Starting a blocking GC Explicit
08-04 00:16:19.173  4292  4305 I art     : Explicit concurrent mark sweep GC freed 3332(120KB) AllocSpace objects, 2(36KB) LOS objects, 7% free, 187MB/203MB, paused 1.250ms total 43.506ms
08-04 00:16:19.190  4292  4305 I art     : Starting a blocking GC Explicit
08-04 00:16:19.234  4292  4305 I art     : Explicit concurrent mark sweep GC freed 489(16KB) AllocSpace objects, 0(0B) LOS objects, 7% free, 187MB/203MB, paused 1.151ms total 43.250ms
08-04 00:16:19.251  4292  4305 I art     : Starting a blocking GC Explicit
08-04 00:16:19.282  6562  6562 D AndroidRuntime: >>>>>> START com.android.internal.os.RuntimeInit uid 2000 <<<<<<
08-04 00:16:19.287  6562  6562 D AndroidRuntime: CheckJNI is OFF
08-04 00:16:19.294  4292  4305 I art     : Explicit concurrent mark sweep GC freed 281(4KB) AllocSpace objects, 0(0B) LOS objects, 7% free, 187MB/203MB, paused 1.277ms total 42.964ms
08-04 00:16:19.311  4292  4305 I art     : Starting a blocking GC Explicit
08-04 00:16:19.327  6562  6562 D ICU     : No timezone override file found: /data/misc/zoneinfo/current/icu/icu_tzdata.dat
08-04 00:16:19.355  4292  4305 I art     : Explicit concurrent mark sweep GC freed 224(3KB) AllocSpace objects, 0(0B) LOS objects, 7% free, 187MB/203MB, paused 1.375ms total 43.601ms
08-04 00:16:19.367  6562  6562 I Radio-JNI: register_android_hardware_Radio DONE
08-04 00:16:19.372  4292  4305 I art     : Starting a blocking GC Explicit
08-04 00:16:19.394  6562  6562 D AndroidRuntime: Calling main entry com.android.commands.input.Input
08-04 00:16:19.396  6562  6562 I Input   : injectKeyEvent: KeyEvent { action=ACTION_DOWN, keyCode=KEYCODE_BACK, scanCode=0, metaState=0, flags=0x0, repeatCount=0, eventTime=663395809, downTime=663395809, deviceId=-1, source=0x101 }
08-04 00:16:19.413  6562  6562 I Input   : injectKeyEvent: KeyEvent { action=ACTION_UP, keyCode=KEYCODE_BACK, scanCode=0, metaState=0, flags=0x0, repeatCount=0, eventTime=663395809, downTime=663395809, deviceId=-1, source=0x101 }
08-04 00:16:19.417  4292  4305 I art     : Explicit concurrent mark sweep GC freed 280(4KB) AllocSpace objects, 0(0B) LOS objects, 7% free, 187MB/203MB, paused 1.507ms total 44.297ms
08-04 00:16:19.421  6562  6562 D AndroidRuntime: Shutting down VM
08-04 00:16:19.438  4292  4292 V MainActivity: url = https://project-travel-mate.herokuapp.com/api/number-of-unread-notifications
08-04 00:16:19.474 13866 13866 I GoogleInputMethodServic: GoogleInputMethodService.onFinishInput():3138 
08-04 00:16:19.475 13866 13866 I GoogleInputMethodServic: GoogleInputMethodService.onStartInput():1808 
08-04 00:16:19.769   380   380 W SurfaceFlinger: couldn't log to binary event log: overflow.
08-04 00:16:19.798  4292  4360 I art     : Starting a blocking GC Explicit
08-04 00:16:19.849  4292  4360 I art     : Explicit concurrent mark sweep GC freed 2556(123KB) AllocSpace objects, 3(4MB) LOS objects, 8% free, 183MB/199MB, paused 1.255ms total 51.095ms
08-04 00:16:19.868  4292  4360 I art     : Starting a blocking GC Explicit
08-04 00:16:19.917  4292  4360 I art     : Explicit concurrent mark sweep GC freed 3812(180KB) AllocSpace objects, 2(56KB) LOS objects, 8% free, 183MB/199MB, paused 1.291ms total 48.962ms
08-04 00:16:19.936  4292  4360 I art     : Starting a blocking GC Explicit
08-04 00:16:19.988  4292  4360 I art     : Explicit concurrent mark sweep GC freed 2512(129KB) AllocSpace objects, 3(200KB) LOS objects, 8% free, 183MB/199MB, paused 1.677ms total 51.403ms
08-04 00:16:20.006  4292  4360 I art     : Starting a blocking GC Explicit
08-04 00:16:20.017  4292  6585 I NAPPA_EXPERIMENTATION: MetricNetworkRequestExecutionTime: REQUEST_DURATION_SYSTEM='577',REQUEST_DURATION_OKHTTP='29',REQUEST_SYNCHRONOUS='FALSE',RESPONSE_CODE='200',RESPONSE_METHOD='GET',RESPONSE_LENGTH_OKHTTP='36',RESPONSE_LENGTH_HEADER='36',REQUEST_PROTOCOL='http/1.1',REQUEST_URL='https://project-travel-mate.herokuapp.com/api/number-of-unread-notifications',
08-04 00:16:20.057  4292  4360 I art     : Explicit concurrent mark sweep GC freed 1103(129KB) AllocSpace objects, 0(0B) LOS objects, 8% free, 183MB/199MB, paused 1.214ms total 50.215ms
08-04 00:16:20.075  4292  4360 I art     : Starting a blocking GC Explicit
08-04 00:16:20.127  4292  4360 I art     : Explicit concurrent mark sweep GC freed 138(5KB) AllocSpace objects, 0(0B) LOS objects, 8% free, 183MB/199MB, paused 1.316ms total 51.881ms
08-04 00:16:20.528  4292  4579 I art     : Starting a blocking GC Explicit
08-04 00:16:20.595  4292  4579 I art     : Explicit concurrent mark sweep GC freed 1657(94KB) AllocSpace objects, 2(36KB) LOS objects, 8% free, 183MB/199MB, paused 1.363ms total 66.975ms
08-04 00:16:20.617  4292  4579 I art     : Starting a blocking GC Explicit
08-04 00:16:20.668  4292  4579 I art     : Explicit concurrent mark sweep GC freed 28(1024B) AllocSpace objects, 0(0B) LOS objects, 8% free, 183MB/199MB, paused 1.299ms total 50.456ms
08-04 00:16:20.686  4292  4579 I art     : Starting a blocking GC Explicit
08-04 00:16:20.734  4292  4579 I art     : Explicit concurrent mark sweep GC freed 3(96B) AllocSpace objects, 0(0B) LOS objects, 8% free, 183MB/199MB, paused 1.297ms total 47.249ms
08-04 00:16:20.751  4292  4579 I art     : Starting a blocking GC Explicit
08-04 00:16:20.800  4292  4579 I art     : Explicit concurrent mark sweep GC freed 3(96B) AllocSpace objects, 0(0B) LOS objects, 8% free, 183MB/199MB, paused 1.269ms total 48.345ms
08-04 00:16:20.818  4292  4579 I art     : Starting a blocking GC Explicit
08-04 00:16:20.868  4292  4579 I art     : Explicit concurrent mark sweep GC freed 15(752B) AllocSpace objects, 0(0B) LOS objects, 8% free, 183MB/199MB, paused 1.322ms total 49.300ms
08-04 00:16:21.199  6607  6607 D AndroidRuntime: >>>>>> START com.android.internal.os.RuntimeInit uid 2000 <<<<<<
08-04 00:16:21.207  6607  6607 D AndroidRuntime: CheckJNI is OFF
08-04 00:16:21.252  6607  6607 D ICU     : No timezone override file found: /data/misc/zoneinfo/current/icu/icu_tzdata.dat
08-04 00:16:21.266  4292  4305 I art     : Starting a blocking GC Explicit
08-04 00:16:21.297  6607  6607 I Radio-JNI: register_android_hardware_Radio DONE
08-04 00:16:21.321  4292  4305 I art     : Explicit concurrent mark sweep GC freed 1623(93KB) AllocSpace objects, 2(36KB) LOS objects, 8% free, 183MB/199MB, paused 1.394ms total 53.899ms
08-04 00:16:21.327  6607  6607 D AndroidRuntime: Calling main entry com.android.commands.input.Input
08-04 00:16:21.330  6607  6607 I Input   : injectMotionEvent: MotionEvent { action=ACTION_DOWN, actionButton=0, id[0]=0, x[0]=117.0, y[0]=170.0, toolType[0]=TOOL_TYPE_UNKNOWN, buttonState=0, metaState=0, flags=0x0, edgeFlags=0x0, pointerCount=1, historySize=0, eventTime=663397741, downTime=663397741, deviceId=0, source=0x1002 }
08-04 00:16:21.337  6607  6607 I Input   : injectMotionEvent: MotionEvent { action=ACTION_UP, actionButton=0, id[0]=0, x[0]=117.0, y[0]=170.0, toolType[0]=TOOL_TYPE_UNKNOWN, buttonState=0, metaState=0, flags=0x0, edgeFlags=0x0, pointerCount=1, historySize=0, eventTime=663397741, downTime=663397741, deviceId=0, source=0x1002 }
08-04 00:16:21.339  4292  4305 I art     : Starting a blocking GC Explicit
08-04 00:16:21.339  6607  6607 D AndroidRuntime: Shutting down VM
08-04 00:16:21.360   512  2967 D audio_hw_primary: out_set_parameters: enter: usecase(1: low-latency-playback) kvpairs: routing=2
08-04 00:16:21.374   512  2967 D audio_hw_primary: select_devices: out_snd_device(2: speaker) in_snd_device(0: none)
08-04 00:16:21.374   512  2967 D msm8974_platform: platform_send_audio_calibration: sending audio calibration for snd_device(2) acdb_id(15)
08-04 00:16:21.375   512  2967 I soundtrigger: audio_extn_sound_trigger_update_device_status: device 0x2 of type 0 for Event 1
08-04 00:16:21.384   512  2967 D audio_hw_primary: enable_snd_device: snd_device(2: speaker)
08-04 00:16:21.386   512  2967 D audio_hw_primary: enable_audio_route: apply and update mixer path: low-latency-playback speaker
08-04 00:16:21.391  4292  4305 I art     : Explicit concurrent mark sweep GC freed 53(1824B) AllocSpace objects, 0(0B) LOS objects, 8% free, 183MB/199MB, paused 1.496ms total 51.550ms
08-04 00:16:21.411  4292  4305 I art     : Starting a blocking GC Explicit
08-04 00:16:21.459  4292  4305 I art     : Explicit concurrent mark sweep GC freed 389(20KB) AllocSpace objects, 0(0B) LOS objects, 8% free, 183MB/199MB, paused 1.693ms total 47.751ms
08-04 00:16:21.477  4292  4305 I art     : Starting a blocking GC Explicit
08-04 00:16:21.529  4292  4305 I art     : Explicit concurrent mark sweep GC freed 25(1104B) AllocSpace objects, 0(0B) LOS objects, 8% free, 183MB/199MB, paused 1.288ms total 51.973ms
08-04 00:16:21.548  4292  4305 I art     : Starting a blocking GC Explicit
08-04 00:16:21.596  4292  4305 I art     : Explicit concurrent mark sweep GC freed 3(96B) AllocSpace objects, 0(0B) LOS objects, 8% free, 183MB/199MB, paused 1.151ms total 47.354ms
08-04 00:16:21.929   512  2967 D audio_hw_primary: disable_audio_route: reset and update mixer path: low-latency-playback speaker
08-04 00:16:21.930   512  2967 D audio_hw_primary: disable_snd_device: snd_device(2: speaker)
08-04 00:16:21.940   512  2967 I soundtrigger: audio_extn_sound_trigger_update_device_status: device 0x2 of type 0 for Event 0
08-04 00:16:21.975  4292  4360 I art     : Starting a blocking GC Explicit
08-04 00:16:22.025  4292  4360 I art     : Explicit concurrent mark sweep GC freed 1602(92KB) AllocSpace objects, 2(36KB) LOS objects, 8% free, 183MB/199MB, paused 1.316ms total 49.152ms
08-04 00:16:22.043  4292  4360 I art     : Starting a blocking GC Explicit
08-04 00:16:22.092  4292  4360 I art     : Explicit concurrent mark sweep GC freed 44(1536B) AllocSpace objects, 0(0B) LOS objects, 8% free, 183MB/199MB, paused 1.239ms total 48.459ms
08-04 00:16:22.109  6630  6630 D AndroidRuntime: >>>>>> START com.android.internal.os.RuntimeInit uid 2000 <<<<<<
08-04 00:16:22.110  4292  4360 I art     : Starting a blocking GC Explicit
08-04 00:16:22.115  6630  6630 D AndroidRuntime: CheckJNI is OFF
08-04 00:16:22.157  6630  6630 D ICU     : No timezone override file found: /data/misc/zoneinfo/current/icu/icu_tzdata.dat
08-04 00:16:22.158  4292  4360 I art     : Explicit concurrent mark sweep GC freed 5(160B) AllocSpace objects, 0(0B) LOS objects, 8% free, 183MB/199MB, paused 1.356ms total 47.417ms
08-04 00:16:22.176  4292  4360 I art     : Starting a blocking GC Explicit
08-04 00:16:22.200  6630  6630 I Radio-JNI: register_android_hardware_Radio DONE
08-04 00:16:22.223  4292  4360 I art     : Explicit concurrent mark sweep GC freed 34(928B) AllocSpace objects, 0(0B) LOS objects, 8% free, 183MB/199MB, paused 1.190ms total 47.611ms
08-04 00:16:22.230  6630  6630 D AndroidRuntime: Calling main entry com.android.commands.input.Input
08-04 00:16:22.232  6630  6630 I Input   : injectMotionEvent: MotionEvent { action=ACTION_DOWN, actionButton=0, id[0]=0, x[0]=418.0, y[0]=842.0, toolType[0]=TOOL_TYPE_UNKNOWN, buttonState=0, metaState=0, flags=0x0, edgeFlags=0x0, pointerCount=1, historySize=0, eventTime=663398644, downTime=663398644, deviceId=0, source=0x1002 }
08-04 00:16:22.238  6630  6630 I Input   : injectMotionEvent: MotionEvent { action=ACTION_UP, actionButton=0, id[0]=0, x[0]=418.0, y[0]=842.0, toolType[0]=TOOL_TYPE_UNKNOWN, buttonState=0, metaState=0, flags=0x0, edgeFlags=0x0, pointerCount=1, historySize=0, eventTime=663398644, downTime=663398644, deviceId=0, source=0x1002 }
08-04 00:16:22.240  6630  6630 D AndroidRuntime: Shutting down VM
08-04 00:16:22.242  4292  4360 I art     : Starting a blocking GC Explicit
08-04 00:16:22.258   512  2967 D audio_hw_primary: out_set_parameters: enter: usecase(1: low-latency-playback) kvpairs: routing=2
08-04 00:16:22.263  4292  4358 D Gabe    : call	returning from cache
08-04 00:16:22.271   512  2967 D audio_hw_primary: select_devices: out_snd_device(2: speaker) in_snd_device(0: none)
08-04 00:16:22.271   512  2967 D msm8974_platform: platform_send_audio_calibration: sending audio calibration for snd_device(2) acdb_id(15)
08-04 00:16:22.271   512  2967 I soundtrigger: audio_extn_sound_trigger_update_device_status: device 0x2 of type 0 for Event 1
08-04 00:16:22.280   512  2967 D audio_hw_primary: enable_snd_device: snd_device(2: speaker)
08-04 00:16:22.283   512  2967 D audio_hw_primary: enable_audio_route: apply and update mixer path: low-latency-playback speaker
08-04 00:16:22.285  4292  4360 I art     : Explicit concurrent mark sweep GC freed 698(38KB) AllocSpace objects, 0(0B) LOS objects, 8% free, 183MB/199MB, paused 1.516ms total 43.530ms
08-04 00:16:22.289  4292  4292 V MainActivity: url = https://project-travel-mate.herokuapp.com/api/number-of-unread-notifications
08-04 00:16:22.329   512  2967 D AudioFlinger: mixer(0xf4740000) throttle end: throttle time(12)
08-04 00:16:22.664  4292  4579 I art     : Starting a blocking GC Explicit
08-04 00:16:22.722  4292  4579 I art     : Explicit concurrent mark sweep GC freed 3932(249KB) AllocSpace objects, 2(36KB) LOS objects, 8% free, 183MB/199MB, paused 2.005ms total 57.293ms
08-04 00:16:22.740  4292  4579 I art     : Starting a blocking GC Explicit
08-04 00:16:22.789  4292  6652 I NAPPA_EXPERIMENTATION: MetricNetworkRequestExecutionTime: REQUEST_DURATION_SYSTEM='499',REQUEST_DURATION_OKHTTP='31',REQUEST_SYNCHRONOUS='FALSE',RESPONSE_CODE='200',RESPONSE_METHOD='GET',RESPONSE_LENGTH_OKHTTP='36',RESPONSE_LENGTH_HEADER='36',REQUEST_PROTOCOL='http/1.1',REQUEST_URL='https://project-travel-mate.herokuapp.com/api/number-of-unread-notifications',
08-04 00:16:22.795  4292  4579 I art     : Explicit concurrent mark sweep GC freed 4309(204KB) AllocSpace objects, 2(120KB) LOS objects, 7% free, 184MB/200MB, paused 1.625ms total 54.855ms
08-04 00:16:22.814  4292  4579 I art     : Starting a blocking GC Explicit
08-04 00:16:22.828   512  2967 D audio_hw_primary: disable_audio_route: reset and update mixer path: low-latency-playback speaker
08-04 00:16:22.830   512  2967 D audio_hw_primary: disable_snd_device: snd_device(2: speaker)
08-04 00:16:22.838   512  2967 I soundtrigger: audio_extn_sound_trigger_update_device_status: device 0x2 of type 0 for Event 0
08-04 00:16:22.862  4292  4579 I art     : Explicit concurrent mark sweep GC freed 2336(186KB) AllocSpace objects, 10(332KB) LOS objects, 8% free, 183MB/199MB, paused 1.519ms total 47.682ms
08-04 00:16:22.881  4292  4579 I art     : Starting a blocking GC Explicit
08-04 00:16:22.938  4292  4579 I art     : Explicit concurrent mark sweep GC freed 385(27KB) AllocSpace objects, 0(0B) LOS objects, 8% free, 183MB/199MB, paused 1.913ms total 57.406ms
08-04 00:16:22.957  4292  4579 I art     : Starting a blocking GC Explicit
08-04 00:16:23.017  4292  4579 I art     : Explicit concurrent mark sweep GC freed 1157(44KB) AllocSpace objects, 0(0B) LOS objects, 8% free, 183MB/199MB, paused 1.526ms total 59.684ms
08-04 00:16:23.017  4292  4303 I art     : WaitForGcToComplete blocked for 60.057ms for cause HeapTrim
08-04 00:16:23.423  4292  4579 I art     : Starting a blocking GC Explicit
08-04 00:16:23.481  4292  4579 I art     : Explicit concurrent mark sweep GC freed 2388(108KB) AllocSpace objects, 2(52KB) LOS objects, 8% free, 183MB/199MB, paused 1.362ms total 57.690ms
08-04 00:16:23.501  4292  4579 I art     : Starting a blocking GC Explicit
08-04 00:16:23.556  4292  4579 I art     : Explicit concurrent mark sweep GC freed 125(2656B) AllocSpace objects, 0(0B) LOS objects, 8% free, 183MB/199MB, paused 1.263ms total 54.275ms
08-04 00:16:23.574  4292  4579 I art     : Starting a blocking GC Explicit
08-04 00:16:23.629  4292  4579 I art     : Explicit concurrent mark sweep GC freed 122(2064B) AllocSpace objects, 0(0B) LOS objects, 8% free, 183MB/199MB, paused 1.248ms total 54.109ms
08-04 00:16:23.648  4292  4579 I art     : Starting a blocking GC Explicit
08-04 00:16:23.702  4292  4579 I art     : Explicit concurrent mark sweep GC freed 100(1728B) AllocSpace objects, 0(0B) LOS objects, 8% free, 183MB/199MB, paused 1.283ms total 54.083ms
08-04 00:16:23.721  4292  4579 I art     : Starting a blocking GC Explicit
08-04 00:16:23.777  4292  4579 I art     : Explicit concurrent mark sweep GC freed 123(2096B) AllocSpace objects, 0(0B) LOS objects, 8% free, 183MB/199MB, paused 1.354ms total 55.359ms
08-04 00:16:24.178  4292  4360 I art     : Starting a blocking GC Explicit
08-04 00:16:24.238  4292  4360 I art     : Explicit concurrent mark sweep GC freed 2308(105KB) AllocSpace objects, 2(52KB) LOS objects, 8% free, 183MB/199MB, paused 1.334ms total 59.987ms
08-04 00:16:24.257  4292  4360 I art     : Starting a blocking GC Explicit
08-04 00:16:24.319  4292  4360 I art     : Explicit concurrent mark sweep GC freed 157(3KB) AllocSpace objects, 0(0B) LOS objects, 8% free, 183MB/199MB, paused 1.360ms total 61.892ms
08-04 00:16:24.343  4292  4360 I art     : Starting a blocking GC Explicit
08-04 00:16:24.402  4292  4360 I art     : Explicit concurrent mark sweep GC freed 128(2256B) AllocSpace objects, 0(0B) LOS objects, 8% free, 183MB/199MB, paused 1.305ms total 59.471ms
08-04 00:16:24.421  4292  4360 I art     : Starting a blocking GC Explicit
08-04 00:16:24.479  4292  4360 I art     : Explicit concurrent mark sweep GC freed 129(2512B) AllocSpace objects, 0(0B) LOS objects, 8% free, 183MB/199MB, paused 1.354ms total 57.268ms
08-04 00:16:24.499  4292  4360 I art     : Starting a blocking GC Explicit
08-04 00:16:24.551  4292  4360 I art     : Explicit concurrent mark sweep GC freed 116(2192B) AllocSpace objects, 0(0B) LOS objects, 8% free, 183MB/199MB, paused 1.295ms total 52.455ms
08-04 00:16:24.981  4292  4579 I art     : Starting a blocking GC Explicit
08-04 00:16:25.019  6684  6684 D AndroidRuntime: >>>>>> START com.android.internal.os.RuntimeInit uid 2000 <<<<<<
08-04 00:16:25.025  6684  6684 D AndroidRuntime: CheckJNI is OFF
08-04 00:16:25.041  4292  4579 I art     : Explicit concurrent mark sweep GC freed 2282(103KB) AllocSpace objects, 2(52KB) LOS objects, 8% free, 183MB/199MB, paused 1.377ms total 59.561ms
08-04 00:16:25.062  4292  4579 I art     : Starting a blocking GC Explicit
08-04 00:16:25.071  6684  6684 D ICU     : No timezone override file found: /data/misc/zoneinfo/current/icu/icu_tzdata.dat
08-04 00:16:25.117  6684  6684 I Radio-JNI: register_android_hardware_Radio DONE
08-04 00:16:25.118  4292  4579 I art     : Explicit concurrent mark sweep GC freed 148(3024B) AllocSpace objects, 0(0B) LOS objects, 8% free, 183MB/199MB, paused 1.405ms total 55.860ms
08-04 00:16:25.136  4292  4579 I art     : Starting a blocking GC Explicit
08-04 00:16:25.147  6684  6684 D AndroidRuntime: Calling main entry com.android.commands.input.Input
08-04 00:16:25.149  6684  6684 I Input   : injectMotionEvent: MotionEvent { action=ACTION_DOWN, actionButton=0, id[0]=0, x[0]=117.0, y[0]=170.0, toolType[0]=TOOL_TYPE_UNKNOWN, buttonState=0, metaState=0, flags=0x0, edgeFlags=0x0, pointerCount=1, historySize=0, eventTime=663401562, downTime=663401562, deviceId=0, source=0x1002 }
08-04 00:16:25.155  6684  6684 I Input   : injectMotionEvent: MotionEvent { action=ACTION_UP, actionButton=0, id[0]=0, x[0]=117.0, y[0]=170.0, toolType[0]=TOOL_TYPE_UNKNOWN, buttonState=0, metaState=0, flags=0x0, edgeFlags=0x0, pointerCount=1, historySize=0, eventTime=663401562, downTime=663401562, deviceId=0, source=0x1002 }
08-04 00:16:25.157  6684  6684 D AndroidRuntime: Shutting down VM
08-04 00:16:25.163   512  2967 D audio_hw_primary: out_set_parameters: enter: usecase(1: low-latency-playback) kvpairs: routing=2
08-04 00:16:25.176   512  2967 D audio_hw_primary: select_devices: out_snd_device(2: speaker) in_snd_device(0: none)
08-04 00:16:25.176   512  2967 D msm8974_platform: platform_send_audio_calibration: sending audio calibration for snd_device(2) acdb_id(15)
08-04 00:16:25.176   512  2967 I soundtrigger: audio_extn_sound_trigger_update_device_status: device 0x2 of type 0 for Event 1
08-04 00:16:25.188   512  2967 D audio_hw_primary: enable_snd_device: snd_device(2: speaker)
08-04 00:16:25.191   512  2967 D audio_hw_primary: enable_audio_route: apply and update mixer path: low-latency-playback speaker
08-04 00:16:25.192  4292  4579 I art     : Explicit concurrent mark sweep GC freed 198(4KB) AllocSpace objects, 0(0B) LOS objects, 7% free, 184MB/200MB, paused 1.334ms total 55.433ms
08-04 00:16:25.210  4292  4579 I art     : Starting a blocking GC Explicit
08-04 00:16:25.261  4292  4579 I art     : Explicit concurrent mark sweep GC freed 519(22KB) AllocSpace objects, 0(0B) LOS objects, 7% free, 184MB/200MB, paused 1.437ms total 50.486ms
08-04 00:16:25.279  4292  4579 I art     : Starting a blocking GC Explicit
08-04 00:16:25.333  4292  4579 I art     : Explicit concurrent mark sweep GC freed 107(2048B) AllocSpace objects, 0(0B) LOS objects, 7% free, 184MB/200MB, paused 1.189ms total 53.445ms
08-04 00:16:25.715  4292  4579 I art     : Starting a blocking GC Explicit
08-04 00:16:25.728   512  2967 D audio_hw_primary: disable_audio_route: reset and update mixer path: low-latency-playback speaker
08-04 00:16:25.730   512  2967 D audio_hw_primary: disable_snd_device: snd_device(2: speaker)
08-04 00:16:25.739   512  2967 I soundtrigger: audio_extn_sound_trigger_update_device_status: device 0x2 of type 0 for Event 0
08-04 00:16:25.768  4292  4579 I art     : Explicit concurrent mark sweep GC freed 2233(103KB) AllocSpace objects, 2(52KB) LOS objects, 7% free, 184MB/200MB, paused 1.271ms total 53.264ms
08-04 00:16:25.787  4292  4579 I art     : Starting a blocking GC Explicit
08-04 00:16:25.839  4292  4579 I art     : Explicit concurrent mark sweep GC freed 144(3KB) AllocSpace objects, 0(0B) LOS objects, 7% free, 184MB/200MB, paused 1.343ms total 51.975ms
08-04 00:16:25.858  4292  4579 I art     : Starting a blocking GC Explicit
08-04 00:16:25.905  6710  6710 D AndroidRuntime: >>>>>> START com.android.internal.os.RuntimeInit uid 2000 <<<<<<
08-04 00:16:25.908  4292  4579 I art     : Explicit concurrent mark sweep GC freed 100(1728B) AllocSpace objects, 0(0B) LOS objects, 7% free, 184MB/200MB, paused 1.347ms total 50.393ms
08-04 00:16:25.911  6710  6710 D AndroidRuntime: CheckJNI is OFF
08-04 00:16:25.927  4292  4579 I art     : Starting a blocking GC Explicit
08-04 00:16:25.955  6710  6710 D ICU     : No timezone override file found: /data/misc/zoneinfo/current/icu/icu_tzdata.dat
08-04 00:16:25.981  4292  4579 I art     : Explicit concurrent mark sweep GC freed 124(2128B) AllocSpace objects, 0(0B) LOS objects, 7% free, 184MB/200MB, paused 1.343ms total 53.440ms
08-04 00:16:25.997  6710  6710 I Radio-JNI: register_android_hardware_Radio DONE
08-04 00:16:25.999  4292  4579 I art     : Starting a blocking GC Explicit
08-04 00:16:26.026  6710  6710 D AndroidRuntime: Calling main entry com.android.commands.input.Input
08-04 00:16:26.028  6710  6710 I Input   : injectMotionEvent: MotionEvent { action=ACTION_DOWN, actionButton=0, id[0]=0, x[0]=355.0, y[0]=1674.0, toolType[0]=TOOL_TYPE_UNKNOWN, buttonState=0, metaState=0, flags=0x0, edgeFlags=0x0, pointerCount=1, historySize=0, eventTime=663402441, downTime=663402441, deviceId=0, source=0x1002 }
08-04 00:16:26.033  6710  6710 I Input   : injectMotionEvent: MotionEvent { action=ACTION_UP, actionButton=0, id[0]=0, x[0]=355.0, y[0]=1674.0, toolType[0]=TOOL_TYPE_UNKNOWN, buttonState=0, metaState=0, flags=0x0, edgeFlags=0x0, pointerCount=1, historySize=0, eventTime=663402441, downTime=663402441, deviceId=0, source=0x1002 }
08-04 00:16:26.034  6710  6710 D AndroidRuntime: Shutting down VM
08-04 00:16:26.047   512  2967 D audio_hw_primary: out_set_parameters: enter: usecase(1: low-latency-playback) kvpairs: routing=2
08-04 00:16:26.054  4292  4579 I art     : Explicit concurrent mark sweep GC freed 489(18KB) AllocSpace objects, 0(0B) LOS objects, 7% free, 184MB/200MB, paused 2.157ms total 54.678ms
08-04 00:16:26.058  4292  4292 V MainActivity: url = https://project-travel-mate.herokuapp.com/api/number-of-unread-notifications
08-04 00:16:26.061   512  2967 D audio_hw_primary: select_devices: out_snd_device(2: speaker) in_snd_device(0: none)
08-04 00:16:26.061   512  2967 D msm8974_platform: platform_send_audio_calibration: sending audio calibration for snd_device(2) acdb_id(15)
08-04 00:16:26.061   512  2967 I soundtrigger: audio_extn_sound_trigger_update_device_status: device 0x2 of type 0 for Event 1
08-04 00:16:26.071   512  2967 D audio_hw_primary: enable_snd_device: snd_device(2: speaker)
08-04 00:16:26.073   512  2967 D audio_hw_primary: enable_audio_route: apply and update mixer path: low-latency-playback speaker
08-04 00:16:26.114   512  2967 D AudioFlinger: mixer(0xf4740000) throttle end: throttle time(12)
08-04 00:16:26.446  4292  4360 I art     : Starting a blocking GC Explicit
08-04 00:16:26.511  4292  4360 I art     : Explicit concurrent mark sweep GC freed 3526(163KB) AllocSpace objects, 11(304KB) LOS objects, 7% free, 184MB/200MB, paused 1.624ms total 64.221ms
08-04 00:16:26.532  4292  4360 I art     : Starting a blocking GC Explicit
08-04 00:16:26.573  4292  6731 I NAPPA_EXPERIMENTATION: MetricNetworkRequestExecutionTime: REQUEST_DURATION_SYSTEM='513',REQUEST_DURATION_OKHTTP='29',REQUEST_SYNCHRONOUS='FALSE',RESPONSE_CODE='200',RESPONSE_METHOD='GET',RESPONSE_LENGTH_OKHTTP='36',RESPONSE_LENGTH_HEADER='36',REQUEST_PROTOCOL='http/1.1',REQUEST_URL='https://project-travel-mate.herokuapp.com/api/number-of-unread-notifications',
08-04 00:16:26.585  4292  4360 I art     : Explicit concurrent mark sweep GC freed 4896(333KB) AllocSpace objects, 3(200KB) LOS objects, 7% free, 184MB/200MB, paused 1.309ms total 53.179ms
08-04 00:16:26.598   512  2967 D audio_hw_primary: disable_audio_route: reset and update mixer path: low-latency-playback speaker
08-04 00:16:26.599   512  2967 D audio_hw_primary: disable_snd_device: snd_device(2: speaker)
08-04 00:16:26.605  4292  4360 I art     : Starting a blocking GC Explicit
08-04 00:16:26.607   512  2967 I soundtrigger: audio_extn_sound_trigger_update_device_status: device 0x2 of type 0 for Event 0
08-04 00:16:26.661  4292  4360 I art     : Explicit concurrent mark sweep GC freed 1070(120KB) AllocSpace objects, 0(0B) LOS objects, 7% free, 184MB/200MB, paused 1.318ms total 56.050ms
08-04 00:16:26.680  4292  4360 I art     : Starting a blocking GC Explicit
08-04 00:16:26.740  4292  4360 I art     : Explicit concurrent mark sweep GC freed 96(4KB) AllocSpace objects, 0(0B) LOS objects, 7% free, 184MB/200MB, paused 1.474ms total 59.741ms
08-04 00:16:26.762  4292  4360 I art     : Starting a blocking GC Explicit
08-04 00:16:26.819  4292  4360 I art     : Explicit concurrent mark sweep GC freed 3(96B) AllocSpace objects, 0(0B) LOS objects, 7% free, 184MB/200MB, paused 1.292ms total 56.799ms
08-04 00:16:27.245  4292  4304 I art     : Starting a blocking GC Explicit
08-04 00:16:27.319  4292  4304 I art     : Explicit concurrent mark sweep GC freed 1629(93KB) AllocSpace objects, 2(48KB) LOS objects, 7% free, 184MB/200MB, paused 1.471ms total 73.291ms
08-04 00:16:27.343  4292  4304 I art     : Starting a blocking GC Explicit
08-04 00:16:27.402  4292  4304 I art     : Explicit concurrent mark sweep GC freed 48(2080B) AllocSpace objects, 0(0B) LOS objects, 7% free, 184MB/200MB, paused 1.409ms total 58.777ms
08-04 00:16:27.425  4292  4304 I art     : Starting a blocking GC Explicit
08-04 00:16:27.481  4292  4304 I art     : Explicit concurrent mark sweep GC freed 3(96B) AllocSpace objects, 0(0B) LOS objects, 7% free, 184MB/200MB, paused 1.277ms total 56.459ms
08-04 00:16:27.501  4292  4304 I art     : Starting a blocking GC Explicit
08-04 00:16:27.558  4292  4304 I art     : Explicit concurrent mark sweep GC freed 3(96B) AllocSpace objects, 0(0B) LOS objects, 7% free, 184MB/200MB, paused 1.364ms total 57.550ms
08-04 00:16:27.582  4292  4304 I art     : Starting a blocking GC Explicit
08-04 00:16:27.640  4292  4304 I art     : Explicit concurrent mark sweep GC freed 3(96B) AllocSpace objects, 0(0B) LOS objects, 7% free, 184MB/200MB, paused 1.358ms total 57.985ms
08-04 00:16:28.089  4292  4360 I art     : Starting a blocking GC Explicit
08-04 00:16:28.162  4292  4360 I art     : Explicit concurrent mark sweep GC freed 1616(93KB) AllocSpace objects, 2(48KB) LOS objects, 7% free, 184MB/200MB, paused 1.436ms total 72.867ms
08-04 00:16:28.186  4292  4360 I art     : Starting a blocking GC Explicit
08-04 00:16:28.251  4292  4360 I art     : Explicit concurrent mark sweep GC freed 59(1856B) AllocSpace objects, 0(0B) LOS objects, 7% free, 184MB/200MB, paused 1.368ms total 65.270ms
08-04 00:16:28.274  4292  4360 I art     : Starting a blocking GC Explicit
08-04 00:16:28.331  4292  4360 I art     : Explicit concurrent mark sweep GC freed 3(96B) AllocSpace objects, 0(0B) LOS objects, 7% free, 184MB/200MB, paused 1.209ms total 56.481ms
08-04 00:16:28.350  4292  4360 I art     : Starting a blocking GC Explicit
08-04 00:16:28.405  4292  4360 I art     : Explicit concurrent mark sweep GC freed 3(96B) AllocSpace objects, 0(0B) LOS objects, 7% free, 184MB/200MB, paused 1.305ms total 54.510ms
08-04 00:16:28.424  4292  4360 I art     : Starting a blocking GC Explicit
08-04 00:16:28.482  4292  4360 I art     : Explicit concurrent mark sweep GC freed 15(752B) AllocSpace objects, 0(0B) LOS objects, 7% free, 184MB/200MB, paused 1.540ms total 56.942ms
08-04 00:16:28.845  6764  6764 D AndroidRuntime: >>>>>> START com.android.internal.os.RuntimeInit uid 2000 <<<<<<
08-04 00:16:28.853  6764  6764 D AndroidRuntime: CheckJNI is OFF
08-04 00:16:28.898  6764  6764 D ICU     : No timezone override file found: /data/misc/zoneinfo/current/icu/icu_tzdata.dat
08-04 00:16:28.924  4292  4579 I art     : Starting a blocking GC Explicit
08-04 00:16:28.943  6764  6764 I Radio-JNI: register_android_hardware_Radio DONE
08-04 00:16:28.973  6764  6764 D AndroidRuntime: Calling main entry com.android.commands.input.Input
08-04 00:16:28.975  6764  6764 I Input   : injectMotionEvent: MotionEvent { action=ACTION_DOWN, actionButton=0, id[0]=0, x[0]=747.0, y[0]=608.0, toolType[0]=TOOL_TYPE_UNKNOWN, buttonState=0, metaState=0, flags=0x0, edgeFlags=0x0, pointerCount=1, historySize=0, eventTime=663405387, downTime=663405387, deviceId=0, source=0x1002 }
08-04 00:16:28.982  6764  6764 I Input   : injectMotionEvent: MotionEvent { action=ACTION_UP, actionButton=0, id[0]=0, x[0]=747.0, y[0]=608.0, toolType[0]=TOOL_TYPE_UNKNOWN, buttonState=0, metaState=0, flags=0x0, edgeFlags=0x0, pointerCount=1, historySize=0, eventTime=663405387, downTime=663405387, deviceId=0, source=0x1002 }
08-04 00:16:28.983  4292  4579 I art     : Explicit concurrent mark sweep GC freed 1596(92KB) AllocSpace objects, 2(48KB) LOS objects, 7% free, 184MB/200MB, paused 1.250ms total 59.561ms
08-04 00:16:28.984  6764  6764 D AndroidRuntime: Shutting down VM
08-04 00:16:28.984   918  5132 I ActivityManager: START u0 {cmp=baseline.io.github.project_travel_mate/.utilities.ChecklistActivity} from uid 10650 on display 0
08-04 00:16:28.985   512  2967 D audio_hw_primary: out_set_parameters: enter: usecase(1: low-latency-playback) kvpairs: routing=2
08-04 00:16:28.999   512  2967 D audio_hw_primary: select_devices: out_snd_device(2: speaker) in_snd_device(0: none)
08-04 00:16:28.999   512  2967 D msm8974_platform: platform_send_audio_calibration: sending audio calibration for snd_device(2) acdb_id(15)
08-04 00:16:28.999   512  2967 I soundtrigger: audio_extn_sound_trigger_update_device_status: device 0x2 of type 0 for Event 1
08-04 00:16:29.003  4292  4579 I art     : Starting a blocking GC Explicit
08-04 00:16:29.009   512  2967 D audio_hw_primary: enable_snd_device: snd_device(2: speaker)
08-04 00:16:29.012   512  2967 D audio_hw_primary: enable_audio_route: apply and update mixer path: low-latency-playback speaker
08-04 00:16:29.057  4292  4579 I art     : Explicit concurrent mark sweep GC freed 686(46KB) AllocSpace objects, 0(0B) LOS objects, 7% free, 184MB/200MB, paused 1.371ms total 53.860ms
08-04 00:16:29.076  4292  4579 I art     : Starting a blocking GC Explicit
08-04 00:16:29.090   918   936 I ActivityManager: Displayed baseline.io.github.project_travel_mate/.utilities.ChecklistActivity: +95ms
08-04 00:16:29.090 13866 13866 I GoogleInputMethodServic: GoogleInputMethodService.onFinishInput():3138 
08-04 00:16:29.091 13866 13866 I GoogleInputMethodServic: GoogleInputMethodService.onStartInput():1808 
08-04 00:16:29.133  4292  4579 I art     : Explicit concurrent mark sweep GC freed 476(18KB) AllocSpace objects, 0(0B) LOS objects, 7% free, 184MB/200MB, paused 1.178ms total 56.807ms
08-04 00:16:29.151  4292  4579 I art     : Starting a blocking GC Explicit
08-04 00:16:29.200  4292  4579 I art     : Explicit concurrent mark sweep GC freed 132(4KB) AllocSpace objects, 0(0B) LOS objects, 7% free, 184MB/200MB, paused 1.325ms total 48.485ms
08-04 00:16:29.218  4292  4579 I art     : Starting a blocking GC Explicit
08-04 00:16:29.266  4292  4579 I art     : Explicit concurrent mark sweep GC freed 3(96B) AllocSpace objects, 0(0B) LOS objects, 7% free, 184MB/200MB, paused 1.159ms total 47.810ms
08-04 00:16:29.345   380   380 W SurfaceFlinger: couldn't log to binary event log: overflow.
08-04 00:16:29.549   512  2967 D audio_hw_primary: disable_audio_route: reset and update mixer path: low-latency-playback speaker
08-04 00:16:29.550   512  2967 D audio_hw_primary: disable_snd_device: snd_device(2: speaker)
08-04 00:16:29.558   512  2967 I soundtrigger: audio_extn_sound_trigger_update_device_status: device 0x2 of type 0 for Event 0
08-04 00:16:29.640  4292  4304 I art     : Starting a blocking GC Explicit
08-04 00:16:29.698  4292  4304 I art     : Explicit concurrent mark sweep GC freed 1640(93KB) AllocSpace objects, 2(48KB) LOS objects, 7% free, 184MB/200MB, paused 1.338ms total 56.928ms
08-04 00:16:29.717  4292  4304 I art     : Starting a blocking GC Explicit
08-04 00:16:29.771  4292  4304 I art     : Explicit concurrent mark sweep GC freed 36(1280B) AllocSpace objects, 0(0B) LOS objects, 7% free, 184MB/200MB, paused 1.356ms total 53.868ms
08-04 00:16:29.791  4292  4304 I art     : Starting a blocking GC Explicit
08-04 00:16:29.850  4292  4304 I art     : Explicit concurrent mark sweep GC freed 14(720B) AllocSpace objects, 0(0B) LOS objects, 7% free, 184MB/200MB, paused 1.590ms total 58.763ms
08-04 00:16:29.873  4292  4304 I art     : Starting a blocking GC Explicit
08-04 00:16:29.933  4292  4304 I art     : Explicit concurrent mark sweep GC freed 14(672B) AllocSpace objects, 0(0B) LOS objects, 7% free, 184MB/200MB, paused 1.425ms total 59.365ms
08-04 00:16:29.954  4292  4304 I art     : Starting a blocking GC Explicit
08-04 00:16:30.013  4292  4304 I art     : Explicit concurrent mark sweep GC freed 13(640B) AllocSpace objects, 0(0B) LOS objects, 7% free, 184MB/200MB, paused 1.349ms total 58.318ms
08-04 00:16:30.434  4292  4305 I art     : Starting a blocking GC Explicit
08-04 00:16:30.513  4292  4305 I art     : Explicit concurrent mark sweep GC freed 1623(93KB) AllocSpace objects, 2(48KB) LOS objects, 7% free, 184MB/200MB, paused 1.435ms total 78.145ms
08-04 00:16:30.534  4292  4305 I art     : Starting a blocking GC Explicit
08-04 00:16:30.593  4292  4305 I art     : Explicit concurrent mark sweep GC freed 28(1024B) AllocSpace objects, 0(0B) LOS objects, 7% free, 184MB/200MB, paused 1.340ms total 58.462ms
08-04 00:16:30.612  4292  4305 I art     : Starting a blocking GC Explicit
08-04 00:16:30.679  4292  4305 I art     : Explicit concurrent mark sweep GC freed 3(96B) AllocSpace objects, 0(0B) LOS objects, 7% free, 184MB/200MB, paused 1.511ms total 66.749ms
08-04 00:16:30.702  4292  4305 I art     : Starting a blocking GC Explicit
08-04 00:16:30.770  4292  4305 I art     : Explicit concurrent mark sweep GC freed 3(96B) AllocSpace objects, 0(0B) LOS objects, 7% free, 184MB/200MB, paused 1.490ms total 67.687ms
08-04 00:16:30.791  4292  4305 I art     : Starting a blocking GC Explicit
08-04 00:16:30.857  4292  4305 I art     : Explicit concurrent mark sweep GC freed 3(96B) AllocSpace objects, 0(0B) LOS objects, 7% free, 184MB/200MB, paused 1.448ms total 64.830ms
08-04 00:16:31.295  4292  4360 I art     : Starting a blocking GC Explicit
08-04 00:16:31.379  4292  4360 I art     : Explicit concurrent mark sweep GC freed 1636(93KB) AllocSpace objects, 2(48KB) LOS objects, 7% free, 184MB/200MB, paused 1.484ms total 83.766ms
08-04 00:16:31.403  4292  4360 I art     : Starting a blocking GC Explicit
08-04 00:16:31.473  4292  4360 I art     : Explicit concurrent mark sweep GC freed 54(2112B) AllocSpace objects, 0(0B) LOS objects, 7% free, 184MB/200MB, paused 1.466ms total 69.827ms
08-04 00:16:31.495  4292  4360 I art     : Starting a blocking GC Explicit
08-04 00:16:31.558  4292  4360 I art     : Explicit concurrent mark sweep GC freed 13(640B) AllocSpace objects, 0(0B) LOS objects, 7% free, 184MB/200MB, paused 1.549ms total 63.082ms
08-04 00:16:31.578  4292  4360 I art     : Starting a blocking GC Explicit
08-04 00:16:31.645  4292  4360 I art     : Explicit concurrent mark sweep GC freed 3(96B) AllocSpace objects, 0(0B) LOS objects, 7% free, 184MB/200MB, paused 1.419ms total 67.140ms
08-04 00:16:31.667  4292  4360 I art     : Starting a blocking GC Explicit
08-04 00:16:31.731  4292  4360 I art     : Explicit concurrent mark sweep GC freed 3(96B) AllocSpace objects, 0(0B) LOS objects, 7% free, 184MB/200MB, paused 1.363ms total 64.582ms
08-04 00:16:32.192  4292  4579 I art     : Starting a blocking GC Explicit
08-04 00:16:32.274  4292  4579 I art     : Explicit concurrent mark sweep GC freed 1621(92KB) AllocSpace objects, 2(48KB) LOS objects, 7% free, 184MB/200MB, paused 1.357ms total 81.463ms
08-04 00:16:32.296  4292  4579 I art     : Starting a blocking GC Explicit
08-04 00:16:32.361  4292  4579 I art     : Explicit concurrent mark sweep GC freed 28(1024B) AllocSpace objects, 0(0B) LOS objects, 7% free, 184MB/200MB, paused 1.455ms total 65.188ms
08-04 00:16:32.381  4292  4579 I art     : Starting a blocking GC Explicit
08-04 00:16:32.443  4292  4579 I art     : Explicit concurrent mark sweep GC freed 3(96B) AllocSpace objects, 0(0B) LOS objects, 7% free, 184MB/200MB, paused 1.364ms total 61.689ms
08-04 00:16:32.463  4292  4579 I art     : Starting a blocking GC Explicit
08-04 00:16:32.527  4292  4579 I art     : Explicit concurrent mark sweep GC freed 3(96B) AllocSpace objects, 0(0B) LOS objects, 7% free, 184MB/200MB, paused 1.480ms total 64.629ms
08-04 00:16:32.550  4292  4579 I art     : Starting a blocking GC Explicit
08-04 00:16:32.619  4292  4579 I art     : Explicit concurrent mark sweep GC freed 3(96B) AllocSpace objects, 0(0B) LOS objects, 7% free, 184MB/200MB, paused 1.578ms total 68.779ms
08-04 00:16:33.095  4292  5627 I art     : Starting a blocking GC Explicit
08-04 00:16:33.177  4292  5627 I art     : Explicit concurrent mark sweep GC freed 1634(93KB) AllocSpace objects, 2(48KB) LOS objects, 7% free, 184MB/200MB, paused 1.496ms total 81.272ms
08-04 00:16:33.198  4292  5627 I art     : Starting a blocking GC Explicit
08-04 00:16:33.258  4292  5627 I art     : Explicit concurrent mark sweep GC freed 39(1600B) AllocSpace objects, 0(0B) LOS objects, 7% free, 184MB/200MB, paused 1.248ms total 60.003ms
08-04 00:16:33.277  4292  5627 I art     : Starting a blocking GC Explicit
08-04 00:16:33.333  4292  5627 I art     : Explicit concurrent mark sweep GC freed 3(96B) AllocSpace objects, 0(0B) LOS objects, 7% free, 184MB/200MB, paused 1.326ms total 55.266ms
08-04 00:16:33.352  4292  5627 I art     : Starting a blocking GC Explicit
08-04 00:16:33.408  4292  5627 I art     : Explicit concurrent mark sweep GC freed 3(96B) AllocSpace objects, 0(0B) LOS objects, 7% free, 184MB/200MB, paused 1.423ms total 56.471ms
08-04 00:16:33.428  4292  5627 I art     : Starting a blocking GC Explicit
08-04 00:16:33.489  4292  5627 I art     : Explicit concurrent mark sweep GC freed 3(96B) AllocSpace objects, 0(0B) LOS objects, 7% free, 184MB/200MB, paused 1.441ms total 61.053ms
08-04 00:16:33.631 31401 31401 I Atfwd_Sendcmd: AtCmdFwd service not ready - Exhausted retry attempts - :6
08-04 00:16:33.631 31401 31401 I Atfwd_Daemon: result : -1 	 ,Init step :2 	 ,qmiErrorCode: 0
08-04 00:16:33.660   518   646 I ThermalEngine: ACTION: GPU - Setting GPU[0] to 510000000
08-04 00:16:33.762  6840  6840 D AndroidRuntime: >>>>>> START com.android.internal.os.RuntimeInit uid 2000 <<<<<<
08-04 00:16:33.767  6840  6840 D AndroidRuntime: CheckJNI is OFF
08-04 00:16:33.801  6840  6840 D ICU     : No timezone override file found: /data/misc/zoneinfo/current/icu/icu_tzdata.dat
08-04 00:16:33.835  6840  6840 I Radio-JNI: register_android_hardware_Radio DONE
08-04 00:16:33.857  6840  6840 D AndroidRuntime: Calling main entry com.android.commands.input.Input
08-04 00:16:33.859  6840  6840 I Input   : injectKeyEvent: KeyEvent { action=ACTION_DOWN, keyCode=KEYCODE_BACK, scanCode=0, metaState=0, flags=0x0, repeatCount=0, eventTime=663410272, downTime=663410272, deviceId=-1, source=0x101 }
08-04 00:16:33.865  6840  6840 I Input   : injectKeyEvent: KeyEvent { action=ACTION_UP, keyCode=KEYCODE_BACK, scanCode=0, metaState=0, flags=0x0, repeatCount=0, eventTime=663410272, downTime=663410272, deviceId=-1, source=0x101 }
08-04 00:16:33.873  6840  6840 D AndroidRuntime: Shutting down VM
08-04 00:16:33.877  4292  4579 I art     : Starting a blocking GC Explicit
08-04 00:16:33.886  4292  4292 V MainActivity: url = https://project-travel-mate.herokuapp.com/api/number-of-unread-notifications
08-04 00:16:33.913 13866 13866 I GoogleInputMethodServic: GoogleInputMethodService.onFinishInput():3138 
08-04 00:16:33.913 13866 13866 I GoogleInputMethodServic: GoogleInputMethodService.onStartInput():1808 
08-04 00:16:33.918  4292  4579 I art     : Explicit concurrent mark sweep GC freed 1949(106KB) AllocSpace objects, 2(48KB) LOS objects, 7% free, 184MB/200MB, paused 1.265ms total 40.881ms
08-04 00:16:33.935  4292  4579 I art     : Starting a blocking GC Explicit
08-04 00:16:33.975  4292  4579 I art     : Explicit concurrent mark sweep GC freed 100(3KB) AllocSpace objects, 0(0B) LOS objects, 7% free, 184MB/200MB, paused 925us total 40.013ms
08-04 00:16:33.989  4292  4579 I art     : Starting a blocking GC Explicit
08-04 00:16:34.032  4292  4579 I art     : Explicit concurrent mark sweep GC freed 106(6KB) AllocSpace objects, 0(0B) LOS objects, 7% free, 184MB/200MB, paused 1.026ms total 43.449ms
08-04 00:16:34.033  4292  4303 I art     : WaitForGcToComplete blocked for 43.680ms for cause HeapTrim
08-04 00:16:34.049  4292  4579 I art     : Starting a blocking GC Explicit
08-04 00:16:34.098  4292  4579 I art     : Explicit concurrent mark sweep GC freed 13(576B) AllocSpace objects, 0(0B) LOS objects, 7% free, 184MB/200MB, paused 1.242ms total 49.045ms
08-04 00:16:34.116  4292  4579 I art     : Starting a blocking GC Explicit
08-04 00:16:34.160  4292  4579 I art     : Explicit concurrent mark sweep GC freed 22(1184B) AllocSpace objects, 0(0B) LOS objects, 7% free, 184MB/200MB, paused 917us total 44.024ms
08-04 00:16:34.200   380   380 W SurfaceFlinger: couldn't log to binary event log: overflow.
08-04 00:16:34.465  4292  6863 I NAPPA_EXPERIMENTATION: MetricNetworkRequestExecutionTime: REQUEST_DURATION_SYSTEM='578',REQUEST_DURATION_OKHTTP='61',REQUEST_SYNCHRONOUS='FALSE',RESPONSE_CODE='200',RESPONSE_METHOD='GET',RESPONSE_LENGTH_OKHTTP='36',RESPONSE_LENGTH_HEADER='36',REQUEST_PROTOCOL='http/1.1',REQUEST_URL='https://project-travel-mate.herokuapp.com/api/number-of-unread-notifications',
08-04 00:16:34.486  4292  4305 I art     : Starting a blocking GC Explicit
08-04 00:16:34.549  4292  4305 I art     : Explicit concurrent mark sweep GC freed 4774(257KB) AllocSpace objects, 5(248KB) LOS objects, 7% free, 184MB/200MB, paused 1.418ms total 62.467ms
08-04 00:16:34.567  4292  4305 I art     : Starting a blocking GC Explicit
08-04 00:16:34.616  4292  4305 I art     : Explicit concurrent mark sweep GC freed 1182(127KB) AllocSpace objects, 0(0B) LOS objects, 7% free, 184MB/200MB, paused 1.060ms total 49.249ms
08-04 00:16:34.632  4292  4305 I art     : Starting a blocking GC Explicit
08-04 00:16:34.681  4292  4305 I art     : Explicit concurrent mark sweep GC freed 3(96B) AllocSpace objects, 0(0B) LOS objects, 7% free, 184MB/200MB, paused 1.095ms total 48.869ms
08-04 00:16:34.696  4292  4305 I art     : Starting a blocking GC Explicit
08-04 00:16:34.742  4292  4305 I art     : Explicit concurrent mark sweep GC freed 3(96B) AllocSpace objects, 0(0B) LOS objects, 7% free, 184MB/200MB, paused 1.040ms total 46.186ms
08-04 00:16:34.757  4292  4305 I art     : Starting a blocking GC Explicit
08-04 00:16:34.803  4292  4305 I art     : Explicit concurrent mark sweep GC freed 3(96B) AllocSpace objects, 0(0B) LOS objects, 7% free, 184MB/200MB, paused 1.065ms total 46.525ms
08-04 00:16:35.177  4292  4360 I art     : Starting a blocking GC Explicit
08-04 00:16:35.226  4292  4360 I art     : Explicit concurrent mark sweep GC freed 1623(93KB) AllocSpace objects, 2(48KB) LOS objects, 7% free, 184MB/200MB, paused 1.157ms total 48.187ms
08-04 00:16:35.241  4292  4360 I art     : Starting a blocking GC Explicit
08-04 00:16:35.286  4292  4360 I art     : Explicit concurrent mark sweep GC freed 28(1024B) AllocSpace objects, 0(0B) LOS objects, 7% free, 184MB/200MB, paused 1.083ms total 44.686ms
08-04 00:16:35.301  4292  4360 I art     : Starting a blocking GC Explicit
08-04 00:16:35.347  4292  4360 I art     : Explicit concurrent mark sweep GC freed 3(96B) AllocSpace objects, 0(0B) LOS objects, 7% free, 184MB/200MB, paused 1.091ms total 45.954ms
08-04 00:16:35.361  4292  4360 I art     : Starting a blocking GC Explicit
08-04 00:16:35.407  4292  4360 I art     : Explicit concurrent mark sweep GC freed 3(96B) AllocSpace objects, 0(0B) LOS objects, 7% free, 184MB/200MB, paused 1.130ms total 45.739ms
08-04 00:16:35.422  4292  4360 I art     : Starting a blocking GC Explicit
08-04 00:16:35.467  4292  4360 I art     : Explicit concurrent mark sweep GC freed 3(96B) AllocSpace objects, 0(0B) LOS objects, 7% free, 184MB/200MB, paused 1.105ms total 44.958ms
08-04 00:16:35.533  6886  6886 D AndroidRuntime: >>>>>> START com.android.internal.os.RuntimeInit uid 2000 <<<<<<
08-04 00:16:35.537  6886  6886 D AndroidRuntime: CheckJNI is OFF
08-04 00:16:35.577  6886  6886 D ICU     : No timezone override file found: /data/misc/zoneinfo/current/icu/icu_tzdata.dat
08-04 00:16:35.618  6886  6886 I Radio-JNI: register_android_hardware_Radio DONE
08-04 00:16:35.645  6886  6886 D AndroidRuntime: Calling main entry com.android.commands.input.Input
08-04 00:16:35.646  6886  6886 I Input   : injectMotionEvent: MotionEvent { action=ACTION_DOWN, actionButton=0, id[0]=0, x[0]=657.0, y[0]=2037.0, toolType[0]=TOOL_TYPE_UNKNOWN, buttonState=0, metaState=0, flags=0x0, edgeFlags=0x0, pointerCount=1, historySize=0, eventTime=663412059, downTime=663412059, deviceId=0, source=0x1002 }
08-04 00:16:35.658  6886  6886 I Input   : injectMotionEvent: MotionEvent { action=ACTION_UP, actionButton=0, id[0]=0, x[0]=657.0, y[0]=2037.0, toolType[0]=TOOL_TYPE_UNKNOWN, buttonState=0, metaState=0, flags=0x0, edgeFlags=0x0, pointerCount=1, historySize=0, eventTime=663412059, downTime=663412059, deviceId=0, source=0x1002 }
08-04 00:16:35.662  6886  6886 D AndroidRuntime: Shutting down VM
08-04 00:16:35.674   918  5481 I ActivityManager: START u0 {cmp=baseline.io.github.project_travel_mate/.utilities.CompassActivity} from uid 10650 on display 0
08-04 00:16:35.676   512  2967 D audio_hw_primary: out_set_parameters: enter: usecase(1: low-latency-playback) kvpairs: routing=2
08-04 00:16:35.690   512  2967 D audio_hw_primary: select_devices: out_snd_device(2: speaker) in_snd_device(0: none)
08-04 00:16:35.690   512  2967 D msm8974_platform: platform_send_audio_calibration: sending audio calibration for snd_device(2) acdb_id(15)
08-04 00:16:35.690   512  2967 I soundtrigger: audio_extn_sound_trigger_update_device_status: device 0x2 of type 0 for Event 1
08-04 00:16:35.700   512  2967 D audio_hw_primary: enable_snd_device: snd_device(2: speaker)
08-04 00:16:35.703   512  2967 D audio_hw_primary: enable_audio_route: apply and update mixer path: low-latency-playback speaker
08-04 00:16:35.832  4292  4360 I art     : Starting a blocking GC Explicit
08-04 00:16:35.878  4292  4360 I art     : Explicit concurrent mark sweep GC freed 68(3KB) AllocSpace objects, 0(0B) LOS objects, 6% free, 233MB/249MB, paused 1.243ms total 45.297ms
08-04 00:16:35.893  4292  4360 I art     : Starting a blocking GC Explicit
08-04 00:16:35.936  4292  4360 I art     : Explicit concurrent mark sweep GC freed 3(96B) AllocSpace objects, 0(0B) LOS objects, 6% free, 233MB/249MB, paused 1.036ms total 42.693ms
08-04 00:16:35.949  4292  4360 I art     : Starting a blocking GC Explicit
08-04 00:16:35.990  4292  4360 I art     : Explicit concurrent mark sweep GC freed 3(96B) AllocSpace objects, 0(0B) LOS objects, 6% free, 233MB/249MB, paused 1.080ms total 40.831ms
08-04 00:16:36.004  4292  4360 I art     : Starting a blocking GC Explicit
08-04 00:16:36.046  4292  4360 I art     : Explicit concurrent mark sweep GC freed 3(96B) AllocSpace objects, 0(0B) LOS objects, 6% free, 233MB/249MB, paused 1.160ms total 41.650ms
08-04 00:16:36.060  4292  4360 I art     : Starting a blocking GC Explicit
08-04 00:16:36.095  4292  4292 D CompassActivity: start compass
08-04 00:16:36.096   918  6029 I sensors : batch
08-04 00:16:36.096   918  6029 I sensors : activate
08-04 00:16:36.097   918  5132 I sensors : batch
08-04 00:16:36.097   918  5132 I sensors : activate
08-04 00:16:36.102  4292  4360 I art     : Explicit concurrent mark sweep GC freed 100(4KB) AllocSpace objects, 0(0B) LOS objects, 6% free, 236MB/252MB, paused 1.161ms total 42.356ms
08-04 00:16:36.103   918  3188 I hubconnection: sensorhub said: 'batch 1 flags:0, sampling_rate_Hz:50.00, max_report_latency_us:0'
08-04 00:16:36.104   918  3188 I hubconnection: sensorhub said: 'activate 1 enable:1'
08-04 00:16:36.105   918  3188 I hubconnection: sensorhub said: 'batch 3 flags:0, sampling_rate_Hz:50.00, max_report_latency_us:0'
08-04 00:16:36.106   918  3188 I hubconnection: sensorhub said: 'activate 3 enable:1'
08-04 00:16:36.235 13866 13866 I GoogleInputMethodServic: GoogleInputMethodService.onFinishInput():3138 
08-04 00:16:36.236 13866 13866 I GoogleInputMethodServic: GoogleInputMethodService.onStartInput():1808 
08-04 00:16:36.236   918   936 I ActivityManager: Displayed baseline.io.github.project_travel_mate/.utilities.CompassActivity: +549ms
08-04 00:16:36.238   512  2967 D audio_hw_primary: disable_audio_route: reset and update mixer path: low-latency-playback speaker
08-04 00:16:36.239   512  2967 D audio_hw_primary: disable_snd_device: snd_device(2: speaker)
08-04 00:16:36.247   512  2967 I soundtrigger: audio_extn_sound_trigger_update_device_status: device 0x2 of type 0 for Event 0
08-04 00:16:36.309  4292  4292 D CompassActivity: will set rotation from 0.0 to 178.54321
08-04 00:16:36.309  4292  4292 D CompassActivity: will set rotation from 178.54321 to 178.34412
08-04 00:16:36.310  4292  4292 D CompassActivity: will set rotation from 178.34412 to 178.3407
08-04 00:16:36.310  4292  4292 D CompassActivity: will set rotation from 178.3407 to 178.23035
08-04 00:16:36.310  4292  4292 D CompassActivity: will set rotation from 178.23035 to 178.22021
08-04 00:16:36.328  4292  4292 D CompassActivity: will set rotation from 178.22021 to 178.14551
08-04 00:16:36.329  4292  4292 D CompassActivity: will set rotation from 178.14551 to 178.14569
08-04 00:16:36.340  4292  4292 D CompassActivity: will set rotation from 178.14569 to 178.01208
08-04 00:16:36.340  4292  4292 D CompassActivity: will set rotation from 178.01208 to 178.01477
08-04 00:16:36.360  4292  4292 D CompassActivity: will set rotation from 178.01477 to 177.92566
08-04 00:16:36.360  4292  4292 D CompassActivity: will set rotation from 177.92566 to 177.91772
08-04 00:16:36.380  4292  4292 D CompassActivity: will set rotation from 177.91772 to 177.9939
08-04 00:16:36.380  4292  4292 D CompassActivity: will set rotation from 177.9939 to 177.99182
08-04 00:16:36.400  4292  4292 D CompassActivity: will set rotation from 177.99182 to 178.1167
08-04 00:16:36.400  4292  4292 D CompassActivity: will set rotation from 178.1167 to 178.11432
08-04 00:16:36.423  4292  4292 D CompassActivity: will set rotation from 178.11432 to 178.10522
08-04 00:16:36.423  4292  4292 D CompassActivity: will set rotation from 178.10522 to 178.10333
08-04 00:16:36.440  4292  4292 D CompassActivity: will set rotation from 178.10333 to 178.1919
08-04 00:16:36.440  4292  4292 D CompassActivity: will set rotation from 178.1919 to 178.19128
08-04 00:16:36.448  4292  4305 I art     : Starting a blocking GC Explicit
08-04 00:16:36.460  4292  4292 D CompassActivity: will set rotation from 178.19128 to 178.17407
08-04 00:16:36.460  4292  4292 D CompassActivity: will set rotation from 178.17407 to 178.16888
08-04 00:16:36.480  4292  4292 D CompassActivity: will set rotation from 178.16888 to 178.21143
08-04 00:16:36.480  4292  4292 D CompassActivity: will set rotation from 178.21143 to 178.2107
08-04 00:16:36.486   380   380 W SurfaceFlinger: couldn't log to binary event log: overflow.
08-04 00:16:36.494  4292  4305 I art     : Explicit concurrent mark sweep GC freed 1926(111KB) AllocSpace objects, 2(48KB) LOS objects, 6% free, 236MB/252MB, paused 1.045ms total 44.978ms
08-04 00:16:36.500  4292  4292 D CompassActivity: will set rotation from 178.2107 to 178.32227
08-04 00:16:36.500  4292  4292 D CompassActivity: will set rotation from 178.32227 to 178.31885
08-04 00:16:36.508  4292  4305 I art     : Starting a blocking GC Explicit
08-04 00:16:36.520  4292  4292 D CompassActivity: will set rotation from 178.31885 to 178.37769
08-04 00:16:36.520  4292  4292 D CompassActivity: will set rotation from 178.37769 to 178.3717
08-04 00:16:36.540  4292  4292 D CompassActivity: will set rotation from 178.3717 to 178.49353
08-04 00:16:36.540  4292  4292 D CompassActivity: will set rotation from 178.49353 to 178.49365
08-04 00:16:36.547  4292  4305 I art     : Explicit concurrent mark sweep GC freed 386(16KB) AllocSpace objects, 0(0B) LOS objects, 6% free, 236MB/252MB, paused 1.038ms total 39.113ms
08-04 00:16:36.560  4292  4292 D CompassActivity: will set rotation from 178.49365 to 178.46063
08-04 00:16:36.560  4292  4292 D CompassActivity: will set rotation from 178.46063 to 178.45697
08-04 00:16:36.561  4292  4305 I art     : Starting a blocking GC Explicit
08-04 00:16:36.579  4292  4292 D CompassActivity: will set rotation from 178.45697 to 178.38953
08-04 00:16:36.580  4292  4292 D CompassActivity: will set rotation from 178.38953 to 178.38922
08-04 00:16:36.599  4292  4292 D CompassActivity: will set rotation from 178.38922 to 178.43542
08-04 00:16:36.600  4292  4292 D CompassActivity: will set rotation from 178.43542 to 178.43494
08-04 00:16:36.604  4292  4305 I art     : Explicit concurrent mark sweep GC freed 123(6KB) AllocSpace objects, 0(0B) LOS objects, 6% free, 236MB/252MB, paused 962us total 42.470ms
08-04 00:16:36.618  4292  4305 I art     : Starting a blocking GC Explicit
08-04 00:16:36.666  4292  4305 I art     : Explicit concurrent mark sweep GC freed 81(3KB) AllocSpace objects, 0(0B) LOS objects, 6% free, 236MB/252MB, paused 987us total 47.602ms
08-04 00:16:36.681  4292  4305 I art     : Starting a blocking GC Explicit
08-04 00:16:36.689  4292  4292 D CompassActivity: will set rotation from 178.43494 to 178.44293
08-04 00:16:36.689  4292  4292 D CompassActivity: will set rotation from 178.44293 to 178.44452
08-04 00:16:36.690  4292  4292 D CompassActivity: will set rotation from 178.44452 to 178.5174
08-04 00:16:36.690  4292  4292 D CompassActivity: will set rotation from 178.5174 to 178.51556
08-04 00:16:36.690  4292  4292 D CompassActivity: will set rotation from 178.51556 to 178.57288
08-04 00:16:36.690  4292  4292 D CompassActivity: will set rotation from 178.57288 to 178.57385
08-04 00:16:36.690  4292  4292 D CompassActivity: will set rotation from 178.57385 to 178.565
08-04 00:16:36.690  4292  4292 D CompassActivity: will set rotation from 178.565 to 178.56604
08-04 00:16:36.700  4292  4292 D CompassActivity: will set rotation from 178.56604 to 178.52686
08-04 00:16:36.700  4292  4292 D CompassActivity: will set rotation from 178.52686 to 178.52588
08-04 00:16:36.723  4292  4292 D CompassActivity: will set rotation from 178.52588 to 178.49652
08-04 00:16:36.723  4292  4292 D CompassActivity: will set rotation from 178.49652 to 178.49597
08-04 00:16:36.724  4292  4305 I art     : Explicit concurrent mark sweep GC freed 155(7KB) AllocSpace objects, 0(0B) LOS objects, 6% free, 236MB/252MB, paused 1.088ms total 42.169ms
08-04 00:16:36.740  4292  4292 D CompassActivity: will set rotation from 178.49597 to 178.43933
08-04 00:16:36.740  4292  4292 D CompassActivity: will set rotation from 178.43933 to 178.44061
08-04 00:16:36.759  4292  4292 D CompassActivity: will set rotation from 178.44061 to 178.41504
08-04 00:16:36.759  4292  4292 D CompassActivity: will set rotation from 178.41504 to 178.41583
08-04 00:16:36.780  4292  4292 D CompassActivity: will set rotation from 178.41583 to 178.44733
08-04 00:16:36.781  4292  4292 D CompassActivity: will set rotation from 178.44733 to 178.44739
08-04 00:16:36.799  4292  4292 D CompassActivity: will set rotation from 178.44739 to 178.45361
08-04 00:16:36.799  4292  4292 D CompassActivity: will set rotation from 178.45361 to 178.45526
08-04 00:16:36.819  4292  4292 D CompassActivity: will set rotation from 178.45526 to 178.48419
08-04 00:16:36.819  4292  4292 D CompassActivity: will set rotation from 178.48419 to 178.48413
08-04 00:16:36.839  4292  4292 D CompassActivity: will set rotation from 178.48413 to 178.5072
08-04 00:16:36.840  4292  4292 D CompassActivity: will set rotation from 178.5072 to 178.50659
08-04 00:16:36.859  4292  4292 D CompassActivity: will set rotation from 178.50659 to 178.50964
08-04 00:16:36.859  4292  4292 D CompassActivity: will set rotation from 178.50964 to 178.50879
08-04 00:16:36.878  4292  4292 D CompassActivity: will set rotation from 178.50879 to 178.53455
08-04 00:16:36.879  4292  4292 D CompassActivity: will set rotation from 178.53455 to 178.5326
08-04 00:16:36.898  4292  4292 D CompassActivity: will set rotation from 178.5326 to 178.51099
08-04 00:16:36.899  4292  4292 D CompassActivity: will set rotation from 178.51099 to 178.51001
08-04 00:16:36.919  4292  4292 D CompassActivity: will set rotation from 178.51001 to 178.55469
08-04 00:16:36.919  4292  4292 D CompassActivity: will set rotation from 178.55469 to 178.55396
08-04 00:16:36.939  4292  4292 D CompassActivity: will set rotation from 178.55396 to 178.57574
08-04 00:16:36.939  4292  4292 D CompassActivity: will set rotation from 178.57574 to 178.57532
08-04 00:16:36.958  4292  4292 D CompassActivity: will set rotation from 178.57532 to 178.61743
08-04 00:16:36.958  4292  4292 D CompassActivity: will set rotation from 178.61743 to 178.61871
08-04 00:16:36.978  4292  4292 D CompassActivity: will set rotation from 178.61871 to 178.63586
08-04 00:16:36.978  4292  4292 D CompassActivity: will set rotation from 178.63586 to 178.63452
08-04 00:16:36.998  4292  4292 D CompassActivity: will set rotation from 178.63452 to 178.65088
08-04 00:16:36.998  4292  4292 D CompassActivity: will set rotation from 178.65088 to 178.65002
08-04 00:16:37.018  4292  4292 D CompassActivity: will set rotation from 178.65002 to 178.64575
08-04 00:16:37.019  4292  4292 D CompassActivity: will set rotation from 178.64575 to 178.64331
08-04 00:16:37.041  4292  4292 D CompassActivity: will set rotation from 178.64331 to 178.67859
08-04 00:16:37.041  4292  4292 D CompassActivity: will set rotation from 178.67859 to 178.67828
08-04 00:16:37.058  4292  4292 D CompassActivity: will set rotation from 178.67828 to 178.71375
08-04 00:16:37.058  4292  4292 D CompassActivity: will set rotation from 178.71375 to 178.71692
08-04 00:16:37.078  4292  4292 D CompassActivity: will set rotation from 178.71692 to 178.68744
08-04 00:16:37.078  4292  4292 D CompassActivity: will set rotation from 178.68744 to 178.69092
08-04 00:16:37.081  4292  4304 I art     : Starting a blocking GC Explicit
08-04 00:16:37.098  4292  4292 D CompassActivity: will set rotation from 178.69092 to 178.6416
08-04 00:16:37.098  4292  4292 D CompassActivity: will set rotation from 178.6416 to 178.64081
08-04 00:16:37.117  4292  4292 D CompassActivity: will set rotation from 178.64081 to 178.6593
08-04 00:16:37.118  4292  4292 D CompassActivity: will set rotation from 178.6593 to 178.65906
08-04 00:16:37.140  4292  4304 I art     : Explicit concurrent mark sweep GC freed 2016(119KB) AllocSpace objects, 2(48KB) LOS objects, 6% free, 236MB/252MB, paused 1.532ms total 58.662ms
08-04 00:16:37.141  4292  4292 D CompassActivity: will set rotation from 178.65906 to 178.65283
08-04 00:16:37.141  4292  4292 D CompassActivity: will set rotation from 178.65283 to 178.64972
08-04 00:16:37.157  4292  4292 D CompassActivity: will set rotation from 178.64972 to 178.64264
08-04 00:16:37.157  4292  4304 I art     : Starting a blocking GC Explicit
08-04 00:16:37.158  4292  4292 D CompassActivity: will set rotation from 178.64264 to 178.64276
08-04 00:16:37.177  4292  4292 D CompassActivity: will set rotation from 178.64276 to 178.63971
08-04 00:16:37.177  4292  4292 D CompassActivity: will set rotation from 178.63971 to 178.64032
08-04 00:16:37.197  4292  4292 D CompassActivity: will set rotation from 178.64032 to 178.6576
08-04 00:16:37.197  4292  4292 D CompassActivity: will set rotation from 178.6576 to 178.6579
08-04 00:16:37.204  4292  4304 I art     : Explicit concurrent mark sweep GC freed 714(28KB) AllocSpace objects, 0(0B) LOS objects, 6% free, 236MB/252MB, paused 1.226ms total 45.897ms
08-04 00:16:37.217  4292  4292 D CompassActivity: will set rotation from 178.6579 to 178.63025
08-04 00:16:37.217  4292  4292 D CompassActivity: will set rotation from 178.63025 to 178.63007
08-04 00:16:37.218  4292  4304 I art     : Starting a blocking GC Explicit
08-04 00:16:37.239  4292  4292 D CompassActivity: will set rotation from 178.63007 to 178.62463
08-04 00:16:37.239  4292  4292 D CompassActivity: will set rotation from 178.62463 to 178.62292
08-04 00:16:37.257  4292  4292 D CompassActivity: will set rotation from 178.62292 to 178.63843
08-04 00:16:37.257  4292  4292 D CompassActivity: will set rotation from 178.63843 to 178.63745
08-04 00:16:37.261  4292  4304 I art     : Explicit concurrent mark sweep GC freed 159(7KB) AllocSpace objects, 0(0B) LOS objects, 6% free, 236MB/252MB, paused 938us total 43.375ms
08-04 00:16:37.277  4292  4292 D CompassActivity: will set rotation from 178.63745 to 178.5929
08-04 00:16:37.277  4292  4304 I art     : Starting a blocking GC Explicit
08-04 00:16:37.277  4292  4292 D CompassActivity: will set rotation from 178.5929 to 178.5932
08-04 00:16:37.297  4292  4292 D CompassActivity: will set rotation from 178.5932 to 178.57098
08-04 00:16:37.297  4292  4292 D CompassActivity: will set rotation from 178.57098 to 178.57068
08-04 00:16:37.317  4292  4292 D CompassActivity: will set rotation from 178.57068 to 178.55383
08-04 00:16:37.318  4292  4292 D CompassActivity: will set rotation from 178.55383 to 178.55286
08-04 00:16:37.326  4292  4304 I art     : Explicit concurrent mark sweep GC freed 134(6KB) AllocSpace objects, 0(0B) LOS objects, 6% free, 236MB/252MB, paused 925us total 49.278ms
08-04 00:16:37.341  4292  4292 D CompassActivity: will set rotation from 178.55286 to 178.531
08-04 00:16:37.342  4292  4292 D CompassActivity: will set rotation from 178.531 to 178.53357
08-04 00:16:37.342  4292  4304 I art     : Starting a blocking GC Explicit
08-04 00:16:37.361  4292  4292 D CompassActivity: will set rotation from 178.53357 to 178.55042
08-04 00:16:37.363  4292  4292 D CompassActivity: will set rotation from 178.55042 to 178.54901
08-04 00:16:37.377  4292  4292 D CompassActivity: will set rotation from 178.54901 to 178.56781
08-04 00:16:37.378  4292  4292 D CompassActivity: will set rotation from 178.56781 to 178.56573
08-04 00:16:37.397  4292  4304 I art     : Explicit concurrent mark sweep GC freed 132(6KB) AllocSpace objects, 0(0B) LOS objects, 6% free, 236MB/252MB, paused 1.124ms total 54.701ms
08-04 00:16:37.398  4292  4292 D CompassActivity: will set rotation from 178.56573 to 178.56458
08-04 00:16:37.398  4292  4292 D CompassActivity: will set rotation from 178.56458 to 178.5647
08-04 00:16:37.417  4292  4292 D CompassActivity: will set rotation from 178.5647 to 178.56445
08-04 00:16:37.417  4292  4292 D CompassActivity: will set rotation from 178.56445 to 178.56366
08-04 00:16:37.437  4292  4292 D CompassActivity: will set rotation from 178.56366 to 178.55841
08-04 00:16:37.438  4292  4292 D CompassActivity: will set rotation from 178.55841 to 178.55988
08-04 00:16:37.459  4292  4292 D CompassActivity: will set rotation from 178.55988 to 178.54138
08-04 00:16:37.460  4292  4292 D CompassActivity: will set rotation from 178.54138 to 178.54114
08-04 00:16:37.478  4292  4292 D CompassActivity: will set rotation from 178.54114 to 178.56012
08-04 00:16:37.478  4292  4292 D CompassActivity: will set rotation from 178.56012 to 178.55927
08-04 00:16:37.497  4292  4292 D CompassActivity: will set rotation from 178.55927 to 178.55524
08-04 00:16:37.498  4292  4292 D CompassActivity: will set rotation from 178.55524 to 178.55518
08-04 00:16:37.517  4292  4292 D CompassActivity: will set rotation from 178.55518 to 178.57251
08-04 00:16:37.517  4292  4292 D CompassActivity: will set rotation from 178.57251 to 178.57214
08-04 00:16:37.537  4292  4292 D CompassActivity: will set rotation from 178.57214 to 178.58942
08-04 00:16:37.537  4292  4292 D CompassActivity: will set rotation from 178.58942 to 178.59094
08-04 00:16:37.559  4292  4292 D CompassActivity: will set rotation from 178.59094 to 178.62238
08-04 00:16:37.560  4292  4292 D CompassActivity: will set rotation from 178.62238 to 178.62341
08-04 00:16:37.577  4292  4292 D CompassActivity: will set rotation from 178.62341 to 178.61902
08-04 00:16:37.577  4292  4292 D CompassActivity: will set rotation from 178.61902 to 178.61676
08-04 00:16:37.595  4292  4292 D CompassActivity: will set rotation from 178.61676 to 178.59784
08-04 00:16:37.596  4292  4292 D CompassActivity: will set rotation from 178.59784 to 178.59778
08-04 00:16:37.616  4292  4292 D CompassActivity: will set rotation from 178.59778 to 178.61194
08-04 00:16:37.616  4292  4292 D CompassActivity: will set rotation from 178.61194 to 178.6131
08-04 00:16:37.636  4292  4292 D CompassActivity: will set rotation from 178.6131 to 178.64453
08-04 00:16:37.637  4292  4292 D CompassActivity: will set rotation from 178.64453 to 178.64417
08-04 00:16:37.657  4292  4292 D CompassActivity: will set rotation from 178.64417 to 178.65405
08-04 00:16:37.657  4292  4292 D CompassActivity: will set rotation from 178.65405 to 178.65442
08-04 00:16:37.670   518   646 I ThermalEngine: ACTION: GPU - Setting GPU[0] to 450000000
08-04 00:16:37.678  4292  4292 D CompassActivity: will set rotation from 178.65442 to 178.66711
08-04 00:16:37.678  4292  4292 D CompassActivity: will set rotation from 178.66711 to 178.66699
08-04 00:16:37.695  4292  4292 D CompassActivity: will set rotation from 178.66699 to 178.69592
08-04 00:16:37.695  4292  4292 D CompassActivity: will set rotation from 178.69592 to 178.69647
08-04 00:16:37.715  4292  4292 D CompassActivity: will set rotation from 178.69647 to 178.68884
08-04 00:16:37.715  4292  4292 D CompassActivity: will set rotation from 178.68884 to 178.68835
08-04 00:16:37.735  4292  4292 D CompassActivity: will set rotation from 178.68835 to 178.68402
08-04 00:16:37.737  4292  4292 D CompassActivity: will set rotation from 178.68402 to 178.68164
08-04 00:16:37.757  4292  4292 D CompassActivity: will set rotation from 178.68164 to 178.66113
08-04 00:16:37.758  4292  4292 D CompassActivity: will set rotation from 178.66113 to 178.65918
08-04 00:16:37.775  4292  4292 D CompassActivity: will set rotation from 178.65918 to 178.63672
08-04 00:16:37.775  4292  4292 D CompassActivity: will set rotation from 178.63672 to 178.63678
08-04 00:16:37.795  4292  4292 D CompassActivity: will set rotation from 178.63678 to 178.65002
08-04 00:16:37.795  4292  4292 D CompassActivity: will set rotation from 178.65002 to 178.65039
08-04 00:16:37.815  4292  4292 D CompassActivity: will set rotation from 178.65039 to 178.66412
08-04 00:16:37.816  4292  4292 D CompassActivity: will set rotation from 178.66412 to 178.66455
08-04 00:16:37.835  4292  4292 D CompassActivity: will set rotation from 178.66455 to 178.64465
08-04 00:16:37.836  4292  4292 D CompassActivity: will set rotation from 178.64465 to 178.6438
08-04 00:16:37.850  4292  4579 I art     : Starting a blocking GC Explicit
08-04 00:16:37.857  4292  4292 D CompassActivity: will set rotation from 178.6438 to 178.67432
08-04 00:16:37.858  4292  4292 D CompassActivity: will set rotation from 178.67432 to 178.67395
08-04 00:16:37.878  4292  4292 D CompassActivity: will set rotation from 178.67395 to 178.66833
08-04 00:16:37.879  4292  4292 D CompassActivity: will set rotation from 178.66833 to 178.66956
08-04 00:16:37.896  4292  4292 D CompassActivity: will set rotation from 178.66956 to 178.68164
08-04 00:16:37.897  4292  4292 D CompassActivity: will set rotation from 178.68164 to 178.68134
08-04 00:16:37.914  4292  4292 D CompassActivity: will set rotation from 178.68134 to 178.67474
08-04 00:16:37.915  4292  4292 D CompassActivity: will set rotation from 178.67474 to 178.6748
08-04 00:16:37.920  4292  4579 I art     : Explicit concurrent mark sweep GC freed 2076(124KB) AllocSpace objects, 2(48KB) LOS objects, 6% free, 236MB/252MB, paused 1.321ms total 69.820ms
08-04 00:16:37.935  4292  4292 D CompassActivity: will set rotation from 178.6748 to 178.68427
08-04 00:16:37.935  4292  4292 D CompassActivity: will set rotation from 178.68427 to 178.6847
08-04 00:16:37.939  4292  4579 I art     : Starting a blocking GC Explicit
08-04 00:16:37.954  4292  4292 D CompassActivity: will set rotation from 178.6847 to 178.67883
08-04 00:16:37.954  4292  4292 D CompassActivity: will set rotation from 178.67883 to 178.67847
08-04 00:16:37.974  4292  4292 D CompassActivity: will set rotation from 178.67847 to 178.67242
08-04 00:16:37.974  4292  4292 D CompassActivity: will set rotation from 178.67242 to 178.67322
08-04 00:16:37.990  4292  4579 I art     : Explicit concurrent mark sweep GC freed 877(34KB) AllocSpace objects, 0(0B) LOS objects, 6% free, 236MB/252MB, paused 1.195ms total 50.074ms
08-04 00:16:37.993  4292  4292 D CompassActivity: will set rotation from 178.67322 to 178.68219
08-04 00:16:37.993  4292  4292 D CompassActivity: will set rotation from 178.68219 to 178.68329
08-04 00:16:38.008  4292  4579 I art     : Starting a blocking GC Explicit
08-04 00:16:38.013  4292  4292 D CompassActivity: will set rotation from 178.68329 to 178.65875
08-04 00:16:38.014  4292  4292 D CompassActivity: will set rotation from 178.65875 to 178.65839
08-04 00:16:38.033  4292  4292 D CompassActivity: will set rotation from 178.65839 to 178.63586
08-04 00:16:38.034  4292  4292 D CompassActivity: will set rotation from 178.63586 to 178.63812
08-04 00:16:38.057  4292  4292 D CompassActivity: will set rotation from 178.63812 to 178.64941
08-04 00:16:38.057  4292  4292 D CompassActivity: will set rotation from 178.64941 to 178.65039
08-04 00:16:38.058  4292  4579 I art     : Explicit concurrent mark sweep GC freed 148(6KB) AllocSpace objects, 0(0B) LOS objects, 6% free, 236MB/252MB, paused 1.416ms total 49.805ms
08-04 00:16:38.076  4292  4292 D CompassActivity: will set rotation from 178.65039 to 178.61444
08-04 00:16:38.076  4292  4579 I art     : Starting a blocking GC Explicit
08-04 00:16:38.077  4292  4292 D CompassActivity: will set rotation from 178.61444 to 178.61401
08-04 00:16:38.093  4292  4292 D CompassActivity: will set rotation from 178.61401 to 178.60913
08-04 00:16:38.094  4292  4292 D CompassActivity: will set rotation from 178.60913 to 178.60974
08-04 00:16:38.114  4292  4292 D CompassActivity: will set rotation from 178.60974 to 178.60529
08-04 00:16:38.114  4292  4292 D CompassActivity: will set rotation from 178.60529 to 178.60553
08-04 00:16:38.128  4292  4579 I art     : Explicit concurrent mark sweep GC freed 129(6KB) AllocSpace objects, 0(0B) LOS objects, 6% free, 236MB/252MB, paused 1.365ms total 51.772ms
08-04 00:16:38.134  4292  4292 D CompassActivity: will set rotation from 178.60553 to 178.63538
08-04 00:16:38.135  4292  4292 D CompassActivity: will set rotation from 178.63538 to 178.63489
08-04 00:16:38.148  4292  4579 I art     : Starting a blocking GC Explicit
08-04 00:16:38.154  4292  4292 D CompassActivity: will set rotation from 178.63489 to 178.66083
08-04 00:16:38.155  4292  4292 D CompassActivity: will set rotation from 178.66083 to 178.65997
08-04 00:16:38.177  4292  4292 D CompassActivity: will set rotation from 178.65997 to 178.65552
08-04 00:16:38.177  4292  4292 D CompassActivity: will set rotation from 178.65552 to 178.65662
08-04 00:16:38.197  4292  4292 D CompassActivity: will set rotation from 178.65662 to 178.65149
08-04 00:16:38.197  4292  4292 D CompassActivity: will set rotation from 178.65149 to 178.64978
08-04 00:16:38.202  4292  4579 I art     : Explicit concurrent mark sweep GC freed 200(9KB) AllocSpace objects, 0(0B) LOS objects, 6% free, 236MB/252MB, paused 1.447ms total 53.547ms
08-04 00:16:38.213  4292  4292 D CompassActivity: will set rotation from 178.64978 to 178.63312
08-04 00:16:38.213  4292  4292 D CompassActivity: will set rotation from 178.63312 to 178.63239
08-04 00:16:38.234  4292  4292 D CompassActivity: will set rotation from 178.63239 to 178.64368
08-04 00:16:38.234  4292  4292 D CompassActivity: will set rotation from 178.64368 to 178.64331
08-04 00:16:38.253  4292  4292 D CompassActivity: will set rotation from 178.64331 to 178.6073
08-04 00:16:38.254  4292  4292 D CompassActivity: will set rotation from 178.6073 to 178.607
08-04 00:16:38.276  4292  4292 D CompassActivity: will set rotation from 178.607 to 178.58899
08-04 00:16:38.277  4292  4292 D CompassActivity: will set rotation from 178.58899 to 178.59009
08-04 00:16:38.293  4292  4292 D CompassActivity: will set rotation from 178.59009 to 178.60437
08-04 00:16:38.293  4292  4292 D CompassActivity: will set rotation from 178.60437 to 178.60461
08-04 00:16:38.313  4292  4292 D CompassActivity: will set rotation from 178.60461 to 178.62048
08-04 00:16:38.314  4292  4292 D CompassActivity: will set rotation from 178.62048 to 178.61902
08-04 00:16:38.333  4292  4292 D CompassActivity: will set rotation from 178.61902 to 178.63171
08-04 00:16:38.333  4292  4292 D CompassActivity: will set rotation from 178.63171 to 178.62982
08-04 00:16:38.353  4292  4292 D CompassActivity: will set rotation from 178.62982 to 178.63928
08-04 00:16:38.353  4292  4292 D CompassActivity: will set rotation from 178.63928 to 178.6405
08-04 00:16:38.373  4292  4292 D CompassActivity: will set rotation from 178.6405 to 178.60577
08-04 00:16:38.373  4292  4292 D CompassActivity: will set rotation from 178.60577 to 178.6051
08-04 00:16:38.392  4292  4292 D CompassActivity: will set rotation from 178.6051 to 178.58606
08-04 00:16:38.393  4292  4292 D CompassActivity: will set rotation from 178.58606 to 178.58466
08-04 00:16:38.412  4292  4292 D CompassActivity: will set rotation from 178.58466 to 178.58203
08-04 00:16:38.412  4292  4292 D CompassActivity: will set rotation from 178.58203 to 178.58319
08-04 00:16:38.423  6940  6940 D AndroidRuntime: >>>>>> START com.android.internal.os.RuntimeInit uid 2000 <<<<<<
08-04 00:16:38.429  6940  6940 D AndroidRuntime: CheckJNI is OFF
08-04 00:16:38.432  4292  4292 D CompassActivity: will set rotation from 178.58319 to 178.59814
08-04 00:16:38.432  4292  4292 D CompassActivity: will set rotation from 178.59814 to 178.59772
08-04 00:16:38.452  4292  4292 D CompassActivity: will set rotation from 178.59772 to 178.5951
08-04 00:16:38.452  4292  4292 D CompassActivity: will set rotation from 178.5951 to 178.59705
08-04 00:16:38.468  6940  6940 D ICU     : No timezone override file found: /data/misc/zoneinfo/current/icu/icu_tzdata.dat
08-04 00:16:38.472  4292  4292 D CompassActivity: will set rotation from 178.59705 to 178.59576
08-04 00:16:38.473  4292  4292 D CompassActivity: will set rotation from 178.59576 to 178.5954
08-04 00:16:38.492  4292  4292 D CompassActivity: will set rotation from 178.5954 to 178.60681
08-04 00:16:38.492  4292  4292 D CompassActivity: will set rotation from 178.60681 to 178.60742
08-04 00:16:38.510  6940  6940 I Radio-JNI: register_android_hardware_Radio DONE
08-04 00:16:38.511  4292  4292 D CompassActivity: will set rotation from 178.60742 to 178.60748
08-04 00:16:38.511  4292  4292 D CompassActivity: will set rotation from 178.60748 to 178.60828
08-04 00:16:38.531  4292  4292 D CompassActivity: will set rotation from 178.60828 to 178.59216
08-04 00:16:38.532  4292  4292 D CompassActivity: will set rotation from 178.59216 to 178.59106
08-04 00:16:38.538  6940  6940 D AndroidRuntime: Calling main entry com.android.commands.input.Input
08-04 00:16:38.540  6940  6940 I Input   : injectKeyEvent: KeyEvent { action=ACTION_DOWN, keyCode=KEYCODE_BACK, scanCode=0, metaState=0, flags=0x0, repeatCount=0, eventTime=663414953, downTime=663414953, deviceId=-1, source=0x101 }
08-04 00:16:38.545  6940  6940 I Input   : injectKeyEvent: KeyEvent { action=ACTION_UP, keyCode=KEYCODE_BACK, scanCode=0, metaState=0, flags=0x0, repeatCount=0, eventTime=663414953, downTime=663414953, deviceId=-1, source=0x101 }
08-04 00:16:38.551  6940  6940 D AndroidRuntime: Shutting down VM
08-04 00:16:38.552  4292  4292 D CompassActivity: will set rotation from 178.59106 to 178.57465
08-04 00:16:38.552  4292  4292 D CompassActivity: will set rotation from 178.57465 to 178.5719
08-04 00:16:38.555   918  6029 I sensors : activate
08-04 00:16:38.557   918  5132 I sensors : activate
08-04 00:16:38.561   918  3188 I hubconnection: sensorhub said: 'activate 1 enable:0'
08-04 00:16:38.562   918  3188 I hubconnection: sensorhub said: 'activate 3 enable:0'
08-04 00:16:38.587  4292  4292 V MainActivity: url = https://project-travel-mate.herokuapp.com/api/number-of-unread-notifications
08-04 00:16:38.631  4292  4360 I art     : Starting a blocking GC Explicit
08-04 00:16:38.687  4292  4360 I art     : Explicit concurrent mark sweep GC freed 2357(131KB) AllocSpace objects, 2(48KB) LOS objects, 6% free, 236MB/252MB, paused 1.546ms total 55.523ms
08-04 00:16:38.708 13866 13866 I GoogleInputMethodServic: GoogleInputMethodService.onFinishInput():3138 
08-04 00:16:38.708 13866 13866 I GoogleInputMethodServic: GoogleInputMethodService.onStartInput():1808 
08-04 00:16:38.711  4292  4360 I art     : Starting a blocking GC Explicit
08-04 00:16:38.766  4292  4360 I art     : Explicit concurrent mark sweep GC freed 712(29KB) AllocSpace objects, 0(0B) LOS objects, 6% free, 236MB/252MB, paused 1.674ms total 55.135ms
08-04 00:16:38.785  4292  4360 I art     : Starting a blocking GC Explicit
08-04 00:16:38.835  4292  4360 I art     : Explicit concurrent mark sweep GC freed 53(2496B) AllocSpace objects, 0(0B) LOS objects, 6% free, 236MB/252MB, paused 1.360ms total 48.952ms
08-04 00:16:38.853  4292  4360 I art     : Starting a blocking GC Explicit
08-04 00:16:38.918  4292  4360 I art     : Explicit concurrent mark sweep GC freed 19(864B) AllocSpace objects, 0(0B) LOS objects, 6% free, 236MB/252MB, paused 1.480ms total 64.731ms
08-04 00:16:38.940  4292  4360 I art     : Starting a blocking GC Explicit
08-04 00:16:38.987  4292  4292 D CompassActivity: stop compass
08-04 00:16:38.988   380   380 W SurfaceFlinger: couldn't log to binary event log: overflow.
08-04 00:16:39.000  4292  4360 I art     : Explicit concurrent mark sweep GC freed 13(512B) AllocSpace objects, 0(0B) LOS objects, 6% free, 236MB/252MB, paused 1.338ms total 59.898ms
08-04 00:16:39.164  4292  6963 I NAPPA_EXPERIMENTATION: MetricNetworkRequestExecutionTime: REQUEST_DURATION_SYSTEM='575',REQUEST_DURATION_OKHTTP='29',REQUEST_SYNCHRONOUS='FALSE',RESPONSE_CODE='200',RESPONSE_METHOD='GET',RESPONSE_LENGTH_OKHTTP='36',RESPONSE_LENGTH_HEADER='36',REQUEST_PROTOCOL='http/1.1',REQUEST_URL='https://project-travel-mate.herokuapp.com/api/number-of-unread-notifications',
08-04 00:16:39.400  4292  4579 I art     : Starting a blocking GC Explicit
08-04 00:16:39.480  4292  4579 I art     : Explicit concurrent mark sweep GC freed 4445(242KB) AllocSpace objects, 5(248KB) LOS objects, 6% free, 236MB/252MB, paused 1.558ms total 79.428ms
08-04 00:16:39.503  4292  4579 I art     : Starting a blocking GC Explicit
08-04 00:16:39.579  4292  4579 I art     : Explicit concurrent mark sweep GC freed 2225(198KB) AllocSpace objects, 3(52MB) LOS objects, 7% free, 184MB/200MB, paused 1.461ms total 75.536ms
08-04 00:16:39.598  4292  4579 I art     : Starting a blocking GC Explicit
08-04 00:16:39.658  4292  4579 I art     : Explicit concurrent mark sweep GC freed 3(96B) AllocSpace objects, 0(0B) LOS objects, 7% free, 184MB/200MB, paused 1.548ms total 59.971ms
08-04 00:16:39.678  4292  4579 I art     : Starting a blocking GC Explicit
08-04 00:16:39.734  4292  4579 I art     : Explicit concurrent mark sweep GC freed 3(96B) AllocSpace objects, 0(0B) LOS objects, 7% free, 184MB/200MB, paused 1.332ms total 55.958ms
08-04 00:16:39.753  4292  4579 I art     : Starting a blocking GC Explicit
08-04 00:16:39.809  4292  4579 I art     : Explicit concurrent mark sweep GC freed 3(96B) AllocSpace objects, 0(0B) LOS objects, 7% free, 184MB/200MB, paused 1.449ms total 55.332ms
08-04 00:16:40.208  4292  4304 I art     : Starting a blocking GC Explicit
08-04 00:16:40.281  4292  4304 I art     : Explicit concurrent mark sweep GC freed 1625(93KB) AllocSpace objects, 2(48KB) LOS objects, 7% free, 184MB/200MB, paused 1.288ms total 72.859ms
08-04 00:16:40.302  4292  4304 I art     : Starting a blocking GC Explicit
08-04 00:16:40.322  6975  6975 D AndroidRuntime: >>>>>> START com.android.internal.os.RuntimeInit uid 2000 <<<<<<
08-04 00:16:40.327  6975  6975 D AndroidRuntime: CheckJNI is OFF
08-04 00:16:40.354  4292  4304 I art     : Explicit concurrent mark sweep GC freed 36(1280B) AllocSpace objects, 0(0B) LOS objects, 7% free, 184MB/200MB, paused 1.445ms total 51.894ms
08-04 00:16:40.370  6975  6975 D ICU     : No timezone override file found: /data/misc/zoneinfo/current/icu/icu_tzdata.dat
08-04 00:16:40.372  4292  4304 I art     : Starting a blocking GC Explicit
08-04 00:16:40.413  6975  6975 I Radio-JNI: register_android_hardware_Radio DONE
08-04 00:16:40.431  4292  4304 I art     : Explicit concurrent mark sweep GC freed 23(1008B) AllocSpace objects, 0(0B) LOS objects, 7% free, 184MB/200MB, paused 1.398ms total 59.015ms
08-04 00:16:40.445  6975  6975 D AndroidRuntime: Calling main entry com.android.commands.input.Input
08-04 00:16:40.447  6975  6975 I Input   : injectMotionEvent: MotionEvent { action=ACTION_DOWN, actionButton=0, id[0]=0, x[0]=500.0, y[0]=2000.0, toolType[0]=TOOL_TYPE_UNKNOWN, buttonState=0, metaState=0, flags=0x0, edgeFlags=0x0, pointerCount=1, historySize=0, eventTime=663416859, downTime=663416859, deviceId=0, source=0x1002 }
08-04 00:16:40.452  4292  4304 I art     : Starting a blocking GC Explicit
08-04 00:16:40.453  6975  6975 I Input   : injectMotionEvent: MotionEvent { action=ACTION_MOVE, actionButton=0, id[0]=0, x[0]=500.0, y[0]=2000.0, toolType[0]=TOOL_TYPE_UNKNOWN, buttonState=0, metaState=0, flags=0x0, edgeFlags=0x0, pointerCount=1, historySize=0, eventTime=663416859, downTime=663416859, deviceId=0, source=0x1002 }
08-04 00:16:40.457  6975  6975 I Input   : injectMotionEvent: MotionEvent { action=ACTION_MOVE, actionButton=0, id[0]=0, x[0]=500.0, y[0]=1977.2, toolType[0]=TOOL_TYPE_UNKNOWN, buttonState=0, metaState=0, flags=0x0, edgeFlags=0x0, pointerCount=1, historySize=0, eventTime=663416871, downTime=663416871, deviceId=0, source=0x1002 }
08-04 00:16:40.473  6975  6975 I Input   : injectMotionEvent: MotionEvent { action=ACTION_MOVE, actionButton=0, id[0]=0, x[0]=500.0, y[0]=1948.7, toolType[0]=TOOL_TYPE_UNKNOWN, buttonState=0, metaState=0, flags=0x0, edgeFlags=0x0, pointerCount=1, historySize=0, eventTime=663416886, downTime=663416886, deviceId=0, source=0x1002 }
08-04 00:16:40.495  6975  6975 I Input   : injectMotionEvent: MotionEvent { action=ACTION_MOVE, actionButton=0, id[0]=0, x[0]=500.0, y[0]=1906.9, toolType[0]=TOOL_TYPE_UNKNOWN, buttonState=0, metaState=0, flags=0x0, edgeFlags=0x0, pointerCount=1, historySize=0, eventTime=663416908, downTime=663416908, deviceId=0, source=0x1002 }
08-04 00:16:40.507  6975  6975 I Input   : injectMotionEvent: MotionEvent { action=ACTION_MOVE, actionButton=0, id[0]=0, x[0]=500.0, y[0]=1882.2, toolType[0]=TOOL_TYPE_UNKNOWN, buttonState=0, metaState=0, flags=0x0, edgeFlags=0x0, pointerCount=1, historySize=0, eventTime=663416921, downTime=663416921, deviceId=0, source=0x1002 }
08-04 00:16:40.512  4292  4304 I art     : Explicit concurrent mark sweep GC freed 75(2752B) AllocSpace objects, 0(0B) LOS objects, 7% free, 184MB/200MB, paused 1.814ms total 59.649ms
08-04 00:16:40.524  6975  6975 I Input   : injectMotionEvent: MotionEvent { action=ACTION_MOVE, actionButton=0, id[0]=0, x[0]=500.0, y[0]=1851.8, toolType[0]=TOOL_TYPE_UNKNOWN, buttonState=0, metaState=0, flags=0x0, edgeFlags=0x0, pointerCount=1, historySize=0, eventTime=663416937, downTime=663416937, deviceId=0, source=0x1002 }
08-04 00:16:40.531  4292  4304 I art     : Starting a blocking GC Explicit
08-04 00:16:40.540  6975  6975 I Input   : injectMotionEvent: MotionEvent { action=ACTION_MOVE, actionButton=0, id[0]=0, x[0]=500.0, y[0]=1819.5, toolType[0]=TOOL_TYPE_UNKNOWN, buttonState=0, metaState=0, flags=0x0, edgeFlags=0x0, pointerCount=1, historySize=0, eventTime=663416954, downTime=663416954, deviceId=0, source=0x1002 }
08-04 00:16:40.557  6975  6975 I Input   : injectMotionEvent: MotionEvent { action=ACTION_MOVE, actionButton=0, id[0]=0, x[0]=500.0, y[0]=1789.1, toolType[0]=TOOL_TYPE_UNKNOWN, buttonState=0, metaState=0, flags=0x0, edgeFlags=0x0, pointerCount=1, historySize=0, eventTime=663416970, downTime=663416970, deviceId=0, source=0x1002 }
08-04 00:16:40.574  6975  6975 I Input   : injectMotionEvent: MotionEvent { action=ACTION_MOVE, actionButton=0, id[0]=0, x[0]=500.0, y[0]=1756.8, toolType[0]=TOOL_TYPE_UNKNOWN, buttonState=0, metaState=0, flags=0x0, edgeFlags=0x0, pointerCount=1, historySize=0, eventTime=663416987, downTime=663416987, deviceId=0, source=0x1002 }
08-04 00:16:40.588  4292  4304 I art     : Explicit concurrent mark sweep GC freed 15(608B) AllocSpace objects, 0(0B) LOS objects, 7% free, 184MB/200MB, paused 1.432ms total 55.892ms
08-04 00:16:40.591  6975  6975 I Input   : injectMotionEvent: MotionEvent { action=ACTION_MOVE, actionButton=0, id[0]=0, x[0]=500.0, y[0]=1724.5, toolType[0]=TOOL_TYPE_UNKNOWN, buttonState=0, metaState=0, flags=0x0, edgeFlags=0x0, pointerCount=1, historySize=0, eventTime=663417004, downTime=663417004, deviceId=0, source=0x1002 }
08-04 00:16:40.607  6975  6975 I Input   : injectMotionEvent: MotionEvent { action=ACTION_MOVE, actionButton=0, id[0]=0, x[0]=500.0, y[0]=1694.1, toolType[0]=TOOL_TYPE_UNKNOWN, buttonState=0, metaState=0, flags=0x0, edgeFlags=0x0, pointerCount=1, historySize=0, eventTime=663417020, downTime=663417020, deviceId=0, source=0x1002 }
08-04 00:16:40.624  6975  6975 I Input   : injectMotionEvent: MotionEvent { action=ACTION_MOVE, actionButton=0, id[0]=0, x[0]=500.0, y[0]=1661.8, toolType[0]=TOOL_TYPE_UNKNOWN, buttonState=0, metaState=0, flags=0x0, edgeFlags=0x0, pointerCount=1, historySize=0, eventTime=663417037, downTime=663417037, deviceId=0, source=0x1002 }
08-04 00:16:40.640  6975  6975 I Input   : injectMotionEvent: MotionEvent { action=ACTION_MOVE, actionButton=0, id[0]=0, x[0]=500.0, y[0]=1629.5, toolType[0]=TOOL_TYPE_UNKNOWN, buttonState=0, metaState=0, flags=0x0, edgeFlags=0x0, pointerCount=1, historySize=0, eventTime=663417054, downTime=663417054, deviceId=0, source=0x1002 }
08-04 00:16:40.657  6975  6975 I Input   : injectMotionEvent: MotionEvent { action=ACTION_MOVE, actionButton=0, id[0]=0, x[0]=500.0, y[0]=1599.1, toolType[0]=TOOL_TYPE_UNKNOWN, buttonState=0, metaState=0, flags=0x0, edgeFlags=0x0, pointerCount=1, historySize=0, eventTime=663417070, downTime=663417070, deviceId=0, source=0x1002 }
08-04 00:16:40.674  6975  6975 I Input   : injectMotionEvent: MotionEvent { action=ACTION_MOVE, actionButton=0, id[0]=0, x[0]=500.0, y[0]=1566.8, toolType[0]=TOOL_TYPE_UNKNOWN, buttonState=0, metaState=0, flags=0x0, edgeFlags=0x0, pointerCount=1, historySize=0, eventTime=663417087, downTime=663417087, deviceId=0, source=0x1002 }
08-04 00:16:40.691  6975  6975 I Input   : injectMotionEvent: MotionEvent { action=ACTION_MOVE, actionButton=0, id[0]=0, x[0]=500.0, y[0]=1534.5, toolType[0]=TOOL_TYPE_UNKNOWN, buttonState=0, metaState=0, flags=0x0, edgeFlags=0x0, pointerCount=1, historySize=0, eventTime=663417104, downTime=663417104, deviceId=0, source=0x1002 }
08-04 00:16:40.708  6975  6975 I Input   : injectMotionEvent: MotionEvent { action=ACTION_MOVE, actionButton=0, id[0]=0, x[0]=500.0, y[0]=1502.2, toolType[0]=TOOL_TYPE_UNKNOWN, buttonState=0, metaState=0, flags=0x0, edgeFlags=0x0, pointerCount=1, historySize=0, eventTime=663417121, downTime=663417121, deviceId=0, source=0x1002 }
08-04 00:16:40.724  6975  6975 I Input   : injectMotionEvent: MotionEvent { action=ACTION_MOVE, actionButton=0, id[0]=0, x[0]=500.0, y[0]=1471.8, toolType[0]=TOOL_TYPE_UNKNOWN, buttonState=0, metaState=0, flags=0x0, edgeFlags=0x0, pointerCount=1, historySize=0, eventTime=663417137, downTime=663417137, deviceId=0, source=0x1002 }
08-04 00:16:40.741  6975  6975 I Input   : injectMotionEvent: MotionEvent { action=ACTION_MOVE, actionButton=0, id[0]=0, x[0]=500.0, y[0]=1439.5, toolType[0]=TOOL_TYPE_UNKNOWN, buttonState=0, metaState=0, flags=0x0, edgeFlags=0x0, pointerCount=1, historySize=0, eventTime=663417154, downTime=663417154, deviceId=0, source=0x1002 }
08-04 00:16:40.758  6975  6975 I Input   : injectMotionEvent: MotionEvent { action=ACTION_MOVE, actionButton=0, id[0]=0, x[0]=500.0, y[0]=1409.1001, toolType[0]=TOOL_TYPE_UNKNOWN, buttonState=0, metaState=0, flags=0x0, edgeFlags=0x0, pointerCount=1, historySize=0, eventTime=663417170, downTime=663417170, deviceId=0, source=0x1002 }
08-04 00:16:40.776  6975  6975 I Input   : injectMotionEvent: MotionEvent { action=ACTION_MOVE, actionButton=0, id[0]=0, x[0]=500.0, y[0]=1373.0, toolType[0]=TOOL_TYPE_UNKNOWN, buttonState=0, metaState=0, flags=0x0, edgeFlags=0x0, pointerCount=1, historySize=0, eventTime=663417189, downTime=663417189, deviceId=0, source=0x1002 }
08-04 00:16:40.791  6975  6975 I Input   : injectMotionEvent: MotionEvent { action=ACTION_MOVE, actionButton=0, id[0]=0, x[0]=500.0, y[0]=1344.5, toolType[0]=TOOL_TYPE_UNKNOWN, buttonState=0, metaState=0, flags=0x0, edgeFlags=0x0, pointerCount=1, historySize=0, eventTime=663417204, downTime=663417204, deviceId=0, source=0x1002 }
08-04 00:16:40.808  6975  6975 I Input   : injectMotionEvent: MotionEvent { action=ACTION_MOVE, actionButton=0, id[0]=0, x[0]=500.0, y[0]=1310.3, toolType[0]=TOOL_TYPE_UNKNOWN, buttonState=0, metaState=0, flags=0x0, edgeFlags=0x0, pointerCount=1, historySize=0, eventTime=663417222, downTime=663417222, deviceId=0, source=0x1002 }
08-04 00:16:40.823  6975  6975 I Input   : injectMotionEvent: MotionEvent { action=ACTION_MOVE, actionButton=0, id[0]=0, x[0]=500.0, y[0]=1281.8, toolType[0]=TOOL_TYPE_UNKNOWN, buttonState=0, metaState=0, flags=0x0, edgeFlags=0x0, pointerCount=1, historySize=0, eventTime=663417237, downTime=663417237, deviceId=0, source=0x1002 }
08-04 00:16:40.840  6975  6975 I Input   : injectMotionEvent: MotionEvent { action=ACTION_MOVE, actionButton=0, id[0]=0, x[0]=500.0, y[0]=1251.4, toolType[0]=TOOL_TYPE_UNKNOWN, buttonState=0, metaState=0, flags=0x0, edgeFlags=0x0, pointerCount=1, historySize=0, eventTime=663417253, downTime=663417253, deviceId=0, source=0x1002 }
08-04 00:16:40.858  6975  6975 I Input   : injectMotionEvent: MotionEvent { action=ACTION_MOVE, actionButton=0, id[0]=0, x[0]=500.0, y[0]=1217.2, toolType[0]=TOOL_TYPE_UNKNOWN, buttonState=0, metaState=0, flags=0x0, edgeFlags=0x0, pointerCount=1, historySize=0, eventTime=663417271, downTime=663417271, deviceId=0, source=0x1002 }
08-04 00:16:40.923  6975  6975 I Input   : injectMotionEvent: MotionEvent { action=ACTION_MOVE, actionButton=0, id[0]=0, x[0]=500.0, y[0]=1093.7, toolType[0]=TOOL_TYPE_UNKNOWN, buttonState=0, metaState=0, flags=0x0, edgeFlags=0x0, pointerCount=1, historySize=0, eventTime=663417336, downTime=663417336, deviceId=0, source=0x1002 }
08-04 00:16:40.984  6975  6975 I Input   : injectMotionEvent: MotionEvent { action=ACTION_MOVE, actionButton=0, id[0]=0, x[0]=500.0, y[0]=977.80005, toolType[0]=TOOL_TYPE_UNKNOWN, buttonState=0, metaState=0, flags=0x0, edgeFlags=0x0, pointerCount=1, historySize=0, eventTime=663417397, downTime=663417397, deviceId=0, source=0x1002 }
08-04 00:16:41.011  4292  5627 I art     : Starting a blocking GC Explicit
08-04 00:16:41.047  6975  6975 I Input   : injectMotionEvent: MotionEvent { action=ACTION_MOVE, actionButton=0, id[0]=0, x[0]=500.0, y[0]=856.19995, toolType[0]=TOOL_TYPE_UNKNOWN, buttonState=0, metaState=0, flags=0x0, edgeFlags=0x0, pointerCount=1, historySize=0, eventTime=663417461, downTime=663417461, deviceId=0, source=0x1002 }
08-04 00:16:41.065  4292  5627 I art     : Explicit concurrent mark sweep GC freed 1621(93KB) AllocSpace objects, 2(48KB) LOS objects, 7% free, 184MB/200MB, paused 1.340ms total 53.080ms
08-04 00:16:41.084  4292  5627 I art     : Starting a blocking GC Explicit
08-04 00:16:41.110  6975  6975 I Input   : injectMotionEvent: MotionEvent { action=ACTION_MOVE, actionButton=0, id[0]=0, x[0]=500.0, y[0]=736.5, toolType[0]=TOOL_TYPE_UNKNOWN, buttonState=0, metaState=0, flags=0x0, edgeFlags=0x0, pointerCount=1, historySize=0, eventTime=663417524, downTime=663417524, deviceId=0, source=0x1002 }
08-04 00:16:41.136  4292  5627 I art     : Explicit concurrent mark sweep GC freed 42(1456B) AllocSpace objects, 0(0B) LOS objects, 7% free, 184MB/200MB, paused 1.293ms total 51.688ms
08-04 00:16:41.155  4292  5627 I art     : Starting a blocking GC Explicit
08-04 00:16:41.174  6975  6975 I Input   : injectMotionEvent: MotionEvent { action=ACTION_MOVE, actionButton=0, id[0]=0, x[0]=500.0, y[0]=616.80005, toolType[0]=TOOL_TYPE_UNKNOWN, buttonState=0, metaState=0, flags=0x0, edgeFlags=0x0, pointerCount=1, historySize=0, eventTime=663417587, downTime=663417587, deviceId=0, source=0x1002 }
08-04 00:16:41.211  4292  5627 I art     : Explicit concurrent mark sweep GC freed 40(1088B) AllocSpace objects, 0(0B) LOS objects, 7% free, 184MB/200MB, paused 1.482ms total 55.301ms
08-04 00:16:41.230  4292  5627 I art     : Starting a blocking GC Explicit
08-04 00:16:41.243  6975  6975 I Input   : injectMotionEvent: MotionEvent { action=ACTION_MOVE, actionButton=0, id[0]=0, x[0]=500.0, y[0]=485.70007, toolType[0]=TOOL_TYPE_UNKNOWN, buttonState=0, metaState=0, flags=0x0, edgeFlags=0x0, pointerCount=1, historySize=0, eventTime=663417656, downTime=663417656, deviceId=0, source=0x1002 }
08-04 00:16:41.284  4292  5627 I art     : Explicit concurrent mark sweep GC freed 3(96B) AllocSpace objects, 0(0B) LOS objects, 7% free, 184MB/200MB, paused 1.433ms total 53.845ms
08-04 00:16:41.305  6975  6975 I Input   : injectMotionEvent: MotionEvent { action=ACTION_MOVE, actionButton=0, id[0]=0, x[0]=500.0, y[0]=367.8999, toolType[0]=TOOL_TYPE_UNKNOWN, buttonState=0, metaState=0, flags=0x0, edgeFlags=0x0, pointerCount=1, historySize=0, eventTime=663417718, downTime=663417718, deviceId=0, source=0x1002 }
08-04 00:16:41.307  4292  5627 I art     : Starting a blocking GC Explicit
08-04 00:16:41.359  4292  5627 I art     : Explicit concurrent mark sweep GC freed 8(256B) AllocSpace objects, 0(0B) LOS objects, 7% free, 184MB/200MB, paused 1.480ms total 51.575ms
08-04 00:16:41.408  6975  6975 I Input   : injectMotionEvent: MotionEvent { action=ACTION_MOVE, actionButton=0, id[0]=0, x[0]=500.0, y[0]=172.19995, toolType[0]=TOOL_TYPE_UNKNOWN, buttonState=0, metaState=0, flags=0x0, edgeFlags=0x0, pointerCount=1, historySize=0, eventTime=663417821, downTime=663417821, deviceId=0, source=0x1002 }
08-04 00:16:41.447  6975  6975 I Input   : injectMotionEvent: MotionEvent { action=ACTION_UP, actionButton=0, id[0]=0, x[0]=500.0, y[0]=100.0, toolType[0]=TOOL_TYPE_UNKNOWN, buttonState=0, metaState=0, flags=0x0, edgeFlags=0x0, pointerCount=1, historySize=0, eventTime=663417860, downTime=663417860, deviceId=0, source=0x1002 }
08-04 00:16:41.483  6975  6975 D AndroidRuntime: Shutting down VM
08-04 00:16:41.746  4292  5627 I art     : Starting a blocking GC Explicit
08-04 00:16:41.805  4292  5627 I art     : Explicit concurrent mark sweep GC freed 1593(92KB) AllocSpace objects, 2(48KB) LOS objects, 7% free, 184MB/200MB, paused 1.299ms total 58.486ms
08-04 00:16:41.825  4292  5627 I art     : Starting a blocking GC Explicit
08-04 00:16:41.882  4292  5627 I art     : Explicit concurrent mark sweep GC freed 41(1712B) AllocSpace objects, 0(0B) LOS objects, 7% free, 184MB/200MB, paused 1.226ms total 57.155ms
08-04 00:16:41.903  4292  5627 I art     : Starting a blocking GC Explicit
08-04 00:16:41.954  4292  5627 I art     : Explicit concurrent mark sweep GC freed 24(1040B) AllocSpace objects, 0(0B) LOS objects, 7% free, 184MB/200MB, paused 1.286ms total 50.701ms
08-04 00:16:41.976  4292  5627 I art     : Starting a blocking GC Explicit
08-04 00:16:42.027  4292  5627 I art     : Explicit concurrent mark sweep GC freed 7(224B) AllocSpace objects, 0(0B) LOS objects, 7% free, 184MB/200MB, paused 1.353ms total 50.400ms
08-04 00:16:42.046  4292  5627 I art     : Starting a blocking GC Explicit
08-04 00:16:42.099  4292  5627 I art     : Explicit concurrent mark sweep GC freed 7(224B) AllocSpace objects, 0(0B) LOS objects, 7% free, 184MB/200MB, paused 1.285ms total 52.701ms
08-04 00:16:42.242  7024  7024 D AndroidRuntime: >>>>>> START com.android.internal.os.RuntimeInit uid 2000 <<<<<<
08-04 00:16:42.249  7024  7024 D AndroidRuntime: CheckJNI is OFF
08-04 00:16:42.288  7024  7024 D ICU     : No timezone override file found: /data/misc/zoneinfo/current/icu/icu_tzdata.dat
08-04 00:16:42.329  7024  7024 I Radio-JNI: register_android_hardware_Radio DONE
08-04 00:16:42.358  7024  7024 D AndroidRuntime: Calling main entry com.android.commands.input.Input
08-04 00:16:42.360  7024  7024 I Input   : injectMotionEvent: MotionEvent { action=ACTION_DOWN, actionButton=0, id[0]=0, x[0]=500.0, y[0]=2000.0, toolType[0]=TOOL_TYPE_UNKNOWN, buttonState=0, metaState=0, flags=0x0, edgeFlags=0x0, pointerCount=1, historySize=0, eventTime=663418773, downTime=663418773, deviceId=0, source=0x1002 }
08-04 00:16:42.364  7024  7024 I Input   : injectMotionEvent: MotionEvent { action=ACTION_MOVE, actionButton=0, id[0]=0, x[0]=500.0, y[0]=2000.0, toolType[0]=TOOL_TYPE_UNKNOWN, buttonState=0, metaState=0, flags=0x0, edgeFlags=0x0, pointerCount=1, historySize=0, eventTime=663418773, downTime=663418773, deviceId=0, source=0x1002 }
08-04 00:16:42.375  7024  7024 I Input   : injectMotionEvent: MotionEvent { action=ACTION_MOVE, actionButton=0, id[0]=0, x[0]=500.0, y[0]=1971.5, toolType[0]=TOOL_TYPE_UNKNOWN, buttonState=0, metaState=0, flags=0x0, edgeFlags=0x0, pointerCount=1, historySize=0, eventTime=663418788, downTime=663418788, deviceId=0, source=0x1002 }
08-04 00:16:42.393  7024  7024 I Input   : injectMotionEvent: MotionEvent { action=ACTION_MOVE, actionButton=0, id[0]=0, x[0]=500.0, y[0]=1937.3, toolType[0]=TOOL_TYPE_UNKNOWN, buttonState=0, metaState=0, flags=0x0, edgeFlags=0x0, pointerCount=1, historySize=0, eventTime=663418806, downTime=663418806, deviceId=0, source=0x1002 }
08-04 00:16:42.410  7024  7024 I Input   : injectMotionEvent: MotionEvent { action=ACTION_MOVE, actionButton=0, id[0]=0, x[0]=500.0, y[0]=1903.1, toolType[0]=TOOL_TYPE_UNKNOWN, buttonState=0, metaState=0, flags=0x0, edgeFlags=0x0, pointerCount=1, historySize=0, eventTime=663418824, downTime=663418824, deviceId=0, source=0x1002 }
08-04 00:16:42.459  7024  7024 I Input   : injectMotionEvent: MotionEvent { action=ACTION_MOVE, actionButton=0, id[0]=0, x[0]=500.0, y[0]=1811.9, toolType[0]=TOOL_TYPE_UNKNOWN, buttonState=0, metaState=0, flags=0x0, edgeFlags=0x0, pointerCount=1, historySize=0, eventTime=663418872, downTime=663418872, deviceId=0, source=0x1002 }
08-04 00:16:42.497  4292  5627 I art     : Starting a blocking GC Explicit
08-04 00:16:42.498  7024  7024 I Input   : injectMotionEvent: MotionEvent { action=ACTION_MOVE, actionButton=0, id[0]=0, x[0]=500.0, y[0]=1737.8, toolType[0]=TOOL_TYPE_UNKNOWN, buttonState=0, metaState=0, flags=0x0, edgeFlags=0x0, pointerCount=1, historySize=0, eventTime=663418911, downTime=663418911, deviceId=0, source=0x1002 }
08-04 00:16:42.537  7024  7024 I Input   : injectMotionEvent: MotionEvent { action=ACTION_MOVE, actionButton=0, id[0]=0, x[0]=500.0, y[0]=1661.8, toolType[0]=TOOL_TYPE_UNKNOWN, buttonState=0, metaState=0, flags=0x0, edgeFlags=0x0, pointerCount=1, historySize=0, eventTime=663418951, downTime=663418951, deviceId=0, source=0x1002 }
08-04 00:16:42.548  4292  5627 I art     : Explicit concurrent mark sweep GC freed 1653(94KB) AllocSpace objects, 2(48KB) LOS objects, 7% free, 184MB/200MB, paused 1.348ms total 50.760ms
08-04 00:16:42.568  4292  5627 I art     : Starting a blocking GC Explicit
08-04 00:16:42.578  7024  7024 I Input   : injectMotionEvent: MotionEvent { action=ACTION_MOVE, actionButton=0, id[0]=0, x[0]=500.0, y[0]=1585.8, toolType[0]=TOOL_TYPE_UNKNOWN, buttonState=0, metaState=0, flags=0x0, edgeFlags=0x0, pointerCount=1, historySize=0, eventTime=663418991, downTime=663418991, deviceId=0, source=0x1002 }
08-04 00:16:42.617  7024  7024 I Input   : injectMotionEvent: MotionEvent { action=ACTION_MOVE, actionButton=0, id[0]=0, x[0]=500.0, y[0]=1511.7, toolType[0]=TOOL_TYPE_UNKNOWN, buttonState=0, metaState=0, flags=0x0, edgeFlags=0x0, pointerCount=1, historySize=0, eventTime=663419030, downTime=663419030, deviceId=0, source=0x1002 }
08-04 00:16:42.621  4292  5627 I art     : Explicit concurrent mark sweep GC freed 36(1280B) AllocSpace objects, 0(0B) LOS objects, 7% free, 184MB/200MB, paused 1.337ms total 52.346ms
08-04 00:16:42.640  4292  5627 I art     : Starting a blocking GC Explicit
08-04 00:16:42.663  7024  7024 I Input   : injectMotionEvent: MotionEvent { action=ACTION_MOVE, actionButton=0, id[0]=0, x[0]=500.0, y[0]=1424.3, toolType[0]=TOOL_TYPE_UNKNOWN, buttonState=0, metaState=0, flags=0x0, edgeFlags=0x0, pointerCount=1, historySize=0, eventTime=663419076, downTime=663419076, deviceId=0, source=0x1002 }
08-04 00:16:42.692  4292  5627 I art     : Explicit concurrent mark sweep GC freed 5(160B) AllocSpace objects, 0(0B) LOS objects, 7% free, 184MB/200MB, paused 1.492ms total 51.956ms
08-04 00:16:42.701  7024  7024 I Input   : injectMotionEvent: MotionEvent { action=ACTION_MOVE, actionButton=0, id[0]=0, x[0]=500.0, y[0]=1352.1001, toolType[0]=TOOL_TYPE_UNKNOWN, buttonState=0, metaState=0, flags=0x0, edgeFlags=0x0, pointerCount=1, historySize=0, eventTime=663419114, downTime=663419114, deviceId=0, source=0x1002 }
08-04 00:16:42.710  4292  5627 I art     : Starting a blocking GC Explicit
08-04 00:16:42.735  7024  7024 I Input   : injectMotionEvent: MotionEvent { action=ACTION_MOVE, actionButton=0, id[0]=0, x[0]=500.0, y[0]=1285.6001, toolType[0]=TOOL_TYPE_UNKNOWN, buttonState=0, metaState=0, flags=0x0, edgeFlags=0x0, pointerCount=1, historySize=0, eventTime=663419149, downTime=663419149, deviceId=0, source=0x1002 }
08-04 00:16:42.763  4292  5627 I art     : Explicit concurrent mark sweep GC freed 7(224B) AllocSpace objects, 0(0B) LOS objects, 7% free, 184MB/200MB, paused 1.483ms total 53.034ms
08-04 00:16:42.773  7024  7024 I Input   : injectMotionEvent: MotionEvent { action=ACTION_MOVE, actionButton=0, id[0]=0, x[0]=500.0, y[0]=1213.3999, toolType[0]=TOOL_TYPE_UNKNOWN, buttonState=0, metaState=0, flags=0x0, edgeFlags=0x0, pointerCount=1, historySize=0, eventTime=663419187, downTime=663419187, deviceId=0, source=0x1002 }
08-04 00:16:42.782  4292  5627 I art     : Starting a blocking GC Explicit
08-04 00:16:42.812  7024  7024 I Input   : injectMotionEvent: MotionEvent { action=ACTION_MOVE, actionButton=0, id[0]=0, x[0]=500.0, y[0]=1139.3, toolType[0]=TOOL_TYPE_UNKNOWN, buttonState=0, metaState=0, flags=0x0, edgeFlags=0x0, pointerCount=1, historySize=0, eventTime=663419226, downTime=663419226, deviceId=0, source=0x1002 }
08-04 00:16:42.835  4292  5627 I art     : Explicit concurrent mark sweep GC freed 7(224B) AllocSpace objects, 0(0B) LOS objects, 7% free, 184MB/200MB, paused 1.298ms total 53.130ms
08-04 00:16:42.851  7024  7024 I Input   : injectMotionEvent: MotionEvent { action=ACTION_MOVE, actionButton=0, id[0]=0, x[0]=500.0, y[0]=1067.1001, toolType[0]=TOOL_TYPE_UNKNOWN, buttonState=0, metaState=0, flags=0x0, edgeFlags=0x0, pointerCount=1, historySize=0, eventTime=663419264, downTime=663419264, deviceId=0, source=0x1002 }
08-04 00:16:42.885  7024  7024 I Input   : injectMotionEvent: MotionEvent { action=ACTION_MOVE, actionButton=0, id[0]=0, x[0]=500.0, y[0]=1002.50006, toolType[0]=TOOL_TYPE_UNKNOWN, buttonState=0, metaState=0, flags=0x0, edgeFlags=0x0, pointerCount=1, historySize=0, eventTime=663419298, downTime=663419298, deviceId=0, source=0x1002 }
08-04 00:16:42.919  7024  7024 I Input   : injectMotionEvent: MotionEvent { action=ACTION_MOVE, actionButton=0, id[0]=0, x[0]=500.0, y[0]=936.0, toolType[0]=TOOL_TYPE_UNKNOWN, buttonState=0, metaState=0, flags=0x0, edgeFlags=0x0, pointerCount=1, historySize=0, eventTime=663419333, downTime=663419333, deviceId=0, source=0x1002 }
08-04 00:16:42.954  7024  7024 I Input   : injectMotionEvent: MotionEvent { action=ACTION_MOVE, actionButton=0, id[0]=0, x[0]=500.0, y[0]=871.4, toolType[0]=TOOL_TYPE_UNKNOWN, buttonState=0, metaState=0, flags=0x0, edgeFlags=0x0, pointerCount=1, historySize=0, eventTime=663419367, downTime=663419367, deviceId=0, source=0x1002 }
08-04 00:16:42.990  7024  7024 I Input   : injectMotionEvent: MotionEvent { action=ACTION_MOVE, actionButton=0, id[0]=0, x[0]=500.0, y[0]=803.0, toolType[0]=TOOL_TYPE_UNKNOWN, buttonState=0, metaState=0, flags=0x0, edgeFlags=0x0, pointerCount=1, historySize=0, eventTime=663419403, downTime=663419403, deviceId=0, source=0x1002 }
08-04 00:16:43.025  7024  7024 I Input   : injectMotionEvent: MotionEvent { action=ACTION_MOVE, actionButton=0, id[0]=0, x[0]=500.0, y[0]=736.5, toolType[0]=TOOL_TYPE_UNKNOWN, buttonState=0, metaState=0, flags=0x0, edgeFlags=0x0, pointerCount=1, historySize=0, eventTime=663419438, downTime=663419438, deviceId=0, source=0x1002 }
08-04 00:16:43.061  7024  7024 I Input   : injectMotionEvent: MotionEvent { action=ACTION_MOVE, actionButton=0, id[0]=0, x[0]=500.0, y[0]=668.1001, toolType[0]=TOOL_TYPE_UNKNOWN, buttonState=0, metaState=0, flags=0x0, edgeFlags=0x0, pointerCount=1, historySize=0, eventTime=663419474, downTime=663419474, deviceId=0, source=0x1002 }
08-04 00:16:43.100  7024  7024 I Input   : injectMotionEvent: MotionEvent { action=ACTION_MOVE, actionButton=0, id[0]=0, x[0]=500.0, y[0]=594.0, toolType[0]=TOOL_TYPE_UNKNOWN, buttonState=0, metaState=0, flags=0x0, edgeFlags=0x0, pointerCount=1, historySize=0, eventTime=663419513, downTime=663419513, deviceId=0, source=0x1002 }
08-04 00:16:43.137  7024  7024 I Input   : injectMotionEvent: MotionEvent { action=ACTION_MOVE, actionButton=0, id[0]=0, x[0]=500.0, y[0]=521.80005, toolType[0]=TOOL_TYPE_UNKNOWN, buttonState=0, metaState=0, flags=0x0, edgeFlags=0x0, pointerCount=1, historySize=0, eventTime=663419551, downTime=663419551, deviceId=0, source=0x1002 }
08-04 00:16:43.174  7024  7024 I Input   : injectMotionEvent: MotionEvent { action=ACTION_MOVE, actionButton=0, id[0]=0, x[0]=500.0, y[0]=451.5, toolType[0]=TOOL_TYPE_UNKNOWN, buttonState=0, metaState=0, flags=0x0, edgeFlags=0x0, pointerCount=1, historySize=0, eventTime=663419588, downTime=663419588, deviceId=0, source=0x1002 }
08-04 00:16:43.214  7024  7024 I Input   : injectMotionEvent: MotionEvent { action=ACTION_MOVE, actionButton=0, id[0]=0, x[0]=500.0, y[0]=375.5, toolType[0]=TOOL_TYPE_UNKNOWN, buttonState=0, metaState=0, flags=0x0, edgeFlags=0x0, pointerCount=1, historySize=0, eventTime=663419628, downTime=663419628, deviceId=0, source=0x1002 }
08-04 00:16:43.236  4292  4304 I art     : Starting a blocking GC Explicit
08-04 00:16:43.254  7024  7024 I Input   : injectMotionEvent: MotionEvent { action=ACTION_MOVE, actionButton=0, id[0]=0, x[0]=500.0, y[0]=301.40002, toolType[0]=TOOL_TYPE_UNKNOWN, buttonState=0, metaState=0, flags=0x0, edgeFlags=0x0, pointerCount=1, historySize=0, eventTime=663419667, downTime=663419667, deviceId=0, source=0x1002 }
08-04 00:16:43.288  4292  4304 I art     : Explicit concurrent mark sweep GC freed 1661(94KB) AllocSpace objects, 2(48KB) LOS objects, 7% free, 184MB/200MB, paused 1.421ms total 52.409ms
08-04 00:16:43.295  7024  7024 I Input   : injectMotionEvent: MotionEvent { action=ACTION_MOVE, actionButton=0, id[0]=0, x[0]=500.0, y[0]=223.5, toolType[0]=TOOL_TYPE_UNKNOWN, buttonState=0, metaState=0, flags=0x0, edgeFlags=0x0, pointerCount=1, historySize=0, eventTime=663419708, downTime=663419708, deviceId=0, source=0x1002 }
08-04 00:16:43.307  4292  4304 I art     : Starting a blocking GC Explicit
08-04 00:16:43.334  7024  7024 I Input   : injectMotionEvent: MotionEvent { action=ACTION_MOVE, actionButton=0, id[0]=0, x[0]=500.0, y[0]=149.40002, toolType[0]=TOOL_TYPE_UNKNOWN, buttonState=0, metaState=0, flags=0x0, edgeFlags=0x0, pointerCount=1, historySize=0, eventTime=663419747, downTime=663419747, deviceId=0, source=0x1002 }
08-04 00:16:43.360  4292  4304 I art     : Explicit concurrent mark sweep GC freed 32(1152B) AllocSpace objects, 0(0B) LOS objects, 7% free, 184MB/200MB, paused 1.523ms total 52.035ms
08-04 00:16:43.376  7024  7024 I Input   : injectMotionEvent: MotionEvent { action=ACTION_UP, actionButton=0, id[0]=0, x[0]=500.0, y[0]=100.0, toolType[0]=TOOL_TYPE_UNKNOWN, buttonState=0, metaState=0, flags=0x0, edgeFlags=0x0, pointerCount=1, historySize=0, eventTime=663419789, downTime=663419789, deviceId=0, source=0x1002 }
08-04 00:16:43.380  4292  4304 I art     : Starting a blocking GC Explicit
08-04 00:16:43.415  7024  7024 D AndroidRuntime: Shutting down VM
08-04 00:16:43.432  4292  4304 I art     : Explicit concurrent mark sweep GC freed 9(288B) AllocSpace objects, 0(0B) LOS objects, 7% free, 184MB/200MB, paused 1.255ms total 51.506ms
08-04 00:16:43.453  4292  4304 I art     : Starting a blocking GC Explicit
08-04 00:16:43.502  4292  4304 I art     : Explicit concurrent mark sweep GC freed 11(416B) AllocSpace objects, 0(0B) LOS objects, 7% free, 184MB/200MB, paused 1.192ms total 48.651ms
08-04 00:16:43.520  4292  4304 I art     : Starting a blocking GC Explicit
08-04 00:16:43.574  4292  4304 I art     : Explicit concurrent mark sweep GC freed 14(768B) AllocSpace objects, 0(0B) LOS objects, 7% free, 184MB/200MB, paused 1.287ms total 53.281ms
08-04 00:16:43.682   518   646 I ThermalEngine: ACTION: GPU - Setting GPU[0] to 390000000
08-04 00:16:44.022  4292  5627 I art     : Starting a blocking GC Explicit
08-04 00:16:44.094  4292  5627 I art     : Explicit concurrent mark sweep GC freed 1636(94KB) AllocSpace objects, 2(48KB) LOS objects, 7% free, 184MB/200MB, paused 2.041ms total 70.961ms
08-04 00:16:44.120  4292  5627 I art     : Starting a blocking GC Explicit
08-04 00:16:44.190  4292  5627 I art     : Explicit concurrent mark sweep GC freed 64(1984B) AllocSpace objects, 0(0B) LOS objects, 7% free, 184MB/200MB, paused 2.129ms total 68.997ms
08-04 00:16:44.215  4292  5627 I art     : Starting a blocking GC Explicit
08-04 00:16:44.285  4292  5627 I art     : Explicit concurrent mark sweep GC freed 4(128B) AllocSpace objects, 0(0B) LOS objects, 7% free, 184MB/200MB, paused 1.979ms total 69.726ms
08-04 00:16:44.304  7061  7061 D AndroidRuntime: >>>>>> START com.android.internal.os.RuntimeInit uid 2000 <<<<<<
08-04 00:16:44.311  7061  7061 D AndroidRuntime: CheckJNI is OFF
08-04 00:16:44.312  4292  5627 I art     : Starting a blocking GC Explicit
08-04 00:16:44.361  7061  7061 D ICU     : No timezone override file found: /data/misc/zoneinfo/current/icu/icu_tzdata.dat
08-04 00:16:44.379  4292  5627 I art     : Explicit concurrent mark sweep GC freed 3(96B) AllocSpace objects, 0(0B) LOS objects, 7% free, 184MB/200MB, paused 2.152ms total 66.965ms
08-04 00:16:44.405  4292  5627 I art     : Starting a blocking GC Explicit
08-04 00:16:44.406  7061  7061 I Radio-JNI: register_android_hardware_Radio DONE
08-04 00:16:44.440  7061  7061 D AndroidRuntime: Calling main entry com.android.commands.input.Input
08-04 00:16:44.442  7061  7061 I Input   : injectMotionEvent: MotionEvent { action=ACTION_DOWN, actionButton=0, id[0]=0, x[0]=657.0, y[0]=2080.0, toolType[0]=TOOL_TYPE_UNKNOWN, buttonState=0, metaState=0, flags=0x0, edgeFlags=0x0, pointerCount=1, historySize=0, eventTime=663420855, downTime=663420855, deviceId=0, source=0x1002 }
08-04 00:16:44.447  7061  7061 I Input   : injectMotionEvent: MotionEvent { action=ACTION_UP, actionButton=0, id[0]=0, x[0]=657.0, y[0]=2080.0, toolType[0]=TOOL_TYPE_UNKNOWN, buttonState=0, metaState=0, flags=0x0, edgeFlags=0x0, pointerCount=1, historySize=0, eventTime=663420855, downTime=663420855, deviceId=0, source=0x1002 }
08-04 00:16:44.449  7061  7061 D AndroidRuntime: Shutting down VM
08-04 00:16:44.449   918  3714 I ActivityManager: START u0 {cmp=baseline.io.github.project_travel_mate/.utilities.UpcomingWeekendsActivity} from uid 10650 on display 0
08-04 00:16:44.451   512  2967 D audio_hw_primary: out_set_parameters: enter: usecase(1: low-latency-playback) kvpairs: routing=2
08-04 00:16:44.467   512  2967 D audio_hw_primary: select_devices: out_snd_device(2: speaker) in_snd_device(0: none)
08-04 00:16:44.467   512  2967 D msm8974_platform: platform_send_audio_calibration: sending audio calibration for snd_device(2) acdb_id(15)
08-04 00:16:44.467   512  2967 I soundtrigger: audio_extn_sound_trigger_update_device_status: device 0x2 of type 0 for Event 1
08-04 00:16:44.479   512  2967 D audio_hw_primary: enable_snd_device: snd_device(2: speaker)
08-04 00:16:44.481   512  2967 D audio_hw_primary: enable_audio_route: apply and update mixer path: low-latency-playback speaker
08-04 00:16:44.482  4292  5627 I art     : Explicit concurrent mark sweep GC freed 43(1776B) AllocSpace objects, 0(0B) LOS objects, 7% free, 184MB/200MB, paused 2.874ms total 77.050ms
08-04 00:16:44.500  4292  4358 D Gabe    : call	returning from cache
08-04 00:16:44.503  4292  4292 V EXECUTING: https://project-travel-mate.herokuapp.com/api/get-upcoming-holidays/2020
08-04 00:16:44.507  4292  4292 V EXECUTING: https://project-travel-mate.herokuapp.com/api/get-upcoming-holidays/2020
08-04 00:16:44.609 13866 13866 I GoogleInputMethodServic: GoogleInputMethodService.onFinishInput():3138 
08-04 00:16:44.610 13866 13866 I GoogleInputMethodServic: GoogleInputMethodService.onStartInput():1808 
08-04 00:16:44.727   918   936 I ActivityManager: Displayed baseline.io.github.project_travel_mate/.utilities.UpcomingWeekendsActivity: +268ms
08-04 00:16:44.944   380   380 W SurfaceFlinger: couldn't log to binary event log: overflow.
08-04 00:16:44.951  4292  4304 I art     : Starting a blocking GC Explicit
08-04 00:16:45.006  4292  7084 I NAPPA_EXPERIMENTATION: MetricNetworkRequestExecutionTime: REQUEST_DURATION_SYSTEM='500',REQUEST_DURATION_OKHTTP='30',REQUEST_SYNCHRONOUS='FALSE',RESPONSE_CODE='200',RESPONSE_METHOD='GET',RESPONSE_LENGTH_OKHTTP='6426',RESPONSE_LENGTH_HEADER='6426',REQUEST_PROTOCOL='http/1.1',REQUEST_URL='https://project-travel-mate.herokuapp.com/api/get-upcoming-holidays/2020',
08-04 00:16:45.016  4292  4292 V Response: [{"month":"January","date":1,"day":"Wednesday","name":"New Year's Day","type":"Restricted"},{"month":"January","date":2,"day":"Thursday","name":"Guru Govind Singh Jayanti","type":"Restricted"},{"month":"January","date":14,"day":"Tuesday","name":"Lohri","type":"Restricted"},{"month":"January","date":15,"day":"Wednesday","name":"Pongal","type":"Restricted"},{"month":"January","date":15,"day":"Wednesday","name":"Makar Sankranti","type":"Restricted"},{"month":"January","date":25,"day":"Saturday","name":"Chinese New Year","type":"Observance"},{"month":"January","date":26,"day":"Sunday","name":"Republic Day","type":"Gazetted"},{"month":"January","date":30,"day":"Thursday","name":"Vasant Panchami","type":"Restricted"},{"month":"February","date":9,"day":"Sunday","name":"Guru Ravidas Jayanti","type":"Restricted"},{"month":"February","date":14,"day":"Friday","name":"Valentine's Day","type":"Observance"},{"month":"February","date":18,"day":"Tuesday","name":"Maharishi Dayanand Saraswati Jayanti","type":"Restricted"},{"month":"February","date":19,"day":"Wednesday","name":"Shivaji Jayanti","type":"Restricted"},{"month":"February","date":21,"day":"Friday","name":"Maha Shivaratri/Shivaratri","type":"Gazetted"},{"month":"March","date":9,"day":"Monday","name":"Holika Dahana","type":"Restricted"},{"month":"March","date":9,"day":"Monday","name":"Hazarat Ali's Birthday","type":"Restricted"},{"month":"March","date":10,"day":"Tuesday","name":"Holi","type":"Gazetted"},{"month":"March","date":20,"day":"Friday","name":"March Equinox","type":"Season"},{"month":"March","date":25,"day":"Wednesday","name":"Chaitra Sukhladi","type":"Restricted"},{"month":"April","date":2,"day":"Thursday","name":"Rama Navami","type":"Gazetted"},{"month":"April","date":6,"day":"Monday","name":"Mahavir Jayanti","type":"Gazetted"},{"month":"April","date":9,"day":"Thursday","name":"First day of Passover","type":"Observance"},{"month":"April","date":9,"day":"Thursday","name":"Maundy Thursday","type":"Observance,"},{"month":"April","date":10,"day":"Friday","name":"Good Friday","type":"Gazetted"},{"month":"April","date":12,"day":"Sunday","name":"Easter Day","type":"Restricted"},{"month":"April","date":13,"day":"Monday","name":"Vaisakhi","type":"Restricted"},{"month":"April","date":14,"day":"Tuesday","name":"Mesadi/Vaisakhadi","type":"Restricted"},{"month":"April","date":14,"day":"Tuesday","name":"Ambedkar Jayanti","type":"Central"},{"month":"May","date":1,"day":"Friday","name":"May Day","type":"Observance"},{"month":"May","date":7,"day":"Thursday","name":"Buddha Purnima/Vesak","type":"Gazetted"},{"month":"May","date":7,"day":"Thursday","name":"Birthday of Ravindranath","type":"Restricted"},{"month":"May","date":10,"day":"Sunday","name":"Mother's Day","type":"Observance"},{"month":"May","date":22,"day":"Friday","name":"Jamat Ul-Vida","type":"Restricted"},{"month":"May","date":25,"day":"Monday","name":"Ramzan Id/Eid-ul-Fitar","type":"Gazetted"},{"month":"May","date":25,"day":"Monday","name":"Ramzan Id/Eid-ul-Fitar","type":"Muslim,"},{"month":"June","date":21,"day":"Sunday","name":"June Solstice","type":"Season"},{"month":"June","date":21,"day":"Sunday","name":"Father's Day","type":"Observance"},{"month":"June","date":23,"day":"Tuesday","name":"Rath Yatra","type":"Restricted"},{"month":"July","date":5,"day":"Sunday","name":"Guru Purnima","type":"Observance"},{"month":"July","date":31,"day":"Friday","name":"Bakr Id/Eid ul-Adha","type":"Gazetted"},{"month":"August","date":2,"day":"Sunday","name":"Friendship Day","type":"Observance"},{"month":"August","date":3,"day":"Monday","name":"Raksha Bandhan (Rakhi)","type":"Restricted"},{"month":"August","date":11,"day":"Tuesday","name":"Janmashtami (Smarta)","type":"Restricted"},{"month":"August","date":12,"day":"Wednesday","name":"Janmashtami","type":"Gazetted"},{"month":"August","date":15,"day":"Saturday","name":"Independence Day","type":"Gazetted"},{"month":"August","date":16,"day":"Sunday","name":"Parsi New Year","type":"Restricted"},{"month":"August","date":22,"day":"Saturday","name":"Ganesh Chaturthi/Vin
08-04 00:16:45.019   512  2967 D audio_hw_primary: disable_audio_route: reset and update mixer path: low-latency-playback speaker
08-04 00:16:45.019  4292  4304 I art     : Explicit concurrent mark sweep GC freed 8848(468KB) AllocSpace objects, 6(288KB) LOS objects, 7% free, 189MB/205MB, paused 2.039ms total 67.236ms
08-04 00:16:45.020  4292  7085 I NAPPA_EXPERIMENTATION: MetricNetworkRequestExecutionTime: REQUEST_DURATION_SYSTEM='511',REQUEST_DURATION_OKHTTP='38',REQUEST_SYNCHRONOUS='FALSE',RESPONSE_CODE='200',RESPONSE_METHOD='GET',RESPONSE_LENGTH_OKHTTP='6426',RESPONSE_LENGTH_HEADER='6426',REQUEST_PROTOCOL='http/1.1',REQUEST_URL='https://project-travel-mate.herokuapp.com/api/get-upcoming-holidays/2020',
08-04 00:16:45.022   512  2967 D audio_hw_primary: disable_snd_device: snd_device(2: speaker)
08-04 00:16:45.025  4292  4292 V Response: [{"month":"January","date":1,"day":"Wednesday","name":"New Year's Day","type":"Restricted"},{"month":"January","date":2,"day":"Thursday","name":"Guru Govind Singh Jayanti","type":"Restricted"},{"month":"January","date":14,"day":"Tuesday","name":"Lohri","type":"Restricted"},{"month":"January","date":15,"day":"Wednesday","name":"Pongal","type":"Restricted"},{"month":"January","date":15,"day":"Wednesday","name":"Makar Sankranti","type":"Restricted"},{"month":"January","date":25,"day":"Saturday","name":"Chinese New Year","type":"Observance"},{"month":"January","date":26,"day":"Sunday","name":"Republic Day","type":"Gazetted"},{"month":"January","date":30,"day":"Thursday","name":"Vasant Panchami","type":"Restricted"},{"month":"February","date":9,"day":"Sunday","name":"Guru Ravidas Jayanti","type":"Restricted"},{"month":"February","date":14,"day":"Friday","name":"Valentine's Day","type":"Observance"},{"month":"February","date":18,"day":"Tuesday","name":"Maharishi Dayanand Saraswati Jayanti","type":"Restricted"},{"month":"February","date":19,"day":"Wednesday","name":"Shivaji Jayanti","type":"Restricted"},{"month":"February","date":21,"day":"Friday","name":"Maha Shivaratri/Shivaratri","type":"Gazetted"},{"month":"March","date":9,"day":"Monday","name":"Holika Dahana","type":"Restricted"},{"month":"March","date":9,"day":"Monday","name":"Hazarat Ali's Birthday","type":"Restricted"},{"month":"March","date":10,"day":"Tuesday","name":"Holi","type":"Gazetted"},{"month":"March","date":20,"day":"Friday","name":"March Equinox","type":"Season"},{"month":"March","date":25,"day":"Wednesday","name":"Chaitra Sukhladi","type":"Restricted"},{"month":"April","date":2,"day":"Thursday","name":"Rama Navami","type":"Gazetted"},{"month":"April","date":6,"day":"Monday","name":"Mahavir Jayanti","type":"Gazetted"},{"month":"April","date":9,"day":"Thursday","name":"First day of Passover","type":"Observance"},{"month":"April","date":9,"day":"Thursday","name":"Maundy Thursday","type":"Observance,"},{"month":"April","date":10,"day":"Friday","name":"Good Friday","type":"Gazetted"},{"month":"April","date":12,"day":"Sunday","name":"Easter Day","type":"Restricted"},{"month":"April","date":13,"day":"Monday","name":"Vaisakhi","type":"Restricted"},{"month":"April","date":14,"day":"Tuesday","name":"Mesadi/Vaisakhadi","type":"Restricted"},{"month":"April","date":14,"day":"Tuesday","name":"Ambedkar Jayanti","type":"Central"},{"month":"May","date":1,"day":"Friday","name":"May Day","type":"Observance"},{"month":"May","date":7,"day":"Thursday","name":"Buddha Purnima/Vesak","type":"Gazetted"},{"month":"May","date":7,"day":"Thursday","name":"Birthday of Ravindranath","type":"Restricted"},{"month":"May","date":10,"day":"Sunday","name":"Mother's Day","type":"Observance"},{"month":"May","date":22,"day":"Friday","name":"Jamat Ul-Vida","type":"Restricted"},{"month":"May","date":25,"day":"Monday","name":"Ramzan Id/Eid-ul-Fitar","type":"Gazetted"},{"month":"May","date":25,"day":"Monday","name":"Ramzan Id/Eid-ul-Fitar","type":"Muslim,"},{"month":"June","date":21,"day":"Sunday","name":"June Solstice","type":"Season"},{"month":"June","date":21,"day":"Sunday","name":"Father's Day","type":"Observance"},{"month":"June","date":23,"day":"Tuesday","name":"Rath Yatra","type":"Restricted"},{"month":"July","date":5,"day":"Sunday","name":"Guru Purnima","type":"Observance"},{"month":"July","date":31,"day":"Friday","name":"Bakr Id/Eid ul-Adha","type":"Gazetted"},{"month":"August","date":2,"day":"Sunday","name":"Friendship Day","type":"Observance"},{"month":"August","date":3,"day":"Monday","name":"Raksha Bandhan (Rakhi)","type":"Restricted"},{"month":"August","date":11,"day":"Tuesday","name":"Janmashtami (Smarta)","type":"Restricted"},{"month":"August","date":12,"day":"Wednesday","name":"Janmashtami","type":"Gazetted"},{"month":"August","date":15,"day":"Saturday","name":"Independence Day","type":"Gazetted"},{"month":"August","date":16,"day":"Sunday","name":"Parsi New Year","type":"Restricted"},{"month":"August","date":22,"day":"Saturday","name":"Ganesh Chaturthi/Vin
08-04 00:16:45.035   512  2967 I soundtrigger: audio_extn_sound_trigger_update_device_status: device 0x2 of type 0 for Event 0
08-04 00:16:45.044  4292  4304 I art     : Starting a blocking GC Explicit
08-04 00:16:45.114  4292  4304 I art     : Explicit concurrent mark sweep GC freed 11475(589KB) AllocSpace objects, 5(208KB) LOS objects, 7% free, 189MB/205MB, paused 2.273ms total 69.411ms
08-04 00:16:45.139  4292  4304 I art     : Starting a blocking GC Explicit
08-04 00:16:45.214  4292  4304 I art     : Explicit concurrent mark sweep GC freed 536(18KB) AllocSpace objects, 1(4MB) LOS objects, 7% free, 185MB/201MB, paused 2.059ms total 74.002ms
08-04 00:16:45.241  4292  4304 I art     : Starting a blocking GC Explicit
08-04 00:16:45.318  4292  4304 I art     : Explicit concurrent mark sweep GC freed 195(3KB) AllocSpace objects, 0(0B) LOS objects, 7% free, 185MB/201MB, paused 2.246ms total 76.853ms
08-04 00:16:45.346  4292  4304 I art     : Starting a blocking GC Explicit
08-04 00:16:45.423  4292  4304 I art     : Explicit concurrent mark sweep GC freed 147(2496B) AllocSpace objects, 0(0B) LOS objects, 7% free, 185MB/201MB, paused 2.116ms total 76.456ms
08-04 00:16:45.874  4292  4579 I art     : Starting a blocking GC Explicit
08-04 00:16:45.954  4292  4579 I art     : Explicit concurrent mark sweep GC freed 2353(104KB) AllocSpace objects, 2(48KB) LOS objects, 7% free, 185MB/201MB, paused 2.224ms total 78.772ms
08-04 00:16:45.981  4292  4579 I art     : Starting a blocking GC Explicit
08-04 00:16:46.061  4292  4579 I art     : Explicit concurrent mark sweep GC freed 173(3KB) AllocSpace objects, 0(0B) LOS objects, 7% free, 185MB/201MB, paused 2.284ms total 78.898ms
08-04 00:16:46.089  4292  4579 I art     : Starting a blocking GC Explicit
08-04 00:16:46.166  4292  4579 I art     : Explicit concurrent mark sweep GC freed 153(2592B) AllocSpace objects, 0(0B) LOS objects, 7% free, 185MB/201MB, paused 2.463ms total 76.913ms
08-04 00:16:46.194  4292  4579 I art     : Starting a blocking GC Explicit
08-04 00:16:46.271  4292  4579 I art     : Explicit concurrent mark sweep GC freed 201(3KB) AllocSpace objects, 0(0B) LOS objects, 7% free, 185MB/201MB, paused 2.741ms total 77.202ms
08-04 00:16:46.300  4292  4579 I art     : Starting a blocking GC Explicit
08-04 00:16:46.374  4292  4579 I art     : Explicit concurrent mark sweep GC freed 148(2528B) AllocSpace objects, 0(0B) LOS objects, 7% free, 185MB/201MB, paused 2.139ms total 74.545ms
08-04 00:16:46.686   518   646 I ThermalEngine: ACTION: GPU - Setting GPU[0] to 450000000
08-04 00:16:46.820  4292  4305 I art     : Starting a blocking GC Explicit
08-04 00:16:46.887  4292  4305 I art     : Explicit concurrent mark sweep GC freed 2341(104KB) AllocSpace objects, 2(48KB) LOS objects, 7% free, 185MB/201MB, paused 1.492ms total 66.684ms
08-04 00:16:46.908  4292  4305 I art     : Starting a blocking GC Explicit
08-04 00:16:46.978  4292  4305 I art     : Explicit concurrent mark sweep GC freed 169(4KB) AllocSpace objects, 0(0B) LOS objects, 7% free, 185MB/201MB, paused 1.395ms total 69.605ms
08-04 00:16:47.001  4292  4305 I art     : Starting a blocking GC Explicit
08-04 00:16:47.069  4292  4305 I art     : Explicit concurrent mark sweep GC freed 134(2272B) AllocSpace objects, 0(0B) LOS objects, 7% free, 185MB/201MB, paused 1.575ms total 67.937ms
08-04 00:16:47.089  4292  4305 I art     : Starting a blocking GC Explicit
08-04 00:16:47.157  4292  4305 I art     : Explicit concurrent mark sweep GC freed 136(2320B) AllocSpace objects, 0(0B) LOS objects, 7% free, 185MB/201MB, paused 1.594ms total 67.705ms
08-04 00:16:47.178  4292  4305 I art     : Starting a blocking GC Explicit
08-04 00:16:47.246  4292  4305 I art     : Explicit concurrent mark sweep GC freed 160(3KB) AllocSpace objects, 0(0B) LOS objects, 7% free, 185MB/201MB, paused 1.436ms total 67.771ms
08-04 00:16:47.670  4292  4360 I art     : Starting a blocking GC Explicit
08-04 00:16:47.737  4292  4360 I art     : Explicit concurrent mark sweep GC freed 2320(104KB) AllocSpace objects, 2(48KB) LOS objects, 7% free, 185MB/201MB, paused 1.562ms total 66.162ms
08-04 00:16:47.757  4292  4360 I art     : Starting a blocking GC Explicit
08-04 00:16:47.826  4292  4360 I art     : Explicit concurrent mark sweep GC freed 162(3KB) AllocSpace objects, 0(0B) LOS objects, 7% free, 185MB/201MB, paused 1.464ms total 68.863ms
08-04 00:16:47.851  4292  4360 I art     : Starting a blocking GC Explicit
08-04 00:16:47.916  4292  4360 I art     : Explicit concurrent mark sweep GC freed 135(2736B) AllocSpace objects, 0(0B) LOS objects, 7% free, 185MB/201MB, paused 1.603ms total 65.694ms
08-04 00:16:47.937  4292  4360 I art     : Starting a blocking GC Explicit
08-04 00:16:48.001  4292  4360 I art     : Explicit concurrent mark sweep GC freed 143(2816B) AllocSpace objects, 0(0B) LOS objects, 7% free, 185MB/201MB, paused 1.590ms total 63.673ms
08-04 00:16:48.021  4292  4360 I art     : Starting a blocking GC Explicit
08-04 00:16:48.089  4292  4360 I art     : Explicit concurrent mark sweep GC freed 136(2304B) AllocSpace objects, 0(0B) LOS objects, 7% free, 185MB/201MB, paused 1.382ms total 67.539ms
08-04 00:16:48.536  4292  5627 I art     : Starting a blocking GC Explicit
08-04 00:16:48.604  4292  5627 I art     : Explicit concurrent mark sweep GC freed 2367(105KB) AllocSpace objects, 2(48KB) LOS objects, 7% free, 185MB/201MB, paused 1.422ms total 67.388ms
08-04 00:16:48.625  4292  5627 I art     : Starting a blocking GC Explicit
08-04 00:16:48.693  4292  5627 I art     : Explicit concurrent mark sweep GC freed 149(3056B) AllocSpace objects, 0(0B) LOS objects, 7% free, 185MB/201MB, paused 1.389ms total 68.126ms
08-04 00:16:48.717  4292  5627 I art     : Starting a blocking GC Explicit
08-04 00:16:48.775  4292  5627 I art     : Explicit concurrent mark sweep GC freed 123(2096B) AllocSpace objects, 0(0B) LOS objects, 7% free, 185MB/201MB, paused 1.377ms total 57.648ms
08-04 00:16:48.794  4292  5627 I art     : Starting a blocking GC Explicit
08-04 00:16:48.852  4292  5627 I art     : Explicit concurrent mark sweep GC freed 123(2096B) AllocSpace objects, 0(0B) LOS objects, 7% free, 185MB/201MB, paused 1.405ms total 57.892ms
08-04 00:16:48.872  4292  5627 I art     : Starting a blocking GC Explicit
08-04 00:16:48.933  4292  5627 I art     : Explicit concurrent mark sweep GC freed 99(1696B) AllocSpace objects, 0(0B) LOS objects, 7% free, 185MB/201MB, paused 1.492ms total 61.468ms
08-04 00:16:49.228  7141  7141 D AndroidRuntime: >>>>>> START com.android.internal.os.RuntimeInit uid 2000 <<<<<<
08-04 00:16:49.234  7141  7141 D AndroidRuntime: CheckJNI is OFF
08-04 00:16:49.277  7141  7141 D ICU     : No timezone override file found: /data/misc/zoneinfo/current/icu/icu_tzdata.dat
08-04 00:16:49.323  7141  7141 I Radio-JNI: register_android_hardware_Radio DONE
08-04 00:16:49.351  7141  7141 D AndroidRuntime: Calling main entry com.android.commands.input.Input
08-04 00:16:49.353  7141  7141 I Input   : injectKeyEvent: KeyEvent { action=ACTION_DOWN, keyCode=KEYCODE_BACK, scanCode=0, metaState=0, flags=0x0, repeatCount=0, eventTime=663425766, downTime=663425766, deviceId=-1, source=0x101 }
08-04 00:16:49.360  7141  7141 I Input   : injectKeyEvent: KeyEvent { action=ACTION_UP, keyCode=KEYCODE_BACK, scanCode=0, metaState=0, flags=0x0, repeatCount=0, eventTime=663425766, downTime=663425766, deviceId=-1, source=0x101 }
08-04 00:16:49.366  7141  7141 D AndroidRuntime: Shutting down VM
08-04 00:16:49.371  4292  4360 I art     : Starting a blocking GC Explicit
08-04 00:16:49.382  4292  4292 V MainActivity: url = https://project-travel-mate.herokuapp.com/api/number-of-unread-notifications
08-04 00:16:49.413 13866 13866 I GoogleInputMethodServic: GoogleInputMethodService.onFinishInput():3138 
08-04 00:16:49.414 13866 13866 I GoogleInputMethodServic: GoogleInputMethodService.onStartInput():1808 
08-04 00:16:49.430  4292  4360 I art     : Explicit concurrent mark sweep GC freed 2682(119KB) AllocSpace objects, 2(48KB) LOS objects, 7% free, 185MB/201MB, paused 1.517ms total 58.684ms
08-04 00:16:49.451  4292  4360 I art     : Starting a blocking GC Explicit
08-04 00:16:49.505  4292  4360 I art     : Explicit concurrent mark sweep GC freed 204(10KB) AllocSpace objects, 0(0B) LOS objects, 7% free, 185MB/201MB, paused 1.564ms total 53.374ms
08-04 00:16:49.525  4292  4360 I art     : Starting a blocking GC Explicit
08-04 00:16:49.579  4292  4360 I art     : Explicit concurrent mark sweep GC freed 172(4KB) AllocSpace objects, 0(0B) LOS objects, 7% free, 185MB/201MB, paused 1.490ms total 52.659ms
08-04 00:16:49.597  4292  4360 I art     : Starting a blocking GC Explicit
08-04 00:16:49.659  4292  4360 I art     : Explicit concurrent mark sweep GC freed 144(3KB) AllocSpace objects, 0(0B) LOS objects, 7% free, 185MB/201MB, paused 1.707ms total 61.649ms
08-04 00:16:49.680  4292  4360 I art     : Starting a blocking GC Explicit
08-04 00:16:49.748  4292  4360 I art     : Explicit concurrent mark sweep GC freed 127(2288B) AllocSpace objects, 0(0B) LOS objects, 7% free, 185MB/201MB, paused 1.639ms total 67.546ms
08-04 00:16:49.765   380   380 W SurfaceFlinger: couldn't log to binary event log: overflow.
08-04 00:16:49.915  4292  7164 I NAPPA_EXPERIMENTATION: MetricNetworkRequestExecutionTime: REQUEST_DURATION_SYSTEM='531',REQUEST_DURATION_OKHTTP='29',REQUEST_SYNCHRONOUS='FALSE',RESPONSE_CODE='200',RESPONSE_METHOD='GET',RESPONSE_LENGTH_OKHTTP='36',RESPONSE_LENGTH_HEADER='36',REQUEST_PROTOCOL='http/1.1',REQUEST_URL='https://project-travel-mate.herokuapp.com/api/number-of-unread-notifications',
08-04 00:16:50.152  4292  4579 I art     : Starting a blocking GC Explicit
08-04 00:16:50.239  4292  4579 I art     : Explicit concurrent mark sweep GC freed 4502(243KB) AllocSpace objects, 5(248KB) LOS objects, 7% free, 185MB/201MB, paused 1.598ms total 85.809ms
08-04 00:16:50.263  4292  4579 I art     : Starting a blocking GC Explicit
08-04 00:16:50.322  4292  4579 I art     : Explicit concurrent mark sweep GC freed 7554(476KB) AllocSpace objects, 13(264KB) LOS objects, 7% free, 184MB/200MB, paused 1.514ms total 57.976ms
08-04 00:16:50.341  4292  4579 I art     : Starting a blocking GC Explicit
08-04 00:16:50.401  4292  4579 I art     : Explicit concurrent mark sweep GC freed 9(384B) AllocSpace objects, 0(0B) LOS objects, 7% free, 184MB/200MB, paused 1.482ms total 59.851ms
08-04 00:16:50.421  4292  4579 I art     : Starting a blocking GC Explicit
08-04 00:16:50.482  4292  4579 I art     : Explicit concurrent mark sweep GC freed 3(96B) AllocSpace objects, 0(0B) LOS objects, 7% free, 184MB/200MB, paused 1.449ms total 61.150ms
08-04 00:16:50.502  4292  4579 I art     : Starting a blocking GC Explicit
08-04 00:16:50.569  4292  4579 I art     : Explicit concurrent mark sweep GC freed 3(96B) AllocSpace objects, 0(0B) LOS objects, 7% free, 184MB/200MB, paused 1.743ms total 66.610ms
08-04 00:16:50.975  4292  4305 I art     : Starting a blocking GC Explicit
08-04 00:16:51.042  4292  4305 I art     : Explicit concurrent mark sweep GC freed 1600(92KB) AllocSpace objects, 2(48KB) LOS objects, 7% free, 184MB/200MB, paused 1.320ms total 66.863ms
08-04 00:16:51.061  4292  4305 I art     : Starting a blocking GC Explicit
08-04 00:16:51.116  4292  4305 I art     : Explicit concurrent mark sweep GC freed 42(1696B) AllocSpace objects, 0(0B) LOS objects, 7% free, 184MB/200MB, paused 1.361ms total 54.977ms
08-04 00:16:51.138  7177  7177 D AndroidRuntime: >>>>>> START com.android.internal.os.RuntimeInit uid 2000 <<<<<<
08-04 00:16:51.138  4292  4305 I art     : Starting a blocking GC Explicit
08-04 00:16:51.143  7177  7177 D AndroidRuntime: CheckJNI is OFF
08-04 00:16:51.182  7177  7177 D ICU     : No timezone override file found: /data/misc/zoneinfo/current/icu/icu_tzdata.dat
08-04 00:16:51.190  4292  4305 I art     : Explicit concurrent mark sweep GC freed 44(1216B) AllocSpace objects, 0(0B) LOS objects, 7% free, 184MB/200MB, paused 1.427ms total 51.519ms
08-04 00:16:51.212  4292  4305 I art     : Starting a blocking GC Explicit
08-04 00:16:51.223  7177  7177 I Radio-JNI: register_android_hardware_Radio DONE
08-04 00:16:51.251  7177  7177 D AndroidRuntime: Calling main entry com.android.commands.input.Input
08-04 00:16:51.253  7177  7177 I Input   : injectMotionEvent: MotionEvent { action=ACTION_DOWN, actionButton=0, id[0]=0, x[0]=657.0, y[0]=2080.0, toolType[0]=TOOL_TYPE_UNKNOWN, buttonState=0, metaState=0, flags=0x0, edgeFlags=0x0, pointerCount=1, historySize=0, eventTime=663427666, downTime=663427666, deviceId=0, source=0x1002 }
08-04 00:16:51.265  4292  4305 I art     : Explicit concurrent mark sweep GC freed 5(160B) AllocSpace objects, 0(0B) LOS objects, 7% free, 184MB/200MB, paused 1.399ms total 53.113ms
08-04 00:16:51.287  4292  4305 I art     : Starting a blocking GC Explicit
08-04 00:16:51.291  7177  7177 I Input   : injectMotionEvent: MotionEvent { action=ACTION_UP, actionButton=0, id[0]=0, x[0]=657.0, y[0]=2080.0, toolType[0]=TOOL_TYPE_UNKNOWN, buttonState=0, metaState=0, flags=0x0, edgeFlags=0x0, pointerCount=1, historySize=0, eventTime=663427666, downTime=663427666, deviceId=0, source=0x1002 }
08-04 00:16:51.330  7177  7177 D AndroidRuntime: Shutting down VM
08-04 00:16:51.330   918  6029 I ActivityManager: START u0 {cmp=baseline.io.github.project_travel_mate/.utilities.UpcomingWeekendsActivity} from uid 10650 on display 0
08-04 00:16:51.332   512  2967 D audio_hw_primary: out_set_parameters: enter: usecase(1: low-latency-playback) kvpairs: routing=2
08-04 00:16:51.341  4292  4305 I art     : Explicit concurrent mark sweep GC freed 9(272B) AllocSpace objects, 0(0B) LOS objects, 7% free, 184MB/200MB, paused 1.516ms total 53.523ms
08-04 00:16:51.345   512  2967 D audio_hw_primary: select_devices: out_snd_device(2: speaker) in_snd_device(0: none)
08-04 00:16:51.345   512  2967 D msm8974_platform: platform_send_audio_calibration: sending audio calibration for snd_device(2) acdb_id(15)
08-04 00:16:51.345   512  2967 I soundtrigger: audio_extn_sound_trigger_update_device_status: device 0x2 of type 0 for Event 1
08-04 00:16:51.355   512  2967 D audio_hw_primary: enable_snd_device: snd_device(2: speaker)
08-04 00:16:51.357   512  2967 D audio_hw_primary: enable_audio_route: apply and update mixer path: low-latency-playback speaker
08-04 00:16:51.360  4292  4358 D Gabe    : call	returning from cache
08-04 00:16:51.364  4292  4292 V EXECUTING: https://project-travel-mate.herokuapp.com/api/get-upcoming-holidays/2020
08-04 00:16:51.366  4292  4292 V EXECUTING: https://project-travel-mate.herokuapp.com/api/get-upcoming-holidays/2020
08-04 00:16:51.446 13866 13866 I GoogleInputMethodServic: GoogleInputMethodService.onFinishInput():3138 
08-04 00:16:51.446 13866 13866 I GoogleInputMethodServic: GoogleInputMethodService.onStartInput():1808 
08-04 00:16:51.544   918   936 I ActivityManager: Displayed baseline.io.github.project_travel_mate/.utilities.UpcomingWeekendsActivity: +203ms
08-04 00:16:51.725  4292  5627 I art     : Starting a blocking GC Explicit
08-04 00:16:51.783  4292  5627 I art     : Explicit concurrent mark sweep GC freed 3558(193KB) AllocSpace objects, 2(48KB) LOS objects, 7% free, 189MB/205MB, paused 1.444ms total 57.793ms
08-04 00:16:51.784   380   380 W SurfaceFlinger: couldn't log to binary event log: overflow.
08-04 00:16:51.802  4292  5627 I art     : Starting a blocking GC Explicit
08-04 00:16:51.858  4292  5627 I art     : Explicit concurrent mark sweep GC freed 5478(277KB) AllocSpace objects, 4(280KB) LOS objects, 7% free, 190MB/206MB, paused 1.473ms total 55.453ms
08-04 00:16:51.873  4292  7203 I NAPPA_EXPERIMENTATION: MetricNetworkRequestExecutionTime: REQUEST_DURATION_SYSTEM='506',REQUEST_DURATION_OKHTTP='37',REQUEST_SYNCHRONOUS='FALSE',RESPONSE_CODE='200',RESPONSE_METHOD='GET',RESPONSE_LENGTH_OKHTTP='6426',RESPONSE_LENGTH_HEADER='6426',REQUEST_PROTOCOL='http/1.1',REQUEST_URL='https://project-travel-mate.herokuapp.com/api/get-upcoming-holidays/2020',
08-04 00:16:51.875  4292  4292 V Response: [{"month":"January","date":1,"day":"Wednesday","name":"New Year's Day","type":"Restricted"},{"month":"January","date":2,"day":"Thursday","name":"Guru Govind Singh Jayanti","type":"Restricted"},{"month":"January","date":14,"day":"Tuesday","name":"Lohri","type":"Restricted"},{"month":"January","date":15,"day":"Wednesday","name":"Pongal","type":"Restricted"},{"month":"January","date":15,"day":"Wednesday","name":"Makar Sankranti","type":"Restricted"},{"month":"January","date":25,"day":"Saturday","name":"Chinese New Year","type":"Observance"},{"month":"January","date":26,"day":"Sunday","name":"Republic Day","type":"Gazetted"},{"month":"January","date":30,"day":"Thursday","name":"Vasant Panchami","type":"Restricted"},{"month":"February","date":9,"day":"Sunday","name":"Guru Ravidas Jayanti","type":"Restricted"},{"month":"February","date":14,"day":"Friday","name":"Valentine's Day","type":"Observance"},{"month":"February","date":18,"day":"Tuesday","name":"Maharishi Dayanand Saraswati Jayanti","type":"Restricted"},{"month":"February","date":19,"day":"Wednesday","name":"Shivaji Jayanti","type":"Restricted"},{"month":"February","date":21,"day":"Friday","name":"Maha Shivaratri/Shivaratri","type":"Gazetted"},{"month":"March","date":9,"day":"Monday","name":"Holika Dahana","type":"Restricted"},{"month":"March","date":9,"day":"Monday","name":"Hazarat Ali's Birthday","type":"Restricted"},{"month":"March","date":10,"day":"Tuesday","name":"Holi","type":"Gazetted"},{"month":"March","date":20,"day":"Friday","name":"March Equinox","type":"Season"},{"month":"March","date":25,"day":"Wednesday","name":"Chaitra Sukhladi","type":"Restricted"},{"month":"April","date":2,"day":"Thursday","name":"Rama Navami","type":"Gazetted"},{"month":"April","date":6,"day":"Monday","name":"Mahavir Jayanti","type":"Gazetted"},{"month":"April","date":9,"day":"Thursday","name":"First day of Passover","type":"Observance"},{"month":"April","date":9,"day":"Thursday","name":"Maundy Thursday","type":"Observance,"},{"month":"April","date":10,"day":"Friday","name":"Good Friday","type":"Gazetted"},{"month":"April","date":12,"day":"Sunday","name":"Easter Day","type":"Restricted"},{"month":"April","date":13,"day":"Monday","name":"Vaisakhi","type":"Restricted"},{"month":"April","date":14,"day":"Tuesday","name":"Mesadi/Vaisakhadi","type":"Restricted"},{"month":"April","date":14,"day":"Tuesday","name":"Ambedkar Jayanti","type":"Central"},{"month":"May","date":1,"day":"Friday","name":"May Day","type":"Observance"},{"month":"May","date":7,"day":"Thursday","name":"Buddha Purnima/Vesak","type":"Gazetted"},{"month":"May","date":7,"day":"Thursday","name":"Birthday of Ravindranath","type":"Restricted"},{"month":"May","date":10,"day":"Sunday","name":"Mother's Day","type":"Observance"},{"month":"May","date":22,"day":"Friday","name":"Jamat Ul-Vida","type":"Restricted"},{"month":"May","date":25,"day":"Monday","name":"Ramzan Id/Eid-ul-Fitar","type":"Gazetted"},{"month":"May","date":25,"day":"Monday","name":"Ramzan Id/Eid-ul-Fitar","type":"Muslim,"},{"month":"June","date":21,"day":"Sunday","name":"June Solstice","type":"Season"},{"month":"June","date":21,"day":"Sunday","name":"Father's Day","type":"Observance"},{"month":"June","date":23,"day":"Tuesday","name":"Rath Yatra","type":"Restricted"},{"month":"July","date":5,"day":"Sunday","name":"Guru Purnima","type":"Observance"},{"month":"July","date":31,"day":"Friday","name":"Bakr Id/Eid ul-Adha","type":"Gazetted"},{"month":"August","date":2,"day":"Sunday","name":"Friendship Day","type":"Observance"},{"month":"August","date":3,"day":"Monday","name":"Raksha Bandhan (Rakhi)","type":"Restricted"},{"month":"August","date":11,"day":"Tuesday","name":"Janmashtami (Smarta)","type":"Restricted"},{"month":"August","date":12,"day":"Wednesday","name":"Janmashtami","type":"Gazetted"},{"month":"August","date":15,"day":"Saturday","name":"Independence Day","type":"Gazetted"},{"month":"August","date":16,"day":"Sunday","name":"Parsi New Year","type":"Restricted"},{"month":"August","date":22,"day":"Saturday","name":"Ganesh Chaturthi/Vin
08-04 00:16:51.876  4292  5627 I art     : Starting a blocking GC Explicit
08-04 00:16:51.889  4292  7202 I NAPPA_EXPERIMENTATION: MetricNetworkRequestExecutionTime: REQUEST_DURATION_SYSTEM='523',REQUEST_DURATION_OKHTTP='50',REQUEST_SYNCHRONOUS='FALSE',RESPONSE_CODE='200',RESPONSE_METHOD='GET',RESPONSE_LENGTH_OKHTTP='6426',RESPONSE_LENGTH_HEADER='6426',REQUEST_PROTOCOL='http/1.1',REQUEST_URL='https://project-travel-mate.herokuapp.com/api/get-upcoming-holidays/2020',
08-04 00:16:51.899   512  2967 D audio_hw_primary: disable_audio_route: reset and update mixer path: low-latency-playback speaker
08-04 00:16:51.900   512  2967 D audio_hw_primary: disable_snd_device: snd_device(2: speaker)
08-04 00:16:51.908   512  2967 I soundtrigger: audio_extn_sound_trigger_update_device_status: device 0x2 of type 0 for Event 0
08-04 00:16:51.937  4292  5627 I art     : Explicit concurrent mark sweep GC freed 6918(430KB) AllocSpace objects, 4(152KB) LOS objects, 7% free, 189MB/205MB, paused 1.957ms total 60.927ms
08-04 00:16:51.941  4292  4292 V Response: [{"month":"January","date":1,"day":"Wednesday","name":"New Year's Day","type":"Restricted"},{"month":"January","date":2,"day":"Thursday","name":"Guru Govind Singh Jayanti","type":"Restricted"},{"month":"January","date":14,"day":"Tuesday","name":"Lohri","type":"Restricted"},{"month":"January","date":15,"day":"Wednesday","name":"Pongal","type":"Restricted"},{"month":"January","date":15,"day":"Wednesday","name":"Makar Sankranti","type":"Restricted"},{"month":"January","date":25,"day":"Saturday","name":"Chinese New Year","type":"Observance"},{"month":"January","date":26,"day":"Sunday","name":"Republic Day","type":"Gazetted"},{"month":"January","date":30,"day":"Thursday","name":"Vasant Panchami","type":"Restricted"},{"month":"February","date":9,"day":"Sunday","name":"Guru Ravidas Jayanti","type":"Restricted"},{"month":"February","date":14,"day":"Friday","name":"Valentine's Day","type":"Observance"},{"month":"February","date":18,"day":"Tuesday","name":"Maharishi Dayanand Saraswati Jayanti","type":"Restricted"},{"month":"February","date":19,"day":"Wednesday","name":"Shivaji Jayanti","type":"Restricted"},{"month":"February","date":21,"day":"Friday","name":"Maha Shivaratri/Shivaratri","type":"Gazetted"},{"month":"March","date":9,"day":"Monday","name":"Holika Dahana","type":"Restricted"},{"month":"March","date":9,"day":"Monday","name":"Hazarat Ali's Birthday","type":"Restricted"},{"month":"March","date":10,"day":"Tuesday","name":"Holi","type":"Gazetted"},{"month":"March","date":20,"day":"Friday","name":"March Equinox","type":"Season"},{"month":"March","date":25,"day":"Wednesday","name":"Chaitra Sukhladi","type":"Restricted"},{"month":"April","date":2,"day":"Thursday","name":"Rama Navami","type":"Gazetted"},{"month":"April","date":6,"day":"Monday","name":"Mahavir Jayanti","type":"Gazetted"},{"month":"April","date":9,"day":"Thursday","name":"First day of Passover","type":"Observance"},{"month":"April","date":9,"day":"Thursday","name":"Maundy Thursday","type":"Observance,"},{"month":"April","date":10,"day":"Friday","name":"Good Friday","type":"Gazetted"},{"month":"April","date":12,"day":"Sunday","name":"Easter Day","type":"Restricted"},{"month":"April","date":13,"day":"Monday","name":"Vaisakhi","type":"Restricted"},{"month":"April","date":14,"day":"Tuesday","name":"Mesadi/Vaisakhadi","type":"Restricted"},{"month":"April","date":14,"day":"Tuesday","name":"Ambedkar Jayanti","type":"Central"},{"month":"May","date":1,"day":"Friday","name":"May Day","type":"Observance"},{"month":"May","date":7,"day":"Thursday","name":"Buddha Purnima/Vesak","type":"Gazetted"},{"month":"May","date":7,"day":"Thursday","name":"Birthday of Ravindranath","type":"Restricted"},{"month":"May","date":10,"day":"Sunday","name":"Mother's Day","type":"Observance"},{"month":"May","date":22,"day":"Friday","name":"Jamat Ul-Vida","type":"Restricted"},{"month":"May","date":25,"day":"Monday","name":"Ramzan Id/Eid-ul-Fitar","type":"Gazetted"},{"month":"May","date":25,"day":"Monday","name":"Ramzan Id/Eid-ul-Fitar","type":"Muslim,"},{"month":"June","date":21,"day":"Sunday","name":"June Solstice","type":"Season"},{"month":"June","date":21,"day":"Sunday","name":"Father's Day","type":"Observance"},{"month":"June","date":23,"day":"Tuesday","name":"Rath Yatra","type":"Restricted"},{"month":"July","date":5,"day":"Sunday","name":"Guru Purnima","type":"Observance"},{"month":"July","date":31,"day":"Friday","name":"Bakr Id/Eid ul-Adha","type":"Gazetted"},{"month":"August","date":2,"day":"Sunday","name":"Friendship Day","type":"Observance"},{"month":"August","date":3,"day":"Monday","name":"Raksha Bandhan (Rakhi)","type":"Restricted"},{"month":"August","date":11,"day":"Tuesday","name":"Janmashtami (Smarta)","type":"Restricted"},{"month":"August","date":12,"day":"Wednesday","name":"Janmashtami","type":"Gazetted"},{"month":"August","date":15,"day":"Saturday","name":"Independence Day","type":"Gazetted"},{"month":"August","date":16,"day":"Sunday","name":"Parsi New Year","type":"Restricted"},{"month":"August","date":22,"day":"Saturday","name":"Ganesh Chaturthi/Vin
08-04 00:16:51.957  4292  5627 I art     : Starting a blocking GC Explicit
08-04 00:16:52.019  4292  5627 I art     : Explicit concurrent mark sweep GC freed 8776(317KB) AllocSpace objects, 1(16KB) LOS objects, 7% free, 190MB/206MB, paused 1.626ms total 61.886ms
08-04 00:16:52.038  4292  5627 I art     : Starting a blocking GC Explicit
08-04 00:16:52.099  4292  5627 I art     : Explicit concurrent mark sweep GC freed 1411(80KB) AllocSpace objects, 1(4MB) LOS objects, 7% free, 185MB/201MB, paused 1.519ms total 60.456ms
08-04 00:16:52.501  4292  4579 I art     : Starting a blocking GC Explicit
08-04 00:16:52.565  4292  4579 I art     : Explicit concurrent mark sweep GC freed 2321(105KB) AllocSpace objects, 2(48KB) LOS objects, 7% free, 185MB/201MB, paused 1.515ms total 64.290ms
08-04 00:16:52.585  4292  4579 I art     : Starting a blocking GC Explicit
08-04 00:16:52.647  4292  4579 I art     : Explicit concurrent mark sweep GC freed 183(4KB) AllocSpace objects, 0(0B) LOS objects, 7% free, 185MB/201MB, paused 1.388ms total 61.274ms
08-04 00:16:52.667  4292  4579 I art     : Starting a blocking GC Explicit
08-04 00:16:52.730  4292  4579 I art     : Explicit concurrent mark sweep GC freed 122(2064B) AllocSpace objects, 0(0B) LOS objects, 7% free, 185MB/201MB, paused 1.565ms total 62.950ms
08-04 00:16:52.750  4292  4579 I art     : Starting a blocking GC Explicit
08-04 00:16:52.815  4292  4579 I art     : Explicit concurrent mark sweep GC freed 123(2096B) AllocSpace objects, 0(0B) LOS objects, 7% free, 185MB/201MB, paused 1.506ms total 63.948ms
08-04 00:16:52.835  4292  4579 I art     : Starting a blocking GC Explicit
08-04 00:16:52.907  4292  4579 I art     : Explicit concurrent mark sweep GC freed 147(2496B) AllocSpace objects, 0(0B) LOS objects, 7% free, 185MB/201MB, paused 1.658ms total 71.073ms
08-04 00:16:52.980   918  3261 D WifiStateMachine: starting scan for "H369AA63323"WPA_PSK with 2412,5180
08-04 00:16:53.335  4292  4304 I art     : Starting a blocking GC Explicit
08-04 00:16:53.407  4292  4304 I art     : Explicit concurrent mark sweep GC freed 2330(104KB) AllocSpace objects, 2(48KB) LOS objects, 7% free, 185MB/201MB, paused 1.613ms total 72.366ms
08-04 00:16:53.431  4292  4304 I art     : Starting a blocking GC Explicit
08-04 00:16:53.498  4292  4304 I art     : Explicit concurrent mark sweep GC freed 162(3KB) AllocSpace objects, 0(0B) LOS objects, 7% free, 185MB/201MB, paused 1.617ms total 66.259ms
08-04 00:16:53.518  4292  4304 I art     : Starting a blocking GC Explicit
08-04 00:16:53.585  4292  4304 I art     : Explicit concurrent mark sweep GC freed 123(2096B) AllocSpace objects, 0(0B) LOS objects, 7% free, 185MB/201MB, paused 1.522ms total 66.430ms
08-04 00:16:53.605  4292  4304 I art     : Starting a blocking GC Explicit
08-04 00:16:53.631 31401 31401 I ServiceManager: Waiting for service AtCmdFwd...
08-04 00:16:53.674  4292  4304 I art     : Explicit concurrent mark sweep GC freed 138(2336B) AllocSpace objects, 0(0B) LOS objects, 7% free, 185MB/201MB, paused 1.615ms total 68.182ms
08-04 00:16:53.694  4292  4304 I art     : Starting a blocking GC Explicit
08-04 00:16:53.763  4292  4304 I art     : Explicit concurrent mark sweep GC freed 132(2256B) AllocSpace objects, 0(0B) LOS objects, 7% free, 185MB/201MB, paused 1.540ms total 68.780ms
08-04 00:16:54.220  4292  4305 I art     : Starting a blocking GC Explicit
08-04 00:16:54.294  4292  4305 I art     : Explicit concurrent mark sweep GC freed 2379(105KB) AllocSpace objects, 2(48KB) LOS objects, 7% free, 185MB/201MB, paused 1.658ms total 73.457ms
08-04 00:16:54.317  4292  4305 I art     : Starting a blocking GC Explicit
08-04 00:16:54.385  4292  4305 I art     : Explicit concurrent mark sweep GC freed 182(3KB) AllocSpace objects, 0(0B) LOS objects, 7% free, 185MB/201MB, paused 1.475ms total 67.588ms
08-04 00:16:54.405  4292  4305 I art     : Starting a blocking GC Explicit
08-04 00:16:54.471  4292  4305 I art     : Explicit concurrent mark sweep GC freed 122(2064B) AllocSpace objects, 0(0B) LOS objects, 7% free, 185MB/201MB, paused 1.546ms total 65.221ms
08-04 00:16:54.492  4292  4305 I art     : Starting a blocking GC Explicit
08-04 00:16:54.561  4292  4305 I art     : Explicit concurrent mark sweep GC freed 148(2528B) AllocSpace objects, 0(0B) LOS objects, 7% free, 185MB/201MB, paused 1.497ms total 68.420ms
08-04 00:16:54.581  4292  4305 I art     : Starting a blocking GC Explicit
08-04 00:16:54.632 31401 31401 I ServiceManager: Waiting for service AtCmdFwd...
08-04 00:16:54.649  4292  4305 I art     : Explicit concurrent mark sweep GC freed 124(2128B) AllocSpace objects, 0(0B) LOS objects, 7% free, 185MB/201MB, paused 1.599ms total 67.196ms
08-04 00:16:55.090  4292  4360 I art     : Starting a blocking GC Explicit
08-04 00:16:55.162  4292  4360 I art     : Explicit concurrent mark sweep GC freed 2329(104KB) AllocSpace objects, 2(48KB) LOS objects, 7% free, 185MB/201MB, paused 1.581ms total 71.549ms
08-04 00:16:55.187  4292  4360 I art     : Starting a blocking GC Explicit
08-04 00:16:55.254  4292  4360 I art     : Explicit concurrent mark sweep GC freed 185(3KB) AllocSpace objects, 0(0B) LOS objects, 7% free, 185MB/201MB, paused 1.499ms total 66.400ms
08-04 00:16:55.255  4292  4303 I art     : WaitForGcToComplete blocked for 15.104ms for cause HeapTrim
08-04 00:16:55.274  4292  4360 I art     : Starting a blocking GC Explicit
08-04 00:16:55.339  4292  4360 I art     : Explicit concurrent mark sweep GC freed 124(2128B) AllocSpace objects, 0(0B) LOS objects, 7% free, 185MB/201MB, paused 1.417ms total 64.642ms
08-04 00:16:55.360  4292  4360 I art     : Starting a blocking GC Explicit
08-04 00:16:55.428  4292  4360 I art     : Explicit concurrent mark sweep GC freed 157(3KB) AllocSpace objects, 0(0B) LOS objects, 7% free, 185MB/201MB, paused 1.704ms total 68.356ms
08-04 00:16:55.449  4292  4360 I art     : Starting a blocking GC Explicit
08-04 00:16:55.519  4292  4360 I art     : Explicit concurrent mark sweep GC freed 135(2704B) AllocSpace objects, 0(0B) LOS objects, 7% free, 185MB/201MB, paused 1.661ms total 69.415ms
08-04 00:16:55.633 31401 31401 I ServiceManager: Waiting for service AtCmdFwd...
08-04 00:16:55.922  4292  5627 I art     : Starting a blocking GC Explicit
08-04 00:16:55.991  4292  5627 I art     : Explicit concurrent mark sweep GC freed 2258(103KB) AllocSpace objects, 2(48KB) LOS objects, 7% free, 185MB/201MB, paused 1.635ms total 68.905ms
08-04 00:16:56.011  4292  5627 I art     : Starting a blocking GC Explicit
08-04 00:16:56.075  4292  5627 I art     : Explicit concurrent mark sweep GC freed 148(3024B) AllocSpace objects, 0(0B) LOS objects, 7% free, 185MB/201MB, paused 1.593ms total 63.170ms
08-04 00:16:56.095  4292  5627 I art     : Starting a blocking GC Explicit
08-04 00:16:56.128  7257  7257 D AndroidRuntime: >>>>>> START com.android.internal.os.RuntimeInit uid 2000 <<<<<<
08-04 00:16:56.134  7257  7257 D AndroidRuntime: CheckJNI is OFF
08-04 00:16:56.160  4292  5627 I art     : Explicit concurrent mark sweep GC freed 131(2224B) AllocSpace objects, 0(0B) LOS objects, 7% free, 185MB/201MB, paused 1.724ms total 64.853ms
08-04 00:16:56.180  4292  5627 I art     : Starting a blocking GC Explicit
08-04 00:16:56.182  7257  7257 D ICU     : No timezone override file found: /data/misc/zoneinfo/current/icu/icu_tzdata.dat
08-04 00:16:56.227  7257  7257 I Radio-JNI: register_android_hardware_Radio DONE
08-04 00:16:56.244  4292  5627 I art     : Explicit concurrent mark sweep GC freed 167(3KB) AllocSpace objects, 0(0B) LOS objects, 7% free, 185MB/201MB, paused 1.726ms total 63.261ms
08-04 00:16:56.258  7257  7257 D AndroidRuntime: Calling main entry com.android.commands.input.Input
08-04 00:16:56.260  7257  7257 I Input   : injectKeyEvent: KeyEvent { action=ACTION_DOWN, keyCode=KEYCODE_BACK, scanCode=0, metaState=0, flags=0x0, repeatCount=0, eventTime=663432672, downTime=663432672, deviceId=-1, source=0x101 }
08-04 00:16:56.264  4292  5627 I art     : Starting a blocking GC Explicit
08-04 00:16:56.268  7257  7257 I Input   : injectKeyEvent: KeyEvent { action=ACTION_UP, keyCode=KEYCODE_BACK, scanCode=0, metaState=0, flags=0x0, repeatCount=0, eventTime=663432672, downTime=663432672, deviceId=-1, source=0x101 }
08-04 00:16:56.276  7257  7257 D AndroidRuntime: Shutting down VM
08-04 00:16:56.289  4292  4292 V MainActivity: url = https://project-travel-mate.herokuapp.com/api/number-of-unread-notifications
08-04 00:16:56.320 13866 13866 I GoogleInputMethodServic: GoogleInputMethodService.onFinishInput():3138 
08-04 00:16:56.320 13866 13866 I GoogleInputMethodServic: GoogleInputMethodService.onStartInput():1808 
08-04 00:16:56.325  4292  5627 I art     : Explicit concurrent mark sweep GC freed 446(15KB) AllocSpace objects, 0(0B) LOS objects, 7% free, 185MB/201MB, paused 2.152ms total 60.479ms
08-04 00:16:56.633 31401 31401 I ServiceManager: Waiting for service AtCmdFwd...
08-04 00:16:56.655   380   380 W SurfaceFlinger: couldn't log to binary event log: overflow.
08-04 00:16:56.720  4292  5627 I art     : Starting a blocking GC Explicit
08-04 00:16:56.784  4292  5627 I art     : Explicit concurrent mark sweep GC freed 2207(109KB) AllocSpace objects, 2(48KB) LOS objects, 7% free, 185MB/201MB, paused 1.606ms total 63.769ms
08-04 00:16:56.804  4292  5627 I art     : Starting a blocking GC Explicit
08-04 00:16:56.861  4292  5627 I art     : Explicit concurrent mark sweep GC freed 9240(494KB) AllocSpace objects, 16(464KB) LOS objects, 7% free, 185MB/201MB, paused 1.948ms total 56.615ms
08-04 00:16:56.876  4292  7281 I NAPPA_EXPERIMENTATION: MetricNetworkRequestExecutionTime: REQUEST_DURATION_SYSTEM='586',REQUEST_DURATION_OKHTTP='29',REQUEST_SYNCHRONOUS='FALSE',RESPONSE_CODE='200',RESPONSE_METHOD='GET',RESPONSE_LENGTH_OKHTTP='36',RESPONSE_LENGTH_HEADER='36',REQUEST_PROTOCOL='http/1.1',REQUEST_URL='https://project-travel-mate.herokuapp.com/api/number-of-unread-notifications',
08-04 00:16:56.880  4292  5627 I art     : Starting a blocking GC Explicit
08-04 00:16:56.939  4292  5627 I art     : Explicit concurrent mark sweep GC freed 1097(128KB) AllocSpace objects, 0(0B) LOS objects, 7% free, 185MB/201MB, paused 1.555ms total 59.416ms
08-04 00:16:56.959  4292  5627 I art     : Starting a blocking GC Explicit
08-04 00:16:57.022  4292  5627 I art     : Explicit concurrent mark sweep GC freed 101(4KB) AllocSpace objects, 0(0B) LOS objects, 7% free, 185MB/201MB, paused 1.576ms total 62.424ms
08-04 00:16:57.042  4292  5627 I art     : Starting a blocking GC Explicit
08-04 00:16:57.107  4292  5627 I art     : Explicit concurrent mark sweep GC freed 3(96B) AllocSpace objects, 0(0B) LOS objects, 7% free, 185MB/201MB, paused 1.565ms total 65.049ms
08-04 00:16:57.538  4292  4304 I art     : Starting a blocking GC Explicit
08-04 00:16:57.602  4292  4304 I art     : Explicit concurrent mark sweep GC freed 1623(93KB) AllocSpace objects, 2(48KB) LOS objects, 7% free, 185MB/201MB, paused 1.548ms total 63.418ms
08-04 00:16:57.622  4292  4304 I art     : Starting a blocking GC Explicit
08-04 00:16:57.634 31401 31401 I ServiceManager: Waiting for service AtCmdFwd...
08-04 00:16:57.681  4292  4304 I art     : Explicit concurrent mark sweep GC freed 28(1024B) AllocSpace objects, 0(0B) LOS objects, 7% free, 185MB/201MB, paused 1.660ms total 58.785ms
08-04 00:16:57.700  4292  4304 I art     : Starting a blocking GC Explicit
08-04 00:16:57.760  4292  4304 I art     : Explicit concurrent mark sweep GC freed 3(96B) AllocSpace objects, 0(0B) LOS objects, 7% free, 185MB/201MB, paused 1.619ms total 59.556ms
08-04 00:16:57.780  4292  4304 I art     : Starting a blocking GC Explicit
08-04 00:16:57.840  4292  4304 I art     : Explicit concurrent mark sweep GC freed 3(96B) AllocSpace objects, 0(0B) LOS objects, 7% free, 185MB/201MB, paused 1.581ms total 59.246ms
08-04 00:16:57.860  4292  4304 I art     : Starting a blocking GC Explicit
08-04 00:16:57.919  4292  4304 I art     : Explicit concurrent mark sweep GC freed 6(192B) AllocSpace objects, 0(0B) LOS objects, 7% free, 185MB/201MB, paused 1.616ms total 58.747ms
08-04 00:16:58.080  7303  7303 D AndroidRuntime: >>>>>> START com.android.internal.os.RuntimeInit uid 2000 <<<<<<
08-04 00:16:58.086  7303  7303 D AndroidRuntime: CheckJNI is OFF
08-04 00:16:58.129  7303  7303 D ICU     : No timezone override file found: /data/misc/zoneinfo/current/icu/icu_tzdata.dat
08-04 00:16:58.169  7303  7303 I Radio-JNI: register_android_hardware_Radio DONE
08-04 00:16:58.198  7303  7303 D AndroidRuntime: Calling main entry com.android.commands.input.Input
08-04 00:16:58.201  7303  7303 I Input   : injectMotionEvent: MotionEvent { action=ACTION_DOWN, actionButton=0, id[0]=0, x[0]=117.0, y[0]=170.0, toolType[0]=TOOL_TYPE_UNKNOWN, buttonState=0, metaState=0, flags=0x0, edgeFlags=0x0, pointerCount=1, historySize=0, eventTime=663434613, downTime=663434613, deviceId=0, source=0x1002 }
08-04 00:16:58.237  7303  7303 I Input   : injectMotionEvent: MotionEvent { action=ACTION_UP, actionButton=0, id[0]=0, x[0]=117.0, y[0]=170.0, toolType[0]=TOOL_TYPE_UNKNOWN, buttonState=0, metaState=0, flags=0x0, edgeFlags=0x0, pointerCount=1, historySize=0, eventTime=663434613, downTime=663434613, deviceId=0, source=0x1002 }
08-04 00:16:58.240  7303  7303 D AndroidRuntime: Shutting down VM
08-04 00:16:58.262   512  2967 D audio_hw_primary: out_set_parameters: enter: usecase(1: low-latency-playback) kvpairs: routing=2
08-04 00:16:58.274   512  2967 D audio_hw_primary: select_devices: out_snd_device(2: speaker) in_snd_device(0: none)
08-04 00:16:58.275   512  2967 D msm8974_platform: platform_send_audio_calibration: sending audio calibration for snd_device(2) acdb_id(15)
08-04 00:16:58.275   512  2967 I soundtrigger: audio_extn_sound_trigger_update_device_status: device 0x2 of type 0 for Event 1
08-04 00:16:58.284   512  2967 D audio_hw_primary: enable_snd_device: snd_device(2: speaker)
08-04 00:16:58.286   512  2967 D audio_hw_primary: enable_audio_route: apply and update mixer path: low-latency-playback speaker
08-04 00:16:58.345  4292  4305 I art     : Starting a blocking GC Explicit
08-04 00:16:58.405  4292  4305 I art     : Explicit concurrent mark sweep GC freed 2067(115KB) AllocSpace objects, 2(48KB) LOS objects, 7% free, 185MB/201MB, paused 1.682ms total 59.622ms
08-04 00:16:58.425  4292  4305 I art     : Starting a blocking GC Explicit
08-04 00:16:58.479  4292  4305 I art     : Explicit concurrent mark sweep GC freed 91(3KB) AllocSpace objects, 0(0B) LOS objects, 7% free, 185MB/201MB, paused 1.460ms total 54.154ms
08-04 00:16:58.499  4292  4305 I art     : Starting a blocking GC Explicit
08-04 00:16:58.553  4292  4305 I art     : Explicit concurrent mark sweep GC freed 14(672B) AllocSpace objects, 0(0B) LOS objects, 7% free, 185MB/201MB, paused 1.423ms total 54.384ms
08-04 00:16:58.572  4292  4305 I art     : Starting a blocking GC Explicit
08-04 00:16:58.627  4292  4305 I art     : Explicit concurrent mark sweep GC freed 3(96B) AllocSpace objects, 0(0B) LOS objects, 7% free, 185MB/201MB, paused 1.595ms total 54.267ms
08-04 00:16:58.634 31401 31401 W Atfwd_Sendcmd: AtCmdFwd service not published, waiting... retryCnt : 1
08-04 00:16:58.645  4292  4305 I art     : Starting a blocking GC Explicit
08-04 00:16:58.697  4292  4305 I art     : Explicit concurrent mark sweep GC freed 5(160B) AllocSpace objects, 0(0B) LOS objects, 7% free, 185MB/201MB, paused 1.403ms total 51.497ms
08-04 00:16:58.818   512  2967 D audio_hw_primary: disable_audio_route: reset and update mixer path: low-latency-playback speaker
08-04 00:16:58.819   512  2967 D audio_hw_primary: disable_snd_device: snd_device(2: speaker)
08-04 00:16:58.827   512  2967 I soundtrigger: audio_extn_sound_trigger_update_device_status: device 0x2 of type 0 for Event 0
08-04 00:16:58.970  7328  7328 D AndroidRuntime: >>>>>> START com.android.internal.os.RuntimeInit uid 2000 <<<<<<
08-04 00:16:58.976  7328  7328 D AndroidRuntime: CheckJNI is OFF
08-04 00:16:59.020  7328  7328 D ICU     : No timezone override file found: /data/misc/zoneinfo/current/icu/icu_tzdata.dat
08-04 00:16:59.063  7328  7328 I Radio-JNI: register_android_hardware_Radio DONE
08-04 00:16:59.092  7328  7328 D AndroidRuntime: Calling main entry com.android.commands.input.Input
08-04 00:16:59.093  4292  4305 I art     : Starting a blocking GC Explicit
08-04 00:16:59.094  7328  7328 I Input   : injectMotionEvent: MotionEvent { action=ACTION_DOWN, actionButton=0, id[0]=0, x[0]=405.0, y[0]=661.0, toolType[0]=TOOL_TYPE_UNKNOWN, buttonState=0, metaState=0, flags=0x0, edgeFlags=0x0, pointerCount=1, historySize=0, eventTime=663435507, downTime=663435507, deviceId=0, source=0x1002 }
08-04 00:16:59.098  7328  7328 I Input   : injectMotionEvent: MotionEvent { action=ACTION_UP, actionButton=0, id[0]=0, x[0]=405.0, y[0]=661.0, toolType[0]=TOOL_TYPE_UNKNOWN, buttonState=0, metaState=0, flags=0x0, edgeFlags=0x0, pointerCount=1, historySize=0, eventTime=663435507, downTime=663435507, deviceId=0, source=0x1002 }
08-04 00:16:59.100  7328  7328 D AndroidRuntime: Shutting down VM
08-04 00:16:59.120   512  2967 D audio_hw_primary: out_set_parameters: enter: usecase(1: low-latency-playback) kvpairs: routing=2
08-04 00:16:59.133   512  2967 D audio_hw_primary: select_devices: out_snd_device(2: speaker) in_snd_device(0: none)
08-04 00:16:59.133   512  2967 D msm8974_platform: platform_send_audio_calibration: sending audio calibration for snd_device(2) acdb_id(15)
08-04 00:16:59.134   512  2967 I soundtrigger: audio_extn_sound_trigger_update_device_status: device 0x2 of type 0 for Event 1
08-04 00:16:59.144   512  2967 D audio_hw_primary: enable_snd_device: snd_device(2: speaker)
08-04 00:16:59.146   512  2967 D audio_hw_primary: enable_audio_route: apply and update mixer path: low-latency-playback speaker
08-04 00:16:59.154  4292  4305 I art     : Explicit concurrent mark sweep GC freed 2607(132KB) AllocSpace objects, 2(48KB) LOS objects, 7% free, 185MB/201MB, paused 2.630ms total 60.452ms
08-04 00:16:59.178  4292  4305 I art     : Starting a blocking GC Explicit
08-04 00:16:59.185   512  2967 D AudioFlinger: mixer(0xf4740000) throttle end: throttle time(12)
08-04 00:16:59.235  4292  4305 I art     : Explicit concurrent mark sweep GC freed 1157(38KB) AllocSpace objects, 0(0B) LOS objects, 7% free, 185MB/201MB, paused 1.595ms total 56.725ms
08-04 00:16:59.254  4292  4305 I art     : Starting a blocking GC Explicit
08-04 00:16:59.308  4292  4305 I art     : Explicit concurrent mark sweep GC freed 782(46KB) AllocSpace objects, 0(0B) LOS objects, 7% free, 185MB/201MB, paused 1.735ms total 54.455ms
08-04 00:16:59.328  4292  4305 I art     : Starting a blocking GC Explicit
08-04 00:16:59.387  4292  4305 I art     : Explicit concurrent mark sweep GC freed 43(1056B) AllocSpace objects, 9(252KB) LOS objects, 7% free, 185MB/201MB, paused 1.422ms total 59.143ms
08-04 00:16:59.408  4292  4305 I art     : Starting a blocking GC Explicit
08-04 00:16:59.479  4292  4305 I art     : Explicit concurrent mark sweep GC freed 3(96B) AllocSpace objects, 0(0B) LOS objects, 7% free, 185MB/201MB, paused 1.847ms total 70.477ms
08-04 00:16:59.680   512  2967 D audio_hw_primary: disable_audio_route: reset and update mixer path: low-latency-playback speaker
08-04 00:16:59.684   512  2967 D audio_hw_primary: disable_snd_device: snd_device(2: speaker)
08-04 00:16:59.691   512  2967 I soundtrigger: audio_extn_sound_trigger_update_device_status: device 0x2 of type 0 for Event 0
08-04 00:16:59.911  4292  4304 I art     : Starting a blocking GC Explicit
08-04 00:16:59.977  4292  4304 I art     : Explicit concurrent mark sweep GC freed 1622(93KB) AllocSpace objects, 2(48KB) LOS objects, 7% free, 185MB/201MB, paused 1.479ms total 65.529ms
08-04 00:16:59.997  4292  4304 I art     : Starting a blocking GC Explicit
08-04 00:17:00.055  4292  4304 I art     : Explicit concurrent mark sweep GC freed 49(2320B) AllocSpace objects, 0(0B) LOS objects, 7% free, 185MB/201MB, paused 1.446ms total 57.723ms
08-04 00:17:00.074  4292  4304 I art     : Starting a blocking GC Explicit
08-04 00:17:00.135  4292  4304 I art     : Explicit concurrent mark sweep GC freed 3(96B) AllocSpace objects, 0(0B) LOS objects, 7% free, 185MB/201MB, paused 1.424ms total 60.048ms
08-04 00:17:00.154  4292  4304 I art     : Starting a blocking GC Explicit
08-04 00:17:00.219  4292  4304 I art     : Explicit concurrent mark sweep GC freed 40(1088B) AllocSpace objects, 0(0B) LOS objects, 7% free, 185MB/201MB, paused 1.750ms total 64.870ms
08-04 00:17:00.243  4292  4304 I art     : Starting a blocking GC Explicit
08-04 00:17:00.306  4292  4304 I art     : Explicit concurrent mark sweep GC freed 3(96B) AllocSpace objects, 0(0B) LOS objects, 7% free, 185MB/201MB, paused 1.472ms total 62.915ms
08-04 00:17:00.727  4292  5627 I art     : Starting a blocking GC Explicit
08-04 00:17:00.803  4292  5627 I art     : Explicit concurrent mark sweep GC freed 1586(92KB) AllocSpace objects, 2(48KB) LOS objects, 7% free, 185MB/201MB, paused 1.707ms total 75.893ms
08-04 00:17:00.827  4292  5627 I art     : Starting a blocking GC Explicit
08-04 00:17:00.899  4292  5627 I art     : Explicit concurrent mark sweep GC freed 28(1024B) AllocSpace objects, 0(0B) LOS objects, 7% free, 185MB/201MB, paused 1.892ms total 72.170ms
08-04 00:17:00.922  4292  5627 I art     : Starting a blocking GC Explicit
08-04 00:17:00.992  4292  5627 I art     : Explicit concurrent mark sweep GC freed 3(96B) AllocSpace objects, 0(0B) LOS objects, 7% free, 185MB/201MB, paused 1.475ms total 69.667ms
08-04 00:17:01.012  4292  5627 I art     : Starting a blocking GC Explicit
08-04 00:17:01.083  4292  5627 I art     : Explicit concurrent mark sweep GC freed 3(96B) AllocSpace objects, 0(0B) LOS objects, 7% free, 185MB/201MB, paused 1.572ms total 70.338ms
08-04 00:17:01.104  4292  5627 I art     : Starting a blocking GC Explicit
08-04 00:17:01.179  4292  5627 I art     : Explicit concurrent mark sweep GC freed 39(1056B) AllocSpace objects, 0(0B) LOS objects, 7% free, 185MB/201MB, paused 1.800ms total 75.067ms
08-04 00:17:01.613  4292  4305 I art     : Starting a blocking GC Explicit
08-04 00:17:01.682  4292  4305 I art     : Explicit concurrent mark sweep GC freed 1599(92KB) AllocSpace objects, 2(48KB) LOS objects, 7% free, 185MB/201MB, paused 1.609ms total 68.108ms
08-04 00:17:01.702  4292  4305 I art     : Starting a blocking GC Explicit
08-04 00:17:01.765  4292  4305 I art     : Explicit concurrent mark sweep GC freed 38(1568B) AllocSpace objects, 0(0B) LOS objects, 7% free, 185MB/201MB, paused 1.481ms total 62.646ms
08-04 00:17:01.786  4292  4305 I art     : Starting a blocking GC Explicit
08-04 00:17:01.852  4292  4305 I art     : Explicit concurrent mark sweep GC freed 3(96B) AllocSpace objects, 0(0B) LOS objects, 7% free, 185MB/201MB, paused 1.535ms total 65.561ms
08-04 00:17:01.872  4292  4305 I art     : Starting a blocking GC Explicit
08-04 00:17:01.937  4292  4305 I art     : Explicit concurrent mark sweep GC freed 3(96B) AllocSpace objects, 0(0B) LOS objects, 7% free, 185MB/201MB, paused 1.767ms total 64.988ms
08-04 00:17:01.942  7371  7371 D AndroidRuntime: >>>>>> START com.android.internal.os.RuntimeInit uid 2000 <<<<<<
08-04 00:17:01.948  7371  7371 D AndroidRuntime: CheckJNI is OFF
08-04 00:17:01.958  4292  4305 I art     : Starting a blocking GC Explicit
08-04 00:17:01.993  7371  7371 D ICU     : No timezone override file found: /data/misc/zoneinfo/current/icu/icu_tzdata.dat
08-04 00:17:02.021  4292  4305 I art     : Explicit concurrent mark sweep GC freed 3(96B) AllocSpace objects, 0(0B) LOS objects, 7% free, 185MB/201MB, paused 1.671ms total 63.019ms
08-04 00:17:02.042  7371  7371 I Radio-JNI: register_android_hardware_Radio DONE
08-04 00:17:02.071  7371  7371 D AndroidRuntime: Calling main entry com.android.commands.input.Input
08-04 00:17:02.073  7371  7371 I Input   : injectMotionEvent: MotionEvent { action=ACTION_DOWN, actionButton=0, id[0]=0, x[0]=1341.0, y[0]=197.0, toolType[0]=TOOL_TYPE_UNKNOWN, buttonState=0, metaState=0, flags=0x0, edgeFlags=0x0, pointerCount=1, historySize=0, eventTime=663438486, downTime=663438486, deviceId=0, source=0x1002 }
08-04 00:17:02.082  7371  7371 I Input   : injectMotionEvent: MotionEvent { action=ACTION_UP, actionButton=0, id[0]=0, x[0]=1341.0, y[0]=197.0, toolType[0]=TOOL_TYPE_UNKNOWN, buttonState=0, metaState=0, flags=0x0, edgeFlags=0x0, pointerCount=1, historySize=0, eventTime=663438486, downTime=663438486, deviceId=0, source=0x1002 }
08-04 00:17:02.085  7371  7371 D AndroidRuntime: Shutting down VM
08-04 00:17:02.096   918  6029 I ActivityManager: START u0 {cmp=baseline.io.github.project_travel_mate/.notifications.NotificationsActivity} from uid 10650 on display 0
08-04 00:17:02.098   512  2967 D audio_hw_primary: out_set_parameters: enter: usecase(1: low-latency-playback) kvpairs: routing=2
08-04 00:17:02.110   512  2967 D audio_hw_primary: select_devices: out_snd_device(2: speaker) in_snd_device(0: none)
08-04 00:17:02.111   512  2967 D msm8974_platform: platform_send_audio_calibration: sending audio calibration for snd_device(2) acdb_id(15)
08-04 00:17:02.111   512  2967 I soundtrigger: audio_extn_sound_trigger_update_device_status: device 0x2 of type 0 for Event 1
08-04 00:17:02.124   512  2967 D audio_hw_primary: enable_snd_device: snd_device(2: speaker)
08-04 00:17:02.125  4292  4358 D Gabe    : call	returning from cache
08-04 00:17:02.126   512  2967 D audio_hw_primary: enable_audio_route: apply and update mixer path: low-latency-playback speaker
08-04 00:17:02.131  4292  4292 V EXECUTING: https://project-travel-mate.herokuapp.com/api/get-notifications
08-04 00:17:02.134  4292  4292 V EXECUTING: https://project-travel-mate.herokuapp.com/api/get-notifications
08-04 00:17:02.296   918   936 I ActivityManager: Displayed baseline.io.github.project_travel_mate/.notifications.NotificationsActivity: +191ms
08-04 00:17:02.297 13866 13866 I GoogleInputMethodServic: GoogleInputMethodService.onFinishInput():3138 
08-04 00:17:02.298 13866 13866 I GoogleInputMethodServic: GoogleInputMethodService.onStartInput():1808 
08-04 00:17:02.417  4292  4305 I art     : Starting a blocking GC Explicit
08-04 00:17:02.418  4292  4308 D OpenGLRenderer: endAllStagingAnimators on 0x7f7b5a5c00 (RippleDrawable) with handle 0x7f7b60d700
08-04 00:17:02.479  4292  4305 I art     : Explicit concurrent mark sweep GC freed 3966(218KB) AllocSpace objects, 2(48KB) LOS objects, 7% free, 189MB/205MB, paused 1.670ms total 61.389ms
08-04 00:17:02.499  4292  4305 I art     : Starting a blocking GC Explicit
08-04 00:17:02.545   380   380 W SurfaceFlinger: couldn't log to binary event log: overflow.
08-04 00:17:02.568  4292  4305 I art     : Explicit concurrent mark sweep GC freed 490(18KB) AllocSpace objects, 0(0B) LOS objects, 7% free, 189MB/205MB, paused 1.574ms total 68.959ms
08-04 00:17:02.587  4292  4305 I art     : Starting a blocking GC Explicit
08-04 00:17:02.642  4292  4305 I art     : Explicit concurrent mark sweep GC freed 100(1728B) AllocSpace objects, 0(0B) LOS objects, 7% free, 189MB/205MB, paused 1.562ms total 54.419ms
08-04 00:17:02.661  4292  4305 I art     : Starting a blocking GC Explicit
08-04 00:17:02.669   512  2967 D audio_hw_primary: disable_audio_route: reset and update mixer path: low-latency-playback speaker
08-04 00:17:02.670   512  2967 D audio_hw_primary: disable_snd_device: snd_device(2: speaker)
08-04 00:17:02.679   512  2967 I soundtrigger: audio_extn_sound_trigger_update_device_status: device 0x2 of type 0 for Event 0
08-04 00:17:02.725  4292  4305 I art     : Explicit concurrent mark sweep GC freed 5266(266KB) AllocSpace objects, 4(240KB) LOS objects, 7% free, 190MB/206MB, paused 1.843ms total 63.580ms
08-04 00:17:02.744  4292  4305 I art     : Starting a blocking GC Explicit
08-04 00:17:02.748  4292  7393 I NAPPA_EXPERIMENTATION: MetricNetworkRequestExecutionTime: REQUEST_DURATION_SYSTEM='614',REQUEST_DURATION_OKHTTP='53',REQUEST_SYNCHRONOUS='FALSE',RESPONSE_CODE='200',RESPONSE_METHOD='GET',RESPONSE_LENGTH_OKHTTP='2',RESPONSE_LENGTH_HEADER='2',REQUEST_PROTOCOL='http/1.1',REQUEST_URL='https://project-travel-mate.herokuapp.com/api/get-notifications',
08-04 00:17:02.749  4292  7394 I NAPPA_EXPERIMENTATION: MetricNetworkRequestExecutionTime: REQUEST_DURATION_SYSTEM='609',REQUEST_DURATION_OKHTTP='47',REQUEST_SYNCHRONOUS='FALSE',RESPONSE_CODE='200',RESPONSE_METHOD='GET',RESPONSE_LENGTH_OKHTTP='2',RESPONSE_LENGTH_HEADER='2',REQUEST_PROTOCOL='http/1.1',REQUEST_URL='https://project-travel-mate.herokuapp.com/api/get-notifications',
08-04 00:17:02.802  4292  4305 I art     : Explicit concurrent mark sweep GC freed 2236(256KB) AllocSpace objects, 2(160KB) LOS objects, 7% free, 190MB/206MB, paused 1.798ms total 58.056ms
08-04 00:17:02.920  4292  4292 V Response: [] 
08-04 00:17:02.924  4292  4358 D Gabe    : call	returning from cache
08-04 00:17:02.925  4292  4292 V Response: [] 
08-04 00:17:02.928  4292  4358 D Gabe    : call	returning from cache
08-04 00:17:03.198  4292  4305 I art     : Starting a blocking GC Explicit
08-04 00:17:03.257  4292  4305 I art     : Explicit concurrent mark sweep GC freed 5247(200KB) AllocSpace objects, 3(236KB) LOS objects, 7% free, 190MB/206MB, paused 1.528ms total 58.627ms
08-04 00:17:03.276  4292  4305 I art     : Starting a blocking GC Explicit
08-04 00:17:03.332  4292  4305 I art     : Explicit concurrent mark sweep GC freed 2136(84KB) AllocSpace objects, 0(0B) LOS objects, 7% free, 190MB/206MB, paused 1.538ms total 55.272ms
08-04 00:17:03.351  4292  4305 I art     : Starting a blocking GC Explicit
08-04 00:17:03.404  4292  4305 I art     : Explicit concurrent mark sweep GC freed 344(5KB) AllocSpace objects, 0(0B) LOS objects, 7% free, 190MB/206MB, paused 1.477ms total 53.255ms
08-04 00:17:03.423  4292  4305 I art     : Starting a blocking GC Explicit
08-04 00:17:03.476  4292  4305 I art     : Explicit concurrent mark sweep GC freed 283(4KB) AllocSpace objects, 0(0B) LOS objects, 7% free, 190MB/206MB, paused 1.387ms total 52.380ms
08-04 00:17:03.494  4292  4305 I art     : Starting a blocking GC Explicit
08-04 00:17:03.548  4292  4305 I art     : Explicit concurrent mark sweep GC freed 326(6KB) AllocSpace objects, 0(0B) LOS objects, 7% free, 190MB/206MB, paused 1.469ms total 53.151ms
08-04 00:17:03.634 31401 31401 I ServiceManager: Waiting for service AtCmdFwd...
08-04 00:17:03.957  4292  4360 I art     : Starting a blocking GC Explicit
08-04 00:17:04.014  4292  4360 I art     : Explicit concurrent mark sweep GC freed 3575(124KB) AllocSpace objects, 2(48KB) LOS objects, 7% free, 190MB/206MB, paused 1.508ms total 56.903ms
08-04 00:17:04.033  4292  4360 I art     : Starting a blocking GC Explicit
08-04 00:17:04.090  4292  4360 I art     : Explicit concurrent mark sweep GC freed 379(6KB) AllocSpace objects, 0(0B) LOS objects, 7% free, 190MB/206MB, paused 1.350ms total 56.756ms
08-04 00:17:04.109  4292  4360 I art     : Starting a blocking GC Explicit
08-04 00:17:04.166  4292  4360 I art     : Explicit concurrent mark sweep GC freed 290(4KB) AllocSpace objects, 0(0B) LOS objects, 7% free, 190MB/206MB, paused 1.650ms total 55.881ms
08-04 00:17:04.185  4292  4360 I art     : Starting a blocking GC Explicit
08-04 00:17:04.241  4292  4360 I art     : Explicit concurrent mark sweep GC freed 383(6KB) AllocSpace objects, 0(0B) LOS objects, 7% free, 190MB/206MB, paused 1.335ms total 55.736ms
08-04 00:17:04.260  4292  4360 I art     : Starting a blocking GC Explicit
08-04 00:17:04.315  4292  4360 I art     : Explicit concurrent mark sweep GC freed 285(4KB) AllocSpace objects, 0(0B) LOS objects, 7% free, 190MB/206MB, paused 1.566ms total 55.358ms
08-04 00:17:04.635 31401 31401 I ServiceManager: Waiting for service AtCmdFwd...
08-04 00:17:04.714  4292  4360 I art     : Starting a blocking GC Explicit
08-04 00:17:04.772  4292  4360 I art     : Explicit concurrent mark sweep GC freed 3555(123KB) AllocSpace objects, 2(48KB) LOS objects, 7% free, 190MB/206MB, paused 1.518ms total 57.641ms
08-04 00:17:04.791  4292  4360 I art     : Starting a blocking GC Explicit
08-04 00:17:04.844  4292  4360 I art     : Explicit concurrent mark sweep GC freed 319(5KB) AllocSpace objects, 0(0B) LOS objects, 7% free, 190MB/206MB, paused 1.353ms total 52.353ms
08-04 00:17:04.863  4292  4360 I art     : Starting a blocking GC Explicit
08-04 00:17:04.915  4292  4360 I art     : Explicit concurrent mark sweep GC freed 288(4KB) AllocSpace objects, 0(0B) LOS objects, 7% free, 190MB/206MB, paused 1.420ms total 52.337ms
08-04 00:17:04.934  4292  4360 I art     : Starting a blocking GC Explicit
08-04 00:17:04.990  4292  4360 I art     : Explicit concurrent mark sweep GC freed 374(6KB) AllocSpace objects, 0(0B) LOS objects, 7% free, 190MB/206MB, paused 1.529ms total 55.239ms
08-04 00:17:05.009  4292  4360 I art     : Starting a blocking GC Explicit
08-04 00:17:05.062  4292  4360 I art     : Explicit concurrent mark sweep GC freed 311(5KB) AllocSpace objects, 0(0B) LOS objects, 7% free, 190MB/206MB, paused 1.324ms total 52.676ms
08-04 00:17:05.451  4292  4305 I art     : Starting a blocking GC Explicit
08-04 00:17:05.508  4292  4305 I art     : Explicit concurrent mark sweep GC freed 3513(123KB) AllocSpace objects, 2(48KB) LOS objects, 7% free, 190MB/206MB, paused 1.513ms total 56.093ms
08-04 00:17:05.527  4292  4305 I art     : Starting a blocking GC Explicit
08-04 00:17:05.583  4292  4305 I art     : Explicit concurrent mark sweep GC freed 311(5KB) AllocSpace objects, 0(0B) LOS objects, 7% free, 190MB/206MB, paused 1.442ms total 55.745ms
08-04 00:17:05.602  4292  4305 I art     : Starting a blocking GC Explicit
08-04 00:17:05.635 31401 31401 I ServiceManager: Waiting for service AtCmdFwd...
08-04 00:17:05.658  4292  4305 I art     : Explicit concurrent mark sweep GC freed 350(5KB) AllocSpace objects, 0(0B) LOS objects, 7% free, 190MB/206MB, paused 1.496ms total 55.553ms
08-04 00:17:05.677  4292  4305 I art     : Starting a blocking GC Explicit
08-04 00:17:05.732  4292  4305 I art     : Explicit concurrent mark sweep GC freed 283(4KB) AllocSpace objects, 0(0B) LOS objects, 7% free, 190MB/206MB, paused 1.355ms total 55.540ms
08-04 00:17:05.751  4292  4305 I art     : Starting a blocking GC Explicit
08-04 00:17:05.808  4292  4305 I art     : Explicit concurrent mark sweep GC freed 352(5KB) AllocSpace objects, 0(0B) LOS objects, 7% free, 190MB/206MB, paused 1.726ms total 55.991ms
08-04 00:17:06.214  4292  4579 I art     : Starting a blocking GC Explicit
08-04 00:17:06.267  4292  4579 I art     : Explicit concurrent mark sweep GC freed 3538(124KB) AllocSpace objects, 2(48KB) LOS objects, 7% free, 190MB/206MB, paused 1.399ms total 53.419ms
08-04 00:17:06.287  4292  4579 I art     : Starting a blocking GC Explicit
08-04 00:17:06.339  4292  4579 I art     : Explicit concurrent mark sweep GC freed 387(7KB) AllocSpace objects, 0(0B) LOS objects, 7% free, 190MB/206MB, paused 1.538ms total 52.604ms
08-04 00:17:06.358  4292  4579 I art     : Starting a blocking GC Explicit
08-04 00:17:06.410  4292  4579 I art     : Explicit concurrent mark sweep GC freed 298(4KB) AllocSpace objects, 0(0B) LOS objects, 7% free, 190MB/206MB, paused 1.354ms total 51.599ms
08-04 00:17:06.429  4292  4579 I art     : Starting a blocking GC Explicit
08-04 00:17:06.480  4292  4579 I art     : Explicit concurrent mark sweep GC freed 310(5KB) AllocSpace objects, 0(0B) LOS objects, 7% free, 190MB/206MB, paused 1.359ms total 51.659ms
08-04 00:17:06.499  4292  4579 I art     : Starting a blocking GC Explicit
08-04 00:17:06.553  4292  4579 I art     : Explicit concurrent mark sweep GC freed 337(6KB) AllocSpace objects, 0(0B) LOS objects, 7% free, 190MB/206MB, paused 1.447ms total 53.124ms
08-04 00:17:06.636 31401 31401 I ServiceManager: Waiting for service AtCmdFwd...
08-04 00:17:06.822  7460  7460 D AndroidRuntime: >>>>>> START com.android.internal.os.RuntimeInit uid 2000 <<<<<<
08-04 00:17:06.827  7460  7460 D AndroidRuntime: CheckJNI is OFF
08-04 00:17:06.865  7460  7460 D ICU     : No timezone override file found: /data/misc/zoneinfo/current/icu/icu_tzdata.dat
08-04 00:17:06.904  7460  7460 I Radio-JNI: register_android_hardware_Radio DONE
08-04 00:17:06.930  7460  7460 D AndroidRuntime: Calling main entry com.android.commands.input.Input
08-04 00:17:06.932  7460  7460 I Input   : injectKeyEvent: KeyEvent { action=ACTION_DOWN, keyCode=KEYCODE_BACK, scanCode=0, metaState=0, flags=0x0, repeatCount=0, eventTime=663443345, downTime=663443345, deviceId=-1, source=0x101 }
08-04 00:17:06.944  7460  7460 I Input   : injectKeyEvent: KeyEvent { action=ACTION_UP, keyCode=KEYCODE_BACK, scanCode=0, metaState=0, flags=0x0, repeatCount=0, eventTime=663443345, downTime=663443345, deviceId=-1, source=0x101 }
08-04 00:17:06.947  4292  4304 I art     : Starting a blocking GC Explicit
08-04 00:17:06.951  7460  7460 D AndroidRuntime: Shutting down VM
08-04 00:17:06.969  4292  4292 V MainActivity: url = https://project-travel-mate.herokuapp.com/api/number-of-unread-notifications
08-04 00:17:07.001  4292  4304 I art     : Explicit concurrent mark sweep GC freed 3883(145KB) AllocSpace objects, 2(48KB) LOS objects, 7% free, 190MB/206MB, paused 1.611ms total 54.365ms
08-04 00:17:07.007 13866 13866 I GoogleInputMethodServic: GoogleInputMethodService.onFinishInput():3138 
08-04 00:17:07.007 13866 13866 I GoogleInputMethodServic: GoogleInputMethodService.onStartInput():1808 
08-04 00:17:07.022  4292  4304 I art     : Starting a blocking GC Explicit
08-04 00:17:07.077  4292  4304 I art     : Explicit concurrent mark sweep GC freed 340(10KB) AllocSpace objects, 0(0B) LOS objects, 7% free, 190MB/206MB, paused 1.398ms total 54.382ms
08-04 00:17:07.096  4292  4304 I art     : Starting a blocking GC Explicit
08-04 00:17:07.157  4292  4304 I art     : Explicit concurrent mark sweep GC freed 104(4KB) AllocSpace objects, 0(0B) LOS objects, 7% free, 190MB/206MB, paused 2.081ms total 60.068ms
08-04 00:17:07.178  4292  4304 I art     : Starting a blocking GC Explicit
08-04 00:17:07.245  4292  4304 I art     : Explicit concurrent mark sweep GC freed 107(3024B) AllocSpace objects, 0(0B) LOS objects, 7% free, 190MB/206MB, paused 1.520ms total 66.671ms
08-04 00:17:07.269  4292  4304 I art     : Starting a blocking GC Explicit
08-04 00:17:07.299   380   380 W SurfaceFlinger: couldn't log to binary event log: overflow.
08-04 00:17:07.332  4292  4304 I art     : Explicit concurrent mark sweep GC freed 56(1504B) AllocSpace objects, 0(0B) LOS objects, 7% free, 190MB/206MB, paused 1.554ms total 62.954ms
08-04 00:17:07.538  4292  7484 I NAPPA_EXPERIMENTATION: MetricNetworkRequestExecutionTime: REQUEST_DURATION_SYSTEM='568',REQUEST_DURATION_OKHTTP='28',REQUEST_SYNCHRONOUS='FALSE',RESPONSE_CODE='200',RESPONSE_METHOD='GET',RESPONSE_LENGTH_OKHTTP='36',RESPONSE_LENGTH_HEADER='36',REQUEST_PROTOCOL='http/1.1',REQUEST_URL='https://project-travel-mate.herokuapp.com/api/number-of-unread-notifications',
08-04 00:17:07.636 31401 31401 I ServiceManager: Waiting for service AtCmdFwd...
08-04 00:17:07.733   518   646 I ThermalEngine: ACTION: GPU - Setting GPU[0] to 390000000
08-04 00:17:07.758  4292  4305 I art     : Starting a blocking GC Explicit
08-04 00:17:07.857  4292  4305 I art     : Explicit concurrent mark sweep GC freed 4418(241KB) AllocSpace objects, 6(4MB) LOS objects, 7% free, 186MB/202MB, paused 2.946ms total 98.935ms
08-04 00:17:07.887  4292  4305 I art     : Starting a blocking GC Explicit
08-04 00:17:07.959  4292  4305 I art     : Explicit concurrent mark sweep GC freed 4693(294KB) AllocSpace objects, 2(56KB) LOS objects, 7% free, 185MB/201MB, paused 2.216ms total 71.590ms
08-04 00:17:07.987  4292  4305 I art     : Starting a blocking GC Explicit
08-04 00:17:08.074  4292  4305 I art     : Explicit concurrent mark sweep GC freed 7(288B) AllocSpace objects, 0(0B) LOS objects, 7% free, 185MB/201MB, paused 2.626ms total 87.221ms
08-04 00:17:08.108  4292  4305 I art     : Starting a blocking GC Explicit
08-04 00:17:08.187  4292  4305 I art     : Explicit concurrent mark sweep GC freed 39(1056B) AllocSpace objects, 0(0B) LOS objects, 7% free, 185MB/201MB, paused 2.306ms total 78.382ms
08-04 00:17:08.215  4292  4305 I art     : Starting a blocking GC Explicit
08-04 00:17:08.287  4292  4305 I art     : Explicit concurrent mark sweep GC freed 4(128B) AllocSpace objects, 0(0B) LOS objects, 7% free, 185MB/201MB, paused 2.213ms total 70.735ms
08-04 00:17:08.637 31401 31401 W Atfwd_Sendcmd: AtCmdFwd service not published, waiting... retryCnt : 2
08-04 00:17:08.770  4292  5627 I art     : Starting a blocking GC Explicit
08-04 00:17:08.842  7497  7497 D AndroidRuntime: >>>>>> START com.android.internal.os.RuntimeInit uid 2000 <<<<<<
08-04 00:17:08.848  4292  5627 I art     : Explicit concurrent mark sweep GC freed 1592(92KB) AllocSpace objects, 2(48KB) LOS objects, 7% free, 185MB/201MB, paused 2.320ms total 77.993ms
08-04 00:17:08.849  7497  7497 D AndroidRuntime: CheckJNI is OFF
08-04 00:17:08.876  4292  5627 I art     : Starting a blocking GC Explicit
08-04 00:17:08.901  7497  7497 D ICU     : No timezone override file found: /data/misc/zoneinfo/current/icu/icu_tzdata.dat
08-04 00:17:08.945  7497  7497 I Radio-JNI: register_android_hardware_Radio DONE
08-04 00:17:08.951  4292  5627 I art     : Explicit concurrent mark sweep GC freed 40(1600B) AllocSpace objects, 0(0B) LOS objects, 7% free, 185MB/201MB, paused 2.294ms total 74.246ms
08-04 00:17:08.978  7497  7497 D AndroidRuntime: Calling main entry com.android.commands.input.Input
08-04 00:17:08.978  4292  5627 I art     : Starting a blocking GC Explicit
08-04 00:17:08.980  7497  7497 I Input   : injectMotionEvent: MotionEvent { action=ACTION_DOWN, actionButton=0, id[0]=0, x[0]=117.0, y[0]=170.0, toolType[0]=TOOL_TYPE_UNKNOWN, buttonState=0, metaState=0, flags=0x0, edgeFlags=0x0, pointerCount=1, historySize=0, eventTime=663445393, downTime=663445393, deviceId=0, source=0x1002 }
08-04 00:17:08.987  7497  7497 I Input   : injectMotionEvent: MotionEvent { action=ACTION_UP, actionButton=0, id[0]=0, x[0]=117.0, y[0]=170.0, toolType[0]=TOOL_TYPE_UNKNOWN, buttonState=0, metaState=0, flags=0x0, edgeFlags=0x0, pointerCount=1, historySize=0, eventTime=663445393, downTime=663445393, deviceId=0, source=0x1002 }
08-04 00:17:08.990  7497  7497 D AndroidRuntime: Shutting down VM
08-04 00:17:09.006   512  2967 D audio_hw_primary: out_set_parameters: enter: usecase(1: low-latency-playback) kvpairs: routing=2
08-04 00:17:09.019   512  2967 D audio_hw_primary: select_devices: out_snd_device(2: speaker) in_snd_device(0: none)
08-04 00:17:09.020   512  2967 D msm8974_platform: platform_send_audio_calibration: sending audio calibration for snd_device(2) acdb_id(15)
08-04 00:17:09.020   512  2967 I soundtrigger: audio_extn_sound_trigger_update_device_status: device 0x2 of type 0 for Event 1
08-04 00:17:09.036   512  2967 D audio_hw_primary: enable_snd_device: snd_device(2: speaker)
08-04 00:17:09.038   512  2967 D audio_hw_primary: enable_audio_route: apply and update mixer path: low-latency-playback speaker
08-04 00:17:09.083  4292  5627 I art     : Explicit concurrent mark sweep GC freed 32(1120B) AllocSpace objects, 0(0B) LOS objects, 7% free, 185MB/201MB, paused 3.743ms total 103.697ms
08-04 00:17:09.117  4292  5627 I art     : Starting a blocking GC Explicit
08-04 00:17:09.204  4292  5627 I art     : Explicit concurrent mark sweep GC freed 426(21KB) AllocSpace objects, 0(0B) LOS objects, 7% free, 185MB/201MB, paused 2.930ms total 86.355ms
08-04 00:17:09.234  4292  5627 I art     : Starting a blocking GC Explicit
08-04 00:17:09.305  4292  5627 I art     : Explicit concurrent mark sweep GC freed 25(1104B) AllocSpace objects, 0(0B) LOS objects, 7% free, 185MB/201MB, paused 2.218ms total 70.809ms
08-04 00:17:09.589   512  2967 D audio_hw_primary: disable_audio_route: reset and update mixer path: low-latency-playback speaker
08-04 00:17:09.590   512  2967 D audio_hw_primary: disable_snd_device: snd_device(2: speaker)
08-04 00:17:09.599   512  2967 I soundtrigger: audio_extn_sound_trigger_update_device_status: device 0x2 of type 0 for Event 0
08-04 00:17:09.726   518   646 I ThermalEngine: ACTION: GPU - Setting GPU[0] to 450000000
08-04 00:17:09.759  4292  4360 I art     : Starting a blocking GC Explicit
08-04 00:17:09.821  4292  4360 I art     : Explicit concurrent mark sweep GC freed 1604(92KB) AllocSpace objects, 2(48KB) LOS objects, 7% free, 185MB/201MB, paused 1.492ms total 61.586ms
08-04 00:17:09.840  4292  4360 I art     : Starting a blocking GC Explicit
08-04 00:17:09.858  7520  7520 D AndroidRuntime: >>>>>> START com.android.internal.os.RuntimeInit uid 2000 <<<<<<
08-04 00:17:09.863  7520  7520 D AndroidRuntime: CheckJNI is OFF
08-04 00:17:09.898  4292  4360 I art     : Explicit concurrent mark sweep GC freed 52(1776B) AllocSpace objects, 0(0B) LOS objects, 7% free, 185MB/201MB, paused 1.589ms total 57.710ms
08-04 00:17:09.906  7520  7520 D ICU     : No timezone override file found: /data/misc/zoneinfo/current/icu/icu_tzdata.dat
08-04 00:17:09.918  4292  4360 I art     : Starting a blocking GC Explicit
08-04 00:17:09.948  7520  7520 I Radio-JNI: register_android_hardware_Radio DONE
08-04 00:17:09.978  4292  4360 I art     : Explicit concurrent mark sweep GC freed 3(96B) AllocSpace objects, 0(0B) LOS objects, 7% free, 185MB/201MB, paused 1.508ms total 59.688ms
08-04 00:17:09.979  7520  7520 D AndroidRuntime: Calling main entry com.android.commands.input.Input
08-04 00:17:09.982  7520  7520 I Input   : injectMotionEvent: MotionEvent { action=ACTION_DOWN, actionButton=0, id[0]=0, x[0]=418.0, y[0]=842.0, toolType[0]=TOOL_TYPE_UNKNOWN, buttonState=0, metaState=0, flags=0x0, edgeFlags=0x0, pointerCount=1, historySize=0, eventTime=663446393, downTime=663446393, deviceId=0, source=0x1002 }
08-04 00:17:09.985  7520  7520 I Input   : injectMotionEvent: MotionEvent { action=ACTION_UP, actionButton=0, id[0]=0, x[0]=418.0, y[0]=842.0, toolType[0]=TOOL_TYPE_UNKNOWN, buttonState=0, metaState=0, flags=0x0, edgeFlags=0x0, pointerCount=1, historySize=0, eventTime=663446393, downTime=663446393, deviceId=0, source=0x1002 }
08-04 00:17:09.988  7520  7520 D AndroidRuntime: Shutting down VM
08-04 00:17:09.998  4292  4360 I art     : Starting a blocking GC Explicit
08-04 00:17:10.005   512  2967 D audio_hw_primary: out_set_parameters: enter: usecase(1: low-latency-playback) kvpairs: routing=2
08-04 00:17:10.009  4292  4358 D Gabe    : call	returning from cache
08-04 00:17:10.018   512  2967 D audio_hw_primary: select_devices: out_snd_device(2: speaker) in_snd_device(0: none)
08-04 00:17:10.018   512  2967 D msm8974_platform: platform_send_audio_calibration: sending audio calibration for snd_device(2) acdb_id(15)
08-04 00:17:10.018   512  2967 I soundtrigger: audio_extn_sound_trigger_update_device_status: device 0x2 of type 0 for Event 1
08-04 00:17:10.029  4292  4292 V MainActivity: url = https://project-travel-mate.herokuapp.com/api/number-of-unread-notifications
08-04 00:17:10.030   512  2967 D audio_hw_primary: enable_snd_device: snd_device(2: speaker)
08-04 00:17:10.032   512  2967 D audio_hw_primary: enable_audio_route: apply and update mixer path: low-latency-playback speaker
08-04 00:17:10.057  4292  4360 I art     : Explicit concurrent mark sweep GC freed 1031(52KB) AllocSpace objects, 0(0B) LOS objects, 7% free, 185MB/201MB, paused 2.080ms total 59.288ms
08-04 00:17:10.071   512  2967 D AudioFlinger: mixer(0xf4740000) throttle end: throttle time(12)
08-04 00:17:10.076  4292  4360 I art     : Starting a blocking GC Explicit
08-04 00:17:10.140  4292  4360 I art     : Explicit concurrent mark sweep GC freed 488(36KB) AllocSpace objects, 0(0B) LOS objects, 7% free, 185MB/201MB, paused 1.981ms total 64.006ms
08-04 00:17:10.529  4292  4304 I art     : Starting a blocking GC Explicit
08-04 00:17:10.554  4292  4292 I Choreographer: Skipped 31 frames!  The application may be doing too much work on its main thread.
08-04 00:17:10.558   512  2967 D audio_hw_primary: disable_audio_route: reset and update mixer path: low-latency-playback speaker
08-04 00:17:10.559   512  2967 D audio_hw_primary: disable_snd_device: snd_device(2: speaker)
08-04 00:17:10.567   512  2967 I soundtrigger: audio_extn_sound_trigger_update_device_status: device 0x2 of type 0 for Event 0
08-04 00:17:10.598  4292  4304 I art     : Explicit concurrent mark sweep GC freed 7693(405KB) AllocSpace objects, 14(504KB) LOS objects, 7% free, 186MB/202MB, paused 2.385ms total 68.874ms
08-04 00:17:10.606  4292  7542 I NAPPA_EXPERIMENTATION: MetricNetworkRequestExecutionTime: REQUEST_DURATION_SYSTEM='576',REQUEST_DURATION_OKHTTP='31',REQUEST_SYNCHRONOUS='FALSE',RESPONSE_CODE='200',RESPONSE_METHOD='GET',RESPONSE_LENGTH_OKHTTP='36',RESPONSE_LENGTH_HEADER='36',REQUEST_PROTOCOL='http/1.1',REQUEST_URL='https://project-travel-mate.herokuapp.com/api/number-of-unread-notifications',
08-04 00:17:10.618  4292  4304 I art     : Starting a blocking GC Explicit
08-04 00:17:10.684  4292  4304 I art     : Explicit concurrent mark sweep GC freed 2358(206KB) AllocSpace objects, 0(0B) LOS objects, 7% free, 186MB/202MB, paused 1.969ms total 66.306ms
08-04 00:17:10.705  4292  4304 I art     : Starting a blocking GC Explicit
08-04 00:17:10.778  4292  4304 I art     : Explicit concurrent mark sweep GC freed 1328(51KB) AllocSpace objects, 0(0B) LOS objects, 7% free, 186MB/202MB, paused 1.924ms total 72.260ms
08-04 00:17:10.799  4292  4304 I art     : Starting a blocking GC Explicit
08-04 00:17:10.862  4292  4304 I art     : Explicit concurrent mark sweep GC freed 209(6KB) AllocSpace objects, 0(0B) LOS objects, 7% free, 186MB/202MB, paused 1.407ms total 63.568ms
08-04 00:17:10.883  4292  4304 I art     : Starting a blocking GC Explicit
08-04 00:17:10.952  4292  4304 I art     : Explicit concurrent mark sweep GC freed 125(2144B) AllocSpace objects, 0(0B) LOS objects, 7% free, 186MB/202MB, paused 1.581ms total 68.744ms
08-04 00:17:11.365  4292  4305 I art     : Starting a blocking GC Explicit
08-04 00:17:11.436  4292  4305 I art     : Explicit concurrent mark sweep GC freed 2332(105KB) AllocSpace objects, 2(64KB) LOS objects, 7% free, 186MB/202MB, paused 1.478ms total 70.802ms
08-04 00:17:11.457  4292  4305 I art     : Starting a blocking GC Explicit
08-04 00:17:11.525  4292  4305 I art     : Explicit concurrent mark sweep GC freed 172(3KB) AllocSpace objects, 0(0B) LOS objects, 7% free, 186MB/202MB, paused 1.550ms total 67.968ms
08-04 00:17:11.546  4292  4305 I art     : Starting a blocking GC Explicit
08-04 00:17:11.616  4292  4305 I art     : Explicit concurrent mark sweep GC freed 123(2096B) AllocSpace objects, 0(0B) LOS objects, 7% free, 186MB/202MB, paused 1.522ms total 69.259ms
08-04 00:17:11.637  4292  4305 I art     : Starting a blocking GC Explicit
08-04 00:17:11.708  4292  4305 I art     : Explicit concurrent mark sweep GC freed 140(2496B) AllocSpace objects, 0(0B) LOS objects, 7% free, 186MB/202MB, paused 2.704ms total 71.027ms
08-04 00:17:11.729  4292  4305 I art     : Starting a blocking GC Explicit
08-04 00:17:11.796  4292  4305 I art     : Explicit concurrent mark sweep GC freed 147(2672B) AllocSpace objects, 0(0B) LOS objects, 7% free, 186MB/202MB, paused 1.457ms total 67.028ms
08-04 00:17:12.240  4292  5627 I art     : Starting a blocking GC Explicit
08-04 00:17:12.305  4292  5627 I art     : Explicit concurrent mark sweep GC freed 2370(105KB) AllocSpace objects, 2(64KB) LOS objects, 7% free, 186MB/202MB, paused 1.582ms total 64.051ms
08-04 00:17:12.325  4292  5627 I art     : Starting a blocking GC Explicit
08-04 00:17:12.391  4292  5627 I art     : Explicit concurrent mark sweep GC freed 170(3KB) AllocSpace objects, 0(0B) LOS objects, 7% free, 186MB/202MB, paused 1.680ms total 66.049ms
08-04 00:17:12.412  4292  5627 I art     : Starting a blocking GC Explicit
08-04 00:17:12.482  4292  5627 I art     : Explicit concurrent mark sweep GC freed 135(2304B) AllocSpace objects, 0(0B) LOS objects, 7% free, 186MB/202MB, paused 1.566ms total 69.505ms
08-04 00:17:12.502  4292  5627 I art     : Starting a blocking GC Explicit
08-04 00:17:12.573  4292  5627 I art     : Explicit concurrent mark sweep GC freed 123(2096B) AllocSpace objects, 0(0B) LOS objects, 7% free, 186MB/202MB, paused 1.590ms total 70.403ms
08-04 00:17:12.594  4292  5627 I art     : Starting a blocking GC Explicit
08-04 00:17:12.664  4292  5627 I art     : Explicit concurrent mark sweep GC freed 147(2496B) AllocSpace objects, 0(0B) LOS objects, 7% free, 186MB/202MB, paused 1.666ms total 70.316ms
08-04 00:17:12.831  7579  7579 D AndroidRuntime: >>>>>> START com.android.internal.os.RuntimeInit uid 2000 <<<<<<
08-04 00:17:12.837  7579  7579 D AndroidRuntime: CheckJNI is OFF
08-04 00:17:12.878  7579  7579 D ICU     : No timezone override file found: /data/misc/zoneinfo/current/icu/icu_tzdata.dat
08-04 00:17:12.920  7579  7579 I Radio-JNI: register_android_hardware_Radio DONE
08-04 00:17:12.949  7579  7579 D AndroidRuntime: Calling main entry com.android.commands.am.Am
08-04 00:17:12.957  8825  8825 I Trepn   : Trepn 6.2s: Received intent: com.quicinc.trepn.stop_profiling
08-04 00:17:12.982   918  3261 D WifiStateMachine: starting scan for "H369AA63323"WPA_PSK with 2412,5180
08-04 00:17:12.989  8825  8825 I Trepn   : Trepn 6.2s: Trepn has Stopped Profiling.
08-04 00:17:13.086  4292  4304 I art     : Starting a blocking GC Explicit
08-04 00:17:13.157  4292  4304 I art     : Explicit concurrent mark sweep GC freed 2283(103KB) AllocSpace objects, 2(64KB) LOS objects, 7% free, 186MB/202MB, paused 1.544ms total 70.392ms
08-04 00:17:13.178  4292  4304 I art     : Starting a blocking GC Explicit
08-04 00:17:13.191  7579  7579 D AndroidRuntime: Shutting down VM
08-04 00:17:13.195   918  6112 W AppOps  : Finishing op nesting under-run: uid 10078 pkg com.quicinc.trepn code 24 time=0 duration=0 nesting=0
08-04 00:17:13.243  4292  4304 I art     : Explicit concurrent mark sweep GC freed 209(4KB) AllocSpace objects, 0(0B) LOS objects, 7% free, 186MB/202MB, paused 1.544ms total 64.327ms
08-04 00:17:13.264  4292  4304 I art     : Starting a blocking GC Explicit
08-04 00:17:13.338  4292  4304 I art     : Explicit concurrent mark sweep GC freed 123(2096B) AllocSpace objects, 0(0B) LOS objects, 7% free, 186MB/202MB, paused 1.682ms total 73.789ms
08-04 00:17:13.359  4292  4304 I art     : Starting a blocking GC Explicit
08-04 00:17:13.434  4292  4304 I art     : Explicit concurrent mark sweep GC freed 158(3KB) AllocSpace objects, 0(0B) LOS objects, 7% free, 186MB/202MB, paused 1.539ms total 74.585ms
08-04 00:17:13.456  4292  4304 I art     : Starting a blocking GC Explicit
08-04 00:17:13.525  4292  4304 I art     : Explicit concurrent mark sweep GC freed 141(2768B) AllocSpace objects, 0(0B) LOS objects, 7% free, 186MB/202MB, paused 1.591ms total 68.386ms
