--------- beginning of main
08-04 11:18:35.308  2268  2268 I ServiceManager: Waiting for service AtCmdFwd...
08-04 11:18:35.944  9276  9276 D AndroidRuntime: >>>>>> START com.android.internal.os.RuntimeInit uid 2000 <<<<<<
08-04 11:18:35.951  9276  9276 D AndroidRuntime: CheckJNI is OFF
08-04 11:18:35.980  9276  9276 D ICU     : No timezone override file found: /data/misc/zoneinfo/current/icu/icu_tzdata.dat
08-04 11:18:36.010  9276  9276 I Radio-JNI: register_android_hardware_Radio DONE
08-04 11:18:36.026  9276  9276 D AndroidRuntime: Calling main entry com.android.commands.monkey.Monkey
--------- beginning of system
08-04 11:18:36.045   918   931 W BroadcastQueue: Skipping deliver [background] BroadcastRecord{de5f4f2 u-1 android.net.conn.CONNECTIVITY_CHANGE} to ReceiverList{b73743 9276 (unknown name)/2000/u-1 remote:5fc7a7}: process crashing
08-04 11:18:36.055   918   929 I ActivityManager: START u0 {act=android.intent.action.MAIN cat=[android.intent.category.LAUNCHER] flg=0x10200000 cmp=baseline.io.github.project_travel_mate/.SplashActivity} from uid 2000 on display 0
08-04 11:18:36.099   918  5952 I ActivityManager: Start proc 9285:baseline.io.github.project_travel_mate/u0a650 for activity baseline.io.github.project_travel_mate/.SplashActivity
08-04 11:18:36.102  9285  9285 I art     : Late-enabling -Xcheck:jni
08-04 11:18:36.127  9276  9276 I art     : System.exit called, status: 0
08-04 11:18:36.128  9276  9276 I AndroidRuntime: VM exiting with result code 0.
08-04 11:18:36.165  2075  2120 I PBSessionCacheImpl: Deleted sessionId[9127543042550561] from persistence.
08-04 11:18:36.176  2075  2107 W SearchServiceCore: Abort, client detached.
08-04 11:18:36.177  2075  2107 I MicroDetectionState: Should stop hotword detection immediately - true
08-04 11:18:36.254  9285  9285 W System  : ClassLoader referenced unknown path: /data/app/baseline.io.github.project_travel_mate-1/lib/arm64
08-04 11:18:36.308  2268  2268 W Atfwd_Sendcmd: AtCmdFwd service not published, waiting... retryCnt : 1
08-04 11:18:36.417  9285  9285 W art     : Before Android 4.1, method android.graphics.PorterDuffColorFilter androidx.vectordrawable.graphics.drawable.VectorDrawableCompat.updateTintFilter(android.graphics.PorterDuffColorFilter, android.content.res.ColorStateList, android.graphics.PorterDuff$Mode) would have incorrectly overridden the package-private method in android.graphics.drawable.Drawable
08-04 11:18:36.463  9285  9285 I art     : Rejecting re-init on previously-failed class java.lang.Class<androidx.core.view.ViewCompat$OnUnhandledKeyEventListenerWrapper>
08-04 11:18:36.464  9285  9285 I art     : Rejecting re-init on previously-failed class java.lang.Class<androidx.core.view.ViewCompat$OnUnhandledKeyEventListenerWrapper>
08-04 11:18:36.528  9285  9300 D OpenGLRenderer: Use EGL_SWAP_BEHAVIOR_PRESERVED: true
08-04 11:18:36.577  9285  9300 I Adreno  : QUALCOMM build                   : fcf4852, I1af360237c
08-04 11:18:36.577  9285  9300 I Adreno  : Build Date                       : 09/23/15
08-04 11:18:36.577  9285  9300 I Adreno  : OpenGL ES Shader Compiler Version: XE031.05.13.02
08-04 11:18:36.577  9285  9300 I Adreno  : Local Branch                     : mybranch14465806
08-04 11:18:36.577  9285  9300 I Adreno  : Remote Branch                    : quic/LA.BF64.1.2.9_v2
08-04 11:18:36.577  9285  9300 I Adreno  : Remote Branch                    : NONE
08-04 11:18:36.577  9285  9300 I Adreno  : Reconstruct Branch               : NOTHING
08-04 11:18:36.583  9285  9300 I OpenGLRenderer: Initialized EGL, version 1.4
08-04 11:18:36.709   918   936 I ActivityManager: Displayed baseline.io.github.project_travel_mate/.SplashActivity: +642ms
08-04 11:18:36.711 13866 13866 I GoogleInputMethodServic: GoogleInputMethodService.onFinishInput():3138 
08-04 11:18:36.712 13866 13866 I GoogleInputMethodServic: GoogleInputMethodService.onStartInput():1808 
08-04 11:18:37.676  9316  9316 D AndroidRuntime: >>>>>> START com.android.internal.os.RuntimeInit uid 2000 <<<<<<
08-04 11:18:37.680  9316  9316 D AndroidRuntime: CheckJNI is OFF
08-04 11:18:37.707  9316  9316 D ICU     : No timezone override file found: /data/misc/zoneinfo/current/icu/icu_tzdata.dat
08-04 11:18:37.732  9316  9316 I Radio-JNI: register_android_hardware_Radio DONE
08-04 11:18:37.747  9316  9316 D AndroidRuntime: Calling main entry com.android.commands.am.Am
08-04 11:18:37.755  2375  2375 I Trepn   : Trepn 6.2s: Received intent: com.quicinc.trepn.start_profiling
08-04 11:18:37.861  2375  2375 W FileUtils: Failed to chmod(/storage/emulated/0/trepn/Trepn_2020.08.04_111837.db): android.system.ErrnoException: chmod failed: EPERM (Operation not permitted)
08-04 11:18:37.961  2375  2375 I Trepn   : Trepn 6.2s: Trepn has Started Profiling.
08-04 11:18:37.962  9316  9316 D AndroidRuntime: Shutting down VM
08-04 11:18:38.426  9285  9297 I art     : Starting a blocking GC Explicit
08-04 11:18:38.439  9285  9297 I art     : Explicit concurrent mark sweep GC freed 3940(191KB) AllocSpace objects, 0(0B) LOS objects, 40% free, 20MB/34MB, paused 129us total 12.726ms
08-04 11:18:38.449  9285  9297 I art     : Starting a blocking GC Explicit
08-04 11:18:38.459  9285  9297 I art     : Explicit concurrent mark sweep GC freed 982(42KB) AllocSpace objects, 0(0B) LOS objects, 40% free, 20MB/34MB, paused 120us total 9.141ms
08-04 11:18:38.466  9285  9297 I art     : Starting a blocking GC Explicit
08-04 11:18:38.475  9285  9297 I art     : Explicit concurrent mark sweep GC freed 3(96B) AllocSpace objects, 0(0B) LOS objects, 40% free, 20MB/34MB, paused 122us total 8.721ms
08-04 11:18:38.482  9285  9297 I art     : Starting a blocking GC Explicit
08-04 11:18:38.503  9285  9297 I art     : Explicit concurrent mark sweep GC freed 3(96B) AllocSpace objects, 0(0B) LOS objects, 40% free, 20MB/34MB, paused 160us total 20.693ms
08-04 11:18:38.510  9285  9297 I art     : Starting a blocking GC Explicit
08-04 11:18:38.520  9285  9297 I art     : Explicit concurrent mark sweep GC freed 3(96B) AllocSpace objects, 0(0B) LOS objects, 40% free, 20MB/34MB, paused 131us total 10.159ms
08-04 11:18:38.628   918  4413 I ActivityManager: START u0 {cmp=baseline.io.github.project_travel_mate/.MainActivity} from uid 10650 on display 0
08-04 11:18:38.833  9285  9285 W Settings: Setting airplane_mode_on has moved from android.provider.Settings.System to android.provider.Settings.Global, returning read-only value.
08-04 11:18:38.850  9285  9285 V MainActivity: url=https://project-travel-mate.herokuapp.com/api/get-user
08-04 11:18:38.853  9285  9305 I art     : Starting a blocking GC Explicit
08-04 11:18:38.870  9285  9305 I art     : Explicit concurrent mark sweep GC freed 4981(561KB) AllocSpace objects, 2(40KB) LOS objects, 40% free, 22MB/37MB, paused 2.651ms total 17.049ms
08-04 11:18:38.879  9285  9305 I art     : Starting a blocking GC Explicit
08-04 11:18:38.901  9285  9305 I art     : Explicit concurrent mark sweep GC freed 3429(222KB) AllocSpace objects, 0(0B) LOS objects, 39% free, 22MB/37MB, paused 3.312ms total 22.248ms
08-04 11:18:38.902  9285  9366 W LOTTIE  : Unknown mask mode mode. Defaulting to Add.
08-04 11:18:38.909  9285  9305 I art     : Starting a blocking GC Explicit
08-04 11:18:38.911  9285  9366 W LOTTIE  : You have 5 images. Lottie should primarily be used with shapes. If you are using Adobe Illustrator, convert the Illustrator layers to shape layers.
08-04 11:18:38.913  9285  9366 W LOTTIE  : Unknown mask mode mode. Defaulting to Add.
08-04 11:18:38.914  9285  9366 W LOTTIE  : Unknown mask mode mode. Defaulting to Add.
08-04 11:18:38.926  9285  9305 I art     : Explicit concurrent mark sweep GC freed 7503(359KB) AllocSpace objects, 0(0B) LOS objects, 40% free, 23MB/38MB, paused 965us total 15.445ms
08-04 11:18:38.933  9285  9305 I art     : Starting a blocking GC Explicit
08-04 11:18:38.946  9285  9305 I art     : Explicit concurrent mark sweep GC freed 1462(90KB) AllocSpace objects, 0(0B) LOS objects, 40% free, 22MB/38MB, paused 669us total 12.325ms
08-04 11:18:38.953  9285  9305 I art     : Starting a blocking GC Explicit
08-04 11:18:38.957  9285  9285 V CityFragment: url=https://project-travel-mate.herokuapp.com/api/get-all-cities/10
08-04 11:18:38.967  9285  9305 I art     : Explicit concurrent mark sweep GC freed 528(26KB) AllocSpace objects, 0(0B) LOS objects, 40% free, 23MB/38MB, paused 1.002ms total 13.277ms
08-04 11:18:39.038  9285  9285 E RecyclerView: No adapter attached; skipping layout
08-04 11:18:39.175  9285  9285 V MainActivity: url = https://project-travel-mate.herokuapp.com/api/number-of-unread-notifications
08-04 11:18:39.175   918   936 I ActivityManager: Displayed baseline.io.github.project_travel_mate/.MainActivity: +537ms
08-04 11:18:39.188 13866 13866 I GoogleInputMethodServic: GoogleInputMethodService.onFinishInput():3138 
08-04 11:18:39.189 13866 13866 I GoogleInputMethodServic: GoogleInputMethodService.onStartInput():1808 
08-04 11:18:39.190  9285  9285 E RecyclerView: No adapter attached; skipping layout
08-04 11:18:39.232  9285  9305 I art     : Starting a blocking GC Explicit
08-04 11:18:39.250  9285  9305 I art     : Explicit concurrent mark sweep GC freed 7790(501KB) AllocSpace objects, 1(20KB) LOS objects, 36% free, 27MB/43MB, paused 279us total 17.748ms
08-04 11:18:39.258  9285  9305 I art     : Starting a blocking GC Explicit
08-04 11:18:39.272  9285  9305 I art     : Explicit concurrent mark sweep GC freed 465(24KB) AllocSpace objects, 0(0B) LOS objects, 36% free, 27MB/43MB, paused 236us total 13.912ms
08-04 11:18:39.283  9285  9305 I art     : Starting a blocking GC Explicit
08-04 11:18:39.296  9285  9305 I art     : Explicit concurrent mark sweep GC freed 58(1264B) AllocSpace objects, 0(0B) LOS objects, 36% free, 27MB/43MB, paused 207us total 12.913ms
08-04 11:18:39.304  9285  9305 I art     : Starting a blocking GC Explicit
08-04 11:18:39.317  9285  9305 I art     : Explicit concurrent mark sweep GC freed 512(23KB) AllocSpace objects, 0(0B) LOS objects, 36% free, 27MB/43MB, paused 380us total 13.067ms
08-04 11:18:39.325  9285  9305 I art     : Starting a blocking GC Explicit
08-04 11:18:39.339  9285  9305 I art     : Explicit concurrent mark sweep GC freed 1512(117KB) AllocSpace objects, 4(240KB) LOS objects, 36% free, 28MB/44MB, paused 396us total 14.122ms
08-04 11:18:39.414  9285  9370 I NAPPA_EXPERIMENTATION: MetricNetworkRequestExecutionTime: REQUEST_DURATION_SYSTEM='455',REQUEST_DURATION_OKHTTP='49',REQUEST_SYNCHRONOUS='FALSE',RESPONSE_CODE='200',RESPONSE_METHOD='GET',RESPONSE_LENGTH_OKHTTP='1588',RESPONSE_LENGTH_HEADER='1588',REQUEST_PROTOCOL='http/1.1',REQUEST_URL='https://project-travel-mate.herokuapp.com/api/get-all-cities/10',
08-04 11:18:39.417  9285  9365 I NAPPA_EXPERIMENTATION: MetricNetworkRequestExecutionTime: REQUEST_DURATION_SYSTEM='543',REQUEST_DURATION_OKHTTP='55',REQUEST_SYNCHRONOUS='FALSE',RESPONSE_CODE='200',RESPONSE_METHOD='GET',RESPONSE_LENGTH_OKHTTP='185',RESPONSE_LENGTH_HEADER='185',REQUEST_PROTOCOL='http/1.1',REQUEST_URL='https://project-travel-mate.herokuapp.com/api/get-user',
08-04 11:18:39.418  9285  9285 V CityFragment: result=[{"id":1,"city_name":"Delhi","facts_count":6,"image":"https://upload.wikimedia.org/wikipedia/commons/9/94/%E0%B4%96%E0%B5%81%E0%B4%A4%E0%B5%8D%E0%B4%AC%E0%B5%8D_%E0%B4%AE%E0%B4%BF%E0%B4%A8%E0%B4%BE%E0%B5%BC1.jpg","visit_count":18186},{"id":2,"city_name":"Mumbai","facts_count":0,"image":"https://static1.squarespace.com/static/55917ae2e4b0984fc8c264c4/t/5ad7a037758d464041bfba27/1524102624280/Victoria_Mumbai.jpg","visit_count":6022},{"id":3,"city_name":"Bangalore","facts_count":0,"image":null,"visit_count":5536},{"id":8,"city_name":"Pune","facts_count":0,"image":"https://www.zricks.com/ImagesPostProject/47929//6557d975-20a9-4c6c-a776-8072a1936a76.jpg","visit_count":3324},{"id":4,"city_name":"Chennai","facts_count":0,"image":"http://lh3.ggpht.com/_YLb7tJ8RoAk/SfazBLdgf3I/AAAAAAAANEg/p52_Zz_URxg/s640/Picture%20009.jpg","visit_count":3061},{"id":5,"city_name":"Kolkata","facts_count":0,"image":"https://i.pinimg.com/originals/05/ec/42/05ec42c545b494d12cc612923483b4f0.jpg","visit_count":2211},{"id":9,"city_name":"Jaipur","facts_count":1,"image":"https://www.trodly.com/pictures/attraction/1943.jpg","visit_count":2007},{"id":6,"city_name":"Hyderabad","facts_count":0,"image":"https://i1.trekearth.com/photos/59194/charminar_020_sm.jpg","visit_count":1633},{"id":150,"city_name":"Panjim","facts_count":0,"image":"http://www.nomad4ever.com/wp-content/uploads/2009/04/palm-trees-at-baga-creek-north-goa1.jpg","visit_count":1488},{"id":7,"city_name":"Ahmedabad","facts_count":0,"image":"https://i.pinimg.com/originals/a5/ed/29/a5ed293271669a61f47059f7b0d9cf2c.jpg","visit_count":1115}]
08-04 11:18:39.418   380   380 W SurfaceFlinger: couldn't log to binary event log: overflow.
08-04 11:18:39.455  9285  9285 D CityFragment: get cities cities size = 10
08-04 11:18:39.599  9285  9297 I art     : Starting a blocking GC Explicit
08-04 11:18:39.605  9285  9382 I NAPPA_EXPERIMENTATION: MetricNetworkRequestExecutionTime: REQUEST_DURATION_SYSTEM='430',REQUEST_DURATION_OKHTTP='41',REQUEST_SYNCHRONOUS='FALSE',RESPONSE_CODE='200',RESPONSE_METHOD='GET',RESPONSE_LENGTH_OKHTTP='36',RESPONSE_LENGTH_HEADER='36',REQUEST_PROTOCOL='http/1.1',REQUEST_URL='https://project-travel-mate.herokuapp.com/api/number-of-unread-notifications',
08-04 11:18:39.626  9285  9297 I art     : Explicit concurrent mark sweep GC freed 11922(780KB) AllocSpace objects, 7(400KB) LOS objects, 33% free, 31MB/47MB, paused 565us total 26.505ms
08-04 11:18:39.634  9285  9297 I art     : Starting a blocking GC Explicit
08-04 11:18:39.653  9285  9297 I art     : Explicit concurrent mark sweep GC freed 2978(332KB) AllocSpace objects, 1(20KB) LOS objects, 33% free, 32MB/48MB, paused 647us total 18.585ms
08-04 11:18:39.662  9285  9297 I art     : Starting a blocking GC Explicit
08-04 11:18:39.679  9285  9297 I art     : Explicit concurrent mark sweep GC freed 4736(263KB) AllocSpace objects, 3(156KB) LOS objects, 32% free, 32MB/48MB, paused 656us total 17.804ms
08-04 11:18:39.688  9285  9297 I art     : Starting a blocking GC Explicit
08-04 11:18:39.705  9285  9297 I art     : Explicit concurrent mark sweep GC freed 1815(161KB) AllocSpace objects, 3(168KB) LOS objects, 33% free, 32MB/48MB, paused 504us total 16.826ms
08-04 11:18:39.713  9285  9297 I art     : Starting a blocking GC Explicit
08-04 11:18:39.730  9285  9297 I art     : Explicit concurrent mark sweep GC freed 622(33KB) AllocSpace objects, 0(0B) LOS objects, 33% free, 32MB/48MB, paused 783us total 17.172ms
08-04 11:18:40.002  9285  9297 I art     : Starting a blocking GC Explicit
08-04 11:18:40.025  9285  9297 I art     : Explicit concurrent mark sweep GC freed 11567(1446KB) AllocSpace objects, 13(4MB) LOS objects, 33% free, 31MB/47MB, paused 694us total 23.440ms
08-04 11:18:40.035  9285  9297 I art     : Starting a blocking GC Explicit
08-04 11:18:40.056  9285  9297 I art     : Explicit concurrent mark sweep GC freed 1486(80KB) AllocSpace objects, 3(1292KB) LOS objects, 34% free, 30MB/46MB, paused 292us total 20.737ms
08-04 11:18:40.064  9285  9297 I art     : Starting a blocking GC Explicit
08-04 11:18:40.080  9285  9297 I art     : Explicit concurrent mark sweep GC freed 10492(371KB) AllocSpace objects, 0(0B) LOS objects, 34% free, 30MB/46MB, paused 293us total 15.641ms
08-04 11:18:40.088  9285  9297 I art     : Starting a blocking GC Explicit
08-04 11:18:40.104  9285  9297 I art     : Explicit concurrent mark sweep GC freed 515(16KB) AllocSpace objects, 0(0B) LOS objects, 34% free, 30MB/46MB, paused 276us total 16.427ms
08-04 11:18:40.113  9285  9297 I art     : Starting a blocking GC Explicit
08-04 11:18:40.128  9285  9297 I art     : Explicit concurrent mark sweep GC freed 446(72KB) AllocSpace objects, 0(0B) LOS objects, 34% free, 30MB/46MB, paused 263us total 15.567ms
08-04 11:18:40.431  9285  9297 I art     : Starting a blocking GC Explicit
08-04 11:18:40.452  9285  9297 I art     : Explicit concurrent mark sweep GC freed 6482(650KB) AllocSpace objects, 15(1676KB) LOS objects, 32% free, 32MB/48MB, paused 266us total 20.085ms
08-04 11:18:40.462  9285  9297 I art     : Starting a blocking GC Explicit
08-04 11:18:40.481  9285  9297 I art     : Explicit concurrent mark sweep GC freed 649(27KB) AllocSpace objects, 0(0B) LOS objects, 32% free, 32MB/48MB, paused 274us total 18.901ms
08-04 11:18:40.490  9285  9297 I art     : Starting a blocking GC Explicit
08-04 11:18:40.505  9285  9297 I art     : Explicit concurrent mark sweep GC freed 61(1616B) AllocSpace objects, 0(0B) LOS objects, 32% free, 32MB/48MB, paused 215us total 15.465ms
08-04 11:18:40.513  9285  9297 I art     : Starting a blocking GC Explicit
08-04 11:18:40.530  9285  9297 I art     : Explicit concurrent mark sweep GC freed 27(496B) AllocSpace objects, 0(0B) LOS objects, 32% free, 32MB/48MB, paused 239us total 16.356ms
08-04 11:18:40.538  9285  9297 I art     : Starting a blocking GC Explicit
08-04 11:18:40.554  9285  9297 I art     : Explicit concurrent mark sweep GC freed 51(896B) AllocSpace objects, 0(0B) LOS objects, 32% free, 32MB/48MB, paused 362us total 15.676ms
08-04 11:18:40.894  9285  9305 I art     : Starting a blocking GC Explicit
08-04 11:18:40.913  9285  9305 I art     : Explicit concurrent mark sweep GC freed 1978(93KB) AllocSpace objects, 2(40KB) LOS objects, 32% free, 32MB/48MB, paused 253us total 18.755ms
08-04 11:18:40.922  9285  9305 I art     : Starting a blocking GC Explicit
08-04 11:18:40.940  9285  9305 I art     : Explicit concurrent mark sweep GC freed 70(1584B) AllocSpace objects, 0(0B) LOS objects, 32% free, 32MB/48MB, paused 251us total 17.512ms
08-04 11:18:40.949  9285  9305 I art     : Starting a blocking GC Explicit
08-04 11:18:40.967  9285  9305 I art     : Explicit concurrent mark sweep GC freed 27(496B) AllocSpace objects, 0(0B) LOS objects, 32% free, 32MB/48MB, paused 292us total 17.806ms
08-04 11:18:40.976  9285  9305 I art     : Starting a blocking GC Explicit
08-04 11:18:40.994  9285  9305 I art     : Explicit concurrent mark sweep GC freed 51(896B) AllocSpace objects, 0(0B) LOS objects, 32% free, 32MB/48MB, paused 250us total 17.636ms
08-04 11:18:41.003  9285  9305 I art     : Starting a blocking GC Explicit
08-04 11:18:41.021  9285  9305 I art     : Explicit concurrent mark sweep GC freed 32(560B) AllocSpace objects, 0(0B) LOS objects, 32% free, 32MB/48MB, paused 367us total 18ms
08-04 11:18:41.309  2268  2268 I ServiceManager: Waiting for service AtCmdFwd...
08-04 11:18:41.381  9285  9296 I art     : Starting a blocking GC Explicit
08-04 11:18:41.401  9285  9296 I art     : Explicit concurrent mark sweep GC freed 1970(91KB) AllocSpace objects, 2(40KB) LOS objects, 32% free, 32MB/48MB, paused 266us total 20.033ms
08-04 11:18:41.412  9285  9296 I art     : Starting a blocking GC Explicit
08-04 11:18:41.430  9285  9296 I art     : Explicit concurrent mark sweep GC freed 70(1584B) AllocSpace objects, 0(0B) LOS objects, 32% free, 32MB/48MB, paused 263us total 17.282ms
08-04 11:18:41.439  9285  9296 I art     : Starting a blocking GC Explicit
08-04 11:18:41.457  9285  9296 I art     : Explicit concurrent mark sweep GC freed 40(688B) AllocSpace objects, 0(0B) LOS objects, 32% free, 32MB/48MB, paused 371us total 17.578ms
08-04 11:18:41.466  9285  9296 I art     : Starting a blocking GC Explicit
08-04 11:18:41.483  9285  9296 I art     : Explicit concurrent mark sweep GC freed 38(704B) AllocSpace objects, 0(0B) LOS objects, 32% free, 32MB/48MB, paused 257us total 17.265ms
08-04 11:18:41.492  9285  9296 I art     : Starting a blocking GC Explicit
08-04 11:18:41.510  9285  9296 I art     : Explicit concurrent mark sweep GC freed 51(896B) AllocSpace objects, 0(0B) LOS objects, 32% free, 32MB/48MB, paused 264us total 17.715ms
08-04 11:18:41.714 13866 13882 I PeriodicStatsRunner: PeriodicStatsRunner.call():175 call()
08-04 11:18:41.714 13866 13882 I PeriodicStatsRunner: PeriodicStatsRunner.call():179 No submit PeriodicStats since input started.
08-04 11:18:41.872  9285  9297 I art     : Starting a blocking GC Explicit
08-04 11:18:41.892  9285  9297 I art     : Explicit concurrent mark sweep GC freed 1977(92KB) AllocSpace objects, 2(40KB) LOS objects, 32% free, 32MB/48MB, paused 256us total 19.392ms
08-04 11:18:41.903  9285  9297 I art     : Starting a blocking GC Explicit
08-04 11:18:41.919  9285  9297 I art     : Explicit concurrent mark sweep GC freed 46(1184B) AllocSpace objects, 0(0B) LOS objects, 32% free, 32MB/48MB, paused 234us total 16.450ms
08-04 11:18:41.928  9285  9297 I art     : Starting a blocking GC Explicit
08-04 11:18:41.943  9285  9297 I art     : Explicit concurrent mark sweep GC freed 51(896B) AllocSpace objects, 0(0B) LOS objects, 32% free, 32MB/48MB, paused 216us total 14.620ms
08-04 11:18:41.951  9285  9297 I art     : Starting a blocking GC Explicit
08-04 11:18:41.966  9285  9297 I art     : Explicit concurrent mark sweep GC freed 27(496B) AllocSpace objects, 0(0B) LOS objects, 32% free, 32MB/48MB, paused 211us total 15.305ms
08-04 11:18:41.974  9285  9297 I art     : Starting a blocking GC Explicit
08-04 11:18:41.988  9285  9297 I art     : Explicit concurrent mark sweep GC freed 34(608B) AllocSpace objects, 0(0B) LOS objects, 32% free, 32MB/48MB, paused 246us total 13.997ms
08-04 11:18:42.291  9285  9305 I art     : Starting a blocking GC Explicit
08-04 11:18:42.308  9285  9305 I art     : Explicit concurrent mark sweep GC freed 1898(90KB) AllocSpace objects, 2(40KB) LOS objects, 32% free, 32MB/48MB, paused 246us total 17.213ms
08-04 11:18:42.309  2268  2268 I ServiceManager: Waiting for service AtCmdFwd...
08-04 11:18:42.317  9285  9305 I art     : Starting a blocking GC Explicit
08-04 11:18:42.334  9285  9305 I art     : Explicit concurrent mark sweep GC freed 46(1184B) AllocSpace objects, 0(0B) LOS objects, 32% free, 32MB/48MB, paused 248us total 17.261ms
08-04 11:18:42.343  9285  9305 I art     : Starting a blocking GC Explicit
08-04 11:18:42.360  9285  9305 I art     : Explicit concurrent mark sweep GC freed 51(896B) AllocSpace objects, 0(0B) LOS objects, 32% free, 32MB/48MB, paused 229us total 16.558ms
08-04 11:18:42.369  9285  9305 I art     : Starting a blocking GC Explicit
08-04 11:18:42.386  9285  9305 I art     : Explicit concurrent mark sweep GC freed 27(496B) AllocSpace objects, 0(0B) LOS objects, 32% free, 32MB/48MB, paused 240us total 17.060ms
08-04 11:18:42.395  9285  9305 I art     : Starting a blocking GC Explicit
08-04 11:18:42.412  9285  9305 I art     : Explicit concurrent mark sweep GC freed 51(896B) AllocSpace objects, 0(0B) LOS objects, 32% free, 32MB/48MB, paused 252us total 16.860ms
08-04 11:18:42.756  9285  9296 I art     : Starting a blocking GC Explicit
08-04 11:18:42.774  9285  9296 I art     : Explicit concurrent mark sweep GC freed 1951(91KB) AllocSpace objects, 2(40KB) LOS objects, 32% free, 32MB/48MB, paused 246us total 18.256ms
08-04 11:18:42.784  9285  9296 I art     : Starting a blocking GC Explicit
08-04 11:18:42.800  9285  9296 I art     : Explicit concurrent mark sweep GC freed 47(1216B) AllocSpace objects, 0(0B) LOS objects, 32% free, 32MB/48MB, paused 248us total 16.409ms
08-04 11:18:42.809  9285  9296 I art     : Starting a blocking GC Explicit
08-04 11:18:42.824  9285  9296 I art     : Explicit concurrent mark sweep GC freed 51(896B) AllocSpace objects, 0(0B) LOS objects, 32% free, 32MB/48MB, paused 234us total 15.449ms
08-04 11:18:42.833  9285  9296 I art     : Starting a blocking GC Explicit
08-04 11:18:42.848  9285  9296 I art     : Explicit concurrent mark sweep GC freed 27(496B) AllocSpace objects, 0(0B) LOS objects, 32% free, 32MB/48MB, paused 255us total 14.930ms
08-04 11:18:42.856  9285  9296 I art     : Starting a blocking GC Explicit
08-04 11:18:42.872  9285  9296 I art     : Explicit concurrent mark sweep GC freed 26(464B) AllocSpace objects, 0(0B) LOS objects, 32% free, 32MB/48MB, paused 302us total 16.076ms
08-04 11:18:43.221  9285  9297 I art     : Starting a blocking GC Explicit
08-04 11:18:43.241  9285  9297 I art     : Explicit concurrent mark sweep GC freed 1977(92KB) AllocSpace objects, 2(40KB) LOS objects, 32% free, 32MB/48MB, paused 260us total 20.067ms
08-04 11:18:43.255  9285  9297 I art     : Starting a blocking GC Explicit
08-04 11:18:43.271  9285  9297 I art     : Explicit concurrent mark sweep GC freed 47(1216B) AllocSpace objects, 0(0B) LOS objects, 32% free, 32MB/48MB, paused 230us total 16.128ms
08-04 11:18:43.279  9285  9297 I art     : Starting a blocking GC Explicit
08-04 11:18:43.296  9285  9297 I art     : Explicit concurrent mark sweep GC freed 51(896B) AllocSpace objects, 0(0B) LOS objects, 32% free, 32MB/48MB, paused 242us total 16.499ms
08-04 11:18:43.304  9285  9297 I art     : Starting a blocking GC Explicit
08-04 11:18:43.310  2268  2268 I ServiceManager: Waiting for service AtCmdFwd...
08-04 11:18:43.321  9285  9297 I art     : Explicit concurrent mark sweep GC freed 27(496B) AllocSpace objects, 0(0B) LOS objects, 32% free, 32MB/48MB, paused 246us total 16.805ms
08-04 11:18:43.330  9285  9297 I art     : Starting a blocking GC Explicit
08-04 11:18:43.347  9285  9297 I art     : Explicit concurrent mark sweep GC freed 51(896B) AllocSpace objects, 0(0B) LOS objects, 32% free, 32MB/48MB, paused 356us total 16.700ms
08-04 11:18:43.691  9285  9305 I art     : Starting a blocking GC Explicit
08-04 11:18:43.711  9285  9305 I art     : Explicit concurrent mark sweep GC freed 1951(91KB) AllocSpace objects, 2(40KB) LOS objects, 32% free, 32MB/48MB, paused 259us total 20.026ms
08-04 11:18:43.724  9285  9305 I art     : Starting a blocking GC Explicit
08-04 11:18:43.741  9285  9305 I art     : Explicit concurrent mark sweep GC freed 49(1232B) AllocSpace objects, 0(0B) LOS objects, 32% free, 32MB/48MB, paused 271us total 17.046ms
08-04 11:18:43.750  9285  9305 I art     : Starting a blocking GC Explicit
08-04 11:18:43.766  9285  9305 I art     : Explicit concurrent mark sweep GC freed 49(880B) AllocSpace objects, 0(0B) LOS objects, 32% free, 32MB/48MB, paused 237us total 16.118ms
08-04 11:18:43.775  9285  9305 I art     : Starting a blocking GC Explicit
08-04 11:18:43.792  9285  9305 I art     : Explicit concurrent mark sweep GC freed 36(624B) AllocSpace objects, 0(0B) LOS objects, 32% free, 32MB/48MB, paused 275us total 17.269ms
08-04 11:18:43.801  9285  9305 I art     : Starting a blocking GC Explicit
08-04 11:18:43.818  9285  9305 I art     : Explicit concurrent mark sweep GC freed 42(768B) AllocSpace objects, 0(0B) LOS objects, 32% free, 32MB/48MB, paused 372us total 17.202ms
08-04 11:18:44.158  9285  9296 I art     : Starting a blocking GC Explicit
08-04 11:18:44.178  9285  9296 I art     : Explicit concurrent mark sweep GC freed 1933(91KB) AllocSpace objects, 2(40KB) LOS objects, 32% free, 32MB/48MB, paused 436us total 19.568ms
08-04 11:18:44.189 13866 13882 I PeriodicStatsRunner: PeriodicStatsRunner.call():175 call()
08-04 11:18:44.189  9285  9296 I art     : Starting a blocking GC Explicit
08-04 11:18:44.189 13866 13882 I PeriodicStatsRunner: PeriodicStatsRunner.call():179 No submit PeriodicStats since input started.
08-04 11:18:44.206  9285  9296 I art     : Explicit concurrent mark sweep GC freed 65(1520B) AllocSpace objects, 0(0B) LOS objects, 32% free, 32MB/48MB, paused 245us total 17.386ms
08-04 11:18:44.215  9285  9296 I art     : Starting a blocking GC Explicit
08-04 11:18:44.232  9285  9296 I art     : Explicit concurrent mark sweep GC freed 51(896B) AllocSpace objects, 0(0B) LOS objects, 32% free, 32MB/48MB, paused 239us total 16.621ms
08-04 11:18:44.241  9285  9296 I art     : Starting a blocking GC Explicit
08-04 11:18:44.259  9285  9296 I art     : Explicit concurrent mark sweep GC freed 30(528B) AllocSpace objects, 0(0B) LOS objects, 32% free, 32MB/48MB, paused 283us total 17.713ms
08-04 11:18:44.267  9285  9296 I art     : Starting a blocking GC Explicit
08-04 11:18:44.285  9285  9296 I art     : Explicit concurrent mark sweep GC freed 48(864B) AllocSpace objects, 0(0B) LOS objects, 32% free, 32MB/48MB, paused 260us total 17.045ms
08-04 11:18:44.310  2268  2268 I ServiceManager: Waiting for service AtCmdFwd...
08-04 11:18:44.640  9285  9297 I art     : Starting a blocking GC Explicit
08-04 11:18:44.661  9285  9297 I art     : Explicit concurrent mark sweep GC freed 1965(91KB) AllocSpace objects, 2(40KB) LOS objects, 32% free, 32MB/48MB, paused 270us total 20.079ms
08-04 11:18:44.673  9285  9297 I art     : Starting a blocking GC Explicit
08-04 11:18:44.690  9285  9297 I art     : Explicit concurrent mark sweep GC freed 57(1376B) AllocSpace objects, 0(0B) LOS objects, 32% free, 32MB/48MB, paused 244us total 16.838ms
08-04 11:18:44.699  9285  9297 I art     : Starting a blocking GC Explicit
08-04 11:18:44.715  9285  9297 I art     : Explicit concurrent mark sweep GC freed 51(896B) AllocSpace objects, 0(0B) LOS objects, 32% free, 32MB/48MB, paused 231us total 16.166ms
08-04 11:18:44.724  9285  9297 I art     : Starting a blocking GC Explicit
08-04 11:18:44.741  9285  9297 I art     : Explicit concurrent mark sweep GC freed 27(496B) AllocSpace objects, 0(0B) LOS objects, 32% free, 32MB/48MB, paused 226us total 16.743ms
08-04 11:18:44.749  9285  9297 I art     : Starting a blocking GC Explicit
08-04 11:18:44.766  9285  9297 I art     : Explicit concurrent mark sweep GC freed 51(896B) AllocSpace objects, 0(0B) LOS objects, 32% free, 32MB/48MB, paused 245us total 16.786ms
08-04 11:18:45.066  9285  9305 I art     : Starting a blocking GC Explicit
08-04 11:18:45.084  9285  9305 I art     : Explicit concurrent mark sweep GC freed 1880(90KB) AllocSpace objects, 2(40KB) LOS objects, 32% free, 32MB/48MB, paused 263us total 17.956ms
08-04 11:18:45.093  9285  9305 I art     : Starting a blocking GC Explicit
08-04 11:18:45.109  9285  9305 I art     : Explicit concurrent mark sweep GC freed 57(1360B) AllocSpace objects, 0(0B) LOS objects, 32% free, 32MB/48MB, paused 292us total 15.556ms
08-04 11:18:45.117  9285  9305 I art     : Starting a blocking GC Explicit
08-04 11:18:45.133  9285  9305 I art     : Explicit concurrent mark sweep GC freed 40(720B) AllocSpace objects, 0(0B) LOS objects, 32% free, 32MB/48MB, paused 242us total 15.393ms
08-04 11:18:45.141  9285  9305 I art     : Starting a blocking GC Explicit
08-04 11:18:45.158  9285  9305 I art     : Explicit concurrent mark sweep GC freed 27(496B) AllocSpace objects, 0(0B) LOS objects, 32% free, 32MB/48MB, paused 246us total 16.533ms
08-04 11:18:45.166  9285  9305 I art     : Starting a blocking GC Explicit
08-04 11:18:45.183  9285  9305 I art     : Explicit concurrent mark sweep GC freed 51(896B) AllocSpace objects, 0(0B) LOS objects, 32% free, 32MB/48MB, paused 249us total 16.342ms
08-04 11:18:45.252  9527  9527 D AndroidRuntime: >>>>>> START com.android.internal.os.RuntimeInit uid 2000 <<<<<<
08-04 11:18:45.287  9527  9527 D AndroidRuntime: CheckJNI is OFF
08-04 11:18:45.311  2268  2268 I ServiceManager: Waiting for service AtCmdFwd...
08-04 11:18:45.327  9527  9527 D ICU     : No timezone override file found: /data/misc/zoneinfo/current/icu/icu_tzdata.dat
08-04 11:18:45.353  9527  9527 I Radio-JNI: register_android_hardware_Radio DONE
08-04 11:18:45.368  9527  9527 D AndroidRuntime: Calling main entry com.android.commands.input.Input
08-04 11:18:45.370  9527  9527 I Input   : injectMotionEvent: MotionEvent { action=ACTION_DOWN, actionButton=0, id[0]=0, x[0]=346.0, y[0]=709.0, toolType[0]=TOOL_TYPE_UNKNOWN, buttonState=0, metaState=0, flags=0x0, edgeFlags=0x0, pointerCount=1, historySize=0, eventTime=703141783, downTime=703141783, deviceId=0, source=0x1002 }
08-04 11:18:45.374  9527  9527 I Input   : injectMotionEvent: MotionEvent { action=ACTION_UP, actionButton=0, id[0]=0, x[0]=346.0, y[0]=709.0, toolType[0]=TOOL_TYPE_UNKNOWN, buttonState=0, metaState=0, flags=0x0, edgeFlags=0x0, pointerCount=1, historySize=0, eventTime=703141783, downTime=703141783, deviceId=0, source=0x1002 }
08-04 11:18:45.388   918  5952 I ActivityManager: START u0 {cmp=baseline.io.github.project_travel_mate/.destinations.description.FinalCityInfoActivity (has extras)} from uid 10650 on display 0
08-04 11:18:45.394  9527  9527 D AndroidRuntime: Shutting down VM
08-04 11:18:45.411  9285  9366 D Gabe    : call	returning from cache
08-04 11:18:45.437  9285  9285 V EXECUTING: https://project-travel-mate.herokuapp.com/api/get-city-weather/1
08-04 11:18:45.462  9285  9296 I art     : Starting a blocking GC Explicit
08-04 11:18:45.481  9285  9296 I art     : Explicit concurrent mark sweep GC freed 8674(563KB) AllocSpace objects, 2(40KB) LOS objects, 32% free, 33MB/49MB, paused 333us total 19.035ms
08-04 11:18:45.490  9285  9296 I art     : Starting a blocking GC Explicit
08-04 11:18:45.513  9285  9296 I art     : Explicit concurrent mark sweep GC freed 1295(57KB) AllocSpace objects, 0(0B) LOS objects, 29% free, 37MB/53MB, paused 710us total 22.307ms
08-04 11:18:45.523  9285  9296 I art     : Starting a blocking GC Explicit
08-04 11:18:45.543  9285  9296 I art     : Explicit concurrent mark sweep GC freed 42(1888B) AllocSpace objects, 0(0B) LOS objects, 29% free, 37MB/53MB, paused 570us total 20.354ms
08-04 11:18:45.553  9285  9296 I art     : Starting a blocking GC Explicit
08-04 11:18:45.570   918   936 I ActivityManager: Displayed baseline.io.github.project_travel_mate/.destinations.description.FinalCityInfoActivity: +176ms
08-04 11:18:45.571 13866 13866 I GoogleInputMethodServic: GoogleInputMethodService.onFinishInput():3138 
08-04 11:18:45.571 13866 13866 I GoogleInputMethodServic: GoogleInputMethodService.onStartInput():1808 
08-04 11:18:45.576  9285  9296 I art     : Explicit concurrent mark sweep GC freed 45(1344B) AllocSpace objects, 0(0B) LOS objects, 29% free, 37MB/53MB, paused 554us total 23.390ms
08-04 11:18:45.586  9285  9296 I art     : Starting a blocking GC Explicit
08-04 11:18:45.608  9285  9296 I art     : Explicit concurrent mark sweep GC freed 106(2224B) AllocSpace objects, 0(0B) LOS objects, 29% free, 37MB/53MB, paused 524us total 22.167ms
08-04 11:18:45.827   380   380 W SurfaceFlinger: couldn't log to binary event log: overflow.
08-04 11:18:45.889  9285  9563 I art     : Starting a blocking GC Explicit
08-04 11:18:45.908  9285  9563 I art     : Explicit concurrent mark sweep GC freed 3730(188KB) AllocSpace objects, 2(40KB) LOS objects, 29% free, 37MB/53MB, paused 433us total 18.678ms
08-04 11:18:45.918  9285  9563 I art     : Starting a blocking GC Explicit
08-04 11:18:45.936  9285  9563 I art     : Explicit concurrent mark sweep GC freed 3887(212KB) AllocSpace objects, 3(200KB) LOS objects, 29% free, 37MB/53MB, paused 289us total 17.357ms
08-04 11:18:45.945  9285  9563 I art     : Starting a blocking GC Explicit
08-04 11:18:45.966  9285  9563 I art     : Explicit concurrent mark sweep GC freed 315(24KB) AllocSpace objects, 0(0B) LOS objects, 29% free, 37MB/53MB, paused 522us total 21.424ms
08-04 11:18:45.974  9285  9561 I NAPPA_EXPERIMENTATION: MetricNetworkRequestExecutionTime: REQUEST_DURATION_SYSTEM='537',REQUEST_DURATION_OKHTTP='49',REQUEST_SYNCHRONOUS='FALSE',RESPONSE_CODE='200',RESPONSE_METHOD='GET',RESPONSE_LENGTH_OKHTTP='238',RESPONSE_LENGTH_HEADER='238',REQUEST_PROTOCOL='http/1.1',REQUEST_URL='https://project-travel-mate.herokuapp.com/api/get-city-weather/1',
08-04 11:18:45.976  9285  9563 I art     : Starting a blocking GC Explicit
08-04 11:18:45.980  9285  9562 I NAPPA_EXPERIMENTATION: MetricNetworkRequestExecutionTime: REQUEST_DURATION_SYSTEM='542',REQUEST_DURATION_OKHTTP='55',REQUEST_SYNCHRONOUS='FALSE',RESPONSE_CODE='200',RESPONSE_METHOD='GET',RESPONSE_LENGTH_OKHTTP='530',RESPONSE_LENGTH_HEADER='530',REQUEST_PROTOCOL='http/1.1',REQUEST_URL='https://project-travel-mate.herokuapp.com/api/get-city/1',
08-04 11:18:45.997  9285  9563 I art     : Explicit concurrent mark sweep GC freed 249(22KB) AllocSpace objects, 0(0B) LOS objects, 29% free, 37MB/53MB, paused 467us total 20.399ms
08-04 11:18:46.006  9285  9563 I art     : Starting a blocking GC Explicit
08-04 11:18:46.018  9285  9562 V Response: {"id":1,"city_name":"Delhi","description":"Delhi, officially the National Capital Territory of Delhi, is the Capital territory of India. During the British Raj, Delhi was part of the province of Punjab and is still historically and culturally connected to the Punjab region.","latitude":"28.613900","longitude":"77.209000","facts_count":6,"images":["https://upload.wikimedia.org/wikipedia/commons/9/94/%E0%B4%96%E0%B5%81%E0%B4%A4%E0%B5%8D%E0%B4%AC%E0%B5%8D_%E0%B4%AE%E0%B4%BF%E0%B4%A8%E0%B4%BE%E0%B5%BC1.jpg"],"has_visited":false}
08-04 11:18:46.027  9285  9563 I art     : Explicit concurrent mark sweep GC freed 351(17KB) AllocSpace objects, 0(0B) LOS objects, 29% free, 37MB/53MB, paused 434us total 21.171ms
08-04 11:18:46.172  2075  2107 I WorkerManager: dispose()
08-04 11:18:46.173  2075  2107 W ThreadPoolDumper: Queue length for executor EventBus is now 11. Perhaps some tasks are too long, or the pool is too small.
08-04 11:18:46.296  9285  9563 I art     : Starting a blocking GC Explicit
08-04 11:18:46.311  2268  2268 W Atfwd_Sendcmd: AtCmdFwd service not published, waiting... retryCnt : 2
08-04 11:18:46.321  9285  9563 I art     : Explicit concurrent mark sweep GC freed 4786(352KB) AllocSpace objects, 11(5MB) LOS objects, 29% free, 38MB/54MB, paused 302us total 24.560ms
08-04 11:18:46.338  9285  9563 I art     : Starting a blocking GC Explicit
08-04 11:18:46.356  9285  9563 I art     : Explicit concurrent mark sweep GC freed 282(9KB) AllocSpace objects, 0(0B) LOS objects, 29% free, 38MB/54MB, paused 322us total 17.773ms
08-04 11:18:46.364  9285  9563 I art     : Starting a blocking GC Explicit
08-04 11:18:46.382  9285  9563 I art     : Explicit concurrent mark sweep GC freed 5(240B) AllocSpace objects, 0(0B) LOS objects, 29% free, 38MB/54MB, paused 329us total 18.197ms
08-04 11:18:46.391  9285  9563 I art     : Starting a blocking GC Explicit
08-04 11:18:46.409  9285  9563 I art     : Explicit concurrent mark sweep GC freed 99(1696B) AllocSpace objects, 0(0B) LOS objects, 29% free, 38MB/54MB, paused 270us total 17.812ms
08-04 11:18:46.418  9285  9563 I art     : Starting a blocking GC Explicit
08-04 11:18:46.435  9285  9563 I art     : Explicit concurrent mark sweep GC freed 99(1696B) AllocSpace objects, 0(0B) LOS objects, 29% free, 38MB/54MB, paused 264us total 17.371ms
08-04 11:18:46.808  9285  9296 I art     : Starting a blocking GC Explicit
08-04 11:18:46.828  9285  9296 I art     : Explicit concurrent mark sweep GC freed 2590(102KB) AllocSpace objects, 2(40KB) LOS objects, 29% free, 38MB/54MB, paused 392us total 19.849ms
08-04 11:18:46.837  9285  9296 I art     : Starting a blocking GC Explicit
08-04 11:18:46.857  9285  9296 I art     : Explicit concurrent mark sweep GC freed 94(2384B) AllocSpace objects, 0(0B) LOS objects, 29% free, 38MB/54MB, paused 300us total 19.292ms
08-04 11:18:46.866  9285  9296 I art     : Starting a blocking GC Explicit
08-04 11:18:46.885  9285  9296 I art     : Explicit concurrent mark sweep GC freed 99(1696B) AllocSpace objects, 0(0B) LOS objects, 29% free, 38MB/54MB, paused 283us total 19.188ms
08-04 11:18:46.894  9285  9296 I art     : Starting a blocking GC Explicit
08-04 11:18:46.914  9285  9296 I art     : Explicit concurrent mark sweep GC freed 98(1664B) AllocSpace objects, 0(0B) LOS objects, 29% free, 38MB/54MB, paused 286us total 19.891ms
08-04 11:18:46.914  9285  9295 I art     : WaitForGcToComplete blocked for 20.107ms for cause HeapTrim
08-04 11:18:46.924  9285  9296 I art     : Starting a blocking GC Explicit
08-04 11:18:46.944  9285  9296 I art     : Explicit concurrent mark sweep GC freed 52(928B) AllocSpace objects, 0(0B) LOS objects, 29% free, 38MB/54MB, paused 370us total 20.020ms
08-04 11:18:47.284  9285  9563 I art     : Starting a blocking GC Explicit
08-04 11:18:47.307  9285  9563 I art     : Explicit concurrent mark sweep GC freed 2481(100KB) AllocSpace objects, 2(40KB) LOS objects, 29% free, 38MB/54MB, paused 270us total 22.786ms
08-04 11:18:47.316  9285  9563 I art     : Starting a blocking GC Explicit
08-04 11:18:47.337  9285  9563 I art     : Explicit concurrent mark sweep GC freed 118(2384B) AllocSpace objects, 0(0B) LOS objects, 29% free, 38MB/54MB, paused 288us total 20.497ms
08-04 11:18:47.346  9285  9563 I art     : Starting a blocking GC Explicit
08-04 11:18:47.366  9285  9563 I art     : Explicit concurrent mark sweep GC freed 99(1696B) AllocSpace objects, 0(0B) LOS objects, 29% free, 38MB/54MB, paused 281us total 19.909ms
08-04 11:18:47.375  9285  9563 I art     : Starting a blocking GC Explicit
08-04 11:18:47.396  9285  9563 I art     : Explicit concurrent mark sweep GC freed 72(1232B) AllocSpace objects, 0(0B) LOS objects, 29% free, 38MB/54MB, paused 353us total 19.926ms
08-04 11:18:47.405  9285  9563 I art     : Starting a blocking GC Explicit
08-04 11:18:47.424  9285  9563 I art     : Explicit concurrent mark sweep GC freed 78(1360B) AllocSpace objects, 0(0B) LOS objects, 29% free, 38MB/54MB, paused 279us total 19.490ms
08-04 11:18:47.765  9285  9305 I art     : Starting a blocking GC Explicit
08-04 11:18:47.787  9285  9305 I art     : Explicit concurrent mark sweep GC freed 2482(100KB) AllocSpace objects, 2(40KB) LOS objects, 29% free, 38MB/54MB, paused 298us total 21.912ms
08-04 11:18:47.796  9285  9305 I art     : Starting a blocking GC Explicit
08-04 11:18:47.817  9285  9305 I art     : Explicit concurrent mark sweep GC freed 118(2384B) AllocSpace objects, 0(0B) LOS objects, 29% free, 38MB/54MB, paused 376us total 20.530ms
08-04 11:18:47.826  9285  9305 I art     : Starting a blocking GC Explicit
08-04 11:18:47.846  9285  9305 I art     : Explicit concurrent mark sweep GC freed 75(1280B) AllocSpace objects, 0(0B) LOS objects, 29% free, 38MB/54MB, paused 363us total 19.994ms
08-04 11:18:47.855  9285  9305 I art     : Starting a blocking GC Explicit
08-04 11:18:47.875  9285  9305 I art     : Explicit concurrent mark sweep GC freed 75(1312B) AllocSpace objects, 0(0B) LOS objects, 29% free, 38MB/54MB, paused 277us total 19.737ms
08-04 11:18:47.885  9285  9305 I art     : Starting a blocking GC Explicit
08-04 11:18:47.905  9285  9305 I art     : Explicit concurrent mark sweep GC freed 99(1696B) AllocSpace objects, 0(0B) LOS objects, 29% free, 38MB/54MB, paused 301us total 20.256ms
08-04 11:18:48.258  9285  9297 I art     : Starting a blocking GC Explicit
08-04 11:18:48.278  9285  9297 I art     : Explicit concurrent mark sweep GC freed 2481(100KB) AllocSpace objects, 2(40KB) LOS objects, 29% free, 38MB/54MB, paused 279us total 20.404ms
08-04 11:18:48.287  9285  9297 I art     : Starting a blocking GC Explicit
08-04 11:18:48.308  9285  9297 I art     : Explicit concurrent mark sweep GC freed 119(2416B) AllocSpace objects, 0(0B) LOS objects, 29% free, 38MB/54MB, paused 286us total 20.240ms
08-04 11:18:48.317  9285  9297 I art     : Starting a blocking GC Explicit
08-04 11:18:48.338  9285  9297 I art     : Explicit concurrent mark sweep GC freed 99(1696B) AllocSpace objects, 0(0B) LOS objects, 29% free, 38MB/54MB, paused 295us total 20.339ms
08-04 11:18:48.347  9285  9297 I art     : Starting a blocking GC Explicit
08-04 11:18:48.367  9285  9297 I art     : Explicit concurrent mark sweep GC freed 99(1696B) AllocSpace objects, 0(0B) LOS objects, 29% free, 38MB/54MB, paused 270us total 20.330ms
08-04 11:18:48.376  9285  9297 I art     : Starting a blocking GC Explicit
08-04 11:18:48.396  9285  9297 I art     : Explicit concurrent mark sweep GC freed 51(896B) AllocSpace objects, 0(0B) LOS objects, 29% free, 38MB/54MB, paused 289us total 19.450ms
08-04 11:18:48.751  9285  9296 I art     : Starting a blocking GC Explicit
08-04 11:18:48.774  9285  9296 I art     : Explicit concurrent mark sweep GC freed 2530(101KB) AllocSpace objects, 2(40KB) LOS objects, 29% free, 38MB/54MB, paused 274us total 22.718ms
08-04 11:18:48.788  9285  9296 I art     : Starting a blocking GC Explicit
08-04 11:18:48.808  9285  9296 I art     : Explicit concurrent mark sweep GC freed 118(2384B) AllocSpace objects, 0(0B) LOS objects, 29% free, 38MB/54MB, paused 281us total 19.461ms
08-04 11:18:48.817  9285  9296 I art     : Starting a blocking GC Explicit
08-04 11:18:48.837  9285  9296 I art     : Explicit concurrent mark sweep GC freed 99(1696B) AllocSpace objects, 0(0B) LOS objects, 29% free, 38MB/54MB, paused 274us total 19.637ms
08-04 11:18:48.845  9285  9296 I art     : Starting a blocking GC Explicit
08-04 11:18:48.865  9285  9296 I art     : Explicit concurrent mark sweep GC freed 99(1696B) AllocSpace objects, 0(0B) LOS objects, 29% free, 38MB/54MB, paused 273us total 19.676ms
08-04 11:18:48.874  9285  9296 I art     : Starting a blocking GC Explicit
08-04 11:18:48.895  9285  9296 I art     : Explicit concurrent mark sweep GC freed 51(896B) AllocSpace objects, 0(0B) LOS objects, 29% free, 38MB/54MB, paused 280us total 20.030ms
08-04 11:18:49.244  9285  9563 I art     : Starting a blocking GC Explicit
08-04 11:18:49.267  9285  9563 I art     : Explicit concurrent mark sweep GC freed 2529(101KB) AllocSpace objects, 2(40KB) LOS objects, 29% free, 38MB/54MB, paused 300us total 23.209ms
08-04 11:18:49.278  9285  9563 I art     : Starting a blocking GC Explicit
08-04 11:18:49.298  9285  9563 I art     : Explicit concurrent mark sweep GC freed 94(1984B) AllocSpace objects, 0(0B) LOS objects, 29% free, 38MB/54MB, paused 357us total 19.651ms
08-04 11:18:49.307  9285  9563 I art     : Starting a blocking GC Explicit
08-04 11:18:49.327  9285  9563 I art     : Explicit concurrent mark sweep GC freed 76(1328B) AllocSpace objects, 0(0B) LOS objects, 29% free, 38MB/54MB, paused 320us total 19.187ms
08-04 11:18:49.335  9285  9563 I art     : Starting a blocking GC Explicit
08-04 11:18:49.355  9285  9563 I art     : Explicit concurrent mark sweep GC freed 99(1696B) AllocSpace objects, 0(0B) LOS objects, 29% free, 38MB/54MB, paused 270us total 19.644ms
08-04 11:18:49.364  9285  9563 I art     : Starting a blocking GC Explicit
08-04 11:18:49.385  9285  9563 I art     : Explicit concurrent mark sweep GC freed 98(1664B) AllocSpace objects, 0(0B) LOS objects, 29% free, 38MB/54MB, paused 296us total 20.524ms
08-04 11:18:49.735  9285  9297 I art     : Starting a blocking GC Explicit
08-04 11:18:49.757  9285  9297 I art     : Explicit concurrent mark sweep GC freed 2506(101KB) AllocSpace objects, 2(40KB) LOS objects, 29% free, 38MB/54MB, paused 307us total 21.193ms
08-04 11:18:49.767  9285  9297 I art     : Starting a blocking GC Explicit
08-04 11:18:49.787  9285  9297 I art     : Explicit concurrent mark sweep GC freed 128(2928B) AllocSpace objects, 0(0B) LOS objects, 29% free, 38MB/54MB, paused 333us total 19.788ms
08-04 11:18:49.796  9285  9297 I art     : Starting a blocking GC Explicit
08-04 11:18:49.815  9285  9297 I art     : Explicit concurrent mark sweep GC freed 67(1152B) AllocSpace objects, 0(0B) LOS objects, 29% free, 38MB/54MB, paused 408us total 19.699ms
08-04 11:18:49.825  9285  9297 I art     : Starting a blocking GC Explicit
08-04 11:18:49.844  9285  9297 I art     : Explicit concurrent mark sweep GC freed 83(1440B) AllocSpace objects, 0(0B) LOS objects, 29% free, 38MB/54MB, paused 311us total 19.243ms
08-04 11:18:49.853  9285  9297 I art     : Starting a blocking GC Explicit
08-04 11:18:49.873  9285  9297 I art     : Explicit concurrent mark sweep GC freed 99(1696B) AllocSpace objects, 0(0B) LOS objects, 29% free, 38MB/54MB, paused 287us total 19.155ms
08-04 11:18:49.967  9657  9657 D AndroidRuntime: >>>>>> START com.android.internal.os.RuntimeInit uid 2000 <<<<<<
08-04 11:18:49.971  9657  9657 D AndroidRuntime: CheckJNI is OFF
08-04 11:18:49.997  9657  9657 D ICU     : No timezone override file found: /data/misc/zoneinfo/current/icu/icu_tzdata.dat
08-04 11:18:50.029  9657  9657 I Radio-JNI: register_android_hardware_Radio DONE
08-04 11:18:50.045  9657  9657 D AndroidRuntime: Calling main entry com.android.commands.input.Input
08-04 11:18:50.046  9657  9657 I Input   : injectMotionEvent: MotionEvent { action=ACTION_DOWN, actionButton=0, id[0]=0, x[0]=693.0, y[0]=1450.0, toolType[0]=TOOL_TYPE_UNKNOWN, buttonState=0, metaState=0, flags=0x0, edgeFlags=0x0, pointerCount=1, historySize=0, eventTime=703146459, downTime=703146459, deviceId=0, source=0x1002 }
08-04 11:18:50.052  9657  9657 I Input   : injectMotionEvent: MotionEvent { action=ACTION_UP, actionButton=0, id[0]=0, x[0]=693.0, y[0]=1450.0, toolType[0]=TOOL_TYPE_UNKNOWN, buttonState=0, metaState=0, flags=0x0, edgeFlags=0x0, pointerCount=1, historySize=0, eventTime=703146459, downTime=703146459, deviceId=0, source=0x1002 }
08-04 11:18:50.054  9657  9657 D AndroidRuntime: Shutting down VM
08-04 11:18:50.055   918  5481 I ActivityManager: START u0 {cmp=baseline.io.github.project_travel_mate/.destinations.description.CityHistoryActivity} from uid 10650 on display 0
08-04 11:18:50.057   512  2967 D audio_hw_primary: out_set_parameters: enter: usecase(1: low-latency-playback) kvpairs: routing=2
08-04 11:18:50.070   512  2967 D audio_hw_primary: select_devices: out_snd_device(2: speaker) in_snd_device(0: none)
08-04 11:18:50.070   512  2967 D msm8974_platform: platform_send_audio_calibration: sending audio calibration for snd_device(2) acdb_id(15)
08-04 11:18:50.070   512  2967 I soundtrigger: audio_extn_sound_trigger_update_device_status: device 0x2 of type 0 for Event 1
08-04 11:18:50.082   512  2967 D audio_hw_primary: enable_snd_device: snd_device(2: speaker)
08-04 11:18:50.084   512  2967 D audio_hw_primary: enable_audio_route: apply and update mixer path: low-latency-playback speaker
08-04 11:18:50.086  9285  9366 D Gabe    : call	returning from cache
08-04 11:18:50.088  9285  9285 V EXECUTING: https://project-travel-mate.herokuapp.com/api/get-city-information/1
08-04 11:18:50.166  9285  9305 I art     : Starting a blocking GC Explicit
08-04 11:18:50.189  9285  9305 I art     : Explicit concurrent mark sweep GC freed 3180(222KB) AllocSpace objects, 2(40KB) LOS objects, 27% free, 42MB/58MB, paused 548us total 22.232ms
08-04 11:18:50.198  9285  9305 I art     : Starting a blocking GC Explicit
08-04 11:18:50.217   918   936 I ActivityManager: Displayed baseline.io.github.project_travel_mate/.destinations.description.CityHistoryActivity: +153ms
08-04 11:18:50.218 13866 13866 I GoogleInputMethodServic: GoogleInputMethodService.onFinishInput():3138 
08-04 11:18:50.218 13866 13866 I GoogleInputMethodServic: GoogleInputMethodService.onStartInput():1808 
08-04 11:18:50.219  9285  9305 I art     : Explicit concurrent mark sweep GC freed 303(15KB) AllocSpace objects, 0(0B) LOS objects, 27% free, 42MB/58MB, paused 457us total 20.595ms
08-04 11:18:50.228  9285  9305 I art     : Starting a blocking GC Explicit
08-04 11:18:50.252  9285  9305 I art     : Explicit concurrent mark sweep GC freed 132(2784B) AllocSpace objects, 0(0B) LOS objects, 27% free, 42MB/58MB, paused 443us total 23.441ms
08-04 11:18:50.263  9285  9305 I art     : Starting a blocking GC Explicit
08-04 11:18:50.285  9285  9305 I art     : Explicit concurrent mark sweep GC freed 82(1440B) AllocSpace objects, 0(0B) LOS objects, 27% free, 42MB/58MB, paused 373us total 21.465ms
08-04 11:18:50.295  9285  9305 I art     : Starting a blocking GC Explicit
08-04 11:18:50.315  9285  9305 I art     : Explicit concurrent mark sweep GC freed 152(2752B) AllocSpace objects, 0(0B) LOS objects, 27% free, 42MB/58MB, paused 303us total 19.047ms
08-04 11:18:50.463   380   380 W SurfaceFlinger: couldn't log to binary event log: overflow.
08-04 11:18:50.571 13866 13882 I PeriodicStatsRunner: PeriodicStatsRunner.call():175 call()
08-04 11:18:50.572 13866 13882 I PeriodicStatsRunner: PeriodicStatsRunner.call():179 No submit PeriodicStats since input started.
08-04 11:18:50.588  9285  9296 I art     : Starting a blocking GC Explicit
08-04 11:18:50.613  9285  9296 I art     : Explicit concurrent mark sweep GC freed 2697(103KB) AllocSpace objects, 2(40KB) LOS objects, 27% free, 42MB/58MB, paused 444us total 24.861ms
08-04 11:18:50.618   512  2967 D audio_hw_primary: disable_audio_route: reset and update mixer path: low-latency-playback speaker
08-04 11:18:50.619   512  2967 D audio_hw_primary: disable_snd_device: snd_device(2: speaker)
08-04 11:18:50.622  9285  9296 I art     : Starting a blocking GC Explicit
08-04 11:18:50.628   512  2967 I soundtrigger: audio_extn_sound_trigger_update_device_status: device 0x2 of type 0 for Event 0
08-04 11:18:50.643  9285  9296 I art     : Explicit concurrent mark sweep GC freed 44(1184B) AllocSpace objects, 0(0B) LOS objects, 27% free, 42MB/58MB, paused 447us total 20.187ms
08-04 11:18:50.652  9285  9296 I art     : Starting a blocking GC Explicit
08-04 11:18:50.673  9285  9296 I art     : Explicit concurrent mark sweep GC freed 153(3KB) AllocSpace objects, 0(0B) LOS objects, 27% free, 42MB/58MB, paused 425us total 20.141ms
08-04 11:18:50.682  9285  9296 I art     : Starting a blocking GC Explicit
08-04 11:18:50.702  9285  9296 I art     : Explicit concurrent mark sweep GC freed 24(448B) AllocSpace objects, 0(0B) LOS objects, 27% free, 42MB/58MB, paused 551us total 20.152ms
08-04 11:18:50.711  9285  9296 I art     : Starting a blocking GC Explicit
08-04 11:18:50.732  9285  9296 I art     : Explicit concurrent mark sweep GC freed 115(1952B) AllocSpace objects, 0(0B) LOS objects, 27% free, 42MB/58MB, paused 438us total 20.281ms
08-04 11:18:50.966  9285  9683 I NAPPA_EXPERIMENTATION: MetricNetworkRequestExecutionTime: REQUEST_DURATION_SYSTEM='878',REQUEST_DURATION_OKHTTP='32',REQUEST_SYNCHRONOUS='FALSE',RESPONSE_CODE='200',RESPONSE_METHOD='GET',RESPONSE_LENGTH_OKHTTP='55024',RESPONSE_LENGTH_HEADER='55024',REQUEST_PROTOCOL='http/1.1',REQUEST_URL='https://project-travel-mate.herokuapp.com/api/get-city-information/1',
08-04 11:18:51.019  9285  9297 I art     : Starting a blocking GC Explicit
08-04 11:18:51.039  9285  9297 I art     : Explicit concurrent mark sweep GC freed 5699(971KB) AllocSpace objects, 15(744KB) LOS objects, 26% free, 43MB/59MB, paused 439us total 20.006ms
08-04 11:18:51.047  9285  9297 I art     : Starting a blocking GC Explicit
08-04 11:18:51.062 13866 13866 I GoogleInputMethodServic: GoogleInputMethodService.onFinishInput():3138 
08-04 11:18:51.063 13866 13866 I GoogleInputMethodServic: GoogleInputMethodService.onStartInput():1808 
08-04 11:18:51.066  9285  9297 I art     : Explicit concurrent mark sweep GC freed 1709(619KB) AllocSpace objects, 9(176KB) LOS objects, 26% free, 43MB/59MB, paused 307us total 18.647ms
08-04 11:18:51.075  9285  9297 I art     : Starting a blocking GC Explicit
08-04 11:18:51.094  9285  9297 I art     : Explicit concurrent mark sweep GC freed 208(5KB) AllocSpace objects, 1(4MB) LOS objects, 29% free, 39MB/55MB, paused 296us total 19.469ms
08-04 11:18:51.103  9285  9297 I art     : Starting a blocking GC Explicit
08-04 11:18:51.123  9285  9297 I art     : Explicit concurrent mark sweep GC freed 149(2560B) AllocSpace objects, 0(0B) LOS objects, 29% free, 39MB/55MB, paused 292us total 19.522ms
08-04 11:18:51.132  9285  9297 I art     : Starting a blocking GC Explicit
08-04 11:18:51.153  9285  9297 I art     : Explicit concurrent mark sweep GC freed 147(2496B) AllocSpace objects, 0(0B) LOS objects, 29% free, 39MB/55MB, paused 338us total 20.719ms
08-04 11:18:51.462  9285  9563 I art     : Starting a blocking GC Explicit
08-04 11:18:51.487  9285  9563 I art     : Explicit concurrent mark sweep GC freed 2866(106KB) AllocSpace objects, 2(40KB) LOS objects, 29% free, 39MB/55MB, paused 307us total 24.775ms
08-04 11:18:51.496  9285  9563 I art     : Starting a blocking GC Explicit
08-04 11:18:51.519  9285  9563 I art     : Explicit concurrent mark sweep GC freed 164(3KB) AllocSpace objects, 0(0B) LOS objects, 29% free, 39MB/55MB, paused 335us total 22.387ms
08-04 11:18:51.528  9285  9563 I art     : Starting a blocking GC Explicit
08-04 11:18:51.550  9285  9563 I art     : Explicit concurrent mark sweep GC freed 77(1344B) AllocSpace objects, 0(0B) LOS objects, 29% free, 39MB/55MB, paused 407us total 21.685ms
08-04 11:18:51.559  9285  9563 I art     : Starting a blocking GC Explicit
08-04 11:18:51.581  9285  9563 I art     : Explicit concurrent mark sweep GC freed 147(2496B) AllocSpace objects, 0(0B) LOS objects, 29% free, 39MB/55MB, paused 303us total 21.362ms
08-04 11:18:51.590  9285  9563 I art     : Starting a blocking GC Explicit
08-04 11:18:51.612  9285  9563 I art     : Explicit concurrent mark sweep GC freed 147(2496B) AllocSpace objects, 0(0B) LOS objects, 29% free, 39MB/55MB, paused 311us total 21.821ms
08-04 11:18:51.958  9285  9563 I art     : Starting a blocking GC Explicit
08-04 11:18:51.984  9285  9563 I art     : Explicit concurrent mark sweep GC freed 3040(109KB) AllocSpace objects, 2(40KB) LOS objects, 29% free, 39MB/55MB, paused 286us total 25.512ms
08-04 11:18:51.994  9285  9563 I art     : Starting a blocking GC Explicit
08-04 11:18:52.017  9285  9563 I art     : Explicit concurrent mark sweep GC freed 166(3KB) AllocSpace objects, 0(0B) LOS objects, 29% free, 39MB/55MB, paused 304us total 22.141ms
08-04 11:18:52.026  9285  9563 I art     : Starting a blocking GC Explicit
08-04 11:18:52.048  9285  9563 I art     : Explicit concurrent mark sweep GC freed 147(2496B) AllocSpace objects, 0(0B) LOS objects, 29% free, 39MB/55MB, paused 298us total 22.046ms
08-04 11:18:52.058  9285  9563 I art     : Starting a blocking GC Explicit
08-04 11:18:52.080  9285  9563 I art     : Explicit concurrent mark sweep GC freed 147(2496B) AllocSpace objects, 0(0B) LOS objects, 29% free, 39MB/55MB, paused 308us total 21.934ms
08-04 11:18:52.089  9285  9563 I art     : Starting a blocking GC Explicit
08-04 11:18:52.112  9285  9563 I art     : Explicit concurrent mark sweep GC freed 147(2496B) AllocSpace objects, 0(0B) LOS objects, 29% free, 39MB/55MB, paused 307us total 22.503ms
08-04 11:18:52.429  9285  9297 I art     : Starting a blocking GC Explicit
08-04 11:18:52.454  9285  9297 I art     : Explicit concurrent mark sweep GC freed 2903(107KB) AllocSpace objects, 2(40KB) LOS objects, 29% free, 39MB/55MB, paused 392us total 24.376ms
08-04 11:18:52.465  9285  9297 I art     : Starting a blocking GC Explicit
08-04 11:18:52.487  9285  9297 I art     : Explicit concurrent mark sweep GC freed 192(3KB) AllocSpace objects, 0(0B) LOS objects, 29% free, 39MB/55MB, paused 444us total 21.064ms
08-04 11:18:52.496  9285  9297 I art     : Starting a blocking GC Explicit
08-04 11:18:52.517  9285  9297 I art     : Explicit concurrent mark sweep GC freed 83(1456B) AllocSpace objects, 0(0B) LOS objects, 29% free, 39MB/55MB, paused 399us total 20.825ms
08-04 11:18:52.526  9285  9297 I art     : Starting a blocking GC Explicit
08-04 11:18:52.547  9285  9297 I art     : Explicit concurrent mark sweep GC freed 147(2496B) AllocSpace objects, 0(0B) LOS objects, 29% free, 39MB/55MB, paused 308us total 21.410ms
08-04 11:18:52.557  9285  9297 I art     : Starting a blocking GC Explicit
08-04 11:18:52.579  9285  9297 I art     : Explicit concurrent mark sweep GC freed 147(2496B) AllocSpace objects, 0(0B) LOS objects, 29% free, 39MB/55MB, paused 305us total 22.146ms
08-04 11:18:52.930  9285  9296 I art     : Starting a blocking GC Explicit
08-04 11:18:52.955  9285  9296 I art     : Explicit concurrent mark sweep GC freed 3089(110KB) AllocSpace objects, 2(40KB) LOS objects, 29% free, 39MB/55MB, paused 392us total 24.459ms
08-04 11:18:52.964  9285  9296 I art     : Starting a blocking GC Explicit
08-04 11:18:52.986  9285  9296 I art     : Explicit concurrent mark sweep GC freed 137(3KB) AllocSpace objects, 0(0B) LOS objects, 29% free, 39MB/55MB, paused 364us total 21.767ms
08-04 11:18:52.995  9285  9296 I art     : Starting a blocking GC Explicit
08-04 11:18:53.017  9285  9296 I art     : Explicit concurrent mark sweep GC freed 124(2128B) AllocSpace objects, 0(0B) LOS objects, 29% free, 39MB/55MB, paused 361us total 20.948ms
08-04 11:18:53.026  9285  9296 I art     : Starting a blocking GC Explicit
08-04 11:18:53.049  9285  9296 I art     : Explicit concurrent mark sweep GC freed 147(2496B) AllocSpace objects, 0(0B) LOS objects, 29% free, 39MB/55MB, paused 295us total 22.617ms
08-04 11:18:53.058  9285  9296 I art     : Starting a blocking GC Explicit
08-04 11:18:53.080  9285  9296 I art     : Explicit concurrent mark sweep GC freed 147(2496B) AllocSpace objects, 0(0B) LOS objects, 29% free, 39MB/55MB, paused 291us total 21.803ms
08-04 11:18:53.440  9285  9305 I art     : Starting a blocking GC Explicit
08-04 11:18:53.466  9285  9305 I art     : Explicit concurrent mark sweep GC freed 3082(110KB) AllocSpace objects, 2(40KB) LOS objects, 29% free, 39MB/55MB, paused 322us total 24.785ms
08-04 11:18:53.480  9285  9305 I art     : Starting a blocking GC Explicit
08-04 11:18:53.501  9285  9305 I art     : Explicit concurrent mark sweep GC freed 166(3KB) AllocSpace objects, 0(0B) LOS objects, 29% free, 39MB/55MB, paused 308us total 20.983ms
08-04 11:18:53.511  9285  9305 I art     : Starting a blocking GC Explicit
08-04 11:18:53.532  9285  9305 I art     : Explicit concurrent mark sweep GC freed 147(2496B) AllocSpace objects, 0(0B) LOS objects, 29% free, 39MB/55MB, paused 309us total 21.039ms
08-04 11:18:53.541  9285  9305 I art     : Starting a blocking GC Explicit
08-04 11:18:53.562  9285  9305 I art     : Explicit concurrent mark sweep GC freed 147(2496B) AllocSpace objects, 0(0B) LOS objects, 29% free, 39MB/55MB, paused 311us total 21.406ms
08-04 11:18:53.572  9285  9305 I art     : Starting a blocking GC Explicit
08-04 11:18:53.594  9285  9305 I art     : Explicit concurrent mark sweep GC freed 147(2496B) AllocSpace objects, 0(0B) LOS objects, 29% free, 39MB/55MB, paused 310us total 22.056ms
08-04 11:18:53.959  9285  9563 I art     : Starting a blocking GC Explicit
08-04 11:18:53.984  9285  9563 I art     : Explicit concurrent mark sweep GC freed 3081(110KB) AllocSpace objects, 2(40KB) LOS objects, 29% free, 39MB/55MB, paused 299us total 24.462ms
08-04 11:18:53.993  9285  9563 I art     : Starting a blocking GC Explicit
08-04 11:18:54.014  9285  9563 I art     : Explicit concurrent mark sweep GC freed 166(3KB) AllocSpace objects, 0(0B) LOS objects, 29% free, 39MB/55MB, paused 298us total 21.239ms
08-04 11:18:54.023  9285  9563 I art     : Starting a blocking GC Explicit
08-04 11:18:54.045  9285  9563 I art     : Explicit concurrent mark sweep GC freed 147(2496B) AllocSpace objects, 0(0B) LOS objects, 29% free, 39MB/55MB, paused 300us total 21.193ms
08-04 11:18:54.054  9285  9563 I art     : Starting a blocking GC Explicit
08-04 11:18:54.076  9285  9563 I art     : Explicit concurrent mark sweep GC freed 146(2464B) AllocSpace objects, 0(0B) LOS objects, 29% free, 39MB/55MB, paused 297us total 21.774ms
08-04 11:18:54.085  9285  9563 I art     : Starting a blocking GC Explicit
08-04 11:18:54.107  9285  9563 I art     : Explicit concurrent mark sweep GC freed 148(2528B) AllocSpace objects, 0(0B) LOS objects, 29% free, 39MB/55MB, paused 309us total 21.906ms
08-04 11:18:54.426  9285  9297 I art     : Starting a blocking GC Explicit
08-04 11:18:54.449  9285  9297 I art     : Explicit concurrent mark sweep GC freed 2866(106KB) AllocSpace objects, 2(40KB) LOS objects, 29% free, 39MB/55MB, paused 306us total 22.462ms
08-04 11:18:54.458  9285  9297 I art     : Starting a blocking GC Explicit
08-04 11:18:54.480  9285  9297 I art     : Explicit concurrent mark sweep GC freed 166(3KB) AllocSpace objects, 0(0B) LOS objects, 29% free, 39MB/55MB, paused 310us total 21.578ms
08-04 11:18:54.489  9285  9297 I art     : Starting a blocking GC Explicit
08-04 11:18:54.510  9285  9297 I art     : Explicit concurrent mark sweep GC freed 147(2496B) AllocSpace objects, 0(0B) LOS objects, 29% free, 39MB/55MB, paused 307us total 21.325ms
08-04 11:18:54.520  9285  9297 I art     : Starting a blocking GC Explicit
08-04 11:18:54.541  9285  9297 I art     : Explicit concurrent mark sweep GC freed 147(2496B) AllocSpace objects, 0(0B) LOS objects, 29% free, 39MB/55MB, paused 306us total 21.385ms
08-04 11:18:54.550  9285  9297 I art     : Starting a blocking GC Explicit
08-04 11:18:54.572  9285  9297 I art     : Explicit concurrent mark sweep GC freed 97(1648B) AllocSpace objects, 0(0B) LOS objects, 29% free, 39MB/55MB, paused 387us total 21.304ms
08-04 11:18:54.639  9767  9767 D AndroidRuntime: >>>>>> START com.android.internal.os.RuntimeInit uid 2000 <<<<<<
08-04 11:18:54.643  9767  9767 D AndroidRuntime: CheckJNI is OFF
08-04 11:18:54.670  9767  9767 D ICU     : No timezone override file found: /data/misc/zoneinfo/current/icu/icu_tzdata.dat
08-04 11:18:54.696  9767  9767 I Radio-JNI: register_android_hardware_Radio DONE
08-04 11:18:54.712  9767  9767 D AndroidRuntime: Calling main entry com.android.commands.input.Input
08-04 11:18:54.714  9767  9767 I Input   : injectKeyEvent: KeyEvent { action=ACTION_DOWN, keyCode=KEYCODE_BACK, scanCode=0, metaState=0, flags=0x0, repeatCount=0, eventTime=703151127, downTime=703151127, deviceId=-1, source=0x101 }
08-04 11:18:54.721  9767  9767 I Input   : injectKeyEvent: KeyEvent { action=ACTION_UP, keyCode=KEYCODE_BACK, scanCode=0, metaState=0, flags=0x0, repeatCount=0, eventTime=703151127, downTime=703151127, deviceId=-1, source=0x101 }
08-04 11:18:54.727  9767  9767 D AndroidRuntime: Shutting down VM
08-04 11:18:54.767 13866 13866 I GoogleInputMethodServic: GoogleInputMethodService.onFinishInput():3138 
08-04 11:18:54.768 13866 13866 I GoogleInputMethodServic: GoogleInputMethodService.onStartInput():1808 
08-04 11:18:54.843  9285  9296 I art     : Starting a blocking GC Explicit
08-04 11:18:54.865  9285  9296 I art     : Explicit concurrent mark sweep GC freed 2805(108KB) AllocSpace objects, 2(40KB) LOS objects, 29% free, 39MB/55MB, paused 297us total 21.533ms
08-04 11:18:54.875  9285  9296 I art     : Starting a blocking GC Explicit
08-04 11:18:54.898  9285  9296 I art     : Explicit concurrent mark sweep GC freed 170(3KB) AllocSpace objects, 0(0B) LOS objects, 29% free, 39MB/55MB, paused 291us total 23.235ms
08-04 11:18:54.908  9285  9296 I art     : Starting a blocking GC Explicit
08-04 11:18:54.934  9285  9296 I art     : Explicit concurrent mark sweep GC freed 147(2496B) AllocSpace objects, 0(0B) LOS objects, 29% free, 39MB/55MB, paused 341us total 25.053ms
08-04 11:18:54.945  9285  9296 I art     : Starting a blocking GC Explicit
08-04 11:18:54.970  9285  9296 I art     : Explicit concurrent mark sweep GC freed 147(2496B) AllocSpace objects, 0(0B) LOS objects, 29% free, 39MB/55MB, paused 342us total 25.464ms
08-04 11:18:54.983  9285  9296 I art     : Starting a blocking GC Explicit
08-04 11:18:55.008  9285  9296 I art     : Explicit concurrent mark sweep GC freed 219(3KB) AllocSpace objects, 0(0B) LOS objects, 29% free, 39MB/55MB, paused 365us total 24.624ms
08-04 11:18:55.054   380   380 W SurfaceFlinger: couldn't log to binary event log: overflow.
08-04 11:18:55.218 13866 13882 I PeriodicStatsRunner: PeriodicStatsRunner.call():175 call()
08-04 11:18:55.219 13866 13882 I PeriodicStatsRunner: PeriodicStatsRunner.call():179 No submit PeriodicStats since input started.
08-04 11:18:55.307  9285  9305 I art     : Starting a blocking GC Explicit
08-04 11:18:55.332  9285  9305 I art     : Explicit concurrent mark sweep GC freed 2434(100KB) AllocSpace objects, 4(404KB) LOS objects, 29% free, 38MB/54MB, paused 341us total 24.441ms
08-04 11:18:55.341  9285  9305 I art     : Starting a blocking GC Explicit
08-04 11:18:55.363  9285  9305 I art     : Explicit concurrent mark sweep GC freed 4809(341KB) AllocSpace objects, 7(132KB) LOS objects, 29% free, 38MB/54MB, paused 303us total 21.179ms
08-04 11:18:55.372  9285  9305 I art     : Starting a blocking GC Explicit
08-04 11:18:55.393  9285  9305 I art     : Explicit concurrent mark sweep GC freed 102(1856B) AllocSpace objects, 0(0B) LOS objects, 29% free, 38MB/54MB, paused 316us total 21.190ms
08-04 11:18:55.402  9285  9305 I art     : Starting a blocking GC Explicit
08-04 11:18:55.422  9285  9305 I art     : Explicit concurrent mark sweep GC freed 54(960B) AllocSpace objects, 0(0B) LOS objects, 29% free, 38MB/54MB, paused 406us total 19.790ms
08-04 11:18:55.432  9285  9305 I art     : Starting a blocking GC Explicit
08-04 11:18:55.451  9285  9305 I art     : Explicit concurrent mark sweep GC freed 97(1664B) AllocSpace objects, 0(0B) LOS objects, 29% free, 38MB/54MB, paused 293us total 19.136ms
08-04 11:18:55.757  9285  9297 I art     : Starting a blocking GC Explicit
08-04 11:18:55.780  9285  9297 I art     : Explicit concurrent mark sweep GC freed 2408(99KB) AllocSpace objects, 2(40KB) LOS objects, 29% free, 38MB/54MB, paused 299us total 22.234ms
08-04 11:18:55.789  9285  9297 I art     : Starting a blocking GC Explicit
08-04 11:18:55.811  9285  9297 I art     : Explicit concurrent mark sweep GC freed 127(2896B) AllocSpace objects, 0(0B) LOS objects, 29% free, 38MB/54MB, paused 313us total 21.780ms
08-04 11:18:55.820  9285  9297 I art     : Starting a blocking GC Explicit
08-04 11:18:55.841  9285  9297 I art     : Explicit concurrent mark sweep GC freed 100(1728B) AllocSpace objects, 0(0B) LOS objects, 29% free, 38MB/54MB, paused 309us total 20.765ms
08-04 11:18:55.851  9285  9297 I art     : Starting a blocking GC Explicit
08-04 11:18:55.871  9285  9297 I art     : Explicit concurrent mark sweep GC freed 51(896B) AllocSpace objects, 0(0B) LOS objects, 29% free, 38MB/54MB, paused 301us total 20.432ms
08-04 11:18:55.880  9285  9297 I art     : Starting a blocking GC Explicit
08-04 11:18:55.901  9285  9297 I art     : Explicit concurrent mark sweep GC freed 99(1696B) AllocSpace objects, 0(0B) LOS objects, 29% free, 38MB/54MB, paused 306us total 20.872ms
08-04 11:18:56.066 13866 13882 I PeriodicStatsRunner: PeriodicStatsRunner.call():175 call()
08-04 11:18:56.067 13866 13882 I PeriodicStatsRunner: PeriodicStatsRunner.call():179 No submit PeriodicStats since input started.
08-04 11:18:56.177  9285  9296 I art     : Starting a blocking GC Explicit
08-04 11:18:56.199  9285  9296 I art     : Explicit concurrent mark sweep GC freed 2289(97KB) AllocSpace objects, 2(40KB) LOS objects, 29% free, 38MB/54MB, paused 321us total 22.028ms
08-04 11:18:56.209  9285  9296 I art     : Starting a blocking GC Explicit
08-04 11:18:56.229  9285  9296 I art     : Explicit concurrent mark sweep GC freed 118(2384B) AllocSpace objects, 0(0B) LOS objects, 29% free, 38MB/54MB, paused 304us total 20.029ms
08-04 11:18:56.238  9285  9296 I art     : Starting a blocking GC Explicit
08-04 11:18:56.258  9285  9296 I art     : Explicit concurrent mark sweep GC freed 98(1664B) AllocSpace objects, 0(0B) LOS objects, 29% free, 38MB/54MB, paused 356us total 19.705ms
08-04 11:18:56.267  9285  9296 I art     : Starting a blocking GC Explicit
08-04 11:18:56.277  9818  9818 D AndroidRuntime: >>>>>> START com.android.internal.os.RuntimeInit uid 2000 <<<<<<
08-04 11:18:56.281  9818  9818 D AndroidRuntime: CheckJNI is OFF
08-04 11:18:56.288  9285  9296 I art     : Explicit concurrent mark sweep GC freed 52(928B) AllocSpace objects, 0(0B) LOS objects, 29% free, 38MB/54MB, paused 423us total 20.305ms
08-04 11:18:56.297  9285  9296 I art     : Starting a blocking GC Explicit
08-04 11:18:56.308  9818  9818 D ICU     : No timezone override file found: /data/misc/zoneinfo/current/icu/icu_tzdata.dat
08-04 11:18:56.311  2268  2268 I ServiceManager: Waiting for service AtCmdFwd...
08-04 11:18:56.316  9285  9296 I art     : Explicit concurrent mark sweep GC freed 99(1696B) AllocSpace objects, 0(0B) LOS objects, 29% free, 38MB/54MB, paused 314us total 18.196ms
08-04 11:18:56.333  9818  9818 I Radio-JNI: register_android_hardware_Radio DONE
08-04 11:18:56.348  9818  9818 D AndroidRuntime: Calling main entry com.android.commands.input.Input
08-04 11:18:56.349  9818  9818 I Input   : injectMotionEvent: MotionEvent { action=ACTION_DOWN, actionButton=0, id[0]=0, x[0]=504.0, y[0]=1706.0, toolType[0]=TOOL_TYPE_UNKNOWN, buttonState=0, metaState=0, flags=0x0, edgeFlags=0x0, pointerCount=1, historySize=0, eventTime=703152762, downTime=703152762, deviceId=0, source=0x1002 }
08-04 11:18:56.354  9818  9818 I Input   : injectMotionEvent: MotionEvent { action=ACTION_UP, actionButton=0, id[0]=0, x[0]=504.0, y[0]=1706.0, toolType[0]=TOOL_TYPE_UNKNOWN, buttonState=0, metaState=0, flags=0x0, edgeFlags=0x0, pointerCount=1, historySize=0, eventTime=703152762, downTime=703152762, deviceId=0, source=0x1002 }
08-04 11:18:56.356  9818  9818 D AndroidRuntime: Shutting down VM
08-04 11:18:56.358   512  2967 D audio_hw_primary: out_set_parameters: enter: usecase(1: low-latency-playback) kvpairs: routing=2
08-04 11:18:56.359   918  3696 I ActivityManager: START u0 {cmp=baseline.io.github.project_travel_mate/.destinations.funfacts.FunFactsActivity (has extras)} from uid 10650 on display 0
08-04 11:18:56.371   512  2967 D audio_hw_primary: select_devices: out_snd_device(2: speaker) in_snd_device(0: none)
08-04 11:18:56.371   512  2967 D msm8974_platform: platform_send_audio_calibration: sending audio calibration for snd_device(2) acdb_id(15)
08-04 11:18:56.371   512  2967 I soundtrigger: audio_extn_sound_trigger_update_device_status: device 0x2 of type 0 for Event 1
08-04 11:18:56.377  9285  9366 D Gabe    : call	returning from cache
08-04 11:18:56.378  9285  9285 V EXECUTING: https://project-travel-mate.herokuapp.com/api/get-city-facts/1
08-04 11:18:56.381   512  2967 D audio_hw_primary: enable_snd_device: snd_device(2: speaker)
08-04 11:18:56.383   512  2967 D audio_hw_primary: enable_audio_route: apply and update mixer path: low-latency-playback speaker
08-04 11:18:56.504 13866 13866 I GoogleInputMethodServic: GoogleInputMethodService.onFinishInput():3138 
08-04 11:18:56.504   918   936 I ActivityManager: Displayed baseline.io.github.project_travel_mate/.destinations.funfacts.FunFactsActivity: +136ms
08-04 11:18:56.504 13866 13866 I GoogleInputMethodServic: GoogleInputMethodService.onStartInput():1808 
08-04 11:18:56.582  9285  9297 I art     : Starting a blocking GC Explicit
08-04 11:18:56.606  9285  9297 I art     : Explicit concurrent mark sweep GC freed 4056(283KB) AllocSpace objects, 2(40KB) LOS objects, 27% free, 42MB/58MB, paused 571us total 23.089ms
08-04 11:18:56.618  9285  9297 I art     : Starting a blocking GC Explicit
08-04 11:18:56.639  9285  9297 I art     : Explicit concurrent mark sweep GC freed 275(8KB) AllocSpace objects, 0(0B) LOS objects, 27% free, 42MB/58MB, paused 333us total 20.799ms
08-04 11:18:56.648  9285  9297 I art     : Starting a blocking GC Explicit
08-04 11:18:56.667  9285  9297 I art     : Explicit concurrent mark sweep GC freed 148(2528B) AllocSpace objects, 0(0B) LOS objects, 27% free, 42MB/58MB, paused 338us total 19.102ms
08-04 11:18:56.676  9285  9297 I art     : Starting a blocking GC Explicit
08-04 11:18:56.696  9285  9297 I art     : Explicit concurrent mark sweep GC freed 147(2496B) AllocSpace objects, 0(0B) LOS objects, 27% free, 42MB/58MB, paused 329us total 19.042ms
08-04 11:18:56.705  9285  9297 I art     : Starting a blocking GC Explicit
08-04 11:18:56.728  9285  9297 I art     : Explicit concurrent mark sweep GC freed 147(2496B) AllocSpace objects, 0(0B) LOS objects, 27% free, 42MB/58MB, paused 467us total 22.056ms
08-04 11:18:56.757   380   380 W SurfaceFlinger: couldn't log to binary event log: overflow.
08-04 11:18:56.918   512  2967 D audio_hw_primary: disable_audio_route: reset and update mixer path: low-latency-playback speaker
08-04 11:18:56.919   512  2967 D audio_hw_primary: disable_snd_device: snd_device(2: speaker)
08-04 11:18:56.928   512  2967 I soundtrigger: audio_extn_sound_trigger_update_device_status: device 0x2 of type 0 for Event 0
08-04 11:18:57.016  9285  9296 I art     : Starting a blocking GC Explicit
08-04 11:18:57.038  9285  9296 I art     : Explicit concurrent mark sweep GC freed 2444(100KB) AllocSpace objects, 2(40KB) LOS objects, 27% free, 42MB/58MB, paused 598us total 21.248ms
08-04 11:18:57.047  9285  9296 I art     : Starting a blocking GC Explicit
08-04 11:18:57.067  9285  9296 I art     : Explicit concurrent mark sweep GC freed 147(2896B) AllocSpace objects, 0(0B) LOS objects, 27% free, 42MB/58MB, paused 572us total 20.162ms
08-04 11:18:57.076  9285  9296 I art     : Starting a blocking GC Explicit
08-04 11:18:57.097  9285  9296 I art     : Explicit concurrent mark sweep GC freed 22(400B) AllocSpace objects, 0(0B) LOS objects, 27% free, 42MB/58MB, paused 445us total 20.475ms
08-04 11:18:57.106  9285  9296 I art     : Starting a blocking GC Explicit
08-04 11:18:57.126  9285  9296 I art     : Explicit concurrent mark sweep GC freed 130(2224B) AllocSpace objects, 0(0B) LOS objects, 27% free, 42MB/58MB, paused 459us total 20.602ms
08-04 11:18:57.136  9285  9296 I art     : Starting a blocking GC Explicit
08-04 11:18:57.157  9285  9296 I art     : Explicit concurrent mark sweep GC freed 758(56KB) AllocSpace objects, 2(120KB) LOS objects, 27% free, 43MB/59MB, paused 619us total 20.174ms
08-04 11:18:57.211  9285  9842 I NAPPA_EXPERIMENTATION: MetricNetworkRequestExecutionTime: REQUEST_DURATION_SYSTEM='832',REQUEST_DURATION_OKHTTP='27',REQUEST_SYNCHRONOUS='FALSE',RESPONSE_CODE='200',RESPONSE_METHOD='GET',RESPONSE_LENGTH_OKHTTP='1793',RESPONSE_LENGTH_HEADER='1793',REQUEST_PROTOCOL='http/1.1',REQUEST_URL='https://project-travel-mate.herokuapp.com/api/get-city-facts/1',
08-04 11:18:57.214  9285  9842 V EXECUTING: https://project-travel-mate.herokuapp.com/api/get-city-images/1
08-04 11:18:57.312  2268  2268 I ServiceManager: Waiting for service AtCmdFwd...
08-04 11:18:57.426  9285  9297 I art     : Starting a blocking GC Explicit
08-04 11:18:57.448  9285  9297 I art     : Explicit concurrent mark sweep GC freed 4916(234KB) AllocSpace objects, 3(120KB) LOS objects, 26% free, 43MB/59MB, paused 536us total 21.750ms
08-04 11:18:57.458  9285  9297 I art     : Starting a blocking GC Explicit
08-04 11:18:57.479  9285  9297 I art     : Explicit concurrent mark sweep GC freed 974(107KB) AllocSpace objects, 0(0B) LOS objects, 27% free, 43MB/59MB, paused 574us total 20.784ms
08-04 11:18:57.488  9285  9297 I art     : Starting a blocking GC Explicit
08-04 11:18:57.509  9285  9297 I art     : Explicit concurrent mark sweep GC freed 131(2192B) AllocSpace objects, 0(0B) LOS objects, 27% free, 43MB/59MB, paused 490us total 20.645ms
08-04 11:18:57.519  9285  9297 I art     : Starting a blocking GC Explicit
08-04 11:18:57.539  9285  9297 I art     : Explicit concurrent mark sweep GC freed 17(320B) AllocSpace objects, 0(0B) LOS objects, 27% free, 43MB/59MB, paused 324us total 20.390ms
08-04 11:18:57.548  9285  9297 I art     : Starting a blocking GC Explicit
08-04 11:18:57.569  9285  9297 I art     : Explicit concurrent mark sweep GC freed 131(2256B) AllocSpace objects, 0(0B) LOS objects, 27% free, 43MB/59MB, paused 518us total 20.902ms
08-04 11:18:57.833  9285  9864 I NAPPA_EXPERIMENTATION: MetricNetworkRequestExecutionTime: REQUEST_DURATION_SYSTEM='618',REQUEST_DURATION_OKHTTP='44',REQUEST_SYNCHRONOUS='FALSE',RESPONSE_CODE='200',RESPONSE_METHOD='GET',RESPONSE_LENGTH_OKHTTP='183',RESPONSE_LENGTH_HEADER='183',REQUEST_PROTOCOL='http/1.1',REQUEST_URL='https://project-travel-mate.herokuapp.com/api/get-city-images/1',
08-04 11:18:57.863  9285  9563 I art     : Starting a blocking GC Explicit
08-04 11:18:57.869  9285  9864 V RESPONSE: [{"id":17,"image_url":"https://upload.wikimedia.org/wikipedia/commons/9/94/%E0%B4%96%E0%B5%81%E0%B4%A4%E0%B5%8D%E0%B4%AC%E0%B5%8D_%E0%B4%AE%E0%B4%BF%E0%B4%A8%E0%B4%BE%E0%B5%BC1.jpg"}]
08-04 11:18:57.885  9285  9563 I art     : Explicit concurrent mark sweep GC freed 5104(243KB) AllocSpace objects, 5(240KB) LOS objects, 26% free, 43MB/59MB, paused 534us total 21.999ms
08-04 11:18:57.894  9285  9563 I art     : Starting a blocking GC Explicit
08-04 11:18:57.914  9285  9563 I art     : Explicit concurrent mark sweep GC freed 2042(181KB) AllocSpace objects, 0(0B) LOS objects, 26% free, 43MB/59MB, paused 722us total 20.265ms
08-04 11:18:57.923  9285  9563 I art     : Starting a blocking GC Explicit
08-04 11:18:57.944  9285  9563 I art     : Explicit concurrent mark sweep GC freed 2249(128KB) AllocSpace objects, 0(0B) LOS objects, 26% free, 43MB/59MB, paused 400us total 20.335ms
08-04 11:18:57.952  9285  9563 I art     : Starting a blocking GC Explicit
08-04 11:18:57.973  9285  9563 I art     : Explicit concurrent mark sweep GC freed 452(20KB) AllocSpace objects, 1(4MB) LOS objects, 28% free, 39MB/55MB, paused 317us total 20.137ms
08-04 11:18:57.981  9285  9563 I art     : Starting a blocking GC Explicit
08-04 11:18:58.000  9285  9563 I art     : Explicit concurrent mark sweep GC freed 5(192B) AllocSpace objects, 0(0B) LOS objects, 28% free, 39MB/55MB, paused 324us total 19.057ms
08-04 11:18:58.312  2268  2268 I ServiceManager: Waiting for service AtCmdFwd...
08-04 11:18:58.360  9285  9296 I art     : Starting a blocking GC Explicit
08-04 11:18:58.387  9285  9296 I art     : Explicit concurrent mark sweep GC freed 3046(110KB) AllocSpace objects, 2(40KB) LOS objects, 28% free, 39MB/55MB, paused 414us total 26.939ms
08-04 11:18:58.396  9285  9296 I art     : Starting a blocking GC Explicit
08-04 11:18:58.419  9285  9296 I art     : Explicit concurrent mark sweep GC freed 167(3KB) AllocSpace objects, 0(0B) LOS objects, 28% free, 39MB/55MB, paused 332us total 22.502ms
08-04 11:18:58.428  9285  9296 I art     : Starting a blocking GC Explicit
08-04 11:18:58.451  9285  9296 I art     : Explicit concurrent mark sweep GC freed 147(2496B) AllocSpace objects, 0(0B) LOS objects, 28% free, 39MB/55MB, paused 336us total 22.556ms
08-04 11:18:58.460  9285  9296 I art     : Starting a blocking GC Explicit
08-04 11:18:58.483  9285  9296 I art     : Explicit concurrent mark sweep GC freed 147(2496B) AllocSpace objects, 0(0B) LOS objects, 28% free, 39MB/55MB, paused 366us total 22.668ms
08-04 11:18:58.493  9285  9296 I art     : Starting a blocking GC Explicit
08-04 11:18:58.516  9285  9296 I art     : Explicit concurrent mark sweep GC freed 146(2464B) AllocSpace objects, 0(0B) LOS objects, 28% free, 39MB/55MB, paused 337us total 23.445ms
08-04 11:18:58.788  9285  9563 I art     : Starting a blocking GC Explicit
08-04 11:18:58.812  9285  9563 I art     : Explicit concurrent mark sweep GC freed 2707(104KB) AllocSpace objects, 2(40KB) LOS objects, 28% free, 39MB/55MB, paused 499us total 23.894ms
08-04 11:18:58.822  9285  9563 I art     : Starting a blocking GC Explicit
08-04 11:18:58.843  9285  9563 I art     : Explicit concurrent mark sweep GC freed 145(3KB) AllocSpace objects, 0(0B) LOS objects, 28% free, 39MB/55MB, paused 314us total 20.388ms
08-04 11:18:58.851  9285  9563 I art     : Starting a blocking GC Explicit
08-04 11:18:58.873  9285  9563 I art     : Explicit concurrent mark sweep GC freed 147(2496B) AllocSpace objects, 0(0B) LOS objects, 28% free, 39MB/55MB, paused 375us total 21.365ms
08-04 11:18:58.882  9285  9563 I art     : Starting a blocking GC Explicit
08-04 11:18:58.904  9285  9563 I art     : Explicit concurrent mark sweep GC freed 147(2496B) AllocSpace objects, 0(0B) LOS objects, 28% free, 39MB/55MB, paused 333us total 21.610ms
08-04 11:18:58.913  9285  9563 I art     : Starting a blocking GC Explicit
08-04 11:18:58.935  9285  9563 I art     : Explicit concurrent mark sweep GC freed 147(2496B) AllocSpace objects, 0(0B) LOS objects, 28% free, 39MB/55MB, paused 352us total 21.825ms
08-04 11:18:58.964  9898  9898 D AndroidRuntime: >>>>>> START com.android.internal.os.RuntimeInit uid 2000 <<<<<<
08-04 11:18:58.969  9898  9898 D AndroidRuntime: CheckJNI is OFF
08-04 11:18:58.995  9898  9898 D ICU     : No timezone override file found: /data/misc/zoneinfo/current/icu/icu_tzdata.dat
08-04 11:18:59.020  9898  9898 I Radio-JNI: register_android_hardware_Radio DONE
08-04 11:18:59.037  9898  9898 D AndroidRuntime: Calling main entry com.android.commands.input.Input
08-04 11:18:59.039  9898  9898 I Input   : injectKeyEvent: KeyEvent { action=ACTION_DOWN, keyCode=KEYCODE_BACK, scanCode=0, metaState=0, flags=0x0, repeatCount=0, eventTime=703155452, downTime=703155452, deviceId=-1, source=0x101 }
08-04 11:18:59.046  9898  9898 I Input   : injectKeyEvent: KeyEvent { action=ACTION_UP, keyCode=KEYCODE_BACK, scanCode=0, metaState=0, flags=0x0, repeatCount=0, eventTime=703155452, downTime=703155452, deviceId=-1, source=0x101 }
08-04 11:18:59.052  9898  9898 D AndroidRuntime: Shutting down VM
08-04 11:18:59.090 13866 13866 I GoogleInputMethodServic: GoogleInputMethodService.onFinishInput():3138 
08-04 11:18:59.090 13866 13866 I GoogleInputMethodServic: GoogleInputMethodService.onStartInput():1808 
08-04 11:18:59.191  9285  9296 I art     : Starting a blocking GC Explicit
08-04 11:18:59.213  9285  9296 I art     : Explicit concurrent mark sweep GC freed 2755(107KB) AllocSpace objects, 2(40KB) LOS objects, 28% free, 39MB/55MB, paused 345us total 22.376ms
08-04 11:18:59.224  9285  9296 I art     : Starting a blocking GC Explicit
08-04 11:18:59.255  9285  9296 I art     : Explicit concurrent mark sweep GC freed 170(3KB) AllocSpace objects, 0(0B) LOS objects, 28% free, 39MB/55MB, paused 555us total 30.002ms
08-04 11:18:59.266  9285  9296 I art     : Starting a blocking GC Explicit
08-04 11:18:59.291  9285  9296 I art     : Explicit concurrent mark sweep GC freed 147(2496B) AllocSpace objects, 0(0B) LOS objects, 28% free, 39MB/55MB, paused 404us total 24.869ms
08-04 11:18:59.303  9285  9296 I art     : Starting a blocking GC Explicit
08-04 11:18:59.313  2268  2268 I ServiceManager: Waiting for service AtCmdFwd...
08-04 11:18:59.328  9285  9296 I art     : Explicit concurrent mark sweep GC freed 171(2880B) AllocSpace objects, 0(0B) LOS objects, 28% free, 39MB/55MB, paused 402us total 25.388ms
08-04 11:18:59.342  9285  9296 I art     : Starting a blocking GC Explicit
08-04 11:18:59.370  9285  9296 I art     : Explicit concurrent mark sweep GC freed 941(37KB) AllocSpace objects, 0(0B) LOS objects, 28% free, 39MB/55MB, paused 675us total 28.115ms
08-04 11:18:59.377   380   380 W SurfaceFlinger: couldn't log to binary event log: overflow.
08-04 11:18:59.700  9285  9297 I art     : Starting a blocking GC Explicit
08-04 11:18:59.725  9285  9297 I art     : Explicit concurrent mark sweep GC freed 2499(103KB) AllocSpace objects, 5(684KB) LOS objects, 29% free, 38MB/54MB, paused 347us total 23.930ms
08-04 11:18:59.734  9285  9297 I art     : Starting a blocking GC Explicit
08-04 11:18:59.755  9285  9297 I art     : Explicit concurrent mark sweep GC freed 5544(268KB) AllocSpace objects, 1(28KB) LOS objects, 29% free, 38MB/54MB, paused 330us total 21.400ms
08-04 11:18:59.764  9285  9297 I art     : Starting a blocking GC Explicit
08-04 11:18:59.768 13866 13882 I PeriodicStatsRunner: PeriodicStatsRunner.call():175 call()
08-04 11:18:59.768 13866 13882 I PeriodicStatsRunner: PeriodicStatsRunner.call():179 No submit PeriodicStats since input started.
08-04 11:18:59.785  9285  9297 I art     : Explicit concurrent mark sweep GC freed 102(1856B) AllocSpace objects, 0(0B) LOS objects, 29% free, 38MB/54MB, paused 328us total 20.839ms
08-04 11:18:59.795  9285  9297 I art     : Starting a blocking GC Explicit
08-04 11:18:59.817  9285  9297 I art     : Explicit concurrent mark sweep GC freed 98(1664B) AllocSpace objects, 0(0B) LOS objects, 29% free, 38MB/54MB, paused 386us total 22.566ms
08-04 11:18:59.827  9285  9297 I art     : Starting a blocking GC Explicit
08-04 11:18:59.848  9285  9297 I art     : Explicit concurrent mark sweep GC freed 100(1728B) AllocSpace objects, 0(0B) LOS objects, 29% free, 38MB/54MB, paused 332us total 21.375ms
08-04 11:19:00.160  9285  9305 I art     : Starting a blocking GC Explicit
08-04 11:19:00.182  9285  9305 I art     : Explicit concurrent mark sweep GC freed 2387(98KB) AllocSpace objects, 2(40KB) LOS objects, 29% free, 38MB/54MB, paused 339us total 21.561ms
08-04 11:19:00.191  9285  9305 I art     : Starting a blocking GC Explicit
08-04 11:19:00.212  9285  9305 I art     : Explicit concurrent mark sweep GC freed 82(1776B) AllocSpace objects, 0(0B) LOS objects, 29% free, 38MB/54MB, paused 440us total 20.962ms
08-04 11:19:00.221  9285  9305 I art     : Starting a blocking GC Explicit
08-04 11:19:00.242  9285  9305 I art     : Explicit concurrent mark sweep GC freed 87(1504B) AllocSpace objects, 0(0B) LOS objects, 29% free, 38MB/54MB, paused 338us total 21.127ms
08-04 11:19:00.252  9285  9305 I art     : Starting a blocking GC Explicit
08-04 11:19:00.274  9285  9305 I art     : Explicit concurrent mark sweep GC freed 99(1696B) AllocSpace objects, 0(0B) LOS objects, 29% free, 38MB/54MB, paused 305us total 21.723ms
08-04 11:19:00.283  9285  9305 I art     : Starting a blocking GC Explicit
08-04 11:19:00.304  9285  9305 I art     : Explicit concurrent mark sweep GC freed 99(1696B) AllocSpace objects, 0(0B) LOS objects, 29% free, 38MB/54MB, paused 326us total 20.546ms
08-04 11:19:00.314  2268  2268 I ServiceManager: Waiting for service AtCmdFwd...
08-04 11:19:00.575  9285  9563 I art     : Starting a blocking GC Explicit
08-04 11:19:00.593  9952  9952 D AndroidRuntime: >>>>>> START com.android.internal.os.RuntimeInit uid 2000 <<<<<<
08-04 11:19:00.598  9952  9952 D AndroidRuntime: CheckJNI is OFF
08-04 11:19:00.598  9285  9563 I art     : Explicit concurrent mark sweep GC freed 2291(97KB) AllocSpace objects, 2(40KB) LOS objects, 29% free, 38MB/54MB, paused 401us total 22.945ms
08-04 11:19:00.608  9285  9563 I art     : Starting a blocking GC Explicit
08-04 11:19:00.624  9952  9952 D ICU     : No timezone override file found: /data/misc/zoneinfo/current/icu/icu_tzdata.dat
08-04 11:19:00.627  9285  9563 I art     : Explicit concurrent mark sweep GC freed 71(1616B) AllocSpace objects, 0(0B) LOS objects, 29% free, 38MB/54MB, paused 383us total 18.592ms
08-04 11:19:00.636  9285  9563 I art     : Starting a blocking GC Explicit
08-04 11:19:00.648  9952  9952 I Radio-JNI: register_android_hardware_Radio DONE
08-04 11:19:00.655  9285  9563 I art     : Explicit concurrent mark sweep GC freed 99(1696B) AllocSpace objects, 0(0B) LOS objects, 29% free, 38MB/54MB, paused 343us total 19.038ms
08-04 11:19:00.664  9285  9563 I art     : Starting a blocking GC Explicit
08-04 11:19:00.664  9952  9952 D AndroidRuntime: Calling main entry com.android.commands.input.Input
08-04 11:19:00.665  9952  9952 I Input   : injectMotionEvent: MotionEvent { action=ACTION_DOWN, actionButton=0, id[0]=0, x[0]=504.0, y[0]=1706.0, toolType[0]=TOOL_TYPE_UNKNOWN, buttonState=0, metaState=0, flags=0x0, edgeFlags=0x0, pointerCount=1, historySize=0, eventTime=703157078, downTime=703157078, deviceId=0, source=0x1002 }
08-04 11:19:00.671  9952  9952 I Input   : injectMotionEvent: MotionEvent { action=ACTION_UP, actionButton=0, id[0]=0, x[0]=504.0, y[0]=1706.0, toolType[0]=TOOL_TYPE_UNKNOWN, buttonState=0, metaState=0, flags=0x0, edgeFlags=0x0, pointerCount=1, historySize=0, eventTime=703157078, downTime=703157078, deviceId=0, source=0x1002 }
08-04 11:19:00.672  9952  9952 D AndroidRuntime: Shutting down VM
08-04 11:19:00.673   512  2967 D audio_hw_primary: out_set_parameters: enter: usecase(1: low-latency-playback) kvpairs: routing=2
08-04 11:19:00.675   918  3670 I ActivityManager: START u0 {cmp=baseline.io.github.project_travel_mate/.destinations.funfacts.FunFactsActivity (has extras)} from uid 10650 on display 0
08-04 11:19:00.684  9285  9563 I art     : Explicit concurrent mark sweep GC freed 1140(117KB) AllocSpace objects, 0(0B) LOS objects, 29% free, 38MB/54MB, paused 508us total 20.102ms
08-04 11:19:00.686   512  2967 D audio_hw_primary: select_devices: out_snd_device(2: speaker) in_snd_device(0: none)
08-04 11:19:00.686   512  2967 D msm8974_platform: platform_send_audio_calibration: sending audio calibration for snd_device(2) acdb_id(15)
08-04 11:19:00.687   512  2967 I soundtrigger: audio_extn_sound_trigger_update_device_status: device 0x2 of type 0 for Event 1
08-04 11:19:00.694  9285  9366 D Gabe    : call	returning from cache
08-04 11:19:00.696  9285  9563 I art     : Starting a blocking GC Explicit
08-04 11:19:00.699   512  2967 D audio_hw_primary: enable_snd_device: snd_device(2: speaker)
08-04 11:19:00.701   512  2967 D audio_hw_primary: enable_audio_route: apply and update mixer path: low-latency-playback speaker
08-04 11:19:00.705  9285  9285 V EXECUTING: https://project-travel-mate.herokuapp.com/api/get-city-facts/1
08-04 11:19:00.722  9285  9563 I art     : Explicit concurrent mark sweep GC freed 1337(123KB) AllocSpace objects, 0(0B) LOS objects, 29% free, 38MB/54MB, paused 396us total 26.609ms
08-04 11:19:00.825   918   936 I ActivityManager: Displayed baseline.io.github.project_travel_mate/.destinations.funfacts.FunFactsActivity: +142ms
08-04 11:19:00.826 13866 13866 I GoogleInputMethodServic: GoogleInputMethodService.onFinishInput():3138 
08-04 11:19:00.827 13866 13866 I GoogleInputMethodServic: GoogleInputMethodService.onStartInput():1808 
08-04 11:19:00.978  9285  9297 I art     : Starting a blocking GC Explicit
08-04 11:19:01.001  9285  9297 I art     : Explicit concurrent mark sweep GC freed 2820(123KB) AllocSpace objects, 2(40KB) LOS objects, 27% free, 43MB/59MB, paused 364us total 22.984ms
08-04 11:19:01.011  9285  9297 I art     : Starting a blocking GC Explicit
08-04 11:19:01.034  9285  9297 I art     : Explicit concurrent mark sweep GC freed 172(3KB) AllocSpace objects, 0(0B) LOS objects, 27% free, 43MB/59MB, paused 358us total 22.913ms
08-04 11:19:01.044  9285  9297 I art     : Starting a blocking GC Explicit
08-04 11:19:01.070  9285  9297 I art     : Explicit concurrent mark sweep GC freed 147(2496B) AllocSpace objects, 0(0B) LOS objects, 27% free, 43MB/59MB, paused 364us total 26.208ms
08-04 11:19:01.080   380   380 W SurfaceFlinger: couldn't log to binary event log: overflow.
08-04 11:19:01.081  9285  9297 I art     : Starting a blocking GC Explicit
08-04 11:19:01.104  9285  9297 I art     : Explicit concurrent mark sweep GC freed 147(2496B) AllocSpace objects, 0(0B) LOS objects, 27% free, 43MB/59MB, paused 366us total 22.786ms
08-04 11:19:01.114  9285  9297 I art     : Starting a blocking GC Explicit
08-04 11:19:01.134  9285  9297 I art     : Explicit concurrent mark sweep GC freed 147(2496B) AllocSpace objects, 0(0B) LOS objects, 27% free, 43MB/59MB, paused 336us total 19.795ms
08-04 11:19:01.238   512  2967 D audio_hw_primary: disable_audio_route: reset and update mixer path: low-latency-playback speaker
08-04 11:19:01.240   512  2967 D audio_hw_primary: disable_snd_device: snd_device(2: speaker)
08-04 11:19:01.247   512  2967 I soundtrigger: audio_extn_sound_trigger_update_device_status: device 0x2 of type 0 for Event 0
08-04 11:19:01.314  2268  2268 W Atfwd_Sendcmd: AtCmdFwd service not published, waiting... retryCnt : 3
08-04 11:19:01.409  9285  9297 I art     : Starting a blocking GC Explicit
08-04 11:19:01.430  9285  9297 I art     : Explicit concurrent mark sweep GC freed 2299(98KB) AllocSpace objects, 2(40KB) LOS objects, 27% free, 43MB/59MB, paused 626us total 20.517ms
08-04 11:19:01.439  9285  9297 I art     : Starting a blocking GC Explicit
08-04 11:19:01.462  9285  9297 I art     : Explicit concurrent mark sweep GC freed 823(61KB) AllocSpace objects, 2(120KB) LOS objects, 26% free, 43MB/59MB, paused 675us total 22.483ms
08-04 11:19:01.471  9285  9297 I art     : Starting a blocking GC Explicit
08-04 11:19:01.493  9285  9297 I art     : Explicit concurrent mark sweep GC freed 2244(85KB) AllocSpace objects, 0(0B) LOS objects, 26% free, 43MB/59MB, paused 571us total 22.237ms
08-04 11:19:01.503  9285  9297 I art     : Starting a blocking GC Explicit
08-04 11:19:01.509 13866 13882 I PeriodicStatsRunner: PeriodicStatsRunner.call():175 call()
08-04 11:19:01.509 13866 13882 I PeriodicStatsRunner: PeriodicStatsRunner.call():179 No submit PeriodicStats since input started.
08-04 11:19:01.518  9285  9976 I NAPPA_EXPERIMENTATION: MetricNetworkRequestExecutionTime: REQUEST_DURATION_SYSTEM='813',REQUEST_DURATION_OKHTTP='32',REQUEST_SYNCHRONOUS='FALSE',RESPONSE_CODE='200',RESPONSE_METHOD='GET',RESPONSE_LENGTH_OKHTTP='1793',RESPONSE_LENGTH_HEADER='1793',REQUEST_PROTOCOL='http/1.1',REQUEST_URL='https://project-travel-mate.herokuapp.com/api/get-city-facts/1',
08-04 11:19:01.520  9285  9976 V EXECUTING: https://project-travel-mate.herokuapp.com/api/get-city-images/1
08-04 11:19:01.525  9285  9297 I art     : Explicit concurrent mark sweep GC freed 1156(141KB) AllocSpace objects, 1(80KB) LOS objects, 26% free, 43MB/59MB, paused 633us total 22.183ms
08-04 11:19:01.534  9285  9297 I art     : Starting a blocking GC Explicit
08-04 11:19:01.555  9285  9297 I art     : Explicit concurrent mark sweep GC freed 363(18KB) AllocSpace objects, 0(0B) LOS objects, 26% free, 43MB/59MB, paused 653us total 20.850ms
08-04 11:19:01.627   918  3261 D WifiStateMachine: starting scan for "H369AA63323"WPA_PSK with 2412,5180
08-04 11:19:01.835  9285  9563 I art     : Starting a blocking GC Explicit
08-04 11:19:01.858  9285  9563 I art     : Explicit concurrent mark sweep GC freed 2278(97KB) AllocSpace objects, 2(40KB) LOS objects, 26% free, 43MB/59MB, paused 723us total 21.915ms
08-04 11:19:01.866  9285  9563 I art     : Starting a blocking GC Explicit
08-04 11:19:01.888  9285  9563 I art     : Explicit concurrent mark sweep GC freed 171(3KB) AllocSpace objects, 0(0B) LOS objects, 26% free, 43MB/59MB, paused 504us total 21.556ms
08-04 11:19:01.898  9285  9563 I art     : Starting a blocking GC Explicit
08-04 11:19:01.918  9285  9563 I art     : Explicit concurrent mark sweep GC freed 122(2048B) AllocSpace objects, 0(0B) LOS objects, 26% free, 43MB/59MB, paused 551us total 20.405ms
08-04 11:19:01.928  9285  9563 I art     : Starting a blocking GC Explicit
08-04 11:19:01.948  9285  9563 I art     : Explicit concurrent mark sweep GC freed 64(1088B) AllocSpace objects, 0(0B) LOS objects, 26% free, 43MB/59MB, paused 443us total 20.464ms
08-04 11:19:01.958  9285  9563 I art     : Starting a blocking GC Explicit
08-04 11:19:01.980  9285  9563 I art     : Explicit concurrent mark sweep GC freed 85(1440B) AllocSpace objects, 0(0B) LOS objects, 26% free, 43MB/59MB, paused 584us total 21.391ms
08-04 11:19:02.127  9285  9998 I NAPPA_EXPERIMENTATION: MetricNetworkRequestExecutionTime: REQUEST_DURATION_SYSTEM='606',REQUEST_DURATION_OKHTTP='28',REQUEST_SYNCHRONOUS='FALSE',RESPONSE_CODE='200',RESPONSE_METHOD='GET',RESPONSE_LENGTH_OKHTTP='183',RESPONSE_LENGTH_HEADER='183',REQUEST_PROTOCOL='http/1.1',REQUEST_URL='https://project-travel-mate.herokuapp.com/api/get-city-images/1',
08-04 11:19:02.170  9285  9998 V RESPONSE: [{"id":17,"image_url":"https://upload.wikimedia.org/wikipedia/commons/9/94/%E0%B4%96%E0%B5%81%E0%B4%A4%E0%B5%8D%E0%B4%AC%E0%B5%8D_%E0%B4%AE%E0%B4%BF%E0%B4%A8%E0%B4%BE%E0%B5%BC1.jpg"}]
08-04 11:19:02.259  9285  9305 I art     : Starting a blocking GC Explicit
08-04 11:19:02.282  9285  9305 I art     : Explicit concurrent mark sweep GC freed 8296(375KB) AllocSpace objects, 6(4MB) LOS objects, 28% free, 39MB/55MB, paused 371us total 23.031ms
08-04 11:19:02.291  9285  9305 I art     : Starting a blocking GC Explicit
08-04 11:19:02.312  9285  9305 I art     : Explicit concurrent mark sweep GC freed 1235(126KB) AllocSpace objects, 0(0B) LOS objects, 28% free, 39MB/55MB, paused 399us total 20.823ms
08-04 11:19:02.321  9285  9305 I art     : Starting a blocking GC Explicit
08-04 11:19:02.343  9285  9305 I art     : Explicit concurrent mark sweep GC freed 147(2496B) AllocSpace objects, 0(0B) LOS objects, 28% free, 39MB/55MB, paused 357us total 21.474ms
08-04 11:19:02.352  9285  9305 I art     : Starting a blocking GC Explicit
08-04 11:19:02.375  9285  9305 I art     : Explicit concurrent mark sweep GC freed 165(3KB) AllocSpace objects, 0(0B) LOS objects, 28% free, 39MB/55MB, paused 445us total 22.400ms
08-04 11:19:02.385  9285  9305 I art     : Starting a blocking GC Explicit
08-04 11:19:02.409  9285  9305 I art     : Explicit concurrent mark sweep GC freed 147(2496B) AllocSpace objects, 0(0B) LOS objects, 28% free, 39MB/55MB, paused 386us total 24.505ms
08-04 11:19:02.770  9285  9296 I art     : Starting a blocking GC Explicit
08-04 11:19:02.797  9285  9296 I art     : Explicit concurrent mark sweep GC freed 3103(110KB) AllocSpace objects, 2(40KB) LOS objects, 28% free, 39MB/55MB, paused 383us total 26.027ms
08-04 11:19:02.807  9285  9296 I art     : Starting a blocking GC Explicit
08-04 11:19:02.831  9285  9296 I art     : Explicit concurrent mark sweep GC freed 166(3KB) AllocSpace objects, 0(0B) LOS objects, 28% free, 39MB/55MB, paused 369us total 24.111ms
08-04 11:19:02.840  9285  9296 I art     : Starting a blocking GC Explicit
08-04 11:19:02.864  9285  9296 I art     : Explicit concurrent mark sweep GC freed 147(2496B) AllocSpace objects, 0(0B) LOS objects, 28% free, 39MB/55MB, paused 369us total 23.675ms
08-04 11:19:02.874  9285  9296 I art     : Starting a blocking GC Explicit
08-04 11:19:02.898  9285  9296 I art     : Explicit concurrent mark sweep GC freed 147(2496B) AllocSpace objects, 0(0B) LOS objects, 28% free, 39MB/55MB, paused 394us total 24.350ms
08-04 11:19:02.909  9285  9296 I art     : Starting a blocking GC Explicit
08-04 11:19:02.932  9285  9296 I art     : Explicit concurrent mark sweep GC freed 147(2496B) AllocSpace objects, 0(0B) LOS objects, 28% free, 39MB/55MB, paused 431us total 22.637ms
08-04 11:19:03.251 10030 10030 D AndroidRuntime: >>>>>> START com.android.internal.os.RuntimeInit uid 2000 <<<<<<
08-04 11:19:03.255 10030 10030 D AndroidRuntime: CheckJNI is OFF
08-04 11:19:03.264  9285  9563 I art     : Starting a blocking GC Explicit
08-04 11:19:03.282 10030 10030 D ICU     : No timezone override file found: /data/misc/zoneinfo/current/icu/icu_tzdata.dat
08-04 11:19:03.288  9285  9563 I art     : Explicit concurrent mark sweep GC freed 3010(108KB) AllocSpace objects, 2(40KB) LOS objects, 28% free, 39MB/55MB, paused 431us total 23.375ms
08-04 11:19:03.298  9285  9563 I art     : Starting a blocking GC Explicit
08-04 11:19:03.308 10030 10030 I Radio-JNI: register_android_hardware_Radio DONE
08-04 11:19:03.321  9285  9563 I art     : Explicit concurrent mark sweep GC freed 167(3KB) AllocSpace objects, 0(0B) LOS objects, 28% free, 39MB/55MB, paused 451us total 23.420ms
08-04 11:19:03.326 10030 10030 D AndroidRuntime: Calling main entry com.android.commands.input.Input
08-04 11:19:03.327 10030 10030 I Input   : injectKeyEvent: KeyEvent { action=ACTION_DOWN, keyCode=KEYCODE_BACK, scanCode=0, metaState=0, flags=0x0, repeatCount=0, eventTime=703159740, downTime=703159740, deviceId=-1, source=0x101 }
08-04 11:19:03.331  9285  9563 I art     : Starting a blocking GC Explicit
08-04 11:19:03.334 10030 10030 I Input   : injectKeyEvent: KeyEvent { action=ACTION_UP, keyCode=KEYCODE_BACK, scanCode=0, metaState=0, flags=0x0, repeatCount=0, eventTime=703159740, downTime=703159740, deviceId=-1, source=0x101 }
08-04 11:19:03.339 10030 10030 D AndroidRuntime: Shutting down VM
08-04 11:19:03.353  9285  9563 I art     : Explicit concurrent mark sweep GC freed 198(4KB) AllocSpace objects, 0(0B) LOS objects, 28% free, 39MB/55MB, paused 373us total 21.400ms
08-04 11:19:03.362  9285  9563 I art     : Starting a blocking GC Explicit
08-04 11:19:03.374 13866 13866 I GoogleInputMethodServic: GoogleInputMethodService.onFinishInput():3138 
08-04 11:19:03.374 13866 13866 I GoogleInputMethodServic: GoogleInputMethodService.onStartInput():1808 
08-04 11:19:03.384  9285  9563 I art     : Explicit concurrent mark sweep GC freed 109(2576B) AllocSpace objects, 0(0B) LOS objects, 28% free, 39MB/55MB, paused 396us total 21.850ms
08-04 11:19:03.394  9285  9563 I art     : Starting a blocking GC Explicit
08-04 11:19:03.415  9285  9563 I art     : Explicit concurrent mark sweep GC freed 169(3KB) AllocSpace objects, 0(0B) LOS objects, 28% free, 39MB/55MB, paused 385us total 21.444ms
08-04 11:19:03.666   380   380 W SurfaceFlinger: couldn't log to binary event log: overflow.
08-04 11:19:03.717  9285  9296 I art     : Starting a blocking GC Explicit
08-04 11:19:03.744  9285  9296 I art     : Explicit concurrent mark sweep GC freed 3567(141KB) AllocSpace objects, 5(684KB) LOS objects, 29% free, 39MB/55MB, paused 432us total 26.650ms
08-04 11:19:03.754  9285  9296 I art     : Starting a blocking GC Explicit
08-04 11:19:03.779  9285  9296 I art     : Explicit concurrent mark sweep GC freed 860(37KB) AllocSpace objects, 0(0B) LOS objects, 29% free, 39MB/55MB, paused 398us total 24.673ms
08-04 11:19:03.789  9285  9296 I art     : Starting a blocking GC Explicit
08-04 11:19:03.812  9285  9296 I art     : Explicit concurrent mark sweep GC freed 4780(231KB) AllocSpace objects, 1(28KB) LOS objects, 29% free, 38MB/54MB, paused 396us total 23.353ms
08-04 11:19:03.822  9285  9296 I art     : Starting a blocking GC Explicit
08-04 11:19:03.845  9285  9296 I art     : Explicit concurrent mark sweep GC freed 99(1696B) AllocSpace objects, 0(0B) LOS objects, 29% free, 38MB/54MB, paused 394us total 22.793ms
08-04 11:19:03.855  9285  9296 I art     : Starting a blocking GC Explicit
08-04 11:19:03.878  9285  9296 I art     : Explicit concurrent mark sweep GC freed 99(1696B) AllocSpace objects, 0(0B) LOS objects, 29% free, 38MB/54MB, paused 372us total 22.795ms
08-04 11:19:04.090 13866 13882 I PeriodicStatsRunner: PeriodicStatsRunner.call():175 call()
08-04 11:19:04.090 13866 13882 I PeriodicStatsRunner: PeriodicStatsRunner.call():179 No submit PeriodicStats since input started.
08-04 11:19:04.197  9285  9305 I art     : Starting a blocking GC Explicit
08-04 11:19:04.222  9285  9305 I art     : Explicit concurrent mark sweep GC freed 2436(99KB) AllocSpace objects, 2(40KB) LOS objects, 29% free, 38MB/54MB, paused 377us total 23.997ms
08-04 11:19:04.231  9285  9305 I art     : Starting a blocking GC Explicit
08-04 11:19:04.252  9285  9305 I art     : Explicit concurrent mark sweep GC freed 118(2384B) AllocSpace objects, 0(0B) LOS objects, 29% free, 38MB/54MB, paused 365us total 21.403ms
08-04 11:19:04.262  9285  9305 I art     : Starting a blocking GC Explicit
08-04 11:19:04.283  9285  9305 I art     : Explicit concurrent mark sweep GC freed 51(896B) AllocSpace objects, 0(0B) LOS objects, 29% free, 38MB/54MB, paused 400us total 21.364ms
08-04 11:19:04.292  9285  9305 I art     : Starting a blocking GC Explicit
08-04 11:19:04.315  9285  9305 I art     : Explicit concurrent mark sweep GC freed 99(1696B) AllocSpace objects, 0(0B) LOS objects, 29% free, 38MB/54MB, paused 450us total 22.748ms
08-04 11:19:04.325  9285  9305 I art     : Starting a blocking GC Explicit
08-04 11:19:04.347  9285  9305 I art     : Explicit concurrent mark sweep GC freed 99(1696B) AllocSpace objects, 0(0B) LOS objects, 29% free, 38MB/54MB, paused 416us total 21.612ms
08-04 11:19:04.670  9285  9563 I art     : Starting a blocking GC Explicit
08-04 11:19:04.692  9285  9563 I art     : Explicit concurrent mark sweep GC freed 2458(100KB) AllocSpace objects, 2(40KB) LOS objects, 29% free, 38MB/54MB, paused 387us total 22.439ms
08-04 11:19:04.702  9285  9563 I art     : Starting a blocking GC Explicit
08-04 11:19:04.724  9285  9563 I art     : Explicit concurrent mark sweep GC freed 134(3KB) AllocSpace objects, 0(0B) LOS objects, 29% free, 38MB/54MB, paused 375us total 22.082ms
08-04 11:19:04.734  9285  9563 I art     : Starting a blocking GC Explicit
08-04 11:19:04.756  9285  9563 I art     : Explicit concurrent mark sweep GC freed 98(1664B) AllocSpace objects, 0(0B) LOS objects, 29% free, 38MB/54MB, paused 379us total 22.028ms
08-04 11:19:04.765  9285  9563 I art     : Starting a blocking GC Explicit
08-04 11:19:04.786  9285  9563 I art     : Explicit concurrent mark sweep GC freed 99(1696B) AllocSpace objects, 0(0B) LOS objects, 29% free, 38MB/54MB, paused 394us total 20.785ms
08-04 11:19:04.795  9285  9563 I art     : Starting a blocking GC Explicit
08-04 11:19:04.816  9285  9563 I art     : Explicit concurrent mark sweep GC freed 52(928B) AllocSpace objects, 0(0B) LOS objects, 29% free, 38MB/54MB, paused 379us total 21.321ms
08-04 11:19:04.900 10084 10084 D AndroidRuntime: >>>>>> START com.android.internal.os.RuntimeInit uid 2000 <<<<<<
08-04 11:19:04.905 10084 10084 D AndroidRuntime: CheckJNI is OFF
08-04 11:19:04.932 10084 10084 D ICU     : No timezone override file found: /data/misc/zoneinfo/current/icu/icu_tzdata.dat
08-04 11:19:04.958 10084 10084 I Radio-JNI: register_android_hardware_Radio DONE
08-04 11:19:04.975 10084 10084 D AndroidRuntime: Calling main entry com.android.commands.input.Input
08-04 11:19:04.977 10084 10084 I Input   : injectMotionEvent: MotionEvent { action=ACTION_DOWN, actionButton=0, id[0]=0, x[0]=693.0, y[0]=1450.0, toolType[0]=TOOL_TYPE_UNKNOWN, buttonState=0, metaState=0, flags=0x0, edgeFlags=0x0, pointerCount=1, historySize=0, eventTime=703161390, downTime=703161390, deviceId=0, source=0x1002 }
08-04 11:19:04.984 10084 10084 I Input   : injectMotionEvent: MotionEvent { action=ACTION_UP, actionButton=0, id[0]=0, x[0]=693.0, y[0]=1450.0, toolType[0]=TOOL_TYPE_UNKNOWN, buttonState=0, metaState=0, flags=0x0, edgeFlags=0x0, pointerCount=1, historySize=0, eventTime=703161390, downTime=703161390, deviceId=0, source=0x1002 }
08-04 11:19:04.986   918  5952 I ActivityManager: START u0 {cmp=baseline.io.github.project_travel_mate/.destinations.description.CityHistoryActivity} from uid 10650 on display 0
08-04 11:19:04.986 10084 10084 D AndroidRuntime: Shutting down VM
08-04 11:19:04.988   512  2967 D audio_hw_primary: out_set_parameters: enter: usecase(1: low-latency-playback) kvpairs: routing=2
08-04 11:19:05.001   512  2967 D audio_hw_primary: select_devices: out_snd_device(2: speaker) in_snd_device(0: none)
08-04 11:19:05.001   512  2967 D msm8974_platform: platform_send_audio_calibration: sending audio calibration for snd_device(2) acdb_id(15)
08-04 11:19:05.001   512  2967 I soundtrigger: audio_extn_sound_trigger_update_device_status: device 0x2 of type 0 for Event 1
08-04 11:19:05.010  9285  9366 D Gabe    : call	returning from cache
08-04 11:19:05.011   512  2967 D audio_hw_primary: enable_snd_device: snd_device(2: speaker)
08-04 11:19:05.011  9285  9285 V EXECUTING: https://project-travel-mate.herokuapp.com/api/get-city-information/1
08-04 11:19:05.013   512  2967 D audio_hw_primary: enable_audio_route: apply and update mixer path: low-latency-playback speaker
08-04 11:19:05.101  9285  9297 I art     : Starting a blocking GC Explicit
08-04 11:19:05.123  9285  9297 I art     : Explicit concurrent mark sweep GC freed 3116(155KB) AllocSpace objects, 2(40KB) LOS objects, 26% free, 43MB/59MB, paused 400us total 21.731ms
08-04 11:19:05.123   918   936 I ActivityManager: Displayed baseline.io.github.project_travel_mate/.destinations.description.CityHistoryActivity: +128ms
08-04 11:19:05.125 13866 13866 I GoogleInputMethodServic: GoogleInputMethodService.onFinishInput():3138 
08-04 11:19:05.126 13866 13866 I GoogleInputMethodServic: GoogleInputMethodService.onStartInput():1808 
08-04 11:19:05.133  9285  9297 I art     : Starting a blocking GC Explicit
08-04 11:19:05.160  9285  9297 I art     : Explicit concurrent mark sweep GC freed 348(12KB) AllocSpace objects, 0(0B) LOS objects, 26% free, 43MB/59MB, paused 861us total 26.499ms
08-04 11:19:05.171  9285  9297 I art     : Starting a blocking GC Explicit
08-04 11:19:05.195  9285  9297 I art     : Explicit concurrent mark sweep GC freed 152(2592B) AllocSpace objects, 0(0B) LOS objects, 26% free, 43MB/59MB, paused 543us total 24.596ms
08-04 11:19:05.206  9285  9297 I art     : Starting a blocking GC Explicit
08-04 11:19:05.227  9285  9297 I art     : Explicit concurrent mark sweep GC freed 153(2784B) AllocSpace objects, 0(0B) LOS objects, 26% free, 43MB/59MB, paused 405us total 21.214ms
08-04 11:19:05.237  9285  9297 I art     : Starting a blocking GC Explicit
08-04 11:19:05.258  9285  9297 I art     : Explicit concurrent mark sweep GC freed 147(2496B) AllocSpace objects, 0(0B) LOS objects, 26% free, 43MB/59MB, paused 433us total 20.756ms
08-04 11:19:05.370   380   380 W SurfaceFlinger: couldn't log to binary event log: overflow.
08-04 11:19:05.524  9285  9297 I art     : Starting a blocking GC Explicit
08-04 11:19:05.547  9285  9297 I art     : Explicit concurrent mark sweep GC freed 2511(100KB) AllocSpace objects, 2(40KB) LOS objects, 26% free, 43MB/59MB, paused 651us total 22.037ms
08-04 11:19:05.557  9285  9297 I art     : Starting a blocking GC Explicit
08-04 11:19:05.559   512  2967 D audio_hw_primary: disable_audio_route: reset and update mixer path: low-latency-playback speaker
08-04 11:19:05.560   512  2967 D audio_hw_primary: disable_snd_device: snd_device(2: speaker)
08-04 11:19:05.568   512  2967 I soundtrigger: audio_extn_sound_trigger_update_device_status: device 0x2 of type 0 for Event 0
08-04 11:19:05.580  9285  9297 I art     : Explicit concurrent mark sweep GC freed 173(3KB) AllocSpace objects, 0(0B) LOS objects, 26% free, 43MB/59MB, paused 683us total 22.467ms
08-04 11:19:05.589  9285  9297 I art     : Starting a blocking GC Explicit
08-04 11:19:05.610  9285  9297 I art     : Explicit concurrent mark sweep GC freed 20(368B) AllocSpace objects, 0(0B) LOS objects, 26% free, 43MB/59MB, paused 396us total 20.724ms
08-04 11:19:05.620  9285  9297 I art     : Starting a blocking GC Explicit
08-04 11:19:05.643  9285  9297 I art     : Explicit concurrent mark sweep GC freed 128(2160B) AllocSpace objects, 0(0B) LOS objects, 26% free, 43MB/59MB, paused 709us total 22.259ms
08-04 11:19:05.652  9285  9297 I art     : Starting a blocking GC Explicit
08-04 11:19:05.673  9285  9297 I art     : Explicit concurrent mark sweep GC freed 20(368B) AllocSpace objects, 0(0B) LOS objects, 26% free, 43MB/59MB, paused 370us total 20.590ms
08-04 11:19:05.814  9285 10106 I NAPPA_EXPERIMENTATION: MetricNetworkRequestExecutionTime: REQUEST_DURATION_SYSTEM='802',REQUEST_DURATION_OKHTTP='32',REQUEST_SYNCHRONOUS='FALSE',RESPONSE_CODE='200',RESPONSE_METHOD='GET',RESPONSE_LENGTH_OKHTTP='55024',RESPONSE_LENGTH_HEADER='55024',REQUEST_PROTOCOL='http/1.1',REQUEST_URL='https://project-travel-mate.herokuapp.com/api/get-city-information/1',
08-04 11:19:05.827 13866 13882 I PeriodicStatsRunner: PeriodicStatsRunner.call():175 call()
08-04 11:19:05.828 13866 13882 I PeriodicStatsRunner: PeriodicStatsRunner.call():179 No submit PeriodicStats since input started.
08-04 11:19:05.890 13866 13866 I GoogleInputMethodServic: GoogleInputMethodService.onFinishInput():3138 
08-04 11:19:05.893 13866 13866 I GoogleInputMethodServic: GoogleInputMethodService.onStartInput():1808 
08-04 11:19:05.936  9285  9296 I art     : Starting a blocking GC Explicit
08-04 11:19:05.963  9285  9296 I art     : Explicit concurrent mark sweep GC freed 6536(1456KB) AllocSpace objects, 25(5MB) LOS objects, 28% free, 39MB/55MB, paused 424us total 26.894ms
08-04 11:19:05.973  9285  9296 I art     : Starting a blocking GC Explicit
08-04 11:19:05.998  9285  9296 I art     : Explicit concurrent mark sweep GC freed 1145(121KB) AllocSpace objects, 0(0B) LOS objects, 28% free, 39MB/55MB, paused 410us total 24.340ms
08-04 11:19:06.007  9285  9296 I art     : Starting a blocking GC Explicit
08-04 11:19:06.031  9285  9296 I art     : Explicit concurrent mark sweep GC freed 147(2496B) AllocSpace objects, 0(0B) LOS objects, 28% free, 39MB/55MB, paused 400us total 24.234ms
08-04 11:19:06.041  9285  9296 I art     : Starting a blocking GC Explicit
08-04 11:19:06.065  9285  9296 I art     : Explicit concurrent mark sweep GC freed 147(2496B) AllocSpace objects, 0(0B) LOS objects, 28% free, 39MB/55MB, paused 403us total 24.065ms
08-04 11:19:06.075  9285  9296 I art     : Starting a blocking GC Explicit
08-04 11:19:06.099  9285  9296 I art     : Explicit concurrent mark sweep GC freed 147(2496B) AllocSpace objects, 0(0B) LOS objects, 28% free, 39MB/55MB, paused 392us total 23.955ms
08-04 11:19:06.413  9285  9297 I art     : Starting a blocking GC Explicit
08-04 11:19:06.438  9285  9297 I art     : Explicit concurrent mark sweep GC freed 2874(106KB) AllocSpace objects, 2(40KB) LOS objects, 28% free, 39MB/55MB, paused 499us total 24.338ms
08-04 11:19:06.447  9285  9297 I art     : Starting a blocking GC Explicit
08-04 11:19:06.471  9285  9297 I art     : Explicit concurrent mark sweep GC freed 206(3KB) AllocSpace objects, 0(0B) LOS objects, 28% free, 39MB/55MB, paused 492us total 23.770ms
08-04 11:19:06.481  9285  9297 I art     : Starting a blocking GC Explicit
08-04 11:19:06.505  9285  9297 I art     : Explicit concurrent mark sweep GC freed 171(2896B) AllocSpace objects, 0(0B) LOS objects, 28% free, 39MB/55MB, paused 409us total 23.808ms
08-04 11:19:06.515  9285  9297 I art     : Starting a blocking GC Explicit
08-04 11:19:06.539  9285  9297 I art     : Explicit concurrent mark sweep GC freed 148(2528B) AllocSpace objects, 0(0B) LOS objects, 28% free, 39MB/55MB, paused 384us total 23.715ms
08-04 11:19:06.549  9285  9297 I art     : Starting a blocking GC Explicit
08-04 11:19:06.572  9285  9297 I art     : Explicit concurrent mark sweep GC freed 147(2496B) AllocSpace objects, 0(0B) LOS objects, 28% free, 39MB/55MB, paused 392us total 23.740ms
08-04 11:19:06.910  9285  9563 I art     : Starting a blocking GC Explicit
08-04 11:19:06.937  9285  9563 I art     : Explicit concurrent mark sweep GC freed 2970(108KB) AllocSpace objects, 2(40KB) LOS objects, 28% free, 39MB/55MB, paused 402us total 26.405ms
08-04 11:19:06.947  9285  9563 I art     : Starting a blocking GC Explicit
08-04 11:19:06.972  9285  9563 I art     : Explicit concurrent mark sweep GC freed 192(3KB) AllocSpace objects, 0(0B) LOS objects, 28% free, 39MB/55MB, paused 491us total 23.943ms
08-04 11:19:06.981  9285  9563 I art     : Starting a blocking GC Explicit
08-04 11:19:07.005  9285  9563 I art     : Explicit concurrent mark sweep GC freed 151(2560B) AllocSpace objects, 0(0B) LOS objects, 28% free, 39MB/55MB, paused 469us total 23.651ms
08-04 11:19:07.015  9285  9563 I art     : Starting a blocking GC Explicit
08-04 11:19:07.039  9285  9563 I art     : Explicit concurrent mark sweep GC freed 161(2736B) AllocSpace objects, 0(0B) LOS objects, 28% free, 39MB/55MB, paused 487us total 23.854ms
08-04 11:19:07.048  9285  9563 I art     : Starting a blocking GC Explicit
08-04 11:19:07.073  9285  9563 I art     : Explicit concurrent mark sweep GC freed 175(2976B) AllocSpace objects, 0(0B) LOS objects, 28% free, 39MB/55MB, paused 438us total 24.123ms
08-04 11:19:07.422  9285  9297 I art     : Starting a blocking GC Explicit
08-04 11:19:07.450  9285  9297 I art     : Explicit concurrent mark sweep GC freed 3011(108KB) AllocSpace objects, 2(40KB) LOS objects, 28% free, 39MB/55MB, paused 406us total 27.540ms
08-04 11:19:07.462  9285  9297 I art     : Starting a blocking GC Explicit
08-04 11:19:07.486  9285  9297 I art     : Explicit concurrent mark sweep GC freed 167(3KB) AllocSpace objects, 0(0B) LOS objects, 28% free, 39MB/55MB, paused 423us total 23.533ms
08-04 11:19:07.496  9285  9297 I art     : Starting a blocking GC Explicit
08-04 11:19:07.520  9285  9297 I art     : Explicit concurrent mark sweep GC freed 147(2496B) AllocSpace objects, 0(0B) LOS objects, 28% free, 39MB/55MB, paused 375us total 23.530ms
08-04 11:19:07.529  9285  9297 I art     : Starting a blocking GC Explicit
08-04 11:19:07.553  9285  9297 I art     : Explicit concurrent mark sweep GC freed 147(2496B) AllocSpace objects, 0(0B) LOS objects, 28% free, 39MB/55MB, paused 383us total 23.834ms
08-04 11:19:07.563  9285  9297 I art     : Starting a blocking GC Explicit
08-04 11:19:07.588  9285  9297 I art     : Explicit concurrent mark sweep GC freed 153(2896B) AllocSpace objects, 0(0B) LOS objects, 28% free, 39MB/55MB, paused 382us total 24.597ms
08-04 11:19:07.995  9285  9305 I art     : Starting a blocking GC Explicit
08-04 11:19:08.024  9285  9305 I art     : Explicit concurrent mark sweep GC freed 3323(114KB) AllocSpace objects, 2(40KB) LOS objects, 28% free, 39MB/55MB, paused 563us total 28.235ms
08-04 11:19:08.035  9285  9305 I art     : Starting a blocking GC Explicit
08-04 11:19:08.060  9285  9305 I art     : Explicit concurrent mark sweep GC freed 236(4KB) AllocSpace objects, 0(0B) LOS objects, 28% free, 39MB/55MB, paused 415us total 24.734ms
08-04 11:19:08.070  9285  9305 I art     : Starting a blocking GC Explicit
08-04 11:19:08.094  9285  9305 I art     : Explicit concurrent mark sweep GC freed 147(2496B) AllocSpace objects, 0(0B) LOS objects, 28% free, 39MB/55MB, paused 385us total 23.982ms
08-04 11:19:08.103  9285  9305 I art     : Starting a blocking GC Explicit
08-04 11:19:08.127  9285  9305 I art     : Explicit concurrent mark sweep GC freed 148(2528B) AllocSpace objects, 0(0B) LOS objects, 28% free, 39MB/55MB, paused 428us total 23.841ms
08-04 11:19:08.137  9285  9305 I art     : Starting a blocking GC Explicit
08-04 11:19:08.166  9285  9305 I art     : Explicit concurrent mark sweep GC freed 147(2496B) AllocSpace objects, 0(0B) LOS objects, 28% free, 39MB/55MB, paused 419us total 29.119ms
08-04 11:19:08.376 13866 13882 I PeriodicStatsRunner: PeriodicStatsRunner.call():175 call()
08-04 11:19:08.377 13866 13882 I PeriodicStatsRunner: PeriodicStatsRunner.call():179 No submit PeriodicStats since input started.
08-04 11:19:08.528  9285  9296 I art     : Starting a blocking GC Explicit
08-04 11:19:08.556  9285  9296 I art     : Explicit concurrent mark sweep GC freed 3083(110KB) AllocSpace objects, 2(40KB) LOS objects, 28% free, 39MB/55MB, paused 411us total 27.033ms
08-04 11:19:08.568  9285  9296 I art     : Starting a blocking GC Explicit
08-04 11:19:08.592  9285  9296 I art     : Explicit concurrent mark sweep GC freed 237(4KB) AllocSpace objects, 0(0B) LOS objects, 28% free, 39MB/55MB, paused 408us total 23.072ms
08-04 11:19:08.601  9285  9296 I art     : Starting a blocking GC Explicit
08-04 11:19:08.624  9285  9296 I art     : Explicit concurrent mark sweep GC freed 115(1952B) AllocSpace objects, 0(0B) LOS objects, 28% free, 39MB/55MB, paused 494us total 22.885ms
08-04 11:19:08.634  9285  9296 I art     : Starting a blocking GC Explicit
08-04 11:19:08.657  9285  9296 I art     : Explicit concurrent mark sweep GC freed 123(2112B) AllocSpace objects, 0(0B) LOS objects, 28% free, 39MB/55MB, paused 618us total 23.097ms
08-04 11:19:08.667  9285  9296 I art     : Starting a blocking GC Explicit
08-04 11:19:08.691  9285  9296 I art     : Explicit concurrent mark sweep GC freed 165(2784B) AllocSpace objects, 0(0B) LOS objects, 28% free, 39MB/55MB, paused 470us total 23.598ms
08-04 11:19:09.044  9285  9563 I art     : Starting a blocking GC Explicit
08-04 11:19:09.071  9285  9563 I art     : Explicit concurrent mark sweep GC freed 3050(109KB) AllocSpace objects, 2(40KB) LOS objects, 28% free, 39MB/55MB, paused 412us total 27.034ms
08-04 11:19:09.087  9285  9563 I art     : Starting a blocking GC Explicit
08-04 11:19:09.110  9285  9563 I art     : Explicit concurrent mark sweep GC freed 238(4KB) AllocSpace objects, 0(0B) LOS objects, 28% free, 39MB/55MB, paused 383us total 23.255ms
08-04 11:19:09.120  9285  9563 I art     : Starting a blocking GC Explicit
08-04 11:19:09.142  9285  9563 I art     : Explicit concurrent mark sweep GC freed 146(2464B) AllocSpace objects, 0(0B) LOS objects, 28% free, 39MB/55MB, paused 428us total 22.341ms
08-04 11:19:09.152  9285  9563 I art     : Starting a blocking GC Explicit
08-04 11:19:09.175  9285  9563 I art     : Explicit concurrent mark sweep GC freed 118(2000B) AllocSpace objects, 0(0B) LOS objects, 28% free, 39MB/55MB, paused 496us total 22.967ms
08-04 11:19:09.185  9285  9563 I art     : Starting a blocking GC Explicit
08-04 11:19:09.209  9285  9563 I art     : Explicit concurrent mark sweep GC freed 152(2592B) AllocSpace objects, 0(0B) LOS objects, 28% free, 39MB/55MB, paused 482us total 23.556ms
08-04 11:19:09.476  9285  9297 I art     : Starting a blocking GC Explicit
08-04 11:19:09.502  9285  9297 I art     : Explicit concurrent mark sweep GC freed 2676(103KB) AllocSpace objects, 2(40KB) LOS objects, 28% free, 39MB/55MB, paused 403us total 25.247ms
08-04 11:19:09.512  9285  9297 I art     : Starting a blocking GC Explicit
08-04 11:19:09.536  9285  9297 I art     : Explicit concurrent mark sweep GC freed 166(3KB) AllocSpace objects, 0(0B) LOS objects, 28% free, 39MB/55MB, paused 420us total 24.133ms
08-04 11:19:09.546  9285  9297 I art     : Starting a blocking GC Explicit
08-04 11:19:09.569 10191 10191 D AndroidRuntime: >>>>>> START com.android.internal.os.RuntimeInit uid 2000 <<<<<<
08-04 11:19:09.569  9285  9297 I art     : Explicit concurrent mark sweep GC freed 147(2496B) AllocSpace objects, 0(0B) LOS objects, 28% free, 39MB/55MB, paused 409us total 23.099ms
08-04 11:19:09.573 10191 10191 D AndroidRuntime: CheckJNI is OFF
08-04 11:19:09.579  9285  9297 I art     : Starting a blocking GC Explicit
08-04 11:19:09.599 10191 10191 D ICU     : No timezone override file found: /data/misc/zoneinfo/current/icu/icu_tzdata.dat
08-04 11:19:09.601  9285  9297 I art     : Explicit concurrent mark sweep GC freed 147(2496B) AllocSpace objects, 0(0B) LOS objects, 28% free, 39MB/55MB, paused 420us total 22.411ms
08-04 11:19:09.611  9285  9297 I art     : Starting a blocking GC Explicit
08-04 11:19:09.624 10191 10191 I Radio-JNI: register_android_hardware_Radio DONE
08-04 11:19:09.634  9285  9297 I art     : Explicit concurrent mark sweep GC freed 147(2496B) AllocSpace objects, 0(0B) LOS objects, 28% free, 39MB/55MB, paused 382us total 23.015ms
08-04 11:19:09.641 10191 10191 D AndroidRuntime: Calling main entry com.android.commands.input.Input
08-04 11:19:09.642 10191 10191 I Input   : injectKeyEvent: KeyEvent { action=ACTION_DOWN, keyCode=KEYCODE_BACK, scanCode=0, metaState=0, flags=0x0, repeatCount=0, eventTime=703166056, downTime=703166056, deviceId=-1, source=0x101 }
08-04 11:19:09.649 10191 10191 I Input   : injectKeyEvent: KeyEvent { action=ACTION_UP, keyCode=KEYCODE_BACK, scanCode=0, metaState=0, flags=0x0, repeatCount=0, eventTime=703166056, downTime=703166056, deviceId=-1, source=0x101 }
08-04 11:19:09.654 10191 10191 D AndroidRuntime: Shutting down VM
08-04 11:19:09.685 13866 13866 I GoogleInputMethodServic: GoogleInputMethodService.onFinishInput():3138 
08-04 11:19:09.685 13866 13866 I GoogleInputMethodServic: GoogleInputMethodService.onStartInput():1808 
08-04 11:19:09.899  9285  9305 I art     : Starting a blocking GC Explicit
08-04 11:19:09.927  9285  9305 I art     : Explicit concurrent mark sweep GC freed 2813(107KB) AllocSpace objects, 2(40KB) LOS objects, 28% free, 39MB/55MB, paused 528us total 27.718ms
08-04 11:19:09.941  9285  9305 I art     : Starting a blocking GC Explicit
08-04 11:19:09.965  9285  9305 I art     : Explicit concurrent mark sweep GC freed 182(3KB) AllocSpace objects, 0(0B) LOS objects, 28% free, 39MB/55MB, paused 395us total 24.031ms
08-04 11:19:09.975  9285  9305 I art     : Starting a blocking GC Explicit
08-04 11:19:09.991   380   380 W SurfaceFlinger: couldn't log to binary event log: overflow.
08-04 11:19:09.999  9285  9305 I art     : Explicit concurrent mark sweep GC freed 160(3KB) AllocSpace objects, 0(0B) LOS objects, 28% free, 39MB/55MB, paused 368us total 23.583ms
08-04 11:19:10.008  9285  9305 I art     : Starting a blocking GC Explicit
08-04 11:19:10.029  9285  9305 I art     : Explicit concurrent mark sweep GC freed 113(2288B) AllocSpace objects, 1(188KB) LOS objects, 28% free, 39MB/55MB, paused 441us total 21.143ms
08-04 11:19:10.038  9285  9305 I art     : Starting a blocking GC Explicit
08-04 11:19:10.059  9285  9305 I art     : Explicit concurrent mark sweep GC freed 4751(339KB) AllocSpace objects, 7(132KB) LOS objects, 29% free, 38MB/54MB, paused 444us total 20.594ms
08-04 11:19:10.125 13866 13882 I PeriodicStatsRunner: PeriodicStatsRunner.call():175 call()
08-04 11:19:10.126 13866 13882 I PeriodicStatsRunner: PeriodicStatsRunner.call():179 No submit PeriodicStats since input started.
08-04 11:19:10.361  9285  9297 I art     : Starting a blocking GC Explicit
08-04 11:19:10.382  9285  9297 I art     : Explicit concurrent mark sweep GC freed 2365(98KB) AllocSpace objects, 2(40KB) LOS objects, 29% free, 38MB/54MB, paused 373us total 21.026ms
08-04 11:19:10.391  9285  9297 I art     : Starting a blocking GC Explicit
08-04 11:19:10.414  9285  9297 I art     : Explicit concurrent mark sweep GC freed 117(2352B) AllocSpace objects, 0(0B) LOS objects, 29% free, 38MB/54MB, paused 398us total 22.047ms
08-04 11:19:10.423  9285  9297 I art     : Starting a blocking GC Explicit
08-04 11:19:10.445  9285  9297 I art     : Explicit concurrent mark sweep GC freed 100(1728B) AllocSpace objects, 0(0B) LOS objects, 29% free, 38MB/54MB, paused 379us total 22.112ms
08-04 11:19:10.454  9285  9297 I art     : Starting a blocking GC Explicit
08-04 11:19:10.476  9285  9297 I art     : Explicit concurrent mark sweep GC freed 95(1600B) AllocSpace objects, 0(0B) LOS objects, 29% free, 38MB/54MB, paused 463us total 21.866ms
08-04 11:19:10.486  9285  9297 I art     : Starting a blocking GC Explicit
08-04 11:19:10.508  9285  9297 I art     : Explicit concurrent mark sweep GC freed 55(992B) AllocSpace objects, 0(0B) LOS objects, 29% free, 38MB/54MB, paused 407us total 22.508ms
08-04 11:19:10.819  9285  9296 I art     : Starting a blocking GC Explicit
08-04 11:19:10.845  9285  9296 I art     : Explicit concurrent mark sweep GC freed 2457(100KB) AllocSpace objects, 2(40KB) LOS objects, 29% free, 38MB/54MB, paused 420us total 25.942ms
08-04 11:19:10.857  9285  9296 I art     : Starting a blocking GC Explicit
08-04 11:19:10.879  9285  9296 I art     : Explicit concurrent mark sweep GC freed 129(2960B) AllocSpace objects, 0(0B) LOS objects, 29% free, 38MB/54MB, paused 353us total 21.419ms
08-04 11:19:10.888  9285  9296 I art     : Starting a blocking GC Explicit
08-04 11:19:10.893 13866 13882 I PeriodicStatsRunner: PeriodicStatsRunner.call():175 call()
08-04 11:19:10.893 13866 13882 I PeriodicStatsRunner: PeriodicStatsRunner.call():179 No submit PeriodicStats since input started.
08-04 11:19:10.909  9285  9296 I art     : Explicit concurrent mark sweep GC freed 52(912B) AllocSpace objects, 0(0B) LOS objects, 29% free, 38MB/54MB, paused 515us total 20.942ms
08-04 11:19:10.918  9285  9296 I art     : Starting a blocking GC Explicit
08-04 11:19:10.940  9285  9296 I art     : Explicit concurrent mark sweep GC freed 98(1680B) AllocSpace objects, 0(0B) LOS objects, 29% free, 38MB/54MB, paused 469us total 21.437ms
08-04 11:19:10.949  9285  9296 I art     : Starting a blocking GC Explicit
08-04 11:19:10.971  9285  9296 I art     : Explicit concurrent mark sweep GC freed 99(1696B) AllocSpace objects, 0(0B) LOS objects, 29% free, 38MB/54MB, paused 450us total 21.125ms
08-04 11:19:11.183 10246 10246 D AndroidRuntime: >>>>>> START com.android.internal.os.RuntimeInit uid 2000 <<<<<<
08-04 11:19:11.187 10246 10246 D AndroidRuntime: CheckJNI is OFF
08-04 11:19:11.213 10246 10246 D ICU     : No timezone override file found: /data/misc/zoneinfo/current/icu/icu_tzdata.dat
08-04 11:19:11.238 10246 10246 I Radio-JNI: register_android_hardware_Radio DONE
08-04 11:19:11.254 10246 10246 D AndroidRuntime: Calling main entry com.android.commands.input.Input
08-04 11:19:11.255 10246 10246 I Input   : injectKeyEvent: KeyEvent { action=ACTION_DOWN, keyCode=KEYCODE_BACK, scanCode=0, metaState=0, flags=0x0, repeatCount=0, eventTime=703167668, downTime=703167668, deviceId=-1, source=0x101 }
08-04 11:19:11.261 10246 10246 I Input   : injectKeyEvent: KeyEvent { action=ACTION_UP, keyCode=KEYCODE_BACK, scanCode=0, metaState=0, flags=0x0, repeatCount=0, eventTime=703167668, downTime=703167668, deviceId=-1, source=0x101 }
08-04 11:19:11.266 10246 10246 D AndroidRuntime: Shutting down VM
08-04 11:19:11.267  9285  9297 I art     : Starting a blocking GC Explicit
08-04 11:19:11.277  9285  9285 V MainActivity: url = https://project-travel-mate.herokuapp.com/api/number-of-unread-notifications
08-04 11:19:11.290  9285  9297 I art     : Explicit concurrent mark sweep GC freed 2688(112KB) AllocSpace objects, 2(40KB) LOS objects, 29% free, 38MB/54MB, paused 437us total 23.366ms
08-04 11:19:11.300  9285  9297 I art     : Starting a blocking GC Explicit
08-04 11:19:11.307 13866 13866 I GoogleInputMethodServic: GoogleInputMethodService.onFinishInput():3138 
08-04 11:19:11.308 13866 13866 I GoogleInputMethodServic: GoogleInputMethodService.onStartInput():1808 
08-04 11:19:11.323  9285  9297 I art     : Explicit concurrent mark sweep GC freed 224(7KB) AllocSpace objects, 0(0B) LOS objects, 29% free, 38MB/54MB, paused 547us total 22.672ms
08-04 11:19:11.334  9285  9297 I art     : Starting a blocking GC Explicit
08-04 11:19:11.356  9285  9297 I art     : Explicit concurrent mark sweep GC freed 138(3KB) AllocSpace objects, 0(0B) LOS objects, 29% free, 38MB/54MB, paused 429us total 21.531ms
08-04 11:19:11.365  9285  9297 I art     : Starting a blocking GC Explicit
08-04 11:19:11.384  9285  9297 I art     : Explicit concurrent mark sweep GC freed 112(2512B) AllocSpace objects, 0(0B) LOS objects, 29% free, 38MB/54MB, paused 394us total 19.449ms
08-04 11:19:11.393  9285  9297 I art     : Starting a blocking GC Explicit
08-04 11:19:11.416  9285  9297 I art     : Explicit concurrent mark sweep GC freed 143(4KB) AllocSpace objects, 0(0B) LOS objects, 29% free, 38MB/54MB, paused 569us total 22.175ms
08-04 11:19:11.594   380   380 W SurfaceFlinger: couldn't log to binary event log: overflow.
08-04 11:19:11.710  9285  9296 I art     : Starting a blocking GC Explicit
08-04 11:19:11.737  9285  9296 I art     : Explicit concurrent mark sweep GC freed 2207(98KB) AllocSpace objects, 2(40KB) LOS objects, 29% free, 38MB/54MB, paused 503us total 26.574ms
08-04 11:19:11.747  9285  9296 I art     : Starting a blocking GC Explicit
08-04 11:19:11.770  9285  9296 I art     : Explicit concurrent mark sweep GC freed 210(8KB) AllocSpace objects, 0(0B) LOS objects, 29% free, 38MB/54MB, paused 455us total 22.854ms
08-04 11:19:11.780  9285  9296 I art     : Starting a blocking GC Explicit
08-04 11:19:11.803  9285  9296 I art     : Explicit concurrent mark sweep GC freed 51(896B) AllocSpace objects, 0(0B) LOS objects, 29% free, 38MB/54MB, paused 451us total 22.889ms
08-04 11:19:11.812  9285  9296 I art     : Starting a blocking GC Explicit
08-04 11:19:11.836  9285  9296 I art     : Explicit concurrent mark sweep GC freed 51(896B) AllocSpace objects, 0(0B) LOS objects, 29% free, 38MB/54MB, paused 455us total 23.617ms
08-04 11:19:11.845  9285  9296 I art     : Starting a blocking GC Explicit
08-04 11:19:11.869  9285  9296 I art     : Explicit concurrent mark sweep GC freed 51(896B) AllocSpace objects, 0(0B) LOS objects, 29% free, 38MB/54MB, paused 453us total 23.340ms
08-04 11:19:12.153  9285 10269 I NAPPA_EXPERIMENTATION: MetricNetworkRequestExecutionTime: REQUEST_DURATION_SYSTEM='875',REQUEST_DURATION_OKHTTP='28',REQUEST_SYNCHRONOUS='FALSE',RESPONSE_CODE='200',RESPONSE_METHOD='GET',RESPONSE_LENGTH_OKHTTP='36',RESPONSE_LENGTH_HEADER='36',REQUEST_PROTOCOL='http/1.1',REQUEST_URL='https://project-travel-mate.herokuapp.com/api/number-of-unread-notifications',
08-04 11:19:12.163  9285  9305 I art     : Starting a blocking GC Explicit
08-04 11:19:12.185  9285  9305 I art     : Explicit concurrent mark sweep GC freed 4593(234KB) AllocSpace objects, 5(240KB) LOS objects, 29% free, 39MB/55MB, paused 468us total 21.396ms
08-04 11:19:12.193  9285  9305 I art     : Starting a blocking GC Explicit
08-04 11:19:12.214  9285  9305 I art     : Explicit concurrent mark sweep GC freed 1034(118KB) AllocSpace objects, 0(0B) LOS objects, 29% free, 39MB/55MB, paused 420us total 20.287ms
08-04 11:19:12.222  9285  9305 I art     : Starting a blocking GC Explicit
08-04 11:19:12.243  9285  9305 I art     : Explicit concurrent mark sweep GC freed 111(4KB) AllocSpace objects, 0(0B) LOS objects, 29% free, 39MB/55MB, paused 393us total 20.272ms
08-04 11:19:12.251  9285  9305 I art     : Starting a blocking GC Explicit
08-04 11:19:12.271  9285  9305 I art     : Explicit concurrent mark sweep GC freed 51(896B) AllocSpace objects, 0(0B) LOS objects, 29% free, 39MB/55MB, paused 364us total 19.987ms
08-04 11:19:12.280  9285  9305 I art     : Starting a blocking GC Explicit
08-04 11:19:12.301  9285  9305 I art     : Explicit concurrent mark sweep GC freed 51(896B) AllocSpace objects, 0(0B) LOS objects, 29% free, 39MB/55MB, paused 419us total 20.562ms
08-04 11:19:12.598  9285  9297 I art     : Starting a blocking GC Explicit
08-04 11:19:12.621  9285  9297 I art     : Explicit concurrent mark sweep GC freed 1883(90KB) AllocSpace objects, 2(40KB) LOS objects, 29% free, 39MB/55MB, paused 446us total 23.170ms
08-04 11:19:12.631  9285  9297 I art     : Starting a blocking GC Explicit
08-04 11:19:12.652  9285  9297 I art     : Explicit concurrent mark sweep GC freed 70(1584B) AllocSpace objects, 0(0B) LOS objects, 29% free, 39MB/55MB, paused 422us total 20.788ms
08-04 11:19:12.661  9285  9297 I art     : Starting a blocking GC Explicit
08-04 11:19:12.682  9285  9297 I art     : Explicit concurrent mark sweep GC freed 50(864B) AllocSpace objects, 0(0B) LOS objects, 29% free, 39MB/55MB, paused 442us total 21.449ms
08-04 11:19:12.691  9285  9297 I art     : Starting a blocking GC Explicit
08-04 11:19:12.714  9285  9297 I art     : Explicit concurrent mark sweep GC freed 52(928B) AllocSpace objects, 0(0B) LOS objects, 29% free, 39MB/55MB, paused 419us total 22.018ms
08-04 11:19:12.723  9285  9297 I art     : Starting a blocking GC Explicit
08-04 11:19:12.746  9285  9297 I art     : Explicit concurrent mark sweep GC freed 42(736B) AllocSpace objects, 0(0B) LOS objects, 29% free, 39MB/55MB, paused 716us total 22.935ms
08-04 11:19:12.831 10298 10298 D AndroidRuntime: >>>>>> START com.android.internal.os.RuntimeInit uid 2000 <<<<<<
08-04 11:19:12.835 10298 10298 D AndroidRuntime: CheckJNI is OFF
08-04 11:19:12.865 10298 10298 D ICU     : No timezone override file found: /data/misc/zoneinfo/current/icu/icu_tzdata.dat
08-04 11:19:12.890 10298 10298 I Radio-JNI: register_android_hardware_Radio DONE
08-04 11:19:12.905 10298 10298 D AndroidRuntime: Calling main entry com.android.commands.input.Input
08-04 11:19:12.906 10298 10298 I Input   : injectMotionEvent: MotionEvent { action=ACTION_DOWN, actionButton=0, id[0]=0, x[0]=346.0, y[0]=709.0, toolType[0]=TOOL_TYPE_UNKNOWN, buttonState=0, metaState=0, flags=0x0, edgeFlags=0x0, pointerCount=1, historySize=0, eventTime=703169319, downTime=703169319, deviceId=0, source=0x1002 }
08-04 11:19:12.914 10298 10298 I Input   : injectMotionEvent: MotionEvent { action=ACTION_UP, actionButton=0, id[0]=0, x[0]=346.0, y[0]=709.0, toolType[0]=TOOL_TYPE_UNKNOWN, buttonState=0, metaState=0, flags=0x0, edgeFlags=0x0, pointerCount=1, historySize=0, eventTime=703169319, downTime=703169319, deviceId=0, source=0x1002 }
08-04 11:19:12.921   918  3696 I ActivityManager: START u0 {cmp=baseline.io.github.project_travel_mate/.destinations.description.FinalCityInfoActivity (has extras)} from uid 10650 on display 0
08-04 11:19:12.926 10298 10298 D AndroidRuntime: Shutting down VM
08-04 11:19:12.954  9285  9366 D Gabe    : call	returning from cache
08-04 11:19:12.969  9285  9285 V EXECUTING: https://project-travel-mate.herokuapp.com/api/get-city-weather/1
08-04 11:19:13.013  9285  9305 I art     : Starting a blocking GC Explicit
08-04 11:19:13.039  9285  9305 I art     : Explicit concurrent mark sweep GC freed 7094(445KB) AllocSpace objects, 2(40KB) LOS objects, 26% free, 43MB/59MB, paused 916us total 25.817ms
08-04 11:19:13.049  9285  9305 I art     : Starting a blocking GC Explicit
08-04 11:19:13.073  9285  9305 I art     : Explicit concurrent mark sweep GC freed 495(24KB) AllocSpace objects, 0(0B) LOS objects, 26% free, 43MB/59MB, paused 674us total 24.188ms
08-04 11:19:13.083  9285  9305 I art     : Starting a blocking GC Explicit
08-04 11:19:13.084   918   936 I ActivityManager: Displayed baseline.io.github.project_travel_mate/.destinations.description.FinalCityInfoActivity: +155ms
08-04 11:19:13.085 13866 13866 I GoogleInputMethodServic: GoogleInputMethodService.onFinishInput():3138 
08-04 11:19:13.085 13866 13866 I GoogleInputMethodServic: GoogleInputMethodService.onStartInput():1808 
08-04 11:19:13.107  9285  9305 I art     : Explicit concurrent mark sweep GC freed 136(3KB) AllocSpace objects, 0(0B) LOS objects, 26% free, 43MB/59MB, paused 847us total 24.255ms
08-04 11:19:13.118  9285  9305 I art     : Starting a blocking GC Explicit
08-04 11:19:13.145  9285  9305 I art     : Explicit concurrent mark sweep GC freed 69(1200B) AllocSpace objects, 0(0B) LOS objects, 26% free, 43MB/59MB, paused 571us total 27.047ms
08-04 11:19:13.156  9285  9305 I art     : Starting a blocking GC Explicit
08-04 11:19:13.183  9285  9305 I art     : Explicit concurrent mark sweep GC freed 58(1024B) AllocSpace objects, 0(0B) LOS objects, 26% free, 43MB/59MB, paused 771us total 26.894ms
08-04 11:19:13.329   380   380 W SurfaceFlinger: couldn't log to binary event log: overflow.
08-04 11:19:13.450  9285  9297 I art     : Starting a blocking GC Explicit
08-04 11:19:13.474  9285  9297 I art     : Explicit concurrent mark sweep GC freed 2289(97KB) AllocSpace objects, 2(40KB) LOS objects, 26% free, 43MB/59MB, paused 1.137ms total 23.649ms
08-04 11:19:13.484  9285  9297 I art     : Starting a blocking GC Explicit
08-04 11:19:13.507  9285  9297 I art     : Explicit concurrent mark sweep GC freed 53(1376B) AllocSpace objects, 0(0B) LOS objects, 26% free, 43MB/59MB, paused 710us total 23.113ms
08-04 11:19:13.517  9285  9297 I art     : Starting a blocking GC Explicit
08-04 11:19:13.541  9285  9297 I art     : Explicit concurrent mark sweep GC freed 158(3KB) AllocSpace objects, 0(0B) LOS objects, 26% free, 43MB/59MB, paused 726us total 23.905ms
08-04 11:19:13.551  9285  9297 I art     : Starting a blocking GC Explicit
08-04 11:19:13.575  9285  9297 I art     : Explicit concurrent mark sweep GC freed 35(672B) AllocSpace objects, 0(0B) LOS objects, 26% free, 43MB/59MB, paused 764us total 23.554ms
08-04 11:19:13.584  9285  9297 I art     : Starting a blocking GC Explicit
08-04 11:19:13.608  9285  9297 I art     : Explicit concurrent mark sweep GC freed 108(1824B) AllocSpace objects, 0(0B) LOS objects, 26% free, 43MB/59MB, paused 682us total 23.352ms
08-04 11:19:13.825  9285 10327 I NAPPA_EXPERIMENTATION: MetricNetworkRequestExecutionTime: REQUEST_DURATION_SYSTEM='854',REQUEST_DURATION_OKHTTP='42',REQUEST_SYNCHRONOUS='FALSE',RESPONSE_CODE='200',RESPONSE_METHOD='GET',RESPONSE_LENGTH_OKHTTP='530',RESPONSE_LENGTH_HEADER='530',REQUEST_PROTOCOL='http/1.1',REQUEST_URL='https://project-travel-mate.herokuapp.com/api/get-city/1',
08-04 11:19:13.838  9285 10326 I NAPPA_EXPERIMENTATION: MetricNetworkRequestExecutionTime: REQUEST_DURATION_SYSTEM='869',REQUEST_DURATION_OKHTTP='55',REQUEST_SYNCHRONOUS='FALSE',RESPONSE_CODE='200',RESPONSE_METHOD='GET',RESPONSE_LENGTH_OKHTTP='238',RESPONSE_LENGTH_HEADER='238',REQUEST_PROTOCOL='http/1.1',REQUEST_URL='https://project-travel-mate.herokuapp.com/api/get-city-weather/1',
08-04 11:19:13.859  9285 10327 V Response: {"id":1,"city_name":"Delhi","description":"Delhi, officially the National Capital Territory of Delhi, is the Capital territory of India. During the British Raj, Delhi was part of the province of Punjab and is still historically and culturally connected to the Punjab region.","latitude":"28.613900","longitude":"77.209000","facts_count":6,"images":["https://upload.wikimedia.org/wikipedia/commons/9/94/%E0%B4%96%E0%B5%81%E0%B4%A4%E0%B5%8D%E0%B4%AC%E0%B5%8D_%E0%B4%AE%E0%B4%BF%E0%B4%A8%E0%B4%BE%E0%B5%BC1.jpg"],"has_visited":false}
08-04 11:19:13.887  9285  9305 I art     : Starting a blocking GC Explicit
08-04 11:19:13.911  9285  9305 I art     : Explicit concurrent mark sweep GC freed 7219(343KB) AllocSpace objects, 5(240KB) LOS objects, 26% free, 44MB/60MB, paused 622us total 24.041ms
08-04 11:19:13.921  9285  9305 I art     : Starting a blocking GC Explicit
08-04 11:19:13.944  9285  9305 I art     : Explicit concurrent mark sweep GC freed 1045(120KB) AllocSpace objects, 0(0B) LOS objects, 26% free, 44MB/60MB, paused 432us total 22.201ms
08-04 11:19:13.952  9285  9305 I art     : Starting a blocking GC Explicit
08-04 11:19:13.976  9285  9305 I art     : Explicit concurrent mark sweep GC freed 1641(92KB) AllocSpace objects, 0(0B) LOS objects, 26% free, 44MB/60MB, paused 459us total 23.095ms
08-04 11:19:13.985  9285  9305 I art     : Starting a blocking GC Explicit
08-04 11:19:14.008  9285  9305 I art     : Explicit concurrent mark sweep GC freed 125(2784B) AllocSpace objects, 1(4MB) LOS objects, 28% free, 40MB/56MB, paused 486us total 22.228ms
08-04 11:19:14.017  9285  9305 I art     : Starting a blocking GC Explicit
08-04 11:19:14.040  9285  9305 I art     : Explicit concurrent mark sweep GC freed 99(1696B) AllocSpace objects, 0(0B) LOS objects, 28% free, 40MB/56MB, paused 467us total 23.255ms
08-04 11:19:14.354  9285  9297 I art     : Starting a blocking GC Explicit
08-04 11:19:14.382  9285  9297 I art     : Explicit concurrent mark sweep GC freed 2397(98KB) AllocSpace objects, 2(40KB) LOS objects, 28% free, 40MB/56MB, paused 752us total 27.784ms
08-04 11:19:14.393  9285  9297 I art     : Starting a blocking GC Explicit
08-04 11:19:14.418  9285  9297 I art     : Explicit concurrent mark sweep GC freed 156(3024B) AllocSpace objects, 0(0B) LOS objects, 28% free, 40MB/56MB, paused 463us total 25.381ms
08-04 11:19:14.428  9285  9297 I art     : Starting a blocking GC Explicit
08-04 11:19:14.454  9285  9297 I art     : Explicit concurrent mark sweep GC freed 116(2480B) AllocSpace objects, 0(0B) LOS objects, 28% free, 40MB/56MB, paused 525us total 25.751ms
08-04 11:19:14.464  9285  9297 I art     : Starting a blocking GC Explicit
08-04 11:19:14.491  9285  9297 I art     : Explicit concurrent mark sweep GC freed 110(2240B) AllocSpace objects, 0(0B) LOS objects, 28% free, 40MB/56MB, paused 525us total 27.366ms
08-04 11:19:14.501  9285  9297 I art     : Starting a blocking GC Explicit
08-04 11:19:14.527  9285  9297 I art     : Explicit concurrent mark sweep GC freed 104(1952B) AllocSpace objects, 0(0B) LOS objects, 28% free, 40MB/56MB, paused 465us total 25.235ms
08-04 11:19:14.685 13866 13882 I PeriodicStatsRunner: PeriodicStatsRunner.call():175 call()
08-04 11:19:14.686 13866 13882 I PeriodicStatsRunner: PeriodicStatsRunner.call():179 No submit PeriodicStats since input started.
08-04 11:19:14.883  9285  9296 I art     : Starting a blocking GC Explicit
08-04 11:19:14.912  9285  9296 I art     : Explicit concurrent mark sweep GC freed 2531(101KB) AllocSpace objects, 2(40KB) LOS objects, 28% free, 40MB/56MB, paused 474us total 29.072ms
08-04 11:19:14.927  9285  9296 I art     : Starting a blocking GC Explicit
08-04 11:19:14.951  9285  9296 I art     : Explicit concurrent mark sweep GC freed 166(3KB) AllocSpace objects, 0(0B) LOS objects, 28% free, 40MB/56MB, paused 460us total 24.458ms
08-04 11:19:14.961  9285  9296 I art     : Starting a blocking GC Explicit
08-04 11:19:14.986  9285  9296 I art     : Explicit concurrent mark sweep GC freed 99(1696B) AllocSpace objects, 0(0B) LOS objects, 28% free, 40MB/56MB, paused 464us total 24.768ms
08-04 11:19:14.995  9285  9296 I art     : Starting a blocking GC Explicit
08-04 11:19:15.021  9285  9296 I art     : Explicit concurrent mark sweep GC freed 99(1696B) AllocSpace objects, 0(0B) LOS objects, 28% free, 40MB/56MB, paused 461us total 25.162ms
08-04 11:19:15.030  9285  9296 I art     : Starting a blocking GC Explicit
08-04 11:19:15.056  9285  9296 I art     : Explicit concurrent mark sweep GC freed 98(1664B) AllocSpace objects, 0(0B) LOS objects, 28% free, 40MB/56MB, paused 514us total 25.661ms
08-04 11:19:15.409  9285  9305 I art     : Starting a blocking GC Explicit
08-04 11:19:15.437  9285  9305 I art     : Explicit concurrent mark sweep GC freed 2532(101KB) AllocSpace objects, 2(40KB) LOS objects, 28% free, 40MB/56MB, paused 572us total 28.183ms
08-04 11:19:15.448  9285  9305 I art     : Starting a blocking GC Explicit
08-04 11:19:15.474  9285  9305 I art     : Explicit concurrent mark sweep GC freed 118(2384B) AllocSpace objects, 0(0B) LOS objects, 28% free, 40MB/56MB, paused 470us total 26.406ms
08-04 11:19:15.484  9285  9305 I art     : Starting a blocking GC Explicit
08-04 11:19:15.510  9285  9305 I art     : Explicit concurrent mark sweep GC freed 99(1696B) AllocSpace objects, 0(0B) LOS objects, 28% free, 40MB/56MB, paused 490us total 25.738ms
08-04 11:19:15.520  9285  9305 I art     : Starting a blocking GC Explicit
08-04 11:19:15.547  9285  9305 I art     : Explicit concurrent mark sweep GC freed 99(1696B) AllocSpace objects, 0(0B) LOS objects, 28% free, 40MB/56MB, paused 475us total 26.495ms
08-04 11:19:15.557  9285  9305 I art     : Starting a blocking GC Explicit
08-04 11:19:15.583  9285  9305 I art     : Explicit concurrent mark sweep GC freed 112(1904B) AllocSpace objects, 0(0B) LOS objects, 28% free, 40MB/56MB, paused 630us total 25.739ms
08-04 11:19:15.922  9285  9563 I art     : Starting a blocking GC Explicit
08-04 11:19:15.951  9285  9563 I art     : Explicit concurrent mark sweep GC freed 2517(100KB) AllocSpace objects, 2(40KB) LOS objects, 28% free, 40MB/56MB, paused 547us total 29.570ms
08-04 11:19:15.961  9285  9563 I art     : Starting a blocking GC Explicit
08-04 11:19:15.987  9285  9563 I art     : Explicit concurrent mark sweep GC freed 120(2448B) AllocSpace objects, 0(0B) LOS objects, 28% free, 40MB/56MB, paused 524us total 25.395ms
08-04 11:19:15.997  9285  9563 I art     : Starting a blocking GC Explicit
08-04 11:19:16.022  9285  9563 I art     : Explicit concurrent mark sweep GC freed 99(1696B) AllocSpace objects, 0(0B) LOS objects, 28% free, 40MB/56MB, paused 464us total 25.146ms
08-04 11:19:16.032  9285  9563 I art     : Starting a blocking GC Explicit
08-04 11:19:16.058  9285  9563 I art     : Explicit concurrent mark sweep GC freed 99(1696B) AllocSpace objects, 0(0B) LOS objects, 28% free, 40MB/56MB, paused 490us total 25.938ms
08-04 11:19:16.068  9285  9563 I art     : Starting a blocking GC Explicit
08-04 11:19:16.094  9285  9563 I art     : Explicit concurrent mark sweep GC freed 99(1696B) AllocSpace objects, 0(0B) LOS objects, 28% free, 40MB/56MB, paused 463us total 25.332ms
08-04 11:19:16.308 13866 13882 I PeriodicStatsRunner: PeriodicStatsRunner.call():175 call()
08-04 11:19:16.309 13866 13882 I PeriodicStatsRunner: PeriodicStatsRunner.call():179 No submit PeriodicStats since input started.
08-04 11:19:16.315  2268  2268 I ServiceManager: Waiting for service AtCmdFwd...
08-04 11:19:16.426  9285  9297 I art     : Starting a blocking GC Explicit
08-04 11:19:16.453  9285  9297 I art     : Explicit concurrent mark sweep GC freed 2484(100KB) AllocSpace objects, 2(40KB) LOS objects, 28% free, 40MB/56MB, paused 477us total 27.370ms
08-04 11:19:16.464  9285  9297 I art     : Starting a blocking GC Explicit
08-04 11:19:16.490  9285  9297 I art     : Explicit concurrent mark sweep GC freed 118(2384B) AllocSpace objects, 0(0B) LOS objects, 28% free, 40MB/56MB, paused 461us total 26.084ms
08-04 11:19:16.500  9285  9297 I art     : Starting a blocking GC Explicit
08-04 11:19:16.525  9285  9297 I art     : Explicit concurrent mark sweep GC freed 98(1664B) AllocSpace objects, 0(0B) LOS objects, 28% free, 40MB/56MB, paused 526us total 25.496ms
08-04 11:19:16.535  9285  9297 I art     : Starting a blocking GC Explicit
08-04 11:19:16.560  9285  9297 I art     : Explicit concurrent mark sweep GC freed 100(1728B) AllocSpace objects, 0(0B) LOS objects, 28% free, 40MB/56MB, paused 464us total 25.169ms
08-04 11:19:16.570  9285  9297 I art     : Starting a blocking GC Explicit
08-04 11:19:16.596  9285  9297 I art     : Explicit concurrent mark sweep GC freed 110(2320B) AllocSpace objects, 0(0B) LOS objects, 28% free, 40MB/56MB, paused 477us total 25.858ms
08-04 11:19:16.924  9285  9296 I art     : Starting a blocking GC Explicit
08-04 11:19:16.950  9285  9296 I art     : Explicit concurrent mark sweep GC freed 2446(100KB) AllocSpace objects, 2(40KB) LOS objects, 28% free, 40MB/56MB, paused 464us total 26.188ms
08-04 11:19:16.960  9285  9296 I art     : Starting a blocking GC Explicit
08-04 11:19:16.984  9285  9296 I art     : Explicit concurrent mark sweep GC freed 118(2384B) AllocSpace objects, 0(0B) LOS objects, 28% free, 40MB/56MB, paused 445us total 23.987ms
08-04 11:19:16.993  9285  9296 I art     : Starting a blocking GC Explicit
08-04 11:19:17.017  9285  9296 I art     : Explicit concurrent mark sweep GC freed 99(1696B) AllocSpace objects, 0(0B) LOS objects, 28% free, 40MB/56MB, paused 432us total 23.395ms
08-04 11:19:17.027  9285  9296 I art     : Starting a blocking GC Explicit
08-04 11:19:17.052  9285  9296 I art     : Explicit concurrent mark sweep GC freed 114(1936B) AllocSpace objects, 0(0B) LOS objects, 28% free, 40MB/56MB, paused 565us total 25.427ms
08-04 11:19:17.062  9285  9296 I art     : Starting a blocking GC Explicit
08-04 11:19:17.087  9285  9296 I art     : Explicit concurrent mark sweep GC freed 132(2256B) AllocSpace objects, 0(0B) LOS objects, 28% free, 40MB/56MB, paused 476us total 25.315ms
08-04 11:19:17.315  2268  2268 I ServiceManager: Waiting for service AtCmdFwd...
08-04 11:19:17.358  9285  9305 I art     : Starting a blocking GC Explicit
08-04 11:19:17.385  9285  9305 I art     : Explicit concurrent mark sweep GC freed 2243(96KB) AllocSpace objects, 2(40KB) LOS objects, 28% free, 40MB/56MB, paused 623us total 26.534ms
08-04 11:19:17.396  9285  9305 I art     : Starting a blocking GC Explicit
08-04 11:19:17.420  9285  9305 I art     : Explicit concurrent mark sweep GC freed 165(3KB) AllocSpace objects, 0(0B) LOS objects, 28% free, 40MB/56MB, paused 542us total 23.979ms
08-04 11:19:17.430  9285  9305 I art     : Starting a blocking GC Explicit
08-04 11:19:17.454  9285  9305 I art     : Explicit concurrent mark sweep GC freed 117(2512B) AllocSpace objects, 0(0B) LOS objects, 28% free, 40MB/56MB, paused 475us total 24.230ms
08-04 11:19:17.464  9285  9305 I art     : Starting a blocking GC Explicit
08-04 11:19:17.488  9285  9305 I art     : Explicit concurrent mark sweep GC freed 111(2272B) AllocSpace objects, 0(0B) LOS objects, 28% free, 40MB/56MB, paused 479us total 24.412ms
08-04 11:19:17.498  9285  9305 I art     : Starting a blocking GC Explicit
08-04 11:19:17.521  9285  9305 I art     : Explicit concurrent mark sweep GC freed 103(1920B) AllocSpace objects, 0(0B) LOS objects, 28% free, 40MB/56MB, paused 468us total 23.649ms
08-04 11:19:17.527 10411 10411 D AndroidRuntime: >>>>>> START com.android.internal.os.RuntimeInit uid 2000 <<<<<<
08-04 11:19:17.531 10411 10411 D AndroidRuntime: CheckJNI is OFF
08-04 11:19:17.555 10411 10411 D ICU     : No timezone override file found: /data/misc/zoneinfo/current/icu/icu_tzdata.dat
08-04 11:19:17.579 10411 10411 I Radio-JNI: register_android_hardware_Radio DONE
08-04 11:19:17.595 10411 10411 D AndroidRuntime: Calling main entry com.android.commands.input.Input
08-04 11:19:17.597 10411 10411 I Input   : injectMotionEvent: MotionEvent { action=ACTION_DOWN, actionButton=0, id[0]=0, x[0]=693.0, y[0]=1450.0, toolType[0]=TOOL_TYPE_UNKNOWN, buttonState=0, metaState=0, flags=0x0, edgeFlags=0x0, pointerCount=1, historySize=0, eventTime=703174010, downTime=703174010, deviceId=0, source=0x1002 }
08-04 11:19:17.603 10411 10411 I Input   : injectMotionEvent: MotionEvent { action=ACTION_UP, actionButton=0, id[0]=0, x[0]=693.0, y[0]=1450.0, toolType[0]=TOOL_TYPE_UNKNOWN, buttonState=0, metaState=0, flags=0x0, edgeFlags=0x0, pointerCount=1, historySize=0, eventTime=703174010, downTime=703174010, deviceId=0, source=0x1002 }
08-04 11:19:17.604 10411 10411 D AndroidRuntime: Shutting down VM
08-04 11:19:17.604   918  5132 I ActivityManager: START u0 {cmp=baseline.io.github.project_travel_mate/.destinations.description.CityHistoryActivity} from uid 10650 on display 0
08-04 11:19:17.605   512  2967 D audio_hw_primary: out_set_parameters: enter: usecase(1: low-latency-playback) kvpairs: routing=2
08-04 11:19:17.618   512  2967 D audio_hw_primary: select_devices: out_snd_device(2: speaker) in_snd_device(0: none)
08-04 11:19:17.619   512  2967 D msm8974_platform: platform_send_audio_calibration: sending audio calibration for snd_device(2) acdb_id(15)
08-04 11:19:17.619   512  2967 I soundtrigger: audio_extn_sound_trigger_update_device_status: device 0x2 of type 0 for Event 1
08-04 11:19:17.625  9285  9366 D Gabe    : call	returning from cache
08-04 11:19:17.626  9285  9285 V EXECUTING: https://project-travel-mate.herokuapp.com/api/get-city-information/1
08-04 11:19:17.630   512  2967 D audio_hw_primary: enable_snd_device: snd_device(2: speaker)
08-04 11:19:17.632   512  2967 D audio_hw_primary: enable_audio_route: apply and update mixer path: low-latency-playback speaker
08-04 11:19:17.750   918   936 I ActivityManager: Displayed baseline.io.github.project_travel_mate/.destinations.description.CityHistoryActivity: +139ms
08-04 11:19:17.751 13866 13866 I GoogleInputMethodServic: GoogleInputMethodService.onFinishInput():3138 
08-04 11:19:17.751 13866 13866 I GoogleInputMethodServic: GoogleInputMethodService.onStartInput():1808 
08-04 11:19:17.780  9285  9296 I art     : Starting a blocking GC Explicit
08-04 11:19:17.809  9285  9296 I art     : Explicit concurrent mark sweep GC freed 2957(152KB) AllocSpace objects, 2(40KB) LOS objects, 26% free, 44MB/60MB, paused 622us total 28.172ms
08-04 11:19:17.819  9285  9296 I art     : Starting a blocking GC Explicit
08-04 11:19:17.844  9285  9296 I art     : Explicit concurrent mark sweep GC freed 439(13KB) AllocSpace objects, 0(0B) LOS objects, 26% free, 44MB/60MB, paused 524us total 25.193ms
08-04 11:19:17.854  9285  9296 I art     : Starting a blocking GC Explicit
08-04 11:19:17.878  9285  9296 I art     : Explicit concurrent mark sweep GC freed 147(2496B) AllocSpace objects, 0(0B) LOS objects, 26% free, 44MB/60MB, paused 475us total 24.103ms
08-04 11:19:17.888  9285  9296 I art     : Starting a blocking GC Explicit
08-04 11:19:17.914  9285  9296 I art     : Explicit concurrent mark sweep GC freed 147(2496B) AllocSpace objects, 0(0B) LOS objects, 26% free, 44MB/60MB, paused 512us total 26.043ms
08-04 11:19:17.925  9285  9296 I art     : Starting a blocking GC Explicit
08-04 11:19:17.955  9285  9296 I art     : Explicit concurrent mark sweep GC freed 219(3KB) AllocSpace objects, 0(0B) LOS objects, 26% free, 44MB/60MB, paused 521us total 29.715ms
08-04 11:19:18.002   380   380 W SurfaceFlinger: couldn't log to binary event log: overflow.
08-04 11:19:18.086 13866 13882 I PeriodicStatsRunner: PeriodicStatsRunner.call():175 call()
08-04 11:19:18.089 13866 13882 I PeriodicStatsRunner: PeriodicStatsRunner.call():179 No submit PeriodicStats since input started.
08-04 11:19:18.168   512  2967 D audio_hw_primary: disable_audio_route: reset and update mixer path: low-latency-playback speaker
08-04 11:19:18.169   512  2967 D audio_hw_primary: disable_snd_device: snd_device(2: speaker)
08-04 11:19:18.177   512  2967 I soundtrigger: audio_extn_sound_trigger_update_device_status: device 0x2 of type 0 for Event 0
08-04 11:19:18.255  9285  9297 I art     : Starting a blocking GC Explicit
08-04 11:19:18.280  9285  9297 I art     : Explicit concurrent mark sweep GC freed 2567(102KB) AllocSpace objects, 2(40KB) LOS objects, 26% free, 44MB/60MB, paused 696us total 24.583ms
08-04 11:19:18.290  9285  9297 I art     : Starting a blocking GC Explicit
08-04 11:19:18.315  9285  9297 I art     : Explicit concurrent mark sweep GC freed 49(1216B) AllocSpace objects, 0(0B) LOS objects, 26% free, 44MB/60MB, paused 630us total 25.327ms
08-04 11:19:18.316  2268  2268 I ServiceManager: Waiting for service AtCmdFwd...
08-04 11:19:18.325  9285  9297 I art     : Starting a blocking GC Explicit
08-04 11:19:18.350  9285  9297 I art     : Explicit concurrent mark sweep GC freed 123(2064B) AllocSpace objects, 0(0B) LOS objects, 26% free, 44MB/60MB, paused 756us total 24.493ms
08-04 11:19:18.359  9285  9297 I art     : Starting a blocking GC Explicit
08-04 11:19:18.384  9285  9297 I art     : Explicit concurrent mark sweep GC freed 131(2192B) AllocSpace objects, 0(0B) LOS objects, 26% free, 44MB/60MB, paused 668us total 24.349ms
08-04 11:19:18.394  9285  9297 I art     : Starting a blocking GC Explicit
08-04 11:19:18.418  9285  9297 I art     : Explicit concurrent mark sweep GC freed 122(2096B) AllocSpace objects, 0(0B) LOS objects, 26% free, 44MB/60MB, paused 697us total 23.945ms
08-04 11:19:18.503  9285 10436 I NAPPA_EXPERIMENTATION: MetricNetworkRequestExecutionTime: REQUEST_DURATION_SYSTEM='876',REQUEST_DURATION_OKHTTP='21',REQUEST_SYNCHRONOUS='FALSE',RESPONSE_CODE='200',RESPONSE_METHOD='GET',RESPONSE_LENGTH_OKHTTP='55024',RESPONSE_LENGTH_HEADER='55024',REQUEST_PROTOCOL='http/1.1',REQUEST_URL='https://project-travel-mate.herokuapp.com/api/get-city-information/1',
08-04 11:19:18.620 13866 13866 I GoogleInputMethodServic: GoogleInputMethodService.onFinishInput():3138 
08-04 11:19:18.621 13866 13866 I GoogleInputMethodServic: GoogleInputMethodService.onStartInput():1808 
08-04 11:19:18.677  9285  9305 I art     : Starting a blocking GC Explicit
08-04 11:19:18.706  9285  9305 I art     : Explicit concurrent mark sweep GC freed 6341(1453KB) AllocSpace objects, 25(5MB) LOS objects, 28% free, 40MB/56MB, paused 702us total 29.435ms
08-04 11:19:18.717  9285  9305 I art     : Starting a blocking GC Explicit
08-04 11:19:18.744  9285  9305 I art     : Explicit concurrent mark sweep GC freed 1204(122KB) AllocSpace objects, 0(0B) LOS objects, 28% free, 40MB/56MB, paused 490us total 26.912ms
08-04 11:19:18.753  9285  9305 I art     : Starting a blocking GC Explicit
08-04 11:19:18.781  9285  9305 I art     : Explicit concurrent mark sweep GC freed 146(2464B) AllocSpace objects, 0(0B) LOS objects, 28% free, 40MB/56MB, paused 584us total 27.462ms
08-04 11:19:18.791  9285  9305 I art     : Starting a blocking GC Explicit
08-04 11:19:18.818  9285  9305 I art     : Explicit concurrent mark sweep GC freed 148(2528B) AllocSpace objects, 0(0B) LOS objects, 28% free, 40MB/56MB, paused 490us total 27.392ms
08-04 11:19:18.829  9285  9305 I art     : Starting a blocking GC Explicit
08-04 11:19:18.856  9285  9305 I art     : Explicit concurrent mark sweep GC freed 219(3KB) AllocSpace objects, 0(0B) LOS objects, 28% free, 40MB/56MB, paused 519us total 27.624ms
08-04 11:19:19.174  9285  9563 I art     : Starting a blocking GC Explicit
08-04 11:19:19.205  9285  9563 I art     : Explicit concurrent mark sweep GC freed 2918(107KB) AllocSpace objects, 2(40KB) LOS objects, 28% free, 40MB/56MB, paused 581us total 30.609ms
08-04 11:19:19.215  9285  9563 I art     : Starting a blocking GC Explicit
08-04 11:19:19.242  9285  9563 I art     : Explicit concurrent mark sweep GC freed 190(3KB) AllocSpace objects, 0(0B) LOS objects, 28% free, 40MB/56MB, paused 438us total 26.592ms
08-04 11:19:19.252  9285  9563 I art     : Starting a blocking GC Explicit
08-04 11:19:19.277  9285  9563 I art     : Explicit concurrent mark sweep GC freed 151(2624B) AllocSpace objects, 0(0B) LOS objects, 28% free, 40MB/56MB, paused 481us total 24.487ms
08-04 11:19:19.288  9285  9563 I art     : Starting a blocking GC Explicit
08-04 11:19:19.315  9285  9563 I art     : Explicit concurrent mark sweep GC freed 152(2656B) AllocSpace objects, 0(0B) LOS objects, 28% free, 40MB/56MB, paused 542us total 26.790ms
08-04 11:19:19.316  2268  2268 I ServiceManager: Waiting for service AtCmdFwd...
08-04 11:19:19.325  9285  9563 I art     : Starting a blocking GC Explicit
08-04 11:19:19.349  9285  9563 I art     : Explicit concurrent mark sweep GC freed 150(2592B) AllocSpace objects, 0(0B) LOS objects, 28% free, 40MB/56MB, paused 462us total 23.801ms
08-04 11:19:19.707  9285  9563 I art     : Starting a blocking GC Explicit
08-04 11:19:19.739  9285  9563 I art     : Explicit concurrent mark sweep GC freed 3113(111KB) AllocSpace objects, 2(40KB) LOS objects, 28% free, 40MB/56MB, paused 703us total 31.498ms
08-04 11:19:19.755  9285  9563 I art     : Starting a blocking GC Explicit
08-04 11:19:19.781  9285  9563 I art     : Explicit concurrent mark sweep GC freed 254(5KB) AllocSpace objects, 0(0B) LOS objects, 28% free, 40MB/56MB, paused 483us total 26.052ms
08-04 11:19:19.791  9285  9563 I art     : Starting a blocking GC Explicit
08-04 11:19:19.818  9285  9563 I art     : Explicit concurrent mark sweep GC freed 147(2496B) AllocSpace objects, 0(0B) LOS objects, 28% free, 40MB/56MB, paused 443us total 26.621ms
08-04 11:19:19.828  9285  9563 I art     : Starting a blocking GC Explicit
08-04 11:19:19.855  9285  9563 I art     : Explicit concurrent mark sweep GC freed 152(2576B) AllocSpace objects, 0(0B) LOS objects, 28% free, 40MB/56MB, paused 645us total 27.153ms
08-04 11:19:19.865  9285  9563 I art     : Starting a blocking GC Explicit
08-04 11:19:19.892  9285  9563 I art     : Explicit concurrent mark sweep GC freed 214(3KB) AllocSpace objects, 0(0B) LOS objects, 28% free, 40MB/56MB, paused 498us total 26.786ms
08-04 11:19:20.259  9285  9297 I art     : Starting a blocking GC Explicit
08-04 11:19:20.290  9285  9297 I art     : Explicit concurrent mark sweep GC freed 3105(110KB) AllocSpace objects, 2(40KB) LOS objects, 28% free, 40MB/56MB, paused 754us total 31.023ms
08-04 11:19:20.304  9285  9297 I art     : Starting a blocking GC Explicit
08-04 11:19:20.317  2268  2268 I ServiceManager: Waiting for service AtCmdFwd...
08-04 11:19:20.331  9285  9297 I art     : Explicit concurrent mark sweep GC freed 215(3KB) AllocSpace objects, 0(0B) LOS objects, 28% free, 40MB/56MB, paused 507us total 26.437ms
08-04 11:19:20.340  9285  9297 I art     : Starting a blocking GC Explicit
08-04 11:19:20.367  9285  9297 I art     : Explicit concurrent mark sweep GC freed 148(2528B) AllocSpace objects, 0(0B) LOS objects, 28% free, 40MB/56MB, paused 512us total 26.832ms
08-04 11:19:20.377  9285  9297 I art     : Starting a blocking GC Explicit
08-04 11:19:20.404  9285  9297 I art     : Explicit concurrent mark sweep GC freed 147(2496B) AllocSpace objects, 0(0B) LOS objects, 28% free, 40MB/56MB, paused 491us total 26.449ms
08-04 11:19:20.414  9285  9297 I art     : Starting a blocking GC Explicit
08-04 11:19:20.441  9285  9297 I art     : Explicit concurrent mark sweep GC freed 218(3KB) AllocSpace objects, 0(0B) LOS objects, 28% free, 40MB/56MB, paused 536us total 27.125ms
08-04 11:19:20.812  9285  9296 I art     : Starting a blocking GC Explicit
08-04 11:19:20.844  9285  9296 I art     : Explicit concurrent mark sweep GC freed 3168(111KB) AllocSpace objects, 2(40KB) LOS objects, 28% free, 40MB/56MB, paused 681us total 31.906ms
08-04 11:19:20.854  9285  9296 I art     : Starting a blocking GC Explicit
08-04 11:19:20.881  9285  9296 I art     : Explicit concurrent mark sweep GC freed 177(3KB) AllocSpace objects, 0(0B) LOS objects, 28% free, 40MB/56MB, paused 483us total 26.466ms
08-04 11:19:20.890  9285  9296 I art     : Starting a blocking GC Explicit
08-04 11:19:20.917  9285  9296 I art     : Explicit concurrent mark sweep GC freed 147(2496B) AllocSpace objects, 0(0B) LOS objects, 28% free, 40MB/56MB, paused 566us total 26.653ms
08-04 11:19:20.927  9285  9296 I art     : Starting a blocking GC Explicit
08-04 11:19:20.955  9285  9296 I art     : Explicit concurrent mark sweep GC freed 147(2496B) AllocSpace objects, 0(0B) LOS objects, 28% free, 40MB/56MB, paused 492us total 27.629ms
08-04 11:19:20.965  9285  9296 I art     : Starting a blocking GC Explicit
08-04 11:19:20.992  9285  9296 I art     : Explicit concurrent mark sweep GC freed 218(3KB) AllocSpace objects, 0(0B) LOS objects, 28% free, 40MB/56MB, paused 517us total 27.113ms
08-04 11:19:21.317  2268  2268 W Atfwd_Sendcmd: AtCmdFwd service not published, waiting... retryCnt : 4
08-04 11:19:21.335  9285  9305 I art     : Starting a blocking GC Explicit
08-04 11:19:21.366  9285  9305 I art     : Explicit concurrent mark sweep GC freed 3012(108KB) AllocSpace objects, 2(40KB) LOS objects, 28% free, 40MB/56MB, paused 533us total 30.513ms
08-04 11:19:21.376  9285  9305 I art     : Starting a blocking GC Explicit
08-04 11:19:21.404  9285  9305 I art     : Explicit concurrent mark sweep GC freed 166(3KB) AllocSpace objects, 0(0B) LOS objects, 28% free, 40MB/56MB, paused 492us total 28.348ms
08-04 11:19:21.414  9285  9305 I art     : Starting a blocking GC Explicit
08-04 11:19:21.442  9285  9305 I art     : Explicit concurrent mark sweep GC freed 218(3KB) AllocSpace objects, 0(0B) LOS objects, 28% free, 40MB/56MB, paused 549us total 27.436ms
08-04 11:19:21.452  9285  9305 I art     : Starting a blocking GC Explicit
08-04 11:19:21.479  9285  9305 I art     : Explicit concurrent mark sweep GC freed 148(2528B) AllocSpace objects, 0(0B) LOS objects, 28% free, 40MB/56MB, paused 538us total 26.955ms
08-04 11:19:21.489  9285  9305 I art     : Starting a blocking GC Explicit
08-04 11:19:21.516  9285  9305 I art     : Explicit concurrent mark sweep GC freed 147(2496B) AllocSpace objects, 0(0B) LOS objects, 28% free, 40MB/56MB, paused 499us total 27.343ms
08-04 11:19:21.630   918  3261 D WifiStateMachine: starting scan for "H369AA63323"WPA_PSK with 2412,5180
08-04 11:19:21.866  9285  9563 I art     : Starting a blocking GC Explicit
08-04 11:19:21.893  9285  9563 I art     : Explicit concurrent mark sweep GC freed 3082(110KB) AllocSpace objects, 2(40KB) LOS objects, 28% free, 40MB/56MB, paused 518us total 27.267ms
08-04 11:19:21.903  9285  9563 I art     : Starting a blocking GC Explicit
08-04 11:19:21.929  9285  9563 I art     : Explicit concurrent mark sweep GC freed 167(3KB) AllocSpace objects, 0(0B) LOS objects, 28% free, 40MB/56MB, paused 514us total 26.135ms
08-04 11:19:21.939  9285  9563 I art     : Starting a blocking GC Explicit
08-04 11:19:21.965  9285  9563 I art     : Explicit concurrent mark sweep GC freed 147(2496B) AllocSpace objects, 0(0B) LOS objects, 28% free, 40MB/56MB, paused 478us total 25.985ms
08-04 11:19:21.975  9285  9563 I art     : Starting a blocking GC Explicit
08-04 11:19:22.000  9285  9563 I art     : Explicit concurrent mark sweep GC freed 147(2496B) AllocSpace objects, 0(0B) LOS objects, 28% free, 40MB/56MB, paused 477us total 25.636ms
08-04 11:19:22.010  9285  9563 I art     : Starting a blocking GC Explicit
08-04 11:19:22.036  9285  9563 I art     : Explicit concurrent mark sweep GC freed 147(2496B) AllocSpace objects, 0(0B) LOS objects, 28% free, 40MB/56MB, paused 526us total 25.744ms
08-04 11:19:22.149 10528 10528 D AndroidRuntime: >>>>>> START com.android.internal.os.RuntimeInit uid 2000 <<<<<<
08-04 11:19:22.154 10528 10528 D AndroidRuntime: CheckJNI is OFF
08-04 11:19:22.179 10528 10528 D ICU     : No timezone override file found: /data/misc/zoneinfo/current/icu/icu_tzdata.dat
08-04 11:19:22.203 10528 10528 I Radio-JNI: register_android_hardware_Radio DONE
08-04 11:19:22.218 10528 10528 D AndroidRuntime: Calling main entry com.android.commands.input.Input
08-04 11:19:22.220 10528 10528 I Input   : injectKeyEvent: KeyEvent { action=ACTION_DOWN, keyCode=KEYCODE_BACK, scanCode=0, metaState=0, flags=0x0, repeatCount=0, eventTime=703178633, downTime=703178633, deviceId=-1, source=0x101 }
08-04 11:19:22.227 10528 10528 I Input   : injectKeyEvent: KeyEvent { action=ACTION_UP, keyCode=KEYCODE_BACK, scanCode=0, metaState=0, flags=0x0, repeatCount=0, eventTime=703178633, downTime=703178633, deviceId=-1, source=0x101 }
08-04 11:19:22.234 10528 10528 D AndroidRuntime: Shutting down VM
08-04 11:19:22.268 13866 13866 I GoogleInputMethodServic: GoogleInputMethodService.onFinishInput():3138 
08-04 11:19:22.269 13866 13866 I GoogleInputMethodServic: GoogleInputMethodService.onStartInput():1808 
08-04 11:19:22.333  9285  9296 I art     : Starting a blocking GC Explicit
08-04 11:19:22.358  9285  9296 I art     : Explicit concurrent mark sweep GC freed 2909(109KB) AllocSpace objects, 2(40KB) LOS objects, 28% free, 40MB/56MB, paused 581us total 25.388ms
08-04 11:19:22.368  9285  9296 I art     : Starting a blocking GC Explicit
08-04 11:19:22.396  9285  9296 I art     : Explicit concurrent mark sweep GC freed 234(4KB) AllocSpace objects, 0(0B) LOS objects, 28% free, 40MB/56MB, paused 532us total 27.203ms
08-04 11:19:22.408  9285  9296 I art     : Starting a blocking GC Explicit
08-04 11:19:22.439  9285  9296 I art     : Explicit concurrent mark sweep GC freed 146(2464B) AllocSpace objects, 0(0B) LOS objects, 28% free, 40MB/56MB, paused 512us total 31.455ms
08-04 11:19:22.453  9285  9296 I art     : Starting a blocking GC Explicit
08-04 11:19:22.489  9285  9296 I art     : Explicit concurrent mark sweep GC freed 220(3KB) AllocSpace objects, 0(0B) LOS objects, 28% free, 40MB/56MB, paused 523us total 36.324ms
08-04 11:19:22.502  9285  9296 I art     : Starting a blocking GC Explicit
08-04 11:19:22.534  9285  9296 I art     : Explicit concurrent mark sweep GC freed 219(3KB) AllocSpace objects, 0(0B) LOS objects, 28% free, 40MB/56MB, paused 456us total 32.038ms
08-04 11:19:22.557   380   380 W SurfaceFlinger: couldn't log to binary event log: overflow.
08-04 11:19:22.751 13866 13882 I PeriodicStatsRunner: PeriodicStatsRunner.call():175 call()
08-04 11:19:22.752 13866 13882 I PeriodicStatsRunner: PeriodicStatsRunner.call():179 No submit PeriodicStats since input started.
08-04 11:19:22.837  9285  9305 I art     : Starting a blocking GC Explicit
08-04 11:19:22.868  9285  9305 I art     : Explicit concurrent mark sweep GC freed 2473(101KB) AllocSpace objects, 4(404KB) LOS objects, 28% free, 40MB/56MB, paused 533us total 31.023ms
08-04 11:19:22.878  9285  9305 I art     : Starting a blocking GC Explicit
08-04 11:19:22.903  9285  9305 I art     : Explicit concurrent mark sweep GC freed 4824(341KB) AllocSpace objects, 7(132KB) LOS objects, 28% free, 39MB/55MB, paused 460us total 24.969ms
08-04 11:19:22.913  9285  9305 I art     : Starting a blocking GC Explicit
08-04 11:19:22.938  9285  9305 I art     : Explicit concurrent mark sweep GC freed 103(1888B) AllocSpace objects, 0(0B) LOS objects, 28% free, 39MB/55MB, paused 539us total 24.825ms
08-04 11:19:22.947  9285  9305 I art     : Starting a blocking GC Explicit
08-04 11:19:22.973  9285  9305 I art     : Explicit concurrent mark sweep GC freed 99(1696B) AllocSpace objects, 0(0B) LOS objects, 28% free, 39MB/55MB, paused 485us total 25.472ms
08-04 11:19:22.983  9285  9305 I art     : Starting a blocking GC Explicit
08-04 11:19:23.009  9285  9305 I art     : Explicit concurrent mark sweep GC freed 117(1984B) AllocSpace objects, 0(0B) LOS objects, 28% free, 39MB/55MB, paused 640us total 26.191ms
08-04 11:19:23.335  9285  9563 I art     : Starting a blocking GC Explicit
08-04 11:19:23.365  9285  9563 I art     : Explicit concurrent mark sweep GC freed 2465(100KB) AllocSpace objects, 2(40KB) LOS objects, 28% free, 39MB/55MB, paused 494us total 29.320ms
08-04 11:19:23.377  9285  9563 I art     : Starting a blocking GC Explicit
08-04 11:19:23.403  9285  9563 I art     : Explicit concurrent mark sweep GC freed 118(2384B) AllocSpace objects, 0(0B) LOS objects, 28% free, 39MB/55MB, paused 475us total 25.262ms
08-04 11:19:23.412  9285  9563 I art     : Starting a blocking GC Explicit
08-04 11:19:23.438  9285  9563 I art     : Explicit concurrent mark sweep GC freed 99(1696B) AllocSpace objects, 0(0B) LOS objects, 28% free, 39MB/55MB, paused 491us total 25.208ms
08-04 11:19:23.447  9285  9563 I art     : Starting a blocking GC Explicit
08-04 11:19:23.473  9285  9563 I art     : Explicit concurrent mark sweep GC freed 122(2736B) AllocSpace objects, 0(0B) LOS objects, 28% free, 39MB/55MB, paused 440us total 25.155ms
08-04 11:19:23.484  9285  9563 I art     : Starting a blocking GC Explicit
08-04 11:19:23.508  9285  9563 I art     : Explicit concurrent mark sweep GC freed 109(2240B) AllocSpace objects, 0(0B) LOS objects, 28% free, 39MB/55MB, paused 495us total 22.892ms
08-04 11:19:23.621 13866 13882 I PeriodicStatsRunner: PeriodicStatsRunner.call():175 call()
08-04 11:19:23.621 13866 13882 I PeriodicStatsRunner: PeriodicStatsRunner.call():179 No submit PeriodicStats since input started.
08-04 11:19:23.780 10571 10571 D AndroidRuntime: >>>>>> START com.android.internal.os.RuntimeInit uid 2000 <<<<<<
08-04 11:19:23.785 10571 10571 D AndroidRuntime: CheckJNI is OFF
08-04 11:19:23.808  9285  9296 I art     : Starting a blocking GC Explicit
08-04 11:19:23.812 10571 10571 D ICU     : No timezone override file found: /data/misc/zoneinfo/current/icu/icu_tzdata.dat
08-04 11:19:23.836  9285  9296 I art     : Explicit concurrent mark sweep GC freed 2387(98KB) AllocSpace objects, 2(40KB) LOS objects, 28% free, 39MB/55MB, paused 544us total 27.934ms
08-04 11:19:23.840 10571 10571 I Radio-JNI: register_android_hardware_Radio DONE
08-04 11:19:23.846  9285  9296 I art     : Starting a blocking GC Explicit
08-04 11:19:23.856 10571 10571 D AndroidRuntime: Calling main entry com.android.commands.input.Input
08-04 11:19:23.858 10571 10571 I Input   : injectKeyEvent: KeyEvent { action=ACTION_DOWN, keyCode=KEYCODE_BACK, scanCode=0, metaState=0, flags=0x0, repeatCount=0, eventTime=703180271, downTime=703180271, deviceId=-1, source=0x101 }
08-04 11:19:23.864 10571 10571 I Input   : injectKeyEvent: KeyEvent { action=ACTION_UP, keyCode=KEYCODE_BACK, scanCode=0, metaState=0, flags=0x0, repeatCount=0, eventTime=703180271, downTime=703180271, deviceId=-1, source=0x101 }
08-04 11:19:23.870 10571 10571 D AndroidRuntime: Shutting down VM
08-04 11:19:23.872  9285  9296 I art     : Explicit concurrent mark sweep GC freed 122(2560B) AllocSpace objects, 0(0B) LOS objects, 28% free, 39MB/55MB, paused 587us total 25.994ms
08-04 11:19:23.878  9285  9285 V MainActivity: url = https://project-travel-mate.herokuapp.com/api/number-of-unread-notifications
08-04 11:19:23.882  9285  9296 I art     : Starting a blocking GC Explicit
08-04 11:19:23.904 13866 13866 I GoogleInputMethodServic: GoogleInputMethodService.onFinishInput():3138 
08-04 11:19:23.905 13866 13866 I GoogleInputMethodServic: GoogleInputMethodService.onStartInput():1808 
08-04 11:19:23.907  9285  9296 I art     : Explicit concurrent mark sweep GC freed 478(17KB) AllocSpace objects, 0(0B) LOS objects, 28% free, 39MB/55MB, paused 891us total 24.708ms
08-04 11:19:23.918  9285  9296 I art     : Starting a blocking GC Explicit
08-04 11:19:23.944  9285  9296 I art     : Explicit concurrent mark sweep GC freed 239(6KB) AllocSpace objects, 0(0B) LOS objects, 28% free, 39MB/55MB, paused 838us total 26.167ms
08-04 11:19:23.955  9285  9296 I art     : Starting a blocking GC Explicit
08-04 11:19:23.978  9285  9296 I art     : Explicit concurrent mark sweep GC freed 169(3KB) AllocSpace objects, 0(0B) LOS objects, 28% free, 39MB/55MB, paused 665us total 22.260ms
08-04 11:19:24.193   380   380 W SurfaceFlinger: couldn't log to binary event log: overflow.
08-04 11:19:24.235  9285  9305 I art     : Starting a blocking GC Explicit
08-04 11:19:24.261  9285  9305 I art     : Explicit concurrent mark sweep GC freed 2236(101KB) AllocSpace objects, 2(40KB) LOS objects, 28% free, 39MB/55MB, paused 692us total 25.538ms
08-04 11:19:24.270  9285  9305 I art     : Starting a blocking GC Explicit
08-04 11:19:24.296  9285  9305 I art     : Explicit concurrent mark sweep GC freed 233(9KB) AllocSpace objects, 0(0B) LOS objects, 28% free, 39MB/55MB, paused 576us total 24.955ms
08-04 11:19:24.305  9285  9305 I art     : Starting a blocking GC Explicit
08-04 11:19:24.330  9285  9305 I art     : Explicit concurrent mark sweep GC freed 52(928B) AllocSpace objects, 0(0B) LOS objects, 28% free, 39MB/55MB, paused 557us total 24.834ms
08-04 11:19:24.340  9285  9305 I art     : Starting a blocking GC Explicit
08-04 11:19:24.366  9285  9305 I art     : Explicit concurrent mark sweep GC freed 51(896B) AllocSpace objects, 0(0B) LOS objects, 28% free, 39MB/55MB, paused 558us total 26.227ms
08-04 11:19:24.376  9285  9305 I art     : Starting a blocking GC Explicit
08-04 11:19:24.403  9285  9305 I art     : Explicit concurrent mark sweep GC freed 50(864B) AllocSpace objects, 0(0B) LOS objects, 28% free, 39MB/55MB, paused 555us total 26.850ms
08-04 11:19:24.714  9285  9563 I art     : Starting a blocking GC Explicit
08-04 11:19:24.743  9285  9563 I art     : Explicit concurrent mark sweep GC freed 4476(223KB) AllocSpace objects, 4(160KB) LOS objects, 28% free, 40MB/56MB, paused 576us total 28.794ms
08-04 11:19:24.753  9285  9563 I art     : Starting a blocking GC Explicit
08-04 11:19:24.763  9285 10595 I NAPPA_EXPERIMENTATION: MetricNetworkRequestExecutionTime: REQUEST_DURATION_SYSTEM='885',REQUEST_DURATION_OKHTTP='31',REQUEST_SYNCHRONOUS='FALSE',RESPONSE_CODE='200',RESPONSE_METHOD='GET',RESPONSE_LENGTH_OKHTTP='36',RESPONSE_LENGTH_HEADER='36',REQUEST_PROTOCOL='http/1.1',REQUEST_URL='https://project-travel-mate.herokuapp.com/api/number-of-unread-notifications',
08-04 11:19:24.781  9285  9563 I art     : Explicit concurrent mark sweep GC freed 1136(126KB) AllocSpace objects, 1(80KB) LOS objects, 28% free, 39MB/55MB, paused 548us total 27.408ms
08-04 11:19:24.791  9285  9563 I art     : Starting a blocking GC Explicit
08-04 11:19:24.818  9285  9563 I art     : Explicit concurrent mark sweep GC freed 101(4KB) AllocSpace objects, 0(0B) LOS objects, 28% free, 39MB/55MB, paused 546us total 26.681ms
08-04 11:19:24.828  9285  9563 I art     : Starting a blocking GC Explicit
08-04 11:19:24.854  9285  9563 I art     : Explicit concurrent mark sweep GC freed 135(4KB) AllocSpace objects, 0(0B) LOS objects, 28% free, 39MB/55MB, paused 522us total 26.471ms
08-04 11:19:24.864  9285  9563 I art     : Starting a blocking GC Explicit
08-04 11:19:24.890  9285  9563 I art     : Explicit concurrent mark sweep GC freed 51(896B) AllocSpace objects, 0(0B) LOS objects, 28% free, 39MB/55MB, paused 523us total 26.059ms
08-04 11:19:25.196  9285  9297 I art     : Starting a blocking GC Explicit
08-04 11:19:25.224  9285  9297 I art     : Explicit concurrent mark sweep GC freed 1908(90KB) AllocSpace objects, 2(40KB) LOS objects, 28% free, 39MB/55MB, paused 639us total 27.670ms
08-04 11:19:25.234  9285  9297 I art     : Starting a blocking GC Explicit
08-04 11:19:25.262  9285  9297 I art     : Explicit concurrent mark sweep GC freed 70(1584B) AllocSpace objects, 0(0B) LOS objects, 28% free, 39MB/55MB, paused 549us total 27ms
08-04 11:19:25.271  9285  9297 I art     : Starting a blocking GC Explicit
08-04 11:19:25.296  9285  9297 I art     : Explicit concurrent mark sweep GC freed 75(1296B) AllocSpace objects, 0(0B) LOS objects, 28% free, 39MB/55MB, paused 583us total 24.765ms
08-04 11:19:25.305  9285  9297 I art     : Starting a blocking GC Explicit
08-04 11:19:25.330  9285  9297 I art     : Explicit concurrent mark sweep GC freed 51(896B) AllocSpace objects, 0(0B) LOS objects, 28% free, 39MB/55MB, paused 533us total 24.867ms
08-04 11:19:25.340  9285  9297 I art     : Starting a blocking GC Explicit
08-04 11:19:25.365  9285  9297 I art     : Explicit concurrent mark sweep GC freed 51(896B) AllocSpace objects, 0(0B) LOS objects, 28% free, 39MB/55MB, paused 542us total 25.108ms
08-04 11:19:25.429 10625 10625 D AndroidRuntime: >>>>>> START com.android.internal.os.RuntimeInit uid 2000 <<<<<<
08-04 11:19:25.433 10625 10625 D AndroidRuntime: CheckJNI is OFF
08-04 11:19:25.460 10625 10625 D ICU     : No timezone override file found: /data/misc/zoneinfo/current/icu/icu_tzdata.dat
08-04 11:19:25.486 10625 10625 I Radio-JNI: register_android_hardware_Radio DONE
08-04 11:19:25.487 32231 32301 I PlayCommon: [5723] aqxs.c(23): Preparing logs for uploading
08-04 11:19:25.489 32231 32301 W PlayCommon: [5723] aqxs.a(1): No account for auth token provided
08-04 11:19:25.489 32231 32301 I PlayCommon: [5723] aqxs.c(176): Connecting to server: https://play.googleapis.com/play/log?format=raw&proto_v2=true
08-04 11:19:25.502 10625 10625 D AndroidRuntime: Calling main entry com.android.commands.input.Input
08-04 11:19:25.504 10625 10625 I Input   : injectMotionEvent: MotionEvent { action=ACTION_DOWN, actionButton=0, id[0]=0, x[0]=117.0, y[0]=170.0, toolType[0]=TOOL_TYPE_UNKNOWN, buttonState=0, metaState=0, flags=0x0, edgeFlags=0x0, pointerCount=1, historySize=0, eventTime=703181917, downTime=703181917, deviceId=0, source=0x1002 }
08-04 11:19:25.509 10625 10625 I Input   : injectMotionEvent: MotionEvent { action=ACTION_UP, actionButton=0, id[0]=0, x[0]=117.0, y[0]=170.0, toolType[0]=TOOL_TYPE_UNKNOWN, buttonState=0, metaState=0, flags=0x0, edgeFlags=0x0, pointerCount=1, historySize=0, eventTime=703181917, downTime=703181917, deviceId=0, source=0x1002 }
08-04 11:19:25.513 10625 10625 D AndroidRuntime: Shutting down VM
08-04 11:19:25.520   512  2967 D audio_hw_primary: out_set_parameters: enter: usecase(1: low-latency-playback) kvpairs: routing=2
08-04 11:19:25.533   512  2967 D audio_hw_primary: select_devices: out_snd_device(2: speaker) in_snd_device(0: none)
08-04 11:19:25.533   512  2967 D msm8974_platform: platform_send_audio_calibration: sending audio calibration for snd_device(2) acdb_id(15)
08-04 11:19:25.533   512  2967 I soundtrigger: audio_extn_sound_trigger_update_device_status: device 0x2 of type 0 for Event 1
08-04 11:19:25.548   512  2967 D audio_hw_primary: enable_snd_device: snd_device(2: speaker)
08-04 11:19:25.550   512  2967 D audio_hw_primary: enable_audio_route: apply and update mixer path: low-latency-playback speaker
08-04 11:19:25.639  9285  9305 I art     : Starting a blocking GC Explicit
08-04 11:19:25.669  9285  9305 I art     : Explicit concurrent mark sweep GC freed 2315(113KB) AllocSpace objects, 2(40KB) LOS objects, 28% free, 40MB/56MB, paused 534us total 29.175ms
08-04 11:19:25.679  9285  9305 I art     : Starting a blocking GC Explicit
08-04 11:19:25.704  9285  9305 I art     : Explicit concurrent mark sweep GC freed 109(3KB) AllocSpace objects, 0(0B) LOS objects, 28% free, 40MB/56MB, paused 497us total 24.597ms
08-04 11:19:25.714  9285  9305 I art     : Starting a blocking GC Explicit
08-04 11:19:25.740  9285  9305 I art     : Explicit concurrent mark sweep GC freed 54(992B) AllocSpace objects, 0(0B) LOS objects, 28% free, 40MB/56MB, paused 603us total 25.640ms
08-04 11:19:25.750  9285  9305 I art     : Starting a blocking GC Explicit
08-04 11:19:25.776  9285  9305 I art     : Explicit concurrent mark sweep GC freed 54(992B) AllocSpace objects, 0(0B) LOS objects, 28% free, 40MB/56MB, paused 573us total 25.227ms
08-04 11:19:25.785  9285  9305 I art     : Starting a blocking GC Explicit
08-04 11:19:25.810  9285  9305 I art     : Explicit concurrent mark sweep GC freed 51(896B) AllocSpace objects, 0(0B) LOS objects, 28% free, 40MB/56MB, paused 544us total 24.264ms
08-04 11:19:25.962   918   928 I AccountManagerService: getTypesVisibleToCaller: isPermitted? true
08-04 11:19:26.045 10651 10651 D AndroidRuntime: >>>>>> START com.android.internal.os.RuntimeInit uid 2000 <<<<<<
08-04 11:19:26.049 10651 10651 D AndroidRuntime: CheckJNI is OFF
08-04 11:19:26.072  9285  9563 I art     : Starting a blocking GC Explicit
08-04 11:19:26.072 32231 32301 I PlayCommon: [5723] aqxs.c(208): Successfully uploaded logs.
08-04 11:19:26.073 10651 10651 D ICU     : No timezone override file found: /data/misc/zoneinfo/current/icu/icu_tzdata.dat
08-04 11:19:26.088   512  2967 D audio_hw_primary: disable_audio_route: reset and update mixer path: low-latency-playback speaker
08-04 11:19:26.089   512  2967 D audio_hw_primary: disable_snd_device: snd_device(2: speaker)
08-04 11:19:26.097   512  2967 I soundtrigger: audio_extn_sound_trigger_update_device_status: device 0x2 of type 0 for Event 0
08-04 11:19:26.098  9285  9563 I art     : Explicit concurrent mark sweep GC freed 1862(90KB) AllocSpace objects, 2(40KB) LOS objects, 28% free, 40MB/56MB, paused 632us total 25.499ms
08-04 11:19:26.098 10651 10651 I Radio-JNI: register_android_hardware_Radio DONE
08-04 11:19:26.107  9285  9563 I art     : Starting a blocking GC Explicit
08-04 11:19:26.116 10651 10651 D AndroidRuntime: Calling main entry com.android.commands.input.Input
08-04 11:19:26.117 10651 10651 I Input   : injectMotionEvent: MotionEvent { action=ACTION_DOWN, actionButton=0, id[0]=0, x[0]=355.0, y[0]=1674.0, toolType[0]=TOOL_TYPE_UNKNOWN, buttonState=0, metaState=0, flags=0x0, edgeFlags=0x0, pointerCount=1, historySize=0, eventTime=703182530, downTime=703182530, deviceId=0, source=0x1002 }
08-04 11:19:26.121 10651 10651 I Input   : injectMotionEvent: MotionEvent { action=ACTION_UP, actionButton=0, id[0]=0, x[0]=355.0, y[0]=1674.0, toolType[0]=TOOL_TYPE_UNKNOWN, buttonState=0, metaState=0, flags=0x0, edgeFlags=0x0, pointerCount=1, historySize=0, eventTime=703182530, downTime=703182530, deviceId=0, source=0x1002 }
08-04 11:19:26.122 10651 10651 D AndroidRuntime: Shutting down VM
08-04 11:19:26.132  9285  9563 I art     : Explicit concurrent mark sweep GC freed 85(2064B) AllocSpace objects, 0(0B) LOS objects, 28% free, 40MB/56MB, paused 575us total 24.341ms
08-04 11:19:26.134   512  2967 D audio_hw_primary: out_set_parameters: enter: usecase(1: low-latency-playback) kvpairs: routing=2
08-04 11:19:26.142  9285  9563 I art     : Starting a blocking GC Explicit
08-04 11:19:26.147   512  2967 D audio_hw_primary: select_devices: out_snd_device(2: speaker) in_snd_device(0: none)
08-04 11:19:26.147   512  2967 D msm8974_platform: platform_send_audio_calibration: sending audio calibration for snd_device(2) acdb_id(15)
08-04 11:19:26.147   512  2967 I soundtrigger: audio_extn_sound_trigger_update_device_status: device 0x2 of type 0 for Event 1
08-04 11:19:26.158   512  2967 D audio_hw_primary: enable_snd_device: snd_device(2: speaker)
08-04 11:19:26.160   512  2967 D audio_hw_primary: enable_audio_route: apply and update mixer path: low-latency-playback speaker
08-04 11:19:26.166  9285  9563 I art     : Explicit concurrent mark sweep GC freed 441(23KB) AllocSpace objects, 0(0B) LOS objects, 27% free, 42MB/58MB, paused 500us total 24.252ms
08-04 11:19:26.176  9285  9563 I art     : Starting a blocking GC Explicit
08-04 11:19:26.200  9285  9563 I art     : Explicit concurrent mark sweep GC freed 1369(140KB) AllocSpace objects, 0(0B) LOS objects, 23% free, 50MB/66MB, paused 575us total 23.755ms
08-04 11:19:26.206   512  2967 D AudioFlinger: mixer(0xf4740000) throttle end: throttle time(12)
08-04 11:19:26.210  9285  9563 I art     : Starting a blocking GC Explicit
08-04 11:19:26.233  9285  9563 I art     : Explicit concurrent mark sweep GC freed 6(224B) AllocSpace objects, 0(0B) LOS objects, 23% free, 50MB/66MB, paused 561us total 23.374ms
08-04 11:19:26.512  9285  9297 I art     : Starting a blocking GC Explicit
08-04 11:19:26.537  9285  9297 I art     : Explicit concurrent mark sweep GC freed 6(1216B) AllocSpace objects, 0(0B) LOS objects, 12% free, 115MB/131MB, paused 578us total 24.106ms
08-04 11:19:26.546  9285  9297 I art     : Starting a blocking GC Explicit
08-04 11:19:26.570  9285  9297 I art     : Explicit concurrent mark sweep GC freed 3(96B) AllocSpace objects, 0(0B) LOS objects, 12% free, 115MB/131MB, paused 584us total 23.865ms
08-04 11:19:26.580  9285  9297 I art     : Starting a blocking GC Explicit
08-04 11:19:26.604  9285  9297 I art     : Explicit concurrent mark sweep GC freed 4(128B) AllocSpace objects, 0(0B) LOS objects, 10% free, 134MB/150MB, paused 587us total 23.717ms
08-04 11:19:26.614  9285  9297 I art     : Starting a blocking GC Explicit
08-04 11:19:26.638  9285  9297 I art     : Explicit concurrent mark sweep GC freed 6(240B) AllocSpace objects, 0(0B) LOS objects, 10% free, 134MB/150MB, paused 614us total 24.138ms
08-04 11:19:26.648  9285  9297 I art     : Starting a blocking GC Explicit
08-04 11:19:26.672  9285  9297 I art     : Explicit concurrent mark sweep GC freed 5(192B) AllocSpace objects, 0(0B) LOS objects, 10% free, 134MB/150MB, paused 584us total 23.923ms
08-04 11:19:26.677  9285  9285 I Choreographer: Skipped 31 frames!  The application may be doing too much work on its main thread.
08-04 11:19:26.677  9285  9285 V MainActivity: url = https://project-travel-mate.herokuapp.com/api/number-of-unread-notifications
08-04 11:19:26.700   512  2967 D audio_hw_primary: disable_audio_route: reset and update mixer path: low-latency-playback speaker
08-04 11:19:26.702   512  2967 D audio_hw_primary: disable_snd_device: snd_device(2: speaker)
08-04 11:19:26.709   512  2967 I soundtrigger: audio_extn_sound_trigger_update_device_status: device 0x2 of type 0 for Event 0
08-04 11:19:27.000  9285  9297 I art     : Starting a blocking GC Explicit
08-04 11:19:27.038  9285  9297 I art     : Explicit concurrent mark sweep GC freed 3236(152KB) AllocSpace objects, 11(288KB) LOS objects, 10% free, 134MB/150MB, paused 668us total 37.777ms
08-04 11:19:27.051  9285  9297 I art     : Starting a blocking GC Explicit
08-04 11:19:27.078  9285  9297 I art     : Explicit concurrent mark sweep GC freed 941(54KB) AllocSpace objects, 0(0B) LOS objects, 10% free, 134MB/150MB, paused 561us total 27.208ms
08-04 11:19:27.088  9285  9297 I art     : Starting a blocking GC Explicit
08-04 11:19:27.115  9285  9297 I art     : Explicit concurrent mark sweep GC freed 3(96B) AllocSpace objects, 0(0B) LOS objects, 10% free, 134MB/150MB, paused 547us total 26.643ms
08-04 11:19:27.125  9285  9297 I art     : Starting a blocking GC Explicit
08-04 11:19:27.153  9285  9297 I art     : Explicit concurrent mark sweep GC freed 3(96B) AllocSpace objects, 0(0B) LOS objects, 10% free, 134MB/150MB, paused 573us total 27.406ms
08-04 11:19:27.163  9285  9297 I art     : Starting a blocking GC Explicit
08-04 11:19:27.190  9285  9297 I art     : Explicit concurrent mark sweep GC freed 2495(128KB) AllocSpace objects, 2(120KB) LOS objects, 10% free, 134MB/150MB, paused 556us total 27.368ms
08-04 11:19:27.223  9285 10687 I NAPPA_EXPERIMENTATION: MetricNetworkRequestExecutionTime: REQUEST_DURATION_SYSTEM='545',REQUEST_DURATION_OKHTTP='32',REQUEST_SYNCHRONOUS='FALSE',RESPONSE_CODE='200',RESPONSE_METHOD='GET',RESPONSE_LENGTH_OKHTTP='36',RESPONSE_LENGTH_HEADER='36',REQUEST_PROTOCOL='http/1.1',REQUEST_URL='https://project-travel-mate.herokuapp.com/api/number-of-unread-notifications',
08-04 11:19:27.269 13866 13882 I PeriodicStatsRunner: PeriodicStatsRunner.call():175 call()
08-04 11:19:27.269 13866 13882 I PeriodicStatsRunner: PeriodicStatsRunner.call():179 No submit PeriodicStats since input started.
08-04 11:19:27.545  9285  9296 I art     : Starting a blocking GC Explicit
08-04 11:19:27.586  9285  9296 I art     : Explicit concurrent mark sweep GC freed 2658(217KB) AllocSpace objects, 3(116KB) LOS objects, 10% free, 134MB/150MB, paused 628us total 39.922ms
08-04 11:19:27.599  9285  9296 I art     : Starting a blocking GC Explicit
08-04 11:19:27.627  9285  9296 I art     : Explicit concurrent mark sweep GC freed 42(1696B) AllocSpace objects, 0(0B) LOS objects, 10% free, 134MB/150MB, paused 604us total 28.187ms
08-04 11:19:27.637  9285  9296 I art     : Starting a blocking GC Explicit
08-04 11:19:27.665  9285  9296 I art     : Explicit concurrent mark sweep GC freed 3(96B) AllocSpace objects, 0(0B) LOS objects, 10% free, 134MB/150MB, paused 556us total 27.545ms
08-04 11:19:27.675  9285  9296 I art     : Starting a blocking GC Explicit
08-04 11:19:27.702  9285  9296 I art     : Explicit concurrent mark sweep GC freed 3(96B) AllocSpace objects, 0(0B) LOS objects, 10% free, 134MB/150MB, paused 545us total 26.989ms
08-04 11:19:27.712  9285  9296 I art     : Starting a blocking GC Explicit
08-04 11:19:27.740  9285  9296 I art     : Explicit concurrent mark sweep GC freed 3(96B) AllocSpace objects, 0(0B) LOS objects, 10% free, 134MB/150MB, paused 542us total 27.532ms
08-04 11:19:28.096  9285  9305 I art     : Starting a blocking GC Explicit
08-04 11:19:28.137  9285  9305 I art     : Explicit concurrent mark sweep GC freed 1427(83KB) AllocSpace objects, 2(36KB) LOS objects, 10% free, 134MB/150MB, paused 627us total 40.416ms
08-04 11:19:28.152  9285  9305 I art     : Starting a blocking GC Explicit
08-04 11:19:28.180  9285  9305 I art     : Explicit concurrent mark sweep GC freed 22(784B) AllocSpace objects, 0(0B) LOS objects, 10% free, 134MB/150MB, paused 581us total 28.222ms
08-04 11:19:28.191  9285  9305 I art     : Starting a blocking GC Explicit
08-04 11:19:28.219  9285  9305 I art     : Explicit concurrent mark sweep GC freed 3(96B) AllocSpace objects, 0(0B) LOS objects, 10% free, 134MB/150MB, paused 551us total 27.762ms
08-04 11:19:28.229  9285  9305 I art     : Starting a blocking GC Explicit
08-04 11:19:28.256  9285  9305 I art     : Explicit concurrent mark sweep GC freed 3(96B) AllocSpace objects, 0(0B) LOS objects, 10% free, 134MB/150MB, paused 565us total 26.995ms
08-04 11:19:28.266  9285  9305 I art     : Starting a blocking GC Explicit
08-04 11:19:28.294  9285  9305 I art     : Explicit concurrent mark sweep GC freed 4(128B) AllocSpace objects, 0(0B) LOS objects, 10% free, 134MB/150MB, paused 509us total 27.653ms
08-04 11:19:28.588  9285  9297 I art     : Starting a blocking GC Explicit
08-04 11:19:28.614  9285  9297 I art     : Explicit concurrent mark sweep GC freed 1468(84KB) AllocSpace objects, 2(36KB) LOS objects, 10% free, 134MB/150MB, paused 552us total 26.340ms
08-04 11:19:28.624  9285  9297 I art     : Starting a blocking GC Explicit
08-04 11:19:28.650  9285  9297 I art     : Explicit concurrent mark sweep GC freed 32(1328B) AllocSpace objects, 0(0B) LOS objects, 10% free, 134MB/150MB, paused 557us total 25.634ms
08-04 11:19:28.659  9285  9297 I art     : Starting a blocking GC Explicit
08-04 11:19:28.676 10728 10728 D AndroidRuntime: >>>>>> START com.android.internal.os.RuntimeInit uid 2000 <<<<<<
08-04 11:19:28.680 10728 10728 D AndroidRuntime: CheckJNI is OFF
08-04 11:19:28.686  9285  9297 I art     : Explicit concurrent mark sweep GC freed 3(96B) AllocSpace objects, 0(0B) LOS objects, 10% free, 134MB/150MB, paused 616us total 26.123ms
08-04 11:19:28.696  9285  9297 I art     : Starting a blocking GC Explicit
08-04 11:19:28.707 10728 10728 D ICU     : No timezone override file found: /data/misc/zoneinfo/current/icu/icu_tzdata.dat
08-04 11:19:28.721  9285  9297 I art     : Explicit concurrent mark sweep GC freed 3(96B) AllocSpace objects, 0(0B) LOS objects, 10% free, 134MB/150MB, paused 585us total 25.165ms
08-04 11:19:28.731  9285  9297 I art     : Starting a blocking GC Explicit
08-04 11:19:28.733 10728 10728 I Radio-JNI: register_android_hardware_Radio DONE
08-04 11:19:28.749 10728 10728 D AndroidRuntime: Calling main entry com.android.commands.input.Input
08-04 11:19:28.751 10728 10728 I Input   : injectMotionEvent: MotionEvent { action=ACTION_DOWN, actionButton=0, id[0]=0, x[0]=747.0, y[0]=608.0, toolType[0]=TOOL_TYPE_UNKNOWN, buttonState=0, metaState=0, flags=0x0, edgeFlags=0x0, pointerCount=1, historySize=0, eventTime=703185164, downTime=703185164, deviceId=0, source=0x1002 }
08-04 11:19:28.755  9285  9297 I art     : Explicit concurrent mark sweep GC freed 3(96B) AllocSpace objects, 0(0B) LOS objects, 10% free, 134MB/150MB, paused 748us total 24.577ms
08-04 11:19:28.756 10728 10728 I Input   : injectMotionEvent: MotionEvent { action=ACTION_UP, actionButton=0, id[0]=0, x[0]=747.0, y[0]=608.0, toolType[0]=TOOL_TYPE_UNKNOWN, buttonState=0, metaState=0, flags=0x0, edgeFlags=0x0, pointerCount=1, historySize=0, eventTime=703185164, downTime=703185164, deviceId=0, source=0x1002 }
08-04 11:19:28.760   512  2967 D audio_hw_primary: out_set_parameters: enter: usecase(1: low-latency-playback) kvpairs: routing=2
08-04 11:19:28.760 10728 10728 D AndroidRuntime: Shutting down VM
08-04 11:19:28.768   918  3670 I ActivityManager: START u0 {cmp=baseline.io.github.project_travel_mate/.utilities.ChecklistActivity} from uid 10650 on display 0
08-04 11:19:28.772   512  2967 D audio_hw_primary: select_devices: out_snd_device(2: speaker) in_snd_device(0: none)
08-04 11:19:28.772   512  2967 D msm8974_platform: platform_send_audio_calibration: sending audio calibration for snd_device(2) acdb_id(15)
08-04 11:19:28.773   512  2967 I soundtrigger: audio_extn_sound_trigger_update_device_status: device 0x2 of type 0 for Event 1
08-04 11:19:28.785   512  2967 D audio_hw_primary: enable_snd_device: snd_device(2: speaker)
08-04 11:19:28.787   512  2967 D audio_hw_primary: enable_audio_route: apply and update mixer path: low-latency-playback speaker
08-04 11:19:28.905 13866 13882 I PeriodicStatsRunner: PeriodicStatsRunner.call():175 call()
08-04 11:19:28.905 13866 13882 I PeriodicStatsRunner: PeriodicStatsRunner.call():179 No submit PeriodicStats since input started.
08-04 11:19:28.929   918   936 I ActivityManager: Displayed baseline.io.github.project_travel_mate/.utilities.ChecklistActivity: +156ms
08-04 11:19:28.931 13866 13866 I GoogleInputMethodServic: GoogleInputMethodService.onFinishInput():3138 
08-04 11:19:28.932 13866 13866 I GoogleInputMethodServic: GoogleInputMethodService.onStartInput():1808 
08-04 11:19:29.029  9285  9563 I art     : Starting a blocking GC Explicit
08-04 11:19:29.064  9285  9563 I art     : Explicit concurrent mark sweep GC freed 3171(287KB) AllocSpace objects, 2(36KB) LOS objects, 10% free, 135MB/151MB, paused 842us total 35.059ms
08-04 11:19:29.081  9285  9563 I art     : Starting a blocking GC Explicit
08-04 11:19:29.115  9285  9563 I art     : Explicit concurrent mark sweep GC freed 416(17KB) AllocSpace objects, 0(0B) LOS objects, 10% free, 135MB/151MB, paused 632us total 33.193ms
08-04 11:19:29.127  9285  9563 I art     : Starting a blocking GC Explicit
08-04 11:19:29.162  9285  9563 I art     : Explicit concurrent mark sweep GC freed 3(96B) AllocSpace objects, 0(0B) LOS objects, 10% free, 135MB/151MB, paused 626us total 34.590ms
08-04 11:19:29.167   380   380 W SurfaceFlinger: couldn't log to binary event log: overflow.
08-04 11:19:29.176  9285  9563 I art     : Starting a blocking GC Explicit
08-04 11:19:29.203  9285  9563 I art     : Explicit concurrent mark sweep GC freed 3(96B) AllocSpace objects, 0(0B) LOS objects, 10% free, 135MB/151MB, paused 557us total 26.848ms
08-04 11:19:29.213  9285  9563 I art     : Starting a blocking GC Explicit
08-04 11:19:29.237  9285  9563 I art     : Explicit concurrent mark sweep GC freed 3(96B) AllocSpace objects, 0(0B) LOS objects, 10% free, 135MB/151MB, paused 564us total 24.117ms
08-04 11:19:29.319   512  2967 D audio_hw_primary: disable_audio_route: reset and update mixer path: low-latency-playback speaker
08-04 11:19:29.321   512  2967 D audio_hw_primary: disable_snd_device: snd_device(2: speaker)
08-04 11:19:29.329   512  2967 I soundtrigger: audio_extn_sound_trigger_update_device_status: device 0x2 of type 0 for Event 0
08-04 11:19:29.579  9285  9305 I art     : Starting a blocking GC Explicit
08-04 11:19:29.625  9285  9305 I art     : Explicit concurrent mark sweep GC freed 1647(94KB) AllocSpace objects, 2(36KB) LOS objects, 10% free, 135MB/151MB, paused 821us total 45.424ms
08-04 11:19:29.639  9285  9305 I art     : Starting a blocking GC Explicit
08-04 11:19:29.669  9285  9305 I art     : Explicit concurrent mark sweep GC freed 53(2096B) AllocSpace objects, 0(0B) LOS objects, 10% free, 135MB/151MB, paused 640us total 29.056ms
08-04 11:19:29.679  9285  9305 I art     : Starting a blocking GC Explicit
08-04 11:19:29.708  9285  9305 I art     : Explicit concurrent mark sweep GC freed 3(96B) AllocSpace objects, 0(0B) LOS objects, 10% free, 135MB/151MB, paused 658us total 29.146ms
08-04 11:19:29.718  9285  9305 I art     : Starting a blocking GC Explicit
08-04 11:19:29.748  9285  9305 I art     : Explicit concurrent mark sweep GC freed 3(96B) AllocSpace objects, 0(0B) LOS objects, 10% free, 135MB/151MB, paused 688us total 29.499ms
08-04 11:19:29.758  9285  9305 I art     : Starting a blocking GC Explicit
08-04 11:19:29.787  9285  9305 I art     : Explicit concurrent mark sweep GC freed 3(96B) AllocSpace objects, 0(0B) LOS objects, 10% free, 135MB/151MB, paused 634us total 28.957ms
08-04 11:19:30.136  9285  9296 I art     : Starting a blocking GC Explicit
08-04 11:19:30.182  9285  9296 I art     : Explicit concurrent mark sweep GC freed 1617(93KB) AllocSpace objects, 2(36KB) LOS objects, 10% free, 135MB/151MB, paused 822us total 45.580ms
08-04 11:19:30.196  9285  9296 I art     : Starting a blocking GC Explicit
08-04 11:19:30.225  9285  9296 I art     : Explicit concurrent mark sweep GC freed 28(1024B) AllocSpace objects, 0(0B) LOS objects, 10% free, 135MB/151MB, paused 638us total 29.105ms
08-04 11:19:30.235  9285  9296 I art     : Starting a blocking GC Explicit
08-04 11:19:30.264  9285  9296 I art     : Explicit concurrent mark sweep GC freed 3(96B) AllocSpace objects, 0(0B) LOS objects, 10% free, 135MB/151MB, paused 624us total 28.990ms
08-04 11:19:30.275  9285  9296 I art     : Starting a blocking GC Explicit
08-04 11:19:30.305  9285  9296 I art     : Explicit concurrent mark sweep GC freed 3(96B) AllocSpace objects, 0(0B) LOS objects, 10% free, 135MB/151MB, paused 627us total 29.741ms
08-04 11:19:30.315  9285  9296 I art     : Starting a blocking GC Explicit
08-04 11:19:30.344  9285  9296 I art     : Explicit concurrent mark sweep GC freed 3(96B) AllocSpace objects, 0(0B) LOS objects, 10% free, 135MB/151MB, paused 635us total 29.242ms
08-04 11:19:30.710  9285  9563 I art     : Starting a blocking GC Explicit
08-04 11:19:30.753  9285  9563 I art     : Explicit concurrent mark sweep GC freed 1583(92KB) AllocSpace objects, 2(36KB) LOS objects, 10% free, 135MB/151MB, paused 719us total 42.500ms
08-04 11:19:30.767  9285  9563 I art     : Starting a blocking GC Explicit
08-04 11:19:30.798  9285  9563 I art     : Explicit concurrent mark sweep GC freed 28(1024B) AllocSpace objects, 0(0B) LOS objects, 10% free, 135MB/151MB, paused 673us total 30.257ms
08-04 11:19:30.808  9285  9563 I art     : Starting a blocking GC Explicit
08-04 11:19:30.838  9285  9563 I art     : Explicit concurrent mark sweep GC freed 34(928B) AllocSpace objects, 0(0B) LOS objects, 10% free, 135MB/151MB, paused 723us total 29.817ms
08-04 11:19:30.849  9285  9563 I art     : Starting a blocking GC Explicit
08-04 11:19:30.878  9285  9563 I art     : Explicit concurrent mark sweep GC freed 3(96B) AllocSpace objects, 0(0B) LOS objects, 10% free, 135MB/151MB, paused 644us total 29.299ms
08-04 11:19:30.888  9285  9563 I art     : Starting a blocking GC Explicit
08-04 11:19:30.918  9285  9563 I art     : Explicit concurrent mark sweep GC freed 3(96B) AllocSpace objects, 0(0B) LOS objects, 10% free, 135MB/151MB, paused 652us total 29.266ms
08-04 11:19:31.016   918 13198 D NetlinkSocketObserver: NeighborEvent{elapsedMs=1686574891, 192.168.2.254, [7C3953A63323], RTM_NEWNEIGH, NUD_REACHABLE}
08-04 11:19:31.296  9285  9297 I art     : Starting a blocking GC Explicit
08-04 11:19:31.336  9285  9297 I art     : Explicit concurrent mark sweep GC freed 1582(92KB) AllocSpace objects, 2(36KB) LOS objects, 10% free, 135MB/151MB, paused 714us total 40.312ms
08-04 11:19:31.348  9285  9297 I art     : Starting a blocking GC Explicit
08-04 11:19:31.379  9285  9297 I art     : Explicit concurrent mark sweep GC freed 28(1024B) AllocSpace objects, 0(0B) LOS objects, 10% free, 135MB/151MB, paused 642us total 30.120ms
08-04 11:19:31.389  9285  9297 I art     : Starting a blocking GC Explicit
08-04 11:19:31.420  9285  9297 I art     : Explicit concurrent mark sweep GC freed 3(96B) AllocSpace objects, 0(0B) LOS objects, 10% free, 135MB/151MB, paused 819us total 30.078ms
08-04 11:19:31.431  9285  9297 I art     : Starting a blocking GC Explicit
08-04 11:19:31.459  9285  9297 I art     : Explicit concurrent mark sweep GC freed 3(96B) AllocSpace objects, 0(0B) LOS objects, 10% free, 135MB/151MB, paused 617us total 28.492ms
08-04 11:19:31.469  9285  9297 I art     : Starting a blocking GC Explicit
08-04 11:19:31.498  9285  9297 I art     : Explicit concurrent mark sweep GC freed 3(96B) AllocSpace objects, 0(0B) LOS objects, 10% free, 135MB/151MB, paused 648us total 28.907ms
08-04 11:19:31.855  9285  9305 I art     : Starting a blocking GC Explicit
08-04 11:19:31.896  9285  9305 I art     : Explicit concurrent mark sweep GC freed 1626(93KB) AllocSpace objects, 2(36KB) LOS objects, 10% free, 135MB/151MB, paused 733us total 41.274ms
08-04 11:19:31.910  9285  9305 I art     : Starting a blocking GC Explicit
08-04 11:19:31.939  9285  9305 I art     : Explicit concurrent mark sweep GC freed 38(1568B) AllocSpace objects, 0(0B) LOS objects, 10% free, 135MB/151MB, paused 636us total 29.541ms
08-04 11:19:31.950  9285  9305 I art     : Starting a blocking GC Explicit
08-04 11:19:31.979  9285  9305 I art     : Explicit concurrent mark sweep GC freed 3(96B) AllocSpace objects, 0(0B) LOS objects, 10% free, 135MB/151MB, paused 677us total 29ms
08-04 11:19:31.989  9285  9305 I art     : Starting a blocking GC Explicit
08-04 11:19:32.019  9285  9305 I art     : Explicit concurrent mark sweep GC freed 3(96B) AllocSpace objects, 0(0B) LOS objects, 10% free, 135MB/151MB, paused 642us total 29.218ms
08-04 11:19:32.029  9285  9305 I art     : Starting a blocking GC Explicit
08-04 11:19:32.059  9285  9305 I art     : Explicit concurrent mark sweep GC freed 3(96B) AllocSpace objects, 0(0B) LOS objects, 10% free, 135MB/151MB, paused 669us total 29.809ms
08-04 11:19:32.434  9285  9296 I art     : Starting a blocking GC Explicit
08-04 11:19:32.474  9285  9296 I art     : Explicit concurrent mark sweep GC freed 1594(92KB) AllocSpace objects, 2(36KB) LOS objects, 10% free, 135MB/151MB, paused 722us total 39.165ms
08-04 11:19:32.490  9285  9296 I art     : Starting a blocking GC Explicit
08-04 11:19:32.522  9285  9296 I art     : Explicit concurrent mark sweep GC freed 39(1600B) AllocSpace objects, 0(0B) LOS objects, 10% free, 135MB/151MB, paused 639us total 32.183ms
08-04 11:19:32.533  9285  9296 I art     : Starting a blocking GC Explicit
08-04 11:19:32.561  9285  9296 I art     : Explicit concurrent mark sweep GC freed 3(96B) AllocSpace objects, 0(0B) LOS objects, 10% free, 135MB/151MB, paused 616us total 28.624ms
08-04 11:19:32.572  9285  9296 I art     : Starting a blocking GC Explicit
08-04 11:19:32.601  9285  9296 I art     : Explicit concurrent mark sweep GC freed 3(96B) AllocSpace objects, 0(0B) LOS objects, 10% free, 135MB/151MB, paused 631us total 29.297ms
08-04 11:19:32.611  9285  9296 I art     : Starting a blocking GC Explicit
08-04 11:19:32.641  9285  9296 I art     : Explicit concurrent mark sweep GC freed 3(96B) AllocSpace objects, 0(0B) LOS objects, 10% free, 135MB/151MB, paused 621us total 29.065ms
08-04 11:19:33.017  9285  9563 I art     : Starting a blocking GC Explicit
08-04 11:19:33.047  9285  9563 I art     : Explicit concurrent mark sweep GC freed 1615(92KB) AllocSpace objects, 2(36KB) LOS objects, 10% free, 135MB/151MB, paused 626us total 29.115ms
08-04 11:19:33.057  9285  9563 I art     : Starting a blocking GC Explicit
08-04 11:19:33.085  9285  9563 I art     : Explicit concurrent mark sweep GC freed 28(1024B) AllocSpace objects, 0(0B) LOS objects, 10% free, 135MB/151MB, paused 621us total 28.286ms
08-04 11:19:33.096  9285  9563 I art     : Starting a blocking GC Explicit
08-04 11:19:33.123  9285  9563 I art     : Explicit concurrent mark sweep GC freed 3(96B) AllocSpace objects, 0(0B) LOS objects, 10% free, 135MB/151MB, paused 624us total 27.418ms
08-04 11:19:33.133  9285  9563 I art     : Starting a blocking GC Explicit
08-04 11:19:33.160  9285  9563 I art     : Explicit concurrent mark sweep GC freed 3(96B) AllocSpace objects, 0(0B) LOS objects, 10% free, 135MB/151MB, paused 677us total 26.449ms
08-04 11:19:33.160  9285  9295 I art     : WaitForGcToComplete blocked for 23.055ms for cause HeapTrim
08-04 11:19:33.170  9285  9563 I art     : Starting a blocking GC Explicit
08-04 11:19:33.197  9285  9563 I art     : Explicit concurrent mark sweep GC freed 3(96B) AllocSpace objects, 0(0B) LOS objects, 10% free, 135MB/151MB, paused 678us total 27.249ms
08-04 11:19:33.328 10839 10839 D AndroidRuntime: >>>>>> START com.android.internal.os.RuntimeInit uid 2000 <<<<<<
08-04 11:19:33.337 10839 10839 D AndroidRuntime: CheckJNI is OFF
08-04 11:19:33.362 10839 10839 D ICU     : No timezone override file found: /data/misc/zoneinfo/current/icu/icu_tzdata.dat
08-04 11:19:33.388 10839 10839 I Radio-JNI: register_android_hardware_Radio DONE
08-04 11:19:33.404 10839 10839 D AndroidRuntime: Calling main entry com.android.commands.input.Input
08-04 11:19:33.405 10839 10839 I Input   : injectKeyEvent: KeyEvent { action=ACTION_DOWN, keyCode=KEYCODE_BACK, scanCode=0, metaState=0, flags=0x0, repeatCount=0, eventTime=703189818, downTime=703189818, deviceId=-1, source=0x101 }
08-04 11:19:33.418 10839 10839 I Input   : injectKeyEvent: KeyEvent { action=ACTION_UP, keyCode=KEYCODE_BACK, scanCode=0, metaState=0, flags=0x0, repeatCount=0, eventTime=703189818, downTime=703189818, deviceId=-1, source=0x101 }
08-04 11:19:33.423 10839 10839 D AndroidRuntime: Shutting down VM
08-04 11:19:33.439  9285  9285 V MainActivity: url = https://project-travel-mate.herokuapp.com/api/number-of-unread-notifications
08-04 11:19:33.467 13866 13866 I GoogleInputMethodServic: GoogleInputMethodService.onFinishInput():3138 
08-04 11:19:33.468 13866 13866 I GoogleInputMethodServic: GoogleInputMethodService.onStartInput():1808 
08-04 11:19:33.532  9285  9563 I art     : Starting a blocking GC Explicit
08-04 11:19:33.561  9285  9563 I art     : Explicit concurrent mark sweep GC freed 2037(112KB) AllocSpace objects, 2(36KB) LOS objects, 10% free, 135MB/151MB, paused 982us total 28.690ms
08-04 11:19:33.573  9285  9563 I art     : Starting a blocking GC Explicit
08-04 11:19:33.606  9285  9563 I art     : Explicit concurrent mark sweep GC freed 75(2976B) AllocSpace objects, 0(0B) LOS objects, 10% free, 135MB/151MB, paused 662us total 32.410ms
08-04 11:19:33.620  9285  9563 I art     : Starting a blocking GC Explicit
08-04 11:19:33.654  9285  9563 I art     : Explicit concurrent mark sweep GC freed 19(992B) AllocSpace objects, 0(0B) LOS objects, 10% free, 135MB/151MB, paused 695us total 34.003ms
08-04 11:19:33.666  9285  9563 I art     : Starting a blocking GC Explicit
08-04 11:19:33.701  9285  9563 I art     : Explicit concurrent mark sweep GC freed 10(400B) AllocSpace objects, 0(0B) LOS objects, 10% free, 135MB/151MB, paused 741us total 34.976ms
08-04 11:19:33.713  9285  9563 I art     : Starting a blocking GC Explicit
08-04 11:19:33.750  9285  9563 I art     : Explicit concurrent mark sweep GC freed 5(192B) AllocSpace objects, 0(0B) LOS objects, 10% free, 135MB/151MB, paused 882us total 36.899ms
08-04 11:19:33.773   380   380 W SurfaceFlinger: couldn't log to binary event log: overflow.
08-04 11:19:33.931 13866 13882 I PeriodicStatsRunner: PeriodicStatsRunner.call():175 call()
08-04 11:19:33.932 13866 13882 I PeriodicStatsRunner: PeriodicStatsRunner.call():179 No submit PeriodicStats since input started.
08-04 11:19:34.061  9285  9305 I art     : Starting a blocking GC Explicit
08-04 11:19:34.092  9285  9305 I art     : Explicit concurrent mark sweep GC freed 2024(111KB) AllocSpace objects, 2(36KB) LOS objects, 10% free, 135MB/151MB, paused 701us total 31.076ms
08-04 11:19:34.103  9285  9305 I art     : Starting a blocking GC Explicit
08-04 11:19:34.132  9285  9305 I art     : Explicit concurrent mark sweep GC freed 156(7KB) AllocSpace objects, 0(0B) LOS objects, 10% free, 135MB/151MB, paused 704us total 29.183ms
08-04 11:19:34.143  9285  9305 I art     : Starting a blocking GC Explicit
08-04 11:19:34.172  9285  9305 I art     : Explicit concurrent mark sweep GC freed 3(96B) AllocSpace objects, 0(0B) LOS objects, 10% free, 135MB/151MB, paused 667us total 28.415ms
08-04 11:19:34.182  9285  9305 I art     : Starting a blocking GC Explicit
08-04 11:19:34.212  9285  9305 I art     : Explicit concurrent mark sweep GC freed 3(96B) AllocSpace objects, 0(0B) LOS objects, 10% free, 135MB/151MB, paused 691us total 29.923ms
08-04 11:19:34.222  9285  9305 I art     : Starting a blocking GC Explicit
08-04 11:19:34.252  9285  9305 I art     : Explicit concurrent mark sweep GC freed 2482(128KB) AllocSpace objects, 3(200KB) LOS objects, 10% free, 135MB/151MB, paused 778us total 29.895ms
08-04 11:19:34.286  9285 10867 I NAPPA_EXPERIMENTATION: MetricNetworkRequestExecutionTime: REQUEST_DURATION_SYSTEM='846',REQUEST_DURATION_OKHTTP='31',REQUEST_SYNCHRONOUS='FALSE',RESPONSE_CODE='200',RESPONSE_METHOD='GET',RESPONSE_LENGTH_OKHTTP='36',RESPONSE_LENGTH_HEADER='36',REQUEST_PROTOCOL='http/1.1',REQUEST_URL='https://project-travel-mate.herokuapp.com/api/number-of-unread-notifications',
08-04 11:19:34.585  9285  9296 I art     : Starting a blocking GC Explicit
08-04 11:19:34.621  9285  9296 I art     : Explicit concurrent mark sweep GC freed 2834(227KB) AllocSpace objects, 2(36KB) LOS objects, 10% free, 135MB/151MB, paused 656us total 35.426ms
08-04 11:19:34.631  9285  9296 I art     : Starting a blocking GC Explicit
08-04 11:19:34.660  9285  9296 I art     : Explicit concurrent mark sweep GC freed 57(2528B) AllocSpace objects, 0(0B) LOS objects, 10% free, 135MB/151MB, paused 609us total 28.379ms
08-04 11:19:34.670  9285  9296 I art     : Starting a blocking GC Explicit
08-04 11:19:34.698  9285  9296 I art     : Explicit concurrent mark sweep GC freed 9(416B) AllocSpace objects, 0(0B) LOS objects, 10% free, 135MB/151MB, paused 685us total 27.620ms
08-04 11:19:34.708  9285  9296 I art     : Starting a blocking GC Explicit
08-04 11:19:34.735  9285  9296 I art     : Explicit concurrent mark sweep GC freed 3(96B) AllocSpace objects, 0(0B) LOS objects, 10% free, 135MB/151MB, paused 658us total 26.852ms
08-04 11:19:34.745  9285  9296 I art     : Starting a blocking GC Explicit
08-04 11:19:34.772  9285  9296 I art     : Explicit concurrent mark sweep GC freed 3(96B) AllocSpace objects, 0(0B) LOS objects, 10% free, 135MB/151MB, paused 658us total 27.403ms
08-04 11:19:34.965 10891 10891 D AndroidRuntime: >>>>>> START com.android.internal.os.RuntimeInit uid 2000 <<<<<<
08-04 11:19:34.969 10891 10891 D AndroidRuntime: CheckJNI is OFF
08-04 11:19:34.993 10891 10891 D ICU     : No timezone override file found: /data/misc/zoneinfo/current/icu/icu_tzdata.dat
08-04 11:19:35.019 10891 10891 I Radio-JNI: register_android_hardware_Radio DONE
08-04 11:19:35.035 10891 10891 D AndroidRuntime: Calling main entry com.android.commands.input.Input
08-04 11:19:35.037 10891 10891 I Input   : injectMotionEvent: MotionEvent { action=ACTION_DOWN, actionButton=0, id[0]=0, x[0]=657.0, y[0]=2037.0, toolType[0]=TOOL_TYPE_UNKNOWN, buttonState=0, metaState=0, flags=0x0, edgeFlags=0x0, pointerCount=1, historySize=0, eventTime=703191449, downTime=703191449, deviceId=0, source=0x1002 }
08-04 11:19:35.042 10891 10891 I Input   : injectMotionEvent: MotionEvent { action=ACTION_UP, actionButton=0, id[0]=0, x[0]=657.0, y[0]=2037.0, toolType[0]=TOOL_TYPE_UNKNOWN, buttonState=0, metaState=0, flags=0x0, edgeFlags=0x0, pointerCount=1, historySize=0, eventTime=703191449, downTime=703191449, deviceId=0, source=0x1002 }
08-04 11:19:35.044 10891 10891 D AndroidRuntime: Shutting down VM
08-04 11:19:35.059   918  6111 I ActivityManager: START u0 {cmp=baseline.io.github.project_travel_mate/.utilities.CompassActivity} from uid 10650 on display 0
08-04 11:19:35.061   512  2967 D audio_hw_primary: out_set_parameters: enter: usecase(1: low-latency-playback) kvpairs: routing=2
08-04 11:19:35.075   512  2967 D audio_hw_primary: select_devices: out_snd_device(2: speaker) in_snd_device(0: none)
08-04 11:19:35.075   512  2967 D msm8974_platform: platform_send_audio_calibration: sending audio calibration for snd_device(2) acdb_id(15)
08-04 11:19:35.075   512  2967 I soundtrigger: audio_extn_sound_trigger_update_device_status: device 0x2 of type 0 for Event 1
08-04 11:19:35.092   512  2967 D audio_hw_primary: enable_snd_device: snd_device(2: speaker)
08-04 11:19:35.094  9285  9305 I art     : Starting a blocking GC Explicit
08-04 11:19:35.096   512  2967 D audio_hw_primary: enable_audio_route: apply and update mixer path: low-latency-playback speaker
08-04 11:19:35.127  9285  9305 I art     : Explicit concurrent mark sweep GC freed 1930(133KB) AllocSpace objects, 2(36KB) LOS objects, 10% free, 135MB/151MB, paused 806us total 32.836ms
08-04 11:19:35.137  9285  9305 I art     : Starting a blocking GC Explicit
08-04 11:19:35.164  9285  9305 I art     : Explicit concurrent mark sweep GC freed 163(7KB) AllocSpace objects, 0(0B) LOS objects, 7% free, 184MB/200MB, paused 743us total 26.485ms
08-04 11:19:35.174  9285  9305 I art     : Starting a blocking GC Explicit
08-04 11:19:35.199  9285  9305 I art     : Explicit concurrent mark sweep GC freed 33(1408B) AllocSpace objects, 0(0B) LOS objects, 7% free, 184MB/200MB, paused 713us total 25.025ms
08-04 11:19:35.209  9285  9305 I art     : Starting a blocking GC Explicit
08-04 11:19:35.234  9285  9305 I art     : Explicit concurrent mark sweep GC freed 3(96B) AllocSpace objects, 0(0B) LOS objects, 7% free, 184MB/200MB, paused 721us total 24.922ms
08-04 11:19:35.243  9285  9305 I art     : Starting a blocking GC Explicit
08-04 11:19:35.268  9285  9305 I art     : Explicit concurrent mark sweep GC freed 3(96B) AllocSpace objects, 0(0B) LOS objects, 7% free, 184MB/200MB, paused 723us total 24.879ms
08-04 11:19:35.405  9285  9285 D CompassActivity: start compass
08-04 11:19:35.406   918  3359 I sensors : batch
08-04 11:19:35.406   918  3359 I sensors : activate
08-04 11:19:35.406   918  3714 I sensors : batch
08-04 11:19:35.406   918  3714 I sensors : activate
08-04 11:19:35.413   918  3188 I hubconnection: sensorhub said: 'batch 1 flags:0, sampling_rate_Hz:50.00, max_report_latency_us:0'
08-04 11:19:35.414   918  3188 I hubconnection: sensorhub said: 'activate 1 enable:1'
08-04 11:19:35.415   918  3188 I hubconnection: sensorhub said: 'batch 3 flags:0, sampling_rate_Hz:50.00, max_report_latency_us:0'
08-04 11:19:35.416   918  3188 I hubconnection: sensorhub said: 'activate 3 enable:1'
08-04 11:19:35.528 13866 13866 I GoogleInputMethodServic: GoogleInputMethodService.onFinishInput():3138 
08-04 11:19:35.529 13866 13866 I GoogleInputMethodServic: GoogleInputMethodService.onStartInput():1808 
08-04 11:19:35.534   918   936 I ActivityManager: Displayed baseline.io.github.project_travel_mate/.utilities.CompassActivity: +457ms
08-04 11:19:35.541  9285  9297 I art     : Starting a blocking GC Explicit
08-04 11:19:35.573  9285  9297 I art     : Explicit concurrent mark sweep GC freed 1832(104KB) AllocSpace objects, 2(36KB) LOS objects, 7% free, 187MB/203MB, paused 1.167ms total 31.155ms
08-04 11:19:35.590  9285  9297 I art     : Starting a blocking GC Explicit
08-04 11:19:35.590  9285  9285 D CompassActivity: will set rotation from 0.0 to 180.91574
08-04 11:19:35.590  9285  9285 D CompassActivity: will set rotation from 180.91574 to 180.97842
08-04 11:19:35.591  9285  9285 D CompassActivity: will set rotation from 180.97842 to 181.03073
08-04 11:19:35.612  9285  9285 D CompassActivity: will set rotation from 181.03073 to 181.09
08-04 11:19:35.612  9285  9285 D CompassActivity: will set rotation from 181.09 to 181.14201
08-04 11:19:35.615  9285  9297 I art     : Explicit concurrent mark sweep GC freed 110(5KB) AllocSpace objects, 0(0B) LOS objects, 7% free, 187MB/203MB, paused 612us total 25.372ms
08-04 11:19:35.624  9285  9285 D CompassActivity: will set rotation from 181.14201 to 181.39667
08-04 11:19:35.624  9285  9285 D CompassActivity: will set rotation from 181.39667 to 181.42123
08-04 11:19:35.626  9285  9297 I art     : Starting a blocking GC Explicit
08-04 11:19:35.639   512  2967 D audio_hw_primary: disable_audio_route: reset and update mixer path: low-latency-playback speaker
08-04 11:19:35.639   512  2967 D audio_hw_primary: disable_snd_device: snd_device(2: speaker)
08-04 11:19:35.645  9285  9285 D CompassActivity: will set rotation from 181.42123 to 181.31721
08-04 11:19:35.645  9285  9285 D CompassActivity: will set rotation from 181.31721 to 181.31853
08-04 11:19:35.648   512  2967 I soundtrigger: audio_extn_sound_trigger_update_device_status: device 0x2 of type 0 for Event 0
08-04 11:19:35.650  9285  9297 I art     : Explicit concurrent mark sweep GC freed 76(4KB) AllocSpace objects, 0(0B) LOS objects, 7% free, 187MB/203MB, paused 605us total 24.306ms
08-04 11:19:35.660  9285  9297 I art     : Starting a blocking GC Explicit
08-04 11:19:35.664  9285  9285 D CompassActivity: will set rotation from 181.31853 to 181.39597
08-04 11:19:35.664  9285  9285 D CompassActivity: will set rotation from 181.39597 to 181.3845
08-04 11:19:35.684  9285  9285 D CompassActivity: will set rotation from 181.3845 to 181.45296
08-04 11:19:35.684  9285  9297 I art     : Explicit concurrent mark sweep GC freed 69(3KB) AllocSpace objects, 0(0B) LOS objects, 7% free, 187MB/203MB, paused 564us total 24.111ms
08-04 11:19:35.684  9285  9285 D CompassActivity: will set rotation from 181.45296 to 181.447
08-04 11:19:35.693  9285  9297 I art     : Starting a blocking GC Explicit
08-04 11:19:35.704  9285  9285 D CompassActivity: will set rotation from 181.447 to 181.49774
08-04 11:19:35.704  9285  9285 D CompassActivity: will set rotation from 181.49774 to 181.49452
08-04 11:19:35.718  9285  9297 I art     : Explicit concurrent mark sweep GC freed 70(3KB) AllocSpace objects, 0(0B) LOS objects, 7% free, 187MB/203MB, paused 571us total 24.218ms
08-04 11:19:35.724  9285  9285 D CompassActivity: will set rotation from 181.49452 to 181.52934
08-04 11:19:35.724  9285  9285 D CompassActivity: will set rotation from 181.52934 to 181.53496
08-04 11:19:35.745  9285  9285 D CompassActivity: will set rotation from 181.53496 to 181.4606
08-04 11:19:35.745  9285  9285 D CompassActivity: will set rotation from 181.4606 to 181.46828
08-04 11:19:35.764  9285  9285 D CompassActivity: will set rotation from 181.46828 to 181.55783
08-04 11:19:35.764  9285  9285 D CompassActivity: will set rotation from 181.55783 to 181.56766
08-04 11:19:35.784  9285  9285 D CompassActivity: will set rotation from 181.56766 to 181.64568
08-04 11:19:35.784  9285  9285 D CompassActivity: will set rotation from 181.64568 to 181.64795
08-04 11:19:35.792   380   380 W SurfaceFlinger: couldn't log to binary event log: overflow.
08-04 11:19:35.806  9285  9285 D CompassActivity: will set rotation from 181.64795 to 181.71567
08-04 11:19:35.806  9285  9285 D CompassActivity: will set rotation from 181.71567 to 181.70699
08-04 11:19:35.824  9285  9285 D CompassActivity: will set rotation from 181.70699 to 181.72849
08-04 11:19:35.824  9285  9285 D CompassActivity: will set rotation from 181.72849 to 181.71951
08-04 11:19:35.845  9285  9285 D CompassActivity: will set rotation from 181.71951 to 181.77127
08-04 11:19:35.845  9285  9285 D CompassActivity: will set rotation from 181.77127 to 181.76805
08-04 11:19:35.864  9285  9285 D CompassActivity: will set rotation from 181.76805 to 181.70398
08-04 11:19:35.864  9285  9285 D CompassActivity: will set rotation from 181.70398 to 181.7027
08-04 11:19:35.883  9285  9285 D CompassActivity: will set rotation from 181.7027 to 181.78119
08-04 11:19:35.884  9285  9285 D CompassActivity: will set rotation from 181.78119 to 181.78069
08-04 11:19:35.903  9285  9285 D CompassActivity: will set rotation from 181.78069 to 181.92284
08-04 11:19:35.904  9285  9285 D CompassActivity: will set rotation from 181.92284 to 181.92769
08-04 11:19:35.976  9285  9285 D CompassActivity: will set rotation from 181.92769 to 182.02225
08-04 11:19:35.976  9285  9285 D CompassActivity: will set rotation from 182.02225 to 182.02625
08-04 11:19:35.976  9285  9285 D CompassActivity: will set rotation from 182.02625 to 182.1114
08-04 11:19:35.976  9285  9285 D CompassActivity: will set rotation from 182.1114 to 182.10217
08-04 11:19:35.977  9285  9285 D CompassActivity: will set rotation from 182.10217 to 182.14355
08-04 11:19:35.977  9285  9285 D CompassActivity: will set rotation from 182.14355 to 182.13667
08-04 11:19:35.984  9285  9285 D CompassActivity: will set rotation from 182.13667 to 182.05547
08-04 11:19:35.985  9285  9285 D CompassActivity: will set rotation from 182.05547 to 182.052
08-04 11:19:36.003  9285  9285 D CompassActivity: will set rotation from 182.052 to 182.06334
08-04 11:19:36.003  9285  9285 D CompassActivity: will set rotation from 182.06334 to 182.06548
08-04 11:19:36.023  9285  9285 D CompassActivity: will set rotation from 182.06548 to 182.04973
08-04 11:19:36.023  9285  9285 D CompassActivity: will set rotation from 182.04973 to 182.05237
08-04 11:19:36.025  9285  9296 I art     : Starting a blocking GC Explicit
08-04 11:19:36.043  9285  9285 D CompassActivity: will set rotation from 182.05237 to 182.01418
08-04 11:19:36.044  9285  9285 D CompassActivity: will set rotation from 182.01418 to 182.018
08-04 11:19:36.050  9285  9296 I art     : Explicit concurrent mark sweep GC freed 1976(115KB) AllocSpace objects, 2(36KB) LOS objects, 7% free, 187MB/203MB, paused 538us total 24.627ms
08-04 11:19:36.059  9285  9296 I art     : Starting a blocking GC Explicit
08-04 11:19:36.063  9285  9285 D CompassActivity: will set rotation from 182.018 to 181.95699
08-04 11:19:36.063  9285  9285 D CompassActivity: will set rotation from 181.95699 to 181.95935
08-04 11:19:36.083  9285  9285 D CompassActivity: will set rotation from 181.95935 to 181.9561
08-04 11:19:36.083  9285  9285 D CompassActivity: will set rotation from 181.9561 to 181.95354
08-04 11:19:36.084  9285  9296 I art     : Explicit concurrent mark sweep GC freed 510(20KB) AllocSpace objects, 0(0B) LOS objects, 7% free, 187MB/203MB, paused 539us total 24.830ms
08-04 11:19:36.095  9285  9296 I art     : Starting a blocking GC Explicit
08-04 11:19:36.103  9285  9285 D CompassActivity: will set rotation from 181.95354 to 181.97331
08-04 11:19:36.103  9285  9285 D CompassActivity: will set rotation from 181.97331 to 181.9714
08-04 11:19:36.120  9285  9296 I art     : Explicit concurrent mark sweep GC freed 75(3KB) AllocSpace objects, 0(0B) LOS objects, 7% free, 187MB/203MB, paused 590us total 25.285ms
08-04 11:19:36.123  9285  9285 D CompassActivity: will set rotation from 181.9714 to 182.03467
08-04 11:19:36.123  9285  9285 D CompassActivity: will set rotation from 182.03467 to 182.0309
08-04 11:19:36.131  9285  9296 I art     : Starting a blocking GC Explicit
08-04 11:19:36.144  9285  9285 D CompassActivity: will set rotation from 182.0309 to 181.99352
08-04 11:19:36.144  9285  9285 D CompassActivity: will set rotation from 181.99352 to 181.99118
08-04 11:19:36.156  9285  9296 I art     : Explicit concurrent mark sweep GC freed 76(3KB) AllocSpace objects, 0(0B) LOS objects, 7% free, 187MB/203MB, paused 609us total 25.434ms
08-04 11:19:36.164  9285  9285 D CompassActivity: will set rotation from 181.99118 to 181.98318
08-04 11:19:36.164  9285  9285 D CompassActivity: will set rotation from 181.98318 to 181.98569
08-04 11:19:36.166  9285  9296 I art     : Starting a blocking GC Explicit
08-04 11:19:36.182  9285  9285 D CompassActivity: will set rotation from 181.98569 to 181.9787
08-04 11:19:36.182  9285  9285 D CompassActivity: will set rotation from 181.9787 to 181.9825
08-04 11:19:36.192  9285  9296 I art     : Explicit concurrent mark sweep GC freed 73(3KB) AllocSpace objects, 0(0B) LOS objects, 7% free, 187MB/203MB, paused 622us total 25.754ms
08-04 11:19:36.203  9285  9285 D CompassActivity: will set rotation from 181.9825 to 181.99902
08-04 11:19:36.203  9285  9285 D CompassActivity: will set rotation from 181.99902 to 182.0026
08-04 11:19:36.222  9285  9285 D CompassActivity: will set rotation from 182.0026 to 181.97108
08-04 11:19:36.223  9285  9285 D CompassActivity: will set rotation from 181.97108 to 181.96944
08-04 11:19:36.244  9285  9285 D CompassActivity: will set rotation from 181.96944 to 181.98967
08-04 11:19:36.244  9285  9285 D CompassActivity: will set rotation from 181.98967 to 181.98451
08-04 11:19:36.264  9285  9285 D CompassActivity: will set rotation from 181.98451 to 182.02216
08-04 11:19:36.264  9285  9285 D CompassActivity: will set rotation from 182.02216 to 182.02132
08-04 11:19:36.282  9285  9285 D CompassActivity: will set rotation from 182.02132 to 182.05235
08-04 11:19:36.282  9285  9285 D CompassActivity: will set rotation from 182.05235 to 182.05467
08-04 11:19:36.302  9285  9285 D CompassActivity: will set rotation from 182.05467 to 182.04872
08-04 11:19:36.302  9285  9285 D CompassActivity: will set rotation from 182.04872 to 182.05109
08-04 11:19:36.323  9285  9285 D CompassActivity: will set rotation from 182.05109 to 182.08372
08-04 11:19:36.323  9285  9285 D CompassActivity: will set rotation from 182.08372 to 182.08374
08-04 11:19:36.344  9285  9285 D CompassActivity: will set rotation from 182.08374 to 182.1351
08-04 11:19:36.345  9285  9285 D CompassActivity: will set rotation from 182.1351 to 182.13628
08-04 11:19:36.364  9285  9285 D CompassActivity: will set rotation from 182.13628 to 182.18509
08-04 11:19:36.364  9285  9285 D CompassActivity: will set rotation from 182.18509 to 182.18619
08-04 11:19:36.382  9285  9285 D CompassActivity: will set rotation from 182.18619 to 182.21368
08-04 11:19:36.383  9285  9285 D CompassActivity: will set rotation from 182.21368 to 182.2141
08-04 11:19:36.403  9285  9285 D CompassActivity: will set rotation from 182.2141 to 182.24094
08-04 11:19:36.403  9285  9285 D CompassActivity: will set rotation from 182.24094 to 182.23985
08-04 11:19:36.422  9285  9285 D CompassActivity: will set rotation from 182.23985 to 182.26212
08-04 11:19:36.422  9285  9285 D CompassActivity: will set rotation from 182.26212 to 182.26024
08-04 11:19:36.443  9285  9285 D CompassActivity: will set rotation from 182.26024 to 182.30193
08-04 11:19:36.443  9285  9285 D CompassActivity: will set rotation from 182.30193 to 182.30316
08-04 11:19:36.462  9285  9285 D CompassActivity: will set rotation from 182.30316 to 182.30843
08-04 11:19:36.462  9285  9285 D CompassActivity: will set rotation from 182.30843 to 182.31291
08-04 11:19:36.482  9285  9285 D CompassActivity: will set rotation from 182.31291 to 182.35426
08-04 11:19:36.482  9285  9285 D CompassActivity: will set rotation from 182.35426 to 182.3577
08-04 11:19:36.501  9285  9285 D CompassActivity: will set rotation from 182.3577 to 182.39319
08-04 11:19:36.502  9285  9285 D CompassActivity: will set rotation from 182.39319 to 182.39139
08-04 11:19:36.521  9285  9285 D CompassActivity: will set rotation from 182.39139 to 182.41174
08-04 11:19:36.522  9285  9285 D CompassActivity: will set rotation from 182.41174 to 182.41069
08-04 11:19:36.541  9285  9297 I art     : Starting a blocking GC Explicit
08-04 11:19:36.546  9285  9285 D CompassActivity: will set rotation from 182.41069 to 182.38914
08-04 11:19:36.547  9285  9285 D CompassActivity: will set rotation from 182.38914 to 182.38838
08-04 11:19:36.565  9285  9285 D CompassActivity: will set rotation from 182.38838 to 182.40607
08-04 11:19:36.565  9285  9285 D CompassActivity: will set rotation from 182.40607 to 182.40451
08-04 11:19:36.582  9285  9297 I art     : Explicit concurrent mark sweep GC freed 1907(113KB) AllocSpace objects, 2(36KB) LOS objects, 7% free, 187MB/203MB, paused 875us total 39.794ms
08-04 11:19:36.583  9285  9285 D CompassActivity: will set rotation from 182.40451 to 182.38344
08-04 11:19:36.583  9285  9285 D CompassActivity: will set rotation from 182.38344 to 182.38513
08-04 11:19:36.594  9285  9297 I art     : Starting a blocking GC Explicit
08-04 11:19:36.601  9285  9285 D CompassActivity: will set rotation from 182.38513 to 182.34796
08-04 11:19:36.602  9285  9285 D CompassActivity: will set rotation from 182.34796 to 182.35065
08-04 11:19:36.622  9285  9285 D CompassActivity: will set rotation from 182.35065 to 182.33278
08-04 11:19:36.622  9285  9285 D CompassActivity: will set rotation from 182.33278 to 182.3342
08-04 11:19:36.634  9285  9297 I art     : Explicit concurrent mark sweep GC freed 621(24KB) AllocSpace objects, 0(0B) LOS objects, 7% free, 187MB/203MB, paused 686us total 39.661ms
08-04 11:19:36.641  9285  9285 D CompassActivity: will set rotation from 182.3342 to 182.33746
08-04 11:19:36.642  9285  9285 D CompassActivity: will set rotation from 182.33746 to 182.33655
08-04 11:19:36.646  9285  9297 I art     : Starting a blocking GC Explicit
08-04 11:19:36.647   918 13198 D NetlinkSocketObserver: NeighborEvent{elapsedMs=1686580522, 192.168.2.254, [7C3953A63323], RTM_NEWNEIGH, NUD_STALE}
08-04 11:19:36.663  9285  9285 D CompassActivity: will set rotation from 182.33655 to 182.33682
08-04 11:19:36.663  9285  9285 D CompassActivity: will set rotation from 182.33682 to 182.33366
08-04 11:19:36.681  9285  9297 I art     : Explicit concurrent mark sweep GC freed 118(5KB) AllocSpace objects, 0(0B) LOS objects, 7% free, 187MB/203MB, paused 567us total 34.656ms
08-04 11:19:36.682  9285  9285 D CompassActivity: will set rotation from 182.33366 to 182.33607
08-04 11:19:36.682  9285  9285 D CompassActivity: will set rotation from 182.33607 to 182.33385
08-04 11:19:36.692  9285  9297 I art     : Starting a blocking GC Explicit
08-04 11:19:36.701  9285  9285 D CompassActivity: will set rotation from 182.33385 to 182.31606
08-04 11:19:36.701  9285  9285 D CompassActivity: will set rotation from 182.31606 to 182.31453
08-04 11:19:36.721  9285  9285 D CompassActivity: will set rotation from 182.31453 to 182.3175
08-04 11:19:36.721  9285  9285 D CompassActivity: will set rotation from 182.3175 to 182.31589
08-04 11:19:36.723  9285  9297 I art     : Explicit concurrent mark sweep GC freed 103(5KB) AllocSpace objects, 0(0B) LOS objects, 7% free, 187MB/203MB, paused 669us total 31.496ms
08-04 11:19:36.736  9285  9297 I art     : Starting a blocking GC Explicit
08-04 11:19:36.742  9285  9285 D CompassActivity: will set rotation from 182.31589 to 182.31721
08-04 11:19:36.743  9285  9285 D CompassActivity: will set rotation from 182.31721 to 182.3178
08-04 11:19:36.763  9285  9285 D CompassActivity: will set rotation from 182.3178 to 182.31909
08-04 11:19:36.764  9285  9285 D CompassActivity: will set rotation from 182.31909 to 182.32022
08-04 11:19:36.772  9285  9297 I art     : Explicit concurrent mark sweep GC freed 118(5KB) AllocSpace objects, 0(0B) LOS objects, 7% free, 187MB/203MB, paused 717us total 35.712ms
08-04 11:19:36.784  9285  9285 D CompassActivity: will set rotation from 182.32022 to 182.32141
08-04 11:19:36.784  9285  9285 D CompassActivity: will set rotation from 182.32141 to 182.32005
08-04 11:19:36.802  9285  9285 D CompassActivity: will set rotation from 182.32005 to 182.32062
08-04 11:19:36.803  9285  9285 D CompassActivity: will set rotation from 182.32062 to 182.31842
08-04 11:19:36.821  9285  9285 D CompassActivity: will set rotation from 182.31842 to 182.35344
08-04 11:19:36.821  9285  9285 D CompassActivity: will set rotation from 182.35344 to 182.35158
08-04 11:19:36.841  9285  9285 D CompassActivity: will set rotation from 182.35158 to 182.37231
08-04 11:19:36.842  9285  9285 D CompassActivity: will set rotation from 182.37231 to 182.37166
08-04 11:19:36.863  9285  9285 D CompassActivity: will set rotation from 182.37166 to 182.4058
08-04 11:19:36.864  9285  9285 D CompassActivity: will set rotation from 182.4058 to 182.40692
08-04 11:19:36.882  9285  9285 D CompassActivity: will set rotation from 182.40692 to 182.40854
08-04 11:19:36.882  9285  9285 D CompassActivity: will set rotation from 182.40854 to 182.40834
08-04 11:19:36.903  9285  9285 D CompassActivity: will set rotation from 182.40834 to 182.39075
08-04 11:19:36.904  9285  9285 D CompassActivity: will set rotation from 182.39075 to 182.39137
08-04 11:19:36.922  9285  9285 D CompassActivity: will set rotation from 182.39137 to 182.39072
08-04 11:19:36.922  9285  9285 D CompassActivity: will set rotation from 182.39072 to 182.39218
08-04 11:19:36.941  9285  9285 D CompassActivity: will set rotation from 182.39218 to 182.39218
08-04 11:19:36.942  9285  9285 D CompassActivity: will set rotation from 182.39218 to 182.39125
08-04 11:19:36.966  9285  9285 D CompassActivity: will set rotation from 182.39125 to 182.37595
08-04 11:19:36.967  9285  9285 D CompassActivity: will set rotation from 182.37595 to 182.37544
08-04 11:19:36.984  9285  9285 D CompassActivity: will set rotation from 182.37544 to 182.39128
08-04 11:19:36.985  9285  9285 D CompassActivity: will set rotation from 182.39128 to 182.38924
08-04 11:19:37.001  9285  9285 D CompassActivity: will set rotation from 182.38924 to 182.39204
08-04 11:19:37.001  9285  9285 D CompassActivity: will set rotation from 182.39204 to 182.39275
08-04 11:19:37.021  9285  9285 D CompassActivity: will set rotation from 182.39275 to 182.40648
08-04 11:19:37.021  9285  9285 D CompassActivity: will set rotation from 182.40648 to 182.40791
08-04 11:19:37.040  9285  9285 D CompassActivity: will set rotation from 182.40791 to 182.39015
08-04 11:19:37.041  9285  9285 D CompassActivity: will set rotation from 182.39015 to 182.39186
08-04 11:19:37.060  9285  9285 D CompassActivity: will set rotation from 182.39186 to 182.42273
08-04 11:19:37.060  9285  9285 D CompassActivity: will set rotation from 182.42273 to 182.42151
08-04 11:19:37.081  9285  9285 D CompassActivity: will set rotation from 182.42151 to 182.4199
08-04 11:19:37.081  9285  9285 D CompassActivity: will set rotation from 182.4199 to 182.41911
08-04 11:19:37.100  9285  9285 D CompassActivity: will set rotation from 182.41911 to 182.40121
08-04 11:19:37.100  9285  9285 D CompassActivity: will set rotation from 182.40121 to 182.39973
08-04 11:19:37.120  9285  9285 D CompassActivity: will set rotation from 182.39973 to 182.39668
08-04 11:19:37.121  9285  9285 D CompassActivity: will set rotation from 182.39668 to 182.39505
08-04 11:19:37.133  9285  9297 I art     : Starting a blocking GC Explicit
08-04 11:19:37.140  9285  9285 D CompassActivity: will set rotation from 182.39505 to 182.37793
08-04 11:19:37.140  9285  9285 D CompassActivity: will set rotation from 182.37793 to 182.37714
08-04 11:19:37.160  9285  9285 D CompassActivity: will set rotation from 182.37714 to 182.32878
08-04 11:19:37.160  9285  9285 D CompassActivity: will set rotation from 182.32878 to 182.3271
08-04 11:19:37.171  9285  9297 I art     : Explicit concurrent mark sweep GC freed 1951(115KB) AllocSpace objects, 2(36KB) LOS objects, 7% free, 187MB/203MB, paused 622us total 38.018ms
08-04 11:19:37.181  9285  9285 D CompassActivity: will set rotation from 182.3271 to 182.3122
08-04 11:19:37.182  9285  9285 D CompassActivity: will set rotation from 182.3122 to 182.31517
08-04 11:19:37.185  9285  9297 I art     : Starting a blocking GC Explicit
08-04 11:19:37.200  9285  9285 D CompassActivity: will set rotation from 182.31517 to 182.31615
08-04 11:19:37.200  9285  9285 D CompassActivity: will set rotation from 182.31615 to 182.31764
08-04 11:19:37.219  9285  9285 D CompassActivity: will set rotation from 182.31764 to 182.2864
08-04 11:19:37.221  9285  9285 D CompassActivity: will set rotation from 182.2864 to 182.28676
08-04 11:19:37.222  9285  9297 I art     : Explicit concurrent mark sweep GC freed 643(25KB) AllocSpace objects, 0(0B) LOS objects, 7% free, 187MB/203MB, paused 825us total 37ms
08-04 11:19:37.236  9285  9297 I art     : Starting a blocking GC Explicit
08-04 11:19:37.241  9285  9285 D CompassActivity: will set rotation from 182.28676 to 182.29012
08-04 11:19:37.241  9285  9285 D CompassActivity: will set rotation from 182.29012 to 182.2875
08-04 11:19:37.260  9285  9285 D CompassActivity: will set rotation from 182.2875 to 182.27336
08-04 11:19:37.261  9285  9285 D CompassActivity: will set rotation from 182.27336 to 182.27223
08-04 11:19:37.272  9285  9297 I art     : Explicit concurrent mark sweep GC freed 112(5KB) AllocSpace objects, 0(0B) LOS objects, 7% free, 187MB/203MB, paused 664us total 36.007ms
08-04 11:19:37.281  9285  9285 D CompassActivity: will set rotation from 182.27223 to 182.27663
08-04 11:19:37.282  9285  9285 D CompassActivity: will set rotation from 182.27663 to 182.27676
08-04 11:19:37.285  9285  9297 I art     : Starting a blocking GC Explicit
08-04 11:19:37.300  9285  9285 D CompassActivity: will set rotation from 182.27676 to 182.24516
08-04 11:19:37.300  9285  9285 D CompassActivity: will set rotation from 182.24516 to 182.24583
08-04 11:19:37.316  9285  9297 I art     : Explicit concurrent mark sweep GC freed 102(4KB) AllocSpace objects, 0(0B) LOS objects, 7% free, 187MB/203MB, paused 550us total 31.014ms
08-04 11:19:37.319  9285  9285 D CompassActivity: will set rotation from 182.24583 to 182.23186
08-04 11:19:37.319  9285  9285 D CompassActivity: will set rotation from 182.23186 to 182.23445
08-04 11:19:37.326  9285  9297 I art     : Starting a blocking GC Explicit
08-04 11:19:37.339  9285  9285 D CompassActivity: will set rotation from 182.23445 to 182.22095
08-04 11:19:37.339  9285  9285 D CompassActivity: will set rotation from 182.22095 to 182.2246
08-04 11:19:37.354  9285  9297 I art     : Explicit concurrent mark sweep GC freed 89(4KB) AllocSpace objects, 0(0B) LOS objects, 7% free, 187MB/203MB, paused 801us total 28.054ms
08-04 11:19:37.358  9285  9285 D CompassActivity: will set rotation from 182.2246 to 182.17973
08-04 11:19:37.359  9285  9285 D CompassActivity: will set rotation from 182.17973 to 182.18137
08-04 11:19:37.379  9285  9285 D CompassActivity: will set rotation from 182.18137 to 182.16895
08-04 11:19:37.380  9285  9285 D CompassActivity: will set rotation from 182.16895 to 182.16727
08-04 11:19:37.398  9285  9285 D CompassActivity: will set rotation from 182.16727 to 182.15733
08-04 11:19:37.398  9285  9285 D CompassActivity: will set rotation from 182.15733 to 182.15393
08-04 11:19:37.419  9285  9285 D CompassActivity: will set rotation from 182.15393 to 182.14429
08-04 11:19:37.419  9285  9285 D CompassActivity: will set rotation from 182.14429 to 182.14467
08-04 11:19:37.439  9285  9285 D CompassActivity: will set rotation from 182.14467 to 182.15115
08-04 11:19:37.440  9285  9285 D CompassActivity: will set rotation from 182.15115 to 182.151
08-04 11:19:37.460  9285  9285 D CompassActivity: will set rotation from 182.151 to 182.17105
08-04 11:19:37.462  9285  9285 D CompassActivity: will set rotation from 182.17105 to 182.17094
08-04 11:19:37.482  9285  9285 D CompassActivity: will set rotation from 182.17094 to 182.19286
08-04 11:19:37.483  9285  9285 D CompassActivity: will set rotation from 182.19286 to 182.19347
08-04 11:19:37.502  9285  9285 D CompassActivity: will set rotation from 182.19347 to 182.18279
08-04 11:19:37.502  9285  9285 D CompassActivity: will set rotation from 182.18279 to 182.18436
08-04 11:19:37.518  9285  9285 D CompassActivity: will set rotation from 182.18436 to 182.17319
08-04 11:19:37.518  9285  9285 D CompassActivity: will set rotation from 182.17319 to 182.17099
08-04 11:19:37.539  9285  9285 D CompassActivity: will set rotation from 182.17099 to 182.17526
08-04 11:19:37.540  9285  9285 D CompassActivity: will set rotation from 182.17526 to 182.17265
08-04 11:19:37.558  9285  9285 D CompassActivity: will set rotation from 182.17265 to 182.14433
08-04 11:19:37.559  9285  9285 D CompassActivity: will set rotation from 182.14433 to 182.14326
08-04 11:19:37.580  9285  9285 D CompassActivity: will set rotation from 182.14326 to 182.17941
08-04 11:19:37.581  9285  9285 D CompassActivity: will set rotation from 182.17941 to 182.1795
08-04 11:19:37.594 10956 10956 D AndroidRuntime: >>>>>> START com.android.internal.os.RuntimeInit uid 2000 <<<<<<
08-04 11:19:37.600  9285  9285 D CompassActivity: will set rotation from 182.1795 to 182.15288
08-04 11:19:37.600 10956 10956 D AndroidRuntime: CheckJNI is OFF
08-04 11:19:37.600  9285  9285 D CompassActivity: will set rotation from 182.15288 to 182.15395
08-04 11:19:37.618  9285  9285 D CompassActivity: will set rotation from 182.15395 to 182.12994
08-04 11:19:37.618  9285  9285 D CompassActivity: will set rotation from 182.12994 to 182.13167
08-04 11:19:37.628 10956 10956 D ICU     : No timezone override file found: /data/misc/zoneinfo/current/icu/icu_tzdata.dat
08-04 11:19:37.638  9285  9285 D CompassActivity: will set rotation from 182.13167 to 182.10724
08-04 11:19:37.638  9285  9285 D CompassActivity: will set rotation from 182.10724 to 182.10744
08-04 11:19:37.654 10956 10956 I Radio-JNI: register_android_hardware_Radio DONE
08-04 11:19:37.657  9285  9285 D CompassActivity: will set rotation from 182.10744 to 182.08005
08-04 11:19:37.658  9285  9285 D CompassActivity: will set rotation from 182.08005 to 182.08037
08-04 11:19:37.672 10956 10956 D AndroidRuntime: Calling main entry com.android.commands.input.Input
08-04 11:19:37.673 10956 10956 I Input   : injectKeyEvent: KeyEvent { action=ACTION_DOWN, keyCode=KEYCODE_BACK, scanCode=0, metaState=0, flags=0x0, repeatCount=0, eventTime=703194087, downTime=703194087, deviceId=-1, source=0x101 }
08-04 11:19:37.682 10956 10956 I Input   : injectKeyEvent: KeyEvent { action=ACTION_UP, keyCode=KEYCODE_BACK, scanCode=0, metaState=0, flags=0x0, repeatCount=0, eventTime=703194087, downTime=703194087, deviceId=-1, source=0x101 }
08-04 11:19:37.682  9285  9285 D CompassActivity: will set rotation from 182.08037 to 182.07072
08-04 11:19:37.683  9285  9285 D CompassActivity: will set rotation from 182.07072 to 182.06837
08-04 11:19:37.689 10956 10956 D AndroidRuntime: Shutting down VM
08-04 11:19:37.695   918  3714 I sensors : activate
08-04 11:19:37.696   918  6111 I sensors : activate
08-04 11:19:37.701   918  3188 I hubconnection: sensorhub said: 'activate 1 enable:0'
08-04 11:19:37.702   918  3188 I hubconnection: sensorhub said: 'activate 3 enable:0'
08-04 11:19:37.704  9285  9563 I art     : Starting a blocking GC Explicit
08-04 11:19:37.728  9285  9285 V MainActivity: url = https://project-travel-mate.herokuapp.com/api/number-of-unread-notifications
08-04 11:19:37.735  9285  9563 I art     : Explicit concurrent mark sweep GC freed 2190(124KB) AllocSpace objects, 2(36KB) LOS objects, 7% free, 187MB/203MB, paused 741us total 30.828ms
08-04 11:19:37.747  9285  9563 I art     : Starting a blocking GC Explicit
08-04 11:19:37.781  9285  9563 I art     : Explicit concurrent mark sweep GC freed 609(23KB) AllocSpace objects, 0(0B) LOS objects, 7% free, 187MB/203MB, paused 1.195ms total 33.246ms
08-04 11:19:37.792  9285  9563 I art     : Starting a blocking GC Explicit
08-04 11:19:37.817 13866 13866 I GoogleInputMethodServic: GoogleInputMethodService.onFinishInput():3138 
08-04 11:19:37.818 13866 13866 I GoogleInputMethodServic: GoogleInputMethodService.onStartInput():1808 
08-04 11:19:37.822  9285  9563 I art     : Explicit concurrent mark sweep GC freed 119(5KB) AllocSpace objects, 0(0B) LOS objects, 7% free, 187MB/203MB, paused 982us total 29.279ms
08-04 11:19:37.833  9285  9563 I art     : Starting a blocking GC Explicit
08-04 11:19:37.861  9285  9563 I art     : Explicit concurrent mark sweep GC freed 68(3KB) AllocSpace objects, 0(0B) LOS objects, 7% free, 187MB/203MB, paused 657us total 27.983ms
08-04 11:19:37.871  9285  9563 I art     : Starting a blocking GC Explicit
08-04 11:19:37.898  9285  9563 I art     : Explicit concurrent mark sweep GC freed 10(352B) AllocSpace objects, 0(0B) LOS objects, 7% free, 187MB/203MB, paused 919us total 25.783ms
08-04 11:19:38.095  9285  9285 D CompassActivity: stop compass
08-04 11:19:38.095   380   380 W SurfaceFlinger: couldn't log to binary event log: overflow.
08-04 11:19:38.176  9285  9297 I art     : Starting a blocking GC Explicit
08-04 11:19:38.203  9285  9297 I art     : Explicit concurrent mark sweep GC freed 1622(93KB) AllocSpace objects, 2(36KB) LOS objects, 7% free, 187MB/203MB, paused 686us total 27.364ms
08-04 11:19:38.204  9285  9295 I art     : WaitForGcToComplete blocked for 6.047ms for cause HeapTrim
08-04 11:19:38.214  9285  9297 I art     : Starting a blocking GC Explicit
08-04 11:19:38.250  9285  9297 I art     : Explicit concurrent mark sweep GC freed 1295(82KB) AllocSpace objects, 3(52MB) LOS objects, 10% free, 135MB/151MB, paused 668us total 36.165ms
08-04 11:19:38.260  9285  9297 I art     : Starting a blocking GC Explicit
08-04 11:19:38.286  9285  9297 I art     : Explicit concurrent mark sweep GC freed 3(96B) AllocSpace objects, 0(0B) LOS objects, 10% free, 135MB/151MB, paused 662us total 25.914ms
08-04 11:19:38.295  9285  9297 I art     : Starting a blocking GC Explicit
08-04 11:19:38.322  9285  9297 I art     : Explicit concurrent mark sweep GC freed 3(96B) AllocSpace objects, 0(0B) LOS objects, 10% free, 135MB/151MB, paused 678us total 26.915ms
08-04 11:19:38.332  9285  9297 I art     : Starting a blocking GC Explicit
08-04 11:19:38.360  9285  9297 I art     : Explicit concurrent mark sweep GC freed 3(96B) AllocSpace objects, 0(0B) LOS objects, 10% free, 135MB/151MB, paused 694us total 28.146ms
08-04 11:19:38.468 13866 13882 I PeriodicStatsRunner: PeriodicStatsRunner.call():175 call()
08-04 11:19:38.468 13866 13882 I PeriodicStatsRunner: PeriodicStatsRunner.call():179 No submit PeriodicStats since input started.
08-04 11:19:38.688  9285  9296 I art     : Starting a blocking GC Explicit
08-04 11:19:38.689  9285 10979 I NAPPA_EXPERIMENTATION: MetricNetworkRequestExecutionTime: REQUEST_DURATION_SYSTEM='959',REQUEST_DURATION_OKHTTP='32',REQUEST_SYNCHRONOUS='FALSE',RESPONSE_CODE='200',RESPONSE_METHOD='GET',RESPONSE_LENGTH_OKHTTP='36',RESPONSE_LENGTH_HEADER='36',REQUEST_PROTOCOL='http/1.1',REQUEST_URL='https://project-travel-mate.herokuapp.com/api/number-of-unread-notifications',
08-04 11:19:38.730  9285  9296 I art     : Explicit concurrent mark sweep GC freed 4301(234KB) AllocSpace objects, 5(236KB) LOS objects, 10% free, 135MB/151MB, paused 939us total 41.657ms
08-04 11:19:38.744  9285  9296 I art     : Starting a blocking GC Explicit
08-04 11:19:38.774  9285  9296 I art     : Explicit concurrent mark sweep GC freed 1075(124KB) AllocSpace objects, 0(0B) LOS objects, 10% free, 135MB/151MB, paused 755us total 30.731ms
08-04 11:19:38.785  9285  9296 I art     : Starting a blocking GC Explicit
08-04 11:19:38.815  9285  9296 I art     : Explicit concurrent mark sweep GC freed 3(96B) AllocSpace objects, 0(0B) LOS objects, 10% free, 135MB/151MB, paused 675us total 29.625ms
08-04 11:19:38.825  9285  9296 I art     : Starting a blocking GC Explicit
08-04 11:19:38.855  9285  9296 I art     : Explicit concurrent mark sweep GC freed 34(928B) AllocSpace objects, 0(0B) LOS objects, 10% free, 135MB/151MB, paused 643us total 28.975ms
08-04 11:19:38.865  9285  9296 I art     : Starting a blocking GC Explicit
08-04 11:19:38.895  9285  9296 I art     : Explicit concurrent mark sweep GC freed 3(96B) AllocSpace objects, 0(0B) LOS objects, 10% free, 135MB/151MB, paused 693us total 30.006ms
08-04 11:19:39.187  9285  9305 I art     : Starting a blocking GC Explicit
08-04 11:19:39.223  9285  9305 I art     : Explicit concurrent mark sweep GC freed 1583(92KB) AllocSpace objects, 2(36KB) LOS objects, 10% free, 135MB/151MB, paused 686us total 35.156ms
08-04 11:19:39.234 11001 11001 D AndroidRuntime: >>>>>> START com.android.internal.os.RuntimeInit uid 2000 <<<<<<
08-04 11:19:39.234  9285  9305 I art     : Starting a blocking GC Explicit
08-04 11:19:39.238 11001 11001 D AndroidRuntime: CheckJNI is OFF
08-04 11:19:39.263  9285  9305 I art     : Explicit concurrent mark sweep GC freed 28(1024B) AllocSpace objects, 0(0B) LOS objects, 10% free, 135MB/151MB, paused 717us total 28.284ms
08-04 11:19:39.265 11001 11001 D ICU     : No timezone override file found: /data/misc/zoneinfo/current/icu/icu_tzdata.dat
08-04 11:19:39.272  9285  9305 I art     : Starting a blocking GC Explicit
08-04 11:19:39.290 11001 11001 I Radio-JNI: register_android_hardware_Radio DONE
08-04 11:19:39.300  9285  9305 I art     : Explicit concurrent mark sweep GC freed 3(96B) AllocSpace objects, 0(0B) LOS objects, 10% free, 135MB/151MB, paused 641us total 27.552ms
08-04 11:19:39.306 11001 11001 D AndroidRuntime: Calling main entry com.android.commands.input.Input
08-04 11:19:39.307 11001 11001 I Input   : injectMotionEvent: MotionEvent { action=ACTION_DOWN, actionButton=0, id[0]=0, x[0]=500.0, y[0]=2000.0, toolType[0]=TOOL_TYPE_UNKNOWN, buttonState=0, metaState=0, flags=0x0, edgeFlags=0x0, pointerCount=1, historySize=0, eventTime=703195720, downTime=703195720, deviceId=0, source=0x1002 }
08-04 11:19:39.310  9285  9305 I art     : Starting a blocking GC Explicit
08-04 11:19:39.312 11001 11001 I Input   : injectMotionEvent: MotionEvent { action=ACTION_MOVE, actionButton=0, id[0]=0, x[0]=500.0, y[0]=2000.0, toolType[0]=TOOL_TYPE_UNKNOWN, buttonState=0, metaState=0, flags=0x0, edgeFlags=0x0, pointerCount=1, historySize=0, eventTime=703195720, downTime=703195720, deviceId=0, source=0x1002 }
08-04 11:19:39.332 11001 11001 I Input   : injectMotionEvent: MotionEvent { action=ACTION_MOVE, actionButton=0, id[0]=0, x[0]=500.0, y[0]=1950.6, toolType[0]=TOOL_TYPE_UNKNOWN, buttonState=0, metaState=0, flags=0x0, edgeFlags=0x0, pointerCount=1, historySize=0, eventTime=703195746, downTime=703195746, deviceId=0, source=0x1002 }
08-04 11:19:39.337  9285  9305 I art     : Explicit concurrent mark sweep GC freed 3(96B) AllocSpace objects, 0(0B) LOS objects, 10% free, 135MB/151MB, paused 679us total 27.492ms
08-04 11:19:39.347  9285  9305 I art     : Starting a blocking GC Explicit
08-04 11:19:39.350 11001 11001 I Input   : injectMotionEvent: MotionEvent { action=ACTION_MOVE, actionButton=0, id[0]=0, x[0]=500.0, y[0]=1918.3, toolType[0]=TOOL_TYPE_UNKNOWN, buttonState=0, metaState=0, flags=0x0, edgeFlags=0x0, pointerCount=1, historySize=0, eventTime=703195763, downTime=703195763, deviceId=0, source=0x1002 }
08-04 11:19:39.383  9285  9305 I art     : Explicit concurrent mark sweep GC freed 9(288B) AllocSpace objects, 0(0B) LOS objects, 10% free, 135MB/151MB, paused 869us total 35.365ms
08-04 11:19:39.404 11001 11001 I Input   : injectMotionEvent: MotionEvent { action=ACTION_MOVE, actionButton=0, id[0]=0, x[0]=500.0, y[0]=1815.7, toolType[0]=TOOL_TYPE_UNKNOWN, buttonState=0, metaState=0, flags=0x0, edgeFlags=0x0, pointerCount=1, historySize=0, eventTime=703195817, downTime=703195817, deviceId=0, source=0x1002 }
08-04 11:19:39.414 11001 11001 I Input   : injectMotionEvent: MotionEvent { action=ACTION_MOVE, actionButton=0, id[0]=0, x[0]=500.0, y[0]=1796.7, toolType[0]=TOOL_TYPE_UNKNOWN, buttonState=0, metaState=0, flags=0x0, edgeFlags=0x0, pointerCount=1, historySize=0, eventTime=703195827, downTime=703195827, deviceId=0, source=0x1002 }
08-04 11:19:39.430 11001 11001 I Input   : injectMotionEvent: MotionEvent { action=ACTION_MOVE, actionButton=0, id[0]=0, x[0]=500.0, y[0]=1766.3, toolType[0]=TOOL_TYPE_UNKNOWN, buttonState=0, metaState=0, flags=0x0, edgeFlags=0x0, pointerCount=1, historySize=0, eventTime=703195843, downTime=703195843, deviceId=0, source=0x1002 }
08-04 11:19:39.447 11001 11001 I Input   : injectMotionEvent: MotionEvent { action=ACTION_MOVE, actionButton=0, id[0]=0, x[0]=500.0, y[0]=1734.0, toolType[0]=TOOL_TYPE_UNKNOWN, buttonState=0, metaState=0, flags=0x0, edgeFlags=0x0, pointerCount=1, historySize=0, eventTime=703195860, downTime=703195860, deviceId=0, source=0x1002 }
08-04 11:19:39.464 11001 11001 I Input   : injectMotionEvent: MotionEvent { action=ACTION_MOVE, actionButton=0, id[0]=0, x[0]=500.0, y[0]=1701.7, toolType[0]=TOOL_TYPE_UNKNOWN, buttonState=0, metaState=0, flags=0x0, edgeFlags=0x0, pointerCount=1, historySize=0, eventTime=703195877, downTime=703195877, deviceId=0, source=0x1002 }
08-04 11:19:39.480 11001 11001 I Input   : injectMotionEvent: MotionEvent { action=ACTION_MOVE, actionButton=0, id[0]=0, x[0]=500.0, y[0]=1671.3, toolType[0]=TOOL_TYPE_UNKNOWN, buttonState=0, metaState=0, flags=0x0, edgeFlags=0x0, pointerCount=1, historySize=0, eventTime=703195893, downTime=703195893, deviceId=0, source=0x1002 }
08-04 11:19:39.497 11001 11001 I Input   : injectMotionEvent: MotionEvent { action=ACTION_MOVE, actionButton=0, id[0]=0, x[0]=500.0, y[0]=1639.0, toolType[0]=TOOL_TYPE_UNKNOWN, buttonState=0, metaState=0, flags=0x0, edgeFlags=0x0, pointerCount=1, historySize=0, eventTime=703195910, downTime=703195910, deviceId=0, source=0x1002 }
08-04 11:19:39.514 11001 11001 I Input   : injectMotionEvent: MotionEvent { action=ACTION_MOVE, actionButton=0, id[0]=0, x[0]=500.0, y[0]=1606.7, toolType[0]=TOOL_TYPE_UNKNOWN, buttonState=0, metaState=0, flags=0x0, edgeFlags=0x0, pointerCount=1, historySize=0, eventTime=703195927, downTime=703195927, deviceId=0, source=0x1002 }
08-04 11:19:39.531 11001 11001 I Input   : injectMotionEvent: MotionEvent { action=ACTION_MOVE, actionButton=0, id[0]=0, x[0]=500.0, y[0]=1574.4, toolType[0]=TOOL_TYPE_UNKNOWN, buttonState=0, metaState=0, flags=0x0, edgeFlags=0x0, pointerCount=1, historySize=0, eventTime=703195944, downTime=703195944, deviceId=0, source=0x1002 }
08-04 11:19:39.548 11001 11001 I Input   : injectMotionEvent: MotionEvent { action=ACTION_MOVE, actionButton=0, id[0]=0, x[0]=500.0, y[0]=1542.1, toolType[0]=TOOL_TYPE_UNKNOWN, buttonState=0, metaState=0, flags=0x0, edgeFlags=0x0, pointerCount=1, historySize=0, eventTime=703195961, downTime=703195961, deviceId=0, source=0x1002 }
08-04 11:19:39.564 11001 11001 I Input   : injectMotionEvent: MotionEvent { action=ACTION_MOVE, actionButton=0, id[0]=0, x[0]=500.0, y[0]=1511.7, toolType[0]=TOOL_TYPE_UNKNOWN, buttonState=0, metaState=0, flags=0x0, edgeFlags=0x0, pointerCount=1, historySize=0, eventTime=703195977, downTime=703195977, deviceId=0, source=0x1002 }
08-04 11:19:39.581 11001 11001 I Input   : injectMotionEvent: MotionEvent { action=ACTION_MOVE, actionButton=0, id[0]=0, x[0]=500.0, y[0]=1479.4, toolType[0]=TOOL_TYPE_UNKNOWN, buttonState=0, metaState=0, flags=0x0, edgeFlags=0x0, pointerCount=1, historySize=0, eventTime=703195994, downTime=703195994, deviceId=0, source=0x1002 }
08-04 11:19:39.598 11001 11001 I Input   : injectMotionEvent: MotionEvent { action=ACTION_MOVE, actionButton=0, id[0]=0, x[0]=500.0, y[0]=1447.1, toolType[0]=TOOL_TYPE_UNKNOWN, buttonState=0, metaState=0, flags=0x0, edgeFlags=0x0, pointerCount=1, historySize=0, eventTime=703196011, downTime=703196011, deviceId=0, source=0x1002 }
08-04 11:19:39.614 11001 11001 I Input   : injectMotionEvent: MotionEvent { action=ACTION_MOVE, actionButton=0, id[0]=0, x[0]=500.0, y[0]=1416.7, toolType[0]=TOOL_TYPE_UNKNOWN, buttonState=0, metaState=0, flags=0x0, edgeFlags=0x0, pointerCount=1, historySize=0, eventTime=703196027, downTime=703196027, deviceId=0, source=0x1002 }
08-04 11:19:39.630 11001 11001 I Input   : injectMotionEvent: MotionEvent { action=ACTION_MOVE, actionButton=0, id[0]=0, x[0]=500.0, y[0]=1384.4, toolType[0]=TOOL_TYPE_UNKNOWN, buttonState=0, metaState=0, flags=0x0, edgeFlags=0x0, pointerCount=1, historySize=0, eventTime=703196044, downTime=703196044, deviceId=0, source=0x1002 }
08-04 11:19:39.649 11001 11001 I Input   : injectMotionEvent: MotionEvent { action=ACTION_MOVE, actionButton=0, id[0]=0, x[0]=500.0, y[0]=1350.2, toolType[0]=TOOL_TYPE_UNKNOWN, buttonState=0, metaState=0, flags=0x0, edgeFlags=0x0, pointerCount=1, historySize=0, eventTime=703196062, downTime=703196062, deviceId=0, source=0x1002 }
08-04 11:19:39.665 11001 11001 I Input   : injectMotionEvent: MotionEvent { action=ACTION_MOVE, actionButton=0, id[0]=0, x[0]=500.0, y[0]=1319.8, toolType[0]=TOOL_TYPE_UNKNOWN, buttonState=0, metaState=0, flags=0x0, edgeFlags=0x0, pointerCount=1, historySize=0, eventTime=703196078, downTime=703196078, deviceId=0, source=0x1002 }
08-04 11:19:39.681 11001 11001 I Input   : injectMotionEvent: MotionEvent { action=ACTION_MOVE, actionButton=0, id[0]=0, x[0]=500.0, y[0]=1289.3999, toolType[0]=TOOL_TYPE_UNKNOWN, buttonState=0, metaState=0, flags=0x0, edgeFlags=0x0, pointerCount=1, historySize=0, eventTime=703196094, downTime=703196094, deviceId=0, source=0x1002 }
08-04 11:19:39.698 11001 11001 I Input   : injectMotionEvent: MotionEvent { action=ACTION_MOVE, actionButton=0, id[0]=0, x[0]=500.0, y[0]=1257.1, toolType[0]=TOOL_TYPE_UNKNOWN, buttonState=0, metaState=0, flags=0x0, edgeFlags=0x0, pointerCount=1, historySize=0, eventTime=703196111, downTime=703196111, deviceId=0, source=0x1002 }
08-04 11:19:39.708  9285  9305 I art     : Starting a blocking GC Explicit
08-04 11:19:39.716 11001 11001 I Input   : injectMotionEvent: MotionEvent { action=ACTION_MOVE, actionButton=0, id[0]=0, x[0]=500.0, y[0]=1222.8999, toolType[0]=TOOL_TYPE_UNKNOWN, buttonState=0, metaState=0, flags=0x0, edgeFlags=0x0, pointerCount=1, historySize=0, eventTime=703196129, downTime=703196129, deviceId=0, source=0x1002 }
08-04 11:19:39.733 11001 11001 I Input   : injectMotionEvent: MotionEvent { action=ACTION_MOVE, actionButton=0, id[0]=0, x[0]=500.0, y[0]=1190.6, toolType[0]=TOOL_TYPE_UNKNOWN, buttonState=0, metaState=0, flags=0x0, edgeFlags=0x0, pointerCount=1, historySize=0, eventTime=703196146, downTime=703196146, deviceId=0, source=0x1002 }
08-04 11:19:39.740  9285  9305 I art     : Explicit concurrent mark sweep GC freed 1713(96KB) AllocSpace objects, 2(36KB) LOS objects, 10% free, 135MB/151MB, paused 585us total 30.293ms
08-04 11:19:39.750  9285  9305 I art     : Starting a blocking GC Explicit
08-04 11:19:39.781 11001 11001 I Input   : injectMotionEvent: MotionEvent { action=ACTION_MOVE, actionButton=0, id[0]=0, x[0]=500.0, y[0]=1099.3999, toolType[0]=TOOL_TYPE_UNKNOWN, buttonState=0, metaState=0, flags=0x0, edgeFlags=0x0, pointerCount=1, historySize=0, eventTime=703196194, downTime=703196194, deviceId=0, source=0x1002 }
08-04 11:19:39.782  9285  9305 I art     : Explicit concurrent mark sweep GC freed 91(3KB) AllocSpace objects, 0(0B) LOS objects, 10% free, 135MB/151MB, paused 648us total 32.071ms
08-04 11:19:39.792  9285  9305 I art     : Starting a blocking GC Explicit
08-04 11:19:39.820  9285  9305 I art     : Explicit concurrent mark sweep GC freed 3(96B) AllocSpace objects, 0(0B) LOS objects, 10% free, 135MB/151MB, paused 980us total 27.957ms
08-04 11:19:39.831 11001 11001 I Input   : injectMotionEvent: MotionEvent { action=ACTION_MOVE, actionButton=0, id[0]=0, x[0]=500.0, y[0]=1002.50006, toolType[0]=TOOL_TYPE_UNKNOWN, buttonState=0, metaState=0, flags=0x0, edgeFlags=0x0, pointerCount=1, historySize=0, eventTime=703196245, downTime=703196245, deviceId=0, source=0x1002 }
08-04 11:19:39.834  9285  9305 I art     : Starting a blocking GC Explicit
08-04 11:19:39.859  9285  9305 I art     : Explicit concurrent mark sweep GC freed 34(928B) AllocSpace objects, 0(0B) LOS objects, 10% free, 135MB/151MB, paused 595us total 24.501ms
08-04 11:19:39.872  9285  9305 I art     : Starting a blocking GC Explicit
08-04 11:19:39.887 11001 11001 I Input   : injectMotionEvent: MotionEvent { action=ACTION_MOVE, actionButton=0, id[0]=0, x[0]=500.0, y[0]=898.0, toolType[0]=TOOL_TYPE_UNKNOWN, buttonState=0, metaState=0, flags=0x0, edgeFlags=0x0, pointerCount=1, historySize=0, eventTime=703196300, downTime=703196300, deviceId=0, source=0x1002 }
08-04 11:19:39.903  9285  9305 I art     : Explicit concurrent mark sweep GC freed 3(96B) AllocSpace objects, 0(0B) LOS objects, 10% free, 135MB/151MB, paused 713us total 30.398ms
08-04 11:19:39.927 11001 11001 I Input   : injectMotionEvent: MotionEvent { action=ACTION_MOVE, actionButton=0, id[0]=0, x[0]=500.0, y[0]=820.1, toolType[0]=TOOL_TYPE_UNKNOWN, buttonState=0, metaState=0, flags=0x0, edgeFlags=0x0, pointerCount=1, historySize=0, eventTime=703196341, downTime=703196341, deviceId=0, source=0x1002 }
08-04 11:19:39.967 11001 11001 I Input   : injectMotionEvent: MotionEvent { action=ACTION_MOVE, actionButton=0, id[0]=0, x[0]=500.0, y[0]=746.0, toolType[0]=TOOL_TYPE_UNKNOWN, buttonState=0, metaState=0, flags=0x0, edgeFlags=0x0, pointerCount=1, historySize=0, eventTime=703196380, downTime=703196380, deviceId=0, source=0x1002 }
08-04 11:19:40.007 11001 11001 I Input   : injectMotionEvent: MotionEvent { action=ACTION_MOVE, actionButton=0, id[0]=0, x[0]=500.0, y[0]=670.0, toolType[0]=TOOL_TYPE_UNKNOWN, buttonState=0, metaState=0, flags=0x0, edgeFlags=0x0, pointerCount=1, historySize=0, eventTime=703196420, downTime=703196420, deviceId=0, source=0x1002 }
08-04 11:19:40.048 11001 11001 I Input   : injectMotionEvent: MotionEvent { action=ACTION_MOVE, actionButton=0, id[0]=0, x[0]=500.0, y[0]=592.1, toolType[0]=TOOL_TYPE_UNKNOWN, buttonState=0, metaState=0, flags=0x0, edgeFlags=0x0, pointerCount=1, historySize=0, eventTime=703196461, downTime=703196461, deviceId=0, source=0x1002 }
08-04 11:19:40.094 11001 11001 I Input   : injectMotionEvent: MotionEvent { action=ACTION_MOVE, actionButton=0, id[0]=0, x[0]=500.0, y[0]=502.80005, toolType[0]=TOOL_TYPE_UNKNOWN, buttonState=0, metaState=0, flags=0x0, edgeFlags=0x0, pointerCount=1, historySize=0, eventTime=703196508, downTime=703196508, deviceId=0, source=0x1002 }
08-04 11:19:40.135 11001 11001 I Input   : injectMotionEvent: MotionEvent { action=ACTION_MOVE, actionButton=0, id[0]=0, x[0]=500.0, y[0]=424.90002, toolType[0]=TOOL_TYPE_UNKNOWN, buttonState=0, metaState=0, flags=0x0, edgeFlags=0x0, pointerCount=1, historySize=0, eventTime=703196549, downTime=703196549, deviceId=0, source=0x1002 }
08-04 11:19:40.195 11001 11001 I Input   : injectMotionEvent: MotionEvent { action=ACTION_MOVE, actionButton=0, id[0]=0, x[0]=500.0, y[0]=312.79993, toolType[0]=TOOL_TYPE_UNKNOWN, buttonState=0, metaState=0, flags=0x0, edgeFlags=0x0, pointerCount=1, historySize=0, eventTime=703196608, downTime=703196608, deviceId=0, source=0x1002 }
08-04 11:19:40.213  9285  9305 I art     : Starting a blocking GC Explicit
08-04 11:19:40.223 11001 11001 I Input   : injectMotionEvent: MotionEvent { action=ACTION_MOVE, actionButton=0, id[0]=0, x[0]=500.0, y[0]=259.59998, toolType[0]=TOOL_TYPE_UNKNOWN, buttonState=0, metaState=0, flags=0x0, edgeFlags=0x0, pointerCount=1, historySize=0, eventTime=703196636, downTime=703196636, deviceId=0, source=0x1002 }
08-04 11:19:40.244  9285  9305 I art     : Explicit concurrent mark sweep GC freed 1593(92KB) AllocSpace objects, 2(36KB) LOS objects, 10% free, 135MB/151MB, paused 904us total 30.778ms
08-04 11:19:40.250 11001 11001 I Input   : injectMotionEvent: MotionEvent { action=ACTION_MOVE, actionButton=0, id[0]=0, x[0]=500.0, y[0]=208.29993, toolType[0]=TOOL_TYPE_UNKNOWN, buttonState=0, metaState=0, flags=0x0, edgeFlags=0x0, pointerCount=1, historySize=0, eventTime=703196663, downTime=703196663, deviceId=0, source=0x1002 }
08-04 11:19:40.255  9285  9305 I art     : Starting a blocking GC Explicit
08-04 11:19:40.276 11001 11001 I Input   : injectMotionEvent: MotionEvent { action=ACTION_MOVE, actionButton=0, id[0]=0, x[0]=500.0, y[0]=158.90002, toolType[0]=TOOL_TYPE_UNKNOWN, buttonState=0, metaState=0, flags=0x0, edgeFlags=0x0, pointerCount=1, historySize=0, eventTime=703196689, downTime=703196689, deviceId=0, source=0x1002 }
08-04 11:19:40.284  9285  9305 I art     : Explicit concurrent mark sweep GC freed 34(1216B) AllocSpace objects, 0(0B) LOS objects, 10% free, 135MB/151MB, paused 619us total 28.791ms
08-04 11:19:40.296  9285  9305 I art     : Starting a blocking GC Explicit
08-04 11:19:40.305 11001 11001 I Input   : injectMotionEvent: MotionEvent { action=ACTION_MOVE, actionButton=0, id[0]=0, x[0]=500.0, y[0]=103.79993, toolType[0]=TOOL_TYPE_UNKNOWN, buttonState=0, metaState=0, flags=0x0, edgeFlags=0x0, pointerCount=1, historySize=0, eventTime=703196718, downTime=703196718, deviceId=0, source=0x1002 }
08-04 11:19:40.329  9285  9305 I art     : Explicit concurrent mark sweep GC freed 6(192B) AllocSpace objects, 0(0B) LOS objects, 10% free, 135MB/151MB, paused 920us total 32.951ms
08-04 11:19:40.332 11001 11001 I Input   : injectMotionEvent: MotionEvent { action=ACTION_UP, actionButton=0, id[0]=0, x[0]=500.0, y[0]=100.0, toolType[0]=TOOL_TYPE_UNKNOWN, buttonState=0, metaState=0, flags=0x0, edgeFlags=0x0, pointerCount=1, historySize=0, eventTime=703196745, downTime=703196745, deviceId=0, source=0x1002 }
08-04 11:19:40.340  9285  9305 I art     : Starting a blocking GC Explicit
08-04 11:19:40.358 11001 11001 D AndroidRuntime: Shutting down VM
08-04 11:19:40.370  9285  9305 I art     : Explicit concurrent mark sweep GC freed 8(256B) AllocSpace objects, 0(0B) LOS objects, 10% free, 135MB/151MB, paused 668us total 28.938ms
08-04 11:19:40.383  9285  9305 I art     : Starting a blocking GC Explicit
08-04 11:19:40.411  9285  9305 I art     : Explicit concurrent mark sweep GC freed 4(128B) AllocSpace objects, 0(0B) LOS objects, 10% free, 135MB/151MB, paused 883us total 28.249ms
08-04 11:19:40.529 13866 13882 I PeriodicStatsRunner: PeriodicStatsRunner.call():175 call()
08-04 11:19:40.529 13866 13882 I PeriodicStatsRunner: PeriodicStatsRunner.call():179 No submit PeriodicStats since input started.
08-04 11:19:40.727  9285  9296 I art     : Starting a blocking GC Explicit
08-04 11:19:40.758  9285  9296 I art     : Explicit concurrent mark sweep GC freed 1595(92KB) AllocSpace objects, 2(36KB) LOS objects, 10% free, 135MB/151MB, paused 1.285ms total 31.262ms
08-04 11:19:40.769  9285  9296 I art     : Starting a blocking GC Explicit
08-04 11:19:40.796  9285  9296 I art     : Explicit concurrent mark sweep GC freed 41(1664B) AllocSpace objects, 0(0B) LOS objects, 10% free, 135MB/151MB, paused 615us total 27.335ms
08-04 11:19:40.810  9285  9296 I art     : Starting a blocking GC Explicit
08-04 11:19:40.839  9285  9296 I art     : Explicit concurrent mark sweep GC freed 36(992B) AllocSpace objects, 0(0B) LOS objects, 10% free, 135MB/151MB, paused 806us total 28.380ms
08-04 11:19:40.850  9285  9296 I art     : Starting a blocking GC Explicit
08-04 11:19:40.880  9285  9296 I art     : Explicit concurrent mark sweep GC freed 7(224B) AllocSpace objects, 0(0B) LOS objects, 10% free, 135MB/151MB, paused 882us total 29.606ms
08-04 11:19:40.893  9285  9296 I art     : Starting a blocking GC Explicit
08-04 11:19:40.921  9285  9296 I art     : Explicit concurrent mark sweep GC freed 5(160B) AllocSpace objects, 0(0B) LOS objects, 10% free, 135MB/151MB, paused 682us total 27.473ms
08-04 11:19:40.974 11053 11053 D AndroidRuntime: >>>>>> START com.android.internal.os.RuntimeInit uid 2000 <<<<<<
08-04 11:19:40.978 11053 11053 D AndroidRuntime: CheckJNI is OFF
08-04 11:19:41.004 11053 11053 D ICU     : No timezone override file found: /data/misc/zoneinfo/current/icu/icu_tzdata.dat
08-04 11:19:41.028 11053 11053 I Radio-JNI: register_android_hardware_Radio DONE
08-04 11:19:41.043 11053 11053 D AndroidRuntime: Calling main entry com.android.commands.input.Input
08-04 11:19:41.044 11053 11053 I Input   : injectMotionEvent: MotionEvent { action=ACTION_DOWN, actionButton=0, id[0]=0, x[0]=500.0, y[0]=2000.0, toolType[0]=TOOL_TYPE_UNKNOWN, buttonState=0, metaState=0, flags=0x0, edgeFlags=0x0, pointerCount=1, historySize=0, eventTime=703197457, downTime=703197457, deviceId=0, source=0x1002 }
08-04 11:19:41.062 11053 11053 I Input   : injectMotionEvent: MotionEvent { action=ACTION_MOVE, actionButton=0, id[0]=0, x[0]=500.0, y[0]=2000.0, toolType[0]=TOOL_TYPE_UNKNOWN, buttonState=0, metaState=0, flags=0x0, edgeFlags=0x0, pointerCount=1, historySize=0, eventTime=703197457, downTime=703197457, deviceId=0, source=0x1002 }
08-04 11:19:41.066 11053 11053 I Input   : injectMotionEvent: MotionEvent { action=ACTION_MOVE, actionButton=0, id[0]=0, x[0]=500.0, y[0]=1958.2, toolType[0]=TOOL_TYPE_UNKNOWN, buttonState=0, metaState=0, flags=0x0, edgeFlags=0x0, pointerCount=1, historySize=0, eventTime=703197479, downTime=703197479, deviceId=0, source=0x1002 }
08-04 11:19:41.083 11053 11053 I Input   : injectMotionEvent: MotionEvent { action=ACTION_MOVE, actionButton=0, id[0]=0, x[0]=500.0, y[0]=1925.9, toolType[0]=TOOL_TYPE_UNKNOWN, buttonState=0, metaState=0, flags=0x0, edgeFlags=0x0, pointerCount=1, historySize=0, eventTime=703197496, downTime=703197496, deviceId=0, source=0x1002 }
08-04 11:19:41.100 11053 11053 I Input   : injectMotionEvent: MotionEvent { action=ACTION_MOVE, actionButton=0, id[0]=0, x[0]=500.0, y[0]=1893.6, toolType[0]=TOOL_TYPE_UNKNOWN, buttonState=0, metaState=0, flags=0x0, edgeFlags=0x0, pointerCount=1, historySize=0, eventTime=703197513, downTime=703197513, deviceId=0, source=0x1002 }
08-04 11:19:41.127 11053 11053 I Input   : injectMotionEvent: MotionEvent { action=ACTION_MOVE, actionButton=0, id[0]=0, x[0]=500.0, y[0]=1840.4, toolType[0]=TOOL_TYPE_UNKNOWN, buttonState=0, metaState=0, flags=0x0, edgeFlags=0x0, pointerCount=1, historySize=0, eventTime=703197541, downTime=703197541, deviceId=0, source=0x1002 }
08-04 11:19:41.153 11053 11053 I Input   : injectMotionEvent: MotionEvent { action=ACTION_MOVE, actionButton=0, id[0]=0, x[0]=500.0, y[0]=1792.9, toolType[0]=TOOL_TYPE_UNKNOWN, buttonState=0, metaState=0, flags=0x0, edgeFlags=0x0, pointerCount=1, historySize=0, eventTime=703197566, downTime=703197566, deviceId=0, source=0x1002 }
08-04 11:19:41.179 11053 11053 I Input   : injectMotionEvent: MotionEvent { action=ACTION_MOVE, actionButton=0, id[0]=0, x[0]=500.0, y[0]=1743.5, toolType[0]=TOOL_TYPE_UNKNOWN, buttonState=0, metaState=0, flags=0x0, edgeFlags=0x0, pointerCount=1, historySize=0, eventTime=703197592, downTime=703197592, deviceId=0, source=0x1002 }
08-04 11:19:41.199  9285  9563 I art     : Starting a blocking GC Explicit
08-04 11:19:41.207 11053 11053 I Input   : injectMotionEvent: MotionEvent { action=ACTION_MOVE, actionButton=0, id[0]=0, x[0]=500.0, y[0]=1690.3, toolType[0]=TOOL_TYPE_UNKNOWN, buttonState=0, metaState=0, flags=0x0, edgeFlags=0x0, pointerCount=1, historySize=0, eventTime=703197620, downTime=703197620, deviceId=0, source=0x1002 }
08-04 11:19:41.232  9285  9563 I art     : Explicit concurrent mark sweep GC freed 1618(93KB) AllocSpace objects, 2(36KB) LOS objects, 10% free, 135MB/151MB, paused 787us total 32.385ms
08-04 11:19:41.233 11053 11053 I Input   : injectMotionEvent: MotionEvent { action=ACTION_MOVE, actionButton=0, id[0]=0, x[0]=500.0, y[0]=1640.9, toolType[0]=TOOL_TYPE_UNKNOWN, buttonState=0, metaState=0, flags=0x0, edgeFlags=0x0, pointerCount=1, historySize=0, eventTime=703197646, downTime=703197646, deviceId=0, source=0x1002 }
08-04 11:19:41.243  9285  9563 I art     : Starting a blocking GC Explicit
08-04 11:19:41.260 11053 11053 I Input   : injectMotionEvent: MotionEvent { action=ACTION_MOVE, actionButton=0, id[0]=0, x[0]=500.0, y[0]=1589.6, toolType[0]=TOOL_TYPE_UNKNOWN, buttonState=0, metaState=0, flags=0x0, edgeFlags=0x0, pointerCount=1, historySize=0, eventTime=703197673, downTime=703197673, deviceId=0, source=0x1002 }
08-04 11:19:41.273  9285  9563 I art     : Explicit concurrent mark sweep GC freed 35(1248B) AllocSpace objects, 0(0B) LOS objects, 10% free, 135MB/151MB, paused 680us total 29.537ms
08-04 11:19:41.285 11053 11053 I Input   : injectMotionEvent: MotionEvent { action=ACTION_MOVE, actionButton=0, id[0]=0, x[0]=500.0, y[0]=1540.2, toolType[0]=TOOL_TYPE_UNKNOWN, buttonState=0, metaState=0, flags=0x0, edgeFlags=0x0, pointerCount=1, historySize=0, eventTime=703197699, downTime=703197699, deviceId=0, source=0x1002 }
08-04 11:19:41.287  9285  9563 I art     : Starting a blocking GC Explicit
08-04 11:19:41.312 11053 11053 I Input   : injectMotionEvent: MotionEvent { action=ACTION_MOVE, actionButton=0, id[0]=0, x[0]=500.0, y[0]=1490.8, toolType[0]=TOOL_TYPE_UNKNOWN, buttonState=0, metaState=0, flags=0x0, edgeFlags=0x0, pointerCount=1, historySize=0, eventTime=703197725, downTime=703197725, deviceId=0, source=0x1002 }
08-04 11:19:41.318  2268  2268 I ServiceManager: Waiting for service AtCmdFwd...
08-04 11:19:41.322  9285  9563 I art     : Explicit concurrent mark sweep GC freed 7(224B) AllocSpace objects, 0(0B) LOS objects, 10% free, 135MB/151MB, paused 774us total 34.004ms
08-04 11:19:41.333  9285  9563 I art     : Starting a blocking GC Explicit
08-04 11:19:41.341 11053 11053 I Input   : injectMotionEvent: MotionEvent { action=ACTION_MOVE, actionButton=0, id[0]=0, x[0]=500.0, y[0]=1433.8, toolType[0]=TOOL_TYPE_UNKNOWN, buttonState=0, metaState=0, flags=0x0, edgeFlags=0x0, pointerCount=1, historySize=0, eventTime=703197755, downTime=703197755, deviceId=0, source=0x1002 }
08-04 11:19:41.370  9285  9563 I art     : Explicit concurrent mark sweep GC freed 5(160B) AllocSpace objects, 0(0B) LOS objects, 10% free, 135MB/151MB, paused 1.020ms total 36.122ms
08-04 11:19:41.372 11053 11053 I Input   : injectMotionEvent: MotionEvent { action=ACTION_MOVE, actionButton=0, id[0]=0, x[0]=500.0, y[0]=1376.8, toolType[0]=TOOL_TYPE_UNKNOWN, buttonState=0, metaState=0, flags=0x0, edgeFlags=0x0, pointerCount=1, historySize=0, eventTime=703197785, downTime=703197785, deviceId=0, source=0x1002 }
08-04 11:19:41.383  9285  9563 I art     : Starting a blocking GC Explicit
08-04 11:19:41.401 11053 11053 I Input   : injectMotionEvent: MotionEvent { action=ACTION_MOVE, actionButton=0, id[0]=0, x[0]=500.0, y[0]=1321.7, toolType[0]=TOOL_TYPE_UNKNOWN, buttonState=0, metaState=0, flags=0x0, edgeFlags=0x0, pointerCount=1, historySize=0, eventTime=703197814, downTime=703197814, deviceId=0, source=0x1002 }
08-04 11:19:41.417  9285  9563 I art     : Explicit concurrent mark sweep GC freed 7(224B) AllocSpace objects, 0(0B) LOS objects, 10% free, 135MB/151MB, paused 864us total 33.942ms
08-04 11:19:41.431 11053 11053 I Input   : injectMotionEvent: MotionEvent { action=ACTION_MOVE, actionButton=0, id[0]=0, x[0]=500.0, y[0]=1262.8, toolType[0]=TOOL_TYPE_UNKNOWN, buttonState=0, metaState=0, flags=0x0, edgeFlags=0x0, pointerCount=1, historySize=0, eventTime=703197845, downTime=703197845, deviceId=0, source=0x1002 }
08-04 11:19:41.460 11053 11053 I Input   : injectMotionEvent: MotionEvent { action=ACTION_MOVE, actionButton=0, id[0]=0, x[0]=500.0, y[0]=1207.7, toolType[0]=TOOL_TYPE_UNKNOWN, buttonState=0, metaState=0, flags=0x0, edgeFlags=0x0, pointerCount=1, historySize=0, eventTime=703197874, downTime=703197874, deviceId=0, source=0x1002 }
08-04 11:19:41.489 11053 11053 I Input   : injectMotionEvent: MotionEvent { action=ACTION_MOVE, actionButton=0, id[0]=0, x[0]=500.0, y[0]=1154.5, toolType[0]=TOOL_TYPE_UNKNOWN, buttonState=0, metaState=0, flags=0x0, edgeFlags=0x0, pointerCount=1, historySize=0, eventTime=703197902, downTime=703197902, deviceId=0, source=0x1002 }
08-04 11:19:41.518 11053 11053 I Input   : injectMotionEvent: MotionEvent { action=ACTION_MOVE, actionButton=0, id[0]=0, x[0]=500.0, y[0]=1099.3999, toolType[0]=TOOL_TYPE_UNKNOWN, buttonState=0, metaState=0, flags=0x0, edgeFlags=0x0, pointerCount=1, historySize=0, eventTime=703197931, downTime=703197931, deviceId=0, source=0x1002 }
08-04 11:19:41.548 11053 11053 I Input   : injectMotionEvent: MotionEvent { action=ACTION_MOVE, actionButton=0, id[0]=0, x[0]=500.0, y[0]=1042.3999, toolType[0]=TOOL_TYPE_UNKNOWN, buttonState=0, metaState=0, flags=0x0, edgeFlags=0x0, pointerCount=1, historySize=0, eventTime=703197961, downTime=703197961, deviceId=0, source=0x1002 }
08-04 11:19:41.577 11053 11053 I Input   : injectMotionEvent: MotionEvent { action=ACTION_MOVE, actionButton=0, id[0]=0, x[0]=500.0, y[0]=985.4, toolType[0]=TOOL_TYPE_UNKNOWN, buttonState=0, metaState=0, flags=0x0, edgeFlags=0x0, pointerCount=1, historySize=0, eventTime=703197991, downTime=703197991, deviceId=0, source=0x1002 }
08-04 11:19:41.606 11053 11053 I Input   : injectMotionEvent: MotionEvent { action=ACTION_MOVE, actionButton=0, id[0]=0, x[0]=500.0, y[0]=930.2999, toolType[0]=TOOL_TYPE_UNKNOWN, buttonState=0, metaState=0, flags=0x0, edgeFlags=0x0, pointerCount=1, historySize=0, eventTime=703198020, downTime=703198020, deviceId=0, source=0x1002 }
08-04 11:19:41.631   918  3261 D WifiStateMachine: starting scan for "H369AA63323"WPA_PSK with 2412,5180
08-04 11:19:41.637 11053 11053 I Input   : injectMotionEvent: MotionEvent { action=ACTION_MOVE, actionButton=0, id[0]=0, x[0]=500.0, y[0]=871.4, toolType[0]=TOOL_TYPE_UNKNOWN, buttonState=0, metaState=0, flags=0x0, edgeFlags=0x0, pointerCount=1, historySize=0, eventTime=703198051, downTime=703198051, deviceId=0, source=0x1002 }
08-04 11:19:41.671 11053 11053 I Input   : injectMotionEvent: MotionEvent { action=ACTION_MOVE, actionButton=0, id[0]=0, x[0]=500.0, y[0]=808.7001, toolType[0]=TOOL_TYPE_UNKNOWN, buttonState=0, metaState=0, flags=0x0, edgeFlags=0x0, pointerCount=1, historySize=0, eventTime=703198084, downTime=703198084, deviceId=0, source=0x1002 }
08-04 11:19:41.700 11053 11053 I Input   : injectMotionEvent: MotionEvent { action=ACTION_MOVE, actionButton=0, id[0]=0, x[0]=500.0, y[0]=753.6, toolType[0]=TOOL_TYPE_UNKNOWN, buttonState=0, metaState=0, flags=0x0, edgeFlags=0x0, pointerCount=1, historySize=0, eventTime=703198113, downTime=703198113, deviceId=0, source=0x1002 }
08-04 11:19:41.729 11053 11053 I Input   : injectMotionEvent: MotionEvent { action=ACTION_MOVE, actionButton=0, id[0]=0, x[0]=500.0, y[0]=698.5, toolType[0]=TOOL_TYPE_UNKNOWN, buttonState=0, metaState=0, flags=0x0, edgeFlags=0x0, pointerCount=1, historySize=0, eventTime=703198142, downTime=703198142, deviceId=0, source=0x1002 }
08-04 11:19:41.757 11053 11053 I Input   : injectMotionEvent: MotionEvent { action=ACTION_MOVE, actionButton=0, id[0]=0, x[0]=500.0, y[0]=645.30005, toolType[0]=TOOL_TYPE_UNKNOWN, buttonState=0, metaState=0, flags=0x0, edgeFlags=0x0, pointerCount=1, historySize=0, eventTime=703198170, downTime=703198170, deviceId=0, source=0x1002 }
08-04 11:19:41.777  9285  9296 I art     : Starting a blocking GC Explicit
08-04 11:19:41.788 11053 11053 I Input   : injectMotionEvent: MotionEvent { action=ACTION_MOVE, actionButton=0, id[0]=0, x[0]=500.0, y[0]=586.4, toolType[0]=TOOL_TYPE_UNKNOWN, buttonState=0, metaState=0, flags=0x0, edgeFlags=0x0, pointerCount=1, historySize=0, eventTime=703198201, downTime=703198201, deviceId=0, source=0x1002 }
08-04 11:19:41.815  9285  9296 I art     : Explicit concurrent mark sweep GC freed 1631(93KB) AllocSpace objects, 2(36KB) LOS objects, 10% free, 135MB/151MB, paused 1.059ms total 37.850ms
08-04 11:19:41.817 11053 11053 I Input   : injectMotionEvent: MotionEvent { action=ACTION_MOVE, actionButton=0, id[0]=0, x[0]=500.0, y[0]=531.30005, toolType[0]=TOOL_TYPE_UNKNOWN, buttonState=0, metaState=0, flags=0x0, edgeFlags=0x0, pointerCount=1, historySize=0, eventTime=703198230, downTime=703198230, deviceId=0, source=0x1002 }
08-04 11:19:41.828  9285  9296 I art     : Starting a blocking GC Explicit
08-04 11:19:41.848 11053 11053 I Input   : injectMotionEvent: MotionEvent { action=ACTION_MOVE, actionButton=0, id[0]=0, x[0]=500.0, y[0]=472.3999, toolType[0]=TOOL_TYPE_UNKNOWN, buttonState=0, metaState=0, flags=0x0, edgeFlags=0x0, pointerCount=1, historySize=0, eventTime=703198261, downTime=703198261, deviceId=0, source=0x1002 }
08-04 11:19:41.862  9285  9296 I art     : Explicit concurrent mark sweep GC freed 77(2656B) AllocSpace objects, 0(0B) LOS objects, 10% free, 135MB/151MB, paused 817us total 33.571ms
08-04 11:19:41.878 11053 11053 I Input   : injectMotionEvent: MotionEvent { action=ACTION_MOVE, actionButton=0, id[0]=0, x[0]=500.0, y[0]=415.40002, toolType[0]=TOOL_TYPE_UNKNOWN, buttonState=0, metaState=0, flags=0x0, edgeFlags=0x0, pointerCount=1, historySize=0, eventTime=703198291, downTime=703198291, deviceId=0, source=0x1002 }
08-04 11:19:41.878  9285  9296 I art     : Starting a blocking GC Explicit
08-04 11:19:41.908 11053 11053 I Input   : injectMotionEvent: MotionEvent { action=ACTION_MOVE, actionButton=0, id[0]=0, x[0]=500.0, y[0]=356.5, toolType[0]=TOOL_TYPE_UNKNOWN, buttonState=0, metaState=0, flags=0x0, edgeFlags=0x0, pointerCount=1, historySize=0, eventTime=703198322, downTime=703198322, deviceId=0, source=0x1002 }
08-04 11:19:41.911  9285  9296 I art     : Explicit concurrent mark sweep GC freed 10(320B) AllocSpace objects, 0(0B) LOS objects, 10% free, 135MB/151MB, paused 1ms total 32.909ms
08-04 11:19:41.924  9285  9296 I art     : Starting a blocking GC Explicit
08-04 11:19:41.937 11053 11053 I Input   : injectMotionEvent: MotionEvent { action=ACTION_MOVE, actionButton=0, id[0]=0, x[0]=500.0, y[0]=301.40002, toolType[0]=TOOL_TYPE_UNKNOWN, buttonState=0, metaState=0, flags=0x0, edgeFlags=0x0, pointerCount=1, historySize=0, eventTime=703198351, downTime=703198351, deviceId=0, source=0x1002 }
08-04 11:19:41.958  9285  9296 I art     : Explicit concurrent mark sweep GC freed 6(192B) AllocSpace objects, 0(0B) LOS objects, 10% free, 135MB/151MB, paused 1.409ms total 33.963ms
08-04 11:19:41.968 11053 11053 I Input   : injectMotionEvent: MotionEvent { action=ACTION_MOVE, actionButton=0, id[0]=0, x[0]=500.0, y[0]=244.3999, toolType[0]=TOOL_TYPE_UNKNOWN, buttonState=0, metaState=0, flags=0x0, edgeFlags=0x0, pointerCount=1, historySize=0, eventTime=703198381, downTime=703198381, deviceId=0, source=0x1002 }
08-04 11:19:41.972  9285  9296 I art     : Starting a blocking GC Explicit
08-04 11:19:41.997 11053 11053 I Input   : injectMotionEvent: MotionEvent { action=ACTION_MOVE, actionButton=0, id[0]=0, x[0]=500.0, y[0]=187.40002, toolType[0]=TOOL_TYPE_UNKNOWN, buttonState=0, metaState=0, flags=0x0, edgeFlags=0x0, pointerCount=1, historySize=0, eventTime=703198411, downTime=703198411, deviceId=0, source=0x1002 }
08-04 11:19:42.007  9285  9296 I art     : Explicit concurrent mark sweep GC freed 7(224B) AllocSpace objects, 0(0B) LOS objects, 10% free, 135MB/151MB, paused 804us total 34.479ms
08-04 11:19:42.030 11053 11053 I Input   : injectMotionEvent: MotionEvent { action=ACTION_MOVE, actionButton=0, id[0]=0, x[0]=500.0, y[0]=126.599976, toolType[0]=TOOL_TYPE_UNKNOWN, buttonState=0, metaState=0, flags=0x0, edgeFlags=0x0, pointerCount=1, historySize=0, eventTime=703198443, downTime=703198443, deviceId=0, source=0x1002 }
08-04 11:19:42.060 11053 11053 I Input   : injectMotionEvent: MotionEvent { action=ACTION_UP, actionButton=0, id[0]=0, x[0]=500.0, y[0]=100.0, toolType[0]=TOOL_TYPE_UNKNOWN, buttonState=0, metaState=0, flags=0x0, edgeFlags=0x0, pointerCount=1, historySize=0, eventTime=703198474, downTime=703198474, deviceId=0, source=0x1002 }
08-04 11:19:42.089 11053 11053 D AndroidRuntime: Shutting down VM
08-04 11:19:42.319  2268  2268 I ServiceManager: Waiting for service AtCmdFwd...
08-04 11:19:42.342  9285  9563 I art     : Starting a blocking GC Explicit
08-04 11:19:42.346   518   646 I ThermalEngine: ACTION: GPU - Setting GPU[0] to 510000000
08-04 11:19:42.378  9285  9563 I art     : Explicit concurrent mark sweep GC freed 1634(94KB) AllocSpace objects, 2(36KB) LOS objects, 10% free, 135MB/151MB, paused 940us total 35.962ms
08-04 11:19:42.391  9285  9563 I art     : Starting a blocking GC Explicit
08-04 11:19:42.425  9285  9563 I art     : Explicit concurrent mark sweep GC freed 30(1104B) AllocSpace objects, 0(0B) LOS objects, 10% free, 135MB/151MB, paused 866us total 34.055ms
08-04 11:19:42.438  9285  9563 I art     : Starting a blocking GC Explicit
08-04 11:19:42.472  9285  9563 I art     : Explicit concurrent mark sweep GC freed 3(96B) AllocSpace objects, 0(0B) LOS objects, 10% free, 135MB/151MB, paused 866us total 33.920ms
08-04 11:19:42.485  9285  9563 I art     : Starting a blocking GC Explicit
08-04 11:19:42.520  9285  9563 I art     : Explicit concurrent mark sweep GC freed 3(96B) AllocSpace objects, 0(0B) LOS objects, 10% free, 135MB/151MB, paused 827us total 34.450ms
08-04 11:19:42.533  9285  9563 I art     : Starting a blocking GC Explicit
08-04 11:19:42.568  9285  9563 I art     : Explicit concurrent mark sweep GC freed 3(96B) AllocSpace objects, 0(0B) LOS objects, 10% free, 135MB/151MB, paused 906us total 35.058ms
08-04 11:19:42.740 11103 11103 D AndroidRuntime: >>>>>> START com.android.internal.os.RuntimeInit uid 2000 <<<<<<
08-04 11:19:42.747 11103 11103 D AndroidRuntime: CheckJNI is OFF
08-04 11:19:42.780 11103 11103 D ICU     : No timezone override file found: /data/misc/zoneinfo/current/icu/icu_tzdata.dat
08-04 11:19:42.814 11103 11103 I Radio-JNI: register_android_hardware_Radio DONE
08-04 11:19:42.817 13866 13882 I PeriodicStatsRunner: PeriodicStatsRunner.call():175 call()
08-04 11:19:42.818 13866 13882 I PeriodicStatsRunner: PeriodicStatsRunner.call():179 No submit PeriodicStats since input started.
08-04 11:19:42.836 11103 11103 D AndroidRuntime: Calling main entry com.android.commands.input.Input
08-04 11:19:42.838 11103 11103 I Input   : injectMotionEvent: MotionEvent { action=ACTION_DOWN, actionButton=0, id[0]=0, x[0]=657.0, y[0]=2080.0, toolType[0]=TOOL_TYPE_UNKNOWN, buttonState=0, metaState=0, flags=0x0, edgeFlags=0x0, pointerCount=1, historySize=0, eventTime=703199250, downTime=703199250, deviceId=0, source=0x1002 }
08-04 11:19:42.842 11103 11103 I Input   : injectMotionEvent: MotionEvent { action=ACTION_UP, actionButton=0, id[0]=0, x[0]=657.0, y[0]=2080.0, toolType[0]=TOOL_TYPE_UNKNOWN, buttonState=0, metaState=0, flags=0x0, edgeFlags=0x0, pointerCount=1, historySize=0, eventTime=703199250, downTime=703199250, deviceId=0, source=0x1002 }
08-04 11:19:42.843 11103 11103 D AndroidRuntime: Shutting down VM
08-04 11:19:42.844   918  6112 I ActivityManager: START u0 {cmp=baseline.io.github.project_travel_mate/.utilities.UpcomingWeekendsActivity} from uid 10650 on display 0
08-04 11:19:42.845   512  2967 D audio_hw_primary: out_set_parameters: enter: usecase(1: low-latency-playback) kvpairs: routing=2
08-04 11:19:42.858   512  2967 D audio_hw_primary: select_devices: out_snd_device(2: speaker) in_snd_device(0: none)
08-04 11:19:42.858   512  2967 D msm8974_platform: platform_send_audio_calibration: sending audio calibration for snd_device(2) acdb_id(15)
08-04 11:19:42.858   512  2967 I soundtrigger: audio_extn_sound_trigger_update_device_status: device 0x2 of type 0 for Event 1
08-04 11:19:42.870   512  2967 D audio_hw_primary: enable_snd_device: snd_device(2: speaker)
08-04 11:19:42.872   512  2967 D audio_hw_primary: enable_audio_route: apply and update mixer path: low-latency-playback speaker
08-04 11:19:42.873  9285  9366 D Gabe    : call	returning from cache
08-04 11:19:42.876  9285  9285 V EXECUTING: https://project-travel-mate.herokuapp.com/api/get-upcoming-holidays/2020
08-04 11:19:42.878  9285  9285 V EXECUTING: https://project-travel-mate.herokuapp.com/api/get-upcoming-holidays/2020
08-04 11:19:42.901  9285  9563 I art     : Starting a blocking GC Explicit
08-04 11:19:42.935  9285  9563 I art     : Explicit concurrent mark sweep GC freed 2769(214KB) AllocSpace objects, 2(36KB) LOS objects, 10% free, 135MB/151MB, paused 940us total 33.574ms
08-04 11:19:42.947  9285  9563 I art     : Starting a blocking GC Explicit
08-04 11:19:42.949 13866 13866 I GoogleInputMethodServic: GoogleInputMethodService.onFinishInput():3138 
08-04 11:19:42.950 13866 13866 I GoogleInputMethodServic: GoogleInputMethodService.onStartInput():1808 
08-04 11:19:42.981  9285  9563 I art     : Explicit concurrent mark sweep GC freed 805(32KB) AllocSpace objects, 0(0B) LOS objects, 10% free, 139MB/155MB, paused 1.239ms total 33.035ms
08-04 11:19:42.993  9285  9563 I art     : Starting a blocking GC Explicit
08-04 11:19:43.027  9285  9563 I art     : Explicit concurrent mark sweep GC freed 44(1856B) AllocSpace objects, 0(0B) LOS objects, 10% free, 139MB/155MB, paused 1.012ms total 33.758ms
08-04 11:19:43.032   918   936 I ActivityManager: Displayed baseline.io.github.project_travel_mate/.utilities.UpcomingWeekendsActivity: +183ms
08-04 11:19:43.041  9285  9563 I art     : Starting a blocking GC Explicit
08-04 11:19:43.078  9285  9563 I art     : Explicit concurrent mark sweep GC freed 86(1472B) AllocSpace objects, 0(0B) LOS objects, 10% free, 139MB/155MB, paused 1.485ms total 37.509ms
08-04 11:19:43.092  9285  9563 I art     : Starting a blocking GC Explicit
08-04 11:19:43.128  9285  9563 I art     : Explicit concurrent mark sweep GC freed 79(1328B) AllocSpace objects, 0(0B) LOS objects, 10% free, 139MB/155MB, paused 1.078ms total 36.079ms
08-04 11:19:43.286   380   380 W SurfaceFlinger: couldn't log to binary event log: overflow.
08-04 11:19:43.320  2268  2268 I ServiceManager: Waiting for service AtCmdFwd...
08-04 11:19:43.409   512  2967 D audio_hw_primary: disable_audio_route: reset and update mixer path: low-latency-playback speaker
08-04 11:19:43.411   512  2967 D audio_hw_primary: disable_snd_device: snd_device(2: speaker)
08-04 11:19:43.421   512  2967 I soundtrigger: audio_extn_sound_trigger_update_device_status: device 0x2 of type 0 for Event 0
08-04 11:19:43.452  9285  9297 I art     : Starting a blocking GC Explicit
08-04 11:19:43.491  9285  9297 I art     : Explicit concurrent mark sweep GC freed 7170(363KB) AllocSpace objects, 6(276KB) LOS objects, 10% free, 140MB/156MB, paused 1.249ms total 38.887ms
08-04 11:19:43.501  9285 11126 I NAPPA_EXPERIMENTATION: MetricNetworkRequestExecutionTime: REQUEST_DURATION_SYSTEM='625',REQUEST_DURATION_OKHTTP='34',REQUEST_SYNCHRONOUS='FALSE',RESPONSE_CODE='200',RESPONSE_METHOD='GET',RESPONSE_LENGTH_OKHTTP='6426',RESPONSE_LENGTH_HEADER='6426',REQUEST_PROTOCOL='http/1.1',REQUEST_URL='https://project-travel-mate.herokuapp.com/api/get-upcoming-holidays/2020',
08-04 11:19:43.505  9285  9297 I art     : Starting a blocking GC Explicit
08-04 11:19:43.518  9285 11127 I NAPPA_EXPERIMENTATION: MetricNetworkRequestExecutionTime: REQUEST_DURATION_SYSTEM='639',REQUEST_DURATION_OKHTTP='32',REQUEST_SYNCHRONOUS='FALSE',RESPONSE_CODE='200',RESPONSE_METHOD='GET',RESPONSE_LENGTH_OKHTTP='6426',RESPONSE_LENGTH_HEADER='6426',REQUEST_PROTOCOL='http/1.1',REQUEST_URL='https://project-travel-mate.herokuapp.com/api/get-upcoming-holidays/2020',
08-04 11:19:43.539  9285  9297 I art     : Explicit concurrent mark sweep GC freed 2287(257KB) AllocSpace objects, 4(192KB) LOS objects, 10% free, 140MB/156MB, paused 1.030ms total 34.520ms
08-04 11:19:43.552  9285  9297 I art     : Starting a blocking GC Explicit
08-04 11:19:43.586  9285  9297 I art     : Explicit concurrent mark sweep GC freed 139(5KB) AllocSpace objects, 1(16KB) LOS objects, 10% free, 140MB/156MB, paused 1.041ms total 34.124ms
08-04 11:19:43.599  9285  9297 I art     : Starting a blocking GC Explicit
08-04 11:19:43.601  9285  9285 V Response: [{"month":"January","date":1,"day":"Wednesday","name":"New Year's Day","type":"Restricted"},{"month":"January","date":2,"day":"Thursday","name":"Guru Govind Singh Jayanti","type":"Restricted"},{"month":"January","date":14,"day":"Tuesday","name":"Lohri","type":"Restricted"},{"month":"January","date":15,"day":"Wednesday","name":"Pongal","type":"Restricted"},{"month":"January","date":15,"day":"Wednesday","name":"Makar Sankranti","type":"Restricted"},{"month":"January","date":25,"day":"Saturday","name":"Chinese New Year","type":"Observance"},{"month":"January","date":26,"day":"Sunday","name":"Republic Day","type":"Gazetted"},{"month":"January","date":30,"day":"Thursday","name":"Vasant Panchami","type":"Restricted"},{"month":"February","date":9,"day":"Sunday","name":"Guru Ravidas Jayanti","type":"Restricted"},{"month":"February","date":14,"day":"Friday","name":"Valentine's Day","type":"Observance"},{"month":"February","date":18,"day":"Tuesday","name":"Maharishi Dayanand Saraswati Jayanti","type":"Restricted"},{"month":"February","date":19,"day":"Wednesday","name":"Shivaji Jayanti","type":"Restricted"},{"month":"February","date":21,"day":"Friday","name":"Maha Shivaratri/Shivaratri","type":"Gazetted"},{"month":"March","date":9,"day":"Monday","name":"Holika Dahana","type":"Restricted"},{"month":"March","date":9,"day":"Monday","name":"Hazarat Ali's Birthday","type":"Restricted"},{"month":"March","date":10,"day":"Tuesday","name":"Holi","type":"Gazetted"},{"month":"March","date":20,"day":"Friday","name":"March Equinox","type":"Season"},{"month":"March","date":25,"day":"Wednesday","name":"Chaitra Sukhladi","type":"Restricted"},{"month":"April","date":2,"day":"Thursday","name":"Rama Navami","type":"Gazetted"},{"month":"April","date":6,"day":"Monday","name":"Mahavir Jayanti","type":"Gazetted"},{"month":"April","date":9,"day":"Thursday","name":"First day of Passover","type":"Observance"},{"month":"April","date":9,"day":"Thursday","name":"Maundy Thursday","type":"Observance,"},{"month":"April","date":10,"day":"Friday","name":"Good Friday","type":"Gazetted"},{"month":"April","date":12,"day":"Sunday","name":"Easter Day","type":"Restricted"},{"month":"April","date":13,"day":"Monday","name":"Vaisakhi","type":"Restricted"},{"month":"April","date":14,"day":"Tuesday","name":"Mesadi/Vaisakhadi","type":"Restricted"},{"month":"April","date":14,"day":"Tuesday","name":"Ambedkar Jayanti","type":"Central"},{"month":"May","date":1,"day":"Friday","name":"May Day","type":"Observance"},{"month":"May","date":7,"day":"Thursday","name":"Buddha Purnima/Vesak","type":"Gazetted"},{"month":"May","date":7,"day":"Thursday","name":"Birthday of Ravindranath","type":"Restricted"},{"month":"May","date":10,"day":"Sunday","name":"Mother's Day","type":"Observance"},{"month":"May","date":22,"day":"Friday","name":"Jamat Ul-Vida","type":"Restricted"},{"month":"May","date":25,"day":"Monday","name":"Ramzan Id/Eid-ul-Fitar","type":"Gazetted"},{"month":"May","date":25,"day":"Monday","name":"Ramzan Id/Eid-ul-Fitar","type":"Muslim,"},{"month":"June","date":21,"day":"Sunday","name":"June Solstice","type":"Season"},{"month":"June","date":21,"day":"Sunday","name":"Father's Day","type":"Observance"},{"month":"June","date":23,"day":"Tuesday","name":"Rath Yatra","type":"Restricted"},{"month":"July","date":5,"day":"Sunday","name":"Guru Purnima","type":"Observance"},{"month":"July","date":31,"day":"Friday","name":"Bakr Id/Eid ul-Adha","type":"Gazetted"},{"month":"August","date":2,"day":"Sunday","name":"Friendship Day","type":"Observance"},{"month":"August","date":3,"day":"Monday","name":"Raksha Bandhan (Rakhi)","type":"Restricted"},{"month":"August","date":11,"day":"Tuesday","name":"Janmashtami (Smarta)","type":"Restricted"},{"month":"August","date":12,"day":"Wednesday","name":"Janmashtami","type":"Gazetted"},{"month":"August","date":15,"day":"Saturday","name":"Independence Day","type":"Gazetted"},{"month":"August","date":16,"day":"Sunday","name":"Parsi New Year","type":"Restricted"},{"month":"August","date":22,"day":"Saturday","name":"Ganesh Chaturthi/Vin
08-04 11:19:43.605  9285  9285 V Response: [{"month":"January","date":1,"day":"Wednesday","name":"New Year's Day","type":"Restricted"},{"month":"January","date":2,"day":"Thursday","name":"Guru Govind Singh Jayanti","type":"Restricted"},{"month":"January","date":14,"day":"Tuesday","name":"Lohri","type":"Restricted"},{"month":"January","date":15,"day":"Wednesday","name":"Pongal","type":"Restricted"},{"month":"January","date":15,"day":"Wednesday","name":"Makar Sankranti","type":"Restricted"},{"month":"January","date":25,"day":"Saturday","name":"Chinese New Year","type":"Observance"},{"month":"January","date":26,"day":"Sunday","name":"Republic Day","type":"Gazetted"},{"month":"January","date":30,"day":"Thursday","name":"Vasant Panchami","type":"Restricted"},{"month":"February","date":9,"day":"Sunday","name":"Guru Ravidas Jayanti","type":"Restricted"},{"month":"February","date":14,"day":"Friday","name":"Valentine's Day","type":"Observance"},{"month":"February","date":18,"day":"Tuesday","name":"Maharishi Dayanand Saraswati Jayanti","type":"Restricted"},{"month":"February","date":19,"day":"Wednesday","name":"Shivaji Jayanti","type":"Restricted"},{"month":"February","date":21,"day":"Friday","name":"Maha Shivaratri/Shivaratri","type":"Gazetted"},{"month":"March","date":9,"day":"Monday","name":"Holika Dahana","type":"Restricted"},{"month":"March","date":9,"day":"Monday","name":"Hazarat Ali's Birthday","type":"Restricted"},{"month":"March","date":10,"day":"Tuesday","name":"Holi","type":"Gazetted"},{"month":"March","date":20,"day":"Friday","name":"March Equinox","type":"Season"},{"month":"March","date":25,"day":"Wednesday","name":"Chaitra Sukhladi","type":"Restricted"},{"month":"April","date":2,"day":"Thursday","name":"Rama Navami","type":"Gazetted"},{"month":"April","date":6,"day":"Monday","name":"Mahavir Jayanti","type":"Gazetted"},{"month":"April","date":9,"day":"Thursday","name":"First day of Passover","type":"Observance"},{"month":"April","date":9,"day":"Thursday","name":"Maundy Thursday","type":"Observance,"},{"month":"April","date":10,"day":"Friday","name":"Good Friday","type":"Gazetted"},{"month":"April","date":12,"day":"Sunday","name":"Easter Day","type":"Restricted"},{"month":"April","date":13,"day":"Monday","name":"Vaisakhi","type":"Restricted"},{"month":"April","date":14,"day":"Tuesday","name":"Mesadi/Vaisakhadi","type":"Restricted"},{"month":"April","date":14,"day":"Tuesday","name":"Ambedkar Jayanti","type":"Central"},{"month":"May","date":1,"day":"Friday","name":"May Day","type":"Observance"},{"month":"May","date":7,"day":"Thursday","name":"Buddha Purnima/Vesak","type":"Gazetted"},{"month":"May","date":7,"day":"Thursday","name":"Birthday of Ravindranath","type":"Restricted"},{"month":"May","date":10,"day":"Sunday","name":"Mother's Day","type":"Observance"},{"month":"May","date":22,"day":"Friday","name":"Jamat Ul-Vida","type":"Restricted"},{"month":"May","date":25,"day":"Monday","name":"Ramzan Id/Eid-ul-Fitar","type":"Gazetted"},{"month":"May","date":25,"day":"Monday","name":"Ramzan Id/Eid-ul-Fitar","type":"Muslim,"},{"month":"June","date":21,"day":"Sunday","name":"June Solstice","type":"Season"},{"month":"June","date":21,"day":"Sunday","name":"Father's Day","type":"Observance"},{"month":"June","date":23,"day":"Tuesday","name":"Rath Yatra","type":"Restricted"},{"month":"July","date":5,"day":"Sunday","name":"Guru Purnima","type":"Observance"},{"month":"July","date":31,"day":"Friday","name":"Bakr Id/Eid ul-Adha","type":"Gazetted"},{"month":"August","date":2,"day":"Sunday","name":"Friendship Day","type":"Observance"},{"month":"August","date":3,"day":"Monday","name":"Raksha Bandhan (Rakhi)","type":"Restricted"},{"month":"August","date":11,"day":"Tuesday","name":"Janmashtami (Smarta)","type":"Restricted"},{"month":"August","date":12,"day":"Wednesday","name":"Janmashtami","type":"Gazetted"},{"month":"August","date":15,"day":"Saturday","name":"Independence Day","type":"Gazetted"},{"month":"August","date":16,"day":"Sunday","name":"Parsi New Year","type":"Restricted"},{"month":"August","date":22,"day":"Saturday","name":"Ganesh Chaturthi/Vin
08-04 11:19:43.635  9285  9297 I art     : Explicit concurrent mark sweep GC freed 6989(271KB) AllocSpace objects, 0(0B) LOS objects, 10% free, 140MB/156MB, paused 1.340ms total 35.214ms
08-04 11:19:43.648  9285  9297 I art     : Starting a blocking GC Explicit
08-04 11:19:43.679  9285  9297 I art     : Explicit concurrent mark sweep GC freed 2387(106KB) AllocSpace objects, 0(0B) LOS objects, 10% free, 140MB/156MB, paused 762us total 31.561ms
08-04 11:19:44.007  9285  9563 I art     : Starting a blocking GC Explicit
08-04 11:19:44.052  9285  9563 I art     : Explicit concurrent mark sweep GC freed 2325(109KB) AllocSpace objects, 3(4MB) LOS objects, 10% free, 136MB/152MB, paused 902us total 44.467ms
08-04 11:19:44.065  9285  9563 I art     : Starting a blocking GC Explicit
08-04 11:19:44.103  9285  9563 I art     : Explicit concurrent mark sweep GC freed 110(2736B) AllocSpace objects, 0(0B) LOS objects, 10% free, 136MB/152MB, paused 895us total 37.510ms
08-04 11:19:44.117  9285  9563 I art     : Starting a blocking GC Explicit
08-04 11:19:44.156  9285  9563 I art     : Explicit concurrent mark sweep GC freed 99(1696B) AllocSpace objects, 0(0B) LOS objects, 10% free, 136MB/152MB, paused 969us total 38.732ms
08-04 11:19:44.169  9285  9563 I art     : Starting a blocking GC Explicit
08-04 11:19:44.209  9285  9563 I art     : Explicit concurrent mark sweep GC freed 75(1296B) AllocSpace objects, 0(0B) LOS objects, 10% free, 136MB/152MB, paused 912us total 39.241ms
08-04 11:19:44.223  9285  9563 I art     : Starting a blocking GC Explicit
08-04 11:19:44.262  9285  9563 I art     : Explicit concurrent mark sweep GC freed 75(1296B) AllocSpace objects, 0(0B) LOS objects, 10% free, 136MB/152MB, paused 888us total 39.092ms
08-04 11:19:44.321  2268  2268 I ServiceManager: Waiting for service AtCmdFwd...
08-04 11:19:44.605  9285  9305 I art     : Starting a blocking GC Explicit
08-04 11:19:44.646  9285  9305 I art     : Explicit concurrent mark sweep GC freed 2146(101KB) AllocSpace objects, 2(36KB) LOS objects, 10% free, 136MB/152MB, paused 919us total 40.725ms
08-04 11:19:44.662  9285  9305 I art     : Starting a blocking GC Explicit
08-04 11:19:44.702  9285  9305 I art     : Explicit concurrent mark sweep GC freed 110(2768B) AllocSpace objects, 0(0B) LOS objects, 10% free, 136MB/152MB, paused 826us total 38.924ms
08-04 11:19:44.715  9285  9305 I art     : Starting a blocking GC Explicit
08-04 11:19:44.753  9285  9305 I art     : Explicit concurrent mark sweep GC freed 75(1296B) AllocSpace objects, 0(0B) LOS objects, 10% free, 136MB/152MB, paused 851us total 38.426ms
08-04 11:19:44.767  9285  9305 I art     : Starting a blocking GC Explicit
08-04 11:19:44.808  9285  9305 I art     : Explicit concurrent mark sweep GC freed 99(1696B) AllocSpace objects, 0(0B) LOS objects, 10% free, 136MB/152MB, paused 886us total 40.455ms
08-04 11:19:44.822  9285  9305 I art     : Starting a blocking GC Explicit
08-04 11:19:44.861  9285  9305 I art     : Explicit concurrent mark sweep GC freed 106(2128B) AllocSpace objects, 0(0B) LOS objects, 10% free, 136MB/152MB, paused 826us total 38.922ms
08-04 11:19:45.252  9285  9297 I art     : Starting a blocking GC Explicit
08-04 11:19:45.294  9285  9297 I art     : Explicit concurrent mark sweep GC freed 2205(102KB) AllocSpace objects, 2(36KB) LOS objects, 10% free, 136MB/152MB, paused 1.044ms total 41.900ms
08-04 11:19:45.308  9285  9297 I art     : Starting a blocking GC Explicit
08-04 11:19:45.321  2268  2268 I ServiceManager: Waiting for service AtCmdFwd...
08-04 11:19:45.347  9285  9297 I art     : Explicit concurrent mark sweep GC freed 101(2256B) AllocSpace objects, 0(0B) LOS objects, 10% free, 136MB/152MB, paused 886us total 38.119ms
08-04 11:19:45.360  9285  9297 I art     : Starting a blocking GC Explicit
08-04 11:19:45.399  9285  9297 I art     : Explicit concurrent mark sweep GC freed 75(1296B) AllocSpace objects, 0(0B) LOS objects, 10% free, 136MB/152MB, paused 939us total 38.591ms
08-04 11:19:45.413  9285  9297 I art     : Starting a blocking GC Explicit
08-04 11:19:45.453  9285  9297 I art     : Explicit concurrent mark sweep GC freed 75(1296B) AllocSpace objects, 0(0B) LOS objects, 10% free, 136MB/152MB, paused 845us total 39.766ms
08-04 11:19:45.467  9285  9297 I art     : Starting a blocking GC Explicit
08-04 11:19:45.508  9285  9297 I art     : Explicit concurrent mark sweep GC freed 89(1520B) AllocSpace objects, 0(0B) LOS objects, 10% free, 136MB/152MB, paused 1.092ms total 40.695ms
08-04 11:19:45.898  9285  9296 I art     : Starting a blocking GC Explicit
08-04 11:19:45.940  9285  9296 I art     : Explicit concurrent mark sweep GC freed 2223(102KB) AllocSpace objects, 2(36KB) LOS objects, 10% free, 136MB/152MB, paused 872us total 41.321ms
08-04 11:19:45.957  9285  9296 I art     : Starting a blocking GC Explicit
08-04 11:19:45.995  9285  9296 I art     : Explicit concurrent mark sweep GC freed 123(2592B) AllocSpace objects, 0(0B) LOS objects, 10% free, 136MB/152MB, paused 862us total 37.620ms
08-04 11:19:46.008  9285  9296 I art     : Starting a blocking GC Explicit
08-04 11:19:46.046  9285  9296 I art     : Explicit concurrent mark sweep GC freed 85(1616B) AllocSpace objects, 0(0B) LOS objects, 10% free, 136MB/152MB, paused 809us total 37.279ms
08-04 11:19:46.059  9285  9296 I art     : Starting a blocking GC Explicit
08-04 11:19:46.097  9285  9296 I art     : Explicit concurrent mark sweep GC freed 95(2560B) AllocSpace objects, 0(0B) LOS objects, 10% free, 136MB/152MB, paused 1.008ms total 37.558ms
08-04 11:19:46.111  9285  9296 I art     : Starting a blocking GC Explicit
08-04 11:19:46.150  9285  9296 I art     : Explicit concurrent mark sweep GC freed 75(1296B) AllocSpace objects, 0(0B) LOS objects, 10% free, 136MB/152MB, paused 851us total 38.615ms
08-04 11:19:46.322  2268  2268 W Atfwd_Sendcmd: AtCmdFwd service not published, waiting... retryCnt : 5
08-04 11:19:46.513  9285  9563 I art     : Starting a blocking GC Explicit
08-04 11:19:46.554  9285  9563 I art     : Explicit concurrent mark sweep GC freed 2158(101KB) AllocSpace objects, 2(36KB) LOS objects, 10% free, 136MB/152MB, paused 818us total 40.656ms
08-04 11:19:46.571  9285  9563 I art     : Starting a blocking GC Explicit
08-04 11:19:46.609  9285  9563 I art     : Explicit concurrent mark sweep GC freed 112(2864B) AllocSpace objects, 0(0B) LOS objects, 10% free, 136MB/152MB, paused 930us total 37.443ms
08-04 11:19:46.622  9285  9563 I art     : Starting a blocking GC Explicit
08-04 11:19:46.660  9285  9563 I art     : Explicit concurrent mark sweep GC freed 91(1952B) AllocSpace objects, 0(0B) LOS objects, 10% free, 136MB/152MB, paused 955us total 37.623ms
08-04 11:19:46.673  9285  9563 I art     : Starting a blocking GC Explicit
08-04 11:19:46.712  9285  9563 I art     : Explicit concurrent mark sweep GC freed 88(1488B) AllocSpace objects, 0(0B) LOS objects, 10% free, 136MB/152MB, paused 1.144ms total 37.929ms
08-04 11:19:46.725  9285  9563 I art     : Starting a blocking GC Explicit
08-04 11:19:46.764  9285  9563 I art     : Explicit concurrent mark sweep GC freed 79(1376B) AllocSpace objects, 0(0B) LOS objects, 10% free, 136MB/152MB, paused 866us total 38.792ms
08-04 11:19:47.160  9285  9305 I art     : Starting a blocking GC Explicit
08-04 11:19:47.200  9285  9305 I art     : Explicit concurrent mark sweep GC freed 2238(102KB) AllocSpace objects, 2(36KB) LOS objects, 10% free, 136MB/152MB, paused 978us total 39.315ms
08-04 11:19:47.214  9285  9305 I art     : Starting a blocking GC Explicit
08-04 11:19:47.252  9285  9305 I art     : Explicit concurrent mark sweep GC freed 100(2224B) AllocSpace objects, 0(0B) LOS objects, 10% free, 136MB/152MB, paused 862us total 37.974ms
08-04 11:19:47.265  9285  9305 I art     : Starting a blocking GC Explicit
08-04 11:19:47.302  9285  9305 I art     : Explicit concurrent mark sweep GC freed 75(1296B) AllocSpace objects, 0(0B) LOS objects, 10% free, 136MB/152MB, paused 936us total 36.718ms
08-04 11:19:47.316  9285  9305 I art     : Starting a blocking GC Explicit
08-04 11:19:47.353  9285  9305 I art     : Explicit concurrent mark sweep GC freed 75(1296B) AllocSpace objects, 0(0B) LOS objects, 10% free, 136MB/152MB, paused 929us total 37.440ms
08-04 11:19:47.355   518   646 I ThermalEngine: ACTION: GPU - Setting GPU[0] to 600000000
08-04 11:19:47.367  9285  9305 I art     : Starting a blocking GC Explicit
08-04 11:19:47.404  9285  9305 I art     : Explicit concurrent mark sweep GC freed 75(1296B) AllocSpace objects, 0(0B) LOS objects, 10% free, 136MB/152MB, paused 851us total 37.127ms
08-04 11:19:47.469 11202 11202 D AndroidRuntime: >>>>>> START com.android.internal.os.RuntimeInit uid 2000 <<<<<<
08-04 11:19:47.474 11202 11202 D AndroidRuntime: CheckJNI is OFF
08-04 11:19:47.500 11202 11202 D ICU     : No timezone override file found: /data/misc/zoneinfo/current/icu/icu_tzdata.dat
08-04 11:19:47.526 11202 11202 I Radio-JNI: register_android_hardware_Radio DONE
08-04 11:19:47.542 11202 11202 D AndroidRuntime: Calling main entry com.android.commands.input.Input
08-04 11:19:47.543 11202 11202 I Input   : injectKeyEvent: KeyEvent { action=ACTION_DOWN, keyCode=KEYCODE_BACK, scanCode=0, metaState=0, flags=0x0, repeatCount=0, eventTime=703203957, downTime=703203957, deviceId=-1, source=0x101 }
08-04 11:19:47.552 11202 11202 I Input   : injectKeyEvent: KeyEvent { action=ACTION_UP, keyCode=KEYCODE_BACK, scanCode=0, metaState=0, flags=0x0, repeatCount=0, eventTime=703203957, downTime=703203957, deviceId=-1, source=0x101 }
08-04 11:19:47.560 11202 11202 D AndroidRuntime: Shutting down VM
08-04 11:19:47.574  9285  9285 V MainActivity: url = https://project-travel-mate.herokuapp.com/api/number-of-unread-notifications
08-04 11:19:47.600 13866 13866 I GoogleInputMethodServic: GoogleInputMethodService.onFinishInput():3138 
08-04 11:19:47.601 13866 13866 I GoogleInputMethodServic: GoogleInputMethodService.onStartInput():1808 
08-04 11:19:47.697  9285  9297 I art     : Starting a blocking GC Explicit
08-04 11:19:47.725  9285  9297 I art     : Explicit concurrent mark sweep GC freed 2463(120KB) AllocSpace objects, 2(36KB) LOS objects, 10% free, 136MB/152MB, paused 722us total 27.837ms
08-04 11:19:47.736  9285  9297 I art     : Starting a blocking GC Explicit
08-04 11:19:47.767  9285  9297 I art     : Explicit concurrent mark sweep GC freed 150(4KB) AllocSpace objects, 0(0B) LOS objects, 10% free, 136MB/152MB, paused 740us total 31.197ms
08-04 11:19:47.778  9285  9297 I art     : Starting a blocking GC Explicit
08-04 11:19:47.810  9285  9297 I art     : Explicit concurrent mark sweep GC freed 96(2400B) AllocSpace objects, 0(0B) LOS objects, 10% free, 136MB/152MB, paused 752us total 31.613ms
08-04 11:19:47.822  9285  9297 I art     : Starting a blocking GC Explicit
08-04 11:19:47.854  9285  9297 I art     : Explicit concurrent mark sweep GC freed 86(1920B) AllocSpace objects, 0(0B) LOS objects, 10% free, 136MB/152MB, paused 705us total 31.859ms
08-04 11:19:47.865  9285  9297 I art     : Starting a blocking GC Explicit
08-04 11:19:47.898  9285  9297 I art     : Explicit concurrent mark sweep GC freed 75(1296B) AllocSpace objects, 0(0B) LOS objects, 10% free, 136MB/152MB, paused 663us total 33.502ms
08-04 11:19:47.908   380   380 W SurfaceFlinger: couldn't log to binary event log: overflow.
08-04 11:19:47.949 13866 13882 I PeriodicStatsRunner: PeriodicStatsRunner.call():175 call()
08-04 11:19:47.950 13866 13882 I PeriodicStatsRunner: PeriodicStatsRunner.call():179 No submit PeriodicStats since input started.
08-04 11:19:48.224  9285  9563 I art     : Starting a blocking GC Explicit
08-04 11:19:48.269  9285  9563 I art     : Explicit concurrent mark sweep GC freed 1630(93KB) AllocSpace objects, 3(224KB) LOS objects, 10% free, 136MB/152MB, paused 862us total 44.324ms
08-04 11:19:48.284  9285  9563 I art     : Starting a blocking GC Explicit
08-04 11:19:48.317  9285  9563 I art     : Explicit concurrent mark sweep GC freed 6650(361KB) AllocSpace objects, 13(264KB) LOS objects, 10% free, 135MB/151MB, paused 717us total 32.599ms
08-04 11:19:48.327  9285  9563 I art     : Starting a blocking GC Explicit
08-04 11:19:48.358  9285  9563 I art     : Explicit concurrent mark sweep GC freed 600(52KB) AllocSpace objects, 0(0B) LOS objects, 10% free, 135MB/151MB, paused 798us total 30.467ms
08-04 11:19:48.369  9285  9563 I art     : Starting a blocking GC Explicit
08-04 11:19:48.399  9285  9563 I art     : Explicit concurrent mark sweep GC freed 2052(82KB) AllocSpace objects, 2(120KB) LOS objects, 10% free, 135MB/151MB, paused 784us total 30.568ms
08-04 11:19:48.410  9285  9563 I art     : Starting a blocking GC Explicit
08-04 11:19:48.412  9285 11220 I NAPPA_EXPERIMENTATION: MetricNetworkRequestExecutionTime: REQUEST_DURATION_SYSTEM='836',REQUEST_DURATION_OKHTTP='29',REQUEST_SYNCHRONOUS='FALSE',RESPONSE_CODE='200',RESPONSE_METHOD='GET',RESPONSE_LENGTH_OKHTTP='36',RESPONSE_LENGTH_HEADER='36',REQUEST_PROTOCOL='http/1.1',REQUEST_URL='https://project-travel-mate.herokuapp.com/api/number-of-unread-notifications',
08-04 11:19:48.440  9285  9563 I art     : Explicit concurrent mark sweep GC freed 974(124KB) AllocSpace objects, 1(80KB) LOS objects, 10% free, 135MB/151MB, paused 797us total 30.578ms
08-04 11:19:48.783  9285  9296 I art     : Starting a blocking GC Explicit
08-04 11:19:48.822  9285  9296 I art     : Explicit concurrent mark sweep GC freed 1712(97KB) AllocSpace objects, 2(36KB) LOS objects, 10% free, 135MB/151MB, paused 726us total 38.215ms
08-04 11:19:48.832  9285  9296 I art     : Starting a blocking GC Explicit
08-04 11:19:48.862  9285  9296 I art     : Explicit concurrent mark sweep GC freed 59(1856B) AllocSpace objects, 0(0B) LOS objects, 10% free, 135MB/151MB, paused 639us total 29.645ms
08-04 11:19:48.872  9285  9296 I art     : Starting a blocking GC Explicit
08-04 11:19:48.901  9285  9296 I art     : Explicit concurrent mark sweep GC freed 3(96B) AllocSpace objects, 0(0B) LOS objects, 10% free, 135MB/151MB, paused 665us total 28.858ms
08-04 11:19:48.911  9285  9296 I art     : Starting a blocking GC Explicit
08-04 11:19:48.940  9285  9296 I art     : Explicit concurrent mark sweep GC freed 3(96B) AllocSpace objects, 0(0B) LOS objects, 10% free, 135MB/151MB, paused 655us total 28.750ms
08-04 11:19:48.950  9285  9296 I art     : Starting a blocking GC Explicit
08-04 11:19:48.978  9285  9296 I art     : Explicit concurrent mark sweep GC freed 3(96B) AllocSpace objects, 0(0B) LOS objects, 10% free, 135MB/151MB, paused 693us total 27.926ms
08-04 11:19:49.114 11247 11247 D AndroidRuntime: >>>>>> START com.android.internal.os.RuntimeInit uid 2000 <<<<<<
08-04 11:19:49.118 11247 11247 D AndroidRuntime: CheckJNI is OFF
08-04 11:19:49.144 11247 11247 D ICU     : No timezone override file found: /data/misc/zoneinfo/current/icu/icu_tzdata.dat
08-04 11:19:49.169 11247 11247 I Radio-JNI: register_android_hardware_Radio DONE
08-04 11:19:49.185 11247 11247 D AndroidRuntime: Calling main entry com.android.commands.input.Input
08-04 11:19:49.186 11247 11247 I Input   : injectMotionEvent: MotionEvent { action=ACTION_DOWN, actionButton=0, id[0]=0, x[0]=657.0, y[0]=2080.0, toolType[0]=TOOL_TYPE_UNKNOWN, buttonState=0, metaState=0, flags=0x0, edgeFlags=0x0, pointerCount=1, historySize=0, eventTime=703205599, downTime=703205599, deviceId=0, source=0x1002 }
08-04 11:19:49.190 11247 11247 I Input   : injectMotionEvent: MotionEvent { action=ACTION_UP, actionButton=0, id[0]=0, x[0]=657.0, y[0]=2080.0, toolType[0]=TOOL_TYPE_UNKNOWN, buttonState=0, metaState=0, flags=0x0, edgeFlags=0x0, pointerCount=1, historySize=0, eventTime=703205599, downTime=703205599, deviceId=0, source=0x1002 }
08-04 11:19:49.192 11247 11247 D AndroidRuntime: Shutting down VM
08-04 11:19:49.223   918  3696 I ActivityManager: START u0 {cmp=baseline.io.github.project_travel_mate/.utilities.UpcomingWeekendsActivity} from uid 10650 on display 0
08-04 11:19:49.224   512  2967 D audio_hw_primary: out_set_parameters: enter: usecase(1: low-latency-playback) kvpairs: routing=2
08-04 11:19:49.236   512  2967 D audio_hw_primary: select_devices: out_snd_device(2: speaker) in_snd_device(0: none)
08-04 11:19:49.237   512  2967 D msm8974_platform: platform_send_audio_calibration: sending audio calibration for snd_device(2) acdb_id(15)
08-04 11:19:49.237   512  2967 I soundtrigger: audio_extn_sound_trigger_update_device_status: device 0x2 of type 0 for Event 1
08-04 11:19:49.246   512  2967 D audio_hw_primary: enable_snd_device: snd_device(2: speaker)
08-04 11:19:49.248   512  2967 D audio_hw_primary: enable_audio_route: apply and update mixer path: low-latency-playback speaker
08-04 11:19:49.278  9285  9297 I art     : Starting a blocking GC Explicit
08-04 11:19:49.293  9285  9366 D Gabe    : call	returning from cache
08-04 11:19:49.294  9285  9285 V EXECUTING: https://project-travel-mate.herokuapp.com/api/get-upcoming-holidays/2020
08-04 11:19:49.296  9285  9285 V EXECUTING: https://project-travel-mate.herokuapp.com/api/get-upcoming-holidays/2020
08-04 11:19:49.309  9285  9297 I art     : Explicit concurrent mark sweep GC freed 2290(147KB) AllocSpace objects, 2(36KB) LOS objects, 10% free, 135MB/151MB, paused 830us total 30.487ms
08-04 11:19:49.320  9285  9297 I art     : Starting a blocking GC Explicit
08-04 11:19:49.348  9285  9297 I art     : Explicit concurrent mark sweep GC freed 530(24KB) AllocSpace objects, 0(0B) LOS objects, 10% free, 135MB/151MB, paused 786us total 28.556ms
08-04 11:19:49.358  9285  9297 I art     : Starting a blocking GC Explicit
08-04 11:19:49.387  9285  9297 I art     : Explicit concurrent mark sweep GC freed 445(14KB) AllocSpace objects, 0(0B) LOS objects, 10% free, 135MB/151MB, paused 1.160ms total 28.850ms
08-04 11:19:49.399  9285  9297 I art     : Starting a blocking GC Explicit
08-04 11:19:49.430  9285  9297 I art     : Explicit concurrent mark sweep GC freed 204(11KB) AllocSpace objects, 0(0B) LOS objects, 10% free, 140MB/156MB, paused 977us total 30.565ms
08-04 11:19:49.441  9285  9297 I art     : Starting a blocking GC Explicit
08-04 11:19:49.457   918   936 I ActivityManager: Displayed baseline.io.github.project_travel_mate/.utilities.UpcomingWeekendsActivity: +203ms
08-04 11:19:49.458 13866 13866 I GoogleInputMethodServic: GoogleInputMethodService.onFinishInput():3138 
08-04 11:19:49.458 13866 13866 I GoogleInputMethodServic: GoogleInputMethodService.onStartInput():1808 
08-04 11:19:49.468  9285  9297 I art     : Explicit concurrent mark sweep GC freed 57(1584B) AllocSpace objects, 0(0B) LOS objects, 10% free, 140MB/156MB, paused 727us total 27.618ms
08-04 11:19:49.711   380   380 W SurfaceFlinger: couldn't log to binary event log: overflow.
08-04 11:19:49.755  9285  9297 I art     : Starting a blocking GC Explicit
08-04 11:19:49.779   512  2967 D audio_hw_primary: disable_audio_route: reset and update mixer path: low-latency-playback speaker
08-04 11:19:49.780   512  2967 D audio_hw_primary: disable_snd_device: snd_device(2: speaker)
08-04 11:19:49.782  9285  9297 I art     : Explicit concurrent mark sweep GC freed 2026(100KB) AllocSpace objects, 2(36KB) LOS objects, 10% free, 140MB/156MB, paused 697us total 27.489ms
08-04 11:19:49.788   512  2967 I soundtrigger: audio_extn_sound_trigger_update_device_status: device 0x2 of type 0 for Event 0
08-04 11:19:49.792  9285  9297 I art     : Starting a blocking GC Explicit
08-04 11:19:49.822  9285  9297 I art     : Explicit concurrent mark sweep GC freed 102(3KB) AllocSpace objects, 0(0B) LOS objects, 10% free, 140MB/156MB, paused 687us total 29.296ms
08-04 11:19:49.832  9285  9297 I art     : Starting a blocking GC Explicit
08-04 11:19:49.864  9285  9297 I art     : Explicit concurrent mark sweep GC freed 110(2160B) AllocSpace objects, 0(0B) LOS objects, 10% free, 140MB/156MB, paused 886us total 32.035ms
08-04 11:19:49.875  9285  9297 I art     : Starting a blocking GC Explicit
08-04 11:19:49.904  9285  9297 I art     : Explicit concurrent mark sweep GC freed 124(2960B) AllocSpace objects, 0(0B) LOS objects, 10% free, 140MB/156MB, paused 1.160ms total 29.168ms
08-04 11:19:49.915  9285  9297 I art     : Starting a blocking GC Explicit
08-04 11:19:49.944  9285  9297 I art     : Explicit concurrent mark sweep GC freed 36(704B) AllocSpace objects, 0(0B) LOS objects, 10% free, 140MB/156MB, paused 929us total 29.151ms
08-04 11:19:50.153  9285 11271 I NAPPA_EXPERIMENTATION: MetricNetworkRequestExecutionTime: REQUEST_DURATION_SYSTEM='858',REQUEST_DURATION_OKHTTP='28',REQUEST_SYNCHRONOUS='FALSE',RESPONSE_CODE='200',RESPONSE_METHOD='GET',RESPONSE_LENGTH_OKHTTP='6426',RESPONSE_LENGTH_HEADER='6426',REQUEST_PROTOCOL='http/1.1',REQUEST_URL='https://project-travel-mate.herokuapp.com/api/get-upcoming-holidays/2020',
08-04 11:19:50.173  9285 11272 I NAPPA_EXPERIMENTATION: MetricNetworkRequestExecutionTime: REQUEST_DURATION_SYSTEM='876',REQUEST_DURATION_OKHTTP='41',REQUEST_SYNCHRONOUS='FALSE',RESPONSE_CODE='200',RESPONSE_METHOD='GET',RESPONSE_LENGTH_OKHTTP='6426',RESPONSE_LENGTH_HEADER='6426',REQUEST_PROTOCOL='http/1.1',REQUEST_URL='https://project-travel-mate.herokuapp.com/api/get-upcoming-holidays/2020',
08-04 11:19:50.191  9285  9285 V Response: [{"month":"January","date":1,"day":"Wednesday","name":"New Year's Day","type":"Restricted"},{"month":"January","date":2,"day":"Thursday","name":"Guru Govind Singh Jayanti","type":"Restricted"},{"month":"January","date":14,"day":"Tuesday","name":"Lohri","type":"Restricted"},{"month":"January","date":15,"day":"Wednesday","name":"Pongal","type":"Restricted"},{"month":"January","date":15,"day":"Wednesday","name":"Makar Sankranti","type":"Restricted"},{"month":"January","date":25,"day":"Saturday","name":"Chinese New Year","type":"Observance"},{"month":"January","date":26,"day":"Sunday","name":"Republic Day","type":"Gazetted"},{"month":"January","date":30,"day":"Thursday","name":"Vasant Panchami","type":"Restricted"},{"month":"February","date":9,"day":"Sunday","name":"Guru Ravidas Jayanti","type":"Restricted"},{"month":"February","date":14,"day":"Friday","name":"Valentine's Day","type":"Observance"},{"month":"February","date":18,"day":"Tuesday","name":"Maharishi Dayanand Saraswati Jayanti","type":"Restricted"},{"month":"February","date":19,"day":"Wednesday","name":"Shivaji Jayanti","type":"Restricted"},{"month":"February","date":21,"day":"Friday","name":"Maha Shivaratri/Shivaratri","type":"Gazetted"},{"month":"March","date":9,"day":"Monday","name":"Holika Dahana","type":"Restricted"},{"month":"March","date":9,"day":"Monday","name":"Hazarat Ali's Birthday","type":"Restricted"},{"month":"March","date":10,"day":"Tuesday","name":"Holi","type":"Gazetted"},{"month":"March","date":20,"day":"Friday","name":"March Equinox","type":"Season"},{"month":"March","date":25,"day":"Wednesday","name":"Chaitra Sukhladi","type":"Restricted"},{"month":"April","date":2,"day":"Thursday","name":"Rama Navami","type":"Gazetted"},{"month":"April","date":6,"day":"Monday","name":"Mahavir Jayanti","type":"Gazetted"},{"month":"April","date":9,"day":"Thursday","name":"First day of Passover","type":"Observance"},{"month":"April","date":9,"day":"Thursday","name":"Maundy Thursday","type":"Observance,"},{"month":"April","date":10,"day":"Friday","name":"Good Friday","type":"Gazetted"},{"month":"April","date":12,"day":"Sunday","name":"Easter Day","type":"Restricted"},{"month":"April","date":13,"day":"Monday","name":"Vaisakhi","type":"Restricted"},{"month":"April","date":14,"day":"Tuesday","name":"Mesadi/Vaisakhadi","type":"Restricted"},{"month":"April","date":14,"day":"Tuesday","name":"Ambedkar Jayanti","type":"Central"},{"month":"May","date":1,"day":"Friday","name":"May Day","type":"Observance"},{"month":"May","date":7,"day":"Thursday","name":"Buddha Purnima/Vesak","type":"Gazetted"},{"month":"May","date":7,"day":"Thursday","name":"Birthday of Ravindranath","type":"Restricted"},{"month":"May","date":10,"day":"Sunday","name":"Mother's Day","type":"Observance"},{"month":"May","date":22,"day":"Friday","name":"Jamat Ul-Vida","type":"Restricted"},{"month":"May","date":25,"day":"Monday","name":"Ramzan Id/Eid-ul-Fitar","type":"Gazetted"},{"month":"May","date":25,"day":"Monday","name":"Ramzan Id/Eid-ul-Fitar","type":"Muslim,"},{"month":"June","date":21,"day":"Sunday","name":"June Solstice","type":"Season"},{"month":"June","date":21,"day":"Sunday","name":"Father's Day","type":"Observance"},{"month":"June","date":23,"day":"Tuesday","name":"Rath Yatra","type":"Restricted"},{"month":"July","date":5,"day":"Sunday","name":"Guru Purnima","type":"Observance"},{"month":"July","date":31,"day":"Friday","name":"Bakr Id/Eid ul-Adha","type":"Gazetted"},{"month":"August","date":2,"day":"Sunday","name":"Friendship Day","type":"Observance"},{"month":"August","date":3,"day":"Monday","name":"Raksha Bandhan (Rakhi)","type":"Restricted"},{"month":"August","date":11,"day":"Tuesday","name":"Janmashtami (Smarta)","type":"Restricted"},{"month":"August","date":12,"day":"Wednesday","name":"Janmashtami","type":"Gazetted"},{"month":"August","date":15,"day":"Saturday","name":"Independence Day","type":"Gazetted"},{"month":"August","date":16,"day":"Sunday","name":"Parsi New Year","type":"Restricted"},{"month":"August","date":22,"day":"Saturday","name":"Ganesh Chaturthi/Vin
08-04 11:19:50.231  9285  9285 V Response: [{"month":"January","date":1,"day":"Wednesday","name":"New Year's Day","type":"Restricted"},{"month":"January","date":2,"day":"Thursday","name":"Guru Govind Singh Jayanti","type":"Restricted"},{"month":"January","date":14,"day":"Tuesday","name":"Lohri","type":"Restricted"},{"month":"January","date":15,"day":"Wednesday","name":"Pongal","type":"Restricted"},{"month":"January","date":15,"day":"Wednesday","name":"Makar Sankranti","type":"Restricted"},{"month":"January","date":25,"day":"Saturday","name":"Chinese New Year","type":"Observance"},{"month":"January","date":26,"day":"Sunday","name":"Republic Day","type":"Gazetted"},{"month":"January","date":30,"day":"Thursday","name":"Vasant Panchami","type":"Restricted"},{"month":"February","date":9,"day":"Sunday","name":"Guru Ravidas Jayanti","type":"Restricted"},{"month":"February","date":14,"day":"Friday","name":"Valentine's Day","type":"Observance"},{"month":"February","date":18,"day":"Tuesday","name":"Maharishi Dayanand Saraswati Jayanti","type":"Restricted"},{"month":"February","date":19,"day":"Wednesday","name":"Shivaji Jayanti","type":"Restricted"},{"month":"February","date":21,"day":"Friday","name":"Maha Shivaratri/Shivaratri","type":"Gazetted"},{"month":"March","date":9,"day":"Monday","name":"Holika Dahana","type":"Restricted"},{"month":"March","date":9,"day":"Monday","name":"Hazarat Ali's Birthday","type":"Restricted"},{"month":"March","date":10,"day":"Tuesday","name":"Holi","type":"Gazetted"},{"month":"March","date":20,"day":"Friday","name":"March Equinox","type":"Season"},{"month":"March","date":25,"day":"Wednesday","name":"Chaitra Sukhladi","type":"Restricted"},{"month":"April","date":2,"day":"Thursday","name":"Rama Navami","type":"Gazetted"},{"month":"April","date":6,"day":"Monday","name":"Mahavir Jayanti","type":"Gazetted"},{"month":"April","date":9,"day":"Thursday","name":"First day of Passover","type":"Observance"},{"month":"April","date":9,"day":"Thursday","name":"Maundy Thursday","type":"Observance,"},{"month":"April","date":10,"day":"Friday","name":"Good Friday","type":"Gazetted"},{"month":"April","date":12,"day":"Sunday","name":"Easter Day","type":"Restricted"},{"month":"April","date":13,"day":"Monday","name":"Vaisakhi","type":"Restricted"},{"month":"April","date":14,"day":"Tuesday","name":"Mesadi/Vaisakhadi","type":"Restricted"},{"month":"April","date":14,"day":"Tuesday","name":"Ambedkar Jayanti","type":"Central"},{"month":"May","date":1,"day":"Friday","name":"May Day","type":"Observance"},{"month":"May","date":7,"day":"Thursday","name":"Buddha Purnima/Vesak","type":"Gazetted"},{"month":"May","date":7,"day":"Thursday","name":"Birthday of Ravindranath","type":"Restricted"},{"month":"May","date":10,"day":"Sunday","name":"Mother's Day","type":"Observance"},{"month":"May","date":22,"day":"Friday","name":"Jamat Ul-Vida","type":"Restricted"},{"month":"May","date":25,"day":"Monday","name":"Ramzan Id/Eid-ul-Fitar","type":"Gazetted"},{"month":"May","date":25,"day":"Monday","name":"Ramzan Id/Eid-ul-Fitar","type":"Muslim,"},{"month":"June","date":21,"day":"Sunday","name":"June Solstice","type":"Season"},{"month":"June","date":21,"day":"Sunday","name":"Father's Day","type":"Observance"},{"month":"June","date":23,"day":"Tuesday","name":"Rath Yatra","type":"Restricted"},{"month":"July","date":5,"day":"Sunday","name":"Guru Purnima","type":"Observance"},{"month":"July","date":31,"day":"Friday","name":"Bakr Id/Eid ul-Adha","type":"Gazetted"},{"month":"August","date":2,"day":"Sunday","name":"Friendship Day","type":"Observance"},{"month":"August","date":3,"day":"Monday","name":"Raksha Bandhan (Rakhi)","type":"Restricted"},{"month":"August","date":11,"day":"Tuesday","name":"Janmashtami (Smarta)","type":"Restricted"},{"month":"August","date":12,"day":"Wednesday","name":"Janmashtami","type":"Gazetted"},{"month":"August","date":15,"day":"Saturday","name":"Independence Day","type":"Gazetted"},{"month":"August","date":16,"day":"Sunday","name":"Parsi New Year","type":"Restricted"},{"month":"August","date":22,"day":"Saturday","name":"Ganesh Chaturthi/Vin
08-04 11:19:50.239  9285  9297 I art     : Starting a blocking GC Explicit
08-04 11:19:50.270  9285  9297 I art     : Explicit concurrent mark sweep GC freed 20725(868KB) AllocSpace objects, 12(4MB) LOS objects, 10% free, 137MB/153MB, paused 759us total 30.665ms
08-04 11:19:50.280  9285  9297 I art     : Starting a blocking GC Explicit
08-04 11:19:50.308  9285  9297 I art     : Explicit concurrent mark sweep GC freed 3496(323KB) AllocSpace objects, 11(220KB) LOS objects, 10% free, 136MB/152MB, paused 700us total 28.259ms
08-04 11:19:50.318  9285  9297 I art     : Starting a blocking GC Explicit
08-04 11:19:50.350  9285  9297 I art     : Explicit concurrent mark sweep GC freed 81(1504B) AllocSpace objects, 0(0B) LOS objects, 10% free, 136MB/152MB, paused 703us total 31.504ms
08-04 11:19:50.360  9285  9297 I art     : Starting a blocking GC Explicit
08-04 11:19:50.393  9285  9297 I art     : Explicit concurrent mark sweep GC freed 50(864B) AllocSpace objects, 0(0B) LOS objects, 10% free, 136MB/152MB, paused 713us total 32.945ms
08-04 11:19:50.404  9285  9297 I art     : Starting a blocking GC Explicit
08-04 11:19:50.438  9285  9297 I art     : Explicit concurrent mark sweep GC freed 76(1328B) AllocSpace objects, 0(0B) LOS objects, 10% free, 136MB/152MB, paused 771us total 34.035ms
08-04 11:19:50.761  9285  9296 I art     : Starting a blocking GC Explicit
08-04 11:19:50.795  9285  9296 I art     : Explicit concurrent mark sweep GC freed 2098(100KB) AllocSpace objects, 2(36KB) LOS objects, 10% free, 136MB/152MB, paused 687us total 33.439ms
08-04 11:19:50.805  9285  9296 I art     : Starting a blocking GC Explicit
08-04 11:19:50.839  9285  9296 I art     : Explicit concurrent mark sweep GC freed 151(4KB) AllocSpace objects, 0(0B) LOS objects, 10% free, 136MB/152MB, paused 741us total 33.107ms
08-04 11:19:50.849  9285  9296 I art     : Starting a blocking GC Explicit
08-04 11:19:50.882  9285  9296 I art     : Explicit concurrent mark sweep GC freed 75(1296B) AllocSpace objects, 0(0B) LOS objects, 10% free, 136MB/152MB, paused 708us total 32.675ms
08-04 11:19:50.893  9285  9296 I art     : Starting a blocking GC Explicit
08-04 11:19:50.926  9285  9296 I art     : Explicit concurrent mark sweep GC freed 51(896B) AllocSpace objects, 0(0B) LOS objects, 10% free, 136MB/152MB, paused 757us total 33.155ms
08-04 11:19:50.938  9285  9296 I art     : Starting a blocking GC Explicit
08-04 11:19:50.971  9285  9296 I art     : Explicit concurrent mark sweep GC freed 75(1296B) AllocSpace objects, 0(0B) LOS objects, 10% free, 136MB/152MB, paused 762us total 32.703ms
08-04 11:19:51.340  9285  9305 I art     : Starting a blocking GC Explicit
08-04 11:19:51.374  9285  9305 I art     : Explicit concurrent mark sweep GC freed 2171(101KB) AllocSpace objects, 2(36KB) LOS objects, 10% free, 136MB/152MB, paused 707us total 34.186ms
08-04 11:19:51.388  9285  9305 I art     : Starting a blocking GC Explicit
08-04 11:19:51.420  9285  9305 I art     : Explicit concurrent mark sweep GC freed 114(2656B) AllocSpace objects, 0(0B) LOS objects, 10% free, 136MB/152MB, paused 746us total 31.706ms
08-04 11:19:51.430  9285  9305 I art     : Starting a blocking GC Explicit
08-04 11:19:51.462  9285  9305 I art     : Explicit concurrent mark sweep GC freed 50(864B) AllocSpace objects, 0(0B) LOS objects, 10% free, 136MB/152MB, paused 651us total 31.896ms
08-04 11:19:51.473  9285  9305 I art     : Starting a blocking GC Explicit
08-04 11:19:51.505  9285  9305 I art     : Explicit concurrent mark sweep GC freed 76(1328B) AllocSpace objects, 0(0B) LOS objects, 10% free, 136MB/152MB, paused 684us total 32.431ms
08-04 11:19:51.516  9285  9305 I art     : Starting a blocking GC Explicit
08-04 11:19:51.549  9285  9305 I art     : Explicit concurrent mark sweep GC freed 59(1024B) AllocSpace objects, 0(0B) LOS objects, 10% free, 136MB/152MB, paused 729us total 33.119ms
08-04 11:19:51.898  9285  9563 I art     : Starting a blocking GC Explicit
08-04 11:19:51.931  9285  9563 I art     : Explicit concurrent mark sweep GC freed 2157(101KB) AllocSpace objects, 2(36KB) LOS objects, 10% free, 136MB/152MB, paused 711us total 32.535ms
08-04 11:19:51.942  9285  9563 I art     : Starting a blocking GC Explicit
08-04 11:19:51.975  9285  9563 I art     : Explicit concurrent mark sweep GC freed 100(2240B) AllocSpace objects, 0(0B) LOS objects, 10% free, 136MB/152MB, paused 697us total 33.223ms
08-04 11:19:51.986  9285  9563 I art     : Starting a blocking GC Explicit
08-04 11:19:52.018  9285  9563 I art     : Explicit concurrent mark sweep GC freed 74(1264B) AllocSpace objects, 0(0B) LOS objects, 10% free, 136MB/152MB, paused 742us total 32.267ms
08-04 11:19:52.029  9285  9563 I art     : Starting a blocking GC Explicit
08-04 11:19:52.062  9285  9563 I art     : Explicit concurrent mark sweep GC freed 52(928B) AllocSpace objects, 0(0B) LOS objects, 10% free, 136MB/152MB, paused 702us total 33.101ms
08-04 11:19:52.073  9285  9563 I art     : Starting a blocking GC Explicit
08-04 11:19:52.107  9285  9563 I art     : Explicit concurrent mark sweep GC freed 75(1296B) AllocSpace objects, 0(0B) LOS objects, 10% free, 136MB/152MB, paused 711us total 33.270ms
08-04 11:19:52.458  9285  9297 I art     : Starting a blocking GC Explicit
08-04 11:19:52.494  9285  9297 I art     : Explicit concurrent mark sweep GC freed 2135(101KB) AllocSpace objects, 2(36KB) LOS objects, 10% free, 136MB/152MB, paused 722us total 35.986ms
08-04 11:19:52.507  9285  9297 I art     : Starting a blocking GC Explicit
08-04 11:19:52.540  9285  9297 I art     : Explicit concurrent mark sweep GC freed 100(2224B) AllocSpace objects, 0(0B) LOS objects, 10% free, 136MB/152MB, paused 714us total 33.376ms
08-04 11:19:52.551  9285  9297 I art     : Starting a blocking GC Explicit
08-04 11:19:52.583  9285  9297 I art     : Explicit concurrent mark sweep GC freed 60(1040B) AllocSpace objects, 0(0B) LOS objects, 10% free, 136MB/152MB, paused 720us total 32.431ms
08-04 11:19:52.594  9285  9297 I art     : Starting a blocking GC Explicit
08-04 11:19:52.603 13866 13882 I PeriodicStatsRunner: PeriodicStatsRunner.call():175 call()
08-04 11:19:52.604 13866 13882 I PeriodicStatsRunner: PeriodicStatsRunner.call():179 No submit PeriodicStats since input started.
08-04 11:19:52.627  9285  9297 I art     : Explicit concurrent mark sweep GC freed 78(1808B) AllocSpace objects, 0(0B) LOS objects, 10% free, 136MB/152MB, paused 933us total 33.245ms
08-04 11:19:52.639  9285  9297 I art     : Starting a blocking GC Explicit
08-04 11:19:52.673  9285  9297 I art     : Explicit concurrent mark sweep GC freed 85(1840B) AllocSpace objects, 0(0B) LOS objects, 10% free, 136MB/152MB, paused 696us total 33.500ms
08-04 11:19:53.049  9285  9296 I art     : Starting a blocking GC Explicit
08-04 11:19:53.085  9285  9296 I art     : Explicit concurrent mark sweep GC freed 2197(102KB) AllocSpace objects, 2(36KB) LOS objects, 10% free, 136MB/152MB, paused 751us total 35.775ms
08-04 11:19:53.099  9285  9296 I art     : Starting a blocking GC Explicit
08-04 11:19:53.131  9285  9296 I art     : Explicit concurrent mark sweep GC freed 91(2080B) AllocSpace objects, 0(0B) LOS objects, 10% free, 136MB/152MB, paused 803us total 31.992ms
08-04 11:19:53.141  9285  9296 I art     : Starting a blocking GC Explicit
08-04 11:19:53.173  9285  9296 I art     : Explicit concurrent mark sweep GC freed 76(1328B) AllocSpace objects, 0(0B) LOS objects, 10% free, 136MB/152MB, paused 678us total 31.237ms
08-04 11:19:53.183  9285  9296 I art     : Starting a blocking GC Explicit
08-04 11:19:53.217  9285  9296 I art     : Explicit concurrent mark sweep GC freed 55(944B) AllocSpace objects, 0(0B) LOS objects, 10% free, 136MB/152MB, paused 793us total 33.524ms
08-04 11:19:53.228  9285  9296 I art     : Starting a blocking GC Explicit
08-04 11:19:53.260  9285  9296 I art     : Explicit concurrent mark sweep GC freed 71(1248B) AllocSpace objects, 0(0B) LOS objects, 10% free, 136MB/152MB, paused 689us total 32.362ms
08-04 11:19:53.588  9285  9305 I art     : Starting a blocking GC Explicit
08-04 11:19:53.621  9285  9305 I art     : Explicit concurrent mark sweep GC freed 2115(101KB) AllocSpace objects, 2(36KB) LOS objects, 10% free, 136MB/152MB, paused 1.003ms total 32.358ms
08-04 11:19:53.632  9285  9305 I art     : Starting a blocking GC Explicit
08-04 11:19:53.661  9285  9305 I art     : Explicit concurrent mark sweep GC freed 93(2496B) AllocSpace objects, 0(0B) LOS objects, 10% free, 136MB/152MB, paused 638us total 28.805ms
08-04 11:19:53.671  9285  9305 I art     : Starting a blocking GC Explicit
08-04 11:19:53.700  9285  9305 I art     : Explicit concurrent mark sweep GC freed 53(928B) AllocSpace objects, 0(0B) LOS objects, 10% free, 136MB/152MB, paused 738us total 29.592ms
08-04 11:19:53.711  9285  9305 I art     : Starting a blocking GC Explicit
08-04 11:19:53.742  9285  9305 I art     : Explicit concurrent mark sweep GC freed 73(1264B) AllocSpace objects, 0(0B) LOS objects, 10% free, 136MB/152MB, paused 781us total 31.614ms
08-04 11:19:53.753  9285  9305 I art     : Starting a blocking GC Explicit
08-04 11:19:53.776 11348 11348 D AndroidRuntime: >>>>>> START com.android.internal.os.RuntimeInit uid 2000 <<<<<<
08-04 11:19:53.780 11348 11348 D AndroidRuntime: CheckJNI is OFF
08-04 11:19:53.786  9285  9305 I art     : Explicit concurrent mark sweep GC freed 61(1056B) AllocSpace objects, 0(0B) LOS objects, 10% free, 136MB/152MB, paused 915us total 32.344ms
08-04 11:19:53.808 11348 11348 D ICU     : No timezone override file found: /data/misc/zoneinfo/current/icu/icu_tzdata.dat
08-04 11:19:53.832 11348 11348 I Radio-JNI: register_android_hardware_Radio DONE
08-04 11:19:53.848 11348 11348 D AndroidRuntime: Calling main entry com.android.commands.input.Input
08-04 11:19:53.850 11348 11348 I Input   : injectKeyEvent: KeyEvent { action=ACTION_DOWN, keyCode=KEYCODE_BACK, scanCode=0, metaState=0, flags=0x0, repeatCount=0, eventTime=703210263, downTime=703210263, deviceId=-1, source=0x101 }
08-04 11:19:53.856 11348 11348 I Input   : injectKeyEvent: KeyEvent { action=ACTION_UP, keyCode=KEYCODE_BACK, scanCode=0, metaState=0, flags=0x0, repeatCount=0, eventTime=703210263, downTime=703210263, deviceId=-1, source=0x101 }
08-04 11:19:53.865 11348 11348 D AndroidRuntime: Shutting down VM
08-04 11:19:53.872  9285  9285 V MainActivity: url = https://project-travel-mate.herokuapp.com/api/number-of-unread-notifications
08-04 11:19:53.901 13866 13866 I GoogleInputMethodServic: GoogleInputMethodService.onFinishInput():3138 
08-04 11:19:53.902 13866 13866 I GoogleInputMethodServic: GoogleInputMethodService.onStartInput():1808 
08-04 11:19:54.060  9285  9297 I art     : Starting a blocking GC Explicit
08-04 11:19:54.094  9285  9297 I art     : Explicit concurrent mark sweep GC freed 2446(119KB) AllocSpace objects, 2(36KB) LOS objects, 10% free, 136MB/152MB, paused 709us total 33.367ms
08-04 11:19:54.105  9285  9297 I art     : Starting a blocking GC Explicit
08-04 11:19:54.137  9285  9297 I art     : Explicit concurrent mark sweep GC freed 166(5KB) AllocSpace objects, 0(0B) LOS objects, 10% free, 136MB/152MB, paused 891us total 32.154ms
08-04 11:19:54.148  9285  9297 I art     : Starting a blocking GC Explicit
08-04 11:19:54.181  9285  9297 I art     : Explicit concurrent mark sweep GC freed 52(960B) AllocSpace objects, 0(0B) LOS objects, 10% free, 136MB/152MB, paused 788us total 32.438ms
08-04 11:19:54.193  9285  9297 I art     : Starting a blocking GC Explicit
08-04 11:19:54.217   380   380 W SurfaceFlinger: couldn't log to binary event log: overflow.
08-04 11:19:54.227  9285  9297 I art     : Explicit concurrent mark sweep GC freed 90(1936B) AllocSpace objects, 0(0B) LOS objects, 10% free, 136MB/152MB, paused 717us total 33.184ms
08-04 11:19:54.239  9285  9297 I art     : Starting a blocking GC Explicit
08-04 11:19:54.269  9285  9297 I art     : Explicit concurrent mark sweep GC freed 13(496B) AllocSpace objects, 1(188KB) LOS objects, 10% free, 136MB/152MB, paused 712us total 29.522ms
08-04 11:19:54.462 13866 13882 I PeriodicStatsRunner: PeriodicStatsRunner.call():175 call()
08-04 11:19:54.462 13866 13882 I PeriodicStatsRunner: PeriodicStatsRunner.call():179 No submit PeriodicStats since input started.
08-04 11:19:54.632  9285  9305 I art     : Starting a blocking GC Explicit
08-04 11:19:54.676  9285  9305 I art     : Explicit concurrent mark sweep GC freed 8210(452KB) AllocSpace objects, 15(300KB) LOS objects, 10% free, 135MB/151MB, paused 786us total 43.178ms
08-04 11:19:54.687  9285  9305 I art     : Starting a blocking GC Explicit
08-04 11:19:54.719  9285  9305 I art     : Explicit concurrent mark sweep GC freed 1099(74KB) AllocSpace objects, 2(120KB) LOS objects, 10% free, 136MB/152MB, paused 1.067ms total 32.314ms
08-04 11:19:54.730  9285  9305 I art     : Starting a blocking GC Explicit
08-04 11:19:54.762  9285  9305 I art     : Explicit concurrent mark sweep GC freed 2329(162KB) AllocSpace objects, 1(80KB) LOS objects, 10% free, 136MB/152MB, paused 752us total 31.404ms
08-04 11:19:54.765  9285 11369 I NAPPA_EXPERIMENTATION: MetricNetworkRequestExecutionTime: REQUEST_DURATION_SYSTEM='893',REQUEST_DURATION_OKHTTP='32',REQUEST_SYNCHRONOUS='FALSE',RESPONSE_CODE='200',RESPONSE_METHOD='GET',RESPONSE_LENGTH_OKHTTP='36',RESPONSE_LENGTH_HEADER='36',REQUEST_PROTOCOL='http/1.1',REQUEST_URL='https://project-travel-mate.herokuapp.com/api/number-of-unread-notifications',
08-04 11:19:54.772  9285  9305 I art     : Starting a blocking GC Explicit
08-04 11:19:54.803  9285  9305 I art     : Explicit concurrent mark sweep GC freed 243(23KB) AllocSpace objects, 0(0B) LOS objects, 10% free, 136MB/152MB, paused 744us total 30.641ms
08-04 11:19:54.814  9285  9305 I art     : Starting a blocking GC Explicit
08-04 11:19:54.847  9285  9305 I art     : Explicit concurrent mark sweep GC freed 140(5KB) AllocSpace objects, 0(0B) LOS objects, 10% free, 136MB/152MB, paused 738us total 32.669ms
08-04 11:19:55.177  9285  9563 I art     : Starting a blocking GC Explicit
08-04 11:19:55.210  9285  9563 I art     : Explicit concurrent mark sweep GC freed 1582(91KB) AllocSpace objects, 2(36KB) LOS objects, 10% free, 136MB/152MB, paused 748us total 32.352ms
08-04 11:19:55.221  9285  9563 I art     : Starting a blocking GC Explicit
08-04 11:19:55.251  9285  9563 I art     : Explicit concurrent mark sweep GC freed 28(1024B) AllocSpace objects, 0(0B) LOS objects, 10% free, 136MB/152MB, paused 747us total 29.845ms
08-04 11:19:55.262  9285  9563 I art     : Starting a blocking GC Explicit
08-04 11:19:55.292  9285  9563 I art     : Explicit concurrent mark sweep GC freed 3(96B) AllocSpace objects, 0(0B) LOS objects, 10% free, 136MB/152MB, paused 912us total 29.857ms
08-04 11:19:55.302  9285  9563 I art     : Starting a blocking GC Explicit
08-04 11:19:55.332  9285  9563 I art     : Explicit concurrent mark sweep GC freed 3(96B) AllocSpace objects, 0(0B) LOS objects, 10% free, 136MB/152MB, paused 738us total 30.259ms
08-04 11:19:55.343  9285  9563 I art     : Starting a blocking GC Explicit
08-04 11:19:55.373  9285  9563 I art     : Explicit concurrent mark sweep GC freed 3(96B) AllocSpace objects, 0(0B) LOS objects, 10% free, 136MB/152MB, paused 736us total 29.681ms
08-04 11:19:55.422 11401 11401 D AndroidRuntime: >>>>>> START com.android.internal.os.RuntimeInit uid 2000 <<<<<<
08-04 11:19:55.426 11401 11401 D AndroidRuntime: CheckJNI is OFF
08-04 11:19:55.453 11401 11401 D ICU     : No timezone override file found: /data/misc/zoneinfo/current/icu/icu_tzdata.dat
08-04 11:19:55.479 11401 11401 I Radio-JNI: register_android_hardware_Radio DONE
08-04 11:19:55.496 11401 11401 D AndroidRuntime: Calling main entry com.android.commands.input.Input
08-04 11:19:55.498 11401 11401 I Input   : injectMotionEvent: MotionEvent { action=ACTION_DOWN, actionButton=0, id[0]=0, x[0]=117.0, y[0]=170.0, toolType[0]=TOOL_TYPE_UNKNOWN, buttonState=0, metaState=0, flags=0x0, edgeFlags=0x0, pointerCount=1, historySize=0, eventTime=703211910, downTime=703211910, deviceId=0, source=0x1002 }
08-04 11:19:55.526 11401 11401 I Input   : injectMotionEvent: MotionEvent { action=ACTION_UP, actionButton=0, id[0]=0, x[0]=117.0, y[0]=170.0, toolType[0]=TOOL_TYPE_UNKNOWN, buttonState=0, metaState=0, flags=0x0, edgeFlags=0x0, pointerCount=1, historySize=0, eventTime=703211910, downTime=703211910, deviceId=0, source=0x1002 }
08-04 11:19:55.553 11401 11401 D AndroidRuntime: Shutting down VM
08-04 11:19:55.582   512  2967 D audio_hw_primary: out_set_parameters: enter: usecase(1: low-latency-playback) kvpairs: routing=2
08-04 11:19:55.594   512  2967 D audio_hw_primary: select_devices: out_snd_device(2: speaker) in_snd_device(0: none)
08-04 11:19:55.595   512  2967 D msm8974_platform: platform_send_audio_calibration: sending audio calibration for snd_device(2) acdb_id(15)
08-04 11:19:55.595   512  2967 I soundtrigger: audio_extn_sound_trigger_update_device_status: device 0x2 of type 0 for Event 1
08-04 11:19:55.604   512  2967 D audio_hw_primary: enable_snd_device: snd_device(2: speaker)
08-04 11:19:55.606   512  2967 D audio_hw_primary: enable_audio_route: apply and update mixer path: low-latency-playback speaker
08-04 11:19:55.664  9285  9297 I art     : Starting a blocking GC Explicit
08-04 11:19:55.695  9285  9297 I art     : Explicit concurrent mark sweep GC freed 2070(115KB) AllocSpace objects, 2(36KB) LOS objects, 10% free, 136MB/152MB, paused 1.059ms total 31.062ms
08-04 11:19:55.706  9285  9297 I art     : Starting a blocking GC Explicit
08-04 11:19:55.737  9285  9297 I art     : Explicit concurrent mark sweep GC freed 65(2608B) AllocSpace objects, 0(0B) LOS objects, 10% free, 136MB/152MB, paused 814us total 30.819ms
08-04 11:19:55.747  9285  9297 I art     : Starting a blocking GC Explicit
08-04 11:19:55.776  9285  9297 I art     : Explicit concurrent mark sweep GC freed 3(96B) AllocSpace objects, 0(0B) LOS objects, 10% free, 136MB/152MB, paused 819us total 29.591ms
08-04 11:19:55.788  9285  9297 I art     : Starting a blocking GC Explicit
08-04 11:19:55.819  9285  9297 I art     : Explicit concurrent mark sweep GC freed 3(96B) AllocSpace objects, 0(0B) LOS objects, 10% free, 136MB/152MB, paused 859us total 30.519ms
08-04 11:19:55.832  9285  9297 I art     : Starting a blocking GC Explicit
08-04 11:19:55.863  9285  9297 I art     : Explicit concurrent mark sweep GC freed 34(928B) AllocSpace objects, 0(0B) LOS objects, 10% free, 136MB/152MB, paused 1.147ms total 30.144ms
08-04 11:19:56.111 11425 11425 D AndroidRuntime: >>>>>> START com.android.internal.os.RuntimeInit uid 2000 <<<<<<
08-04 11:19:56.115 11425 11425 D AndroidRuntime: CheckJNI is OFF
08-04 11:19:56.138 11425 11425 D ICU     : No timezone override file found: /data/misc/zoneinfo/current/icu/icu_tzdata.dat
08-04 11:19:56.148   512  2967 D audio_hw_primary: disable_audio_route: reset and update mixer path: low-latency-playback speaker
08-04 11:19:56.149   512  2967 D audio_hw_primary: disable_snd_device: snd_device(2: speaker)
08-04 11:19:56.157   512  2967 I soundtrigger: audio_extn_sound_trigger_update_device_status: device 0x2 of type 0 for Event 0
08-04 11:19:56.163 11425 11425 I Radio-JNI: register_android_hardware_Radio DONE
08-04 11:19:56.167  9285  9563 I art     : Starting a blocking GC Explicit
08-04 11:19:56.182 11425 11425 D AndroidRuntime: Calling main entry com.android.commands.input.Input
08-04 11:19:56.184 11425 11425 I Input   : injectMotionEvent: MotionEvent { action=ACTION_DOWN, actionButton=0, id[0]=0, x[0]=405.0, y[0]=661.0, toolType[0]=TOOL_TYPE_UNKNOWN, buttonState=0, metaState=0, flags=0x0, edgeFlags=0x0, pointerCount=1, historySize=0, eventTime=703212596, downTime=703212596, deviceId=0, source=0x1002 }
08-04 11:19:56.187 11425 11425 I Input   : injectMotionEvent: MotionEvent { action=ACTION_UP, actionButton=0, id[0]=0, x[0]=405.0, y[0]=661.0, toolType[0]=TOOL_TYPE_UNKNOWN, buttonState=0, metaState=0, flags=0x0, edgeFlags=0x0, pointerCount=1, historySize=0, eventTime=703212596, downTime=703212596, deviceId=0, source=0x1002 }
08-04 11:19:56.189 11425 11425 D AndroidRuntime: Shutting down VM
08-04 11:19:56.204  9285  9563 I art     : Explicit concurrent mark sweep GC freed 1592(92KB) AllocSpace objects, 2(36KB) LOS objects, 10% free, 136MB/152MB, paused 1.224ms total 36.640ms
08-04 11:19:56.216   512  2967 D audio_hw_primary: out_set_parameters: enter: usecase(1: low-latency-playback) kvpairs: routing=2
08-04 11:19:56.219  9285  9563 I art     : Starting a blocking GC Explicit
08-04 11:19:56.229   512  2967 D audio_hw_primary: select_devices: out_snd_device(2: speaker) in_snd_device(0: none)
08-04 11:19:56.229   512  2967 D msm8974_platform: platform_send_audio_calibration: sending audio calibration for snd_device(2) acdb_id(15)
08-04 11:19:56.229   512  2967 I soundtrigger: audio_extn_sound_trigger_update_device_status: device 0x2 of type 0 for Event 1
08-04 11:19:56.242   512  2967 D audio_hw_primary: enable_snd_device: snd_device(2: speaker)
08-04 11:19:56.244   512  2967 D audio_hw_primary: enable_audio_route: apply and update mixer path: low-latency-playback speaker
08-04 11:19:56.253  9285  9563 I art     : Explicit concurrent mark sweep GC freed 481(53KB) AllocSpace objects, 0(0B) LOS objects, 10% free, 136MB/152MB, paused 938us total 34.061ms
08-04 11:19:56.264  9285  9563 I art     : Waiting for a blocking GC Explicit
08-04 11:19:56.275  9285  9563 I art     : WaitForGcToComplete blocked for 10.928ms for cause Explicit
08-04 11:19:56.275  9285  9563 I art     : Starting a blocking GC Explicit
08-04 11:19:56.291   512  2967 D AudioFlinger: mixer(0xf4740000) throttle end: throttle time(12)
08-04 11:19:56.304  9285  9563 I art     : Explicit concurrent mark sweep GC freed 53(22KB) AllocSpace objects, 0(0B) LOS objects, 8% free, 167MB/183MB, paused 845us total 28.535ms
08-04 11:19:56.314  9285  9563 I art     : Starting a blocking GC Explicit
08-04 11:19:56.342  9285  9563 I art     : Explicit concurrent mark sweep GC freed 3(96B) AllocSpace objects, 0(0B) LOS objects, 8% free, 167MB/183MB, paused 836us total 28.370ms
08-04 11:19:56.352  9285  9563 I art     : Starting a blocking GC Explicit
08-04 11:19:56.381  9285  9563 I art     : Explicit concurrent mark sweep GC freed 3(96B) AllocSpace objects, 0(0B) LOS objects, 8% free, 167MB/183MB, paused 844us total 28.380ms
08-04 11:19:56.658  9285  9297 I art     : Starting a blocking GC Explicit
08-04 11:19:56.687  9285  9297 I art     : Explicit concurrent mark sweep GC freed 3239(190KB) AllocSpace objects, 11(288KB) LOS objects, 8% free, 182MB/198MB, paused 611us total 28.925ms
08-04 11:19:56.698  9285  9297 I art     : Starting a blocking GC Explicit
08-04 11:19:56.729  9285  9297 I art     : Explicit concurrent mark sweep GC freed 923(52KB) AllocSpace objects, 0(0B) LOS objects, 8% free, 182MB/198MB, paused 733us total 30.929ms
08-04 11:19:56.739  9285  9297 I art     : Starting a blocking GC Explicit
08-04 11:19:56.771  9285  9297 I art     : Explicit concurrent mark sweep GC freed 3(96B) AllocSpace objects, 0(0B) LOS objects, 8% free, 182MB/198MB, paused 653us total 31.719ms
08-04 11:19:56.779   512  2967 D audio_hw_primary: disable_audio_route: reset and update mixer path: low-latency-playback speaker
08-04 11:19:56.779   512  2967 D audio_hw_primary: disable_snd_device: snd_device(2: speaker)
08-04 11:19:56.781  9285  9297 I art     : Starting a blocking GC Explicit
08-04 11:19:56.788   512  2967 I soundtrigger: audio_extn_sound_trigger_update_device_status: device 0x2 of type 0 for Event 0
08-04 11:19:56.813  9285  9297 I art     : Explicit concurrent mark sweep GC freed 3(96B) AllocSpace objects, 0(0B) LOS objects, 8% free, 182MB/198MB, paused 744us total 31.871ms
08-04 11:19:56.824  9285  9297 I art     : Starting a blocking GC Explicit
08-04 11:19:56.857  9285  9297 I art     : Explicit concurrent mark sweep GC freed 34(928B) AllocSpace objects, 0(0B) LOS objects, 8% free, 182MB/198MB, paused 784us total 32.620ms
08-04 11:19:57.176  9285  9563 I art     : Starting a blocking GC Explicit
08-04 11:19:57.210  9285  9563 I art     : Explicit concurrent mark sweep GC freed 1582(92KB) AllocSpace objects, 2(36KB) LOS objects, 8% free, 182MB/198MB, paused 741us total 33.772ms
08-04 11:19:57.221  9285  9563 I art     : Starting a blocking GC Explicit
08-04 11:19:57.253  9285  9563 I art     : Explicit concurrent mark sweep GC freed 56(2192B) AllocSpace objects, 0(0B) LOS objects, 8% free, 182MB/198MB, paused 712us total 32.062ms
08-04 11:19:57.264  9285  9563 I art     : Starting a blocking GC Explicit
08-04 11:19:57.296  9285  9563 I art     : Explicit concurrent mark sweep GC freed 17(528B) AllocSpace objects, 0(0B) LOS objects, 8% free, 182MB/198MB, paused 698us total 31.464ms
08-04 11:19:57.306  9285  9563 I art     : Starting a blocking GC Explicit
08-04 11:19:57.339  9285  9563 I art     : Explicit concurrent mark sweep GC freed 3(96B) AllocSpace objects, 0(0B) LOS objects, 8% free, 182MB/198MB, paused 718us total 32.499ms
08-04 11:19:57.350  9285  9563 I art     : Starting a blocking GC Explicit
08-04 11:19:57.372   518   646 I ThermalEngine: ACTION: GPU - Setting GPU[0] to 510000000
08-04 11:19:57.387  9285  9563 I art     : Explicit concurrent mark sweep GC freed 3(96B) AllocSpace objects, 0(0B) LOS objects, 8% free, 182MB/198MB, paused 958us total 36.590ms
08-04 11:19:57.750  9285  9296 I art     : Starting a blocking GC Explicit
08-04 11:19:57.801  9285  9296 I art     : Explicit concurrent mark sweep GC freed 1582(91KB) AllocSpace objects, 2(36KB) LOS objects, 8% free, 182MB/198MB, paused 1.053ms total 50.567ms
08-04 11:19:57.819  9285  9296 I art     : Starting a blocking GC Explicit
08-04 11:19:57.859  9285  9296 I art     : Explicit concurrent mark sweep GC freed 59(1856B) AllocSpace objects, 0(0B) LOS objects, 8% free, 182MB/198MB, paused 963us total 39.251ms
08-04 11:19:57.873  9285  9296 I art     : Starting a blocking GC Explicit
08-04 11:19:57.913  9285  9296 I art     : Explicit concurrent mark sweep GC freed 16(704B) AllocSpace objects, 0(0B) LOS objects, 8% free, 182MB/198MB, paused 929us total 39.821ms
08-04 11:19:57.927  9285  9296 I art     : Starting a blocking GC Explicit
08-04 11:19:57.967  9285  9296 I art     : Explicit concurrent mark sweep GC freed 17(528B) AllocSpace objects, 0(0B) LOS objects, 8% free, 182MB/198MB, paused 997us total 39.894ms
08-04 11:19:57.981  9285  9296 I art     : Starting a blocking GC Explicit
08-04 11:19:58.022  9285  9296 I art     : Explicit concurrent mark sweep GC freed 3(96B) AllocSpace objects, 0(0B) LOS objects, 8% free, 182MB/198MB, paused 919us total 41.112ms
08-04 11:19:58.429  9285  9297 I art     : Starting a blocking GC Explicit
08-04 11:19:58.475  9285  9297 I art     : Explicit concurrent mark sweep GC freed 1582(91KB) AllocSpace objects, 2(36KB) LOS objects, 8% free, 182MB/198MB, paused 910us total 45.037ms
08-04 11:19:58.489  9285  9297 I art     : Starting a blocking GC Explicit
08-04 11:19:58.527  9285  9297 I art     : Explicit concurrent mark sweep GC freed 28(1024B) AllocSpace objects, 0(0B) LOS objects, 8% free, 182MB/198MB, paused 943us total 37.810ms
08-04 11:19:58.540  9285  9297 I art     : Starting a blocking GC Explicit
08-04 11:19:58.577  9285  9297 I art     : Explicit concurrent mark sweep GC freed 3(96B) AllocSpace objects, 0(0B) LOS objects, 8% free, 182MB/198MB, paused 1.008ms total 37.125ms
08-04 11:19:58.591  9285  9297 I art     : Starting a blocking GC Explicit
08-04 11:19:58.629  9285  9297 I art     : Explicit concurrent mark sweep GC freed 15(752B) AllocSpace objects, 0(0B) LOS objects, 8% free, 182MB/198MB, paused 937us total 38.067ms
08-04 11:19:58.643  9285  9297 I art     : Starting a blocking GC Explicit
08-04 11:19:58.681  9285  9297 I art     : Explicit concurrent mark sweep GC freed 13(640B) AllocSpace objects, 0(0B) LOS objects, 8% free, 182MB/198MB, paused 920us total 37.774ms
08-04 11:19:58.879 11488 11488 D AndroidRuntime: >>>>>> START com.android.internal.os.RuntimeInit uid 2000 <<<<<<
08-04 11:19:58.884 11488 11488 D AndroidRuntime: CheckJNI is OFF
08-04 11:19:58.902 13866 13882 I PeriodicStatsRunner: PeriodicStatsRunner.call():175 call()
08-04 11:19:58.902 13866 13882 I PeriodicStatsRunner: PeriodicStatsRunner.call():179 No submit PeriodicStats since input started.
08-04 11:19:58.916 11488 11488 D ICU     : No timezone override file found: /data/misc/zoneinfo/current/icu/icu_tzdata.dat
08-04 11:19:58.948 11488 11488 I Radio-JNI: register_android_hardware_Radio DONE
08-04 11:19:58.970 11488 11488 D AndroidRuntime: Calling main entry com.android.commands.input.Input
08-04 11:19:58.971 11488 11488 I Input   : injectMotionEvent: MotionEvent { action=ACTION_DOWN, actionButton=0, id[0]=0, x[0]=1341.0, y[0]=197.0, toolType[0]=TOOL_TYPE_UNKNOWN, buttonState=0, metaState=0, flags=0x0, edgeFlags=0x0, pointerCount=1, historySize=0, eventTime=703215384, downTime=703215384, deviceId=0, source=0x1002 }
08-04 11:19:58.975 11488 11488 I Input   : injectMotionEvent: MotionEvent { action=ACTION_UP, actionButton=0, id[0]=0, x[0]=1341.0, y[0]=197.0, toolType[0]=TOOL_TYPE_UNKNOWN, buttonState=0, metaState=0, flags=0x0, edgeFlags=0x0, pointerCount=1, historySize=0, eventTime=703215384, downTime=703215384, deviceId=0, source=0x1002 }
08-04 11:19:58.977 11488 11488 D AndroidRuntime: Shutting down VM
08-04 11:19:58.990   918  5952 I ActivityManager: START u0 {cmp=baseline.io.github.project_travel_mate/.notifications.NotificationsActivity} from uid 10650 on display 0
08-04 11:19:58.991   512  2967 D audio_hw_primary: out_set_parameters: enter: usecase(1: low-latency-playback) kvpairs: routing=2
08-04 11:19:59.004   512  2967 D audio_hw_primary: select_devices: out_snd_device(2: speaker) in_snd_device(0: none)
08-04 11:19:59.004   512  2967 D msm8974_platform: platform_send_audio_calibration: sending audio calibration for snd_device(2) acdb_id(15)
08-04 11:19:59.004   512  2967 I soundtrigger: audio_extn_sound_trigger_update_device_status: device 0x2 of type 0 for Event 1
08-04 11:19:59.014   512  2967 D audio_hw_primary: enable_snd_device: snd_device(2: speaker)
08-04 11:19:59.017   512  2967 D audio_hw_primary: enable_audio_route: apply and update mixer path: low-latency-playback speaker
08-04 11:19:59.018  9285  9366 D Gabe    : call	returning from cache
08-04 11:19:59.023  9285  9285 V EXECUTING: https://project-travel-mate.herokuapp.com/api/get-notifications
08-04 11:19:59.030  9285  9285 V EXECUTING: https://project-travel-mate.herokuapp.com/api/get-notifications
08-04 11:19:59.073  9285  9305 I art     : Starting a blocking GC Explicit
08-04 11:19:59.113  9285  9305 I art     : Explicit concurrent mark sweep GC freed 3533(210KB) AllocSpace objects, 2(36KB) LOS objects, 7% free, 187MB/203MB, paused 1.278ms total 40.112ms
08-04 11:19:59.113  9285  9295 I art     : WaitForGcToComplete blocked for 18.946ms for cause HeapTrim
08-04 11:19:59.127  9285  9305 I art     : Starting a blocking GC Explicit
08-04 11:19:59.164  9285  9305 I art     : Explicit concurrent mark sweep GC freed 447(24KB) AllocSpace objects, 0(0B) LOS objects, 7% free, 187MB/203MB, paused 1.125ms total 37.320ms
08-04 11:19:59.170   918   936 I ActivityManager: Displayed baseline.io.github.project_travel_mate/.notifications.NotificationsActivity: +171ms
08-04 11:19:59.170 13866 13866 I GoogleInputMethodServic: GoogleInputMethodService.onFinishInput():3138 
08-04 11:19:59.171 13866 13866 I GoogleInputMethodServic: GoogleInputMethodService.onStartInput():1808 
08-04 11:19:59.179  9285  9305 I art     : Starting a blocking GC Explicit
08-04 11:19:59.221  9285  9305 I art     : Explicit concurrent mark sweep GC freed 152(3KB) AllocSpace objects, 0(0B) LOS objects, 7% free, 187MB/203MB, paused 1.240ms total 40.991ms
08-04 11:19:59.237  9285  9305 I art     : Starting a blocking GC Explicit
08-04 11:19:59.267  9285  9300 D OpenGLRenderer: endAllStagingAnimators on 0x7f7e15c400 (RippleDrawable) with handle 0x7f7c56da40
08-04 11:19:59.274  9285  9305 I art     : Explicit concurrent mark sweep GC freed 58(1344B) AllocSpace objects, 0(0B) LOS objects, 7% free, 187MB/203MB, paused 1.187ms total 36.982ms
08-04 11:19:59.289  9285  9305 I art     : Starting a blocking GC Explicit
08-04 11:19:59.331  9285  9305 I art     : Explicit concurrent mark sweep GC freed 48(864B) AllocSpace objects, 0(0B) LOS objects, 7% free, 187MB/203MB, paused 1.408ms total 39.554ms
08-04 11:19:59.407   380   380 W SurfaceFlinger: couldn't log to binary event log: overflow.
08-04 11:19:59.549   512  2967 D audio_hw_primary: disable_audio_route: reset and update mixer path: low-latency-playback speaker
08-04 11:19:59.551   512  2967 D audio_hw_primary: disable_snd_device: snd_device(2: speaker)
08-04 11:19:59.562   512  2967 I soundtrigger: audio_extn_sound_trigger_update_device_status: device 0x2 of type 0 for Event 0
08-04 11:19:59.591  9285 11513 I NAPPA_EXPERIMENTATION: MetricNetworkRequestExecutionTime: REQUEST_DURATION_SYSTEM='567',REQUEST_DURATION_OKHTTP='36',REQUEST_SYNCHRONOUS='FALSE',RESPONSE_CODE='200',RESPONSE_METHOD='GET',RESPONSE_LENGTH_OKHTTP='2',RESPONSE_LENGTH_HEADER='2',REQUEST_PROTOCOL='http/1.1',REQUEST_URL='https://project-travel-mate.herokuapp.com/api/get-notifications',
08-04 11:19:59.611  9285 11514 I NAPPA_EXPERIMENTATION: MetricNetworkRequestExecutionTime: REQUEST_DURATION_SYSTEM='580',REQUEST_DURATION_OKHTTP='49',REQUEST_SYNCHRONOUS='FALSE',RESPONSE_CODE='200',RESPONSE_METHOD='GET',RESPONSE_LENGTH_OKHTTP='2',RESPONSE_LENGTH_HEADER='2',REQUEST_PROTOCOL='http/1.1',REQUEST_URL='https://project-travel-mate.herokuapp.com/api/get-notifications',
08-04 11:19:59.667  9285  9563 I art     : Starting a blocking GC Explicit
08-04 11:19:59.695  9285  9285 V Response: [] 
08-04 11:19:59.709  9285  9563 I art     : Explicit concurrent mark sweep GC freed 7712(405KB) AllocSpace objects, 8(436KB) LOS objects, 7% free, 188MB/204MB, paused 1.345ms total 41.562ms
08-04 11:19:59.722  9285  9563 I art     : Starting a blocking GC Explicit
08-04 11:19:59.724  9285  9285 V Response: [] 
08-04 11:19:59.727  9285  9366 W LOTTIE  : Animation contains merge paths. Merge paths are only supported on KitKat+ and must be manually enabled by calling enableMergePathsForKitKatAndAbove().
08-04 11:19:59.734  9285  9366 W LOTTIE  : Animation contains merge paths. Merge paths are only supported on KitKat+ and must be manually enabled by calling enableMergePathsForKitKatAndAbove().
08-04 11:19:59.736  9285  9366 W LOTTIE  : Animation contains merge paths. Merge paths are only supported on KitKat+ and must be manually enabled by calling enableMergePathsForKitKatAndAbove().
08-04 11:19:59.739  9285  9366 W LOTTIE  : Animation contains merge paths. Merge paths are only supported on KitKat+ and must be manually enabled by calling enableMergePathsForKitKatAndAbove().
08-04 11:19:59.741  9285  9366 W LOTTIE  : Animation contains merge paths. Merge paths are only supported on KitKat+ and must be manually enabled by calling enableMergePathsForKitKatAndAbove().
08-04 11:19:59.744  9285  9366 W LOTTIE  : Animation contains merge paths. Merge paths are only supported on KitKat+ and must be manually enabled by calling enableMergePathsForKitKatAndAbove().
08-04 11:19:59.747  9285  9366 W LOTTIE  : Animation contains merge paths. Merge paths are only supported on KitKat+ and must be manually enabled by calling enableMergePathsForKitKatAndAbove().
08-04 11:19:59.749  9285  9285 W LOTTIE  : Animation contains merge paths but they are disabled.
08-04 11:19:59.762  9285  9563 I art     : Explicit concurrent mark sweep GC freed 10724(596KB) AllocSpace objects, 1(188KB) LOS objects, 7% free, 187MB/203MB, paused 1.365ms total 39.107ms
08-04 11:19:59.775  9285  9563 I art     : Starting a blocking GC Explicit
08-04 11:19:59.812  9285  9563 I art     : Explicit concurrent mark sweep GC freed 2263(107KB) AllocSpace objects, 0(0B) LOS objects, 7% free, 187MB/203MB, paused 1.010ms total 37.433ms
08-04 11:19:59.826  9285  9563 I art     : Starting a blocking GC Explicit
08-04 11:19:59.862  9285  9563 I art     : Explicit concurrent mark sweep GC freed 253(4KB) AllocSpace objects, 0(0B) LOS objects, 7% free, 187MB/203MB, paused 1.088ms total 35.771ms
08-04 11:19:59.875  9285  9563 I art     : Starting a blocking GC Explicit
08-04 11:19:59.910  9285  9563 I art     : Explicit concurrent mark sweep GC freed 167(2768B) AllocSpace objects, 0(0B) LOS objects, 7% free, 187MB/203MB, paused 1.015ms total 34.784ms
08-04 11:20:00.245  9285  9297 I art     : Starting a blocking GC Explicit
08-04 11:20:00.282  9285  9297 I art     : Explicit concurrent mark sweep GC freed 3327(122KB) AllocSpace objects, 2(36KB) LOS objects, 7% free, 187MB/203MB, paused 858us total 36.528ms
08-04 11:20:00.295  9285  9297 I art     : Starting a blocking GC Explicit
08-04 11:20:00.331  9285  9297 I art     : Explicit concurrent mark sweep GC freed 397(14KB) AllocSpace objects, 0(0B) LOS objects, 7% free, 187MB/203MB, paused 858us total 35.520ms
08-04 11:20:00.344  9285  9297 I art     : Starting a blocking GC Explicit
08-04 11:20:00.379  9285  9297 I art     : Explicit concurrent mark sweep GC freed 213(3KB) AllocSpace objects, 0(0B) LOS objects, 7% free, 187MB/203MB, paused 1.006ms total 34.527ms
08-04 11:20:00.392  9285  9297 I art     : Starting a blocking GC Explicit
08-04 11:20:00.426  9285  9297 I art     : Explicit concurrent mark sweep GC freed 152(2528B) AllocSpace objects, 0(0B) LOS objects, 7% free, 187MB/203MB, paused 1.005ms total 33.977ms
08-04 11:20:00.439  9285  9297 I art     : Starting a blocking GC Explicit
08-04 11:20:00.473  9285  9297 I art     : Explicit concurrent mark sweep GC freed 204(3KB) AllocSpace objects, 0(0B) LOS objects, 7% free, 187MB/203MB, paused 875us total 33.980ms
08-04 11:20:00.844  9285  9563 I art     : Starting a blocking GC Explicit
08-04 11:20:00.880  9285  9563 I art     : Explicit concurrent mark sweep GC freed 3389(121KB) AllocSpace objects, 2(36KB) LOS objects, 7% free, 187MB/203MB, paused 1.017ms total 36.347ms
08-04 11:20:00.894  9285  9563 I art     : Starting a blocking GC Explicit
08-04 11:20:00.929  9285  9563 I art     : Explicit concurrent mark sweep GC freed 240(4KB) AllocSpace objects, 0(0B) LOS objects, 7% free, 187MB/203MB, paused 1.033ms total 34.339ms
08-04 11:20:00.941  9285  9563 I art     : Starting a blocking GC Explicit
08-04 11:20:00.976  9285  9563 I art     : Explicit concurrent mark sweep GC freed 154(2560B) AllocSpace objects, 0(0B) LOS objects, 7% free, 187MB/203MB, paused 1.025ms total 34.675ms
08-04 11:20:00.989  9285  9563 I art     : Starting a blocking GC Explicit
08-04 11:20:01.023  9285  9563 I art     : Explicit concurrent mark sweep GC freed 204(3KB) AllocSpace objects, 0(0B) LOS objects, 7% free, 187MB/203MB, paused 873us total 33.654ms
08-04 11:20:01.036  9285  9563 I art     : Starting a blocking GC Explicit
08-04 11:20:01.070  9285  9563 I art     : Explicit concurrent mark sweep GC freed 213(3KB) AllocSpace objects, 0(0B) LOS objects, 7% free, 187MB/203MB, paused 853us total 33.606ms
08-04 11:20:01.437  9285  9305 I art     : Starting a blocking GC Explicit
08-04 11:20:01.475  9285  9305 I art     : Explicit concurrent mark sweep GC freed 3262(118KB) AllocSpace objects, 2(36KB) LOS objects, 7% free, 187MB/203MB, paused 899us total 37.073ms
08-04 11:20:01.488  9285  9305 I art     : Starting a blocking GC Explicit
08-04 11:20:01.523  9285  9305 I art     : Explicit concurrent mark sweep GC freed 238(4KB) AllocSpace objects, 0(0B) LOS objects, 7% free, 187MB/203MB, paused 873us total 35.113ms
08-04 11:20:01.536  9285  9305 I art     : Starting a blocking GC Explicit
08-04 11:20:01.570  9285  9305 I art     : Explicit concurrent mark sweep GC freed 226(4KB) AllocSpace objects, 0(0B) LOS objects, 7% free, 187MB/203MB, paused 925us total 33.614ms
08-04 11:20:01.583  9285  9305 I art     : Starting a blocking GC Explicit
08-04 11:20:01.617  9285  9305 I art     : Explicit concurrent mark sweep GC freed 239(4KB) AllocSpace objects, 0(0B) LOS objects, 7% free, 187MB/203MB, paused 942us total 33.889ms
08-04 11:20:01.630  9285  9305 I art     : Starting a blocking GC Explicit
08-04 11:20:01.633   918  3261 D WifiStateMachine: starting scan for "H369AA63323"WPA_PSK with 2412,5180
08-04 11:20:01.665  9285  9305 I art     : Explicit concurrent mark sweep GC freed 228(4KB) AllocSpace objects, 0(0B) LOS objects, 7% free, 187MB/203MB, paused 976us total 34.530ms
08-04 11:20:02.015  9285  9305 I art     : Starting a blocking GC Explicit
08-04 11:20:02.050  9285  9305 I art     : Explicit concurrent mark sweep GC freed 3225(118KB) AllocSpace objects, 2(36KB) LOS objects, 7% free, 187MB/203MB, paused 834us total 35.595ms
08-04 11:20:02.064  9285  9305 I art     : Starting a blocking GC Explicit
08-04 11:20:02.099  9285  9305 I art     : Explicit concurrent mark sweep GC freed 238(4KB) AllocSpace objects, 0(0B) LOS objects, 7% free, 187MB/203MB, paused 1.017ms total 34.647ms
08-04 11:20:02.112  9285  9305 I art     : Starting a blocking GC Explicit
08-04 11:20:02.147  9285  9305 I art     : Explicit concurrent mark sweep GC freed 166(2752B) AllocSpace objects, 0(0B) LOS objects, 7% free, 187MB/203MB, paused 1.009ms total 34.450ms
08-04 11:20:02.159  9285  9305 I art     : Starting a blocking GC Explicit
08-04 11:20:02.194  9285  9305 I art     : Explicit concurrent mark sweep GC freed 202(3KB) AllocSpace objects, 0(0B) LOS objects, 7% free, 187MB/203MB, paused 919us total 34.387ms
08-04 11:20:02.207  9285  9305 I art     : Starting a blocking GC Explicit
08-04 11:20:02.241  9285  9305 I art     : Explicit concurrent mark sweep GC freed 214(3KB) AllocSpace objects, 0(0B) LOS objects, 7% free, 187MB/203MB, paused 827us total 33.844ms
08-04 11:20:02.606  9285  9297 I art     : Starting a blocking GC Explicit
08-04 11:20:02.641  9285  9297 I art     : Explicit concurrent mark sweep GC freed 3288(119KB) AllocSpace objects, 2(36KB) LOS objects, 7% free, 187MB/203MB, paused 849us total 34.966ms
08-04 11:20:02.654  9285  9297 I art     : Starting a blocking GC Explicit
08-04 11:20:02.690  9285  9297 I art     : Explicit concurrent mark sweep GC freed 248(4KB) AllocSpace objects, 0(0B) LOS objects, 7% free, 187MB/203MB, paused 847us total 35.524ms
08-04 11:20:02.703  9285  9297 I art     : Starting a blocking GC Explicit
08-04 11:20:02.737  9285  9297 I art     : Explicit concurrent mark sweep GC freed 213(3KB) AllocSpace objects, 0(0B) LOS objects, 7% free, 187MB/203MB, paused 957us total 34.017ms
08-04 11:20:02.750  9285  9297 I art     : Starting a blocking GC Explicit
08-04 11:20:02.784  9285  9297 I art     : Explicit concurrent mark sweep GC freed 213(3KB) AllocSpace objects, 0(0B) LOS objects, 7% free, 187MB/203MB, paused 811us total 33.984ms
08-04 11:20:02.797  9285  9297 I art     : Starting a blocking GC Explicit
08-04 11:20:02.832  9285  9297 I art     : Explicit concurrent mark sweep GC freed 233(4KB) AllocSpace objects, 0(0B) LOS objects, 7% free, 187MB/203MB, paused 995us total 34.468ms
08-04 11:20:03.191  9285  9563 I art     : Starting a blocking GC Explicit
08-04 11:20:03.227  9285  9563 I art     : Explicit concurrent mark sweep GC freed 3223(118KB) AllocSpace objects, 2(36KB) LOS objects, 7% free, 187MB/203MB, paused 839us total 35.614ms
08-04 11:20:03.240  9285  9563 I art     : Starting a blocking GC Explicit
08-04 11:20:03.274  9285  9563 I art     : Explicit concurrent mark sweep GC freed 262(5KB) AllocSpace objects, 0(0B) LOS objects, 7% free, 187MB/203MB, paused 914us total 33.876ms
08-04 11:20:03.287  9285  9563 I art     : Starting a blocking GC Explicit
08-04 11:20:03.322  9285  9563 I art     : Explicit concurrent mark sweep GC freed 244(4KB) AllocSpace objects, 0(0B) LOS objects, 7% free, 187MB/203MB, paused 898us total 34.703ms
08-04 11:20:03.335  9285  9563 I art     : Starting a blocking GC Explicit
08-04 11:20:03.370  9285  9563 I art     : Explicit concurrent mark sweep GC freed 372(13KB) AllocSpace objects, 0(0B) LOS objects, 7% free, 187MB/203MB, paused 857us total 34.378ms
08-04 11:20:03.383  9285  9563 I art     : Starting a blocking GC Explicit
08-04 11:20:03.418  9285  9563 I art     : Explicit concurrent mark sweep GC freed 213(3KB) AllocSpace objects, 0(0B) LOS objects, 7% free, 187MB/203MB, paused 1.055ms total 34.835ms
08-04 11:20:03.598 11589 11589 D AndroidRuntime: >>>>>> START com.android.internal.os.RuntimeInit uid 2000 <<<<<<
08-04 11:20:03.602 11589 11589 D AndroidRuntime: CheckJNI is OFF
08-04 11:20:03.632 11589 11589 D ICU     : No timezone override file found: /data/misc/zoneinfo/current/icu/icu_tzdata.dat
08-04 11:20:03.661 11589 11589 I Radio-JNI: register_android_hardware_Radio DONE
08-04 11:20:03.682 11589 11589 D AndroidRuntime: Calling main entry com.android.commands.input.Input
08-04 11:20:03.683 11589 11589 I Input   : injectKeyEvent: KeyEvent { action=ACTION_DOWN, keyCode=KEYCODE_BACK, scanCode=0, metaState=0, flags=0x0, repeatCount=0, eventTime=703220096, downTime=703220096, deviceId=-1, source=0x101 }
08-04 11:20:03.688 11589 11589 I Input   : injectKeyEvent: KeyEvent { action=ACTION_UP, keyCode=KEYCODE_BACK, scanCode=0, metaState=0, flags=0x0, repeatCount=0, eventTime=703220096, downTime=703220096, deviceId=-1, source=0x101 }
08-04 11:20:03.692 11589 11589 D AndroidRuntime: Shutting down VM
08-04 11:20:03.699  9285  9285 V MainActivity: url = https://project-travel-mate.herokuapp.com/api/number-of-unread-notifications
08-04 11:20:03.729 13866 13866 I GoogleInputMethodServic: GoogleInputMethodService.onFinishInput():3138 
08-04 11:20:03.730 13866 13866 I GoogleInputMethodServic: GoogleInputMethodService.onStartInput():1808 
08-04 11:20:03.762  9285  9563 I art     : Starting a blocking GC Explicit
08-04 11:20:03.799  9285  9563 I art     : Explicit concurrent mark sweep GC freed 3282(128KB) AllocSpace objects, 2(36KB) LOS objects, 7% free, 187MB/203MB, paused 968us total 36.300ms
08-04 11:20:03.812  9285  9563 I art     : Starting a blocking GC Explicit
08-04 11:20:03.850  9285  9563 I art     : Explicit concurrent mark sweep GC freed 202(9KB) AllocSpace objects, 0(0B) LOS objects, 7% free, 187MB/203MB, paused 925us total 37.705ms
08-04 11:20:03.865  9285  9563 I art     : Starting a blocking GC Explicit
08-04 11:20:03.915  9285  9563 I art     : Explicit concurrent mark sweep GC freed 49(1216B) AllocSpace objects, 0(0B) LOS objects, 7% free, 187MB/203MB, paused 1.025ms total 49.622ms
08-04 11:20:03.934  9285  9563 I art     : Starting a blocking GC Explicit
08-04 11:20:03.985  9285  9563 I art     : Explicit concurrent mark sweep GC freed 58(1824B) AllocSpace objects, 0(0B) LOS objects, 7% free, 187MB/203MB, paused 1.593ms total 50.900ms
08-04 11:20:04.002  9285  9563 I art     : Starting a blocking GC Explicit
08-04 11:20:04.012   380   380 W SurfaceFlinger: couldn't log to binary event log: overflow.
08-04 11:20:04.042  9285  9563 I art     : Explicit concurrent mark sweep GC freed 44(1408B) AllocSpace objects, 1(4MB) LOS objects, 8% free, 183MB/199MB, paused 891us total 39.980ms
08-04 11:20:04.171 13866 13882 I PeriodicStatsRunner: PeriodicStatsRunner.call():175 call()
08-04 11:20:04.172 13866 13882 I PeriodicStatsRunner: PeriodicStatsRunner.call():179 No submit PeriodicStats since input started.
08-04 11:20:04.415  9285  9297 I art     : Starting a blocking GC Explicit
08-04 11:20:04.471  9285  9297 I art     : Explicit concurrent mark sweep GC freed 4212(227KB) AllocSpace objects, 5(236KB) LOS objects, 8% free, 183MB/199MB, paused 1.363ms total 56.066ms
08-04 11:20:04.486  9285  9297 I art     : Starting a blocking GC Explicit
08-04 11:20:04.495  9285 11612 I NAPPA_EXPERIMENTATION: MetricNetworkRequestExecutionTime: REQUEST_DURATION_SYSTEM='794',REQUEST_DURATION_OKHTTP='31',REQUEST_SYNCHRONOUS='FALSE',RESPONSE_CODE='200',RESPONSE_METHOD='GET',RESPONSE_LENGTH_OKHTTP='36',RESPONSE_LENGTH_HEADER='36',REQUEST_PROTOCOL='http/1.1',REQUEST_URL='https://project-travel-mate.herokuapp.com/api/number-of-unread-notifications',
08-04 11:20:04.528  9285  9297 I art     : Explicit concurrent mark sweep GC freed 4787(304KB) AllocSpace objects, 2(56KB) LOS objects, 8% free, 183MB/199MB, paused 1.096ms total 41.330ms
08-04 11:20:04.542  9285  9297 I art     : Starting a blocking GC Explicit
08-04 11:20:04.582  9285  9297 I art     : Explicit concurrent mark sweep GC freed 135(5KB) AllocSpace objects, 0(0B) LOS objects, 8% free, 183MB/199MB, paused 1.122ms total 39.645ms
08-04 11:20:04.596  9285  9297 I art     : Starting a blocking GC Explicit
08-04 11:20:04.638  9285  9297 I art     : Explicit concurrent mark sweep GC freed 15(752B) AllocSpace objects, 0(0B) LOS objects, 8% free, 183MB/199MB, paused 1.014ms total 42.088ms
08-04 11:20:04.652  9285  9297 I art     : Starting a blocking GC Explicit
08-04 11:20:04.695  9285  9297 I art     : Explicit concurrent mark sweep GC freed 13(640B) AllocSpace objects, 0(0B) LOS objects, 8% free, 183MB/199MB, paused 1.024ms total 42.772ms
08-04 11:20:05.050  9285  9296 I art     : Starting a blocking GC Explicit
08-04 11:20:05.093  9285  9296 I art     : Explicit concurrent mark sweep GC freed 1613(92KB) AllocSpace objects, 2(36KB) LOS objects, 8% free, 183MB/199MB, paused 1.037ms total 42.311ms
08-04 11:20:05.107  9285  9296 I art     : Starting a blocking GC Explicit
08-04 11:20:05.148  9285  9296 I art     : Explicit concurrent mark sweep GC freed 28(1024B) AllocSpace objects, 0(0B) LOS objects, 8% free, 183MB/199MB, paused 1.031ms total 40.855ms
08-04 11:20:05.162  9285  9296 I art     : Starting a blocking GC Explicit
08-04 11:20:05.203  9285  9296 I art     : Explicit concurrent mark sweep GC freed 3(96B) AllocSpace objects, 0(0B) LOS objects, 8% free, 183MB/199MB, paused 971us total 40.307ms
08-04 11:20:05.217  9285  9296 I art     : Starting a blocking GC Explicit
08-04 11:20:05.256  9285  9296 I art     : Explicit concurrent mark sweep GC freed 3(96B) AllocSpace objects, 0(0B) LOS objects, 8% free, 183MB/199MB, paused 962us total 39.592ms
08-04 11:20:05.270  9285  9296 I art     : Starting a blocking GC Explicit
08-04 11:20:05.310  9285  9296 I art     : Explicit concurrent mark sweep GC freed 3(96B) AllocSpace objects, 0(0B) LOS objects, 8% free, 183MB/199MB, paused 999us total 39.771ms
08-04 11:20:05.350 11634 11634 D AndroidRuntime: >>>>>> START com.android.internal.os.RuntimeInit uid 2000 <<<<<<
08-04 11:20:05.355 11634 11634 D AndroidRuntime: CheckJNI is OFF
08-04 11:20:05.388 11634 11634 D ICU     : No timezone override file found: /data/misc/zoneinfo/current/icu/icu_tzdata.dat
08-04 11:20:05.422 11634 11634 I Radio-JNI: register_android_hardware_Radio DONE
08-04 11:20:05.444 11634 11634 D AndroidRuntime: Calling main entry com.android.commands.input.Input
08-04 11:20:05.447 11634 11634 I Input   : injectMotionEvent: MotionEvent { action=ACTION_DOWN, actionButton=0, id[0]=0, x[0]=117.0, y[0]=170.0, toolType[0]=TOOL_TYPE_UNKNOWN, buttonState=0, metaState=0, flags=0x0, edgeFlags=0x0, pointerCount=1, historySize=0, eventTime=703221860, downTime=703221860, deviceId=0, source=0x1002 }
08-04 11:20:05.457 11634 11634 I Input   : injectMotionEvent: MotionEvent { action=ACTION_UP, actionButton=0, id[0]=0, x[0]=117.0, y[0]=170.0, toolType[0]=TOOL_TYPE_UNKNOWN, buttonState=0, metaState=0, flags=0x0, edgeFlags=0x0, pointerCount=1, historySize=0, eventTime=703221860, downTime=703221860, deviceId=0, source=0x1002 }
08-04 11:20:05.462 11634 11634 D AndroidRuntime: Shutting down VM
08-04 11:20:05.468   512  2967 D audio_hw_primary: out_set_parameters: enter: usecase(1: low-latency-playback) kvpairs: routing=2
08-04 11:20:05.480   512  2967 D audio_hw_primary: select_devices: out_snd_device(2: speaker) in_snd_device(0: none)
08-04 11:20:05.481   512  2967 D msm8974_platform: platform_send_audio_calibration: sending audio calibration for snd_device(2) acdb_id(15)
08-04 11:20:05.481   512  2967 I soundtrigger: audio_extn_sound_trigger_update_device_status: device 0x2 of type 0 for Event 1
08-04 11:20:05.496   512  2967 D audio_hw_primary: enable_snd_device: snd_device(2: speaker)
08-04 11:20:05.498   512  2967 D audio_hw_primary: enable_audio_route: apply and update mixer path: low-latency-playback speaker
08-04 11:20:05.644  9285  9296 I art     : Starting a blocking GC Explicit
08-04 11:20:05.679  9285  9296 I art     : Explicit concurrent mark sweep GC freed 2003(113KB) AllocSpace objects, 2(36KB) LOS objects, 8% free, 183MB/199MB, paused 1.016ms total 34.974ms
08-04 11:20:05.692  9285  9296 I art     : Starting a blocking GC Explicit
08-04 11:20:05.728  9285  9296 I art     : Explicit concurrent mark sweep GC freed 64(2720B) AllocSpace objects, 0(0B) LOS objects, 8% free, 183MB/199MB, paused 933us total 35.444ms
08-04 11:20:05.741  9285  9296 I art     : Starting a blocking GC Explicit
08-04 11:20:05.775  9285  9296 I art     : Explicit concurrent mark sweep GC freed 3(96B) AllocSpace objects, 0(0B) LOS objects, 8% free, 183MB/199MB, paused 880us total 33.650ms
08-04 11:20:05.788  9285  9296 I art     : Starting a blocking GC Explicit
08-04 11:20:05.822  9285  9296 I art     : Explicit concurrent mark sweep GC freed 3(96B) AllocSpace objects, 0(0B) LOS objects, 8% free, 183MB/199MB, paused 883us total 34.229ms
08-04 11:20:05.837  9285  9296 I art     : Starting a blocking GC Explicit
08-04 11:20:05.871  9285  9296 I art     : Explicit concurrent mark sweep GC freed 53(1728B) AllocSpace objects, 0(0B) LOS objects, 8% free, 183MB/199MB, paused 905us total 33.846ms
08-04 11:20:06.030   512  2967 D audio_hw_primary: disable_audio_route: reset and update mixer path: low-latency-playback speaker
08-04 11:20:06.032   512  2967 D audio_hw_primary: disable_snd_device: snd_device(2: speaker)
08-04 11:20:06.039   512  2967 I soundtrigger: audio_extn_sound_trigger_update_device_status: device 0x2 of type 0 for Event 0
08-04 11:20:06.071 11657 11657 D AndroidRuntime: >>>>>> START com.android.internal.os.RuntimeInit uid 2000 <<<<<<
08-04 11:20:06.076 11657 11657 D AndroidRuntime: CheckJNI is OFF
08-04 11:20:06.107 11657 11657 D ICU     : No timezone override file found: /data/misc/zoneinfo/current/icu/icu_tzdata.dat
08-04 11:20:06.140 11657 11657 I Radio-JNI: register_android_hardware_Radio DONE
08-04 11:20:06.162 11657 11657 D AndroidRuntime: Calling main entry com.android.commands.input.Input
08-04 11:20:06.163 11657 11657 I Input   : injectMotionEvent: MotionEvent { action=ACTION_DOWN, actionButton=0, id[0]=0, x[0]=418.0, y[0]=842.0, toolType[0]=TOOL_TYPE_UNKNOWN, buttonState=0, metaState=0, flags=0x0, edgeFlags=0x0, pointerCount=1, historySize=0, eventTime=703222576, downTime=703222576, deviceId=0, source=0x1002 }
08-04 11:20:06.167 11657 11657 I Input   : injectMotionEvent: MotionEvent { action=ACTION_UP, actionButton=0, id[0]=0, x[0]=418.0, y[0]=842.0, toolType[0]=TOOL_TYPE_UNKNOWN, buttonState=0, metaState=0, flags=0x0, edgeFlags=0x0, pointerCount=1, historySize=0, eventTime=703222576, downTime=703222576, deviceId=0, source=0x1002 }
08-04 11:20:06.169 11657 11657 D AndroidRuntime: Shutting down VM
08-04 11:20:06.187  9285  9297 I art     : Starting a blocking GC Explicit
08-04 11:20:06.189   512  2967 D audio_hw_primary: out_set_parameters: enter: usecase(1: low-latency-playback) kvpairs: routing=2
08-04 11:20:06.191  9285  9366 D Gabe    : call	returning from cache
08-04 11:20:06.201   512  2967 D audio_hw_primary: select_devices: out_snd_device(2: speaker) in_snd_device(0: none)
08-04 11:20:06.201   512  2967 D msm8974_platform: platform_send_audio_calibration: sending audio calibration for snd_device(2) acdb_id(15)
08-04 11:20:06.202   512  2967 I soundtrigger: audio_extn_sound_trigger_update_device_status: device 0x2 of type 0 for Event 1
08-04 11:20:06.208  9285  9285 V MainActivity: url = https://project-travel-mate.herokuapp.com/api/number-of-unread-notifications
08-04 11:20:06.211   512  2967 D audio_hw_primary: enable_snd_device: snd_device(2: speaker)
08-04 11:20:06.213   512  2967 D audio_hw_primary: enable_audio_route: apply and update mixer path: low-latency-playback speaker
08-04 11:20:06.230  9285  9297 I art     : Explicit concurrent mark sweep GC freed 2643(146KB) AllocSpace objects, 2(36KB) LOS objects, 8% free, 183MB/199MB, paused 1.358ms total 42.289ms
08-04 11:20:06.243  9285  9297 I art     : Starting a blocking GC Explicit
08-04 11:20:06.254   512  2967 D AudioFlinger: mixer(0xf4740000) throttle end: throttle time(12)
08-04 11:20:06.282  9285  9297 I art     : Explicit concurrent mark sweep GC freed 449(32KB) AllocSpace objects, 0(0B) LOS objects, 8% free, 183MB/199MB, paused 1.399ms total 38.140ms
08-04 11:20:06.295  9285  9297 I art     : Starting a blocking GC Explicit
08-04 11:20:06.335  9285  9297 I art     : Explicit concurrent mark sweep GC freed 625(37KB) AllocSpace objects, 0(0B) LOS objects, 8% free, 183MB/199MB, paused 1.673ms total 40.214ms
08-04 11:20:06.349  9285  9297 I art     : Starting a blocking GC Explicit
08-04 11:20:06.392  9285  9297 I art     : Explicit concurrent mark sweep GC freed 393(25KB) AllocSpace objects, 0(0B) LOS objects, 8% free, 183MB/199MB, paused 1.499ms total 43.059ms
08-04 11:20:06.406  9285  9297 I art     : Starting a blocking GC Explicit
08-04 11:20:06.448  9285  9297 I art     : Explicit concurrent mark sweep GC freed 243(18KB) AllocSpace objects, 0(0B) LOS objects, 8% free, 183MB/199MB, paused 1.554ms total 41.263ms
08-04 11:20:06.739   512  2967 D audio_hw_primary: disable_audio_route: reset and update mixer path: low-latency-playback speaker
08-04 11:20:06.740   512  2967 D audio_hw_primary: disable_snd_device: snd_device(2: speaker)
08-04 11:20:06.748   512  2967 I soundtrigger: audio_extn_sound_trigger_update_device_status: device 0x2 of type 0 for Event 0
08-04 11:20:06.768  9285  9296 I art     : Starting a blocking GC Explicit
08-04 11:20:06.824  9285  9296 I art     : Explicit concurrent mark sweep GC freed 5487(267KB) AllocSpace objects, 11(296KB) LOS objects, 7% free, 184MB/200MB, paused 1.008ms total 55.525ms
08-04 11:20:06.839  9285  9296 I art     : Starting a blocking GC Explicit
08-04 11:20:06.883  9285  9296 I art     : Explicit concurrent mark sweep GC freed 1133(58KB) AllocSpace objects, 0(0B) LOS objects, 7% free, 184MB/200MB, paused 1.070ms total 43.968ms
08-04 11:20:06.897  9285  9296 I art     : Starting a blocking GC Explicit
08-04 11:20:06.938  9285  9296 I art     : Explicit concurrent mark sweep GC freed 137(3KB) AllocSpace objects, 0(0B) LOS objects, 7% free, 184MB/200MB, paused 936us total 40.785ms
08-04 11:20:06.952  9285  9296 I art     : Starting a blocking GC Explicit
08-04 11:20:06.998  9285  9296 I art     : Explicit concurrent mark sweep GC freed 757(57KB) AllocSpace objects, 2(120KB) LOS objects, 7% free, 184MB/200MB, paused 1.308ms total 45.102ms
08-04 11:20:07.012  9285  9296 I art     : Starting a blocking GC Explicit
08-04 11:20:07.058  9285  9296 I art     : Explicit concurrent mark sweep GC freed 2114(97KB) AllocSpace objects, 1(80KB) LOS objects, 7% free, 184MB/200MB, paused 1.087ms total 45.480ms
08-04 11:20:07.060  9285 11680 I NAPPA_EXPERIMENTATION: MetricNetworkRequestExecutionTime: REQUEST_DURATION_SYSTEM='851',REQUEST_DURATION_OKHTTP='33',REQUEST_SYNCHRONOUS='FALSE',RESPONSE_CODE='200',RESPONSE_METHOD='GET',RESPONSE_LENGTH_OKHTTP='36',RESPONSE_LENGTH_HEADER='36',REQUEST_PROTOCOL='http/1.1',REQUEST_URL='https://project-travel-mate.herokuapp.com/api/number-of-unread-notifications',
08-04 11:20:07.418  9285  9297 I art     : Starting a blocking GC Explicit
08-04 11:20:07.465  9285  9297 I art     : Explicit concurrent mark sweep GC freed 3246(215KB) AllocSpace objects, 2(52KB) LOS objects, 7% free, 184MB/200MB, paused 1.004ms total 46.771ms
08-04 11:20:07.483  9285  9297 I art     : Starting a blocking GC Explicit
08-04 11:20:07.528  9285  9297 I art     : Explicit concurrent mark sweep GC freed 136(3KB) AllocSpace objects, 0(0B) LOS objects, 7% free, 184MB/200MB, paused 1.007ms total 45.268ms
08-04 11:20:07.542  9285  9297 I art     : Starting a blocking GC Explicit
08-04 11:20:07.588  9285  9297 I art     : Explicit concurrent mark sweep GC freed 99(1696B) AllocSpace objects, 0(0B) LOS objects, 7% free, 184MB/200MB, paused 1.087ms total 44.760ms
08-04 11:20:07.602  9285  9297 I art     : Starting a blocking GC Explicit
08-04 11:20:07.647  9285  9297 I art     : Explicit concurrent mark sweep GC freed 88(1984B) AllocSpace objects, 0(0B) LOS objects, 7% free, 184MB/200MB, paused 1.029ms total 45.005ms
08-04 11:20:07.662  9285  9297 I art     : Starting a blocking GC Explicit
08-04 11:20:07.707  9285  9297 I art     : Explicit concurrent mark sweep GC freed 117(2592B) AllocSpace objects, 0(0B) LOS objects, 7% free, 184MB/200MB, paused 1.037ms total 45.191ms
08-04 11:20:08.094  9285  9297 I art     : Starting a blocking GC Explicit
08-04 11:20:08.141  9285  9297 I art     : Explicit concurrent mark sweep GC freed 2270(104KB) AllocSpace objects, 2(52KB) LOS objects, 7% free, 184MB/200MB, paused 1.062ms total 46.817ms
08-04 11:20:08.156  9285  9297 I art     : Starting a blocking GC Explicit
08-04 11:20:08.202  9285  9297 I art     : Explicit concurrent mark sweep GC freed 103(2288B) AllocSpace objects, 0(0B) LOS objects, 7% free, 184MB/200MB, paused 1.060ms total 45.911ms
08-04 11:20:08.217  9285  9297 I art     : Starting a blocking GC Explicit
08-04 11:20:08.262  9285  9297 I art     : Explicit concurrent mark sweep GC freed 99(1696B) AllocSpace objects, 0(0B) LOS objects, 7% free, 184MB/200MB, paused 998us total 45.411ms
08-04 11:20:08.277  9285  9297 I art     : Starting a blocking GC Explicit
08-04 11:20:08.323  9285  9297 I art     : Explicit concurrent mark sweep GC freed 98(1664B) AllocSpace objects, 0(0B) LOS objects, 7% free, 184MB/200MB, paused 995us total 45.798ms
08-04 11:20:08.338  9285  9297 I art     : Starting a blocking GC Explicit
08-04 11:20:08.385  9285  9297 I art     : Explicit concurrent mark sweep GC freed 76(1328B) AllocSpace objects, 0(0B) LOS objects, 7% free, 184MB/200MB, paused 962us total 46.456ms
08-04 11:20:08.714  9285  9563 I art     : Starting a blocking GC Explicit
08-04 11:20:08.730 13866 13882 I PeriodicStatsRunner: PeriodicStatsRunner.call():175 call()
08-04 11:20:08.731 13866 13882 I PeriodicStatsRunner: PeriodicStatsRunner.call():179 No submit PeriodicStats since input started.
08-04 11:20:08.761  9285  9563 I art     : Explicit concurrent mark sweep GC freed 2150(101KB) AllocSpace objects, 2(52KB) LOS objects, 7% free, 184MB/200MB, paused 1.022ms total 45.996ms
08-04 11:20:08.775  9285  9563 I art     : Starting a blocking GC Explicit
08-04 11:20:08.820  9285  9563 I art     : Explicit concurrent mark sweep GC freed 110(2768B) AllocSpace objects, 0(0B) LOS objects, 7% free, 184MB/200MB, paused 1.115ms total 44.563ms
08-04 11:20:08.834  9285  9563 I art     : Starting a blocking GC Explicit
08-04 11:20:08.852 11712 11712 D AndroidRuntime: >>>>>> START com.android.internal.os.RuntimeInit uid 2000 <<<<<<
08-04 11:20:08.856 11712 11712 D AndroidRuntime: CheckJNI is OFF
08-04 11:20:08.877  9285  9563 I art     : Explicit concurrent mark sweep GC freed 130(2528B) AllocSpace objects, 0(0B) LOS objects, 7% free, 184MB/200MB, paused 1.090ms total 43.070ms
08-04 11:20:08.892  9285  9563 I art     : Starting a blocking GC Explicit
08-04 11:20:08.894 11712 11712 D ICU     : No timezone override file found: /data/misc/zoneinfo/current/icu/icu_tzdata.dat
08-04 11:20:08.927 11712 11712 I Radio-JNI: register_android_hardware_Radio DONE
08-04 11:20:08.934  9285  9563 I art     : Explicit concurrent mark sweep GC freed 75(1296B) AllocSpace objects, 0(0B) LOS objects, 7% free, 184MB/200MB, paused 1.059ms total 42.590ms
08-04 11:20:08.949  9285  9563 I art     : Starting a blocking GC Explicit
08-04 11:20:08.949 11712 11712 D AndroidRuntime: Calling main entry com.android.commands.input.Input
08-04 11:20:08.951 11712 11712 I Input   : injectMotionEvent: MotionEvent { action=ACTION_DOWN, actionButton=0, id[0]=0, x[0]=117.0, y[0]=170.0, toolType[0]=TOOL_TYPE_UNKNOWN, buttonState=0, metaState=0, flags=0x0, edgeFlags=0x0, pointerCount=1, historySize=0, eventTime=703225363, downTime=703225363, deviceId=0, source=0x1002 }
08-04 11:20:08.956 11712 11712 I Input   : injectMotionEvent: MotionEvent { action=ACTION_UP, actionButton=0, id[0]=0, x[0]=117.0, y[0]=170.0, toolType[0]=TOOL_TYPE_UNKNOWN, buttonState=0, metaState=0, flags=0x0, edgeFlags=0x0, pointerCount=1, historySize=0, eventTime=703225363, downTime=703225363, deviceId=0, source=0x1002 }
08-04 11:20:08.958 11712 11712 D AndroidRuntime: Shutting down VM
08-04 11:20:08.975   512  2967 D audio_hw_primary: out_set_parameters: enter: usecase(1: low-latency-playback) kvpairs: routing=2
08-04 11:20:08.988   512  2967 D audio_hw_primary: select_devices: out_snd_device(2: speaker) in_snd_device(0: none)
08-04 11:20:08.988   512  2967 D msm8974_platform: platform_send_audio_calibration: sending audio calibration for snd_device(2) acdb_id(15)
08-04 11:20:08.988   512  2967 I soundtrigger: audio_extn_sound_trigger_update_device_status: device 0x2 of type 0 for Event 1
08-04 11:20:08.992  9285  9563 I art     : Explicit concurrent mark sweep GC freed 146(3KB) AllocSpace objects, 0(0B) LOS objects, 7% free, 184MB/200MB, paused 891us total 42.902ms
08-04 11:20:08.998   512  2967 D audio_hw_primary: enable_snd_device: snd_device(2: speaker)
08-04 11:20:09.000   512  2967 D audio_hw_primary: enable_audio_route: apply and update mixer path: low-latency-playback speaker
08-04 11:20:09.324  9285  9563 I art     : Starting a blocking GC Explicit
08-04 11:20:09.370  9285  9563 I art     : Explicit concurrent mark sweep GC freed 2494(120KB) AllocSpace objects, 2(52KB) LOS objects, 7% free, 184MB/200MB, paused 978us total 45.667ms
08-04 11:20:09.385  9285  9563 I art     : Starting a blocking GC Explicit
08-04 11:20:09.427  9285  9563 I art     : Explicit concurrent mark sweep GC freed 146(3KB) AllocSpace objects, 0(0B) LOS objects, 7% free, 184MB/200MB, paused 1.078ms total 41.118ms
08-04 11:20:09.441  9285  9563 I art     : Starting a blocking GC Explicit
08-04 11:20:09.483  9285  9563 I art     : Explicit concurrent mark sweep GC freed 78(1392B) AllocSpace objects, 0(0B) LOS objects, 7% free, 184MB/200MB, paused 920us total 42.364ms
08-04 11:20:09.483  9285  9295 I art     : WaitForGcToComplete blocked for 11.969ms for cause HeapTrim
08-04 11:20:09.497  9285  9563 I art     : Starting a blocking GC Explicit
08-04 11:20:09.529   512  2967 D audio_hw_primary: disable_audio_route: reset and update mixer path: low-latency-playback speaker
08-04 11:20:09.530   512  2967 D audio_hw_primary: disable_snd_device: snd_device(2: speaker)
08-04 11:20:09.538  9285  9563 I art     : Explicit concurrent mark sweep GC freed 83(1424B) AllocSpace objects, 0(0B) LOS objects, 7% free, 184MB/200MB, paused 1.464ms total 40.796ms
08-04 11:20:09.539   512  2967 I soundtrigger: audio_extn_sound_trigger_update_device_status: device 0x2 of type 0 for Event 0
08-04 11:20:09.552  9285  9563 I art     : Starting a blocking GC Explicit
08-04 11:20:09.592 11741 11741 D AndroidRuntime: >>>>>> START com.android.internal.os.RuntimeInit uid 2000 <<<<<<
08-04 11:20:09.593  9285  9563 I art     : Explicit concurrent mark sweep GC freed 90(1536B) AllocSpace objects, 0(0B) LOS objects, 7% free, 184MB/200MB, paused 990us total 41.099ms
08-04 11:20:09.597 11741 11741 D AndroidRuntime: CheckJNI is OFF
08-04 11:20:09.629 11741 11741 D ICU     : No timezone override file found: /data/misc/zoneinfo/current/icu/icu_tzdata.dat
08-04 11:20:09.659 11741 11741 I Radio-JNI: register_android_hardware_Radio DONE
08-04 11:20:09.681 11741 11741 D AndroidRuntime: Calling main entry com.android.commands.input.Input
08-04 11:20:09.683 11741 11741 I Input   : injectMotionEvent: MotionEvent { action=ACTION_DOWN, actionButton=0, id[0]=0, x[0]=355.0, y[0]=1674.0, toolType[0]=TOOL_TYPE_UNKNOWN, buttonState=0, metaState=0, flags=0x0, edgeFlags=0x0, pointerCount=1, historySize=0, eventTime=703226095, downTime=703226095, deviceId=0, source=0x1002 }
08-04 11:20:09.687 11741 11741 I Input   : injectMotionEvent: MotionEvent { action=ACTION_UP, actionButton=0, id[0]=0, x[0]=355.0, y[0]=1674.0, toolType[0]=TOOL_TYPE_UNKNOWN, buttonState=0, metaState=0, flags=0x0, edgeFlags=0x0, pointerCount=1, historySize=0, eventTime=703226095, downTime=703226095, deviceId=0, source=0x1002 }
08-04 11:20:09.689 11741 11741 D AndroidRuntime: Shutting down VM
08-04 11:20:09.707   512  2967 D audio_hw_primary: out_set_parameters: enter: usecase(1: low-latency-playback) kvpairs: routing=2
08-04 11:20:09.719  9285  9285 V MainActivity: url = https://project-travel-mate.herokuapp.com/api/number-of-unread-notifications
08-04 11:20:09.719   512  2967 D audio_hw_primary: select_devices: out_snd_device(2: speaker) in_snd_device(0: none)
08-04 11:20:09.720   512  2967 D msm8974_platform: platform_send_audio_calibration: sending audio calibration for snd_device(2) acdb_id(15)
08-04 11:20:09.720   512  2967 I soundtrigger: audio_extn_sound_trigger_update_device_status: device 0x2 of type 0 for Event 1
08-04 11:20:09.729   512  2967 D audio_hw_primary: enable_snd_device: snd_device(2: speaker)
08-04 11:20:09.731   512  2967 D audio_hw_primary: enable_audio_route: apply and update mixer path: low-latency-playback speaker
08-04 11:20:09.773   512  2967 D AudioFlinger: mixer(0xf4740000) throttle end: throttle time(12)
08-04 11:20:09.908  9285  9563 I art     : Starting a blocking GC Explicit
08-04 11:20:09.966  9285  9563 I art     : Explicit concurrent mark sweep GC freed 4030(180KB) AllocSpace objects, 11(304KB) LOS objects, 7% free, 184MB/200MB, paused 1.012ms total 57.734ms
08-04 11:20:09.985  9285  9563 I art     : Starting a blocking GC Explicit
08-04 11:20:10.032  9285  9563 I art     : Explicit concurrent mark sweep GC freed 2318(194KB) AllocSpace objects, 0(0B) LOS objects, 7% free, 184MB/200MB, paused 1.013ms total 46.383ms
08-04 11:20:10.048  9285  9563 I art     : Starting a blocking GC Explicit
08-04 11:20:10.091  9285  9563 I art     : Explicit concurrent mark sweep GC freed 3(96B) AllocSpace objects, 0(0B) LOS objects, 7% free, 184MB/200MB, paused 943us total 43.289ms
08-04 11:20:10.105  9285  9563 I art     : Starting a blocking GC Explicit
08-04 11:20:10.148  9285  9563 I art     : Explicit concurrent mark sweep GC freed 27(864B) AllocSpace objects, 0(0B) LOS objects, 7% free, 184MB/200MB, paused 1.013ms total 42.200ms
08-04 11:20:10.163  9285  9563 I art     : Starting a blocking GC Explicit
08-04 11:20:10.203  9285  9563 I art     : Explicit concurrent mark sweep GC freed 3(96B) AllocSpace objects, 0(0B) LOS objects, 7% free, 184MB/200MB, paused 948us total 39.714ms
08-04 11:20:10.258   512  2967 D audio_hw_primary: disable_audio_route: reset and update mixer path: low-latency-playback speaker
08-04 11:20:10.260   512  2967 D audio_hw_primary: disable_snd_device: snd_device(2: speaker)
08-04 11:20:10.268   512  2967 I soundtrigger: audio_extn_sound_trigger_update_device_status: device 0x2 of type 0 for Event 0
08-04 11:20:10.531  9285 11759 I NAPPA_EXPERIMENTATION: MetricNetworkRequestExecutionTime: REQUEST_DURATION_SYSTEM='811',REQUEST_DURATION_OKHTTP='37',REQUEST_SYNCHRONOUS='FALSE',RESPONSE_CODE='200',RESPONSE_METHOD='GET',RESPONSE_LENGTH_OKHTTP='36',RESPONSE_LENGTH_HEADER='36',REQUEST_PROTOCOL='http/1.1',REQUEST_URL='https://project-travel-mate.herokuapp.com/api/number-of-unread-notifications',
08-04 11:20:10.560  9285  9297 I art     : Starting a blocking GC Explicit
08-04 11:20:10.622  9285  9297 I art     : Explicit concurrent mark sweep GC freed 4362(239KB) AllocSpace objects, 5(248KB) LOS objects, 7% free, 184MB/200MB, paused 1.212ms total 61.128ms
08-04 11:20:10.640  9285  9297 I art     : Starting a blocking GC Explicit
08-04 11:20:10.686  9285  9297 I art     : Explicit concurrent mark sweep GC freed 1055(121KB) AllocSpace objects, 0(0B) LOS objects, 7% free, 184MB/200MB, paused 997us total 46.167ms
08-04 11:20:10.700  9285  9297 I art     : Starting a blocking GC Explicit
08-04 11:20:10.748  9285  9297 I art     : Explicit concurrent mark sweep GC freed 13(608B) AllocSpace objects, 0(0B) LOS objects, 7% free, 184MB/200MB, paused 1.115ms total 47.345ms
08-04 11:20:10.769  9285  9297 I art     : Starting a blocking GC Explicit
08-04 11:20:10.815  9285  9297 I art     : Explicit concurrent mark sweep GC freed 3(96B) AllocSpace objects, 0(0B) LOS objects, 7% free, 184MB/200MB, paused 1.013ms total 45.661ms
08-04 11:20:10.830  9285  9297 I art     : Starting a blocking GC Explicit
08-04 11:20:10.878  9285  9297 I art     : Explicit concurrent mark sweep GC freed 34(928B) AllocSpace objects, 0(0B) LOS objects, 7% free, 184MB/200MB, paused 1.113ms total 47.773ms
08-04 11:20:11.239  9285  9296 I art     : Starting a blocking GC Explicit
08-04 11:20:11.303  9285  9296 I art     : Explicit concurrent mark sweep GC freed 1586(92KB) AllocSpace objects, 2(48KB) LOS objects, 7% free, 184MB/200MB, paused 1.132ms total 63.076ms
08-04 11:20:11.322  2268  2268 I Atfwd_Sendcmd: AtCmdFwd service not ready - Exhausted retry attempts - :6
08-04 11:20:11.323  2268  2268 I Atfwd_Daemon: result : -1 	 ,Init step :2 	 ,qmiErrorCode: 0
08-04 11:20:11.324  9285  9296 I art     : Starting a blocking GC Explicit
08-04 11:20:11.379  9285  9296 I art     : Explicit concurrent mark sweep GC freed 36(1280B) AllocSpace objects, 0(0B) LOS objects, 7% free, 184MB/200MB, paused 985us total 54.200ms
08-04 11:20:11.396  9285  9296 I art     : Starting a blocking GC Explicit
08-04 11:20:11.446  9285  9296 I art     : Explicit concurrent mark sweep GC freed 10(320B) AllocSpace objects, 0(0B) LOS objects, 7% free, 184MB/200MB, paused 980us total 49.233ms
08-04 11:20:11.463  9285  9296 I art     : Starting a blocking GC Explicit
08-04 11:20:11.510  9285  9296 I art     : Explicit concurrent mark sweep GC freed 23(1008B) AllocSpace objects, 0(0B) LOS objects, 7% free, 184MB/200MB, paused 923us total 46.805ms
08-04 11:20:11.526  9285  9296 I art     : Starting a blocking GC Explicit
08-04 11:20:11.579  9285  9296 I art     : Explicit concurrent mark sweep GC freed 19(832B) AllocSpace objects, 0(0B) LOS objects, 7% free, 184MB/200MB, paused 956us total 52.345ms
08-04 11:20:12.010  9285  9563 I art     : Starting a blocking GC Explicit
08-04 11:20:12.057  9285  9563 I art     : Explicit concurrent mark sweep GC freed 1618(92KB) AllocSpace objects, 2(48KB) LOS objects, 7% free, 184MB/200MB, paused 991us total 46.765ms
08-04 11:20:12.072  9285  9563 I art     : Starting a blocking GC Explicit
08-04 11:20:12.116  9285  9563 I art     : Explicit concurrent mark sweep GC freed 28(1024B) AllocSpace objects, 0(0B) LOS objects, 7% free, 184MB/200MB, paused 1.023ms total 43.680ms
08-04 11:20:12.130  9285  9563 I art     : Starting a blocking GC Explicit
08-04 11:20:12.176  9285  9563 I art     : Explicit concurrent mark sweep GC freed 3(96B) AllocSpace objects, 0(0B) LOS objects, 7% free, 184MB/200MB, paused 1.026ms total 44.898ms
08-04 11:20:12.190  9285  9563 I art     : Starting a blocking GC Explicit
08-04 11:20:12.234  9285  9563 I art     : Explicit concurrent mark sweep GC freed 7(224B) AllocSpace objects, 0(0B) LOS objects, 7% free, 184MB/200MB, paused 965us total 43.987ms
08-04 11:20:12.249  9285  9563 I art     : Starting a blocking GC Explicit
08-04 11:20:12.293  9285  9563 I art     : Explicit concurrent mark sweep GC freed 12(576B) AllocSpace objects, 0(0B) LOS objects, 7% free, 184MB/200MB, paused 1.028ms total 44.613ms
08-04 11:20:12.352 11799 11799 D AndroidRuntime: >>>>>> START com.android.internal.os.RuntimeInit uid 2000 <<<<<<
08-04 11:20:12.357 11799 11799 D AndroidRuntime: CheckJNI is OFF
08-04 11:20:12.392 11799 11799 D ICU     : No timezone override file found: /data/misc/zoneinfo/current/icu/icu_tzdata.dat
08-04 11:20:12.429 11799 11799 I Radio-JNI: register_android_hardware_Radio DONE
08-04 11:20:12.452 11799 11799 D AndroidRuntime: Calling main entry com.android.commands.input.Input
08-04 11:20:12.455 11799 11799 I Input   : injectMotionEvent: MotionEvent { action=ACTION_DOWN, actionButton=0, id[0]=0, x[0]=747.0, y[0]=608.0, toolType[0]=TOOL_TYPE_UNKNOWN, buttonState=0, metaState=0, flags=0x0, edgeFlags=0x0, pointerCount=1, historySize=0, eventTime=703228868, downTime=703228868, deviceId=0, source=0x1002 }
08-04 11:20:12.461 11799 11799 I Input   : injectMotionEvent: MotionEvent { action=ACTION_UP, actionButton=0, id[0]=0, x[0]=747.0, y[0]=608.0, toolType[0]=TOOL_TYPE_UNKNOWN, buttonState=0, metaState=0, flags=0x0, edgeFlags=0x0, pointerCount=1, historySize=0, eventTime=703228868, downTime=703228868, deviceId=0, source=0x1002 }
08-04 11:20:12.463 11799 11799 D AndroidRuntime: Shutting down VM
08-04 11:20:12.463   918  3696 I ActivityManager: START u0 {cmp=baseline.io.github.project_travel_mate/.utilities.ChecklistActivity} from uid 10650 on display 0
08-04 11:20:12.465   512  2967 D audio_hw_primary: out_set_parameters: enter: usecase(1: low-latency-playback) kvpairs: routing=2
08-04 11:20:12.478   512  2967 D audio_hw_primary: select_devices: out_snd_device(2: speaker) in_snd_device(0: none)
08-04 11:20:12.478   512  2967 D msm8974_platform: platform_send_audio_calibration: sending audio calibration for snd_device(2) acdb_id(15)
08-04 11:20:12.478   512  2967 I soundtrigger: audio_extn_sound_trigger_update_device_status: device 0x2 of type 0 for Event 1
08-04 11:20:12.487   512  2967 D audio_hw_primary: enable_snd_device: snd_device(2: speaker)
08-04 11:20:12.489   512  2967 D audio_hw_primary: enable_audio_route: apply and update mixer path: low-latency-playback speaker
08-04 11:20:12.546   918   936 I ActivityManager: Displayed baseline.io.github.project_travel_mate/.utilities.ChecklistActivity: +74ms
08-04 11:20:12.546 13866 13866 I GoogleInputMethodServic: GoogleInputMethodService.onFinishInput():3138 
08-04 11:20:12.547 13866 13866 I GoogleInputMethodServic: GoogleInputMethodService.onStartInput():1808 
08-04 11:20:12.642  9285  9305 I art     : Starting a blocking GC Explicit
08-04 11:20:12.706  9285  9305 I art     : Explicit concurrent mark sweep GC freed 2505(146KB) AllocSpace objects, 2(48KB) LOS objects, 7% free, 184MB/200MB, paused 1.208ms total 63.427ms
08-04 11:20:12.725  9285  9305 I art     : Starting a blocking GC Explicit
08-04 11:20:12.777  9285  9305 I art     : Explicit concurrent mark sweep GC freed 324(13KB) AllocSpace objects, 0(0B) LOS objects, 7% free, 184MB/200MB, paused 1.285ms total 51.744ms
08-04 11:20:12.794  9285  9305 I art     : Starting a blocking GC Explicit
08-04 11:20:12.814   380   380 W SurfaceFlinger: couldn't log to binary event log: overflow.
08-04 11:20:12.845  9285  9305 I art     : Explicit concurrent mark sweep GC freed 40(1088B) AllocSpace objects, 0(0B) LOS objects, 7% free, 184MB/200MB, paused 959us total 50.917ms
08-04 11:20:12.860  9285  9305 I art     : Starting a blocking GC Explicit
08-04 11:20:12.903  9285  9305 I art     : Explicit concurrent mark sweep GC freed 3(96B) AllocSpace objects, 0(0B) LOS objects, 7% free, 184MB/200MB, paused 893us total 42.782ms
08-04 11:20:12.917  9285  9305 I art     : Starting a blocking GC Explicit
08-04 11:20:12.960  9285  9305 I art     : Explicit concurrent mark sweep GC freed 55(1728B) AllocSpace objects, 0(0B) LOS objects, 7% free, 184MB/200MB, paused 914us total 42.308ms
08-04 11:20:13.018   512  2967 D audio_hw_primary: disable_audio_route: reset and update mixer path: low-latency-playback speaker
08-04 11:20:13.019   512  2967 D audio_hw_primary: disable_snd_device: snd_device(2: speaker)
08-04 11:20:13.027   512  2967 I soundtrigger: audio_extn_sound_trigger_update_device_status: device 0x2 of type 0 for Event 0
08-04 11:20:13.327  9285  9563 I art     : Starting a blocking GC Explicit
08-04 11:20:13.392  9285  9563 I art     : Explicit concurrent mark sweep GC freed 1594(92KB) AllocSpace objects, 2(48KB) LOS objects, 7% free, 184MB/200MB, paused 1.180ms total 64.700ms
08-04 11:20:13.410  9285  9563 I art     : Starting a blocking GC Explicit
08-04 11:20:13.459  9285  9563 I art     : Explicit concurrent mark sweep GC freed 28(1024B) AllocSpace objects, 0(0B) LOS objects, 7% free, 184MB/200MB, paused 1.093ms total 48.607ms
08-04 11:20:13.473  9285  9563 I art     : Starting a blocking GC Explicit
08-04 11:20:13.518  9285  9563 I art     : Explicit concurrent mark sweep GC freed 3(96B) AllocSpace objects, 0(0B) LOS objects, 7% free, 184MB/200MB, paused 1.044ms total 43.896ms
08-04 11:20:13.533  9285  9563 I art     : Starting a blocking GC Explicit
08-04 11:20:13.581  9285  9563 I art     : Explicit concurrent mark sweep GC freed 3(96B) AllocSpace objects, 0(0B) LOS objects, 7% free, 184MB/200MB, paused 1.045ms total 48.617ms
08-04 11:20:13.597  9285  9563 I art     : Starting a blocking GC Explicit
08-04 11:20:13.645  9285  9563 I art     : Explicit concurrent mark sweep GC freed 15(752B) AllocSpace objects, 0(0B) LOS objects, 7% free, 184MB/200MB, paused 1.048ms total 48.448ms
08-04 11:20:14.021  9285  9297 I art     : Starting a blocking GC Explicit
08-04 11:20:14.086  9285  9297 I art     : Explicit concurrent mark sweep GC freed 1671(95KB) AllocSpace objects, 2(48KB) LOS objects, 7% free, 184MB/200MB, paused 1.042ms total 64.538ms
08-04 11:20:14.101  9285  9297 I art     : Starting a blocking GC Explicit
08-04 11:20:14.150  9285  9297 I art     : Explicit concurrent mark sweep GC freed 28(1024B) AllocSpace objects, 0(0B) LOS objects, 7% free, 184MB/200MB, paused 1.019ms total 47.872ms
08-04 11:20:14.171  9285  9297 I art     : Starting a blocking GC Explicit
08-04 11:20:14.217  9285  9297 I art     : Explicit concurrent mark sweep GC freed 3(96B) AllocSpace objects, 0(0B) LOS objects, 7% free, 184MB/200MB, paused 1.139ms total 45.586ms
08-04 11:20:14.232  9285  9297 I art     : Starting a blocking GC Explicit
08-04 11:20:14.280  9285  9297 I art     : Explicit concurrent mark sweep GC freed 3(96B) AllocSpace objects, 0(0B) LOS objects, 7% free, 184MB/200MB, paused 1.038ms total 47.888ms
08-04 11:20:14.295  9285  9297 I art     : Starting a blocking GC Explicit
08-04 11:20:14.342  9285  9297 I art     : Explicit concurrent mark sweep GC freed 3(96B) AllocSpace objects, 0(0B) LOS objects, 7% free, 184MB/200MB, paused 1.002ms total 46.799ms
08-04 11:20:14.402   518   646 I ThermalEngine: ACTION: GPU - Setting GPU[0] to 600000000
08-04 11:20:14.703  9285  9296 I art     : Starting a blocking GC Explicit
08-04 11:20:14.755  9285  9296 I art     : Explicit concurrent mark sweep GC freed 1598(92KB) AllocSpace objects, 2(48KB) LOS objects, 7% free, 184MB/200MB, paused 873us total 51.426ms
08-04 11:20:14.769  9285  9296 I art     : Starting a blocking GC Explicit
08-04 11:20:14.807  9285  9296 I art     : Explicit concurrent mark sweep GC freed 38(1568B) AllocSpace objects, 0(0B) LOS objects, 7% free, 184MB/200MB, paused 781us total 37.793ms
08-04 11:20:14.818  9285  9296 I art     : Starting a blocking GC Explicit
08-04 11:20:14.857  9285  9296 I art     : Explicit concurrent mark sweep GC freed 40(1088B) AllocSpace objects, 0(0B) LOS objects, 7% free, 184MB/200MB, paused 748us total 38.004ms
08-04 11:20:14.868  9285  9296 I art     : Starting a blocking GC Explicit
08-04 11:20:14.907  9285  9296 I art     : Explicit concurrent mark sweep GC freed 3(96B) AllocSpace objects, 0(0B) LOS objects, 7% free, 184MB/200MB, paused 831us total 39.086ms
08-04 11:20:14.919  9285  9296 I art     : Starting a blocking GC Explicit
08-04 11:20:14.957  9285  9296 I art     : Explicit concurrent mark sweep GC freed 3(96B) AllocSpace objects, 0(0B) LOS objects, 7% free, 184MB/200MB, paused 844us total 38.082ms
08-04 11:20:15.329  9285  9305 I art     : Starting a blocking GC Explicit
08-04 11:20:15.380  9285  9305 I art     : Explicit concurrent mark sweep GC freed 1584(92KB) AllocSpace objects, 2(48KB) LOS objects, 7% free, 184MB/200MB, paused 1.220ms total 50.704ms
08-04 11:20:15.396  9285  9305 I art     : Starting a blocking GC Explicit
08-04 11:20:15.434  9285  9305 I art     : Explicit concurrent mark sweep GC freed 28(1024B) AllocSpace objects, 0(0B) LOS objects, 7% free, 184MB/200MB, paused 736us total 37.952ms
08-04 11:20:15.446  9285  9305 I art     : Starting a blocking GC Explicit
08-04 11:20:15.485  9285  9305 I art     : Explicit concurrent mark sweep GC freed 3(96B) AllocSpace objects, 0(0B) LOS objects, 7% free, 184MB/200MB, paused 807us total 39.157ms
08-04 11:20:15.497  9285  9305 I art     : Starting a blocking GC Explicit
08-04 11:20:15.535  9285  9305 I art     : Explicit concurrent mark sweep GC freed 3(96B) AllocSpace objects, 0(0B) LOS objects, 7% free, 184MB/200MB, paused 768us total 37.886ms
08-04 11:20:15.546  9285  9305 I art     : Starting a blocking GC Explicit
08-04 11:20:15.585  9285  9305 I art     : Explicit concurrent mark sweep GC freed 3(96B) AllocSpace objects, 0(0B) LOS objects, 7% free, 184MB/200MB, paused 780us total 38.563ms
08-04 11:20:15.966  9285  9563 I art     : Starting a blocking GC Explicit
08-04 11:20:16.018  9285  9563 I art     : Explicit concurrent mark sweep GC freed 1623(93KB) AllocSpace objects, 2(48KB) LOS objects, 7% free, 184MB/200MB, paused 847us total 51.129ms
08-04 11:20:16.029  9285  9563 I art     : Starting a blocking GC Explicit
08-04 11:20:16.068  9285  9563 I art     : Explicit concurrent mark sweep GC freed 28(1024B) AllocSpace objects, 0(0B) LOS objects, 7% free, 184MB/200MB, paused 773us total 38.826ms
08-04 11:20:16.080  9285  9563 I art     : Starting a blocking GC Explicit
08-04 11:20:16.118  9285  9563 I art     : Explicit concurrent mark sweep GC freed 3(96B) AllocSpace objects, 0(0B) LOS objects, 7% free, 184MB/200MB, paused 811us total 38.441ms
08-04 11:20:16.130  9285  9563 I art     : Starting a blocking GC Explicit
08-04 11:20:16.168  9285  9563 I art     : Explicit concurrent mark sweep GC freed 3(96B) AllocSpace objects, 0(0B) LOS objects, 7% free, 184MB/200MB, paused 789us total 38.157ms
08-04 11:20:16.179  9285  9563 I art     : Starting a blocking GC Explicit
08-04 11:20:16.218  9285  9563 I art     : Explicit concurrent mark sweep GC freed 3(96B) AllocSpace objects, 0(0B) LOS objects, 7% free, 184MB/200MB, paused 795us total 38.745ms
08-04 11:20:16.567  9285  9297 I art     : Starting a blocking GC Explicit
08-04 11:20:16.620  9285  9297 I art     : Explicit concurrent mark sweep GC freed 1597(92KB) AllocSpace objects, 2(48KB) LOS objects, 7% free, 184MB/200MB, paused 817us total 52.539ms
08-04 11:20:16.632  9285  9297 I art     : Starting a blocking GC Explicit
08-04 11:20:16.671  9285  9297 I art     : Explicit concurrent mark sweep GC freed 39(1600B) AllocSpace objects, 0(0B) LOS objects, 7% free, 184MB/200MB, paused 770us total 39.382ms
08-04 11:20:16.683  9285  9297 I art     : Starting a blocking GC Explicit
08-04 11:20:16.720  9285  9297 I art     : Explicit concurrent mark sweep GC freed 3(96B) AllocSpace objects, 0(0B) LOS objects, 7% free, 184MB/200MB, paused 746us total 36.879ms
08-04 11:20:16.731  9285  9297 I art     : Starting a blocking GC Explicit
08-04 11:20:16.767  9285  9297 I art     : Explicit concurrent mark sweep GC freed 3(96B) AllocSpace objects, 0(0B) LOS objects, 7% free, 184MB/200MB, paused 736us total 35.309ms
08-04 11:20:16.778  9285  9297 I art     : Starting a blocking GC Explicit
08-04 11:20:16.814  9285  9297 I art     : Explicit concurrent mark sweep GC freed 3(96B) AllocSpace objects, 0(0B) LOS objects, 7% free, 184MB/200MB, paused 784us total 36.235ms
08-04 11:20:17.037 11885 11885 D AndroidRuntime: >>>>>> START com.android.internal.os.RuntimeInit uid 2000 <<<<<<
08-04 11:20:17.042 11885 11885 D AndroidRuntime: CheckJNI is OFF
08-04 11:20:17.065 11885 11885 D ICU     : No timezone override file found: /data/misc/zoneinfo/current/icu/icu_tzdata.dat
08-04 11:20:17.091 11885 11885 I Radio-JNI: register_android_hardware_Radio DONE
08-04 11:20:17.108 11885 11885 D AndroidRuntime: Calling main entry com.android.commands.input.Input
08-04 11:20:17.109 11885 11885 I Input   : injectKeyEvent: KeyEvent { action=ACTION_DOWN, keyCode=KEYCODE_BACK, scanCode=0, metaState=0, flags=0x0, repeatCount=0, eventTime=703233523, downTime=703233523, deviceId=-1, source=0x101 }
08-04 11:20:17.114 11885 11885 I Input   : injectKeyEvent: KeyEvent { action=ACTION_UP, keyCode=KEYCODE_BACK, scanCode=0, metaState=0, flags=0x0, repeatCount=0, eventTime=703233523, downTime=703233523, deviceId=-1, source=0x101 }
08-04 11:20:17.118 11885 11885 D AndroidRuntime: Shutting down VM
08-04 11:20:17.127  9285  9285 V MainActivity: url = https://project-travel-mate.herokuapp.com/api/number-of-unread-notifications
08-04 11:20:17.146  9285  9296 I art     : Starting a blocking GC Explicit
08-04 11:20:17.160 13866 13866 I GoogleInputMethodServic: GoogleInputMethodService.onFinishInput():3138 
08-04 11:20:17.160 13866 13866 I GoogleInputMethodServic: GoogleInputMethodService.onStartInput():1808 
08-04 11:20:17.190  9285  9296 I art     : Explicit concurrent mark sweep GC freed 2018(109KB) AllocSpace objects, 2(48KB) LOS objects, 7% free, 184MB/200MB, paused 1.279ms total 44.038ms
08-04 11:20:17.204  9285  9296 I art     : Starting a blocking GC Explicit
08-04 11:20:17.236  9285  9296 I art     : Explicit concurrent mark sweep GC freed 147(7KB) AllocSpace objects, 0(0B) LOS objects, 7% free, 184MB/200MB, paused 734us total 31.387ms
08-04 11:20:17.247  9285  9296 I art     : Starting a blocking GC Explicit
08-04 11:20:17.281  9285  9296 I art     : Explicit concurrent mark sweep GC freed 35(2496B) AllocSpace objects, 0(0B) LOS objects, 7% free, 184MB/200MB, paused 682us total 33.387ms
08-04 11:20:17.292  9285  9296 I art     : Starting a blocking GC Explicit
08-04 11:20:17.332  9285  9296 I art     : Explicit concurrent mark sweep GC freed 7(208B) AllocSpace objects, 0(0B) LOS objects, 7% free, 184MB/200MB, paused 949us total 39.208ms
08-04 11:20:17.345  9285  9296 I art     : Starting a blocking GC Explicit
08-04 11:20:17.381  9285  9296 I art     : Explicit concurrent mark sweep GC freed 22(1184B) AllocSpace objects, 0(0B) LOS objects, 7% free, 184MB/200MB, paused 685us total 35.580ms
08-04 11:20:17.445   380   380 W SurfaceFlinger: couldn't log to binary event log: overflow.
08-04 11:20:17.547 13866 13882 I PeriodicStatsRunner: PeriodicStatsRunner.call():175 call()
08-04 11:20:17.547 13866 13882 I PeriodicStatsRunner: PeriodicStatsRunner.call():179 No submit PeriodicStats since input started.
08-04 11:20:17.690  9285  9305 I art     : Starting a blocking GC Explicit
08-04 11:20:17.744  9285  9305 I art     : Explicit concurrent mark sweep GC freed 2010(111KB) AllocSpace objects, 2(48KB) LOS objects, 7% free, 184MB/200MB, paused 1.158ms total 53.291ms
08-04 11:20:17.758  9285  9305 I art     : Starting a blocking GC Explicit
08-04 11:20:17.799  9285  9305 I art     : Explicit concurrent mark sweep GC freed 166(8KB) AllocSpace objects, 0(0B) LOS objects, 7% free, 184MB/200MB, paused 857us total 40.257ms
08-04 11:20:17.810  9285  9305 I art     : Starting a blocking GC Explicit
08-04 11:20:17.851  9285  9305 I art     : Explicit concurrent mark sweep GC freed 671(55KB) AllocSpace objects, 2(120KB) LOS objects, 7% free, 184MB/200MB, paused 1.024ms total 40.199ms
08-04 11:20:17.862  9285  9305 I art     : Starting a blocking GC Explicit
08-04 11:20:17.899  9285  9305 I art     : Explicit concurrent mark sweep GC freed 2067(82KB) AllocSpace objects, 0(0B) LOS objects, 7% free, 184MB/200MB, paused 827us total 36.954ms
08-04 11:20:17.906  9285 11908 I NAPPA_EXPERIMENTATION: MetricNetworkRequestExecutionTime: REQUEST_DURATION_SYSTEM='778',REQUEST_DURATION_OKHTTP='31',REQUEST_SYNCHRONOUS='FALSE',RESPONSE_CODE='200',RESPONSE_METHOD='GET',RESPONSE_LENGTH_OKHTTP='36',RESPONSE_LENGTH_HEADER='36',REQUEST_PROTOCOL='http/1.1',REQUEST_URL='https://project-travel-mate.herokuapp.com/api/number-of-unread-notifications',
08-04 11:20:17.910  9285  9305 I art     : Starting a blocking GC Explicit
08-04 11:20:17.948  9285  9305 I art     : Explicit concurrent mark sweep GC freed 941(123KB) AllocSpace objects, 1(80KB) LOS objects, 7% free, 184MB/200MB, paused 865us total 38.118ms
08-04 11:20:18.301  9285  9297 I art     : Starting a blocking GC Explicit
08-04 11:20:18.352  9285  9297 I art     : Explicit concurrent mark sweep GC freed 1696(96KB) AllocSpace objects, 2(48KB) LOS objects, 7% free, 184MB/200MB, paused 747us total 50.233ms
08-04 11:20:18.364  9285  9297 I art     : Starting a blocking GC Explicit
08-04 11:20:18.397  9285  9297 I art     : Explicit concurrent mark sweep GC freed 28(1024B) AllocSpace objects, 0(0B) LOS objects, 7% free, 184MB/200MB, paused 837us total 33.192ms
08-04 11:20:18.408  9285  9297 I art     : Starting a blocking GC Explicit
08-04 11:20:18.441  9285  9297 I art     : Explicit concurrent mark sweep GC freed 3(96B) AllocSpace objects, 0(0B) LOS objects, 7% free, 184MB/200MB, paused 736us total 33.380ms
08-04 11:20:18.451  9285  9297 I art     : Starting a blocking GC Explicit
08-04 11:20:18.487  9285  9297 I art     : Explicit concurrent mark sweep GC freed 3(96B) AllocSpace objects, 0(0B) LOS objects, 7% free, 184MB/200MB, paused 837us total 35.747ms
08-04 11:20:18.498  9285  9297 I art     : Starting a blocking GC Explicit
08-04 11:20:18.536  9285  9297 I art     : Explicit concurrent mark sweep GC freed 6(192B) AllocSpace objects, 0(0B) LOS objects, 7% free, 184MB/200MB, paused 804us total 37.186ms
08-04 11:20:18.670 11930 11930 D AndroidRuntime: >>>>>> START com.android.internal.os.RuntimeInit uid 2000 <<<<<<
08-04 11:20:18.678 11930 11930 D AndroidRuntime: CheckJNI is OFF
08-04 11:20:18.705 11930 11930 D ICU     : No timezone override file found: /data/misc/zoneinfo/current/icu/icu_tzdata.dat
08-04 11:20:18.731 11930 11930 I Radio-JNI: register_android_hardware_Radio DONE
08-04 11:20:18.747 11930 11930 D AndroidRuntime: Calling main entry com.android.commands.input.Input
08-04 11:20:18.748 11930 11930 I Input   : injectMotionEvent: MotionEvent { action=ACTION_DOWN, actionButton=0, id[0]=0, x[0]=657.0, y[0]=2037.0, toolType[0]=TOOL_TYPE_UNKNOWN, buttonState=0, metaState=0, flags=0x0, edgeFlags=0x0, pointerCount=1, historySize=0, eventTime=703235161, downTime=703235161, deviceId=0, source=0x1002 }
08-04 11:20:18.754 11930 11930 I Input   : injectMotionEvent: MotionEvent { action=ACTION_UP, actionButton=0, id[0]=0, x[0]=657.0, y[0]=2037.0, toolType[0]=TOOL_TYPE_UNKNOWN, buttonState=0, metaState=0, flags=0x0, edgeFlags=0x0, pointerCount=1, historySize=0, eventTime=703235161, downTime=703235161, deviceId=0, source=0x1002 }
08-04 11:20:18.755 11930 11930 D AndroidRuntime: Shutting down VM
08-04 11:20:18.765   918   929 I ActivityManager: START u0 {cmp=baseline.io.github.project_travel_mate/.utilities.CompassActivity} from uid 10650 on display 0
08-04 11:20:18.767   512  2967 D audio_hw_primary: out_set_parameters: enter: usecase(1: low-latency-playback) kvpairs: routing=2
08-04 11:20:18.780   512  2967 D audio_hw_primary: select_devices: out_snd_device(2: speaker) in_snd_device(0: none)
08-04 11:20:18.780   512  2967 D msm8974_platform: platform_send_audio_calibration: sending audio calibration for snd_device(2) acdb_id(15)
08-04 11:20:18.781   512  2967 I soundtrigger: audio_extn_sound_trigger_update_device_status: device 0x2 of type 0 for Event 1
08-04 11:20:18.792   512  2967 D audio_hw_primary: enable_snd_device: snd_device(2: speaker)
08-04 11:20:18.793   512  2967 D audio_hw_primary: enable_audio_route: apply and update mixer path: low-latency-playback speaker
08-04 11:20:18.846  9285  9563 I art     : Waiting for a blocking GC Explicit
08-04 11:20:18.849  9285  9563 I art     : Waiting for a blocking GC Explicit
08-04 11:20:18.878  9285  9563 I art     : WaitForGcToComplete blocked for 32.048ms for cause Explicit
08-04 11:20:18.878  9285  9563 I art     : Starting a blocking GC Explicit
08-04 11:20:18.915  9285  9563 I art     : Explicit concurrent mark sweep GC freed 86(3KB) AllocSpace objects, 0(0B) LOS objects, 6% free, 233MB/249MB, paused 778us total 36.143ms
08-04 11:20:18.925  9285  9563 I art     : Starting a blocking GC Explicit
08-04 11:20:18.959  9285  9563 I art     : Explicit concurrent mark sweep GC freed 3(96B) AllocSpace objects, 0(0B) LOS objects, 6% free, 233MB/249MB, paused 861us total 33.733ms
08-04 11:20:18.970  9285  9563 I art     : Starting a blocking GC Explicit
08-04 11:20:19.004  9285  9563 I art     : Explicit concurrent mark sweep GC freed 3(96B) AllocSpace objects, 0(0B) LOS objects, 6% free, 233MB/249MB, paused 843us total 33.859ms
08-04 11:20:19.015  9285  9563 I art     : Starting a blocking GC Explicit
08-04 11:20:19.050  9285  9563 I art     : Explicit concurrent mark sweep GC freed 3(96B) AllocSpace objects, 0(0B) LOS objects, 6% free, 233MB/249MB, paused 846us total 34.969ms
08-04 11:20:19.061  9285  9563 I art     : Starting a blocking GC Explicit
08-04 11:20:19.097  9285  9563 I art     : Explicit concurrent mark sweep GC freed 13(384B) AllocSpace objects, 0(0B) LOS objects, 6% free, 236MB/252MB, paused 1.036ms total 34.957ms
08-04 11:20:19.098  9285  9285 D CompassActivity: start compass
08-04 11:20:19.099   918  5952 I sensors : batch
08-04 11:20:19.099   918  5952 I sensors : activate
08-04 11:20:19.099   918   929 I sensors : batch
08-04 11:20:19.099   918   929 I sensors : activate
08-04 11:20:19.105   918  3188 I hubconnection: sensorhub said: 'batch 1 flags:0, sampling_rate_Hz:50.00, max_report_latency_us:0'
08-04 11:20:19.106   918  3188 I hubconnection: sensorhub said: 'activate 1 enable:1'
08-04 11:20:19.107   918  3188 I hubconnection: sensorhub said: 'batch 3 flags:0, sampling_rate_Hz:50.00, max_report_latency_us:0'
08-04 11:20:19.108   918  3188 I hubconnection: sensorhub said: 'activate 3 enable:1'
08-04 11:20:19.218   918   936 I ActivityManager: Displayed baseline.io.github.project_travel_mate/.utilities.CompassActivity: +437ms
08-04 11:20:19.219 13866 13866 I GoogleInputMethodServic: GoogleInputMethodService.onFinishInput():3138 
08-04 11:20:19.231 13866 13866 I GoogleInputMethodServic: GoogleInputMethodService.onStartInput():1808 
08-04 11:20:19.283  9285  9285 D CompassActivity: will set rotation from 0.0 to 182.24362
08-04 11:20:19.283  9285  9285 D CompassActivity: will set rotation from 182.24362 to 181.48056
08-04 11:20:19.283  9285  9285 D CompassActivity: will set rotation from 181.48056 to 181.48059
08-04 11:20:19.285  9285  9285 D CompassActivity: will set rotation from 181.48059 to 181.16367
08-04 11:20:19.285  9285  9285 D CompassActivity: will set rotation from 181.16367 to 181.16376
08-04 11:20:19.305  9285  9285 D CompassActivity: will set rotation from 181.16376 to 181.58896
08-04 11:20:19.306  9285  9285 D CompassActivity: will set rotation from 181.58896 to 181.58983
08-04 11:20:19.325  9285  9285 D CompassActivity: will set rotation from 181.58983 to 181.82579
08-04 11:20:19.326  9285  9285 D CompassActivity: will set rotation from 181.82579 to 181.82603
08-04 11:20:19.340   512  2967 D audio_hw_primary: disable_audio_route: reset and update mixer path: low-latency-playback speaker
08-04 11:20:19.341   512  2967 D audio_hw_primary: disable_snd_device: snd_device(2: speaker)
08-04 11:20:19.345  9285  9285 D CompassActivity: will set rotation from 181.82603 to 181.89838
08-04 11:20:19.346  9285  9285 D CompassActivity: will set rotation from 181.89838 to 181.89252
08-04 11:20:19.348   512  2967 I soundtrigger: audio_extn_sound_trigger_update_device_status: device 0x2 of type 0 for Event 0
08-04 11:20:19.365  9285  9285 D CompassActivity: will set rotation from 181.89252 to 181.79233
08-04 11:20:19.366  9285  9285 D CompassActivity: will set rotation from 181.79233 to 181.79027
08-04 11:20:19.385  9285  9285 D CompassActivity: will set rotation from 181.79027 to 181.77524
08-04 11:20:19.386  9285  9285 D CompassActivity: will set rotation from 181.77524 to 181.7854
08-04 11:20:19.392  9285  9563 I art     : Starting a blocking GC Explicit
08-04 11:20:19.405  9285  9285 D CompassActivity: will set rotation from 181.7854 to 181.71771
08-04 11:20:19.405  9285  9285 D CompassActivity: will set rotation from 181.71771 to 181.72461
08-04 11:20:19.425  9285  9563 I art     : Explicit concurrent mark sweep GC freed 1915(110KB) AllocSpace objects, 2(48KB) LOS objects, 6% free, 236MB/252MB, paused 744us total 32.343ms
08-04 11:20:19.425  9285  9285 D CompassActivity: will set rotation from 181.72461 to 181.8306
08-04 11:20:19.425  9285  9285 D CompassActivity: will set rotation from 181.8306 to 181.8327
08-04 11:20:19.435  9285  9563 I art     : Starting a blocking GC Explicit
08-04 11:20:19.445  9285  9285 D CompassActivity: will set rotation from 181.8327 to 181.82515
08-04 11:20:19.445  9285  9285 D CompassActivity: will set rotation from 181.82515 to 181.82611
08-04 11:20:19.465  9285  9285 D CompassActivity: will set rotation from 181.82611 to 181.81903
08-04 11:20:19.465  9285  9285 D CompassActivity: will set rotation from 181.81903 to 181.81197
08-04 11:20:19.465   380   380 W SurfaceFlinger: couldn't log to binary event log: overflow.
08-04 11:20:19.468  9285  9563 I art     : Explicit concurrent mark sweep GC freed 295(12KB) AllocSpace objects, 0(0B) LOS objects, 6% free, 236MB/252MB, paused 791us total 32.397ms
08-04 11:20:19.479  9285  9563 I art     : Starting a blocking GC Explicit
08-04 11:20:19.485  9285  9285 D CompassActivity: will set rotation from 181.81197 to 181.85168
08-04 11:20:19.485  9285  9285 D CompassActivity: will set rotation from 181.85168 to 181.85075
08-04 11:20:19.505  9285  9285 D CompassActivity: will set rotation from 181.85075 to 181.83922
08-04 11:20:19.505  9285  9285 D CompassActivity: will set rotation from 181.83922 to 181.8409
08-04 11:20:19.510  9285  9563 I art     : Explicit concurrent mark sweep GC freed 109(5KB) AllocSpace objects, 0(0B) LOS objects, 6% free, 236MB/252MB, paused 664us total 30.999ms
08-04 11:20:19.520  9285  9563 I art     : Starting a blocking GC Explicit
08-04 11:20:19.525  9285  9285 D CompassActivity: will set rotation from 181.8409 to 181.75162
08-04 11:20:19.525  9285  9285 D CompassActivity: will set rotation from 181.75162 to 181.7551
08-04 11:20:19.544  9285  9285 D CompassActivity: will set rotation from 181.7551 to 181.79129
08-04 11:20:19.545  9285  9285 D CompassActivity: will set rotation from 181.79129 to 181.79156
08-04 11:20:19.552  9285  9563 I art     : Explicit concurrent mark sweep GC freed 83(4KB) AllocSpace objects, 0(0B) LOS objects, 6% free, 236MB/252MB, paused 643us total 31.551ms
08-04 11:20:19.562  9285  9563 I art     : Starting a blocking GC Explicit
08-04 11:20:19.565  9285  9285 D CompassActivity: will set rotation from 181.79156 to 181.866
08-04 11:20:19.565  9285  9285 D CompassActivity: will set rotation from 181.866 to 181.86665
08-04 11:20:19.595  9285  9563 I art     : Explicit concurrent mark sweep GC freed 69(3KB) AllocSpace objects, 0(0B) LOS objects, 6% free, 236MB/252MB, paused 772us total 33.140ms
08-04 11:20:19.635  9285  9285 D CompassActivity: will set rotation from 181.86665 to 181.85881
08-04 11:20:19.635  9285  9285 D CompassActivity: will set rotation from 181.85881 to 181.85793
08-04 11:20:19.635  9285  9285 D CompassActivity: will set rotation from 181.85793 to 181.88498
08-04 11:20:19.635  9285  9285 D CompassActivity: will set rotation from 181.88498 to 181.88225
08-04 11:20:19.636  9285  9285 D CompassActivity: will set rotation from 181.88225 to 181.8346
08-04 11:20:19.636  9285  9285 D CompassActivity: will set rotation from 181.8346 to 181.8346
08-04 11:20:19.647  9285  9285 D CompassActivity: will set rotation from 181.8346 to 181.85359
08-04 11:20:19.647  9285  9285 D CompassActivity: will set rotation from 181.85359 to 181.8519
08-04 11:20:19.664  9285  9285 D CompassActivity: will set rotation from 181.8519 to 181.8467
08-04 11:20:19.665  9285  9285 D CompassActivity: will set rotation from 181.8467 to 181.84587
08-04 11:20:19.686  9285  9285 D CompassActivity: will set rotation from 181.84587 to 181.87444
08-04 11:20:19.686  9285  9285 D CompassActivity: will set rotation from 181.87444 to 181.87086
08-04 11:20:19.704  9285  9285 D CompassActivity: will set rotation from 181.87086 to 181.83743
08-04 11:20:19.704  9285  9285 D CompassActivity: will set rotation from 181.83743 to 181.8332
08-04 11:20:19.725  9285  9285 D CompassActivity: will set rotation from 181.8332 to 181.88852
08-04 11:20:19.726  9285  9285 D CompassActivity: will set rotation from 181.88852 to 181.88867
08-04 11:20:19.744  9285  9285 D CompassActivity: will set rotation from 181.88867 to 181.91043
08-04 11:20:19.745  9285  9285 D CompassActivity: will set rotation from 181.91043 to 181.91098
08-04 11:20:19.766  9285  9285 D CompassActivity: will set rotation from 181.91098 to 181.95638
08-04 11:20:19.766  9285  9285 D CompassActivity: will set rotation from 181.95638 to 181.95863
08-04 11:20:19.784  9285  9285 D CompassActivity: will set rotation from 181.95863 to 181.99951
08-04 11:20:19.785  9285  9285 D CompassActivity: will set rotation from 181.99951 to 181.99855
08-04 11:20:19.804  9285  9285 D CompassActivity: will set rotation from 181.99855 to 181.9388
08-04 11:20:19.805  9285  9285 D CompassActivity: will set rotation from 181.9388 to 181.93521
08-04 11:20:19.825  9285  9285 D CompassActivity: will set rotation from 181.93521 to 181.949
08-04 11:20:19.825  9285  9285 D CompassActivity: will set rotation from 181.949 to 181.95062
08-04 11:20:19.843  9285  9285 D CompassActivity: will set rotation from 181.95062 to 181.94122
08-04 11:20:19.844  9285  9285 D CompassActivity: will set rotation from 181.94122 to 181.94086
08-04 11:20:19.863  9285  9285 D CompassActivity: will set rotation from 181.94086 to 181.95328
08-04 11:20:19.864  9285  9285 D CompassActivity: will set rotation from 181.95328 to 181.95126
08-04 11:20:19.884  9285  9285 D CompassActivity: will set rotation from 181.95126 to 181.9645
08-04 11:20:19.884  9285  9285 D CompassActivity: will set rotation from 181.9645 to 181.96617
08-04 11:20:19.903  9285  9285 D CompassActivity: will set rotation from 181.96617 to 181.97762
08-04 11:20:19.903  9285  9285 D CompassActivity: will set rotation from 181.97762 to 181.97777
08-04 11:20:19.914  9285  9305 I art     : Starting a blocking GC Explicit
08-04 11:20:19.923  9285  9285 D CompassActivity: will set rotation from 181.97777 to 181.94414
08-04 11:20:19.924  9285  9285 D CompassActivity: will set rotation from 181.94414 to 181.94217
08-04 11:20:19.944  9285  9285 D CompassActivity: will set rotation from 181.94217 to 181.9121
08-04 11:20:19.944  9285  9285 D CompassActivity: will set rotation from 181.9121 to 181.91019
08-04 11:20:19.952  9285  9305 I art     : Explicit concurrent mark sweep GC freed 2009(117KB) AllocSpace objects, 2(48KB) LOS objects, 6% free, 236MB/252MB, paused 767us total 37.710ms
08-04 11:20:19.963  9285  9305 I art     : Starting a blocking GC Explicit
08-04 11:20:19.963  9285  9285 D CompassActivity: will set rotation from 181.91019 to 181.90598
08-04 11:20:19.964  9285  9285 D CompassActivity: will set rotation from 181.90598 to 181.90536
08-04 11:20:19.984  9285  9285 D CompassActivity: will set rotation from 181.90536 to 181.944
08-04 11:20:19.984  9285  9285 D CompassActivity: will set rotation from 181.944 to 181.94254
08-04 11:20:19.999  9285  9305 I art     : Explicit concurrent mark sweep GC freed 601(23KB) AllocSpace objects, 0(0B) LOS objects, 6% free, 236MB/252MB, paused 789us total 35.904ms
08-04 11:20:20.003  9285  9285 D CompassActivity: will set rotation from 181.94254 to 181.93521
08-04 11:20:20.003  9285  9285 D CompassActivity: will set rotation from 181.93521 to 181.93465
08-04 11:20:20.010  9285  9305 I art     : Starting a blocking GC Explicit
08-04 11:20:20.023  9285  9285 D CompassActivity: will set rotation from 181.93465 to 181.92653
08-04 11:20:20.023  9285  9285 D CompassActivity: will set rotation from 181.92653 to 181.92545
08-04 11:20:20.043  9285  9285 D CompassActivity: will set rotation from 181.92545 to 181.94026
08-04 11:20:20.044  9285  9285 D CompassActivity: will set rotation from 181.94026 to 181.94115
08-04 11:20:20.046  9285  9305 I art     : Explicit concurrent mark sweep GC freed 105(5KB) AllocSpace objects, 0(0B) LOS objects, 6% free, 236MB/252MB, paused 980us total 35.540ms
08-04 11:20:20.058  9285  9305 I art     : Starting a blocking GC Explicit
08-04 11:20:20.063  9285  9285 D CompassActivity: will set rotation from 181.94115 to 181.97331
08-04 11:20:20.063  9285  9285 D CompassActivity: will set rotation from 181.97331 to 181.97607
08-04 11:20:20.083  9285  9285 D CompassActivity: will set rotation from 181.97607 to 181.98561
08-04 11:20:20.084  9285  9285 D CompassActivity: will set rotation from 181.98561 to 181.98645
08-04 11:20:20.093  9285  9305 I art     : Explicit concurrent mark sweep GC freed 104(4KB) AllocSpace objects, 0(0B) LOS objects, 6% free, 236MB/252MB, paused 759us total 35.233ms
08-04 11:20:20.104  9285  9285 D CompassActivity: will set rotation from 181.98645 to 181.97746
08-04 11:20:20.104  9285  9285 D CompassActivity: will set rotation from 181.97746 to 181.97487
08-04 11:20:20.105  9285  9305 I art     : Starting a blocking GC Explicit
08-04 11:20:20.123  9285  9285 D CompassActivity: will set rotation from 181.97487 to 182.00392
08-04 11:20:20.123  9285  9285 D CompassActivity: will set rotation from 182.00392 to 182.0038
08-04 11:20:20.142  9285  9305 I art     : Explicit concurrent mark sweep GC freed 102(4KB) AllocSpace objects, 0(0B) LOS objects, 6% free, 236MB/252MB, paused 715us total 36.402ms
08-04 11:20:20.143  9285  9285 D CompassActivity: will set rotation from 182.0038 to 181.95514
08-04 11:20:20.143  9285  9285 D CompassActivity: will set rotation from 181.95514 to 181.95746
08-04 11:20:20.163  9285  9285 D CompassActivity: will set rotation from 181.95746 to 181.93134
08-04 11:20:20.164  9285  9285 D CompassActivity: will set rotation from 181.93134 to 181.93347
08-04 11:20:20.186  9285  9285 D CompassActivity: will set rotation from 181.93347 to 181.94553
08-04 11:20:20.186  9285  9285 D CompassActivity: will set rotation from 181.94553 to 181.9424
08-04 11:20:20.205  9285  9285 D CompassActivity: will set rotation from 181.9424 to 182.01009
08-04 11:20:20.205  9285  9285 D CompassActivity: will set rotation from 182.01009 to 182.00719
08-04 11:20:20.223  9285  9285 D CompassActivity: will set rotation from 182.00719 to 182.06981
08-04 11:20:20.223  9285  9285 D CompassActivity: will set rotation from 182.06981 to 182.07289
08-04 11:20:20.242  9285  9285 D CompassActivity: will set rotation from 182.07289 to 182.07979
08-04 11:20:20.243  9285  9285 D CompassActivity: will set rotation from 182.07979 to 182.0832
08-04 11:20:20.262  9285  9285 D CompassActivity: will set rotation from 182.0832 to 182.09302
08-04 11:20:20.263  9285  9285 D CompassActivity: will set rotation from 182.09302 to 182.09166
08-04 11:20:20.287  9285  9285 D CompassActivity: will set rotation from 182.09166 to 182.13493
08-04 11:20:20.288  9285  9285 D CompassActivity: will set rotation from 182.13493 to 182.13455
08-04 11:20:20.304  9285  9285 D CompassActivity: will set rotation from 182.13455 to 182.16078
08-04 11:20:20.305  9285  9285 D CompassActivity: will set rotation from 182.16078 to 182.159
08-04 11:20:20.323  9285  9285 D CompassActivity: will set rotation from 182.159 to 182.16417
08-04 11:20:20.323  9285  9285 D CompassActivity: will set rotation from 182.16417 to 182.16231
08-04 11:20:20.342  9285  9285 D CompassActivity: will set rotation from 182.16231 to 182.16646
08-04 11:20:20.343  9285  9285 D CompassActivity: will set rotation from 182.16646 to 182.16682
08-04 11:20:20.362  9285  9285 D CompassActivity: will set rotation from 182.16682 to 182.19203
08-04 11:20:20.363  9285  9285 D CompassActivity: will set rotation from 182.19203 to 182.192
08-04 11:20:20.382  9285  9285 D CompassActivity: will set rotation from 182.192 to 182.18074
08-04 11:20:20.383  9285  9285 D CompassActivity: will set rotation from 182.18074 to 182.18149
08-04 11:20:20.404  9285  9285 D CompassActivity: will set rotation from 182.18149 to 182.23753
08-04 11:20:20.404  9285  9285 D CompassActivity: will set rotation from 182.23753 to 182.23859
08-04 11:20:20.410   518   646 I ThermalEngine: ACTION: GPU - Setting GPU[0] to 510000000
08-04 11:20:20.422  9285  9285 D CompassActivity: will set rotation from 182.23859 to 182.26938
08-04 11:20:20.422  9285  9285 D CompassActivity: will set rotation from 182.26938 to 182.26851
08-04 11:20:20.441  9285  9285 D CompassActivity: will set rotation from 182.26851 to 182.27145
08-04 11:20:20.442  9285  9285 D CompassActivity: will set rotation from 182.27145 to 182.27003
08-04 11:20:20.462  9285  9285 D CompassActivity: will set rotation from 182.27003 to 182.23654
08-04 11:20:20.462  9285  9285 D CompassActivity: will set rotation from 182.23654 to 182.23569
08-04 11:20:20.482  9285  9285 D CompassActivity: will set rotation from 182.23569 to 182.23616
08-04 11:20:20.482  9285  9285 D CompassActivity: will set rotation from 182.23616 to 182.23424
08-04 11:20:20.503  9285  9285 D CompassActivity: will set rotation from 182.23424 to 182.23697
08-04 11:20:20.504  9285  9285 D CompassActivity: will set rotation from 182.23697 to 182.23941
08-04 11:20:20.523  9285  9285 D CompassActivity: will set rotation from 182.23941 to 182.24132
08-04 11:20:20.523  9285  9285 D CompassActivity: will set rotation from 182.24132 to 182.24284
08-04 11:20:20.530  9285  9563 I art     : Starting a blocking GC Explicit
08-04 11:20:20.543  9285  9285 D CompassActivity: will set rotation from 182.24284 to 182.26253
08-04 11:20:20.543  9285  9285 D CompassActivity: will set rotation from 182.26253 to 182.26047
08-04 11:20:20.562  9285  9285 D CompassActivity: will set rotation from 182.26047 to 182.27588
08-04 11:20:20.562  9285  9285 D CompassActivity: will set rotation from 182.27588 to 182.27217
08-04 11:20:20.579  9285  9563 I art     : Explicit concurrent mark sweep GC freed 1964(117KB) AllocSpace objects, 2(48KB) LOS objects, 6% free, 236MB/252MB, paused 1.070ms total 49.570ms
08-04 11:20:20.583  9285  9285 D CompassActivity: will set rotation from 182.27217 to 182.27493
08-04 11:20:20.583  9285  9285 D CompassActivity: will set rotation from 182.27493 to 182.27219
08-04 11:20:20.596  9285  9563 I art     : Starting a blocking GC Explicit
08-04 11:20:20.605  9285  9285 D CompassActivity: will set rotation from 182.27219 to 182.30524
08-04 11:20:20.606  9285  9285 D CompassActivity: will set rotation from 182.30524 to 182.30388
08-04 11:20:20.624  9285  9285 D CompassActivity: will set rotation from 182.30388 to 182.3018
08-04 11:20:20.625  9285  9285 D CompassActivity: will set rotation from 182.3018 to 182.30005
08-04 11:20:20.641  9285  9285 D CompassActivity: will set rotation from 182.30005 to 182.29938
08-04 11:20:20.642  9285  9285 D CompassActivity: will set rotation from 182.29938 to 182.30037
08-04 11:20:20.648  9285  9563 I art     : Explicit concurrent mark sweep GC freed 732(29KB) AllocSpace objects, 0(0B) LOS objects, 6% free, 236MB/252MB, paused 1.161ms total 51.527ms
08-04 11:20:20.661  9285  9285 D CompassActivity: will set rotation from 182.30037 to 182.27966
08-04 11:20:20.662  9285  9285 D CompassActivity: will set rotation from 182.27966 to 182.28154
08-04 11:20:20.665  9285  9563 I art     : Starting a blocking GC Explicit
08-04 11:20:20.682  9285  9285 D CompassActivity: will set rotation from 182.28154 to 182.29839
08-04 11:20:20.683  9285  9285 D CompassActivity: will set rotation from 182.29839 to 182.29791
08-04 11:20:20.706  9285  9285 D CompassActivity: will set rotation from 182.29791 to 182.29765
08-04 11:20:20.706  9285  9285 D CompassActivity: will set rotation from 182.29765 to 182.297
08-04 11:20:20.715  9285  9563 I art     : Explicit concurrent mark sweep GC freed 161(7KB) AllocSpace objects, 0(0B) LOS objects, 6% free, 236MB/252MB, paused 1.074ms total 49.898ms
08-04 11:20:20.725  9285  9285 D CompassActivity: will set rotation from 182.297 to 182.2973
08-04 11:20:20.725  9285  9285 D CompassActivity: will set rotation from 182.2973 to 182.29593
08-04 11:20:20.732  9285  9563 I art     : Starting a blocking GC Explicit
08-04 11:20:20.743  9285  9285 D CompassActivity: will set rotation from 182.29593 to 182.29633
08-04 11:20:20.743  9285  9285 D CompassActivity: will set rotation from 182.29633 to 182.2935
08-04 11:20:20.761  9285  9285 D CompassActivity: will set rotation from 182.2935 to 182.31017
08-04 11:20:20.761  9285  9285 D CompassActivity: will set rotation from 182.31017 to 182.30867
08-04 11:20:20.781  9285  9285 D CompassActivity: will set rotation from 182.30867 to 182.30815
08-04 11:20:20.781  9285  9285 D CompassActivity: will set rotation from 182.30815 to 182.3079
08-04 11:20:20.785  9285  9563 I art     : Explicit concurrent mark sweep GC freed 146(7KB) AllocSpace objects, 0(0B) LOS objects, 6% free, 236MB/252MB, paused 1.066ms total 52.719ms
08-04 11:20:20.801  9285  9563 I art     : Starting a blocking GC Explicit
08-04 11:20:20.804  9285  9285 D CompassActivity: will set rotation from 182.3079 to 182.33818
08-04 11:20:20.805  9285  9285 D CompassActivity: will set rotation from 182.33818 to 182.3382
08-04 11:20:20.823  9285  9285 D CompassActivity: will set rotation from 182.3382 to 182.36621
08-04 11:20:20.823  9285  9285 D CompassActivity: will set rotation from 182.36621 to 182.36887
08-04 11:20:20.841  9285  9285 D CompassActivity: will set rotation from 182.36887 to 182.39764
08-04 11:20:20.842  9285  9285 D CompassActivity: will set rotation from 182.39764 to 182.39801
08-04 11:20:20.854  9285  9563 I art     : Explicit concurrent mark sweep GC freed 198(8KB) AllocSpace objects, 0(0B) LOS objects, 6% free, 236MB/252MB, paused 1.408ms total 51.979ms
08-04 11:20:20.861  9285  9285 D CompassActivity: will set rotation from 182.39801 to 182.37851
08-04 11:20:20.861  9285  9285 D CompassActivity: will set rotation from 182.37851 to 182.3777
08-04 11:20:20.881  9285  9285 D CompassActivity: will set rotation from 182.3777 to 182.37383
08-04 11:20:20.881  9285  9285 D CompassActivity: will set rotation from 182.37383 to 182.37411
08-04 11:20:20.902  9285  9285 D CompassActivity: will set rotation from 182.37411 to 182.38864
08-04 11:20:20.902  9285  9285 D CompassActivity: will set rotation from 182.38864 to 182.38765
08-04 11:20:20.922  9285  9285 D CompassActivity: will set rotation from 182.38765 to 182.40155
08-04 11:20:20.922  9285  9285 D CompassActivity: will set rotation from 182.40155 to 182.40105
08-04 11:20:20.940  9285  9285 D CompassActivity: will set rotation from 182.40105 to 182.4144
08-04 11:20:20.941  9285  9285 D CompassActivity: will set rotation from 182.4144 to 182.41254
08-04 11:20:20.960  9285  9285 D CompassActivity: will set rotation from 182.41254 to 182.42558
08-04 11:20:20.961  9285  9285 D CompassActivity: will set rotation from 182.42558 to 182.42279
08-04 11:20:20.980  9285  9285 D CompassActivity: will set rotation from 182.42279 to 182.43463
08-04 11:20:20.981  9285  9285 D CompassActivity: will set rotation from 182.43463 to 182.43495
08-04 11:20:21.005  9285  9285 D CompassActivity: will set rotation from 182.43495 to 182.44714
08-04 11:20:21.006  9285  9285 D CompassActivity: will set rotation from 182.44714 to 182.44753
08-04 11:20:21.024  9285  9285 D CompassActivity: will set rotation from 182.44753 to 182.45929
08-04 11:20:21.026  9285  9285 D CompassActivity: will set rotation from 182.45929 to 182.45883
08-04 11:20:21.041  9285  9285 D CompassActivity: will set rotation from 182.45883 to 182.45155
08-04 11:20:21.041  9285  9285 D CompassActivity: will set rotation from 182.45155 to 182.44998
08-04 11:20:21.060  9285  9285 D CompassActivity: will set rotation from 182.44998 to 182.44504
08-04 11:20:21.060  9285  9285 D CompassActivity: will set rotation from 182.44504 to 182.4458
08-04 11:20:21.080  9285  9285 D CompassActivity: will set rotation from 182.4458 to 182.44029
08-04 11:20:21.080  9285  9285 D CompassActivity: will set rotation from 182.44029 to 182.44084
08-04 11:20:21.103  9285  9285 D CompassActivity: will set rotation from 182.44084 to 182.4651
08-04 11:20:21.104  9285  9285 D CompassActivity: will set rotation from 182.4651 to 182.46507
08-04 11:20:21.121  9285  9285 D CompassActivity: will set rotation from 182.46507 to 182.42625
08-04 11:20:21.122  9285  9285 D CompassActivity: will set rotation from 182.42625 to 182.42586
08-04 11:20:21.139  9285  9285 D CompassActivity: will set rotation from 182.42586 to 182.3889
08-04 11:20:21.139  9285  9285 D CompassActivity: will set rotation from 182.3889 to 182.38867
08-04 11:20:21.158   918  3188 I hubconnection: sensorhub said: 'set_bias 3: -6.7200, 0.0000, 0.0000'
08-04 11:20:21.159  9285  9285 D CompassActivity: will set rotation from 182.38867 to 182.33597
08-04 11:20:21.159  9285  9285 D CompassActivity: will set rotation from 182.33597 to 182.33545
08-04 11:20:21.179  9285  9285 D CompassActivity: will set rotation from 182.33545 to 182.23572
08-04 11:20:21.180  9285  9285 D CompassActivity: will set rotation from 182.23572 to 182.23582
08-04 11:20:21.200  9285  9285 D CompassActivity: will set rotation from 182.23582 to 182.15561
08-04 11:20:21.201  9285  9285 D CompassActivity: will set rotation from 182.15561 to 182.15605
08-04 11:20:21.221  9285  9285 D CompassActivity: will set rotation from 182.15605 to 182.06024
08-04 11:20:21.221  9285  9285 D CompassActivity: will set rotation from 182.06024 to 182.06122
08-04 11:20:21.232  9285  9297 I art     : Starting a blocking GC Explicit
08-04 11:20:21.239  9285  9285 D CompassActivity: will set rotation from 182.06122 to 181.95361
08-04 11:20:21.239  9285  9285 D CompassActivity: will set rotation from 181.95361 to 181.95525
08-04 11:20:21.258  9285  9285 D CompassActivity: will set rotation from 181.95525 to 181.88406
08-04 11:20:21.259  9285  9285 D CompassActivity: will set rotation from 181.88406 to 181.88277
08-04 11:20:21.277  9285  9297 I art     : Explicit concurrent mark sweep GC freed 1983(117KB) AllocSpace objects, 2(48KB) LOS objects, 6% free, 236MB/252MB, paused 932us total 45.013ms
08-04 11:20:21.281  9285  9285 D CompassActivity: will set rotation from 181.88277 to 181.7995
08-04 11:20:21.281  9285  9285 D CompassActivity: will set rotation from 181.7995 to 181.79831
08-04 11:20:21.293  9285  9297 I art     : Starting a blocking GC Explicit
08-04 11:20:21.299  9285  9285 D CompassActivity: will set rotation from 181.79831 to 181.70178
08-04 11:20:21.301  9285  9285 D CompassActivity: will set rotation from 181.70178 to 181.70224
08-04 11:20:21.320  9285  9285 D CompassActivity: will set rotation from 181.70224 to 181.64001
08-04 11:20:21.322  9285  9285 D CompassActivity: will set rotation from 181.64001 to 181.64012
08-04 11:20:21.340  9285  9285 D CompassActivity: will set rotation from 181.64012 to 181.54907
08-04 11:20:21.341  9285  9285 D CompassActivity: will set rotation from 181.54907 to 181.5499
08-04 11:20:21.345  9285  9297 I art     : Explicit concurrent mark sweep GC freed 677(27KB) AllocSpace objects, 0(0B) LOS objects, 6% free, 236MB/252MB, paused 1.042ms total 51.598ms
08-04 11:20:21.359  9285  9285 D CompassActivity: will set rotation from 181.5499 to 181.46036
08-04 11:20:21.360  9285  9285 D CompassActivity: will set rotation from 181.46036 to 181.46059
08-04 11:20:21.362  9285  9297 I art     : Starting a blocking GC Explicit
08-04 11:20:21.380  9285  9285 D CompassActivity: will set rotation from 181.46059 to 181.40703
08-04 11:20:21.380  9285  9285 D CompassActivity: will set rotation from 181.40703 to 181.40666
08-04 11:20:21.399  9285  9285 D CompassActivity: will set rotation from 181.40666 to 181.35475
08-04 11:20:21.399  9285  9285 D CompassActivity: will set rotation from 181.35475 to 181.35413
08-04 11:20:21.414  9285  9297 I art     : Explicit concurrent mark sweep GC freed 161(7KB) AllocSpace objects, 0(0B) LOS objects, 6% free, 236MB/252MB, paused 1.224ms total 51.523ms
08-04 11:20:21.421  9285  9285 D CompassActivity: will set rotation from 181.35413 to 181.30394
08-04 11:20:21.422  9285  9285 D CompassActivity: will set rotation from 181.30394 to 181.30298
08-04 11:20:21.431  9285  9297 I art     : Starting a blocking GC Explicit
08-04 11:20:21.443  9285  9285 D CompassActivity: will set rotation from 181.30298 to 181.23682
08-04 11:20:21.444  9285  9285 D CompassActivity: will set rotation from 181.23682 to 181.2356
08-04 11:20:21.461  9285  9285 D CompassActivity: will set rotation from 181.2356 to 181.1711
08-04 11:20:21.462  9285  9285 D CompassActivity: will set rotation from 181.1711 to 181.16916
08-04 11:20:21.462 11985 11985 D AndroidRuntime: >>>>>> START com.android.internal.os.RuntimeInit uid 2000 <<<<<<
08-04 11:20:21.468 11985 11985 D AndroidRuntime: CheckJNI is OFF
08-04 11:20:21.478  9285  9297 I art     : Explicit concurrent mark sweep GC freed 132(6KB) AllocSpace objects, 0(0B) LOS objects, 6% free, 236MB/252MB, paused 1.098ms total 46.380ms
08-04 11:20:21.480  9285  9285 D CompassActivity: will set rotation from 181.16916 to 181.12354
08-04 11:20:21.481  9285  9285 D CompassActivity: will set rotation from 181.12354 to 181.12302
08-04 11:20:21.493  9285  9297 I art     : Starting a blocking GC Explicit
08-04 11:20:21.500  9285  9285 D CompassActivity: will set rotation from 181.12302 to 181.077
08-04 11:20:21.501  9285  9285 D CompassActivity: will set rotation from 181.077 to 181.07733
08-04 11:20:21.504 11985 11985 D ICU     : No timezone override file found: /data/misc/zoneinfo/current/icu/icu_tzdata.dat
08-04 11:20:21.520  9285  9285 D CompassActivity: will set rotation from 181.07733 to 181.01714
08-04 11:20:21.521  9285  9285 D CompassActivity: will set rotation from 181.01714 to 181.01933
08-04 11:20:21.539  9285  9297 I art     : Explicit concurrent mark sweep GC freed 132(6KB) AllocSpace objects, 0(0B) LOS objects, 6% free, 236MB/252MB, paused 1.264ms total 45.963ms
08-04 11:20:21.539 11985 11985 I Radio-JNI: register_android_hardware_Radio DONE
08-04 11:20:21.541  9285  9285 D CompassActivity: will set rotation from 181.01933 to 180.96191
08-04 11:20:21.542  9285  9285 D CompassActivity: will set rotation from 180.96191 to 180.96326
08-04 11:20:21.560  9285  9285 D CompassActivity: will set rotation from 180.96326 to 180.95198
08-04 11:20:21.561  9285  9285 D CompassActivity: will set rotation from 180.95198 to 180.95326
08-04 11:20:21.562 11985 11985 D AndroidRuntime: Calling main entry com.android.commands.input.Input
08-04 11:20:21.564 11985 11985 I Input   : injectKeyEvent: KeyEvent { action=ACTION_DOWN, keyCode=KEYCODE_BACK, scanCode=0, metaState=0, flags=0x0, repeatCount=0, eventTime=703237977, downTime=703237977, deviceId=-1, source=0x101 }
08-04 11:20:21.573 11985 11985 I Input   : injectKeyEvent: KeyEvent { action=ACTION_UP, keyCode=KEYCODE_BACK, scanCode=0, metaState=0, flags=0x0, repeatCount=0, eventTime=703237977, downTime=703237977, deviceId=-1, source=0x101 }
08-04 11:20:21.581  9285  9285 D CompassActivity: will set rotation from 180.95326 to 180.91441
08-04 11:20:21.581 11985 11985 D AndroidRuntime: Shutting down VM
08-04 11:20:21.581  9285  9285 D CompassActivity: will set rotation from 180.91441 to 180.91412
08-04 11:20:21.585   918  3961 I sensors : activate
08-04 11:20:21.586   918  3670 I sensors : activate
08-04 11:20:21.590   918  3188 I hubconnection: sensorhub said: 'activate 1 enable:0'
08-04 11:20:21.591   918  3188 I hubconnection: sensorhub said: 'activate 3 enable:0'
08-04 11:20:21.618  9285  9285 V MainActivity: url = https://project-travel-mate.herokuapp.com/api/number-of-unread-notifications
08-04 11:20:21.635   918  3261 D WifiStateMachine: starting scan for "H369AA63323"WPA_PSK with 2412,5180
08-04 11:20:21.729 13866 13866 I GoogleInputMethodServic: GoogleInputMethodService.onFinishInput():3138 
08-04 11:20:21.730 13866 13866 I GoogleInputMethodServic: GoogleInputMethodService.onStartInput():1808 
08-04 11:20:21.869  9285  9305 I art     : Starting a blocking GC Explicit
08-04 11:20:21.918  9285  9305 I art     : Explicit concurrent mark sweep GC freed 2270(122KB) AllocSpace objects, 2(48KB) LOS objects, 6% free, 236MB/252MB, paused 1.171ms total 49.024ms
08-04 11:20:21.935  9285  9305 I art     : Starting a blocking GC Explicit
08-04 11:20:21.980  9285  9305 I art     : Explicit concurrent mark sweep GC freed 197(7KB) AllocSpace objects, 0(0B) LOS objects, 6% free, 236MB/252MB, paused 977us total 44.438ms
08-04 11:20:21.995  9285  9305 I art     : Starting a blocking GC Explicit
08-04 11:20:22.018  9285  9285 D CompassActivity: stop compass
08-04 11:20:22.018   380   380 W SurfaceFlinger: couldn't log to binary event log: overflow.
08-04 11:20:22.040  9285  9305 I art     : Explicit concurrent mark sweep GC freed 13(576B) AllocSpace objects, 0(0B) LOS objects, 6% free, 236MB/252MB, paused 1.141ms total 45.641ms
08-04 11:20:22.055  9285  9305 I art     : Starting a blocking GC Explicit
08-04 11:20:22.100  9285  9305 I art     : Explicit concurrent mark sweep GC freed 12(448B) AllocSpace objects, 0(0B) LOS objects, 6% free, 236MB/252MB, paused 1.116ms total 44.087ms
08-04 11:20:22.115  9285  9305 I art     : Starting a blocking GC Explicit
08-04 11:20:22.160 13866 13882 I PeriodicStatsRunner: PeriodicStatsRunner.call():175 call()
08-04 11:20:22.160 13866 13882 I PeriodicStatsRunner: PeriodicStatsRunner.call():179 No submit PeriodicStats since input started.
08-04 11:20:22.177  9285  9305 I art     : Explicit concurrent mark sweep GC freed 1266(81KB) AllocSpace objects, 3(52MB) LOS objects, 7% free, 184MB/200MB, paused 1.133ms total 62.624ms
08-04 11:20:22.510  9285 12008 I NAPPA_EXPERIMENTATION: MetricNetworkRequestExecutionTime: REQUEST_DURATION_SYSTEM='891',REQUEST_DURATION_OKHTTP='30',REQUEST_SYNCHRONOUS='FALSE',RESPONSE_CODE='200',RESPONSE_METHOD='GET',RESPONSE_LENGTH_OKHTTP='36',RESPONSE_LENGTH_HEADER='36',REQUEST_PROTOCOL='http/1.1',REQUEST_URL='https://project-travel-mate.herokuapp.com/api/number-of-unread-notifications',
08-04 11:20:22.557  9285  9297 I art     : Starting a blocking GC Explicit
08-04 11:20:22.623  9285  9297 I art     : Explicit concurrent mark sweep GC freed 4325(237KB) AllocSpace objects, 5(248KB) LOS objects, 7% free, 184MB/200MB, paused 1.164ms total 65.329ms
08-04 11:20:22.638  9285  9297 I art     : Starting a blocking GC Explicit
08-04 11:20:22.687  9285  9297 I art     : Explicit concurrent mark sweep GC freed 1055(121KB) AllocSpace objects, 0(0B) LOS objects, 7% free, 184MB/200MB, paused 1.153ms total 49.495ms
08-04 11:20:22.703  9285  9297 I art     : Starting a blocking GC Explicit
08-04 11:20:22.752  9285  9297 I art     : Explicit concurrent mark sweep GC freed 3(96B) AllocSpace objects, 0(0B) LOS objects, 7% free, 184MB/200MB, paused 1.075ms total 49.325ms
08-04 11:20:22.767  9285  9297 I art     : Starting a blocking GC Explicit
08-04 11:20:22.816  9285  9297 I art     : Explicit concurrent mark sweep GC freed 3(96B) AllocSpace objects, 0(0B) LOS objects, 7% free, 184MB/200MB, paused 1.001ms total 48.003ms
08-04 11:20:22.831  9285  9297 I art     : Starting a blocking GC Explicit
08-04 11:20:22.874  9285  9297 I art     : Explicit concurrent mark sweep GC freed 40(1088B) AllocSpace objects, 0(0B) LOS objects, 7% free, 184MB/200MB, paused 1.004ms total 42.899ms
08-04 11:20:23.219 12031 12031 D AndroidRuntime: >>>>>> START com.android.internal.os.RuntimeInit uid 2000 <<<<<<
08-04 11:20:23.220  9285  9296 I art     : Starting a blocking GC Explicit
08-04 11:20:23.226 12031 12031 D AndroidRuntime: CheckJNI is OFF
08-04 11:20:23.259 12031 12031 D ICU     : No timezone override file found: /data/misc/zoneinfo/current/icu/icu_tzdata.dat
08-04 11:20:23.285  9285  9296 I art     : Explicit concurrent mark sweep GC freed 1588(92KB) AllocSpace objects, 2(48KB) LOS objects, 7% free, 184MB/200MB, paused 1.118ms total 64.759ms
08-04 11:20:23.295 12031 12031 I Radio-JNI: register_android_hardware_Radio DONE
08-04 11:20:23.300  9285  9296 I art     : Starting a blocking GC Explicit
08-04 11:20:23.317 12031 12031 D AndroidRuntime: Calling main entry com.android.commands.input.Input
08-04 11:20:23.318 12031 12031 I Input   : injectMotionEvent: MotionEvent { action=ACTION_DOWN, actionButton=0, id[0]=0, x[0]=500.0, y[0]=2000.0, toolType[0]=TOOL_TYPE_UNKNOWN, buttonState=0, metaState=0, flags=0x0, edgeFlags=0x0, pointerCount=1, historySize=0, eventTime=703239731, downTime=703239731, deviceId=0, source=0x1002 }
08-04 11:20:23.325 12031 12031 I Input   : injectMotionEvent: MotionEvent { action=ACTION_MOVE, actionButton=0, id[0]=0, x[0]=500.0, y[0]=2000.0, toolType[0]=TOOL_TYPE_UNKNOWN, buttonState=0, metaState=0, flags=0x0, edgeFlags=0x0, pointerCount=1, historySize=0, eventTime=703239731, downTime=703239731, deviceId=0, source=0x1002 }
08-04 11:20:23.337 12031 12031 I Input   : injectMotionEvent: MotionEvent { action=ACTION_MOVE, actionButton=0, id[0]=0, x[0]=500.0, y[0]=1962.0, toolType[0]=TOOL_TYPE_UNKNOWN, buttonState=0, metaState=0, flags=0x0, edgeFlags=0x0, pointerCount=1, historySize=0, eventTime=703239751, downTime=703239751, deviceId=0, source=0x1002 }
08-04 11:20:23.342  9285  9296 I art     : Explicit concurrent mark sweep GC freed 31(1120B) AllocSpace objects, 0(0B) LOS objects, 7% free, 184MB/200MB, paused 1.048ms total 41.753ms
08-04 11:20:23.353 12031 12031 I Input   : injectMotionEvent: MotionEvent { action=ACTION_MOVE, actionButton=0, id[0]=0, x[0]=500.0, y[0]=1931.6, toolType[0]=TOOL_TYPE_UNKNOWN, buttonState=0, metaState=0, flags=0x0, edgeFlags=0x0, pointerCount=1, historySize=0, eventTime=703239767, downTime=703239767, deviceId=0, source=0x1002 }
08-04 11:20:23.357  9285  9296 I art     : Starting a blocking GC Explicit
08-04 11:20:23.374 12031 12031 I Input   : injectMotionEvent: MotionEvent { action=ACTION_MOVE, actionButton=0, id[0]=0, x[0]=500.0, y[0]=1893.6, toolType[0]=TOOL_TYPE_UNKNOWN, buttonState=0, metaState=0, flags=0x0, edgeFlags=0x0, pointerCount=1, historySize=0, eventTime=703239787, downTime=703239787, deviceId=0, source=0x1002 }
08-04 11:20:23.387 12031 12031 I Input   : injectMotionEvent: MotionEvent { action=ACTION_MOVE, actionButton=0, id[0]=0, x[0]=500.0, y[0]=1868.9, toolType[0]=TOOL_TYPE_UNKNOWN, buttonState=0, metaState=0, flags=0x0, edgeFlags=0x0, pointerCount=1, historySize=0, eventTime=703239800, downTime=703239800, deviceId=0, source=0x1002 }
08-04 11:20:23.397  9285  9296 I art     : Explicit concurrent mark sweep GC freed 69(2336B) AllocSpace objects, 0(0B) LOS objects, 7% free, 184MB/200MB, paused 986us total 40.495ms
08-04 11:20:23.403 12031 12031 I Input   : injectMotionEvent: MotionEvent { action=ACTION_MOVE, actionButton=0, id[0]=0, x[0]=500.0, y[0]=1836.6, toolType[0]=TOOL_TYPE_UNKNOWN, buttonState=0, metaState=0, flags=0x0, edgeFlags=0x0, pointerCount=1, historySize=0, eventTime=703239817, downTime=703239817, deviceId=0, source=0x1002 }
08-04 11:20:23.411  9285  9296 I art     : Starting a blocking GC Explicit
08-04 11:20:23.420 12031 12031 I Input   : injectMotionEvent: MotionEvent { action=ACTION_MOVE, actionButton=0, id[0]=0, x[0]=500.0, y[0]=1804.3, toolType[0]=TOOL_TYPE_UNKNOWN, buttonState=0, metaState=0, flags=0x0, edgeFlags=0x0, pointerCount=1, historySize=0, eventTime=703239834, downTime=703239834, deviceId=0, source=0x1002 }
08-04 11:20:23.437 12031 12031 I Input   : injectMotionEvent: MotionEvent { action=ACTION_MOVE, actionButton=0, id[0]=0, x[0]=500.0, y[0]=1773.9, toolType[0]=TOOL_TYPE_UNKNOWN, buttonState=0, metaState=0, flags=0x0, edgeFlags=0x0, pointerCount=1, historySize=0, eventTime=703239850, downTime=703239850, deviceId=0, source=0x1002 }
08-04 11:20:23.454 12031 12031 I Input   : injectMotionEvent: MotionEvent { action=ACTION_MOVE, actionButton=0, id[0]=0, x[0]=500.0, y[0]=1741.6, toolType[0]=TOOL_TYPE_UNKNOWN, buttonState=0, metaState=0, flags=0x0, edgeFlags=0x0, pointerCount=1, historySize=0, eventTime=703239867, downTime=703239867, deviceId=0, source=0x1002 }
08-04 11:20:23.455  9285  9296 I art     : Explicit concurrent mark sweep GC freed 19(736B) AllocSpace objects, 0(0B) LOS objects, 7% free, 184MB/200MB, paused 1.222ms total 43.603ms
08-04 11:20:23.471 12031 12031 I Input   : injectMotionEvent: MotionEvent { action=ACTION_MOVE, actionButton=0, id[0]=0, x[0]=500.0, y[0]=1709.3, toolType[0]=TOOL_TYPE_UNKNOWN, buttonState=0, metaState=0, flags=0x0, edgeFlags=0x0, pointerCount=1, historySize=0, eventTime=703239884, downTime=703239884, deviceId=0, source=0x1002 }
08-04 11:20:23.471  9285  9296 I art     : Starting a blocking GC Explicit
08-04 11:20:23.487 12031 12031 I Input   : injectMotionEvent: MotionEvent { action=ACTION_MOVE, actionButton=0, id[0]=0, x[0]=500.0, y[0]=1677.0, toolType[0]=TOOL_TYPE_UNKNOWN, buttonState=0, metaState=0, flags=0x0, edgeFlags=0x0, pointerCount=1, historySize=0, eventTime=703239901, downTime=703239901, deviceId=0, source=0x1002 }
08-04 11:20:23.504 12031 12031 I Input   : injectMotionEvent: MotionEvent { action=ACTION_MOVE, actionButton=0, id[0]=0, x[0]=500.0, y[0]=1646.6, toolType[0]=TOOL_TYPE_UNKNOWN, buttonState=0, metaState=0, flags=0x0, edgeFlags=0x0, pointerCount=1, historySize=0, eventTime=703239917, downTime=703239917, deviceId=0, source=0x1002 }
08-04 11:20:23.520  9285  9296 I art     : Explicit concurrent mark sweep GC freed 33(1488B) AllocSpace objects, 0(0B) LOS objects, 7% free, 184MB/200MB, paused 1.241ms total 49.093ms
08-04 11:20:23.521 12031 12031 I Input   : injectMotionEvent: MotionEvent { action=ACTION_MOVE, actionButton=0, id[0]=0, x[0]=500.0, y[0]=1614.3, toolType[0]=TOOL_TYPE_UNKNOWN, buttonState=0, metaState=0, flags=0x0, edgeFlags=0x0, pointerCount=1, historySize=0, eventTime=703239934, downTime=703239934, deviceId=0, source=0x1002 }
08-04 11:20:23.538 12031 12031 I Input   : injectMotionEvent: MotionEvent { action=ACTION_MOVE, actionButton=0, id[0]=0, x[0]=500.0, y[0]=1582.0, toolType[0]=TOOL_TYPE_UNKNOWN, buttonState=0, metaState=0, flags=0x0, edgeFlags=0x0, pointerCount=1, historySize=0, eventTime=703239951, downTime=703239951, deviceId=0, source=0x1002 }
08-04 11:20:23.554 12031 12031 I Input   : injectMotionEvent: MotionEvent { action=ACTION_MOVE, actionButton=0, id[0]=0, x[0]=500.0, y[0]=1551.6, toolType[0]=TOOL_TYPE_UNKNOWN, buttonState=0, metaState=0, flags=0x0, edgeFlags=0x0, pointerCount=1, historySize=0, eventTime=703239967, downTime=703239967, deviceId=0, source=0x1002 }
08-04 11:20:23.571 12031 12031 I Input   : injectMotionEvent: MotionEvent { action=ACTION_MOVE, actionButton=0, id[0]=0, x[0]=500.0, y[0]=1519.3, toolType[0]=TOOL_TYPE_UNKNOWN, buttonState=0, metaState=0, flags=0x0, edgeFlags=0x0, pointerCount=1, historySize=0, eventTime=703239984, downTime=703239984, deviceId=0, source=0x1002 }
08-04 11:20:23.587 12031 12031 I Input   : injectMotionEvent: MotionEvent { action=ACTION_MOVE, actionButton=0, id[0]=0, x[0]=500.0, y[0]=1488.9, toolType[0]=TOOL_TYPE_UNKNOWN, buttonState=0, metaState=0, flags=0x0, edgeFlags=0x0, pointerCount=1, historySize=0, eventTime=703240000, downTime=703240000, deviceId=0, source=0x1002 }
08-04 11:20:23.604 12031 12031 I Input   : injectMotionEvent: MotionEvent { action=ACTION_MOVE, actionButton=0, id[0]=0, x[0]=500.0, y[0]=1454.7, toolType[0]=TOOL_TYPE_UNKNOWN, buttonState=0, metaState=0, flags=0x0, edgeFlags=0x0, pointerCount=1, historySize=0, eventTime=703240018, downTime=703240018, deviceId=0, source=0x1002 }
08-04 11:20:23.622 12031 12031 I Input   : injectMotionEvent: MotionEvent { action=ACTION_MOVE, actionButton=0, id[0]=0, x[0]=500.0, y[0]=1422.4, toolType[0]=TOOL_TYPE_UNKNOWN, buttonState=0, metaState=0, flags=0x0, edgeFlags=0x0, pointerCount=1, historySize=0, eventTime=703240035, downTime=703240035, deviceId=0, source=0x1002 }
08-04 11:20:23.638 12031 12031 I Input   : injectMotionEvent: MotionEvent { action=ACTION_MOVE, actionButton=0, id[0]=0, x[0]=500.0, y[0]=1392.0, toolType[0]=TOOL_TYPE_UNKNOWN, buttonState=0, metaState=0, flags=0x0, edgeFlags=0x0, pointerCount=1, historySize=0, eventTime=703240051, downTime=703240051, deviceId=0, source=0x1002 }
08-04 11:20:23.654 12031 12031 I Input   : injectMotionEvent: MotionEvent { action=ACTION_MOVE, actionButton=0, id[0]=0, x[0]=500.0, y[0]=1361.6001, toolType[0]=TOOL_TYPE_UNKNOWN, buttonState=0, metaState=0, flags=0x0, edgeFlags=0x0, pointerCount=1, historySize=0, eventTime=703240067, downTime=703240067, deviceId=0, source=0x1002 }
08-04 11:20:23.671 12031 12031 I Input   : injectMotionEvent: MotionEvent { action=ACTION_MOVE, actionButton=0, id[0]=0, x[0]=500.0, y[0]=1329.3, toolType[0]=TOOL_TYPE_UNKNOWN, buttonState=0, metaState=0, flags=0x0, edgeFlags=0x0, pointerCount=1, historySize=0, eventTime=703240084, downTime=703240084, deviceId=0, source=0x1002 }
08-04 11:20:23.688 12031 12031 I Input   : injectMotionEvent: MotionEvent { action=ACTION_MOVE, actionButton=0, id[0]=0, x[0]=500.0, y[0]=1297.0, toolType[0]=TOOL_TYPE_UNKNOWN, buttonState=0, metaState=0, flags=0x0, edgeFlags=0x0, pointerCount=1, historySize=0, eventTime=703240101, downTime=703240101, deviceId=0, source=0x1002 }
08-04 11:20:23.704 12031 12031 I Input   : injectMotionEvent: MotionEvent { action=ACTION_MOVE, actionButton=0, id[0]=0, x[0]=500.0, y[0]=1266.6, toolType[0]=TOOL_TYPE_UNKNOWN, buttonState=0, metaState=0, flags=0x0, edgeFlags=0x0, pointerCount=1, historySize=0, eventTime=703240117, downTime=703240117, deviceId=0, source=0x1002 }
08-04 11:20:23.723 12031 12031 I Input   : injectMotionEvent: MotionEvent { action=ACTION_MOVE, actionButton=0, id[0]=0, x[0]=500.0, y[0]=1230.5, toolType[0]=TOOL_TYPE_UNKNOWN, buttonState=0, metaState=0, flags=0x0, edgeFlags=0x0, pointerCount=1, historySize=0, eventTime=703240136, downTime=703240136, deviceId=0, source=0x1002 }
08-04 11:20:23.741 12031 12031 I Input   : injectMotionEvent: MotionEvent { action=ACTION_MOVE, actionButton=0, id[0]=0, x[0]=500.0, y[0]=1196.3, toolType[0]=TOOL_TYPE_UNKNOWN, buttonState=0, metaState=0, flags=0x0, edgeFlags=0x0, pointerCount=1, historySize=0, eventTime=703240154, downTime=703240154, deviceId=0, source=0x1002 }
08-04 11:20:23.799 12031 12031 I Input   : injectMotionEvent: MotionEvent { action=ACTION_MOVE, actionButton=0, id[0]=0, x[0]=500.0, y[0]=1086.1, toolType[0]=TOOL_TYPE_UNKNOWN, buttonState=0, metaState=0, flags=0x0, edgeFlags=0x0, pointerCount=1, historySize=0, eventTime=703240212, downTime=703240212, deviceId=0, source=0x1002 }
08-04 11:20:23.846 12031 12031 I Input   : injectMotionEvent: MotionEvent { action=ACTION_MOVE, actionButton=0, id[0]=0, x[0]=500.0, y[0]=996.8, toolType[0]=TOOL_TYPE_UNKNOWN, buttonState=0, metaState=0, flags=0x0, edgeFlags=0x0, pointerCount=1, historySize=0, eventTime=703240259, downTime=703240259, deviceId=0, source=0x1002 }
08-04 11:20:23.894  9285  9305 I art     : Starting a blocking GC Explicit
08-04 11:20:23.895 12031 12031 I Input   : injectMotionEvent: MotionEvent { action=ACTION_MOVE, actionButton=0, id[0]=0, x[0]=500.0, y[0]=903.69995, toolType[0]=TOOL_TYPE_UNKNOWN, buttonState=0, metaState=0, flags=0x0, edgeFlags=0x0, pointerCount=1, historySize=0, eventTime=703240308, downTime=703240308, deviceId=0, source=0x1002 }
08-04 11:20:23.941  9285  9305 I art     : Explicit concurrent mark sweep GC freed 1640(93KB) AllocSpace objects, 2(48KB) LOS objects, 7% free, 184MB/200MB, paused 1.356ms total 46.086ms
08-04 11:20:23.942 12031 12031 I Input   : injectMotionEvent: MotionEvent { action=ACTION_MOVE, actionButton=0, id[0]=0, x[0]=500.0, y[0]=814.4, toolType[0]=TOOL_TYPE_UNKNOWN, buttonState=0, metaState=0, flags=0x0, edgeFlags=0x0, pointerCount=1, historySize=0, eventTime=703240355, downTime=703240355, deviceId=0, source=0x1002 }
08-04 11:20:23.955  9285  9305 I art     : Starting a blocking GC Explicit
08-04 11:20:23.990 12031 12031 I Input   : injectMotionEvent: MotionEvent { action=ACTION_MOVE, actionButton=0, id[0]=0, x[0]=500.0, y[0]=723.2001, toolType[0]=TOOL_TYPE_UNKNOWN, buttonState=0, metaState=0, flags=0x0, edgeFlags=0x0, pointerCount=1, historySize=0, eventTime=703240403, downTime=703240403, deviceId=0, source=0x1002 }
08-04 11:20:23.999  9285  9305 I art     : Explicit concurrent mark sweep GC freed 28(1024B) AllocSpace objects, 0(0B) LOS objects, 7% free, 184MB/200MB, paused 995us total 43.748ms
08-04 11:20:24.013  9285  9305 I art     : Starting a blocking GC Explicit
08-04 11:20:24.037 12031 12031 I Input   : injectMotionEvent: MotionEvent { action=ACTION_MOVE, actionButton=0, id[0]=0, x[0]=500.0, y[0]=633.9, toolType[0]=TOOL_TYPE_UNKNOWN, buttonState=0, metaState=0, flags=0x0, edgeFlags=0x0, pointerCount=1, historySize=0, eventTime=703240450, downTime=703240450, deviceId=0, source=0x1002 }
08-04 11:20:24.056  9285  9305 I art     : Explicit concurrent mark sweep GC freed 3(96B) AllocSpace objects, 0(0B) LOS objects, 7% free, 184MB/200MB, paused 994us total 42.944ms
08-04 11:20:24.071  9285  9305 I art     : Starting a blocking GC Explicit
08-04 11:20:24.086 12031 12031 I Input   : injectMotionEvent: MotionEvent { action=ACTION_MOVE, actionButton=0, id[0]=0, x[0]=500.0, y[0]=540.7999, toolType[0]=TOOL_TYPE_UNKNOWN, buttonState=0, metaState=0, flags=0x0, edgeFlags=0x0, pointerCount=1, historySize=0, eventTime=703240499, downTime=703240499, deviceId=0, source=0x1002 }
08-04 11:20:24.116  9285  9305 I art     : Explicit concurrent mark sweep GC freed 3(96B) AllocSpace objects, 0(0B) LOS objects, 7% free, 184MB/200MB, paused 1.291ms total 45.269ms
08-04 11:20:24.133 12031 12031 I Input   : injectMotionEvent: MotionEvent { action=ACTION_MOVE, actionButton=0, id[0]=0, x[0]=500.0, y[0]=449.59998, toolType[0]=TOOL_TYPE_UNKNOWN, buttonState=0, metaState=0, flags=0x0, edgeFlags=0x0, pointerCount=1, historySize=0, eventTime=703240547, downTime=703240547, deviceId=0, source=0x1002 }
08-04 11:20:24.136  9285  9305 I art     : Starting a blocking GC Explicit
08-04 11:20:24.179  9285  9305 I art     : Explicit concurrent mark sweep GC freed 8(256B) AllocSpace objects, 0(0B) LOS objects, 7% free, 184MB/200MB, paused 1.234ms total 43.132ms
08-04 11:20:24.179 12031 12031 I Input   : injectMotionEvent: MotionEvent { action=ACTION_MOVE, actionButton=0, id[0]=0, x[0]=500.0, y[0]=364.09998, toolType[0]=TOOL_TYPE_UNKNOWN, buttonState=0, metaState=0, flags=0x0, edgeFlags=0x0, pointerCount=1, historySize=0, eventTime=703240592, downTime=703240592, deviceId=0, source=0x1002 }
08-04 11:20:24.209 12031 12031 I Input   : injectMotionEvent: MotionEvent { action=ACTION_MOVE, actionButton=0, id[0]=0, x[0]=500.0, y[0]=307.1001, toolType[0]=TOOL_TYPE_UNKNOWN, buttonState=0, metaState=0, flags=0x0, edgeFlags=0x0, pointerCount=1, historySize=0, eventTime=703240622, downTime=703240622, deviceId=0, source=0x1002 }
08-04 11:20:24.219 13866 13882 I PeriodicStatsRunner: PeriodicStatsRunner.call():175 call()
08-04 11:20:24.220 13866 13882 I PeriodicStatsRunner: PeriodicStatsRunner.call():179 No submit PeriodicStats since input started.
08-04 11:20:24.239 12031 12031 I Input   : injectMotionEvent: MotionEvent { action=ACTION_MOVE, actionButton=0, id[0]=0, x[0]=500.0, y[0]=250.09998, toolType[0]=TOOL_TYPE_UNKNOWN, buttonState=0, metaState=0, flags=0x0, edgeFlags=0x0, pointerCount=1, historySize=0, eventTime=703240652, downTime=703240652, deviceId=0, source=0x1002 }
08-04 11:20:24.269 12031 12031 I Input   : injectMotionEvent: MotionEvent { action=ACTION_MOVE, actionButton=0, id[0]=0, x[0]=500.0, y[0]=193.1001, toolType[0]=TOOL_TYPE_UNKNOWN, buttonState=0, metaState=0, flags=0x0, edgeFlags=0x0, pointerCount=1, historySize=0, eventTime=703240682, downTime=703240682, deviceId=0, source=0x1002 }
08-04 11:20:24.298 12031 12031 I Input   : injectMotionEvent: MotionEvent { action=ACTION_MOVE, actionButton=0, id[0]=0, x[0]=500.0, y[0]=138.0, toolType[0]=TOOL_TYPE_UNKNOWN, buttonState=0, metaState=0, flags=0x0, edgeFlags=0x0, pointerCount=1, historySize=0, eventTime=703240711, downTime=703240711, deviceId=0, source=0x1002 }
08-04 11:20:24.329 12031 12031 I Input   : injectMotionEvent: MotionEvent { action=ACTION_UP, actionButton=0, id[0]=0, x[0]=500.0, y[0]=100.0, toolType[0]=TOOL_TYPE_UNKNOWN, buttonState=0, metaState=0, flags=0x0, edgeFlags=0x0, pointerCount=1, historySize=0, eventTime=703240742, downTime=703240742, deviceId=0, source=0x1002 }
08-04 11:20:24.358 12031 12031 D AndroidRuntime: Shutting down VM
08-04 11:20:24.516  9285  9296 I art     : Starting a blocking GC Explicit
08-04 11:20:24.573  9285  9296 I art     : Explicit concurrent mark sweep GC freed 1607(92KB) AllocSpace objects, 2(48KB) LOS objects, 7% free, 184MB/200MB, paused 1.101ms total 55.971ms
08-04 11:20:24.594  9285  9296 I art     : Starting a blocking GC Explicit
08-04 11:20:24.639  9285  9296 I art     : Explicit concurrent mark sweep GC freed 28(1024B) AllocSpace objects, 0(0B) LOS objects, 7% free, 184MB/200MB, paused 1.498ms total 44.308ms
08-04 11:20:24.653  9285  9296 I art     : Starting a blocking GC Explicit
08-04 11:20:24.699  9285  9296 I art     : Explicit concurrent mark sweep GC freed 3(96B) AllocSpace objects, 0(0B) LOS objects, 7% free, 184MB/200MB, paused 1.108ms total 45.375ms
08-04 11:20:24.713  9285  9296 I art     : Starting a blocking GC Explicit
08-04 11:20:24.760  9285  9296 I art     : Explicit concurrent mark sweep GC freed 4(128B) AllocSpace objects, 0(0B) LOS objects, 7% free, 184MB/200MB, paused 1.167ms total 46.172ms
08-04 11:20:24.774  9285  9296 I art     : Starting a blocking GC Explicit
08-04 11:20:24.816  9285  9296 I art     : Explicit concurrent mark sweep GC freed 8(256B) AllocSpace objects, 0(0B) LOS objects, 7% free, 184MB/200MB, paused 1.024ms total 42.064ms
08-04 11:20:25.011 12079 12079 D AndroidRuntime: >>>>>> START com.android.internal.os.RuntimeInit uid 2000 <<<<<<
08-04 11:20:25.016 12079 12079 D AndroidRuntime: CheckJNI is OFF
08-04 11:20:25.051 12079 12079 D ICU     : No timezone override file found: /data/misc/zoneinfo/current/icu/icu_tzdata.dat
08-04 11:20:25.080 12079 12079 I Radio-JNI: register_android_hardware_Radio DONE
08-04 11:20:25.100 12079 12079 D AndroidRuntime: Calling main entry com.android.commands.input.Input
08-04 11:20:25.102 12079 12079 I Input   : injectMotionEvent: MotionEvent { action=ACTION_DOWN, actionButton=0, id[0]=0, x[0]=500.0, y[0]=2000.0, toolType[0]=TOOL_TYPE_UNKNOWN, buttonState=0, metaState=0, flags=0x0, edgeFlags=0x0, pointerCount=1, historySize=0, eventTime=703241515, downTime=703241515, deviceId=0, source=0x1002 }
08-04 11:20:25.107 12079 12079 I Input   : injectMotionEvent: MotionEvent { action=ACTION_MOVE, actionButton=0, id[0]=0, x[0]=500.0, y[0]=2000.0, toolType[0]=TOOL_TYPE_UNKNOWN, buttonState=0, metaState=0, flags=0x0, edgeFlags=0x0, pointerCount=1, historySize=0, eventTime=703241515, downTime=703241515, deviceId=0, source=0x1002 }
08-04 11:20:25.123 12079 12079 I Input   : injectMotionEvent: MotionEvent { action=ACTION_MOVE, actionButton=0, id[0]=0, x[0]=500.0, y[0]=1960.1, toolType[0]=TOOL_TYPE_UNKNOWN, buttonState=0, metaState=0, flags=0x0, edgeFlags=0x0, pointerCount=1, historySize=0, eventTime=703241536, downTime=703241536, deviceId=0, source=0x1002 }
08-04 11:20:25.140 12079 12079 I Input   : injectMotionEvent: MotionEvent { action=ACTION_MOVE, actionButton=0, id[0]=0, x[0]=500.0, y[0]=1927.8, toolType[0]=TOOL_TYPE_UNKNOWN, buttonState=0, metaState=0, flags=0x0, edgeFlags=0x0, pointerCount=1, historySize=0, eventTime=703241553, downTime=703241553, deviceId=0, source=0x1002 }
08-04 11:20:25.157 12079 12079 I Input   : injectMotionEvent: MotionEvent { action=ACTION_MOVE, actionButton=0, id[0]=0, x[0]=500.0, y[0]=1895.5, toolType[0]=TOOL_TYPE_UNKNOWN, buttonState=0, metaState=0, flags=0x0, edgeFlags=0x0, pointerCount=1, historySize=0, eventTime=703241570, downTime=703241570, deviceId=0, source=0x1002 }
08-04 11:20:25.171  9285  9305 I art     : Starting a blocking GC Explicit
08-04 11:20:25.195 12079 12079 I Input   : injectMotionEvent: MotionEvent { action=ACTION_MOVE, actionButton=0, id[0]=0, x[0]=500.0, y[0]=1821.4, toolType[0]=TOOL_TYPE_UNKNOWN, buttonState=0, metaState=0, flags=0x0, edgeFlags=0x0, pointerCount=1, historySize=0, eventTime=703241609, downTime=703241609, deviceId=0, source=0x1002 }
08-04 11:20:25.221  9285  9305 I art     : Explicit concurrent mark sweep GC freed 1662(94KB) AllocSpace objects, 2(48KB) LOS objects, 7% free, 184MB/200MB, paused 1.294ms total 49.468ms
08-04 11:20:25.226 12079 12079 I Input   : injectMotionEvent: MotionEvent { action=ACTION_MOVE, actionButton=0, id[0]=0, x[0]=500.0, y[0]=1764.4, toolType[0]=TOOL_TYPE_UNKNOWN, buttonState=0, metaState=0, flags=0x0, edgeFlags=0x0, pointerCount=1, historySize=0, eventTime=703241639, downTime=703241639, deviceId=0, source=0x1002 }
08-04 11:20:25.235  9285  9305 I art     : Starting a blocking GC Explicit
08-04 11:20:25.260 12079 12079 I Input   : injectMotionEvent: MotionEvent { action=ACTION_MOVE, actionButton=0, id[0]=0, x[0]=500.0, y[0]=1699.8, toolType[0]=TOOL_TYPE_UNKNOWN, buttonState=0, metaState=0, flags=0x0, edgeFlags=0x0, pointerCount=1, historySize=0, eventTime=703241673, downTime=703241673, deviceId=0, source=0x1002 }
08-04 11:20:25.278  9285  9305 I art     : Explicit concurrent mark sweep GC freed 52(1776B) AllocSpace objects, 0(0B) LOS objects, 7% free, 184MB/200MB, paused 1.116ms total 42.681ms
08-04 11:20:25.293 12079 12079 I Input   : injectMotionEvent: MotionEvent { action=ACTION_MOVE, actionButton=0, id[0]=0, x[0]=500.0, y[0]=1637.1, toolType[0]=TOOL_TYPE_UNKNOWN, buttonState=0, metaState=0, flags=0x0, edgeFlags=0x0, pointerCount=1, historySize=0, eventTime=703241706, downTime=703241706, deviceId=0, source=0x1002 }
08-04 11:20:25.296  9285  9305 I art     : Starting a blocking GC Explicit
08-04 11:20:25.327 12079 12079 I Input   : injectMotionEvent: MotionEvent { action=ACTION_MOVE, actionButton=0, id[0]=0, x[0]=500.0, y[0]=1572.5, toolType[0]=TOOL_TYPE_UNKNOWN, buttonState=0, metaState=0, flags=0x0, edgeFlags=0x0, pointerCount=1, historySize=0, eventTime=703241740, downTime=703241740, deviceId=0, source=0x1002 }
08-04 11:20:25.340  9285  9305 I art     : Explicit concurrent mark sweep GC freed 13(416B) AllocSpace objects, 0(0B) LOS objects, 7% free, 184MB/200MB, paused 954us total 43.211ms
08-04 11:20:25.354  9285  9305 I art     : Starting a blocking GC Explicit
08-04 11:20:25.364 12079 12079 I Input   : injectMotionEvent: MotionEvent { action=ACTION_MOVE, actionButton=0, id[0]=0, x[0]=500.0, y[0]=1500.3, toolType[0]=TOOL_TYPE_UNKNOWN, buttonState=0, metaState=0, flags=0x0, edgeFlags=0x0, pointerCount=1, historySize=0, eventTime=703241778, downTime=703241778, deviceId=0, source=0x1002 }
08-04 11:20:25.393 12079 12079 I Input   : injectMotionEvent: MotionEvent { action=ACTION_MOVE, actionButton=0, id[0]=0, x[0]=500.0, y[0]=1447.1, toolType[0]=TOOL_TYPE_UNKNOWN, buttonState=0, metaState=0, flags=0x0, edgeFlags=0x0, pointerCount=1, historySize=0, eventTime=703241806, downTime=703241806, deviceId=0, source=0x1002 }
08-04 11:20:25.400  9285  9305 I art     : Explicit concurrent mark sweep GC freed 7(224B) AllocSpace objects, 0(0B) LOS objects, 7% free, 184MB/200MB, paused 998us total 45.530ms
08-04 11:20:25.414  9285  9305 I art     : Starting a blocking GC Explicit
08-04 11:20:25.423 12079 12079 I Input   : injectMotionEvent: MotionEvent { action=ACTION_MOVE, actionButton=0, id[0]=0, x[0]=500.0, y[0]=1388.2, toolType[0]=TOOL_TYPE_UNKNOWN, buttonState=0, metaState=0, flags=0x0, edgeFlags=0x0, pointerCount=1, historySize=0, eventTime=703241837, downTime=703241837, deviceId=0, source=0x1002 }
08-04 11:20:25.453 12079 12079 I Input   : injectMotionEvent: MotionEvent { action=ACTION_MOVE, actionButton=0, id[0]=0, x[0]=500.0, y[0]=1331.2, toolType[0]=TOOL_TYPE_UNKNOWN, buttonState=0, metaState=0, flags=0x0, edgeFlags=0x0, pointerCount=1, historySize=0, eventTime=703241867, downTime=703241867, deviceId=0, source=0x1002 }
08-04 11:20:25.459  9285  9305 I art     : Explicit concurrent mark sweep GC freed 7(224B) AllocSpace objects, 0(0B) LOS objects, 7% free, 184MB/200MB, paused 1.018ms total 44.664ms
08-04 11:20:25.484 12079 12079 I Input   : injectMotionEvent: MotionEvent { action=ACTION_MOVE, actionButton=0, id[0]=0, x[0]=500.0, y[0]=1274.2, toolType[0]=TOOL_TYPE_UNKNOWN, buttonState=0, metaState=0, flags=0x0, edgeFlags=0x0, pointerCount=1, historySize=0, eventTime=703241897, downTime=703241897, deviceId=0, source=0x1002 }
08-04 11:20:25.513 12079 12079 I Input   : injectMotionEvent: MotionEvent { action=ACTION_MOVE, actionButton=0, id[0]=0, x[0]=500.0, y[0]=1217.2, toolType[0]=TOOL_TYPE_UNKNOWN, buttonState=0, metaState=0, flags=0x0, edgeFlags=0x0, pointerCount=1, historySize=0, eventTime=703241927, downTime=703241927, deviceId=0, source=0x1002 }
08-04 11:20:25.543 12079 12079 I Input   : injectMotionEvent: MotionEvent { action=ACTION_MOVE, actionButton=0, id[0]=0, x[0]=500.0, y[0]=1162.1, toolType[0]=TOOL_TYPE_UNKNOWN, buttonState=0, metaState=0, flags=0x0, edgeFlags=0x0, pointerCount=1, historySize=0, eventTime=703241956, downTime=703241956, deviceId=0, source=0x1002 }
08-04 11:20:25.576 12079 12079 I Input   : injectMotionEvent: MotionEvent { action=ACTION_MOVE, actionButton=0, id[0]=0, x[0]=500.0, y[0]=1099.3999, toolType[0]=TOOL_TYPE_UNKNOWN, buttonState=0, metaState=0, flags=0x0, edgeFlags=0x0, pointerCount=1, historySize=0, eventTime=703241989, downTime=703241989, deviceId=0, source=0x1002 }
08-04 11:20:25.604 12079 12079 I Input   : injectMotionEvent: MotionEvent { action=ACTION_MOVE, actionButton=0, id[0]=0, x[0]=500.0, y[0]=1046.2001, toolType[0]=TOOL_TYPE_UNKNOWN, buttonState=0, metaState=0, flags=0x0, edgeFlags=0x0, pointerCount=1, historySize=0, eventTime=703242017, downTime=703242017, deviceId=0, source=0x1002 }
08-04 11:20:25.636 12079 12079 I Input   : injectMotionEvent: MotionEvent { action=ACTION_MOVE, actionButton=0, id[0]=0, x[0]=500.0, y[0]=985.4, toolType[0]=TOOL_TYPE_UNKNOWN, buttonState=0, metaState=0, flags=0x0, edgeFlags=0x0, pointerCount=1, historySize=0, eventTime=703242049, downTime=703242049, deviceId=0, source=0x1002 }
08-04 11:20:25.671 12079 12079 I Input   : injectMotionEvent: MotionEvent { action=ACTION_MOVE, actionButton=0, id[0]=0, x[0]=500.0, y[0]=918.9, toolType[0]=TOOL_TYPE_UNKNOWN, buttonState=0, metaState=0, flags=0x0, edgeFlags=0x0, pointerCount=1, historySize=0, eventTime=703242084, downTime=703242084, deviceId=0, source=0x1002 }
08-04 11:20:25.701 12079 12079 I Input   : injectMotionEvent: MotionEvent { action=ACTION_MOVE, actionButton=0, id[0]=0, x[0]=500.0, y[0]=860.0, toolType[0]=TOOL_TYPE_UNKNOWN, buttonState=0, metaState=0, flags=0x0, edgeFlags=0x0, pointerCount=1, historySize=0, eventTime=703242115, downTime=703242115, deviceId=0, source=0x1002 }
08-04 11:20:25.740 12079 12079 I Input   : injectMotionEvent: MotionEvent { action=ACTION_MOVE, actionButton=0, id[0]=0, x[0]=500.0, y[0]=787.7999, toolType[0]=TOOL_TYPE_UNKNOWN, buttonState=0, metaState=0, flags=0x0, edgeFlags=0x0, pointerCount=1, historySize=0, eventTime=703242153, downTime=703242153, deviceId=0, source=0x1002 }
08-04 11:20:25.769 12079 12079 I Input   : injectMotionEvent: MotionEvent { action=ACTION_MOVE, actionButton=0, id[0]=0, x[0]=500.0, y[0]=730.80005, toolType[0]=TOOL_TYPE_UNKNOWN, buttonState=0, metaState=0, flags=0x0, edgeFlags=0x0, pointerCount=1, historySize=0, eventTime=703242183, downTime=703242183, deviceId=0, source=0x1002 }
08-04 11:20:25.798 12079 12079 I Input   : injectMotionEvent: MotionEvent { action=ACTION_MOVE, actionButton=0, id[0]=0, x[0]=500.0, y[0]=677.6001, toolType[0]=TOOL_TYPE_UNKNOWN, buttonState=0, metaState=0, flags=0x0, edgeFlags=0x0, pointerCount=1, historySize=0, eventTime=703242211, downTime=703242211, deviceId=0, source=0x1002 }
08-04 11:20:25.824  9285  9305 I art     : Starting a blocking GC Explicit
08-04 11:20:25.827 12079 12079 I Input   : injectMotionEvent: MotionEvent { action=ACTION_MOVE, actionButton=0, id[0]=0, x[0]=500.0, y[0]=622.5, toolType[0]=TOOL_TYPE_UNKNOWN, buttonState=0, metaState=0, flags=0x0, edgeFlags=0x0, pointerCount=1, historySize=0, eventTime=703242240, downTime=703242240, deviceId=0, source=0x1002 }
08-04 11:20:25.857 12079 12079 I Input   : injectMotionEvent: MotionEvent { action=ACTION_MOVE, actionButton=0, id[0]=0, x[0]=500.0, y[0]=565.5, toolType[0]=TOOL_TYPE_UNKNOWN, buttonState=0, metaState=0, flags=0x0, edgeFlags=0x0, pointerCount=1, historySize=0, eventTime=703242270, downTime=703242270, deviceId=0, source=0x1002 }
08-04 11:20:25.867  9285  9305 I art     : Explicit concurrent mark sweep GC freed 1668(94KB) AllocSpace objects, 2(48KB) LOS objects, 7% free, 184MB/200MB, paused 1.019ms total 42.331ms
08-04 11:20:25.882  9285  9305 I art     : Starting a blocking GC Explicit
08-04 11:20:25.888 12079 12079 I Input   : injectMotionEvent: MotionEvent { action=ACTION_MOVE, actionButton=0, id[0]=0, x[0]=500.0, y[0]=506.59998, toolType[0]=TOOL_TYPE_UNKNOWN, buttonState=0, metaState=0, flags=0x0, edgeFlags=0x0, pointerCount=1, historySize=0, eventTime=703242301, downTime=703242301, deviceId=0, source=0x1002 }
08-04 11:20:25.918 12079 12079 I Input   : injectMotionEvent: MotionEvent { action=ACTION_MOVE, actionButton=0, id[0]=0, x[0]=500.0, y[0]=449.59998, toolType[0]=TOOL_TYPE_UNKNOWN, buttonState=0, metaState=0, flags=0x0, edgeFlags=0x0, pointerCount=1, historySize=0, eventTime=703242331, downTime=703242331, deviceId=0, source=0x1002 }
08-04 11:20:25.928  9285  9305 I art     : Explicit concurrent mark sweep GC freed 47(1856B) AllocSpace objects, 0(0B) LOS objects, 7% free, 184MB/200MB, paused 1.024ms total 45.593ms
08-04 11:20:25.943  9285  9305 I art     : Starting a blocking GC Explicit
08-04 11:20:25.948 12079 12079 I Input   : injectMotionEvent: MotionEvent { action=ACTION_MOVE, actionButton=0, id[0]=0, x[0]=500.0, y[0]=392.59998, toolType[0]=TOOL_TYPE_UNKNOWN, buttonState=0, metaState=0, flags=0x0, edgeFlags=0x0, pointerCount=1, historySize=0, eventTime=703242361, downTime=703242361, deviceId=0, source=0x1002 }
08-04 11:20:25.978 12079 12079 I Input   : injectMotionEvent: MotionEvent { action=ACTION_MOVE, actionButton=0, id[0]=0, x[0]=500.0, y[0]=335.59998, toolType[0]=TOOL_TYPE_UNKNOWN, buttonState=0, metaState=0, flags=0x0, edgeFlags=0x0, pointerCount=1, historySize=0, eventTime=703242391, downTime=703242391, deviceId=0, source=0x1002 }
08-04 11:20:25.989  9285  9305 I art     : Explicit concurrent mark sweep GC freed 11(352B) AllocSpace objects, 0(0B) LOS objects, 7% free, 184MB/200MB, paused 1.029ms total 45.302ms
08-04 11:20:26.004  9285  9305 I art     : Starting a blocking GC Explicit
08-04 11:20:26.010 12079 12079 I Input   : injectMotionEvent: MotionEvent { action=ACTION_MOVE, actionButton=0, id[0]=0, x[0]=500.0, y[0]=274.80005, toolType[0]=TOOL_TYPE_UNKNOWN, buttonState=0, metaState=0, flags=0x0, edgeFlags=0x0, pointerCount=1, historySize=0, eventTime=703242423, downTime=703242423, deviceId=0, source=0x1002 }
08-04 11:20:26.040 12079 12079 I Input   : injectMotionEvent: MotionEvent { action=ACTION_MOVE, actionButton=0, id[0]=0, x[0]=500.0, y[0]=215.90002, toolType[0]=TOOL_TYPE_UNKNOWN, buttonState=0, metaState=0, flags=0x0, edgeFlags=0x0, pointerCount=1, historySize=0, eventTime=703242454, downTime=703242454, deviceId=0, source=0x1002 }
08-04 11:20:26.050  9285  9305 I art     : Explicit concurrent mark sweep GC freed 9(288B) AllocSpace objects, 0(0B) LOS objects, 7% free, 184MB/200MB, paused 989us total 46.181ms
08-04 11:20:26.065  9285  9305 I art     : Starting a blocking GC Explicit
08-04 11:20:26.070 12079 12079 I Input   : injectMotionEvent: MotionEvent { action=ACTION_MOVE, actionButton=0, id[0]=0, x[0]=500.0, y[0]=160.80005, toolType[0]=TOOL_TYPE_UNKNOWN, buttonState=0, metaState=0, flags=0x0, edgeFlags=0x0, pointerCount=1, historySize=0, eventTime=703242483, downTime=703242483, deviceId=0, source=0x1002 }
08-04 11:20:26.100 12079 12079 I Input   : injectMotionEvent: MotionEvent { action=ACTION_MOVE, actionButton=0, id[0]=0, x[0]=500.0, y[0]=103.79993, toolType[0]=TOOL_TYPE_UNKNOWN, buttonState=0, metaState=0, flags=0x0, edgeFlags=0x0, pointerCount=1, historySize=0, eventTime=703242513, downTime=703242513, deviceId=0, source=0x1002 }
08-04 11:20:26.110  9285  9305 I art     : Explicit concurrent mark sweep GC freed 7(224B) AllocSpace objects, 0(0B) LOS objects, 7% free, 184MB/200MB, paused 986us total 44.932ms
08-04 11:20:26.130 12079 12079 I Input   : injectMotionEvent: MotionEvent { action=ACTION_UP, actionButton=0, id[0]=0, x[0]=500.0, y[0]=100.0, toolType[0]=TOOL_TYPE_UNKNOWN, buttonState=0, metaState=0, flags=0x0, edgeFlags=0x0, pointerCount=1, historySize=0, eventTime=703242544, downTime=703242544, deviceId=0, source=0x1002 }
08-04 11:20:26.159 12079 12079 D AndroidRuntime: Shutting down VM
08-04 11:20:26.423   518   646 I ThermalEngine: ACTION: GPU - Setting GPU[0] to 450000000
08-04 11:20:26.489  9285  9305 I art     : Starting a blocking GC Explicit
08-04 11:20:26.555  9285  9305 I art     : Explicit concurrent mark sweep GC freed 1604(93KB) AllocSpace objects, 2(48KB) LOS objects, 7% free, 184MB/200MB, paused 1.512ms total 65.170ms
08-04 11:20:26.577  9285  9305 I art     : Starting a blocking GC Explicit
08-04 11:20:26.635  9285  9305 I art     : Explicit concurrent mark sweep GC freed 40(1648B) AllocSpace objects, 0(0B) LOS objects, 7% free, 184MB/200MB, paused 1.351ms total 58.118ms
08-04 11:20:26.654  9285  9305 I art     : Starting a blocking GC Explicit
08-04 11:20:26.710  9285  9305 I art     : Explicit concurrent mark sweep GC freed 3(96B) AllocSpace objects, 0(0B) LOS objects, 7% free, 184MB/200MB, paused 1.425ms total 55.909ms
08-04 11:20:26.730  9285  9305 I art     : Starting a blocking GC Explicit
08-04 11:20:26.730 13866 13882 I PeriodicStatsRunner: PeriodicStatsRunner.call():175 call()
08-04 11:20:26.730 13866 13882 I PeriodicStatsRunner: PeriodicStatsRunner.call():179 No submit PeriodicStats since input started.
08-04 11:20:26.788  9285  9305 I art     : Explicit concurrent mark sweep GC freed 3(96B) AllocSpace objects, 0(0B) LOS objects, 7% free, 184MB/200MB, paused 1.393ms total 57.737ms
08-04 11:20:26.807  9285  9305 I art     : Starting a blocking GC Explicit
08-04 11:20:26.864  9285  9305 I art     : Explicit concurrent mark sweep GC freed 40(1088B) AllocSpace objects, 0(0B) LOS objects, 7% free, 184MB/200MB, paused 1.405ms total 56.644ms
08-04 11:20:26.944 12124 12124 D AndroidRuntime: >>>>>> START com.android.internal.os.RuntimeInit uid 2000 <<<<<<
08-04 11:20:26.950 12124 12124 D AndroidRuntime: CheckJNI is OFF
08-04 11:20:26.997 12124 12124 D ICU     : No timezone override file found: /data/misc/zoneinfo/current/icu/icu_tzdata.dat
08-04 11:20:27.042 12124 12124 I Radio-JNI: register_android_hardware_Radio DONE
08-04 11:20:27.071 12124 12124 D AndroidRuntime: Calling main entry com.android.commands.input.Input
08-04 11:20:27.073 12124 12124 I Input   : injectMotionEvent: MotionEvent { action=ACTION_DOWN, actionButton=0, id[0]=0, x[0]=657.0, y[0]=2080.0, toolType[0]=TOOL_TYPE_UNKNOWN, buttonState=0, metaState=0, flags=0x0, edgeFlags=0x0, pointerCount=1, historySize=0, eventTime=703243486, downTime=703243486, deviceId=0, source=0x1002 }
08-04 11:20:27.078 12124 12124 I Input   : injectMotionEvent: MotionEvent { action=ACTION_UP, actionButton=0, id[0]=0, x[0]=657.0, y[0]=2080.0, toolType[0]=TOOL_TYPE_UNKNOWN, buttonState=0, metaState=0, flags=0x0, edgeFlags=0x0, pointerCount=1, historySize=0, eventTime=703243486, downTime=703243486, deviceId=0, source=0x1002 }
08-04 11:20:27.079 12124 12124 D AndroidRuntime: Shutting down VM
08-04 11:20:27.080   918  5481 I ActivityManager: START u0 {cmp=baseline.io.github.project_travel_mate/.utilities.UpcomingWeekendsActivity} from uid 10650 on display 0
08-04 11:20:27.081   512  2967 D audio_hw_primary: out_set_parameters: enter: usecase(1: low-latency-playback) kvpairs: routing=2
08-04 11:20:27.094   512  2967 D audio_hw_primary: select_devices: out_snd_device(2: speaker) in_snd_device(0: none)
08-04 11:20:27.094   512  2967 D msm8974_platform: platform_send_audio_calibration: sending audio calibration for snd_device(2) acdb_id(15)
08-04 11:20:27.094   512  2967 I soundtrigger: audio_extn_sound_trigger_update_device_status: device 0x2 of type 0 for Event 1
08-04 11:20:27.112   512  2967 D audio_hw_primary: enable_snd_device: snd_device(2: speaker)
08-04 11:20:27.114   512  2967 D audio_hw_primary: enable_audio_route: apply and update mixer path: low-latency-playback speaker
08-04 11:20:27.121  9285  9366 D Gabe    : call	returning from cache
08-04 11:20:27.123  9285  9285 V EXECUTING: https://project-travel-mate.herokuapp.com/api/get-upcoming-holidays/2020
08-04 11:20:27.126  9285  9285 V EXECUTING: https://project-travel-mate.herokuapp.com/api/get-upcoming-holidays/2020
08-04 11:20:27.204 13866 13866 I GoogleInputMethodServic: GoogleInputMethodService.onFinishInput():3138 
08-04 11:20:27.204 13866 13866 I GoogleInputMethodServic: GoogleInputMethodService.onStartInput():1808 
08-04 11:20:27.261  9285  9305 I art     : Starting a blocking GC Explicit
08-04 11:20:27.302   918   936 I ActivityManager: Displayed baseline.io.github.project_travel_mate/.utilities.UpcomingWeekendsActivity: +213ms
08-04 11:20:27.315  9285  9305 I art     : Explicit concurrent mark sweep GC freed 3332(190KB) AllocSpace objects, 2(48KB) LOS objects, 7% free, 189MB/205MB, paused 1.619ms total 53.062ms
08-04 11:20:27.334  9285  9305 I art     : Starting a blocking GC Explicit
08-04 11:20:27.391  9285  9305 I art     : Explicit concurrent mark sweep GC freed 332(12KB) AllocSpace objects, 0(0B) LOS objects, 7% free, 189MB/205MB, paused 1.651ms total 56.699ms
08-04 11:20:27.410  9285  9305 I art     : Starting a blocking GC Explicit
08-04 11:20:27.465  9285  9305 I art     : Explicit concurrent mark sweep GC freed 84(1552B) AllocSpace objects, 0(0B) LOS objects, 7% free, 189MB/205MB, paused 1.312ms total 54.492ms
08-04 11:20:27.483  9285  9305 I art     : Starting a blocking GC Explicit
08-04 11:20:27.536  9285  9305 I art     : Explicit concurrent mark sweep GC freed 99(1696B) AllocSpace objects, 0(0B) LOS objects, 7% free, 189MB/205MB, paused 1.287ms total 52.658ms
08-04 11:20:27.558  9285  9305 I art     : Starting a blocking GC Explicit
08-04 11:20:27.559   380   380 W SurfaceFlinger: couldn't log to binary event log: overflow.
08-04 11:20:27.612  9285  9305 I art     : Explicit concurrent mark sweep GC freed 123(2096B) AllocSpace objects, 0(0B) LOS objects, 7% free, 189MB/205MB, paused 1.371ms total 54.090ms
08-04 11:20:27.649   512  2967 D audio_hw_primary: disable_audio_route: reset and update mixer path: low-latency-playback speaker
08-04 11:20:27.650   512  2967 D audio_hw_primary: disable_snd_device: snd_device(2: speaker)
08-04 11:20:27.658   512  2967 I soundtrigger: audio_extn_sound_trigger_update_device_status: device 0x2 of type 0 for Event 0
08-04 11:20:27.952  9285 12147 I NAPPA_EXPERIMENTATION: MetricNetworkRequestExecutionTime: REQUEST_DURATION_SYSTEM='828',REQUEST_DURATION_OKHTTP='44',REQUEST_SYNCHRONOUS='FALSE',RESPONSE_CODE='200',RESPONSE_METHOD='GET',RESPONSE_LENGTH_OKHTTP='6426',RESPONSE_LENGTH_HEADER='6426',REQUEST_PROTOCOL='http/1.1',REQUEST_URL='https://project-travel-mate.herokuapp.com/api/get-upcoming-holidays/2020',
08-04 11:20:27.961  9285 12148 I NAPPA_EXPERIMENTATION: MetricNetworkRequestExecutionTime: REQUEST_DURATION_SYSTEM='834',REQUEST_DURATION_OKHTTP='44',REQUEST_SYNCHRONOUS='FALSE',RESPONSE_CODE='200',RESPONSE_METHOD='GET',RESPONSE_LENGTH_OKHTTP='6426',RESPONSE_LENGTH_HEADER='6426',REQUEST_PROTOCOL='http/1.1',REQUEST_URL='https://project-travel-mate.herokuapp.com/api/get-upcoming-holidays/2020',
08-04 11:20:28.014  9285  9305 I art     : Starting a blocking GC Explicit
08-04 11:20:28.045  9285  9285 V Response: [{"month":"January","date":1,"day":"Wednesday","name":"New Year's Day","type":"Restricted"},{"month":"January","date":2,"day":"Thursday","name":"Guru Govind Singh Jayanti","type":"Restricted"},{"month":"January","date":14,"day":"Tuesday","name":"Lohri","type":"Restricted"},{"month":"January","date":15,"day":"Wednesday","name":"Pongal","type":"Restricted"},{"month":"January","date":15,"day":"Wednesday","name":"Makar Sankranti","type":"Restricted"},{"month":"January","date":25,"day":"Saturday","name":"Chinese New Year","type":"Observance"},{"month":"January","date":26,"day":"Sunday","name":"Republic Day","type":"Gazetted"},{"month":"January","date":30,"day":"Thursday","name":"Vasant Panchami","type":"Restricted"},{"month":"February","date":9,"day":"Sunday","name":"Guru Ravidas Jayanti","type":"Restricted"},{"month":"February","date":14,"day":"Friday","name":"Valentine's Day","type":"Observance"},{"month":"February","date":18,"day":"Tuesday","name":"Maharishi Dayanand Saraswati Jayanti","type":"Restricted"},{"month":"February","date":19,"day":"Wednesday","name":"Shivaji Jayanti","type":"Restricted"},{"month":"February","date":21,"day":"Friday","name":"Maha Shivaratri/Shivaratri","type":"Gazetted"},{"month":"March","date":9,"day":"Monday","name":"Holika Dahana","type":"Restricted"},{"month":"March","date":9,"day":"Monday","name":"Hazarat Ali's Birthday","type":"Restricted"},{"month":"March","date":10,"day":"Tuesday","name":"Holi","type":"Gazetted"},{"month":"March","date":20,"day":"Friday","name":"March Equinox","type":"Season"},{"month":"March","date":25,"day":"Wednesday","name":"Chaitra Sukhladi","type":"Restricted"},{"month":"April","date":2,"day":"Thursday","name":"Rama Navami","type":"Gazetted"},{"month":"April","date":6,"day":"Monday","name":"Mahavir Jayanti","type":"Gazetted"},{"month":"April","date":9,"day":"Thursday","name":"First day of Passover","type":"Observance"},{"month":"April","date":9,"day":"Thursday","name":"Maundy Thursday","type":"Observance,"},{"month":"April","date":10,"day":"Friday","name":"Good Friday","type":"Gazetted"},{"month":"April","date":12,"day":"Sunday","name":"Easter Day","type":"Restricted"},{"month":"April","date":13,"day":"Monday","name":"Vaisakhi","type":"Restricted"},{"month":"April","date":14,"day":"Tuesday","name":"Mesadi/Vaisakhadi","type":"Restricted"},{"month":"April","date":14,"day":"Tuesday","name":"Ambedkar Jayanti","type":"Central"},{"month":"May","date":1,"day":"Friday","name":"May Day","type":"Observance"},{"month":"May","date":7,"day":"Thursday","name":"Buddha Purnima/Vesak","type":"Gazetted"},{"month":"May","date":7,"day":"Thursday","name":"Birthday of Ravindranath","type":"Restricted"},{"month":"May","date":10,"day":"Sunday","name":"Mother's Day","type":"Observance"},{"month":"May","date":22,"day":"Friday","name":"Jamat Ul-Vida","type":"Restricted"},{"month":"May","date":25,"day":"Monday","name":"Ramzan Id/Eid-ul-Fitar","type":"Gazetted"},{"month":"May","date":25,"day":"Monday","name":"Ramzan Id/Eid-ul-Fitar","type":"Muslim,"},{"month":"June","date":21,"day":"Sunday","name":"June Solstice","type":"Season"},{"month":"June","date":21,"day":"Sunday","name":"Father's Day","type":"Observance"},{"month":"June","date":23,"day":"Tuesday","name":"Rath Yatra","type":"Restricted"},{"month":"July","date":5,"day":"Sunday","name":"Guru Purnima","type":"Observance"},{"month":"July","date":31,"day":"Friday","name":"Bakr Id/Eid ul-Adha","type":"Gazetted"},{"month":"August","date":2,"day":"Sunday","name":"Friendship Day","type":"Observance"},{"month":"August","date":3,"day":"Monday","name":"Raksha Bandhan (Rakhi)","type":"Restricted"},{"month":"August","date":11,"day":"Tuesday","name":"Janmashtami (Smarta)","type":"Restricted"},{"month":"August","date":12,"day":"Wednesday","name":"Janmashtami","type":"Gazetted"},{"month":"August","date":15,"day":"Saturday","name":"Independence Day","type":"Gazetted"},{"month":"August","date":16,"day":"Sunday","name":"Parsi New Year","type":"Restricted"},{"month":"August","date":22,"day":"Saturday","name":"Ganesh Chaturthi/Vin
08-04 11:20:28.049  9285  9285 V Response: [{"month":"January","date":1,"day":"Wednesday","name":"New Year's Day","type":"Restricted"},{"month":"January","date":2,"day":"Thursday","name":"Guru Govind Singh Jayanti","type":"Restricted"},{"month":"January","date":14,"day":"Tuesday","name":"Lohri","type":"Restricted"},{"month":"January","date":15,"day":"Wednesday","name":"Pongal","type":"Restricted"},{"month":"January","date":15,"day":"Wednesday","name":"Makar Sankranti","type":"Restricted"},{"month":"January","date":25,"day":"Saturday","name":"Chinese New Year","type":"Observance"},{"month":"January","date":26,"day":"Sunday","name":"Republic Day","type":"Gazetted"},{"month":"January","date":30,"day":"Thursday","name":"Vasant Panchami","type":"Restricted"},{"month":"February","date":9,"day":"Sunday","name":"Guru Ravidas Jayanti","type":"Restricted"},{"month":"February","date":14,"day":"Friday","name":"Valentine's Day","type":"Observance"},{"month":"February","date":18,"day":"Tuesday","name":"Maharishi Dayanand Saraswati Jayanti","type":"Restricted"},{"month":"February","date":19,"day":"Wednesday","name":"Shivaji Jayanti","type":"Restricted"},{"month":"February","date":21,"day":"Friday","name":"Maha Shivaratri/Shivaratri","type":"Gazetted"},{"month":"March","date":9,"day":"Monday","name":"Holika Dahana","type":"Restricted"},{"month":"March","date":9,"day":"Monday","name":"Hazarat Ali's Birthday","type":"Restricted"},{"month":"March","date":10,"day":"Tuesday","name":"Holi","type":"Gazetted"},{"month":"March","date":20,"day":"Friday","name":"March Equinox","type":"Season"},{"month":"March","date":25,"day":"Wednesday","name":"Chaitra Sukhladi","type":"Restricted"},{"month":"April","date":2,"day":"Thursday","name":"Rama Navami","type":"Gazetted"},{"month":"April","date":6,"day":"Monday","name":"Mahavir Jayanti","type":"Gazetted"},{"month":"April","date":9,"day":"Thursday","name":"First day of Passover","type":"Observance"},{"month":"April","date":9,"day":"Thursday","name":"Maundy Thursday","type":"Observance,"},{"month":"April","date":10,"day":"Friday","name":"Good Friday","type":"Gazetted"},{"month":"April","date":12,"day":"Sunday","name":"Easter Day","type":"Restricted"},{"month":"April","date":13,"day":"Monday","name":"Vaisakhi","type":"Restricted"},{"month":"April","date":14,"day":"Tuesday","name":"Mesadi/Vaisakhadi","type":"Restricted"},{"month":"April","date":14,"day":"Tuesday","name":"Ambedkar Jayanti","type":"Central"},{"month":"May","date":1,"day":"Friday","name":"May Day","type":"Observance"},{"month":"May","date":7,"day":"Thursday","name":"Buddha Purnima/Vesak","type":"Gazetted"},{"month":"May","date":7,"day":"Thursday","name":"Birthday of Ravindranath","type":"Restricted"},{"month":"May","date":10,"day":"Sunday","name":"Mother's Day","type":"Observance"},{"month":"May","date":22,"day":"Friday","name":"Jamat Ul-Vida","type":"Restricted"},{"month":"May","date":25,"day":"Monday","name":"Ramzan Id/Eid-ul-Fitar","type":"Gazetted"},{"month":"May","date":25,"day":"Monday","name":"Ramzan Id/Eid-ul-Fitar","type":"Muslim,"},{"month":"June","date":21,"day":"Sunday","name":"June Solstice","type":"Season"},{"month":"June","date":21,"day":"Sunday","name":"Father's Day","type":"Observance"},{"month":"June","date":23,"day":"Tuesday","name":"Rath Yatra","type":"Restricted"},{"month":"July","date":5,"day":"Sunday","name":"Guru Purnima","type":"Observance"},{"month":"July","date":31,"day":"Friday","name":"Bakr Id/Eid ul-Adha","type":"Gazetted"},{"month":"August","date":2,"day":"Sunday","name":"Friendship Day","type":"Observance"},{"month":"August","date":3,"day":"Monday","name":"Raksha Bandhan (Rakhi)","type":"Restricted"},{"month":"August","date":11,"day":"Tuesday","name":"Janmashtami (Smarta)","type":"Restricted"},{"month":"August","date":12,"day":"Wednesday","name":"Janmashtami","type":"Gazetted"},{"month":"August","date":15,"day":"Saturday","name":"Independence Day","type":"Gazetted"},{"month":"August","date":16,"day":"Sunday","name":"Parsi New Year","type":"Restricted"},{"month":"August","date":22,"day":"Saturday","name":"Ganesh Chaturthi/Vin
08-04 11:20:28.070  9285  9305 I art     : Explicit concurrent mark sweep GC freed 13593(607KB) AllocSpace objects, 11(496KB) LOS objects, 7% free, 189MB/205MB, paused 1.976ms total 55.753ms
08-04 11:20:28.088  9285  9305 I art     : Starting a blocking GC Explicit
08-04 11:20:28.145  9285  9305 I art     : Explicit concurrent mark sweep GC freed 5206(353KB) AllocSpace objects, 0(0B) LOS objects, 7% free, 189MB/205MB, paused 1.380ms total 56.445ms
08-04 11:20:28.164  9285  9305 I art     : Starting a blocking GC Explicit
08-04 11:20:28.226  9285  9305 I art     : Explicit concurrent mark sweep GC freed 368(11KB) AllocSpace objects, 1(4MB) LOS objects, 7% free, 185MB/201MB, paused 1.363ms total 61.877ms
08-04 11:20:28.246  9285  9305 I art     : Starting a blocking GC Explicit
08-04 11:20:28.308  9285  9305 I art     : Explicit concurrent mark sweep GC freed 125(2192B) AllocSpace objects, 0(0B) LOS objects, 7% free, 185MB/201MB, paused 1.514ms total 61.917ms
08-04 11:20:28.328  9285  9305 I art     : Starting a blocking GC Explicit
08-04 11:20:28.391  9285  9305 I art     : Explicit concurrent mark sweep GC freed 123(2096B) AllocSpace objects, 0(0B) LOS objects, 7% free, 185MB/201MB, paused 1.295ms total 61.924ms
08-04 11:20:28.803  9285  9297 I art     : Starting a blocking GC Explicit
08-04 11:20:28.871  9285  9297 I art     : Explicit concurrent mark sweep GC freed 2333(105KB) AllocSpace objects, 2(48KB) LOS objects, 7% free, 185MB/201MB, paused 1.429ms total 67.414ms
08-04 11:20:28.891  9285  9297 I art     : Starting a blocking GC Explicit
08-04 11:20:28.959  9285  9297 I art     : Explicit concurrent mark sweep GC freed 171(4KB) AllocSpace objects, 0(0B) LOS objects, 7% free, 185MB/201MB, paused 1.603ms total 67.824ms
08-04 11:20:28.981  9285  9297 I art     : Starting a blocking GC Explicit
08-04 11:20:29.049  9285  9297 I art     : Explicit concurrent mark sweep GC freed 139(2352B) AllocSpace objects, 0(0B) LOS objects, 7% free, 185MB/201MB, paused 1.736ms total 67.415ms
08-04 11:20:29.069  9285  9297 I art     : Starting a blocking GC Explicit
08-04 11:20:29.137  9285  9297 I art     : Explicit concurrent mark sweep GC freed 131(2240B) AllocSpace objects, 0(0B) LOS objects, 7% free, 185MB/201MB, paused 1.531ms total 67.797ms
08-04 11:20:29.158  9285  9297 I art     : Starting a blocking GC Explicit
08-04 11:20:29.223  9285  9297 I art     : Explicit concurrent mark sweep GC freed 123(2096B) AllocSpace objects, 0(0B) LOS objects, 7% free, 185MB/201MB, paused 1.471ms total 65.185ms
08-04 11:20:29.427   518   646 I ThermalEngine: ACTION: GPU - Setting GPU[0] to 510000000
08-04 11:20:29.638  9285  9563 I art     : Starting a blocking GC Explicit
08-04 11:20:29.690  9285  9563 I art     : Explicit concurrent mark sweep GC freed 2270(103KB) AllocSpace objects, 2(48KB) LOS objects, 7% free, 185MB/201MB, paused 1.052ms total 51.783ms
08-04 11:20:29.706  9285  9563 I art     : Starting a blocking GC Explicit
08-04 11:20:29.756  9285  9563 I art     : Explicit concurrent mark sweep GC freed 134(3KB) AllocSpace objects, 0(0B) LOS objects, 7% free, 185MB/201MB, paused 1.063ms total 49.352ms
08-04 11:20:29.771  9285  9563 I art     : Starting a blocking GC Explicit
08-04 11:20:29.822  9285  9563 I art     : Explicit concurrent mark sweep GC freed 99(1696B) AllocSpace objects, 0(0B) LOS objects, 7% free, 185MB/201MB, paused 1.083ms total 50.215ms
08-04 11:20:29.837  9285  9563 I art     : Starting a blocking GC Explicit
08-04 11:20:29.887  9285  9563 I art     : Explicit concurrent mark sweep GC freed 136(2688B) AllocSpace objects, 0(0B) LOS objects, 7% free, 185MB/201MB, paused 1.060ms total 49.021ms
08-04 11:20:29.902  9285  9563 I art     : Starting a blocking GC Explicit
08-04 11:20:29.953  9285  9563 I art     : Explicit concurrent mark sweep GC freed 99(1696B) AllocSpace objects, 0(0B) LOS objects, 7% free, 185MB/201MB, paused 1.012ms total 50.351ms
08-04 11:20:30.353  9285  9296 I art     : Starting a blocking GC Explicit
08-04 11:20:30.407  9285  9296 I art     : Explicit concurrent mark sweep GC freed 2235(102KB) AllocSpace objects, 2(48KB) LOS objects, 7% free, 185MB/201MB, paused 1.063ms total 53.360ms
08-04 11:20:30.424  9285  9296 I art     : Starting a blocking GC Explicit
08-04 11:20:30.474  9285  9296 I art     : Explicit concurrent mark sweep GC freed 124(2624B) AllocSpace objects, 0(0B) LOS objects, 7% free, 185MB/201MB, paused 1.072ms total 49.787ms
08-04 11:20:30.490  9285  9296 I art     : Starting a blocking GC Explicit
08-04 11:20:30.541  9285  9296 I art     : Explicit concurrent mark sweep GC freed 99(1696B) AllocSpace objects, 0(0B) LOS objects, 7% free, 185MB/201MB, paused 1.075ms total 50.991ms
08-04 11:20:30.556  9285  9296 I art     : Starting a blocking GC Explicit
08-04 11:20:30.607  9285  9296 I art     : Explicit concurrent mark sweep GC freed 99(1696B) AllocSpace objects, 0(0B) LOS objects, 7% free, 185MB/201MB, paused 1.144ms total 50.584ms
08-04 11:20:30.623  9285  9296 I art     : Starting a blocking GC Explicit
08-04 11:20:30.675  9285  9296 I art     : Explicit concurrent mark sweep GC freed 99(1696B) AllocSpace objects, 0(0B) LOS objects, 7% free, 185MB/201MB, paused 1.081ms total 52.076ms
08-04 11:20:31.084  9285  9305 I art     : Starting a blocking GC Explicit
08-04 11:20:31.136  9285  9305 I art     : Explicit concurrent mark sweep GC freed 2294(104KB) AllocSpace objects, 2(48KB) LOS objects, 7% free, 185MB/201MB, paused 1.110ms total 51.486ms
08-04 11:20:31.151  9285  9305 I art     : Starting a blocking GC Explicit
08-04 11:20:31.202  9285  9305 I art     : Explicit concurrent mark sweep GC freed 109(2384B) AllocSpace objects, 0(0B) LOS objects, 7% free, 185MB/201MB, paused 1.165ms total 50.899ms
08-04 11:20:31.218  9285  9305 I art     : Starting a blocking GC Explicit
08-04 11:20:31.268  9285  9305 I art     : Explicit concurrent mark sweep GC freed 103(1760B) AllocSpace objects, 0(0B) LOS objects, 7% free, 185MB/201MB, paused 1.151ms total 49.641ms
08-04 11:20:31.283  9285  9305 I art     : Starting a blocking GC Explicit
08-04 11:20:31.333  9285  9305 I art     : Explicit concurrent mark sweep GC freed 91(1568B) AllocSpace objects, 0(0B) LOS objects, 7% free, 185MB/201MB, paused 1.124ms total 49.127ms
08-04 11:20:31.348  9285  9305 I art     : Starting a blocking GC Explicit
08-04 11:20:31.396  9285  9305 I art     : Explicit concurrent mark sweep GC freed 95(1632B) AllocSpace objects, 0(0B) LOS objects, 7% free, 185MB/201MB, paused 1.140ms total 47.690ms
08-04 11:20:31.749 12201 12201 D AndroidRuntime: >>>>>> START com.android.internal.os.RuntimeInit uid 2000 <<<<<<
08-04 11:20:31.754 12201 12201 D AndroidRuntime: CheckJNI is OFF
08-04 11:20:31.787  9285  9297 I art     : Starting a blocking GC Explicit
08-04 11:20:31.791 12201 12201 D ICU     : No timezone override file found: /data/misc/zoneinfo/current/icu/icu_tzdata.dat
08-04 11:20:31.825 12201 12201 I Radio-JNI: register_android_hardware_Radio DONE
08-04 11:20:31.837  9285  9297 I art     : Explicit concurrent mark sweep GC freed 2281(104KB) AllocSpace objects, 2(48KB) LOS objects, 7% free, 185MB/201MB, paused 1.156ms total 48.927ms
08-04 11:20:31.848 12201 12201 D AndroidRuntime: Calling main entry com.android.commands.input.Input
08-04 11:20:31.849 12201 12201 I Input   : injectKeyEvent: KeyEvent { action=ACTION_DOWN, keyCode=KEYCODE_BACK, scanCode=0, metaState=0, flags=0x0, repeatCount=0, eventTime=703248263, downTime=703248263, deviceId=-1, source=0x101 }
08-04 11:20:31.851  9285  9297 I art     : Starting a blocking GC Explicit
08-04 11:20:31.855 12201 12201 I Input   : injectKeyEvent: KeyEvent { action=ACTION_UP, keyCode=KEYCODE_BACK, scanCode=0, metaState=0, flags=0x0, repeatCount=0, eventTime=703248263, downTime=703248263, deviceId=-1, source=0x101 }
08-04 11:20:31.860 12201 12201 D AndroidRuntime: Shutting down VM
08-04 11:20:31.870  9285  9285 V MainActivity: url = https://project-travel-mate.herokuapp.com/api/number-of-unread-notifications
08-04 11:20:31.896  9285  9297 I art     : Explicit concurrent mark sweep GC freed 419(15KB) AllocSpace objects, 0(0B) LOS objects, 7% free, 185MB/201MB, paused 1.072ms total 44.440ms
08-04 11:20:31.899 13866 13866 I GoogleInputMethodServic: GoogleInputMethodService.onFinishInput():3138 
08-04 11:20:31.900 13866 13866 I GoogleInputMethodServic: GoogleInputMethodService.onStartInput():1808 
08-04 11:20:31.912  9285  9297 I art     : Starting a blocking GC Explicit
08-04 11:20:31.958  9285  9297 I art     : Explicit concurrent mark sweep GC freed 150(4KB) AllocSpace objects, 0(0B) LOS objects, 7% free, 185MB/201MB, paused 1.105ms total 45.579ms
08-04 11:20:31.976  9285  9297 I art     : Starting a blocking GC Explicit
08-04 11:20:32.019  9285  9297 I art     : Explicit concurrent mark sweep GC freed 205(8KB) AllocSpace objects, 0(0B) LOS objects, 7% free, 185MB/201MB, paused 1.057ms total 41.908ms
08-04 11:20:32.033  9285  9297 I art     : Starting a blocking GC Explicit
08-04 11:20:32.075  9285  9297 I art     : Explicit concurrent mark sweep GC freed 85(1776B) AllocSpace objects, 0(0B) LOS objects, 7% free, 185MB/201MB, paused 1.059ms total 42.317ms
08-04 11:20:32.204 13866 13882 I PeriodicStatsRunner: PeriodicStatsRunner.call():175 call()
08-04 11:20:32.204 13866 13882 I PeriodicStatsRunner: PeriodicStatsRunner.call():179 No submit PeriodicStats since input started.
08-04 11:20:32.231   380   380 W SurfaceFlinger: couldn't log to binary event log: overflow.
08-04 11:20:32.408  9285  9563 I art     : Starting a blocking GC Explicit
08-04 11:20:32.463  9285  9563 I art     : Explicit concurrent mark sweep GC freed 1876(98KB) AllocSpace objects, 3(236KB) LOS objects, 7% free, 185MB/201MB, paused 1.244ms total 54.309ms
08-04 11:20:32.479  9285  9563 I art     : Starting a blocking GC Explicit
08-04 11:20:32.524  9285  9563 I art     : Explicit concurrent mark sweep GC freed 6658(361KB) AllocSpace objects, 13(264KB) LOS objects, 7% free, 184MB/200MB, paused 1.087ms total 45.105ms
08-04 11:20:32.539  9285  9563 I art     : Starting a blocking GC Explicit
08-04 11:20:32.587  9285  9563 I art     : Explicit concurrent mark sweep GC freed 17(720B) AllocSpace objects, 0(0B) LOS objects, 7% free, 184MB/200MB, paused 1.246ms total 47.593ms
08-04 11:20:32.602  9285  9563 I art     : Starting a blocking GC Explicit
08-04 11:20:32.651  9285  9563 I art     : Explicit concurrent mark sweep GC freed 3(96B) AllocSpace objects, 0(0B) LOS objects, 7% free, 184MB/200MB, paused 1.118ms total 49.002ms
08-04 11:20:32.666  9285  9563 I art     : Starting a blocking GC Explicit
08-04 11:20:32.717  9285  9563 I art     : Explicit concurrent mark sweep GC freed 1397(86KB) AllocSpace objects, 2(120KB) LOS objects, 7% free, 185MB/201MB, paused 1.593ms total 50.483ms
08-04 11:20:32.760  9285 12224 I NAPPA_EXPERIMENTATION: MetricNetworkRequestExecutionTime: REQUEST_DURATION_SYSTEM='889',REQUEST_DURATION_OKHTTP='32',REQUEST_SYNCHRONOUS='FALSE',RESPONSE_CODE='200',RESPONSE_METHOD='GET',RESPONSE_LENGTH_OKHTTP='36',RESPONSE_LENGTH_HEADER='36',REQUEST_PROTOCOL='http/1.1',REQUEST_URL='https://project-travel-mate.herokuapp.com/api/number-of-unread-notifications',
08-04 11:20:33.100  9285  9296 I art     : Starting a blocking GC Explicit
08-04 11:20:33.152  9285  9296 I art     : Explicit concurrent mark sweep GC freed 3942(270KB) AllocSpace objects, 3(128KB) LOS objects, 7% free, 184MB/200MB, paused 1.114ms total 51.533ms
08-04 11:20:33.166  9285  9296 I art     : Starting a blocking GC Explicit
08-04 11:20:33.213  9285  9296 I art     : Explicit concurrent mark sweep GC freed 58(2272B) AllocSpace objects, 0(0B) LOS objects, 7% free, 184MB/200MB, paused 1.319ms total 46.782ms
08-04 11:20:33.228  9285  9296 I art     : Starting a blocking GC Explicit
08-04 11:20:33.277  9285  9296 I art     : Explicit concurrent mark sweep GC freed 3(96B) AllocSpace objects, 0(0B) LOS objects, 7% free, 184MB/200MB, paused 1.098ms total 48.226ms
08-04 11:20:33.291  9285  9296 I art     : Starting a blocking GC Explicit
08-04 11:20:33.338  9285  9296 I art     : Explicit concurrent mark sweep GC freed 3(96B) AllocSpace objects, 0(0B) LOS objects, 7% free, 184MB/200MB, paused 1.131ms total 46.766ms
08-04 11:20:33.353  9285  9296 I art     : Starting a blocking GC Explicit
08-04 11:20:33.402  9285  9296 I art     : Explicit concurrent mark sweep GC freed 3(96B) AllocSpace objects, 0(0B) LOS objects, 7% free, 184MB/200MB, paused 1.141ms total 49.203ms
08-04 11:20:33.514 12246 12246 D AndroidRuntime: >>>>>> START com.android.internal.os.RuntimeInit uid 2000 <<<<<<
08-04 11:20:33.518 12246 12246 D AndroidRuntime: CheckJNI is OFF
08-04 11:20:33.550 12246 12246 D ICU     : No timezone override file found: /data/misc/zoneinfo/current/icu/icu_tzdata.dat
08-04 11:20:33.584 12246 12246 I Radio-JNI: register_android_hardware_Radio DONE
08-04 11:20:33.607 12246 12246 D AndroidRuntime: Calling main entry com.android.commands.input.Input
08-04 11:20:33.608 12246 12246 I Input   : injectMotionEvent: MotionEvent { action=ACTION_DOWN, actionButton=0, id[0]=0, x[0]=657.0, y[0]=2080.0, toolType[0]=TOOL_TYPE_UNKNOWN, buttonState=0, metaState=0, flags=0x0, edgeFlags=0x0, pointerCount=1, historySize=0, eventTime=703250021, downTime=703250021, deviceId=0, source=0x1002 }
08-04 11:20:33.618 12246 12246 I Input   : injectMotionEvent: MotionEvent { action=ACTION_UP, actionButton=0, id[0]=0, x[0]=657.0, y[0]=2080.0, toolType[0]=TOOL_TYPE_UNKNOWN, buttonState=0, metaState=0, flags=0x0, edgeFlags=0x0, pointerCount=1, historySize=0, eventTime=703250021, downTime=703250021, deviceId=0, source=0x1002 }
08-04 11:20:33.646 12246 12246 D AndroidRuntime: Shutting down VM
08-04 11:20:33.673   918  3359 I ActivityManager: START u0 {cmp=baseline.io.github.project_travel_mate/.utilities.UpcomingWeekendsActivity} from uid 10650 on display 0
08-04 11:20:33.675   512  2967 D audio_hw_primary: out_set_parameters: enter: usecase(1: low-latency-playback) kvpairs: routing=2
08-04 11:20:33.687   512  2967 D audio_hw_primary: select_devices: out_snd_device(2: speaker) in_snd_device(0: none)
08-04 11:20:33.688   512  2967 D msm8974_platform: platform_send_audio_calibration: sending audio calibration for snd_device(2) acdb_id(15)
08-04 11:20:33.688   512  2967 I soundtrigger: audio_extn_sound_trigger_update_device_status: device 0x2 of type 0 for Event 1
08-04 11:20:33.697   512  2967 D audio_hw_primary: enable_snd_device: snd_device(2: speaker)
08-04 11:20:33.699   512  2967 D audio_hw_primary: enable_audio_route: apply and update mixer path: low-latency-playback speaker
08-04 11:20:33.750  9285  9366 D Gabe    : call	returning from cache
08-04 11:20:33.751  9285  9296 I art     : Starting a blocking GC Explicit
08-04 11:20:33.753  9285  9285 V EXECUTING: https://project-travel-mate.herokuapp.com/api/get-upcoming-holidays/2020
08-04 11:20:33.755  9285  9285 V EXECUTING: https://project-travel-mate.herokuapp.com/api/get-upcoming-holidays/2020
08-04 11:20:33.794  9285  9296 I art     : Explicit concurrent mark sweep GC freed 2642(164KB) AllocSpace objects, 2(48KB) LOS objects, 7% free, 185MB/201MB, paused 1.191ms total 43.146ms
08-04 11:20:33.809  9285  9296 I art     : Starting a blocking GC Explicit
08-04 11:20:33.851  9285  9296 I art     : Explicit concurrent mark sweep GC freed 754(30KB) AllocSpace objects, 0(0B) LOS objects, 7% free, 185MB/201MB, paused 1.691ms total 42.332ms
08-04 11:20:33.868  9285  9296 I art     : Starting a blocking GC Explicit
08-04 11:20:33.913  9285  9296 I art     : Explicit concurrent mark sweep GC freed 122(5KB) AllocSpace objects, 0(0B) LOS objects, 7% free, 189MB/205MB, paused 1.518ms total 44.456ms
08-04 11:20:33.928  9285  9296 I art     : Starting a blocking GC Explicit
08-04 11:20:33.938 13866 13866 I GoogleInputMethodServic: GoogleInputMethodService.onFinishInput():3138 
08-04 11:20:33.938   918   936 I ActivityManager: Displayed baseline.io.github.project_travel_mate/.utilities.UpcomingWeekendsActivity: +230ms
08-04 11:20:33.938 13866 13866 I GoogleInputMethodServic: GoogleInputMethodService.onStartInput():1808 
08-04 11:20:33.975  9285  9296 I art     : Explicit concurrent mark sweep GC freed 116(2960B) AllocSpace objects, 0(0B) LOS objects, 7% free, 189MB/205MB, paused 1.414ms total 46.507ms
08-04 11:20:33.991  9285  9296 I art     : Starting a blocking GC Explicit
08-04 11:20:34.037  9285  9296 I art     : Explicit concurrent mark sweep GC freed 88(1696B) AllocSpace objects, 0(0B) LOS objects, 7% free, 189MB/205MB, paused 1.207ms total 45.879ms
08-04 11:20:34.168   380   380 W SurfaceFlinger: couldn't log to binary event log: overflow.
08-04 11:20:34.229   512  2967 D audio_hw_primary: disable_audio_route: reset and update mixer path: low-latency-playback speaker
08-04 11:20:34.230   512  2967 D audio_hw_primary: disable_snd_device: snd_device(2: speaker)
08-04 11:20:34.238   512  2967 I soundtrigger: audio_extn_sound_trigger_update_device_status: device 0x2 of type 0 for Event 0
08-04 11:20:34.291  9285 12270 I NAPPA_EXPERIMENTATION: MetricNetworkRequestExecutionTime: REQUEST_DURATION_SYSTEM='536',REQUEST_DURATION_OKHTTP='28',REQUEST_SYNCHRONOUS='FALSE',RESPONSE_CODE='200',RESPONSE_METHOD='GET',RESPONSE_LENGTH_OKHTTP='6426',RESPONSE_LENGTH_HEADER='6426',REQUEST_PROTOCOL='http/1.1',REQUEST_URL='https://project-travel-mate.herokuapp.com/api/get-upcoming-holidays/2020',
08-04 11:20:34.311  9285 12271 I NAPPA_EXPERIMENTATION: MetricNetworkRequestExecutionTime: REQUEST_DURATION_SYSTEM='555',REQUEST_DURATION_OKHTTP='32',REQUEST_SYNCHRONOUS='FALSE',RESPONSE_CODE='200',RESPONSE_METHOD='GET',RESPONSE_LENGTH_OKHTTP='6426',RESPONSE_LENGTH_HEADER='6426',REQUEST_PROTOCOL='http/1.1',REQUEST_URL='https://project-travel-mate.herokuapp.com/api/get-upcoming-holidays/2020',
08-04 11:20:34.377  9285  9285 V Response: [{"month":"January","date":1,"day":"Wednesday","name":"New Year's Day","type":"Restricted"},{"month":"January","date":2,"day":"Thursday","name":"Guru Govind Singh Jayanti","type":"Restricted"},{"month":"January","date":14,"day":"Tuesday","name":"Lohri","type":"Restricted"},{"month":"January","date":15,"day":"Wednesday","name":"Pongal","type":"Restricted"},{"month":"January","date":15,"day":"Wednesday","name":"Makar Sankranti","type":"Restricted"},{"month":"January","date":25,"day":"Saturday","name":"Chinese New Year","type":"Observance"},{"month":"January","date":26,"day":"Sunday","name":"Republic Day","type":"Gazetted"},{"month":"January","date":30,"day":"Thursday","name":"Vasant Panchami","type":"Restricted"},{"month":"February","date":9,"day":"Sunday","name":"Guru Ravidas Jayanti","type":"Restricted"},{"month":"February","date":14,"day":"Friday","name":"Valentine's Day","type":"Observance"},{"month":"February","date":18,"day":"Tuesday","name":"Maharishi Dayanand Saraswati Jayanti","type":"Restricted"},{"month":"February","date":19,"day":"Wednesday","name":"Shivaji Jayanti","type":"Restricted"},{"month":"February","date":21,"day":"Friday","name":"Maha Shivaratri/Shivaratri","type":"Gazetted"},{"month":"March","date":9,"day":"Monday","name":"Holika Dahana","type":"Restricted"},{"month":"March","date":9,"day":"Monday","name":"Hazarat Ali's Birthday","type":"Restricted"},{"month":"March","date":10,"day":"Tuesday","name":"Holi","type":"Gazetted"},{"month":"March","date":20,"day":"Friday","name":"March Equinox","type":"Season"},{"month":"March","date":25,"day":"Wednesday","name":"Chaitra Sukhladi","type":"Restricted"},{"month":"April","date":2,"day":"Thursday","name":"Rama Navami","type":"Gazetted"},{"month":"April","date":6,"day":"Monday","name":"Mahavir Jayanti","type":"Gazetted"},{"month":"April","date":9,"day":"Thursday","name":"First day of Passover","type":"Observance"},{"month":"April","date":9,"day":"Thursday","name":"Maundy Thursday","type":"Observance,"},{"month":"April","date":10,"day":"Friday","name":"Good Friday","type":"Gazetted"},{"month":"April","date":12,"day":"Sunday","name":"Easter Day","type":"Restricted"},{"month":"April","date":13,"day":"Monday","name":"Vaisakhi","type":"Restricted"},{"month":"April","date":14,"day":"Tuesday","name":"Mesadi/Vaisakhadi","type":"Restricted"},{"month":"April","date":14,"day":"Tuesday","name":"Ambedkar Jayanti","type":"Central"},{"month":"May","date":1,"day":"Friday","name":"May Day","type":"Observance"},{"month":"May","date":7,"day":"Thursday","name":"Buddha Purnima/Vesak","type":"Gazetted"},{"month":"May","date":7,"day":"Thursday","name":"Birthday of Ravindranath","type":"Restricted"},{"month":"May","date":10,"day":"Sunday","name":"Mother's Day","type":"Observance"},{"month":"May","date":22,"day":"Friday","name":"Jamat Ul-Vida","type":"Restricted"},{"month":"May","date":25,"day":"Monday","name":"Ramzan Id/Eid-ul-Fitar","type":"Gazetted"},{"month":"May","date":25,"day":"Monday","name":"Ramzan Id/Eid-ul-Fitar","type":"Muslim,"},{"month":"June","date":21,"day":"Sunday","name":"June Solstice","type":"Season"},{"month":"June","date":21,"day":"Sunday","name":"Father's Day","type":"Observance"},{"month":"June","date":23,"day":"Tuesday","name":"Rath Yatra","type":"Restricted"},{"month":"July","date":5,"day":"Sunday","name":"Guru Purnima","type":"Observance"},{"month":"July","date":31,"day":"Friday","name":"Bakr Id/Eid ul-Adha","type":"Gazetted"},{"month":"August","date":2,"day":"Sunday","name":"Friendship Day","type":"Observance"},{"month":"August","date":3,"day":"Monday","name":"Raksha Bandhan (Rakhi)","type":"Restricted"},{"month":"August","date":11,"day":"Tuesday","name":"Janmashtami (Smarta)","type":"Restricted"},{"month":"August","date":12,"day":"Wednesday","name":"Janmashtami","type":"Gazetted"},{"month":"August","date":15,"day":"Saturday","name":"Independence Day","type":"Gazetted"},{"month":"August","date":16,"day":"Sunday","name":"Parsi New Year","type":"Restricted"},{"month":"August","date":22,"day":"Saturday","name":"Ganesh Chaturthi/Vin
08-04 11:20:34.381  9285  9285 V Response: [{"month":"January","date":1,"day":"Wednesday","name":"New Year's Day","type":"Restricted"},{"month":"January","date":2,"day":"Thursday","name":"Guru Govind Singh Jayanti","type":"Restricted"},{"month":"January","date":14,"day":"Tuesday","name":"Lohri","type":"Restricted"},{"month":"January","date":15,"day":"Wednesday","name":"Pongal","type":"Restricted"},{"month":"January","date":15,"day":"Wednesday","name":"Makar Sankranti","type":"Restricted"},{"month":"January","date":25,"day":"Saturday","name":"Chinese New Year","type":"Observance"},{"month":"January","date":26,"day":"Sunday","name":"Republic Day","type":"Gazetted"},{"month":"January","date":30,"day":"Thursday","name":"Vasant Panchami","type":"Restricted"},{"month":"February","date":9,"day":"Sunday","name":"Guru Ravidas Jayanti","type":"Restricted"},{"month":"February","date":14,"day":"Friday","name":"Valentine's Day","type":"Observance"},{"month":"February","date":18,"day":"Tuesday","name":"Maharishi Dayanand Saraswati Jayanti","type":"Restricted"},{"month":"February","date":19,"day":"Wednesday","name":"Shivaji Jayanti","type":"Restricted"},{"month":"February","date":21,"day":"Friday","name":"Maha Shivaratri/Shivaratri","type":"Gazetted"},{"month":"March","date":9,"day":"Monday","name":"Holika Dahana","type":"Restricted"},{"month":"March","date":9,"day":"Monday","name":"Hazarat Ali's Birthday","type":"Restricted"},{"month":"March","date":10,"day":"Tuesday","name":"Holi","type":"Gazetted"},{"month":"March","date":20,"day":"Friday","name":"March Equinox","type":"Season"},{"month":"March","date":25,"day":"Wednesday","name":"Chaitra Sukhladi","type":"Restricted"},{"month":"April","date":2,"day":"Thursday","name":"Rama Navami","type":"Gazetted"},{"month":"April","date":6,"day":"Monday","name":"Mahavir Jayanti","type":"Gazetted"},{"month":"April","date":9,"day":"Thursday","name":"First day of Passover","type":"Observance"},{"month":"April","date":9,"day":"Thursday","name":"Maundy Thursday","type":"Observance,"},{"month":"April","date":10,"day":"Friday","name":"Good Friday","type":"Gazetted"},{"month":"April","date":12,"day":"Sunday","name":"Easter Day","type":"Restricted"},{"month":"April","date":13,"day":"Monday","name":"Vaisakhi","type":"Restricted"},{"month":"April","date":14,"day":"Tuesday","name":"Mesadi/Vaisakhadi","type":"Restricted"},{"month":"April","date":14,"day":"Tuesday","name":"Ambedkar Jayanti","type":"Central"},{"month":"May","date":1,"day":"Friday","name":"May Day","type":"Observance"},{"month":"May","date":7,"day":"Thursday","name":"Buddha Purnima/Vesak","type":"Gazetted"},{"month":"May","date":7,"day":"Thursday","name":"Birthday of Ravindranath","type":"Restricted"},{"month":"May","date":10,"day":"Sunday","name":"Mother's Day","type":"Observance"},{"month":"May","date":22,"day":"Friday","name":"Jamat Ul-Vida","type":"Restricted"},{"month":"May","date":25,"day":"Monday","name":"Ramzan Id/Eid-ul-Fitar","type":"Gazetted"},{"month":"May","date":25,"day":"Monday","name":"Ramzan Id/Eid-ul-Fitar","type":"Muslim,"},{"month":"June","date":21,"day":"Sunday","name":"June Solstice","type":"Season"},{"month":"June","date":21,"day":"Sunday","name":"Father's Day","type":"Observance"},{"month":"June","date":23,"day":"Tuesday","name":"Rath Yatra","type":"Restricted"},{"month":"July","date":5,"day":"Sunday","name":"Guru Purnima","type":"Observance"},{"month":"July","date":31,"day":"Friday","name":"Bakr Id/Eid ul-Adha","type":"Gazetted"},{"month":"August","date":2,"day":"Sunday","name":"Friendship Day","type":"Observance"},{"month":"August","date":3,"day":"Monday","name":"Raksha Bandhan (Rakhi)","type":"Restricted"},{"month":"August","date":11,"day":"Tuesday","name":"Janmashtami (Smarta)","type":"Restricted"},{"month":"August","date":12,"day":"Wednesday","name":"Janmashtami","type":"Gazetted"},{"month":"August","date":15,"day":"Saturday","name":"Independence Day","type":"Gazetted"},{"month":"August","date":16,"day":"Sunday","name":"Parsi New Year","type":"Restricted"},{"month":"August","date":22,"day":"Saturday","name":"Ganesh Chaturthi/Vin
08-04 11:20:34.393  9285  9305 I art     : Starting a blocking GC Explicit
08-04 11:20:34.436  9285  9305 I art     : Explicit concurrent mark sweep GC freed 16688(723KB) AllocSpace objects, 11(496KB) LOS objects, 7% free, 190MB/206MB, paused 1.156ms total 42.650ms
08-04 11:20:34.451  9285  9305 I art     : Starting a blocking GC Explicit
08-04 11:20:34.500  9285  9305 I art     : Explicit concurrent mark sweep GC freed 2309(247KB) AllocSpace objects, 1(4MB) LOS objects, 7% free, 185MB/201MB, paused 1.260ms total 48.583ms
08-04 11:20:34.516  9285  9305 I art     : Starting a blocking GC Explicit
08-04 11:20:34.568  9285  9305 I art     : Explicit concurrent mark sweep GC freed 101(1792B) AllocSpace objects, 0(0B) LOS objects, 7% free, 185MB/201MB, paused 1.183ms total 52.431ms
08-04 11:20:34.584  9285  9305 I art     : Starting a blocking GC Explicit
08-04 11:20:34.638  9285  9305 I art     : Explicit concurrent mark sweep GC freed 134(2720B) AllocSpace objects, 0(0B) LOS objects, 7% free, 185MB/201MB, paused 1.315ms total 53.526ms
08-04 11:20:34.654  9285  9305 I art     : Starting a blocking GC Explicit
08-04 11:20:34.706  9285  9305 I art     : Explicit concurrent mark sweep GC freed 120(2896B) AllocSpace objects, 0(0B) LOS objects, 7% free, 185MB/201MB, paused 1.177ms total 52.069ms
08-04 11:20:35.054  9285  9296 I art     : Starting a blocking GC Explicit
08-04 11:20:35.109  9285  9296 I art     : Explicit concurrent mark sweep GC freed 2199(102KB) AllocSpace objects, 2(48KB) LOS objects, 7% free, 185MB/201MB, paused 1.183ms total 54.550ms
08-04 11:20:35.124  9285  9296 I art     : Starting a blocking GC Explicit
08-04 11:20:35.172  9285  9296 I art     : Explicit concurrent mark sweep GC freed 124(2624B) AllocSpace objects, 0(0B) LOS objects, 7% free, 185MB/201MB, paused 1.210ms total 47.442ms
08-04 11:20:35.187  9285  9296 I art     : Starting a blocking GC Explicit
08-04 11:20:35.241  9285  9296 I art     : Explicit concurrent mark sweep GC freed 99(1696B) AllocSpace objects, 0(0B) LOS objects, 7% free, 185MB/201MB, paused 1.211ms total 53.597ms
08-04 11:20:35.257  9285  9296 I art     : Starting a blocking GC Explicit
08-04 11:20:35.308  9285  9296 I art     : Explicit concurrent mark sweep GC freed 99(1696B) AllocSpace objects, 0(0B) LOS objects, 7% free, 185MB/201MB, paused 1.182ms total 51.149ms
08-04 11:20:35.324  9285  9296 I art     : Starting a blocking GC Explicit
08-04 11:20:35.377  9285  9296 I art     : Explicit concurrent mark sweep GC freed 99(1696B) AllocSpace objects, 0(0B) LOS objects, 7% free, 185MB/201MB, paused 1.142ms total 52.159ms
08-04 11:20:35.775  9285  9297 I art     : Starting a blocking GC Explicit
08-04 11:20:35.830  9285  9297 I art     : Explicit concurrent mark sweep GC freed 2282(104KB) AllocSpace objects, 2(48KB) LOS objects, 7% free, 185MB/201MB, paused 1.247ms total 54.438ms
08-04 11:20:35.846  9285  9297 I art     : Starting a blocking GC Explicit
08-04 11:20:35.897  9285  9297 I art     : Explicit concurrent mark sweep GC freed 135(3KB) AllocSpace objects, 0(0B) LOS objects, 7% free, 185MB/201MB, paused 1.145ms total 51.230ms
08-04 11:20:35.913  9285  9297 I art     : Starting a blocking GC Explicit
08-04 11:20:35.963  9285  9297 I art     : Explicit concurrent mark sweep GC freed 99(1696B) AllocSpace objects, 0(0B) LOS objects, 7% free, 185MB/201MB, paused 1.190ms total 49.621ms
08-04 11:20:35.979  9285  9297 I art     : Starting a blocking GC Explicit
08-04 11:20:36.030  9285  9297 I art     : Explicit concurrent mark sweep GC freed 99(1696B) AllocSpace objects, 0(0B) LOS objects, 7% free, 185MB/201MB, paused 1.197ms total 51.628ms
08-04 11:20:36.046  9285  9297 I art     : Starting a blocking GC Explicit
08-04 11:20:36.097  9285  9297 I art     : Explicit concurrent mark sweep GC freed 99(1696B) AllocSpace objects, 0(0B) LOS objects, 7% free, 185MB/201MB, paused 1.264ms total 50.838ms
08-04 11:20:36.326  2268  2272 E QC-QMI  : qmi_client [2268] 4e1: failed to locate client data
08-04 11:20:36.327   519   519 E QC-QMI  : qmuxd: RX on fd=18 returned error=0 errno[2:No such file or directory]
08-04 11:20:36.327   519   519 E QC-QMI  : QMUX qmux_client_id=4e1 not found in qmux client list, unable to remove
08-04 11:20:36.330  2268  2268 I Atfwd_Daemon: Stop the daemon....
08-04 11:20:36.379 12316 12316 W ATFWD-daemon: type=1400 audit(0.0:738702): avc: denied { read write } for name="diag" dev="tmpfs" ino=1296 scontext=u:r:atfwd:s0 tcontext=u:object_r:diag_device:s0 tclass=chr_file permissive=0
08-04 11:20:36.388 12316 12316 I libmdmdetect: ESOC framework not supported
08-04 11:20:36.388 12316 12316 I libmdmdetect: Found internal modem: modem
08-04 11:20:36.389 12316 12316 E Diag_Lib:  Diag_LSM_Init: Failed to open handle to diag driver, error = 13
08-04 11:20:36.392 12316 12316 I Atfwd_Daemon: result : 255 	 ,Init step :0 	 ,qmiErrorCode: 0
08-04 11:20:36.392 12316 12316 I Atfwd_Daemon: result : 0 	 ,Init step :1 	 ,qmiErrorCode: 0
08-04 11:20:36.392 12316 12316 I ServiceManager: Waiting for service AtCmdFwd...
08-04 11:20:36.466  9285  9563 I art     : Starting a blocking GC Explicit
08-04 11:20:36.518  9285  9563 I art     : Explicit concurrent mark sweep GC freed 2186(101KB) AllocSpace objects, 2(48KB) LOS objects, 7% free, 185MB/201MB, paused 1.194ms total 51.743ms
08-04 11:20:36.533  9285  9563 I art     : Starting a blocking GC Explicit
08-04 11:20:36.579  9285  9563 I art     : Explicit concurrent mark sweep GC freed 124(2624B) AllocSpace objects, 0(0B) LOS objects, 7% free, 185MB/201MB, paused 1.437ms total 46.257ms
08-04 11:20:36.595  9285  9563 I art     : Starting a blocking GC Explicit
08-04 11:20:36.648  9285  9563 I art     : Explicit concurrent mark sweep GC freed 99(1696B) AllocSpace objects, 0(0B) LOS objects, 7% free, 185MB/201MB, paused 1.266ms total 52.870ms
08-04 11:20:36.664  9285  9563 I art     : Starting a blocking GC Explicit
08-04 11:20:36.716  9285  9563 I art     : Explicit concurrent mark sweep GC freed 99(1696B) AllocSpace objects, 0(0B) LOS objects, 7% free, 185MB/201MB, paused 1.158ms total 52.223ms
08-04 11:20:36.732  9285  9563 I art     : Starting a blocking GC Explicit
08-04 11:20:36.782  9285  9563 I art     : Explicit concurrent mark sweep GC freed 99(1696B) AllocSpace objects, 0(0B) LOS objects, 7% free, 185MB/201MB, paused 1.107ms total 50.129ms
08-04 11:20:36.900 13866 13882 I PeriodicStatsRunner: PeriodicStatsRunner.call():175 call()
08-04 11:20:36.900 13866 13882 I PeriodicStatsRunner: PeriodicStatsRunner.call():179 No submit PeriodicStats since input started.
08-04 11:20:37.182  9285  9305 I art     : Starting a blocking GC Explicit
08-04 11:20:37.238  9285  9305 I art     : Explicit concurrent mark sweep GC freed 2272(103KB) AllocSpace objects, 2(48KB) LOS objects, 7% free, 185MB/201MB, paused 1.183ms total 55.005ms
08-04 11:20:37.255  9285  9305 I art     : Starting a blocking GC Explicit
08-04 11:20:37.306  9285  9305 I art     : Explicit concurrent mark sweep GC freed 123(2592B) AllocSpace objects, 0(0B) LOS objects, 7% free, 185MB/201MB, paused 1.172ms total 50.307ms
08-04 11:20:37.321  9285  9305 I art     : Starting a blocking GC Explicit
08-04 11:20:37.372  9285  9305 I art     : Explicit concurrent mark sweep GC freed 100(1728B) AllocSpace objects, 0(0B) LOS objects, 7% free, 185MB/201MB, paused 1.113ms total 50.881ms
08-04 11:20:37.387  9285  9305 I art     : Starting a blocking GC Explicit
08-04 11:20:37.393 12316 12316 I ServiceManager: Waiting for service AtCmdFwd...
08-04 11:20:37.439  9285  9305 I art     : Explicit concurrent mark sweep GC freed 98(1664B) AllocSpace objects, 0(0B) LOS objects, 7% free, 185MB/201MB, paused 1.118ms total 51.301ms
08-04 11:20:37.442   518   646 I ThermalEngine: ACTION: GPU - Setting GPU[0] to 600000000
08-04 11:20:37.454  9285  9305 I art     : Starting a blocking GC Explicit
08-04 11:20:37.502  9285  9305 I art     : Explicit concurrent mark sweep GC freed 99(1696B) AllocSpace objects, 0(0B) LOS objects, 7% free, 185MB/201MB, paused 924us total 47.745ms
08-04 11:20:37.865  9285  9296 I art     : Starting a blocking GC Explicit
08-04 11:20:37.908  9285  9296 I art     : Explicit concurrent mark sweep GC freed 2224(103KB) AllocSpace objects, 2(48KB) LOS objects, 7% free, 185MB/201MB, paused 1.068ms total 41.955ms
08-04 11:20:37.920  9285  9296 I art     : Starting a blocking GC Explicit
08-04 11:20:37.960  9285  9296 I art     : Explicit concurrent mark sweep GC freed 122(2976B) AllocSpace objects, 0(0B) LOS objects, 7% free, 185MB/201MB, paused 861us total 39.782ms
08-04 11:20:37.972  9285  9296 I art     : Starting a blocking GC Explicit
08-04 11:20:38.011  9285  9296 I art     : Explicit concurrent mark sweep GC freed 74(1264B) AllocSpace objects, 0(0B) LOS objects, 7% free, 185MB/201MB, paused 843us total 39.131ms
08-04 11:20:38.022  9285  9296 I art     : Starting a blocking GC Explicit
08-04 11:20:38.062  9285  9296 I art     : Explicit concurrent mark sweep GC freed 76(1328B) AllocSpace objects, 0(0B) LOS objects, 7% free, 185MB/201MB, paused 937us total 40.098ms
08-04 11:20:38.074  9285  9296 I art     : Starting a blocking GC Explicit
08-04 11:20:38.114  9285  9296 I art     : Explicit concurrent mark sweep GC freed 75(1296B) AllocSpace objects, 0(0B) LOS objects, 7% free, 185MB/201MB, paused 867us total 40.149ms
08-04 11:20:38.220 12341 12341 D AndroidRuntime: >>>>>> START com.android.internal.os.RuntimeInit uid 2000 <<<<<<
08-04 11:20:38.224 12341 12341 D AndroidRuntime: CheckJNI is OFF
08-04 11:20:38.251 12341 12341 D ICU     : No timezone override file found: /data/misc/zoneinfo/current/icu/icu_tzdata.dat
08-04 11:20:38.277 12341 12341 I Radio-JNI: register_android_hardware_Radio DONE
08-04 11:20:38.293 12341 12341 D AndroidRuntime: Calling main entry com.android.commands.input.Input
08-04 11:20:38.295 12341 12341 I Input   : injectKeyEvent: KeyEvent { action=ACTION_DOWN, keyCode=KEYCODE_BACK, scanCode=0, metaState=0, flags=0x0, repeatCount=0, eventTime=703254708, downTime=703254708, deviceId=-1, source=0x101 }
08-04 11:20:38.301 12341 12341 I Input   : injectKeyEvent: KeyEvent { action=ACTION_UP, keyCode=KEYCODE_BACK, scanCode=0, metaState=0, flags=0x0, repeatCount=0, eventTime=703254708, downTime=703254708, deviceId=-1, source=0x101 }
08-04 11:20:38.307 12341 12341 D AndroidRuntime: Shutting down VM
08-04 11:20:38.323  9285  9285 V MainActivity: url = https://project-travel-mate.herokuapp.com/api/number-of-unread-notifications
08-04 11:20:38.351 13866 13866 I GoogleInputMethodServic: GoogleInputMethodService.onFinishInput():3138 
08-04 11:20:38.352 13866 13866 I GoogleInputMethodServic: GoogleInputMethodService.onStartInput():1808 
08-04 11:20:38.393 12316 12316 I ServiceManager: Waiting for service AtCmdFwd...
08-04 11:20:38.442  9285  9563 I art     : Starting a blocking GC Explicit
08-04 11:20:38.478  9285  9563 I art     : Explicit concurrent mark sweep GC freed 2573(122KB) AllocSpace objects, 2(48KB) LOS objects, 7% free, 185MB/201MB, paused 879us total 36.160ms
08-04 11:20:38.489  9285  9563 I art     : Starting a blocking GC Explicit
08-04 11:20:38.526  9285  9563 I art     : Explicit concurrent mark sweep GC freed 161(4KB) AllocSpace objects, 0(0B) LOS objects, 7% free, 185MB/201MB, paused 930us total 36.518ms
08-04 11:20:38.537  9285  9563 I art     : Starting a blocking GC Explicit
08-04 11:20:38.574  9285  9563 I art     : Explicit concurrent mark sweep GC freed 95(2416B) AllocSpace objects, 0(0B) LOS objects, 7% free, 185MB/201MB, paused 867us total 36.858ms
08-04 11:20:38.587  9285  9563 I art     : Starting a blocking GC Explicit
08-04 11:20:38.626  9285  9563 I art     : Explicit concurrent mark sweep GC freed 77(1392B) AllocSpace objects, 0(0B) LOS objects, 7% free, 185MB/201MB, paused 1.110ms total 39.032ms
08-04 11:20:38.638  9285  9563 I art     : Starting a blocking GC Explicit
08-04 11:20:38.656   380   380 W SurfaceFlinger: couldn't log to binary event log: overflow.
08-04 11:20:38.676  9285  9563 I art     : Explicit concurrent mark sweep GC freed 65(1504B) AllocSpace objects, 0(0B) LOS objects, 7% free, 185MB/201MB, paused 856us total 37.692ms
08-04 11:20:38.938 13866 13882 I PeriodicStatsRunner: PeriodicStatsRunner.call():175 call()
08-04 11:20:38.939 13866 13882 I PeriodicStatsRunner: PeriodicStatsRunner.call():179 No submit PeriodicStats since input started.
08-04 11:20:39.014  9285  9296 I art     : Starting a blocking GC Explicit
08-04 11:20:39.060  9285  9296 I art     : Explicit concurrent mark sweep GC freed 1646(94KB) AllocSpace objects, 3(236KB) LOS objects, 7% free, 185MB/201MB, paused 991us total 45.912ms
08-04 11:20:39.073  9285  9296 I art     : Starting a blocking GC Explicit
08-04 11:20:39.114  9285  9296 I art     : Explicit concurrent mark sweep GC freed 6660(361KB) AllocSpace objects, 13(264KB) LOS objects, 7% free, 185MB/201MB, paused 858us total 41.184ms
08-04 11:20:39.126  9285  9296 I art     : Starting a blocking GC Explicit
08-04 11:20:39.167  9285  9296 I art     : Explicit concurrent mark sweep GC freed 2429(126KB) AllocSpace objects, 3(200KB) LOS objects, 7% free, 185MB/201MB, paused 1.149ms total 41.117ms
08-04 11:20:39.179  9285  9296 I art     : Starting a blocking GC Explicit
08-04 11:20:39.203  9285 12360 I NAPPA_EXPERIMENTATION: MetricNetworkRequestExecutionTime: REQUEST_DURATION_SYSTEM='879',REQUEST_DURATION_OKHTTP='29',REQUEST_SYNCHRONOUS='FALSE',RESPONSE_CODE='200',RESPONSE_METHOD='GET',RESPONSE_LENGTH_OKHTTP='36',RESPONSE_LENGTH_HEADER='36',REQUEST_PROTOCOL='http/1.1',REQUEST_URL='https://project-travel-mate.herokuapp.com/api/number-of-unread-notifications',
08-04 11:20:39.221  9285  9296 I art     : Explicit concurrent mark sweep GC freed 1189(132KB) AllocSpace objects, 0(0B) LOS objects, 7% free, 185MB/201MB, paused 911us total 41.920ms
08-04 11:20:39.233  9285  9296 I art     : Starting a blocking GC Explicit
08-04 11:20:39.275  9285  9296 I art     : Explicit concurrent mark sweep GC freed 57(2368B) AllocSpace objects, 0(0B) LOS objects, 7% free, 185MB/201MB, paused 888us total 41.877ms
08-04 11:20:39.393 12316 12316 I ServiceManager: Waiting for service AtCmdFwd...
08-04 11:20:39.625  9285  9297 I art     : Starting a blocking GC Explicit
08-04 11:20:39.667  9285  9297 I art     : Explicit concurrent mark sweep GC freed 1669(95KB) AllocSpace objects, 2(48KB) LOS objects, 7% free, 185MB/201MB, paused 933us total 41.449ms
08-04 11:20:39.679  9285  9297 I art     : Starting a blocking GC Explicit
08-04 11:20:39.719  9285  9297 I art     : Explicit concurrent mark sweep GC freed 28(1024B) AllocSpace objects, 0(0B) LOS objects, 7% free, 185MB/201MB, paused 909us total 39.899ms
08-04 11:20:39.730  9285  9297 I art     : Starting a blocking GC Explicit
08-04 11:20:39.769  9285  9297 I art     : Explicit concurrent mark sweep GC freed 3(96B) AllocSpace objects, 0(0B) LOS objects, 7% free, 185MB/201MB, paused 883us total 38.647ms
08-04 11:20:39.781  9285  9297 I art     : Starting a blocking GC Explicit
08-04 11:20:39.820  9285  9297 I art     : Explicit concurrent mark sweep GC freed 3(96B) AllocSpace objects, 0(0B) LOS objects, 7% free, 185MB/201MB, paused 887us total 38.977ms
08-04 11:20:39.831  9285  9297 I art     : Starting a blocking GC Explicit
08-04 11:20:39.857 12386 12386 D AndroidRuntime: >>>>>> START com.android.internal.os.RuntimeInit uid 2000 <<<<<<
08-04 11:20:39.861 12386 12386 D AndroidRuntime: CheckJNI is OFF
08-04 11:20:39.870  9285  9297 I art     : Explicit concurrent mark sweep GC freed 40(1088B) AllocSpace objects, 0(0B) LOS objects, 7% free, 185MB/201MB, paused 875us total 39.123ms
08-04 11:20:39.891 12386 12386 D ICU     : No timezone override file found: /data/misc/zoneinfo/current/icu/icu_tzdata.dat
08-04 11:20:39.915 12386 12386 I Radio-JNI: register_android_hardware_Radio DONE
08-04 11:20:39.931 12386 12386 D AndroidRuntime: Calling main entry com.android.commands.input.Input
08-04 11:20:39.933 12386 12386 I Input   : injectMotionEvent: MotionEvent { action=ACTION_DOWN, actionButton=0, id[0]=0, x[0]=117.0, y[0]=170.0, toolType[0]=TOOL_TYPE_UNKNOWN, buttonState=0, metaState=0, flags=0x0, edgeFlags=0x0, pointerCount=1, historySize=0, eventTime=703256345, downTime=703256345, deviceId=0, source=0x1002 }
08-04 11:20:39.938 12386 12386 I Input   : injectMotionEvent: MotionEvent { action=ACTION_UP, actionButton=0, id[0]=0, x[0]=117.0, y[0]=170.0, toolType[0]=TOOL_TYPE_UNKNOWN, buttonState=0, metaState=0, flags=0x0, edgeFlags=0x0, pointerCount=1, historySize=0, eventTime=703256345, downTime=703256345, deviceId=0, source=0x1002 }
08-04 11:20:39.939 12386 12386 D AndroidRuntime: Shutting down VM
08-04 11:20:39.971   512  2967 D audio_hw_primary: out_set_parameters: enter: usecase(1: low-latency-playback) kvpairs: routing=2
08-04 11:20:39.984   512  2967 D audio_hw_primary: select_devices: out_snd_device(2: speaker) in_snd_device(0: none)
08-04 11:20:39.984   512  2967 D msm8974_platform: platform_send_audio_calibration: sending audio calibration for snd_device(2) acdb_id(15)
08-04 11:20:39.984   512  2967 I soundtrigger: audio_extn_sound_trigger_update_device_status: device 0x2 of type 0 for Event 1
08-04 11:20:39.994   512  2967 D audio_hw_primary: enable_snd_device: snd_device(2: speaker)
08-04 11:20:39.996   512  2967 D audio_hw_primary: enable_audio_route: apply and update mixer path: low-latency-playback speaker
08-04 11:20:40.156  9285  9297 I art     : Starting a blocking GC Explicit
08-04 11:20:40.194  9285  9297 I art     : Explicit concurrent mark sweep GC freed 2028(113KB) AllocSpace objects, 2(48KB) LOS objects, 7% free, 185MB/201MB, paused 968us total 37.027ms
08-04 11:20:40.206  9285  9297 I art     : Starting a blocking GC Explicit
08-04 11:20:40.245  9285  9297 I art     : Explicit concurrent mark sweep GC freed 52(2112B) AllocSpace objects, 0(0B) LOS objects, 7% free, 185MB/201MB, paused 1.013ms total 38.587ms
08-04 11:20:40.260  9285  9297 I art     : Starting a blocking GC Explicit
08-04 11:20:40.297  9285  9297 I art     : Explicit concurrent mark sweep GC freed 5(160B) AllocSpace objects, 0(0B) LOS objects, 7% free, 185MB/201MB, paused 1.239ms total 36.457ms
08-04 11:20:40.308  9285  9297 I art     : Starting a blocking GC Explicit
08-04 11:20:40.349  9285  9297 I art     : Explicit concurrent mark sweep GC freed 3(96B) AllocSpace objects, 0(0B) LOS objects, 7% free, 185MB/201MB, paused 1.070ms total 40.429ms
08-04 11:20:40.362  9285  9297 I art     : Starting a blocking GC Explicit
08-04 11:20:40.394 12316 12316 I ServiceManager: Waiting for service AtCmdFwd...
08-04 11:20:40.402  9285  9297 I art     : Explicit concurrent mark sweep GC freed 5(192B) AllocSpace objects, 0(0B) LOS objects, 7% free, 185MB/201MB, paused 877us total 39.786ms
08-04 11:20:40.427   918  3188 I hubconnection: sensorhub said: 'set_bias 3: -6.2400, 0.0000, 0.0000'
08-04 11:20:40.504 12411 12411 D AndroidRuntime: >>>>>> START com.android.internal.os.RuntimeInit uid 2000 <<<<<<
08-04 11:20:40.507 12411 12411 D AndroidRuntime: CheckJNI is OFF
08-04 11:20:40.531 12411 12411 D ICU     : No timezone override file found: /data/misc/zoneinfo/current/icu/icu_tzdata.dat
08-04 11:20:40.539   512  2967 D audio_hw_primary: disable_audio_route: reset and update mixer path: low-latency-playback speaker
08-04 11:20:40.540   512  2967 D audio_hw_primary: disable_snd_device: snd_device(2: speaker)
08-04 11:20:40.550   512  2967 I soundtrigger: audio_extn_sound_trigger_update_device_status: device 0x2 of type 0 for Event 0
08-04 11:20:40.556 12411 12411 I Radio-JNI: register_android_hardware_Radio DONE
08-04 11:20:40.571 12411 12411 D AndroidRuntime: Calling main entry com.android.commands.input.Input
08-04 11:20:40.572 12411 12411 I Input   : injectMotionEvent: MotionEvent { action=ACTION_DOWN, actionButton=0, id[0]=0, x[0]=405.0, y[0]=661.0, toolType[0]=TOOL_TYPE_UNKNOWN, buttonState=0, metaState=0, flags=0x0, edgeFlags=0x0, pointerCount=1, historySize=0, eventTime=703256985, downTime=703256985, deviceId=0, source=0x1002 }
08-04 11:20:40.578 12411 12411 I Input   : injectMotionEvent: MotionEvent { action=ACTION_UP, actionButton=0, id[0]=0, x[0]=405.0, y[0]=661.0, toolType[0]=TOOL_TYPE_UNKNOWN, buttonState=0, metaState=0, flags=0x0, edgeFlags=0x0, pointerCount=1, historySize=0, eventTime=703256985, downTime=703256985, deviceId=0, source=0x1002 }
08-04 11:20:40.581 12411 12411 D AndroidRuntime: Shutting down VM
08-04 11:20:40.601   512  2967 D audio_hw_primary: out_set_parameters: enter: usecase(1: low-latency-playback) kvpairs: routing=2
08-04 11:20:40.614   512  2967 D audio_hw_primary: select_devices: out_snd_device(2: speaker) in_snd_device(0: none)
08-04 11:20:40.615   512  2967 D msm8974_platform: platform_send_audio_calibration: sending audio calibration for snd_device(2) acdb_id(15)
08-04 11:20:40.615   512  2967 I soundtrigger: audio_extn_sound_trigger_update_device_status: device 0x2 of type 0 for Event 1
08-04 11:20:40.624   512  2967 D audio_hw_primary: enable_snd_device: snd_device(2: speaker)
08-04 11:20:40.627   512  2967 D audio_hw_primary: enable_audio_route: apply and update mixer path: low-latency-playback speaker
08-04 11:20:40.677   512  2967 D AudioFlinger: mixer(0xf4740000) throttle end: throttle time(12)
08-04 11:20:40.729  9285  9296 I art     : Starting a blocking GC Explicit
08-04 11:20:40.769  9285  9296 I art     : Explicit concurrent mark sweep GC freed 3637(165KB) AllocSpace objects, 11(300KB) LOS objects, 7% free, 185MB/201MB, paused 824us total 40.322ms
08-04 11:20:40.782  9285  9296 I art     : Starting a blocking GC Explicit
08-04 11:20:40.819  9285  9296 I art     : Explicit concurrent mark sweep GC freed 918(52KB) AllocSpace objects, 0(0B) LOS objects, 7% free, 185MB/201MB, paused 814us total 36.855ms
08-04 11:20:40.831  9285  9296 I art     : Starting a blocking GC Explicit
08-04 11:20:40.870  9285  9296 I art     : Explicit concurrent mark sweep GC freed 40(1088B) AllocSpace objects, 0(0B) LOS objects, 7% free, 185MB/201MB, paused 934us total 38.829ms
08-04 11:20:40.870  9285  9295 I art     : WaitForGcToComplete blocked for 39.135ms for cause HeapTrim
08-04 11:20:40.884  9285  9296 I art     : Starting a blocking GC Explicit
08-04 11:20:40.923  9285  9296 I art     : Explicit concurrent mark sweep GC freed 3(96B) AllocSpace objects, 0(0B) LOS objects, 7% free, 185MB/201MB, paused 878us total 39.259ms
08-04 11:20:40.936  9285  9296 I art     : Starting a blocking GC Explicit
08-04 11:20:40.976  9285  9296 I art     : Explicit concurrent mark sweep GC freed 3(96B) AllocSpace objects, 0(0B) LOS objects, 7% free, 185MB/201MB, paused 912us total 39.298ms
08-04 11:20:41.169   512  2967 D audio_hw_primary: disable_audio_route: reset and update mixer path: low-latency-playback speaker
08-04 11:20:41.171   512  2967 D audio_hw_primary: disable_snd_device: snd_device(2: speaker)
08-04 11:20:41.178   512  2967 I soundtrigger: audio_extn_sound_trigger_update_device_status: device 0x2 of type 0 for Event 0
08-04 11:20:41.302  9285  9305 I art     : Starting a blocking GC Explicit
08-04 11:20:41.363  9285  9305 I art     : Explicit concurrent mark sweep GC freed 1610(92KB) AllocSpace objects, 2(48KB) LOS objects, 7% free, 185MB/201MB, paused 1.049ms total 60.364ms
08-04 11:20:41.377  9285  9305 I art     : Starting a blocking GC Explicit
08-04 11:20:41.394 12316 12316 W Atfwd_Sendcmd: AtCmdFwd service not published, waiting... retryCnt : 1
08-04 11:20:41.421  9285  9305 I art     : Explicit concurrent mark sweep GC freed 28(1024B) AllocSpace objects, 0(0B) LOS objects, 7% free, 185MB/201MB, paused 906us total 43.501ms
08-04 11:20:41.433  9285  9305 I art     : Starting a blocking GC Explicit
08-04 11:20:41.449   518   646 I ThermalEngine: ACTION: GPU - Setting GPU[0] to 510000000
08-04 11:20:41.482  9285  9305 I art     : Explicit concurrent mark sweep GC freed 14(720B) AllocSpace objects, 0(0B) LOS objects, 7% free, 185MB/201MB, paused 1.170ms total 48.354ms
08-04 11:20:41.497  9285  9305 I art     : Starting a blocking GC Explicit
08-04 11:20:41.548  9285  9305 I art     : Explicit concurrent mark sweep GC freed 14(672B) AllocSpace objects, 0(0B) LOS objects, 7% free, 185MB/201MB, paused 1.236ms total 50.930ms
08-04 11:20:41.564  9285  9305 I art     : Starting a blocking GC Explicit
08-04 11:20:41.615  9285  9305 I art     : Explicit concurrent mark sweep GC freed 14(848B) AllocSpace objects, 0(0B) LOS objects, 7% free, 185MB/201MB, paused 1.144ms total 50.802ms
08-04 11:20:41.638   918  3261 D WifiStateMachine: starting scan for "H369AA63323"WPA_PSK with 2412,5180
08-04 11:20:41.985  9285  9297 I art     : Starting a blocking GC Explicit
08-04 11:20:42.055  9285  9297 I art     : Explicit concurrent mark sweep GC freed 1623(93KB) AllocSpace objects, 2(48KB) LOS objects, 7% free, 185MB/201MB, paused 1.616ms total 69.398ms
08-04 11:20:42.075  9285  9297 I art     : Starting a blocking GC Explicit
08-04 11:20:42.125  9285  9297 I art     : Explicit concurrent mark sweep GC freed 28(1024B) AllocSpace objects, 0(0B) LOS objects, 7% free, 185MB/201MB, paused 1.176ms total 50.259ms
08-04 11:20:42.141  9285  9297 I art     : Starting a blocking GC Explicit
08-04 11:20:42.192  9285  9297 I art     : Explicit concurrent mark sweep GC freed 3(96B) AllocSpace objects, 0(0B) LOS objects, 7% free, 185MB/201MB, paused 1.149ms total 51.275ms
08-04 11:20:42.208  9285  9297 I art     : Starting a blocking GC Explicit
08-04 11:20:42.261  9285  9297 I art     : Explicit concurrent mark sweep GC freed 3(96B) AllocSpace objects, 0(0B) LOS objects, 7% free, 185MB/201MB, paused 1.213ms total 52.601ms
08-04 11:20:42.277  9285  9297 I art     : Starting a blocking GC Explicit
08-04 11:20:42.329  9285  9297 I art     : Explicit concurrent mark sweep GC freed 3(96B) AllocSpace objects, 0(0B) LOS objects, 7% free, 185MB/201MB, paused 1.246ms total 52.182ms
08-04 11:20:42.757  9285  9296 I art     : Starting a blocking GC Explicit
08-04 11:20:42.831  9285  9296 I art     : Explicit concurrent mark sweep GC freed 1619(92KB) AllocSpace objects, 2(48KB) LOS objects, 7% free, 185MB/201MB, paused 1.314ms total 73.234ms
08-04 11:20:42.848  9285  9296 I art     : Starting a blocking GC Explicit
08-04 11:20:42.897  9285  9296 I art     : Explicit concurrent mark sweep GC freed 32(1216B) AllocSpace objects, 0(0B) LOS objects, 7% free, 185MB/201MB, paused 1.178ms total 48.465ms
08-04 11:20:42.912  9285  9296 I art     : Starting a blocking GC Explicit
08-04 11:20:42.960  9285  9296 I art     : Explicit concurrent mark sweep GC freed 3(96B) AllocSpace objects, 0(0B) LOS objects, 7% free, 185MB/201MB, paused 1.172ms total 48.201ms
08-04 11:20:42.975  9285  9296 I art     : Starting a blocking GC Explicit
08-04 11:20:43.024  9285  9296 I art     : Explicit concurrent mark sweep GC freed 3(96B) AllocSpace objects, 0(0B) LOS objects, 7% free, 185MB/201MB, paused 1.254ms total 48.412ms
08-04 11:20:43.039  9285  9296 I art     : Starting a blocking GC Explicit
08-04 11:20:43.087  9285  9296 I art     : Explicit concurrent mark sweep GC freed 3(96B) AllocSpace objects, 0(0B) LOS objects, 7% free, 185MB/201MB, paused 1.246ms total 47.825ms
08-04 11:20:43.253 12463 12463 D AndroidRuntime: >>>>>> START com.android.internal.os.RuntimeInit uid 2000 <<<<<<
08-04 11:20:43.262 12463 12463 D AndroidRuntime: CheckJNI is OFF
08-04 11:20:43.296 12463 12463 D ICU     : No timezone override file found: /data/misc/zoneinfo/current/icu/icu_tzdata.dat
08-04 11:20:43.329 12463 12463 I Radio-JNI: register_android_hardware_Radio DONE
08-04 11:20:43.350 12463 12463 D AndroidRuntime: Calling main entry com.android.commands.input.Input
08-04 11:20:43.352 12463 12463 I Input   : injectMotionEvent: MotionEvent { action=ACTION_DOWN, actionButton=0, id[0]=0, x[0]=1341.0, y[0]=197.0, toolType[0]=TOOL_TYPE_UNKNOWN, buttonState=0, metaState=0, flags=0x0, edgeFlags=0x0, pointerCount=1, historySize=0, eventTime=703259765, downTime=703259765, deviceId=0, source=0x1002 }
08-04 11:20:43.357 13866 13882 I PeriodicStatsRunner: PeriodicStatsRunner.call():175 call()
08-04 11:20:43.358 13866 13882 I PeriodicStatsRunner: PeriodicStatsRunner.call():179 No submit PeriodicStats since input started.
08-04 11:20:43.358 12463 12463 I Input   : injectMotionEvent: MotionEvent { action=ACTION_UP, actionButton=0, id[0]=0, x[0]=1341.0, y[0]=197.0, toolType[0]=TOOL_TYPE_UNKNOWN, buttonState=0, metaState=0, flags=0x0, edgeFlags=0x0, pointerCount=1, historySize=0, eventTime=703259765, downTime=703259765, deviceId=0, source=0x1002 }
08-04 11:20:43.361 12463 12463 D AndroidRuntime: Shutting down VM
08-04 11:20:43.364   918  3714 I ActivityManager: START u0 {cmp=baseline.io.github.project_travel_mate/.notifications.NotificationsActivity} from uid 10650 on display 0
08-04 11:20:43.366   512  2967 D audio_hw_primary: out_set_parameters: enter: usecase(1: low-latency-playback) kvpairs: routing=2
08-04 11:20:43.378   512  2967 D audio_hw_primary: select_devices: out_snd_device(2: speaker) in_snd_device(0: none)
08-04 11:20:43.379   512  2967 D msm8974_platform: platform_send_audio_calibration: sending audio calibration for snd_device(2) acdb_id(15)
08-04 11:20:43.379   512  2967 I soundtrigger: audio_extn_sound_trigger_update_device_status: device 0x2 of type 0 for Event 1
08-04 11:20:43.389   512  2967 D audio_hw_primary: enable_snd_device: snd_device(2: speaker)
08-04 11:20:43.391   512  2967 D audio_hw_primary: enable_audio_route: apply and update mixer path: low-latency-playback speaker
08-04 11:20:43.394  9285  9366 D Gabe    : call	returning from cache
08-04 11:20:43.399  9285  9285 V EXECUTING: https://project-travel-mate.herokuapp.com/api/get-notifications
08-04 11:20:43.401  9285  9285 V EXECUTING: https://project-travel-mate.herokuapp.com/api/get-notifications
08-04 11:20:43.485  9285  9296 I art     : Starting a blocking GC Explicit
08-04 11:20:43.533  9285  9296 I art     : Explicit concurrent mark sweep GC freed 3666(212KB) AllocSpace objects, 2(48KB) LOS objects, 7% free, 189MB/205MB, paused 1.223ms total 47.074ms
08-04 11:20:43.541   918   936 I ActivityManager: Displayed baseline.io.github.project_travel_mate/.notifications.NotificationsActivity: +166ms
08-04 11:20:43.542 13866 13866 I GoogleInputMethodServic: GoogleInputMethodService.onFinishInput():3138 
08-04 11:20:43.544 13866 13866 I GoogleInputMethodServic: GoogleInputMethodService.onStartInput():1808 
08-04 11:20:43.549  9285  9296 I art     : Starting a blocking GC Explicit
08-04 11:20:43.600  9285  9296 I art     : Explicit concurrent mark sweep GC freed 452(18KB) AllocSpace objects, 0(0B) LOS objects, 7% free, 189MB/205MB, paused 1.412ms total 50.916ms
08-04 11:20:43.616  9285  9296 I art     : Starting a blocking GC Explicit
08-04 11:20:43.641  9285  9300 D OpenGLRenderer: endAllStagingAnimators on 0x7f7e15c400 (RippleDrawable) with handle 0x7f7c531e00
08-04 11:20:43.666  9285  9296 I art     : Explicit concurrent mark sweep GC freed 112(2624B) AllocSpace objects, 0(0B) LOS objects, 7% free, 189MB/205MB, paused 1.674ms total 49.211ms
08-04 11:20:43.682  9285  9296 I art     : Starting a blocking GC Explicit
08-04 11:20:43.731  9285  9296 I art     : Explicit concurrent mark sweep GC freed 88(2240B) AllocSpace objects, 0(0B) LOS objects, 7% free, 189MB/205MB, paused 1.149ms total 48.762ms
08-04 11:20:43.745  9285  9296 I art     : Starting a blocking GC Explicit
08-04 11:20:43.793  9285  9296 I art     : Explicit concurrent mark sweep GC freed 148(3KB) AllocSpace objects, 0(0B) LOS objects, 7% free, 189MB/205MB, paused 1.139ms total 47.952ms
08-04 11:20:43.797   380   380 W SurfaceFlinger: couldn't log to binary event log: overflow.
08-04 11:20:43.922  9285 12488 I NAPPA_EXPERIMENTATION: MetricNetworkRequestExecutionTime: REQUEST_DURATION_SYSTEM='520',REQUEST_DURATION_OKHTTP='47',REQUEST_SYNCHRONOUS='FALSE',RESPONSE_CODE='200',RESPONSE_METHOD='GET',RESPONSE_LENGTH_OKHTTP='2',RESPONSE_LENGTH_HEADER='2',REQUEST_PROTOCOL='http/1.1',REQUEST_URL='https://project-travel-mate.herokuapp.com/api/get-notifications',
08-04 11:20:43.929   512  2967 D audio_hw_primary: disable_audio_route: reset and update mixer path: low-latency-playback speaker
08-04 11:20:43.932  9285 12487 I NAPPA_EXPERIMENTATION: MetricNetworkRequestExecutionTime: REQUEST_DURATION_SYSTEM='532',REQUEST_DURATION_OKHTTP='50',REQUEST_SYNCHRONOUS='FALSE',RESPONSE_CODE='200',RESPONSE_METHOD='GET',RESPONSE_LENGTH_OKHTTP='2',RESPONSE_LENGTH_HEADER='2',REQUEST_PROTOCOL='http/1.1',REQUEST_URL='https://project-travel-mate.herokuapp.com/api/get-notifications',
08-04 11:20:43.933   512  2967 D audio_hw_primary: disable_snd_device: snd_device(2: speaker)
08-04 11:20:43.942   512  2967 I soundtrigger: audio_extn_sound_trigger_update_device_status: device 0x2 of type 0 for Event 0
08-04 11:20:44.080  9285  9285 V Response: [] 
08-04 11:20:44.084  9285  9366 D Gabe    : call	returning from cache
08-04 11:20:44.084  9285  9285 V Response: [] 
08-04 11:20:44.087  9285  9366 D Gabe    : call	returning from cache
08-04 11:20:44.128  9285  9296 I art     : Starting a blocking GC Explicit
08-04 11:20:44.177  9285  9296 I art     : Explicit concurrent mark sweep GC freed 9750(469KB) AllocSpace objects, 9(636KB) LOS objects, 7% free, 190MB/206MB, paused 1.097ms total 48.408ms
08-04 11:20:44.193  9285  9296 I art     : Starting a blocking GC Explicit
08-04 11:20:44.236  9285  9296 I art     : Explicit concurrent mark sweep GC freed 3817(305KB) AllocSpace objects, 0(0B) LOS objects, 7% free, 189MB/205MB, paused 1.179ms total 43.064ms
08-04 11:20:44.251  9285  9296 I art     : Starting a blocking GC Explicit
08-04 11:20:44.293  9285  9296 I art     : Explicit concurrent mark sweep GC freed 215(3KB) AllocSpace objects, 0(0B) LOS objects, 7% free, 189MB/205MB, paused 1.037ms total 42.036ms
08-04 11:20:44.307  9285  9296 I art     : Starting a blocking GC Explicit
08-04 11:20:44.350  9285  9296 I art     : Explicit concurrent mark sweep GC freed 242(3KB) AllocSpace objects, 0(0B) LOS objects, 7% free, 189MB/205MB, paused 1.216ms total 42.374ms
08-04 11:20:44.364  9285  9296 I art     : Starting a blocking GC Explicit
08-04 11:20:44.407  9285  9296 I art     : Explicit concurrent mark sweep GC freed 369(8KB) AllocSpace objects, 0(0B) LOS objects, 7% free, 189MB/205MB, paused 1.115ms total 43.357ms
08-04 11:20:44.769  9285  9297 I art     : Starting a blocking GC Explicit
08-04 11:20:44.814  9285  9297 I art     : Explicit concurrent mark sweep GC freed 3468(131KB) AllocSpace objects, 2(48KB) LOS objects, 7% free, 189MB/205MB, paused 1.072ms total 43.935ms
08-04 11:20:44.828  9285  9297 I art     : Starting a blocking GC Explicit
08-04 11:20:44.872  9285  9297 I art     : Explicit concurrent mark sweep GC freed 362(7KB) AllocSpace objects, 0(0B) LOS objects, 7% free, 189MB/205MB, paused 1.018ms total 43.462ms
08-04 11:20:44.886  9285  9297 I art     : Starting a blocking GC Explicit
08-04 11:20:44.928  9285  9297 I art     : Explicit concurrent mark sweep GC freed 213(3KB) AllocSpace objects, 0(0B) LOS objects, 7% free, 189MB/205MB, paused 1.086ms total 42.053ms
08-04 11:20:44.943  9285  9297 I art     : Starting a blocking GC Explicit
08-04 11:20:44.985  9285  9297 I art     : Explicit concurrent mark sweep GC freed 281(4KB) AllocSpace objects, 0(0B) LOS objects, 7% free, 189MB/205MB, paused 1.189ms total 42.123ms
08-04 11:20:44.999  9285  9297 I art     : Starting a blocking GC Explicit
08-04 11:20:45.042  9285  9297 I art     : Explicit concurrent mark sweep GC freed 219(3KB) AllocSpace objects, 0(0B) LOS objects, 7% free, 189MB/205MB, paused 1.018ms total 42.342ms
08-04 11:20:45.434  9285  9563 I art     : Starting a blocking GC Explicit
08-04 11:20:45.479  9285  9563 I art     : Explicit concurrent mark sweep GC freed 3432(121KB) AllocSpace objects, 2(48KB) LOS objects, 7% free, 189MB/205MB, paused 1.074ms total 44.449ms
08-04 11:20:45.494  9285  9563 I art     : Starting a blocking GC Explicit
08-04 11:20:45.536  9285  9563 I art     : Explicit concurrent mark sweep GC freed 308(5KB) AllocSpace objects, 0(0B) LOS objects, 7% free, 189MB/205MB, paused 1.172ms total 42.284ms
08-04 11:20:45.550  9285  9563 I art     : Starting a blocking GC Explicit
08-04 11:20:45.593  9285  9563 I art     : Explicit concurrent mark sweep GC freed 213(3KB) AllocSpace objects, 0(0B) LOS objects, 7% free, 189MB/205MB, paused 1.027ms total 42.585ms
08-04 11:20:45.607  9285  9563 I art     : Starting a blocking GC Explicit
08-04 11:20:45.650  9285  9563 I art     : Explicit concurrent mark sweep GC freed 222(3KB) AllocSpace objects, 0(0B) LOS objects, 7% free, 189MB/205MB, paused 1.188ms total 42.253ms
08-04 11:20:45.664  9285  9563 I art     : Starting a blocking GC Explicit
08-04 11:20:45.706  9285  9563 I art     : Explicit concurrent mark sweep GC freed 273(4KB) AllocSpace objects, 0(0B) LOS objects, 7% free, 189MB/205MB, paused 989us total 42.064ms
08-04 11:20:46.104  9285  9305 I art     : Starting a blocking GC Explicit
08-04 11:20:46.147  9285  9305 I art     : Explicit concurrent mark sweep GC freed 3444(121KB) AllocSpace objects, 2(48KB) LOS objects, 7% free, 189MB/205MB, paused 1.106ms total 43.533ms
08-04 11:20:46.162  9285  9305 I art     : Starting a blocking GC Explicit
08-04 11:20:46.205  9285  9305 I art     : Explicit concurrent mark sweep GC freed 308(5KB) AllocSpace objects, 0(0B) LOS objects, 7% free, 189MB/205MB, paused 1.147ms total 43.012ms
08-04 11:20:46.219  9285  9305 I art     : Starting a blocking GC Explicit
08-04 11:20:46.261  9285  9305 I art     : Explicit concurrent mark sweep GC freed 213(3KB) AllocSpace objects, 0(0B) LOS objects, 7% free, 189MB/205MB, paused 1.031ms total 41.797ms
08-04 11:20:46.276  9285  9305 I art     : Starting a blocking GC Explicit
08-04 11:20:46.318  9285  9305 I art     : Explicit concurrent mark sweep GC freed 222(3KB) AllocSpace objects, 0(0B) LOS objects, 7% free, 189MB/205MB, paused 1.349ms total 42.235ms
08-04 11:20:46.332  9285  9305 I art     : Starting a blocking GC Explicit
08-04 11:20:46.375  9285  9305 I art     : Explicit concurrent mark sweep GC freed 274(4KB) AllocSpace objects, 0(0B) LOS objects, 7% free, 189MB/205MB, paused 1.014ms total 42.229ms
08-04 11:20:46.395 12316 12316 I ServiceManager: Waiting for service AtCmdFwd...
08-04 11:20:46.759  9285  9563 I art     : Starting a blocking GC Explicit
08-04 11:20:46.803  9285  9563 I art     : Explicit concurrent mark sweep GC freed 3365(120KB) AllocSpace objects, 2(48KB) LOS objects, 7% free, 189MB/205MB, paused 1.233ms total 43.831ms
08-04 11:20:46.817  9285  9563 I art     : Starting a blocking GC Explicit
08-04 11:20:46.861  9285  9563 I art     : Explicit concurrent mark sweep GC freed 338(6KB) AllocSpace objects, 0(0B) LOS objects, 7% free, 189MB/205MB, paused 1.015ms total 43.320ms
08-04 11:20:46.875  9285  9563 I art     : Starting a blocking GC Explicit
08-04 11:20:46.917  9285  9563 I art     : Explicit concurrent mark sweep GC freed 213(3KB) AllocSpace objects, 0(0B) LOS objects, 7% free, 189MB/205MB, paused 1.144ms total 42.104ms
08-04 11:20:46.931  9285  9563 I art     : Starting a blocking GC Explicit
08-04 11:20:46.974  9285  9563 I art     : Explicit concurrent mark sweep GC freed 283(4KB) AllocSpace objects, 0(0B) LOS objects, 7% free, 189MB/205MB, paused 1.160ms total 42.108ms
08-04 11:20:46.988  9285  9563 I art     : Starting a blocking GC Explicit
08-04 11:20:47.030  9285  9563 I art     : Explicit concurrent mark sweep GC freed 213(3KB) AllocSpace objects, 0(0B) LOS objects, 7% free, 189MB/205MB, paused 1.051ms total 41.870ms
08-04 11:20:47.395 12316 12316 I ServiceManager: Waiting for service AtCmdFwd...
08-04 11:20:47.401  9285  9297 I art     : Starting a blocking GC Explicit
08-04 11:20:47.462  9285  9297 I art     : Explicit concurrent mark sweep GC freed 3418(121KB) AllocSpace objects, 2(48KB) LOS objects, 7% free, 189MB/205MB, paused 1.039ms total 60.019ms
08-04 11:20:47.477  9285  9297 I art     : Starting a blocking GC Explicit
08-04 11:20:47.519  9285  9297 I art     : Explicit concurrent mark sweep GC freed 261(5KB) AllocSpace objects, 0(0B) LOS objects, 7% free, 189MB/205MB, paused 1.219ms total 42.342ms
08-04 11:20:47.533  9285  9297 I art     : Starting a blocking GC Explicit
08-04 11:20:47.576  9285  9297 I art     : Explicit concurrent mark sweep GC freed 287(4KB) AllocSpace objects, 0(0B) LOS objects, 7% free, 189MB/205MB, paused 1.166ms total 42.327ms
08-04 11:20:47.590  9285  9297 I art     : Starting a blocking GC Explicit
08-04 11:20:47.632  9285  9297 I art     : Explicit concurrent mark sweep GC freed 239(4KB) AllocSpace objects, 0(0B) LOS objects, 7% free, 189MB/205MB, paused 1.099ms total 42.049ms
08-04 11:20:47.647  9285  9297 I art     : Starting a blocking GC Explicit
08-04 11:20:47.689  9285  9297 I art     : Explicit concurrent mark sweep GC freed 315(5KB) AllocSpace objects, 0(0B) LOS objects, 7% free, 189MB/205MB, paused 1.226ms total 42.617ms
08-04 11:20:47.970 12554 12554 D AndroidRuntime: >>>>>> START com.android.internal.os.RuntimeInit uid 2000 <<<<<<
08-04 11:20:47.974 12554 12554 D AndroidRuntime: CheckJNI is OFF
08-04 11:20:48.004 12554 12554 D ICU     : No timezone override file found: /data/misc/zoneinfo/current/icu/icu_tzdata.dat
08-04 11:20:48.034 12554 12554 I Radio-JNI: register_android_hardware_Radio DONE
08-04 11:20:48.054 12554 12554 D AndroidRuntime: Calling main entry com.android.commands.input.Input
08-04 11:20:48.056 12554 12554 I Input   : injectKeyEvent: KeyEvent { action=ACTION_DOWN, keyCode=KEYCODE_BACK, scanCode=0, metaState=0, flags=0x0, repeatCount=0, eventTime=703264469, downTime=703264469, deviceId=-1, source=0x101 }
08-04 11:20:48.061  9285  9305 I art     : Starting a blocking GC Explicit
08-04 11:20:48.064 12554 12554 I Input   : injectKeyEvent: KeyEvent { action=ACTION_UP, keyCode=KEYCODE_BACK, scanCode=0, metaState=0, flags=0x0, repeatCount=0, eventTime=703264469, downTime=703264469, deviceId=-1, source=0x101 }
08-04 11:20:48.070 12554 12554 D AndroidRuntime: Shutting down VM
08-04 11:20:48.085  9285  9285 V MainActivity: url = https://project-travel-mate.herokuapp.com/api/number-of-unread-notifications
08-04 11:20:48.104  9285  9305 I art     : Explicit concurrent mark sweep GC freed 3740(143KB) AllocSpace objects, 2(48KB) LOS objects, 7% free, 189MB/205MB, paused 1.070ms total 43.150ms
08-04 11:20:48.119 13866 13866 I GoogleInputMethodServic: GoogleInputMethodService.onFinishInput():3138 
08-04 11:20:48.120 13866 13866 I GoogleInputMethodServic: GoogleInputMethodService.onStartInput():1808 
08-04 11:20:48.120  9285  9305 I art     : Starting a blocking GC Explicit
08-04 11:20:48.168  9285  9305 I art     : Explicit concurrent mark sweep GC freed 339(11KB) AllocSpace objects, 0(0B) LOS objects, 7% free, 189MB/205MB, paused 1.244ms total 47.870ms
08-04 11:20:48.183  9285  9305 I art     : Starting a blocking GC Explicit
08-04 11:20:48.227  9285  9305 I art     : Explicit concurrent mark sweep GC freed 90(3KB) AllocSpace objects, 0(0B) LOS objects, 7% free, 189MB/205MB, paused 1.099ms total 44.051ms
08-04 11:20:48.242  9285  9305 I art     : Starting a blocking GC Explicit
08-04 11:20:48.295  9285  9305 I art     : Explicit concurrent mark sweep GC freed 43(848B) AllocSpace objects, 0(0B) LOS objects, 7% free, 189MB/205MB, paused 1.098ms total 53.400ms
08-04 11:20:48.311  9285  9305 I art     : Starting a blocking GC Explicit
08-04 11:20:48.370  9285  9305 I art     : Explicit concurrent mark sweep GC freed 58(1824B) AllocSpace objects, 0(0B) LOS objects, 7% free, 189MB/205MB, paused 1.278ms total 58.085ms
08-04 11:20:48.396 12316 12316 I ServiceManager: Waiting for service AtCmdFwd...
08-04 11:20:48.418   380   380 W SurfaceFlinger: couldn't log to binary event log: overflow.
08-04 11:20:48.459   518   646 I ThermalEngine: ACTION: GPU - Setting GPU[0] to 450000000
08-04 11:20:48.543 13866 13882 I PeriodicStatsRunner: PeriodicStatsRunner.call():175 call()
08-04 11:20:48.544 13866 13882 I PeriodicStatsRunner: PeriodicStatsRunner.call():179 No submit PeriodicStats since input started.
08-04 11:20:48.729  9285 12577 I NAPPA_EXPERIMENTATION: MetricNetworkRequestExecutionTime: REQUEST_DURATION_SYSTEM='644',REQUEST_DURATION_OKHTTP='30',REQUEST_SYNCHRONOUS='FALSE',RESPONSE_CODE='200',RESPONSE_METHOD='GET',RESPONSE_LENGTH_OKHTTP='36',RESPONSE_LENGTH_HEADER='36',REQUEST_PROTOCOL='http/1.1',REQUEST_URL='https://project-travel-mate.herokuapp.com/api/number-of-unread-notifications',
08-04 11:20:48.789  9285  9305 I art     : Starting a blocking GC Explicit
08-04 11:20:48.875  9285  9305 I art     : Explicit concurrent mark sweep GC freed 4507(243KB) AllocSpace objects, 6(4MB) LOS objects, 7% free, 185MB/201MB, paused 1.999ms total 85.030ms
08-04 11:20:48.899  9285  9305 I art     : Starting a blocking GC Explicit
08-04 11:20:48.964  9285  9305 I art     : Explicit concurrent mark sweep GC freed 4701(295KB) AllocSpace objects, 2(56KB) LOS objects, 7% free, 185MB/201MB, paused 1.496ms total 64.707ms
08-04 11:20:48.984  9285  9305 I art     : Starting a blocking GC Explicit
08-04 11:20:49.052  9285  9305 I art     : Explicit concurrent mark sweep GC freed 3(96B) AllocSpace objects, 0(0B) LOS objects, 7% free, 185MB/201MB, paused 1.721ms total 68.366ms
08-04 11:20:49.076  9285  9305 I art     : Starting a blocking GC Explicit
08-04 11:20:49.141  9285  9305 I art     : Explicit concurrent mark sweep GC freed 3(96B) AllocSpace objects, 0(0B) LOS objects, 7% free, 185MB/201MB, paused 1.487ms total 64.841ms
08-04 11:20:49.161  9285  9305 I art     : Starting a blocking GC Explicit
08-04 11:20:49.226  9285  9305 I art     : Explicit concurrent mark sweep GC freed 3(96B) AllocSpace objects, 0(0B) LOS objects, 7% free, 185MB/201MB, paused 1.569ms total 64.884ms
08-04 11:20:49.396 12316 12316 I ServiceManager: Waiting for service AtCmdFwd...
08-04 11:20:49.632  9285  9297 I art     : Starting a blocking GC Explicit
08-04 11:20:49.704  9285  9297 I art     : Explicit concurrent mark sweep GC freed 1598(92KB) AllocSpace objects, 2(48KB) LOS objects, 7% free, 185MB/201MB, paused 1.597ms total 71.811ms
08-04 11:20:49.725  9285  9297 I art     : Starting a blocking GC Explicit
08-04 11:20:49.784  9285  9297 I art     : Explicit concurrent mark sweep GC freed 38(1568B) AllocSpace objects, 0(0B) LOS objects, 7% free, 185MB/201MB, paused 1.465ms total 59.387ms
08-04 11:20:49.804  9285  9297 I art     : Starting a blocking GC Explicit
08-04 11:20:49.856 12589 12589 D AndroidRuntime: >>>>>> START com.android.internal.os.RuntimeInit uid 2000 <<<<<<
08-04 11:20:49.862 12589 12589 D AndroidRuntime: CheckJNI is OFF
08-04 11:20:49.869  9285  9297 I art     : Explicit concurrent mark sweep GC freed 40(1088B) AllocSpace objects, 0(0B) LOS objects, 7% free, 185MB/201MB, paused 1.715ms total 64.981ms
08-04 11:20:49.890  9285  9297 I art     : Starting a blocking GC Explicit
08-04 11:20:49.908 12589 12589 D ICU     : No timezone override file found: /data/misc/zoneinfo/current/icu/icu_tzdata.dat
08-04 11:20:49.954  9285  9297 I art     : Explicit concurrent mark sweep GC freed 3(96B) AllocSpace objects, 0(0B) LOS objects, 7% free, 185MB/201MB, paused 1.674ms total 64.005ms
08-04 11:20:49.956 12589 12589 I Radio-JNI: register_android_hardware_Radio DONE
08-04 11:20:49.974  9285  9297 I art     : Starting a blocking GC Explicit
08-04 11:20:49.987 12589 12589 D AndroidRuntime: Calling main entry com.android.commands.input.Input
08-04 11:20:49.990 12589 12589 I Input   : injectMotionEvent: MotionEvent { action=ACTION_DOWN, actionButton=0, id[0]=0, x[0]=117.0, y[0]=170.0, toolType[0]=TOOL_TYPE_UNKNOWN, buttonState=0, metaState=0, flags=0x0, edgeFlags=0x0, pointerCount=1, historySize=0, eventTime=703266402, downTime=703266402, deviceId=0, source=0x1002 }
08-04 11:20:49.996 12589 12589 I Input   : injectMotionEvent: MotionEvent { action=ACTION_UP, actionButton=0, id[0]=0, x[0]=117.0, y[0]=170.0, toolType[0]=TOOL_TYPE_UNKNOWN, buttonState=0, metaState=0, flags=0x0, edgeFlags=0x0, pointerCount=1, historySize=0, eventTime=703266402, downTime=703266402, deviceId=0, source=0x1002 }
08-04 11:20:49.998 12589 12589 D AndroidRuntime: Shutting down VM
08-04 11:20:50.007   512  2967 D audio_hw_primary: out_set_parameters: enter: usecase(1: low-latency-playback) kvpairs: routing=2
08-04 11:20:50.020   512  2967 D audio_hw_primary: select_devices: out_snd_device(2: speaker) in_snd_device(0: none)
08-04 11:20:50.020   512  2967 D msm8974_platform: platform_send_audio_calibration: sending audio calibration for snd_device(2) acdb_id(15)
08-04 11:20:50.021   512  2967 I soundtrigger: audio_extn_sound_trigger_update_device_status: device 0x2 of type 0 for Event 1
08-04 11:20:50.034   512  2967 D audio_hw_primary: enable_snd_device: snd_device(2: speaker)
08-04 11:20:50.035  9285  9297 I art     : Explicit concurrent mark sweep GC freed 26(832B) AllocSpace objects, 0(0B) LOS objects, 7% free, 185MB/201MB, paused 1.825ms total 60.537ms
08-04 11:20:50.038   512  2967 D audio_hw_primary: enable_audio_route: apply and update mixer path: low-latency-playback speaker
08-04 11:20:50.397 12316 12316 I ServiceManager: Waiting for service AtCmdFwd...
08-04 11:20:50.432  9285  9297 I art     : Starting a blocking GC Explicit
08-04 11:20:50.466   518   646 I ThermalEngine: ACTION: GPU - Setting GPU[0] to 510000000
08-04 11:20:50.499  9285  9297 I art     : Explicit concurrent mark sweep GC freed 2012(114KB) AllocSpace objects, 2(48KB) LOS objects, 7% free, 185MB/201MB, paused 2.024ms total 65.984ms
08-04 11:20:50.516  9285  9297 I art     : Starting a blocking GC Explicit
08-04 11:20:50.564  9285  9297 I art     : Explicit concurrent mark sweep GC freed 101(3KB) AllocSpace objects, 0(0B) LOS objects, 7% free, 185MB/201MB, paused 1.284ms total 47.820ms
08-04 11:20:50.579   512  2967 D audio_hw_primary: disable_audio_route: reset and update mixer path: low-latency-playback speaker
08-04 11:20:50.579  9285  9297 I art     : Starting a blocking GC Explicit
08-04 11:20:50.580   512  2967 D audio_hw_primary: disable_snd_device: snd_device(2: speaker)
08-04 11:20:50.588   512  2967 I soundtrigger: audio_extn_sound_trigger_update_device_status: device 0x2 of type 0 for Event 0
08-04 11:20:50.627  9285  9297 I art     : Explicit concurrent mark sweep GC freed 3(96B) AllocSpace objects, 0(0B) LOS objects, 7% free, 185MB/201MB, paused 1.164ms total 48.001ms
08-04 11:20:50.642  9285  9297 I art     : Starting a blocking GC Explicit
08-04 11:20:50.688  9285  9297 I art     : Explicit concurrent mark sweep GC freed 3(96B) AllocSpace objects, 0(0B) LOS objects, 7% free, 185MB/201MB, paused 1.130ms total 45.200ms
08-04 11:20:50.701 12620 12620 D AndroidRuntime: >>>>>> START com.android.internal.os.RuntimeInit uid 2000 <<<<<<
08-04 11:20:50.703  9285  9297 I art     : Starting a blocking GC Explicit
08-04 11:20:50.705 12620 12620 D AndroidRuntime: CheckJNI is OFF
08-04 11:20:50.738 12620 12620 D ICU     : No timezone override file found: /data/misc/zoneinfo/current/icu/icu_tzdata.dat
08-04 11:20:50.751  9285  9297 I art     : Explicit concurrent mark sweep GC freed 3(96B) AllocSpace objects, 0(0B) LOS objects, 7% free, 185MB/201MB, paused 1.226ms total 47.650ms
08-04 11:20:50.776 12620 12620 I Radio-JNI: register_android_hardware_Radio DONE
08-04 11:20:50.798 12620 12620 D AndroidRuntime: Calling main entry com.android.commands.input.Input
08-04 11:20:50.799 12620 12620 I Input   : injectMotionEvent: MotionEvent { action=ACTION_DOWN, actionButton=0, id[0]=0, x[0]=418.0, y[0]=842.0, toolType[0]=TOOL_TYPE_UNKNOWN, buttonState=0, metaState=0, flags=0x0, edgeFlags=0x0, pointerCount=1, historySize=0, eventTime=703267212, downTime=703267212, deviceId=0, source=0x1002 }
08-04 11:20:50.803 12620 12620 I Input   : injectMotionEvent: MotionEvent { action=ACTION_UP, actionButton=0, id[0]=0, x[0]=418.0, y[0]=842.0, toolType[0]=TOOL_TYPE_UNKNOWN, buttonState=0, metaState=0, flags=0x0, edgeFlags=0x0, pointerCount=1, historySize=0, eventTime=703267212, downTime=703267212, deviceId=0, source=0x1002 }
08-04 11:20:50.806 12620 12620 D AndroidRuntime: Shutting down VM
08-04 11:20:50.827   512  2967 D audio_hw_primary: out_set_parameters: enter: usecase(1: low-latency-playback) kvpairs: routing=2
08-04 11:20:50.829  9285  9366 D Gabe    : call	returning from cache
08-04 11:20:50.841   512  2967 D audio_hw_primary: select_devices: out_snd_device(2: speaker) in_snd_device(0: none)
08-04 11:20:50.841   512  2967 D msm8974_platform: platform_send_audio_calibration: sending audio calibration for snd_device(2) acdb_id(15)
08-04 11:20:50.841   512  2967 I soundtrigger: audio_extn_sound_trigger_update_device_status: device 0x2 of type 0 for Event 1
08-04 11:20:50.845  9285  9285 V MainActivity: url = https://project-travel-mate.herokuapp.com/api/number-of-unread-notifications
08-04 11:20:50.850   512  2967 D audio_hw_primary: enable_snd_device: snd_device(2: speaker)
08-04 11:20:50.852   512  2967 D audio_hw_primary: enable_audio_route: apply and update mixer path: low-latency-playback speaker
08-04 11:20:50.899   512  2967 D AudioFlinger: mixer(0xf4740000) throttle end: throttle time(12)
08-04 11:20:51.078  9285  9296 I art     : Starting a blocking GC Explicit
08-04 11:20:51.136  9285  9296 I art     : Explicit concurrent mark sweep GC freed 4273(265KB) AllocSpace objects, 2(48KB) LOS objects, 7% free, 186MB/202MB, paused 1.672ms total 56.936ms
08-04 11:20:51.151  9285  9296 I art     : Starting a blocking GC Explicit
08-04 11:20:51.205  9285  9296 I art     : Explicit concurrent mark sweep GC freed 926(48KB) AllocSpace objects, 0(0B) LOS objects, 7% free, 186MB/202MB, paused 2.173ms total 53.754ms
08-04 11:20:51.205  9285  9295 I art     : WaitForGcToComplete blocked for 53.984ms for cause HeapTrim
08-04 11:20:51.221  9285  9296 I art     : Starting a blocking GC Explicit
08-04 11:20:51.275  9285  9296 I art     : Explicit concurrent mark sweep GC freed 1701(56KB) AllocSpace objects, 0(0B) LOS objects, 7% free, 186MB/202MB, paused 1.685ms total 52.948ms
08-04 11:20:51.289  9285  9296 I art     : Starting a blocking GC Explicit
08-04 11:20:51.342  9285  9296 I art     : Explicit concurrent mark sweep GC freed 1042(68KB) AllocSpace objects, 9(252KB) LOS objects, 7% free, 186MB/202MB, paused 1.512ms total 52.405ms
08-04 11:20:51.357  9285  9296 I art     : Starting a blocking GC Explicit
08-04 11:20:51.388   512  2967 D audio_hw_primary: disable_audio_route: reset and update mixer path: low-latency-playback speaker
08-04 11:20:51.389   512  2967 D audio_hw_primary: disable_snd_device: snd_device(2: speaker)
08-04 11:20:51.397   512  2967 I soundtrigger: audio_extn_sound_trigger_update_device_status: device 0x2 of type 0 for Event 0
08-04 11:20:51.398 12316 12316 W Atfwd_Sendcmd: AtCmdFwd service not published, waiting... retryCnt : 2
08-04 11:20:51.410  9285  9296 I art     : Explicit concurrent mark sweep GC freed 1087(44KB) AllocSpace objects, 0(0B) LOS objects, 7% free, 186MB/202MB, paused 1.476ms total 53.058ms
08-04 11:20:51.702  9285 12636 I NAPPA_EXPERIMENTATION: MetricNetworkRequestExecutionTime: REQUEST_DURATION_SYSTEM='856',REQUEST_DURATION_OKHTTP='32',REQUEST_SYNCHRONOUS='FALSE',RESPONSE_CODE='200',RESPONSE_METHOD='GET',RESPONSE_LENGTH_OKHTTP='36',RESPONSE_LENGTH_HEADER='36',REQUEST_PROTOCOL='http/1.1',REQUEST_URL='https://project-travel-mate.herokuapp.com/api/number-of-unread-notifications',
08-04 11:20:51.771  9285  9297 I art     : Starting a blocking GC Explicit
08-04 11:20:51.832  9285  9297 I art     : Explicit concurrent mark sweep GC freed 5275(261KB) AllocSpace objects, 5(264KB) LOS objects, 7% free, 186MB/202MB, paused 1.220ms total 60.889ms
08-04 11:20:51.851  9285  9297 I art     : Starting a blocking GC Explicit
08-04 11:20:51.905  9285  9297 I art     : Explicit concurrent mark sweep GC freed 1063(118KB) AllocSpace objects, 0(0B) LOS objects, 7% free, 186MB/202MB, paused 1.132ms total 54.006ms
08-04 11:20:51.920  9285  9297 I art     : Starting a blocking GC Explicit
08-04 11:20:51.975  9285  9297 I art     : Explicit concurrent mark sweep GC freed 120(2032B) AllocSpace objects, 0(0B) LOS objects, 7% free, 186MB/202MB, paused 1.266ms total 54.693ms
08-04 11:20:51.991  9285  9297 I art     : Starting a blocking GC Explicit
08-04 11:20:52.047  9285  9297 I art     : Explicit concurrent mark sweep GC freed 102(1760B) AllocSpace objects, 0(0B) LOS objects, 7% free, 186MB/202MB, paused 1.366ms total 55.782ms
08-04 11:20:52.063  9285  9297 I art     : Starting a blocking GC Explicit
08-04 11:20:52.120  9285  9297 I art     : Explicit concurrent mark sweep GC freed 99(1696B) AllocSpace objects, 0(0B) LOS objects, 7% free, 186MB/202MB, paused 1.233ms total 56.767ms
08-04 11:20:52.495  9285  9563 I art     : Starting a blocking GC Explicit
08-04 11:20:52.553  9285  9563 I art     : Explicit concurrent mark sweep GC freed 2223(102KB) AllocSpace objects, 2(64KB) LOS objects, 7% free, 186MB/202MB, paused 1.358ms total 57.539ms
08-04 11:20:52.571  9285  9563 I art     : Starting a blocking GC Explicit
08-04 11:20:52.618  9285  9563 I art     : Explicit concurrent mark sweep GC freed 138(3KB) AllocSpace objects, 0(0B) LOS objects, 7% free, 186MB/202MB, paused 1.102ms total 47.663ms
08-04 11:20:52.633  9285  9563 I art     : Starting a blocking GC Explicit
08-04 11:20:52.682  9285  9563 I art     : Explicit concurrent mark sweep GC freed 119(2528B) AllocSpace objects, 0(0B) LOS objects, 7% free, 186MB/202MB, paused 1.045ms total 48.335ms
08-04 11:20:52.697  9285  9563 I art     : Starting a blocking GC Explicit
08-04 11:20:52.745  9285  9563 I art     : Explicit concurrent mark sweep GC freed 112(2320B) AllocSpace objects, 0(0B) LOS objects, 7% free, 186MB/202MB, paused 1.025ms total 48.325ms
08-04 11:20:52.761  9285  9563 I art     : Starting a blocking GC Explicit
08-04 11:20:52.815  9285  9563 I art     : Explicit concurrent mark sweep GC freed 100(1760B) AllocSpace objects, 0(0B) LOS objects, 7% free, 186MB/202MB, paused 1.190ms total 53.723ms
08-04 11:20:53.120 13866 13882 I PeriodicStatsRunner: PeriodicStatsRunner.call():175 call()
08-04 11:20:53.120 13866 13882 I PeriodicStatsRunner: PeriodicStatsRunner.call():179 No submit PeriodicStats since input started.
08-04 11:20:53.221  9285  9297 I art     : Starting a blocking GC Explicit
08-04 11:20:53.278  9285  9297 I art     : Explicit concurrent mark sweep GC freed 2293(104KB) AllocSpace objects, 2(64KB) LOS objects, 7% free, 186MB/202MB, paused 1.420ms total 57.130ms
08-04 11:20:53.294  9285  9297 I art     : Starting a blocking GC Explicit
08-04 11:20:53.347  9285  9297 I art     : Explicit concurrent mark sweep GC freed 127(2672B) AllocSpace objects, 0(0B) LOS objects, 7% free, 186MB/202MB, paused 1.346ms total 52.914ms
08-04 11:20:53.363  9285  9297 I art     : Starting a blocking GC Explicit
08-04 11:20:53.416  9285  9297 I art     : Explicit concurrent mark sweep GC freed 100(1728B) AllocSpace objects, 0(0B) LOS objects, 7% free, 186MB/202MB, paused 1.186ms total 52.977ms
08-04 11:20:53.432  9285  9297 I art     : Starting a blocking GC Explicit
08-04 11:20:53.486  9285  9297 I art     : Explicit concurrent mark sweep GC freed 104(1920B) AllocSpace objects, 0(0B) LOS objects, 7% free, 186MB/202MB, paused 1.179ms total 53.200ms
08-04 11:20:53.501  9285  9297 I art     : Starting a blocking GC Explicit
08-04 11:20:53.514 12684 12684 D AndroidRuntime: >>>>>> START com.android.internal.os.RuntimeInit uid 2000 <<<<<<
08-04 11:20:53.519 12684 12684 D AndroidRuntime: CheckJNI is OFF
08-04 11:20:53.552 12684 12684 D ICU     : No timezone override file found: /data/misc/zoneinfo/current/icu/icu_tzdata.dat
08-04 11:20:53.555  9285  9297 I art     : Explicit concurrent mark sweep GC freed 112(2448B) AllocSpace objects, 0(0B) LOS objects, 7% free, 186MB/202MB, paused 1.362ms total 53.437ms
08-04 11:20:53.588 12684 12684 I Radio-JNI: register_android_hardware_Radio DONE
08-04 11:20:53.609 12684 12684 D AndroidRuntime: Calling main entry com.android.commands.am.Am
08-04 11:20:53.626  2375  2375 I Trepn   : Trepn 6.2s: Received intent: com.quicinc.trepn.stop_profiling
08-04 11:20:53.667  2375  2375 I Trepn   : Trepn 6.2s: Trepn has Stopped Profiling.
08-04 11:20:53.833 12684 12684 D AndroidRuntime: Shutting down VM
08-04 11:20:53.839   918  5952 W AppOps  : Finishing op nesting under-run: uid 10078 pkg com.quicinc.trepn code 24 time=0 duration=0 nesting=0
08-04 11:20:53.925  9285  9305 I art     : Starting a blocking GC Explicit
08-04 11:20:53.980  9285  9305 I art     : Explicit concurrent mark sweep GC freed 2250(103KB) AllocSpace objects, 2(64KB) LOS objects, 7% free, 186MB/202MB, paused 1.289ms total 55.330ms
08-04 11:20:53.996  9285  9305 I art     : Starting a blocking GC Explicit
08-04 11:20:54.053  9285  9305 I art     : Explicit concurrent mark sweep GC freed 126(2688B) AllocSpace objects, 0(0B) LOS objects, 7% free, 186MB/202MB, paused 1.404ms total 56.587ms
08-04 11:20:54.070  9285  9305 I art     : Starting a blocking GC Explicit
08-04 11:20:54.122  9285  9305 I art     : Explicit concurrent mark sweep GC freed 99(1696B) AllocSpace objects, 0(0B) LOS objects, 7% free, 186MB/202MB, paused 1.128ms total 52.221ms
08-04 11:20:54.138  9285  9305 I art     : Starting a blocking GC Explicit
08-04 11:20:54.190  9285  9305 I art     : Explicit concurrent mark sweep GC freed 99(1696B) AllocSpace objects, 0(0B) LOS objects, 7% free, 186MB/202MB, paused 1.084ms total 51.605ms
08-04 11:20:54.206  9285  9305 I art     : Starting a blocking GC Explicit
08-04 11:20:54.259  9285  9305 I art     : Explicit concurrent mark sweep GC freed 99(1696B) AllocSpace objects, 0(0B) LOS objects, 7% free, 186MB/202MB, paused 1.235ms total 52.576ms
