08-04 02:42:47.279 12467 12526 I art     : Explicit concurrent mark sweep GC freed 2477(179KB) AllocSpace objects, 1(80KB) LOS objects, 26% free, 44MB/60MB, paused 616us total 30.045ms
08-04 02:42:47.436 13866 13866 I GoogleInputMethodServic: GoogleInputMethodService.onFinishInput():3138 
08-04 02:42:47.436 13866 13866 I GoogleInputMethodServic: GoogleInputMethodService.onStartInput():1808 
08-04 02:42:47.593 12467 12480 I art     : Starting a blocking GC Explicit
08-04 02:42:47.628 12467 12480 I art     : Explicit concurrent mark sweep GC freed 4066(1320KB) AllocSpace objects, 22(4MB) LOS objects, 28% free, 40MB/56MB, paused 631us total 34.570ms
08-04 02:42:47.629 12467 12478 I art     : WaitForGcToComplete blocked for 32.226ms for cause HeapTrim
08-04 02:42:47.641 12467 12480 I art     : Starting a blocking GC Explicit
08-04 02:42:47.673 12467 12480 I art     : Explicit concurrent mark sweep GC freed 281(6KB) AllocSpace objects, 0(0B) LOS objects, 28% free, 40MB/56MB, paused 641us total 32.183ms
08-04 02:42:47.686 12467 12480 I art     : Starting a blocking GC Explicit
08-04 02:42:47.719 12467 12480 I art     : Explicit concurrent mark sweep GC freed 219(3KB) AllocSpace objects, 0(0B) LOS objects, 28% free, 40MB/56MB, paused 750us total 33.055ms
08-04 02:42:47.732 12467 12480 I art     : Starting a blocking GC Explicit
08-04 02:42:47.740 13589 13589 I ServiceManager: Waiting for service AtCmdFwd...
08-04 02:42:47.766 12467 12480 I art     : Explicit concurrent mark sweep GC freed 147(2496B) AllocSpace objects, 0(0B) LOS objects, 28% free, 40MB/56MB, paused 792us total 33.346ms
08-04 02:42:47.779 12467 12480 I art     : Starting a blocking GC Explicit
08-04 02:42:47.812 12467 12480 I art     : Explicit concurrent mark sweep GC freed 220(3KB) AllocSpace objects, 0(0B) LOS objects, 28% free, 40MB/56MB, paused 619us total 33.233ms
08-04 02:42:48.152 12467 12479 I art     : Starting a blocking GC Explicit
08-04 02:42:48.187 12467 12479 I art     : Explicit concurrent mark sweep GC freed 3096(110KB) AllocSpace objects, 2(40KB) LOS objects, 28% free, 40MB/56MB, paused 729us total 34.862ms
08-04 02:42:48.201 12467 12479 I art     : Starting a blocking GC Explicit
08-04 02:42:48.235 12467 12479 I art     : Explicit concurrent mark sweep GC freed 238(4KB) AllocSpace objects, 0(0B) LOS objects, 28% free, 40MB/56MB, paused 784us total 34.274ms
08-04 02:42:48.249 12467 12479 I art     : Starting a blocking GC Explicit
08-04 02:42:48.284 12467 12479 I art     : Explicit concurrent mark sweep GC freed 182(3KB) AllocSpace objects, 0(0B) LOS objects, 28% free, 40MB/56MB, paused 823us total 34.754ms
08-04 02:42:48.297 12467 12479 I art     : Starting a blocking GC Explicit
08-04 02:42:48.333 12467 12479 I art     : Explicit concurrent mark sweep GC freed 201(3KB) AllocSpace objects, 0(0B) LOS objects, 28% free, 40MB/56MB, paused 770us total 35.082ms
08-04 02:42:48.348 12467 12479 I art     : Starting a blocking GC Explicit
08-04 02:42:48.382 12467 12479 I art     : Explicit concurrent mark sweep GC freed 225(3KB) AllocSpace objects, 0(0B) LOS objects, 28% free, 40MB/56MB, paused 610us total 34.087ms
08-04 02:42:48.741 13589 13589 I ServiceManager: Waiting for service AtCmdFwd...
08-04 02:42:48.758 12467 12480 I art     : Starting a blocking GC Explicit
08-04 02:42:48.793 12467 12480 I art     : Explicit concurrent mark sweep GC freed 3250(113KB) AllocSpace objects, 2(40KB) LOS objects, 28% free, 40MB/56MB, paused 659us total 35.304ms
08-04 02:42:48.807 12467 12480 I art     : Starting a blocking GC Explicit
08-04 02:42:48.840 12467 12480 I art     : Explicit concurrent mark sweep GC freed 238(4KB) AllocSpace objects, 0(0B) LOS objects, 28% free, 40MB/56MB, paused 670us total 33.650ms
08-04 02:42:48.854 12467 12480 I art     : Starting a blocking GC Explicit
08-04 02:42:48.887 12467 12480 I art     : Explicit concurrent mark sweep GC freed 218(3KB) AllocSpace objects, 0(0B) LOS objects, 28% free, 40MB/56MB, paused 711us total 33.281ms
08-04 02:42:48.900 12467 12480 I art     : Starting a blocking GC Explicit
08-04 02:42:48.935 12467 12480 I art     : Explicit concurrent mark sweep GC freed 173(2928B) AllocSpace objects, 0(0B) LOS objects, 28% free, 40MB/56MB, paused 891us total 34.409ms
08-04 02:42:48.948 12467 12480 I art     : Starting a blocking GC Explicit
08-04 02:42:48.983 12467 12480 I art     : Explicit concurrent mark sweep GC freed 194(3KB) AllocSpace objects, 0(0B) LOS objects, 28% free, 40MB/56MB, paused 652us total 34.535ms
08-04 02:42:49.363 12467 12525 I art     : Starting a blocking GC Explicit
08-04 02:42:49.398 12467 12525 I art     : Explicit concurrent mark sweep GC freed 3239(113KB) AllocSpace objects, 2(40KB) LOS objects, 28% free, 40MB/56MB, paused 664us total 34.706ms
08-04 02:42:49.411 12467 12525 I art     : Starting a blocking GC Explicit
08-04 02:42:49.443 12467 12525 I art     : Explicit concurrent mark sweep GC freed 248(4KB) AllocSpace objects, 0(0B) LOS objects, 28% free, 40MB/56MB, paused 652us total 32.158ms
08-04 02:42:49.456 12467 12525 I art     : Starting a blocking GC Explicit
08-04 02:42:49.489 12467 12525 I art     : Explicit concurrent mark sweep GC freed 219(3KB) AllocSpace objects, 0(0B) LOS objects, 28% free, 40MB/56MB, paused 663us total 32.758ms
08-04 02:42:49.502 12467 12525 I art     : Starting a blocking GC Explicit
08-04 02:42:49.535 12467 12525 I art     : Explicit concurrent mark sweep GC freed 152(2576B) AllocSpace objects, 0(0B) LOS objects, 28% free, 40MB/56MB, paused 816us total 32.708ms
08-04 02:42:49.548 12467 12525 I art     : Starting a blocking GC Explicit
08-04 02:42:49.581 12467 12525 I art     : Explicit concurrent mark sweep GC freed 214(3KB) AllocSpace objects, 0(0B) LOS objects, 28% free, 40MB/56MB, paused 651us total 33.072ms
08-04 02:42:49.741 13589 13589 I ServiceManager: Waiting for service AtCmdFwd...
08-04 02:42:49.956 12467 12526 I art     : Starting a blocking GC Explicit
08-04 02:42:49.994 12467 12526 I art     : Explicit concurrent mark sweep GC freed 3228(112KB) AllocSpace objects, 2(40KB) LOS objects, 28% free, 40MB/56MB, paused 645us total 36.970ms
08-04 02:42:50.009 12467 12526 I art     : Starting a blocking GC Explicit
08-04 02:42:50.041 12467 12526 I art     : Explicit concurrent mark sweep GC freed 238(4KB) AllocSpace objects, 0(0B) LOS objects, 28% free, 40MB/56MB, paused 645us total 31.499ms
08-04 02:42:50.054 12467 12526 I art     : Starting a blocking GC Explicit
08-04 02:42:50.087 12467 12526 I art     : Explicit concurrent mark sweep GC freed 197(3KB) AllocSpace objects, 0(0B) LOS objects, 28% free, 40MB/56MB, paused 808us total 32.656ms
08-04 02:42:50.100 12467 12526 I art     : Starting a blocking GC Explicit
08-04 02:42:50.133 12467 12526 I art     : Explicit concurrent mark sweep GC freed 169(2880B) AllocSpace objects, 0(0B) LOS objects, 28% free, 40MB/56MB, paused 625us total 32.628ms
08-04 02:42:50.146 12467 12526 I art     : Starting a blocking GC Explicit
08-04 02:42:50.179 12467 12526 I art     : Explicit concurrent mark sweep GC freed 219(3KB) AllocSpace objects, 0(0B) LOS objects, 28% free, 40MB/56MB, paused 644us total 33.200ms
08-04 02:42:50.407   918 13198 D NetlinkSocketObserver: NeighborEvent{elapsedMs=1655574281, 192.168.2.254, [7C3953A63323], RTM_NEWNEIGH, NUD_PROBE}
08-04 02:42:50.539 12467 12479 I art     : Starting a blocking GC Explicit
08-04 02:42:50.576 12467 12479 I art     : Explicit concurrent mark sweep GC freed 3155(111KB) AllocSpace objects, 2(40KB) LOS objects, 28% free, 40MB/56MB, paused 659us total 36.543ms
08-04 02:42:50.593 12467 12479 I art     : Starting a blocking GC Explicit
08-04 02:42:50.625 12467 12479 I art     : Explicit concurrent mark sweep GC freed 238(4KB) AllocSpace objects, 0(0B) LOS objects, 28% free, 40MB/56MB, paused 599us total 31.884ms
08-04 02:42:50.638 12467 12479 I art     : Starting a blocking GC Explicit
08-04 02:42:50.670 12467 12479 I art     : Explicit concurrent mark sweep GC freed 189(3KB) AllocSpace objects, 0(0B) LOS objects, 28% free, 40MB/56MB, paused 756us total 32.482ms
08-04 02:42:50.683 12467 12479 I art     : Starting a blocking GC Explicit
08-04 02:42:50.717 12467 12479 I art     : Explicit concurrent mark sweep GC freed 177(3024B) AllocSpace objects, 0(0B) LOS objects, 28% free, 40MB/56MB, paused 706us total 33.514ms
08-04 02:42:50.730 12467 12479 I art     : Starting a blocking GC Explicit
08-04 02:42:50.742 13589 13589 I ServiceManager: Waiting for service AtCmdFwd...
08-04 02:42:50.762 12467 12479 I art     : Explicit concurrent mark sweep GC freed 219(3KB) AllocSpace objects, 0(0B) LOS objects, 28% free, 40MB/56MB, paused 616us total 31.812ms
08-04 02:42:51.101 12467 12480 I art     : Starting a blocking GC Explicit
08-04 02:42:51.135 12467 12480 I art     : Explicit concurrent mark sweep GC freed 3024(109KB) AllocSpace objects, 2(40KB) LOS objects, 28% free, 40MB/56MB, paused 673us total 34.154ms
08-04 02:42:51.148 12467 12480 I art     : Starting a blocking GC Explicit
08-04 02:42:51.180 12467 12480 I art     : Explicit concurrent mark sweep GC freed 248(4KB) AllocSpace objects, 0(0B) LOS objects, 28% free, 40MB/56MB, paused 650us total 31.847ms
08-04 02:42:51.193 12467 12480 I art     : Starting a blocking GC Explicit
08-04 02:42:51.225 12467 12480 I art     : Explicit concurrent mark sweep GC freed 183(3KB) AllocSpace objects, 0(0B) LOS objects, 28% free, 40MB/56MB, paused 684us total 32.041ms
08-04 02:42:51.238 12467 12480 I art     : Starting a blocking GC Explicit
08-04 02:42:51.271 12467 12480 I art     : Explicit concurrent mark sweep GC freed 190(3KB) AllocSpace objects, 0(0B) LOS objects, 28% free, 40MB/56MB, paused 728us total 32.434ms
08-04 02:42:51.284 12467 12480 I art     : Starting a blocking GC Explicit
08-04 02:42:51.316 12467 12480 I art     : Explicit concurrent mark sweep GC freed 213(3KB) AllocSpace objects, 0(0B) LOS objects, 28% free, 40MB/56MB, paused 655us total 31.781ms
08-04 02:42:51.357 13667 13667 D AndroidRuntime: >>>>>> START com.android.internal.os.RuntimeInit uid 2000 <<<<<<
08-04 02:42:51.361 13667 13667 D AndroidRuntime: CheckJNI is OFF
08-04 02:42:51.395 13667 13667 D ICU     : No timezone override file found: /data/misc/zoneinfo/current/icu/icu_tzdata.dat
08-04 02:42:51.429 13667 13667 I Radio-JNI: register_android_hardware_Radio DONE
08-04 02:42:51.451 13667 13667 D AndroidRuntime: Calling main entry com.android.commands.input.Input
08-04 02:42:51.453 13667 13667 I Input   : injectKeyEvent: KeyEvent { action=ACTION_DOWN, keyCode=KEYCODE_BACK, scanCode=0, metaState=0, flags=0x0, repeatCount=0, eventTime=672187866, downTime=672187866, deviceId=-1, source=0x101 }
08-04 02:42:51.460 13667 13667 I Input   : injectKeyEvent: KeyEvent { action=ACTION_UP, keyCode=KEYCODE_BACK, scanCode=0, metaState=0, flags=0x0, repeatCount=0, eventTime=672187866, downTime=672187866, deviceId=-1, source=0x101 }
08-04 02:42:51.469 13667 13667 D AndroidRuntime: Shutting down VM
08-04 02:42:51.509 13866 13866 I GoogleInputMethodServic: GoogleInputMethodService.onFinishInput():3138 
08-04 02:42:51.510 13866 13866 I GoogleInputMethodServic: GoogleInputMethodService.onStartInput():1808 
08-04 02:42:51.623 12467 12526 I art     : Starting a blocking GC Explicit
08-04 02:42:51.665 12467 12526 I art     : Explicit concurrent mark sweep GC freed 3043(111KB) AllocSpace objects, 2(40KB) LOS objects, 28% free, 40MB/56MB, paused 681us total 41.574ms
08-04 02:42:51.679 12467 12526 I art     : Starting a blocking GC Explicit
08-04 02:42:51.722 12467 12526 I art     : Explicit concurrent mark sweep GC freed 274(4KB) AllocSpace objects, 0(0B) LOS objects, 28% free, 40MB/56MB, paused 751us total 41.921ms
08-04 02:42:51.739 12467 12526 I art     : Starting a blocking GC Explicit
08-04 02:42:51.742 13589 13589 W Atfwd_Sendcmd: AtCmdFwd service not published, waiting... retryCnt : 1
08-04 02:42:51.776 12467 12526 I art     : Explicit concurrent mark sweep GC freed 259(4KB) AllocSpace objects, 0(0B) LOS objects, 28% free, 40MB/56MB, paused 740us total 36.463ms
08-04 02:42:51.791 12467 12526 I art     : Starting a blocking GC Explicit
08-04 02:42:51.804   380   380 W SurfaceFlinger: couldn't log to binary event log: overflow.
08-04 02:42:51.825 12467 12526 I art     : Explicit concurrent mark sweep GC freed 193(3KB) AllocSpace objects, 1(188KB) LOS objects, 28% free, 40MB/56MB, paused 610us total 33.235ms
08-04 02:42:51.838 12467 12526 I art     : Starting a blocking GC Explicit
08-04 02:42:51.871 12467 12526 I art     : Explicit concurrent mark sweep GC freed 222(8KB) AllocSpace objects, 0(0B) LOS objects, 28% free, 40MB/56MB, paused 621us total 32.535ms
08-04 02:42:52.213 12467 12525 I art     : Starting a blocking GC Explicit
08-04 02:42:52.249 12467 12525 I art     : Explicit concurrent mark sweep GC freed 7112(434KB) AllocSpace objects, 9(172KB) LOS objects, 28% free, 39MB/55MB, paused 764us total 35.919ms
08-04 02:42:52.262 12467 12525 I art     : Starting a blocking GC Explicit
08-04 02:42:52.294 12467 12525 I art     : Explicit concurrent mark sweep GC freed 176(3KB) AllocSpace objects, 0(0B) LOS objects, 28% free, 39MB/55MB, paused 630us total 31.028ms
08-04 02:42:52.306 12467 12525 I art     : Starting a blocking GC Explicit
08-04 02:42:52.338 12467 12525 I art     : Explicit concurrent mark sweep GC freed 131(2224B) AllocSpace objects, 0(0B) LOS objects, 28% free, 39MB/55MB, paused 808us total 31.926ms
08-04 02:42:52.351 12467 12525 I art     : Starting a blocking GC Explicit
08-04 02:42:52.384 12467 12525 I art     : Explicit concurrent mark sweep GC freed 115(1968B) AllocSpace objects, 0(0B) LOS objects, 28% free, 39MB/55MB, paused 663us total 32.645ms
08-04 02:42:52.397 12467 12525 I art     : Starting a blocking GC Explicit
08-04 02:42:52.431 12467 12525 I art     : Explicit concurrent mark sweep GC freed 147(2496B) AllocSpace objects, 0(0B) LOS objects, 28% free, 39MB/55MB, paused 679us total 33.041ms
08-04 02:42:52.771 12467 12479 I art     : Starting a blocking GC Explicit
08-04 02:42:52.802 12467 12479 I art     : Explicit concurrent mark sweep GC freed 2482(100KB) AllocSpace objects, 2(40KB) LOS objects, 28% free, 39MB/55MB, paused 656us total 30.336ms
08-04 02:42:52.815 12467 12479 I art     : Starting a blocking GC Explicit
08-04 02:42:52.845 12467 12479 I art     : Explicit concurrent mark sweep GC freed 167(3KB) AllocSpace objects, 0(0B) LOS objects, 28% free, 39MB/55MB, paused 654us total 29.785ms
08-04 02:42:52.858 12467 12479 I art     : Starting a blocking GC Explicit
08-04 02:42:52.888 12467 12479 I art     : Explicit concurrent mark sweep GC freed 105(1792B) AllocSpace objects, 0(0B) LOS objects, 28% free, 39MB/55MB, paused 779us total 30.510ms
08-04 02:42:52.901 12467 12479 I art     : Starting a blocking GC Explicit
08-04 02:42:52.931 12467 12479 I art     : Explicit concurrent mark sweep GC freed 141(2400B) AllocSpace objects, 0(0B) LOS objects, 28% free, 39MB/55MB, paused 639us total 30.053ms
08-04 02:42:52.944 12467 12479 I art     : Starting a blocking GC Explicit
08-04 02:42:52.974 12467 12479 I art     : Explicit concurrent mark sweep GC freed 146(2464B) AllocSpace objects, 0(0B) LOS objects, 28% free, 39MB/55MB, paused 731us total 30.537ms
08-04 02:42:53.113 13720 13720 D AndroidRuntime: >>>>>> START com.android.internal.os.RuntimeInit uid 2000 <<<<<<
08-04 02:42:53.118 13720 13720 D AndroidRuntime: CheckJNI is OFF
08-04 02:42:53.149 13720 13720 D ICU     : No timezone override file found: /data/misc/zoneinfo/current/icu/icu_tzdata.dat
08-04 02:42:53.180 13720 13720 I Radio-JNI: register_android_hardware_Radio DONE
08-04 02:42:53.201 13720 13720 D AndroidRuntime: Calling main entry com.android.commands.input.Input
08-04 02:42:53.203 13720 13720 I Input   : injectKeyEvent: KeyEvent { action=ACTION_DOWN, keyCode=KEYCODE_BACK, scanCode=0, metaState=0, flags=0x0, repeatCount=0, eventTime=672189616, downTime=672189616, deviceId=-1, source=0x101 }
08-04 02:42:53.212 13720 13720 I Input   : injectKeyEvent: KeyEvent { action=ACTION_UP, keyCode=KEYCODE_BACK, scanCode=0, metaState=0, flags=0x0, repeatCount=0, eventTime=672189616, downTime=672189616, deviceId=-1, source=0x101 }
08-04 02:42:53.223 13720 13720 D AndroidRuntime: Shutting down VM
08-04 02:42:53.239 12467 12467 V MainActivity: url = https://project-travel-mate.herokuapp.com/api/number-of-unread-notifications
08-04 02:42:53.267 13866 13866 I GoogleInputMethodServic: GoogleInputMethodService.onFinishInput():3138 
08-04 02:42:53.268 13866 13866 I GoogleInputMethodServic: GoogleInputMethodService.onStartInput():1808 
08-04 02:42:53.318 12467 12480 I art     : Starting a blocking GC Explicit
08-04 02:42:53.346 12467 12480 I art     : Explicit concurrent mark sweep GC freed 3041(124KB) AllocSpace objects, 2(40KB) LOS objects, 28% free, 39MB/55MB, paused 612us total 28.311ms
08-04 02:42:53.359 12467 12480 I art     : Starting a blocking GC Explicit
08-04 02:42:53.389 12467 12480 I art     : Explicit concurrent mark sweep GC freed 184(4KB) AllocSpace objects, 0(0B) LOS objects, 28% free, 39MB/55MB, paused 764us total 29.599ms
08-04 02:42:53.403 12467 12480 I art     : Starting a blocking GC Explicit
08-04 02:42:53.433 12467 12480 I art     : Explicit concurrent mark sweep GC freed 145(2512B) AllocSpace objects, 0(0B) LOS objects, 28% free, 39MB/55MB, paused 678us total 30.496ms
08-04 02:42:53.445 12467 12480 I art     : Starting a blocking GC Explicit
08-04 02:42:53.485 12467 12480 I art     : Explicit concurrent mark sweep GC freed 166(3KB) AllocSpace objects, 0(0B) LOS objects, 28% free, 39MB/55MB, paused 670us total 38.935ms
08-04 02:42:53.500 12467 12480 I art     : Starting a blocking GC Explicit
08-04 02:42:53.539 12467 12480 I art     : Explicit concurrent mark sweep GC freed 149(2592B) AllocSpace objects, 0(0B) LOS objects, 28% free, 39MB/55MB, paused 818us total 39.303ms
08-04 02:42:53.555   380   380 W SurfaceFlinger: couldn't log to binary event log: overflow.
08-04 02:42:53.723 12467 13743 I NAPPA_EXPERIMENTATION: MetricNetworkRequestExecutionTime: REQUEST_DURATION_SYSTEM='482',REQUEST_DURATION_OKHTTP='28',REQUEST_SYNCHRONOUS='FALSE',RESPONSE_CODE='200',RESPONSE_METHOD='GET',RESPONSE_LENGTH_OKHTTP='36',RESPONSE_LENGTH_HEADER='36',REQUEST_PROTOCOL='http/1.1',REQUEST_URL='https://project-travel-mate.herokuapp.com/api/number-of-unread-notifications',
08-04 02:42:53.857 12467 12479 I art     : Starting a blocking GC Explicit
08-04 02:42:53.893 12467 12479 I art     : Explicit concurrent mark sweep GC freed 4847(242KB) AllocSpace objects, 5(240KB) LOS objects, 28% free, 40MB/56MB, paused 863us total 35.653ms
08-04 02:42:53.907 12467 12479 I art     : Starting a blocking GC Explicit
08-04 02:42:53.940 12467 12479 I art     : Explicit concurrent mark sweep GC freed 1174(125KB) AllocSpace objects, 0(0B) LOS objects, 28% free, 39MB/55MB, paused 790us total 33.040ms
08-04 02:42:53.953 12467 12479 I art     : Starting a blocking GC Explicit
08-04 02:42:53.986 12467 12479 I art     : Explicit concurrent mark sweep GC freed 51(896B) AllocSpace objects, 0(0B) LOS objects, 28% free, 39MB/55MB, paused 702us total 33.075ms
08-04 02:42:53.999 12467 12479 I art     : Starting a blocking GC Explicit
08-04 02:42:54.033 12467 12479 I art     : Explicit concurrent mark sweep GC freed 75(1296B) AllocSpace objects, 0(0B) LOS objects, 28% free, 39MB/55MB, paused 707us total 33.398ms
08-04 02:42:54.046 12467 12479 I art     : Starting a blocking GC Explicit
08-04 02:42:54.079 12467 12479 I art     : Explicit concurrent mark sweep GC freed 75(1296B) AllocSpace objects, 0(0B) LOS objects, 28% free, 39MB/55MB, paused 721us total 33.123ms
08-04 02:42:54.358   918  3261 D WifiStateMachine: starting scan for "H369AA63323"WPA_PSK with 2412,5180
08-04 02:42:54.416 12467 12525 I art     : Starting a blocking GC Explicit
08-04 02:42:54.418  9305  9505 E GoogleConversionReporter: Error sending ping
08-04 02:42:54.418  9305  9505 E GoogleConversionReporter: bljc: Exception in CronetUrlRequest: net::ERR_CONNECTION_CLOSED, ErrorCode=5, InternalErrorCode=-100, Retryable=true
08-04 02:42:54.418  9305  9505 E GoogleConversionReporter: 	at org.chromium.net.impl.CronetUrlRequest.onError(PG:55)
08-04 02:42:54.449 12467 12525 I art     : Explicit concurrent mark sweep GC freed 1955(91KB) AllocSpace objects, 2(40KB) LOS objects, 28% free, 39MB/55MB, paused 725us total 32.009ms
08-04 02:42:54.461 12467 12525 I art     : Starting a blocking GC Explicit
08-04 02:42:54.492 12467 12525 I art     : Explicit concurrent mark sweep GC freed 93(1952B) AllocSpace objects, 0(0B) LOS objects, 28% free, 39MB/55MB, paused 764us total 30.793ms
08-04 02:42:54.506 12467 12525 I art     : Starting a blocking GC Explicit
08-04 02:42:54.537 12467 12525 I art     : Explicit concurrent mark sweep GC freed 51(896B) AllocSpace objects, 0(0B) LOS objects, 28% free, 39MB/55MB, paused 821us total 31.166ms
08-04 02:42:54.549 12467 12525 I art     : Starting a blocking GC Explicit
08-04 02:42:54.580 12467 12525 I art     : Explicit concurrent mark sweep GC freed 76(1328B) AllocSpace objects, 0(0B) LOS objects, 28% free, 39MB/55MB, paused 688us total 30.521ms
08-04 02:42:54.593 12467 12525 I art     : Starting a blocking GC Explicit
08-04 02:42:54.625 12467 12525 I art     : Explicit concurrent mark sweep GC freed 68(1168B) AllocSpace objects, 0(0B) LOS objects, 28% free, 39MB/55MB, paused 800us total 31.814ms
08-04 02:42:54.867 13766 13766 D AndroidRuntime: >>>>>> START com.android.internal.os.RuntimeInit uid 2000 <<<<<<
08-04 02:42:54.872 13766 13766 D AndroidRuntime: CheckJNI is OFF
08-04 02:42:54.907 13766 13766 D ICU     : No timezone override file found: /data/misc/zoneinfo/current/icu/icu_tzdata.dat
08-04 02:42:54.941 13766 13766 I Radio-JNI: register_android_hardware_Radio DONE
08-04 02:42:54.963 12467 12480 I art     : Starting a blocking GC Explicit
08-04 02:42:54.963 13766 13766 D AndroidRuntime: Calling main entry com.android.commands.input.Input
08-04 02:42:54.966 13766 13766 I Input   : injectMotionEvent: MotionEvent { action=ACTION_DOWN, actionButton=0, id[0]=0, x[0]=117.0, y[0]=170.0, toolType[0]=TOOL_TYPE_UNKNOWN, buttonState=0, metaState=0, flags=0x0, edgeFlags=0x0, pointerCount=1, historySize=0, eventTime=672191378, downTime=672191378, deviceId=0, source=0x1002 }
08-04 02:42:54.970 13766 13766 I Input   : injectMotionEvent: MotionEvent { action=ACTION_UP, actionButton=0, id[0]=0, x[0]=117.0, y[0]=170.0, toolType[0]=TOOL_TYPE_UNKNOWN, buttonState=0, metaState=0, flags=0x0, edgeFlags=0x0, pointerCount=1, historySize=0, eventTime=672191378, downTime=672191378, deviceId=0, source=0x1002 }
08-04 02:42:54.972 13766 13766 D AndroidRuntime: Shutting down VM
08-04 02:42:54.979   512  2967 D audio_hw_primary: out_set_parameters: enter: usecase(1: low-latency-playback) kvpairs: routing=2
08-04 02:42:54.993   512  2967 D audio_hw_primary: select_devices: out_snd_device(2: speaker) in_snd_device(0: none)
08-04 02:42:54.993   512  2967 D msm8974_platform: platform_send_audio_calibration: sending audio calibration for snd_device(2) acdb_id(15)
08-04 02:42:54.993   512  2967 I soundtrigger: audio_extn_sound_trigger_update_device_status: device 0x2 of type 0 for Event 1
08-04 02:42:54.999 12467 12480 I art     : Explicit concurrent mark sweep GC freed 2037(94KB) AllocSpace objects, 2(40KB) LOS objects, 28% free, 40MB/56MB, paused 1.033ms total 36.523ms
08-04 02:42:55.002   512  2967 D audio_hw_primary: enable_snd_device: snd_device(2: speaker)
08-04 02:42:55.004   512  2967 D audio_hw_primary: enable_audio_route: apply and update mixer path: low-latency-playback speaker
08-04 02:42:55.013 12467 12480 I art     : Starting a blocking GC Explicit
08-04 02:42:55.044 12467 12480 I art     : Explicit concurrent mark sweep GC freed 79(2672B) AllocSpace objects, 0(0B) LOS objects, 28% free, 40MB/56MB, paused 807us total 30.849ms
08-04 02:42:55.056 12467 12480 I art     : Starting a blocking GC Explicit
08-04 02:42:55.088 12467 12480 I art     : Explicit concurrent mark sweep GC freed 452(21KB) AllocSpace objects, 0(0B) LOS objects, 28% free, 40MB/56MB, paused 708us total 32.231ms
08-04 02:42:55.102 12467 12480 I art     : Starting a blocking GC Explicit
08-04 02:42:55.132 12467 12480 I art     : Explicit concurrent mark sweep GC freed 87(2048B) AllocSpace objects, 0(0B) LOS objects, 28% free, 40MB/56MB, paused 626us total 29.993ms
08-04 02:42:55.144 12467 12480 I art     : Starting a blocking GC Explicit
08-04 02:42:55.174 12467 12480 I art     : Explicit concurrent mark sweep GC freed 63(1472B) AllocSpace objects, 0(0B) LOS objects, 28% free, 40MB/56MB, paused 752us total 29.480ms
08-04 02:42:55.478 12467 12480 I art     : Starting a blocking GC Explicit
08-04 02:42:55.511 12467 12480 I art     : Explicit concurrent mark sweep GC freed 1937(91KB) AllocSpace objects, 2(40KB) LOS objects, 28% free, 40MB/56MB, paused 725us total 32.312ms
08-04 02:42:55.524 12467 12480 I art     : Starting a blocking GC Explicit
08-04 02:42:55.539   512  2967 D audio_hw_primary: disable_audio_route: reset and update mixer path: low-latency-playback speaker
08-04 02:42:55.541   512  2967 D audio_hw_primary: disable_snd_device: snd_device(2: speaker)
08-04 02:42:55.549   512  2967 I soundtrigger: audio_extn_sound_trigger_update_device_status: device 0x2 of type 0 for Event 0
08-04 02:42:55.554 12467 12480 I art     : Explicit concurrent mark sweep GC freed 102(2720B) AllocSpace objects, 0(0B) LOS objects, 28% free, 40MB/56MB, paused 710us total 30.325ms
08-04 02:42:55.567 12467 12480 I art     : Starting a blocking GC Explicit
08-04 02:42:55.596 12467 12480 I art     : Explicit concurrent mark sweep GC freed 75(1296B) AllocSpace objects, 0(0B) LOS objects, 28% free, 40MB/56MB, paused 739us total 28.995ms
08-04 02:42:55.604 13790 13790 D AndroidRuntime: >>>>>> START com.android.internal.os.RuntimeInit uid 2000 <<<<<<
08-04 02:42:55.608 13790 13790 D AndroidRuntime: CheckJNI is OFF
08-04 02:42:55.609 12467 12480 I art     : Starting a blocking GC Explicit
08-04 02:42:55.638 12467 12480 I art     : Explicit concurrent mark sweep GC freed 51(896B) AllocSpace objects, 0(0B) LOS objects, 28% free, 40MB/56MB, paused 732us total 28.980ms
08-04 02:42:55.641 13790 13790 D ICU     : No timezone override file found: /data/misc/zoneinfo/current/icu/icu_tzdata.dat
08-04 02:42:55.650 12467 12480 I art     : Starting a blocking GC Explicit
08-04 02:42:55.673 13790 13790 I Radio-JNI: register_android_hardware_Radio DONE
08-04 02:42:55.679 12467 12480 I art     : Explicit concurrent mark sweep GC freed 75(1296B) AllocSpace objects, 0(0B) LOS objects, 28% free, 40MB/56MB, paused 761us total 29.167ms
08-04 02:42:55.694 13790 13790 D AndroidRuntime: Calling main entry com.android.commands.input.Input
08-04 02:42:55.696 13790 13790 I Input   : injectMotionEvent: MotionEvent { action=ACTION_DOWN, actionButton=0, id[0]=0, x[0]=355.0, y[0]=1674.0, toolType[0]=TOOL_TYPE_UNKNOWN, buttonState=0, metaState=0, flags=0x0, edgeFlags=0x0, pointerCount=1, historySize=0, eventTime=672192108, downTime=672192108, deviceId=0, source=0x1002 }
08-04 02:42:55.699 13790 13790 I Input   : injectMotionEvent: MotionEvent { action=ACTION_UP, actionButton=0, id[0]=0, x[0]=355.0, y[0]=1674.0, toolType[0]=TOOL_TYPE_UNKNOWN, buttonState=0, metaState=0, flags=0x0, edgeFlags=0x0, pointerCount=1, historySize=0, eventTime=672192108, downTime=672192108, deviceId=0, source=0x1002 }
08-04 02:42:55.700 13790 13790 D AndroidRuntime: Shutting down VM
08-04 02:42:55.710   512  2967 D audio_hw_primary: out_set_parameters: enter: usecase(1: low-latency-playback) kvpairs: routing=2
08-04 02:42:55.723   512  2967 D audio_hw_primary: select_devices: out_snd_device(2: speaker) in_snd_device(0: none)
08-04 02:42:55.724   512  2967 D msm8974_platform: platform_send_audio_calibration: sending audio calibration for snd_device(2) acdb_id(15)
08-04 02:42:55.724   512  2967 I soundtrigger: audio_extn_sound_trigger_update_device_status: device 0x2 of type 0 for Event 1
08-04 02:42:55.734   512  2967 D audio_hw_primary: enable_snd_device: snd_device(2: speaker)
08-04 02:42:55.736   512  2967 D audio_hw_primary: enable_audio_route: apply and update mixer path: low-latency-playback speaker
08-04 02:42:55.776   512  2967 D AudioFlinger: mixer(0xf4740000) throttle end: throttle time(12)
08-04 02:42:55.980 12467 12479 I art     : Starting a blocking GC Explicit
08-04 02:42:56.012 12467 12479 I art     : Explicit concurrent mark sweep GC freed 1378(141KB) AllocSpace objects, 0(0B) LOS objects, 17% free, 73MB/89MB, paused 772us total 31.443ms
08-04 02:42:56.026 12467 12479 I art     : Starting a blocking GC Explicit
08-04 02:42:56.056 12467 12479 I art     : Explicit concurrent mark sweep GC freed 7(272B) AllocSpace objects, 0(0B) LOS objects, 16% free, 79MB/95MB, paused 808us total 30.452ms
08-04 02:42:56.069 12467 12479 I art     : Starting a blocking GC Explicit
08-04 02:42:56.098 12467 12479 I art     : Explicit concurrent mark sweep GC freed 8(336B) AllocSpace objects, 0(0B) LOS objects, 12% free, 115MB/131MB, paused 793us total 28.905ms
08-04 02:42:56.110 12467 12479 I art     : Starting a blocking GC Explicit
08-04 02:42:56.139 12467 12479 I art     : Explicit concurrent mark sweep GC freed 5(192B) AllocSpace objects, 0(0B) LOS objects, 12% free, 115MB/131MB, paused 735us total 28.612ms
08-04 02:42:56.152 12467 12479 I art     : Starting a blocking GC Explicit
08-04 02:42:56.180 12467 12479 I art     : Explicit concurrent mark sweep GC freed 3(96B) AllocSpace objects, 0(0B) LOS objects, 12% free, 115MB/131MB, paused 801us total 28.691ms
08-04 02:42:56.269   512  2967 D audio_hw_primary: disable_audio_route: reset and update mixer path: low-latency-playback speaker
08-04 02:42:56.271   512  2967 D audio_hw_primary: disable_snd_device: snd_device(2: speaker)
08-04 02:42:56.280   512  2967 I soundtrigger: audio_extn_sound_trigger_update_device_status: device 0x2 of type 0 for Event 0
08-04 02:42:56.416 12467 12467 I Choreographer: Skipped 41 frames!  The application may be doing too much work on its main thread.
08-04 02:42:56.416 12467 12467 V MainActivity: url = https://project-travel-mate.herokuapp.com/api/number-of-unread-notifications
08-04 02:42:56.517 12467 12525 I art     : Starting a blocking GC Explicit
08-04 02:42:56.547 12467 12525 I art     : Explicit concurrent mark sweep GC freed 1774(67KB) AllocSpace objects, 9(252KB) LOS objects, 10% free, 134MB/150MB, paused 778us total 30.569ms
08-04 02:42:56.561 12467 12525 I art     : Starting a blocking GC Explicit
08-04 02:42:56.589 12467 12525 I art     : Explicit concurrent mark sweep GC freed 910(53KB) AllocSpace objects, 0(0B) LOS objects, 10% free, 134MB/150MB, paused 744us total 27.753ms
08-04 02:42:56.602 12467 12525 I art     : Starting a blocking GC Explicit
08-04 02:42:56.632 12467 12525 I art     : Explicit concurrent mark sweep GC freed 3(96B) AllocSpace objects, 0(0B) LOS objects, 10% free, 134MB/150MB, paused 748us total 29.795ms
08-04 02:42:56.647 12467 12525 I art     : Starting a blocking GC Explicit
08-04 02:42:56.679 12467 12525 I art     : Explicit concurrent mark sweep GC freed 3(96B) AllocSpace objects, 0(0B) LOS objects, 10% free, 134MB/150MB, paused 783us total 31.866ms
08-04 02:42:56.692 12467 12525 I art     : Starting a blocking GC Explicit
08-04 02:42:56.725 12467 12525 I art     : Explicit concurrent mark sweep GC freed 3(96B) AllocSpace objects, 0(0B) LOS objects, 10% free, 134MB/150MB, paused 760us total 33.183ms
08-04 02:42:56.743 13589 13589 I ServiceManager: Waiting for service AtCmdFwd...
08-04 02:42:57.013 12467 13834 I NAPPA_EXPERIMENTATION: MetricNetworkRequestExecutionTime: REQUEST_DURATION_SYSTEM='596',REQUEST_DURATION_OKHTTP='32',REQUEST_SYNCHRONOUS='FALSE',RESPONSE_CODE='200',RESPONSE_METHOD='GET',RESPONSE_LENGTH_OKHTTP='36',RESPONSE_LENGTH_HEADER='36',REQUEST_PROTOCOL='http/1.1',REQUEST_URL='https://project-travel-mate.herokuapp.com/api/number-of-unread-notifications',
08-04 02:42:57.086 12467 12479 I art     : Starting a blocking GC Explicit
08-04 02:42:57.136 12467 12479 I art     : Explicit concurrent mark sweep GC freed 4249(232KB) AllocSpace objects, 5(236KB) LOS objects, 10% free, 134MB/150MB, paused 827us total 48.778ms
08-04 02:42:57.152 12467 12479 I art     : Starting a blocking GC Explicit
08-04 02:42:57.187 12467 12479 I art     : Explicit concurrent mark sweep GC freed 976(117KB) AllocSpace objects, 0(0B) LOS objects, 10% free, 134MB/150MB, paused 745us total 33.829ms
08-04 02:42:57.200 12467 12479 I art     : Starting a blocking GC Explicit
08-04 02:42:57.234 12467 12479 I art     : Explicit concurrent mark sweep GC freed 3(96B) AllocSpace objects, 0(0B) LOS objects, 10% free, 134MB/150MB, paused 743us total 34.397ms
08-04 02:42:57.248 12467 12479 I art     : Starting a blocking GC Explicit
08-04 02:42:57.282 12467 12479 I art     : Explicit concurrent mark sweep GC freed 3(96B) AllocSpace objects, 0(0B) LOS objects, 10% free, 134MB/150MB, paused 736us total 34.109ms
08-04 02:42:57.295 12467 12479 I art     : Starting a blocking GC Explicit
08-04 02:42:57.330 12467 12479 I art     : Explicit concurrent mark sweep GC freed 3(96B) AllocSpace objects, 0(0B) LOS objects, 10% free, 134MB/150MB, paused 748us total 34.333ms
08-04 02:42:57.699 12467 13744 I art     : Starting a blocking GC Explicit
08-04 02:42:57.743 13589 13589 I ServiceManager: Waiting for service AtCmdFwd...
08-04 02:42:57.745 12467 13744 I art     : Explicit concurrent mark sweep GC freed 1427(83KB) AllocSpace objects, 2(36KB) LOS objects, 10% free, 134MB/150MB, paused 773us total 46.162ms
08-04 02:42:57.761 12467 13744 I art     : Starting a blocking GC Explicit
08-04 02:42:57.794 12467 13744 I art     : Explicit concurrent mark sweep GC freed 22(784B) AllocSpace objects, 0(0B) LOS objects, 10% free, 134MB/150MB, paused 751us total 32.973ms
08-04 02:42:57.807 12467 13744 I art     : Starting a blocking GC Explicit
08-04 02:42:57.842 12467 13744 I art     : Explicit concurrent mark sweep GC freed 3(96B) AllocSpace objects, 0(0B) LOS objects, 10% free, 134MB/150MB, paused 759us total 34.400ms
08-04 02:42:57.842 12467 12478 I art     : WaitForGcToComplete blocked for 34.683ms for cause HeapTrim
08-04 02:42:57.855 12467 13744 I art     : Starting a blocking GC Explicit
08-04 02:42:57.890 12467 13744 I art     : Explicit concurrent mark sweep GC freed 3(96B) AllocSpace objects, 0(0B) LOS objects, 10% free, 134MB/150MB, paused 715us total 34.264ms
08-04 02:42:57.903 12467 13744 I art     : Starting a blocking GC Explicit
08-04 02:42:57.935 12467 13744 I art     : Explicit concurrent mark sweep GC freed 3(96B) AllocSpace objects, 0(0B) LOS objects, 10% free, 134MB/150MB, paused 680us total 31.955ms
08-04 02:42:58.263 12467 13744 I art     : Starting a blocking GC Explicit
08-04 02:42:58.298 12467 13744 I art     : Explicit concurrent mark sweep GC freed 1469(84KB) AllocSpace objects, 2(36KB) LOS objects, 10% free, 134MB/150MB, paused 711us total 34.845ms
08-04 02:42:58.311 12467 13744 I art     : Starting a blocking GC Explicit
08-04 02:42:58.342 12467 13744 I art     : Explicit concurrent mark sweep GC freed 32(1328B) AllocSpace objects, 0(0B) LOS objects, 10% free, 134MB/150MB, paused 709us total 30.289ms
08-04 02:42:58.354 12467 13744 I art     : Starting a blocking GC Explicit
08-04 02:42:58.363 13864 13864 D AndroidRuntime: >>>>>> START com.android.internal.os.RuntimeInit uid 2000 <<<<<<
08-04 02:42:58.368 13864 13864 D AndroidRuntime: CheckJNI is OFF
08-04 02:42:58.386 12467 13744 I art     : Explicit concurrent mark sweep GC freed 3(96B) AllocSpace objects, 0(0B) LOS objects, 10% free, 134MB/150MB, paused 722us total 31.313ms
08-04 02:42:58.398 12467 13744 I art     : Starting a blocking GC Explicit
08-04 02:42:58.404 13864 13864 D ICU     : No timezone override file found: /data/misc/zoneinfo/current/icu/icu_tzdata.dat
08-04 02:42:58.431 12467 13744 I art     : Explicit concurrent mark sweep GC freed 3(96B) AllocSpace objects, 0(0B) LOS objects, 10% free, 134MB/150MB, paused 736us total 32.650ms
08-04 02:42:58.440 13864 13864 I Radio-JNI: register_android_hardware_Radio DONE
08-04 02:42:58.444 12467 13744 I art     : Starting a blocking GC Explicit
08-04 02:42:58.462 13864 13864 D AndroidRuntime: Calling main entry com.android.commands.input.Input
08-04 02:42:58.464 13864 13864 I Input   : injectMotionEvent: MotionEvent { action=ACTION_DOWN, actionButton=0, id[0]=0, x[0]=747.0, y[0]=608.0, toolType[0]=TOOL_TYPE_UNKNOWN, buttonState=0, metaState=0, flags=0x0, edgeFlags=0x0, pointerCount=1, historySize=0, eventTime=672194877, downTime=672194877, deviceId=0, source=0x1002 }
08-04 02:42:58.470 13864 13864 I Input   : injectMotionEvent: MotionEvent { action=ACTION_UP, actionButton=0, id[0]=0, x[0]=747.0, y[0]=608.0, toolType[0]=TOOL_TYPE_UNKNOWN, buttonState=0, metaState=0, flags=0x0, edgeFlags=0x0, pointerCount=1, historySize=0, eventTime=672194877, downTime=672194877, deviceId=0, source=0x1002 }
08-04 02:42:58.472 13864 13864 D AndroidRuntime: Shutting down VM
08-04 02:42:58.474   512  2967 D audio_hw_primary: out_set_parameters: enter: usecase(1: low-latency-playback) kvpairs: routing=2
08-04 02:42:58.477 12467 13744 I art     : Explicit concurrent mark sweep GC freed 7(208B) AllocSpace objects, 0(0B) LOS objects, 10% free, 134MB/150MB, paused 2.382ms total 33.131ms
08-04 02:42:58.486   918  6110 I ActivityManager: START u0 {cmp=baseline.io.github.project_travel_mate/.utilities.ChecklistActivity} from uid 10650 on display 0
08-04 02:42:58.487   512  2967 D audio_hw_primary: select_devices: out_snd_device(2: speaker) in_snd_device(0: none)
08-04 02:42:58.487   512  2967 D msm8974_platform: platform_send_audio_calibration: sending audio calibration for snd_device(2) acdb_id(15)
08-04 02:42:58.487   512  2967 I soundtrigger: audio_extn_sound_trigger_update_device_status: device 0x2 of type 0 for Event 1
08-04 02:42:58.504   512  2967 D audio_hw_primary: enable_snd_device: snd_device(2: speaker)
08-04 02:42:58.507   512  2967 D audio_hw_primary: enable_audio_route: apply and update mixer path: low-latency-playback speaker
08-04 02:42:58.511   918   937 W ProcessCpuTracker: Skipping unknown process pid 13883
08-04 02:42:58.512   918   937 W ProcessCpuTracker: Skipping unknown process pid 13885
08-04 02:42:58.512   918   937 W ProcessCpuTracker: Skipping unknown process pid 13886
08-04 02:42:58.684   918   936 I ActivityManager: Displayed baseline.io.github.project_travel_mate/.utilities.ChecklistActivity: +188ms
08-04 02:42:58.684 13866 13866 I GoogleInputMethodServic: GoogleInputMethodService.onFinishInput():3138 
08-04 02:42:58.685 13866 13866 I GoogleInputMethodServic: GoogleInputMethodService.onStartInput():1808 
08-04 02:42:58.744 13589 13589 I ServiceManager: Waiting for service AtCmdFwd...
08-04 02:42:58.788 12467 12525 I art     : Starting a blocking GC Explicit
08-04 02:42:58.836 12467 12525 I art     : Explicit concurrent mark sweep GC freed 3150(286KB) AllocSpace objects, 2(36KB) LOS objects, 10% free, 135MB/151MB, paused 783us total 47.888ms
08-04 02:42:58.853 12467 12525 I art     : Starting a blocking GC Explicit
08-04 02:42:58.900 12467 12525 I art     : Explicit concurrent mark sweep GC freed 414(17KB) AllocSpace objects, 0(0B) LOS objects, 10% free, 135MB/151MB, paused 778us total 46.366ms
08-04 02:42:58.915 12467 12525 I art     : Starting a blocking GC Explicit
08-04 02:42:58.955   380   380 W SurfaceFlinger: couldn't log to binary event log: overflow.
08-04 02:42:58.963 12467 12525 I art     : Explicit concurrent mark sweep GC freed 3(96B) AllocSpace objects, 0(0B) LOS objects, 10% free, 135MB/151MB, paused 1.252ms total 47.568ms
08-04 02:42:58.980 12467 12525 I art     : Starting a blocking GC Explicit
08-04 02:42:59.011 12467 12525 I art     : Explicit concurrent mark sweep GC freed 3(96B) AllocSpace objects, 0(0B) LOS objects, 10% free, 135MB/151MB, paused 703us total 30.094ms
08-04 02:42:59.024 12467 12525 I art     : Starting a blocking GC Explicit
08-04 02:42:59.039   512  2967 D audio_hw_primary: disable_audio_route: reset and update mixer path: low-latency-playback speaker
08-04 02:42:59.040   512  2967 D audio_hw_primary: disable_snd_device: snd_device(2: speaker)
08-04 02:42:59.047   512  2967 I soundtrigger: audio_extn_sound_trigger_update_device_status: device 0x2 of type 0 for Event 0
08-04 02:42:59.052 12467 12525 I art     : Explicit concurrent mark sweep GC freed 3(96B) AllocSpace objects, 0(0B) LOS objects, 10% free, 135MB/151MB, paused 703us total 28.102ms
08-04 02:42:59.396 12467 12480 I art     : Starting a blocking GC Explicit
08-04 02:42:59.430 12467 12480 I art     : Explicit concurrent mark sweep GC freed 1633(94KB) AllocSpace objects, 2(36KB) LOS objects, 10% free, 135MB/151MB, paused 862us total 33.236ms
08-04 02:42:59.443 12467 12480 I art     : Starting a blocking GC Explicit
08-04 02:42:59.478 12467 12480 I art     : Explicit concurrent mark sweep GC freed 36(1280B) AllocSpace objects, 0(0B) LOS objects, 10% free, 135MB/151MB, paused 879us total 34.686ms
08-04 02:42:59.491 12467 12480 I art     : Starting a blocking GC Explicit
08-04 02:42:59.526 12467 12480 I art     : Explicit concurrent mark sweep GC freed 3(96B) AllocSpace objects, 0(0B) LOS objects, 10% free, 135MB/151MB, paused 930us total 34.654ms
08-04 02:42:59.539 12467 12480 I art     : Starting a blocking GC Explicit
08-04 02:42:59.575 12467 12480 I art     : Explicit concurrent mark sweep GC freed 36(1008B) AllocSpace objects, 0(0B) LOS objects, 10% free, 135MB/151MB, paused 850us total 35.573ms
08-04 02:42:59.588 12467 12480 I art     : Starting a blocking GC Explicit
08-04 02:42:59.625 12467 12480 I art     : Explicit concurrent mark sweep GC freed 5(384B) AllocSpace objects, 0(0B) LOS objects, 10% free, 135MB/151MB, paused 992us total 36.069ms
08-04 02:42:59.745 13589 13589 I ServiceManager: Waiting for service AtCmdFwd...
08-04 02:42:59.753   518   646 I ThermalEngine: ACTION: GPU - Setting GPU[0] to 450000000
08-04 02:43:00.032 12467 12526 I art     : Starting a blocking GC Explicit
08-04 02:43:00.079 12467 12526 I art     : Explicit concurrent mark sweep GC freed 1593(92KB) AllocSpace objects, 2(36KB) LOS objects, 10% free, 135MB/151MB, paused 1.016ms total 46.165ms
08-04 02:43:00.095 12467 12526 I art     : Starting a blocking GC Explicit
08-04 02:43:00.137 12467 12526 I art     : Explicit concurrent mark sweep GC freed 45(1840B) AllocSpace objects, 0(0B) LOS objects, 10% free, 135MB/151MB, paused 1.127ms total 41.433ms
08-04 02:43:00.154 12467 12526 I art     : Starting a blocking GC Explicit
08-04 02:43:00.198 12467 12526 I art     : Explicit concurrent mark sweep GC freed 3(96B) AllocSpace objects, 0(0B) LOS objects, 10% free, 135MB/151MB, paused 1.116ms total 44.177ms
08-04 02:43:00.216 12467 12526 I art     : Starting a blocking GC Explicit
08-04 02:43:00.265 12467 12526 I art     : Explicit concurrent mark sweep GC freed 3(96B) AllocSpace objects, 0(0B) LOS objects, 10% free, 135MB/151MB, paused 1.139ms total 48.300ms
08-04 02:43:00.285 12467 12526 I art     : Starting a blocking GC Explicit
08-04 02:43:00.336 12467 12526 I art     : Explicit concurrent mark sweep GC freed 3(96B) AllocSpace objects, 0(0B) LOS objects, 10% free, 135MB/151MB, paused 1.153ms total 51.379ms
08-04 02:43:00.745 13589 13589 I ServiceManager: Waiting for service AtCmdFwd...
08-04 02:43:00.757 12467 12479 I art     : Starting a blocking GC Explicit
08-04 02:43:00.816 12467 12479 I art     : Explicit concurrent mark sweep GC freed 1614(93KB) AllocSpace objects, 2(36KB) LOS objects, 10% free, 135MB/151MB, paused 1.102ms total 58.746ms
08-04 02:43:00.838 12467 12479 I art     : Starting a blocking GC Explicit
08-04 02:43:00.890 12467 12479 I art     : Explicit concurrent mark sweep GC freed 28(1024B) AllocSpace objects, 0(0B) LOS objects, 10% free, 135MB/151MB, paused 1.177ms total 51.873ms
08-04 02:43:00.908 12467 12479 I art     : Starting a blocking GC Explicit
08-04 02:43:00.954 12467 12479 I art     : Explicit concurrent mark sweep GC freed 3(96B) AllocSpace objects, 0(0B) LOS objects, 10% free, 135MB/151MB, paused 1.077ms total 46.409ms
08-04 02:43:00.972 12467 12479 I art     : Starting a blocking GC Explicit
08-04 02:43:01.021 12467 12479 I art     : Explicit concurrent mark sweep GC freed 3(96B) AllocSpace objects, 0(0B) LOS objects, 10% free, 135MB/151MB, paused 1.113ms total 49.179ms
08-04 02:43:01.039 12467 12479 I art     : Starting a blocking GC Explicit
08-04 02:43:01.087 12467 12479 I art     : Explicit concurrent mark sweep GC freed 3(96B) AllocSpace objects, 0(0B) LOS objects, 10% free, 135MB/151MB, paused 1.245ms total 47.721ms
08-04 02:43:01.537 12467 13744 I art     : Starting a blocking GC Explicit
08-04 02:43:01.599 12467 13744 I art     : Explicit concurrent mark sweep GC freed 1627(94KB) AllocSpace objects, 2(36KB) LOS objects, 10% free, 135MB/151MB, paused 1.303ms total 60.718ms
08-04 02:43:01.619 12467 13744 I art     : Starting a blocking GC Explicit
08-04 02:43:01.669 12467 13744 I art     : Explicit concurrent mark sweep GC freed 38(1568B) AllocSpace objects, 0(0B) LOS objects, 10% free, 135MB/151MB, paused 1.234ms total 49.561ms
08-04 02:43:01.691 12467 13744 I art     : Starting a blocking GC Explicit
08-04 02:43:01.739 12467 13744 I art     : Explicit concurrent mark sweep GC freed 3(96B) AllocSpace objects, 0(0B) LOS objects, 10% free, 135MB/151MB, paused 1.272ms total 48.308ms
08-04 02:43:01.746 13589 13589 W Atfwd_Sendcmd: AtCmdFwd service not published, waiting... retryCnt : 2
08-04 02:43:01.760 12467 13744 I art     : Starting a blocking GC Explicit
08-04 02:43:01.762   518   646 I ThermalEngine: ACTION: GPU - Setting GPU[0] to 510000000
08-04 02:43:01.806 12467 13744 I art     : Explicit concurrent mark sweep GC freed 3(96B) AllocSpace objects, 0(0B) LOS objects, 10% free, 135MB/151MB, paused 839us total 45.937ms
08-04 02:43:01.820 12467 13744 I art     : Starting a blocking GC Explicit
08-04 02:43:01.857 12467 13744 I art     : Explicit concurrent mark sweep GC freed 3(96B) AllocSpace objects, 0(0B) LOS objects, 10% free, 135MB/151MB, paused 882us total 36.339ms
08-04 02:43:02.239 12467 12525 I art     : Starting a blocking GC Explicit
08-04 02:43:02.291 12467 12525 I art     : Explicit concurrent mark sweep GC freed 1582(91KB) AllocSpace objects, 2(36KB) LOS objects, 10% free, 135MB/151MB, paused 1.565ms total 51.418ms
08-04 02:43:02.310 12467 12525 I art     : Starting a blocking GC Explicit
08-04 02:43:02.348 12467 12525 I art     : Explicit concurrent mark sweep GC freed 28(1024B) AllocSpace objects, 0(0B) LOS objects, 10% free, 135MB/151MB, paused 895us total 38.092ms
08-04 02:43:02.362 12467 12525 I art     : Starting a blocking GC Explicit
08-04 02:43:02.398 12467 12525 I art     : Explicit concurrent mark sweep GC freed 3(96B) AllocSpace objects, 0(0B) LOS objects, 10% free, 135MB/151MB, paused 865us total 36.370ms
08-04 02:43:02.412 12467 12525 I art     : Starting a blocking GC Explicit
08-04 02:43:02.447 12467 12525 I art     : Explicit concurrent mark sweep GC freed 3(96B) AllocSpace objects, 0(0B) LOS objects, 10% free, 135MB/151MB, paused 892us total 35.641ms
08-04 02:43:02.461 12467 12525 I art     : Starting a blocking GC Explicit
08-04 02:43:02.496 12467 12525 I art     : Explicit concurrent mark sweep GC freed 3(96B) AllocSpace objects, 0(0B) LOS objects, 10% free, 135MB/151MB, paused 830us total 34.724ms
08-04 02:43:02.856 12467 12480 I art     : Starting a blocking GC Explicit
08-04 02:43:02.893 12467 12480 I art     : Explicit concurrent mark sweep GC freed 1626(93KB) AllocSpace objects, 2(36KB) LOS objects, 10% free, 135MB/151MB, paused 917us total 36.413ms
08-04 02:43:02.906 12467 12480 I art     : Starting a blocking GC Explicit
08-04 02:43:02.941 12467 12480 I art     : Explicit concurrent mark sweep GC freed 38(1568B) AllocSpace objects, 0(0B) LOS objects, 10% free, 135MB/151MB, paused 917us total 34.029ms
08-04 02:43:02.954 12467 12480 I art     : Starting a blocking GC Explicit
08-04 02:43:02.988   918 13198 D NetlinkSocketObserver: NeighborEvent{elapsedMs=1655586863, 192.168.2.254, [7C3953A63323], RTM_NEWNEIGH, NUD_STALE}
08-04 02:43:02.988 12467 12480 I art     : Explicit concurrent mark sweep GC freed 3(96B) AllocSpace objects, 0(0B) LOS objects, 10% free, 135MB/151MB, paused 847us total 33.707ms
08-04 02:43:03.001 12467 12480 I art     : Starting a blocking GC Explicit
08-04 02:43:03.037 12467 12480 I art     : Explicit concurrent mark sweep GC freed 3(96B) AllocSpace objects, 0(0B) LOS objects, 10% free, 135MB/151MB, paused 838us total 35.350ms
08-04 02:43:03.050 12467 12480 I art     : Starting a blocking GC Explicit
08-04 02:43:03.084 12467 12480 I art     : Explicit concurrent mark sweep GC freed 3(96B) AllocSpace objects, 0(0B) LOS objects, 10% free, 135MB/151MB, paused 831us total 33.685ms
08-04 02:43:03.145 13985 13985 D AndroidRuntime: >>>>>> START com.android.internal.os.RuntimeInit uid 2000 <<<<<<
08-04 02:43:03.150 13985 13985 D AndroidRuntime: CheckJNI is OFF
08-04 02:43:03.184 13985 13985 D ICU     : No timezone override file found: /data/misc/zoneinfo/current/icu/icu_tzdata.dat
08-04 02:43:03.217 13985 13985 I Radio-JNI: register_android_hardware_Radio DONE
08-04 02:43:03.238 13985 13985 D AndroidRuntime: Calling main entry com.android.commands.input.Input
08-04 02:43:03.240 13985 13985 I Input   : injectKeyEvent: KeyEvent { action=ACTION_DOWN, keyCode=KEYCODE_BACK, scanCode=0, metaState=0, flags=0x0, repeatCount=0, eventTime=672199653, downTime=672199653, deviceId=-1, source=0x101 }
08-04 02:43:03.246 13985 13985 I Input   : injectKeyEvent: KeyEvent { action=ACTION_UP, keyCode=KEYCODE_BACK, scanCode=0, metaState=0, flags=0x0, repeatCount=0, eventTime=672199653, downTime=672199653, deviceId=-1, source=0x101 }
08-04 02:43:03.253 13985 13985 D AndroidRuntime: Shutting down VM
08-04 02:43:03.264 12467 12467 V MainActivity: url = https://project-travel-mate.herokuapp.com/api/number-of-unread-notifications
