--------- beginning of main
08-04 15:16:21.396   918 13197 D NetworkMonitor/NetworkAgentInfo [WIFI () - 158]: Checking http://connectivitycheck.gstatic.com/generate_204 on "H369AA63323", 192.168.2.12=192.168.2.12
08-04 15:16:21.519  7256  7256 D AndroidRuntime: >>>>>> START com.android.internal.os.RuntimeInit uid 2000 <<<<<<
08-04 15:16:21.524  7256  7256 D AndroidRuntime: CheckJNI is OFF
08-04 15:16:21.538   918 13197 D NetworkMonitor/NetworkAgentInfo [WIFI () - 158]: Probably not a portal: exception java.io.IOException: unexpected end of stream on Connection{connectivitycheck.gstatic.com:80, proxy=HTTP@/192.168.2.12:8080 hostAddress=192.168.2.12 cipherSuite=none protocol=http/1.1} (recycle count=0)
--------- beginning of system
08-04 15:16:21.540   918  3263 D ConnectivityService: NetworkAgentInfo [WIFI () - 158] validation failed
08-04 15:16:21.543   918  3261 E WifiConfigStore:  rewrite network history for "H369AA63323"WPA_PSK
08-04 15:16:21.549  7256  7256 D ICU     : No timezone override file found: /data/misc/zoneinfo/current/icu/icu_tzdata.dat
08-04 15:16:21.580  7256  7256 I Radio-JNI: register_android_hardware_Radio DONE
08-04 15:16:21.596  7256  7256 D AndroidRuntime: Calling main entry com.android.commands.monkey.Monkey
08-04 15:16:21.615   918   931 W BroadcastQueue: Skipping deliver [background] BroadcastRecord{e8f39f2 u-1 android.net.conn.CONNECTIVITY_CHANGE} to ReceiverList{49a6ec0 7256 (unknown name)/2000/u-1 remote:a6b9154}: process crashing
08-04 15:16:21.628   918   929 I ActivityManager: START u0 {act=android.intent.action.MAIN cat=[android.intent.category.LAUNCHER] flg=0x10200000 cmp=baseline.io.github.project_travel_mate/.SplashActivity} from uid 2000 on display 0
08-04 15:16:21.700  2486  2486 I ServiceManager: Waiting for service AtCmdFwd...
08-04 15:16:21.736  2075 22580 I PBSessionCacheImpl: Deleted sessionId[9127543042550561] from persistence.
08-04 15:16:21.740  2075  2107 W SearchServiceCore: Abort, client detached.
08-04 15:16:21.741  2075  2107 I MicroDetectionState: Should stop hotword detection immediately - true
08-04 15:16:21.741   918  3696 I ActivityManager: Start proc 7266:baseline.io.github.project_travel_mate/u0a650 for activity baseline.io.github.project_travel_mate/.SplashActivity
08-04 15:16:21.743  7266  7266 I art     : Late-enabling -Xcheck:jni
08-04 15:16:21.750  7256  7256 I art     : System.exit called, status: 0
08-04 15:16:21.750  7256  7256 I AndroidRuntime: VM exiting with result code 0.
08-04 15:16:21.757   918   927 I art     : Background sticky concurrent mark sweep GC freed 121010(11MB) AllocSpace objects, 182(3MB) LOS objects, 18% free, 69MB/84MB, paused 14.128ms total 141.035ms
08-04 15:16:21.823  7266  7266 W System  : ClassLoader referenced unknown path: /data/app/baseline.io.github.project_travel_mate-1/lib/arm64
08-04 15:16:21.978  7266  7266 W art     : Before Android 4.1, method android.graphics.PorterDuffColorFilter androidx.vectordrawable.graphics.drawable.VectorDrawableCompat.updateTintFilter(android.graphics.PorterDuffColorFilter, android.content.res.ColorStateList, android.graphics.PorterDuff$Mode) would have incorrectly overridden the package-private method in android.graphics.drawable.Drawable
08-04 15:16:22.023  7266  7266 I art     : Rejecting re-init on previously-failed class java.lang.Class<androidx.core.view.ViewCompat$OnUnhandledKeyEventListenerWrapper>
08-04 15:16:22.023  7266  7266 I art     : Rejecting re-init on previously-failed class java.lang.Class<androidx.core.view.ViewCompat$OnUnhandledKeyEventListenerWrapper>
08-04 15:16:22.088  7266  7282 D OpenGLRenderer: Use EGL_SWAP_BEHAVIOR_PRESERVED: true
08-04 15:16:22.163  7266  7282 I Adreno  : QUALCOMM build                   : fcf4852, I1af360237c
08-04 15:16:22.163  7266  7282 I Adreno  : Build Date                       : 09/23/15
08-04 15:16:22.163  7266  7282 I Adreno  : OpenGL ES Shader Compiler Version: XE031.05.13.02
08-04 15:16:22.163  7266  7282 I Adreno  : Local Branch                     : mybranch14465806
08-04 15:16:22.163  7266  7282 I Adreno  : Remote Branch                    : quic/LA.BF64.1.2.9_v2
08-04 15:16:22.163  7266  7282 I Adreno  : Remote Branch                    : NONE
08-04 15:16:22.163  7266  7282 I Adreno  : Reconstruct Branch               : NOTHING
08-04 15:16:22.174  7266  7282 I OpenGLRenderer: Initialized EGL, version 1.4
08-04 15:16:22.329   918   936 I ActivityManager: Displayed baseline.io.github.project_travel_mate/.SplashActivity: +605ms
08-04 15:16:22.333 13866 13866 I GoogleInputMethodServic: GoogleInputMethodService.onFinishInput():3138 
08-04 15:16:22.335 13866 13866 I GoogleInputMethodServic: GoogleInputMethodService.onStartInput():1808 
08-04 15:16:22.702  2486  2486 I ServiceManager: Waiting for service AtCmdFwd...
08-04 15:16:23.116   918 13198 D NetlinkSocketObserver: NeighborEvent{elapsedMs=1700786991, 192.168.2.254, [7C3953A63323], RTM_NEWNEIGH, NUD_REACHABLE}
08-04 15:16:23.313  7295  7295 D AndroidRuntime: >>>>>> START com.android.internal.os.RuntimeInit uid 2000 <<<<<<
08-04 15:16:23.317  7295  7295 D AndroidRuntime: CheckJNI is OFF
08-04 15:16:23.343  7295  7295 D ICU     : No timezone override file found: /data/misc/zoneinfo/current/icu/icu_tzdata.dat
08-04 15:16:23.370  7295  7295 I Radio-JNI: register_android_hardware_Radio DONE
08-04 15:16:23.385  7295  7295 D AndroidRuntime: Calling main entry com.android.commands.am.Am
08-04 15:16:23.398  2375  2375 I Trepn   : Trepn 6.2s: Received intent: com.quicinc.trepn.start_profiling
08-04 15:16:23.507  2375  2375 W FileUtils: Failed to chmod(/storage/emulated/0/trepn/Trepn_2020.08.04_151623.db): android.system.ErrnoException: chmod failed: EPERM (Operation not permitted)
08-04 15:16:23.643  2375  2375 I Trepn   : Trepn 6.2s: Trepn has Started Profiling.
08-04 15:16:23.644  7295  7295 D AndroidRuntime: Shutting down VM
08-04 15:16:23.703  2486  2486 I ServiceManager: Waiting for service AtCmdFwd...
08-04 15:16:23.828   918  3261 D WifiStateMachine: starting scan for "H369AA63323"WPA_PSK with 2412,5180
08-04 15:16:24.162  7266  7279 I art     : Starting a blocking GC Explicit
08-04 15:16:24.176  7266  7279 I art     : Explicit concurrent mark sweep GC freed 49544(2MB) AllocSpace objects, 2(40KB) LOS objects, 40% free, 20MB/34MB, paused 123us total 13.970ms
08-04 15:16:24.184  7266  7279 I art     : Starting a blocking GC Explicit
08-04 15:16:24.192   918  6029 I ActivityManager: START u0 {cmp=baseline.io.github.project_travel_mate/.MainActivity} from uid 10650 on display 0
08-04 15:16:24.218  7266  7279 I art     : Explicit concurrent mark sweep GC freed 185(8KB) AllocSpace objects, 0(0B) LOS objects, 40% free, 20MB/34MB, paused 708us total 33.579ms
08-04 15:16:24.227  7266  7279 I art     : Starting a blocking GC Explicit
08-04 15:16:24.252  7266  7279 I art     : Explicit concurrent mark sweep GC freed 2188(106KB) AllocSpace objects, 0(0B) LOS objects, 40% free, 20MB/34MB, paused 196us total 24.686ms
08-04 15:16:24.261  7266  7279 I art     : Starting a blocking GC Explicit
08-04 15:16:24.292  7266  7279 I art     : Explicit concurrent mark sweep GC freed 61(40KB) AllocSpace objects, 0(0B) LOS objects, 40% free, 20MB/34MB, paused 663us total 30.361ms
08-04 15:16:24.299  7266  7279 I art     : Starting a blocking GC Explicit
08-04 15:16:24.335  7266  7279 I art     : Explicit concurrent mark sweep GC freed 119(32KB) AllocSpace objects, 0(0B) LOS objects, 40% free, 20MB/34MB, paused 1.329ms total 35.384ms
08-04 15:16:24.460  7266  7266 W Settings: Setting airplane_mode_on has moved from android.provider.Settings.System to android.provider.Settings.Global, returning read-only value.
08-04 15:16:24.478  7266  7266 V MainActivity: url=https://project-travel-mate.herokuapp.com/api/get-user
08-04 15:16:24.527  7266  7347 W LOTTIE  : Unknown mask mode mode. Defaulting to Add.
08-04 15:16:24.534  7266  7347 W LOTTIE  : You have 5 images. Lottie should primarily be used with shapes. If you are using Adobe Illustrator, convert the Illustrator layers to shape layers.
08-04 15:16:24.535  7266  7347 W LOTTIE  : Unknown mask mode mode. Defaulting to Add.
08-04 15:16:24.536  7266  7347 W LOTTIE  : Unknown mask mode mode. Defaulting to Add.
08-04 15:16:24.576  7266  7266 V CityFragment: url=https://project-travel-mate.herokuapp.com/api/get-all-cities/10
08-04 15:16:24.685  7266  7327 I art     : Starting a blocking GC Explicit
08-04 15:16:24.703  2486  2486 I ServiceManager: Waiting for service AtCmdFwd...
08-04 15:16:24.713  7266  7327 I art     : Explicit concurrent mark sweep GC freed 15025(1074KB) AllocSpace objects, 2(40KB) LOS objects, 40% free, 23MB/38MB, paused 225us total 23.189ms
08-04 15:16:25.102  7266  7327 I art     : Starting a blocking GC Explicit
08-04 15:16:25.126  7266  7327 I art     : Explicit concurrent mark sweep GC freed 443(19KB) AllocSpace objects, 0(0B) LOS objects, 40% free, 23MB/38MB, paused 301us total 24.273ms
08-04 15:16:25.137  7266  7327 I art     : Starting a blocking GC Explicit
08-04 15:16:25.147  7266  7266 E RecyclerView: No adapter attached; skipping layout
08-04 15:16:25.156  7266  7327 I art     : Explicit concurrent mark sweep GC freed 109(11KB) AllocSpace objects, 0(0B) LOS objects, 40% free, 23MB/38MB, paused 655us total 18.545ms
08-04 15:16:25.164  7266  7327 I art     : Starting a blocking GC Explicit
08-04 15:16:25.178  7266  7327 I art     : Explicit concurrent mark sweep GC freed 1756(167KB) AllocSpace objects, 0(0B) LOS objects, 40% free, 23MB/38MB, paused 468us total 13.691ms
08-04 15:16:25.186  7266  7327 I art     : Starting a blocking GC Explicit
08-04 15:16:25.201  7266  7327 I art     : Explicit concurrent mark sweep GC freed 2682(133KB) AllocSpace objects, 0(0B) LOS objects, 40% free, 23MB/39MB, paused 537us total 14.261ms
08-04 15:16:25.209  7266  7266 I Choreographer: Skipped 37 frames!  The application may be doing too much work on its main thread.
08-04 15:16:25.280  7266  7349 I NAPPA_EXPERIMENTATION: MetricNetworkRequestExecutionTime: REQUEST_DURATION_SYSTEM='702',REQUEST_DURATION_OKHTTP='31',REQUEST_SYNCHRONOUS='FALSE',RESPONSE_CODE='200',RESPONSE_METHOD='GET',RESPONSE_LENGTH_OKHTTP='1588',RESPONSE_LENGTH_HEADER='1588',REQUEST_PROTOCOL='http/1.1',REQUEST_URL='https://project-travel-mate.herokuapp.com/api/get-all-cities/10',
08-04 15:16:25.295  7266  7342 I NAPPA_EXPERIMENTATION: MetricNetworkRequestExecutionTime: REQUEST_DURATION_SYSTEM='795',REQUEST_DURATION_OKHTTP='50',REQUEST_SYNCHRONOUS='FALSE',RESPONSE_CODE='200',RESPONSE_METHOD='GET',RESPONSE_LENGTH_OKHTTP='185',RESPONSE_LENGTH_HEADER='185',REQUEST_PROTOCOL='http/1.1',REQUEST_URL='https://project-travel-mate.herokuapp.com/api/get-user',
08-04 15:16:25.318  7266  7266 V MainActivity: url = https://project-travel-mate.herokuapp.com/api/number-of-unread-notifications
08-04 15:16:25.324   918   936 I ActivityManager: Displayed baseline.io.github.project_travel_mate/.MainActivity: +1s104ms
08-04 15:16:25.342 13866 13866 I GoogleInputMethodServic: GoogleInputMethodService.onFinishInput():3138 
08-04 15:16:25.342 13866 13866 I GoogleInputMethodServic: GoogleInputMethodService.onStartInput():1808 
08-04 15:16:25.344  7266  7266 E RecyclerView: No adapter attached; skipping layout
08-04 15:16:25.420  7266  7266 V CityFragment: result=[{"id":1,"city_name":"Delhi","facts_count":6,"image":"https://upload.wikimedia.org/wikipedia/commons/9/94/%E0%B4%96%E0%B5%81%E0%B4%A4%E0%B5%8D%E0%B4%AC%E0%B5%8D_%E0%B4%AE%E0%B4%BF%E0%B4%A8%E0%B4%BE%E0%B5%BC1.jpg","visit_count":18186},{"id":2,"city_name":"Mumbai","facts_count":0,"image":"https://static1.squarespace.com/static/55917ae2e4b0984fc8c264c4/t/5ad7a037758d464041bfba27/1524102624280/Victoria_Mumbai.jpg","visit_count":6022},{"id":3,"city_name":"Bangalore","facts_count":0,"image":null,"visit_count":5536},{"id":8,"city_name":"Pune","facts_count":0,"image":"https://www.zricks.com/ImagesPostProject/47929//6557d975-20a9-4c6c-a776-8072a1936a76.jpg","visit_count":3324},{"id":4,"city_name":"Chennai","facts_count":0,"image":"http://lh3.ggpht.com/_YLb7tJ8RoAk/SfazBLdgf3I/AAAAAAAANEg/p52_Zz_URxg/s640/Picture%20009.jpg","visit_count":3061},{"id":5,"city_name":"Kolkata","facts_count":0,"image":"https://i.pinimg.com/originals/05/ec/42/05ec42c545b494d12cc612923483b4f0.jpg","visit_count":2211},{"id":9,"city_name":"Jaipur","facts_count":1,"image":"https://www.trodly.com/pictures/attraction/1943.jpg","visit_count":2007},{"id":6,"city_name":"Hyderabad","facts_count":0,"image":"https://i1.trekearth.com/photos/59194/charminar_020_sm.jpg","visit_count":1633},{"id":150,"city_name":"Panjim","facts_count":0,"image":"http://www.nomad4ever.com/wp-content/uploads/2009/04/palm-trees-at-baga-creek-north-goa1.jpg","visit_count":1488},{"id":7,"city_name":"Ahmedabad","facts_count":0,"image":"https://i.pinimg.com/originals/a5/ed/29/a5ed293271669a61f47059f7b0d9cf2c.jpg","visit_count":1115}]
08-04 15:16:25.457  7266  7266 D CityFragment: get cities cities size = 10
08-04 15:16:25.480  7266  7326 I art     : Starting a blocking GC Explicit
08-04 15:16:25.504  7266  7326 I art     : Explicit concurrent mark sweep GC freed 9672(588KB) AllocSpace objects, 8(440KB) LOS objects, 34% free, 30MB/46MB, paused 382us total 23.604ms
08-04 15:16:25.514  7266  7326 I art     : Starting a blocking GC Explicit
08-04 15:16:25.532  7266  7326 I art     : Explicit concurrent mark sweep GC freed 2660(283KB) AllocSpace objects, 0(0B) LOS objects, 34% free, 30MB/46MB, paused 536us total 17.890ms
08-04 15:16:25.541  7266  7326 I art     : Starting a blocking GC Explicit
08-04 15:16:25.544   918 13197 D NetworkMonitor/NetworkAgentInfo [WIFI () - 158]: Checking http://connectivitycheck.gstatic.com/generate_204 on "H369AA63323", 192.168.2.12=192.168.2.12
08-04 15:16:25.558  7266  7326 I art     : Explicit concurrent mark sweep GC freed 351(24KB) AllocSpace objects, 0(0B) LOS objects, 34% free, 30MB/46MB, paused 509us total 17.015ms
08-04 15:16:25.567  7266  7326 I art     : Starting a blocking GC Explicit
08-04 15:16:25.570   918 13197 D NetworkMonitor/NetworkAgentInfo [WIFI () - 158]: Probably not a portal: exception java.io.IOException: unexpected end of stream on Connection{connectivitycheck.gstatic.com:80, proxy=HTTP@/192.168.2.12:8080 hostAddress=192.168.2.12 cipherSuite=none protocol=http/1.1} (recycle count=0)
08-04 15:16:25.571   918  3263 D ConnectivityService: NetworkAgentInfo [WIFI () - 158] validation failed
08-04 15:16:25.572   918  3261 E WifiConfigStore:  rewrite network history for "H369AA63323"WPA_PSK
08-04 15:16:25.584  7266  7326 I art     : Explicit concurrent mark sweep GC freed 747(36KB) AllocSpace objects, 0(0B) LOS objects, 34% free, 30MB/46MB, paused 520us total 16.807ms
08-04 15:16:25.592  7266  7326 I art     : Starting a blocking GC Explicit
08-04 15:16:25.609  7266  7326 I art     : Explicit concurrent mark sweep GC freed 246(16KB) AllocSpace objects, 0(0B) LOS objects, 34% free, 30MB/46MB, paused 487us total 16.027ms
08-04 15:16:25.704  2486  2486 I ServiceManager: Waiting for service AtCmdFwd...
08-04 15:16:25.743   380   380 W SurfaceFlinger: couldn't log to binary event log: overflow.
08-04 15:16:25.825  7266  7357 I NAPPA_EXPERIMENTATION: MetricNetworkRequestExecutionTime: REQUEST_DURATION_SYSTEM='506',REQUEST_DURATION_OKHTTP='39',REQUEST_SYNCHRONOUS='FALSE',RESPONSE_CODE='200',RESPONSE_METHOD='GET',RESPONSE_LENGTH_OKHTTP='36',RESPONSE_LENGTH_HEADER='36',REQUEST_PROTOCOL='http/1.1',REQUEST_URL='https://project-travel-mate.herokuapp.com/api/number-of-unread-notifications',
08-04 15:16:25.873  7266  7280 I art     : Starting a blocking GC Explicit
08-04 15:16:25.894  7266  7280 I art     : Explicit concurrent mark sweep GC freed 18033(1478KB) AllocSpace objects, 16(4MB) LOS objects, 34% free, 29MB/45MB, paused 327us total 20.769ms
08-04 15:16:25.903  7266  7280 I art     : Starting a blocking GC Explicit
08-04 15:16:25.920  7266  7280 I art     : Explicit concurrent mark sweep GC freed 10606(563KB) AllocSpace objects, 0(0B) LOS objects, 35% free, 29MB/45MB, paused 335us total 16.880ms
08-04 15:16:25.929  7266  7280 I art     : Starting a blocking GC Explicit
08-04 15:16:25.946  7266  7280 I art     : Explicit concurrent mark sweep GC freed 160(136KB) AllocSpace objects, 0(0B) LOS objects, 34% free, 30MB/46MB, paused 320us total 17.051ms
08-04 15:16:25.955  7266  7280 I art     : Starting a blocking GC Explicit
08-04 15:16:25.974  7266  7280 I art     : Explicit concurrent mark sweep GC freed 2251(170KB) AllocSpace objects, 4(144KB) LOS objects, 34% free, 30MB/46MB, paused 327us total 18.687ms
08-04 15:16:25.982  7266  7280 I art     : Starting a blocking GC Explicit
08-04 15:16:25.999  7266  7280 I art     : Explicit concurrent mark sweep GC freed 200(5KB) AllocSpace objects, 0(0B) LOS objects, 34% free, 30MB/46MB, paused 305us total 16.414ms
08-04 15:16:26.312  7266  7280 I art     : Starting a blocking GC Explicit
08-04 15:16:26.339  7266  7280 I art     : Explicit concurrent mark sweep GC freed 7319(712KB) AllocSpace objects, 11(1532KB) LOS objects, 33% free, 31MB/47MB, paused 345us total 26.032ms
08-04 15:16:26.349  7266  7280 I art     : Starting a blocking GC Explicit
08-04 15:16:26.369  7266  7280 I art     : Explicit concurrent mark sweep GC freed 194(6KB) AllocSpace objects, 0(0B) LOS objects, 33% free, 31MB/47MB, paused 263us total 18.914ms
08-04 15:16:26.378  7266  7280 I art     : Starting a blocking GC Explicit
08-04 15:16:26.397  7266  7280 I art     : Explicit concurrent mark sweep GC freed 55(1024B) AllocSpace objects, 0(0B) LOS objects, 33% free, 31MB/47MB, paused 451us total 18.565ms
08-04 15:16:26.406  7266  7280 I art     : Starting a blocking GC Explicit
08-04 15:16:26.423  7266  7280 I art     : Explicit concurrent mark sweep GC freed 30(592B) AllocSpace objects, 0(0B) LOS objects, 33% free, 31MB/47MB, paused 300us total 17.198ms
08-04 15:16:26.432  7266  7280 I art     : Starting a blocking GC Explicit
08-04 15:16:26.450  7266  7280 I art     : Explicit concurrent mark sweep GC freed 53(960B) AllocSpace objects, 0(0B) LOS objects, 33% free, 31MB/47MB, paused 262us total 17.521ms
08-04 15:16:26.704  2486  2486 W Atfwd_Sendcmd: AtCmdFwd service not published, waiting... retryCnt : 2
08-04 15:16:26.772  7266  7327 I art     : Starting a blocking GC Explicit
08-04 15:16:26.790  7266  7327 I art     : Explicit concurrent mark sweep GC freed 3939(305KB) AllocSpace objects, 6(184KB) LOS objects, 32% free, 32MB/48MB, paused 284us total 18.515ms
08-04 15:16:26.799  7266  7327 I art     : Starting a blocking GC Explicit
08-04 15:16:26.817  7266  7327 I art     : Explicit concurrent mark sweep GC freed 139(4KB) AllocSpace objects, 0(0B) LOS objects, 32% free, 32MB/48MB, paused 347us total 18.075ms
08-04 15:16:26.818  7266  7278 I art     : WaitForGcToComplete blocked for 16.576ms for cause HeapTrim
08-04 15:16:26.826  7266  7327 I art     : Starting a blocking GC Explicit
08-04 15:16:26.843  7266  7327 I art     : Explicit concurrent mark sweep GC freed 235(9KB) AllocSpace objects, 0(0B) LOS objects, 32% free, 32MB/48MB, paused 489us total 16.930ms
08-04 15:16:26.852  7266  7327 I art     : Starting a blocking GC Explicit
08-04 15:16:26.870  7266  7327 I art     : Explicit concurrent mark sweep GC freed 202(9KB) AllocSpace objects, 0(0B) LOS objects, 32% free, 32MB/48MB, paused 425us total 17.676ms
08-04 15:16:26.879  7266  7327 I art     : Starting a blocking GC Explicit
08-04 15:16:26.898  7266  7327 I art     : Explicit concurrent mark sweep GC freed 60(1264B) AllocSpace objects, 0(0B) LOS objects, 32% free, 32MB/48MB, paused 273us total 18.572ms
08-04 15:16:27.243  7266  7326 I art     : Starting a blocking GC Explicit
08-04 15:16:27.268  7266  7326 I art     : Explicit concurrent mark sweep GC freed 3945(300KB) AllocSpace objects, 6(184KB) LOS objects, 32% free, 33MB/49MB, paused 277us total 24.715ms
08-04 15:16:27.281  7266  7326 I art     : Starting a blocking GC Explicit
08-04 15:16:27.299  7266  7326 I art     : Explicit concurrent mark sweep GC freed 150(4KB) AllocSpace objects, 0(0B) LOS objects, 32% free, 33MB/49MB, paused 260us total 18.097ms
08-04 15:16:27.308  7266  7326 I art     : Starting a blocking GC Explicit
08-04 15:16:27.326  7266  7326 I art     : Explicit concurrent mark sweep GC freed 27(496B) AllocSpace objects, 0(0B) LOS objects, 32% free, 33MB/49MB, paused 257us total 17.704ms
08-04 15:16:27.335  7266  7326 I art     : Starting a blocking GC Explicit
08-04 15:16:27.353  7266  7326 I art     : Explicit concurrent mark sweep GC freed 51(896B) AllocSpace objects, 0(0B) LOS objects, 32% free, 33MB/49MB, paused 255us total 17.877ms
08-04 15:16:27.362  7266  7326 I art     : Starting a blocking GC Explicit
08-04 15:16:27.380  7266  7326 I art     : Explicit concurrent mark sweep GC freed 33(576B) AllocSpace objects, 0(0B) LOS objects, 32% free, 33MB/49MB, paused 331us total 18.233ms
08-04 15:16:27.703  7266  7327 I art     : Starting a blocking GC Explicit
08-04 15:16:27.720  7266  7327 I art     : Explicit concurrent mark sweep GC freed 1920(91KB) AllocSpace objects, 2(40KB) LOS objects, 32% free, 33MB/49MB, paused 236us total 16.811ms
08-04 15:16:27.729  7266  7327 I art     : Starting a blocking GC Explicit
08-04 15:16:27.746  7266  7327 I art     : Explicit concurrent mark sweep GC freed 45(1168B) AllocSpace objects, 0(0B) LOS objects, 32% free, 33MB/49MB, paused 279us total 17.048ms
08-04 15:16:27.754  7266  7327 I art     : Starting a blocking GC Explicit
08-04 15:16:27.770  7266  7327 I art     : Explicit concurrent mark sweep GC freed 52(928B) AllocSpace objects, 0(0B) LOS objects, 32% free, 33MB/49MB, paused 219us total 14.980ms
08-04 15:16:27.778  7266  7327 I art     : Starting a blocking GC Explicit
08-04 15:16:27.794  7266  7327 I art     : Explicit concurrent mark sweep GC freed 27(496B) AllocSpace objects, 0(0B) LOS objects, 32% free, 33MB/49MB, paused 244us total 15.791ms
08-04 15:16:27.802  7266  7327 I art     : Starting a blocking GC Explicit
08-04 15:16:27.818  7266  7327 I art     : Explicit concurrent mark sweep GC freed 51(896B) AllocSpace objects, 0(0B) LOS objects, 32% free, 33MB/49MB, paused 227us total 15.638ms
08-04 15:16:28.161  7266  7279 I art     : Starting a blocking GC Explicit
08-04 15:16:28.181  7266  7279 I art     : Explicit concurrent mark sweep GC freed 1934(91KB) AllocSpace objects, 2(40KB) LOS objects, 32% free, 33MB/49MB, paused 343us total 20.059ms
08-04 15:16:28.194  7266  7279 I art     : Starting a blocking GC Explicit
08-04 15:16:28.212  7266  7279 I art     : Explicit concurrent mark sweep GC freed 63(1472B) AllocSpace objects, 0(0B) LOS objects, 32% free, 33MB/49MB, paused 250us total 17.521ms
08-04 15:16:28.220  7266  7279 I art     : Starting a blocking GC Explicit
08-04 15:16:28.238  7266  7279 I art     : Explicit concurrent mark sweep GC freed 51(896B) AllocSpace objects, 0(0B) LOS objects, 32% free, 33MB/49MB, paused 258us total 16.975ms
08-04 15:16:28.246  7266  7279 I art     : Starting a blocking GC Explicit
08-04 15:16:28.264  7266  7279 I art     : Explicit concurrent mark sweep GC freed 26(464B) AllocSpace objects, 0(0B) LOS objects, 32% free, 33MB/49MB, paused 276us total 17.311ms
08-04 15:16:28.272  7266  7279 I art     : Starting a blocking GC Explicit
08-04 15:16:28.290  7266  7279 I art     : Explicit concurrent mark sweep GC freed 53(960B) AllocSpace objects, 0(0B) LOS objects, 32% free, 33MB/49MB, paused 250us total 17.208ms
08-04 15:16:28.631  7266  7280 I art     : Starting a blocking GC Explicit
08-04 15:16:28.650  7266  7280 I art     : Explicit concurrent mark sweep GC freed 1950(91KB) AllocSpace objects, 2(40KB) LOS objects, 32% free, 33MB/49MB, paused 262us total 17.891ms
08-04 15:16:28.659  7266  7280 I art     : Starting a blocking GC Explicit
08-04 15:16:28.674  7266  7280 I art     : Explicit concurrent mark sweep GC freed 46(1200B) AllocSpace objects, 0(0B) LOS objects, 32% free, 33MB/49MB, paused 240us total 15.087ms
08-04 15:16:28.683  7266  7280 I art     : Starting a blocking GC Explicit
08-04 15:16:28.700  7266  7280 I art     : Explicit concurrent mark sweep GC freed 51(896B) AllocSpace objects, 0(0B) LOS objects, 32% free, 33MB/49MB, paused 250us total 16.680ms
08-04 15:16:28.708  7266  7280 I art     : Starting a blocking GC Explicit
08-04 15:16:28.725  7266  7280 I art     : Explicit concurrent mark sweep GC freed 27(496B) AllocSpace objects, 0(0B) LOS objects, 32% free, 33MB/49MB, paused 253us total 16.529ms
08-04 15:16:28.734  7266  7280 I art     : Starting a blocking GC Explicit
08-04 15:16:28.751  7266  7280 I art     : Explicit concurrent mark sweep GC freed 51(896B) AllocSpace objects, 0(0B) LOS objects, 32% free, 33MB/49MB, paused 256us total 17.046ms
08-04 15:16:29.090  7266  7326 I art     : Starting a blocking GC Explicit
08-04 15:16:29.111  7266  7326 I art     : Explicit concurrent mark sweep GC freed 1926(91KB) AllocSpace objects, 2(40KB) LOS objects, 32% free, 33MB/49MB, paused 256us total 20.681ms
08-04 15:16:29.121  7266  7326 I art     : Starting a blocking GC Explicit
08-04 15:16:29.139  7266  7326 I art     : Explicit concurrent mark sweep GC freed 70(1584B) AllocSpace objects, 0(0B) LOS objects, 32% free, 33MB/49MB, paused 262us total 18.124ms
08-04 15:16:29.149  7266  7326 I art     : Starting a blocking GC Explicit
08-04 15:16:29.167  7266  7326 I art     : Explicit concurrent mark sweep GC freed 43(736B) AllocSpace objects, 0(0B) LOS objects, 32% free, 33MB/49MB, paused 402us total 17.884ms
08-04 15:16:29.176  7266  7326 I art     : Starting a blocking GC Explicit
08-04 15:16:29.193  7266  7326 I art     : Explicit concurrent mark sweep GC freed 35(656B) AllocSpace objects, 0(0B) LOS objects, 32% free, 33MB/49MB, paused 259us total 17.532ms
08-04 15:16:29.202  7266  7326 I art     : Starting a blocking GC Explicit
08-04 15:16:29.220  7266  7326 I art     : Explicit concurrent mark sweep GC freed 51(896B) AllocSpace objects, 0(0B) LOS objects, 32% free, 33MB/49MB, paused 261us total 17.595ms
08-04 15:16:29.565  7266  7327 I art     : Starting a blocking GC Explicit
08-04 15:16:29.590  7266  7327 I art     : Explicit concurrent mark sweep GC freed 1950(91KB) AllocSpace objects, 2(40KB) LOS objects, 32% free, 33MB/49MB, paused 291us total 23.828ms
08-04 15:16:29.603  7266  7327 I art     : Starting a blocking GC Explicit
08-04 15:16:29.621  7266  7327 I art     : Explicit concurrent mark sweep GC freed 70(1600B) AllocSpace objects, 0(0B) LOS objects, 32% free, 33MB/49MB, paused 253us total 17.508ms
08-04 15:16:29.630  7266  7327 I art     : Starting a blocking GC Explicit
08-04 15:16:29.648  7266  7327 I art     : Explicit concurrent mark sweep GC freed 27(496B) AllocSpace objects, 0(0B) LOS objects, 32% free, 33MB/49MB, paused 291us total 17.909ms
08-04 15:16:29.657  7266  7327 I art     : Starting a blocking GC Explicit
08-04 15:16:29.675  7266  7327 I art     : Explicit concurrent mark sweep GC freed 51(896B) AllocSpace objects, 0(0B) LOS objects, 32% free, 33MB/49MB, paused 245us total 17.798ms
08-04 15:16:29.684  7266  7327 I art     : Starting a blocking GC Explicit
08-04 15:16:29.702  7266  7327 I art     : Explicit concurrent mark sweep GC freed 51(896B) AllocSpace objects, 0(0B) LOS objects, 32% free, 33MB/49MB, paused 248us total 17.911ms
08-04 15:16:30.044  7266  7279 I art     : Starting a blocking GC Explicit
08-04 15:16:30.068  7266  7279 I art     : Explicit concurrent mark sweep GC freed 1950(91KB) AllocSpace objects, 2(40KB) LOS objects, 32% free, 33MB/49MB, paused 292us total 23.731ms
08-04 15:16:30.080  7266  7279 I art     : Starting a blocking GC Explicit
08-04 15:16:30.097  7266  7279 I art     : Explicit concurrent mark sweep GC freed 46(1184B) AllocSpace objects, 0(0B) LOS objects, 32% free, 33MB/49MB, paused 230us total 17.455ms
08-04 15:16:30.107  7266  7279 I art     : Starting a blocking GC Explicit
08-04 15:16:30.124  7266  7279 I art     : Explicit concurrent mark sweep GC freed 51(896B) AllocSpace objects, 0(0B) LOS objects, 32% free, 33MB/49MB, paused 251us total 17.555ms
08-04 15:16:30.133  7266  7279 I art     : Starting a blocking GC Explicit
08-04 15:16:30.151  7266  7279 I art     : Explicit concurrent mark sweep GC freed 48(816B) AllocSpace objects, 0(0B) LOS objects, 32% free, 33MB/49MB, paused 280us total 18.022ms
08-04 15:16:30.160  7266  7279 I art     : Starting a blocking GC Explicit
08-04 15:16:30.178  7266  7279 I art     : Explicit concurrent mark sweep GC freed 30(576B) AllocSpace objects, 0(0B) LOS objects, 32% free, 33MB/49MB, paused 248us total 17.312ms
08-04 15:16:30.535  7266  7280 I art     : Starting a blocking GC Explicit
08-04 15:16:30.560  7266  7280 I art     : Explicit concurrent mark sweep GC freed 1974(91KB) AllocSpace objects, 2(40KB) LOS objects, 32% free, 33MB/49MB, paused 277us total 24.100ms
08-04 15:16:30.569  7266  7280 I art     : Starting a blocking GC Explicit
08-04 15:16:30.587  7266  7280 I art     : Explicit concurrent mark sweep GC freed 71(1632B) AllocSpace objects, 0(0B) LOS objects, 32% free, 33MB/49MB, paused 275us total 17.947ms
08-04 15:16:30.596  7266  7280 I art     : Starting a blocking GC Explicit
08-04 15:16:30.614  7266  7280 I art     : Explicit concurrent mark sweep GC freed 27(496B) AllocSpace objects, 0(0B) LOS objects, 32% free, 33MB/49MB, paused 259us total 17.237ms
08-04 15:16:30.623  7266  7280 I art     : Starting a blocking GC Explicit
08-04 15:16:30.640  7266  7280 I art     : Explicit concurrent mark sweep GC freed 51(896B) AllocSpace objects, 0(0B) LOS objects, 32% free, 33MB/49MB, paused 252us total 16.882ms
08-04 15:16:30.649  7266  7280 I art     : Starting a blocking GC Explicit
08-04 15:16:30.667  7266  7280 I art     : Explicit concurrent mark sweep GC freed 26(464B) AllocSpace objects, 0(0B) LOS objects, 32% free, 33MB/49MB, paused 358us total 17.960ms
08-04 15:16:30.942  7266  7326 I art     : Starting a blocking GC Explicit
08-04 15:16:30.960  7266  7326 I art     : Explicit concurrent mark sweep GC freed 1856(90KB) AllocSpace objects, 2(40KB) LOS objects, 32% free, 33MB/49MB, paused 266us total 17.789ms
08-04 15:16:30.970  7266  7326 I art     : Starting a blocking GC Explicit
08-04 15:16:30.986  7266  7326 I art     : Explicit concurrent mark sweep GC freed 70(1584B) AllocSpace objects, 0(0B) LOS objects, 32% free, 33MB/49MB, paused 248us total 15.762ms
08-04 15:16:30.994  7266  7326 I art     : Starting a blocking GC Explicit
08-04 15:16:31.010  7266  7326 I art     : Explicit concurrent mark sweep GC freed 27(496B) AllocSpace objects, 0(0B) LOS objects, 32% free, 33MB/49MB, paused 250us total 15.547ms
08-04 15:16:31.019  7266  7326 I art     : Starting a blocking GC Explicit
08-04 15:16:31.035  7266  7326 I art     : Explicit concurrent mark sweep GC freed 37(640B) AllocSpace objects, 0(0B) LOS objects, 32% free, 33MB/49MB, paused 293us total 16.698ms
08-04 15:16:31.044  7266  7326 I art     : Starting a blocking GC Explicit
08-04 15:16:31.061  7266  7326 I art     : Explicit concurrent mark sweep GC freed 41(752B) AllocSpace objects, 0(0B) LOS objects, 32% free, 33MB/49MB, paused 249us total 16.427ms
08-04 15:16:31.083  7502  7502 D AndroidRuntime: >>>>>> START com.android.internal.os.RuntimeInit uid 2000 <<<<<<
08-04 15:16:31.087  7502  7502 D AndroidRuntime: CheckJNI is OFF
08-04 15:16:31.112  7502  7502 D ICU     : No timezone override file found: /data/misc/zoneinfo/current/icu/icu_tzdata.dat
08-04 15:16:31.136  7502  7502 I Radio-JNI: register_android_hardware_Radio DONE
08-04 15:16:31.152  7502  7502 D AndroidRuntime: Calling main entry com.android.commands.input.Input
08-04 15:16:31.154  7502  7502 I Input   : injectMotionEvent: MotionEvent { action=ACTION_DOWN, actionButton=0, id[0]=0, x[0]=346.0, y[0]=709.0, toolType[0]=TOOL_TYPE_UNKNOWN, buttonState=0, metaState=0, flags=0x0, edgeFlags=0x0, pointerCount=1, historySize=0, eventTime=717407567, downTime=717407567, deviceId=0, source=0x1002 }
08-04 15:16:31.160  7502  7502 I Input   : injectMotionEvent: MotionEvent { action=ACTION_UP, actionButton=0, id[0]=0, x[0]=346.0, y[0]=709.0, toolType[0]=TOOL_TYPE_UNKNOWN, buttonState=0, metaState=0, flags=0x0, edgeFlags=0x0, pointerCount=1, historySize=0, eventTime=717407567, downTime=717407567, deviceId=0, source=0x1002 }
08-04 15:16:31.173   918  3961 I ActivityManager: START u0 {cmp=baseline.io.github.project_travel_mate/.destinations.description.FinalCityInfoActivity (has extras)} from uid 10650 on display 0
08-04 15:16:31.180  7502  7502 D AndroidRuntime: Shutting down VM
08-04 15:16:31.214  7266  7347 D Gabe    : call	returning from cache
08-04 15:16:31.296  7266  7266 V EXECUTING: https://project-travel-mate.herokuapp.com/api/get-city-weather/1
08-04 15:16:31.315  7266  7326 I art     : Starting a blocking GC Explicit
08-04 15:16:31.336  7266  7326 I art     : Explicit concurrent mark sweep GC freed 8494(558KB) AllocSpace objects, 2(40KB) LOS objects, 31% free, 34MB/50MB, paused 333us total 20.005ms
08-04 15:16:31.345  7266  7326 I art     : Starting a blocking GC Explicit
08-04 15:16:31.367  7266  7326 I art     : Explicit concurrent mark sweep GC freed 1321(59KB) AllocSpace objects, 0(0B) LOS objects, 29% free, 38MB/54MB, paused 528us total 21.904ms
08-04 15:16:31.376  7266  7326 I art     : Starting a blocking GC Explicit
08-04 15:16:31.397  7266  7326 I art     : Explicit concurrent mark sweep GC freed 42(1888B) AllocSpace objects, 0(0B) LOS objects, 29% free, 38MB/54MB, paused 561us total 20.286ms
08-04 15:16:31.406  7266  7326 I art     : Starting a blocking GC Explicit
08-04 15:16:31.414   918   936 I ActivityManager: Displayed baseline.io.github.project_travel_mate/.destinations.description.FinalCityInfoActivity: +233ms
08-04 15:16:31.414 13866 13866 I GoogleInputMethodServic: GoogleInputMethodService.onFinishInput():3138 
08-04 15:16:31.415 13866 13866 I GoogleInputMethodServic: GoogleInputMethodService.onStartInput():1808 
08-04 15:16:31.425  7266  7326 I art     : Explicit concurrent mark sweep GC freed 136(3KB) AllocSpace objects, 0(0B) LOS objects, 29% free, 38MB/54MB, paused 525us total 18.700ms
08-04 15:16:31.435  7266  7326 I art     : Starting a blocking GC Explicit
08-04 15:16:31.457  7266  7326 I art     : Explicit concurrent mark sweep GC freed 19(384B) AllocSpace objects, 0(0B) LOS objects, 29% free, 38MB/54MB, paused 652us total 22.324ms
08-04 15:16:31.666   380   380 W SurfaceFlinger: couldn't log to binary event log: overflow.
08-04 15:16:31.714  7266  7326 I art     : Starting a blocking GC Explicit
08-04 15:16:31.732  7266  7326 I art     : Explicit concurrent mark sweep GC freed 2114(94KB) AllocSpace objects, 2(40KB) LOS objects, 29% free, 38MB/54MB, paused 306us total 17.489ms
08-04 15:16:31.741  7266  7326 I art     : Starting a blocking GC Explicit
08-04 15:16:31.760  7266  7326 I art     : Explicit concurrent mark sweep GC freed 118(2384B) AllocSpace objects, 0(0B) LOS objects, 29% free, 38MB/54MB, paused 320us total 19.090ms
08-04 15:16:31.769  7266  7326 I art     : Starting a blocking GC Explicit
08-04 15:16:31.789  7266  7326 I art     : Explicit concurrent mark sweep GC freed 137(2304B) AllocSpace objects, 0(0B) LOS objects, 29% free, 38MB/54MB, paused 470us total 19.283ms
08-04 15:16:31.800  7266  7326 I art     : Starting a blocking GC Explicit
08-04 15:16:31.820  7266  7326 I art     : Explicit concurrent mark sweep GC freed 17(320B) AllocSpace objects, 0(0B) LOS objects, 29% free, 38MB/54MB, paused 450us total 19.884ms
08-04 15:16:31.830  7266  7326 I art     : Starting a blocking GC Explicit
08-04 15:16:31.849  7266  7326 I art     : Explicit concurrent mark sweep GC freed 28(720B) AllocSpace objects, 0(0B) LOS objects, 29% free, 38MB/54MB, paused 494us total 18.820ms
08-04 15:16:31.849  7266  7278 I art     : WaitForGcToComplete blocked for 5.040ms for cause HeapTrim
08-04 15:16:32.116  7266  7279 I art     : Starting a blocking GC Explicit
08-04 15:16:32.136  7266  7279 I art     : Explicit concurrent mark sweep GC freed 2208(104KB) AllocSpace objects, 2(40KB) LOS objects, 29% free, 38MB/54MB, paused 395us total 19.060ms
08-04 15:16:32.144  7266  7279 I art     : Starting a blocking GC Explicit
08-04 15:16:32.163  7266  7279 I art     : Explicit concurrent mark sweep GC freed 717(55KB) AllocSpace objects, 0(0B) LOS objects, 29% free, 39MB/55MB, paused 471us total 19.119ms
08-04 15:16:32.172  7266  7279 I art     : Starting a blocking GC Explicit
08-04 15:16:32.192  7266  7279 I art     : Explicit concurrent mark sweep GC freed 2068(80KB) AllocSpace objects, 2(120KB) LOS objects, 29% free, 39MB/55MB, paused 572us total 19.787ms
08-04 15:16:32.202  7266  7279 I art     : Starting a blocking GC Explicit
08-04 15:16:32.222  7266  7279 I art     : Explicit concurrent mark sweep GC freed 1009(118KB) AllocSpace objects, 1(80KB) LOS objects, 29% free, 39MB/55MB, paused 416us total 19.100ms
08-04 15:16:32.225  7266  7537 I NAPPA_EXPERIMENTATION: MetricNetworkRequestExecutionTime: REQUEST_DURATION_SYSTEM='928',REQUEST_DURATION_OKHTTP='31',REQUEST_SYNCHRONOUS='FALSE',RESPONSE_CODE='200',RESPONSE_METHOD='GET',RESPONSE_LENGTH_OKHTTP='530',RESPONSE_LENGTH_HEADER='530',REQUEST_PROTOCOL='http/1.1',REQUEST_URL='https://project-travel-mate.herokuapp.com/api/get-city/1',
08-04 15:16:32.231  7266  7279 I art     : Starting a blocking GC Explicit
08-04 15:16:32.249  7266  7279 I art     : Explicit concurrent mark sweep GC freed 229(13KB) AllocSpace objects, 0(0B) LOS objects, 29% free, 39MB/55MB, paused 482us total 18.425ms
08-04 15:16:32.269  7266  7537 V Response: {"id":1,"city_name":"Delhi","description":"Delhi, officially the National Capital Territory of Delhi, is the Capital territory of India. During the British Raj, Delhi was part of the province of Punjab and is still historically and culturally connected to the Punjab region.","latitude":"28.613900","longitude":"77.209000","facts_count":6,"images":["https://upload.wikimedia.org/wikipedia/commons/9/94/%E0%B4%96%E0%B5%81%E0%B4%A4%E0%B5%8D%E0%B4%AC%E0%B5%8D_%E0%B4%AE%E0%B4%BF%E0%B4%A8%E0%B4%BE%E0%B5%BC1.jpg"],"has_visited":false}
08-04 15:16:32.385  7266  7536 I NAPPA_EXPERIMENTATION: MetricNetworkRequestExecutionTime: REQUEST_DURATION_SYSTEM='1088',REQUEST_DURATION_OKHTTP='31',REQUEST_SYNCHRONOUS='FALSE',RESPONSE_CODE='200',RESPONSE_METHOD='GET',RESPONSE_LENGTH_OKHTTP='238',RESPONSE_LENGTH_HEADER='238',REQUEST_PROTOCOL='http/1.1',REQUEST_URL='https://project-travel-mate.herokuapp.com/api/get-city-weather/1',
08-04 15:16:32.512  7266  7326 I art     : Starting a blocking GC Explicit
08-04 15:16:32.534  7266  7326 I art     : Explicit concurrent mark sweep GC freed 6844(441KB) AllocSpace objects, 11(5MB) LOS objects, 28% free, 39MB/55MB, paused 292us total 22.029ms
08-04 15:16:32.544  7266  7326 I art     : Starting a blocking GC Explicit
08-04 15:16:32.564  7266  7326 I art     : Explicit concurrent mark sweep GC freed 295(9KB) AllocSpace objects, 0(0B) LOS objects, 28% free, 39MB/55MB, paused 287us total 19.972ms
08-04 15:16:32.573  7266  7326 I art     : Starting a blocking GC Explicit
08-04 15:16:32.593  7266  7326 I art     : Explicit concurrent mark sweep GC freed 99(1696B) AllocSpace objects, 0(0B) LOS objects, 28% free, 39MB/55MB, paused 289us total 20.164ms
08-04 15:16:32.602  7266  7326 I art     : Starting a blocking GC Explicit
08-04 15:16:32.623  7266  7326 I art     : Explicit concurrent mark sweep GC freed 99(1696B) AllocSpace objects, 0(0B) LOS objects, 28% free, 39MB/55MB, paused 285us total 20.085ms
08-04 15:16:32.632  7266  7326 I art     : Starting a blocking GC Explicit
08-04 15:16:32.652  7266  7326 I art     : Explicit concurrent mark sweep GC freed 119(3KB) AllocSpace objects, 0(0B) LOS objects, 28% free, 39MB/55MB, paused 349us total 19.843ms
08-04 15:16:32.976  7266  7279 I art     : Starting a blocking GC Explicit
08-04 15:16:33.000  7266  7279 I art     : Explicit concurrent mark sweep GC freed 2427(100KB) AllocSpace objects, 2(40KB) LOS objects, 28% free, 39MB/55MB, paused 295us total 22.890ms
08-04 15:16:33.013  7266  7279 I art     : Starting a blocking GC Explicit
08-04 15:16:33.033  7266  7279 I art     : Explicit concurrent mark sweep GC freed 128(2928B) AllocSpace objects, 0(0B) LOS objects, 28% free, 39MB/55MB, paused 277us total 19.444ms
08-04 15:16:33.042  7266  7279 I art     : Starting a blocking GC Explicit
08-04 15:16:33.062  7266  7279 I art     : Explicit concurrent mark sweep GC freed 99(1696B) AllocSpace objects, 0(0B) LOS objects, 28% free, 39MB/55MB, paused 278us total 19.546ms
08-04 15:16:33.071  7266  7279 I art     : Starting a blocking GC Explicit
08-04 15:16:33.091  7266  7279 I art     : Explicit concurrent mark sweep GC freed 99(1696B) AllocSpace objects, 0(0B) LOS objects, 28% free, 39MB/55MB, paused 289us total 19.645ms
08-04 15:16:33.100  7266  7279 I art     : Starting a blocking GC Explicit
08-04 15:16:33.120  7266  7279 I art     : Explicit concurrent mark sweep GC freed 99(1696B) AllocSpace objects, 0(0B) LOS objects, 28% free, 39MB/55MB, paused 290us total 20.103ms
08-04 15:16:33.473  7266  7327 I art     : Starting a blocking GC Explicit
08-04 15:16:33.496  7266  7327 I art     : Explicit concurrent mark sweep GC freed 2479(100KB) AllocSpace objects, 2(40KB) LOS objects, 28% free, 39MB/55MB, paused 299us total 22.808ms
08-04 15:16:33.509  7266  7327 I art     : Starting a blocking GC Explicit
08-04 15:16:33.528  7266  7327 I art     : Explicit concurrent mark sweep GC freed 118(2384B) AllocSpace objects, 0(0B) LOS objects, 28% free, 39MB/55MB, paused 291us total 19.310ms
08-04 15:16:33.537  7266  7327 I art     : Starting a blocking GC Explicit
08-04 15:16:33.557  7266  7327 I art     : Explicit concurrent mark sweep GC freed 99(1696B) AllocSpace objects, 0(0B) LOS objects, 28% free, 39MB/55MB, paused 403us total 19.607ms
08-04 15:16:33.566  7266  7327 I art     : Starting a blocking GC Explicit
08-04 15:16:33.579   918 13197 D NetworkMonitor/NetworkAgentInfo [WIFI () - 158]: Checking http://connectivitycheck.gstatic.com/generate_204 on "H369AA63323", 192.168.2.12=192.168.2.12
08-04 15:16:33.585  7266  7327 I art     : Explicit concurrent mark sweep GC freed 51(896B) AllocSpace objects, 0(0B) LOS objects, 28% free, 39MB/55MB, paused 357us total 19.136ms
08-04 15:16:33.594  7266  7327 I art     : Starting a blocking GC Explicit
08-04 15:16:33.615  7266  7327 I art     : Explicit concurrent mark sweep GC freed 99(1696B) AllocSpace objects, 0(0B) LOS objects, 28% free, 39MB/55MB, paused 279us total 20.163ms
08-04 15:16:33.720   918 13197 D NetworkMonitor/NetworkAgentInfo [WIFI () - 158]: Probably not a portal: exception java.io.IOException: unexpected end of stream on Connection{connectivitycheck.gstatic.com:80, proxy=HTTP@/192.168.2.12:8080 hostAddress=192.168.2.12 cipherSuite=none protocol=http/1.1} (recycle count=0)
08-04 15:16:33.722   918  3263 D ConnectivityService: NetworkAgentInfo [WIFI () - 158] validation failed
08-04 15:16:33.725   918  3261 E WifiConfigStore:  rewrite network history for "H369AA63323"WPA_PSK
08-04 15:16:33.967  7266  7326 I art     : Starting a blocking GC Explicit
08-04 15:16:33.989  7266  7326 I art     : Explicit concurrent mark sweep GC freed 2528(100KB) AllocSpace objects, 2(40KB) LOS objects, 28% free, 39MB/55MB, paused 282us total 21.636ms
08-04 15:16:33.998  7266  7326 I art     : Starting a blocking GC Explicit
08-04 15:16:34.017  7266  7326 I art     : Explicit concurrent mark sweep GC freed 70(1584B) AllocSpace objects, 0(0B) LOS objects, 28% free, 39MB/55MB, paused 284us total 19.410ms
08-04 15:16:34.026  7266  7326 I art     : Starting a blocking GC Explicit
08-04 15:16:34.046  7266  7326 I art     : Explicit concurrent mark sweep GC freed 99(1696B) AllocSpace objects, 0(0B) LOS objects, 28% free, 39MB/55MB, paused 311us total 19.360ms
08-04 15:16:34.055  7266  7326 I art     : Starting a blocking GC Explicit
08-04 15:16:34.075  7266  7326 I art     : Explicit concurrent mark sweep GC freed 99(1696B) AllocSpace objects, 0(0B) LOS objects, 28% free, 39MB/55MB, paused 289us total 20.168ms
08-04 15:16:34.084  7266  7326 I art     : Starting a blocking GC Explicit
08-04 15:16:34.105  7266  7326 I art     : Explicit concurrent mark sweep GC freed 99(1696B) AllocSpace objects, 0(0B) LOS objects, 28% free, 39MB/55MB, paused 289us total 20.214ms
08-04 15:16:34.467  7266  7280 I art     : Starting a blocking GC Explicit
08-04 15:16:34.489  7266  7280 I art     : Explicit concurrent mark sweep GC freed 2529(100KB) AllocSpace objects, 2(40KB) LOS objects, 28% free, 39MB/55MB, paused 294us total 21.906ms
08-04 15:16:34.500  7266  7280 I art     : Starting a blocking GC Explicit
08-04 15:16:34.506   918 13198 D NetlinkSocketObserver: NeighborEvent{elapsedMs=1700798381, 192.168.2.254, [7C3953A63323], RTM_NEWNEIGH, NUD_STALE}
08-04 15:16:34.521  7266  7280 I art     : Explicit concurrent mark sweep GC freed 113(2272B) AllocSpace objects, 0(0B) LOS objects, 28% free, 39MB/55MB, paused 364us total 20.044ms
08-04 15:16:34.530  7266  7280 I art     : Starting a blocking GC Explicit
08-04 15:16:34.549  7266  7280 I art     : Explicit concurrent mark sweep GC freed 56(1008B) AllocSpace objects, 0(0B) LOS objects, 28% free, 39MB/55MB, paused 317us total 19.125ms
08-04 15:16:34.558  7266  7280 I art     : Starting a blocking GC Explicit
08-04 15:16:34.577  7266  7280 I art     : Explicit concurrent mark sweep GC freed 99(1696B) AllocSpace objects, 0(0B) LOS objects, 28% free, 39MB/55MB, paused 325us total 18.645ms
08-04 15:16:34.586  7266  7280 I art     : Starting a blocking GC Explicit
08-04 15:16:34.604  7266  7280 I art     : Explicit concurrent mark sweep GC freed 97(1632B) AllocSpace objects, 0(0B) LOS objects, 28% free, 39MB/55MB, paused 318us total 17.979ms
08-04 15:16:34.949  7266  7279 I art     : Starting a blocking GC Explicit
08-04 15:16:34.967  7266  7279 I art     : Explicit concurrent mark sweep GC freed 2433(99KB) AllocSpace objects, 2(40KB) LOS objects, 28% free, 39MB/55MB, paused 289us total 18.576ms
08-04 15:16:34.976  7266  7279 I art     : Starting a blocking GC Explicit
08-04 15:16:34.995  7266  7279 I art     : Explicit concurrent mark sweep GC freed 118(2384B) AllocSpace objects, 0(0B) LOS objects, 28% free, 39MB/55MB, paused 313us total 18.810ms
08-04 15:16:35.004  7266  7279 I art     : Starting a blocking GC Explicit
08-04 15:16:35.024  7266  7279 I art     : Explicit concurrent mark sweep GC freed 99(1696B) AllocSpace objects, 0(0B) LOS objects, 28% free, 39MB/55MB, paused 277us total 19.666ms
08-04 15:16:35.033  7266  7279 I art     : Starting a blocking GC Explicit
08-04 15:16:35.052  7266  7279 I art     : Explicit concurrent mark sweep GC freed 51(896B) AllocSpace objects, 0(0B) LOS objects, 28% free, 39MB/55MB, paused 317us total 19.523ms
08-04 15:16:35.061  7266  7279 I art     : Starting a blocking GC Explicit
08-04 15:16:35.081  7266  7279 I art     : Explicit concurrent mark sweep GC freed 99(1696B) AllocSpace objects, 0(0B) LOS objects, 28% free, 39MB/55MB, paused 274us total 19.365ms
08-04 15:16:35.417  7266  7327 I art     : Starting a blocking GC Explicit
08-04 15:16:35.439  7266  7327 I art     : Explicit concurrent mark sweep GC freed 2466(99KB) AllocSpace objects, 2(40KB) LOS objects, 28% free, 39MB/55MB, paused 334us total 21.002ms
08-04 15:16:35.448  7266  7327 I art     : Starting a blocking GC Explicit
08-04 15:16:35.466  7266  7327 I art     : Explicit concurrent mark sweep GC freed 84(1840B) AllocSpace objects, 0(0B) LOS objects, 28% free, 39MB/55MB, paused 268us total 17.541ms
08-04 15:16:35.474  7266  7327 I art     : Starting a blocking GC Explicit
08-04 15:16:35.493  7266  7327 I art     : Explicit concurrent mark sweep GC freed 99(1696B) AllocSpace objects, 0(0B) LOS objects, 28% free, 39MB/55MB, paused 282us total 18.791ms
08-04 15:16:35.502  7266  7327 I art     : Starting a blocking GC Explicit
08-04 15:16:35.521  7266  7327 I art     : Explicit concurrent mark sweep GC freed 77(1312B) AllocSpace objects, 0(0B) LOS objects, 28% free, 39MB/55MB, paused 373us total 18.822ms
08-04 15:16:35.530  7266  7327 I art     : Starting a blocking GC Explicit
08-04 15:16:35.549  7266  7327 I art     : Explicit concurrent mark sweep GC freed 73(1280B) AllocSpace objects, 0(0B) LOS objects, 28% free, 39MB/55MB, paused 297us total 18.689ms
08-04 15:16:35.744  7635  7635 D AndroidRuntime: >>>>>> START com.android.internal.os.RuntimeInit uid 2000 <<<<<<
08-04 15:16:35.748  7635  7635 D AndroidRuntime: CheckJNI is OFF
08-04 15:16:35.774  7635  7635 D ICU     : No timezone override file found: /data/misc/zoneinfo/current/icu/icu_tzdata.dat
08-04 15:16:35.800  7635  7635 I Radio-JNI: register_android_hardware_Radio DONE
08-04 15:16:35.816  7635  7635 D AndroidRuntime: Calling main entry com.android.commands.input.Input
08-04 15:16:35.817  7635  7635 I Input   : injectMotionEvent: MotionEvent { action=ACTION_DOWN, actionButton=0, id[0]=0, x[0]=693.0, y[0]=1450.0, toolType[0]=TOOL_TYPE_UNKNOWN, buttonState=0, metaState=0, flags=0x0, edgeFlags=0x0, pointerCount=1, historySize=0, eventTime=717412230, downTime=717412230, deviceId=0, source=0x1002 }
08-04 15:16:35.822  7635  7635 I Input   : injectMotionEvent: MotionEvent { action=ACTION_UP, actionButton=0, id[0]=0, x[0]=693.0, y[0]=1450.0, toolType[0]=TOOL_TYPE_UNKNOWN, buttonState=0, metaState=0, flags=0x0, edgeFlags=0x0, pointerCount=1, historySize=0, eventTime=717412230, downTime=717412230, deviceId=0, source=0x1002 }
08-04 15:16:35.824  7635  7635 D AndroidRuntime: Shutting down VM
08-04 15:16:35.825   918  6111 I ActivityManager: START u0 {cmp=baseline.io.github.project_travel_mate/.destinations.description.CityHistoryActivity} from uid 10650 on display 0
08-04 15:16:35.826   512  2967 D audio_hw_primary: out_set_parameters: enter: usecase(1: low-latency-playback) kvpairs: routing=2
08-04 15:16:35.828  7635  7652 E art     : Thread attaching while runtime is shutting down: Binder_1
08-04 15:16:35.828  7635  7652 I AndroidRuntime: NOTE: attach of thread 'Binder_1' failed
08-04 15:16:35.838   512  2967 D audio_hw_primary: select_devices: out_snd_device(2: speaker) in_snd_device(0: none)
08-04 15:16:35.838   512  2967 D msm8974_platform: platform_send_audio_calibration: sending audio calibration for snd_device(2) acdb_id(15)
08-04 15:16:35.839   512  2967 I soundtrigger: audio_extn_sound_trigger_update_device_status: device 0x2 of type 0 for Event 1
08-04 15:16:35.849   512  2967 D audio_hw_primary: enable_snd_device: snd_device(2: speaker)
08-04 15:16:35.851   512  2967 D audio_hw_primary: enable_audio_route: apply and update mixer path: low-latency-playback speaker
08-04 15:16:35.856  7266  7347 D Gabe    : call	returning from cache
08-04 15:16:35.858  7266  7266 V EXECUTING: https://project-travel-mate.herokuapp.com/api/get-city-information/1
08-04 15:16:35.881  7266  7326 I art     : Starting a blocking GC Explicit
08-04 15:16:35.901  7266  7326 I art     : Explicit concurrent mark sweep GC freed 2919(211KB) AllocSpace objects, 2(40KB) LOS objects, 28% free, 39MB/55MB, paused 332us total 19.585ms
08-04 15:16:35.910  7266  7326 I art     : Starting a blocking GC Explicit
08-04 15:16:35.933  7266  7326 I art     : Explicit concurrent mark sweep GC freed 662(21KB) AllocSpace objects, 0(0B) LOS objects, 26% free, 44MB/60MB, paused 567us total 22.332ms
08-04 15:16:35.945  7266  7326 I art     : Starting a blocking GC Explicit
08-04 15:16:35.967  7266  7326 I art     : Explicit concurrent mark sweep GC freed 143(8KB) AllocSpace objects, 0(0B) LOS objects, 26% free, 44MB/60MB, paused 545us total 21.721ms
08-04 15:16:35.976  7266  7326 I art     : Starting a blocking GC Explicit
08-04 15:16:35.995   918   936 I ActivityManager: Displayed baseline.io.github.project_travel_mate/.destinations.description.CityHistoryActivity: +161ms
08-04 15:16:35.996 13866 13866 I GoogleInputMethodServic: GoogleInputMethodService.onFinishInput():3138 
08-04 15:16:35.996  7266  7326 I art     : Explicit concurrent mark sweep GC freed 40(1712B) AllocSpace objects, 0(0B) LOS objects, 26% free, 44MB/60MB, paused 340us total 19.844ms
08-04 15:16:35.997 13866 13866 I GoogleInputMethodServic: GoogleInputMethodService.onStartInput():1808 
08-04 15:16:36.005  7266  7326 I art     : Starting a blocking GC Explicit
08-04 15:16:36.028  7266  7326 I art     : Explicit concurrent mark sweep GC freed 136(2624B) AllocSpace objects, 0(0B) LOS objects, 26% free, 44MB/60MB, paused 615us total 22.477ms
08-04 15:16:36.238   380   380 W SurfaceFlinger: couldn't log to binary event log: overflow.
08-04 15:16:36.289  7266  7327 I art     : Starting a blocking GC Explicit
08-04 15:16:36.309  7266  7327 I art     : Explicit concurrent mark sweep GC freed 2426(99KB) AllocSpace objects, 2(40KB) LOS objects, 26% free, 44MB/60MB, paused 297us total 19.804ms
08-04 15:16:36.319  7266  7327 I art     : Starting a blocking GC Explicit
08-04 15:16:36.341  7266  7327 I art     : Explicit concurrent mark sweep GC freed 168(3KB) AllocSpace objects, 0(0B) LOS objects, 26% free, 44MB/60MB, paused 323us total 21.501ms
08-04 15:16:36.350  7266  7327 I art     : Starting a blocking GC Explicit
08-04 15:16:36.373  7266  7327 I art     : Explicit concurrent mark sweep GC freed 76(1312B) AllocSpace objects, 0(0B) LOS objects, 26% free, 44MB/60MB, paused 926us total 21.973ms
08-04 15:16:36.384  7266  7327 I art     : Starting a blocking GC Explicit
08-04 15:16:36.391   512  2967 D audio_hw_primary: disable_audio_route: reset and update mixer path: low-latency-playback speaker
08-04 15:16:36.392   512  2967 D audio_hw_primary: disable_snd_device: snd_device(2: speaker)
08-04 15:16:36.399   512  2967 I soundtrigger: audio_extn_sound_trigger_update_device_status: device 0x2 of type 0 for Event 0
08-04 15:16:36.406  7266  7327 I art     : Explicit concurrent mark sweep GC freed 126(2112B) AllocSpace objects, 0(0B) LOS objects, 26% free, 44MB/60MB, paused 506us total 22.116ms
08-04 15:16:36.416  7266  7327 I art     : Starting a blocking GC Explicit
08-04 15:16:36.436  7266  7327 I art     : Explicit concurrent mark sweep GC freed 22(448B) AllocSpace objects, 0(0B) LOS objects, 26% free, 44MB/60MB, paused 496us total 20.098ms
08-04 15:16:36.623  7266  7658 I NAPPA_EXPERIMENTATION: MetricNetworkRequestExecutionTime: REQUEST_DURATION_SYSTEM='765',REQUEST_DURATION_OKHTTP='31',REQUEST_SYNCHRONOUS='FALSE',RESPONSE_CODE='200',RESPONSE_METHOD='GET',RESPONSE_LENGTH_OKHTTP='55024',RESPONSE_LENGTH_HEADER='55024',REQUEST_PROTOCOL='http/1.1',REQUEST_URL='https://project-travel-mate.herokuapp.com/api/get-city-information/1',
08-04 15:16:36.704  2486  2486 I ServiceManager: Waiting for service AtCmdFwd...
08-04 15:16:36.715  7266  7327 I art     : Starting a blocking GC Explicit
08-04 15:16:36.725 13866 13866 I GoogleInputMethodServic: GoogleInputMethodService.onFinishInput():3138 
08-04 15:16:36.725 13866 13866 I GoogleInputMethodServic: GoogleInputMethodService.onStartInput():1808 
08-04 15:16:36.736  7266  7327 I art     : Explicit concurrent mark sweep GC freed 6351(1473KB) AllocSpace objects, 24(920KB) LOS objects, 26% free, 44MB/60MB, paused 286us total 20.461ms
08-04 15:16:36.745  7266  7327 I art     : Starting a blocking GC Explicit
08-04 15:16:36.764  7266  7327 I art     : Explicit concurrent mark sweep GC freed 1160(121KB) AllocSpace objects, 1(4MB) LOS objects, 28% free, 40MB/56MB, paused 259us total 19.111ms
08-04 15:16:36.773  7266  7327 I art     : Starting a blocking GC Explicit
08-04 15:16:36.793  7266  7327 I art     : Explicit concurrent mark sweep GC freed 149(2592B) AllocSpace objects, 0(0B) LOS objects, 28% free, 40MB/56MB, paused 296us total 19.819ms
08-04 15:16:36.802  7266  7327 I art     : Starting a blocking GC Explicit
08-04 15:16:36.823  7266  7327 I art     : Explicit concurrent mark sweep GC freed 107(1808B) AllocSpace objects, 0(0B) LOS objects, 28% free, 40MB/56MB, paused 370us total 20.448ms
08-04 15:16:36.832  7266  7327 I art     : Starting a blocking GC Explicit
08-04 15:16:36.853  7266  7327 I art     : Explicit concurrent mark sweep GC freed 115(1984B) AllocSpace objects, 0(0B) LOS objects, 28% free, 40MB/56MB, paused 315us total 21.160ms
08-04 15:16:37.175  7266  7326 I art     : Starting a blocking GC Explicit
08-04 15:16:37.200  7266  7326 I art     : Explicit concurrent mark sweep GC freed 2935(107KB) AllocSpace objects, 2(40KB) LOS objects, 28% free, 40MB/56MB, paused 310us total 24.396ms
08-04 15:16:37.212  7266  7326 I art     : Starting a blocking GC Explicit
08-04 15:16:37.234  7266  7326 I art     : Explicit concurrent mark sweep GC freed 166(3KB) AllocSpace objects, 0(0B) LOS objects, 28% free, 40MB/56MB, paused 300us total 21.462ms
08-04 15:16:37.243  7266  7326 I art     : Starting a blocking GC Explicit
08-04 15:16:37.264  7266  7326 I art     : Explicit concurrent mark sweep GC freed 147(2496B) AllocSpace objects, 0(0B) LOS objects, 28% free, 40MB/56MB, paused 300us total 21.379ms
08-04 15:16:37.274  7266  7326 I art     : Starting a blocking GC Explicit
08-04 15:16:37.295  7266  7326 I art     : Explicit concurrent mark sweep GC freed 147(2496B) AllocSpace objects, 0(0B) LOS objects, 28% free, 40MB/56MB, paused 289us total 21.386ms
08-04 15:16:37.305  7266  7326 I art     : Starting a blocking GC Explicit
08-04 15:16:37.327  7266  7326 I art     : Explicit concurrent mark sweep GC freed 146(2464B) AllocSpace objects, 0(0B) LOS objects, 28% free, 40MB/56MB, paused 329us total 21.879ms
08-04 15:16:37.663  7266  7327 I art     : Starting a blocking GC Explicit
08-04 15:16:37.688  7266  7327 I art     : Explicit concurrent mark sweep GC freed 2967(108KB) AllocSpace objects, 2(40KB) LOS objects, 28% free, 40MB/56MB, paused 302us total 24.926ms
08-04 15:16:37.699  7266  7327 I art     : Starting a blocking GC Explicit
08-04 15:16:37.705  2486  2486 I ServiceManager: Waiting for service AtCmdFwd...
08-04 15:16:37.721  7266  7327 I art     : Explicit concurrent mark sweep GC freed 170(3KB) AllocSpace objects, 0(0B) LOS objects, 28% free, 40MB/56MB, paused 298us total 21.917ms
08-04 15:16:37.730  7266  7327 I art     : Starting a blocking GC Explicit
08-04 15:16:37.752  7266  7327 I art     : Explicit concurrent mark sweep GC freed 147(2496B) AllocSpace objects, 0(0B) LOS objects, 28% free, 40MB/56MB, paused 294us total 21.770ms
08-04 15:16:37.762  7266  7327 I art     : Starting a blocking GC Explicit
08-04 15:16:37.783  7266  7327 I art     : Explicit concurrent mark sweep GC freed 147(2496B) AllocSpace objects, 0(0B) LOS objects, 28% free, 40MB/56MB, paused 301us total 21.043ms
08-04 15:16:37.792  7266  7327 I art     : Starting a blocking GC Explicit
08-04 15:16:37.813  7266  7327 I art     : Explicit concurrent mark sweep GC freed 147(2496B) AllocSpace objects, 0(0B) LOS objects, 28% free, 40MB/56MB, paused 346us total 20.717ms
08-04 15:16:37.986   518   646 I ThermalEngine: ACTION: GPU - Setting GPU[0] to 510000000
08-04 15:16:38.184  7266  7280 I art     : Starting a blocking GC Explicit
08-04 15:16:38.213  7266  7280 I art     : Explicit concurrent mark sweep GC freed 3153(111KB) AllocSpace objects, 2(40KB) LOS objects, 28% free, 40MB/56MB, paused 421us total 28.238ms
08-04 15:16:38.227  7266  7280 I art     : Starting a blocking GC Explicit
08-04 15:16:38.254  7266  7280 I art     : Explicit concurrent mark sweep GC freed 166(3KB) AllocSpace objects, 0(0B) LOS objects, 28% free, 40MB/56MB, paused 406us total 27.314ms
08-04 15:16:38.267  7266  7280 I art     : Starting a blocking GC Explicit
08-04 15:16:38.294  7266  7280 I art     : Explicit concurrent mark sweep GC freed 219(3KB) AllocSpace objects, 0(0B) LOS objects, 28% free, 40MB/56MB, paused 414us total 26.690ms
08-04 15:16:38.306  7266  7280 I art     : Starting a blocking GC Explicit
08-04 15:16:38.333  7266  7280 I art     : Explicit concurrent mark sweep GC freed 147(2496B) AllocSpace objects, 0(0B) LOS objects, 28% free, 40MB/56MB, paused 410us total 27.217ms
08-04 15:16:38.345  7266  7280 I art     : Starting a blocking GC Explicit
08-04 15:16:38.373  7266  7280 I art     : Explicit concurrent mark sweep GC freed 147(2496B) AllocSpace objects, 0(0B) LOS objects, 28% free, 40MB/56MB, paused 416us total 26.837ms
08-04 15:16:38.705  2486  2486 I ServiceManager: Waiting for service AtCmdFwd...
08-04 15:16:38.750  7266  7279 I art     : Starting a blocking GC Explicit
08-04 15:16:38.780  7266  7279 I art     : Explicit concurrent mark sweep GC freed 3225(112KB) AllocSpace objects, 2(40KB) LOS objects, 28% free, 40MB/56MB, paused 418us total 29.337ms
08-04 15:16:38.792  7266  7279 I art     : Starting a blocking GC Explicit
08-04 15:16:38.820  7266  7279 I art     : Explicit concurrent mark sweep GC freed 166(3KB) AllocSpace objects, 0(0B) LOS objects, 28% free, 40MB/56MB, paused 416us total 27.842ms
08-04 15:16:38.833  7266  7279 I art     : Starting a blocking GC Explicit
08-04 15:16:38.860  7266  7279 I art     : Explicit concurrent mark sweep GC freed 207(3KB) AllocSpace objects, 0(0B) LOS objects, 28% free, 40MB/56MB, paused 528us total 27.122ms
08-04 15:16:38.873  7266  7279 I art     : Starting a blocking GC Explicit
08-04 15:16:38.900  7266  7279 I art     : Explicit concurrent mark sweep GC freed 176(3KB) AllocSpace objects, 0(0B) LOS objects, 28% free, 40MB/56MB, paused 426us total 26.314ms
08-04 15:16:38.912  7266  7279 I art     : Starting a blocking GC Explicit
08-04 15:16:38.937  7266  7279 I art     : Explicit concurrent mark sweep GC freed 158(2992B) AllocSpace objects, 0(0B) LOS objects, 28% free, 40MB/56MB, paused 424us total 24.862ms
08-04 15:16:39.317  7266  7326 I art     : Starting a blocking GC Explicit
08-04 15:16:39.345  7266  7326 I art     : Explicit concurrent mark sweep GC freed 3225(112KB) AllocSpace objects, 2(40KB) LOS objects, 28% free, 40MB/56MB, paused 425us total 27.415ms
08-04 15:16:39.357  7266  7326 I art     : Starting a blocking GC Explicit
08-04 15:16:39.384  7266  7326 I art     : Explicit concurrent mark sweep GC freed 167(3KB) AllocSpace objects, 0(0B) LOS objects, 28% free, 40MB/56MB, paused 399us total 26.578ms
08-04 15:16:39.396  7266  7326 I art     : Starting a blocking GC Explicit
08-04 15:16:39.422  7266  7326 I art     : Explicit concurrent mark sweep GC freed 147(2496B) AllocSpace objects, 0(0B) LOS objects, 28% free, 40MB/56MB, paused 403us total 26.449ms
08-04 15:16:39.435  7266  7326 I art     : Starting a blocking GC Explicit
08-04 15:16:39.461  7266  7326 I art     : Explicit concurrent mark sweep GC freed 218(3KB) AllocSpace objects, 0(0B) LOS objects, 28% free, 40MB/56MB, paused 436us total 25.960ms
08-04 15:16:39.473  7266  7326 I art     : Starting a blocking GC Explicit
08-04 15:16:39.501  7266  7326 I art     : Explicit concurrent mark sweep GC freed 148(2528B) AllocSpace objects, 0(0B) LOS objects, 28% free, 40MB/56MB, paused 405us total 27.277ms
08-04 15:16:39.706  2486  2486 I ServiceManager: Waiting for service AtCmdFwd...
08-04 15:16:39.866  7266  7327 I art     : Starting a blocking GC Explicit
08-04 15:16:39.894  7266  7327 I art     : Explicit concurrent mark sweep GC freed 3105(110KB) AllocSpace objects, 2(40KB) LOS objects, 28% free, 40MB/56MB, paused 506us total 27.457ms
08-04 15:16:39.907  7266  7327 I art     : Starting a blocking GC Explicit
08-04 15:16:39.934  7266  7327 I art     : Explicit concurrent mark sweep GC freed 214(3KB) AllocSpace objects, 0(0B) LOS objects, 28% free, 40MB/56MB, paused 487us total 26.957ms
08-04 15:16:39.946  7266  7327 I art     : Starting a blocking GC Explicit
08-04 15:16:39.974  7266  7327 I art     : Explicit concurrent mark sweep GC freed 147(2496B) AllocSpace objects, 0(0B) LOS objects, 28% free, 40MB/56MB, paused 410us total 27.379ms
08-04 15:16:39.987  7266  7327 I art     : Starting a blocking GC Explicit
08-04 15:16:40.014  7266  7327 I art     : Explicit concurrent mark sweep GC freed 219(3KB) AllocSpace objects, 0(0B) LOS objects, 28% free, 40MB/56MB, paused 414us total 27.059ms
08-04 15:16:40.026  7266  7327 I art     : Starting a blocking GC Explicit
08-04 15:16:40.055  7266  7327 I art     : Explicit concurrent mark sweep GC freed 146(2464B) AllocSpace objects, 0(0B) LOS objects, 28% free, 40MB/56MB, paused 423us total 27.910ms
08-04 15:16:40.373  7266  7280 I art     : Starting a blocking GC Explicit
08-04 15:16:40.400  7266  7280 I art     : Explicit concurrent mark sweep GC freed 2938(107KB) AllocSpace objects, 2(40KB) LOS objects, 28% free, 40MB/56MB, paused 428us total 27.001ms
08-04 15:16:40.413  7266  7280 I art     : Starting a blocking GC Explicit
08-04 15:16:40.440  7266  7280 I art     : Explicit concurrent mark sweep GC freed 166(3KB) AllocSpace objects, 0(0B) LOS objects, 28% free, 40MB/56MB, paused 421us total 26.665ms
08-04 15:16:40.452  7266  7280 I art     : Starting a blocking GC Explicit
08-04 15:16:40.478  7266  7280 I art     : Explicit concurrent mark sweep GC freed 199(3KB) AllocSpace objects, 0(0B) LOS objects, 28% free, 40MB/56MB, paused 496us total 26.090ms
08-04 15:16:40.490  7266  7280 I art     : Starting a blocking GC Explicit
08-04 15:16:40.510  7748  7748 D AndroidRuntime: >>>>>> START com.android.internal.os.RuntimeInit uid 2000 <<<<<<
08-04 15:16:40.515  7748  7748 D AndroidRuntime: CheckJNI is OFF
08-04 15:16:40.517  7266  7280 I art     : Explicit concurrent mark sweep GC freed 167(2848B) AllocSpace objects, 0(0B) LOS objects, 28% free, 40MB/56MB, paused 516us total 26.486ms
08-04 15:16:40.529  7266  7280 I art     : Starting a blocking GC Explicit
08-04 15:16:40.549  7748  7748 D ICU     : No timezone override file found: /data/misc/zoneinfo/current/icu/icu_tzdata.dat
08-04 15:16:40.556  7266  7280 I art     : Explicit concurrent mark sweep GC freed 147(2496B) AllocSpace objects, 0(0B) LOS objects, 28% free, 40MB/56MB, paused 394us total 26.127ms
08-04 15:16:40.584  7748  7748 I Radio-JNI: register_android_hardware_Radio DONE
08-04 15:16:40.605  7748  7748 D AndroidRuntime: Calling main entry com.android.commands.input.Input
08-04 15:16:40.607  7748  7748 I Input   : injectKeyEvent: KeyEvent { action=ACTION_DOWN, keyCode=KEYCODE_BACK, scanCode=0, metaState=0, flags=0x0, repeatCount=0, eventTime=717417020, downTime=717417020, deviceId=-1, source=0x101 }
08-04 15:16:40.613  7748  7748 I Input   : injectKeyEvent: KeyEvent { action=ACTION_UP, keyCode=KEYCODE_BACK, scanCode=0, metaState=0, flags=0x0, repeatCount=0, eventTime=717417020, downTime=717417020, deviceId=-1, source=0x101 }
08-04 15:16:40.618  7748  7748 D AndroidRuntime: Shutting down VM
08-04 15:16:40.656 13866 13866 I GoogleInputMethodServic: GoogleInputMethodService.onFinishInput():3138 
08-04 15:16:40.657 13866 13866 I GoogleInputMethodServic: GoogleInputMethodService.onStartInput():1808 
08-04 15:16:40.706  2486  2486 I ServiceManager: Waiting for service AtCmdFwd...
08-04 15:16:40.856  7266  7326 I art     : Starting a blocking GC Explicit
08-04 15:16:40.888  7266  7326 I art     : Explicit concurrent mark sweep GC freed 2972(110KB) AllocSpace objects, 2(40KB) LOS objects, 28% free, 40MB/56MB, paused 427us total 31.575ms
08-04 15:16:40.901  7266  7326 I art     : Starting a blocking GC Explicit
08-04 15:16:40.931  7266  7326 I art     : Explicit concurrent mark sweep GC freed 242(4KB) AllocSpace objects, 0(0B) LOS objects, 28% free, 40MB/56MB, paused 374us total 29.972ms
08-04 15:16:40.943   380   380 W SurfaceFlinger: couldn't log to binary event log: overflow.
08-04 15:16:40.944  7266  7326 I art     : Starting a blocking GC Explicit
08-04 15:16:40.972  7266  7326 I art     : Explicit concurrent mark sweep GC freed 148(3KB) AllocSpace objects, 2(364KB) LOS objects, 28% free, 39MB/55MB, paused 401us total 27.429ms
08-04 15:16:40.984  7266  7326 I art     : Starting a blocking GC Explicit
08-04 15:16:41.008  7266  7326 I art     : Explicit concurrent mark sweep GC freed 4774(340KB) AllocSpace objects, 7(132KB) LOS objects, 28% free, 39MB/55MB, paused 392us total 23.616ms
08-04 15:16:41.020  7266  7326 I art     : Starting a blocking GC Explicit
08-04 15:16:41.045  7266  7326 I art     : Explicit concurrent mark sweep GC freed 140(2352B) AllocSpace objects, 0(0B) LOS objects, 28% free, 39MB/55MB, paused 488us total 24.573ms
08-04 15:16:41.378  7266  7327 I art     : Starting a blocking GC Explicit
08-04 15:16:41.407  7266  7327 I art     : Explicit concurrent mark sweep GC freed 2441(99KB) AllocSpace objects, 2(40KB) LOS objects, 28% free, 39MB/55MB, paused 417us total 28.637ms
08-04 15:16:41.422  7266  7327 I art     : Starting a blocking GC Explicit
08-04 15:16:41.446  7266  7327 I art     : Explicit concurrent mark sweep GC freed 166(3KB) AllocSpace objects, 0(0B) LOS objects, 28% free, 39MB/55MB, paused 420us total 24.341ms
08-04 15:16:41.458  7266  7327 I art     : Starting a blocking GC Explicit
08-04 15:16:41.483  7266  7327 I art     : Explicit concurrent mark sweep GC freed 99(1696B) AllocSpace objects, 0(0B) LOS objects, 28% free, 39MB/55MB, paused 415us total 25ms
08-04 15:16:41.495  7266  7327 I art     : Starting a blocking GC Explicit
08-04 15:16:41.521  7266  7327 I art     : Explicit concurrent mark sweep GC freed 99(1696B) AllocSpace objects, 0(0B) LOS objects, 28% free, 39MB/55MB, paused 407us total 25.638ms
08-04 15:16:41.533  7266  7327 I art     : Starting a blocking GC Explicit
08-04 15:16:41.559  7266  7327 I art     : Explicit concurrent mark sweep GC freed 99(1696B) AllocSpace objects, 0(0B) LOS objects, 28% free, 39MB/55MB, paused 401us total 25.226ms
08-04 15:16:41.707  2486  2486 W Atfwd_Sendcmd: AtCmdFwd service not published, waiting... retryCnt : 3
08-04 15:16:41.888  7266  7280 I art     : Starting a blocking GC Explicit
08-04 15:16:41.913  7266  7280 I art     : Explicit concurrent mark sweep GC freed 2503(101KB) AllocSpace objects, 2(40KB) LOS objects, 28% free, 39MB/55MB, paused 417us total 24.752ms
08-04 15:16:41.925  7266  7280 I art     : Starting a blocking GC Explicit
08-04 15:16:41.947  7266  7280 I art     : Explicit concurrent mark sweep GC freed 129(2960B) AllocSpace objects, 0(0B) LOS objects, 28% free, 39MB/55MB, paused 414us total 22.228ms
08-04 15:16:41.959  7266  7280 I art     : Starting a blocking GC Explicit
08-04 15:16:41.983  7266  7280 I art     : Explicit concurrent mark sweep GC freed 99(1696B) AllocSpace objects, 0(0B) LOS objects, 28% free, 39MB/55MB, paused 410us total 23.746ms
08-04 15:16:41.995  7266  7280 I art     : Starting a blocking GC Explicit
08-04 15:16:42.019  7266  7280 I art     : Explicit concurrent mark sweep GC freed 99(1696B) AllocSpace objects, 0(0B) LOS objects, 28% free, 39MB/55MB, paused 405us total 24.351ms
08-04 15:16:42.031  7266  7280 I art     : Starting a blocking GC Explicit
08-04 15:16:42.056  7266  7280 I art     : Explicit concurrent mark sweep GC freed 99(1696B) AllocSpace objects, 0(0B) LOS objects, 28% free, 39MB/55MB, paused 400us total 24.732ms
08-04 15:16:42.255  7802  7802 D AndroidRuntime: >>>>>> START com.android.internal.os.RuntimeInit uid 2000 <<<<<<
08-04 15:16:42.259  7802  7802 D AndroidRuntime: CheckJNI is OFF
08-04 15:16:42.291  7802  7802 D ICU     : No timezone override file found: /data/misc/zoneinfo/current/icu/icu_tzdata.dat
08-04 15:16:42.323  7802  7802 I Radio-JNI: register_android_hardware_Radio DONE
08-04 15:16:42.346  7802  7802 D AndroidRuntime: Calling main entry com.android.commands.input.Input
08-04 15:16:42.347  7802  7802 I Input   : injectMotionEvent: MotionEvent { action=ACTION_DOWN, actionButton=0, id[0]=0, x[0]=504.0, y[0]=1706.0, toolType[0]=TOOL_TYPE_UNKNOWN, buttonState=0, metaState=0, flags=0x0, edgeFlags=0x0, pointerCount=1, historySize=0, eventTime=717418760, downTime=717418760, deviceId=0, source=0x1002 }
08-04 15:16:42.351  7802  7802 I Input   : injectMotionEvent: MotionEvent { action=ACTION_UP, actionButton=0, id[0]=0, x[0]=504.0, y[0]=1706.0, toolType[0]=TOOL_TYPE_UNKNOWN, buttonState=0, metaState=0, flags=0x0, edgeFlags=0x0, pointerCount=1, historySize=0, eventTime=717418760, downTime=717418760, deviceId=0, source=0x1002 }
08-04 15:16:42.352  7802  7802 D AndroidRuntime: Shutting down VM
08-04 15:16:42.354   512  2967 D audio_hw_primary: out_set_parameters: enter: usecase(1: low-latency-playback) kvpairs: routing=2
08-04 15:16:42.357   918  3714 I ActivityManager: START u0 {cmp=baseline.io.github.project_travel_mate/.destinations.funfacts.FunFactsActivity (has extras)} from uid 10650 on display 0
08-04 15:16:42.368   512  2967 D audio_hw_primary: select_devices: out_snd_device(2: speaker) in_snd_device(0: none)
08-04 15:16:42.368   512  2967 D msm8974_platform: platform_send_audio_calibration: sending audio calibration for snd_device(2) acdb_id(15)
08-04 15:16:42.368   512  2967 I soundtrigger: audio_extn_sound_trigger_update_device_status: device 0x2 of type 0 for Event 1
08-04 15:16:42.372  7266  7280 I art     : Starting a blocking GC Explicit
08-04 15:16:42.382  7266  7347 D Gabe    : call	returning from cache
08-04 15:16:42.384  7266  7266 V EXECUTING: https://project-travel-mate.herokuapp.com/api/get-city-facts/1
08-04 15:16:42.394   512  2967 D audio_hw_primary: enable_snd_device: snd_device(2: speaker)
08-04 15:16:42.397   512  2967 D audio_hw_primary: enable_audio_route: apply and update mixer path: low-latency-playback speaker
08-04 15:16:42.400  7266  7280 I art     : Explicit concurrent mark sweep GC freed 3985(271KB) AllocSpace objects, 2(40KB) LOS objects, 28% free, 39MB/55MB, paused 856us total 28.256ms
08-04 15:16:42.412  7266  7280 I art     : Starting a blocking GC Explicit
08-04 15:16:42.436  7266  7280 I art     : Explicit concurrent mark sweep GC freed 359(12KB) AllocSpace objects, 0(0B) LOS objects, 28% free, 39MB/55MB, paused 907us total 23.688ms
08-04 15:16:42.448  7266  7280 I art     : Starting a blocking GC Explicit
08-04 15:16:42.476  7266  7280 I art     : Explicit concurrent mark sweep GC freed 248(6KB) AllocSpace objects, 0(0B) LOS objects, 26% free, 43MB/59MB, paused 735us total 27.183ms
08-04 15:16:42.489  7266  7280 I art     : Starting a blocking GC Explicit
08-04 15:16:42.512  7266  7280 I art     : Explicit concurrent mark sweep GC freed 26(1296B) AllocSpace objects, 0(0B) LOS objects, 26% free, 43MB/59MB, paused 463us total 23.290ms
08-04 15:16:42.521   918   936 I ActivityManager: Displayed baseline.io.github.project_travel_mate/.destinations.funfacts.FunFactsActivity: +155ms
08-04 15:16:42.524  7266  7280 I art     : Starting a blocking GC Explicit
08-04 15:16:42.524 13866 13866 I GoogleInputMethodServic: GoogleInputMethodService.onFinishInput():3138 
08-04 15:16:42.525 13866 13866 I GoogleInputMethodServic: GoogleInputMethodService.onStartInput():1808 
08-04 15:16:42.549  7266  7280 I art     : Explicit concurrent mark sweep GC freed 205(7KB) AllocSpace objects, 0(0B) LOS objects, 26% free, 43MB/59MB, paused 659us total 24.924ms
08-04 15:16:42.778   380   380 W SurfaceFlinger: couldn't log to binary event log: overflow.
08-04 15:16:42.843  7266  7280 I art     : Starting a blocking GC Explicit
08-04 15:16:42.871  7266  7280 I art     : Explicit concurrent mark sweep GC freed 2575(101KB) AllocSpace objects, 2(40KB) LOS objects, 26% free, 43MB/59MB, paused 426us total 26.987ms
08-04 15:16:42.884  7266  7280 I art     : Starting a blocking GC Explicit
08-04 15:16:42.914  7266  7280 I art     : Explicit concurrent mark sweep GC freed 204(3KB) AllocSpace objects, 0(0B) LOS objects, 26% free, 43MB/59MB, paused 604us total 30.029ms
08-04 15:16:42.927  7266  7280 I art     : Starting a blocking GC Explicit
08-04 15:16:42.938   512  2967 D audio_hw_primary: disable_audio_route: reset and update mixer path: low-latency-playback speaker
08-04 15:16:42.939   512  2967 D audio_hw_primary: disable_snd_device: snd_device(2: speaker)
08-04 15:16:42.947   512  2967 I soundtrigger: audio_extn_sound_trigger_update_device_status: device 0x2 of type 0 for Event 0
08-04 15:16:42.953  7266  7280 I art     : Explicit concurrent mark sweep GC freed 21(384B) AllocSpace objects, 0(0B) LOS objects, 26% free, 43MB/59MB, paused 689us total 25.224ms
08-04 15:16:42.965  7266  7280 I art     : Starting a blocking GC Explicit
08-04 15:16:42.990  7266  7280 I art     : Explicit concurrent mark sweep GC freed 158(3KB) AllocSpace objects, 0(0B) LOS objects, 26% free, 44MB/60MB, paused 642us total 25.264ms
08-04 15:16:43.002  7266  7280 I art     : Starting a blocking GC Explicit
08-04 15:16:43.028  7266  7280 I art     : Explicit concurrent mark sweep GC freed 23(480B) AllocSpace objects, 0(0B) LOS objects, 26% free, 44MB/60MB, paused 703us total 25.428ms
08-04 15:16:43.175  7266  7834 I NAPPA_EXPERIMENTATION: MetricNetworkRequestExecutionTime: REQUEST_DURATION_SYSTEM='790',REQUEST_DURATION_OKHTTP='31',REQUEST_SYNCHRONOUS='FALSE',RESPONSE_CODE='200',RESPONSE_METHOD='GET',RESPONSE_LENGTH_OKHTTP='1793',RESPONSE_LENGTH_HEADER='1793',REQUEST_PROTOCOL='http/1.1',REQUEST_URL='https://project-travel-mate.herokuapp.com/api/get-city-facts/1',
08-04 15:16:43.178  7266  7834 V EXECUTING: https://project-travel-mate.herokuapp.com/api/get-city-images/1
08-04 15:16:43.322  7266  7279 I art     : Starting a blocking GC Explicit
08-04 15:16:43.349  7266  7279 I art     : Explicit concurrent mark sweep GC freed 5415(277KB) AllocSpace objects, 5(240KB) LOS objects, 26% free, 44MB/60MB, paused 690us total 26.741ms
08-04 15:16:43.362  7266  7279 I art     : Starting a blocking GC Explicit
08-04 15:16:43.387  7266  7279 I art     : Explicit concurrent mark sweep GC freed 1054(118KB) AllocSpace objects, 0(0B) LOS objects, 26% free, 44MB/60MB, paused 778us total 24.943ms
08-04 15:16:43.399  7266  7279 I art     : Starting a blocking GC Explicit
08-04 15:16:43.425  7266  7279 I art     : Explicit concurrent mark sweep GC freed 61(1040B) AllocSpace objects, 0(0B) LOS objects, 26% free, 44MB/60MB, paused 688us total 25.565ms
08-04 15:16:43.437  7266  7279 I art     : Starting a blocking GC Explicit
08-04 15:16:43.462  7266  7279 I art     : Explicit concurrent mark sweep GC freed 131(2192B) AllocSpace objects, 0(0B) LOS objects, 26% free, 44MB/60MB, paused 625us total 24.661ms
08-04 15:16:43.474  7266  7279 I art     : Starting a blocking GC Explicit
08-04 15:16:43.499  7266  7279 I art     : Explicit concurrent mark sweep GC freed 17(320B) AllocSpace objects, 0(0B) LOS objects, 26% free, 44MB/60MB, paused 480us total 24.665ms
08-04 15:16:43.803  7266  7326 I art     : Starting a blocking GC Explicit
08-04 15:16:43.828  7266  7326 I art     : Explicit concurrent mark sweep GC freed 2232(96KB) AllocSpace objects, 2(40KB) LOS objects, 26% free, 44MB/60MB, paused 481us total 25.327ms
08-04 15:16:43.831   918  3261 D WifiStateMachine: starting scan for "H369AA63323"WPA_PSK with 2412,5180
08-04 15:16:43.840  7266  7326 I art     : Starting a blocking GC Explicit
08-04 15:16:43.867  7266  7326 I art     : Explicit concurrent mark sweep GC freed 2648(131KB) AllocSpace objects, 2(120KB) LOS objects, 26% free, 44MB/60MB, paused 849us total 27.235ms
08-04 15:16:43.879  7266  7326 I art     : Starting a blocking GC Explicit
08-04 15:16:43.905  7266  7326 I art     : Explicit concurrent mark sweep GC freed 1135(119KB) AllocSpace objects, 1(80KB) LOS objects, 26% free, 44MB/60MB, paused 648us total 25.223ms
08-04 15:16:43.916  7266  7850 I NAPPA_EXPERIMENTATION: MetricNetworkRequestExecutionTime: REQUEST_DURATION_SYSTEM='737',REQUEST_DURATION_OKHTTP='30',REQUEST_SYNCHRONOUS='FALSE',RESPONSE_CODE='200',RESPONSE_METHOD='GET',RESPONSE_LENGTH_OKHTTP='183',RESPONSE_LENGTH_HEADER='183',REQUEST_PROTOCOL='http/1.1',REQUEST_URL='https://project-travel-mate.herokuapp.com/api/get-city-images/1',
08-04 15:16:43.917  7266  7326 I art     : Starting a blocking GC Explicit
08-04 15:16:43.942  7266  7326 I art     : Explicit concurrent mark sweep GC freed 157(14KB) AllocSpace objects, 0(0B) LOS objects, 26% free, 44MB/60MB, paused 443us total 24.809ms
08-04 15:16:43.954  7266  7326 I art     : Starting a blocking GC Explicit
08-04 15:16:43.959  7266  7850 V RESPONSE: [{"id":17,"image_url":"https://upload.wikimedia.org/wikipedia/commons/9/94/%E0%B4%96%E0%B5%81%E0%B4%A4%E0%B5%8D%E0%B4%AC%E0%B5%8D_%E0%B4%AE%E0%B4%BF%E0%B4%A8%E0%B4%BE%E0%B5%BC1.jpg"}]
08-04 15:16:43.979  7266  7326 I art     : Explicit concurrent mark sweep GC freed 160(4KB) AllocSpace objects, 0(0B) LOS objects, 26% free, 44MB/60MB, paused 672us total 25.400ms
08-04 15:16:44.305  7266  7327 I art     : Starting a blocking GC Explicit
08-04 15:16:44.338  7266  7327 I art     : Explicit concurrent mark sweep GC freed 5755(296KB) AllocSpace objects, 3(4MB) LOS objects, 28% free, 40MB/56MB, paused 475us total 32.697ms
08-04 15:16:44.353  7266  7327 I art     : Starting a blocking GC Explicit
08-04 15:16:44.381  7266  7327 I art     : Explicit concurrent mark sweep GC freed 300(10KB) AllocSpace objects, 0(0B) LOS objects, 28% free, 40MB/56MB, paused 527us total 27.664ms
08-04 15:16:44.393  7266  7327 I art     : Starting a blocking GC Explicit
08-04 15:16:44.420  7266  7327 I art     : Explicit concurrent mark sweep GC freed 239(4KB) AllocSpace objects, 0(0B) LOS objects, 28% free, 40MB/56MB, paused 453us total 27.244ms
08-04 15:16:44.432  7266  7327 I art     : Starting a blocking GC Explicit
08-04 15:16:44.461  7266  7327 I art     : Explicit concurrent mark sweep GC freed 147(2496B) AllocSpace objects, 0(0B) LOS objects, 28% free, 40MB/56MB, paused 456us total 28.225ms
08-04 15:16:44.473  7266  7327 I art     : Starting a blocking GC Explicit
08-04 15:16:44.501  7266  7327 I art     : Explicit concurrent mark sweep GC freed 219(3KB) AllocSpace objects, 0(0B) LOS objects, 28% free, 40MB/56MB, paused 455us total 27.633ms
08-04 15:16:44.810  7266  7279 I art     : Starting a blocking GC Explicit
08-04 15:16:44.839  7266  7279 I art     : Explicit concurrent mark sweep GC freed 2867(106KB) AllocSpace objects, 2(40KB) LOS objects, 28% free, 40MB/56MB, paused 464us total 28.441ms
08-04 15:16:44.852  7266  7279 I art     : Starting a blocking GC Explicit
08-04 15:16:44.880  7266  7279 I art     : Explicit concurrent mark sweep GC freed 178(3KB) AllocSpace objects, 0(0B) LOS objects, 28% free, 40MB/56MB, paused 550us total 28.535ms
08-04 15:16:44.893  7266  7279 I art     : Starting a blocking GC Explicit
08-04 15:16:44.920  7266  7279 I art     : Explicit concurrent mark sweep GC freed 235(4KB) AllocSpace objects, 0(0B) LOS objects, 28% free, 40MB/56MB, paused 444us total 26.679ms
08-04 15:16:44.932  7266  7279 I art     : Starting a blocking GC Explicit
08-04 15:16:44.960  7266  7279 I art     : Explicit concurrent mark sweep GC freed 146(2464B) AllocSpace objects, 0(0B) LOS objects, 28% free, 40MB/56MB, paused 495us total 27.795ms
08-04 15:16:44.972  7266  7279 I art     : Starting a blocking GC Explicit
08-04 15:16:45.000  7266  7279 I art     : Explicit concurrent mark sweep GC freed 194(3KB) AllocSpace objects, 0(0B) LOS objects, 28% free, 40MB/56MB, paused 559us total 27.355ms
08-04 15:16:45.021  7879  7879 D AndroidRuntime: >>>>>> START com.android.internal.os.RuntimeInit uid 2000 <<<<<<
08-04 15:16:45.025  7879  7879 D AndroidRuntime: CheckJNI is OFF
08-04 15:16:45.058  7879  7879 D ICU     : No timezone override file found: /data/misc/zoneinfo/current/icu/icu_tzdata.dat
08-04 15:16:45.092  7879  7879 I Radio-JNI: register_android_hardware_Radio DONE
08-04 15:16:45.114  7879  7879 D AndroidRuntime: Calling main entry com.android.commands.input.Input
08-04 15:16:45.116  7879  7879 I Input   : injectKeyEvent: KeyEvent { action=ACTION_DOWN, keyCode=KEYCODE_BACK, scanCode=0, metaState=0, flags=0x0, repeatCount=0, eventTime=717421529, downTime=717421529, deviceId=-1, source=0x101 }
08-04 15:16:45.122  7879  7879 I Input   : injectKeyEvent: KeyEvent { action=ACTION_UP, keyCode=KEYCODE_BACK, scanCode=0, metaState=0, flags=0x0, repeatCount=0, eventTime=717421529, downTime=717421529, deviceId=-1, source=0x101 }
08-04 15:16:45.128  7879  7879 D AndroidRuntime: Shutting down VM
08-04 15:16:45.163 13866 13866 I GoogleInputMethodServic: GoogleInputMethodService.onFinishInput():3138 
08-04 15:16:45.164 13866 13866 I GoogleInputMethodServic: GoogleInputMethodService.onStartInput():1808 
08-04 15:16:45.294  7266  7280 I art     : Starting a blocking GC Explicit
08-04 15:16:45.325  7266  7280 I art     : Explicit concurrent mark sweep GC freed 2853(108KB) AllocSpace objects, 2(40KB) LOS objects, 28% free, 40MB/56MB, paused 416us total 29.990ms
08-04 15:16:45.337  7266  7280 I art     : Starting a blocking GC Explicit
08-04 15:16:45.364  7266  7280 I art     : Explicit concurrent mark sweep GC freed 170(3KB) AllocSpace objects, 0(0B) LOS objects, 28% free, 40MB/56MB, paused 433us total 26.984ms
08-04 15:16:45.378  7266  7280 I art     : Starting a blocking GC Explicit
08-04 15:16:45.405  7266  7280 I art     : Explicit concurrent mark sweep GC freed 219(3KB) AllocSpace objects, 0(0B) LOS objects, 28% free, 40MB/56MB, paused 425us total 27.112ms
08-04 15:16:45.417  7266  7280 I art     : Starting a blocking GC Explicit
08-04 15:16:45.444  7266  7280 I art     : Explicit concurrent mark sweep GC freed 147(2496B) AllocSpace objects, 0(0B) LOS objects, 28% free, 40MB/56MB, paused 449us total 26.293ms
08-04 15:16:45.456  7266  7280 I art     : Starting a blocking GC Explicit
08-04 15:16:45.482   380   380 W SurfaceFlinger: couldn't log to binary event log: overflow.
08-04 15:16:45.483  7266  7280 I art     : Explicit concurrent mark sweep GC freed 186(3KB) AllocSpace objects, 0(0B) LOS objects, 28% free, 40MB/56MB, paused 561us total 27.302ms
08-04 15:16:45.806  7266  7327 I art     : Starting a blocking GC Explicit
08-04 15:16:45.840  7266  7327 I art     : Explicit concurrent mark sweep GC freed 3278(138KB) AllocSpace objects, 5(684KB) LOS objects, 28% free, 40MB/56MB, paused 509us total 34.009ms
08-04 15:16:45.853  7266  7327 I art     : Starting a blocking GC Explicit
08-04 15:16:45.877  7266  7327 I art     : Explicit concurrent mark sweep GC freed 5533(267KB) AllocSpace objects, 1(28KB) LOS objects, 28% free, 39MB/55MB, paused 446us total 24.383ms
08-04 15:16:45.889  7266  7327 I art     : Starting a blocking GC Explicit
08-04 15:16:45.913  7266  7327 I art     : Explicit concurrent mark sweep GC freed 104(1952B) AllocSpace objects, 0(0B) LOS objects, 28% free, 39MB/55MB, paused 446us total 24.394ms
08-04 15:16:45.925  7266  7327 I art     : Starting a blocking GC Explicit
08-04 15:16:45.950  7266  7327 I art     : Explicit concurrent mark sweep GC freed 117(1984B) AllocSpace objects, 0(0B) LOS objects, 28% free, 39MB/55MB, paused 554us total 24.534ms
08-04 15:16:45.962  7266  7327 I art     : Starting a blocking GC Explicit
08-04 15:16:45.990  7266  7327 I art     : Explicit concurrent mark sweep GC freed 129(2208B) AllocSpace objects, 0(0B) LOS objects, 28% free, 39MB/55MB, paused 471us total 27.353ms
08-04 15:16:46.315  7266  7279 I art     : Starting a blocking GC Explicit
08-04 15:16:46.345  7266  7279 I art     : Explicit concurrent mark sweep GC freed 2434(99KB) AllocSpace objects, 2(40KB) LOS objects, 28% free, 39MB/55MB, paused 479us total 29.947ms
08-04 15:16:46.362  7266  7279 I art     : Starting a blocking GC Explicit
08-04 15:16:46.385  7266  7279 I art     : Explicit concurrent mark sweep GC freed 167(3KB) AllocSpace objects, 0(0B) LOS objects, 28% free, 39MB/55MB, paused 425us total 23.151ms
08-04 15:16:46.397  7266  7279 I art     : Starting a blocking GC Explicit
08-04 15:16:46.422  7266  7279 I art     : Explicit concurrent mark sweep GC freed 99(1696B) AllocSpace objects, 0(0B) LOS objects, 28% free, 39MB/55MB, paused 450us total 25.274ms
08-04 15:16:46.434  7266  7279 I art     : Starting a blocking GC Explicit
08-04 15:16:46.460  7266  7279 I art     : Explicit concurrent mark sweep GC freed 99(1696B) AllocSpace objects, 0(0B) LOS objects, 28% free, 39MB/55MB, paused 452us total 25.645ms
08-04 15:16:46.472  7266  7279 I art     : Starting a blocking GC Explicit
08-04 15:16:46.498  7266  7279 I art     : Explicit concurrent mark sweep GC freed 99(1696B) AllocSpace objects, 0(0B) LOS objects, 28% free, 39MB/55MB, paused 461us total 25.461ms
08-04 15:16:46.760  7932  7932 D AndroidRuntime: >>>>>> START com.android.internal.os.RuntimeInit uid 2000 <<<<<<
08-04 15:16:46.765  7932  7932 D AndroidRuntime: CheckJNI is OFF
08-04 15:16:46.800  7932  7932 D ICU     : No timezone override file found: /data/misc/zoneinfo/current/icu/icu_tzdata.dat
08-04 15:16:46.827  7266  7326 I art     : Starting a blocking GC Explicit
08-04 15:16:46.834  7932  7932 I Radio-JNI: register_android_hardware_Radio DONE
08-04 15:16:46.855  7266  7326 I art     : Explicit concurrent mark sweep GC freed 2485(100KB) AllocSpace objects, 2(40KB) LOS objects, 28% free, 39MB/55MB, paused 459us total 27.932ms
08-04 15:16:46.856  7932  7932 D AndroidRuntime: Calling main entry com.android.commands.input.Input
08-04 15:16:46.859  7932  7932 I Input   : injectMotionEvent: MotionEvent { action=ACTION_DOWN, actionButton=0, id[0]=0, x[0]=504.0, y[0]=1706.0, toolType[0]=TOOL_TYPE_UNKNOWN, buttonState=0, metaState=0, flags=0x0, edgeFlags=0x0, pointerCount=1, historySize=0, eventTime=717423271, downTime=717423271, deviceId=0, source=0x1002 }
08-04 15:16:46.865  7932  7932 I Input   : injectMotionEvent: MotionEvent { action=ACTION_UP, actionButton=0, id[0]=0, x[0]=504.0, y[0]=1706.0, toolType[0]=TOOL_TYPE_UNKNOWN, buttonState=0, metaState=0, flags=0x0, edgeFlags=0x0, pointerCount=1, historySize=0, eventTime=717423271, downTime=717423271, deviceId=0, source=0x1002 }
08-04 15:16:46.867  7266  7326 I art     : Starting a blocking GC Explicit
08-04 15:16:46.868  7932  7932 D AndroidRuntime: Shutting down VM
08-04 15:16:46.871   512  2967 D audio_hw_primary: out_set_parameters: enter: usecase(1: low-latency-playback) kvpairs: routing=2
08-04 15:16:46.877   918  5952 I ActivityManager: START u0 {cmp=baseline.io.github.project_travel_mate/.destinations.funfacts.FunFactsActivity (has extras)} from uid 10650 on display 0
08-04 15:16:46.884   512  2967 D audio_hw_primary: select_devices: out_snd_device(2: speaker) in_snd_device(0: none)
08-04 15:16:46.884   512  2967 D msm8974_platform: platform_send_audio_calibration: sending audio calibration for snd_device(2) acdb_id(15)
08-04 15:16:46.884   512  2967 I soundtrigger: audio_extn_sound_trigger_update_device_status: device 0x2 of type 0 for Event 1
08-04 15:16:46.894  7266  7326 I art     : Explicit concurrent mark sweep GC freed 1216(119KB) AllocSpace objects, 0(0B) LOS objects, 28% free, 39MB/55MB, paused 715us total 26.123ms
08-04 15:16:46.894   512  2967 D audio_hw_primary: enable_snd_device: snd_device(2: speaker)
08-04 15:16:46.896   512  2967 D audio_hw_primary: enable_audio_route: apply and update mixer path: low-latency-playback speaker
08-04 15:16:46.900  7266  7347 D Gabe    : call	returning from cache
08-04 15:16:46.904  7266  7266 V EXECUTING: https://project-travel-mate.herokuapp.com/api/get-city-facts/1
08-04 15:16:46.906  7266  7326 I art     : Starting a blocking GC Explicit
08-04 15:16:46.932  7266  7326 I art     : Explicit concurrent mark sweep GC freed 1394(129KB) AllocSpace objects, 0(0B) LOS objects, 28% free, 39MB/55MB, paused 542us total 25.257ms
08-04 15:16:46.943  7266  7326 I art     : Starting a blocking GC Explicit
08-04 15:16:46.969  7266  7326 I art     : Explicit concurrent mark sweep GC freed 539(16KB) AllocSpace objects, 0(0B) LOS objects, 26% free, 44MB/60MB, paused 770us total 25.257ms
08-04 15:16:46.982  7266  7326 I art     : Starting a blocking GC Explicit
08-04 15:16:47.007  7266  7326 I art     : Explicit concurrent mark sweep GC freed 45(2000B) AllocSpace objects, 0(0B) LOS objects, 26% free, 44MB/60MB, paused 758us total 25.502ms
08-04 15:16:47.037 13866 13866 I GoogleInputMethodServic: GoogleInputMethodService.onFinishInput():3138 
08-04 15:16:47.038   918   936 I ActivityManager: Displayed baseline.io.github.project_travel_mate/.destinations.funfacts.FunFactsActivity: +151ms
08-04 15:16:47.038 13866 13866 I GoogleInputMethodServic: GoogleInputMethodService.onStartInput():1808 
08-04 15:16:47.284   380   380 W SurfaceFlinger: couldn't log to binary event log: overflow.
08-04 15:16:47.314  7266  7326 I art     : Starting a blocking GC Explicit
08-04 15:16:47.338  7266  7326 I art     : Explicit concurrent mark sweep GC freed 2726(108KB) AllocSpace objects, 2(40KB) LOS objects, 26% free, 44MB/60MB, paused 478us total 23.793ms
08-04 15:16:47.349  7266  7326 I art     : Starting a blocking GC Explicit
08-04 15:16:47.375  7266  7326 I art     : Explicit concurrent mark sweep GC freed 168(3KB) AllocSpace objects, 0(0B) LOS objects, 26% free, 44MB/60MB, paused 464us total 25.993ms
08-04 15:16:47.388  7266  7326 I art     : Starting a blocking GC Explicit
08-04 15:16:47.418  7266  7326 I art     : Explicit concurrent mark sweep GC freed 185(3KB) AllocSpace objects, 0(0B) LOS objects, 26% free, 44MB/60MB, paused 645us total 30.561ms
08-04 15:16:47.418  7266  7278 I art     : WaitForGcToComplete blocked for 17.818ms for cause HeapTrim
08-04 15:16:47.428   512  2967 D audio_hw_primary: disable_audio_route: reset and update mixer path: low-latency-playback speaker
08-04 15:16:47.429   512  2967 D audio_hw_primary: disable_snd_device: snd_device(2: speaker)
08-04 15:16:47.431  7266  7326 I art     : Starting a blocking GC Explicit
08-04 15:16:47.436   512  2967 I soundtrigger: audio_extn_sound_trigger_update_device_status: device 0x2 of type 0 for Event 0
08-04 15:16:47.457  7266  7326 I art     : Explicit concurrent mark sweep GC freed 21(384B) AllocSpace objects, 0(0B) LOS objects, 26% free, 44MB/60MB, paused 846us total 26.202ms
08-04 15:16:47.469  7266  7326 I art     : Starting a blocking GC Explicit
08-04 15:16:47.496  7266  7326 I art     : Explicit concurrent mark sweep GC freed 158(3KB) AllocSpace objects, 0(0B) LOS objects, 26% free, 44MB/60MB, paused 673us total 25.971ms
08-04 15:16:47.776  7266  7957 I NAPPA_EXPERIMENTATION: MetricNetworkRequestExecutionTime: REQUEST_DURATION_SYSTEM='871',REQUEST_DURATION_OKHTTP='27',REQUEST_SYNCHRONOUS='FALSE',RESPONSE_CODE='200',RESPONSE_METHOD='GET',RESPONSE_LENGTH_OKHTTP='1793',RESPONSE_LENGTH_HEADER='1793',REQUEST_PROTOCOL='http/1.1',REQUEST_URL='https://project-travel-mate.herokuapp.com/api/get-city-facts/1',
08-04 15:16:47.778  7266  7957 V EXECUTING: https://project-travel-mate.herokuapp.com/api/get-city-images/1
08-04 15:16:47.812  7266  7327 I art     : Starting a blocking GC Explicit
08-04 15:16:47.840  7266  7327 I art     : Explicit concurrent mark sweep GC freed 5421(277KB) AllocSpace objects, 5(240KB) LOS objects, 26% free, 44MB/60MB, paused 698us total 27.547ms
08-04 15:16:47.852  7266  7327 I art     : Starting a blocking GC Explicit
08-04 15:16:47.878  7266  7327 I art     : Explicit concurrent mark sweep GC freed 1097(119KB) AllocSpace objects, 0(0B) LOS objects, 26% free, 44MB/60MB, paused 709us total 25.730ms
08-04 15:16:47.890  7266  7327 I art     : Starting a blocking GC Explicit
08-04 15:16:47.916  7266  7327 I art     : Explicit concurrent mark sweep GC freed 28(560B) AllocSpace objects, 0(0B) LOS objects, 26% free, 44MB/60MB, paused 645us total 26.080ms
08-04 15:16:47.928  7266  7327 I art     : Starting a blocking GC Explicit
08-04 15:16:47.954  7266  7327 I art     : Explicit concurrent mark sweep GC freed 135(2720B) AllocSpace objects, 0(0B) LOS objects, 26% free, 44MB/60MB, paused 862us total 25.954ms
08-04 15:16:47.966  7266  7327 I art     : Starting a blocking GC Explicit
08-04 15:16:47.992  7266  7327 I art     : Explicit concurrent mark sweep GC freed 151(3KB) AllocSpace objects, 0(0B) LOS objects, 26% free, 44MB/60MB, paused 681us total 25.534ms
08-04 15:16:48.303  7266  7279 I art     : Starting a blocking GC Explicit
08-04 15:16:48.330  7266  7279 I art     : Explicit concurrent mark sweep GC freed 2233(96KB) AllocSpace objects, 2(40KB) LOS objects, 26% free, 44MB/60MB, paused 717us total 26.587ms
08-04 15:16:48.342  7266  7279 I art     : Starting a blocking GC Explicit
08-04 15:16:48.370  7266  7279 I art     : Explicit concurrent mark sweep GC freed 2645(131KB) AllocSpace objects, 2(120KB) LOS objects, 26% free, 45MB/61MB, paused 798us total 27.623ms
08-04 15:16:48.383  7266  7279 I art     : Starting a blocking GC Explicit
08-04 15:16:48.400  7266  7980 I NAPPA_EXPERIMENTATION: MetricNetworkRequestExecutionTime: REQUEST_DURATION_SYSTEM='621',REQUEST_DURATION_OKHTTP='29',REQUEST_SYNCHRONOUS='FALSE',RESPONSE_CODE='200',RESPONSE_METHOD='GET',RESPONSE_LENGTH_OKHTTP='183',RESPONSE_LENGTH_HEADER='183',REQUEST_PROTOCOL='http/1.1',REQUEST_URL='https://project-travel-mate.herokuapp.com/api/get-city-images/1',
08-04 15:16:48.408  7266  7279 I art     : Explicit concurrent mark sweep GC freed 1136(130KB) AllocSpace objects, 1(80KB) LOS objects, 26% free, 45MB/61MB, paused 500us total 25.549ms
08-04 15:16:48.421  7266  7279 I art     : Starting a blocking GC Explicit
08-04 15:16:48.448  7266  7279 I art     : Explicit concurrent mark sweep GC freed 164(3KB) AllocSpace objects, 0(0B) LOS objects, 26% free, 45MB/61MB, paused 687us total 26.534ms
08-04 15:16:48.449  7266  7980 V RESPONSE: [{"id":17,"image_url":"https://upload.wikimedia.org/wikipedia/commons/9/94/%E0%B4%96%E0%B5%81%E0%B4%A4%E0%B5%8D%E0%B4%AC%E0%B5%8D_%E0%B4%AE%E0%B4%BF%E0%B4%A8%E0%B4%BE%E0%B5%BC1.jpg"}]
08-04 15:16:48.459  7266  7279 I art     : Starting a blocking GC Explicit
08-04 15:16:48.486  7266  7279 I art     : Explicit concurrent mark sweep GC freed 243(7KB) AllocSpace objects, 0(0B) LOS objects, 26% free, 45MB/61MB, paused 632us total 26.734ms
08-04 15:16:48.850  7266  7279 I art     : Starting a blocking GC Explicit
08-04 15:16:48.886  7266  7279 I art     : Explicit concurrent mark sweep GC freed 6195(238KB) AllocSpace objects, 3(4MB) LOS objects, 28% free, 40MB/56MB, paused 504us total 34.517ms
08-04 15:16:48.899  7266  7279 I art     : Starting a blocking GC Explicit
08-04 15:16:48.927  7266  7279 I art     : Explicit concurrent mark sweep GC freed 371(11KB) AllocSpace objects, 0(0B) LOS objects, 28% free, 40MB/56MB, paused 593us total 28.507ms
08-04 15:16:48.940  7266  7279 I art     : Starting a blocking GC Explicit
08-04 15:16:48.968  7266  7279 I art     : Explicit concurrent mark sweep GC freed 147(2496B) AllocSpace objects, 0(0B) LOS objects, 28% free, 40MB/56MB, paused 487us total 28.291ms
08-04 15:16:48.980  7266  7279 I art     : Starting a blocking GC Explicit
08-04 15:16:49.009  7266  7279 I art     : Explicit concurrent mark sweep GC freed 219(3KB) AllocSpace objects, 0(0B) LOS objects, 28% free, 40MB/56MB, paused 475us total 28.721ms
08-04 15:16:49.022  7266  7279 I art     : Starting a blocking GC Explicit
08-04 15:16:49.051  7266  7279 I art     : Explicit concurrent mark sweep GC freed 147(2496B) AllocSpace objects, 0(0B) LOS objects, 28% free, 40MB/56MB, paused 499us total 29.252ms
08-04 15:16:49.364  7266  7327 I art     : Starting a blocking GC Explicit
08-04 15:16:49.395  7266  7327 I art     : Explicit concurrent mark sweep GC freed 2939(107KB) AllocSpace objects, 2(40KB) LOS objects, 28% free, 40MB/56MB, paused 555us total 30.179ms
08-04 15:16:49.407  7266  7327 I art     : Starting a blocking GC Explicit
08-04 15:16:49.438  7266  7327 I art     : Explicit concurrent mark sweep GC freed 213(3KB) AllocSpace objects, 0(0B) LOS objects, 28% free, 40MB/56MB, paused 619us total 30.206ms
08-04 15:16:49.451  7266  7327 I art     : Starting a blocking GC Explicit
08-04 15:16:49.479  7266  7327 I art     : Explicit concurrent mark sweep GC freed 172(2928B) AllocSpace objects, 0(0B) LOS objects, 28% free, 40MB/56MB, paused 501us total 28.014ms
08-04 15:16:49.491  7266  7327 I art     : Starting a blocking GC Explicit
08-04 15:16:49.520  7266  7327 I art     : Explicit concurrent mark sweep GC freed 149(2528B) AllocSpace objects, 0(0B) LOS objects, 28% free, 40MB/56MB, paused 669us total 28.230ms
08-04 15:16:49.532  7266  7327 I art     : Starting a blocking GC Explicit
08-04 15:16:49.554  8002  8002 D AndroidRuntime: >>>>>> START com.android.internal.os.RuntimeInit uid 2000 <<<<<<
08-04 15:16:49.559  8002  8002 D AndroidRuntime: CheckJNI is OFF
08-04 15:16:49.561  7266  7327 I art     : Explicit concurrent mark sweep GC freed 217(3KB) AllocSpace objects, 0(0B) LOS objects, 28% free, 40MB/56MB, paused 544us total 28.493ms
08-04 15:16:49.593  8002  8002 D ICU     : No timezone override file found: /data/misc/zoneinfo/current/icu/icu_tzdata.dat
08-04 15:16:49.625  8002  8002 I Radio-JNI: register_android_hardware_Radio DONE
08-04 15:16:49.647  8002  8002 D AndroidRuntime: Calling main entry com.android.commands.input.Input
08-04 15:16:49.649  8002  8002 I Input   : injectKeyEvent: KeyEvent { action=ACTION_DOWN, keyCode=KEYCODE_BACK, scanCode=0, metaState=0, flags=0x0, repeatCount=0, eventTime=717426062, downTime=717426062, deviceId=-1, source=0x101 }
08-04 15:16:49.656  8002  8002 I Input   : injectKeyEvent: KeyEvent { action=ACTION_UP, keyCode=KEYCODE_BACK, scanCode=0, metaState=0, flags=0x0, repeatCount=0, eventTime=717426062, downTime=717426062, deviceId=-1, source=0x101 }
08-04 15:16:49.663  8002  8002 D AndroidRuntime: Shutting down VM
08-04 15:16:49.698 13866 13866 I GoogleInputMethodServic: GoogleInputMethodService.onFinishInput():3138 
08-04 15:16:49.698 13866 13866 I GoogleInputMethodServic: GoogleInputMethodService.onStartInput():1808 
08-04 15:16:49.727   918 13197 D NetworkMonitor/NetworkAgentInfo [WIFI () - 158]: Checking http://connectivitycheck.gstatic.com/generate_204 on "H369AA63323", 192.168.2.12=192.168.2.12
08-04 15:16:49.794   918 13197 D NetworkMonitor/NetworkAgentInfo [WIFI () - 158]: Probably not a portal: exception java.io.IOException: unexpected end of stream on Connection{connectivitycheck.gstatic.com:80, proxy=HTTP@/192.168.2.12:8080 hostAddress=192.168.2.12 cipherSuite=none protocol=http/1.1} (recycle count=0)
08-04 15:16:49.795   918  3263 D ConnectivityService: NetworkAgentInfo [WIFI () - 158] validation failed
08-04 15:16:49.796   918  3261 E WifiConfigStore:  rewrite network history for "H369AA63323"WPA_PSK
08-04 15:16:49.860  7266  7279 I art     : Starting a blocking GC Explicit
08-04 15:16:49.898  7266  7279 I art     : Explicit concurrent mark sweep GC freed 2901(109KB) AllocSpace objects, 2(40KB) LOS objects, 28% free, 40MB/56MB, paused 519us total 38.139ms
08-04 15:16:49.912  7266  7279 I art     : Starting a blocking GC Explicit
08-04 15:16:49.947  7266  7279 I art     : Explicit concurrent mark sweep GC freed 242(4KB) AllocSpace objects, 0(0B) LOS objects, 28% free, 40MB/56MB, paused 561us total 34.122ms
08-04 15:16:49.961  7266  7279 I art     : Starting a blocking GC Explicit
08-04 15:16:49.993  7266  7279 I art     : Explicit concurrent mark sweep GC freed 219(3KB) AllocSpace objects, 0(0B) LOS objects, 28% free, 40MB/56MB, paused 463us total 32.438ms
08-04 15:16:50.004   380   380 W SurfaceFlinger: couldn't log to binary event log: overflow.
08-04 15:16:50.007  7266  7279 I art     : Starting a blocking GC Explicit
08-04 15:16:50.035  7266  7279 I art     : Explicit concurrent mark sweep GC freed 914(37KB) AllocSpace objects, 3(644KB) LOS objects, 28% free, 40MB/56MB, paused 509us total 28.015ms
08-04 15:16:50.048  7266  7279 I art     : Starting a blocking GC Explicit
08-04 15:16:50.074  7266  7279 I art     : Explicit concurrent mark sweep GC freed 263(8KB) AllocSpace objects, 0(0B) LOS objects, 28% free, 40MB/56MB, paused 522us total 25.669ms
08-04 15:16:50.411  7266  7280 I art     : Starting a blocking GC Explicit
08-04 15:16:50.440  7266  7280 I art     : Explicit concurrent mark sweep GC freed 7792(359KB) AllocSpace objects, 3(68KB) LOS objects, 28% free, 40MB/56MB, paused 555us total 28.900ms
08-04 15:16:50.452  7266  7280 I art     : Starting a blocking GC Explicit
08-04 15:16:50.481  7266  7280 I art     : Explicit concurrent mark sweep GC freed 118(2384B) AllocSpace objects, 0(0B) LOS objects, 28% free, 40MB/56MB, paused 512us total 28.205ms
08-04 15:16:50.493  7266  7280 I art     : Starting a blocking GC Explicit
08-04 15:16:50.522  7266  7280 I art     : Explicit concurrent mark sweep GC freed 132(2240B) AllocSpace objects, 0(0B) LOS objects, 28% free, 40MB/56MB, paused 609us total 28.568ms
08-04 15:16:50.535  7266  7280 I art     : Starting a blocking GC Explicit
08-04 15:16:50.564  7266  7280 I art     : Explicit concurrent mark sweep GC freed 115(1984B) AllocSpace objects, 0(0B) LOS objects, 28% free, 40MB/56MB, paused 502us total 28.918ms
08-04 15:16:50.577  7266  7280 I art     : Starting a blocking GC Explicit
08-04 15:16:50.605  7266  7280 I art     : Explicit concurrent mark sweep GC freed 146(2464B) AllocSpace objects, 0(0B) LOS objects, 28% free, 40MB/56MB, paused 565us total 28.659ms
08-04 15:16:50.939  7266  7326 I art     : Starting a blocking GC Explicit
08-04 15:16:50.963  7266  7326 I art     : Explicit concurrent mark sweep GC freed 2459(100KB) AllocSpace objects, 2(40KB) LOS objects, 28% free, 40MB/56MB, paused 519us total 24.130ms
08-04 15:16:50.975  7266  7326 I art     : Starting a blocking GC Explicit
08-04 15:16:51.000  7266  7326 I art     : Explicit concurrent mark sweep GC freed 134(3KB) AllocSpace objects, 0(0B) LOS objects, 28% free, 40MB/56MB, paused 501us total 25.185ms
08-04 15:16:51.003   518   646 I ThermalEngine: ACTION: GPU - Setting GPU[0] to 450000000
08-04 15:16:51.016  7266  7326 I art     : Starting a blocking GC Explicit
08-04 15:16:51.049  7266  7326 I art     : Explicit concurrent mark sweep GC freed 147(2496B) AllocSpace objects, 0(0B) LOS objects, 28% free, 40MB/56MB, paused 676us total 32.544ms
08-04 15:16:51.065  7266  7326 I art     : Starting a blocking GC Explicit
08-04 15:16:51.097  7266  7326 I art     : Explicit concurrent mark sweep GC freed 147(2496B) AllocSpace objects, 0(0B) LOS objects, 28% free, 40MB/56MB, paused 772us total 32.294ms
08-04 15:16:51.113  7266  7326 I art     : Starting a blocking GC Explicit
08-04 15:16:51.146  7266  7326 I art     : Explicit concurrent mark sweep GC freed 147(2496B) AllocSpace objects, 0(0B) LOS objects, 28% free, 40MB/56MB, paused 674us total 32.588ms
08-04 15:16:51.396  8057  8057 D AndroidRuntime: >>>>>> START com.android.internal.os.RuntimeInit uid 2000 <<<<<<
08-04 15:16:51.402  8057  8057 D AndroidRuntime: CheckJNI is OFF
08-04 15:16:51.444  8057  8057 D ICU     : No timezone override file found: /data/misc/zoneinfo/current/icu/icu_tzdata.dat
08-04 15:16:51.486  8057  8057 I Radio-JNI: register_android_hardware_Radio DONE
08-04 15:16:51.515  8057  8057 D AndroidRuntime: Calling main entry com.android.commands.input.Input
08-04 15:16:51.517  8057  8057 I Input   : injectMotionEvent: MotionEvent { action=ACTION_DOWN, actionButton=0, id[0]=0, x[0]=693.0, y[0]=1450.0, toolType[0]=TOOL_TYPE_UNKNOWN, buttonState=0, metaState=0, flags=0x0, edgeFlags=0x0, pointerCount=1, historySize=0, eventTime=717427929, downTime=717427929, deviceId=0, source=0x1002 }
08-04 15:16:51.524  8057  8057 I Input   : injectMotionEvent: MotionEvent { action=ACTION_UP, actionButton=0, id[0]=0, x[0]=693.0, y[0]=1450.0, toolType[0]=TOOL_TYPE_UNKNOWN, buttonState=0, metaState=0, flags=0x0, edgeFlags=0x0, pointerCount=1, historySize=0, eventTime=717427929, downTime=717427929, deviceId=0, source=0x1002 }
08-04 15:16:51.528  8057  8057 D AndroidRuntime: Shutting down VM
08-04 15:16:51.528   918  6112 I ActivityManager: START u0 {cmp=baseline.io.github.project_travel_mate/.destinations.description.CityHistoryActivity} from uid 10650 on display 0
08-04 15:16:51.530   512  2967 D audio_hw_primary: out_set_parameters: enter: usecase(1: low-latency-playback) kvpairs: routing=2
08-04 15:16:51.538  7266  7280 I art     : Starting a blocking GC Explicit
08-04 15:16:51.543   512  2967 D audio_hw_primary: select_devices: out_snd_device(2: speaker) in_snd_device(0: none)
08-04 15:16:51.543   512  2967 D msm8974_platform: platform_send_audio_calibration: sending audio calibration for snd_device(2) acdb_id(15)
08-04 15:16:51.543   512  2967 I soundtrigger: audio_extn_sound_trigger_update_device_status: device 0x2 of type 0 for Event 1
08-04 15:16:51.555   512  2967 D audio_hw_primary: enable_snd_device: snd_device(2: speaker)
08-04 15:16:51.558   512  2967 D audio_hw_primary: enable_audio_route: apply and update mixer path: low-latency-playback speaker
08-04 15:16:51.563  7266  7347 D Gabe    : call	returning from cache
08-04 15:16:51.566  7266  7266 V EXECUTING: https://project-travel-mate.herokuapp.com/api/get-city-information/1
08-04 15:16:51.573  7266  7280 I art     : Explicit concurrent mark sweep GC freed 3040(128KB) AllocSpace objects, 2(40KB) LOS objects, 28% free, 40MB/56MB, paused 900us total 35.422ms
08-04 15:16:51.589  7266  7280 I art     : Starting a blocking GC Explicit
08-04 15:16:51.622  7266  7280 I art     : Explicit concurrent mark sweep GC freed 655(36KB) AllocSpace objects, 0(0B) LOS objects, 28% free, 40MB/56MB, paused 1.183ms total 32.616ms
08-04 15:16:51.639  7266  7280 I art     : Starting a blocking GC Explicit
08-04 15:16:51.674  7266  7280 I art     : Explicit concurrent mark sweep GC freed 231(9KB) AllocSpace objects, 0(0B) LOS objects, 26% free, 44MB/60MB, paused 1.102ms total 34.349ms
08-04 15:16:51.690  7266  7280 I art     : Starting a blocking GC Explicit
08-04 15:16:51.716   918   936 I ActivityManager: Displayed baseline.io.github.project_travel_mate/.destinations.description.CityHistoryActivity: +175ms
08-04 15:16:51.717 13866 13866 I GoogleInputMethodServic: GoogleInputMethodService.onFinishInput():3138 
08-04 15:16:51.717 13866 13866 I GoogleInputMethodServic: GoogleInputMethodService.onStartInput():1808 
08-04 15:16:51.722  7266  7280 I art     : Explicit concurrent mark sweep GC freed 107(2512B) AllocSpace objects, 0(0B) LOS objects, 26% free, 44MB/60MB, paused 952us total 31.787ms
08-04 15:16:51.738  7266  7280 I art     : Starting a blocking GC Explicit
08-04 15:16:51.773  7266  7280 I art     : Explicit concurrent mark sweep GC freed 64(1392B) AllocSpace objects, 0(0B) LOS objects, 26% free, 44MB/60MB, paused 1.059ms total 35.089ms
08-04 15:16:51.955   380   380 W SurfaceFlinger: couldn't log to binary event log: overflow.
08-04 15:16:52.005   518   646 I ThermalEngine: ACTION: GPU - Setting GPU[0] to 510000000
08-04 15:16:52.091   512  2967 D audio_hw_primary: disable_audio_route: reset and update mixer path: low-latency-playback speaker
08-04 15:16:52.094   512  2967 D audio_hw_primary: disable_snd_device: snd_device(2: speaker)
08-04 15:16:52.102   512  2967 I soundtrigger: audio_extn_sound_trigger_update_device_status: device 0x2 of type 0 for Event 0
08-04 15:16:52.102  7266  7327 I art     : Starting a blocking GC Explicit
08-04 15:16:52.132  7266  7327 I art     : Explicit concurrent mark sweep GC freed 3192(154KB) AllocSpace objects, 2(40KB) LOS objects, 26% free, 44MB/60MB, paused 904us total 29.831ms
08-04 15:16:52.144  7266  7327 I art     : Starting a blocking GC Explicit
08-04 15:16:52.172  7266  7327 I art     : Explicit concurrent mark sweep GC freed 2115(84KB) AllocSpace objects, 2(120KB) LOS objects, 26% free, 44MB/60MB, paused 759us total 27.909ms
08-04 15:16:52.185  7266  7327 I art     : Starting a blocking GC Explicit
08-04 15:16:52.190  7266  8081 I NAPPA_EXPERIMENTATION: MetricNetworkRequestExecutionTime: REQUEST_DURATION_SYSTEM='622',REQUEST_DURATION_OKHTTP='30',REQUEST_SYNCHRONOUS='FALSE',RESPONSE_CODE='200',RESPONSE_METHOD='GET',RESPONSE_LENGTH_OKHTTP='55024',RESPONSE_LENGTH_HEADER='55024',REQUEST_PROTOCOL='http/1.1',REQUEST_URL='https://project-travel-mate.herokuapp.com/api/get-city-information/1',
08-04 15:16:52.213  7266  7327 I art     : Explicit concurrent mark sweep GC freed 1181(129KB) AllocSpace objects, 4(352KB) LOS objects, 26% free, 44MB/60MB, paused 656us total 27.162ms
08-04 15:16:52.226  7266  7327 I art     : Starting a blocking GC Explicit
08-04 15:16:52.253  7266  7327 I art     : Explicit concurrent mark sweep GC freed 217(5KB) AllocSpace objects, 0(0B) LOS objects, 26% free, 44MB/60MB, paused 671us total 26.462ms
08-04 15:16:52.265  7266  7327 I art     : Starting a blocking GC Explicit
08-04 15:16:52.291  7266  7327 I art     : Explicit concurrent mark sweep GC freed 17(320B) AllocSpace objects, 0(0B) LOS objects, 26% free, 44MB/60MB, paused 510us total 26.180ms
08-04 15:16:52.324 13866 13866 I GoogleInputMethodServic: GoogleInputMethodService.onFinishInput():3138 
08-04 15:16:52.324 13866 13866 I GoogleInputMethodServic: GoogleInputMethodService.onStartInput():1808 
08-04 15:16:52.617  7266  7280 I art     : Starting a blocking GC Explicit
08-04 15:16:52.654  7266  7280 I art     : Explicit concurrent mark sweep GC freed 4199(1316KB) AllocSpace objects, 19(4MB) LOS objects, 28% free, 40MB/56MB, paused 507us total 36.108ms
08-04 15:16:52.670  7266  7280 I art     : Starting a blocking GC Explicit
08-04 15:16:52.698  7266  7280 I art     : Explicit concurrent mark sweep GC freed 281(6KB) AllocSpace objects, 0(0B) LOS objects, 28% free, 40MB/56MB, paused 532us total 28.501ms
08-04 15:16:52.711  7266  7280 I art     : Starting a blocking GC Explicit
08-04 15:16:52.740  7266  7280 I art     : Explicit concurrent mark sweep GC freed 170(2864B) AllocSpace objects, 0(0B) LOS objects, 28% free, 40MB/56MB, paused 615us total 29.077ms
08-04 15:16:52.753  7266  7280 I art     : Starting a blocking GC Explicit
08-04 15:16:52.782  7266  7280 I art     : Explicit concurrent mark sweep GC freed 196(3KB) AllocSpace objects, 0(0B) LOS objects, 28% free, 40MB/56MB, paused 505us total 29.547ms
08-04 15:16:52.795  7266  7280 I art     : Starting a blocking GC Explicit
08-04 15:16:52.825  7266  7280 I art     : Explicit concurrent mark sweep GC freed 207(3KB) AllocSpace objects, 0(0B) LOS objects, 28% free, 40MB/56MB, paused 636us total 29.703ms
08-04 15:16:53.011   518   646 I ThermalEngine: ACTION: GPU - Setting GPU[0] to 450000000
08-04 15:16:53.196  7266  7279 I art     : Starting a blocking GC Explicit
08-04 15:16:53.236  7266  7279 I art     : Explicit concurrent mark sweep GC freed 3174(111KB) AllocSpace objects, 2(40KB) LOS objects, 28% free, 40MB/56MB, paused 710us total 39.827ms
08-04 15:16:53.252  7266  7279 I art     : Starting a blocking GC Explicit
08-04 15:16:53.290  7266  7279 I art     : Explicit concurrent mark sweep GC freed 244(4KB) AllocSpace objects, 0(0B) LOS objects, 28% free, 40MB/56MB, paused 668us total 37.067ms
08-04 15:16:53.307  7266  7279 I art     : Starting a blocking GC Explicit
08-04 15:16:53.345  7266  7279 I art     : Explicit concurrent mark sweep GC freed 298(5KB) AllocSpace objects, 0(0B) LOS objects, 28% free, 40MB/56MB, paused 728us total 37.846ms
08-04 15:16:53.363  7266  7279 I art     : Starting a blocking GC Explicit
08-04 15:16:53.401  7266  7279 I art     : Explicit concurrent mark sweep GC freed 226(3KB) AllocSpace objects, 0(0B) LOS objects, 28% free, 40MB/56MB, paused 728us total 38.229ms
08-04 15:16:53.418  7266  7279 I art     : Starting a blocking GC Explicit
08-04 15:16:53.457  7266  7279 I art     : Explicit concurrent mark sweep GC freed 224(3KB) AllocSpace objects, 0(0B) LOS objects, 28% free, 40MB/56MB, paused 675us total 38.172ms
08-04 15:16:53.867  7266  7280 I art     : Starting a blocking GC Explicit
08-04 15:16:53.909  7266  7280 I art     : Explicit concurrent mark sweep GC freed 3388(115KB) AllocSpace objects, 2(40KB) LOS objects, 28% free, 40MB/56MB, paused 985us total 41.638ms
08-04 15:16:53.929  7266  7280 I art     : Starting a blocking GC Explicit
08-04 15:16:53.967  7266  7280 I art     : Explicit concurrent mark sweep GC freed 321(6KB) AllocSpace objects, 0(0B) LOS objects, 28% free, 40MB/56MB, paused 702us total 37.769ms
08-04 15:16:53.983  7266  7280 I art     : Starting a blocking GC Explicit
08-04 15:16:54.019  7266  7280 I art     : Explicit concurrent mark sweep GC freed 219(3KB) AllocSpace objects, 0(0B) LOS objects, 28% free, 40MB/56MB, paused 718us total 36.326ms
08-04 15:16:54.035  7266  7280 I art     : Starting a blocking GC Explicit
08-04 15:16:54.073  7266  7280 I art     : Explicit concurrent mark sweep GC freed 219(3KB) AllocSpace objects, 0(0B) LOS objects, 28% free, 40MB/56MB, paused 705us total 37.671ms
08-04 15:16:54.090  7266  7280 I art     : Starting a blocking GC Explicit
08-04 15:16:54.127  7266  7280 I art     : Explicit concurrent mark sweep GC freed 227(3KB) AllocSpace objects, 0(0B) LOS objects, 28% free, 40MB/56MB, paused 768us total 36.639ms
08-04 15:16:54.518  7266  7327 I art     : Starting a blocking GC Explicit
08-04 15:16:54.560  7266  7327 I art     : Explicit concurrent mark sweep GC freed 3294(113KB) AllocSpace objects, 2(40KB) LOS objects, 28% free, 40MB/56MB, paused 819us total 41.932ms
08-04 15:16:54.579  7266  7327 I art     : Starting a blocking GC Explicit
08-04 15:16:54.616  7266  7327 I art     : Explicit concurrent mark sweep GC freed 283(4KB) AllocSpace objects, 0(0B) LOS objects, 28% free, 40MB/56MB, paused 852us total 36.732ms
08-04 15:16:54.633  7266  7327 I art     : Starting a blocking GC Explicit
08-04 15:16:54.673  7266  7327 I art     : Explicit concurrent mark sweep GC freed 243(4KB) AllocSpace objects, 0(0B) LOS objects, 28% free, 40MB/56MB, paused 738us total 39.722ms
08-04 15:16:54.690  7266  7327 I art     : Starting a blocking GC Explicit
08-04 15:16:54.729  7266  7327 I art     : Explicit concurrent mark sweep GC freed 236(3KB) AllocSpace objects, 0(0B) LOS objects, 28% free, 40MB/56MB, paused 761us total 38.772ms
08-04 15:16:54.745  7266  7327 I art     : Starting a blocking GC Explicit
08-04 15:16:54.786  7266  7327 I art     : Explicit concurrent mark sweep GC freed 275(4KB) AllocSpace objects, 0(0B) LOS objects, 28% free, 40MB/56MB, paused 728us total 40.628ms
08-04 15:16:55.014   518   646 I ThermalEngine: ACTION: GPU - Setting GPU[0] to 510000000
08-04 15:16:55.160  7266  7326 I art     : Starting a blocking GC Explicit
08-04 15:16:55.229  7266  7326 I art     : Explicit concurrent mark sweep GC freed 3307(113KB) AllocSpace objects, 2(40KB) LOS objects, 28% free, 40MB/56MB, paused 1.346ms total 69.304ms
08-04 15:16:55.250  7266  7326 I art     : Starting a blocking GC Explicit
08-04 15:16:55.289  7266  7326 I art     : Explicit concurrent mark sweep GC freed 302(5KB) AllocSpace objects, 0(0B) LOS objects, 28% free, 40MB/56MB, paused 538us total 38.523ms
08-04 15:16:55.301  7266  7326 I art     : Starting a blocking GC Explicit
08-04 15:16:55.330  7266  7326 I art     : Explicit concurrent mark sweep GC freed 200(3KB) AllocSpace objects, 0(0B) LOS objects, 28% free, 40MB/56MB, paused 619us total 28.780ms
08-04 15:16:55.343  7266  7326 I art     : Starting a blocking GC Explicit
08-04 15:16:55.373  7266  7326 I art     : Explicit concurrent mark sweep GC freed 165(2800B) AllocSpace objects, 0(0B) LOS objects, 28% free, 40MB/56MB, paused 546us total 29.888ms
08-04 15:16:55.386  7266  7326 I art     : Starting a blocking GC Explicit
08-04 15:16:55.416  7266  7326 I art     : Explicit concurrent mark sweep GC freed 207(3KB) AllocSpace objects, 0(0B) LOS objects, 28% free, 40MB/56MB, paused 643us total 29.853ms
08-04 15:16:55.785  7266  7279 I art     : Starting a blocking GC Explicit
08-04 15:16:55.815  7266  7279 I art     : Explicit concurrent mark sweep GC freed 3168(111KB) AllocSpace objects, 2(40KB) LOS objects, 28% free, 40MB/56MB, paused 507us total 29.170ms
08-04 15:16:55.827  7266  7279 I art     : Starting a blocking GC Explicit
08-04 15:16:55.856  7266  7279 I art     : Explicit concurrent mark sweep GC freed 165(3KB) AllocSpace objects, 0(0B) LOS objects, 28% free, 40MB/56MB, paused 555us total 28.503ms
08-04 15:16:55.868  7266  7279 I art     : Starting a blocking GC Explicit
08-04 15:16:55.897  7266  7279 I art     : Explicit concurrent mark sweep GC freed 190(3KB) AllocSpace objects, 0(0B) LOS objects, 28% free, 40MB/56MB, paused 611us total 28.388ms
08-04 15:16:55.910  7266  7279 I art     : Starting a blocking GC Explicit
08-04 15:16:55.939  7266  7279 I art     : Explicit concurrent mark sweep GC freed 177(3008B) AllocSpace objects, 0(0B) LOS objects, 28% free, 40MB/56MB, paused 535us total 28.397ms
08-04 15:16:55.951  7266  7279 I art     : Starting a blocking GC Explicit
08-04 15:16:55.979  7266  7279 I art     : Explicit concurrent mark sweep GC freed 172(2928B) AllocSpace objects, 0(0B) LOS objects, 28% free, 40MB/56MB, paused 558us total 27.766ms
08-04 15:16:56.164  8155  8155 D AndroidRuntime: >>>>>> START com.android.internal.os.RuntimeInit uid 2000 <<<<<<
08-04 15:16:56.169  8155  8155 D AndroidRuntime: CheckJNI is OFF
08-04 15:16:56.200  8155  8155 D ICU     : No timezone override file found: /data/misc/zoneinfo/current/icu/icu_tzdata.dat
08-04 15:16:56.232  8155  8155 I Radio-JNI: register_android_hardware_Radio DONE
08-04 15:16:56.253  8155  8155 D AndroidRuntime: Calling main entry com.android.commands.input.Input
08-04 15:16:56.255  8155  8155 I Input   : injectKeyEvent: KeyEvent { action=ACTION_DOWN, keyCode=KEYCODE_BACK, scanCode=0, metaState=0, flags=0x0, repeatCount=0, eventTime=717432668, downTime=717432668, deviceId=-1, source=0x101 }
08-04 15:16:56.263  8155  8155 I Input   : injectKeyEvent: KeyEvent { action=ACTION_UP, keyCode=KEYCODE_BACK, scanCode=0, metaState=0, flags=0x0, repeatCount=0, eventTime=717432668, downTime=717432668, deviceId=-1, source=0x101 }
08-04 15:16:56.268  8155  8155 D AndroidRuntime: Shutting down VM
08-04 15:16:56.303 13866 13866 I GoogleInputMethodServic: GoogleInputMethodService.onFinishInput():3138 
08-04 15:16:56.304 13866 13866 I GoogleInputMethodServic: GoogleInputMethodService.onStartInput():1808 
08-04 15:16:56.335  7266  7327 I art     : Starting a blocking GC Explicit
08-04 15:16:56.363  7266  7327 I art     : Explicit concurrent mark sweep GC freed 3232(114KB) AllocSpace objects, 2(40KB) LOS objects, 28% free, 40MB/56MB, paused 510us total 27.662ms
08-04 15:16:56.375  7266  7327 I art     : Starting a blocking GC Explicit
08-04 15:16:56.400  7266  7327 I art     : Explicit concurrent mark sweep GC freed 172(3KB) AllocSpace objects, 0(0B) LOS objects, 28% free, 40MB/56MB, paused 492us total 24.688ms
08-04 15:16:56.411  7266  7327 I art     : Starting a blocking GC Explicit
08-04 15:16:56.438  7266  7327 I art     : Explicit concurrent mark sweep GC freed 147(2496B) AllocSpace objects, 0(0B) LOS objects, 28% free, 40MB/56MB, paused 513us total 26.665ms
08-04 15:16:56.450  7266  7327 I art     : Starting a blocking GC Explicit
08-04 15:16:56.487  7266  7327 I art     : Explicit concurrent mark sweep GC freed 219(3KB) AllocSpace objects, 0(0B) LOS objects, 28% free, 40MB/56MB, paused 805us total 36.182ms
08-04 15:16:56.501  7266  7327 I art     : Starting a blocking GC Explicit
08-04 15:16:56.535  7266  7327 I art     : Explicit concurrent mark sweep GC freed 219(3KB) AllocSpace objects, 0(0B) LOS objects, 28% free, 40MB/56MB, paused 530us total 34.062ms
08-04 15:16:56.593   380   380 W SurfaceFlinger: couldn't log to binary event log: overflow.
08-04 15:16:56.707  2486  2486 I ServiceManager: Waiting for service AtCmdFwd...
08-04 15:16:56.853  7266  7280 I art     : Starting a blocking GC Explicit
08-04 15:16:56.887  7266  7280 I art     : Explicit concurrent mark sweep GC freed 2579(103KB) AllocSpace objects, 3(228KB) LOS objects, 28% free, 40MB/56MB, paused 531us total 33.699ms
08-04 15:16:56.901  7266  7280 I art     : Starting a blocking GC Explicit
08-04 15:16:56.926  7266  7280 I art     : Explicit concurrent mark sweep GC freed 4800(341KB) AllocSpace objects, 7(132KB) LOS objects, 28% free, 40MB/56MB, paused 500us total 24.693ms
08-04 15:16:56.937  7266  7280 I art     : Starting a blocking GC Explicit
08-04 15:16:56.964  7266  7280 I art     : Explicit concurrent mark sweep GC freed 153(2784B) AllocSpace objects, 0(0B) LOS objects, 28% free, 40MB/56MB, paused 711us total 26.168ms
08-04 15:16:56.975  7266  7280 I art     : Starting a blocking GC Explicit
08-04 15:16:57.001  7266  7280 I art     : Explicit concurrent mark sweep GC freed 99(1696B) AllocSpace objects, 0(0B) LOS objects, 28% free, 40MB/56MB, paused 543us total 25.326ms
08-04 15:16:57.013  7266  7280 I art     : Starting a blocking GC Explicit
08-04 15:16:57.038  7266  7280 I art     : Explicit concurrent mark sweep GC freed 99(1696B) AllocSpace objects, 0(0B) LOS objects, 28% free, 40MB/56MB, paused 529us total 24.797ms
08-04 15:16:57.373  7266  7279 I art     : Starting a blocking GC Explicit
08-04 15:16:57.400  7266  7279 I art     : Explicit concurrent mark sweep GC freed 2483(100KB) AllocSpace objects, 2(40KB) LOS objects, 28% free, 40MB/56MB, paused 528us total 27.622ms
08-04 15:16:57.413  7266  7279 I art     : Starting a blocking GC Explicit
08-04 15:16:57.440  7266  7279 I art     : Explicit concurrent mark sweep GC freed 118(2384B) AllocSpace objects, 0(0B) LOS objects, 28% free, 40MB/56MB, paused 519us total 27.636ms
08-04 15:16:57.453  7266  7279 I art     : Starting a blocking GC Explicit
08-04 15:16:57.480  7266  7279 I art     : Explicit concurrent mark sweep GC freed 145(2448B) AllocSpace objects, 0(0B) LOS objects, 28% free, 40MB/56MB, paused 547us total 27.278ms
08-04 15:16:57.493  7266  7279 I art     : Starting a blocking GC Explicit
08-04 15:16:57.519  7266  7279 I art     : Explicit concurrent mark sweep GC freed 101(1744B) AllocSpace objects, 0(0B) LOS objects, 28% free, 40MB/56MB, paused 506us total 26.191ms
08-04 15:16:57.532  7266  7279 I art     : Starting a blocking GC Explicit
08-04 15:16:57.557  7266  7279 I art     : Explicit concurrent mark sweep GC freed 99(1696B) AllocSpace objects, 0(0B) LOS objects, 28% free, 40MB/56MB, paused 581us total 25.084ms
08-04 15:16:57.707  2486  2486 I ServiceManager: Waiting for service AtCmdFwd...
08-04 15:16:57.876  7266  7327 I art     : Starting a blocking GC Explicit
08-04 15:16:57.904  8198  8198 D AndroidRuntime: >>>>>> START com.android.internal.os.RuntimeInit uid 2000 <<<<<<
08-04 15:16:57.910  7266  7327 I art     : Explicit concurrent mark sweep GC freed 2435(99KB) AllocSpace objects, 2(40KB) LOS objects, 28% free, 40MB/56MB, paused 967us total 33.860ms
08-04 15:16:57.911  8198  8198 D AndroidRuntime: CheckJNI is OFF
08-04 15:16:57.922  7266  7327 I art     : Starting a blocking GC Explicit
08-04 15:16:57.945  8198  8198 D ICU     : No timezone override file found: /data/misc/zoneinfo/current/icu/icu_tzdata.dat
08-04 15:16:57.948  7266  7327 I art     : Explicit concurrent mark sweep GC freed 166(3KB) AllocSpace objects, 0(0B) LOS objects, 28% free, 40MB/56MB, paused 544us total 25.899ms
08-04 15:16:57.960  7266  7327 I art     : Starting a blocking GC Explicit
08-04 15:16:57.979  8198  8198 I Radio-JNI: register_android_hardware_Radio DONE
08-04 15:16:57.987  7266  7327 I art     : Explicit concurrent mark sweep GC freed 99(1696B) AllocSpace objects, 0(0B) LOS objects, 28% free, 40MB/56MB, paused 609us total 26.352ms
08-04 15:16:58.000  7266  7327 I art     : Starting a blocking GC Explicit
08-04 15:16:58.002  8198  8198 D AndroidRuntime: Calling main entry com.android.commands.input.Input
08-04 15:16:58.004  8198  8198 I Input   : injectKeyEvent: KeyEvent { action=ACTION_DOWN, keyCode=KEYCODE_BACK, scanCode=0, metaState=0, flags=0x0, repeatCount=0, eventTime=717434417, downTime=717434417, deviceId=-1, source=0x101 }
08-04 15:16:58.009  8198  8198 I Input   : injectKeyEvent: KeyEvent { action=ACTION_UP, keyCode=KEYCODE_BACK, scanCode=0, metaState=0, flags=0x0, repeatCount=0, eventTime=717434417, downTime=717434417, deviceId=-1, source=0x101 }
08-04 15:16:58.014  8198  8198 D AndroidRuntime: Shutting down VM
08-04 15:16:58.023  7266  7327 I art     : Explicit concurrent mark sweep GC freed 224(6KB) AllocSpace objects, 0(0B) LOS objects, 28% free, 40MB/56MB, paused 603us total 23.315ms
08-04 15:16:58.029  7266  7266 V MainActivity: url = https://project-travel-mate.herokuapp.com/api/number-of-unread-notifications
08-04 15:16:58.035  7266  7327 I art     : Starting a blocking GC Explicit
08-04 15:16:58.054 13866 13866 I GoogleInputMethodServic: GoogleInputMethodService.onFinishInput():3138 
08-04 15:16:58.055 13866 13866 I GoogleInputMethodServic: GoogleInputMethodService.onStartInput():1808 
08-04 15:16:58.061  7266  7327 I art     : Explicit concurrent mark sweep GC freed 370(13KB) AllocSpace objects, 0(0B) LOS objects, 28% free, 40MB/56MB, paused 864us total 25.418ms
08-04 15:16:58.345   380   380 W SurfaceFlinger: couldn't log to binary event log: overflow.
08-04 15:16:58.356  7266  7326 I art     : Starting a blocking GC Explicit
08-04 15:16:58.382  7266  7326 I art     : Explicit concurrent mark sweep GC freed 2579(109KB) AllocSpace objects, 2(40KB) LOS objects, 28% free, 40MB/56MB, paused 584us total 25.711ms
08-04 15:16:58.394  7266  7326 I art     : Starting a blocking GC Explicit
08-04 15:16:58.420  7266  7326 I art     : Explicit concurrent mark sweep GC freed 234(9KB) AllocSpace objects, 0(0B) LOS objects, 28% free, 40MB/56MB, paused 642us total 26.564ms
08-04 15:16:58.432  7266  7326 I art     : Starting a blocking GC Explicit
08-04 15:16:58.459  7266  7326 I art     : Explicit concurrent mark sweep GC freed 51(896B) AllocSpace objects, 0(0B) LOS objects, 28% free, 40MB/56MB, paused 585us total 26.855ms
08-04 15:16:58.471  7266  7326 I art     : Starting a blocking GC Explicit
08-04 15:16:58.498  7266  7326 I art     : Explicit concurrent mark sweep GC freed 75(1296B) AllocSpace objects, 0(0B) LOS objects, 28% free, 40MB/56MB, paused 746us total 26.876ms
08-04 15:16:58.511  7266  7326 I art     : Starting a blocking GC Explicit
08-04 15:16:58.539  7266  7326 I art     : Explicit concurrent mark sweep GC freed 51(896B) AllocSpace objects, 0(0B) LOS objects, 28% free, 40MB/56MB, paused 613us total 27.870ms
08-04 15:16:58.708  2486  2486 I ServiceManager: Waiting for service AtCmdFwd...
08-04 15:16:58.840  7266  8221 I NAPPA_EXPERIMENTATION: MetricNetworkRequestExecutionTime: REQUEST_DURATION_SYSTEM='811',REQUEST_DURATION_OKHTTP='28',REQUEST_SYNCHRONOUS='FALSE',RESPONSE_CODE='200',RESPONSE_METHOD='GET',RESPONSE_LENGTH_OKHTTP='36',RESPONSE_LENGTH_HEADER='36',REQUEST_PROTOCOL='http/1.1',REQUEST_URL='https://project-travel-mate.herokuapp.com/api/number-of-unread-notifications',
08-04 15:16:58.864  7266  7279 I art     : Starting a blocking GC Explicit
08-04 15:16:58.898  7266  7279 I art     : Explicit concurrent mark sweep GC freed 4657(236KB) AllocSpace objects, 5(240KB) LOS objects, 28% free, 40MB/56MB, paused 544us total 32.558ms
08-04 15:16:58.911  7266  7279 I art     : Starting a blocking GC Explicit
08-04 15:16:58.941  7266  7279 I art     : Explicit concurrent mark sweep GC freed 1110(121KB) AllocSpace objects, 0(0B) LOS objects, 28% free, 40MB/56MB, paused 588us total 29.794ms
08-04 15:16:58.954  7266  7279 I art     : Starting a blocking GC Explicit
08-04 15:16:58.982  7266  7279 I art     : Explicit concurrent mark sweep GC freed 75(1296B) AllocSpace objects, 0(0B) LOS objects, 28% free, 40MB/56MB, paused 585us total 28.245ms
08-04 15:16:58.994  7266  7279 I art     : Starting a blocking GC Explicit
08-04 15:16:59.023  7266  7279 I art     : Explicit concurrent mark sweep GC freed 52(928B) AllocSpace objects, 0(0B) LOS objects, 28% free, 40MB/56MB, paused 524us total 28.791ms
08-04 15:16:59.036  7266  7279 I art     : Starting a blocking GC Explicit
08-04 15:16:59.065  7266  7279 I art     : Explicit concurrent mark sweep GC freed 75(1296B) AllocSpace objects, 0(0B) LOS objects, 28% free, 40MB/56MB, paused 580us total 29.208ms
08-04 15:16:59.384  7266  7280 I art     : Starting a blocking GC Explicit
08-04 15:16:59.416  7266  7280 I art     : Explicit concurrent mark sweep GC freed 1931(91KB) AllocSpace objects, 2(40KB) LOS objects, 28% free, 40MB/56MB, paused 599us total 31.445ms
08-04 15:16:59.428  7266  7280 I art     : Starting a blocking GC Explicit
08-04 15:16:59.456  7266  7280 I art     : Explicit concurrent mark sweep GC freed 71(1616B) AllocSpace objects, 0(0B) LOS objects, 28% free, 40MB/56MB, paused 602us total 28.125ms
08-04 15:16:59.468  7266  7280 I art     : Starting a blocking GC Explicit
08-04 15:16:59.496  7266  7280 I art     : Explicit concurrent mark sweep GC freed 51(896B) AllocSpace objects, 0(0B) LOS objects, 28% free, 40MB/56MB, paused 611us total 27.849ms
08-04 15:16:59.509  7266  7280 I art     : Starting a blocking GC Explicit
08-04 15:16:59.537  7266  7280 I art     : Explicit concurrent mark sweep GC freed 75(1296B) AllocSpace objects, 0(0B) LOS objects, 28% free, 40MB/56MB, paused 572us total 27.429ms
08-04 15:16:59.549  7266  7280 I art     : Starting a blocking GC Explicit
08-04 15:16:59.577  7266  7280 I art     : Explicit concurrent mark sweep GC freed 51(896B) AllocSpace objects, 0(0B) LOS objects, 28% free, 40MB/56MB, paused 623us total 28.134ms
08-04 15:16:59.671  8249  8249 D AndroidRuntime: >>>>>> START com.android.internal.os.RuntimeInit uid 2000 <<<<<<
08-04 15:16:59.677  8249  8249 D AndroidRuntime: CheckJNI is OFF
08-04 15:16:59.709  2486  2486 I ServiceManager: Waiting for service AtCmdFwd...
08-04 15:16:59.712  8249  8249 D ICU     : No timezone override file found: /data/misc/zoneinfo/current/icu/icu_tzdata.dat
08-04 15:16:59.731  5392  5440 I Finsky  : [5739] ktr.run(-1): Stats for Executor: BlockingExecutor kvs@20f81d3[Running, pool size = 0, active threads = 0, queued tasks = 0, completed tasks = 51]
08-04 15:16:59.732  5392  5440 I Finsky  : [5739] ktr.run(-1): Stats for Executor: LightweightExecutor kvs@65ac110[Running, pool size = 4, active threads = 0, queued tasks = 0, completed tasks = 76]
08-04 15:16:59.745  8249  8249 I Radio-JNI: register_android_hardware_Radio DONE
08-04 15:16:59.767  8249  8249 D AndroidRuntime: Calling main entry com.android.commands.input.Input
08-04 15:16:59.768  8249  8249 I Input   : injectMotionEvent: MotionEvent { action=ACTION_DOWN, actionButton=0, id[0]=0, x[0]=346.0, y[0]=709.0, toolType[0]=TOOL_TYPE_UNKNOWN, buttonState=0, metaState=0, flags=0x0, edgeFlags=0x0, pointerCount=1, historySize=0, eventTime=717436181, downTime=717436181, deviceId=0, source=0x1002 }
08-04 15:16:59.773  8249  8249 I Input   : injectMotionEvent: MotionEvent { action=ACTION_UP, actionButton=0, id[0]=0, x[0]=346.0, y[0]=709.0, toolType[0]=TOOL_TYPE_UNKNOWN, buttonState=0, metaState=0, flags=0x0, edgeFlags=0x0, pointerCount=1, historySize=0, eventTime=717436181, downTime=717436181, deviceId=0, source=0x1002 }
08-04 15:16:59.779   918  3961 I ActivityManager: START u0 {cmp=baseline.io.github.project_travel_mate/.destinations.description.FinalCityInfoActivity (has extras)} from uid 10650 on display 0
08-04 15:16:59.786  8249  8249 D AndroidRuntime: Shutting down VM
08-04 15:16:59.809  7266  7347 D Gabe    : call	returning from cache
08-04 15:16:59.828  7266  7266 V EXECUTING: https://project-travel-mate.herokuapp.com/api/get-city-weather/1
08-04 15:16:59.895  7266  7327 I art     : Starting a blocking GC Explicit
08-04 15:16:59.927  7266  7327 I art     : Explicit concurrent mark sweep GC freed 7113(443KB) AllocSpace objects, 2(40KB) LOS objects, 26% free, 44MB/60MB, paused 890us total 31.669ms
08-04 15:16:59.940  7266  7327 I art     : Starting a blocking GC Explicit
08-04 15:16:59.955   918   936 I ActivityManager: Displayed baseline.io.github.project_travel_mate/.destinations.description.FinalCityInfoActivity: +167ms
08-04 15:16:59.956 13866 13866 I GoogleInputMethodServic: GoogleInputMethodService.onFinishInput():3138 
08-04 15:16:59.957 13866 13866 I GoogleInputMethodServic: GoogleInputMethodService.onStartInput():1808 
08-04 15:16:59.970  7266  7327 I art     : Explicit concurrent mark sweep GC freed 667(30KB) AllocSpace objects, 0(0B) LOS objects, 26% free, 44MB/60MB, paused 923us total 29.593ms
08-04 15:16:59.983  7266  7327 I art     : Starting a blocking GC Explicit
08-04 15:17:00.015  7266  7327 I art     : Explicit concurrent mark sweep GC freed 34(1024B) AllocSpace objects, 0(0B) LOS objects, 26% free, 44MB/60MB, paused 964us total 32.014ms
08-04 15:17:00.028  7266  7327 I art     : Starting a blocking GC Explicit
08-04 15:17:00.061  7266  7327 I art     : Explicit concurrent mark sweep GC freed 101(2320B) AllocSpace objects, 0(0B) LOS objects, 26% free, 44MB/60MB, paused 1.004ms total 32.471ms
08-04 15:17:00.074  7266  7327 I art     : Starting a blocking GC Explicit
08-04 15:17:00.105  7266  7327 I art     : Explicit concurrent mark sweep GC freed 71(1344B) AllocSpace objects, 0(0B) LOS objects, 26% free, 44MB/60MB, paused 621us total 30.331ms
08-04 15:17:00.197   380   380 W SurfaceFlinger: couldn't log to binary event log: overflow.
08-04 15:17:00.299  5392  5440 I Finsky  : [5739] ktr.run(-1): Stats for Executor: bgExecutor kvs@dd74409[Running, pool size = 4, active threads = 0, queued tasks = 0, completed tasks = 167]
08-04 15:17:00.386  7266  8278 I NAPPA_EXPERIMENTATION: MetricNetworkRequestExecutionTime: REQUEST_DURATION_SYSTEM='557',REQUEST_DURATION_OKHTTP='30',REQUEST_SYNCHRONOUS='FALSE',RESPONSE_CODE='200',RESPONSE_METHOD='GET',RESPONSE_LENGTH_OKHTTP='530',RESPONSE_LENGTH_HEADER='530',REQUEST_PROTOCOL='http/1.1',REQUEST_URL='https://project-travel-mate.herokuapp.com/api/get-city/1',
08-04 15:17:00.429  7266  8278 V Response: {"id":1,"city_name":"Delhi","description":"Delhi, officially the National Capital Territory of Delhi, is the Capital territory of India. During the British Raj, Delhi was part of the province of Punjab and is still historically and culturally connected to the Punjab region.","latitude":"28.613900","longitude":"77.209000","facts_count":6,"images":["https://upload.wikimedia.org/wikipedia/commons/9/94/%E0%B4%96%E0%B5%81%E0%B4%A4%E0%B5%8D%E0%B4%AC%E0%B5%8D_%E0%B4%AE%E0%B4%BF%E0%B4%A8%E0%B4%BE%E0%B5%BC1.jpg"],"has_visited":false}
08-04 15:17:00.430  7266  7326 I art     : Starting a blocking GC Explicit
08-04 15:17:00.460  7266  7326 I art     : Explicit concurrent mark sweep GC freed 5195(254KB) AllocSpace objects, 5(240KB) LOS objects, 26% free, 45MB/61MB, paused 815us total 30.424ms
08-04 15:17:00.473  7266  7326 I art     : Starting a blocking GC Explicit
08-04 15:17:00.502  7266  7326 I art     : Explicit concurrent mark sweep GC freed 1240(127KB) AllocSpace objects, 0(0B) LOS objects, 26% free, 45MB/61MB, paused 941us total 28.531ms
08-04 15:17:00.514  7266  7326 I art     : Starting a blocking GC Explicit
08-04 15:17:00.543  7266  7326 I art     : Explicit concurrent mark sweep GC freed 191(4KB) AllocSpace objects, 1(4MB) LOS objects, 28% free, 41MB/57MB, paused 587us total 28.468ms
08-04 15:17:00.555  7266  7326 I art     : Starting a blocking GC Explicit
08-04 15:17:00.583  7266  7326 I art     : Explicit concurrent mark sweep GC freed 155(2768B) AllocSpace objects, 0(0B) LOS objects, 28% free, 41MB/57MB, paused 683us total 27.990ms
08-04 15:17:00.595  7266  7326 I art     : Starting a blocking GC Explicit
08-04 15:17:00.627  7266  7326 I art     : Explicit concurrent mark sweep GC freed 100(1728B) AllocSpace objects, 0(0B) LOS objects, 28% free, 41MB/57MB, paused 729us total 31.375ms
08-04 15:17:00.709  2486  2486 I ServiceManager: Waiting for service AtCmdFwd...
08-04 15:17:00.879  7266  8277 I NAPPA_EXPERIMENTATION: MetricNetworkRequestExecutionTime: REQUEST_DURATION_SYSTEM='1049',REQUEST_DURATION_OKHTTP='33',REQUEST_SYNCHRONOUS='FALSE',RESPONSE_CODE='200',RESPONSE_METHOD='GET',RESPONSE_LENGTH_OKHTTP='238',RESPONSE_LENGTH_HEADER='238',REQUEST_PROTOCOL='http/1.1',REQUEST_URL='https://project-travel-mate.herokuapp.com/api/get-city-weather/1',
08-04 15:17:00.969  7266  7280 I art     : Starting a blocking GC Explicit
08-04 15:17:01.002  7266  7280 I art     : Explicit concurrent mark sweep GC freed 6009(273KB) AllocSpace objects, 2(40KB) LOS objects, 28% free, 41MB/57MB, paused 782us total 32.640ms
08-04 15:17:01.015  7266  7280 I art     : Starting a blocking GC Explicit
08-04 15:17:01.048  7266  7280 I art     : Explicit concurrent mark sweep GC freed 184(4KB) AllocSpace objects, 0(0B) LOS objects, 28% free, 41MB/57MB, paused 620us total 32.779ms
08-04 15:17:01.060  7266  7280 I art     : Starting a blocking GC Explicit
08-04 15:17:01.092  7266  7280 I art     : Explicit concurrent mark sweep GC freed 152(2752B) AllocSpace objects, 0(0B) LOS objects, 28% free, 41MB/57MB, paused 594us total 31.071ms
08-04 15:17:01.105  7266  7280 I art     : Starting a blocking GC Explicit
08-04 15:17:01.137  7266  7280 I art     : Explicit concurrent mark sweep GC freed 147(2496B) AllocSpace objects, 0(0B) LOS objects, 28% free, 41MB/57MB, paused 691us total 32.018ms
08-04 15:17:01.150  7266  7280 I art     : Starting a blocking GC Explicit
08-04 15:17:01.183  7266  7280 I art     : Explicit concurrent mark sweep GC freed 125(2128B) AllocSpace objects, 0(0B) LOS objects, 28% free, 41MB/57MB, paused 818us total 32.756ms
08-04 15:17:01.531  7266  7279 I art     : Starting a blocking GC Explicit
08-04 15:17:01.565  7266  7279 I art     : Explicit concurrent mark sweep GC freed 2504(100KB) AllocSpace objects, 2(40KB) LOS objects, 28% free, 41MB/57MB, paused 639us total 32.938ms
08-04 15:17:01.580  7266  7279 I art     : Starting a blocking GC Explicit
08-04 15:17:01.612  7266  7279 I art     : Explicit concurrent mark sweep GC freed 167(3KB) AllocSpace objects, 0(0B) LOS objects, 28% free, 41MB/57MB, paused 616us total 31.664ms
08-04 15:17:01.625  7266  7279 I art     : Starting a blocking GC Explicit
08-04 15:17:01.657  7266  7279 I art     : Explicit concurrent mark sweep GC freed 147(2496B) AllocSpace objects, 0(0B) LOS objects, 28% free, 41MB/57MB, paused 627us total 31.466ms
08-04 15:17:01.669  7266  7279 I art     : Starting a blocking GC Explicit
08-04 15:17:01.701  7266  7279 I art     : Explicit concurrent mark sweep GC freed 146(2464B) AllocSpace objects, 0(0B) LOS objects, 28% free, 41MB/57MB, paused 686us total 31.431ms
08-04 15:17:01.709  2486  2486 W Atfwd_Sendcmd: AtCmdFwd service not published, waiting... retryCnt : 4
08-04 15:17:01.714  7266  7279 I art     : Starting a blocking GC Explicit
08-04 15:17:01.747  7266  7279 I art     : Explicit concurrent mark sweep GC freed 100(1728B) AllocSpace objects, 0(0B) LOS objects, 28% free, 41MB/57MB, paused 696us total 32.758ms
08-04 15:17:02.107  7266  7327 I art     : Starting a blocking GC Explicit
08-04 15:17:02.139  7266  7327 I art     : Explicit concurrent mark sweep GC freed 2580(101KB) AllocSpace objects, 2(40KB) LOS objects, 28% free, 41MB/57MB, paused 642us total 31.731ms
08-04 15:17:02.152  7266  7327 I art     : Starting a blocking GC Explicit
08-04 15:17:02.161 32365 32505 E GoogleConversionReporter: Error sending ping
08-04 15:17:02.161 32365 32505 E GoogleConversionReporter: bljc: Exception in CronetUrlRequest: net::ERR_CONNECTION_CLOSED, ErrorCode=5, InternalErrorCode=-100, Retryable=true
08-04 15:17:02.161 32365 32505 E GoogleConversionReporter: 	at org.chromium.net.impl.CronetUrlRequest.onError(PG:55)
08-04 15:17:02.183  7266  7327 I art     : Explicit concurrent mark sweep GC freed 118(2384B) AllocSpace objects, 0(0B) LOS objects, 28% free, 41MB/57MB, paused 702us total 30.710ms
08-04 15:17:02.196  7266  7327 I art     : Starting a blocking GC Explicit
08-04 15:17:02.227  7266  7327 I art     : Explicit concurrent mark sweep GC freed 147(2496B) AllocSpace objects, 0(0B) LOS objects, 28% free, 41MB/57MB, paused 749us total 31.575ms
08-04 15:17:02.240  7266  7327 I art     : Starting a blocking GC Explicit
08-04 15:17:02.272  7266  7327 I art     : Explicit concurrent mark sweep GC freed 147(2496B) AllocSpace objects, 0(0B) LOS objects, 28% free, 41MB/57MB, paused 629us total 31.902ms
08-04 15:17:02.286  7266  7327 I art     : Starting a blocking GC Explicit
08-04 15:17:02.318  7266  7327 I art     : Explicit concurrent mark sweep GC freed 141(2368B) AllocSpace objects, 0(0B) LOS objects, 28% free, 41MB/57MB, paused 792us total 32.599ms
08-04 15:17:02.703  7266  7326 I art     : Starting a blocking GC Explicit
08-04 15:17:02.738  7266  7326 I art     : Explicit concurrent mark sweep GC freed 2633(102KB) AllocSpace objects, 2(40KB) LOS objects, 28% free, 41MB/57MB, paused 725us total 33.739ms
08-04 15:17:02.751  7266  7326 I art     : Starting a blocking GC Explicit
08-04 15:17:02.778  7266  7326 I art     : Explicit concurrent mark sweep GC freed 117(2352B) AllocSpace objects, 0(0B) LOS objects, 28% free, 41MB/57MB, paused 587us total 27.504ms
08-04 15:17:02.790  7266  7326 I art     : Starting a blocking GC Explicit
08-04 15:17:02.818  7266  7326 I art     : Explicit concurrent mark sweep GC freed 111(1904B) AllocSpace objects, 0(0B) LOS objects, 28% free, 41MB/57MB, paused 741us total 27.833ms
08-04 15:17:02.830  7266  7326 I art     : Starting a blocking GC Explicit
08-04 15:17:02.858  7266  7326 I art     : Explicit concurrent mark sweep GC freed 142(2720B) AllocSpace objects, 0(0B) LOS objects, 28% free, 41MB/57MB, paused 614us total 27.619ms
08-04 15:17:02.870  7266  7326 I art     : Starting a blocking GC Explicit
08-04 15:17:02.897  7266  7326 I art     : Explicit concurrent mark sweep GC freed 109(2176B) AllocSpace objects, 0(0B) LOS objects, 28% free, 41MB/57MB, paused 571us total 27.542ms
08-04 15:17:03.248  7266  7280 I art     : Starting a blocking GC Explicit
08-04 15:17:03.279  7266  7280 I art     : Explicit concurrent mark sweep GC freed 2538(101KB) AllocSpace objects, 2(40KB) LOS objects, 28% free, 41MB/57MB, paused 613us total 30.974ms
08-04 15:17:03.292  7266  7280 I art     : Starting a blocking GC Explicit
08-04 15:17:03.323  7266  7280 I art     : Explicit concurrent mark sweep GC freed 166(3KB) AllocSpace objects, 0(0B) LOS objects, 28% free, 41MB/57MB, paused 627us total 31.075ms
08-04 15:17:03.336  7266  7280 I art     : Starting a blocking GC Explicit
08-04 15:17:03.368  7266  7280 I art     : Explicit concurrent mark sweep GC freed 117(1984B) AllocSpace objects, 0(0B) LOS objects, 28% free, 41MB/57MB, paused 772us total 32.236ms
08-04 15:17:03.381  7266  7280 I art     : Starting a blocking GC Explicit
08-04 15:17:03.413  7266  7280 I art     : Explicit concurrent mark sweep GC freed 129(2208B) AllocSpace objects, 0(0B) LOS objects, 28% free, 41MB/57MB, paused 630us total 31.359ms
08-04 15:17:03.426  7266  7280 I art     : Starting a blocking GC Explicit
08-04 15:17:03.458  7266  7280 I art     : Explicit concurrent mark sweep GC freed 147(2496B) AllocSpace objects, 0(0B) LOS objects, 28% free, 41MB/57MB, paused 637us total 31.498ms
08-04 15:17:03.691   918  3188 I hubconnection: sensorhub said: 'set_bias 3: -6.0384, 0.0000, 0.0000'
08-04 15:17:03.833  7266  7279 I art     : Starting a blocking GC Explicit
08-04 15:17:03.836   918  3261 D WifiStateMachine: starting scan for "H369AA63323"WPA_PSK with 2412,5180
08-04 15:17:03.866  7266  7279 I art     : Explicit concurrent mark sweep GC freed 2579(101KB) AllocSpace objects, 2(40KB) LOS objects, 28% free, 41MB/57MB, paused 593us total 33ms
08-04 15:17:03.879  7266  7279 I art     : Starting a blocking GC Explicit
08-04 15:17:03.909  7266  7279 I art     : Explicit concurrent mark sweep GC freed 166(3KB) AllocSpace objects, 0(0B) LOS objects, 28% free, 41MB/57MB, paused 641us total 30.576ms
08-04 15:17:03.922  7266  7279 I art     : Starting a blocking GC Explicit
08-04 15:17:03.954  7266  7279 I art     : Explicit concurrent mark sweep GC freed 146(2464B) AllocSpace objects, 0(0B) LOS objects, 28% free, 41MB/57MB, paused 691us total 31.294ms
08-04 15:17:03.967  7266  7279 I art     : Starting a blocking GC Explicit
08-04 15:17:03.999  7266  7279 I art     : Explicit concurrent mark sweep GC freed 105(2096B) AllocSpace objects, 0(0B) LOS objects, 28% free, 41MB/57MB, paused 619us total 31.745ms
08-04 15:17:04.012  7266  7279 I art     : Starting a blocking GC Explicit
08-04 15:17:04.043  7266  7279 I art     : Explicit concurrent mark sweep GC freed 171(3KB) AllocSpace objects, 0(0B) LOS objects, 28% free, 41MB/57MB, paused 611us total 31.225ms
08-04 15:17:04.392  7266  7326 I art     : Starting a blocking GC Explicit
08-04 15:17:04.422  7266  7326 I art     : Explicit concurrent mark sweep GC freed 2535(101KB) AllocSpace objects, 2(40KB) LOS objects, 28% free, 41MB/57MB, paused 643us total 30.365ms
08-04 15:17:04.434  8353  8353 D AndroidRuntime: >>>>>> START com.android.internal.os.RuntimeInit uid 2000 <<<<<<
08-04 15:17:04.435  7266  7326 I art     : Starting a blocking GC Explicit
08-04 15:17:04.440  8353  8353 D AndroidRuntime: CheckJNI is OFF
08-04 15:17:04.463  7266  7326 I art     : Explicit concurrent mark sweep GC freed 117(2352B) AllocSpace objects, 0(0B) LOS objects, 28% free, 41MB/57MB, paused 622us total 28.207ms
08-04 15:17:04.473  8353  8353 D ICU     : No timezone override file found: /data/misc/zoneinfo/current/icu/icu_tzdata.dat
08-04 15:17:04.475  7266  7326 I art     : Starting a blocking GC Explicit
08-04 15:17:04.505  7266  7326 I art     : Explicit concurrent mark sweep GC freed 148(2528B) AllocSpace objects, 0(0B) LOS objects, 28% free, 41MB/57MB, paused 701us total 29.655ms
08-04 15:17:04.507  8353  8353 I Radio-JNI: register_android_hardware_Radio DONE
08-04 15:17:04.517  7266  7326 I art     : Starting a blocking GC Explicit
08-04 15:17:04.529  8353  8353 D AndroidRuntime: Calling main entry com.android.commands.input.Input
08-04 15:17:04.531  8353  8353 I Input   : injectMotionEvent: MotionEvent { action=ACTION_DOWN, actionButton=0, id[0]=0, x[0]=693.0, y[0]=1450.0, toolType[0]=TOOL_TYPE_UNKNOWN, buttonState=0, metaState=0, flags=0x0, edgeFlags=0x0, pointerCount=1, historySize=0, eventTime=717440944, downTime=717440944, deviceId=0, source=0x1002 }
08-04 15:17:04.539  8353  8353 I Input   : injectMotionEvent: MotionEvent { action=ACTION_UP, actionButton=0, id[0]=0, x[0]=693.0, y[0]=1450.0, toolType[0]=TOOL_TYPE_UNKNOWN, buttonState=0, metaState=0, flags=0x0, edgeFlags=0x0, pointerCount=1, historySize=0, eventTime=717440944, downTime=717440944, deviceId=0, source=0x1002 }
08-04 15:17:04.540  8353  8353 D AndroidRuntime: Shutting down VM
08-04 15:17:04.540   918  6110 I ActivityManager: START u0 {cmp=baseline.io.github.project_travel_mate/.destinations.description.CityHistoryActivity} from uid 10650 on display 0
08-04 15:17:04.542   512  2967 D audio_hw_primary: out_set_parameters: enter: usecase(1: low-latency-playback) kvpairs: routing=2
08-04 15:17:04.547  7266  7326 I art     : Explicit concurrent mark sweep GC freed 100(1712B) AllocSpace objects, 0(0B) LOS objects, 28% free, 41MB/57MB, paused 816us total 29.824ms
08-04 15:17:04.554   512  2967 D audio_hw_primary: select_devices: out_snd_device(2: speaker) in_snd_device(0: none)
08-04 15:17:04.555   512  2967 D msm8974_platform: platform_send_audio_calibration: sending audio calibration for snd_device(2) acdb_id(15)
08-04 15:17:04.555   512  2967 I soundtrigger: audio_extn_sound_trigger_update_device_status: device 0x2 of type 0 for Event 1
08-04 15:17:04.563  7266  7326 I art     : Starting a blocking GC Explicit
08-04 15:17:04.564   512  2967 D audio_hw_primary: enable_snd_device: snd_device(2: speaker)
08-04 15:17:04.567   512  2967 D audio_hw_primary: enable_audio_route: apply and update mixer path: low-latency-playback speaker
08-04 15:17:04.568  7266  7347 D Gabe    : call	returning from cache
08-04 15:17:04.569  7266  7266 V EXECUTING: https://project-travel-mate.herokuapp.com/api/get-city-information/1
08-04 15:17:04.592  7266  7326 I art     : Explicit concurrent mark sweep GC freed 574(44KB) AllocSpace objects, 0(0B) LOS objects, 28% free, 41MB/57MB, paused 640us total 28.947ms
08-04 15:17:04.691 13866 13866 I GoogleInputMethodServic: GoogleInputMethodService.onFinishInput():3138 
08-04 15:17:04.691 13866 13866 I GoogleInputMethodServic: GoogleInputMethodService.onStartInput():1808 
08-04 15:17:04.693   918   936 I ActivityManager: Displayed baseline.io.github.project_travel_mate/.destinations.description.CityHistoryActivity: +144ms
08-04 15:17:04.887  7266  7280 I art     : Starting a blocking GC Explicit
08-04 15:17:04.934  7266  7280 I art     : Explicit concurrent mark sweep GC freed 3104(125KB) AllocSpace objects, 2(40KB) LOS objects, 26% free, 45MB/61MB, paused 958us total 47.554ms
08-04 15:17:04.936   380   380 W SurfaceFlinger: couldn't log to binary event log: overflow.
08-04 15:17:04.955  7266  7280 I art     : Starting a blocking GC Explicit
08-04 15:17:04.986  7266  7280 I art     : Explicit concurrent mark sweep GC freed 272(5KB) AllocSpace objects, 0(0B) LOS objects, 26% free, 45MB/61MB, paused 809us total 31.104ms
08-04 15:17:04.999  7266  7280 I art     : Starting a blocking GC Explicit
08-04 15:17:05.028  7266  7280 I art     : Explicit concurrent mark sweep GC freed 219(3KB) AllocSpace objects, 0(0B) LOS objects, 26% free, 45MB/61MB, paused 622us total 28.751ms
08-04 15:17:05.040  7266  7280 I art     : Starting a blocking GC Explicit
08-04 15:17:05.074  7266  7280 I art     : Explicit concurrent mark sweep GC freed 186(3KB) AllocSpace objects, 0(0B) LOS objects, 26% free, 45MB/61MB, paused 940us total 33.320ms
08-04 15:17:05.086  7266  7280 I art     : Starting a blocking GC Explicit
08-04 15:17:05.108   512  2967 D audio_hw_primary: disable_audio_route: reset and update mixer path: low-latency-playback speaker
08-04 15:17:05.109   512  2967 D audio_hw_primary: disable_snd_device: snd_device(2: speaker)
08-04 15:17:05.117   512  2967 I soundtrigger: audio_extn_sound_trigger_update_device_status: device 0x2 of type 0 for Event 0
08-04 15:17:05.117  7266  7280 I art     : Explicit concurrent mark sweep GC freed 31(592B) AllocSpace objects, 0(0B) LOS objects, 26% free, 45MB/61MB, paused 852us total 30.343ms
08-04 15:17:05.396  7266  8377 I NAPPA_EXPERIMENTATION: MetricNetworkRequestExecutionTime: REQUEST_DURATION_SYSTEM='826',REQUEST_DURATION_OKHTTP='31',REQUEST_SYNCHRONOUS='FALSE',RESPONSE_CODE='200',RESPONSE_METHOD='GET',RESPONSE_LENGTH_OKHTTP='55024',RESPONSE_LENGTH_HEADER='55024',REQUEST_PROTOCOL='http/1.1',REQUEST_URL='https://project-travel-mate.herokuapp.com/api/get-city-information/1',
08-04 15:17:05.440  7266  7327 I art     : Starting a blocking GC Explicit
08-04 15:17:05.471  7266  7327 I art     : Explicit concurrent mark sweep GC freed 5082(245KB) AllocSpace objects, 8(512KB) LOS objects, 25% free, 45MB/61MB, paused 892us total 31.060ms
08-04 15:17:05.483  7266  7327 I art     : Starting a blocking GC Explicit
08-04 15:17:05.509 13866 13866 I GoogleInputMethodServic: GoogleInputMethodService.onFinishInput():3138 
08-04 15:17:05.510 13866 13866 I GoogleInputMethodServic: GoogleInputMethodService.onStartInput():1808 
08-04 15:17:05.513  7266  7327 I art     : Explicit concurrent mark sweep GC freed 2279(1326KB) AllocSpace objects, 16(408KB) LOS objects, 25% free, 45MB/61MB, paused 735us total 29.745ms
08-04 15:17:05.525  7266  7327 I art     : Starting a blocking GC Explicit
08-04 15:17:05.557  7266  7327 I art     : Explicit concurrent mark sweep GC freed 344(7KB) AllocSpace objects, 1(4MB) LOS objects, 27% free, 41MB/57MB, paused 628us total 31.089ms
08-04 15:17:05.569  7266  7327 I art     : Starting a blocking GC Explicit
08-04 15:17:05.602  7266  7327 I art     : Explicit concurrent mark sweep GC freed 149(2560B) AllocSpace objects, 0(0B) LOS objects, 27% free, 41MB/57MB, paused 638us total 32.992ms
08-04 15:17:05.615  7266  7327 I art     : Starting a blocking GC Explicit
08-04 15:17:05.650  7266  7327 I art     : Explicit concurrent mark sweep GC freed 220(3KB) AllocSpace objects, 0(0B) LOS objects, 27% free, 41MB/57MB, paused 686us total 34.515ms
08-04 15:17:05.996  7266  7279 I art     : Starting a blocking GC Explicit
08-04 15:17:06.033  7266  7279 I art     : Explicit concurrent mark sweep GC freed 3096(110KB) AllocSpace objects, 2(40KB) LOS objects, 27% free, 41MB/57MB, paused 647us total 36.741ms
08-04 15:17:06.047  7266  7279 I art     : Starting a blocking GC Explicit
08-04 15:17:06.081  7266  7279 I art     : Explicit concurrent mark sweep GC freed 254(5KB) AllocSpace objects, 0(0B) LOS objects, 27% free, 41MB/57MB, paused 661us total 33.824ms
08-04 15:17:06.093  7266  7279 I art     : Starting a blocking GC Explicit
08-04 15:17:06.128  7266  7279 I art     : Explicit concurrent mark sweep GC freed 219(3KB) AllocSpace objects, 0(0B) LOS objects, 27% free, 41MB/57MB, paused 706us total 33.946ms
08-04 15:17:06.141  7266  7279 I art     : Starting a blocking GC Explicit
08-04 15:17:06.176  7266  7279 I art     : Explicit concurrent mark sweep GC freed 219(3KB) AllocSpace objects, 0(0B) LOS objects, 27% free, 41MB/57MB, paused 663us total 34.953ms
08-04 15:17:06.190  7266  7279 I art     : Starting a blocking GC Explicit
08-04 15:17:06.229  7266  7279 I art     : Explicit concurrent mark sweep GC freed 224(3KB) AllocSpace objects, 0(0B) LOS objects, 27% free, 41MB/57MB, paused 790us total 38.422ms
08-04 15:17:06.609  7266  7327 I art     : Starting a blocking GC Explicit
08-04 15:17:06.647  7266  7327 I art     : Explicit concurrent mark sweep GC freed 3252(113KB) AllocSpace objects, 2(40KB) LOS objects, 27% free, 41MB/57MB, paused 681us total 37.372ms
08-04 15:17:06.662  7266  7327 I art     : Starting a blocking GC Explicit
08-04 15:17:06.695  7266  7327 I art     : Explicit concurrent mark sweep GC freed 238(4KB) AllocSpace objects, 0(0B) LOS objects, 27% free, 41MB/57MB, paused 596us total 32.409ms
08-04 15:17:06.707  7266  7327 I art     : Starting a blocking GC Explicit
08-04 15:17:06.741  7266  7327 I art     : Explicit concurrent mark sweep GC freed 218(3KB) AllocSpace objects, 0(0B) LOS objects, 27% free, 41MB/57MB, paused 704us total 33.109ms
08-04 15:17:06.753  7266  7327 I art     : Starting a blocking GC Explicit
08-04 15:17:06.788  7266  7327 I art     : Explicit concurrent mark sweep GC freed 147(2496B) AllocSpace objects, 0(0B) LOS objects, 27% free, 41MB/57MB, paused 706us total 34.020ms
08-04 15:17:06.801  7266  7327 I art     : Starting a blocking GC Explicit
08-04 15:17:06.834  7266  7327 I art     : Explicit concurrent mark sweep GC freed 220(3KB) AllocSpace objects, 0(0B) LOS objects, 27% free, 41MB/57MB, paused 650us total 32.915ms
08-04 15:17:07.034   518   646 I ThermalEngine: ACTION: GPU - Setting GPU[0] to 450000000
08-04 15:17:07.254  7266  7279 I art     : Starting a blocking GC Explicit
08-04 15:17:07.302  7266  7279 I art     : Explicit concurrent mark sweep GC freed 3454(116KB) AllocSpace objects, 2(40KB) LOS objects, 27% free, 41MB/57MB, paused 856us total 47.721ms
08-04 15:17:07.322  7266  7279 I art     : Starting a blocking GC Explicit
08-04 15:17:07.368  7266  7279 I art     : Explicit concurrent mark sweep GC freed 320(5KB) AllocSpace objects, 0(0B) LOS objects, 27% free, 41MB/57MB, paused 972us total 45.560ms
08-04 15:17:07.385  7266  7279 I art     : Starting a blocking GC Explicit
08-04 15:17:07.429  7266  7279 I art     : Explicit concurrent mark sweep GC freed 292(4KB) AllocSpace objects, 0(0B) LOS objects, 27% free, 41MB/57MB, paused 856us total 44.083ms
08-04 15:17:07.446  7266  7279 I art     : Starting a blocking GC Explicit
08-04 15:17:07.492  7266  7279 I art     : Explicit concurrent mark sweep GC freed 284(4KB) AllocSpace objects, 0(0B) LOS objects, 27% free, 41MB/57MB, paused 1.024ms total 45.415ms
08-04 15:17:07.510  7266  7279 I art     : Starting a blocking GC Explicit
08-04 15:17:07.555  7266  7279 I art     : Explicit concurrent mark sweep GC freed 226(3KB) AllocSpace objects, 0(0B) LOS objects, 27% free, 41MB/57MB, paused 852us total 45.125ms
08-04 15:17:07.985  7266  7280 I art     : Starting a blocking GC Explicit
08-04 15:17:08.034  7266  7280 I art     : Explicit concurrent mark sweep GC freed 3516(117KB) AllocSpace objects, 2(40KB) LOS objects, 27% free, 41MB/57MB, paused 883us total 48.375ms
08-04 15:17:08.042   518   646 I ThermalEngine: ACTION: GPU - Setting GPU[0] to 510000000
08-04 15:17:08.056  7266  7280 I art     : Starting a blocking GC Explicit
08-04 15:17:08.094  7266  7280 I art     : Explicit concurrent mark sweep GC freed 309(5KB) AllocSpace objects, 0(0B) LOS objects, 27% free, 41MB/57MB, paused 684us total 37.784ms
08-04 15:17:08.107  7266  7280 I art     : Starting a blocking GC Explicit
08-04 15:17:08.141  7266  7280 I art     : Explicit concurrent mark sweep GC freed 185(3KB) AllocSpace objects, 0(0B) LOS objects, 27% free, 41MB/57MB, paused 774us total 33.401ms
08-04 15:17:08.154  7266  7280 I art     : Starting a blocking GC Explicit
08-04 15:17:08.187  7266  7280 I art     : Explicit concurrent mark sweep GC freed 182(3KB) AllocSpace objects, 0(0B) LOS objects, 27% free, 41MB/57MB, paused 673us total 33.204ms
08-04 15:17:08.200  7266  7280 I art     : Starting a blocking GC Explicit
08-04 15:17:08.233  7266  7280 I art     : Explicit concurrent mark sweep GC freed 219(3KB) AllocSpace objects, 0(0B) LOS objects, 27% free, 41MB/57MB, paused 645us total 33.038ms
08-04 15:17:08.609  7266  7326 I art     : Starting a blocking GC Explicit
08-04 15:17:08.647  7266  7326 I art     : Explicit concurrent mark sweep GC freed 3228(112KB) AllocSpace objects, 2(40KB) LOS objects, 27% free, 41MB/57MB, paused 659us total 37.143ms
08-04 15:17:08.662  7266  7326 I art     : Starting a blocking GC Explicit
08-04 15:17:08.696  7266  7326 I art     : Explicit concurrent mark sweep GC freed 238(4KB) AllocSpace objects, 0(0B) LOS objects, 27% free, 41MB/57MB, paused 636us total 33.309ms
08-04 15:17:08.709  7266  7326 I art     : Starting a blocking GC Explicit
08-04 15:17:08.743  7266  7326 I art     : Explicit concurrent mark sweep GC freed 218(3KB) AllocSpace objects, 0(0B) LOS objects, 27% free, 41MB/57MB, paused 687us total 34.143ms
08-04 15:17:08.756  7266  7326 I art     : Starting a blocking GC Explicit
08-04 15:17:08.791  7266  7326 I art     : Explicit concurrent mark sweep GC freed 152(2576B) AllocSpace objects, 0(0B) LOS objects, 27% free, 41MB/57MB, paused 816us total 33.989ms
08-04 15:17:08.804  7266  7326 I art     : Starting a blocking GC Explicit
08-04 15:17:08.834  7266  7326 I art     : Explicit concurrent mark sweep GC freed 215(3KB) AllocSpace objects, 0(0B) LOS objects, 27% free, 41MB/57MB, paused 585us total 30.223ms
08-04 15:17:09.154  7266  7327 I art     : Starting a blocking GC Explicit
08-04 15:17:09.188  7266  7327 I art     : Explicit concurrent mark sweep GC freed 2952(108KB) AllocSpace objects, 2(40KB) LOS objects, 27% free, 41MB/57MB, paused 737us total 33.081ms
08-04 15:17:09.201  7266  7327 I art     : Starting a blocking GC Explicit
08-04 15:17:09.204  8449  8449 D AndroidRuntime: >>>>>> START com.android.internal.os.RuntimeInit uid 2000 <<<<<<
08-04 15:17:09.209  8449  8449 D AndroidRuntime: CheckJNI is OFF
08-04 15:17:09.234  7266  7327 I art     : Explicit concurrent mark sweep GC freed 248(4KB) AllocSpace objects, 0(0B) LOS objects, 27% free, 41MB/57MB, paused 670us total 33.017ms
08-04 15:17:09.246  8449  8449 D ICU     : No timezone override file found: /data/misc/zoneinfo/current/icu/icu_tzdata.dat
08-04 15:17:09.246  7266  7327 I art     : Starting a blocking GC Explicit
08-04 15:17:09.278  7266  7327 I art     : Explicit concurrent mark sweep GC freed 219(3KB) AllocSpace objects, 0(0B) LOS objects, 27% free, 41MB/57MB, paused 707us total 31.742ms
08-04 15:17:09.281  8449  8449 I Radio-JNI: register_android_hardware_Radio DONE
08-04 15:17:09.291  7266  7327 I art     : Starting a blocking GC Explicit
08-04 15:17:09.303  8449  8449 D AndroidRuntime: Calling main entry com.android.commands.input.Input
08-04 15:17:09.305  8449  8449 I Input   : injectKeyEvent: KeyEvent { action=ACTION_DOWN, keyCode=KEYCODE_BACK, scanCode=0, metaState=0, flags=0x0, repeatCount=0, eventTime=717445718, downTime=717445718, deviceId=-1, source=0x101 }
08-04 15:17:09.311  8449  8449 I Input   : injectKeyEvent: KeyEvent { action=ACTION_UP, keyCode=KEYCODE_BACK, scanCode=0, metaState=0, flags=0x0, repeatCount=0, eventTime=717445718, downTime=717445718, deviceId=-1, source=0x101 }
08-04 15:17:09.317  8449  8449 D AndroidRuntime: Shutting down VM
08-04 15:17:09.323  7266  7327 I art     : Explicit concurrent mark sweep GC freed 170(3KB) AllocSpace objects, 0(0B) LOS objects, 27% free, 41MB/57MB, paused 753us total 31.787ms
08-04 15:17:09.336  7266  7327 I art     : Starting a blocking GC Explicit
08-04 15:17:09.349 13866 13866 I GoogleInputMethodServic: GoogleInputMethodService.onFinishInput():3138 
08-04 15:17:09.350 13866 13866 I GoogleInputMethodServic: GoogleInputMethodService.onStartInput():1808 
08-04 15:17:09.367  7266  7327 I art     : Explicit concurrent mark sweep GC freed 245(5KB) AllocSpace objects, 0(0B) LOS objects, 27% free, 41MB/57MB, paused 855us total 30.927ms
08-04 15:17:09.640   380   380 W SurfaceFlinger: couldn't log to binary event log: overflow.
08-04 15:17:09.687  7266  7326 I art     : Starting a blocking GC Explicit
08-04 15:17:09.722  7266  7326 I art     : Explicit concurrent mark sweep GC freed 2904(108KB) AllocSpace objects, 4(404KB) LOS objects, 27% free, 41MB/57MB, paused 657us total 34.443ms
08-04 15:17:09.734  7266  7326 I art     : Starting a blocking GC Explicit
08-04 15:17:09.767  7266  7326 I art     : Explicit concurrent mark sweep GC freed 4862(341KB) AllocSpace objects, 7(132KB) LOS objects, 28% free, 40MB/56MB, paused 634us total 32.142ms
08-04 15:17:09.779  7266  7326 I art     : Starting a blocking GC Explicit
08-04 15:17:09.811  7266  7326 I art     : Explicit concurrent mark sweep GC freed 151(2688B) AllocSpace objects, 0(0B) LOS objects, 28% free, 40MB/56MB, paused 614us total 31.938ms
08-04 15:17:09.824  7266  7326 I art     : Starting a blocking GC Explicit
08-04 15:17:09.857  7266  7326 I art     : Explicit concurrent mark sweep GC freed 98(1664B) AllocSpace objects, 0(0B) LOS objects, 28% free, 40MB/56MB, paused 649us total 32.332ms
08-04 15:17:09.870  7266  7326 I art     : Starting a blocking GC Explicit
08-04 15:17:09.903  7266  7326 I art     : Explicit concurrent mark sweep GC freed 148(2528B) AllocSpace objects, 0(0B) LOS objects, 28% free, 40MB/56MB, paused 639us total 32.652ms
08-04 15:17:10.230  7266  7326 I art     : Starting a blocking GC Explicit
08-04 15:17:10.264  7266  7326 I art     : Explicit concurrent mark sweep GC freed 2506(101KB) AllocSpace objects, 2(40KB) LOS objects, 28% free, 40MB/56MB, paused 619us total 33.587ms
08-04 15:17:10.277  7266  7326 I art     : Starting a blocking GC Explicit
08-04 15:17:10.310  7266  7326 I art     : Explicit concurrent mark sweep GC freed 192(4KB) AllocSpace objects, 0(0B) LOS objects, 28% free, 40MB/56MB, paused 785us total 33.151ms
08-04 15:17:10.323  7266  7326 I art     : Starting a blocking GC Explicit
08-04 15:17:10.356  7266  7326 I art     : Explicit concurrent mark sweep GC freed 101(1744B) AllocSpace objects, 0(0B) LOS objects, 28% free, 40MB/56MB, paused 632us total 32.507ms
08-04 15:17:10.369  7266  7326 I art     : Starting a blocking GC Explicit
08-04 15:17:10.401  7266  7326 I art     : Explicit concurrent mark sweep GC freed 147(2496B) AllocSpace objects, 0(0B) LOS objects, 28% free, 40MB/56MB, paused 646us total 32.563ms
08-04 15:17:10.415  7266  7326 I art     : Starting a blocking GC Explicit
08-04 15:17:10.448  7266  7326 I art     : Explicit concurrent mark sweep GC freed 147(2496B) AllocSpace objects, 0(0B) LOS objects, 28% free, 40MB/56MB, paused 668us total 32.026ms
08-04 15:17:10.758  7266  7280 I art     : Starting a blocking GC Explicit
08-04 15:17:10.795  7266  7280 I art     : Explicit concurrent mark sweep GC freed 2412(99KB) AllocSpace objects, 2(40KB) LOS objects, 28% free, 40MB/56MB, paused 771us total 35.905ms
08-04 15:17:10.808  7266  7280 I art     : Starting a blocking GC Explicit
08-04 15:17:10.840  7266  7280 I art     : Explicit concurrent mark sweep GC freed 140(2768B) AllocSpace objects, 0(0B) LOS objects, 28% free, 40MB/56MB, paused 735us total 31.901ms
08-04 15:17:10.853  7266  7280 I art     : Starting a blocking GC Explicit
08-04 15:17:10.884  7266  7280 I art     : Explicit concurrent mark sweep GC freed 148(2528B) AllocSpace objects, 0(0B) LOS objects, 28% free, 40MB/56MB, paused 643us total 30.780ms
08-04 15:17:10.896  7266  7280 I art     : Starting a blocking GC Explicit
08-04 15:17:10.927  7266  7280 I art     : Explicit concurrent mark sweep GC freed 115(1952B) AllocSpace objects, 0(0B) LOS objects, 28% free, 40MB/56MB, paused 760us total 30.387ms
08-04 15:17:10.939  7266  7280 I art     : Starting a blocking GC Explicit
08-04 15:17:10.970  7266  7280 I art     : Explicit concurrent mark sweep GC freed 131(2240B) AllocSpace objects, 0(0B) LOS objects, 28% free, 40MB/56MB, paused 712us total 30.454ms
08-04 15:17:10.981  8492  8492 D AndroidRuntime: >>>>>> START com.android.internal.os.RuntimeInit uid 2000 <<<<<<
08-04 15:17:10.986  8492  8492 D AndroidRuntime: CheckJNI is OFF
08-04 15:17:11.020  8492  8492 D ICU     : No timezone override file found: /data/misc/zoneinfo/current/icu/icu_tzdata.dat
08-04 15:17:11.052  8492  8492 I Radio-JNI: register_android_hardware_Radio DONE
08-04 15:17:11.073  8492  8492 D AndroidRuntime: Calling main entry com.android.commands.input.Input
08-04 15:17:11.074  8492  8492 I Input   : injectKeyEvent: KeyEvent { action=ACTION_DOWN, keyCode=KEYCODE_BACK, scanCode=0, metaState=0, flags=0x0, repeatCount=0, eventTime=717447487, downTime=717447487, deviceId=-1, source=0x101 }
08-04 15:17:11.081  8492  8492 I Input   : injectKeyEvent: KeyEvent { action=ACTION_UP, keyCode=KEYCODE_BACK, scanCode=0, metaState=0, flags=0x0, repeatCount=0, eventTime=717447487, downTime=717447487, deviceId=-1, source=0x101 }
08-04 15:17:11.087  8492  8492 D AndroidRuntime: Shutting down VM
08-04 15:17:11.098  7266  7266 V MainActivity: url = https://project-travel-mate.herokuapp.com/api/number-of-unread-notifications
08-04 15:17:11.129 13866 13866 I GoogleInputMethodServic: GoogleInputMethodService.onFinishInput():3138 
08-04 15:17:11.130 13866 13866 I GoogleInputMethodServic: GoogleInputMethodService.onStartInput():1808 
08-04 15:17:11.267  7266  7280 I art     : Starting a blocking GC Explicit
08-04 15:17:11.302  7266  7280 I art     : Explicit concurrent mark sweep GC freed 2900(122KB) AllocSpace objects, 2(40KB) LOS objects, 28% free, 40MB/56MB, paused 717us total 34.930ms
08-04 15:17:11.315  7266  7280 I art     : Starting a blocking GC Explicit
08-04 15:17:11.346  7266  7280 I art     : Explicit concurrent mark sweep GC freed 246(6KB) AllocSpace objects, 0(0B) LOS objects, 28% free, 40MB/56MB, paused 709us total 30.872ms
08-04 15:17:11.359  7266  7280 I art     : Starting a blocking GC Explicit
08-04 15:17:11.393  7266  7280 I art     : Explicit concurrent mark sweep GC freed 100(1760B) AllocSpace objects, 0(0B) LOS objects, 28% free, 40MB/56MB, paused 780us total 33.661ms
08-04 15:17:11.409  7266  7280 I art     : Starting a blocking GC Explicit
08-04 15:17:11.426   380   380 W SurfaceFlinger: couldn't log to binary event log: overflow.
08-04 15:17:11.441  7266  7280 I art     : Explicit concurrent mark sweep GC freed 159(3040B) AllocSpace objects, 0(0B) LOS objects, 28% free, 40MB/56MB, paused 715us total 32.050ms
08-04 15:17:11.455  7266  7280 I art     : Starting a blocking GC Explicit
08-04 15:17:11.485  7266  7280 I art     : Explicit concurrent mark sweep GC freed 84(1648B) AllocSpace objects, 0(0B) LOS objects, 28% free, 40MB/56MB, paused 688us total 29.506ms
08-04 15:17:11.822  7266  7327 I art     : Starting a blocking GC Explicit
08-04 15:17:11.859  7266  7327 I art     : Explicit concurrent mark sweep GC freed 2091(98KB) AllocSpace objects, 2(40KB) LOS objects, 28% free, 40MB/56MB, paused 892us total 35.847ms
08-04 15:17:11.872  7266  7327 I art     : Starting a blocking GC Explicit
08-04 15:17:11.904  7266  7327 I art     : Explicit concurrent mark sweep GC freed 957(66KB) AllocSpace objects, 2(120KB) LOS objects, 27% free, 41MB/57MB, paused 992us total 32.224ms
08-04 15:17:11.917  7266  7327 I art     : Starting a blocking GC Explicit
08-04 15:17:11.950  7266  7327 I art     : Explicit concurrent mark sweep GC freed 2291(127KB) AllocSpace objects, 1(80KB) LOS objects, 28% free, 41MB/57MB, paused 752us total 33.118ms
08-04 15:17:11.957  7266  8515 I NAPPA_EXPERIMENTATION: MetricNetworkRequestExecutionTime: REQUEST_DURATION_SYSTEM='857',REQUEST_DURATION_OKHTTP='31',REQUEST_SYNCHRONOUS='FALSE',RESPONSE_CODE='200',RESPONSE_METHOD='GET',RESPONSE_LENGTH_OKHTTP='36',RESPONSE_LENGTH_HEADER='36',REQUEST_PROTOCOL='http/1.1',REQUEST_URL='https://project-travel-mate.herokuapp.com/api/number-of-unread-notifications',
08-04 15:17:11.963  7266  7327 I art     : Starting a blocking GC Explicit
08-04 15:17:11.997  7266  7327 I art     : Explicit concurrent mark sweep GC freed 655(71KB) AllocSpace objects, 0(0B) LOS objects, 28% free, 41MB/57MB, paused 741us total 33.563ms
08-04 15:17:12.010  7266  7327 I art     : Starting a blocking GC Explicit
08-04 15:17:12.044  7266  7327 I art     : Explicit concurrent mark sweep GC freed 157(5KB) AllocSpace objects, 0(0B) LOS objects, 28% free, 41MB/57MB, paused 784us total 34.185ms
08-04 15:17:12.384  7266  7326 I art     : Starting a blocking GC Explicit
08-04 15:17:12.419  7266  7326 I art     : Explicit concurrent mark sweep GC freed 1980(92KB) AllocSpace objects, 2(40KB) LOS objects, 28% free, 41MB/57MB, paused 848us total 33.973ms
08-04 15:17:12.432  7266  7326 I art     : Starting a blocking GC Explicit
08-04 15:17:12.465  7266  7326 I art     : Explicit concurrent mark sweep GC freed 93(1952B) AllocSpace objects, 0(0B) LOS objects, 28% free, 41MB/57MB, paused 734us total 32.609ms
08-04 15:17:12.477  7266  7326 I art     : Starting a blocking GC Explicit
08-04 15:17:12.509  7266  7326 I art     : Explicit concurrent mark sweep GC freed 51(896B) AllocSpace objects, 0(0B) LOS objects, 28% free, 41MB/57MB, paused 749us total 31.580ms
08-04 15:17:12.522  7266  7326 I art     : Starting a blocking GC Explicit
08-04 15:17:12.554  7266  7326 I art     : Explicit concurrent mark sweep GC freed 76(1328B) AllocSpace objects, 0(0B) LOS objects, 28% free, 41MB/57MB, paused 1.130ms total 32.074ms
08-04 15:17:12.567  7266  7326 I art     : Starting a blocking GC Explicit
08-04 15:17:12.599  7266  7326 I art     : Explicit concurrent mark sweep GC freed 75(1296B) AllocSpace objects, 0(0B) LOS objects, 28% free, 41MB/57MB, paused 833us total 31.446ms
08-04 15:17:12.732  8547  8547 D AndroidRuntime: >>>>>> START com.android.internal.os.RuntimeInit uid 2000 <<<<<<
08-04 15:17:12.738  8547  8547 D AndroidRuntime: CheckJNI is OFF
08-04 15:17:12.772  8547  8547 D ICU     : No timezone override file found: /data/misc/zoneinfo/current/icu/icu_tzdata.dat
08-04 15:17:12.804  8547  8547 I Radio-JNI: register_android_hardware_Radio DONE
08-04 15:17:12.825  8547  8547 D AndroidRuntime: Calling main entry com.android.commands.input.Input
08-04 15:17:12.827  8547  8547 I Input   : injectMotionEvent: MotionEvent { action=ACTION_DOWN, actionButton=0, id[0]=0, x[0]=117.0, y[0]=170.0, toolType[0]=TOOL_TYPE_UNKNOWN, buttonState=0, metaState=0, flags=0x0, edgeFlags=0x0, pointerCount=1, historySize=0, eventTime=717449240, downTime=717449240, deviceId=0, source=0x1002 }
08-04 15:17:12.831  8547  8547 I Input   : injectMotionEvent: MotionEvent { action=ACTION_UP, actionButton=0, id[0]=0, x[0]=117.0, y[0]=170.0, toolType[0]=TOOL_TYPE_UNKNOWN, buttonState=0, metaState=0, flags=0x0, edgeFlags=0x0, pointerCount=1, historySize=0, eventTime=717449240, downTime=717449240, deviceId=0, source=0x1002 }
08-04 15:17:12.832  8547  8547 D AndroidRuntime: Shutting down VM
08-04 15:17:12.849   512  2967 D audio_hw_primary: out_set_parameters: enter: usecase(1: low-latency-playback) kvpairs: routing=2
08-04 15:17:12.862   512  2967 D audio_hw_primary: select_devices: out_snd_device(2: speaker) in_snd_device(0: none)
08-04 15:17:12.863   512  2967 D msm8974_platform: platform_send_audio_calibration: sending audio calibration for snd_device(2) acdb_id(15)
08-04 15:17:12.863   512  2967 I soundtrigger: audio_extn_sound_trigger_update_device_status: device 0x2 of type 0 for Event 1
08-04 15:17:12.872   512  2967 D audio_hw_primary: enable_snd_device: snd_device(2: speaker)
08-04 15:17:12.874   512  2967 D audio_hw_primary: enable_audio_route: apply and update mixer path: low-latency-playback speaker
08-04 15:17:12.927  7266  7327 I art     : Starting a blocking GC Explicit
08-04 15:17:12.964  7266  7327 I art     : Explicit concurrent mark sweep GC freed 2385(114KB) AllocSpace objects, 2(40KB) LOS objects, 27% free, 41MB/57MB, paused 885us total 36.441ms
08-04 15:17:12.978  7266  7327 I art     : Starting a blocking GC Explicit
08-04 15:17:13.008  7266  7327 I art     : Explicit concurrent mark sweep GC freed 112(3KB) AllocSpace objects, 0(0B) LOS objects, 27% free, 41MB/57MB, paused 816us total 30.606ms
08-04 15:17:13.021  7266  7327 I art     : Starting a blocking GC Explicit
08-04 15:17:13.050  7266  7327 I art     : Explicit concurrent mark sweep GC freed 88(1904B) AllocSpace objects, 0(0B) LOS objects, 27% free, 41MB/57MB, paused 709us total 29.589ms
08-04 15:17:13.063  7266  7327 I art     : Starting a blocking GC Explicit
08-04 15:17:13.092  7266  7327 I art     : Explicit concurrent mark sweep GC freed 55(1120B) AllocSpace objects, 0(0B) LOS objects, 27% free, 41MB/57MB, paused 730us total 28.960ms
08-04 15:17:13.104  7266  7327 I art     : Starting a blocking GC Explicit
08-04 15:17:13.133  7266  7327 I art     : Explicit concurrent mark sweep GC freed 77(1360B) AllocSpace objects, 0(0B) LOS objects, 27% free, 41MB/57MB, paused 628us total 28.695ms
08-04 15:17:13.418   512  2967 D audio_hw_primary: disable_audio_route: reset and update mixer path: low-latency-playback speaker
08-04 15:17:13.420   512  2967 D audio_hw_primary: disable_snd_device: snd_device(2: speaker)
08-04 15:17:13.428   512  2967 I soundtrigger: audio_extn_sound_trigger_update_device_status: device 0x2 of type 0 for Event 0
08-04 15:17:13.440  7266  7280 I art     : Starting a blocking GC Explicit
08-04 15:17:13.473  7266  7280 I art     : Explicit concurrent mark sweep GC freed 1910(91KB) AllocSpace objects, 2(40KB) LOS objects, 27% free, 41MB/57MB, paused 817us total 32.837ms
08-04 15:17:13.480  8572  8572 D AndroidRuntime: >>>>>> START com.android.internal.os.RuntimeInit uid 2000 <<<<<<
08-04 15:17:13.485  8572  8572 D AndroidRuntime: CheckJNI is OFF
08-04 15:17:13.486  7266  7280 I art     : Starting a blocking GC Explicit
08-04 15:17:13.517  7266  7280 I art     : Explicit concurrent mark sweep GC freed 102(2240B) AllocSpace objects, 0(0B) LOS objects, 27% free, 41MB/57MB, paused 780us total 31.474ms
08-04 15:17:13.519  8572  8572 D ICU     : No timezone override file found: /data/misc/zoneinfo/current/icu/icu_tzdata.dat
08-04 15:17:13.529  7266  7280 I art     : Starting a blocking GC Explicit
08-04 15:17:13.550  8572  8572 I Radio-JNI: register_android_hardware_Radio DONE
08-04 15:17:13.559  7266  7280 I art     : Explicit concurrent mark sweep GC freed 51(896B) AllocSpace objects, 0(0B) LOS objects, 27% free, 41MB/57MB, paused 745us total 29.285ms
08-04 15:17:13.571  7266  7280 I art     : Starting a blocking GC Explicit
08-04 15:17:13.572  8572  8572 D AndroidRuntime: Calling main entry com.android.commands.input.Input
08-04 15:17:13.574  8572  8572 I Input   : injectMotionEvent: MotionEvent { action=ACTION_DOWN, actionButton=0, id[0]=0, x[0]=355.0, y[0]=1674.0, toolType[0]=TOOL_TYPE_UNKNOWN, buttonState=0, metaState=0, flags=0x0, edgeFlags=0x0, pointerCount=1, historySize=0, eventTime=717449986, downTime=717449986, deviceId=0, source=0x1002 }
08-04 15:17:13.577  8572  8572 I Input   : injectMotionEvent: MotionEvent { action=ACTION_UP, actionButton=0, id[0]=0, x[0]=355.0, y[0]=1674.0, toolType[0]=TOOL_TYPE_UNKNOWN, buttonState=0, metaState=0, flags=0x0, edgeFlags=0x0, pointerCount=1, historySize=0, eventTime=717449986, downTime=717449986, deviceId=0, source=0x1002 }
08-04 15:17:13.579  8572  8572 D AndroidRuntime: Shutting down VM
08-04 15:17:13.599   512  2967 D audio_hw_primary: out_set_parameters: enter: usecase(1: low-latency-playback) kvpairs: routing=2
08-04 15:17:13.602  7266  7280 I art     : Explicit concurrent mark sweep GC freed 480(21KB) AllocSpace objects, 0(0B) LOS objects, 27% free, 41MB/57MB, paused 1.051ms total 30.774ms
08-04 15:17:13.612   512  2967 D audio_hw_primary: select_devices: out_snd_device(2: speaker) in_snd_device(0: none)
08-04 15:17:13.612   512  2967 D msm8974_platform: platform_send_audio_calibration: sending audio calibration for snd_device(2) acdb_id(15)
08-04 15:17:13.613   512  2967 I soundtrigger: audio_extn_sound_trigger_update_device_status: device 0x2 of type 0 for Event 1
08-04 15:17:13.615  7266  7280 I art     : Starting a blocking GC Explicit
08-04 15:17:13.622   512  2967 D audio_hw_primary: enable_snd_device: snd_device(2: speaker)
08-04 15:17:13.624   512  2967 D audio_hw_primary: enable_audio_route: apply and update mixer path: low-latency-playback speaker
08-04 15:17:13.646  7266  7280 I art     : Explicit concurrent mark sweep GC freed 48(4KB) AllocSpace objects, 0(0B) LOS objects, 23% free, 52MB/68MB, paused 749us total 30.920ms
08-04 15:17:13.670   512  2967 D AudioFlinger: mixer(0xf4740000) throttle end: throttle time(12)
08-04 15:17:13.950  7266  7326 I art     : Waiting for a blocking GC Explicit
08-04 15:17:13.952  7266  7326 I art     : Starting a blocking GC Explicit
08-04 15:17:13.985  7266  7326 I art     : Explicit concurrent mark sweep GC freed 29(1136B) AllocSpace objects, 0(0B) LOS objects, 12% free, 116MB/132MB, paused 805us total 32.622ms
08-04 15:17:13.985  7266  7278 I art     : WaitForGcToComplete blocked for 32.876ms for cause Background
08-04 15:17:13.999  7266  7326 I art     : Starting a blocking GC Explicit
08-04 15:17:14.028  7266  7326 I art     : Explicit concurrent mark sweep GC freed 5(192B) AllocSpace objects, 0(0B) LOS objects, 12% free, 116MB/132MB, paused 778us total 28.768ms
08-04 15:17:14.040  7266  7326 I art     : Starting a blocking GC Explicit
08-04 15:17:14.049   518   646 I ThermalEngine: ACTION: GPU - Setting GPU[0] to 450000000
08-04 15:17:14.075  7266  7326 I art     : Explicit concurrent mark sweep GC freed 3(96B) AllocSpace objects, 0(0B) LOS objects, 12% free, 116MB/132MB, paused 971us total 35.074ms
08-04 15:17:14.092  7266  7326 I art     : Starting a blocking GC Explicit
08-04 15:17:14.129  7266  7326 I art     : Explicit concurrent mark sweep GC freed 3(96B) AllocSpace objects, 0(0B) LOS objects, 12% free, 116MB/132MB, paused 1.019ms total 37.560ms
08-04 15:17:14.146  7266  7326 I art     : Starting a blocking GC Explicit
08-04 15:17:14.168   512  2967 D audio_hw_primary: disable_audio_route: reset and update mixer path: low-latency-playback speaker
08-04 15:17:14.169   512  2967 D audio_hw_primary: disable_snd_device: snd_device(2: speaker)
08-04 15:17:14.178   512  2967 I soundtrigger: audio_extn_sound_trigger_update_device_status: device 0x2 of type 0 for Event 0
08-04 15:17:14.183  7266  7326 I art     : Explicit concurrent mark sweep GC freed 3(96B) AllocSpace objects, 0(0B) LOS objects, 12% free, 116MB/132MB, paused 954us total 37.243ms
08-04 15:17:14.371  7266  7266 I Choreographer: Skipped 45 frames!  The application may be doing too much work on its main thread.
08-04 15:17:14.372  7266  7266 V MainActivity: url = https://project-travel-mate.herokuapp.com/api/number-of-unread-notifications
08-04 15:17:14.554  7266  7279 I art     : Starting a blocking GC Explicit
08-04 15:17:14.596  7266  7279 I art     : Explicit concurrent mark sweep GC freed 1784(68KB) AllocSpace objects, 9(252KB) LOS objects, 10% free, 135MB/151MB, paused 995us total 41.215ms
08-04 15:17:14.612  7266  7279 I art     : Starting a blocking GC Explicit
08-04 15:17:14.655  7266  7279 I art     : Explicit concurrent mark sweep GC freed 901(52KB) AllocSpace objects, 0(0B) LOS objects, 10% free, 135MB/151MB, paused 983us total 42.247ms
08-04 15:17:14.672  7266  7279 I art     : Starting a blocking GC Explicit
08-04 15:17:14.714  7266  7279 I art     : Explicit concurrent mark sweep GC freed 3(96B) AllocSpace objects, 0(0B) LOS objects, 10% free, 135MB/151MB, paused 979us total 41.687ms
08-04 15:17:14.731  7266  7279 I art     : Starting a blocking GC Explicit
08-04 15:17:14.774  7266  7279 I art     : Explicit concurrent mark sweep GC freed 3(96B) AllocSpace objects, 0(0B) LOS objects, 10% free, 135MB/151MB, paused 936us total 42.439ms
08-04 15:17:14.791  7266  7279 I art     : Starting a blocking GC Explicit
08-04 15:17:14.833  7266  7279 I art     : Explicit concurrent mark sweep GC freed 3(96B) AllocSpace objects, 0(0B) LOS objects, 10% free, 135MB/151MB, paused 988us total 41.746ms
08-04 15:17:15.225  7266  7327 I art     : Starting a blocking GC Explicit
08-04 15:17:15.239  7266  8613 I NAPPA_EXPERIMENTATION: MetricNetworkRequestExecutionTime: REQUEST_DURATION_SYSTEM='865',REQUEST_DURATION_OKHTTP='30',REQUEST_SYNCHRONOUS='FALSE',RESPONSE_CODE='200',RESPONSE_METHOD='GET',RESPONSE_LENGTH_OKHTTP='36',RESPONSE_LENGTH_HEADER='36',REQUEST_PROTOCOL='http/1.1',REQUEST_URL='https://project-travel-mate.herokuapp.com/api/number-of-unread-notifications',
08-04 15:17:15.277  7266  7327 I art     : Explicit concurrent mark sweep GC freed 4132(227KB) AllocSpace objects, 5(236KB) LOS objects, 10% free, 135MB/151MB, paused 1.073ms total 51.556ms
08-04 15:17:15.297  7266  7327 I art     : Starting a blocking GC Explicit
08-04 15:17:15.341  7266  7327 I art     : Explicit concurrent mark sweep GC freed 1093(122KB) AllocSpace objects, 0(0B) LOS objects, 10% free, 135MB/151MB, paused 1.008ms total 43.419ms
08-04 15:17:15.358  7266  7327 I art     : Starting a blocking GC Explicit
08-04 15:17:15.404  7266  7327 I art     : Explicit concurrent mark sweep GC freed 3(96B) AllocSpace objects, 0(0B) LOS objects, 10% free, 135MB/151MB, paused 998us total 45.799ms
08-04 15:17:15.422  7266  7327 I art     : Starting a blocking GC Explicit
08-04 15:17:15.468  7266  7327 I art     : Explicit concurrent mark sweep GC freed 3(96B) AllocSpace objects, 0(0B) LOS objects, 10% free, 135MB/151MB, paused 1.041ms total 46.015ms
08-04 15:17:15.489  7266  7327 I art     : Starting a blocking GC Explicit
08-04 15:17:15.534  7266  7327 I art     : Explicit concurrent mark sweep GC freed 3(96B) AllocSpace objects, 0(0B) LOS objects, 10% free, 135MB/151MB, paused 905us total 45.456ms
08-04 15:17:15.935  7266  7280 I art     : Starting a blocking GC Explicit
08-04 15:17:15.984  7266  7280 I art     : Explicit concurrent mark sweep GC freed 1428(83KB) AllocSpace objects, 2(36KB) LOS objects, 10% free, 135MB/151MB, paused 995us total 48.269ms
08-04 15:17:16.002  7266  7280 I art     : Starting a blocking GC Explicit
08-04 15:17:16.040  7266  7280 I art     : Explicit concurrent mark sweep GC freed 41(1664B) AllocSpace objects, 0(0B) LOS objects, 10% free, 135MB/151MB, paused 896us total 37.845ms
08-04 15:17:16.057  7266  7280 I art     : Starting a blocking GC Explicit
08-04 15:17:16.095  7266  7280 I art     : Explicit concurrent mark sweep GC freed 18(800B) AllocSpace objects, 0(0B) LOS objects, 10% free, 135MB/151MB, paused 999us total 37.604ms
08-04 15:17:16.113  7266  7280 I art     : Starting a blocking GC Explicit
08-04 15:17:16.157  7266  7280 I art     : Explicit concurrent mark sweep GC freed 11(352B) AllocSpace objects, 0(0B) LOS objects, 10% free, 135MB/151MB, paused 1.004ms total 43.911ms
08-04 15:17:16.175  7266  7280 I art     : Starting a blocking GC Explicit
08-04 15:17:16.221  7266  7280 I art     : Explicit concurrent mark sweep GC freed 11(352B) AllocSpace objects, 0(0B) LOS objects, 10% free, 135MB/151MB, paused 879us total 45.404ms
08-04 15:17:16.363  8647  8647 D AndroidRuntime: >>>>>> START com.android.internal.os.RuntimeInit uid 2000 <<<<<<
08-04 15:17:16.369  8647  8647 D AndroidRuntime: CheckJNI is OFF
08-04 15:17:16.418  8647  8647 D ICU     : No timezone override file found: /data/misc/zoneinfo/current/icu/icu_tzdata.dat
08-04 15:17:16.462  8647  8647 I Radio-JNI: register_android_hardware_Radio DONE
08-04 15:17:16.491  8647  8647 D AndroidRuntime: Calling main entry com.android.commands.input.Input
08-04 15:17:16.493  8647  8647 I Input   : injectMotionEvent: MotionEvent { action=ACTION_DOWN, actionButton=0, id[0]=0, x[0]=747.0, y[0]=608.0, toolType[0]=TOOL_TYPE_UNKNOWN, buttonState=0, metaState=0, flags=0x0, edgeFlags=0x0, pointerCount=1, historySize=0, eventTime=717452906, downTime=717452906, deviceId=0, source=0x1002 }
08-04 15:17:16.498  8647  8647 I Input   : injectMotionEvent: MotionEvent { action=ACTION_UP, actionButton=0, id[0]=0, x[0]=747.0, y[0]=608.0, toolType[0]=TOOL_TYPE_UNKNOWN, buttonState=0, metaState=0, flags=0x0, edgeFlags=0x0, pointerCount=1, historySize=0, eventTime=717452906, downTime=717452906, deviceId=0, source=0x1002 }
08-04 15:17:16.500  8647  8647 D AndroidRuntime: Shutting down VM
08-04 15:17:16.502   512  2967 D audio_hw_primary: out_set_parameters: enter: usecase(1: low-latency-playback) kvpairs: routing=2
08-04 15:17:16.510   918  3359 I ActivityManager: START u0 {cmp=baseline.io.github.project_travel_mate/.utilities.ChecklistActivity} from uid 10650 on display 0
08-04 15:17:16.515   512  2967 D audio_hw_primary: select_devices: out_snd_device(2: speaker) in_snd_device(0: none)
08-04 15:17:16.515   512  2967 D msm8974_platform: platform_send_audio_calibration: sending audio calibration for snd_device(2) acdb_id(15)
08-04 15:17:16.516   512  2967 I soundtrigger: audio_extn_sound_trigger_update_device_status: device 0x2 of type 0 for Event 1
08-04 15:17:16.528   512  2967 D audio_hw_primary: enable_snd_device: snd_device(2: speaker)
08-04 15:17:16.531   512  2967 D audio_hw_primary: enable_audio_route: apply and update mixer path: low-latency-playback speaker
08-04 15:17:16.617  7266  7279 I art     : Starting a blocking GC Explicit
08-04 15:17:16.664  7266  7279 I art     : Explicit concurrent mark sweep GC freed 2444(222KB) AllocSpace objects, 2(36KB) LOS objects, 10% free, 136MB/152MB, paused 1.257ms total 46.186ms
08-04 15:17:16.681  7266  7279 I art     : Starting a blocking GC Explicit
08-04 15:17:16.721  7266  7279 I art     : Explicit concurrent mark sweep GC freed 788(60KB) AllocSpace objects, 0(0B) LOS objects, 10% free, 136MB/152MB, paused 1.328ms total 40.180ms
08-04 15:17:16.724 13866 13866 I GoogleInputMethodServic: GoogleInputMethodService.onFinishInput():3138 
08-04 15:17:16.724 13866 13866 I GoogleInputMethodServic: GoogleInputMethodService.onStartInput():1808 
08-04 15:17:16.726   918   936 I ActivityManager: Displayed baseline.io.github.project_travel_mate/.utilities.ChecklistActivity: +208ms
08-04 15:17:16.739  7266  7279 I art     : Starting a blocking GC Explicit
08-04 15:17:16.780  7266  7279 I art     : Explicit concurrent mark sweep GC freed 301(19KB) AllocSpace objects, 0(0B) LOS objects, 10% free, 136MB/152MB, paused 1.079ms total 39.942ms
08-04 15:17:16.796  7266  7279 I art     : Starting a blocking GC Explicit
08-04 15:17:16.836  7266  7279 I art     : Explicit concurrent mark sweep GC freed 40(1712B) AllocSpace objects, 0(0B) LOS objects, 10% free, 136MB/152MB, paused 988us total 39.627ms
08-04 15:17:16.852  7266  7279 I art     : Starting a blocking GC Explicit
08-04 15:17:16.901  7266  7279 I art     : Explicit concurrent mark sweep GC freed 3(96B) AllocSpace objects, 0(0B) LOS objects, 10% free, 136MB/152MB, paused 1.099ms total 48.046ms
08-04 15:17:16.983   380   380 W SurfaceFlinger: couldn't log to binary event log: overflow.
08-04 15:17:17.029   918  3188 I hubconnection: sensorhub said: 'set_bias 3: -6.2400, 0.0000, 0.0000'
08-04 15:17:17.069   512  2967 D audio_hw_primary: disable_audio_route: reset and update mixer path: low-latency-playback speaker
08-04 15:17:17.070   512  2967 D audio_hw_primary: disable_snd_device: snd_device(2: speaker)
08-04 15:17:17.079   512  2967 I soundtrigger: audio_extn_sound_trigger_update_device_status: device 0x2 of type 0 for Event 0
08-04 15:17:17.294  7266  7279 I art     : Starting a blocking GC Explicit
08-04 15:17:17.350  7266  7279 I art     : Explicit concurrent mark sweep GC freed 1631(94KB) AllocSpace objects, 2(36KB) LOS objects, 10% free, 136MB/152MB, paused 1.208ms total 55.658ms
08-04 15:17:17.370  7266  7279 I art     : Starting a blocking GC Explicit
08-04 15:17:17.419  7266  7279 I art     : Explicit concurrent mark sweep GC freed 36(1280B) AllocSpace objects, 0(0B) LOS objects, 10% free, 136MB/152MB, paused 1.105ms total 48.579ms
08-04 15:17:17.437  7266  7279 I art     : Starting a blocking GC Explicit
08-04 15:17:17.481  7266  7279 I art     : Explicit concurrent mark sweep GC freed 3(96B) AllocSpace objects, 0(0B) LOS objects, 10% free, 136MB/152MB, paused 1.092ms total 43.685ms
08-04 15:17:17.498  7266  7279 I art     : Starting a blocking GC Explicit
08-04 15:17:17.544  7266  7279 I art     : Explicit concurrent mark sweep GC freed 3(96B) AllocSpace objects, 0(0B) LOS objects, 10% free, 136MB/152MB, paused 1.375ms total 45.946ms
08-04 15:17:17.565  7266  7279 I art     : Starting a blocking GC Explicit
08-04 15:17:17.610  7266  7279 I art     : Explicit concurrent mark sweep GC freed 36(1008B) AllocSpace objects, 0(0B) LOS objects, 10% free, 136MB/152MB, paused 1.103ms total 44.944ms
08-04 15:17:18.008  7266  7327 I art     : Starting a blocking GC Explicit
08-04 15:17:18.062  7266  7327 I art     : Explicit concurrent mark sweep GC freed 1596(92KB) AllocSpace objects, 2(36KB) LOS objects, 10% free, 136MB/152MB, paused 1.185ms total 53.852ms
08-04 15:17:18.083  7266  7327 I art     : Starting a blocking GC Explicit
08-04 15:17:18.133  7266  7327 I art     : Explicit concurrent mark sweep GC freed 45(1840B) AllocSpace objects, 0(0B) LOS objects, 10% free, 136MB/152MB, paused 1.038ms total 49.949ms
08-04 15:17:18.151  7266  7327 I art     : Starting a blocking GC Explicit
08-04 15:17:18.202  7266  7327 I art     : Explicit concurrent mark sweep GC freed 3(96B) AllocSpace objects, 0(0B) LOS objects, 10% free, 136MB/152MB, paused 1.193ms total 50.780ms
08-04 15:17:18.222  7266  7327 I art     : Starting a blocking GC Explicit
08-04 15:17:18.273  7266  7327 I art     : Explicit concurrent mark sweep GC freed 3(96B) AllocSpace objects, 0(0B) LOS objects, 10% free, 136MB/152MB, paused 1.053ms total 50.003ms
08-04 15:17:18.290  7266  7327 I art     : Starting a blocking GC Explicit
08-04 15:17:18.341  7266  7327 I art     : Explicit concurrent mark sweep GC freed 3(96B) AllocSpace objects, 0(0B) LOS objects, 10% free, 136MB/152MB, paused 1.165ms total 50.919ms
08-04 15:17:18.775  7266  7326 I art     : Starting a blocking GC Explicit
08-04 15:17:18.832  7266  7326 I art     : Explicit concurrent mark sweep GC freed 1614(93KB) AllocSpace objects, 2(36KB) LOS objects, 10% free, 136MB/152MB, paused 1.231ms total 56.754ms
08-04 15:17:18.852  7266  7326 I art     : Starting a blocking GC Explicit
08-04 15:17:18.903  7266  7326 I art     : Explicit concurrent mark sweep GC freed 28(1024B) AllocSpace objects, 0(0B) LOS objects, 10% free, 136MB/152MB, paused 1.092ms total 50.558ms
08-04 15:17:18.923  7266  7326 I art     : Starting a blocking GC Explicit
08-04 15:17:18.972  7266  7326 I art     : Explicit concurrent mark sweep GC freed 3(96B) AllocSpace objects, 0(0B) LOS objects, 10% free, 136MB/152MB, paused 1.204ms total 48.683ms
08-04 15:17:18.993  7266  7326 I art     : Starting a blocking GC Explicit
08-04 15:17:19.041  7266  7326 I art     : Explicit concurrent mark sweep GC freed 15(752B) AllocSpace objects, 0(0B) LOS objects, 10% free, 136MB/152MB, paused 1.104ms total 47.857ms
08-04 15:17:19.059  7266  7326 I art     : Starting a blocking GC Explicit
08-04 15:17:19.110  7266  7326 I art     : Explicit concurrent mark sweep GC freed 13(640B) AllocSpace objects, 0(0B) LOS objects, 10% free, 136MB/152MB, paused 1.258ms total 50.445ms
08-04 15:17:19.529  7266  7280 I art     : Starting a blocking GC Explicit
08-04 15:17:19.584  7266  7280 I art     : Explicit concurrent mark sweep GC freed 1581(92KB) AllocSpace objects, 2(36KB) LOS objects, 10% free, 136MB/152MB, paused 1.146ms total 55.388ms
08-04 15:17:19.602  7266  7280 I art     : Starting a blocking GC Explicit
08-04 15:17:19.653  7266  7280 I art     : Explicit concurrent mark sweep GC freed 59(1856B) AllocSpace objects, 0(0B) LOS objects, 10% free, 136MB/152MB, paused 1.278ms total 50.135ms
08-04 15:17:19.674  7266  7280 I art     : Starting a blocking GC Explicit
08-04 15:17:19.722  7266  7280 I art     : Explicit concurrent mark sweep GC freed 3(96B) AllocSpace objects, 0(0B) LOS objects, 10% free, 136MB/152MB, paused 1.126ms total 47.224ms
08-04 15:17:19.740  7266  7280 I art     : Starting a blocking GC Explicit
08-04 15:17:19.789  7266  7280 I art     : Explicit concurrent mark sweep GC freed 3(96B) AllocSpace objects, 0(0B) LOS objects, 10% free, 136MB/152MB, paused 1.195ms total 49.373ms
08-04 15:17:19.807  7266  7280 I art     : Starting a blocking GC Explicit
08-04 15:17:19.856  7266  7280 I art     : Explicit concurrent mark sweep GC freed 3(96B) AllocSpace objects, 0(0B) LOS objects, 10% free, 136MB/152MB, paused 1.319ms total 48.944ms
08-04 15:17:20.058   518   646 I ThermalEngine: ACTION: GPU - Setting GPU[0] to 510000000
08-04 15:17:20.268  7266  7279 I art     : Starting a blocking GC Explicit
08-04 15:17:20.313  7266  7279 I art     : Explicit concurrent mark sweep GC freed 1583(92KB) AllocSpace objects, 2(36KB) LOS objects, 10% free, 136MB/152MB, paused 914us total 45.349ms
08-04 15:17:20.328  7266  7279 I art     : Starting a blocking GC Explicit
08-04 15:17:20.365  7266  7279 I art     : Explicit concurrent mark sweep GC freed 28(1024B) AllocSpace objects, 0(0B) LOS objects, 10% free, 136MB/152MB, paused 840us total 36.450ms
08-04 15:17:20.379  7266  7279 I art     : Starting a blocking GC Explicit
08-04 15:17:20.414  7266  7279 I art     : Explicit concurrent mark sweep GC freed 3(96B) AllocSpace objects, 0(0B) LOS objects, 10% free, 136MB/152MB, paused 828us total 35.450ms
08-04 15:17:20.428  7266  7279 I art     : Starting a blocking GC Explicit
08-04 15:17:20.465  7266  7279 I art     : Explicit concurrent mark sweep GC freed 3(96B) AllocSpace objects, 0(0B) LOS objects, 10% free, 136MB/152MB, paused 849us total 36.403ms
08-04 15:17:20.478  7266  7279 I art     : Starting a blocking GC Explicit
08-04 15:17:20.515  7266  7279 I art     : Explicit concurrent mark sweep GC freed 3(96B) AllocSpace objects, 0(0B) LOS objects, 10% free, 136MB/152MB, paused 788us total 36.436ms
08-04 15:17:20.886  7266  7327 I art     : Starting a blocking GC Explicit
08-04 15:17:20.928  7266  7327 I art     : Explicit concurrent mark sweep GC freed 1627(93KB) AllocSpace objects, 2(36KB) LOS objects, 10% free, 136MB/152MB, paused 873us total 41.635ms
08-04 15:17:20.942  7266  7327 I art     : Starting a blocking GC Explicit
08-04 15:17:20.976  7266  7327 I art     : Explicit concurrent mark sweep GC freed 38(1568B) AllocSpace objects, 0(0B) LOS objects, 10% free, 136MB/152MB, paused 823us total 34.405ms
08-04 15:17:20.989  7266  7327 I art     : Starting a blocking GC Explicit
08-04 15:17:21.022  7266  7327 I art     : Explicit concurrent mark sweep GC freed 3(96B) AllocSpace objects, 0(0B) LOS objects, 10% free, 136MB/152MB, paused 837us total 33.115ms
08-04 15:17:21.035  7266  7327 I art     : Starting a blocking GC Explicit
08-04 15:17:21.070  7266  7327 I art     : Explicit concurrent mark sweep GC freed 3(96B) AllocSpace objects, 0(0B) LOS objects, 10% free, 136MB/152MB, paused 822us total 34.499ms
08-04 15:17:21.083  7266  7327 I art     : Starting a blocking GC Explicit
08-04 15:17:21.117  7266  7327 I art     : Explicit concurrent mark sweep GC freed 3(96B) AllocSpace objects, 0(0B) LOS objects, 10% free, 136MB/152MB, paused 897us total 34.076ms
08-04 15:17:21.174  8732  8732 D AndroidRuntime: >>>>>> START com.android.internal.os.RuntimeInit uid 2000 <<<<<<
08-04 15:17:21.178  8732  8732 D AndroidRuntime: CheckJNI is OFF
08-04 15:17:21.216  8732  8732 D ICU     : No timezone override file found: /data/misc/zoneinfo/current/icu/icu_tzdata.dat
08-04 15:17:21.254  8732  8732 I Radio-JNI: register_android_hardware_Radio DONE
08-04 15:17:21.278  8732  8732 D AndroidRuntime: Calling main entry com.android.commands.input.Input
08-04 15:17:21.280  8732  8732 I Input   : injectKeyEvent: KeyEvent { action=ACTION_DOWN, keyCode=KEYCODE_BACK, scanCode=0, metaState=0, flags=0x0, repeatCount=0, eventTime=717457693, downTime=717457693, deviceId=-1, source=0x101 }
08-04 15:17:21.286  8732  8732 I Input   : injectKeyEvent: KeyEvent { action=ACTION_UP, keyCode=KEYCODE_BACK, scanCode=0, metaState=0, flags=0x0, repeatCount=0, eventTime=717457693, downTime=717457693, deviceId=-1, source=0x101 }
08-04 15:17:21.291  8732  8732 D AndroidRuntime: Shutting down VM
08-04 15:17:21.303  7266  7266 V MainActivity: url = https://project-travel-mate.herokuapp.com/api/number-of-unread-notifications
08-04 15:17:21.335 13866 13866 I GoogleInputMethodServic: GoogleInputMethodService.onFinishInput():3138 
08-04 15:17:21.335 13866 13866 I GoogleInputMethodServic: GoogleInputMethodService.onStartInput():1808 
08-04 15:17:21.450  7266  7280 I art     : Starting a blocking GC Explicit
08-04 15:17:21.480  7266  7280 I art     : Explicit concurrent mark sweep GC freed 2041(112KB) AllocSpace objects, 2(36KB) LOS objects, 10% free, 136MB/152MB, paused 733us total 30.300ms
08-04 15:17:21.492  7266  7280 I art     : Starting a blocking GC Explicit
08-04 15:17:21.523  7266  7280 I art     : Explicit concurrent mark sweep GC freed 96(3KB) AllocSpace objects, 0(0B) LOS objects, 10% free, 136MB/152MB, paused 755us total 30.127ms
08-04 15:17:21.535  7266  7280 I art     : Starting a blocking GC Explicit
08-04 15:17:21.565  7266  7280 I art     : Explicit concurrent mark sweep GC freed 7(288B) AllocSpace objects, 0(0B) LOS objects, 10% free, 136MB/152MB, paused 778us total 29.691ms
08-04 15:17:21.578  7266  7280 I art     : Starting a blocking GC Explicit
08-04 15:17:21.610  7266  7280 I art     : Explicit concurrent mark sweep GC freed 34(928B) AllocSpace objects, 0(0B) LOS objects, 10% free, 136MB/152MB, paused 915us total 31.420ms
08-04 15:17:21.622  7266  7280 I art     : Starting a blocking GC Explicit
08-04 15:17:21.637   380   380 W SurfaceFlinger: couldn't log to binary event log: overflow.
08-04 15:17:21.652  7266  7280 I art     : Explicit concurrent mark sweep GC freed 390(17KB) AllocSpace objects, 0(0B) LOS objects, 10% free, 136MB/152MB, paused 856us total 30.026ms
08-04 15:17:21.710  2486  2486 I ServiceManager: Waiting for service AtCmdFwd...
08-04 15:17:21.827   918 13197 D NetworkMonitor/NetworkAgentInfo [WIFI () - 158]: Checking http://connectivitycheck.gstatic.com/generate_204 on "H369AA63323", 192.168.2.12=192.168.2.12
08-04 15:17:21.866   918 13197 D NetworkMonitor/NetworkAgentInfo [WIFI () - 158]: Probably not a portal: exception java.io.IOException: unexpected end of stream on Connection{connectivitycheck.gstatic.com:80, proxy=HTTP@/192.168.2.12:8080 hostAddress=192.168.2.12 cipherSuite=none protocol=http/1.1} (recycle count=0)
08-04 15:17:21.867   918  3263 D ConnectivityService: NetworkAgentInfo [WIFI () - 158] validation failed
08-04 15:17:21.868   918  3261 E WifiConfigStore:  rewrite network history for "H369AA63323"WPA_PSK
08-04 15:17:21.987  7266  7279 I art     : Starting a blocking GC Explicit
08-04 15:17:22.006  7266  8755 I NAPPA_EXPERIMENTATION: MetricNetworkRequestExecutionTime: REQUEST_DURATION_SYSTEM='702',REQUEST_DURATION_OKHTTP='31',REQUEST_SYNCHRONOUS='FALSE',RESPONSE_CODE='200',RESPONSE_METHOD='GET',RESPONSE_LENGTH_OKHTTP='36',RESPONSE_LENGTH_HEADER='36',REQUEST_PROTOCOL='http/1.1',REQUEST_URL='https://project-travel-mate.herokuapp.com/api/number-of-unread-notifications',
08-04 15:17:22.027  7266  7279 I art     : Explicit concurrent mark sweep GC freed 4309(237KB) AllocSpace objects, 5(236KB) LOS objects, 10% free, 136MB/152MB, paused 909us total 40.089ms
08-04 15:17:22.040  7266  7279 I art     : Starting a blocking GC Explicit
08-04 15:17:22.077  7266  7279 I art     : Explicit concurrent mark sweep GC freed 1134(125KB) AllocSpace objects, 0(0B) LOS objects, 10% free, 136MB/152MB, paused 943us total 36.838ms
08-04 15:17:22.091  7266  7279 I art     : Starting a blocking GC Explicit
08-04 15:17:22.128  7266  7279 I art     : Explicit concurrent mark sweep GC freed 86(3KB) AllocSpace objects, 0(0B) LOS objects, 10% free, 136MB/152MB, paused 879us total 37.272ms
08-04 15:17:22.142  7266  7279 I art     : Starting a blocking GC Explicit
08-04 15:17:22.179  7266  7279 I art     : Explicit concurrent mark sweep GC freed 3(96B) AllocSpace objects, 0(0B) LOS objects, 10% free, 136MB/152MB, paused 925us total 36.600ms
08-04 15:17:22.193  7266  7279 I art     : Starting a blocking GC Explicit
08-04 15:17:22.230  7266  7279 I art     : Explicit concurrent mark sweep GC freed 3(96B) AllocSpace objects, 0(0B) LOS objects, 10% free, 136MB/152MB, paused 851us total 37.034ms
08-04 15:17:22.579  7266  7327 I art     : Starting a blocking GC Explicit
08-04 15:17:22.616  7266  7327 I art     : Explicit concurrent mark sweep GC freed 1613(92KB) AllocSpace objects, 2(36KB) LOS objects, 10% free, 136MB/152MB, paused 929us total 36.475ms
08-04 15:17:22.629  7266  7327 I art     : Starting a blocking GC Explicit
08-04 15:17:22.665  7266  7327 I art     : Explicit concurrent mark sweep GC freed 28(1024B) AllocSpace objects, 0(0B) LOS objects, 10% free, 136MB/152MB, paused 947us total 35.061ms
08-04 15:17:22.678  7266  7327 I art     : Starting a blocking GC Explicit
08-04 15:17:22.710  2486  2486 I ServiceManager: Waiting for service AtCmdFwd...
08-04 15:17:22.712  7266  7327 I art     : Explicit concurrent mark sweep GC freed 3(96B) AllocSpace objects, 0(0B) LOS objects, 10% free, 136MB/152MB, paused 853us total 34.310ms
08-04 15:17:22.725  7266  7327 I art     : Starting a blocking GC Explicit
08-04 15:17:22.760  7266  7327 I art     : Explicit concurrent mark sweep GC freed 3(96B) AllocSpace objects, 0(0B) LOS objects, 10% free, 136MB/152MB, paused 868us total 34.910ms
08-04 15:17:22.773  7266  7327 I art     : Starting a blocking GC Explicit
08-04 15:17:22.809  7266  7327 I art     : Explicit concurrent mark sweep GC freed 3(96B) AllocSpace objects, 0(0B) LOS objects, 10% free, 136MB/152MB, paused 896us total 35.071ms
08-04 15:17:22.969  8782  8782 D AndroidRuntime: >>>>>> START com.android.internal.os.RuntimeInit uid 2000 <<<<<<
08-04 15:17:22.976  8782  8782 D AndroidRuntime: CheckJNI is OFF
08-04 15:17:23.007  8782  8782 D ICU     : No timezone override file found: /data/misc/zoneinfo/current/icu/icu_tzdata.dat
08-04 15:17:23.038  8782  8782 I Radio-JNI: register_android_hardware_Radio DONE
08-04 15:17:23.058  8782  8782 D AndroidRuntime: Calling main entry com.android.commands.input.Input
08-04 15:17:23.060  8782  8782 I Input   : injectMotionEvent: MotionEvent { action=ACTION_DOWN, actionButton=0, id[0]=0, x[0]=657.0, y[0]=2037.0, toolType[0]=TOOL_TYPE_UNKNOWN, buttonState=0, metaState=0, flags=0x0, edgeFlags=0x0, pointerCount=1, historySize=0, eventTime=717459473, downTime=717459473, deviceId=0, source=0x1002 }
08-04 15:17:23.063  8782  8782 I Input   : injectMotionEvent: MotionEvent { action=ACTION_UP, actionButton=0, id[0]=0, x[0]=657.0, y[0]=2037.0, toolType[0]=TOOL_TYPE_UNKNOWN, buttonState=0, metaState=0, flags=0x0, edgeFlags=0x0, pointerCount=1, historySize=0, eventTime=717459473, downTime=717459473, deviceId=0, source=0x1002 }
08-04 15:17:23.065  8782  8782 D AndroidRuntime: Shutting down VM
08-04 15:17:23.073   918  3714 I ActivityManager: START u0 {cmp=baseline.io.github.project_travel_mate/.utilities.CompassActivity} from uid 10650 on display 0
08-04 15:17:23.074   512  2967 D audio_hw_primary: out_set_parameters: enter: usecase(1: low-latency-playback) kvpairs: routing=2
08-04 15:17:23.087   512  2967 D audio_hw_primary: select_devices: out_snd_device(2: speaker) in_snd_device(0: none)
08-04 15:17:23.087   512  2967 D msm8974_platform: platform_send_audio_calibration: sending audio calibration for snd_device(2) acdb_id(15)
08-04 15:17:23.088   512  2967 I soundtrigger: audio_extn_sound_trigger_update_device_status: device 0x2 of type 0 for Event 1
08-04 15:17:23.099   512  2967 D audio_hw_primary: enable_snd_device: snd_device(2: speaker)
08-04 15:17:23.101   512  2967 D audio_hw_primary: enable_audio_route: apply and update mixer path: low-latency-playback speaker
08-04 15:17:23.161  7266  7279 I art     : Starting a blocking GC Explicit
08-04 15:17:23.196  7266  7279 I art     : Explicit concurrent mark sweep GC freed 1925(133KB) AllocSpace objects, 2(36KB) LOS objects, 7% free, 185MB/201MB, paused 968us total 35.378ms
08-04 15:17:23.210  7266  7279 I art     : Starting a blocking GC Explicit
08-04 15:17:23.242  7266  7279 I art     : Explicit concurrent mark sweep GC freed 185(8KB) AllocSpace objects, 0(0B) LOS objects, 7% free, 185MB/201MB, paused 924us total 31.854ms
08-04 15:17:23.254  7266  7279 I art     : Starting a blocking GC Explicit
08-04 15:17:23.286  7266  7279 I art     : Explicit concurrent mark sweep GC freed 3(96B) AllocSpace objects, 0(0B) LOS objects, 7% free, 185MB/201MB, paused 917us total 31.766ms
08-04 15:17:23.299  7266  7279 I art     : Starting a blocking GC Explicit
08-04 15:17:23.331  7266  7279 I art     : Explicit concurrent mark sweep GC freed 3(96B) AllocSpace objects, 0(0B) LOS objects, 7% free, 185MB/201MB, paused 926us total 32.111ms
08-04 15:17:23.344  7266  7279 I art     : Starting a blocking GC Explicit
08-04 15:17:23.376  7266  7279 I art     : Explicit concurrent mark sweep GC freed 3(96B) AllocSpace objects, 0(0B) LOS objects, 7% free, 185MB/201MB, paused 885us total 31.859ms
08-04 15:17:23.509  7266  7266 D CompassActivity: start compass
08-04 15:17:23.510   918  5481 I sensors : batch
08-04 15:17:23.510   918  5481 I sensors : activate
08-04 15:17:23.510   918  3670 I sensors : batch
08-04 15:17:23.510   918  3670 I sensors : activate
08-04 15:17:23.516   918  3188 I hubconnection: sensorhub said: 'batch 1 flags:0, sampling_rate_Hz:50.00, max_report_latency_us:0'
08-04 15:17:23.518   918  3188 I hubconnection: sensorhub said: 'activate 1 enable:1'
08-04 15:17:23.519   918  3188 I hubconnection: sensorhub said: 'batch 3 flags:0, sampling_rate_Hz:50.00, max_report_latency_us:0'
08-04 15:17:23.520   918  3188 I hubconnection: sensorhub said: 'activate 3 enable:1'
08-04 15:17:23.648   512  2967 D audio_hw_primary: disable_audio_route: reset and update mixer path: low-latency-playback speaker
08-04 15:17:23.649   512  2967 D audio_hw_primary: disable_snd_device: snd_device(2: speaker)
08-04 15:17:23.656   512  2967 I soundtrigger: audio_extn_sound_trigger_update_device_status: device 0x2 of type 0 for Event 0
08-04 15:17:23.671  7266  7266 D CompassActivity: will set rotation from 0.0 to 178.77075
08-04 15:17:23.676   918   936 I ActivityManager: Displayed baseline.io.github.project_travel_mate/.utilities.CompassActivity: +586ms
08-04 15:17:23.676 13866 13866 I GoogleInputMethodServic: GoogleInputMethodService.onFinishInput():3138 
08-04 15:17:23.679 13866 13866 I GoogleInputMethodServic: GoogleInputMethodService.onStartInput():1808 
08-04 15:17:23.711  2486  2486 I ServiceManager: Waiting for service AtCmdFwd...
08-04 15:17:23.712  7266  7279 I art     : Starting a blocking GC Explicit
08-04 15:17:23.745  7266  7266 D CompassActivity: will set rotation from 178.77075 to 178.8424
08-04 15:17:23.746  7266  7266 D CompassActivity: will set rotation from 178.8424 to 178.85547
08-04 15:17:23.746  7266  7266 D CompassActivity: will set rotation from 178.85547 to 179.02313
08-04 15:17:23.746  7266  7266 D CompassActivity: will set rotation from 179.02313 to 179.02295
08-04 15:17:23.746  7266  7266 D CompassActivity: will set rotation from 179.02295 to 179.10071
08-04 15:17:23.746  7266  7266 D CompassActivity: will set rotation from 179.10071 to 179.10004
08-04 15:17:23.746  7266  7266 D CompassActivity: will set rotation from 179.10004 to 179.06921
08-04 15:17:23.746  7266  7266 D CompassActivity: will set rotation from 179.06921 to 179.07208
08-04 15:17:23.753  7266  7279 I art     : Explicit concurrent mark sweep GC freed 1918(110KB) AllocSpace objects, 2(36KB) LOS objects, 7% free, 188MB/204MB, paused 793us total 40.640ms
08-04 15:17:23.766  7266  7266 D CompassActivity: will set rotation from 179.07208 to 179.04443
08-04 15:17:23.766  7266  7266 D CompassActivity: will set rotation from 179.04443 to 179.04553
08-04 15:17:23.766  7266  7279 I art     : Starting a blocking GC Explicit
08-04 15:17:23.779  7266  7266 D CompassActivity: will set rotation from 179.04553 to 179.08704
08-04 15:17:23.779  7266  7266 D CompassActivity: will set rotation from 179.08704 to 179.0907
08-04 15:17:23.797  7266  7279 I art     : Explicit concurrent mark sweep GC freed 196(8KB) AllocSpace objects, 0(0B) LOS objects, 7% free, 188MB/204MB, paused 777us total 30.124ms
08-04 15:17:23.799  7266  7266 D CompassActivity: will set rotation from 179.0907 to 179.0086
08-04 15:17:23.799  7266  7266 D CompassActivity: will set rotation from 179.0086 to 179.01031
08-04 15:17:23.809  7266  7279 I art     : Starting a blocking GC Explicit
08-04 15:17:23.819  7266  7266 D CompassActivity: will set rotation from 179.01031 to 178.9425
08-04 15:17:23.819  7266  7266 D CompassActivity: will set rotation from 178.9425 to 178.94489
08-04 15:17:23.838   918  3261 D WifiStateMachine: starting scan for "H369AA63323"WPA_PSK with 2412,5180
08-04 15:17:23.841  7266  7266 D CompassActivity: will set rotation from 178.94489 to 179.00354
08-04 15:17:23.841  7266  7266 D CompassActivity: will set rotation from 179.00354 to 179.00781
08-04 15:17:23.843  7266  7279 I art     : Explicit concurrent mark sweep GC freed 84(4KB) AllocSpace objects, 0(0B) LOS objects, 7% free, 188MB/204MB, paused 889us total 34.317ms
08-04 15:17:23.844  7266  7278 I art     : WaitForGcToComplete blocked for 11.701ms for cause HeapTrim
08-04 15:17:23.858  7266  7279 I art     : Starting a blocking GC Explicit
08-04 15:17:23.860  7266  7266 D CompassActivity: will set rotation from 179.00781 to 179.15613
08-04 15:17:23.860  7266  7266 D CompassActivity: will set rotation from 179.15613 to 179.15997
08-04 15:17:23.880  7266  7266 D CompassActivity: will set rotation from 179.15997 to 179.19043
08-04 15:17:23.881  7266  7266 D CompassActivity: will set rotation from 179.19043 to 179.18701
08-04 15:17:23.899  7266  7266 D CompassActivity: will set rotation from 179.18701 to 179.11646
08-04 15:17:23.899  7266  7266 D CompassActivity: will set rotation from 179.11646 to 179.11505
08-04 15:17:23.899  7266  7279 I art     : Explicit concurrent mark sweep GC freed 121(5KB) AllocSpace objects, 0(0B) LOS objects, 7% free, 188MB/204MB, paused 875us total 41.157ms
08-04 15:17:23.914  7266  7279 I art     : Starting a blocking GC Explicit
08-04 15:17:23.918  7266  7266 D CompassActivity: will set rotation from 179.11505 to 179.13599
08-04 15:17:23.918  7266  7266 D CompassActivity: will set rotation from 179.13599 to 179.13135
08-04 15:17:23.923   380   380 W SurfaceFlinger: couldn't log to binary event log: overflow.
08-04 15:17:23.938  7266  7266 D CompassActivity: will set rotation from 179.13135 to 179.19727
08-04 15:17:23.939  7266  7266 D CompassActivity: will set rotation from 179.19727 to 179.19312
08-04 15:17:23.945  7266  7279 I art     : Explicit concurrent mark sweep GC freed 114(6KB) AllocSpace objects, 0(0B) LOS objects, 7% free, 188MB/204MB, paused 771us total 30.843ms
08-04 15:17:23.960  7266  7266 D CompassActivity: will set rotation from 179.19312 to 179.21472
08-04 15:17:23.960  7266  7266 D CompassActivity: will set rotation from 179.21472 to 179.21277
08-04 15:17:23.978  7266  7266 D CompassActivity: will set rotation from 179.21277 to 179.34375
08-04 15:17:23.978  7266  7266 D CompassActivity: will set rotation from 179.34375 to 179.34332
08-04 15:17:23.998  7266  7266 D CompassActivity: will set rotation from 179.34332 to 179.39331
08-04 15:17:23.998  7266  7266 D CompassActivity: will set rotation from 179.39331 to 179.39429
08-04 15:17:24.018  7266  7266 D CompassActivity: will set rotation from 179.39429 to 179.53632
08-04 15:17:24.018  7266  7266 D CompassActivity: will set rotation from 179.53632 to 179.53717
08-04 15:17:24.038  7266  7266 D CompassActivity: will set rotation from 179.53717 to 179.56464
08-04 15:17:24.039  7266  7266 D CompassActivity: will set rotation from 179.56464 to 179.56348
08-04 15:17:24.109  7266  7266 D CompassActivity: will set rotation from 179.56348 to 179.59283
08-04 15:17:24.109  7266  7266 D CompassActivity: will set rotation from 179.59283 to 179.59314
08-04 15:17:24.110  7266  7266 D CompassActivity: will set rotation from 179.59314 to 179.64832
08-04 15:17:24.111  7266  7266 D CompassActivity: will set rotation from 179.64832 to 179.64832
08-04 15:17:24.111  7266  7266 D CompassActivity: will set rotation from 179.64832 to 179.63391
08-04 15:17:24.111  7266  7266 D CompassActivity: will set rotation from 179.63391 to 179.63037
08-04 15:17:24.120  7266  7266 D CompassActivity: will set rotation from 179.63037 to 179.59167
08-04 15:17:24.120  7266  7266 D CompassActivity: will set rotation from 179.59167 to 179.59149
08-04 15:17:24.137  7266  7266 D CompassActivity: will set rotation from 179.59149 to 179.60968
08-04 15:17:24.138  7266  7266 D CompassActivity: will set rotation from 179.60968 to 179.61188
08-04 15:17:24.158  7266  7266 D CompassActivity: will set rotation from 179.61188 to 179.62866
08-04 15:17:24.158  7266  7266 D CompassActivity: will set rotation from 179.62866 to 179.62958
08-04 15:17:24.177  7266  7266 D CompassActivity: will set rotation from 179.62958 to 179.59521
08-04 15:17:24.177  7266  7266 D CompassActivity: will set rotation from 179.59521 to 179.59448
08-04 15:17:24.197  7266  7266 D CompassActivity: will set rotation from 179.59448 to 179.58514
08-04 15:17:24.197  7266  7266 D CompassActivity: will set rotation from 179.58514 to 179.58337
08-04 15:17:24.217  7266  7266 D CompassActivity: will set rotation from 179.58337 to 179.59949
08-04 15:17:24.218  7266  7266 D CompassActivity: will set rotation from 179.59949 to 179.59912
08-04 15:17:24.238  7266  7266 D CompassActivity: will set rotation from 179.59912 to 179.6372
08-04 15:17:24.238  7266  7266 D CompassActivity: will set rotation from 179.6372 to 179.63733
08-04 15:17:24.258  7266  7266 D CompassActivity: will set rotation from 179.63733 to 179.62921
08-04 15:17:24.259  7266  7266 D CompassActivity: will set rotation from 179.62921 to 179.63025
08-04 15:17:24.277  7266  7326 I art     : Starting a blocking GC Explicit
08-04 15:17:24.279  7266  7266 D CompassActivity: will set rotation from 179.63025 to 179.62537
08-04 15:17:24.280  7266  7266 D CompassActivity: will set rotation from 179.62537 to 179.62305
08-04 15:17:24.297  7266  7266 D CompassActivity: will set rotation from 179.62305 to 179.59192
08-04 15:17:24.298  7266  7266 D CompassActivity: will set rotation from 179.59192 to 179.5893
08-04 15:17:24.317  7266  7266 D CompassActivity: will set rotation from 179.5893 to 179.60687
08-04 15:17:24.317  7266  7266 D CompassActivity: will set rotation from 179.60687 to 179.60693
08-04 15:17:24.320  7266  7326 I art     : Explicit concurrent mark sweep GC freed 1965(115KB) AllocSpace objects, 2(36KB) LOS objects, 7% free, 188MB/204MB, paused 997us total 43.082ms
08-04 15:17:24.337  7266  7266 D CompassActivity: will set rotation from 179.60693 to 179.57977
08-04 15:17:24.338  7266  7266 D CompassActivity: will set rotation from 179.57977 to 179.58093
08-04 15:17:24.338  7266  7326 I art     : Starting a blocking GC Explicit
08-04 15:17:24.358  7266  7266 D CompassActivity: will set rotation from 179.58093 to 179.55334
08-04 15:17:24.358  7266  7266 D CompassActivity: will set rotation from 179.55334 to 179.55255
08-04 15:17:24.371  7266  7326 I art     : Explicit concurrent mark sweep GC freed 556(22KB) AllocSpace objects, 0(0B) LOS objects, 7% free, 188MB/204MB, paused 799us total 32.732ms
08-04 15:17:24.378  7266  7266 D CompassActivity: will set rotation from 179.55255 to 179.52747
08-04 15:17:24.378  7266  7266 D CompassActivity: will set rotation from 179.52747 to 179.5257
08-04 15:17:24.384  7266  7326 I art     : Starting a blocking GC Explicit
08-04 15:17:24.396  7266  7266 D CompassActivity: will set rotation from 179.5257 to 179.50006
08-04 15:17:24.397  7266  7266 D CompassActivity: will set rotation from 179.50006 to 179.49976
08-04 15:17:24.417  7266  7266 D CompassActivity: will set rotation from 179.49976 to 179.49982
08-04 15:17:24.417  7266  7326 I art     : Explicit concurrent mark sweep GC freed 118(5KB) AllocSpace objects, 0(0B) LOS objects, 7% free, 188MB/204MB, paused 846us total 32.721ms
08-04 15:17:24.417  7266  7266 D CompassActivity: will set rotation from 179.49982 to 179.5
08-04 15:17:24.431  7266  7326 I art     : Starting a blocking GC Explicit
08-04 15:17:24.437  7266  7266 D CompassActivity: will set rotation from 179.5 to 179.521
08-04 15:17:24.437  7266  7266 D CompassActivity: will set rotation from 179.521 to 179.52112
08-04 15:17:24.457  7266  7266 D CompassActivity: will set rotation from 179.52112 to 179.51526
08-04 15:17:24.457  7266  7266 D CompassActivity: will set rotation from 179.51526 to 179.5141
08-04 15:17:24.469  7266  7326 I art     : Explicit concurrent mark sweep GC freed 117(5KB) AllocSpace objects, 0(0B) LOS objects, 7% free, 188MB/204MB, paused 886us total 37.661ms
08-04 15:17:24.478  7266  7266 D CompassActivity: will set rotation from 179.5141 to 179.55322
08-04 15:17:24.478  7266  7266 D CompassActivity: will set rotation from 179.55322 to 179.55078
08-04 15:17:24.485  7266  7326 I art     : Starting a blocking GC Explicit
08-04 15:17:24.496  7266  7266 D CompassActivity: will set rotation from 179.55078 to 179.54395
08-04 15:17:24.496  7266  7266 D CompassActivity: will set rotation from 179.54395 to 179.53967
08-04 15:17:24.516  7266  7266 D CompassActivity: will set rotation from 179.53967 to 179.53577
08-04 15:17:24.518  7266  7266 D CompassActivity: will set rotation from 179.53577 to 179.5354
08-04 15:17:24.520  7266  7326 I art     : Explicit concurrent mark sweep GC freed 114(5KB) AllocSpace objects, 0(0B) LOS objects, 7% free, 188MB/204MB, paused 881us total 35.212ms
08-04 15:17:24.537  7266  7266 D CompassActivity: will set rotation from 179.5354 to 179.57086
08-04 15:17:24.537  7266  7266 D CompassActivity: will set rotation from 179.57086 to 179.57227
08-04 15:17:24.557  7266  7266 D CompassActivity: will set rotation from 179.57227 to 179.58661
08-04 15:17:24.558  7266  7266 D CompassActivity: will set rotation from 179.58661 to 179.5874
08-04 15:17:24.577  7266  7266 D CompassActivity: will set rotation from 179.5874 to 179.56354
08-04 15:17:24.578  7266  7266 D CompassActivity: will set rotation from 179.56354 to 179.56476
08-04 15:17:24.597  7266  7266 D CompassActivity: will set rotation from 179.56476 to 179.58307
08-04 15:17:24.597  7266  7266 D CompassActivity: will set rotation from 179.58307 to 179.58124
08-04 15:17:24.615  7266  7266 D CompassActivity: will set rotation from 179.58124 to 179.61554
08-04 15:17:24.616  7266  7266 D CompassActivity: will set rotation from 179.61554 to 179.61505
08-04 15:17:24.636  7266  7266 D CompassActivity: will set rotation from 179.61505 to 179.62701
08-04 15:17:24.637  7266  7266 D CompassActivity: will set rotation from 179.62701 to 179.62787
08-04 15:17:24.656  7266  7266 D CompassActivity: will set rotation from 179.62787 to 179.64124
08-04 15:17:24.657  7266  7266 D CompassActivity: will set rotation from 179.64124 to 179.64001
08-04 15:17:24.680  7266  7266 D CompassActivity: will set rotation from 179.64001 to 179.65173
08-04 15:17:24.681  7266  7266 D CompassActivity: will set rotation from 179.65173 to 179.65332
08-04 15:17:24.696  7266  7266 D CompassActivity: will set rotation from 179.65332 to 179.66449
08-04 15:17:24.697  7266  7266 D CompassActivity: will set rotation from 179.66449 to 179.66522
08-04 15:17:24.711  2486  2486 I ServiceManager: Waiting for service AtCmdFwd...
08-04 15:17:24.716  7266  7266 D CompassActivity: will set rotation from 179.66522 to 179.67523
08-04 15:17:24.717  7266  7266 D CompassActivity: will set rotation from 179.67523 to 179.67761
08-04 15:17:24.736  7266  7266 D CompassActivity: will set rotation from 179.67761 to 179.67175
08-04 15:17:24.736  7266  7266 D CompassActivity: will set rotation from 179.67175 to 179.67273
08-04 15:17:24.755  7266  7266 D CompassActivity: will set rotation from 179.67273 to 179.68231
08-04 15:17:24.756  7266  7266 D CompassActivity: will set rotation from 179.68231 to 179.67993
08-04 15:17:24.779  7266  7266 D CompassActivity: will set rotation from 179.67993 to 179.69183
08-04 15:17:24.780  7266  7266 D CompassActivity: will set rotation from 179.69183 to 179.69006
08-04 15:17:24.796  7266  7266 D CompassActivity: will set rotation from 179.69006 to 179.6961
08-04 15:17:24.797  7266  7266 D CompassActivity: will set rotation from 179.6961 to 179.69757
08-04 15:17:24.815  7266  7266 D CompassActivity: will set rotation from 179.69757 to 179.67188
08-04 15:17:24.815  7266  7266 D CompassActivity: will set rotation from 179.67188 to 179.67139
08-04 15:17:24.835  7266  7266 D CompassActivity: will set rotation from 179.67139 to 179.64563
08-04 15:17:24.835  7266  7266 D CompassActivity: will set rotation from 179.64563 to 179.64624
08-04 15:17:24.855  7266  7266 D CompassActivity: will set rotation from 179.64624 to 179.58606
08-04 15:17:24.855  7266  7266 D CompassActivity: will set rotation from 179.58606 to 179.58856
08-04 15:17:24.881  7266  7266 D CompassActivity: will set rotation from 179.58856 to 179.61707
08-04 15:17:24.881  7266  7266 D CompassActivity: will set rotation from 179.61707 to 179.61823
08-04 15:17:24.900  7266  7266 D CompassActivity: will set rotation from 179.61823 to 179.59601
08-04 15:17:24.901  7266  7266 D CompassActivity: will set rotation from 179.59601 to 179.59326
08-04 15:17:24.913  7266  7327 I art     : Starting a blocking GC Explicit
08-04 15:17:24.918  7266  7266 D CompassActivity: will set rotation from 179.59326 to 179.58795
08-04 15:17:24.919  7266  7266 D CompassActivity: will set rotation from 179.58795 to 179.58661
08-04 15:17:24.937  7266  7266 D CompassActivity: will set rotation from 179.58661 to 179.61554
08-04 15:17:24.938  7266  7266 D CompassActivity: will set rotation from 179.61554 to 179.61432
08-04 15:17:24.956  7266  7266 D CompassActivity: will set rotation from 179.61432 to 179.6261
08-04 15:17:24.958  7266  7327 I art     : Explicit concurrent mark sweep GC freed 2034(119KB) AllocSpace objects, 2(36KB) LOS objects, 7% free, 188MB/204MB, paused 899us total 44.208ms
08-04 15:17:24.960  7266  7266 D CompassActivity: will set rotation from 179.6261 to 179.62634
08-04 15:17:24.974  7266  7327 I art     : Starting a blocking GC Explicit
08-04 15:17:24.980  7266  7266 D CompassActivity: will set rotation from 179.62634 to 179.6546
08-04 15:17:24.981  7266  7266 D CompassActivity: will set rotation from 179.6546 to 179.65454
08-04 15:17:24.997  7266  7266 D CompassActivity: will set rotation from 179.65454 to 179.63129
08-04 15:17:24.997  7266  7266 D CompassActivity: will set rotation from 179.63129 to 179.63129
08-04 15:17:25.015  7266  7266 D CompassActivity: will set rotation from 179.63129 to 179.62488
08-04 15:17:25.015  7266  7266 D CompassActivity: will set rotation from 179.62488 to 179.62378
08-04 15:17:25.018  7266  7327 I art     : Explicit concurrent mark sweep GC freed 699(28KB) AllocSpace objects, 0(0B) LOS objects, 7% free, 188MB/204MB, paused 880us total 43.694ms
08-04 15:17:25.034  7266  7327 I art     : Starting a blocking GC Explicit
08-04 15:17:25.035  7266  7266 D CompassActivity: will set rotation from 179.62378 to 179.60162
08-04 15:17:25.037  7266  7266 D CompassActivity: will set rotation from 179.60162 to 179.599
08-04 15:17:25.056  7266  7266 D CompassActivity: will set rotation from 179.599 to 179.60828
08-04 15:17:25.057  7266  7266 D CompassActivity: will set rotation from 179.60828 to 179.60748
08-04 15:17:25.069   518   646 I ThermalEngine: ACTION: GPU - Setting GPU[0] to 450000000
08-04 15:17:25.082  7266  7327 I art     : Explicit concurrent mark sweep GC freed 146(6KB) AllocSpace objects, 0(0B) LOS objects, 7% free, 188MB/204MB, paused 2.883ms total 48.047ms
08-04 15:17:25.085  7266  7266 D CompassActivity: will set rotation from 179.60748 to 179.63477
08-04 15:17:25.085  7266  7266 D CompassActivity: will set rotation from 179.63477 to 179.63483
08-04 15:17:25.097  7266  7266 D CompassActivity: will set rotation from 179.63483 to 179.64618
08-04 15:17:25.098  7266  7266 D CompassActivity: will set rotation from 179.64618 to 179.64697
08-04 15:17:25.101  7266  7327 I art     : Starting a blocking GC Explicit
08-04 15:17:25.114  7266  7266 D CompassActivity: will set rotation from 179.64697 to 179.64105
08-04 15:17:25.114  7266  7266 D CompassActivity: will set rotation from 179.64105 to 179.643
08-04 15:17:25.133  7266  7266 D CompassActivity: will set rotation from 179.643 to 179.60559
08-04 15:17:25.134  7266  7266 D CompassActivity: will set rotation from 179.60559 to 179.60693
08-04 15:17:25.145  7266  7327 I art     : Explicit concurrent mark sweep GC freed 134(7KB) AllocSpace objects, 0(0B) LOS objects, 7% free, 188MB/204MB, paused 1.214ms total 43.979ms
08-04 15:17:25.154  7266  7266 D CompassActivity: will set rotation from 179.60693 to 179.63641
08-04 15:17:25.154  7266  7266 D CompassActivity: will set rotation from 179.63641 to 179.63647
08-04 15:17:25.164  7266  7327 I art     : Starting a blocking GC Explicit
08-04 15:17:25.174  7266  7266 D CompassActivity: will set rotation from 179.63647 to 179.62842
08-04 15:17:25.174  7266  7266 D CompassActivity: will set rotation from 179.62842 to 179.62866
08-04 15:17:25.195  7266  7266 D CompassActivity: will set rotation from 179.62866 to 179.60583
08-04 15:17:25.196  7266  7266 D CompassActivity: will set rotation from 179.60583 to 179.60675
08-04 15:17:25.207  7266  7327 I art     : Explicit concurrent mark sweep GC freed 161(7KB) AllocSpace objects, 0(0B) LOS objects, 7% free, 188MB/204MB, paused 1.209ms total 43.344ms
08-04 15:17:25.214  7266  7266 D CompassActivity: will set rotation from 179.60675 to 179.61664
08-04 15:17:25.214  7266  7266 D CompassActivity: will set rotation from 179.61664 to 179.61609
08-04 15:17:25.235  7266  7266 D CompassActivity: will set rotation from 179.61609 to 179.64337
08-04 15:17:25.236  7266  7266 D CompassActivity: will set rotation from 179.64337 to 179.64258
08-04 15:17:25.254  7266  7266 D CompassActivity: will set rotation from 179.64258 to 179.65125
08-04 15:17:25.254  7266  7266 D CompassActivity: will set rotation from 179.65125 to 179.65112
08-04 15:17:25.274  7266  7266 D CompassActivity: will set rotation from 179.65112 to 179.69183
08-04 15:17:25.274  7266  7266 D CompassActivity: will set rotation from 179.69183 to 179.68964
08-04 15:17:25.300  7266  7266 D CompassActivity: will set rotation from 179.68964 to 179.66638
08-04 15:17:25.301  7266  7266 D CompassActivity: will set rotation from 179.66638 to 179.66644
08-04 15:17:25.314  7266  7266 D CompassActivity: will set rotation from 179.66644 to 179.67657
08-04 15:17:25.315  7266  7266 D CompassActivity: will set rotation from 179.67657 to 179.67413
08-04 15:17:25.333  7266  7266 D CompassActivity: will set rotation from 179.67413 to 179.68475
08-04 15:17:25.334  7266  7266 D CompassActivity: will set rotation from 179.68475 to 179.68304
08-04 15:17:25.353  7266  7266 D CompassActivity: will set rotation from 179.68304 to 179.70801
08-04 15:17:25.354  7266  7266 D CompassActivity: will set rotation from 179.70801 to 179.70953
08-04 15:17:25.373  7266  7266 D CompassActivity: will set rotation from 179.70953 to 179.70154
08-04 15:17:25.373  7266  7266 D CompassActivity: will set rotation from 179.70154 to 179.70233
08-04 15:17:25.397  7266  7266 D CompassActivity: will set rotation from 179.70233 to 179.72363
08-04 15:17:25.397  7266  7266 D CompassActivity: will set rotation from 179.72363 to 179.72577
08-04 15:17:25.414  7266  7266 D CompassActivity: will set rotation from 179.72577 to 179.70001
08-04 15:17:25.414  7266  7266 D CompassActivity: will set rotation from 179.70001 to 179.70099
08-04 15:17:25.432  7266  7266 D CompassActivity: will set rotation from 179.70099 to 179.67938
08-04 15:17:25.433  7266  7266 D CompassActivity: will set rotation from 179.67938 to 179.67865
08-04 15:17:25.453  7266  7266 D CompassActivity: will set rotation from 179.67865 to 179.67151
08-04 15:17:25.454  7266  7266 D CompassActivity: will set rotation from 179.67151 to 179.6706
08-04 15:17:25.472  7266  7266 D CompassActivity: will set rotation from 179.6706 to 179.67767
08-04 15:17:25.473  7266  7266 D CompassActivity: will set rotation from 179.67767 to 179.67664
08-04 15:17:25.493  7266  7266 D CompassActivity: will set rotation from 179.67664 to 179.66888
08-04 15:17:25.494  7266  7266 D CompassActivity: will set rotation from 179.66888 to 179.66724
08-04 15:17:25.513  7266  7266 D CompassActivity: will set rotation from 179.66724 to 179.6582
08-04 15:17:25.514  7266  7266 D CompassActivity: will set rotation from 179.6582 to 179.65857
08-04 15:17:25.532  7266  7266 D CompassActivity: will set rotation from 179.65857 to 179.66699
08-04 15:17:25.532  7266  7266 D CompassActivity: will set rotation from 179.66699 to 179.66815
08-04 15:17:25.552  7266  7266 D CompassActivity: will set rotation from 179.66815 to 179.66223
08-04 15:17:25.552  7266  7266 D CompassActivity: will set rotation from 179.66223 to 179.66339
08-04 15:17:25.573  7266  7266 D CompassActivity: will set rotation from 179.66339 to 179.65924
08-04 15:17:25.574  7266  7266 D CompassActivity: will set rotation from 179.65924 to 179.65826
08-04 15:17:25.598  7266  7266 D CompassActivity: will set rotation from 179.65826 to 179.6706
08-04 15:17:25.599  7266  7266 D CompassActivity: will set rotation from 179.6706 to 179.66956
08-04 15:17:25.600  7266  7280 I art     : Starting a blocking GC Explicit
08-04 15:17:25.614  7266  7266 D CompassActivity: will set rotation from 179.66956 to 179.64471
08-04 15:17:25.615  7266  7266 D CompassActivity: will set rotation from 179.64471 to 179.64343
08-04 15:17:25.633  7266  7266 D CompassActivity: will set rotation from 179.64343 to 179.65295
08-04 15:17:25.634  7266  7266 D CompassActivity: will set rotation from 179.65295 to 179.65076
08-04 15:17:25.651  7266  7280 I art     : Explicit concurrent mark sweep GC freed 2035(119KB) AllocSpace objects, 2(36KB) LOS objects, 7% free, 188MB/204MB, paused 1.056ms total 50.713ms
08-04 15:17:25.652  7266  7266 D CompassActivity: will set rotation from 179.65076 to 179.65839
08-04 15:17:25.652  7266  7266 D CompassActivity: will set rotation from 179.65839 to 179.65863
08-04 15:17:25.669  7266  7280 I art     : Starting a blocking GC Explicit
08-04 15:17:25.671  7266  7266 D CompassActivity: will set rotation from 179.65863 to 179.66772
08-04 15:17:25.672  7266  7266 D CompassActivity: will set rotation from 179.66772 to 179.66724
08-04 15:17:25.694  7266  7266 D CompassActivity: will set rotation from 179.66724 to 179.64154
08-04 15:17:25.695  7266  7266 D CompassActivity: will set rotation from 179.64154 to 179.6399
08-04 15:17:25.712  2486  2486 I ServiceManager: Waiting for service AtCmdFwd...
08-04 15:17:25.712  7266  7266 D CompassActivity: will set rotation from 179.6399 to 179.64874
08-04 15:17:25.712  7266  7266 D CompassActivity: will set rotation from 179.64874 to 179.64856
08-04 15:17:25.713  7266  7280 I art     : Explicit concurrent mark sweep GC freed 736(28KB) AllocSpace objects, 0(0B) LOS objects, 7% free, 188MB/204MB, paused 1.055ms total 43.370ms
08-04 15:17:25.730  7266  7280 I art     : Starting a blocking GC Explicit
08-04 15:17:25.732  7266  7266 D CompassActivity: will set rotation from 179.64856 to 179.65778
08-04 15:17:25.733  7266  7266 D CompassActivity: will set rotation from 179.65778 to 179.65869
08-04 15:17:25.752  7266  7266 D CompassActivity: will set rotation from 179.65869 to 179.68207
08-04 15:17:25.752  7266  7266 D CompassActivity: will set rotation from 179.68207 to 179.6795
08-04 15:17:25.772  7266  7266 D CompassActivity: will set rotation from 179.6795 to 179.70374
08-04 15:17:25.772  7266  7266 D CompassActivity: will set rotation from 179.70374 to 179.703
08-04 15:17:25.772  7266  7280 I art     : Explicit concurrent mark sweep GC freed 132(6KB) AllocSpace objects, 0(0B) LOS objects, 7% free, 188MB/204MB, paused 1.082ms total 42.510ms
08-04 15:17:25.790  7266  7280 I art     : Starting a blocking GC Explicit
08-04 15:17:25.792  7266  7266 D CompassActivity: will set rotation from 179.703 to 179.69434
08-04 15:17:25.792  7266  7266 D CompassActivity: will set rotation from 179.69434 to 179.69427
08-04 15:17:25.812  7266  7266 D CompassActivity: will set rotation from 179.69427 to 179.70105
08-04 15:17:25.813  7266  7266 D CompassActivity: will set rotation from 179.70105 to 179.70105
08-04 15:17:25.833  7266  7266 D CompassActivity: will set rotation from 179.70105 to 179.72046
08-04 15:17:25.834  7266  7280 I art     : Explicit concurrent mark sweep GC freed 132(6KB) AllocSpace objects, 0(0B) LOS objects, 7% free, 188MB/204MB, paused 1.099ms total 43.767ms
08-04 15:17:25.835  7266  7266 D CompassActivity: will set rotation from 179.72046 to 179.7207
08-04 15:17:25.852  7266  7266 D CompassActivity: will set rotation from 179.7207 to 179.68286
08-04 15:17:25.853  7266  7266 D CompassActivity: will set rotation from 179.68286 to 179.68457
08-04 15:17:25.853  7266  7280 I art     : Starting a blocking GC Explicit
08-04 15:17:25.871  7266  7266 D CompassActivity: will set rotation from 179.68457 to 179.69324
08-04 15:17:25.872  7266  7266 D CompassActivity: will set rotation from 179.69324 to 179.6925
08-04 15:17:25.891  7266  7266 D CompassActivity: will set rotation from 179.6925 to 179.68445
08-04 15:17:25.893  7266  7266 D CompassActivity: will set rotation from 179.68445 to 179.68262
08-04 15:17:25.899  8835  8835 D AndroidRuntime: >>>>>> START com.android.internal.os.RuntimeInit uid 2000 <<<<<<
08-04 15:17:25.902  7266  7280 I art     : Explicit concurrent mark sweep GC freed 150(7KB) AllocSpace objects, 0(0B) LOS objects, 7% free, 188MB/204MB, paused 1.248ms total 48.348ms
08-04 15:17:25.905  8835  8835 D AndroidRuntime: CheckJNI is OFF
08-04 15:17:25.913  7266  7266 D CompassActivity: will set rotation from 179.68262 to 179.67542
08-04 15:17:25.914  7266  7266 D CompassActivity: will set rotation from 179.67542 to 179.6737
08-04 15:17:25.934  7266  7266 D CompassActivity: will set rotation from 179.6737 to 179.66522
08-04 15:17:25.935  7266  7266 D CompassActivity: will set rotation from 179.66522 to 179.66461
08-04 15:17:25.950  8835  8835 D ICU     : No timezone override file found: /data/misc/zoneinfo/current/icu/icu_tzdata.dat
08-04 15:17:25.952  7266  7266 D CompassActivity: will set rotation from 179.66461 to 179.64368
08-04 15:17:25.952  7266  7266 D CompassActivity: will set rotation from 179.64368 to 179.64453
08-04 15:17:25.971  7266  7266 D CompassActivity: will set rotation from 179.64453 to 179.64014
08-04 15:17:25.972  7266  7266 D CompassActivity: will set rotation from 179.64014 to 179.64148
08-04 15:17:25.991  7266  7266 D CompassActivity: will set rotation from 179.64148 to 179.6507
08-04 15:17:25.992  7266  7266 D CompassActivity: will set rotation from 179.6507 to 179.651
08-04 15:17:25.995  8835  8835 I Radio-JNI: register_android_hardware_Radio DONE
08-04 15:17:26.012  7266  7266 D CompassActivity: will set rotation from 179.651 to 179.61554
08-04 15:17:26.013  7266  7266 D CompassActivity: will set rotation from 179.61554 to 179.61621
08-04 15:17:26.024  8835  8835 D AndroidRuntime: Calling main entry com.android.commands.input.Input
08-04 15:17:26.028  8835  8835 I Input   : injectKeyEvent: KeyEvent { action=ACTION_DOWN, keyCode=KEYCODE_BACK, scanCode=0, metaState=0, flags=0x0, repeatCount=0, eventTime=717462441, downTime=717462441, deviceId=-1, source=0x101 }
08-04 15:17:26.031  7266  7266 D CompassActivity: will set rotation from 179.61621 to 179.62872
08-04 15:17:26.031  7266  7266 D CompassActivity: will set rotation from 179.62872 to 179.62701
08-04 15:17:26.034  8835  8835 I Input   : injectKeyEvent: KeyEvent { action=ACTION_UP, keyCode=KEYCODE_BACK, scanCode=0, metaState=0, flags=0x0, repeatCount=0, eventTime=717462441, downTime=717462441, deviceId=-1, source=0x101 }
08-04 15:17:26.044   918  6029 I sensors : activate
08-04 15:17:26.045   918  6110 I sensors : activate
08-04 15:17:26.045  8835  8835 D AndroidRuntime: Shutting down VM
08-04 15:17:26.051   918  3188 I hubconnection: sensorhub said: 'activate 1 enable:0'
08-04 15:17:26.052   918  3188 I hubconnection: sensorhub said: 'activate 3 enable:0'
08-04 15:17:26.076  7266  7266 V MainActivity: url = https://project-travel-mate.herokuapp.com/api/number-of-unread-notifications
08-04 15:17:26.192 13866 13866 I GoogleInputMethodServic: GoogleInputMethodService.onFinishInput():3138 
08-04 15:17:26.193 13866 13866 I GoogleInputMethodServic: GoogleInputMethodService.onStartInput():1808 
08-04 15:17:26.298  7266  7279 I art     : Starting a blocking GC Explicit
08-04 15:17:26.338  7266  7279 I art     : Explicit concurrent mark sweep GC freed 2282(125KB) AllocSpace objects, 2(36KB) LOS objects, 7% free, 188MB/204MB, paused 1.117ms total 40.134ms
08-04 15:17:26.355  7266  7279 I art     : Starting a blocking GC Explicit
08-04 15:17:26.395  7266  7279 I art     : Explicit concurrent mark sweep GC freed 327(12KB) AllocSpace objects, 0(0B) LOS objects, 7% free, 188MB/204MB, paused 1.005ms total 39.838ms
08-04 15:17:26.412  7266  7279 I art     : Starting a blocking GC Explicit
08-04 15:17:26.451  7266  7279 I art     : Explicit concurrent mark sweep GC freed 3(96B) AllocSpace objects, 0(0B) LOS objects, 7% free, 188MB/204MB, paused 1.044ms total 39.038ms
08-04 15:17:26.459  7266  7266 D CompassActivity: stop compass
08-04 15:17:26.459   380   380 W SurfaceFlinger: couldn't log to binary event log: overflow.
08-04 15:17:26.469  7266  7279 I art     : Starting a blocking GC Explicit
08-04 15:17:26.509  7266  7279 I art     : Explicit concurrent mark sweep GC freed 22(928B) AllocSpace objects, 0(0B) LOS objects, 7% free, 188MB/204MB, paused 1.087ms total 39.817ms
08-04 15:17:26.526  7266  7279 I art     : Starting a blocking GC Explicit
08-04 15:17:26.582  7266  7279 I art     : Explicit concurrent mark sweep GC freed 1266(81KB) AllocSpace objects, 3(52MB) LOS objects, 10% free, 136MB/152MB, paused 1.093ms total 56.577ms
08-04 15:17:26.712  2486  2486 W Atfwd_Sendcmd: AtCmdFwd service not published, waiting... retryCnt : 5
08-04 15:17:26.908  7266  8860 I NAPPA_EXPERIMENTATION: MetricNetworkRequestExecutionTime: REQUEST_DURATION_SYSTEM='829',REQUEST_DURATION_OKHTTP='31',REQUEST_SYNCHRONOUS='FALSE',RESPONSE_CODE='200',RESPONSE_METHOD='GET',RESPONSE_LENGTH_OKHTTP='36',RESPONSE_LENGTH_HEADER='36',REQUEST_PROTOCOL='http/1.1',REQUEST_URL='https://project-travel-mate.herokuapp.com/api/number-of-unread-notifications',
08-04 15:17:26.973  7266  7326 I art     : Starting a blocking GC Explicit
08-04 15:17:27.033  7266  7326 I art     : Explicit concurrent mark sweep GC freed 4435(241KB) AllocSpace objects, 5(236KB) LOS objects, 10% free, 136MB/152MB, paused 1.279ms total 60.283ms
08-04 15:17:27.054  7266  7326 I art     : Starting a blocking GC Explicit
08-04 15:17:27.100  7266  7326 I art     : Explicit concurrent mark sweep GC freed 972(117KB) AllocSpace objects, 0(0B) LOS objects, 10% free, 136MB/152MB, paused 1.092ms total 45.304ms
08-04 15:17:27.117  7266  7326 I art     : Starting a blocking GC Explicit
08-04 15:17:27.162  7266  7326 I art     : Explicit concurrent mark sweep GC freed 3(96B) AllocSpace objects, 0(0B) LOS objects, 10% free, 136MB/152MB, paused 1.063ms total 44.793ms
08-04 15:17:27.180  7266  7326 I art     : Starting a blocking GC Explicit
08-04 15:17:27.227  7266  7326 I art     : Explicit concurrent mark sweep GC freed 3(96B) AllocSpace objects, 0(0B) LOS objects, 10% free, 136MB/152MB, paused 1.223ms total 47.108ms
08-04 15:17:27.249  7266  7326 I art     : Starting a blocking GC Explicit
08-04 15:17:27.293  7266  7326 I art     : Explicit concurrent mark sweep GC freed 3(96B) AllocSpace objects, 0(0B) LOS objects, 10% free, 136MB/152MB, paused 1.014ms total 43.789ms
08-04 15:17:27.676  7266  7327 I art     : Starting a blocking GC Explicit
08-04 15:17:27.732  7266  7327 I art     : Explicit concurrent mark sweep GC freed 1615(92KB) AllocSpace objects, 2(36KB) LOS objects, 10% free, 136MB/152MB, paused 1.139ms total 55.104ms
08-04 15:17:27.749  7266  7327 I art     : Starting a blocking GC Explicit
08-04 15:17:27.788  7266  7327 I art     : Explicit concurrent mark sweep GC freed 29(1056B) AllocSpace objects, 0(0B) LOS objects, 10% free, 136MB/152MB, paused 1.061ms total 37.085ms
08-04 15:17:27.806  7266  7327 I art     : Starting a blocking GC Explicit
08-04 15:17:27.827  8880  8880 D AndroidRuntime: >>>>>> START com.android.internal.os.RuntimeInit uid 2000 <<<<<<
08-04 15:17:27.832  8880  8880 D AndroidRuntime: CheckJNI is OFF
08-04 15:17:27.846  7266  7327 I art     : Explicit concurrent mark sweep GC freed 10(320B) AllocSpace objects, 0(0B) LOS objects, 10% free, 136MB/152MB, paused 1.030ms total 39.546ms
08-04 15:17:27.862  7266  7327 I art     : Starting a blocking GC Explicit
08-04 15:17:27.874  8880  8880 D ICU     : No timezone override file found: /data/misc/zoneinfo/current/icu/icu_tzdata.dat
08-04 15:17:27.904  7266  7327 I art     : Explicit concurrent mark sweep GC freed 11(352B) AllocSpace objects, 0(0B) LOS objects, 10% free, 136MB/152MB, paused 1.099ms total 42.226ms
08-04 15:17:27.916  8880  8880 I Radio-JNI: register_android_hardware_Radio DONE
08-04 15:17:27.922  7266  7327 I art     : Starting a blocking GC Explicit
08-04 15:17:27.946  8880  8880 D AndroidRuntime: Calling main entry com.android.commands.input.Input
08-04 15:17:27.948  8880  8880 I Input   : injectMotionEvent: MotionEvent { action=ACTION_DOWN, actionButton=0, id[0]=0, x[0]=500.0, y[0]=2000.0, toolType[0]=TOOL_TYPE_UNKNOWN, buttonState=0, metaState=0, flags=0x0, edgeFlags=0x0, pointerCount=1, historySize=0, eventTime=717464360, downTime=717464360, deviceId=0, source=0x1002 }
08-04 15:17:27.953  8880  8880 I Input   : injectMotionEvent: MotionEvent { action=ACTION_MOVE, actionButton=0, id[0]=0, x[0]=500.0, y[0]=2000.0, toolType[0]=TOOL_TYPE_UNKNOWN, buttonState=0, metaState=0, flags=0x0, edgeFlags=0x0, pointerCount=1, historySize=0, eventTime=717464360, downTime=717464360, deviceId=0, source=0x1002 }
08-04 15:17:27.961  8880  8880 I Input   : injectMotionEvent: MotionEvent { action=ACTION_MOVE, actionButton=0, id[0]=0, x[0]=500.0, y[0]=1973.4, toolType[0]=TOOL_TYPE_UNKNOWN, buttonState=0, metaState=0, flags=0x0, edgeFlags=0x0, pointerCount=1, historySize=0, eventTime=717464374, downTime=717464374, deviceId=0, source=0x1002 }
08-04 15:17:27.964  7266  7327 I art     : Explicit concurrent mark sweep GC freed 7(224B) AllocSpace objects, 0(0B) LOS objects, 10% free, 136MB/152MB, paused 1.149ms total 42.305ms
08-04 15:17:27.978  8880  8880 I Input   : injectMotionEvent: MotionEvent { action=ACTION_MOVE, actionButton=0, id[0]=0, x[0]=500.0, y[0]=1941.1, toolType[0]=TOOL_TYPE_UNKNOWN, buttonState=0, metaState=0, flags=0x0, edgeFlags=0x0, pointerCount=1, historySize=0, eventTime=717464391, downTime=717464391, deviceId=0, source=0x1002 }
08-04 15:17:28.003  8880  8880 I Input   : injectMotionEvent: MotionEvent { action=ACTION_MOVE, actionButton=0, id[0]=0, x[0]=500.0, y[0]=1893.6, toolType[0]=TOOL_TYPE_UNKNOWN, buttonState=0, metaState=0, flags=0x0, edgeFlags=0x0, pointerCount=1, historySize=0, eventTime=717464416, downTime=717464416, deviceId=0, source=0x1002 }
08-04 15:17:28.011  8880  8880 I Input   : injectMotionEvent: MotionEvent { action=ACTION_MOVE, actionButton=0, id[0]=0, x[0]=500.0, y[0]=1876.5, toolType[0]=TOOL_TYPE_UNKNOWN, buttonState=0, metaState=0, flags=0x0, edgeFlags=0x0, pointerCount=1, historySize=0, eventTime=717464425, downTime=717464425, deviceId=0, source=0x1002 }
08-04 15:17:28.028  8880  8880 I Input   : injectMotionEvent: MotionEvent { action=ACTION_MOVE, actionButton=0, id[0]=0, x[0]=500.0, y[0]=1844.2, toolType[0]=TOOL_TYPE_UNKNOWN, buttonState=0, metaState=0, flags=0x0, edgeFlags=0x0, pointerCount=1, historySize=0, eventTime=717464442, downTime=717464442, deviceId=0, source=0x1002 }
08-04 15:17:28.045  8880  8880 I Input   : injectMotionEvent: MotionEvent { action=ACTION_MOVE, actionButton=0, id[0]=0, x[0]=500.0, y[0]=1813.8, toolType[0]=TOOL_TYPE_UNKNOWN, buttonState=0, metaState=0, flags=0x0, edgeFlags=0x0, pointerCount=1, historySize=0, eventTime=717464458, downTime=717464458, deviceId=0, source=0x1002 }
08-04 15:17:28.061  8880  8880 I Input   : injectMotionEvent: MotionEvent { action=ACTION_MOVE, actionButton=0, id[0]=0, x[0]=500.0, y[0]=1783.4, toolType[0]=TOOL_TYPE_UNKNOWN, buttonState=0, metaState=0, flags=0x0, edgeFlags=0x0, pointerCount=1, historySize=0, eventTime=717464474, downTime=717464474, deviceId=0, source=0x1002 }
08-04 15:17:28.078  8880  8880 I Input   : injectMotionEvent: MotionEvent { action=ACTION_MOVE, actionButton=0, id[0]=0, x[0]=500.0, y[0]=1751.1, toolType[0]=TOOL_TYPE_UNKNOWN, buttonState=0, metaState=0, flags=0x0, edgeFlags=0x0, pointerCount=1, historySize=0, eventTime=717464491, downTime=717464491, deviceId=0, source=0x1002 }
08-04 15:17:28.094  8880  8880 I Input   : injectMotionEvent: MotionEvent { action=ACTION_MOVE, actionButton=0, id[0]=0, x[0]=500.0, y[0]=1718.8, toolType[0]=TOOL_TYPE_UNKNOWN, buttonState=0, metaState=0, flags=0x0, edgeFlags=0x0, pointerCount=1, historySize=0, eventTime=717464508, downTime=717464508, deviceId=0, source=0x1002 }
08-04 15:17:28.112  8880  8880 I Input   : injectMotionEvent: MotionEvent { action=ACTION_MOVE, actionButton=0, id[0]=0, x[0]=500.0, y[0]=1686.5, toolType[0]=TOOL_TYPE_UNKNOWN, buttonState=0, metaState=0, flags=0x0, edgeFlags=0x0, pointerCount=1, historySize=0, eventTime=717464525, downTime=717464525, deviceId=0, source=0x1002 }
08-04 15:17:28.129  8880  8880 I Input   : injectMotionEvent: MotionEvent { action=ACTION_MOVE, actionButton=0, id[0]=0, x[0]=500.0, y[0]=1654.2, toolType[0]=TOOL_TYPE_UNKNOWN, buttonState=0, metaState=0, flags=0x0, edgeFlags=0x0, pointerCount=1, historySize=0, eventTime=717464542, downTime=717464542, deviceId=0, source=0x1002 }
08-04 15:17:28.145  8880  8880 I Input   : injectMotionEvent: MotionEvent { action=ACTION_MOVE, actionButton=0, id[0]=0, x[0]=500.0, y[0]=1623.8, toolType[0]=TOOL_TYPE_UNKNOWN, buttonState=0, metaState=0, flags=0x0, edgeFlags=0x0, pointerCount=1, historySize=0, eventTime=717464558, downTime=717464558, deviceId=0, source=0x1002 }
08-04 15:17:28.162  8880  8880 I Input   : injectMotionEvent: MotionEvent { action=ACTION_MOVE, actionButton=0, id[0]=0, x[0]=500.0, y[0]=1591.5, toolType[0]=TOOL_TYPE_UNKNOWN, buttonState=0, metaState=0, flags=0x0, edgeFlags=0x0, pointerCount=1, historySize=0, eventTime=717464575, downTime=717464575, deviceId=0, source=0x1002 }
08-04 15:17:28.183  8880  8880 I Input   : injectMotionEvent: MotionEvent { action=ACTION_MOVE, actionButton=0, id[0]=0, x[0]=500.0, y[0]=1551.6, toolType[0]=TOOL_TYPE_UNKNOWN, buttonState=0, metaState=0, flags=0x0, edgeFlags=0x0, pointerCount=1, historySize=0, eventTime=717464596, downTime=717464596, deviceId=0, source=0x1002 }
08-04 15:17:28.195  8880  8880 I Input   : injectMotionEvent: MotionEvent { action=ACTION_MOVE, actionButton=0, id[0]=0, x[0]=500.0, y[0]=1528.8, toolType[0]=TOOL_TYPE_UNKNOWN, buttonState=0, metaState=0, flags=0x0, edgeFlags=0x0, pointerCount=1, historySize=0, eventTime=717464608, downTime=717464608, deviceId=0, source=0x1002 }
08-04 15:17:28.212  8880  8880 I Input   : injectMotionEvent: MotionEvent { action=ACTION_MOVE, actionButton=0, id[0]=0, x[0]=500.0, y[0]=1496.5, toolType[0]=TOOL_TYPE_UNKNOWN, buttonState=0, metaState=0, flags=0x0, edgeFlags=0x0, pointerCount=1, historySize=0, eventTime=717464625, downTime=717464625, deviceId=0, source=0x1002 }
08-04 15:17:28.228  8880  8880 I Input   : injectMotionEvent: MotionEvent { action=ACTION_MOVE, actionButton=0, id[0]=0, x[0]=500.0, y[0]=1466.1001, toolType[0]=TOOL_TYPE_UNKNOWN, buttonState=0, metaState=0, flags=0x0, edgeFlags=0x0, pointerCount=1, historySize=0, eventTime=717464641, downTime=717464641, deviceId=0, source=0x1002 }
08-04 15:17:28.245  8880  8880 I Input   : injectMotionEvent: MotionEvent { action=ACTION_MOVE, actionButton=0, id[0]=0, x[0]=500.0, y[0]=1433.8, toolType[0]=TOOL_TYPE_UNKNOWN, buttonState=0, metaState=0, flags=0x0, edgeFlags=0x0, pointerCount=1, historySize=0, eventTime=717464658, downTime=717464658, deviceId=0, source=0x1002 }
08-04 15:17:28.262  8880  8880 I Input   : injectMotionEvent: MotionEvent { action=ACTION_MOVE, actionButton=0, id[0]=0, x[0]=500.0, y[0]=1399.6, toolType[0]=TOOL_TYPE_UNKNOWN, buttonState=0, metaState=0, flags=0x0, edgeFlags=0x0, pointerCount=1, historySize=0, eventTime=717464676, downTime=717464676, deviceId=0, source=0x1002 }
08-04 15:17:28.279  8880  8880 I Input   : injectMotionEvent: MotionEvent { action=ACTION_MOVE, actionButton=0, id[0]=0, x[0]=500.0, y[0]=1367.3, toolType[0]=TOOL_TYPE_UNKNOWN, buttonState=0, metaState=0, flags=0x0, edgeFlags=0x0, pointerCount=1, historySize=0, eventTime=717464693, downTime=717464693, deviceId=0, source=0x1002 }
08-04 15:17:28.295  8880  8880 I Input   : injectMotionEvent: MotionEvent { action=ACTION_MOVE, actionButton=0, id[0]=0, x[0]=500.0, y[0]=1336.8999, toolType[0]=TOOL_TYPE_UNKNOWN, buttonState=0, metaState=0, flags=0x0, edgeFlags=0x0, pointerCount=1, historySize=0, eventTime=717464709, downTime=717464709, deviceId=0, source=0x1002 }
08-04 15:17:28.311  8880  8880 I Input   : injectMotionEvent: MotionEvent { action=ACTION_MOVE, actionButton=0, id[0]=0, x[0]=500.0, y[0]=1306.5, toolType[0]=TOOL_TYPE_UNKNOWN, buttonState=0, metaState=0, flags=0x0, edgeFlags=0x0, pointerCount=1, historySize=0, eventTime=717464725, downTime=717464725, deviceId=0, source=0x1002 }
08-04 15:17:28.329  8880  8880 I Input   : injectMotionEvent: MotionEvent { action=ACTION_MOVE, actionButton=0, id[0]=0, x[0]=500.0, y[0]=1274.2, toolType[0]=TOOL_TYPE_UNKNOWN, buttonState=0, metaState=0, flags=0x0, edgeFlags=0x0, pointerCount=1, historySize=0, eventTime=717464742, downTime=717464742, deviceId=0, source=0x1002 }
08-04 15:17:28.341  7266  7327 I art     : Starting a blocking GC Explicit
08-04 15:17:28.348  8880  8880 I Input   : injectMotionEvent: MotionEvent { action=ACTION_MOVE, actionButton=0, id[0]=0, x[0]=500.0, y[0]=1240.0, toolType[0]=TOOL_TYPE_UNKNOWN, buttonState=0, metaState=0, flags=0x0, edgeFlags=0x0, pointerCount=1, historySize=0, eventTime=717464760, downTime=717464760, deviceId=0, source=0x1002 }
08-04 15:17:28.362  8880  8880 I Input   : injectMotionEvent: MotionEvent { action=ACTION_MOVE, actionButton=0, id[0]=0, x[0]=500.0, y[0]=1211.5, toolType[0]=TOOL_TYPE_UNKNOWN, buttonState=0, metaState=0, flags=0x0, edgeFlags=0x0, pointerCount=1, historySize=0, eventTime=717464775, downTime=717464775, deviceId=0, source=0x1002 }
08-04 15:17:28.385  7266  7327 I art     : Explicit concurrent mark sweep GC freed 1666(95KB) AllocSpace objects, 2(36KB) LOS objects, 10% free, 136MB/152MB, paused 1.046ms total 43.098ms
08-04 15:17:28.403  7266  7327 I art     : Starting a blocking GC Explicit
08-04 15:17:28.429  8880  8880 I Input   : injectMotionEvent: MotionEvent { action=ACTION_MOVE, actionButton=0, id[0]=0, x[0]=500.0, y[0]=1086.1, toolType[0]=TOOL_TYPE_UNKNOWN, buttonState=0, metaState=0, flags=0x0, edgeFlags=0x0, pointerCount=1, historySize=0, eventTime=717464841, downTime=717464841, deviceId=0, source=0x1002 }
08-04 15:17:28.442  7266  7327 I art     : Explicit concurrent mark sweep GC freed 59(2528B) AllocSpace objects, 0(0B) LOS objects, 10% free, 136MB/152MB, paused 1.056ms total 38.965ms
08-04 15:17:28.460  7266  7327 I art     : Starting a blocking GC Explicit
08-04 15:17:28.489  8880  8880 I Input   : injectMotionEvent: MotionEvent { action=ACTION_MOVE, actionButton=0, id[0]=0, x[0]=500.0, y[0]=970.19995, toolType[0]=TOOL_TYPE_UNKNOWN, buttonState=0, metaState=0, flags=0x0, edgeFlags=0x0, pointerCount=1, historySize=0, eventTime=717464902, downTime=717464902, deviceId=0, source=0x1002 }
08-04 15:17:28.500  7266  7327 I art     : Explicit concurrent mark sweep GC freed 3(96B) AllocSpace objects, 0(0B) LOS objects, 10% free, 136MB/152MB, paused 1.161ms total 40.158ms
08-04 15:17:28.516  7266  7327 I art     : Starting a blocking GC Explicit
08-04 15:17:28.550  8880  8880 I Input   : injectMotionEvent: MotionEvent { action=ACTION_MOVE, actionButton=0, id[0]=0, x[0]=500.0, y[0]=854.30005, toolType[0]=TOOL_TYPE_UNKNOWN, buttonState=0, metaState=0, flags=0x0, edgeFlags=0x0, pointerCount=1, historySize=0, eventTime=717464963, downTime=717464963, deviceId=0, source=0x1002 }
08-04 15:17:28.558  7266  7327 I art     : Explicit concurrent mark sweep GC freed 3(96B) AllocSpace objects, 0(0B) LOS objects, 10% free, 136MB/152MB, paused 1.053ms total 41.612ms
08-04 15:17:28.575  7266  7327 I art     : Starting a blocking GC Explicit
08-04 15:17:28.612  8880  8880 I Input   : injectMotionEvent: MotionEvent { action=ACTION_MOVE, actionButton=0, id[0]=0, x[0]=500.0, y[0]=736.5, toolType[0]=TOOL_TYPE_UNKNOWN, buttonState=0, metaState=0, flags=0x0, edgeFlags=0x0, pointerCount=1, historySize=0, eventTime=717465025, downTime=717465025, deviceId=0, source=0x1002 }
08-04 15:17:28.619  7266  7327 I art     : Explicit concurrent mark sweep GC freed 34(928B) AllocSpace objects, 0(0B) LOS objects, 10% free, 136MB/152MB, paused 1.042ms total 43.987ms
08-04 15:17:28.667  8880  8880 I Input   : injectMotionEvent: MotionEvent { action=ACTION_MOVE, actionButton=0, id[0]=0, x[0]=500.0, y[0]=630.1, toolType[0]=TOOL_TYPE_UNKNOWN, buttonState=0, metaState=0, flags=0x0, edgeFlags=0x0, pointerCount=1, historySize=0, eventTime=717465081, downTime=717465081, deviceId=0, source=0x1002 }
08-04 15:17:28.722  8880  8880 I Input   : injectMotionEvent: MotionEvent { action=ACTION_MOVE, actionButton=0, id[0]=0, x[0]=500.0, y[0]=527.5, toolType[0]=TOOL_TYPE_UNKNOWN, buttonState=0, metaState=0, flags=0x0, edgeFlags=0x0, pointerCount=1, historySize=0, eventTime=717465135, downTime=717465135, deviceId=0, source=0x1002 }
08-04 15:17:28.779  8880  8880 I Input   : injectMotionEvent: MotionEvent { action=ACTION_MOVE, actionButton=0, id[0]=0, x[0]=500.0, y[0]=417.30005, toolType[0]=TOOL_TYPE_UNKNOWN, buttonState=0, metaState=0, flags=0x0, edgeFlags=0x0, pointerCount=1, historySize=0, eventTime=717465193, downTime=717465193, deviceId=0, source=0x1002 }
08-04 15:17:28.869  8880  8880 I Input   : injectMotionEvent: MotionEvent { action=ACTION_MOVE, actionButton=0, id[0]=0, x[0]=500.0, y[0]=248.20007, toolType[0]=TOOL_TYPE_UNKNOWN, buttonState=0, metaState=0, flags=0x0, edgeFlags=0x0, pointerCount=1, historySize=0, eventTime=717465282, downTime=717465282, deviceId=0, source=0x1002 }
08-04 15:17:28.907  8880  8880 I Input   : injectMotionEvent: MotionEvent { action=ACTION_MOVE, actionButton=0, id[0]=0, x[0]=500.0, y[0]=176.0, toolType[0]=TOOL_TYPE_UNKNOWN, buttonState=0, metaState=0, flags=0x0, edgeFlags=0x0, pointerCount=1, historySize=0, eventTime=717465320, downTime=717465320, deviceId=0, source=0x1002 }
08-04 15:17:28.946  8880  8880 I Input   : injectMotionEvent: MotionEvent { action=ACTION_MOVE, actionButton=0, id[0]=0, x[0]=500.0, y[0]=101.900024, toolType[0]=TOOL_TYPE_UNKNOWN, buttonState=0, metaState=0, flags=0x0, edgeFlags=0x0, pointerCount=1, historySize=0, eventTime=717465359, downTime=717465359, deviceId=0, source=0x1002 }
08-04 15:17:28.990  8880  8880 I Input   : injectMotionEvent: MotionEvent { action=ACTION_UP, actionButton=0, id[0]=0, x[0]=500.0, y[0]=100.0, toolType[0]=TOOL_TYPE_UNKNOWN, buttonState=0, metaState=0, flags=0x0, edgeFlags=0x0, pointerCount=1, historySize=0, eventTime=717465404, downTime=717465404, deviceId=0, source=0x1002 }
08-04 15:17:28.993  7266  7327 I art     : Starting a blocking GC Explicit
08-04 15:17:29.029  8880  8880 D AndroidRuntime: Shutting down VM
08-04 15:17:29.034  7266  7327 I art     : Explicit concurrent mark sweep GC freed 1602(92KB) AllocSpace objects, 2(36KB) LOS objects, 10% free, 136MB/152MB, paused 1.228ms total 40.386ms
08-04 15:17:29.050  7266  7327 I art     : Starting a blocking GC Explicit
08-04 15:17:29.090  7266  7327 I art     : Explicit concurrent mark sweep GC freed 28(1024B) AllocSpace objects, 0(0B) LOS objects, 10% free, 136MB/152MB, paused 1.080ms total 40.120ms
08-04 15:17:29.107  7266  7327 I art     : Starting a blocking GC Explicit
08-04 15:17:29.149  7266  7327 I art     : Explicit concurrent mark sweep GC freed 3(96B) AllocSpace objects, 0(0B) LOS objects, 10% free, 136MB/152MB, paused 1.066ms total 42.265ms
08-04 15:17:29.166  7266  7327 I art     : Starting a blocking GC Explicit
08-04 15:17:29.211  7266  7327 I art     : Explicit concurrent mark sweep GC freed 3(96B) AllocSpace objects, 0(0B) LOS objects, 10% free, 136MB/152MB, paused 1.086ms total 44.584ms
08-04 15:17:29.229  7266  7327 I art     : Starting a blocking GC Explicit
08-04 15:17:29.272  7266  7327 I art     : Explicit concurrent mark sweep GC freed 3(96B) AllocSpace objects, 0(0B) LOS objects, 10% free, 136MB/152MB, paused 1.182ms total 43.026ms
08-04 15:17:29.658  7266  7279 I art     : Starting a blocking GC Explicit
08-04 15:17:29.697  7266  7279 I art     : Explicit concurrent mark sweep GC freed 1628(93KB) AllocSpace objects, 2(36KB) LOS objects, 10% free, 136MB/152MB, paused 1.033ms total 38.523ms
08-04 15:17:29.716  7266  7279 I art     : Starting a blocking GC Explicit
08-04 15:17:29.755  7266  7279 I art     : Explicit concurrent mark sweep GC freed 28(1024B) AllocSpace objects, 0(0B) LOS objects, 10% free, 136MB/152MB, paused 1.022ms total 38.737ms
08-04 15:17:29.771  7266  7279 I art     : Starting a blocking GC Explicit
08-04 15:17:29.790  8928  8928 D AndroidRuntime: >>>>>> START com.android.internal.os.RuntimeInit uid 2000 <<<<<<
08-04 15:17:29.795  8928  8928 D AndroidRuntime: CheckJNI is OFF
08-04 15:17:29.809  7266  7279 I art     : Explicit concurrent mark sweep GC freed 3(96B) AllocSpace objects, 0(0B) LOS objects, 10% free, 136MB/152MB, paused 1.069ms total 37.910ms
08-04 15:17:29.825  7266  7279 I art     : Starting a blocking GC Explicit
08-04 15:17:29.839  8928  8928 D ICU     : No timezone override file found: /data/misc/zoneinfo/current/icu/icu_tzdata.dat
08-04 15:17:29.866  7266  7279 I art     : Explicit concurrent mark sweep GC freed 14(720B) AllocSpace objects, 0(0B) LOS objects, 10% free, 136MB/152MB, paused 1.105ms total 41.188ms
08-04 15:17:29.881  8928  8928 I Radio-JNI: register_android_hardware_Radio DONE
08-04 15:17:29.884  7266  7279 I art     : Starting a blocking GC Explicit
08-04 15:17:29.912  8928  8928 D AndroidRuntime: Calling main entry com.android.commands.input.Input
08-04 15:17:29.914  8928  8928 I Input   : injectMotionEvent: MotionEvent { action=ACTION_DOWN, actionButton=0, id[0]=0, x[0]=500.0, y[0]=2000.0, toolType[0]=TOOL_TYPE_UNKNOWN, buttonState=0, metaState=0, flags=0x0, edgeFlags=0x0, pointerCount=1, historySize=0, eventTime=717466326, downTime=717466326, deviceId=0, source=0x1002 }
08-04 15:17:29.918  8928  8928 I Input   : injectMotionEvent: MotionEvent { action=ACTION_MOVE, actionButton=0, id[0]=0, x[0]=500.0, y[0]=2000.0, toolType[0]=TOOL_TYPE_UNKNOWN, buttonState=0, metaState=0, flags=0x0, edgeFlags=0x0, pointerCount=1, historySize=0, eventTime=717466326, downTime=717466326, deviceId=0, source=0x1002 }
08-04 15:17:29.928  7266  7279 I art     : Explicit concurrent mark sweep GC freed 14(672B) AllocSpace objects, 0(0B) LOS objects, 10% free, 136MB/152MB, paused 1.164ms total 43.873ms
08-04 15:17:29.930  8928  8928 I Input   : injectMotionEvent: MotionEvent { action=ACTION_MOVE, actionButton=0, id[0]=0, x[0]=500.0, y[0]=1967.7, toolType[0]=TOOL_TYPE_UNKNOWN, buttonState=0, metaState=0, flags=0x0, edgeFlags=0x0, pointerCount=1, historySize=0, eventTime=717466343, downTime=717466343, deviceId=0, source=0x1002 }
08-04 15:17:29.947  8928  8928 I Input   : injectMotionEvent: MotionEvent { action=ACTION_MOVE, actionButton=0, id[0]=0, x[0]=500.0, y[0]=1935.4, toolType[0]=TOOL_TYPE_UNKNOWN, buttonState=0, metaState=0, flags=0x0, edgeFlags=0x0, pointerCount=1, historySize=0, eventTime=717466360, downTime=717466360, deviceId=0, source=0x1002 }
08-04 15:17:29.966  8928  8928 I Input   : injectMotionEvent: MotionEvent { action=ACTION_MOVE, actionButton=0, id[0]=0, x[0]=500.0, y[0]=1899.3, toolType[0]=TOOL_TYPE_UNKNOWN, buttonState=0, metaState=0, flags=0x0, edgeFlags=0x0, pointerCount=1, historySize=0, eventTime=717466379, downTime=717466379, deviceId=0, source=0x1002 }
08-04 15:17:30.006  8928  8928 I Input   : injectMotionEvent: MotionEvent { action=ACTION_MOVE, actionButton=0, id[0]=0, x[0]=500.0, y[0]=1821.4, toolType[0]=TOOL_TYPE_UNKNOWN, buttonState=0, metaState=0, flags=0x0, edgeFlags=0x0, pointerCount=1, historySize=0, eventTime=717466420, downTime=717466420, deviceId=0, source=0x1002 }
08-04 15:17:30.043  8928  8928 I Input   : injectMotionEvent: MotionEvent { action=ACTION_MOVE, actionButton=0, id[0]=0, x[0]=500.0, y[0]=1753.0, toolType[0]=TOOL_TYPE_UNKNOWN, buttonState=0, metaState=0, flags=0x0, edgeFlags=0x0, pointerCount=1, historySize=0, eventTime=717466456, downTime=717466456, deviceId=0, source=0x1002 }
08-04 15:17:30.079  8928  8928 I Input   : injectMotionEvent: MotionEvent { action=ACTION_MOVE, actionButton=0, id[0]=0, x[0]=500.0, y[0]=1684.6, toolType[0]=TOOL_TYPE_UNKNOWN, buttonState=0, metaState=0, flags=0x0, edgeFlags=0x0, pointerCount=1, historySize=0, eventTime=717466492, downTime=717466492, deviceId=0, source=0x1002 }
08-04 15:17:30.117  8928  8928 I Input   : injectMotionEvent: MotionEvent { action=ACTION_MOVE, actionButton=0, id[0]=0, x[0]=500.0, y[0]=1612.4, toolType[0]=TOOL_TYPE_UNKNOWN, buttonState=0, metaState=0, flags=0x0, edgeFlags=0x0, pointerCount=1, historySize=0, eventTime=717466530, downTime=717466530, deviceId=0, source=0x1002 }
08-04 15:17:30.154  8928  8928 I Input   : injectMotionEvent: MotionEvent { action=ACTION_MOVE, actionButton=0, id[0]=0, x[0]=500.0, y[0]=1542.1, toolType[0]=TOOL_TYPE_UNKNOWN, buttonState=0, metaState=0, flags=0x0, edgeFlags=0x0, pointerCount=1, historySize=0, eventTime=717466567, downTime=717466567, deviceId=0, source=0x1002 }
08-04 15:17:30.194  8928  8928 I Input   : injectMotionEvent: MotionEvent { action=ACTION_MOVE, actionButton=0, id[0]=0, x[0]=500.0, y[0]=1466.1001, toolType[0]=TOOL_TYPE_UNKNOWN, buttonState=0, metaState=0, flags=0x0, edgeFlags=0x0, pointerCount=1, historySize=0, eventTime=717466607, downTime=717466607, deviceId=0, source=0x1002 }
08-04 15:17:30.236  8928  8928 I Input   : injectMotionEvent: MotionEvent { action=ACTION_MOVE, actionButton=0, id[0]=0, x[0]=500.0, y[0]=1386.3, toolType[0]=TOOL_TYPE_UNKNOWN, buttonState=0, metaState=0, flags=0x0, edgeFlags=0x0, pointerCount=1, historySize=0, eventTime=717466649, downTime=717466649, deviceId=0, source=0x1002 }
08-04 15:17:30.272  8928  8928 I Input   : injectMotionEvent: MotionEvent { action=ACTION_MOVE, actionButton=0, id[0]=0, x[0]=500.0, y[0]=1316.0, toolType[0]=TOOL_TYPE_UNKNOWN, buttonState=0, metaState=0, flags=0x0, edgeFlags=0x0, pointerCount=1, historySize=0, eventTime=717466686, downTime=717466686, deviceId=0, source=0x1002 }
08-04 15:17:30.308  7266  7327 I art     : Starting a blocking GC Explicit
08-04 15:17:30.313  8928  8928 I Input   : injectMotionEvent: MotionEvent { action=ACTION_MOVE, actionButton=0, id[0]=0, x[0]=500.0, y[0]=1238.1001, toolType[0]=TOOL_TYPE_UNKNOWN, buttonState=0, metaState=0, flags=0x0, edgeFlags=0x0, pointerCount=1, historySize=0, eventTime=717466727, downTime=717466727, deviceId=0, source=0x1002 }
08-04 15:17:30.354  8928  8928 I Input   : injectMotionEvent: MotionEvent { action=ACTION_MOVE, actionButton=0, id[0]=0, x[0]=500.0, y[0]=1162.1, toolType[0]=TOOL_TYPE_UNKNOWN, buttonState=0, metaState=0, flags=0x0, edgeFlags=0x0, pointerCount=1, historySize=0, eventTime=717466767, downTime=717466767, deviceId=0, source=0x1002 }
08-04 15:17:30.358  7266  7327 I art     : Explicit concurrent mark sweep GC freed 1669(95KB) AllocSpace objects, 2(36KB) LOS objects, 10% free, 136MB/152MB, paused 1.227ms total 50.177ms
08-04 15:17:30.375  7266  7327 I art     : Starting a blocking GC Explicit
08-04 15:17:30.395  8928  8928 I Input   : injectMotionEvent: MotionEvent { action=ACTION_MOVE, actionButton=0, id[0]=0, x[0]=500.0, y[0]=1084.2, toolType[0]=TOOL_TYPE_UNKNOWN, buttonState=0, metaState=0, flags=0x0, edgeFlags=0x0, pointerCount=1, historySize=0, eventTime=717466808, downTime=717466808, deviceId=0, source=0x1002 }
08-04 15:17:30.415  7266  7327 I art     : Explicit concurrent mark sweep GC freed 30(1088B) AllocSpace objects, 0(0B) LOS objects, 10% free, 136MB/152MB, paused 1.082ms total 39.425ms
08-04 15:17:30.433  8928  8928 I Input   : injectMotionEvent: MotionEvent { action=ACTION_MOVE, actionButton=0, id[0]=0, x[0]=500.0, y[0]=1010.1, toolType[0]=TOOL_TYPE_UNKNOWN, buttonState=0, metaState=0, flags=0x0, edgeFlags=0x0, pointerCount=1, historySize=0, eventTime=717466847, downTime=717466847, deviceId=0, source=0x1002 }
08-04 15:17:30.435  7266  7327 I art     : Starting a blocking GC Explicit
08-04 15:17:30.474  7266  7327 I art     : Explicit concurrent mark sweep GC freed 5(160B) AllocSpace objects, 0(0B) LOS objects, 10% free, 136MB/152MB, paused 1.158ms total 38.731ms
08-04 15:17:30.476  8928  8928 I Input   : injectMotionEvent: MotionEvent { action=ACTION_MOVE, actionButton=0, id[0]=0, x[0]=500.0, y[0]=930.2999, toolType[0]=TOOL_TYPE_UNKNOWN, buttonState=0, metaState=0, flags=0x0, edgeFlags=0x0, pointerCount=1, historySize=0, eventTime=717466889, downTime=717466889, deviceId=0, source=0x1002 }
08-04 15:17:30.491  7266  7327 I art     : Starting a blocking GC Explicit
08-04 15:17:30.514  8928  8928 I Input   : injectMotionEvent: MotionEvent { action=ACTION_MOVE, actionButton=0, id[0]=0, x[0]=500.0, y[0]=856.19995, toolType[0]=TOOL_TYPE_UNKNOWN, buttonState=0, metaState=0, flags=0x0, edgeFlags=0x0, pointerCount=1, historySize=0, eventTime=717466928, downTime=717466928, deviceId=0, source=0x1002 }
08-04 15:17:30.531  7266  7327 I art     : Explicit concurrent mark sweep GC freed 7(224B) AllocSpace objects, 0(0B) LOS objects, 10% free, 136MB/152MB, paused 1.027ms total 39.907ms
08-04 15:17:30.549  7266  7327 I art     : Starting a blocking GC Explicit
08-04 15:17:30.556  8928  8928 I Input   : injectMotionEvent: MotionEvent { action=ACTION_MOVE, actionButton=0, id[0]=0, x[0]=500.0, y[0]=778.2999, toolType[0]=TOOL_TYPE_UNKNOWN, buttonState=0, metaState=0, flags=0x0, edgeFlags=0x0, pointerCount=1, historySize=0, eventTime=717466969, downTime=717466969, deviceId=0, source=0x1002 }
08-04 15:17:30.588  7266  7327 I art     : Explicit concurrent mark sweep GC freed 7(224B) AllocSpace objects, 0(0B) LOS objects, 10% free, 136MB/152MB, paused 1.122ms total 38.116ms
08-04 15:17:30.596  8928  8928 I Input   : injectMotionEvent: MotionEvent { action=ACTION_MOVE, actionButton=0, id[0]=0, x[0]=500.0, y[0]=702.2999, toolType[0]=TOOL_TYPE_UNKNOWN, buttonState=0, metaState=0, flags=0x0, edgeFlags=0x0, pointerCount=1, historySize=0, eventTime=717467009, downTime=717467009, deviceId=0, source=0x1002 }
08-04 15:17:30.636  8928  8928 I Input   : injectMotionEvent: MotionEvent { action=ACTION_MOVE, actionButton=0, id[0]=0, x[0]=500.0, y[0]=626.30005, toolType[0]=TOOL_TYPE_UNKNOWN, buttonState=0, metaState=0, flags=0x0, edgeFlags=0x0, pointerCount=1, historySize=0, eventTime=717467049, downTime=717467049, deviceId=0, source=0x1002 }
08-04 15:17:30.677  8928  8928 I Input   : injectMotionEvent: MotionEvent { action=ACTION_MOVE, actionButton=0, id[0]=0, x[0]=500.0, y[0]=548.4, toolType[0]=TOOL_TYPE_UNKNOWN, buttonState=0, metaState=0, flags=0x0, edgeFlags=0x0, pointerCount=1, historySize=0, eventTime=717467090, downTime=717467090, deviceId=0, source=0x1002 }
08-04 15:17:30.716  8928  8928 I Input   : injectMotionEvent: MotionEvent { action=ACTION_MOVE, actionButton=0, id[0]=0, x[0]=500.0, y[0]=472.3999, toolType[0]=TOOL_TYPE_UNKNOWN, buttonState=0, metaState=0, flags=0x0, edgeFlags=0x0, pointerCount=1, historySize=0, eventTime=717467130, downTime=717467130, deviceId=0, source=0x1002 }
08-04 15:17:30.757  8928  8928 I Input   : injectMotionEvent: MotionEvent { action=ACTION_MOVE, actionButton=0, id[0]=0, x[0]=500.0, y[0]=396.40002, toolType[0]=TOOL_TYPE_UNKNOWN, buttonState=0, metaState=0, flags=0x0, edgeFlags=0x0, pointerCount=1, historySize=0, eventTime=717467170, downTime=717467170, deviceId=0, source=0x1002 }
08-04 15:17:30.796  8928  8928 I Input   : injectMotionEvent: MotionEvent { action=ACTION_MOVE, actionButton=0, id[0]=0, x[0]=500.0, y[0]=322.29993, toolType[0]=TOOL_TYPE_UNKNOWN, buttonState=0, metaState=0, flags=0x0, edgeFlags=0x0, pointerCount=1, historySize=0, eventTime=717467209, downTime=717467209, deviceId=0, source=0x1002 }
08-04 15:17:30.834  8928  8928 I Input   : injectMotionEvent: MotionEvent { action=ACTION_MOVE, actionButton=0, id[0]=0, x[0]=500.0, y[0]=250.09998, toolType[0]=TOOL_TYPE_UNKNOWN, buttonState=0, metaState=0, flags=0x0, edgeFlags=0x0, pointerCount=1, historySize=0, eventTime=717467247, downTime=717467247, deviceId=0, source=0x1002 }
08-04 15:17:30.873  8928  8928 I Input   : injectMotionEvent: MotionEvent { action=ACTION_MOVE, actionButton=0, id[0]=0, x[0]=500.0, y[0]=176.0, toolType[0]=TOOL_TYPE_UNKNOWN, buttonState=0, metaState=0, flags=0x0, edgeFlags=0x0, pointerCount=1, historySize=0, eventTime=717467286, downTime=717467286, deviceId=0, source=0x1002 }
08-04 15:17:30.910  8928  8928 I Input   : injectMotionEvent: MotionEvent { action=ACTION_MOVE, actionButton=0, id[0]=0, x[0]=500.0, y[0]=103.79993, toolType[0]=TOOL_TYPE_UNKNOWN, buttonState=0, metaState=0, flags=0x0, edgeFlags=0x0, pointerCount=1, historySize=0, eventTime=717467324, downTime=717467324, deviceId=0, source=0x1002 }
08-04 15:17:30.948  8928  8928 I Input   : injectMotionEvent: MotionEvent { action=ACTION_UP, actionButton=0, id[0]=0, x[0]=500.0, y[0]=100.0, toolType[0]=TOOL_TYPE_UNKNOWN, buttonState=0, metaState=0, flags=0x0, edgeFlags=0x0, pointerCount=1, historySize=0, eventTime=717467361, downTime=717467361, deviceId=0, source=0x1002 }
08-04 15:17:30.976  7266  7327 I art     : Starting a blocking GC Explicit
08-04 15:17:30.984  8928  8928 D AndroidRuntime: Shutting down VM
08-04 15:17:31.020  7266  7327 I art     : Explicit concurrent mark sweep GC freed 1649(93KB) AllocSpace objects, 2(36KB) LOS objects, 10% free, 136MB/152MB, paused 1.199ms total 44.233ms
08-04 15:17:31.037  7266  7327 I art     : Starting a blocking GC Explicit
08-04 15:17:31.075  7266  7327 I art     : Explicit concurrent mark sweep GC freed 42(1760B) AllocSpace objects, 0(0B) LOS objects, 10% free, 136MB/152MB, paused 1.030ms total 38.004ms
08-04 15:17:31.092  7266  7327 I art     : Starting a blocking GC Explicit
08-04 15:17:31.135  7266  7327 I art     : Explicit concurrent mark sweep GC freed 13(640B) AllocSpace objects, 0(0B) LOS objects, 10% free, 136MB/152MB, paused 1.090ms total 43.157ms
08-04 15:17:31.153  7266  7327 I art     : Starting a blocking GC Explicit
08-04 15:17:31.198  7266  7327 I art     : Explicit concurrent mark sweep GC freed 3(96B) AllocSpace objects, 0(0B) LOS objects, 10% free, 136MB/152MB, paused 1.003ms total 45.152ms
08-04 15:17:31.215  7266  7327 I art     : Starting a blocking GC Explicit
08-04 15:17:31.256  7266  7327 I art     : Explicit concurrent mark sweep GC freed 3(96B) AllocSpace objects, 0(0B) LOS objects, 10% free, 136MB/152MB, paused 1.069ms total 40.554ms
08-04 15:17:31.659  7266  7280 I art     : Starting a blocking GC Explicit
08-04 15:17:31.710  7266  7280 I art     : Explicit concurrent mark sweep GC freed 1614(92KB) AllocSpace objects, 2(36KB) LOS objects, 10% free, 136MB/152MB, paused 1.092ms total 49.837ms
08-04 15:17:31.727  7266  7280 I art     : Starting a blocking GC Explicit
08-04 15:17:31.754  8973  8973 D AndroidRuntime: >>>>>> START com.android.internal.os.RuntimeInit uid 2000 <<<<<<
08-04 15:17:31.759  8973  8973 D AndroidRuntime: CheckJNI is OFF
08-04 15:17:31.771  7266  7280 I art     : Explicit concurrent mark sweep GC freed 28(1024B) AllocSpace objects, 0(0B) LOS objects, 10% free, 136MB/152MB, paused 1.122ms total 43.469ms
08-04 15:17:31.788  7266  7280 I art     : Starting a blocking GC Explicit
08-04 15:17:31.804  8973  8973 D ICU     : No timezone override file found: /data/misc/zoneinfo/current/icu/icu_tzdata.dat
08-04 15:17:31.831  7266  7280 I art     : Explicit concurrent mark sweep GC freed 3(96B) AllocSpace objects, 0(0B) LOS objects, 10% free, 136MB/152MB, paused 1.128ms total 42.782ms
08-04 15:17:31.847  8973  8973 I Radio-JNI: register_android_hardware_Radio DONE
08-04 15:17:31.848  7266  7280 I art     : Starting a blocking GC Explicit
08-04 15:17:31.876  8973  8973 D AndroidRuntime: Calling main entry com.android.commands.input.Input
08-04 15:17:31.879  8973  8973 I Input   : injectMotionEvent: MotionEvent { action=ACTION_DOWN, actionButton=0, id[0]=0, x[0]=657.0, y[0]=2080.0, toolType[0]=TOOL_TYPE_UNKNOWN, buttonState=0, metaState=0, flags=0x0, edgeFlags=0x0, pointerCount=1, historySize=0, eventTime=717468291, downTime=717468291, deviceId=0, source=0x1002 }
08-04 15:17:31.883  8973  8973 I Input   : injectMotionEvent: MotionEvent { action=ACTION_UP, actionButton=0, id[0]=0, x[0]=657.0, y[0]=2080.0, toolType[0]=TOOL_TYPE_UNKNOWN, buttonState=0, metaState=0, flags=0x0, edgeFlags=0x0, pointerCount=1, historySize=0, eventTime=717468291, downTime=717468291, deviceId=0, source=0x1002 }
08-04 15:17:31.884  8973  8973 D AndroidRuntime: Shutting down VM
08-04 15:17:31.885   918  3670 I ActivityManager: START u0 {cmp=baseline.io.github.project_travel_mate/.utilities.UpcomingWeekendsActivity} from uid 10650 on display 0
08-04 15:17:31.886   512  2967 D audio_hw_primary: out_set_parameters: enter: usecase(1: low-latency-playback) kvpairs: routing=2
08-04 15:17:31.892  7266  7280 I art     : Explicit concurrent mark sweep GC freed 8(4KB) AllocSpace objects, 0(0B) LOS objects, 10% free, 136MB/152MB, paused 1.089ms total 43.716ms
08-04 15:17:31.900   512  2967 D audio_hw_primary: select_devices: out_snd_device(2: speaker) in_snd_device(0: none)
08-04 15:17:31.900   512  2967 D msm8974_platform: platform_send_audio_calibration: sending audio calibration for snd_device(2) acdb_id(15)
08-04 15:17:31.900   512  2967 I soundtrigger: audio_extn_sound_trigger_update_device_status: device 0x2 of type 0 for Event 1
08-04 15:17:31.910  7266  7280 I art     : Starting a blocking GC Explicit
08-04 15:17:31.912   512  2967 D audio_hw_primary: enable_snd_device: snd_device(2: speaker)
08-04 15:17:31.914   512  2967 D audio_hw_primary: enable_audio_route: apply and update mixer path: low-latency-playback speaker
08-04 15:17:31.935  7266  7347 D Gabe    : call	returning from cache
08-04 15:17:31.938  7266  7266 V EXECUTING: https://project-travel-mate.herokuapp.com/api/get-upcoming-holidays/2020
08-04 15:17:31.941  7266  7266 V EXECUTING: https://project-travel-mate.herokuapp.com/api/get-upcoming-holidays/2020
08-04 15:17:31.963  7266  7280 I art     : Explicit concurrent mark sweep GC freed 793(77KB) AllocSpace objects, 0(0B) LOS objects, 10% free, 136MB/152MB, paused 1.357ms total 52.728ms
08-04 15:17:32.031 13866 13866 I GoogleInputMethodServic: GoogleInputMethodService.onFinishInput():3138 
08-04 15:17:32.031 13866 13866 I GoogleInputMethodServic: GoogleInputMethodService.onStartInput():1808 
08-04 15:17:32.129   918   936 I ActivityManager: Displayed baseline.io.github.project_travel_mate/.utilities.UpcomingWeekendsActivity: +233ms
08-04 15:17:32.332  7266  7279 I art     : Starting a blocking GC Explicit
08-04 15:17:32.381  7266  7279 I art     : Explicit concurrent mark sweep GC freed 3606(220KB) AllocSpace objects, 4(156KB) LOS objects, 10% free, 141MB/157MB, paused 1.589ms total 48.913ms
08-04 15:17:32.383   380   380 W SurfaceFlinger: couldn't log to binary event log: overflow.
08-04 15:17:32.401  7266  7279 I art     : Starting a blocking GC Explicit
08-04 15:17:32.439  7266  8996 I NAPPA_EXPERIMENTATION: MetricNetworkRequestExecutionTime: REQUEST_DURATION_SYSTEM='500',REQUEST_DURATION_OKHTTP='29',REQUEST_SYNCHRONOUS='FALSE',RESPONSE_CODE='200',RESPONSE_METHOD='GET',RESPONSE_LENGTH_OKHTTP='6426',RESPONSE_LENGTH_HEADER='6426',REQUEST_PROTOCOL='http/1.1',REQUEST_URL='https://project-travel-mate.herokuapp.com/api/get-upcoming-holidays/2020',
08-04 15:17:32.441  7266  7279 I art     : Explicit concurrent mark sweep GC freed 2362(98KB) AllocSpace objects, 1(80KB) LOS objects, 10% free, 141MB/157MB, paused 1.077ms total 40.473ms
08-04 15:17:32.445  7266  7266 V Response: [{"month":"January","date":1,"day":"Wednesday","name":"New Year's Day","type":"Restricted"},{"month":"January","date":2,"day":"Thursday","name":"Guru Govind Singh Jayanti","type":"Restricted"},{"month":"January","date":14,"day":"Tuesday","name":"Lohri","type":"Restricted"},{"month":"January","date":15,"day":"Wednesday","name":"Pongal","type":"Restricted"},{"month":"January","date":15,"day":"Wednesday","name":"Makar Sankranti","type":"Restricted"},{"month":"January","date":25,"day":"Saturday","name":"Chinese New Year","type":"Observance"},{"month":"January","date":26,"day":"Sunday","name":"Republic Day","type":"Gazetted"},{"month":"January","date":30,"day":"Thursday","name":"Vasant Panchami","type":"Restricted"},{"month":"February","date":9,"day":"Sunday","name":"Guru Ravidas Jayanti","type":"Restricted"},{"month":"February","date":14,"day":"Friday","name":"Valentine's Day","type":"Observance"},{"month":"February","date":18,"day":"Tuesday","name":"Maharishi Dayanand Saraswati Jayanti","type":"Restricted"},{"month":"February","date":19,"day":"Wednesday","name":"Shivaji Jayanti","type":"Restricted"},{"month":"February","date":21,"day":"Friday","name":"Maha Shivaratri/Shivaratri","type":"Gazetted"},{"month":"March","date":9,"day":"Monday","name":"Holika Dahana","type":"Restricted"},{"month":"March","date":9,"day":"Monday","name":"Hazarat Ali's Birthday","type":"Restricted"},{"month":"March","date":10,"day":"Tuesday","name":"Holi","type":"Gazetted"},{"month":"March","date":20,"day":"Friday","name":"March Equinox","type":"Season"},{"month":"March","date":25,"day":"Wednesday","name":"Chaitra Sukhladi","type":"Restricted"},{"month":"April","date":2,"day":"Thursday","name":"Rama Navami","type":"Gazetted"},{"month":"April","date":6,"day":"Monday","name":"Mahavir Jayanti","type":"Gazetted"},{"month":"April","date":9,"day":"Thursday","name":"First day of Passover","type":"Observance"},{"month":"April","date":9,"day":"Thursday","name":"Maundy Thursday","type":"Observance,"},{"month":"April","date":10,"day":"Friday","name":"Good Friday","type":"Gazetted"},{"month":"April","date":12,"day":"Sunday","name":"Easter Day","type":"Restricted"},{"month":"April","date":13,"day":"Monday","name":"Vaisakhi","type":"Restricted"},{"month":"April","date":14,"day":"Tuesday","name":"Mesadi/Vaisakhadi","type":"Restricted"},{"month":"April","date":14,"day":"Tuesday","name":"Ambedkar Jayanti","type":"Central"},{"month":"May","date":1,"day":"Friday","name":"May Day","type":"Observance"},{"month":"May","date":7,"day":"Thursday","name":"Buddha Purnima/Vesak","type":"Gazetted"},{"month":"May","date":7,"day":"Thursday","name":"Birthday of Ravindranath","type":"Restricted"},{"month":"May","date":10,"day":"Sunday","name":"Mother's Day","type":"Observance"},{"month":"May","date":22,"day":"Friday","name":"Jamat Ul-Vida","type":"Restricted"},{"month":"May","date":25,"day":"Monday","name":"Ramzan Id/Eid-ul-Fitar","type":"Gazetted"},{"month":"May","date":25,"day":"Monday","name":"Ramzan Id/Eid-ul-Fitar","type":"Muslim,"},{"month":"June","date":21,"day":"Sunday","name":"June Solstice","type":"Season"},{"month":"June","date":21,"day":"Sunday","name":"Father's Day","type":"Observance"},{"month":"June","date":23,"day":"Tuesday","name":"Rath Yatra","type":"Restricted"},{"month":"July","date":5,"day":"Sunday","name":"Guru Purnima","type":"Observance"},{"month":"July","date":31,"day":"Friday","name":"Bakr Id/Eid ul-Adha","type":"Gazetted"},{"month":"August","date":2,"day":"Sunday","name":"Friendship Day","type":"Observance"},{"month":"August","date":3,"day":"Monday","name":"Raksha Bandhan (Rakhi)","type":"Restricted"},{"month":"August","date":11,"day":"Tuesday","name":"Janmashtami (Smarta)","type":"Restricted"},{"month":"August","date":12,"day":"Wednesday","name":"Janmashtami","type":"Gazetted"},{"month":"August","date":15,"day":"Saturday","name":"Independence Day","type":"Gazetted"},{"month":"August","date":16,"day":"Sunday","name":"Parsi New Year","type":"Restricted"},{"month":"August","date":22,"day":"Saturday","name":"Ganesh Chaturthi/Vin
08-04 15:17:32.449   512  2967 D audio_hw_primary: disable_audio_route: reset and update mixer path: low-latency-playback speaker
08-04 15:17:32.450   512  2967 D audio_hw_primary: disable_snd_device: snd_device(2: speaker)
08-04 15:17:32.458   512  2967 I soundtrigger: audio_extn_sound_trigger_update_device_status: device 0x2 of type 0 for Event 0
08-04 15:17:32.459  7266  7279 I art     : Starting a blocking GC Explicit
08-04 15:17:32.506  7266  7279 I art     : Explicit concurrent mark sweep GC freed 5445(308KB) AllocSpace objects, 1(16KB) LOS objects, 10% free, 141MB/157MB, paused 1.554ms total 46.639ms
08-04 15:17:32.523  7266  7279 I art     : Starting a blocking GC Explicit
08-04 15:17:32.569  7266  7279 I art     : Explicit concurrent mark sweep GC freed 2276(91KB) AllocSpace objects, 0(0B) LOS objects, 10% free, 141MB/157MB, paused 1.244ms total 45.724ms
08-04 15:17:32.587  7266  7279 I art     : Starting a blocking GC Explicit
08-04 15:17:32.633  7266  7279 I art     : Explicit concurrent mark sweep GC freed 231(7KB) AllocSpace objects, 1(4MB) LOS objects, 10% free, 137MB/153MB, paused 1.201ms total 45.868ms
08-04 15:17:32.843  7266  8997 I NAPPA_EXPERIMENTATION: MetricNetworkRequestExecutionTime: REQUEST_DURATION_SYSTEM='902',REQUEST_DURATION_OKHTTP='30',REQUEST_SYNCHRONOUS='FALSE',RESPONSE_CODE='200',RESPONSE_METHOD='GET',RESPONSE_LENGTH_OKHTTP='6426',RESPONSE_LENGTH_HEADER='6426',REQUEST_PROTOCOL='http/1.1',REQUEST_URL='https://project-travel-mate.herokuapp.com/api/get-upcoming-holidays/2020',
08-04 15:17:32.848  7266  7266 V Response: [{"month":"January","date":1,"day":"Wednesday","name":"New Year's Day","type":"Restricted"},{"month":"January","date":2,"day":"Thursday","name":"Guru Govind Singh Jayanti","type":"Restricted"},{"month":"January","date":14,"day":"Tuesday","name":"Lohri","type":"Restricted"},{"month":"January","date":15,"day":"Wednesday","name":"Pongal","type":"Restricted"},{"month":"January","date":15,"day":"Wednesday","name":"Makar Sankranti","type":"Restricted"},{"month":"January","date":25,"day":"Saturday","name":"Chinese New Year","type":"Observance"},{"month":"January","date":26,"day":"Sunday","name":"Republic Day","type":"Gazetted"},{"month":"January","date":30,"day":"Thursday","name":"Vasant Panchami","type":"Restricted"},{"month":"February","date":9,"day":"Sunday","name":"Guru Ravidas Jayanti","type":"Restricted"},{"month":"February","date":14,"day":"Friday","name":"Valentine's Day","type":"Observance"},{"month":"February","date":18,"day":"Tuesday","name":"Maharishi Dayanand Saraswati Jayanti","type":"Restricted"},{"month":"February","date":19,"day":"Wednesday","name":"Shivaji Jayanti","type":"Restricted"},{"month":"February","date":21,"day":"Friday","name":"Maha Shivaratri/Shivaratri","type":"Gazetted"},{"month":"March","date":9,"day":"Monday","name":"Holika Dahana","type":"Restricted"},{"month":"March","date":9,"day":"Monday","name":"Hazarat Ali's Birthday","type":"Restricted"},{"month":"March","date":10,"day":"Tuesday","name":"Holi","type":"Gazetted"},{"month":"March","date":20,"day":"Friday","name":"March Equinox","type":"Season"},{"month":"March","date":25,"day":"Wednesday","name":"Chaitra Sukhladi","type":"Restricted"},{"month":"April","date":2,"day":"Thursday","name":"Rama Navami","type":"Gazetted"},{"month":"April","date":6,"day":"Monday","name":"Mahavir Jayanti","type":"Gazetted"},{"month":"April","date":9,"day":"Thursday","name":"First day of Passover","type":"Observance"},{"month":"April","date":9,"day":"Thursday","name":"Maundy Thursday","type":"Observance,"},{"month":"April","date":10,"day":"Friday","name":"Good Friday","type":"Gazetted"},{"month":"April","date":12,"day":"Sunday","name":"Easter Day","type":"Restricted"},{"month":"April","date":13,"day":"Monday","name":"Vaisakhi","type":"Restricted"},{"month":"April","date":14,"day":"Tuesday","name":"Mesadi/Vaisakhadi","type":"Restricted"},{"month":"April","date":14,"day":"Tuesday","name":"Ambedkar Jayanti","type":"Central"},{"month":"May","date":1,"day":"Friday","name":"May Day","type":"Observance"},{"month":"May","date":7,"day":"Thursday","name":"Buddha Purnima/Vesak","type":"Gazetted"},{"month":"May","date":7,"day":"Thursday","name":"Birthday of Ravindranath","type":"Restricted"},{"month":"May","date":10,"day":"Sunday","name":"Mother's Day","type":"Observance"},{"month":"May","date":22,"day":"Friday","name":"Jamat Ul-Vida","type":"Restricted"},{"month":"May","date":25,"day":"Monday","name":"Ramzan Id/Eid-ul-Fitar","type":"Gazetted"},{"month":"May","date":25,"day":"Monday","name":"Ramzan Id/Eid-ul-Fitar","type":"Muslim,"},{"month":"June","date":21,"day":"Sunday","name":"June Solstice","type":"Season"},{"month":"June","date":21,"day":"Sunday","name":"Father's Day","type":"Observance"},{"month":"June","date":23,"day":"Tuesday","name":"Rath Yatra","type":"Restricted"},{"month":"July","date":5,"day":"Sunday","name":"Guru Purnima","type":"Observance"},{"month":"July","date":31,"day":"Friday","name":"Bakr Id/Eid ul-Adha","type":"Gazetted"},{"month":"August","date":2,"day":"Sunday","name":"Friendship Day","type":"Observance"},{"month":"August","date":3,"day":"Monday","name":"Raksha Bandhan (Rakhi)","type":"Restricted"},{"month":"August","date":11,"day":"Tuesday","name":"Janmashtami (Smarta)","type":"Restricted"},{"month":"August","date":12,"day":"Wednesday","name":"Janmashtami","type":"Gazetted"},{"month":"August","date":15,"day":"Saturday","name":"Independence Day","type":"Gazetted"},{"month":"August","date":16,"day":"Sunday","name":"Parsi New Year","type":"Restricted"},{"month":"August","date":22,"day":"Saturday","name":"Ganesh Chaturthi/Vin
08-04 15:17:33.012  7266  7280 I art     : Starting a blocking GC Explicit
08-04 15:17:33.069  7266  7280 I art     : Explicit concurrent mark sweep GC freed 11602(491KB) AllocSpace objects, 13(388KB) LOS objects, 10% free, 137MB/153MB, paused 1.126ms total 56.299ms
08-04 15:17:33.086   518   646 I ThermalEngine: ACTION: GPU - Setting GPU[0] to 390000000
08-04 15:17:33.094  7266  7280 I art     : Starting a blocking GC Explicit
08-04 15:17:33.152  7266  7280 I art     : Explicit concurrent mark sweep GC freed 2379(199KB) AllocSpace objects, 5(100KB) LOS objects, 10% free, 137MB/153MB, paused 1.589ms total 57.481ms
08-04 15:17:33.175  7266  7280 I art     : Starting a blocking GC Explicit
08-04 15:17:33.233  7266  7280 I art     : Explicit concurrent mark sweep GC freed 123(2096B) AllocSpace objects, 0(0B) LOS objects, 10% free, 137MB/153MB, paused 1.591ms total 58.054ms
08-04 15:17:33.258  7266  7280 I art     : Starting a blocking GC Explicit
08-04 15:17:33.317  7266  7280 I art     : Explicit concurrent mark sweep GC freed 123(2096B) AllocSpace objects, 0(0B) LOS objects, 10% free, 137MB/153MB, paused 1.651ms total 58.684ms
08-04 15:17:33.340  7266  7280 I art     : Starting a blocking GC Explicit
08-04 15:17:33.401  7266  7280 I art     : Explicit concurrent mark sweep GC freed 123(2096B) AllocSpace objects, 0(0B) LOS objects, 10% free, 137MB/153MB, paused 1.730ms total 60.097ms
08-04 15:17:33.846  7266  7279 I art     : Starting a blocking GC Explicit
08-04 15:17:33.908  7266  7279 I art     : Explicit concurrent mark sweep GC freed 2357(104KB) AllocSpace objects, 2(36KB) LOS objects, 10% free, 137MB/153MB, paused 1.720ms total 62.092ms
08-04 15:17:33.932  7266  7279 I art     : Starting a blocking GC Explicit
08-04 15:17:33.994  7266  7279 I art     : Explicit concurrent mark sweep GC freed 149(3056B) AllocSpace objects, 0(0B) LOS objects, 10% free, 137MB/153MB, paused 1.664ms total 61.067ms
08-04 15:17:34.018  7266  7279 I art     : Starting a blocking GC Explicit
08-04 15:17:34.079  7266  7279 I art     : Explicit concurrent mark sweep GC freed 135(2752B) AllocSpace objects, 0(0B) LOS objects, 10% free, 137MB/153MB, paused 1.836ms total 60.378ms
08-04 15:17:34.079  7266  7278 I art     : WaitForGcToComplete blocked for 45.209ms for cause HeapTrim
08-04 15:17:34.088   518   646 I ThermalEngine: ACTION: GPU - Setting GPU[0] to 450000000
08-04 15:17:34.101  7266  7279 I art     : Starting a blocking GC Explicit
08-04 15:17:34.148  7266  7279 I art     : Explicit concurrent mark sweep GC freed 109(2240B) AllocSpace objects, 0(0B) LOS objects, 10% free, 137MB/153MB, paused 1.121ms total 46.909ms
08-04 15:17:34.167  7266  7279 I art     : Starting a blocking GC Explicit
08-04 15:17:34.216  7266  7279 I art     : Explicit concurrent mark sweep GC freed 98(1664B) AllocSpace objects, 0(0B) LOS objects, 10% free, 137MB/153MB, paused 1.112ms total 48.770ms
08-04 15:17:34.663  7266  7327 I art     : Starting a blocking GC Explicit
08-04 15:17:34.718  7266  7327 I art     : Explicit concurrent mark sweep GC freed 2334(104KB) AllocSpace objects, 2(36KB) LOS objects, 10% free, 137MB/153MB, paused 1.259ms total 55.019ms
08-04 15:17:34.739  7266  7327 I art     : Starting a blocking GC Explicit
08-04 15:17:34.788  7266  7327 I art     : Explicit concurrent mark sweep GC freed 139(2864B) AllocSpace objects, 0(0B) LOS objects, 10% free, 137MB/153MB, paused 1.308ms total 48.367ms
08-04 15:17:34.806  7266  7327 I art     : Starting a blocking GC Explicit
08-04 15:17:34.815   918  3188 I hubconnection: sensorhub said: 'set_bias 3: -5.7504, 0.0000, 0.0000'
08-04 15:17:34.858  7266  7327 I art     : Explicit concurrent mark sweep GC freed 107(1824B) AllocSpace objects, 0(0B) LOS objects, 10% free, 137MB/153MB, paused 1.240ms total 51.708ms
08-04 15:17:34.876  7266  7327 I art     : Starting a blocking GC Explicit
08-04 15:17:34.924  7266  7327 I art     : Explicit concurrent mark sweep GC freed 99(1696B) AllocSpace objects, 0(0B) LOS objects, 10% free, 137MB/153MB, paused 1.147ms total 48.316ms
08-04 15:17:34.943  7266  7327 I art     : Starting a blocking GC Explicit
08-04 15:17:34.994  7266  7327 I art     : Explicit concurrent mark sweep GC freed 100(1728B) AllocSpace objects, 0(0B) LOS objects, 10% free, 137MB/153MB, paused 1.137ms total 51.002ms
08-04 15:17:35.404  7266  7326 I art     : Starting a blocking GC Explicit
08-04 15:17:35.457  7266  7326 I art     : Explicit concurrent mark sweep GC freed 2254(102KB) AllocSpace objects, 2(36KB) LOS objects, 10% free, 137MB/153MB, paused 1.144ms total 52.456ms
08-04 15:17:35.475  7266  7326 I art     : Starting a blocking GC Explicit
08-04 15:17:35.528  7266  7326 I art     : Explicit concurrent mark sweep GC freed 125(2656B) AllocSpace objects, 0(0B) LOS objects, 10% free, 137MB/153MB, paused 1.237ms total 52.943ms
08-04 15:17:35.546  7266  7326 I art     : Starting a blocking GC Explicit
08-04 15:17:35.599  7266  7326 I art     : Explicit concurrent mark sweep GC freed 129(2496B) AllocSpace objects, 0(0B) LOS objects, 10% free, 137MB/153MB, paused 1.186ms total 52.481ms
08-04 15:17:35.617  7266  7326 I art     : Starting a blocking GC Explicit
08-04 15:17:35.670  7266  7326 I art     : Explicit concurrent mark sweep GC freed 100(1728B) AllocSpace objects, 0(0B) LOS objects, 10% free, 137MB/153MB, paused 1.071ms total 52.606ms
08-04 15:17:35.692  7266  7326 I art     : Starting a blocking GC Explicit
08-04 15:17:35.741  7266  7326 I art     : Explicit concurrent mark sweep GC freed 122(2064B) AllocSpace objects, 0(0B) LOS objects, 10% free, 137MB/153MB, paused 1.127ms total 48.964ms
08-04 15:17:36.177  7266  7280 I art     : Starting a blocking GC Explicit
08-04 15:17:36.224  7266  7280 I art     : Explicit concurrent mark sweep GC freed 2290(103KB) AllocSpace objects, 2(36KB) LOS objects, 10% free, 137MB/153MB, paused 1.180ms total 46.969ms
08-04 15:17:36.243  7266  7280 I art     : Starting a blocking GC Explicit
08-04 15:17:36.290  7266  7280 I art     : Explicit concurrent mark sweep GC freed 131(3KB) AllocSpace objects, 0(0B) LOS objects, 10% free, 137MB/153MB, paused 1.369ms total 46.890ms
08-04 15:17:36.308  7266  7280 I art     : Starting a blocking GC Explicit
08-04 15:17:36.358  7266  7280 I art     : Explicit concurrent mark sweep GC freed 96(1648B) AllocSpace objects, 0(0B) LOS objects, 10% free, 137MB/153MB, paused 1.344ms total 49.884ms
08-04 15:17:36.376  7266  7280 I art     : Starting a blocking GC Explicit
08-04 15:17:36.424  7266  7280 I art     : Explicit concurrent mark sweep GC freed 105(1792B) AllocSpace objects, 0(0B) LOS objects, 10% free, 137MB/153MB, paused 1.165ms total 47.729ms
08-04 15:17:36.442  7266  7280 I art     : Starting a blocking GC Explicit
08-04 15:17:36.493  7266  7280 I art     : Explicit concurrent mark sweep GC freed 98(1680B) AllocSpace objects, 0(0B) LOS objects, 10% free, 137MB/153MB, paused 1.313ms total 50.636ms
08-04 15:17:36.685  9062  9062 D AndroidRuntime: >>>>>> START com.android.internal.os.RuntimeInit uid 2000 <<<<<<
08-04 15:17:36.690  9062  9062 D AndroidRuntime: CheckJNI is OFF
08-04 15:17:36.731  9062  9062 D ICU     : No timezone override file found: /data/misc/zoneinfo/current/icu/icu_tzdata.dat
08-04 15:17:36.773  9062  9062 I Radio-JNI: register_android_hardware_Radio DONE
08-04 15:17:36.801  9062  9062 D AndroidRuntime: Calling main entry com.android.commands.input.Input
08-04 15:17:36.803  9062  9062 I Input   : injectKeyEvent: KeyEvent { action=ACTION_DOWN, keyCode=KEYCODE_BACK, scanCode=0, metaState=0, flags=0x0, repeatCount=0, eventTime=717473216, downTime=717473216, deviceId=-1, source=0x101 }
08-04 15:17:36.808  9062  9062 I Input   : injectKeyEvent: KeyEvent { action=ACTION_UP, keyCode=KEYCODE_BACK, scanCode=0, metaState=0, flags=0x0, repeatCount=0, eventTime=717473216, downTime=717473216, deviceId=-1, source=0x101 }
08-04 15:17:36.813  9062  9062 D AndroidRuntime: Shutting down VM
08-04 15:17:36.821  7266  7266 V MainActivity: url = https://project-travel-mate.herokuapp.com/api/number-of-unread-notifications
08-04 15:17:36.855 13866 13866 I GoogleInputMethodServic: GoogleInputMethodService.onFinishInput():3138 
08-04 15:17:36.856 13866 13866 I GoogleInputMethodServic: GoogleInputMethodService.onStartInput():1808 
08-04 15:17:36.900  7266  7279 I art     : Starting a blocking GC Explicit
08-04 15:17:36.946  7266  7279 I art     : Explicit concurrent mark sweep GC freed 2608(122KB) AllocSpace objects, 2(36KB) LOS objects, 10% free, 137MB/153MB, paused 1.290ms total 45.627ms
08-04 15:17:36.964  7266  7279 I art     : Starting a blocking GC Explicit
08-04 15:17:37.006  7266  7279 I art     : Explicit concurrent mark sweep GC freed 198(5KB) AllocSpace objects, 0(0B) LOS objects, 10% free, 137MB/153MB, paused 1.103ms total 41.341ms
08-04 15:17:37.025  7266  7279 I art     : Starting a blocking GC Explicit
08-04 15:17:37.075  7266  7279 I art     : Explicit concurrent mark sweep GC freed 131(3KB) AllocSpace objects, 0(0B) LOS objects, 10% free, 137MB/153MB, paused 1.290ms total 49.431ms
08-04 15:17:37.097  7266  7279 I art     : Starting a blocking GC Explicit
08-04 15:17:37.154  7266  7279 I art     : Explicit concurrent mark sweep GC freed 103(1888B) AllocSpace objects, 0(0B) LOS objects, 10% free, 137MB/153MB, paused 1.121ms total 57.045ms
08-04 15:17:37.177  7266  7279 I art     : Starting a blocking GC Explicit
08-04 15:17:37.204   380   380 W SurfaceFlinger: couldn't log to binary event log: overflow.
08-04 15:17:37.226  7266  7279 I art     : Explicit concurrent mark sweep GC freed 112(2272B) AllocSpace objects, 0(0B) LOS objects, 10% free, 137MB/153MB, paused 1.068ms total 48.682ms
08-04 15:17:37.343  7266  9086 I NAPPA_EXPERIMENTATION: MetricNetworkRequestExecutionTime: REQUEST_DURATION_SYSTEM='521',REQUEST_DURATION_OKHTTP='29',REQUEST_SYNCHRONOUS='FALSE',RESPONSE_CODE='200',RESPONSE_METHOD='GET',RESPONSE_LENGTH_OKHTTP='36',RESPONSE_LENGTH_HEADER='36',REQUEST_PROTOCOL='http/1.1',REQUEST_URL='https://project-travel-mate.herokuapp.com/api/number-of-unread-notifications',
08-04 15:17:37.620  7266  7326 I art     : Starting a blocking GC Explicit
08-04 15:17:37.685  7266  7326 I art     : Explicit concurrent mark sweep GC freed 4431(241KB) AllocSpace objects, 5(236KB) LOS objects, 10% free, 137MB/153MB, paused 1.310ms total 64.744ms
08-04 15:17:37.710  7266  7326 I art     : Starting a blocking GC Explicit
08-04 15:17:37.756  7266  7326 I art     : Explicit concurrent mark sweep GC freed 1958(164KB) AllocSpace objects, 0(0B) LOS objects, 10% free, 137MB/153MB, paused 1.107ms total 45.839ms
08-04 15:17:37.773  7266  7326 I art     : Starting a blocking GC Explicit
08-04 15:17:37.820  7266  7326 I art     : Explicit concurrent mark sweep GC freed 5607(312KB) AllocSpace objects, 13(264KB) LOS objects, 10% free, 136MB/152MB, paused 1.086ms total 46.209ms
08-04 15:17:37.837  7266  7326 I art     : Starting a blocking GC Explicit
08-04 15:17:37.885  7266  7326 I art     : Explicit concurrent mark sweep GC freed 3(96B) AllocSpace objects, 0(0B) LOS objects, 10% free, 136MB/152MB, paused 1.167ms total 47.224ms
08-04 15:17:37.903  7266  7326 I art     : Starting a blocking GC Explicit
08-04 15:17:37.950  7266  7326 I art     : Explicit concurrent mark sweep GC freed 3(96B) AllocSpace objects, 0(0B) LOS objects, 10% free, 136MB/152MB, paused 1.270ms total 46.908ms
08-04 15:17:38.330  7266  7327 I art     : Starting a blocking GC Explicit
08-04 15:17:38.379  7266  7327 I art     : Explicit concurrent mark sweep GC freed 1582(91KB) AllocSpace objects, 2(36KB) LOS objects, 10% free, 136MB/152MB, paused 1.204ms total 49.102ms
08-04 15:17:38.397  7266  7327 I art     : Starting a blocking GC Explicit
08-04 15:17:38.443  7266  7327 I art     : Explicit concurrent mark sweep GC freed 28(1024B) AllocSpace objects, 0(0B) LOS objects, 10% free, 136MB/152MB, paused 1.403ms total 45.806ms
08-04 15:17:38.460  7266  7327 I art     : Starting a blocking GC Explicit
08-04 15:17:38.504  7266  7327 I art     : Explicit concurrent mark sweep GC freed 5(160B) AllocSpace objects, 0(0B) LOS objects, 10% free, 136MB/152MB, paused 1.053ms total 43.450ms
08-04 15:17:38.521  7266  7327 I art     : Starting a blocking GC Explicit
08-04 15:17:38.563  7266  7327 I art     : Explicit concurrent mark sweep GC freed 7(224B) AllocSpace objects, 0(0B) LOS objects, 10% free, 136MB/152MB, paused 1.107ms total 41.851ms
08-04 15:17:38.581  7266  7327 I art     : Starting a blocking GC Explicit
08-04 15:17:38.597  9098  9098 D AndroidRuntime: >>>>>> START com.android.internal.os.RuntimeInit uid 2000 <<<<<<
08-04 15:17:38.602  9098  9098 D AndroidRuntime: CheckJNI is OFF
08-04 15:17:38.624  7266  7327 I art     : Explicit concurrent mark sweep GC freed 36(992B) AllocSpace objects, 0(0B) LOS objects, 10% free, 136MB/152MB, paused 1.102ms total 42.887ms
08-04 15:17:38.644  9098  9098 D ICU     : No timezone override file found: /data/misc/zoneinfo/current/icu/icu_tzdata.dat
08-04 15:17:38.683  9098  9098 I Radio-JNI: register_android_hardware_Radio DONE
08-04 15:17:38.712  9098  9098 D AndroidRuntime: Calling main entry com.android.commands.input.Input
08-04 15:17:38.714  9098  9098 I Input   : injectMotionEvent: MotionEvent { action=ACTION_DOWN, actionButton=0, id[0]=0, x[0]=657.0, y[0]=2080.0, toolType[0]=TOOL_TYPE_UNKNOWN, buttonState=0, metaState=0, flags=0x0, edgeFlags=0x0, pointerCount=1, historySize=0, eventTime=717475126, downTime=717475126, deviceId=0, source=0x1002 }
08-04 15:17:38.738  9098  9098 I Input   : injectMotionEvent: MotionEvent { action=ACTION_UP, actionButton=0, id[0]=0, x[0]=657.0, y[0]=2080.0, toolType[0]=TOOL_TYPE_UNKNOWN, buttonState=0, metaState=0, flags=0x0, edgeFlags=0x0, pointerCount=1, historySize=0, eventTime=717475126, downTime=717475126, deviceId=0, source=0x1002 }
08-04 15:17:38.773   918  5132 I ActivityManager: START u0 {cmp=baseline.io.github.project_travel_mate/.utilities.UpcomingWeekendsActivity} from uid 10650 on display 0
08-04 15:17:38.774  9098  9098 D AndroidRuntime: Shutting down VM
08-04 15:17:38.776   512  2967 D audio_hw_primary: out_set_parameters: enter: usecase(1: low-latency-playback) kvpairs: routing=2
08-04 15:17:38.789   512  2967 D audio_hw_primary: select_devices: out_snd_device(2: speaker) in_snd_device(0: none)
08-04 15:17:38.789   512  2967 D msm8974_platform: platform_send_audio_calibration: sending audio calibration for snd_device(2) acdb_id(15)
08-04 15:17:38.789   512  2967 I soundtrigger: audio_extn_sound_trigger_update_device_status: device 0x2 of type 0 for Event 1
08-04 15:17:38.798   512  2967 D audio_hw_primary: enable_snd_device: snd_device(2: speaker)
08-04 15:17:38.799  7266  7347 D Gabe    : call	returning from cache
08-04 15:17:38.800   512  2967 D audio_hw_primary: enable_audio_route: apply and update mixer path: low-latency-playback speaker
08-04 15:17:38.802  7266  7266 V EXECUTING: https://project-travel-mate.herokuapp.com/api/get-upcoming-holidays/2020
08-04 15:17:38.804  7266  7266 V EXECUTING: https://project-travel-mate.herokuapp.com/api/get-upcoming-holidays/2020
08-04 15:17:38.888 13866 13866 I GoogleInputMethodServic: GoogleInputMethodService.onFinishInput():3138 
08-04 15:17:38.889 13866 13866 I GoogleInputMethodServic: GoogleInputMethodService.onStartInput():1808 
08-04 15:17:38.984   918   936 I ActivityManager: Displayed baseline.io.github.project_travel_mate/.utilities.UpcomingWeekendsActivity: +202ms
08-04 15:17:38.995  7266  7326 I art     : Starting a blocking GC Explicit
08-04 15:17:39.041  7266  7326 I art     : Explicit concurrent mark sweep GC freed 3345(190KB) AllocSpace objects, 2(36KB) LOS objects, 10% free, 141MB/157MB, paused 1.493ms total 45.912ms
08-04 15:17:39.059  7266  7326 I art     : Starting a blocking GC Explicit
08-04 15:17:39.104  7266  7326 I art     : Explicit concurrent mark sweep GC freed 343(14KB) AllocSpace objects, 0(0B) LOS objects, 10% free, 141MB/157MB, paused 1.421ms total 44.817ms
08-04 15:17:39.122  7266  7326 I art     : Starting a blocking GC Explicit
08-04 15:17:39.166  7266  7326 I art     : Explicit concurrent mark sweep GC freed 61(1184B) AllocSpace objects, 0(0B) LOS objects, 10% free, 141MB/157MB, paused 1.144ms total 43.877ms
08-04 15:17:39.166  7266  7278 I art     : WaitForGcToComplete blocked for 17.487ms for cause HeapTrim
08-04 15:17:39.183  7266  7326 I art     : Starting a blocking GC Explicit
08-04 15:17:39.223   380   380 W SurfaceFlinger: couldn't log to binary event log: overflow.
08-04 15:17:39.229  7266  7326 I art     : Explicit concurrent mark sweep GC freed 99(1696B) AllocSpace objects, 0(0B) LOS objects, 10% free, 141MB/157MB, paused 1.319ms total 46.015ms
08-04 15:17:39.247  7266  7326 I art     : Starting a blocking GC Explicit
08-04 15:17:39.291  7266  7326 I art     : Explicit concurrent mark sweep GC freed 2646(133KB) AllocSpace objects, 2(120KB) LOS objects, 10% free, 141MB/157MB, paused 1.242ms total 43.144ms
08-04 15:17:39.300  7266  9129 I NAPPA_EXPERIMENTATION: MetricNetworkRequestExecutionTime: REQUEST_DURATION_SYSTEM='495',REQUEST_DURATION_OKHTTP='30',REQUEST_SYNCHRONOUS='FALSE',RESPONSE_CODE='200',RESPONSE_METHOD='GET',RESPONSE_LENGTH_OKHTTP='6426',RESPONSE_LENGTH_HEADER='6426',REQUEST_PROTOCOL='http/1.1',REQUEST_URL='https://project-travel-mate.herokuapp.com/api/get-upcoming-holidays/2020',
08-04 15:17:39.304  7266  7266 V Response: [{"month":"January","date":1,"day":"Wednesday","name":"New Year's Day","type":"Restricted"},{"month":"January","date":2,"day":"Thursday","name":"Guru Govind Singh Jayanti","type":"Restricted"},{"month":"January","date":14,"day":"Tuesday","name":"Lohri","type":"Restricted"},{"month":"January","date":15,"day":"Wednesday","name":"Pongal","type":"Restricted"},{"month":"January","date":15,"day":"Wednesday","name":"Makar Sankranti","type":"Restricted"},{"month":"January","date":25,"day":"Saturday","name":"Chinese New Year","type":"Observance"},{"month":"January","date":26,"day":"Sunday","name":"Republic Day","type":"Gazetted"},{"month":"January","date":30,"day":"Thursday","name":"Vasant Panchami","type":"Restricted"},{"month":"February","date":9,"day":"Sunday","name":"Guru Ravidas Jayanti","type":"Restricted"},{"month":"February","date":14,"day":"Friday","name":"Valentine's Day","type":"Observance"},{"month":"February","date":18,"day":"Tuesday","name":"Maharishi Dayanand Saraswati Jayanti","type":"Restricted"},{"month":"February","date":19,"day":"Wednesday","name":"Shivaji Jayanti","type":"Restricted"},{"month":"February","date":21,"day":"Friday","name":"Maha Shivaratri/Shivaratri","type":"Gazetted"},{"month":"March","date":9,"day":"Monday","name":"Holika Dahana","type":"Restricted"},{"month":"March","date":9,"day":"Monday","name":"Hazarat Ali's Birthday","type":"Restricted"},{"month":"March","date":10,"day":"Tuesday","name":"Holi","type":"Gazetted"},{"month":"March","date":20,"day":"Friday","name":"March Equinox","type":"Season"},{"month":"March","date":25,"day":"Wednesday","name":"Chaitra Sukhladi","type":"Restricted"},{"month":"April","date":2,"day":"Thursday","name":"Rama Navami","type":"Gazetted"},{"month":"April","date":6,"day":"Monday","name":"Mahavir Jayanti","type":"Gazetted"},{"month":"April","date":9,"day":"Thursday","name":"First day of Passover","type":"Observance"},{"month":"April","date":9,"day":"Thursday","name":"Maundy Thursday","type":"Observance,"},{"month":"April","date":10,"day":"Friday","name":"Good Friday","type":"Gazetted"},{"month":"April","date":12,"day":"Sunday","name":"Easter Day","type":"Restricted"},{"month":"April","date":13,"day":"Monday","name":"Vaisakhi","type":"Restricted"},{"month":"April","date":14,"day":"Tuesday","name":"Mesadi/Vaisakhadi","type":"Restricted"},{"month":"April","date":14,"day":"Tuesday","name":"Ambedkar Jayanti","type":"Central"},{"month":"May","date":1,"day":"Friday","name":"May Day","type":"Observance"},{"month":"May","date":7,"day":"Thursday","name":"Buddha Purnima/Vesak","type":"Gazetted"},{"month":"May","date":7,"day":"Thursday","name":"Birthday of Ravindranath","type":"Restricted"},{"month":"May","date":10,"day":"Sunday","name":"Mother's Day","type":"Observance"},{"month":"May","date":22,"day":"Friday","name":"Jamat Ul-Vida","type":"Restricted"},{"month":"May","date":25,"day":"Monday","name":"Ramzan Id/Eid-ul-Fitar","type":"Gazetted"},{"month":"May","date":25,"day":"Monday","name":"Ramzan Id/Eid-ul-Fitar","type":"Muslim,"},{"month":"June","date":21,"day":"Sunday","name":"June Solstice","type":"Season"},{"month":"June","date":21,"day":"Sunday","name":"Father's Day","type":"Observance"},{"month":"June","date":23,"day":"Tuesday","name":"Rath Yatra","type":"Restricted"},{"month":"July","date":5,"day":"Sunday","name":"Guru Purnima","type":"Observance"},{"month":"July","date":31,"day":"Friday","name":"Bakr Id/Eid ul-Adha","type":"Gazetted"},{"month":"August","date":2,"day":"Sunday","name":"Friendship Day","type":"Observance"},{"month":"August","date":3,"day":"Monday","name":"Raksha Bandhan (Rakhi)","type":"Restricted"},{"month":"August","date":11,"day":"Tuesday","name":"Janmashtami (Smarta)","type":"Restricted"},{"month":"August","date":12,"day":"Wednesday","name":"Janmashtami","type":"Gazetted"},{"month":"August","date":15,"day":"Saturday","name":"Independence Day","type":"Gazetted"},{"month":"August","date":16,"day":"Sunday","name":"Parsi New Year","type":"Restricted"},{"month":"August","date":22,"day":"Saturday","name":"Ganesh Chaturthi/Vin
08-04 15:17:39.338   512  2967 D audio_hw_primary: disable_audio_route: reset and update mixer path: low-latency-playback speaker
08-04 15:17:39.340   512  2967 D audio_hw_primary: disable_snd_device: snd_device(2: speaker)
08-04 15:17:39.348   512  2967 I soundtrigger: audio_extn_sound_trigger_update_device_status: device 0x2 of type 0 for Event 0
08-04 15:17:39.510  7266  9128 I NAPPA_EXPERIMENTATION: MetricNetworkRequestExecutionTime: REQUEST_DURATION_SYSTEM='707',REQUEST_DURATION_OKHTTP='32',REQUEST_SYNCHRONOUS='FALSE',RESPONSE_CODE='200',RESPONSE_METHOD='GET',RESPONSE_LENGTH_OKHTTP='6426',RESPONSE_LENGTH_HEADER='6426',REQUEST_PROTOCOL='http/1.1',REQUEST_URL='https://project-travel-mate.herokuapp.com/api/get-upcoming-holidays/2020',
08-04 15:17:39.513  7266  7266 V Response: [{"month":"January","date":1,"day":"Wednesday","name":"New Year's Day","type":"Restricted"},{"month":"January","date":2,"day":"Thursday","name":"Guru Govind Singh Jayanti","type":"Restricted"},{"month":"January","date":14,"day":"Tuesday","name":"Lohri","type":"Restricted"},{"month":"January","date":15,"day":"Wednesday","name":"Pongal","type":"Restricted"},{"month":"January","date":15,"day":"Wednesday","name":"Makar Sankranti","type":"Restricted"},{"month":"January","date":25,"day":"Saturday","name":"Chinese New Year","type":"Observance"},{"month":"January","date":26,"day":"Sunday","name":"Republic Day","type":"Gazetted"},{"month":"January","date":30,"day":"Thursday","name":"Vasant Panchami","type":"Restricted"},{"month":"February","date":9,"day":"Sunday","name":"Guru Ravidas Jayanti","type":"Restricted"},{"month":"February","date":14,"day":"Friday","name":"Valentine's Day","type":"Observance"},{"month":"February","date":18,"day":"Tuesday","name":"Maharishi Dayanand Saraswati Jayanti","type":"Restricted"},{"month":"February","date":19,"day":"Wednesday","name":"Shivaji Jayanti","type":"Restricted"},{"month":"February","date":21,"day":"Friday","name":"Maha Shivaratri/Shivaratri","type":"Gazetted"},{"month":"March","date":9,"day":"Monday","name":"Holika Dahana","type":"Restricted"},{"month":"March","date":9,"day":"Monday","name":"Hazarat Ali's Birthday","type":"Restricted"},{"month":"March","date":10,"day":"Tuesday","name":"Holi","type":"Gazetted"},{"month":"March","date":20,"day":"Friday","name":"March Equinox","type":"Season"},{"month":"March","date":25,"day":"Wednesday","name":"Chaitra Sukhladi","type":"Restricted"},{"month":"April","date":2,"day":"Thursday","name":"Rama Navami","type":"Gazetted"},{"month":"April","date":6,"day":"Monday","name":"Mahavir Jayanti","type":"Gazetted"},{"month":"April","date":9,"day":"Thursday","name":"First day of Passover","type":"Observance"},{"month":"April","date":9,"day":"Thursday","name":"Maundy Thursday","type":"Observance,"},{"month":"April","date":10,"day":"Friday","name":"Good Friday","type":"Gazetted"},{"month":"April","date":12,"day":"Sunday","name":"Easter Day","type":"Restricted"},{"month":"April","date":13,"day":"Monday","name":"Vaisakhi","type":"Restricted"},{"month":"April","date":14,"day":"Tuesday","name":"Mesadi/Vaisakhadi","type":"Restricted"},{"month":"April","date":14,"day":"Tuesday","name":"Ambedkar Jayanti","type":"Central"},{"month":"May","date":1,"day":"Friday","name":"May Day","type":"Observance"},{"month":"May","date":7,"day":"Thursday","name":"Buddha Purnima/Vesak","type":"Gazetted"},{"month":"May","date":7,"day":"Thursday","name":"Birthday of Ravindranath","type":"Restricted"},{"month":"May","date":10,"day":"Sunday","name":"Mother's Day","type":"Observance"},{"month":"May","date":22,"day":"Friday","name":"Jamat Ul-Vida","type":"Restricted"},{"month":"May","date":25,"day":"Monday","name":"Ramzan Id/Eid-ul-Fitar","type":"Gazetted"},{"month":"May","date":25,"day":"Monday","name":"Ramzan Id/Eid-ul-Fitar","type":"Muslim,"},{"month":"June","date":21,"day":"Sunday","name":"June Solstice","type":"Season"},{"month":"June","date":21,"day":"Sunday","name":"Father's Day","type":"Observance"},{"month":"June","date":23,"day":"Tuesday","name":"Rath Yatra","type":"Restricted"},{"month":"July","date":5,"day":"Sunday","name":"Guru Purnima","type":"Observance"},{"month":"July","date":31,"day":"Friday","name":"Bakr Id/Eid ul-Adha","type":"Gazetted"},{"month":"August","date":2,"day":"Sunday","name":"Friendship Day","type":"Observance"},{"month":"August","date":3,"day":"Monday","name":"Raksha Bandhan (Rakhi)","type":"Restricted"},{"month":"August","date":11,"day":"Tuesday","name":"Janmashtami (Smarta)","type":"Restricted"},{"month":"August","date":12,"day":"Wednesday","name":"Janmashtami","type":"Gazetted"},{"month":"August","date":15,"day":"Saturday","name":"Independence Day","type":"Gazetted"},{"month":"August","date":16,"day":"Sunday","name":"Parsi New Year","type":"Restricted"},{"month":"August","date":22,"day":"Saturday","name":"Ganesh Chaturthi/Vin
08-04 15:17:39.664  7266  7327 I art     : Starting a blocking GC Explicit
08-04 15:17:39.723  7266  7327 I art     : Explicit concurrent mark sweep GC freed 19124(854KB) AllocSpace objects, 10(4MB) LOS objects, 10% free, 138MB/154MB, paused 1.255ms total 58.590ms
08-04 15:17:39.742  7266  7327 I art     : Starting a blocking GC Explicit
08-04 15:17:39.792  7266  7327 I art     : Explicit concurrent mark sweep GC freed 2602(208KB) AllocSpace objects, 11(220KB) LOS objects, 10% free, 137MB/153MB, paused 1.274ms total 49.806ms
08-04 15:17:39.811  7266  7327 I art     : Starting a blocking GC Explicit
08-04 15:17:39.859  7266  7327 I art     : Explicit concurrent mark sweep GC freed 120(2032B) AllocSpace objects, 0(0B) LOS objects, 10% free, 137MB/153MB, paused 1.399ms total 48.615ms
08-04 15:17:39.878  7266  7327 I art     : Starting a blocking GC Explicit
08-04 15:17:39.929  7266  7327 I art     : Explicit concurrent mark sweep GC freed 102(1760B) AllocSpace objects, 0(0B) LOS objects, 10% free, 137MB/153MB, paused 1.204ms total 51.125ms
08-04 15:17:39.948  7266  7327 I art     : Starting a blocking GC Explicit
08-04 15:17:40.000  7266  7327 I art     : Explicit concurrent mark sweep GC freed 105(2096B) AllocSpace objects, 0(0B) LOS objects, 10% free, 137MB/153MB, paused 1.401ms total 51.878ms
08-04 15:17:40.395  7266  7279 I art     : Starting a blocking GC Explicit
08-04 15:17:40.447  7266  7279 I art     : Explicit concurrent mark sweep GC freed 2241(103KB) AllocSpace objects, 2(36KB) LOS objects, 10% free, 137MB/153MB, paused 1.243ms total 52.156ms
08-04 15:17:40.466  7266  7279 I art     : Starting a blocking GC Explicit
08-04 15:17:40.519  7266  7279 I art     : Explicit concurrent mark sweep GC freed 139(3KB) AllocSpace objects, 0(0B) LOS objects, 10% free, 137MB/153MB, paused 1.294ms total 53.129ms
08-04 15:17:40.538  7266  7279 I art     : Starting a blocking GC Explicit
08-04 15:17:40.591  7266  7279 I art     : Explicit concurrent mark sweep GC freed 129(2496B) AllocSpace objects, 0(0B) LOS objects, 10% free, 137MB/153MB, paused 1.223ms total 53.247ms
08-04 15:17:40.609  7266  7279 I art     : Starting a blocking GC Explicit
08-04 15:17:40.666  7266  7279 I art     : Explicit concurrent mark sweep GC freed 122(2064B) AllocSpace objects, 0(0B) LOS objects, 10% free, 137MB/153MB, paused 1.218ms total 55.803ms
08-04 15:17:40.688  7266  7279 I art     : Starting a blocking GC Explicit
08-04 15:17:40.740  7266  7279 I art     : Explicit concurrent mark sweep GC freed 101(1760B) AllocSpace objects, 0(0B) LOS objects, 10% free, 137MB/153MB, paused 1.227ms total 51.871ms
08-04 15:17:41.147  7266  7326 I art     : Starting a blocking GC Explicit
08-04 15:17:41.200  7266  7326 I art     : Explicit concurrent mark sweep GC freed 2253(102KB) AllocSpace objects, 2(36KB) LOS objects, 10% free, 137MB/153MB, paused 1.180ms total 52.075ms
08-04 15:17:41.218  7266  7326 I art     : Starting a blocking GC Explicit
08-04 15:17:41.273  7266  7326 I art     : Explicit concurrent mark sweep GC freed 125(2656B) AllocSpace objects, 0(0B) LOS objects, 10% free, 137MB/153MB, paused 1.241ms total 54.651ms
08-04 15:17:41.292  7266  7326 I art     : Starting a blocking GC Explicit
08-04 15:17:41.344  7266  7326 I art     : Explicit concurrent mark sweep GC freed 98(1664B) AllocSpace objects, 0(0B) LOS objects, 10% free, 137MB/153MB, paused 1.290ms total 51.671ms
08-04 15:17:41.362  7266  7326 I art     : Starting a blocking GC Explicit
08-04 15:17:41.417  7266  7326 I art     : Explicit concurrent mark sweep GC freed 123(2096B) AllocSpace objects, 0(0B) LOS objects, 10% free, 137MB/153MB, paused 1.245ms total 54.136ms
08-04 15:17:41.436  7266  7326 I art     : Starting a blocking GC Explicit
08-04 15:17:41.489  7266  7326 I art     : Explicit concurrent mark sweep GC freed 100(1728B) AllocSpace objects, 0(0B) LOS objects, 10% free, 137MB/153MB, paused 1.294ms total 53.623ms
08-04 15:17:41.908  7266  7280 I art     : Starting a blocking GC Explicit
08-04 15:17:41.963  7266  7280 I art     : Explicit concurrent mark sweep GC freed 2303(104KB) AllocSpace objects, 2(36KB) LOS objects, 10% free, 137MB/153MB, paused 1.283ms total 54.925ms
08-04 15:17:41.982  7266  7280 I art     : Starting a blocking GC Explicit
08-04 15:17:42.035  7266  7280 I art     : Explicit concurrent mark sweep GC freed 153(3KB) AllocSpace objects, 0(0B) LOS objects, 10% free, 137MB/153MB, paused 1.258ms total 53.318ms
08-04 15:17:42.054  7266  7280 I art     : Starting a blocking GC Explicit
08-04 15:17:42.108  7266  7280 I art     : Explicit concurrent mark sweep GC freed 99(1696B) AllocSpace objects, 0(0B) LOS objects, 10% free, 137MB/153MB, paused 1.286ms total 54.050ms
08-04 15:17:42.127  7266  7280 I art     : Starting a blocking GC Explicit
08-04 15:17:42.184  7266  7280 I art     : Explicit concurrent mark sweep GC freed 100(1696B) AllocSpace objects, 0(0B) LOS objects, 10% free, 137MB/153MB, paused 1.830ms total 56.674ms
08-04 15:17:42.206  7266  7280 I art     : Starting a blocking GC Explicit
08-04 15:17:42.259  7266  7280 I art     : Explicit concurrent mark sweep GC freed 122(2096B) AllocSpace objects, 0(0B) LOS objects, 10% free, 137MB/153MB, paused 1.223ms total 52.979ms
08-04 15:17:42.679  7266  7327 I art     : Starting a blocking GC Explicit
08-04 15:17:42.736  7266  7327 I art     : Explicit concurrent mark sweep GC freed 2309(104KB) AllocSpace objects, 2(36KB) LOS objects, 10% free, 137MB/153MB, paused 1.257ms total 56.131ms
08-04 15:17:42.757  7266  7327 I art     : Starting a blocking GC Explicit
08-04 15:17:42.807  7266  7327 I art     : Explicit concurrent mark sweep GC freed 124(2624B) AllocSpace objects, 0(0B) LOS objects, 10% free, 137MB/153MB, paused 1.205ms total 50.589ms
08-04 15:17:42.825  7266  7327 I art     : Starting a blocking GC Explicit
08-04 15:17:42.879  7266  7327 I art     : Explicit concurrent mark sweep GC freed 103(1760B) AllocSpace objects, 0(0B) LOS objects, 10% free, 137MB/153MB, paused 1.275ms total 53.813ms
08-04 15:17:42.898  7266  7327 I art     : Starting a blocking GC Explicit
08-04 15:17:42.948  7266  7327 I art     : Explicit concurrent mark sweep GC freed 112(1904B) AllocSpace objects, 0(0B) LOS objects, 10% free, 137MB/153MB, paused 1.483ms total 49.705ms
08-04 15:17:42.966  7266  7327 I art     : Starting a blocking GC Explicit
08-04 15:17:43.018  7266  7327 I art     : Explicit concurrent mark sweep GC freed 116(2416B) AllocSpace objects, 0(0B) LOS objects, 10% free, 137MB/153MB, paused 1.288ms total 51.495ms
08-04 15:17:43.420  7266  7279 I art     : Starting a blocking GC Explicit
08-04 15:17:43.474  7266  7279 I art     : Explicit concurrent mark sweep GC freed 2255(103KB) AllocSpace objects, 2(36KB) LOS objects, 10% free, 137MB/153MB, paused 1.252ms total 53.675ms
08-04 15:17:43.492  7266  7279 I art     : Starting a blocking GC Explicit
08-04 15:17:43.544  7266  7279 I art     : Explicit concurrent mark sweep GC freed 138(3056B) AllocSpace objects, 0(0B) LOS objects, 10% free, 137MB/153MB, paused 1.212ms total 51.324ms
08-04 15:17:43.563  7266  7279 I art     : Starting a blocking GC Explicit
08-04 15:17:43.584  9187  9187 D AndroidRuntime: >>>>>> START com.android.internal.os.RuntimeInit uid 2000 <<<<<<
08-04 15:17:43.590  9187  9187 D AndroidRuntime: CheckJNI is OFF
08-04 15:17:43.615  7266  7279 I art     : Explicit concurrent mark sweep GC freed 139(2656B) AllocSpace objects, 0(0B) LOS objects, 10% free, 137MB/153MB, paused 1.432ms total 51.534ms
08-04 15:17:43.633  7266  7279 I art     : Starting a blocking GC Explicit
08-04 15:17:43.639  9187  9187 D ICU     : No timezone override file found: /data/misc/zoneinfo/current/icu/icu_tzdata.dat
08-04 15:17:43.684  7266  7279 I art     : Explicit concurrent mark sweep GC freed 113(1936B) AllocSpace objects, 0(0B) LOS objects, 10% free, 137MB/153MB, paused 1.335ms total 50.580ms
08-04 15:17:43.685  9187  9187 I Radio-JNI: register_android_hardware_Radio DONE
08-04 15:17:43.702  7266  7279 I art     : Starting a blocking GC Explicit
08-04 15:17:43.714  9187  9187 D AndroidRuntime: Calling main entry com.android.commands.input.Input
08-04 15:17:43.716  9187  9187 I Input   : injectKeyEvent: KeyEvent { action=ACTION_DOWN, keyCode=KEYCODE_BACK, scanCode=0, metaState=0, flags=0x0, repeatCount=0, eventTime=717480129, downTime=717480129, deviceId=-1, source=0x101 }
08-04 15:17:43.722  9187  9187 I Input   : injectKeyEvent: KeyEvent { action=ACTION_UP, keyCode=KEYCODE_BACK, scanCode=0, metaState=0, flags=0x0, repeatCount=0, eventTime=717480129, downTime=717480129, deviceId=-1, source=0x101 }
08-04 15:17:43.727  9187  9187 D AndroidRuntime: Shutting down VM
08-04 15:17:43.746  7266  7266 V MainActivity: url = https://project-travel-mate.herokuapp.com/api/number-of-unread-notifications
08-04 15:17:43.751  7266  7279 I art     : Explicit concurrent mark sweep GC freed 285(9KB) AllocSpace objects, 0(0B) LOS objects, 10% free, 137MB/153MB, paused 1.687ms total 48.670ms
08-04 15:17:43.780 13866 13866 I GoogleInputMethodServic: GoogleInputMethodService.onFinishInput():3138 
08-04 15:17:43.781 13866 13866 I GoogleInputMethodServic: GoogleInputMethodService.onStartInput():1808 
08-04 15:17:43.841   918  3261 D WifiStateMachine: starting scan for "H369AA63323"WPA_PSK with 2412,5180
08-04 15:17:44.102   518   646 I ThermalEngine: ACTION: GPU - Setting GPU[0] to 510000000
08-04 15:17:44.117  7266  7327 I art     : Starting a blocking GC Explicit
08-04 15:17:44.128   380   380 W SurfaceFlinger: couldn't log to binary event log: overflow.
08-04 15:17:44.162  7266  7327 I art     : Explicit concurrent mark sweep GC freed 2363(114KB) AllocSpace objects, 2(36KB) LOS objects, 10% free, 137MB/153MB, paused 870us total 44.326ms
08-04 15:17:44.175  7266  7327 I art     : Starting a blocking GC Explicit
08-04 15:17:44.213  7266  7327 I art     : Explicit concurrent mark sweep GC freed 100(3KB) AllocSpace objects, 0(0B) LOS objects, 10% free, 137MB/153MB, paused 927us total 37.787ms
08-04 15:17:44.226  7266  7327 I art     : Starting a blocking GC Explicit
08-04 15:17:44.265  7266  7327 I art     : Explicit concurrent mark sweep GC freed 6597(359KB) AllocSpace objects, 13(264KB) LOS objects, 10% free, 137MB/153MB, paused 932us total 38.679ms
08-04 15:17:44.265  7266  7278 I art     : WaitForGcToComplete blocked for 35.709ms for cause HeapTrim
08-04 15:17:44.279  7266  7327 I art     : Starting a blocking GC Explicit
08-04 15:17:44.318  7266  7327 I art     : Explicit concurrent mark sweep GC freed 3(96B) AllocSpace objects, 0(0B) LOS objects, 10% free, 137MB/153MB, paused 1.167ms total 38.983ms
08-04 15:17:44.332  7266  7327 I art     : Starting a blocking GC Explicit
08-04 15:17:44.372  7266  7327 I art     : Explicit concurrent mark sweep GC freed 3(96B) AllocSpace objects, 0(0B) LOS objects, 10% free, 137MB/153MB, paused 967us total 39.830ms
08-04 15:17:44.626  7266  9210 I NAPPA_EXPERIMENTATION: MetricNetworkRequestExecutionTime: REQUEST_DURATION_SYSTEM='878',REQUEST_DURATION_OKHTTP='29',REQUEST_SYNCHRONOUS='FALSE',RESPONSE_CODE='200',RESPONSE_METHOD='GET',RESPONSE_LENGTH_OKHTTP='36',RESPONSE_LENGTH_HEADER='36',REQUEST_PROTOCOL='http/1.1',REQUEST_URL='https://project-travel-mate.herokuapp.com/api/number-of-unread-notifications',
08-04 15:17:44.750  7266  7279 I art     : Starting a blocking GC Explicit
08-04 15:17:44.808  7266  7279 I art     : Explicit concurrent mark sweep GC freed 4422(241KB) AllocSpace objects, 5(236KB) LOS objects, 10% free, 137MB/153MB, paused 1.212ms total 58.169ms
08-04 15:17:44.825  7266  7279 I art     : Starting a blocking GC Explicit
08-04 15:17:44.866  7266  7279 I art     : Explicit concurrent mark sweep GC freed 973(117KB) AllocSpace objects, 0(0B) LOS objects, 10% free, 137MB/153MB, paused 943us total 40.407ms
08-04 15:17:44.880  7266  7279 I art     : Starting a blocking GC Explicit
08-04 15:17:44.921  7266  7279 I art     : Explicit concurrent mark sweep GC freed 14(672B) AllocSpace objects, 0(0B) LOS objects, 10% free, 137MB/153MB, paused 1.101ms total 40.569ms
08-04 15:17:44.935  7266  7279 I art     : Starting a blocking GC Explicit
08-04 15:17:44.973  7266  7279 I art     : Explicit concurrent mark sweep GC freed 3(96B) AllocSpace objects, 0(0B) LOS objects, 10% free, 137MB/153MB, paused 814us total 37.945ms
08-04 15:17:44.987  7266  7279 I art     : Starting a blocking GC Explicit
08-04 15:17:45.024  7266  7279 I art     : Explicit concurrent mark sweep GC freed 3(96B) AllocSpace objects, 0(0B) LOS objects, 10% free, 137MB/153MB, paused 862us total 37.094ms
08-04 15:17:45.370  7266  7326 I art     : Starting a blocking GC Explicit
08-04 15:17:45.382  9232  9232 D AndroidRuntime: >>>>>> START com.android.internal.os.RuntimeInit uid 2000 <<<<<<
08-04 15:17:45.387  9232  9232 D AndroidRuntime: CheckJNI is OFF
08-04 15:17:45.409  7266  7326 I art     : Explicit concurrent mark sweep GC freed 1584(92KB) AllocSpace objects, 2(36KB) LOS objects, 10% free, 137MB/153MB, paused 960us total 37.408ms
08-04 15:17:45.420  9232  9232 D ICU     : No timezone override file found: /data/misc/zoneinfo/current/icu/icu_tzdata.dat
08-04 15:17:45.421  7266  7326 I art     : Starting a blocking GC Explicit
08-04 15:17:45.452  9232  9232 I Radio-JNI: register_android_hardware_Radio DONE
08-04 15:17:45.456  7266  7326 I art     : Explicit concurrent mark sweep GC freed 30(1088B) AllocSpace objects, 0(0B) LOS objects, 10% free, 137MB/153MB, paused 923us total 34.730ms
08-04 15:17:45.470  7266  7326 I art     : Starting a blocking GC Explicit
08-04 15:17:45.474  9232  9232 D AndroidRuntime: Calling main entry com.android.commands.input.Input
08-04 15:17:45.476  9232  9232 I Input   : injectMotionEvent: MotionEvent { action=ACTION_DOWN, actionButton=0, id[0]=0, x[0]=117.0, y[0]=170.0, toolType[0]=TOOL_TYPE_UNKNOWN, buttonState=0, metaState=0, flags=0x0, edgeFlags=0x0, pointerCount=1, historySize=0, eventTime=717481889, downTime=717481889, deviceId=0, source=0x1002 }
08-04 15:17:45.507  7266  7326 I art     : Explicit concurrent mark sweep GC freed 5(160B) AllocSpace objects, 0(0B) LOS objects, 10% free, 137MB/153MB, paused 1.247ms total 37.041ms
08-04 15:17:45.509  9232  9232 I Input   : injectMotionEvent: MotionEvent { action=ACTION_UP, actionButton=0, id[0]=0, x[0]=117.0, y[0]=170.0, toolType[0]=TOOL_TYPE_UNKNOWN, buttonState=0, metaState=0, flags=0x0, edgeFlags=0x0, pointerCount=1, historySize=0, eventTime=717481889, downTime=717481889, deviceId=0, source=0x1002 }
08-04 15:17:45.521  7266  7326 I art     : Starting a blocking GC Explicit
08-04 15:17:45.538  9232  9232 D AndroidRuntime: Shutting down VM
08-04 15:17:45.556  7266  7326 I art     : Explicit concurrent mark sweep GC freed 28(912B) AllocSpace objects, 0(0B) LOS objects, 10% free, 137MB/153MB, paused 939us total 34.668ms
08-04 15:17:45.570   512  2967 D audio_hw_primary: out_set_parameters: enter: usecase(1: low-latency-playback) kvpairs: routing=2
08-04 15:17:45.572  7266  7326 I art     : Starting a blocking GC Explicit
08-04 15:17:45.583   512  2967 D audio_hw_primary: select_devices: out_snd_device(2: speaker) in_snd_device(0: none)
08-04 15:17:45.583   512  2967 D msm8974_platform: platform_send_audio_calibration: sending audio calibration for snd_device(2) acdb_id(15)
08-04 15:17:45.583   512  2967 I soundtrigger: audio_extn_sound_trigger_update_device_status: device 0x2 of type 0 for Event 1
08-04 15:17:45.592   512  2967 D audio_hw_primary: enable_snd_device: snd_device(2: speaker)
08-04 15:17:45.594   512  2967 D audio_hw_primary: enable_audio_route: apply and update mixer path: low-latency-playback speaker
08-04 15:17:45.607  7266  7326 I art     : Explicit concurrent mark sweep GC freed 87(2976B) AllocSpace objects, 0(0B) LOS objects, 10% free, 137MB/153MB, paused 1.075ms total 34.872ms
08-04 15:17:45.930  7266  7327 I art     : Starting a blocking GC Explicit
08-04 15:17:45.965  7266  7327 I art     : Explicit concurrent mark sweep GC freed 1976(112KB) AllocSpace objects, 2(36KB) LOS objects, 10% free, 137MB/153MB, paused 1.037ms total 34.531ms
08-04 15:17:45.977  7266  7327 I art     : Starting a blocking GC Explicit
08-04 15:17:46.012  7266  7327 I art     : Explicit concurrent mark sweep GC freed 42(1664B) AllocSpace objects, 0(0B) LOS objects, 10% free, 137MB/153MB, paused 960us total 34.754ms
08-04 15:17:46.025  7266  7327 I art     : Starting a blocking GC Explicit
08-04 15:17:46.060  7266  7327 I art     : Explicit concurrent mark sweep GC freed 33(1664B) AllocSpace objects, 0(0B) LOS objects, 10% free, 137MB/153MB, paused 883us total 35.424ms
08-04 15:17:46.074  7266  7327 I art     : Starting a blocking GC Explicit
08-04 15:17:46.108   518   646 I ThermalEngine: ACTION: GPU - Setting GPU[0] to 450000000
08-04 15:17:46.109  7266  7327 I art     : Explicit concurrent mark sweep GC freed 21(864B) AllocSpace objects, 0(0B) LOS objects, 10% free, 137MB/153MB, paused 880us total 35.465ms
08-04 15:17:46.126  7266  7327 I art     : Starting a blocking GC Explicit
08-04 15:17:46.129   512  2967 D audio_hw_primary: disable_audio_route: reset and update mixer path: low-latency-playback speaker
08-04 15:17:46.132   512  2967 D audio_hw_primary: disable_snd_device: snd_device(2: speaker)
08-04 15:17:46.139   512  2967 I soundtrigger: audio_extn_sound_trigger_update_device_status: device 0x2 of type 0 for Event 0
08-04 15:17:46.168  7266  7327 I art     : Explicit concurrent mark sweep GC freed 3(96B) AllocSpace objects, 0(0B) LOS objects, 10% free, 137MB/153MB, paused 1.152ms total 41.267ms
08-04 15:17:46.188  9258  9258 D AndroidRuntime: >>>>>> START com.android.internal.os.RuntimeInit uid 2000 <<<<<<
08-04 15:17:46.193  9258  9258 D AndroidRuntime: CheckJNI is OFF
08-04 15:17:46.233  9258  9258 D ICU     : No timezone override file found: /data/misc/zoneinfo/current/icu/icu_tzdata.dat
08-04 15:17:46.276  9258  9258 I Radio-JNI: register_android_hardware_Radio DONE
08-04 15:17:46.304  9258  9258 D AndroidRuntime: Calling main entry com.android.commands.input.Input
08-04 15:17:46.306  9258  9258 I Input   : injectMotionEvent: MotionEvent { action=ACTION_DOWN, actionButton=0, id[0]=0, x[0]=405.0, y[0]=661.0, toolType[0]=TOOL_TYPE_UNKNOWN, buttonState=0, metaState=0, flags=0x0, edgeFlags=0x0, pointerCount=1, historySize=0, eventTime=717482719, downTime=717482719, deviceId=0, source=0x1002 }
08-04 15:17:46.311  9258  9258 I Input   : injectMotionEvent: MotionEvent { action=ACTION_UP, actionButton=0, id[0]=0, x[0]=405.0, y[0]=661.0, toolType[0]=TOOL_TYPE_UNKNOWN, buttonState=0, metaState=0, flags=0x0, edgeFlags=0x0, pointerCount=1, historySize=0, eventTime=717482719, downTime=717482719, deviceId=0, source=0x1002 }
08-04 15:17:46.314  9258  9258 D AndroidRuntime: Shutting down VM
08-04 15:17:46.326   512  2967 D audio_hw_primary: out_set_parameters: enter: usecase(1: low-latency-playback) kvpairs: routing=2
08-04 15:17:46.339   512  2967 D audio_hw_primary: select_devices: out_snd_device(2: speaker) in_snd_device(0: none)
08-04 15:17:46.339   512  2967 D msm8974_platform: platform_send_audio_calibration: sending audio calibration for snd_device(2) acdb_id(15)
08-04 15:17:46.339   512  2967 I soundtrigger: audio_extn_sound_trigger_update_device_status: device 0x2 of type 0 for Event 1
08-04 15:17:46.348   512  2967 D audio_hw_primary: enable_snd_device: snd_device(2: speaker)
08-04 15:17:46.350   512  2967 D audio_hw_primary: enable_audio_route: apply and update mixer path: low-latency-playback speaker
08-04 15:17:46.391   512  2967 D AudioFlinger: mixer(0xf4740000) throttle end: throttle time(12)
08-04 15:17:46.538  7266  7326 I art     : Starting a blocking GC Explicit
08-04 15:17:46.586  7266  7326 I art     : Explicit concurrent mark sweep GC freed 30(2064B) AllocSpace objects, 0(0B) LOS objects, 8% free, 168MB/184MB, paused 1.379ms total 47.797ms
08-04 15:17:46.603  7266  7326 I art     : Starting a blocking GC Explicit
08-04 15:17:46.651  7266  7326 I art     : Explicit concurrent mark sweep GC freed 56(17KB) AllocSpace objects, 0(0B) LOS objects, 8% free, 171MB/187MB, paused 1.460ms total 47.407ms
08-04 15:17:46.669  7266  7326 I art     : Starting a blocking GC Explicit
08-04 15:17:46.716  7266  7326 I art     : Explicit concurrent mark sweep GC freed 41(10KB) AllocSpace objects, 0(0B) LOS objects, 8% free, 178MB/194MB, paused 1.313ms total 46.618ms
08-04 15:17:46.733  7266  7326 I art     : Starting a blocking GC Explicit
08-04 15:17:46.780  7266  7326 I art     : Explicit concurrent mark sweep GC freed 38(1456B) AllocSpace objects, 0(0B) LOS objects, 7% free, 184MB/200MB, paused 1.404ms total 47.021ms
08-04 15:17:46.799  7266  7326 I art     : Starting a blocking GC Explicit
08-04 15:17:46.851  7266  7326 I art     : Explicit concurrent mark sweep GC freed 1476(67KB) AllocSpace objects, 0(0B) LOS objects, 7% free, 184MB/200MB, paused 1.417ms total 51.933ms
08-04 15:17:46.879   512  2967 D audio_hw_primary: disable_audio_route: reset and update mixer path: low-latency-playback speaker
08-04 15:17:46.881   512  2967 D audio_hw_primary: disable_snd_device: snd_device(2: speaker)
08-04 15:17:46.889   512  2967 I soundtrigger: audio_extn_sound_trigger_update_device_status: device 0x2 of type 0 for Event 0
08-04 15:17:47.263  7266  7326 I art     : Starting a blocking GC Explicit
08-04 15:17:47.332  7266  7326 I art     : Explicit concurrent mark sweep GC freed 2461(142KB) AllocSpace objects, 11(288KB) LOS objects, 8% free, 183MB/199MB, paused 1.195ms total 68.544ms
08-04 15:17:47.354  7266  7326 I art     : Starting a blocking GC Explicit
08-04 15:17:47.405  7266  7326 I art     : Explicit concurrent mark sweep GC freed 30(1120B) AllocSpace objects, 0(0B) LOS objects, 8% free, 183MB/199MB, paused 1.194ms total 50.599ms
08-04 15:17:47.426  7266  7326 I art     : Starting a blocking GC Explicit
08-04 15:17:47.478  7266  7326 I art     : Explicit concurrent mark sweep GC freed 3(96B) AllocSpace objects, 0(0B) LOS objects, 8% free, 183MB/199MB, paused 1.341ms total 51.167ms
08-04 15:17:47.499  7266  7326 I art     : Starting a blocking GC Explicit
08-04 15:17:47.547  7266  7326 I art     : Explicit concurrent mark sweep GC freed 3(96B) AllocSpace objects, 0(0B) LOS objects, 8% free, 183MB/199MB, paused 1.281ms total 48.252ms
08-04 15:17:47.565  7266  7326 I art     : Starting a blocking GC Explicit
08-04 15:17:47.615  7266  7326 I art     : Explicit concurrent mark sweep GC freed 34(928B) AllocSpace objects, 0(0B) LOS objects, 8% free, 183MB/199MB, paused 1.186ms total 49.654ms
08-04 15:17:48.027  7266  7327 I art     : Starting a blocking GC Explicit
08-04 15:17:48.093  7266  7327 I art     : Explicit concurrent mark sweep GC freed 1607(93KB) AllocSpace objects, 2(36KB) LOS objects, 8% free, 183MB/199MB, paused 1.227ms total 65.787ms
08-04 15:17:48.115  7266  7327 I art     : Starting a blocking GC Explicit
08-04 15:17:48.153   918  3188 I hubconnection: sensorhub said: 'set_bias 3: -7.6800, 0.0000, 0.0000'
08-04 15:17:48.170  7266  7327 I art     : Explicit concurrent mark sweep GC freed 61(2496B) AllocSpace objects, 0(0B) LOS objects, 8% free, 183MB/199MB, paused 1.264ms total 54.610ms
08-04 15:17:48.189  7266  7327 I art     : Starting a blocking GC Explicit
08-04 15:17:48.243  7266  7327 I art     : Explicit concurrent mark sweep GC freed 3(96B) AllocSpace objects, 0(0B) LOS objects, 8% free, 183MB/199MB, paused 1.316ms total 54.011ms
08-04 15:17:48.265  7266  7327 I art     : Starting a blocking GC Explicit
08-04 15:17:48.322  7266  7327 I art     : Explicit concurrent mark sweep GC freed 3(96B) AllocSpace objects, 0(0B) LOS objects, 8% free, 183MB/199MB, paused 1.291ms total 57.266ms
08-04 15:17:48.344  7266  7327 I art     : Starting a blocking GC Explicit
08-04 15:17:48.397  7266  7327 I art     : Explicit concurrent mark sweep GC freed 3(96B) AllocSpace objects, 0(0B) LOS objects, 8% free, 183MB/199MB, paused 1.227ms total 52.702ms
08-04 15:17:48.793  7266  7279 I art     : Starting a blocking GC Explicit
08-04 15:17:48.853  7266  7279 I art     : Explicit concurrent mark sweep GC freed 1626(93KB) AllocSpace objects, 2(36KB) LOS objects, 8% free, 183MB/199MB, paused 1.276ms total 58.950ms
08-04 15:17:48.873  7266  7279 I art     : Starting a blocking GC Explicit
08-04 15:17:48.925  7266  7279 I art     : Explicit concurrent mark sweep GC freed 42(1456B) AllocSpace objects, 0(0B) LOS objects, 8% free, 183MB/199MB, paused 1.242ms total 51.734ms
08-04 15:17:48.943  7266  7279 I art     : Starting a blocking GC Explicit
08-04 15:17:48.995  7266  7279 I art     : Explicit concurrent mark sweep GC freed 3(96B) AllocSpace objects, 0(0B) LOS objects, 8% free, 183MB/199MB, paused 1.171ms total 50.895ms
08-04 15:17:49.013  7266  7279 I art     : Starting a blocking GC Explicit
08-04 15:17:49.064  7266  7279 I art     : Explicit concurrent mark sweep GC freed 15(752B) AllocSpace objects, 0(0B) LOS objects, 8% free, 183MB/199MB, paused 1.209ms total 50.631ms
08-04 15:17:49.082  7266  7279 I art     : Starting a blocking GC Explicit
08-04 15:17:49.120  9309  9309 D AndroidRuntime: >>>>>> START com.android.internal.os.RuntimeInit uid 2000 <<<<<<
08-04 15:17:49.126  9309  9309 D AndroidRuntime: CheckJNI is OFF
08-04 15:17:49.131  7266  7279 I art     : Explicit concurrent mark sweep GC freed 13(640B) AllocSpace objects, 0(0B) LOS objects, 8% free, 183MB/199MB, paused 1.232ms total 49.209ms
08-04 15:17:49.172  9309  9309 D ICU     : No timezone override file found: /data/misc/zoneinfo/current/icu/icu_tzdata.dat
08-04 15:17:49.219  9309  9309 I Radio-JNI: register_android_hardware_Radio DONE
08-04 15:17:49.248  9309  9309 D AndroidRuntime: Calling main entry com.android.commands.input.Input
08-04 15:17:49.251  9309  9309 I Input   : injectMotionEvent: MotionEvent { action=ACTION_DOWN, actionButton=0, id[0]=0, x[0]=1341.0, y[0]=197.0, toolType[0]=TOOL_TYPE_UNKNOWN, buttonState=0, metaState=0, flags=0x0, edgeFlags=0x0, pointerCount=1, historySize=0, eventTime=717485663, downTime=717485663, deviceId=0, source=0x1002 }
08-04 15:17:49.259  9309  9309 I Input   : injectMotionEvent: MotionEvent { action=ACTION_UP, actionButton=0, id[0]=0, x[0]=1341.0, y[0]=197.0, toolType[0]=TOOL_TYPE_UNKNOWN, buttonState=0, metaState=0, flags=0x0, edgeFlags=0x0, pointerCount=1, historySize=0, eventTime=717485663, downTime=717485663, deviceId=0, source=0x1002 }
08-04 15:17:49.262  9309  9309 D AndroidRuntime: Shutting down VM
08-04 15:17:49.270   918  4400 I ActivityManager: START u0 {cmp=baseline.io.github.project_travel_mate/.notifications.NotificationsActivity} from uid 10650 on display 0
08-04 15:17:49.273   512  2967 D audio_hw_primary: out_set_parameters: enter: usecase(1: low-latency-playback) kvpairs: routing=2
08-04 15:17:49.286   512  2967 D audio_hw_primary: select_devices: out_snd_device(2: speaker) in_snd_device(0: none)
08-04 15:17:49.286   512  2967 D msm8974_platform: platform_send_audio_calibration: sending audio calibration for snd_device(2) acdb_id(15)
08-04 15:17:49.287   512  2967 I soundtrigger: audio_extn_sound_trigger_update_device_status: device 0x2 of type 0 for Event 1
08-04 15:17:49.302   512  2967 D audio_hw_primary: enable_snd_device: snd_device(2: speaker)
08-04 15:17:49.304   512  2967 D audio_hw_primary: enable_audio_route: apply and update mixer path: low-latency-playback speaker
08-04 15:17:49.308  7266  7347 D Gabe    : call	returning from cache
08-04 15:17:49.313  7266  7266 V EXECUTING: https://project-travel-mate.herokuapp.com/api/get-notifications
08-04 15:17:49.321  7266  7266 V EXECUTING: https://project-travel-mate.herokuapp.com/api/get-notifications
08-04 15:17:49.472 13866 13866 I GoogleInputMethodServic: GoogleInputMethodService.onFinishInput():3138 
08-04 15:17:49.472 13866 13866 I GoogleInputMethodServic: GoogleInputMethodService.onStartInput():1808 
08-04 15:17:49.476   918   936 I ActivityManager: Displayed baseline.io.github.project_travel_mate/.notifications.NotificationsActivity: +193ms
08-04 15:17:49.513  7266  7279 I art     : Starting a blocking GC Explicit
08-04 15:17:49.562  7266  7279 I art     : Explicit concurrent mark sweep GC freed 3826(224KB) AllocSpace objects, 2(36KB) LOS objects, 7% free, 188MB/204MB, paused 1.262ms total 48.140ms
08-04 15:17:49.580  7266  7282 D OpenGLRenderer: endAllStagingAnimators on 0x7f7ad3a800 (RippleDrawable) with handle 0x7f7a25bfc0
08-04 15:17:49.580  7266  7279 I art     : Starting a blocking GC Explicit
08-04 15:17:49.625  7266  7279 I art     : Explicit concurrent mark sweep GC freed 453(17KB) AllocSpace objects, 0(0B) LOS objects, 7% free, 188MB/204MB, paused 1.157ms total 44.767ms
08-04 15:17:49.643  7266  7279 I art     : Starting a blocking GC Explicit
08-04 15:17:49.696  7266  7279 I art     : Explicit concurrent mark sweep GC freed 137(3KB) AllocSpace objects, 0(0B) LOS objects, 7% free, 188MB/204MB, paused 1.200ms total 53.011ms
08-04 15:17:49.718  7266  7279 I art     : Starting a blocking GC Explicit
08-04 15:17:49.718   380   380 W SurfaceFlinger: couldn't log to binary event log: overflow.
08-04 15:17:49.763  7266  7279 I art     : Explicit concurrent mark sweep GC freed 98(1664B) AllocSpace objects, 0(0B) LOS objects, 7% free, 188MB/204MB, paused 1.165ms total 45.388ms
08-04 15:17:49.781  7266  7279 I art     : Starting a blocking GC Explicit
08-04 15:17:49.827  7266  7279 I art     : Explicit concurrent mark sweep GC freed 100(1728B) AllocSpace objects, 0(0B) LOS objects, 7% free, 188MB/204MB, paused 1.247ms total 46.424ms
08-04 15:17:49.841   512  2967 D audio_hw_primary: disable_audio_route: reset and update mixer path: low-latency-playback speaker
08-04 15:17:49.844   512  2967 D audio_hw_primary: disable_snd_device: snd_device(2: speaker)
08-04 15:17:49.852   512  2967 I soundtrigger: audio_extn_sound_trigger_update_device_status: device 0x2 of type 0 for Event 0
08-04 15:17:50.061  7266  9338 I NAPPA_EXPERIMENTATION: MetricNetworkRequestExecutionTime: REQUEST_DURATION_SYSTEM='740',REQUEST_DURATION_OKHTTP='45',REQUEST_SYNCHRONOUS='FALSE',RESPONSE_CODE='200',RESPONSE_METHOD='GET',RESPONSE_LENGTH_OKHTTP='2',RESPONSE_LENGTH_HEADER='2',REQUEST_PROTOCOL='http/1.1',REQUEST_URL='https://project-travel-mate.herokuapp.com/api/get-notifications',
08-04 15:17:50.069  7266  9337 I NAPPA_EXPERIMENTATION: MetricNetworkRequestExecutionTime: REQUEST_DURATION_SYSTEM='755',REQUEST_DURATION_OKHTTP='48',REQUEST_SYNCHRONOUS='FALSE',RESPONSE_CODE='200',RESPONSE_METHOD='GET',RESPONSE_LENGTH_OKHTTP='2',RESPONSE_LENGTH_HEADER='2',REQUEST_PROTOCOL='http/1.1',REQUEST_URL='https://project-travel-mate.herokuapp.com/api/get-notifications',
08-04 15:17:50.185  7266  7266 V Response: [] 
08-04 15:17:50.205  7266  7266 V Response: [] 
08-04 15:17:50.208  7266  7327 I art     : Starting a blocking GC Explicit
08-04 15:17:50.217  7266  7347 W LOTTIE  : Animation contains merge paths. Merge paths are only supported on KitKat+ and must be manually enabled by calling enableMergePathsForKitKatAndAbove().
08-04 15:17:50.225  7266  7347 W LOTTIE  : Animation contains merge paths. Merge paths are only supported on KitKat+ and must be manually enabled by calling enableMergePathsForKitKatAndAbove().
08-04 15:17:50.228  7266  7347 W LOTTIE  : Animation contains merge paths. Merge paths are only supported on KitKat+ and must be manually enabled by calling enableMergePathsForKitKatAndAbove().
08-04 15:17:50.230  7266  7347 W LOTTIE  : Animation contains merge paths. Merge paths are only supported on KitKat+ and must be manually enabled by calling enableMergePathsForKitKatAndAbove().
08-04 15:17:50.233  7266  7347 W LOTTIE  : Animation contains merge paths. Merge paths are only supported on KitKat+ and must be manually enabled by calling enableMergePathsForKitKatAndAbove().
08-04 15:17:50.236  7266  7347 W LOTTIE  : Animation contains merge paths. Merge paths are only supported on KitKat+ and must be manually enabled by calling enableMergePathsForKitKatAndAbove().
08-04 15:17:50.238  7266  7347 W LOTTIE  : Animation contains merge paths. Merge paths are only supported on KitKat+ and must be manually enabled by calling enableMergePathsForKitKatAndAbove().
08-04 15:17:50.240  7266  7266 W LOTTIE  : Animation contains merge paths but they are disabled.
08-04 15:17:50.261  7266  7327 I art     : Explicit concurrent mark sweep GC freed 16416(763KB) AllocSpace objects, 9(624KB) LOS objects, 7% free, 188MB/204MB, paused 1.820ms total 51.853ms
08-04 15:17:50.279  7266  7327 I art     : Starting a blocking GC Explicit
08-04 15:17:50.326  7266  7327 I art     : Explicit concurrent mark sweep GC freed 4225(342KB) AllocSpace objects, 0(0B) LOS objects, 7% free, 188MB/204MB, paused 1.235ms total 46.965ms
08-04 15:17:50.344  7266  7327 I art     : Starting a blocking GC Explicit
08-04 15:17:50.386  7266  7327 I art     : Explicit concurrent mark sweep GC freed 224(3KB) AllocSpace objects, 0(0B) LOS objects, 7% free, 188MB/204MB, paused 1.197ms total 42.321ms
08-04 15:17:50.404  7266  7327 I art     : Starting a blocking GC Explicit
08-04 15:17:50.447  7266  7327 I art     : Explicit concurrent mark sweep GC freed 281(4KB) AllocSpace objects, 0(0B) LOS objects, 7% free, 188MB/204MB, paused 1.101ms total 42.952ms
08-04 15:17:50.464  7266  7327 I art     : Starting a blocking GC Explicit
08-04 15:17:50.507  7266  7327 I art     : Explicit concurrent mark sweep GC freed 271(5KB) AllocSpace objects, 0(0B) LOS objects, 7% free, 188MB/204MB, paused 1.640ms total 43.194ms
08-04 15:17:50.884  7266  7326 I art     : Starting a blocking GC Explicit
08-04 15:17:50.929  7266  7326 I art     : Explicit concurrent mark sweep GC freed 3551(126KB) AllocSpace objects, 2(36KB) LOS objects, 7% free, 188MB/204MB, paused 1.145ms total 44.525ms
08-04 15:17:50.947  7266  7326 I art     : Starting a blocking GC Explicit
08-04 15:17:50.991  7266  7326 I art     : Explicit concurrent mark sweep GC freed 467(15KB) AllocSpace objects, 0(0B) LOS objects, 7% free, 188MB/204MB, paused 1.324ms total 44.330ms
08-04 15:17:51.008  7266  7326 I art     : Starting a blocking GC Explicit
08-04 15:17:51.053  7266  7326 I art     : Explicit concurrent mark sweep GC freed 224(3KB) AllocSpace objects, 0(0B) LOS objects, 7% free, 188MB/204MB, paused 1.146ms total 44.127ms
08-04 15:17:51.070  7266  7326 I art     : Starting a blocking GC Explicit
08-04 15:17:51.113  7266  7326 I art     : Explicit concurrent mark sweep GC freed 291(4KB) AllocSpace objects, 0(0B) LOS objects, 7% free, 188MB/204MB, paused 1.090ms total 43.049ms
08-04 15:17:51.131  7266  7326 I art     : Starting a blocking GC Explicit
08-04 15:17:51.173  7266  7326 I art     : Explicit concurrent mark sweep GC freed 255(4KB) AllocSpace objects, 0(0B) LOS objects, 7% free, 188MB/204MB, paused 1.307ms total 42.007ms
08-04 15:17:51.574  7266  7327 I art     : Starting a blocking GC Explicit
08-04 15:17:51.619  7266  7327 I art     : Explicit concurrent mark sweep GC freed 3469(122KB) AllocSpace objects, 2(36KB) LOS objects, 7% free, 188MB/204MB, paused 1.151ms total 45.139ms
08-04 15:17:51.637  7266  7327 I art     : Starting a blocking GC Explicit
08-04 15:17:51.681  7266  7327 I art     : Explicit concurrent mark sweep GC freed 308(5KB) AllocSpace objects, 0(0B) LOS objects, 7% free, 188MB/204MB, paused 1.098ms total 44.143ms
08-04 15:17:51.699  7266  7327 I art     : Starting a blocking GC Explicit
08-04 15:17:51.712  2486  2486 I Atfwd_Sendcmd: AtCmdFwd service not ready - Exhausted retry attempts - :6
08-04 15:17:51.713  2486  2486 I Atfwd_Daemon: result : -1 	 ,Init step :2 	 ,qmiErrorCode: 0
08-04 15:17:51.741  7266  7327 I art     : Explicit concurrent mark sweep GC freed 268(4KB) AllocSpace objects, 0(0B) LOS objects, 7% free, 188MB/204MB, paused 1.306ms total 42.333ms
08-04 15:17:51.758  7266  7327 I art     : Starting a blocking GC Explicit
08-04 15:17:51.800  7266  7327 I art     : Explicit concurrent mark sweep GC freed 228(3KB) AllocSpace objects, 0(0B) LOS objects, 7% free, 188MB/204MB, paused 1.095ms total 42.059ms
08-04 15:17:51.818  7266  7327 I art     : Starting a blocking GC Explicit
08-04 15:17:51.862  7266  7327 I art     : Explicit concurrent mark sweep GC freed 283(4KB) AllocSpace objects, 0(0B) LOS objects, 7% free, 188MB/204MB, paused 1.310ms total 44.284ms
08-04 15:17:52.255  7266  7279 I art     : Starting a blocking GC Explicit
08-04 15:17:52.324  7266  7279 I art     : Explicit concurrent mark sweep GC freed 3506(123KB) AllocSpace objects, 2(36KB) LOS objects, 7% free, 188MB/204MB, paused 1.708ms total 68.529ms
08-04 15:17:52.349  7266  7279 I art     : Starting a blocking GC Explicit
08-04 15:17:52.392  7266  7279 I art     : Explicit concurrent mark sweep GC freed 391(7KB) AllocSpace objects, 0(0B) LOS objects, 7% free, 188MB/204MB, paused 1.245ms total 42.631ms
08-04 15:17:52.409  7266  7279 I art     : Starting a blocking GC Explicit
08-04 15:17:52.453  7266  7279 I art     : Explicit concurrent mark sweep GC freed 215(3KB) AllocSpace objects, 0(0B) LOS objects, 7% free, 188MB/204MB, paused 1.069ms total 42.962ms
08-04 15:17:52.471  7266  7279 I art     : Starting a blocking GC Explicit
08-04 15:17:52.517  7266  7279 I art     : Explicit concurrent mark sweep GC freed 283(4KB) AllocSpace objects, 0(0B) LOS objects, 7% free, 188MB/204MB, paused 1.184ms total 46.051ms
08-04 15:17:52.535  7266  7279 I art     : Starting a blocking GC Explicit
08-04 15:17:52.579  7266  7279 I art     : Explicit concurrent mark sweep GC freed 283(4KB) AllocSpace objects, 0(0B) LOS objects, 7% free, 188MB/204MB, paused 1.148ms total 43.781ms
08-04 15:17:52.983  7266  7326 I art     : Starting a blocking GC Explicit
08-04 15:17:53.031  7266  7326 I art     : Explicit concurrent mark sweep GC freed 3502(122KB) AllocSpace objects, 2(36KB) LOS objects, 7% free, 188MB/204MB, paused 1.331ms total 47.767ms
08-04 15:17:53.049  7266  7326 I art     : Starting a blocking GC Explicit
08-04 15:17:53.095  7266  7326 I art     : Explicit concurrent mark sweep GC freed 307(5KB) AllocSpace objects, 0(0B) LOS objects, 7% free, 188MB/204MB, paused 1.315ms total 45.912ms
08-04 15:17:53.112  7266  7326 I art     : Starting a blocking GC Explicit
08-04 15:17:53.154  7266  7326 I art     : Explicit concurrent mark sweep GC freed 215(3KB) AllocSpace objects, 0(0B) LOS objects, 7% free, 188MB/204MB, paused 1.048ms total 41.915ms
08-04 15:17:53.172  7266  7326 I art     : Starting a blocking GC Explicit
08-04 15:17:53.214  7266  7326 I art     : Explicit concurrent mark sweep GC freed 283(4KB) AllocSpace objects, 0(0B) LOS objects, 7% free, 188MB/204MB, paused 1.099ms total 42.418ms
08-04 15:17:53.231  7266  7326 I art     : Starting a blocking GC Explicit
08-04 15:17:53.275  7266  7326 I art     : Explicit concurrent mark sweep GC freed 224(3KB) AllocSpace objects, 0(0B) LOS objects, 7% free, 188MB/204MB, paused 1.359ms total 43.069ms
08-04 15:17:53.656  7266  7327 I art     : Starting a blocking GC Explicit
08-04 15:17:53.702  7266  7327 I art     : Explicit concurrent mark sweep GC freed 3421(121KB) AllocSpace objects, 2(36KB) LOS objects, 7% free, 188MB/204MB, paused 1.291ms total 45.872ms
08-04 15:17:53.720  7266  7327 I art     : Starting a blocking GC Explicit
08-04 15:17:53.764  7266  7327 I art     : Explicit concurrent mark sweep GC freed 338(6KB) AllocSpace objects, 0(0B) LOS objects, 7% free, 188MB/204MB, paused 1.330ms total 44.611ms
08-04 15:17:53.782  7266  7327 I art     : Starting a blocking GC Explicit
08-04 15:17:53.827  7266  7327 I art     : Explicit concurrent mark sweep GC freed 274(4KB) AllocSpace objects, 0(0B) LOS objects, 7% free, 188MB/204MB, paused 1.417ms total 45.404ms
08-04 15:17:53.845  7266  7327 I art     : Starting a blocking GC Explicit
08-04 15:17:53.888  7266  7327 I art     : Explicit concurrent mark sweep GC freed 433(15KB) AllocSpace objects, 0(0B) LOS objects, 7% free, 188MB/204MB, paused 1.112ms total 43.509ms
08-04 15:17:53.906  7266  7327 I art     : Starting a blocking GC Explicit
08-04 15:17:53.963  7266  7327 I art     : Explicit concurrent mark sweep GC freed 317(5KB) AllocSpace objects, 0(0B) LOS objects, 7% free, 188MB/204MB, paused 1.276ms total 57.118ms
08-04 15:17:54.012  9406  9406 D AndroidRuntime: >>>>>> START com.android.internal.os.RuntimeInit uid 2000 <<<<<<
08-04 15:17:54.017  9406  9406 D AndroidRuntime: CheckJNI is OFF
08-04 15:17:54.054  9406  9406 D ICU     : No timezone override file found: /data/misc/zoneinfo/current/icu/icu_tzdata.dat
08-04 15:17:54.093  9406  9406 I Radio-JNI: register_android_hardware_Radio DONE
08-04 15:17:54.120  9406  9406 D AndroidRuntime: Calling main entry com.android.commands.input.Input
08-04 15:17:54.121  9406  9406 I Input   : injectKeyEvent: KeyEvent { action=ACTION_DOWN, keyCode=KEYCODE_BACK, scanCode=0, metaState=0, flags=0x0, repeatCount=0, eventTime=717490534, downTime=717490534, deviceId=-1, source=0x101 }
08-04 15:17:54.133  9406  9406 I Input   : injectKeyEvent: KeyEvent { action=ACTION_UP, keyCode=KEYCODE_BACK, scanCode=0, metaState=0, flags=0x0, repeatCount=0, eventTime=717490534, downTime=717490534, deviceId=-1, source=0x101 }
08-04 15:17:54.140  9406  9406 D AndroidRuntime: Shutting down VM
08-04 15:17:54.156  7266  7266 V MainActivity: url = https://project-travel-mate.herokuapp.com/api/number-of-unread-notifications
08-04 15:17:54.192 13866 13866 I GoogleInputMethodServic: GoogleInputMethodService.onFinishInput():3138 
08-04 15:17:54.193 13866 13866 I GoogleInputMethodServic: GoogleInputMethodService.onStartInput():1808 
08-04 15:17:54.335  7266  7280 I art     : Starting a blocking GC Explicit
08-04 15:17:54.396  7266  7280 I art     : Explicit concurrent mark sweep GC freed 3175(131KB) AllocSpace objects, 2(36KB) LOS objects, 7% free, 188MB/204MB, paused 1.562ms total 60.398ms
08-04 15:17:54.417  7266  7280 I art     : Starting a blocking GC Explicit
08-04 15:17:54.476  7266  7280 I art     : Explicit concurrent mark sweep GC freed 140(4KB) AllocSpace objects, 0(0B) LOS objects, 7% free, 188MB/204MB, paused 1.273ms total 58.855ms
08-04 15:17:54.490   380   380 W SurfaceFlinger: couldn't log to binary event log: overflow.
08-04 15:17:54.497  7266  7280 I art     : Starting a blocking GC Explicit
08-04 15:17:54.544  7266  7280 I art     : Explicit concurrent mark sweep GC freed 38(1344B) AllocSpace objects, 1(4MB) LOS objects, 7% free, 184MB/200MB, paused 1.245ms total 46.238ms
08-04 15:17:54.562  7266  7280 I art     : Starting a blocking GC Explicit
08-04 15:17:54.609  7266  7280 I art     : Explicit concurrent mark sweep GC freed 3764(178KB) AllocSpace objects, 2(56KB) LOS objects, 7% free, 184MB/200MB, paused 1.285ms total 47.328ms
08-04 15:17:54.610  7266  7278 I art     : WaitForGcToComplete blocked for 47.223ms for cause HeapTrim
08-04 15:17:54.628  7266  7280 I art     : Starting a blocking GC Explicit
08-04 15:17:54.679  7266  7280 I art     : Explicit concurrent mark sweep GC freed 3(96B) AllocSpace objects, 0(0B) LOS objects, 7% free, 184MB/200MB, paused 1.340ms total 51.151ms
08-04 15:17:54.972  7266  9427 I NAPPA_EXPERIMENTATION: MetricNetworkRequestExecutionTime: REQUEST_DURATION_SYSTEM='815',REQUEST_DURATION_OKHTTP='29',REQUEST_SYNCHRONOUS='FALSE',RESPONSE_CODE='200',RESPONSE_METHOD='GET',RESPONSE_LENGTH_OKHTTP='36',RESPONSE_LENGTH_HEADER='36',REQUEST_PROTOCOL='http/1.1',REQUEST_URL='https://project-travel-mate.herokuapp.com/api/number-of-unread-notifications',
08-04 15:17:55.071  7266  7326 I art     : Starting a blocking GC Explicit
08-04 15:17:55.129   518   646 I ThermalEngine: ACTION: GPU - Setting GPU[0] to 390000000
08-04 15:17:55.149  7266  7326 I art     : Explicit concurrent mark sweep GC freed 4404(241KB) AllocSpace objects, 5(236KB) LOS objects, 7% free, 184MB/200MB, paused 2.349ms total 76.528ms
08-04 15:17:55.175  7266  7326 I art     : Starting a blocking GC Explicit
08-04 15:17:55.239  7266  7326 I art     : Explicit concurrent mark sweep GC freed 972(117KB) AllocSpace objects, 0(0B) LOS objects, 7% free, 184MB/200MB, paused 2.118ms total 63.541ms
08-04 15:17:55.264  7266  7326 I art     : Starting a blocking GC Explicit
08-04 15:17:55.335  7266  7326 I art     : Explicit concurrent mark sweep GC freed 3(96B) AllocSpace objects, 0(0B) LOS objects, 7% free, 184MB/200MB, paused 2.147ms total 70.654ms
08-04 15:17:55.361  7266  7326 I art     : Starting a blocking GC Explicit
08-04 15:17:55.423  7266  7326 I art     : Explicit concurrent mark sweep GC freed 3(96B) AllocSpace objects, 0(0B) LOS objects, 7% free, 184MB/200MB, paused 2.151ms total 61.906ms
08-04 15:17:55.449  7266  7326 I art     : Starting a blocking GC Explicit
08-04 15:17:55.509  7266  7326 I art     : Explicit concurrent mark sweep GC freed 3(96B) AllocSpace objects, 0(0B) LOS objects, 7% free, 184MB/200MB, paused 2.025ms total 59.700ms
08-04 15:17:55.959  7266  7279 I art     : Starting a blocking GC Explicit
08-04 15:17:56.029  7266  7279 I art     : Explicit concurrent mark sweep GC freed 1613(92KB) AllocSpace objects, 2(36KB) LOS objects, 7% free, 184MB/200MB, paused 2.038ms total 69.368ms
08-04 15:17:56.042  9443  9443 D AndroidRuntime: >>>>>> START com.android.internal.os.RuntimeInit uid 2000 <<<<<<
08-04 15:17:56.048  9443  9443 D AndroidRuntime: CheckJNI is OFF
08-04 15:17:56.054  7266  7279 I art     : Starting a blocking GC Explicit
08-04 15:17:56.099  9443  9443 D ICU     : No timezone override file found: /data/misc/zoneinfo/current/icu/icu_tzdata.dat
08-04 15:17:56.114  7266  7279 I art     : Explicit concurrent mark sweep GC freed 28(1024B) AllocSpace objects, 0(0B) LOS objects, 7% free, 184MB/200MB, paused 2.172ms total 59.879ms
08-04 15:17:56.129   518   646 I ThermalEngine: ACTION: GPU - Setting GPU[0] to 450000000
08-04 15:17:56.145  7266  7279 I art     : Starting a blocking GC Explicit
08-04 15:17:56.146  9443  9443 I Radio-JNI: register_android_hardware_Radio DONE
08-04 15:17:56.175  9443  9443 D AndroidRuntime: Calling main entry com.android.commands.input.Input
08-04 15:17:56.177  9443  9443 I Input   : injectMotionEvent: MotionEvent { action=ACTION_DOWN, actionButton=0, id[0]=0, x[0]=117.0, y[0]=170.0, toolType[0]=TOOL_TYPE_UNKNOWN, buttonState=0, metaState=0, flags=0x0, edgeFlags=0x0, pointerCount=1, historySize=0, eventTime=717492590, downTime=717492590, deviceId=0, source=0x1002 }
08-04 15:17:56.181  9443  9443 I Input   : injectMotionEvent: MotionEvent { action=ACTION_UP, actionButton=0, id[0]=0, x[0]=117.0, y[0]=170.0, toolType[0]=TOOL_TYPE_UNKNOWN, buttonState=0, metaState=0, flags=0x0, edgeFlags=0x0, pointerCount=1, historySize=0, eventTime=717492590, downTime=717492590, deviceId=0, source=0x1002 }
08-04 15:17:56.183  9443  9443 D AndroidRuntime: Shutting down VM
08-04 15:17:56.193  7266  7279 I art     : Explicit concurrent mark sweep GC freed 24(784B) AllocSpace objects, 0(0B) LOS objects, 7% free, 184MB/200MB, paused 1.404ms total 48.146ms
08-04 15:17:56.195   512  2967 D audio_hw_primary: out_set_parameters: enter: usecase(1: low-latency-playback) kvpairs: routing=2
08-04 15:17:56.208   512  2967 D audio_hw_primary: select_devices: out_snd_device(2: speaker) in_snd_device(0: none)
08-04 15:17:56.208   512  2967 D msm8974_platform: platform_send_audio_calibration: sending audio calibration for snd_device(2) acdb_id(15)
08-04 15:17:56.209   512  2967 I soundtrigger: audio_extn_sound_trigger_update_device_status: device 0x2 of type 0 for Event 1
08-04 15:17:56.212  7266  7279 I art     : Starting a blocking GC Explicit
08-04 15:17:56.220   512  2967 D audio_hw_primary: enable_snd_device: snd_device(2: speaker)
08-04 15:17:56.222   512  2967 D audio_hw_primary: enable_audio_route: apply and update mixer path: low-latency-playback speaker
08-04 15:17:56.265  7266  7279 I art     : Explicit concurrent mark sweep GC freed 64(2496B) AllocSpace objects, 0(0B) LOS objects, 7% free, 184MB/200MB, paused 1.269ms total 52.709ms
08-04 15:17:56.283  7266  7279 I art     : Starting a blocking GC Explicit
08-04 15:17:56.329  7266  7279 I art     : Explicit concurrent mark sweep GC freed 385(19KB) AllocSpace objects, 0(0B) LOS objects, 7% free, 184MB/200MB, paused 1.406ms total 46.348ms
08-04 15:17:56.693  7266  7326 I art     : Starting a blocking GC Explicit
08-04 15:17:56.742  7266  7326 I art     : Explicit concurrent mark sweep GC freed 1622(93KB) AllocSpace objects, 2(36KB) LOS objects, 7% free, 184MB/200MB, paused 1.216ms total 48.170ms
08-04 15:17:56.759   512  2967 D audio_hw_primary: disable_audio_route: reset and update mixer path: low-latency-playback speaker
08-04 15:17:56.760   512  2967 D audio_hw_primary: disable_snd_device: snd_device(2: speaker)
08-04 15:17:56.760  7266  7326 I art     : Starting a blocking GC Explicit
08-04 15:17:56.768   512  2967 I soundtrigger: audio_extn_sound_trigger_update_device_status: device 0x2 of type 0 for Event 0
08-04 15:17:56.808  7266  7326 I art     : Explicit concurrent mark sweep GC freed 38(1344B) AllocSpace objects, 0(0B) LOS objects, 7% free, 184MB/200MB, paused 1.228ms total 47.448ms
08-04 15:17:56.825  7266  7326 I art     : Starting a blocking GC Explicit
08-04 15:17:56.873  7266  7326 I art     : Explicit concurrent mark sweep GC freed 14(720B) AllocSpace objects, 0(0B) LOS objects, 7% free, 184MB/200MB, paused 1.239ms total 47.225ms
08-04 15:17:56.891  7266  7326 I art     : Starting a blocking GC Explicit
08-04 15:17:56.938  7266  7326 I art     : Explicit concurrent mark sweep GC freed 14(672B) AllocSpace objects, 0(0B) LOS objects, 7% free, 184MB/200MB, paused 1.262ms total 47.091ms
08-04 15:17:56.956  7266  7326 I art     : Starting a blocking GC Explicit
08-04 15:17:56.961  9466  9466 D AndroidRuntime: >>>>>> START com.android.internal.os.RuntimeInit uid 2000 <<<<<<
08-04 15:17:56.967  9466  9466 D AndroidRuntime: CheckJNI is OFF
08-04 15:17:57.004  7266  7326 I art     : Explicit concurrent mark sweep GC freed 5(160B) AllocSpace objects, 0(0B) LOS objects, 7% free, 184MB/200MB, paused 1.286ms total 47.944ms
08-04 15:17:57.011  9466  9466 D ICU     : No timezone override file found: /data/misc/zoneinfo/current/icu/icu_tzdata.dat
08-04 15:17:57.053  9466  9466 I Radio-JNI: register_android_hardware_Radio DONE
08-04 15:17:57.082  9466  9466 D AndroidRuntime: Calling main entry com.android.commands.input.Input
08-04 15:17:57.084  9466  9466 I Input   : injectMotionEvent: MotionEvent { action=ACTION_DOWN, actionButton=0, id[0]=0, x[0]=418.0, y[0]=842.0, toolType[0]=TOOL_TYPE_UNKNOWN, buttonState=0, metaState=0, flags=0x0, edgeFlags=0x0, pointerCount=1, historySize=0, eventTime=717493496, downTime=717493496, deviceId=0, source=0x1002 }
08-04 15:17:57.088  9466  9466 I Input   : injectMotionEvent: MotionEvent { action=ACTION_UP, actionButton=0, id[0]=0, x[0]=418.0, y[0]=842.0, toolType[0]=TOOL_TYPE_UNKNOWN, buttonState=0, metaState=0, flags=0x0, edgeFlags=0x0, pointerCount=1, historySize=0, eventTime=717493496, downTime=717493496, deviceId=0, source=0x1002 }
08-04 15:17:57.090  9466  9466 D AndroidRuntime: Shutting down VM
08-04 15:17:57.098   512  2967 D audio_hw_primary: out_set_parameters: enter: usecase(1: low-latency-playback) kvpairs: routing=2
08-04 15:17:57.100  7266  7347 D Gabe    : call	returning from cache
08-04 15:17:57.114   512  2967 D audio_hw_primary: select_devices: out_snd_device(2: speaker) in_snd_device(0: none)
08-04 15:17:57.114   512  2967 D msm8974_platform: platform_send_audio_calibration: sending audio calibration for snd_device(2) acdb_id(15)
08-04 15:17:57.114   512  2967 I soundtrigger: audio_extn_sound_trigger_update_device_status: device 0x2 of type 0 for Event 1
08-04 15:17:57.121  7266  7266 V MainActivity: url = https://project-travel-mate.herokuapp.com/api/number-of-unread-notifications
08-04 15:17:57.126   512  2967 D audio_hw_primary: enable_snd_device: snd_device(2: speaker)
08-04 15:17:57.129   512  2967 D audio_hw_primary: enable_audio_route: apply and update mixer path: low-latency-playback speaker
08-04 15:17:57.175   512  2967 D AudioFlinger: mixer(0xf4740000) throttle end: throttle time(12)
08-04 15:17:57.380  7266  7327 I art     : Starting a blocking GC Explicit
08-04 15:17:57.438  7266  7327 I art     : Explicit concurrent mark sweep GC freed 4031(247KB) AllocSpace objects, 2(36KB) LOS objects, 7% free, 184MB/200MB, paused 1.950ms total 57.673ms
08-04 15:17:57.457  7266  7327 I art     : Starting a blocking GC Explicit
08-04 15:17:57.512  7266  7327 I art     : Explicit concurrent mark sweep GC freed 584(34KB) AllocSpace objects, 0(0B) LOS objects, 7% free, 184MB/200MB, paused 1.806ms total 55.437ms
08-04 15:17:57.531  7266  7327 I art     : Starting a blocking GC Explicit
08-04 15:17:57.586  7266  7327 I art     : Explicit concurrent mark sweep GC freed 230(18KB) AllocSpace objects, 0(0B) LOS objects, 7% free, 185MB/201MB, paused 2.121ms total 54.994ms
08-04 15:17:57.604  7266  7327 I art     : Starting a blocking GC Explicit
08-04 15:17:57.650  7266  7266 I Choreographer: Skipped 31 frames!  The application may be doing too much work on its main thread.
08-04 15:17:57.659  7266  7327 I art     : Explicit concurrent mark sweep GC freed 1860(61KB) AllocSpace objects, 0(0B) LOS objects, 7% free, 185MB/201MB, paused 2.201ms total 53.995ms
08-04 15:17:57.668   512  2967 D audio_hw_primary: disable_audio_route: reset and update mixer path: low-latency-playback speaker
08-04 15:17:57.670   512  2967 D audio_hw_primary: disable_snd_device: snd_device(2: speaker)
08-04 15:17:57.677  7266  7327 I art     : Starting a blocking GC Explicit
08-04 15:17:57.677   512  2967 I soundtrigger: audio_extn_sound_trigger_update_device_status: device 0x2 of type 0 for Event 0
08-04 15:17:57.730  7266  7327 I art     : Explicit concurrent mark sweep GC freed 1070(65KB) AllocSpace objects, 9(252KB) LOS objects, 7% free, 184MB/200MB, paused 1.699ms total 52.778ms
08-04 15:17:57.826  7266  9488 I NAPPA_EXPERIMENTATION: MetricNetworkRequestExecutionTime: REQUEST_DURATION_SYSTEM='704',REQUEST_DURATION_OKHTTP='29',REQUEST_SYNCHRONOUS='FALSE',RESPONSE_CODE='200',RESPONSE_METHOD='GET',RESPONSE_LENGTH_OKHTTP='36',RESPONSE_LENGTH_HEADER='36',REQUEST_PROTOCOL='http/1.1',REQUEST_URL='https://project-travel-mate.herokuapp.com/api/number-of-unread-notifications',
08-04 15:17:58.124  7266  7326 I art     : Starting a blocking GC Explicit
08-04 15:17:58.185  7266  7326 I art     : Explicit concurrent mark sweep GC freed 6271(310KB) AllocSpace objects, 5(252KB) LOS objects, 7% free, 185MB/201MB, paused 1.308ms total 60.996ms
08-04 15:17:58.204  7266  7326 I art     : Starting a blocking GC Explicit
08-04 15:17:58.261  7266  7326 I art     : Explicit concurrent mark sweep GC freed 1121(121KB) AllocSpace objects, 0(0B) LOS objects, 7% free, 185MB/201MB, paused 1.303ms total 56.558ms
08-04 15:17:58.281  7266  7326 I art     : Starting a blocking GC Explicit
08-04 15:17:58.336  7266  7326 I art     : Explicit concurrent mark sweep GC freed 123(2096B) AllocSpace objects, 0(0B) LOS objects, 7% free, 185MB/201MB, paused 1.305ms total 54.833ms
08-04 15:17:58.355  7266  7326 I art     : Starting a blocking GC Explicit
08-04 15:17:58.411  7266  7326 I art     : Explicit concurrent mark sweep GC freed 101(1728B) AllocSpace objects, 0(0B) LOS objects, 7% free, 185MB/201MB, paused 1.410ms total 56.189ms
08-04 15:17:58.430  7266  7326 I art     : Starting a blocking GC Explicit
08-04 15:17:58.487  7266  7326 I art     : Explicit concurrent mark sweep GC freed 121(2064B) AllocSpace objects, 0(0B) LOS objects, 7% free, 185MB/201MB, paused 1.288ms total 55.898ms
08-04 15:17:58.888  7266  7279 I art     : Starting a blocking GC Explicit
08-04 15:17:58.949  7266  7279 I art     : Explicit concurrent mark sweep GC freed 2303(104KB) AllocSpace objects, 2(52KB) LOS objects, 7% free, 185MB/201MB, paused 1.455ms total 60.388ms
08-04 15:17:58.969  7266  7279 I art     : Starting a blocking GC Explicit
08-04 15:17:59.024  7266  7279 I art     : Explicit concurrent mark sweep GC freed 153(3KB) AllocSpace objects, 0(0B) LOS objects, 7% free, 185MB/201MB, paused 1.233ms total 54.710ms
08-04 15:17:59.044  7266  7279 I art     : Starting a blocking GC Explicit
08-04 15:17:59.103  7266  7279 I art     : Explicit concurrent mark sweep GC freed 137(2560B) AllocSpace objects, 0(0B) LOS objects, 7% free, 185MB/201MB, paused 1.281ms total 59.203ms
08-04 15:17:59.123  7266  7279 I art     : Starting a blocking GC Explicit
08-04 15:17:59.184  7266  7279 I art     : Explicit concurrent mark sweep GC freed 123(2096B) AllocSpace objects, 0(0B) LOS objects, 7% free, 185MB/201MB, paused 1.336ms total 61.258ms
08-04 15:17:59.204  7266  7279 I art     : Starting a blocking GC Explicit
08-04 15:17:59.264  7266  7279 I art     : Explicit concurrent mark sweep GC freed 111(1904B) AllocSpace objects, 0(0B) LOS objects, 7% free, 185MB/201MB, paused 1.432ms total 60.077ms
08-04 15:17:59.653  7266  7326 I art     : Starting a blocking GC Explicit
08-04 15:17:59.713  7266  7326 I art     : Explicit concurrent mark sweep GC freed 2254(103KB) AllocSpace objects, 2(52KB) LOS objects, 7% free, 185MB/201MB, paused 1.222ms total 60.032ms
08-04 15:17:59.713  7266  7278 I art     : WaitForGcToComplete blocked for 33.350ms for cause HeapTrim
08-04 15:17:59.732  7266  7326 I art     : Starting a blocking GC Explicit
08-04 15:17:59.791  7266  7326 I art     : Explicit concurrent mark sweep GC freed 148(3024B) AllocSpace objects, 0(0B) LOS objects, 7% free, 185MB/201MB, paused 1.329ms total 58.802ms
08-04 15:17:59.810  7266  7326 I art     : Starting a blocking GC Explicit
08-04 15:17:59.867  7266  7326 I art     : Explicit concurrent mark sweep GC freed 128(2464B) AllocSpace objects, 0(0B) LOS objects, 7% free, 185MB/201MB, paused 1.380ms total 56.323ms
08-04 15:17:59.887  7266  7326 I art     : Starting a blocking GC Explicit
08-04 15:17:59.894  9520  9520 D AndroidRuntime: >>>>>> START com.android.internal.os.RuntimeInit uid 2000 <<<<<<
08-04 15:17:59.900  9520  9520 D AndroidRuntime: CheckJNI is OFF
08-04 15:17:59.944  7266  7326 I art     : Explicit concurrent mark sweep GC freed 112(2304B) AllocSpace objects, 0(0B) LOS objects, 7% free, 185MB/201MB, paused 1.353ms total 56.603ms
08-04 15:17:59.944  9520  9520 D ICU     : No timezone override file found: /data/misc/zoneinfo/current/icu/icu_tzdata.dat
08-04 15:17:59.963  7266  7326 I art     : Starting a blocking GC Explicit
08-04 15:17:59.990  9520  9520 I Radio-JNI: register_android_hardware_Radio DONE
08-04 15:18:00.020  7266  7326 I art     : Explicit concurrent mark sweep GC freed 125(2256B) AllocSpace objects, 0(0B) LOS objects, 7% free, 185MB/201MB, paused 1.341ms total 56.780ms
08-04 15:18:00.020  9520  9520 D AndroidRuntime: Calling main entry com.android.commands.input.Input
08-04 15:18:00.022  9520  9520 I Input   : injectMotionEvent: MotionEvent { action=ACTION_DOWN, actionButton=0, id[0]=0, x[0]=117.0, y[0]=170.0, toolType[0]=TOOL_TYPE_UNKNOWN, buttonState=0, metaState=0, flags=0x0, edgeFlags=0x0, pointerCount=1, historySize=0, eventTime=717496434, downTime=717496434, deviceId=0, source=0x1002 }
08-04 15:18:00.031  9520  9520 I Input   : injectMotionEvent: MotionEvent { action=ACTION_UP, actionButton=0, id[0]=0, x[0]=117.0, y[0]=170.0, toolType[0]=TOOL_TYPE_UNKNOWN, buttonState=0, metaState=0, flags=0x0, edgeFlags=0x0, pointerCount=1, historySize=0, eventTime=717496434, downTime=717496434, deviceId=0, source=0x1002 }
08-04 15:18:00.033  9520  9520 D AndroidRuntime: Shutting down VM
08-04 15:18:00.049   512  2967 D audio_hw_primary: out_set_parameters: enter: usecase(1: low-latency-playback) kvpairs: routing=2
08-04 15:18:00.062   512  2967 D audio_hw_primary: select_devices: out_snd_device(2: speaker) in_snd_device(0: none)
08-04 15:18:00.062   512  2967 D msm8974_platform: platform_send_audio_calibration: sending audio calibration for snd_device(2) acdb_id(15)
08-04 15:18:00.062   512  2967 I soundtrigger: audio_extn_sound_trigger_update_device_status: device 0x2 of type 0 for Event 1
08-04 15:18:00.073   512  2967 D audio_hw_primary: enable_snd_device: snd_device(2: speaker)
08-04 15:18:00.075   512  2967 D audio_hw_primary: enable_audio_route: apply and update mixer path: low-latency-playback speaker
08-04 15:18:00.406  7266  7279 I art     : Starting a blocking GC Explicit
08-04 15:18:00.463  7266  7279 I art     : Explicit concurrent mark sweep GC freed 2664(124KB) AllocSpace objects, 2(52KB) LOS objects, 7% free, 185MB/201MB, paused 1.278ms total 56.400ms
08-04 15:18:00.482  7266  7279 I art     : Starting a blocking GC Explicit
08-04 15:18:00.533  7266  7279 I art     : Explicit concurrent mark sweep GC freed 194(4KB) AllocSpace objects, 0(0B) LOS objects, 7% free, 185MB/201MB, paused 1.216ms total 50.534ms
08-04 15:18:00.550  7266  7279 I art     : Starting a blocking GC Explicit
08-04 15:18:00.603  7266  7279 I art     : Explicit concurrent mark sweep GC freed 136(2656B) AllocSpace objects, 0(0B) LOS objects, 7% free, 185MB/201MB, paused 1.197ms total 51.982ms
08-04 15:18:00.609   512  2967 D audio_hw_primary: disable_audio_route: reset and update mixer path: low-latency-playback speaker
08-04 15:18:00.610   512  2967 D audio_hw_primary: disable_snd_device: snd_device(2: speaker)
08-04 15:18:00.618   512  2967 I soundtrigger: audio_extn_sound_trigger_update_device_status: device 0x2 of type 0 for Event 0
08-04 15:18:00.621  7266  7279 I art     : Starting a blocking GC Explicit
08-04 15:18:00.673  7266  7279 I art     : Explicit concurrent mark sweep GC freed 100(1728B) AllocSpace objects, 0(0B) LOS objects, 7% free, 185MB/201MB, paused 1.139ms total 52ms
08-04 15:18:00.692  7266  7279 I art     : Starting a blocking GC Explicit
08-04 15:18:00.743  7266  7279 I art     : Explicit concurrent mark sweep GC freed 100(1728B) AllocSpace objects, 0(0B) LOS objects, 7% free, 185MB/201MB, paused 1.255ms total 51.528ms
08-04 15:18:00.797 32365 32459 W FirebaseInstanceId: Token retrieval failed: SERVICE_NOT_AVAILABLE. Will retry token retrieval
08-04 15:18:00.800  9553  9553 D AndroidRuntime: >>>>>> START com.android.internal.os.RuntimeInit uid 2000 <<<<<<
08-04 15:18:00.806  9553  9553 D AndroidRuntime: CheckJNI is OFF
08-04 15:18:00.848  9553  9553 D ICU     : No timezone override file found: /data/misc/zoneinfo/current/icu/icu_tzdata.dat
08-04 15:18:00.894  9553  9553 I Radio-JNI: register_android_hardware_Radio DONE
08-04 15:18:00.924  9553  9553 D AndroidRuntime: Calling main entry com.android.commands.input.Input
08-04 15:18:00.926  9553  9553 I Input   : injectMotionEvent: MotionEvent { action=ACTION_DOWN, actionButton=0, id[0]=0, x[0]=355.0, y[0]=1674.0, toolType[0]=TOOL_TYPE_UNKNOWN, buttonState=0, metaState=0, flags=0x0, edgeFlags=0x0, pointerCount=1, historySize=0, eventTime=717497338, downTime=717497338, deviceId=0, source=0x1002 }
08-04 15:18:00.930  9553  9553 I Input   : injectMotionEvent: MotionEvent { action=ACTION_UP, actionButton=0, id[0]=0, x[0]=355.0, y[0]=1674.0, toolType[0]=TOOL_TYPE_UNKNOWN, buttonState=0, metaState=0, flags=0x0, edgeFlags=0x0, pointerCount=1, historySize=0, eventTime=717497338, downTime=717497338, deviceId=0, source=0x1002 }
08-04 15:18:00.932  9553  9553 D AndroidRuntime: Shutting down VM
08-04 15:18:00.952   512  2967 D audio_hw_primary: out_set_parameters: enter: usecase(1: low-latency-playback) kvpairs: routing=2
08-04 15:18:00.962  7266  7266 V MainActivity: url = https://project-travel-mate.herokuapp.com/api/number-of-unread-notifications
08-04 15:18:00.965   512  2967 D audio_hw_primary: select_devices: out_snd_device(2: speaker) in_snd_device(0: none)
08-04 15:18:00.965   512  2967 D msm8974_platform: platform_send_audio_calibration: sending audio calibration for snd_device(2) acdb_id(15)
08-04 15:18:00.965   512  2967 I soundtrigger: audio_extn_sound_trigger_update_device_status: device 0x2 of type 0 for Event 1
08-04 15:18:00.975   512  2967 D audio_hw_primary: enable_snd_device: snd_device(2: speaker)
08-04 15:18:00.977   512  2967 D audio_hw_primary: enable_audio_route: apply and update mixer path: low-latency-playback speaker
08-04 15:18:01.019   512  2967 D AudioFlinger: mixer(0xf4740000) throttle end: throttle time(12)
08-04 15:18:01.142  7266  7280 I art     : Starting a blocking GC Explicit
08-04 15:18:01.202  7266  7280 I art     : Explicit concurrent mark sweep GC freed 4169(183KB) AllocSpace objects, 11(304KB) LOS objects, 7% free, 185MB/201MB, paused 1.774ms total 59.952ms
08-04 15:18:01.223  7266  7280 I art     : Starting a blocking GC Explicit
08-04 15:18:01.282  7266  7280 I art     : Explicit concurrent mark sweep GC freed 2338(195KB) AllocSpace objects, 0(0B) LOS objects, 7% free, 185MB/201MB, paused 1.533ms total 58.662ms
08-04 15:18:01.302  7266  7280 I art     : Starting a blocking GC Explicit
08-04 15:18:01.363  7266  7280 I art     : Explicit concurrent mark sweep GC freed 3(96B) AllocSpace objects, 0(0B) LOS objects, 7% free, 185MB/201MB, paused 1.392ms total 60.101ms
08-04 15:18:01.385  7266  7280 I art     : Starting a blocking GC Explicit
08-04 15:18:01.440  7266  7280 I art     : Explicit concurrent mark sweep GC freed 27(864B) AllocSpace objects, 0(0B) LOS objects, 7% free, 185MB/201MB, paused 1.173ms total 54.871ms
08-04 15:18:01.458  7266  7280 I art     : Starting a blocking GC Explicit
08-04 15:18:01.509   512  2967 D audio_hw_primary: disable_audio_route: reset and update mixer path: low-latency-playback speaker
08-04 15:18:01.509   512  2967 D audio_hw_primary: disable_snd_device: snd_device(2: speaker)
08-04 15:18:01.513  7266  7280 I art     : Explicit concurrent mark sweep GC freed 3(96B) AllocSpace objects, 0(0B) LOS objects, 7% free, 185MB/201MB, paused 1.222ms total 54.034ms
08-04 15:18:01.517   512  2967 I soundtrigger: audio_extn_sound_trigger_update_device_status: device 0x2 of type 0 for Event 0
08-04 15:18:01.932  7266  7327 I art     : Starting a blocking GC Explicit
08-04 15:18:02.002  7266  7327 I art     : Explicit concurrent mark sweep GC freed 1617(92KB) AllocSpace objects, 2(48KB) LOS objects, 7% free, 185MB/201MB, paused 1.415ms total 68.833ms
08-04 15:18:02.024  7266  7327 I art     : Starting a blocking GC Explicit
08-04 15:18:02.081  7266  7327 I art     : Explicit concurrent mark sweep GC freed 28(1024B) AllocSpace objects, 0(0B) LOS objects, 7% free, 185MB/201MB, paused 1.299ms total 57.518ms
08-04 15:18:02.100  7266  7327 I art     : Starting a blocking GC Explicit
08-04 15:18:02.157  7266  7327 I art     : Explicit concurrent mark sweep GC freed 3(96B) AllocSpace objects, 0(0B) LOS objects, 7% free, 185MB/201MB, paused 1.297ms total 56.098ms
08-04 15:18:02.176  7266  7327 I art     : Starting a blocking GC Explicit
08-04 15:18:02.234  7266  7327 I art     : Explicit concurrent mark sweep GC freed 2573(132KB) AllocSpace objects, 2(120KB) LOS objects, 7% free, 185MB/201MB, paused 1.354ms total 58.072ms
08-04 15:18:02.241  7266  9572 I NAPPA_EXPERIMENTATION: MetricNetworkRequestExecutionTime: REQUEST_DURATION_SYSTEM='1278',REQUEST_DURATION_OKHTTP='31',REQUEST_SYNCHRONOUS='FALSE',RESPONSE_CODE='200',RESPONSE_METHOD='GET',RESPONSE_LENGTH_OKHTTP='36',RESPONSE_LENGTH_HEADER='36',REQUEST_PROTOCOL='http/1.1',REQUEST_URL='https://project-travel-mate.herokuapp.com/api/number-of-unread-notifications',
08-04 15:18:02.253  7266  7327 I art     : Starting a blocking GC Explicit
08-04 15:18:02.311  7266  7327 I art     : Explicit concurrent mark sweep GC freed 1081(128KB) AllocSpace objects, 1(80KB) LOS objects, 7% free, 185MB/201MB, paused 1.270ms total 57.822ms
08-04 15:18:02.720  7266  7326 I art     : Starting a blocking GC Explicit
08-04 15:18:02.782  7266  7326 I art     : Explicit concurrent mark sweep GC freed 1737(97KB) AllocSpace objects, 2(48KB) LOS objects, 7% free, 185MB/201MB, paused 1.401ms total 61.136ms
08-04 15:18:02.802  7266  7326 I art     : Starting a blocking GC Explicit
08-04 15:18:02.861  7266  7326 I art     : Explicit concurrent mark sweep GC freed 33(1184B) AllocSpace objects, 0(0B) LOS objects, 7% free, 185MB/201MB, paused 1.212ms total 58.726ms
08-04 15:18:02.880  7266  7326 I art     : Starting a blocking GC Explicit
08-04 15:18:02.938  7266  7326 I art     : Explicit concurrent mark sweep GC freed 15(752B) AllocSpace objects, 0(0B) LOS objects, 7% free, 185MB/201MB, paused 1.407ms total 58.377ms
08-04 15:18:02.958  7266  7326 I art     : Starting a blocking GC Explicit
08-04 15:18:03.022  7266  7326 I art     : Explicit concurrent mark sweep GC freed 13(640B) AllocSpace objects, 0(0B) LOS objects, 7% free, 185MB/201MB, paused 1.426ms total 63.753ms
08-04 15:18:03.045  7266  7326 I art     : Starting a blocking GC Explicit
08-04 15:18:03.114  7266  7326 I art     : Explicit concurrent mark sweep GC freed 3(96B) AllocSpace objects, 0(0B) LOS objects, 7% free, 185MB/201MB, paused 1.301ms total 69.513ms
08-04 15:18:03.525  7266  7280 I art     : Starting a blocking GC Explicit
08-04 15:18:03.592  7266  7280 I art     : Explicit concurrent mark sweep GC freed 1599(92KB) AllocSpace objects, 2(48KB) LOS objects, 7% free, 185MB/201MB, paused 1.333ms total 66.371ms
08-04 15:18:03.612  7266  7280 I art     : Starting a blocking GC Explicit
08-04 15:18:03.672  7266  7280 I art     : Explicit concurrent mark sweep GC freed 46(1520B) AllocSpace objects, 0(0B) LOS objects, 7% free, 185MB/201MB, paused 1.360ms total 59.873ms
08-04 15:18:03.692  7266  7280 I art     : Starting a blocking GC Explicit
08-04 15:18:03.750  7266  7280 I art     : Explicit concurrent mark sweep GC freed 3(96B) AllocSpace objects, 0(0B) LOS objects, 7% free, 185MB/201MB, paused 1.465ms total 58.467ms
08-04 15:18:03.756  9596  9596 D AndroidRuntime: >>>>>> START com.android.internal.os.RuntimeInit uid 2000 <<<<<<
08-04 15:18:03.763  9596  9596 D AndroidRuntime: CheckJNI is OFF
08-04 15:18:03.770  7266  7280 I art     : Starting a blocking GC Explicit
08-04 15:18:03.807  9596  9596 D ICU     : No timezone override file found: /data/misc/zoneinfo/current/icu/icu_tzdata.dat
08-04 15:18:03.828  7266  7280 I art     : Explicit concurrent mark sweep GC freed 3(96B) AllocSpace objects, 0(0B) LOS objects, 7% free, 185MB/201MB, paused 1.357ms total 57.435ms
08-04 15:18:03.844   918  3261 D WifiStateMachine: starting scan for "H369AA63323"WPA_PSK with 2412,5180
08-04 15:18:03.847  7266  7280 I art     : Starting a blocking GC Explicit
08-04 15:18:03.855  9596  9596 I Radio-JNI: register_android_hardware_Radio DONE
08-04 15:18:03.885  9596  9596 D AndroidRuntime: Calling main entry com.android.commands.input.Input
08-04 15:18:03.887  9596  9596 I Input   : injectMotionEvent: MotionEvent { action=ACTION_DOWN, actionButton=0, id[0]=0, x[0]=747.0, y[0]=608.0, toolType[0]=TOOL_TYPE_UNKNOWN, buttonState=0, metaState=0, flags=0x0, edgeFlags=0x0, pointerCount=1, historySize=0, eventTime=717500299, downTime=717500299, deviceId=0, source=0x1002 }
08-04 15:18:03.893  9596  9596 I Input   : injectMotionEvent: MotionEvent { action=ACTION_UP, actionButton=0, id[0]=0, x[0]=747.0, y[0]=608.0, toolType[0]=TOOL_TYPE_UNKNOWN, buttonState=0, metaState=0, flags=0x0, edgeFlags=0x0, pointerCount=1, historySize=0, eventTime=717500299, downTime=717500299, deviceId=0, source=0x1002 }
08-04 15:18:03.895   918  4413 I ActivityManager: START u0 {cmp=baseline.io.github.project_travel_mate/.utilities.ChecklistActivity} from uid 10650 on display 0
08-04 15:18:03.895  9596  9596 D AndroidRuntime: Shutting down VM
08-04 15:18:03.899   512  2967 D audio_hw_primary: out_set_parameters: enter: usecase(1: low-latency-playback) kvpairs: routing=2
08-04 15:18:03.902  7266  7280 I art     : Explicit concurrent mark sweep GC freed 7(208B) AllocSpace objects, 0(0B) LOS objects, 7% free, 185MB/201MB, paused 1.405ms total 55.129ms
08-04 15:18:03.912   512  2967 D audio_hw_primary: select_devices: out_snd_device(2: speaker) in_snd_device(0: none)
08-04 15:18:03.912   512  2967 D msm8974_platform: platform_send_audio_calibration: sending audio calibration for snd_device(2) acdb_id(15)
08-04 15:18:03.912   512  2967 I soundtrigger: audio_extn_sound_trigger_update_device_status: device 0x2 of type 0 for Event 1
08-04 15:18:03.924   512  2967 D audio_hw_primary: enable_snd_device: snd_device(2: speaker)
08-04 15:18:03.927   512  2967 D audio_hw_primary: enable_audio_route: apply and update mixer path: low-latency-playback speaker
08-04 15:18:04.006   918   936 I ActivityManager: Displayed baseline.io.github.project_travel_mate/.utilities.ChecklistActivity: +95ms
08-04 15:18:04.006 13866 13866 I GoogleInputMethodServic: GoogleInputMethodService.onFinishInput():3138 
08-04 15:18:04.007 13866 13866 I GoogleInputMethodServic: GoogleInputMethodService.onStartInput():1808 
08-04 15:18:04.267   380   380 W SurfaceFlinger: couldn't log to binary event log: overflow.
08-04 15:18:04.293  7266  7327 I art     : Starting a blocking GC Explicit
08-04 15:18:04.343  7266  7327 I art     : Explicit concurrent mark sweep GC freed 2500(146KB) AllocSpace objects, 2(48KB) LOS objects, 7% free, 185MB/201MB, paused 1.141ms total 49.703ms
08-04 15:18:04.362  7266  7327 I art     : Starting a blocking GC Explicit
08-04 15:18:04.418  7266  7327 I art     : Explicit concurrent mark sweep GC freed 388(16KB) AllocSpace objects, 0(0B) LOS objects, 7% free, 185MB/201MB, paused 1.433ms total 55.417ms
08-04 15:18:04.438  7266  7327 I art     : Starting a blocking GC Explicit
08-04 15:18:04.459   512  2967 D audio_hw_primary: disable_audio_route: reset and update mixer path: low-latency-playback speaker
08-04 15:18:04.460   512  2967 D audio_hw_primary: disable_snd_device: snd_device(2: speaker)
08-04 15:18:04.468   512  2967 I soundtrigger: audio_extn_sound_trigger_update_device_status: device 0x2 of type 0 for Event 0
08-04 15:18:04.494  7266  7327 I art     : Explicit concurrent mark sweep GC freed 9(256B) AllocSpace objects, 0(0B) LOS objects, 7% free, 185MB/201MB, paused 1.315ms total 56.274ms
08-04 15:18:04.514  7266  7327 I art     : Starting a blocking GC Explicit
08-04 15:18:04.573  7266  7327 I art     : Explicit concurrent mark sweep GC freed 11(352B) AllocSpace objects, 0(0B) LOS objects, 7% free, 185MB/201MB, paused 1.420ms total 59.462ms
08-04 15:18:04.596  7266  7327 I art     : Starting a blocking GC Explicit
08-04 15:18:04.658  7266  7327 I art     : Explicit concurrent mark sweep GC freed 40(1088B) AllocSpace objects, 0(0B) LOS objects, 7% free, 185MB/201MB, paused 1.478ms total 61.083ms
08-04 15:18:05.082  7266  7279 I art     : Starting a blocking GC Explicit
08-04 15:18:05.161  7266  7279 I art     : Explicit concurrent mark sweep GC freed 1586(92KB) AllocSpace objects, 2(48KB) LOS objects, 7% free, 185MB/201MB, paused 1.575ms total 77.408ms
08-04 15:18:05.182  7266  7279 I art     : Starting a blocking GC Explicit
08-04 15:18:05.241  7266  7279 I art     : Explicit concurrent mark sweep GC freed 28(1024B) AllocSpace objects, 0(0B) LOS objects, 7% free, 185MB/201MB, paused 1.298ms total 58.412ms
08-04 15:18:05.260  7266  7279 I art     : Starting a blocking GC Explicit
08-04 15:18:05.319  7266  7279 I art     : Explicit concurrent mark sweep GC freed 3(96B) AllocSpace objects, 0(0B) LOS objects, 7% free, 185MB/201MB, paused 1.353ms total 58.813ms
08-04 15:18:05.339  7266  7279 I art     : Starting a blocking GC Explicit
08-04 15:18:05.400  7266  7279 I art     : Explicit concurrent mark sweep GC freed 3(96B) AllocSpace objects, 0(0B) LOS objects, 7% free, 185MB/201MB, paused 1.447ms total 60.808ms
08-04 15:18:05.423  7266  7279 I art     : Starting a blocking GC Explicit
08-04 15:18:05.482  7266  7279 I art     : Explicit concurrent mark sweep GC freed 16(704B) AllocSpace objects, 0(0B) LOS objects, 7% free, 185MB/201MB, paused 1.301ms total 58.425ms
08-04 15:18:05.924  7266  7326 I art     : Starting a blocking GC Explicit
08-04 15:18:05.942   918  3188 I hubconnection: sensorhub said: 'set_bias 3: -6.2400, 0.0000, 0.0000'
08-04 15:18:06.009  7266  7326 I art     : Explicit concurrent mark sweep GC freed 1649(94KB) AllocSpace objects, 2(48KB) LOS objects, 7% free, 185MB/201MB, paused 1.600ms total 84.431ms
08-04 15:18:06.031  7266  7326 I art     : Starting a blocking GC Explicit
08-04 15:18:06.095  7266  7326 I art     : Explicit concurrent mark sweep GC freed 38(1568B) AllocSpace objects, 0(0B) LOS objects, 7% free, 185MB/201MB, paused 1.267ms total 63.231ms
08-04 15:18:06.114  7266  7326 I art     : Starting a blocking GC Explicit
08-04 15:18:06.178  7266  7326 I art     : Explicit concurrent mark sweep GC freed 3(96B) AllocSpace objects, 0(0B) LOS objects, 7% free, 185MB/201MB, paused 1.502ms total 63.238ms
08-04 15:18:06.198  7266  7326 I art     : Starting a blocking GC Explicit
08-04 15:18:06.266  7266  7326 I art     : Explicit concurrent mark sweep GC freed 3(96B) AllocSpace objects, 0(0B) LOS objects, 7% free, 185MB/201MB, paused 1.298ms total 67.477ms
08-04 15:18:06.287  7266  7326 I art     : Starting a blocking GC Explicit
08-04 15:18:06.353  7266  7326 I art     : Explicit concurrent mark sweep GC freed 3(96B) AllocSpace objects, 0(0B) LOS objects, 7% free, 185MB/201MB, paused 1.413ms total 64.916ms
08-04 15:18:06.785  7266  7280 I art     : Starting a blocking GC Explicit
08-04 15:18:06.870  7266  7280 I art     : Explicit concurrent mark sweep GC freed 1623(93KB) AllocSpace objects, 2(48KB) LOS objects, 7% free, 185MB/201MB, paused 1.355ms total 85.176ms
08-04 15:18:06.892  7266  7280 I art     : Starting a blocking GC Explicit
08-04 15:18:06.956  7266  7280 I art     : Explicit concurrent mark sweep GC freed 28(1024B) AllocSpace objects, 0(0B) LOS objects, 7% free, 185MB/201MB, paused 1.377ms total 63.704ms
08-04 15:18:06.976  7266  7280 I art     : Starting a blocking GC Explicit
08-04 15:18:07.048  7266  7280 I art     : Explicit concurrent mark sweep GC freed 14(720B) AllocSpace objects, 0(0B) LOS objects, 7% free, 185MB/201MB, paused 1.579ms total 71.536ms
08-04 15:18:07.072  7266  7280 I art     : Starting a blocking GC Explicit
08-04 15:18:07.139  7266  7280 I art     : Explicit concurrent mark sweep GC freed 14(672B) AllocSpace objects, 0(0B) LOS objects, 7% free, 185MB/201MB, paused 1.381ms total 67.091ms
08-04 15:18:07.162  7266  7280 I art     : Starting a blocking GC Explicit
08-04 15:18:07.224  7266  7280 I art     : Explicit concurrent mark sweep GC freed 3(96B) AllocSpace objects, 0(0B) LOS objects, 7% free, 185MB/201MB, paused 1.361ms total 62.005ms
08-04 15:18:07.683  7266  7327 I art     : Starting a blocking GC Explicit
08-04 15:18:07.764  7266  7327 I art     : Explicit concurrent mark sweep GC freed 1621(92KB) AllocSpace objects, 2(48KB) LOS objects, 7% free, 185MB/201MB, paused 1.535ms total 80.763ms
08-04 15:18:07.793  7266  7327 I art     : Starting a blocking GC Explicit
08-04 15:18:07.858  7266  7327 I art     : Explicit concurrent mark sweep GC freed 28(1024B) AllocSpace objects, 0(0B) LOS objects, 7% free, 185MB/201MB, paused 1.441ms total 65.451ms
08-04 15:18:07.878  7266  7327 I art     : Starting a blocking GC Explicit
08-04 15:18:07.945  7266  7327 I art     : Explicit concurrent mark sweep GC freed 3(96B) AllocSpace objects, 0(0B) LOS objects, 7% free, 185MB/201MB, paused 1.431ms total 66.231ms
08-04 15:18:07.968  7266  7327 I art     : Starting a blocking GC Explicit
08-04 15:18:08.035  7266  7327 I art     : Explicit concurrent mark sweep GC freed 3(96B) AllocSpace objects, 0(0B) LOS objects, 7% free, 185MB/201MB, paused 1.481ms total 66.312ms
08-04 15:18:08.058  7266  7327 I art     : Starting a blocking GC Explicit
08-04 15:18:08.122  7266  7327 I art     : Explicit concurrent mark sweep GC freed 3(96B) AllocSpace objects, 0(0B) LOS objects, 7% free, 185MB/201MB, paused 1.364ms total 64.119ms
08-04 15:18:08.522  7266  7279 I art     : Starting a blocking GC Explicit
08-04 15:18:08.597  7266  7279 I art     : Explicit concurrent mark sweep GC freed 1622(93KB) AllocSpace objects, 2(48KB) LOS objects, 7% free, 185MB/201MB, paused 1.465ms total 73.924ms
08-04 15:18:08.619  7266  7279 I art     : Starting a blocking GC Explicit
08-04 15:18:08.680  7266  7279 I art     : Explicit concurrent mark sweep GC freed 29(1056B) AllocSpace objects, 0(0B) LOS objects, 7% free, 185MB/201MB, paused 1.316ms total 60.280ms
08-04 15:18:08.700  7266  7279 I art     : Starting a blocking GC Explicit
08-04 15:18:08.733  9674  9674 D AndroidRuntime: >>>>>> START com.android.internal.os.RuntimeInit uid 2000 <<<<<<
08-04 15:18:08.739  9674  9674 D AndroidRuntime: CheckJNI is OFF
08-04 15:18:08.759  7266  7279 I art     : Explicit concurrent mark sweep GC freed 3(96B) AllocSpace objects, 0(0B) LOS objects, 7% free, 185MB/201MB, paused 1.384ms total 59.402ms
08-04 15:18:08.779  7266  7279 I art     : Starting a blocking GC Explicit
08-04 15:18:08.788  9674  9674 D ICU     : No timezone override file found: /data/misc/zoneinfo/current/icu/icu_tzdata.dat
08-04 15:18:08.832  9674  9674 I Radio-JNI: register_android_hardware_Radio DONE
08-04 15:18:08.838  7266  7279 I art     : Explicit concurrent mark sweep GC freed 3(96B) AllocSpace objects, 0(0B) LOS objects, 7% free, 185MB/201MB, paused 1.555ms total 58.657ms
08-04 15:18:08.857  7266  7279 I art     : Starting a blocking GC Explicit
08-04 15:18:08.863  9674  9674 D AndroidRuntime: Calling main entry com.android.commands.input.Input
08-04 15:18:08.865  9674  9674 I Input   : injectKeyEvent: KeyEvent { action=ACTION_DOWN, keyCode=KEYCODE_BACK, scanCode=0, metaState=0, flags=0x0, repeatCount=0, eventTime=717505278, downTime=717505278, deviceId=-1, source=0x101 }
08-04 15:18:08.872  9674  9674 I Input   : injectKeyEvent: KeyEvent { action=ACTION_UP, keyCode=KEYCODE_BACK, scanCode=0, metaState=0, flags=0x0, repeatCount=0, eventTime=717505278, downTime=717505278, deviceId=-1, source=0x101 }
08-04 15:18:08.877  9674  9674 D AndroidRuntime: Shutting down VM
08-04 15:18:08.887  7266  7266 V MainActivity: url = https://project-travel-mate.herokuapp.com/api/number-of-unread-notifications
08-04 15:18:08.910  7266  7279 I art     : Explicit concurrent mark sweep GC freed 347(14KB) AllocSpace objects, 0(0B) LOS objects, 7% free, 185MB/201MB, paused 1.268ms total 52.634ms
08-04 15:18:08.919 13866 13866 I GoogleInputMethodServic: GoogleInputMethodService.onFinishInput():3138 
08-04 15:18:08.919 13866 13866 I GoogleInputMethodServic: GoogleInputMethodService.onStartInput():1808 
08-04 15:18:09.204   380   380 W SurfaceFlinger: couldn't log to binary event log: overflow.
08-04 15:18:09.304  7266  7279 I art     : Starting a blocking GC Explicit
08-04 15:18:09.365  7266  7279 I art     : Explicit concurrent mark sweep GC freed 2205(121KB) AllocSpace objects, 2(48KB) LOS objects, 7% free, 185MB/201MB, paused 1.394ms total 60.291ms
08-04 15:18:09.384  7266  7279 I art     : Starting a blocking GC Explicit
08-04 15:18:09.447  7266  7279 I art     : Explicit concurrent mark sweep GC freed 574(26KB) AllocSpace objects, 0(0B) LOS objects, 7% free, 185MB/201MB, paused 1.733ms total 62.868ms
08-04 15:18:09.469  7266  7279 I art     : Starting a blocking GC Explicit
08-04 15:18:09.517  7266  9697 I NAPPA_EXPERIMENTATION: MetricNetworkRequestExecutionTime: REQUEST_DURATION_SYSTEM='628',REQUEST_DURATION_OKHTTP='30',REQUEST_SYNCHRONOUS='FALSE',RESPONSE_CODE='200',RESPONSE_METHOD='GET',RESPONSE_LENGTH_OKHTTP='36',RESPONSE_LENGTH_HEADER='36',REQUEST_PROTOCOL='http/1.1',REQUEST_URL='https://project-travel-mate.herokuapp.com/api/number-of-unread-notifications',
08-04 15:18:09.529  7266  7279 I art     : Explicit concurrent mark sweep GC freed 2306(125KB) AllocSpace objects, 2(120KB) LOS objects, 7% free, 185MB/201MB, paused 1.495ms total 59.848ms
08-04 15:18:09.548  7266  7279 I art     : Starting a blocking GC Explicit
08-04 15:18:09.608  7266  7279 I art     : Explicit concurrent mark sweep GC freed 1013(118KB) AllocSpace objects, 1(80KB) LOS objects, 7% free, 185MB/201MB, paused 1.410ms total 59.857ms
08-04 15:18:09.628  7266  7279 I art     : Starting a blocking GC Explicit
08-04 15:18:09.688  7266  7279 I art     : Explicit concurrent mark sweep GC freed 92(3KB) AllocSpace objects, 0(0B) LOS objects, 7% free, 185MB/201MB, paused 1.392ms total 59.627ms
08-04 15:18:10.114  7266  7326 I art     : Starting a blocking GC Explicit
08-04 15:18:10.172  7266  7326 I art     : Explicit concurrent mark sweep GC freed 1598(92KB) AllocSpace objects, 2(48KB) LOS objects, 7% free, 185MB/201MB, paused 1.357ms total 57.515ms
08-04 15:18:10.173  7266  7278 I art     : WaitForGcToComplete blocked for 11.605ms for cause HeapTrim
08-04 15:18:10.192  7266  7326 I art     : Starting a blocking GC Explicit
08-04 15:18:10.248  7266  7326 I art     : Explicit concurrent mark sweep GC freed 38(1568B) AllocSpace objects, 0(0B) LOS objects, 7% free, 185MB/201MB, paused 1.492ms total 56.049ms
08-04 15:18:10.267  7266  7326 I art     : Starting a blocking GC Explicit
08-04 15:18:10.324  7266  7326 I art     : Explicit concurrent mark sweep GC freed 3(96B) AllocSpace objects, 0(0B) LOS objects, 7% free, 185MB/201MB, paused 1.345ms total 56.426ms
08-04 15:18:10.343  7266  7326 I art     : Starting a blocking GC Explicit
08-04 15:18:10.398  7266  7326 I art     : Explicit concurrent mark sweep GC freed 3(96B) AllocSpace objects, 0(0B) LOS objects, 7% free, 185MB/201MB, paused 1.450ms total 54.954ms
08-04 15:18:10.417  7266  7326 I art     : Starting a blocking GC Explicit
08-04 15:18:10.473  7266  7326 I art     : Explicit concurrent mark sweep GC freed 3(96B) AllocSpace objects, 0(0B) LOS objects, 7% free, 185MB/201MB, paused 1.349ms total 56.057ms
08-04 15:18:10.668  9719  9719 D AndroidRuntime: >>>>>> START com.android.internal.os.RuntimeInit uid 2000 <<<<<<
08-04 15:18:10.675  9719  9719 D AndroidRuntime: CheckJNI is OFF
08-04 15:18:10.715  9719  9719 D ICU     : No timezone override file found: /data/misc/zoneinfo/current/icu/icu_tzdata.dat
08-04 15:18:10.757  9719  9719 I Radio-JNI: register_android_hardware_Radio DONE
08-04 15:18:10.785  9719  9719 D AndroidRuntime: Calling main entry com.android.commands.input.Input
08-04 15:18:10.788  9719  9719 I Input   : injectMotionEvent: MotionEvent { action=ACTION_DOWN, actionButton=0, id[0]=0, x[0]=657.0, y[0]=2037.0, toolType[0]=TOOL_TYPE_UNKNOWN, buttonState=0, metaState=0, flags=0x0, edgeFlags=0x0, pointerCount=1, historySize=0, eventTime=717507200, downTime=717507200, deviceId=0, source=0x1002 }
08-04 15:18:10.792  9719  9719 I Input   : injectMotionEvent: MotionEvent { action=ACTION_UP, actionButton=0, id[0]=0, x[0]=657.0, y[0]=2037.0, toolType[0]=TOOL_TYPE_UNKNOWN, buttonState=0, metaState=0, flags=0x0, edgeFlags=0x0, pointerCount=1, historySize=0, eventTime=717507200, downTime=717507200, deviceId=0, source=0x1002 }
08-04 15:18:10.794  9719  9719 D AndroidRuntime: Shutting down VM
08-04 15:18:10.794   918  6111 I ActivityManager: START u0 {cmp=baseline.io.github.project_travel_mate/.utilities.CompassActivity} from uid 10650 on display 0
08-04 15:18:10.796   512  2967 D audio_hw_primary: out_set_parameters: enter: usecase(1: low-latency-playback) kvpairs: routing=2
08-04 15:18:10.810   512  2967 D audio_hw_primary: select_devices: out_snd_device(2: speaker) in_snd_device(0: none)
08-04 15:18:10.810   512  2967 D msm8974_platform: platform_send_audio_calibration: sending audio calibration for snd_device(2) acdb_id(15)
08-04 15:18:10.811   512  2967 I soundtrigger: audio_extn_sound_trigger_update_device_status: device 0x2 of type 0 for Event 1
08-04 15:18:10.821   512  2967 D audio_hw_primary: enable_snd_device: snd_device(2: speaker)
08-04 15:18:10.823   512  2967 D audio_hw_primary: enable_audio_route: apply and update mixer path: low-latency-playback speaker
08-04 15:18:10.883  7266  7326 I art     : Starting a blocking GC Explicit
08-04 15:18:10.940  7266  7326 I art     : Explicit concurrent mark sweep GC freed 1972(126KB) AllocSpace objects, 2(48KB) LOS objects, 6% free, 234MB/250MB, paused 1.522ms total 56.898ms
08-04 15:18:10.959  7266  7326 I art     : Starting a blocking GC Explicit
08-04 15:18:11.014  7266  7326 I art     : Explicit concurrent mark sweep GC freed 186(8KB) AllocSpace objects, 0(0B) LOS objects, 6% free, 234MB/250MB, paused 1.357ms total 54.516ms
08-04 15:18:11.033  7266  7326 I art     : Starting a blocking GC Explicit
08-04 15:18:11.087  7266  7326 I art     : Explicit concurrent mark sweep GC freed 3(96B) AllocSpace objects, 0(0B) LOS objects, 6% free, 234MB/250MB, paused 1.365ms total 53.320ms
08-04 15:18:11.106  7266  7326 I art     : Starting a blocking GC Explicit
08-04 15:18:11.160  7266  7326 I art     : Explicit concurrent mark sweep GC freed 3(96B) AllocSpace objects, 0(0B) LOS objects, 6% free, 234MB/250MB, paused 1.424ms total 54.102ms
08-04 15:18:11.179  7266  7326 I art     : Starting a blocking GC Explicit
08-04 15:18:11.234  7266  7326 I art     : Explicit concurrent mark sweep GC freed 3(96B) AllocSpace objects, 0(0B) LOS objects, 6% free, 234MB/250MB, paused 1.457ms total 54.409ms
08-04 15:18:11.353  7266  7266 D CompassActivity: start compass
08-04 15:18:11.354   918  3961 I sensors : batch
08-04 15:18:11.354   918  3961 I sensors : activate
08-04 15:18:11.355   918  3696 I sensors : batch
08-04 15:18:11.355   918  3696 I sensors : activate
08-04 15:18:11.358   512  2967 D audio_hw_primary: disable_audio_route: reset and update mixer path: low-latency-playback speaker
08-04 15:18:11.359  7266  7266 I Choreographer: Skipped 32 frames!  The application may be doing too much work on its main thread.
08-04 15:18:11.360   512  2967 D audio_hw_primary: disable_snd_device: snd_device(2: speaker)
08-04 15:18:11.362   918  3188 I hubconnection: sensorhub said: 'batch 1 flags:0, sampling_rate_Hz:50.00, max_report_latency_us:0'
08-04 15:18:11.363   918  3188 I hubconnection: sensorhub said: 'activate 1 enable:1'
08-04 15:18:11.365   918  3188 I hubconnection: sensorhub said: 'batch 3 flags:0, sampling_rate_Hz:50.00, max_report_latency_us:0'
08-04 15:18:11.367   918  3188 I hubconnection: sensorhub said: 'activate 3 enable:1'
08-04 15:18:11.370   512  2967 I soundtrigger: audio_extn_sound_trigger_update_device_status: device 0x2 of type 0 for Event 0
08-04 15:18:11.417 13866 13866 I GoogleInputMethodServic: GoogleInputMethodService.onFinishInput():3138 
08-04 15:18:11.418 13866 13866 I GoogleInputMethodServic: GoogleInputMethodService.onStartInput():1808 
08-04 15:18:11.554  7266  7266 D CompassActivity: will set rotation from 0.0 to 179.41357
08-04 15:18:11.555  7266  7266 D CompassActivity: will set rotation from 179.41357 to 179.61694
08-04 15:18:11.555  7266  7266 D CompassActivity: will set rotation from 179.61694 to 179.6214
08-04 15:18:11.555  7266  7266 D CompassActivity: will set rotation from 179.6214 to 179.84595
08-04 15:18:11.555  7266  7266 D CompassActivity: will set rotation from 179.84595 to 179.85504
08-04 15:18:11.561   918   936 I ActivityManager: Displayed baseline.io.github.project_travel_mate/.utilities.CompassActivity: +759ms
08-04 15:18:11.647  7266  7266 D CompassActivity: will set rotation from 179.85504 to 179.48401
08-04 15:18:11.647  7266  7266 D CompassActivity: will set rotation from 179.48401 to 179.49023
08-04 15:18:11.647  7266  7266 D CompassActivity: will set rotation from 179.49023 to 179.25867
08-04 15:18:11.647  7266  7266 D CompassActivity: will set rotation from 179.25867 to 179.25537
08-04 15:18:11.647  7266  7266 D CompassActivity: will set rotation from 179.25537 to 179.28088
08-04 15:18:11.647  7266  7266 D CompassActivity: will set rotation from 179.28088 to 179.28302
08-04 15:18:11.647  7266  7266 D CompassActivity: will set rotation from 179.28302 to 179.36853
08-04 15:18:11.648  7266  7266 D CompassActivity: will set rotation from 179.36853 to 179.36804
08-04 15:18:11.648  7266  7266 D CompassActivity: will set rotation from 179.36804 to 179.37152
08-04 15:18:11.648  7266  7266 D CompassActivity: will set rotation from 179.37152 to 179.3778
08-04 15:18:11.658  7266  7280 I art     : Starting a blocking GC Explicit
08-04 15:18:11.709  7266  7280 I art     : Explicit concurrent mark sweep GC freed 1953(110KB) AllocSpace objects, 2(48KB) LOS objects, 6% free, 237MB/253MB, paused 1.665ms total 51.244ms
08-04 15:18:11.713  2486  2486 I ServiceManager: Waiting for service AtCmdFwd...
08-04 15:18:11.729  7266  7280 I art     : Starting a blocking GC Explicit
08-04 15:18:11.740  7266  7266 D CompassActivity: will set rotation from 179.3778 to 179.50403
08-04 15:18:11.740  7266  7266 D CompassActivity: will set rotation from 179.50403 to 179.50104
08-04 15:18:11.740  7266  7266 D CompassActivity: will set rotation from 179.50104 to 179.54413
08-04 15:18:11.740  7266  7266 D CompassActivity: will set rotation from 179.54413 to 179.54395
08-04 15:18:11.740  7266  7266 D CompassActivity: will set rotation from 179.54395 to 179.6778
08-04 15:18:11.741  7266  7266 D CompassActivity: will set rotation from 179.6778 to 179.67969
08-04 15:18:11.741  7266  7266 D CompassActivity: will set rotation from 179.67969 to 179.64954
08-04 15:18:11.741  7266  7266 D CompassActivity: will set rotation from 179.64954 to 179.65027
08-04 15:18:11.762  7266  7266 D CompassActivity: will set rotation from 179.65027 to 179.66528
08-04 15:18:11.762  7266  7266 D CompassActivity: will set rotation from 179.66528 to 179.66675
08-04 15:18:11.764  7266  7266 D CompassActivity: will set rotation from 179.66675 to 179.59473
08-04 15:18:11.764  7266  7266 D CompassActivity: will set rotation from 179.59473 to 179.59692
08-04 15:18:11.785  7266  7266 D CompassActivity: will set rotation from 179.59692 to 179.57715
08-04 15:18:11.785  7266  7280 I art     : Explicit concurrent mark sweep GC freed 330(15KB) AllocSpace objects, 0(0B) LOS objects, 6% free, 237MB/253MB, paused 1.204ms total 55.589ms
08-04 15:18:11.785  7266  7266 D CompassActivity: will set rotation from 179.57715 to 179.57361
08-04 15:18:11.803  7266  7280 I art     : Starting a blocking GC Explicit
08-04 15:18:11.806  7266  7266 D CompassActivity: will set rotation from 179.57361 to 179.67255
08-04 15:18:11.806  7266  7266 D CompassActivity: will set rotation from 179.67255 to 179.67053
08-04 15:18:11.807   380   380 W SurfaceFlinger: couldn't log to binary event log: overflow.
08-04 15:18:11.824  7266  7266 D CompassActivity: will set rotation from 179.67053 to 179.65247
08-04 15:18:11.824  7266  7266 D CompassActivity: will set rotation from 179.65247 to 179.65454
08-04 15:18:11.844  7266  7266 D CompassActivity: will set rotation from 179.65454 to 179.67303
08-04 15:18:11.844  7266  7266 D CompassActivity: will set rotation from 179.67303 to 179.67218
08-04 15:18:11.852  7266  7280 I art     : Explicit concurrent mark sweep GC freed 218(10KB) AllocSpace objects, 0(0B) LOS objects, 6% free, 237MB/253MB, paused 1.194ms total 48.435ms
08-04 15:18:11.864  7266  7266 D CompassActivity: will set rotation from 179.67218 to 179.75513
08-04 15:18:11.864  7266  7266 D CompassActivity: will set rotation from 179.75513 to 179.75012
08-04 15:18:11.870  7266  7280 I art     : Starting a blocking GC Explicit
08-04 15:18:11.884  7266  7266 D CompassActivity: will set rotation from 179.75012 to 179.76245
08-04 15:18:11.884  7266  7266 D CompassActivity: will set rotation from 179.76245 to 179.76245
08-04 15:18:11.904  7266  7266 D CompassActivity: will set rotation from 179.76245 to 179.77185
08-04 15:18:11.905  7266  7266 D CompassActivity: will set rotation from 179.77185 to 179.77258
08-04 15:18:11.922  7266  7280 I art     : Explicit concurrent mark sweep GC freed 148(7KB) AllocSpace objects, 0(0B) LOS objects, 6% free, 237MB/253MB, paused 1.272ms total 51.616ms
08-04 15:18:11.923  7266  7266 D CompassActivity: will set rotation from 179.77258 to 179.84259
08-04 15:18:11.924  7266  7266 D CompassActivity: will set rotation from 179.84259 to 179.84131
08-04 15:18:11.942  7266  7280 I art     : Starting a blocking GC Explicit
08-04 15:18:11.999  7266  7280 I art     : Explicit concurrent mark sweep GC freed 112(5KB) AllocSpace objects, 0(0B) LOS objects, 6% free, 237MB/253MB, paused 1.274ms total 56.421ms
08-04 15:18:12.032  7266  7266 D CompassActivity: will set rotation from 179.84131 to 179.7904
08-04 15:18:12.032  7266  7266 D CompassActivity: will set rotation from 179.7904 to 179.78967
08-04 15:18:12.032  7266  7266 D CompassActivity: will set rotation from 179.78967 to 179.85419
08-04 15:18:12.032  7266  7266 D CompassActivity: will set rotation from 179.85419 to 179.8537
08-04 15:18:12.033  7266  7266 D CompassActivity: will set rotation from 179.8537 to 179.80627
08-04 15:18:12.033  7266  7266 D CompassActivity: will set rotation from 179.80627 to 179.80774
08-04 15:18:12.033  7266  7266 D CompassActivity: will set rotation from 179.80774 to 179.76123
08-04 15:18:12.033  7266  7266 D CompassActivity: will set rotation from 179.76123 to 179.7616
08-04 15:18:12.033  7266  7266 D CompassActivity: will set rotation from 179.7616 to 179.74329
08-04 15:18:12.033  7266  7266 D CompassActivity: will set rotation from 179.74329 to 179.74176
08-04 15:18:12.050  7266  7266 D CompassActivity: will set rotation from 179.74176 to 179.79852
08-04 15:18:12.050  7266  7266 D CompassActivity: will set rotation from 179.79852 to 179.80194
08-04 15:18:12.064  7266  7266 D CompassActivity: will set rotation from 179.80194 to 179.78119
08-04 15:18:12.065  7266  7266 D CompassActivity: will set rotation from 179.78119 to 179.78119
08-04 15:18:12.083  7266  7266 D CompassActivity: will set rotation from 179.78119 to 179.76306
08-04 15:18:12.083  7266  7266 D CompassActivity: will set rotation from 179.76306 to 179.76184
08-04 15:18:12.103  7266  7266 D CompassActivity: will set rotation from 179.76184 to 179.79785
08-04 15:18:12.103  7266  7266 D CompassActivity: will set rotation from 179.79785 to 179.79688
08-04 15:18:12.123  7266  7266 D CompassActivity: will set rotation from 179.79688 to 179.85028
08-04 15:18:12.124  7266  7266 D CompassActivity: will set rotation from 179.85028 to 179.85095
08-04 15:18:12.146  7266  7266 D CompassActivity: will set rotation from 179.85095 to 179.88007
08-04 15:18:12.146  7266  7266 D CompassActivity: will set rotation from 179.88007 to 179.8811
08-04 15:18:12.163  7266  7266 D CompassActivity: will set rotation from 179.8811 to 179.88232
08-04 15:18:12.164  7266  7266 D CompassActivity: will set rotation from 179.88232 to 179.8841
08-04 15:18:12.183  7266  7266 D CompassActivity: will set rotation from 179.8841 to 179.88623
08-04 15:18:12.183  7266  7266 D CompassActivity: will set rotation from 179.88623 to 179.88855
08-04 15:18:12.203  7266  7266 D CompassActivity: will set rotation from 179.88855 to 179.86774
08-04 15:18:12.203  7266  7266 D CompassActivity: will set rotation from 179.86774 to 179.86859
08-04 15:18:12.222  7266  7266 D CompassActivity: will set rotation from 179.86859 to 179.89227
08-04 15:18:12.223  7266  7266 D CompassActivity: will set rotation from 179.89227 to 179.89081
08-04 15:18:12.244  7266  7266 D CompassActivity: will set rotation from 179.89081 to 179.87268
08-04 15:18:12.245  7266  7266 D CompassActivity: will set rotation from 179.87268 to 179.87439
08-04 15:18:12.263  7266  7266 D CompassActivity: will set rotation from 179.87439 to 179.89929
08-04 15:18:12.263  7266  7266 D CompassActivity: will set rotation from 179.89929 to 179.8985
08-04 15:18:12.282  7266  7266 D CompassActivity: will set rotation from 179.8985 to 179.90344
08-04 15:18:12.283  7266  7266 D CompassActivity: will set rotation from 179.90344 to 179.90259
08-04 15:18:12.302  7266  7266 D CompassActivity: will set rotation from 179.90259 to 179.86096
08-04 15:18:12.303  7266  7266 D CompassActivity: will set rotation from 179.86096 to 179.86041
08-04 15:18:12.322  7266  7266 D CompassActivity: will set rotation from 179.86041 to 179.88599
08-04 15:18:12.323  7266  7266 D CompassActivity: will set rotation from 179.88599 to 179.8841
08-04 15:18:12.344  7266  7266 D CompassActivity: will set rotation from 179.8841 to 179.86523
08-04 15:18:12.345  7266  7266 D CompassActivity: will set rotation from 179.86523 to 179.86377
08-04 15:18:12.363  7266  7266 D CompassActivity: will set rotation from 179.86377 to 179.88623
08-04 15:18:12.364  7266  7266 D CompassActivity: will set rotation from 179.88623 to 179.88678
08-04 15:18:12.382  7266  7266 D CompassActivity: will set rotation from 179.88678 to 179.85059
08-04 15:18:12.382  7266  7266 D CompassActivity: will set rotation from 179.85059 to 179.85095
08-04 15:18:12.402  7266  7266 D CompassActivity: will set rotation from 179.85095 to 179.83484
08-04 15:18:12.402  7266  7266 D CompassActivity: will set rotation from 179.83484 to 179.83435
08-04 15:18:12.422  7266  7266 D CompassActivity: will set rotation from 179.83435 to 179.83813
08-04 15:18:12.422  7266  7266 D CompassActivity: will set rotation from 179.83813 to 179.83698
08-04 15:18:12.447  7266  7266 D CompassActivity: will set rotation from 179.83698 to 179.84259
08-04 15:18:12.447  7266  7266 D CompassActivity: will set rotation from 179.84259 to 179.84338
08-04 15:18:12.463  7266  7266 D CompassActivity: will set rotation from 179.84338 to 179.84692
08-04 15:18:12.464  7266  7266 D CompassActivity: will set rotation from 179.84692 to 179.84644
08-04 15:18:12.482  7266  7266 D CompassActivity: will set rotation from 179.84644 to 179.83203
08-04 15:18:12.483  7266  7266 D CompassActivity: will set rotation from 179.83203 to 179.83002
08-04 15:18:12.502  7266  7266 D CompassActivity: will set rotation from 179.83002 to 179.8523
08-04 15:18:12.502  7266  7266 D CompassActivity: will set rotation from 179.8523 to 179.8523
08-04 15:18:12.522  7266  7266 D CompassActivity: will set rotation from 179.8523 to 179.82043
08-04 15:18:12.522  7266  7266 D CompassActivity: will set rotation from 179.82043 to 179.8208
08-04 15:18:12.531  7266  7279 I art     : Starting a blocking GC Explicit
08-04 15:18:12.546  7266  7266 D CompassActivity: will set rotation from 179.8208 to 179.82477
08-04 15:18:12.547  7266  7266 D CompassActivity: will set rotation from 179.82477 to 179.82727
08-04 15:18:12.564  7266  7266 D CompassActivity: will set rotation from 179.82727 to 179.83228
08-04 15:18:12.564  7266  7266 D CompassActivity: will set rotation from 179.83228 to 179.83258
08-04 15:18:12.582  7266  7266 D CompassActivity: will set rotation from 179.83258 to 179.83545
08-04 15:18:12.582  7266  7266 D CompassActivity: will set rotation from 179.83545 to 179.83496
08-04 15:18:12.600  7266  7279 I art     : Explicit concurrent mark sweep GC freed 2205(131KB) AllocSpace objects, 2(48KB) LOS objects, 6% free, 237MB/253MB, paused 1.231ms total 69.592ms
08-04 15:18:12.602  7266  7266 D CompassActivity: will set rotation from 179.83496 to 179.80377
08-04 15:18:12.602  7266  7266 D CompassActivity: will set rotation from 179.80377 to 179.80457
08-04 15:18:12.621  7266  7266 D CompassActivity: will set rotation from 179.80457 to 179.77478
08-04 15:18:12.622  7266  7266 D CompassActivity: will set rotation from 179.77478 to 179.77515
08-04 15:18:12.624  7266  7279 I art     : Starting a blocking GC Explicit
08-04 15:18:12.647  7266  7266 D CompassActivity: will set rotation from 179.77515 to 179.79932
08-04 15:18:12.648  7266  7266 D CompassActivity: will set rotation from 179.79932 to 179.79657
08-04 15:18:12.664  7266  7266 D CompassActivity: will set rotation from 179.79657 to 179.78479
08-04 15:18:12.665  7266  7266 D CompassActivity: will set rotation from 179.78479 to 179.7832
08-04 15:18:12.684  7266  7266 D CompassActivity: will set rotation from 179.7832 to 179.80304
08-04 15:18:12.685  7266  7266 D CompassActivity: will set rotation from 179.80304 to 179.80267
08-04 15:18:12.693  7266  7279 I art     : Explicit concurrent mark sweep GC freed 1041(41KB) AllocSpace objects, 0(0B) LOS objects, 6% free, 237MB/253MB, paused 1.409ms total 68.622ms
08-04 15:18:12.703  7266  7266 D CompassActivity: will set rotation from 179.80267 to 179.82446
08-04 15:18:12.703  7266  7266 D CompassActivity: will set rotation from 179.82446 to 179.82611
08-04 15:18:12.714  2486  2486 I ServiceManager: Waiting for service AtCmdFwd...
08-04 15:18:12.715  7266  7279 I art     : Starting a blocking GC Explicit
08-04 15:18:12.722  7266  7266 D CompassActivity: will set rotation from 179.82611 to 179.82886
08-04 15:18:12.722  7266  7266 D CompassActivity: will set rotation from 179.82886 to 179.83002
08-04 15:18:12.741  7266  7266 D CompassActivity: will set rotation from 179.83002 to 179.83093
08-04 15:18:12.741  7266  7266 D CompassActivity: will set rotation from 179.83093 to 179.83179
08-04 15:18:12.762  7266  7266 D CompassActivity: will set rotation from 179.83179 to 179.81653
08-04 15:18:12.762  7266  7266 D CompassActivity: will set rotation from 179.81653 to 179.81812
08-04 15:18:12.775  7266  7279 I art     : Explicit concurrent mark sweep GC freed 205(9KB) AllocSpace objects, 0(0B) LOS objects, 6% free, 237MB/253MB, paused 1.284ms total 59.563ms
08-04 15:18:12.782  7266  7266 D CompassActivity: will set rotation from 179.81812 to 179.78644
08-04 15:18:12.783  7266  7266 D CompassActivity: will set rotation from 179.78644 to 179.78711
08-04 15:18:12.795  7266  7279 I art     : Starting a blocking GC Explicit
08-04 15:18:12.801  7266  7266 D CompassActivity: will set rotation from 179.78711 to 179.7586
08-04 15:18:12.802  7266  7266 D CompassActivity: will set rotation from 179.7586 to 179.75824
08-04 15:18:12.821  7266  7266 D CompassActivity: will set rotation from 179.75824 to 179.72974
08-04 15:18:12.821  7266  7266 D CompassActivity: will set rotation from 179.72974 to 179.72772
08-04 15:18:12.841  7266  7266 D CompassActivity: will set rotation from 179.72772 to 179.73474
08-04 15:18:12.842  7266  7266 D CompassActivity: will set rotation from 179.73474 to 179.73395
08-04 15:18:12.853  7266  7279 I art     : Explicit concurrent mark sweep GC freed 175(8KB) AllocSpace objects, 0(0B) LOS objects, 6% free, 237MB/253MB, paused 1.280ms total 57.148ms
08-04 15:18:12.864  7266  7266 D CompassActivity: will set rotation from 179.73395 to 179.72516
08-04 15:18:12.864  7266  7266 D CompassActivity: will set rotation from 179.72516 to 179.72302
08-04 15:18:12.872  7266  7279 I art     : Starting a blocking GC Explicit
08-04 15:18:12.881  7266  7266 D CompassActivity: will set rotation from 179.72302 to 179.72919
08-04 15:18:12.881  7266  7266 D CompassActivity: will set rotation from 179.72919 to 179.72827
08-04 15:18:12.901  7266  7266 D CompassActivity: will set rotation from 179.72827 to 179.72021
08-04 15:18:12.902  7266  7266 D CompassActivity: will set rotation from 179.72021 to 179.72113
08-04 15:18:12.920  7266  7266 D CompassActivity: will set rotation from 179.72113 to 179.74554
08-04 15:18:12.921  7266  7266 D CompassActivity: will set rotation from 179.74554 to 179.745
08-04 15:18:12.935  7266  7279 I art     : Explicit concurrent mark sweep GC freed 175(8KB) AllocSpace objects, 0(0B) LOS objects, 6% free, 237MB/253MB, paused 1.250ms total 62.042ms
08-04 15:18:12.940  7266  7266 D CompassActivity: will set rotation from 179.745 to 179.78296
08-04 15:18:12.941  7266  7266 D CompassActivity: will set rotation from 179.78296 to 179.78271
08-04 15:18:12.964  7266  7266 D CompassActivity: will set rotation from 179.78271 to 179.83392
08-04 15:18:12.965  7266  7266 D CompassActivity: will set rotation from 179.83392 to 179.83392
08-04 15:18:12.981  7266  7266 D CompassActivity: will set rotation from 179.83392 to 179.85327
08-04 15:18:12.982  7266  7266 D CompassActivity: will set rotation from 179.85327 to 179.85303
08-04 15:18:13.000  7266  7266 D CompassActivity: will set rotation from 179.85303 to 179.83838
08-04 15:18:13.001  7266  7266 D CompassActivity: will set rotation from 179.83838 to 179.83923
08-04 15:18:13.020  7266  7266 D CompassActivity: will set rotation from 179.83923 to 179.82697
08-04 15:18:13.020  7266  7266 D CompassActivity: will set rotation from 179.82697 to 179.82849
08-04 15:18:13.041  7266  7266 D CompassActivity: will set rotation from 179.82849 to 179.83032
08-04 15:18:13.041  7266  7266 D CompassActivity: will set rotation from 179.83032 to 179.8324
08-04 15:18:13.062  7266  7266 D CompassActivity: will set rotation from 179.8324 to 179.81879
08-04 15:18:13.063  7266  7266 D CompassActivity: will set rotation from 179.81879 to 179.82068
08-04 15:18:13.081  7266  7266 D CompassActivity: will set rotation from 179.82068 to 179.8404
08-04 15:18:13.082  7266  7266 D CompassActivity: will set rotation from 179.8404 to 179.84235
08-04 15:18:13.099  7266  7266 D CompassActivity: will set rotation from 179.84235 to 179.84375
08-04 15:18:13.099  7266  7266 D CompassActivity: will set rotation from 179.84375 to 179.8454
08-04 15:18:13.119  7266  7266 D CompassActivity: will set rotation from 179.8454 to 179.84753
08-04 15:18:13.120  7266  7266 D CompassActivity: will set rotation from 179.84753 to 179.84882
08-04 15:18:13.139  7266  7266 D CompassActivity: will set rotation from 179.84882 to 179.8501
08-04 15:18:13.139  7266  7266 D CompassActivity: will set rotation from 179.8501 to 179.84961
08-04 15:18:13.160  7266  7266 D CompassActivity: will set rotation from 179.84961 to 179.83502
08-04 15:18:13.160  7266  7266 D CompassActivity: will set rotation from 179.83502 to 179.83307
08-04 15:18:13.178  7266  7266 D CompassActivity: will set rotation from 179.83307 to 179.80383
08-04 15:18:13.179  7266  7266 D CompassActivity: will set rotation from 179.80383 to 179.80402
08-04 15:18:13.199  7266  7266 D CompassActivity: will set rotation from 179.80402 to 179.82312
08-04 15:18:13.199  7266  7266 D CompassActivity: will set rotation from 179.82312 to 179.82373
08-04 15:18:13.218  7266  7266 D CompassActivity: will set rotation from 179.82373 to 179.8092
08-04 15:18:13.218  7266  7266 D CompassActivity: will set rotation from 179.8092 to 179.80945
08-04 15:18:13.238  7266  7266 D CompassActivity: will set rotation from 179.80945 to 179.79858
08-04 15:18:13.239  7266  7266 D CompassActivity: will set rotation from 179.79858 to 179.79956
08-04 15:18:13.258  7266  7266 D CompassActivity: will set rotation from 179.79956 to 179.78589
08-04 15:18:13.258  7266  7266 D CompassActivity: will set rotation from 179.78589 to 179.7865
08-04 15:18:13.280  7266  7266 D CompassActivity: will set rotation from 179.7865 to 179.77509
08-04 15:18:13.280  7266  7266 D CompassActivity: will set rotation from 179.77509 to 179.77545
08-04 15:18:13.299  7266  7266 D CompassActivity: will set rotation from 179.77545 to 179.7627
08-04 15:18:13.299  7266  7266 D CompassActivity: will set rotation from 179.7627 to 179.76312
08-04 15:18:13.318  7266  7266 D CompassActivity: will set rotation from 179.76312 to 179.73608
08-04 15:18:13.318  7266  7266 D CompassActivity: will set rotation from 179.73608 to 179.73578
08-04 15:18:13.338  7266  7266 D CompassActivity: will set rotation from 179.73578 to 179.74146
08-04 15:18:13.338  7266  7266 D CompassActivity: will set rotation from 179.74146 to 179.74121
08-04 15:18:13.349  7266  7279 I art     : Starting a blocking GC Explicit
08-04 15:18:13.358  7266  7266 D CompassActivity: will set rotation from 179.74121 to 179.74829
08-04 15:18:13.358  7266  7266 D CompassActivity: will set rotation from 179.74829 to 179.74878
08-04 15:18:13.379  7266  7266 D CompassActivity: will set rotation from 179.74878 to 179.72296
08-04 15:18:13.380  7266  7266 D CompassActivity: will set rotation from 179.72296 to 179.72302
08-04 15:18:13.398  7266  7266 D CompassActivity: will set rotation from 179.72302 to 179.71045
08-04 15:18:13.398  7266  7266 D CompassActivity: will set rotation from 179.71045 to 179.71191
08-04 15:18:13.410  7266  7279 I art     : Explicit concurrent mark sweep GC freed 2050(121KB) AllocSpace objects, 2(48KB) LOS objects, 6% free, 237MB/253MB, paused 1.346ms total 60.727ms
08-04 15:18:13.418  7266  7266 D CompassActivity: will set rotation from 179.71191 to 179.70288
08-04 15:18:13.418  7266  7266 D CompassActivity: will set rotation from 179.70288 to 179.70215
08-04 15:18:13.429  7266  7279 I art     : Starting a blocking GC Explicit
08-04 15:18:13.439  7266  7266 D CompassActivity: will set rotation from 179.70215 to 179.67749
08-04 15:18:13.439  7266  7266 D CompassActivity: will set rotation from 179.67749 to 179.67682
08-04 15:18:13.458  7266  7266 D CompassActivity: will set rotation from 179.67682 to 179.66638
08-04 15:18:13.458  7266  7266 D CompassActivity: will set rotation from 179.66638 to 179.66571
08-04 15:18:13.481  7266  7266 D CompassActivity: will set rotation from 179.66571 to 179.64282
08-04 15:18:13.482  7266  7266 D CompassActivity: will set rotation from 179.64282 to 179.64264
08-04 15:18:13.485  7266  7279 I art     : Explicit concurrent mark sweep GC freed 790(31KB) AllocSpace objects, 0(0B) LOS objects, 6% free, 237MB/253MB, paused 1.295ms total 56.146ms
08-04 15:18:13.499  7266  7266 D CompassActivity: will set rotation from 179.64264 to 179.6372
08-04 15:18:13.499  7266  7266 D CompassActivity: will set rotation from 179.6372 to 179.6388
08-04 15:18:13.505  7266  7279 I art     : Starting a blocking GC Explicit
08-04 15:18:13.518  7266  7266 D CompassActivity: will set rotation from 179.6388 to 179.6322
08-04 15:18:13.519  7266  7266 D CompassActivity: will set rotation from 179.6322 to 179.63171
08-04 15:18:13.538  7266  7266 D CompassActivity: will set rotation from 179.63171 to 179.62775
08-04 15:18:13.538  7266  7266 D CompassActivity: will set rotation from 179.62775 to 179.62646
08-04 15:18:13.563  7266  7279 I art     : Explicit concurrent mark sweep GC freed 161(7KB) AllocSpace objects, 0(0B) LOS objects, 6% free, 237MB/253MB, paused 1.796ms total 57.198ms
08-04 15:18:13.567  7266  7266 D CompassActivity: will set rotation from 179.62646 to 179.63538
08-04 15:18:13.569  7266  7266 D CompassActivity: will set rotation from 179.63538 to 179.63489
08-04 15:18:13.582  7266  7266 D CompassActivity: will set rotation from 179.63489 to 179.61548
08-04 15:18:13.583  7266  7279 I art     : Starting a blocking GC Explicit
08-04 15:18:13.583  7266  7266 D CompassActivity: will set rotation from 179.61548 to 179.61389
08-04 15:18:13.602  7266  7266 D CompassActivity: will set rotation from 179.61389 to 179.62231
08-04 15:18:13.603  7266  7266 D CompassActivity: will set rotation from 179.62231 to 179.62073
08-04 15:18:13.618  7266  7266 D CompassActivity: will set rotation from 179.62073 to 179.61542
08-04 15:18:13.619  7266  7266 D CompassActivity: will set rotation from 179.61542 to 179.61633
08-04 15:18:13.639  7266  7266 D CompassActivity: will set rotation from 179.61633 to 179.61206
08-04 15:18:13.641  7266  7266 D CompassActivity: will set rotation from 179.61206 to 179.61194
08-04 15:18:13.641  7266  7279 I art     : Explicit concurrent mark sweep GC freed 186(8KB) AllocSpace objects, 0(0B) LOS objects, 6% free, 237MB/253MB, paused 1.460ms total 58.604ms
08-04 15:18:13.657  7266  7266 D CompassActivity: will set rotation from 179.61194 to 179.6195
08-04 15:18:13.658  7266  7266 D CompassActivity: will set rotation from 179.6195 to 179.61792
08-04 15:18:13.661  7266  7279 I art     : Starting a blocking GC Explicit
08-04 15:18:13.679  7266  7266 D CompassActivity: will set rotation from 179.61792 to 179.62842
08-04 15:18:13.680  7266  7266 D CompassActivity: will set rotation from 179.62842 to 179.62927
08-04 15:18:13.697  7266  7266 D CompassActivity: will set rotation from 179.62927 to 179.63885
08-04 15:18:13.698  7266  7266 D CompassActivity: will set rotation from 179.63885 to 179.63837
08-04 15:18:13.714  2486  2486 I ServiceManager: Waiting for service AtCmdFwd...
08-04 15:18:13.717  7266  7279 I art     : Explicit concurrent mark sweep GC freed 172(8KB) AllocSpace objects, 0(0B) LOS objects, 6% free, 237MB/253MB, paused 1.215ms total 55.430ms
08-04 15:18:13.717  7266  7266 D CompassActivity: will set rotation from 179.63837 to 179.6167
08-04 15:18:13.718  7266  7266 D CompassActivity: will set rotation from 179.6167 to 179.61566
08-04 15:18:13.737  7266  7266 D CompassActivity: will set rotation from 179.61566 to 179.59454
08-04 15:18:13.737  7266  7266 D CompassActivity: will set rotation from 179.59454 to 179.59412
08-04 15:18:13.757  7266  7266 D CompassActivity: will set rotation from 179.59412 to 179.58948
08-04 15:18:13.757  7266  7266 D CompassActivity: will set rotation from 179.58948 to 179.59045
08-04 15:18:13.768  9763  9763 D AndroidRuntime: >>>>>> START com.android.internal.os.RuntimeInit uid 2000 <<<<<<
08-04 15:18:13.774  9763  9763 D AndroidRuntime: CheckJNI is OFF
08-04 15:18:13.781  7266  7266 D CompassActivity: will set rotation from 179.59045 to 179.61633
08-04 15:18:13.782  7266  7266 D CompassActivity: will set rotation from 179.61633 to 179.62006
08-04 15:18:13.798  7266  7266 D CompassActivity: will set rotation from 179.62006 to 179.59998
08-04 15:18:13.798  7266  7266 D CompassActivity: will set rotation from 179.59998 to 179.60089
08-04 15:18:13.816  9763  9763 D ICU     : No timezone override file found: /data/misc/zoneinfo/current/icu/icu_tzdata.dat
08-04 15:18:13.817  7266  7266 D CompassActivity: will set rotation from 179.60089 to 179.59552
08-04 15:18:13.817  7266  7266 D CompassActivity: will set rotation from 179.59552 to 179.59607
08-04 15:18:13.836  7266  7266 D CompassActivity: will set rotation from 179.59607 to 179.62097
08-04 15:18:13.838  7266  7266 D CompassActivity: will set rotation from 179.62097 to 179.61975
08-04 15:18:13.856  7266  7266 D CompassActivity: will set rotation from 179.61975 to 179.64386
08-04 15:18:13.856  7266  7266 D CompassActivity: will set rotation from 179.64386 to 179.64294
08-04 15:18:13.858  9763  9763 I Radio-JNI: register_android_hardware_Radio DONE
08-04 15:18:13.878  7266  7266 D CompassActivity: will set rotation from 179.64294 to 179.66858
08-04 15:18:13.879  7266  7266 D CompassActivity: will set rotation from 179.66858 to 179.66742
08-04 15:18:13.887  9763  9763 D AndroidRuntime: Calling main entry com.android.commands.input.Input
08-04 15:18:13.889  9763  9763 I Input   : injectKeyEvent: KeyEvent { action=ACTION_DOWN, keyCode=KEYCODE_BACK, scanCode=0, metaState=0, flags=0x0, repeatCount=0, eventTime=717510302, downTime=717510302, deviceId=-1, source=0x101 }
08-04 15:18:13.897  7266  7266 D CompassActivity: will set rotation from 179.66742 to 179.70477
08-04 15:18:13.898  9763  9763 I Input   : injectKeyEvent: KeyEvent { action=ACTION_UP, keyCode=KEYCODE_BACK, scanCode=0, metaState=0, flags=0x0, repeatCount=0, eventTime=717510302, downTime=717510302, deviceId=-1, source=0x101 }
08-04 15:18:13.898  7266  7266 D CompassActivity: will set rotation from 179.70477 to 179.70453
08-04 15:18:13.904  9763  9763 D AndroidRuntime: Shutting down VM
08-04 15:18:13.911   918  6110 I sensors : activate
08-04 15:18:13.912   918  4400 I sensors : activate
08-04 15:18:13.916   918  3188 I hubconnection: sensorhub said: 'activate 1 enable:0'
08-04 15:18:13.918   918  3188 I hubconnection: sensorhub said: 'activate 3 enable:0'
08-04 15:18:13.943  7266  7266 V MainActivity: url = https://project-travel-mate.herokuapp.com/api/number-of-unread-notifications
08-04 15:18:14.057 13866 13866 I GoogleInputMethodServic: GoogleInputMethodService.onFinishInput():3138 
08-04 15:18:14.058 13866 13866 I GoogleInputMethodServic: GoogleInputMethodService.onStartInput():1808 
08-04 15:18:14.129  7266  7279 I art     : Starting a blocking GC Explicit
08-04 15:18:14.182  7266  7279 I art     : Explicit concurrent mark sweep GC freed 2360(130KB) AllocSpace objects, 2(48KB) LOS objects, 6% free, 237MB/253MB, paused 1.336ms total 52.793ms
08-04 15:18:14.201  7266  7279 I art     : Starting a blocking GC Explicit
08-04 15:18:14.254  7266  7279 I art     : Explicit concurrent mark sweep GC freed 400(15KB) AllocSpace objects, 0(0B) LOS objects, 6% free, 237MB/253MB, paused 1.185ms total 53.089ms
08-04 15:18:14.273  7266  7279 I art     : Starting a blocking GC Explicit
08-04 15:18:14.326  7266  7279 I art     : Explicit concurrent mark sweep GC freed 3(96B) AllocSpace objects, 0(0B) LOS objects, 6% free, 237MB/253MB, paused 1.353ms total 52.578ms
08-04 15:18:14.326  7266  7266 D CompassActivity: stop compass
08-04 15:18:14.327   380   380 W SurfaceFlinger: couldn't log to binary event log: overflow.
08-04 15:18:14.346  7266  7279 I art     : Starting a blocking GC Explicit
08-04 15:18:14.400  7266  7279 I art     : Explicit concurrent mark sweep GC freed 22(928B) AllocSpace objects, 0(0B) LOS objects, 6% free, 237MB/253MB, paused 1.372ms total 53.193ms
08-04 15:18:14.419  7266  7279 I art     : Starting a blocking GC Explicit
08-04 15:18:14.498  7266  7279 I art     : Explicit concurrent mark sweep GC freed 1266(81KB) AllocSpace objects, 3(52MB) LOS objects, 7% free, 185MB/201MB, paused 1.407ms total 78.831ms
08-04 15:18:14.715  2486  2486 I ServiceManager: Waiting for service AtCmdFwd...
08-04 15:18:14.821  7266  9794 I NAPPA_EXPERIMENTATION: MetricNetworkRequestExecutionTime: REQUEST_DURATION_SYSTEM='877',REQUEST_DURATION_OKHTTP='26',REQUEST_SYNCHRONOUS='FALSE',RESPONSE_CODE='200',RESPONSE_METHOD='GET',RESPONSE_LENGTH_OKHTTP='36',RESPONSE_LENGTH_HEADER='36',REQUEST_PROTOCOL='http/1.1',REQUEST_URL='https://project-travel-mate.herokuapp.com/api/number-of-unread-notifications',
08-04 15:18:14.908  7266  7327 I art     : Starting a blocking GC Explicit
08-04 15:18:14.983  7266  7327 I art     : Explicit concurrent mark sweep GC freed 4444(242KB) AllocSpace objects, 5(248KB) LOS objects, 7% free, 185MB/201MB, paused 1.516ms total 73.958ms
08-04 15:18:15.006  7266  7327 I art     : Starting a blocking GC Explicit
08-04 15:18:15.071  7266  7327 I art     : Explicit concurrent mark sweep GC freed 972(117KB) AllocSpace objects, 0(0B) LOS objects, 7% free, 185MB/201MB, paused 1.527ms total 64.043ms
08-04 15:18:15.092  7266  7327 I art     : Starting a blocking GC Explicit
08-04 15:18:15.151  7266  7327 I art     : Explicit concurrent mark sweep GC freed 3(96B) AllocSpace objects, 0(0B) LOS objects, 7% free, 185MB/201MB, paused 1.241ms total 58.162ms
08-04 15:18:15.170  7266  7327 I art     : Starting a blocking GC Explicit
08-04 15:18:15.226  7266  7327 I art     : Explicit concurrent mark sweep GC freed 3(96B) AllocSpace objects, 0(0B) LOS objects, 7% free, 185MB/201MB, paused 1.378ms total 54.915ms
08-04 15:18:15.244  7266  7327 I art     : Starting a blocking GC Explicit
08-04 15:18:15.301  7266  7327 I art     : Explicit concurrent mark sweep GC freed 6(192B) AllocSpace objects, 0(0B) LOS objects, 7% free, 185MB/201MB, paused 1.366ms total 56.133ms
08-04 15:18:15.301  7266  7278 I art     : WaitForGcToComplete blocked for 52.795ms for cause HeapTrim
08-04 15:18:15.681  9808  9808 D AndroidRuntime: >>>>>> START com.android.internal.os.RuntimeInit uid 2000 <<<<<<
08-04 15:18:15.686  9808  9808 D AndroidRuntime: CheckJNI is OFF
08-04 15:18:15.715  2486  2486 I ServiceManager: Waiting for service AtCmdFwd...
08-04 15:18:15.722  7266  7326 I art     : Starting a blocking GC Explicit
08-04 15:18:15.729  9808  9808 D ICU     : No timezone override file found: /data/misc/zoneinfo/current/icu/icu_tzdata.dat
08-04 15:18:15.779  9808  9808 I Radio-JNI: register_android_hardware_Radio DONE
08-04 15:18:15.787  7266  7326 I art     : Explicit concurrent mark sweep GC freed 1654(94KB) AllocSpace objects, 2(48KB) LOS objects, 7% free, 185MB/201MB, paused 1.355ms total 64.181ms
08-04 15:18:15.809  7266  7326 I art     : Starting a blocking GC Explicit
08-04 15:18:15.811  9808  9808 D AndroidRuntime: Calling main entry com.android.commands.input.Input
08-04 15:18:15.814  9808  9808 I Input   : injectMotionEvent: MotionEvent { action=ACTION_DOWN, actionButton=0, id[0]=0, x[0]=500.0, y[0]=2000.0, toolType[0]=TOOL_TYPE_UNKNOWN, buttonState=0, metaState=0, flags=0x0, edgeFlags=0x0, pointerCount=1, historySize=0, eventTime=717512226, downTime=717512226, deviceId=0, source=0x1002 }
08-04 15:18:15.821  9808  9808 I Input   : injectMotionEvent: MotionEvent { action=ACTION_MOVE, actionButton=0, id[0]=0, x[0]=500.0, y[0]=2000.0, toolType[0]=TOOL_TYPE_UNKNOWN, buttonState=0, metaState=0, flags=0x0, edgeFlags=0x0, pointerCount=1, historySize=0, eventTime=717512226, downTime=717512226, deviceId=0, source=0x1002 }
08-04 15:18:15.830  9808  9808 I Input   : injectMotionEvent: MotionEvent { action=ACTION_MOVE, actionButton=0, id[0]=0, x[0]=500.0, y[0]=1967.7, toolType[0]=TOOL_TYPE_UNKNOWN, buttonState=0, metaState=0, flags=0x0, edgeFlags=0x0, pointerCount=1, historySize=0, eventTime=717512243, downTime=717512243, deviceId=0, source=0x1002 }
08-04 15:18:15.845  9808  9808 I Input   : injectMotionEvent: MotionEvent { action=ACTION_MOVE, actionButton=0, id[0]=0, x[0]=500.0, y[0]=1937.3, toolType[0]=TOOL_TYPE_UNKNOWN, buttonState=0, metaState=0, flags=0x0, edgeFlags=0x0, pointerCount=1, historySize=0, eventTime=717512259, downTime=717512259, deviceId=0, source=0x1002 }
08-04 15:18:15.868  7266  7326 I art     : Explicit concurrent mark sweep GC freed 55(1936B) AllocSpace objects, 0(0B) LOS objects, 7% free, 185MB/201MB, paused 2.014ms total 58.973ms
08-04 15:18:15.871  9808  9808 I Input   : injectMotionEvent: MotionEvent { action=ACTION_MOVE, actionButton=0, id[0]=0, x[0]=500.0, y[0]=1889.8, toolType[0]=TOOL_TYPE_UNKNOWN, buttonState=0, metaState=0, flags=0x0, edgeFlags=0x0, pointerCount=1, historySize=0, eventTime=717512284, downTime=717512284, deviceId=0, source=0x1002 }
08-04 15:18:15.879  9808  9808 I Input   : injectMotionEvent: MotionEvent { action=ACTION_MOVE, actionButton=0, id[0]=0, x[0]=500.0, y[0]=1874.6, toolType[0]=TOOL_TYPE_UNKNOWN, buttonState=0, metaState=0, flags=0x0, edgeFlags=0x0, pointerCount=1, historySize=0, eventTime=717512292, downTime=717512292, deviceId=0, source=0x1002 }
08-04 15:18:15.887  7266  7326 I art     : Starting a blocking GC Explicit
08-04 15:18:15.896  9808  9808 I Input   : injectMotionEvent: MotionEvent { action=ACTION_MOVE, actionButton=0, id[0]=0, x[0]=500.0, y[0]=1842.3, toolType[0]=TOOL_TYPE_UNKNOWN, buttonState=0, metaState=0, flags=0x0, edgeFlags=0x0, pointerCount=1, historySize=0, eventTime=717512309, downTime=717512309, deviceId=0, source=0x1002 }
08-04 15:18:15.912  9808  9808 I Input   : injectMotionEvent: MotionEvent { action=ACTION_MOVE, actionButton=0, id[0]=0, x[0]=500.0, y[0]=1811.9, toolType[0]=TOOL_TYPE_UNKNOWN, buttonState=0, metaState=0, flags=0x0, edgeFlags=0x0, pointerCount=1, historySize=0, eventTime=717512325, downTime=717512325, deviceId=0, source=0x1002 }
08-04 15:18:15.929  9808  9808 I Input   : injectMotionEvent: MotionEvent { action=ACTION_MOVE, actionButton=0, id[0]=0, x[0]=500.0, y[0]=1779.6, toolType[0]=TOOL_TYPE_UNKNOWN, buttonState=0, metaState=0, flags=0x0, edgeFlags=0x0, pointerCount=1, historySize=0, eventTime=717512342, downTime=717512342, deviceId=0, source=0x1002 }
08-04 15:18:15.945  9808  9808 I Input   : injectMotionEvent: MotionEvent { action=ACTION_MOVE, actionButton=0, id[0]=0, x[0]=500.0, y[0]=1749.2, toolType[0]=TOOL_TYPE_UNKNOWN, buttonState=0, metaState=0, flags=0x0, edgeFlags=0x0, pointerCount=1, historySize=0, eventTime=717512358, downTime=717512358, deviceId=0, source=0x1002 }
08-04 15:18:15.949  7266  7326 I art     : Explicit concurrent mark sweep GC freed 62(2144B) AllocSpace objects, 0(0B) LOS objects, 7% free, 185MB/201MB, paused 1.526ms total 61.768ms
08-04 15:18:15.962  9808  9808 I Input   : injectMotionEvent: MotionEvent { action=ACTION_MOVE, actionButton=0, id[0]=0, x[0]=500.0, y[0]=1716.9, toolType[0]=TOOL_TYPE_UNKNOWN, buttonState=0, metaState=0, flags=0x0, edgeFlags=0x0, pointerCount=1, historySize=0, eventTime=717512375, downTime=717512375, deviceId=0, source=0x1002 }
08-04 15:18:15.970  7266  7326 I art     : Starting a blocking GC Explicit
08-04 15:18:15.979  9808  9808 I Input   : injectMotionEvent: MotionEvent { action=ACTION_MOVE, actionButton=0, id[0]=0, x[0]=500.0, y[0]=1684.6, toolType[0]=TOOL_TYPE_UNKNOWN, buttonState=0, metaState=0, flags=0x0, edgeFlags=0x0, pointerCount=1, historySize=0, eventTime=717512392, downTime=717512392, deviceId=0, source=0x1002 }
08-04 15:18:15.995  9808  9808 I Input   : injectMotionEvent: MotionEvent { action=ACTION_MOVE, actionButton=0, id[0]=0, x[0]=500.0, y[0]=1654.2, toolType[0]=TOOL_TYPE_UNKNOWN, buttonState=0, metaState=0, flags=0x0, edgeFlags=0x0, pointerCount=1, historySize=0, eventTime=717512408, downTime=717512408, deviceId=0, source=0x1002 }
08-04 15:18:16.014  9808  9808 I Input   : injectMotionEvent: MotionEvent { action=ACTION_MOVE, actionButton=0, id[0]=0, x[0]=500.0, y[0]=1618.1, toolType[0]=TOOL_TYPE_UNKNOWN, buttonState=0, metaState=0, flags=0x0, edgeFlags=0x0, pointerCount=1, historySize=0, eventTime=717512427, downTime=717512427, deviceId=0, source=0x1002 }
08-04 15:18:16.028  7266  7326 I art     : Explicit concurrent mark sweep GC freed 33(1584B) AllocSpace objects, 0(0B) LOS objects, 7% free, 185MB/201MB, paused 1.353ms total 57.808ms
08-04 15:18:16.029  9808  9808 I Input   : injectMotionEvent: MotionEvent { action=ACTION_MOVE, actionButton=0, id[0]=0, x[0]=500.0, y[0]=1589.6, toolType[0]=TOOL_TYPE_UNKNOWN, buttonState=0, metaState=0, flags=0x0, edgeFlags=0x0, pointerCount=1, historySize=0, eventTime=717512442, downTime=717512442, deviceId=0, source=0x1002 }
08-04 15:18:16.046  9808  9808 I Input   : injectMotionEvent: MotionEvent { action=ACTION_MOVE, actionButton=0, id[0]=0, x[0]=500.0, y[0]=1557.3, toolType[0]=TOOL_TYPE_UNKNOWN, buttonState=0, metaState=0, flags=0x0, edgeFlags=0x0, pointerCount=1, historySize=0, eventTime=717512459, downTime=717512459, deviceId=0, source=0x1002 }
08-04 15:18:16.050  7266  7326 I art     : Starting a blocking GC Explicit
08-04 15:18:16.063  9808  9808 I Input   : injectMotionEvent: MotionEvent { action=ACTION_MOVE, actionButton=0, id[0]=0, x[0]=500.0, y[0]=1525.0, toolType[0]=TOOL_TYPE_UNKNOWN, buttonState=0, metaState=0, flags=0x0, edgeFlags=0x0, pointerCount=1, historySize=0, eventTime=717512476, downTime=717512476, deviceId=0, source=0x1002 }
08-04 15:18:16.079  9808  9808 I Input   : injectMotionEvent: MotionEvent { action=ACTION_MOVE, actionButton=0, id[0]=0, x[0]=500.0, y[0]=1494.6, toolType[0]=TOOL_TYPE_UNKNOWN, buttonState=0, metaState=0, flags=0x0, edgeFlags=0x0, pointerCount=1, historySize=0, eventTime=717512492, downTime=717512492, deviceId=0, source=0x1002 }
08-04 15:18:16.095  9808  9808 I Input   : injectMotionEvent: MotionEvent { action=ACTION_MOVE, actionButton=0, id[0]=0, x[0]=500.0, y[0]=1464.2, toolType[0]=TOOL_TYPE_UNKNOWN, buttonState=0, metaState=0, flags=0x0, edgeFlags=0x0, pointerCount=1, historySize=0, eventTime=717512508, downTime=717512508, deviceId=0, source=0x1002 }
08-04 15:18:16.111  7266  7326 I art     : Explicit concurrent mark sweep GC freed 16(768B) AllocSpace objects, 0(0B) LOS objects, 7% free, 185MB/201MB, paused 1.310ms total 61ms
08-04 15:18:16.114  9808  9808 I Input   : injectMotionEvent: MotionEvent { action=ACTION_MOVE, actionButton=0, id[0]=0, x[0]=500.0, y[0]=1426.2, toolType[0]=TOOL_TYPE_UNKNOWN, buttonState=0, metaState=0, flags=0x0, edgeFlags=0x0, pointerCount=1, historySize=0, eventTime=717512528, downTime=717512528, deviceId=0, source=0x1002 }
08-04 15:18:16.130  9808  9808 I Input   : injectMotionEvent: MotionEvent { action=ACTION_MOVE, actionButton=0, id[0]=0, x[0]=500.0, y[0]=1397.7, toolType[0]=TOOL_TYPE_UNKNOWN, buttonState=0, metaState=0, flags=0x0, edgeFlags=0x0, pointerCount=1, historySize=0, eventTime=717512543, downTime=717512543, deviceId=0, source=0x1002 }
08-04 15:18:16.146  9808  9808 I Input   : injectMotionEvent: MotionEvent { action=ACTION_MOVE, actionButton=0, id[0]=0, x[0]=500.0, y[0]=1367.3, toolType[0]=TOOL_TYPE_UNKNOWN, buttonState=0, metaState=0, flags=0x0, edgeFlags=0x0, pointerCount=1, historySize=0, eventTime=717512559, downTime=717512559, deviceId=0, source=0x1002 }
08-04 15:18:16.163  9808  9808 I Input   : injectMotionEvent: MotionEvent { action=ACTION_MOVE, actionButton=0, id[0]=0, x[0]=500.0, y[0]=1335.0, toolType[0]=TOOL_TYPE_UNKNOWN, buttonState=0, metaState=0, flags=0x0, edgeFlags=0x0, pointerCount=1, historySize=0, eventTime=717512576, downTime=717512576, deviceId=0, source=0x1002 }
08-04 15:18:16.179  9808  9808 I Input   : injectMotionEvent: MotionEvent { action=ACTION_MOVE, actionButton=0, id[0]=0, x[0]=500.0, y[0]=1304.6001, toolType[0]=TOOL_TYPE_UNKNOWN, buttonState=0, metaState=0, flags=0x0, edgeFlags=0x0, pointerCount=1, historySize=0, eventTime=717512592, downTime=717512592, deviceId=0, source=0x1002 }
08-04 15:18:16.195  9808  9808 I Input   : injectMotionEvent: MotionEvent { action=ACTION_MOVE, actionButton=0, id[0]=0, x[0]=500.0, y[0]=1272.3, toolType[0]=TOOL_TYPE_UNKNOWN, buttonState=0, metaState=0, flags=0x0, edgeFlags=0x0, pointerCount=1, historySize=0, eventTime=717512609, downTime=717512609, deviceId=0, source=0x1002 }
08-04 15:18:16.215  9808  9808 I Input   : injectMotionEvent: MotionEvent { action=ACTION_MOVE, actionButton=0, id[0]=0, x[0]=500.0, y[0]=1236.2, toolType[0]=TOOL_TYPE_UNKNOWN, buttonState=0, metaState=0, flags=0x0, edgeFlags=0x0, pointerCount=1, historySize=0, eventTime=717512628, downTime=717512628, deviceId=0, source=0x1002 }
08-04 15:18:16.234  9808  9808 I Input   : injectMotionEvent: MotionEvent { action=ACTION_MOVE, actionButton=0, id[0]=0, x[0]=500.0, y[0]=1200.1, toolType[0]=TOOL_TYPE_UNKNOWN, buttonState=0, metaState=0, flags=0x0, edgeFlags=0x0, pointerCount=1, historySize=0, eventTime=717512647, downTime=717512647, deviceId=0, source=0x1002 }
08-04 15:18:16.303  9808  9808 I Input   : injectMotionEvent: MotionEvent { action=ACTION_MOVE, actionButton=0, id[0]=0, x[0]=500.0, y[0]=1069.0, toolType[0]=TOOL_TYPE_UNKNOWN, buttonState=0, metaState=0, flags=0x0, edgeFlags=0x0, pointerCount=1, historySize=0, eventTime=717512716, downTime=717512716, deviceId=0, source=0x1002 }
08-04 15:18:16.370  9808  9808 I Input   : injectMotionEvent: MotionEvent { action=ACTION_MOVE, actionButton=0, id[0]=0, x[0]=500.0, y[0]=939.7999, toolType[0]=TOOL_TYPE_UNKNOWN, buttonState=0, metaState=0, flags=0x0, edgeFlags=0x0, pointerCount=1, historySize=0, eventTime=717512784, downTime=717512784, deviceId=0, source=0x1002 }
08-04 15:18:16.432  9808  9808 I Input   : injectMotionEvent: MotionEvent { action=ACTION_MOVE, actionButton=0, id[0]=0, x[0]=500.0, y[0]=823.9, toolType[0]=TOOL_TYPE_UNKNOWN, buttonState=0, metaState=0, flags=0x0, edgeFlags=0x0, pointerCount=1, historySize=0, eventTime=717512845, downTime=717512845, deviceId=0, source=0x1002 }
08-04 15:18:16.495  9808  9808 I Input   : injectMotionEvent: MotionEvent { action=ACTION_MOVE, actionButton=0, id[0]=0, x[0]=500.0, y[0]=704.2001, toolType[0]=TOOL_TYPE_UNKNOWN, buttonState=0, metaState=0, flags=0x0, edgeFlags=0x0, pointerCount=1, historySize=0, eventTime=717512908, downTime=717512908, deviceId=0, source=0x1002 }
08-04 15:18:16.522  7266  7327 I art     : Starting a blocking GC Explicit
08-04 15:18:16.558  9808  9808 I Input   : injectMotionEvent: MotionEvent { action=ACTION_MOVE, actionButton=0, id[0]=0, x[0]=500.0, y[0]=584.5, toolType[0]=TOOL_TYPE_UNKNOWN, buttonState=0, metaState=0, flags=0x0, edgeFlags=0x0, pointerCount=1, historySize=0, eventTime=717512971, downTime=717512971, deviceId=0, source=0x1002 }
08-04 15:18:16.575  7266  7327 I art     : Explicit concurrent mark sweep GC freed 1593(92KB) AllocSpace objects, 2(48KB) LOS objects, 7% free, 185MB/201MB, paused 1.280ms total 53.102ms
08-04 15:18:16.594  7266  7327 I art     : Starting a blocking GC Explicit
08-04 15:18:16.621  9808  9808 I Input   : injectMotionEvent: MotionEvent { action=ACTION_MOVE, actionButton=0, id[0]=0, x[0]=500.0, y[0]=464.79993, toolType[0]=TOOL_TYPE_UNKNOWN, buttonState=0, metaState=0, flags=0x0, edgeFlags=0x0, pointerCount=1, historySize=0, eventTime=717513034, downTime=717513034, deviceId=0, source=0x1002 }
08-04 15:18:16.647  7266  7327 I art     : Explicit concurrent mark sweep GC freed 68(2096B) AllocSpace objects, 0(0B) LOS objects, 7% free, 185MB/201MB, paused 1.256ms total 52.291ms
08-04 15:18:16.666  7266  7327 I art     : Starting a blocking GC Explicit
08-04 15:18:16.688  9808  9808 I Input   : injectMotionEvent: MotionEvent { action=ACTION_MOVE, actionButton=0, id[0]=0, x[0]=500.0, y[0]=337.5, toolType[0]=TOOL_TYPE_UNKNOWN, buttonState=0, metaState=0, flags=0x0, edgeFlags=0x0, pointerCount=1, historySize=0, eventTime=717513101, downTime=717513101, deviceId=0, source=0x1002 }
08-04 15:18:16.716  2486  2486 W Atfwd_Sendcmd: AtCmdFwd service not published, waiting... retryCnt : 1
08-04 15:18:16.721  7266  7327 I art     : Explicit concurrent mark sweep GC freed 10(528B) AllocSpace objects, 0(0B) LOS objects, 7% free, 185MB/201MB, paused 1.269ms total 54.916ms
08-04 15:18:16.741  7266  7327 I art     : Starting a blocking GC Explicit
08-04 15:18:16.788  9808  9808 I Input   : injectMotionEvent: MotionEvent { action=ACTION_MOVE, actionButton=0, id[0]=0, x[0]=500.0, y[0]=145.59998, toolType[0]=TOOL_TYPE_UNKNOWN, buttonState=0, metaState=0, flags=0x0, edgeFlags=0x0, pointerCount=1, historySize=0, eventTime=717513202, downTime=717513202, deviceId=0, source=0x1002 }
08-04 15:18:16.793  7266  7327 I art     : Explicit concurrent mark sweep GC freed 5(160B) AllocSpace objects, 0(0B) LOS objects, 7% free, 185MB/201MB, paused 1.452ms total 52.295ms
08-04 15:18:16.813  7266  7327 I art     : Starting a blocking GC Explicit
08-04 15:18:16.827  9808  9808 I Input   : injectMotionEvent: MotionEvent { action=ACTION_UP, actionButton=0, id[0]=0, x[0]=500.0, y[0]=100.0, toolType[0]=TOOL_TYPE_UNKNOWN, buttonState=0, metaState=0, flags=0x0, edgeFlags=0x0, pointerCount=1, historySize=0, eventTime=717513241, downTime=717513241, deviceId=0, source=0x1002 }
08-04 15:18:16.866  9808  9808 D AndroidRuntime: Shutting down VM
08-04 15:18:16.868  7266  7327 I art     : Explicit concurrent mark sweep GC freed 8(256B) AllocSpace objects, 0(0B) LOS objects, 7% free, 185MB/201MB, paused 1.642ms total 55.258ms
08-04 15:18:17.270  7266  7326 I art     : Starting a blocking GC Explicit
08-04 15:18:17.323  7266  7326 I art     : Explicit concurrent mark sweep GC freed 1591(92KB) AllocSpace objects, 2(48KB) LOS objects, 7% free, 185MB/201MB, paused 1.350ms total 52.423ms
08-04 15:18:17.343  7266  7326 I art     : Starting a blocking GC Explicit
08-04 15:18:17.398  7266  7326 I art     : Explicit concurrent mark sweep GC freed 32(1152B) AllocSpace objects, 0(0B) LOS objects, 7% free, 185MB/201MB, paused 1.509ms total 54.866ms
08-04 15:18:17.418  7266  7326 I art     : Starting a blocking GC Explicit
08-04 15:18:17.470  7266  7326 I art     : Explicit concurrent mark sweep GC freed 6(192B) AllocSpace objects, 0(0B) LOS objects, 7% free, 185MB/201MB, paused 1.492ms total 51.892ms
08-04 15:18:17.490  7266  7326 I art     : Starting a blocking GC Explicit
08-04 15:18:17.543  7266  7326 I art     : Explicit concurrent mark sweep GC freed 5(160B) AllocSpace objects, 0(0B) LOS objects, 7% free, 185MB/201MB, paused 1.267ms total 52.664ms
08-04 15:18:17.563  7266  7326 I art     : Starting a blocking GC Explicit
08-04 15:18:17.616  7266  7326 I art     : Explicit concurrent mark sweep GC freed 40(1088B) AllocSpace objects, 0(0B) LOS objects, 7% free, 185MB/201MB, paused 1.215ms total 52.344ms
08-04 15:18:17.634  9858  9858 D AndroidRuntime: >>>>>> START com.android.internal.os.RuntimeInit uid 2000 <<<<<<
08-04 15:18:17.640  9858  9858 D AndroidRuntime: CheckJNI is OFF
08-04 15:18:17.681  9858  9858 D ICU     : No timezone override file found: /data/misc/zoneinfo/current/icu/icu_tzdata.dat
08-04 15:18:17.723  9858  9858 I Radio-JNI: register_android_hardware_Radio DONE
08-04 15:18:17.753  9858  9858 D AndroidRuntime: Calling main entry com.android.commands.input.Input
08-04 15:18:17.756  9858  9858 I Input   : injectMotionEvent: MotionEvent { action=ACTION_DOWN, actionButton=0, id[0]=0, x[0]=500.0, y[0]=2000.0, toolType[0]=TOOL_TYPE_UNKNOWN, buttonState=0, metaState=0, flags=0x0, edgeFlags=0x0, pointerCount=1, historySize=0, eventTime=717514168, downTime=717514168, deviceId=0, source=0x1002 }
08-04 15:18:17.760  9858  9858 I Input   : injectMotionEvent: MotionEvent { action=ACTION_MOVE, actionButton=0, id[0]=0, x[0]=500.0, y[0]=2000.0, toolType[0]=TOOL_TYPE_UNKNOWN, buttonState=0, metaState=0, flags=0x0, edgeFlags=0x0, pointerCount=1, historySize=0, eventTime=717514168, downTime=717514168, deviceId=0, source=0x1002 }
08-04 15:18:17.765  9858  9858 I Input   : injectMotionEvent: MotionEvent { action=ACTION_MOVE, actionButton=0, id[0]=0, x[0]=500.0, y[0]=1981.0, toolType[0]=TOOL_TYPE_UNKNOWN, buttonState=0, metaState=0, flags=0x0, edgeFlags=0x0, pointerCount=1, historySize=0, eventTime=717514178, downTime=717514178, deviceId=0, source=0x1002 }
08-04 15:18:17.781  9858  9858 I Input   : injectMotionEvent: MotionEvent { action=ACTION_MOVE, actionButton=0, id[0]=0, x[0]=500.0, y[0]=1950.6, toolType[0]=TOOL_TYPE_UNKNOWN, buttonState=0, metaState=0, flags=0x0, edgeFlags=0x0, pointerCount=1, historySize=0, eventTime=717514194, downTime=717514194, deviceId=0, source=0x1002 }
08-04 15:18:17.800  9858  9858 I Input   : injectMotionEvent: MotionEvent { action=ACTION_MOVE, actionButton=0, id[0]=0, x[0]=500.0, y[0]=1914.5, toolType[0]=TOOL_TYPE_UNKNOWN, buttonState=0, metaState=0, flags=0x0, edgeFlags=0x0, pointerCount=1, historySize=0, eventTime=717514213, downTime=717514213, deviceId=0, source=0x1002 }
08-04 15:18:17.814  9858  9858 I Input   : injectMotionEvent: MotionEvent { action=ACTION_MOVE, actionButton=0, id[0]=0, x[0]=500.0, y[0]=1886.0, toolType[0]=TOOL_TYPE_UNKNOWN, buttonState=0, metaState=0, flags=0x0, edgeFlags=0x0, pointerCount=1, historySize=0, eventTime=717514228, downTime=717514228, deviceId=0, source=0x1002 }
08-04 15:18:17.857  9858  9858 I Input   : injectMotionEvent: MotionEvent { action=ACTION_MOVE, actionButton=0, id[0]=0, x[0]=500.0, y[0]=1806.2, toolType[0]=TOOL_TYPE_UNKNOWN, buttonState=0, metaState=0, flags=0x0, edgeFlags=0x0, pointerCount=1, historySize=0, eventTime=717514270, downTime=717514270, deviceId=0, source=0x1002 }
08-04 15:18:17.897  9858  9858 I Input   : injectMotionEvent: MotionEvent { action=ACTION_MOVE, actionButton=0, id[0]=0, x[0]=500.0, y[0]=1730.2, toolType[0]=TOOL_TYPE_UNKNOWN, buttonState=0, metaState=0, flags=0x0, edgeFlags=0x0, pointerCount=1, historySize=0, eventTime=717514310, downTime=717514310, deviceId=0, source=0x1002 }
08-04 15:18:17.936  9858  9858 I Input   : injectMotionEvent: MotionEvent { action=ACTION_MOVE, actionButton=0, id[0]=0, x[0]=500.0, y[0]=1656.1, toolType[0]=TOOL_TYPE_UNKNOWN, buttonState=0, metaState=0, flags=0x0, edgeFlags=0x0, pointerCount=1, historySize=0, eventTime=717514349, downTime=717514349, deviceId=0, source=0x1002 }
08-04 15:18:17.976  9858  9858 I Input   : injectMotionEvent: MotionEvent { action=ACTION_MOVE, actionButton=0, id[0]=0, x[0]=500.0, y[0]=1580.1, toolType[0]=TOOL_TYPE_UNKNOWN, buttonState=0, metaState=0, flags=0x0, edgeFlags=0x0, pointerCount=1, historySize=0, eventTime=717514389, downTime=717514389, deviceId=0, source=0x1002 }
08-04 15:18:18.020  9858  9858 I Input   : injectMotionEvent: MotionEvent { action=ACTION_MOVE, actionButton=0, id[0]=0, x[0]=500.0, y[0]=1496.5, toolType[0]=TOOL_TYPE_UNKNOWN, buttonState=0, metaState=0, flags=0x0, edgeFlags=0x0, pointerCount=1, historySize=0, eventTime=717514433, downTime=717514433, deviceId=0, source=0x1002 }
08-04 15:18:18.023  7266  7280 I art     : Starting a blocking GC Explicit
08-04 15:18:18.062  9858  9858 I Input   : injectMotionEvent: MotionEvent { action=ACTION_MOVE, actionButton=0, id[0]=0, x[0]=500.0, y[0]=1416.7, toolType[0]=TOOL_TYPE_UNKNOWN, buttonState=0, metaState=0, flags=0x0, edgeFlags=0x0, pointerCount=1, historySize=0, eventTime=717514475, downTime=717514475, deviceId=0, source=0x1002 }
08-04 15:18:18.074  7266  7280 I art     : Explicit concurrent mark sweep GC freed 1638(94KB) AllocSpace objects, 2(48KB) LOS objects, 7% free, 185MB/201MB, paused 1.237ms total 51.179ms
08-04 15:18:18.093  7266  7280 I art     : Starting a blocking GC Explicit
08-04 15:18:18.102  9858  9858 I Input   : injectMotionEvent: MotionEvent { action=ACTION_MOVE, actionButton=0, id[0]=0, x[0]=500.0, y[0]=1338.8, toolType[0]=TOOL_TYPE_UNKNOWN, buttonState=0, metaState=0, flags=0x0, edgeFlags=0x0, pointerCount=1, historySize=0, eventTime=717514516, downTime=717514516, deviceId=0, source=0x1002 }
08-04 15:18:18.143  9858  9858 I Input   : injectMotionEvent: MotionEvent { action=ACTION_MOVE, actionButton=0, id[0]=0, x[0]=500.0, y[0]=1262.8, toolType[0]=TOOL_TYPE_UNKNOWN, buttonState=0, metaState=0, flags=0x0, edgeFlags=0x0, pointerCount=1, historySize=0, eventTime=717514556, downTime=717514556, deviceId=0, source=0x1002 }
08-04 15:18:18.148  7266  7280 I art     : Explicit concurrent mark sweep GC freed 42(1696B) AllocSpace objects, 0(0B) LOS objects, 7% free, 185MB/201MB, paused 1.515ms total 54.747ms
08-04 15:18:18.168  7266  7280 I art     : Starting a blocking GC Explicit
08-04 15:18:18.184  9858  9858 I Input   : injectMotionEvent: MotionEvent { action=ACTION_MOVE, actionButton=0, id[0]=0, x[0]=500.0, y[0]=1184.9, toolType[0]=TOOL_TYPE_UNKNOWN, buttonState=0, metaState=0, flags=0x0, edgeFlags=0x0, pointerCount=1, historySize=0, eventTime=717514597, downTime=717514597, deviceId=0, source=0x1002 }
08-04 15:18:18.223  7266  7280 I art     : Explicit concurrent mark sweep GC freed 5(160B) AllocSpace objects, 0(0B) LOS objects, 7% free, 185MB/201MB, paused 1.458ms total 55.085ms
08-04 15:18:18.225  9858  9858 I Input   : injectMotionEvent: MotionEvent { action=ACTION_MOVE, actionButton=0, id[0]=0, x[0]=500.0, y[0]=1107.0, toolType[0]=TOOL_TYPE_UNKNOWN, buttonState=0, metaState=0, flags=0x0, edgeFlags=0x0, pointerCount=1, historySize=0, eventTime=717514638, downTime=717514638, deviceId=0, source=0x1002 }
08-04 15:18:18.242  7266  7280 I art     : Starting a blocking GC Explicit
08-04 15:18:18.265  9858  9858 I Input   : injectMotionEvent: MotionEvent { action=ACTION_MOVE, actionButton=0, id[0]=0, x[0]=500.0, y[0]=1029.1001, toolType[0]=TOOL_TYPE_UNKNOWN, buttonState=0, metaState=0, flags=0x0, edgeFlags=0x0, pointerCount=1, historySize=0, eventTime=717514679, downTime=717514679, deviceId=0, source=0x1002 }
08-04 15:18:18.294  7266  7280 I art     : Explicit concurrent mark sweep GC freed 7(224B) AllocSpace objects, 0(0B) LOS objects, 7% free, 185MB/201MB, paused 1.444ms total 52.665ms
08-04 15:18:18.304  9858  9858 I Input   : injectMotionEvent: MotionEvent { action=ACTION_MOVE, actionButton=0, id[0]=0, x[0]=500.0, y[0]=956.8999, toolType[0]=TOOL_TYPE_UNKNOWN, buttonState=0, metaState=0, flags=0x0, edgeFlags=0x0, pointerCount=1, historySize=0, eventTime=717514717, downTime=717514717, deviceId=0, source=0x1002 }
08-04 15:18:18.313  7266  7280 I art     : Starting a blocking GC Explicit
08-04 15:18:18.345  9858  9858 I Input   : injectMotionEvent: MotionEvent { action=ACTION_MOVE, actionButton=0, id[0]=0, x[0]=500.0, y[0]=879.0, toolType[0]=TOOL_TYPE_UNKNOWN, buttonState=0, metaState=0, flags=0x0, edgeFlags=0x0, pointerCount=1, historySize=0, eventTime=717514758, downTime=717514758, deviceId=0, source=0x1002 }
08-04 15:18:18.366  7266  7280 I art     : Explicit concurrent mark sweep GC freed 7(224B) AllocSpace objects, 0(0B) LOS objects, 7% free, 185MB/201MB, paused 1.306ms total 52.582ms
08-04 15:18:18.386  9858  9858 I Input   : injectMotionEvent: MotionEvent { action=ACTION_MOVE, actionButton=0, id[0]=0, x[0]=500.0, y[0]=801.1, toolType[0]=TOOL_TYPE_UNKNOWN, buttonState=0, metaState=0, flags=0x0, edgeFlags=0x0, pointerCount=1, historySize=0, eventTime=717514799, downTime=717514799, deviceId=0, source=0x1002 }
08-04 15:18:18.422  9858  9858 I Input   : injectMotionEvent: MotionEvent { action=ACTION_MOVE, actionButton=0, id[0]=0, x[0]=500.0, y[0]=732.69995, toolType[0]=TOOL_TYPE_UNKNOWN, buttonState=0, metaState=0, flags=0x0, edgeFlags=0x0, pointerCount=1, historySize=0, eventTime=717514835, downTime=717514835, deviceId=0, source=0x1002 }
08-04 15:18:18.457  9858  9858 I Input   : injectMotionEvent: MotionEvent { action=ACTION_MOVE, actionButton=0, id[0]=0, x[0]=500.0, y[0]=666.19995, toolType[0]=TOOL_TYPE_UNKNOWN, buttonState=0, metaState=0, flags=0x0, edgeFlags=0x0, pointerCount=1, historySize=0, eventTime=717514870, downTime=717514870, deviceId=0, source=0x1002 }
08-04 15:18:18.491  9858  9858 I Input   : injectMotionEvent: MotionEvent { action=ACTION_MOVE, actionButton=0, id[0]=0, x[0]=500.0, y[0]=599.7001, toolType[0]=TOOL_TYPE_UNKNOWN, buttonState=0, metaState=0, flags=0x0, edgeFlags=0x0, pointerCount=1, historySize=0, eventTime=717514905, downTime=717514905, deviceId=0, source=0x1002 }
08-04 15:18:18.526  9858  9858 I Input   : injectMotionEvent: MotionEvent { action=ACTION_MOVE, actionButton=0, id[0]=0, x[0]=500.0, y[0]=535.1, toolType[0]=TOOL_TYPE_UNKNOWN, buttonState=0, metaState=0, flags=0x0, edgeFlags=0x0, pointerCount=1, historySize=0, eventTime=717514939, downTime=717514939, deviceId=0, source=0x1002 }
08-04 15:18:18.562  9858  9858 I Input   : injectMotionEvent: MotionEvent { action=ACTION_MOVE, actionButton=0, id[0]=0, x[0]=500.0, y[0]=466.70007, toolType[0]=TOOL_TYPE_UNKNOWN, buttonState=0, metaState=0, flags=0x0, edgeFlags=0x0, pointerCount=1, historySize=0, eventTime=717514975, downTime=717514975, deviceId=0, source=0x1002 }
08-04 15:18:18.600  9858  9858 I Input   : injectMotionEvent: MotionEvent { action=ACTION_MOVE, actionButton=0, id[0]=0, x[0]=500.0, y[0]=394.5, toolType[0]=TOOL_TYPE_UNKNOWN, buttonState=0, metaState=0, flags=0x0, edgeFlags=0x0, pointerCount=1, historySize=0, eventTime=717515013, downTime=717515013, deviceId=0, source=0x1002 }
08-04 15:18:18.637  9858  9858 I Input   : injectMotionEvent: MotionEvent { action=ACTION_MOVE, actionButton=0, id[0]=0, x[0]=500.0, y[0]=322.29993, toolType[0]=TOOL_TYPE_UNKNOWN, buttonState=0, metaState=0, flags=0x0, edgeFlags=0x0, pointerCount=1, historySize=0, eventTime=717515051, downTime=717515051, deviceId=0, source=0x1002 }
08-04 15:18:18.675  9858  9858 I Input   : injectMotionEvent: MotionEvent { action=ACTION_MOVE, actionButton=0, id[0]=0, x[0]=500.0, y[0]=252.0, toolType[0]=TOOL_TYPE_UNKNOWN, buttonState=0, metaState=0, flags=0x0, edgeFlags=0x0, pointerCount=1, historySize=0, eventTime=717515088, downTime=717515088, deviceId=0, source=0x1002 }
08-04 15:18:18.714  9858  9858 I Input   : injectMotionEvent: MotionEvent { action=ACTION_MOVE, actionButton=0, id[0]=0, x[0]=500.0, y[0]=177.90002, toolType[0]=TOOL_TYPE_UNKNOWN, buttonState=0, metaState=0, flags=0x0, edgeFlags=0x0, pointerCount=1, historySize=0, eventTime=717515127, downTime=717515127, deviceId=0, source=0x1002 }
08-04 15:18:18.754  9858  9858 I Input   : injectMotionEvent: MotionEvent { action=ACTION_MOVE, actionButton=0, id[0]=0, x[0]=500.0, y[0]=101.900024, toolType[0]=TOOL_TYPE_UNKNOWN, buttonState=0, metaState=0, flags=0x0, edgeFlags=0x0, pointerCount=1, historySize=0, eventTime=717515167, downTime=717515167, deviceId=0, source=0x1002 }
08-04 15:18:18.766  7266  7280 I art     : Starting a blocking GC Explicit
08-04 15:18:18.793  9858  9858 I Input   : injectMotionEvent: MotionEvent { action=ACTION_UP, actionButton=0, id[0]=0, x[0]=500.0, y[0]=100.0, toolType[0]=TOOL_TYPE_UNKNOWN, buttonState=0, metaState=0, flags=0x0, edgeFlags=0x0, pointerCount=1, historySize=0, eventTime=717515207, downTime=717515207, deviceId=0, source=0x1002 }
08-04 15:18:18.819  7266  7280 I art     : Explicit concurrent mark sweep GC freed 1661(94KB) AllocSpace objects, 2(48KB) LOS objects, 7% free, 185MB/201MB, paused 1.540ms total 52.443ms
08-04 15:18:18.833  9858  9858 D AndroidRuntime: Shutting down VM
08-04 15:18:18.840  7266  7280 I art     : Starting a blocking GC Explicit
08-04 15:18:18.889  7266  7280 I art     : Explicit concurrent mark sweep GC freed 31(1120B) AllocSpace objects, 0(0B) LOS objects, 7% free, 185MB/201MB, paused 1.271ms total 49.476ms
08-04 15:18:18.908  7266  7280 I art     : Starting a blocking GC Explicit
08-04 15:18:18.966  7266  7280 I art     : Explicit concurrent mark sweep GC freed 5(176B) AllocSpace objects, 0(0B) LOS objects, 7% free, 185MB/201MB, paused 1.313ms total 56.923ms
08-04 15:18:18.985  7266  7280 I art     : Starting a blocking GC Explicit
08-04 15:18:19.044  7266  7280 I art     : Explicit concurrent mark sweep GC freed 14(720B) AllocSpace objects, 0(0B) LOS objects, 7% free, 185MB/201MB, paused 1.247ms total 58.676ms
08-04 15:18:19.064  7266  7280 I art     : Starting a blocking GC Explicit
08-04 15:18:19.118  7266  7280 I art     : Explicit concurrent mark sweep GC freed 14(672B) AllocSpace objects, 0(0B) LOS objects, 7% free, 185MB/201MB, paused 1.405ms total 54.143ms
08-04 15:18:19.169   518   646 I ThermalEngine: ACTION: GPU - Setting GPU[0] to 390000000
08-04 15:18:19.579  7266  7326 I art     : Starting a blocking GC Explicit
08-04 15:18:19.650  7266  7326 I art     : Explicit concurrent mark sweep GC freed 1623(93KB) AllocSpace objects, 2(48KB) LOS objects, 7% free, 185MB/201MB, paused 2.811ms total 70.784ms
08-04 15:18:19.676  7266  7326 I art     : Starting a blocking GC Explicit
08-04 15:18:19.718  9897  9897 D AndroidRuntime: >>>>>> START com.android.internal.os.RuntimeInit uid 2000 <<<<<<
08-04 15:18:19.724  9897  9897 D AndroidRuntime: CheckJNI is OFF
08-04 15:18:19.746  7266  7326 I art     : Explicit concurrent mark sweep GC freed 28(1024B) AllocSpace objects, 0(0B) LOS objects, 7% free, 185MB/201MB, paused 2.008ms total 69.068ms
08-04 15:18:19.772  7266  7326 I art     : Starting a blocking GC Explicit
08-04 15:18:19.782  9897  9897 D ICU     : No timezone override file found: /data/misc/zoneinfo/current/icu/icu_tzdata.dat
08-04 15:18:19.825  9897  9897 I Radio-JNI: register_android_hardware_Radio DONE
08-04 15:18:19.841  7266  7326 I art     : Explicit concurrent mark sweep GC freed 3(96B) AllocSpace objects, 0(0B) LOS objects, 7% free, 185MB/201MB, paused 2.074ms total 68.455ms
08-04 15:18:19.858  9897  9897 D AndroidRuntime: Calling main entry com.android.commands.input.Input
08-04 15:18:19.861  9897  9897 I Input   : injectMotionEvent: MotionEvent { action=ACTION_DOWN, actionButton=0, id[0]=0, x[0]=657.0, y[0]=2080.0, toolType[0]=TOOL_TYPE_UNKNOWN, buttonState=0, metaState=0, flags=0x0, edgeFlags=0x0, pointerCount=1, historySize=0, eventTime=717516274, downTime=717516274, deviceId=0, source=0x1002 }
08-04 15:18:19.867  9897  9897 I Input   : injectMotionEvent: MotionEvent { action=ACTION_UP, actionButton=0, id[0]=0, x[0]=657.0, y[0]=2080.0, toolType[0]=TOOL_TYPE_UNKNOWN, buttonState=0, metaState=0, flags=0x0, edgeFlags=0x0, pointerCount=1, historySize=0, eventTime=717516274, downTime=717516274, deviceId=0, source=0x1002 }
08-04 15:18:19.868  7266  7326 I art     : Starting a blocking GC Explicit
08-04 15:18:19.871   918  4413 I ActivityManager: START u0 {cmp=baseline.io.github.project_travel_mate/.utilities.UpcomingWeekendsActivity} from uid 10650 on display 0
08-04 15:18:19.871  9897  9897 D AndroidRuntime: Shutting down VM
08-04 15:18:19.873   512  2967 D audio_hw_primary: out_set_parameters: enter: usecase(1: low-latency-playback) kvpairs: routing=2
08-04 15:18:19.887   512  2967 D audio_hw_primary: select_devices: out_snd_device(2: speaker) in_snd_device(0: none)
08-04 15:18:19.887   512  2967 D msm8974_platform: platform_send_audio_calibration: sending audio calibration for snd_device(2) acdb_id(15)
08-04 15:18:19.888   512  2967 I soundtrigger: audio_extn_sound_trigger_update_device_status: device 0x2 of type 0 for Event 1
08-04 15:18:19.902   512  2967 D audio_hw_primary: enable_snd_device: snd_device(2: speaker)
08-04 15:18:19.904   512  2967 D audio_hw_primary: enable_audio_route: apply and update mixer path: low-latency-playback speaker
08-04 15:18:19.917  7266  7347 D Gabe    : call	returning from cache
08-04 15:18:19.921  7266  7266 V EXECUTING: https://project-travel-mate.herokuapp.com/api/get-upcoming-holidays/2020
08-04 15:18:19.924  7266  7266 V EXECUTING: https://project-travel-mate.herokuapp.com/api/get-upcoming-holidays/2020
08-04 15:18:19.940  7266  7326 I art     : Explicit concurrent mark sweep GC freed 662(36KB) AllocSpace objects, 0(0B) LOS objects, 7% free, 186MB/202MB, paused 2.565ms total 70.974ms
08-04 15:18:19.965  7266  7326 I art     : Starting a blocking GC Explicit
08-04 15:18:20.016 13866 13866 I GoogleInputMethodServic: GoogleInputMethodService.onFinishInput():3138 
08-04 15:18:20.016 13866 13866 I GoogleInputMethodServic: GoogleInputMethodService.onStartInput():1808 
08-04 15:18:20.033  7266  7326 I art     : Explicit concurrent mark sweep GC freed 1074(62KB) AllocSpace objects, 0(0B) LOS objects, 7% free, 190MB/206MB, paused 2.581ms total 68.097ms
08-04 15:18:20.119   918   936 I ActivityManager: Displayed baseline.io.github.project_travel_mate/.utilities.UpcomingWeekendsActivity: +228ms
08-04 15:18:20.368   380   380 W SurfaceFlinger: couldn't log to binary event log: overflow.
08-04 15:18:20.449   512  2967 D audio_hw_primary: disable_audio_route: reset and update mixer path: low-latency-playback speaker
08-04 15:18:20.450   512  2967 D audio_hw_primary: disable_snd_device: snd_device(2: speaker)
08-04 15:18:20.458   512  2967 I soundtrigger: audio_extn_sound_trigger_update_device_status: device 0x2 of type 0 for Event 0
08-04 15:18:20.495  7266  7279 I art     : Starting a blocking GC Explicit
08-04 15:18:20.569  7266  7279 I art     : Explicit concurrent mark sweep GC freed 7413(373KB) AllocSpace objects, 8(448KB) LOS objects, 7% free, 190MB/206MB, paused 2.230ms total 74.070ms
08-04 15:18:20.591  7266  9922 I NAPPA_EXPERIMENTATION: MetricNetworkRequestExecutionTime: REQUEST_DURATION_SYSTEM='665',REQUEST_DURATION_OKHTTP='46',REQUEST_SYNCHRONOUS='FALSE',RESPONSE_CODE='200',RESPONSE_METHOD='GET',RESPONSE_LENGTH_OKHTTP='6426',RESPONSE_LENGTH_HEADER='6426',REQUEST_PROTOCOL='http/1.1',REQUEST_URL='https://project-travel-mate.herokuapp.com/api/get-upcoming-holidays/2020',
08-04 15:18:20.592  7266  7279 I art     : Starting a blocking GC Explicit
08-04 15:18:20.603  7266  9921 I NAPPA_EXPERIMENTATION: MetricNetworkRequestExecutionTime: REQUEST_DURATION_SYSTEM='681',REQUEST_DURATION_OKHTTP='60',REQUEST_SYNCHRONOUS='FALSE',RESPONSE_CODE='200',RESPONSE_METHOD='GET',RESPONSE_LENGTH_OKHTTP='6426',RESPONSE_LENGTH_HEADER='6426',REQUEST_PROTOCOL='http/1.1',REQUEST_URL='https://project-travel-mate.herokuapp.com/api/get-upcoming-holidays/2020',
08-04 15:18:20.657  7266  7279 I art     : Explicit concurrent mark sweep GC freed 2352(260KB) AllocSpace objects, 3(48KB) LOS objects, 7% free, 190MB/206MB, paused 2.044ms total 64.205ms
08-04 15:18:20.680  7266  7279 I art     : Starting a blocking GC Explicit
08-04 15:18:20.699  7266  7266 V Response: [{"month":"January","date":1,"day":"Wednesday","name":"New Year's Day","type":"Restricted"},{"month":"January","date":2,"day":"Thursday","name":"Guru Govind Singh Jayanti","type":"Restricted"},{"month":"January","date":14,"day":"Tuesday","name":"Lohri","type":"Restricted"},{"month":"January","date":15,"day":"Wednesday","name":"Pongal","type":"Restricted"},{"month":"January","date":15,"day":"Wednesday","name":"Makar Sankranti","type":"Restricted"},{"month":"January","date":25,"day":"Saturday","name":"Chinese New Year","type":"Observance"},{"month":"January","date":26,"day":"Sunday","name":"Republic Day","type":"Gazetted"},{"month":"January","date":30,"day":"Thursday","name":"Vasant Panchami","type":"Restricted"},{"month":"February","date":9,"day":"Sunday","name":"Guru Ravidas Jayanti","type":"Restricted"},{"month":"February","date":14,"day":"Friday","name":"Valentine's Day","type":"Observance"},{"month":"February","date":18,"day":"Tuesday","name":"Maharishi Dayanand Saraswati Jayanti","type":"Restricted"},{"month":"February","date":19,"day":"Wednesday","name":"Shivaji Jayanti","type":"Restricted"},{"month":"February","date":21,"day":"Friday","name":"Maha Shivaratri/Shivaratri","type":"Gazetted"},{"month":"March","date":9,"day":"Monday","name":"Holika Dahana","type":"Restricted"},{"month":"March","date":9,"day":"Monday","name":"Hazarat Ali's Birthday","type":"Restricted"},{"month":"March","date":10,"day":"Tuesday","name":"Holi","type":"Gazetted"},{"month":"March","date":20,"day":"Friday","name":"March Equinox","type":"Season"},{"month":"March","date":25,"day":"Wednesday","name":"Chaitra Sukhladi","type":"Restricted"},{"month":"April","date":2,"day":"Thursday","name":"Rama Navami","type":"Gazetted"},{"month":"April","date":6,"day":"Monday","name":"Mahavir Jayanti","type":"Gazetted"},{"month":"April","date":9,"day":"Thursday","name":"First day of Passover","type":"Observance"},{"month":"April","date":9,"day":"Thursday","name":"Maundy Thursday","type":"Observance,"},{"month":"April","date":10,"day":"Friday","name":"Good Friday","type":"Gazetted"},{"month":"April","date":12,"day":"Sunday","name":"Easter Day","type":"Restricted"},{"month":"April","date":13,"day":"Monday","name":"Vaisakhi","type":"Restricted"},{"month":"April","date":14,"day":"Tuesday","name":"Mesadi/Vaisakhadi","type":"Restricted"},{"month":"April","date":14,"day":"Tuesday","name":"Ambedkar Jayanti","type":"Central"},{"month":"May","date":1,"day":"Friday","name":"May Day","type":"Observance"},{"month":"May","date":7,"day":"Thursday","name":"Buddha Purnima/Vesak","type":"Gazetted"},{"month":"May","date":7,"day":"Thursday","name":"Birthday of Ravindranath","type":"Restricted"},{"month":"May","date":10,"day":"Sunday","name":"Mother's Day","type":"Observance"},{"month":"May","date":22,"day":"Friday","name":"Jamat Ul-Vida","type":"Restricted"},{"month":"May","date":25,"day":"Monday","name":"Ramzan Id/Eid-ul-Fitar","type":"Gazetted"},{"month":"May","date":25,"day":"Monday","name":"Ramzan Id/Eid-ul-Fitar","type":"Muslim,"},{"month":"June","date":21,"day":"Sunday","name":"June Solstice","type":"Season"},{"month":"June","date":21,"day":"Sunday","name":"Father's Day","type":"Observance"},{"month":"June","date":23,"day":"Tuesday","name":"Rath Yatra","type":"Restricted"},{"month":"July","date":5,"day":"Sunday","name":"Guru Purnima","type":"Observance"},{"month":"July","date":31,"day":"Friday","name":"Bakr Id/Eid ul-Adha","type":"Gazetted"},{"month":"August","date":2,"day":"Sunday","name":"Friendship Day","type":"Observance"},{"month":"August","date":3,"day":"Monday","name":"Raksha Bandhan (Rakhi)","type":"Restricted"},{"month":"August","date":11,"day":"Tuesday","name":"Janmashtami (Smarta)","type":"Restricted"},{"month":"August","date":12,"day":"Wednesday","name":"Janmashtami","type":"Gazetted"},{"month":"August","date":15,"day":"Saturday","name":"Independence Day","type":"Gazetted"},{"month":"August","date":16,"day":"Sunday","name":"Parsi New Year","type":"Restricted"},{"month":"August","date":22,"day":"Saturday","name":"Ganesh Chaturthi/Vin
08-04 15:18:20.704  7266  7266 V Response: [{"month":"January","date":1,"day":"Wednesday","name":"New Year's Day","type":"Restricted"},{"month":"January","date":2,"day":"Thursday","name":"Guru Govind Singh Jayanti","type":"Restricted"},{"month":"January","date":14,"day":"Tuesday","name":"Lohri","type":"Restricted"},{"month":"January","date":15,"day":"Wednesday","name":"Pongal","type":"Restricted"},{"month":"January","date":15,"day":"Wednesday","name":"Makar Sankranti","type":"Restricted"},{"month":"January","date":25,"day":"Saturday","name":"Chinese New Year","type":"Observance"},{"month":"January","date":26,"day":"Sunday","name":"Republic Day","type":"Gazetted"},{"month":"January","date":30,"day":"Thursday","name":"Vasant Panchami","type":"Restricted"},{"month":"February","date":9,"day":"Sunday","name":"Guru Ravidas Jayanti","type":"Restricted"},{"month":"February","date":14,"day":"Friday","name":"Valentine's Day","type":"Observance"},{"month":"February","date":18,"day":"Tuesday","name":"Maharishi Dayanand Saraswati Jayanti","type":"Restricted"},{"month":"February","date":19,"day":"Wednesday","name":"Shivaji Jayanti","type":"Restricted"},{"month":"February","date":21,"day":"Friday","name":"Maha Shivaratri/Shivaratri","type":"Gazetted"},{"month":"March","date":9,"day":"Monday","name":"Holika Dahana","type":"Restricted"},{"month":"March","date":9,"day":"Monday","name":"Hazarat Ali's Birthday","type":"Restricted"},{"month":"March","date":10,"day":"Tuesday","name":"Holi","type":"Gazetted"},{"month":"March","date":20,"day":"Friday","name":"March Equinox","type":"Season"},{"month":"March","date":25,"day":"Wednesday","name":"Chaitra Sukhladi","type":"Restricted"},{"month":"April","date":2,"day":"Thursday","name":"Rama Navami","type":"Gazetted"},{"month":"April","date":6,"day":"Monday","name":"Mahavir Jayanti","type":"Gazetted"},{"month":"April","date":9,"day":"Thursday","name":"First day of Passover","type":"Observance"},{"month":"April","date":9,"day":"Thursday","name":"Maundy Thursday","type":"Observance,"},{"month":"April","date":10,"day":"Friday","name":"Good Friday","type":"Gazetted"},{"month":"April","date":12,"day":"Sunday","name":"Easter Day","type":"Restricted"},{"month":"April","date":13,"day":"Monday","name":"Vaisakhi","type":"Restricted"},{"month":"April","date":14,"day":"Tuesday","name":"Mesadi/Vaisakhadi","type":"Restricted"},{"month":"April","date":14,"day":"Tuesday","name":"Ambedkar Jayanti","type":"Central"},{"month":"May","date":1,"day":"Friday","name":"May Day","type":"Observance"},{"month":"May","date":7,"day":"Thursday","name":"Buddha Purnima/Vesak","type":"Gazetted"},{"month":"May","date":7,"day":"Thursday","name":"Birthday of Ravindranath","type":"Restricted"},{"month":"May","date":10,"day":"Sunday","name":"Mother's Day","type":"Observance"},{"month":"May","date":22,"day":"Friday","name":"Jamat Ul-Vida","type":"Restricted"},{"month":"May","date":25,"day":"Monday","name":"Ramzan Id/Eid-ul-Fitar","type":"Gazetted"},{"month":"May","date":25,"day":"Monday","name":"Ramzan Id/Eid-ul-Fitar","type":"Muslim,"},{"month":"June","date":21,"day":"Sunday","name":"June Solstice","type":"Season"},{"month":"June","date":21,"day":"Sunday","name":"Father's Day","type":"Observance"},{"month":"June","date":23,"day":"Tuesday","name":"Rath Yatra","type":"Restricted"},{"month":"July","date":5,"day":"Sunday","name":"Guru Purnima","type":"Observance"},{"month":"July","date":31,"day":"Friday","name":"Bakr Id/Eid ul-Adha","type":"Gazetted"},{"month":"August","date":2,"day":"Sunday","name":"Friendship Day","type":"Observance"},{"month":"August","date":3,"day":"Monday","name":"Raksha Bandhan (Rakhi)","type":"Restricted"},{"month":"August","date":11,"day":"Tuesday","name":"Janmashtami (Smarta)","type":"Restricted"},{"month":"August","date":12,"day":"Wednesday","name":"Janmashtami","type":"Gazetted"},{"month":"August","date":15,"day":"Saturday","name":"Independence Day","type":"Gazetted"},{"month":"August","date":16,"day":"Sunday","name":"Parsi New Year","type":"Restricted"},{"month":"August","date":22,"day":"Saturday","name":"Ganesh Chaturthi/Vin
08-04 15:18:20.746  7266  7279 I art     : Explicit concurrent mark sweep GC freed 6715(243KB) AllocSpace objects, 0(0B) LOS objects, 7% free, 190MB/206MB, paused 2.381ms total 65.092ms
08-04 15:18:20.769  7266  7279 I art     : Starting a blocking GC Explicit
08-04 15:18:20.839  7266  7279 I art     : Explicit concurrent mark sweep GC freed 2716(97KB) AllocSpace objects, 0(0B) LOS objects, 7% free, 191MB/207MB, paused 2.139ms total 69.531ms
08-04 15:18:20.839  7266  7278 I art     : WaitForGcToComplete blocked for 52.014ms for cause HeapTrim
08-04 15:18:20.866  7266  7279 I art     : Starting a blocking GC Explicit
08-04 15:18:20.942  7266  7279 I art     : Explicit concurrent mark sweep GC freed 335(10KB) AllocSpace objects, 1(4MB) LOS objects, 7% free, 186MB/202MB, paused 2.135ms total 75.686ms
08-04 15:18:21.397  7266  7327 I art     : Starting a blocking GC Explicit
08-04 15:18:21.477  7266  7327 I art     : Explicit concurrent mark sweep GC freed 2375(105KB) AllocSpace objects, 2(48KB) LOS objects, 7% free, 186MB/202MB, paused 2.108ms total 79.237ms
08-04 15:18:21.505  7266  7327 I art     : Starting a blocking GC Explicit
08-04 15:18:21.584  7266  7327 I art     : Explicit concurrent mark sweep GC freed 194(4KB) AllocSpace objects, 0(0B) LOS objects, 7% free, 186MB/202MB, paused 2.075ms total 78.274ms
08-04 15:18:21.612  7266  7327 I art     : Starting a blocking GC Explicit
08-04 15:18:21.691  7266  7327 I art     : Explicit concurrent mark sweep GC freed 208(3KB) AllocSpace objects, 0(0B) LOS objects, 7% free, 186MB/202MB, paused 2.263ms total 78.846ms
08-04 15:18:21.716  2486  2486 I ServiceManager: Waiting for service AtCmdFwd...
08-04 15:18:21.719  7266  7327 I art     : Starting a blocking GC Explicit
08-04 15:18:21.797  7266  7327 I art     : Explicit concurrent mark sweep GC freed 147(2496B) AllocSpace objects, 0(0B) LOS objects, 7% free, 186MB/202MB, paused 2.019ms total 78.198ms
08-04 15:18:21.825  7266  7327 I art     : Starting a blocking GC Explicit
08-04 15:18:21.904  7266  7327 I art     : Explicit concurrent mark sweep GC freed 147(2496B) AllocSpace objects, 0(0B) LOS objects, 7% free, 186MB/202MB, paused 2.193ms total 78.347ms
08-04 15:18:22.173   518   646 I ThermalEngine: ACTION: GPU - Setting GPU[0] to 450000000
08-04 15:18:22.356  7266  7326 I art     : Starting a blocking GC Explicit
08-04 15:18:22.426  7266  7326 I art     : Explicit concurrent mark sweep GC freed 2378(105KB) AllocSpace objects, 2(48KB) LOS objects, 7% free, 186MB/202MB, paused 1.455ms total 69.837ms
08-04 15:18:22.448  7266  7326 I art     : Starting a blocking GC Explicit
08-04 15:18:22.513  7266  7326 I art     : Explicit concurrent mark sweep GC freed 173(3KB) AllocSpace objects, 0(0B) LOS objects, 7% free, 186MB/202MB, paused 1.387ms total 63.874ms
08-04 15:18:22.532  7266  7326 I art     : Starting a blocking GC Explicit
08-04 15:18:22.597  7266  7326 I art     : Explicit concurrent mark sweep GC freed 159(3056B) AllocSpace objects, 0(0B) LOS objects, 7% free, 186MB/202MB, paused 1.406ms total 63.759ms
08-04 15:18:22.616  7266  7326 I art     : Starting a blocking GC Explicit
08-04 15:18:22.683  7266  7326 I art     : Explicit concurrent mark sweep GC freed 124(2128B) AllocSpace objects, 0(0B) LOS objects, 7% free, 186MB/202MB, paused 1.373ms total 66.495ms
08-04 15:18:22.703  7266  7326 I art     : Starting a blocking GC Explicit
08-04 15:18:22.717  2486  2486 I ServiceManager: Waiting for service AtCmdFwd...
08-04 15:18:22.770  7266  7326 I art     : Explicit concurrent mark sweep GC freed 122(2064B) AllocSpace objects, 0(0B) LOS objects, 7% free, 186MB/202MB, paused 1.435ms total 67.292ms
08-04 15:18:23.198  7266  7280 I art     : Starting a blocking GC Explicit
08-04 15:18:23.267  7266  7280 I art     : Explicit concurrent mark sweep GC freed 2308(103KB) AllocSpace objects, 2(48KB) LOS objects, 7% free, 186MB/202MB, paused 1.429ms total 67.889ms
08-04 15:18:23.287  7266  7280 I art     : Starting a blocking GC Explicit
08-04 15:18:23.353  7266  7280 I art     : Explicit concurrent mark sweep GC freed 147(2992B) AllocSpace objects, 0(0B) LOS objects, 7% free, 186MB/202MB, paused 1.455ms total 65.506ms
08-04 15:18:23.373  7266  7280 I art     : Starting a blocking GC Explicit
08-04 15:18:23.439  7266  7280 I art     : Explicit concurrent mark sweep GC freed 124(2128B) AllocSpace objects, 0(0B) LOS objects, 7% free, 186MB/202MB, paused 1.499ms total 65.272ms
08-04 15:18:23.459  7266  7280 I art     : Starting a blocking GC Explicit
08-04 15:18:23.529  7266  7280 I art     : Explicit concurrent mark sweep GC freed 146(2464B) AllocSpace objects, 0(0B) LOS objects, 7% free, 186MB/202MB, paused 1.537ms total 69.262ms
08-04 15:18:23.549  7266  7280 I art     : Starting a blocking GC Explicit
08-04 15:18:23.616  7266  7280 I art     : Explicit concurrent mark sweep GC freed 161(3KB) AllocSpace objects, 0(0B) LOS objects, 7% free, 186MB/202MB, paused 1.534ms total 66.187ms
08-04 15:18:23.718  2486  2486 I ServiceManager: Waiting for service AtCmdFwd...
08-04 15:18:23.846   918  3261 D WifiStateMachine: starting scan for "H369AA63323"WPA_PSK with 2412,5180
08-04 15:18:24.075  7266  7279 I art     : Starting a blocking GC Explicit
08-04 15:18:24.139  7266  7279 I art     : Explicit concurrent mark sweep GC freed 2342(104KB) AllocSpace objects, 2(48KB) LOS objects, 7% free, 186MB/202MB, paused 1.372ms total 62.869ms
08-04 15:18:24.158  7266  7279 I art     : Starting a blocking GC Explicit
08-04 15:18:24.214  7266  7279 I art     : Explicit concurrent mark sweep GC freed 158(3KB) AllocSpace objects, 0(0B) LOS objects, 7% free, 186MB/202MB, paused 1.363ms total 55.750ms
08-04 15:18:24.234  7266  7279 I art     : Starting a blocking GC Explicit
08-04 15:18:24.295  7266  7279 I art     : Explicit concurrent mark sweep GC freed 122(2064B) AllocSpace objects, 0(0B) LOS objects, 7% free, 186MB/202MB, paused 1.418ms total 60.560ms
08-04 15:18:24.315  7266  7279 I art     : Starting a blocking GC Explicit
08-04 15:18:24.381  7266  7279 I art     : Explicit concurrent mark sweep GC freed 124(2128B) AllocSpace objects, 0(0B) LOS objects, 7% free, 186MB/202MB, paused 1.502ms total 65.495ms
08-04 15:18:24.401  7266  7279 I art     : Starting a blocking GC Explicit
08-04 15:18:24.464  7266  7279 I art     : Explicit concurrent mark sweep GC freed 122(2064B) AllocSpace objects, 0(0B) LOS objects, 7% free, 186MB/202MB, paused 1.473ms total 62.560ms
08-04 15:18:24.673  9975  9975 D AndroidRuntime: >>>>>> START com.android.internal.os.RuntimeInit uid 2000 <<<<<<
08-04 15:18:24.678  9975  9975 D AndroidRuntime: CheckJNI is OFF
08-04 15:18:24.718  9975  9975 D ICU     : No timezone override file found: /data/misc/zoneinfo/current/icu/icu_tzdata.dat
08-04 15:18:24.718  2486  2486 I ServiceManager: Waiting for service AtCmdFwd...
08-04 15:18:24.760  9975  9975 I Radio-JNI: register_android_hardware_Radio DONE
08-04 15:18:24.789  9975  9975 D AndroidRuntime: Calling main entry com.android.commands.input.Input
08-04 15:18:24.791  9975  9975 I Input   : injectKeyEvent: KeyEvent { action=ACTION_DOWN, keyCode=KEYCODE_BACK, scanCode=0, metaState=0, flags=0x0, repeatCount=0, eventTime=717521204, downTime=717521204, deviceId=-1, source=0x101 }
08-04 15:18:24.796  9975  9975 I Input   : injectKeyEvent: KeyEvent { action=ACTION_UP, keyCode=KEYCODE_BACK, scanCode=0, metaState=0, flags=0x0, repeatCount=0, eventTime=717521204, downTime=717521204, deviceId=-1, source=0x101 }
08-04 15:18:24.807  9975  9975 D AndroidRuntime: Shutting down VM
08-04 15:18:24.822  7266  7266 V MainActivity: url = https://project-travel-mate.herokuapp.com/api/number-of-unread-notifications
08-04 15:18:24.852 13866 13866 I GoogleInputMethodServic: GoogleInputMethodService.onFinishInput():3138 
08-04 15:18:24.853 13866 13866 I GoogleInputMethodServic: GoogleInputMethodService.onStartInput():1808 
08-04 15:18:24.903  7266  7326 I art     : Starting a blocking GC Explicit
08-04 15:18:24.959  7266  7326 I art     : Explicit concurrent mark sweep GC freed 2687(124KB) AllocSpace objects, 2(48KB) LOS objects, 7% free, 186MB/202MB, paused 1.718ms total 55.226ms
08-04 15:18:24.978  7266  7326 I art     : Starting a blocking GC Explicit
08-04 15:18:25.032  7266  7326 I art     : Explicit concurrent mark sweep GC freed 218(5KB) AllocSpace objects, 0(0B) LOS objects, 7% free, 186MB/202MB, paused 1.347ms total 53.036ms
08-04 15:18:25.051  7266  7326 I art     : Starting a blocking GC Explicit
08-04 15:18:25.113  7266  7326 I art     : Explicit concurrent mark sweep GC freed 153(3KB) AllocSpace objects, 0(0B) LOS objects, 7% free, 186MB/202MB, paused 1.651ms total 61.362ms
08-04 15:18:25.134  7266  7326 I art     : Starting a blocking GC Explicit
08-04 15:18:25.188   380   380 W SurfaceFlinger: couldn't log to binary event log: overflow.
08-04 15:18:25.200  7266  7326 I art     : Explicit concurrent mark sweep GC freed 139(2800B) AllocSpace objects, 0(0B) LOS objects, 7% free, 186MB/202MB, paused 1.363ms total 65.552ms
08-04 15:18:25.220  7266  7326 I art     : Starting a blocking GC Explicit
08-04 15:18:25.281  7266  7326 I art     : Explicit concurrent mark sweep GC freed 13(496B) AllocSpace objects, 1(188KB) LOS objects, 7% free, 186MB/202MB, paused 1.541ms total 60.734ms
08-04 15:18:25.375  7266  9998 I NAPPA_EXPERIMENTATION: MetricNetworkRequestExecutionTime: REQUEST_DURATION_SYSTEM='552',REQUEST_DURATION_OKHTTP='31',REQUEST_SYNCHRONOUS='FALSE',RESPONSE_CODE='200',RESPONSE_METHOD='GET',RESPONSE_LENGTH_OKHTTP='36',RESPONSE_LENGTH_HEADER='36',REQUEST_PROTOCOL='http/1.1',REQUEST_URL='https://project-travel-mate.herokuapp.com/api/number-of-unread-notifications',
08-04 15:18:25.692  7266  7327 I art     : Starting a blocking GC Explicit
08-04 15:18:25.719  2486  2486 I ServiceManager: Waiting for service AtCmdFwd...
08-04 15:18:25.772  7266  7327 I art     : Explicit concurrent mark sweep GC freed 11056(601KB) AllocSpace objects, 18(512KB) LOS objects, 7% free, 186MB/202MB, paused 1.793ms total 80.305ms
08-04 15:18:25.797  7266  7327 I art     : Starting a blocking GC Explicit
08-04 15:18:25.856  7266  7327 I art     : Explicit concurrent mark sweep GC freed 962(117KB) AllocSpace objects, 0(0B) LOS objects, 7% free, 186MB/202MB, paused 1.434ms total 58.672ms
08-04 15:18:25.876  7266  7327 I art     : Starting a blocking GC Explicit
08-04 15:18:25.906   918 13197 D NetworkMonitor/NetworkAgentInfo [WIFI () - 158]: Checking http://connectivitycheck.gstatic.com/generate_204 on "H369AA63323", 192.168.2.12=192.168.2.12
08-04 15:18:25.938  7266  7327 I art     : Explicit concurrent mark sweep GC freed 3(96B) AllocSpace objects, 0(0B) LOS objects, 7% free, 186MB/202MB, paused 1.430ms total 61.341ms
08-04 15:18:25.951   918 13197 D NetworkMonitor/NetworkAgentInfo [WIFI () - 158]: Probably not a portal: exception java.io.IOException: unexpected end of stream on Connection{connectivitycheck.gstatic.com:80, proxy=HTTP@/192.168.2.12:8080 hostAddress=192.168.2.12 cipherSuite=none protocol=http/1.1} (recycle count=0)
08-04 15:18:25.952   918  3263 D ConnectivityService: NetworkAgentInfo [WIFI () - 158] validation failed
08-04 15:18:25.953   918  3261 E WifiConfigStore:  rewrite network history for "H369AA63323"WPA_PSK
08-04 15:18:25.957  7266  7327 I art     : Starting a blocking GC Explicit
08-04 15:18:26.018  7266  7327 I art     : Explicit concurrent mark sweep GC freed 3(96B) AllocSpace objects, 0(0B) LOS objects, 7% free, 186MB/202MB, paused 1.552ms total 60.193ms
08-04 15:18:26.018  7266  7278 I art     : WaitForGcToComplete blocked for 60.507ms for cause HeapTrim
08-04 15:18:26.038  7266  7327 I art     : Starting a blocking GC Explicit
08-04 15:18:26.095  7266  7327 I art     : Explicit concurrent mark sweep GC freed 3(96B) AllocSpace objects, 0(0B) LOS objects, 7% free, 186MB/202MB, paused 1.450ms total 57.029ms
08-04 15:18:26.505  7266  7280 I art     : Starting a blocking GC Explicit
08-04 15:18:26.565  7266  7280 I art     : Explicit concurrent mark sweep GC freed 1592(92KB) AllocSpace objects, 2(48KB) LOS objects, 7% free, 186MB/202MB, paused 1.436ms total 59.445ms
08-04 15:18:26.569 10012 10012 D AndroidRuntime: >>>>>> START com.android.internal.os.RuntimeInit uid 2000 <<<<<<
08-04 15:18:26.574 10012 10012 D AndroidRuntime: CheckJNI is OFF
08-04 15:18:26.587  7266  7280 I art     : Starting a blocking GC Explicit
08-04 15:18:26.613 10012 10012 D ICU     : No timezone override file found: /data/misc/zoneinfo/current/icu/icu_tzdata.dat
08-04 15:18:26.641  7266  7280 I art     : Explicit concurrent mark sweep GC freed 69(2144B) AllocSpace objects, 0(0B) LOS objects, 7% free, 186MB/202MB, paused 1.341ms total 54.009ms
08-04 15:18:26.653 10012 10012 I Radio-JNI: register_android_hardware_Radio DONE
08-04 15:18:26.664  7266  7280 I art     : Starting a blocking GC Explicit
08-04 15:18:26.682 10012 10012 D AndroidRuntime: Calling main entry com.android.commands.input.Input
08-04 15:18:26.684 10012 10012 I Input   : injectMotionEvent: MotionEvent { action=ACTION_DOWN, actionButton=0, id[0]=0, x[0]=657.0, y[0]=2080.0, toolType[0]=TOOL_TYPE_UNKNOWN, buttonState=0, metaState=0, flags=0x0, edgeFlags=0x0, pointerCount=1, historySize=0, eventTime=717523096, downTime=717523096, deviceId=0, source=0x1002 }
08-04 15:18:26.701 10012 10012 I Input   : injectMotionEvent: MotionEvent { action=ACTION_UP, actionButton=0, id[0]=0, x[0]=657.0, y[0]=2080.0, toolType[0]=TOOL_TYPE_UNKNOWN, buttonState=0, metaState=0, flags=0x0, edgeFlags=0x0, pointerCount=1, historySize=0, eventTime=717523096, downTime=717523096, deviceId=0, source=0x1002 }
08-04 15:18:26.718  7266  7280 I art     : Explicit concurrent mark sweep GC freed 5(160B) AllocSpace objects, 0(0B) LOS objects, 7% free, 186MB/202MB, paused 1.513ms total 54.095ms
08-04 15:18:26.719  2486  2486 W Atfwd_Sendcmd: AtCmdFwd service not published, waiting... retryCnt : 2
08-04 15:18:26.739  7266  7280 I art     : Starting a blocking GC Explicit
08-04 15:18:26.741 10012 10012 D AndroidRuntime: Shutting down VM
08-04 15:18:26.777   918  6029 I ActivityManager: START u0 {cmp=baseline.io.github.project_travel_mate/.utilities.UpcomingWeekendsActivity} from uid 10650 on display 0
08-04 15:18:26.778   512  2967 D audio_hw_primary: out_set_parameters: enter: usecase(1: low-latency-playback) kvpairs: routing=2
08-04 15:18:26.791   512  2967 D audio_hw_primary: select_devices: out_snd_device(2: speaker) in_snd_device(0: none)
08-04 15:18:26.791   512  2967 D msm8974_platform: platform_send_audio_calibration: sending audio calibration for snd_device(2) acdb_id(15)
08-04 15:18:26.792   512  2967 I soundtrigger: audio_extn_sound_trigger_update_device_status: device 0x2 of type 0 for Event 1
08-04 15:18:26.793  7266  7280 I art     : Explicit concurrent mark sweep GC freed 50(2096B) AllocSpace objects, 0(0B) LOS objects, 7% free, 186MB/202MB, paused 1.889ms total 53.951ms
08-04 15:18:26.800   512  2967 D audio_hw_primary: enable_snd_device: snd_device(2: speaker)
08-04 15:18:26.802   512  2967 D audio_hw_primary: enable_audio_route: apply and update mixer path: low-latency-playback speaker
08-04 15:18:26.807  7266  7347 D Gabe    : call	returning from cache
08-04 15:18:26.810  7266  7266 V EXECUTING: https://project-travel-mate.herokuapp.com/api/get-upcoming-holidays/2020
08-04 15:18:26.813  7266  7266 V EXECUTING: https://project-travel-mate.herokuapp.com/api/get-upcoming-holidays/2020
08-04 15:18:26.815  7266  7280 I art     : Starting a blocking GC Explicit
08-04 15:18:26.868  7266  7280 I art     : Explicit concurrent mark sweep GC freed 1028(72KB) AllocSpace objects, 0(0B) LOS objects, 7% free, 186MB/202MB, paused 1.654ms total 52.764ms
08-04 15:18:26.904 13866 13866 I GoogleInputMethodServic: GoogleInputMethodService.onFinishInput():3138 
08-04 15:18:26.905 13866 13866 I GoogleInputMethodServic: GoogleInputMethodService.onStartInput():1808 
08-04 15:18:26.998   918   936 I ActivityManager: Displayed baseline.io.github.project_travel_mate/.utilities.UpcomingWeekendsActivity: +214ms
08-04 15:18:27.253  7266  7279 I art     : Starting a blocking GC Explicit
08-04 15:18:27.257   380   380 W SurfaceFlinger: couldn't log to binary event log: overflow.
08-04 15:18:27.308  7266  7279 I art     : Explicit concurrent mark sweep GC freed 2804(131KB) AllocSpace objects, 2(48KB) LOS objects, 7% free, 190MB/206MB, paused 1.489ms total 54.693ms
08-04 15:18:27.327  7266  7279 I art     : Starting a blocking GC Explicit
08-04 15:18:27.339   512  2967 D audio_hw_primary: disable_audio_route: reset and update mixer path: low-latency-playback speaker
08-04 15:18:27.340   512  2967 D audio_hw_primary: disable_snd_device: snd_device(2: speaker)
08-04 15:18:27.348   512  2967 I soundtrigger: audio_extn_sound_trigger_update_device_status: device 0x2 of type 0 for Event 0
08-04 15:18:27.388  7266  7279 I art     : Explicit concurrent mark sweep GC freed 250(6KB) AllocSpace objects, 0(0B) LOS objects, 7% free, 190MB/206MB, paused 1.924ms total 61.044ms
08-04 15:18:27.408  7266  7279 I art     : Starting a blocking GC Explicit
08-04 15:18:27.463  7266  7279 I art     : Explicit concurrent mark sweep GC freed 41(912B) AllocSpace objects, 0(0B) LOS objects, 7% free, 190MB/206MB, paused 1.793ms total 54.811ms
08-04 15:18:27.482  7266  7279 I art     : Starting a blocking GC Explicit
08-04 15:18:27.536  7266  7279 I art     : Explicit concurrent mark sweep GC freed 152(3KB) AllocSpace objects, 0(0B) LOS objects, 7% free, 190MB/206MB, paused 1.612ms total 53.847ms
08-04 15:18:27.555  7266  7279 I art     : Starting a blocking GC Explicit
08-04 15:18:27.611  7266  7279 I art     : Explicit concurrent mark sweep GC freed 5284(267KB) AllocSpace objects, 6(400KB) LOS objects, 7% free, 191MB/207MB, paused 2.145ms total 56.566ms
08-04 15:18:27.627  7266 10037 I NAPPA_EXPERIMENTATION: MetricNetworkRequestExecutionTime: REQUEST_DURATION_SYSTEM='813',REQUEST_DURATION_OKHTTP='31',REQUEST_SYNCHRONOUS='FALSE',RESPONSE_CODE='200',RESPONSE_METHOD='GET',RESPONSE_LENGTH_OKHTTP='6426',RESPONSE_LENGTH_HEADER='6426',REQUEST_PROTOCOL='http/1.1',REQUEST_URL='https://project-travel-mate.herokuapp.com/api/get-upcoming-holidays/2020',
08-04 15:18:27.648  7266 10036 I NAPPA_EXPERIMENTATION: MetricNetworkRequestExecutionTime: REQUEST_DURATION_SYSTEM='836',REQUEST_DURATION_OKHTTP='46',REQUEST_SYNCHRONOUS='FALSE',RESPONSE_CODE='200',RESPONSE_METHOD='GET',RESPONSE_LENGTH_OKHTTP='6426',RESPONSE_LENGTH_HEADER='6426',REQUEST_PROTOCOL='http/1.1',REQUEST_URL='https://project-travel-mate.herokuapp.com/api/get-upcoming-holidays/2020',
08-04 15:18:27.726  7266  7266 V Response: [{"month":"January","date":1,"day":"Wednesday","name":"New Year's Day","type":"Restricted"},{"month":"January","date":2,"day":"Thursday","name":"Guru Govind Singh Jayanti","type":"Restricted"},{"month":"January","date":14,"day":"Tuesday","name":"Lohri","type":"Restricted"},{"month":"January","date":15,"day":"Wednesday","name":"Pongal","type":"Restricted"},{"month":"January","date":15,"day":"Wednesday","name":"Makar Sankranti","type":"Restricted"},{"month":"January","date":25,"day":"Saturday","name":"Chinese New Year","type":"Observance"},{"month":"January","date":26,"day":"Sunday","name":"Republic Day","type":"Gazetted"},{"month":"January","date":30,"day":"Thursday","name":"Vasant Panchami","type":"Restricted"},{"month":"February","date":9,"day":"Sunday","name":"Guru Ravidas Jayanti","type":"Restricted"},{"month":"February","date":14,"day":"Friday","name":"Valentine's Day","type":"Observance"},{"month":"February","date":18,"day":"Tuesday","name":"Maharishi Dayanand Saraswati Jayanti","type":"Restricted"},{"month":"February","date":19,"day":"Wednesday","name":"Shivaji Jayanti","type":"Restricted"},{"month":"February","date":21,"day":"Friday","name":"Maha Shivaratri/Shivaratri","type":"Gazetted"},{"month":"March","date":9,"day":"Monday","name":"Holika Dahana","type":"Restricted"},{"month":"March","date":9,"day":"Monday","name":"Hazarat Ali's Birthday","type":"Restricted"},{"month":"March","date":10,"day":"Tuesday","name":"Holi","type":"Gazetted"},{"month":"March","date":20,"day":"Friday","name":"March Equinox","type":"Season"},{"month":"March","date":25,"day":"Wednesday","name":"Chaitra Sukhladi","type":"Restricted"},{"month":"April","date":2,"day":"Thursday","name":"Rama Navami","type":"Gazetted"},{"month":"April","date":6,"day":"Monday","name":"Mahavir Jayanti","type":"Gazetted"},{"month":"April","date":9,"day":"Thursday","name":"First day of Passover","type":"Observance"},{"month":"April","date":9,"day":"Thursday","name":"Maundy Thursday","type":"Observance,"},{"month":"April","date":10,"day":"Friday","name":"Good Friday","type":"Gazetted"},{"month":"April","date":12,"day":"Sunday","name":"Easter Day","type":"Restricted"},{"month":"April","date":13,"day":"Monday","name":"Vaisakhi","type":"Restricted"},{"month":"April","date":14,"day":"Tuesday","name":"Mesadi/Vaisakhadi","type":"Restricted"},{"month":"April","date":14,"day":"Tuesday","name":"Ambedkar Jayanti","type":"Central"},{"month":"May","date":1,"day":"Friday","name":"May Day","type":"Observance"},{"month":"May","date":7,"day":"Thursday","name":"Buddha Purnima/Vesak","type":"Gazetted"},{"month":"May","date":7,"day":"Thursday","name":"Birthday of Ravindranath","type":"Restricted"},{"month":"May","date":10,"day":"Sunday","name":"Mother's Day","type":"Observance"},{"month":"May","date":22,"day":"Friday","name":"Jamat Ul-Vida","type":"Restricted"},{"month":"May","date":25,"day":"Monday","name":"Ramzan Id/Eid-ul-Fitar","type":"Gazetted"},{"month":"May","date":25,"day":"Monday","name":"Ramzan Id/Eid-ul-Fitar","type":"Muslim,"},{"month":"June","date":21,"day":"Sunday","name":"June Solstice","type":"Season"},{"month":"June","date":21,"day":"Sunday","name":"Father's Day","type":"Observance"},{"month":"June","date":23,"day":"Tuesday","name":"Rath Yatra","type":"Restricted"},{"month":"July","date":5,"day":"Sunday","name":"Guru Purnima","type":"Observance"},{"month":"July","date":31,"day":"Friday","name":"Bakr Id/Eid ul-Adha","type":"Gazetted"},{"month":"August","date":2,"day":"Sunday","name":"Friendship Day","type":"Observance"},{"month":"August","date":3,"day":"Monday","name":"Raksha Bandhan (Rakhi)","type":"Restricted"},{"month":"August","date":11,"day":"Tuesday","name":"Janmashtami (Smarta)","type":"Restricted"},{"month":"August","date":12,"day":"Wednesday","name":"Janmashtami","type":"Gazetted"},{"month":"August","date":15,"day":"Saturday","name":"Independence Day","type":"Gazetted"},{"month":"August","date":16,"day":"Sunday","name":"Parsi New Year","type":"Restricted"},{"month":"August","date":22,"day":"Saturday","name":"Ganesh Chaturthi/Vin
08-04 15:18:27.730  7266  7266 V Response: [{"month":"January","date":1,"day":"Wednesday","name":"New Year's Day","type":"Restricted"},{"month":"January","date":2,"day":"Thursday","name":"Guru Govind Singh Jayanti","type":"Restricted"},{"month":"January","date":14,"day":"Tuesday","name":"Lohri","type":"Restricted"},{"month":"January","date":15,"day":"Wednesday","name":"Pongal","type":"Restricted"},{"month":"January","date":15,"day":"Wednesday","name":"Makar Sankranti","type":"Restricted"},{"month":"January","date":25,"day":"Saturday","name":"Chinese New Year","type":"Observance"},{"month":"January","date":26,"day":"Sunday","name":"Republic Day","type":"Gazetted"},{"month":"January","date":30,"day":"Thursday","name":"Vasant Panchami","type":"Restricted"},{"month":"February","date":9,"day":"Sunday","name":"Guru Ravidas Jayanti","type":"Restricted"},{"month":"February","date":14,"day":"Friday","name":"Valentine's Day","type":"Observance"},{"month":"February","date":18,"day":"Tuesday","name":"Maharishi Dayanand Saraswati Jayanti","type":"Restricted"},{"month":"February","date":19,"day":"Wednesday","name":"Shivaji Jayanti","type":"Restricted"},{"month":"February","date":21,"day":"Friday","name":"Maha Shivaratri/Shivaratri","type":"Gazetted"},{"month":"March","date":9,"day":"Monday","name":"Holika Dahana","type":"Restricted"},{"month":"March","date":9,"day":"Monday","name":"Hazarat Ali's Birthday","type":"Restricted"},{"month":"March","date":10,"day":"Tuesday","name":"Holi","type":"Gazetted"},{"month":"March","date":20,"day":"Friday","name":"March Equinox","type":"Season"},{"month":"March","date":25,"day":"Wednesday","name":"Chaitra Sukhladi","type":"Restricted"},{"month":"April","date":2,"day":"Thursday","name":"Rama Navami","type":"Gazetted"},{"month":"April","date":6,"day":"Monday","name":"Mahavir Jayanti","type":"Gazetted"},{"month":"April","date":9,"day":"Thursday","name":"First day of Passover","type":"Observance"},{"month":"April","date":9,"day":"Thursday","name":"Maundy Thursday","type":"Observance,"},{"month":"April","date":10,"day":"Friday","name":"Good Friday","type":"Gazetted"},{"month":"April","date":12,"day":"Sunday","name":"Easter Day","type":"Restricted"},{"month":"April","date":13,"day":"Monday","name":"Vaisakhi","type":"Restricted"},{"month":"April","date":14,"day":"Tuesday","name":"Mesadi/Vaisakhadi","type":"Restricted"},{"month":"April","date":14,"day":"Tuesday","name":"Ambedkar Jayanti","type":"Central"},{"month":"May","date":1,"day":"Friday","name":"May Day","type":"Observance"},{"month":"May","date":7,"day":"Thursday","name":"Buddha Purnima/Vesak","type":"Gazetted"},{"month":"May","date":7,"day":"Thursday","name":"Birthday of Ravindranath","type":"Restricted"},{"month":"May","date":10,"day":"Sunday","name":"Mother's Day","type":"Observance"},{"month":"May","date":22,"day":"Friday","name":"Jamat Ul-Vida","type":"Restricted"},{"month":"May","date":25,"day":"Monday","name":"Ramzan Id/Eid-ul-Fitar","type":"Gazetted"},{"month":"May","date":25,"day":"Monday","name":"Ramzan Id/Eid-ul-Fitar","type":"Muslim,"},{"month":"June","date":21,"day":"Sunday","name":"June Solstice","type":"Season"},{"month":"June","date":21,"day":"Sunday","name":"Father's Day","type":"Observance"},{"month":"June","date":23,"day":"Tuesday","name":"Rath Yatra","type":"Restricted"},{"month":"July","date":5,"day":"Sunday","name":"Guru Purnima","type":"Observance"},{"month":"July","date":31,"day":"Friday","name":"Bakr Id/Eid ul-Adha","type":"Gazetted"},{"month":"August","date":2,"day":"Sunday","name":"Friendship Day","type":"Observance"},{"month":"August","date":3,"day":"Monday","name":"Raksha Bandhan (Rakhi)","type":"Restricted"},{"month":"August","date":11,"day":"Tuesday","name":"Janmashtami (Smarta)","type":"Restricted"},{"month":"August","date":12,"day":"Wednesday","name":"Janmashtami","type":"Gazetted"},{"month":"August","date":15,"day":"Saturday","name":"Independence Day","type":"Gazetted"},{"month":"August","date":16,"day":"Sunday","name":"Parsi New Year","type":"Restricted"},{"month":"August","date":22,"day":"Saturday","name":"Ganesh Chaturthi/Vin
08-04 15:18:27.995  7266  7279 I art     : Starting a blocking GC Explicit
08-04 15:18:28.065  7266  7279 I art     : Explicit concurrent mark sweep GC freed 13491(690KB) AllocSpace objects, 6(4MB) LOS objects, 7% free, 187MB/203MB, paused 1.649ms total 69.184ms
08-04 15:18:28.085  7266  7279 I art     : Starting a blocking GC Explicit
08-04 15:18:28.149  7266  7279 I art     : Explicit concurrent mark sweep GC freed 448(15KB) AllocSpace objects, 0(0B) LOS objects, 7% free, 187MB/203MB, paused 1.515ms total 63.811ms
08-04 15:18:28.169  7266  7279 I art     : Starting a blocking GC Explicit
08-04 15:18:28.233  7266  7279 I art     : Explicit concurrent mark sweep GC freed 123(2096B) AllocSpace objects, 0(0B) LOS objects, 7% free, 187MB/203MB, paused 1.417ms total 63.293ms
08-04 15:18:28.253  7266  7279 I art     : Starting a blocking GC Explicit
08-04 15:18:28.321  7266  7279 I art     : Explicit concurrent mark sweep GC freed 123(2096B) AllocSpace objects, 0(0B) LOS objects, 7% free, 187MB/203MB, paused 1.417ms total 67.602ms
08-04 15:18:28.342  7266  7279 I art     : Starting a blocking GC Explicit
08-04 15:18:28.414  7266  7279 I art     : Explicit concurrent mark sweep GC freed 146(2464B) AllocSpace objects, 0(0B) LOS objects, 7% free, 187MB/203MB, paused 1.682ms total 71.742ms
08-04 15:18:28.848  7266  7326 I art     : Starting a blocking GC Explicit
08-04 15:18:28.920  7266  7326 I art     : Explicit concurrent mark sweep GC freed 2344(104KB) AllocSpace objects, 2(48KB) LOS objects, 7% free, 187MB/203MB, paused 1.628ms total 71.276ms
08-04 15:18:28.944  7266  7326 I art     : Starting a blocking GC Explicit
08-04 15:18:29.010  7266  7326 I art     : Explicit concurrent mark sweep GC freed 147(2992B) AllocSpace objects, 0(0B) LOS objects, 7% free, 187MB/203MB, paused 1.497ms total 65.575ms
08-04 15:18:29.030  7266  7326 I art     : Starting a blocking GC Explicit
08-04 15:18:29.097  7266  7326 I art     : Explicit concurrent mark sweep GC freed 136(2320B) AllocSpace objects, 0(0B) LOS objects, 7% free, 187MB/203MB, paused 1.665ms total 66.760ms
08-04 15:18:29.117  7266  7326 I art     : Starting a blocking GC Explicit
08-04 15:18:29.186  7266  7326 I art     : Explicit concurrent mark sweep GC freed 135(2304B) AllocSpace objects, 0(0B) LOS objects, 7% free, 187MB/203MB, paused 1.423ms total 68.185ms
08-04 15:18:29.206  7266  7326 I art     : Starting a blocking GC Explicit
08-04 15:18:29.272  7266  7326 I art     : Explicit concurrent mark sweep GC freed 123(2096B) AllocSpace objects, 0(0B) LOS objects, 7% free, 187MB/203MB, paused 1.520ms total 66.013ms
08-04 15:18:29.734  7266  7327 I art     : Starting a blocking GC Explicit
08-04 15:18:29.807  7266  7327 I art     : Explicit concurrent mark sweep GC freed 2391(105KB) AllocSpace objects, 2(48KB) LOS objects, 7% free, 187MB/203MB, paused 1.542ms total 72.575ms
08-04 15:18:29.831  7266  7327 I art     : Starting a blocking GC Explicit
08-04 15:18:29.897  7266  7327 I art     : Explicit concurrent mark sweep GC freed 165(3KB) AllocSpace objects, 0(0B) LOS objects, 7% free, 187MB/203MB, paused 1.649ms total 65.117ms
08-04 15:18:29.917  7266  7327 I art     : Starting a blocking GC Explicit
08-04 15:18:29.983  7266  7327 I art     : Explicit concurrent mark sweep GC freed 152(2976B) AllocSpace objects, 0(0B) LOS objects, 7% free, 187MB/203MB, paused 1.439ms total 66.127ms
08-04 15:18:30.004  7266  7327 I art     : Starting a blocking GC Explicit
08-04 15:18:30.072  7266  7327 I art     : Explicit concurrent mark sweep GC freed 124(2128B) AllocSpace objects, 0(0B) LOS objects, 7% free, 187MB/203MB, paused 1.536ms total 68.271ms
08-04 15:18:30.093  7266  7327 I art     : Starting a blocking GC Explicit
08-04 15:18:30.163  7266  7327 I art     : Explicit concurrent mark sweep GC freed 125(2128B) AllocSpace objects, 0(0B) LOS objects, 7% free, 187MB/203MB, paused 1.725ms total 70.005ms
08-04 15:18:30.590  7266  7280 I art     : Starting a blocking GC Explicit
08-04 15:18:30.660  7266  7280 I art     : Explicit concurrent mark sweep GC freed 2341(104KB) AllocSpace objects, 2(48KB) LOS objects, 7% free, 187MB/203MB, paused 1.557ms total 69.334ms
08-04 15:18:30.680  7266  7280 I art     : Starting a blocking GC Explicit
08-04 15:18:30.748  7266  7280 I art     : Explicit concurrent mark sweep GC freed 153(3KB) AllocSpace objects, 0(0B) LOS objects, 7% free, 187MB/203MB, paused 1.764ms total 67.610ms
08-04 15:18:30.769  7266  7280 I art     : Starting a blocking GC Explicit
08-04 15:18:30.839  7266  7280 I art     : Explicit concurrent mark sweep GC freed 141(2400B) AllocSpace objects, 0(0B) LOS objects, 7% free, 187MB/203MB, paused 1.642ms total 69.840ms
08-04 15:18:30.861  7266  7280 I art     : Starting a blocking GC Explicit
08-04 15:18:30.932  7266  7280 I art     : Explicit concurrent mark sweep GC freed 143(2416B) AllocSpace objects, 0(0B) LOS objects, 7% free, 187MB/203MB, paused 1.503ms total 70.232ms
08-04 15:18:30.953  7266  7280 I art     : Starting a blocking GC Explicit
08-04 15:18:31.017  7266  7280 I art     : Explicit concurrent mark sweep GC freed 139(2832B) AllocSpace objects, 0(0B) LOS objects, 7% free, 187MB/203MB, paused 1.443ms total 64.335ms
08-04 15:18:31.430  7266  7279 I art     : Starting a blocking GC Explicit
08-04 15:18:31.496  7266  7279 I art     : Explicit concurrent mark sweep GC freed 2268(103KB) AllocSpace objects, 2(48KB) LOS objects, 7% free, 187MB/203MB, paused 1.497ms total 65.329ms
08-04 15:18:31.516  7266  7279 I art     : Starting a blocking GC Explicit
08-04 15:18:31.527 10091 10091 D AndroidRuntime: >>>>>> START com.android.internal.os.RuntimeInit uid 2000 <<<<<<
08-04 15:18:31.533 10091 10091 D AndroidRuntime: CheckJNI is OFF
08-04 15:18:31.577 10091 10091 D ICU     : No timezone override file found: /data/misc/zoneinfo/current/icu/icu_tzdata.dat
08-04 15:18:31.579  7266  7279 I art     : Explicit concurrent mark sweep GC freed 149(3056B) AllocSpace objects, 0(0B) LOS objects, 7% free, 187MB/203MB, paused 1.523ms total 62.816ms
08-04 15:18:31.599  7266  7279 I art     : Starting a blocking GC Explicit
08-04 15:18:31.623 10091 10091 I Radio-JNI: register_android_hardware_Radio DONE
08-04 15:18:31.652 10091 10091 D AndroidRuntime: Calling main entry com.android.commands.input.Input
08-04 15:18:31.654 10091 10091 I Input   : injectKeyEvent: KeyEvent { action=ACTION_DOWN, keyCode=KEYCODE_BACK, scanCode=0, metaState=0, flags=0x0, repeatCount=0, eventTime=717528067, downTime=717528067, deviceId=-1, source=0x101 }
08-04 15:18:31.660  7266  7279 I art     : Explicit concurrent mark sweep GC freed 160(3KB) AllocSpace objects, 0(0B) LOS objects, 7% free, 187MB/203MB, paused 1.467ms total 60.895ms
08-04 15:18:31.661 10091 10091 I Input   : injectKeyEvent: KeyEvent { action=ACTION_UP, keyCode=KEYCODE_BACK, scanCode=0, metaState=0, flags=0x0, repeatCount=0, eventTime=717528067, downTime=717528067, deviceId=-1, source=0x101 }
08-04 15:18:31.668 10091 10091 D AndroidRuntime: Shutting down VM
08-04 15:18:31.679  7266  7266 V MainActivity: url = https://project-travel-mate.herokuapp.com/api/number-of-unread-notifications
08-04 15:18:31.679  7266  7279 I art     : Starting a blocking GC Explicit
08-04 15:18:31.708 13866 13866 I GoogleInputMethodServic: GoogleInputMethodService.onFinishInput():3138 
08-04 15:18:31.709 13866 13866 I GoogleInputMethodServic: GoogleInputMethodService.onStartInput():1808 
08-04 15:18:31.736  7266  7279 I art     : Explicit concurrent mark sweep GC freed 441(16KB) AllocSpace objects, 0(0B) LOS objects, 7% free, 187MB/203MB, paused 1.553ms total 55.936ms
08-04 15:18:31.759  7266  7279 I art     : Starting a blocking GC Explicit
08-04 15:18:31.816  7266  7279 I art     : Explicit concurrent mark sweep GC freed 196(8KB) AllocSpace objects, 0(0B) LOS objects, 7% free, 187MB/203MB, paused 1.939ms total 56.839ms
08-04 15:18:32.045   380   380 W SurfaceFlinger: couldn't log to binary event log: overflow.
08-04 15:18:32.208  7266  7279 I art     : Starting a blocking GC Explicit
08-04 15:18:32.288  7266  7279 I art     : Explicit concurrent mark sweep GC freed 1999(101KB) AllocSpace objects, 3(236KB) LOS objects, 7% free, 186MB/202MB, paused 1.736ms total 79.300ms
08-04 15:18:32.316  7266  7279 I art     : Starting a blocking GC Explicit
08-04 15:18:32.378  7266  7279 I art     : Explicit concurrent mark sweep GC freed 1053(49KB) AllocSpace objects, 0(0B) LOS objects, 7% free, 186MB/202MB, paused 1.578ms total 61.689ms
08-04 15:18:32.398  7266  7279 I art     : Starting a blocking GC Explicit
08-04 15:18:32.463  7266  7279 I art     : Explicit concurrent mark sweep GC freed 5610(311KB) AllocSpace objects, 13(264KB) LOS objects, 7% free, 186MB/202MB, paused 1.600ms total 64.856ms
08-04 15:18:32.483  7266  7279 I art     : Starting a blocking GC Explicit
08-04 15:18:32.546  7266  7279 I art     : Explicit concurrent mark sweep GC freed 14(640B) AllocSpace objects, 0(0B) LOS objects, 7% free, 186MB/202MB, paused 1.534ms total 62.681ms
08-04 15:18:32.566  7266  7279 I art     : Starting a blocking GC Explicit
08-04 15:18:32.629  7266  7279 I art     : Explicit concurrent mark sweep GC freed 54(1520B) AllocSpace objects, 0(0B) LOS objects, 7% free, 186MB/202MB, paused 1.715ms total 62.731ms
08-04 15:18:32.861  7266 10115 I NAPPA_EXPERIMENTATION: MetricNetworkRequestExecutionTime: REQUEST_DURATION_SYSTEM='1180',REQUEST_DURATION_OKHTTP='33',REQUEST_SYNCHRONOUS='FALSE',RESPONSE_CODE='200',RESPONSE_METHOD='GET',RESPONSE_LENGTH_OKHTTP='36',RESPONSE_LENGTH_HEADER='36',REQUEST_PROTOCOL='http/1.1',REQUEST_URL='https://project-travel-mate.herokuapp.com/api/number-of-unread-notifications',
08-04 15:18:33.034  7266  7327 I art     : Starting a blocking GC Explicit
08-04 15:18:33.106  7266  7327 I art     : Explicit concurrent mark sweep GC freed 4420(241KB) AllocSpace objects, 5(248KB) LOS objects, 7% free, 186MB/202MB, paused 1.475ms total 71.167ms
08-04 15:18:33.125  7266  7327 I art     : Starting a blocking GC Explicit
08-04 15:18:33.184  7266  7327 I art     : Explicit concurrent mark sweep GC freed 986(118KB) AllocSpace objects, 0(0B) LOS objects, 7% free, 186MB/202MB, paused 1.503ms total 58.213ms
08-04 15:18:33.204  7266  7327 I art     : Starting a blocking GC Explicit
08-04 15:18:33.263  7266  7327 I art     : Explicit concurrent mark sweep GC freed 3(96B) AllocSpace objects, 0(0B) LOS objects, 7% free, 186MB/202MB, paused 1.477ms total 58.980ms
08-04 15:18:33.283  7266  7327 I art     : Starting a blocking GC Explicit
08-04 15:18:33.344  7266  7327 I art     : Explicit concurrent mark sweep GC freed 5(160B) AllocSpace objects, 0(0B) LOS objects, 7% free, 186MB/202MB, paused 1.879ms total 60.525ms
08-04 15:18:33.366  7266  7327 I art     : Starting a blocking GC Explicit
08-04 15:18:33.420  7266  7327 I art     : Explicit concurrent mark sweep GC freed 7(224B) AllocSpace objects, 0(0B) LOS objects, 7% free, 186MB/202MB, paused 1.417ms total 53.757ms
08-04 15:18:33.448 10138 10138 D AndroidRuntime: >>>>>> START com.android.internal.os.RuntimeInit uid 2000 <<<<<<
08-04 15:18:33.454 10138 10138 D AndroidRuntime: CheckJNI is OFF
08-04 15:18:33.496 10138 10138 D ICU     : No timezone override file found: /data/misc/zoneinfo/current/icu/icu_tzdata.dat
08-04 15:18:33.537 10138 10138 I Radio-JNI: register_android_hardware_Radio DONE
08-04 15:18:33.565 10138 10138 D AndroidRuntime: Calling main entry com.android.commands.input.Input
08-04 15:18:33.568 10138 10138 I Input   : injectMotionEvent: MotionEvent { action=ACTION_DOWN, actionButton=0, id[0]=0, x[0]=117.0, y[0]=170.0, toolType[0]=TOOL_TYPE_UNKNOWN, buttonState=0, metaState=0, flags=0x0, edgeFlags=0x0, pointerCount=1, historySize=0, eventTime=717529980, downTime=717529980, deviceId=0, source=0x1002 }
08-04 15:18:33.599 10138 10138 I Input   : injectMotionEvent: MotionEvent { action=ACTION_UP, actionButton=0, id[0]=0, x[0]=117.0, y[0]=170.0, toolType[0]=TOOL_TYPE_UNKNOWN, buttonState=0, metaState=0, flags=0x0, edgeFlags=0x0, pointerCount=1, historySize=0, eventTime=717529980, downTime=717529980, deviceId=0, source=0x1002 }
08-04 15:18:33.636 10138 10138 D AndroidRuntime: Shutting down VM
08-04 15:18:33.655   512  2967 D audio_hw_primary: out_set_parameters: enter: usecase(1: low-latency-playback) kvpairs: routing=2
08-04 15:18:33.668   512  2967 D audio_hw_primary: select_devices: out_snd_device(2: speaker) in_snd_device(0: none)
08-04 15:18:33.668   512  2967 D msm8974_platform: platform_send_audio_calibration: sending audio calibration for snd_device(2) acdb_id(15)
08-04 15:18:33.668   512  2967 I soundtrigger: audio_extn_sound_trigger_update_device_status: device 0x2 of type 0 for Event 1
08-04 15:18:33.677   512  2967 D audio_hw_primary: enable_snd_device: snd_device(2: speaker)
08-04 15:18:33.679   512  2967 D audio_hw_primary: enable_audio_route: apply and update mixer path: low-latency-playback speaker
08-04 15:18:33.807  7266  7326 I art     : Starting a blocking GC Explicit
08-04 15:18:33.874  7266  7326 I art     : Explicit concurrent mark sweep GC freed 2038(113KB) AllocSpace objects, 2(48KB) LOS objects, 7% free, 186MB/202MB, paused 1.586ms total 66.223ms
08-04 15:18:33.895  7266  7326 I art     : Starting a blocking GC Explicit
08-04 15:18:33.950  7266  7326 I art     : Explicit concurrent mark sweep GC freed 52(2112B) AllocSpace objects, 0(0B) LOS objects, 7% free, 186MB/202MB, paused 1.433ms total 55.185ms
08-04 15:18:33.969  7266  7326 I art     : Starting a blocking GC Explicit
08-04 15:18:34.022  7266  7326 I art     : Explicit concurrent mark sweep GC freed 3(96B) AllocSpace objects, 0(0B) LOS objects, 7% free, 186MB/202MB, paused 1.390ms total 52.169ms
08-04 15:18:34.042  7266  7326 I art     : Starting a blocking GC Explicit
08-04 15:18:34.094  7266  7326 I art     : Explicit concurrent mark sweep GC freed 13(656B) AllocSpace objects, 0(0B) LOS objects, 7% free, 186MB/202MB, paused 1.676ms total 51.912ms
08-04 15:18:34.112  7266  7326 I art     : Starting a blocking GC Explicit
08-04 15:18:34.164  7266  7326 I art     : Explicit concurrent mark sweep GC freed 37(1680B) AllocSpace objects, 0(0B) LOS objects, 7% free, 186MB/202MB, paused 1.367ms total 51.789ms
08-04 15:18:34.208   512  2967 D audio_hw_primary: disable_audio_route: reset and update mixer path: low-latency-playback speaker
08-04 15:18:34.209   512  2967 D audio_hw_primary: disable_snd_device: snd_device(2: speaker)
08-04 15:18:34.217   512  2967 I soundtrigger: audio_extn_sound_trigger_update_device_status: device 0x2 of type 0 for Event 0
08-04 15:18:34.378 10161 10161 D AndroidRuntime: >>>>>> START com.android.internal.os.RuntimeInit uid 2000 <<<<<<
08-04 15:18:34.383 10161 10161 D AndroidRuntime: CheckJNI is OFF
08-04 15:18:34.428 10161 10161 D ICU     : No timezone override file found: /data/misc/zoneinfo/current/icu/icu_tzdata.dat
08-04 15:18:34.469 10161 10161 I Radio-JNI: register_android_hardware_Radio DONE
08-04 15:18:34.499 10161 10161 D AndroidRuntime: Calling main entry com.android.commands.input.Input
08-04 15:18:34.501 10161 10161 I Input   : injectMotionEvent: MotionEvent { action=ACTION_DOWN, actionButton=0, id[0]=0, x[0]=405.0, y[0]=661.0, toolType[0]=TOOL_TYPE_UNKNOWN, buttonState=0, metaState=0, flags=0x0, edgeFlags=0x0, pointerCount=1, historySize=0, eventTime=717530914, downTime=717530914, deviceId=0, source=0x1002 }
08-04 15:18:34.506 10161 10161 I Input   : injectMotionEvent: MotionEvent { action=ACTION_UP, actionButton=0, id[0]=0, x[0]=405.0, y[0]=661.0, toolType[0]=TOOL_TYPE_UNKNOWN, buttonState=0, metaState=0, flags=0x0, edgeFlags=0x0, pointerCount=1, historySize=0, eventTime=717530914, downTime=717530914, deviceId=0, source=0x1002 }
08-04 15:18:34.508 10161 10161 D AndroidRuntime: Shutting down VM
08-04 15:18:34.528   512  2967 D audio_hw_primary: out_set_parameters: enter: usecase(1: low-latency-playback) kvpairs: routing=2
08-04 15:18:34.541   512  2967 D audio_hw_primary: select_devices: out_snd_device(2: speaker) in_snd_device(0: none)
08-04 15:18:34.541   512  2967 D msm8974_platform: platform_send_audio_calibration: sending audio calibration for snd_device(2) acdb_id(15)
08-04 15:18:34.542   512  2967 I soundtrigger: audio_extn_sound_trigger_update_device_status: device 0x2 of type 0 for Event 1
08-04 15:18:34.554   512  2967 D audio_hw_primary: enable_snd_device: snd_device(2: speaker)
08-04 15:18:34.557   512  2967 D audio_hw_primary: enable_audio_route: apply and update mixer path: low-latency-playback speaker
08-04 15:18:34.566  7266  7280 I art     : Starting a blocking GC Explicit
08-04 15:18:34.599   512  2967 D AudioFlinger: mixer(0xf4740000) throttle end: throttle time(12)
08-04 15:18:34.632  7266  7280 I art     : Explicit concurrent mark sweep GC freed 3567(162KB) AllocSpace objects, 2(48KB) LOS objects, 7% free, 186MB/202MB, paused 1.561ms total 65.404ms
08-04 15:18:34.651  7266  7280 I art     : Starting a blocking GC Explicit
08-04 15:18:34.706  7266  7280 I art     : Explicit concurrent mark sweep GC freed 900(51KB) AllocSpace objects, 0(0B) LOS objects, 7% free, 186MB/202MB, paused 1.557ms total 54.524ms
08-04 15:18:34.725  7266  7280 I art     : Starting a blocking GC Explicit
08-04 15:18:34.783  7266  7280 I art     : Explicit concurrent mark sweep GC freed 43(1056B) AllocSpace objects, 9(252KB) LOS objects, 7% free, 186MB/202MB, paused 1.547ms total 58.046ms
08-04 15:18:34.802  7266  7280 I art     : Starting a blocking GC Explicit
08-04 15:18:34.860  7266  7280 I art     : Explicit concurrent mark sweep GC freed 3(96B) AllocSpace objects, 0(0B) LOS objects, 7% free, 186MB/202MB, paused 1.315ms total 57.176ms
08-04 15:18:34.880  7266  7280 I art     : Starting a blocking GC Explicit
08-04 15:18:34.938  7266  7280 I art     : Explicit concurrent mark sweep GC freed 25(800B) AllocSpace objects, 0(0B) LOS objects, 7% free, 186MB/202MB, paused 1.533ms total 57.187ms
08-04 15:18:35.089   512  2967 D audio_hw_primary: disable_audio_route: reset and update mixer path: low-latency-playback speaker
08-04 15:18:35.090   512  2967 D audio_hw_primary: disable_snd_device: snd_device(2: speaker)
08-04 15:18:35.099   512  2967 I soundtrigger: audio_extn_sound_trigger_update_device_status: device 0x2 of type 0 for Event 0
08-04 15:18:35.351  7266  7280 I art     : Starting a blocking GC Explicit
08-04 15:18:35.427  7266  7280 I art     : Explicit concurrent mark sweep GC freed 1588(92KB) AllocSpace objects, 2(48KB) LOS objects, 7% free, 186MB/202MB, paused 1.562ms total 75.962ms
08-04 15:18:35.453  7266  7280 I art     : Starting a blocking GC Explicit
08-04 15:18:35.520  7266  7280 I art     : Explicit concurrent mark sweep GC freed 28(1024B) AllocSpace objects, 0(0B) LOS objects, 7% free, 186MB/202MB, paused 1.466ms total 66.513ms
08-04 15:18:35.540  7266  7280 I art     : Starting a blocking GC Explicit
08-04 15:18:35.603  7266  7280 I art     : Explicit concurrent mark sweep GC freed 39(1056B) AllocSpace objects, 0(0B) LOS objects, 7% free, 186MB/202MB, paused 1.485ms total 62.487ms
08-04 15:18:35.623  7266  7280 I art     : Starting a blocking GC Explicit
08-04 15:18:35.689  7266  7280 I art     : Explicit concurrent mark sweep GC freed 4(128B) AllocSpace objects, 0(0B) LOS objects, 7% free, 186MB/202MB, paused 1.677ms total 66.045ms
08-04 15:18:35.711  7266  7280 I art     : Starting a blocking GC Explicit
08-04 15:18:35.781  7266  7280 I art     : Explicit concurrent mark sweep GC freed 3(96B) AllocSpace objects, 0(0B) LOS objects, 7% free, 186MB/202MB, paused 1.474ms total 69.581ms
08-04 15:18:36.235  7266  7326 I art     : Starting a blocking GC Explicit
08-04 15:18:36.325  7266  7326 I art     : Explicit concurrent mark sweep GC freed 1598(92KB) AllocSpace objects, 2(48KB) LOS objects, 7% free, 186MB/202MB, paused 1.601ms total 88.650ms
08-04 15:18:36.349  7266  7326 I art     : Starting a blocking GC Explicit
08-04 15:18:36.418  7266  7326 I art     : Explicit concurrent mark sweep GC freed 49(2320B) AllocSpace objects, 0(0B) LOS objects, 7% free, 186MB/202MB, paused 1.596ms total 68.554ms
08-04 15:18:36.438  7266  7326 I art     : Starting a blocking GC Explicit
08-04 15:18:36.511  7266  7326 I art     : Explicit concurrent mark sweep GC freed 3(96B) AllocSpace objects, 0(0B) LOS objects, 7% free, 186MB/202MB, paused 1.579ms total 72.468ms
08-04 15:18:36.512  7266  7278 I art     : WaitForGcToComplete blocked for 14.985ms for cause HeapTrim
08-04 15:18:36.534  7266  7326 I art     : Starting a blocking GC Explicit
08-04 15:18:36.604  7266  7326 I art     : Explicit concurrent mark sweep GC freed 39(1056B) AllocSpace objects, 0(0B) LOS objects, 7% free, 186MB/202MB, paused 1.517ms total 70.136ms
08-04 15:18:36.625  7266  7326 I art     : Starting a blocking GC Explicit
08-04 15:18:36.692  7266  7326 I art     : Explicit concurrent mark sweep GC freed 4(128B) AllocSpace objects, 0(0B) LOS objects, 7% free, 186MB/202MB, paused 1.519ms total 66.722ms
08-04 15:18:36.720  2486  2486 I ServiceManager: Waiting for service AtCmdFwd...
08-04 15:18:37.093  7266  7327 I art     : Starting a blocking GC Explicit
08-04 15:18:37.166  7266  7327 I art     : Explicit concurrent mark sweep GC freed 1598(92KB) AllocSpace objects, 2(48KB) LOS objects, 7% free, 186MB/202MB, paused 1.511ms total 72.952ms
08-04 15:18:37.186  7266  7327 I art     : Starting a blocking GC Explicit
08-04 15:18:37.252  7266  7327 I art     : Explicit concurrent mark sweep GC freed 38(1568B) AllocSpace objects, 0(0B) LOS objects, 7% free, 186MB/202MB, paused 1.518ms total 65.017ms
08-04 15:18:37.272  7266  7327 I art     : Starting a blocking GC Explicit
08-04 15:18:37.334 10203 10203 D AndroidRuntime: >>>>>> START com.android.internal.os.RuntimeInit uid 2000 <<<<<<
08-04 15:18:37.337  7266  7327 I art     : Explicit concurrent mark sweep GC freed 3(96B) AllocSpace objects, 0(0B) LOS objects, 7% free, 186MB/202MB, paused 1.691ms total 65.690ms
08-04 15:18:37.341 10203 10203 D AndroidRuntime: CheckJNI is OFF
08-04 15:18:37.358  7266  7327 I art     : Starting a blocking GC Explicit
08-04 15:18:37.385 10203 10203 D ICU     : No timezone override file found: /data/misc/zoneinfo/current/icu/icu_tzdata.dat
08-04 15:18:37.419  7266  7327 I art     : Explicit concurrent mark sweep GC freed 6(192B) AllocSpace objects, 0(0B) LOS objects, 7% free, 186MB/202MB, paused 1.507ms total 61.109ms
08-04 15:18:37.431 10203 10203 I Radio-JNI: register_android_hardware_Radio DONE
08-04 15:18:37.439  7266  7327 I art     : Starting a blocking GC Explicit
08-04 15:18:37.461 10203 10203 D AndroidRuntime: Calling main entry com.android.commands.input.Input
08-04 15:18:37.464 10203 10203 I Input   : injectMotionEvent: MotionEvent { action=ACTION_DOWN, actionButton=0, id[0]=0, x[0]=1341.0, y[0]=197.0, toolType[0]=TOOL_TYPE_UNKNOWN, buttonState=0, metaState=0, flags=0x0, edgeFlags=0x0, pointerCount=1, historySize=0, eventTime=717533876, downTime=717533876, deviceId=0, source=0x1002 }
08-04 15:18:37.472 10203 10203 I Input   : injectMotionEvent: MotionEvent { action=ACTION_UP, actionButton=0, id[0]=0, x[0]=1341.0, y[0]=197.0, toolType[0]=TOOL_TYPE_UNKNOWN, buttonState=0, metaState=0, flags=0x0, edgeFlags=0x0, pointerCount=1, historySize=0, eventTime=717533876, downTime=717533876, deviceId=0, source=0x1002 }
08-04 15:18:37.474 10203 10203 D AndroidRuntime: Shutting down VM
08-04 15:18:37.486   918  4413 I ActivityManager: START u0 {cmp=baseline.io.github.project_travel_mate/.notifications.NotificationsActivity} from uid 10650 on display 0
08-04 15:18:37.488   512  2967 D audio_hw_primary: out_set_parameters: enter: usecase(1: low-latency-playback) kvpairs: routing=2
08-04 15:18:37.500   512  2967 D audio_hw_primary: select_devices: out_snd_device(2: speaker) in_snd_device(0: none)
08-04 15:18:37.500   512  2967 D msm8974_platform: platform_send_audio_calibration: sending audio calibration for snd_device(2) acdb_id(15)
08-04 15:18:37.501   512  2967 I soundtrigger: audio_extn_sound_trigger_update_device_status: device 0x2 of type 0 for Event 1
08-04 15:18:37.502  7266  7327 I art     : Explicit concurrent mark sweep GC freed 44(1600B) AllocSpace objects, 0(0B) LOS objects, 7% free, 186MB/202MB, paused 1.746ms total 62.251ms
08-04 15:18:37.512   512  2967 D audio_hw_primary: enable_snd_device: snd_device(2: speaker)
08-04 15:18:37.514   512  2967 D audio_hw_primary: enable_audio_route: apply and update mixer path: low-latency-playback speaker
08-04 15:18:37.520  7266  7347 D Gabe    : call	returning from cache
08-04 15:18:37.526  7266  7266 V EXECUTING: https://project-travel-mate.herokuapp.com/api/get-notifications
08-04 15:18:37.528  7266  7266 V EXECUTING: https://project-travel-mate.herokuapp.com/api/get-notifications
08-04 15:18:37.682   918   936 I ActivityManager: Displayed baseline.io.github.project_travel_mate/.notifications.NotificationsActivity: +184ms
08-04 15:18:37.683 13866 13866 I GoogleInputMethodServic: GoogleInputMethodService.onFinishInput():3138 
08-04 15:18:37.684 13866 13866 I GoogleInputMethodServic: GoogleInputMethodService.onStartInput():1808 
08-04 15:18:37.720  2486  2486 I ServiceManager: Waiting for service AtCmdFwd...
08-04 15:18:37.776  7266  7282 D OpenGLRenderer: endAllStagingAnimators on 0x7f7ad3a800 (RippleDrawable) with handle 0x7f7c152e40
08-04 15:18:37.891  7266  7327 I art     : Starting a blocking GC Explicit
08-04 15:18:37.920   380   380 W SurfaceFlinger: couldn't log to binary event log: overflow.
08-04 15:18:37.954  7266  7327 I art     : Explicit concurrent mark sweep GC freed 4098(221KB) AllocSpace objects, 2(48KB) LOS objects, 7% free, 191MB/207MB, paused 1.427ms total 62.445ms
08-04 15:18:37.973  7266  7327 I art     : Starting a blocking GC Explicit
08-04 15:18:38.028  7266  7327 I art     : Explicit concurrent mark sweep GC freed 447(16KB) AllocSpace objects, 0(0B) LOS objects, 7% free, 191MB/207MB, paused 1.504ms total 54.692ms
08-04 15:18:38.049   512  2967 D audio_hw_primary: disable_audio_route: reset and update mixer path: low-latency-playback speaker
08-04 15:18:38.049  7266  7327 I art     : Starting a blocking GC Explicit
08-04 15:18:38.050   512  2967 D audio_hw_primary: disable_snd_device: snd_device(2: speaker)
08-04 15:18:38.060   512  2967 I soundtrigger: audio_extn_sound_trigger_update_device_status: device 0x2 of type 0 for Event 0
08-04 15:18:38.108  7266  7327 I art     : Explicit concurrent mark sweep GC freed 103(1728B) AllocSpace objects, 0(0B) LOS objects, 7% free, 191MB/207MB, paused 1.757ms total 58.612ms
08-04 15:18:38.127  7266  7327 I art     : Starting a blocking GC Explicit
08-04 15:18:38.178  7266 10228 I NAPPA_EXPERIMENTATION: MetricNetworkRequestExecutionTime: REQUEST_DURATION_SYSTEM='649',REQUEST_DURATION_OKHTTP='32',REQUEST_SYNCHRONOUS='FALSE',RESPONSE_CODE='200',RESPONSE_METHOD='GET',RESPONSE_LENGTH_OKHTTP='2',RESPONSE_LENGTH_HEADER='2',REQUEST_PROTOCOL='http/1.1',REQUEST_URL='https://project-travel-mate.herokuapp.com/api/get-notifications',
08-04 15:18:38.184   918   918 I ActivityManager: Start proc 10240:baseline.com.newsblur/u0a652 for service baseline.com.newsblur/.service.NBSyncService
08-04 15:18:38.184 10240 10240 I art     : Late-enabling -Xcheck:jni
08-04 15:18:38.185  7266  7327 I art     : Explicit concurrent mark sweep GC freed 2802(145KB) AllocSpace objects, 2(120KB) LOS objects, 7% free, 191MB/207MB, paused 1.755ms total 57.877ms
08-04 15:18:38.200   918   918 I ActivityManager: Start proc 10253:nappatfpr.com.newsblur/u0a658 for service nappatfpr.com.newsblur/.service.NBSyncService
08-04 15:18:38.200 10253 10253 I art     : Late-enabling -Xcheck:jni
08-04 15:18:38.205  7266  7327 I art     : Starting a blocking GC Explicit
08-04 15:18:38.236 10240 10240 W System  : ClassLoader referenced unknown path: /data/app/baseline.com.newsblur-1/lib/arm64
08-04 15:18:38.254 10253 10253 W System  : ClassLoader referenced unknown path: /data/app/nappatfpr.com.newsblur-1/lib/arm64
08-04 15:18:38.263  7266  7327 I art     : Explicit concurrent mark sweep GC freed 3713(254KB) AllocSpace objects, 4(280KB) LOS objects, 7% free, 191MB/207MB, paused 1.967ms total 57.418ms
08-04 15:18:38.278   918  3670 I ActivityManager: Killing 16639:com.google.process.gapps/u0a12 (adj 15): empty #17
08-04 15:18:38.292  7266 10227 I NAPPA_EXPERIMENTATION: MetricNetworkRequestExecutionTime: REQUEST_DURATION_SYSTEM='765',REQUEST_DURATION_OKHTTP='29',REQUEST_SYNCHRONOUS='FALSE',RESPONSE_CODE='200',RESPONSE_METHOD='GET',RESPONSE_LENGTH_OKHTTP='2',RESPONSE_LENGTH_HEADER='2',REQUEST_PROTOCOL='http/1.1',REQUEST_URL='https://project-travel-mate.herokuapp.com/api/get-notifications',
08-04 15:18:38.305  7266  7266 V Response: [] 
08-04 15:18:38.310  7266  7347 D Gabe    : call	returning from cache
08-04 15:18:38.335  7266  7266 V Response: [] 
08-04 15:18:38.339  7266  7347 D Gabe    : call	returning from cache
08-04 15:18:38.339   918  5481 I ActivityManager: Killing 32365:com.google.android.youtube/u0a75 (adj 15): empty #17
08-04 15:18:38.398   918  3670 D ConnectivityService: ConnectivityService NetworkRequestInfo binderDied(NetworkRequest [ id=2747, legacyType=-1, [ Capabilities: INTERNET&NOT_RESTRICTED&TRUSTED] ], android.os.BinderProxy@da05a68)
08-04 15:18:38.399   918  3263 D ConnectivityService: releasing NetworkRequest NetworkRequest [ id=2747, legacyType=-1, [ Capabilities: INTERNET&NOT_RESTRICTED&TRUSTED] ]
08-04 15:18:38.399   918  3263 E ConnectivityService: RemoteException caught trying to send a callback msg for NetworkRequest [ id=2747, legacyType=-1, [ Capabilities: INTERNET&NOT_RESTRICTED&TRUSTED] ]
08-04 15:18:38.690  7266  7280 I art     : Starting a blocking GC Explicit
08-04 15:18:38.721  2486  2486 I ServiceManager: Waiting for service AtCmdFwd...
08-04 15:18:38.750  7266  7280 I art     : Explicit concurrent mark sweep GC freed 8111(375KB) AllocSpace objects, 3(236KB) LOS objects, 7% free, 191MB/207MB, paused 1.413ms total 59.372ms
08-04 15:18:38.770  7266  7280 I art     : Starting a blocking GC Explicit
08-04 15:18:38.824  7266  7280 I art     : Explicit concurrent mark sweep GC freed 2464(101KB) AllocSpace objects, 0(0B) LOS objects, 7% free, 191MB/207MB, paused 1.589ms total 53.958ms
08-04 15:18:38.843  7266  7280 I art     : Starting a blocking GC Explicit
08-04 15:18:38.895  7266  7280 I art     : Explicit concurrent mark sweep GC freed 369(6KB) AllocSpace objects, 0(0B) LOS objects, 7% free, 191MB/207MB, paused 1.371ms total 52.061ms
08-04 15:18:38.914  7266  7280 I art     : Starting a blocking GC Explicit
08-04 15:18:38.966  7266  7280 I art     : Explicit concurrent mark sweep GC freed 315(5KB) AllocSpace objects, 0(0B) LOS objects, 7% free, 191MB/207MB, paused 1.301ms total 51.951ms
08-04 15:18:38.986  7266  7280 I art     : Starting a blocking GC Explicit
08-04 15:18:39.040  7266  7280 I art     : Explicit concurrent mark sweep GC freed 298(4KB) AllocSpace objects, 0(0B) LOS objects, 7% free, 191MB/207MB, paused 1.510ms total 53.448ms
08-04 15:18:39.266   918 13198 D NetlinkSocketObserver: NeighborEvent{elapsedMs=1700923141, 192.168.2.254, [7C3953A63323], RTM_NEWNEIGH, NUD_PROBE}
08-04 15:18:39.452  7266  7280 I art     : Starting a blocking GC Explicit
08-04 15:18:39.512  7266  7280 I art     : Explicit concurrent mark sweep GC freed 3651(125KB) AllocSpace objects, 2(48KB) LOS objects, 7% free, 191MB/207MB, paused 1.590ms total 59.856ms
08-04 15:18:39.532  7266  7280 I art     : Starting a blocking GC Explicit
08-04 15:18:39.587  7266  7280 I art     : Explicit concurrent mark sweep GC freed 335(6KB) AllocSpace objects, 0(0B) LOS objects, 7% free, 191MB/207MB, paused 1.312ms total 54.726ms
08-04 15:18:39.607  7266  7280 I art     : Starting a blocking GC Explicit
08-04 15:18:39.663  7266  7280 I art     : Explicit concurrent mark sweep GC freed 404(7KB) AllocSpace objects, 0(0B) LOS objects, 7% free, 191MB/207MB, paused 1.329ms total 56.107ms
08-04 15:18:39.682  7266  7280 I art     : Starting a blocking GC Explicit
08-04 15:18:39.721  2486  2486 I ServiceManager: Waiting for service AtCmdFwd...
08-04 15:18:39.734  7266  7280 I art     : Explicit concurrent mark sweep GC freed 283(4KB) AllocSpace objects, 0(0B) LOS objects, 7% free, 191MB/207MB, paused 1.286ms total 52.131ms
08-04 15:18:39.754  7266  7280 I art     : Starting a blocking GC Explicit
08-04 15:18:39.811  7266  7280 I art     : Explicit concurrent mark sweep GC freed 317(5KB) AllocSpace objects, 0(0B) LOS objects, 7% free, 191MB/207MB, paused 1.572ms total 56.209ms
08-04 15:18:40.208  7266  7326 I art     : Starting a blocking GC Explicit
08-04 15:18:40.264  7266  7326 I art     : Explicit concurrent mark sweep GC freed 3523(123KB) AllocSpace objects, 2(48KB) LOS objects, 7% free, 191MB/207MB, paused 1.431ms total 55.527ms
08-04 15:18:40.283  7266  7326 I art     : Starting a blocking GC Explicit
08-04 15:18:40.334  7266  7326 I art     : Explicit concurrent mark sweep GC freed 319(5KB) AllocSpace objects, 0(0B) LOS objects, 7% free, 191MB/207MB, paused 1.279ms total 51.430ms
08-04 15:18:40.353  7266  7326 I art     : Starting a blocking GC Explicit
08-04 15:18:40.408  7266  7326 I art     : Explicit concurrent mark sweep GC freed 283(4KB) AllocSpace objects, 0(0B) LOS objects, 7% free, 191MB/207MB, paused 1.355ms total 54.408ms
08-04 15:18:40.427  7266  7326 I art     : Starting a blocking GC Explicit
08-04 15:18:40.480  7266  7326 I art     : Explicit concurrent mark sweep GC freed 348(5KB) AllocSpace objects, 0(0B) LOS objects, 7% free, 191MB/207MB, paused 1.413ms total 52.501ms
08-04 15:18:40.498  7266  7326 I art     : Starting a blocking GC Explicit
08-04 15:18:40.549  7266  7326 I art     : Explicit concurrent mark sweep GC freed 288(4KB) AllocSpace objects, 0(0B) LOS objects, 7% free, 191MB/207MB, paused 1.283ms total 50.978ms
08-04 15:18:40.722  2486  2486 I ServiceManager: Waiting for service AtCmdFwd...
08-04 15:18:40.947  7266  7280 I art     : Starting a blocking GC Explicit
08-04 15:18:41.004  7266  7280 I art     : Explicit concurrent mark sweep GC freed 3513(123KB) AllocSpace objects, 2(48KB) LOS objects, 7% free, 191MB/207MB, paused 1.272ms total 56.566ms
08-04 15:18:41.023  7266  7280 I art     : Starting a blocking GC Explicit
08-04 15:18:41.078  7266  7280 I art     : Explicit concurrent mark sweep GC freed 325(5KB) AllocSpace objects, 0(0B) LOS objects, 7% free, 191MB/207MB, paused 1.605ms total 54.266ms
08-04 15:18:41.097  7266  7280 I art     : Starting a blocking GC Explicit
08-04 15:18:41.152  7266  7280 I art     : Explicit concurrent mark sweep GC freed 336(5KB) AllocSpace objects, 0(0B) LOS objects, 7% free, 191MB/207MB, paused 1.265ms total 55.136ms
08-04 15:18:41.171  7266  7280 I art     : Starting a blocking GC Explicit
08-04 15:18:41.206   518   646 I ThermalEngine: ACTION: GPU - Setting GPU[0] to 390000000
08-04 15:18:41.243  7266  7280 I art     : Explicit concurrent mark sweep GC freed 361(5KB) AllocSpace objects, 0(0B) LOS objects, 7% free, 191MB/207MB, paused 2.813ms total 71.484ms
08-04 15:18:41.268  7266  7280 I art     : Starting a blocking GC Explicit
08-04 15:18:41.332  7266  7280 I art     : Explicit concurrent mark sweep GC freed 415(6KB) AllocSpace objects, 0(0B) LOS objects, 7% free, 191MB/207MB, paused 1.976ms total 63.676ms
08-04 15:18:41.723  2486  2486 W Atfwd_Sendcmd: AtCmdFwd service not published, waiting... retryCnt : 3
08-04 15:18:41.778  7266  7327 I art     : Starting a blocking GC Explicit
08-04 15:18:41.844  7266  7327 I art     : Explicit concurrent mark sweep GC freed 3753(127KB) AllocSpace objects, 2(48KB) LOS objects, 7% free, 191MB/207MB, paused 2.202ms total 65.148ms
08-04 15:18:41.868  7266  7327 I art     : Starting a blocking GC Explicit
08-04 15:18:41.933  7266  7327 I art     : Explicit concurrent mark sweep GC freed 503(10KB) AllocSpace objects, 0(0B) LOS objects, 7% free, 191MB/207MB, paused 1.981ms total 64.646ms
08-04 15:18:41.958  7266  7327 I art     : Starting a blocking GC Explicit
08-04 15:18:42.023  7266  7327 I art     : Explicit concurrent mark sweep GC freed 367(6KB) AllocSpace objects, 0(0B) LOS objects, 7% free, 191MB/207MB, paused 1.906ms total 64.513ms
08-04 15:18:42.048  7266  7327 I art     : Starting a blocking GC Explicit
08-04 15:18:42.112  7266  7327 I art     : Explicit concurrent mark sweep GC freed 528(16KB) AllocSpace objects, 0(0B) LOS objects, 7% free, 191MB/207MB, paused 2.103ms total 64.390ms
08-04 15:18:42.137  7266  7327 I art     : Starting a blocking GC Explicit
08-04 15:18:42.201  7266  7327 I art     : Explicit concurrent mark sweep GC freed 407(6KB) AllocSpace objects, 0(0B) LOS objects, 7% free, 191MB/207MB, paused 1.993ms total 63.465ms
08-04 15:18:42.335 10326 10326 D AndroidRuntime: >>>>>> START com.android.internal.os.RuntimeInit uid 2000 <<<<<<
08-04 15:18:42.341 10326 10326 D AndroidRuntime: CheckJNI is OFF
08-04 15:18:42.397 10326 10326 D ICU     : No timezone override file found: /data/misc/zoneinfo/current/icu/icu_tzdata.dat
08-04 15:18:42.445 10326 10326 I Radio-JNI: register_android_hardware_Radio DONE
08-04 15:18:42.480 10326 10326 D AndroidRuntime: Calling main entry com.android.commands.input.Input
08-04 15:18:42.481 10326 10326 I Input   : injectKeyEvent: KeyEvent { action=ACTION_DOWN, keyCode=KEYCODE_BACK, scanCode=0, metaState=0, flags=0x0, repeatCount=0, eventTime=717538894, downTime=717538894, deviceId=-1, source=0x101 }
08-04 15:18:42.492 10326 10326 I Input   : injectKeyEvent: KeyEvent { action=ACTION_UP, keyCode=KEYCODE_BACK, scanCode=0, metaState=0, flags=0x0, repeatCount=0, eventTime=717538894, downTime=717538894, deviceId=-1, source=0x101 }
08-04 15:18:42.510 10326 10326 D AndroidRuntime: Shutting down VM
08-04 15:18:42.532  7266  7266 V MainActivity: url = https://project-travel-mate.herokuapp.com/api/number-of-unread-notifications
08-04 15:18:42.608 13866 13866 I GoogleInputMethodServic: GoogleInputMethodService.onFinishInput():3138 
08-04 15:18:42.609 13866 13866 I GoogleInputMethodServic: GoogleInputMethodService.onStartInput():1808 
08-04 15:18:42.657  7266  7280 I art     : Starting a blocking GC Explicit
08-04 15:18:42.731  7266  7280 I art     : Explicit concurrent mark sweep GC freed 3719(141KB) AllocSpace objects, 2(48KB) LOS objects, 7% free, 191MB/207MB, paused 2.850ms total 73.342ms
08-04 15:18:42.758  7266  7280 I art     : Starting a blocking GC Explicit
08-04 15:18:42.848  7266  7280 I art     : Explicit concurrent mark sweep GC freed 156(5KB) AllocSpace objects, 0(0B) LOS objects, 7% free, 191MB/207MB, paused 2.449ms total 89.835ms
08-04 15:18:42.857   380   380 W SurfaceFlinger: couldn't log to binary event log: overflow.
08-04 15:18:42.878  7266  7280 I art     : Starting a blocking GC Explicit
08-04 15:18:42.952  7266  7280 I art     : Explicit concurrent mark sweep GC freed 41(1472B) AllocSpace objects, 1(4MB) LOS objects, 7% free, 186MB/202MB, paused 2.272ms total 73.220ms
08-04 15:18:42.979  7266  7280 I art     : Starting a blocking GC Explicit
08-04 15:18:43.052  7266  7280 I art     : Explicit concurrent mark sweep GC freed 3739(178KB) AllocSpace objects, 2(56KB) LOS objects, 7% free, 186MB/202MB, paused 2.329ms total 72.803ms
08-04 15:18:43.081  7266  7280 I art     : Starting a blocking GC Explicit
08-04 15:18:43.160  7266  7280 I art     : Explicit concurrent mark sweep GC freed 14(672B) AllocSpace objects, 0(0B) LOS objects, 7% free, 186MB/202MB, paused 2.283ms total 78.958ms
08-04 15:18:43.297  7266 10349 I NAPPA_EXPERIMENTATION: MetricNetworkRequestExecutionTime: REQUEST_DURATION_SYSTEM='763',REQUEST_DURATION_OKHTTP='32',REQUEST_SYNCHRONOUS='FALSE',RESPONSE_CODE='200',RESPONSE_METHOD='GET',RESPONSE_LENGTH_OKHTTP='36',RESPONSE_LENGTH_HEADER='36',REQUEST_PROTOCOL='http/1.1',REQUEST_URL='https://project-travel-mate.herokuapp.com/api/number-of-unread-notifications',
08-04 15:18:43.630  7266  7279 I art     : Starting a blocking GC Explicit
08-04 15:18:43.734  7266  7279 I art     : Explicit concurrent mark sweep GC freed 4470(243KB) AllocSpace objects, 5(248KB) LOS objects, 7% free, 186MB/202MB, paused 2.854ms total 102.098ms
08-04 15:18:43.764  7266  7279 I art     : Starting a blocking GC Explicit
08-04 15:18:43.836  7266  7279 I art     : Explicit concurrent mark sweep GC freed 962(117KB) AllocSpace objects, 0(0B) LOS objects, 7% free, 186MB/202MB, paused 2.288ms total 71.449ms
08-04 15:18:43.848   918  3261 D WifiStateMachine: starting scan for "H369AA63323"WPA_PSK with 2412,5180
08-04 15:18:43.863  7266  7279 I art     : Starting a blocking GC Explicit
08-04 15:18:43.939  7266  7279 I art     : Explicit concurrent mark sweep GC freed 3(96B) AllocSpace objects, 0(0B) LOS objects, 7% free, 186MB/202MB, paused 2.323ms total 75.809ms
08-04 15:18:43.967  7266  7279 I art     : Starting a blocking GC Explicit
08-04 15:18:44.042  7266  7279 I art     : Explicit concurrent mark sweep GC freed 3(96B) AllocSpace objects, 0(0B) LOS objects, 7% free, 186MB/202MB, paused 2.246ms total 75.009ms
08-04 15:18:44.070  7266  7279 I art     : Starting a blocking GC Explicit
08-04 15:18:44.146  7266  7279 I art     : Explicit concurrent mark sweep GC freed 3(96B) AllocSpace objects, 0(0B) LOS objects, 7% free, 186MB/202MB, paused 2.177ms total 75.689ms
08-04 15:18:44.396 10361 10361 D AndroidRuntime: >>>>>> START com.android.internal.os.RuntimeInit uid 2000 <<<<<<
08-04 15:18:44.402 10361 10361 D AndroidRuntime: CheckJNI is OFF
08-04 15:18:44.454 10361 10361 D ICU     : No timezone override file found: /data/misc/zoneinfo/current/icu/icu_tzdata.dat
08-04 15:18:44.501 10361 10361 I Radio-JNI: register_android_hardware_Radio DONE
08-04 15:18:44.533 10361 10361 D AndroidRuntime: Calling main entry com.android.commands.input.Input
08-04 15:18:44.536 10361 10361 I Input   : injectMotionEvent: MotionEvent { action=ACTION_DOWN, actionButton=0, id[0]=0, x[0]=117.0, y[0]=170.0, toolType[0]=TOOL_TYPE_UNKNOWN, buttonState=0, metaState=0, flags=0x0, edgeFlags=0x0, pointerCount=1, historySize=0, eventTime=717540948, downTime=717540948, deviceId=0, source=0x1002 }
08-04 15:18:44.543 10361 10361 I Input   : injectMotionEvent: MotionEvent { action=ACTION_UP, actionButton=0, id[0]=0, x[0]=117.0, y[0]=170.0, toolType[0]=TOOL_TYPE_UNKNOWN, buttonState=0, metaState=0, flags=0x0, edgeFlags=0x0, pointerCount=1, historySize=0, eventTime=717540948, downTime=717540948, deviceId=0, source=0x1002 }
08-04 15:18:44.547 10361 10361 D AndroidRuntime: Shutting down VM
08-04 15:18:44.566   512  2967 D audio_hw_primary: out_set_parameters: enter: usecase(1: low-latency-playback) kvpairs: routing=2
08-04 15:18:44.582   512  2967 D audio_hw_primary: select_devices: out_snd_device(2: speaker) in_snd_device(0: none)
08-04 15:18:44.582   512  2967 D msm8974_platform: platform_send_audio_calibration: sending audio calibration for snd_device(2) acdb_id(15)
08-04 15:18:44.582   512  2967 I soundtrigger: audio_extn_sound_trigger_update_device_status: device 0x2 of type 0 for Event 1
08-04 15:18:44.596   512  2967 D audio_hw_primary: enable_snd_device: snd_device(2: speaker)
08-04 15:18:44.599   512  2967 D audio_hw_primary: enable_audio_route: apply and update mixer path: low-latency-playback speaker
08-04 15:18:44.644  7266  7326 I art     : Starting a blocking GC Explicit
08-04 15:18:44.734  7266  7326 I art     : Explicit concurrent mark sweep GC freed 2036(113KB) AllocSpace objects, 2(48KB) LOS objects, 7% free, 186MB/202MB, paused 2.621ms total 89.865ms
08-04 15:18:44.766  7266  7326 I art     : Starting a blocking GC Explicit
08-04 15:18:44.841  7266  7326 I art     : Explicit concurrent mark sweep GC freed 61(2592B) AllocSpace objects, 0(0B) LOS objects, 7% free, 186MB/202MB, paused 2.235ms total 73.330ms
08-04 15:18:44.867  7266  7326 I art     : Starting a blocking GC Explicit
08-04 15:18:44.939  7266  7326 I art     : Explicit concurrent mark sweep GC freed 30(1216B) AllocSpace objects, 0(0B) LOS objects, 7% free, 186MB/202MB, paused 2.275ms total 71.537ms
08-04 15:18:44.968  7266  7326 I art     : Starting a blocking GC Explicit
08-04 15:18:45.041  7266  7326 I art     : Explicit concurrent mark sweep GC freed 38(1776B) AllocSpace objects, 0(0B) LOS objects, 7% free, 186MB/202MB, paused 2.835ms total 72.534ms
08-04 15:18:45.069  7266  7326 I art     : Starting a blocking GC Explicit
08-04 15:18:45.141  7266  7326 I art     : Explicit concurrent mark sweep GC freed 13(416B) AllocSpace objects, 0(0B) LOS objects, 7% free, 186MB/202MB, paused 2.101ms total 71.213ms
08-04 15:18:45.149   512  2967 D audio_hw_primary: disable_audio_route: reset and update mixer path: low-latency-playback speaker
08-04 15:18:45.151   512  2967 D audio_hw_primary: disable_snd_device: snd_device(2: speaker)
08-04 15:18:45.159   512  2967 I soundtrigger: audio_extn_sound_trigger_update_device_status: device 0x2 of type 0 for Event 0
08-04 15:18:45.211   518   646 I ThermalEngine: ACTION: GPU - Setting GPU[0] to 450000000
08-04 15:18:45.406 10385 10385 D AndroidRuntime: >>>>>> START com.android.internal.os.RuntimeInit uid 2000 <<<<<<
08-04 15:18:45.412 10385 10385 D AndroidRuntime: CheckJNI is OFF
08-04 15:18:45.455 10385 10385 D ICU     : No timezone override file found: /data/misc/zoneinfo/current/icu/icu_tzdata.dat
08-04 15:18:45.499 10385 10385 I Radio-JNI: register_android_hardware_Radio DONE
08-04 15:18:45.528 10385 10385 D AndroidRuntime: Calling main entry com.android.commands.input.Input
08-04 15:18:45.531 10385 10385 I Input   : injectMotionEvent: MotionEvent { action=ACTION_DOWN, actionButton=0, id[0]=0, x[0]=418.0, y[0]=842.0, toolType[0]=TOOL_TYPE_UNKNOWN, buttonState=0, metaState=0, flags=0x0, edgeFlags=0x0, pointerCount=1, historySize=0, eventTime=717541943, downTime=717541943, deviceId=0, source=0x1002 }
08-04 15:18:45.535 10385 10385 I Input   : injectMotionEvent: MotionEvent { action=ACTION_UP, actionButton=0, id[0]=0, x[0]=418.0, y[0]=842.0, toolType[0]=TOOL_TYPE_UNKNOWN, buttonState=0, metaState=0, flags=0x0, edgeFlags=0x0, pointerCount=1, historySize=0, eventTime=717541943, downTime=717541943, deviceId=0, source=0x1002 }
08-04 15:18:45.537 10385 10385 D AndroidRuntime: Shutting down VM
08-04 15:18:45.548   512  2967 D audio_hw_primary: out_set_parameters: enter: usecase(1: low-latency-playback) kvpairs: routing=2
08-04 15:18:45.549  7266  7347 D Gabe    : call	returning from cache
08-04 15:18:45.561   512  2967 D audio_hw_primary: select_devices: out_snd_device(2: speaker) in_snd_device(0: none)
08-04 15:18:45.561   512  2967 D msm8974_platform: platform_send_audio_calibration: sending audio calibration for snd_device(2) acdb_id(15)
08-04 15:18:45.561   512  2967 I soundtrigger: audio_extn_sound_trigger_update_device_status: device 0x2 of type 0 for Event 1
08-04 15:18:45.564  7266  7279 I art     : Starting a blocking GC Explicit
08-04 15:18:45.573   512  2967 D audio_hw_primary: enable_snd_device: snd_device(2: speaker)
08-04 15:18:45.574   512  2967 D audio_hw_primary: enable_audio_route: apply and update mixer path: low-latency-playback speaker
08-04 15:18:45.576  7266  7266 V MainActivity: url = https://project-travel-mate.herokuapp.com/api/number-of-unread-notifications
08-04 15:18:45.621   512  2967 D AudioFlinger: mixer(0xf4740000) throttle end: throttle time(12)
08-04 15:18:45.627  7266  7279 I art     : Explicit concurrent mark sweep GC freed 2746(156KB) AllocSpace objects, 2(48KB) LOS objects, 7% free, 187MB/203MB, paused 2.034ms total 62.572ms
08-04 15:18:45.647  7266  7279 I art     : Starting a blocking GC Explicit
08-04 15:18:45.711  7266  7279 I art     : Explicit concurrent mark sweep GC freed 559(36KB) AllocSpace objects, 0(0B) LOS objects, 7% free, 187MB/203MB, paused 2.049ms total 64.407ms
08-04 15:18:45.732  7266  7279 I art     : Starting a blocking GC Explicit
08-04 15:18:45.798  7266  7279 I art     : Explicit concurrent mark sweep GC freed 714(43KB) AllocSpace objects, 0(0B) LOS objects, 7% free, 187MB/203MB, paused 1.931ms total 65.679ms
08-04 15:18:45.818  7266  7279 I art     : Starting a blocking GC Explicit
08-04 15:18:45.885  7266  7279 I art     : Explicit concurrent mark sweep GC freed 313(23KB) AllocSpace objects, 0(0B) LOS objects, 7% free, 187MB/203MB, paused 2.076ms total 66.282ms
08-04 15:18:45.905  7266  7279 I art     : Starting a blocking GC Explicit
08-04 15:18:45.972  7266  7279 I art     : Explicit concurrent mark sweep GC freed 342(23KB) AllocSpace objects, 0(0B) LOS objects, 7% free, 187MB/203MB, paused 2.030ms total 67.672ms
08-04 15:18:46.108   512  2967 D audio_hw_primary: disable_audio_route: reset and update mixer path: low-latency-playback speaker
08-04 15:18:46.109   512  2967 D audio_hw_primary: disable_snd_device: snd_device(2: speaker)
08-04 15:18:46.112  7266  7266 I Choreographer: Skipped 31 frames!  The application may be doing too much work on its main thread.
08-04 15:18:46.116   512  2967 I soundtrigger: audio_extn_sound_trigger_update_device_status: device 0x2 of type 0 for Event 0
08-04 15:18:46.377  7266  7280 I art     : Starting a blocking GC Explicit
08-04 15:18:46.449  7266  7280 I art     : Explicit concurrent mark sweep GC freed 7906(380KB) AllocSpace objects, 14(512KB) LOS objects, 7% free, 187MB/203MB, paused 2.120ms total 72.485ms
08-04 15:18:46.470  7266 10407 I NAPPA_EXPERIMENTATION: MetricNetworkRequestExecutionTime: REQUEST_DURATION_SYSTEM='893',REQUEST_DURATION_OKHTTP='28',REQUEST_SYNCHRONOUS='FALSE',RESPONSE_CODE='200',RESPONSE_METHOD='GET',RESPONSE_LENGTH_OKHTTP='36',RESPONSE_LENGTH_HEADER='36',REQUEST_PROTOCOL='http/1.1',REQUEST_URL='https://project-travel-mate.herokuapp.com/api/number-of-unread-notifications',
08-04 15:18:46.470  7266  7280 I art     : Starting a blocking GC Explicit
08-04 15:18:46.539  7266  7280 I art     : Explicit concurrent mark sweep GC freed 2202(185KB) AllocSpace objects, 0(0B) LOS objects, 7% free, 187MB/203MB, paused 1.594ms total 68.949ms
08-04 15:18:46.560  7266  7280 I art     : Starting a blocking GC Explicit
08-04 15:18:46.631  7266  7280 I art     : Explicit concurrent mark sweep GC freed 272(7KB) AllocSpace objects, 0(0B) LOS objects, 7% free, 187MB/203MB, paused 1.744ms total 70.259ms
08-04 15:18:46.651  7266  7280 I art     : Starting a blocking GC Explicit
08-04 15:18:46.722  7266  7280 I art     : Explicit concurrent mark sweep GC freed 133(2288B) AllocSpace objects, 0(0B) LOS objects, 7% free, 187MB/203MB, paused 1.525ms total 70.176ms
08-04 15:18:46.743  7266  7280 I art     : Starting a blocking GC Explicit
08-04 15:18:46.814  7266  7280 I art     : Explicit concurrent mark sweep GC freed 133(2256B) AllocSpace objects, 0(0B) LOS objects, 7% free, 187MB/203MB, paused 1.581ms total 70.406ms
08-04 15:18:47.239  7266  7326 I art     : Starting a blocking GC Explicit
08-04 15:18:47.304  7266  7326 I art     : Explicit concurrent mark sweep GC freed 2312(104KB) AllocSpace objects, 2(64KB) LOS objects, 7% free, 187MB/203MB, paused 1.405ms total 65.532ms
08-04 15:18:47.325  7266  7326 I art     : Starting a blocking GC Explicit
08-04 15:18:47.393  7266  7326 I art     : Explicit concurrent mark sweep GC freed 158(3KB) AllocSpace objects, 0(0B) LOS objects, 7% free, 187MB/203MB, paused 1.619ms total 66.825ms
08-04 15:18:47.413  7266  7326 I art     : Starting a blocking GC Explicit
08-04 15:18:47.485  7266  7326 I art     : Explicit concurrent mark sweep GC freed 152(2656B) AllocSpace objects, 0(0B) LOS objects, 7% free, 187MB/203MB, paused 1.575ms total 71.148ms
08-04 15:18:47.506  7266  7326 I art     : Starting a blocking GC Explicit
08-04 15:18:47.579  7266  7326 I art     : Explicit concurrent mark sweep GC freed 124(2160B) AllocSpace objects, 0(0B) LOS objects, 7% free, 187MB/203MB, paused 1.577ms total 73.165ms
08-04 15:18:47.601  7266  7326 I art     : Starting a blocking GC Explicit
08-04 15:18:47.676  7266  7326 I art     : Explicit concurrent mark sweep GC freed 184(3KB) AllocSpace objects, 0(0B) LOS objects, 7% free, 187MB/203MB, paused 1.591ms total 74.749ms
08-04 15:18:48.074  7266  7327 I art     : Starting a blocking GC Explicit
08-04 15:18:48.146  7266  7327 I art     : Explicit concurrent mark sweep GC freed 2309(105KB) AllocSpace objects, 2(64KB) LOS objects, 7% free, 187MB/203MB, paused 1.586ms total 71.999ms
08-04 15:18:48.167  7266  7327 I art     : Starting a blocking GC Explicit
08-04 15:18:48.238  7266  7327 I art     : Explicit concurrent mark sweep GC freed 181(3KB) AllocSpace objects, 0(0B) LOS objects, 7% free, 187MB/203MB, paused 1.623ms total 70.142ms
08-04 15:18:48.259  7266  7327 I art     : Starting a blocking GC Explicit
08-04 15:18:48.331  7266  7327 I art     : Explicit concurrent mark sweep GC freed 124(2128B) AllocSpace objects, 0(0B) LOS objects, 7% free, 187MB/203MB, paused 1.450ms total 71.775ms
08-04 15:18:48.352  7266  7327 I art     : Starting a blocking GC Explicit
08-04 15:18:48.410 10437 10437 D AndroidRuntime: >>>>>> START com.android.internal.os.RuntimeInit uid 2000 <<<<<<
08-04 15:18:48.416 10437 10437 D AndroidRuntime: CheckJNI is OFF
08-04 15:18:48.424  7266  7327 I art     : Explicit concurrent mark sweep GC freed 147(2496B) AllocSpace objects, 0(0B) LOS objects, 7% free, 187MB/203MB, paused 1.683ms total 71.961ms
08-04 15:18:48.445  7266  7327 I art     : Starting a blocking GC Explicit
08-04 15:18:48.463 10437 10437 D ICU     : No timezone override file found: /data/misc/zoneinfo/current/icu/icu_tzdata.dat
08-04 15:18:48.510 10437 10437 I Radio-JNI: register_android_hardware_Radio DONE
08-04 15:18:48.515  7266  7327 I art     : Explicit concurrent mark sweep GC freed 123(2096B) AllocSpace objects, 0(0B) LOS objects, 7% free, 187MB/203MB, paused 1.634ms total 69.470ms
08-04 15:18:48.540 10437 10437 D AndroidRuntime: Calling main entry com.android.commands.am.Am
08-04 15:18:48.555  2375  2375 I Trepn   : Trepn 6.2s: Received intent: com.quicinc.trepn.stop_profiling
08-04 15:18:48.610  2375  2375 I Trepn   : Trepn 6.2s: Trepn has Stopped Profiling.
08-04 15:18:48.803 10437 10437 D AndroidRuntime: Shutting down VM
08-04 15:18:48.808   918  3714 W AppOps  : Finishing op nesting under-run: uid 10078 pkg com.quicinc.trepn code 24 time=0 duration=0 nesting=0
08-04 15:18:48.924  7266  7280 I art     : Starting a blocking GC Explicit
08-04 15:18:49.002  7266  7280 I art     : Explicit concurrent mark sweep GC freed 2324(104KB) AllocSpace objects, 2(64KB) LOS objects, 7% free, 187MB/203MB, paused 1.809ms total 77.666ms
08-04 15:18:49.027  7266  7280 I art     : Starting a blocking GC Explicit
08-04 15:18:49.098  7266  7280 I art     : Explicit concurrent mark sweep GC freed 180(3KB) AllocSpace objects, 0(0B) LOS objects, 7% free, 187MB/203MB, paused 1.569ms total 70.206ms
08-04 15:18:49.119  7266  7280 I art     : Starting a blocking GC Explicit
08-04 15:18:49.184  7266  7280 I art     : Explicit concurrent mark sweep GC freed 158(3KB) AllocSpace objects, 0(0B) LOS objects, 7% free, 187MB/203MB, paused 1.414ms total 65.238ms
08-04 15:18:49.206  7266  7280 I art     : Starting a blocking GC Explicit
08-04 15:18:49.270  7266  7280 I art     : Explicit concurrent mark sweep GC freed 123(2096B) AllocSpace objects, 0(0B) LOS objects, 7% free, 187MB/203MB, paused 1.595ms total 64.044ms
08-04 15:18:49.292  7266  7280 I art     : Starting a blocking GC Explicit
08-04 15:18:49.361  7266  7280 I art     : Explicit concurrent mark sweep GC freed 123(2096B) AllocSpace objects, 0(0B) LOS objects, 7% free, 187MB/203MB, paused 1.423ms total 68.289ms
