--------- beginning of main
08-04 02:42:03.832 12458 12458 D AndroidRuntime: >>>>>> START com.android.internal.os.RuntimeInit uid 2000 <<<<<<
08-04 02:42:03.838 12458 12458 D AndroidRuntime: CheckJNI is OFF
08-04 02:42:03.869 12458 12458 D ICU     : No timezone override file found: /data/misc/zoneinfo/current/icu/icu_tzdata.dat
08-04 02:42:04.006 12458 12458 I Radio-JNI: register_android_hardware_Radio DONE
08-04 02:42:04.025 12458 12458 D AndroidRuntime: Calling main entry com.android.commands.monkey.Monkey
--------- beginning of system
08-04 02:42:04.045   918   931 W BroadcastQueue: Skipping deliver [background] BroadcastRecord{8d1b95b u-1 android.net.conn.CONNECTIVITY_CHANGE} to ReceiverList{f27d5f8 12458 (unknown name)/2000/u-1 remote:d3dae55}: process crashing
08-04 02:42:04.056   918  3359 I ActivityManager: START u0 {act=android.intent.action.MAIN cat=[android.intent.category.LAUNCHER] flg=0x10200000 cmp=baseline.io.github.project_travel_mate/.SplashActivity} from uid 2000 on display 0
08-04 02:42:04.089 12467 12467 I art     : Late-enabling -Xcheck:jni
08-04 02:42:04.092   918  4413 I ActivityManager: Start proc 12467:baseline.io.github.project_travel_mate/u0a650 for activity baseline.io.github.project_travel_mate/.SplashActivity
08-04 02:42:04.098 12458 12458 I art     : System.exit called, status: 0
08-04 02:42:04.099 12458 12458 I AndroidRuntime: VM exiting with result code 0.
08-04 02:42:04.162  6202 13432 I PBSessionCacheImpl: Deleted sessionId[27278280657311515] from persistence.
08-04 02:42:04.165  6202  6241 W SearchServiceCore: Abort, client detached.
08-04 02:42:04.165  6202  6241 I MicroDetectionState: Should stop hotword detection immediately - true
08-04 02:42:04.186 12467 12467 W System  : ClassLoader referenced unknown path: /data/app/baseline.io.github.project_travel_mate-1/lib/arm64
08-04 02:42:04.341 12467 12467 W art     : Before Android 4.1, method android.graphics.PorterDuffColorFilter androidx.vectordrawable.graphics.drawable.VectorDrawableCompat.updateTintFilter(android.graphics.PorterDuffColorFilter, android.content.res.ColorStateList, android.graphics.PorterDuff$Mode) would have incorrectly overridden the package-private method in android.graphics.drawable.Drawable
08-04 02:42:04.393 12467 12467 I art     : Rejecting re-init on previously-failed class java.lang.Class<androidx.core.view.ViewCompat$OnUnhandledKeyEventListenerWrapper>
08-04 02:42:04.394 12467 12467 I art     : Rejecting re-init on previously-failed class java.lang.Class<androidx.core.view.ViewCompat$OnUnhandledKeyEventListenerWrapper>
08-04 02:42:04.453 12467 12482 D OpenGLRenderer: Use EGL_SWAP_BEHAVIOR_PRESERVED: true
08-04 02:42:04.499 12467 12482 I Adreno  : QUALCOMM build                   : fcf4852, I1af360237c
08-04 02:42:04.499 12467 12482 I Adreno  : Build Date                       : 09/23/15
08-04 02:42:04.499 12467 12482 I Adreno  : OpenGL ES Shader Compiler Version: XE031.05.13.02
08-04 02:42:04.499 12467 12482 I Adreno  : Local Branch                     : mybranch14465806
08-04 02:42:04.499 12467 12482 I Adreno  : Remote Branch                    : quic/LA.BF64.1.2.9_v2
08-04 02:42:04.499 12467 12482 I Adreno  : Remote Branch                    : NONE
08-04 02:42:04.499 12467 12482 I Adreno  : Reconstruct Branch               : NOTHING
08-04 02:42:04.509 12467 12482 I OpenGLRenderer: Initialized EGL, version 1.4
08-04 02:42:04.650   918   936 I ActivityManager: Displayed baseline.io.github.project_travel_mate/.SplashActivity: +586ms
08-04 02:42:04.656 13866 13866 I GoogleInputMethodServic: GoogleInputMethodService.onFinishInput():3138 
08-04 02:42:04.657 13866 13866 I GoogleInputMethodServic: GoogleInputMethodService.onStartInput():1808 
08-04 02:42:05.662 12495 12495 D AndroidRuntime: >>>>>> START com.android.internal.os.RuntimeInit uid 2000 <<<<<<
08-04 02:42:05.665 12495 12495 D AndroidRuntime: CheckJNI is OFF
08-04 02:42:05.692 12495 12495 D ICU     : No timezone override file found: /data/misc/zoneinfo/current/icu/icu_tzdata.dat
08-04 02:42:05.718 12495 12495 I Radio-JNI: register_android_hardware_Radio DONE
08-04 02:42:05.734 12495 12495 D AndroidRuntime: Calling main entry com.android.commands.am.Am
08-04 02:42:05.740  8825  8825 I Trepn   : Trepn 6.2s: Received intent: com.quicinc.trepn.start_profiling
08-04 02:42:05.858  8825  8825 W FileUtils: Failed to chmod(/storage/emulated/0/trepn/Trepn_2020.08.04_024205.db): android.system.ErrnoException: chmod failed: EPERM (Operation not permitted)
08-04 02:42:05.980  8825  8825 I Trepn   : Trepn 6.2s: Trepn has Started Profiling.
08-04 02:42:05.981 12495 12495 D AndroidRuntime: Shutting down VM
08-04 02:42:06.523 12467 12479 I art     : Starting a blocking GC Explicit
08-04 02:42:06.549 12467 12479 I art     : Explicit concurrent mark sweep GC freed 67324(3MB) AllocSpace objects, 2(40KB) LOS objects, 40% free, 20MB/34MB, paused 140us total 25.317ms
08-04 02:42:06.559 12467 12479 I art     : Starting a blocking GC Explicit
08-04 02:42:06.566   918  6112 I ActivityManager: START u0 {cmp=baseline.io.github.project_travel_mate/.MainActivity} from uid 10650 on display 0
08-04 02:42:06.586 12467 12479 I art     : Explicit concurrent mark sweep GC freed 1804(83KB) AllocSpace objects, 0(0B) LOS objects, 40% free, 20MB/34MB, paused 189us total 27.053ms
08-04 02:42:06.595 12467 12479 I art     : Starting a blocking GC Explicit
08-04 02:42:06.634 12467 12479 I art     : Explicit concurrent mark sweep GC freed 609(53KB) AllocSpace objects, 0(0B) LOS objects, 40% free, 20MB/34MB, paused 14.776ms total 38.877ms
08-04 02:42:06.642 12467 12479 I art     : Starting a blocking GC Explicit
08-04 02:42:06.674 12467 12479 I art     : Explicit concurrent mark sweep GC freed 91(34KB) AllocSpace objects, 0(0B) LOS objects, 40% free, 20MB/34MB, paused 482us total 32.192ms
08-04 02:42:06.682 12467 12479 I art     : Starting a blocking GC Explicit
08-04 02:42:06.693 12467 12479 I art     : Explicit concurrent mark sweep GC freed 56(16KB) AllocSpace objects, 0(0B) LOS objects, 40% free, 20MB/34MB, paused 505us total 10.949ms
08-04 02:42:06.826 12467 12467 W Settings: Setting airplane_mode_on has moved from android.provider.Settings.System to android.provider.Settings.Global, returning read-only value.
08-04 02:42:06.846 12467 12467 V MainActivity: url=https://project-travel-mate.herokuapp.com/api/get-user
08-04 02:42:06.893 12467 12544 W LOTTIE  : Unknown mask mode mode. Defaulting to Add.
08-04 02:42:06.900 12467 12544 W LOTTIE  : You have 5 images. Lottie should primarily be used with shapes. If you are using Adobe Illustrator, convert the Illustrator layers to shape layers.
08-04 02:42:06.901 12467 12544 W LOTTIE  : Unknown mask mode mode. Defaulting to Add.
08-04 02:42:06.902 12467 12544 W LOTTIE  : Unknown mask mode mode. Defaulting to Add.
08-04 02:42:06.952 12467 12467 V CityFragment: url=https://project-travel-mate.herokuapp.com/api/get-all-cities/10
08-04 02:42:07.107 12467 12479 I art     : Starting a blocking GC Explicit
08-04 02:42:07.131 12467 12479 I art     : Explicit concurrent mark sweep GC freed 15028(1075KB) AllocSpace objects, 2(40KB) LOS objects, 40% free, 23MB/38MB, paused 215us total 20.792ms
08-04 02:42:07.703 12467 12479 I art     : Starting a blocking GC Explicit
08-04 02:42:07.704 12467 12467 E RecyclerView: No adapter attached; skipping layout
08-04 02:42:07.737 12467 12548 I NAPPA_EXPERIMENTATION: MetricNetworkRequestExecutionTime: REQUEST_DURATION_SYSTEM='782',REQUEST_DURATION_OKHTTP='32',REQUEST_SYNCHRONOUS='FALSE',RESPONSE_CODE='200',RESPONSE_METHOD='GET',RESPONSE_LENGTH_OKHTTP='1588',RESPONSE_LENGTH_HEADER='1588',REQUEST_PROTOCOL='http/1.1',REQUEST_URL='https://project-travel-mate.herokuapp.com/api/get-all-cities/10',
08-04 02:42:07.743 12467 12479 I art     : Explicit concurrent mark sweep GC freed 6132(394KB) AllocSpace objects, 6(400KB) LOS objects, 40% free, 23MB/39MB, paused 1.909ms total 38.766ms
08-04 02:42:07.750 12467 12541 I NAPPA_EXPERIMENTATION: MetricNetworkRequestExecutionTime: REQUEST_DURATION_SYSTEM='884',REQUEST_DURATION_OKHTTP='50',REQUEST_SYNCHRONOUS='FALSE',RESPONSE_CODE='200',RESPONSE_METHOD='GET',RESPONSE_LENGTH_OKHTTP='185',RESPONSE_LENGTH_HEADER='185',REQUEST_PROTOCOL='http/1.1',REQUEST_URL='https://project-travel-mate.herokuapp.com/api/get-user',
08-04 02:42:07.756 12467 12479 I art     : Starting a blocking GC Explicit
08-04 02:42:07.774 12467 12479 I art     : Explicit concurrent mark sweep GC freed 4267(392KB) AllocSpace objects, 0(0B) LOS objects, 40% free, 23MB/39MB, paused 422us total 17.791ms
08-04 02:42:07.785 12467 12479 I art     : Starting a blocking GC Explicit
08-04 02:42:07.801 12467 12479 I art     : Explicit concurrent mark sweep GC freed 2178(82KB) AllocSpace objects, 0(0B) LOS objects, 40% free, 23MB/39MB, paused 531us total 16.002ms
08-04 02:42:07.806 12467 12467 I Choreographer: Skipped 50 frames!  The application may be doing too much work on its main thread.
08-04 02:42:07.810 12467 12479 I art     : Starting a blocking GC Explicit
08-04 02:42:07.826 12467 12479 I art     : Explicit concurrent mark sweep GC freed 682(35KB) AllocSpace objects, 0(0B) LOS objects, 36% free, 27MB/43MB, paused 390us total 16.011ms
08-04 02:42:07.909 12467 12467 V MainActivity: url = https://project-travel-mate.herokuapp.com/api/number-of-unread-notifications
08-04 02:42:07.914   918   936 I ActivityManager: Displayed baseline.io.github.project_travel_mate/.MainActivity: +1s326ms
08-04 02:42:07.937 12467 12467 V CityFragment: result=[{"id":1,"city_name":"Delhi","facts_count":6,"image":"https://upload.wikimedia.org/wikipedia/commons/9/94/%E0%B4%96%E0%B5%81%E0%B4%A4%E0%B5%8D%E0%B4%AC%E0%B5%8D_%E0%B4%AE%E0%B4%BF%E0%B4%A8%E0%B4%BE%E0%B5%BC1.jpg","visit_count":18186},{"id":2,"city_name":"Mumbai","facts_count":0,"image":"https://static1.squarespace.com/static/55917ae2e4b0984fc8c264c4/t/5ad7a037758d464041bfba27/1524102624280/Victoria_Mumbai.jpg","visit_count":6022},{"id":3,"city_name":"Bangalore","facts_count":0,"image":null,"visit_count":5536},{"id":8,"city_name":"Pune","facts_count":0,"image":"https://www.zricks.com/ImagesPostProject/47929//6557d975-20a9-4c6c-a776-8072a1936a76.jpg","visit_count":3324},{"id":4,"city_name":"Chennai","facts_count":0,"image":"http://lh3.ggpht.com/_YLb7tJ8RoAk/SfazBLdgf3I/AAAAAAAANEg/p52_Zz_URxg/s640/Picture%20009.jpg","visit_count":3061},{"id":5,"city_name":"Kolkata","facts_count":0,"image":"https://i.pinimg.com/originals/05/ec/42/05ec42c545b494d12cc612923483b4f0.jpg","visit_count":2211},{"id":9,"city_name":"Jaipur","facts_count":1,"image":"https://www.trodly.com/pictures/attraction/1943.jpg","visit_count":2007},{"id":6,"city_name":"Hyderabad","facts_count":0,"image":"https://i1.trekearth.com/photos/59194/charminar_020_sm.jpg","visit_count":1633},{"id":150,"city_name":"Panjim","facts_count":0,"image":"http://www.nomad4ever.com/wp-content/uploads/2009/04/palm-trees-at-baga-creek-north-goa1.jpg","visit_count":1488},{"id":7,"city_name":"Ahmedabad","facts_count":0,"image":"https://i.pinimg.com/originals/a5/ed/29/a5ed293271669a61f47059f7b0d9cf2c.jpg","visit_count":1115}]
08-04 02:42:07.937 13866 13866 I GoogleInputMethodServic: GoogleInputMethodService.onFinishInput():3138 
08-04 02:42:07.938 13866 13866 I GoogleInputMethodServic: GoogleInputMethodService.onStartInput():1808 
08-04 02:42:07.996 12467 12467 D CityFragment: get cities cities size = 10
08-04 02:42:08.020 12467 12480 I art     : Starting a blocking GC Explicit
08-04 02:42:08.041 12467 12480 I art     : Explicit concurrent mark sweep GC freed 3417(253KB) AllocSpace objects, 2(40KB) LOS objects, 34% free, 30MB/46MB, paused 412us total 20.528ms
08-04 02:42:08.050 12467 12480 I art     : Starting a blocking GC Explicit
08-04 02:42:08.065 12467 12480 I art     : Explicit concurrent mark sweep GC freed 527(31KB) AllocSpace objects, 0(0B) LOS objects, 34% free, 30MB/46MB, paused 639us total 15.412ms
08-04 02:42:08.074 12467 12480 I art     : Starting a blocking GC Explicit
08-04 02:42:08.092 12467 12480 I art     : Explicit concurrent mark sweep GC freed 442(33KB) AllocSpace objects, 0(0B) LOS objects, 34% free, 30MB/46MB, paused 494us total 17.275ms
08-04 02:42:08.101 12467 12480 I art     : Starting a blocking GC Explicit
08-04 02:42:08.118 12467 12467 E RecyclerView: No adapter attached; skipping layout
08-04 02:42:08.121 12467 12480 I art     : Explicit concurrent mark sweep GC freed 734(38KB) AllocSpace objects, 0(0B) LOS objects, 34% free, 30MB/46MB, paused 1.164ms total 20.492ms
08-04 02:42:08.130 12467 12480 I art     : Starting a blocking GC Explicit
08-04 02:42:08.145 12467 12480 I art     : Explicit concurrent mark sweep GC freed 472(26KB) AllocSpace objects, 0(0B) LOS objects, 34% free, 30MB/46MB, paused 505us total 15.667ms
08-04 02:42:08.400 12467 12480 I art     : Starting a blocking GC Explicit
08-04 02:42:08.409 12467 12559 I NAPPA_EXPERIMENTATION: MetricNetworkRequestExecutionTime: REQUEST_DURATION_SYSTEM='500',REQUEST_DURATION_OKHTTP='43',REQUEST_SYNCHRONOUS='FALSE',RESPONSE_CODE='200',RESPONSE_METHOD='GET',RESPONSE_LENGTH_OKHTTP='36',RESPONSE_LENGTH_HEADER='36',REQUEST_PROTOCOL='http/1.1',REQUEST_URL='https://project-travel-mate.herokuapp.com/api/number-of-unread-notifications',
08-04 02:42:08.422   380   380 W SurfaceFlinger: couldn't log to binary event log: overflow.
08-04 02:42:08.425 12467 12480 I art     : Explicit concurrent mark sweep GC freed 16012(1406KB) AllocSpace objects, 16(4MB) LOS objects, 34% free, 29MB/45MB, paused 415us total 23.764ms
08-04 02:42:08.434 12467 12480 I art     : Starting a blocking GC Explicit
08-04 02:42:08.451 12467 12480 I art     : Explicit concurrent mark sweep GC freed 4161(322KB) AllocSpace objects, 0(0B) LOS objects, 35% free, 29MB/45MB, paused 394us total 16.329ms
08-04 02:42:08.459 12467 12480 I art     : Starting a blocking GC Explicit
08-04 02:42:08.475 12467 12480 I art     : Explicit concurrent mark sweep GC freed 8249(284KB) AllocSpace objects, 0(0B) LOS objects, 35% free, 29MB/45MB, paused 278us total 15.871ms
08-04 02:42:08.483 12467 12480 I art     : Starting a blocking GC Explicit
08-04 02:42:08.498 12467 12480 I art     : Explicit concurrent mark sweep GC freed 690(130KB) AllocSpace objects, 2(56KB) LOS objects, 34% free, 30MB/46MB, paused 306us total 14.808ms
08-04 02:42:08.506 12467 12480 I art     : Starting a blocking GC Explicit
08-04 02:42:08.523 12467 12480 I art     : Explicit concurrent mark sweep GC freed 1679(198KB) AllocSpace objects, 0(0B) LOS objects, 34% free, 30MB/46MB, paused 315us total 16.291ms
08-04 02:42:08.825 12467 12526 I art     : Starting a blocking GC Explicit
08-04 02:42:08.851 12467 12526 I art     : Explicit concurrent mark sweep GC freed 11516(1145KB) AllocSpace objects, 19(1820KB) LOS objects, 31% free, 34MB/50MB, paused 365us total 25.732ms
08-04 02:42:08.860 12467 12526 I art     : Starting a blocking GC Explicit
08-04 02:42:08.876 12467 12526 I art     : Explicit concurrent mark sweep GC freed 461(16KB) AllocSpace objects, 3(1292KB) LOS objects, 32% free, 32MB/48MB, paused 219us total 16.154ms
08-04 02:42:08.885 12467 12526 I art     : Starting a blocking GC Explicit
08-04 02:42:08.901 12467 12526 I art     : Explicit concurrent mark sweep GC freed 55(1408B) AllocSpace objects, 0(0B) LOS objects, 32% free, 32MB/48MB, paused 249us total 16.455ms
08-04 02:42:08.910 12467 12526 I art     : Starting a blocking GC Explicit
08-04 02:42:08.926 12467 12526 I art     : Explicit concurrent mark sweep GC freed 51(896B) AllocSpace objects, 0(0B) LOS objects, 32% free, 32MB/48MB, paused 226us total 15.786ms
08-04 02:42:08.934 12467 12526 I art     : Starting a blocking GC Explicit
08-04 02:42:08.950 12467 12526 I art     : Explicit concurrent mark sweep GC freed 27(496B) AllocSpace objects, 0(0B) LOS objects, 32% free, 32MB/48MB, paused 258us total 15.283ms
08-04 02:42:09.277 12467 12525 I art     : Starting a blocking GC Explicit
08-04 02:42:09.297 12467 12525 I art     : Explicit concurrent mark sweep GC freed 2336(111KB) AllocSpace objects, 2(40KB) LOS objects, 32% free, 32MB/48MB, paused 257us total 19.047ms
08-04 02:42:09.306 12467 12525 I art     : Starting a blocking GC Explicit
08-04 02:42:09.324 12467 12525 I art     : Explicit concurrent mark sweep GC freed 56(1904B) AllocSpace objects, 0(0B) LOS objects, 32% free, 32MB/48MB, paused 244us total 17.196ms
08-04 02:42:09.333 12467 12525 I art     : Starting a blocking GC Explicit
08-04 02:42:09.350 12467 12525 I art     : Explicit concurrent mark sweep GC freed 51(896B) AllocSpace objects, 0(0B) LOS objects, 32% free, 32MB/48MB, paused 247us total 17.281ms
08-04 02:42:09.359 12467 12525 I art     : Starting a blocking GC Explicit
08-04 02:42:09.376 12467 12525 I art     : Explicit concurrent mark sweep GC freed 31(544B) AllocSpace objects, 0(0B) LOS objects, 32% free, 32MB/48MB, paused 291us total 17.399ms
08-04 02:42:09.385 12467 12525 I art     : Starting a blocking GC Explicit
08-04 02:42:09.402 12467 12525 I art     : Explicit concurrent mark sweep GC freed 47(848B) AllocSpace objects, 0(0B) LOS objects, 32% free, 32MB/48MB, paused 257us total 16.822ms
08-04 02:42:09.762 12467 12526 I art     : Starting a blocking GC Explicit
08-04 02:42:09.786 12467 12526 I art     : Explicit concurrent mark sweep GC freed 1973(91KB) AllocSpace objects, 2(40KB) LOS objects, 32% free, 32MB/48MB, paused 283us total 23.629ms
08-04 02:42:09.800 12467 12526 I art     : Starting a blocking GC Explicit
08-04 02:42:09.818 12467 12526 I art     : Explicit concurrent mark sweep GC freed 70(1584B) AllocSpace objects, 0(0B) LOS objects, 32% free, 32MB/48MB, paused 256us total 17.948ms
08-04 02:42:09.827 12467 12526 I art     : Starting a blocking GC Explicit
08-04 02:42:09.846 12467 12526 I art     : Explicit concurrent mark sweep GC freed 49(832B) AllocSpace objects, 0(0B) LOS objects, 32% free, 32MB/48MB, paused 264us total 18.191ms
08-04 02:42:09.855 12467 12526 I art     : Starting a blocking GC Explicit
08-04 02:42:09.872 12467 12526 I art     : Explicit concurrent mark sweep GC freed 29(560B) AllocSpace objects, 0(0B) LOS objects, 32% free, 32MB/48MB, paused 261us total 17.247ms
08-04 02:42:09.881 12467 12526 I art     : Starting a blocking GC Explicit
08-04 02:42:09.899 12467 12526 I art     : Explicit concurrent mark sweep GC freed 51(896B) AllocSpace objects, 0(0B) LOS objects, 32% free, 32MB/48MB, paused 256us total 17.712ms
08-04 02:42:10.194 12467 12480 I art     : Starting a blocking GC Explicit
08-04 02:42:10.211 12467 12480 I art     : Explicit concurrent mark sweep GC freed 1879(90KB) AllocSpace objects, 2(40KB) LOS objects, 32% free, 32MB/48MB, paused 249us total 17.270ms
08-04 02:42:10.220 12467 12480 I art     : Starting a blocking GC Explicit
08-04 02:42:10.237 12467 12480 I art     : Explicit concurrent mark sweep GC freed 46(1184B) AllocSpace objects, 0(0B) LOS objects, 32% free, 32MB/48MB, paused 258us total 17.189ms
08-04 02:42:10.246 12467 12480 I art     : Starting a blocking GC Explicit
08-04 02:42:10.264 12467 12480 I art     : Explicit concurrent mark sweep GC freed 51(896B) AllocSpace objects, 0(0B) LOS objects, 32% free, 32MB/48MB, paused 244us total 17.112ms
08-04 02:42:10.272 12467 12480 I art     : Starting a blocking GC Explicit
08-04 02:42:10.290 12467 12480 I art     : Explicit concurrent mark sweep GC freed 27(496B) AllocSpace objects, 0(0B) LOS objects, 32% free, 32MB/48MB, paused 251us total 17.726ms
08-04 02:42:10.299 12467 12480 I art     : Starting a blocking GC Explicit
08-04 02:42:10.317 12467 12480 I art     : Explicit concurrent mark sweep GC freed 51(896B) AllocSpace objects, 0(0B) LOS objects, 32% free, 32MB/48MB, paused 254us total 17.407ms
08-04 02:42:10.662 12467 12479 I art     : Starting a blocking GC Explicit
08-04 02:42:10.683 12467 12479 I art     : Explicit concurrent mark sweep GC freed 1951(91KB) AllocSpace objects, 2(40KB) LOS objects, 32% free, 32MB/48MB, paused 253us total 20.240ms
08-04 02:42:10.696 12467 12479 I art     : Starting a blocking GC Explicit
08-04 02:42:10.713 12467 12479 I art     : Explicit concurrent mark sweep GC freed 70(1584B) AllocSpace objects, 0(0B) LOS objects, 32% free, 32MB/48MB, paused 253us total 16.738ms
08-04 02:42:10.722 12467 12479 I art     : Starting a blocking GC Explicit
08-04 02:42:10.739 12467 12479 I art     : Explicit concurrent mark sweep GC freed 27(496B) AllocSpace objects, 0(0B) LOS objects, 32% free, 32MB/48MB, paused 253us total 16.605ms
08-04 02:42:10.747 12467 12479 I art     : Starting a blocking GC Explicit
08-04 02:42:10.764 12467 12479 I art     : Explicit concurrent mark sweep GC freed 51(896B) AllocSpace objects, 0(0B) LOS objects, 32% free, 32MB/48MB, paused 247us total 16.848ms
08-04 02:42:10.773 12467 12479 I art     : Starting a blocking GC Explicit
08-04 02:42:10.790 12467 12479 I art     : Explicit concurrent mark sweep GC freed 27(496B) AllocSpace objects, 0(0B) LOS objects, 32% free, 32MB/48MB, paused 241us total 16.755ms
08-04 02:42:11.093 12467 12525 I art     : Starting a blocking GC Explicit
08-04 02:42:11.112 12467 12525 I art     : Explicit concurrent mark sweep GC freed 1902(90KB) AllocSpace objects, 2(40KB) LOS objects, 32% free, 32MB/48MB, paused 278us total 18.960ms
08-04 02:42:11.121 12467 12525 I art     : Starting a blocking GC Explicit
08-04 02:42:11.139 12467 12525 I art     : Explicit concurrent mark sweep GC freed 47(1216B) AllocSpace objects, 0(0B) LOS objects, 32% free, 32MB/48MB, paused 258us total 17.991ms
08-04 02:42:11.148 12467 12525 I art     : Starting a blocking GC Explicit
08-04 02:42:11.166 12467 12525 I art     : Explicit concurrent mark sweep GC freed 51(896B) AllocSpace objects, 0(0B) LOS objects, 32% free, 32MB/48MB, paused 261us total 17.486ms
08-04 02:42:11.175 12467 12525 I art     : Starting a blocking GC Explicit
08-04 02:42:11.193 12467 12525 I art     : Explicit concurrent mark sweep GC freed 27(496B) AllocSpace objects, 0(0B) LOS objects, 32% free, 32MB/48MB, paused 290us total 17.562ms
08-04 02:42:11.202 12467 12525 I art     : Starting a blocking GC Explicit
08-04 02:42:11.219 12467 12525 I art     : Explicit concurrent mark sweep GC freed 51(896B) AllocSpace objects, 0(0B) LOS objects, 32% free, 32MB/48MB, paused 252us total 17.210ms
08-04 02:42:11.592 12467 12526 I art     : Starting a blocking GC Explicit
08-04 02:42:11.616 12467 12526 I art     : Explicit concurrent mark sweep GC freed 1998(92KB) AllocSpace objects, 2(40KB) LOS objects, 32% free, 32MB/48MB, paused 287us total 23.962ms
08-04 02:42:11.630 12467 12526 I art     : Starting a blocking GC Explicit
08-04 02:42:11.648 12467 12526 I art     : Explicit concurrent mark sweep GC freed 70(1600B) AllocSpace objects, 0(0B) LOS objects, 32% free, 32MB/48MB, paused 238us total 18.464ms
08-04 02:42:11.657 12467 12526 I art     : Starting a blocking GC Explicit
08-04 02:42:11.675 12467 12526 I art     : Explicit concurrent mark sweep GC freed 27(496B) AllocSpace objects, 0(0B) LOS objects, 32% free, 32MB/48MB, paused 243us total 17.529ms
08-04 02:42:11.685 12467 12526 I art     : Starting a blocking GC Explicit
08-04 02:42:11.702 12467 12526 I art     : Explicit concurrent mark sweep GC freed 51(896B) AllocSpace objects, 0(0B) LOS objects, 32% free, 32MB/48MB, paused 237us total 17.103ms
08-04 02:42:11.711 12467 12526 I art     : Starting a blocking GC Explicit
08-04 02:42:11.729 12467 12526 I art     : Explicit concurrent mark sweep GC freed 34(592B) AllocSpace objects, 0(0B) LOS objects, 32% free, 32MB/48MB, paused 307us total 18.043ms
08-04 02:42:12.074 12467 12480 I art     : Starting a blocking GC Explicit
08-04 02:42:12.098 12467 12480 I art     : Explicit concurrent mark sweep GC freed 1966(91KB) AllocSpace objects, 2(40KB) LOS objects, 32% free, 32MB/48MB, paused 291us total 23.620ms
08-04 02:42:12.111 12467 12480 I art     : Starting a blocking GC Explicit
08-04 02:42:12.129 12467 12480 I art     : Explicit concurrent mark sweep GC freed 53(1312B) AllocSpace objects, 0(0B) LOS objects, 32% free, 32MB/48MB, paused 303us total 18.153ms
08-04 02:42:12.138 12467 12480 I art     : Starting a blocking GC Explicit
08-04 02:42:12.156 12467 12480 I art     : Explicit concurrent mark sweep GC freed 45(816B) AllocSpace objects, 0(0B) LOS objects, 32% free, 32MB/48MB, paused 255us total 17.588ms
08-04 02:42:12.165 12467 12480 I art     : Starting a blocking GC Explicit
08-04 02:42:12.183 12467 12480 I art     : Explicit concurrent mark sweep GC freed 51(896B) AllocSpace objects, 0(0B) LOS objects, 32% free, 32MB/48MB, paused 262us total 17.720ms
08-04 02:42:12.192 12467 12480 I art     : Starting a blocking GC Explicit
08-04 02:42:12.210 12467 12480 I art     : Explicit concurrent mark sweep GC freed 27(496B) AllocSpace objects, 0(0B) LOS objects, 32% free, 32MB/48MB, paused 252us total 17.224ms
08-04 02:42:12.566 12467 12479 I art     : Starting a blocking GC Explicit
08-04 02:42:12.590 12467 12479 I art     : Explicit concurrent mark sweep GC freed 1974(91KB) AllocSpace objects, 2(40KB) LOS objects, 32% free, 32MB/48MB, paused 278us total 23.865ms
08-04 02:42:12.604 12467 12479 I art     : Starting a blocking GC Explicit
08-04 02:42:12.623 12467 12479 I art     : Explicit concurrent mark sweep GC freed 70(1584B) AllocSpace objects, 0(0B) LOS objects, 32% free, 32MB/48MB, paused 245us total 17.936ms
08-04 02:42:12.632 12467 12479 I art     : Starting a blocking GC Explicit
08-04 02:42:12.649 12467 12479 I art     : Explicit concurrent mark sweep GC freed 51(896B) AllocSpace objects, 0(0B) LOS objects, 32% free, 32MB/48MB, paused 253us total 17.181ms
08-04 02:42:12.658 12467 12479 I art     : Starting a blocking GC Explicit
08-04 02:42:12.675 12467 12479 I art     : Explicit concurrent mark sweep GC freed 27(496B) AllocSpace objects, 0(0B) LOS objects, 32% free, 32MB/48MB, paused 245us total 16.973ms
08-04 02:42:12.684 12467 12479 I art     : Starting a blocking GC Explicit
08-04 02:42:12.701 12467 12479 I art     : Explicit concurrent mark sweep GC freed 51(896B) AllocSpace objects, 0(0B) LOS objects, 32% free, 32MB/48MB, paused 252us total 17.338ms
08-04 02:42:13.052 12467 12525 I art     : Starting a blocking GC Explicit
08-04 02:42:13.076 12467 12525 I art     : Explicit concurrent mark sweep GC freed 1951(91KB) AllocSpace objects, 2(40KB) LOS objects, 32% free, 32MB/48MB, paused 292us total 23.737ms
08-04 02:42:13.091 12467 12525 I art     : Starting a blocking GC Explicit
08-04 02:42:13.107 12467 12525 I art     : Explicit concurrent mark sweep GC freed 70(1584B) AllocSpace objects, 0(0B) LOS objects, 32% free, 32MB/48MB, paused 249us total 16.163ms
08-04 02:42:13.117 12467 12525 I art     : Starting a blocking GC Explicit
08-04 02:42:13.133 12467 12525 I art     : Explicit concurrent mark sweep GC freed 51(896B) AllocSpace objects, 0(0B) LOS objects, 32% free, 32MB/48MB, paused 243us total 16.404ms
08-04 02:42:13.142 12467 12525 I art     : Starting a blocking GC Explicit
08-04 02:42:13.158 12467 12525 I art     : Explicit concurrent mark sweep GC freed 27(496B) AllocSpace objects, 0(0B) LOS objects, 32% free, 32MB/48MB, paused 244us total 16.090ms
08-04 02:42:13.167 12467 12525 I art     : Starting a blocking GC Explicit
08-04 02:42:13.183 12467 12525 I art     : Explicit concurrent mark sweep GC freed 51(896B) AllocSpace objects, 0(0B) LOS objects, 32% free, 32MB/48MB, paused 251us total 16.220ms
08-04 02:42:13.427 12697 12697 D AndroidRuntime: >>>>>> START com.android.internal.os.RuntimeInit uid 2000 <<<<<<
08-04 02:42:13.431 12697 12697 D AndroidRuntime: CheckJNI is OFF
08-04 02:42:13.459 12697 12697 D ICU     : No timezone override file found: /data/misc/zoneinfo/current/icu/icu_tzdata.dat
08-04 02:42:13.482 12467 12526 I art     : Starting a blocking GC Explicit
08-04 02:42:13.484 12697 12697 I Radio-JNI: register_android_hardware_Radio DONE
08-04 02:42:13.501 12697 12697 D AndroidRuntime: Calling main entry com.android.commands.input.Input
08-04 02:42:13.501 12467 12526 I art     : Explicit concurrent mark sweep GC freed 1879(90KB) AllocSpace objects, 2(40KB) LOS objects, 32% free, 32MB/48MB, paused 262us total 18.270ms
08-04 02:42:13.503 12697 12697 I Input   : injectMotionEvent: MotionEvent { action=ACTION_DOWN, actionButton=0, id[0]=0, x[0]=346.0, y[0]=709.0, toolType[0]=TOOL_TYPE_UNKNOWN, buttonState=0, metaState=0, flags=0x0, edgeFlags=0x0, pointerCount=1, historySize=0, eventTime=672149916, downTime=672149916, deviceId=0, source=0x1002 }
08-04 02:42:13.510 12467 12526 I art     : Starting a blocking GC Explicit
08-04 02:42:13.511 12697 12697 I Input   : injectMotionEvent: MotionEvent { action=ACTION_UP, actionButton=0, id[0]=0, x[0]=346.0, y[0]=709.0, toolType[0]=TOOL_TYPE_UNKNOWN, buttonState=0, metaState=0, flags=0x0, edgeFlags=0x0, pointerCount=1, historySize=0, eventTime=672149916, downTime=672149916, deviceId=0, source=0x1002 }
08-04 02:42:13.522   918   929 I ActivityManager: START u0 {cmp=baseline.io.github.project_travel_mate/.destinations.description.FinalCityInfoActivity (has extras)} from uid 10650 on display 0
08-04 02:42:13.528 12697 12697 D AndroidRuntime: Shutting down VM
08-04 02:42:13.531 12467 12526 I art     : Explicit concurrent mark sweep GC freed 1207(181KB) AllocSpace objects, 0(0B) LOS objects, 32% free, 32MB/48MB, paused 2.687ms total 20.665ms
08-04 02:42:13.541 12467 12526 I art     : Starting a blocking GC Explicit
08-04 02:42:13.564 12467 12526 I art     : Explicit concurrent mark sweep GC freed 194(43KB) AllocSpace objects, 0(0B) LOS objects, 32% free, 32MB/48MB, paused 526us total 22.363ms
08-04 02:42:13.569 12467 12544 D Gabe    : call	returning from cache
08-04 02:42:13.573 12467 12526 I art     : Starting a blocking GC Explicit
08-04 02:42:13.591 12467 12526 I art     : Explicit concurrent mark sweep GC freed 1459(93KB) AllocSpace objects, 0(0B) LOS objects, 32% free, 32MB/48MB, paused 334us total 17.341ms
08-04 02:42:13.600 12467 12526 I art     : Starting a blocking GC Explicit
08-04 02:42:13.618 12467 12526 I art     : Explicit concurrent mark sweep GC freed 2502(86KB) AllocSpace objects, 0(0B) LOS objects, 32% free, 33MB/49MB, paused 481us total 18.261ms
08-04 02:42:13.657 12467 12467 V EXECUTING: https://project-travel-mate.herokuapp.com/api/get-city-weather/1
08-04 02:42:13.790   918   936 I ActivityManager: Displayed baseline.io.github.project_travel_mate/.destinations.description.FinalCityInfoActivity: +258ms
08-04 02:42:13.791 13866 13866 I GoogleInputMethodServic: GoogleInputMethodService.onFinishInput():3138 
08-04 02:42:13.791 13866 13866 I GoogleInputMethodServic: GoogleInputMethodService.onStartInput():1808 
08-04 02:42:13.871 12467 12480 I art     : Starting a blocking GC Explicit
08-04 02:42:13.889 12467 12480 I art     : Explicit concurrent mark sweep GC freed 5434(296KB) AllocSpace objects, 2(40KB) LOS objects, 29% free, 37MB/53MB, paused 297us total 17.674ms
08-04 02:42:13.898 12467 12480 I art     : Starting a blocking GC Explicit
08-04 02:42:13.916 12467 12480 I art     : Explicit concurrent mark sweep GC freed 261(12KB) AllocSpace objects, 0(0B) LOS objects, 29% free, 37MB/53MB, paused 306us total 17.829ms
08-04 02:42:13.925 12467 12480 I art     : Starting a blocking GC Explicit
08-04 02:42:13.943 12467 12480 I art     : Explicit concurrent mark sweep GC freed 51(896B) AllocSpace objects, 0(0B) LOS objects, 29% free, 37MB/53MB, paused 300us total 18.211ms
08-04 02:42:13.953 12467 12480 I art     : Starting a blocking GC Explicit
08-04 02:42:13.973 12467 12480 I art     : Explicit concurrent mark sweep GC freed 100(1728B) AllocSpace objects, 0(0B) LOS objects, 29% free, 37MB/53MB, paused 299us total 19.068ms
08-04 02:42:13.983 12467 12480 I art     : Starting a blocking GC Explicit
08-04 02:42:14.005 12467 12480 I art     : Explicit concurrent mark sweep GC freed 99(1696B) AllocSpace objects, 0(0B) LOS objects, 29% free, 37MB/53MB, paused 308us total 21.940ms
08-04 02:42:14.046   380   380 W SurfaceFlinger: couldn't log to binary event log: overflow.
08-04 02:42:14.226 12467 12722 I NAPPA_EXPERIMENTATION: MetricNetworkRequestExecutionTime: REQUEST_DURATION_SYSTEM='567',REQUEST_DURATION_OKHTTP='48',REQUEST_SYNCHRONOUS='FALSE',RESPONSE_CODE='200',RESPONSE_METHOD='GET',RESPONSE_LENGTH_OKHTTP='530',RESPONSE_LENGTH_HEADER='530',REQUEST_PROTOCOL='http/1.1',REQUEST_URL='https://project-travel-mate.herokuapp.com/api/get-city/1',
08-04 02:42:14.231 12467 12721 I NAPPA_EXPERIMENTATION: MetricNetworkRequestExecutionTime: REQUEST_DURATION_SYSTEM='574',REQUEST_DURATION_OKHTTP='54',REQUEST_SYNCHRONOUS='FALSE',RESPONSE_CODE='200',RESPONSE_METHOD='GET',RESPONSE_LENGTH_OKHTTP='238',RESPONSE_LENGTH_HEADER='238',REQUEST_PROTOCOL='http/1.1',REQUEST_URL='https://project-travel-mate.herokuapp.com/api/get-city-weather/1',
08-04 02:42:14.259 12467 12722 V Response: {"id":1,"city_name":"Delhi","description":"Delhi, officially the National Capital Territory of Delhi, is the Capital territory of India. During the British Raj, Delhi was part of the province of Punjab and is still historically and culturally connected to the Punjab region.","latitude":"28.613900","longitude":"77.209000","facts_count":6,"images":["https://upload.wikimedia.org/wikipedia/commons/9/94/%E0%B4%96%E0%B5%81%E0%B4%A4%E0%B5%8D%E0%B4%AC%E0%B5%8D_%E0%B4%AE%E0%B4%BF%E0%B4%A8%E0%B4%BE%E0%B5%BC1.jpg"],"has_visited":false}
08-04 02:42:14.299 12467 12526 I art     : Starting a blocking GC Explicit
08-04 02:42:14.320 12467 12526 I art     : Explicit concurrent mark sweep GC freed 7493(362KB) AllocSpace objects, 5(240KB) LOS objects, 29% free, 37MB/53MB, paused 493us total 20.763ms
08-04 02:42:14.329 12467 12526 I art     : Starting a blocking GC Explicit
08-04 02:42:14.348 12467 12526 I art     : Explicit concurrent mark sweep GC freed 2989(276KB) AllocSpace objects, 4(4MB) LOS objects, 31% free, 35MB/51MB, paused 308us total 18.361ms
08-04 02:42:14.357 12467 12526 I art     : Starting a blocking GC Explicit
08-04 02:42:14.375 12467 12526 I art     : Explicit concurrent mark sweep GC freed 382(41KB) AllocSpace objects, 1(20KB) LOS objects, 28% free, 39MB/55MB, paused 286us total 18.620ms
08-04 02:42:14.384 12467 12526 I art     : Starting a blocking GC Explicit
08-04 02:42:14.400 12467 12526 I art     : Explicit concurrent mark sweep GC freed 257(20KB) AllocSpace objects, 2(88KB) LOS objects, 28% free, 39MB/55MB, paused 254us total 16.277ms
08-04 02:42:14.408 12467 12526 I art     : Starting a blocking GC Explicit
08-04 02:42:14.426 12467 12526 I art     : Explicit concurrent mark sweep GC freed 101(14KB) AllocSpace objects, 1(1204KB) LOS objects, 29% free, 38MB/54MB, paused 271us total 17.173ms
08-04 02:42:14.716 12467 12525 I art     : Starting a blocking GC Explicit
08-04 02:42:14.733 12467 12525 I art     : Explicit concurrent mark sweep GC freed 2386(100KB) AllocSpace objects, 2(40KB) LOS objects, 29% free, 38MB/54MB, paused 243us total 17.055ms
08-04 02:42:14.742 12467 12525 I art     : Starting a blocking GC Explicit
08-04 02:42:14.759 12467 12525 I art     : Explicit concurrent mark sweep GC freed 72(1728B) AllocSpace objects, 0(0B) LOS objects, 29% free, 38MB/54MB, paused 277us total 16.655ms
08-04 02:42:14.767 12467 12525 I art     : Starting a blocking GC Explicit
08-04 02:42:14.784 12467 12525 I art     : Explicit concurrent mark sweep GC freed 99(1696B) AllocSpace objects, 0(0B) LOS objects, 29% free, 38MB/54MB, paused 269us total 17.152ms
08-04 02:42:14.793 12467 12525 I art     : Starting a blocking GC Explicit
08-04 02:42:14.809 12467 12525 I art     : Explicit concurrent mark sweep GC freed 51(896B) AllocSpace objects, 0(0B) LOS objects, 29% free, 38MB/54MB, paused 277us total 16.486ms
08-04 02:42:14.818 12467 12525 I art     : Starting a blocking GC Explicit
08-04 02:42:14.836 12467 12525 I art     : Explicit concurrent mark sweep GC freed 122(2736B) AllocSpace objects, 0(0B) LOS objects, 29% free, 38MB/54MB, paused 266us total 17.376ms
08-04 02:42:15.145 12467 12480 I art     : Starting a blocking GC Explicit
08-04 02:42:15.166 12467 12480 I art     : Explicit concurrent mark sweep GC freed 2395(99KB) AllocSpace objects, 2(40KB) LOS objects, 29% free, 38MB/54MB, paused 289us total 20.400ms
08-04 02:42:15.175 12467 12480 I art     : Starting a blocking GC Explicit
08-04 02:42:15.195 12467 12480 I art     : Explicit concurrent mark sweep GC freed 70(1584B) AllocSpace objects, 0(0B) LOS objects, 29% free, 38MB/54MB, paused 294us total 19.914ms
08-04 02:42:15.204 12467 12480 I art     : Starting a blocking GC Explicit
08-04 02:42:15.225 12467 12480 I art     : Explicit concurrent mark sweep GC freed 99(1696B) AllocSpace objects, 0(0B) LOS objects, 29% free, 38MB/54MB, paused 319us total 20.514ms
08-04 02:42:15.234 12467 12480 I art     : Starting a blocking GC Explicit
08-04 02:42:15.254 12467 12480 I art     : Explicit concurrent mark sweep GC freed 99(1696B) AllocSpace objects, 0(0B) LOS objects, 29% free, 38MB/54MB, paused 287us total 19.948ms
08-04 02:42:15.263 12467 12480 I art     : Starting a blocking GC Explicit
08-04 02:42:15.283 12467 12480 I art     : Explicit concurrent mark sweep GC freed 98(1664B) AllocSpace objects, 0(0B) LOS objects, 29% free, 38MB/54MB, paused 287us total 19.576ms
08-04 02:42:15.649 12467 12479 I art     : Starting a blocking GC Explicit
08-04 02:42:15.673 12467 12479 I art     : Explicit concurrent mark sweep GC freed 2529(100KB) AllocSpace objects, 2(40KB) LOS objects, 29% free, 38MB/54MB, paused 347us total 23.386ms
08-04 02:42:15.683 12467 12479 I art     : Starting a blocking GC Explicit
08-04 02:42:15.701 12467 12479 I art     : Explicit concurrent mark sweep GC freed 118(2384B) AllocSpace objects, 0(0B) LOS objects, 29% free, 38MB/54MB, paused 272us total 17.967ms
08-04 02:42:15.709 12467 12479 I art     : Starting a blocking GC Explicit
08-04 02:42:15.728 12467 12479 I art     : Explicit concurrent mark sweep GC freed 51(896B) AllocSpace objects, 0(0B) LOS objects, 29% free, 38MB/54MB, paused 428us total 18.308ms
08-04 02:42:15.737 12467 12479 I art     : Starting a blocking GC Explicit
08-04 02:42:15.756 12467 12479 I art     : Explicit concurrent mark sweep GC freed 99(1696B) AllocSpace objects, 0(0B) LOS objects, 29% free, 38MB/54MB, paused 272us total 19.614ms
08-04 02:42:15.765 12467 12479 I art     : Starting a blocking GC Explicit
08-04 02:42:15.786 12467 12479 I art     : Explicit concurrent mark sweep GC freed 99(1696B) AllocSpace objects, 0(0B) LOS objects, 29% free, 38MB/54MB, paused 283us total 20.799ms
08-04 02:42:16.146 12467 12525 I art     : Starting a blocking GC Explicit
08-04 02:42:16.170 12467 12525 I art     : Explicit concurrent mark sweep GC freed 2527(100KB) AllocSpace objects, 2(40KB) LOS objects, 29% free, 38MB/54MB, paused 301us total 22.860ms
08-04 02:42:16.183 12467 12525 I art     : Starting a blocking GC Explicit
08-04 02:42:16.203 12467 12525 I art     : Explicit concurrent mark sweep GC freed 118(2384B) AllocSpace objects, 0(0B) LOS objects, 29% free, 38MB/54MB, paused 291us total 19.485ms
08-04 02:42:16.212 12467 12525 I art     : Starting a blocking GC Explicit
08-04 02:42:16.231 12467 12525 I art     : Explicit concurrent mark sweep GC freed 51(896B) AllocSpace objects, 0(0B) LOS objects, 29% free, 38MB/54MB, paused 280us total 19.143ms
08-04 02:42:16.240 12467 12525 I art     : Starting a blocking GC Explicit
08-04 02:42:16.260 12467 12525 I art     : Explicit concurrent mark sweep GC freed 99(1696B) AllocSpace objects, 0(0B) LOS objects, 29% free, 38MB/54MB, paused 281us total 19.393ms
08-04 02:42:16.269 12467 12525 I art     : Starting a blocking GC Explicit
08-04 02:42:16.289 12467 12525 I art     : Explicit concurrent mark sweep GC freed 99(1696B) AllocSpace objects, 0(0B) LOS objects, 29% free, 38MB/54MB, paused 285us total 20.124ms
08-04 02:42:16.630 12467 12526 I art     : Starting a blocking GC Explicit
08-04 02:42:16.652 12467 12526 I art     : Explicit concurrent mark sweep GC freed 2480(100KB) AllocSpace objects, 2(40KB) LOS objects, 29% free, 38MB/54MB, paused 289us total 22.335ms
08-04 02:42:16.662 12467 12526 I art     : Starting a blocking GC Explicit
08-04 02:42:16.683 12467 12526 I art     : Explicit concurrent mark sweep GC freed 90(1904B) AllocSpace objects, 0(0B) LOS objects, 29% free, 38MB/54MB, paused 390us total 20.960ms
08-04 02:42:16.693 12467 12526 I art     : Starting a blocking GC Explicit
08-04 02:42:16.713 12467 12526 I art     : Explicit concurrent mark sweep GC freed 79(1376B) AllocSpace objects, 0(0B) LOS objects, 29% free, 38MB/54MB, paused 286us total 19.646ms
08-04 02:42:16.722 12467 12526 I art     : Starting a blocking GC Explicit
08-04 02:42:16.742 12467 12526 I art     : Explicit concurrent mark sweep GC freed 99(1696B) AllocSpace objects, 0(0B) LOS objects, 29% free, 38MB/54MB, paused 288us total 20.103ms
08-04 02:42:16.752 12467 12526 I art     : Starting a blocking GC Explicit
08-04 02:42:16.772 12467 12526 I art     : Explicit concurrent mark sweep GC freed 99(1696B) AllocSpace objects, 0(0B) LOS objects, 29% free, 38MB/54MB, paused 286us total 20.504ms
08-04 02:42:17.115 12467 12480 I art     : Starting a blocking GC Explicit
08-04 02:42:17.140 12467 12480 I art     : Explicit concurrent mark sweep GC freed 2481(100KB) AllocSpace objects, 2(40KB) LOS objects, 29% free, 38MB/54MB, paused 285us total 24.386ms
08-04 02:42:17.148 12467 12480 I art     : Starting a blocking GC Explicit
08-04 02:42:17.168 12467 12480 I art     : Explicit concurrent mark sweep GC freed 117(2352B) AllocSpace objects, 0(0B) LOS objects, 29% free, 38MB/54MB, paused 297us total 19.526ms
08-04 02:42:17.177 12467 12480 I art     : Starting a blocking GC Explicit
08-04 02:42:17.197 12467 12480 I art     : Explicit concurrent mark sweep GC freed 52(928B) AllocSpace objects, 0(0B) LOS objects, 29% free, 38MB/54MB, paused 285us total 19.186ms
08-04 02:42:17.205 12467 12480 I art     : Starting a blocking GC Explicit
08-04 02:42:17.225 12467 12480 I art     : Explicit concurrent mark sweep GC freed 99(1696B) AllocSpace objects, 0(0B) LOS objects, 29% free, 38MB/54MB, paused 289us total 19.383ms
08-04 02:42:17.235 12467 12480 I art     : Starting a blocking GC Explicit
08-04 02:42:17.255 12467 12480 I art     : Explicit concurrent mark sweep GC freed 99(1696B) AllocSpace objects, 0(0B) LOS objects, 29% free, 38MB/54MB, paused 301us total 19.916ms
08-04 02:42:17.600 12467 12479 I art     : Starting a blocking GC Explicit
08-04 02:42:17.623 12467 12479 I art     : Explicit concurrent mark sweep GC freed 2479(100KB) AllocSpace objects, 2(40KB) LOS objects, 29% free, 38MB/54MB, paused 295us total 22.614ms
08-04 02:42:17.636 12467 12479 I art     : Starting a blocking GC Explicit
08-04 02:42:17.656 12467 12479 I art     : Explicit concurrent mark sweep GC freed 118(2384B) AllocSpace objects, 0(0B) LOS objects, 29% free, 38MB/54MB, paused 268us total 19.345ms
08-04 02:42:17.665 12467 12479 I art     : Starting a blocking GC Explicit
08-04 02:42:17.684 12467 12479 I art     : Explicit concurrent mark sweep GC freed 98(1664B) AllocSpace objects, 0(0B) LOS objects, 29% free, 38MB/54MB, paused 310us total 19.408ms
08-04 02:42:17.693 12467 12479 I art     : Starting a blocking GC Explicit
08-04 02:42:17.712 12467 12479 I art     : Explicit concurrent mark sweep GC freed 52(928B) AllocSpace objects, 0(0B) LOS objects, 29% free, 38MB/54MB, paused 278us total 19.082ms
08-04 02:42:17.722 12467 12479 I art     : Starting a blocking GC Explicit
08-04 02:42:17.742 12467 12479 I art     : Explicit concurrent mark sweep GC freed 99(1696B) AllocSpace objects, 0(0B) LOS objects, 29% free, 38MB/54MB, paused 286us total 19.774ms
08-04 02:42:18.015 12467 12526 I art     : Starting a blocking GC Explicit
08-04 02:42:18.036 12467 12526 I art     : Explicit concurrent mark sweep GC freed 2310(98KB) AllocSpace objects, 2(40KB) LOS objects, 29% free, 38MB/54MB, paused 369us total 21.262ms
08-04 02:42:18.045 12467 12526 I art     : Starting a blocking GC Explicit
08-04 02:42:18.063 12467 12526 I art     : Explicit concurrent mark sweep GC freed 81(2160B) AllocSpace objects, 0(0B) LOS objects, 29% free, 38MB/54MB, paused 272us total 17.570ms
08-04 02:42:18.072 12467 12526 I art     : Starting a blocking GC Explicit
08-04 02:42:18.090 12467 12526 I art     : Explicit concurrent mark sweep GC freed 99(1696B) AllocSpace objects, 0(0B) LOS objects, 29% free, 38MB/54MB, paused 282us total 18.306ms
08-04 02:42:18.099 12467 12526 I art     : Starting a blocking GC Explicit
08-04 02:42:18.118 12467 12526 I art     : Explicit concurrent mark sweep GC freed 76(1296B) AllocSpace objects, 0(0B) LOS objects, 29% free, 38MB/54MB, paused 362us total 18.716ms
08-04 02:42:18.127 12467 12526 I art     : Starting a blocking GC Explicit
08-04 02:42:18.138 12818 12818 D AndroidRuntime: >>>>>> START com.android.internal.os.RuntimeInit uid 2000 <<<<<<
08-04 02:42:18.141 12818 12818 D AndroidRuntime: CheckJNI is OFF
08-04 02:42:18.147 12467 12526 I art     : Explicit concurrent mark sweep GC freed 74(1296B) AllocSpace objects, 0(0B) LOS objects, 29% free, 38MB/54MB, paused 319us total 19.505ms
08-04 02:42:18.169 12818 12818 D ICU     : No timezone override file found: /data/misc/zoneinfo/current/icu/icu_tzdata.dat
08-04 02:42:18.193 12818 12818 I Radio-JNI: register_android_hardware_Radio DONE
08-04 02:42:18.208 12818 12818 D AndroidRuntime: Calling main entry com.android.commands.input.Input
08-04 02:42:18.209 12818 12818 I Input   : injectMotionEvent: MotionEvent { action=ACTION_DOWN, actionButton=0, id[0]=0, x[0]=693.0, y[0]=1450.0, toolType[0]=TOOL_TYPE_UNKNOWN, buttonState=0, metaState=0, flags=0x0, edgeFlags=0x0, pointerCount=1, historySize=0, eventTime=672154622, downTime=672154622, deviceId=0, source=0x1002 }
08-04 02:42:18.215 12818 12818 I Input   : injectMotionEvent: MotionEvent { action=ACTION_UP, actionButton=0, id[0]=0, x[0]=693.0, y[0]=1450.0, toolType[0]=TOOL_TYPE_UNKNOWN, buttonState=0, metaState=0, flags=0x0, edgeFlags=0x0, pointerCount=1, historySize=0, eventTime=672154622, downTime=672154622, deviceId=0, source=0x1002 }
08-04 02:42:18.217 12818 12818 D AndroidRuntime: Shutting down VM
08-04 02:42:18.218   918  6111 I ActivityManager: START u0 {cmp=baseline.io.github.project_travel_mate/.destinations.description.CityHistoryActivity} from uid 10650 on display 0
08-04 02:42:18.219   512  2967 D audio_hw_primary: out_set_parameters: enter: usecase(1: low-latency-playback) kvpairs: routing=2
08-04 02:42:18.231   512  2967 D audio_hw_primary: select_devices: out_snd_device(2: speaker) in_snd_device(0: none)
08-04 02:42:18.232   512  2967 D msm8974_platform: platform_send_audio_calibration: sending audio calibration for snd_device(2) acdb_id(15)
08-04 02:42:18.232   512  2967 I soundtrigger: audio_extn_sound_trigger_update_device_status: device 0x2 of type 0 for Event 1
08-04 02:42:18.243   512  2967 D audio_hw_primary: enable_snd_device: snd_device(2: speaker)
08-04 02:42:18.245   512  2967 D audio_hw_primary: enable_audio_route: apply and update mixer path: low-latency-playback speaker
08-04 02:42:18.248 12467 12544 D Gabe    : call	returning from cache
08-04 02:42:18.250 12467 12467 V EXECUTING: https://project-travel-mate.herokuapp.com/api/get-city-information/1
08-04 02:42:18.374   918   936 I ActivityManager: Displayed baseline.io.github.project_travel_mate/.destinations.description.CityHistoryActivity: +145ms
08-04 02:42:18.374 13866 13866 I GoogleInputMethodServic: GoogleInputMethodService.onFinishInput():3138 
08-04 02:42:18.375 13866 13866 I GoogleInputMethodServic: GoogleInputMethodService.onStartInput():1808 
08-04 02:42:18.409 12467 12525 I art     : Starting a blocking GC Explicit
08-04 02:42:18.433 12467 12525 I art     : Explicit concurrent mark sweep GC freed 3058(224KB) AllocSpace objects, 2(40KB) LOS objects, 27% free, 42MB/58MB, paused 472us total 23.640ms
08-04 02:42:18.442 12467 12525 I art     : Starting a blocking GC Explicit
08-04 02:42:18.466 12467 12525 I art     : Explicit concurrent mark sweep GC freed 347(12KB) AllocSpace objects, 0(0B) LOS objects, 27% free, 42MB/58MB, paused 456us total 23.718ms
08-04 02:42:18.476 12467 12525 I art     : Starting a blocking GC Explicit
08-04 02:42:18.498 12467 12525 I art     : Explicit concurrent mark sweep GC freed 85(1584B) AllocSpace objects, 0(0B) LOS objects, 27% free, 42MB/58MB, paused 306us total 22.070ms
08-04 02:42:18.508 12467 12525 I art     : Starting a blocking GC Explicit
08-04 02:42:18.527 12467 12525 I art     : Explicit concurrent mark sweep GC freed 147(2496B) AllocSpace objects, 0(0B) LOS objects, 27% free, 42MB/58MB, paused 353us total 18.804ms
08-04 02:42:18.536 12467 12525 I art     : Starting a blocking GC Explicit
08-04 02:42:18.555 12467 12525 I art     : Explicit concurrent mark sweep GC freed 147(2496B) AllocSpace objects, 0(0B) LOS objects, 27% free, 42MB/58MB, paused 299us total 19.140ms
08-04 02:42:18.635   380   380 W SurfaceFlinger: couldn't log to binary event log: overflow.
08-04 02:42:18.789   512  2967 D audio_hw_primary: disable_audio_route: reset and update mixer path: low-latency-playback speaker
08-04 02:42:18.790   512  2967 D audio_hw_primary: disable_snd_device: snd_device(2: speaker)
08-04 02:42:18.797   512  2967 I soundtrigger: audio_extn_sound_trigger_update_device_status: device 0x2 of type 0 for Event 0
08-04 02:42:18.807 12467 12844 I NAPPA_EXPERIMENTATION: MetricNetworkRequestExecutionTime: REQUEST_DURATION_SYSTEM='556',REQUEST_DURATION_OKHTTP='32',REQUEST_SYNCHRONOUS='FALSE',RESPONSE_CODE='200',RESPONSE_METHOD='GET',RESPONSE_LENGTH_OKHTTP='55024',RESPONSE_LENGTH_HEADER='55024',REQUEST_PROTOCOL='http/1.1',REQUEST_URL='https://project-travel-mate.herokuapp.com/api/get-city-information/1',
08-04 02:42:18.842 12467 12480 I art     : Starting a blocking GC Explicit
08-04 02:42:18.864 12467 12480 I art     : Explicit concurrent mark sweep GC freed 5332(250KB) AllocSpace objects, 8(512KB) LOS objects, 27% free, 43MB/59MB, paused 452us total 22.318ms
08-04 02:42:18.873 12467 12480 I art     : Starting a blocking GC Explicit
08-04 02:42:18.893 12467 12480 I art     : Explicit concurrent mark sweep GC freed 1423(679KB) AllocSpace objects, 6(216KB) LOS objects, 27% free, 43MB/59MB, paused 396us total 19.688ms
08-04 02:42:18.902 12467 12480 I art     : Starting a blocking GC Explicit
08-04 02:42:18.921 12467 12480 I art     : Explicit concurrent mark sweep GC freed 622(520KB) AllocSpace objects, 8(152KB) LOS objects, 27% free, 43MB/59MB, paused 473us total 19.665ms
08-04 02:42:18.930 13866 13866 I GoogleInputMethodServic: GoogleInputMethodService.onFinishInput():3138 
08-04 02:42:18.931 13866 13866 I GoogleInputMethodServic: GoogleInputMethodService.onStartInput():1808 
08-04 02:42:18.932 12467 12480 I art     : Starting a blocking GC Explicit
08-04 02:42:18.951 12467 12480 I art     : Explicit concurrent mark sweep GC freed 464(150KB) AllocSpace objects, 3(4MB) LOS objects, 29% free, 39MB/55MB, paused 299us total 19.074ms
08-04 02:42:18.960 12467 12480 I art     : Starting a blocking GC Explicit
08-04 02:42:18.978 12467 12480 I art     : Explicit concurrent mark sweep GC freed 159(3040B) AllocSpace objects, 0(0B) LOS objects, 29% free, 39MB/55MB, paused 258us total 17.624ms
08-04 02:42:19.295 12467 12526 I art     : Starting a blocking GC Explicit
08-04 02:42:19.320 12467 12526 I art     : Explicit concurrent mark sweep GC freed 2865(106KB) AllocSpace objects, 2(40KB) LOS objects, 29% free, 39MB/55MB, paused 458us total 25.047ms
08-04 02:42:19.333 12467 12526 I art     : Starting a blocking GC Explicit
08-04 02:42:19.354 12467 12526 I art     : Explicit concurrent mark sweep GC freed 237(4KB) AllocSpace objects, 0(0B) LOS objects, 29% free, 39MB/55MB, paused 310us total 21.278ms
08-04 02:42:19.364 12467 12526 I art     : Starting a blocking GC Explicit
08-04 02:42:19.385 12467 12526 I art     : Explicit concurrent mark sweep GC freed 75(1296B) AllocSpace objects, 0(0B) LOS objects, 29% free, 39MB/55MB, paused 341us total 20.882ms
08-04 02:42:19.394 12467 12526 I art     : Starting a blocking GC Explicit
08-04 02:42:19.415 12467 12526 I art     : Explicit concurrent mark sweep GC freed 147(2496B) AllocSpace objects, 0(0B) LOS objects, 29% free, 39MB/55MB, paused 356us total 21.180ms
08-04 02:42:19.425 12467 12526 I art     : Starting a blocking GC Explicit
08-04 02:42:19.447 12467 12526 I art     : Explicit concurrent mark sweep GC freed 147(2496B) AllocSpace objects, 0(0B) LOS objects, 29% free, 39MB/55MB, paused 364us total 21.647ms
08-04 02:42:19.765 12467 12479 I art     : Starting a blocking GC Explicit
08-04 02:42:19.791 12467 12479 I art     : Explicit concurrent mark sweep GC freed 2937(107KB) AllocSpace objects, 2(40KB) LOS objects, 29% free, 39MB/55MB, paused 467us total 25.515ms
08-04 02:42:19.803 12467 12479 I art     : Starting a blocking GC Explicit
08-04 02:42:19.824 12467 12479 I art     : Explicit concurrent mark sweep GC freed 165(3KB) AllocSpace objects, 0(0B) LOS objects, 29% free, 39MB/55MB, paused 321us total 21.376ms
08-04 02:42:19.833 12467 12479 I art     : Starting a blocking GC Explicit
08-04 02:42:19.855 12467 12479 I art     : Explicit concurrent mark sweep GC freed 149(2560B) AllocSpace objects, 0(0B) LOS objects, 29% free, 39MB/55MB, paused 305us total 21.107ms
08-04 02:42:19.864 12467 12479 I art     : Starting a blocking GC Explicit
08-04 02:42:19.885 12467 12479 I art     : Explicit concurrent mark sweep GC freed 77(1360B) AllocSpace objects, 0(0B) LOS objects, 29% free, 39MB/55MB, paused 271us total 20.523ms
08-04 02:42:19.894 12467 12479 I art     : Starting a blocking GC Explicit
08-04 02:42:19.916 12467 12479 I art     : Explicit concurrent mark sweep GC freed 151(2624B) AllocSpace objects, 0(0B) LOS objects, 29% free, 39MB/55MB, paused 322us total 21.115ms
08-04 02:42:20.277 12467 12479 I art     : Starting a blocking GC Explicit
08-04 02:42:20.301 12467 12479 I art     : Explicit concurrent mark sweep GC freed 3107(110KB) AllocSpace objects, 2(40KB) LOS objects, 29% free, 39MB/55MB, paused 327us total 24.054ms
08-04 02:42:20.315 12467 12479 I art     : Starting a blocking GC Explicit
08-04 02:42:20.336 12467 12479 I art     : Explicit concurrent mark sweep GC freed 178(3KB) AllocSpace objects, 0(0B) LOS objects, 29% free, 39MB/55MB, paused 385us total 21.091ms
08-04 02:42:20.346 12467 12479 I art     : Starting a blocking GC Explicit
08-04 02:42:20.367 12467 12479 I art     : Explicit concurrent mark sweep GC freed 135(2304B) AllocSpace objects, 0(0B) LOS objects, 29% free, 39MB/55MB, paused 327us total 21.106ms
08-04 02:42:20.376 12467 12479 I art     : Starting a blocking GC Explicit
08-04 02:42:20.398 12467 12479 I art     : Explicit concurrent mark sweep GC freed 147(2496B) AllocSpace objects, 0(0B) LOS objects, 29% free, 39MB/55MB, paused 296us total 21.245ms
08-04 02:42:20.407 12467 12479 I art     : Starting a blocking GC Explicit
08-04 02:42:20.429 12467 12479 I art     : Explicit concurrent mark sweep GC freed 147(2496B) AllocSpace objects, 0(0B) LOS objects, 29% free, 39MB/55MB, paused 315us total 22.289ms
08-04 02:42:20.784 12467 12526 I art     : Starting a blocking GC Explicit
08-04 02:42:20.809 12467 12526 I art     : Explicit concurrent mark sweep GC freed 3081(110KB) AllocSpace objects, 2(40KB) LOS objects, 29% free, 39MB/55MB, paused 314us total 24.476ms
08-04 02:42:20.821 12467 12526 I art     : Starting a blocking GC Explicit
08-04 02:42:20.844 12467 12526 I art     : Explicit concurrent mark sweep GC freed 177(3KB) AllocSpace objects, 0(0B) LOS objects, 29% free, 39MB/55MB, paused 313us total 23.007ms
08-04 02:42:20.854 12467 12526 I art     : Starting a blocking GC Explicit
08-04 02:42:20.876 12467 12526 I art     : Explicit concurrent mark sweep GC freed 163(3KB) AllocSpace objects, 0(0B) LOS objects, 29% free, 39MB/55MB, paused 351us total 22.001ms
08-04 02:42:20.885 12467 12526 I art     : Starting a blocking GC Explicit
08-04 02:42:20.907 12467 12526 I art     : Explicit concurrent mark sweep GC freed 148(2528B) AllocSpace objects, 0(0B) LOS objects, 29% free, 39MB/55MB, paused 354us total 21.906ms
08-04 02:42:20.917 12467 12526 I art     : Starting a blocking GC Explicit
08-04 02:42:20.938 12467 12526 I art     : Explicit concurrent mark sweep GC freed 123(2096B) AllocSpace objects, 0(0B) LOS objects, 29% free, 39MB/55MB, paused 406us total 21.266ms
08-04 02:42:21.296 12467 12525 I art     : Starting a blocking GC Explicit
08-04 02:42:21.321 12467 12525 I art     : Explicit concurrent mark sweep GC freed 3033(109KB) AllocSpace objects, 2(40KB) LOS objects, 29% free, 39MB/55MB, paused 380us total 24.526ms
08-04 02:42:21.334 12467 12525 I art     : Starting a blocking GC Explicit
08-04 02:42:21.355 12467 12525 I art     : Explicit concurrent mark sweep GC freed 223(4KB) AllocSpace objects, 0(0B) LOS objects, 29% free, 39MB/55MB, paused 382us total 21.108ms
08-04 02:42:21.364 12467 12525 I art     : Starting a blocking GC Explicit
08-04 02:42:21.385 12467 12525 I art     : Explicit concurrent mark sweep GC freed 91(1600B) AllocSpace objects, 0(0B) LOS objects, 29% free, 39MB/55MB, paused 300us total 20.795ms
08-04 02:42:21.395 12467 12525 I art     : Starting a blocking GC Explicit
08-04 02:42:21.416 12467 12525 I art     : Explicit concurrent mark sweep GC freed 147(2496B) AllocSpace objects, 0(0B) LOS objects, 29% free, 39MB/55MB, paused 296us total 21.124ms
08-04 02:42:21.425 12467 12525 I art     : Starting a blocking GC Explicit
08-04 02:42:21.447 12467 12525 I art     : Explicit concurrent mark sweep GC freed 147(2496B) AllocSpace objects, 0(0B) LOS objects, 29% free, 39MB/55MB, paused 309us total 22.259ms
08-04 02:42:21.664  4779  4779 I Atfwd_Sendcmd: AtCmdFwd service not ready - Exhausted retry attempts - :6
08-04 02:42:21.665  4779  4779 I Atfwd_Daemon: result : -1 	 ,Init step :2 	 ,qmiErrorCode: 0
08-04 02:42:21.781 12467 12480 I art     : Starting a blocking GC Explicit
08-04 02:42:21.807 12467 12480 I art     : Explicit concurrent mark sweep GC freed 2938(107KB) AllocSpace objects, 2(40KB) LOS objects, 29% free, 39MB/55MB, paused 515us total 25.057ms
08-04 02:42:21.819 12467 12480 I art     : Starting a blocking GC Explicit
08-04 02:42:21.841 12467 12480 I art     : Explicit concurrent mark sweep GC freed 237(4KB) AllocSpace objects, 0(0B) LOS objects, 29% free, 39MB/55MB, paused 349us total 21.168ms
08-04 02:42:21.850 12467 12480 I art     : Starting a blocking GC Explicit
08-04 02:42:21.871 12467 12480 I art     : Explicit concurrent mark sweep GC freed 75(1296B) AllocSpace objects, 0(0B) LOS objects, 29% free, 39MB/55MB, paused 314us total 20.783ms
08-04 02:42:21.880 12467 12480 I art     : Starting a blocking GC Explicit
08-04 02:42:21.900 12467 12480 I art     : Explicit concurrent mark sweep GC freed 147(2496B) AllocSpace objects, 0(0B) LOS objects, 29% free, 39MB/55MB, paused 292us total 19.765ms
08-04 02:42:21.909 12467 12480 I art     : Starting a blocking GC Explicit
08-04 02:42:21.931 12467 12480 I art     : Explicit concurrent mark sweep GC freed 147(2496B) AllocSpace objects, 0(0B) LOS objects, 29% free, 39MB/55MB, paused 300us total 21.799ms
08-04 02:42:22.262 12467 12479 I art     : Starting a blocking GC Explicit
08-04 02:42:22.287 12467 12479 I art     : Explicit concurrent mark sweep GC freed 2937(107KB) AllocSpace objects, 2(40KB) LOS objects, 29% free, 39MB/55MB, paused 314us total 24.920ms
08-04 02:42:22.301 12467 12479 I art     : Starting a blocking GC Explicit
08-04 02:42:22.323 12467 12479 I art     : Explicit concurrent mark sweep GC freed 193(3KB) AllocSpace objects, 0(0B) LOS objects, 29% free, 39MB/55MB, paused 398us total 21.052ms
08-04 02:42:22.332 12467 12479 I art     : Starting a blocking GC Explicit
08-04 02:42:22.353 12467 12479 I art     : Explicit concurrent mark sweep GC freed 120(2064B) AllocSpace objects, 0(0B) LOS objects, 29% free, 39MB/55MB, paused 292us total 20.786ms
08-04 02:42:22.362 12467 12479 I art     : Starting a blocking GC Explicit
08-04 02:42:22.383 12467 12479 I art     : Explicit concurrent mark sweep GC freed 147(2496B) AllocSpace objects, 0(0B) LOS objects, 29% free, 39MB/55MB, paused 301us total 21.089ms
08-04 02:42:22.392 12467 12479 I art     : Starting a blocking GC Explicit
08-04 02:42:22.414 12467 12479 I art     : Explicit concurrent mark sweep GC freed 147(2496B) AllocSpace objects, 0(0B) LOS objects, 29% free, 39MB/55MB, paused 305us total 21.937ms
08-04 02:42:22.703 12467 12526 I art     : Starting a blocking GC Explicit
08-04 02:42:22.726 12467 12526 I art     : Explicit concurrent mark sweep GC freed 2793(105KB) AllocSpace objects, 2(40KB) LOS objects, 29% free, 39MB/55MB, paused 316us total 22.598ms
08-04 02:42:22.735 12467 12526 I art     : Starting a blocking GC Explicit
08-04 02:42:22.757 12467 12526 I art     : Explicit concurrent mark sweep GC freed 165(3KB) AllocSpace objects, 0(0B) LOS objects, 29% free, 39MB/55MB, paused 345us total 21.869ms
08-04 02:42:22.767 12467 12526 I art     : Starting a blocking GC Explicit
08-04 02:42:22.788 12467 12526 I art     : Explicit concurrent mark sweep GC freed 76(1328B) AllocSpace objects, 0(0B) LOS objects, 29% free, 39MB/55MB, paused 638us total 21.068ms
08-04 02:42:22.797 12467 12526 I art     : Starting a blocking GC Explicit
08-04 02:42:22.818 12467 12526 I art     : Explicit concurrent mark sweep GC freed 147(2496B) AllocSpace objects, 0(0B) LOS objects, 29% free, 39MB/55MB, paused 316us total 20.797ms
08-04 02:42:22.819 12939 12939 D AndroidRuntime: >>>>>> START com.android.internal.os.RuntimeInit uid 2000 <<<<<<
08-04 02:42:22.823 12939 12939 D AndroidRuntime: CheckJNI is OFF
08-04 02:42:22.827 12467 12526 I art     : Starting a blocking GC Explicit
08-04 02:42:22.847 12467 12526 I art     : Explicit concurrent mark sweep GC freed 147(2496B) AllocSpace objects, 0(0B) LOS objects, 29% free, 39MB/55MB, paused 322us total 19.916ms
08-04 02:42:22.849 12939 12939 D ICU     : No timezone override file found: /data/misc/zoneinfo/current/icu/icu_tzdata.dat
08-04 02:42:22.874 12939 12939 I Radio-JNI: register_android_hardware_Radio DONE
08-04 02:42:22.890 12939 12939 D AndroidRuntime: Calling main entry com.android.commands.input.Input
08-04 02:42:22.891 12939 12939 I Input   : injectKeyEvent: KeyEvent { action=ACTION_DOWN, keyCode=KEYCODE_BACK, scanCode=0, metaState=0, flags=0x0, repeatCount=0, eventTime=672159305, downTime=672159305, deviceId=-1, source=0x101 }
08-04 02:42:22.897 12939 12939 I Input   : injectKeyEvent: KeyEvent { action=ACTION_UP, keyCode=KEYCODE_BACK, scanCode=0, metaState=0, flags=0x0, repeatCount=0, eventTime=672159305, downTime=672159305, deviceId=-1, source=0x101 }
08-04 02:42:22.901 12939 12939 D AndroidRuntime: Shutting down VM
08-04 02:42:22.933 13866 13866 I GoogleInputMethodServic: GoogleInputMethodService.onFinishInput():3138 
08-04 02:42:22.933 13866 13866 I GoogleInputMethodServic: GoogleInputMethodService.onStartInput():1808 
08-04 02:42:23.111 12467 12525 I art     : Starting a blocking GC Explicit
08-04 02:42:23.140 12467 12525 I art     : Explicit concurrent mark sweep GC freed 2760(107KB) AllocSpace objects, 2(40KB) LOS objects, 29% free, 39MB/55MB, paused 388us total 28.643ms
08-04 02:42:23.155 12467 12525 I art     : Starting a blocking GC Explicit
08-04 02:42:23.186 12467 12525 I art     : Explicit concurrent mark sweep GC freed 237(4KB) AllocSpace objects, 0(0B) LOS objects, 29% free, 39MB/55MB, paused 334us total 30.508ms
08-04 02:42:23.197 12467 12525 I art     : Starting a blocking GC Explicit
08-04 02:42:23.225 12467 12525 I art     : Explicit concurrent mark sweep GC freed 219(3KB) AllocSpace objects, 0(0B) LOS objects, 29% free, 39MB/55MB, paused 346us total 27.617ms
08-04 02:42:23.227   918   931 I ProcessStatsService: Prepared write state in 3ms
08-04 02:42:23.236 12467 12525 I art     : Starting a blocking GC Explicit
08-04 02:42:23.239   380   380 W SurfaceFlinger: couldn't log to binary event log: overflow.
08-04 02:42:23.258 12467 12525 I art     : Explicit concurrent mark sweep GC freed 146(3056B) AllocSpace objects, 1(188KB) LOS objects, 29% free, 38MB/54MB, paused 291us total 22.325ms
08-04 02:42:23.268 12467 12525 I art     : Starting a blocking GC Explicit
08-04 02:42:23.289 12467 12525 I art     : Explicit concurrent mark sweep GC freed 62(1424B) AllocSpace objects, 0(0B) LOS objects, 29% free, 38MB/54MB, paused 323us total 21.024ms
08-04 02:42:23.594 12467 12526 I art     : Starting a blocking GC Explicit
08-04 02:42:23.619 12467 12526 I art     : Explicit concurrent mark sweep GC freed 7047(436KB) AllocSpace objects, 9(172KB) LOS objects, 29% free, 38MB/54MB, paused 347us total 24.430ms
08-04 02:42:23.630 12467 12526 I art     : Starting a blocking GC Explicit
08-04 02:42:23.651 12467 12526 I art     : Explicit concurrent mark sweep GC freed 118(2384B) AllocSpace objects, 0(0B) LOS objects, 29% free, 38MB/54MB, paused 396us total 21.432ms
08-04 02:42:23.661 12467 12526 I art     : Starting a blocking GC Explicit
08-04 02:42:23.682 12467 12526 I art     : Explicit concurrent mark sweep GC freed 99(1696B) AllocSpace objects, 0(0B) LOS objects, 29% free, 38MB/54MB, paused 303us total 20.795ms
08-04 02:42:23.691 12467 12526 I art     : Starting a blocking GC Explicit
08-04 02:42:23.712 12467 12526 I art     : Explicit concurrent mark sweep GC freed 99(1696B) AllocSpace objects, 0(0B) LOS objects, 29% free, 38MB/54MB, paused 296us total 20.327ms
08-04 02:42:23.721 12467 12526 I art     : Starting a blocking GC Explicit
08-04 02:42:23.741 12467 12526 I art     : Explicit concurrent mark sweep GC freed 99(1696B) AllocSpace objects, 0(0B) LOS objects, 29% free, 38MB/54MB, paused 293us total 20.360ms
08-04 02:42:24.038 12467 12479 I art     : Starting a blocking GC Explicit
08-04 02:42:24.060 12467 12479 I art     : Explicit concurrent mark sweep GC freed 2361(98KB) AllocSpace objects, 2(40KB) LOS objects, 29% free, 38MB/54MB, paused 314us total 21.317ms
08-04 02:42:24.071 12467 12479 I art     : Starting a blocking GC Explicit
08-04 02:42:24.092 12467 12479 I art     : Explicit concurrent mark sweep GC freed 127(2896B) AllocSpace objects, 0(0B) LOS objects, 29% free, 38MB/54MB, paused 305us total 20.482ms
08-04 02:42:24.102 12467 12479 I art     : Starting a blocking GC Explicit
08-04 02:42:24.122 12467 12479 I art     : Explicit concurrent mark sweep GC freed 52(928B) AllocSpace objects, 0(0B) LOS objects, 29% free, 38MB/54MB, paused 294us total 20.494ms
08-04 02:42:24.131 12467 12479 I art     : Starting a blocking GC Explicit
08-04 02:42:24.151 12467 12479 I art     : Explicit concurrent mark sweep GC freed 99(1696B) AllocSpace objects, 0(0B) LOS objects, 29% free, 38MB/54MB, paused 290us total 19.222ms
08-04 02:42:24.160 12467 12479 I art     : Starting a blocking GC Explicit
08-04 02:42:24.180 12467 12479 I art     : Explicit concurrent mark sweep GC freed 99(1696B) AllocSpace objects, 0(0B) LOS objects, 29% free, 38MB/54MB, paused 313us total 19.403ms
08-04 02:42:24.443 12992 12992 D AndroidRuntime: >>>>>> START com.android.internal.os.RuntimeInit uid 2000 <<<<<<
08-04 02:42:24.447 12992 12992 D AndroidRuntime: CheckJNI is OFF
08-04 02:42:24.456 12467 12525 I art     : Starting a blocking GC Explicit
08-04 02:42:24.475 12992 12992 D ICU     : No timezone override file found: /data/misc/zoneinfo/current/icu/icu_tzdata.dat
08-04 02:42:24.476 12467 12525 I art     : Explicit concurrent mark sweep GC freed 2289(97KB) AllocSpace objects, 2(40KB) LOS objects, 29% free, 38MB/54MB, paused 341us total 20.259ms
08-04 02:42:24.485 12467 12525 I art     : Starting a blocking GC Explicit
08-04 02:42:24.501 12992 12992 I Radio-JNI: register_android_hardware_Radio DONE
08-04 02:42:24.506 12467 12525 I art     : Explicit concurrent mark sweep GC freed 70(1584B) AllocSpace objects, 0(0B) LOS objects, 29% free, 38MB/54MB, paused 383us total 20.011ms
08-04 02:42:24.515 12467 12525 I art     : Starting a blocking GC Explicit
08-04 02:42:24.518 12992 12992 D AndroidRuntime: Calling main entry com.android.commands.input.Input
08-04 02:42:24.520 12992 12992 I Input   : injectMotionEvent: MotionEvent { action=ACTION_DOWN, actionButton=0, id[0]=0, x[0]=504.0, y[0]=1706.0, toolType[0]=TOOL_TYPE_UNKNOWN, buttonState=0, metaState=0, flags=0x0, edgeFlags=0x0, pointerCount=1, historySize=0, eventTime=672160932, downTime=672160932, deviceId=0, source=0x1002 }
08-04 02:42:24.525 12992 12992 I Input   : injectMotionEvent: MotionEvent { action=ACTION_UP, actionButton=0, id[0]=0, x[0]=504.0, y[0]=1706.0, toolType[0]=TOOL_TYPE_UNKNOWN, buttonState=0, metaState=0, flags=0x0, edgeFlags=0x0, pointerCount=1, historySize=0, eventTime=672160932, downTime=672160932, deviceId=0, source=0x1002 }
08-04 02:42:24.526 12992 12992 D AndroidRuntime: Shutting down VM
08-04 02:42:24.528   512  2967 D audio_hw_primary: out_set_parameters: enter: usecase(1: low-latency-playback) kvpairs: routing=2
08-04 02:42:24.530   918  5481 I ActivityManager: START u0 {cmp=baseline.io.github.project_travel_mate/.destinations.funfacts.FunFactsActivity (has extras)} from uid 10650 on display 0
08-04 02:42:24.535 12467 12525 I art     : Explicit concurrent mark sweep GC freed 1182(122KB) AllocSpace objects, 0(0B) LOS objects, 29% free, 38MB/54MB, paused 325us total 19.342ms
08-04 02:42:24.541   512  2967 D audio_hw_primary: select_devices: out_snd_device(2: speaker) in_snd_device(0: none)
08-04 02:42:24.541   512  2967 D msm8974_platform: platform_send_audio_calibration: sending audio calibration for snd_device(2) acdb_id(15)
08-04 02:42:24.541   512  2967 I soundtrigger: audio_extn_sound_trigger_update_device_status: device 0x2 of type 0 for Event 1
08-04 02:42:24.544 12467 12525 I art     : Starting a blocking GC Explicit
08-04 02:42:24.547 12467 12544 D Gabe    : call	returning from cache
08-04 02:42:24.551 12467 12467 V EXECUTING: https://project-travel-mate.herokuapp.com/api/get-city-facts/1
08-04 02:42:24.552   512  2967 D audio_hw_primary: enable_snd_device: snd_device(2: speaker)
08-04 02:42:24.554   512  2967 D audio_hw_primary: enable_audio_route: apply and update mixer path: low-latency-playback speaker
08-04 02:42:24.564 12467 12525 I art     : Explicit concurrent mark sweep GC freed 1597(146KB) AllocSpace objects, 0(0B) LOS objects, 29% free, 38MB/54MB, paused 456us total 19.790ms
08-04 02:42:24.573 12467 12525 I art     : Starting a blocking GC Explicit
08-04 02:42:24.591 12467 12525 I art     : Explicit concurrent mark sweep GC freed 119(6KB) AllocSpace objects, 0(0B) LOS objects, 29% free, 38MB/54MB, paused 332us total 17.816ms
08-04 02:42:24.664   918   936 I ActivityManager: Displayed baseline.io.github.project_travel_mate/.destinations.funfacts.FunFactsActivity: +128ms
08-04 02:42:24.664 13866 13866 I GoogleInputMethodServic: GoogleInputMethodService.onFinishInput():3138 
08-04 02:42:24.664 13866 13866 I GoogleInputMethodServic: GoogleInputMethodService.onStartInput():1808 
08-04 02:42:24.850 12467 12479 I art     : Starting a blocking GC Explicit
08-04 02:42:24.877 12467 12479 I art     : Explicit concurrent mark sweep GC freed 2697(112KB) AllocSpace objects, 2(40KB) LOS objects, 27% free, 42MB/58MB, paused 561us total 27.034ms
08-04 02:42:24.889 12467 12479 I art     : Starting a blocking GC Explicit
08-04 02:42:24.914 12467 12479 I art     : Explicit concurrent mark sweep GC freed 219(4KB) AllocSpace objects, 0(0B) LOS objects, 27% free, 42MB/58MB, paused 330us total 25.152ms
08-04 02:42:24.924 12467 12479 I art     : Starting a blocking GC Explicit
08-04 02:42:24.925   380   380 W SurfaceFlinger: couldn't log to binary event log: overflow.
08-04 02:42:24.948 12467 12479 I art     : Explicit concurrent mark sweep GC freed 146(2464B) AllocSpace objects, 0(0B) LOS objects, 27% free, 42MB/58MB, paused 342us total 23.684ms
08-04 02:42:24.958 12467 12479 I art     : Starting a blocking GC Explicit
08-04 02:42:24.978 12467 12479 I art     : Explicit concurrent mark sweep GC freed 147(2496B) AllocSpace objects, 0(0B) LOS objects, 27% free, 42MB/58MB, paused 339us total 18.935ms
08-04 02:42:24.987 12467 12479 I art     : Starting a blocking GC Explicit
08-04 02:42:25.007 12467 12479 I art     : Explicit concurrent mark sweep GC freed 2630(133KB) AllocSpace objects, 3(200KB) LOS objects, 27% free, 43MB/59MB, paused 454us total 20.051ms
08-04 02:42:25.034 12467 13016 I NAPPA_EXPERIMENTATION: MetricNetworkRequestExecutionTime: REQUEST_DURATION_SYSTEM='483',REQUEST_DURATION_OKHTTP='29',REQUEST_SYNCHRONOUS='FALSE',RESPONSE_CODE='200',RESPONSE_METHOD='GET',RESPONSE_LENGTH_OKHTTP='1793',RESPONSE_LENGTH_HEADER='1793',REQUEST_PROTOCOL='http/1.1',REQUEST_URL='https://project-travel-mate.herokuapp.com/api/get-city-facts/1',
08-04 02:42:25.039 12467 13016 V EXECUTING: https://project-travel-mate.herokuapp.com/api/get-city-images/1
08-04 02:42:25.088   512  2967 D audio_hw_primary: disable_audio_route: reset and update mixer path: low-latency-playback speaker
08-04 02:42:25.089   512  2967 D audio_hw_primary: disable_snd_device: snd_device(2: speaker)
08-04 02:42:25.098   512  2967 I soundtrigger: audio_extn_sound_trigger_update_device_status: device 0x2 of type 0 for Event 0
08-04 02:42:25.275 12467 12480 I art     : Starting a blocking GC Explicit
08-04 02:42:25.297 12467 12480 I art     : Explicit concurrent mark sweep GC freed 3837(262KB) AllocSpace objects, 2(40KB) LOS objects, 27% free, 43MB/59MB, paused 483us total 21.529ms
08-04 02:42:25.307 12467 12480 I art     : Starting a blocking GC Explicit
08-04 02:42:25.327 12467 12480 I art     : Explicit concurrent mark sweep GC freed 162(3KB) AllocSpace objects, 0(0B) LOS objects, 27% free, 43MB/59MB, paused 496us total 19.692ms
08-04 02:42:25.336 12467 12480 I art     : Starting a blocking GC Explicit
08-04 02:42:25.357 12467 12480 I art     : Explicit concurrent mark sweep GC freed 17(320B) AllocSpace objects, 0(0B) LOS objects, 27% free, 43MB/59MB, paused 432us total 20.389ms
08-04 02:42:25.365 12467 12480 I art     : Starting a blocking GC Explicit
08-04 02:42:25.387 12467 12480 I art     : Explicit concurrent mark sweep GC freed 132(2208B) AllocSpace objects, 0(0B) LOS objects, 27% free, 43MB/59MB, paused 661us total 21.363ms
08-04 02:42:25.397 12467 12480 I art     : Starting a blocking GC Explicit
08-04 02:42:25.419 12467 12480 I art     : Explicit concurrent mark sweep GC freed 1171(75KB) AllocSpace objects, 2(120KB) LOS objects, 26% free, 43MB/59MB, paused 728us total 22.685ms
08-04 02:42:25.467 12467 13030 I NAPPA_EXPERIMENTATION: MetricNetworkRequestExecutionTime: REQUEST_DURATION_SYSTEM='427',REQUEST_DURATION_OKHTTP='33',REQUEST_SYNCHRONOUS='FALSE',RESPONSE_CODE='200',RESPONSE_METHOD='GET',RESPONSE_LENGTH_OKHTTP='183',RESPONSE_LENGTH_HEADER='183',REQUEST_PROTOCOL='http/1.1',REQUEST_URL='https://project-travel-mate.herokuapp.com/api/get-city-images/1',
08-04 02:42:25.499 12467 13030 V RESPONSE: [{"id":17,"image_url":"https://upload.wikimedia.org/wikipedia/commons/9/94/%E0%B4%96%E0%B5%81%E0%B4%A4%E0%B5%8D%E0%B4%AC%E0%B5%8D_%E0%B4%AE%E0%B4%BF%E0%B4%A8%E0%B4%BE%E0%B5%BC1.jpg"}]
08-04 02:42:25.698 12467 12526 I art     : Starting a blocking GC Explicit
08-04 02:42:25.701   518   646 I ThermalEngine: ACTION: GPU - Setting GPU[0] to 510000000
08-04 02:42:25.728 12467 12526 I art     : Explicit concurrent mark sweep GC freed 7987(468KB) AllocSpace objects, 4(4MB) LOS objects, 28% free, 39MB/55MB, paused 609us total 30.024ms
08-04 02:42:25.740 12467 12526 I art     : Starting a blocking GC Explicit
08-04 02:42:25.769 12467 12526 I art     : Explicit concurrent mark sweep GC freed 501(24KB) AllocSpace objects, 0(0B) LOS objects, 28% free, 39MB/55MB, paused 452us total 28.344ms
08-04 02:42:25.781 12467 12526 I art     : Starting a blocking GC Explicit
08-04 02:42:25.810 12467 12526 I art     : Explicit concurrent mark sweep GC freed 194(3KB) AllocSpace objects, 0(0B) LOS objects, 28% free, 39MB/55MB, paused 551us total 28.841ms
08-04 02:42:25.823 12467 12526 I art     : Starting a blocking GC Explicit
08-04 02:42:25.852 12467 12526 I art     : Explicit concurrent mark sweep GC freed 180(3KB) AllocSpace objects, 0(0B) LOS objects, 28% free, 39MB/55MB, paused 464us total 28.128ms
08-04 02:42:25.864 12467 12526 I art     : Starting a blocking GC Explicit
08-04 02:42:25.893 12467 12526 I art     : Explicit concurrent mark sweep GC freed 179(3KB) AllocSpace objects, 0(0B) LOS objects, 28% free, 39MB/55MB, paused 567us total 28.907ms
08-04 02:42:26.231 12467 12479 I art     : Starting a blocking GC Explicit
08-04 02:42:26.260 12467 12479 I art     : Explicit concurrent mark sweep GC freed 3004(109KB) AllocSpace objects, 2(40KB) LOS objects, 28% free, 39MB/55MB, paused 571us total 28.807ms
08-04 02:42:26.273 12467 12479 I art     : Starting a blocking GC Explicit
08-04 02:42:26.302 12467 12479 I art     : Explicit concurrent mark sweep GC freed 235(4KB) AllocSpace objects, 0(0B) LOS objects, 28% free, 39MB/55MB, paused 472us total 28.647ms
08-04 02:42:26.314 12467 12479 I art     : Starting a blocking GC Explicit
08-04 02:42:26.343 12467 12479 I art     : Explicit concurrent mark sweep GC freed 150(2544B) AllocSpace objects, 0(0B) LOS objects, 28% free, 39MB/55MB, paused 588us total 28.480ms
08-04 02:42:26.356 12467 12479 I art     : Starting a blocking GC Explicit
08-04 02:42:26.385 12467 12479 I art     : Explicit concurrent mark sweep GC freed 216(3KB) AllocSpace objects, 0(0B) LOS objects, 28% free, 39MB/55MB, paused 480us total 28.837ms
08-04 02:42:26.398 12467 12479 I art     : Starting a blocking GC Explicit
08-04 02:42:26.427 12467 12479 I art     : Explicit concurrent mark sweep GC freed 161(2720B) AllocSpace objects, 0(0B) LOS objects, 28% free, 39MB/55MB, paused 630us total 29.284ms
08-04 02:42:26.786 12467 12480 I art     : Starting a blocking GC Explicit
08-04 02:42:26.814 12467 12480 I art     : Explicit concurrent mark sweep GC freed 3141(111KB) AllocSpace objects, 2(40KB) LOS objects, 28% free, 39MB/55MB, paused 452us total 27.677ms
08-04 02:42:26.814 12467 12478 I art     : WaitForGcToComplete blocked for 7.488ms for cause HeapTrim
08-04 02:42:26.827 12467 12480 I art     : Starting a blocking GC Explicit
08-04 02:42:26.855 12467 12480 I art     : Explicit concurrent mark sweep GC freed 177(3KB) AllocSpace objects, 0(0B) LOS objects, 28% free, 39MB/55MB, paused 478us total 27.997ms
08-04 02:42:26.867 12467 12480 I art     : Starting a blocking GC Explicit
08-04 02:42:26.894 12467 12480 I art     : Explicit concurrent mark sweep GC freed 181(3KB) AllocSpace objects, 0(0B) LOS objects, 28% free, 39MB/55MB, paused 527us total 26.964ms
08-04 02:42:26.907 12467 12480 I art     : Starting a blocking GC Explicit
08-04 02:42:26.934 12467 12480 I art     : Explicit concurrent mark sweep GC freed 202(3KB) AllocSpace objects, 0(0B) LOS objects, 28% free, 39MB/55MB, paused 443us total 27.170ms
08-04 02:42:26.946 12467 12480 I art     : Starting a blocking GC Explicit
08-04 02:42:26.974 12467 12480 I art     : Explicit concurrent mark sweep GC freed 146(2464B) AllocSpace objects, 0(0B) LOS objects, 28% free, 39MB/55MB, paused 472us total 27.126ms
08-04 02:42:27.183 13075 13075 D AndroidRuntime: >>>>>> START com.android.internal.os.RuntimeInit uid 2000 <<<<<<
08-04 02:42:27.189 13075 13075 D AndroidRuntime: CheckJNI is OFF
08-04 02:42:27.221 13075 13075 D ICU     : No timezone override file found: /data/misc/zoneinfo/current/icu/icu_tzdata.dat
08-04 02:42:27.254 13075 13075 I Radio-JNI: register_android_hardware_Radio DONE
08-04 02:42:27.275 13075 13075 D AndroidRuntime: Calling main entry com.android.commands.input.Input
08-04 02:42:27.277 13075 13075 I Input   : injectKeyEvent: KeyEvent { action=ACTION_DOWN, keyCode=KEYCODE_BACK, scanCode=0, metaState=0, flags=0x0, repeatCount=0, eventTime=672163690, downTime=672163690, deviceId=-1, source=0x101 }
08-04 02:42:27.281 13075 13075 I Input   : injectKeyEvent: KeyEvent { action=ACTION_UP, keyCode=KEYCODE_BACK, scanCode=0, metaState=0, flags=0x0, repeatCount=0, eventTime=672163690, downTime=672163690, deviceId=-1, source=0x101 }
08-04 02:42:27.286 13075 13075 D AndroidRuntime: Shutting down VM
08-04 02:42:27.321 12467 12525 I art     : Starting a blocking GC Explicit
08-04 02:42:27.321 13866 13866 I GoogleInputMethodServic: GoogleInputMethodService.onFinishInput():3138 
08-04 02:42:27.322 13866 13866 I GoogleInputMethodServic: GoogleInputMethodService.onStartInput():1808 
08-04 02:42:27.350 12467 12525 I art     : Explicit concurrent mark sweep GC freed 3113(112KB) AllocSpace objects, 2(40KB) LOS objects, 28% free, 39MB/55MB, paused 458us total 28.636ms
08-04 02:42:27.361 12467 12525 I art     : Starting a blocking GC Explicit
08-04 02:42:27.388 12467 12525 I art     : Explicit concurrent mark sweep GC freed 173(3KB) AllocSpace objects, 0(0B) LOS objects, 28% free, 39MB/55MB, paused 439us total 26.179ms
08-04 02:42:27.400 12467 12525 I art     : Starting a blocking GC Explicit
08-04 02:42:27.425 12467 12525 I art     : Explicit concurrent mark sweep GC freed 147(2496B) AllocSpace objects, 0(0B) LOS objects, 28% free, 39MB/55MB, paused 467us total 25.237ms
08-04 02:42:27.437 12467 12525 I art     : Starting a blocking GC Explicit
08-04 02:42:27.463 12467 12525 I art     : Explicit concurrent mark sweep GC freed 218(3KB) AllocSpace objects, 0(0B) LOS objects, 28% free, 39MB/55MB, paused 468us total 25.308ms
08-04 02:42:27.475 12467 12525 I art     : Starting a blocking GC Explicit
08-04 02:42:27.503 12467 12525 I art     : Explicit concurrent mark sweep GC freed 148(2528B) AllocSpace objects, 0(0B) LOS objects, 28% free, 39MB/55MB, paused 510us total 27.209ms
08-04 02:42:27.627   380   380 W SurfaceFlinger: couldn't log to binary event log: overflow.
08-04 02:42:27.822 12467 12480 I art     : Starting a blocking GC Explicit
08-04 02:42:27.855 12467 12480 I art     : Explicit concurrent mark sweep GC freed 3412(140KB) AllocSpace objects, 4(404KB) LOS objects, 29% free, 38MB/54MB, paused 493us total 32.373ms
08-04 02:42:27.870 12467 12480 I art     : Starting a blocking GC Explicit
08-04 02:42:27.896 12467 12480 I art     : Explicit concurrent mark sweep GC freed 5559(267KB) AllocSpace objects, 1(28KB) LOS objects, 29% free, 38MB/54MB, paused 534us total 26.046ms
08-04 02:42:27.908 12467 12480 I art     : Starting a blocking GC Explicit
08-04 02:42:27.934 12467 12480 I art     : Explicit concurrent mark sweep GC freed 104(1808B) AllocSpace objects, 0(0B) LOS objects, 29% free, 38MB/54MB, paused 453us total 25.366ms
08-04 02:42:27.946 12467 12480 I art     : Starting a blocking GC Explicit
08-04 02:42:27.973 12467 12480 I art     : Explicit concurrent mark sweep GC freed 99(1696B) AllocSpace objects, 0(0B) LOS objects, 29% free, 38MB/54MB, paused 437us total 26.272ms
08-04 02:42:27.985 12467 12480 I art     : Starting a blocking GC Explicit
08-04 02:42:28.011 12467 12480 I art     : Explicit concurrent mark sweep GC freed 99(1696B) AllocSpace objects, 0(0B) LOS objects, 29% free, 38MB/54MB, paused 580us total 26.160ms
08-04 02:42:28.350 12467 12479 I art     : Starting a blocking GC Explicit
08-04 02:42:28.380 12467 12479 I art     : Explicit concurrent mark sweep GC freed 2494(100KB) AllocSpace objects, 2(40KB) LOS objects, 29% free, 38MB/54MB, paused 637us total 29.516ms
08-04 02:42:28.395 12467 12479 I art     : Starting a blocking GC Explicit
08-04 02:42:28.421 12467 12479 I art     : Explicit concurrent mark sweep GC freed 155(3008B) AllocSpace objects, 0(0B) LOS objects, 29% free, 38MB/54MB, paused 457us total 25.858ms
08-04 02:42:28.433 12467 12479 I art     : Starting a blocking GC Explicit
08-04 02:42:28.459 12467 12479 I art     : Explicit concurrent mark sweep GC freed 99(1696B) AllocSpace objects, 0(0B) LOS objects, 29% free, 38MB/54MB, paused 453us total 25.649ms
08-04 02:42:28.471 12467 12479 I art     : Starting a blocking GC Explicit
08-04 02:42:28.497 12467 12479 I art     : Explicit concurrent mark sweep GC freed 146(2464B) AllocSpace objects, 0(0B) LOS objects, 29% free, 38MB/54MB, paused 545us total 25.661ms
08-04 02:42:28.509 12467 12479 I art     : Starting a blocking GC Explicit
08-04 02:42:28.534 12467 12479 I art     : Explicit concurrent mark sweep GC freed 100(1728B) AllocSpace objects, 0(0B) LOS objects, 29% free, 38MB/54MB, paused 530us total 24.757ms
08-04 02:42:28.859 12467 12526 I art     : Starting a blocking GC Explicit
08-04 02:42:28.886 12467 12526 I art     : Explicit concurrent mark sweep GC freed 2435(99KB) AllocSpace objects, 2(40KB) LOS objects, 29% free, 38MB/54MB, paused 455us total 26.658ms
08-04 02:42:28.898 12467 12526 I art     : Starting a blocking GC Explicit
08-04 02:42:28.923 12467 12526 I art     : Explicit concurrent mark sweep GC freed 118(2384B) AllocSpace objects, 0(0B) LOS objects, 29% free, 38MB/54MB, paused 459us total 25.108ms
08-04 02:42:28.933 13119 13119 D AndroidRuntime: >>>>>> START com.android.internal.os.RuntimeInit uid 2000 <<<<<<
08-04 02:42:28.936 12467 12526 I art     : Starting a blocking GC Explicit
08-04 02:42:28.938 13119 13119 D AndroidRuntime: CheckJNI is OFF
08-04 02:42:28.961 12467 12526 I art     : Explicit concurrent mark sweep GC freed 99(1696B) AllocSpace objects, 0(0B) LOS objects, 29% free, 38MB/54MB, paused 461us total 25.624ms
08-04 02:42:28.973 12467 12526 I art     : Starting a blocking GC Explicit
08-04 02:42:28.974 13119 13119 D ICU     : No timezone override file found: /data/misc/zoneinfo/current/icu/icu_tzdata.dat
08-04 02:42:29.000 12467 12526 I art     : Explicit concurrent mark sweep GC freed 147(2496B) AllocSpace objects, 0(0B) LOS objects, 29% free, 38MB/54MB, paused 457us total 26.114ms
08-04 02:42:29.009 13119 13119 I Radio-JNI: register_android_hardware_Radio DONE
08-04 02:42:29.011 12467 12526 I art     : Starting a blocking GC Explicit
08-04 02:42:29.031 13119 13119 D AndroidRuntime: Calling main entry com.android.commands.input.Input
08-04 02:42:29.032 13119 13119 I Input   : injectMotionEvent: MotionEvent { action=ACTION_DOWN, actionButton=0, id[0]=0, x[0]=504.0, y[0]=1706.0, toolType[0]=TOOL_TYPE_UNKNOWN, buttonState=0, metaState=0, flags=0x0, edgeFlags=0x0, pointerCount=1, historySize=0, eventTime=672165445, downTime=672165445, deviceId=0, source=0x1002 }
08-04 02:42:29.037 12467 12526 I art     : Explicit concurrent mark sweep GC freed 98(1664B) AllocSpace objects, 0(0B) LOS objects, 29% free, 38MB/54MB, paused 478us total 25.632ms
08-04 02:42:29.038 13119 13119 I Input   : injectMotionEvent: MotionEvent { action=ACTION_UP, actionButton=0, id[0]=0, x[0]=504.0, y[0]=1706.0, toolType[0]=TOOL_TYPE_UNKNOWN, buttonState=0, metaState=0, flags=0x0, edgeFlags=0x0, pointerCount=1, historySize=0, eventTime=672165445, downTime=672165445, deviceId=0, source=0x1002 }
08-04 02:42:29.042 13119 13119 D AndroidRuntime: Shutting down VM
08-04 02:42:29.042   512  2967 D audio_hw_primary: out_set_parameters: enter: usecase(1: low-latency-playback) kvpairs: routing=2
08-04 02:42:29.044   918  6110 I ActivityManager: START u0 {cmp=baseline.io.github.project_travel_mate/.destinations.funfacts.FunFactsActivity (has extras)} from uid 10650 on display 0
08-04 02:42:29.056   512  2967 D audio_hw_primary: select_devices: out_snd_device(2: speaker) in_snd_device(0: none)
08-04 02:42:29.056   512  2967 D msm8974_platform: platform_send_audio_calibration: sending audio calibration for snd_device(2) acdb_id(15)
08-04 02:42:29.056   512  2967 I soundtrigger: audio_extn_sound_trigger_update_device_status: device 0x2 of type 0 for Event 1
08-04 02:42:29.062   918   937 W ProcessCpuTracker: Skipping unknown process pid 13127
08-04 02:42:29.063   918   937 W ProcessCpuTracker: Skipping unknown process pid 13129
08-04 02:42:29.063   918   937 W ProcessCpuTracker: Skipping unknown process pid 13130
08-04 02:42:29.064 12467 12544 D Gabe    : call	returning from cache
08-04 02:42:29.065 12467 12467 V EXECUTING: https://project-travel-mate.herokuapp.com/api/get-city-facts/1
08-04 02:42:29.066   512  2967 D audio_hw_primary: enable_snd_device: snd_device(2: speaker)
08-04 02:42:29.068   512  2967 D audio_hw_primary: enable_audio_route: apply and update mixer path: low-latency-playback speaker
08-04 02:42:29.198   918   936 I ActivityManager: Displayed baseline.io.github.project_travel_mate/.destinations.funfacts.FunFactsActivity: +144ms
08-04 02:42:29.198 13866 13866 I GoogleInputMethodServic: GoogleInputMethodService.onFinishInput():3138 
08-04 02:42:29.199 13866 13866 I GoogleInputMethodServic: GoogleInputMethodService.onStartInput():1808 
08-04 02:42:29.331 12467 12525 I art     : Starting a blocking GC Explicit
08-04 02:42:29.358 12467 12525 I art     : Explicit concurrent mark sweep GC freed 4251(273KB) AllocSpace objects, 2(40KB) LOS objects, 27% free, 43MB/59MB, paused 486us total 26.867ms
08-04 02:42:29.370 12467 12525 I art     : Starting a blocking GC Explicit
08-04 02:42:29.395 12467 12525 I art     : Explicit concurrent mark sweep GC freed 273(8KB) AllocSpace objects, 0(0B) LOS objects, 27% free, 43MB/59MB, paused 488us total 24.807ms
08-04 02:42:29.407 12467 12525 I art     : Starting a blocking GC Explicit
08-04 02:42:29.432 12467 12525 I art     : Explicit concurrent mark sweep GC freed 218(3KB) AllocSpace objects, 0(0B) LOS objects, 27% free, 43MB/59MB, paused 479us total 24.559ms
08-04 02:42:29.445 12467 12525 I art     : Starting a blocking GC Explicit
08-04 02:42:29.446   380   380 W SurfaceFlinger: couldn't log to binary event log: overflow.
08-04 02:42:29.469 12467 12525 I art     : Explicit concurrent mark sweep GC freed 148(2528B) AllocSpace objects, 0(0B) LOS objects, 27% free, 43MB/59MB, paused 456us total 24.574ms
08-04 02:42:29.482 12467 12525 I art     : Starting a blocking GC Explicit
08-04 02:42:29.507 12467 12525 I art     : Explicit concurrent mark sweep GC freed 1185(74KB) AllocSpace objects, 2(120KB) LOS objects, 26% free, 43MB/59MB, paused 758us total 24.621ms
08-04 02:42:29.549 12467 13143 I NAPPA_EXPERIMENTATION: MetricNetworkRequestExecutionTime: REQUEST_DURATION_SYSTEM='482',REQUEST_DURATION_OKHTTP='30',REQUEST_SYNCHRONOUS='FALSE',RESPONSE_CODE='200',RESPONSE_METHOD='GET',RESPONSE_LENGTH_OKHTTP='1793',RESPONSE_LENGTH_HEADER='1793',REQUEST_PROTOCOL='http/1.1',REQUEST_URL='https://project-travel-mate.herokuapp.com/api/get-city-facts/1',
08-04 02:42:29.552 12467 13143 V EXECUTING: https://project-travel-mate.herokuapp.com/api/get-city-images/1
08-04 02:42:29.608   512  2967 D audio_hw_primary: disable_audio_route: reset and update mixer path: low-latency-playback speaker
08-04 02:42:29.609   512  2967 D audio_hw_primary: disable_snd_device: snd_device(2: speaker)
08-04 02:42:29.617   512  2967 I soundtrigger: audio_extn_sound_trigger_update_device_status: device 0x2 of type 0 for Event 0
08-04 02:42:29.815 12467 12525 I art     : Starting a blocking GC Explicit
08-04 02:42:29.842 12467 12525 I art     : Explicit concurrent mark sweep GC freed 5276(301KB) AllocSpace objects, 3(120KB) LOS objects, 26% free, 43MB/59MB, paused 685us total 26.592ms
08-04 02:42:29.854 12467 12525 I art     : Starting a blocking GC Explicit
08-04 02:42:29.880 12467 12525 I art     : Explicit concurrent mark sweep GC freed 256(24KB) AllocSpace objects, 0(0B) LOS objects, 26% free, 43MB/59MB, paused 495us total 25.402ms
08-04 02:42:29.892 12467 12525 I art     : Starting a blocking GC Explicit
08-04 02:42:29.920 12467 12525 I art     : Explicit concurrent mark sweep GC freed 1079(70KB) AllocSpace objects, 2(120KB) LOS objects, 26% free, 43MB/59MB, paused 1.111ms total 27.467ms
08-04 02:42:29.931 12467 12525 I art     : Starting a blocking GC Explicit
08-04 02:42:29.958 12467 12525 I art     : Explicit concurrent mark sweep GC freed 2401(145KB) AllocSpace objects, 1(80KB) LOS objects, 26% free, 43MB/59MB, paused 699us total 26.971ms
08-04 02:42:29.968 12467 13155 I NAPPA_EXPERIMENTATION: MetricNetworkRequestExecutionTime: REQUEST_DURATION_SYSTEM='414',REQUEST_DURATION_OKHTTP='29',REQUEST_SYNCHRONOUS='FALSE',RESPONSE_CODE='200',RESPONSE_METHOD='GET',RESPONSE_LENGTH_OKHTTP='183',RESPONSE_LENGTH_HEADER='183',REQUEST_PROTOCOL='http/1.1',REQUEST_URL='https://project-travel-mate.herokuapp.com/api/get-city-images/1',
08-04 02:42:29.970 12467 12525 I art     : Starting a blocking GC Explicit
08-04 02:42:29.996 12467 12525 I art     : Explicit concurrent mark sweep GC freed 474(50KB) AllocSpace objects, 0(0B) LOS objects, 26% free, 43MB/59MB, paused 478us total 25.836ms
08-04 02:42:30.010 12467 13155 V RESPONSE: [{"id":17,"image_url":"https://upload.wikimedia.org/wikipedia/commons/9/94/%E0%B4%96%E0%B5%81%E0%B4%A4%E0%B5%8D%E0%B4%AC%E0%B5%8D_%E0%B4%AE%E0%B4%BF%E0%B4%A8%E0%B4%BE%E0%B5%BC1.jpg"}]
08-04 02:42:30.335 12467 12526 I art     : Starting a blocking GC Explicit
08-04 02:42:30.370 12467 12526 I art     : Explicit concurrent mark sweep GC freed 6166(241KB) AllocSpace objects, 3(4MB) LOS objects, 28% free, 39MB/55MB, paused 665us total 35.315ms
08-04 02:42:30.383 12467 12526 I art     : Starting a blocking GC Explicit
08-04 02:42:30.412 12467 12526 I art     : Explicit concurrent mark sweep GC freed 300(10KB) AllocSpace objects, 0(0B) LOS objects, 28% free, 39MB/55MB, paused 503us total 28.740ms
08-04 02:42:30.424 12467 12526 I art     : Starting a blocking GC Explicit
08-04 02:42:30.452 12467 12526 I art     : Explicit concurrent mark sweep GC freed 219(3KB) AllocSpace objects, 0(0B) LOS objects, 28% free, 39MB/55MB, paused 525us total 28.059ms
08-04 02:42:30.465 12467 12526 I art     : Starting a blocking GC Explicit
08-04 02:42:30.494 12467 12526 I art     : Explicit concurrent mark sweep GC freed 147(2496B) AllocSpace objects, 0(0B) LOS objects, 28% free, 39MB/55MB, paused 497us total 28.685ms
08-04 02:42:30.506 12467 12526 I art     : Starting a blocking GC Explicit
08-04 02:42:30.535 12467 12526 I art     : Explicit concurrent mark sweep GC freed 219(3KB) AllocSpace objects, 0(0B) LOS objects, 28% free, 39MB/55MB, paused 481us total 28.220ms
08-04 02:42:30.871 12467 12479 I art     : Starting a blocking GC Explicit
08-04 02:42:30.903 12467 12479 I art     : Explicit concurrent mark sweep GC freed 3011(108KB) AllocSpace objects, 2(40KB) LOS objects, 28% free, 39MB/55MB, paused 510us total 30.976ms
08-04 02:42:30.918 12467 12479 I art     : Starting a blocking GC Explicit
08-04 02:42:30.946 12467 12479 I art     : Explicit concurrent mark sweep GC freed 166(3KB) AllocSpace objects, 0(0B) LOS objects, 28% free, 39MB/55MB, paused 492us total 27.683ms
08-04 02:42:30.958 12467 12479 I art     : Starting a blocking GC Explicit
08-04 02:42:30.986 12467 12479 I art     : Explicit concurrent mark sweep GC freed 219(3KB) AllocSpace objects, 0(0B) LOS objects, 28% free, 39MB/55MB, paused 493us total 27.650ms
08-04 02:42:30.998 12467 12479 I art     : Starting a blocking GC Explicit
08-04 02:42:31.028 12467 12479 I art     : Explicit concurrent mark sweep GC freed 146(2464B) AllocSpace objects, 0(0B) LOS objects, 28% free, 39MB/55MB, paused 540us total 29.414ms
08-04 02:42:31.040 12467 12479 I art     : Starting a blocking GC Explicit
08-04 02:42:31.069 12467 12479 I art     : Explicit concurrent mark sweep GC freed 220(3KB) AllocSpace objects, 0(0B) LOS objects, 28% free, 39MB/55MB, paused 484us total 28.715ms
08-04 02:42:31.424 12467 12480 I art     : Starting a blocking GC Explicit
08-04 02:42:31.457 12467 12480 I art     : Explicit concurrent mark sweep GC freed 3083(110KB) AllocSpace objects, 2(40KB) LOS objects, 28% free, 39MB/55MB, paused 510us total 32.503ms
08-04 02:42:31.469 12467 12480 I art     : Starting a blocking GC Explicit
08-04 02:42:31.497 12467 12480 I art     : Explicit concurrent mark sweep GC freed 166(3KB) AllocSpace objects, 0(0B) LOS objects, 28% free, 39MB/55MB, paused 604us total 27.631ms
08-04 02:42:31.509 12467 12480 I art     : Starting a blocking GC Explicit
08-04 02:42:31.537 12467 12480 I art     : Explicit concurrent mark sweep GC freed 219(3KB) AllocSpace objects, 0(0B) LOS objects, 28% free, 39MB/55MB, paused 533us total 27.361ms
08-04 02:42:31.549 12467 12480 I art     : Starting a blocking GC Explicit
08-04 02:42:31.578 12467 12480 I art     : Explicit concurrent mark sweep GC freed 146(2464B) AllocSpace objects, 0(0B) LOS objects, 28% free, 39MB/55MB, paused 533us total 28.235ms
08-04 02:42:31.590 12467 12480 I art     : Starting a blocking GC Explicit
08-04 02:42:31.618 12467 12480 I art     : Explicit concurrent mark sweep GC freed 219(3KB) AllocSpace objects, 0(0B) LOS objects, 28% free, 39MB/55MB, paused 531us total 27.619ms
08-04 02:42:31.712 13195 13195 D AndroidRuntime: >>>>>> START com.android.internal.os.RuntimeInit uid 2000 <<<<<<
08-04 02:42:31.718 13195 13195 D AndroidRuntime: CheckJNI is OFF
08-04 02:42:31.751 13195 13195 D ICU     : No timezone override file found: /data/misc/zoneinfo/current/icu/icu_tzdata.dat
08-04 02:42:31.783 13195 13195 I Radio-JNI: register_android_hardware_Radio DONE
08-04 02:42:31.804 13195 13195 D AndroidRuntime: Calling main entry com.android.commands.input.Input
08-04 02:42:31.806 13195 13195 I Input   : injectKeyEvent: KeyEvent { action=ACTION_DOWN, keyCode=KEYCODE_BACK, scanCode=0, metaState=0, flags=0x0, repeatCount=0, eventTime=672168219, downTime=672168219, deviceId=-1, source=0x101 }
08-04 02:42:31.817 13195 13195 I Input   : injectKeyEvent: KeyEvent { action=ACTION_UP, keyCode=KEYCODE_BACK, scanCode=0, metaState=0, flags=0x0, repeatCount=0, eventTime=672168219, downTime=672168219, deviceId=-1, source=0x101 }
08-04 02:42:31.823 13195 13195 D AndroidRuntime: Shutting down VM
08-04 02:42:31.858 13866 13866 I GoogleInputMethodServic: GoogleInputMethodService.onFinishInput():3138 
08-04 02:42:31.860 13866 13866 I GoogleInputMethodServic: GoogleInputMethodService.onStartInput():1808 
08-04 02:42:31.946 12467 12525 I art     : Starting a blocking GC Explicit
08-04 02:42:31.978 12467 12525 I art     : Explicit concurrent mark sweep GC freed 3044(111KB) AllocSpace objects, 2(40KB) LOS objects, 28% free, 39MB/55MB, paused 506us total 31.160ms
08-04 02:42:31.990 12467 12525 I art     : Starting a blocking GC Explicit
08-04 02:42:32.017 12467 12525 I art     : Explicit concurrent mark sweep GC freed 201(3KB) AllocSpace objects, 0(0B) LOS objects, 28% free, 39MB/55MB, paused 539us total 25.899ms
08-04 02:42:32.030 12467 12525 I art     : Starting a blocking GC Explicit
08-04 02:42:32.059 12467 12525 I art     : Explicit concurrent mark sweep GC freed 188(3KB) AllocSpace objects, 0(0B) LOS objects, 28% free, 39MB/55MB, paused 456us total 28.388ms
08-04 02:42:32.071 12467 12525 I art     : Starting a blocking GC Explicit
08-04 02:42:32.099 12467 12525 I art     : Explicit concurrent mark sweep GC freed 147(2496B) AllocSpace objects, 0(0B) LOS objects, 28% free, 39MB/55MB, paused 488us total 27.170ms
08-04 02:42:32.112 12467 12525 I art     : Starting a blocking GC Explicit
08-04 02:42:32.148 12467 12525 I art     : Explicit concurrent mark sweep GC freed 219(3KB) AllocSpace objects, 0(0B) LOS objects, 28% free, 39MB/55MB, paused 562us total 35.657ms
08-04 02:42:32.165   380   380 W SurfaceFlinger: couldn't log to binary event log: overflow.
08-04 02:42:32.487 12467 12526 I art     : Starting a blocking GC Explicit
08-04 02:42:32.520 12467 12526 I art     : Explicit concurrent mark sweep GC freed 3337(137KB) AllocSpace objects, 4(404KB) LOS objects, 28% free, 39MB/55MB, paused 821us total 32.720ms
08-04 02:42:32.534 12467 12526 I art     : Starting a blocking GC Explicit
08-04 02:42:32.563 12467 12526 I art     : Explicit concurrent mark sweep GC freed 5556(268KB) AllocSpace objects, 1(28KB) LOS objects, 29% free, 38MB/54MB, paused 499us total 28.243ms
08-04 02:42:32.575 12467 12526 I art     : Starting a blocking GC Explicit
08-04 02:42:32.602 12467 12526 I art     : Explicit concurrent mark sweep GC freed 147(2496B) AllocSpace objects, 0(0B) LOS objects, 29% free, 38MB/54MB, paused 487us total 27.040ms
08-04 02:42:32.615 12467 12526 I art     : Starting a blocking GC Explicit
08-04 02:42:32.642 12467 12526 I art     : Explicit concurrent mark sweep GC freed 98(1664B) AllocSpace objects, 0(0B) LOS objects, 29% free, 38MB/54MB, paused 520us total 27.154ms
08-04 02:42:32.655 12467 12526 I art     : Starting a blocking GC Explicit
08-04 02:42:32.683 12467 12526 I art     : Explicit concurrent mark sweep GC freed 100(1728B) AllocSpace objects, 0(0B) LOS objects, 29% free, 38MB/54MB, paused 667us total 27.793ms
08-04 02:42:33.021 12467 12479 I art     : Starting a blocking GC Explicit
08-04 02:42:33.052 12467 12479 I art     : Explicit concurrent mark sweep GC freed 2506(101KB) AllocSpace objects, 2(40KB) LOS objects, 29% free, 38MB/54MB, paused 596us total 30.187ms
08-04 02:42:33.064 12467 12479 I art     : Starting a blocking GC Explicit
08-04 02:42:33.088 12467 12479 I art     : Explicit concurrent mark sweep GC freed 182(3KB) AllocSpace objects, 0(0B) LOS objects, 29% free, 38MB/54MB, paused 487us total 23.088ms
08-04 02:42:33.099 12467 12479 I art     : Starting a blocking GC Explicit
08-04 02:42:33.125 12467 12479 I art     : Explicit concurrent mark sweep GC freed 98(1664B) AllocSpace objects, 0(0B) LOS objects, 29% free, 38MB/54MB, paused 502us total 25.978ms
08-04 02:42:33.137 12467 12479 I art     : Starting a blocking GC Explicit
08-04 02:42:33.163 12467 12479 I art     : Explicit concurrent mark sweep GC freed 100(1728B) AllocSpace objects, 0(0B) LOS objects, 29% free, 38MB/54MB, paused 503us total 25.878ms
08-04 02:42:33.176 12467 12479 I art     : Starting a blocking GC Explicit
08-04 02:42:33.202 12467 12479 I art     : Explicit concurrent mark sweep GC freed 144(2416B) AllocSpace objects, 0(0B) LOS objects, 29% free, 38MB/54MB, paused 617us total 25.755ms
08-04 02:42:33.463 13251 13251 D AndroidRuntime: >>>>>> START com.android.internal.os.RuntimeInit uid 2000 <<<<<<
08-04 02:42:33.468 13251 13251 D AndroidRuntime: CheckJNI is OFF
08-04 02:42:33.503 13251 13251 D ICU     : No timezone override file found: /data/misc/zoneinfo/current/icu/icu_tzdata.dat
08-04 02:42:33.514 12467 12525 I art     : Starting a blocking GC Explicit
08-04 02:42:33.541 13251 13251 I Radio-JNI: register_android_hardware_Radio DONE
08-04 02:42:33.543 12467 12525 I art     : Explicit concurrent mark sweep GC freed 2390(98KB) AllocSpace objects, 2(40KB) LOS objects, 29% free, 38MB/54MB, paused 548us total 28.177ms
08-04 02:42:33.556 12467 12525 I art     : Starting a blocking GC Explicit
08-04 02:42:33.564 13251 13251 D AndroidRuntime: Calling main entry com.android.commands.input.Input
08-04 02:42:33.566 13251 13251 I Input   : injectMotionEvent: MotionEvent { action=ACTION_DOWN, actionButton=0, id[0]=0, x[0]=693.0, y[0]=1450.0, toolType[0]=TOOL_TYPE_UNKNOWN, buttonState=0, metaState=0, flags=0x0, edgeFlags=0x0, pointerCount=1, historySize=0, eventTime=672169979, downTime=672169979, deviceId=0, source=0x1002 }
08-04 02:42:33.572 13251 13251 I Input   : injectMotionEvent: MotionEvent { action=ACTION_UP, actionButton=0, id[0]=0, x[0]=693.0, y[0]=1450.0, toolType[0]=TOOL_TYPE_UNKNOWN, buttonState=0, metaState=0, flags=0x0, edgeFlags=0x0, pointerCount=1, historySize=0, eventTime=672169979, downTime=672169979, deviceId=0, source=0x1002 }
08-04 02:42:33.573 13251 13251 D AndroidRuntime: Shutting down VM
08-04 02:42:33.573   918   928 I ActivityManager: START u0 {cmp=baseline.io.github.project_travel_mate/.destinations.description.CityHistoryActivity} from uid 10650 on display 0
08-04 02:42:33.575   512  2967 D audio_hw_primary: out_set_parameters: enter: usecase(1: low-latency-playback) kvpairs: routing=2
08-04 02:42:33.581 12467 12525 I art     : Explicit concurrent mark sweep GC freed 121(2464B) AllocSpace objects, 0(0B) LOS objects, 29% free, 38MB/54MB, paused 524us total 25.480ms
08-04 02:42:33.588   512  2967 D audio_hw_primary: select_devices: out_snd_device(2: speaker) in_snd_device(0: none)
08-04 02:42:33.588   512  2967 D msm8974_platform: platform_send_audio_calibration: sending audio calibration for snd_device(2) acdb_id(15)
08-04 02:42:33.588   512  2967 I soundtrigger: audio_extn_sound_trigger_update_device_status: device 0x2 of type 0 for Event 1
08-04 02:42:33.595 12467 12525 I art     : Starting a blocking GC Explicit
08-04 02:42:33.599   512  2967 D audio_hw_primary: enable_snd_device: snd_device(2: speaker)
08-04 02:42:33.602   512  2967 D audio_hw_primary: enable_audio_route: apply and update mixer path: low-latency-playback speaker
08-04 02:42:33.603 12467 12544 D Gabe    : call	returning from cache
08-04 02:42:33.605 12467 12467 V EXECUTING: https://project-travel-mate.herokuapp.com/api/get-city-information/1
08-04 02:42:33.622 12467 12525 I art     : Explicit concurrent mark sweep GC freed 625(45KB) AllocSpace objects, 0(0B) LOS objects, 29% free, 39MB/55MB, paused 659us total 25.897ms
08-04 02:42:33.634 12467 12525 I art     : Starting a blocking GC Explicit
08-04 02:42:33.660 12467 12525 I art     : Explicit concurrent mark sweep GC freed 628(20KB) AllocSpace objects, 0(0B) LOS objects, 26% free, 43MB/59MB, paused 793us total 26.012ms
08-04 02:42:33.673 12467 12525 I art     : Starting a blocking GC Explicit
08-04 02:42:33.701 12467 12525 I art     : Explicit concurrent mark sweep GC freed 67(2992B) AllocSpace objects, 0(0B) LOS objects, 26% free, 43MB/59MB, paused 808us total 27.533ms
08-04 02:42:33.723   918   936 I ActivityManager: Displayed baseline.io.github.project_travel_mate/.destinations.description.CityHistoryActivity: +142ms
08-04 02:42:33.723 13866 13866 I GoogleInputMethodServic: GoogleInputMethodService.onFinishInput():3138 
08-04 02:42:33.724 13866 13866 I GoogleInputMethodServic: GoogleInputMethodService.onStartInput():1808 
08-04 02:42:33.985   380   380 W SurfaceFlinger: couldn't log to binary event log: overflow.
08-04 02:42:33.994 12467 12480 I art     : Starting a blocking GC Explicit
08-04 02:42:34.021 12467 12480 I art     : Explicit concurrent mark sweep GC freed 2502(105KB) AllocSpace objects, 2(40KB) LOS objects, 26% free, 43MB/59MB, paused 496us total 26.711ms
08-04 02:42:34.033 12467 12480 I art     : Starting a blocking GC Explicit
08-04 02:42:34.058 12467 12480 I art     : Explicit concurrent mark sweep GC freed 172(3KB) AllocSpace objects, 0(0B) LOS objects, 26% free, 43MB/59MB, paused 527us total 25.398ms
08-04 02:42:34.070 12467 12480 I art     : Starting a blocking GC Explicit
08-04 02:42:34.098 12467 12480 I art     : Explicit concurrent mark sweep GC freed 147(2496B) AllocSpace objects, 0(0B) LOS objects, 26% free, 43MB/59MB, paused 539us total 27.108ms
08-04 02:42:34.111 12467 12480 I art     : Starting a blocking GC Explicit
08-04 02:42:34.139   512  2967 D audio_hw_primary: disable_audio_route: reset and update mixer path: low-latency-playback speaker
08-04 02:42:34.140   512  2967 D audio_hw_primary: disable_snd_device: snd_device(2: speaker)
08-04 02:42:34.143 12467 12480 I art     : Explicit concurrent mark sweep GC freed 2749(134KB) AllocSpace objects, 2(120KB) LOS objects, 26% free, 43MB/59MB, paused 804us total 32.190ms
08-04 02:42:34.149   512  2967 I soundtrigger: audio_extn_sound_trigger_update_device_status: device 0x2 of type 0 for Event 0
08-04 02:42:34.156 12467 12480 I art     : Starting a blocking GC Explicit
08-04 02:42:34.173 12467 13275 I NAPPA_EXPERIMENTATION: MetricNetworkRequestExecutionTime: REQUEST_DURATION_SYSTEM='568',REQUEST_DURATION_OKHTTP='34',REQUEST_SYNCHRONOUS='FALSE',RESPONSE_CODE='200',RESPONSE_METHOD='GET',RESPONSE_LENGTH_OKHTTP='55024',RESPONSE_LENGTH_HEADER='55024',REQUEST_PROTOCOL='http/1.1',REQUEST_URL='https://project-travel-mate.herokuapp.com/api/get-city-information/1',
08-04 02:42:34.184 12467 12480 I art     : Explicit concurrent mark sweep GC freed 1094(128KB) AllocSpace objects, 1(80KB) LOS objects, 26% free, 43MB/59MB, paused 702us total 27.231ms
08-04 02:42:34.301 13866 13866 I GoogleInputMethodServic: GoogleInputMethodService.onFinishInput():3138 
08-04 02:42:34.302 13866 13866 I GoogleInputMethodServic: GoogleInputMethodService.onStartInput():1808 
08-04 02:42:34.357   918  3261 D WifiStateMachine: starting scan for "H369AA63323"WPA_PSK with 2412,5180
08-04 02:42:34.516 12467 12480 I art     : Starting a blocking GC Explicit
08-04 02:42:34.552 12467 12480 I art     : Explicit concurrent mark sweep GC freed 4123(1319KB) AllocSpace objects, 22(4MB) LOS objects, 28% free, 39MB/55MB, paused 548us total 36.353ms
08-04 02:42:34.568 12467 12480 I art     : Starting a blocking GC Explicit
08-04 02:42:34.597 12467 12480 I art     : Explicit concurrent mark sweep GC freed 280(6KB) AllocSpace objects, 0(0B) LOS objects, 28% free, 39MB/55MB, paused 534us total 28.658ms
08-04 02:42:34.609 12467 12480 I art     : Starting a blocking GC Explicit
08-04 02:42:34.637 12467 12480 I art     : Explicit concurrent mark sweep GC freed 219(3KB) AllocSpace objects, 0(0B) LOS objects, 28% free, 39MB/55MB, paused 552us total 28.176ms
08-04 02:42:34.650 12467 12480 I art     : Starting a blocking GC Explicit
08-04 02:42:34.680 12467 12480 I art     : Explicit concurrent mark sweep GC freed 148(2528B) AllocSpace objects, 0(0B) LOS objects, 28% free, 39MB/55MB, paused 522us total 29.804ms
08-04 02:42:34.692 12467 12480 I art     : Starting a blocking GC Explicit
08-04 02:42:34.721 12467 12480 I art     : Explicit concurrent mark sweep GC freed 218(3KB) AllocSpace objects, 0(0B) LOS objects, 28% free, 39MB/55MB, paused 593us total 28.746ms
08-04 02:42:35.046 12467 12525 I art     : Starting a blocking GC Explicit
08-04 02:42:35.079 12467 12525 I art     : Explicit concurrent mark sweep GC freed 2940(107KB) AllocSpace objects, 2(40KB) LOS objects, 28% free, 39MB/55MB, paused 563us total 32.631ms
08-04 02:42:35.095 12467 12525 I art     : Starting a blocking GC Explicit
08-04 02:42:35.124 12467 12525 I art     : Explicit concurrent mark sweep GC freed 238(4KB) AllocSpace objects, 0(0B) LOS objects, 28% free, 39MB/55MB, paused 526us total 28.354ms
08-04 02:42:35.136 12467 12525 I art     : Starting a blocking GC Explicit
08-04 02:42:35.165 12467 12525 I art     : Explicit concurrent mark sweep GC freed 147(2496B) AllocSpace objects, 0(0B) LOS objects, 28% free, 39MB/55MB, paused 568us total 28.545ms
08-04 02:42:35.178 12467 12525 I art     : Starting a blocking GC Explicit
08-04 02:42:35.207 12467 12525 I art     : Explicit concurrent mark sweep GC freed 219(3KB) AllocSpace objects, 0(0B) LOS objects, 28% free, 39MB/55MB, paused 530us total 28.757ms
08-04 02:42:35.219 12467 12525 I art     : Starting a blocking GC Explicit
08-04 02:42:35.250 12467 12525 I art     : Explicit concurrent mark sweep GC freed 149(2560B) AllocSpace objects, 0(0B) LOS objects, 28% free, 39MB/55MB, paused 545us total 30.615ms
08-04 02:42:35.614 12467 12525 I art     : Starting a blocking GC Explicit
08-04 02:42:35.648 12467 12525 I art     : Explicit concurrent mark sweep GC freed 3185(112KB) AllocSpace objects, 2(40KB) LOS objects, 28% free, 39MB/55MB, paused 537us total 33.325ms
08-04 02:42:35.662 12467 12525 I art     : Starting a blocking GC Explicit
08-04 02:42:35.689 12467 12525 I art     : Explicit concurrent mark sweep GC freed 238(4KB) AllocSpace objects, 0(0B) LOS objects, 28% free, 39MB/55MB, paused 528us total 26.779ms
08-04 02:42:35.701 12467 12525 I art     : Starting a blocking GC Explicit
08-04 02:42:35.729 12467 12525 I art     : Explicit concurrent mark sweep GC freed 147(2496B) AllocSpace objects, 0(0B) LOS objects, 28% free, 39MB/55MB, paused 533us total 28.220ms
08-04 02:42:35.742 12467 12525 I art     : Starting a blocking GC Explicit
08-04 02:42:35.771 12467 12525 I art     : Explicit concurrent mark sweep GC freed 180(3024B) AllocSpace objects, 0(0B) LOS objects, 28% free, 39MB/55MB, paused 633us total 29.174ms
08-04 02:42:35.784 12467 12525 I art     : Starting a blocking GC Explicit
08-04 02:42:35.813 12467 12525 I art     : Explicit concurrent mark sweep GC freed 186(3KB) AllocSpace objects, 0(0B) LOS objects, 28% free, 39MB/55MB, paused 533us total 29.112ms
08-04 02:42:36.188 12467 12480 I art     : Starting a blocking GC Explicit
08-04 02:42:36.220 12467 12480 I art     : Explicit concurrent mark sweep GC freed 3167(111KB) AllocSpace objects, 2(40KB) LOS objects, 28% free, 39MB/55MB, paused 516us total 31.120ms
08-04 02:42:36.232 12467 12480 I art     : Starting a blocking GC Explicit
08-04 02:42:36.262 12467 12480 I art     : Explicit concurrent mark sweep GC freed 254(5KB) AllocSpace objects, 0(0B) LOS objects, 28% free, 39MB/55MB, paused 528us total 29.660ms
08-04 02:42:36.275 12467 12480 I art     : Starting a blocking GC Explicit
08-04 02:42:36.305 12467 12480 I art     : Explicit concurrent mark sweep GC freed 150(2544B) AllocSpace objects, 0(0B) LOS objects, 28% free, 39MB/55MB, paused 670us total 29.568ms
08-04 02:42:36.318 12467 12480 I art     : Starting a blocking GC Explicit
08-04 02:42:36.348 12467 12480 I art     : Explicit concurrent mark sweep GC freed 216(3KB) AllocSpace objects, 0(0B) LOS objects, 28% free, 39MB/55MB, paused 574us total 30.382ms
08-04 02:42:36.361 12467 12480 I art     : Starting a blocking GC Explicit
08-04 02:42:36.391 12467 12480 I art     : Explicit concurrent mark sweep GC freed 219(3KB) AllocSpace objects, 0(0B) LOS objects, 28% free, 39MB/55MB, paused 536us total 30.021ms
08-04 02:42:36.767 12467 12526 I art     : Starting a blocking GC Explicit
08-04 02:42:36.798 12467 12526 I art     : Explicit concurrent mark sweep GC freed 3156(111KB) AllocSpace objects, 2(40KB) LOS objects, 28% free, 39MB/55MB, paused 567us total 30.634ms
08-04 02:42:36.810 12467 12526 I art     : Starting a blocking GC Explicit
08-04 02:42:36.839 12467 12526 I art     : Explicit concurrent mark sweep GC freed 189(3KB) AllocSpace objects, 0(0B) LOS objects, 28% free, 39MB/55MB, paused 662us total 28.289ms
08-04 02:42:36.851 12467 12526 I art     : Starting a blocking GC Explicit
08-04 02:42:36.880 12467 12526 I art     : Explicit concurrent mark sweep GC freed 196(3KB) AllocSpace objects, 0(0B) LOS objects, 28% free, 39MB/55MB, paused 523us total 29.044ms
08-04 02:42:36.893 12467 12526 I art     : Starting a blocking GC Explicit
08-04 02:42:36.922 12467 12526 I art     : Explicit concurrent mark sweep GC freed 195(3KB) AllocSpace objects, 0(0B) LOS objects, 28% free, 39MB/55MB, paused 627us total 29.412ms
08-04 02:42:36.935 12467 12526 I art     : Starting a blocking GC Explicit
08-04 02:42:36.965 12467 12526 I art     : Explicit concurrent mark sweep GC freed 171(2912B) AllocSpace objects, 0(0B) LOS objects, 28% free, 39MB/55MB, paused 519us total 29.194ms
08-04 02:42:37.344 12467 12479 I art     : Starting a blocking GC Explicit
08-04 02:42:37.374 12467 12479 I art     : Explicit concurrent mark sweep GC freed 3226(112KB) AllocSpace objects, 2(40KB) LOS objects, 28% free, 39MB/55MB, paused 605us total 29.421ms
08-04 02:42:37.387 12467 12479 I art     : Starting a blocking GC Explicit
08-04 02:42:37.416 12467 12479 I art     : Explicit concurrent mark sweep GC freed 166(3KB) AllocSpace objects, 0(0B) LOS objects, 28% free, 39MB/55MB, paused 573us total 29.203ms
08-04 02:42:37.429 12467 12479 I art     : Starting a blocking GC Explicit
08-04 02:42:37.459 12467 12479 I art     : Explicit concurrent mark sweep GC freed 220(3KB) AllocSpace objects, 0(0B) LOS objects, 28% free, 39MB/55MB, paused 532us total 29.609ms
08-04 02:42:37.471 12467 12479 I art     : Starting a blocking GC Explicit
08-04 02:42:37.502 12467 12479 I art     : Explicit concurrent mark sweep GC freed 146(2464B) AllocSpace objects, 0(0B) LOS objects, 28% free, 39MB/55MB, paused 541us total 30.191ms
08-04 02:42:37.515 12467 12479 I art     : Starting a blocking GC Explicit
08-04 02:42:37.545 12467 12479 I art     : Explicit concurrent mark sweep GC freed 220(3KB) AllocSpace objects, 0(0B) LOS objects, 28% free, 39MB/55MB, paused 540us total 29.792ms
08-04 02:42:37.930 12467 12525 I art     : Starting a blocking GC Explicit
08-04 02:42:37.959 12467 12525 I art     : Explicit concurrent mark sweep GC freed 3226(112KB) AllocSpace objects, 2(40KB) LOS objects, 28% free, 39MB/55MB, paused 547us total 28.193ms
08-04 02:42:37.971 12467 12525 I art     : Starting a blocking GC Explicit
08-04 02:42:38.000 12467 12525 I art     : Explicit concurrent mark sweep GC freed 166(3KB) AllocSpace objects, 0(0B) LOS objects, 28% free, 39MB/55MB, paused 554us total 28.456ms
08-04 02:42:38.012 12467 12525 I art     : Starting a blocking GC Explicit
08-04 02:42:38.041 12467 12525 I art     : Explicit concurrent mark sweep GC freed 158(2672B) AllocSpace objects, 0(0B) LOS objects, 28% free, 39MB/55MB, paused 577us total 28.688ms
08-04 02:42:38.053 12467 12525 I art     : Starting a blocking GC Explicit
08-04 02:42:38.082 12467 12525 I art     : Explicit concurrent mark sweep GC freed 209(3KB) AllocSpace objects, 0(0B) LOS objects, 28% free, 39MB/55MB, paused 524us total 28.261ms
08-04 02:42:38.094 12467 12525 I art     : Starting a blocking GC Explicit
08-04 02:42:38.123 12467 12525 I art     : Explicit concurrent mark sweep GC freed 151(2544B) AllocSpace objects, 0(0B) LOS objects, 28% free, 39MB/55MB, paused 575us total 28.685ms
08-04 02:42:38.223 13360 13360 D AndroidRuntime: >>>>>> START com.android.internal.os.RuntimeInit uid 2000 <<<<<<
08-04 02:42:38.228 13360 13360 D AndroidRuntime: CheckJNI is OFF
08-04 02:42:38.261 13360 13360 D ICU     : No timezone override file found: /data/misc/zoneinfo/current/icu/icu_tzdata.dat
08-04 02:42:38.294 13360 13360 I Radio-JNI: register_android_hardware_Radio DONE
08-04 02:42:38.315 13360 13360 D AndroidRuntime: Calling main entry com.android.commands.input.Input
08-04 02:42:38.317 13360 13360 I Input   : injectKeyEvent: KeyEvent { action=ACTION_DOWN, keyCode=KEYCODE_BACK, scanCode=0, metaState=0, flags=0x0, repeatCount=0, eventTime=672174730, downTime=672174730, deviceId=-1, source=0x101 }
08-04 02:42:38.327 13360 13360 I Input   : injectKeyEvent: KeyEvent { action=ACTION_UP, keyCode=KEYCODE_BACK, scanCode=0, metaState=0, flags=0x0, repeatCount=0, eventTime=672174730, downTime=672174730, deviceId=-1, source=0x101 }
08-04 02:42:38.334 13360 13360 D AndroidRuntime: Shutting down VM
08-04 02:42:38.373 13866 13866 I GoogleInputMethodServic: GoogleInputMethodService.onFinishInput():3138 
08-04 02:42:38.374 13866 13866 I GoogleInputMethodServic: GoogleInputMethodService.onStartInput():1808 
08-04 02:42:38.453 12467 12480 I art     : Starting a blocking GC Explicit
08-04 02:42:38.483 12467 12480 I art     : Explicit concurrent mark sweep GC freed 3038(111KB) AllocSpace objects, 2(40KB) LOS objects, 28% free, 39MB/55MB, paused 728us total 29.471ms
08-04 02:42:38.497 12467 12480 I art     : Starting a blocking GC Explicit
08-04 02:42:38.523 12467 12480 I art     : Explicit concurrent mark sweep GC freed 174(3KB) AllocSpace objects, 0(0B) LOS objects, 28% free, 39MB/55MB, paused 576us total 26.490ms
08-04 02:42:38.536 12467 12480 I art     : Starting a blocking GC Explicit
08-04 02:42:38.565 12467 12480 I art     : Explicit concurrent mark sweep GC freed 216(3KB) AllocSpace objects, 0(0B) LOS objects, 28% free, 39MB/55MB, paused 468us total 28.274ms
08-04 02:42:38.579 12467 12480 I art     : Starting a blocking GC Explicit
08-04 02:42:38.612 12467 12480 I art     : Explicit concurrent mark sweep GC freed 219(3KB) AllocSpace objects, 0(0B) LOS objects, 28% free, 39MB/55MB, paused 577us total 33.165ms
08-04 02:42:38.627 12467 12480 I art     : Starting a blocking GC Explicit
08-04 02:42:38.658 12467 12480 I art     : Explicit concurrent mark sweep GC freed 197(3KB) AllocSpace objects, 0(0B) LOS objects, 28% free, 39MB/55MB, paused 600us total 31.042ms
08-04 02:42:38.672   380   380 W SurfaceFlinger: couldn't log to binary event log: overflow.
08-04 02:42:38.982 12467 12479 I art     : Starting a blocking GC Explicit
08-04 02:42:39.016 12467 12479 I art     : Explicit concurrent mark sweep GC freed 2505(101KB) AllocSpace objects, 3(228KB) LOS objects, 28% free, 39MB/55MB, paused 559us total 32.825ms
08-04 02:42:39.033 12467 12479 I art     : Starting a blocking GC Explicit
08-04 02:42:39.058 12467 12479 I art     : Explicit concurrent mark sweep GC freed 4845(341KB) AllocSpace objects, 7(132KB) LOS objects, 29% free, 39MB/55MB, paused 528us total 25.442ms
08-04 02:42:39.070 12467 12479 I art     : Starting a blocking GC Explicit
08-04 02:42:39.094 12467 12479 I art     : Explicit concurrent mark sweep GC freed 106(2016B) AllocSpace objects, 0(0B) LOS objects, 29% free, 39MB/55MB, paused 497us total 24.121ms
08-04 02:42:39.106 12467 12479 I art     : Starting a blocking GC Explicit
08-04 02:42:39.131 12467 12479 I art     : Explicit concurrent mark sweep GC freed 98(1664B) AllocSpace objects, 0(0B) LOS objects, 29% free, 39MB/55MB, paused 519us total 24.987ms
08-04 02:42:39.143 12467 12479 I art     : Starting a blocking GC Explicit
08-04 02:42:39.168 12467 12479 I art     : Explicit concurrent mark sweep GC freed 100(1728B) AllocSpace objects, 0(0B) LOS objects, 29% free, 39MB/55MB, paused 501us total 24.868ms
08-04 02:42:39.500 12467 12525 I art     : Starting a blocking GC Explicit
08-04 02:42:39.527 12467 12525 I art     : Explicit concurrent mark sweep GC freed 2483(100KB) AllocSpace objects, 2(40KB) LOS objects, 29% free, 39MB/55MB, paused 608us total 27.350ms
08-04 02:42:39.540 12467 12525 I art     : Starting a blocking GC Explicit
08-04 02:42:39.567 12467 12525 I art     : Explicit concurrent mark sweep GC freed 117(2352B) AllocSpace objects, 0(0B) LOS objects, 29% free, 39MB/55MB, paused 534us total 27.739ms
08-04 02:42:39.580 12467 12525 I art     : Starting a blocking GC Explicit
08-04 02:42:39.608 12467 12525 I art     : Explicit concurrent mark sweep GC freed 123(2096B) AllocSpace objects, 0(0B) LOS objects, 29% free, 39MB/55MB, paused 598us total 27.209ms
08-04 02:42:39.619 12467 12525 I art     : Starting a blocking GC Explicit
08-04 02:42:39.644 12467 12525 I art     : Explicit concurrent mark sweep GC freed 124(2128B) AllocSpace objects, 0(0B) LOS objects, 29% free, 39MB/55MB, paused 519us total 24.845ms
08-04 02:42:39.658 12467 12525 I art     : Starting a blocking GC Explicit
08-04 02:42:39.684 12467 12525 I art     : Explicit concurrent mark sweep GC freed 99(1696B) AllocSpace objects, 0(0B) LOS objects, 29% free, 39MB/55MB, paused 590us total 26.073ms
08-04 02:42:39.969 13405 13405 D AndroidRuntime: >>>>>> START com.android.internal.os.RuntimeInit uid 2000 <<<<<<
08-04 02:42:39.974 13405 13405 D AndroidRuntime: CheckJNI is OFF
08-04 02:42:39.993 12467 12480 I art     : Starting a blocking GC Explicit
08-04 02:42:40.010 13405 13405 D ICU     : No timezone override file found: /data/misc/zoneinfo/current/icu/icu_tzdata.dat
08-04 02:42:40.023 12467 12480 I art     : Explicit concurrent mark sweep GC freed 2387(98KB) AllocSpace objects, 2(40KB) LOS objects, 29% free, 39MB/55MB, paused 557us total 28.910ms
08-04 02:42:40.036 12467 12480 I art     : Starting a blocking GC Explicit
08-04 02:42:40.048 13405 13405 I Radio-JNI: register_android_hardware_Radio DONE
08-04 02:42:40.063 12467 12480 I art     : Explicit concurrent mark sweep GC freed 166(3KB) AllocSpace objects, 0(0B) LOS objects, 29% free, 39MB/55MB, paused 532us total 26.776ms
08-04 02:42:40.070 13405 13405 D AndroidRuntime: Calling main entry com.android.commands.input.Input
08-04 02:42:40.071 13405 13405 I Input   : injectKeyEvent: KeyEvent { action=ACTION_DOWN, keyCode=KEYCODE_BACK, scanCode=0, metaState=0, flags=0x0, repeatCount=0, eventTime=672176484, downTime=672176484, deviceId=-1, source=0x101 }
08-04 02:42:40.075 12467 12480 I art     : Starting a blocking GC Explicit
08-04 02:42:40.078 13405 13405 I Input   : injectKeyEvent: KeyEvent { action=ACTION_UP, keyCode=KEYCODE_BACK, scanCode=0, metaState=0, flags=0x0, repeatCount=0, eventTime=672176484, downTime=672176484, deviceId=-1, source=0x101 }
08-04 02:42:40.084 13405 13405 D AndroidRuntime: Shutting down VM
08-04 02:42:40.093 12467 12467 V MainActivity: url = https://project-travel-mate.herokuapp.com/api/number-of-unread-notifications
08-04 02:42:40.102 12467 12480 I art     : Explicit concurrent mark sweep GC freed 420(14KB) AllocSpace objects, 0(0B) LOS objects, 29% free, 39MB/55MB, paused 627us total 26.332ms
08-04 02:42:40.114 12467 12480 I art     : Starting a blocking GC Explicit
08-04 02:42:40.120 13866 13866 I GoogleInputMethodServic: GoogleInputMethodService.onFinishInput():3138 
08-04 02:42:40.121 13866 13866 I GoogleInputMethodServic: GoogleInputMethodService.onStartInput():1808 
08-04 02:42:40.141 12467 12480 I art     : Explicit concurrent mark sweep GC freed 267(8KB) AllocSpace objects, 0(0B) LOS objects, 29% free, 39MB/55MB, paused 761us total 26.461ms
08-04 02:42:40.154 12467 12480 I art     : Starting a blocking GC Explicit
08-04 02:42:40.180 12467 12480 I art     : Explicit concurrent mark sweep GC freed 272(9KB) AllocSpace objects, 0(0B) LOS objects, 29% free, 39MB/55MB, paused 534us total 24.900ms
08-04 02:42:40.424   380   380 W SurfaceFlinger: couldn't log to binary event log: overflow.
08-04 02:42:40.492 12467 12479 I art     : Starting a blocking GC Explicit
08-04 02:42:40.522 12467 12479 I art     : Explicit concurrent mark sweep GC freed 2288(98KB) AllocSpace objects, 2(40KB) LOS objects, 29% free, 39MB/55MB, paused 633us total 30.071ms
08-04 02:42:40.535 12467 12479 I art     : Starting a blocking GC Explicit
08-04 02:42:40.566 12467 12479 I art     : Explicit concurrent mark sweep GC freed 1127(75KB) AllocSpace objects, 2(120KB) LOS objects, 28% free, 39MB/55MB, paused 979us total 30.571ms
08-04 02:42:40.579 12467 12479 I art     : Starting a blocking GC Explicit
08-04 02:42:40.610 12467 12479 I art     : Explicit concurrent mark sweep GC freed 2302(135KB) AllocSpace objects, 1(80KB) LOS objects, 29% free, 39MB/55MB, paused 762us total 30.803ms
08-04 02:42:40.612 12467 13430 I NAPPA_EXPERIMENTATION: MetricNetworkRequestExecutionTime: REQUEST_DURATION_SYSTEM='518',REQUEST_DURATION_OKHTTP='30',REQUEST_SYNCHRONOUS='FALSE',RESPONSE_CODE='200',RESPONSE_METHOD='GET',RESPONSE_LENGTH_OKHTTP='36',RESPONSE_LENGTH_HEADER='36',REQUEST_PROTOCOL='http/1.1',REQUEST_URL='https://project-travel-mate.herokuapp.com/api/number-of-unread-notifications',
08-04 02:42:40.623 12467 12479 I art     : Starting a blocking GC Explicit
08-04 02:42:40.652 12467 12479 I art     : Explicit concurrent mark sweep GC freed 584(61KB) AllocSpace objects, 0(0B) LOS objects, 29% free, 39MB/55MB, paused 578us total 29.067ms
08-04 02:42:40.665 12467 12479 I art     : Starting a blocking GC Explicit
08-04 02:42:40.694 12467 12479 I art     : Explicit concurrent mark sweep GC freed 165(5KB) AllocSpace objects, 0(0B) LOS objects, 29% free, 39MB/55MB, paused 587us total 29.268ms
08-04 02:42:41.029 12467 12526 I art     : Starting a blocking GC Explicit
08-04 02:42:41.063 12467 12526 I art     : Explicit concurrent mark sweep GC freed 1955(91KB) AllocSpace objects, 2(40KB) LOS objects, 29% free, 39MB/55MB, paused 629us total 33.879ms
08-04 02:42:41.078 12467 12526 I art     : Starting a blocking GC Explicit
08-04 02:42:41.105 12467 12526 I art     : Explicit concurrent mark sweep GC freed 70(1584B) AllocSpace objects, 0(0B) LOS objects, 29% free, 39MB/55MB, paused 570us total 27.606ms
08-04 02:42:41.118 12467 12526 I art     : Starting a blocking GC Explicit
08-04 02:42:41.146 12467 12526 I art     : Explicit concurrent mark sweep GC freed 75(1296B) AllocSpace objects, 0(0B) LOS objects, 29% free, 39MB/55MB, paused 576us total 27.727ms
08-04 02:42:41.158 12467 12526 I art     : Starting a blocking GC Explicit
08-04 02:42:41.187 12467 12526 I art     : Explicit concurrent mark sweep GC freed 50(864B) AllocSpace objects, 0(0B) LOS objects, 29% free, 39MB/55MB, paused 644us total 28.855ms
08-04 02:42:41.199 12467 12526 I art     : Starting a blocking GC Explicit
08-04 02:42:41.228 12467 12526 I art     : Explicit concurrent mark sweep GC freed 76(1328B) AllocSpace objects, 0(0B) LOS objects, 29% free, 39MB/55MB, paused 606us total 28.448ms
08-04 02:42:41.534 12467 12525 I art     : Starting a blocking GC Explicit
08-04 02:42:41.564 12467 12525 I art     : Explicit concurrent mark sweep GC freed 1907(90KB) AllocSpace objects, 2(40KB) LOS objects, 29% free, 39MB/55MB, paused 619us total 29.443ms
08-04 02:42:41.577 12467 12525 I art     : Starting a blocking GC Explicit
08-04 02:42:41.605 12467 12525 I art     : Explicit concurrent mark sweep GC freed 71(1616B) AllocSpace objects, 0(0B) LOS objects, 29% free, 39MB/55MB, paused 586us total 28.008ms
08-04 02:42:41.617 12467 12525 I art     : Starting a blocking GC Explicit
08-04 02:42:41.646 12467 12525 I art     : Explicit concurrent mark sweep GC freed 75(1296B) AllocSpace objects, 0(0B) LOS objects, 29% free, 39MB/55MB, paused 588us total 28.191ms
08-04 02:42:41.658 12467 12525 I art     : Starting a blocking GC Explicit
08-04 02:42:41.687 12467 12525 I art     : Explicit concurrent mark sweep GC freed 50(864B) AllocSpace objects, 0(0B) LOS objects, 29% free, 39MB/55MB, paused 652us total 28.449ms
08-04 02:42:41.699 12467 12525 I art     : Starting a blocking GC Explicit
08-04 02:42:41.729 12467 12525 I art     : Explicit concurrent mark sweep GC freed 79(1424B) AllocSpace objects, 0(0B) LOS objects, 29% free, 39MB/55MB, paused 643us total 29.310ms
08-04 02:42:41.760 13454 13454 D AndroidRuntime: >>>>>> START com.android.internal.os.RuntimeInit uid 2000 <<<<<<
08-04 02:42:41.765 13454 13454 D AndroidRuntime: CheckJNI is OFF
08-04 02:42:41.797 13454 13454 D ICU     : No timezone override file found: /data/misc/zoneinfo/current/icu/icu_tzdata.dat
08-04 02:42:41.830 13454 13454 I Radio-JNI: register_android_hardware_Radio DONE
08-04 02:42:41.853 13454 13454 D AndroidRuntime: Calling main entry com.android.commands.input.Input
08-04 02:42:41.854 13454 13454 I Input   : injectMotionEvent: MotionEvent { action=ACTION_DOWN, actionButton=0, id[0]=0, x[0]=346.0, y[0]=709.0, toolType[0]=TOOL_TYPE_UNKNOWN, buttonState=0, metaState=0, flags=0x0, edgeFlags=0x0, pointerCount=1, historySize=0, eventTime=672178267, downTime=672178267, deviceId=0, source=0x1002 }
08-04 02:42:41.863 13454 13454 I Input   : injectMotionEvent: MotionEvent { action=ACTION_UP, actionButton=0, id[0]=0, x[0]=346.0, y[0]=709.0, toolType[0]=TOOL_TYPE_UNKNOWN, buttonState=0, metaState=0, flags=0x0, edgeFlags=0x0, pointerCount=1, historySize=0, eventTime=672178267, downTime=672178267, deviceId=0, source=0x1002 }
08-04 02:42:41.871   918  5481 I ActivityManager: START u0 {cmp=baseline.io.github.project_travel_mate/.destinations.description.FinalCityInfoActivity (has extras)} from uid 10650 on display 0
08-04 02:42:41.880 13454 13454 D AndroidRuntime: Shutting down VM
08-04 02:42:41.904 12467 12544 D Gabe    : call	returning from cache
08-04 02:42:41.925 12467 12467 V EXECUTING: https://project-travel-mate.herokuapp.com/api/get-city-weather/1
08-04 02:42:42.032 12467 12479 I art     : Starting a blocking GC Explicit
08-04 02:42:42.050 13866 13866 I GoogleInputMethodServic: GoogleInputMethodService.onFinishInput():3138 
08-04 02:42:42.050   918   936 I ActivityManager: Displayed baseline.io.github.project_travel_mate/.destinations.description.FinalCityInfoActivity: +167ms
08-04 02:42:42.050 13866 13866 I GoogleInputMethodServic: GoogleInputMethodService.onStartInput():1808 
08-04 02:42:42.065 12467 12479 I art     : Explicit concurrent mark sweep GC freed 6951(440KB) AllocSpace objects, 2(40KB) LOS objects, 26% free, 43MB/59MB, paused 948us total 32.491ms
08-04 02:42:42.077 12467 12479 I art     : Starting a blocking GC Explicit
08-04 02:42:42.110 12467 12479 I art     : Explicit concurrent mark sweep GC freed 478(21KB) AllocSpace objects, 0(0B) LOS objects, 26% free, 43MB/59MB, paused 934us total 32.273ms
08-04 02:42:42.123 12467 12479 I art     : Starting a blocking GC Explicit
08-04 02:42:42.155 12467 12479 I art     : Explicit concurrent mark sweep GC freed 93(1600B) AllocSpace objects, 0(0B) LOS objects, 26% free, 43MB/59MB, paused 1.023ms total 32.166ms
08-04 02:42:42.169 12467 12479 I art     : Starting a blocking GC Explicit
08-04 02:42:42.199 12467 12479 I art     : Explicit concurrent mark sweep GC freed 71(1344B) AllocSpace objects, 0(0B) LOS objects, 26% free, 43MB/59MB, paused 627us total 29.993ms
08-04 02:42:42.211 12467 12479 I art     : Starting a blocking GC Explicit
08-04 02:42:42.239 12467 12479 I art     : Explicit concurrent mark sweep GC freed 99(1696B) AllocSpace objects, 0(0B) LOS objects, 26% free, 43MB/59MB, paused 641us total 27.686ms
08-04 02:42:42.310   380   380 W SurfaceFlinger: couldn't log to binary event log: overflow.
08-04 02:42:42.468 12467 13490 I NAPPA_EXPERIMENTATION: MetricNetworkRequestExecutionTime: REQUEST_DURATION_SYSTEM='543',REQUEST_DURATION_OKHTTP='30',REQUEST_SYNCHRONOUS='FALSE',RESPONSE_CODE='200',RESPONSE_METHOD='GET',RESPONSE_LENGTH_OKHTTP='530',RESPONSE_LENGTH_HEADER='530',REQUEST_PROTOCOL='http/1.1',REQUEST_URL='https://project-travel-mate.herokuapp.com/api/get-city/1',
08-04 02:42:42.486 12467 13488 I NAPPA_EXPERIMENTATION: MetricNetworkRequestExecutionTime: REQUEST_DURATION_SYSTEM='561',REQUEST_DURATION_OKHTTP='47',REQUEST_SYNCHRONOUS='FALSE',RESPONSE_CODE='200',RESPONSE_METHOD='GET',RESPONSE_LENGTH_OKHTTP='238',RESPONSE_LENGTH_HEADER='238',REQUEST_PROTOCOL='http/1.1',REQUEST_URL='https://project-travel-mate.herokuapp.com/api/get-city-weather/1',
08-04 02:42:42.509 12467 13490 V Response: {"id":1,"city_name":"Delhi","description":"Delhi, officially the National Capital Territory of Delhi, is the Capital territory of India. During the British Raj, Delhi was part of the province of Punjab and is still historically and culturally connected to the Punjab region.","latitude":"28.613900","longitude":"77.209000","facts_count":6,"images":["https://upload.wikimedia.org/wikipedia/commons/9/94/%E0%B4%96%E0%B5%81%E0%B4%A4%E0%B5%8D%E0%B4%AC%E0%B5%8D_%E0%B4%AE%E0%B4%BF%E0%B4%A8%E0%B4%BE%E0%B5%BC1.jpg"],"has_visited":false}
08-04 02:42:42.565 12467 12525 I art     : Starting a blocking GC Explicit
08-04 02:42:42.596 12467 12525 I art     : Explicit concurrent mark sweep GC freed 7498(381KB) AllocSpace objects, 5(240KB) LOS objects, 26% free, 44MB/60MB, paused 682us total 29.908ms
08-04 02:42:42.608 12467 12525 I art     : Starting a blocking GC Explicit
08-04 02:42:42.636 12467 12525 I art     : Explicit concurrent mark sweep GC freed 2726(212KB) AllocSpace objects, 0(0B) LOS objects, 26% free, 44MB/60MB, paused 638us total 27.738ms
08-04 02:42:42.648 12467 12525 I art     : Starting a blocking GC Explicit
08-04 02:42:42.677 12467 12525 I art     : Explicit concurrent mark sweep GC freed 133(3KB) AllocSpace objects, 1(4MB) LOS objects, 28% free, 39MB/55MB, paused 585us total 28.383ms
08-04 02:42:42.689 12467 12525 I art     : Starting a blocking GC Explicit
08-04 02:42:42.720 12467 12525 I art     : Explicit concurrent mark sweep GC freed 147(2496B) AllocSpace objects, 0(0B) LOS objects, 28% free, 39MB/55MB, paused 623us total 30.597ms
08-04 02:42:42.732 12467 12525 I art     : Starting a blocking GC Explicit
08-04 02:42:42.763 12467 12525 I art     : Explicit concurrent mark sweep GC freed 147(2496B) AllocSpace objects, 0(0B) LOS objects, 28% free, 39MB/55MB, paused 636us total 31.082ms
08-04 02:42:43.100 12467 12526 I art     : Starting a blocking GC Explicit
08-04 02:42:43.132 12467 12526 I art     : Explicit concurrent mark sweep GC freed 2506(101KB) AllocSpace objects, 2(40KB) LOS objects, 28% free, 39MB/55MB, paused 608us total 31.196ms
08-04 02:42:43.145 12467 12526 I art     : Starting a blocking GC Explicit
08-04 02:42:43.176 12467 12526 I art     : Explicit concurrent mark sweep GC freed 128(2928B) AllocSpace objects, 0(0B) LOS objects, 28% free, 39MB/55MB, paused 568us total 30.291ms
08-04 02:42:43.189 12467 12526 I art     : Starting a blocking GC Explicit
08-04 02:42:43.220 12467 12526 I art     : Explicit concurrent mark sweep GC freed 147(2496B) AllocSpace objects, 0(0B) LOS objects, 28% free, 39MB/55MB, paused 628us total 31.309ms
08-04 02:42:43.233 12467 12526 I art     : Starting a blocking GC Explicit
08-04 02:42:43.265 12467 12526 I art     : Explicit concurrent mark sweep GC freed 147(2496B) AllocSpace objects, 0(0B) LOS objects, 28% free, 39MB/55MB, paused 627us total 31.896ms
08-04 02:42:43.278 12467 12526 I art     : Starting a blocking GC Explicit
08-04 02:42:43.311 12467 12526 I art     : Explicit concurrent mark sweep GC freed 99(1696B) AllocSpace objects, 0(0B) LOS objects, 28% free, 39MB/55MB, paused 696us total 32.446ms
08-04 02:42:43.639 12467 12479 I art     : Starting a blocking GC Explicit
08-04 02:42:43.671 12467 12479 I art     : Explicit concurrent mark sweep GC freed 2483(100KB) AllocSpace objects, 2(40KB) LOS objects, 28% free, 39MB/55MB, paused 619us total 31.746ms
08-04 02:42:43.684 12467 12479 I art     : Starting a blocking GC Explicit
08-04 02:42:43.716 12467 12479 I art     : Explicit concurrent mark sweep GC freed 166(3KB) AllocSpace objects, 0(0B) LOS objects, 28% free, 39MB/55MB, paused 622us total 31.897ms
08-04 02:42:43.729 12467 12479 I art     : Starting a blocking GC Explicit
08-04 02:42:43.760 12467 12479 I art     : Explicit concurrent mark sweep GC freed 99(1696B) AllocSpace objects, 0(0B) LOS objects, 28% free, 39MB/55MB, paused 632us total 31.172ms
08-04 02:42:43.774 12467 12479 I art     : Starting a blocking GC Explicit
08-04 02:42:43.805 12467 12479 I art     : Explicit concurrent mark sweep GC freed 147(2496B) AllocSpace objects, 0(0B) LOS objects, 28% free, 39MB/55MB, paused 633us total 31.444ms
08-04 02:42:43.818 12467 12479 I art     : Starting a blocking GC Explicit
08-04 02:42:43.851 12467 12479 I art     : Explicit concurrent mark sweep GC freed 147(2496B) AllocSpace objects, 0(0B) LOS objects, 28% free, 39MB/55MB, paused 639us total 32.332ms
08-04 02:42:44.237 12467 12525 I art     : Starting a blocking GC Explicit
08-04 02:42:44.271 12467 12525 I art     : Explicit concurrent mark sweep GC freed 2627(102KB) AllocSpace objects, 2(40KB) LOS objects, 28% free, 39MB/55MB, paused 624us total 33.530ms
08-04 02:42:44.286 12467 12525 I art     : Starting a blocking GC Explicit
08-04 02:42:44.317 12467 12525 I art     : Explicit concurrent mark sweep GC freed 166(3KB) AllocSpace objects, 0(0B) LOS objects, 28% free, 39MB/55MB, paused 610us total 29.988ms
08-04 02:42:44.329 12467 12525 I art     : Starting a blocking GC Explicit
08-04 02:42:44.359 12467 12525 I art     : Explicit concurrent mark sweep GC freed 99(1696B) AllocSpace objects, 0(0B) LOS objects, 28% free, 39MB/55MB, paused 610us total 29.997ms
08-04 02:42:44.372 12467 12525 I art     : Starting a blocking GC Explicit
08-04 02:42:44.403 12467 12525 I art     : Explicit concurrent mark sweep GC freed 147(2496B) AllocSpace objects, 0(0B) LOS objects, 28% free, 39MB/55MB, paused 678us total 30.792ms
08-04 02:42:44.416 12467 12525 I art     : Starting a blocking GC Explicit
08-04 02:42:44.447 12467 12525 I art     : Explicit concurrent mark sweep GC freed 132(2224B) AllocSpace objects, 0(0B) LOS objects, 28% free, 39MB/55MB, paused 844us total 31.287ms
08-04 02:42:44.834 12467 12480 I art     : Starting a blocking GC Explicit
08-04 02:42:44.868 12467 12480 I art     : Explicit concurrent mark sweep GC freed 2655(103KB) AllocSpace objects, 2(40KB) LOS objects, 28% free, 39MB/55MB, paused 659us total 33.471ms
08-04 02:42:44.884 12467 12480 I art     : Starting a blocking GC Explicit
08-04 02:42:44.914 12467 12480 I art     : Explicit concurrent mark sweep GC freed 160(3KB) AllocSpace objects, 0(0B) LOS objects, 28% free, 39MB/55MB, paused 721us total 30.362ms
08-04 02:42:44.927 12467 12480 I art     : Starting a blocking GC Explicit
08-04 02:42:44.957 12467 12480 I art     : Explicit concurrent mark sweep GC freed 115(1984B) AllocSpace objects, 0(0B) LOS objects, 28% free, 39MB/55MB, paused 716us total 30.189ms
08-04 02:42:44.970 12467 12480 I art     : Starting a blocking GC Explicit
08-04 02:42:45.001 12467 12480 I art     : Explicit concurrent mark sweep GC freed 147(2496B) AllocSpace objects, 0(0B) LOS objects, 28% free, 39MB/55MB, paused 625us total 30.641ms
08-04 02:42:45.013 12467 12480 I art     : Starting a blocking GC Explicit
08-04 02:42:45.045 12467 12480 I art     : Explicit concurrent mark sweep GC freed 99(1696B) AllocSpace objects, 0(0B) LOS objects, 28% free, 39MB/55MB, paused 624us total 31.229ms
08-04 02:42:45.424 12467 12526 I art     : Starting a blocking GC Explicit
08-04 02:42:45.456 12467 12526 I art     : Explicit concurrent mark sweep GC freed 2628(102KB) AllocSpace objects, 2(40KB) LOS objects, 28% free, 39MB/55MB, paused 626us total 31.728ms
08-04 02:42:45.469 12467 12526 I art     : Starting a blocking GC Explicit
08-04 02:42:45.500 12467 12526 I art     : Explicit concurrent mark sweep GC freed 166(3KB) AllocSpace objects, 0(0B) LOS objects, 28% free, 39MB/55MB, paused 629us total 31.149ms
08-04 02:42:45.513 12467 12526 I art     : Starting a blocking GC Explicit
08-04 02:42:45.545 12467 12526 I art     : Explicit concurrent mark sweep GC freed 98(1664B) AllocSpace objects, 0(0B) LOS objects, 28% free, 39MB/55MB, paused 624us total 31.846ms
08-04 02:42:45.558 12467 12526 I art     : Starting a blocking GC Explicit
08-04 02:42:45.590 12467 12526 I art     : Explicit concurrent mark sweep GC freed 148(2528B) AllocSpace objects, 0(0B) LOS objects, 28% free, 39MB/55MB, paused 623us total 31.027ms
08-04 02:42:45.603 12467 12526 I art     : Starting a blocking GC Explicit
08-04 02:42:45.636 12467 12526 I art     : Explicit concurrent mark sweep GC freed 147(2496B) AllocSpace objects, 0(0B) LOS objects, 28% free, 39MB/55MB, paused 641us total 32.891ms
08-04 02:42:45.994 12467 12479 I art     : Starting a blocking GC Explicit
08-04 02:42:46.028 12467 12479 I art     : Explicit concurrent mark sweep GC freed 2531(101KB) AllocSpace objects, 2(40KB) LOS objects, 28% free, 39MB/55MB, paused 672us total 34.231ms
08-04 02:42:46.041 12467 12479 I art     : Starting a blocking GC Explicit
08-04 02:42:46.073 12467 12479 I art     : Explicit concurrent mark sweep GC freed 166(3KB) AllocSpace objects, 0(0B) LOS objects, 28% free, 39MB/55MB, paused 615us total 31.834ms
08-04 02:42:46.086 12467 12479 I art     : Starting a blocking GC Explicit
08-04 02:42:46.118 12467 12479 I art     : Explicit concurrent mark sweep GC freed 170(3KB) AllocSpace objects, 0(0B) LOS objects, 28% free, 39MB/55MB, paused 674us total 31.607ms
08-04 02:42:46.131 12467 12479 I art     : Starting a blocking GC Explicit
08-04 02:42:46.161 12467 12479 I art     : Explicit concurrent mark sweep GC freed 109(2240B) AllocSpace objects, 0(0B) LOS objects, 28% free, 39MB/55MB, paused 600us total 29.739ms
08-04 02:42:46.173 12467 12479 I art     : Starting a blocking GC Explicit
08-04 02:42:46.202 12467 12479 I art     : Explicit concurrent mark sweep GC freed 147(2496B) AllocSpace objects, 0(0B) LOS objects, 28% free, 39MB/55MB, paused 627us total 28.711ms
08-04 02:42:46.546 13564 13564 D AndroidRuntime: >>>>>> START com.android.internal.os.RuntimeInit uid 2000 <<<<<<
08-04 02:42:46.551 13564 13564 D AndroidRuntime: CheckJNI is OFF
08-04 02:42:46.573 12467 12480 I art     : Starting a blocking GC Explicit
08-04 02:42:46.586 13564 13564 D ICU     : No timezone override file found: /data/misc/zoneinfo/current/icu/icu_tzdata.dat
08-04 02:42:46.604 12467 12480 I art     : Explicit concurrent mark sweep GC freed 2579(101KB) AllocSpace objects, 2(40KB) LOS objects, 28% free, 39MB/55MB, paused 690us total 30.896ms
08-04 02:42:46.617 12467 12480 I art     : Starting a blocking GC Explicit
08-04 02:42:46.622 13564 13564 I Radio-JNI: register_android_hardware_Radio DONE
08-04 02:42:46.644 13564 13564 D AndroidRuntime: Calling main entry com.android.commands.input.Input
08-04 02:42:46.645 13564 13564 I Input   : injectMotionEvent: MotionEvent { action=ACTION_DOWN, actionButton=0, id[0]=0, x[0]=693.0, y[0]=1450.0, toolType[0]=TOOL_TYPE_UNKNOWN, buttonState=0, metaState=0, flags=0x0, edgeFlags=0x0, pointerCount=1, historySize=0, eventTime=672183058, downTime=672183058, deviceId=0, source=0x1002 }
08-04 02:42:46.647 12467 12480 I art     : Explicit concurrent mark sweep GC freed 117(2352B) AllocSpace objects, 0(0B) LOS objects, 28% free, 39MB/55MB, paused 763us total 29.940ms
08-04 02:42:46.653 13564 13564 I Input   : injectMotionEvent: MotionEvent { action=ACTION_UP, actionButton=0, id[0]=0, x[0]=693.0, y[0]=1450.0, toolType[0]=TOOL_TYPE_UNKNOWN, buttonState=0, metaState=0, flags=0x0, edgeFlags=0x0, pointerCount=1, historySize=0, eventTime=672183058, downTime=672183058, deviceId=0, source=0x1002 }
08-04 02:42:46.655   918  6029 I ActivityManager: START u0 {cmp=baseline.io.github.project_travel_mate/.destinations.description.CityHistoryActivity} from uid 10650 on display 0
08-04 02:42:46.656   512  2967 D audio_hw_primary: out_set_parameters: enter: usecase(1: low-latency-playback) kvpairs: routing=2
08-04 02:42:46.657 13564 13564 D AndroidRuntime: Shutting down VM
08-04 02:42:46.660 12467 12480 I art     : Starting a blocking GC Explicit
08-04 02:42:46.668  4779  4781 E QC-QMI  : qmi_client [4779] 4ab: failed to locate client data
08-04 02:42:46.670  4779  4779 I Atfwd_Daemon: Stop the daemon....
08-04 02:42:46.671   519   519 E QC-QMI  : qmuxd: RX on fd=18 returned error=0 errno[2:No such file or directory]
08-04 02:42:46.671   512  2967 D audio_hw_primary: select_devices: out_snd_device(2: speaker) in_snd_device(0: none)
08-04 02:42:46.671   519   519 E QC-QMI  : QMUX qmux_client_id=4ab not found in qmux client list, unable to remove
08-04 02:42:46.671   512  2967 D msm8974_platform: platform_send_audio_calibration: sending audio calibration for snd_device(2) acdb_id(15)
08-04 02:42:46.671   512  2967 I soundtrigger: audio_extn_sound_trigger_update_device_status: device 0x2 of type 0 for Event 1
08-04 02:42:46.684   512  2967 D audio_hw_primary: enable_snd_device: snd_device(2: speaker)
08-04 02:42:46.686   512  2967 D audio_hw_primary: enable_audio_route: apply and update mixer path: low-latency-playback speaker
08-04 02:42:46.688 12467 12544 D Gabe    : call	returning from cache
08-04 02:42:46.690 12467 12480 I art     : Explicit concurrent mark sweep GC freed 365(23KB) AllocSpace objects, 0(0B) LOS objects, 28% free, 40MB/56MB, paused 945us total 30.234ms
08-04 02:42:46.691 12467 12467 V EXECUTING: https://project-travel-mate.herokuapp.com/api/get-city-information/1
08-04 02:42:46.702 12467 12480 I art     : Starting a blocking GC Explicit
08-04 02:42:46.719 13589 13589 W ATFWD-daemon: type=1400 audit(0.0:738616): avc: denied { read write } for name="diag" dev="tmpfs" ino=1296 scontext=u:r:atfwd:s0 tcontext=u:object_r:diag_device:s0 tclass=chr_file permissive=0
08-04 02:42:46.730 12467 12480 I art     : Explicit concurrent mark sweep GC freed 418(27KB) AllocSpace objects, 0(0B) LOS objects, 28% free, 40MB/56MB, paused 672us total 27.479ms
08-04 02:42:46.735 13589 13589 I libmdmdetect: ESOC framework not supported
08-04 02:42:46.736 13589 13589 I libmdmdetect: Found internal modem: modem
08-04 02:42:46.736 13589 13589 E Diag_Lib:  Diag_LSM_Init: Failed to open handle to diag driver, error = 13
08-04 02:42:46.739 13589 13589 I Atfwd_Daemon: result : 255 	 ,Init step :0 	 ,qmiErrorCode: 0
08-04 02:42:46.739 13589 13589 I Atfwd_Daemon: result : 0 	 ,Init step :1 	 ,qmiErrorCode: 0
08-04 02:42:46.740 13589 13589 I ServiceManager: Waiting for service AtCmdFwd...
08-04 02:42:46.742 12467 12480 I art     : Starting a blocking GC Explicit
08-04 02:42:46.772 12467 12480 I art     : Explicit concurrent mark sweep GC freed 544(15KB) AllocSpace objects, 0(0B) LOS objects, 26% free, 44MB/60MB, paused 880us total 29.850ms
08-04 02:42:46.824   918   936 I ActivityManager: Displayed baseline.io.github.project_travel_mate/.destinations.description.CityHistoryActivity: +158ms
08-04 02:42:46.824 13866 13866 I GoogleInputMethodServic: GoogleInputMethodService.onFinishInput():3138 
08-04 02:42:46.825 13866 13866 I GoogleInputMethodServic: GoogleInputMethodService.onStartInput():1808 
08-04 02:42:47.071 12467 12526 I art     : Starting a blocking GC Explicit
08-04 02:42:47.081   380   380 W SurfaceFlinger: couldn't log to binary event log: overflow.
08-04 02:42:47.104 12467 12526 I art     : Explicit concurrent mark sweep GC freed 2468(106KB) AllocSpace objects, 2(40KB) LOS objects, 26% free, 44MB/60MB, paused 586us total 32.417ms
08-04 02:42:47.116 12467 12526 I art     : Starting a blocking GC Explicit
08-04 02:42:47.145 12467 12526 I art     : Explicit concurrent mark sweep GC freed 172(3KB) AllocSpace objects, 0(0B) LOS objects, 26% free, 44MB/60MB, paused 652us total 28.575ms
08-04 02:42:47.158 12467 12526 I art     : Starting a blocking GC Explicit
08-04 02:42:47.187 12467 12526 I art     : Explicit concurrent mark sweep GC freed 219(3KB) AllocSpace objects, 0(0B) LOS objects, 26% free, 44MB/60MB, paused 608us total 28.405ms
08-04 02:42:47.200 12467 12526 I art     : Starting a blocking GC Explicit
08-04 02:42:47.219   512  2967 D audio_hw_primary: disable_audio_route: reset and update mixer path: low-latency-playback speaker
08-04 02:42:47.220   512  2967 D audio_hw_primary: disable_snd_device: snd_device(2: speaker)
08-04 02:42:47.228   512  2967 I soundtrigger: audio_extn_sound_trigger_update_device_status: device 0x2 of type 0 for Event 0
08-04 02:42:47.234 12467 12526 I art     : Explicit concurrent mark sweep GC freed 1256(78KB) AllocSpace objects, 2(120KB) LOS objects, 26% free, 44MB/60MB, paused 1.116ms total 34.160ms
08-04 02:42:47.249 12467 12526 I art     : Starting a blocking GC Explicit
08-04 02:42:47.274 12467 13591 I NAPPA_EXPERIMENTATION: MetricNetworkRequestExecutionTime: REQUEST_DURATION_SYSTEM='582',REQUEST_DURATION_OKHTTP='28',REQUEST_SYNCHRONOUS='FALSE',RESPONSE_CODE='200',RESPONSE_METHOD='GET',RESPONSE_LENGTH_OKHTTP='55024',RESPONSE_LENGTH_HEADER='55024',REQUEST_PROTOCOL='http/1.1',REQUEST_URL='https://project-travel-mate.herokuapp.com/api/get-city-information/1',
08-04 02:42:47.279 12467 12526 I art     : Explicit concurrent mark sweep GC freed 2477(179KB) AllocSpace objects, 1(80KB) LOS objects, 26% free, 44MB/60MB, paused 616us total 30.045ms
08-04 02:42:47.436 13866 13866 I GoogleInputMethodServic: GoogleInputMethodService.onFinishInput():3138 
08-04 02:42:47.436 13866 13866 I GoogleInputMethodServic: GoogleInputMethodService.onStartInput():1808 
08-04 02:42:47.593 12467 12480 I art     : Starting a blocking GC Explicit
08-04 02:42:47.628 12467 12480 I art     : Explicit concurrent mark sweep GC freed 4066(1320KB) AllocSpace objects, 22(4MB) LOS objects, 28% free, 40MB/56MB, paused 631us total 34.570ms
08-04 02:42:47.629 12467 12478 I art     : WaitForGcToComplete blocked for 32.226ms for cause HeapTrim
08-04 02:42:47.641 12467 12480 I art     : Starting a blocking GC Explicit
08-04 02:42:47.673 12467 12480 I art     : Explicit concurrent mark sweep GC freed 281(6KB) AllocSpace objects, 0(0B) LOS objects, 28% free, 40MB/56MB, paused 641us total 32.183ms
08-04 02:42:47.686 12467 12480 I art     : Starting a blocking GC Explicit
08-04 02:42:47.719 12467 12480 I art     : Explicit concurrent mark sweep GC freed 219(3KB) AllocSpace objects, 0(0B) LOS objects, 28% free, 40MB/56MB, paused 750us total 33.055ms
08-04 02:42:47.732 12467 12480 I art     : Starting a blocking GC Explicit
08-04 02:42:47.740 13589 13589 I ServiceManager: Waiting for service AtCmdFwd...
08-04 02:42:47.766 12467 12480 I art     : Explicit concurrent mark sweep GC freed 147(2496B) AllocSpace objects, 0(0B) LOS objects, 28% free, 40MB/56MB, paused 792us total 33.346ms
08-04 02:42:47.779 12467 12480 I art     : Starting a blocking GC Explicit
08-04 02:42:47.812 12467 12480 I art     : Explicit concurrent mark sweep GC freed 220(3KB) AllocSpace objects, 0(0B) LOS objects, 28% free, 40MB/56MB, paused 619us total 33.233ms
08-04 02:42:48.152 12467 12479 I art     : Starting a blocking GC Explicit
08-04 02:42:48.187 12467 12479 I art     : Explicit concurrent mark sweep GC freed 3096(110KB) AllocSpace objects, 2(40KB) LOS objects, 28% free, 40MB/56MB, paused 729us total 34.862ms
08-04 02:42:48.201 12467 12479 I art     : Starting a blocking GC Explicit
08-04 02:42:48.235 12467 12479 I art     : Explicit concurrent mark sweep GC freed 238(4KB) AllocSpace objects, 0(0B) LOS objects, 28% free, 40MB/56MB, paused 784us total 34.274ms
08-04 02:42:48.249 12467 12479 I art     : Starting a blocking GC Explicit
08-04 02:42:48.284 12467 12479 I art     : Explicit concurrent mark sweep GC freed 182(3KB) AllocSpace objects, 0(0B) LOS objects, 28% free, 40MB/56MB, paused 823us total 34.754ms
08-04 02:42:48.297 12467 12479 I art     : Starting a blocking GC Explicit
08-04 02:42:48.333 12467 12479 I art     : Explicit concurrent mark sweep GC freed 201(3KB) AllocSpace objects, 0(0B) LOS objects, 28% free, 40MB/56MB, paused 770us total 35.082ms
08-04 02:42:48.348 12467 12479 I art     : Starting a blocking GC Explicit
08-04 02:42:48.382 12467 12479 I art     : Explicit concurrent mark sweep GC freed 225(3KB) AllocSpace objects, 0(0B) LOS objects, 28% free, 40MB/56MB, paused 610us total 34.087ms
08-04 02:42:48.741 13589 13589 I ServiceManager: Waiting for service AtCmdFwd...
08-04 02:42:48.758 12467 12480 I art     : Starting a blocking GC Explicit
08-04 02:42:48.793 12467 12480 I art     : Explicit concurrent mark sweep GC freed 3250(113KB) AllocSpace objects, 2(40KB) LOS objects, 28% free, 40MB/56MB, paused 659us total 35.304ms
08-04 02:42:48.807 12467 12480 I art     : Starting a blocking GC Explicit
08-04 02:42:48.840 12467 12480 I art     : Explicit concurrent mark sweep GC freed 238(4KB) AllocSpace objects, 0(0B) LOS objects, 28% free, 40MB/56MB, paused 670us total 33.650ms
08-04 02:42:48.854 12467 12480 I art     : Starting a blocking GC Explicit
08-04 02:42:48.887 12467 12480 I art     : Explicit concurrent mark sweep GC freed 218(3KB) AllocSpace objects, 0(0B) LOS objects, 28% free, 40MB/56MB, paused 711us total 33.281ms
08-04 02:42:48.900 12467 12480 I art     : Starting a blocking GC Explicit
08-04 02:42:48.935 12467 12480 I art     : Explicit concurrent mark sweep GC freed 173(2928B) AllocSpace objects, 0(0B) LOS objects, 28% free, 40MB/56MB, paused 891us total 34.409ms
08-04 02:42:48.948 12467 12480 I art     : Starting a blocking GC Explicit
08-04 02:42:48.983 12467 12480 I art     : Explicit concurrent mark sweep GC freed 194(3KB) AllocSpace objects, 0(0B) LOS objects, 28% free, 40MB/56MB, paused 652us total 34.535ms
08-04 02:42:49.363 12467 12525 I art     : Starting a blocking GC Explicit
08-04 02:42:49.398 12467 12525 I art     : Explicit concurrent mark sweep GC freed 3239(113KB) AllocSpace objects, 2(40KB) LOS objects, 28% free, 40MB/56MB, paused 664us total 34.706ms
08-04 02:42:49.411 12467 12525 I art     : Starting a blocking GC Explicit
08-04 02:42:49.443 12467 12525 I art     : Explicit concurrent mark sweep GC freed 248(4KB) AllocSpace objects, 0(0B) LOS objects, 28% free, 40MB/56MB, paused 652us total 32.158ms
08-04 02:42:49.456 12467 12525 I art     : Starting a blocking GC Explicit
08-04 02:42:49.489 12467 12525 I art     : Explicit concurrent mark sweep GC freed 219(3KB) AllocSpace objects, 0(0B) LOS objects, 28% free, 40MB/56MB, paused 663us total 32.758ms
08-04 02:42:49.502 12467 12525 I art     : Starting a blocking GC Explicit
08-04 02:42:49.535 12467 12525 I art     : Explicit concurrent mark sweep GC freed 152(2576B) AllocSpace objects, 0(0B) LOS objects, 28% free, 40MB/56MB, paused 816us total 32.708ms
08-04 02:42:49.548 12467 12525 I art     : Starting a blocking GC Explicit
08-04 02:42:49.581 12467 12525 I art     : Explicit concurrent mark sweep GC freed 214(3KB) AllocSpace objects, 0(0B) LOS objects, 28% free, 40MB/56MB, paused 651us total 33.072ms
08-04 02:42:49.741 13589 13589 I ServiceManager: Waiting for service AtCmdFwd...
08-04 02:42:49.956 12467 12526 I art     : Starting a blocking GC Explicit
08-04 02:42:49.994 12467 12526 I art     : Explicit concurrent mark sweep GC freed 3228(112KB) AllocSpace objects, 2(40KB) LOS objects, 28% free, 40MB/56MB, paused 645us total 36.970ms
08-04 02:42:50.009 12467 12526 I art     : Starting a blocking GC Explicit
08-04 02:42:50.041 12467 12526 I art     : Explicit concurrent mark sweep GC freed 238(4KB) AllocSpace objects, 0(0B) LOS objects, 28% free, 40MB/56MB, paused 645us total 31.499ms
08-04 02:42:50.054 12467 12526 I art     : Starting a blocking GC Explicit
08-04 02:42:50.087 12467 12526 I art     : Explicit concurrent mark sweep GC freed 197(3KB) AllocSpace objects, 0(0B) LOS objects, 28% free, 40MB/56MB, paused 808us total 32.656ms
08-04 02:42:50.100 12467 12526 I art     : Starting a blocking GC Explicit
08-04 02:42:50.133 12467 12526 I art     : Explicit concurrent mark sweep GC freed 169(2880B) AllocSpace objects, 0(0B) LOS objects, 28% free, 40MB/56MB, paused 625us total 32.628ms
08-04 02:42:50.146 12467 12526 I art     : Starting a blocking GC Explicit
08-04 02:42:50.179 12467 12526 I art     : Explicit concurrent mark sweep GC freed 219(3KB) AllocSpace objects, 0(0B) LOS objects, 28% free, 40MB/56MB, paused 644us total 33.200ms
08-04 02:42:50.407   918 13198 D NetlinkSocketObserver: NeighborEvent{elapsedMs=1655574281, 192.168.2.254, [7C3953A63323], RTM_NEWNEIGH, NUD_PROBE}
08-04 02:42:50.539 12467 12479 I art     : Starting a blocking GC Explicit
08-04 02:42:50.576 12467 12479 I art     : Explicit concurrent mark sweep GC freed 3155(111KB) AllocSpace objects, 2(40KB) LOS objects, 28% free, 40MB/56MB, paused 659us total 36.543ms
08-04 02:42:50.593 12467 12479 I art     : Starting a blocking GC Explicit
08-04 02:42:50.625 12467 12479 I art     : Explicit concurrent mark sweep GC freed 238(4KB) AllocSpace objects, 0(0B) LOS objects, 28% free, 40MB/56MB, paused 599us total 31.884ms
08-04 02:42:50.638 12467 12479 I art     : Starting a blocking GC Explicit
08-04 02:42:50.670 12467 12479 I art     : Explicit concurrent mark sweep GC freed 189(3KB) AllocSpace objects, 0(0B) LOS objects, 28% free, 40MB/56MB, paused 756us total 32.482ms
08-04 02:42:50.683 12467 12479 I art     : Starting a blocking GC Explicit
08-04 02:42:50.717 12467 12479 I art     : Explicit concurrent mark sweep GC freed 177(3024B) AllocSpace objects, 0(0B) LOS objects, 28% free, 40MB/56MB, paused 706us total 33.514ms
08-04 02:42:50.730 12467 12479 I art     : Starting a blocking GC Explicit
08-04 02:42:50.742 13589 13589 I ServiceManager: Waiting for service AtCmdFwd...
08-04 02:42:50.762 12467 12479 I art     : Explicit concurrent mark sweep GC freed 219(3KB) AllocSpace objects, 0(0B) LOS objects, 28% free, 40MB/56MB, paused 616us total 31.812ms
08-04 02:42:51.101 12467 12480 I art     : Starting a blocking GC Explicit
08-04 02:42:51.135 12467 12480 I art     : Explicit concurrent mark sweep GC freed 3024(109KB) AllocSpace objects, 2(40KB) LOS objects, 28% free, 40MB/56MB, paused 673us total 34.154ms
08-04 02:42:51.148 12467 12480 I art     : Starting a blocking GC Explicit
08-04 02:42:51.180 12467 12480 I art     : Explicit concurrent mark sweep GC freed 248(4KB) AllocSpace objects, 0(0B) LOS objects, 28% free, 40MB/56MB, paused 650us total 31.847ms
08-04 02:42:51.193 12467 12480 I art     : Starting a blocking GC Explicit
08-04 02:42:51.225 12467 12480 I art     : Explicit concurrent mark sweep GC freed 183(3KB) AllocSpace objects, 0(0B) LOS objects, 28% free, 40MB/56MB, paused 684us total 32.041ms
08-04 02:42:51.238 12467 12480 I art     : Starting a blocking GC Explicit
08-04 02:42:51.271 12467 12480 I art     : Explicit concurrent mark sweep GC freed 190(3KB) AllocSpace objects, 0(0B) LOS objects, 28% free, 40MB/56MB, paused 728us total 32.434ms
08-04 02:42:51.284 12467 12480 I art     : Starting a blocking GC Explicit
08-04 02:42:51.316 12467 12480 I art     : Explicit concurrent mark sweep GC freed 213(3KB) AllocSpace objects, 0(0B) LOS objects, 28% free, 40MB/56MB, paused 655us total 31.781ms
08-04 02:42:51.357 13667 13667 D AndroidRuntime: >>>>>> START com.android.internal.os.RuntimeInit uid 2000 <<<<<<
08-04 02:42:51.361 13667 13667 D AndroidRuntime: CheckJNI is OFF
08-04 02:42:51.395 13667 13667 D ICU     : No timezone override file found: /data/misc/zoneinfo/current/icu/icu_tzdata.dat
08-04 02:42:51.429 13667 13667 I Radio-JNI: register_android_hardware_Radio DONE
08-04 02:42:51.451 13667 13667 D AndroidRuntime: Calling main entry com.android.commands.input.Input
08-04 02:42:51.453 13667 13667 I Input   : injectKeyEvent: KeyEvent { action=ACTION_DOWN, keyCode=KEYCODE_BACK, scanCode=0, metaState=0, flags=0x0, repeatCount=0, eventTime=672187866, downTime=672187866, deviceId=-1, source=0x101 }
08-04 02:42:51.460 13667 13667 I Input   : injectKeyEvent: KeyEvent { action=ACTION_UP, keyCode=KEYCODE_BACK, scanCode=0, metaState=0, flags=0x0, repeatCount=0, eventTime=672187866, downTime=672187866, deviceId=-1, source=0x101 }
08-04 02:42:51.469 13667 13667 D AndroidRuntime: Shutting down VM
08-04 02:42:51.509 13866 13866 I GoogleInputMethodServic: GoogleInputMethodService.onFinishInput():3138 
08-04 02:42:51.510 13866 13866 I GoogleInputMethodServic: GoogleInputMethodService.onStartInput():1808 
08-04 02:42:51.623 12467 12526 I art     : Starting a blocking GC Explicit
08-04 02:42:51.665 12467 12526 I art     : Explicit concurrent mark sweep GC freed 3043(111KB) AllocSpace objects, 2(40KB) LOS objects, 28% free, 40MB/56MB, paused 681us total 41.574ms
08-04 02:42:51.679 12467 12526 I art     : Starting a blocking GC Explicit
08-04 02:42:51.722 12467 12526 I art     : Explicit concurrent mark sweep GC freed 274(4KB) AllocSpace objects, 0(0B) LOS objects, 28% free, 40MB/56MB, paused 751us total 41.921ms
08-04 02:42:51.739 12467 12526 I art     : Starting a blocking GC Explicit
08-04 02:42:51.742 13589 13589 W Atfwd_Sendcmd: AtCmdFwd service not published, waiting... retryCnt : 1
08-04 02:42:51.776 12467 12526 I art     : Explicit concurrent mark sweep GC freed 259(4KB) AllocSpace objects, 0(0B) LOS objects, 28% free, 40MB/56MB, paused 740us total 36.463ms
08-04 02:42:51.791 12467 12526 I art     : Starting a blocking GC Explicit
08-04 02:42:51.804   380   380 W SurfaceFlinger: couldn't log to binary event log: overflow.
08-04 02:42:51.825 12467 12526 I art     : Explicit concurrent mark sweep GC freed 193(3KB) AllocSpace objects, 1(188KB) LOS objects, 28% free, 40MB/56MB, paused 610us total 33.235ms
08-04 02:42:51.838 12467 12526 I art     : Starting a blocking GC Explicit
08-04 02:42:51.871 12467 12526 I art     : Explicit concurrent mark sweep GC freed 222(8KB) AllocSpace objects, 0(0B) LOS objects, 28% free, 40MB/56MB, paused 621us total 32.535ms
08-04 02:42:52.213 12467 12525 I art     : Starting a blocking GC Explicit
08-04 02:42:52.249 12467 12525 I art     : Explicit concurrent mark sweep GC freed 7112(434KB) AllocSpace objects, 9(172KB) LOS objects, 28% free, 39MB/55MB, paused 764us total 35.919ms
08-04 02:42:52.262 12467 12525 I art     : Starting a blocking GC Explicit
08-04 02:42:52.294 12467 12525 I art     : Explicit concurrent mark sweep GC freed 176(3KB) AllocSpace objects, 0(0B) LOS objects, 28% free, 39MB/55MB, paused 630us total 31.028ms
08-04 02:42:52.306 12467 12525 I art     : Starting a blocking GC Explicit
08-04 02:42:52.338 12467 12525 I art     : Explicit concurrent mark sweep GC freed 131(2224B) AllocSpace objects, 0(0B) LOS objects, 28% free, 39MB/55MB, paused 808us total 31.926ms
08-04 02:42:52.351 12467 12525 I art     : Starting a blocking GC Explicit
08-04 02:42:52.384 12467 12525 I art     : Explicit concurrent mark sweep GC freed 115(1968B) AllocSpace objects, 0(0B) LOS objects, 28% free, 39MB/55MB, paused 663us total 32.645ms
08-04 02:42:52.397 12467 12525 I art     : Starting a blocking GC Explicit
08-04 02:42:52.431 12467 12525 I art     : Explicit concurrent mark sweep GC freed 147(2496B) AllocSpace objects, 0(0B) LOS objects, 28% free, 39MB/55MB, paused 679us total 33.041ms
08-04 02:42:52.771 12467 12479 I art     : Starting a blocking GC Explicit
08-04 02:42:52.802 12467 12479 I art     : Explicit concurrent mark sweep GC freed 2482(100KB) AllocSpace objects, 2(40KB) LOS objects, 28% free, 39MB/55MB, paused 656us total 30.336ms
08-04 02:42:52.815 12467 12479 I art     : Starting a blocking GC Explicit
08-04 02:42:52.845 12467 12479 I art     : Explicit concurrent mark sweep GC freed 167(3KB) AllocSpace objects, 0(0B) LOS objects, 28% free, 39MB/55MB, paused 654us total 29.785ms
08-04 02:42:52.858 12467 12479 I art     : Starting a blocking GC Explicit
08-04 02:42:52.888 12467 12479 I art     : Explicit concurrent mark sweep GC freed 105(1792B) AllocSpace objects, 0(0B) LOS objects, 28% free, 39MB/55MB, paused 779us total 30.510ms
08-04 02:42:52.901 12467 12479 I art     : Starting a blocking GC Explicit
08-04 02:42:52.931 12467 12479 I art     : Explicit concurrent mark sweep GC freed 141(2400B) AllocSpace objects, 0(0B) LOS objects, 28% free, 39MB/55MB, paused 639us total 30.053ms
08-04 02:42:52.944 12467 12479 I art     : Starting a blocking GC Explicit
08-04 02:42:52.974 12467 12479 I art     : Explicit concurrent mark sweep GC freed 146(2464B) AllocSpace objects, 0(0B) LOS objects, 28% free, 39MB/55MB, paused 731us total 30.537ms
08-04 02:42:53.113 13720 13720 D AndroidRuntime: >>>>>> START com.android.internal.os.RuntimeInit uid 2000 <<<<<<
08-04 02:42:53.118 13720 13720 D AndroidRuntime: CheckJNI is OFF
08-04 02:42:53.149 13720 13720 D ICU     : No timezone override file found: /data/misc/zoneinfo/current/icu/icu_tzdata.dat
08-04 02:42:53.180 13720 13720 I Radio-JNI: register_android_hardware_Radio DONE
08-04 02:42:53.201 13720 13720 D AndroidRuntime: Calling main entry com.android.commands.input.Input
08-04 02:42:53.203 13720 13720 I Input   : injectKeyEvent: KeyEvent { action=ACTION_DOWN, keyCode=KEYCODE_BACK, scanCode=0, metaState=0, flags=0x0, repeatCount=0, eventTime=672189616, downTime=672189616, deviceId=-1, source=0x101 }
08-04 02:42:53.212 13720 13720 I Input   : injectKeyEvent: KeyEvent { action=ACTION_UP, keyCode=KEYCODE_BACK, scanCode=0, metaState=0, flags=0x0, repeatCount=0, eventTime=672189616, downTime=672189616, deviceId=-1, source=0x101 }
08-04 02:42:53.223 13720 13720 D AndroidRuntime: Shutting down VM
08-04 02:42:53.239 12467 12467 V MainActivity: url = https://project-travel-mate.herokuapp.com/api/number-of-unread-notifications
08-04 02:42:53.267 13866 13866 I GoogleInputMethodServic: GoogleInputMethodService.onFinishInput():3138 
08-04 02:42:53.268 13866 13866 I GoogleInputMethodServic: GoogleInputMethodService.onStartInput():1808 
08-04 02:42:53.318 12467 12480 I art     : Starting a blocking GC Explicit
08-04 02:42:53.346 12467 12480 I art     : Explicit concurrent mark sweep GC freed 3041(124KB) AllocSpace objects, 2(40KB) LOS objects, 28% free, 39MB/55MB, paused 612us total 28.311ms
08-04 02:42:53.359 12467 12480 I art     : Starting a blocking GC Explicit
08-04 02:42:53.389 12467 12480 I art     : Explicit concurrent mark sweep GC freed 184(4KB) AllocSpace objects, 0(0B) LOS objects, 28% free, 39MB/55MB, paused 764us total 29.599ms
08-04 02:42:53.403 12467 12480 I art     : Starting a blocking GC Explicit
08-04 02:42:53.433 12467 12480 I art     : Explicit concurrent mark sweep GC freed 145(2512B) AllocSpace objects, 0(0B) LOS objects, 28% free, 39MB/55MB, paused 678us total 30.496ms
08-04 02:42:53.445 12467 12480 I art     : Starting a blocking GC Explicit
08-04 02:42:53.485 12467 12480 I art     : Explicit concurrent mark sweep GC freed 166(3KB) AllocSpace objects, 0(0B) LOS objects, 28% free, 39MB/55MB, paused 670us total 38.935ms
08-04 02:42:53.500 12467 12480 I art     : Starting a blocking GC Explicit
08-04 02:42:53.539 12467 12480 I art     : Explicit concurrent mark sweep GC freed 149(2592B) AllocSpace objects, 0(0B) LOS objects, 28% free, 39MB/55MB, paused 818us total 39.303ms
08-04 02:42:53.555   380   380 W SurfaceFlinger: couldn't log to binary event log: overflow.
08-04 02:42:53.723 12467 13743 I NAPPA_EXPERIMENTATION: MetricNetworkRequestExecutionTime: REQUEST_DURATION_SYSTEM='482',REQUEST_DURATION_OKHTTP='28',REQUEST_SYNCHRONOUS='FALSE',RESPONSE_CODE='200',RESPONSE_METHOD='GET',RESPONSE_LENGTH_OKHTTP='36',RESPONSE_LENGTH_HEADER='36',REQUEST_PROTOCOL='http/1.1',REQUEST_URL='https://project-travel-mate.herokuapp.com/api/number-of-unread-notifications',
08-04 02:42:53.857 12467 12479 I art     : Starting a blocking GC Explicit
08-04 02:42:53.893 12467 12479 I art     : Explicit concurrent mark sweep GC freed 4847(242KB) AllocSpace objects, 5(240KB) LOS objects, 28% free, 40MB/56MB, paused 863us total 35.653ms
08-04 02:42:53.907 12467 12479 I art     : Starting a blocking GC Explicit
08-04 02:42:53.940 12467 12479 I art     : Explicit concurrent mark sweep GC freed 1174(125KB) AllocSpace objects, 0(0B) LOS objects, 28% free, 39MB/55MB, paused 790us total 33.040ms
08-04 02:42:53.953 12467 12479 I art     : Starting a blocking GC Explicit
08-04 02:42:53.986 12467 12479 I art     : Explicit concurrent mark sweep GC freed 51(896B) AllocSpace objects, 0(0B) LOS objects, 28% free, 39MB/55MB, paused 702us total 33.075ms
08-04 02:42:53.999 12467 12479 I art     : Starting a blocking GC Explicit
08-04 02:42:54.033 12467 12479 I art     : Explicit concurrent mark sweep GC freed 75(1296B) AllocSpace objects, 0(0B) LOS objects, 28% free, 39MB/55MB, paused 707us total 33.398ms
08-04 02:42:54.046 12467 12479 I art     : Starting a blocking GC Explicit
08-04 02:42:54.079 12467 12479 I art     : Explicit concurrent mark sweep GC freed 75(1296B) AllocSpace objects, 0(0B) LOS objects, 28% free, 39MB/55MB, paused 721us total 33.123ms
08-04 02:42:54.358   918  3261 D WifiStateMachine: starting scan for "H369AA63323"WPA_PSK with 2412,5180
08-04 02:42:54.416 12467 12525 I art     : Starting a blocking GC Explicit
08-04 02:42:54.418  9305  9505 E GoogleConversionReporter: Error sending ping
08-04 02:42:54.418  9305  9505 E GoogleConversionReporter: bljc: Exception in CronetUrlRequest: net::ERR_CONNECTION_CLOSED, ErrorCode=5, InternalErrorCode=-100, Retryable=true
08-04 02:42:54.418  9305  9505 E GoogleConversionReporter: 	at org.chromium.net.impl.CronetUrlRequest.onError(PG:55)
08-04 02:42:54.449 12467 12525 I art     : Explicit concurrent mark sweep GC freed 1955(91KB) AllocSpace objects, 2(40KB) LOS objects, 28% free, 39MB/55MB, paused 725us total 32.009ms
08-04 02:42:54.461 12467 12525 I art     : Starting a blocking GC Explicit
08-04 02:42:54.492 12467 12525 I art     : Explicit concurrent mark sweep GC freed 93(1952B) AllocSpace objects, 0(0B) LOS objects, 28% free, 39MB/55MB, paused 764us total 30.793ms
08-04 02:42:54.506 12467 12525 I art     : Starting a blocking GC Explicit
08-04 02:42:54.537 12467 12525 I art     : Explicit concurrent mark sweep GC freed 51(896B) AllocSpace objects, 0(0B) LOS objects, 28% free, 39MB/55MB, paused 821us total 31.166ms
08-04 02:42:54.549 12467 12525 I art     : Starting a blocking GC Explicit
08-04 02:42:54.580 12467 12525 I art     : Explicit concurrent mark sweep GC freed 76(1328B) AllocSpace objects, 0(0B) LOS objects, 28% free, 39MB/55MB, paused 688us total 30.521ms
08-04 02:42:54.593 12467 12525 I art     : Starting a blocking GC Explicit
08-04 02:42:54.625 12467 12525 I art     : Explicit concurrent mark sweep GC freed 68(1168B) AllocSpace objects, 0(0B) LOS objects, 28% free, 39MB/55MB, paused 800us total 31.814ms
08-04 02:42:54.867 13766 13766 D AndroidRuntime: >>>>>> START com.android.internal.os.RuntimeInit uid 2000 <<<<<<
08-04 02:42:54.872 13766 13766 D AndroidRuntime: CheckJNI is OFF
08-04 02:42:54.907 13766 13766 D ICU     : No timezone override file found: /data/misc/zoneinfo/current/icu/icu_tzdata.dat
08-04 02:42:54.941 13766 13766 I Radio-JNI: register_android_hardware_Radio DONE
08-04 02:42:54.963 12467 12480 I art     : Starting a blocking GC Explicit
08-04 02:42:54.963 13766 13766 D AndroidRuntime: Calling main entry com.android.commands.input.Input
08-04 02:42:54.966 13766 13766 I Input   : injectMotionEvent: MotionEvent { action=ACTION_DOWN, actionButton=0, id[0]=0, x[0]=117.0, y[0]=170.0, toolType[0]=TOOL_TYPE_UNKNOWN, buttonState=0, metaState=0, flags=0x0, edgeFlags=0x0, pointerCount=1, historySize=0, eventTime=672191378, downTime=672191378, deviceId=0, source=0x1002 }
08-04 02:42:54.970 13766 13766 I Input   : injectMotionEvent: MotionEvent { action=ACTION_UP, actionButton=0, id[0]=0, x[0]=117.0, y[0]=170.0, toolType[0]=TOOL_TYPE_UNKNOWN, buttonState=0, metaState=0, flags=0x0, edgeFlags=0x0, pointerCount=1, historySize=0, eventTime=672191378, downTime=672191378, deviceId=0, source=0x1002 }
08-04 02:42:54.972 13766 13766 D AndroidRuntime: Shutting down VM
08-04 02:42:54.979   512  2967 D audio_hw_primary: out_set_parameters: enter: usecase(1: low-latency-playback) kvpairs: routing=2
08-04 02:42:54.993   512  2967 D audio_hw_primary: select_devices: out_snd_device(2: speaker) in_snd_device(0: none)
08-04 02:42:54.993   512  2967 D msm8974_platform: platform_send_audio_calibration: sending audio calibration for snd_device(2) acdb_id(15)
08-04 02:42:54.993   512  2967 I soundtrigger: audio_extn_sound_trigger_update_device_status: device 0x2 of type 0 for Event 1
08-04 02:42:54.999 12467 12480 I art     : Explicit concurrent mark sweep GC freed 2037(94KB) AllocSpace objects, 2(40KB) LOS objects, 28% free, 40MB/56MB, paused 1.033ms total 36.523ms
08-04 02:42:55.002   512  2967 D audio_hw_primary: enable_snd_device: snd_device(2: speaker)
08-04 02:42:55.004   512  2967 D audio_hw_primary: enable_audio_route: apply and update mixer path: low-latency-playback speaker
08-04 02:42:55.013 12467 12480 I art     : Starting a blocking GC Explicit
08-04 02:42:55.044 12467 12480 I art     : Explicit concurrent mark sweep GC freed 79(2672B) AllocSpace objects, 0(0B) LOS objects, 28% free, 40MB/56MB, paused 807us total 30.849ms
08-04 02:42:55.056 12467 12480 I art     : Starting a blocking GC Explicit
08-04 02:42:55.088 12467 12480 I art     : Explicit concurrent mark sweep GC freed 452(21KB) AllocSpace objects, 0(0B) LOS objects, 28% free, 40MB/56MB, paused 708us total 32.231ms
08-04 02:42:55.102 12467 12480 I art     : Starting a blocking GC Explicit
08-04 02:42:55.132 12467 12480 I art     : Explicit concurrent mark sweep GC freed 87(2048B) AllocSpace objects, 0(0B) LOS objects, 28% free, 40MB/56MB, paused 626us total 29.993ms
08-04 02:42:55.144 12467 12480 I art     : Starting a blocking GC Explicit
08-04 02:42:55.174 12467 12480 I art     : Explicit concurrent mark sweep GC freed 63(1472B) AllocSpace objects, 0(0B) LOS objects, 28% free, 40MB/56MB, paused 752us total 29.480ms
08-04 02:42:55.478 12467 12480 I art     : Starting a blocking GC Explicit
08-04 02:42:55.511 12467 12480 I art     : Explicit concurrent mark sweep GC freed 1937(91KB) AllocSpace objects, 2(40KB) LOS objects, 28% free, 40MB/56MB, paused 725us total 32.312ms
08-04 02:42:55.524 12467 12480 I art     : Starting a blocking GC Explicit
08-04 02:42:55.539   512  2967 D audio_hw_primary: disable_audio_route: reset and update mixer path: low-latency-playback speaker
08-04 02:42:55.541   512  2967 D audio_hw_primary: disable_snd_device: snd_device(2: speaker)
08-04 02:42:55.549   512  2967 I soundtrigger: audio_extn_sound_trigger_update_device_status: device 0x2 of type 0 for Event 0
08-04 02:42:55.554 12467 12480 I art     : Explicit concurrent mark sweep GC freed 102(2720B) AllocSpace objects, 0(0B) LOS objects, 28% free, 40MB/56MB, paused 710us total 30.325ms
08-04 02:42:55.567 12467 12480 I art     : Starting a blocking GC Explicit
08-04 02:42:55.596 12467 12480 I art     : Explicit concurrent mark sweep GC freed 75(1296B) AllocSpace objects, 0(0B) LOS objects, 28% free, 40MB/56MB, paused 739us total 28.995ms
08-04 02:42:55.604 13790 13790 D AndroidRuntime: >>>>>> START com.android.internal.os.RuntimeInit uid 2000 <<<<<<
08-04 02:42:55.608 13790 13790 D AndroidRuntime: CheckJNI is OFF
08-04 02:42:55.609 12467 12480 I art     : Starting a blocking GC Explicit
08-04 02:42:55.638 12467 12480 I art     : Explicit concurrent mark sweep GC freed 51(896B) AllocSpace objects, 0(0B) LOS objects, 28% free, 40MB/56MB, paused 732us total 28.980ms
08-04 02:42:55.641 13790 13790 D ICU     : No timezone override file found: /data/misc/zoneinfo/current/icu/icu_tzdata.dat
08-04 02:42:55.650 12467 12480 I art     : Starting a blocking GC Explicit
08-04 02:42:55.673 13790 13790 I Radio-JNI: register_android_hardware_Radio DONE
08-04 02:42:55.679 12467 12480 I art     : Explicit concurrent mark sweep GC freed 75(1296B) AllocSpace objects, 0(0B) LOS objects, 28% free, 40MB/56MB, paused 761us total 29.167ms
08-04 02:42:55.694 13790 13790 D AndroidRuntime: Calling main entry com.android.commands.input.Input
08-04 02:42:55.696 13790 13790 I Input   : injectMotionEvent: MotionEvent { action=ACTION_DOWN, actionButton=0, id[0]=0, x[0]=355.0, y[0]=1674.0, toolType[0]=TOOL_TYPE_UNKNOWN, buttonState=0, metaState=0, flags=0x0, edgeFlags=0x0, pointerCount=1, historySize=0, eventTime=672192108, downTime=672192108, deviceId=0, source=0x1002 }
08-04 02:42:55.699 13790 13790 I Input   : injectMotionEvent: MotionEvent { action=ACTION_UP, actionButton=0, id[0]=0, x[0]=355.0, y[0]=1674.0, toolType[0]=TOOL_TYPE_UNKNOWN, buttonState=0, metaState=0, flags=0x0, edgeFlags=0x0, pointerCount=1, historySize=0, eventTime=672192108, downTime=672192108, deviceId=0, source=0x1002 }
08-04 02:42:55.700 13790 13790 D AndroidRuntime: Shutting down VM
08-04 02:42:55.710   512  2967 D audio_hw_primary: out_set_parameters: enter: usecase(1: low-latency-playback) kvpairs: routing=2
08-04 02:42:55.723   512  2967 D audio_hw_primary: select_devices: out_snd_device(2: speaker) in_snd_device(0: none)
08-04 02:42:55.724   512  2967 D msm8974_platform: platform_send_audio_calibration: sending audio calibration for snd_device(2) acdb_id(15)
08-04 02:42:55.724   512  2967 I soundtrigger: audio_extn_sound_trigger_update_device_status: device 0x2 of type 0 for Event 1
08-04 02:42:55.734   512  2967 D audio_hw_primary: enable_snd_device: snd_device(2: speaker)
08-04 02:42:55.736   512  2967 D audio_hw_primary: enable_audio_route: apply and update mixer path: low-latency-playback speaker
08-04 02:42:55.776   512  2967 D AudioFlinger: mixer(0xf4740000) throttle end: throttle time(12)
08-04 02:42:55.980 12467 12479 I art     : Starting a blocking GC Explicit
08-04 02:42:56.012 12467 12479 I art     : Explicit concurrent mark sweep GC freed 1378(141KB) AllocSpace objects, 0(0B) LOS objects, 17% free, 73MB/89MB, paused 772us total 31.443ms
08-04 02:42:56.026 12467 12479 I art     : Starting a blocking GC Explicit
08-04 02:42:56.056 12467 12479 I art     : Explicit concurrent mark sweep GC freed 7(272B) AllocSpace objects, 0(0B) LOS objects, 16% free, 79MB/95MB, paused 808us total 30.452ms
08-04 02:42:56.069 12467 12479 I art     : Starting a blocking GC Explicit
08-04 02:42:56.098 12467 12479 I art     : Explicit concurrent mark sweep GC freed 8(336B) AllocSpace objects, 0(0B) LOS objects, 12% free, 115MB/131MB, paused 793us total 28.905ms
08-04 02:42:56.110 12467 12479 I art     : Starting a blocking GC Explicit
08-04 02:42:56.139 12467 12479 I art     : Explicit concurrent mark sweep GC freed 5(192B) AllocSpace objects, 0(0B) LOS objects, 12% free, 115MB/131MB, paused 735us total 28.612ms
08-04 02:42:56.152 12467 12479 I art     : Starting a blocking GC Explicit
08-04 02:42:56.180 12467 12479 I art     : Explicit concurrent mark sweep GC freed 3(96B) AllocSpace objects, 0(0B) LOS objects, 12% free, 115MB/131MB, paused 801us total 28.691ms
08-04 02:42:56.269   512  2967 D audio_hw_primary: disable_audio_route: reset and update mixer path: low-latency-playback speaker
08-04 02:42:56.271   512  2967 D audio_hw_primary: disable_snd_device: snd_device(2: speaker)
08-04 02:42:56.280   512  2967 I soundtrigger: audio_extn_sound_trigger_update_device_status: device 0x2 of type 0 for Event 0
08-04 02:42:56.416 12467 12467 I Choreographer: Skipped 41 frames!  The application may be doing too much work on its main thread.
08-04 02:42:56.416 12467 12467 V MainActivity: url = https://project-travel-mate.herokuapp.com/api/number-of-unread-notifications
08-04 02:42:56.517 12467 12525 I art     : Starting a blocking GC Explicit
08-04 02:42:56.547 12467 12525 I art     : Explicit concurrent mark sweep GC freed 1774(67KB) AllocSpace objects, 9(252KB) LOS objects, 10% free, 134MB/150MB, paused 778us total 30.569ms
08-04 02:42:56.561 12467 12525 I art     : Starting a blocking GC Explicit
08-04 02:42:56.589 12467 12525 I art     : Explicit concurrent mark sweep GC freed 910(53KB) AllocSpace objects, 0(0B) LOS objects, 10% free, 134MB/150MB, paused 744us total 27.753ms
08-04 02:42:56.602 12467 12525 I art     : Starting a blocking GC Explicit
08-04 02:42:56.632 12467 12525 I art     : Explicit concurrent mark sweep GC freed 3(96B) AllocSpace objects, 0(0B) LOS objects, 10% free, 134MB/150MB, paused 748us total 29.795ms
08-04 02:42:56.647 12467 12525 I art     : Starting a blocking GC Explicit
08-04 02:42:56.679 12467 12525 I art     : Explicit concurrent mark sweep GC freed 3(96B) AllocSpace objects, 0(0B) LOS objects, 10% free, 134MB/150MB, paused 783us total 31.866ms
08-04 02:42:56.692 12467 12525 I art     : Starting a blocking GC Explicit
08-04 02:42:56.725 12467 12525 I art     : Explicit concurrent mark sweep GC freed 3(96B) AllocSpace objects, 0(0B) LOS objects, 10% free, 134MB/150MB, paused 760us total 33.183ms
08-04 02:42:56.743 13589 13589 I ServiceManager: Waiting for service AtCmdFwd...
08-04 02:42:57.013 12467 13834 I NAPPA_EXPERIMENTATION: MetricNetworkRequestExecutionTime: REQUEST_DURATION_SYSTEM='596',REQUEST_DURATION_OKHTTP='32',REQUEST_SYNCHRONOUS='FALSE',RESPONSE_CODE='200',RESPONSE_METHOD='GET',RESPONSE_LENGTH_OKHTTP='36',RESPONSE_LENGTH_HEADER='36',REQUEST_PROTOCOL='http/1.1',REQUEST_URL='https://project-travel-mate.herokuapp.com/api/number-of-unread-notifications',
08-04 02:42:57.086 12467 12479 I art     : Starting a blocking GC Explicit
08-04 02:42:57.136 12467 12479 I art     : Explicit concurrent mark sweep GC freed 4249(232KB) AllocSpace objects, 5(236KB) LOS objects, 10% free, 134MB/150MB, paused 827us total 48.778ms
08-04 02:42:57.152 12467 12479 I art     : Starting a blocking GC Explicit
08-04 02:42:57.187 12467 12479 I art     : Explicit concurrent mark sweep GC freed 976(117KB) AllocSpace objects, 0(0B) LOS objects, 10% free, 134MB/150MB, paused 745us total 33.829ms
08-04 02:42:57.200 12467 12479 I art     : Starting a blocking GC Explicit
08-04 02:42:57.234 12467 12479 I art     : Explicit concurrent mark sweep GC freed 3(96B) AllocSpace objects, 0(0B) LOS objects, 10% free, 134MB/150MB, paused 743us total 34.397ms
08-04 02:42:57.248 12467 12479 I art     : Starting a blocking GC Explicit
08-04 02:42:57.282 12467 12479 I art     : Explicit concurrent mark sweep GC freed 3(96B) AllocSpace objects, 0(0B) LOS objects, 10% free, 134MB/150MB, paused 736us total 34.109ms
08-04 02:42:57.295 12467 12479 I art     : Starting a blocking GC Explicit
08-04 02:42:57.330 12467 12479 I art     : Explicit concurrent mark sweep GC freed 3(96B) AllocSpace objects, 0(0B) LOS objects, 10% free, 134MB/150MB, paused 748us total 34.333ms
08-04 02:42:57.699 12467 13744 I art     : Starting a blocking GC Explicit
08-04 02:42:57.743 13589 13589 I ServiceManager: Waiting for service AtCmdFwd...
08-04 02:42:57.745 12467 13744 I art     : Explicit concurrent mark sweep GC freed 1427(83KB) AllocSpace objects, 2(36KB) LOS objects, 10% free, 134MB/150MB, paused 773us total 46.162ms
08-04 02:42:57.761 12467 13744 I art     : Starting a blocking GC Explicit
08-04 02:42:57.794 12467 13744 I art     : Explicit concurrent mark sweep GC freed 22(784B) AllocSpace objects, 0(0B) LOS objects, 10% free, 134MB/150MB, paused 751us total 32.973ms
08-04 02:42:57.807 12467 13744 I art     : Starting a blocking GC Explicit
08-04 02:42:57.842 12467 13744 I art     : Explicit concurrent mark sweep GC freed 3(96B) AllocSpace objects, 0(0B) LOS objects, 10% free, 134MB/150MB, paused 759us total 34.400ms
08-04 02:42:57.842 12467 12478 I art     : WaitForGcToComplete blocked for 34.683ms for cause HeapTrim
08-04 02:42:57.855 12467 13744 I art     : Starting a blocking GC Explicit
08-04 02:42:57.890 12467 13744 I art     : Explicit concurrent mark sweep GC freed 3(96B) AllocSpace objects, 0(0B) LOS objects, 10% free, 134MB/150MB, paused 715us total 34.264ms
08-04 02:42:57.903 12467 13744 I art     : Starting a blocking GC Explicit
08-04 02:42:57.935 12467 13744 I art     : Explicit concurrent mark sweep GC freed 3(96B) AllocSpace objects, 0(0B) LOS objects, 10% free, 134MB/150MB, paused 680us total 31.955ms
08-04 02:42:58.263 12467 13744 I art     : Starting a blocking GC Explicit
08-04 02:42:58.298 12467 13744 I art     : Explicit concurrent mark sweep GC freed 1469(84KB) AllocSpace objects, 2(36KB) LOS objects, 10% free, 134MB/150MB, paused 711us total 34.845ms
08-04 02:42:58.311 12467 13744 I art     : Starting a blocking GC Explicit
08-04 02:42:58.342 12467 13744 I art     : Explicit concurrent mark sweep GC freed 32(1328B) AllocSpace objects, 0(0B) LOS objects, 10% free, 134MB/150MB, paused 709us total 30.289ms
08-04 02:42:58.354 12467 13744 I art     : Starting a blocking GC Explicit
08-04 02:42:58.363 13864 13864 D AndroidRuntime: >>>>>> START com.android.internal.os.RuntimeInit uid 2000 <<<<<<
08-04 02:42:58.368 13864 13864 D AndroidRuntime: CheckJNI is OFF
08-04 02:42:58.386 12467 13744 I art     : Explicit concurrent mark sweep GC freed 3(96B) AllocSpace objects, 0(0B) LOS objects, 10% free, 134MB/150MB, paused 722us total 31.313ms
08-04 02:42:58.398 12467 13744 I art     : Starting a blocking GC Explicit
08-04 02:42:58.404 13864 13864 D ICU     : No timezone override file found: /data/misc/zoneinfo/current/icu/icu_tzdata.dat
08-04 02:42:58.431 12467 13744 I art     : Explicit concurrent mark sweep GC freed 3(96B) AllocSpace objects, 0(0B) LOS objects, 10% free, 134MB/150MB, paused 736us total 32.650ms
08-04 02:42:58.440 13864 13864 I Radio-JNI: register_android_hardware_Radio DONE
08-04 02:42:58.444 12467 13744 I art     : Starting a blocking GC Explicit
08-04 02:42:58.462 13864 13864 D AndroidRuntime: Calling main entry com.android.commands.input.Input
08-04 02:42:58.464 13864 13864 I Input   : injectMotionEvent: MotionEvent { action=ACTION_DOWN, actionButton=0, id[0]=0, x[0]=747.0, y[0]=608.0, toolType[0]=TOOL_TYPE_UNKNOWN, buttonState=0, metaState=0, flags=0x0, edgeFlags=0x0, pointerCount=1, historySize=0, eventTime=672194877, downTime=672194877, deviceId=0, source=0x1002 }
08-04 02:42:58.470 13864 13864 I Input   : injectMotionEvent: MotionEvent { action=ACTION_UP, actionButton=0, id[0]=0, x[0]=747.0, y[0]=608.0, toolType[0]=TOOL_TYPE_UNKNOWN, buttonState=0, metaState=0, flags=0x0, edgeFlags=0x0, pointerCount=1, historySize=0, eventTime=672194877, downTime=672194877, deviceId=0, source=0x1002 }
08-04 02:42:58.472 13864 13864 D AndroidRuntime: Shutting down VM
08-04 02:42:58.474   512  2967 D audio_hw_primary: out_set_parameters: enter: usecase(1: low-latency-playback) kvpairs: routing=2
08-04 02:42:58.477 12467 13744 I art     : Explicit concurrent mark sweep GC freed 7(208B) AllocSpace objects, 0(0B) LOS objects, 10% free, 134MB/150MB, paused 2.382ms total 33.131ms
08-04 02:42:58.486   918  6110 I ActivityManager: START u0 {cmp=baseline.io.github.project_travel_mate/.utilities.ChecklistActivity} from uid 10650 on display 0
08-04 02:42:58.487   512  2967 D audio_hw_primary: select_devices: out_snd_device(2: speaker) in_snd_device(0: none)
08-04 02:42:58.487   512  2967 D msm8974_platform: platform_send_audio_calibration: sending audio calibration for snd_device(2) acdb_id(15)
08-04 02:42:58.487   512  2967 I soundtrigger: audio_extn_sound_trigger_update_device_status: device 0x2 of type 0 for Event 1
08-04 02:42:58.504   512  2967 D audio_hw_primary: enable_snd_device: snd_device(2: speaker)
08-04 02:42:58.507   512  2967 D audio_hw_primary: enable_audio_route: apply and update mixer path: low-latency-playback speaker
08-04 02:42:58.511   918   937 W ProcessCpuTracker: Skipping unknown process pid 13883
08-04 02:42:58.512   918   937 W ProcessCpuTracker: Skipping unknown process pid 13885
08-04 02:42:58.512   918   937 W ProcessCpuTracker: Skipping unknown process pid 13886
08-04 02:42:58.684   918   936 I ActivityManager: Displayed baseline.io.github.project_travel_mate/.utilities.ChecklistActivity: +188ms
08-04 02:42:58.684 13866 13866 I GoogleInputMethodServic: GoogleInputMethodService.onFinishInput():3138 
08-04 02:42:58.685 13866 13866 I GoogleInputMethodServic: GoogleInputMethodService.onStartInput():1808 
08-04 02:42:58.744 13589 13589 I ServiceManager: Waiting for service AtCmdFwd...
08-04 02:42:58.788 12467 12525 I art     : Starting a blocking GC Explicit
08-04 02:42:58.836 12467 12525 I art     : Explicit concurrent mark sweep GC freed 3150(286KB) AllocSpace objects, 2(36KB) LOS objects, 10% free, 135MB/151MB, paused 783us total 47.888ms
08-04 02:42:58.853 12467 12525 I art     : Starting a blocking GC Explicit
08-04 02:42:58.900 12467 12525 I art     : Explicit concurrent mark sweep GC freed 414(17KB) AllocSpace objects, 0(0B) LOS objects, 10% free, 135MB/151MB, paused 778us total 46.366ms
08-04 02:42:58.915 12467 12525 I art     : Starting a blocking GC Explicit
08-04 02:42:58.955   380   380 W SurfaceFlinger: couldn't log to binary event log: overflow.
08-04 02:42:58.963 12467 12525 I art     : Explicit concurrent mark sweep GC freed 3(96B) AllocSpace objects, 0(0B) LOS objects, 10% free, 135MB/151MB, paused 1.252ms total 47.568ms
08-04 02:42:58.980 12467 12525 I art     : Starting a blocking GC Explicit
08-04 02:42:59.011 12467 12525 I art     : Explicit concurrent mark sweep GC freed 3(96B) AllocSpace objects, 0(0B) LOS objects, 10% free, 135MB/151MB, paused 703us total 30.094ms
08-04 02:42:59.024 12467 12525 I art     : Starting a blocking GC Explicit
08-04 02:42:59.039   512  2967 D audio_hw_primary: disable_audio_route: reset and update mixer path: low-latency-playback speaker
08-04 02:42:59.040   512  2967 D audio_hw_primary: disable_snd_device: snd_device(2: speaker)
08-04 02:42:59.047   512  2967 I soundtrigger: audio_extn_sound_trigger_update_device_status: device 0x2 of type 0 for Event 0
08-04 02:42:59.052 12467 12525 I art     : Explicit concurrent mark sweep GC freed 3(96B) AllocSpace objects, 0(0B) LOS objects, 10% free, 135MB/151MB, paused 703us total 28.102ms
08-04 02:42:59.396 12467 12480 I art     : Starting a blocking GC Explicit
08-04 02:42:59.430 12467 12480 I art     : Explicit concurrent mark sweep GC freed 1633(94KB) AllocSpace objects, 2(36KB) LOS objects, 10% free, 135MB/151MB, paused 862us total 33.236ms
08-04 02:42:59.443 12467 12480 I art     : Starting a blocking GC Explicit
08-04 02:42:59.478 12467 12480 I art     : Explicit concurrent mark sweep GC freed 36(1280B) AllocSpace objects, 0(0B) LOS objects, 10% free, 135MB/151MB, paused 879us total 34.686ms
08-04 02:42:59.491 12467 12480 I art     : Starting a blocking GC Explicit
08-04 02:42:59.526 12467 12480 I art     : Explicit concurrent mark sweep GC freed 3(96B) AllocSpace objects, 0(0B) LOS objects, 10% free, 135MB/151MB, paused 930us total 34.654ms
08-04 02:42:59.539 12467 12480 I art     : Starting a blocking GC Explicit
08-04 02:42:59.575 12467 12480 I art     : Explicit concurrent mark sweep GC freed 36(1008B) AllocSpace objects, 0(0B) LOS objects, 10% free, 135MB/151MB, paused 850us total 35.573ms
08-04 02:42:59.588 12467 12480 I art     : Starting a blocking GC Explicit
08-04 02:42:59.625 12467 12480 I art     : Explicit concurrent mark sweep GC freed 5(384B) AllocSpace objects, 0(0B) LOS objects, 10% free, 135MB/151MB, paused 992us total 36.069ms
08-04 02:42:59.745 13589 13589 I ServiceManager: Waiting for service AtCmdFwd...
08-04 02:42:59.753   518   646 I ThermalEngine: ACTION: GPU - Setting GPU[0] to 450000000
08-04 02:43:00.032 12467 12526 I art     : Starting a blocking GC Explicit
08-04 02:43:00.079 12467 12526 I art     : Explicit concurrent mark sweep GC freed 1593(92KB) AllocSpace objects, 2(36KB) LOS objects, 10% free, 135MB/151MB, paused 1.016ms total 46.165ms
08-04 02:43:00.095 12467 12526 I art     : Starting a blocking GC Explicit
08-04 02:43:00.137 12467 12526 I art     : Explicit concurrent mark sweep GC freed 45(1840B) AllocSpace objects, 0(0B) LOS objects, 10% free, 135MB/151MB, paused 1.127ms total 41.433ms
08-04 02:43:00.154 12467 12526 I art     : Starting a blocking GC Explicit
08-04 02:43:00.198 12467 12526 I art     : Explicit concurrent mark sweep GC freed 3(96B) AllocSpace objects, 0(0B) LOS objects, 10% free, 135MB/151MB, paused 1.116ms total 44.177ms
08-04 02:43:00.216 12467 12526 I art     : Starting a blocking GC Explicit
08-04 02:43:00.265 12467 12526 I art     : Explicit concurrent mark sweep GC freed 3(96B) AllocSpace objects, 0(0B) LOS objects, 10% free, 135MB/151MB, paused 1.139ms total 48.300ms
08-04 02:43:00.285 12467 12526 I art     : Starting a blocking GC Explicit
08-04 02:43:00.336 12467 12526 I art     : Explicit concurrent mark sweep GC freed 3(96B) AllocSpace objects, 0(0B) LOS objects, 10% free, 135MB/151MB, paused 1.153ms total 51.379ms
08-04 02:43:00.745 13589 13589 I ServiceManager: Waiting for service AtCmdFwd...
08-04 02:43:00.757 12467 12479 I art     : Starting a blocking GC Explicit
08-04 02:43:00.816 12467 12479 I art     : Explicit concurrent mark sweep GC freed 1614(93KB) AllocSpace objects, 2(36KB) LOS objects, 10% free, 135MB/151MB, paused 1.102ms total 58.746ms
08-04 02:43:00.838 12467 12479 I art     : Starting a blocking GC Explicit
08-04 02:43:00.890 12467 12479 I art     : Explicit concurrent mark sweep GC freed 28(1024B) AllocSpace objects, 0(0B) LOS objects, 10% free, 135MB/151MB, paused 1.177ms total 51.873ms
08-04 02:43:00.908 12467 12479 I art     : Starting a blocking GC Explicit
08-04 02:43:00.954 12467 12479 I art     : Explicit concurrent mark sweep GC freed 3(96B) AllocSpace objects, 0(0B) LOS objects, 10% free, 135MB/151MB, paused 1.077ms total 46.409ms
08-04 02:43:00.972 12467 12479 I art     : Starting a blocking GC Explicit
08-04 02:43:01.021 12467 12479 I art     : Explicit concurrent mark sweep GC freed 3(96B) AllocSpace objects, 0(0B) LOS objects, 10% free, 135MB/151MB, paused 1.113ms total 49.179ms
08-04 02:43:01.039 12467 12479 I art     : Starting a blocking GC Explicit
08-04 02:43:01.087 12467 12479 I art     : Explicit concurrent mark sweep GC freed 3(96B) AllocSpace objects, 0(0B) LOS objects, 10% free, 135MB/151MB, paused 1.245ms total 47.721ms
08-04 02:43:01.537 12467 13744 I art     : Starting a blocking GC Explicit
08-04 02:43:01.599 12467 13744 I art     : Explicit concurrent mark sweep GC freed 1627(94KB) AllocSpace objects, 2(36KB) LOS objects, 10% free, 135MB/151MB, paused 1.303ms total 60.718ms
08-04 02:43:01.619 12467 13744 I art     : Starting a blocking GC Explicit
08-04 02:43:01.669 12467 13744 I art     : Explicit concurrent mark sweep GC freed 38(1568B) AllocSpace objects, 0(0B) LOS objects, 10% free, 135MB/151MB, paused 1.234ms total 49.561ms
08-04 02:43:01.691 12467 13744 I art     : Starting a blocking GC Explicit
08-04 02:43:01.739 12467 13744 I art     : Explicit concurrent mark sweep GC freed 3(96B) AllocSpace objects, 0(0B) LOS objects, 10% free, 135MB/151MB, paused 1.272ms total 48.308ms
08-04 02:43:01.746 13589 13589 W Atfwd_Sendcmd: AtCmdFwd service not published, waiting... retryCnt : 2
08-04 02:43:01.760 12467 13744 I art     : Starting a blocking GC Explicit
08-04 02:43:01.762   518   646 I ThermalEngine: ACTION: GPU - Setting GPU[0] to 510000000
08-04 02:43:01.806 12467 13744 I art     : Explicit concurrent mark sweep GC freed 3(96B) AllocSpace objects, 0(0B) LOS objects, 10% free, 135MB/151MB, paused 839us total 45.937ms
08-04 02:43:01.820 12467 13744 I art     : Starting a blocking GC Explicit
08-04 02:43:01.857 12467 13744 I art     : Explicit concurrent mark sweep GC freed 3(96B) AllocSpace objects, 0(0B) LOS objects, 10% free, 135MB/151MB, paused 882us total 36.339ms
08-04 02:43:02.239 12467 12525 I art     : Starting a blocking GC Explicit
08-04 02:43:02.291 12467 12525 I art     : Explicit concurrent mark sweep GC freed 1582(91KB) AllocSpace objects, 2(36KB) LOS objects, 10% free, 135MB/151MB, paused 1.565ms total 51.418ms
08-04 02:43:02.310 12467 12525 I art     : Starting a blocking GC Explicit
08-04 02:43:02.348 12467 12525 I art     : Explicit concurrent mark sweep GC freed 28(1024B) AllocSpace objects, 0(0B) LOS objects, 10% free, 135MB/151MB, paused 895us total 38.092ms
08-04 02:43:02.362 12467 12525 I art     : Starting a blocking GC Explicit
08-04 02:43:02.398 12467 12525 I art     : Explicit concurrent mark sweep GC freed 3(96B) AllocSpace objects, 0(0B) LOS objects, 10% free, 135MB/151MB, paused 865us total 36.370ms
08-04 02:43:02.412 12467 12525 I art     : Starting a blocking GC Explicit
08-04 02:43:02.447 12467 12525 I art     : Explicit concurrent mark sweep GC freed 3(96B) AllocSpace objects, 0(0B) LOS objects, 10% free, 135MB/151MB, paused 892us total 35.641ms
08-04 02:43:02.461 12467 12525 I art     : Starting a blocking GC Explicit
08-04 02:43:02.496 12467 12525 I art     : Explicit concurrent mark sweep GC freed 3(96B) AllocSpace objects, 0(0B) LOS objects, 10% free, 135MB/151MB, paused 830us total 34.724ms
08-04 02:43:02.856 12467 12480 I art     : Starting a blocking GC Explicit
08-04 02:43:02.893 12467 12480 I art     : Explicit concurrent mark sweep GC freed 1626(93KB) AllocSpace objects, 2(36KB) LOS objects, 10% free, 135MB/151MB, paused 917us total 36.413ms
08-04 02:43:02.906 12467 12480 I art     : Starting a blocking GC Explicit
08-04 02:43:02.941 12467 12480 I art     : Explicit concurrent mark sweep GC freed 38(1568B) AllocSpace objects, 0(0B) LOS objects, 10% free, 135MB/151MB, paused 917us total 34.029ms
08-04 02:43:02.954 12467 12480 I art     : Starting a blocking GC Explicit
08-04 02:43:02.988   918 13198 D NetlinkSocketObserver: NeighborEvent{elapsedMs=1655586863, 192.168.2.254, [7C3953A63323], RTM_NEWNEIGH, NUD_STALE}
08-04 02:43:02.988 12467 12480 I art     : Explicit concurrent mark sweep GC freed 3(96B) AllocSpace objects, 0(0B) LOS objects, 10% free, 135MB/151MB, paused 847us total 33.707ms
08-04 02:43:03.001 12467 12480 I art     : Starting a blocking GC Explicit
08-04 02:43:03.037 12467 12480 I art     : Explicit concurrent mark sweep GC freed 3(96B) AllocSpace objects, 0(0B) LOS objects, 10% free, 135MB/151MB, paused 838us total 35.350ms
08-04 02:43:03.050 12467 12480 I art     : Starting a blocking GC Explicit
08-04 02:43:03.084 12467 12480 I art     : Explicit concurrent mark sweep GC freed 3(96B) AllocSpace objects, 0(0B) LOS objects, 10% free, 135MB/151MB, paused 831us total 33.685ms
08-04 02:43:03.145 13985 13985 D AndroidRuntime: >>>>>> START com.android.internal.os.RuntimeInit uid 2000 <<<<<<
08-04 02:43:03.150 13985 13985 D AndroidRuntime: CheckJNI is OFF
08-04 02:43:03.184 13985 13985 D ICU     : No timezone override file found: /data/misc/zoneinfo/current/icu/icu_tzdata.dat
08-04 02:43:03.217 13985 13985 I Radio-JNI: register_android_hardware_Radio DONE
08-04 02:43:03.238 13985 13985 D AndroidRuntime: Calling main entry com.android.commands.input.Input
08-04 02:43:03.240 13985 13985 I Input   : injectKeyEvent: KeyEvent { action=ACTION_DOWN, keyCode=KEYCODE_BACK, scanCode=0, metaState=0, flags=0x0, repeatCount=0, eventTime=672199653, downTime=672199653, deviceId=-1, source=0x101 }
08-04 02:43:03.246 13985 13985 I Input   : injectKeyEvent: KeyEvent { action=ACTION_UP, keyCode=KEYCODE_BACK, scanCode=0, metaState=0, flags=0x0, repeatCount=0, eventTime=672199653, downTime=672199653, deviceId=-1, source=0x101 }
08-04 02:43:03.253 13985 13985 D AndroidRuntime: Shutting down VM
08-04 02:43:03.264 12467 12467 V MainActivity: url = https://project-travel-mate.herokuapp.com/api/number-of-unread-notifications
08-04 02:43:03.294 13866 13866 I GoogleInputMethodServic: GoogleInputMethodService.onFinishInput():3138 
08-04 02:43:03.295 13866 13866 I GoogleInputMethodServic: GoogleInputMethodService.onStartInput():1808 
08-04 02:43:03.416 12467 12526 I art     : Starting a blocking GC Explicit
08-04 02:43:03.449 12467 12526 I art     : Explicit concurrent mark sweep GC freed 2041(112KB) AllocSpace objects, 2(36KB) LOS objects, 10% free, 135MB/151MB, paused 777us total 33.139ms
08-04 02:43:03.464 12467 12526 I art     : Starting a blocking GC Explicit
08-04 02:43:03.498 12467 12526 I art     : Explicit concurrent mark sweep GC freed 96(3KB) AllocSpace objects, 0(0B) LOS objects, 10% free, 135MB/151MB, paused 908us total 33.709ms
08-04 02:43:03.511 12467 12526 I art     : Starting a blocking GC Explicit
08-04 02:43:03.545 12467 12526 I art     : Explicit concurrent mark sweep GC freed 7(288B) AllocSpace objects, 0(0B) LOS objects, 10% free, 135MB/151MB, paused 963us total 33.113ms
08-04 02:43:03.558 12467 12526 I art     : Starting a blocking GC Explicit
08-04 02:43:03.595 12467 12526 I art     : Explicit concurrent mark sweep GC freed 34(928B) AllocSpace objects, 0(0B) LOS objects, 10% free, 135MB/151MB, paused 841us total 35.886ms
08-04 02:43:03.598   380   380 W SurfaceFlinger: couldn't log to binary event log: overflow.
08-04 02:43:03.608 12467 12526 I art     : Starting a blocking GC Explicit
08-04 02:43:03.642 12467 12526 I art     : Explicit concurrent mark sweep GC freed 413(18KB) AllocSpace objects, 0(0B) LOS objects, 10% free, 135MB/151MB, paused 974us total 34.141ms
08-04 02:43:03.751 12467 14006 I NAPPA_EXPERIMENTATION: MetricNetworkRequestExecutionTime: REQUEST_DURATION_SYSTEM='484',REQUEST_DURATION_OKHTTP='30',REQUEST_SYNCHRONOUS='FALSE',RESPONSE_CODE='200',RESPONSE_METHOD='GET',RESPONSE_LENGTH_OKHTTP='36',RESPONSE_LENGTH_HEADER='36',REQUEST_PROTOCOL='http/1.1',REQUEST_URL='https://project-travel-mate.herokuapp.com/api/number-of-unread-notifications',
08-04 02:43:03.982 12467 12525 I art     : Starting a blocking GC Explicit
08-04 02:43:04.033 12467 12525 I art     : Explicit concurrent mark sweep GC freed 4519(246KB) AllocSpace objects, 5(236KB) LOS objects, 10% free, 135MB/151MB, paused 984us total 51.164ms
08-04 02:43:04.050 12467 12525 I art     : Starting a blocking GC Explicit
08-04 02:43:04.087 12467 12525 I art     : Explicit concurrent mark sweep GC freed 962(117KB) AllocSpace objects, 0(0B) LOS objects, 10% free, 135MB/151MB, paused 904us total 36.706ms
08-04 02:43:04.101 12467 12525 I art     : Starting a blocking GC Explicit
08-04 02:43:04.138 12467 12525 I art     : Explicit concurrent mark sweep GC freed 15(752B) AllocSpace objects, 0(0B) LOS objects, 10% free, 135MB/151MB, paused 947us total 36.827ms
08-04 02:43:04.151 12467 12525 I art     : Starting a blocking GC Explicit
08-04 02:43:04.188 12467 12525 I art     : Explicit concurrent mark sweep GC freed 13(640B) AllocSpace objects, 0(0B) LOS objects, 10% free, 135MB/151MB, paused 925us total 36.589ms
08-04 02:43:04.202 12467 12525 I art     : Starting a blocking GC Explicit
08-04 02:43:04.238 12467 12525 I art     : Explicit concurrent mark sweep GC freed 3(96B) AllocSpace objects, 0(0B) LOS objects, 10% free, 135MB/151MB, paused 907us total 36.647ms
08-04 02:43:04.587 12467 12479 I art     : Starting a blocking GC Explicit
08-04 02:43:04.629 12467 12479 I art     : Explicit concurrent mark sweep GC freed 1613(92KB) AllocSpace objects, 2(36KB) LOS objects, 10% free, 135MB/151MB, paused 924us total 42.006ms
08-04 02:43:04.642 12467 12479 I art     : Starting a blocking GC Explicit
08-04 02:43:04.676 12467 12479 I art     : Explicit concurrent mark sweep GC freed 28(1024B) AllocSpace objects, 0(0B) LOS objects, 10% free, 135MB/151MB, paused 838us total 33.681ms
08-04 02:43:04.689 12467 12479 I art     : Starting a blocking GC Explicit
08-04 02:43:04.723 12467 12479 I art     : Explicit concurrent mark sweep GC freed 3(96B) AllocSpace objects, 0(0B) LOS objects, 10% free, 135MB/151MB, paused 864us total 33.796ms
08-04 02:43:04.736 12467 12479 I art     : Starting a blocking GC Explicit
08-04 02:43:04.771 12467 12479 I art     : Explicit concurrent mark sweep GC freed 3(96B) AllocSpace objects, 0(0B) LOS objects, 10% free, 135MB/151MB, paused 911us total 34.383ms
08-04 02:43:04.784 12467 12479 I art     : Starting a blocking GC Explicit
08-04 02:43:04.818 12467 12479 I art     : Explicit concurrent mark sweep GC freed 3(96B) AllocSpace objects, 0(0B) LOS objects, 10% free, 135MB/151MB, paused 838us total 33.400ms
08-04 02:43:04.907 14034 14034 D AndroidRuntime: >>>>>> START com.android.internal.os.RuntimeInit uid 2000 <<<<<<
08-04 02:43:04.914 14034 14034 D AndroidRuntime: CheckJNI is OFF
08-04 02:43:04.953 14034 14034 D ICU     : No timezone override file found: /data/misc/zoneinfo/current/icu/icu_tzdata.dat
08-04 02:43:04.990 14034 14034 I Radio-JNI: register_android_hardware_Radio DONE
08-04 02:43:05.014 14034 14034 D AndroidRuntime: Calling main entry com.android.commands.input.Input
08-04 02:43:05.017 14034 14034 I Input   : injectMotionEvent: MotionEvent { action=ACTION_DOWN, actionButton=0, id[0]=0, x[0]=657.0, y[0]=2037.0, toolType[0]=TOOL_TYPE_UNKNOWN, buttonState=0, metaState=0, flags=0x0, edgeFlags=0x0, pointerCount=1, historySize=0, eventTime=672201429, downTime=672201429, deviceId=0, source=0x1002 }
08-04 02:43:05.023 14034 14034 I Input   : injectMotionEvent: MotionEvent { action=ACTION_UP, actionButton=0, id[0]=0, x[0]=657.0, y[0]=2037.0, toolType[0]=TOOL_TYPE_UNKNOWN, buttonState=0, metaState=0, flags=0x0, edgeFlags=0x0, pointerCount=1, historySize=0, eventTime=672201429, downTime=672201429, deviceId=0, source=0x1002 }
08-04 02:43:05.024 14034 14034 D AndroidRuntime: Shutting down VM
08-04 02:43:05.036   918  6110 I ActivityManager: START u0 {cmp=baseline.io.github.project_travel_mate/.utilities.CompassActivity} from uid 10650 on display 0
08-04 02:43:05.039   512  2967 D audio_hw_primary: out_set_parameters: enter: usecase(1: low-latency-playback) kvpairs: routing=2
08-04 02:43:05.052   512  2967 D audio_hw_primary: select_devices: out_snd_device(2: speaker) in_snd_device(0: none)
08-04 02:43:05.052   512  2967 D msm8974_platform: platform_send_audio_calibration: sending audio calibration for snd_device(2) acdb_id(15)
08-04 02:43:05.052   512  2967 I soundtrigger: audio_extn_sound_trigger_update_device_status: device 0x2 of type 0 for Event 1
08-04 02:43:05.062   512  2967 D audio_hw_primary: enable_snd_device: snd_device(2: speaker)
08-04 02:43:05.064   512  2967 D audio_hw_primary: enable_audio_route: apply and update mixer path: low-latency-playback speaker
08-04 02:43:05.169 12467 12479 I art     : Starting a blocking GC Explicit
08-04 02:43:05.204 12467 12479 I art     : Explicit concurrent mark sweep GC freed 80(4KB) AllocSpace objects, 0(0B) LOS objects, 7% free, 184MB/200MB, paused 998us total 34.832ms
08-04 02:43:05.217 12467 12479 I art     : Starting a blocking GC Explicit
08-04 02:43:05.250 12467 12479 I art     : Explicit concurrent mark sweep GC freed 3(96B) AllocSpace objects, 0(0B) LOS objects, 7% free, 184MB/200MB, paused 906us total 32.128ms
08-04 02:43:05.262 12467 12479 I art     : Starting a blocking GC Explicit
08-04 02:43:05.295 12467 12479 I art     : Explicit concurrent mark sweep GC freed 3(96B) AllocSpace objects, 0(0B) LOS objects, 7% free, 184MB/200MB, paused 927us total 31.873ms
08-04 02:43:05.308 12467 12479 I art     : Starting a blocking GC Explicit
08-04 02:43:05.342 12467 12479 I art     : Explicit concurrent mark sweep GC freed 3(96B) AllocSpace objects, 0(0B) LOS objects, 7% free, 184MB/200MB, paused 941us total 33.383ms
08-04 02:43:05.355 12467 12479 I art     : Starting a blocking GC Explicit
08-04 02:43:05.387 12467 12479 I art     : Explicit concurrent mark sweep GC freed 3(96B) AllocSpace objects, 0(0B) LOS objects, 7% free, 184MB/200MB, paused 1.012ms total 32.194ms
08-04 02:43:05.482 12467 12467 D CompassActivity: start compass
08-04 02:43:05.483   918  4400 I sensors : batch
08-04 02:43:05.483   918  4400 I sensors : activate
08-04 02:43:05.484   918  6110 I sensors : batch
08-04 02:43:05.484   918  6110 I sensors : activate
08-04 02:43:05.490   918  3188 I hubconnection: sensorhub said: 'batch 1 flags:0, sampling_rate_Hz:50.00, max_report_latency_us:0'
08-04 02:43:05.491   918  3188 I hubconnection: sensorhub said: 'activate 1 enable:1'
08-04 02:43:05.492   918  3188 I hubconnection: sensorhub said: 'batch 3 flags:0, sampling_rate_Hz:50.00, max_report_latency_us:0'
08-04 02:43:05.493   918  3188 I hubconnection: sensorhub said: 'activate 3 enable:1'
08-04 02:43:05.608   512  2967 D audio_hw_primary: disable_audio_route: reset and update mixer path: low-latency-playback speaker
08-04 02:43:05.609   512  2967 D audio_hw_primary: disable_snd_device: snd_device(2: speaker)
08-04 02:43:05.617   512  2967 I soundtrigger: audio_extn_sound_trigger_update_device_status: device 0x2 of type 0 for Event 0
08-04 02:43:05.660 12467 12467 D CompassActivity: will set rotation from 0.0 to 178.27405
08-04 02:43:05.670 13866 13866 I GoogleInputMethodServic: GoogleInputMethodService.onFinishInput():3138 
08-04 02:43:05.670 12467 12467 D CompassActivity: will set rotation from 178.27405 to 178.0133
08-04 02:43:05.670 12467 12467 D CompassActivity: will set rotation from 178.0133 to 178.0119
08-04 02:43:05.671   918   936 I ActivityManager: Displayed baseline.io.github.project_travel_mate/.utilities.CompassActivity: +619ms
08-04 02:43:05.671 13866 13866 I GoogleInputMethodServic: GoogleInputMethodService.onStartInput():1808 
08-04 02:43:05.728 12467 12526 I art     : Starting a blocking GC Explicit
08-04 02:43:05.742 12467 12467 D CompassActivity: will set rotation from 178.0119 to 177.90369
08-04 02:43:05.742 12467 12467 D CompassActivity: will set rotation from 177.90369 to 177.90076
08-04 02:43:05.742 12467 12467 D CompassActivity: will set rotation from 177.90076 to 177.92761
08-04 02:43:05.742 12467 12467 D CompassActivity: will set rotation from 177.92761 to 177.9165
08-04 02:43:05.742 12467 12467 D CompassActivity: will set rotation from 177.9165 to 177.75696
08-04 02:43:05.742 12467 12467 D CompassActivity: will set rotation from 177.75696 to 177.75366
08-04 02:43:05.765 12467 12526 I art     : Explicit concurrent mark sweep GC freed 1918(110KB) AllocSpace objects, 2(36KB) LOS objects, 7% free, 187MB/203MB, paused 796us total 36.625ms
08-04 02:43:05.772 12467 12467 D CompassActivity: will set rotation from 177.75366 to 177.71252
08-04 02:43:05.773 12467 12467 D CompassActivity: will set rotation from 177.71252 to 177.716
08-04 02:43:05.773 12467 12467 D CompassActivity: will set rotation from 177.716 to 177.75574
08-04 02:43:05.773 12467 12467 D CompassActivity: will set rotation from 177.75574 to 177.7583
08-04 02:43:05.779 12467 12526 I art     : Starting a blocking GC Explicit
08-04 02:43:05.785 12467 12467 D CompassActivity: will set rotation from 177.7583 to 177.92627
08-04 02:43:05.786 12467 12467 D CompassActivity: will set rotation from 177.92627 to 177.92542
08-04 02:43:05.805 12467 12467 D CompassActivity: will set rotation from 177.92542 to 177.9303
08-04 02:43:05.805 12467 12467 D CompassActivity: will set rotation from 177.9303 to 177.92249
08-04 02:43:05.809 12467 12526 I art     : Explicit concurrent mark sweep GC freed 224(10KB) AllocSpace objects, 0(0B) LOS objects, 7% free, 187MB/203MB, paused 762us total 30.436ms
08-04 02:43:05.822 12467 12526 I art     : Starting a blocking GC Explicit
08-04 02:43:05.825 12467 12467 D CompassActivity: will set rotation from 177.92249 to 177.99048
08-04 02:43:05.825 12467 12467 D CompassActivity: will set rotation from 177.99048 to 177.99078
08-04 02:43:05.845 12467 12467 D CompassActivity: will set rotation from 177.99078 to 177.9906
08-04 02:43:05.845 12467 12467 D CompassActivity: will set rotation from 177.9906 to 177.99121
08-04 02:43:05.852 12467 12526 I art     : Explicit concurrent mark sweep GC freed 134(6KB) AllocSpace objects, 0(0B) LOS objects, 7% free, 187MB/203MB, paused 790us total 30.139ms
08-04 02:43:05.864 12467 12467 D CompassActivity: will set rotation from 177.99121 to 178.13977
08-04 02:43:05.865 12467 12467 D CompassActivity: will set rotation from 178.13977 to 178.1399
08-04 02:43:05.865 12467 12526 I art     : Starting a blocking GC Explicit
08-04 02:43:05.885 12467 12467 D CompassActivity: will set rotation from 178.1399 to 178.13135
08-04 02:43:05.886 12467 12467 D CompassActivity: will set rotation from 178.13135 to 178.13318
08-04 02:43:05.902 12467 12526 I art     : Explicit concurrent mark sweep GC freed 100(5KB) AllocSpace objects, 0(0B) LOS objects, 7% free, 187MB/203MB, paused 859us total 36.981ms
08-04 02:43:05.906 12467 12467 D CompassActivity: will set rotation from 178.13318 to 178.25177
08-04 02:43:05.907 12467 12467 D CompassActivity: will set rotation from 178.25177 to 178.24829
08-04 02:43:05.917 12467 12526 I art     : Starting a blocking GC Explicit
08-04 02:43:05.918   380   380 W SurfaceFlinger: couldn't log to binary event log: overflow.
08-04 02:43:05.924 12467 12467 D CompassActivity: will set rotation from 178.24829 to 178.31262
08-04 02:43:05.925 12467 12467 D CompassActivity: will set rotation from 178.31262 to 178.3125
08-04 02:43:05.944 12467 12467 D CompassActivity: will set rotation from 178.3125 to 178.29425
08-04 02:43:05.945 12467 12467 D CompassActivity: will set rotation from 178.29425 to 178.29407
08-04 02:43:05.950 12467 12526 I art     : Explicit concurrent mark sweep GC freed 97(5KB) AllocSpace objects, 0(0B) LOS objects, 7% free, 187MB/203MB, paused 825us total 32.929ms
08-04 02:43:05.965 12467 12467 D CompassActivity: will set rotation from 178.29407 to 178.35065
08-04 02:43:05.965 12467 12467 D CompassActivity: will set rotation from 178.35065 to 178.34863
08-04 02:43:05.984 12467 12467 D CompassActivity: will set rotation from 178.34863 to 178.32898
08-04 02:43:05.985 12467 12467 D CompassActivity: will set rotation from 178.32898 to 178.33002
08-04 02:43:06.004 12467 12467 D CompassActivity: will set rotation from 178.33002 to 178.4212
08-04 02:43:06.004 12467 12467 D CompassActivity: will set rotation from 178.4212 to 178.42023
08-04 02:43:06.024 12467 12467 D CompassActivity: will set rotation from 178.42023 to 178.46747
08-04 02:43:06.024 12467 12467 D CompassActivity: will set rotation from 178.46747 to 178.46582
08-04 02:43:06.105 12467 12467 D CompassActivity: will set rotation from 178.46582 to 178.47845
08-04 02:43:06.105 12467 12467 D CompassActivity: will set rotation from 178.47845 to 178.4787
08-04 02:43:06.105 12467 12467 D CompassActivity: will set rotation from 178.4787 to 178.49103
08-04 02:43:06.105 12467 12467 D CompassActivity: will set rotation from 178.49103 to 178.49207
08-04 02:43:06.105 12467 12467 D CompassActivity: will set rotation from 178.49207 to 178.4701
08-04 02:43:06.107 12467 12467 D CompassActivity: will set rotation from 178.4701 to 178.47046
08-04 02:43:06.107 12467 12467 D CompassActivity: will set rotation from 178.47046 to 178.44818
08-04 02:43:06.107 12467 12467 D CompassActivity: will set rotation from 178.44818 to 178.44604
08-04 02:43:06.125 12467 12467 D CompassActivity: will set rotation from 178.44604 to 178.48303
08-04 02:43:06.125 12467 12467 D CompassActivity: will set rotation from 178.48303 to 178.48474
08-04 02:43:06.143 12467 12467 D CompassActivity: will set rotation from 178.48474 to 178.52087
08-04 02:43:06.144 12467 12467 D CompassActivity: will set rotation from 178.52087 to 178.52344
08-04 02:43:06.163 12467 12467 D CompassActivity: will set rotation from 178.52344 to 178.57898
08-04 02:43:06.164 12467 12467 D CompassActivity: will set rotation from 178.57898 to 178.57849
08-04 02:43:06.183 12467 12467 D CompassActivity: will set rotation from 178.57849 to 178.57764
08-04 02:43:06.183 12467 12467 D CompassActivity: will set rotation from 178.57764 to 178.57959
08-04 02:43:06.204 12467 12467 D CompassActivity: will set rotation from 178.57959 to 178.55756
08-04 02:43:06.204 12467 12467 D CompassActivity: will set rotation from 178.55756 to 178.55762
08-04 02:43:06.223 12467 12467 D CompassActivity: will set rotation from 178.55762 to 178.55725
08-04 02:43:06.223 12467 12467 D CompassActivity: will set rotation from 178.55725 to 178.5553
08-04 02:43:06.243 12467 12467 D CompassActivity: will set rotation from 178.5553 to 178.55872
08-04 02:43:06.244 12467 12467 D CompassActivity: will set rotation from 178.55872 to 178.55933
08-04 02:43:06.263 12467 12467 D CompassActivity: will set rotation from 178.55933 to 178.56488
08-04 02:43:06.264 12467 12467 D CompassActivity: will set rotation from 178.56488 to 178.565
08-04 02:43:06.283 12467 12467 D CompassActivity: will set rotation from 178.565 to 178.57135
08-04 02:43:06.284 12467 12467 D CompassActivity: will set rotation from 178.57135 to 178.57153
08-04 02:43:06.288 12467 13744 I art     : Starting a blocking GC Explicit
08-04 02:43:06.305 12467 12467 D CompassActivity: will set rotation from 178.57153 to 178.56995
08-04 02:43:06.306 12467 12467 D CompassActivity: will set rotation from 178.56995 to 178.56763
08-04 02:43:06.324 12467 12467 D CompassActivity: will set rotation from 178.56763 to 178.59021
08-04 02:43:06.325 12467 12467 D CompassActivity: will set rotation from 178.59021 to 178.58685
08-04 02:43:06.332 12467 13744 I art     : Explicit concurrent mark sweep GC freed 1968(116KB) AllocSpace objects, 2(36KB) LOS objects, 7% free, 187MB/203MB, paused 913us total 43.879ms
08-04 02:43:06.343 12467 12467 D CompassActivity: will set rotation from 178.58685 to 178.58557
08-04 02:43:06.344 12467 12467 D CompassActivity: will set rotation from 178.58557 to 178.58551
08-04 02:43:06.349 12467 13744 I art     : Starting a blocking GC Explicit
08-04 02:43:06.363 12467 12467 D CompassActivity: will set rotation from 178.58551 to 178.58539
08-04 02:43:06.364 12467 12467 D CompassActivity: will set rotation from 178.58539 to 178.58582
08-04 02:43:06.383 12467 12467 D CompassActivity: will set rotation from 178.58582 to 178.56158
08-04 02:43:06.383 12467 12467 D CompassActivity: will set rotation from 178.56158 to 178.56152
08-04 02:43:06.390 12467 13744 I art     : Explicit concurrent mark sweep GC freed 597(24KB) AllocSpace objects, 0(0B) LOS objects, 7% free, 187MB/203MB, paused 768us total 40.969ms
08-04 02:43:06.405 12467 13744 I art     : Starting a blocking GC Explicit
08-04 02:43:06.405 12467 12467 D CompassActivity: will set rotation from 178.56152 to 178.54065
08-04 02:43:06.405 12467 12467 D CompassActivity: will set rotation from 178.54065 to 178.54053
08-04 02:43:06.423 12467 12467 D CompassActivity: will set rotation from 178.54053 to 178.54272
08-04 02:43:06.423 12467 12467 D CompassActivity: will set rotation from 178.54272 to 178.5415
08-04 02:43:06.443 12467 12467 D CompassActivity: will set rotation from 178.5415 to 178.58344
08-04 02:43:06.444 12467 13744 I art     : Explicit concurrent mark sweep GC freed 117(5KB) AllocSpace objects, 0(0B) LOS objects, 7% free, 187MB/203MB, paused 759us total 38.799ms
08-04 02:43:06.444 12467 12467 D CompassActivity: will set rotation from 178.58344 to 178.58057
08-04 02:43:06.459 12467 13744 I art     : Starting a blocking GC Explicit
08-04 02:43:06.462 12467 12467 D CompassActivity: will set rotation from 178.58057 to 178.61987
08-04 02:43:06.463 12467 12467 D CompassActivity: will set rotation from 178.61987 to 178.61761
08-04 02:43:06.482 12467 12467 D CompassActivity: will set rotation from 178.61761 to 178.6341
08-04 02:43:06.483 12467 12467 D CompassActivity: will set rotation from 178.6341 to 178.63135
08-04 02:43:06.497 12467 13744 I art     : Explicit concurrent mark sweep GC freed 91(4KB) AllocSpace objects, 0(0B) LOS objects, 7% free, 187MB/203MB, paused 1.012ms total 37.993ms
08-04 02:43:06.505 12467 12467 D CompassActivity: will set rotation from 178.63135 to 178.72742
08-04 02:43:06.505 12467 12467 D CompassActivity: will set rotation from 178.72742 to 178.72852
08-04 02:43:06.513 12467 13744 I art     : Starting a blocking GC Explicit
08-04 02:43:06.523 12467 12467 D CompassActivity: will set rotation from 178.72852 to 178.86212
08-04 02:43:06.524 12467 12467 D CompassActivity: will set rotation from 178.86212 to 178.86316
08-04 02:43:06.542 12467 12467 D CompassActivity: will set rotation from 178.86316 to 179.00665
08-04 02:43:06.543 12467 12467 D CompassActivity: will set rotation from 179.00665 to 179.00684
08-04 02:43:06.557 12467 13744 I art     : Explicit concurrent mark sweep GC freed 145(6KB) AllocSpace objects, 0(0B) LOS objects, 7% free, 187MB/203MB, paused 1.116ms total 43.683ms
08-04 02:43:06.563 12467 12467 D CompassActivity: will set rotation from 179.00684 to 179.10797
08-04 02:43:06.563 12467 12467 D CompassActivity: will set rotation from 179.10797 to 179.10913
08-04 02:43:06.582 12467 12467 D CompassActivity: will set rotation from 179.10913 to 179.22333
08-04 02:43:06.583 12467 12467 D CompassActivity: will set rotation from 179.22333 to 179.22394
08-04 02:43:06.604 12467 12467 D CompassActivity: will set rotation from 179.22394 to 179.35205
08-04 02:43:06.604 12467 12467 D CompassActivity: will set rotation from 179.35205 to 179.35083
08-04 02:43:06.622 12467 12467 D CompassActivity: will set rotation from 179.35083 to 179.4544
08-04 02:43:06.623 12467 12467 D CompassActivity: will set rotation from 179.4544 to 179.45227
08-04 02:43:06.642 12467 12467 D CompassActivity: will set rotation from 179.45227 to 179.5318
08-04 02:43:06.642 12467 12467 D CompassActivity: will set rotation from 179.5318 to 179.53033
08-04 02:43:06.662 12467 12467 D CompassActivity: will set rotation from 179.53033 to 179.64355
08-04 02:43:06.663 12467 12467 D CompassActivity: will set rotation from 179.64355 to 179.64368
08-04 02:43:06.682 12467 12467 D CompassActivity: will set rotation from 179.64368 to 179.75293
08-04 02:43:06.683 12467 12467 D CompassActivity: will set rotation from 179.75293 to 179.7528
08-04 02:43:06.706 12467 12467 D CompassActivity: will set rotation from 179.7528 to 179.69287
08-04 02:43:06.706 12467 12467 D CompassActivity: will set rotation from 179.69287 to 179.69226
08-04 02:43:06.725 12467 12467 D CompassActivity: will set rotation from 179.69226 to 179.7973
08-04 02:43:06.725 12467 12467 D CompassActivity: will set rotation from 179.7973 to 179.7962
08-04 02:43:06.742 12467 12467 D CompassActivity: will set rotation from 179.7962 to 179.84235
08-04 02:43:06.742 12467 12467 D CompassActivity: will set rotation from 179.84235 to 179.84222
08-04 02:43:06.761 12467 12467 D CompassActivity: will set rotation from 179.84222 to 179.94183
08-04 02:43:06.762 12467 12467 D CompassActivity: will set rotation from 179.94183 to 179.9422
08-04 02:43:06.781 12467 12467 D CompassActivity: will set rotation from 179.9422 to 179.92981
08-04 02:43:06.782 12467 12467 D CompassActivity: will set rotation from 179.92981 to 179.92957
08-04 02:43:06.805 12467 12467 D CompassActivity: will set rotation from 179.92957 to 179.9201
08-04 02:43:06.806 12467 12467 D CompassActivity: will set rotation from 179.9201 to 179.91833
08-04 02:43:06.822 12467 12467 D CompassActivity: will set rotation from 179.91833 to 179.92365
08-04 02:43:06.823 12467 12467 D CompassActivity: will set rotation from 179.92365 to 179.92163
08-04 02:43:06.841 12467 12467 D CompassActivity: will set rotation from 179.92163 to 179.91003
08-04 02:43:06.841 12467 12467 D CompassActivity: will set rotation from 179.91003 to 179.90942
08-04 02:43:06.860 12467 12467 D CompassActivity: will set rotation from 179.90942 to 179.89734
08-04 02:43:06.861 12467 12467 D CompassActivity: will set rotation from 179.89734 to 179.89697
08-04 02:43:06.881 12467 12467 D CompassActivity: will set rotation from 179.89697 to 179.86816
08-04 02:43:06.881 12467 12467 D CompassActivity: will set rotation from 179.86816 to 179.86816
08-04 02:43:06.901 12467 12467 D CompassActivity: will set rotation from 179.86816 to 179.87585
08-04 02:43:06.902 12467 12467 D CompassActivity: will set rotation from 179.87585 to 179.87402
08-04 02:43:06.924 12467 12467 D CompassActivity: will set rotation from 179.87402 to 179.82904
08-04 02:43:06.925 12467 12467 D CompassActivity: will set rotation from 179.82904 to 179.8269
08-04 02:43:06.937 12467 12479 I art     : Starting a blocking GC Explicit
08-04 02:43:06.941 12467 12467 D CompassActivity: will set rotation from 179.8269 to 179.81702
08-04 02:43:06.941 12467 12467 D CompassActivity: will set rotation from 179.81702 to 179.81683
08-04 02:43:06.962 12467 12467 D CompassActivity: will set rotation from 179.81683 to 179.79102
08-04 02:43:06.963 12467 12467 D CompassActivity: will set rotation from 179.79102 to 179.79077
08-04 02:43:06.981 12467 12467 D CompassActivity: will set rotation from 179.79077 to 179.78375
08-04 02:43:06.981 12467 12467 D CompassActivity: will set rotation from 179.78375 to 179.78394
08-04 02:43:06.982 12467 12479 I art     : Explicit concurrent mark sweep GC freed 1995(117KB) AllocSpace objects, 2(36KB) LOS objects, 7% free, 187MB/203MB, paused 892us total 44.674ms
08-04 02:43:06.999 12467 12479 I art     : Starting a blocking GC Explicit
08-04 02:43:07.001 12467 12467 D CompassActivity: will set rotation from 179.78394 to 179.77472
08-04 02:43:07.002 12467 12467 D CompassActivity: will set rotation from 179.77472 to 179.7749
08-04 02:43:07.022 12467 12467 D CompassActivity: will set rotation from 179.7749 to 179.76709
08-04 02:43:07.023 12467 12467 D CompassActivity: will set rotation from 179.76709 to 179.7677
08-04 02:43:07.042 12467 12467 D CompassActivity: will set rotation from 179.7677 to 179.79431
08-04 02:43:07.042 12467 12467 D CompassActivity: will set rotation from 179.79431 to 179.79437
08-04 02:43:07.042 12467 12479 I art     : Explicit concurrent mark sweep GC freed 695(27KB) AllocSpace objects, 0(0B) LOS objects, 7% free, 187MB/203MB, paused 776us total 43.392ms
08-04 02:43:07.058 12467 12479 I art     : Starting a blocking GC Explicit
08-04 02:43:07.061 12467 12467 D CompassActivity: will set rotation from 179.79437 to 179.77075
08-04 02:43:07.061 12467 12467 D CompassActivity: will set rotation from 179.77075 to 179.76965
08-04 02:43:07.080 12467 12467 D CompassActivity: will set rotation from 179.76965 to 179.76428
08-04 02:43:07.080 12467 12467 D CompassActivity: will set rotation from 179.76428 to 179.7644
08-04 02:43:07.101 12467 12467 D CompassActivity: will set rotation from 179.7644 to 179.74274
08-04 02:43:07.101 12467 12479 I art     : Explicit concurrent mark sweep GC freed 116(5KB) AllocSpace objects, 0(0B) LOS objects, 7% free, 187MB/203MB, paused 879us total 42.941ms
08-04 02:43:07.101 12467 12467 D CompassActivity: will set rotation from 179.74274 to 179.74365
08-04 02:43:07.118 12467 12479 I art     : Starting a blocking GC Explicit
08-04 02:43:07.124 12467 12467 D CompassActivity: will set rotation from 179.74365 to 179.71942
08-04 02:43:07.125 12467 12467 D CompassActivity: will set rotation from 179.71942 to 179.71771
08-04 02:43:07.141 12467 12467 D CompassActivity: will set rotation from 179.71771 to 179.71179
08-04 02:43:07.141 12467 12467 D CompassActivity: will set rotation from 179.71179 to 179.71204
08-04 02:43:07.161 12467 12479 I art     : Explicit concurrent mark sweep GC freed 144(7KB) AllocSpace objects, 0(0B) LOS objects, 7% free, 187MB/203MB, paused 912us total 42.934ms
08-04 02:43:07.162 12467 12467 D CompassActivity: will set rotation from 179.71204 to 179.69073
08-04 02:43:07.163 12467 12467 D CompassActivity: will set rotation from 179.69073 to 179.69104
08-04 02:43:07.178 12467 12479 I art     : Starting a blocking GC Explicit
08-04 02:43:07.180 12467 12467 D CompassActivity: will set rotation from 179.69104 to 179.68518
08-04 02:43:07.180 12467 12467 D CompassActivity: will set rotation from 179.68518 to 179.68665
08-04 02:43:07.200 12467 12467 D CompassActivity: will set rotation from 179.68665 to 179.64734
08-04 02:43:07.200 12467 12467 D CompassActivity: will set rotation from 179.64734 to 179.646
08-04 02:43:07.220 12467 12479 I art     : Explicit concurrent mark sweep GC freed 158(7KB) AllocSpace objects, 0(0B) LOS objects, 7% free, 187MB/203MB, paused 992us total 42.287ms
08-04 02:43:07.222 12467 12467 D CompassActivity: will set rotation from 179.646 to 179.6947
08-04 02:43:07.222 12467 12467 D CompassActivity: will set rotation from 179.6947 to 179.69409
08-04 02:43:07.240 12467 12467 D CompassActivity: will set rotation from 179.69409 to 179.68738
08-04 02:43:07.241 12467 12467 D CompassActivity: will set rotation from 179.68738 to 179.6867
08-04 02:43:07.260 12467 12467 D CompassActivity: will set rotation from 179.6867 to 179.66711
08-04 02:43:07.260 12467 12467 D CompassActivity: will set rotation from 179.66711 to 179.66467
08-04 02:43:07.279 12467 12467 D CompassActivity: will set rotation from 179.66467 to 179.67725
08-04 02:43:07.279 12467 12467 D CompassActivity: will set rotation from 179.67725 to 179.67719
08-04 02:43:07.300 12467 12467 D CompassActivity: will set rotation from 179.67719 to 179.69104
08-04 02:43:07.300 12467 12467 D CompassActivity: will set rotation from 179.69104 to 179.69208
08-04 02:43:07.321 12467 12467 D CompassActivity: will set rotation from 179.69208 to 179.68549
08-04 02:43:07.322 12467 12467 D CompassActivity: will set rotation from 179.68549 to 179.68427
08-04 02:43:07.340 12467 12467 D CompassActivity: will set rotation from 179.68427 to 179.68024
08-04 02:43:07.341 12467 12467 D CompassActivity: will set rotation from 179.68024 to 179.68091
08-04 02:43:07.359 12467 12467 D CompassActivity: will set rotation from 179.68091 to 179.6922
08-04 02:43:07.360 12467 12467 D CompassActivity: will set rotation from 179.6922 to 179.69446
08-04 02:43:07.379 12467 12467 D CompassActivity: will set rotation from 179.69446 to 179.67517
08-04 02:43:07.379 12467 12467 D CompassActivity: will set rotation from 179.67517 to 179.67542
08-04 02:43:07.399 12467 12467 D CompassActivity: will set rotation from 179.67542 to 179.65503
08-04 02:43:07.399 12467 12467 D CompassActivity: will set rotation from 179.65503 to 179.65527
08-04 02:43:07.421 12467 12467 D CompassActivity: will set rotation from 179.65527 to 179.65155
08-04 02:43:07.423 12467 12467 D CompassActivity: will set rotation from 179.65155 to 179.651
08-04 02:43:07.441 12467 12467 D CompassActivity: will set rotation from 179.651 to 179.66248
08-04 02:43:07.441 12467 12467 D CompassActivity: will set rotation from 179.66248 to 179.66461
08-04 02:43:07.462 12467 12467 D CompassActivity: will set rotation from 179.66461 to 179.62823
08-04 02:43:07.463 12467 12467 D CompassActivity: will set rotation from 179.62823 to 179.63019
08-04 02:43:07.478 12467 12467 D CompassActivity: will set rotation from 179.63019 to 179.59595
08-04 02:43:07.478 12467 12467 D CompassActivity: will set rotation from 179.59595 to 179.59607
08-04 02:43:07.498 12467 12467 D CompassActivity: will set rotation from 179.59607 to 179.60803
08-04 02:43:07.498 12467 12467 D CompassActivity: will set rotation from 179.60803 to 179.60803
08-04 02:43:07.518 12467 12467 D CompassActivity: will set rotation from 179.60803 to 179.59015
08-04 02:43:07.519 12467 12467 D CompassActivity: will set rotation from 179.59015 to 179.58905
08-04 02:43:07.540 12467 12467 D CompassActivity: will set rotation from 179.58905 to 179.58661
08-04 02:43:07.540 12467 12467 D CompassActivity: will set rotation from 179.58661 to 179.5863
08-04 02:43:07.558 12467 12467 D CompassActivity: will set rotation from 179.5863 to 179.58405
08-04 02:43:07.559 12467 12467 D CompassActivity: will set rotation from 179.58405 to 179.58423
08-04 02:43:07.578 12467 12467 D CompassActivity: will set rotation from 179.58423 to 179.54993
08-04 02:43:07.579 12467 12467 D CompassActivity: will set rotation from 179.54993 to 179.54962
08-04 02:43:07.581 12467 12480 I art     : Starting a blocking GC Explicit
08-04 02:43:07.598 12467 12467 D CompassActivity: will set rotation from 179.54962 to 179.54846
08-04 02:43:07.599 12467 12467 D CompassActivity: will set rotation from 179.54846 to 179.54755
08-04 02:43:07.619 12467 12467 D CompassActivity: will set rotation from 179.54755 to 179.54883
08-04 02:43:07.620 12467 12467 D CompassActivity: will set rotation from 179.54883 to 179.54895
08-04 02:43:07.627 12467 12480 I art     : Explicit concurrent mark sweep GC freed 1979(117KB) AllocSpace objects, 2(36KB) LOS objects, 7% free, 187MB/203MB, paused 878us total 45.569ms
08-04 02:43:07.642 12467 12467 D CompassActivity: will set rotation from 179.54895 to 179.56274
08-04 02:43:07.642 12467 12480 I art     : Starting a blocking GC Explicit
08-04 02:43:07.644 12467 12467 D CompassActivity: will set rotation from 179.56274 to 179.56232
08-04 02:43:07.660 12467 12467 D CompassActivity: will set rotation from 179.56232 to 179.5445
08-04 02:43:07.661 12467 12467 D CompassActivity: will set rotation from 179.5445 to 179.54614
08-04 02:43:07.677 12467 12467 D CompassActivity: will set rotation from 179.54614 to 179.54681
08-04 02:43:07.678 12467 12467 D CompassActivity: will set rotation from 179.54681 to 179.54614
08-04 02:43:07.683 12467 12480 I art     : Explicit concurrent mark sweep GC freed 679(26KB) AllocSpace objects, 0(0B) LOS objects, 7% free, 187MB/203MB, paused 918us total 40.134ms
08-04 02:43:07.696 12467 12480 I art     : Starting a blocking GC Explicit
08-04 02:43:07.697 12467 12467 D CompassActivity: will set rotation from 179.54614 to 179.51428
08-04 02:43:07.698 12467 12467 D CompassActivity: will set rotation from 179.51428 to 179.51624
08-04 02:43:07.710 14089 14089 D AndroidRuntime: >>>>>> START com.android.internal.os.RuntimeInit uid 2000 <<<<<<
08-04 02:43:07.715 14089 14089 D AndroidRuntime: CheckJNI is OFF
08-04 02:43:07.718 12467 12467 D CompassActivity: will set rotation from 179.51624 to 179.53027
08-04 02:43:07.718 12467 12467 D CompassActivity: will set rotation from 179.53027 to 179.5282
08-04 02:43:07.731 12467 12480 I art     : Explicit concurrent mark sweep GC freed 121(5KB) AllocSpace objects, 0(0B) LOS objects, 7% free, 187MB/203MB, paused 919us total 34.202ms
08-04 02:43:07.739 12467 12467 D CompassActivity: will set rotation from 179.5282 to 179.51208
08-04 02:43:07.740 12467 12467 D CompassActivity: will set rotation from 179.51208 to 179.51044
08-04 02:43:07.745 12467 12480 I art     : Starting a blocking GC Explicit
08-04 02:43:07.752 14089 14089 D ICU     : No timezone override file found: /data/misc/zoneinfo/current/icu/icu_tzdata.dat
08-04 02:43:07.758 12467 12467 D CompassActivity: will set rotation from 179.51044 to 179.49493
08-04 02:43:07.759 12467 12467 D CompassActivity: will set rotation from 179.49493 to 179.49298
08-04 02:43:07.770   518   646 I ThermalEngine: ACTION: GPU - Setting GPU[0] to 450000000
08-04 02:43:07.783 12467 12480 I art     : Explicit concurrent mark sweep GC freed 99(4KB) AllocSpace objects, 0(0B) LOS objects, 7% free, 187MB/203MB, paused 1.084ms total 38.491ms
08-04 02:43:07.783 12467 12467 D CompassActivity: will set rotation from 179.49298 to 179.47974
08-04 02:43:07.784 12467 12467 D CompassActivity: will set rotation from 179.47974 to 179.47815
08-04 02:43:07.794 14089 14089 I Radio-JNI: register_android_hardware_Radio DONE
08-04 02:43:07.798 12467 12467 D CompassActivity: will set rotation from 179.47815 to 179.48041
08-04 02:43:07.798 12467 12467 D CompassActivity: will set rotation from 179.48041 to 179.47961
08-04 02:43:07.801 12467 12480 I art     : Starting a blocking GC Explicit
08-04 02:43:07.817 12467 12467 D CompassActivity: will set rotation from 179.47961 to 179.46558
08-04 02:43:07.818 12467 12467 D CompassActivity: will set rotation from 179.46558 to 179.46478
08-04 02:43:07.823 14089 14089 D AndroidRuntime: Calling main entry com.android.commands.input.Input
08-04 02:43:07.826 14089 14089 I Input   : injectKeyEvent: KeyEvent { action=ACTION_DOWN, keyCode=KEYCODE_BACK, scanCode=0, metaState=0, flags=0x0, repeatCount=0, eventTime=672204238, downTime=672204238, deviceId=-1, source=0x101 }
08-04 02:43:07.833 14089 14089 I Input   : injectKeyEvent: KeyEvent { action=ACTION_UP, keyCode=KEYCODE_BACK, scanCode=0, metaState=0, flags=0x0, repeatCount=0, eventTime=672204238, downTime=672204238, deviceId=-1, source=0x101 }
08-04 02:43:07.841 12467 12467 D CompassActivity: will set rotation from 179.46478 to 179.46783
08-04 02:43:07.841 14089 14089 D AndroidRuntime: Shutting down VM
08-04 02:43:07.841 12467 12467 D CompassActivity: will set rotation from 179.46783 to 179.46667
08-04 02:43:07.844   918  6110 I sensors : activate
08-04 02:43:07.844 12467 12480 I art     : Explicit concurrent mark sweep GC freed 146(7KB) AllocSpace objects, 0(0B) LOS objects, 7% free, 187MB/203MB, paused 1.153ms total 43.240ms
08-04 02:43:07.845   918  5481 I sensors : activate
08-04 02:43:07.850   918  3188 I hubconnection: sensorhub said: 'activate 1 enable:0'
08-04 02:43:07.851   918  3188 I hubconnection: sensorhub said: 'activate 3 enable:0'
08-04 02:43:07.869 12467 12467 V MainActivity: url = https://project-travel-mate.herokuapp.com/api/number-of-unread-notifications
08-04 02:43:07.973 13866 13866 I GoogleInputMethodServic: GoogleInputMethodService.onFinishInput():3138 
08-04 02:43:07.974 13866 13866 I GoogleInputMethodServic: GoogleInputMethodService.onStartInput():1808 
08-04 02:43:08.208 12467 13744 I art     : Starting a blocking GC Explicit
08-04 02:43:08.253 12467 12467 D CompassActivity: stop compass
08-04 02:43:08.253   380   380 W SurfaceFlinger: couldn't log to binary event log: overflow.
08-04 02:43:08.260 12467 13744 I art     : Explicit concurrent mark sweep GC freed 2193(118KB) AllocSpace objects, 2(36KB) LOS objects, 7% free, 187MB/203MB, paused 2.945ms total 51.395ms
08-04 02:43:08.277 12467 13744 I art     : Starting a blocking GC Explicit
08-04 02:43:08.320 12467 13744 I art     : Explicit concurrent mark sweep GC freed 991(69KB) AllocSpace objects, 2(120KB) LOS objects, 7% free, 187MB/203MB, paused 1.534ms total 41.956ms
08-04 02:43:08.336 12467 13744 I art     : Starting a blocking GC Explicit
08-04 02:43:08.369 12467 14112 I NAPPA_EXPERIMENTATION: MetricNetworkRequestExecutionTime: REQUEST_DURATION_SYSTEM='499',REQUEST_DURATION_OKHTTP='32',REQUEST_SYNCHRONOUS='FALSE',RESPONSE_CODE='200',RESPONSE_METHOD='GET',RESPONSE_LENGTH_OKHTTP='36',RESPONSE_LENGTH_HEADER='36',REQUEST_PROTOCOL='http/1.1',REQUEST_URL='https://project-travel-mate.herokuapp.com/api/number-of-unread-notifications',
08-04 02:43:08.395 12467 13744 I art     : Explicit concurrent mark sweep GC freed 3578(219KB) AllocSpace objects, 4(52MB) LOS objects, 10% free, 135MB/151MB, paused 1.082ms total 58.446ms
08-04 02:43:08.412 12467 13744 I art     : Starting a blocking GC Explicit
08-04 02:43:08.456 12467 13744 I art     : Explicit concurrent mark sweep GC freed 569(61KB) AllocSpace objects, 0(0B) LOS objects, 10% free, 135MB/151MB, paused 1.082ms total 43.594ms
08-04 02:43:08.473 12467 13744 I art     : Starting a blocking GC Explicit
08-04 02:43:08.518 12467 13744 I art     : Explicit concurrent mark sweep GC freed 13(608B) AllocSpace objects, 0(0B) LOS objects, 10% free, 135MB/151MB, paused 1.131ms total 44.667ms
08-04 02:43:08.904 12467 12526 I art     : Starting a blocking GC Explicit
08-04 02:43:08.959 12467 12526 I art     : Explicit concurrent mark sweep GC freed 1640(93KB) AllocSpace objects, 2(36KB) LOS objects, 10% free, 135MB/151MB, paused 1.382ms total 54.792ms
08-04 02:43:08.978 12467 12526 I art     : Starting a blocking GC Explicit
08-04 02:43:09.024 12467 12526 I art     : Explicit concurrent mark sweep GC freed 38(1568B) AllocSpace objects, 0(0B) LOS objects, 10% free, 135MB/151MB, paused 1.085ms total 45.478ms
08-04 02:43:09.041 12467 12526 I art     : Starting a blocking GC Explicit
08-04 02:43:09.084 12467 12526 I art     : Explicit concurrent mark sweep GC freed 3(96B) AllocSpace objects, 0(0B) LOS objects, 10% free, 135MB/151MB, paused 1.019ms total 43.094ms
08-04 02:43:09.102 12467 12526 I art     : Starting a blocking GC Explicit
08-04 02:43:09.145 12467 12526 I art     : Explicit concurrent mark sweep GC freed 3(96B) AllocSpace objects, 0(0B) LOS objects, 10% free, 135MB/151MB, paused 1.115ms total 42.736ms
08-04 02:43:09.163 12467 12526 I art     : Starting a blocking GC Explicit
08-04 02:43:09.205 12467 12526 I art     : Explicit concurrent mark sweep GC freed 3(96B) AllocSpace objects, 0(0B) LOS objects, 10% free, 135MB/151MB, paused 1.132ms total 42.131ms
08-04 02:43:09.607 14134 14134 D AndroidRuntime: >>>>>> START com.android.internal.os.RuntimeInit uid 2000 <<<<<<
08-04 02:43:09.609 12467 13744 I art     : Starting a blocking GC Explicit
08-04 02:43:09.612 14134 14134 D AndroidRuntime: CheckJNI is OFF
08-04 02:43:09.652 12467 13744 I art     : Explicit concurrent mark sweep GC freed 1626(93KB) AllocSpace objects, 2(36KB) LOS objects, 10% free, 135MB/151MB, paused 1.270ms total 42.598ms
08-04 02:43:09.657 14134 14134 D ICU     : No timezone override file found: /data/misc/zoneinfo/current/icu/icu_tzdata.dat
08-04 02:43:09.670 12467 13744 I art     : Starting a blocking GC Explicit
08-04 02:43:09.704 14134 14134 I Radio-JNI: register_android_hardware_Radio DONE
08-04 02:43:09.716 12467 13744 I art     : Explicit concurrent mark sweep GC freed 36(1280B) AllocSpace objects, 0(0B) LOS objects, 10% free, 135MB/151MB, paused 1.292ms total 45.466ms
08-04 02:43:09.734 12467 13744 I art     : Starting a blocking GC Explicit
08-04 02:43:09.734 14134 14134 D AndroidRuntime: Calling main entry com.android.commands.input.Input
08-04 02:43:09.737 14134 14134 I Input   : injectMotionEvent: MotionEvent { action=ACTION_DOWN, actionButton=0, id[0]=0, x[0]=500.0, y[0]=2000.0, toolType[0]=TOOL_TYPE_UNKNOWN, buttonState=0, metaState=0, flags=0x0, edgeFlags=0x0, pointerCount=1, historySize=0, eventTime=672206149, downTime=672206149, deviceId=0, source=0x1002 }
08-04 02:43:09.750 14134 14134 I Input   : injectMotionEvent: MotionEvent { action=ACTION_MOVE, actionButton=0, id[0]=0, x[0]=500.0, y[0]=2000.0, toolType[0]=TOOL_TYPE_UNKNOWN, buttonState=0, metaState=0, flags=0x0, edgeFlags=0x0, pointerCount=1, historySize=0, eventTime=672206149, downTime=672206149, deviceId=0, source=0x1002 }
08-04 02:43:09.756 14134 14134 I Input   : injectMotionEvent: MotionEvent { action=ACTION_MOVE, actionButton=0, id[0]=0, x[0]=500.0, y[0]=1963.9, toolType[0]=TOOL_TYPE_UNKNOWN, buttonState=0, metaState=0, flags=0x0, edgeFlags=0x0, pointerCount=1, historySize=0, eventTime=672206168, downTime=672206168, deviceId=0, source=0x1002 }
08-04 02:43:09.771 14134 14134 I Input   : injectMotionEvent: MotionEvent { action=ACTION_MOVE, actionButton=0, id[0]=0, x[0]=500.0, y[0]=1931.6, toolType[0]=TOOL_TYPE_UNKNOWN, buttonState=0, metaState=0, flags=0x0, edgeFlags=0x0, pointerCount=1, historySize=0, eventTime=672206185, downTime=672206185, deviceId=0, source=0x1002 }
08-04 02:43:09.778 12467 13744 I art     : Explicit concurrent mark sweep GC freed 8(256B) AllocSpace objects, 0(0B) LOS objects, 10% free, 135MB/151MB, paused 1.012ms total 43.701ms
08-04 02:43:09.794 14134 14134 I Input   : injectMotionEvent: MotionEvent { action=ACTION_MOVE, actionButton=0, id[0]=0, x[0]=500.0, y[0]=1889.8, toolType[0]=TOOL_TYPE_UNKNOWN, buttonState=0, metaState=0, flags=0x0, edgeFlags=0x0, pointerCount=1, historySize=0, eventTime=672206207, downTime=672206207, deviceId=0, source=0x1002 }
08-04 02:43:09.797 12467 13744 I art     : Starting a blocking GC Explicit
08-04 02:43:09.805 14134 14134 I Input   : injectMotionEvent: MotionEvent { action=ACTION_MOVE, actionButton=0, id[0]=0, x[0]=500.0, y[0]=1868.9, toolType[0]=TOOL_TYPE_UNKNOWN, buttonState=0, metaState=0, flags=0x0, edgeFlags=0x0, pointerCount=1, historySize=0, eventTime=672206218, downTime=672206218, deviceId=0, source=0x1002 }
08-04 02:43:09.821 14134 14134 I Input   : injectMotionEvent: MotionEvent { action=ACTION_MOVE, actionButton=0, id[0]=0, x[0]=500.0, y[0]=1836.6, toolType[0]=TOOL_TYPE_UNKNOWN, buttonState=0, metaState=0, flags=0x0, edgeFlags=0x0, pointerCount=1, historySize=0, eventTime=672206235, downTime=672206235, deviceId=0, source=0x1002 }
08-04 02:43:09.838 14134 14134 I Input   : injectMotionEvent: MotionEvent { action=ACTION_MOVE, actionButton=0, id[0]=0, x[0]=500.0, y[0]=1806.2, toolType[0]=TOOL_TYPE_UNKNOWN, buttonState=0, metaState=0, flags=0x0, edgeFlags=0x0, pointerCount=1, historySize=0, eventTime=672206251, downTime=672206251, deviceId=0, source=0x1002 }
08-04 02:43:09.844 12467 13744 I art     : Explicit concurrent mark sweep GC freed 63(2336B) AllocSpace objects, 0(0B) LOS objects, 10% free, 135MB/151MB, paused 1.398ms total 46.626ms
08-04 02:43:09.855 14134 14134 I Input   : injectMotionEvent: MotionEvent { action=ACTION_MOVE, actionButton=0, id[0]=0, x[0]=500.0, y[0]=1773.9, toolType[0]=TOOL_TYPE_UNKNOWN, buttonState=0, metaState=0, flags=0x0, edgeFlags=0x0, pointerCount=1, historySize=0, eventTime=672206268, downTime=672206268, deviceId=0, source=0x1002 }
08-04 02:43:09.863 12467 13744 I art     : Starting a blocking GC Explicit
08-04 02:43:09.872 14134 14134 I Input   : injectMotionEvent: MotionEvent { action=ACTION_MOVE, actionButton=0, id[0]=0, x[0]=500.0, y[0]=1741.6, toolType[0]=TOOL_TYPE_UNKNOWN, buttonState=0, metaState=0, flags=0x0, edgeFlags=0x0, pointerCount=1, historySize=0, eventTime=672206285, downTime=672206285, deviceId=0, source=0x1002 }
08-04 02:43:09.889 14134 14134 I Input   : injectMotionEvent: MotionEvent { action=ACTION_MOVE, actionButton=0, id[0]=0, x[0]=500.0, y[0]=1709.3, toolType[0]=TOOL_TYPE_UNKNOWN, buttonState=0, metaState=0, flags=0x0, edgeFlags=0x0, pointerCount=1, historySize=0, eventTime=672206302, downTime=672206302, deviceId=0, source=0x1002 }
08-04 02:43:09.905 14134 14134 I Input   : injectMotionEvent: MotionEvent { action=ACTION_MOVE, actionButton=0, id[0]=0, x[0]=500.0, y[0]=1678.9, toolType[0]=TOOL_TYPE_UNKNOWN, buttonState=0, metaState=0, flags=0x0, edgeFlags=0x0, pointerCount=1, historySize=0, eventTime=672206318, downTime=672206318, deviceId=0, source=0x1002 }
08-04 02:43:09.909 12467 13744 I art     : Explicit concurrent mark sweep GC freed 24(1056B) AllocSpace objects, 0(0B) LOS objects, 10% free, 135MB/151MB, paused 1.904ms total 45.677ms
08-04 02:43:09.921 14134 14134 I Input   : injectMotionEvent: MotionEvent { action=ACTION_MOVE, actionButton=0, id[0]=0, x[0]=500.0, y[0]=1646.6, toolType[0]=TOOL_TYPE_UNKNOWN, buttonState=0, metaState=0, flags=0x0, edgeFlags=0x0, pointerCount=1, historySize=0, eventTime=672206335, downTime=672206335, deviceId=0, source=0x1002 }
08-04 02:43:09.938 14134 14134 I Input   : injectMotionEvent: MotionEvent { action=ACTION_MOVE, actionButton=0, id[0]=0, x[0]=500.0, y[0]=1616.2, toolType[0]=TOOL_TYPE_UNKNOWN, buttonState=0, metaState=0, flags=0x0, edgeFlags=0x0, pointerCount=1, historySize=0, eventTime=672206351, downTime=672206351, deviceId=0, source=0x1002 }
08-04 02:43:09.955 14134 14134 I Input   : injectMotionEvent: MotionEvent { action=ACTION_MOVE, actionButton=0, id[0]=0, x[0]=500.0, y[0]=1583.9, toolType[0]=TOOL_TYPE_UNKNOWN, buttonState=0, metaState=0, flags=0x0, edgeFlags=0x0, pointerCount=1, historySize=0, eventTime=672206368, downTime=672206368, deviceId=0, source=0x1002 }
08-04 02:43:09.971 14134 14134 I Input   : injectMotionEvent: MotionEvent { action=ACTION_MOVE, actionButton=0, id[0]=0, x[0]=500.0, y[0]=1551.6, toolType[0]=TOOL_TYPE_UNKNOWN, buttonState=0, metaState=0, flags=0x0, edgeFlags=0x0, pointerCount=1, historySize=0, eventTime=672206385, downTime=672206385, deviceId=0, source=0x1002 }
08-04 02:43:09.988 14134 14134 I Input   : injectMotionEvent: MotionEvent { action=ACTION_MOVE, actionButton=0, id[0]=0, x[0]=500.0, y[0]=1521.2, toolType[0]=TOOL_TYPE_UNKNOWN, buttonState=0, metaState=0, flags=0x0, edgeFlags=0x0, pointerCount=1, historySize=0, eventTime=672206401, downTime=672206401, deviceId=0, source=0x1002 }
08-04 02:43:10.006 14134 14134 I Input   : injectMotionEvent: MotionEvent { action=ACTION_MOVE, actionButton=0, id[0]=0, x[0]=500.0, y[0]=1488.9, toolType[0]=TOOL_TYPE_UNKNOWN, buttonState=0, metaState=0, flags=0x0, edgeFlags=0x0, pointerCount=1, historySize=0, eventTime=672206418, downTime=672206418, deviceId=0, source=0x1002 }
08-04 02:43:10.023 14134 14134 I Input   : injectMotionEvent: MotionEvent { action=ACTION_MOVE, actionButton=0, id[0]=0, x[0]=500.0, y[0]=1456.6, toolType[0]=TOOL_TYPE_UNKNOWN, buttonState=0, metaState=0, flags=0x0, edgeFlags=0x0, pointerCount=1, historySize=0, eventTime=672206435, downTime=672206435, deviceId=0, source=0x1002 }
08-04 02:43:10.038 14134 14134 I Input   : injectMotionEvent: MotionEvent { action=ACTION_MOVE, actionButton=0, id[0]=0, x[0]=500.0, y[0]=1426.2, toolType[0]=TOOL_TYPE_UNKNOWN, buttonState=0, metaState=0, flags=0x0, edgeFlags=0x0, pointerCount=1, historySize=0, eventTime=672206451, downTime=672206451, deviceId=0, source=0x1002 }
08-04 02:43:10.055 14134 14134 I Input   : injectMotionEvent: MotionEvent { action=ACTION_MOVE, actionButton=0, id[0]=0, x[0]=500.0, y[0]=1392.0, toolType[0]=TOOL_TYPE_UNKNOWN, buttonState=0, metaState=0, flags=0x0, edgeFlags=0x0, pointerCount=1, historySize=0, eventTime=672206469, downTime=672206469, deviceId=0, source=0x1002 }
08-04 02:43:10.074 14134 14134 I Input   : injectMotionEvent: MotionEvent { action=ACTION_MOVE, actionButton=0, id[0]=0, x[0]=500.0, y[0]=1357.8, toolType[0]=TOOL_TYPE_UNKNOWN, buttonState=0, metaState=0, flags=0x0, edgeFlags=0x0, pointerCount=1, historySize=0, eventTime=672206487, downTime=672206487, deviceId=0, source=0x1002 }
08-04 02:43:10.095 14134 14134 I Input   : injectMotionEvent: MotionEvent { action=ACTION_MOVE, actionButton=0, id[0]=0, x[0]=500.0, y[0]=1317.9, toolType[0]=TOOL_TYPE_UNKNOWN, buttonState=0, metaState=0, flags=0x0, edgeFlags=0x0, pointerCount=1, historySize=0, eventTime=672206508, downTime=672206508, deviceId=0, source=0x1002 }
08-04 02:43:10.106 14134 14134 I Input   : injectMotionEvent: MotionEvent { action=ACTION_MOVE, actionButton=0, id[0]=0, x[0]=500.0, y[0]=1295.1001, toolType[0]=TOOL_TYPE_UNKNOWN, buttonState=0, metaState=0, flags=0x0, edgeFlags=0x0, pointerCount=1, historySize=0, eventTime=672206520, downTime=672206520, deviceId=0, source=0x1002 }
08-04 02:43:10.123 14134 14134 I Input   : injectMotionEvent: MotionEvent { action=ACTION_MOVE, actionButton=0, id[0]=0, x[0]=500.0, y[0]=1264.7, toolType[0]=TOOL_TYPE_UNKNOWN, buttonState=0, metaState=0, flags=0x0, edgeFlags=0x0, pointerCount=1, historySize=0, eventTime=672206536, downTime=672206536, deviceId=0, source=0x1002 }
08-04 02:43:10.139 14134 14134 I Input   : injectMotionEvent: MotionEvent { action=ACTION_MOVE, actionButton=0, id[0]=0, x[0]=500.0, y[0]=1232.3999, toolType[0]=TOOL_TYPE_UNKNOWN, buttonState=0, metaState=0, flags=0x0, edgeFlags=0x0, pointerCount=1, historySize=0, eventTime=672206553, downTime=672206553, deviceId=0, source=0x1002 }
08-04 02:43:10.158 14134 14134 I Input   : injectMotionEvent: MotionEvent { action=ACTION_MOVE, actionButton=0, id[0]=0, x[0]=500.0, y[0]=1198.2, toolType[0]=TOOL_TYPE_UNKNOWN, buttonState=0, metaState=0, flags=0x0, edgeFlags=0x0, pointerCount=1, historySize=0, eventTime=672206571, downTime=672206571, deviceId=0, source=0x1002 }
08-04 02:43:10.241 14134 14134 I Input   : injectMotionEvent: MotionEvent { action=ACTION_MOVE, actionButton=0, id[0]=0, x[0]=500.0, y[0]=1040.5, toolType[0]=TOOL_TYPE_UNKNOWN, buttonState=0, metaState=0, flags=0x0, edgeFlags=0x0, pointerCount=1, historySize=0, eventTime=672206654, downTime=672206654, deviceId=0, source=0x1002 }
08-04 02:43:10.309 14134 14134 I Input   : injectMotionEvent: MotionEvent { action=ACTION_MOVE, actionButton=0, id[0]=0, x[0]=500.0, y[0]=911.2999, toolType[0]=TOOL_TYPE_UNKNOWN, buttonState=0, metaState=0, flags=0x0, edgeFlags=0x0, pointerCount=1, historySize=0, eventTime=672206722, downTime=672206722, deviceId=0, source=0x1002 }
08-04 02:43:10.319 12467 12526 I art     : Starting a blocking GC Explicit
08-04 02:43:10.359 12467 12526 I art     : Explicit concurrent mark sweep GC freed 1602(92KB) AllocSpace objects, 2(36KB) LOS objects, 10% free, 135MB/151MB, paused 1.248ms total 40.030ms
08-04 02:43:10.369 14134 14134 I Input   : injectMotionEvent: MotionEvent { action=ACTION_MOVE, actionButton=0, id[0]=0, x[0]=500.0, y[0]=795.4, toolType[0]=TOOL_TYPE_UNKNOWN, buttonState=0, metaState=0, flags=0x0, edgeFlags=0x0, pointerCount=1, historySize=0, eventTime=672206783, downTime=672206783, deviceId=0, source=0x1002 }
08-04 02:43:10.376 12467 12526 I art     : Starting a blocking GC Explicit
08-04 02:43:10.416 12467 12526 I art     : Explicit concurrent mark sweep GC freed 38(1568B) AllocSpace objects, 0(0B) LOS objects, 10% free, 135MB/151MB, paused 1.212ms total 39.202ms
08-04 02:43:10.431 14134 14134 I Input   : injectMotionEvent: MotionEvent { action=ACTION_MOVE, actionButton=0, id[0]=0, x[0]=500.0, y[0]=679.5, toolType[0]=TOOL_TYPE_UNKNOWN, buttonState=0, metaState=0, flags=0x0, edgeFlags=0x0, pointerCount=1, historySize=0, eventTime=672206844, downTime=672206844, deviceId=0, source=0x1002 }
08-04 02:43:10.437 12467 12526 I art     : Starting a blocking GC Explicit
08-04 02:43:10.477 12467 12526 I art     : Explicit concurrent mark sweep GC freed 3(96B) AllocSpace objects, 0(0B) LOS objects, 10% free, 135MB/151MB, paused 1.221ms total 39.250ms
08-04 02:43:10.497 14134 14134 I Input   : injectMotionEvent: MotionEvent { action=ACTION_MOVE, actionButton=0, id[0]=0, x[0]=500.0, y[0]=554.1001, toolType[0]=TOOL_TYPE_UNKNOWN, buttonState=0, metaState=0, flags=0x0, edgeFlags=0x0, pointerCount=1, historySize=0, eventTime=672206910, downTime=672206910, deviceId=0, source=0x1002 }
08-04 02:43:10.498 12467 12526 I art     : Starting a blocking GC Explicit
08-04 02:43:10.537 12467 12526 I art     : Explicit concurrent mark sweep GC freed 3(96B) AllocSpace objects, 0(0B) LOS objects, 10% free, 135MB/151MB, paused 1.211ms total 38.725ms
08-04 02:43:10.559 12467 12526 I art     : Starting a blocking GC Explicit
08-04 02:43:10.560 14134 14134 I Input   : injectMotionEvent: MotionEvent { action=ACTION_MOVE, actionButton=0, id[0]=0, x[0]=500.0, y[0]=432.5, toolType[0]=TOOL_TYPE_UNKNOWN, buttonState=0, metaState=0, flags=0x0, edgeFlags=0x0, pointerCount=1, historySize=0, eventTime=672206974, downTime=672206974, deviceId=0, source=0x1002 }
08-04 02:43:10.597 12467 12526 I art     : Explicit concurrent mark sweep GC freed 34(928B) AllocSpace objects, 0(0B) LOS objects, 10% free, 135MB/151MB, paused 1.203ms total 37.664ms
08-04 02:43:10.624 14134 14134 I Input   : injectMotionEvent: MotionEvent { action=ACTION_MOVE, actionButton=0, id[0]=0, x[0]=500.0, y[0]=310.90002, toolType[0]=TOOL_TYPE_UNKNOWN, buttonState=0, metaState=0, flags=0x0, edgeFlags=0x0, pointerCount=1, historySize=0, eventTime=672207038, downTime=672207038, deviceId=0, source=0x1002 }
08-04 02:43:10.710 14134 14134 I Input   : injectMotionEvent: MotionEvent { action=ACTION_MOVE, actionButton=0, id[0]=0, x[0]=500.0, y[0]=149.40002, toolType[0]=TOOL_TYPE_UNKNOWN, buttonState=0, metaState=0, flags=0x0, edgeFlags=0x0, pointerCount=1, historySize=0, eventTime=672207123, downTime=672207123, deviceId=0, source=0x1002 }
08-04 02:43:10.746 14134 14134 I Input   : injectMotionEvent: MotionEvent { action=ACTION_UP, actionButton=0, id[0]=0, x[0]=500.0, y[0]=100.0, toolType[0]=TOOL_TYPE_UNKNOWN, buttonState=0, metaState=0, flags=0x0, edgeFlags=0x0, pointerCount=1, historySize=0, eventTime=672207160, downTime=672207160, deviceId=0, source=0x1002 }
08-04 02:43:10.783 14134 14134 D AndroidRuntime: Shutting down VM
08-04 02:43:10.972 12467 12480 I art     : Starting a blocking GC Explicit
08-04 02:43:11.023 12467 12480 I art     : Explicit concurrent mark sweep GC freed 1595(92KB) AllocSpace objects, 2(36KB) LOS objects, 10% free, 135MB/151MB, paused 1.016ms total 51.177ms
08-04 02:43:11.041 12467 12480 I art     : Starting a blocking GC Explicit
08-04 02:43:11.083 12467 12480 I art     : Explicit concurrent mark sweep GC freed 28(1024B) AllocSpace objects, 0(0B) LOS objects, 10% free, 135MB/151MB, paused 1.122ms total 42.101ms
08-04 02:43:11.101 12467 12480 I art     : Starting a blocking GC Explicit
08-04 02:43:11.144 12467 12480 I art     : Explicit concurrent mark sweep GC freed 3(96B) AllocSpace objects, 0(0B) LOS objects, 10% free, 135MB/151MB, paused 1.100ms total 43.089ms
08-04 02:43:11.162 12467 12480 I art     : Starting a blocking GC Explicit
08-04 02:43:11.206 12467 12480 I art     : Explicit concurrent mark sweep GC freed 6(192B) AllocSpace objects, 0(0B) LOS objects, 10% free, 135MB/151MB, paused 1.134ms total 43.457ms
08-04 02:43:11.224 12467 12480 I art     : Starting a blocking GC Explicit
08-04 02:43:11.264 12467 12480 I art     : Explicit concurrent mark sweep GC freed 6(192B) AllocSpace objects, 0(0B) LOS objects, 10% free, 135MB/151MB, paused 1.040ms total 40.347ms
08-04 02:43:11.538 14185 14185 D AndroidRuntime: >>>>>> START com.android.internal.os.RuntimeInit uid 2000 <<<<<<
08-04 02:43:11.544 14185 14185 D AndroidRuntime: CheckJNI is OFF
08-04 02:43:11.586 14185 14185 D ICU     : No timezone override file found: /data/misc/zoneinfo/current/icu/icu_tzdata.dat
08-04 02:43:11.628 14185 14185 I Radio-JNI: register_android_hardware_Radio DONE
08-04 02:43:11.635 12467 13744 I art     : Starting a blocking GC Explicit
08-04 02:43:11.658 14185 14185 D AndroidRuntime: Calling main entry com.android.commands.input.Input
08-04 02:43:11.661 14185 14185 I Input   : injectMotionEvent: MotionEvent { action=ACTION_DOWN, actionButton=0, id[0]=0, x[0]=500.0, y[0]=2000.0, toolType[0]=TOOL_TYPE_UNKNOWN, buttonState=0, metaState=0, flags=0x0, edgeFlags=0x0, pointerCount=1, historySize=0, eventTime=672208073, downTime=672208073, deviceId=0, source=0x1002 }
08-04 02:43:11.666 14185 14185 I Input   : injectMotionEvent: MotionEvent { action=ACTION_MOVE, actionButton=0, id[0]=0, x[0]=500.0, y[0]=2000.0, toolType[0]=TOOL_TYPE_UNKNOWN, buttonState=0, metaState=0, flags=0x0, edgeFlags=0x0, pointerCount=1, historySize=0, eventTime=672208073, downTime=672208073, deviceId=0, source=0x1002 }
08-04 02:43:11.673 14185 14185 I Input   : injectMotionEvent: MotionEvent { action=ACTION_MOVE, actionButton=0, id[0]=0, x[0]=500.0, y[0]=1975.3, toolType[0]=TOOL_TYPE_UNKNOWN, buttonState=0, metaState=0, flags=0x0, edgeFlags=0x0, pointerCount=1, historySize=0, eventTime=672208086, downTime=672208086, deviceId=0, source=0x1002 }
08-04 02:43:11.681 12467 13744 I art     : Explicit concurrent mark sweep GC freed 1622(93KB) AllocSpace objects, 2(36KB) LOS objects, 10% free, 135MB/151MB, paused 1.221ms total 44.990ms
08-04 02:43:11.690 14185 14185 I Input   : injectMotionEvent: MotionEvent { action=ACTION_MOVE, actionButton=0, id[0]=0, x[0]=500.0, y[0]=1943.0, toolType[0]=TOOL_TYPE_UNKNOWN, buttonState=0, metaState=0, flags=0x0, edgeFlags=0x0, pointerCount=1, historySize=0, eventTime=672208103, downTime=672208103, deviceId=0, source=0x1002 }
08-04 02:43:11.699 12467 13744 I art     : Starting a blocking GC Explicit
08-04 02:43:11.707 14185 14185 I Input   : injectMotionEvent: MotionEvent { action=ACTION_MOVE, actionButton=0, id[0]=0, x[0]=500.0, y[0]=1910.7, toolType[0]=TOOL_TYPE_UNKNOWN, buttonState=0, metaState=0, flags=0x0, edgeFlags=0x0, pointerCount=1, historySize=0, eventTime=672208120, downTime=672208120, deviceId=0, source=0x1002 }
08-04 02:43:11.740 12467 13744 I art     : Explicit concurrent mark sweep GC freed 39(1376B) AllocSpace objects, 0(0B) LOS objects, 10% free, 135MB/151MB, paused 1.219ms total 40.970ms
08-04 02:43:11.747 13589 13589 I ServiceManager: Waiting for service AtCmdFwd...
08-04 02:43:11.750 14185 14185 I Input   : injectMotionEvent: MotionEvent { action=ACTION_MOVE, actionButton=0, id[0]=0, x[0]=500.0, y[0]=1829.0, toolType[0]=TOOL_TYPE_UNKNOWN, buttonState=0, metaState=0, flags=0x0, edgeFlags=0x0, pointerCount=1, historySize=0, eventTime=672208163, downTime=672208163, deviceId=0, source=0x1002 }
08-04 02:43:11.758 12467 13744 I art     : Starting a blocking GC Explicit
08-04 02:43:11.790 14185 14185 I Input   : injectMotionEvent: MotionEvent { action=ACTION_MOVE, actionButton=0, id[0]=0, x[0]=500.0, y[0]=1753.0, toolType[0]=TOOL_TYPE_UNKNOWN, buttonState=0, metaState=0, flags=0x0, edgeFlags=0x0, pointerCount=1, historySize=0, eventTime=672208203, downTime=672208203, deviceId=0, source=0x1002 }
08-04 02:43:11.799 12467 13744 I art     : Explicit concurrent mark sweep GC freed 13(416B) AllocSpace objects, 0(0B) LOS objects, 10% free, 135MB/151MB, paused 1.050ms total 41.090ms
08-04 02:43:11.817 12467 13744 I art     : Starting a blocking GC Explicit
08-04 02:43:11.830 14185 14185 I Input   : injectMotionEvent: MotionEvent { action=ACTION_MOVE, actionButton=0, id[0]=0, x[0]=500.0, y[0]=1677.0, toolType[0]=TOOL_TYPE_UNKNOWN, buttonState=0, metaState=0, flags=0x0, edgeFlags=0x0, pointerCount=1, historySize=0, eventTime=672208243, downTime=672208243, deviceId=0, source=0x1002 }
08-04 02:43:11.859 12467 13744 I art     : Explicit concurrent mark sweep GC freed 8(256B) AllocSpace objects, 0(0B) LOS objects, 10% free, 135MB/151MB, paused 1.236ms total 42.163ms
08-04 02:43:11.870 14185 14185 I Input   : injectMotionEvent: MotionEvent { action=ACTION_MOVE, actionButton=0, id[0]=0, x[0]=500.0, y[0]=1601.0, toolType[0]=TOOL_TYPE_UNKNOWN, buttonState=0, metaState=0, flags=0x0, edgeFlags=0x0, pointerCount=1, historySize=0, eventTime=672208283, downTime=672208283, deviceId=0, source=0x1002 }
08-04 02:43:11.877 12467 13744 I art     : Starting a blocking GC Explicit
08-04 02:43:11.911 14185 14185 I Input   : injectMotionEvent: MotionEvent { action=ACTION_MOVE, actionButton=0, id[0]=0, x[0]=500.0, y[0]=1523.1001, toolType[0]=TOOL_TYPE_UNKNOWN, buttonState=0, metaState=0, flags=0x0, edgeFlags=0x0, pointerCount=1, historySize=0, eventTime=672208324, downTime=672208324, deviceId=0, source=0x1002 }
08-04 02:43:11.917 12467 13744 I art     : Explicit concurrent mark sweep GC freed 25(1072B) AllocSpace objects, 0(0B) LOS objects, 10% free, 135MB/151MB, paused 1.102ms total 39.879ms
08-04 02:43:11.951 14185 14185 I Input   : injectMotionEvent: MotionEvent { action=ACTION_MOVE, actionButton=0, id[0]=0, x[0]=500.0, y[0]=1445.2, toolType[0]=TOOL_TYPE_UNKNOWN, buttonState=0, metaState=0, flags=0x0, edgeFlags=0x0, pointerCount=1, historySize=0, eventTime=672208365, downTime=672208365, deviceId=0, source=0x1002 }
08-04 02:43:11.987 14185 14185 I Input   : injectMotionEvent: MotionEvent { action=ACTION_MOVE, actionButton=0, id[0]=0, x[0]=500.0, y[0]=1378.7, toolType[0]=TOOL_TYPE_UNKNOWN, buttonState=0, metaState=0, flags=0x0, edgeFlags=0x0, pointerCount=1, historySize=0, eventTime=672208400, downTime=672208400, deviceId=0, source=0x1002 }
08-04 02:43:12.021 14185 14185 I Input   : injectMotionEvent: MotionEvent { action=ACTION_MOVE, actionButton=0, id[0]=0, x[0]=500.0, y[0]=1312.2, toolType[0]=TOOL_TYPE_UNKNOWN, buttonState=0, metaState=0, flags=0x0, edgeFlags=0x0, pointerCount=1, historySize=0, eventTime=672208435, downTime=672208435, deviceId=0, source=0x1002 }
08-04 02:43:12.057 14185 14185 I Input   : injectMotionEvent: MotionEvent { action=ACTION_MOVE, actionButton=0, id[0]=0, x[0]=500.0, y[0]=1245.7, toolType[0]=TOOL_TYPE_UNKNOWN, buttonState=0, metaState=0, flags=0x0, edgeFlags=0x0, pointerCount=1, historySize=0, eventTime=672208470, downTime=672208470, deviceId=0, source=0x1002 }
08-04 02:43:12.093 14185 14185 I Input   : injectMotionEvent: MotionEvent { action=ACTION_MOVE, actionButton=0, id[0]=0, x[0]=500.0, y[0]=1177.3, toolType[0]=TOOL_TYPE_UNKNOWN, buttonState=0, metaState=0, flags=0x0, edgeFlags=0x0, pointerCount=1, historySize=0, eventTime=672208506, downTime=672208506, deviceId=0, source=0x1002 }
08-04 02:43:12.129 14185 14185 I Input   : injectMotionEvent: MotionEvent { action=ACTION_MOVE, actionButton=0, id[0]=0, x[0]=500.0, y[0]=1108.8999, toolType[0]=TOOL_TYPE_UNKNOWN, buttonState=0, metaState=0, flags=0x0, edgeFlags=0x0, pointerCount=1, historySize=0, eventTime=672208542, downTime=672208542, deviceId=0, source=0x1002 }
08-04 02:43:12.169 14185 14185 I Input   : injectMotionEvent: MotionEvent { action=ACTION_MOVE, actionButton=0, id[0]=0, x[0]=500.0, y[0]=1032.8999, toolType[0]=TOOL_TYPE_UNKNOWN, buttonState=0, metaState=0, flags=0x0, edgeFlags=0x0, pointerCount=1, historySize=0, eventTime=672208582, downTime=672208582, deviceId=0, source=0x1002 }
08-04 02:43:12.207 14185 14185 I Input   : injectMotionEvent: MotionEvent { action=ACTION_MOVE, actionButton=0, id[0]=0, x[0]=500.0, y[0]=960.7001, toolType[0]=TOOL_TYPE_UNKNOWN, buttonState=0, metaState=0, flags=0x0, edgeFlags=0x0, pointerCount=1, historySize=0, eventTime=672208620, downTime=672208620, deviceId=0, source=0x1002 }
08-04 02:43:12.243 14185 14185 I Input   : injectMotionEvent: MotionEvent { action=ACTION_MOVE, actionButton=0, id[0]=0, x[0]=500.0, y[0]=892.30005, toolType[0]=TOOL_TYPE_UNKNOWN, buttonState=0, metaState=0, flags=0x0, edgeFlags=0x0, pointerCount=1, historySize=0, eventTime=672208656, downTime=672208656, deviceId=0, source=0x1002 }
08-04 02:43:12.286 14185 14185 I Input   : injectMotionEvent: MotionEvent { action=ACTION_MOVE, actionButton=0, id[0]=0, x[0]=500.0, y[0]=810.6, toolType[0]=TOOL_TYPE_UNKNOWN, buttonState=0, metaState=0, flags=0x0, edgeFlags=0x0, pointerCount=1, historySize=0, eventTime=672208699, downTime=672208699, deviceId=0, source=0x1002 }
08-04 02:43:12.298 12467 12525 I art     : Starting a blocking GC Explicit
08-04 02:43:12.326 14185 14185 I Input   : injectMotionEvent: MotionEvent { action=ACTION_MOVE, actionButton=0, id[0]=0, x[0]=500.0, y[0]=734.6, toolType[0]=TOOL_TYPE_UNKNOWN, buttonState=0, metaState=0, flags=0x0, edgeFlags=0x0, pointerCount=1, historySize=0, eventTime=672208739, downTime=672208739, deviceId=0, source=0x1002 }
08-04 02:43:12.339 12467 12525 I art     : Explicit concurrent mark sweep GC freed 1614(93KB) AllocSpace objects, 2(36KB) LOS objects, 10% free, 135MB/151MB, paused 1.050ms total 40.568ms
08-04 02:43:12.357 12467 12525 I art     : Starting a blocking GC Explicit
08-04 02:43:12.365 14185 14185 I Input   : injectMotionEvent: MotionEvent { action=ACTION_MOVE, actionButton=0, id[0]=0, x[0]=500.0, y[0]=660.5, toolType[0]=TOOL_TYPE_UNKNOWN, buttonState=0, metaState=0, flags=0x0, edgeFlags=0x0, pointerCount=1, historySize=0, eventTime=672208778, downTime=672208778, deviceId=0, source=0x1002 }
08-04 02:43:12.397 12467 12525 I art     : Explicit concurrent mark sweep GC freed 32(1152B) AllocSpace objects, 0(0B) LOS objects, 10% free, 135MB/151MB, paused 1.169ms total 40.251ms
08-04 02:43:12.405 14185 14185 I Input   : injectMotionEvent: MotionEvent { action=ACTION_MOVE, actionButton=0, id[0]=0, x[0]=500.0, y[0]=584.5, toolType[0]=TOOL_TYPE_UNKNOWN, buttonState=0, metaState=0, flags=0x0, edgeFlags=0x0, pointerCount=1, historySize=0, eventTime=672208818, downTime=672208818, deviceId=0, source=0x1002 }
08-04 02:43:12.414 12467 12525 I art     : Starting a blocking GC Explicit
08-04 02:43:12.444 14185 14185 I Input   : injectMotionEvent: MotionEvent { action=ACTION_MOVE, actionButton=0, id[0]=0, x[0]=500.0, y[0]=510.40002, toolType[0]=TOOL_TYPE_UNKNOWN, buttonState=0, metaState=0, flags=0x0, edgeFlags=0x0, pointerCount=1, historySize=0, eventTime=672208857, downTime=672208857, deviceId=0, source=0x1002 }
08-04 02:43:12.455 12467 12525 I art     : Explicit concurrent mark sweep GC freed 11(352B) AllocSpace objects, 0(0B) LOS objects, 10% free, 135MB/151MB, paused 1.038ms total 41.104ms
08-04 02:43:12.473 12467 12525 I art     : Starting a blocking GC Explicit
08-04 02:43:12.484 14185 14185 I Input   : injectMotionEvent: MotionEvent { action=ACTION_MOVE, actionButton=0, id[0]=0, x[0]=500.0, y[0]=434.40002, toolType[0]=TOOL_TYPE_UNKNOWN, buttonState=0, metaState=0, flags=0x0, edgeFlags=0x0, pointerCount=1, historySize=0, eventTime=672208897, downTime=672208897, deviceId=0, source=0x1002 }
08-04 02:43:12.516 12467 12525 I art     : Explicit concurrent mark sweep GC freed 7(224B) AllocSpace objects, 0(0B) LOS objects, 10% free, 135MB/151MB, paused 1.232ms total 41.940ms
08-04 02:43:12.526 14185 14185 I Input   : injectMotionEvent: MotionEvent { action=ACTION_MOVE, actionButton=0, id[0]=0, x[0]=500.0, y[0]=354.59998, toolType[0]=TOOL_TYPE_UNKNOWN, buttonState=0, metaState=0, flags=0x0, edgeFlags=0x0, pointerCount=1, historySize=0, eventTime=672208939, downTime=672208939, deviceId=0, source=0x1002 }
08-04 02:43:12.532 12467 12525 I art     : Starting a blocking GC Explicit
08-04 02:43:12.569 14185 14185 I Input   : injectMotionEvent: MotionEvent { action=ACTION_MOVE, actionButton=0, id[0]=0, x[0]=500.0, y[0]=271.0, toolType[0]=TOOL_TYPE_UNKNOWN, buttonState=0, metaState=0, flags=0x0, edgeFlags=0x0, pointerCount=1, historySize=0, eventTime=672208983, downTime=672208983, deviceId=0, source=0x1002 }
08-04 02:43:12.572 12467 12525 I art     : Explicit concurrent mark sweep GC freed 40(1120B) AllocSpace objects, 0(0B) LOS objects, 10% free, 135MB/151MB, paused 1.068ms total 39.781ms
08-04 02:43:12.611 14185 14185 I Input   : injectMotionEvent: MotionEvent { action=ACTION_MOVE, actionButton=0, id[0]=0, x[0]=500.0, y[0]=193.1001, toolType[0]=TOOL_TYPE_UNKNOWN, buttonState=0, metaState=0, flags=0x0, edgeFlags=0x0, pointerCount=1, historySize=0, eventTime=672209024, downTime=672209024, deviceId=0, source=0x1002 }
08-04 02:43:12.651 14185 14185 I Input   : injectMotionEvent: MotionEvent { action=ACTION_MOVE, actionButton=0, id[0]=0, x[0]=500.0, y[0]=117.099976, toolType[0]=TOOL_TYPE_UNKNOWN, buttonState=0, metaState=0, flags=0x0, edgeFlags=0x0, pointerCount=1, historySize=0, eventTime=672209064, downTime=672209064, deviceId=0, source=0x1002 }
08-04 02:43:12.685 14185 14185 I Input   : injectMotionEvent: MotionEvent { action=ACTION_UP, actionButton=0, id[0]=0, x[0]=500.0, y[0]=100.0, toolType[0]=TOOL_TYPE_UNKNOWN, buttonState=0, metaState=0, flags=0x0, edgeFlags=0x0, pointerCount=1, historySize=0, eventTime=672209098, downTime=672209098, deviceId=0, source=0x1002 }
08-04 02:43:12.721 14185 14185 D AndroidRuntime: Shutting down VM
08-04 02:43:12.747 13589 13589 I ServiceManager: Waiting for service AtCmdFwd...
08-04 02:43:12.965 12467 12525 I art     : Starting a blocking GC Explicit
08-04 02:43:13.011 12467 12525 I art     : Explicit concurrent mark sweep GC freed 1595(92KB) AllocSpace objects, 2(36KB) LOS objects, 10% free, 135MB/151MB, paused 1.119ms total 44.856ms
08-04 02:43:13.028 12467 12525 I art     : Starting a blocking GC Explicit
08-04 02:43:13.071 12467 12525 I art     : Explicit concurrent mark sweep GC freed 30(1104B) AllocSpace objects, 0(0B) LOS objects, 10% free, 135MB/151MB, paused 1.096ms total 43.348ms
08-04 02:43:13.089 12467 12525 I art     : Starting a blocking GC Explicit
08-04 02:43:13.133 12467 12525 I art     : Explicit concurrent mark sweep GC freed 14(720B) AllocSpace objects, 0(0B) LOS objects, 10% free, 135MB/151MB, paused 1.071ms total 43.835ms
08-04 02:43:13.150 12467 12525 I art     : Starting a blocking GC Explicit
08-04 02:43:13.193 12467 12525 I art     : Explicit concurrent mark sweep GC freed 14(672B) AllocSpace objects, 0(0B) LOS objects, 10% free, 135MB/151MB, paused 1.061ms total 42.881ms
08-04 02:43:13.210 12467 12525 I art     : Starting a blocking GC Explicit
08-04 02:43:13.254 12467 12525 I art     : Explicit concurrent mark sweep GC freed 3(96B) AllocSpace objects, 0(0B) LOS objects, 10% free, 135MB/151MB, paused 1.069ms total 43.687ms
08-04 02:43:13.508 14233 14233 D AndroidRuntime: >>>>>> START com.android.internal.os.RuntimeInit uid 2000 <<<<<<
08-04 02:43:13.514 14233 14233 D AndroidRuntime: CheckJNI is OFF
08-04 02:43:13.556 14233 14233 D ICU     : No timezone override file found: /data/misc/zoneinfo/current/icu/icu_tzdata.dat
08-04 02:43:13.599 14233 14233 I Radio-JNI: register_android_hardware_Radio DONE
08-04 02:43:13.628 14233 14233 D AndroidRuntime: Calling main entry com.android.commands.input.Input
08-04 02:43:13.630 14233 14233 I Input   : injectMotionEvent: MotionEvent { action=ACTION_DOWN, actionButton=0, id[0]=0, x[0]=657.0, y[0]=2080.0, toolType[0]=TOOL_TYPE_UNKNOWN, buttonState=0, metaState=0, flags=0x0, edgeFlags=0x0, pointerCount=1, historySize=0, eventTime=672210043, downTime=672210043, deviceId=0, source=0x1002 }
08-04 02:43:13.635 14233 14233 I Input   : injectMotionEvent: MotionEvent { action=ACTION_UP, actionButton=0, id[0]=0, x[0]=657.0, y[0]=2080.0, toolType[0]=TOOL_TYPE_UNKNOWN, buttonState=0, metaState=0, flags=0x0, edgeFlags=0x0, pointerCount=1, historySize=0, eventTime=672210043, downTime=672210043, deviceId=0, source=0x1002 }
08-04 02:43:13.637 14233 14233 D AndroidRuntime: Shutting down VM
08-04 02:43:13.637 12467 13744 I art     : Starting a blocking GC Explicit
08-04 02:43:13.639   918  5132 I ActivityManager: START u0 {cmp=baseline.io.github.project_travel_mate/.utilities.UpcomingWeekendsActivity} from uid 10650 on display 0
08-04 02:43:13.639   512  2967 D audio_hw_primary: out_set_parameters: enter: usecase(1: low-latency-playback) kvpairs: routing=2
08-04 02:43:13.652   512  2967 D audio_hw_primary: select_devices: out_snd_device(2: speaker) in_snd_device(0: none)
08-04 02:43:13.653   512  2967 D msm8974_platform: platform_send_audio_calibration: sending audio calibration for snd_device(2) acdb_id(15)
08-04 02:43:13.653   512  2967 I soundtrigger: audio_extn_sound_trigger_update_device_status: device 0x2 of type 0 for Event 1
08-04 02:43:13.667   512  2967 D audio_hw_primary: enable_snd_device: snd_device(2: speaker)
08-04 02:43:13.670   512  2967 D audio_hw_primary: enable_audio_route: apply and update mixer path: low-latency-playback speaker
08-04 02:43:13.683 12467 13744 I art     : Explicit concurrent mark sweep GC freed 1936(123KB) AllocSpace objects, 2(36KB) LOS objects, 10% free, 135MB/151MB, paused 1.703ms total 45.817ms
08-04 02:43:13.684 12467 12544 D Gabe    : call	returning from cache
08-04 02:43:13.688 12467 12467 V EXECUTING: https://project-travel-mate.herokuapp.com/api/get-upcoming-holidays/2020
08-04 02:43:13.691 12467 12467 V EXECUTING: https://project-travel-mate.herokuapp.com/api/get-upcoming-holidays/2020
08-04 02:43:13.700 12467 13744 I art     : Starting a blocking GC Explicit
08-04 02:43:13.743 12467 13744 I art     : Explicit concurrent mark sweep GC freed 915(94KB) AllocSpace objects, 0(0B) LOS objects, 10% free, 135MB/151MB, paused 1.720ms total 42.397ms
08-04 02:43:13.747 13589 13589 I ServiceManager: Waiting for service AtCmdFwd...
08-04 02:43:13.759 12467 13744 I art     : Starting a blocking GC Explicit
08-04 02:43:13.788 13866 13866 I GoogleInputMethodServic: GoogleInputMethodService.onFinishInput():3138 
08-04 02:43:13.789 13866 13866 I GoogleInputMethodServic: GoogleInputMethodService.onStartInput():1808 
08-04 02:43:13.801 12467 13744 I art     : Explicit concurrent mark sweep GC freed 671(26KB) AllocSpace objects, 0(0B) LOS objects, 10% free, 139MB/155MB, paused 1.861ms total 41.648ms
08-04 02:43:13.819 12467 13744 I art     : Starting a blocking GC Explicit
08-04 02:43:13.861 12467 13744 I art     : Explicit concurrent mark sweep GC freed 79(2720B) AllocSpace objects, 0(0B) LOS objects, 10% free, 139MB/155MB, paused 1.456ms total 41.146ms
08-04 02:43:13.879 12467 13744 I art     : Starting a blocking GC Explicit
08-04 02:43:13.891   918   936 I ActivityManager: Displayed baseline.io.github.project_travel_mate/.utilities.UpcomingWeekendsActivity: +242ms
08-04 02:43:13.920 12467 13744 I art     : Explicit concurrent mark sweep GC freed 96(2080B) AllocSpace objects, 0(0B) LOS objects, 10% free, 139MB/155MB, paused 1.455ms total 41.529ms
08-04 02:43:14.144   380   380 W SurfaceFlinger: couldn't log to binary event log: overflow.
08-04 02:43:14.209   512  2967 D audio_hw_primary: disable_audio_route: reset and update mixer path: low-latency-playback speaker
08-04 02:43:14.211   512  2967 D audio_hw_primary: disable_snd_device: snd_device(2: speaker)
08-04 02:43:14.217   512  2967 I soundtrigger: audio_extn_sound_trigger_update_device_status: device 0x2 of type 0 for Event 0
08-04 02:43:14.227 12467 14257 I NAPPA_EXPERIMENTATION: MetricNetworkRequestExecutionTime: REQUEST_DURATION_SYSTEM='538',REQUEST_DURATION_OKHTTP='48',REQUEST_SYNCHRONOUS='FALSE',RESPONSE_CODE='200',RESPONSE_METHOD='GET',RESPONSE_LENGTH_OKHTTP='6426',RESPONSE_LENGTH_HEADER='6426',REQUEST_PROTOCOL='http/1.1',REQUEST_URL='https://project-travel-mate.herokuapp.com/api/get-upcoming-holidays/2020',
08-04 02:43:14.236 12467 14258 I NAPPA_EXPERIMENTATION: MetricNetworkRequestExecutionTime: REQUEST_DURATION_SYSTEM='545',REQUEST_DURATION_OKHTTP='58',REQUEST_SYNCHRONOUS='FALSE',RESPONSE_CODE='200',RESPONSE_METHOD='GET',RESPONSE_LENGTH_OKHTTP='6426',RESPONSE_LENGTH_HEADER='6426',REQUEST_PROTOCOL='http/1.1',REQUEST_URL='https://project-travel-mate.herokuapp.com/api/get-upcoming-holidays/2020',
08-04 02:43:14.239 12467 12467 V Response: [{"month":"January","date":1,"day":"Wednesday","name":"New Year's Day","type":"Restricted"},{"month":"January","date":2,"day":"Thursday","name":"Guru Govind Singh Jayanti","type":"Restricted"},{"month":"January","date":14,"day":"Tuesday","name":"Lohri","type":"Restricted"},{"month":"January","date":15,"day":"Wednesday","name":"Pongal","type":"Restricted"},{"month":"January","date":15,"day":"Wednesday","name":"Makar Sankranti","type":"Restricted"},{"month":"January","date":25,"day":"Saturday","name":"Chinese New Year","type":"Observance"},{"month":"January","date":26,"day":"Sunday","name":"Republic Day","type":"Gazetted"},{"month":"January","date":30,"day":"Thursday","name":"Vasant Panchami","type":"Restricted"},{"month":"February","date":9,"day":"Sunday","name":"Guru Ravidas Jayanti","type":"Restricted"},{"month":"February","date":14,"day":"Friday","name":"Valentine's Day","type":"Observance"},{"month":"February","date":18,"day":"Tuesday","name":"Maharishi Dayanand Saraswati Jayanti","type":"Restricted"},{"month":"February","date":19,"day":"Wednesday","name":"Shivaji Jayanti","type":"Restricted"},{"month":"February","date":21,"day":"Friday","name":"Maha Shivaratri/Shivaratri","type":"Gazetted"},{"month":"March","date":9,"day":"Monday","name":"Holika Dahana","type":"Restricted"},{"month":"March","date":9,"day":"Monday","name":"Hazarat Ali's Birthday","type":"Restricted"},{"month":"March","date":10,"day":"Tuesday","name":"Holi","type":"Gazetted"},{"month":"March","date":20,"day":"Friday","name":"March Equinox","type":"Season"},{"month":"March","date":25,"day":"Wednesday","name":"Chaitra Sukhladi","type":"Restricted"},{"month":"April","date":2,"day":"Thursday","name":"Rama Navami","type":"Gazetted"},{"month":"April","date":6,"day":"Monday","name":"Mahavir Jayanti","type":"Gazetted"},{"month":"April","date":9,"day":"Thursday","name":"First day of Passover","type":"Observance"},{"month":"April","date":9,"day":"Thursday","name":"Maundy Thursday","type":"Observance,"},{"month":"April","date":10,"day":"Friday","name":"Good Friday","type":"Gazetted"},{"month":"April","date":12,"day":"Sunday","name":"Easter Day","type":"Restricted"},{"month":"April","date":13,"day":"Monday","name":"Vaisakhi","type":"Restricted"},{"month":"April","date":14,"day":"Tuesday","name":"Mesadi/Vaisakhadi","type":"Restricted"},{"month":"April","date":14,"day":"Tuesday","name":"Ambedkar Jayanti","type":"Central"},{"month":"May","date":1,"day":"Friday","name":"May Day","type":"Observance"},{"month":"May","date":7,"day":"Thursday","name":"Buddha Purnima/Vesak","type":"Gazetted"},{"month":"May","date":7,"day":"Thursday","name":"Birthday of Ravindranath","type":"Restricted"},{"month":"May","date":10,"day":"Sunday","name":"Mother's Day","type":"Observance"},{"month":"May","date":22,"day":"Friday","name":"Jamat Ul-Vida","type":"Restricted"},{"month":"May","date":25,"day":"Monday","name":"Ramzan Id/Eid-ul-Fitar","type":"Gazetted"},{"month":"May","date":25,"day":"Monday","name":"Ramzan Id/Eid-ul-Fitar","type":"Muslim,"},{"month":"June","date":21,"day":"Sunday","name":"June Solstice","type":"Season"},{"month":"June","date":21,"day":"Sunday","name":"Father's Day","type":"Observance"},{"month":"June","date":23,"day":"Tuesday","name":"Rath Yatra","type":"Restricted"},{"month":"July","date":5,"day":"Sunday","name":"Guru Purnima","type":"Observance"},{"month":"July","date":31,"day":"Friday","name":"Bakr Id/Eid ul-Adha","type":"Gazetted"},{"month":"August","date":2,"day":"Sunday","name":"Friendship Day","type":"Observance"},{"month":"August","date":3,"day":"Monday","name":"Raksha Bandhan (Rakhi)","type":"Restricted"},{"month":"August","date":11,"day":"Tuesday","name":"Janmashtami (Smarta)","type":"Restricted"},{"month":"August","date":12,"day":"Wednesday","name":"Janmashtami","type":"Gazetted"},{"month":"August","date":15,"day":"Saturday","name":"Independence Day","type":"Gazetted"},{"month":"August","date":16,"day":"Sunday","name":"Parsi New Year","type":"Restricted"},{"month":"August","date":22,"day":"Saturday","name":"Ganesh Chaturthi/Vin
08-04 02:43:14.245 12467 12467 V Response: [{"month":"January","date":1,"day":"Wednesday","name":"New Year's Day","type":"Restricted"},{"month":"January","date":2,"day":"Thursday","name":"Guru Govind Singh Jayanti","type":"Restricted"},{"month":"January","date":14,"day":"Tuesday","name":"Lohri","type":"Restricted"},{"month":"January","date":15,"day":"Wednesday","name":"Pongal","type":"Restricted"},{"month":"January","date":15,"day":"Wednesday","name":"Makar Sankranti","type":"Restricted"},{"month":"January","date":25,"day":"Saturday","name":"Chinese New Year","type":"Observance"},{"month":"January","date":26,"day":"Sunday","name":"Republic Day","type":"Gazetted"},{"month":"January","date":30,"day":"Thursday","name":"Vasant Panchami","type":"Restricted"},{"month":"February","date":9,"day":"Sunday","name":"Guru Ravidas Jayanti","type":"Restricted"},{"month":"February","date":14,"day":"Friday","name":"Valentine's Day","type":"Observance"},{"month":"February","date":18,"day":"Tuesday","name":"Maharishi Dayanand Saraswati Jayanti","type":"Restricted"},{"month":"February","date":19,"day":"Wednesday","name":"Shivaji Jayanti","type":"Restricted"},{"month":"February","date":21,"day":"Friday","name":"Maha Shivaratri/Shivaratri","type":"Gazetted"},{"month":"March","date":9,"day":"Monday","name":"Holika Dahana","type":"Restricted"},{"month":"March","date":9,"day":"Monday","name":"Hazarat Ali's Birthday","type":"Restricted"},{"month":"March","date":10,"day":"Tuesday","name":"Holi","type":"Gazetted"},{"month":"March","date":20,"day":"Friday","name":"March Equinox","type":"Season"},{"month":"March","date":25,"day":"Wednesday","name":"Chaitra Sukhladi","type":"Restricted"},{"month":"April","date":2,"day":"Thursday","name":"Rama Navami","type":"Gazetted"},{"month":"April","date":6,"day":"Monday","name":"Mahavir Jayanti","type":"Gazetted"},{"month":"April","date":9,"day":"Thursday","name":"First day of Passover","type":"Observance"},{"month":"April","date":9,"day":"Thursday","name":"Maundy Thursday","type":"Observance,"},{"month":"April","date":10,"day":"Friday","name":"Good Friday","type":"Gazetted"},{"month":"April","date":12,"day":"Sunday","name":"Easter Day","type":"Restricted"},{"month":"April","date":13,"day":"Monday","name":"Vaisakhi","type":"Restricted"},{"month":"April","date":14,"day":"Tuesday","name":"Mesadi/Vaisakhadi","type":"Restricted"},{"month":"April","date":14,"day":"Tuesday","name":"Ambedkar Jayanti","type":"Central"},{"month":"May","date":1,"day":"Friday","name":"May Day","type":"Observance"},{"month":"May","date":7,"day":"Thursday","name":"Buddha Purnima/Vesak","type":"Gazetted"},{"month":"May","date":7,"day":"Thursday","name":"Birthday of Ravindranath","type":"Restricted"},{"month":"May","date":10,"day":"Sunday","name":"Mother's Day","type":"Observance"},{"month":"May","date":22,"day":"Friday","name":"Jamat Ul-Vida","type":"Restricted"},{"month":"May","date":25,"day":"Monday","name":"Ramzan Id/Eid-ul-Fitar","type":"Gazetted"},{"month":"May","date":25,"day":"Monday","name":"Ramzan Id/Eid-ul-Fitar","type":"Muslim,"},{"month":"June","date":21,"day":"Sunday","name":"June Solstice","type":"Season"},{"month":"June","date":21,"day":"Sunday","name":"Father's Day","type":"Observance"},{"month":"June","date":23,"day":"Tuesday","name":"Rath Yatra","type":"Restricted"},{"month":"July","date":5,"day":"Sunday","name":"Guru Purnima","type":"Observance"},{"month":"July","date":31,"day":"Friday","name":"Bakr Id/Eid ul-Adha","type":"Gazetted"},{"month":"August","date":2,"day":"Sunday","name":"Friendship Day","type":"Observance"},{"month":"August","date":3,"day":"Monday","name":"Raksha Bandhan (Rakhi)","type":"Restricted"},{"month":"August","date":11,"day":"Tuesday","name":"Janmashtami (Smarta)","type":"Restricted"},{"month":"August","date":12,"day":"Wednesday","name":"Janmashtami","type":"Gazetted"},{"month":"August","date":15,"day":"Saturday","name":"Independence Day","type":"Gazetted"},{"month":"August","date":16,"day":"Sunday","name":"Parsi New Year","type":"Restricted"},{"month":"August","date":22,"day":"Saturday","name":"Ganesh Chaturthi/Vin
08-04 02:43:14.291 12467 12525 I art     : Starting a blocking GC Explicit
08-04 02:43:14.343 12467 12525 I art     : Explicit concurrent mark sweep GC freed 16675(760KB) AllocSpace objects, 11(484KB) LOS objects, 10% free, 140MB/156MB, paused 1.300ms total 50.911ms
08-04 02:43:14.360   918  3261 D WifiStateMachine: starting scan for "H369AA63323"WPA_PSK with 2412,5180
08-04 02:43:14.361 12467 12525 I art     : Starting a blocking GC Explicit
08-04 02:43:14.408 12467 12525 I art     : Explicit concurrent mark sweep GC freed 2323(247KB) AllocSpace objects, 1(4MB) LOS objects, 10% free, 136MB/152MB, paused 1.182ms total 46.588ms
08-04 02:43:14.425 12467 12525 I art     : Starting a blocking GC Explicit
08-04 02:43:14.470 12467 12525 I art     : Explicit concurrent mark sweep GC freed 100(1760B) AllocSpace objects, 0(0B) LOS objects, 10% free, 136MB/152MB, paused 1.103ms total 45.221ms
08-04 02:43:14.487 12467 12525 I art     : Starting a blocking GC Explicit
08-04 02:43:14.533 12467 12525 I art     : Explicit concurrent mark sweep GC freed 100(1728B) AllocSpace objects, 0(0B) LOS objects, 10% free, 136MB/152MB, paused 1.100ms total 45.769ms
08-04 02:43:14.551 12467 12525 I art     : Starting a blocking GC Explicit
08-04 02:43:14.601 12467 12525 I art     : Explicit concurrent mark sweep GC freed 130(2528B) AllocSpace objects, 0(0B) LOS objects, 10% free, 136MB/152MB, paused 1.152ms total 49.221ms
08-04 02:43:14.748 13589 13589 I ServiceManager: Waiting for service AtCmdFwd...
08-04 02:43:14.985 12467 12526 I art     : Starting a blocking GC Explicit
08-04 02:43:15.034 12467 12526 I art     : Explicit concurrent mark sweep GC freed 2218(102KB) AllocSpace objects, 2(36KB) LOS objects, 10% free, 136MB/152MB, paused 1.116ms total 49.149ms
08-04 02:43:15.054 12467 12526 I art     : Starting a blocking GC Explicit
08-04 02:43:15.100 12467 12526 I art     : Explicit concurrent mark sweep GC freed 142(3KB) AllocSpace objects, 0(0B) LOS objects, 10% free, 136MB/152MB, paused 1.118ms total 45.844ms
08-04 02:43:15.118 12467 12526 I art     : Starting a blocking GC Explicit
08-04 02:43:15.164 12467 12526 I art     : Explicit concurrent mark sweep GC freed 98(1664B) AllocSpace objects, 0(0B) LOS objects, 10% free, 136MB/152MB, paused 1.114ms total 46.185ms
08-04 02:43:15.182 12467 12526 I art     : Starting a blocking GC Explicit
08-04 02:43:15.229 12467 12526 I art     : Explicit concurrent mark sweep GC freed 80(1392B) AllocSpace objects, 0(0B) LOS objects, 10% free, 136MB/152MB, paused 1.163ms total 46.808ms
08-04 02:43:15.247 12467 12526 I art     : Starting a blocking GC Explicit
08-04 02:43:15.299 12467 12526 I art     : Explicit concurrent mark sweep GC freed 118(2000B) AllocSpace objects, 0(0B) LOS objects, 10% free, 136MB/152MB, paused 1.105ms total 51.272ms
08-04 02:43:15.727 12467 13744 I art     : Starting a blocking GC Explicit
08-04 02:43:15.748 13589 13589 I ServiceManager: Waiting for service AtCmdFwd...
08-04 02:43:15.781 12467 13744 I art     : Explicit concurrent mark sweep GC freed 2291(103KB) AllocSpace objects, 2(36KB) LOS objects, 10% free, 136MB/152MB, paused 1.260ms total 53.662ms
08-04 02:43:15.801 12467 13744 I art     : Starting a blocking GC Explicit
08-04 02:43:15.850 12467 13744 I art     : Explicit concurrent mark sweep GC freed 143(2928B) AllocSpace objects, 0(0B) LOS objects, 10% free, 136MB/152MB, paused 1.087ms total 48.470ms
08-04 02:43:15.868 12467 13744 I art     : Starting a blocking GC Explicit
08-04 02:43:15.920 12467 13744 I art     : Explicit concurrent mark sweep GC freed 100(1728B) AllocSpace objects, 0(0B) LOS objects, 10% free, 136MB/152MB, paused 1.198ms total 51.674ms
08-04 02:43:15.938 12467 13744 I art     : Starting a blocking GC Explicit
08-04 02:43:15.988 12467 13744 I art     : Explicit concurrent mark sweep GC freed 99(1696B) AllocSpace objects, 0(0B) LOS objects, 10% free, 136MB/152MB, paused 1.114ms total 50.251ms
08-04 02:43:16.007 12467 13744 I art     : Starting a blocking GC Explicit
08-04 02:43:16.058 12467 13744 I art     : Explicit concurrent mark sweep GC freed 99(1696B) AllocSpace objects, 0(0B) LOS objects, 10% free, 136MB/152MB, paused 1.196ms total 50.818ms
08-04 02:43:16.497 12467 12480 I art     : Starting a blocking GC Explicit
08-04 02:43:16.550 12467 12480 I art     : Explicit concurrent mark sweep GC freed 2309(104KB) AllocSpace objects, 2(36KB) LOS objects, 10% free, 136MB/152MB, paused 1.265ms total 53.430ms
08-04 02:43:16.569 12467 12480 I art     : Starting a blocking GC Explicit
08-04 02:43:16.619 12467 12480 I art     : Explicit concurrent mark sweep GC freed 170(4KB) AllocSpace objects, 0(0B) LOS objects, 10% free, 136MB/152MB, paused 1.171ms total 50.048ms
08-04 02:43:16.638 12467 12480 I art     : Starting a blocking GC Explicit
08-04 02:43:16.688 12467 12480 I art     : Explicit concurrent mark sweep GC freed 99(1696B) AllocSpace objects, 0(0B) LOS objects, 10% free, 136MB/152MB, paused 1.212ms total 50.211ms
08-04 02:43:16.706 12467 12480 I art     : Starting a blocking GC Explicit
08-04 02:43:16.749 13589 13589 W Atfwd_Sendcmd: AtCmdFwd service not published, waiting... retryCnt : 3
08-04 02:43:16.759 12467 12480 I art     : Explicit concurrent mark sweep GC freed 99(1696B) AllocSpace objects, 0(0B) LOS objects, 10% free, 136MB/152MB, paused 1.240ms total 52.735ms
08-04 02:43:16.780 12467 12480 I art     : Starting a blocking GC Explicit
08-04 02:43:16.831 12467 12480 I art     : Explicit concurrent mark sweep GC freed 100(1712B) AllocSpace objects, 0(0B) LOS objects, 10% free, 136MB/152MB, paused 1.214ms total 50.332ms
08-04 02:43:17.229 12467 12479 I art     : Starting a blocking GC Explicit
08-04 02:43:17.280 12467 12479 I art     : Explicit concurrent mark sweep GC freed 2230(102KB) AllocSpace objects, 2(36KB) LOS objects, 10% free, 136MB/152MB, paused 1.141ms total 51.441ms
08-04 02:43:17.298 12467 12479 I art     : Starting a blocking GC Explicit
08-04 02:43:17.350 12467 12479 I art     : Explicit concurrent mark sweep GC freed 129(2704B) AllocSpace objects, 0(0B) LOS objects, 10% free, 136MB/152MB, paused 1.289ms total 51.235ms
08-04 02:43:17.368 12467 12479 I art     : Starting a blocking GC Explicit
08-04 02:43:17.420 12467 12479 I art     : Explicit concurrent mark sweep GC freed 118(2016B) AllocSpace objects, 0(0B) LOS objects, 10% free, 136MB/152MB, paused 1.146ms total 51.961ms
08-04 02:43:17.438 12467 12479 I art     : Starting a blocking GC Explicit
08-04 02:43:17.490 12467 12479 I art     : Explicit concurrent mark sweep GC freed 99(1696B) AllocSpace objects, 0(0B) LOS objects, 10% free, 136MB/152MB, paused 1.185ms total 51.424ms
08-04 02:43:17.508 12467 12479 I art     : Starting a blocking GC Explicit
08-04 02:43:17.560 12467 12479 I art     : Explicit concurrent mark sweep GC freed 99(1696B) AllocSpace objects, 0(0B) LOS objects, 10% free, 136MB/152MB, paused 1.106ms total 51.638ms
08-04 02:43:17.971 12467 12525 I art     : Starting a blocking GC Explicit
08-04 02:43:18.022 12467 12525 I art     : Explicit concurrent mark sweep GC freed 2297(104KB) AllocSpace objects, 2(36KB) LOS objects, 10% free, 136MB/152MB, paused 1.186ms total 50.276ms
08-04 02:43:18.040 12467 12525 I art     : Starting a blocking GC Explicit
08-04 02:43:18.087 12467 12525 I art     : Explicit concurrent mark sweep GC freed 134(3KB) AllocSpace objects, 0(0B) LOS objects, 10% free, 136MB/152MB, paused 1.166ms total 46.947ms
08-04 02:43:18.105 12467 12525 I art     : Starting a blocking GC Explicit
08-04 02:43:18.154 12467 12525 I art     : Explicit concurrent mark sweep GC freed 99(1696B) AllocSpace objects, 0(0B) LOS objects, 10% free, 136MB/152MB, paused 1.153ms total 49.568ms
08-04 02:43:18.172 12467 12525 I art     : Starting a blocking GC Explicit
08-04 02:43:18.221 12467 12525 I art     : Explicit concurrent mark sweep GC freed 99(1696B) AllocSpace objects, 0(0B) LOS objects, 10% free, 136MB/152MB, paused 1.181ms total 48.447ms
08-04 02:43:18.239 12467 12525 I art     : Starting a blocking GC Explicit
08-04 02:43:18.290 12467 12525 I art     : Explicit concurrent mark sweep GC freed 99(1696B) AllocSpace objects, 0(0B) LOS objects, 10% free, 136MB/152MB, paused 1.217ms total 50.647ms
08-04 02:43:18.414 14322 14322 D AndroidRuntime: >>>>>> START com.android.internal.os.RuntimeInit uid 2000 <<<<<<
08-04 02:43:18.421 14322 14322 D AndroidRuntime: CheckJNI is OFF
08-04 02:43:18.463 14322 14322 D ICU     : No timezone override file found: /data/misc/zoneinfo/current/icu/icu_tzdata.dat
08-04 02:43:18.504 14322 14322 I Radio-JNI: register_android_hardware_Radio DONE
08-04 02:43:18.532 14322 14322 D AndroidRuntime: Calling main entry com.android.commands.input.Input
08-04 02:43:18.534 14322 14322 I Input   : injectKeyEvent: KeyEvent { action=ACTION_DOWN, keyCode=KEYCODE_BACK, scanCode=0, metaState=0, flags=0x0, repeatCount=0, eventTime=672214947, downTime=672214947, deviceId=-1, source=0x101 }
08-04 02:43:18.548 14322 14322 I Input   : injectKeyEvent: KeyEvent { action=ACTION_UP, keyCode=KEYCODE_BACK, scanCode=0, metaState=0, flags=0x0, repeatCount=0, eventTime=672214947, downTime=672214947, deviceId=-1, source=0x101 }
08-04 02:43:18.554 14322 14322 D AndroidRuntime: Shutting down VM
08-04 02:43:18.565 12467 12467 V MainActivity: url = https://project-travel-mate.herokuapp.com/api/number-of-unread-notifications
08-04 02:43:18.591 13866 13866 I GoogleInputMethodServic: GoogleInputMethodService.onFinishInput():3138 
08-04 02:43:18.592 13866 13866 I GoogleInputMethodServic: GoogleInputMethodService.onStartInput():1808 
08-04 02:43:18.694 12467 12479 I art     : Starting a blocking GC Explicit
08-04 02:43:18.737 12467 12479 I art     : Explicit concurrent mark sweep GC freed 2619(122KB) AllocSpace objects, 2(36KB) LOS objects, 10% free, 136MB/152MB, paused 1.111ms total 42.239ms
08-04 02:43:18.754 12467 12479 I art     : Starting a blocking GC Explicit
08-04 02:43:18.802 12467 12479 I art     : Explicit concurrent mark sweep GC freed 192(5KB) AllocSpace objects, 0(0B) LOS objects, 10% free, 136MB/152MB, paused 1.390ms total 47.819ms
08-04 02:43:18.822 12467 12479 I art     : Starting a blocking GC Explicit
08-04 02:43:18.879 12467 12479 I art     : Explicit concurrent mark sweep GC freed 107(2016B) AllocSpace objects, 0(0B) LOS objects, 10% free, 136MB/152MB, paused 1.180ms total 56.673ms
08-04 02:43:18.901 12467 12479 I art     : Starting a blocking GC Explicit
08-04 02:43:18.914   380   380 W SurfaceFlinger: couldn't log to binary event log: overflow.
08-04 02:43:18.946 12467 12479 I art     : Explicit concurrent mark sweep GC freed 102(2576B) AllocSpace objects, 0(0B) LOS objects, 10% free, 136MB/152MB, paused 1.113ms total 44.898ms
08-04 02:43:18.963 12467 12479 I art     : Starting a blocking GC Explicit
08-04 02:43:19.011 12467 14346 I NAPPA_EXPERIMENTATION: MetricNetworkRequestExecutionTime: REQUEST_DURATION_SYSTEM='445',REQUEST_DURATION_OKHTTP='29',REQUEST_SYNCHRONOUS='FALSE',RESPONSE_CODE='200',RESPONSE_METHOD='GET',RESPONSE_LENGTH_OKHTTP='36',RESPONSE_LENGTH_HEADER='36',REQUEST_PROTOCOL='http/1.1',REQUEST_URL='https://project-travel-mate.herokuapp.com/api/number-of-unread-notifications',
08-04 02:43:19.013 12467 12479 I art     : Explicit concurrent mark sweep GC freed 2593(132KB) AllocSpace objects, 2(120KB) LOS objects, 10% free, 136MB/152MB, paused 1.242ms total 49.154ms
08-04 02:43:19.417 12467 13744 I art     : Starting a blocking GC Explicit
08-04 02:43:19.480 12467 13744 I art     : Explicit concurrent mark sweep GC freed 9346(581KB) AllocSpace objects, 16(380KB) LOS objects, 10% free, 135MB/151MB, paused 1.212ms total 62.072ms
08-04 02:43:19.500 12467 13744 I art     : Starting a blocking GC Explicit
08-04 02:43:19.547 12467 13744 I art     : Explicit concurrent mark sweep GC freed 55(4KB) AllocSpace objects, 0(0B) LOS objects, 10% free, 135MB/151MB, paused 1.218ms total 47.245ms
08-04 02:43:19.565 12467 13744 I art     : Starting a blocking GC Explicit
08-04 02:43:19.612 12467 13744 I art     : Explicit concurrent mark sweep GC freed 34(928B) AllocSpace objects, 0(0B) LOS objects, 10% free, 135MB/151MB, paused 1.129ms total 46.553ms
08-04 02:43:19.630 12467 13744 I art     : Starting a blocking GC Explicit
08-04 02:43:19.677 12467 13744 I art     : Explicit concurrent mark sweep GC freed 3(96B) AllocSpace objects, 0(0B) LOS objects, 10% free, 135MB/151MB, paused 1.134ms total 46.619ms
08-04 02:43:19.694 12467 13744 I art     : Starting a blocking GC Explicit
08-04 02:43:19.742 12467 13744 I art     : Explicit concurrent mark sweep GC freed 3(96B) AllocSpace objects, 0(0B) LOS objects, 10% free, 135MB/151MB, paused 1.233ms total 46.969ms
08-04 02:43:20.126 12467 12525 I art     : Starting a blocking GC Explicit
08-04 02:43:20.183 12467 12525 I art     : Explicit concurrent mark sweep GC freed 1582(91KB) AllocSpace objects, 2(36KB) LOS objects, 10% free, 135MB/151MB, paused 1.183ms total 56.053ms
08-04 02:43:20.201 12467 12525 I art     : Starting a blocking GC Explicit
08-04 02:43:20.241 12467 12525 I art     : Explicit concurrent mark sweep GC freed 30(1088B) AllocSpace objects, 0(0B) LOS objects, 10% free, 135MB/151MB, paused 1.060ms total 40.178ms
08-04 02:43:20.260 12467 12525 I art     : Starting a blocking GC Explicit
08-04 02:43:20.300 12467 12525 I art     : Explicit concurrent mark sweep GC freed 6(192B) AllocSpace objects, 0(0B) LOS objects, 10% free, 135MB/151MB, paused 1.174ms total 39.274ms
08-04 02:43:20.318 12467 12525 I art     : Starting a blocking GC Explicit
08-04 02:43:20.329 14358 14358 D AndroidRuntime: >>>>>> START com.android.internal.os.RuntimeInit uid 2000 <<<<<<
08-04 02:43:20.334 14358 14358 D AndroidRuntime: CheckJNI is OFF
08-04 02:43:20.359 12467 12525 I art     : Explicit concurrent mark sweep GC freed 6(192B) AllocSpace objects, 0(0B) LOS objects, 10% free, 135MB/151MB, paused 1.118ms total 41.324ms
08-04 02:43:20.376 14358 14358 D ICU     : No timezone override file found: /data/misc/zoneinfo/current/icu/icu_tzdata.dat
08-04 02:43:20.376 12467 12525 I art     : Starting a blocking GC Explicit
08-04 02:43:20.415 14358 14358 I Radio-JNI: register_android_hardware_Radio DONE
08-04 02:43:20.418 12467 12525 I art     : Explicit concurrent mark sweep GC freed 7(224B) AllocSpace objects, 0(0B) LOS objects, 10% free, 135MB/151MB, paused 1.253ms total 41.783ms
08-04 02:43:20.443 14358 14358 D AndroidRuntime: Calling main entry com.android.commands.input.Input
08-04 02:43:20.446 14358 14358 I Input   : injectMotionEvent: MotionEvent { action=ACTION_DOWN, actionButton=0, id[0]=0, x[0]=657.0, y[0]=2080.0, toolType[0]=TOOL_TYPE_UNKNOWN, buttonState=0, metaState=0, flags=0x0, edgeFlags=0x0, pointerCount=1, historySize=0, eventTime=672216858, downTime=672216858, deviceId=0, source=0x1002 }
08-04 02:43:20.478 14358 14358 I Input   : injectMotionEvent: MotionEvent { action=ACTION_UP, actionButton=0, id[0]=0, x[0]=657.0, y[0]=2080.0, toolType[0]=TOOL_TYPE_UNKNOWN, buttonState=0, metaState=0, flags=0x0, edgeFlags=0x0, pointerCount=1, historySize=0, eventTime=672216858, downTime=672216858, deviceId=0, source=0x1002 }
08-04 02:43:20.513 14358 14358 D AndroidRuntime: Shutting down VM
08-04 02:43:20.514   918  3714 I ActivityManager: START u0 {cmp=baseline.io.github.project_travel_mate/.utilities.UpcomingWeekendsActivity} from uid 10650 on display 0
08-04 02:43:20.515   512  2967 D audio_hw_primary: out_set_parameters: enter: usecase(1: low-latency-playback) kvpairs: routing=2
08-04 02:43:20.528   512  2967 D audio_hw_primary: select_devices: out_snd_device(2: speaker) in_snd_device(0: none)
08-04 02:43:20.528   512  2967 D msm8974_platform: platform_send_audio_calibration: sending audio calibration for snd_device(2) acdb_id(15)
08-04 02:43:20.528   512  2967 I soundtrigger: audio_extn_sound_trigger_update_device_status: device 0x2 of type 0 for Event 1
08-04 02:43:20.537   512  2967 D audio_hw_primary: enable_snd_device: snd_device(2: speaker)
08-04 02:43:20.539   512  2967 D audio_hw_primary: enable_audio_route: apply and update mixer path: low-latency-playback speaker
08-04 02:43:20.540 12467 12544 D Gabe    : call	returning from cache
08-04 02:43:20.543 12467 12467 V EXECUTING: https://project-travel-mate.herokuapp.com/api/get-upcoming-holidays/2020
08-04 02:43:20.545 12467 12467 V EXECUTING: https://project-travel-mate.herokuapp.com/api/get-upcoming-holidays/2020
08-04 02:43:20.630 13866 13866 I GoogleInputMethodServic: GoogleInputMethodService.onFinishInput():3138 
08-04 02:43:20.631 13866 13866 I GoogleInputMethodServic: GoogleInputMethodService.onStartInput():1808 
08-04 02:43:20.726   918   936 I ActivityManager: Displayed baseline.io.github.project_travel_mate/.utilities.UpcomingWeekendsActivity: +205ms
08-04 02:43:20.787 12467 12525 I art     : Starting a blocking GC Explicit
08-04 02:43:20.790   518   646 I ThermalEngine: ACTION: GPU - Setting GPU[0] to 510000000
08-04 02:43:20.832 12467 12525 I art     : Explicit concurrent mark sweep GC freed 3446(192KB) AllocSpace objects, 2(36KB) LOS objects, 10% free, 140MB/156MB, paused 978us total 44.341ms
08-04 02:43:20.845 12467 12525 I art     : Starting a blocking GC Explicit
08-04 02:43:20.880 12467 12525 I art     : Explicit concurrent mark sweep GC freed 330(13KB) AllocSpace objects, 0(0B) LOS objects, 10% free, 140MB/156MB, paused 876us total 34.454ms
08-04 02:43:20.893 12467 12525 I art     : Starting a blocking GC Explicit
08-04 02:43:20.932 12467 12525 I art     : Explicit concurrent mark sweep GC freed 87(2176B) AllocSpace objects, 0(0B) LOS objects, 10% free, 140MB/156MB, paused 928us total 39.176ms
08-04 02:43:20.947 12467 12525 I art     : Starting a blocking GC Explicit
08-04 02:43:20.983   380   380 W SurfaceFlinger: couldn't log to binary event log: overflow.
08-04 02:43:20.989 12467 12525 I art     : Explicit concurrent mark sweep GC freed 99(1696B) AllocSpace objects, 0(0B) LOS objects, 10% free, 140MB/156MB, paused 1.444ms total 41.193ms
08-04 02:43:21.002 12467 12525 I art     : Starting a blocking GC Explicit
08-04 02:43:21.038 12467 12525 I art     : Explicit concurrent mark sweep GC freed 4790(250KB) AllocSpace objects, 6(400KB) LOS objects, 10% free, 140MB/156MB, paused 1.557ms total 36.265ms
08-04 02:43:21.068   512  2967 D audio_hw_primary: disable_audio_route: reset and update mixer path: low-latency-playback speaker
08-04 02:43:21.069   512  2967 D audio_hw_primary: disable_snd_device: snd_device(2: speaker)
08-04 02:43:21.071 12467 14382 I NAPPA_EXPERIMENTATION: MetricNetworkRequestExecutionTime: REQUEST_DURATION_SYSTEM='527',REQUEST_DURATION_OKHTTP='31',REQUEST_SYNCHRONOUS='FALSE',RESPONSE_CODE='200',RESPONSE_METHOD='GET',RESPONSE_LENGTH_OKHTTP='6426',RESPONSE_LENGTH_HEADER='6426',REQUEST_PROTOCOL='http/1.1',REQUEST_URL='https://project-travel-mate.herokuapp.com/api/get-upcoming-holidays/2020',
08-04 02:43:21.074 12467 12467 V Response: [{"month":"January","date":1,"day":"Wednesday","name":"New Year's Day","type":"Restricted"},{"month":"January","date":2,"day":"Thursday","name":"Guru Govind Singh Jayanti","type":"Restricted"},{"month":"January","date":14,"day":"Tuesday","name":"Lohri","type":"Restricted"},{"month":"January","date":15,"day":"Wednesday","name":"Pongal","type":"Restricted"},{"month":"January","date":15,"day":"Wednesday","name":"Makar Sankranti","type":"Restricted"},{"month":"January","date":25,"day":"Saturday","name":"Chinese New Year","type":"Observance"},{"month":"January","date":26,"day":"Sunday","name":"Republic Day","type":"Gazetted"},{"month":"January","date":30,"day":"Thursday","name":"Vasant Panchami","type":"Restricted"},{"month":"February","date":9,"day":"Sunday","name":"Guru Ravidas Jayanti","type":"Restricted"},{"month":"February","date":14,"day":"Friday","name":"Valentine's Day","type":"Observance"},{"month":"February","date":18,"day":"Tuesday","name":"Maharishi Dayanand Saraswati Jayanti","type":"Restricted"},{"month":"February","date":19,"day":"Wednesday","name":"Shivaji Jayanti","type":"Restricted"},{"month":"February","date":21,"day":"Friday","name":"Maha Shivaratri/Shivaratri","type":"Gazetted"},{"month":"March","date":9,"day":"Monday","name":"Holika Dahana","type":"Restricted"},{"month":"March","date":9,"day":"Monday","name":"Hazarat Ali's Birthday","type":"Restricted"},{"month":"March","date":10,"day":"Tuesday","name":"Holi","type":"Gazetted"},{"month":"March","date":20,"day":"Friday","name":"March Equinox","type":"Season"},{"month":"March","date":25,"day":"Wednesday","name":"Chaitra Sukhladi","type":"Restricted"},{"month":"April","date":2,"day":"Thursday","name":"Rama Navami","type":"Gazetted"},{"month":"April","date":6,"day":"Monday","name":"Mahavir Jayanti","type":"Gazetted"},{"month":"April","date":9,"day":"Thursday","name":"First day of Passover","type":"Observance"},{"month":"April","date":9,"day":"Thursday","name":"Maundy Thursday","type":"Observance,"},{"month":"April","date":10,"day":"Friday","name":"Good Friday","type":"Gazetted"},{"month":"April","date":12,"day":"Sunday","name":"Easter Day","type":"Restricted"},{"month":"April","date":13,"day":"Monday","name":"Vaisakhi","type":"Restricted"},{"month":"April","date":14,"day":"Tuesday","name":"Mesadi/Vaisakhadi","type":"Restricted"},{"month":"April","date":14,"day":"Tuesday","name":"Ambedkar Jayanti","type":"Central"},{"month":"May","date":1,"day":"Friday","name":"May Day","type":"Observance"},{"month":"May","date":7,"day":"Thursday","name":"Buddha Purnima/Vesak","type":"Gazetted"},{"month":"May","date":7,"day":"Thursday","name":"Birthday of Ravindranath","type":"Restricted"},{"month":"May","date":10,"day":"Sunday","name":"Mother's Day","type":"Observance"},{"month":"May","date":22,"day":"Friday","name":"Jamat Ul-Vida","type":"Restricted"},{"month":"May","date":25,"day":"Monday","name":"Ramzan Id/Eid-ul-Fitar","type":"Gazetted"},{"month":"May","date":25,"day":"Monday","name":"Ramzan Id/Eid-ul-Fitar","type":"Muslim,"},{"month":"June","date":21,"day":"Sunday","name":"June Solstice","type":"Season"},{"month":"June","date":21,"day":"Sunday","name":"Father's Day","type":"Observance"},{"month":"June","date":23,"day":"Tuesday","name":"Rath Yatra","type":"Restricted"},{"month":"July","date":5,"day":"Sunday","name":"Guru Purnima","type":"Observance"},{"month":"July","date":31,"day":"Friday","name":"Bakr Id/Eid ul-Adha","type":"Gazetted"},{"month":"August","date":2,"day":"Sunday","name":"Friendship Day","type":"Observance"},{"month":"August","date":3,"day":"Monday","name":"Raksha Bandhan (Rakhi)","type":"Restricted"},{"month":"August","date":11,"day":"Tuesday","name":"Janmashtami (Smarta)","type":"Restricted"},{"month":"August","date":12,"day":"Wednesday","name":"Janmashtami","type":"Gazetted"},{"month":"August","date":15,"day":"Saturday","name":"Independence Day","type":"Gazetted"},{"month":"August","date":16,"day":"Sunday","name":"Parsi New Year","type":"Restricted"},{"month":"August","date":22,"day":"Saturday","name":"Ganesh Chaturthi/Vin
08-04 02:43:21.077   512  2967 I soundtrigger: audio_extn_sound_trigger_update_device_status: device 0x2 of type 0 for Event 0
08-04 02:43:21.090 12467 14383 I NAPPA_EXPERIMENTATION: MetricNetworkRequestExecutionTime: REQUEST_DURATION_SYSTEM='543',REQUEST_DURATION_OKHTTP='44',REQUEST_SYNCHRONOUS='FALSE',RESPONSE_CODE='200',RESPONSE_METHOD='GET',RESPONSE_LENGTH_OKHTTP='6426',RESPONSE_LENGTH_HEADER='6426',REQUEST_PROTOCOL='http/1.1',REQUEST_URL='https://project-travel-mate.herokuapp.com/api/get-upcoming-holidays/2020',
08-04 02:43:21.113 12467 12467 V Response: [{"month":"January","date":1,"day":"Wednesday","name":"New Year's Day","type":"Restricted"},{"month":"January","date":2,"day":"Thursday","name":"Guru Govind Singh Jayanti","type":"Restricted"},{"month":"January","date":14,"day":"Tuesday","name":"Lohri","type":"Restricted"},{"month":"January","date":15,"day":"Wednesday","name":"Pongal","type":"Restricted"},{"month":"January","date":15,"day":"Wednesday","name":"Makar Sankranti","type":"Restricted"},{"month":"January","date":25,"day":"Saturday","name":"Chinese New Year","type":"Observance"},{"month":"January","date":26,"day":"Sunday","name":"Republic Day","type":"Gazetted"},{"month":"January","date":30,"day":"Thursday","name":"Vasant Panchami","type":"Restricted"},{"month":"February","date":9,"day":"Sunday","name":"Guru Ravidas Jayanti","type":"Restricted"},{"month":"February","date":14,"day":"Friday","name":"Valentine's Day","type":"Observance"},{"month":"February","date":18,"day":"Tuesday","name":"Maharishi Dayanand Saraswati Jayanti","type":"Restricted"},{"month":"February","date":19,"day":"Wednesday","name":"Shivaji Jayanti","type":"Restricted"},{"month":"February","date":21,"day":"Friday","name":"Maha Shivaratri/Shivaratri","type":"Gazetted"},{"month":"March","date":9,"day":"Monday","name":"Holika Dahana","type":"Restricted"},{"month":"March","date":9,"day":"Monday","name":"Hazarat Ali's Birthday","type":"Restricted"},{"month":"March","date":10,"day":"Tuesday","name":"Holi","type":"Gazetted"},{"month":"March","date":20,"day":"Friday","name":"March Equinox","type":"Season"},{"month":"March","date":25,"day":"Wednesday","name":"Chaitra Sukhladi","type":"Restricted"},{"month":"April","date":2,"day":"Thursday","name":"Rama Navami","type":"Gazetted"},{"month":"April","date":6,"day":"Monday","name":"Mahavir Jayanti","type":"Gazetted"},{"month":"April","date":9,"day":"Thursday","name":"First day of Passover","type":"Observance"},{"month":"April","date":9,"day":"Thursday","name":"Maundy Thursday","type":"Observance,"},{"month":"April","date":10,"day":"Friday","name":"Good Friday","type":"Gazetted"},{"month":"April","date":12,"day":"Sunday","name":"Easter Day","type":"Restricted"},{"month":"April","date":13,"day":"Monday","name":"Vaisakhi","type":"Restricted"},{"month":"April","date":14,"day":"Tuesday","name":"Mesadi/Vaisakhadi","type":"Restricted"},{"month":"April","date":14,"day":"Tuesday","name":"Ambedkar Jayanti","type":"Central"},{"month":"May","date":1,"day":"Friday","name":"May Day","type":"Observance"},{"month":"May","date":7,"day":"Thursday","name":"Buddha Purnima/Vesak","type":"Gazetted"},{"month":"May","date":7,"day":"Thursday","name":"Birthday of Ravindranath","type":"Restricted"},{"month":"May","date":10,"day":"Sunday","name":"Mother's Day","type":"Observance"},{"month":"May","date":22,"day":"Friday","name":"Jamat Ul-Vida","type":"Restricted"},{"month":"May","date":25,"day":"Monday","name":"Ramzan Id/Eid-ul-Fitar","type":"Gazetted"},{"month":"May","date":25,"day":"Monday","name":"Ramzan Id/Eid-ul-Fitar","type":"Muslim,"},{"month":"June","date":21,"day":"Sunday","name":"June Solstice","type":"Season"},{"month":"June","date":21,"day":"Sunday","name":"Father's Day","type":"Observance"},{"month":"June","date":23,"day":"Tuesday","name":"Rath Yatra","type":"Restricted"},{"month":"July","date":5,"day":"Sunday","name":"Guru Purnima","type":"Observance"},{"month":"July","date":31,"day":"Friday","name":"Bakr Id/Eid ul-Adha","type":"Gazetted"},{"month":"August","date":2,"day":"Sunday","name":"Friendship Day","type":"Observance"},{"month":"August","date":3,"day":"Monday","name":"Raksha Bandhan (Rakhi)","type":"Restricted"},{"month":"August","date":11,"day":"Tuesday","name":"Janmashtami (Smarta)","type":"Restricted"},{"month":"August","date":12,"day":"Wednesday","name":"Janmashtami","type":"Gazetted"},{"month":"August","date":15,"day":"Saturday","name":"Independence Day","type":"Gazetted"},{"month":"August","date":16,"day":"Sunday","name":"Parsi New Year","type":"Restricted"},{"month":"August","date":22,"day":"Saturday","name":"Ganesh Chaturthi/Vin
08-04 02:43:21.361 12467 12525 I art     : Starting a blocking GC Explicit
08-04 02:43:21.408 12467 12525 I art     : Explicit concurrent mark sweep GC freed 17778(848KB) AllocSpace objects, 6(4MB) LOS objects, 10% free, 136MB/152MB, paused 960us total 46.809ms
08-04 02:43:21.423 12467 12525 I art     : Starting a blocking GC Explicit
08-04 02:43:21.463 12467 12525 I art     : Explicit concurrent mark sweep GC freed 1594(89KB) AllocSpace objects, 0(0B) LOS objects, 10% free, 136MB/152MB, paused 939us total 40.013ms
08-04 02:43:21.477 12467 12525 I art     : Starting a blocking GC Explicit
08-04 02:43:21.518 12467 12525 I art     : Explicit concurrent mark sweep GC freed 77(1328B) AllocSpace objects, 0(0B) LOS objects, 10% free, 136MB/152MB, paused 1.156ms total 40.546ms
08-04 02:43:21.532 12467 12525 I art     : Starting a blocking GC Explicit
08-04 02:43:21.573 12467 12525 I art     : Explicit concurrent mark sweep GC freed 128(2496B) AllocSpace objects, 0(0B) LOS objects, 10% free, 136MB/152MB, paused 1.055ms total 41.280ms
08-04 02:43:21.588 12467 12525 I art     : Starting a blocking GC Explicit
08-04 02:43:21.629 12467 12525 I art     : Explicit concurrent mark sweep GC freed 75(1296B) AllocSpace objects, 0(0B) LOS objects, 10% free, 136MB/152MB, paused 997us total 41.377ms
08-04 02:43:21.796   518   646 I ThermalEngine: ACTION: GPU - Setting GPU[0] to 450000000
08-04 02:43:22.015 12467 13744 I art     : Starting a blocking GC Explicit
08-04 02:43:22.069 12467 13744 I art     : Explicit concurrent mark sweep GC freed 2206(102KB) AllocSpace objects, 2(36KB) LOS objects, 10% free, 136MB/152MB, paused 1.413ms total 53.324ms
08-04 02:43:22.090 12467 13744 I art     : Starting a blocking GC Explicit
08-04 02:43:22.138 12467 13744 I art     : Explicit concurrent mark sweep GC freed 159(3KB) AllocSpace objects, 0(0B) LOS objects, 10% free, 136MB/152MB, paused 1.340ms total 47.919ms
08-04 02:43:22.156 12467 13744 I art     : Starting a blocking GC Explicit
08-04 02:43:22.206 12467 13744 I art     : Explicit concurrent mark sweep GC freed 119(2864B) AllocSpace objects, 0(0B) LOS objects, 10% free, 136MB/152MB, paused 1.215ms total 49.167ms
08-04 02:43:22.224 12467 13744 I art     : Starting a blocking GC Explicit
08-04 02:43:22.272 12467 13744 I art     : Explicit concurrent mark sweep GC freed 99(1696B) AllocSpace objects, 0(0B) LOS objects, 10% free, 136MB/152MB, paused 1.284ms total 48.371ms
08-04 02:43:22.291 12467 13744 I art     : Starting a blocking GC Explicit
08-04 02:43:22.344 12467 13744 I art     : Explicit concurrent mark sweep GC freed 100(1728B) AllocSpace objects, 0(0B) LOS objects, 10% free, 136MB/152MB, paused 1.199ms total 53.351ms
08-04 02:43:22.776 12467 12479 I art     : Starting a blocking GC Explicit
08-04 02:43:22.831 12467 12479 I art     : Explicit concurrent mark sweep GC freed 2309(104KB) AllocSpace objects, 2(36KB) LOS objects, 10% free, 136MB/152MB, paused 1.280ms total 55.286ms
08-04 02:43:22.854 12467 12479 I art     : Starting a blocking GC Explicit
08-04 02:43:22.906 12467 12479 I art     : Explicit concurrent mark sweep GC freed 133(2752B) AllocSpace objects, 0(0B) LOS objects, 10% free, 136MB/152MB, paused 1.369ms total 51.895ms
08-04 02:43:22.924 12467 12479 I art     : Starting a blocking GC Explicit
08-04 02:43:22.976 12467 12479 I art     : Explicit concurrent mark sweep GC freed 114(1968B) AllocSpace objects, 0(0B) LOS objects, 10% free, 136MB/152MB, paused 1.154ms total 51.979ms
08-04 02:43:22.994 12467 12479 I art     : Starting a blocking GC Explicit
08-04 02:43:23.045 12467 12479 I art     : Explicit concurrent mark sweep GC freed 99(1696B) AllocSpace objects, 0(0B) LOS objects, 10% free, 136MB/152MB, paused 1.224ms total 50.901ms
08-04 02:43:23.063 12467 12479 I art     : Starting a blocking GC Explicit
08-04 02:43:23.115 12467 12479 I art     : Explicit concurrent mark sweep GC freed 99(1696B) AllocSpace objects, 0(0B) LOS objects, 10% free, 136MB/152MB, paused 1.189ms total 50.948ms
08-04 02:43:23.554 12467 12526 I art     : Starting a blocking GC Explicit
08-04 02:43:23.608 12467 12526 I art     : Explicit concurrent mark sweep GC freed 2331(104KB) AllocSpace objects, 2(36KB) LOS objects, 10% free, 136MB/152MB, paused 1.279ms total 53.069ms
08-04 02:43:23.627 12467 12526 I art     : Starting a blocking GC Explicit
08-04 02:43:23.680 12467 12526 I art     : Explicit concurrent mark sweep GC freed 126(2688B) AllocSpace objects, 0(0B) LOS objects, 10% free, 136MB/152MB, paused 1.244ms total 53.509ms
08-04 02:43:23.699 12467 12526 I art     : Starting a blocking GC Explicit
08-04 02:43:23.752 12467 12526 I art     : Explicit concurrent mark sweep GC freed 100(1728B) AllocSpace objects, 0(0B) LOS objects, 10% free, 136MB/152MB, paused 1.241ms total 52.868ms
08-04 02:43:23.752 12467 12478 I art     : WaitForGcToComplete blocked for 14.866ms for cause HeapTrim
08-04 02:43:23.771 12467 12526 I art     : Starting a blocking GC Explicit
08-04 02:43:23.801   518   646 I ThermalEngine: ACTION: GPU - Setting GPU[0] to 510000000
08-04 02:43:23.825 12467 12526 I art     : Explicit concurrent mark sweep GC freed 122(2064B) AllocSpace objects, 0(0B) LOS objects, 10% free, 136MB/152MB, paused 1.362ms total 53.641ms
08-04 02:43:23.842 12467 12526 I art     : Starting a blocking GC Explicit
08-04 02:43:23.884 12467 12526 I art     : Explicit concurrent mark sweep GC freed 88(1984B) AllocSpace objects, 0(0B) LOS objects, 10% free, 136MB/152MB, paused 908us total 41.334ms
08-04 02:43:24.270 12467 12480 I art     : Starting a blocking GC Explicit
08-04 02:43:24.312 12467 12480 I art     : Explicit concurrent mark sweep GC freed 2215(102KB) AllocSpace objects, 2(36KB) LOS objects, 10% free, 136MB/152MB, paused 941us total 41.044ms
08-04 02:43:24.328 12467 12480 I art     : Starting a blocking GC Explicit
08-04 02:43:24.367 12467 12480 I art     : Explicit concurrent mark sweep GC freed 101(2256B) AllocSpace objects, 0(0B) LOS objects, 10% free, 136MB/152MB, paused 916us total 38.676ms
08-04 02:43:24.380 12467 12480 I art     : Starting a blocking GC Explicit
08-04 02:43:24.420 12467 12480 I art     : Explicit concurrent mark sweep GC freed 75(1296B) AllocSpace objects, 0(0B) LOS objects, 10% free, 136MB/152MB, paused 877us total 39.167ms
08-04 02:43:24.434 12467 12480 I art     : Starting a blocking GC Explicit
08-04 02:43:24.474 12467 12480 I art     : Explicit concurrent mark sweep GC freed 81(1392B) AllocSpace objects, 0(0B) LOS objects, 10% free, 136MB/152MB, paused 1.020ms total 39.569ms
08-04 02:43:24.487 12467 12480 I art     : Starting a blocking GC Explicit
08-04 02:43:24.528 12467 12480 I art     : Explicit concurrent mark sweep GC freed 92(1568B) AllocSpace objects, 0(0B) LOS objects, 10% free, 136MB/152MB, paused 953us total 40.268ms
08-04 02:43:24.897 12467 12525 I art     : Starting a blocking GC Explicit
08-04 02:43:24.939 12467 12525 I art     : Explicit concurrent mark sweep GC freed 2190(102KB) AllocSpace objects, 2(36KB) LOS objects, 10% free, 136MB/152MB, paused 1.137ms total 41.378ms
08-04 02:43:24.953 12467 12525 I art     : Starting a blocking GC Explicit
08-04 02:43:24.991 12467 12525 I art     : Explicit concurrent mark sweep GC freed 123(2592B) AllocSpace objects, 0(0B) LOS objects, 10% free, 136MB/152MB, paused 891us total 38.198ms
08-04 02:43:25.005 12467 12525 I art     : Starting a blocking GC Explicit
08-04 02:43:25.044 12467 12525 I art     : Explicit concurrent mark sweep GC freed 77(1360B) AllocSpace objects, 0(0B) LOS objects, 10% free, 136MB/152MB, paused 968us total 38.964ms
08-04 02:43:25.058 12467 12525 I art     : Starting a blocking GC Explicit
08-04 02:43:25.096 12467 12525 I art     : Explicit concurrent mark sweep GC freed 87(1872B) AllocSpace objects, 0(0B) LOS objects, 10% free, 136MB/152MB, paused 899us total 37.806ms
08-04 02:43:25.110 12467 12525 I art     : Starting a blocking GC Explicit
08-04 02:43:25.148 12467 12525 I art     : Explicit concurrent mark sweep GC freed 101(2384B) AllocSpace objects, 0(0B) LOS objects, 10% free, 136MB/152MB, paused 993us total 38.096ms
08-04 02:43:25.185 14452 14452 D AndroidRuntime: >>>>>> START com.android.internal.os.RuntimeInit uid 2000 <<<<<<
08-04 02:43:25.189 14452 14452 D AndroidRuntime: CheckJNI is OFF
08-04 02:43:25.221 14452 14452 D ICU     : No timezone override file found: /data/misc/zoneinfo/current/icu/icu_tzdata.dat
08-04 02:43:25.254 14452 14452 I Radio-JNI: register_android_hardware_Radio DONE
08-04 02:43:25.277 14452 14452 D AndroidRuntime: Calling main entry com.android.commands.input.Input
08-04 02:43:25.278 14452 14452 I Input   : injectKeyEvent: KeyEvent { action=ACTION_DOWN, keyCode=KEYCODE_BACK, scanCode=0, metaState=0, flags=0x0, repeatCount=0, eventTime=672221691, downTime=672221691, deviceId=-1, source=0x101 }
08-04 02:43:25.285 14452 14452 I Input   : injectKeyEvent: KeyEvent { action=ACTION_UP, keyCode=KEYCODE_BACK, scanCode=0, metaState=0, flags=0x0, repeatCount=0, eventTime=672221691, downTime=672221691, deviceId=-1, source=0x101 }
08-04 02:43:25.291 14452 14452 D AndroidRuntime: Shutting down VM
08-04 02:43:25.304 12467 12467 V MainActivity: url = https://project-travel-mate.herokuapp.com/api/number-of-unread-notifications
08-04 02:43:25.335 13866 13866 I GoogleInputMethodServic: GoogleInputMethodService.onFinishInput():3138 
08-04 02:43:25.336 13866 13866 I GoogleInputMethodServic: GoogleInputMethodService.onStartInput():1808 
08-04 02:43:25.471 12467 13744 I art     : Starting a blocking GC Explicit
08-04 02:43:25.510 12467 13744 I art     : Explicit concurrent mark sweep GC freed 2509(120KB) AllocSpace objects, 2(36KB) LOS objects, 10% free, 136MB/152MB, paused 1.880ms total 38.726ms
08-04 02:43:25.527 12467 13744 I art     : Starting a blocking GC Explicit
08-04 02:43:25.566 12467 13744 I art     : Explicit concurrent mark sweep GC freed 207(6KB) AllocSpace objects, 0(0B) LOS objects, 10% free, 136MB/152MB, paused 894us total 38.391ms
08-04 02:43:25.580 12467 13744 I art     : Starting a blocking GC Explicit
08-04 02:43:25.630 12467 13744 I art     : Explicit concurrent mark sweep GC freed 116(2256B) AllocSpace objects, 0(0B) LOS objects, 10% free, 136MB/152MB, paused 1.273ms total 50.082ms
08-04 02:43:25.645 12467 13744 I art     : Starting a blocking GC Explicit
08-04 02:43:25.654   380   380 W SurfaceFlinger: couldn't log to binary event log: overflow.
08-04 02:43:25.683 12467 13744 I art     : Explicit concurrent mark sweep GC freed 69(1696B) AllocSpace objects, 0(0B) LOS objects, 10% free, 136MB/152MB, paused 881us total 38.194ms
08-04 02:43:25.696 12467 13744 I art     : Starting a blocking GC Explicit
08-04 02:43:25.734 12467 13744 I art     : Explicit concurrent mark sweep GC freed 13(576B) AllocSpace objects, 0(0B) LOS objects, 10% free, 136MB/152MB, paused 972us total 36.976ms
08-04 02:43:25.881 12467 14471 I NAPPA_EXPERIMENTATION: MetricNetworkRequestExecutionTime: REQUEST_DURATION_SYSTEM='576',REQUEST_DURATION_OKHTTP='31',REQUEST_SYNCHRONOUS='FALSE',RESPONSE_CODE='200',RESPONSE_METHOD='GET',RESPONSE_LENGTH_OKHTTP='36',RESPONSE_LENGTH_HEADER='36',REQUEST_PROTOCOL='http/1.1',REQUEST_URL='https://project-travel-mate.herokuapp.com/api/number-of-unread-notifications',
08-04 02:43:26.077 12467 12480 I art     : Starting a blocking GC Explicit
08-04 02:43:26.139 12467 12480 I art     : Explicit concurrent mark sweep GC freed 10985(599KB) AllocSpace objects, 18(500KB) LOS objects, 10% free, 136MB/152MB, paused 1.097ms total 61.582ms
08-04 02:43:26.157 12467 12480 I art     : Starting a blocking GC Explicit
08-04 02:43:26.196 12467 12480 I art     : Explicit concurrent mark sweep GC freed 962(117KB) AllocSpace objects, 0(0B) LOS objects, 10% free, 136MB/152MB, paused 1.084ms total 38.091ms
08-04 02:43:26.210 12467 12480 I art     : Starting a blocking GC Explicit
08-04 02:43:26.250 12467 12480 I art     : Explicit concurrent mark sweep GC freed 3(96B) AllocSpace objects, 0(0B) LOS objects, 10% free, 136MB/152MB, paused 937us total 39.737ms
08-04 02:43:26.264 12467 12480 I art     : Starting a blocking GC Explicit
08-04 02:43:26.303 12467 12480 I art     : Explicit concurrent mark sweep GC freed 3(96B) AllocSpace objects, 0(0B) LOS objects, 10% free, 136MB/152MB, paused 938us total 39.267ms
08-04 02:43:26.317 12467 12480 I art     : Starting a blocking GC Explicit
08-04 02:43:26.356 12467 12480 I art     : Explicit concurrent mark sweep GC freed 3(96B) AllocSpace objects, 0(0B) LOS objects, 10% free, 136MB/152MB, paused 884us total 38.369ms
08-04 02:43:26.704 12467 12526 I art     : Starting a blocking GC Explicit
08-04 02:43:26.753 12467 12526 I art     : Explicit concurrent mark sweep GC freed 1613(92KB) AllocSpace objects, 2(36KB) LOS objects, 10% free, 136MB/152MB, paused 1.064ms total 47.911ms
08-04 02:43:26.769 12467 12526 I art     : Starting a blocking GC Explicit
08-04 02:43:26.807 12467 12526 I art     : Explicit concurrent mark sweep GC freed 28(1024B) AllocSpace objects, 0(0B) LOS objects, 10% free, 136MB/152MB, paused 920us total 37.899ms
08-04 02:43:26.821 12467 12526 I art     : Starting a blocking GC Explicit
08-04 02:43:26.858 12467 12526 I art     : Explicit concurrent mark sweep GC freed 15(752B) AllocSpace objects, 0(0B) LOS objects, 10% free, 136MB/152MB, paused 919us total 37.564ms
08-04 02:43:26.872 12467 12526 I art     : Starting a blocking GC Explicit
08-04 02:43:26.909 12467 12526 I art     : Explicit concurrent mark sweep GC freed 13(640B) AllocSpace objects, 0(0B) LOS objects, 10% free, 136MB/152MB, paused 1.037ms total 37.249ms
08-04 02:43:26.923 12467 12526 I art     : Starting a blocking GC Explicit
08-04 02:43:26.960 12467 12526 I art     : Explicit concurrent mark sweep GC freed 5(160B) AllocSpace objects, 0(0B) LOS objects, 10% free, 136MB/152MB, paused 1.005ms total 36.708ms
08-04 02:43:26.964 14493 14493 D AndroidRuntime: >>>>>> START com.android.internal.os.RuntimeInit uid 2000 <<<<<<
08-04 02:43:26.968 14493 14493 D AndroidRuntime: CheckJNI is OFF
08-04 02:43:27.001 14493 14493 D ICU     : No timezone override file found: /data/misc/zoneinfo/current/icu/icu_tzdata.dat
08-04 02:43:27.032 14493 14493 I Radio-JNI: register_android_hardware_Radio DONE
08-04 02:43:27.055 14493 14493 D AndroidRuntime: Calling main entry com.android.commands.input.Input
08-04 02:43:27.056 14493 14493 I Input   : injectMotionEvent: MotionEvent { action=ACTION_DOWN, actionButton=0, id[0]=0, x[0]=117.0, y[0]=170.0, toolType[0]=TOOL_TYPE_UNKNOWN, buttonState=0, metaState=0, flags=0x0, edgeFlags=0x0, pointerCount=1, historySize=0, eventTime=672223469, downTime=672223469, deviceId=0, source=0x1002 }
08-04 02:43:27.079 14493 14493 I Input   : injectMotionEvent: MotionEvent { action=ACTION_UP, actionButton=0, id[0]=0, x[0]=117.0, y[0]=170.0, toolType[0]=TOOL_TYPE_UNKNOWN, buttonState=0, metaState=0, flags=0x0, edgeFlags=0x0, pointerCount=1, historySize=0, eventTime=672223469, downTime=672223469, deviceId=0, source=0x1002 }
08-04 02:43:27.110 14493 14493 D AndroidRuntime: Shutting down VM
08-04 02:43:27.143   512  2967 D audio_hw_primary: out_set_parameters: enter: usecase(1: low-latency-playback) kvpairs: routing=2
08-04 02:43:27.156   512  2967 D audio_hw_primary: select_devices: out_snd_device(2: speaker) in_snd_device(0: none)
08-04 02:43:27.156   512  2967 D msm8974_platform: platform_send_audio_calibration: sending audio calibration for snd_device(2) acdb_id(15)
08-04 02:43:27.156   512  2967 I soundtrigger: audio_extn_sound_trigger_update_device_status: device 0x2 of type 0 for Event 1
08-04 02:43:27.165   512  2967 D audio_hw_primary: enable_snd_device: snd_device(2: speaker)
08-04 02:43:27.167   512  2967 D audio_hw_primary: enable_audio_route: apply and update mixer path: low-latency-playback speaker
08-04 02:43:27.283 12467 12525 I art     : Starting a blocking GC Explicit
08-04 02:43:27.319 12467 12525 I art     : Explicit concurrent mark sweep GC freed 2040(114KB) AllocSpace objects, 2(36KB) LOS objects, 10% free, 136MB/152MB, paused 901us total 35.585ms
08-04 02:43:27.333 12467 12525 I art     : Starting a blocking GC Explicit
08-04 02:43:27.368 12467 12525 I art     : Explicit concurrent mark sweep GC freed 52(1968B) AllocSpace objects, 0(0B) LOS objects, 10% free, 136MB/152MB, paused 967us total 34.503ms
08-04 02:43:27.381 12467 12525 I art     : Starting a blocking GC Explicit
08-04 02:43:27.416 12467 12525 I art     : Explicit concurrent mark sweep GC freed 5(160B) AllocSpace objects, 0(0B) LOS objects, 10% free, 136MB/152MB, paused 1.065ms total 34.067ms
08-04 02:43:27.429 12467 12525 I art     : Starting a blocking GC Explicit
08-04 02:43:27.465 12467 12525 I art     : Explicit concurrent mark sweep GC freed 3(96B) AllocSpace objects, 0(0B) LOS objects, 10% free, 136MB/152MB, paused 1.086ms total 36.199ms
08-04 02:43:27.481 12467 12525 I art     : Starting a blocking GC Explicit
08-04 02:43:27.514 12467 12525 I art     : Explicit concurrent mark sweep GC freed 3(96B) AllocSpace objects, 0(0B) LOS objects, 10% free, 136MB/152MB, paused 1.092ms total 33.014ms
08-04 02:43:27.709   512  2967 D audio_hw_primary: disable_audio_route: reset and update mixer path: low-latency-playback speaker
08-04 02:43:27.710   512  2967 D audio_hw_primary: disable_snd_device: snd_device(2: speaker)
08-04 02:43:27.718   512  2967 I soundtrigger: audio_extn_sound_trigger_update_device_status: device 0x2 of type 0 for Event 0
08-04 02:43:27.743 14524 14524 D AndroidRuntime: >>>>>> START com.android.internal.os.RuntimeInit uid 2000 <<<<<<
08-04 02:43:27.748 14524 14524 D AndroidRuntime: CheckJNI is OFF
08-04 02:43:27.779 14524 14524 D ICU     : No timezone override file found: /data/misc/zoneinfo/current/icu/icu_tzdata.dat
08-04 02:43:27.811 14524 14524 I Radio-JNI: register_android_hardware_Radio DONE
08-04 02:43:27.833 14524 14524 D AndroidRuntime: Calling main entry com.android.commands.input.Input
08-04 02:43:27.835 14524 14524 I Input   : injectMotionEvent: MotionEvent { action=ACTION_DOWN, actionButton=0, id[0]=0, x[0]=405.0, y[0]=661.0, toolType[0]=TOOL_TYPE_UNKNOWN, buttonState=0, metaState=0, flags=0x0, edgeFlags=0x0, pointerCount=1, historySize=0, eventTime=672224247, downTime=672224247, deviceId=0, source=0x1002 }
08-04 02:43:27.840 14524 14524 I Input   : injectMotionEvent: MotionEvent { action=ACTION_UP, actionButton=0, id[0]=0, x[0]=405.0, y[0]=661.0, toolType[0]=TOOL_TYPE_UNKNOWN, buttonState=0, metaState=0, flags=0x0, edgeFlags=0x0, pointerCount=1, historySize=0, eventTime=672224247, downTime=672224247, deviceId=0, source=0x1002 }
08-04 02:43:27.842 14524 14524 D AndroidRuntime: Shutting down VM
08-04 02:43:27.851 12467 12480 I art     : Starting a blocking GC Explicit
08-04 02:43:27.865   512  2967 D audio_hw_primary: out_set_parameters: enter: usecase(1: low-latency-playback) kvpairs: routing=2
08-04 02:43:27.878   512  2967 D audio_hw_primary: select_devices: out_snd_device(2: speaker) in_snd_device(0: none)
08-04 02:43:27.878   512  2967 D msm8974_platform: platform_send_audio_calibration: sending audio calibration for snd_device(2) acdb_id(15)
08-04 02:43:27.878   512  2967 I soundtrigger: audio_extn_sound_trigger_update_device_status: device 0x2 of type 0 for Event 1
08-04 02:43:27.887   512  2967 D audio_hw_primary: enable_snd_device: snd_device(2: speaker)
08-04 02:43:27.889   512  2967 D audio_hw_primary: enable_audio_route: apply and update mixer path: low-latency-playback speaker
08-04 02:43:27.891 12467 12480 I art     : Explicit concurrent mark sweep GC freed 2102(138KB) AllocSpace objects, 2(36KB) LOS objects, 10% free, 136MB/152MB, paused 1.113ms total 40.047ms
08-04 02:43:27.904 12467 12480 I art     : Waiting for a blocking GC Explicit
08-04 02:43:27.913 12467 12480 I art     : WaitForGcToComplete blocked for 9.134ms for cause Explicit
08-04 02:43:27.913 12467 12480 I art     : Starting a blocking GC Explicit
08-04 02:43:27.937   512  2967 D AudioFlinger: mixer(0xf4740000) throttle end: throttle time(12)
08-04 02:43:27.948 12467 12480 I art     : Explicit concurrent mark sweep GC freed 87(32KB) AllocSpace objects, 0(0B) LOS objects, 8% free, 167MB/183MB, paused 1.059ms total 34.857ms
08-04 02:43:27.961 12467 12480 I art     : Starting a blocking GC Explicit
08-04 02:43:27.996 12467 12480 I art     : Explicit concurrent mark sweep GC freed 10(368B) AllocSpace objects, 0(0B) LOS objects, 8% free, 167MB/183MB, paused 1.049ms total 34.483ms
08-04 02:43:28.009 12467 12480 I art     : Starting a blocking GC Explicit
08-04 02:43:28.044 12467 12480 I art     : Explicit concurrent mark sweep GC freed 3(96B) AllocSpace objects, 0(0B) LOS objects, 8% free, 167MB/183MB, paused 1.035ms total 34.514ms
08-04 02:43:28.057 12467 12480 I art     : Starting a blocking GC Explicit
08-04 02:43:28.092 12467 12480 I art     : Explicit concurrent mark sweep GC freed 25(16KB) AllocSpace objects, 0(0B) LOS objects, 8% free, 170MB/186MB, paused 1.092ms total 35.199ms
08-04 02:43:28.403 12467 12526 I art     : Starting a blocking GC Explicit
08-04 02:43:28.428   512  2967 D audio_hw_primary: disable_audio_route: reset and update mixer path: low-latency-playback speaker
08-04 02:43:28.429   512  2967 D audio_hw_primary: disable_snd_device: snd_device(2: speaker)
08-04 02:43:28.438   512  2967 I soundtrigger: audio_extn_sound_trigger_update_device_status: device 0x2 of type 0 for Event 0
08-04 02:43:28.440 12467 12526 I art     : Explicit concurrent mark sweep GC freed 3237(174KB) AllocSpace objects, 11(288KB) LOS objects, 8% free, 183MB/199MB, paused 938us total 37.468ms
08-04 02:43:28.454 12467 12526 I art     : Starting a blocking GC Explicit
08-04 02:43:28.493 12467 12526 I art     : Explicit concurrent mark sweep GC freed 914(51KB) AllocSpace objects, 0(0B) LOS objects, 8% free, 182MB/198MB, paused 946us total 38.883ms
08-04 02:43:28.507 12467 12526 I art     : Starting a blocking GC Explicit
08-04 02:43:28.548 12467 12526 I art     : Explicit concurrent mark sweep GC freed 3(96B) AllocSpace objects, 0(0B) LOS objects, 8% free, 182MB/198MB, paused 1.015ms total 40.607ms
08-04 02:43:28.562 12467 12526 I art     : Starting a blocking GC Explicit
08-04 02:43:28.603 12467 12526 I art     : Explicit concurrent mark sweep GC freed 34(928B) AllocSpace objects, 0(0B) LOS objects, 8% free, 182MB/198MB, paused 1.010ms total 40.395ms
08-04 02:43:28.617 12467 12526 I art     : Starting a blocking GC Explicit
08-04 02:43:28.658 12467 12526 I art     : Explicit concurrent mark sweep GC freed 3(96B) AllocSpace objects, 0(0B) LOS objects, 8% free, 182MB/198MB, paused 1.058ms total 40.383ms
08-04 02:43:28.813   518   646 I ThermalEngine: ACTION: GPU - Setting GPU[0] to 450000000
08-04 02:43:29.066 12467 12480 I art     : Starting a blocking GC Explicit
08-04 02:43:29.131 12467 12480 I art     : Explicit concurrent mark sweep GC freed 1582(92KB) AllocSpace objects, 2(36KB) LOS objects, 8% free, 182MB/198MB, paused 1.320ms total 64.315ms
08-04 02:43:29.153 12467 12480 I art     : Starting a blocking GC Explicit
08-04 02:43:29.205 12467 12480 I art     : Explicit concurrent mark sweep GC freed 28(1024B) AllocSpace objects, 0(0B) LOS objects, 8% free, 182MB/198MB, paused 1.359ms total 52.262ms
08-04 02:43:29.227 12467 12480 I art     : Starting a blocking GC Explicit
08-04 02:43:29.278 12467 12480 I art     : Explicit concurrent mark sweep GC freed 3(96B) AllocSpace objects, 0(0B) LOS objects, 8% free, 182MB/198MB, paused 1.426ms total 51.148ms
08-04 02:43:29.301 12467 12480 I art     : Starting a blocking GC Explicit
08-04 02:43:29.350 12467 12480 I art     : Explicit concurrent mark sweep GC freed 3(96B) AllocSpace objects, 0(0B) LOS objects, 8% free, 182MB/198MB, paused 1.227ms total 49.157ms
08-04 02:43:29.368 12467 12480 I art     : Starting a blocking GC Explicit
08-04 02:43:29.418 12467 12480 I art     : Explicit concurrent mark sweep GC freed 3(96B) AllocSpace objects, 0(0B) LOS objects, 8% free, 182MB/198MB, paused 1.294ms total 49.139ms
08-04 02:43:29.842 12467 12479 I art     : Starting a blocking GC Explicit
08-04 02:43:29.905 12467 12479 I art     : Explicit concurrent mark sweep GC freed 1638(94KB) AllocSpace objects, 2(36KB) LOS objects, 8% free, 182MB/198MB, paused 1.323ms total 63.030ms
08-04 02:43:29.929 12467 12479 I art     : Starting a blocking GC Explicit
08-04 02:43:29.982 12467 12479 I art     : Explicit concurrent mark sweep GC freed 52(2000B) AllocSpace objects, 0(0B) LOS objects, 8% free, 182MB/198MB, paused 1.227ms total 53.410ms
08-04 02:43:30.001 12467 12479 I art     : Starting a blocking GC Explicit
08-04 02:43:30.055 12467 12479 I art     : Explicit concurrent mark sweep GC freed 7(224B) AllocSpace objects, 0(0B) LOS objects, 8% free, 182MB/198MB, paused 1.170ms total 53.942ms
08-04 02:43:30.073 12467 12479 I art     : Starting a blocking GC Explicit
08-04 02:43:30.123 12467 12479 I art     : Explicit concurrent mark sweep GC freed 12(576B) AllocSpace objects, 0(0B) LOS objects, 8% free, 182MB/198MB, paused 1.101ms total 49.174ms
08-04 02:43:30.141 12467 12479 I art     : Starting a blocking GC Explicit
08-04 02:43:30.188 12467 12479 I art     : Explicit concurrent mark sweep GC freed 17(528B) AllocSpace objects, 0(0B) LOS objects, 8% free, 182MB/198MB, paused 1.108ms total 47.058ms
08-04 02:43:30.615 12467 12525 I art     : Starting a blocking GC Explicit
08-04 02:43:30.648 14576 14576 D AndroidRuntime: >>>>>> START com.android.internal.os.RuntimeInit uid 2000 <<<<<<
08-04 02:43:30.655 14576 14576 D AndroidRuntime: CheckJNI is OFF
08-04 02:43:30.680 12467 12525 I art     : Explicit concurrent mark sweep GC freed 1613(92KB) AllocSpace objects, 2(36KB) LOS objects, 8% free, 182MB/198MB, paused 1.472ms total 64.267ms
08-04 02:43:30.698 12467 12525 I art     : Starting a blocking GC Explicit
08-04 02:43:30.707 14576 14576 D ICU     : No timezone override file found: /data/misc/zoneinfo/current/icu/icu_tzdata.dat
08-04 02:43:30.747 12467 12525 I art     : Explicit concurrent mark sweep GC freed 28(1024B) AllocSpace objects, 0(0B) LOS objects, 8% free, 182MB/198MB, paused 1.218ms total 48.638ms
08-04 02:43:30.752 14576 14576 I Radio-JNI: register_android_hardware_Radio DONE
08-04 02:43:30.765 12467 12525 I art     : Starting a blocking GC Explicit
08-04 02:43:30.783 14576 14576 D AndroidRuntime: Calling main entry com.android.commands.input.Input
08-04 02:43:30.786 14576 14576 I Input   : injectMotionEvent: MotionEvent { action=ACTION_DOWN, actionButton=0, id[0]=0, x[0]=1341.0, y[0]=197.0, toolType[0]=TOOL_TYPE_UNKNOWN, buttonState=0, metaState=0, flags=0x0, edgeFlags=0x0, pointerCount=1, historySize=0, eventTime=672227198, downTime=672227198, deviceId=0, source=0x1002 }
08-04 02:43:30.792 14576 14576 I Input   : injectMotionEvent: MotionEvent { action=ACTION_UP, actionButton=0, id[0]=0, x[0]=1341.0, y[0]=197.0, toolType[0]=TOOL_TYPE_UNKNOWN, buttonState=0, metaState=0, flags=0x0, edgeFlags=0x0, pointerCount=1, historySize=0, eventTime=672227198, downTime=672227198, deviceId=0, source=0x1002 }
08-04 02:43:30.794 14576 14576 D AndroidRuntime: Shutting down VM
08-04 02:43:30.813 12467 12525 I art     : Explicit concurrent mark sweep GC freed 24(784B) AllocSpace objects, 0(0B) LOS objects, 8% free, 182MB/198MB, paused 1.299ms total 48.369ms
08-04 02:43:30.816   918  5481 I ActivityManager: START u0 {cmp=baseline.io.github.project_travel_mate/.notifications.NotificationsActivity} from uid 10650 on display 0
08-04 02:43:30.818   512  2967 D audio_hw_primary: out_set_parameters: enter: usecase(1: low-latency-playback) kvpairs: routing=2
08-04 02:43:30.830   512  2967 D audio_hw_primary: select_devices: out_snd_device(2: speaker) in_snd_device(0: none)
08-04 02:43:30.831   512  2967 D msm8974_platform: platform_send_audio_calibration: sending audio calibration for snd_device(2) acdb_id(15)
08-04 02:43:30.831   512  2967 I soundtrigger: audio_extn_sound_trigger_update_device_status: device 0x2 of type 0 for Event 1
08-04 02:43:30.832 12467 12525 I art     : Starting a blocking GC Explicit
08-04 02:43:30.844   512  2967 D audio_hw_primary: enable_snd_device: snd_device(2: speaker)
08-04 02:43:30.846   512  2967 D audio_hw_primary: enable_audio_route: apply and update mixer path: low-latency-playback speaker
08-04 02:43:30.857 12467 12544 D Gabe    : call	returning from cache
08-04 02:43:30.870 12467 12467 V EXECUTING: https://project-travel-mate.herokuapp.com/api/get-notifications
08-04 02:43:30.879 12467 12525 I art     : Explicit concurrent mark sweep GC freed 642(68KB) AllocSpace objects, 0(0B) LOS objects, 8% free, 183MB/199MB, paused 4.070ms total 46.483ms
08-04 02:43:30.879 12467 12467 V EXECUTING: https://project-travel-mate.herokuapp.com/api/get-notifications
08-04 02:43:30.896 12467 12525 I art     : Starting a blocking GC Explicit
08-04 02:43:30.940 12467 12525 I art     : Explicit concurrent mark sweep GC freed 827(40KB) AllocSpace objects, 0(0B) LOS objects, 8% free, 183MB/199MB, paused 1.720ms total 43.347ms
08-04 02:43:31.051 13866 13866 I GoogleInputMethodServic: GoogleInputMethodService.onFinishInput():3138 
08-04 02:43:31.051 13866 13866 I GoogleInputMethodServic: GoogleInputMethodService.onStartInput():1808 
08-04 02:43:31.052   918   936 I ActivityManager: Displayed baseline.io.github.project_travel_mate/.notifications.NotificationsActivity: +222ms
08-04 02:43:31.151 12467 12482 D OpenGLRenderer: endAllStagingAnimators on 0x7f773ff800 (RippleDrawable) with handle 0x7f7b848da0
08-04 02:43:31.310 12467 12480 I art     : Starting a blocking GC Explicit
08-04 02:43:31.310   380   380 W SurfaceFlinger: couldn't log to binary event log: overflow.
08-04 02:43:31.361 12467 12480 I art     : Explicit concurrent mark sweep GC freed 4578(262KB) AllocSpace objects, 6(276KB) LOS objects, 7% free, 187MB/203MB, paused 1.700ms total 50.367ms
08-04 02:43:31.378   512  2967 D audio_hw_primary: disable_audio_route: reset and update mixer path: low-latency-playback speaker
08-04 02:43:31.379 12467 12480 I art     : Starting a blocking GC Explicit
08-04 02:43:31.379   512  2967 D audio_hw_primary: disable_snd_device: snd_device(2: speaker)
08-04 02:43:31.386   512  2967 I soundtrigger: audio_extn_sound_trigger_update_device_status: device 0x2 of type 0 for Event 0
08-04 02:43:31.425 12467 12480 I art     : Explicit concurrent mark sweep GC freed 4614(257KB) AllocSpace objects, 2(160KB) LOS objects, 7% free, 187MB/203MB, paused 1.289ms total 45.751ms
08-04 02:43:31.428 12467 14601 I NAPPA_EXPERIMENTATION: MetricNetworkRequestExecutionTime: REQUEST_DURATION_SYSTEM='548',REQUEST_DURATION_OKHTTP='46',REQUEST_SYNCHRONOUS='FALSE',RESPONSE_CODE='200',RESPONSE_METHOD='GET',RESPONSE_LENGTH_OKHTTP='2',RESPONSE_LENGTH_HEADER='2',REQUEST_PROTOCOL='http/1.1',REQUEST_URL='https://project-travel-mate.herokuapp.com/api/get-notifications',
08-04 02:43:31.432 12467 14600 I NAPPA_EXPERIMENTATION: MetricNetworkRequestExecutionTime: REQUEST_DURATION_SYSTEM='561',REQUEST_DURATION_OKHTTP='49',REQUEST_SYNCHRONOUS='FALSE',RESPONSE_CODE='200',RESPONSE_METHOD='GET',RESPONSE_LENGTH_OKHTTP='2',RESPONSE_LENGTH_HEADER='2',REQUEST_PROTOCOL='http/1.1',REQUEST_URL='https://project-travel-mate.herokuapp.com/api/get-notifications',
08-04 02:43:31.443 12467 12480 I art     : Starting a blocking GC Explicit
08-04 02:43:31.490 12467 12480 I art     : Explicit concurrent mark sweep GC freed 1297(143KB) AllocSpace objects, 0(0B) LOS objects, 7% free, 187MB/203MB, paused 1.492ms total 46.190ms
08-04 02:43:31.507 12467 12480 I art     : Starting a blocking GC Explicit
08-04 02:43:31.553 12467 12480 I art     : Explicit concurrent mark sweep GC freed 140(3KB) AllocSpace objects, 0(0B) LOS objects, 7% free, 187MB/203MB, paused 1.480ms total 44.941ms
08-04 02:43:31.570 12467 12480 I art     : Starting a blocking GC Explicit
08-04 02:43:31.615 12467 12480 I art     : Explicit concurrent mark sweep GC freed 97(2880B) AllocSpace objects, 0(0B) LOS objects, 7% free, 187MB/203MB, paused 1.172ms total 44.403ms
08-04 02:43:31.617 12467 12467 V Response: [] 
08-04 02:43:31.644 12467 12467 V Response: [] 
08-04 02:43:31.653 12467 12544 W LOTTIE  : Animation contains merge paths. Merge paths are only supported on KitKat+ and must be manually enabled by calling enableMergePathsForKitKatAndAbove().
08-04 02:43:31.662 12467 12544 W LOTTIE  : Animation contains merge paths. Merge paths are only supported on KitKat+ and must be manually enabled by calling enableMergePathsForKitKatAndAbove().
08-04 02:43:31.665 12467 12544 W LOTTIE  : Animation contains merge paths. Merge paths are only supported on KitKat+ and must be manually enabled by calling enableMergePathsForKitKatAndAbove().
08-04 02:43:31.668 12467 12544 W LOTTIE  : Animation contains merge paths. Merge paths are only supported on KitKat+ and must be manually enabled by calling enableMergePathsForKitKatAndAbove().
08-04 02:43:31.670 12467 12544 W LOTTIE  : Animation contains merge paths. Merge paths are only supported on KitKat+ and must be manually enabled by calling enableMergePathsForKitKatAndAbove().
08-04 02:43:31.673 12467 12544 W LOTTIE  : Animation contains merge paths. Merge paths are only supported on KitKat+ and must be manually enabled by calling enableMergePathsForKitKatAndAbove().
08-04 02:43:31.675 12467 12544 W LOTTIE  : Animation contains merge paths. Merge paths are only supported on KitKat+ and must be manually enabled by calling enableMergePathsForKitKatAndAbove().
08-04 02:43:31.676 12467 12467 W LOTTIE  : Animation contains merge paths but they are disabled.
08-04 02:43:31.749 13589 13589 I ServiceManager: Waiting for service AtCmdFwd...
08-04 02:43:31.995 12467 12480 I art     : Starting a blocking GC Explicit
08-04 02:43:32.042 12467 12480 I art     : Explicit concurrent mark sweep GC freed 12452(529KB) AllocSpace objects, 3(224KB) LOS objects, 7% free, 187MB/203MB, paused 1.177ms total 47.320ms
08-04 02:43:32.060 12467 12480 I art     : Starting a blocking GC Explicit
08-04 02:43:32.105 12467 12480 I art     : Explicit concurrent mark sweep GC freed 2082(82KB) AllocSpace objects, 0(0B) LOS objects, 7% free, 187MB/203MB, paused 1.406ms total 44.639ms
08-04 02:43:32.123 12467 12480 I art     : Starting a blocking GC Explicit
08-04 02:43:32.166 12467 12480 I art     : Explicit concurrent mark sweep GC freed 277(4KB) AllocSpace objects, 0(0B) LOS objects, 7% free, 187MB/203MB, paused 1.355ms total 42.998ms
08-04 02:43:32.183 12467 12480 I art     : Starting a blocking GC Explicit
08-04 02:43:32.226 12467 12480 I art     : Explicit concurrent mark sweep GC freed 263(5KB) AllocSpace objects, 0(0B) LOS objects, 7% free, 187MB/203MB, paused 1.136ms total 42.101ms
08-04 02:43:32.243 12467 12480 I art     : Starting a blocking GC Explicit
08-04 02:43:32.286 12467 12480 I art     : Explicit concurrent mark sweep GC freed 282(4KB) AllocSpace objects, 0(0B) LOS objects, 7% free, 187MB/203MB, paused 1.154ms total 41.929ms
08-04 02:43:32.674 12467 12479 I art     : Starting a blocking GC Explicit
08-04 02:43:32.719 12467 12479 I art     : Explicit concurrent mark sweep GC freed 3459(122KB) AllocSpace objects, 2(36KB) LOS objects, 7% free, 187MB/203MB, paused 1.288ms total 44.492ms
08-04 02:43:32.737 12467 12479 I art     : Starting a blocking GC Explicit
08-04 02:43:32.750 13589 13589 I ServiceManager: Waiting for service AtCmdFwd...
08-04 02:43:32.780 12467 12479 I art     : Explicit concurrent mark sweep GC freed 252(4KB) AllocSpace objects, 0(0B) LOS objects, 7% free, 187MB/203MB, paused 1.277ms total 42.984ms
08-04 02:43:32.797 12467 12479 I art     : Starting a blocking GC Explicit
08-04 02:43:32.840 12467 12479 I art     : Explicit concurrent mark sweep GC freed 285(4KB) AllocSpace objects, 0(0B) LOS objects, 7% free, 187MB/203MB, paused 1.124ms total 42.901ms
08-04 02:43:32.858 12467 12479 I art     : Starting a blocking GC Explicit
08-04 02:43:32.901 12467 12479 I art     : Explicit concurrent mark sweep GC freed 273(4KB) AllocSpace objects, 0(0B) LOS objects, 7% free, 187MB/203MB, paused 1.351ms total 43.543ms
08-04 02:43:32.919 12467 12479 I art     : Starting a blocking GC Explicit
08-04 02:43:32.963 12467 12479 I art     : Explicit concurrent mark sweep GC freed 241(4KB) AllocSpace objects, 0(0B) LOS objects, 7% free, 187MB/203MB, paused 1.105ms total 43.917ms
08-04 02:43:33.354 12467 12480 I art     : Starting a blocking GC Explicit
08-04 02:43:33.401 12467 12480 I art     : Explicit concurrent mark sweep GC freed 3447(121KB) AllocSpace objects, 2(36KB) LOS objects, 7% free, 187MB/203MB, paused 1.462ms total 46.566ms
08-04 02:43:33.419 12467 12480 I art     : Starting a blocking GC Explicit
08-04 02:43:33.462 12467 12480 I art     : Explicit concurrent mark sweep GC freed 263(4KB) AllocSpace objects, 0(0B) LOS objects, 7% free, 187MB/203MB, paused 1.111ms total 42.962ms
08-04 02:43:33.479 12467 12480 I art     : Starting a blocking GC Explicit
08-04 02:43:33.524 12467 12480 I art     : Explicit concurrent mark sweep GC freed 283(4KB) AllocSpace objects, 0(0B) LOS objects, 7% free, 187MB/203MB, paused 1.112ms total 44.696ms
08-04 02:43:33.542 12467 12480 I art     : Starting a blocking GC Explicit
08-04 02:43:33.586 12467 12480 I art     : Explicit concurrent mark sweep GC freed 314(5KB) AllocSpace objects, 0(0B) LOS objects, 7% free, 187MB/203MB, paused 1.262ms total 43.778ms
08-04 02:43:33.603 12467 12480 I art     : Starting a blocking GC Explicit
08-04 02:43:33.645 12467 12480 I art     : Explicit concurrent mark sweep GC freed 213(3KB) AllocSpace objects, 0(0B) LOS objects, 7% free, 187MB/203MB, paused 1.110ms total 42.179ms
08-04 02:43:33.750 13589 13589 I ServiceManager: Waiting for service AtCmdFwd...
08-04 02:43:34.045 12467 12480 I art     : Starting a blocking GC Explicit
08-04 02:43:34.092 12467 12480 I art     : Explicit concurrent mark sweep GC freed 3471(121KB) AllocSpace objects, 2(36KB) LOS objects, 7% free, 187MB/203MB, paused 1.116ms total 46.651ms
08-04 02:43:34.111 12467 12480 I art     : Starting a blocking GC Explicit
08-04 02:43:34.155 12467 12480 I art     : Explicit concurrent mark sweep GC freed 321(6KB) AllocSpace objects, 0(0B) LOS objects, 7% free, 187MB/203MB, paused 1.141ms total 43.970ms
08-04 02:43:34.155 12467 12478 I art     : WaitForGcToComplete blocked for 23.361ms for cause HeapTrim
08-04 02:43:34.172 12467 12480 I art     : Starting a blocking GC Explicit
08-04 02:43:34.215 12467 12480 I art     : Explicit concurrent mark sweep GC freed 232(4KB) AllocSpace objects, 0(0B) LOS objects, 7% free, 187MB/203MB, paused 1.185ms total 42.298ms
08-04 02:43:34.232 12467 12480 I art     : Starting a blocking GC Explicit
08-04 02:43:34.274 12467 12480 I art     : Explicit concurrent mark sweep GC freed 287(4KB) AllocSpace objects, 0(0B) LOS objects, 7% free, 187MB/203MB, paused 1.085ms total 42.015ms
08-04 02:43:34.292 12467 12480 I art     : Starting a blocking GC Explicit
08-04 02:43:34.334 12467 12480 I art     : Explicit concurrent mark sweep GC freed 275(4KB) AllocSpace objects, 0(0B) LOS objects, 7% free, 187MB/203MB, paused 1.314ms total 41.961ms
08-04 02:43:34.362   918  3261 D WifiStateMachine: starting scan for "H369AA63323"WPA_PSK with 2412,5180
08-04 02:43:34.712 12467 12526 I art     : Starting a blocking GC Explicit
08-04 02:43:34.751 13589 13589 I ServiceManager: Waiting for service AtCmdFwd...
08-04 02:43:34.758 12467 12526 I art     : Explicit concurrent mark sweep GC freed 3385(120KB) AllocSpace objects, 2(36KB) LOS objects, 7% free, 187MB/203MB, paused 1.252ms total 45.934ms
08-04 02:43:34.776 12467 12526 I art     : Starting a blocking GC Explicit
08-04 02:43:34.821 12467 12526 I art     : Explicit concurrent mark sweep GC freed 310(5KB) AllocSpace objects, 0(0B) LOS objects, 7% free, 187MB/203MB, paused 1.276ms total 44.299ms
08-04 02:43:34.838 12467 12526 I art     : Starting a blocking GC Explicit
08-04 02:43:34.883 12467 12526 I art     : Explicit concurrent mark sweep GC freed 222(3KB) AllocSpace objects, 0(0B) LOS objects, 7% free, 187MB/203MB, paused 1.458ms total 45.127ms
08-04 02:43:34.901 12467 12526 I art     : Starting a blocking GC Explicit
08-04 02:43:34.945 12467 12526 I art     : Explicit concurrent mark sweep GC freed 274(4KB) AllocSpace objects, 0(0B) LOS objects, 7% free, 187MB/203MB, paused 1.120ms total 44.174ms
08-04 02:43:34.963 12467 12526 I art     : Starting a blocking GC Explicit
08-04 02:43:35.007 12467 12526 I art     : Explicit concurrent mark sweep GC freed 294(4KB) AllocSpace objects, 0(0B) LOS objects, 7% free, 187MB/203MB, paused 1.126ms total 44.028ms
08-04 02:43:35.376 12467 12479 I art     : Starting a blocking GC Explicit
08-04 02:43:35.423 12467 12479 I art     : Explicit concurrent mark sweep GC freed 3365(121KB) AllocSpace objects, 2(36KB) LOS objects, 7% free, 187MB/203MB, paused 1.330ms total 46.176ms
08-04 02:43:35.440 12467 12479 I art     : Starting a blocking GC Explicit
08-04 02:43:35.486 12467 12479 I art     : Explicit concurrent mark sweep GC freed 442(15KB) AllocSpace objects, 0(0B) LOS objects, 7% free, 187MB/203MB, paused 1.363ms total 45.150ms
08-04 02:43:35.503 12467 12479 I art     : Starting a blocking GC Explicit
08-04 02:43:35.537 14667 14667 D AndroidRuntime: >>>>>> START com.android.internal.os.RuntimeInit uid 2000 <<<<<<
08-04 02:43:35.542 14667 14667 D AndroidRuntime: CheckJNI is OFF
08-04 02:43:35.548 12467 12479 I art     : Explicit concurrent mark sweep GC freed 267(4KB) AllocSpace objects, 0(0B) LOS objects, 7% free, 187MB/203MB, paused 1.216ms total 44.610ms
08-04 02:43:35.566 12467 12479 I art     : Starting a blocking GC Explicit
08-04 02:43:35.582 14667 14667 D ICU     : No timezone override file found: /data/misc/zoneinfo/current/icu/icu_tzdata.dat
08-04 02:43:35.610 12467 12479 I art     : Explicit concurrent mark sweep GC freed 314(5KB) AllocSpace objects, 0(0B) LOS objects, 7% free, 187MB/203MB, paused 1.149ms total 44.633ms
08-04 02:43:35.625 14667 14667 I Radio-JNI: register_android_hardware_Radio DONE
08-04 02:43:35.628 12467 12479 I art     : Starting a blocking GC Explicit
08-04 02:43:35.652 14667 14667 D AndroidRuntime: Calling main entry com.android.commands.input.Input
08-04 02:43:35.654 14667 14667 I Input   : injectKeyEvent: KeyEvent { action=ACTION_DOWN, keyCode=KEYCODE_BACK, scanCode=0, metaState=0, flags=0x0, repeatCount=0, eventTime=672232067, downTime=672232067, deviceId=-1, source=0x101 }
08-04 02:43:35.661 14667 14667 I Input   : injectKeyEvent: KeyEvent { action=ACTION_UP, keyCode=KEYCODE_BACK, scanCode=0, metaState=0, flags=0x0, repeatCount=0, eventTime=672232067, downTime=672232067, deviceId=-1, source=0x101 }
08-04 02:43:35.667 14667 14667 D AndroidRuntime: Shutting down VM
08-04 02:43:35.670 12467 12479 I art     : Explicit concurrent mark sweep GC freed 217(3KB) AllocSpace objects, 0(0B) LOS objects, 7% free, 187MB/203MB, paused 1.206ms total 42.343ms
08-04 02:43:35.683 12467 12467 V MainActivity: url = https://project-travel-mate.herokuapp.com/api/number-of-unread-notifications
08-04 02:43:35.719 13866 13866 I GoogleInputMethodServic: GoogleInputMethodService.onFinishInput():3138 
08-04 02:43:35.719 13866 13866 I GoogleInputMethodServic: GoogleInputMethodService.onStartInput():1808 
08-04 02:43:35.751 13589 13589 I ServiceManager: Waiting for service AtCmdFwd...
08-04 02:43:35.998   380   380 W SurfaceFlinger: couldn't log to binary event log: overflow.
08-04 02:43:36.061 12467 12480 I art     : Starting a blocking GC Explicit
08-04 02:43:36.116 12467 12480 I art     : Explicit concurrent mark sweep GC freed 2540(123KB) AllocSpace objects, 3(4MB) LOS objects, 8% free, 183MB/199MB, paused 1.329ms total 54.471ms
08-04 02:43:36.138 12467 12480 I art     : Starting a blocking GC Explicit
08-04 02:43:36.187 12467 12480 I art     : Explicit concurrent mark sweep GC freed 6331(310KB) AllocSpace objects, 5(256KB) LOS objects, 8% free, 183MB/199MB, paused 1.798ms total 48.573ms
08-04 02:43:36.205 12467 12480 I art     : Starting a blocking GC Explicit
08-04 02:43:36.216 12467 14690 I NAPPA_EXPERIMENTATION: MetricNetworkRequestExecutionTime: REQUEST_DURATION_SYSTEM='532',REQUEST_DURATION_OKHTTP='30',REQUEST_SYNCHRONOUS='FALSE',RESPONSE_CODE='200',RESPONSE_METHOD='GET',RESPONSE_LENGTH_OKHTTP='36',RESPONSE_LENGTH_HEADER='36',REQUEST_PROTOCOL='http/1.1',REQUEST_URL='https://project-travel-mate.herokuapp.com/api/number-of-unread-notifications',
08-04 02:43:36.255 12467 12480 I art     : Explicit concurrent mark sweep GC freed 1149(131KB) AllocSpace objects, 0(0B) LOS objects, 8% free, 183MB/199MB, paused 1.314ms total 50.310ms
08-04 02:43:36.274 12467 12480 I art     : Starting a blocking GC Explicit
08-04 02:43:36.325 12467 12480 I art     : Explicit concurrent mark sweep GC freed 92(3KB) AllocSpace objects, 0(0B) LOS objects, 8% free, 183MB/199MB, paused 1.277ms total 50.717ms
08-04 02:43:36.344 12467 12480 I art     : Starting a blocking GC Explicit
08-04 02:43:36.395 12467 12480 I art     : Explicit concurrent mark sweep GC freed 3(96B) AllocSpace objects, 0(0B) LOS objects, 8% free, 183MB/199MB, paused 1.192ms total 50.821ms
08-04 02:43:36.751 13589 13589 W Atfwd_Sendcmd: AtCmdFwd service not published, waiting... retryCnt : 4
08-04 02:43:36.791 12467 12479 I art     : Starting a blocking GC Explicit
08-04 02:43:36.857 12467 12479 I art     : Explicit concurrent mark sweep GC freed 1613(92KB) AllocSpace objects, 2(36KB) LOS objects, 8% free, 183MB/199MB, paused 1.361ms total 65.471ms
08-04 02:43:36.878 12467 12479 I art     : Starting a blocking GC Explicit
08-04 02:43:36.928 12467 12479 I art     : Explicit concurrent mark sweep GC freed 28(1024B) AllocSpace objects, 0(0B) LOS objects, 8% free, 183MB/199MB, paused 1.373ms total 49.595ms
08-04 02:43:36.947 12467 12479 I art     : Starting a blocking GC Explicit
08-04 02:43:36.995 12467 12479 I art     : Explicit concurrent mark sweep GC freed 3(96B) AllocSpace objects, 0(0B) LOS objects, 8% free, 183MB/199MB, paused 1.267ms total 47.739ms
08-04 02:43:37.013 12467 12479 I art     : Starting a blocking GC Explicit
08-04 02:43:37.062 12467 12479 I art     : Explicit concurrent mark sweep GC freed 3(96B) AllocSpace objects, 0(0B) LOS objects, 8% free, 183MB/199MB, paused 1.250ms total 49.059ms
08-04 02:43:37.080 12467 12479 I art     : Starting a blocking GC Explicit
08-04 02:43:37.130 12467 12479 I art     : Explicit concurrent mark sweep GC freed 14(720B) AllocSpace objects, 0(0B) LOS objects, 8% free, 183MB/199MB, paused 1.320ms total 48.966ms
08-04 02:43:37.433 14713 14713 D AndroidRuntime: >>>>>> START com.android.internal.os.RuntimeInit uid 2000 <<<<<<
08-04 02:43:37.439 14713 14713 D AndroidRuntime: CheckJNI is OFF
08-04 02:43:37.483 14713 14713 D ICU     : No timezone override file found: /data/misc/zoneinfo/current/icu/icu_tzdata.dat
08-04 02:43:37.525 14713 14713 I Radio-JNI: register_android_hardware_Radio DONE
08-04 02:43:37.530 12467 12526 I art     : Starting a blocking GC Explicit
08-04 02:43:37.555 14713 14713 D AndroidRuntime: Calling main entry com.android.commands.input.Input
08-04 02:43:37.557 14713 14713 I Input   : injectMotionEvent: MotionEvent { action=ACTION_DOWN, actionButton=0, id[0]=0, x[0]=117.0, y[0]=170.0, toolType[0]=TOOL_TYPE_UNKNOWN, buttonState=0, metaState=0, flags=0x0, edgeFlags=0x0, pointerCount=1, historySize=0, eventTime=672233970, downTime=672233970, deviceId=0, source=0x1002 }
08-04 02:43:37.564 14713 14713 I Input   : injectMotionEvent: MotionEvent { action=ACTION_UP, actionButton=0, id[0]=0, x[0]=117.0, y[0]=170.0, toolType[0]=TOOL_TYPE_UNKNOWN, buttonState=0, metaState=0, flags=0x0, edgeFlags=0x0, pointerCount=1, historySize=0, eventTime=672233970, downTime=672233970, deviceId=0, source=0x1002 }
08-04 02:43:37.567 14713 14713 D AndroidRuntime: Shutting down VM
08-04 02:43:37.583 12467 12526 I art     : Explicit concurrent mark sweep GC freed 1643(93KB) AllocSpace objects, 2(36KB) LOS objects, 8% free, 183MB/199MB, paused 1.299ms total 52.539ms
08-04 02:43:37.590   512  2967 D audio_hw_primary: out_set_parameters: enter: usecase(1: low-latency-playback) kvpairs: routing=2
08-04 02:43:37.604   512  2967 D audio_hw_primary: select_devices: out_snd_device(2: speaker) in_snd_device(0: none)
08-04 02:43:37.604   512  2967 D msm8974_platform: platform_send_audio_calibration: sending audio calibration for snd_device(2) acdb_id(15)
08-04 02:43:37.604   512  2967 I soundtrigger: audio_extn_sound_trigger_update_device_status: device 0x2 of type 0 for Event 1
08-04 02:43:37.605 12467 12526 I art     : Starting a blocking GC Explicit
08-04 02:43:37.615   512  2967 D audio_hw_primary: enable_snd_device: snd_device(2: speaker)
08-04 02:43:37.618   512  2967 D audio_hw_primary: enable_audio_route: apply and update mixer path: low-latency-playback speaker
08-04 02:43:37.656 12467 12526 I art     : Explicit concurrent mark sweep GC freed 330(17KB) AllocSpace objects, 0(0B) LOS objects, 8% free, 183MB/199MB, paused 1.581ms total 51.047ms
08-04 02:43:37.673 12467 12526 I art     : Starting a blocking GC Explicit
08-04 02:43:37.719 12467 12526 I art     : Explicit concurrent mark sweep GC freed 115(4KB) AllocSpace objects, 0(0B) LOS objects, 8% free, 183MB/199MB, paused 1.382ms total 45.594ms
08-04 02:43:37.736 12467 12526 I art     : Starting a blocking GC Explicit
08-04 02:43:37.782 12467 12526 I art     : Explicit concurrent mark sweep GC freed 3(96B) AllocSpace objects, 0(0B) LOS objects, 8% free, 183MB/199MB, paused 1.284ms total 44.950ms
08-04 02:43:37.801 12467 12526 I art     : Starting a blocking GC Explicit
08-04 02:43:37.847 12467 12526 I art     : Explicit concurrent mark sweep GC freed 3(96B) AllocSpace objects, 0(0B) LOS objects, 8% free, 183MB/199MB, paused 1.209ms total 45.630ms
08-04 02:43:38.159   512  2967 D audio_hw_primary: disable_audio_route: reset and update mixer path: low-latency-playback speaker
08-04 02:43:38.160   512  2967 D audio_hw_primary: disable_snd_device: snd_device(2: speaker)
08-04 02:43:38.170   512  2967 I soundtrigger: audio_extn_sound_trigger_update_device_status: device 0x2 of type 0 for Event 0
08-04 02:43:38.224 12467 12480 I art     : Starting a blocking GC Explicit
08-04 02:43:38.273 12467 12480 I art     : Explicit concurrent mark sweep GC freed 1602(92KB) AllocSpace objects, 2(36KB) LOS objects, 8% free, 183MB/199MB, paused 1.305ms total 48.917ms
08-04 02:43:38.292 12467 12480 I art     : Starting a blocking GC Explicit
08-04 02:43:38.336 14736 14736 D AndroidRuntime: >>>>>> START com.android.internal.os.RuntimeInit uid 2000 <<<<<<
08-04 02:43:38.340 12467 12480 I art     : Explicit concurrent mark sweep GC freed 44(1536B) AllocSpace objects, 0(0B) LOS objects, 8% free, 183MB/199MB, paused 1.361ms total 48.358ms
08-04 02:43:38.342 14736 14736 D AndroidRuntime: CheckJNI is OFF
08-04 02:43:38.359 12467 12480 I art     : Starting a blocking GC Explicit
08-04 02:43:38.386 14736 14736 D ICU     : No timezone override file found: /data/misc/zoneinfo/current/icu/icu_tzdata.dat
08-04 02:43:38.407 12467 12480 I art     : Explicit concurrent mark sweep GC freed 5(160B) AllocSpace objects, 0(0B) LOS objects, 8% free, 183MB/199MB, paused 1.311ms total 47.578ms
08-04 02:43:38.425 12467 12480 I art     : Starting a blocking GC Explicit
08-04 02:43:38.429 14736 14736 I Radio-JNI: register_android_hardware_Radio DONE
08-04 02:43:38.459 14736 14736 D AndroidRuntime: Calling main entry com.android.commands.input.Input
08-04 02:43:38.461 14736 14736 I Input   : injectMotionEvent: MotionEvent { action=ACTION_DOWN, actionButton=0, id[0]=0, x[0]=418.0, y[0]=842.0, toolType[0]=TOOL_TYPE_UNKNOWN, buttonState=0, metaState=0, flags=0x0, edgeFlags=0x0, pointerCount=1, historySize=0, eventTime=672234874, downTime=672234874, deviceId=0, source=0x1002 }
08-04 02:43:38.465 14736 14736 I Input   : injectMotionEvent: MotionEvent { action=ACTION_UP, actionButton=0, id[0]=0, x[0]=418.0, y[0]=842.0, toolType[0]=TOOL_TYPE_UNKNOWN, buttonState=0, metaState=0, flags=0x0, edgeFlags=0x0, pointerCount=1, historySize=0, eventTime=672234874, downTime=672234874, deviceId=0, source=0x1002 }
08-04 02:43:38.467 14736 14736 D AndroidRuntime: Shutting down VM
08-04 02:43:38.474 12467 12480 I art     : Explicit concurrent mark sweep GC freed 8(224B) AllocSpace objects, 0(0B) LOS objects, 8% free, 183MB/199MB, paused 1.291ms total 49.143ms
08-04 02:43:38.488   512  2967 D audio_hw_primary: out_set_parameters: enter: usecase(1: low-latency-playback) kvpairs: routing=2
08-04 02:43:38.492 12467 12544 D Gabe    : call	returning from cache
08-04 02:43:38.494 12467 12480 I art     : Starting a blocking GC Explicit
08-04 02:43:38.501   512  2967 D audio_hw_primary: select_devices: out_snd_device(2: speaker) in_snd_device(0: none)
08-04 02:43:38.501   512  2967 D msm8974_platform: platform_send_audio_calibration: sending audio calibration for snd_device(2) acdb_id(15)
08-04 02:43:38.501   512  2967 I soundtrigger: audio_extn_sound_trigger_update_device_status: device 0x2 of type 0 for Event 1
08-04 02:43:38.510   512  2967 D audio_hw_primary: enable_snd_device: snd_device(2: speaker)
08-04 02:43:38.512   512  2967 D audio_hw_primary: enable_audio_route: apply and update mixer path: low-latency-playback speaker
08-04 02:43:38.517 12467 12467 V MainActivity: url = https://project-travel-mate.herokuapp.com/api/number-of-unread-notifications
08-04 02:43:38.543 12467 12480 I art     : Explicit concurrent mark sweep GC freed 1043(57KB) AllocSpace objects, 0(0B) LOS objects, 8% free, 183MB/199MB, paused 1.725ms total 48.989ms
08-04 02:43:38.558   512  2967 D AudioFlinger: mixer(0xf4740000) throttle end: throttle time(12)
08-04 02:43:38.924 12467 12526 I art     : Starting a blocking GC Explicit
08-04 02:43:38.984 12467 12526 I art     : Explicit concurrent mark sweep GC freed 3834(243KB) AllocSpace objects, 2(36KB) LOS objects, 8% free, 183MB/199MB, paused 2.243ms total 58.976ms
08-04 02:43:39.002 12467 12526 I art     : Starting a blocking GC Explicit
08-04 02:43:39.046 12467 12467 I Choreographer: Skipped 30 frames!  The application may be doing too much work on its main thread.
08-04 02:43:39.058   512  2967 D audio_hw_primary: disable_audio_route: reset and update mixer path: low-latency-playback speaker
08-04 02:43:39.059   512  2967 D audio_hw_primary: disable_snd_device: snd_device(2: speaker)
08-04 02:43:39.061 12467 12526 I art     : Explicit concurrent mark sweep GC freed 4478(196KB) AllocSpace objects, 3(200KB) LOS objects, 7% free, 184MB/200MB, paused 2.284ms total 59.022ms
08-04 02:43:39.068   512  2967 I soundtrigger: audio_extn_sound_trigger_update_device_status: device 0x2 of type 0 for Event 0
08-04 02:43:39.079 12467 12526 I art     : Starting a blocking GC Explicit
08-04 02:43:39.082 12467 14758 I NAPPA_EXPERIMENTATION: MetricNetworkRequestExecutionTime: REQUEST_DURATION_SYSTEM='564',REQUEST_DURATION_OKHTTP='28',REQUEST_SYNCHRONOUS='FALSE',RESPONSE_CODE='200',RESPONSE_METHOD='GET',RESPONSE_LENGTH_OKHTTP='36',RESPONSE_LENGTH_HEADER='36',REQUEST_PROTOCOL='http/1.1',REQUEST_URL='https://project-travel-mate.herokuapp.com/api/number-of-unread-notifications',
08-04 02:43:39.132 12467 12526 I art     : Explicit concurrent mark sweep GC freed 2040(192KB) AllocSpace objects, 9(252KB) LOS objects, 8% free, 183MB/199MB, paused 1.733ms total 52.429ms
08-04 02:43:39.151 12467 12526 I art     : Starting a blocking GC Explicit
08-04 02:43:39.208 12467 12526 I art     : Explicit concurrent mark sweep GC freed 538(31KB) AllocSpace objects, 0(0B) LOS objects, 7% free, 184MB/200MB, paused 2.035ms total 57.340ms
08-04 02:43:39.228 12467 12526 I art     : Starting a blocking GC Explicit
08-04 02:43:39.283 12467 12526 I art     : Explicit concurrent mark sweep GC freed 946(29KB) AllocSpace objects, 0(0B) LOS objects, 7% free, 184MB/200MB, paused 1.517ms total 54.552ms
08-04 02:43:39.283 12467 12478 I art     : WaitForGcToComplete blocked for 54.877ms for cause HeapTrim
08-04 02:43:39.682 12467 13744 I art     : Starting a blocking GC Explicit
08-04 02:43:39.738 12467 13744 I art     : Explicit concurrent mark sweep GC freed 2349(107KB) AllocSpace objects, 2(52KB) LOS objects, 7% free, 184MB/200MB, paused 1.465ms total 55.921ms
08-04 02:43:39.757 12467 13744 I art     : Starting a blocking GC Explicit
08-04 02:43:39.813 12467 13744 I art     : Explicit concurrent mark sweep GC freed 145(2976B) AllocSpace objects, 0(0B) LOS objects, 7% free, 184MB/200MB, paused 1.297ms total 55.681ms
08-04 02:43:39.832 12467 13744 I art     : Starting a blocking GC Explicit
08-04 02:43:39.889 12467 13744 I art     : Explicit concurrent mark sweep GC freed 123(2096B) AllocSpace objects, 0(0B) LOS objects, 7% free, 184MB/200MB, paused 1.342ms total 56.783ms
08-04 02:43:39.908 12467 13744 I art     : Starting a blocking GC Explicit
08-04 02:43:39.965 12467 13744 I art     : Explicit concurrent mark sweep GC freed 99(1696B) AllocSpace objects, 0(0B) LOS objects, 7% free, 184MB/200MB, paused 1.231ms total 55.824ms
08-04 02:43:39.984 12467 13744 I art     : Starting a blocking GC Explicit
08-04 02:43:40.040 12467 13744 I art     : Explicit concurrent mark sweep GC freed 123(2096B) AllocSpace objects, 0(0B) LOS objects, 7% free, 184MB/200MB, paused 1.359ms total 55.603ms
08-04 02:43:40.474 12467 12525 I art     : Starting a blocking GC Explicit
08-04 02:43:40.537 12467 12525 I art     : Explicit concurrent mark sweep GC freed 2325(105KB) AllocSpace objects, 2(52KB) LOS objects, 7% free, 184MB/200MB, paused 1.260ms total 62.795ms
08-04 02:43:40.559 12467 12525 I art     : Starting a blocking GC Explicit
08-04 02:43:40.618 12467 12525 I art     : Explicit concurrent mark sweep GC freed 184(4KB) AllocSpace objects, 0(0B) LOS objects, 7% free, 184MB/200MB, paused 1.424ms total 58.316ms
08-04 02:43:40.637 12467 12525 I art     : Starting a blocking GC Explicit
08-04 02:43:40.695 12467 12525 I art     : Explicit concurrent mark sweep GC freed 131(2368B) AllocSpace objects, 0(0B) LOS objects, 7% free, 184MB/200MB, paused 1.309ms total 58.258ms
08-04 02:43:40.715 12467 12525 I art     : Starting a blocking GC Explicit
08-04 02:43:40.770 12467 12525 I art     : Explicit concurrent mark sweep GC freed 109(2208B) AllocSpace objects, 0(0B) LOS objects, 7% free, 184MB/200MB, paused 1.190ms total 54.209ms
08-04 02:43:40.788 12467 12525 I art     : Starting a blocking GC Explicit
08-04 02:43:40.842 12467 12525 I art     : Explicit concurrent mark sweep GC freed 136(2496B) AllocSpace objects, 0(0B) LOS objects, 7% free, 184MB/200MB, paused 1.267ms total 53.542ms
08-04 02:43:41.243 14791 14791 D AndroidRuntime: >>>>>> START com.android.internal.os.RuntimeInit uid 2000 <<<<<<
08-04 02:43:41.250 14791 14791 D AndroidRuntime: CheckJNI is OFF
08-04 02:43:41.266 12467 12480 I art     : Starting a blocking GC Explicit
08-04 02:43:41.296 14791 14791 D ICU     : No timezone override file found: /data/misc/zoneinfo/current/icu/icu_tzdata.dat
08-04 02:43:41.324 12467 12480 I art     : Explicit concurrent mark sweep GC freed 2260(103KB) AllocSpace objects, 2(52KB) LOS objects, 7% free, 184MB/200MB, paused 1.535ms total 57.207ms
08-04 02:43:41.344 12467 12480 I art     : Starting a blocking GC Explicit
08-04 02:43:41.344 14791 14791 I Radio-JNI: register_android_hardware_Radio DONE
08-04 02:43:41.374 14791 14791 D AndroidRuntime: Calling main entry com.android.commands.input.Input
08-04 02:43:41.376 14791 14791 I Input   : injectMotionEvent: MotionEvent { action=ACTION_DOWN, actionButton=0, id[0]=0, x[0]=117.0, y[0]=170.0, toolType[0]=TOOL_TYPE_UNKNOWN, buttonState=0, metaState=0, flags=0x0, edgeFlags=0x0, pointerCount=1, historySize=0, eventTime=672237788, downTime=672237788, deviceId=0, source=0x1002 }
08-04 02:43:41.384 14791 14791 I Input   : injectMotionEvent: MotionEvent { action=ACTION_UP, actionButton=0, id[0]=0, x[0]=117.0, y[0]=170.0, toolType[0]=TOOL_TYPE_UNKNOWN, buttonState=0, metaState=0, flags=0x0, edgeFlags=0x0, pointerCount=1, historySize=0, eventTime=672237788, downTime=672237788, deviceId=0, source=0x1002 }
08-04 02:43:41.388 14791 14791 D AndroidRuntime: Shutting down VM
08-04 02:43:41.393   512  2967 D audio_hw_primary: out_set_parameters: enter: usecase(1: low-latency-playback) kvpairs: routing=2
08-04 02:43:41.399 12467 12480 I art     : Explicit concurrent mark sweep GC freed 170(3KB) AllocSpace objects, 0(0B) LOS objects, 7% free, 184MB/200MB, paused 1.717ms total 55.196ms
08-04 02:43:41.406   512  2967 D audio_hw_primary: select_devices: out_snd_device(2: speaker) in_snd_device(0: none)
08-04 02:43:41.406   512  2967 D msm8974_platform: platform_send_audio_calibration: sending audio calibration for snd_device(2) acdb_id(15)
08-04 02:43:41.407   512  2967 I soundtrigger: audio_extn_sound_trigger_update_device_status: device 0x2 of type 0 for Event 1
08-04 02:43:41.415   512  2967 D audio_hw_primary: enable_snd_device: snd_device(2: speaker)
08-04 02:43:41.418   512  2967 D audio_hw_primary: enable_audio_route: apply and update mixer path: low-latency-playback speaker
08-04 02:43:41.419 12467 12480 I art     : Starting a blocking GC Explicit
08-04 02:43:41.466 12467 12480 I art     : Explicit concurrent mark sweep GC freed 157(3KB) AllocSpace objects, 0(0B) LOS objects, 7% free, 184MB/200MB, paused 1.142ms total 46.783ms
08-04 02:43:41.483 12467 12480 I art     : Starting a blocking GC Explicit
08-04 02:43:41.530 12467 12480 I art     : Explicit concurrent mark sweep GC freed 486(21KB) AllocSpace objects, 0(0B) LOS objects, 7% free, 184MB/200MB, paused 1.094ms total 46.626ms
08-04 02:43:41.548 12467 12480 I art     : Starting a blocking GC Explicit
08-04 02:43:41.595 12467 12480 I art     : Explicit concurrent mark sweep GC freed 142(3KB) AllocSpace objects, 0(0B) LOS objects, 7% free, 184MB/200MB, paused 1.091ms total 46.566ms
08-04 02:43:41.948   512  2967 D audio_hw_primary: disable_audio_route: reset and update mixer path: low-latency-playback speaker
08-04 02:43:41.950   512  2967 D audio_hw_primary: disable_snd_device: snd_device(2: speaker)
08-04 02:43:41.959   512  2967 I soundtrigger: audio_extn_sound_trigger_update_device_status: device 0x2 of type 0 for Event 0
08-04 02:43:41.967 12467 12526 I art     : Starting a blocking GC Explicit
08-04 02:43:42.021 12467 12526 I art     : Explicit concurrent mark sweep GC freed 2201(102KB) AllocSpace objects, 2(52KB) LOS objects, 7% free, 184MB/200MB, paused 1.232ms total 54.442ms
08-04 02:43:42.040 12467 12526 I art     : Starting a blocking GC Explicit
08-04 02:43:42.092 12467 12526 I art     : Explicit concurrent mark sweep GC freed 168(3KB) AllocSpace objects, 0(0B) LOS objects, 7% free, 184MB/200MB, paused 1.287ms total 52.235ms
08-04 02:43:42.111 12467 12526 I art     : Starting a blocking GC Explicit
08-04 02:43:42.153 14814 14814 D AndroidRuntime: >>>>>> START com.android.internal.os.RuntimeInit uid 2000 <<<<<<
08-04 02:43:42.159 14814 14814 D AndroidRuntime: CheckJNI is OFF
08-04 02:43:42.164 12467 12526 I art     : Explicit concurrent mark sweep GC freed 100(1728B) AllocSpace objects, 0(0B) LOS objects, 7% free, 184MB/200MB, paused 1.249ms total 52.799ms
08-04 02:43:42.183 12467 12526 I art     : Starting a blocking GC Explicit
08-04 02:43:42.202 14814 14814 D ICU     : No timezone override file found: /data/misc/zoneinfo/current/icu/icu_tzdata.dat
08-04 02:43:42.235 12467 12526 I art     : Explicit concurrent mark sweep GC freed 101(1760B) AllocSpace objects, 0(0B) LOS objects, 7% free, 184MB/200MB, paused 1.285ms total 52.461ms
08-04 02:43:42.245 14814 14814 I Radio-JNI: register_android_hardware_Radio DONE
08-04 02:43:42.254 12467 12526 I art     : Starting a blocking GC Explicit
08-04 02:43:42.275 14814 14814 D AndroidRuntime: Calling main entry com.android.commands.input.Input
08-04 02:43:42.277 14814 14814 I Input   : injectMotionEvent: MotionEvent { action=ACTION_DOWN, actionButton=0, id[0]=0, x[0]=355.0, y[0]=1674.0, toolType[0]=TOOL_TYPE_UNKNOWN, buttonState=0, metaState=0, flags=0x0, edgeFlags=0x0, pointerCount=1, historySize=0, eventTime=672238689, downTime=672238689, deviceId=0, source=0x1002 }
08-04 02:43:42.281 14814 14814 I Input   : injectMotionEvent: MotionEvent { action=ACTION_UP, actionButton=0, id[0]=0, x[0]=355.0, y[0]=1674.0, toolType[0]=TOOL_TYPE_UNKNOWN, buttonState=0, metaState=0, flags=0x0, edgeFlags=0x0, pointerCount=1, historySize=0, eventTime=672238689, downTime=672238689, deviceId=0, source=0x1002 }
08-04 02:43:42.283 14814 14814 D AndroidRuntime: Shutting down VM
08-04 02:43:42.293   512  2967 D audio_hw_primary: out_set_parameters: enter: usecase(1: low-latency-playback) kvpairs: routing=2
08-04 02:43:42.304 12467 12467 V MainActivity: url = https://project-travel-mate.herokuapp.com/api/number-of-unread-notifications
08-04 02:43:42.306   512  2967 D audio_hw_primary: select_devices: out_snd_device(2: speaker) in_snd_device(0: none)
08-04 02:43:42.306   512  2967 D msm8974_platform: platform_send_audio_calibration: sending audio calibration for snd_device(2) acdb_id(15)
08-04 02:43:42.306   512  2967 I soundtrigger: audio_extn_sound_trigger_update_device_status: device 0x2 of type 0 for Event 1
08-04 02:43:42.309 12467 12526 I art     : Explicit concurrent mark sweep GC freed 601(24KB) AllocSpace objects, 0(0B) LOS objects, 7% free, 184MB/200MB, paused 1.723ms total 54.859ms
08-04 02:43:42.316   512  2967 D audio_hw_primary: enable_snd_device: snd_device(2: speaker)
08-04 02:43:42.318   512  2967 D audio_hw_primary: enable_audio_route: apply and update mixer path: low-latency-playback speaker
08-04 02:43:42.359   512  2967 D AudioFlinger: mixer(0xf4740000) throttle end: throttle time(12)
08-04 02:43:42.708 12467 12526 I art     : Starting a blocking GC Explicit
08-04 02:43:42.773 12467 12526 I art     : Explicit concurrent mark sweep GC freed 3417(157KB) AllocSpace objects, 11(304KB) LOS objects, 7% free, 184MB/200MB, paused 1.297ms total 64.962ms
08-04 02:43:42.792 12467 12526 I art     : Starting a blocking GC Explicit
08-04 02:43:42.849 12467 12526 I art     : Explicit concurrent mark sweep GC freed 4879(326KB) AllocSpace objects, 3(200KB) LOS objects, 7% free, 184MB/200MB, paused 1.775ms total 56.199ms
08-04 02:43:42.849   512  2967 D audio_hw_primary: disable_audio_route: reset and update mixer path: low-latency-playback speaker
08-04 02:43:42.850   512  2967 D audio_hw_primary: disable_snd_device: snd_device(2: speaker)
08-04 02:43:42.858   512  2967 I soundtrigger: audio_extn_sound_trigger_update_device_status: device 0x2 of type 0 for Event 0
08-04 02:43:42.867 12467 12526 I art     : Starting a blocking GC Explicit
08-04 02:43:42.876 12467 14835 I NAPPA_EXPERIMENTATION: MetricNetworkRequestExecutionTime: REQUEST_DURATION_SYSTEM='570',REQUEST_DURATION_OKHTTP='33',REQUEST_SYNCHRONOUS='FALSE',RESPONSE_CODE='200',RESPONSE_METHOD='GET',RESPONSE_LENGTH_OKHTTP='36',RESPONSE_LENGTH_HEADER='36',REQUEST_PROTOCOL='http/1.1',REQUEST_URL='https://project-travel-mate.herokuapp.com/api/number-of-unread-notifications',
08-04 02:43:42.923 12467 12526 I art     : Explicit concurrent mark sweep GC freed 1060(127KB) AllocSpace objects, 0(0B) LOS objects, 7% free, 184MB/200MB, paused 1.418ms total 55.787ms
08-04 02:43:42.943 12467 12526 I art     : Starting a blocking GC Explicit
08-04 02:43:43.002 12467 12526 I art     : Explicit concurrent mark sweep GC freed 119(5KB) AllocSpace objects, 0(0B) LOS objects, 7% free, 184MB/200MB, paused 1.450ms total 58.355ms
08-04 02:43:43.027 12467 12526 I art     : Starting a blocking GC Explicit
08-04 02:43:43.082 12467 12526 I art     : Explicit concurrent mark sweep GC freed 3(96B) AllocSpace objects, 0(0B) LOS objects, 7% free, 184MB/200MB, paused 1.240ms total 54.924ms
08-04 02:43:43.491 12467 12480 I art     : Starting a blocking GC Explicit
08-04 02:43:43.569 12467 12480 I art     : Explicit concurrent mark sweep GC freed 1628(93KB) AllocSpace objects, 2(48KB) LOS objects, 7% free, 184MB/200MB, paused 1.448ms total 76.496ms
08-04 02:43:43.590 12467 12480 I art     : Starting a blocking GC Explicit
08-04 02:43:43.648 12467 12480 I art     : Explicit concurrent mark sweep GC freed 49(2112B) AllocSpace objects, 0(0B) LOS objects, 7% free, 184MB/200MB, paused 1.349ms total 57.518ms
08-04 02:43:43.667 12467 12480 I art     : Starting a blocking GC Explicit
08-04 02:43:43.728 12467 12480 I art     : Explicit concurrent mark sweep GC freed 3(96B) AllocSpace objects, 0(0B) LOS objects, 7% free, 184MB/200MB, paused 1.488ms total 60.157ms
08-04 02:43:43.750 12467 12480 I art     : Starting a blocking GC Explicit
08-04 02:43:43.811 12467 12480 I art     : Explicit concurrent mark sweep GC freed 3(96B) AllocSpace objects, 0(0B) LOS objects, 7% free, 184MB/200MB, paused 1.345ms total 60.623ms
08-04 02:43:43.833 12467 12480 I art     : Starting a blocking GC Explicit
08-04 02:43:43.891 12467 12480 I art     : Explicit concurrent mark sweep GC freed 3(96B) AllocSpace objects, 0(0B) LOS objects, 7% free, 184MB/200MB, paused 1.256ms total 57.599ms
08-04 02:43:44.349 12467 12479 I art     : Starting a blocking GC Explicit
08-04 02:43:44.423 12467 12479 I art     : Explicit concurrent mark sweep GC freed 1616(93KB) AllocSpace objects, 2(48KB) LOS objects, 7% free, 184MB/200MB, paused 1.553ms total 74.151ms
08-04 02:43:44.447 12467 12479 I art     : Starting a blocking GC Explicit
08-04 02:43:44.509 12467 12479 I art     : Explicit concurrent mark sweep GC freed 28(1024B) AllocSpace objects, 0(0B) LOS objects, 7% free, 184MB/200MB, paused 1.315ms total 62.024ms
08-04 02:43:44.529 12467 12479 I art     : Starting a blocking GC Explicit
08-04 02:43:44.584 12467 12479 I art     : Explicit concurrent mark sweep GC freed 34(928B) AllocSpace objects, 0(0B) LOS objects, 7% free, 184MB/200MB, paused 1.270ms total 54.625ms
08-04 02:43:44.603 12467 12479 I art     : Starting a blocking GC Explicit
08-04 02:43:44.657 12467 12479 I art     : Explicit concurrent mark sweep GC freed 3(96B) AllocSpace objects, 0(0B) LOS objects, 7% free, 184MB/200MB, paused 1.320ms total 54.227ms
08-04 02:43:44.676 12467 12479 I art     : Starting a blocking GC Explicit
08-04 02:43:44.735 12467 12479 I art     : Explicit concurrent mark sweep GC freed 3(96B) AllocSpace objects, 0(0B) LOS objects, 7% free, 184MB/200MB, paused 1.310ms total 58.784ms
08-04 02:43:45.083 14868 14868 D AndroidRuntime: >>>>>> START com.android.internal.os.RuntimeInit uid 2000 <<<<<<
08-04 02:43:45.090 14868 14868 D AndroidRuntime: CheckJNI is OFF
08-04 02:43:45.137 14868 14868 D ICU     : No timezone override file found: /data/misc/zoneinfo/current/icu/icu_tzdata.dat
08-04 02:43:45.173 12467 13744 I art     : Starting a blocking GC Explicit
08-04 02:43:45.183 14868 14868 I Radio-JNI: register_android_hardware_Radio DONE
08-04 02:43:45.214 14868 14868 D AndroidRuntime: Calling main entry com.android.commands.input.Input
08-04 02:43:45.217 14868 14868 I Input   : injectMotionEvent: MotionEvent { action=ACTION_DOWN, actionButton=0, id[0]=0, x[0]=747.0, y[0]=608.0, toolType[0]=TOOL_TYPE_UNKNOWN, buttonState=0, metaState=0, flags=0x0, edgeFlags=0x0, pointerCount=1, historySize=0, eventTime=672241629, downTime=672241629, deviceId=0, source=0x1002 }
08-04 02:43:45.223 14868 14868 I Input   : injectMotionEvent: MotionEvent { action=ACTION_UP, actionButton=0, id[0]=0, x[0]=747.0, y[0]=608.0, toolType[0]=TOOL_TYPE_UNKNOWN, buttonState=0, metaState=0, flags=0x0, edgeFlags=0x0, pointerCount=1, historySize=0, eventTime=672241629, downTime=672241629, deviceId=0, source=0x1002 }
08-04 02:43:45.225   918  3670 I ActivityManager: START u0 {cmp=baseline.io.github.project_travel_mate/.utilities.ChecklistActivity} from uid 10650 on display 0
08-04 02:43:45.225 14868 14868 D AndroidRuntime: Shutting down VM
08-04 02:43:45.227   512  2967 D audio_hw_primary: out_set_parameters: enter: usecase(1: low-latency-playback) kvpairs: routing=2
08-04 02:43:45.232 12467 13744 I art     : Explicit concurrent mark sweep GC freed 1602(92KB) AllocSpace objects, 2(48KB) LOS objects, 7% free, 184MB/200MB, paused 1.353ms total 58.294ms
08-04 02:43:45.240   512  2967 D audio_hw_primary: select_devices: out_snd_device(2: speaker) in_snd_device(0: none)
08-04 02:43:45.240   512  2967 D msm8974_platform: platform_send_audio_calibration: sending audio calibration for snd_device(2) acdb_id(15)
08-04 02:43:45.241   512  2967 I soundtrigger: audio_extn_sound_trigger_update_device_status: device 0x2 of type 0 for Event 1
08-04 02:43:45.251 12467 13744 I art     : Starting a blocking GC Explicit
08-04 02:43:45.254   512  2967 D audio_hw_primary: enable_snd_device: snd_device(2: speaker)
08-04 02:43:45.258   512  2967 D audio_hw_primary: enable_audio_route: apply and update mixer path: low-latency-playback speaker
08-04 02:43:45.301 12467 13744 I art     : Explicit concurrent mark sweep GC freed 709(43KB) AllocSpace objects, 0(0B) LOS objects, 7% free, 184MB/200MB, paused 1.244ms total 48.968ms
08-04 02:43:45.320 12467 13744 I art     : Starting a blocking GC Explicit
08-04 02:43:45.334   918   936 I ActivityManager: Displayed baseline.io.github.project_travel_mate/.utilities.ChecklistActivity: +95ms
08-04 02:43:45.334 13866 13866 I GoogleInputMethodServic: GoogleInputMethodService.onFinishInput():3138 
08-04 02:43:45.335 13866 13866 I GoogleInputMethodServic: GoogleInputMethodService.onStartInput():1808 
08-04 02:43:45.371 12467 13744 I art     : Explicit concurrent mark sweep GC freed 449(22KB) AllocSpace objects, 0(0B) LOS objects, 7% free, 184MB/200MB, paused 1.303ms total 51.498ms
08-04 02:43:45.392 12467 13744 I art     : Starting a blocking GC Explicit
08-04 02:43:45.441 12467 13744 I art     : Explicit concurrent mark sweep GC freed 82(3KB) AllocSpace objects, 0(0B) LOS objects, 7% free, 184MB/200MB, paused 1.320ms total 48.643ms
08-04 02:43:45.460 12467 13744 I art     : Starting a blocking GC Explicit
08-04 02:43:45.511 12467 13744 I art     : Explicit concurrent mark sweep GC freed 3(96B) AllocSpace objects, 0(0B) LOS objects, 7% free, 184MB/200MB, paused 1.174ms total 51.433ms
08-04 02:43:45.575   380   380 W SurfaceFlinger: couldn't log to binary event log: overflow.
08-04 02:43:45.788   512  2967 D audio_hw_primary: disable_audio_route: reset and update mixer path: low-latency-playback speaker
08-04 02:43:45.790   512  2967 D audio_hw_primary: disable_snd_device: snd_device(2: speaker)
08-04 02:43:45.798   512  2967 I soundtrigger: audio_extn_sound_trigger_update_device_status: device 0x2 of type 0 for Event 0
08-04 02:43:45.895 12467 13744 I art     : Starting a blocking GC Explicit
08-04 02:43:45.969 12467 13744 I art     : Explicit concurrent mark sweep GC freed 1675(94KB) AllocSpace objects, 2(48KB) LOS objects, 7% free, 184MB/200MB, paused 1.604ms total 73.707ms
08-04 02:43:45.992 12467 13744 I art     : Starting a blocking GC Explicit
08-04 02:43:46.052 12467 13744 I art     : Explicit concurrent mark sweep GC freed 36(1296B) AllocSpace objects, 0(0B) LOS objects, 7% free, 184MB/200MB, paused 1.309ms total 59.979ms
08-04 02:43:46.075 12467 13744 I art     : Starting a blocking GC Explicit
08-04 02:43:46.131 12467 13744 I art     : Explicit concurrent mark sweep GC freed 14(720B) AllocSpace objects, 0(0B) LOS objects, 7% free, 184MB/200MB, paused 1.235ms total 56.489ms
08-04 02:43:46.151 12467 13744 I art     : Starting a blocking GC Explicit
08-04 02:43:46.208 12467 13744 I art     : Explicit concurrent mark sweep GC freed 14(672B) AllocSpace objects, 0(0B) LOS objects, 7% free, 184MB/200MB, paused 1.393ms total 57.081ms
08-04 02:43:46.228 12467 13744 I art     : Starting a blocking GC Explicit
08-04 02:43:46.286 12467 13744 I art     : Explicit concurrent mark sweep GC freed 13(640B) AllocSpace objects, 0(0B) LOS objects, 7% free, 184MB/200MB, paused 1.303ms total 57.891ms
08-04 02:43:46.701 12467 12526 I art     : Starting a blocking GC Explicit
08-04 02:43:46.779 12467 12526 I art     : Explicit concurrent mark sweep GC freed 1623(93KB) AllocSpace objects, 2(48KB) LOS objects, 7% free, 184MB/200MB, paused 1.626ms total 77.638ms
08-04 02:43:46.801 12467 12526 I art     : Starting a blocking GC Explicit
08-04 02:43:46.866 12467 12526 I art     : Explicit concurrent mark sweep GC freed 28(1024B) AllocSpace objects, 0(0B) LOS objects, 7% free, 184MB/200MB, paused 1.462ms total 64.313ms
08-04 02:43:46.889 12467 12526 I art     : Starting a blocking GC Explicit
08-04 02:43:46.958 12467 12526 I art     : Explicit concurrent mark sweep GC freed 3(96B) AllocSpace objects, 0(0B) LOS objects, 7% free, 184MB/200MB, paused 1.551ms total 68.475ms
08-04 02:43:46.980 12467 12526 I art     : Starting a blocking GC Explicit
08-04 02:43:47.042 12467 12526 I art     : Explicit concurrent mark sweep GC freed 3(96B) AllocSpace objects, 0(0B) LOS objects, 7% free, 184MB/200MB, paused 1.364ms total 62.076ms
08-04 02:43:47.062 12467 12526 I art     : Starting a blocking GC Explicit
08-04 02:43:47.131 12467 12526 I art     : Explicit concurrent mark sweep GC freed 3(96B) AllocSpace objects, 0(0B) LOS objects, 7% free, 184MB/200MB, paused 1.386ms total 68.057ms
08-04 02:43:47.578 12467 12479 I art     : Starting a blocking GC Explicit
08-04 02:43:47.657 12467 12479 I art     : Explicit concurrent mark sweep GC freed 1636(93KB) AllocSpace objects, 2(48KB) LOS objects, 7% free, 184MB/200MB, paused 1.456ms total 78.719ms
08-04 02:43:47.678 12467 12479 I art     : Starting a blocking GC Explicit
08-04 02:43:47.741 12467 12479 I art     : Explicit concurrent mark sweep GC freed 42(1472B) AllocSpace objects, 0(0B) LOS objects, 7% free, 184MB/200MB, paused 1.194ms total 62.623ms
08-04 02:43:47.761 12467 12479 I art     : Starting a blocking GC Explicit
08-04 02:43:47.826 12467 12479 I art     : Explicit concurrent mark sweep GC freed 3(96B) AllocSpace objects, 0(0B) LOS objects, 7% free, 184MB/200MB, paused 1.346ms total 64.992ms
08-04 02:43:47.846 12467 12479 I art     : Starting a blocking GC Explicit
08-04 02:43:47.912 12467 12479 I art     : Explicit concurrent mark sweep GC freed 15(752B) AllocSpace objects, 0(0B) LOS objects, 7% free, 184MB/200MB, paused 1.468ms total 66.301ms
08-04 02:43:47.936 12467 12479 I art     : Starting a blocking GC Explicit
08-04 02:43:47.999 12467 12479 I art     : Explicit concurrent mark sweep GC freed 13(640B) AllocSpace objects, 0(0B) LOS objects, 7% free, 184MB/200MB, paused 1.427ms total 63.273ms
08-04 02:43:48.431 12467 12525 I art     : Starting a blocking GC Explicit
08-04 02:43:48.512 12467 12525 I art     : Explicit concurrent mark sweep GC freed 1584(92KB) AllocSpace objects, 2(48KB) LOS objects, 7% free, 184MB/200MB, paused 1.503ms total 80.345ms
08-04 02:43:48.535 12467 12525 I art     : Starting a blocking GC Explicit
08-04 02:43:48.603 12467 12525 I art     : Explicit concurrent mark sweep GC freed 65(2016B) AllocSpace objects, 0(0B) LOS objects, 7% free, 184MB/200MB, paused 1.367ms total 68.032ms
08-04 02:43:48.625 12467 12525 I art     : Starting a blocking GC Explicit
08-04 02:43:48.689 12467 12525 I art     : Explicit concurrent mark sweep GC freed 3(96B) AllocSpace objects, 0(0B) LOS objects, 7% free, 184MB/200MB, paused 1.290ms total 63.968ms
08-04 02:43:48.709 12467 12525 I art     : Starting a blocking GC Explicit
08-04 02:43:48.775 12467 12525 I art     : Explicit concurrent mark sweep GC freed 3(96B) AllocSpace objects, 0(0B) LOS objects, 7% free, 184MB/200MB, paused 1.479ms total 65.006ms
08-04 02:43:48.798 12467 12525 I art     : Starting a blocking GC Explicit
08-04 02:43:48.862 12467 12525 I art     : Explicit concurrent mark sweep GC freed 3(96B) AllocSpace objects, 0(0B) LOS objects, 7% free, 184MB/200MB, paused 1.406ms total 63.828ms
08-04 02:43:49.300 12467 12480 I art     : Starting a blocking GC Explicit
08-04 02:43:49.380 12467 12480 I art     : Explicit concurrent mark sweep GC freed 1598(92KB) AllocSpace objects, 2(48KB) LOS objects, 7% free, 184MB/200MB, paused 1.434ms total 79.323ms
08-04 02:43:49.403 12467 12480 I art     : Starting a blocking GC Explicit
08-04 02:43:49.469 12467 12480 I art     : Explicit concurrent mark sweep GC freed 38(1584B) AllocSpace objects, 0(0B) LOS objects, 7% free, 184MB/200MB, paused 1.418ms total 65.379ms
08-04 02:43:49.491 12467 12480 I art     : Starting a blocking GC Explicit
08-04 02:43:49.546 12467 12480 I art     : Explicit concurrent mark sweep GC freed 3(96B) AllocSpace objects, 0(0B) LOS objects, 7% free, 184MB/200MB, paused 1.159ms total 55.140ms
08-04 02:43:49.565 12467 12480 I art     : Starting a blocking GC Explicit
08-04 02:43:49.621 12467 12480 I art     : Explicit concurrent mark sweep GC freed 40(1088B) AllocSpace objects, 0(0B) LOS objects, 7% free, 184MB/200MB, paused 1.401ms total 55.177ms
08-04 02:43:49.641 12467 12480 I art     : Starting a blocking GC Explicit
08-04 02:43:49.697 12467 12480 I art     : Explicit concurrent mark sweep GC freed 3(96B) AllocSpace objects, 0(0B) LOS objects, 7% free, 184MB/200MB, paused 1.286ms total 56.066ms
08-04 02:43:49.845   518   646 I ThermalEngine: ACTION: GPU - Setting GPU[0] to 510000000
08-04 02:43:49.989 14946 14946 D AndroidRuntime: >>>>>> START com.android.internal.os.RuntimeInit uid 2000 <<<<<<
08-04 02:43:49.994 14946 14946 D AndroidRuntime: CheckJNI is OFF
08-04 02:43:50.030 14946 14946 D ICU     : No timezone override file found: /data/misc/zoneinfo/current/icu/icu_tzdata.dat
08-04 02:43:50.063 14946 14946 I Radio-JNI: register_android_hardware_Radio DONE
08-04 02:43:50.084 12467 13744 I art     : Starting a blocking GC Explicit
08-04 02:43:50.085 14946 14946 D AndroidRuntime: Calling main entry com.android.commands.input.Input
08-04 02:43:50.087 14946 14946 I Input   : injectKeyEvent: KeyEvent { action=ACTION_DOWN, keyCode=KEYCODE_BACK, scanCode=0, metaState=0, flags=0x0, repeatCount=0, eventTime=672246500, downTime=672246500, deviceId=-1, source=0x101 }
08-04 02:43:50.093 14946 14946 I Input   : injectKeyEvent: KeyEvent { action=ACTION_UP, keyCode=KEYCODE_BACK, scanCode=0, metaState=0, flags=0x0, repeatCount=0, eventTime=672246500, downTime=672246500, deviceId=-1, source=0x101 }
08-04 02:43:50.101 14946 14946 D AndroidRuntime: Shutting down VM
08-04 02:43:50.113 12467 12467 V MainActivity: url = https://project-travel-mate.herokuapp.com/api/number-of-unread-notifications
08-04 02:43:50.130 12467 13744 I art     : Explicit concurrent mark sweep GC freed 1918(105KB) AllocSpace objects, 2(48KB) LOS objects, 7% free, 184MB/200MB, paused 993us total 44.791ms
08-04 02:43:50.140 13866 13866 I GoogleInputMethodServic: GoogleInputMethodService.onFinishInput():3138 
08-04 02:43:50.141 13866 13866 I GoogleInputMethodServic: GoogleInputMethodService.onStartInput():1808 
08-04 02:43:50.143 12467 13744 I art     : Starting a blocking GC Explicit
08-04 02:43:50.189 12467 13744 I art     : Explicit concurrent mark sweep GC freed 141(5KB) AllocSpace objects, 0(0B) LOS objects, 7% free, 184MB/200MB, paused 996us total 45.818ms
08-04 02:43:50.203 12467 13744 I art     : Starting a blocking GC Explicit
08-04 02:43:50.242 12467 13744 I art     : Explicit concurrent mark sweep GC freed 104(6KB) AllocSpace objects, 0(0B) LOS objects, 7% free, 184MB/200MB, paused 998us total 38.667ms
08-04 02:43:50.242 12467 12478 I art     : WaitForGcToComplete blocked for 10.039ms for cause HeapTrim
08-04 02:43:50.256 12467 13744 I art     : Starting a blocking GC Explicit
08-04 02:43:50.304 12467 13744 I art     : Explicit concurrent mark sweep GC freed 3(96B) AllocSpace objects, 0(0B) LOS objects, 7% free, 184MB/200MB, paused 1.146ms total 48.517ms
08-04 02:43:50.317   918 13198 D NetlinkSocketObserver: NeighborEvent{elapsedMs=1655634192, 192.168.2.254, [7C3953A63323], RTM_NEWNEIGH, NUD_PROBE}
08-04 02:43:50.322 12467 13744 I art     : Starting a blocking GC Explicit
08-04 02:43:50.368 12467 13744 I art     : Explicit concurrent mark sweep GC freed 24(1200B) AllocSpace objects, 0(0B) LOS objects, 7% free, 184MB/200MB, paused 1.219ms total 45.839ms
08-04 02:43:50.430   380   380 W SurfaceFlinger: couldn't log to binary event log: overflow.
08-04 02:43:50.657 12467 14969 I NAPPA_EXPERIMENTATION: MetricNetworkRequestExecutionTime: REQUEST_DURATION_SYSTEM='543',REQUEST_DURATION_OKHTTP='30',REQUEST_SYNCHRONOUS='FALSE',RESPONSE_CODE='200',RESPONSE_METHOD='GET',RESPONSE_LENGTH_OKHTTP='36',RESPONSE_LENGTH_HEADER='36',REQUEST_PROTOCOL='http/1.1',REQUEST_URL='https://project-travel-mate.herokuapp.com/api/number-of-unread-notifications',
08-04 02:43:50.698 12467 12480 I art     : Starting a blocking GC Explicit
08-04 02:43:50.749 12467 12480 I art     : Explicit concurrent mark sweep GC freed 4764(256KB) AllocSpace objects, 5(248KB) LOS objects, 7% free, 184MB/200MB, paused 1.129ms total 50.778ms
08-04 02:43:50.764 12467 12480 I art     : Starting a blocking GC Explicit
08-04 02:43:50.812 12467 12480 I art     : Explicit concurrent mark sweep GC freed 1172(127KB) AllocSpace objects, 0(0B) LOS objects, 7% free, 184MB/200MB, paused 1.059ms total 47.486ms
08-04 02:43:50.827 12467 12480 I art     : Starting a blocking GC Explicit
08-04 02:43:50.875 12467 12480 I art     : Explicit concurrent mark sweep GC freed 15(752B) AllocSpace objects, 0(0B) LOS objects, 7% free, 184MB/200MB, paused 1.039ms total 48.143ms
08-04 02:43:50.890 12467 12480 I art     : Starting a blocking GC Explicit
08-04 02:43:50.937 12467 12480 I art     : Explicit concurrent mark sweep GC freed 13(640B) AllocSpace objects, 0(0B) LOS objects, 7% free, 184MB/200MB, paused 1.078ms total 46.689ms
08-04 02:43:50.952 12467 12480 I art     : Starting a blocking GC Explicit
08-04 02:43:50.999 12467 12480 I art     : Explicit concurrent mark sweep GC freed 3(96B) AllocSpace objects, 0(0B) LOS objects, 7% free, 184MB/200MB, paused 1.047ms total 46.856ms
08-04 02:43:51.368 12467 12526 I art     : Starting a blocking GC Explicit
08-04 02:43:51.416 12467 12526 I art     : Explicit concurrent mark sweep GC freed 1586(92KB) AllocSpace objects, 2(48KB) LOS objects, 7% free, 184MB/200MB, paused 1.064ms total 47.838ms
08-04 02:43:51.431 12467 12526 I art     : Starting a blocking GC Explicit
08-04 02:43:51.476 12467 12526 I art     : Explicit concurrent mark sweep GC freed 28(1024B) AllocSpace objects, 0(0B) LOS objects, 7% free, 184MB/200MB, paused 1.025ms total 44.804ms
08-04 02:43:51.491 12467 12526 I art     : Starting a blocking GC Explicit
08-04 02:43:51.537 12467 12526 I art     : Explicit concurrent mark sweep GC freed 3(96B) AllocSpace objects, 0(0B) LOS objects, 7% free, 184MB/200MB, paused 1.141ms total 45.976ms
08-04 02:43:51.552 12467 12526 I art     : Starting a blocking GC Explicit
08-04 02:43:51.598 12467 12526 I art     : Explicit concurrent mark sweep GC freed 40(1088B) AllocSpace objects, 0(0B) LOS objects, 7% free, 184MB/200MB, paused 1.115ms total 45.519ms
08-04 02:43:51.612 12467 12526 I art     : Starting a blocking GC Explicit
08-04 02:43:51.658 12467 12526 I art     : Explicit concurrent mark sweep GC freed 3(96B) AllocSpace objects, 0(0B) LOS objects, 7% free, 184MB/200MB, paused 1.160ms total 45.610ms
08-04 02:43:51.760 14991 14991 D AndroidRuntime: >>>>>> START com.android.internal.os.RuntimeInit uid 2000 <<<<<<
08-04 02:43:51.771 14991 14991 D AndroidRuntime: CheckJNI is OFF
08-04 02:43:51.813 14991 14991 D ICU     : No timezone override file found: /data/misc/zoneinfo/current/icu/icu_tzdata.dat
08-04 02:43:51.844 14991 14991 I Radio-JNI: register_android_hardware_Radio DONE
08-04 02:43:51.865 14991 14991 D AndroidRuntime: Calling main entry com.android.commands.input.Input
08-04 02:43:51.866 14991 14991 I Input   : injectMotionEvent: MotionEvent { action=ACTION_DOWN, actionButton=0, id[0]=0, x[0]=657.0, y[0]=2037.0, toolType[0]=TOOL_TYPE_UNKNOWN, buttonState=0, metaState=0, flags=0x0, edgeFlags=0x0, pointerCount=1, historySize=0, eventTime=672248279, downTime=672248279, deviceId=0, source=0x1002 }
08-04 02:43:51.870 14991 14991 I Input   : injectMotionEvent: MotionEvent { action=ACTION_UP, actionButton=0, id[0]=0, x[0]=657.0, y[0]=2037.0, toolType[0]=TOOL_TYPE_UNKNOWN, buttonState=0, metaState=0, flags=0x0, edgeFlags=0x0, pointerCount=1, historySize=0, eventTime=672248279, downTime=672248279, deviceId=0, source=0x1002 }
08-04 02:43:51.872 14991 14991 D AndroidRuntime: Shutting down VM
08-04 02:43:51.883   918  4413 I ActivityManager: START u0 {cmp=baseline.io.github.project_travel_mate/.utilities.CompassActivity} from uid 10650 on display 0
08-04 02:43:51.885   512  2967 D audio_hw_primary: out_set_parameters: enter: usecase(1: low-latency-playback) kvpairs: routing=2
08-04 02:43:51.898   512  2967 D audio_hw_primary: select_devices: out_snd_device(2: speaker) in_snd_device(0: none)
08-04 02:43:51.898   512  2967 D msm8974_platform: platform_send_audio_calibration: sending audio calibration for snd_device(2) acdb_id(15)
08-04 02:43:51.898   512  2967 I soundtrigger: audio_extn_sound_trigger_update_device_status: device 0x2 of type 0 for Event 1
08-04 02:43:51.909   512  2967 D audio_hw_primary: enable_snd_device: snd_device(2: speaker)
08-04 02:43:51.912   512  2967 D audio_hw_primary: enable_audio_route: apply and update mixer path: low-latency-playback speaker
08-04 02:43:52.011 12467 13744 I art     : Waiting for a blocking GC Explicit
08-04 02:43:52.012 12467 13744 I art     : Starting a blocking GC Explicit
08-04 02:43:52.051 12467 13744 I art     : Explicit concurrent mark sweep GC freed 65(3KB) AllocSpace objects, 0(0B) LOS objects, 6% free, 233MB/249MB, paused 1.068ms total 39.244ms
08-04 02:43:52.064 12467 13744 I art     : Starting a blocking GC Explicit
08-04 02:43:52.104 12467 13744 I art     : Explicit concurrent mark sweep GC freed 5(176B) AllocSpace objects, 0(0B) LOS objects, 6% free, 233MB/249MB, paused 1.056ms total 39.260ms
08-04 02:43:52.118 12467 13744 I art     : Starting a blocking GC Explicit
08-04 02:43:52.159 12467 13744 I art     : Explicit concurrent mark sweep GC freed 3(96B) AllocSpace objects, 0(0B) LOS objects, 6% free, 233MB/249MB, paused 1.191ms total 40.128ms
08-04 02:43:52.172 12467 13744 I art     : Starting a blocking GC Explicit
08-04 02:43:52.214 12467 13744 I art     : Explicit concurrent mark sweep GC freed 3(96B) AllocSpace objects, 0(0B) LOS objects, 6% free, 233MB/249MB, paused 1.085ms total 41.161ms
08-04 02:43:52.228 12467 13744 I art     : Starting a blocking GC Explicit
08-04 02:43:52.269 12467 13744 I art     : Explicit concurrent mark sweep GC freed 3(96B) AllocSpace objects, 0(0B) LOS objects, 6% free, 233MB/249MB, paused 1.106ms total 41.250ms
08-04 02:43:52.304 12467 12467 D CompassActivity: start compass
08-04 02:43:52.305   918  4413 I sensors : batch
08-04 02:43:52.305   918  4413 I sensors : activate
08-04 02:43:52.305   918  3359 I sensors : batch
08-04 02:43:52.305   918  3359 I sensors : activate
08-04 02:43:52.311   918  3188 I hubconnection: sensorhub said: 'batch 1 flags:0, sampling_rate_Hz:50.00, max_report_latency_us:0'
08-04 02:43:52.312   918  3188 I hubconnection: sensorhub said: 'activate 1 enable:1'
08-04 02:43:52.313   918  3188 I hubconnection: sensorhub said: 'batch 3 flags:0, sampling_rate_Hz:50.00, max_report_latency_us:0'
08-04 02:43:52.314   918  3188 I hubconnection: sensorhub said: 'activate 3 enable:1'
08-04 02:43:52.449   512  2967 D audio_hw_primary: disable_audio_route: reset and update mixer path: low-latency-playback speaker
08-04 02:43:52.451   512  2967 D audio_hw_primary: disable_snd_device: snd_device(2: speaker)
08-04 02:43:52.456   918   936 I ActivityManager: Displayed baseline.io.github.project_travel_mate/.utilities.CompassActivity: +553ms
08-04 02:43:52.457 13866 13866 I GoogleInputMethodServic: GoogleInputMethodService.onFinishInput():3138 
08-04 02:43:52.457 13866 13866 I GoogleInputMethodServic: GoogleInputMethodService.onStartInput():1808 
08-04 02:43:52.464   512  2967 I soundtrigger: audio_extn_sound_trigger_update_device_status: device 0x2 of type 0 for Event 0
08-04 02:43:52.529 12467 12467 D CompassActivity: will set rotation from 0.0 to 177.38367
08-04 02:43:52.530 12467 12467 D CompassActivity: will set rotation from 177.38367 to 177.94086
08-04 02:43:52.530 12467 12467 D CompassActivity: will set rotation from 177.94086 to 177.9372
08-04 02:43:52.530 12467 12467 D CompassActivity: will set rotation from 177.9372 to 177.93237
08-04 02:43:52.530 12467 12467 D CompassActivity: will set rotation from 177.93237 to 177.93042
08-04 02:43:52.530 12467 12467 D CompassActivity: will set rotation from 177.93042 to 178.02875
08-04 02:43:52.530 12467 12467 D CompassActivity: will set rotation from 178.02875 to 178.04077
08-04 02:43:52.552 12467 12467 D CompassActivity: will set rotation from 178.04077 to 177.8388
08-04 02:43:52.553 12467 12467 D CompassActivity: will set rotation from 177.8388 to 177.84436
08-04 02:43:52.569 12467 12467 D CompassActivity: will set rotation from 177.84436 to 178.0122
08-04 02:43:52.570 12467 12467 D CompassActivity: will set rotation from 178.0122 to 178.01495
08-04 02:43:52.589 12467 12467 D CompassActivity: will set rotation from 178.01495 to 178.07373
08-04 02:43:52.589 12467 12467 D CompassActivity: will set rotation from 178.07373 to 178.07336
08-04 02:43:52.609 12467 12467 D CompassActivity: will set rotation from 178.07336 to 178.01044
08-04 02:43:52.609 12467 12467 D CompassActivity: will set rotation from 178.01044 to 178.00873
08-04 02:43:52.629 12467 12467 D CompassActivity: will set rotation from 178.00873 to 178.0614
08-04 02:43:52.630 12467 12467 D CompassActivity: will set rotation from 178.0614 to 178.06812
08-04 02:43:52.634 12467 12525 I art     : Starting a blocking GC Explicit
08-04 02:43:52.650 12467 12467 D CompassActivity: will set rotation from 178.06812 to 178.00653
08-04 02:43:52.651 12467 12467 D CompassActivity: will set rotation from 178.00653 to 178.00854
08-04 02:43:52.670 12467 12467 D CompassActivity: will set rotation from 178.00854 to 178.00574
08-04 02:43:52.671 12467 12467 D CompassActivity: will set rotation from 178.00574 to 178.00452
08-04 02:43:52.687 12467 12525 I art     : Explicit concurrent mark sweep GC freed 2002(113KB) AllocSpace objects, 2(48KB) LOS objects, 6% free, 236MB/252MB, paused 1.066ms total 52.870ms
08-04 02:43:52.690 12467 12467 D CompassActivity: will set rotation from 178.00452 to 178.05164
08-04 02:43:52.690 12467 12467 D CompassActivity: will set rotation from 178.05164 to 178.05212
08-04 02:43:52.704 12467 12525 I art     : Starting a blocking GC Explicit
08-04 02:43:52.709 12467 12467 D CompassActivity: will set rotation from 178.05212 to 178.0918
08-04 02:43:52.709 12467 12467 D CompassActivity: will set rotation from 178.0918 to 178.09344
08-04 02:43:52.716   380   380 W SurfaceFlinger: couldn't log to binary event log: overflow.
08-04 02:43:52.730 12467 12467 D CompassActivity: will set rotation from 178.09344 to 178.13763
08-04 02:43:52.731 12467 12467 D CompassActivity: will set rotation from 178.13763 to 178.14252
08-04 02:43:52.748 12467 12467 D CompassActivity: will set rotation from 178.14252 to 178.13696
08-04 02:43:52.749 12467 12467 D CompassActivity: will set rotation from 178.13696 to 178.13922
08-04 02:43:52.749 12467 12525 I art     : Explicit concurrent mark sweep GC freed 364(15KB) AllocSpace objects, 0(0B) LOS objects, 6% free, 236MB/252MB, paused 981us total 45.048ms
08-04 02:43:52.763 12467 12525 I art     : Starting a blocking GC Explicit
08-04 02:43:52.768 12467 12467 D CompassActivity: will set rotation from 178.13922 to 178.20703
08-04 02:43:52.769 12467 12467 D CompassActivity: will set rotation from 178.20703 to 178.20874
08-04 02:43:52.788 12467 12467 D CompassActivity: will set rotation from 178.20874 to 178.26624
08-04 02:43:52.788 12467 12467 D CompassActivity: will set rotation from 178.26624 to 178.26953
08-04 02:43:52.804 12467 12525 I art     : Explicit concurrent mark sweep GC freed 123(6KB) AllocSpace objects, 0(0B) LOS objects, 6% free, 236MB/252MB, paused 941us total 41.177ms
08-04 02:43:52.808 12467 12467 D CompassActivity: will set rotation from 178.26953 to 178.25183
08-04 02:43:52.808 12467 12467 D CompassActivity: will set rotation from 178.25183 to 178.25403
08-04 02:43:52.819 12467 12525 I art     : Starting a blocking GC Explicit
08-04 02:43:52.829 12467 12467 D CompassActivity: will set rotation from 178.25403 to 178.34167
08-04 02:43:52.829 12467 12467 D CompassActivity: will set rotation from 178.34167 to 178.34418
08-04 02:43:52.848   518   646 I ThermalEngine: ACTION: GPU - Setting GPU[0] to 450000000
08-04 02:43:52.848 12467 12467 D CompassActivity: will set rotation from 178.34418 to 178.39478
08-04 02:43:52.848 12467 12467 D CompassActivity: will set rotation from 178.39478 to 178.39478
08-04 02:43:52.868 12467 12525 I art     : Explicit concurrent mark sweep GC freed 123(6KB) AllocSpace objects, 0(0B) LOS objects, 6% free, 236MB/252MB, paused 1.477ms total 49.415ms
08-04 02:43:52.888 12467 12525 I art     : Starting a blocking GC Explicit
08-04 02:43:52.938 12467 12467 D CompassActivity: will set rotation from 178.39478 to 178.40356
08-04 02:43:52.938 12467 12467 D CompassActivity: will set rotation from 178.40356 to 178.40247
08-04 02:43:52.938 12467 12467 D CompassActivity: will set rotation from 178.40247 to 178.41205
08-04 02:43:52.938 12467 12467 D CompassActivity: will set rotation from 178.41205 to 178.40845
08-04 02:43:52.938 12467 12467 D CompassActivity: will set rotation from 178.40845 to 178.41882
08-04 02:43:52.938 12467 12467 D CompassActivity: will set rotation from 178.41882 to 178.4148
08-04 02:43:52.939 12467 12467 D CompassActivity: will set rotation from 178.4148 to 178.453
08-04 02:43:52.939 12467 12467 D CompassActivity: will set rotation from 178.453 to 178.45416
08-04 02:43:52.942 12467 12525 I art     : Explicit concurrent mark sweep GC freed 149(7KB) AllocSpace objects, 0(0B) LOS objects, 6% free, 236MB/252MB, paused 1.574ms total 53.424ms
08-04 02:43:52.948 12467 12467 D CompassActivity: will set rotation from 178.45416 to 178.43329
08-04 02:43:52.948 12467 12467 D CompassActivity: will set rotation from 178.43329 to 178.43628
08-04 02:43:52.968 12467 12467 D CompassActivity: will set rotation from 178.43628 to 178.38843
08-04 02:43:52.969 12467 12467 D CompassActivity: will set rotation from 178.38843 to 178.38953
08-04 02:43:52.987 12467 12467 D CompassActivity: will set rotation from 178.38953 to 178.42102
08-04 02:43:52.988 12467 12467 D CompassActivity: will set rotation from 178.42102 to 178.42133
08-04 02:43:53.007 12467 12467 D CompassActivity: will set rotation from 178.42133 to 178.43176
08-04 02:43:53.007 12467 12467 D CompassActivity: will set rotation from 178.43176 to 178.435
08-04 02:43:53.028 12467 12467 D CompassActivity: will set rotation from 178.435 to 178.49054
08-04 02:43:53.029 12467 12467 D CompassActivity: will set rotation from 178.49054 to 178.49023
08-04 02:43:53.047 12467 12467 D CompassActivity: will set rotation from 178.49023 to 178.5393
08-04 02:43:53.048 12467 12467 D CompassActivity: will set rotation from 178.5393 to 178.53748
08-04 02:43:53.069 12467 12467 D CompassActivity: will set rotation from 178.53748 to 178.51349
08-04 02:43:53.069 12467 12467 D CompassActivity: will set rotation from 178.51349 to 178.5133
08-04 02:43:53.087 12467 12467 D CompassActivity: will set rotation from 178.5133 to 178.51257
08-04 02:43:53.087 12467 12467 D CompassActivity: will set rotation from 178.51257 to 178.51239
08-04 02:43:53.107 12467 12467 D CompassActivity: will set rotation from 178.51239 to 178.51349
08-04 02:43:53.108 12467 12467 D CompassActivity: will set rotation from 178.51349 to 178.51367
08-04 02:43:53.128 12467 12467 D CompassActivity: will set rotation from 178.51367 to 178.53906
08-04 02:43:53.128 12467 12467 D CompassActivity: will set rotation from 178.53906 to 178.53894
08-04 02:43:53.148 12467 12467 D CompassActivity: will set rotation from 178.53894 to 178.53656
08-04 02:43:53.148 12467 12467 D CompassActivity: will set rotation from 178.53656 to 178.5365
08-04 02:43:53.169 12467 12467 D CompassActivity: will set rotation from 178.5365 to 178.5387
08-04 02:43:53.170 12467 12467 D CompassActivity: will set rotation from 178.5387 to 178.5401
08-04 02:43:53.187 12467 12467 D CompassActivity: will set rotation from 178.5401 to 178.51868
08-04 02:43:53.188 12467 12467 D CompassActivity: will set rotation from 178.51868 to 178.51758
08-04 02:43:53.206 12467 12467 D CompassActivity: will set rotation from 178.51758 to 178.49695
08-04 02:43:53.207 12467 12467 D CompassActivity: will set rotation from 178.49695 to 178.49573
08-04 02:43:53.227 12467 12467 D CompassActivity: will set rotation from 178.49573 to 178.50122
08-04 02:43:53.227 12467 12467 D CompassActivity: will set rotation from 178.50122 to 178.50159
08-04 02:43:53.247 12467 12467 D CompassActivity: will set rotation from 178.50159 to 178.47992
08-04 02:43:53.248 12467 12467 D CompassActivity: will set rotation from 178.47992 to 178.48029
08-04 02:43:53.270 12467 12467 D CompassActivity: will set rotation from 178.48029 to 178.526
08-04 02:43:53.271 12467 12467 D CompassActivity: will set rotation from 178.526 to 178.52441
08-04 02:43:53.288 12467 12467 D CompassActivity: will set rotation from 178.52441 to 178.52649
08-04 02:43:53.289 12467 12467 D CompassActivity: will set rotation from 178.52649 to 178.52802
08-04 02:43:53.307 12467 12467 D CompassActivity: will set rotation from 178.52802 to 178.52936
08-04 02:43:53.307 12467 12467 D CompassActivity: will set rotation from 178.52936 to 178.52832
08-04 02:43:53.326 12467 12467 D CompassActivity: will set rotation from 178.52832 to 178.57007
08-04 02:43:53.327 12467 12467 D CompassActivity: will set rotation from 178.57007 to 178.56866
08-04 02:43:53.346 12467 12467 D CompassActivity: will set rotation from 178.56866 to 178.56836
08-04 02:43:53.347 12467 12467 D CompassActivity: will set rotation from 178.56836 to 178.56866
08-04 02:43:53.369 12467 12467 D CompassActivity: will set rotation from 178.56866 to 178.57086
08-04 02:43:53.370 12467 12467 D CompassActivity: will set rotation from 178.57086 to 178.57043
08-04 02:43:53.377 12467 12480 I art     : Starting a blocking GC Explicit
08-04 02:43:53.388 12467 12467 D CompassActivity: will set rotation from 178.57043 to 178.56891
08-04 02:43:53.388 12467 12467 D CompassActivity: will set rotation from 178.56891 to 178.56958
08-04 02:43:53.407 12467 12467 D CompassActivity: will set rotation from 178.56958 to 178.54944
08-04 02:43:53.407 12467 12467 D CompassActivity: will set rotation from 178.54944 to 178.54865
08-04 02:43:53.426 12467 12467 D CompassActivity: will set rotation from 178.54865 to 178.55145
08-04 02:43:53.426 12467 12467 D CompassActivity: will set rotation from 178.55145 to 178.5506
08-04 02:43:53.445 12467 12480 I art     : Explicit concurrent mark sweep GC freed 2097(123KB) AllocSpace objects, 2(48KB) LOS objects, 6% free, 236MB/252MB, paused 1.357ms total 68.609ms
08-04 02:43:53.446 12467 12467 D CompassActivity: will set rotation from 178.5506 to 178.58624
08-04 02:43:53.447 12467 12467 D CompassActivity: will set rotation from 178.58624 to 178.58496
08-04 02:43:53.466 12467 12467 D CompassActivity: will set rotation from 178.58496 to 178.61847
08-04 02:43:53.467 12467 12467 D CompassActivity: will set rotation from 178.61847 to 178.61755
08-04 02:43:53.468 12467 12480 I art     : Starting a blocking GC Explicit
08-04 02:43:53.487 12467 12467 D CompassActivity: will set rotation from 178.61755 to 178.63574
08-04 02:43:53.487 12467 12467 D CompassActivity: will set rotation from 178.63574 to 178.63611
08-04 02:43:53.505 12467 12467 D CompassActivity: will set rotation from 178.63611 to 178.63263
08-04 02:43:53.506 12467 12467 D CompassActivity: will set rotation from 178.63263 to 178.63318
08-04 02:43:53.526 12467 12467 D CompassActivity: will set rotation from 178.63318 to 178.63074
08-04 02:43:53.526 12467 12467 D CompassActivity: will set rotation from 178.63074 to 178.62933
08-04 02:43:53.531 12467 12480 I art     : Explicit concurrent mark sweep GC freed 823(33KB) AllocSpace objects, 0(0B) LOS objects, 6% free, 236MB/252MB, paused 1.441ms total 62.602ms
08-04 02:43:53.546 12467 12467 D CompassActivity: will set rotation from 178.62933 to 178.6294
08-04 02:43:53.546 12467 12467 D CompassActivity: will set rotation from 178.6294 to 178.62866
08-04 02:43:53.555 12467 12480 I art     : Starting a blocking GC Explicit
08-04 02:43:53.566 12467 12467 D CompassActivity: will set rotation from 178.62866 to 178.60657
08-04 02:43:53.567 12467 12467 D CompassActivity: will set rotation from 178.60657 to 178.60516
08-04 02:43:53.587 12467 12467 D CompassActivity: will set rotation from 178.60516 to 178.58386
08-04 02:43:53.588 12467 12467 D CompassActivity: will set rotation from 178.58386 to 178.58392
08-04 02:43:53.606 12467 12467 D CompassActivity: will set rotation from 178.58392 to 178.59882
08-04 02:43:53.607 12467 12467 D CompassActivity: will set rotation from 178.59882 to 178.60144
08-04 02:43:53.624 12467 12480 I art     : Explicit concurrent mark sweep GC freed 225(10KB) AllocSpace objects, 0(0B) LOS objects, 6% free, 236MB/252MB, paused 1.447ms total 69.126ms
08-04 02:43:53.626 12467 12467 D CompassActivity: will set rotation from 178.60144 to 178.61987
08-04 02:43:53.627 12467 12467 D CompassActivity: will set rotation from 178.61987 to 178.6203
08-04 02:43:53.646 12467 12480 I art     : Starting a blocking GC Explicit
08-04 02:43:53.649 12467 12467 D CompassActivity: will set rotation from 178.6203 to 178.6742
08-04 02:43:53.650 12467 12467 D CompassActivity: will set rotation from 178.6742 to 178.67456
08-04 02:43:53.665 12467 12467 D CompassActivity: will set rotation from 178.67456 to 178.67126
08-04 02:43:53.666 12467 12467 D CompassActivity: will set rotation from 178.67126 to 178.67163
08-04 02:43:53.685 12467 12467 D CompassActivity: will set rotation from 178.67163 to 178.68091
08-04 02:43:53.685 12467 12467 D CompassActivity: will set rotation from 178.68091 to 178.6814
08-04 02:43:53.705 12467 12480 I art     : Explicit concurrent mark sweep GC freed 191(9KB) AllocSpace objects, 0(0B) LOS objects, 6% free, 236MB/252MB, paused 1.224ms total 58.823ms
08-04 02:43:53.707 12467 12467 D CompassActivity: will set rotation from 178.6814 to 178.64087
08-04 02:43:53.707 12467 12467 D CompassActivity: will set rotation from 178.64087 to 178.6424
08-04 02:43:53.725 12467 12480 I art     : Starting a blocking GC Explicit
08-04 02:43:53.725 12467 12467 D CompassActivity: will set rotation from 178.6424 to 178.6377
08-04 02:43:53.729 12467 12467 D CompassActivity: will set rotation from 178.6377 to 178.63824
08-04 02:43:53.746 12467 12467 D CompassActivity: will set rotation from 178.63824 to 178.6687
08-04 02:43:53.747 12467 12467 D CompassActivity: will set rotation from 178.6687 to 178.66785
08-04 02:43:53.774 12467 12467 D CompassActivity: will set rotation from 178.66785 to 178.6966
08-04 02:43:53.775 12467 12467 D CompassActivity: will set rotation from 178.6966 to 178.69495
08-04 02:43:53.790 12467 12467 D CompassActivity: will set rotation from 178.69495 to 178.69269
08-04 02:43:53.790 12467 12467 D CompassActivity: will set rotation from 178.69269 to 178.6919
08-04 02:43:53.793 12467 12480 I art     : Explicit concurrent mark sweep GC freed 188(9KB) AllocSpace objects, 0(0B) LOS objects, 6% free, 236MB/252MB, paused 1.285ms total 67.516ms
08-04 02:43:53.810 12467 12467 D CompassActivity: will set rotation from 178.6919 to 178.70245
08-04 02:43:53.810 12467 12467 D CompassActivity: will set rotation from 178.70245 to 178.69934
08-04 02:43:53.825 12467 12467 D CompassActivity: will set rotation from 178.69934 to 178.693
08-04 02:43:53.826 12467 12467 D CompassActivity: will set rotation from 178.693 to 178.6919
08-04 02:43:53.844 12467 12467 D CompassActivity: will set rotation from 178.6919 to 178.68481
08-04 02:43:53.845 12467 12467 D CompassActivity: will set rotation from 178.68481 to 178.68433
08-04 02:43:53.864 12467 12467 D CompassActivity: will set rotation from 178.68433 to 178.69629
08-04 02:43:53.865 12467 12467 D CompassActivity: will set rotation from 178.69629 to 178.6969
08-04 02:43:53.888 12467 12467 D CompassActivity: will set rotation from 178.6969 to 178.7461
08-04 02:43:53.889 12467 12467 D CompassActivity: will set rotation from 178.7461 to 178.74542
08-04 02:43:53.907 12467 12467 D CompassActivity: will set rotation from 178.74542 to 178.79022
08-04 02:43:53.908 12467 12467 D CompassActivity: will set rotation from 178.79022 to 178.79205
08-04 02:43:53.925 12467 12467 D CompassActivity: will set rotation from 178.79205 to 178.83557
08-04 02:43:53.925 12467 12467 D CompassActivity: will set rotation from 178.83557 to 178.83484
08-04 02:43:53.945 12467 12467 D CompassActivity: will set rotation from 178.83484 to 178.82635
08-04 02:43:53.945 12467 12467 D CompassActivity: will set rotation from 178.82635 to 178.82526
08-04 02:43:53.964 12467 12467 D CompassActivity: will set rotation from 178.82526 to 178.85114
08-04 02:43:53.964 12467 12467 D CompassActivity: will set rotation from 178.85114 to 178.8487
08-04 02:43:53.987 12467 12467 D CompassActivity: will set rotation from 178.8487 to 178.87036
08-04 02:43:53.988 12467 12467 D CompassActivity: will set rotation from 178.87036 to 178.86993
08-04 02:43:54.006 12467 12467 D CompassActivity: will set rotation from 178.86993 to 178.89044
08-04 02:43:54.007 12467 12467 D CompassActivity: will set rotation from 178.89044 to 178.89069
08-04 02:43:54.024 12467 12467 D CompassActivity: will set rotation from 178.89069 to 178.9093
08-04 02:43:54.025 12467 12467 D CompassActivity: will set rotation from 178.9093 to 178.90808
08-04 02:43:54.043 12467 12467 D CompassActivity: will set rotation from 178.90808 to 178.89575
08-04 02:43:54.044 12467 12467 D CompassActivity: will set rotation from 178.89575 to 178.89459
08-04 02:43:54.063 12467 12467 D CompassActivity: will set rotation from 178.89459 to 178.88123
08-04 02:43:54.064 12467 12467 D CompassActivity: will set rotation from 178.88123 to 178.8819
08-04 02:43:54.083 12467 12467 D CompassActivity: will set rotation from 178.8819 to 178.88525
08-04 02:43:54.084 12467 12467 D CompassActivity: will set rotation from 178.88525 to 178.88635
08-04 02:43:54.107 12467 12467 D CompassActivity: will set rotation from 178.88635 to 178.90857
08-04 02:43:54.107 12467 12467 D CompassActivity: will set rotation from 178.90857 to 178.90753
08-04 02:43:54.123 12467 12467 D CompassActivity: will set rotation from 178.90753 to 178.88055
08-04 02:43:54.124 12467 12467 D CompassActivity: will set rotation from 178.88055 to 178.8794
08-04 02:43:54.143 12467 12467 D CompassActivity: will set rotation from 178.8794 to 178.84955
08-04 02:43:54.143 12467 12467 D CompassActivity: will set rotation from 178.84955 to 178.84863
08-04 02:43:54.163 12467 12467 D CompassActivity: will set rotation from 178.84863 to 178.82056
08-04 02:43:54.166 12467 12467 D CompassActivity: will set rotation from 178.82056 to 178.82074
08-04 02:43:54.183 12467 12467 D CompassActivity: will set rotation from 178.82074 to 178.82813
08-04 02:43:54.183 12467 12467 D CompassActivity: will set rotation from 178.82813 to 178.8274
08-04 02:43:54.205 12467 12467 D CompassActivity: will set rotation from 178.8274 to 178.81543
08-04 02:43:54.206 12467 12467 D CompassActivity: will set rotation from 178.81543 to 178.81543
08-04 02:43:54.223 12467 12467 D CompassActivity: will set rotation from 178.81543 to 178.83594
08-04 02:43:54.224 12467 12467 D CompassActivity: will set rotation from 178.83594 to 178.8374
08-04 02:43:54.242 12467 12467 D CompassActivity: will set rotation from 178.8374 to 178.84149
08-04 02:43:54.243 12467 12467 D CompassActivity: will set rotation from 178.84149 to 178.84155
08-04 02:43:54.244 12467 12480 I art     : Starting a blocking GC Explicit
08-04 02:43:54.262 12467 12467 D CompassActivity: will set rotation from 178.84155 to 178.84479
08-04 02:43:54.263 12467 12467 D CompassActivity: will set rotation from 178.84479 to 178.8432
08-04 02:43:54.282 12467 12467 D CompassActivity: will set rotation from 178.8432 to 178.81628
08-04 02:43:54.283 12467 12467 D CompassActivity: will set rotation from 178.81628 to 178.81439
08-04 02:43:54.305 12467 12467 D CompassActivity: will set rotation from 178.81439 to 178.80359
08-04 02:43:54.306 12467 12467 D CompassActivity: will set rotation from 178.80359 to 178.80292
08-04 02:43:54.314 12467 12480 I art     : Explicit concurrent mark sweep GC freed 2108(125KB) AllocSpace objects, 2(48KB) LOS objects, 6% free, 236MB/252MB, paused 1.412ms total 70.269ms
08-04 02:43:54.323 12467 12467 D CompassActivity: will set rotation from 178.80292 to 178.80823
08-04 02:43:54.324 12467 12467 D CompassActivity: will set rotation from 178.80823 to 178.80835
08-04 02:43:54.338 12467 12480 I art     : Starting a blocking GC Explicit
08-04 02:43:54.342 12467 12467 D CompassActivity: will set rotation from 178.80835 to 178.79669
08-04 02:43:54.342 12467 12467 D CompassActivity: will set rotation from 178.79669 to 178.79865
08-04 02:43:54.362 12467 12467 D CompassActivity: will set rotation from 178.79865 to 178.82043
08-04 02:43:54.362 12467 12467 D CompassActivity: will set rotation from 178.82043 to 178.82166
08-04 02:43:54.364   918  3261 D WifiStateMachine: starting scan for "H369AA63323"WPA_PSK with 2412,5180
08-04 02:43:54.382 12467 12467 D CompassActivity: will set rotation from 178.82166 to 178.84058
08-04 02:43:54.382 12467 12467 D CompassActivity: will set rotation from 178.84058 to 178.84003
08-04 02:43:54.403 12467 12480 I art     : Explicit concurrent mark sweep GC freed 875(34KB) AllocSpace objects, 0(0B) LOS objects, 6% free, 236MB/252MB, paused 1.617ms total 65.090ms
08-04 02:43:54.407 12467 12467 D CompassActivity: will set rotation from 178.84003 to 178.86108
08-04 02:43:54.408 12467 12467 D CompassActivity: will set rotation from 178.86108 to 178.86212
08-04 02:43:54.424 12467 12467 D CompassActivity: will set rotation from 178.86212 to 178.85083
08-04 02:43:54.424 12467 12467 D CompassActivity: will set rotation from 178.85083 to 178.85297
08-04 02:43:54.425 12467 12480 I art     : Starting a blocking GC Explicit
08-04 02:43:54.444 12467 12467 D CompassActivity: will set rotation from 178.85297 to 178.84204
08-04 02:43:54.444 12467 12467 D CompassActivity: will set rotation from 178.84204 to 178.8424
08-04 02:43:54.461 12467 12467 D CompassActivity: will set rotation from 178.8424 to 178.86066
08-04 02:43:54.462 12467 12467 D CompassActivity: will set rotation from 178.86066 to 178.86346
08-04 02:43:54.482 12467 12467 D CompassActivity: will set rotation from 178.86346 to 178.86554
08-04 02:43:54.482 12467 12467 D CompassActivity: will set rotation from 178.86554 to 178.86499
08-04 02:43:54.483 12467 12480 I art     : Explicit concurrent mark sweep GC freed 178(8KB) AllocSpace objects, 0(0B) LOS objects, 6% free, 236MB/252MB, paused 1.341ms total 57.487ms
08-04 02:43:54.503 12467 12480 I art     : Starting a blocking GC Explicit
08-04 02:43:54.504 12467 12467 D CompassActivity: will set rotation from 178.86499 to 178.88367
08-04 02:43:54.505 12467 12467 D CompassActivity: will set rotation from 178.88367 to 178.8833
08-04 02:43:54.523 12467 12467 D CompassActivity: will set rotation from 178.8833 to 178.88525
08-04 02:43:54.523 12467 12467 D CompassActivity: will set rotation from 178.88525 to 178.88416
08-04 02:43:54.543 12467 12467 D CompassActivity: will set rotation from 178.88416 to 178.88837
08-04 02:43:54.543 12467 12467 D CompassActivity: will set rotation from 178.88837 to 178.89081
08-04 02:43:54.561 12467 12467 D CompassActivity: will set rotation from 178.89081 to 178.89447
08-04 02:43:54.563 12467 12467 D CompassActivity: will set rotation from 178.89447 to 178.89429
08-04 02:43:54.569 12467 12480 I art     : Explicit concurrent mark sweep GC freed 219(10KB) AllocSpace objects, 0(0B) LOS objects, 6% free, 236MB/252MB, paused 1.679ms total 65.595ms
08-04 02:43:54.582 12467 12467 D CompassActivity: will set rotation from 178.89429 to 178.88287
08-04 02:43:54.582 12467 12467 D CompassActivity: will set rotation from 178.88287 to 178.88245
08-04 02:43:54.593 12467 12480 I art     : Starting a blocking GC Explicit
08-04 02:43:54.605 12467 12467 D CompassActivity: will set rotation from 178.88245 to 178.87018
08-04 02:43:54.606 12467 12467 D CompassActivity: will set rotation from 178.87018 to 178.87018
08-04 02:43:54.627 12467 12467 D CompassActivity: will set rotation from 178.87018 to 178.85864
08-04 02:43:54.628 12467 12467 D CompassActivity: will set rotation from 178.85864 to 178.85925
08-04 02:43:54.644 12467 12467 D CompassActivity: will set rotation from 178.85925 to 178.8479
08-04 02:43:54.644 12467 12467 D CompassActivity: will set rotation from 178.8479 to 178.84991
08-04 02:43:54.663 12467 12467 D CompassActivity: will set rotation from 178.84991 to 178.8385
08-04 02:43:54.663 12467 12467 D CompassActivity: will set rotation from 178.8385 to 178.84009
08-04 02:43:54.664 12467 12480 I art     : Explicit concurrent mark sweep GC freed 195(9KB) AllocSpace objects, 0(0B) LOS objects, 6% free, 236MB/252MB, paused 1.544ms total 70.682ms
08-04 02:43:54.681 12467 12467 D CompassActivity: will set rotation from 178.84009 to 178.84485
08-04 02:43:54.682 12467 12467 D CompassActivity: will set rotation from 178.84485 to 178.8446
08-04 02:43:54.697 15047 15047 D AndroidRuntime: >>>>>> START com.android.internal.os.RuntimeInit uid 2000 <<<<<<
08-04 02:43:54.704 12467 12467 D CompassActivity: will set rotation from 178.8446 to 178.85022
08-04 02:43:54.704 15047 15047 D AndroidRuntime: CheckJNI is OFF
08-04 02:43:54.704 12467 12467 D CompassActivity: will set rotation from 178.85022 to 178.84998
08-04 02:43:54.721 12467 12467 D CompassActivity: will set rotation from 178.84998 to 178.85461
08-04 02:43:54.722 12467 12467 D CompassActivity: will set rotation from 178.85461 to 178.85437
08-04 02:43:54.741 12467 12467 D CompassActivity: will set rotation from 178.85437 to 178.8266
08-04 02:43:54.741 12467 12467 D CompassActivity: will set rotation from 178.8266 to 178.82666
08-04 02:43:54.747 15047 15047 D ICU     : No timezone override file found: /data/misc/zoneinfo/current/icu/icu_tzdata.dat
08-04 02:43:54.762 12467 12467 D CompassActivity: will set rotation from 178.82666 to 178.81885
08-04 02:43:54.762 12467 12467 D CompassActivity: will set rotation from 178.81885 to 178.8197
08-04 02:43:54.782 12467 12467 D CompassActivity: will set rotation from 178.8197 to 178.79639
08-04 02:43:54.783 12467 12467 D CompassActivity: will set rotation from 178.79639 to 178.79553
08-04 02:43:54.796 15047 15047 I Radio-JNI: register_android_hardware_Radio DONE
08-04 02:43:54.806 12467 12467 D CompassActivity: will set rotation from 178.79553 to 178.7738
08-04 02:43:54.807 12467 12467 D CompassActivity: will set rotation from 178.7738 to 178.77252
08-04 02:43:54.822 12467 12467 D CompassActivity: will set rotation from 178.77252 to 178.78107
08-04 02:43:54.823 12467 12467 D CompassActivity: will set rotation from 178.78107 to 178.78094
08-04 02:43:54.827 15047 15047 D AndroidRuntime: Calling main entry com.android.commands.input.Input
08-04 02:43:54.829 15047 15047 I Input   : injectKeyEvent: KeyEvent { action=ACTION_DOWN, keyCode=KEYCODE_BACK, scanCode=0, metaState=0, flags=0x0, repeatCount=0, eventTime=672251242, downTime=672251242, deviceId=-1, source=0x101 }
08-04 02:43:54.840 15047 15047 I Input   : injectKeyEvent: KeyEvent { action=ACTION_UP, keyCode=KEYCODE_BACK, scanCode=0, metaState=0, flags=0x0, repeatCount=0, eventTime=672251242, downTime=672251242, deviceId=-1, source=0x101 }
08-04 02:43:54.841 12467 12467 D CompassActivity: will set rotation from 178.78094 to 178.80457
08-04 02:43:54.841 12467 12467 D CompassActivity: will set rotation from 178.80457 to 178.80511
08-04 02:43:54.846 15047 15047 D AndroidRuntime: Shutting down VM
08-04 02:43:54.853   918  5952 I sensors : activate
08-04 02:43:54.856   918  3359 I sensors : activate
08-04 02:43:54.861   918  3188 I hubconnection: sensorhub said: 'activate 1 enable:0'
08-04 02:43:54.862   918  3188 I hubconnection: sensorhub said: 'activate 3 enable:0'
08-04 02:43:54.885 12467 12467 V MainActivity: url = https://project-travel-mate.herokuapp.com/api/number-of-unread-notifications
08-04 02:43:55.000 13866 13866 I GoogleInputMethodServic: GoogleInputMethodService.onFinishInput():3138 
08-04 02:43:55.000 13866 13866 I GoogleInputMethodServic: GoogleInputMethodService.onStartInput():1808 
08-04 02:43:55.080 12467 12479 I art     : Starting a blocking GC Explicit
08-04 02:43:55.135 12467 12479 I art     : Explicit concurrent mark sweep GC freed 2384(131KB) AllocSpace objects, 2(48KB) LOS objects, 6% free, 236MB/252MB, paused 1.367ms total 53.920ms
08-04 02:43:55.155 12467 12479 I art     : Starting a blocking GC Explicit
08-04 02:43:55.210 12467 12479 I art     : Explicit concurrent mark sweep GC freed 411(15KB) AllocSpace objects, 0(0B) LOS objects, 6% free, 236MB/252MB, paused 1.196ms total 54.653ms
08-04 02:43:55.228 12467 12479 I art     : Starting a blocking GC Explicit
08-04 02:43:55.281 12467 12479 I art     : Explicit concurrent mark sweep GC freed 3(96B) AllocSpace objects, 0(0B) LOS objects, 6% free, 236MB/252MB, paused 1.295ms total 53.175ms
08-04 02:43:55.284 12467 12467 D CompassActivity: stop compass
08-04 02:43:55.285   380   380 W SurfaceFlinger: couldn't log to binary event log: overflow.
08-04 02:43:55.303 12467 12479 I art     : Starting a blocking GC Explicit
08-04 02:43:55.356 12467 12479 I art     : Explicit concurrent mark sweep GC freed 22(928B) AllocSpace objects, 0(0B) LOS objects, 6% free, 236MB/252MB, paused 1.363ms total 53.101ms
08-04 02:43:55.356 12467 12478 I art     : WaitForGcToComplete blocked for 51.507ms for cause HeapTrim
08-04 02:43:55.375 12467 12479 I art     : Starting a blocking GC Explicit
08-04 02:43:55.452 12467 12479 I art     : Explicit concurrent mark sweep GC freed 3759(210KB) AllocSpace objects, 5(52MB) LOS objects, 7% free, 184MB/200MB, paused 2.228ms total 76.141ms
08-04 02:43:55.482 12467 15066 I NAPPA_EXPERIMENTATION: MetricNetworkRequestExecutionTime: REQUEST_DURATION_SYSTEM='596',REQUEST_DURATION_OKHTTP='31',REQUEST_SYNCHRONOUS='FALSE',RESPONSE_CODE='200',RESPONSE_METHOD='GET',RESPONSE_LENGTH_OKHTTP='36',RESPONSE_LENGTH_HEADER='36',REQUEST_PROTOCOL='http/1.1',REQUEST_URL='https://project-travel-mate.herokuapp.com/api/number-of-unread-notifications',
08-04 02:43:55.864 12467 12480 I art     : Starting a blocking GC Explicit
08-04 02:43:55.938 12467 12480 I art     : Explicit concurrent mark sweep GC freed 2855(228KB) AllocSpace objects, 3(128KB) LOS objects, 7% free, 184MB/200MB, paused 1.542ms total 73.481ms
08-04 02:43:55.960 12467 12480 I art     : Starting a blocking GC Explicit
08-04 02:43:56.020 12467 12480 I art     : Explicit concurrent mark sweep GC freed 46(1872B) AllocSpace objects, 0(0B) LOS objects, 7% free, 184MB/200MB, paused 1.370ms total 59.855ms
08-04 02:43:56.040 12467 12480 I art     : Starting a blocking GC Explicit
08-04 02:43:56.098 12467 12480 I art     : Explicit concurrent mark sweep GC freed 3(96B) AllocSpace objects, 0(0B) LOS objects, 7% free, 184MB/200MB, paused 1.433ms total 58.145ms
08-04 02:43:56.118 12467 12480 I art     : Starting a blocking GC Explicit
08-04 02:43:56.173 12467 12480 I art     : Explicit concurrent mark sweep GC freed 3(96B) AllocSpace objects, 0(0B) LOS objects, 7% free, 184MB/200MB, paused 1.362ms total 55.580ms
08-04 02:43:56.193 12467 12480 I art     : Starting a blocking GC Explicit
08-04 02:43:56.249 12467 12480 I art     : Explicit concurrent mark sweep GC freed 3(96B) AllocSpace objects, 0(0B) LOS objects, 7% free, 184MB/200MB, paused 1.353ms total 56.617ms
08-04 02:43:56.618 15091 15091 D AndroidRuntime: >>>>>> START com.android.internal.os.RuntimeInit uid 2000 <<<<<<
08-04 02:43:56.623 15091 15091 D AndroidRuntime: CheckJNI is OFF
08-04 02:43:56.658 12467 12526 I art     : Starting a blocking GC Explicit
08-04 02:43:56.663 15091 15091 D ICU     : No timezone override file found: /data/misc/zoneinfo/current/icu/icu_tzdata.dat
08-04 02:43:56.712 15091 15091 I Radio-JNI: register_android_hardware_Radio DONE
08-04 02:43:56.723 12467 12526 I art     : Explicit concurrent mark sweep GC freed 1642(93KB) AllocSpace objects, 2(48KB) LOS objects, 7% free, 184MB/200MB, paused 1.811ms total 64.939ms
08-04 02:43:56.744 12467 12526 I art     : Starting a blocking GC Explicit
08-04 02:43:56.745 15091 15091 D AndroidRuntime: Calling main entry com.android.commands.input.Input
08-04 02:43:56.747 15091 15091 I Input   : injectMotionEvent: MotionEvent { action=ACTION_DOWN, actionButton=0, id[0]=0, x[0]=500.0, y[0]=2000.0, toolType[0]=TOOL_TYPE_UNKNOWN, buttonState=0, metaState=0, flags=0x0, edgeFlags=0x0, pointerCount=1, historySize=0, eventTime=672253159, downTime=672253159, deviceId=0, source=0x1002 }
08-04 02:43:56.752 13589 13589 I ServiceManager: Waiting for service AtCmdFwd...
08-04 02:43:56.753 15091 15091 I Input   : injectMotionEvent: MotionEvent { action=ACTION_MOVE, actionButton=0, id[0]=0, x[0]=500.0, y[0]=2000.0, toolType[0]=TOOL_TYPE_UNKNOWN, buttonState=0, metaState=0, flags=0x0, edgeFlags=0x0, pointerCount=1, historySize=0, eventTime=672253159, downTime=672253159, deviceId=0, source=0x1002 }
08-04 02:43:56.770 15091 15091 I Input   : injectMotionEvent: MotionEvent { action=ACTION_MOVE, actionButton=0, id[0]=0, x[0]=500.0, y[0]=1954.4, toolType[0]=TOOL_TYPE_UNKNOWN, buttonState=0, metaState=0, flags=0x0, edgeFlags=0x0, pointerCount=1, historySize=0, eventTime=672253183, downTime=672253183, deviceId=0, source=0x1002 }
08-04 02:43:56.787 15091 15091 I Input   : injectMotionEvent: MotionEvent { action=ACTION_MOVE, actionButton=0, id[0]=0, x[0]=500.0, y[0]=1920.2, toolType[0]=TOOL_TYPE_UNKNOWN, buttonState=0, metaState=0, flags=0x0, edgeFlags=0x0, pointerCount=1, historySize=0, eventTime=672253201, downTime=672253201, deviceId=0, source=0x1002 }
08-04 02:43:56.801 12467 12526 I art     : Explicit concurrent mark sweep GC freed 37(1312B) AllocSpace objects, 0(0B) LOS objects, 7% free, 184MB/200MB, paused 1.351ms total 56.590ms
08-04 02:43:56.810 15091 15091 I Input   : injectMotionEvent: MotionEvent { action=ACTION_MOVE, actionButton=0, id[0]=0, x[0]=500.0, y[0]=1876.5, toolType[0]=TOOL_TYPE_UNKNOWN, buttonState=0, metaState=0, flags=0x0, edgeFlags=0x0, pointerCount=1, historySize=0, eventTime=672253224, downTime=672253224, deviceId=0, source=0x1002 }
08-04 02:43:56.821 12467 12526 I art     : Starting a blocking GC Explicit
08-04 02:43:56.822 15091 15091 I Input   : injectMotionEvent: MotionEvent { action=ACTION_MOVE, actionButton=0, id[0]=0, x[0]=500.0, y[0]=1855.6, toolType[0]=TOOL_TYPE_UNKNOWN, buttonState=0, metaState=0, flags=0x0, edgeFlags=0x0, pointerCount=1, historySize=0, eventTime=672253235, downTime=672253235, deviceId=0, source=0x1002 }
08-04 02:43:56.838 15091 15091 I Input   : injectMotionEvent: MotionEvent { action=ACTION_MOVE, actionButton=0, id[0]=0, x[0]=500.0, y[0]=1825.2, toolType[0]=TOOL_TYPE_UNKNOWN, buttonState=0, metaState=0, flags=0x0, edgeFlags=0x0, pointerCount=1, historySize=0, eventTime=672253251, downTime=672253251, deviceId=0, source=0x1002 }
08-04 02:43:56.854 15091 15091 I Input   : injectMotionEvent: MotionEvent { action=ACTION_MOVE, actionButton=0, id[0]=0, x[0]=500.0, y[0]=1794.8, toolType[0]=TOOL_TYPE_UNKNOWN, buttonState=0, metaState=0, flags=0x0, edgeFlags=0x0, pointerCount=1, historySize=0, eventTime=672253267, downTime=672253267, deviceId=0, source=0x1002 }
08-04 02:43:56.870 15091 15091 I Input   : injectMotionEvent: MotionEvent { action=ACTION_MOVE, actionButton=0, id[0]=0, x[0]=500.0, y[0]=1762.5, toolType[0]=TOOL_TYPE_UNKNOWN, buttonState=0, metaState=0, flags=0x0, edgeFlags=0x0, pointerCount=1, historySize=0, eventTime=672253284, downTime=672253284, deviceId=0, source=0x1002 }
08-04 02:43:56.885 12467 12526 I art     : Explicit concurrent mark sweep GC freed 73(2736B) AllocSpace objects, 0(0B) LOS objects, 7% free, 184MB/200MB, paused 1.499ms total 63.729ms
08-04 02:43:56.887 15091 15091 I Input   : injectMotionEvent: MotionEvent { action=ACTION_MOVE, actionButton=0, id[0]=0, x[0]=500.0, y[0]=1732.1, toolType[0]=TOOL_TYPE_UNKNOWN, buttonState=0, metaState=0, flags=0x0, edgeFlags=0x0, pointerCount=1, historySize=0, eventTime=672253300, downTime=672253300, deviceId=0, source=0x1002 }
08-04 02:43:56.904 15091 15091 I Input   : injectMotionEvent: MotionEvent { action=ACTION_MOVE, actionButton=0, id[0]=0, x[0]=500.0, y[0]=1699.8, toolType[0]=TOOL_TYPE_UNKNOWN, buttonState=0, metaState=0, flags=0x0, edgeFlags=0x0, pointerCount=1, historySize=0, eventTime=672253317, downTime=672253317, deviceId=0, source=0x1002 }
08-04 02:43:56.905 12467 12526 I art     : Starting a blocking GC Explicit
08-04 02:43:56.920 15091 15091 I Input   : injectMotionEvent: MotionEvent { action=ACTION_MOVE, actionButton=0, id[0]=0, x[0]=500.0, y[0]=1667.5, toolType[0]=TOOL_TYPE_UNKNOWN, buttonState=0, metaState=0, flags=0x0, edgeFlags=0x0, pointerCount=1, historySize=0, eventTime=672253334, downTime=672253334, deviceId=0, source=0x1002 }
08-04 02:43:56.937 15091 15091 I Input   : injectMotionEvent: MotionEvent { action=ACTION_MOVE, actionButton=0, id[0]=0, x[0]=500.0, y[0]=1637.1, toolType[0]=TOOL_TYPE_UNKNOWN, buttonState=0, metaState=0, flags=0x0, edgeFlags=0x0, pointerCount=1, historySize=0, eventTime=672253350, downTime=672253350, deviceId=0, source=0x1002 }
08-04 02:43:56.954 15091 15091 I Input   : injectMotionEvent: MotionEvent { action=ACTION_MOVE, actionButton=0, id[0]=0, x[0]=500.0, y[0]=1604.8, toolType[0]=TOOL_TYPE_UNKNOWN, buttonState=0, metaState=0, flags=0x0, edgeFlags=0x0, pointerCount=1, historySize=0, eventTime=672253367, downTime=672253367, deviceId=0, source=0x1002 }
08-04 02:43:56.964 12467 12526 I art     : Explicit concurrent mark sweep GC freed 42(1920B) AllocSpace objects, 0(0B) LOS objects, 7% free, 184MB/200MB, paused 1.494ms total 59.232ms
08-04 02:43:56.970 15091 15091 I Input   : injectMotionEvent: MotionEvent { action=ACTION_MOVE, actionButton=0, id[0]=0, x[0]=500.0, y[0]=1572.5, toolType[0]=TOOL_TYPE_UNKNOWN, buttonState=0, metaState=0, flags=0x0, edgeFlags=0x0, pointerCount=1, historySize=0, eventTime=672253384, downTime=672253384, deviceId=0, source=0x1002 }
08-04 02:43:56.983 12467 12526 I art     : Starting a blocking GC Explicit
08-04 02:43:56.987 15091 15091 I Input   : injectMotionEvent: MotionEvent { action=ACTION_MOVE, actionButton=0, id[0]=0, x[0]=500.0, y[0]=1540.2, toolType[0]=TOOL_TYPE_UNKNOWN, buttonState=0, metaState=0, flags=0x0, edgeFlags=0x0, pointerCount=1, historySize=0, eventTime=672253401, downTime=672253401, deviceId=0, source=0x1002 }
08-04 02:43:57.005 15091 15091 I Input   : injectMotionEvent: MotionEvent { action=ACTION_MOVE, actionButton=0, id[0]=0, x[0]=500.0, y[0]=1507.9, toolType[0]=TOOL_TYPE_UNKNOWN, buttonState=0, metaState=0, flags=0x0, edgeFlags=0x0, pointerCount=1, historySize=0, eventTime=672253418, downTime=672253418, deviceId=0, source=0x1002 }
08-04 02:43:57.020 15091 15091 I Input   : injectMotionEvent: MotionEvent { action=ACTION_MOVE, actionButton=0, id[0]=0, x[0]=500.0, y[0]=1477.5, toolType[0]=TOOL_TYPE_UNKNOWN, buttonState=0, metaState=0, flags=0x0, edgeFlags=0x0, pointerCount=1, historySize=0, eventTime=672253434, downTime=672253434, deviceId=0, source=0x1002 }
08-04 02:43:57.037 15091 15091 I Input   : injectMotionEvent: MotionEvent { action=ACTION_MOVE, actionButton=0, id[0]=0, x[0]=500.0, y[0]=1447.1, toolType[0]=TOOL_TYPE_UNKNOWN, buttonState=0, metaState=0, flags=0x0, edgeFlags=0x0, pointerCount=1, historySize=0, eventTime=672253450, downTime=672253450, deviceId=0, source=0x1002 }
08-04 02:43:57.040 12467 12526 I art     : Explicit concurrent mark sweep GC freed 3(96B) AllocSpace objects, 0(0B) LOS objects, 7% free, 184MB/200MB, paused 1.303ms total 56.780ms
08-04 02:43:57.054 15091 15091 I Input   : injectMotionEvent: MotionEvent { action=ACTION_MOVE, actionButton=0, id[0]=0, x[0]=500.0, y[0]=1414.8, toolType[0]=TOOL_TYPE_UNKNOWN, buttonState=0, metaState=0, flags=0x0, edgeFlags=0x0, pointerCount=1, historySize=0, eventTime=672253467, downTime=672253467, deviceId=0, source=0x1002 }
08-04 02:43:57.071 15091 15091 I Input   : injectMotionEvent: MotionEvent { action=ACTION_MOVE, actionButton=0, id[0]=0, x[0]=500.0, y[0]=1382.5, toolType[0]=TOOL_TYPE_UNKNOWN, buttonState=0, metaState=0, flags=0x0, edgeFlags=0x0, pointerCount=1, historySize=0, eventTime=672253484, downTime=672253484, deviceId=0, source=0x1002 }
08-04 02:43:57.087 15091 15091 I Input   : injectMotionEvent: MotionEvent { action=ACTION_MOVE, actionButton=0, id[0]=0, x[0]=500.0, y[0]=1350.2, toolType[0]=TOOL_TYPE_UNKNOWN, buttonState=0, metaState=0, flags=0x0, edgeFlags=0x0, pointerCount=1, historySize=0, eventTime=672253501, downTime=672253501, deviceId=0, source=0x1002 }
08-04 02:43:57.104 15091 15091 I Input   : injectMotionEvent: MotionEvent { action=ACTION_MOVE, actionButton=0, id[0]=0, x[0]=500.0, y[0]=1319.8, toolType[0]=TOOL_TYPE_UNKNOWN, buttonState=0, metaState=0, flags=0x0, edgeFlags=0x0, pointerCount=1, historySize=0, eventTime=672253517, downTime=672253517, deviceId=0, source=0x1002 }
08-04 02:43:57.120 15091 15091 I Input   : injectMotionEvent: MotionEvent { action=ACTION_MOVE, actionButton=0, id[0]=0, x[0]=500.0, y[0]=1287.5, toolType[0]=TOOL_TYPE_UNKNOWN, buttonState=0, metaState=0, flags=0x0, edgeFlags=0x0, pointerCount=1, historySize=0, eventTime=672253534, downTime=672253534, deviceId=0, source=0x1002 }
08-04 02:43:57.137 15091 15091 I Input   : injectMotionEvent: MotionEvent { action=ACTION_MOVE, actionButton=0, id[0]=0, x[0]=500.0, y[0]=1257.1, toolType[0]=TOOL_TYPE_UNKNOWN, buttonState=0, metaState=0, flags=0x0, edgeFlags=0x0, pointerCount=1, historySize=0, eventTime=672253550, downTime=672253550, deviceId=0, source=0x1002 }
08-04 02:43:57.155 15091 15091 I Input   : injectMotionEvent: MotionEvent { action=ACTION_MOVE, actionButton=0, id[0]=0, x[0]=500.0, y[0]=1222.8999, toolType[0]=TOOL_TYPE_UNKNOWN, buttonState=0, metaState=0, flags=0x0, edgeFlags=0x0, pointerCount=1, historySize=0, eventTime=672253568, downTime=672253568, deviceId=0, source=0x1002 }
08-04 02:43:57.172 15091 15091 I Input   : injectMotionEvent: MotionEvent { action=ACTION_MOVE, actionButton=0, id[0]=0, x[0]=500.0, y[0]=1190.6, toolType[0]=TOOL_TYPE_UNKNOWN, buttonState=0, metaState=0, flags=0x0, edgeFlags=0x0, pointerCount=1, historySize=0, eventTime=672253585, downTime=672253585, deviceId=0, source=0x1002 }
08-04 02:43:57.241 15091 15091 I Input   : injectMotionEvent: MotionEvent { action=ACTION_MOVE, actionButton=0, id[0]=0, x[0]=500.0, y[0]=1059.5, toolType[0]=TOOL_TYPE_UNKNOWN, buttonState=0, metaState=0, flags=0x0, edgeFlags=0x0, pointerCount=1, historySize=0, eventTime=672253654, downTime=672253654, deviceId=0, source=0x1002 }
08-04 02:43:57.309 15091 15091 I Input   : injectMotionEvent: MotionEvent { action=ACTION_MOVE, actionButton=0, id[0]=0, x[0]=500.0, y[0]=928.4, toolType[0]=TOOL_TYPE_UNKNOWN, buttonState=0, metaState=0, flags=0x0, edgeFlags=0x0, pointerCount=1, historySize=0, eventTime=672253723, downTime=672253723, deviceId=0, source=0x1002 }
08-04 02:43:57.370 15091 15091 I Input   : injectMotionEvent: MotionEvent { action=ACTION_MOVE, actionButton=0, id[0]=0, x[0]=500.0, y[0]=814.4, toolType[0]=TOOL_TYPE_UNKNOWN, buttonState=0, metaState=0, flags=0x0, edgeFlags=0x0, pointerCount=1, historySize=0, eventTime=672253783, downTime=672253783, deviceId=0, source=0x1002 }
08-04 02:43:57.431 15091 15091 I Input   : injectMotionEvent: MotionEvent { action=ACTION_MOVE, actionButton=0, id[0]=0, x[0]=500.0, y[0]=698.5, toolType[0]=TOOL_TYPE_UNKNOWN, buttonState=0, metaState=0, flags=0x0, edgeFlags=0x0, pointerCount=1, historySize=0, eventTime=672253844, downTime=672253844, deviceId=0, source=0x1002 }
08-04 02:43:57.443 12467 12479 I art     : Starting a blocking GC Explicit
08-04 02:43:57.494 15091 15091 I Input   : injectMotionEvent: MotionEvent { action=ACTION_MOVE, actionButton=0, id[0]=0, x[0]=500.0, y[0]=578.7999, toolType[0]=TOOL_TYPE_UNKNOWN, buttonState=0, metaState=0, flags=0x0, edgeFlags=0x0, pointerCount=1, historySize=0, eventTime=672253907, downTime=672253907, deviceId=0, source=0x1002 }
08-04 02:43:57.499 12467 12479 I art     : Explicit concurrent mark sweep GC freed 1606(92KB) AllocSpace objects, 2(48KB) LOS objects, 7% free, 184MB/200MB, paused 1.383ms total 55.986ms
08-04 02:43:57.518 12467 12479 I art     : Starting a blocking GC Explicit
08-04 02:43:57.559 15091 15091 I Input   : injectMotionEvent: MotionEvent { action=ACTION_MOVE, actionButton=0, id[0]=0, x[0]=500.0, y[0]=455.29993, toolType[0]=TOOL_TYPE_UNKNOWN, buttonState=0, metaState=0, flags=0x0, edgeFlags=0x0, pointerCount=1, historySize=0, eventTime=672253972, downTime=672253972, deviceId=0, source=0x1002 }
08-04 02:43:57.575 12467 12479 I art     : Explicit concurrent mark sweep GC freed 79(2448B) AllocSpace objects, 0(0B) LOS objects, 7% free, 184MB/200MB, paused 1.298ms total 56.832ms
08-04 02:43:57.595 12467 12479 I art     : Starting a blocking GC Explicit
08-04 02:43:57.625 15091 15091 I Input   : injectMotionEvent: MotionEvent { action=ACTION_MOVE, actionButton=0, id[0]=0, x[0]=500.0, y[0]=329.90002, toolType[0]=TOOL_TYPE_UNKNOWN, buttonState=0, metaState=0, flags=0x0, edgeFlags=0x0, pointerCount=1, historySize=0, eventTime=672254038, downTime=672254038, deviceId=0, source=0x1002 }
08-04 02:43:57.647 12467 12479 I art     : Explicit concurrent mark sweep GC freed 8(256B) AllocSpace objects, 0(0B) LOS objects, 7% free, 184MB/200MB, paused 1.324ms total 51.888ms
08-04 02:43:57.667 12467 12479 I art     : Starting a blocking GC Explicit
08-04 02:43:57.718 12467 12479 I art     : Explicit concurrent mark sweep GC freed 3(96B) AllocSpace objects, 0(0B) LOS objects, 7% free, 184MB/200MB, paused 1.431ms total 50.979ms
08-04 02:43:57.728 15091 15091 I Input   : injectMotionEvent: MotionEvent { action=ACTION_MOVE, actionButton=0, id[0]=0, x[0]=500.0, y[0]=134.20007, toolType[0]=TOOL_TYPE_UNKNOWN, buttonState=0, metaState=0, flags=0x0, edgeFlags=0x0, pointerCount=1, historySize=0, eventTime=672254141, downTime=672254141, deviceId=0, source=0x1002 }
08-04 02:43:57.736 12467 12479 I art     : Starting a blocking GC Explicit
08-04 02:43:57.752 13589 13589 I ServiceManager: Waiting for service AtCmdFwd...
08-04 02:43:57.766 15091 15091 I Input   : injectMotionEvent: MotionEvent { action=ACTION_UP, actionButton=0, id[0]=0, x[0]=500.0, y[0]=100.0, toolType[0]=TOOL_TYPE_UNKNOWN, buttonState=0, metaState=0, flags=0x0, edgeFlags=0x0, pointerCount=1, historySize=0, eventTime=672254179, downTime=672254179, deviceId=0, source=0x1002 }
08-04 02:43:57.789 12467 12479 I art     : Explicit concurrent mark sweep GC freed 9(288B) AllocSpace objects, 0(0B) LOS objects, 7% free, 184MB/200MB, paused 1.490ms total 52.360ms
08-04 02:43:57.804 15091 15091 D AndroidRuntime: Shutting down VM
08-04 02:43:58.197 12467 13744 I art     : Starting a blocking GC Explicit
08-04 02:43:58.249 12467 13744 I art     : Explicit concurrent mark sweep GC freed 1603(92KB) AllocSpace objects, 2(48KB) LOS objects, 7% free, 184MB/200MB, paused 1.254ms total 52.062ms
08-04 02:43:58.268 12467 13744 I art     : Starting a blocking GC Explicit
08-04 02:43:58.318 12467 13744 I art     : Explicit concurrent mark sweep GC freed 42(1696B) AllocSpace objects, 0(0B) LOS objects, 7% free, 184MB/200MB, paused 1.319ms total 50.321ms
08-04 02:43:58.337 12467 13744 I art     : Starting a blocking GC Explicit
08-04 02:43:58.388 12467 13744 I art     : Explicit concurrent mark sweep GC freed 7(224B) AllocSpace objects, 0(0B) LOS objects, 7% free, 184MB/200MB, paused 1.339ms total 50.405ms
08-04 02:43:58.406 12467 13744 I art     : Starting a blocking GC Explicit
08-04 02:43:58.457 12467 13744 I art     : Explicit concurrent mark sweep GC freed 5(160B) AllocSpace objects, 0(0B) LOS objects, 7% free, 184MB/200MB, paused 1.237ms total 50.340ms
08-04 02:43:58.476 12467 13744 I art     : Starting a blocking GC Explicit
08-04 02:43:58.527 12467 13744 I art     : Explicit concurrent mark sweep GC freed 3(96B) AllocSpace objects, 0(0B) LOS objects, 7% free, 184MB/200MB, paused 1.271ms total 50.482ms
08-04 02:43:58.570 15140 15140 D AndroidRuntime: >>>>>> START com.android.internal.os.RuntimeInit uid 2000 <<<<<<
08-04 02:43:58.576 15140 15140 D AndroidRuntime: CheckJNI is OFF
08-04 02:43:58.618 15140 15140 D ICU     : No timezone override file found: /data/misc/zoneinfo/current/icu/icu_tzdata.dat
08-04 02:43:58.661 15140 15140 I Radio-JNI: register_android_hardware_Radio DONE
08-04 02:43:58.689 15140 15140 D AndroidRuntime: Calling main entry com.android.commands.input.Input
08-04 02:43:58.692 15140 15140 I Input   : injectMotionEvent: MotionEvent { action=ACTION_DOWN, actionButton=0, id[0]=0, x[0]=500.0, y[0]=2000.0, toolType[0]=TOOL_TYPE_UNKNOWN, buttonState=0, metaState=0, flags=0x0, edgeFlags=0x0, pointerCount=1, historySize=0, eventTime=672255105, downTime=672255105, deviceId=0, source=0x1002 }
08-04 02:43:58.698 15140 15140 I Input   : injectMotionEvent: MotionEvent { action=ACTION_MOVE, actionButton=0, id[0]=0, x[0]=500.0, y[0]=2000.0, toolType[0]=TOOL_TYPE_UNKNOWN, buttonState=0, metaState=0, flags=0x0, edgeFlags=0x0, pointerCount=1, historySize=0, eventTime=672255105, downTime=672255105, deviceId=0, source=0x1002 }
08-04 02:43:58.706 15140 15140 I Input   : injectMotionEvent: MotionEvent { action=ACTION_MOVE, actionButton=0, id[0]=0, x[0]=500.0, y[0]=1973.4, toolType[0]=TOOL_TYPE_UNKNOWN, buttonState=0, metaState=0, flags=0x0, edgeFlags=0x0, pointerCount=1, historySize=0, eventTime=672255119, downTime=672255119, deviceId=0, source=0x1002 }
08-04 02:43:58.722 15140 15140 I Input   : injectMotionEvent: MotionEvent { action=ACTION_MOVE, actionButton=0, id[0]=0, x[0]=500.0, y[0]=1941.1, toolType[0]=TOOL_TYPE_UNKNOWN, buttonState=0, metaState=0, flags=0x0, edgeFlags=0x0, pointerCount=1, historySize=0, eventTime=672255136, downTime=672255136, deviceId=0, source=0x1002 }
08-04 02:43:58.741 15140 15140 I Input   : injectMotionEvent: MotionEvent { action=ACTION_MOVE, actionButton=0, id[0]=0, x[0]=500.0, y[0]=1905.0, toolType[0]=TOOL_TYPE_UNKNOWN, buttonState=0, metaState=0, flags=0x0, edgeFlags=0x0, pointerCount=1, historySize=0, eventTime=672255155, downTime=672255155, deviceId=0, source=0x1002 }
08-04 02:43:58.753 13589 13589 I ServiceManager: Waiting for service AtCmdFwd...
08-04 02:43:58.793 15140 15140 I Input   : injectMotionEvent: MotionEvent { action=ACTION_MOVE, actionButton=0, id[0]=0, x[0]=500.0, y[0]=1806.2, toolType[0]=TOOL_TYPE_UNKNOWN, buttonState=0, metaState=0, flags=0x0, edgeFlags=0x0, pointerCount=1, historySize=0, eventTime=672255207, downTime=672255207, deviceId=0, source=0x1002 }
08-04 02:43:58.831 15140 15140 I Input   : injectMotionEvent: MotionEvent { action=ACTION_MOVE, actionButton=0, id[0]=0, x[0]=500.0, y[0]=1734.0, toolType[0]=TOOL_TYPE_UNKNOWN, buttonState=0, metaState=0, flags=0x0, edgeFlags=0x0, pointerCount=1, historySize=0, eventTime=672255245, downTime=672255245, deviceId=0, source=0x1002 }
08-04 02:43:58.871 15140 15140 I Input   : injectMotionEvent: MotionEvent { action=ACTION_MOVE, actionButton=0, id[0]=0, x[0]=500.0, y[0]=1659.9, toolType[0]=TOOL_TYPE_UNKNOWN, buttonState=0, metaState=0, flags=0x0, edgeFlags=0x0, pointerCount=1, historySize=0, eventTime=672255284, downTime=672255284, deviceId=0, source=0x1002 }
08-04 02:43:58.913 15140 15140 I Input   : injectMotionEvent: MotionEvent { action=ACTION_MOVE, actionButton=0, id[0]=0, x[0]=500.0, y[0]=1580.1, toolType[0]=TOOL_TYPE_UNKNOWN, buttonState=0, metaState=0, flags=0x0, edgeFlags=0x0, pointerCount=1, historySize=0, eventTime=672255326, downTime=672255326, deviceId=0, source=0x1002 }
08-04 02:43:58.928 12467 12525 I art     : Starting a blocking GC Explicit
08-04 02:43:58.951 15140 15140 I Input   : injectMotionEvent: MotionEvent { action=ACTION_MOVE, actionButton=0, id[0]=0, x[0]=500.0, y[0]=1507.9, toolType[0]=TOOL_TYPE_UNKNOWN, buttonState=0, metaState=0, flags=0x0, edgeFlags=0x0, pointerCount=1, historySize=0, eventTime=672255364, downTime=672255364, deviceId=0, source=0x1002 }
08-04 02:43:58.982 12467 12525 I art     : Explicit concurrent mark sweep GC freed 1661(94KB) AllocSpace objects, 2(48KB) LOS objects, 7% free, 184MB/200MB, paused 1.493ms total 53.177ms
08-04 02:43:58.994 15140 15140 I Input   : injectMotionEvent: MotionEvent { action=ACTION_MOVE, actionButton=0, id[0]=0, x[0]=500.0, y[0]=1426.2, toolType[0]=TOOL_TYPE_UNKNOWN, buttonState=0, metaState=0, flags=0x0, edgeFlags=0x0, pointerCount=1, historySize=0, eventTime=672255407, downTime=672255407, deviceId=0, source=0x1002 }
08-04 02:43:59.000 12467 12525 I art     : Starting a blocking GC Explicit
08-04 02:43:59.033 15140 15140 I Input   : injectMotionEvent: MotionEvent { action=ACTION_MOVE, actionButton=0, id[0]=0, x[0]=500.0, y[0]=1352.1001, toolType[0]=TOOL_TYPE_UNKNOWN, buttonState=0, metaState=0, flags=0x0, edgeFlags=0x0, pointerCount=1, historySize=0, eventTime=672255446, downTime=672255446, deviceId=0, source=0x1002 }
08-04 02:43:59.052 12467 12525 I art     : Explicit concurrent mark sweep GC freed 32(1152B) AllocSpace objects, 0(0B) LOS objects, 7% free, 184MB/200MB, paused 1.338ms total 51.822ms
08-04 02:43:59.073 15140 15140 I Input   : injectMotionEvent: MotionEvent { action=ACTION_MOVE, actionButton=0, id[0]=0, x[0]=500.0, y[0]=1276.1, toolType[0]=TOOL_TYPE_UNKNOWN, buttonState=0, metaState=0, flags=0x0, edgeFlags=0x0, pointerCount=1, historySize=0, eventTime=672255486, downTime=672255486, deviceId=0, source=0x1002 }
08-04 02:43:59.074 12467 12525 I art     : Starting a blocking GC Explicit
08-04 02:43:59.111 15140 15140 I Input   : injectMotionEvent: MotionEvent { action=ACTION_MOVE, actionButton=0, id[0]=0, x[0]=500.0, y[0]=1203.9, toolType[0]=TOOL_TYPE_UNKNOWN, buttonState=0, metaState=0, flags=0x0, edgeFlags=0x0, pointerCount=1, historySize=0, eventTime=672255524, downTime=672255524, deviceId=0, source=0x1002 }
08-04 02:43:59.125 12467 12525 I art     : Explicit concurrent mark sweep GC freed 7(224B) AllocSpace objects, 0(0B) LOS objects, 7% free, 184MB/200MB, paused 1.248ms total 51.411ms
08-04 02:43:59.145 12467 12525 I art     : Starting a blocking GC Explicit
08-04 02:43:59.154 15140 15140 I Input   : injectMotionEvent: MotionEvent { action=ACTION_MOVE, actionButton=0, id[0]=0, x[0]=500.0, y[0]=1122.2, toolType[0]=TOOL_TYPE_UNKNOWN, buttonState=0, metaState=0, flags=0x0, edgeFlags=0x0, pointerCount=1, historySize=0, eventTime=672255567, downTime=672255567, deviceId=0, source=0x1002 }
08-04 02:43:59.195 15140 15140 I Input   : injectMotionEvent: MotionEvent { action=ACTION_MOVE, actionButton=0, id[0]=0, x[0]=500.0, y[0]=1044.3, toolType[0]=TOOL_TYPE_UNKNOWN, buttonState=0, metaState=0, flags=0x0, edgeFlags=0x0, pointerCount=1, historySize=0, eventTime=672255608, downTime=672255608, deviceId=0, source=0x1002 }
08-04 02:43:59.200 12467 12525 I art     : Explicit concurrent mark sweep GC freed 7(224B) AllocSpace objects, 0(0B) LOS objects, 7% free, 184MB/200MB, paused 1.588ms total 54.348ms
08-04 02:43:59.219 12467 12525 I art     : Starting a blocking GC Explicit
08-04 02:43:59.235 15140 15140 I Input   : injectMotionEvent: MotionEvent { action=ACTION_MOVE, actionButton=0, id[0]=0, x[0]=500.0, y[0]=968.30005, toolType[0]=TOOL_TYPE_UNKNOWN, buttonState=0, metaState=0, flags=0x0, edgeFlags=0x0, pointerCount=1, historySize=0, eventTime=672255648, downTime=672255648, deviceId=0, source=0x1002 }
08-04 02:43:59.273 12467 12525 I art     : Explicit concurrent mark sweep GC freed 5(160B) AllocSpace objects, 0(0B) LOS objects, 7% free, 184MB/200MB, paused 1.439ms total 53.465ms
08-04 02:43:59.275 15140 15140 I Input   : injectMotionEvent: MotionEvent { action=ACTION_MOVE, actionButton=0, id[0]=0, x[0]=500.0, y[0]=892.30005, toolType[0]=TOOL_TYPE_UNKNOWN, buttonState=0, metaState=0, flags=0x0, edgeFlags=0x0, pointerCount=1, historySize=0, eventTime=672255688, downTime=672255688, deviceId=0, source=0x1002 }
08-04 02:43:59.316 15140 15140 I Input   : injectMotionEvent: MotionEvent { action=ACTION_MOVE, actionButton=0, id[0]=0, x[0]=500.0, y[0]=814.4, toolType[0]=TOOL_TYPE_UNKNOWN, buttonState=0, metaState=0, flags=0x0, edgeFlags=0x0, pointerCount=1, historySize=0, eventTime=672255729, downTime=672255729, deviceId=0, source=0x1002 }
08-04 02:43:59.355 15140 15140 I Input   : injectMotionEvent: MotionEvent { action=ACTION_MOVE, actionButton=0, id[0]=0, x[0]=500.0, y[0]=740.30005, toolType[0]=TOOL_TYPE_UNKNOWN, buttonState=0, metaState=0, flags=0x0, edgeFlags=0x0, pointerCount=1, historySize=0, eventTime=672255768, downTime=672255768, deviceId=0, source=0x1002 }
08-04 02:43:59.395 15140 15140 I Input   : injectMotionEvent: MotionEvent { action=ACTION_MOVE, actionButton=0, id[0]=0, x[0]=500.0, y[0]=662.4, toolType[0]=TOOL_TYPE_UNKNOWN, buttonState=0, metaState=0, flags=0x0, edgeFlags=0x0, pointerCount=1, historySize=0, eventTime=672255809, downTime=672255809, deviceId=0, source=0x1002 }
08-04 02:43:59.436 15140 15140 I Input   : injectMotionEvent: MotionEvent { action=ACTION_MOVE, actionButton=0, id[0]=0, x[0]=500.0, y[0]=586.4, toolType[0]=TOOL_TYPE_UNKNOWN, buttonState=0, metaState=0, flags=0x0, edgeFlags=0x0, pointerCount=1, historySize=0, eventTime=672255849, downTime=672255849, deviceId=0, source=0x1002 }
08-04 02:43:59.478 15140 15140 I Input   : injectMotionEvent: MotionEvent { action=ACTION_MOVE, actionButton=0, id[0]=0, x[0]=500.0, y[0]=506.59998, toolType[0]=TOOL_TYPE_UNKNOWN, buttonState=0, metaState=0, flags=0x0, edgeFlags=0x0, pointerCount=1, historySize=0, eventTime=672255891, downTime=672255891, deviceId=0, source=0x1002 }
08-04 02:43:59.522 15140 15140 I Input   : injectMotionEvent: MotionEvent { action=ACTION_MOVE, actionButton=0, id[0]=0, x[0]=500.0, y[0]=423.0, toolType[0]=TOOL_TYPE_UNKNOWN, buttonState=0, metaState=0, flags=0x0, edgeFlags=0x0, pointerCount=1, historySize=0, eventTime=672255935, downTime=672255935, deviceId=0, source=0x1002 }
08-04 02:43:59.561 15140 15140 I Input   : injectMotionEvent: MotionEvent { action=ACTION_MOVE, actionButton=0, id[0]=0, x[0]=500.0, y[0]=348.90002, toolType[0]=TOOL_TYPE_UNKNOWN, buttonState=0, metaState=0, flags=0x0, edgeFlags=0x0, pointerCount=1, historySize=0, eventTime=672255974, downTime=672255974, deviceId=0, source=0x1002 }
08-04 02:43:59.600 15140 15140 I Input   : injectMotionEvent: MotionEvent { action=ACTION_MOVE, actionButton=0, id[0]=0, x[0]=500.0, y[0]=274.80005, toolType[0]=TOOL_TYPE_UNKNOWN, buttonState=0, metaState=0, flags=0x0, edgeFlags=0x0, pointerCount=1, historySize=0, eventTime=672256013, downTime=672256013, deviceId=0, source=0x1002 }
08-04 02:43:59.638 15140 15140 I Input   : injectMotionEvent: MotionEvent { action=ACTION_MOVE, actionButton=0, id[0]=0, x[0]=500.0, y[0]=202.6001, toolType[0]=TOOL_TYPE_UNKNOWN, buttonState=0, metaState=0, flags=0x0, edgeFlags=0x0, pointerCount=1, historySize=0, eventTime=672256051, downTime=672256051, deviceId=0, source=0x1002 }
08-04 02:43:59.680 12467 12526 I art     : Starting a blocking GC Explicit
08-04 02:43:59.682 15140 15140 I Input   : injectMotionEvent: MotionEvent { action=ACTION_MOVE, actionButton=0, id[0]=0, x[0]=500.0, y[0]=117.099976, toolType[0]=TOOL_TYPE_UNKNOWN, buttonState=0, metaState=0, flags=0x0, edgeFlags=0x0, pointerCount=1, historySize=0, eventTime=672256096, downTime=672256096, deviceId=0, source=0x1002 }
08-04 02:43:59.720 15140 15140 I Input   : injectMotionEvent: MotionEvent { action=ACTION_UP, actionButton=0, id[0]=0, x[0]=500.0, y[0]=100.0, toolType[0]=TOOL_TYPE_UNKNOWN, buttonState=0, metaState=0, flags=0x0, edgeFlags=0x0, pointerCount=1, historySize=0, eventTime=672256134, downTime=672256134, deviceId=0, source=0x1002 }
08-04 02:43:59.733 12467 12526 I art     : Explicit concurrent mark sweep GC freed 1661(94KB) AllocSpace objects, 2(48KB) LOS objects, 7% free, 184MB/200MB, paused 1.208ms total 51.938ms
08-04 02:43:59.752 12467 12526 I art     : Starting a blocking GC Explicit
08-04 02:43:59.753 13589 13589 I ServiceManager: Waiting for service AtCmdFwd...
08-04 02:43:59.759 15140 15140 D AndroidRuntime: Shutting down VM
08-04 02:43:59.804 12467 12526 I art     : Explicit concurrent mark sweep GC freed 31(1120B) AllocSpace objects, 0(0B) LOS objects, 7% free, 184MB/200MB, paused 1.393ms total 51.695ms
08-04 02:43:59.823 12467 12526 I art     : Starting a blocking GC Explicit
08-04 02:43:59.866   518   646 I ThermalEngine: ACTION: GPU - Setting GPU[0] to 390000000
08-04 02:43:59.890 12467 12526 I art     : Explicit concurrent mark sweep GC freed 17(832B) AllocSpace objects, 0(0B) LOS objects, 7% free, 184MB/200MB, paused 2.137ms total 66.483ms
08-04 02:43:59.917 12467 12526 I art     : Starting a blocking GC Explicit
08-04 02:43:59.989 12467 12526 I art     : Explicit concurrent mark sweep GC freed 13(640B) AllocSpace objects, 0(0B) LOS objects, 7% free, 184MB/200MB, paused 2.189ms total 71.428ms
08-04 02:44:00.015 12467 12526 I art     : Starting a blocking GC Explicit
08-04 02:44:00.077 12467 12526 I art     : Explicit concurrent mark sweep GC freed 3(96B) AllocSpace objects, 0(0B) LOS objects, 7% free, 184MB/200MB, paused 1.864ms total 61.564ms
08-04 02:44:00.540 12467 12479 I art     : Starting a blocking GC Explicit
08-04 02:44:00.619 12467 12479 I art     : Explicit concurrent mark sweep GC freed 1667(95KB) AllocSpace objects, 2(48KB) LOS objects, 7% free, 184MB/200MB, paused 2.133ms total 78.572ms
08-04 02:44:00.645 12467 12479 I art     : Starting a blocking GC Explicit
08-04 02:44:00.648 15177 15177 D AndroidRuntime: >>>>>> START com.android.internal.os.RuntimeInit uid 2000 <<<<<<
08-04 02:44:00.654 15177 15177 D AndroidRuntime: CheckJNI is OFF
08-04 02:44:00.707 15177 15177 D ICU     : No timezone override file found: /data/misc/zoneinfo/current/icu/icu_tzdata.dat
08-04 02:44:00.715 12467 12479 I art     : Explicit concurrent mark sweep GC freed 28(1024B) AllocSpace objects, 0(0B) LOS objects, 7% free, 184MB/200MB, paused 2.268ms total 70.087ms
08-04 02:44:00.741 12467 12479 I art     : Starting a blocking GC Explicit
08-04 02:44:00.753 15177 15177 I Radio-JNI: register_android_hardware_Radio DONE
08-04 02:44:00.754 13589 13589 I ServiceManager: Waiting for service AtCmdFwd...
08-04 02:44:00.784 15177 15177 D AndroidRuntime: Calling main entry com.android.commands.input.Input
08-04 02:44:00.786 15177 15177 I Input   : injectMotionEvent: MotionEvent { action=ACTION_DOWN, actionButton=0, id[0]=0, x[0]=657.0, y[0]=2080.0, toolType[0]=TOOL_TYPE_UNKNOWN, buttonState=0, metaState=0, flags=0x0, edgeFlags=0x0, pointerCount=1, historySize=0, eventTime=672257199, downTime=672257199, deviceId=0, source=0x1002 }
08-04 02:44:00.791 15177 15177 I Input   : injectMotionEvent: MotionEvent { action=ACTION_UP, actionButton=0, id[0]=0, x[0]=657.0, y[0]=2080.0, toolType[0]=TOOL_TYPE_UNKNOWN, buttonState=0, metaState=0, flags=0x0, edgeFlags=0x0, pointerCount=1, historySize=0, eventTime=672257199, downTime=672257199, deviceId=0, source=0x1002 }
08-04 02:44:00.794   918  3714 I ActivityManager: START u0 {cmp=baseline.io.github.project_travel_mate/.utilities.UpcomingWeekendsActivity} from uid 10650 on display 0
08-04 02:44:00.795   512  2967 D audio_hw_primary: out_set_parameters: enter: usecase(1: low-latency-playback) kvpairs: routing=2
08-04 02:44:00.796 15177 15177 D AndroidRuntime: Shutting down VM
08-04 02:44:00.808   512  2967 D audio_hw_primary: select_devices: out_snd_device(2: speaker) in_snd_device(0: none)
08-04 02:44:00.808   512  2967 D msm8974_platform: platform_send_audio_calibration: sending audio calibration for snd_device(2) acdb_id(15)
08-04 02:44:00.809   512  2967 I soundtrigger: audio_extn_sound_trigger_update_device_status: device 0x2 of type 0 for Event 1
08-04 02:44:00.813 12467 12479 I art     : Explicit concurrent mark sweep GC freed 20(624B) AllocSpace objects, 0(0B) LOS objects, 7% free, 184MB/200MB, paused 2.148ms total 71.986ms
08-04 02:44:00.826   512  2967 D audio_hw_primary: enable_snd_device: snd_device(2: speaker)
08-04 02:44:00.829   512  2967 D audio_hw_primary: enable_audio_route: apply and update mixer path: low-latency-playback speaker
08-04 02:44:00.842 12467 12479 I art     : Starting a blocking GC Explicit
08-04 02:44:00.846 12467 12544 D Gabe    : call	returning from cache
08-04 02:44:00.849 12467 12467 V EXECUTING: https://project-travel-mate.herokuapp.com/api/get-upcoming-holidays/2020
08-04 02:44:00.853 12467 12467 V EXECUTING: https://project-travel-mate.herokuapp.com/api/get-upcoming-holidays/2020
08-04 02:44:00.909 12467 12479 I art     : Explicit concurrent mark sweep GC freed 1028(71KB) AllocSpace objects, 0(0B) LOS objects, 7% free, 184MB/200MB, paused 2.497ms total 66.138ms
08-04 02:44:00.933 12467 12479 I art     : Starting a blocking GC Explicit
08-04 02:44:00.943 13866 13866 I GoogleInputMethodServic: GoogleInputMethodService.onFinishInput():3138 
08-04 02:44:00.944 13866 13866 I GoogleInputMethodServic: GoogleInputMethodService.onStartInput():1808 
08-04 02:44:00.993 12467 12479 I art     : Explicit concurrent mark sweep GC freed 790(30KB) AllocSpace objects, 0(0B) LOS objects, 7% free, 189MB/205MB, paused 2.261ms total 60.014ms
08-04 02:44:01.048   918   936 I ActivityManager: Displayed baseline.io.github.project_travel_mate/.utilities.UpcomingWeekendsActivity: +240ms
08-04 02:44:01.309   380   380 W SurfaceFlinger: couldn't log to binary event log: overflow.
08-04 02:44:01.369   512  2967 D audio_hw_primary: disable_audio_route: reset and update mixer path: low-latency-playback speaker
08-04 02:44:01.371   512  2967 D audio_hw_primary: disable_snd_device: snd_device(2: speaker)
08-04 02:44:01.380   512  2967 I soundtrigger: audio_extn_sound_trigger_update_device_status: device 0x2 of type 0 for Event 0
08-04 02:44:01.413 12467 15200 I NAPPA_EXPERIMENTATION: MetricNetworkRequestExecutionTime: REQUEST_DURATION_SYSTEM='562',REQUEST_DURATION_OKHTTP='31',REQUEST_SYNCHRONOUS='FALSE',RESPONSE_CODE='200',RESPONSE_METHOD='GET',RESPONSE_LENGTH_OKHTTP='6426',RESPONSE_LENGTH_HEADER='6426',REQUEST_PROTOCOL='http/1.1',REQUEST_URL='https://project-travel-mate.herokuapp.com/api/get-upcoming-holidays/2020',
08-04 02:44:01.433 12467 15201 I NAPPA_EXPERIMENTATION: MetricNetworkRequestExecutionTime: REQUEST_DURATION_SYSTEM='579',REQUEST_DURATION_OKHTTP='35',REQUEST_SYNCHRONOUS='FALSE',RESPONSE_CODE='200',RESPONSE_METHOD='GET',RESPONSE_LENGTH_OKHTTP='6426',RESPONSE_LENGTH_HEADER='6426',REQUEST_PROTOCOL='http/1.1',REQUEST_URL='https://project-travel-mate.herokuapp.com/api/get-upcoming-holidays/2020',
08-04 02:44:01.438 12467 12479 I art     : Starting a blocking GC Explicit
08-04 02:44:01.507 12467 12479 I art     : Explicit concurrent mark sweep GC freed 7632(395KB) AllocSpace objects, 11(496KB) LOS objects, 7% free, 189MB/205MB, paused 2.179ms total 68.965ms
08-04 02:44:01.530 12467 12479 I art     : Starting a blocking GC Explicit
08-04 02:44:01.537 12467 12467 V Response: [{"month":"January","date":1,"day":"Wednesday","name":"New Year's Day","type":"Restricted"},{"month":"January","date":2,"day":"Thursday","name":"Guru Govind Singh Jayanti","type":"Restricted"},{"month":"January","date":14,"day":"Tuesday","name":"Lohri","type":"Restricted"},{"month":"January","date":15,"day":"Wednesday","name":"Pongal","type":"Restricted"},{"month":"January","date":15,"day":"Wednesday","name":"Makar Sankranti","type":"Restricted"},{"month":"January","date":25,"day":"Saturday","name":"Chinese New Year","type":"Observance"},{"month":"January","date":26,"day":"Sunday","name":"Republic Day","type":"Gazetted"},{"month":"January","date":30,"day":"Thursday","name":"Vasant Panchami","type":"Restricted"},{"month":"February","date":9,"day":"Sunday","name":"Guru Ravidas Jayanti","type":"Restricted"},{"month":"February","date":14,"day":"Friday","name":"Valentine's Day","type":"Observance"},{"month":"February","date":18,"day":"Tuesday","name":"Maharishi Dayanand Saraswati Jayanti","type":"Restricted"},{"month":"February","date":19,"day":"Wednesday","name":"Shivaji Jayanti","type":"Restricted"},{"month":"February","date":21,"day":"Friday","name":"Maha Shivaratri/Shivaratri","type":"Gazetted"},{"month":"March","date":9,"day":"Monday","name":"Holika Dahana","type":"Restricted"},{"month":"March","date":9,"day":"Monday","name":"Hazarat Ali's Birthday","type":"Restricted"},{"month":"March","date":10,"day":"Tuesday","name":"Holi","type":"Gazetted"},{"month":"March","date":20,"day":"Friday","name":"March Equinox","type":"Season"},{"month":"March","date":25,"day":"Wednesday","name":"Chaitra Sukhladi","type":"Restricted"},{"month":"April","date":2,"day":"Thursday","name":"Rama Navami","type":"Gazetted"},{"month":"April","date":6,"day":"Monday","name":"Mahavir Jayanti","type":"Gazetted"},{"month":"April","date":9,"day":"Thursday","name":"First day of Passover","type":"Observance"},{"month":"April","date":9,"day":"Thursday","name":"Maundy Thursday","type":"Observance,"},{"month":"April","date":10,"day":"Friday","name":"Good Friday","type":"Gazetted"},{"month":"April","date":12,"day":"Sunday","name":"Easter Day","type":"Restricted"},{"month":"April","date":13,"day":"Monday","name":"Vaisakhi","type":"Restricted"},{"month":"April","date":14,"day":"Tuesday","name":"Mesadi/Vaisakhadi","type":"Restricted"},{"month":"April","date":14,"day":"Tuesday","name":"Ambedkar Jayanti","type":"Central"},{"month":"May","date":1,"day":"Friday","name":"May Day","type":"Observance"},{"month":"May","date":7,"day":"Thursday","name":"Buddha Purnima/Vesak","type":"Gazetted"},{"month":"May","date":7,"day":"Thursday","name":"Birthday of Ravindranath","type":"Restricted"},{"month":"May","date":10,"day":"Sunday","name":"Mother's Day","type":"Observance"},{"month":"May","date":22,"day":"Friday","name":"Jamat Ul-Vida","type":"Restricted"},{"month":"May","date":25,"day":"Monday","name":"Ramzan Id/Eid-ul-Fitar","type":"Gazetted"},{"month":"May","date":25,"day":"Monday","name":"Ramzan Id/Eid-ul-Fitar","type":"Muslim,"},{"month":"June","date":21,"day":"Sunday","name":"June Solstice","type":"Season"},{"month":"June","date":21,"day":"Sunday","name":"Father's Day","type":"Observance"},{"month":"June","date":23,"day":"Tuesday","name":"Rath Yatra","type":"Restricted"},{"month":"July","date":5,"day":"Sunday","name":"Guru Purnima","type":"Observance"},{"month":"July","date":31,"day":"Friday","name":"Bakr Id/Eid ul-Adha","type":"Gazetted"},{"month":"August","date":2,"day":"Sunday","name":"Friendship Day","type":"Observance"},{"month":"August","date":3,"day":"Monday","name":"Raksha Bandhan (Rakhi)","type":"Restricted"},{"month":"August","date":11,"day":"Tuesday","name":"Janmashtami (Smarta)","type":"Restricted"},{"month":"August","date":12,"day":"Wednesday","name":"Janmashtami","type":"Gazetted"},{"month":"August","date":15,"day":"Saturday","name":"Independence Day","type":"Gazetted"},{"month":"August","date":16,"day":"Sunday","name":"Parsi New Year","type":"Restricted"},{"month":"August","date":22,"day":"Saturday","name":"Ganesh Chaturthi/Vin
08-04 02:44:01.541 12467 12467 V Response: [{"month":"January","date":1,"day":"Wednesday","name":"New Year's Day","type":"Restricted"},{"month":"January","date":2,"day":"Thursday","name":"Guru Govind Singh Jayanti","type":"Restricted"},{"month":"January","date":14,"day":"Tuesday","name":"Lohri","type":"Restricted"},{"month":"January","date":15,"day":"Wednesday","name":"Pongal","type":"Restricted"},{"month":"January","date":15,"day":"Wednesday","name":"Makar Sankranti","type":"Restricted"},{"month":"January","date":25,"day":"Saturday","name":"Chinese New Year","type":"Observance"},{"month":"January","date":26,"day":"Sunday","name":"Republic Day","type":"Gazetted"},{"month":"January","date":30,"day":"Thursday","name":"Vasant Panchami","type":"Restricted"},{"month":"February","date":9,"day":"Sunday","name":"Guru Ravidas Jayanti","type":"Restricted"},{"month":"February","date":14,"day":"Friday","name":"Valentine's Day","type":"Observance"},{"month":"February","date":18,"day":"Tuesday","name":"Maharishi Dayanand Saraswati Jayanti","type":"Restricted"},{"month":"February","date":19,"day":"Wednesday","name":"Shivaji Jayanti","type":"Restricted"},{"month":"February","date":21,"day":"Friday","name":"Maha Shivaratri/Shivaratri","type":"Gazetted"},{"month":"March","date":9,"day":"Monday","name":"Holika Dahana","type":"Restricted"},{"month":"March","date":9,"day":"Monday","name":"Hazarat Ali's Birthday","type":"Restricted"},{"month":"March","date":10,"day":"Tuesday","name":"Holi","type":"Gazetted"},{"month":"March","date":20,"day":"Friday","name":"March Equinox","type":"Season"},{"month":"March","date":25,"day":"Wednesday","name":"Chaitra Sukhladi","type":"Restricted"},{"month":"April","date":2,"day":"Thursday","name":"Rama Navami","type":"Gazetted"},{"month":"April","date":6,"day":"Monday","name":"Mahavir Jayanti","type":"Gazetted"},{"month":"April","date":9,"day":"Thursday","name":"First day of Passover","type":"Observance"},{"month":"April","date":9,"day":"Thursday","name":"Maundy Thursday","type":"Observance,"},{"month":"April","date":10,"day":"Friday","name":"Good Friday","type":"Gazetted"},{"month":"April","date":12,"day":"Sunday","name":"Easter Day","type":"Restricted"},{"month":"April","date":13,"day":"Monday","name":"Vaisakhi","type":"Restricted"},{"month":"April","date":14,"day":"Tuesday","name":"Mesadi/Vaisakhadi","type":"Restricted"},{"month":"April","date":14,"day":"Tuesday","name":"Ambedkar Jayanti","type":"Central"},{"month":"May","date":1,"day":"Friday","name":"May Day","type":"Observance"},{"month":"May","date":7,"day":"Thursday","name":"Buddha Purnima/Vesak","type":"Gazetted"},{"month":"May","date":7,"day":"Thursday","name":"Birthday of Ravindranath","type":"Restricted"},{"month":"May","date":10,"day":"Sunday","name":"Mother's Day","type":"Observance"},{"month":"May","date":22,"day":"Friday","name":"Jamat Ul-Vida","type":"Restricted"},{"month":"May","date":25,"day":"Monday","name":"Ramzan Id/Eid-ul-Fitar","type":"Gazetted"},{"month":"May","date":25,"day":"Monday","name":"Ramzan Id/Eid-ul-Fitar","type":"Muslim,"},{"month":"June","date":21,"day":"Sunday","name":"June Solstice","type":"Season"},{"month":"June","date":21,"day":"Sunday","name":"Father's Day","type":"Observance"},{"month":"June","date":23,"day":"Tuesday","name":"Rath Yatra","type":"Restricted"},{"month":"July","date":5,"day":"Sunday","name":"Guru Purnima","type":"Observance"},{"month":"July","date":31,"day":"Friday","name":"Bakr Id/Eid ul-Adha","type":"Gazetted"},{"month":"August","date":2,"day":"Sunday","name":"Friendship Day","type":"Observance"},{"month":"August","date":3,"day":"Monday","name":"Raksha Bandhan (Rakhi)","type":"Restricted"},{"month":"August","date":11,"day":"Tuesday","name":"Janmashtami (Smarta)","type":"Restricted"},{"month":"August","date":12,"day":"Wednesday","name":"Janmashtami","type":"Gazetted"},{"month":"August","date":15,"day":"Saturday","name":"Independence Day","type":"Gazetted"},{"month":"August","date":16,"day":"Sunday","name":"Parsi New Year","type":"Restricted"},{"month":"August","date":22,"day":"Saturday","name":"Ganesh Chaturthi/Vin
08-04 02:44:01.596 12467 12479 I art     : Explicit concurrent mark sweep GC freed 10022(528KB) AllocSpace objects, 0(0B) LOS objects, 7% free, 189MB/205MB, paused 2.553ms total 64.974ms
08-04 02:44:01.620 12467 12479 I art     : Starting a blocking GC Explicit
08-04 02:44:01.693 12467 12479 I art     : Explicit concurrent mark sweep GC freed 1449(51KB) AllocSpace objects, 0(0B) LOS objects, 7% free, 189MB/205MB, paused 2.029ms total 72.436ms
08-04 02:44:01.719 12467 12479 I art     : Starting a blocking GC Explicit
08-04 02:44:01.754 13589 13589 W Atfwd_Sendcmd: AtCmdFwd service not published, waiting... retryCnt : 5
08-04 02:44:01.798 12467 12479 I art     : Explicit concurrent mark sweep GC freed 259(6KB) AllocSpace objects, 1(4MB) LOS objects, 7% free, 185MB/201MB, paused 2.332ms total 78.077ms
08-04 02:44:01.825 12467 12479 I art     : Starting a blocking GC Explicit
08-04 02:44:01.902 12467 12479 I art     : Explicit concurrent mark sweep GC freed 170(2864B) AllocSpace objects, 0(0B) LOS objects, 7% free, 185MB/201MB, paused 2.145ms total 76.803ms
08-04 02:44:02.357 12467 13744 I art     : Starting a blocking GC Explicit
08-04 02:44:02.437 12467 13744 I art     : Explicit concurrent mark sweep GC freed 2355(104KB) AllocSpace objects, 2(48KB) LOS objects, 7% free, 185MB/201MB, paused 2.293ms total 79.189ms
08-04 02:44:02.464 12467 13744 I art     : Starting a blocking GC Explicit
08-04 02:44:02.543 12467 13744 I art     : Explicit concurrent mark sweep GC freed 172(3KB) AllocSpace objects, 0(0B) LOS objects, 7% free, 185MB/201MB, paused 2.529ms total 78.162ms
08-04 02:44:02.571 12467 13744 I art     : Starting a blocking GC Explicit
08-04 02:44:02.649 12467 13744 I art     : Explicit concurrent mark sweep GC freed 208(3KB) AllocSpace objects, 0(0B) LOS objects, 7% free, 185MB/201MB, paused 2.503ms total 77.254ms
08-04 02:44:02.679 12467 13744 I art     : Starting a blocking GC Explicit
08-04 02:44:02.750 12467 13744 I art     : Explicit concurrent mark sweep GC freed 146(2464B) AllocSpace objects, 0(0B) LOS objects, 7% free, 185MB/201MB, paused 1.989ms total 70.899ms
08-04 02:44:02.777 12467 13744 I art     : Starting a blocking GC Explicit
08-04 02:44:02.852 12467 13744 I art     : Explicit concurrent mark sweep GC freed 158(3KB) AllocSpace objects, 0(0B) LOS objects, 7% free, 185MB/201MB, paused 2.039ms total 74.145ms
08-04 02:44:02.867   918 13198 D NetlinkSocketObserver: NeighborEvent{elapsedMs=1655646742, 192.168.2.254, [7C3953A63323], RTM_NEWNEIGH, NUD_STALE}
08-04 02:44:02.870   518   646 I ThermalEngine: ACTION: GPU - Setting GPU[0] to 450000000
08-04 02:44:03.317 12467 12525 I art     : Starting a blocking GC Explicit
08-04 02:44:03.383 12467 12525 I art     : Explicit concurrent mark sweep GC freed 2365(105KB) AllocSpace objects, 2(48KB) LOS objects, 7% free, 185MB/201MB, paused 1.384ms total 66.056ms
08-04 02:44:03.404 12467 12525 I art     : Starting a blocking GC Explicit
08-04 02:44:03.471 12467 12525 I art     : Explicit concurrent mark sweep GC freed 159(3KB) AllocSpace objects, 0(0B) LOS objects, 7% free, 185MB/201MB, paused 1.517ms total 67.051ms
08-04 02:44:03.492 12467 12525 I art     : Starting a blocking GC Explicit
08-04 02:44:03.561 12467 12525 I art     : Explicit concurrent mark sweep GC freed 123(2096B) AllocSpace objects, 0(0B) LOS objects, 7% free, 185MB/201MB, paused 1.380ms total 68.613ms
08-04 02:44:03.581 12467 12525 I art     : Starting a blocking GC Explicit
08-04 02:44:03.649 12467 12525 I art     : Explicit concurrent mark sweep GC freed 184(3KB) AllocSpace objects, 0(0B) LOS objects, 7% free, 185MB/201MB, paused 1.553ms total 67.592ms
08-04 02:44:03.669 12467 12525 I art     : Starting a blocking GC Explicit
08-04 02:44:03.738 12467 12525 I art     : Explicit concurrent mark sweep GC freed 123(2096B) AllocSpace objects, 0(0B) LOS objects, 7% free, 185MB/201MB, paused 1.521ms total 68.284ms
08-04 02:44:04.177 12467 12526 I art     : Starting a blocking GC Explicit
08-04 02:44:04.230   918   918 I ActivityManager: Start proc 15245:nappagreedy.com.newsblur/u0a655 for service nappagreedy.com.newsblur/.service.NBSyncService
08-04 02:44:04.237 15245 15245 I art     : Late-enabling -Xcheck:jni
08-04 02:44:04.238 12467 12526 I art     : Explicit concurrent mark sweep GC freed 2332(105KB) AllocSpace objects, 2(48KB) LOS objects, 7% free, 185MB/201MB, paused 1.344ms total 61.292ms
08-04 02:44:04.253   918   918 I ActivityManager: Start proc 15256:baseline.com.newsblur/u0a652 for service baseline.com.newsblur/.service.NBSyncService
08-04 02:44:04.253 15256 15256 I art     : Late-enabling -Xcheck:jni
08-04 02:44:04.258 12467 12526 I art     : Starting a blocking GC Explicit
08-04 02:44:04.283   918  3670 I ActivityManager: Start proc 15270:com.google.android.apps.gcs/u0a11 for service com.google.android.apps.gcs/.service.GcsTaskService
08-04 02:44:04.284 24365 23406 I NetworkScheduler.Stats: Task com.google.android.apps.gcs/ started execution. cause:4 exec_start_elapsed_seconds: 1655648 [CONTEXT service_id=218 ]
08-04 02:44:04.294 15245 15245 W System  : ClassLoader referenced unknown path: /data/app/nappagreedy.com.newsblur-1/lib/arm64
08-04 02:44:04.310 12467 12526 I art     : Explicit concurrent mark sweep GC freed 148(3KB) AllocSpace objects, 0(0B) LOS objects, 7% free, 185MB/201MB, paused 1.329ms total 51.582ms
08-04 02:44:04.314 15256 15256 W System  : ClassLoader referenced unknown path: /data/app/baseline.com.newsblur-1/lib/arm64
08-04 02:44:04.328 12467 12526 I art     : Starting a blocking GC Explicit
08-04 02:44:04.352   918  3961 I ActivityManager: Killing 9589:com.google.android.play.games/u0a64 (adj 15): empty #17
08-04 02:44:04.379 12467 12526 I art     : Explicit concurrent mark sweep GC freed 98(1664B) AllocSpace objects, 0(0B) LOS objects, 7% free, 185MB/201MB, paused 1.337ms total 51.157ms
08-04 02:44:04.398 12467 12526 I art     : Starting a blocking GC Explicit
08-04 02:44:04.454 12467 12526 I art     : Explicit concurrent mark sweep GC freed 124(2128B) AllocSpace objects, 0(0B) LOS objects, 7% free, 185MB/201MB, paused 1.421ms total 55.551ms
08-04 02:44:04.473 12467 12526 I art     : Starting a blocking GC Explicit
08-04 02:44:04.529 12467 12526 I art     : Explicit concurrent mark sweep GC freed 99(1696B) AllocSpace objects, 0(0B) LOS objects, 7% free, 185MB/201MB, paused 1.409ms total 55.567ms
08-04 02:44:04.539   918  3670 I AccountManagerService: getTypesVisibleToCaller: isPermitted? true
08-04 02:44:04.543 15270 15270 W Gcs.AccountsChgRcvr: [1] afk.b: No accounts available. WFA has been deactivated
08-04 02:44:04.564 15270 15270 W PrimesInit: Primes instant initialization
08-04 02:44:04.565 15270 15292 W Primes  : background initialization
08-04 02:44:04.587 15270 15292 I PrimesTesting: GserviceFlagsSupplier.get()
08-04 02:44:04.636   918  6112 I AccountManagerService: getTypesVisibleToCaller: isPermitted? true
08-04 02:44:04.637 15270 15293 W Gcs.WfaEliRefreshTask: [23296] afk.b: NULL eligibility response.
08-04 02:44:04.643 24365 24380 E NetworkScheduler.ATC: Received callback from client for task that is already complete. ComponentInfo{com.google.android.apps.gcs/com.google.android.apps.gcs.service.GcsTaskService} WfaEliRefreshTask [CONTEXT service_id=218 ]
08-04 02:44:04.646   918  5132 I ActivityManager: Killing 9663:com.google.android.keep/u0a82 (adj 15): empty #17
08-04 02:44:04.930 12467 12480 I art     : Starting a blocking GC Explicit
08-04 02:44:04.997 12467 12480 I art     : Explicit concurrent mark sweep GC freed 2294(104KB) AllocSpace objects, 2(48KB) LOS objects, 7% free, 185MB/201MB, paused 1.406ms total 66.748ms
08-04 02:44:05.018 12467 12480 I art     : Starting a blocking GC Explicit
08-04 02:44:05.081 12467 12480 I art     : Explicit concurrent mark sweep GC freed 149(3056B) AllocSpace objects, 0(0B) LOS objects, 7% free, 185MB/201MB, paused 1.461ms total 62.827ms
08-04 02:44:05.101 12467 12480 I art     : Starting a blocking GC Explicit
08-04 02:44:05.160 12467 12480 I art     : Explicit concurrent mark sweep GC freed 123(2096B) AllocSpace objects, 0(0B) LOS objects, 7% free, 185MB/201MB, paused 1.381ms total 58.687ms
08-04 02:44:05.179 12467 12480 I art     : Starting a blocking GC Explicit
08-04 02:44:05.243 12467 12480 I art     : Explicit concurrent mark sweep GC freed 122(2064B) AllocSpace objects, 0(0B) LOS objects, 7% free, 185MB/201MB, paused 1.350ms total 63.986ms
08-04 02:44:05.264 12467 12480 I art     : Starting a blocking GC Explicit
08-04 02:44:05.329 12467 12480 I art     : Explicit concurrent mark sweep GC freed 123(2096B) AllocSpace objects, 0(0B) LOS objects, 7% free, 185MB/201MB, paused 1.496ms total 65.493ms
08-04 02:44:05.595 15306 15306 D AndroidRuntime: >>>>>> START com.android.internal.os.RuntimeInit uid 2000 <<<<<<
08-04 02:44:05.601 15306 15306 D AndroidRuntime: CheckJNI is OFF
08-04 02:44:05.645 15306 15306 D ICU     : No timezone override file found: /data/misc/zoneinfo/current/icu/icu_tzdata.dat
08-04 02:44:05.686 15306 15306 I Radio-JNI: register_android_hardware_Radio DONE
08-04 02:44:05.714 15306 15306 D AndroidRuntime: Calling main entry com.android.commands.input.Input
08-04 02:44:05.716 15306 15306 I Input   : injectKeyEvent: KeyEvent { action=ACTION_DOWN, keyCode=KEYCODE_BACK, scanCode=0, metaState=0, flags=0x0, repeatCount=0, eventTime=672262129, downTime=672262129, deviceId=-1, source=0x101 }
08-04 02:44:05.721 15306 15306 I Input   : injectKeyEvent: KeyEvent { action=ACTION_UP, keyCode=KEYCODE_BACK, scanCode=0, metaState=0, flags=0x0, repeatCount=0, eventTime=672262129, downTime=672262129, deviceId=-1, source=0x101 }
08-04 02:44:05.727 15306 15306 D AndroidRuntime: Shutting down VM
08-04 02:44:05.737 12467 12467 V MainActivity: url = https://project-travel-mate.herokuapp.com/api/number-of-unread-notifications
08-04 02:44:05.768 12467 12479 I art     : Starting a blocking GC Explicit
08-04 02:44:05.771 13866 13866 I GoogleInputMethodServic: GoogleInputMethodService.onFinishInput():3138 
08-04 02:44:05.771 13866 13866 I GoogleInputMethodServic: GoogleInputMethodService.onStartInput():1808 
08-04 02:44:05.830 12467 12479 I art     : Explicit concurrent mark sweep GC freed 2689(120KB) AllocSpace objects, 2(48KB) LOS objects, 7% free, 185MB/201MB, paused 1.627ms total 61.980ms
08-04 02:44:05.850 12467 12479 I art     : Starting a blocking GC Explicit
08-04 02:44:05.904 12467 12479 I art     : Explicit concurrent mark sweep GC freed 247(10KB) AllocSpace objects, 0(0B) LOS objects, 7% free, 185MB/201MB, paused 1.287ms total 53.987ms
08-04 02:44:05.923 12467 12479 I art     : Starting a blocking GC Explicit
08-04 02:44:05.984 12467 12479 I art     : Explicit concurrent mark sweep GC freed 145(3KB) AllocSpace objects, 0(0B) LOS objects, 7% free, 185MB/201MB, paused 1.570ms total 59.776ms
08-04 02:44:06.006 12467 12479 I art     : Starting a blocking GC Explicit
08-04 02:44:06.079 12467 12479 I art     : Explicit concurrent mark sweep GC freed 142(3KB) AllocSpace objects, 0(0B) LOS objects, 7% free, 185MB/201MB, paused 1.506ms total 73.113ms
08-04 02:44:06.102 12467 12479 I art     : Starting a blocking GC Explicit
08-04 02:44:06.113   380   380 W SurfaceFlinger: couldn't log to binary event log: overflow.
08-04 02:44:06.160 12467 12479 I art     : Explicit concurrent mark sweep GC freed 98(2304B) AllocSpace objects, 1(188KB) LOS objects, 7% free, 185MB/201MB, paused 1.456ms total 57.185ms
08-04 02:44:06.328 12467 15331 I NAPPA_EXPERIMENTATION: MetricNetworkRequestExecutionTime: REQUEST_DURATION_SYSTEM='589',REQUEST_DURATION_OKHTTP='30',REQUEST_SYNCHRONOUS='FALSE',RESPONSE_CODE='200',RESPONSE_METHOD='GET',RESPONSE_LENGTH_OKHTTP='36',RESPONSE_LENGTH_HEADER='36',REQUEST_PROTOCOL='http/1.1',REQUEST_URL='https://project-travel-mate.herokuapp.com/api/number-of-unread-notifications',
08-04 02:44:06.567 12467 12525 I art     : Starting a blocking GC Explicit
08-04 02:44:06.651 12467 12525 I art     : Explicit concurrent mark sweep GC freed 4485(244KB) AllocSpace objects, 5(248KB) LOS objects, 7% free, 185MB/201MB, paused 1.669ms total 84.163ms
08-04 02:44:06.675 12467 12525 I art     : Starting a blocking GC Explicit
08-04 02:44:06.736 12467 12525 I art     : Explicit concurrent mark sweep GC freed 7580(476KB) AllocSpace objects, 13(264KB) LOS objects, 7% free, 185MB/201MB, paused 1.344ms total 60.574ms
08-04 02:44:06.755 12467 12525 I art     : Starting a blocking GC Explicit
08-04 02:44:06.821 12467 12525 I art     : Explicit concurrent mark sweep GC freed 3(96B) AllocSpace objects, 0(0B) LOS objects, 7% free, 185MB/201MB, paused 1.499ms total 64.827ms
08-04 02:44:06.843 12467 12525 I art     : Starting a blocking GC Explicit
08-04 02:44:06.905 12467 12525 I art     : Explicit concurrent mark sweep GC freed 3(96B) AllocSpace objects, 0(0B) LOS objects, 7% free, 185MB/201MB, paused 1.436ms total 61.672ms
08-04 02:44:06.925 12467 12525 I art     : Starting a blocking GC Explicit
08-04 02:44:06.984 12467 12525 I art     : Explicit concurrent mark sweep GC freed 3(96B) AllocSpace objects, 0(0B) LOS objects, 7% free, 185MB/201MB, paused 1.503ms total 59.141ms
08-04 02:44:07.384 12467 12526 I art     : Starting a blocking GC Explicit
08-04 02:44:07.438 12467 12526 I art     : Explicit concurrent mark sweep GC freed 1600(92KB) AllocSpace objects, 2(48KB) LOS objects, 7% free, 185MB/201MB, paused 1.407ms total 53.854ms
08-04 02:44:07.456 12467 12526 I art     : Starting a blocking GC Explicit
08-04 02:44:07.482 15344 15344 D AndroidRuntime: >>>>>> START com.android.internal.os.RuntimeInit uid 2000 <<<<<<
08-04 02:44:07.488 15344 15344 D AndroidRuntime: CheckJNI is OFF
08-04 02:44:07.510 12467 12526 I art     : Explicit concurrent mark sweep GC freed 42(1696B) AllocSpace objects, 0(0B) LOS objects, 7% free, 185MB/201MB, paused 1.373ms total 53.604ms
08-04 02:44:07.530 15344 15344 D ICU     : No timezone override file found: /data/misc/zoneinfo/current/icu/icu_tzdata.dat
08-04 02:44:07.531 12467 12526 I art     : Starting a blocking GC Explicit
08-04 02:44:07.570 15344 15344 I Radio-JNI: register_android_hardware_Radio DONE
08-04 02:44:07.589 12467 12526 I art     : Explicit concurrent mark sweep GC freed 44(1216B) AllocSpace objects, 0(0B) LOS objects, 7% free, 185MB/201MB, paused 2.122ms total 57.648ms
08-04 02:44:07.598 15344 15344 D AndroidRuntime: Calling main entry com.android.commands.input.Input
08-04 02:44:07.600 15344 15344 I Input   : injectMotionEvent: MotionEvent { action=ACTION_DOWN, actionButton=0, id[0]=0, x[0]=657.0, y[0]=2080.0, toolType[0]=TOOL_TYPE_UNKNOWN, buttonState=0, metaState=0, flags=0x0, edgeFlags=0x0, pointerCount=1, historySize=0, eventTime=672264013, downTime=672264013, deviceId=0, source=0x1002 }
08-04 02:44:07.613 12467 12526 I art     : Starting a blocking GC Explicit
08-04 02:44:07.639 15344 15344 I Input   : injectMotionEvent: MotionEvent { action=ACTION_UP, actionButton=0, id[0]=0, x[0]=657.0, y[0]=2080.0, toolType[0]=TOOL_TYPE_UNKNOWN, buttonState=0, metaState=0, flags=0x0, edgeFlags=0x0, pointerCount=1, historySize=0, eventTime=672264013, downTime=672264013, deviceId=0, source=0x1002 }
08-04 02:44:07.668 12467 12526 I art     : Explicit concurrent mark sweep GC freed 3(96B) AllocSpace objects, 0(0B) LOS objects, 7% free, 185MB/201MB, paused 1.626ms total 55.114ms
08-04 02:44:07.678 15344 15344 D AndroidRuntime: Shutting down VM
08-04 02:44:07.678   918  5481 I ActivityManager: START u0 {cmp=baseline.io.github.project_travel_mate/.utilities.UpcomingWeekendsActivity} from uid 10650 on display 0
08-04 02:44:07.679   512  2967 D audio_hw_primary: out_set_parameters: enter: usecase(1: low-latency-playback) kvpairs: routing=2
08-04 02:44:07.687 12467 12526 I art     : Starting a blocking GC Explicit
08-04 02:44:07.692   512  2967 D audio_hw_primary: select_devices: out_snd_device(2: speaker) in_snd_device(0: none)
08-04 02:44:07.692   512  2967 D msm8974_platform: platform_send_audio_calibration: sending audio calibration for snd_device(2) acdb_id(15)
08-04 02:44:07.692   512  2967 I soundtrigger: audio_extn_sound_trigger_update_device_status: device 0x2 of type 0 for Event 1
08-04 02:44:07.701   512  2967 D audio_hw_primary: enable_snd_device: snd_device(2: speaker)
08-04 02:44:07.703   512  2967 D audio_hw_primary: enable_audio_route: apply and update mixer path: low-latency-playback speaker
08-04 02:44:07.707 12467 12544 D Gabe    : call	returning from cache
08-04 02:44:07.710 12467 12467 V EXECUTING: https://project-travel-mate.herokuapp.com/api/get-upcoming-holidays/2020
08-04 02:44:07.712 12467 12467 V EXECUTING: https://project-travel-mate.herokuapp.com/api/get-upcoming-holidays/2020
08-04 02:44:07.741 12467 12526 I art     : Explicit concurrent mark sweep GC freed 691(42KB) AllocSpace objects, 0(0B) LOS objects, 7% free, 185MB/201MB, paused 1.772ms total 54.373ms
08-04 02:44:07.794 13866 13866 I GoogleInputMethodServic: GoogleInputMethodService.onFinishInput():3138 
08-04 02:44:07.794 13866 13866 I GoogleInputMethodServic: GoogleInputMethodService.onStartInput():1808 
08-04 02:44:07.890   918   936 I ActivityManager: Displayed baseline.io.github.project_travel_mate/.utilities.UpcomingWeekendsActivity: +200ms
08-04 02:44:08.125 12467 13744 I art     : Starting a blocking GC Explicit
08-04 02:44:08.150   380   380 W SurfaceFlinger: couldn't log to binary event log: overflow.
08-04 02:44:08.193 12467 13744 I art     : Explicit concurrent mark sweep GC freed 3166(161KB) AllocSpace objects, 2(48KB) LOS objects, 7% free, 189MB/205MB, paused 1.371ms total 67.016ms
08-04 02:44:08.211 12467 13744 I art     : Starting a blocking GC Explicit
08-04 02:44:08.238   512  2967 D audio_hw_primary: disable_audio_route: reset and update mixer path: low-latency-playback speaker
08-04 02:44:08.239   512  2967 D audio_hw_primary: disable_snd_device: snd_device(2: speaker)
08-04 02:44:08.247   512  2967 I soundtrigger: audio_extn_sound_trigger_update_device_status: device 0x2 of type 0 for Event 0
08-04 02:44:08.268 12467 13744 I art     : Explicit concurrent mark sweep GC freed 5324(269KB) AllocSpace objects, 3(200KB) LOS objects, 7% free, 190MB/206MB, paused 1.561ms total 56.641ms
08-04 02:44:08.279 12467 15368 I NAPPA_EXPERIMENTATION: MetricNetworkRequestExecutionTime: REQUEST_DURATION_SYSTEM='568',REQUEST_DURATION_OKHTTP='38',REQUEST_SYNCHRONOUS='FALSE',RESPONSE_CODE='200',RESPONSE_METHOD='GET',RESPONSE_LENGTH_OKHTTP='6426',RESPONSE_LENGTH_HEADER='6426',REQUEST_PROTOCOL='http/1.1',REQUEST_URL='https://project-travel-mate.herokuapp.com/api/get-upcoming-holidays/2020',
08-04 02:44:08.288 12467 13744 I art     : Starting a blocking GC Explicit
08-04 02:44:08.294 12467 15369 I NAPPA_EXPERIMENTATION: MetricNetworkRequestExecutionTime: REQUEST_DURATION_SYSTEM='581',REQUEST_DURATION_OKHTTP='51',REQUEST_SYNCHRONOUS='FALSE',RESPONSE_CODE='200',RESPONSE_METHOD='GET',RESPONSE_LENGTH_OKHTTP='6426',RESPONSE_LENGTH_HEADER='6426',REQUEST_PROTOCOL='http/1.1',REQUEST_URL='https://project-travel-mate.herokuapp.com/api/get-upcoming-holidays/2020',
08-04 02:44:08.343 12467 13744 I art     : Explicit concurrent mark sweep GC freed 2229(256KB) AllocSpace objects, 6(248KB) LOS objects, 7% free, 189MB/205MB, paused 1.763ms total 55.072ms
08-04 02:44:08.362 12467 13744 I art     : Starting a blocking GC Explicit
08-04 02:44:08.382 12467 12467 V Response: [{"month":"January","date":1,"day":"Wednesday","name":"New Year's Day","type":"Restricted"},{"month":"January","date":2,"day":"Thursday","name":"Guru Govind Singh Jayanti","type":"Restricted"},{"month":"January","date":14,"day":"Tuesday","name":"Lohri","type":"Restricted"},{"month":"January","date":15,"day":"Wednesday","name":"Pongal","type":"Restricted"},{"month":"January","date":15,"day":"Wednesday","name":"Makar Sankranti","type":"Restricted"},{"month":"January","date":25,"day":"Saturday","name":"Chinese New Year","type":"Observance"},{"month":"January","date":26,"day":"Sunday","name":"Republic Day","type":"Gazetted"},{"month":"January","date":30,"day":"Thursday","name":"Vasant Panchami","type":"Restricted"},{"month":"February","date":9,"day":"Sunday","name":"Guru Ravidas Jayanti","type":"Restricted"},{"month":"February","date":14,"day":"Friday","name":"Valentine's Day","type":"Observance"},{"month":"February","date":18,"day":"Tuesday","name":"Maharishi Dayanand Saraswati Jayanti","type":"Restricted"},{"month":"February","date":19,"day":"Wednesday","name":"Shivaji Jayanti","type":"Restricted"},{"month":"February","date":21,"day":"Friday","name":"Maha Shivaratri/Shivaratri","type":"Gazetted"},{"month":"March","date":9,"day":"Monday","name":"Holika Dahana","type":"Restricted"},{"month":"March","date":9,"day":"Monday","name":"Hazarat Ali's Birthday","type":"Restricted"},{"month":"March","date":10,"day":"Tuesday","name":"Holi","type":"Gazetted"},{"month":"March","date":20,"day":"Friday","name":"March Equinox","type":"Season"},{"month":"March","date":25,"day":"Wednesday","name":"Chaitra Sukhladi","type":"Restricted"},{"month":"April","date":2,"day":"Thursday","name":"Rama Navami","type":"Gazetted"},{"month":"April","date":6,"day":"Monday","name":"Mahavir Jayanti","type":"Gazetted"},{"month":"April","date":9,"day":"Thursday","name":"First day of Passover","type":"Observance"},{"month":"April","date":9,"day":"Thursday","name":"Maundy Thursday","type":"Observance,"},{"month":"April","date":10,"day":"Friday","name":"Good Friday","type":"Gazetted"},{"month":"April","date":12,"day":"Sunday","name":"Easter Day","type":"Restricted"},{"month":"April","date":13,"day":"Monday","name":"Vaisakhi","type":"Restricted"},{"month":"April","date":14,"day":"Tuesday","name":"Mesadi/Vaisakhadi","type":"Restricted"},{"month":"April","date":14,"day":"Tuesday","name":"Ambedkar Jayanti","type":"Central"},{"month":"May","date":1,"day":"Friday","name":"May Day","type":"Observance"},{"month":"May","date":7,"day":"Thursday","name":"Buddha Purnima/Vesak","type":"Gazetted"},{"month":"May","date":7,"day":"Thursday","name":"Birthday of Ravindranath","type":"Restricted"},{"month":"May","date":10,"day":"Sunday","name":"Mother's Day","type":"Observance"},{"month":"May","date":22,"day":"Friday","name":"Jamat Ul-Vida","type":"Restricted"},{"month":"May","date":25,"day":"Monday","name":"Ramzan Id/Eid-ul-Fitar","type":"Gazetted"},{"month":"May","date":25,"day":"Monday","name":"Ramzan Id/Eid-ul-Fitar","type":"Muslim,"},{"month":"June","date":21,"day":"Sunday","name":"June Solstice","type":"Season"},{"month":"June","date":21,"day":"Sunday","name":"Father's Day","type":"Observance"},{"month":"June","date":23,"day":"Tuesday","name":"Rath Yatra","type":"Restricted"},{"month":"July","date":5,"day":"Sunday","name":"Guru Purnima","type":"Observance"},{"month":"July","date":31,"day":"Friday","name":"Bakr Id/Eid ul-Adha","type":"Gazetted"},{"month":"August","date":2,"day":"Sunday","name":"Friendship Day","type":"Observance"},{"month":"August","date":3,"day":"Monday","name":"Raksha Bandhan (Rakhi)","type":"Restricted"},{"month":"August","date":11,"day":"Tuesday","name":"Janmashtami (Smarta)","type":"Restricted"},{"month":"August","date":12,"day":"Wednesday","name":"Janmashtami","type":"Gazetted"},{"month":"August","date":15,"day":"Saturday","name":"Independence Day","type":"Gazetted"},{"month":"August","date":16,"day":"Sunday","name":"Parsi New Year","type":"Restricted"},{"month":"August","date":22,"day":"Saturday","name":"Ganesh Chaturthi/Vin
08-04 02:44:08.389 12467 12467 V Response: [{"month":"January","date":1,"day":"Wednesday","name":"New Year's Day","type":"Restricted"},{"month":"January","date":2,"day":"Thursday","name":"Guru Govind Singh Jayanti","type":"Restricted"},{"month":"January","date":14,"day":"Tuesday","name":"Lohri","type":"Restricted"},{"month":"January","date":15,"day":"Wednesday","name":"Pongal","type":"Restricted"},{"month":"January","date":15,"day":"Wednesday","name":"Makar Sankranti","type":"Restricted"},{"month":"January","date":25,"day":"Saturday","name":"Chinese New Year","type":"Observance"},{"month":"January","date":26,"day":"Sunday","name":"Republic Day","type":"Gazetted"},{"month":"January","date":30,"day":"Thursday","name":"Vasant Panchami","type":"Restricted"},{"month":"February","date":9,"day":"Sunday","name":"Guru Ravidas Jayanti","type":"Restricted"},{"month":"February","date":14,"day":"Friday","name":"Valentine's Day","type":"Observance"},{"month":"February","date":18,"day":"Tuesday","name":"Maharishi Dayanand Saraswati Jayanti","type":"Restricted"},{"month":"February","date":19,"day":"Wednesday","name":"Shivaji Jayanti","type":"Restricted"},{"month":"February","date":21,"day":"Friday","name":"Maha Shivaratri/Shivaratri","type":"Gazetted"},{"month":"March","date":9,"day":"Monday","name":"Holika Dahana","type":"Restricted"},{"month":"March","date":9,"day":"Monday","name":"Hazarat Ali's Birthday","type":"Restricted"},{"month":"March","date":10,"day":"Tuesday","name":"Holi","type":"Gazetted"},{"month":"March","date":20,"day":"Friday","name":"March Equinox","type":"Season"},{"month":"March","date":25,"day":"Wednesday","name":"Chaitra Sukhladi","type":"Restricted"},{"month":"April","date":2,"day":"Thursday","name":"Rama Navami","type":"Gazetted"},{"month":"April","date":6,"day":"Monday","name":"Mahavir Jayanti","type":"Gazetted"},{"month":"April","date":9,"day":"Thursday","name":"First day of Passover","type":"Observance"},{"month":"April","date":9,"day":"Thursday","name":"Maundy Thursday","type":"Observance,"},{"month":"April","date":10,"day":"Friday","name":"Good Friday","type":"Gazetted"},{"month":"April","date":12,"day":"Sunday","name":"Easter Day","type":"Restricted"},{"month":"April","date":13,"day":"Monday","name":"Vaisakhi","type":"Restricted"},{"month":"April","date":14,"day":"Tuesday","name":"Mesadi/Vaisakhadi","type":"Restricted"},{"month":"April","date":14,"day":"Tuesday","name":"Ambedkar Jayanti","type":"Central"},{"month":"May","date":1,"day":"Friday","name":"May Day","type":"Observance"},{"month":"May","date":7,"day":"Thursday","name":"Buddha Purnima/Vesak","type":"Gazetted"},{"month":"May","date":7,"day":"Thursday","name":"Birthday of Ravindranath","type":"Restricted"},{"month":"May","date":10,"day":"Sunday","name":"Mother's Day","type":"Observance"},{"month":"May","date":22,"day":"Friday","name":"Jamat Ul-Vida","type":"Restricted"},{"month":"May","date":25,"day":"Monday","name":"Ramzan Id/Eid-ul-Fitar","type":"Gazetted"},{"month":"May","date":25,"day":"Monday","name":"Ramzan Id/Eid-ul-Fitar","type":"Muslim,"},{"month":"June","date":21,"day":"Sunday","name":"June Solstice","type":"Season"},{"month":"June","date":21,"day":"Sunday","name":"Father's Day","type":"Observance"},{"month":"June","date":23,"day":"Tuesday","name":"Rath Yatra","type":"Restricted"},{"month":"July","date":5,"day":"Sunday","name":"Guru Purnima","type":"Observance"},{"month":"July","date":31,"day":"Friday","name":"Bakr Id/Eid ul-Adha","type":"Gazetted"},{"month":"August","date":2,"day":"Sunday","name":"Friendship Day","type":"Observance"},{"month":"August","date":3,"day":"Monday","name":"Raksha Bandhan (Rakhi)","type":"Restricted"},{"month":"August","date":11,"day":"Tuesday","name":"Janmashtami (Smarta)","type":"Restricted"},{"month":"August","date":12,"day":"Wednesday","name":"Janmashtami","type":"Gazetted"},{"month":"August","date":15,"day":"Saturday","name":"Independence Day","type":"Gazetted"},{"month":"August","date":16,"day":"Sunday","name":"Parsi New Year","type":"Restricted"},{"month":"August","date":22,"day":"Saturday","name":"Ganesh Chaturthi/Vin
08-04 02:44:08.419 12467 13744 I art     : Explicit concurrent mark sweep GC freed 7089(257KB) AllocSpace objects, 0(0B) LOS objects, 7% free, 189MB/205MB, paused 2.219ms total 56.799ms
08-04 02:44:08.438 12467 13744 I art     : Starting a blocking GC Explicit
08-04 02:44:08.498 12467 13744 I art     : Explicit concurrent mark sweep GC freed 2405(86KB) AllocSpace objects, 0(0B) LOS objects, 7% free, 190MB/206MB, paused 1.629ms total 60.034ms
08-04 02:44:08.911 12467 12479 I art     : Starting a blocking GC Explicit
08-04 02:44:08.977 12467 12479 I art     : Explicit concurrent mark sweep GC freed 2522(112KB) AllocSpace objects, 3(4MB) LOS objects, 7% free, 186MB/202MB, paused 1.451ms total 65.858ms
08-04 02:44:09.002 12467 12479 I art     : Starting a blocking GC Explicit
08-04 02:44:09.063 12467 12479 I art     : Explicit concurrent mark sweep GC freed 170(4KB) AllocSpace objects, 0(0B) LOS objects, 7% free, 186MB/202MB, paused 1.430ms total 60.731ms
08-04 02:44:09.083 12467 12479 I art     : Starting a blocking GC Explicit
08-04 02:44:09.145 12467 12479 I art     : Explicit concurrent mark sweep GC freed 122(2064B) AllocSpace objects, 0(0B) LOS objects, 7% free, 186MB/202MB, paused 1.458ms total 61.845ms
08-04 02:44:09.165 12467 12479 I art     : Starting a blocking GC Explicit
08-04 02:44:09.227 12467 12479 I art     : Explicit concurrent mark sweep GC freed 124(2128B) AllocSpace objects, 0(0B) LOS objects, 7% free, 186MB/202MB, paused 1.444ms total 61.788ms
08-04 02:44:09.247 12467 12479 I art     : Starting a blocking GC Explicit
08-04 02:44:09.308 12467 12479 I art     : Explicit concurrent mark sweep GC freed 123(2096B) AllocSpace objects, 0(0B) LOS objects, 7% free, 186MB/202MB, paused 1.394ms total 60.737ms
08-04 02:44:09.730 12467 12480 I art     : Starting a blocking GC Explicit
08-04 02:44:09.793 12467 12480 I art     : Explicit concurrent mark sweep GC freed 2319(104KB) AllocSpace objects, 2(48KB) LOS objects, 7% free, 186MB/202MB, paused 1.477ms total 62.640ms
08-04 02:44:09.814 12467 12480 I art     : Starting a blocking GC Explicit
08-04 02:44:09.882 12467 12480 I art     : Explicit concurrent mark sweep GC freed 148(3024B) AllocSpace objects, 0(0B) LOS objects, 7% free, 186MB/202MB, paused 1.472ms total 67.791ms
08-04 02:44:09.905 12467 12480 I art     : Starting a blocking GC Explicit
08-04 02:44:09.974 12467 12480 I art     : Explicit concurrent mark sweep GC freed 128(2176B) AllocSpace objects, 0(0B) LOS objects, 7% free, 186MB/202MB, paused 1.652ms total 68.358ms
08-04 02:44:09.994 12467 12480 I art     : Starting a blocking GC Explicit
08-04 02:44:10.062 12467 12480 I art     : Explicit concurrent mark sweep GC freed 142(2416B) AllocSpace objects, 0(0B) LOS objects, 7% free, 186MB/202MB, paused 1.565ms total 67.998ms
08-04 02:44:10.083 12467 12480 I art     : Starting a blocking GC Explicit
08-04 02:44:10.152 12467 12480 I art     : Explicit concurrent mark sweep GC freed 134(2720B) AllocSpace objects, 0(0B) LOS objects, 7% free, 186MB/202MB, paused 1.439ms total 68.430ms
08-04 02:44:10.566 12467 12526 I art     : Starting a blocking GC Explicit
08-04 02:44:10.636 12467 12526 I art     : Explicit concurrent mark sweep GC freed 2330(105KB) AllocSpace objects, 2(48KB) LOS objects, 7% free, 186MB/202MB, paused 1.471ms total 69.045ms
08-04 02:44:10.656 12467 12526 I art     : Starting a blocking GC Explicit
08-04 02:44:10.725 12467 12526 I art     : Explicit concurrent mark sweep GC freed 171(3KB) AllocSpace objects, 0(0B) LOS objects, 7% free, 186MB/202MB, paused 1.572ms total 68.570ms
08-04 02:44:10.746 12467 12526 I art     : Starting a blocking GC Explicit
08-04 02:44:10.816 12467 12526 I art     : Explicit concurrent mark sweep GC freed 124(2128B) AllocSpace objects, 0(0B) LOS objects, 7% free, 186MB/202MB, paused 1.552ms total 69.898ms
08-04 02:44:10.837 12467 12526 I art     : Starting a blocking GC Explicit
08-04 02:44:10.905 12467 12526 I art     : Explicit concurrent mark sweep GC freed 125(2128B) AllocSpace objects, 0(0B) LOS objects, 7% free, 186MB/202MB, paused 1.732ms total 68.142ms
08-04 02:44:10.906 12467 12478 I art     : WaitForGcToComplete blocked for 68.489ms for cause HeapTrim
08-04 02:44:10.926 12467 12526 I art     : Starting a blocking GC Explicit
08-04 02:44:10.996 12467 12526 I art     : Explicit concurrent mark sweep GC freed 146(2496B) AllocSpace objects, 0(0B) LOS objects, 7% free, 186MB/202MB, paused 1.543ms total 69.336ms
08-04 02:44:11.457 12467 12525 I art     : Starting a blocking GC Explicit
08-04 02:44:11.527 12467 12525 I art     : Explicit concurrent mark sweep GC freed 2353(104KB) AllocSpace objects, 2(48KB) LOS objects, 7% free, 186MB/202MB, paused 1.559ms total 69.119ms
08-04 02:44:11.548 12467 12525 I art     : Starting a blocking GC Explicit
08-04 02:44:11.619 12467 12525 I art     : Explicit concurrent mark sweep GC freed 186(3KB) AllocSpace objects, 0(0B) LOS objects, 7% free, 186MB/202MB, paused 1.469ms total 70.799ms
08-04 02:44:11.639 12467 12525 I art     : Starting a blocking GC Explicit
08-04 02:44:11.710 12467 12525 I art     : Explicit concurrent mark sweep GC freed 133(2256B) AllocSpace objects, 0(0B) LOS objects, 7% free, 186MB/202MB, paused 1.709ms total 70.148ms
08-04 02:44:11.731 12467 12525 I art     : Starting a blocking GC Explicit
08-04 02:44:11.800 12467 12525 I art     : Explicit concurrent mark sweep GC freed 137(2336B) AllocSpace objects, 0(0B) LOS objects, 7% free, 186MB/202MB, paused 1.512ms total 69.197ms
08-04 02:44:11.821 12467 12525 I art     : Starting a blocking GC Explicit
08-04 02:44:11.891 12467 12525 I art     : Explicit concurrent mark sweep GC freed 142(2848B) AllocSpace objects, 0(0B) LOS objects, 7% free, 186MB/202MB, paused 1.718ms total 69.879ms
08-04 02:44:12.307 12467 13744 I art     : Starting a blocking GC Explicit
08-04 02:44:12.374 12467 13744 I art     : Explicit concurrent mark sweep GC freed 2288(103KB) AllocSpace objects, 2(48KB) LOS objects, 7% free, 186MB/202MB, paused 1.687ms total 66.291ms
08-04 02:44:12.394 12467 13744 I art     : Starting a blocking GC Explicit
08-04 02:44:12.459 15422 15422 D AndroidRuntime: >>>>>> START com.android.internal.os.RuntimeInit uid 2000 <<<<<<
08-04 02:44:12.460 12467 13744 I art     : Explicit concurrent mark sweep GC freed 158(3KB) AllocSpace objects, 0(0B) LOS objects, 7% free, 186MB/202MB, paused 1.739ms total 65.170ms
08-04 02:44:12.465 15422 15422 D AndroidRuntime: CheckJNI is OFF
08-04 02:44:12.480 12467 13744 I art     : Starting a blocking GC Explicit
08-04 02:44:12.511 15422 15422 D ICU     : No timezone override file found: /data/misc/zoneinfo/current/icu/icu_tzdata.dat
08-04 02:44:12.543 12467 13744 I art     : Explicit concurrent mark sweep GC freed 133(2256B) AllocSpace objects, 0(0B) LOS objects, 7% free, 186MB/202MB, paused 1.578ms total 62.689ms
08-04 02:44:12.558 15422 15422 I Radio-JNI: register_android_hardware_Radio DONE
08-04 02:44:12.563 12467 13744 I art     : Starting a blocking GC Explicit
08-04 02:44:12.588 15422 15422 D AndroidRuntime: Calling main entry com.android.commands.input.Input
08-04 02:44:12.589 15422 15422 I Input   : injectKeyEvent: KeyEvent { action=ACTION_DOWN, keyCode=KEYCODE_BACK, scanCode=0, metaState=0, flags=0x0, repeatCount=0, eventTime=672269002, downTime=672269002, deviceId=-1, source=0x101 }
08-04 02:44:12.598 15422 15422 I Input   : injectKeyEvent: KeyEvent { action=ACTION_UP, keyCode=KEYCODE_BACK, scanCode=0, metaState=0, flags=0x0, repeatCount=0, eventTime=672269002, downTime=672269002, deviceId=-1, source=0x101 }
08-04 02:44:12.606 15422 15422 D AndroidRuntime: Shutting down VM
08-04 02:44:12.621 12467 12467 V MainActivity: url = https://project-travel-mate.herokuapp.com/api/number-of-unread-notifications
08-04 02:44:12.625 12467 13744 I art     : Explicit concurrent mark sweep GC freed 327(9KB) AllocSpace objects, 0(0B) LOS objects, 7% free, 186MB/202MB, paused 1.857ms total 61.533ms
08-04 02:44:12.645 12467 13744 I art     : Starting a blocking GC Explicit
08-04 02:44:12.654 13866 13866 I GoogleInputMethodServic: GoogleInputMethodService.onFinishInput():3138 
08-04 02:44:12.655 13866 13866 I GoogleInputMethodServic: GoogleInputMethodService.onStartInput():1808 
08-04 02:44:12.706 12467 13744 I art     : Explicit concurrent mark sweep GC freed 281(10KB) AllocSpace objects, 0(0B) LOS objects, 7% free, 186MB/202MB, paused 1.598ms total 60.795ms
08-04 02:44:13.004   380   380 W SurfaceFlinger: couldn't log to binary event log: overflow.
08-04 02:44:13.113 12467 12479 I art     : Starting a blocking GC Explicit
08-04 02:44:13.183 12467 12479 I art     : Explicit concurrent mark sweep GC freed 4772(241KB) AllocSpace objects, 6(436KB) LOS objects, 7% free, 186MB/202MB, paused 1.902ms total 69.286ms
08-04 02:44:13.187 12467 15445 I NAPPA_EXPERIMENTATION: MetricNetworkRequestExecutionTime: REQUEST_DURATION_SYSTEM='562',REQUEST_DURATION_OKHTTP='31',REQUEST_SYNCHRONOUS='FALSE',RESPONSE_CODE='200',RESPONSE_METHOD='GET',RESPONSE_LENGTH_OKHTTP='36',RESPONSE_LENGTH_HEADER='36',REQUEST_PROTOCOL='http/1.1',REQUEST_URL='https://project-travel-mate.herokuapp.com/api/number-of-unread-notifications',
08-04 02:44:13.203 12467 12479 I art     : Starting a blocking GC Explicit
08-04 02:44:13.261 12467 12479 I art     : Explicit concurrent mark sweep GC freed 7740(489KB) AllocSpace objects, 13(264KB) LOS objects, 7% free, 185MB/201MB, paused 1.503ms total 58.412ms
08-04 02:44:13.281 12467 12479 I art     : Starting a blocking GC Explicit
08-04 02:44:13.343 12467 12479 I art     : Explicit concurrent mark sweep GC freed 98(4KB) AllocSpace objects, 0(0B) LOS objects, 7% free, 185MB/201MB, paused 1.522ms total 62.228ms
08-04 02:44:13.364 12467 12479 I art     : Starting a blocking GC Explicit
08-04 02:44:13.427 12467 12479 I art     : Explicit concurrent mark sweep GC freed 3(96B) AllocSpace objects, 0(0B) LOS objects, 7% free, 185MB/201MB, paused 1.521ms total 62.864ms
08-04 02:44:13.447 12467 12479 I art     : Starting a blocking GC Explicit
08-04 02:44:13.515 12467 12479 I art     : Explicit concurrent mark sweep GC freed 3(96B) AllocSpace objects, 0(0B) LOS objects, 7% free, 185MB/201MB, paused 1.801ms total 67.607ms
08-04 02:44:13.640   918  3188 I hubconnection: sensorhub said: 'set_bias 3: -5.7120, 0.0000, 0.0000'
08-04 02:44:13.944 12467 12480 I art     : Starting a blocking GC Explicit
08-04 02:44:14.010 12467 12480 I art     : Explicit concurrent mark sweep GC freed 1623(93KB) AllocSpace objects, 2(48KB) LOS objects, 7% free, 185MB/201MB, paused 1.527ms total 65.451ms
08-04 02:44:14.029 12467 12480 I art     : Starting a blocking GC Explicit
08-04 02:44:14.090 12467 12480 I art     : Explicit concurrent mark sweep GC freed 28(1024B) AllocSpace objects, 0(0B) LOS objects, 7% free, 185MB/201MB, paused 1.582ms total 60.185ms
08-04 02:44:14.110 12467 12480 I art     : Starting a blocking GC Explicit
08-04 02:44:14.170 12467 12480 I art     : Explicit concurrent mark sweep GC freed 3(96B) AllocSpace objects, 0(0B) LOS objects, 7% free, 185MB/201MB, paused 1.587ms total 59.934ms
08-04 02:44:14.190 12467 12480 I art     : Starting a blocking GC Explicit
08-04 02:44:14.251 12467 12480 I art     : Explicit concurrent mark sweep GC freed 8(256B) AllocSpace objects, 0(0B) LOS objects, 7% free, 185MB/201MB, paused 1.466ms total 61.208ms
08-04 02:44:14.272 12467 12480 I art     : Starting a blocking GC Explicit
08-04 02:44:14.330 12467 12480 I art     : Explicit concurrent mark sweep GC freed 28(1280B) AllocSpace objects, 0(0B) LOS objects, 7% free, 185MB/201MB, paused 1.476ms total 57.888ms
08-04 02:44:14.367   918  3261 D WifiStateMachine: starting scan for "H369AA63323"WPA_PSK with 2412,5180
08-04 02:44:14.393 15468 15468 D AndroidRuntime: >>>>>> START com.android.internal.os.RuntimeInit uid 2000 <<<<<<
08-04 02:44:14.398 15468 15468 D AndroidRuntime: CheckJNI is OFF
08-04 02:44:14.442 15468 15468 D ICU     : No timezone override file found: /data/misc/zoneinfo/current/icu/icu_tzdata.dat
08-04 02:44:14.483 15468 15468 I Radio-JNI: register_android_hardware_Radio DONE
08-04 02:44:14.511 15468 15468 D AndroidRuntime: Calling main entry com.android.commands.input.Input
08-04 02:44:14.513 15468 15468 I Input   : injectMotionEvent: MotionEvent { action=ACTION_DOWN, actionButton=0, id[0]=0, x[0]=117.0, y[0]=170.0, toolType[0]=TOOL_TYPE_UNKNOWN, buttonState=0, metaState=0, flags=0x0, edgeFlags=0x0, pointerCount=1, historySize=0, eventTime=672270925, downTime=672270925, deviceId=0, source=0x1002 }
08-04 02:44:14.519 15468 15468 I Input   : injectMotionEvent: MotionEvent { action=ACTION_UP, actionButton=0, id[0]=0, x[0]=117.0, y[0]=170.0, toolType[0]=TOOL_TYPE_UNKNOWN, buttonState=0, metaState=0, flags=0x0, edgeFlags=0x0, pointerCount=1, historySize=0, eventTime=672270925, downTime=672270925, deviceId=0, source=0x1002 }
08-04 02:44:14.562 15468 15468 D AndroidRuntime: Shutting down VM
08-04 02:44:14.601   512  2967 D audio_hw_primary: out_set_parameters: enter: usecase(1: low-latency-playback) kvpairs: routing=2
08-04 02:44:14.615   512  2967 D audio_hw_primary: select_devices: out_snd_device(2: speaker) in_snd_device(0: none)
08-04 02:44:14.615   512  2967 D msm8974_platform: platform_send_audio_calibration: sending audio calibration for snd_device(2) acdb_id(15)
08-04 02:44:14.615   512  2967 I soundtrigger: audio_extn_sound_trigger_update_device_status: device 0x2 of type 0 for Event 1
08-04 02:44:14.624   512  2967 D audio_hw_primary: enable_snd_device: snd_device(2: speaker)
08-04 02:44:14.627   512  2967 D audio_hw_primary: enable_audio_route: apply and update mixer path: low-latency-playback speaker
08-04 02:44:14.737 12467 12480 I art     : Starting a blocking GC Explicit
08-04 02:44:14.792 12467 12480 I art     : Explicit concurrent mark sweep GC freed 2084(115KB) AllocSpace objects, 2(48KB) LOS objects, 7% free, 185MB/201MB, paused 1.420ms total 54.263ms
08-04 02:44:14.811 12467 12480 I art     : Starting a blocking GC Explicit
08-04 02:44:14.867 12467 12480 I art     : Explicit concurrent mark sweep GC freed 52(2112B) AllocSpace objects, 0(0B) LOS objects, 7% free, 185MB/201MB, paused 1.451ms total 55.226ms
08-04 02:44:14.886 12467 12480 I art     : Starting a blocking GC Explicit
08-04 02:44:14.941 12467 12480 I art     : Explicit concurrent mark sweep GC freed 14(720B) AllocSpace objects, 0(0B) LOS objects, 7% free, 185MB/201MB, paused 1.433ms total 54.620ms
08-04 02:44:14.960 12467 12480 I art     : Starting a blocking GC Explicit
08-04 02:44:15.015 12467 12480 I art     : Explicit concurrent mark sweep GC freed 16(736B) AllocSpace objects, 0(0B) LOS objects, 7% free, 185MB/201MB, paused 1.369ms total 54.769ms
08-04 02:44:15.035 12467 12480 I art     : Starting a blocking GC Explicit
08-04 02:44:15.084 12467 12480 I art     : Explicit concurrent mark sweep GC freed 11(384B) AllocSpace objects, 0(0B) LOS objects, 7% free, 185MB/201MB, paused 1.424ms total 49.415ms
08-04 02:44:15.169   512  2967 D audio_hw_primary: disable_audio_route: reset and update mixer path: low-latency-playback speaker
08-04 02:44:15.170   512  2967 D audio_hw_primary: disable_snd_device: snd_device(2: speaker)
08-04 02:44:15.178   512  2967 I soundtrigger: audio_extn_sound_trigger_update_device_status: device 0x2 of type 0 for Event 0
08-04 02:44:15.284 15491 15491 D AndroidRuntime: >>>>>> START com.android.internal.os.RuntimeInit uid 2000 <<<<<<
08-04 02:44:15.290 15491 15491 D AndroidRuntime: CheckJNI is OFF
08-04 02:44:15.330 15491 15491 D ICU     : No timezone override file found: /data/misc/zoneinfo/current/icu/icu_tzdata.dat
08-04 02:44:15.372 15491 15491 I Radio-JNI: register_android_hardware_Radio DONE
08-04 02:44:15.401 15491 15491 D AndroidRuntime: Calling main entry com.android.commands.input.Input
08-04 02:44:15.403 15491 15491 I Input   : injectMotionEvent: MotionEvent { action=ACTION_DOWN, actionButton=0, id[0]=0, x[0]=405.0, y[0]=661.0, toolType[0]=TOOL_TYPE_UNKNOWN, buttonState=0, metaState=0, flags=0x0, edgeFlags=0x0, pointerCount=1, historySize=0, eventTime=672271815, downTime=672271815, deviceId=0, source=0x1002 }
08-04 02:44:15.407 15491 15491 I Input   : injectMotionEvent: MotionEvent { action=ACTION_UP, actionButton=0, id[0]=0, x[0]=405.0, y[0]=661.0, toolType[0]=TOOL_TYPE_UNKNOWN, buttonState=0, metaState=0, flags=0x0, edgeFlags=0x0, pointerCount=1, historySize=0, eventTime=672271815, downTime=672271815, deviceId=0, source=0x1002 }
08-04 02:44:15.410 15491 15491 D AndroidRuntime: Shutting down VM
08-04 02:44:15.432   512  2967 D audio_hw_primary: out_set_parameters: enter: usecase(1: low-latency-playback) kvpairs: routing=2
08-04 02:44:15.446   512  2967 D audio_hw_primary: select_devices: out_snd_device(2: speaker) in_snd_device(0: none)
08-04 02:44:15.446   512  2967 D msm8974_platform: platform_send_audio_calibration: sending audio calibration for snd_device(2) acdb_id(15)
08-04 02:44:15.446   512  2967 I soundtrigger: audio_extn_sound_trigger_update_device_status: device 0x2 of type 0 for Event 1
08-04 02:44:15.456   512  2967 D audio_hw_primary: enable_snd_device: snd_device(2: speaker)
08-04 02:44:15.458   512  2967 D audio_hw_primary: enable_audio_route: apply and update mixer path: low-latency-playback speaker
08-04 02:44:15.493 12467 12526 I art     : Starting a blocking GC Explicit
08-04 02:44:15.502   512  2967 D AudioFlinger: mixer(0xf4740000) throttle end: throttle time(12)
08-04 02:44:15.553 12467 12526 I art     : Explicit concurrent mark sweep GC freed 3534(162KB) AllocSpace objects, 2(48KB) LOS objects, 7% free, 185MB/201MB, paused 1.552ms total 59.556ms
08-04 02:44:15.572 12467 12526 I art     : Starting a blocking GC Explicit
08-04 02:44:15.627 12467 12526 I art     : Explicit concurrent mark sweep GC freed 977(53KB) AllocSpace objects, 0(0B) LOS objects, 7% free, 185MB/201MB, paused 1.593ms total 55.112ms
08-04 02:44:15.646 12467 12526 I art     : Starting a blocking GC Explicit
08-04 02:44:15.701 12467 12526 I art     : Explicit concurrent mark sweep GC freed 11(288B) AllocSpace objects, 9(252KB) LOS objects, 7% free, 185MB/201MB, paused 1.306ms total 54.757ms
08-04 02:44:15.721 12467 12526 I art     : Starting a blocking GC Explicit
08-04 02:44:15.780 12467 12526 I art     : Explicit concurrent mark sweep GC freed 3(96B) AllocSpace objects, 0(0B) LOS objects, 7% free, 185MB/201MB, paused 1.447ms total 58.589ms
08-04 02:44:15.800 12467 12526 I art     : Starting a blocking GC Explicit
08-04 02:44:15.858 12467 12526 I art     : Explicit concurrent mark sweep GC freed 25(800B) AllocSpace objects, 0(0B) LOS objects, 7% free, 185MB/201MB, paused 1.567ms total 57.383ms
08-04 02:44:16.001   512  2967 D audio_hw_primary: disable_audio_route: reset and update mixer path: low-latency-playback speaker
08-04 02:44:16.004   512  2967 D audio_hw_primary: disable_snd_device: snd_device(2: speaker)
08-04 02:44:16.012   512  2967 I soundtrigger: audio_extn_sound_trigger_update_device_status: device 0x2 of type 0 for Event 0
08-04 02:44:16.279 12467 13744 I art     : Starting a blocking GC Explicit
08-04 02:44:16.352 12467 13744 I art     : Explicit concurrent mark sweep GC freed 1600(92KB) AllocSpace objects, 2(48KB) LOS objects, 7% free, 185MB/201MB, paused 1.475ms total 72.820ms
08-04 02:44:16.372 12467 13744 I art     : Starting a blocking GC Explicit
08-04 02:44:16.439 12467 13744 I art     : Explicit concurrent mark sweep GC freed 49(2320B) AllocSpace objects, 0(0B) LOS objects, 7% free, 185MB/201MB, paused 1.673ms total 66.658ms
08-04 02:44:16.462 12467 13744 I art     : Starting a blocking GC Explicit
08-04 02:44:16.526 12467 13744 I art     : Explicit concurrent mark sweep GC freed 3(96B) AllocSpace objects, 0(0B) LOS objects, 7% free, 185MB/201MB, paused 1.490ms total 63.343ms
08-04 02:44:16.546 12467 13744 I art     : Starting a blocking GC Explicit
08-04 02:44:16.613 12467 13744 I art     : Explicit concurrent mark sweep GC freed 40(1088B) AllocSpace objects, 0(0B) LOS objects, 7% free, 185MB/201MB, paused 1.606ms total 66.615ms
08-04 02:44:16.636 12467 13744 I art     : Starting a blocking GC Explicit
08-04 02:44:16.706 12467 13744 I art     : Explicit concurrent mark sweep GC freed 3(96B) AllocSpace objects, 0(0B) LOS objects, 7% free, 185MB/201MB, paused 1.567ms total 69.027ms
08-04 02:44:17.140 12467 12479 I art     : Starting a blocking GC Explicit
08-04 02:44:17.223 12467 12479 I art     : Explicit concurrent mark sweep GC freed 1586(92KB) AllocSpace objects, 2(48KB) LOS objects, 7% free, 185MB/201MB, paused 1.675ms total 82.328ms
08-04 02:44:17.248 12467 12479 I art     : Starting a blocking GC Explicit
08-04 02:44:17.320 12467 12479 I art     : Explicit concurrent mark sweep GC freed 28(1024B) AllocSpace objects, 0(0B) LOS objects, 7% free, 185MB/201MB, paused 1.678ms total 71.638ms
08-04 02:44:17.345 12467 12479 I art     : Starting a blocking GC Explicit
08-04 02:44:17.414 12467 12479 I art     : Explicit concurrent mark sweep GC freed 3(96B) AllocSpace objects, 0(0B) LOS objects, 7% free, 185MB/201MB, paused 1.493ms total 68.345ms
08-04 02:44:17.434 12467 12479 I art     : Starting a blocking GC Explicit
08-04 02:44:17.503 12467 12479 I art     : Explicit concurrent mark sweep GC freed 3(96B) AllocSpace objects, 0(0B) LOS objects, 7% free, 185MB/201MB, paused 1.422ms total 69.179ms
08-04 02:44:17.524 12467 12479 I art     : Starting a blocking GC Explicit
08-04 02:44:17.595 12467 12479 I art     : Explicit concurrent mark sweep GC freed 40(1088B) AllocSpace objects, 0(0B) LOS objects, 7% free, 185MB/201MB, paused 1.539ms total 70.608ms
08-04 02:44:17.999 12467 12526 I art     : Starting a blocking GC Explicit
08-04 02:44:18.072 12467 12526 I art     : Explicit concurrent mark sweep GC freed 1598(92KB) AllocSpace objects, 2(48KB) LOS objects, 7% free, 185MB/201MB, paused 1.579ms total 73.385ms
08-04 02:44:18.093 12467 12526 I art     : Starting a blocking GC Explicit
08-04 02:44:18.158 12467 12526 I art     : Explicit concurrent mark sweep GC freed 38(1568B) AllocSpace objects, 0(0B) LOS objects, 7% free, 185MB/201MB, paused 1.637ms total 64.981ms
08-04 02:44:18.178 12467 12526 I art     : Starting a blocking GC Explicit
08-04 02:44:18.233 15534 15534 D AndroidRuntime: >>>>>> START com.android.internal.os.RuntimeInit uid 2000 <<<<<<
08-04 02:44:18.239 15534 15534 D AndroidRuntime: CheckJNI is OFF
08-04 02:44:18.242 12467 12526 I art     : Explicit concurrent mark sweep GC freed 3(96B) AllocSpace objects, 0(0B) LOS objects, 7% free, 185MB/201MB, paused 1.552ms total 63.765ms
08-04 02:44:18.262 12467 12526 I art     : Starting a blocking GC Explicit
08-04 02:44:18.286 15534 15534 D ICU     : No timezone override file found: /data/misc/zoneinfo/current/icu/icu_tzdata.dat
08-04 02:44:18.325 12467 12526 I art     : Explicit concurrent mark sweep GC freed 3(96B) AllocSpace objects, 0(0B) LOS objects, 7% free, 185MB/201MB, paused 1.556ms total 62.414ms
08-04 02:44:18.333 15534 15534 I Radio-JNI: register_android_hardware_Radio DONE
08-04 02:44:18.345 12467 12526 I art     : Starting a blocking GC Explicit
08-04 02:44:18.363 15534 15534 D AndroidRuntime: Calling main entry com.android.commands.input.Input
08-04 02:44:18.365 15534 15534 I Input   : injectMotionEvent: MotionEvent { action=ACTION_DOWN, actionButton=0, id[0]=0, x[0]=1341.0, y[0]=197.0, toolType[0]=TOOL_TYPE_UNKNOWN, buttonState=0, metaState=0, flags=0x0, edgeFlags=0x0, pointerCount=1, historySize=0, eventTime=672274778, downTime=672274778, deviceId=0, source=0x1002 }
08-04 02:44:18.371 15534 15534 I Input   : injectMotionEvent: MotionEvent { action=ACTION_UP, actionButton=0, id[0]=0, x[0]=1341.0, y[0]=197.0, toolType[0]=TOOL_TYPE_UNKNOWN, buttonState=0, metaState=0, flags=0x0, edgeFlags=0x0, pointerCount=1, historySize=0, eventTime=672274778, downTime=672274778, deviceId=0, source=0x1002 }
08-04 02:44:18.373 15534 15534 D AndroidRuntime: Shutting down VM
08-04 02:44:18.379   918  6111 I ActivityManager: START u0 {cmp=baseline.io.github.project_travel_mate/.notifications.NotificationsActivity} from uid 10650 on display 0
08-04 02:44:18.381   512  2967 D audio_hw_primary: out_set_parameters: enter: usecase(1: low-latency-playback) kvpairs: routing=2
08-04 02:44:18.393   512  2967 D audio_hw_primary: select_devices: out_snd_device(2: speaker) in_snd_device(0: none)
08-04 02:44:18.394   512  2967 D msm8974_platform: platform_send_audio_calibration: sending audio calibration for snd_device(2) acdb_id(15)
08-04 02:44:18.394   512  2967 I soundtrigger: audio_extn_sound_trigger_update_device_status: device 0x2 of type 0 for Event 1
08-04 02:44:18.406 12467 12526 I art     : Explicit concurrent mark sweep GC freed 208(10KB) AllocSpace objects, 0(0B) LOS objects, 7% free, 185MB/201MB, paused 1.763ms total 60.810ms
08-04 02:44:18.407   512  2967 D audio_hw_primary: enable_snd_device: snd_device(2: speaker)
08-04 02:44:18.409   512  2967 D audio_hw_primary: enable_audio_route: apply and update mixer path: low-latency-playback speaker
08-04 02:44:18.417 12467 12544 D Gabe    : call	returning from cache
08-04 02:44:18.423 12467 12467 V EXECUTING: https://project-travel-mate.herokuapp.com/api/get-notifications
08-04 02:44:18.426 12467 12467 V EXECUTING: https://project-travel-mate.herokuapp.com/api/get-notifications
08-04 02:44:18.579   918   936 I ActivityManager: Displayed baseline.io.github.project_travel_mate/.notifications.NotificationsActivity: +188ms
08-04 02:44:18.580 13866 13866 I GoogleInputMethodServic: GoogleInputMethodService.onFinishInput():3138 
08-04 02:44:18.584 13866 13866 I GoogleInputMethodServic: GoogleInputMethodService.onStartInput():1808 
08-04 02:44:18.688 12467 12482 D OpenGLRenderer: endAllStagingAnimators on 0x7f773ff800 (RippleDrawable) with handle 0x7f7997f960
08-04 02:44:18.800 12467 12526 I art     : Starting a blocking GC Explicit
08-04 02:44:18.812   380   380 W SurfaceFlinger: couldn't log to binary event log: overflow.
08-04 02:44:18.868 12467 12526 I art     : Explicit concurrent mark sweep GC freed 5337(326KB) AllocSpace objects, 4(168KB) LOS objects, 7% free, 190MB/206MB, paused 1.750ms total 67.437ms
08-04 02:44:18.888 12467 12526 I art     : Starting a blocking GC Explicit
08-04 02:44:18.932 12467 15559 I NAPPA_EXPERIMENTATION: MetricNetworkRequestExecutionTime: REQUEST_DURATION_SYSTEM='505',REQUEST_DURATION_OKHTTP='39',REQUEST_SYNCHRONOUS='FALSE',RESPONSE_CODE='200',RESPONSE_METHOD='GET',RESPONSE_LENGTH_OKHTTP='2',RESPONSE_LENGTH_HEADER='2',REQUEST_PROTOCOL='http/1.1',REQUEST_URL='https://project-travel-mate.herokuapp.com/api/get-notifications',
08-04 02:44:18.939   512  2967 D audio_hw_primary: disable_audio_route: reset and update mixer path: low-latency-playback speaker
08-04 02:44:18.940   512  2967 D audio_hw_primary: disable_snd_device: snd_device(2: speaker)
08-04 02:44:18.943 12467 12526 I art     : Explicit concurrent mark sweep GC freed 4777(232KB) AllocSpace objects, 4(280KB) LOS objects, 7% free, 190MB/206MB, paused 1.505ms total 55.245ms
08-04 02:44:18.948   512  2967 I soundtrigger: audio_extn_sound_trigger_update_device_status: device 0x2 of type 0 for Event 0
08-04 02:44:18.950 12467 15558 I NAPPA_EXPERIMENTATION: MetricNetworkRequestExecutionTime: REQUEST_DURATION_SYSTEM='526',REQUEST_DURATION_OKHTTP='55',REQUEST_SYNCHRONOUS='FALSE',RESPONSE_CODE='200',RESPONSE_METHOD='GET',RESPONSE_LENGTH_OKHTTP='2',RESPONSE_LENGTH_HEADER='2',REQUEST_PROTOCOL='http/1.1',REQUEST_URL='https://project-travel-mate.herokuapp.com/api/get-notifications',
08-04 02:44:18.963 12467 12526 I art     : Starting a blocking GC Explicit
08-04 02:44:19.020 12467 12526 I art     : Explicit concurrent mark sweep GC freed 1671(191KB) AllocSpace objects, 0(0B) LOS objects, 7% free, 190MB/206MB, paused 1.656ms total 56.542ms
08-04 02:44:19.038 12467 12526 I art     : Starting a blocking GC Explicit
08-04 02:44:19.096 12467 12526 I art     : Explicit concurrent mark sweep GC freed 212(6KB) AllocSpace objects, 0(0B) LOS objects, 7% free, 190MB/206MB, paused 1.649ms total 57.012ms
08-04 02:44:19.115 12467 12526 I art     : Starting a blocking GC Explicit
08-04 02:44:19.132 12467 12467 V Response: [] 
08-04 02:44:19.137 12467 12544 D Gabe    : call	returning from cache
08-04 02:44:19.137 12467 12467 V Response: [] 
08-04 02:44:19.141 12467 12544 D Gabe    : call	returning from cache
08-04 02:44:19.173 12467 12526 I art     : Explicit concurrent mark sweep GC freed 717(24KB) AllocSpace objects, 0(0B) LOS objects, 7% free, 190MB/206MB, paused 1.941ms total 56.852ms
08-04 02:44:19.572 12467 13744 I art     : Starting a blocking GC Explicit
08-04 02:44:19.630 12467 13744 I art     : Explicit concurrent mark sweep GC freed 5073(185KB) AllocSpace objects, 3(236KB) LOS objects, 7% free, 190MB/206MB, paused 1.464ms total 58.181ms
08-04 02:44:19.650 12467 13744 I art     : Starting a blocking GC Explicit
08-04 02:44:19.706 12467 13744 I art     : Explicit concurrent mark sweep GC freed 2077(79KB) AllocSpace objects, 0(0B) LOS objects, 7% free, 190MB/206MB, paused 1.597ms total 55.979ms
08-04 02:44:19.725 12467 13744 I art     : Starting a blocking GC Explicit
08-04 02:44:19.777 12467 13744 I art     : Explicit concurrent mark sweep GC freed 304(5KB) AllocSpace objects, 0(0B) LOS objects, 7% free, 190MB/206MB, paused 1.391ms total 51.943ms
08-04 02:44:19.796 12467 13744 I art     : Starting a blocking GC Explicit
08-04 02:44:19.849 12467 13744 I art     : Explicit concurrent mark sweep GC freed 305(4KB) AllocSpace objects, 0(0B) LOS objects, 7% free, 190MB/206MB, paused 1.617ms total 53.461ms
08-04 02:44:19.868 12467 13744 I art     : Starting a blocking GC Explicit
08-04 02:44:19.921 12467 13744 I art     : Explicit concurrent mark sweep GC freed 331(5KB) AllocSpace objects, 0(0B) LOS objects, 7% free, 190MB/206MB, paused 1.473ms total 52.478ms
08-04 02:44:20.319 12467 13744 I art     : Starting a blocking GC Explicit
08-04 02:44:20.376 12467 13744 I art     : Explicit concurrent mark sweep GC freed 3506(123KB) AllocSpace objects, 2(48KB) LOS objects, 7% free, 190MB/206MB, paused 1.334ms total 56.138ms
08-04 02:44:20.395 12467 13744 I art     : Starting a blocking GC Explicit
08-04 02:44:20.451 12467 13744 I art     : Explicit concurrent mark sweep GC freed 342(5KB) AllocSpace objects, 0(0B) LOS objects, 7% free, 190MB/206MB, paused 1.703ms total 56.245ms
08-04 02:44:20.470 12467 13744 I art     : Starting a blocking GC Explicit
08-04 02:44:20.526 12467 13744 I art     : Explicit concurrent mark sweep GC freed 319(5KB) AllocSpace objects, 0(0B) LOS objects, 7% free, 190MB/206MB, paused 1.328ms total 55.977ms
08-04 02:44:20.545 12467 13744 I art     : Starting a blocking GC Explicit
08-04 02:44:20.601 12467 13744 I art     : Explicit concurrent mark sweep GC freed 342(5KB) AllocSpace objects, 0(0B) LOS objects, 7% free, 190MB/206MB, paused 1.690ms total 54.931ms
08-04 02:44:20.619 12467 13744 I art     : Starting a blocking GC Explicit
08-04 02:44:20.674 12467 13744 I art     : Explicit concurrent mark sweep GC freed 331(5KB) AllocSpace objects, 0(0B) LOS objects, 7% free, 190MB/206MB, paused 1.324ms total 54.149ms
08-04 02:44:21.081 12467 12526 I art     : Starting a blocking GC Explicit
08-04 02:44:21.138 12467 12526 I art     : Explicit concurrent mark sweep GC freed 3574(124KB) AllocSpace objects, 2(48KB) LOS objects, 7% free, 190MB/206MB, paused 1.641ms total 56.439ms
08-04 02:44:21.157 12467 12526 I art     : Starting a blocking GC Explicit
08-04 02:44:21.213 12467 12526 I art     : Explicit concurrent mark sweep GC freed 342(6KB) AllocSpace objects, 0(0B) LOS objects, 7% free, 190MB/206MB, paused 1.342ms total 55.376ms
08-04 02:44:21.233 12467 12526 I art     : Starting a blocking GC Explicit
08-04 02:44:21.288 12467 12526 I art     : Explicit concurrent mark sweep GC freed 367(6KB) AllocSpace objects, 0(0B) LOS objects, 7% free, 190MB/206MB, paused 1.457ms total 54.840ms
08-04 02:44:21.307 12467 12526 I art     : Starting a blocking GC Explicit
08-04 02:44:21.360 12467 12526 I art     : Explicit concurrent mark sweep GC freed 283(4KB) AllocSpace objects, 0(0B) LOS objects, 7% free, 190MB/206MB, paused 1.300ms total 53.280ms
08-04 02:44:21.361 12467 12478 I art     : WaitForGcToComplete blocked for 8.354ms for cause HeapTrim
08-04 02:44:21.379 12467 12526 I art     : Starting a blocking GC Explicit
08-04 02:44:21.435 12467 12526 I art     : Explicit concurrent mark sweep GC freed 311(4KB) AllocSpace objects, 0(0B) LOS objects, 7% free, 190MB/206MB, paused 1.647ms total 55.672ms
08-04 02:44:21.848 12467 12479 I art     : Starting a blocking GC Explicit
08-04 02:44:21.906 12467 12479 I art     : Explicit concurrent mark sweep GC freed 3625(124KB) AllocSpace objects, 2(48KB) LOS objects, 7% free, 190MB/206MB, paused 1.571ms total 57.770ms
08-04 02:44:21.925 12467 12479 I art     : Starting a blocking GC Explicit
08-04 02:44:21.979 12467 12479 I art     : Explicit concurrent mark sweep GC freed 308(5KB) AllocSpace objects, 0(0B) LOS objects, 7% free, 190MB/206MB, paused 1.311ms total 53.626ms
08-04 02:44:21.998 12467 12479 I art     : Starting a blocking GC Explicit
08-04 02:44:22.051 12467 12479 I art     : Explicit concurrent mark sweep GC freed 292(4KB) AllocSpace objects, 0(0B) LOS objects, 7% free, 190MB/206MB, paused 1.538ms total 52.929ms
08-04 02:44:22.070 12467 12479 I art     : Starting a blocking GC Explicit
08-04 02:44:22.124 12467 12479 I art     : Explicit concurrent mark sweep GC freed 355(6KB) AllocSpace objects, 0(0B) LOS objects, 7% free, 190MB/206MB, paused 1.346ms total 53.362ms
08-04 02:44:22.143 12467 12479 I art     : Starting a blocking GC Explicit
08-04 02:44:22.198 12467 12479 I art     : Explicit concurrent mark sweep GC freed 294(5KB) AllocSpace objects, 0(0B) LOS objects, 7% free, 190MB/206MB, paused 1.434ms total 54.617ms
08-04 02:44:22.243  9305  9398 W FirebaseInstanceId: Token retrieval failed: SERVICE_NOT_AVAILABLE. Will retry token retrieval
08-04 02:44:22.605 12467 12526 I art     : Starting a blocking GC Explicit
08-04 02:44:22.661 12467 12526 I art     : Explicit concurrent mark sweep GC freed 3602(124KB) AllocSpace objects, 2(48KB) LOS objects, 7% free, 190MB/206MB, paused 1.509ms total 56.221ms
08-04 02:44:22.680 12467 12526 I art     : Starting a blocking GC Explicit
08-04 02:44:22.732 12467 12526 I art     : Explicit concurrent mark sweep GC freed 343(6KB) AllocSpace objects, 0(0B) LOS objects, 7% free, 190MB/206MB, paused 1.367ms total 51.821ms
08-04 02:44:22.751 12467 12526 I art     : Starting a blocking GC Explicit
08-04 02:44:22.804 12467 12526 I art     : Explicit concurrent mark sweep GC freed 358(6KB) AllocSpace objects, 0(0B) LOS objects, 7% free, 190MB/206MB, paused 1.408ms total 52.467ms
08-04 02:44:22.822 12467 12526 I art     : Starting a blocking GC Explicit
08-04 02:44:22.874 12467 12526 I art     : Explicit concurrent mark sweep GC freed 458(15KB) AllocSpace objects, 0(0B) LOS objects, 7% free, 190MB/206MB, paused 1.411ms total 51.842ms
08-04 02:44:22.893 12467 12526 I art     : Starting a blocking GC Explicit
08-04 02:44:22.945 12467 12526 I art     : Explicit concurrent mark sweep GC freed 283(4KB) AllocSpace objects, 0(0B) LOS objects, 7% free, 190MB/206MB, paused 1.347ms total 51.797ms
08-04 02:44:23.112 15625 15625 D AndroidRuntime: >>>>>> START com.android.internal.os.RuntimeInit uid 2000 <<<<<<
08-04 02:44:23.118 15625 15625 D AndroidRuntime: CheckJNI is OFF
08-04 02:44:23.157 15625 15625 D ICU     : No timezone override file found: /data/misc/zoneinfo/current/icu/icu_tzdata.dat
08-04 02:44:23.197 15625 15625 I Radio-JNI: register_android_hardware_Radio DONE
08-04 02:44:23.224 15625 15625 D AndroidRuntime: Calling main entry com.android.commands.input.Input
08-04 02:44:23.225 15625 15625 I Input   : injectKeyEvent: KeyEvent { action=ACTION_DOWN, keyCode=KEYCODE_BACK, scanCode=0, metaState=0, flags=0x0, repeatCount=0, eventTime=672279638, downTime=672279638, deviceId=-1, source=0x101 }
08-04 02:44:23.230 15625 15625 I Input   : injectKeyEvent: KeyEvent { action=ACTION_UP, keyCode=KEYCODE_BACK, scanCode=0, metaState=0, flags=0x0, repeatCount=0, eventTime=672279638, downTime=672279638, deviceId=-1, source=0x101 }
08-04 02:44:23.234 15625 15625 D AndroidRuntime: Shutting down VM
08-04 02:44:23.250 12467 12467 V MainActivity: url = https://project-travel-mate.herokuapp.com/api/number-of-unread-notifications
08-04 02:44:23.285 13866 13866 I GoogleInputMethodServic: GoogleInputMethodService.onFinishInput():3138 
08-04 02:44:23.285 13866 13866 I GoogleInputMethodServic: GoogleInputMethodService.onStartInput():1808 
08-04 02:44:23.345 12467 12479 I art     : Starting a blocking GC Explicit
08-04 02:44:23.401 12467 12479 I art     : Explicit concurrent mark sweep GC freed 3593(137KB) AllocSpace objects, 2(48KB) LOS objects, 7% free, 190MB/206MB, paused 1.323ms total 55.794ms
08-04 02:44:23.421 12467 12479 I art     : Starting a blocking GC Explicit
08-04 02:44:23.494 12467 12479 I art     : Explicit concurrent mark sweep GC freed 146(5KB) AllocSpace objects, 0(0B) LOS objects, 7% free, 190MB/206MB, paused 1.768ms total 71.888ms
08-04 02:44:23.516 12467 12479 I art     : Starting a blocking GC Explicit
08-04 02:44:23.567   380   380 W SurfaceFlinger: couldn't log to binary event log: overflow.
08-04 02:44:23.584 12467 12479 I art     : Explicit concurrent mark sweep GC freed 117(3KB) AllocSpace objects, 0(0B) LOS objects, 7% free, 190MB/206MB, paused 1.419ms total 67.088ms
08-04 02:44:23.603 12467 12479 I art     : Starting a blocking GC Explicit
08-04 02:44:23.664 12467 12479 I art     : Explicit concurrent mark sweep GC freed 16(608B) AllocSpace objects, 1(4MB) LOS objects, 7% free, 185MB/201MB, paused 1.523ms total 60.638ms
08-04 02:44:23.684 12467 12479 I art     : Starting a blocking GC Explicit
08-04 02:44:23.749 12467 12479 I art     : Explicit concurrent mark sweep GC freed 3728(177KB) AllocSpace objects, 2(56KB) LOS objects, 7% free, 185MB/201MB, paused 1.612ms total 64.831ms
08-04 02:44:23.835 12467 15648 I NAPPA_EXPERIMENTATION: MetricNetworkRequestExecutionTime: REQUEST_DURATION_SYSTEM='583',REQUEST_DURATION_OKHTTP='30',REQUEST_SYNCHRONOUS='FALSE',RESPONSE_CODE='200',RESPONSE_METHOD='GET',RESPONSE_LENGTH_OKHTTP='36',RESPONSE_LENGTH_HEADER='36',REQUEST_PROTOCOL='http/1.1',REQUEST_URL='https://project-travel-mate.herokuapp.com/api/number-of-unread-notifications',
08-04 02:44:23.908   518   646 I ThermalEngine: ACTION: GPU - Setting GPU[0] to 390000000
08-04 02:44:24.232 12467 13744 I art     : Starting a blocking GC Explicit
08-04 02:44:24.322 12467 13744 I art     : Explicit concurrent mark sweep GC freed 4445(243KB) AllocSpace objects, 5(248KB) LOS objects, 7% free, 185MB/201MB, paused 2.643ms total 89.398ms
08-04 02:44:24.354 12467 13744 I art     : Starting a blocking GC Explicit
08-04 02:44:24.434 12467 13744 I art     : Explicit concurrent mark sweep GC freed 972(117KB) AllocSpace objects, 0(0B) LOS objects, 7% free, 185MB/201MB, paused 2.207ms total 79.801ms
08-04 02:44:24.467 12467 13744 I art     : Starting a blocking GC Explicit
08-04 02:44:24.543 12467 13744 I art     : Explicit concurrent mark sweep GC freed 3(96B) AllocSpace objects, 0(0B) LOS objects, 7% free, 185MB/201MB, paused 2.241ms total 75.571ms
08-04 02:44:24.571 12467 13744 I art     : Starting a blocking GC Explicit
08-04 02:44:24.647 12467 13744 I art     : Explicit concurrent mark sweep GC freed 40(1088B) AllocSpace objects, 0(0B) LOS objects, 7% free, 185MB/201MB, paused 2.195ms total 75.875ms
08-04 02:44:24.675 12467 13744 I art     : Starting a blocking GC Explicit
08-04 02:44:24.751 12467 13744 I art     : Explicit concurrent mark sweep GC freed 3(96B) AllocSpace objects, 0(0B) LOS objects, 7% free, 185MB/201MB, paused 2.274ms total 76.158ms
08-04 02:44:24.907   518   646 I ThermalEngine: ACTION: GPU - Setting GPU[0] to 450000000
08-04 02:44:25.072 15660 15660 D AndroidRuntime: >>>>>> START com.android.internal.os.RuntimeInit uid 2000 <<<<<<
08-04 02:44:25.079 15660 15660 D AndroidRuntime: CheckJNI is OFF
08-04 02:44:25.126 15660 15660 D ICU     : No timezone override file found: /data/misc/zoneinfo/current/icu/icu_tzdata.dat
08-04 02:44:25.166 12467 12525 I art     : Starting a blocking GC Explicit
08-04 02:44:25.174 15660 15660 I Radio-JNI: register_android_hardware_Radio DONE
08-04 02:44:25.204 15660 15660 D AndroidRuntime: Calling main entry com.android.commands.input.Input
08-04 02:44:25.206 15660 15660 I Input   : injectMotionEvent: MotionEvent { action=ACTION_DOWN, actionButton=0, id[0]=0, x[0]=117.0, y[0]=170.0, toolType[0]=TOOL_TYPE_UNKNOWN, buttonState=0, metaState=0, flags=0x0, edgeFlags=0x0, pointerCount=1, historySize=0, eventTime=672281618, downTime=672281618, deviceId=0, source=0x1002 }
08-04 02:44:25.213 15660 15660 I Input   : injectMotionEvent: MotionEvent { action=ACTION_UP, actionButton=0, id[0]=0, x[0]=117.0, y[0]=170.0, toolType[0]=TOOL_TYPE_UNKNOWN, buttonState=0, metaState=0, flags=0x0, edgeFlags=0x0, pointerCount=1, historySize=0, eventTime=672281618, downTime=672281618, deviceId=0, source=0x1002 }
08-04 02:44:25.215 15660 15660 D AndroidRuntime: Shutting down VM
08-04 02:44:25.221   512  2967 D audio_hw_primary: out_set_parameters: enter: usecase(1: low-latency-playback) kvpairs: routing=2
08-04 02:44:25.232 12467 12525 I art     : Explicit concurrent mark sweep GC freed 1621(93KB) AllocSpace objects, 2(48KB) LOS objects, 7% free, 185MB/201MB, paused 1.973ms total 65.932ms
08-04 02:44:25.234   512  2967 D audio_hw_primary: select_devices: out_snd_device(2: speaker) in_snd_device(0: none)
08-04 02:44:25.234   512  2967 D msm8974_platform: platform_send_audio_calibration: sending audio calibration for snd_device(2) acdb_id(15)
08-04 02:44:25.235   512  2967 I soundtrigger: audio_extn_sound_trigger_update_device_status: device 0x2 of type 0 for Event 1
08-04 02:44:25.249   512  2967 D audio_hw_primary: enable_snd_device: snd_device(2: speaker)
08-04 02:44:25.252   512  2967 D audio_hw_primary: enable_audio_route: apply and update mixer path: low-latency-playback speaker
08-04 02:44:25.256 12467 12525 I art     : Starting a blocking GC Explicit
08-04 02:44:25.315 12467 12525 I art     : Explicit concurrent mark sweep GC freed 336(17KB) AllocSpace objects, 0(0B) LOS objects, 7% free, 185MB/201MB, paused 1.445ms total 58.617ms
08-04 02:44:25.335 12467 12525 I art     : Starting a blocking GC Explicit
08-04 02:44:25.395 12467 12525 I art     : Explicit concurrent mark sweep GC freed 115(4KB) AllocSpace objects, 0(0B) LOS objects, 7% free, 185MB/201MB, paused 1.407ms total 60.277ms
08-04 02:44:25.417 12467 12525 I art     : Starting a blocking GC Explicit
08-04 02:44:25.479 12467 12525 I art     : Explicit concurrent mark sweep GC freed 3(96B) AllocSpace objects, 0(0B) LOS objects, 7% free, 185MB/201MB, paused 1.800ms total 61.229ms
08-04 02:44:25.498 12467 12525 I art     : Starting a blocking GC Explicit
08-04 02:44:25.554 12467 12525 I art     : Explicit concurrent mark sweep GC freed 5(160B) AllocSpace objects, 0(0B) LOS objects, 7% free, 185MB/201MB, paused 1.431ms total 55.955ms
08-04 02:44:25.789   512  2967 D audio_hw_primary: disable_audio_route: reset and update mixer path: low-latency-playback speaker
08-04 02:44:25.791   512  2967 D audio_hw_primary: disable_snd_device: snd_device(2: speaker)
08-04 02:44:25.798   512  2967 I soundtrigger: audio_extn_sound_trigger_update_device_status: device 0x2 of type 0 for Event 0
08-04 02:44:25.948 12467 12480 I art     : Starting a blocking GC Explicit
08-04 02:44:25.961 15684 15684 D AndroidRuntime: >>>>>> START com.android.internal.os.RuntimeInit uid 2000 <<<<<<
08-04 02:44:25.967 15684 15684 D AndroidRuntime: CheckJNI is OFF
08-04 02:44:26.011 12467 12480 I art     : Explicit concurrent mark sweep GC freed 1639(93KB) AllocSpace objects, 2(48KB) LOS objects, 7% free, 185MB/201MB, paused 1.601ms total 61.898ms
08-04 02:44:26.011 15684 15684 D ICU     : No timezone override file found: /data/misc/zoneinfo/current/icu/icu_tzdata.dat
08-04 02:44:26.031 12467 12480 I art     : Starting a blocking GC Explicit
08-04 02:44:26.055 15684 15684 I Radio-JNI: register_android_hardware_Radio DONE
08-04 02:44:26.085 15684 15684 D AndroidRuntime: Calling main entry com.android.commands.input.Input
08-04 02:44:26.087 15684 15684 I Input   : injectMotionEvent: MotionEvent { action=ACTION_DOWN, actionButton=0, id[0]=0, x[0]=418.0, y[0]=842.0, toolType[0]=TOOL_TYPE_UNKNOWN, buttonState=0, metaState=0, flags=0x0, edgeFlags=0x0, pointerCount=1, historySize=0, eventTime=672282499, downTime=672282499, deviceId=0, source=0x1002 }
08-04 02:44:26.091 15684 15684 I Input   : injectMotionEvent: MotionEvent { action=ACTION_UP, actionButton=0, id[0]=0, x[0]=418.0, y[0]=842.0, toolType[0]=TOOL_TYPE_UNKNOWN, buttonState=0, metaState=0, flags=0x0, edgeFlags=0x0, pointerCount=1, historySize=0, eventTime=672282499, downTime=672282499, deviceId=0, source=0x1002 }
08-04 02:44:26.092 12467 12480 I art     : Explicit concurrent mark sweep GC freed 52(1776B) AllocSpace objects, 0(0B) LOS objects, 7% free, 185MB/201MB, paused 1.548ms total 60.450ms
08-04 02:44:26.093 15684 15684 D AndroidRuntime: Shutting down VM
08-04 02:44:26.106   512  2967 D audio_hw_primary: out_set_parameters: enter: usecase(1: low-latency-playback) kvpairs: routing=2
08-04 02:44:26.108 12467 12544 D Gabe    : call	returning from cache
08-04 02:44:26.115 12467 12480 I art     : Starting a blocking GC Explicit
08-04 02:44:26.119   512  2967 D audio_hw_primary: select_devices: out_snd_device(2: speaker) in_snd_device(0: none)
08-04 02:44:26.119   512  2967 D msm8974_platform: platform_send_audio_calibration: sending audio calibration for snd_device(2) acdb_id(15)
08-04 02:44:26.119   512  2967 I soundtrigger: audio_extn_sound_trigger_update_device_status: device 0x2 of type 0 for Event 1
08-04 02:44:26.128   512  2967 D audio_hw_primary: enable_snd_device: snd_device(2: speaker)
08-04 02:44:26.130 12467 12467 V MainActivity: url = https://project-travel-mate.herokuapp.com/api/number-of-unread-notifications
08-04 02:44:26.130   512  2967 D audio_hw_primary: enable_audio_route: apply and update mixer path: low-latency-playback speaker
08-04 02:44:26.174   512  2967 D AudioFlinger: mixer(0xf4740000) throttle end: throttle time(12)
08-04 02:44:26.176 12467 12480 I art     : Explicit concurrent mark sweep GC freed 1105(61KB) AllocSpace objects, 0(0B) LOS objects, 7% free, 185MB/201MB, paused 2.072ms total 60.329ms
08-04 02:44:26.195 12467 12480 I art     : Starting a blocking GC Explicit
08-04 02:44:26.253 12467 12480 I art     : Explicit concurrent mark sweep GC freed 513(34KB) AllocSpace objects, 0(0B) LOS objects, 7% free, 185MB/201MB, paused 1.801ms total 57.305ms
08-04 02:44:26.273 12467 12480 I art     : Starting a blocking GC Explicit
08-04 02:44:26.340 12467 12480 I art     : Explicit concurrent mark sweep GC freed 707(40KB) AllocSpace objects, 0(0B) LOS objects, 7% free, 186MB/202MB, paused 2.274ms total 66.448ms
08-04 02:44:26.664 12467 12467 I Choreographer: Skipped 31 frames!  The application may be doing too much work on its main thread.
08-04 02:44:26.668   512  2967 D audio_hw_primary: disable_audio_route: reset and update mixer path: low-latency-playback speaker
08-04 02:44:26.670   512  2967 D audio_hw_primary: disable_snd_device: snd_device(2: speaker)
08-04 02:44:26.678   512  2967 I soundtrigger: audio_extn_sound_trigger_update_device_status: device 0x2 of type 0 for Event 0
08-04 02:44:26.707 12467 15706 I NAPPA_EXPERIMENTATION: MetricNetworkRequestExecutionTime: REQUEST_DURATION_SYSTEM='576',REQUEST_DURATION_OKHTTP='30',REQUEST_SYNCHRONOUS='FALSE',RESPONSE_CODE='200',RESPONSE_METHOD='GET',RESPONSE_LENGTH_OKHTTP='36',RESPONSE_LENGTH_HEADER='36',REQUEST_PROTOCOL='http/1.1',REQUEST_URL='https://project-travel-mate.herokuapp.com/api/number-of-unread-notifications',
08-04 02:44:26.740 12467 13744 I art     : Starting a blocking GC Explicit
08-04 02:44:26.754 13589 13589 I Atfwd_Sendcmd: AtCmdFwd service not ready - Exhausted retry attempts - :6
08-04 02:44:26.754 13589 13589 I Atfwd_Daemon: result : -1 	 ,Init step :2 	 ,qmiErrorCode: 0
08-04 02:44:26.818 12467 13744 I art     : Explicit concurrent mark sweep GC freed 7388(399KB) AllocSpace objects, 14(508KB) LOS objects, 7% free, 186MB/202MB, paused 2.069ms total 78.210ms
08-04 02:44:26.840 12467 13744 I art     : Starting a blocking GC Explicit
08-04 02:44:26.912 12467 13744 I art     : Explicit concurrent mark sweep GC freed 3205(216KB) AllocSpace objects, 0(0B) LOS objects, 7% free, 186MB/202MB, paused 1.610ms total 71.514ms
08-04 02:44:26.933 12467 13744 I art     : Starting a blocking GC Explicit
08-04 02:44:26.998 12467 13744 I art     : Explicit concurrent mark sweep GC freed 195(5KB) AllocSpace objects, 0(0B) LOS objects, 7% free, 186MB/202MB, paused 1.907ms total 64.819ms
08-04 02:44:27.018 12467 13744 I art     : Starting a blocking GC Explicit
08-04 02:44:27.087 12467 13744 I art     : Explicit concurrent mark sweep GC freed 137(2944B) AllocSpace objects, 0(0B) LOS objects, 7% free, 186MB/202MB, paused 1.545ms total 68.318ms
08-04 02:44:27.107 12467 13744 I art     : Starting a blocking GC Explicit
08-04 02:44:27.177 12467 13744 I art     : Explicit concurrent mark sweep GC freed 147(2496B) AllocSpace objects, 0(0B) LOS objects, 7% free, 186MB/202MB, paused 1.687ms total 69.884ms
08-04 02:44:27.587 12467 12479 I art     : Starting a blocking GC Explicit
08-04 02:44:27.657 12467 12479 I art     : Explicit concurrent mark sweep GC freed 2319(104KB) AllocSpace objects, 2(64KB) LOS objects, 7% free, 186MB/202MB, paused 1.642ms total 70.371ms
08-04 02:44:27.678 12467 12479 I art     : Starting a blocking GC Explicit
08-04 02:44:27.744 12467 12479 I art     : Explicit concurrent mark sweep GC freed 149(3056B) AllocSpace objects, 0(0B) LOS objects, 7% free, 186MB/202MB, paused 1.491ms total 65.698ms
08-04 02:44:27.765 12467 12479 I art     : Starting a blocking GC Explicit
08-04 02:44:27.832 12467 12479 I art     : Explicit concurrent mark sweep GC freed 134(2480B) AllocSpace objects, 0(0B) LOS objects, 7% free, 186MB/202MB, paused 1.525ms total 67.038ms
08-04 02:44:27.854 12467 12479 I art     : Starting a blocking GC Explicit
08-04 02:44:27.924 12467 12479 I art     : Explicit concurrent mark sweep GC freed 146(2608B) AllocSpace objects, 0(0B) LOS objects, 7% free, 186MB/202MB, paused 1.561ms total 69.906ms
08-04 02:44:27.945 12467 12479 I art     : Starting a blocking GC Explicit
08-04 02:44:28.015 12467 12479 I art     : Explicit concurrent mark sweep GC freed 143(2592B) AllocSpace objects, 0(0B) LOS objects, 7% free, 186MB/202MB, paused 1.577ms total 68.997ms
08-04 02:44:28.476 12467 12526 I art     : Starting a blocking GC Explicit
08-04 02:44:28.543 12467 12526 I art     : Explicit concurrent mark sweep GC freed 2368(105KB) AllocSpace objects, 2(64KB) LOS objects, 7% free, 186MB/202MB, paused 1.529ms total 66.731ms
08-04 02:44:28.564 12467 12526 I art     : Starting a blocking GC Explicit
08-04 02:44:28.635 12467 12526 I art     : Explicit concurrent mark sweep GC freed 195(4KB) AllocSpace objects, 0(0B) LOS objects, 7% free, 186MB/202MB, paused 1.663ms total 70.364ms
08-04 02:44:28.656 12467 12526 I art     : Starting a blocking GC Explicit
08-04 02:44:28.727 12467 12526 I art     : Explicit concurrent mark sweep GC freed 132(2224B) AllocSpace objects, 0(0B) LOS objects, 7% free, 186MB/202MB, paused 1.738ms total 71.122ms
08-04 02:44:28.748 12467 12526 I art     : Starting a blocking GC Explicit
08-04 02:44:28.820 12467 12526 I art     : Explicit concurrent mark sweep GC freed 138(2368B) AllocSpace objects, 0(0B) LOS objects, 7% free, 186MB/202MB, paused 1.605ms total 71.577ms
08-04 02:44:28.840 12467 12526 I art     : Starting a blocking GC Explicit
08-04 02:44:28.913 12467 12526 I art     : Explicit concurrent mark sweep GC freed 135(2272B) AllocSpace objects, 0(0B) LOS objects, 7% free, 186MB/202MB, paused 1.800ms total 72.095ms
08-04 02:44:28.927 15743 15743 D AndroidRuntime: >>>>>> START com.android.internal.os.RuntimeInit uid 2000 <<<<<<
08-04 02:44:28.933 15743 15743 D AndroidRuntime: CheckJNI is OFF
08-04 02:44:28.977 15743 15743 D ICU     : No timezone override file found: /data/misc/zoneinfo/current/icu/icu_tzdata.dat
08-04 02:44:29.025 15743 15743 I Radio-JNI: register_android_hardware_Radio DONE
08-04 02:44:29.053 15743 15743 D AndroidRuntime: Calling main entry com.android.commands.am.Am
08-04 02:44:29.061  8825  8825 I Trepn   : Trepn 6.2s: Received intent: com.quicinc.trepn.stop_profiling
08-04 02:44:29.089  8825  8825 I Trepn   : Trepn 6.2s: Trepn has Stopped Profiling.
08-04 02:44:29.248 15743 15743 D AndroidRuntime: Shutting down VM
08-04 02:44:29.254   918   929 W AppOps  : Finishing op nesting under-run: uid 10078 pkg com.quicinc.trepn code 24 time=0 duration=0 nesting=0
08-04 02:44:29.323 12467 12480 I art     : Starting a blocking GC Explicit
08-04 02:44:29.395 12467 12480 I art     : Explicit concurrent mark sweep GC freed 2288(103KB) AllocSpace objects, 2(64KB) LOS objects, 7% free, 186MB/202MB, paused 1.714ms total 71.418ms
08-04 02:44:29.416 12467 12480 I art     : Starting a blocking GC Explicit
08-04 02:44:29.488 12467 12480 I art     : Explicit concurrent mark sweep GC freed 155(3KB) AllocSpace objects, 0(0B) LOS objects, 7% free, 186MB/202MB, paused 1.600ms total 70.808ms
08-04 02:44:29.509 12467 12480 I art     : Starting a blocking GC Explicit
08-04 02:44:29.576 12467 12480 I art     : Explicit concurrent mark sweep GC freed 184(3KB) AllocSpace objects, 0(0B) LOS objects, 7% free, 186MB/202MB, paused 1.420ms total 66.640ms
08-04 02:44:29.597 12467 12480 I art     : Starting a blocking GC Explicit
08-04 02:44:29.662 12467 12480 I art     : Explicit concurrent mark sweep GC freed 122(2064B) AllocSpace objects, 0(0B) LOS objects, 7% free, 186MB/202MB, paused 1.619ms total 64.733ms
08-04 02:44:29.682 12467 12480 I art     : Starting a blocking GC Explicit
08-04 02:44:29.747 12467 12480 I art     : Explicit concurrent mark sweep GC freed 125(2160B) AllocSpace objects, 0(0B) LOS objects, 7% free, 186MB/202MB, paused 1.668ms total 64.515ms
08-04 02:44:31.755 13589 13589 I ServiceManager: Waiting for service AtCmdFwd...
08-04 02:44:32.755 13589 13589 I ServiceManager: Waiting for service AtCmdFwd...
