08-04 00:05:44.231 26377 26389 I art     : Starting a blocking GC Explicit
08-04 00:05:44.276 26377 26389 I art     : Explicit concurrent mark sweep GC freed 231(3KB) AllocSpace objects, 0(0B) LOS objects, 7% free, 187MB/203MB, paused 1.378ms total 44.038ms
08-04 00:05:44.293 26377 26389 I art     : Starting a blocking GC Explicit
08-04 00:05:44.337 26377 26389 I art     : Explicit concurrent mark sweep GC freed 266(4KB) AllocSpace objects, 0(0B) LOS objects, 7% free, 187MB/203MB, paused 1.194ms total 44.017ms
08-04 00:05:44.367 23490 23490 I ServiceManager: Waiting for service AtCmdFwd...
08-04 00:05:44.731 26377 26388 I art     : Starting a blocking GC Explicit
08-04 00:05:44.775 26377 26388 I art     : Explicit concurrent mark sweep GC freed 3450(122KB) AllocSpace objects, 2(36KB) LOS objects, 7% free, 187MB/203MB, paused 1.273ms total 43.915ms
08-04 00:05:44.793 26377 26388 I art     : Starting a blocking GC Explicit
08-04 00:05:44.836 26377 26388 I art     : Explicit concurrent mark sweep GC freed 309(6KB) AllocSpace objects, 0(0B) LOS objects, 7% free, 187MB/203MB, paused 1.075ms total 42.972ms
08-04 00:05:44.853 26377 26388 I art     : Starting a blocking GC Explicit
08-04 00:05:44.898 26377 26388 I art     : Explicit concurrent mark sweep GC freed 283(4KB) AllocSpace objects, 0(0B) LOS objects, 7% free, 187MB/203MB, paused 1.224ms total 44.278ms
08-04 00:05:44.915 26377 26388 I art     : Starting a blocking GC Explicit
08-04 00:05:44.959 26377 26388 I art     : Explicit concurrent mark sweep GC freed 247(3KB) AllocSpace objects, 0(0B) LOS objects, 7% free, 187MB/203MB, paused 1.294ms total 43.640ms
08-04 00:05:44.976 26377 26388 I art     : Starting a blocking GC Explicit
08-04 00:05:45.022 26377 26388 I art     : Explicit concurrent mark sweep GC freed 249(4KB) AllocSpace objects, 0(0B) LOS objects, 7% free, 187MB/203MB, paused 1.115ms total 45.032ms
08-04 00:05:45.368 23490 23490 I ServiceManager: Waiting for service AtCmdFwd...
08-04 00:05:45.422 26377 26654 I art     : Starting a blocking GC Explicit
08-04 00:05:45.474 26377 26654 I art     : Explicit concurrent mark sweep GC freed 3512(122KB) AllocSpace objects, 2(36KB) LOS objects, 7% free, 187MB/203MB, paused 1.256ms total 51.584ms
08-04 00:05:45.492 26377 26654 I art     : Starting a blocking GC Explicit
08-04 00:05:45.535 26377 26654 I art     : Explicit concurrent mark sweep GC freed 300(5KB) AllocSpace objects, 0(0B) LOS objects, 7% free, 187MB/203MB, paused 1.070ms total 42.987ms
08-04 00:05:45.553 26377 26654 I art     : Starting a blocking GC Explicit
08-04 00:05:45.596 26377 26654 I art     : Explicit concurrent mark sweep GC freed 283(4KB) AllocSpace objects, 0(0B) LOS objects, 7% free, 187MB/203MB, paused 1.125ms total 43.254ms
08-04 00:05:45.613 26377 26654 I art     : Starting a blocking GC Explicit
08-04 00:05:45.657 26377 26654 I art     : Explicit concurrent mark sweep GC freed 214(3KB) AllocSpace objects, 0(0B) LOS objects, 7% free, 187MB/203MB, paused 1.185ms total 42.980ms
08-04 00:05:45.674 26377 26654 I art     : Starting a blocking GC Explicit
08-04 00:05:45.718 26377 26654 I art     : Explicit concurrent mark sweep GC freed 295(4KB) AllocSpace objects, 0(0B) LOS objects, 7% free, 187MB/203MB, paused 1.099ms total 44.148ms
08-04 00:05:46.081 26377 26389 I art     : Starting a blocking GC Explicit
08-04 00:05:46.127 26377 26389 I art     : Explicit concurrent mark sweep GC freed 3332(120KB) AllocSpace objects, 2(36KB) LOS objects, 7% free, 187MB/203MB, paused 1.354ms total 46.443ms
08-04 00:05:46.145 26377 26389 I art     : Starting a blocking GC Explicit
08-04 00:05:46.190 26377 26389 I art     : Explicit concurrent mark sweep GC freed 489(16KB) AllocSpace objects, 0(0B) LOS objects, 7% free, 187MB/203MB, paused 1.124ms total 45.180ms
08-04 00:05:46.208 26377 26389 I art     : Starting a blocking GC Explicit
08-04 00:05:46.230 28554 28554 D AndroidRuntime: >>>>>> START com.android.internal.os.RuntimeInit uid 2000 <<<<<<
08-04 00:05:46.236 28554 28554 D AndroidRuntime: CheckJNI is OFF
08-04 00:05:46.253 26377 26389 I art     : Explicit concurrent mark sweep GC freed 294(5KB) AllocSpace objects, 0(0B) LOS objects, 7% free, 187MB/203MB, paused 1.194ms total 44.914ms
08-04 00:05:46.270 26377 26389 I art     : Starting a blocking GC Explicit
08-04 00:05:46.277 28554 28554 D ICU     : No timezone override file found: /data/misc/zoneinfo/current/icu/icu_tzdata.dat
08-04 00:05:46.315 26377 26389 I art     : Explicit concurrent mark sweep GC freed 284(4KB) AllocSpace objects, 0(0B) LOS objects, 7% free, 187MB/203MB, paused 1.368ms total 44.496ms
08-04 00:05:46.318 28554 28554 I Radio-JNI: register_android_hardware_Radio DONE
08-04 00:05:46.332 26377 26389 I art     : Starting a blocking GC Explicit
08-04 00:05:46.347 28554 28554 D AndroidRuntime: Calling main entry com.android.commands.input.Input
08-04 00:05:46.349 28554 28554 I Input   : injectKeyEvent: KeyEvent { action=ACTION_DOWN, keyCode=KEYCODE_BACK, scanCode=0, metaState=0, flags=0x0, repeatCount=0, eventTime=662762762, downTime=662762762, deviceId=-1, source=0x101 }
08-04 00:05:46.356 28554 28554 I Input   : injectKeyEvent: KeyEvent { action=ACTION_UP, keyCode=KEYCODE_BACK, scanCode=0, metaState=0, flags=0x0, repeatCount=0, eventTime=662762762, downTime=662762762, deviceId=-1, source=0x101 }
08-04 00:05:46.368 23490 23490 I ServiceManager: Waiting for service AtCmdFwd...
08-04 00:05:46.369 28554 28554 D AndroidRuntime: Shutting down VM
08-04 00:05:46.376 26377 26389 I art     : Explicit concurrent mark sweep GC freed 234(4KB) AllocSpace objects, 0(0B) LOS objects, 7% free, 187MB/203MB, paused 1.276ms total 43.763ms
08-04 00:05:46.378 26377 26377 V MainActivity: url = https://project-travel-mate.herokuapp.com/api/number-of-unread-notifications
08-04 00:05:46.416 13866 13866 I GoogleInputMethodServic: GoogleInputMethodService.onFinishInput():3138 
08-04 00:05:46.417 13866 13866 I GoogleInputMethodServic: GoogleInputMethodService.onStartInput():1808 
08-04 00:05:46.706   380   380 W SurfaceFlinger: couldn't log to binary event log: overflow.
08-04 00:05:46.768 26377 26397 I art     : Starting a blocking GC Explicit
08-04 00:05:46.822 26377 26397 I art     : Explicit concurrent mark sweep GC freed 2964(169KB) AllocSpace objects, 3(4MB) LOS objects, 8% free, 183MB/199MB, paused 1.482ms total 53.694ms
08-04 00:05:46.841 26377 26397 I art     : Starting a blocking GC Explicit
08-04 00:05:46.878 26377 28577 I NAPPA_EXPERIMENTATION: MetricNetworkRequestExecutionTime: REQUEST_DURATION_SYSTEM='499',REQUEST_DURATION_OKHTTP='31',REQUEST_SYNCHRONOUS='FALSE',RESPONSE_CODE='200',RESPONSE_METHOD='GET',RESPONSE_LENGTH_OKHTTP='36',RESPONSE_LENGTH_HEADER='36',REQUEST_PROTOCOL='http/1.1',REQUEST_URL='https://project-travel-mate.herokuapp.com/api/number-of-unread-notifications',
08-04 00:05:46.888 26377 26397 I art     : Explicit concurrent mark sweep GC freed 6019(276KB) AllocSpace objects, 5(256KB) LOS objects, 8% free, 183MB/199MB, paused 1.225ms total 46.966ms
08-04 00:05:46.905 26377 26397 I art     : Starting a blocking GC Explicit
08-04 00:05:46.954 26377 26397 I art     : Explicit concurrent mark sweep GC freed 944(116KB) AllocSpace objects, 0(0B) LOS objects, 8% free, 183MB/199MB, paused 1.265ms total 49.068ms
08-04 00:05:46.973 26377 26397 I art     : Starting a blocking GC Explicit
08-04 00:05:47.025 26377 26397 I art     : Explicit concurrent mark sweep GC freed 86(3KB) AllocSpace objects, 0(0B) LOS objects, 8% free, 183MB/199MB, paused 1.260ms total 51.375ms
08-04 00:05:47.043 26377 26397 I art     : Starting a blocking GC Explicit
08-04 00:05:47.096 26377 26397 I art     : Explicit concurrent mark sweep GC freed 3(96B) AllocSpace objects, 0(0B) LOS objects, 8% free, 183MB/199MB, paused 1.347ms total 52.634ms
08-04 00:05:47.369 23490 23490 I ServiceManager: Waiting for service AtCmdFwd...
08-04 00:05:47.425   518   646 I ThermalEngine: ACTION: GPU - Setting GPU[0] to 390000000
08-04 00:05:47.546 26377 26388 I art     : Starting a blocking GC Explicit
08-04 00:05:47.622 26377 26388 I art     : Explicit concurrent mark sweep GC freed 1624(93KB) AllocSpace objects, 2(36KB) LOS objects, 8% free, 183MB/199MB, paused 1.996ms total 75.611ms
08-04 00:05:47.647 26377 26388 I art     : Starting a blocking GC Explicit
08-04 00:05:47.707 26377 26388 I art     : Explicit concurrent mark sweep GC freed 39(1600B) AllocSpace objects, 0(0B) LOS objects, 8% free, 183MB/199MB, paused 1.901ms total 58.912ms
08-04 00:05:47.731 26377 26388 I art     : Starting a blocking GC Explicit
08-04 00:05:47.792 26377 26388 I art     : Explicit concurrent mark sweep GC freed 3(96B) AllocSpace objects, 0(0B) LOS objects, 8% free, 183MB/199MB, paused 1.877ms total 60.862ms
08-04 00:05:47.817 26377 26388 I art     : Starting a blocking GC Explicit
08-04 00:05:47.879 26377 26388 I art     : Explicit concurrent mark sweep GC freed 3(96B) AllocSpace objects, 0(0B) LOS objects, 8% free, 183MB/199MB, paused 1.997ms total 61.375ms
08-04 00:05:47.903 26377 26388 I art     : Starting a blocking GC Explicit
08-04 00:05:47.965 26377 26388 I art     : Explicit concurrent mark sweep GC freed 3(96B) AllocSpace objects, 0(0B) LOS objects, 8% free, 183MB/199MB, paused 1.896ms total 61.298ms
08-04 00:05:48.248 28601 28601 D AndroidRuntime: >>>>>> START com.android.internal.os.RuntimeInit uid 2000 <<<<<<
08-04 00:05:48.255 28601 28601 D AndroidRuntime: CheckJNI is OFF
08-04 00:05:48.311 28601 28601 D ICU     : No timezone override file found: /data/misc/zoneinfo/current/icu/icu_tzdata.dat
08-04 00:05:48.357 28601 28601 I Radio-JNI: register_android_hardware_Radio DONE
08-04 00:05:48.369 23490 23490 W Atfwd_Sendcmd: AtCmdFwd service not published, waiting... retryCnt : 3
08-04 00:05:48.390 28601 28601 D AndroidRuntime: Calling main entry com.android.commands.input.Input
08-04 00:05:48.393 28601 28601 I Input   : injectMotionEvent: MotionEvent { action=ACTION_DOWN, actionButton=0, id[0]=0, x[0]=117.0, y[0]=170.0, toolType[0]=TOOL_TYPE_UNKNOWN, buttonState=0, metaState=0, flags=0x0, edgeFlags=0x0, pointerCount=1, historySize=0, eventTime=662764805, downTime=662764805, deviceId=0, source=0x1002 }
08-04 00:05:48.399 28601 28601 I Input   : injectMotionEvent: MotionEvent { action=ACTION_UP, actionButton=0, id[0]=0, x[0]=117.0, y[0]=170.0, toolType[0]=TOOL_TYPE_UNKNOWN, buttonState=0, metaState=0, flags=0x0, edgeFlags=0x0, pointerCount=1, historySize=0, eventTime=662764805, downTime=662764805, deviceId=0, source=0x1002 }
08-04 00:05:48.402 28601 28601 D AndroidRuntime: Shutting down VM
08-04 00:05:48.407 26377 26389 I art     : Starting a blocking GC Explicit
08-04 00:05:48.414   512  2967 D audio_hw_primary: out_set_parameters: enter: usecase(1: low-latency-playback) kvpairs: routing=2
08-04 00:05:48.425   518   646 I ThermalEngine: ACTION: GPU - Setting GPU[0] to 450000000
08-04 00:05:48.428   512  2967 D audio_hw_primary: select_devices: out_snd_device(2: speaker) in_snd_device(0: none)
08-04 00:05:48.428   512  2967 D msm8974_platform: platform_send_audio_calibration: sending audio calibration for snd_device(2) acdb_id(15)
08-04 00:05:48.428   512  2967 I soundtrigger: audio_extn_sound_trigger_update_device_status: device 0x2 of type 0 for Event 1
08-04 00:05:48.445   512  2967 D audio_hw_primary: enable_snd_device: snd_device(2: speaker)
08-04 00:05:48.448   512  2967 D audio_hw_primary: enable_audio_route: apply and update mixer path: low-latency-playback speaker
08-04 00:05:48.465 26377 26389 I art     : Explicit concurrent mark sweep GC freed 1637(93KB) AllocSpace objects, 2(36KB) LOS objects, 8% free, 183MB/199MB, paused 1.258ms total 57.880ms
08-04 00:05:48.483 26377 26389 I art     : Starting a blocking GC Explicit
08-04 00:05:48.531 26377 26389 I art     : Explicit concurrent mark sweep GC freed 415(20KB) AllocSpace objects, 0(0B) LOS objects, 8% free, 183MB/199MB, paused 1.523ms total 48.585ms
08-04 00:05:48.550 26377 26389 I art     : Starting a blocking GC Explicit
08-04 00:05:48.599 26377 26389 I art     : Explicit concurrent mark sweep GC freed 25(1104B) AllocSpace objects, 0(0B) LOS objects, 8% free, 183MB/199MB, paused 1.281ms total 48.760ms
08-04 00:05:48.617 26377 26389 I art     : Starting a blocking GC Explicit
08-04 00:05:48.663 26377 26389 I art     : Explicit concurrent mark sweep GC freed 3(96B) AllocSpace objects, 0(0B) LOS objects, 8% free, 183MB/199MB, paused 1.219ms total 45.379ms
08-04 00:05:48.680 26377 26389 I art     : Starting a blocking GC Explicit
08-04 00:05:48.727 26377 26389 I art     : Explicit concurrent mark sweep GC freed 5(160B) AllocSpace objects, 0(0B) LOS objects, 8% free, 183MB/199MB, paused 1.357ms total 46.606ms
08-04 00:05:48.988   512  2967 D audio_hw_primary: disable_audio_route: reset and update mixer path: low-latency-playback speaker
08-04 00:05:48.990   512  2967 D audio_hw_primary: disable_snd_device: snd_device(2: speaker)
08-04 00:05:48.998   512  2967 I soundtrigger: audio_extn_sound_trigger_update_device_status: device 0x2 of type 0 for Event 0
08-04 00:05:49.106 26377 26397 I art     : Starting a blocking GC Explicit
08-04 00:05:49.155 28625 28625 D AndroidRuntime: >>>>>> START com.android.internal.os.RuntimeInit uid 2000 <<<<<<
08-04 00:05:49.157 26377 26397 I art     : Explicit concurrent mark sweep GC freed 1585(92KB) AllocSpace objects, 2(36KB) LOS objects, 8% free, 183MB/199MB, paused 1.383ms total 50.566ms
08-04 00:05:49.161 28625 28625 D AndroidRuntime: CheckJNI is OFF
08-04 00:05:49.175 26377 26397 I art     : Starting a blocking GC Explicit
08-04 00:05:49.203 28625 28625 D ICU     : No timezone override file found: /data/misc/zoneinfo/current/icu/icu_tzdata.dat
08-04 00:05:49.220 26377 26397 I art     : Explicit concurrent mark sweep GC freed 69(2176B) AllocSpace objects, 0(0B) LOS objects, 8% free, 183MB/199MB, paused 1.304ms total 44.627ms
08-04 00:05:49.238 26377 26397 I art     : Starting a blocking GC Explicit
08-04 00:05:49.246 28625 28625 I Radio-JNI: register_android_hardware_Radio DONE
08-04 00:05:49.276 28625 28625 D AndroidRuntime: Calling main entry com.android.commands.input.Input
08-04 00:05:49.278 28625 28625 I Input   : injectMotionEvent: MotionEvent { action=ACTION_DOWN, actionButton=0, id[0]=0, x[0]=418.0, y[0]=842.0, toolType[0]=TOOL_TYPE_UNKNOWN, buttonState=0, metaState=0, flags=0x0, edgeFlags=0x0, pointerCount=1, historySize=0, eventTime=662765691, downTime=662765691, deviceId=0, source=0x1002 }
08-04 00:05:49.282 28625 28625 I Input   : injectMotionEvent: MotionEvent { action=ACTION_UP, actionButton=0, id[0]=0, x[0]=418.0, y[0]=842.0, toolType[0]=TOOL_TYPE_UNKNOWN, buttonState=0, metaState=0, flags=0x0, edgeFlags=0x0, pointerCount=1, historySize=0, eventTime=662765691, downTime=662765691, deviceId=0, source=0x1002 }
08-04 00:05:49.284 28625 28625 D AndroidRuntime: Shutting down VM
08-04 00:05:49.287 26377 26397 I art     : Explicit concurrent mark sweep GC freed 20(880B) AllocSpace objects, 0(0B) LOS objects, 8% free, 183MB/199MB, paused 1.394ms total 48.161ms
08-04 00:05:49.287 26377 26387 I art     : WaitForGcToComplete blocked for 10.851ms for cause HeapTrim
08-04 00:05:49.296   512  2967 D audio_hw_primary: out_set_parameters: enter: usecase(1: low-latency-playback) kvpairs: routing=2
08-04 00:05:49.304 26377 26397 I art     : Starting a blocking GC Explicit
08-04 00:05:49.307 26377 26443 D Gabe    : call	returning from cache
08-04 00:05:49.309   512  2967 D audio_hw_primary: select_devices: out_snd_device(2: speaker) in_snd_device(0: none)
08-04 00:05:49.309   512  2967 D msm8974_platform: platform_send_audio_calibration: sending audio calibration for snd_device(2) acdb_id(15)
08-04 00:05:49.309   512  2967 I soundtrigger: audio_extn_sound_trigger_update_device_status: device 0x2 of type 0 for Event 1
08-04 00:05:49.320   512  2967 D audio_hw_primary: enable_snd_device: snd_device(2: speaker)
08-04 00:05:49.322   512  2967 D audio_hw_primary: enable_audio_route: apply and update mixer path: low-latency-playback speaker
08-04 00:05:49.328 26377 26377 V MainActivity: url = https://project-travel-mate.herokuapp.com/api/number-of-unread-notifications
08-04 00:05:49.353 26377 26397 I art     : Explicit concurrent mark sweep GC freed 1036(53KB) AllocSpace objects, 0(0B) LOS objects, 8% free, 183MB/199MB, paused 1.743ms total 48.626ms
08-04 00:05:49.369   512  2967 D AudioFlinger: mixer(0xf4740000) throttle end: throttle time(12)
08-04 00:05:49.371 26377 26397 I art     : Starting a blocking GC Explicit
08-04 00:05:49.421 26377 26397 I art     : Explicit concurrent mark sweep GC freed 480(34KB) AllocSpace objects, 0(0B) LOS objects, 8% free, 183MB/199MB, paused 1.763ms total 50.142ms
08-04 00:05:49.805 26377 26654 I art     : Starting a blocking GC Explicit
08-04 00:05:49.863 26377 26377 I Choreographer: Skipped 31 frames!  The application may be doing too much work on its main thread.
08-04 00:05:49.863 26377 26654 I art     : Explicit concurrent mark sweep GC freed 4807(261KB) AllocSpace objects, 2(40KB) LOS objects, 7% free, 184MB/200MB, paused 2.212ms total 57.309ms
08-04 00:05:49.869   512  2967 D audio_hw_primary: disable_audio_route: reset and update mixer path: low-latency-playback speaker
08-04 00:05:49.870   512  2967 D audio_hw_primary: disable_snd_device: snd_device(2: speaker)
08-04 00:05:49.879   512  2967 I soundtrigger: audio_extn_sound_trigger_update_device_status: device 0x2 of type 0 for Event 0
08-04 00:05:49.887 26377 26654 I art     : Starting a blocking GC Explicit
08-04 00:05:49.941 26377 26654 I art     : Explicit concurrent mark sweep GC freed 1428(76KB) AllocSpace objects, 9(252KB) LOS objects, 8% free, 183MB/199MB, paused 1.795ms total 53.354ms
08-04 00:05:49.959 26377 26654 I art     : Starting a blocking GC Explicit
08-04 00:05:50.016 26377 26654 I art     : Explicit concurrent mark sweep GC freed 276(22KB) AllocSpace objects, 0(0B) LOS objects, 8% free, 183MB/199MB, paused 1.880ms total 55.988ms
08-04 00:05:50.034 26377 26654 I art     : Starting a blocking GC Explicit
08-04 00:05:50.090 26377 26654 I art     : Explicit concurrent mark sweep GC freed 1098(38KB) AllocSpace objects, 0(0B) LOS objects, 8% free, 183MB/199MB, paused 1.353ms total 55.561ms
08-04 00:05:50.108 26377 26654 I art     : Starting a blocking GC Explicit
08-04 00:05:50.157 26377 28647 I NAPPA_EXPERIMENTATION: MetricNetworkRequestExecutionTime: REQUEST_DURATION_SYSTEM='828',REQUEST_DURATION_OKHTTP='29',REQUEST_SYNCHRONOUS='FALSE',RESPONSE_CODE='200',RESPONSE_METHOD='GET',RESPONSE_LENGTH_OKHTTP='36',RESPONSE_LENGTH_HEADER='36',REQUEST_PROTOCOL='http/1.1',REQUEST_URL='https://project-travel-mate.herokuapp.com/api/number-of-unread-notifications',
08-04 00:05:50.161 26377 26654 I art     : Explicit concurrent mark sweep GC freed 2817(146KB) AllocSpace objects, 2(120KB) LOS objects, 7% free, 184MB/200MB, paused 1.507ms total 52.770ms
08-04 00:05:50.554 26377 26388 I art     : Starting a blocking GC Explicit
08-04 00:05:50.611 26377 26388 I art     : Explicit concurrent mark sweep GC freed 3360(226KB) AllocSpace objects, 3(132KB) LOS objects, 8% free, 183MB/199MB, paused 1.304ms total 56.582ms
08-04 00:05:50.630 26377 26388 I art     : Starting a blocking GC Explicit
08-04 00:05:50.686 26377 26388 I art     : Explicit concurrent mark sweep GC freed 163(3KB) AllocSpace objects, 0(0B) LOS objects, 8% free, 183MB/199MB, paused 1.283ms total 55.727ms
08-04 00:05:50.705 26377 26388 I art     : Starting a blocking GC Explicit
08-04 00:05:50.761 26377 26388 I art     : Explicit concurrent mark sweep GC freed 106(2032B) AllocSpace objects, 0(0B) LOS objects, 8% free, 183MB/199MB, paused 1.159ms total 56.109ms
08-04 00:05:50.780 26377 26388 I art     : Starting a blocking GC Explicit
08-04 00:05:50.837 26377 26388 I art     : Explicit concurrent mark sweep GC freed 123(2096B) AllocSpace objects, 0(0B) LOS objects, 8% free, 183MB/199MB, paused 1.273ms total 56.268ms
08-04 00:05:50.856 26377 26388 I art     : Starting a blocking GC Explicit
08-04 00:05:50.911 26377 26388 I art     : Explicit concurrent mark sweep GC freed 99(1696B) AllocSpace objects, 0(0B) LOS objects, 8% free, 183MB/199MB, paused 1.270ms total 55.094ms
08-04 00:05:51.347 26377 26388 I art     : Starting a blocking GC Explicit
08-04 00:05:51.434 26377 26388 I art     : Explicit concurrent mark sweep GC freed 2427(107KB) AllocSpace objects, 2(52KB) LOS objects, 8% free, 183MB/199MB, paused 1.291ms total 87ms
08-04 00:05:51.455 26377 26388 I art     : Starting a blocking GC Explicit
08-04 00:05:51.510 26377 26388 I art     : Explicit concurrent mark sweep GC freed 140(3KB) AllocSpace objects, 0(0B) LOS objects, 8% free, 183MB/199MB, paused 1.147ms total 55.108ms
08-04 00:05:51.529 26377 26388 I art     : Starting a blocking GC Explicit
08-04 00:05:51.584 26377 26388 I art     : Explicit concurrent mark sweep GC freed 121(2048B) AllocSpace objects, 0(0B) LOS objects, 8% free, 183MB/199MB, paused 1.265ms total 54.053ms
08-04 00:05:51.602 26377 26388 I art     : Starting a blocking GC Explicit
08-04 00:05:51.656 26377 26388 I art     : Explicit concurrent mark sweep GC freed 101(1744B) AllocSpace objects, 0(0B) LOS objects, 8% free, 183MB/199MB, paused 1.283ms total 52.878ms
08-04 00:05:51.674 26377 26388 I art     : Starting a blocking GC Explicit
08-04 00:05:51.733 26377 26388 I art     : Explicit concurrent mark sweep GC freed 123(2096B) AllocSpace objects, 0(0B) LOS objects, 8% free, 183MB/199MB, paused 1.307ms total 57.912ms
08-04 00:05:52.054 28679 28679 D AndroidRuntime: >>>>>> START com.android.internal.os.RuntimeInit uid 2000 <<<<<<
08-04 00:05:52.060 28679 28679 D AndroidRuntime: CheckJNI is OFF
08-04 00:05:52.104 28679 28679 D ICU     : No timezone override file found: /data/misc/zoneinfo/current/icu/icu_tzdata.dat
08-04 00:05:52.147 28679 28679 I Radio-JNI: register_android_hardware_Radio DONE
08-04 00:05:52.153 26377 26389 I art     : Starting a blocking GC Explicit
08-04 00:05:52.178 28679 28679 D AndroidRuntime: Calling main entry com.android.commands.input.Input
08-04 00:05:52.180 28679 28679 I Input   : injectMotionEvent: MotionEvent { action=ACTION_DOWN, actionButton=0, id[0]=0, x[0]=117.0, y[0]=170.0, toolType[0]=TOOL_TYPE_UNKNOWN, buttonState=0, metaState=0, flags=0x0, edgeFlags=0x0, pointerCount=1, historySize=0, eventTime=662768592, downTime=662768592, deviceId=0, source=0x1002 }
08-04 00:05:52.186 28679 28679 I Input   : injectMotionEvent: MotionEvent { action=ACTION_UP, actionButton=0, id[0]=0, x[0]=117.0, y[0]=170.0, toolType[0]=TOOL_TYPE_UNKNOWN, buttonState=0, metaState=0, flags=0x0, edgeFlags=0x0, pointerCount=1, historySize=0, eventTime=662768592, downTime=662768592, deviceId=0, source=0x1002 }
08-04 00:05:52.188 28679 28679 D AndroidRuntime: Shutting down VM
08-04 00:05:52.200   512  2967 D audio_hw_primary: out_set_parameters: enter: usecase(1: low-latency-playback) kvpairs: routing=2
08-04 00:05:52.208 26377 26389 I art     : Explicit concurrent mark sweep GC freed 2312(104KB) AllocSpace objects, 2(52KB) LOS objects, 8% free, 183MB/199MB, paused 1.343ms total 54.506ms
08-04 00:05:52.215   512  2967 D audio_hw_primary: select_devices: out_snd_device(2: speaker) in_snd_device(0: none)
08-04 00:05:52.215   512  2967 D msm8974_platform: platform_send_audio_calibration: sending audio calibration for snd_device(2) acdb_id(15)
08-04 00:05:52.215   512  2967 I soundtrigger: audio_extn_sound_trigger_update_device_status: device 0x2 of type 0 for Event 1
08-04 00:05:52.225   512  2967 D audio_hw_primary: enable_snd_device: snd_device(2: speaker)
08-04 00:05:52.227 26377 26389 I art     : Starting a blocking GC Explicit
08-04 00:05:52.227   512  2967 D audio_hw_primary: enable_audio_route: apply and update mixer path: low-latency-playback speaker
08-04 00:05:52.277 26377 26389 I art     : Explicit concurrent mark sweep GC freed 194(5KB) AllocSpace objects, 0(0B) LOS objects, 7% free, 184MB/200MB, paused 1.292ms total 49.808ms
08-04 00:05:52.295 26377 26389 I art     : Starting a blocking GC Explicit
08-04 00:05:52.346 26377 26389 I art     : Explicit concurrent mark sweep GC freed 495(21KB) AllocSpace objects, 0(0B) LOS objects, 7% free, 184MB/200MB, paused 1.190ms total 49.955ms
08-04 00:05:52.365 26377 26389 I art     : Starting a blocking GC Explicit
08-04 00:05:52.423 26377 26389 I art     : Explicit concurrent mark sweep GC freed 136(2672B) AllocSpace objects, 0(0B) LOS objects, 7% free, 184MB/200MB, paused 1.334ms total 57.829ms
08-04 00:05:52.443 26377 26389 I art     : Starting a blocking GC Explicit
08-04 00:05:52.491 26377 26389 I art     : Explicit concurrent mark sweep GC freed 101(1760B) AllocSpace objects, 0(0B) LOS objects, 7% free, 184MB/200MB, paused 1.169ms total 47.720ms
08-04 00:05:52.759   512  2967 D audio_hw_primary: disable_audio_route: reset and update mixer path: low-latency-playback speaker
08-04 00:05:52.760   512  2967 D audio_hw_primary: disable_snd_device: snd_device(2: speaker)
08-04 00:05:52.769   512  2967 I soundtrigger: audio_extn_sound_trigger_update_device_status: device 0x2 of type 0 for Event 0
08-04 00:05:52.885   918  3261 D WifiStateMachine: starting scan for "H369AA63323"WPA_PSK with 2412,5180
08-04 00:05:52.890 26377 26389 I art     : Starting a blocking GC Explicit
08-04 00:05:52.945 28705 28705 D AndroidRuntime: >>>>>> START com.android.internal.os.RuntimeInit uid 2000 <<<<<<
08-04 00:05:52.945 26377 26389 I art     : Explicit concurrent mark sweep GC freed 2238(102KB) AllocSpace objects, 2(52KB) LOS objects, 7% free, 184MB/200MB, paused 1.315ms total 55.379ms
08-04 00:05:52.951 28705 28705 D AndroidRuntime: CheckJNI is OFF
08-04 00:05:52.964 26377 26389 I art     : Starting a blocking GC Explicit
08-04 00:05:52.993 28705 28705 D ICU     : No timezone override file found: /data/misc/zoneinfo/current/icu/icu_tzdata.dat
08-04 00:05:53.015 26377 26389 I art     : Explicit concurrent mark sweep GC freed 135(2976B) AllocSpace objects, 0(0B) LOS objects, 7% free, 184MB/200MB, paused 1.357ms total 50.741ms
08-04 00:05:53.033 26377 26389 I art     : Starting a blocking GC Explicit
08-04 00:05:53.034 28705 28705 I Radio-JNI: register_android_hardware_Radio DONE
08-04 00:05:53.063 28705 28705 D AndroidRuntime: Calling main entry com.android.commands.input.Input
08-04 00:05:53.065 28705 28705 I Input   : injectMotionEvent: MotionEvent { action=ACTION_DOWN, actionButton=0, id[0]=0, x[0]=355.0, y[0]=1674.0, toolType[0]=TOOL_TYPE_UNKNOWN, buttonState=0, metaState=0, flags=0x0, edgeFlags=0x0, pointerCount=1, historySize=0, eventTime=662769478, downTime=662769478, deviceId=0, source=0x1002 }
08-04 00:05:53.069 28705 28705 I Input   : injectMotionEvent: MotionEvent { action=ACTION_UP, actionButton=0, id[0]=0, x[0]=355.0, y[0]=1674.0, toolType[0]=TOOL_TYPE_UNKNOWN, buttonState=0, metaState=0, flags=0x0, edgeFlags=0x0, pointerCount=1, historySize=0, eventTime=662769478, downTime=662769478, deviceId=0, source=0x1002 }
08-04 00:05:53.071 28705 28705 D AndroidRuntime: Shutting down VM
08-04 00:05:53.086   512  2967 D audio_hw_primary: out_set_parameters: enter: usecase(1: low-latency-playback) kvpairs: routing=2
08-04 00:05:53.086 26377 26389 I art     : Explicit concurrent mark sweep GC freed 167(4KB) AllocSpace objects, 0(0B) LOS objects, 7% free, 184MB/200MB, paused 1.469ms total 52.601ms
08-04 00:05:53.097 26377 26377 V MainActivity: url = https://project-travel-mate.herokuapp.com/api/number-of-unread-notifications
08-04 00:05:53.099   512  2967 D audio_hw_primary: select_devices: out_snd_device(2: speaker) in_snd_device(0: none)
08-04 00:05:53.099   512  2967 D msm8974_platform: platform_send_audio_calibration: sending audio calibration for snd_device(2) acdb_id(15)
08-04 00:05:53.099   512  2967 I soundtrigger: audio_extn_sound_trigger_update_device_status: device 0x2 of type 0 for Event 1
08-04 00:05:53.107 26377 26389 I art     : Starting a blocking GC Explicit
08-04 00:05:53.109   512  2967 D audio_hw_primary: enable_snd_device: snd_device(2: speaker)
08-04 00:05:53.111   512  2967 D audio_hw_primary: enable_audio_route: apply and update mixer path: low-latency-playback speaker
08-04 00:05:53.152   512  2967 D AudioFlinger: mixer(0xf4740000) throttle end: throttle time(12)
08-04 00:05:53.161 26377 26389 I art     : Explicit concurrent mark sweep GC freed 2062(75KB) AllocSpace objects, 0(0B) LOS objects, 7% free, 184MB/200MB, paused 1.545ms total 53.676ms
08-04 00:05:53.180 26377 26389 I art     : Starting a blocking GC Explicit
08-04 00:05:53.232 26377 26389 I art     : Explicit concurrent mark sweep GC freed 2465(202KB) AllocSpace objects, 0(0B) LOS objects, 7% free, 184MB/200MB, paused 1.364ms total 50.802ms
08-04 00:05:53.629 26377 26397 I art     : Starting a blocking GC Explicit
08-04 00:05:53.639   512  2967 D audio_hw_primary: disable_audio_route: reset and update mixer path: low-latency-playback speaker
08-04 00:05:53.640   512  2967 D audio_hw_primary: disable_snd_device: snd_device(2: speaker)
08-04 00:05:53.649   512  2967 I soundtrigger: audio_extn_sound_trigger_update_device_status: device 0x2 of type 0 for Event 0
08-04 00:05:53.687 26377 26397 I art     : Explicit concurrent mark sweep GC freed 2306(149KB) AllocSpace objects, 13(420KB) LOS objects, 7% free, 184MB/200MB, paused 1.577ms total 58.320ms
08-04 00:05:53.706 26377 26397 I art     : Starting a blocking GC Explicit
08-04 00:05:53.743 26377 28726 I NAPPA_EXPERIMENTATION: MetricNetworkRequestExecutionTime: REQUEST_DURATION_SYSTEM='645',REQUEST_DURATION_OKHTTP='30',REQUEST_SYNCHRONOUS='FALSE',RESPONSE_CODE='200',RESPONSE_METHOD='GET',RESPONSE_LENGTH_OKHTTP='36',RESPONSE_LENGTH_HEADER='36',REQUEST_PROTOCOL='http/1.1',REQUEST_URL='https://project-travel-mate.herokuapp.com/api/number-of-unread-notifications',
08-04 00:05:53.764 26377 26397 I art     : Explicit concurrent mark sweep GC freed 2253(109KB) AllocSpace objects, 1(80KB) LOS objects, 7% free, 184MB/200MB, paused 1.319ms total 57.029ms
08-04 00:05:53.783 26377 26397 I art     : Starting a blocking GC Explicit
08-04 00:05:53.837 26377 26397 I art     : Explicit concurrent mark sweep GC freed 881(101KB) AllocSpace objects, 0(0B) LOS objects, 7% free, 184MB/200MB, paused 1.324ms total 53.863ms
08-04 00:05:53.856 26377 26397 I art     : Starting a blocking GC Explicit
08-04 00:05:53.913 26377 26397 I art     : Explicit concurrent mark sweep GC freed 3(96B) AllocSpace objects, 0(0B) LOS objects, 7% free, 184MB/200MB, paused 1.254ms total 56.486ms
08-04 00:05:53.932 26377 26397 I art     : Starting a blocking GC Explicit
08-04 00:05:53.995 26377 26397 I art     : Explicit concurrent mark sweep GC freed 3(96B) AllocSpace objects, 0(0B) LOS objects, 7% free, 184MB/200MB, paused 1.373ms total 62.096ms
08-04 00:05:54.403 26377 26388 I art     : Starting a blocking GC Explicit
08-04 00:05:54.478 26377 26388 I art     : Explicit concurrent mark sweep GC freed 1617(92KB) AllocSpace objects, 2(48KB) LOS objects, 7% free, 184MB/200MB, paused 1.719ms total 75.479ms
08-04 00:05:54.499 26377 26388 I art     : Starting a blocking GC Explicit
08-04 00:05:54.557 26377 26388 I art     : Explicit concurrent mark sweep GC freed 28(1024B) AllocSpace objects, 0(0B) LOS objects, 7% free, 184MB/200MB, paused 1.297ms total 57.569ms
08-04 00:05:54.577 26377 26388 I art     : Starting a blocking GC Explicit
08-04 00:05:54.634 26377 26388 I art     : Explicit concurrent mark sweep GC freed 3(96B) AllocSpace objects, 0(0B) LOS objects, 7% free, 184MB/200MB, paused 1.242ms total 56.987ms
08-04 00:05:54.654 26377 26388 I art     : Starting a blocking GC Explicit
08-04 00:05:54.711 26377 26388 I art     : Explicit concurrent mark sweep GC freed 4(128B) AllocSpace objects, 0(0B) LOS objects, 7% free, 184MB/200MB, paused 1.368ms total 57.010ms
08-04 00:05:54.735 26377 26388 I art     : Starting a blocking GC Explicit
08-04 00:05:54.788 26377 26388 I art     : Explicit concurrent mark sweep GC freed 13(416B) AllocSpace objects, 0(0B) LOS objects, 7% free, 184MB/200MB, paused 1.197ms total 52.362ms
08-04 00:05:55.240 26377 26388 I art     : Starting a blocking GC Explicit
08-04 00:05:55.298 26377 26388 I art     : Explicit concurrent mark sweep GC freed 1648(94KB) AllocSpace objects, 2(48KB) LOS objects, 7% free, 184MB/200MB, paused 1.159ms total 57.444ms
08-04 00:05:55.318 26377 26388 I art     : Starting a blocking GC Explicit
08-04 00:05:55.371 26377 26388 I art     : Explicit concurrent mark sweep GC freed 38(1568B) AllocSpace objects, 0(0B) LOS objects, 7% free, 184MB/200MB, paused 1.297ms total 53.488ms
08-04 00:05:55.390 26377 26388 I art     : Starting a blocking GC Explicit
08-04 00:05:55.444 26377 26388 I art     : Explicit concurrent mark sweep GC freed 3(96B) AllocSpace objects, 0(0B) LOS objects, 7% free, 184MB/200MB, paused 1.227ms total 53.944ms
08-04 00:05:55.464 26377 26388 I art     : Starting a blocking GC Explicit
08-04 00:05:55.523 26377 26388 I art     : Explicit concurrent mark sweep GC freed 3(96B) AllocSpace objects, 0(0B) LOS objects, 7% free, 184MB/200MB, paused 1.245ms total 58.743ms
08-04 00:05:55.542 26377 26388 I art     : Starting a blocking GC Explicit
08-04 00:05:55.602 26377 26388 I art     : Explicit concurrent mark sweep GC freed 3(96B) AllocSpace objects, 0(0B) LOS objects, 7% free, 184MB/200MB, paused 1.313ms total 59.401ms
08-04 00:05:55.858 28759 28759 D AndroidRuntime: >>>>>> START com.android.internal.os.RuntimeInit uid 2000 <<<<<<
08-04 00:05:55.864 28759 28759 D AndroidRuntime: CheckJNI is OFF
08-04 00:05:55.907 28759 28759 D ICU     : No timezone override file found: /data/misc/zoneinfo/current/icu/icu_tzdata.dat
08-04 00:05:55.950 28759 28759 I Radio-JNI: register_android_hardware_Radio DONE
08-04 00:05:55.980 28759 28759 D AndroidRuntime: Calling main entry com.android.commands.input.Input
08-04 00:05:55.983 28759 28759 I Input   : injectMotionEvent: MotionEvent { action=ACTION_DOWN, actionButton=0, id[0]=0, x[0]=747.0, y[0]=608.0, toolType[0]=TOOL_TYPE_UNKNOWN, buttonState=0, metaState=0, flags=0x0, edgeFlags=0x0, pointerCount=1, historySize=0, eventTime=662772395, downTime=662772395, deviceId=0, source=0x1002 }
08-04 00:05:55.987 28759 28759 I Input   : injectMotionEvent: MotionEvent { action=ACTION_UP, actionButton=0, id[0]=0, x[0]=747.0, y[0]=608.0, toolType[0]=TOOL_TYPE_UNKNOWN, buttonState=0, metaState=0, flags=0x0, edgeFlags=0x0, pointerCount=1, historySize=0, eventTime=662772395, downTime=662772395, deviceId=0, source=0x1002 }
08-04 00:05:55.989 28759 28759 D AndroidRuntime: Shutting down VM
08-04 00:05:55.991   512  2967 D audio_hw_primary: out_set_parameters: enter: usecase(1: low-latency-playback) kvpairs: routing=2
08-04 00:05:55.991   918  4400 I ActivityManager: START u0 {cmp=baseline.io.github.project_travel_mate/.utilities.ChecklistActivity} from uid 10650 on display 0
08-04 00:05:56.004   512  2967 D audio_hw_primary: select_devices: out_snd_device(2: speaker) in_snd_device(0: none)
08-04 00:05:56.004   512  2967 D msm8974_platform: platform_send_audio_calibration: sending audio calibration for snd_device(2) acdb_id(15)
08-04 00:05:56.004   512  2967 I soundtrigger: audio_extn_sound_trigger_update_device_status: device 0x2 of type 0 for Event 1
08-04 00:05:56.016   512  2967 D audio_hw_primary: enable_snd_device: snd_device(2: speaker)
08-04 00:05:56.019   512  2967 D audio_hw_primary: enable_audio_route: apply and update mixer path: low-latency-playback speaker
08-04 00:05:56.036 26377 26397 I art     : Starting a blocking GC Explicit
08-04 00:05:56.090 26377 26397 I art     : Explicit concurrent mark sweep GC freed 2410(143KB) AllocSpace objects, 2(48KB) LOS objects, 7% free, 184MB/200MB, paused 1.609ms total 53.839ms
08-04 00:05:56.094   918   936 I ActivityManager: Displayed baseline.io.github.project_travel_mate/.utilities.ChecklistActivity: +93ms
08-04 00:05:56.095 13866 13866 I GoogleInputMethodServic: GoogleInputMethodService.onFinishInput():3138 
08-04 00:05:56.095 13866 13866 I GoogleInputMethodServic: GoogleInputMethodService.onStartInput():1808 
08-04 00:05:56.109 26377 26397 I art     : Starting a blocking GC Explicit
08-04 00:05:56.162 26377 26397 I art     : Explicit concurrent mark sweep GC freed 429(17KB) AllocSpace objects, 0(0B) LOS objects, 7% free, 184MB/200MB, paused 1.234ms total 52.940ms
08-04 00:05:56.181 26377 26397 I art     : Starting a blocking GC Explicit
08-04 00:05:56.239 26377 26397 I art     : Explicit concurrent mark sweep GC freed 15(544B) AllocSpace objects, 0(0B) LOS objects, 7% free, 184MB/200MB, paused 1.628ms total 57.742ms
08-04 00:05:56.260 26377 26397 I art     : Starting a blocking GC Explicit
08-04 00:05:56.325 26377 26397 I art     : Explicit concurrent mark sweep GC freed 3(96B) AllocSpace objects, 0(0B) LOS objects, 7% free, 184MB/200MB, paused 1.411ms total 64.521ms
08-04 00:05:56.334   380   380 W SurfaceFlinger: couldn't log to binary event log: overflow.
08-04 00:05:56.347 26377 26397 I art     : Starting a blocking GC Explicit
08-04 00:05:56.397 26377 26397 I art     : Explicit concurrent mark sweep GC freed 3(96B) AllocSpace objects, 0(0B) LOS objects, 7% free, 184MB/200MB, paused 1.234ms total 49.707ms
08-04 00:05:56.559   512  2967 D audio_hw_primary: disable_audio_route: reset and update mixer path: low-latency-playback speaker
08-04 00:05:56.560   512  2967 D audio_hw_primary: disable_snd_device: snd_device(2: speaker)
08-04 00:05:56.569   512  2967 I soundtrigger: audio_extn_sound_trigger_update_device_status: device 0x2 of type 0 for Event 0
08-04 00:05:56.791 26377 26397 I art     : Starting a blocking GC Explicit
08-04 00:05:56.861 26377 26397 I art     : Explicit concurrent mark sweep GC freed 1650(94KB) AllocSpace objects, 2(48KB) LOS objects, 7% free, 184MB/200MB, paused 1.443ms total 69.037ms
08-04 00:05:56.883 26377 26397 I art     : Starting a blocking GC Explicit
08-04 00:05:56.944 26377 26397 I art     : Explicit concurrent mark sweep GC freed 56(2368B) AllocSpace objects, 0(0B) LOS objects, 7% free, 184MB/200MB, paused 1.411ms total 60.105ms
08-04 00:05:56.966 26377 26397 I art     : Starting a blocking GC Explicit
08-04 00:05:57.023 26377 26397 I art     : Explicit concurrent mark sweep GC freed 3(96B) AllocSpace objects, 0(0B) LOS objects, 7% free, 184MB/200MB, paused 1.306ms total 56.560ms
08-04 00:05:57.042 26377 26397 I art     : Starting a blocking GC Explicit
08-04 00:05:57.100 26377 26397 I art     : Explicit concurrent mark sweep GC freed 3(96B) AllocSpace objects, 0(0B) LOS objects, 7% free, 184MB/200MB, paused 1.347ms total 57.740ms
08-04 00:05:57.120 26377 26397 I art     : Starting a blocking GC Explicit
08-04 00:05:57.182 26377 26397 I art     : Explicit concurrent mark sweep GC freed 40(1088B) AllocSpace objects, 0(0B) LOS objects, 7% free, 184MB/200MB, paused 1.422ms total 61.520ms
08-04 00:05:57.600 26377 26654 I art     : Starting a blocking GC Explicit
08-04 00:05:57.679 26377 26654 I art     : Explicit concurrent mark sweep GC freed 1586(92KB) AllocSpace objects, 2(48KB) LOS objects, 7% free, 184MB/200MB, paused 1.551ms total 78.443ms
08-04 00:05:57.703 26377 26654 I art     : Starting a blocking GC Explicit
08-04 00:05:57.769 26377 26654 I art     : Explicit concurrent mark sweep GC freed 28(1024B) AllocSpace objects, 0(0B) LOS objects, 7% free, 184MB/200MB, paused 1.450ms total 65.511ms
08-04 00:05:57.789 26377 26654 I art     : Starting a blocking GC Explicit
08-04 00:05:57.854 26377 26654 I art     : Explicit concurrent mark sweep GC freed 16(704B) AllocSpace objects, 0(0B) LOS objects, 7% free, 184MB/200MB, paused 1.298ms total 64.567ms
08-04 00:05:57.873 26377 26654 I art     : Starting a blocking GC Explicit
08-04 00:05:57.943 26377 26654 I art     : Explicit concurrent mark sweep GC freed 17(528B) AllocSpace objects, 0(0B) LOS objects, 7% free, 184MB/200MB, paused 1.415ms total 69.254ms
08-04 00:05:57.966 26377 26654 I art     : Starting a blocking GC Explicit
08-04 00:05:58.028 26377 26654 I art     : Explicit concurrent mark sweep GC freed 3(96B) AllocSpace objects, 0(0B) LOS objects, 7% free, 184MB/200MB, paused 1.407ms total 61.771ms
08-04 00:05:58.471 26377 26389 I art     : Starting a blocking GC Explicit
08-04 00:05:58.553 26377 26389 I art     : Explicit concurrent mark sweep GC freed 1635(93KB) AllocSpace objects, 2(48KB) LOS objects, 7% free, 184MB/200MB, paused 1.469ms total 81.511ms
08-04 00:05:58.575 26377 26389 I art     : Starting a blocking GC Explicit
08-04 00:05:58.637 26377 26389 I art     : Explicit concurrent mark sweep GC freed 38(1568B) AllocSpace objects, 0(0B) LOS objects, 7% free, 184MB/200MB, paused 1.367ms total 61.344ms
08-04 00:05:58.657 26377 26389 I art     : Starting a blocking GC Explicit
08-04 00:05:58.726 26377 26389 I art     : Explicit concurrent mark sweep GC freed 3(96B) AllocSpace objects, 0(0B) LOS objects, 7% free, 184MB/200MB, paused 1.355ms total 68.559ms
08-04 00:05:58.748 26377 26389 I art     : Starting a blocking GC Explicit
08-04 00:05:58.817 26377 26389 I art     : Explicit concurrent mark sweep GC freed 3(96B) AllocSpace objects, 0(0B) LOS objects, 7% free, 184MB/200MB, paused 1.465ms total 68.803ms
08-04 00:05:58.839 26377 26389 I art     : Starting a blocking GC Explicit
08-04 00:05:58.902 26377 26389 I art     : Explicit concurrent mark sweep GC freed 3(96B) AllocSpace objects, 0(0B) LOS objects, 7% free, 184MB/200MB, paused 1.385ms total 62.245ms
08-04 00:05:59.332 26377 26388 I art     : Starting a blocking GC Explicit
08-04 00:05:59.409 26377 26388 I art     : Explicit concurrent mark sweep GC freed 1621(92KB) AllocSpace objects, 2(48KB) LOS objects, 7% free, 184MB/200MB, paused 1.545ms total 77.085ms
08-04 00:05:59.432 26377 26388 I art     : Starting a blocking GC Explicit
08-04 00:05:59.497 26377 26388 I art     : Explicit concurrent mark sweep GC freed 28(1024B) AllocSpace objects, 0(0B) LOS objects, 7% free, 184MB/200MB, paused 1.426ms total 64.749ms
08-04 00:05:59.499 26377 26387 I art     : WaitForGcToComplete blocked for 19.078ms for cause HeapTrim
08-04 00:05:59.521 26377 26388 I art     : Starting a blocking GC Explicit
08-04 00:05:59.591 26377 26388 I art     : Explicit concurrent mark sweep GC freed 9(496B) AllocSpace objects, 0(0B) LOS objects, 7% free, 184MB/200MB, paused 1.453ms total 69.453ms
08-04 00:05:59.614 26377 26388 I art     : Starting a blocking GC Explicit
08-04 00:05:59.678 26377 26388 I art     : Explicit concurrent mark sweep GC freed 15(672B) AllocSpace objects, 0(0B) LOS objects, 7% free, 184MB/200MB, paused 1.390ms total 63.478ms
08-04 00:05:59.698 26377 26388 I art     : Starting a blocking GC Explicit
08-04 00:05:59.763 26377 26388 I art     : Explicit concurrent mark sweep GC freed 7(320B) AllocSpace objects, 0(0B) LOS objects, 7% free, 184MB/200MB, paused 1.414ms total 64.823ms
08-04 00:06:00.205 26377 26397 I art     : Starting a blocking GC Explicit
08-04 00:06:00.267 26377 26397 I art     : Explicit concurrent mark sweep GC freed 1623(93KB) AllocSpace objects, 2(48KB) LOS objects, 7% free, 184MB/200MB, paused 1.799ms total 61.124ms
08-04 00:06:00.286 26377 26397 I art     : Starting a blocking GC Explicit
08-04 00:06:00.336 26377 26397 I art     : Explicit concurrent mark sweep GC freed 28(1024B) AllocSpace objects, 0(0B) LOS objects, 7% free, 184MB/200MB, paused 1.223ms total 49.947ms
08-04 00:06:00.355 26377 26397 I art     : Starting a blocking GC Explicit
08-04 00:06:00.410 26377 26397 I art     : Explicit concurrent mark sweep GC freed 3(96B) AllocSpace objects, 0(0B) LOS objects, 7% free, 184MB/200MB, paused 1.310ms total 55.016ms
08-04 00:06:00.429 26377 26397 I art     : Starting a blocking GC Explicit
08-04 00:06:00.444   518   646 I ThermalEngine: ACTION: GPU - Setting GPU[0] to 510000000
08-04 00:06:00.485 26377 26397 I art     : Explicit concurrent mark sweep GC freed 3(96B) AllocSpace objects, 0(0B) LOS objects, 7% free, 184MB/200MB, paused 1.027ms total 55.695ms
08-04 00:06:00.500 26377 26397 I art     : Starting a blocking GC Explicit
08-04 00:06:00.546 26377 26397 I art     : Explicit concurrent mark sweep GC freed 3(96B) AllocSpace objects, 0(0B) LOS objects, 7% free, 184MB/200MB, paused 1.012ms total 44.852ms
08-04 00:06:00.721 28835 28835 D AndroidRuntime: >>>>>> START com.android.internal.os.RuntimeInit uid 2000 <<<<<<
08-04 00:06:00.726 28835 28835 D AndroidRuntime: CheckJNI is OFF
08-04 00:06:00.757 28835 28835 D ICU     : No timezone override file found: /data/misc/zoneinfo/current/icu/icu_tzdata.dat
08-04 00:06:00.788 28835 28835 I Radio-JNI: register_android_hardware_Radio DONE
08-04 00:06:00.811 28835 28835 D AndroidRuntime: Calling main entry com.android.commands.input.Input
08-04 00:06:00.812 28835 28835 I Input   : injectKeyEvent: KeyEvent { action=ACTION_DOWN, keyCode=KEYCODE_BACK, scanCode=0, metaState=0, flags=0x0, repeatCount=0, eventTime=662777225, downTime=662777225, deviceId=-1, source=0x101 }
08-04 00:06:00.817 28835 28835 I Input   : injectKeyEvent: KeyEvent { action=ACTION_UP, keyCode=KEYCODE_BACK, scanCode=0, metaState=0, flags=0x0, repeatCount=0, eventTime=662777225, downTime=662777225, deviceId=-1, source=0x101 }
08-04 00:06:00.823 28835 28835 D AndroidRuntime: Shutting down VM
08-04 00:06:00.838 26377 26377 V MainActivity: url = https://project-travel-mate.herokuapp.com/api/number-of-unread-notifications
08-04 00:06:00.867 13866 13866 I GoogleInputMethodServic: GoogleInputMethodService.onFinishInput():3138 
08-04 00:06:00.867 13866 13866 I GoogleInputMethodServic: GoogleInputMethodService.onStartInput():1808 
08-04 00:06:00.913 26377 26389 I art     : Starting a blocking GC Explicit
08-04 00:06:00.954 26377 26389 I art     : Explicit concurrent mark sweep GC freed 2022(109KB) AllocSpace objects, 2(48KB) LOS objects, 7% free, 184MB/200MB, paused 1.072ms total 41.287ms
08-04 00:06:00.969 26377 26389 I art     : Starting a blocking GC Explicit
08-04 00:06:01.012 26377 26389 I art     : Explicit concurrent mark sweep GC freed 138(7KB) AllocSpace objects, 0(0B) LOS objects, 7% free, 184MB/200MB, paused 892us total 41.903ms
08-04 00:06:01.026 26377 26389 I art     : Starting a blocking GC Explicit
08-04 00:06:01.075 26377 26389 I art     : Explicit concurrent mark sweep GC freed 24(1200B) AllocSpace objects, 0(0B) LOS objects, 7% free, 184MB/200MB, paused 936us total 48.272ms
08-04 00:06:01.091 26377 26389 I art     : Starting a blocking GC Explicit
08-04 00:06:01.136 26377 26389 I art     : Explicit concurrent mark sweep GC freed 7(288B) AllocSpace objects, 0(0B) LOS objects, 7% free, 184MB/200MB, paused 1.059ms total 44.670ms
08-04 00:06:01.151 26377 26389 I art     : Starting a blocking GC Explicit
08-04 00:06:01.173   380   380 W SurfaceFlinger: couldn't log to binary event log: overflow.
08-04 00:06:01.197 26377 26389 I art     : Explicit concurrent mark sweep GC freed 427(18KB) AllocSpace objects, 0(0B) LOS objects, 7% free, 184MB/200MB, paused 964us total 45.181ms
08-04 00:06:01.427 26377 28858 I NAPPA_EXPERIMENTATION: MetricNetworkRequestExecutionTime: REQUEST_DURATION_SYSTEM='588',REQUEST_DURATION_OKHTTP='30',REQUEST_SYNCHRONOUS='FALSE',RESPONSE_CODE='200',RESPONSE_METHOD='GET',RESPONSE_LENGTH_OKHTTP='36',RESPONSE_LENGTH_HEADER='36',REQUEST_PROTOCOL='http/1.1',REQUEST_URL='https://project-travel-mate.herokuapp.com/api/number-of-unread-notifications',
08-04 00:06:01.554 26377 26654 I art     : Starting a blocking GC Explicit
08-04 00:06:01.624 26377 26654 I art     : Explicit concurrent mark sweep GC freed 4430(242KB) AllocSpace objects, 5(248KB) LOS objects, 7% free, 184MB/200MB, paused 1.084ms total 69.042ms
08-04 00:06:01.641 26377 26654 I art     : Starting a blocking GC Explicit
08-04 00:06:01.690 26377 26654 I art     : Explicit concurrent mark sweep GC freed 1100(124KB) AllocSpace objects, 0(0B) LOS objects, 7% free, 184MB/200MB, paused 1.054ms total 47.903ms
08-04 00:06:01.705 26377 26654 I art     : Starting a blocking GC Explicit
08-04 00:06:01.753 26377 26654 I art     : Explicit concurrent mark sweep GC freed 3(96B) AllocSpace objects, 0(0B) LOS objects, 7% free, 184MB/200MB, paused 1.036ms total 47.970ms
08-04 00:06:01.768 26377 26654 I art     : Starting a blocking GC Explicit
08-04 00:06:01.817 26377 26654 I art     : Explicit concurrent mark sweep GC freed 3(96B) AllocSpace objects, 0(0B) LOS objects, 7% free, 184MB/200MB, paused 994us total 48.258ms
08-04 00:06:01.832 26377 26654 I art     : Starting a blocking GC Explicit
08-04 00:06:01.879 26377 26654 I art     : Explicit concurrent mark sweep GC freed 3(96B) AllocSpace objects, 0(0B) LOS objects, 7% free, 184MB/200MB, paused 1.050ms total 47.528ms
08-04 00:06:02.239 26377 26388 I art     : Starting a blocking GC Explicit
08-04 00:06:02.294 26377 26388 I art     : Explicit concurrent mark sweep GC freed 1623(93KB) AllocSpace objects, 2(48KB) LOS objects, 7% free, 184MB/200MB, paused 1.140ms total 54.807ms
08-04 00:06:02.312 26377 26388 I art     : Starting a blocking GC Explicit
08-04 00:06:02.358 26377 26388 I art     : Explicit concurrent mark sweep GC freed 28(1024B) AllocSpace objects, 0(0B) LOS objects, 7% free, 184MB/200MB, paused 1.063ms total 46.218ms
08-04 00:06:02.373 26377 26388 I art     : Starting a blocking GC Explicit
08-04 00:06:02.418 26377 26388 I art     : Explicit concurrent mark sweep GC freed 3(96B) AllocSpace objects, 0(0B) LOS objects, 7% free, 184MB/200MB, paused 1.015ms total 45.595ms
08-04 00:06:02.433 26377 26388 I art     : Starting a blocking GC Explicit
08-04 00:06:02.480 26377 26388 I art     : Explicit concurrent mark sweep GC freed 6(192B) AllocSpace objects, 0(0B) LOS objects, 7% free, 184MB/200MB, paused 1.424ms total 46.794ms
08-04 00:06:02.499 26377 26388 I art     : Starting a blocking GC Explicit
08-04 00:06:02.507 28872 28872 D AndroidRuntime: >>>>>> START com.android.internal.os.RuntimeInit uid 2000 <<<<<<
08-04 00:06:02.512 28872 28872 D AndroidRuntime: CheckJNI is OFF
08-04 00:06:02.545 28872 28872 D ICU     : No timezone override file found: /data/misc/zoneinfo/current/icu/icu_tzdata.dat
