08-04 00:05:13.917 26377 26389 I art     : Explicit concurrent mark sweep GC freed 1916(105KB) AllocSpace objects, 2(36KB) LOS objects, 10% free, 135MB/151MB, paused 1.050ms total 34.691ms
08-04 00:05:13.932 26377 26389 I art     : Starting a blocking GC Explicit
08-04 00:05:13.962 26377 26389 I art     : Explicit concurrent mark sweep GC freed 170(7KB) AllocSpace objects, 0(0B) LOS objects, 10% free, 135MB/151MB, paused 750us total 30.346ms
08-04 00:05:13.974 26377 26389 I art     : Starting a blocking GC Explicit
08-04 00:05:14.007 26377 26389 I art     : Explicit concurrent mark sweep GC freed 32(2240B) AllocSpace objects, 0(0B) LOS objects, 10% free, 135MB/151MB, paused 955us total 32.465ms
08-04 00:05:14.020 26377 26389 I art     : Starting a blocking GC Explicit
08-04 00:05:14.054 26377 26389 I art     : Explicit concurrent mark sweep GC freed 3(96B) AllocSpace objects, 0(0B) LOS objects, 10% free, 135MB/151MB, paused 737us total 33.497ms
08-04 00:05:14.068 26377 26389 I art     : Starting a blocking GC Explicit
08-04 00:05:14.102 26377 26389 I art     : Explicit concurrent mark sweep GC freed 24(1200B) AllocSpace objects, 0(0B) LOS objects, 10% free, 135MB/151MB, paused 806us total 34.140ms
08-04 00:05:14.186   380   380 W SurfaceFlinger: couldn't log to binary event log: overflow.
08-04 00:05:14.414 26377 27890 I NAPPA_EXPERIMENTATION: MetricNetworkRequestExecutionTime: REQUEST_DURATION_SYSTEM='545',REQUEST_DURATION_OKHTTP='31',REQUEST_SYNCHRONOUS='FALSE',RESPONSE_CODE='200',RESPONSE_METHOD='GET',RESPONSE_LENGTH_OKHTTP='36',RESPONSE_LENGTH_HEADER='36',REQUEST_PROTOCOL='http/1.1',REQUEST_URL='https://project-travel-mate.herokuapp.com/api/number-of-unread-notifications',
08-04 00:05:14.422 26377 26388 I art     : Starting a blocking GC Explicit
08-04 00:05:14.468 26377 26388 I art     : Explicit concurrent mark sweep GC freed 4754(256KB) AllocSpace objects, 5(236KB) LOS objects, 10% free, 135MB/151MB, paused 989us total 45.490ms
08-04 00:05:14.482 26377 26388 I art     : Starting a blocking GC Explicit
08-04 00:05:14.518 26377 26388 I art     : Explicit concurrent mark sweep GC freed 1173(127KB) AllocSpace objects, 0(0B) LOS objects, 10% free, 135MB/151MB, paused 904us total 36.265ms
08-04 00:05:14.531 26377 26388 I art     : Starting a blocking GC Explicit
08-04 00:05:14.568 26377 26388 I art     : Explicit concurrent mark sweep GC freed 3(96B) AllocSpace objects, 0(0B) LOS objects, 10% free, 135MB/151MB, paused 867us total 36.408ms
08-04 00:05:14.582 26377 26388 I art     : Starting a blocking GC Explicit
08-04 00:05:14.619 26377 26388 I art     : Explicit concurrent mark sweep GC freed 15(752B) AllocSpace objects, 0(0B) LOS objects, 10% free, 135MB/151MB, paused 898us total 36.703ms
08-04 00:05:14.633 26377 26388 I art     : Starting a blocking GC Explicit
08-04 00:05:14.670 26377 26388 I art     : Explicit concurrent mark sweep GC freed 13(640B) AllocSpace objects, 0(0B) LOS objects, 10% free, 135MB/151MB, paused 867us total 36.551ms
08-04 00:05:15.020 26377 26397 I art     : Starting a blocking GC Explicit
08-04 00:05:15.054 26377 26397 I art     : Explicit concurrent mark sweep GC freed 1582(91KB) AllocSpace objects, 2(36KB) LOS objects, 10% free, 135MB/151MB, paused 845us total 33.992ms
08-04 00:05:15.067 26377 26397 I art     : Starting a blocking GC Explicit
08-04 00:05:15.099 26377 26397 I art     : Explicit concurrent mark sweep GC freed 28(1024B) AllocSpace objects, 0(0B) LOS objects, 10% free, 135MB/151MB, paused 906us total 32.123ms
08-04 00:05:15.112 26377 26397 I art     : Starting a blocking GC Explicit
08-04 00:05:15.145 26377 26397 I art     : Explicit concurrent mark sweep GC freed 3(96B) AllocSpace objects, 0(0B) LOS objects, 10% free, 135MB/151MB, paused 874us total 33.053ms
08-04 00:05:15.158 26377 26397 I art     : Starting a blocking GC Explicit
08-04 00:05:15.192 26377 26397 I art     : Explicit concurrent mark sweep GC freed 34(928B) AllocSpace objects, 0(0B) LOS objects, 10% free, 135MB/151MB, paused 846us total 33.919ms
08-04 00:05:15.205 26377 26397 I art     : Starting a blocking GC Explicit
08-04 00:05:15.240 26377 26397 I art     : Explicit concurrent mark sweep GC freed 3(96B) AllocSpace objects, 0(0B) LOS objects, 10% free, 135MB/151MB, paused 843us total 34.292ms
08-04 00:05:15.485 27912 27912 D AndroidRuntime: >>>>>> START com.android.internal.os.RuntimeInit uid 2000 <<<<<<
08-04 00:05:15.490 27912 27912 D AndroidRuntime: CheckJNI is OFF
08-04 00:05:15.531 27912 27912 D ICU     : No timezone override file found: /data/misc/zoneinfo/current/icu/icu_tzdata.dat
08-04 00:05:15.569 27912 27912 I Radio-JNI: register_android_hardware_Radio DONE
08-04 00:05:15.586 26377 26397 I art     : Starting a blocking GC Explicit
08-04 00:05:15.590 27912 27912 D AndroidRuntime: Calling main entry com.android.commands.input.Input
08-04 00:05:15.592 27912 27912 I Input   : injectMotionEvent: MotionEvent { action=ACTION_DOWN, actionButton=0, id[0]=0, x[0]=657.0, y[0]=2037.0, toolType[0]=TOOL_TYPE_UNKNOWN, buttonState=0, metaState=0, flags=0x0, edgeFlags=0x0, pointerCount=1, historySize=0, eventTime=662732004, downTime=662732004, deviceId=0, source=0x1002 }
08-04 00:05:15.599 27912 27912 I Input   : injectMotionEvent: MotionEvent { action=ACTION_UP, actionButton=0, id[0]=0, x[0]=657.0, y[0]=2037.0, toolType[0]=TOOL_TYPE_UNKNOWN, buttonState=0, metaState=0, flags=0x0, edgeFlags=0x0, pointerCount=1, historySize=0, eventTime=662732004, downTime=662732004, deviceId=0, source=0x1002 }
08-04 00:05:15.601 27912 27912 D AndroidRuntime: Shutting down VM
08-04 00:05:15.607   918  3359 I ActivityManager: START u0 {cmp=baseline.io.github.project_travel_mate/.utilities.CompassActivity} from uid 10650 on display 0
08-04 00:05:15.610   512  2967 D audio_hw_primary: out_set_parameters: enter: usecase(1: low-latency-playback) kvpairs: routing=2
08-04 00:05:15.626 26377 26397 I art     : Explicit concurrent mark sweep GC freed 1619(97KB) AllocSpace objects, 2(36KB) LOS objects, 10% free, 135MB/151MB, paused 1.088ms total 39.497ms
08-04 00:05:15.626   512  2967 D audio_hw_primary: select_devices: out_snd_device(2: speaker) in_snd_device(0: none)
08-04 00:05:15.626   512  2967 D msm8974_platform: platform_send_audio_calibration: sending audio calibration for snd_device(2) acdb_id(15)
08-04 00:05:15.626   512  2967 I soundtrigger: audio_extn_sound_trigger_update_device_status: device 0x2 of type 0 for Event 1
08-04 00:05:15.636   512  2967 D audio_hw_primary: enable_snd_device: snd_device(2: speaker)
08-04 00:05:15.638   512  2967 D audio_hw_primary: enable_audio_route: apply and update mixer path: low-latency-playback speaker
08-04 00:05:15.640 26377 26397 I art     : Starting a blocking GC Explicit
08-04 00:05:15.674 26377 26397 I art     : Explicit concurrent mark sweep GC freed 329(37KB) AllocSpace objects, 0(0B) LOS objects, 10% free, 135MB/151MB, paused 857us total 33.483ms
08-04 00:05:15.686 26377 26397 I art     : Starting a blocking GC Explicit
08-04 00:05:15.718 26377 26397 I art     : Explicit concurrent mark sweep GC freed 138(6KB) AllocSpace objects, 0(0B) LOS objects, 7% free, 184MB/200MB, paused 962us total 31.560ms
08-04 00:05:15.730 26377 26397 I art     : Starting a blocking GC Explicit
08-04 00:05:15.762 26377 26397 I art     : Explicit concurrent mark sweep GC freed 27(1600B) AllocSpace objects, 0(0B) LOS objects, 7% free, 184MB/200MB, paused 929us total 31.816ms
08-04 00:05:15.775 26377 26397 I art     : Starting a blocking GC Explicit
08-04 00:05:15.807 26377 26397 I art     : Explicit concurrent mark sweep GC freed 3(96B) AllocSpace objects, 0(0B) LOS objects, 7% free, 184MB/200MB, paused 974us total 31.837ms
08-04 00:05:16.041 26377 26377 D CompassActivity: start compass
08-04 00:05:16.042   918  3696 I sensors : batch
08-04 00:05:16.043   918  3696 I sensors : activate
08-04 00:05:16.043   918  5952 I sensors : batch
08-04 00:05:16.043   918  5952 I sensors : activate
08-04 00:05:16.049   918  3188 I hubconnection: sensorhub said: 'batch 1 flags:0, sampling_rate_Hz:50.00, max_report_latency_us:0'
08-04 00:05:16.050   918  3188 I hubconnection: sensorhub said: 'activate 1 enable:1'
08-04 00:05:16.052   918  3188 I hubconnection: sensorhub said: 'batch 3 flags:0, sampling_rate_Hz:50.00, max_report_latency_us:0'
08-04 00:05:16.053   918  3188 I hubconnection: sensorhub said: 'activate 3 enable:1'
08-04 00:05:16.121 26377 26397 I art     : Starting a blocking GC Explicit
08-04 00:05:16.157 26377 26397 I art     : Explicit concurrent mark sweep GC freed 1803(102KB) AllocSpace objects, 2(36KB) LOS objects, 7% free, 187MB/203MB, paused 811us total 35.547ms
08-04 00:05:16.171 26377 26397 I art     : Starting a blocking GC Explicit
08-04 00:05:16.179   512  2967 D audio_hw_primary: disable_audio_route: reset and update mixer path: low-latency-playback speaker
08-04 00:05:16.180   512  2967 D audio_hw_primary: disable_snd_device: snd_device(2: speaker)
08-04 00:05:16.190   512  2967 I soundtrigger: audio_extn_sound_trigger_update_device_status: device 0x2 of type 0 for Event 0
08-04 00:05:16.200 26377 26397 I art     : Explicit concurrent mark sweep GC freed 85(2896B) AllocSpace objects, 0(0B) LOS objects, 7% free, 187MB/203MB, paused 1.091ms total 29.064ms
08-04 00:05:16.217 26377 26377 D CompassActivity: will set rotation from 0.0 to 177.91138
08-04 00:05:16.218 26377 26397 I art     : Starting a blocking GC Explicit
08-04 00:05:16.225 13866 13866 I GoogleInputMethodServic: GoogleInputMethodService.onFinishInput():3138 
08-04 00:05:16.225 26377 26377 D CompassActivity: will set rotation from 177.91138 to 177.91754
08-04 00:05:16.225 26377 26377 D CompassActivity: will set rotation from 177.91754 to 177.92487
08-04 00:05:16.225 13866 13866 I GoogleInputMethodServic: GoogleInputMethodService.onStartInput():1808 
08-04 00:05:16.226   918   936 I ActivityManager: Displayed baseline.io.github.project_travel_mate/.utilities.CompassActivity: +603ms
08-04 00:05:16.248 26377 26397 I art     : Explicit concurrent mark sweep GC freed 45(3KB) AllocSpace objects, 0(0B) LOS objects, 7% free, 187MB/203MB, paused 880us total 29.786ms
08-04 00:05:16.261 26377 26397 I art     : Starting a blocking GC Explicit
08-04 00:05:16.299 26377 26397 I art     : Explicit concurrent mark sweep GC freed 33(1296B) AllocSpace objects, 0(0B) LOS objects, 7% free, 187MB/203MB, paused 893us total 38.186ms
08-04 00:05:16.301 26377 26377 D CompassActivity: will set rotation from 177.92487 to 177.76965
08-04 00:05:16.301 26377 26377 D CompassActivity: will set rotation from 177.76965 to 177.76593
08-04 00:05:16.301 26377 26377 D CompassActivity: will set rotation from 177.76593 to 178.10065
08-04 00:05:16.302 26377 26377 D CompassActivity: will set rotation from 178.10065 to 178.0907
08-04 00:05:16.302 26377 26377 D CompassActivity: will set rotation from 178.0907 to 178.17383
08-04 00:05:16.302 26377 26377 D CompassActivity: will set rotation from 178.17383 to 178.18005
08-04 00:05:16.302 26377 26377 D CompassActivity: will set rotation from 178.18005 to 178.1427
08-04 00:05:16.302 26377 26377 D CompassActivity: will set rotation from 178.1427 to 178.13977
08-04 00:05:16.312 26377 26397 I art     : Starting a blocking GC Explicit
08-04 00:05:16.345 26377 26397 I art     : Explicit concurrent mark sweep GC freed 71(4KB) AllocSpace objects, 0(0B) LOS objects, 7% free, 187MB/203MB, paused 1.057ms total 32.864ms
08-04 00:05:16.405 26377 26377 D CompassActivity: will set rotation from 178.13977 to 178.12164
08-04 00:05:16.405 26377 26377 D CompassActivity: will set rotation from 178.12164 to 178.11914
08-04 00:05:16.405 26377 26377 D CompassActivity: will set rotation from 178.11914 to 178.16614
08-04 00:05:16.406 26377 26377 D CompassActivity: will set rotation from 178.16614 to 178.16968
08-04 00:05:16.406 26377 26377 D CompassActivity: will set rotation from 178.16968 to 178.13269
08-04 00:05:16.406 26377 26377 D CompassActivity: will set rotation from 178.13269 to 178.13159
08-04 00:05:16.406 26377 26377 D CompassActivity: will set rotation from 178.13159 to 178.107
08-04 00:05:16.406 26377 26377 D CompassActivity: will set rotation from 178.107 to 178.10962
08-04 00:05:16.406 26377 26377 D CompassActivity: will set rotation from 178.10962 to 178.26599
08-04 00:05:16.406 26377 26377 D CompassActivity: will set rotation from 178.26599 to 178.27405
08-04 00:05:16.417 26377 26377 D CompassActivity: will set rotation from 178.27405 to 178.2528
08-04 00:05:16.417 26377 26377 D CompassActivity: will set rotation from 178.2528 to 178.2511
08-04 00:05:16.437 26377 26377 D CompassActivity: will set rotation from 178.2511 to 178.2359
08-04 00:05:16.437 26377 26377 D CompassActivity: will set rotation from 178.2359 to 178.23273
08-04 00:05:16.459 26377 26377 D CompassActivity: will set rotation from 178.23273 to 178.38873
08-04 00:05:16.459 26377 26377 D CompassActivity: will set rotation from 178.38873 to 178.39136
08-04 00:05:16.472   380   380 W SurfaceFlinger: couldn't log to binary event log: overflow.
08-04 00:05:16.479 26377 26377 D CompassActivity: will set rotation from 178.39136 to 178.44177
08-04 00:05:16.479 26377 26377 D CompassActivity: will set rotation from 178.44177 to 178.443
08-04 00:05:16.497 26377 26377 D CompassActivity: will set rotation from 178.443 to 178.57501
08-04 00:05:16.497 26377 26377 D CompassActivity: will set rotation from 178.57501 to 178.57617
08-04 00:05:16.518 26377 26377 D CompassActivity: will set rotation from 178.57617 to 178.61041
08-04 00:05:16.519 26377 26377 D CompassActivity: will set rotation from 178.61041 to 178.61292
08-04 00:05:16.537 26377 26377 D CompassActivity: will set rotation from 178.61292 to 178.7193
08-04 00:05:16.537 26377 26377 D CompassActivity: will set rotation from 178.7193 to 178.7171
08-04 00:05:16.557 26377 26377 D CompassActivity: will set rotation from 178.7171 to 178.7052
08-04 00:05:16.558 26377 26377 D CompassActivity: will set rotation from 178.7052 to 178.70258
08-04 00:05:16.577 26377 26377 D CompassActivity: will set rotation from 178.70258 to 178.7605
08-04 00:05:16.577 26377 26377 D CompassActivity: will set rotation from 178.7605 to 178.76154
08-04 00:05:16.597 26377 26377 D CompassActivity: will set rotation from 178.76154 to 178.78052
08-04 00:05:16.597 26377 26377 D CompassActivity: will set rotation from 178.78052 to 178.78027
08-04 00:05:16.681 26377 26377 D CompassActivity: will set rotation from 178.78027 to 178.82709
08-04 00:05:16.681 26377 26377 D CompassActivity: will set rotation from 178.82709 to 178.82684
08-04 00:05:16.682 26377 26377 D CompassActivity: will set rotation from 178.82684 to 178.84357
08-04 00:05:16.682 26377 26377 D CompassActivity: will set rotation from 178.84357 to 178.84253
08-04 00:05:16.682 26377 26377 D CompassActivity: will set rotation from 178.84253 to 178.77045
08-04 00:05:16.682 26377 26377 D CompassActivity: will set rotation from 178.77045 to 178.7691
08-04 00:05:16.682 26377 26377 D CompassActivity: will set rotation from 178.7691 to 178.75952
08-04 00:05:16.682 26377 26377 D CompassActivity: will set rotation from 178.75952 to 178.76044
08-04 00:05:16.698 26377 26377 D CompassActivity: will set rotation from 178.76044 to 178.71149
08-04 00:05:16.698 26377 26377 D CompassActivity: will set rotation from 178.71149 to 178.71234
08-04 00:05:16.710 26377 26397 I art     : Starting a blocking GC Explicit
08-04 00:05:16.717 26377 26377 D CompassActivity: will set rotation from 178.71234 to 178.7268
08-04 00:05:16.717 26377 26377 D CompassActivity: will set rotation from 178.7268 to 178.72772
08-04 00:05:16.736 26377 26377 D CompassActivity: will set rotation from 178.72772 to 178.74109
08-04 00:05:16.736 26377 26377 D CompassActivity: will set rotation from 178.74109 to 178.74542
08-04 00:05:16.742 26377 26397 I art     : Explicit concurrent mark sweep GC freed 2085(122KB) AllocSpace objects, 2(36KB) LOS objects, 7% free, 187MB/203MB, paused 734us total 31.653ms
08-04 00:05:16.754 26377 26397 I art     : Starting a blocking GC Explicit
08-04 00:05:16.756 26377 26377 D CompassActivity: will set rotation from 178.74542 to 178.73242
08-04 00:05:16.757 26377 26377 D CompassActivity: will set rotation from 178.73242 to 178.73407
08-04 00:05:16.777 26377 26377 D CompassActivity: will set rotation from 178.73407 to 178.69879
08-04 00:05:16.777 26377 26377 D CompassActivity: will set rotation from 178.69879 to 178.6997
08-04 00:05:16.789 26377 26397 I art     : Explicit concurrent mark sweep GC freed 655(26KB) AllocSpace objects, 0(0B) LOS objects, 7% free, 187MB/203MB, paused 870us total 35.034ms
08-04 00:05:16.796 26377 26377 D CompassActivity: will set rotation from 178.6997 to 178.66895
08-04 00:05:16.797 26377 26377 D CompassActivity: will set rotation from 178.66895 to 178.67023
08-04 00:05:16.804 26377 26397 I art     : Starting a blocking GC Explicit
08-04 00:05:16.816 26377 26377 D CompassActivity: will set rotation from 178.67023 to 178.61981
08-04 00:05:16.818 26377 26377 D CompassActivity: will set rotation from 178.61981 to 178.61792
08-04 00:05:16.836 26377 26377 D CompassActivity: will set rotation from 178.61792 to 178.61505
08-04 00:05:16.837 26377 26377 D CompassActivity: will set rotation from 178.61505 to 178.61664
08-04 00:05:16.846 26377 26397 I art     : Explicit concurrent mark sweep GC freed 103(5KB) AllocSpace objects, 0(0B) LOS objects, 7% free, 187MB/203MB, paused 746us total 41.998ms
08-04 00:05:16.860 26377 26377 D CompassActivity: will set rotation from 178.61664 to 178.6867
08-04 00:05:16.861 26377 26377 D CompassActivity: will set rotation from 178.6867 to 178.68713
08-04 00:05:16.861 26377 26397 I art     : Starting a blocking GC Explicit
08-04 00:05:16.877 26377 26377 D CompassActivity: will set rotation from 178.68713 to 178.65894
08-04 00:05:16.878 26377 26377 D CompassActivity: will set rotation from 178.65894 to 178.65967
08-04 00:05:16.896 26377 26377 D CompassActivity: will set rotation from 178.65967 to 178.65625
08-04 00:05:16.897 26377 26377 D CompassActivity: will set rotation from 178.65625 to 178.65643
08-04 00:05:16.904 26377 26397 I art     : Explicit concurrent mark sweep GC freed 135(6KB) AllocSpace objects, 0(0B) LOS objects, 7% free, 187MB/203MB, paused 823us total 42.388ms
08-04 00:05:16.916 26377 26377 D CompassActivity: will set rotation from 178.65643 to 178.67474
08-04 00:05:16.917 26377 26377 D CompassActivity: will set rotation from 178.67474 to 178.67352
08-04 00:05:16.921 26377 26397 I art     : Starting a blocking GC Explicit
08-04 00:05:16.936 26377 26377 D CompassActivity: will set rotation from 178.67352 to 178.66687
08-04 00:05:16.937 26377 26377 D CompassActivity: will set rotation from 178.66687 to 178.66473
08-04 00:05:16.958 26377 26377 D CompassActivity: will set rotation from 178.66473 to 178.65894
08-04 00:05:16.959 26377 26377 D CompassActivity: will set rotation from 178.65894 to 178.65662
08-04 00:05:16.964 26377 26397 I art     : Explicit concurrent mark sweep GC freed 132(6KB) AllocSpace objects, 0(0B) LOS objects, 7% free, 187MB/203MB, paused 753us total 42.629ms
08-04 00:05:16.977 26377 26377 D CompassActivity: will set rotation from 178.65662 to 178.65442
08-04 00:05:16.978 26377 26377 D CompassActivity: will set rotation from 178.65442 to 178.65546
08-04 00:05:16.996 26377 26377 D CompassActivity: will set rotation from 178.65546 to 178.62927
08-04 00:05:16.996 26377 26377 D CompassActivity: will set rotation from 178.62927 to 178.62866
08-04 00:05:17.015 26377 26377 D CompassActivity: will set rotation from 178.62866 to 178.61102
08-04 00:05:17.015 26377 26377 D CompassActivity: will set rotation from 178.61102 to 178.60901
08-04 00:05:17.035 26377 26377 D CompassActivity: will set rotation from 178.60901 to 178.62811
08-04 00:05:17.036 26377 26377 D CompassActivity: will set rotation from 178.62811 to 178.62775
08-04 00:05:17.055 26377 26377 D CompassActivity: will set rotation from 178.62775 to 178.66803
08-04 00:05:17.056 26377 26377 D CompassActivity: will set rotation from 178.66803 to 178.66772
08-04 00:05:17.077 26377 26377 D CompassActivity: will set rotation from 178.66772 to 178.6825
08-04 00:05:17.077 26377 26377 D CompassActivity: will set rotation from 178.6825 to 178.6803
08-04 00:05:17.095 26377 26377 D CompassActivity: will set rotation from 178.6803 to 178.73175
08-04 00:05:17.096 26377 26377 D CompassActivity: will set rotation from 178.73175 to 178.73254
08-04 00:05:17.115 26377 26377 D CompassActivity: will set rotation from 178.73254 to 178.72974
08-04 00:05:17.116 26377 26377 D CompassActivity: will set rotation from 178.72974 to 178.73035
08-04 00:05:17.135 26377 26377 D CompassActivity: will set rotation from 178.73035 to 178.68848
08-04 00:05:17.135 26377 26377 D CompassActivity: will set rotation from 178.68848 to 178.68787
08-04 00:05:17.160 26377 26377 D CompassActivity: will set rotation from 178.68787 to 178.70416
08-04 00:05:17.161 26377 26377 D CompassActivity: will set rotation from 178.70416 to 178.70337
08-04 00:05:17.178 26377 26377 D CompassActivity: will set rotation from 178.70337 to 178.71832
08-04 00:05:17.179 26377 26377 D CompassActivity: will set rotation from 178.71832 to 178.7193
08-04 00:05:17.196 26377 26377 D CompassActivity: will set rotation from 178.7193 to 178.75305
08-04 00:05:17.196 26377 26377 D CompassActivity: will set rotation from 178.75305 to 178.75464
08-04 00:05:17.215 26377 26377 D CompassActivity: will set rotation from 178.75464 to 178.78406
08-04 00:05:17.215 26377 26377 D CompassActivity: will set rotation from 178.78406 to 178.78333
08-04 00:05:17.234 26377 26377 D CompassActivity: will set rotation from 178.78333 to 178.79462
08-04 00:05:17.235 26377 26377 D CompassActivity: will set rotation from 178.79462 to 178.79388
08-04 00:05:17.254 26377 26377 D CompassActivity: will set rotation from 178.79388 to 178.82129
08-04 00:05:17.255 26377 26377 D CompassActivity: will set rotation from 178.82129 to 178.81964
08-04 00:05:17.276 26377 26377 D CompassActivity: will set rotation from 178.81964 to 178.80731
08-04 00:05:17.277 26377 26377 D CompassActivity: will set rotation from 178.80731 to 178.80542
08-04 00:05:17.295 26377 26377 D CompassActivity: will set rotation from 178.80542 to 178.77856
08-04 00:05:17.295 26377 26377 D CompassActivity: will set rotation from 178.77856 to 178.77509
08-04 00:05:17.314 26377 26377 D CompassActivity: will set rotation from 178.77509 to 178.73175
08-04 00:05:17.314 26377 26377 D CompassActivity: will set rotation from 178.73175 to 178.73169
08-04 00:05:17.334 26377 26377 D CompassActivity: will set rotation from 178.73169 to 178.74457
08-04 00:05:17.335 26377 26377 D CompassActivity: will set rotation from 178.74457 to 178.74652
08-04 00:05:17.346 26377 26654 I art     : Starting a blocking GC Explicit
08-04 00:05:17.354 26377 26377 D CompassActivity: will set rotation from 178.74652 to 178.74097
08-04 00:05:17.354 26377 26377 D CompassActivity: will set rotation from 178.74097 to 178.74329
08-04 00:05:17.378 26377 26377 D CompassActivity: will set rotation from 178.74329 to 178.75537
08-04 00:05:17.378 26377 26377 D CompassActivity: will set rotation from 178.75537 to 178.75427
08-04 00:05:17.391 26377 26654 I art     : Explicit concurrent mark sweep GC freed 1996(117KB) AllocSpace objects, 2(36KB) LOS objects, 7% free, 187MB/203MB, paused 907us total 44.548ms
08-04 00:05:17.398 26377 26377 D CompassActivity: will set rotation from 178.75427 to 178.76373
08-04 00:05:17.398 26377 26377 D CompassActivity: will set rotation from 178.76373 to 178.76355
08-04 00:05:17.407 26377 26654 I art     : Starting a blocking GC Explicit
08-04 00:05:17.417 26377 26377 D CompassActivity: will set rotation from 178.76355 to 178.7331
08-04 00:05:17.417 26377 26377 D CompassActivity: will set rotation from 178.7331 to 178.73163
08-04 00:05:17.434 26377 26377 D CompassActivity: will set rotation from 178.73163 to 178.67291
08-04 00:05:17.435 26377 26377 D CompassActivity: will set rotation from 178.67291 to 178.67212
08-04 00:05:17.452 26377 26654 I art     : Explicit concurrent mark sweep GC freed 676(26KB) AllocSpace objects, 0(0B) LOS objects, 7% free, 187MB/203MB, paused 874us total 44.376ms
08-04 00:05:17.454 26377 26377 D CompassActivity: will set rotation from 178.67212 to 178.7016
08-04 00:05:17.454 26377 26377 D CompassActivity: will set rotation from 178.7016 to 178.70154
08-04 00:05:17.469 26377 26654 I art     : Starting a blocking GC Explicit
08-04 00:05:17.475 26377 26377 D CompassActivity: will set rotation from 178.70154 to 178.73004
08-04 00:05:17.476 26377 26377 D CompassActivity: will set rotation from 178.73004 to 178.72998
08-04 00:05:17.494 26377 26377 D CompassActivity: will set rotation from 178.72998 to 178.75757
08-04 00:05:17.495 26377 26377 D CompassActivity: will set rotation from 178.75757 to 178.7602
08-04 00:05:17.508 26377 26654 I art     : Explicit concurrent mark sweep GC freed 132(6KB) AllocSpace objects, 0(0B) LOS objects, 7% free, 187MB/203MB, paused 1.219ms total 39.371ms
08-04 00:05:17.515 26377 26377 D CompassActivity: will set rotation from 178.7602 to 178.77179
08-04 00:05:17.516 26377 26377 D CompassActivity: will set rotation from 178.77179 to 178.77197
08-04 00:05:17.525 26377 26654 I art     : Starting a blocking GC Explicit
08-04 00:05:17.533 26377 26377 D CompassActivity: will set rotation from 178.77197 to 178.76288
08-04 00:05:17.534 26377 26377 D CompassActivity: will set rotation from 178.76288 to 178.7605
08-04 00:05:17.554 26377 26377 D CompassActivity: will set rotation from 178.7605 to 178.7691
08-04 00:05:17.555 26377 26377 D CompassActivity: will set rotation from 178.7691 to 178.76794
08-04 00:05:17.568 26377 26654 I art     : Explicit concurrent mark sweep GC freed 132(6KB) AllocSpace objects, 0(0B) LOS objects, 7% free, 187MB/203MB, paused 1.030ms total 42.769ms
08-04 00:05:17.576 26377 26377 D CompassActivity: will set rotation from 178.76794 to 178.77844
08-04 00:05:17.578 26377 26377 D CompassActivity: will set rotation from 178.77844 to 178.78113
08-04 00:05:17.585 26377 26654 I art     : Starting a blocking GC Explicit
08-04 00:05:17.596 26377 26377 D CompassActivity: will set rotation from 178.78113 to 178.776
08-04 00:05:17.597 26377 26377 D CompassActivity: will set rotation from 178.776 to 178.77545
08-04 00:05:17.614 26377 26377 D CompassActivity: will set rotation from 178.77545 to 178.78448
08-04 00:05:17.616 26377 26377 D CompassActivity: will set rotation from 178.78448 to 178.78198
08-04 00:05:17.628 26377 26654 I art     : Explicit concurrent mark sweep GC freed 143(7KB) AllocSpace objects, 0(0B) LOS objects, 7% free, 187MB/203MB, paused 1.136ms total 42.931ms
08-04 00:05:17.634 26377 26377 D CompassActivity: will set rotation from 178.78198 to 178.77356
08-04 00:05:17.635 26377 26377 D CompassActivity: will set rotation from 178.77356 to 178.77246
08-04 00:05:17.653 26377 26377 D CompassActivity: will set rotation from 178.77246 to 178.76501
08-04 00:05:17.654 26377 26377 D CompassActivity: will set rotation from 178.76501 to 178.76422
08-04 00:05:17.676 26377 26377 D CompassActivity: will set rotation from 178.76422 to 178.77533
08-04 00:05:17.677 26377 26377 D CompassActivity: will set rotation from 178.77533 to 178.77502
08-04 00:05:17.695 26377 26377 D CompassActivity: will set rotation from 178.77502 to 178.78699
08-04 00:05:17.696 26377 26377 D CompassActivity: will set rotation from 178.78699 to 178.78699
08-04 00:05:17.714 26377 26377 D CompassActivity: will set rotation from 178.78699 to 178.79565
08-04 00:05:17.714 26377 26377 D CompassActivity: will set rotation from 178.79565 to 178.79712
08-04 00:05:17.733 26377 26377 D CompassActivity: will set rotation from 178.79712 to 178.75787
08-04 00:05:17.733 26377 26377 D CompassActivity: will set rotation from 178.75787 to 178.75903
08-04 00:05:17.753 26377 26377 D CompassActivity: will set rotation from 178.75903 to 178.75403
08-04 00:05:17.753 26377 26377 D CompassActivity: will set rotation from 178.75403 to 178.7536
08-04 00:05:17.779 26377 26377 D CompassActivity: will set rotation from 178.7536 to 178.76624
08-04 00:05:17.779 26377 26377 D CompassActivity: will set rotation from 178.76624 to 178.7674
08-04 00:05:17.795 26377 26377 D CompassActivity: will set rotation from 178.7674 to 178.77924
08-04 00:05:17.795 26377 26377 D CompassActivity: will set rotation from 178.77924 to 178.781
08-04 00:05:17.815 26377 26377 D CompassActivity: will set rotation from 178.781 to 178.78918
08-04 00:05:17.816 26377 26377 D CompassActivity: will set rotation from 178.78918 to 178.78864
08-04 00:05:17.833 26377 26377 D CompassActivity: will set rotation from 178.78864 to 178.79987
08-04 00:05:17.833 26377 26377 D CompassActivity: will set rotation from 178.79987 to 178.79932
08-04 00:05:17.852 26377 26377 D CompassActivity: will set rotation from 178.79932 to 178.8244
08-04 00:05:17.852 26377 26377 D CompassActivity: will set rotation from 178.8244 to 178.82532
08-04 00:05:17.872 26377 26377 D CompassActivity: will set rotation from 178.82532 to 178.84998
08-04 00:05:17.873 26377 26377 D CompassActivity: will set rotation from 178.84998 to 178.84875
08-04 00:05:17.894 26377 26377 D CompassActivity: will set rotation from 178.84875 to 178.85486
08-04 00:05:17.895 26377 26377 D CompassActivity: will set rotation from 178.85486 to 178.85376
08-04 00:05:17.912 26377 26377 D CompassActivity: will set rotation from 178.85376 to 178.87634
08-04 00:05:17.913 26377 26377 D CompassActivity: will set rotation from 178.87634 to 178.87695
08-04 00:05:17.931 26377 26377 D CompassActivity: will set rotation from 178.87695 to 178.85046
08-04 00:05:17.931 26377 26377 D CompassActivity: will set rotation from 178.85046 to 178.84998
08-04 00:05:17.952 26377 26377 D CompassActivity: will set rotation from 178.84998 to 178.84113
08-04 00:05:17.952 26377 26377 D CompassActivity: will set rotation from 178.84113 to 178.84113
08-04 00:05:17.971 26377 26377 D CompassActivity: will set rotation from 178.84113 to 178.84418
08-04 00:05:17.972 26377 26377 D CompassActivity: will set rotation from 178.84418 to 178.84375
08-04 00:05:17.994 26377 26377 D CompassActivity: will set rotation from 178.84375 to 178.84534
08-04 00:05:17.995 26377 26377 D CompassActivity: will set rotation from 178.84534 to 178.84521
08-04 00:05:18.013 26377 26377 D CompassActivity: will set rotation from 178.84521 to 178.83405
08-04 00:05:18.013 26377 26377 D CompassActivity: will set rotation from 178.83405 to 178.83362
08-04 00:05:18.031 26377 26388 I art     : Starting a blocking GC Explicit
08-04 00:05:18.031 26377 26377 D CompassActivity: will set rotation from 178.83362 to 178.83887
08-04 00:05:18.038 26377 26377 D CompassActivity: will set rotation from 178.83887 to 178.83887
08-04 00:05:18.051 26377 26377 D CompassActivity: will set rotation from 178.83887 to 178.81464
08-04 00:05:18.051 26377 26377 D CompassActivity: will set rotation from 178.81464 to 178.81384
08-04 00:05:18.071 26377 26377 D CompassActivity: will set rotation from 178.81384 to 178.77301
08-04 00:05:18.072 26377 26377 D CompassActivity: will set rotation from 178.77301 to 178.77039
08-04 00:05:18.082 26377 26388 I art     : Explicit concurrent mark sweep GC freed 2016(120KB) AllocSpace objects, 2(36KB) LOS objects, 7% free, 187MB/203MB, paused 780us total 50.578ms
08-04 00:05:18.092 26377 26377 D CompassActivity: will set rotation from 178.77039 to 178.77911
08-04 00:05:18.093 26377 26377 D CompassActivity: will set rotation from 178.77911 to 178.77777
08-04 00:05:18.098 26377 26388 I art     : Starting a blocking GC Explicit
08-04 00:05:18.112 26377 26377 D CompassActivity: will set rotation from 178.77777 to 178.80042
08-04 00:05:18.113 26377 26377 D CompassActivity: will set rotation from 178.80042 to 178.79938
08-04 00:05:18.130 26377 26377 D CompassActivity: will set rotation from 178.79938 to 178.77411
08-04 00:05:18.131 26377 26377 D CompassActivity: will set rotation from 178.77411 to 178.77124
08-04 00:05:18.139 26377 26388 I art     : Explicit concurrent mark sweep GC freed 739(28KB) AllocSpace objects, 0(0B) LOS objects, 7% free, 187MB/203MB, paused 920us total 40.911ms
08-04 00:05:18.151 26377 26377 D CompassActivity: will set rotation from 178.77124 to 178.77905
08-04 00:05:18.151 26377 26377 D CompassActivity: will set rotation from 178.77905 to 178.78076
08-04 00:05:18.154 26377 26388 I art     : Starting a blocking GC Explicit
08-04 00:05:18.171 26377 26377 D CompassActivity: will set rotation from 178.78076 to 178.78961
08-04 00:05:18.172 26377 26377 D CompassActivity: will set rotation from 178.78961 to 178.79022
08-04 00:05:18.194 26377 26388 I art     : Explicit concurrent mark sweep GC freed 162(6KB) AllocSpace objects, 0(0B) LOS objects, 7% free, 187MB/203MB, paused 1.048ms total 39.629ms
08-04 00:05:18.195 26377 26377 D CompassActivity: will set rotation from 178.79022 to 178.76477
08-04 00:05:18.195 26377 26377 D CompassActivity: will set rotation from 178.76477 to 178.76563
08-04 00:05:18.208 26377 26388 I art     : Starting a blocking GC Explicit
08-04 00:05:18.212 26377 26377 D CompassActivity: will set rotation from 178.76563 to 178.75696
08-04 00:05:18.212 26377 26377 D CompassActivity: will set rotation from 178.75696 to 178.75848
08-04 00:05:18.231 26377 26377 D CompassActivity: will set rotation from 178.75848 to 178.73322
08-04 00:05:18.231 26377 26377 D CompassActivity: will set rotation from 178.73322 to 178.7326
08-04 00:05:18.248 26377 26388 I art     : Explicit concurrent mark sweep GC freed 103(5KB) AllocSpace objects, 0(0B) LOS objects, 7% free, 187MB/203MB, paused 805us total 39.434ms
08-04 00:05:18.251 26377 26377 D CompassActivity: will set rotation from 178.7326 to 178.71265
08-04 00:05:18.252 26377 26377 D CompassActivity: will set rotation from 178.71265 to 178.71362
08-04 00:05:18.263 26377 26388 I art     : Starting a blocking GC Explicit
08-04 00:05:18.271 26377 26377 D CompassActivity: will set rotation from 178.71362 to 178.71082
08-04 00:05:18.271 26377 26377 D CompassActivity: will set rotation from 178.71082 to 178.71191
08-04 00:05:18.294 26377 26377 D CompassActivity: will set rotation from 178.71191 to 178.65918
08-04 00:05:18.294 26377 26377 D CompassActivity: will set rotation from 178.65918 to 178.65985
08-04 00:05:18.297 26377 26388 I art     : Explicit concurrent mark sweep GC freed 148(6KB) AllocSpace objects, 0(0B) LOS objects, 7% free, 187MB/203MB, paused 809us total 33.906ms
08-04 00:05:18.310 27970 27970 D AndroidRuntime: >>>>>> START com.android.internal.os.RuntimeInit uid 2000 <<<<<<
08-04 00:05:18.313 26377 26377 D CompassActivity: will set rotation from 178.65985 to 178.63904
08-04 00:05:18.314 26377 26377 D CompassActivity: will set rotation from 178.63904 to 178.63916
08-04 00:05:18.315 27970 27970 D AndroidRuntime: CheckJNI is OFF
08-04 00:05:18.330 26377 26377 D CompassActivity: will set rotation from 178.63916 to 178.60278
08-04 00:05:18.330 26377 26377 D CompassActivity: will set rotation from 178.60278 to 178.60303
08-04 00:05:18.345 27970 27970 D ICU     : No timezone override file found: /data/misc/zoneinfo/current/icu/icu_tzdata.dat
08-04 00:05:18.350 26377 26377 D CompassActivity: will set rotation from 178.60303 to 178.5852
08-04 00:05:18.350 26377 26377 D CompassActivity: will set rotation from 178.5852 to 178.5857
08-04 00:05:18.359 23490 23490 I ServiceManager: Waiting for service AtCmdFwd...
08-04 00:05:18.370 26377 26377 D CompassActivity: will set rotation from 178.5857 to 178.58356
08-04 00:05:18.371 26377 26377 D CompassActivity: will set rotation from 178.58356 to 178.58502
08-04 00:05:18.373   518   646 I ThermalEngine: ACTION: GPU - Setting GPU[0] to 450000000
08-04 00:05:18.379 27970 27970 I Radio-JNI: register_android_hardware_Radio DONE
08-04 00:05:18.390 26377 26377 D CompassActivity: will set rotation from 178.58502 to 178.58435
08-04 00:05:18.391 26377 26377 D CompassActivity: will set rotation from 178.58435 to 178.58435
08-04 00:05:18.409 27970 27970 D AndroidRuntime: Calling main entry com.android.commands.input.Input
08-04 00:05:18.411 27970 27970 I Input   : injectKeyEvent: KeyEvent { action=ACTION_DOWN, keyCode=KEYCODE_BACK, scanCode=0, metaState=0, flags=0x0, repeatCount=0, eventTime=662734824, downTime=662734824, deviceId=-1, source=0x101 }
08-04 00:05:18.412 26377 26377 D CompassActivity: will set rotation from 178.58435 to 178.59882
08-04 00:05:18.412 26377 26377 D CompassActivity: will set rotation from 178.59882 to 178.59814
08-04 00:05:18.418 27970 27970 I Input   : injectKeyEvent: KeyEvent { action=ACTION_UP, keyCode=KEYCODE_BACK, scanCode=0, metaState=0, flags=0x0, repeatCount=0, eventTime=662734824, downTime=662734824, deviceId=-1, source=0x101 }
08-04 00:05:18.428 27970 27970 D AndroidRuntime: Shutting down VM
08-04 00:05:18.430   918  3696 I sensors : activate
08-04 00:05:18.430   918  5952 I sensors : activate
08-04 00:05:18.435   918  3188 I hubconnection: sensorhub said: 'activate 1 enable:0'
08-04 00:05:18.437   918  3188 I hubconnection: sensorhub said: 'activate 3 enable:0'
08-04 00:05:18.457 26377 26377 V MainActivity: url = https://project-travel-mate.herokuapp.com/api/number-of-unread-notifications
08-04 00:05:18.580 13866 13866 I GoogleInputMethodServic: GoogleInputMethodService.onFinishInput():3138 
08-04 00:05:18.581 13866 13866 I GoogleInputMethodServic: GoogleInputMethodService.onStartInput():1808 
08-04 00:05:18.674 26377 26397 I art     : Starting a blocking GC Explicit
08-04 00:05:18.714 26377 26397 I art     : Explicit concurrent mark sweep GC freed 2214(122KB) AllocSpace objects, 2(36KB) LOS objects, 7% free, 187MB/203MB, paused 1.070ms total 39.332ms
08-04 00:05:18.730 26377 26397 I art     : Starting a blocking GC Explicit
08-04 00:05:18.774 26377 26397 I art     : Explicit concurrent mark sweep GC freed 284(10KB) AllocSpace objects, 0(0B) LOS objects, 7% free, 187MB/203MB, paused 1.111ms total 43.065ms
08-04 00:05:18.794 26377 26397 I art     : Starting a blocking GC Explicit
08-04 00:05:18.840 26377 26397 I art     : Explicit concurrent mark sweep GC freed 3(96B) AllocSpace objects, 0(0B) LOS objects, 7% free, 187MB/203MB, paused 1.135ms total 46.514ms
08-04 00:05:18.841 26377 26377 D CompassActivity: stop compass
08-04 00:05:18.841   380   380 W SurfaceFlinger: couldn't log to binary event log: overflow.
08-04 00:05:18.858 26377 26397 I art     : Starting a blocking GC Explicit
08-04 00:05:18.902 26377 26397 I art     : Explicit concurrent mark sweep GC freed 22(928B) AllocSpace objects, 0(0B) LOS objects, 7% free, 187MB/203MB, paused 1.130ms total 42.924ms
08-04 00:05:18.919 26377 26397 I art     : Starting a blocking GC Explicit
08-04 00:05:18.980 26377 26397 I art     : Explicit concurrent mark sweep GC freed 1540(93KB) AllocSpace objects, 3(52MB) LOS objects, 10% free, 135MB/151MB, paused 1.262ms total 60.491ms
08-04 00:05:19.041 26377 27991 I NAPPA_EXPERIMENTATION: MetricNetworkRequestExecutionTime: REQUEST_DURATION_SYSTEM='583',REQUEST_DURATION_OKHTTP='28',REQUEST_SYNCHRONOUS='FALSE',RESPONSE_CODE='200',RESPONSE_METHOD='GET',RESPONSE_LENGTH_OKHTTP='36',RESPONSE_LENGTH_HEADER='36',REQUEST_PROTOCOL='http/1.1',REQUEST_URL='https://project-travel-mate.herokuapp.com/api/number-of-unread-notifications',
08-04 00:05:19.360 23490 23490 I ServiceManager: Waiting for service AtCmdFwd...
08-04 00:05:19.368 26377 26388 I art     : Starting a blocking GC Explicit
08-04 00:05:19.429 26377 26388 I art     : Explicit concurrent mark sweep GC freed 4170(230KB) AllocSpace objects, 5(236KB) LOS objects, 10% free, 135MB/151MB, paused 1.293ms total 60.186ms
08-04 00:05:19.449 26377 26388 I art     : Starting a blocking GC Explicit
08-04 00:05:19.494 26377 26388 I art     : Explicit concurrent mark sweep GC freed 964(117KB) AllocSpace objects, 0(0B) LOS objects, 10% free, 135MB/151MB, paused 1.104ms total 45.471ms
08-04 00:05:19.512 26377 26388 I art     : Starting a blocking GC Explicit
08-04 00:05:19.557 26377 26388 I art     : Explicit concurrent mark sweep GC freed 3(96B) AllocSpace objects, 0(0B) LOS objects, 10% free, 135MB/151MB, paused 1.180ms total 44.676ms
08-04 00:05:19.575 26377 26388 I art     : Starting a blocking GC Explicit
08-04 00:05:19.621 26377 26388 I art     : Explicit concurrent mark sweep GC freed 3(96B) AllocSpace objects, 0(0B) LOS objects, 10% free, 135MB/151MB, paused 1.187ms total 45.898ms
08-04 00:05:19.642 26377 26388 I art     : Starting a blocking GC Explicit
08-04 00:05:19.687 26377 26388 I art     : Explicit concurrent mark sweep GC freed 3(96B) AllocSpace objects, 0(0B) LOS objects, 10% free, 135MB/151MB, paused 1.020ms total 44.659ms
08-04 00:05:20.065 26377 26654 I art     : Starting a blocking GC Explicit
08-04 00:05:20.118 26377 26654 I art     : Explicit concurrent mark sweep GC freed 1585(92KB) AllocSpace objects, 2(36KB) LOS objects, 10% free, 135MB/151MB, paused 1.691ms total 52.438ms
08-04 00:05:20.135 26377 26654 I art     : Starting a blocking GC Explicit
08-04 00:05:20.175 26377 26654 I art     : Explicit concurrent mark sweep GC freed 63(1984B) AllocSpace objects, 0(0B) LOS objects, 10% free, 135MB/151MB, paused 1.135ms total 40.365ms
08-04 00:05:20.181 28011 28011 D AndroidRuntime: >>>>>> START com.android.internal.os.RuntimeInit uid 2000 <<<<<<
08-04 00:05:20.186 28011 28011 D AndroidRuntime: CheckJNI is OFF
08-04 00:05:20.192 26377 26654 I art     : Starting a blocking GC Explicit
08-04 00:05:20.228 28011 28011 D ICU     : No timezone override file found: /data/misc/zoneinfo/current/icu/icu_tzdata.dat
08-04 00:05:20.233 26377 26654 I art     : Explicit concurrent mark sweep GC freed 10(320B) AllocSpace objects, 0(0B) LOS objects, 10% free, 135MB/151MB, paused 1.032ms total 40.450ms
08-04 00:05:20.251 26377 26654 I art     : Starting a blocking GC Explicit
08-04 00:05:20.274 28011 28011 I Radio-JNI: register_android_hardware_Radio DONE
08-04 00:05:20.293 26377 26654 I art     : Explicit concurrent mark sweep GC freed 9(288B) AllocSpace objects, 0(0B) LOS objects, 10% free, 135MB/151MB, paused 1.013ms total 42.374ms
08-04 00:05:20.304 28011 28011 D AndroidRuntime: Calling main entry com.android.commands.input.Input
08-04 00:05:20.306 28011 28011 I Input   : injectMotionEvent: MotionEvent { action=ACTION_DOWN, actionButton=0, id[0]=0, x[0]=500.0, y[0]=2000.0, toolType[0]=TOOL_TYPE_UNKNOWN, buttonState=0, metaState=0, flags=0x0, edgeFlags=0x0, pointerCount=1, historySize=0, eventTime=662736719, downTime=662736719, deviceId=0, source=0x1002 }
08-04 00:05:20.310 26377 26654 I art     : Starting a blocking GC Explicit
08-04 00:05:20.313 28011 28011 I Input   : injectMotionEvent: MotionEvent { action=ACTION_MOVE, actionButton=0, id[0]=0, x[0]=500.0, y[0]=2000.0, toolType[0]=TOOL_TYPE_UNKNOWN, buttonState=0, metaState=0, flags=0x0, edgeFlags=0x0, pointerCount=1, historySize=0, eventTime=662736719, downTime=662736719, deviceId=0, source=0x1002 }
08-04 00:05:20.332 28011 28011 I Input   : injectMotionEvent: MotionEvent { action=ACTION_MOVE, actionButton=0, id[0]=0, x[0]=500.0, y[0]=1950.6, toolType[0]=TOOL_TYPE_UNKNOWN, buttonState=0, metaState=0, flags=0x0, edgeFlags=0x0, pointerCount=1, historySize=0, eventTime=662736745, downTime=662736745, deviceId=0, source=0x1002 }
08-04 00:05:20.343 28011 28011 I Input   : injectMotionEvent: MotionEvent { action=ACTION_MOVE, actionButton=0, id[0]=0, x[0]=500.0, y[0]=1929.7, toolType[0]=TOOL_TYPE_UNKNOWN, buttonState=0, metaState=0, flags=0x0, edgeFlags=0x0, pointerCount=1, historySize=0, eventTime=662736756, downTime=662736756, deviceId=0, source=0x1002 }
08-04 00:05:20.353 26377 26654 I art     : Explicit concurrent mark sweep GC freed 12(384B) AllocSpace objects, 0(0B) LOS objects, 10% free, 135MB/151MB, paused 1.064ms total 43.059ms
08-04 00:05:20.361 23490 23490 I ServiceManager: Waiting for service AtCmdFwd...
08-04 00:05:20.366 28011 28011 I Input   : injectMotionEvent: MotionEvent { action=ACTION_MOVE, actionButton=0, id[0]=0, x[0]=500.0, y[0]=1884.1, toolType[0]=TOOL_TYPE_UNKNOWN, buttonState=0, metaState=0, flags=0x0, edgeFlags=0x0, pointerCount=1, historySize=0, eventTime=662736780, downTime=662736780, deviceId=0, source=0x1002 }
08-04 00:05:20.377 28011 28011 I Input   : injectMotionEvent: MotionEvent { action=ACTION_MOVE, actionButton=0, id[0]=0, x[0]=500.0, y[0]=1865.1, toolType[0]=TOOL_TYPE_UNKNOWN, buttonState=0, metaState=0, flags=0x0, edgeFlags=0x0, pointerCount=1, historySize=0, eventTime=662736790, downTime=662736790, deviceId=0, source=0x1002 }
08-04 00:05:20.394 28011 28011 I Input   : injectMotionEvent: MotionEvent { action=ACTION_MOVE, actionButton=0, id[0]=0, x[0]=500.0, y[0]=1832.8, toolType[0]=TOOL_TYPE_UNKNOWN, buttonState=0, metaState=0, flags=0x0, edgeFlags=0x0, pointerCount=1, historySize=0, eventTime=662736807, downTime=662736807, deviceId=0, source=0x1002 }
08-04 00:05:20.410 28011 28011 I Input   : injectMotionEvent: MotionEvent { action=ACTION_MOVE, actionButton=0, id[0]=0, x[0]=500.0, y[0]=1802.4, toolType[0]=TOOL_TYPE_UNKNOWN, buttonState=0, metaState=0, flags=0x0, edgeFlags=0x0, pointerCount=1, historySize=0, eventTime=662736823, downTime=662736823, deviceId=0, source=0x1002 }
08-04 00:05:20.427 28011 28011 I Input   : injectMotionEvent: MotionEvent { action=ACTION_MOVE, actionButton=0, id[0]=0, x[0]=500.0, y[0]=1770.1, toolType[0]=TOOL_TYPE_UNKNOWN, buttonState=0, metaState=0, flags=0x0, edgeFlags=0x0, pointerCount=1, historySize=0, eventTime=662736840, downTime=662736840, deviceId=0, source=0x1002 }
08-04 00:05:20.444 28011 28011 I Input   : injectMotionEvent: MotionEvent { action=ACTION_MOVE, actionButton=0, id[0]=0, x[0]=500.0, y[0]=1737.8, toolType[0]=TOOL_TYPE_UNKNOWN, buttonState=0, metaState=0, flags=0x0, edgeFlags=0x0, pointerCount=1, historySize=0, eventTime=662736857, downTime=662736857, deviceId=0, source=0x1002 }
08-04 00:05:20.461 28011 28011 I Input   : injectMotionEvent: MotionEvent { action=ACTION_MOVE, actionButton=0, id[0]=0, x[0]=500.0, y[0]=1705.5, toolType[0]=TOOL_TYPE_UNKNOWN, buttonState=0, metaState=0, flags=0x0, edgeFlags=0x0, pointerCount=1, historySize=0, eventTime=662736874, downTime=662736874, deviceId=0, source=0x1002 }
08-04 00:05:20.478 28011 28011 I Input   : injectMotionEvent: MotionEvent { action=ACTION_MOVE, actionButton=0, id[0]=0, x[0]=500.0, y[0]=1673.2, toolType[0]=TOOL_TYPE_UNKNOWN, buttonState=0, metaState=0, flags=0x0, edgeFlags=0x0, pointerCount=1, historySize=0, eventTime=662736891, downTime=662736891, deviceId=0, source=0x1002 }
08-04 00:05:20.495 28011 28011 I Input   : injectMotionEvent: MotionEvent { action=ACTION_MOVE, actionButton=0, id[0]=0, x[0]=500.0, y[0]=1640.9, toolType[0]=TOOL_TYPE_UNKNOWN, buttonState=0, metaState=0, flags=0x0, edgeFlags=0x0, pointerCount=1, historySize=0, eventTime=662736908, downTime=662736908, deviceId=0, source=0x1002 }
08-04 00:05:20.511 28011 28011 I Input   : injectMotionEvent: MotionEvent { action=ACTION_MOVE, actionButton=0, id[0]=0, x[0]=500.0, y[0]=1610.5, toolType[0]=TOOL_TYPE_UNKNOWN, buttonState=0, metaState=0, flags=0x0, edgeFlags=0x0, pointerCount=1, historySize=0, eventTime=662736924, downTime=662736924, deviceId=0, source=0x1002 }
08-04 00:05:20.528 28011 28011 I Input   : injectMotionEvent: MotionEvent { action=ACTION_MOVE, actionButton=0, id[0]=0, x[0]=500.0, y[0]=1578.2, toolType[0]=TOOL_TYPE_UNKNOWN, buttonState=0, metaState=0, flags=0x0, edgeFlags=0x0, pointerCount=1, historySize=0, eventTime=662736941, downTime=662736941, deviceId=0, source=0x1002 }
08-04 00:05:20.545 28011 28011 I Input   : injectMotionEvent: MotionEvent { action=ACTION_MOVE, actionButton=0, id[0]=0, x[0]=500.0, y[0]=1545.9, toolType[0]=TOOL_TYPE_UNKNOWN, buttonState=0, metaState=0, flags=0x0, edgeFlags=0x0, pointerCount=1, historySize=0, eventTime=662736958, downTime=662736958, deviceId=0, source=0x1002 }
08-04 00:05:20.561 28011 28011 I Input   : injectMotionEvent: MotionEvent { action=ACTION_MOVE, actionButton=0, id[0]=0, x[0]=500.0, y[0]=1515.5, toolType[0]=TOOL_TYPE_UNKNOWN, buttonState=0, metaState=0, flags=0x0, edgeFlags=0x0, pointerCount=1, historySize=0, eventTime=662736974, downTime=662736974, deviceId=0, source=0x1002 }
08-04 00:05:20.578 28011 28011 I Input   : injectMotionEvent: MotionEvent { action=ACTION_MOVE, actionButton=0, id[0]=0, x[0]=500.0, y[0]=1483.2, toolType[0]=TOOL_TYPE_UNKNOWN, buttonState=0, metaState=0, flags=0x0, edgeFlags=0x0, pointerCount=1, historySize=0, eventTime=662736991, downTime=662736991, deviceId=0, source=0x1002 }
08-04 00:05:20.597 28011 28011 I Input   : injectMotionEvent: MotionEvent { action=ACTION_MOVE, actionButton=0, id[0]=0, x[0]=500.0, y[0]=1449.0, toolType[0]=TOOL_TYPE_UNKNOWN, buttonState=0, metaState=0, flags=0x0, edgeFlags=0x0, pointerCount=1, historySize=0, eventTime=662737009, downTime=662737009, deviceId=0, source=0x1002 }
08-04 00:05:20.610 28011 28011 I Input   : injectMotionEvent: MotionEvent { action=ACTION_MOVE, actionButton=0, id[0]=0, x[0]=500.0, y[0]=1420.5, toolType[0]=TOOL_TYPE_UNKNOWN, buttonState=0, metaState=0, flags=0x0, edgeFlags=0x0, pointerCount=1, historySize=0, eventTime=662737024, downTime=662737024, deviceId=0, source=0x1002 }
08-04 00:05:20.628 28011 28011 I Input   : injectMotionEvent: MotionEvent { action=ACTION_MOVE, actionButton=0, id[0]=0, x[0]=500.0, y[0]=1388.2, toolType[0]=TOOL_TYPE_UNKNOWN, buttonState=0, metaState=0, flags=0x0, edgeFlags=0x0, pointerCount=1, historySize=0, eventTime=662737041, downTime=662737041, deviceId=0, source=0x1002 }
08-04 00:05:20.644 28011 28011 I Input   : injectMotionEvent: MotionEvent { action=ACTION_MOVE, actionButton=0, id[0]=0, x[0]=500.0, y[0]=1357.8, toolType[0]=TOOL_TYPE_UNKNOWN, buttonState=0, metaState=0, flags=0x0, edgeFlags=0x0, pointerCount=1, historySize=0, eventTime=662737057, downTime=662737057, deviceId=0, source=0x1002 }
