08-05 20:43:36.016 19872 19872 D Nappa   : PREFETCH_ON_EXTRA - setCurrentActivity - logs - from activity - made prediction istrue
08-05 20:43:36.016 19872 19872 D Nappa   : PREFETCH_ON_EXTRA - setCurrentActivity - logs - from activity - start
08-05 20:43:36.016 19872 19872 D Nappa   : PREFETCH_ON_EXTRA - setCurrentActivity - logs - from activity- finished
08-05 20:43:36.116 19872 19872 D Nappa   : registerActivity: (already in) nappatfpr.appteam.nith.hillffair.activities.QuizActivity
08-05 20:43:36.116 19872 19872 D Nappa   : SHOULD_PREFETCH false
08-05 20:43:36.116 19872 19872 D Nappa   : STATS Number of requests not prefetched: 5
08-05 20:43:36.116 19872 19872 D Nappa   : STATS Number of requests prefetched: 4
08-05 20:43:36.116 19872 19872 D Nappa   : STATS Time saved until now: 0.129
08-05 20:43:36.416 19872 19904 D Nappa   : PREFETCH_ON_EXTRA - setCurrentActivity - logs - from extra - made prediction isfalse
08-05 20:43:37.667 19872 19872 D Nappa   : Stayed on nappatfpr.appteam.nith.hillffair.activities.QuizActivity for 1551 ms
08-05 20:43:37.689 19872 19872 D Nappa   : setCurrentActivity - MetricStrategyAccuracy - 
08-05 20:43:37.689 19872 19872 D Nappa   : madePredictionFromActivity = false, 
08-05 20:43:37.689 19872 19872 D Nappa   : fromActivity = nappatfpr.appteam.nith.hillffair.activities.QuizActivity, 
08-05 20:43:37.689 19872 19872 D Nappa   : predictedNextActivityFromActivity = [], 
08-05 20:43:37.689 19872 19872 D Nappa   : activity.getClass().getCanonicalName() = nappatfpr.appteam.nith.hillffair.activities.InformationActivity, 
08-05 20:43:37.689 19872 19872 D Nappa   : setCurrentActivity - MetricStrategyAccuracy - 
08-05 20:43:37.689 19872 19872 D Nappa   : madePredictionFromExtra = false, 
08-05 20:43:37.689 19872 19872 D Nappa   : fromActivity = nappatfpr.appteam.nith.hillffair.activities.QuizActivity, 
08-05 20:43:37.689 19872 19872 D Nappa   : predictedNextActivityFromExtra = [], 
08-05 20:43:37.689 19872 19872 D Nappa   : activity.getClass().getCanonicalName() = nappatfpr.appteam.nith.hillffair.activities.InformationActivity, 
08-05 20:43:37.689 19872 19872 D Nappa   : PREFETCH_ON_EXTRA - setCurrentActivity - logs - from activity - made prediction isfalse
08-05 20:43:37.789 19872 19872 D Nappa   : registerActivity: (already in) nappatfpr.appteam.nith.hillffair.activities.InformationActivity
08-05 20:43:37.790 19872 19872 D Nappa   : SHOULD_PREFETCH true
08-05 20:43:37.890 19872 19872 D Nappa   : registerActivity: (already in) nappatfpr.appteam.nith.hillffair.activities.InformationActivity
08-05 20:43:37.890 19872 19872 D Nappa   : STATS Number of requests not prefetched: 5
08-05 20:43:37.891 19872 19872 D Nappa   : STATS Number of requests prefetched: 4
08-05 20:43:37.891 19872 19872 D Nappa   : STATS Time saved until now: 0.129
08-05 20:43:38.089 19872 19904 D Nappa   : PREFETCH_ON_EXTRA - setCurrentActivity - logs - from extra - made prediction isfalse
08-05 20:43:38.391 19872 19904 D Nappa   : PREFETCH_ON_EXTRA - setCurrentActivity - starting new prediction
08-05 20:43:38.391 19872 19904 D Nappa   : Current node - currentActivityName - nappatfpr.appteam.nith.hillffair.activities.InformationActivity
08-05 20:43:38.391 19872 19904 D Nappa   : Current node - activityGraph.getCurrent() - nappatfpr.appteam.nith.hillffair.activities.InformationActivity
08-05 20:43:38.391 19872 19904 D Nappa   : PREFETCH_ON_EXTRA - setCurrentActivity - finished new prediction
08-05 20:43:42.281 19872 19872 D Nappa   : Stayed on nappatfpr.appteam.nith.hillffair.activities.InformationActivity for 4390 ms
08-05 20:43:42.288 19872 19872 D Nappa   : setCurrentActivity - MetricStrategyAccuracy - 
08-05 20:43:42.288 19872 19872 D Nappa   : madePredictionFromActivity = true, 
08-05 20:43:42.288 19872 19872 D Nappa   : fromActivity = nappatfpr.appteam.nith.hillffair.activities.InformationActivity, 
08-05 20:43:42.288 19872 19872 D Nappa   : predictedNextActivityFromActivity = [], 
08-05 20:43:42.288 19872 19872 D Nappa   : activity.getClass().getCanonicalName() = nappatfpr.appteam.nith.hillffair.activities.QuizActivity, 
08-05 20:43:42.288 19872 19872 D Nappa   : setCurrentActivity - MetricStrategyAccuracy - 
08-05 20:43:42.288 19872 19872 D Nappa   : madePredictionFromExtra = false, 
08-05 20:43:42.288 19872 19872 D Nappa   : fromActivity = nappatfpr.appteam.nith.hillffair.activities.InformationActivity, 
08-05 20:43:42.288 19872 19872 D Nappa   : predictedNextActivityFromExtra = [], 
08-05 20:43:42.288 19872 19872 D Nappa   : activity.getClass().getCanonicalName() = nappatfpr.appteam.nith.hillffair.activities.QuizActivity, 
08-05 20:43:42.288 19872 19872 D Nappa   : PREFETCH_ON_EXTRA - setCurrentActivity - logs - from activity - made prediction istrue
08-05 20:43:42.288 19872 19872 D Nappa   : PREFETCH_ON_EXTRA - setCurrentActivity - logs - from activity - start
08-05 20:43:42.288 19872 19872 D Nappa   : PREFETCH_ON_EXTRA - setCurrentActivity - logs - from activity- finished
08-05 20:43:42.388 19872 19872 D Nappa   : registerActivity: (already in) nappatfpr.appteam.nith.hillffair.activities.QuizActivity
08-05 20:43:42.389 19872 19872 D Nappa   : SHOULD_PREFETCH false
08-05 20:43:42.389 19872 19872 D Nappa   : STATS Number of requests not prefetched: 5
08-05 20:43:42.389 19872 19872 D Nappa   : STATS Number of requests prefetched: 4
08-05 20:43:42.389 19872 19872 D Nappa   : STATS Time saved until now: 0.129
08-05 20:43:42.688 19872 19904 D Nappa   : PREFETCH_ON_EXTRA - setCurrentActivity - logs - from extra - made prediction isfalse
08-05 20:43:43.915 19872 19872 D Nappa   : Stayed on nappatfpr.appteam.nith.hillffair.activities.QuizActivity for 1526 ms
08-05 20:43:43.940 19872 19872 D Nappa   : TAG okHttpClient initialized
08-05 20:43:43.945 19872 19872 D Nappa   : setCurrentActivity - MetricStrategyAccuracy - 
08-05 20:43:43.945 19872 19872 D Nappa   : madePredictionFromActivity = false, 
08-05 20:43:43.945 19872 19872 D Nappa   : fromActivity = nappatfpr.appteam.nith.hillffair.activities.QuizActivity, 
08-05 20:43:43.945 19872 19872 D Nappa   : predictedNextActivityFromActivity = [], 
08-05 20:43:43.945 19872 19872 D Nappa   : activity.getClass().getCanonicalName() = nappatfpr.appteam.nith.hillffair.activities.LeaderBoardActivity, 
08-05 20:43:43.945 19872 22341 D Nappa   : F1_SCORE add_intercept_url - (already in) - https://api-hillfair-2k16.herokuapp.com/api/app/quiz/leaderboard?from=1
08-05 20:43:43.945 19872 22341 D Nappa   : F1_SCORE add_fn_url - (already in) - https://api-hillfair-2k16.herokuapp.com/api/app/quiz/leaderboard?from=1
08-05 20:43:43.945 19872 19872 D Nappa   : setCurrentActivity - MetricStrategyAccuracy - 
08-05 20:43:43.945 19872 19872 D Nappa   : madePredictionFromExtra = false, 
08-05 20:43:43.945 19872 19872 D Nappa   : fromActivity = nappatfpr.appteam.nith.hillffair.activities.QuizActivity, 
08-05 20:43:43.945 19872 19872 D Nappa   : predictedNextActivityFromExtra = [], 
08-05 20:43:43.945 19872 19872 D Nappa   : activity.getClass().getCanonicalName() = nappatfpr.appteam.nith.hillffair.activities.LeaderBoardActivity, 
08-05 20:43:43.945 19872 22341 D Nappa   : -------------F1_SCORE #28 -----------
08-05 20:43:43.946 19872 19872 D Nappa   : PREFETCH_ON_EXTRA - setCurrentActivity - logs - from activity - made prediction isfalse
08-05 20:43:43.946 19872 22341 D Nappa   : F1_SCORE - Intercept list (4)= [https://api-hillfair-2k16.herokuapp.com/api/app/events/special, https://api-hillfair-2k16.herokuapp.com/api/app/events/special/event?id=58065620dcba0f490c70fe09, https://api-hillfair-2k16.herokuapp.com/api/app/events/special/event?id=5806551bdcba0f490c70fd1f, https://api-hillfair-2k16.herokuapp.com/api/app/quiz/leaderboard?from=1]
08-05 20:43:43.946 19872 22341 D Nappa   : F1_SCORE - Prefetch list (3)= [https://api-hillfair-2k16.herokuapp.com/api/app/events/special/event?id=5806551bdcba0f490c70fd1f, https://api-hillfair-2k16.herokuapp.com/api/app/events/special/event?id=580655cddcba0f490c70fdd0, https://api-hillfair-2k16.herokuapp.com/api/app/events/special/event?id=58065620dcba0f490c70fe09]
08-05 20:43:43.946 19872 22341 D Nappa   : F1_SCORE - TP list (2)= [https://api-hillfair-2k16.herokuapp.com/api/app/events/special/event?id=58065620dcba0f490c70fe09, https://api-hillfair-2k16.herokuapp.com/api/app/events/special/event?id=5806551bdcba0f490c70fd1f]
08-05 20:43:43.947 19872 22341 D Nappa   : F1_SCORE - FN list (2)= [https://api-hillfair-2k16.herokuapp.com/api/app/events/special, https://api-hillfair-2k16.herokuapp.com/api/app/quiz/leaderboard?from=1]
08-05 20:43:44.046 19872 19904 D Nappa   : registerActivity: (already in) nappatfpr.appteam.nith.hillffair.activities.QuizActivity
08-05 20:43:44.046 19872 19904 D Nappa   : PARENTS 
08-05 20:43:44.046 19872 19904 D Nappa   : Of: nappatfpr.appteam.nith.hillffair.activities.QuizActivity -> 
08-05 20:43:44.046 19872 19904 D Nappa   : PARENTS nappatfpr.appteam.nith.hillffair.activities.HomeActivity
08-05 20:43:44.046 19872 19904 D Nappa   : PARENTS nappatfpr.appteam.nith.hillffair.activities.SplashActivity
08-05 20:43:44.047 19872 19872 D Nappa   : registerActivity: (already in) nappatfpr.appteam.nith.hillffair.activities.LeaderBoardActivity
08-05 20:43:44.047 19872 19872 D Nappa   : SHOULD_PREFETCH true
08-05 20:43:44.147 19872 19872 D Nappa   : registerActivity: (already in) nappatfpr.appteam.nith.hillffair.activities.LeaderBoardActivity
08-05 20:43:44.147 19872 19872 D Nappa   : STATS Number of requests not prefetched: 5
08-05 20:43:44.147 19872 19872 D Nappa   : STATS Number of requests prefetched: 5
08-05 20:43:44.147 19872 19872 D Nappa   : STATS Time saved until now: 0.161
08-05 20:43:44.346 19872 19904 D Nappa   : PREFETCH_ON_EXTRA - setCurrentActivity - logs - from extra - made prediction isfalse
08-05 20:43:44.647 19872 19904 D Nappa   : PREFETCH_ON_EXTRA - setCurrentActivity - starting new prediction
08-05 20:43:44.648 19872 19904 D Nappa   : Current node - currentActivityName - nappatfpr.appteam.nith.hillffair.activities.LeaderBoardActivity
08-05 20:43:44.648 19872 19904 D Nappa   : Current node - activityGraph.getCurrent() - nappatfpr.appteam.nith.hillffair.activities.LeaderBoardActivity
08-05 20:43:44.648 19872 19904 D Nappa   : PREFETCH_ON_EXTRA - setCurrentActivity - finished new prediction
08-05 20:43:48.551 19872 19872 D Nappa   : Stayed on nappatfpr.appteam.nith.hillffair.activities.LeaderBoardActivity for 4404 ms
08-05 20:43:48.556 19872 19872 D Nappa   : setCurrentActivity - MetricStrategyAccuracy - 
08-05 20:43:48.556 19872 19872 D Nappa   : madePredictionFromActivity = true, 
08-05 20:43:48.556 19872 19872 D Nappa   : fromActivity = nappatfpr.appteam.nith.hillffair.activities.LeaderBoardActivity, 
08-05 20:43:48.556 19872 19872 D Nappa   : predictedNextActivityFromActivity = [], 
08-05 20:43:48.556 19872 19872 D Nappa   : activity.getClass().getCanonicalName() = nappatfpr.appteam.nith.hillffair.activities.QuizActivity, 
08-05 20:43:48.556 19872 19872 D Nappa   : setCurrentActivity - MetricStrategyAccuracy - 
08-05 20:43:48.556 19872 19872 D Nappa   : madePredictionFromExtra = false, 
08-05 20:43:48.556 19872 19872 D Nappa   : fromActivity = nappatfpr.appteam.nith.hillffair.activities.LeaderBoardActivity, 
08-05 20:43:48.556 19872 19872 D Nappa   : predictedNextActivityFromExtra = [], 
08-05 20:43:48.556 19872 19872 D Nappa   : activity.getClass().getCanonicalName() = nappatfpr.appteam.nith.hillffair.activities.QuizActivity, 
08-05 20:43:48.556 19872 19872 D Nappa   : PREFETCH_ON_EXTRA - setCurrentActivity - logs - from activity - made prediction istrue
08-05 20:43:48.556 19872 19872 D Nappa   : PREFETCH_ON_EXTRA - setCurrentActivity - logs - from activity - start
08-05 20:43:48.556 19872 19872 D Nappa   : PREFETCH_ON_EXTRA - setCurrentActivity - logs - from activity- finished
08-05 20:43:48.656 19872 19872 D Nappa   : registerActivity: (already in) nappatfpr.appteam.nith.hillffair.activities.QuizActivity
08-05 20:43:48.657 19872 19872 D Nappa   : SHOULD_PREFETCH false
08-05 20:43:48.657 19872 19872 D Nappa   : STATS Number of requests not prefetched: 5
08-05 20:43:48.657 19872 19872 D Nappa   : STATS Number of requests prefetched: 5
08-05 20:43:48.657 19872 19872 D Nappa   : STATS Time saved until now: 0.161
08-05 20:43:48.957 19872 19904 D Nappa   : PREFETCH_ON_EXTRA - setCurrentActivity - logs - from extra - made prediction isfalse
08-05 20:43:50.174 19872 19872 D Nappa   : Stayed on nappatfpr.appteam.nith.hillffair.activities.QuizActivity for 1517 ms
08-05 20:43:50.180 19872 19872 D Nappa   : setCurrentActivity - MetricStrategyAccuracy - 
08-05 20:43:50.180 19872 19872 D Nappa   : madePredictionFromActivity = false, 
08-05 20:43:50.180 19872 19872 D Nappa   : fromActivity = nappatfpr.appteam.nith.hillffair.activities.QuizActivity, 
08-05 20:43:50.180 19872 19872 D Nappa   : predictedNextActivityFromActivity = [], 
08-05 20:43:50.180 19872 19872 D Nappa   : activity.getClass().getCanonicalName() = nappatfpr.appteam.nith.hillffair.activities.HomeActivity, 
08-05 20:43:50.180 19872 19872 D Nappa   : setCurrentActivity - MetricStrategyAccuracy - 
08-05 20:43:50.180 19872 19872 D Nappa   : madePredictionFromExtra = false, 
08-05 20:43:50.180 19872 19872 D Nappa   : fromActivity = nappatfpr.appteam.nith.hillffair.activities.QuizActivity, 
08-05 20:43:50.180 19872 19872 D Nappa   : predictedNextActivityFromExtra = [], 
08-05 20:43:50.180 19872 19872 D Nappa   : activity.getClass().getCanonicalName() = nappatfpr.appteam.nith.hillffair.activities.HomeActivity, 
08-05 20:43:50.180 19872 19872 D Nappa   : PREFETCH_ON_EXTRA - setCurrentActivity - logs - from activity - made prediction isfalse
08-05 20:43:50.280 19872 19872 D Nappa   : registerActivity: (already in) nappatfpr.appteam.nith.hillffair.activities.HomeActivity
08-05 20:43:50.280 19872 19872 D Nappa   : SHOULD_PREFETCH false
08-05 20:43:50.280 19872 19872 D Nappa   : STATS Number of requests not prefetched: 5
08-05 20:43:50.280 19872 19872 D Nappa   : STATS Number of requests prefetched: 5
08-05 20:43:50.280 19872 19872 D Nappa   : STATS Time saved until now: 0.161
08-05 20:43:50.580 19872 19904 D Nappa   : PREFETCH_ON_EXTRA - setCurrentActivity - logs - from extra - made prediction isfalse
08-05 20:43:51.806 19872 19872 D Nappa   : Stayed on nappatfpr.appteam.nith.hillffair.activities.HomeActivity for 1525 ms
08-05 20:43:51.829 19872 19872 D Nappa   : setCurrentActivity - MetricStrategyAccuracy - 
08-05 20:43:51.829 19872 19872 D Nappa   : madePredictionFromActivity = false, 
08-05 20:43:51.829 19872 19872 D Nappa   : fromActivity = nappatfpr.appteam.nith.hillffair.activities.HomeActivity, 
08-05 20:43:51.829 19872 19872 D Nappa   : predictedNextActivityFromActivity = [], 
08-05 20:43:51.829 19872 19872 D Nappa   : activity.getClass().getCanonicalName() = nappatfpr.appteam.nith.hillffair.activities.QuizActivity, 
08-05 20:43:51.829 19872 19872 D Nappa   : setCurrentActivity - MetricStrategyAccuracy - 
08-05 20:43:51.829 19872 19872 D Nappa   : madePredictionFromExtra = false, 
08-05 20:43:51.829 19872 19872 D Nappa   : fromActivity = nappatfpr.appteam.nith.hillffair.activities.HomeActivity, 
08-05 20:43:51.829 19872 19872 D Nappa   : predictedNextActivityFromExtra = [], 
08-05 20:43:51.829 19872 19872 D Nappa   : activity.getClass().getCanonicalName() = nappatfpr.appteam.nith.hillffair.activities.QuizActivity, 
08-05 20:43:51.829 19872 19872 D Nappa   : PREFETCH_ON_EXTRA - setCurrentActivity - logs - from activity - made prediction isfalse
08-05 20:43:51.929 19872 19872 D Nappa   : registerActivity: (already in) nappatfpr.appteam.nith.hillffair.activities.QuizActivity
08-05 20:43:51.929 19872 19872 D Nappa   : SHOULD_PREFETCH true
08-05 20:43:52.029 19872 19872 D Nappa   : registerActivity: (already in) nappatfpr.appteam.nith.hillffair.activities.QuizActivity
08-05 20:43:52.030 19872 19872 D Nappa   : SUCCESSORS nappatfpr.appteam.nith.hillffair.activities.LeaderBoardActivity
08-05 20:43:52.030 19872 19872 D Nappa   : SUCCESSORS nappatfpr.appteam.nith.hillffair.activities.InformationActivity
08-05 20:43:52.030 19872 19872 D Nappa   : STATS Number of requests not prefetched: 5
08-05 20:43:52.030 19872 19872 D Nappa   : STATS Number of requests prefetched: 5
08-05 20:43:52.030 19872 19872 D Nappa   : STATS Time saved until now: 0.161
08-05 20:43:52.229 19872 19904 D Nappa   : PREFETCH_ON_EXTRA - setCurrentActivity - logs - from extra - made prediction isfalse
08-05 20:43:52.530 19872 19904 D Nappa   : PREFETCH_ON_EXTRA - setCurrentActivity - starting new prediction
08-05 20:43:52.530 19872 19904 D Nappa   : Current node - currentActivityName - nappatfpr.appteam.nith.hillffair.activities.QuizActivity
08-05 20:43:52.530 19872 19904 D Nappa   : Current node - activityGraph.getCurrent() - nappatfpr.appteam.nith.hillffair.activities.QuizActivity
08-05 20:43:52.533 19872 19904 D Nappa   : PREFETCH_ON_EXTRA - setCurrentActivity - finished new prediction
08-05 20:43:54.454 19872 19872 D Nappa   : Stayed on nappatfpr.appteam.nith.hillffair.activities.QuizActivity for 2424 ms
08-05 20:43:54.477 19872 19872 D Nappa   : TAG okHttpClient initialized
08-05 20:43:54.483 19872 19872 D Nappa   : setCurrentActivity - MetricStrategyAccuracy - 
08-05 20:43:54.483 19872 19872 D Nappa   : madePredictionFromActivity = true, 
08-05 20:43:54.483 19872 19872 D Nappa   : fromActivity = nappatfpr.appteam.nith.hillffair.activities.QuizActivity, 
08-05 20:43:54.483 19872 19872 D Nappa   : predictedNextActivityFromActivity = [nappatfpr.appteam.nith.hillffair.activities.LeaderBoardActivity], 
08-05 20:43:54.483 19872 19872 D Nappa   : activity.getClass().getCanonicalName() = nappatfpr.appteam.nith.hillffair.activities.LeaderBoardActivity, 
08-05 20:43:54.483 19872 19872 D Nappa   : setCurrentActivity - MetricStrategyAccuracy - 
08-05 20:43:54.483 19872 19872 D Nappa   : madePredictionFromExtra = false, 
08-05 20:43:54.483 19872 19872 D Nappa   : fromActivity = nappatfpr.appteam.nith.hillffair.activities.QuizActivity, 
08-05 20:43:54.483 19872 19872 D Nappa   : predictedNextActivityFromExtra = [], 
08-05 20:43:54.483 19872 19872 D Nappa   : activity.getClass().getCanonicalName() = nappatfpr.appteam.nith.hillffair.activities.LeaderBoardActivity, 
08-05 20:43:54.483 19872 19872 D Nappa   : PREFETCH_ON_EXTRA - setCurrentActivity - logs - from activity - made prediction istrue
08-05 20:43:54.483 19872 19872 D Nappa   : PREFETCH_ON_EXTRA - setCurrentActivity - logs - from activity - start
08-05 20:43:54.483 19872 19872 D Nappa   : setCurrentActivity - MetricStrategyAccuracy - checking prediction VS current activity for activities
08-05 20:43:54.483 19872 22658 D Nappa   : F1_SCORE add_intercept_url - (already in) - https://api-hillfair-2k16.herokuapp.com/api/app/quiz/leaderboard?from=1
08-05 20:43:54.484 19872 22658 D Nappa   : F1_SCORE add_fn_url - (already in) - https://api-hillfair-2k16.herokuapp.com/api/app/quiz/leaderboard?from=1
08-05 20:43:54.484 19872 22658 D Nappa   : -------------F1_SCORE #31 -----------
08-05 20:43:54.484 19872 22658 D Nappa   : F1_SCORE - Intercept list (4)= [https://api-hillfair-2k16.herokuapp.com/api/app/events/special, https://api-hillfair-2k16.herokuapp.com/api/app/events/special/event?id=58065620dcba0f490c70fe09, https://api-hillfair-2k16.herokuapp.com/api/app/events/special/event?id=5806551bdcba0f490c70fd1f, https://api-hillfair-2k16.herokuapp.com/api/app/quiz/leaderboard?from=1]
08-05 20:43:54.484 19872 19872 D Nappa   : PREFETCH_ON_EXTRA - setCurrentActivity - logs - from activity- finished
08-05 20:43:54.484 19872 22658 D Nappa   : F1_SCORE - Prefetch list (3)= [https://api-hillfair-2k16.herokuapp.com/api/app/events/special/event?id=5806551bdcba0f490c70fd1f, https://api-hillfair-2k16.herokuapp.com/api/app/events/special/event?id=580655cddcba0f490c70fdd0, https://api-hillfair-2k16.herokuapp.com/api/app/events/special/event?id=58065620dcba0f490c70fe09]
08-05 20:43:54.484 19872 22658 D Nappa   : F1_SCORE - TP list (2)= [https://api-hillfair-2k16.herokuapp.com/api/app/events/special/event?id=58065620dcba0f490c70fe09, https://api-hillfair-2k16.herokuapp.com/api/app/events/special/event?id=5806551bdcba0f490c70fd1f]
08-05 20:43:54.484 19872 22658 D Nappa   : F1_SCORE - FN list (2)= [https://api-hillfair-2k16.herokuapp.com/api/app/events/special, https://api-hillfair-2k16.herokuapp.com/api/app/quiz/leaderboard?from=1]
08-05 20:43:54.584 19872 19904 D Nappa   : registerActivity: (already in) nappatfpr.appteam.nith.hillffair.activities.QuizActivity
08-05 20:43:54.584 19872 19904 D Nappa   : PARENTS 
08-05 20:43:54.584 19872 19904 D Nappa   : Of: nappatfpr.appteam.nith.hillffair.activities.QuizActivity -> 
08-05 20:43:54.584 19872 19904 D Nappa   : PARENTS nappatfpr.appteam.nith.hillffair.activities.HomeActivity
08-05 20:43:54.584 19872 19904 D Nappa   : PARENTS nappatfpr.appteam.nith.hillffair.activities.SplashActivity
08-05 20:43:54.584 19872 19872 D Nappa   : registerActivity: (already in) nappatfpr.appteam.nith.hillffair.activities.LeaderBoardActivity
08-05 20:43:54.584 19872 19872 D Nappa   : SHOULD_PREFETCH true
08-05 20:43:54.684 19872 19872 D Nappa   : registerActivity: (already in) nappatfpr.appteam.nith.hillffair.activities.LeaderBoardActivity
08-05 20:43:54.685 19872 19872 D Nappa   : STATS Number of requests not prefetched: 5
08-05 20:43:54.685 19872 19872 D Nappa   : STATS Number of requests prefetched: 6
08-05 20:43:54.685 19872 19872 D Nappa   : STATS Time saved until now: 0.193
08-05 20:43:54.884 19872 19904 D Nappa   : PREFETCH_ON_EXTRA - setCurrentActivity - logs - from extra - made prediction isfalse
08-05 20:43:55.185 19872 19904 D Nappa   : PREFETCH_ON_EXTRA - setCurrentActivity - starting new prediction
08-05 20:43:55.185 19872 19904 D Nappa   : Current node - currentActivityName - nappatfpr.appteam.nith.hillffair.activities.LeaderBoardActivity
08-05 20:43:55.185 19872 19904 D Nappa   : Current node - activityGraph.getCurrent() - nappatfpr.appteam.nith.hillffair.activities.LeaderBoardActivity
08-05 20:43:55.186 19872 19904 D Nappa   : PREFETCH_ON_EXTRA - setCurrentActivity - finished new prediction
08-05 20:43:59.119 19872 19872 D Nappa   : Stayed on nappatfpr.appteam.nith.hillffair.activities.LeaderBoardActivity for 4434 ms
08-05 20:43:59.124 19872 19872 D Nappa   : setCurrentActivity - MetricStrategyAccuracy - 
08-05 20:43:59.124 19872 19872 D Nappa   : madePredictionFromActivity = true, 
08-05 20:43:59.124 19872 19872 D Nappa   : fromActivity = nappatfpr.appteam.nith.hillffair.activities.LeaderBoardActivity, 
08-05 20:43:59.124 19872 19872 D Nappa   : predictedNextActivityFromActivity = [], 
08-05 20:43:59.124 19872 19872 D Nappa   : activity.getClass().getCanonicalName() = nappatfpr.appteam.nith.hillffair.activities.QuizActivity, 
08-05 20:43:59.124 19872 19872 D Nappa   : setCurrentActivity - MetricStrategyAccuracy - 
08-05 20:43:59.124 19872 19872 D Nappa   : madePredictionFromExtra = false, 
08-05 20:43:59.124 19872 19872 D Nappa   : fromActivity = nappatfpr.appteam.nith.hillffair.activities.LeaderBoardActivity, 
08-05 20:43:59.124 19872 19872 D Nappa   : predictedNextActivityFromExtra = [], 
08-05 20:43:59.124 19872 19872 D Nappa   : activity.getClass().getCanonicalName() = nappatfpr.appteam.nith.hillffair.activities.QuizActivity, 
08-05 20:43:59.124 19872 19872 D Nappa   : PREFETCH_ON_EXTRA - setCurrentActivity - logs - from activity - made prediction istrue
08-05 20:43:59.124 19872 19872 D Nappa   : PREFETCH_ON_EXTRA - setCurrentActivity - logs - from activity - start
08-05 20:43:59.125 19872 19872 D Nappa   : PREFETCH_ON_EXTRA - setCurrentActivity - logs - from activity- finished
08-05 20:43:59.225 19872 19872 D Nappa   : registerActivity: (already in) nappatfpr.appteam.nith.hillffair.activities.QuizActivity
08-05 20:43:59.225 19872 19872 D Nappa   : SHOULD_PREFETCH false
08-05 20:43:59.225 19872 19872 D Nappa   : STATS Number of requests not prefetched: 5
08-05 20:43:59.225 19872 19872 D Nappa   : STATS Number of requests prefetched: 6
08-05 20:43:59.225 19872 19872 D Nappa   : STATS Time saved until now: 0.193
08-05 20:43:59.525 19872 19904 D Nappa   : PREFETCH_ON_EXTRA - setCurrentActivity - logs - from extra - made prediction isfalse
08-05 20:44:00.747 19872 19872 D Nappa   : Stayed on nappatfpr.appteam.nith.hillffair.activities.QuizActivity for 1522 ms
08-05 20:44:00.757 19872 19872 D Nappa   : setCurrentActivity - MetricStrategyAccuracy - 
08-05 20:44:00.757 19872 19872 D Nappa   : madePredictionFromActivity = false, 
08-05 20:44:00.757 19872 19872 D Nappa   : fromActivity = nappatfpr.appteam.nith.hillffair.activities.QuizActivity, 
08-05 20:44:00.757 19872 19872 D Nappa   : predictedNextActivityFromActivity = [], 
08-05 20:44:00.757 19872 19872 D Nappa   : activity.getClass().getCanonicalName() = nappatfpr.appteam.nith.hillffair.activities.HomeActivity, 
08-05 20:44:00.757 19872 19872 D Nappa   : setCurrentActivity - MetricStrategyAccuracy - 
08-05 20:44:00.757 19872 19872 D Nappa   : madePredictionFromExtra = false, 
08-05 20:44:00.757 19872 19872 D Nappa   : fromActivity = nappatfpr.appteam.nith.hillffair.activities.QuizActivity, 
08-05 20:44:00.757 19872 19872 D Nappa   : predictedNextActivityFromExtra = [], 
08-05 20:44:00.757 19872 19872 D Nappa   : activity.getClass().getCanonicalName() = nappatfpr.appteam.nith.hillffair.activities.HomeActivity, 
08-05 20:44:00.757 19872 19872 D Nappa   : PREFETCH_ON_EXTRA - setCurrentActivity - logs - from activity - made prediction isfalse
08-05 20:44:00.857 19872 19872 D Nappa   : registerActivity: (already in) nappatfpr.appteam.nith.hillffair.activities.HomeActivity
08-05 20:44:00.857 19872 19872 D Nappa   : SHOULD_PREFETCH false
08-05 20:44:00.857 19872 19872 D Nappa   : STATS Number of requests not prefetched: 5
08-05 20:44:00.857 19872 19872 D Nappa   : STATS Number of requests prefetched: 6
08-05 20:44:00.857 19872 19872 D Nappa   : STATS Time saved until now: 0.193
08-05 20:44:01.157 19872 19904 D Nappa   : PREFETCH_ON_EXTRA - setCurrentActivity - logs - from extra - made prediction isfalse
08-05 20:44:02.366 19872 19872 D Nappa   : Stayed on nappatfpr.appteam.nith.hillffair.activities.HomeActivity for 1509 ms
08-05 20:44:02.382 19872 19872 D Nappa   : TAG okHttpClient initialized
08-05 20:44:02.389 19872 19872 D Nappa   : setCurrentActivity - MetricStrategyAccuracy - 
08-05 20:44:02.389 19872 19872 D Nappa   : madePredictionFromActivity = false, 
08-05 20:44:02.389 19872 19872 D Nappa   : fromActivity = nappatfpr.appteam.nith.hillffair.activities.HomeActivity, 
08-05 20:44:02.389 19872 19872 D Nappa   : predictedNextActivityFromActivity = [], 
08-05 20:44:02.389 19872 19872 D Nappa   : activity.getClass().getCanonicalName() = nappatfpr.appteam.nith.hillffair.activities.EventActivity, 
08-05 20:44:02.389 19872 19872 D Nappa   : setCurrentActivity - MetricStrategyAccuracy - 
08-05 20:44:02.389 19872 19872 D Nappa   : madePredictionFromExtra = false, 
08-05 20:44:02.389 19872 19872 D Nappa   : fromActivity = nappatfpr.appteam.nith.hillffair.activities.HomeActivity, 
08-05 20:44:02.389 19872 19872 D Nappa   : predictedNextActivityFromExtra = [], 
08-05 20:44:02.389 19872 19872 D Nappa   : activity.getClass().getCanonicalName() = nappatfpr.appteam.nith.hillffair.activities.EventActivity, 
08-05 20:44:02.389 19872 19872 D Nappa   : PREFETCH_ON_EXTRA - setCurrentActivity - logs - from activity - made prediction isfalse
08-05 20:44:02.389 19872 22893 D Nappa   : F1_SCORE add_intercept_url - (new) - https://api-hillfair-2k16.herokuapp.com/api/app/club
08-05 20:44:02.389 19872 22893 D Nappa   : F1_SCORE add_fn_url - (new) - https://api-hillfair-2k16.herokuapp.com/api/app/club
08-05 20:44:02.389 19872 22893 D Nappa   : -------------F1_SCORE #34 -----------
08-05 20:44:02.389 19872 22893 D Nappa   : F1_SCORE - Intercept list (5)= [https://api-hillfair-2k16.herokuapp.com/api/app/events/special, https://api-hillfair-2k16.herokuapp.com/api/app/events/special/event?id=58065620dcba0f490c70fe09, https://api-hillfair-2k16.herokuapp.com/api/app/events/special/event?id=5806551bdcba0f490c70fd1f, https://api-hillfair-2k16.herokuapp.com/api/app/quiz/leaderboard?from=1, https://api-hillfair-2k16.herokuapp.com/api/app/club]
08-05 20:44:02.389 19872 22893 D Nappa   : F1_SCORE - Prefetch list (3)= [https://api-hillfair-2k16.herokuapp.com/api/app/events/special/event?id=5806551bdcba0f490c70fd1f, https://api-hillfair-2k16.herokuapp.com/api/app/events/special/event?id=580655cddcba0f490c70fdd0, https://api-hillfair-2k16.herokuapp.com/api/app/events/special/event?id=58065620dcba0f490c70fe09]
08-05 20:44:02.389 19872 22893 D Nappa   : F1_SCORE - TP list (2)= [https://api-hillfair-2k16.herokuapp.com/api/app/events/special/event?id=58065620dcba0f490c70fe09, https://api-hillfair-2k16.herokuapp.com/api/app/events/special/event?id=5806551bdcba0f490c70fd1f]
08-05 20:44:02.389 19872 22893 D Nappa   : F1_SCORE - FN list (3)= [https://api-hillfair-2k16.herokuapp.com/api/app/events/special, https://api-hillfair-2k16.herokuapp.com/api/app/quiz/leaderboard?from=1, https://api-hillfair-2k16.herokuapp.com/api/app/club]
08-05 20:44:02.489 19872 19872 D Nappa   : registerActivity: (already in) nappatfpr.appteam.nith.hillffair.activities.EventActivity
08-05 20:44:02.489 19872 19904 D Nappa   : registerActivity: (already in) nappatfpr.appteam.nith.hillffair.activities.EventActivity
08-05 20:44:02.489 19872 19904 D Nappa   : PARENTS 
08-05 20:44:02.489 19872 19904 D Nappa   : Of: nappatfpr.appteam.nith.hillffair.activities.EventActivity -> 
08-05 20:44:02.490 19872 19904 D Nappa   : PARENTS nappatfpr.appteam.nith.hillffair.activities.HomeActivity
08-05 20:44:02.490 19872 19872 D Nappa   : SHOULD_PREFETCH true
08-05 20:44:02.490 19872 19904 D Nappa   : PARENTS nappatfpr.appteam.nith.hillffair.activities.SplashActivity
08-05 20:44:02.590 19872 19872 D Nappa   : registerActivity: (already in) nappatfpr.appteam.nith.hillffair.activities.EventActivity
08-05 20:44:02.590 19872 19872 D Nappa   : SUCCESSORS nappatfpr.appteam.nith.hillffair.activities.ClubActivity
08-05 20:44:02.590 19872 19872 D Nappa   : STATS Number of requests not prefetched: 5
08-05 20:44:02.590 19872 19872 D Nappa   : STATS Number of requests prefetched: 6
08-05 20:44:02.590 19872 19872 D Nappa   : STATS Time saved until now: 0.193
08-05 20:44:02.790 19872 19904 D Nappa   : PREFETCH_ON_EXTRA - setCurrentActivity - logs - from extra - made prediction isfalse
08-05 20:44:03.090 19872 19904 D Nappa   : PREFETCH_ON_EXTRA - setCurrentActivity - starting new prediction
08-05 20:44:03.090 19872 19904 D Nappa   : Current node - currentActivityName - nappatfpr.appteam.nith.hillffair.activities.EventActivity
08-05 20:44:03.091 19872 19904 D Nappa   : Current node - activityGraph.getCurrent() - nappatfpr.appteam.nith.hillffair.activities.EventActivity
08-05 20:44:03.095 19872 19904 D Nappa   : PREFETCH_ON_EXTRA - setCurrentActivity - finished new prediction
08-05 20:44:10.988 19872 19904 D Nappa   : PREFETCH_ON_EXTRA - notifyExtras- start
08-05 20:44:10.993 19872 19904 D Nappa   : PREFETCH_ON_EXTRA - notifyExtras- end
08-05 20:44:10.993 19872 19904 D Nappa   : PREFSTRAT2 ADDING NEW ACTEXTRADATA
08-05 20:44:10.998 19872 19872 D Nappa   : Stayed on nappatfpr.appteam.nith.hillffair.activities.EventActivity for 8407 ms
08-05 20:44:11.020 19872 19872 D Nappa   : TAG okHttpClient initialized
08-05 20:44:11.025 19872 19872 D Nappa   : setCurrentActivity - MetricStrategyAccuracy - 
08-05 20:44:11.025 19872 19872 D Nappa   : madePredictionFromActivity = true, 
08-05 20:44:11.025 19872 19872 D Nappa   : fromActivity = nappatfpr.appteam.nith.hillffair.activities.EventActivity, 
08-05 20:44:11.025 19872 19872 D Nappa   : predictedNextActivityFromActivity = [nappatfpr.appteam.nith.hillffair.activities.ClubActivity], 
08-05 20:44:11.025 19872 19872 D Nappa   : activity.getClass().getCanonicalName() = nappatfpr.appteam.nith.hillffair.activities.ClubActivity, 
08-05 20:44:11.025 19872 19872 D Nappa   : setCurrentActivity - MetricStrategyAccuracy - 
08-05 20:44:11.025 19872 19872 D Nappa   : madePredictionFromExtra = true, 
08-05 20:44:11.025 19872 19872 D Nappa   : fromActivity = nappatfpr.appteam.nith.hillffair.activities.EventActivity, 
08-05 20:44:11.025 19872 19872 D Nappa   : predictedNextActivityFromExtra = [nappatfpr.appteam.nith.hillffair.activities.ClubActivity], 
08-05 20:44:11.025 19872 19872 D Nappa   : activity.getClass().getCanonicalName() = nappatfpr.appteam.nith.hillffair.activities.ClubActivity, 
08-05 20:44:11.025 19872 19872 D Nappa   : PREFETCH_ON_EXTRA - setCurrentActivity - logs - from activity - made prediction istrue
08-05 20:44:11.025 19872 19872 D Nappa   : PREFETCH_ON_EXTRA - setCurrentActivity - logs - from activity - start
08-05 20:44:11.025 19872 19872 D Nappa   : setCurrentActivity - MetricStrategyAccuracy - checking prediction VS current activity for activities
08-05 20:44:11.025 19872 23125 D Nappa   : F1_SCORE add_intercept_url - (new) - https://api-hillfair-2k16.herokuapp.com/api/app/club/PR%20Club
08-05 20:44:11.025 19872 23125 D Nappa   : F1_SCORE add_fn_url - (new) - https://api-hillfair-2k16.herokuapp.com/api/app/club/PR%20Club
08-05 20:44:11.025 19872 23125 D Nappa   : -------------F1_SCORE #35 -----------
08-05 20:44:11.025 19872 23125 D Nappa   : F1_SCORE - Intercept list (6)= [https://api-hillfair-2k16.herokuapp.com/api/app/events/special, https://api-hillfair-2k16.herokuapp.com/api/app/events/special/event?id=58065620dcba0f490c70fe09, https://api-hillfair-2k16.herokuapp.com/api/app/events/special/event?id=5806551bdcba0f490c70fd1f, https://api-hillfair-2k16.herokuapp.com/api/app/quiz/leaderboard?from=1, https://api-hillfair-2k16.herokuapp.com/api/app/club, https://api-hillfair-2k16.herokuapp.com/api/app/club/PR%20Club]
08-05 20:44:11.025 19872 19872 D Nappa   : PREFETCH_ON_EXTRA - setCurrentActivity - logs - from activity- finished
08-05 20:44:11.025 19872 23125 D Nappa   : F1_SCORE - Prefetch list (3)= [https://api-hillfair-2k16.herokuapp.com/api/app/events/special/event?id=5806551bdcba0f490c70fd1f, https://api-hillfair-2k16.herokuapp.com/api/app/events/special/event?id=580655cddcba0f490c70fdd0, https://api-hillfair-2k16.herokuapp.com/api/app/events/special/event?id=58065620dcba0f490c70fe09]
08-05 20:44:11.025 19872 23125 D Nappa   : F1_SCORE - TP list (2)= [https://api-hillfair-2k16.herokuapp.com/api/app/events/special/event?id=58065620dcba0f490c70fe09, https://api-hillfair-2k16.herokuapp.com/api/app/events/special/event?id=5806551bdcba0f490c70fd1f]
08-05 20:44:11.025 19872 23125 D Nappa   : F1_SCORE - FN list (4)= [https://api-hillfair-2k16.herokuapp.com/api/app/events/special, https://api-hillfair-2k16.herokuapp.com/api/app/quiz/leaderboard?from=1, https://api-hillfair-2k16.herokuapp.com/api/app/club, https://api-hillfair-2k16.herokuapp.com/api/app/club/PR%20Club]
08-05 20:44:11.125 19872 19904 D Nappa   : registerActivity: (already in) nappatfpr.appteam.nith.hillffair.activities.EventActivity
08-05 20:44:11.125 19872 19904 D Nappa   : PARENTS 
08-05 20:44:11.125 19872 19904 D Nappa   : Of: nappatfpr.appteam.nith.hillffair.activities.EventActivity -> 
08-05 20:44:11.125 19872 19904 D Nappa   : PARENTS nappatfpr.appteam.nith.hillffair.activities.HomeActivity
08-05 20:44:11.125 19872 19904 D Nappa   : PARENTS nappatfpr.appteam.nith.hillffair.activities.SplashActivity
08-05 20:44:11.125 19872 19872 D Nappa   : registerActivity: (already in) nappatfpr.appteam.nith.hillffair.activities.ClubActivity
08-05 20:44:11.126 19872 19872 D Nappa   : SHOULD_PREFETCH true
08-05 20:44:11.226 19872 19872 D Nappa   : registerActivity: (already in) nappatfpr.appteam.nith.hillffair.activities.ClubActivity
08-05 20:44:11.226 19872 19872 D Nappa   : STATS Number of requests not prefetched: 6
08-05 20:44:11.226 19872 19872 D Nappa   : STATS Number of requests prefetched: 6
08-05 20:44:11.226 19872 19872 D Nappa   : STATS Time saved until now: 0.193
08-05 20:44:11.426 19872 19904 D Nappa   : PREFETCH_ON_EXTRA - setCurrentActivity - logs - from extra - made prediction istrue
08-05 20:44:11.426 19872 19904 D Nappa   : PREFETCH_ON_EXTRA - setCurrentActivity - logs - from extra - start
08-05 20:44:11.426 19872 19904 D Nappa   : setCurrentActivity - MetricStrategyAccuracy - checking prediction VS current activity for extras
08-05 20:44:11.426 19872 19904 D Nappa   : PREFETCH_ON_EXTRA - setCurrentActivity - logs - from extra- finished
08-05 20:44:11.726 19872 19904 D Nappa   : PREFETCH_ON_EXTRA - setCurrentActivity - starting new prediction
08-05 20:44:11.727 19872 19904 D Nappa   : Current node - currentActivityName - nappatfpr.appteam.nith.hillffair.activities.ClubActivity
08-05 20:44:11.727 19872 19904 D Nappa   : Current node - activityGraph.getCurrent() - nappatfpr.appteam.nith.hillffair.activities.ClubActivity
08-05 20:44:11.728 19872 19904 D Nappa   : PREFETCH_ON_EXTRA - setCurrentActivity - finished new prediction
08-05 20:44:15.696 19872 19872 D Nappa   : Stayed on nappatfpr.appteam.nith.hillffair.activities.ClubActivity for 4470 ms
08-05 20:44:15.701 19872 19872 D Nappa   : setCurrentActivity - MetricStrategyAccuracy - 
08-05 20:44:15.701 19872 19872 D Nappa   : madePredictionFromActivity = true, 
08-05 20:44:15.701 19872 19872 D Nappa   : fromActivity = nappatfpr.appteam.nith.hillffair.activities.ClubActivity, 
08-05 20:44:15.701 19872 19872 D Nappa   : predictedNextActivityFromActivity = [], 
08-05 20:44:15.701 19872 19872 D Nappa   : activity.getClass().getCanonicalName() = nappatfpr.appteam.nith.hillffair.activities.EventActivity, 
08-05 20:44:15.702 19872 19872 D Nappa   : setCurrentActivity - MetricStrategyAccuracy - 
08-05 20:44:15.702 19872 19872 D Nappa   : madePredictionFromExtra = false, 
08-05 20:44:15.702 19872 19872 D Nappa   : fromActivity = nappatfpr.appteam.nith.hillffair.activities.ClubActivity, 
08-05 20:44:15.702 19872 19872 D Nappa   : predictedNextActivityFromExtra = [], 
08-05 20:44:15.702 19872 19872 D Nappa   : activity.getClass().getCanonicalName() = nappatfpr.appteam.nith.hillffair.activities.EventActivity, 
08-05 20:44:15.702 19872 19872 D Nappa   : PREFETCH_ON_EXTRA - setCurrentActivity - logs - from activity - made prediction istrue
08-05 20:44:15.702 19872 19872 D Nappa   : PREFETCH_ON_EXTRA - setCurrentActivity - logs - from activity - start
08-05 20:44:15.702 19872 19872 D Nappa   : PREFETCH_ON_EXTRA - setCurrentActivity - logs - from activity- finished
08-05 20:44:15.803 19872 19872 D Nappa   : registerActivity: (already in) nappatfpr.appteam.nith.hillffair.activities.EventActivity
08-05 20:44:15.803 19872 19872 D Nappa   : SHOULD_PREFETCH false
08-05 20:44:15.803 19872 19872 D Nappa   : STATS Number of requests not prefetched: 7
08-05 20:44:15.803 19872 19872 D Nappa   : STATS Number of requests prefetched: 6
08-05 20:44:15.803 19872 19872 D Nappa   : STATS Time saved until now: 0.193
08-05 20:44:16.103 19872 19904 D Nappa   : PREFETCH_ON_EXTRA - setCurrentActivity - logs - from extra - made prediction isfalse
08-05 20:44:17.329 19872 19904 D Nappa   : PREFETCH_ON_EXTRA - notifyExtras- start
08-05 20:44:17.333 19872 19904 D Nappa   : PREFETCH_ON_EXTRA - notifyExtras- end
08-05 20:44:17.333 19872 19904 D Nappa   : PREFSTRAT2 ADDING NEW ACTEXTRADATA
08-05 20:44:17.336 19872 19872 D Nappa   : Stayed on nappatfpr.appteam.nith.hillffair.activities.EventActivity for 1533 ms
08-05 20:44:17.355 19872 19872 D Nappa   : TAG okHttpClient initialized
08-05 20:44:17.360 19872 19872 D Nappa   : setCurrentActivity - MetricStrategyAccuracy - 
08-05 20:44:17.360 19872 19872 D Nappa   : madePredictionFromActivity = false, 
08-05 20:44:17.360 19872 19872 D Nappa   : fromActivity = nappatfpr.appteam.nith.hillffair.activities.EventActivity, 
08-05 20:44:17.360 19872 19872 D Nappa   : predictedNextActivityFromActivity = [], 
08-05 20:44:17.360 19872 19872 D Nappa   : activity.getClass().getCanonicalName() = nappatfpr.appteam.nith.hillffair.activities.ClubActivity, 
08-05 20:44:17.360 19872 19872 D Nappa   : setCurrentActivity - MetricStrategyAccuracy - 
08-05 20:44:17.360 19872 19872 D Nappa   : madePredictionFromExtra = true, 
08-05 20:44:17.360 19872 19872 D Nappa   : fromActivity = nappatfpr.appteam.nith.hillffair.activities.EventActivity, 
08-05 20:44:17.360 19872 19872 D Nappa   : predictedNextActivityFromExtra = [nappatfpr.appteam.nith.hillffair.activities.ClubActivity], 
08-05 20:44:17.360 19872 19872 D Nappa   : activity.getClass().getCanonicalName() = nappatfpr.appteam.nith.hillffair.activities.ClubActivity, 
08-05 20:44:17.360 19872 19872 D Nappa   : PREFETCH_ON_EXTRA - setCurrentActivity - logs - from activity - made prediction isfalse
08-05 20:44:17.361 19872 23306 D Nappa   : F1_SCORE add_intercept_url - (new) - https://api-hillfair-2k16.herokuapp.com/api/app/club/Design%20and%20Decoration%20Club
08-05 20:44:17.361 19872 23306 D Nappa   : F1_SCORE add_fn_url - (new) - https://api-hillfair-2k16.herokuapp.com/api/app/club/Design%20and%20Decoration%20Club
08-05 20:44:17.361 19872 23306 D Nappa   : -------------F1_SCORE #37 -----------
08-05 20:44:17.361 19872 23306 D Nappa   : F1_SCORE - Intercept list (7)= [https://api-hillfair-2k16.herokuapp.com/api/app/events/special, https://api-hillfair-2k16.herokuapp.com/api/app/events/special/event?id=58065620dcba0f490c70fe09, https://api-hillfair-2k16.herokuapp.com/api/app/events/special/event?id=5806551bdcba0f490c70fd1f, https://api-hillfair-2k16.herokuapp.com/api/app/quiz/leaderboard?from=1, https://api-hillfair-2k16.herokuapp.com/api/app/club, https://api-hillfair-2k16.herokuapp.com/api/app/club/PR%20Club, https://api-hillfair-2k16.herokuapp.com/api/app/club/Design%20and%20Decoration%20Club]
08-05 20:44:17.361 19872 23306 D Nappa   : F1_SCORE - Prefetch list (3)= [https://api-hillfair-2k16.herokuapp.com/api/app/events/special/event?id=5806551bdcba0f490c70fd1f, https://api-hillfair-2k16.herokuapp.com/api/app/events/special/event?id=580655cddcba0f490c70fdd0, https://api-hillfair-2k16.herokuapp.com/api/app/events/special/event?id=58065620dcba0f490c70fe09]
08-05 20:44:17.361 19872 23306 D Nappa   : F1_SCORE - TP list (2)= [https://api-hillfair-2k16.herokuapp.com/api/app/events/special/event?id=58065620dcba0f490c70fe09, https://api-hillfair-2k16.herokuapp.com/api/app/events/special/event?id=5806551bdcba0f490c70fd1f]
08-05 20:44:17.361 19872 23306 D Nappa   : F1_SCORE - FN list (5)= [https://api-hillfair-2k16.herokuapp.com/api/app/events/special, https://api-hillfair-2k16.herokuapp.com/api/app/quiz/leaderboard?from=1, https://api-hillfair-2k16.herokuapp.com/api/app/club, https://api-hillfair-2k16.herokuapp.com/api/app/club/PR%20Club, https://api-hillfair-2k16.herokuapp.com/api/app/club/Design%20and%20Decoration%20Club]
08-05 20:44:17.460 19872 19872 D Nappa   : registerActivity: (already in) nappatfpr.appteam.nith.hillffair.activities.ClubActivity
08-05 20:44:17.461 19872 19872 D Nappa   : SHOULD_PREFETCH true
08-05 20:44:17.461 19872 19904 D Nappa   : registerActivity: (already in) nappatfpr.appteam.nith.hillffair.activities.ClubActivity
08-05 20:44:17.461 19872 19904 D Nappa   : PARENTS 
08-05 20:44:17.461 19872 19904 D Nappa   : Of: nappatfpr.appteam.nith.hillffair.activities.ClubActivity -> 
08-05 20:44:17.461 19872 19904 D Nappa   : PARENTS nappatfpr.appteam.nith.hillffair.activities.BattleDayActivity
08-05 20:44:17.461 19872 19904 D Nappa   : PARENTS has extra: (name, Music)
08-05 20:44:17.461 19872 19904 D Nappa   : PARENTS has extra: (id, 5806551bdcba0f490c70fd1f)
08-05 20:44:17.461 19872 19904 D Nappa   : PARENTS has extra: (battleday, true)
08-05 20:44:17.462 19872 19904 D Nappa   : PARENTS nappatfpr.appteam.nith.hillffair.activities.HomeActivity
08-05 20:44:17.462 19872 19904 D Nappa   : PARENTS nappatfpr.appteam.nith.hillffair.activities.SplashActivity
08-05 20:44:17.462 19872 19904 D Nappa   : PARENTS nappatfpr.appteam.nith.hillffair.activities.EventActivity
08-05 20:44:17.462 19872 19904 D Nappa   : PARENTS has extra: (CLUB_NAME, Design and Decoration Club)
08-05 20:44:17.561 19872 19872 D Nappa   : registerActivity: (already in) nappatfpr.appteam.nith.hillffair.activities.ClubActivity
08-05 20:44:17.561 19872 19872 D Nappa   : STATS Number of requests not prefetched: 7
08-05 20:44:17.561 19872 19872 D Nappa   : STATS Number of requests prefetched: 6
08-05 20:44:17.561 19872 19872 D Nappa   : STATS Time saved until now: 0.193
08-05 20:44:17.761 19872 19904 D Nappa   : PREFETCH_ON_EXTRA - setCurrentActivity - logs - from extra - made prediction istrue
08-05 20:44:17.761 19872 19904 D Nappa   : PREFETCH_ON_EXTRA - setCurrentActivity - logs - from extra - start
08-05 20:44:17.761 19872 19904 D Nappa   : setCurrentActivity - MetricStrategyAccuracy - checking prediction VS current activity for extras
08-05 20:44:17.761 19872 19904 D Nappa   : PREFETCH_ON_EXTRA - setCurrentActivity - logs - from extra- finished
08-05 20:44:18.061 19872 19904 D Nappa   : PREFETCH_ON_EXTRA - setCurrentActivity - starting new prediction
08-05 20:44:18.062 19872 19904 D Nappa   : Current node - currentActivityName - nappatfpr.appteam.nith.hillffair.activities.ClubActivity
08-05 20:44:18.062 19872 19904 D Nappa   : Current node - activityGraph.getCurrent() - nappatfpr.appteam.nith.hillffair.activities.ClubActivity
08-05 20:44:18.063 19872 19904 D Nappa   : PREFETCH_ON_EXTRA - setCurrentActivity - finished new prediction
08-05 20:44:22.101 19872 19872 D Nappa   : Stayed on nappatfpr.appteam.nith.hillffair.activities.ClubActivity for 4539 ms
08-05 20:44:22.108 19872 19872 D Nappa   : setCurrentActivity - MetricStrategyAccuracy - 
08-05 20:44:22.108 19872 19872 D Nappa   : madePredictionFromActivity = true, 
08-05 20:44:22.108 19872 19872 D Nappa   : fromActivity = nappatfpr.appteam.nith.hillffair.activities.ClubActivity, 
08-05 20:44:22.108 19872 19872 D Nappa   : predictedNextActivityFromActivity = [], 
08-05 20:44:22.108 19872 19872 D Nappa   : activity.getClass().getCanonicalName() = nappatfpr.appteam.nith.hillffair.activities.EventActivity, 
08-05 20:44:22.108 19872 19872 D Nappa   : setCurrentActivity - MetricStrategyAccuracy - 
08-05 20:44:22.108 19872 19872 D Nappa   : madePredictionFromExtra = false, 
08-05 20:44:22.108 19872 19872 D Nappa   : fromActivity = nappatfpr.appteam.nith.hillffair.activities.ClubActivity, 
08-05 20:44:22.108 19872 19872 D Nappa   : predictedNextActivityFromExtra = [], 
08-05 20:44:22.108 19872 19872 D Nappa   : activity.getClass().getCanonicalName() = nappatfpr.appteam.nith.hillffair.activities.EventActivity, 
08-05 20:44:22.108 19872 19872 D Nappa   : PREFETCH_ON_EXTRA - setCurrentActivity - logs - from activity - made prediction istrue
08-05 20:44:22.108 19872 19872 D Nappa   : PREFETCH_ON_EXTRA - setCurrentActivity - logs - from activity - start
08-05 20:44:22.108 19872 19872 D Nappa   : PREFETCH_ON_EXTRA - setCurrentActivity - logs - from activity- finished
08-05 20:44:22.209 19872 19872 D Nappa   : registerActivity: (already in) nappatfpr.appteam.nith.hillffair.activities.EventActivity
08-05 20:44:22.209 19872 19872 D Nappa   : SHOULD_PREFETCH false
08-05 20:44:22.209 19872 19872 D Nappa   : STATS Number of requests not prefetched: 8
08-05 20:44:22.209 19872 19872 D Nappa   : STATS Number of requests prefetched: 6
08-05 20:44:22.209 19872 19872 D Nappa   : STATS Time saved until now: 0.193
08-05 20:44:22.509 19872 19904 D Nappa   : PREFETCH_ON_EXTRA - setCurrentActivity - logs - from extra - made prediction isfalse
08-05 20:44:23.728 19872 19904 D Nappa   : PREFETCH_ON_EXTRA - notifyExtras- start
08-05 20:44:23.731 19872 19904 D Nappa   : PREFETCH_ON_EXTRA - notifyExtras- end
08-05 20:44:23.731 19872 19904 D Nappa   : PREFSTRAT2 ADDING NEW ACTEXTRADATA
08-05 20:44:23.736 19872 19872 D Nappa   : Stayed on nappatfpr.appteam.nith.hillffair.activities.EventActivity for 1527 ms
08-05 20:44:23.753 19872 19872 D Nappa   : TAG okHttpClient initialized
08-05 20:44:23.757 19872 19872 D Nappa   : setCurrentActivity - MetricStrategyAccuracy - 
08-05 20:44:23.757 19872 19872 D Nappa   : madePredictionFromActivity = false, 
08-05 20:44:23.757 19872 19872 D Nappa   : fromActivity = nappatfpr.appteam.nith.hillffair.activities.EventActivity, 
08-05 20:44:23.757 19872 19872 D Nappa   : predictedNextActivityFromActivity = [], 
08-05 20:44:23.757 19872 19872 D Nappa   : activity.getClass().getCanonicalName() = nappatfpr.appteam.nith.hillffair.activities.ClubActivity, 
08-05 20:44:23.758 19872 19872 D Nappa   : setCurrentActivity - MetricStrategyAccuracy - 
08-05 20:44:23.758 19872 19872 D Nappa   : madePredictionFromExtra = true, 
08-05 20:44:23.758 19872 19872 D Nappa   : fromActivity = nappatfpr.appteam.nith.hillffair.activities.EventActivity, 
08-05 20:44:23.758 19872 19872 D Nappa   : predictedNextActivityFromExtra = [nappatfpr.appteam.nith.hillffair.activities.ClubActivity], 
08-05 20:44:23.758 19872 19872 D Nappa   : activity.getClass().getCanonicalName() = nappatfpr.appteam.nith.hillffair.activities.ClubActivity, 
08-05 20:44:23.758 19872 19872 D Nappa   : PREFETCH_ON_EXTRA - setCurrentActivity - logs - from activity - made prediction isfalse
08-05 20:44:23.758 19872 23479 D Nappa   : F1_SCORE add_intercept_url - (new) - https://api-hillfair-2k16.herokuapp.com/api/app/club/Technical%20Committee
08-05 20:44:23.758 19872 23479 D Nappa   : F1_SCORE add_fn_url - (new) - https://api-hillfair-2k16.herokuapp.com/api/app/club/Technical%20Committee
08-05 20:44:23.758 19872 23479 D Nappa   : -------------F1_SCORE #39 -----------
