08-05 13:49:41.289 15576 15576 D ActivityNode: destinations:
08-05 13:49:41.308 15625 15625 D ICU     : No timezone override file found: /data/misc/zoneinfo/current/icu/icu_tzdata.dat
08-05 13:49:41.339 15625 15625 I Radio-JNI: register_android_hardware_Radio DONE
08-05 13:49:41.355 15625 15625 D AndroidRuntime: Calling main entry com.android.commands.am.Am
08-05 13:49:41.360 15576 15576 D UserPreferences: Using default data folder
08-05 13:49:41.367 16924 16924 I Trepn   : Trepn 6.2s: Received intent: com.quicinc.trepn.start_profiling
08-05 13:49:41.398 15576 15576 D MainActivity: getLastNavFragment() -> AddFeedFragment
08-05 13:49:41.398 15576 15576 D MainActivity: loadFragment(tag: AddFeedFragment, args: null)
08-05 13:49:41.400 15576 15576 D MainActivity: saveLastNavFragment(tag: AddFeedFragment)
08-05 13:49:41.401 15576 15576 D MainActivity: getLastNavFragment() -> AddFeedFragment
08-05 13:49:41.403 15576 15576 D UserPreferences: timeOfDay: []
08-05 13:49:41.403 15576 15576 D AutoUpdateManager: Restarting update alarm.
08-05 13:49:41.404 15576 15576 D AutoUpdateManager: Automatic update was deactivated
08-05 13:49:41.417 15576 15610 D Nappa   : PREFETCH_ON_EXTRA - setCurrentActivity - logs - from extra - made prediction isfalse
08-05 13:49:41.425 15576 15576 D ExternalPlayerFragment: Loading media info
08-05 13:49:41.428 15576 15576 V PlaybackController: initServiceNotRunning()
08-05 13:49:41.429 15576 15576 D ExternalPlayerFragment: Loading media info
08-05 13:49:41.434 15576 15576 D UserPreferences: Using default data folder
08-05 13:49:41.437 15576 15576 D NappaLifecycleObserver: nappagreedy.de.danoeh.antennapod.activity.MainActivity - onResume
08-05 13:49:41.437 15576 15576 D Nappa   : setCurrentActivity - MetricStrategyAccuracy - 
08-05 13:49:41.437 15576 15576 D Nappa   : madePredictionFromActivity = false, 
08-05 13:49:41.437 15576 15576 D Nappa   : fromActivity = nappagreedy.de.danoeh.antennapod.activity.SplashActivity, 
08-05 13:49:41.437 15576 15576 D Nappa   : predictedNextActivityFromActivity = [], 
08-05 13:49:41.437 15576 15576 D Nappa   : activity.getClass().getCanonicalName() = nappagreedy.de.danoeh.antennapod.activity.MainActivity, 
08-05 13:49:41.437 15576 15576 D Nappa   : setCurrentActivity - MetricStrategyAccuracy - 
08-05 13:49:41.437 15576 15576 D Nappa   : madePredictionFromExtra = false, 
08-05 13:49:41.437 15576 15576 D Nappa   : fromActivity = nappagreedy.de.danoeh.antennapod.activity.SplashActivity, 
08-05 13:49:41.437 15576 15576 D Nappa   : predictedNextActivityFromExtra = [], 
08-05 13:49:41.437 15576 15576 D Nappa   : activity.getClass().getCanonicalName() = nappagreedy.de.danoeh.antennapod.activity.MainActivity, 
08-05 13:49:41.437 15576 15576 D Nappa   : PREFETCH_ON_EXTRA - setCurrentActivity - logs - from activity - made prediction isfalse
08-05 13:49:41.437 15576 15629 D DBReader: getNavDrawerData() called with: 
08-05 13:49:41.441 15576 15629 D DBReader: getDownloadedItems() called
08-05 13:49:41.442 15576 15629 D DBReader: getFavoriteIDList() called
08-05 13:49:41.442 15576 15629 D DBReader: getQueueIDList() called
08-05 13:49:41.443 15576 15629 D DBReader: Extracting Feedlist
08-05 13:49:41.455 16924 16924 W FileUtils: Failed to chmod(/storage/emulated/0/trepn/Trepn_2020.08.05_134941.db): android.system.ErrnoException: chmod failed: EPERM (Operation not permitted)
08-05 13:49:41.538 15576 15576 D Nappa   : registerActivity: (already in) nappagreedy.de.danoeh.antennapod.activity.MainActivity
08-05 13:49:41.538 15576 15576 D ActivityNode: ACTNODE UPDATING AFTER LOADING FROM DB
08-05 13:49:41.539 15576 15576 D ActivityGraph: LARDataCalculatedUpdate nappagreedy.de.danoeh.antennapod.activity.MainActivity Pagerank: 0.25 HITS-Authority: 1.0 HITS-Hub: 1.0 SALSA-Authority: 1.0 SALSA-Hub: 1.0
08-05 13:49:41.539 15576 15576 D Nappa   : SHOULD_PREFETCH true
08-05 13:49:41.572 16924 16924 I Trepn   : Trepn 6.2s: Trepn has Started Profiling.
08-05 13:49:41.574 15625 15625 D AndroidRuntime: Shutting down VM
08-05 13:49:41.639 15576 15576 D Nappa   : registerActivity: (already in) nappagreedy.de.danoeh.antennapod.activity.MainActivity
08-05 13:49:41.639 15576 15576 D Nappa   : SUCCESSORS nappagreedy.de.danoeh.antennapod.activity.PreferenceActivity
08-05 13:49:41.639 15576 15576 D Nappa   : SUCCESSORS nappagreedy.de.danoeh.antennapod.activity.OnlineFeedViewActivity
08-05 13:49:41.639 15576 15576 D Nappa   : SUCCESSORS nappagreedy.de.danoeh.antennapod.activity.FeedSettingsActivity
08-05 13:49:41.640 15576 15576 D Nappa   : SUCCESSORS nappagreedy.de.danoeh.antennapod.activity.FeedInfoActivity
08-05 13:49:41.640 15576 15576 D Nappa   : STATS Number of requests not prefetched: 0
08-05 13:49:41.640 15576 15576 D Nappa   : STATS Number of requests prefetched: 0
08-05 13:49:41.640 15576 15576 D Nappa   : STATS Time saved until now: 0.0
08-05 13:49:41.761 15576 15576 D MainActivity: getLastNavFragment() -> AddFeedFragment
08-05 13:49:41.761 15576 15576 D MainActivity: handleNavIntent()
08-05 13:49:41.762 15576 15576 D ActivityNode: Observer - visit time - SplashActivity - New aggregate visit time found is 638 ms
08-05 13:49:41.838 15576 15610 D Nappa   : PREFETCH_ON_EXTRA - setCurrentActivity - logs - from extra - made prediction isfalse
08-05 13:49:41.882   918   936 I ActivityManager: Displayed nappagreedy.de.danoeh.antennapod.debug/nappagreedy.de.danoeh.antennapod.activity.MainActivity: +607ms (total +2s166ms)
08-05 13:49:41.889 13866 13866 I GoogleInputMethodServic: GoogleInputMethodService.onStartInputView():1924 
08-05 13:49:41.889 15576 15576 D ActivityNode: Observer - session data - sourceSplashActivity
08-05 13:49:41.889 15576 15576 D ActivityNode: destinations:
08-05 13:49:41.889 15576 15576 D ActivityNode: 	nappagreedy.de.danoeh.antennapod.activity.MainActivity( count 5)
08-05 13:49:41.889 15576 15576 D ActivityNode: Observer - session data - sourceMainActivity
08-05 13:49:41.889 15576 15576 D ActivityNode: destinations:
08-05 13:49:41.889 15576 15576 D ActivityNode: 	nappagreedy.de.danoeh.antennapod.activity.PreferenceActivity( count 4)
08-05 13:49:41.889 15576 15576 D ActivityNode: 	nappagreedy.de.danoeh.antennapod.activity.OnlineFeedViewActivity( count 32)
08-05 13:49:41.889 15576 15576 D ActivityNode: 	nappagreedy.de.danoeh.antennapod.activity.FeedSettingsActivity( count 4)
08-05 13:49:41.889 15576 15576 D ActivityNode: 	nappagreedy.de.danoeh.antennapod.activity.FeedInfoActivity( count 4)
08-05 13:49:41.890 15576 15576 D ActivityNode: Observer - session data - sourcePreferenceActivity
08-05 13:49:41.890 15576 15576 D ActivityNode: destinations:
08-05 13:49:41.890 15576 15576 D ActivityNode: Observer - session data - sourceFeedSettingsActivity
08-05 13:49:41.890 15576 15576 D ActivityNode: destinations:
08-05 13:49:41.890 15576 15576 D ActivityNode: Observer - session data - sourceOnlineFeedViewActivity
08-05 13:49:41.890 15576 15576 D ActivityNode: destinations:
08-05 13:49:41.890 15576 15576 D ActivityNode: Observer - session data - sourceFeedInfoActivity
08-05 13:49:41.890 15576 15576 D ActivityNode: destinations:
08-05 13:49:41.890 13866 13866 I KeyboardViewUtil: KeyboardViewUtil.getKeyboardHeightRatio():182 systemKeyboardHeightRatio:1.000000; userKeyboardHeightRatio:1.000000.
08-05 13:49:41.891 13866 13866 I AndroidIME: AbstractIme.onActivate():84 PasswordIme.onActivate() : EditorInfo = Package = com.google.android.googlequicksearchbox : Type = Text : Learning = Disable : Suggestion = Show : AutoCorrection = Disable : Microphone = Show : NoPersonalizedLearning = Disable : AutoStartVoiceInput = Disable, IncognitoMode = false
08-05 13:49:41.902 13866 13866 W KeyboardModeManager: KeyboardModeManager.setInputView():302 setInputView() : inputView = com.google.android.apps.inputmethod.libs.framework.core.InputView{f719c5e V.E...... ......ID 0,0-1440,2308}
08-05 13:49:41.902 13866 13866 I ConversationToQueryExte: ConversationToQueryExtension.isEnabledForHostApp():254 Conv2Query not enabled due to current app [com.google.android.googlequicksearchbox] not in whitelist
08-05 13:49:41.902 13866 13866 I ConversationToQueryExte: ConversationToQueryExtension.onActivate():164 onActivate() : Disabled by unsupported host app
08-05 13:49:41.903 13866 13866 I VoiceImeExtension: VoiceImeExtension.shouldStartVoiceInputAutomatically():343 No private IME option set to start voice input.
08-05 13:49:41.907 13866 13866 I GoogleInputMethodServic: GoogleInputMethodService.onFinishInputView():2135 
08-05 13:49:41.908 13866 13866 I AndroidIME: AbstractIme.onDeactivate():161 PasswordIme.onDeactivate()
08-05 13:49:41.908 13866 13866 I GoogleInputMethodServic: GoogleInputMethodService.onFinishInput():3138 
08-05 13:49:41.909 13866 13866 I GoogleInputMethodServic: GoogleInputMethodService.onStartInput():1808 
08-05 13:49:41.909 13866 13866 I GoogleInputMethodServic: GoogleInputMethodService.onStartInputView():1924 
08-05 13:49:41.917 29532 29532 W PathParser: Points are too far apart 4.030360828967057
08-05 13:49:41.917 29532 29532 W PathParser: Points are too far apart 4.030360538880159
08-05 13:49:41.926 15576 15576 D NappaLifecycleObserver: nappagreedy.de.danoeh.antennapod.activity.SplashActivity - onDestroy
08-05 13:49:41.926 15576 15576 D NappaLifecycleObserver: -------------F1_SCORE #0 -----------
08-05 13:49:41.926 15576 15576 D NappaLifecycleObserver: F1_SCORE - Intercept list (0)= []
08-05 13:49:41.926 15576 15576 D NappaLifecycleObserver: F1_SCORE - Prefetch list (0)= []
08-05 13:49:41.926 15576 15576 D NappaLifecycleObserver: F1_SCORE - TP list (0)= []
08-05 13:49:41.926 15576 15576 D NappaLifecycleObserver: F1_SCORE - FN list (0)= []
08-05 13:49:41.927 15576 15576 I NAPPA_EXPERIMENTATION: MetricPrefetchingAccuracy: LOG_ID='1',F1_SCORE_1='0.0',F1_SCORE_2='0.0',TRUE_POSITIVE='0',FALSE_POSITIVE='0',FALSE_NEGATIVE='0',
08-05 13:49:41.927 13866 13866 I KeyboardViewUtil: KeyboardViewUtil.getKeyboardHeightRatio():182 systemKeyboardHeightRatio:1.000000; userKeyboardHeightRatio:1.000000.
08-05 13:49:41.928 13866 13866 I AndroidIME: AbstractIme.onActivate():84 LatinIme.onActivate() : EditorInfo = Package = nappagreedy.de.danoeh.antennapod.debug : Type = URI : Learning = Disable : Suggestion = Show : AutoCorrection = Disable : Microphone = Show : NoPersonalizedLearning = Disable : AutoStartVoiceInput = Disable, IncognitoMode = false
08-05 13:49:41.928 13866 13866 I Delight5Facilitator: Delight5Facilitator.initializeForIme():561 initializeForIme() : Locale = [en_US], layout = qwerty
08-05 13:49:41.928 13866 13866 I VoiceInputManagerWrappe: VoiceInputManagerWrapper.cancelShutdown():55 cancelShutdown()
08-05 13:49:41.928 13866 13866 I VoiceInputManagerWrappe: VoiceInputManagerWrapper.syncLanguagePacks():67 syncLanguagePacks()
08-05 13:49:41.929 29532 29532 W PathParser: Points are too far apart 4.030360828967057
08-05 13:49:41.929 13866 13866 I LatinIme: LatinIme.updateEnableInlineSuggestionsOnDecoderSideFlags():1077 inline flag updated to:false
08-05 13:49:41.929 29532 29532 W PathParser: Points are too far apart 4.030360538880159
08-05 13:49:41.929 13866 18225 I SpeechFactory: SpeechRecognitionFactory.maybeScheduleAutoPackDownloadForFallback():160 maybeScheduleAutoPackDownloadForFallback()
08-05 13:49:41.929 13866 18225 I FallbackOnDeviceRecogni: FallbackOnDeviceRecognitionProvider.maybeScheduleAutoPackDownload():196 maybeScheduleAutoPackDownload() for language tag en-US
08-05 13:49:41.930 13866 13866 I KeyboardWrapper: KeyboardWrapper.consumeEvent():271 Skip consuming an event as current keyboard is deactivated (state=0, keyboard existence=true)
08-05 13:49:41.945 29532 29532 W PathParser: Points are too far apart 4.030360828967057
08-05 13:49:41.945 29532 29532 W PathParser: Points are too far apart 4.030360538880159
08-05 13:49:41.962 29532 29532 W PathParser: Points are too far apart 4.030360828967057
08-05 13:49:41.963 29532 29532 W PathParser: Points are too far apart 4.030360538880159
08-05 13:49:41.970 13866 13866 I KeyboardViewHelper: KeyboardViewHelper.getView():180 Get view with height ratio:1.000000; experiment height ratio:1.000000.
08-05 13:49:41.979 29532 29532 W PathParser: Points are too far apart 4.030360828967057
08-05 13:49:41.979 29532 29532 W PathParser: Points are too far apart 4.030360538880159
08-05 13:49:41.985 15576 15591 I art     : Starting a blocking GC Explicit
08-05 13:49:41.996 29532 29532 W PathParser: Points are too far apart 4.030360828967057
08-05 13:49:41.996 29532 29532 W PathParser: Points are too far apart 4.030360538880159
08-05 13:49:42.007 15576 15591 I art     : Explicit concurrent mark sweep GC freed 23452(2MB) AllocSpace objects, 8(160KB) LOS objects, 40% free, 23MB/38MB, paused 235us total 21.803ms
08-05 13:49:42.012 29532 29532 W PathParser: Points are too far apart 4.030360828967057
08-05 13:49:42.012 29532 29532 W PathParser: Points are too far apart 4.030360538880159
08-05 13:49:42.013 15576 15591 I art     : Starting a blocking GC Explicit
08-05 13:49:42.017 13866 13866 W KeyboardModeManager: KeyboardModeManager.setInputView():302 setInputView() : inputView = com.google.android.apps.inputmethod.libs.framework.core.InputView{f719c5e V.E...... ......ID 0,0-1440,2308}
08-05 13:49:42.017 13866 13866 I ConversationToQueryExte: ConversationToQueryExtension.isEnabledForHostApp():254 Conv2Query not enabled due to current app [nappagreedy.de.danoeh.antennapod.debug] not in whitelist
08-05 13:49:42.017 13866 13866 I ConversationToQueryExte: ConversationToQueryExtension.onActivate():164 onActivate() : Disabled by unsupported host app
08-05 13:49:42.018 13866 13866 I VoiceImeExtension: VoiceImeExtension.shouldStartVoiceInputAutomatically():343 No private IME option set to start voice input.
08-05 13:49:42.026 15576 15591 I art     : Explicit concurrent mark sweep GC freed 3973(212KB) AllocSpace objects, 2(588KB) LOS objects, 40% free, 22MB/37MB, paused 188us total 12.792ms
08-05 13:49:42.029 29532 29532 W PathParser: Points are too far apart 4.030360828967057
08-05 13:49:42.029 29532 29532 W PathParser: Points are too far apart 4.030360538880159
08-05 13:49:42.032 15576 15591 I art     : Starting a blocking GC Explicit
08-05 13:49:42.044 15576 15591 I art     : Explicit concurrent mark sweep GC freed 3(96B) AllocSpace objects, 0(0B) LOS objects, 40% free, 22MB/37MB, paused 183us total 11.193ms
08-05 13:49:42.050 15576 15591 I art     : Starting a blocking GC Explicit
08-05 13:49:42.062 15576 15591 I art     : Explicit concurrent mark sweep GC freed 3(96B) AllocSpace objects, 0(0B) LOS objects, 40% free, 22MB/37MB, paused 181us total 11.156ms
08-05 13:49:42.069 15576 15591 I art     : Starting a blocking GC Explicit
08-05 13:49:42.081 15576 15591 I art     : Explicit concurrent mark sweep GC freed 25(976B) AllocSpace objects, 0(0B) LOS objects, 40% free, 22MB/37MB, paused 359us total 11.808ms
08-05 13:49:42.140 15576 15610 D Nappa   : PREFETCH_ON_EXTRA - setCurrentActivity - starting new prediction
08-05 13:49:42.141 15576 15610 D Nappa   : Current node - currentActivityName - nappagreedy.de.danoeh.antennapod.activity.MainActivity
08-05 13:49:42.141 15576 15610 D Nappa   : Current node - activityGraph.getCurrent() - nappagreedy.de.danoeh.antennapod.activity.MainActivity
08-05 13:49:42.142 15576 15610 I NAPPA_EXPERIMENTATION: MetricNappaPrefetchingStrategyExecutionTime: STRATEGY_CLASS='GreedyPrefetchingStrategyOnVisitFrequencyAndTime',DURATION='723541',NUMBER_OF_URLS='0',NUMBER_OF_SELECTED_CHILDREN_NODES='1',NUMBER_OF_CHILDREN_NODES='4',STRATEGY_RUN_SUCCESSFULLY='True',
08-05 13:49:42.142 15576 15610 D GreedyPrefetchingStrategyOnVisitFrequencyAndTime: ==================================
08-05 13:49:42.142 15576 15610 D GreedyPrefetchingStrategyOnVisitFrequencyAndTime: Starting Run #1
08-05 13:49:42.142 15576 15610 D GreedyPrefetchingStrategyOnVisitFrequencyAndTime: ----------------------------------
08-05 13:49:42.143 15576 15610 D GreedyPrefetchingStrategyOnVisitFrequencyAndTime: Node data MainActivity 
08-05 13:49:42.143 15576 15610 D GreedyPrefetchingStrategyOnVisitFrequencyAndTime: 	Successors:
08-05 13:49:42.143 15576 15610 D GreedyPrefetchingStrategyOnVisitFrequencyAndTime: 		PreferenceActivity (0 hits)
08-05 13:49:42.143 15576 15610 D GreedyPrefetchingStrategyOnVisitFrequencyAndTime: 		OnlineFeedViewActivity (0 hits)
08-05 13:49:42.143 15576 15610 D GreedyPrefetchingStrategyOnVisitFrequencyAndTime: 		FeedSettingsActivity (0 hits)
08-05 13:49:42.143 15576 15610 D GreedyPrefetchingStrategyOnVisitFrequencyAndTime: 		FeedInfoActivity (0 hits)
08-05 13:49:42.143 15576 15610 D GreedyPrefetchingStrategyOnVisitFrequencyAndTime: 	Ancestors:
08-05 13:49:42.143 15576 15610 D GreedyPrefetchingStrategyOnVisitFrequencyAndTime: 		SplashActivity (0 hits)
08-05 13:49:42.143 15576 15610 D GreedyPrefetchingStrategyOnVisitFrequencyAndTime: 
08-05 13:49:42.143 15576 15610 D GreedyPrefetchingStrategyOnVisitFrequencyAndTime: MetricStrategyAccuracy inc execution count1 | act = true; extra = false
08-05 13:49:42.143 15576 15610 D GreedyPrefetchingStrategyOnVisitFrequencyAndTime: ------------- Recursion #1 -----------
08-05 13:49:42.143 15576 15610 D GreedyPrefetchingStrategyOnVisitFrequencyAndTime: Best successors so far []
08-05 13:49:42.143 15576 15610 D GreedyPrefetchingStrategyOnVisitFrequencyAndTime: Checking node MainActivity with 4 successors
08-05 13:49:42.143 15576 15610 D GreedyPrefetchingStrategyOnVisitFrequencyAndTime: Check successor PreferenceActivity
08-05 13:49:42.143 15576 15610 D GreedyPrefetchingStrategyOnVisitFrequencyAndTime: Data:
08-05 13:49:42.143 15576 15610 D GreedyPrefetchingStrategyOnVisitFrequencyAndTime: 	- Successor time = 19968.0
08-05 13:49:42.143 15576 15610 D GreedyPrefetchingStrategyOnVisitFrequencyAndTime: 	- Successor frequency = 4
08-05 13:49:42.143 15576 15610 D GreedyPrefetchingStrategyOnVisitFrequencyAndTime: 	- Aggregated time = 251208.0
08-05 13:49:42.143 15576 15610 D GreedyPrefetchingStrategyOnVisitFrequencyAndTime: 	- Aggregated frequency = 44
08-05 13:49:42.143 15576 15610 D GreedyPrefetchingStrategyOnVisitFrequencyAndTime: Calculated scores:
08-05 13:49:42.143 15576 15610 D GreedyPrefetchingStrategyOnVisitFrequencyAndTime: 	- Parent score = 1.0
08-05 13:49:42.143 15576 15610 D GreedyPrefetchingStrategyOnVisitFrequencyAndTime: 	- Successor time score = 0.039743956
08-05 13:49:42.143 15576 15610 D GreedyPrefetchingStrategyOnVisitFrequencyAndTime: 	- Successor frequency score = 0.045454547
08-05 13:49:42.143 15576 15610 D GreedyPrefetchingStrategyOnVisitFrequencyAndTime: 	- Successor final score = 0.08519851
08-05 13:49:42.143 15576 15610 D GreedyPrefetchingStrategyOnVisitFrequencyAndTime: Switch best successor
08-05 13:49:42.143 15576 15610 D GreedyPrefetchingStrategyOnVisitFrequencyAndTime: Check successor OnlineFeedViewActivity
08-05 13:49:42.143 15576 15610 D GreedyPrefetchingStrategyOnVisitFrequencyAndTime: Data:
08-05 13:49:42.143 15576 15610 D GreedyPrefetchingStrategyOnVisitFrequencyAndTime: 	- Successor time = 195658.0
08-05 13:49:42.143 15576 15610 D GreedyPrefetchingStrategyOnVisitFrequencyAndTime: 	- Successor frequency = 32
08-05 13:49:42.143 15576 15610 D GreedyPrefetchingStrategyOnVisitFrequencyAndTime: 	- Aggregated time = 251208.0
08-05 13:49:42.143 15576 15610 D GreedyPrefetchingStrategyOnVisitFrequencyAndTime: 	- Aggregated frequency = 44
08-05 13:49:42.143 15576 15610 D GreedyPrefetchingStrategyOnVisitFrequencyAndTime: Calculated scores:
08-05 13:49:42.143 15576 15610 D GreedyPrefetchingStrategyOnVisitFrequencyAndTime: 	- Parent score = 1.0
08-05 13:49:42.143 15576 15610 D GreedyPrefetchingStrategyOnVisitFrequencyAndTime: 	- Successor time score = 0.38943425
08-05 13:49:42.143 15576 15610 D GreedyPrefetchingStrategyOnVisitFrequencyAndTime: 	- Successor frequency score = 0.36363637
08-05 13:49:42.143 15576 15610 D GreedyPrefetchingStrategyOnVisitFrequencyAndTime: 	- Successor final score = 0.7530706
08-05 13:49:42.143 15576 15610 D GreedyPrefetchingStrategyOnVisitFrequencyAndTime: Switch best successor
08-05 13:49:42.143 15576 15610 D GreedyPrefetchingStrategyOnVisitFrequencyAndTime: Check successor FeedSettingsActivity
08-05 13:49:42.143 15576 15610 D GreedyPrefetchingStrategyOnVisitFrequencyAndTime: Data:
08-05 13:49:42.144 15576 15610 D GreedyPrefetchingStrategyOnVisitFrequencyAndTime: 	- Successor time = 17511.0
08-05 13:49:42.144 15576 15610 D GreedyPrefetchingStrategyOnVisitFrequencyAndTime: 	- Successor frequency = 4
08-05 13:49:42.144 15576 15610 D GreedyPrefetchingStrategyOnVisitFrequencyAndTime: 	- Aggregated time = 251208.0
08-05 13:49:42.144 15576 15610 D GreedyPrefetchingStrategyOnVisitFrequencyAndTime: 	- Aggregated frequency = 44
08-05 13:49:42.144 15576 15610 D GreedyPrefetchingStrategyOnVisitFrequencyAndTime: Calculated scores:
08-05 13:49:42.144 15576 15610 D GreedyPrefetchingStrategyOnVisitFrequencyAndTime: 	- Parent score = 1.0
08-05 13:49:42.144 15576 15610 D GreedyPrefetchingStrategyOnVisitFrequencyAndTime: 	- Successor time score = 0.03485359
08-05 13:49:42.144 15576 15610 D GreedyPrefetchingStrategyOnVisitFrequencyAndTime: 	- Successor frequency score = 0.045454547
08-05 13:49:42.144 15576 15610 D GreedyPrefetchingStrategyOnVisitFrequencyAndTime: 	- Successor final score = 0.08030814
08-05 13:49:42.144 15576 15610 D GreedyPrefetchingStrategyOnVisitFrequencyAndTime: Check successor FeedInfoActivity
08-05 13:49:42.144 15576 15610 D GreedyPrefetchingStrategyOnVisitFrequencyAndTime: Data:
08-05 13:49:42.144 15576 15610 D GreedyPrefetchingStrategyOnVisitFrequencyAndTime: 	- Successor time = 18071.0
08-05 13:49:42.144 15576 15610 D GreedyPrefetchingStrategyOnVisitFrequencyAndTime: 	- Successor frequency = 4
08-05 13:49:42.144 15576 15610 D GreedyPrefetchingStrategyOnVisitFrequencyAndTime: 	- Aggregated time = 251208.0
08-05 13:49:42.144 15576 15610 D GreedyPrefetchingStrategyOnVisitFrequencyAndTime: 	- Aggregated frequency = 44
08-05 13:49:42.144 15576 15610 D GreedyPrefetchingStrategyOnVisitFrequencyAndTime: Calculated scores:
08-05 13:49:42.144 15576 15610 D GreedyPrefetchingStrategyOnVisitFrequencyAndTime: 	- Parent score = 1.0
08-05 13:49:42.144 15576 15610 D GreedyPrefetchingStrategyOnVisitFrequencyAndTime: 	- Successor time score = 0.035968203
08-05 13:49:42.144 15576 15610 D GreedyPrefetchingStrategyOnVisitFrequencyAndTime: 	- Successor frequency score = 0.045454547
08-05 13:49:42.144 15576 15610 D GreedyPrefetchingStrategyOnVisitFrequencyAndTime: 	- Successor final score = 0.081422746
08-05 13:49:42.144 15576 15610 D GreedyPrefetchingStrategyOnVisitFrequencyAndTime: MainActivity best successor is OnlineFeedViewActivity with score 0.7530706 containing the URLS []
08-05 13:49:42.144 15576 15610 D GreedyPrefetchingStrategyOnVisitFrequencyAndTime: ------------- Recursion #2 -----------
08-05 13:49:42.144 15576 15610 D GreedyPrefetchingStrategyOnVisitFrequencyAndTime: Best successors so far [OnlineFeedViewActivity]
08-05 13:49:42.144 15576 15610 D GreedyPrefetchingStrategyOnVisitFrequencyAndTime: Checking node OnlineFeedViewActivity with 0 successors
08-05 13:49:42.144 15576 15610 D GreedyPrefetchingStrategyOnVisitFrequencyAndTime: this node has no successors
08-05 13:49:42.145 15576 15610 D GreedyPrefetchingStrategyOnVisitFrequencyAndTime: Next visited child will be [nappagreedy.de.danoeh.antennapod.activity.OnlineFeedViewActivity]
08-05 13:49:42.145 15576 15610 D GreedyPrefetchingStrategyOnVisitFrequencyAndTime: ==================================
08-05 13:49:42.145 15576 15610 D Nappa   : PREFETCH_ON_EXTRA - setCurrentActivity - finished new prediction
08-05 13:49:42.380 15576 15591 I art     : Starting a blocking GC Explicit
08-05 13:49:42.399 15576 15591 I art     : Explicit concurrent mark sweep GC freed 2310(135KB) AllocSpace objects, 1(20KB) LOS objects, 40% free, 22MB/37MB, paused 765us total 19.116ms
08-05 13:49:42.409 15576 15591 I art     : Starting a blocking GC Explicit
08-05 13:49:42.422 15576 15591 I art     : Explicit concurrent mark sweep GC freed 49(2000B) AllocSpace objects, 0(0B) LOS objects, 40% free, 22MB/37MB, paused 206us total 12.657ms
08-05 13:49:42.427 15576 15591 I art     : Starting a blocking GC Explicit
08-05 13:49:42.440 15576 15591 I art     : Explicit concurrent mark sweep GC freed 3(96B) AllocSpace objects, 0(0B) LOS objects, 40% free, 22MB/37MB, paused 209us total 12.328ms
08-05 13:49:42.446 15576 15591 I art     : Starting a blocking GC Explicit
08-05 13:49:42.458 15576 15591 I art     : Explicit concurrent mark sweep GC freed 3(96B) AllocSpace objects, 0(0B) LOS objects, 40% free, 22MB/37MB, paused 209us total 12.147ms
08-05 13:49:42.464 15576 15591 I art     : Starting a blocking GC Explicit
08-05 13:49:42.476 15576 15591 I art     : Explicit concurrent mark sweep GC freed 3(96B) AllocSpace objects, 0(0B) LOS objects, 40% free, 22MB/37MB, paused 200us total 12.364ms
08-05 13:49:42.752 15576 15591 I art     : Starting a blocking GC Explicit
08-05 13:49:42.769 15576 15591 I art     : Explicit concurrent mark sweep GC freed 1620(96KB) AllocSpace objects, 1(20KB) LOS objects, 40% free, 22MB/37MB, paused 278us total 17.162ms
08-05 13:49:42.777 15576 15591 I art     : Starting a blocking GC Explicit
08-05 13:49:42.791 15576 15591 I art     : Explicit concurrent mark sweep GC freed 36(1200B) AllocSpace objects, 0(0B) LOS objects, 40% free, 22MB/37MB, paused 207us total 13.782ms
08-05 13:49:42.798 15576 15591 I art     : Starting a blocking GC Explicit
08-05 13:49:42.811 15576 15591 I art     : Explicit concurrent mark sweep GC freed 3(96B) AllocSpace objects, 0(0B) LOS objects, 40% free, 22MB/37MB, paused 209us total 13.479ms
08-05 13:49:42.818 15576 15591 I art     : Starting a blocking GC Explicit
08-05 13:49:42.832 15576 15591 I art     : Explicit concurrent mark sweep GC freed 3(96B) AllocSpace objects, 0(0B) LOS objects, 40% free, 22MB/37MB, paused 207us total 13.593ms
08-05 13:49:42.839 15576 15591 I art     : Starting a blocking GC Explicit
08-05 13:49:42.852 15576 15591 I art     : Explicit concurrent mark sweep GC freed 3(96B) AllocSpace objects, 0(0B) LOS objects, 40% free, 22MB/37MB, paused 206us total 12.823ms
08-05 13:49:42.961  5179  5194 D QcrilMsgTunnelSocket: readRilMessage: Buffer = [B@671e81d HexData = [010000000404000011000000514f454d484f4f4bef0308000100000003]
08-05 13:49:42.961  5179  5194 D QcrilMsgTunnelSocket: Rcvd UNSOL response with 28 bytes data for SUB0
08-05 13:49:42.962  5179  5194 D QcrilMsgTunnelSocket: Response ID 525295 is not served in this process.
08-05 13:49:42.962  5179  5194 D QcrilMsgTunnelSocket: To broadcast an Intent via the notifier to external apps
08-05 13:49:42.962  5179  5179 D QcrilMsgTunnelIfaceManager: handleMessage what = 0
08-05 13:49:42.962  5179  5179 D QcrilMsgTunnelIfaceManager: Broadcasting intent ACTION_UNSOL_RESPONSE_OEM_HOOK_RAW
08-05 13:49:42.965  5164  5164 D QC_RIL_OEM_HOOK: Received Broadcast Intent ACTION_UNSOL_RESPONSE_OEM_HOOK_RAW
08-05 13:49:42.966  5164  5164 D QC_RIL_OEM_HOOK: Oem ID in QCRILHOOK UNSOL RESP is QOEMHOOK
08-05 13:49:43.136 15576 15589 I art     : Starting a blocking GC Explicit
08-05 13:49:43.153 15576 15589 I art     : Explicit concurrent mark sweep GC freed 1615(96KB) AllocSpace objects, 1(20KB) LOS objects, 40% free, 22MB/37MB, paused 265us total 17.262ms
08-05 13:49:43.161 15576 15589 I art     : Starting a blocking GC Explicit
08-05 13:49:43.175 15576 15589 I art     : Explicit concurrent mark sweep GC freed 35(1136B) AllocSpace objects, 0(0B) LOS objects, 40% free, 22MB/37MB, paused 226us total 14.300ms
08-05 13:49:43.182 15576 15589 I art     : Starting a blocking GC Explicit
08-05 13:49:43.196 15576 15589 I art     : Explicit concurrent mark sweep GC freed 3(96B) AllocSpace objects, 0(0B) LOS objects, 40% free, 22MB/37MB, paused 219us total 14.212ms
08-05 13:49:43.203 15576 15589 I art     : Starting a blocking GC Explicit
08-05 13:49:43.217 15576 15589 I art     : Explicit concurrent mark sweep GC freed 3(96B) AllocSpace objects, 0(0B) LOS objects, 40% free, 22MB/37MB, paused 237us total 13.666ms
08-05 13:49:43.224 15576 15589 I art     : Starting a blocking GC Explicit
08-05 13:49:43.237 15576 15589 I art     : Explicit concurrent mark sweep GC freed 3(96B) AllocSpace objects, 0(0B) LOS objects, 40% free, 22MB/37MB, paused 199us total 13.342ms
08-05 13:49:43.538 15576 15664 I art     : Starting a blocking GC Explicit
08-05 13:49:43.557 15576 15664 I art     : Explicit concurrent mark sweep GC freed 1590(97KB) AllocSpace objects, 1(20KB) LOS objects, 40% free, 22MB/37MB, paused 398us total 18.787ms
08-05 13:49:43.564 15576 15664 I art     : Starting a blocking GC Explicit
08-05 13:49:43.579 15576 15664 I art     : Explicit concurrent mark sweep GC freed 35(1136B) AllocSpace objects, 0(0B) LOS objects, 40% free, 22MB/37MB, paused 219us total 14.752ms
08-05 13:49:43.586 15576 15664 I art     : Starting a blocking GC Explicit
08-05 13:49:43.600 15576 15664 I art     : Explicit concurrent mark sweep GC freed 3(96B) AllocSpace objects, 0(0B) LOS objects, 40% free, 22MB/37MB, paused 218us total 13.349ms
08-05 13:49:43.606 15576 15664 I art     : Starting a blocking GC Explicit
08-05 13:49:43.620 15576 15664 I art     : Explicit concurrent mark sweep GC freed 3(96B) AllocSpace objects, 0(0B) LOS objects, 40% free, 22MB/37MB, paused 222us total 13.545ms
08-05 13:49:43.626 15576 15664 I art     : Starting a blocking GC Explicit
08-05 13:49:43.640 15576 15664 I art     : Explicit concurrent mark sweep GC freed 3(96B) AllocSpace objects, 0(0B) LOS objects, 40% free, 22MB/37MB, paused 215us total 13.377ms
08-05 13:49:43.947 15576 15591 I art     : Starting a blocking GC Explicit
08-05 13:49:43.960 24577 15550 W art     : No such thread id for suspend: 204
08-05 13:49:43.963 15576 15591 I art     : Explicit concurrent mark sweep GC freed 1593(97KB) AllocSpace objects, 1(20KB) LOS objects, 40% free, 22MB/37MB, paused 267us total 16.008ms
08-05 13:49:43.970 15576 15591 I art     : Starting a blocking GC Explicit
08-05 13:49:43.984 15576 15591 I art     : Explicit concurrent mark sweep GC freed 35(1136B) AllocSpace objects, 0(0B) LOS objects, 40% free, 22MB/37MB, paused 235us total 14.067ms
08-05 13:49:43.991 15576 15591 I art     : Starting a blocking GC Explicit
08-05 13:49:44.005 15576 15591 I art     : Explicit concurrent mark sweep GC freed 3(96B) AllocSpace objects, 0(0B) LOS objects, 40% free, 22MB/37MB, paused 217us total 13.654ms
08-05 13:49:44.012 15576 15591 I art     : Starting a blocking GC Explicit
08-05 13:49:44.025 15576 15591 I art     : Explicit concurrent mark sweep GC freed 30(832B) AllocSpace objects, 0(0B) LOS objects, 40% free, 22MB/37MB, paused 211us total 13.126ms
08-05 13:49:44.031 15576 15591 I art     : Starting a blocking GC Explicit
08-05 13:49:44.045 15576 15591 I art     : Explicit concurrent mark sweep GC freed 3(96B) AllocSpace objects, 0(0B) LOS objects, 40% free, 22MB/37MB, paused 219us total 13.482ms
08-05 13:49:44.362 15576 15664 I art     : Starting a blocking GC Explicit
08-05 13:49:44.383 15576 15664 I art     : Explicit concurrent mark sweep GC freed 1593(98KB) AllocSpace objects, 1(20KB) LOS objects, 40% free, 22MB/37MB, paused 260us total 20.187ms
08-05 13:49:44.394 15576 15664 I art     : Starting a blocking GC Explicit
08-05 13:49:44.412 15576 15664 I art     : Explicit concurrent mark sweep GC freed 35(1136B) AllocSpace objects, 0(0B) LOS objects, 40% free, 22MB/37MB, paused 211us total 17.683ms
08-05 13:49:44.418 15576 15664 I art     : Starting a blocking GC Explicit
08-05 13:49:44.432 15576 15664 I art     : Explicit concurrent mark sweep GC freed 3(96B) AllocSpace objects, 0(0B) LOS objects, 40% free, 22MB/37MB, paused 206us total 13.210ms
08-05 13:49:44.438 15576 15664 I art     : Starting a blocking GC Explicit
08-05 13:49:44.452 15576 15664 I art     : Explicit concurrent mark sweep GC freed 3(96B) AllocSpace objects, 0(0B) LOS objects, 40% free, 22MB/37MB, paused 209us total 13.348ms
08-05 13:49:44.458 15576 15664 I art     : Starting a blocking GC Explicit
08-05 13:49:44.471 15576 15664 I art     : Explicit concurrent mark sweep GC freed 3(96B) AllocSpace objects, 0(0B) LOS objects, 40% free, 22MB/37MB, paused 217us total 13.039ms
08-05 13:49:44.769 15576 15591 I art     : Starting a blocking GC Explicit
08-05 13:49:44.790 15576 15591 I art     : Explicit concurrent mark sweep GC freed 1594(99KB) AllocSpace objects, 1(20KB) LOS objects, 40% free, 22MB/37MB, paused 267us total 20.276ms
08-05 13:49:44.800 15576 15591 I art     : Starting a blocking GC Explicit
08-05 13:49:44.818 15576 15591 I art     : Explicit concurrent mark sweep GC freed 35(1136B) AllocSpace objects, 0(0B) LOS objects, 40% free, 22MB/37MB, paused 252us total 17.630ms
08-05 13:49:44.827 15576 15591 I art     : Starting a blocking GC Explicit
08-05 13:49:44.841 15576 15591 I art     : Explicit concurrent mark sweep GC freed 3(96B) AllocSpace objects, 0(0B) LOS objects, 40% free, 22MB/37MB, paused 224us total 14.056ms
08-05 13:49:44.848 15576 15591 I art     : Starting a blocking GC Explicit
08-05 13:49:44.861 15576 15591 I art     : Explicit concurrent mark sweep GC freed 3(96B) AllocSpace objects, 0(0B) LOS objects, 40% free, 22MB/37MB, paused 221us total 13.603ms
08-05 13:49:44.868 15576 15591 I art     : Starting a blocking GC Explicit
08-05 13:49:44.882 15576 15591 I art     : Explicit concurrent mark sweep GC freed 3(96B) AllocSpace objects, 0(0B) LOS objects, 40% free, 22MB/37MB, paused 218us total 12.949ms
08-05 13:49:45.195 15576 15664 I art     : Starting a blocking GC Explicit
08-05 13:49:45.216 15576 15664 I art     : Explicit concurrent mark sweep GC freed 1617(95KB) AllocSpace objects, 1(20KB) LOS objects, 40% free, 22MB/37MB, paused 261us total 20.066ms
08-05 13:49:45.227 15576 15664 I art     : Starting a blocking GC Explicit
08-05 13:49:45.244 15576 15664 I art     : Explicit concurrent mark sweep GC freed 35(1136B) AllocSpace objects, 0(0B) LOS objects, 40% free, 22MB/37MB, paused 249us total 16.752ms
08-05 13:49:45.253 15576 15664 I art     : Starting a blocking GC Explicit
08-05 13:49:45.267 15576 15664 I art     : Explicit concurrent mark sweep GC freed 3(96B) AllocSpace objects, 0(0B) LOS objects, 40% free, 22MB/37MB, paused 329us total 13.880ms
08-05 13:49:45.273 15576 15664 I art     : Starting a blocking GC Explicit
08-05 13:49:45.287 15576 15664 I art     : Explicit concurrent mark sweep GC freed 3(96B) AllocSpace objects, 0(0B) LOS objects, 40% free, 22MB/37MB, paused 235us total 13.948ms
08-05 13:49:45.294 15576 15664 I art     : Starting a blocking GC Explicit
08-05 13:49:45.308 15576 15664 I art     : Explicit concurrent mark sweep GC freed 3(96B) AllocSpace objects, 0(0B) LOS objects, 40% free, 22MB/37MB, paused 223us total 13.947ms
08-05 13:49:45.595 15576 15589 I art     : Starting a blocking GC Explicit
08-05 13:49:45.615 15576 15589 I art     : Explicit concurrent mark sweep GC freed 1590(94KB) AllocSpace objects, 1(20KB) LOS objects, 40% free, 22MB/37MB, paused 278us total 20.427ms
08-05 13:49:45.626 15576 15589 I art     : Starting a blocking GC Explicit
08-05 13:49:45.641 15576 15589 I art     : Explicit concurrent mark sweep GC freed 35(1136B) AllocSpace objects, 0(0B) LOS objects, 40% free, 22MB/37MB, paused 215us total 14.431ms
08-05 13:49:45.648 15576 15589 I art     : Starting a blocking GC Explicit
08-05 13:49:45.662 15576 15589 I art     : Explicit concurrent mark sweep GC freed 3(96B) AllocSpace objects, 0(0B) LOS objects, 40% free, 22MB/37MB, paused 211us total 13.853ms
08-05 13:49:45.668 15576 15589 I art     : Starting a blocking GC Explicit
08-05 13:49:45.682 15576 15589 I art     : Explicit concurrent mark sweep GC freed 3(96B) AllocSpace objects, 0(0B) LOS objects, 40% free, 22MB/37MB, paused 220us total 13.607ms
08-05 13:49:45.689 15576 15589 I art     : Starting a blocking GC Explicit
08-05 13:49:45.703 15576 15589 I art     : Explicit concurrent mark sweep GC freed 3(96B) AllocSpace objects, 0(0B) LOS objects, 40% free, 22MB/37MB, paused 194us total 13.874ms
08-05 13:49:46.018 15576 15591 I art     : Starting a blocking GC Explicit
08-05 13:49:46.037 15576 15591 I art     : Explicit concurrent mark sweep GC freed 1616(95KB) AllocSpace objects, 1(20KB) LOS objects, 40% free, 22MB/37MB, paused 284us total 17.952ms
08-05 13:49:46.046 15576 15591 I art     : Starting a blocking GC Explicit
08-05 13:49:46.061 15576 15591 I art     : Explicit concurrent mark sweep GC freed 35(1136B) AllocSpace objects, 0(0B) LOS objects, 40% free, 22MB/37MB, paused 227us total 14.725ms
08-05 13:49:46.067 15576 15591 I art     : Starting a blocking GC Explicit
08-05 13:49:46.081 15576 15591 I art     : Explicit concurrent mark sweep GC freed 3(96B) AllocSpace objects, 0(0B) LOS objects, 40% free, 22MB/37MB, paused 220us total 13.964ms
08-05 13:49:46.088 15576 15591 I art     : Starting a blocking GC Explicit
08-05 13:49:46.101 15576 15591 I art     : Explicit concurrent mark sweep GC freed 3(96B) AllocSpace objects, 0(0B) LOS objects, 40% free, 22MB/37MB, paused 216us total 12.952ms
08-05 13:49:46.107 15576 15591 I art     : Starting a blocking GC Explicit
08-05 13:49:46.121 15576 15591 I art     : Explicit concurrent mark sweep GC freed 3(96B) AllocSpace objects, 0(0B) LOS objects, 40% free, 22MB/37MB, paused 210us total 13.145ms
08-05 13:49:46.369 15576 15589 I art     : Starting a blocking GC Explicit
08-05 13:49:46.384 15576 15589 I art     : Explicit concurrent mark sweep GC freed 1590(94KB) AllocSpace objects, 1(20KB) LOS objects, 40% free, 22MB/37MB, paused 204us total 14.661ms
08-05 13:49:46.391 15576 15589 I art     : Starting a blocking GC Explicit
08-05 13:49:46.405 15576 15589 I art     : Explicit concurrent mark sweep GC freed 35(1136B) AllocSpace objects, 0(0B) LOS objects, 40% free, 22MB/37MB, paused 217us total 13.739ms
08-05 13:49:46.411 15576 15589 I art     : Starting a blocking GC Explicit
08-05 13:49:46.424 15576 15589 I art     : Explicit concurrent mark sweep GC freed 3(96B) AllocSpace objects, 0(0B) LOS objects, 40% free, 22MB/37MB, paused 198us total 12.927ms
08-05 13:49:46.430 15576 15589 I art     : Starting a blocking GC Explicit
08-05 13:49:46.442 15576 15589 I art     : Explicit concurrent mark sweep GC freed 3(96B) AllocSpace objects, 0(0B) LOS objects, 40% free, 22MB/37MB, paused 213us total 12.011ms
08-05 13:49:46.448 15576 15589 I art     : Starting a blocking GC Explicit
08-05 13:49:46.460 15576 15589 I art     : Explicit concurrent mark sweep GC freed 3(96B) AllocSpace objects, 0(0B) LOS objects, 40% free, 22MB/37MB, paused 198us total 11.969ms
08-05 13:49:46.676 15797 15797 D AndroidRuntime: >>>>>> START com.android.internal.os.RuntimeInit uid 2000 <<<<<<
08-05 13:49:46.680 15797 15797 D AndroidRuntime: CheckJNI is OFF
08-05 13:49:46.705 15797 15797 D ICU     : No timezone override file found: /data/misc/zoneinfo/current/icu/icu_tzdata.dat
08-05 13:49:46.730 15797 15797 I Radio-JNI: register_android_hardware_Radio DONE
08-05 13:49:46.746 15797 15797 D AndroidRuntime: Calling main entry com.android.commands.input.Input
08-05 13:49:46.747 15797 15797 I Input   : injectMotionEvent: MotionEvent { action=ACTION_DOWN, actionButton=0, id[0]=0, x[0]=1233.0, y[0]=1274.0, toolType[0]=TOOL_TYPE_UNKNOWN, buttonState=0, metaState=0, flags=0x0, edgeFlags=0x0, pointerCount=1, historySize=0, eventTime=798603160, downTime=798603160, deviceId=0, source=0x1002 }
08-05 13:49:46.750 15576 15591 I art     : Starting a blocking GC Explicit
08-05 13:49:46.757 15797 15797 I Input   : injectMotionEvent: MotionEvent { action=ACTION_UP, actionButton=0, id[0]=0, x[0]=1233.0, y[0]=1274.0, toolType[0]=TOOL_TYPE_UNKNOWN, buttonState=0, metaState=0, flags=0x0, edgeFlags=0x0, pointerCount=1, historySize=0, eventTime=798603160, downTime=798603160, deviceId=0, source=0x1002 }
08-05 13:49:46.759 15797 15797 D AndroidRuntime: Shutting down VM
08-05 13:49:46.766 15576 15591 I art     : Explicit concurrent mark sweep GC freed 1602(94KB) AllocSpace objects, 1(20KB) LOS objects, 40% free, 22MB/37MB, paused 283us total 15.745ms
08-05 13:49:46.774 15576 15591 I art     : Starting a blocking GC Explicit
08-05 13:49:46.791 15576 15591 I art     : Explicit concurrent mark sweep GC freed 43(2064B) AllocSpace objects, 0(0B) LOS objects, 40% free, 22MB/37MB, paused 243us total 16.034ms
08-05 13:49:46.798 15576 15591 I art     : Starting a blocking GC Explicit
08-05 13:49:46.811 15576 15591 I art     : Explicit concurrent mark sweep GC freed 3(96B) AllocSpace objects, 0(0B) LOS objects, 40% free, 22MB/37MB, paused 246us total 12.995ms
08-05 13:49:46.818 15576 15591 I art     : Starting a blocking GC Explicit
08-05 13:49:46.831 15576 15591 I art     : Explicit concurrent mark sweep GC freed 3(96B) AllocSpace objects, 0(0B) LOS objects, 40% free, 22MB/37MB, paused 222us total 12.880ms
08-05 13:49:46.837 15576 15591 I art     : Starting a blocking GC Explicit
08-05 13:49:46.850 15576 15591 I art     : Explicit concurrent mark sweep GC freed 3(96B) AllocSpace objects, 0(0B) LOS objects, 40% free, 22MB/37MB, paused 214us total 13.052ms
08-05 13:49:47.014   918  3261 D WifiStateMachine: starting scan for "H369AA63323"WPA_PSK with 2412,5180
08-05 13:49:47.063 15576 15589 I art     : Starting a blocking GC Explicit
08-05 13:49:47.076 15576 15589 I art     : Explicit concurrent mark sweep GC freed 1618(95KB) AllocSpace objects, 1(20KB) LOS objects, 40% free, 22MB/37MB, paused 226us total 12.831ms
08-05 13:49:47.082 15576 15589 I art     : Starting a blocking GC Explicit
08-05 13:49:47.095 15576 15589 I art     : Explicit concurrent mark sweep GC freed 35(1136B) AllocSpace objects, 0(0B) LOS objects, 40% free, 22MB/37MB, paused 207us total 12.497ms
08-05 13:49:47.101 15576 15589 I art     : Starting a blocking GC Explicit
08-05 13:49:47.113 15576 15589 I art     : Explicit concurrent mark sweep GC freed 3(96B) AllocSpace objects, 0(0B) LOS objects, 40% free, 22MB/37MB, paused 193us total 12.568ms
08-05 13:49:47.119 15576 15589 I art     : Starting a blocking GC Explicit
08-05 13:49:47.131 15576 15589 I art     : Explicit concurrent mark sweep GC freed 3(96B) AllocSpace objects, 0(0B) LOS objects, 40% free, 22MB/37MB, paused 201us total 12.086ms
08-05 13:49:47.137 15576 15589 I art     : Starting a blocking GC Explicit
08-05 13:49:47.150 15576 15589 I art     : Explicit concurrent mark sweep GC freed 3(96B) AllocSpace objects, 0(0B) LOS objects, 40% free, 22MB/37MB, paused 202us total 12.128ms
08-05 13:49:47.325  9322  9322 I Atfwd_Sendcmd: AtCmdFwd service not ready - Exhausted retry attempts - :6
08-05 13:49:47.325  9322  9322 I Atfwd_Daemon: result : -1 	 ,Init step :2 	 ,qmiErrorCode: 0
08-05 13:49:47.441 15576 15664 I art     : Starting a blocking GC Explicit
08-05 13:49:47.459 15576 15664 I art     : Explicit concurrent mark sweep GC freed 1591(94KB) AllocSpace objects, 1(20KB) LOS objects, 40% free, 22MB/37MB, paused 264us total 18.429ms
08-05 13:49:47.468 15576 15664 I art     : Starting a blocking GC Explicit
08-05 13:49:47.481 15576 15664 I art     : Explicit concurrent mark sweep GC freed 35(1136B) AllocSpace objects, 0(0B) LOS objects, 40% free, 22MB/37MB, paused 227us total 12.918ms
08-05 13:49:47.487 15576 15664 I art     : Starting a blocking GC Explicit
08-05 13:49:47.500 15576 15664 I art     : Explicit concurrent mark sweep GC freed 3(96B) AllocSpace objects, 0(0B) LOS objects, 40% free, 22MB/37MB, paused 210us total 12.332ms
08-05 13:49:47.505 15576 15664 I art     : Starting a blocking GC Explicit
08-05 13:49:47.518 15576 15664 I art     : Explicit concurrent mark sweep GC freed 3(96B) AllocSpace objects, 0(0B) LOS objects, 40% free, 22MB/37MB, paused 206us total 12.441ms
08-05 13:49:47.524 15576 15664 I art     : Starting a blocking GC Explicit
08-05 13:49:47.536 15576 15664 I art     : Explicit concurrent mark sweep GC freed 3(96B) AllocSpace objects, 0(0B) LOS objects, 40% free, 22MB/37MB, paused 433us total 12.590ms
08-05 13:49:47.809 15576 15589 I art     : Starting a blocking GC Explicit
08-05 13:49:47.825 15576 15589 I art     : Explicit concurrent mark sweep GC freed 1588(94KB) AllocSpace objects, 1(20KB) LOS objects, 40% free, 22MB/37MB, paused 221us total 16.424ms
08-05 13:49:47.835 15576 15589 I art     : Starting a blocking GC Explicit
08-05 13:49:47.852 15576 15589 I art     : Explicit concurrent mark sweep GC freed 35(1136B) AllocSpace objects, 0(0B) LOS objects, 40% free, 22MB/37MB, paused 233us total 17.527ms
08-05 13:49:47.861 15576 15589 I art     : Starting a blocking GC Explicit
08-05 13:49:47.876 15576 15589 I art     : Explicit concurrent mark sweep GC freed 3(96B) AllocSpace objects, 0(0B) LOS objects, 40% free, 22MB/37MB, paused 233us total 14.140ms
08-05 13:49:47.883 15576 15589 I art     : Starting a blocking GC Explicit
08-05 13:49:47.898 15576 15589 I art     : Explicit concurrent mark sweep GC freed 3(96B) AllocSpace objects, 0(0B) LOS objects, 40% free, 22MB/37MB, paused 206us total 14.416ms
08-05 13:49:47.904 15576 15589 I art     : Starting a blocking GC Explicit
08-05 13:49:47.917 15576 15589 I art     : Explicit concurrent mark sweep GC freed 3(96B) AllocSpace objects, 0(0B) LOS objects, 40% free, 22MB/37MB, paused 211us total 13.281ms
08-05 13:49:48.158 15576 15664 I art     : Starting a blocking GC Explicit
08-05 13:49:48.172 15576 15664 I art     : Explicit concurrent mark sweep GC freed 1616(95KB) AllocSpace objects, 1(20KB) LOS objects, 40% free, 22MB/37MB, paused 215us total 13.616ms
08-05 13:49:48.179 15576 15664 I art     : Starting a blocking GC Explicit
08-05 13:49:48.193 15576 15664 I art     : Explicit concurrent mark sweep GC freed 35(1136B) AllocSpace objects, 0(0B) LOS objects, 40% free, 22MB/37MB, paused 225us total 13.898ms
08-05 13:49:48.199 15576 15664 I art     : Starting a blocking GC Explicit
08-05 13:49:48.214 15576 15664 I art     : Explicit concurrent mark sweep GC freed 3(96B) AllocSpace objects, 0(0B) LOS objects, 40% free, 22MB/37MB, paused 213us total 14.263ms
08-05 13:49:48.220 15576 15664 I art     : Starting a blocking GC Explicit
08-05 13:49:48.233 15576 15664 I art     : Explicit concurrent mark sweep GC freed 3(96B) AllocSpace objects, 0(0B) LOS objects, 40% free, 22MB/37MB, paused 244us total 12.900ms
08-05 13:49:48.239 15576 15664 I art     : Starting a blocking GC Explicit
08-05 13:49:48.252 15576 15664 I art     : Explicit concurrent mark sweep GC freed 3(96B) AllocSpace objects, 0(0B) LOS objects, 40% free, 22MB/37MB, paused 207us total 12.819ms
08-05 13:49:48.336 15850 15850 D AndroidRuntime: >>>>>> START com.android.internal.os.RuntimeInit uid 2000 <<<<<<
08-05 13:49:48.341 15850 15850 D AndroidRuntime: CheckJNI is OFF
08-05 13:49:48.370 15850 15850 D ICU     : No timezone override file found: /data/misc/zoneinfo/current/icu/icu_tzdata.dat
08-05 13:49:48.400 15850 15850 I Radio-JNI: register_android_hardware_Radio DONE
08-05 13:49:48.416 15850 15850 D AndroidRuntime: Calling main entry com.android.commands.input.Input
08-05 13:49:48.418 15850 15850 I Input   : injectMotionEvent: MotionEvent { action=ACTION_DOWN, actionButton=0, id[0]=0, x[0]=103.0, y[0]=192.0, toolType[0]=TOOL_TYPE_UNKNOWN, buttonState=0, metaState=0, flags=0x0, edgeFlags=0x0, pointerCount=1, historySize=0, eventTime=798604831, downTime=798604831, deviceId=0, source=0x1002 }
08-05 13:49:48.428 15850 15850 I Input   : injectMotionEvent: MotionEvent { action=ACTION_UP, actionButton=0, id[0]=0, x[0]=103.0, y[0]=192.0, toolType[0]=TOOL_TYPE_UNKNOWN, buttonState=0, metaState=0, flags=0x0, edgeFlags=0x0, pointerCount=1, historySize=0, eventTime=798604831, downTime=798604831, deviceId=0, source=0x1002 }
08-05 13:49:48.429 15850 15850 D AndroidRuntime: Shutting down VM
08-05 13:49:48.442   512  2967 D audio_hw_primary: out_set_parameters: enter: usecase(1: low-latency-playback) kvpairs: routing=2
08-05 13:49:48.455   512  2967 D audio_hw_primary: select_devices: out_snd_device(2: speaker) in_snd_device(0: none)
08-05 13:49:48.455   512  2967 D msm8974_platform: platform_send_audio_calibration: sending audio calibration for snd_device(2) acdb_id(15)
08-05 13:49:48.456   512  2967 I soundtrigger: audio_extn_sound_trigger_update_device_status: device 0x2 of type 0 for Event 1
08-05 13:49:48.472   512  2967 D audio_hw_primary: enable_snd_device: snd_device(2: speaker)
08-05 13:49:48.474   512  2967 D audio_hw_primary: enable_audio_route: apply and update mixer path: low-latency-playback speaker
08-05 13:49:48.491 15576 15589 I art     : Starting a blocking GC Explicit
08-05 13:49:48.504 15576 15589 I art     : Explicit concurrent mark sweep GC freed 1636(96KB) AllocSpace objects, 1(20KB) LOS objects, 40% free, 22MB/37MB, paused 333us total 12.904ms
08-05 13:49:48.510 15576 15589 I art     : Starting a blocking GC Explicit
08-05 13:49:48.522 15576 15589 I art     : Explicit concurrent mark sweep GC freed 417(20KB) AllocSpace objects, 0(0B) LOS objects, 40% free, 22MB/37MB, paused 220us total 12.496ms
08-05 13:49:48.528 15576 15589 I art     : Starting a blocking GC Explicit
08-05 13:49:48.541 15576 15589 I art     : Explicit concurrent mark sweep GC freed 7(384B) AllocSpace objects, 0(0B) LOS objects, 40% free, 22MB/37MB, paused 212us total 12.209ms
08-05 13:49:48.547 15576 15589 I art     : Starting a blocking GC Explicit
08-05 13:49:48.559 15576 15589 I art     : Explicit concurrent mark sweep GC freed 3(96B) AllocSpace objects, 0(0B) LOS objects, 40% free, 22MB/37MB, paused 208us total 12.478ms
08-05 13:49:48.565 15576 15589 I art     : Starting a blocking GC Explicit
08-05 13:49:48.578 15576 15589 I art     : Explicit concurrent mark sweep GC freed 3(96B) AllocSpace objects, 0(0B) LOS objects, 40% free, 22MB/37MB, paused 210us total 12.219ms
08-05 13:49:48.785 15576 15664 I art     : Starting a blocking GC Explicit
08-05 13:49:48.799 15576 15664 I art     : Explicit concurrent mark sweep GC freed 1590(94KB) AllocSpace objects, 1(20KB) LOS objects, 40% free, 22MB/37MB, paused 223us total 13.215ms
08-05 13:49:48.804 15576 15664 I art     : Starting a blocking GC Explicit
