08-05 04:03:01.381   512  2967 D audio_hw_primary: out_set_parameters: enter: usecase(1: low-latency-playback) kvpairs: routing=2
08-05 04:03:01.390 28577 28654 I art     : Explicit concurrent mark sweep GC freed 27(864B) AllocSpace objects, 0(0B) LOS objects, 40% free, 23MB/38MB, paused 308us total 18.060ms
08-05 04:03:01.394   512  2967 D audio_hw_primary: select_devices: out_snd_device(2: speaker) in_snd_device(0: none)
08-05 04:03:01.394   512  2967 D msm8974_platform: platform_send_audio_calibration: sending audio calibration for snd_device(2) acdb_id(15)
08-05 04:03:01.394   512  2967 I soundtrigger: audio_extn_sound_trigger_update_device_status: device 0x2 of type 0 for Event 1
08-05 04:03:01.405   512  2967 D audio_hw_primary: enable_snd_device: snd_device(2: speaker)
08-05 04:03:01.407   512  2967 D audio_hw_primary: enable_audio_route: apply and update mixer path: low-latency-playback speaker
08-05 04:03:01.419 13866 13866 I GoogleInputMethodServic: GoogleInputMethodService.onFinishInput():3138 
08-05 04:03:01.420 13866 13866 I GoogleInputMethodServic: GoogleInputMethodService.onStartInput():1808 
08-05 04:03:01.659 28577 28588 I art     : Starting a blocking GC Explicit
08-05 04:03:01.678 28577 28588 I art     : Explicit concurrent mark sweep GC freed 2030(117KB) AllocSpace objects, 1(20KB) LOS objects, 40% free, 23MB/38MB, paused 305us total 19.531ms
08-05 04:03:01.688 28577 28588 I art     : Starting a blocking GC Explicit
08-05 04:03:01.710 28577 28588 I art     : Explicit concurrent mark sweep GC freed 98(5KB) AllocSpace objects, 0(0B) LOS objects, 40% free, 23MB/38MB, paused 393us total 20.936ms
08-05 04:03:01.718 28577 28588 I art     : Starting a blocking GC Explicit
08-05 04:03:01.736 28577 28588 I art     : Explicit concurrent mark sweep GC freed 3(96B) AllocSpace objects, 0(0B) LOS objects, 40% free, 23MB/38MB, paused 308us total 18.148ms
08-05 04:03:01.745 28577 28588 I art     : Starting a blocking GC Explicit
08-05 04:03:01.763 28577 28588 I art     : Explicit concurrent mark sweep GC freed 9(288B) AllocSpace objects, 0(0B) LOS objects, 40% free, 23MB/38MB, paused 420us total 18.228ms
08-05 04:03:01.771 28577 28588 I art     : Starting a blocking GC Explicit
08-05 04:03:01.788 28577 28588 I art     : Explicit concurrent mark sweep GC freed 3(96B) AllocSpace objects, 0(0B) LOS objects, 40% free, 23MB/38MB, paused 270us total 16.768ms
08-05 04:03:01.939   512  2967 D audio_hw_primary: disable_audio_route: reset and update mixer path: low-latency-playback speaker
08-05 04:03:01.941   512  2967 D audio_hw_primary: disable_snd_device: snd_device(2: speaker)
08-05 04:03:01.951   512  2967 I soundtrigger: audio_extn_sound_trigger_update_device_status: device 0x2 of type 0 for Event 0
08-05 04:03:02.079 28577 28589 I art     : Starting a blocking GC Explicit
08-05 04:03:02.099 28577 28589 I art     : Explicit concurrent mark sweep GC freed 1592(97KB) AllocSpace objects, 1(20KB) LOS objects, 40% free, 23MB/38MB, paused 307us total 19.285ms
08-05 04:03:02.107 28577 28589 I art     : Starting a blocking GC Explicit
08-05 04:03:02.126 28577 28589 I art     : Explicit concurrent mark sweep GC freed 39(1264B) AllocSpace objects, 0(0B) LOS objects, 40% free, 23MB/38MB, paused 319us total 18.190ms
08-05 04:03:02.134 28577 28589 I art     : Starting a blocking GC Explicit
08-05 04:03:02.152 28577 28589 I art     : Explicit concurrent mark sweep GC freed 3(96B) AllocSpace objects, 0(0B) LOS objects, 40% free, 23MB/38MB, paused 305us total 18.251ms
08-05 04:03:02.161 28577 28589 I art     : Starting a blocking GC Explicit
08-05 04:03:02.179 28577 28589 I art     : Explicit concurrent mark sweep GC freed 3(96B) AllocSpace objects, 0(0B) LOS objects, 40% free, 23MB/38MB, paused 304us total 18.538ms
08-05 04:03:02.188 28577 28589 I art     : Starting a blocking GC Explicit
08-05 04:03:02.206 28577 28589 I art     : Explicit concurrent mark sweep GC freed 3(96B) AllocSpace objects, 0(0B) LOS objects, 40% free, 23MB/38MB, paused 301us total 18.510ms
08-05 04:03:02.480 28577 28588 I art     : Starting a blocking GC Explicit
08-05 04:03:02.508 28577 28588 I art     : Explicit concurrent mark sweep GC freed 1619(101KB) AllocSpace objects, 1(20KB) LOS objects, 40% free, 23MB/38MB, paused 377us total 26.920ms
08-05 04:03:02.516 28577 28588 I art     : Starting a blocking GC Explicit
08-05 04:03:02.535 28577 28588 I art     : Explicit concurrent mark sweep GC freed 35(1136B) AllocSpace objects, 0(0B) LOS objects, 40% free, 23MB/38MB, paused 293us total 18.667ms
08-05 04:03:02.544 28577 28588 I art     : Starting a blocking GC Explicit
08-05 04:03:02.562 28577 28588 I art     : Explicit concurrent mark sweep GC freed 3(96B) AllocSpace objects, 0(0B) LOS objects, 40% free, 23MB/38MB, paused 303us total 18.097ms
08-05 04:03:02.570 28577 28588 I art     : Starting a blocking GC Explicit
08-05 04:03:02.589 28577 28588 I art     : Explicit concurrent mark sweep GC freed 3(96B) AllocSpace objects, 0(0B) LOS objects, 40% free, 23MB/38MB, paused 298us total 18.145ms
08-05 04:03:02.597 28577 28588 I art     : Starting a blocking GC Explicit
08-05 04:03:02.615 28577 28588 I art     : Explicit concurrent mark sweep GC freed 3(96B) AllocSpace objects, 0(0B) LOS objects, 40% free, 23MB/38MB, paused 322us total 17.785ms
08-05 04:03:02.882 28577 29119 I art     : Starting a blocking GC Explicit
08-05 04:03:02.902 28577 29119 I art     : Explicit concurrent mark sweep GC freed 1585(94KB) AllocSpace objects, 1(20KB) LOS objects, 40% free, 23MB/38MB, paused 307us total 18.873ms
08-05 04:03:02.910 28577 29119 I art     : Starting a blocking GC Explicit
08-05 04:03:02.929 28577 29119 I art     : Explicit concurrent mark sweep GC freed 35(1136B) AllocSpace objects, 0(0B) LOS objects, 40% free, 23MB/38MB, paused 300us total 18.418ms
08-05 04:03:02.937 28577 29119 I art     : Starting a blocking GC Explicit
08-05 04:03:02.955 28577 29119 I art     : Explicit concurrent mark sweep GC freed 3(96B) AllocSpace objects, 0(0B) LOS objects, 40% free, 23MB/38MB, paused 298us total 18.071ms
08-05 04:03:02.964 28577 29119 I art     : Starting a blocking GC Explicit
08-05 04:03:02.982 28577 29119 I art     : Explicit concurrent mark sweep GC freed 3(96B) AllocSpace objects, 0(0B) LOS objects, 40% free, 23MB/38MB, paused 304us total 17.476ms
08-05 04:03:02.990 28577 29119 I art     : Starting a blocking GC Explicit
08-05 04:03:03.007 28577 29119 I art     : Explicit concurrent mark sweep GC freed 4(128B) AllocSpace objects, 0(0B) LOS objects, 40% free, 23MB/38MB, paused 345us total 17.574ms
08-05 04:03:03.029 29193 29193 D AndroidRuntime: >>>>>> START com.android.internal.os.RuntimeInit uid 2000 <<<<<<
08-05 04:03:03.034 29193 29193 D AndroidRuntime: CheckJNI is OFF
08-05 04:03:03.067 29193 29193 D ICU     : No timezone override file found: /data/misc/zoneinfo/current/icu/icu_tzdata.dat
08-05 04:03:03.100 29193 29193 I Radio-JNI: register_android_hardware_Radio DONE
08-05 04:03:03.122 29193 29193 D AndroidRuntime: Calling main entry com.android.commands.input.Input
08-05 04:03:03.124 29193 29193 I Input   : injectMotionEvent: MotionEvent { action=ACTION_DOWN, actionButton=0, id[0]=0, x[0]=409.0, y[0]=1034.0, toolType[0]=TOOL_TYPE_UNKNOWN, buttonState=0, metaState=0, flags=0x0, edgeFlags=0x0, pointerCount=1, historySize=0, eventTime=763399537, downTime=763399537, deviceId=0, source=0x1002 }
08-05 04:03:03.130 29193 29193 I Input   : injectMotionEvent: MotionEvent { action=ACTION_UP, actionButton=0, id[0]=0, x[0]=409.0, y[0]=1034.0, toolType[0]=TOOL_TYPE_UNKNOWN, buttonState=0, metaState=0, flags=0x0, edgeFlags=0x0, pointerCount=1, historySize=0, eventTime=763399537, downTime=763399537, deviceId=0, source=0x1002 }
08-05 04:03:03.135 29193 29193 D AndroidRuntime: Shutting down VM
08-05 04:03:03.199 28577 28577 D MainActivity: loadFragment(index: 5, args: null)
08-05 04:03:03.199 28577 28577 D MainActivity: loadFragment(tag: AddFeedFragment, args: null)
08-05 04:03:03.200 28577 28577 D MainActivity: saveLastNavFragment(tag: AddFeedFragment)
08-05 04:03:03.200 28577 28577 D MainActivity: getLastNavFragment() -> AddFeedFragment
08-05 04:03:03.201   512  2967 D audio_hw_primary: out_set_parameters: enter: usecase(1: low-latency-playback) kvpairs: routing=2
08-05 04:03:03.213   512  2967 D audio_hw_primary: select_devices: out_snd_device(2: speaker) in_snd_device(0: none)
08-05 04:03:03.214   512  2967 D msm8974_platform: platform_send_audio_calibration: sending audio calibration for snd_device(2) acdb_id(15)
08-05 04:03:03.214   512  2967 I soundtrigger: audio_extn_sound_trigger_update_device_status: device 0x2 of type 0 for Event 1
08-05 04:03:03.223   512  2967 D audio_hw_primary: enable_snd_device: snd_device(2: speaker)
08-05 04:03:03.225   512  2967 D audio_hw_primary: enable_audio_route: apply and update mixer path: low-latency-playback speaker
08-05 04:03:03.248 28577 28588 I art     : Starting a blocking GC Explicit
08-05 04:03:03.270 28577 28588 I art     : Explicit concurrent mark sweep GC freed 3808(226KB) AllocSpace objects, 2(40KB) LOS objects, 40% free, 23MB/39MB, paused 440us total 21.970ms
08-05 04:03:03.278 28577 28588 I art     : Starting a blocking GC Explicit
08-05 04:03:03.297 28577 28588 I art     : Explicit concurrent mark sweep GC freed 1428(84KB) AllocSpace objects, 2(56KB) LOS objects, 40% free, 23MB/38MB, paused 309us total 19.094ms
08-05 04:03:03.305 28577 28588 I art     : Starting a blocking GC Explicit
08-05 04:03:03.322 28577 28588 I art     : Explicit concurrent mark sweep GC freed 3(96B) AllocSpace objects, 0(0B) LOS objects, 40% free, 23MB/38MB, paused 315us total 16.432ms
08-05 04:03:03.330 28577 28588 I art     : Starting a blocking GC Explicit
08-05 04:03:03.347 28577 28588 I art     : Explicit concurrent mark sweep GC freed 50(2080B) AllocSpace objects, 0(0B) LOS objects, 40% free, 23MB/38MB, paused 298us total 16.573ms
08-05 04:03:03.354 28577 28588 I art     : Starting a blocking GC Explicit
08-05 04:03:03.371 28577 28588 I art     : Explicit concurrent mark sweep GC freed 5(160B) AllocSpace objects, 0(0B) LOS objects, 40% free, 23MB/38MB, paused 272us total 16.424ms
08-05 04:03:03.635 28577 28588 I art     : Starting a blocking GC Explicit
08-05 04:03:03.637 13866 13866 I GoogleInputMethodServic: GoogleInputMethodService.onFinishInput():3138 
08-05 04:03:03.638 13866 13866 I GoogleInputMethodServic: GoogleInputMethodService.onStartInput():1808 
08-05 04:03:03.654 28577 28588 I art     : Explicit concurrent mark sweep GC freed 1714(99KB) AllocSpace objects, 1(20KB) LOS objects, 40% free, 23MB/38MB, paused 286us total 19.240ms
08-05 04:03:03.663 28577 28588 I art     : Starting a blocking GC Explicit
08-05 04:03:03.682 28577 28588 I art     : Explicit concurrent mark sweep GC freed 135(6KB) AllocSpace objects, 0(0B) LOS objects, 40% free, 23MB/38MB, paused 275us total 18.577ms
08-05 04:03:03.690 28577 28588 I art     : Starting a blocking GC Explicit
08-05 04:03:03.708 28577 28588 I art     : Explicit concurrent mark sweep GC freed 3(96B) AllocSpace objects, 0(0B) LOS objects, 40% free, 23MB/38MB, paused 275us total 17.624ms
08-05 04:03:03.717 28577 28588 I art     : Starting a blocking GC Explicit
08-05 04:03:03.735 28577 28588 I art     : Explicit concurrent mark sweep GC freed 3(96B) AllocSpace objects, 0(0B) LOS objects, 40% free, 23MB/38MB, paused 278us total 17.517ms
08-05 04:03:03.743 28577 28588 I art     : Starting a blocking GC Explicit
08-05 04:03:03.758   512  2967 D audio_hw_primary: disable_audio_route: reset and update mixer path: low-latency-playback speaker
08-05 04:03:03.760   512  2967 D audio_hw_primary: disable_snd_device: snd_device(2: speaker)
08-05 04:03:03.760 28577 28588 I art     : Explicit concurrent mark sweep GC freed 3(96B) AllocSpace objects, 0(0B) LOS objects, 40% free, 23MB/38MB, paused 276us total 17.014ms
08-05 04:03:03.770   512  2967 I soundtrigger: audio_extn_sound_trigger_update_device_status: device 0x2 of type 0 for Event 0
08-05 04:03:04.045 28577 29119 I art     : Starting a blocking GC Explicit
08-05 04:03:04.064 28577 29119 I art     : Explicit concurrent mark sweep GC freed 1586(94KB) AllocSpace objects, 1(20KB) LOS objects, 40% free, 23MB/38MB, paused 313us total 19.003ms
08-05 04:03:04.073 28577 29119 I art     : Starting a blocking GC Explicit
08-05 04:03:04.092 28577 29119 I art     : Explicit concurrent mark sweep GC freed 39(1264B) AllocSpace objects, 0(0B) LOS objects, 40% free, 23MB/38MB, paused 300us total 18.586ms
08-05 04:03:04.100 28577 29119 I art     : Starting a blocking GC Explicit
08-05 04:03:04.119 28577 29119 I art     : Explicit concurrent mark sweep GC freed 3(96B) AllocSpace objects, 0(0B) LOS objects, 40% free, 23MB/38MB, paused 322us total 18.753ms
08-05 04:03:04.128 28577 29119 I art     : Starting a blocking GC Explicit
08-05 04:03:04.149 28577 29119 I art     : Explicit concurrent mark sweep GC freed 3(96B) AllocSpace objects, 0(0B) LOS objects, 40% free, 23MB/38MB, paused 305us total 20.668ms
08-05 04:03:04.157 28577 29119 I art     : Starting a blocking GC Explicit
08-05 04:03:04.175 28577 29119 I art     : Explicit concurrent mark sweep GC freed 3(96B) AllocSpace objects, 0(0B) LOS objects, 40% free, 23MB/38MB, paused 300us total 17.754ms
08-05 04:03:04.343 17099 17099 I Finsky  : [1] xow.onStartJob(3): SCH: onJobSchedulerWakeup with jobId 9008
08-05 04:03:04.349 17099 17099 I Finsky  : [1] xjw.a(9): Scheduling fallback in 43199998 (absolute: 1789988222)
08-05 04:03:04.352 17099 17099 I Finsky  : [1] xjw.a(9): Scheduling fallback in 64799998 (absolute: 1811588224)
08-05 04:03:04.357 17099 17099 I Finsky  : [1] xow.onStartJob(3): SCH: onJobSchedulerWakeup with jobId 9016
08-05 04:03:04.363 17099 17099 I Finsky  : [1] xjw.a(9): Scheduling fallback in 43199995 (absolute: 1789988233)
08-05 04:03:04.366 17099 17099 I Finsky  : [1] xjw.a(9): Scheduling fallback in 64799998 (absolute: 1811588239)
08-05 04:03:04.369 17099 17099 W Finsky  : [1] xow.onStartJob(9): SCH: onJobSchedulerWakeup while already running
08-05 04:03:04.432 28577 28588 I art     : Starting a blocking GC Explicit
08-05 04:03:04.449 28577 28588 I art     : Explicit concurrent mark sweep GC freed 1614(95KB) AllocSpace objects, 1(20KB) LOS objects, 40% free, 23MB/38MB, paused 298us total 16.604ms
08-05 04:03:04.457 28577 28588 I art     : Starting a blocking GC Explicit
08-05 04:03:04.475 28577 28588 I art     : Explicit concurrent mark sweep GC freed 35(1136B) AllocSpace objects, 0(0B) LOS objects, 40% free, 23MB/38MB, paused 292us total 17.290ms
08-05 04:03:04.482 28577 28588 I art     : Starting a blocking GC Explicit
08-05 04:03:04.497 17099 17099 I Finsky  : [1] xkf.handleMessage(8): SCH: DeviceState: DeviceState{currentTime=1596592984493, isCharging=false, isIdle=false, netAny=true, netNotRoaming=true, netUnmetered=true, batteryPercent=100.0}
08-05 04:03:04.500 28577 28588 I art     : Explicit concurrent mark sweep GC freed 3(96B) AllocSpace objects, 0(0B) LOS objects, 40% free, 23MB/38MB, paused 283us total 17.104ms
08-05 04:03:04.502 17099 28532 I Finsky  : [6079] xmu.a(8): SCH: Jobs in database: 1-1337 3-201 3-202 12-1 24-77777777 26-1414141414 
08-05 04:03:04.505 17099 17099 I Finsky  : [1] xkg.a(16): SCH: Running job: 12-1
08-05 04:03:04.505 17099 17099 I Finsky  : [1] ContentSyncJob.a(16): [ContentSync] job started
08-05 04:03:04.506 17099 17099 I Finsky  : [1] xkf.handleMessage(61): SCH: RunningQueue size: 1, PendingQueue size: 0
08-05 04:03:04.507 17099 17099 I Finsky  : [1] xkf.handleMessage(64): SCH: Running queue: 12-1 
08-05 04:03:04.508 28577 28588 I art     : Starting a blocking GC Explicit
08-05 04:03:04.524 28577 28588 I art     : Explicit concurrent mark sweep GC freed 3(96B) AllocSpace objects, 0(0B) LOS objects, 40% free, 23MB/38MB, paused 282us total 16.711ms
08-05 04:03:04.532 28577 28588 I art     : Starting a blocking GC Explicit
08-05 04:03:04.549 28577 28588 I art     : Explicit concurrent mark sweep GC freed 3(96B) AllocSpace objects, 0(0B) LOS objects, 40% free, 23MB/38MB, paused 287us total 16.984ms
08-05 04:03:04.568 17099 28567 I Finsky  : [6084] dzn.a(22): Completed 0 account content syncs with 0 successful.
08-05 04:03:04.569 17099 17099 I Finsky  : [1] ContentSyncJob.a(1): [ContentSync] Installation state replication succeeded.
08-05 04:03:04.569 17099 17099 I Finsky  : [1] xlr.a(13): SCH: jobFinished: 12-1. TimeElapsed: 64ms.
08-05 04:03:04.570 17099 17099 I Finsky  : [1] xkg.a(36): SCH: Job 12-1 finished. Not rescheduling.
08-05 04:03:04.570 17099 17099 I Finsky  : [1] xkf.handleMessage(61): SCH: RunningQueue size: 0, PendingQueue size: 0
08-05 04:03:04.571 17099 17099 I Finsky  : [1] xkf.handleMessage(25): Executor finished
08-05 04:03:04.584 17099 17099 I Finsky  : [1] xmu.a(8): SCH: Jobs in database: 1-1337 3-201 3-202 24-77777777 26-1414141414 
08-05 04:03:04.586 17099 17099 I Finsky  : [1] xio.a(57): SCH: ConstraintMapping: 24-77777777,  -> L: 0ms, D: 61615934ms, C: false, I: true, N: 0
08-05 04:03:04.587 17099 17099 I Finsky  : [1] xio.a(57): SCH: ConstraintMapping: 1-1337,  -> L: 21768322ms, D: 64968322ms, C: false, I: false, N: 1
08-05 04:03:04.587 17099 17099 I Finsky  : [1] xio.a(57): SCH: ConstraintMapping: 3-201,  -> L: 0ms, D: 81709837ms, C: false, I: true, N: 2
08-05 04:03:04.587 17099 17099 I Finsky  : [1] xio.a(57): SCH: ConstraintMapping: 3-202,  -> L: 0ms, D: 81709902ms, C: true, I: true, N: 2
08-05 04:03:04.588 17099 17099 I Finsky  : [1] xio.a(57): SCH: ConstraintMapping: 26-1414141414,  -> L: 26405808ms, D: 27305808ms, C: false, I: false, N: 0
08-05 04:03:04.597 17099 17099 I Finsky  : [1] xle.a(34): Cancelling existing jobscheduler jobs: 9014 9001 9015 9013 9012 9018 9017 9019 
08-05 04:03:04.597 17099 17099 I Finsky  : [1] xle.a(10): Throttling wakeup for job 9000 (expected to run in 0 ms) due to recent wakeup
08-05 04:03:04.598 17099 17099 I Finsky  : [1] xle.a(27): Scheduling job Id: 9000, L: 30000, D: 61615934, C: false, I: true, N: 0
08-05 04:03:04.600 17099 17099 I Finsky  : [1] xle.a(27): Scheduling job Id: 9002, L: 21768322, D: 64968322, C: false, I: false, N: 1
08-05 04:03:04.601 17099 17099 I Finsky  : [1] xle.a(10): Throttling wakeup for job 9003 (expected to run in 0 ms) due to recent wakeup
08-05 04:03:04.602 17099 17099 I Finsky  : [1] xle.a(27): Scheduling job Id: 9003, L: 30000, D: 81709837, C: false, I: true, N: 2
08-05 04:03:04.603 17099 17099 I Finsky  : [1] xle.a(10): Throttling wakeup for job 9004 (expected to run in 0 ms) due to recent wakeup
08-05 04:03:04.604 17099 17099 I Finsky  : [1] xle.a(27): Scheduling job Id: 9004, L: 30000, D: 81709902, C: true, I: true, N: 2
08-05 04:03:04.605 17099 17099 I Finsky  : [1] xle.a(27): Scheduling job Id: 9005, L: 26405808, D: 27305808, C: false, I: false, N: 0
08-05 04:03:04.606 17099 17099 I Finsky  : [1] xle.a(10): Throttling wakeup for job 9006 (expected to run in 0 ms) due to recent wakeup
08-05 04:03:04.607 17099 17099 I Finsky  : [1] xle.a(27): Scheduling job Id: 9006, L: 30000, D: 61615934, C: false, I: true, N: 0
08-05 04:03:04.609 17099 17099 I Finsky  : [1] xle.a(27): Scheduling job Id: 9007, L: 21768322, D: 64968322, C: false, I: false, N: 1
08-05 04:03:04.610 17099 17099 I Finsky  : [1] xle.a(10): Throttling wakeup for job 9009 (expected to run in 0 ms) due to recent wakeup
08-05 04:03:04.611 17099 17099 I Finsky  : [1] xle.a(27): Scheduling job Id: 9009, L: 30000, D: 81709837, C: false, I: true, N: 2
08-05 04:03:04.612 17099 17099 I Finsky  : [1] xle.a(10): Throttling wakeup for job 9010 (expected to run in 0 ms) due to recent wakeup
08-05 04:03:04.612 17099 17099 I Finsky  : [1] xle.a(27): Scheduling job Id: 9010, L: 30000, D: 81709902, C: true, I: true, N: 2
08-05 04:03:04.614 17099 17099 I Finsky  : [1] xle.a(27): Scheduling job Id: 9011, L: 26405808, D: 27305808, C: false, I: false, N: 0
08-05 04:03:04.762 29252 29252 D AndroidRuntime: >>>>>> START com.android.internal.os.RuntimeInit uid 2000 <<<<<<
08-05 04:03:04.767 29252 29252 D AndroidRuntime: CheckJNI is OFF
08-05 04:03:04.802 29252 29252 D ICU     : No timezone override file found: /data/misc/zoneinfo/current/icu/icu_tzdata.dat
08-05 04:03:04.818 28577 28654 I art     : Starting a blocking GC Explicit
08-05 04:03:04.836 29252 29252 I Radio-JNI: register_android_hardware_Radio DONE
08-05 04:03:04.837 28577 28654 I art     : Explicit concurrent mark sweep GC freed 1585(94KB) AllocSpace objects, 1(20KB) LOS objects, 40% free, 23MB/38MB, paused 348us total 19.348ms
08-05 04:03:04.845 28577 28654 I art     : Starting a blocking GC Explicit
08-05 04:03:04.859 29252 29252 D AndroidRuntime: Calling main entry com.android.commands.input.Input
08-05 04:03:04.862 29252 29252 I Input   : injectMotionEvent: MotionEvent { action=ACTION_DOWN, actionButton=0, id[0]=0, x[0]=567.0, y[0]=714.0, toolType[0]=TOOL_TYPE_UNKNOWN, buttonState=0, metaState=0, flags=0x0, edgeFlags=0x0, pointerCount=1, historySize=0, eventTime=763401275, downTime=763401275, deviceId=0, source=0x1002 }
08-05 04:03:04.865 28577 28654 I art     : Explicit concurrent mark sweep GC freed 37(1200B) AllocSpace objects, 0(0B) LOS objects, 40% free, 23MB/38MB, paused 495us total 19.549ms
08-05 04:03:04.866 29252 29252 I Input   : injectMotionEvent: MotionEvent { action=ACTION_UP, actionButton=0, id[0]=0, x[0]=567.0, y[0]=714.0, toolType[0]=TOOL_TYPE_UNKNOWN, buttonState=0, metaState=0, flags=0x0, edgeFlags=0x0, pointerCount=1, historySize=0, eventTime=763401275, downTime=763401275, deviceId=0, source=0x1002 }
08-05 04:03:04.873 29252 29252 D AndroidRuntime: Shutting down VM
08-05 04:03:04.874 28577 28654 I art     : Starting a blocking GC Explicit
08-05 04:03:04.887   512  2967 D audio_hw_primary: out_set_parameters: enter: usecase(1: low-latency-playback) kvpairs: routing=2
08-05 04:03:04.893 28577 28654 I art     : Explicit concurrent mark sweep GC freed 58(4KB) AllocSpace objects, 0(0B) LOS objects, 40% free, 23MB/39MB, paused 300us total 18.588ms
08-05 04:03:04.900   512  2967 D audio_hw_primary: select_devices: out_snd_device(2: speaker) in_snd_device(0: none)
08-05 04:03:04.900   512  2967 D msm8974_platform: platform_send_audio_calibration: sending audio calibration for snd_device(2) acdb_id(15)
08-05 04:03:04.901 28577 28654 I art     : Starting a blocking GC Explicit
08-05 04:03:04.901   512  2967 I soundtrigger: audio_extn_sound_trigger_update_device_status: device 0x2 of type 0 for Event 1
08-05 04:03:04.910   512  2967 D audio_hw_primary: enable_snd_device: snd_device(2: speaker)
08-05 04:03:04.912 28577 29108 D AntennapodHttpClient: Creating new instance of HTTP client
08-05 04:03:04.917   512  2967 D audio_hw_primary: enable_audio_route: apply and update mixer path: low-latency-playback speaker
08-05 04:03:04.920 13866 13866 I GoogleInputMethodServic: GoogleInputMethodService.onFinishInput():3138 
08-05 04:03:04.920 13866 13866 I GoogleInputMethodServic: GoogleInputMethodService.onStartInput():1808 
08-05 04:03:04.921 28577 28654 I art     : Explicit concurrent mark sweep GC freed 955(70KB) AllocSpace objects, 0(0B) LOS objects, 40% free, 23MB/39MB, paused 920us total 20.231ms
08-05 04:03:04.929 28577 29108 D Nappa   : TAG okHttpClient initialized
08-05 04:03:04.930 28577 28654 I art     : Starting a blocking GC Explicit
08-05 04:03:04.933 28577 29108 D CustomInterceptor: NETWORK-PROVIDER https://itunes.apple.com/en/rss/toppodcasts/limit=25/explicit=true/json
08-05 04:03:04.934 28577 29108 D Nappa   : F1_SCORE add_intercept_url - (new) - https://itunes.apple.com/en/rss/toppodcasts/limit=25/explicit=true/json
08-05 04:03:04.934 28577 29108 D Nappa   : F1_SCORE add_fn_url - (new) - https://itunes.apple.com/en/rss/toppodcasts/limit=25/explicit=true/json
08-05 04:03:04.934 28577 29108 D Nappa   : -------------F1_SCORE #2 -----------
08-05 04:03:04.934 28577 29108 D Nappa   : F1_SCORE - Intercept list (1)= [https://itunes.apple.com/en/rss/toppodcasts/limit=25/explicit=true/json]
08-05 04:03:04.934 28577 29108 D Nappa   : F1_SCORE - Prefetch list (0)= []
08-05 04:03:04.934 28577 29108 D Nappa   : F1_SCORE - TP list (0)= []
08-05 04:03:04.934 28577 29108 D Nappa   : F1_SCORE - FN list (1)= [https://itunes.apple.com/en/rss/toppodcasts/limit=25/explicit=true/json]
08-05 04:03:04.934 28577 29108 I NAPPA_EXPERIMENTATION: MetricPrefetchingAccuracy: LOG_ID='3',F1_SCORE_1='0.0',F1_SCORE_2='0.0',TRUE_POSITIVE='0',FALSE_POSITIVE='0',FALSE_NEGATIVE='1',
08-05 04:03:04.934 28577 29108 D CustomInterceptor: HEADER REQUEST
08-05 04:03:04.935 28577 29108 D CustomInterceptor: Cache-Control max-age=300, max-stale=300
08-05 04:03:04.935 28577 29108 D CustomInterceptor: User-Agent AntennaPod/1.7.2b
08-05 04:03:04.935 28577 29108 D CustomInterceptor: CACHED STATS: size = '0', maxSize = '100', hitCount = '0', createCount = '0', putCount = '0', evictionCount = '0', missCount = '0', toString = 'LruCache[maxSize=100,hits=0,misses=0,hitRate=0%]', 
08-05 04:03:04.935 28577 29108 D CustomInterceptor: PREFLIB NOT A GET REQUEST OR NOT IN CACHEGET
08-05 04:03:04.951 28577 28654 I art     : Explicit concurrent mark sweep GC freed 2626(167KB) AllocSpace objects, 0(0B) LOS objects, 39% free, 24MB/40MB, paused 474us total 20.370ms
08-05 04:03:05.034 28577 28598 D Nappa   : registerActivity: (already in) nappagreedy.de.danoeh.antennapod.activity.MainActivity
08-05 04:03:05.034 28577 28598 D Nappa   : PARENTS 
08-05 04:03:05.034 28577 28598 D Nappa   : Of: nappagreedy.de.danoeh.antennapod.activity.MainActivity -> 
08-05 04:03:05.034 28577 28598 D Nappa   : PARENTS nappagreedy.de.danoeh.antennapod.activity.SplashActivity
08-05 04:03:05.182 28577 28654 I art     : Starting a blocking GC Explicit
08-05 04:03:05.204 28577 28654 I art     : Explicit concurrent mark sweep GC freed 10634(571KB) AllocSpace objects, 5(440KB) LOS objects, 39% free, 24MB/40MB, paused 419us total 21.370ms
08-05 04:03:05.204 28577 28587 I art     : WaitForGcToComplete blocked for 12.510ms for cause HeapTrim
08-05 04:03:05.212 28577 28654 I art     : Starting a blocking GC Explicit
08-05 04:03:05.232 28577 28654 I art     : Explicit concurrent mark sweep GC freed 1088(122KB) AllocSpace objects, 0(0B) LOS objects, 40% free, 23MB/39MB, paused 420us total 20.080ms
08-05 04:03:05.240 28577 28654 I art     : Starting a blocking GC Explicit
08-05 04:03:05.260 28577 28654 I art     : Explicit concurrent mark sweep GC freed 13(480B) AllocSpace objects, 0(0B) LOS objects, 40% free, 23MB/39MB, paused 409us total 19.720ms
08-05 04:03:05.269 28577 28654 I art     : Starting a blocking GC Explicit
08-05 04:03:05.289 28577 28654 I art     : Explicit concurrent mark sweep GC freed 193(12KB) AllocSpace objects, 0(0B) LOS objects, 40% free, 23MB/39MB, paused 856us total 20.279ms
08-05 04:03:05.290 28577 29108 D CustomInterceptor: HEADER RESPONSE
08-05 04:03:05.290 28577 29108 D CustomInterceptor: apple-timing-app 2 ms
08-05 04:03:05.290 28577 29108 D CustomInterceptor: cache-control max-age=3600
08-05 04:03:05.291 28577 29108 D CustomInterceptor: content-length 0
08-05 04:03:05.291 28577 29108 D CustomInterceptor: date Wed, 05 Aug 2020 02:03:00 GMT
08-05 04:03:05.291 28577 29108 D CustomInterceptor: x-apple-orig-url https://itunes.apple.com/en/rss/toppodcasts/limit=25/explicit=true/json
08-05 04:03:05.291 28577 29108 D CustomInterceptor: x-apple-partner origin.0
08-05 04:03:05.291 28577 29108 D CustomInterceptor: x-apple-translated-wo-url /WebObjects/MZStoreServices.woa/ws/RSS/toppodcasts/limit=25/explicit=true/json?cc=en&urlDesc=/toppodcasts/limit=25/explicit=true/json
08-05 04:03:05.291 28577 29108 D CustomInterceptor: x-cache TCP_MISS from a95-100-169-39.deploy.akamaitechnologies.com (AkamaiGHost/10.1.0.1-30367680) (-)
08-05 04:03:05.291 28577 29108 D CustomInterceptor: x-cache-remote TCP_MISS from a2-22-54-207.deploy.akamaitechnologies.com (AkamaiGHost/10.1.0.1-30367680) (-)
08-05 04:03:05.291 28577 29108 D CustomInterceptor: x-true-cache-key /L/itunes.apple.com/en/rss/toppodcasts/limit=25/explicit=true/json vcd=2897 ci2=__
08-05 04:03:05.291 28577 29108 D CustomInterceptor: CACHEABLE false
08-05 04:03:05.291 28577 29108 D CustomInterceptor: REQ https://itunes.apple.com/en/rss/toppodcasts/limit=25/explicit=true/json
08-05 04:03:05.291 28577 29108 D CustomInterceptor: REQ_SERV_BY net
08-05 04:03:05.292 28577 29108 I NAPPA_EXPERIMENTATION: MetricNetworkRequestExecutionTime: REQUEST_DURATION_SYSTEM='361',REQUEST_DURATION_OKHTTP='160',REQUEST_SYNCHRONOUS='TRUE',RESPONSE_CODE='400',RESPONSE_METHOD='GET',RESPONSE_LENGTH_OKHTTP='0',RESPONSE_LENGTH_HEADER='0',REQUEST_PROTOCOL='h2',REQUEST_URL='https://itunes.apple.com/en/rss/toppodcasts/limit=25/explicit=true/json',
08-05 04:03:05.293 28577 29108 D CustomInterceptor: NETWORK-PROVIDER https://itunes.apple.com/us/rss/toppodcasts/limit=25/explicit=true/json
08-05 04:03:05.293 28577 29108 D Nappa   : F1_SCORE add_intercept_url - (new) - https://itunes.apple.com/us/rss/toppodcasts/limit=25/explicit=true/json
08-05 04:03:05.293 28577 29108 D Nappa   : F1_SCORE add_fn_url - (new) - https://itunes.apple.com/us/rss/toppodcasts/limit=25/explicit=true/json
08-05 04:03:05.293 28577 29108 D Nappa   : -------------F1_SCORE #3 -----------
08-05 04:03:05.294 28577 29108 D Nappa   : F1_SCORE - Intercept list (2)= [https://itunes.apple.com/en/rss/toppodcasts/limit=25/explicit=true/json, https://itunes.apple.com/us/rss/toppodcasts/limit=25/explicit=true/json]
08-05 04:03:05.294 28577 29108 D Nappa   : F1_SCORE - Prefetch list (0)= []
08-05 04:03:05.294 28577 29108 D Nappa   : F1_SCORE - TP list (0)= []
08-05 04:03:05.294 28577 29108 D Nappa   : F1_SCORE - FN list (2)= [https://itunes.apple.com/en/rss/toppodcasts/limit=25/explicit=true/json, https://itunes.apple.com/us/rss/toppodcasts/limit=25/explicit=true/json]
08-05 04:03:05.294 28577 29108 I NAPPA_EXPERIMENTATION: MetricPrefetchingAccuracy: LOG_ID='4',F1_SCORE_1='0.0',F1_SCORE_2='0.0',TRUE_POSITIVE='0',FALSE_POSITIVE='0',FALSE_NEGATIVE='2',
08-05 04:03:05.294 28577 29108 D CustomInterceptor: HEADER REQUEST
08-05 04:03:05.294 28577 29108 D CustomInterceptor: Cache-Control max-age=300, max-stale=300
08-05 04:03:05.294 28577 29108 D CustomInterceptor: User-Agent AntennaPod/1.7.2b
08-05 04:03:05.294 28577 29108 D CustomInterceptor: CACHED STATS: size = '0', maxSize = '100', hitCount = '0', createCount = '0', putCount = '0', evictionCount = '0', missCount = '1', toString = 'LruCache[maxSize=100,hits=0,misses=1,hitRate=0%]', 
08-05 04:03:05.294 28577 29108 D CustomInterceptor: PREFLIB NOT A GET REQUEST OR NOT IN CACHEGET
08-05 04:03:05.298 28577 28654 I art     : Starting a blocking GC Explicit
08-05 04:03:05.318 28577 28654 I art     : Explicit concurrent mark sweep GC freed 592(43KB) AllocSpace objects, 0(0B) LOS objects, 40% free, 23MB/39MB, paused 586us total 20.103ms
08-05 04:03:05.394 28577 28598 D Nappa   : registerActivity: (already in) nappagreedy.de.danoeh.antennapod.activity.MainActivity
08-05 04:03:05.394 28577 28598 D Nappa   : PARENTS 
08-05 04:03:05.394 28577 28598 D Nappa   : Of: nappagreedy.de.danoeh.antennapod.activity.MainActivity -> 
08-05 04:03:05.394 28577 28598 D Nappa   : PARENTS nappagreedy.de.danoeh.antennapod.activity.SplashActivity
08-05 04:03:05.446 28577 29108 D CustomInterceptor: HEADER RESPONSE
08-05 04:03:05.446 28577 29108 D CustomInterceptor: access-control-allow-origin *
08-05 04:03:05.446 28577 29108 D CustomInterceptor: apple-originating-system MZStoreServices
08-05 04:03:05.446 28577 29108 D CustomInterceptor: apple-seq 0
08-05 04:03:05.446 28577 29108 D CustomInterceptor: apple-timing-app 85 ms
08-05 04:03:05.446 28577 29108 D CustomInterceptor: apple-tk false
08-05 04:03:05.446 28577 29108 D CustomInterceptor: b3 9f9b0b3e7b1a8105382daa6e7e112e7a-0e90bfde28acec0d
08-05 04:03:05.446 28577 29108 D CustomInterceptor: cache-control max-age=3217
08-05 04:03:05.446 28577 29108 D CustomInterceptor: content-type text/javascript; charset=UTF-8
08-05 04:03:05.446 28577 29108 D CustomInterceptor: date Wed, 05 Aug 2020 02:03:01 GMT
08-05 04:03:05.446 28577 29108 D CustomInterceptor: strict-transport-security max-age=31536000
08-05 04:03:05.447 28577 29108 D CustomInterceptor: vary Accept-Encoding
08-05 04:03:05.447 28577 29108 D CustomInterceptor: x-apple-application-instance 4116010
08-05 04:03:05.447 28577 29108 D CustomInterceptor: x-apple-application-site MR22
08-05 04:03:05.447 28577 29108 D CustomInterceptor: x-apple-jingle-correlation-key T6NQWPT3DKAQKOBNVJXH4EJOPI
08-05 04:03:05.447 28577 29108 D CustomInterceptor: x-apple-lok-response-date Tue Jul 28 10:27:22 PDT 2020
08-05 04:03:05.447 28577 29108 D CustomInterceptor: x-apple-orig-url https://itunes.apple.com/us/rss/toppodcasts/limit=25/explicit=true/json
08-05 04:03:05.447 28577 29108 D CustomInterceptor: x-apple-partner origin.0
08-05 04:03:05.447 28577 29108 D CustomInterceptor: x-apple-request-uuid 9f9b0b3e-7b1a-8105-382d-aa6e7e112e7a
08-05 04:03:05.447 28577 29108 D CustomInterceptor: x-apple-translated-wo-url /WebObjects/MZStoreServices.woa/ws/RSS/toppodcasts/limit=25/explicit=true/json?cc=us&urlDesc=/toppodcasts/limit=25/explicit=true/json
08-05 04:03:05.447 28577 29108 D CustomInterceptor: x-b3-spanid 0e90bfde28acec0d
08-05 04:03:05.447 28577 29108 D CustomInterceptor: x-b3-traceid 9f9b0b3e7b1a8105382daa6e7e112e7a
08-05 04:03:05.447 28577 29108 D CustomInterceptor: x-cache TCP_MISS from a95-100-169-39.deploy.akamaitechnologies.com (AkamaiGHost/10.1.0.1-30367680) (-)
08-05 04:03:05.447 28577 29108 D CustomInterceptor: x-cache-remote TCP_MEM_HIT from a95-100-169-34.deploy.akamaitechnologies.com (AkamaiGHost/10.1.0.1-30367680) (-)
08-05 04:03:05.447 28577 29108 D CustomInterceptor: x-true-cache-key /L/itunes.apple.com/us/rss/toppodcasts/limit=25/explicit=true/json vcd=2897 ci2=__
08-05 04:03:05.447 28577 29108 D CustomInterceptor: x-webobjects-loadaverage 0
08-05 04:03:05.447 28577 29108 D CustomInterceptor: CACHEABLE true
08-05 04:03:05.447 28577 29108 D CustomInterceptor: REQ https://itunes.apple.com/us/rss/toppodcasts/limit=25/explicit=true/json
08-05 04:03:05.447 28577 29108 D CustomInterceptor: REQ_SERV_BY net
08-05 04:03:05.448 28577 29108 D CustomInterceptor: PREFLIB Adding response to lrucache - https://itunes.apple.com/us/rss/toppodcasts/limit=25/explicit=true/json
08-05 04:03:05.459   512  2967 D audio_hw_primary: disable_audio_route: reset and update mixer path: low-latency-playback speaker
08-05 04:03:05.460 28577 29108 D CustomInterceptor: interceptor_finished : return_type #3 : request served from remote and added to cache
08-05 04:03:05.461   512  2967 D audio_hw_primary: disable_snd_device: snd_device(2: speaker)
08-05 04:03:05.461 28577 29108 I NAPPA_EXPERIMENTATION: MetricNetworkRequestExecutionTime: REQUEST_DURATION_SYSTEM='168',REQUEST_DURATION_OKHTTP='0',REQUEST_SYNCHRONOUS='TRUE',RESPONSE_CODE='200',RESPONSE_METHOD='GET',RESPONSE_LENGTH_OKHTTP='49672',RESPONSE_LENGTH_HEADER='-2',REQUEST_PROTOCOL='h2',REQUEST_URL='https://itunes.apple.com/us/rss/toppodcasts/limit=25/explicit=true/json',
08-05 04:03:05.474   512  2967 I soundtrigger: audio_extn_sound_trigger_update_device_status: device 0x2 of type 0 for Event 0
08-05 04:03:05.531 28577 28577 D AntennapodHttpClient: Creating new instance of HTTP client
08-05 04:03:05.544 28577 29305 D ApOkHttpUrlLoader: buildLoadData() called with: model = [https://is4-ssl.mzstatic.com/image/thumb/Podcasts114/v4/3f/16/74/3f167426-bf50-ce3a-d709-e4301620fc5b/mza_5832671293059882550.jpeg/170x170bb.png], width = [224], height = [224]
08-05 04:03:05.548 28577 29306 D DBReader: getImageAuthentication() called with: imageUrl = [https://is4-ssl.mzstatic.com/image/thumb/Podcasts114/v4/3f/16/74/3f167426-bf50-ce3a-d709-e4301620fc5b/mza_5832671293059882550.jpeg/170x170bb.png]
08-05 04:03:05.549 28577 29307 D ApOkHttpUrlLoader: buildLoadData() called with: model = [https://is4-ssl.mzstatic.com/image/thumb/Podcasts113/v4/e5/8a/10/e58a108f-f5d0-f622-c94a-13f66edd570c/mza_3025981348644196724.jpg/170x170bb.png], width = [224], height = [224]
08-05 04:03:05.550 28577 29306 D ApOkHttpUrlLoader: no credentials for 'https://is4-ssl.mzstatic.com/image/thumb/Podcasts114/v4/3f/16/74/3f167426-bf50-ce3a-d709-e4301620fc5b/mza_5832671293059882550.jpeg/170x170bb.png'
08-05 04:03:05.551 28577 29308 D DBReader: getImageAuthentication() called with: imageUrl = [https://is4-ssl.mzstatic.com/image/thumb/Podcasts113/v4/e5/8a/10/e58a108f-f5d0-f622-c94a-13f66edd570c/mza_3025981348644196724.jpg/170x170bb.png]
08-05 04:03:05.553 28577 29308 D ApOkHttpUrlLoader: no credentials for 'https://is4-ssl.mzstatic.com/image/thumb/Podcasts113/v4/e5/8a/10/e58a108f-f5d0-f622-c94a-13f66edd570c/mza_3025981348644196724.jpg/170x170bb.png'
08-05 04:03:05.555 28577 29309 D ApOkHttpUrlLoader: buildLoadData() called with: model = [https://is2-ssl.mzstatic.com/image/thumb/Podcasts113/v4/a9/39/cc/a939ccc5-6d60-0c11-0a4c-16d71cdef89b/mza_8787577209688278658.jpg/170x170bb.png], width = [224], height = [224]
08-05 04:03:05.556 28577 29310 D ApOkHttpUrlLoader: buildLoadData() called with: model = [https://is5-ssl.mzstatic.com/image/thumb/Podcasts114/v4/93/cf/99/93cf9960-fff3-205e-6655-72c03ddeccb2/mza_10545582232493904175.jpeg/170x170bb.png], width = [224], height = [224]
08-05 04:03:05.557 28577 29311 D DBReader: getImageAuthentication() called with: imageUrl = [https://is2-ssl.mzstatic.com/image/thumb/Podcasts113/v4/a9/39/cc/a939ccc5-6d60-0c11-0a4c-16d71cdef89b/mza_8787577209688278658.jpg/170x170bb.png]
08-05 04:03:05.559 28577 29310 D ApOkHttpUrlLoader: buildLoadData() called with: model = [https://is4-ssl.mzstatic.com/image/thumb/Podcasts124/v4/49/a4/91/49a491b7-3daf-c5dc-d7c6-6c4f1486955c/mza_5930014091766152297.png/170x170bb.png], width = [224], height = [224]
08-05 04:03:05.560 28577 29312 D DBReader: getImageAuthentication() called with: imageUrl = [https://is5-ssl.mzstatic.com/image/thumb/Podcasts114/v4/93/cf/99/93cf9960-fff3-205e-6655-72c03ddeccb2/mza_10545582232493904175.jpeg/170x170bb.png]
08-05 04:03:05.561 28577 29311 D ApOkHttpUrlLoader: no credentials for 'https://is2-ssl.mzstatic.com/image/thumb/Podcasts113/v4/a9/39/cc/a939ccc5-6d60-0c11-0a4c-16d71cdef89b/mza_8787577209688278658.jpg/170x170bb.png'
08-05 04:03:05.561 28577 29313 D DBReader: getImageAuthentication() called with: imageUrl = [https://is4-ssl.mzstatic.com/image/thumb/Podcasts124/v4/49/a4/91/49a491b7-3daf-c5dc-d7c6-6c4f1486955c/mza_5930014091766152297.png/170x170bb.png]
08-05 04:03:05.562 28577 29307 D ApOkHttpUrlLoader: buildLoadData() called with: model = [https://is5-ssl.mzstatic.com/image/thumb/Podcasts113/v4/fd/54/6e/fd546ea0-7ab2-e3f0-6049-884d82917af9/mza_4855349695799758348.jpeg/170x170bb.png], width = [224], height = [224]
08-05 04:03:05.562 28577 29312 D ApOkHttpUrlLoader: no credentials for 'https://is5-ssl.mzstatic.com/image/thumb/Podcasts114/v4/93/cf/99/93cf9960-fff3-205e-6655-72c03ddeccb2/mza_10545582232493904175.jpeg/170x170bb.png'
08-05 04:03:05.562 28577 29313 D ApOkHttpUrlLoader: no credentials for 'https://is4-ssl.mzstatic.com/image/thumb/Podcasts124/v4/49/a4/91/49a491b7-3daf-c5dc-d7c6-6c4f1486955c/mza_5930014091766152297.png/170x170bb.png'
08-05 04:03:05.564 28577 29314 D DBReader: getImageAuthentication() called with: imageUrl = [https://is5-ssl.mzstatic.com/image/thumb/Podcasts113/v4/fd/54/6e/fd546ea0-7ab2-e3f0-6049-884d82917af9/mza_4855349695799758348.jpeg/170x170bb.png]
08-05 04:03:05.565 28577 29309 D ApOkHttpUrlLoader: buildLoadData() called with: model = [https://is2-ssl.mzstatic.com/image/thumb/Podcasts114/v4/b3/4c/cf/b34ccfc2-cea4-1ca1-0fad-7793af301cc5/mza_2466085192629456364.jpg/170x170bb.png], width = [224], height = [224]
08-05 04:03:05.565 28577 29314 D ApOkHttpUrlLoader: no credentials for 'https://is5-ssl.mzstatic.com/image/thumb/Podcasts113/v4/fd/54/6e/fd546ea0-7ab2-e3f0-6049-884d82917af9/mza_4855349695799758348.jpeg/170x170bb.png'
08-05 04:03:05.567 28577 29315 D DBReader: getImageAuthentication() called with: imageUrl = [https://is2-ssl.mzstatic.com/image/thumb/Podcasts114/v4/b3/4c/cf/b34ccfc2-cea4-1ca1-0fad-7793af301cc5/mza_2466085192629456364.jpg/170x170bb.png]
08-05 04:03:05.569 28577 29315 D ApOkHttpUrlLoader: no credentials for 'https://is2-ssl.mzstatic.com/image/thumb/Podcasts114/v4/b3/4c/cf/b34ccfc2-cea4-1ca1-0fad-7793af301cc5/mza_2466085192629456364.jpg/170x170bb.png'
08-05 04:03:05.583 28577 28589 I art     : Starting a blocking GC Explicit
08-05 04:03:05.608 28577 28589 I art     : Explicit concurrent mark sweep GC freed 14577(983KB) AllocSpace objects, 11(828KB) LOS objects, 39% free, 24MB/40MB, paused 851us total 23.955ms
08-05 04:03:05.616 28577 28589 I art     : Starting a blocking GC Explicit
08-05 04:03:05.637 28577 28589 I art     : Explicit concurrent mark sweep GC freed 586(31KB) AllocSpace objects, 0(0B) LOS objects, 39% free, 24MB/40MB, paused 825us total 20.941ms
08-05 04:03:05.645 28577 28589 I art     : Starting a blocking GC Explicit
08-05 04:03:05.668 28577 28589 I art     : Explicit concurrent mark sweep GC freed 52(2416B) AllocSpace objects, 0(0B) LOS objects, 39% free, 24MB/40MB, paused 909us total 22.750ms
08-05 04:03:05.676 28577 28589 I art     : Starting a blocking GC Explicit
08-05 04:03:05.701 28577 28589 I art     : Explicit concurrent mark sweep GC freed 6478(334KB) AllocSpace objects, 2(120KB) LOS objects, 39% free, 24MB/40MB, paused 825us total 24.321ms
08-05 04:03:05.710 28577 28589 I art     : Starting a blocking GC Explicit
08-05 04:03:05.733 28577 28589 I art     : Explicit concurrent mark sweep GC freed 5478(308KB) AllocSpace objects, 1(80KB) LOS objects, 39% free, 24MB/40MB, paused 826us total 23.375ms
08-05 04:03:05.900 28577 29306 D MYTAG   : interceptor 2a
08-05 04:03:05.900 28577 29306 I NAPPA_EXPERIMENTATION: MetricNetworkRequestExecutionTime: REQUEST_DURATION_SYSTEM='350',REQUEST_DURATION_OKHTTP='186',REQUEST_SYNCHRONOUS='TRUE',RESPONSE_CODE='200',RESPONSE_METHOD='GET',RESPONSE_LENGTH_OKHTTP='26177',RESPONSE_LENGTH_HEADER='26177',REQUEST_PROTOCOL='h2',REQUEST_URL='https://is4-ssl.mzstatic.com/image/thumb/Podcasts114/v4/3f/16/74/3f167426-bf50-ce3a-d709-e4301620fc5b/mza_5832671293059882550.jpeg/170x170bb.png',
08-05 04:03:05.928 28577 29308 D MYTAG   : interceptor 2a
08-05 04:03:05.929 28577 29308 I NAPPA_EXPERIMENTATION: MetricNetworkRequestExecutionTime: REQUEST_DURATION_SYSTEM='375',REQUEST_DURATION_OKHTTP='215',REQUEST_SYNCHRONOUS='TRUE',RESPONSE_CODE='200',RESPONSE_METHOD='GET',RESPONSE_LENGTH_OKHTTP='45995',RESPONSE_LENGTH_HEADER='45995',REQUEST_PROTOCOL='h2',REQUEST_URL='https://is4-ssl.mzstatic.com/image/thumb/Podcasts113/v4/e5/8a/10/e58a108f-f5d0-f622-c94a-13f66edd570c/mza_3025981348644196724.jpg/170x170bb.png',
08-05 04:03:05.985 28577 29314 D MYTAG   : interceptor 2a
08-05 04:03:05.986 28577 29314 I NAPPA_EXPERIMENTATION: MetricNetworkRequestExecutionTime: REQUEST_DURATION_SYSTEM='419',REQUEST_DURATION_OKHTTP='226',REQUEST_SYNCHRONOUS='TRUE',RESPONSE_CODE='200',RESPONSE_METHOD='GET',RESPONSE_LENGTH_OKHTTP='54835',RESPONSE_LENGTH_HEADER='54835',REQUEST_PROTOCOL='h2',REQUEST_URL='https://is5-ssl.mzstatic.com/image/thumb/Podcasts113/v4/fd/54/6e/fd546ea0-7ab2-e3f0-6049-884d82917af9/mza_4855349695799758348.jpeg/170x170bb.png',
08-05 04:03:05.992 28577 29315 D MYTAG   : interceptor 2a
08-05 04:03:05.992 28577 29315 I NAPPA_EXPERIMENTATION: MetricNetworkRequestExecutionTime: REQUEST_DURATION_SYSTEM='423',REQUEST_DURATION_OKHTTP='211',REQUEST_SYNCHRONOUS='TRUE',RESPONSE_CODE='200',RESPONSE_METHOD='GET',RESPONSE_LENGTH_OKHTTP='42299',RESPONSE_LENGTH_HEADER='42299',REQUEST_PROTOCOL='h2',REQUEST_URL='https://is2-ssl.mzstatic.com/image/thumb/Podcasts114/v4/b3/4c/cf/b34ccfc2-cea4-1ca1-0fad-7793af301cc5/mza_2466085192629456364.jpg/170x170bb.png',
08-05 04:03:05.999 28577 28588 I art     : Starting a blocking GC Explicit
08-05 04:03:06.025 28577 28588 I art     : Explicit concurrent mark sweep GC freed 18784(974KB) AllocSpace objects, 1(20KB) LOS objects, 38% free, 25MB/41MB, paused 807us total 25.672ms
08-05 04:03:06.033 28577 29313 D MYTAG   : interceptor 2a
08-05 04:03:06.034 28577 29313 I NAPPA_EXPERIMENTATION: MetricNetworkRequestExecutionTime: REQUEST_DURATION_SYSTEM='471',REQUEST_DURATION_OKHTTP='253',REQUEST_SYNCHRONOUS='TRUE',RESPONSE_CODE='200',RESPONSE_METHOD='GET',RESPONSE_LENGTH_OKHTTP='12000',RESPONSE_LENGTH_HEADER='12000',REQUEST_PROTOCOL='h2',REQUEST_URL='https://is4-ssl.mzstatic.com/image/thumb/Podcasts124/v4/49/a4/91/49a491b7-3daf-c5dc-d7c6-6c4f1486955c/mza_5930014091766152297.png/170x170bb.png',
08-05 04:03:06.034 28577 28588 I art     : Starting a blocking GC Explicit
08-05 04:03:06.041 28577 29311 D MYTAG   : interceptor 2a
08-05 04:03:06.041 28577 29311 I NAPPA_EXPERIMENTATION: MetricNetworkRequestExecutionTime: REQUEST_DURATION_SYSTEM='480',REQUEST_DURATION_OKHTTP='258',REQUEST_SYNCHRONOUS='TRUE',RESPONSE_CODE='200',RESPONSE_METHOD='GET',RESPONSE_LENGTH_OKHTTP='48239',RESPONSE_LENGTH_HEADER='48239',REQUEST_PROTOCOL='h2',REQUEST_URL='https://is2-ssl.mzstatic.com/image/thumb/Podcasts113/v4/a9/39/cc/a939ccc5-6d60-0c11-0a4c-16d71cdef89b/mza_8787577209688278658.jpg/170x170bb.png',
08-05 04:03:06.059 28577 28588 I art     : Explicit concurrent mark sweep GC freed 1364(72KB) AllocSpace objects, 0(0B) LOS objects, 38% free, 25MB/41MB, paused 725us total 24.520ms
08-05 04:03:06.067 28577 28588 I art     : Starting a blocking GC Explicit
08-05 04:03:06.089 28577 29312 D MYTAG   : interceptor 2a
08-05 04:03:06.089 28577 29312 I NAPPA_EXPERIMENTATION: MetricNetworkRequestExecutionTime: REQUEST_DURATION_SYSTEM='526',REQUEST_DURATION_OKHTTP='287',REQUEST_SYNCHRONOUS='TRUE',RESPONSE_CODE='200',RESPONSE_METHOD='GET',RESPONSE_LENGTH_OKHTTP='22351',RESPONSE_LENGTH_HEADER='22351',REQUEST_PROTOCOL='h2',REQUEST_URL='https://is5-ssl.mzstatic.com/image/thumb/Podcasts114/v4/93/cf/99/93cf9960-fff3-205e-6655-72c03ddeccb2/mza_10545582232493904175.jpeg/170x170bb.png',
08-05 04:03:06.089 28577 28588 I art     : Explicit concurrent mark sweep GC freed 350(15KB) AllocSpace objects, 0(0B) LOS objects, 37% free, 26MB/42MB, paused 752us total 22.058ms
08-05 04:03:06.097 28577 28588 I art     : Starting a blocking GC Explicit
08-05 04:03:06.120 28577 28588 I art     : Explicit concurrent mark sweep GC freed 589(32KB) AllocSpace objects, 0(0B) LOS objects, 37% free, 26MB/42MB, paused 971us total 22.289ms
08-05 04:03:06.128 28577 28588 I art     : Starting a blocking GC Explicit
08-05 04:03:06.149 28577 28588 I art     : Explicit concurrent mark sweep GC freed 97(3KB) AllocSpace objects, 0(0B) LOS objects, 37% free, 26MB/42MB, paused 616us total 20.770ms
08-05 04:03:06.445 28577 29119 I art     : Starting a blocking GC Explicit
08-05 04:03:06.480 28577 29119 I art     : Explicit concurrent mark sweep GC freed 1623(95KB) AllocSpace objects, 1(20KB) LOS objects, 37% free, 26MB/42MB, paused 764us total 34.598ms
08-05 04:03:06.492 28577 29119 I art     : Starting a blocking GC Explicit
08-05 04:03:06.516 28577 29119 I art     : Explicit concurrent mark sweep GC freed 35(1136B) AllocSpace objects, 0(0B) LOS objects, 37% free, 26MB/42MB, paused 627us total 23.965ms
08-05 04:03:06.525 28577 29119 I art     : Starting a blocking GC Explicit
08-05 04:03:06.550 28577 29119 I art     : Explicit concurrent mark sweep GC freed 3(96B) AllocSpace objects, 0(0B) LOS objects, 37% free, 26MB/42MB, paused 633us total 24.381ms
08-05 04:03:06.559 28577 29119 I art     : Starting a blocking GC Explicit
08-05 04:03:06.584 28577 29119 I art     : Explicit concurrent mark sweep GC freed 3(96B) AllocSpace objects, 0(0B) LOS objects, 37% free, 26MB/42MB, paused 628us total 24.598ms
08-05 04:03:06.593 28577 29119 I art     : Starting a blocking GC Explicit
08-05 04:03:06.618 28577 29119 I art     : Explicit concurrent mark sweep GC freed 3(96B) AllocSpace objects, 0(0B) LOS objects, 37% free, 26MB/42MB, paused 676us total 24.333ms
08-05 04:03:06.948 28577 28589 I art     : Starting a blocking GC Explicit
08-05 04:03:06.979 28577 28589 I art     : Explicit concurrent mark sweep GC freed 1588(94KB) AllocSpace objects, 1(20KB) LOS objects, 37% free, 26MB/42MB, paused 646us total 29.684ms
08-05 04:03:06.988 28577 28589 I art     : Starting a blocking GC Explicit
08-05 04:03:07.013 28577 28589 I art     : Explicit concurrent mark sweep GC freed 35(1136B) AllocSpace objects, 0(0B) LOS objects, 37% free, 26MB/42MB, paused 626us total 24.557ms
08-05 04:03:07.022 28577 28589 I art     : Starting a blocking GC Explicit
08-05 04:03:07.047 28577 28589 I art     : Explicit concurrent mark sweep GC freed 3(96B) AllocSpace objects, 0(0B) LOS objects, 37% free, 26MB/42MB, paused 656us total 24.439ms
08-05 04:03:07.056 28577 28589 I art     : Starting a blocking GC Explicit
08-05 04:03:07.081 28577 28589 I art     : Explicit concurrent mark sweep GC freed 3(96B) AllocSpace objects, 0(0B) LOS objects, 37% free, 26MB/42MB, paused 737us total 24.849ms
08-05 04:03:07.091 28577 28589 I art     : Starting a blocking GC Explicit
08-05 04:03:07.114 28577 28589 I art     : Explicit concurrent mark sweep GC freed 4(128B) AllocSpace objects, 0(0B) LOS objects, 37% free, 26MB/42MB, paused 616us total 23.036ms
08-05 04:03:07.423 28577 29119 I art     : Starting a blocking GC Explicit
08-05 04:03:07.448 28577 29119 I art     : Explicit concurrent mark sweep GC freed 1644(96KB) AllocSpace objects, 1(20KB) LOS objects, 37% free, 26MB/42MB, paused 847us total 24.508ms
08-05 04:03:07.457 28577 29119 I art     : Starting a blocking GC Explicit
08-05 04:03:07.481 28577 29119 I art     : Explicit concurrent mark sweep GC freed 35(1136B) AllocSpace objects, 0(0B) LOS objects, 37% free, 26MB/42MB, paused 637us total 24.497ms
08-05 04:03:07.490 28577 29119 I art     : Starting a blocking GC Explicit
08-05 04:03:07.515 28577 29119 I art     : Explicit concurrent mark sweep GC freed 3(96B) AllocSpace objects, 0(0B) LOS objects, 37% free, 26MB/42MB, paused 631us total 24.111ms
08-05 04:03:07.524 28577 29119 I art     : Starting a blocking GC Explicit
