08-05 04:03:34.590 28577 28598 D CustomInterceptor: NETWORK-PROVIDER http://joeroganexp.joerogan.libsynpro.com/rss
08-05 04:03:34.590 28577 28598 D Nappa   : F1_SCORE list_url_prefetched - (already in) - http://joeroganexp.joerogan.libsynpro.com/rss
08-05 04:03:34.590 28577 28598 D Nappa   : -------------F1_SCORE #16 -----------
08-05 04:03:34.590 28577 28598 D Nappa   : F1_SCORE - Intercept list (6)= [https://itunes.apple.com/en/rss/toppodcasts/limit=25/explicit=true/json, https://itunes.apple.com/us/rss/toppodcasts/limit=25/explicit=true/json, https://itunes.apple.com/lookup?id=1524080195, https://rss.art19.com/nice-white-parents, https://itunes.apple.com/lookup?id=360084272, http://joeroganexp.joerogan.libsynpro.com/rss]
08-05 04:03:34.590 28577 28617 D CustomInterceptor: CONTENT <?xml version="1.0" encoding="UTF-8"?>
08-05 04:03:34.590 28577 28617 D CustomInterceptor: <rss version="2.0" xmlns:atom="http://www.w3.org/2005/Atom" xmlns:cc="http://web.resource.org/cc/" xmlns:itunes="http://www.itunes.com/dtds/podcast-1.0.dtd" xmlns:media="http://search.yahoo.com/mrss/" xmlns:content="http://purl.org/rss/1.0/modules/content/" xmlns:rdf="http://www.w3.org/1999/02/22-rdf-syntax-ns#">
08-05 04:03:34.590 28577 28617 D CustomInterceptor: 	<channel>
08-05 04:03:34.590 28577 28617 D CustomInterceptor: 		<atom:link href="http://joeroganexp.joerogan.libsynpro.com/rss" rel="self" type="application/rss+xml"/>
08-05 04:03:34.590 28577 28617 D CustomInterceptor: 		<title>The Joe Rogan Experience</title>
08-05 04:03:34.590 28577 28617 D CustomInterceptor: 		<pubDate>Fri, 24 Jul 2020 19:00:00 +0000</pubDate>
08-05 04:03:34.590 28577 28617 D CustomInterceptor: 		<lastBuildDate>Tue, 28 Jul 2020 00:28:52 +0000</lastBuildDate>
08-05 04:03:34.590 28577 28617 D CustomInterceptor: 		<generator>Libsyn WebEngine 2.0</generator>
08-05 04:03:34.590 28577 28617 D CustomInterceptor: 		<link>https://www.joerogan.com</link>
08-05 04:03:34.590 28577 28617 D CustomInterceptor: 		<language>en</language>
08-05 04:03:34.590 28577 28617 D CustomInterceptor: 		<copyright><![CDATA[Copyright  Talking Monkey Productions ]]></copyright>
08-05 04:03:34.590 28577 28617 D CustomInterceptor: 		<docs>https://www.joerogan.com</docs>
08-05 04:03:34.590 28577 28617 D CustomInterceptor: 		<managingEditor>joe@joerogan.net (joe@joerogan.net)</managingEditor>
08-05 04:03:34.590 28577 28617 D CustomInterceptor: 		<itunes:summary><![CDATA[The podcast of Comedian Joe Rogan..]]></itunes:summary>
08-05 04:03:34.590 28577 28617 D CustomInterceptor: 		<image>
08-05 04:03:34.590 28577 28617 D CustomInterceptor: 			<url>http://static.libsyn.com/p/assets/7/1/f/3/71f3014e14ef2722/JREiTunesImage2.jpg</url>
08-05 04:03:34.590 28577 28617 D CustomInterceptor: 			<title>The Joe Rogan Experience</title>
08-05 04:03:34.590 28577 28617 D CustomInterceptor: 			<link><![CDATA[https://www.joerogan.com]]></link>
08-05 04:03:34.590 28577 28617 D CustomInterceptor: 		</image>
08-05 04:03:34.590 28577 28617 D CustomInterceptor: 		<itunes:author>Joe Rogan</itunes:author>
08-05 04:03:34.590 28577 28617 D CustomInterceptor: 		<itunes:keywords>comedian,joe,monkey,redban,rogan,talking,ufc</itunes:keywords>
08-05 04:03:34.590 28577 28617 D CustomInterceptor: 		<itunes:category text="Comedy"></itunes:category>
08-05 04:03:34.590 28577 28617 D CustomInterceptor: 		<itunes:category text="Society &amp; Culture"></itunes:category>
08-05 04:03:34.590 28577 28617 D CustomInterceptor: 		<itunes:category text="Technology">
08-05 04:03:34.590 28577 28617 D CustomInterceptor: 			<itunes:category text="Podcasting"/>
08-05 04:03:34.590 28577 28617 D CustomInterceptor: 		</itunes:category>
08-05 04:03:34.590 28577 28617 D CustomInterceptor: 		<itunes:image href="http://static.libsyn.com/p/assets/7/1/f/3/71f3014e14ef2722/JREiTunesImage2.jpg" />
08-05 04:03:34.590 28577 28617 D CustomInterceptor: 		<itunes:explicit>yes</itunes:explicit>
08-05 04:03:34.590 28577 28617 D CustomInterceptor: 		<itunes:owner>
08-05 04:03:34.590 28577 28617 D CustomInterceptor: 			<itunes:name><![CDATA[Joe Rogan]]></itunes:name>
08-05 04:03:34.590 28577 28617 D CustomInterceptor: 			<itunes:email>joe@joerogan.net</itunes:email>
08-05 04:03:34.590 28577 28617 D CustomInterceptor: 		</itunes:owner>
08-05 04:03:34.590 28577 28617 D CustomInterceptor: 		<description><![CDATA[The podcast of Comedian Joe Rogan..]]></description>
08-05 04:03:34.590 28577 28617 D CustomInterceptor: 		<itunes:subtitle><![CDATA[Joe Rogan's Weekly Podcast]]></itunes:subtitle>
08-05 04:03:34.590 28577 28617 D CustomInterceptor: 		<itunes:type>episodic</itunes:type>
08-05 04:03:34.590 28577 28617 D CustomInterceptor: 			<itunes:new-feed-url>http://joeroganexp.joerogan.libsynpro.com/rss</itunes:new-feed-url>
08-05 04:03:34.590 28577 28617 D CustomInterceptor: 		
08-05 04:03:34.590 28577 28617 D CustomInterceptor: 
08-05 04:03:34.590 28577 28617 D CustomInterceptor: 
08-05 04:03:34.590 28577 28617 D CustomInterceptor: 		<item>
08-05 04:03:34.590 28577 28617 D CustomInterceptor: 			<title>#1514 - Joe De Sena</title>
08-05 04:03:34.590 28577 28617 D CustomInterceptor: 			<pubDate>Fri, 24 Jul 2020 19:00:00 +0000</pubDate>
08-05 04:03:34.590 28577 28617 D CustomInterceptor: 			<guid isPermaLink="false"><![CDATA[a0870b6b-c887-4883-930c-a06d5e1a8f7e]]></guid>
08-05 04:03:34.590 28577 28617 D CustomInterceptor: 			<link><![CDATA[http://traffic.libsyn.com/joeroganexp/p1514.mp3]]></link>
08-05 04:03:34.590 28577 28617 D CustomInterceptor: 			<itunes:image href="http://static.libsyn.com/p/assets/2/7/8/6/278615fe73b1f0ca/JRE1514.jpg" />
08-05 04:03:34.590 28577 28617 D CustomInterceptor: 			<description><![CDATA[Joe De Sena is the CEO and founder of Spartan and the Death Race. He is also a NY Times best selling author of Spartan Up, Spartan Fit and The Spartan Way.]]></description>
08-05 04:03:34.590 28577 28617 D CustomInterceptor: 			<content:encoded><![CDATA[Joe De Sena is the CEO and founder of Spartan and the Death Race. He is also a NY Times best selling author of Spartan Up, Spartan Fit and The Spartan Way.]]></content:encoded>
08-05 04:03:34.590 28577 28617 D CustomInterceptor: 			<enclosure length="230461633" type="audio/mpeg" url="http://traffic.libsyn.com/joeroganexp/p1514.mp3?dest-id=19997" />
08-05 04:03:34.590 28577 28617 D CustomInterceptor: 			<itunes:duration>02:39:48</itunes:duration>
08-05 04:03:34.590 28577 28617 D CustomInterceptor: 			<itunes:explicit>no</itunes:explicit>
08-05 04:03:34.590 28577 28617 D CustomInterceptor: 			<itunes:keywords>podcast,joe,de,party,experience,freak,rogan,spartan,sena,deathsquad,jre,1514</itunes:keywords>
08-05 04:03:34.590 28577 28617 D CustomInterceptor: 			<itunes:subtitle><![CDATA[Joe De Sena is the CEO and founder of Spartan and the Death Race. He is also a NY Times best selling author of Spartan Up, Spartan Fit and The Spartan Way.]]></itunes:subtitle>
08-05 04:03:34.590 28577 28617 D CustomInterceptor: 			<itunes:episode>1514</itunes:episode>
08-05 04:03:34.590 28577 28617 D CustomInterceptor: 			<itunes:episodeType>full</itunes:episodeType>
08-05 04:03:34.590 28577 28617 D CustomInterceptor: 		</item>
08-05 04:03:34.590 28577 28617 D CustomInterceptor: 		<item>
08-05 04:03:34.590 28577 28617 D CustomInterceptor: 			<title>#1513 - Andrew Huberman</title>
08-05 04:03:34.590 28577 28617 D CustomInterceptor: 			<pubDate>Thu, 23 Jul 2020 19:00:00 +0000</pubDate>
08-05 04:03:34.590 28577 28617 D CustomInterceptor: 			<guid isPermaLink="false"><![CDATA[1123e3f7-2535-4d01-9dfc-470b7f9d5173]]></guid>
08-05 04:03:34.590 28577 28617 D CustomInterceptor: 			<link><![CDATA[http://traffic.libsyn.com/joeroganexp/p1513.mp3]]></link>
08-05 04:03:34.590 28577 28617 D CustomInterceptor: 			<itunes:image href="http://static.libsyn.com/p/assets/2/e/2/9/2e29936a079c8b11/JRE1513.jpg" />
08-05 04:03:34.590 28577 28617 D CustomInterceptor: 			<description><![CDATA[AndrewHubermanis a neuroscientist and tenured professor in the Department of Neurobiology at the Stanford University Schoo
08-05 04:03:34.590 28577 28598 D Nappa   : F1_SCORE - Prefetch list (2)= [https://rss.art19.com/nice-white-parents, http://joeroganexp.joerogan.libsynpro.com/rss]
08-05 04:03:34.590 28577 28598 D Nappa   : F1_SCORE - TP list (2)= [https://rss.art19.com/nice-white-parents, http://joeroganexp.joerogan.libsynpro.com/rss]
08-05 04:03:34.591 28577 28598 D Nappa   : F1_SCORE - FN list (4)= [https://itunes.apple.com/en/rss/toppodcasts/limit=25/explicit=true/json, https://itunes.apple.com/us/rss/toppodcasts/limit=25/explicit=true/json, https://itunes.apple.com/lookup?id=1524080195, https://itunes.apple.com/lookup?id=360084272]
08-05 04:03:34.591 28577 28598 I NAPPA_EXPERIMENTATION: MetricPrefetchingAccuracy: LOG_ID='17',F1_SCORE_1='0.5',F1_SCORE_2='0.5',TRUE_POSITIVE='2',FALSE_POSITIVE='0',FALSE_NEGATIVE='4',
08-05 04:03:34.591 28577 28598 D CustomInterceptor: HEADER REQUEST
08-05 04:03:34.591 28577 28598 D CustomInterceptor: Cache-Control max-age=300, max-stale=300
08-05 04:03:34.591 28577 28617 D CustomInterceptor: interceptor_finished : return_type #2 : request served from cache
08-05 04:03:34.591 28577 28598 D CustomInterceptor: CACHED STATS: size = '5', maxSize = '100', hitCount = '11', createCount = '0', putCount = '7', evictionCount = '0', missCount = '8', toString = 'LruCache[maxSize=100,hits=11,misses=8,hitRate=57%]', 
08-05 04:03:34.591 28577 28598 D CustomInterceptor: PREFLIB GET REQUEST http://joeroganexp.joerogan.libsynpro.com/rss
08-05 04:03:34.591 28577 28598 D CustomInterceptor: PREFLIB found http://joeroganexp.joerogan.libsynpro.com/rss, sending it back
08-05 04:03:34.613 28577 28617 D MYTAG   : interceptor 3a http://joeroganexp.joerogan.libsynpro.com/rss
08-05 04:03:34.613 28577 28617 I NAPPA_EXPERIMENTATION: MetricNetworkRequestExecutionTime: REQUEST_DURATION_SYSTEM='58',REQUEST_DURATION_OKHTTP='0',REQUEST_SYNCHRONOUS='TRUE',RESPONSE_CODE='200',RESPONSE_METHOD='GET',RESPONSE_LENGTH_OKHTTP='2239818',RESPONSE_LENGTH_HEADER='-2',REQUEST_PROTOCOL='http/1.1',REQUEST_URL='http://joeroganexp.joerogan.libsynpro.com/rss',
08-05 04:03:34.613 28577 28617 D HttpDownloader: Response code is 200
08-05 04:03:34.613 28577 28617 D UserPreferences: Using default data folder
08-05 04:03:34.615 28577 28617 D HttpDownloader: Getting size of download
08-05 04:03:34.615 28577 28617 D HttpDownloader: Size is 2239818
08-05 04:03:34.616 28577 28617 D UserPreferences: Using default data folder
08-05 04:03:34.616 28577 28617 D HttpDownloader: Free space is 20228816896
08-05 04:03:34.616 28577 28617 D HttpDownloader: Starting download
08-05 04:03:34.624 28577 28598 D CustomInterceptor: CONTENT <?xml version="1.0" encoding="UTF-8"?>
08-05 04:03:34.624 28577 28598 D CustomInterceptor: <rss version="2.0" xmlns:atom="http://www.w3.org/2005/Atom" xmlns:cc="http://web.resource.org/cc/" xmlns:itunes="http://www.itunes.com/dtds/podcast-1.0.dtd" xmlns:media="http://search.yahoo.com/mrss/" xmlns:content="http://purl.org/rss/1.0/modules/content/" xmlns:rdf="http://www.w3.org/1999/02/22-rdf-syntax-ns#">
08-05 04:03:34.624 28577 28598 D CustomInterceptor: 	<channel>
08-05 04:03:34.624 28577 28598 D CustomInterceptor: 		<atom:link href="http://joeroganexp.joerogan.libsynpro.com/rss" rel="self" type="application/rss+xml"/>
08-05 04:03:34.624 28577 28598 D CustomInterceptor: 		<title>The Joe Rogan Experience</title>
08-05 04:03:34.624 28577 28598 D CustomInterceptor: 		<pubDate>Fri, 24 Jul 2020 19:00:00 +0000</pubDate>
08-05 04:03:34.624 28577 28598 D CustomInterceptor: 		<lastBuildDate>Tue, 28 Jul 2020 00:28:52 +0000</lastBuildDate>
08-05 04:03:34.624 28577 28598 D CustomInterceptor: 		<generator>Libsyn WebEngine 2.0</generator>
08-05 04:03:34.624 28577 28598 D CustomInterceptor: 		<link>https://www.joerogan.com</link>
08-05 04:03:34.624 28577 28598 D CustomInterceptor: 		<language>en</language>
08-05 04:03:34.624 28577 28598 D CustomInterceptor: 		<copyright><![CDATA[Copyright  Talking Monkey Productions ]]></copyright>
08-05 04:03:34.624 28577 28598 D CustomInterceptor: 		<docs>https://www.joerogan.com</docs>
08-05 04:03:34.624 28577 28598 D CustomInterceptor: 		<managingEditor>joe@joerogan.net (joe@joerogan.net)</managingEditor>
08-05 04:03:34.624 28577 28598 D CustomInterceptor: 		<itunes:summary><![CDATA[The podcast of Comedian Joe Rogan..]]></itunes:summary>
08-05 04:03:34.624 28577 28598 D CustomInterceptor: 		<image>
08-05 04:03:34.624 28577 28598 D CustomInterceptor: 			<url>http://static.libsyn.com/p/assets/7/1/f/3/71f3014e14ef2722/JREiTunesImage2.jpg</url>
08-05 04:03:34.624 28577 28598 D CustomInterceptor: 			<title>The Joe Rogan Experience</title>
08-05 04:03:34.624 28577 28598 D CustomInterceptor: 			<link><![CDATA[https://www.joerogan.com]]></link>
08-05 04:03:34.624 28577 28598 D CustomInterceptor: 		</image>
08-05 04:03:34.624 28577 28598 D CustomInterceptor: 		<itunes:author>Joe Rogan</itunes:author>
08-05 04:03:34.624 28577 28598 D CustomInterceptor: 		<itunes:keywords>comedian,joe,monkey,redban,rogan,talking,ufc</itunes:keywords>
08-05 04:03:34.624 28577 28598 D CustomInterceptor: 		<itunes:category text="Comedy"></itunes:category>
08-05 04:03:34.624 28577 28598 D CustomInterceptor: 		<itunes:category text="Society &amp; Culture"></itunes:category>
08-05 04:03:34.624 28577 28598 D CustomInterceptor: 		<itunes:category text="Technology">
08-05 04:03:34.624 28577 28598 D CustomInterceptor: 			<itunes:category text="Podcasting"/>
08-05 04:03:34.624 28577 28598 D CustomInterceptor: 		</itunes:category>
08-05 04:03:34.624 28577 28598 D CustomInterceptor: 		<itunes:image href="http://static.libsyn.com/p/assets/7/1/f/3/71f3014e14ef2722/JREiTunesImage2.jpg" />
08-05 04:03:34.624 28577 28598 D CustomInterceptor: 		<itunes:explicit>yes</itunes:explicit>
08-05 04:03:34.624 28577 28598 D CustomInterceptor: 		<itunes:owner>
08-05 04:03:34.624 28577 28598 D CustomInterceptor: 			<itunes:name><![CDATA[Joe Rogan]]></itunes:name>
08-05 04:03:34.624 28577 28598 D CustomInterceptor: 			<itunes:email>joe@joerogan.net</itunes:email>
08-05 04:03:34.624 28577 28598 D CustomInterceptor: 		</itunes:owner>
08-05 04:03:34.624 28577 28598 D CustomInterceptor: 		<description><![CDATA[The podcast of Comedian Joe Rogan..]]></description>
08-05 04:03:34.624 28577 28598 D CustomInterceptor: 		<itunes:subtitle><![CDATA[Joe Rogan's Weekly Podcast]]></itunes:subtitle>
08-05 04:03:34.624 28577 28598 D CustomInterceptor: 		<itunes:type>episodic</itunes:type>
08-05 04:03:34.624 28577 28598 D CustomInterceptor: 			<itunes:new-feed-url>http://joeroganexp.joerogan.libsynpro.com/rss</itunes:new-feed-url>
08-05 04:03:34.624 28577 28598 D CustomInterceptor: 		
08-05 04:03:34.624 28577 28598 D CustomInterceptor: 
08-05 04:03:34.624 28577 28598 D CustomInterceptor: 
08-05 04:03:34.624 28577 28598 D CustomInterceptor: 		<item>
08-05 04:03:34.624 28577 28598 D CustomInterceptor: 			<title>#1514 - Joe De Sena</title>
08-05 04:03:34.624 28577 28598 D CustomInterceptor: 			<pubDate>Fri, 24 Jul 2020 19:00:00 +0000</pubDate>
08-05 04:03:34.624 28577 28598 D CustomInterceptor: 			<guid isPermaLink="false"><![CDATA[a0870b6b-c887-4883-930c-a06d5e1a8f7e]]></guid>
08-05 04:03:34.624 28577 28598 D CustomInterceptor: 			<link><![CDATA[http://traffic.libsyn.com/joeroganexp/p1514.mp3]]></link>
08-05 04:03:34.624 28577 28598 D CustomInterceptor: 			<itunes:image href="http://static.libsyn.com/p/assets/2/7/8/6/278615fe73b1f0ca/JRE1514.jpg" />
08-05 04:03:34.624 28577 28598 D CustomInterceptor: 			<description><![CDATA[Joe De Sena is the CEO and founder of Spartan and the Death Race. He is also a NY Times best selling author of Spartan Up, Spartan Fit and The Spartan Way.]]></description>
08-05 04:03:34.624 28577 28598 D CustomInterceptor: 			<content:encoded><![CDATA[Joe De Sena is the CEO and founder of Spartan and the Death Race. He is also a NY Times best selling author of Spartan Up, Spartan Fit and The Spartan Way.]]></content:encoded>
08-05 04:03:34.624 28577 28598 D CustomInterceptor: 			<enclosure length="230461633" type="audio/mpeg" url="http://traffic.libsyn.com/joeroganexp/p1514.mp3?dest-id=19997" />
08-05 04:03:34.624 28577 28598 D CustomInterceptor: 			<itunes:duration>02:39:48</itunes:duration>
08-05 04:03:34.624 28577 28598 D CustomInterceptor: 			<itunes:explicit>no</itunes:explicit>
08-05 04:03:34.624 28577 28598 D CustomInterceptor: 			<itunes:keywords>podcast,joe,de,party,experience,freak,rogan,spartan,sena,deathsquad,jre,1514</itunes:keywords>
08-05 04:03:34.624 28577 28598 D CustomInterceptor: 			<itunes:subtitle><![CDATA[Joe De Sena is the CEO and founder of Spartan and the Death Race. He is also a NY Times best selling author of Spartan Up, Spartan Fit and The Spartan Way.]]></itunes:subtitle>
08-05 04:03:34.624 28577 28598 D CustomInterceptor: 			<itunes:episode>1514</itunes:episode>
08-05 04:03:34.624 28577 28598 D CustomInterceptor: 			<itunes:episodeType>full</itunes:episodeType>
08-05 04:03:34.624 28577 28598 D CustomInterceptor: 		</item>
08-05 04:03:34.624 28577 28598 D CustomInterceptor: 		<item>
08-05 04:03:34.624 28577 28598 D CustomInterceptor: 			<title>#1513 - Andrew Huberman</title>
08-05 04:03:34.624 28577 28598 D CustomInterceptor: 			<pubDate>Thu, 23 Jul 2020 19:00:00 +0000</pubDate>
08-05 04:03:34.624 28577 28598 D CustomInterceptor: 			<guid isPermaLink="false"><![CDATA[1123e3f7-2535-4d01-9dfc-470b7f9d5173]]></guid>
08-05 04:03:34.624 28577 28598 D CustomInterceptor: 			<link><![CDATA[http://traffic.libsyn.com/joeroganexp/p1513.mp3]]></link>
08-05 04:03:34.624 28577 28598 D CustomInterceptor: 			<itunes:image href="http://static.libsyn.com/p/assets/2/e/2/9/2e29936a079c8b11/JRE1513.jpg" />
08-05 04:03:34.624 28577 28598 D CustomInterceptor: 			<description><![CDATA[AndrewHubermanis a neuroscientist and tenured professor in the Department of Neurobiology at the Stanford University Schoo
08-05 04:03:34.624 28577 28598 D CustomInterceptor: interceptor_finished : return_type #2 : request served from cache
08-05 04:03:34.648 24365  7398 I NetworkScheduler.Stats: Task com.google.android.gms/com.google.android.gms.icing.service.IcingGcmTaskService started execution. cause:4 exec_start_elapsed_seconds: 1746818 [CONTEXT service_id=218 ]
08-05 04:03:34.650 28577 28598 D MYTAG   : interceptor 3a http://joeroganexp.joerogan.libsynpro.com/rss
08-05 04:03:34.650 28577 28598 D Nappa   : PREFSTRAT2 ADDING NEW ACTEXTRADATA
08-05 04:03:34.652 28577 28598 D Nappa   : PREFSTRAT2 ADDING NEW ACTEXTRADATA
08-05 04:03:34.653 28577 28577 D Nappa   : registerActivity: (already in) nappagreedy.de.danoeh.antennapod.activity.OnlineFeedViewActivity
08-05 04:03:34.653 28577 28577 D ActivityNode: ACTNODE UPDATING AFTER LOADING FROM DB
08-05 04:03:34.653 28577 28577 D ActivityGraph: LARDataCalculatedUpdate nappagreedy.de.danoeh.antennapod.activity.OnlineFeedViewActivity Pagerank: 0.25 HITS-Authority: 1.0 HITS-Hub: 1.0 SALSA-Authority: 1.0 SALSA-Hub: 1.0
08-05 04:03:34.653 28577 28577 D Nappa   : SHOULD_PREFETCH true
08-05 04:03:34.666 24365 21562 I NetworkScheduler.Stats: Task com.google.android.gms/com.google.android.gms.icing.service.IcingGcmTaskService finished executing. cause:4 result: 1 elapsed_millis: 39 uptime_millis: 40 exec_start_elapsed_seconds: 1746818 [CONTEXT service_id=218 ]
08-05 04:03:34.669 28577 28617 D HttpDownloader: Download was successful
08-05 04:03:34.670   918  6029 D WifiService: releaseWifiLockLocked: WifiLock{Downloader type=1 binder=android.os.BinderProxy@a5ea9c6}
08-05 04:03:34.709 24365  7398 I NetworkScheduler.Stats: Task com.google.android.gms/com.google.android.gms.checkin.EventLogService started execution. cause:5 exec_start_elapsed_seconds: 1746818 [CONTEXT service_id=218 ]
08-05 04:03:34.718 28577 28589 I art     : Starting a blocking GC Explicit
08-05 04:03:34.721 24577 31286 I Checkin : [EventLogChimeraService] Opted in for usage reporting: false
08-05 04:03:34.721 24577 31286 I Checkin : [EventLogChimeraService] Aggregate from 1596591131016 (log), 1596591131016 (data)
08-05 04:03:34.748 28577 28589 I art     : Explicit concurrent mark sweep GC freed 1801(5MB) AllocSpace objects, 4(8MB) LOS objects, 32% free, 33MB/49MB, paused 932us total 28.877ms
08-05 04:03:34.753 28577 28577 D Nappa   : registerActivity: (already in) nappagreedy.de.danoeh.antennapod.activity.OnlineFeedViewActivity
08-05 04:03:34.753 28577 28577 D Nappa   : STATS Number of requests not prefetched: 5
08-05 04:03:34.753 28577 28577 D Nappa   : STATS Number of requests prefetched: 4
08-05 04:03:34.753 28577 28577 D Nappa   : STATS Time saved until now: 0.48700002
08-05 04:03:34.756 28577 28589 I art     : Starting a blocking GC Explicit
08-05 04:03:34.759 28577 28598 D Nappa   : registerActivity: (already in) nappagreedy.de.danoeh.antennapod.activity.OnlineFeedViewActivity
08-05 04:03:34.759 28577 28598 D Nappa   : PARENTS 
08-05 04:03:34.759 28577 28598 D Nappa   : Of: nappagreedy.de.danoeh.antennapod.activity.OnlineFeedViewActivity -> 
08-05 04:03:34.759 28577 28598 D Nappa   : PARENTS nappagreedy.de.danoeh.antennapod.activity.MainActivity
08-05 04:03:34.759 28577 28598 D Nappa   : PARENTS has extra: (arg.feedurl, http://joeroganexp.joerogan.libsynpro.com/rss)
08-05 04:03:34.759 28577 28598 D Nappa   : PARENTS value of key 'arg.feedurl' is contained into http://joeroganexp.joerogan.libsynpro.com/rss
08-05 04:03:34.759 28577 28598 D Nappa   : PARENTS PARAM: arg.feedurl
08-05 04:03:34.759 28577 28598 D Nappa   : PARENTS   NODE nappagreedy.de.danoeh.antennapod.activity.OnlineFeedViewActivity ALREADY CONTAINS THIS URL
08-05 04:03:34.759 28577 28598 D Nappa   : PARENTS has extra: (title, iTunes)
08-05 04:03:34.760 28577 28598 D Nappa   : PARENTS nappagreedy.de.danoeh.antennapod.activity.SplashActivity
08-05 04:03:34.761 28577 28577 D OnlineFeedViewActivity: Parsing feed
08-05 04:03:34.762 28577 28577 D ActivityNode: Observer - intent extra - PreferenceActivity
08-05 04:03:34.762 28577 28577 D ActivityNode: Extras:
08-05 04:03:34.762 28577 28577 D ActivityNode: Observer - intent extra - OnlineFeedViewActivity
08-05 04:03:34.762 28577 28577 D ActivityNode: Extras:
08-05 04:03:34.763 28577 28577 D ActivityNode: Observer - intent extra - SplashActivity
08-05 04:03:34.763 28577 28577 D ActivityNode: Extras:
08-05 04:03:34.763 28577 28577 D ActivityNode: Observer - intent extra - MainActivity
08-05 04:03:34.763 28577 28577 D ActivityNode: Extras:
08-05 04:03:34.763 28577 28577 D ActivityNode: 	activity ID 2( key title)
08-05 04:03:34.763 28577 28577 D ActivityNode: 	activity ID 2( key arg.feedurl)
08-05 04:03:34.763 28577 28577 D ActivityNode: 	activity ID 2( key title)
08-05 04:03:34.763 28577 28577 D ActivityNode: 	activity ID 2( key arg.feedurl)
08-05 04:03:34.763 28577 28577 D ActivityNode: 	activity ID 2( key title)
08-05 04:03:34.763 28577 28577 D ActivityNode: 	activity ID 2( key arg.feedurl)
08-05 04:03:34.763 28577 28577 D ActivityNode: 	activity ID 2( key title)
08-05 04:03:34.763 28577 28577 D ActivityNode: 	activity ID 2( key arg.feedurl)
08-05 04:03:34.763 28577 28577 D ActivityNode: 	activity ID 2( key title)
08-05 04:03:34.763 28577 28577 D ActivityNode: 	activity ID 2( key arg.feedurl)
08-05 04:03:34.763 28577 28577 D ActivityNode: 	activity ID 2( key nappagreedy.de.danoeh.antennapod.extra.feedId)
08-05 04:03:34.763 28577 28577 D ActivityNode: 	activity ID 2( key nappagreedy.de.danoeh.antennapod.extra.feedId)
08-05 04:03:34.763 28577 28577 D ActivityNode: 	activity ID 2( key title)
08-05 04:03:34.763 28577 28577 D ActivityNode: 	activity ID 2( key arg.feedurl)
08-05 04:03:34.763 28577 28577 D ActivityNode: 	activity ID 2( key title)
08-05 04:03:34.763 28577 28577 D ActivityNode: 	activity ID 2( key arg.feedurl)
08-05 04:03:34.763 28577 28577 D ActivityNode: 	activity ID 2( key title)
08-05 04:03:34.763 28577 28577 D ActivityNode: 	activity ID 2( key arg.feedurl)
08-05 04:03:34.763 28577 28577 D ActivityNode: 	activity ID 2( key title)
08-05 04:03:34.763 28577 28577 D ActivityNode: 	activity ID 2( key arg.feedurl)
08-05 04:03:34.763 28577 28577 D ActivityNode: 	activity ID 2( key title)
08-05 04:03:34.763 28577 28577 D ActivityNode: 	activity ID 2( key arg.feedurl)
08-05 04:03:34.763 28577 28577 D ActivityNode: 	activity ID 2( key title)
08-05 04:03:34.763 28577 28577 D ActivityNode: 	activity ID 2( key arg.feedurl)
08-05 04:03:34.763 28577 28577 D ActivityNode: 	activity ID 2( key title)
08-05 04:03:34.763 28577 28577 D ActivityNode: 	activity ID 2( key arg.feedurl)
08-05 04:03:34.763 28577 28577 D ActivityNode: 	activity ID 2( key title)
08-05 04:03:34.763 28577 28577 D ActivityNode: 	activity ID 2( key arg.feedurl)
08-05 04:03:34.763 28577 28577 D ActivityNode: 	activity ID 2( key nappagreedy.de.danoeh.antennapod.extra.feedId)
08-05 04:03:34.763 28577 28577 D ActivityNode: 	activity ID 2( key nappagreedy.de.danoeh.antennapod.extra.feedId)
08-05 04:03:34.763 28577 28577 D ActivityNode: 	activity ID 2( key title)
08-05 04:03:34.763 28577 28577 D ActivityNode: 	activity ID 2( key arg.feedurl)
08-05 04:03:34.763 28577 28577 D ActivityNode: 	activity ID 2( key title)
08-05 04:03:34.763 28577 28577 D ActivityNode: 	activity ID 2( key arg.feedurl)
08-05 04:03:34.763 28577 28577 D ActivityNode: 	activity ID 2( key title)
08-05 04:03:34.763 28577 28577 D ActivityNode: 	activity ID 2( key arg.feedurl)
08-05 04:03:34.763 28577 28577 D ActivityNode: 	activity ID 2( key title)
08-05 04:03:34.763 28577 28577 D ActivityNode: 	activity ID 2( key arg.feedurl)
08-05 04:03:34.763 28577 28577 D ActivityNode: 	activity ID 2( key title)
08-05 04:03:34.763 28577 28577 D ActivityNode: 	activity ID 2( key arg.feedurl)
08-05 04:03:34.763 28577 28577 D ActivityNode: 	activity ID 2( key title)
08-05 04:03:34.763 28577 28577 D ActivityNode: 	activity ID 2( key arg.feedurl)
08-05 04:03:34.763 28577 28577 D ActivityNode: Observer - intent extra - FeedSettingsActivity
08-05 04:03:34.763 28577 28577 D ActivityNode: Extras:
08-05 04:03:34.764 28577 28577 D ActivityNode: Observer - intent extra - FeedInfoActivity
08-05 04:03:34.764 28577 28577 D ActivityNode: Extras:
08-05 04:03:34.764 28577 28577 D ActivityNode: Observer - visit time - MainActivity - New aggregate visit time found is 181034 ms
08-05 04:03:34.769 28577 30071 D TypeGetter: Recognized type RSS 2.0
08-05 04:03:34.772 28577 30071 D SyndHandler: Recognized Atom namespace
08-05 04:03:34.772 28577 30071 D SyndHandler: Recognized ITunes namespace
08-05 04:03:34.772 28577 30071 D SyndHandler: Recognized media namespace
08-05 04:03:34.772 28577 30071 D SyndHandler: Recognized Content namespace
08-05 04:03:34.785 28577 28589 I art     : Explicit concurrent mark sweep GC freed 1711(230KB) AllocSpace objects, 3(60KB) LOS objects, 32% free, 33MB/49MB, paused 1.162ms total 28.750ms
08-05 04:03:34.794 28577 28589 I art     : Starting a blocking GC Explicit
08-05 04:03:34.808 13866 13866 I GoogleInputMethodServic: GoogleInputMethodService.onFinishInput():3138 
08-05 04:03:34.809 13866 13866 I GoogleInputMethodServic: GoogleInputMethodService.onStartInput():1808 
08-05 04:03:34.822 28577 28589 I art     : Explicit concurrent mark sweep GC freed 2565(139KB) AllocSpace objects, 0(0B) LOS objects, 32% free, 33MB/49MB, paused 1.459ms total 27.749ms
08-05 04:03:34.831   918   936 I ActivityManager: Displayed nappagreedy.de.danoeh.antennapod.debug/nappagreedy.de.danoeh.antennapod.activity.OnlineFeedViewActivity: +306ms
08-05 04:03:34.832 28577 28589 I art     : Starting a blocking GC Explicit
08-05 04:03:34.852 28577 28618 D OpenGLRenderer: endAllStagingAnimators on 0x7f94c33400 (GridView) with handle 0x7f7c4d4100
08-05 04:03:34.860 28577 28598 D Nappa   : registerActivity: (already in) nappagreedy.de.danoeh.antennapod.activity.OnlineFeedViewActivity
08-05 04:03:34.860 28577 28598 D Nappa   : PARENTS 
08-05 04:03:34.860 28577 28598 D Nappa   : Of: nappagreedy.de.danoeh.antennapod.activity.OnlineFeedViewActivity -> 
08-05 04:03:34.860 28577 28598 D Nappa   : PARENTS nappagreedy.de.danoeh.antennapod.activity.MainActivity
08-05 04:03:34.860 28577 28598 D Nappa   : PARENTS has extra: (arg.feedurl, http://joeroganexp.joerogan.libsynpro.com/rss)
08-05 04:03:34.860 28577 28598 D Nappa   : PARENTS value of key 'arg.feedurl' is contained into http://joeroganexp.joerogan.libsynpro.com/rss
08-05 04:03:34.860 28577 28598 D Nappa   : PARENTS PARAM: arg.feedurl
08-05 04:03:34.860 28577 28598 D Nappa   : PARENTS   NODE nappagreedy.de.danoeh.antennapod.activity.OnlineFeedViewActivity ALREADY CONTAINS THIS URL
08-05 04:03:34.860 28577 28598 D Nappa   : PARENTS has extra: (title, iTunes)
08-05 04:03:34.860 28577 28598 D Nappa   : PARENTS nappagreedy.de.danoeh.antennapod.activity.SplashActivity
08-05 04:03:34.861 28577 28589 I art     : Explicit concurrent mark sweep GC freed 2770(139KB) AllocSpace objects, 0(0B) LOS objects, 32% free, 33MB/49MB, paused 1.252ms total 28.657ms
08-05 04:03:34.867 28577 28577 D ActivityNode: Observer - session data - sourceSplashActivity
08-05 04:03:34.867 28577 28577 D ActivityNode: destinations:
08-05 04:03:34.867 28577 28577 D ActivityNode: 	nappagreedy.de.danoeh.antennapod.activity.MainActivity( count 3)
08-05 04:03:34.867 28577 28577 D ActivityNode: Observer - session data - sourceMainActivity
08-05 04:03:34.867 28577 28577 D ActivityNode: destinations:
08-05 04:03:34.867 28577 28577 D ActivityNode: 	nappagreedy.de.danoeh.antennapod.activity.PreferenceActivity( count 3)
08-05 04:03:34.867 28577 28577 D ActivityNode: 	nappagreedy.de.danoeh.antennapod.activity.OnlineFeedViewActivity( count 19)
08-05 04:03:34.867 28577 28577 D ActivityNode: 	nappagreedy.de.danoeh.antennapod.activity.FeedSettingsActivity( count 2)
08-05 04:03:34.867 28577 28577 D ActivityNode: 	nappagreedy.de.danoeh.antennapod.activity.FeedInfoActivity( count 2)
08-05 04:03:34.868 28577 28577 D ActivityNode: Observer - session data - sourcePreferenceActivity
08-05 04:03:34.868 28577 28577 D ActivityNode: destinations:
08-05 04:03:34.869 28577 28577 D ActivityNode: Observer - session data - sourceFeedSettingsActivity
08-05 04:03:34.869 28577 28577 D ActivityNode: destinations:
08-05 04:03:34.870 28577 28577 D ActivityNode: Observer - session data - sourceFeedInfoActivity
08-05 04:03:34.870 28577 28577 D ActivityNode: destinations:
08-05 04:03:34.870 28577 28577 D ActivityNode: Observer - session data - sourceOnlineFeedViewActivity
08-05 04:03:34.870 28577 28577 D ActivityNode: destinations:
08-05 04:03:34.873 28577 28589 I art     : Starting a blocking GC Explicit
08-05 04:03:34.901 28577 28589 I art     : Explicit concurrent mark sweep GC freed 3185(174KB) AllocSpace objects, 0(0B) LOS objects, 32% free, 33MB/49MB, paused 1.176ms total 28.161ms
08-05 04:03:34.953 28577 28598 D Nappa   : PREFETCH_ON_EXTRA - setCurrentActivity - logs - from extra - made prediction istrue
08-05 04:03:34.953 28577 28598 D Nappa   : PREFETCH_ON_EXTRA - setCurrentActivity - logs - from extra - start
08-05 04:03:34.953 28577 28598 D Nappa   : setCurrentActivity - MetricStrategyAccuracy - checking prediction VS current activity for extras
08-05 04:03:34.953 28577 28598 D GreedyPrefetchingStrategyOnVisitFrequencyAndTime: MetricStrategyAccuracy inc hits count3 | from extra
08-05 04:03:34.953 28577 28598 I NAPPA_EXPERIMENTATION: MetricStrategyAccuracy: LOG_ID='7',EXECUTION_COUNT='7',CASES_COUNT='7',HIT_PERCENTAGE_TOTAL='42.857142857142854',HIT_PERCENTAGE_WHEN_PREDICTED='75.0',HIT_COUNT='3',MISS_COUNT='1',INSUFFICIENT_SCORE_COUNT='0',EXCEPTION_COUNT='0',NO_SUCCESSOR_COUNT='3',
08-05 04:03:34.953 28577 28598 D Nappa   : PREFETCH_ON_EXTRA - setCurrentActivity - logs - from extra- finished
08-05 04:03:35.049   512  2967 D audio_hw_primary: disable_audio_route: reset and update mixer path: low-latency-playback speaker
08-05 04:03:35.051   512  2967 D audio_hw_primary: disable_snd_device: snd_device(2: speaker)
08-05 04:03:35.062   512  2967 I soundtrigger: audio_extn_sound_trigger_update_device_status: device 0x2 of type 0 for Event 0
08-05 04:03:35.067   380   380 W SurfaceFlinger: couldn't log to binary event log: overflow.
08-05 04:03:35.171 28577 29119 I art     : Starting a blocking GC Explicit
08-05 04:03:35.204 28577 28577 D PlaybackController: Releasing PlaybackController
08-05 04:03:35.206 28577 29119 I art     : Explicit concurrent mark sweep GC freed 24350(1308KB) AllocSpace objects, 1(20KB) LOS objects, 31% free, 34MB/50MB, paused 1.197ms total 33.984ms
08-05 04:03:35.217 28577 29119 I art     : Starting a blocking GC Explicit
08-05 04:03:35.247 28577 29119 I art     : Explicit concurrent mark sweep GC freed 7862(381KB) AllocSpace objects, 0(0B) LOS objects, 32% free, 33MB/49MB, paused 1.437ms total 29.931ms
08-05 04:03:35.253 28577 28598 D Nappa   : PREFETCH_ON_EXTRA - setCurrentActivity - starting new prediction
08-05 04:03:35.254 28577 28598 D Nappa   : Current node - currentActivityName - nappagreedy.de.danoeh.antennapod.activity.OnlineFeedViewActivity
08-05 04:03:35.254 28577 28598 D Nappa   : Current node - activityGraph.getCurrent() - nappagreedy.de.danoeh.antennapod.activity.OnlineFeedViewActivity
08-05 04:03:35.254 28577 28598 I NAPPA_EXPERIMENTATION: MetricNappaPrefetchingStrategyExecutionTime: STRATEGY_CLASS='GreedyPrefetchingStrategyOnVisitFrequencyAndTime',DURATION='43385',NUMBER_OF_URLS='0',NUMBER_OF_SELECTED_CHILDREN_NODES='0',NUMBER_OF_CHILDREN_NODES='0',STRATEGY_RUN_SUCCESSFULLY='True',
08-05 04:03:35.254 28577 28598 D GreedyPrefetchingStrategyOnVisitFrequencyAndTime: ==================================
08-05 04:03:35.254 28577 28598 D GreedyPrefetchingStrategyOnVisitFrequencyAndTime: Starting Run #8
08-05 04:03:35.254 28577 28598 D GreedyPrefetchingStrategyOnVisitFrequencyAndTime: ----------------------------------
08-05 04:03:35.254 28577 28598 D GreedyPrefetchingStrategyOnVisitFrequencyAndTime: Node data OnlineFeedViewActivity 
08-05 04:03:35.254 28577 28598 D GreedyPrefetchingStrategyOnVisitFrequencyAndTime: 	Successors:
08-05 04:03:35.254 28577 28598 D GreedyPrefetchingStrategyOnVisitFrequencyAndTime: 
08-05 04:03:35.254 28577 28598 D GreedyPrefetchingStrategyOnVisitFrequencyAndTime: 	Ancestors:
08-05 04:03:35.254 28577 28598 D GreedyPrefetchingStrategyOnVisitFrequencyAndTime: 		MainActivity (0 hits)
08-05 04:03:35.254 28577 28598 D GreedyPrefetchingStrategyOnVisitFrequencyAndTime: 
08-05 04:03:35.254 28577 28598 D GreedyPrefetchingStrategyOnVisitFrequencyAndTime: MetricStrategyAccuracy inc execution count8 | act = true; extra = false
08-05 04:03:35.254 28577 28598 D GreedyPrefetchingStrategyOnVisitFrequencyAndTime: MetricStrategyAccuracy inc no sucessor count4 | act = true; extra = false
08-05 04:03:35.254 28577 28598 D GreedyPrefetchingStrategyOnVisitFrequencyAndTime: ------------- Recursion #1 -----------
08-05 04:03:35.254 28577 28598 D GreedyPrefetchingStrategyOnVisitFrequencyAndTime: Best successors so far []
08-05 04:03:35.254 28577 28598 D GreedyPrefetchingStrategyOnVisitFrequencyAndTime: Checking node OnlineFeedViewActivity with 0 successors
08-05 04:03:35.254 28577 28598 D GreedyPrefetchingStrategyOnVisitFrequencyAndTime: this node has no successors
08-05 04:03:35.254 28577 28598 D GreedyPrefetchingStrategyOnVisitFrequencyAndTime: Next visited child will be []
08-05 04:03:35.254 28577 28598 D GreedyPrefetchingStrategyOnVisitFrequencyAndTime: ==================================
08-05 04:03:35.254 28577 28598 D Nappa   : PREFETCH_ON_EXTRA - setCurrentActivity - finished new prediction
08-05 04:03:35.256 28577 29119 I art     : Starting a blocking GC Explicit
08-05 04:03:35.284 28577 29119 I art     : Explicit concurrent mark sweep GC freed 5076(254KB) AllocSpace objects, 0(0B) LOS objects, 32% free, 33MB/49MB, paused 1.110ms total 27.877ms
08-05 04:03:35.293 28577 29119 I art     : Starting a blocking GC Explicit
08-05 04:03:35.321 28577 29119 I art     : Explicit concurrent mark sweep GC freed 2939(150KB) AllocSpace objects, 0(0B) LOS objects, 32% free, 33MB/49MB, paused 1.104ms total 27.995ms
08-05 04:03:35.330 28577 29119 I art     : Starting a blocking GC Explicit
08-05 04:03:35.359 28577 29119 I art     : Explicit concurrent mark sweep GC freed 2862(148KB) AllocSpace objects, 0(0B) LOS objects, 32% free, 33MB/49MB, paused 1.164ms total 27.919ms
08-05 04:03:35.621 28577 28588 I art     : Starting a blocking GC Explicit
08-05 04:03:35.656 28577 28588 I art     : Explicit concurrent mark sweep GC freed 24080(1276KB) AllocSpace objects, 1(20KB) LOS objects, 31% free, 34MB/50MB, paused 1.213ms total 34.524ms
08-05 04:03:35.666 28577 28588 I art     : Starting a blocking GC Explicit
08-05 04:03:35.689   518   646 I ThermalEngine: ACTION: GPU - Setting GPU[0] to 450000000
08-05 04:03:35.707 28577 28588 I art     : Explicit concurrent mark sweep GC freed 5028(257KB) AllocSpace objects, 0(0B) LOS objects, 31% free, 34MB/50MB, paused 2.014ms total 40.899ms
08-05 04:03:35.720 28577 28588 I art     : Starting a blocking GC Explicit
08-05 04:03:35.757 28577 28588 I art     : Explicit concurrent mark sweep GC freed 8095(386KB) AllocSpace objects, 0(0B) LOS objects, 31% free, 34MB/50MB, paused 1.601ms total 37.597ms
08-05 04:03:35.770 28577 28588 I art     : Starting a blocking GC Explicit
08-05 04:03:35.807 28577 28588 I art     : Explicit concurrent mark sweep GC freed 2870(160KB) AllocSpace objects, 0(0B) LOS objects, 31% free, 34MB/50MB, paused 1.519ms total 37.126ms
08-05 04:03:35.819 28577 28588 I art     : Starting a blocking GC Explicit
08-05 04:03:35.856 28577 28588 I art     : Explicit concurrent mark sweep GC freed 3018(157KB) AllocSpace objects, 0(0B) LOS objects, 31% free, 34MB/50MB, paused 1.624ms total 36.823ms
08-05 04:03:36.145 28577 28589 I art     : Starting a blocking GC Explicit
08-05 04:03:36.190 28577 28589 I art     : Explicit concurrent mark sweep GC freed 19839(1071KB) AllocSpace objects, 1(20KB) LOS objects, 31% free, 35MB/51MB, paused 1.601ms total 44.537ms
08-05 04:03:36.190 28577 28587 I art     : WaitForGcToComplete blocked for 38.094ms for cause HeapTrim
08-05 04:03:36.203 28577 28589 I art     : Starting a blocking GC Explicit
08-05 04:03:36.243 28577 28589 I art     : Explicit concurrent mark sweep GC freed 6226(308KB) AllocSpace objects, 0(0B) LOS objects, 31% free, 35MB/51MB, paused 1.647ms total 39.564ms
08-05 04:03:36.256 28577 28589 I art     : Starting a blocking GC Explicit
08-05 04:03:36.294 28577 28589 I art     : Explicit concurrent mark sweep GC freed 5427(270KB) AllocSpace objects, 0(0B) LOS objects, 31% free, 35MB/51MB, paused 1.550ms total 38.072ms
08-05 04:03:36.307 28577 28589 I art     : Starting a blocking GC Explicit
08-05 04:03:36.345 28577 28589 I art     : Explicit concurrent mark sweep GC freed 3040(161KB) AllocSpace objects, 0(0B) LOS objects, 31% free, 35MB/51MB, paused 1.508ms total 38.435ms
08-05 04:03:36.358 28577 28589 I art     : Starting a blocking GC Explicit
08-05 04:03:36.397 28577 28589 I art     : Explicit concurrent mark sweep GC freed 3075(163KB) AllocSpace objects, 0(0B) LOS objects, 31% free, 35MB/51MB, paused 1.591ms total 38.319ms
08-05 04:03:36.683 28577 28589 I art     : Starting a blocking GC Explicit
08-05 04:03:36.729 28577 28589 I art     : Explicit concurrent mark sweep GC freed 19853(1091KB) AllocSpace objects, 1(20KB) LOS objects, 30% free, 35MB/51MB, paused 1.693ms total 45.093ms
08-05 04:03:36.742 28577 28589 I art     : Starting a blocking GC Explicit
08-05 04:03:36.760   918  6029 I AccountManagerService: getTypesVisibleToCaller: isPermitted? true
08-05 04:03:36.770 24577 31286 I Checkin : [ServiceDumpSys] dumping service [account]
08-05 04:03:36.784 28577 28589 I art     : Explicit concurrent mark sweep GC freed 6448(311KB) AllocSpace objects, 0(0B) LOS objects, 30% free, 35MB/51MB, paused 1.680ms total 41.530ms
08-05 04:03:36.788 24365 21562 I NetworkScheduler.Stats: Task com.google.android.gms/com.google.android.gms.checkin.EventLogService finished executing. cause:5 result: 1 elapsed_millis: 2095 uptime_millis: 2096 exec_start_elapsed_seconds: 1746818 [CONTEXT service_id=218 ]
08-05 04:03:36.793   918  4413 I AccountManagerService: getTypesVisibleToCaller: isPermitted? true
08-05 04:03:36.797 28577 28589 I art     : Starting a blocking GC Explicit
08-05 04:03:36.838 28577 28589 I art     : Explicit concurrent mark sweep GC freed 5111(247KB) AllocSpace objects, 0(0B) LOS objects, 30% free, 35MB/51MB, paused 1.861ms total 40.788ms
08-05 04:03:36.851 28577 28589 I art     : Starting a blocking GC Explicit
08-05 04:03:36.894 28577 28589 I art     : Explicit concurrent mark sweep GC freed 3261(168KB) AllocSpace objects, 0(0B) LOS objects, 30% free, 35MB/51MB, paused 1.769ms total 42.941ms
08-05 04:03:36.908 28577 28589 I art     : Starting a blocking GC Explicit
08-05 04:03:36.950 28577 28589 I art     : Explicit concurrent mark sweep GC freed 3401(176KB) AllocSpace objects, 0(0B) LOS objects, 30% free, 35MB/51MB, paused 1.820ms total 42.309ms
08-05 04:03:37.097 24254 24254 I ServiceManager: Waiting for service AtCmdFwd...
08-05 04:03:37.276 28577 29119 I art     : Starting a blocking GC Explicit
08-05 04:03:37.333 28577 29119 I art     : Explicit concurrent mark sweep GC freed 21997(1086KB) AllocSpace objects, 1(20KB) LOS objects, 30% free, 36MB/52MB, paused 1.976ms total 56.351ms
08-05 04:03:37.349 28577 29119 I art     : Starting a blocking GC Explicit
08-05 04:03:37.398 28577 29119 I art     : Explicit concurrent mark sweep GC freed 4107(184KB) AllocSpace objects, 0(0B) LOS objects, 30% free, 36MB/52MB, paused 2.127ms total 48.696ms
08-05 04:03:37.412 28577 29119 I art     : Starting a blocking GC Explicit
08-05 04:03:37.457 28577 29119 I art     : Explicit concurrent mark sweep GC freed 9203(410KB) AllocSpace objects, 0(0B) LOS objects, 30% free, 36MB/52MB, paused 1.935ms total 45.421ms
08-05 04:03:37.471 28577 29119 I art     : Starting a blocking GC Explicit
08-05 04:03:37.519 28577 29119 I art     : Explicit concurrent mark sweep GC freed 3603(164KB) AllocSpace objects, 0(0B) LOS objects, 30% free, 36MB/52MB, paused 1.931ms total 46.789ms
08-05 04:03:37.533 28577 29119 I art     : Starting a blocking GC Explicit
08-05 04:03:37.581 28577 29119 I art     : Explicit concurrent mark sweep GC freed 3679(175KB) AllocSpace objects, 0(0B) LOS objects, 30% free, 36MB/52MB, paused 1.853ms total 47.325ms
08-05 04:03:37.645 28577 30071 D OnlineFeedViewActivity: Deleted feed source file. Result: true
08-05 04:03:37.655 28577 28577 D OnlineFeedViewActivity: Removing HTML from shownotes
08-05 04:03:37.887 28577 28589 I art     : Starting a blocking GC Explicit
08-05 04:03:37.943 28577 28589 I art     : Explicit concurrent mark sweep GC freed 48550(3MB) AllocSpace objects, 216(14MB) LOS objects, 29% free, 38MB/54MB, paused 1.715ms total 56.069ms
08-05 04:03:37.959 28577 28589 I art     : Starting a blocking GC Explicit
08-05 04:03:38.016 28577 28589 I art     : Explicit concurrent mark sweep GC freed 49331(4MB) AllocSpace objects, 218(14MB) LOS objects, 29% free, 38MB/54MB, paused 1.911ms total 56.584ms
08-05 04:03:38.032 28577 28589 I art     : Starting a blocking GC Explicit
08-05 04:03:38.090 28577 28589 I art     : Explicit concurrent mark sweep GC freed 50826(4MB) AllocSpace objects, 229(15MB) LOS objects, 29% free, 38MB/54MB, paused 1.717ms total 57.935ms
08-05 04:03:38.098 24254 24254 I ServiceManager: Waiting for service AtCmdFwd...
08-05 04:03:38.107 28577 28589 I art     : Starting a blocking GC Explicit
08-05 04:03:38.165 28577 28589 I art     : Explicit concurrent mark sweep GC freed 49961(4MB) AllocSpace objects, 261(17MB) LOS objects, 28% free, 39MB/55MB, paused 1.899ms total 57.933ms
08-05 04:03:38.181 28577 28589 I art     : Starting a blocking GC Explicit
08-05 04:03:38.219 28577 28577 I Choreographer: Skipped 33 frames!  The application may be doing too much work on its main thread.
08-05 04:03:38.236 28577 28589 I art     : Explicit concurrent mark sweep GC freed 32391(3MB) AllocSpace objects, 225(14MB) LOS objects, 30% free, 36MB/52MB, paused 2.021ms total 54.479ms
08-05 04:03:38.572 28577 28654 I art     : Starting a blocking GC Explicit
08-05 04:03:38.624 28577 28654 I art     : Explicit concurrent mark sweep GC freed 2648(154KB) AllocSpace objects, 1(20KB) LOS objects, 30% free, 36MB/52MB, paused 1.396ms total 51.759ms
08-05 04:03:38.642 28577 28654 I art     : Starting a blocking GC Explicit
08-05 04:03:38.689 28577 28654 I art     : Explicit concurrent mark sweep GC freed 494(23KB) AllocSpace objects, 1(112KB) LOS objects, 30% free, 36MB/52MB, paused 1.307ms total 47.042ms
08-05 04:03:38.704 28577 28654 I art     : Starting a blocking GC Explicit
08-05 04:03:38.751 28577 28654 I art     : Explicit concurrent mark sweep GC freed 3(96B) AllocSpace objects, 0(0B) LOS objects, 30% free, 36MB/52MB, paused 1.481ms total 47.236ms
08-05 04:03:38.766 28577 28654 I art     : Starting a blocking GC Explicit
08-05 04:03:38.815 28577 28654 I art     : Explicit concurrent mark sweep GC freed 3(96B) AllocSpace objects, 0(0B) LOS objects, 30% free, 36MB/52MB, paused 1.415ms total 48.560ms
08-05 04:03:38.830 28577 28654 I art     : Starting a blocking GC Explicit
08-05 04:03:38.883 28577 28654 I art     : Explicit concurrent mark sweep GC freed 3(96B) AllocSpace objects, 0(0B) LOS objects, 30% free, 36MB/52MB, paused 1.380ms total 51.890ms
08-05 04:03:39.098 24254 24254 I ServiceManager: Waiting for service AtCmdFwd...
08-05 04:03:39.200 30147 30147 D AndroidRuntime: >>>>>> START com.android.internal.os.RuntimeInit uid 2000 <<<<<<
08-05 04:03:39.207 30147 30147 D AndroidRuntime: CheckJNI is OFF
08-05 04:03:39.219   918  3261 D WifiStateMachine: starting scan for "H369AA63323"WPA_PSK with 2412,5180
08-05 04:03:39.225 28577 28589 I art     : Starting a blocking GC Explicit
08-05 04:03:39.251 30147 30147 D ICU     : No timezone override file found: /data/misc/zoneinfo/current/icu/icu_tzdata.dat
08-05 04:03:39.275 28577 28589 I art     : Explicit concurrent mark sweep GC freed 1597(95KB) AllocSpace objects, 1(20KB) LOS objects, 30% free, 36MB/52MB, paused 1.408ms total 50.015ms
08-05 04:03:39.290 28577 28589 I art     : Starting a blocking GC Explicit
08-05 04:03:39.298 30147 30147 I Radio-JNI: register_android_hardware_Radio DONE
08-05 04:03:39.327 30147 30147 D AndroidRuntime: Calling main entry com.android.commands.input.Input
08-05 04:03:39.330 30147 30147 I Input   : injectKeyEvent: KeyEvent { action=ACTION_DOWN, keyCode=KEYCODE_BACK, scanCode=0, metaState=0, flags=0x0, repeatCount=0, eventTime=763435742, downTime=763435742, deviceId=-1, source=0x101 }
08-05 04:03:39.335 30147 3014