08-04 20:04:22.226 14941 15930 D Nappa   : F1_SCORE - Intercept list (5)= [https://oauth.reddit.com/r/askscience/about.json, https://oauth.reddit.com/r/askscience/hot/.json, https://oauth.reddit.com/comments/gvc7k9/.json?sort=confidence, https://oauth.reddit.com/comments/hwnhe2/.json?sort=confidence, https://oauth.reddit.com/comments/hza888/.json?sort=confidence]
08-04 20:04:22.226 14941 15930 D Nappa   : F1_SCORE - Prefetch list (0)= []
08-04 20:04:22.226 14941 15930 D Nappa   : F1_SCORE - TP list (0)= []
08-04 20:04:22.226 14941 15930 D Nappa   : F1_SCORE - FN list (5)= [https://oauth.reddit.com/r/askscience/about.json, https://oauth.reddit.com/r/askscience/hot/.json, https://oauth.reddit.com/comments/gvc7k9/.json?sort=confidence, https://oauth.reddit.com/comments/hwnhe2/.json?sort=confidence, https://oauth.reddit.com/comments/hza888/.json?sort=confidence]
08-04 20:04:22.226 14941 15930 I NAPPA_EXPERIMENTATION: MetricPrefetchingAccuracy: LOG_ID='7',F1_SCORE_1='0.0',F1_SCORE_2='0.0',TRUE_POSITIVE='0',FALSE_POSITIVE='0',FALSE_NEGATIVE='5',
08-04 20:04:22.226 14941 15930 D CustomInterceptor: HEADER REQUEST
08-04 20:04:22.227 14941 15930 D CustomInterceptor: Authorization bearer -vv7wE75CCVZuUmgJJFxR34x-bqc
08-04 20:04:22.227 14941 15930 D CustomInterceptor: Cache-Control max-age=300, max-stale=300
08-04 20:04:22.227 14941 15930 D CustomInterceptor: User-Agent nappagreedy.org.quantumbadger.redreader/1.9.10
08-04 20:04:22.227 14941 15930 D CustomInterceptor: CACHED STATS: size = '4', maxSize = '100', hitCount = '4', createCount = '0', putCount = '4', evictionCount = '0', missCount = '5', toString = 'LruCache[maxSize=100,hits=4,misses=5,hitRate=44%]', 
08-04 20:04:22.227 14941 15930 D CustomInterceptor: PREFLIB NOT A GET REQUEST OR NOT IN CACHEGET
08-04 20:04:22.325 14941 14941 D Nappa   : registerActivity: (already in) nappagreedy.org.quantumbadger.redreader.activities.CommentListingActivity
08-04 20:04:22.325 14941 14941 D ActivityNode: ACTNODE UPDATING AFTER LOADING FROM DB
08-04 20:04:22.325 14941 14941 D ActivityGraph: LARDataCalculatedUpdate nappagreedy.org.quantumbadger.redreader.activities.CommentListingActivity Pagerank: 0.25 HITS-Authority: 1.0 HITS-Hub: 1.0 SALSA-Authority: 1.0 SALSA-Hub: 1.0
08-04 20:04:22.325 14941 14941 D Nappa   : SHOULD_PREFETCH true
08-04 20:04:22.326 14941 14963 D Nappa   : registerActivity: (already in) nappagreedy.org.quantumbadger.redreader.activities.CommentListingActivity
08-04 20:04:22.326 14941 14963 D Nappa   : PARENTS 
08-04 20:04:22.326 14941 14963 D Nappa   : Of: nappagreedy.org.quantumbadger.redreader.activities.CommentListingActivity -> 
08-04 20:04:22.326 14941 14963 D Nappa   : PARENTS nappagreedy.org.quantumbadger.redreader.activities.PostListingActivity
08-04 20:04:22.326 14941 14963 D Nappa   : PARENTS nappagreedy.org.quantumbadger.redreader.activities.MainActivity
08-04 20:04:22.425 14941 14953 I art     : Starting a blocking GC Explicit
08-04 20:04:22.426 14941 14941 D Nappa   : registerActivity: (already in) nappagreedy.org.quantumbadger.redreader.activities.CommentListingActivity
08-04 20:04:22.426 14941 14941 D Nappa   : STATS Number of requests not prefetched: 5
08-04 20:04:22.426 14941 14941 D Nappa   : STATS Number of requests prefetched: 0
08-04 20:04:22.426 14941 14941 D Nappa   : STATS Time saved until now: 0.0
08-04 20:04:22.458 14941 14953 I art     : Explicit concurrent mark sweep GC freed 6127(334KB) AllocSpace objects, 1(20KB) LOS objects, 37% free, 27MB/43MB, paused 462us total 32.766ms
08-04 20:04:22.470 14941 14953 I art     : Starting a blocking GC Explicit
08-04 20:04:22.501 14941 14941 D ActivityNode: Observer - visit time - PostListingActivity - New aggregate visit time found is 246588 ms
08-04 20:04:22.502 14941 14953 I art     : Explicit concurrent mark sweep GC freed 1161(46KB) AllocSpace objects, 0(0B) LOS objects, 37% free, 27MB/43MB, paused 631us total 31.396ms
08-04 20:04:22.509   918   936 I ActivityManager: Displayed nappagreedy.org.quantumbadger.redreader/.activities.CommentListingActivity: +311ms
08-04 20:04:22.512 13866 13866 I GoogleInputMethodServic: GoogleInputMethodService.onFinishInput():3138 
08-04 20:04:22.513 14941 14941 D ActivityNode: Observer - session data - sourceWebViewActivity
08-04 20:04:22.513 14941 14941 D ActivityNode: destinations:
08-04 20:04:22.513 14941 14941 D ActivityNode: Observer - session data - sourceCommentListingActivity
08-04 20:04:22.513 14941 14941 D ActivityNode: destinations:
08-04 20:04:22.513 14941 14941 D ActivityNode: Observer - session data - sourcePostListingActivity
08-04 20:04:22.513 14941 14941 D ActivityNode: destinations:
08-04 20:04:22.513 14941 14941 D ActivityNode: 	nappagreedy.org.quantumbadger.redreader.activities.CommentListingActivity( count 43)
08-04 20:04:22.513 14941 14941 D ActivityNode: 	nappagreedy.org.quantumbadger.redreader.activities.WebViewActivity( count 12)
08-04 20:04:22.513 14941 14941 D ActivityNode: 	nappagreedy.org.quantumbadger.redreader.activities.ImageViewActivity( count 4)
08-04 20:04:22.513 13866 13866 I GoogleInputMethodServic: GoogleInputMethodService.onStartInput():1808 
08-04 20:04:22.513 14941 14941 D ActivityNode: Observer - session data - sourceMainActivity
08-04 20:04:22.513 14941 14941 D ActivityNode: destinations:
08-04 20:04:22.513 14941 14941 D ActivityNode: 	nappagreedy.org.quantumbadger.redreader.activities.PostListingActivity( count 25)
08-04 20:04:22.513 14941 14941 D ActivityNode: Observer - session data - sourceImageViewActivity
08-04 20:04:22.513 14941 14941 D ActivityNode: destinations:
08-04 20:04:22.513 14941 14941 D ActivityNode: 	nappagreedy.org.quantumbadger.redreader.activities.WebViewActivity( count 4)
08-04 20:04:22.514 14941 14953 I art     : Starting a blocking GC Explicit
08-04 20:04:22.547 14941 14953 I art     : Explicit concurrent mark sweep GC freed 418(25KB) AllocSpace objects, 0(0B) LOS objects, 37% free, 27MB/43MB, paused 474us total 32.592ms
08-04 20:04:22.561 14941 14953 I art     : Starting a blocking GC Explicit
08-04 20:04:22.588 14941 15930 D CustomInterceptor: CACHE_CONTROL SETTING NEW MAX-AGE
08-04 20:04:22.589 14941 14953 I art     : Explicit concurrent mark sweep GC freed 568(59KB) AllocSpace objects, 0(0B) LOS objects, 37% free, 27MB/43MB, paused 428us total 28.365ms
08-04 20:04:22.589 14941 15930 D CustomInterceptor: HEADER RESPONSE
08-04 20:04:22.590 14941 15930 D CustomInterceptor: accept-ranges bytes
08-04 20:04:22.590 14941 15930 D CustomInterceptor: access-control-allow-origin *
08-04 20:04:22.590 14941 15930 D CustomInterceptor: access-control-expose-headers X-Moose
08-04 20:04:22.590 14941 15930 D CustomInterceptor: Cache-Control public, immutable, max-age=300, only-if-cached, max-stale=300
08-04 20:04:22.590 14941 15930 D CustomInterceptor: content-type application/json; charset=UTF-8
08-04 20:04:22.590 14941 15930 D CustomInterceptor: date Tue, 04 Aug 2020 18:04:18 GMT
08-04 20:04:22.590 14941 15930 D CustomInterceptor: Expires Tue, 04 Aug 2020 18:09:22 GMT+00:00
08-04 20:04:22.590 14941 15930 D CustomInterceptor: server snooserv
08-04 20:04:22.590 14941 15930 D CustomInterceptor: set-cookie edgebucket=LKnLgPYOLUB3z1lV7h; Domain=reddit.com; Max-Age=63071999; Path=/; secure=
08-04 20:04:22.590 14941 15930 D CustomInterceptor: strict-transport-security max-age=15552000; includeSubDomains; preload
08-04 20:04:22.590 14941 15930 D CustomInterceptor: vary accept-encoding
08-04 20:04:22.590 14941 15930 D CustomInterceptor: via 1.1 varnish
08-04 20:04:22.591 14941 15930 D CustomInterceptor: x-content-type-options nosniff
08-04 20:04:22.591 14941 15930 D CustomInterceptor: x-frame-options SAMEORIGIN
08-04 20:04:22.591 14941 15930 D CustomInterceptor: x-moose majestic
08-04 20:04:22.591 14941 15930 D CustomInterceptor: x-ua-compatible IE=edge
08-04 20:04:22.591 14941 15930 D CustomInterceptor: x-xss-protection 1; mode=block
08-04 20:04:22.591 14941 15930 D CustomInterceptor: CACHEABLE true
08-04 20:04:22.591 14941 15930 D CustomInterceptor: REQ https://oauth.reddit.com/comments/hza888/.json?sort=confidence
08-04 20:04:22.591 14941 15930 D CustomInterceptor: REQ_SERV_BY net
08-04 20:04:22.591 14941 15930 D CustomInterceptor: PREFLIB Adding response to lrucache - https://oauth.reddit.com/comments/hza888/.json?sort=confidence
08-04 20:04:22.602 14941 14953 I art     : Starting a blocking GC Explicit
08-04 20:04:22.605 14941 15930 D CustomInterceptor: interceptor_finished : return_type #3 : request served from remote and added to cache
08-04 20:04:22.611 14941 15930 I NAPPA_EXPERIMENTATION: MetricNetworkRequestExecutionTime: REQUEST_DURATION_SYSTEM='385',REQUEST_DURATION_OKHTTP='0',REQUEST_SYNCHRONOUS='TRUE',RESPONSE_CODE='200',RESPONSE_METHOD='GET',RESPONSE_LENGTH_OKHTTP='212376',RESPONSE_LENGTH_HEADER='-2',REQUEST_PROTOCOL='h2',REQUEST_URL='https://oauth.reddit.com/comments/hza888/.json?sort=confidence',
08-04 20:04:22.611 14941 15930 D OK      : request got status: 200
08-04 20:04:22.615 14941 15525 I CommentListingActivity: COMMENTS session changed to 2fe05077-11d4-4577-8325-ebaf2910161e
08-04 20:04:22.625 14941 14963 D Nappa   : PREFETCH_ON_EXTRA - setCurrentActivity - logs - from extra - made prediction isfalse
08-04 20:04:22.637 14941 14953 I art     : Explicit concurrent mark sweep GC freed 2359(395KB) AllocSpace objects, 1(208KB) LOS objects, 35% free, 28MB/44MB, paused 1.010ms total 35.027ms
08-04 20:04:22.749   512  2967 D audio_hw_primary: disable_audio_route: reset and update mixer path: low-latency-playback speaker
08-04 20:04:22.751   512  2967 D audio_hw_primary: disable_snd_device: snd_device(2: speaker)
08-04 20:04:22.759   512  2967 I soundtrigger: audio_extn_sound_trigger_update_device_status: device 0x2 of type 0 for Event 0
08-04 20:04:22.760   380   380 W SurfaceFlinger: couldn't log to binary event log: overflow.
08-04 20:04:22.893 14941 14954 I art     : Starting a blocking GC Explicit
08-04 20:04:22.926 14941 14963 D Nappa   : PREFETCH_ON_EXTRA - setCurrentActivity - starting new prediction
08-04 20:04:22.927 14941 14963 D Nappa   : Current node - currentActivityName - nappagreedy.org.quantumbadger.redreader.activities.CommentListingActivity
08-04 20:04:22.927 14941 14963 D Nappa   : Current node - activityGraph.getCurrent() - nappagreedy.org.quantumbadger.redreader.activities.CommentListingActivity
08-04 20:04:22.927 14941 14963 I NAPPA_EXPERIMENTATION: MetricNappaPrefetchingStrategyExecutionTime: STRATEGY_CLASS='GreedyPrefetchingStrategyOnVisitFrequencyAndTime',DURATION='166354',NUMBER_OF_URLS='0',NUMBER_OF_SELECTED_CHILDREN_NODES='0',NUMBER_OF_CHILDREN_NODES='0',STRATEGY_RUN_SUCCESSFULLY='True',
08-04 20:04:22.927 14941 14963 D GreedyPrefetchingStrategyOnVisitFrequencyAndTime: ==================================
08-04 20:04:22.927 14941 14963 D GreedyPrefetchingStrategyOnVisitFrequencyAndTime: Starting Run #4
08-04 20:04:22.928 14941 14963 D GreedyPrefetchingStrategyOnVisitFrequencyAndTime: ----------------------------------
08-04 20:04:22.928 14941 14963 D GreedyPrefetchingStrategyOnVisitFrequencyAndTime: Node data CommentListingActivity 
08-04 20:04:22.928 14941 14963 D GreedyPrefetchingStrategyOnVisitFrequencyAndTime: 	Successors:
08-04 20:04:22.928 14941 14963 D GreedyPrefetchingStrategyOnVisitFrequencyAndTime: 
08-04 20:04:22.928 14941 14963 D GreedyPrefetchingStrategyOnVisitFrequencyAndTime: 	Ancestors:
08-04 20:04:22.928 14941 14963 D GreedyPrefetchingStrategyOnVisitFrequencyAndTime: 		PostListingActivity (0 hits)
08-04 20:04:22.928 14941 14963 D GreedyPrefetchingStrategyOnVisitFrequencyAndTime: 
08-04 20:04:22.928 14941 14963 D GreedyPrefetchingStrategyOnVisitFrequencyAndTime: MetricStrategyAccuracy inc execution count4 | act = true; extra = false
08-04 20:04:22.928 14941 14963 D GreedyPrefetchingStrategyOnVisitFrequencyAndTime: MetricStrategyAccuracy inc no sucessor count3 | act = true; extra = false
08-04 20:04:22.928 14941 14963 D GreedyPrefetchingStrategyOnVisitFrequencyAndTime: ------------- Recursion #1 -----------
08-04 20:04:22.928 14941 14963 D GreedyPrefetchingStrategyOnVisitFrequencyAndTime: Best successors so far []
08-04 20:04:22.928 14941 14963 D GreedyPrefetchingStrategyOnVisitFrequencyAndTime: Checking node CommentListingActivity with 0 successors
08-04 20:04:22.928 14941 14963 D GreedyPrefetchingStrategyOnVisitFrequencyAndTime: this node has no successors
08-04 20:04:22.928 14941 14963 D GreedyPrefetchingStrategyOnVisitFrequencyAndTime: Next visited child will be []
08-04 20:04:22.928 14941 14963 D GreedyPrefetchingStrategyOnVisitFrequencyAndTime: ==================================
08-04 20:04:22.928 14941 14963 D Nappa   : PREFETCH_ON_EXTRA - setCurrentActivity - finished new prediction
08-04 20:04:22.935 14941 14954 I art     : Explicit concurrent mark sweep GC freed 17529(1240KB) AllocSpace objects, 5(780KB) LOS objects, 35% free, 28MB/44MB, paused 415us total 41.631ms
08-04 20:04:22.952 14941 14954 I art     : Starting a blocking GC Explicit
08-04 20:04:22.986 14941 14954 I art     : Explicit concurrent mark sweep GC freed 94(4KB) AllocSpace objects, 0(0B) LOS objects, 35% free, 28MB/44MB, paused 317us total 33.324ms
08-04 20:04:23.000 14941 14954 I art     : Starting a blocking GC Explicit
08-04 20:04:23.034 14941 14954 I art     : Explicit concurrent mark sweep GC freed 3(96B) AllocSpace objects, 0(0B) LOS objects, 35% free, 28MB/44MB, paused 321us total 33.623ms
08-04 20:04:23.049 14941 14954 I art     : Starting a blocking GC Explicit
08-04 20:04:23.086 14941 14954 I art     : Explicit concurrent mark sweep GC freed 3(96B) AllocSpace objects, 0(0B) LOS objects, 35% free, 28MB/44MB, paused 332us total 36.613ms
08-04 20:04:23.100 14941 14954 I art     : Starting a blocking GC Explicit
08-04 20:04:23.138 14941 14954 I art     : Explicit concurrent mark sweep GC freed 3(96B) AllocSpace objects, 0(0B) LOS objects, 35% free, 28MB/44MB, paused 414us total 37.480ms
08-04 20:04:23.427 14941 14954 I art     : Starting a blocking GC Explicit
08-04 20:04:23.466 14941 14954 I art     : Explicit concurrent mark sweep GC freed 1547(93KB) AllocSpace objects, 1(20KB) LOS objects, 35% free, 28MB/44MB, paused 343us total 39.509ms
08-04 20:04:23.481 14941 14954 I art     : Starting a blocking GC Explicit
08-04 20:04:23.520 14941 14954 I art     : Explicit concurrent mark sweep GC freed 74(2848B) AllocSpace objects, 0(0B) LOS objects, 35% free, 28MB/44MB, paused 364us total 39.023ms
08-04 20:04:23.535 14941 14954 I art     : Starting a blocking GC Explicit
08-04 20:04:23.575 14941 14954 I art     : Explicit concurrent mark sweep GC freed 3(96B) AllocSpace objects, 0(0B) LOS objects, 35% free, 28MB/44MB, paused 374us total 40.090ms
08-04 20:04:23.590 14941 14954 I art     : Starting a blocking GC Explicit
08-04 20:04:23.630 14941 14954 I art     : Explicit concurrent mark sweep GC freed 3(96B) AllocSpace objects, 0(0B) LOS objects, 35% free, 28MB/44MB, paused 372us total 40.093ms
08-04 20:04:23.645 14941 14954 I art     : Starting a blocking GC Explicit
08-04 20:04:23.685 14941 14954 I art     : Explicit concurrent mark sweep GC freed 3(96B) AllocSpace objects, 0(0B) LOS objects, 35% free, 28MB/44MB, paused 371us total 40.471ms
08-04 20:04:24.005 14941 14953 I art     : Starting a blocking GC Explicit
08-04 20:04:24.055 14941 14953 I art     : Explicit concurrent mark sweep GC freed 1546(92KB) AllocSpace objects, 1(20KB) LOS objects, 35% free, 28MB/44MB, paused 375us total 49.988ms
08-04 20:04:24.074 14941 14953 I art     : Starting a blocking GC Explicit
08-04 20:04:24.105   918  3188 I hubconnection: sensorhub said: 'set_bias 3: -5.6736, 0.0000, 0.0000'
08-04 20:04:24.116 14941 14953 I art     : Explicit concurrent mark sweep GC freed 28(1024B) AllocSpace objects, 0(0B) LOS objects, 35% free, 28MB/44MB, paused 360us total 41.571ms
08-04 20:04:24.130 14941 14953 I art     : Starting a blocking GC Explicit
08-04 20:04:24.171 14941 14953 I art     : Explicit concurrent mark sweep GC freed 3(96B) AllocSpace objects, 0(0B) LOS objects, 35% free, 28MB/44MB, paused 366us total 40.578ms
08-04 20:04:24.186 14941 14953 I art     : Starting a blocking GC Explicit
08-04 20:04:24.227 14941 14953 I art     : Explicit concurrent mark sweep GC freed 3(96B) AllocSpace objects, 0(0B) LOS objects, 35% free, 28MB/44MB, paused 398us total 41.248ms
08-04 20:04:24.242 14941 14953 I art     : Starting a blocking GC Explicit
08-04 20:04:24.282 14941 14953 I art     : Explicit concurrent mark sweep GC freed 3(96B) AllocSpace objects, 0(0B) LOS objects, 35% free, 28MB/44MB, paused 358us total 40.106ms
08-04 20:04:24.562 14941 15461 I art     : Starting a blocking GC Explicit
08-04 20:04:24.602 14941 15461 I art     : Explicit concurrent mark sweep GC freed 1546(92KB) AllocSpace objects, 1(20KB) LOS objects, 35% free, 28MB/44MB, paused 360us total 40.101ms
08-04 20:04:24.617 14941 15461 I art     : Starting a blocking GC Explicit
08-04 20:04:24.656 14941 15461 I art     : Explicit concurrent mark sweep GC freed 28(1024B) AllocSpace objects, 0(0B) LOS objects, 35% free, 28MB/44MB, paused 384us total 38.796ms
08-04 20:04:24.670 14941 15461 I art     : Starting a blocking GC Explicit
08-04 20:04:24.707 14941 15461 I art     : Explicit concurrent mark sweep GC freed 3(96B) AllocSpace objects, 0(0B) LOS objects, 35% free, 28MB/44MB, paused 382us total 37.152ms
08-04 20:04:24.721 14941 15461 I art     : Starting a blocking GC Explicit
08-04 20:04:24.759 14941 15461 I art     : Explicit concurrent mark sweep GC freed 3(96B) AllocSpace objects, 0(0B) LOS objects, 35% free, 28MB/44MB, paused 348us total 38.199ms
08-04 20:04:24.773 14941 15461 I art     : Starting a blocking GC Explicit
08-04 20:04:24.811 14941 15461 I art     : Explicit concurrent mark sweep GC freed 3(96B) AllocSpace objects, 0(0B) LOS objects, 35% free, 28MB/44MB, paused 359us total 37.244ms
08-04 20:04:24.871 15975 15975 D AndroidRuntime: >>>>>> START com.android.internal.os.RuntimeInit uid 2000 <<<<<<
08-04 20:04:24.876 15975 15975 D AndroidRuntime: CheckJNI is OFF
08-04 20:04:24.911 15975 15975 D ICU     : No timezone override file found: /data/misc/zoneinfo/current/icu/icu_tzdata.dat
08-04 20:04:24.944 15975 15975 I Radio-JNI: register_android_hardware_Radio DONE
08-04 20:04:24.967 15975 15975 D AndroidRuntime: Calling main entry com.android.commands.input.Input
08-04 20:04:24.969 15975 15975 I Input   : injectKeyEvent: KeyEvent { action=ACTION_DOWN, keyCode=KEYCODE_BACK, scanCode=0, metaState=0, flags=0x0, repeatCount=0, eventTime=734681382, downTime=734681382, deviceId=-1, source=0x101 }
08-04 20:04:24.978 15975 15975 I Input   : injectKeyEvent: KeyEvent { action=ACTION_UP, keyCode=KEYCODE_BACK, scanCode=0, metaState=0, flags=0x0, repeatCount=0, eventTime=734681382, downTime=734681382, deviceId=-1, source=0x101 }
08-04 20:04:24.984 15975 15975 D AndroidRuntime: Shutting down VM
08-04 20:04:24.984 14941 14941 D NappaLifecycleObserver: nappagreedy.org.quantumbadger.redreader.activities.CommentListingActivity - onPause
08-04 20:04:24.985 14941 14941 D Nappa   : Stayed on nappagreedy.org.quantumbadger.redreader.activities.CommentListingActivity for 2559 ms
08-04 20:04:24.992 14941 14941 D NappaLifecycleObserver: nappagreedy.org.quantumbadger.redreader.activities.PostListingActivity - onResume
08-04 20:04:24.992 14941 14941 D Nappa   : setCurrentActivity - MetricStrategyAccuracy - 
08-04 20:04:24.992 14941 14941 D Nappa   : madePredictionFromActivity = true, 
08-04 20:04:24.992 14941 14941 D Nappa   : fromActivity = nappagreedy.org.quantumbadger.redreader.activities.CommentListingActivity, 
08-04 20:04:24.992 14941 14941 D Nappa   : predictedNextActivityFromActivity = [], 
08-04 20:04:24.992 14941 14941 D Nappa   : activity.getClass().getCanonicalName() = nappagreedy.org.quantumbadger.redreader.activities.PostListingActivity, 
08-04 20:04:24.992 14941 14941 D Nappa   : setCurrentActivity - MetricStrategyAccuracy - 
08-04 20:04:24.992 14941 14941 D Nappa   : madePredictionFromExtra = false, 
08-04 20:04:24.992 14941 14941 D Nappa   : fromActivity = nappagreedy.org.quantumbadger.redreader.activities.CommentListingActivity, 
08-04 20:04:24.992 14941 14941 D Nappa   : predictedNextActivityFromExtra = [], 
08-04 20:04:24.992 14941 14941 D Nappa   : activity.getClass().getCanonicalName() = nappagreedy.org.quantumbadger.redreader.activities.PostListingActivity, 
08-04 20:04:24.992 14941 14941 D Nappa   : PREFETCH_ON_EXTRA - setCurrentActivity - logs - from activity - made prediction istrue
08-04 20:04:24.992 14941 14941 D Nappa   : PREFETCH_ON_EXTRA - setCurrentActivity - logs - from activity - start
08-04 20:04:24.992 14941 14941 I NAPPA_EXPERIMENTATION: MetricStrategyAccuracy: LOG_ID='4',EXECUTION_COUNT='4',CASES_COUNT='4',HIT_PERCENTAGE_TOTAL='25.0',HIT_PERCENTAGE_WHEN_PREDICTED='100.0',HIT_COUNT='1',MISS_COUNT='0',INSUFFICIENT_SCORE_COUNT='0',EXCEPTION_COUNT='0',NO_SUCCESSOR_COUNT='3',
08-04 20:04:24.992 14941 14941 D Nappa   : PREFETCH_ON_EXTRA - setCurrentActivity - logs - from activity- finished
08-04 20:04:25.080 14941 15044 I art     : Starting a blocking GC Explicit
08-04 20:04:25.092 14941 14941 D Nappa   : registerActivity: (already in) nappagreedy.org.quantumbadger.redreader.activities.PostListingActivity
08-04 20:04:25.093 14941 14941 D ActivityGraph: LARDataCalculatedUpdate nappagreedy.org.quantumbadger.redreader.activities.PostListingActivity Pagerank: 0.25 HITS-Authority: 1.0 HITS-Hub: 1.0 SALSA-Authority: 1.0 SALSA-Hub: 1.0
08-04 20:04:25.093 14941 14941 D Nappa   : SHOULD_PREFETCH false
08-04 20:04:25.093 14941 14941 D Nappa   : STATS Number of requests not prefetched: 6
08-04 20:04:25.093 14941 14941 D Nappa   : STATS Number of requests prefetched: 0
08-04 20:04:25.093 14941 14941 D Nappa   : STATS Time saved until now: 0.0
08-04 20:04:25.124 14941 15044 I art     : Explicit concurrent mark sweep GC freed 1885(123KB) AllocSpace objects, 1(20KB) LOS objects, 35% free, 28MB/44MB, paused 369us total 43.749ms
08-04 20:04:25.127 14941 14941 D ActivityNode: Observer - visit time - CommentListingActivity - New aggregate visit time found is 196656 ms
08-04 20:04:25.127 13866 13866 I GoogleInputMethodServic: GoogleInputMethodService.onFinishInput():3138 
08-04 20:04:25.128 13866 13866 I GoogleInputMethodServic: GoogleInputMethodService.onStartInput():1808 
08-04 20:04:25.139 14941 15044 I art     : Starting a blocking GC Explicit
08-04 20:04:25.174 14941 15044 I art     : Explicit concurrent mark sweep GC freed 303(12KB) AllocSpace objects, 0(0B) LOS objects, 35% free, 28MB/44MB, paused 369us total 35.067ms
08-04 20:04:25.188 14941 15044 I art     : Starting a blocking GC Explicit
08-04 20:04:25.220 14941 15044 I art     : Explicit concurrent mark sweep GC freed 19(656B) AllocSpace objects, 0(0B) LOS objects, 35% free, 28MB/44MB, paused 318us total 32.489ms
08-04 20:04:25.234 14941 15044 I art     : Starting a blocking GC Explicit
08-04 20:04:25.274 14941 15044 I art     : Explicit concurrent mark sweep GC freed 3(96B) AllocSpace objects, 0(0B) LOS objects, 35% free, 28MB/44MB, paused 358us total 39.695ms
08-04 20:04:25.291 14941 15044 I art     : Starting a blocking GC Explicit
08-04 20:04:25.335 14941 15044 I art     : Explicit concurrent mark sweep GC freed 3(96B) AllocSpace objects, 0(0B) LOS objects, 35% free, 28MB/44MB, paused 377us total 43.800ms
08-04 20:04:25.392 14941 14963 D Nappa   : PREFETCH_ON_EXTRA - setCurrentActivity - logs - from extra - made prediction isfalse
08-04 20:04:25.428 14941 14941 D NappaLifecycleObserver: nappagreedy.org.quantumbadger.redreader.activities.CommentListingActivity - onDestroy
08-04 20:04:25.428 14941 14941 D NappaLifecycleObserver: -------------F1_SCORE #7 -----------
08-04 20:04:25.428   380   380 W SurfaceFlinger: couldn't log to binary event log: overflow.
08-04 20:04:25.429 14941 14941 D NappaLifecycleObserver: F1_SCORE - Intercept list (5)= [https://oauth.reddit.com/r/askscience/about.json, https://oauth.reddit.com/r/askscience/hot/.json, https://oauth.reddit.com/comments/gvc7k9/.json?sort=confidence, https://oauth.reddit.com/comments/hwnhe2/.json?sort=confidence, https://oauth.reddit.com/comments/hza888/.json?sort=confidence]
08-04 20:04:25.429 14941 14941 D NappaLifecycleObserver: F1_SCORE - Prefetch list (0)= []
08-04 20:04:25.429 14941 14941 D NappaLifecycleObserver: F1_SCORE - TP list (0)= []
08-04 20:04:25.429 14941 14941 D NappaLifecycleObserver: F1_SCORE - FN list (5)= [https://oauth.reddit.com/r/askscience/about.json, https://oauth.reddit.com/r/askscience/hot/.json, https://oauth.reddit.com/comments/gvc7k9/.json?sort=confidence, https://oauth.reddit.com/comments/hwnhe2/.json?sort=confidence, https://oauth.reddit.com/comments/hza888/.json?sort=confidence]
08-04 20:04:25.429 14941 14941 I NAPPA_EXPERIMENTATION: MetricPrefetchingAccuracy: LOG_ID='8',F1_SCORE_1='0.0',F1_SCORE_2='0.0',TRUE_POSITIVE='0',FALSE_POSITIVE='0',FALSE_NEGATIVE='5',
08-04 20:04:25.601 14941 15461 I art     : Starting a blocking GC Explicit
08-04 20:04:25.652 14941 15461 I art     : Explicit concurrent mark sweep GC freed 1693(115KB) AllocSpace objects, 1(20KB) LOS objects, 35% free, 28MB/44MB, paused 414us total 50.657ms
08-04 20:04:25.671 14941 15461 I art     : Starting a blocking GC Explicit
08-04 20:04:25.706 14941 15461 I art     : Explicit concurrent mark sweep GC freed 23014(1248KB) AllocSpace objects, 5(164KB) LOS objects, 36% free, 27MB/43MB, paused 358us total 35.428ms
08-04 20:04:25.720 14941 15461 I art     : Starting a blocking GC Explicit
08-04 20:04:25.753 14941 15461 I art     : Explicit concurrent mark sweep GC freed 3(96B) AllocSpace objects, 0(0B) LOS objects, 36% free, 27MB/43MB, paused 364us total 33.077ms
08-04 20:04:25.767 14941 15461 I art     : Starting a blocking GC Explicit
08-04 20:04:25.800 14941 15461 I art     : Explicit concurrent mark sweep GC freed 3(96B) AllocSpace objects, 0(0B) LOS objects, 36% free, 27MB/43MB, paused 374us total 33.114ms
08-04 20:04:25.814 14941 15461 I art     : Starting a blocking GC Explicit
08-04 20:04:25.847 14941 15461 I art     : Explicit concurrent mark sweep GC freed 3(96B) AllocSpace objects, 0(0B) LOS objects, 36% free, 27MB/43MB, paused 351us total 32.431ms
08-04 20:04:26.141 14941 14953 I art     : Starting a blocking GC Explicit
08-04 20:04:26.184 14941 14953 I art     : Explicit concurrent mark sweep GC freed 1552(92KB) AllocSpace objects, 1(20KB) LOS objects, 36% free, 27MB/43MB, paused 486us total 42.107ms
08-04 20:04:26.200 14941 14953 I art     : Starting a blocking GC Explicit
08-04 20:04:26.232 14941 14953 I art     : Explicit concurrent mark sweep GC freed 28(1024B) AllocSpace objects, 0(0B) LOS objects, 36% free, 27MB/43MB, paused 338us total 32.279ms
08-04 20:04:26.245 14941 14953 I art     : Starting a blocking GC Explicit
08-04 20:04:26.276 14941 14953 I art     : Explicit concurrent mark sweep GC freed 3(96B) AllocSpace objects, 0(0B) LOS objects, 36% free, 27MB/43MB, paused 359us total 30.819ms
08-04 20:04:26.289 14941 14953 I art     : Starting a blocking GC Explicit
08-04 20:04:26.320 14941 14953 I art     : Explicit concurrent mark sweep GC freed 3(96B) AllocSpace objects, 0(0B) LOS objects, 36% free, 27MB/43MB, paused 365us total 30.622ms
08-04 20:04:26.333 14941 14953 I art     : Starting a blocking GC Explicit
08-04 20:04:26.364 14941 14953 I art     : Explicit concurrent mark sweep GC freed 3(96B) AllocSpace objects, 0(0B) LOS objects, 36% free, 27MB/43MB, paused 350us total 30.718ms
08-04 20:04:26.631 14941 14954 I art     : Starting a blocking GC Explicit
08-04 20:04:26.641 16029 16029 D AndroidRuntime: >>>>>> START com.android.internal.os.RuntimeInit uid 2000 <<<<<<
08-04 20:04:26.646 16029 16029 D AndroidRuntime: CheckJNI is OFF
08-04 20:04:26.665 14941 14954 I art     : Explicit concurrent mark sweep GC freed 1548(92KB) AllocSpace objects, 1(20KB) LOS objects, 36% free, 27MB/43MB, paused 436us total 33.470ms
08-04 20:04:26.678 14941 14954 I art     : Starting a blocking GC Explicit
08-04 20:04:26.685 16029 16029 D ICU     : No timezone override file found: /data/misc/zoneinfo/current/icu/icu_tzdata.dat
08-04 20:04:26.710 14941 14954 I art     : Explicit concurrent mark sweep GC freed 28(1024B) AllocSpace objects, 0(0B) LOS objects, 36% free, 27MB/43MB, paused 350us total 31.036ms
08-04 20:04:26.718 16029 16029 I Radio-JNI: register_android_hardware_Radio DONE
08-04 20:04:26.722 14941 14954 I art     : Starting a blocking GC Explicit
08-04 20:04:26.740 16029 16029 D AndroidRuntime: Calling main entry com.android.commands.input.Input
08-04 20:04:26.742 16029 16029 I Input   : injectMotionEvent: MotionEvent { action=ACTION_DOWN, actionButton=0, id[0]=0, x[0]=600.0, y[0]=950.0, toolType[0]=TOOL_TYPE_UNKNOWN, buttonState=0, metaState=0, flags=0x0, edgeFlags=0x0, pointerCount=1, historySize=0, eventTime=734683154, downTime=734683154, deviceId=0, source=0x1002 }
08-04 20:04:26.748 16029 16029 I Input   : injectMotionEvent: MotionEvent { action=ACTION_UP, actionButton=0, id[0]=0, x[0]=600.0, y[0]=950.0, toolType[0]=TOOL_TYPE_UNKNOWN, buttonState=0, metaState=0, flags=0x0, edgeFlags=0x0, pointerCount=1, historySize=0, eventTime=734683154, downTime=734683154, deviceId=0, source=0x1002 }
08-04 20:04:26.751 16029 16029 D AndroidRuntime: Shutting down VM
08-04 20:04:26.752 14941 14954 I art     : Explicit concurrent mark sweep GC freed 8(288B) AllocSpace objects, 0(0B) LOS objects, 36% free, 27MB/43MB, paused 480us total 29.796ms
08-04 20:04:26.765   512  2967 D audio_hw_primary: out_set_parameters: enter: usecase(1: low-latency-playback) kvpairs: routing=2
08-04 20:04:26.768 14941 14941 D NappaIntentExtras: ==================
08-04 20:04:26.768 14941 14941 D NappaIntentExtras: Log #6
08-04 20:04:26.768 14941 14941 D NappaIntentExtras: ------------------
08-04 20:04:26.768 14941 14941 D NappaIntentExtras: activity nappagreedy.org.quantumbadger.redreader.activities.ImageViewActivity
08-04 20:04:26.768 14941 14941 D NappaIntentExtras: 	- No extras registered
08-04 20:04:26.768 14941 14941 D NappaIntentExtras: activity nappagreedy.org.quantumbadger.redreader.activities.WebViewActivity
08-04 20:04:26.769 14941 14941 D NappaIntentExtras: 	- No extras registered
08-04 20:04:26.769 14941 14941 D NappaIntentExtras: activity nappagreedy.org.quantumbadger.redreader.activities.PostListingActivity
08-04 20:04:26.769 14941 14941 D NappaIntentExtras: 	- No extras registered
08-04 20:04:26.769 14941 14954 I art     : Starting a blocking GC Explicit
08-04 20:04:26.769 14941 14941 D NappaIntentExtras: activity nappagreedy.org.quantumbadger.redreader.activities.CommentListingActivity
08-04 20:04:26.769 14941 14941 D NappaIntentExtras: 	- No extras registered
08-04 20:04:26.770 14941 14941 D NappaIntentExtras: activity nappagreedy.org.quantumbadger.redreader.activities.MainActivity
08-04 20:04:26.771 14941 14941 D NappaIntentExtras: 	- No extras registered
08-04 20:04:26.771 14941 14941 D NappaIntentExtras: ==================
08-04 20:04:26.771   918  3696 I ActivityManager: START u0 {dat=https://oauth.reddit.com/... cmp=nappagreedy.org.quantumbadger.redreader/.activities.CommentListingActivity} from uid 10669 on display 0
08-04 20:04:26.778   512  2967 D audio_hw_primary: select_devices: out_snd_device(2: speaker) in_snd_device(0: none)
08-04 20:04:26.778   512  2967 D msm8974_platform: platform_send_audio_calibration: sending audio calibration for snd_device(2) acdb_id(15)
08-04 20:04:26.778   512  2967 I soundtrigger: audio_extn_sound_trigger_update_device_status: device 0x2 of type 0 for Event 1
08-04 20:04:26.780 14941 14941 D NappaLifecycleObserver: nappagreedy.org.quantumbadger.redreader.activities.PostListingActivity - onPause
08-04 20:04:26.780 14941 14941 D Nappa   : Stayed on nappagreedy.org.quantumbadger.redreader.activities.PostListingActivity for 1687 ms
08-04 20:04:26.790   512  2967 D audio_hw_primary: enable_snd_device: snd_device(2: speaker)
08-04 20:04:26.792   512  2967 D audio_hw_primary: enable_audio_route: apply and update mixer path: low-latency-playback speaker
08-04 20:04:26.799 14941 14954 I art     : Explicit concurrent mark sweep GC freed 984(41KB) AllocSpace objects, 0(0B) LOS objects, 36% free, 27MB/43MB, paused 492us total 29.945ms
08-04 20:04:26.801 14941 14941 I AppCompatViewInflater: app:theme is now deprecated. Please move to using android:theme instead.
08-04 20:04:26.809   918  3261 D WifiStateMachine: starting scan for "H369AA63323"WPA_PSK with 2412,5180
08-04 20:04:26.816 14941 14954 I art     : Starting a blocking GC Explicit
08-04 20:04:26.820 14941 14941 D NappaLifecycleObserver: nappagreedy.org.quantumbadger.redreader.activities.CommentListingActivity - onResume
08-04 20:04:26.820 14941 14941 D Nappa   : setCurrentActivity - MetricStrategyAccuracy - 
08-04 20:04:26.820 14941 14941 D Nappa   : madePredictionFromActivity = false, 
08-04 20:04:26.820 14941 14941 D Nappa   : fromActivity = nappagreedy.org.quantumbadger.redreader.activities.PostListingActivity, 
08-04 20:04:26.820 14941 14941 D Nappa   : predictedNextActivityFromActivity = [], 
08-04 20:04:26.820 14941 14941 D Nappa   : activity.getClass().getCanonicalName() = nappagreedy.org.quantumbadger.redreader.activities.CommentListingActivity, 
08-04 20:04:26.820 14941 14941 D Nappa   : setCurrentActivity - MetricStrategyAccuracy - 
08-04 20:04:26.820 14941 14941 D Nappa   : madePredictionFromExtra = false, 
08-04 20:04:26.820 14941 14941 D Nappa   : fromActivity = nappagreedy.org.quantumbadger.redreader.activities.PostListingActivity, 
08-04 20:04:26.820 14941 14941 D Nappa   : predictedNextActivityFromExtra = [], 
08-04 20:04:26.820 14941 14941 D Nappa   : activity.getClass().getCanonicalName() = nappagreedy.org.quantumbadger.redreader.activities.CommentListingActivity, 
08-04 20:04:26.820 14941 14941 D Nappa   : PREFETCH_ON_EXTRA - setCurrentActivity - logs - from activity - made prediction isfalse
08-04 20:04:26.823 14941 15525 I CommentListingActivity: COMMENTS session changed to 4c8e8137-cdf6-4d96-9c77-970fd84aff77
08-04 20:04:26.844 14941 14954 I art     : Explicit concurrent mark sweep GC freed 3807(382KB) AllocSpace objects, 2(32KB) LOS objects, 36% free, 27MB/43MB, paused 432us total 28.568ms
08-04 20:04:26.920 14941 14941 D Nappa   : registerActivity: (already in) nappagreedy.org.quantumbadger.redreader.activities.CommentListingActivity
08-04 20:04:26.920 14941 14941 D ActivityNode: ACTNODE UPDATING AFTER LOADING FROM DB
08-04 20:04:26.920 14941 14941 D ActivityGraph: LARDataCalculatedUpdate nappagreedy.org.quantumbadger.redreader.activities.CommentListingActivity Pagerank: 0.25 HITS-Authority: 1.0 HITS-Hub: 1.0 SALSA-Authority: 1.0 SALSA-Hub: 1.0
08-04 20:04:26.921 14941 14941 D Nappa   : SHOULD_PREFETCH true
08-04 20:04:27.021 14941 14941 D Nappa   : registerActivity: (already in) nappagreedy.org.quantumbadger.redreader.activities.CommentListingActivity
08-04 20:04:27.021 14941 14941 D Nappa   : STATS Number of requests not prefetched: 6
08-04 20:04:27.021 14941 14941 D Nappa   : STATS Number of requests prefetched: 0
08-04 20:04:27.021 14941 14941 D Nappa   : STATS Time saved until now: 0.0
08-04 20:04:27.095 14941 14953 I art     : Starting a blocking GC Explicit
08-04 20:04:27.129 14941 14953 I art     : Explicit concurrent mark sweep GC freed 4116(194KB) AllocSpace objects, 1(20KB) LOS objects, 36% free, 27MB/43MB, paused 659us total 32.968ms
08-04 20:04:27.140 14941 14941 D ActivityNode: Observer - visit time - PostListingActivity - New aggregate visit time found is 248275 ms
08-04 20:04:27.142 14941 14953 I art     : Starting a blocking GC Explicit
08-04 20:04:27.147   918   936 I ActivityManager: Displayed nappagreedy.org.quantumbadger.redreader/.activities.CommentListingActivity: +365ms
08-04 20:04:27.150 14941 14941 D ActivityNode: Observer - session data - sourceCommentListingActivity
08-04 20:04:27.150 14941 14941 D ActivityNode: destinations:
08-04 20:04:27.150 13866 13866 I GoogleInputMethodServic: GoogleInputMethodService.onFinishInput():3138 
08-04 20:04:27.150 14941 14941 D ActivityNode: Observer - session data - sourceWebViewActivity
08-04 20:04:27.150 14941 14941 D ActivityNode: destinations:
08-04 20:04:27.150 14941 14941 D ActivityNode: Observer - session data - sourcePostListingActivity
08-04 20:04:27.150 14941 14941 D ActivityNode: destinations:
08-04 20:04:27.150 14941 14941 D ActivityNode: 	nappagreedy.org.quantumbadger.redreader.activities.CommentListingActivity( count 44)
08-04 20:04:27.150 14941 14941 D ActivityNode: 	nappagreedy.org.quantumbadger.redreader.activities.WebViewActivity( count 12)
08-04 20:04:27.150 14941 14941 D ActivityNode: 	nappagreedy.org.quantumbadger.redreader.activities.ImageViewActivity( count 4)
08-04 20:04:27.151 14941 14941 D ActivityNode: Observer - session data - sourceMainActivity
08-04 20:04:27.151 14941 14941 D ActivityNode: destinations:
08-04 20:04:27.151 14941 14941 D ActivityNode: 	nappagreedy.org.quantumbadger.redreader.activities.PostListingActivity( count 25)
08-04 20:04:27.151 14941 14941 D ActivityNode: Observer - session data - sourceImageViewActivity
08-04 20:04:27.151 14941 14941 D ActivityNode: destinations:
08-04 20:04:27.151 14941 14941 D ActivityNode: 	nappagreedy.org.quantumbadger.redreader.activities.WebViewActivity( count 4)
08-04 20:04:27.151 13866 13866 I GoogleInputMethodServic: GoogleInputMethodService.onStartInput():1808 
08-04 20:04:27.174 14941 14953 I art     : Explicit concurrent mark sweep GC freed 650(33KB) AllocSpace objects, 0(0B) LOS objects, 36% free, 27MB/43MB, paused 475us total 31.728ms
08-04 20:04:27.190 14941 14953 I art     : Starting a blocking GC Explicit
08-04 20:04:27.199 14941 15929 I RedditChangeDataIO: Writing tmp data file at '/data/user/0/nappagreedy.org.quantumbadger.redreader/files/rr_change_data_tmp.dat'
08-04 20:04:27.199 14941 15929 I RedditChangeDataManager: Taking snapshot...
08-04 20:04:27.199 14941 15929 I RedditChangeDataManager: Writing to stream...
08-04 20:04:27.199 14941 15929 I RedditChangeDataManager: Wrote 3 entries for user ''
08-04 20:04:27.199 14941 15929 I RedditChangeDataManager: All entries written to stream.
08-04 20:04:27.200 14941 15929 I RedditChangeDataIO: Write successful. Atomically replacing data file...
08-04 20:04:27.200 14941 15929 I RedditChangeDataIO: Write complete.
08-04 20:04:27.200 14941 15929 I RedditChangeDataIO: 86 bytes written in 1 ms
08-04 20:04:27.220 14941 14963 D Nappa   : PREFETCH_ON_EXTRA - setCurrentActivity - logs - from extra - made prediction isfalse
08-04 20:04:27.221 14941 14953 I art     : Explicit concurrent mark sweep GC freed 125(6KB) AllocSpace objects, 1(68KB) LOS objects, 36% free, 27MB/43MB, paused 315us total 30.296ms
08-04 20:04:27.234 14941 14953 I art     : Starting a blocking GC Explicit
08-04 20:04:27.265 14941 14953 I art     : Explicit concurrent mark sweep GC freed 23(1488B) AllocSpace objects, 0(0B) LOS objects, 36% free, 27MB/43MB, paused 437us total 30.903ms
08-04 20:04:27.280 14941 14953 I art     : Starting a blocking GC Explicit
08-04 20:04:27.317 14941 14953 I art     : Explicit concurrent mark sweep GC freed 4(128B) AllocSpace objects, 0(0B) LOS objects, 36% free, 27MB/43MB, paused 522us total 36.940ms
08-04 20:04:27.329   512  2967 D audio_hw_primary: disable_audio_route: reset and update mixer path: low-latency-playback speaker
08-04 20:04:27.330   512  2967 D audio_hw_primary: disable_snd_device: snd_device(2: speaker)
08-04 20:04:27.339   512  2967 I soundtrigger: audio_extn_sound_trigger_update_device_status: device 0x2 of type 0 for Event 0
08-04 20:04:27.398   380   380 W SurfaceFlinger: couldn't log to binary event log: overflow.
08-04 20:04:27.521 14941 14963 D Nappa   : PREFETCH_ON_EXTRA - setCurrentActivity - starting new prediction
08-04 20:04:27.522 14941 14963 D Nappa   : Current node - currentActivityName - nappagreedy.org.quantumbadger.redreader.activities.CommentListingActivity
08-04 20:04:27.522 14941 14963 D Nappa   : Current node - activityGraph.getCurrent() - nappagreedy.org.quantumbadger.redreader.activities.CommentListingActivity
08-04 20:04:27.522 14941 14963 I NAPPA_EXPERIMENTATION: MetricNappaPrefetchingStrategyExecutionTime: STRATEGY_CLASS='GreedyPrefetchingStrategyOnVisitFrequencyAndTime',DURATION='274843',NUMBER_OF_URLS='0',NUMBER_OF_SELECTED_CHILDREN_NODES='0',NUMBER_OF_CHILDREN_NODES='0',STRATEGY_RUN_SUCCESSFULLY='True',
08-04 20:04:27.522 14941 14963 D GreedyPrefetchingStrategyOnVisitFrequencyAndTime: ==================================
08-04 20:04:27.522 14941 14963 D GreedyPrefetchingStrategyOnVisitFrequencyAndTime: Starting Run #5
08-04 20:04:27.522 14941 14963 D GreedyPrefetchingStrategyOnVisitFrequencyAndTime: ----------------------------------
08-04 20:04:27.523 14941 14963 D GreedyPrefetchingStrategyOnVisitFrequencyAndTime: Node data CommentListingActivity 
08-04 20:04:27.523 14941 14963 D GreedyPrefetchingStrategyOnVisitFrequencyAndTime: 	Successors:
08-04 20:04:27.523 14941 14963 D GreedyPrefetchingStrategyOnVisitFrequencyAndTime: 
08-04 20:04:27.523 14941 14963 D GreedyPrefetchingStrategyOnVisitFrequencyAndTime: 	Ancestors:
08-04 20:04:27.523 14941 14963 D GreedyPrefetchingStrategyOnVisitFrequencyAndTime: 		PostListingActivity (0 hits)
08-04 20:04:27.523 14941 14963 D GreedyPrefetchingStrategyOnVisitFrequencyAndTime: 
08-04 20:04:27.523 14941 14963 D GreedyPrefetchingStrategyOnVisitFrequencyAndTime: MetricStrategyAccuracy inc execution count5 | act = true; extra = false
08-04 20:04:27.523 14941 14963 D GreedyPrefetchingStrategyOnVisitFrequencyAndTime: MetricStrategyAccuracy inc no sucessor count4 | act = true; extra = false
08-04 20:04:27.523 14941 14963 D GreedyPrefetchingStrategyOnVisitFrequencyAndTime: ------------- Recursion #1 -----------
08-04 20:04:27.523 14941 14963 D GreedyPrefetchingStrategyOnVisitFrequencyAndTime: Best successors so far []
08-04 20:04:27.523 14941 14963 D GreedyPrefetchingStrategyOnVisitFrequencyAndTime: Checking node CommentListingActivity with 0 successors
08-04 20:04:27.523 14941 14963 D GreedyPrefetchingStrategyOnVisitFrequencyAndTime: this node has no successors
08-04 20:04:27.523 14941 14963 D GreedyPrefetchingStrategyOnVisitFrequencyAndTime: Next visited child will be []
08-04 20:04:27.523 14941 14963 D GreedyPrefetchingStrategyOnVisitFrequencyAndTime: ==================================
08-04 20:04:27.523 14941 14963 D Nappa   : PREFETCH_ON_EXTRA - setCurrentActivity - finished new prediction
08-04 20:04:27.610 14941 15461 I art     : Starting a blocking GC Explicit
08-04 20:04:27.617   518   646 I ThermalEngine: ACTION: GPU - Setting GPU[0] to 450000000
08-04 20:04:27.651 14941 15461 I art     : Explicit concurrent mark sweep GC freed 1783(110KB) AllocSpace objects, 1(20KB) LOS objects, 36% free, 27MB/43MB, paused 410us total 41.360ms
08-04 20:04:27.668 14941 15461 I art     : Starting a blocking GC Explicit
08-04 20:04:27.708 14941 15461 I art     : Explicit concurrent mark sweep GC freed 279(37KB) AllocSpace objects, 0(0B) LOS objects, 36% free, 27MB/43MB, paused 570us total 38.857ms
08-04 20:04:27.725 14941 15461 I art     : Starting a blocking GC Explicit
08-04 20:04:27.767 14941 15461 I art     : Explicit concurrent mark sweep GC freed 68(2272B) AllocSpace objects, 0(0B) LOS objects, 36% free, 27MB/43MB, paused 438us total 41.722ms
08-04 20:04:27.784 14941 15461 I art     : Starting a blocking GC Explicit
08-04 20:04:27.825 14941 15461 I art     : Explicit concurrent mark sweep GC freed 3(96B) AllocSpace objects, 0(0B) LOS objects, 36% free, 27MB/43MB, paused 431us total 40.678ms
08-04 20:04:27.843 14941 15461 I art     : Starting a blocking GC Explicit
08-04 20:04:27.886 14941 15461 I art     : Explicit concurrent mark sweep GC freed 3(96B) AllocSpace objects, 0(0B) LOS objects, 36% free, 27MB/43MB, paused 453us total 43.134ms
08-04 20:04:28.202 14941 14954 I art     : Starting a blocking GC Explicit
08-04 20:04:28.250 14941 14954 I art     : Explicit concurrent mark sweep GC freed 1548(92KB) AllocSpace objects, 1(20KB) LOS objects, 36% free, 27MB/43MB, paused 466us total 47.693ms
08-04 20:04:28.267 14941 14954 I art     : Starting a blocking GC Explicit
08-04 20:04:28.305 14941 14954 I art     : Explicit concurrent mark sweep GC freed 28(1024B) AllocSpace objects, 0(0B) LOS objects, 36% free, 27MB/43MB, paused 403us total 37.093ms
08-04 20:04:28.321 14941 14954 I art     : Starting a blocking GC Explicit
08-04 20:04:28.360 14941 14954 I art     : Explicit concurrent mark sweep GC freed 3(96B) AllocSpace objects, 0(0B) LOS objects, 36% free, 27MB/43MB, paused 424us total 39.285ms
08-04 20:04:28.377 14941 14954 I art     : Starting a blocking GC Explicit
08-04 20:04:28.419 14941 14954 I art     : Explicit concurrent mark sweep GC freed 21(768B) AllocSpace objects, 0(0B) LOS objects, 36% free, 27MB/43MB, paused 451us total 41.291ms
08-04 20:04:28.437 14941 14954 I art     : Starting a blocking GC Explicit
08-04 20:04:28.483 14941 14954 I art     : Explicit concurrent mark sweep GC freed 3(96B) AllocSpace objects, 0(0B) LOS objects, 36% free, 27MB/43MB, paused 451us total 45.710ms
08-04 20:04:28.813 14941 15044 I art     : Starting a blocking GC Explicit
08-04 20:04:28.875 14941 15044 I art     : Explicit concurrent mark sweep GC freed 1546(92KB) AllocSpace objects, 1(20KB) LOS objects, 36% free, 27MB/43MB, paused 494us total 61.334ms
08-04 20:04:28.897 14941 15044 I art     : Starting a blocking GC Explicit
08-04 20:04:28.943 14941 15044 I art     : Explicit concurrent mark sweep GC freed 28(1024B) AllocSpace objects, 0(0B) LOS objects, 36% free, 27MB/43MB, paused 449us total 45.308ms
08-04 20:04:28.961 14941 15044 I art     : Starting a blocking GC Explicit
08-04 20:04:29.005 14941 15044 I art     : Explicit concurrent mark sweep GC freed 3(96B) AllocSpace objects, 0(0B) LOS objects, 36% free, 27MB/43MB, paused 443us total 44.187ms
08-04 20:04:29.023 14941 15044 I art     : Starting a blocking GC Explicit
08-04 20:04:29.068 14941 15044 I art     : Explicit concurrent mark sweep GC freed 3(96B) AllocSpace objects, 0(0B) LOS objects, 36% free, 27MB/43MB, paused 457us total 44.762ms
08-04 20:04:29.089 14941 15044 I art     : Starting a blocking GC Explicit
08-04 20:04:29.134 14941 15044 I art     : Explicit concurrent mark sweep GC freed 3(96B) AllocSpace objects, 0(0B) LOS objects, 36% free, 27MB/43MB, paused 423us total 44.673ms
08-04 20:04:29.475 14941 14953 I art     : Starting a blocking GC Explicit
08-04 20:04:29.528 14941 14953 I art     : Explicit concurrent mark sweep GC freed 1546(92KB) AllocSpace objects, 1(20KB) LOS objects, 36% free, 27MB/43MB, paused 456us total 53.174ms
08-04 20:04:29.546 14941 14953 I art     : Starting a blocking GC Explicit
08-04 20:04:29.588 14941 14953 I art     : Explicit concurrent mark sweep GC freed 28(1024B) AllocSpace objects, 0(0B) LOS objects, 36% free, 27MB/43MB, paused 441us total 41.680ms
08-04 20:04:29.605 14941 14953 I art     : Starting a blocking GC Explicit
08-04 20:04:29.647 14941 14953 I art     : Explicit concurrent mark sweep GC freed 3(96B) AllocSpace objects, 0(0B) LOS objects, 36% free, 27MB/43MB, paused 497us total 41.492ms
08-04 20:04:29.665 14941 14953 I art     : Starting a blocking GC Explicit
08-04 20:04:29.707 14941 14953 I art     : Explicit concurrent mark sweep GC freed 3(96B) AllocSpace objects, 0(0B) LOS objects, 36% free, 27MB/43MB, paused 439us total 42.245ms
08-04 20:04:29.728 14941 14953 I art     : Starting a blocking GC Explicit
08-04 20:04:29.773 14941 14953 I art     : Explicit concurrent mark sweep GC freed 3(96B) AllocSpace objects, 0(0B) LOS objects, 36% free, 27MB/43MB, paused 433us total 44.397ms
08-04 20:04:30.031   918  3188 I hubconnection: sensorhub said: 'set_bias 3: -6.2400, 0.0000, 0.0000'
08-04 20:04:30.110 14941 15461 I art     : Starting a blocking GC Explicit
08-04 20:04:30.157 14941 15461 I art     : Explicit concurrent mark sweep GC freed 1549(93KB) AllocSpace objects, 1(20KB) LOS objects, 36% free, 27MB/43MB, paused 443us total 46.641ms
08-04 20:04:30.175 14941 15461 I art     : Starting a blocking GC Explicit
08-04 20:04:30.221 14941 15461 I art     : Explicit concurrent mark sweep GC freed 28(1024B) AllocSpace objects, 0(0B) LOS objects, 36% free, 27MB/43MB, paused 454us total 45.670ms
08-04 20:04:30.239 14941 15461 I art     : Starting a blocking GC Explicit
08-04 20:04:30.285 14941 15461 I art     : Explicit concurrent mark sweep GC freed 3(96B) AllocSpace objects, 0(0B) LOS objects, 36% free, 27MB/43MB, paused 440us total 45.919ms
08-04 20:04:30.303 14941 15461 I art     : Starting a blocking GC Explicit
08-04 20:04:30.350 14941 15461 I art     : Explicit concurrent mark sweep GC freed 3(96B) AllocSpace objects, 0(0B) LOS objects, 36% free, 27MB/43MB, paused 484us total 46.282ms
08-04 20:04:30.371 14941 15461 I art     : Starting a blocking GC Explicit
08-04 20:04:30.416 14941 15461 I art     : Explicit concurrent mark sweep GC freed 3(96B) AllocSpace objects, 0(0B) LOS objects, 36% free, 27MB/43MB, paused 443us total 44.624ms
08-04 20:04:30.622   518   646 I ThermalEngine: ACTION: GPU - Setting GPU[0] to 510000000
08-04 20:04:30.753 14941 14954 I art     : Starting a blocking GC Explicit
08-04 20:04:30.797 14941 14954 I art     : Explicit concurrent mark sweep GC freed 1554(96KB) AllocSpace objects, 1(20KB) LOS objects, 36% free, 27MB/43MB, paused 376us total 43.434ms
08-04 20:04:30.815 14941 14954 I art     : Starting a blocking GC Explicit
08-04 20:04:30.850 14941 14954 I art     : Explicit concurrent mark sweep GC freed 28(1024B) AllocSpace objects, 0(0B) LOS objects, 36% free, 27MB/43MB, paused 348us total 34.725ms
08-04 20:04:30.863 14941 14954 I art     : Starting a blocking GC Explicit
08-04 20:04:30.898 14941 14954 I art     : Explicit concurrent mark sweep GC freed 3(96B) AllocSpace objects, 0(0B) LOS objects, 36% free, 27MB/43MB, paused 343us total 34.609ms
08-04 20:04:30.912 14941 14954 I art     : Starting a blocking GC Explicit
