08-04 14:18:45.345 16495 18130 D Nappa   : F1_SCORE - Intercept list (8)= [https://project-travel-mate.herokuapp.com/api/get-user, https://project-travel-mate.herokuapp.com/api/get-all-cities/10, https://project-travel-mate.herokuapp.com/api/number-of-unread-notifications, https://project-travel-mate.herokuapp.com/api/get-city-weather/1, https://project-travel-mate.herokuapp.com/api/get-city/1, https://project-travel-mate.herokuapp.com/api/get-city-information/1, https://project-travel-mate.herokuapp.com/api/get-city-facts/1, https://project-travel-mate.herokuapp.com/api/get-city-images/1]
08-04 14:18:45.345 16495 18130 D Nappa   : F1_SCORE - Prefetch list (0)= []
08-04 14:18:45.345 16495 18130 D Nappa   : F1_SCORE - TP list (0)= []
08-04 14:18:45.345 16495 18130 D Nappa   : F1_SCORE - FN list (8)= [https://project-travel-mate.herokuapp.com/api/get-user, https://project-travel-mate.herokuapp.com/api/get-all-cities/10, https://project-travel-mate.herokuapp.com/api/number-of-unread-notifications, https://project-travel-mate.herokuapp.com/api/get-city-weather/1, https://project-travel-mate.herokuapp.com/api/get-city/1, https://project-travel-mate.herokuapp.com/api/get-city-information/1, https://project-travel-mate.herokuapp.com/api/get-city-facts/1, https://project-travel-mate.herokuapp.com/api/get-city-images/1]
08-04 14:18:45.446 16495 16513 D Nappa   : registerActivity: (already in) nappatfpr.io.github.project_travel_mate.MainActivity
08-04 14:18:45.446 16495 16513 D Nappa   : PARENTS 
08-04 14:18:45.446 16495 16513 D Nappa   : Of: nappatfpr.io.github.project_travel_mate.MainActivity -> 
08-04 14:18:45.446 16495 16513 D Nappa   : PARENTS nappatfpr.io.github.project_travel_mate.SplashActivity
08-04 14:18:45.638 16495 16513 D Nappa   : PREFETCH_ON_EXTRA - setCurrentActivity - logs - from extra - made prediction isfalse
08-04 14:18:51.032 16495 16495 D Nappa   : Stayed on nappatfpr.io.github.project_travel_mate.MainActivity for 5693 ms
08-04 14:18:51.065 16495 16495 D Nappa   : TAG okHttpClient initialized
08-04 14:18:51.067 16495 18299 D Nappa   : F1_SCORE add_intercept_url - (new) - https://project-travel-mate.herokuapp.com/api/get-upcoming-holidays/2020
08-04 14:18:51.067 16495 18299 D Nappa   : F1_SCORE add_fn_url - (new) - https://project-travel-mate.herokuapp.com/api/get-upcoming-holidays/2020
08-04 14:18:51.067 16495 18299 D Nappa   : -------------F1_SCORE #29 -----------
08-04 14:18:51.067 16495 18299 D Nappa   : F1_SCORE - Intercept list (9)= [https://project-travel-mate.herokuapp.com/api/get-user, https://project-travel-mate.herokuapp.com/api/get-all-cities/10, https://project-travel-mate.herokuapp.com/api/number-of-unread-notifications, https://project-travel-mate.herokuapp.com/api/get-city-weather/1, https://project-travel-mate.herokuapp.com/api/get-city/1, https://project-travel-mate.herokuapp.com/api/get-city-information/1, https://project-travel-mate.herokuapp.com/api/get-city-facts/1, https://project-travel-mate.herokuapp.com/api/get-city-images/1, https://project-travel-mate.herokuapp.com/api/get-upcoming-holidays/2020]
08-04 14:18:51.067 16495 18299 D Nappa   : F1_SCORE - Prefetch list (0)= []
08-04 14:18:51.067 16495 18299 D Nappa   : F1_SCORE - TP list (0)= []
08-04 14:18:51.067 16495 18299 D Nappa   : F1_SCORE - FN list (9)= [https://project-travel-mate.herokuapp.com/api/get-user, https://project-travel-mate.herokuapp.com/api/get-all-cities/10, https://project-travel-mate.herokuapp.com/api/number-of-unread-notifications, https://project-travel-mate.herokuapp.com/api/get-city-weather/1, https://project-travel-mate.herokuapp.com/api/get-city/1, https://project-travel-mate.herokuapp.com/api/get-city-information/1, https://project-travel-mate.herokuapp.com/api/get-city-facts/1, https://project-travel-mate.herokuapp.com/api/get-city-images/1, https://project-travel-mate.herokuapp.com/api/get-upcoming-holidays/2020]
08-04 14:18:51.068 16495 16495 D Nappa   : TAG okHttpClient initialized
08-04 14:18:51.069 16495 16495 D Nappa   : setCurrentActivity - MetricStrategyAccuracy - 
08-04 14:18:51.069 16495 16495 D Nappa   : madePredictionFromActivity = false, 
08-04 14:18:51.069 16495 16495 D Nappa   : fromActivity = nappatfpr.io.github.project_travel_mate.MainActivity, 
08-04 14:18:51.069 16495 16495 D Nappa   : predictedNextActivityFromActivity = [], 
08-04 14:18:51.069 16495 16495 D Nappa   : activity.getClass().getCanonicalName() = nappatfpr.io.github.project_travel_mate.utilities.UpcomingWeekendsActivity, 
08-04 14:18:51.069 16495 16495 D Nappa   : setCurrentActivity - MetricStrategyAccuracy - 
08-04 14:18:51.069 16495 16495 D Nappa   : madePredictionFromExtra = false, 
08-04 14:18:51.069 16495 16495 D Nappa   : fromActivity = nappatfpr.io.github.project_travel_mate.MainActivity, 
08-04 14:18:51.069 16495 16495 D Nappa   : predictedNextActivityFromExtra = [], 
08-04 14:18:51.069 16495 16495 D Nappa   : activity.getClass().getCanonicalName() = nappatfpr.io.github.project_travel_mate.utilities.UpcomingWeekendsActivity, 
08-04 14:18:51.069 16495 16495 D Nappa   : PREFETCH_ON_EXTRA - setCurrentActivity - logs - from activity - made prediction isfalse
08-04 14:18:51.070 16495 18300 D Nappa   : F1_SCORE add_intercept_url - (already in) - https://project-travel-mate.herokuapp.com/api/get-upcoming-holidays/2020
08-04 14:18:51.070 16495 18300 D Nappa   : F1_SCORE add_fn_url - (already in) - https://project-travel-mate.herokuapp.com/api/get-upcoming-holidays/2020
08-04 14:18:51.070 16495 18300 D Nappa   : -------------F1_SCORE #30 -----------
08-04 14:18:51.070 16495 18300 D Nappa   : F1_SCORE - Intercept list (9)= [https://project-travel-mate.herokuapp.com/api/get-user, https://project-travel-mate.herokuapp.com/api/get-all-cities/10, https://project-travel-mate.herokuapp.com/api/number-of-unread-notifications, https://project-travel-mate.herokuapp.com/api/get-city-weather/1, https://project-travel-mate.herokuapp.com/api/get-city/1, https://project-travel-mate.herokuapp.com/api/get-city-information/1, https://project-travel-mate.herokuapp.com/api/get-city-facts/1, https://project-travel-mate.herokuapp.com/api/get-city-images/1, https://project-travel-mate.herokuapp.com/api/get-upcoming-holidays/2020]
08-04 14:18:51.070 16495 18300 D Nappa   : F1_SCORE - Prefetch list (0)= []
08-04 14:18:51.070 16495 18300 D Nappa   : F1_SCORE - TP list (0)= []
08-04 14:18:51.070 16495 18300 D Nappa   : F1_SCORE - FN list (9)= [https://project-travel-mate.herokuapp.com/api/get-user, https://project-travel-mate.herokuapp.com/api/get-all-cities/10, https://project-travel-mate.herokuapp.com/api/number-of-unread-notifications, https://project-travel-mate.herokuapp.com/api/get-city-weather/1, https://project-travel-mate.herokuapp.com/api/get-city/1, https://project-travel-mate.herokuapp.com/api/get-city-information/1, https://project-travel-mate.herokuapp.com/api/get-city-facts/1, https://project-travel-mate.herokuapp.com/api/get-city-images/1, https://project-travel-mate.herokuapp.com/api/get-upcoming-holidays/2020]
08-04 14:18:51.167 16495 16513 D Nappa   : registerActivity: (already in) nappatfpr.io.github.project_travel_mate.MainActivity
08-04 14:18:51.168 16495 16513 D Nappa   : PARENTS 
08-04 14:18:51.168 16495 16513 D Nappa   : Of: nappatfpr.io.github.project_travel_mate.MainActivity -> 
08-04 14:18:51.168 16495 16513 D Nappa   : PARENTS nappatfpr.io.github.project_travel_mate.SplashActivity
08-04 14:18:51.170 16495 16495 D Nappa   : registerActivity: (already in) nappatfpr.io.github.project_travel_mate.utilities.UpcomingWeekendsActivity
08-04 14:18:51.170 16495 16495 D Nappa   : SHOULD_PREFETCH true
08-04 14:18:51.268 16495 16513 D Nappa   : registerActivity: (already in) nappatfpr.io.github.project_travel_mate.utilities.UpcomingWeekendsActivity
08-04 14:18:51.268 16495 16513 D Nappa   : PARENTS 
08-04 14:18:51.268 16495 16513 D Nappa   : Of: nappatfpr.io.github.project_travel_mate.utilities.UpcomingWeekendsActivity -> 
08-04 14:18:51.268 16495 16513 D Nappa   : PARENTS nappatfpr.io.github.project_travel_mate.MainActivity
08-04 14:18:51.268 16495 16513 D Nappa   : PARENTS has extra: (cityobject_, objects.City@997761d)
08-04 14:18:51.268 16495 16513 D Nappa   : PARENTS nappatfpr.io.github.project_travel_mate.SplashActivity
08-04 14:18:51.270 16495 16495 D Nappa   : registerActivity: (already in) nappatfpr.io.github.project_travel_mate.utilities.UpcomingWeekendsActivity
08-04 14:18:51.271 16495 16495 D Nappa   : STATS Number of requests not prefetched: 8
08-04 14:18:51.271 16495 16495 D Nappa   : STATS Number of requests prefetched: 11
08-04 14:18:51.271 16495 16495 D Nappa   : STATS Time saved until now: 0.6
08-04 14:18:51.470 16495 16513 D Nappa   : PREFETCH_ON_EXTRA - setCurrentActivity - logs - from extra - made prediction isfalse
08-04 14:18:51.771 16495 16513 D Nappa   : PREFETCH_ON_EXTRA - setCurrentActivity - starting new prediction
08-04 14:18:51.771 16495 16513 D Nappa   : Current node - currentActivityName - nappatfpr.io.github.project_travel_mate.utilities.UpcomingWeekendsActivity
08-04 14:18:51.771 16495 16513 D Nappa   : Current node - activityGraph.getCurrent() - nappatfpr.io.github.project_travel_mate.utilities.UpcomingWeekendsActivity
08-04 14:18:51.773 16495 16513 D Nappa   : PREFETCH_ON_EXTRA - setCurrentActivity - finished new prediction
08-04 14:18:55.966 16495 16495 D Nappa   : Stayed on nappatfpr.io.github.project_travel_mate.utilities.UpcomingWeekendsActivity for 4695 ms
08-04 14:18:55.973 16495 16495 D Nappa   : setCurrentActivity - MetricStrategyAccuracy - 
08-04 14:18:55.973 16495 16495 D Nappa   : madePredictionFromActivity = true, 
08-04 14:18:55.973 16495 16495 D Nappa   : fromActivity = nappatfpr.io.github.project_travel_mate.utilities.UpcomingWeekendsActivity, 
08-04 14:18:55.973 16495 16495 D Nappa   : predictedNextActivityFromActivity = [], 
08-04 14:18:55.973 16495 16495 D Nappa   : activity.getClass().getCanonicalName() = nappatfpr.io.github.project_travel_mate.MainActivity, 
08-04 14:18:55.973 16495 16495 D Nappa   : setCurrentActivity - MetricStrategyAccuracy - 
08-04 14:18:55.973 16495 16495 D Nappa   : madePredictionFromExtra = false, 
08-04 14:18:55.973 16495 16495 D Nappa   : fromActivity = nappatfpr.io.github.project_travel_mate.utilities.UpcomingWeekendsActivity, 
08-04 14:18:55.973 16495 16495 D Nappa   : predictedNextActivityFromExtra = [], 
08-04 14:18:55.973 16495 16495 D Nappa   : activity.getClass().getCanonicalName() = nappatfpr.io.github.project_travel_mate.MainActivity, 
08-04 14:18:55.973 16495 16495 D Nappa   : PREFETCH_ON_EXTRA - setCurrentActivity - logs - from activity - made prediction istrue
08-04 14:18:55.973 16495 16495 D Nappa   : PREFETCH_ON_EXTRA - setCurrentActivity - logs - from activity - start
08-04 14:18:55.973 16495 16495 D Nappa   : PREFETCH_ON_EXTRA - setCurrentActivity - logs - from activity- finished
08-04 14:18:56.073 16495 16495 D Nappa   : registerActivity: (already in) nappatfpr.io.github.project_travel_mate.MainActivity
08-04 14:18:56.074 16495 16495 D Nappa   : SHOULD_PREFETCH false
08-04 14:18:56.074 16495 16495 D Nappa   : STATS Number of requests not prefetched: 10
08-04 14:18:56.074 16495 16495 D Nappa   : STATS Number of requests prefetched: 11
08-04 14:18:56.074 16495 16495 D Nappa   : STATS Time saved until now: 0.6
08-04 14:18:56.079 16495 16495 D Nappa   : TAG okHttpClient initialized
08-04 14:18:56.084 16495 18394 D Nappa   : F1_SCORE add_intercept_url - (already in) - https://project-travel-mate.herokuapp.com/api/number-of-unread-notifications
08-04 14:18:56.084 16495 18394 D Nappa   : F1_SCORE add_fn_url - (already in) - https://project-travel-mate.herokuapp.com/api/number-of-unread-notifications
08-04 14:18:56.084 16495 18394 D Nappa   : -------------F1_SCORE #31 -----------
08-04 14:18:56.084 16495 18394 D Nappa   : F1_SCORE - Intercept list (9)= [https://project-travel-mate.herokuapp.com/api/get-user, https://project-travel-mate.herokuapp.com/api/get-all-cities/10, https://project-travel-mate.herokuapp.com/api/number-of-unread-notifications, https://project-travel-mate.herokuapp.com/api/get-city-weather/1, https://project-travel-mate.herokuapp.com/api/get-city/1, https://project-travel-mate.herokuapp.com/api/get-city-information/1, https://project-travel-mate.herokuapp.com/api/get-city-facts/1, https://project-travel-mate.herokuapp.com/api/get-city-images/1, https://project-travel-mate.herokuapp.com/api/get-upcoming-holidays/2020]
08-04 14:18:56.084 16495 18394 D Nappa   : F1_SCORE - Prefetch list (0)= []
08-04 14:18:56.084 16495 18394 D Nappa   : F1_SCORE - TP list (0)= []
08-04 14:18:56.084 16495 18394 D Nappa   : F1_SCORE - FN list (9)= [https://project-travel-mate.herokuapp.com/api/get-user, https://project-travel-mate.herokuapp.com/api/get-all-cities/10, https://project-travel-mate.herokuapp.com/api/number-of-unread-notifications, https://project-travel-mate.herokuapp.com/api/get-city-weather/1, https://project-travel-mate.herokuapp.com/api/get-city/1, https://project-travel-mate.herokuapp.com/api/get-city-information/1, https://project-travel-mate.herokuapp.com/api/get-city-facts/1, https://project-travel-mate.herokuapp.com/api/get-city-images/1, https://project-travel-mate.herokuapp.com/api/get-upcoming-holidays/2020]
08-04 14:18:56.184 16495 16513 D Nappa   : registerActivity: (already in) nappatfpr.io.github.project_travel_mate.MainActivity
08-04 14:18:56.184 16495 16513 D Nappa   : PARENTS 
08-04 14:18:56.184 16495 16513 D Nappa   : Of: nappatfpr.io.github.project_travel_mate.MainActivity -> 
08-04 14:18:56.184 16495 16513 D Nappa   : PARENTS nappatfpr.io.github.project_travel_mate.SplashActivity
08-04 14:18:56.373 16495 16513 D Nappa   : PREFETCH_ON_EXTRA - setCurrentActivity - logs - from extra - made prediction isfalse
08-04 14:18:58.000 16495 16495 D Nappa   : Stayed on nappatfpr.io.github.project_travel_mate.MainActivity for 1926 ms
08-04 14:18:58.059 16495 16495 D Nappa   : TAG okHttpClient initialized
08-04 14:18:58.060 16495 18436 D Nappa   : F1_SCORE add_intercept_url - (already in) - https://project-travel-mate.herokuapp.com/api/get-upcoming-holidays/2020
08-04 14:18:58.060 16495 18436 D Nappa   : F1_SCORE add_fn_url - (already in) - https://project-travel-mate.herokuapp.com/api/get-upcoming-holidays/2020
08-04 14:18:58.060 16495 18436 D Nappa   : -------------F1_SCORE #33 -----------
08-04 14:18:58.060 16495 18436 D Nappa   : F1_SCORE - Intercept list (9)= [https://project-travel-mate.herokuapp.com/api/get-user, https://project-travel-mate.herokuapp.com/api/get-all-cities/10, https://project-travel-mate.herokuapp.com/api/number-of-unread-notifications, https://project-travel-mate.herokuapp.com/api/get-city-weather/1, https://project-travel-mate.herokuapp.com/api/get-city/1, https://project-travel-mate.herokuapp.com/api/get-city-information/1, https://project-travel-mate.herokuapp.com/api/get-city-facts/1, https://project-travel-mate.herokuapp.com/api/get-city-images/1, https://project-travel-mate.herokuapp.com/api/get-upcoming-holidays/2020]
08-04 14:18:58.060 16495 18436 D Nappa   : F1_SCORE - Prefetch list (0)= []
08-04 14:18:58.060 16495 18436 D Nappa   : F1_SCORE - TP list (0)= []
08-04 14:18:58.061 16495 18436 D Nappa   : F1_SCORE - FN list (9)= [https://project-travel-mate.herokuapp.com/api/get-user, https://project-travel-mate.herokuapp.com/api/get-all-cities/10, https://project-travel-mate.herokuapp.com/api/number-of-unread-notifications, https://project-travel-mate.herokuapp.com/api/get-city-weather/1, https://project-travel-mate.herokuapp.com/api/get-city/1, https://project-travel-mate.herokuapp.com/api/get-city-information/1, https://project-travel-mate.herokuapp.com/api/get-city-facts/1, https://project-travel-mate.herokuapp.com/api/get-city-images/1, https://project-travel-mate.herokuapp.com/api/get-upcoming-holidays/2020]
08-04 14:18:58.061 16495 16495 D Nappa   : TAG okHttpClient initialized
08-04 14:18:58.062 16495 16495 D Nappa   : setCurrentActivity - MetricStrategyAccuracy - 
08-04 14:18:58.062 16495 16495 D Nappa   : madePredictionFromActivity = false, 
08-04 14:18:58.062 16495 16495 D Nappa   : fromActivity = nappatfpr.io.github.project_travel_mate.MainActivity, 
08-04 14:18:58.062 16495 16495 D Nappa   : predictedNextActivityFromActivity = [], 
08-04 14:18:58.062 16495 16495 D Nappa   : activity.getClass().getCanonicalName() = nappatfpr.io.github.project_travel_mate.utilities.UpcomingWeekendsActivity, 
08-04 14:18:58.062 16495 16495 D Nappa   : setCurrentActivity - MetricStrategyAccuracy - 
08-04 14:18:58.062 16495 16495 D Nappa   : madePredictionFromExtra = false, 
08-04 14:18:58.062 16495 16495 D Nappa   : fromActivity = nappatfpr.io.github.project_travel_mate.MainActivity, 
08-04 14:18:58.062 16495 16495 D Nappa   : predictedNextActivityFromExtra = [], 
08-04 14:18:58.062 16495 16495 D Nappa   : activity.getClass().getCanonicalName() = nappatfpr.io.github.project_travel_mate.utilities.UpcomingWeekendsActivity, 
08-04 14:18:58.062 16495 16495 D Nappa   : PREFETCH_ON_EXTRA - setCurrentActivity - logs - from activity - made prediction isfalse
08-04 14:18:58.063 16495 18437 D Nappa   : F1_SCORE add_intercept_url - (already in) - https://project-travel-mate.herokuapp.com/api/get-upcoming-holidays/2020
08-04 14:18:58.063 16495 18437 D Nappa   : F1_SCORE add_fn_url - (already in) - https://project-travel-mate.herokuapp.com/api/get-upcoming-holidays/2020
08-04 14:18:58.063 16495 18437 D Nappa   : -------------F1_SCORE #34 -----------
08-04 14:18:58.063 16495 18437 D Nappa   : F1_SCORE - Intercept list (9)= [https://project-travel-mate.herokuapp.com/api/get-user, https://project-travel-mate.herokuapp.com/api/get-all-cities/10, https://project-travel-mate.herokuapp.com/api/number-of-unread-notifications, https://project-travel-mate.herokuapp.com/api/get-city-weather/1, https://project-travel-mate.herokuapp.com/api/get-city/1, https://project-travel-mate.herokuapp.com/api/get-city-information/1, https://project-travel-mate.herokuapp.com/api/get-city-facts/1, https://project-travel-mate.herokuapp.com/api/get-city-images/1, https://project-travel-mate.herokuapp.com/api/get-upcoming-holidays/2020]
08-04 14:18:58.063 16495 18437 D Nappa   : F1_SCORE - Prefetch list (0)= []
08-04 14:18:58.063 16495 18437 D Nappa   : F1_SCORE - TP list (0)= []
08-04 14:18:58.064 16495 18437 D Nappa   : F1_SCORE - FN list (9)= [https://project-travel-mate.herokuapp.com/api/get-user, https://project-travel-mate.herokuapp.com/api/get-all-cities/10, https://project-travel-mate.herokuapp.com/api/number-of-unread-notifications, https://project-travel-mate.herokuapp.com/api/get-city-weather/1, https://project-travel-mate.herokuapp.com/api/get-city/1, https://project-travel-mate.herokuapp.com/api/get-city-information/1, https://project-travel-mate.herokuapp.com/api/get-city-facts/1, https://project-travel-mate.herokuapp.com/api/get-city-images/1, https://project-travel-mate.herokuapp.com/api/get-upcoming-holidays/2020]
08-04 14:18:58.160 16495 16513 D Nappa   : registerActivity: (already in) nappatfpr.io.github.project_travel_mate.MainActivity
08-04 14:18:58.161 16495 16513 D Nappa   : PARENTS 
08-04 14:18:58.161 16495 16513 D Nappa   : Of: nappatfpr.io.github.project_travel_mate.MainActivity -> 
08-04 14:18:58.161 16495 16513 D Nappa   : PARENTS nappatfpr.io.github.project_travel_mate.SplashActivity
08-04 14:18:58.163 16495 16495 D Nappa   : registerActivity: (already in) nappatfpr.io.github.project_travel_mate.utilities.UpcomingWeekendsActivity
08-04 14:18:58.163 16495 16495 D Nappa   : SHOULD_PREFETCH true
08-04 14:18:58.261 16495 16513 D Nappa   : registerActivity: (already in) nappatfpr.io.github.project_travel_mate.utilities.UpcomingWeekendsActivity
08-04 14:18:58.262 16495 16513 D Nappa   : PARENTS 
08-04 14:18:58.262 16495 16513 D Nappa   : Of: nappatfpr.io.github.project_travel_mate.utilities.UpcomingWeekendsActivity -> 
08-04 14:18:58.262 16495 16513 D Nappa   : PARENTS nappatfpr.io.github.project_travel_mate.MainActivity
08-04 14:18:58.262 16495 16513 D Nappa   : PARENTS has extra: (cityobject_, objects.City@997761d)
08-04 14:18:58.262 16495 16513 D Nappa   : PARENTS nappatfpr.io.github.project_travel_mate.SplashActivity
08-04 14:18:58.263 16495 16495 D Nappa   : registerActivity: (already in) nappatfpr.io.github.project_travel_mate.utilities.UpcomingWeekendsActivity
08-04 14:18:58.264 16495 16495 D Nappa   : STATS Number of requests not prefetched: 10
08-04 14:18:58.264 16495 16495 D Nappa   : STATS Number of requests prefetched: 14
08-04 14:18:58.264 16495 16495 D Nappa   : STATS Time saved until now: 0.796
08-04 14:18:58.463 16495 16513 D Nappa   : PREFETCH_ON_EXTRA - setCurrentActivity - logs - from extra - made prediction isfalse
08-04 14:18:58.764 16495 16513 D Nappa   : PREFETCH_ON_EXTRA - setCurrentActivity - starting new prediction
08-04 14:18:58.764 16495 16513 D Nappa   : Current node - currentActivityName - nappatfpr.io.github.project_travel_mate.utilities.UpcomingWeekendsActivity
08-04 14:18:58.764 16495 16513 D Nappa   : Current node - activityGraph.getCurrent() - nappatfpr.io.github.project_travel_mate.utilities.UpcomingWeekendsActivity
08-04 14:18:58.765 16495 16513 D Nappa   : PREFETCH_ON_EXTRA - setCurrentActivity - finished new prediction
08-04 14:19:02.852 16495 16495 D Nappa   : Stayed on nappatfpr.io.github.project_travel_mate.utilities.UpcomingWeekendsActivity for 4588 ms
08-04 14:19:02.862 16495 16495 D Nappa   : setCurrentActivity - MetricStrategyAccuracy - 
08-04 14:19:02.862 16495 16495 D Nappa   : madePredictionFromActivity = true, 
08-04 14:19:02.862 16495 16495 D Nappa   : fromActivity = nappatfpr.io.github.project_travel_mate.utilities.UpcomingWeekendsActivity, 
08-04 14:19:02.862 16495 16495 D Nappa   : predictedNextActivityFromActivity = [], 
08-04 14:19:02.862 16495 16495 D Nappa   : activity.getClass().getCanonicalName() = nappatfpr.io.github.project_travel_mate.MainActivity, 
08-04 14:19:02.862 16495 16495 D Nappa   : setCurrentActivity - MetricStrategyAccuracy - 
08-04 14:19:02.862 16495 16495 D Nappa   : madePredictionFromExtra = false, 
08-04 14:19:02.862 16495 16495 D Nappa   : fromActivity = nappatfpr.io.github.project_travel_mate.utilities.UpcomingWeekendsActivity, 
08-04 14:19:02.862 16495 16495 D Nappa   : predictedNextActivityFromExtra = [], 
08-04 14:19:02.862 16495 16495 D Nappa   : activity.getClass().getCanonicalName() = nappatfpr.io.github.project_travel_mate.MainActivity, 
08-04 14:19:02.863 16495 16495 D Nappa   : PREFETCH_ON_EXTRA - setCurrentActivity - logs - from activity - made prediction istrue
08-04 14:19:02.863 16495 16495 D Nappa   : PREFETCH_ON_EXTRA - setCurrentActivity - logs - from activity - start
08-04 14:19:02.863 16495 16495 D Nappa   : PREFETCH_ON_EXTRA - setCurrentActivity - logs - from activity- finished
08-04 14:19:02.963 16495 16495 D Nappa   : registerActivity: (already in) nappatfpr.io.github.project_travel_mate.MainActivity
08-04 14:19:02.963 16495 16495 D Nappa   : SHOULD_PREFETCH false
08-04 14:19:02.964 16495 16495 D Nappa   : STATS Number of requests not prefetched: 10
08-04 14:19:02.964 16495 16495 D Nappa   : STATS Number of requests prefetched: 14
08-04 14:19:02.964 16495 16495 D Nappa   : STATS Time saved until now: 0.796
08-04 14:19:02.968 16495 16495 D Nappa   : TAG okHttpClient initialized
08-04 14:19:02.970 16495 18515 D Nappa   : F1_SCORE add_intercept_url - (already in) - https://project-travel-mate.herokuapp.com/api/number-of-unread-notifications
08-04 14:19:02.970 16495 18515 D Nappa   : F1_SCORE add_fn_url - (already in) - https://project-travel-mate.herokuapp.com/api/number-of-unread-notifications
08-04 14:19:02.970 16495 18515 D Nappa   : -------------F1_SCORE #35 -----------
08-04 14:19:02.970 16495 18515 D Nappa   : F1_SCORE - Intercept list (9)= [https://project-travel-mate.herokuapp.com/api/get-user, https://project-travel-mate.herokuapp.com/api/get-all-cities/10, https://project-travel-mate.herokuapp.com/api/number-of-unread-notifications, https://project-travel-mate.herokuapp.com/api/get-city-weather/1, https://project-travel-mate.herokuapp.com/api/get-city/1, https://project-travel-mate.herokuapp.com/api/get-city-information/1, https://project-travel-mate.herokuapp.com/api/get-city-facts/1, https://project-travel-mate.herokuapp.com/api/get-city-images/1, https://project-travel-mate.herokuapp.com/api/get-upcoming-holidays/2020]
08-04 14:19:02.970 16495 18515 D Nappa   : F1_SCORE - Prefetch list (0)= []
08-04 14:19:02.970 16495 18515 D Nappa   : F1_SCORE - TP list (0)= []
08-04 14:19:02.970 16495 18515 D Nappa   : F1_SCORE - FN list (9)= [https://project-travel-mate.herokuapp.com/api/get-user, https://project-travel-mate.herokuapp.com/api/get-all-cities/10, https://project-travel-mate.herokuapp.com/api/number-of-unread-notifications, https://project-travel-mate.herokuapp.com/api/get-city-weather/1, https://project-travel-mate.herokuapp.com/api/get-city/1, https://project-travel-mate.herokuapp.com/api/get-city-information/1, https://project-travel-mate.herokuapp.com/api/get-city-facts/1, https://project-travel-mate.herokuapp.com/api/get-city-images/1, https://project-travel-mate.herokuapp.com/api/get-upcoming-holidays/2020]
08-04 14:19:03.070 16495 16513 D Nappa   : registerActivity: (already in) nappatfpr.io.github.project_travel_mate.MainActivity
08-04 14:19:03.070 16495 16513 D Nappa   : PARENTS 
08-04 14:19:03.070 16495 16513 D Nappa   : Of: nappatfpr.io.github.project_travel_mate.MainActivity -> 
08-04 14:19:03.070 16495 16513 D Nappa   : PARENTS nappatfpr.io.github.project_travel_mate.SplashActivity
08-04 14:19:03.263 16495 16513 D Nappa   : PREFETCH_ON_EXTRA - setCurrentActivity - logs - from extra - made prediction isfalse
08-04 14:19:08.336 16495 16495 D Nappa   : Stayed on nappatfpr.io.github.project_travel_mate.MainActivity for 5372 ms
08-04 14:19:08.384 16495 16495 D Nappa   : TAG okHttpClient initialized
08-04 14:19:08.386 16495 18646 D Nappa   : F1_SCORE add_intercept_url - (new) - https://project-travel-mate.herokuapp.com/api/get-notifications
08-04 14:19:08.386 16495 18646 D Nappa   : F1_SCORE add_fn_url - (new) - https://project-travel-mate.herokuapp.com/api/get-notifications
08-04 14:19:08.386 16495 18646 D Nappa   : -------------F1_SCORE #37 -----------
08-04 14:19:08.386 16495 18646 D Nappa   : F1_SCORE - Intercept list (10)= [https://project-travel-mate.herokuapp.com/api/get-user, https://project-travel-mate.herokuapp.com/api/get-all-cities/10, https://project-travel-mate.herokuapp.com/api/number-of-unread-notifications, https://project-travel-mate.herokuapp.com/api/get-city-weather/1, https://project-travel-mate.herokuapp.com/api/get-city/1, https://project-travel-mate.herokuapp.com/api/get-city-information/1, https://project-travel-mate.herokuapp.com/api/get-city-facts/1, https://project-travel-mate.herokuapp.com/api/get-city-images/1, https://project-travel-mate.herokuapp.com/api/get-upcoming-holidays/2020, https://project-travel-mate.herokuapp.com/api/get-notifications]
08-04 14:19:08.386 16495 18646 D Nappa   : F1_SCORE - Prefetch list (0)= []
08-04 14:19:08.386 16495 18646 D Nappa   : F1_SCORE - TP list (0)= []
08-04 14:19:08.386 16495 18646 D Nappa   : F1_SCORE - FN list (10)= [https://project-travel-mate.herokuapp.com/api/get-user, https://project-travel-mate.herokuapp.com/api/get-all-cities/10, https://project-travel-mate.herokuapp.com/api/number-of-unread-notifications, https://project-travel-mate.herokuapp.com/api/get-city-weather/1, https://project-travel-mate.herokuapp.com/api/get-city/1, https://project-travel-mate.herokuapp.com/api/get-city-information/1, https://project-travel-mate.herokuapp.com/api/get-city-facts/1, https://project-travel-mate.herokuapp.com/api/get-city-images/1, https://project-travel-mate.herokuapp.com/api/get-upcoming-holidays/2020, https://project-travel-mate.herokuapp.com/api/get-notifications]
08-04 14:19:08.387 16495 16495 D Nappa   : TAG okHttpClient initialized
08-04 14:19:08.388 16495 16495 D Nappa   : setCurrentActivity - MetricStrategyAccuracy - 
08-04 14:19:08.388 16495 16495 D Nappa   : madePredictionFromActivity = false, 
08-04 14:19:08.388 16495 16495 D Nappa   : fromActivity = nappatfpr.io.github.project_travel_mate.MainActivity, 
08-04 14:19:08.388 16495 16495 D Nappa   : predictedNextActivityFromActivity = [], 
08-04 14:19:08.388 16495 16495 D Nappa   : activity.getClass().getCanonicalName() = nappatfpr.io.github.project_travel_mate.notifications.NotificationsActivity, 
08-04 14:19:08.388 16495 16495 D Nappa   : setCurrentActivity - MetricStrategyAccuracy - 
08-04 14:19:08.388 16495 16495 D Nappa   : madePredictionFromExtra = false, 
08-04 14:19:08.388 16495 16495 D Nappa   : fromActivity = nappatfpr.io.github.project_travel_mate.MainActivity, 
08-04 14:19:08.388 16495 16495 D Nappa   : predictedNextActivityFromExtra = [], 
08-04 14:19:08.388 16495 16495 D Nappa   : activity.getClass().getCanonicalName() = nappatfpr.io.github.project_travel_mate.notifications.NotificationsActivity, 
08-04 14:19:08.389 16495 16495 D Nappa   : PREFETCH_ON_EXTRA - setCurrentActivity - logs - from activity - made prediction isfalse
08-04 14:19:08.390 16495 18647 D Nappa   : F1_SCORE add_intercept_url - (already in) - https://project-travel-mate.herokuapp.com/api/get-notifications
08-04 14:19:08.390 16495 18647 D Nappa   : F1_SCORE add_fn_url - (already in) - https://project-travel-mate.herokuapp.com/api/get-notifications
08-04 14:19:08.390 16495 18647 D Nappa   : -------------F1_SCORE #38 -----------
08-04 14:19:08.390 16495 18647 D Nappa   : F1_SCORE - Intercept list (10)= [https://project-travel-mate.herokuapp.com/api/get-user, https://project-travel-mate.herokuapp.com/api/get-all-cities/10, https://project-travel-mate.herokuapp.com/api/number-of-unread-notifications, https://project-travel-mate.herokuapp.com/api/get-city-weather/1, https://project-travel-mate.herokuapp.com/api/get-city/1, https://project-travel-mate.herokuapp.com/api/get-city-information/1, https://project-travel-mate.herokuapp.com/api/get-city-facts/1, https://project-travel-mate.herokuapp.com/api/get-city-images/1, https://project-travel-mate.herokuapp.com/api/get-upcoming-holidays/2020, https://project-travel-mate.herokuapp.com/api/get-notifications]
08-04 14:19:08.390 16495 18647 D Nappa   : F1_SCORE - Prefetch list (0)= []
08-04 14:19:08.390 16495 18647 D Nappa   : F1_SCORE - TP list (0)= []
08-04 14:19:08.391 16495 18647 D Nappa   : F1_SCORE - FN list (10)= [https://project-travel-mate.herokuapp.com/api/get-user, https://project-travel-mate.herokuapp.com/api/get-all-cities/10, https://project-travel-mate.herokuapp.com/api/number-of-unread-notifications, https://project-travel-mate.herokuapp.com/api/get-city-weather/1, https://project-travel-mate.herokuapp.com/api/get-city/1, https://project-travel-mate.herokuapp.com/api/get-city-information/1, https://project-travel-mate.herokuapp.com/api/get-city-facts/1, https://project-travel-mate.herokuapp.com/api/get-city-images/1, https://project-travel-mate.herokuapp.com/api/get-upcoming-holidays/2020, https://project-travel-mate.herokuapp.com/api/get-notifications]
08-04 14:19:08.486 16495 16513 D Nappa   : registerActivity: (already in) nappatfpr.io.github.project_travel_mate.MainActivity
08-04 14:19:08.486 16495 16513 D Nappa   : PARENTS 
08-04 14:19:08.486 16495 16513 D Nappa   : Of: nappatfpr.io.github.project_travel_mate.MainActivity -> 
08-04 14:19:08.486 16495 16513 D Nappa   : PARENTS nappatfpr.io.github.project_travel_mate.SplashActivity
08-04 14:19:08.489 16495 16495 D Nappa   : registerActivity: (already in) nappatfpr.io.github.project_travel_mate.notifications.NotificationsActivity
08-04 14:19:08.490 16495 16495 D Nappa   : SHOULD_PREFETCH true
08-04 14:19:08.587 16495 16513 D Nappa   : registerActivity: (already in) nappatfpr.io.github.project_travel_mate.notifications.NotificationsActivity
08-04 14:19:08.587 16495 16513 D Nappa   : PARENTS 
08-04 14:19:08.587 16495 16513 D Nappa   : Of: nappatfpr.io.github.project_travel_mate.notifications.NotificationsActivity -> 
08-04 14:19:08.587 16495 16513 D Nappa   : PARENTS nappatfpr.io.github.project_travel_mate.MainActivity
08-04 14:19:08.587 16495 16513 D Nappa   : PARENTS has extra: (cityobject_, objects.City@997761d)
08-04 14:19:08.587 16495 16513 D Nappa   : PARENTS nappatfpr.io.github.project_travel_mate.SplashActivity
08-04 14:19:08.590 16495 16495 D Nappa   : registerActivity: (already in) nappatfpr.io.github.project_travel_mate.notifications.NotificationsActivity
08-04 14:19:08.590 16495 16495 D Nappa   : STATS Number of requests not prefetched: 10
08-04 14:19:08.590 16495 16495 D Nappa   : STATS Number of requests prefetched: 15
08-04 14:19:08.590 16495 16495 D Nappa   : STATS Time saved until now: 0.87
08-04 14:19:08.789 16495 16513 D Nappa   : PREFETCH_ON_EXTRA - setCurrentActivity - logs - from extra - made prediction isfalse
08-04 14:19:09.090 16495 16513 D Nappa   : PREFETCH_ON_EXTRA - setCurrentActivity - starting new prediction
08-04 14:19:09.091 16495 16513 D Nappa   : Current node - currentActivityName - nappatfpr.io.github.project_travel_mate.notifications.NotificationsActivity
08-04 14:19:09.091 16495 16513 D Nappa   : Current node - activityGraph.getCurrent() - nappatfpr.io.github.project_travel_mate.notifications.NotificationsActivity
08-04 14:19:09.091 16495 16513 D Nappa   : PREFETCH_ON_EXTRA - setCurrentActivity - finished new prediction
08-04 14:19:13.197 16495 16495 D Nappa   : Stayed on nappatfpr.io.github.project_travel_mate.notifications.NotificationsActivity for 4607 ms
08-04 14:19:13.214 16495 16495 D Nappa   : setCurrentActivity - MetricStrategyAccuracy - 
08-04 14:19:13.214 16495 16495 D Nappa   : madePredictionFromActivity = true, 
08-04 14:19:13.214 16495 16495 D Nappa   : fromActivity = nappatfpr.io.github.project_travel_mate.notifications.NotificationsActivity, 
08-04 14:19:13.214 16495 16495 D Nappa   : predictedNextActivityFromActivity = [], 
08-04 14:19:13.214 16495 16495 D Nappa   : activity.getClass().getCanonicalName() = nappatfpr.io.github.project_travel_mate.MainActivity, 
08-04 14:19:13.214 16495 16495 D Nappa   : setCurrentActivity - MetricStrategyAccuracy - 
08-04 14:19:13.214 16495 16495 D Nappa   : madePredictionFromExtra = false, 
08-04 14:19:13.214 16495 16495 D Nappa   : fromActivity = nappatfpr.io.github.project_travel_mate.notifications.NotificationsActivity, 
08-04 14:19:13.214 16495 16495 D Nappa   : predictedNextActivityFromExtra = [], 
08-04 14:19:13.214 16495 16495 D Nappa   : activity.getClass().getCanonicalName() = nappatfpr.io.github.project_travel_mate.MainActivity, 
08-04 14:19:13.214 16495 16495 D Nappa   : PREFETCH_ON_EXTRA - setCurrentActivity - logs - from activity - made prediction istrue
08-04 14:19:13.214 16495 16495 D Nappa   : PREFETCH_ON_EXTRA - setCurrentActivity - logs - from activity - start
08-04 14:19:13.214 16495 16495 D Nappa   : PREFETCH_ON_EXTRA - setCurrentActivity - logs - from activity- finished
08-04 14:19:13.314 16495 16495 D Nappa   : registerActivity: (already in) nappatfpr.io.github.project_travel_mate.MainActivity
08-04 14:19:13.315 16495 16495 D Nappa   : SHOULD_PREFETCH false
08-04 14:19:13.315 16495 16495 D Nappa   : STATS Number of requests not prefetched: 12
08-04 14:19:13.315 16495 16495 D Nappa   : STATS Number of requests prefetched: 15
08-04 14:19:13.315 16495 16495 D Nappa   : STATS Time saved until now: 0.87
08-04 14:19:13.321 16495 16495 D Nappa   : TAG okHttpClient initialized
08-04 14:19:13.325 16495 18740 D Nappa   : F1_SCORE add_intercept_url - (already in) - https://project-travel-mate.herokuapp.com/api/number-of-unread-notifications
08-04 14:19:13.325 16495 18740 D Nappa   : F1_SCORE add_fn_url - (already in) - https://project-travel-mate.herokuapp.com/api/number-of-unread-notifications
08-04 14:19:13.325 16495 18740 D Nappa   : -------------F1_SCORE #39 -----------
08-04 14:19:13.325 16495 18740 D Nappa   : F1_SCORE - Intercept list (10)= [https://project-travel-mate.herokuapp.com/api/get-user, https://project-travel-mate.herokuapp.com/api/get-all-cities/10, https://project-travel-mate.herokuapp.com/api/number-of-unread-notifications, https://project-travel-mate.herokuapp.com/api/get-city-weather/1, https://project-travel-mate.herokuapp.com/api/get-city/1, https://project-travel-mate.herokuapp.com/api/get-city-information/1, https://project-travel-mate.herokuapp.com/api/get-city-facts/1, https://project-travel-mate.herokuapp.com/api/get-city-images/1, https://project-travel-mate.herokuapp.com/api/get-upcoming-holidays/2020, https://project-travel-mate.herokuapp.com/api/get-notifications]
08-04 14:19:13.325 16495 18740 D Nappa   : F1_SCORE - Prefetch list (0)= []
08-04 14:19:13.325 16495 18740 D Nappa   : F1_SCORE - TP list (0)= []
08-04 14:19:13.325 16495 18740 D Nappa   : F1_SCORE - FN list (10)= [https://project-travel-mate.herokuapp.com/api/get-user, https://project-travel-mate.herokuapp.com/api/get-all-cities/10, https://project-travel-mate.herokuapp.com/api/number-of-unread-notifications, https://project-travel-mate.herokuapp.com/api/get-city-weather/1, https://project-travel-mate.herokuapp.com/api/get-city/1, https://project-travel-mate.herokuapp.com/api/get-city-information/1, https://project-travel-mate.herokuapp.com/api/get-city-facts/1, https://project-travel-mate.herokuapp.com/api/get-city-images/1, https://project-travel-mate.herokuapp.com/api/get-upcoming-holidays/2020, https://project-travel-mate.herokuapp.com/api/get-notifications]
08-04 14:19:13.425 16495 16513 D Nappa   : registerActivity: (already in) nappatfpr.io.github.project_travel_mate.MainActivity
08-04 14:19:13.425 16495 16513 D Nappa   : PARENTS 
08-04 14:19:13.425 16495 16513 D Nappa   : Of: nappatfpr.io.github.project_travel_mate.MainActivity -> 
08-04 14:19:13.425 16495 16513 D Nappa   : PARENTS nappatfpr.io.github.project_travel_mate.SplashActivity
08-04 14:19:13.615 16495 16513 D Nappa   : PREFETCH_ON_EXTRA - setCurrentActivity - logs - from extra - made prediction isfalse
08-04 14:19:16.167 16495 16495 D Nappa   : TAG okHttpClient initialized
08-04 14:19:16.169 16495 18806 D Nappa   : F1_SCORE add_intercept_url - (already in) - https://project-travel-mate.herokuapp.com/api/number-of-unread-notifications
08-04 14:19:16.169 16495 18806 D Nappa   : F1_SCORE add_fn_url - (already in) - https://project-travel-mate.herokuapp.com/api/number-of-unread-notifications
08-04 14:19:16.169 16495 18806 D Nappa   : -------------F1_SCORE #41 -----------
08-04 14:19:16.169 16495 18806 D Nappa   : F1_SCORE - Intercept list (10)= [https://project-travel-mate.herokuapp.com/api/get-user, https://project-travel-mate.herokuapp.com/api/get-all-cities/10, https://project-travel-mate.herokuapp.com/api/number-of-unread-notifications, https://project-travel-mate.herokuapp.com/api/get-city-weather/1, https://project-travel-mate.herokuapp.com/api/get-city/1, https://project-travel-mate.herokuapp.com/api/get-city-information/1, https://project-travel-mate.herokuapp.com/api/get-city-facts/1, https://project-travel-mate.herokuapp.com/api/get-city-images/1, https://project-travel-mate.herokuapp.com/api/get-upcoming-holidays/2020, https://project-travel-mate.herokuapp.com/api/get-notifications]
08-04 14:19:16.170 16495 18806 D Nappa   : F1_SCORE - Prefetch list (0)= []
08-04 14:19:16.170 16495 18806 D Nappa   : F1_SCORE - TP list (0)= []
08-04 14:19:16.170 16495 18806 D Nappa   : F1_SCORE - FN list (10)= [https://project-travel-mate.herokuapp.com/api/get-user, https://project-travel-mate.herokuapp.com/api/get-all-cities/10, https://project-travel-mate.herokuapp.com/api/number-of-unread-notifications, https://project-travel-mate.herokuapp.com/api/get-city-weather/1, https://project-travel-mate.herokuapp.com/api/get-city/1, https://project-travel-mate.herokuapp.com/api/get-city-information/1, https://project-travel-mate.herokuapp.com/api/get-city-facts/1, https://project-travel-mate.herokuapp.com/api/get-city-images/1, https://project-travel-mate.herokuapp.com/api/get-upcoming-holidays/2020, https://project-travel-mate.herokuapp.com/api/get-notifications]
08-04 14:19:16.269 16495 16513 D Nappa   : registerActivity: (already in) nappatfpr.io.github.project_travel_mate.MainActivity
08-04 14:19:16.270 16495 16513 D Nappa   : PARENTS 
08-04 14:19:16.270 16495 16513 D Nappa   : Of: nappatfpr.io.github.project_travel_mate.MainActivity -> 
08-04 14:19:16.270 16495 16513 D Nappa   : PARENTS nappatfpr.io.github.project_travel_mate.SplashActivity
08-04 14:19:19.970 16495 16495 D Nappa   : TAG okHttpClient initialized
08-04 14:19:19.972 16495 18881 D Nappa   : F1_SCORE add_intercept_url - (already in) - https://project-travel-mate.herokuapp.com/api/number-of-unread-notifications
08-04 14:19:19.972 16495 18881 D Nappa   : F1_SCORE add_fn_url - (already in) - https://project-travel-mate.herokuapp.com/api/number-of-unread-notifications
08-04 14:19:19.973 16495 18881 D Nappa   : -------------F1_SCORE #42 -----------
08-04 14:19:19.973 16495 18881 D Nappa   : F1_SCORE - Intercept list (10)= [https://project-travel-mate.herokuapp.com/api/get-user, https://project-travel-mate.herokuapp.com/api/get-all-cities/10, https://project-travel-mate.herokuapp.com/api/number-of-unread-notifications, https://project-travel-mate.herokuapp.com/api/get-city-weather/1, https://project-travel-mate.herokuapp.com/api/get-city/1, https://project-travel-mate.herokuapp.com/api/get-city-information/1, https://project-travel-mate.herokuapp.com/api/get-city-facts/1, https://project-travel-mate.herokuapp.com/api/get-city-images/1, https://project-travel-mate.herokuapp.com/api/get-upcoming-holidays/2020, https://project-travel-mate.herokuapp.com/api/get-notifications]
08-04 14:19:19.973 16495 18881 D Nappa   : F1_SCORE - Prefetch list (0)= []
08-04 14:19:19.973 16495 18881 D Nappa   : F1_SCORE - TP list (0)= []
08-04 14:19:19.973 16495 18881 D Nappa   : F1_SCORE - FN list (10)= [https://project-travel-mate.herokuapp.com/api/get-user, https://project-travel-mate.herokuapp.com/api/get-all-cities/10, https://project-travel-mate.herokuapp.com/api/number-of-unread-notifications, https://project-travel-mate.herokuapp.com/api/get-city-weather/1, https://project-travel-mate.herokuapp.com/api/get-city/1, https://project-travel-mate.herokuapp.com/api/get-city-information/1, https://project-travel-mate.herokuapp.com/api/get-city-facts/1, https://project-travel-mate.herokuapp.com/api/get-city-images/1, https://project-travel-mate.herokuapp.com/api/get-upcoming-holidays/2020, https://project-travel-mate.herokuapp.com/api/get-notifications]
08-04 14:19:20.073 16495 16513 D Nappa   : registerActivity: (already in) nappatfpr.io.github.project_travel_mate.MainActivity
08-04 14:19:20.073 16495 16513 D Nappa   : PARENTS 
08-04 14:19:20.073 16495 16513 D Nappa   : Of: nappatfpr.io.github.project_travel_mate.MainActivity -> 
08-04 14:19:20.073 16495 16513 D Nappa   : PARENTS nappatfpr.io.github.project_travel_mate.SplashActivity
08-04 14:19:22.907 16495 16495 D Nappa   : Stayed on nappatfpr.io.github.project_travel_mate.MainActivity for 9592 ms
08-04 14:19:22.937 16495 16495 D Nappa   : setCurrentActivity - MetricStrategyAccuracy - 
08-04 14:19:22.937 16495 16495 D Nappa   : madePredictionFromActivity = false, 
08-04 14:19:22.937 16495 16495 D Nappa   : fromActivity = nappatfpr.io.github.project_travel_mate.MainActivity, 
08-04 14:19:22.937 16495 16495 D Nappa   : predictedNextActivityFromActivity = [], 
08-04 14:19:22.937 16495 16495 D Nappa   : activity.getClass().getCanonicalName() = nappatfpr.io.github.project_travel_mate.utilities.ChecklistActivity, 
08-04 14:19:22.937 16495 16495 D Nappa   : setCurrentActivity - MetricStrategyAccuracy - 
08-04 14:19:22.937 16495 16495 D Nappa   : madePredictionFromExtra = false, 
08-04 14:19:22.937 16495 16495 D Nappa   : fromActivity = nappatfpr.io.github.project_travel_mate.MainActivity, 
08-04 14:19:22.937 16495 16495 D Nappa   : predictedNextActivityFromExtra = [], 
08-04 14:19:22.937 16495 16495 D Nappa   : activity.getClass().getCanonicalName() = nappatfpr.io.github.project_travel_mate.utilities.ChecklistActivity, 
08-04 14:19:22.937 16495 16495 D Nappa   : PREFETCH_ON_EXTRA - setCurrentActivity - logs - from activity - made prediction isfalse
08-04 14:19:23.040 16495 16495 D Nappa   : registerActivity: (already in) nappatfpr.io.github.project_travel_mate.utilities.ChecklistActivity
08-04 14:19:23.041 16495 16495 D Nappa   : SHOULD_PREFETCH true
08-04 14:19:23.141 16495 16495 D Nappa   : registerActivity: (already in) nappatfpr.io.github.project_travel_mate.utilities.ChecklistActivity
08-04 14:19:23.141 16495 16495 D Nappa   : STATS Number of requests not prefetched: 12
08-04 14:19:23.141 16495 16495 D Nappa   : STATS Number of requests prefetched: 18
08-04 14:19:23.141 16495 16495 D Nappa   : STATS Time saved until now: 1.092
08-04 14:19:23.338 16495 16513 D Nappa   : PREFETCH_ON_EXTRA - setCurrentActivity - logs - from extra - made prediction isfalse
08-04 14:19:23.641 16495 16513 D Nappa   : PREFETCH_ON_EXTRA - setCurrentActivity - starting new prediction
08-04 14:19:23.641 16495 16513 D Nappa   : Current node - currentActivityName - nappatfpr.io.github.project_travel_mate.utilities.ChecklistActivity
08-04 14:19:23.642 16495 16513 D Nappa   : Current node - activityGraph.getCurrent() - nappatfpr.io.github.project_travel_mate.utilities.ChecklistActivity
08-04 14:19:23.642 16495 16513 D Nappa   : PREFETCH_ON_EXTRA - setCurrentActivity - finished new prediction
08-04 14:19:27.847 16495 16495 D Nappa   : Stayed on nappatfpr.io.github.project_travel_mate.utilities.ChecklistActivity for 4706 ms
08-04 14:19:27.854 16495 16495 D Nappa   : setCurrentActivity - MetricStrategyAccuracy - 
08-04 14:19:27.854 16495 16495 D Nappa   : madePredictionFromActivity = true, 
08-04 14:19:27.854 16495 16495 D Nappa   : fromActivity = nappatfpr.io.github.project_travel_mate.utilities.ChecklistActivity, 
08-04 14:19:27.854 16495 16495 D Nappa   : predictedNextActivityFromActivity = [], 
08-04 14:19:27.854 16495 16495 D Nappa   : activity.getClass().getCanonicalName() = nappatfpr.io.github.project_travel_mate.MainActivity, 
08-04 14:19:27.855 16495 16495 D Nappa   : setCurrentActivity - MetricStrategyAccuracy - 
08-04 14:19:27.855 16495 16495 D Nappa   : madePredictionFromExtra = false, 
08-04 14:19:27.855 16495 16495 D Nappa   : fromActivity = nappatfpr.io.github.project_travel_mate.utilities.ChecklistActivity, 
08-04 14:19:27.855 16495 16495 D Nappa   : predictedNextActivityFromExtra = [], 
08-04 14:19:27.855 16495 16495 D Nappa   : activity.getClass().getCanonicalName() = nappatfpr.io.github.project_travel_mate.MainActivity, 
08-04 14:19:27.855 16495 16495 D Nappa   : PREFETCH_ON_EXTRA - setCurrentActivity - logs - from activity - made prediction istrue
08-04 14:19:27.855 16495 16495 D Nappa   : PREFETCH_ON_EXTRA - setCurrentActivity - logs - from activity - start
08-04 14:19:27.855 16495 16495 D Nappa   : PREFETCH_ON_EXTRA - setCurrentActivity - logs - from activity- finished
08-04 14:19:27.955 16495 16495 D Nappa   : registerActivity: (already in) nappatfpr.io.github.project_travel_mate.MainActivity
08-04 14:19:27.957 16495 16495 D Nappa   : SHOULD_PREFETCH false
08-04 14:19:27.957 16495 16495 D Nappa   : STATS Number of requests not prefetched: 12
08-04 14:19:27.957 16495 16495 D Nappa   : STATS Number of requests prefetched: 18
08-04 14:19:27.957 16495 16495 D Nappa   : STATS Time saved until now: 1.092
08-04 14:19:27.961 16495 16495 D Nappa   : TAG okHttpClient initialized
08-04 14:19:27.967 16495 19015 D Nappa   : F1_SCORE add_intercept_url - (already in) - https://project-travel-mate.herokuapp.com/api/number-of-unread-notifications
08-04 14:19:27.967 16495 19015 D Nappa   : F1_SCORE add_fn_url - (already in) - https://project-travel-mate.herokuapp.com/api/number-of-unread-notifications
08-04 14:19:27.967 16495 19015 D Nappa   : -------------F1_SCORE #43 -----------
08-04 14:19:27.967 16495 19015 D Nappa   : F1_SCORE - Intercept list (10)= [https://project-travel-mate.herokuapp.com/api/get-user, https://project-travel-mate.herokuapp.com/api/get-all-cities/10, https://project-travel-mate.herokuapp.com/api/number-of-unread-notifications, https://project-travel-mate.herokuapp.com/api/get-city-weather/1, https://project-travel-mate.herokuapp.com/api/get-city/1, https://project-travel-mate.herokuapp.com/api/get-city-information/1, https://project-travel-mate.herokuapp.com/api/get-city-facts/1, https://project-travel-mate.herokuapp.com/api/get-city-images/1, https://project-travel-mate.herokuapp.com/api/get-upcoming-holidays/2020, https://project-travel-mate.herokuapp.com/api/get-notifications]
08-04 14:19:27.967 16495 19015 D Nappa   : F1_SCORE - Prefetch list (0)= []
08-04 14:19:27.967 16495 19015 D Nappa   : F1_SCORE - TP list (0)= []
08-04 14:19:27.967 16495 19015 D Nappa   : F1_SCORE - FN list (10)= [https://project-travel-mate.herokuapp.com/api/get-user, https://project-travel-mate.herokuapp.com/api/get-all-cities/10, https://project-travel-mate.herokuapp.com/api/number-of-unread-notifications, https://project-travel-mate.herokuapp.com/api/get-city-weather/1, https://project-travel-mate.herokuapp.com/api/get-city/1, https://project-travel-mate.herokuapp.com/api/get-city-information/1, https://project-travel-mate.herokuapp.com/api/get-city-facts/1, https://project-travel-mate.herokuapp.com/api/get-city-images/1, https://project-travel-mate.herokuapp.com/api/get-upcoming-holidays/2020, https://project-travel-mate.herokuapp.com/api/get-notifications]
08-04 14:19:28.067 16495 16513 D Nappa   : registerActivity: (already in) nappatfpr.io.github.project_travel_mate.MainActivity
08-04 14:19:28.067 16495 16513 D Nappa   : PARENTS 
08-04 14:19:28.067 16495 16513 D Nappa   : Of: nappatfpr.io.github.project_travel_mate.MainActivity -> 
08-04 14:19:28.067 16495 16513 D Nappa   : PARENTS nappatfpr.io.github.project_travel_mate.SplashActivity
