--------- beginning of main
08-04 13:38:34.383  6615  6615 I ServiceManager: Waiting for service AtCmdFwd...
08-04 13:38:34.643   918  3188 I hubconnection: sensorhub said: 'set_bias 3: -6.2400, 0.0000, 0.0000'
08-04 13:38:35.004 10053 10053 D AndroidRuntime: >>>>>> START com.android.internal.os.RuntimeInit uid 2000 <<<<<<
08-04 13:38:35.011 10053 10053 D AndroidRuntime: CheckJNI is OFF
08-04 13:38:35.047 10053 10053 D ICU     : No timezone override file found: /data/misc/zoneinfo/current/icu/icu_tzdata.dat
08-04 13:38:35.079 10053 10053 I Radio-JNI: register_android_hardware_Radio DONE
08-04 13:38:35.095 10053 10053 D AndroidRuntime: Calling main entry com.android.commands.monkey.Monkey
--------- beginning of system
08-04 13:38:35.111   918   931 W BroadcastQueue: Skipping deliver [background] BroadcastRecord{f0f9760 u-1 android.net.conn.CONNECTIVITY_CHANGE} to ReceiverList{d10ecde 10053 (unknown name)/2000/u-1 remote:3c992}: process crashing
08-04 13:38:35.122   918  4400 I ActivityManager: START u0 {act=android.intent.action.MAIN cat=[android.intent.category.LAUNCHER] flg=0x10200000 cmp=baseline.com.newsblur/.activity.InitActivity} from uid 2000 on display 0
08-04 13:38:35.163   918  5952 I ActivityManager: Start proc 10062:baseline.com.newsblur/u0a652 for activity baseline.com.newsblur/.activity.InitActivity
08-04 13:38:35.164 10062 10062 I art     : Late-enabling -Xcheck:jni
08-04 13:38:35.169 10053 10053 I art     : System.exit called, status: 0
08-04 13:38:35.169 10053 10053 I AndroidRuntime: VM exiting with result code 0.
08-04 13:38:35.228  2075  1217 I PBSessionCacheImpl: Deleted sessionId[9127543042550561] from persistence.
08-04 13:38:35.232  2075  2107 W SearchServiceCore: Abort, client detached.
08-04 13:38:35.232  2075  2107 I MicroDetectionState: Should stop hotword detection immediately - true
08-04 13:38:35.238 10062 10062 W System  : ClassLoader referenced unknown path: /data/app/baseline.com.newsblur-1/lib/arm64
08-04 13:38:35.281 10062 10062 I baseline.com.newsblur.activity.InitActivity: cold launching version 9.0b1
08-04 13:38:35.288 10062 10078 D OpenGLRenderer: Use EGL_SWAP_BEHAVIOR_PRESERVED: true
08-04 13:38:35.321 10062 10078 I Adreno  : QUALCOMM build                   : fcf4852, I1af360237c
08-04 13:38:35.321 10062 10078 I Adreno  : Build Date                       : 09/23/15
08-04 13:38:35.321 10062 10078 I Adreno  : OpenGL ES Shader Compiler Version: XE031.05.13.02
08-04 13:38:35.321 10062 10078 I Adreno  : Local Branch                     : mybranch14465806
08-04 13:38:35.321 10062 10078 I Adreno  : Remote Branch                    : quic/LA.BF64.1.2.9_v2
08-04 13:38:35.321 10062 10078 I Adreno  : Remote Branch                    : NONE
08-04 13:38:35.321 10062 10078 I Adreno  : Reconstruct Branch               : NOTHING
08-04 13:38:35.329 10062 10078 I OpenGLRenderer: Initialized EGL, version 1.4
08-04 13:38:35.332   918  3961 I ActivityManager: START u0 {cmp=baseline.com.newsblur/.activity.Main} from uid 10652 on display 0
08-04 13:38:35.355   918  5481 W InputMethodManagerService: Focus gain on non-focused client com.android.internal.view.IInputMethodClient$Stub$Proxy@52ddcc1 (uid=10652 pid=10062)
08-04 13:38:35.383  6615  6615 I ServiceManager: Waiting for service AtCmdFwd...
08-04 13:38:35.499 10062 10062 I art     : Rejecting re-init on previously-failed class java.lang.Class<androidx.core.view.ViewCompat$OnUnhandledKeyEventListenerWrapper>
08-04 13:38:35.499 10062 10062 I art     : Rejecting re-init on previously-failed class java.lang.Class<androidx.core.view.ViewCompat$OnUnhandledKeyEventListenerWrapper>
08-04 13:38:35.528 10062 10062 E BitmapFactory: Unable to decode stream: java.io.FileNotFoundException: /data/user/0/baseline.com.newsblur/cache/userProfilePicture: open failed: ENOENT (No such file or directory)
08-04 13:38:35.662 13866 13866 I GoogleInputMethodServic: GoogleInputMethodService.onFinishInput():3138 
08-04 13:38:35.663 13866 13866 I GoogleInputMethodServic: GoogleInputMethodService.onStartInput():1808 
08-04 13:38:35.775   918   936 I ActivityManager: Displayed baseline.com.newsblur/.activity.Main: +418ms (total +645ms)
08-04 13:38:36.384  6615  6615 I ServiceManager: Waiting for service AtCmdFwd...
08-04 13:38:36.790 10107 10107 D AndroidRuntime: >>>>>> START com.android.internal.os.RuntimeInit uid 2000 <<<<<<
08-04 13:38:36.798 10107 10107 D AndroidRuntime: CheckJNI is OFF
08-04 13:38:36.831 10107 10107 D ICU     : No timezone override file found: /data/misc/zoneinfo/current/icu/icu_tzdata.dat
08-04 13:38:36.860 10107 10107 I Radio-JNI: register_android_hardware_Radio DONE
08-04 13:38:36.876 10107 10107 D AndroidRuntime: Calling main entry com.android.commands.am.Am
08-04 13:38:36.884  2375  2375 I Trepn   : Trepn 6.2s: Received intent: com.quicinc.trepn.start_profiling
08-04 13:38:36.992  2375  2375 W FileUtils: Failed to chmod(/storage/emulated/0/trepn/Trepn_2020.08.04_133836.db): android.system.ErrnoException: chmod failed: EPERM (Operation not permitted)
08-04 13:38:37.081  2375  2375 I Trepn   : Trepn 6.2s: Trepn has Started Profiling.
08-04 13:38:37.083 10107 10107 D AndroidRuntime: Shutting down VM
08-04 13:38:37.385  6615  6615 I ServiceManager: Waiting for service AtCmdFwd...
08-04 13:38:37.565 10062 10096 I art     : Starting a blocking GC Explicit
08-04 13:38:37.594 10062 10096 I art     : Explicit concurrent mark sweep GC freed 17187(1564KB) AllocSpace objects, 35(972KB) LOS objects, 38% free, 25MB/41MB, paused 219us total 28.812ms
08-04 13:38:37.605 10062 10096 I art     : Starting a blocking GC Explicit
08-04 13:38:37.620 10062 10096 I art     : Explicit concurrent mark sweep GC freed 1416(79KB) AllocSpace objects, 0(0B) LOS objects, 38% free, 25MB/41MB, paused 191us total 14.143ms
08-04 13:38:37.627 10062 10096 I art     : Starting a blocking GC Explicit
08-04 13:38:37.638 10062 10096 I art     : Explicit concurrent mark sweep GC freed 3(96B) AllocSpace objects, 0(0B) LOS objects, 38% free, 25MB/41MB, paused 164us total 10.886ms
08-04 13:38:37.644 10062 10096 I art     : Starting a blocking GC Explicit
08-04 13:38:37.656 10062 10096 I art     : Explicit concurrent mark sweep GC freed 3(96B) AllocSpace objects, 0(0B) LOS objects, 38% free, 25MB/41MB, paused 164us total 11.126ms
08-04 13:38:37.662 10062 10096 I art     : Starting a blocking GC Explicit
08-04 13:38:37.673 10062 10096 I art     : Explicit concurrent mark sweep GC freed 3(96B) AllocSpace objects, 0(0B) LOS objects, 38% free, 25MB/41MB, paused 174us total 11.125ms
08-04 13:38:37.969 10062 10075 I art     : Starting a blocking GC Explicit
08-04 13:38:37.986 10062 10075 I art     : Explicit concurrent mark sweep GC freed 1394(80KB) AllocSpace objects, 1(20KB) LOS objects, 38% free, 25MB/41MB, paused 249us total 16.574ms
08-04 13:38:37.998 10062 10075 I art     : Starting a blocking GC Explicit
08-04 13:38:38.010 10062 10075 I art     : Explicit concurrent mark sweep GC freed 20(704B) AllocSpace objects, 0(0B) LOS objects, 38% free, 25MB/41MB, paused 169us total 11.703ms
08-04 13:38:38.016 10062 10075 I art     : Starting a blocking GC Explicit
08-04 13:38:38.027 10062 10075 I art     : Explicit concurrent mark sweep GC freed 3(96B) AllocSpace objects, 0(0B) LOS objects, 38% free, 25MB/41MB, paused 166us total 11.189ms
08-04 13:38:38.034 10062 10075 I art     : Starting a blocking GC Explicit
08-04 13:38:38.045 10062 10075 I art     : Explicit concurrent mark sweep GC freed 3(96B) AllocSpace objects, 0(0B) LOS objects, 38% free, 25MB/41MB, paused 168us total 11.070ms
08-04 13:38:38.051 10062 10075 I art     : Starting a blocking GC Explicit
08-04 13:38:38.062 10062 10075 I art     : Explicit concurrent mark sweep GC freed 3(96B) AllocSpace objects, 0(0B) LOS objects, 38% free, 25MB/41MB, paused 168us total 11ms
08-04 13:38:38.339 10062 10074 I art     : Starting a blocking GC Explicit
08-04 13:38:38.355 10062 10074 I art     : Explicit concurrent mark sweep GC freed 1381(80KB) AllocSpace objects, 1(20KB) LOS objects, 38% free, 25MB/41MB, paused 181us total 15.747ms
08-04 13:38:38.365 10062 10074 I art     : Starting a blocking GC Explicit
08-04 13:38:38.376 10062 10074 I art     : Explicit concurrent mark sweep GC freed 20(704B) AllocSpace objects, 0(0B) LOS objects, 38% free, 25MB/41MB, paused 154us total 10.849ms
08-04 13:38:38.382 10062 10074 I art     : Starting a blocking GC Explicit
08-04 13:38:38.385  6615  6615 I ServiceManager: Waiting for service AtCmdFwd...
08-04 13:38:38.393 10062 10074 I art     : Explicit concurrent mark sweep GC freed 3(96B) AllocSpace objects, 0(0B) LOS objects, 38% free, 25MB/41MB, paused 158us total 10.563ms
08-04 13:38:38.399 10062 10074 I art     : Starting a blocking GC Explicit
08-04 13:38:38.409 10062 10074 I art     : Explicit concurrent mark sweep GC freed 3(96B) AllocSpace objects, 0(0B) LOS objects, 38% free, 25MB/41MB, paused 155us total 10.069ms
08-04 13:38:38.415 10062 10074 I art     : Starting a blocking GC Explicit
08-04 13:38:38.425 10062 10074 I art     : Explicit concurrent mark sweep GC freed 3(96B) AllocSpace objects, 0(0B) LOS objects, 38% free, 25MB/41MB, paused 155us total 10.556ms
08-04 13:38:38.716 10062 10096 I art     : Starting a blocking GC Explicit
08-04 13:38:38.733 10062 10096 I art     : Explicit concurrent mark sweep GC freed 1380(80KB) AllocSpace objects, 1(20KB) LOS objects, 38% free, 25MB/41MB, paused 202us total 16.104ms
08-04 13:38:38.741 10062 10096 I art     : Starting a blocking GC Explicit
08-04 13:38:38.753 10062 10096 I art     : Explicit concurrent mark sweep GC freed 20(704B) AllocSpace objects, 0(0B) LOS objects, 38% free, 25MB/41MB, paused 179us total 11.613ms
08-04 13:38:38.759 10062 10096 I art     : Starting a blocking GC Explicit
08-04 13:38:38.770 10062 10096 I art     : Explicit concurrent mark sweep GC freed 3(96B) AllocSpace objects, 0(0B) LOS objects, 38% free, 25MB/41MB, paused 163us total 10.560ms
08-04 13:38:38.777 10062 10096 I art     : Starting a blocking GC Explicit
08-04 13:38:38.787 10062 10096 I art     : Explicit concurrent mark sweep GC freed 3(96B) AllocSpace objects, 0(0B) LOS objects, 38% free, 25MB/41MB, paused 159us total 10.373ms
08-04 13:38:38.793 10062 10096 I art     : Starting a blocking GC Explicit
08-04 13:38:38.804 10062 10096 I art     : Explicit concurrent mark sweep GC freed 3(96B) AllocSpace objects, 0(0B) LOS objects, 38% free, 25MB/41MB, paused 163us total 10.579ms
08-04 13:38:39.064 10062 10075 I art     : Starting a blocking GC Explicit
08-04 13:38:39.078 10062 10075 I art     : Explicit concurrent mark sweep GC freed 1380(80KB) AllocSpace objects, 1(20KB) LOS objects, 38% free, 25MB/41MB, paused 231us total 14.306ms
08-04 13:38:39.089 10062 10075 I art     : Starting a blocking GC Explicit
08-04 13:38:39.103 10062 10075 I art     : Explicit concurrent mark sweep GC freed 20(704B) AllocSpace objects, 0(0B) LOS objects, 38% free, 25MB/41MB, paused 191us total 13.983ms
08-04 13:38:39.111 10062 10075 I art     : Starting a blocking GC Explicit
08-04 13:38:39.122 10062 10075 I art     : Explicit concurrent mark sweep GC freed 3(96B) AllocSpace objects, 0(0B) LOS objects, 38% free, 25MB/41MB, paused 167us total 10.843ms
08-04 13:38:39.128 10062 10075 I art     : Starting a blocking GC Explicit
08-04 13:38:39.139 10062 10075 I art     : Explicit concurrent mark sweep GC freed 3(96B) AllocSpace objects, 0(0B) LOS objects, 38% free, 25MB/41MB, paused 164us total 10.867ms
08-04 13:38:39.145 10062 10075 I art     : Starting a blocking GC Explicit
08-04 13:38:39.156 10062 10075 I art     : Explicit concurrent mark sweep GC freed 3(96B) AllocSpace objects, 0(0B) LOS objects, 38% free, 25MB/41MB, paused 169us total 11.022ms
08-04 13:38:39.386  6615  6615 W Atfwd_Sendcmd: AtCmdFwd service not published, waiting... retryCnt : 2
08-04 13:38:39.484 10062 10074 I art     : Starting a blocking GC Explicit
08-04 13:38:39.501 10062 10074 I art     : Explicit concurrent mark sweep GC freed 1380(80KB) AllocSpace objects, 1(20KB) LOS objects, 38% free, 25MB/41MB, paused 216us total 16.692ms
08-04 13:38:39.511 10062 10074 I art     : Starting a blocking GC Explicit
08-04 13:38:39.525 10062 10074 I art     : Explicit concurrent mark sweep GC freed 20(704B) AllocSpace objects, 0(0B) LOS objects, 38% free, 25MB/41MB, paused 187us total 13.890ms
08-04 13:38:39.535 10062 10074 I art     : Starting a blocking GC Explicit
08-04 13:38:39.546 10062 10074 I art     : Explicit concurrent mark sweep GC freed 3(96B) AllocSpace objects, 0(0B) LOS objects, 38% free, 25MB/41MB, paused 161us total 10.588ms
08-04 13:38:39.552 10062 10074 I art     : Starting a blocking GC Explicit
08-04 13:38:39.563 10062 10074 I art     : Explicit concurrent mark sweep GC freed 3(96B) AllocSpace objects, 0(0B) LOS objects, 38% free, 25MB/41MB, paused 154us total 11.031ms
08-04 13:38:39.569 10062 10074 I art     : Starting a blocking GC Explicit
08-04 13:38:39.580 10062 10074 I art     : Explicit concurrent mark sweep GC freed 3(96B) AllocSpace objects, 0(0B) LOS objects, 38% free, 25MB/41MB, paused 164us total 10.928ms
08-04 13:38:39.877 10062 10096 I art     : Starting a blocking GC Explicit
08-04 13:38:39.896 10062 10096 I art     : Explicit concurrent mark sweep GC freed 1380(80KB) AllocSpace objects, 1(20KB) LOS objects, 38% free, 25MB/41MB, paused 213us total 19.284ms
08-04 13:38:39.907 10062 10096 I art     : Starting a blocking GC Explicit
08-04 13:38:39.918 10062 10096 I art     : Explicit concurrent mark sweep GC freed 20(704B) AllocSpace objects, 0(0B) LOS objects, 38% free, 25MB/41MB, paused 170us total 10.825ms
08-04 13:38:39.924 10062 10096 I art     : Starting a blocking GC Explicit
08-04 13:38:39.935 10062 10096 I art     : Explicit concurrent mark sweep GC freed 3(96B) AllocSpace objects, 0(0B) LOS objects, 38% free, 25MB/41MB, paused 164us total 10.842ms
08-04 13:38:39.941 10062 10096 I art     : Starting a blocking GC Explicit
08-04 13:38:39.952 10062 10096 I art     : Explicit concurrent mark sweep GC freed 3(96B) AllocSpace objects, 0(0B) LOS objects, 38% free, 25MB/41MB, paused 166us total 10.720ms
08-04 13:38:39.958 10062 10096 I art     : Starting a blocking GC Explicit
08-04 13:38:39.969 10062 10096 I art     : Explicit concurrent mark sweep GC freed 3(96B) AllocSpace objects, 0(0B) LOS objects, 38% free, 25MB/41MB, paused 171us total 10.837ms
08-04 13:38:40.279 10062 10075 I art     : Starting a blocking GC Explicit
08-04 13:38:40.295 10062 10075 I art     : Explicit concurrent mark sweep GC freed 1380(80KB) AllocSpace objects, 1(20KB) LOS objects, 38% free, 25MB/41MB, paused 224us total 16.272ms
08-04 13:38:40.296 10062 10073 I art     : WaitForGcToComplete blocked for 8.612ms for cause HeapTrim
08-04 13:38:40.305 10062 10075 I art     : Starting a blocking GC Explicit
08-04 13:38:40.317 10062 10075 I art     : Explicit concurrent mark sweep GC freed 20(704B) AllocSpace objects, 0(0B) LOS objects, 38% free, 25MB/41MB, paused 178us total 11.762ms
08-04 13:38:40.323 10062 10075 I art     : Starting a blocking GC Explicit
08-04 13:38:40.334 10062 10075 I art     : Explicit concurrent mark sweep GC freed 3(96B) AllocSpace objects, 0(0B) LOS objects, 38% free, 25MB/41MB, paused 174us total 11.211ms
08-04 13:38:40.340 10062 10075 I art     : Starting a blocking GC Explicit
08-04 13:38:40.352 10062 10075 I art     : Explicit concurrent mark sweep GC freed 3(96B) AllocSpace objects, 0(0B) LOS objects, 38% free, 25MB/41MB, paused 166us total 11.027ms
08-04 13:38:40.358 10062 10075 I art     : Starting a blocking GC Explicit
08-04 13:38:40.369 10062 10075 I art     : Explicit concurrent mark sweep GC freed 3(96B) AllocSpace objects, 0(0B) LOS objects, 38% free, 25MB/41MB, paused 171us total 10.934ms
08-04 13:38:40.553   918   918 I ActivityManager: Start proc 10216:nappagreedy.com.newsblur/u0a655 for service nappagreedy.com.newsblur/.service.NBSyncService
08-04 13:38:40.553 10216 10216 I art     : Late-enabling -Xcheck:jni
08-04 13:38:40.603 10216 10216 W System  : ClassLoader referenced unknown path: /data/app/nappagreedy.com.newsblur-1/lib/arm64
08-04 13:38:40.633   918  6112 I ActivityManager: Killing 2457:com.google.android.youtube/u0a75 (adj 15): empty #17
08-04 13:38:40.635 10062 10074 I art     : Starting a blocking GC Explicit
08-04 13:38:40.646 10062 10074 I art     : Explicit concurrent mark sweep GC freed 4007(411KB) AllocSpace objects, 18(360KB) LOS objects, 38% free, 25MB/41MB, paused 166us total 10.804ms
08-04 13:38:40.651 10062 10074 I art     : Starting a blocking GC Explicit
08-04 13:38:40.661 10062 10074 I art     : Explicit concurrent mark sweep GC freed 230(9KB) AllocSpace objects, 0(0B) LOS objects, 38% free, 25MB/41MB, paused 152us total 9.272ms
08-04 13:38:40.666 10062 10074 I art     : Starting a blocking GC Explicit
08-04 13:38:40.666 13866 13882 I PeriodicStatsRunner: PeriodicStatsRunner.call():175 call()
08-04 13:38:40.666 13866 13882 I PeriodicStatsRunner: PeriodicStatsRunner.call():179 No submit PeriodicStats since input started.
08-04 13:38:40.676 10062 10074 I art     : Explicit concurrent mark sweep GC freed 3(96B) AllocSpace objects, 0(0B) LOS objects, 38% free, 25MB/41MB, paused 146us total 9.625ms
08-04 13:38:40.681 10062 10074 I art     : Starting a blocking GC Explicit
08-04 13:38:40.691 10062 10074 I art     : Explicit concurrent mark sweep GC freed 3(96B) AllocSpace objects, 0(0B) LOS objects, 38% free, 25MB/41MB, paused 154us total 9.744ms
08-04 13:38:40.696 10062 10074 I art     : Starting a blocking GC Explicit
08-04 13:38:40.706 10062 10074 I art     : Explicit concurrent mark sweep GC freed 3(96B) AllocSpace objects, 0(0B) LOS objects, 38% free, 25MB/41MB, paused 159us total 9.718ms
08-04 13:38:40.719   918  3696 D ConnectivityService: ConnectivityService NetworkRequestInfo binderDied(NetworkRequest [ id=2670, legacyType=-1, [ Capabilities: INTERNET&NOT_RESTRICTED&TRUSTED] ], android.os.BinderProxy@42a9ef0)
08-04 13:38:40.719   918  3263 D ConnectivityService: releasing NetworkRequest NetworkRequest [ id=2670, legacyType=-1, [ Capabilities: INTERNET&NOT_RESTRICTED&TRUSTED] ]
08-04 13:38:40.720   918  3263 E ConnectivityService: RemoteException caught trying to send a callback msg for NetworkRequest [ id=2670, legacyType=-1, [ Capabilities: INTERNET&NOT_RESTRICTED&TRUSTED] ]
08-04 13:38:41.008 10062 10096 I art     : Starting a blocking GC Explicit
08-04 13:38:41.020 10062 10096 I art     : Explicit concurrent mark sweep GC freed 1380(80KB) AllocSpace objects, 1(20KB) LOS objects, 38% free, 25MB/41MB, paused 166us total 12.261ms
08-04 13:38:41.026 10062 10096 I art     : Starting a blocking GC Explicit
08-04 13:38:41.035 10062 10096 I art     : Explicit concurrent mark sweep GC freed 20(704B) AllocSpace objects, 0(0B) LOS objects, 38% free, 25MB/41MB, paused 165us total 9.564ms
08-04 13:38:41.041 10062 10096 I art     : Starting a blocking GC Explicit
08-04 13:38:41.050 10062 10096 I art     : Explicit concurrent mark sweep GC freed 3(96B) AllocSpace objects, 0(0B) LOS objects, 38% free, 25MB/41MB, paused 156us total 9.260ms
08-04 13:38:41.055 10062 10096 I art     : Starting a blocking GC Explicit
08-04 13:38:41.065 10062 10096 I art     : Explicit concurrent mark sweep GC freed 3(96B) AllocSpace objects, 0(0B) LOS objects, 38% free, 25MB/41MB, paused 162us total 9.306ms
08-04 13:38:41.070 10062 10096 I art     : Starting a blocking GC Explicit
08-04 13:38:41.079 10062 10096 I art     : Explicit concurrent mark sweep GC freed 3(96B) AllocSpace objects, 0(0B) LOS objects, 38% free, 25MB/41MB, paused 155us total 9.228ms
08-04 13:38:41.339 10062 10075 I art     : Starting a blocking GC Explicit
08-04 13:38:41.352 10062 10075 I art     : Explicit concurrent mark sweep GC freed 1380(80KB) AllocSpace objects, 1(20KB) LOS objects, 38% free, 25MB/41MB, paused 191us total 13.184ms
08-04 13:38:41.359 10062 10075 I art     : Starting a blocking GC Explicit
08-04 13:38:41.371 10062 10075 I art     : Explicit concurrent mark sweep GC freed 20(704B) AllocSpace objects, 0(0B) LOS objects, 38% free, 25MB/41MB, paused 178us total 11.912ms
08-04 13:38:41.377 10062 10075 I art     : Starting a blocking GC Explicit
08-04 13:38:41.389 10062 10075 I art     : Explicit concurrent mark sweep GC freed 3(96B) AllocSpace objects, 0(0B) LOS objects, 38% free, 25MB/41MB, paused 179us total 11.128ms
08-04 13:38:41.395 10062 10075 I art     : Starting a blocking GC Explicit
08-04 13:38:41.406 10062 10075 I art     : Explicit concurrent mark sweep GC freed 3(96B) AllocSpace objects, 0(0B) LOS objects, 38% free, 25MB/41MB, paused 180us total 11.184ms
08-04 13:38:41.412 10062 10075 I art     : Starting a blocking GC Explicit
08-04 13:38:41.424 10062 10075 I art     : Explicit concurrent mark sweep GC freed 3(96B) AllocSpace objects, 0(0B) LOS objects, 38% free, 25MB/41MB, paused 174us total 11.187ms
08-04 13:38:41.726 10062 10074 I art     : Starting a blocking GC Explicit
08-04 13:38:41.743 10062 10074 I art     : Explicit concurrent mark sweep GC freed 1380(80KB) AllocSpace objects, 1(20KB) LOS objects, 38% free, 25MB/41MB, paused 207us total 16.257ms
08-04 13:38:41.753 10062 10074 I art     : Starting a blocking GC Explicit
08-04 13:38:41.768 10062 10074 I art     : Explicit concurrent mark sweep GC freed 20(704B) AllocSpace objects, 0(0B) LOS objects, 38% free, 25MB/41MB, paused 181us total 14.425ms
08-04 13:38:41.778 10062 10074 I art     : Starting a blocking GC Explicit
08-04 13:38:41.789 10062 10074 I art     : Explicit concurrent mark sweep GC freed 3(96B) AllocSpace objects, 0(0B) LOS objects, 38% free, 25MB/41MB, paused 172us total 10.987ms
08-04 13:38:41.796 10062 10074 I art     : Starting a blocking GC Explicit
08-04 13:38:41.807 10062 10074 I art     : Explicit concurrent mark sweep GC freed 3(96B) AllocSpace objects, 0(0B) LOS objects, 38% free, 25MB/41MB, paused 161us total 11.167ms
08-04 13:38:41.814 10062 10074 I art     : Starting a blocking GC Explicit
08-04 13:38:41.824 10062 10074 I art     : Explicit concurrent mark sweep GC freed 3(96B) AllocSpace objects, 0(0B) LOS objects, 38% free, 25MB/41MB, paused 155us total 9.991ms
08-04 13:38:42.058 10062 10096 I art     : Starting a blocking GC Explicit
08-04 13:38:42.070 10062 10096 I art     : Explicit concurrent mark sweep GC freed 1380(80KB) AllocSpace objects, 1(20KB) LOS objects, 38% free, 25MB/41MB, paused 189us total 11.354ms
08-04 13:38:42.076 10062 10096 I art     : Starting a blocking GC Explicit
08-04 13:38:42.087 10062 10096 I art     : Explicit concurrent mark sweep GC freed 20(704B) AllocSpace objects, 0(0B) LOS objects, 38% free, 25MB/41MB, paused 211us total 10.730ms
08-04 13:38:42.093 10062 10096 I art     : Starting a blocking GC Explicit
08-04 13:38:42.104 10062 10096 I art     : Explicit concurrent mark sweep GC freed 3(96B) AllocSpace objects, 0(0B) LOS objects, 38% free, 25MB/41MB, paused 183us total 11.015ms
08-04 13:38:42.110 10062 10096 I art     : Starting a blocking GC Explicit
08-04 13:38:42.121 10062 10096 I art     : Explicit concurrent mark sweep GC freed 3(96B) AllocSpace objects, 0(0B) LOS objects, 38% free, 25MB/41MB, paused 183us total 10.916ms
08-04 13:38:42.127 10062 10096 I art     : Starting a blocking GC Explicit
08-04 13:38:42.137 10062 10096 I art     : Explicit concurrent mark sweep GC freed 3(96B) AllocSpace objects, 0(0B) LOS objects, 38% free, 25MB/41MB, paused 183us total 10.265ms
08-04 13:38:42.258 10281 10281 D AndroidRuntime: >>>>>> START com.android.internal.os.RuntimeInit uid 2000 <<<<<<
08-04 13:38:42.267 10281 10281 D AndroidRuntime: CheckJNI is OFF
08-04 13:38:42.293 10281 10281 D ICU     : No timezone override file found: /data/misc/zoneinfo/current/icu/icu_tzdata.dat
08-04 13:38:42.318 10281 10281 I Radio-JNI: register_android_hardware_Radio DONE
08-04 13:38:42.334 10281 10281 D AndroidRuntime: Calling main entry com.android.commands.input.Input
08-04 13:38:42.335 10281 10281 I Input   : injectMotionEvent: MotionEvent { action=ACTION_DOWN, actionButton=0, id[0]=0, x[0]=594.0, y[0]=330.0, toolType[0]=TOOL_TYPE_UNKNOWN, buttonState=0, metaState=0, flags=0x0, edgeFlags=0x0, pointerCount=1, historySize=0, eventTime=711538748, downTime=711538748, deviceId=0, source=0x1002 }
08-04 13:38:42.341 10281 10281 I Input   : injectMotionEvent: MotionEvent { action=ACTION_UP, actionButton=0, id[0]=0, x[0]=594.0, y[0]=330.0, toolType[0]=TOOL_TYPE_UNKNOWN, buttonState=0, metaState=0, flags=0x0, edgeFlags=0x0, pointerCount=1, historySize=0, eventTime=711538748, downTime=711538748, deviceId=0, source=0x1002 }
08-04 13:38:42.343 10281 10281 D AndroidRuntime: Shutting down VM
08-04 13:38:42.400 10062 10074 I art     : Starting a blocking GC Explicit
08-04 13:38:42.412   918  3359 I ActivityManager: START u0 {cmp=baseline.com.newsblur/.activity.GlobalSharedStoriesItemsList (has extras)} from uid 10652 on display 0
08-04 13:38:42.413 10062 10074 I art     : Explicit concurrent mark sweep GC freed 1778(136KB) AllocSpace objects, 1(20KB) LOS objects, 38% free, 25MB/41MB, paused 735us total 13.327ms
08-04 13:38:42.420 10062 10074 I art     : Starting a blocking GC Explicit
08-04 13:38:42.435 10062 10074 I art     : Explicit concurrent mark sweep GC freed 515(67KB) AllocSpace objects, 2(40KB) LOS objects, 38% free, 25MB/41MB, paused 511us total 14.774ms
08-04 13:38:42.436 10062 10315 I baseline.com.newsblur.database.BlurDatabaseHelper: reading session reset
08-04 13:38:42.441 10062 10074 I art     : Starting a blocking GC Explicit
08-04 13:38:42.453 10062 10074 I art     : Explicit concurrent mark sweep GC freed 516(86KB) AllocSpace objects, 3(92KB) LOS objects, 37% free, 26MB/42MB, paused 649us total 11.762ms
08-04 13:38:42.459 10062 10074 I art     : Starting a blocking GC Explicit
08-04 13:38:42.471 10062 10074 I art     : Explicit concurrent mark sweep GC freed 2078(151KB) AllocSpace objects, 1(112KB) LOS objects, 37% free, 27MB/43MB, paused 777us total 12.265ms
08-04 13:38:42.477 10062 10074 I art     : Starting a blocking GC Explicit
08-04 13:38:42.489 10062 10074 I art     : Explicit concurrent mark sweep GC freed 1839(97KB) AllocSpace objects, 0(0B) LOS objects, 37% free, 27MB/43MB, paused 203us total 11.231ms
08-04 13:38:42.558 10062 10062 W View    : requestLayout() improperly called by android.widget.FrameLayout{8ba1ae4 V.E...... ......ID 0,0-1440,0 #7f07003f app:id/footer_view_inner} during layout: running second layout pass
08-04 13:38:42.558 10062 10062 W View    : requestLayout() improperly called by android.widget.FrameLayout{bc71b4d V.E...... ......ID 0,0-1440,2091 #7f07003f app:id/footer_view_inner} during layout: running second layout pass
08-04 13:38:42.578 13866 13866 I GoogleInputMethodServic: GoogleInputMethodService.onFinishInput():3138 
08-04 13:38:42.579   918   936 I ActivityManager: Displayed baseline.com.newsblur/.activity.GlobalSharedStoriesItemsList: +155ms
08-04 13:38:42.579 13866 13866 I GoogleInputMethodServic: GoogleInputMethodService.onStartInput():1808 
08-04 13:38:42.721 10062 10075 I art     : Starting a blocking GC Explicit
08-04 13:38:42.738 10062 10075 I art     : Explicit concurrent mark sweep GC freed 4417(356KB) AllocSpace objects, 8(160KB) LOS objects, 37% free, 27MB/43MB, paused 246us total 16.750ms
08-04 13:38:42.747 10062 10075 I art     : Starting a blocking GC Explicit
08-04 13:38:42.761 10062 10075 I art     : Explicit concurrent mark sweep GC freed 274(11KB) AllocSpace objects, 0(0B) LOS objects, 37% free, 27MB/43MB, paused 293us total 13.824ms
08-04 13:38:42.768 10062 10075 I art     : Starting a blocking GC Explicit
08-04 13:38:42.782 10062 10075 I art     : Explicit concurrent mark sweep GC freed 3(96B) AllocSpace objects, 0(0B) LOS objects, 37% free, 27MB/43MB, paused 249us total 13.838ms
08-04 13:38:42.788 10062 10075 I art     : Starting a blocking GC Explicit
08-04 13:38:42.801 10062 10075 I art     : Explicit concurrent mark sweep GC freed 3(96B) AllocSpace objects, 0(0B) LOS objects, 37% free, 27MB/43MB, paused 270us total 13.078ms
08-04 13:38:42.809 10062 10075 I art     : Starting a blocking GC Explicit
08-04 13:38:42.823 10062 10075 I art     : Explicit concurrent mark sweep GC freed 143(19KB) AllocSpace objects, 1(20KB) LOS objects, 37% free, 27MB/43MB, paused 318us total 13.955ms
08-04 13:38:42.947   918  3261 D WifiStateMachine: starting scan for "H369AA63323"WPA_PSK with 2412,5180
08-04 13:38:43.090 10062 10317 I NAPPA_EXPERIMENTATION: MetricNetworkRequestExecutionTime: REQUEST_DURATION_SYSTEM='494',REQUEST_DURATION_OKHTTP='29',REQUEST_SYNCHRONOUS='TRUE',RESPONSE_CODE='200',RESPONSE_METHOD='GET',RESPONSE_LENGTH_OKHTTP='-1',RESPONSE_LENGTH_HEADER='13047',REQUEST_PROTOCOL='http/1.1',REQUEST_URL='https://www.newsblur.com/social/river_stories?order=newest&page=1&read_filter=all&global_feed=true',
08-04 13:38:43.090 10062 10317 D MY_TAG  : 1, 494
08-04 13:38:43.097 10062 10075 I art     : Starting a blocking GC Explicit
08-04 13:38:43.115 10062 10075 I art     : Explicit concurrent mark sweep GC freed 7390(464KB) AllocSpace objects, 6(260KB) LOS objects, 36% free, 27MB/43MB, paused 516us total 18.216ms
08-04 13:38:43.123 10062 10075 I art     : Starting a blocking GC Explicit
08-04 13:38:43.139 10062 10075 I art     : Explicit concurrent mark sweep GC freed 11662(721KB) AllocSpace objects, 7(268KB) LOS objects, 36% free, 27MB/43MB, paused 553us total 16.025ms
08-04 13:38:43.145 10062 10075 I art     : Starting a blocking GC Explicit
08-04 13:38:43.160 10062 10075 I art     : Explicit concurrent mark sweep GC freed 8644(599KB) AllocSpace objects, 7(140KB) LOS objects, 36% free, 27MB/43MB, paused 553us total 14.295ms
08-04 13:38:43.165 10062 10075 I art     : Starting a blocking GC Explicit
08-04 13:38:43.178 10062 10075 I art     : Explicit concurrent mark sweep GC freed 8343(508KB) AllocSpace objects, 4(168KB) LOS objects, 36% free, 27MB/43MB, paused 295us total 12.875ms
08-04 13:38:43.184 10062 10075 I art     : Starting a blocking GC Explicit
08-04 13:38:43.197 10062 10075 I art     : Explicit concurrent mark sweep GC freed 1513(175KB) AllocSpace objects, 7(140KB) LOS objects, 36% free, 27MB/43MB, paused 371us total 12.922ms
08-04 13:38:43.320 10062 10347 I NAPPA_EXPERIMENTATION: MetricNetworkRequestExecutionTime: REQUEST_DURATION_SYSTEM='45',REQUEST_DURATION_OKHTTP='41',REQUEST_SYNCHRONOUS='TRUE',RESPONSE_CODE='200',RESPONSE_METHOD='GET',RESPONSE_LENGTH_OKHTTP='43',RESPONSE_LENGTH_HEADER='43',REQUEST_PROTOCOL='http/1.1',REQUEST_URL='http://feeds.feedburner.com/~r/retort/~4/UffaFMiJbNs',
08-04 13:38:43.427 10062 10075 I art     : Starting a blocking GC Explicit
08-04 13:38:43.444 10062 10075 I art     : Explicit concurrent mark sweep GC freed 6359(542KB) AllocSpace objects, 18(360KB) LOS objects, 36% free, 28MB/44MB, paused 484us total 16.726ms
08-04 13:38:43.450 10062 10075 I art     : Starting a blocking GC Explicit
08-04 13:38:43.464 10062 10075 I art     : Explicit concurrent mark sweep GC freed 3744(245KB) AllocSpace objects, 2(120KB) LOS objects, 36% free, 28MB/44MB, paused 596us total 14.227ms
08-04 13:38:43.471 10062 10075 I art     : Starting a blocking GC Explicit
08-04 13:38:43.488 10062 10075 I art     : Explicit concurrent mark sweep GC freed 8521(393KB) AllocSpace objects, 1(80KB) LOS objects, 36% free, 28MB/44MB, paused 701us total 16.785ms
08-04 13:38:43.495 10062 10075 I art     : Starting a blocking GC Explicit
08-04 13:38:43.511 10062 10075 I art     : Explicit concurrent mark sweep GC freed 5285(256KB) AllocSpace objects, 0(0B) LOS objects, 36% free, 28MB/44MB, paused 525us total 15.827ms
08-04 13:38:43.517 10062 10075 I art     : Starting a blocking GC Explicit
08-04 13:38:43.531 10062 10075 I art     : Explicit concurrent mark sweep GC freed 162(33KB) AllocSpace objects, 0(0B) LOS objects, 36% free, 28MB/44MB, paused 535us total 13.706ms
08-04 13:38:43.709 10062 10351 I NAPPA_EXPERIMENTATION: MetricNetworkRequestExecutionTime: REQUEST_DURATION_SYSTEM='409',REQUEST_DURATION_OKHTTP='207',REQUEST_SYNCHRONOUS='TRUE',RESPONSE_CODE='200',RESPONSE_METHOD='GET',RESPONSE_LENGTH_OKHTTP='56376',RESPONSE_LENGTH_HEADER='56376',REQUEST_PROTOCOL='h2',REQUEST_URL='https://images.fastcompany.net/image/upload/w_1280,q_auto,f_auto,fl_lossy/wp-cms/uploads/2020/07/p-1-quit-after-covid.jpg',
08-04 13:38:43.712 10062 10356 I NAPPA_EXPERIMENTATION: MetricNetworkRequestExecutionTime: REQUEST_DURATION_SYSTEM='396',REQUEST_DURATION_OKHTTP='211',REQUEST_SYNCHRONOUS='TRUE',RESPONSE_CODE='200',RESPONSE_METHOD='GET',RESPONSE_LENGTH_OKHTTP='1883',RESPONSE_LENGTH_HEADER='1883',REQUEST_PROTOCOL='h2',REQUEST_URL='https://pbs.twimg.com/profile_images/847818629840228354/VXyQHfn0_normal.jpg',
08-04 13:38:43.725 10062 10346 I NAPPA_EXPERIMENTATION: MetricNetworkRequestExecutionTime: REQUEST_DURATION_SYSTEM='487',REQUEST_DURATION_OKHTTP='96',REQUEST_SYNCHRONOUS='TRUE',RESPONSE_CODE='200',RESPONSE_METHOD='GET',RESPONSE_LENGTH_OKHTTP='145',RESPONSE_LENGTH_HEADER='145',REQUEST_PROTOCOL='http/1.1',REQUEST_URL='https://s3.amazonaws.com/icons.newsblur.com/6882243.png',
08-04 13:38:43.745 10062 10354 I NAPPA_EXPERIMENTATION: MetricNetworkRequestExecutionTime: REQUEST_DURATION_SYSTEM='437',REQUEST_DURATION_OKHTTP='243',REQUEST_SYNCHRONOUS='TRUE',RESPONSE_CODE='200',RESPONSE_METHOD='GET',RESPONSE_LENGTH_OKHTTP='24098',RESPONSE_LENGTH_HEADER='24098',REQUEST_PROTOCOL='h2',REQUEST_URL='https://i.cbc.ca/1.5665164.1595891792!/cpImage/httpImage/image.jpg_gen/derivatives/16x9_460/ont-windsor-hum-20200727.jpg',
08-04 13:38:43.748 10062 10349 I NAPPA_EXPERIMENTATION: MetricNetworkRequestExecutionTime: REQUEST_DURATION_SYSTEM='458',REQUEST_DURATION_OKHTTP='247',REQUEST_SYNCHRONOUS='TRUE',RESPONSE_CODE='200',RESPONSE_METHOD='GET',RESPONSE_LENGTH_OKHTTP='79351',RESPONSE_LENGTH_HEADER='79351',REQUEST_PROTOCOL='h2',REQUEST_URL='https://images.fastcompany.net/image/upload/w_1280,q_auto,f_auto,fl_lossy/wp-cms/uploads/2020/07/p-1-90532920-this-chart-shows-how-effective-masks-can-be.png',
08-04 13:38:43.803 10062 10096 I art     : Starting a blocking GC Explicit
08-04 13:38:43.829 10062 10096 I art     : Explicit concurrent mark sweep GC freed 16035(798KB) AllocSpace objects, 19(7MB) LOS objects, 33% free, 32MB/48MB, paused 866us total 26.482ms
08-04 13:38:43.838 10062 10096 I art     : Starting a blocking GC Explicit
08-04 13:38:43.853 10062 10096 I art     : Explicit concurrent mark sweep GC freed 402(14KB) AllocSpace objects, 0(0B) LOS objects, 33% free, 32MB/48MB, paused 565us total 15.430ms
08-04 13:38:43.860 10062 10096 I art     : Starting a blocking GC Explicit
08-04 13:38:43.865 10062 10352 I NAPPA_EXPERIMENTATION: MetricNetworkRequestExecutionTime: REQUEST_DURATION_SYSTEM='586',REQUEST_DURATION_OKHTTP='78',REQUEST_SYNCHRONOUS='TRUE',RESPONSE_CODE='200',RESPONSE_METHOD='GET',RESPONSE_LENGTH_OKHTTP='477',RESPONSE_LENGTH_HEADER='477',REQUEST_PROTOCOL='http/1.1',REQUEST_URL='https://s3.amazonaws.com/icons.newsblur.com/5762506.png',
08-04 13:38:43.869 10062 10348 I NAPPA_EXPERIMENTATION: MetricNetworkRequestExecutionTime: REQUEST_DURATION_SYSTEM='613',REQUEST_DURATION_OKHTTP='77',REQUEST_SYNCHRONOUS='TRUE',RESPONSE_CODE='200',RESPONSE_METHOD='GET',RESPONSE_LENGTH_OKHTTP='243',RESPONSE_LENGTH_HEADER='243',REQUEST_PROTOCOL='http/1.1',REQUEST_URL='https://s3.amazonaws.com/icons.newsblur.com/18178.png',
08-04 13:38:43.873 10062 10355 I NAPPA_EXPERIMENTATION: MetricNetworkRequestExecutionTime: REQUEST_DURATION_SYSTEM='586',REQUEST_DURATION_OKHTTP='86',REQUEST_SYNCHRONOUS='TRUE',RESPONSE_CODE='200',RESPONSE_METHOD='GET',RESPONSE_LENGTH_OKHTTP='2228',RESPONSE_LENGTH_HEADER='2228',REQUEST_PROTOCOL='http/1.1',REQUEST_URL='https://s3.amazonaws.com/icons.newsblur.com/7702341.png',
08-04 13:38:43.874 10062 10096 I art     : Explicit concurrent mark sweep GC freed 442(63KB) AllocSpace objects, 2(40KB) LOS objects, 33% free, 32MB/48MB, paused 518us total 14.145ms
08-04 13:38:43.880 10062 10096 I art     : Starting a blocking GC Explicit
08-04 13:38:43.883 10062 10357 I NAPPA_EXPERIMENTATION: MetricNetworkRequestExecutionTime: REQUEST_DURATION_SYSTEM='585',REQUEST_DURATION_OKHTTP='94',REQUEST_SYNCHRONOUS='TRUE',RESPONSE_CODE='200',RESPONSE_METHOD='GET',RESPONSE_LENGTH_OKHTTP='796',RESPONSE_LENGTH_HEADER='796',REQUEST_PROTOCOL='http/1.1',REQUEST_URL='https://s3.amazonaws.com/icons.newsblur.com/6326827.png',
08-04 13:38:43.893 10062 10350 I NAPPA_EXPERIMENTATION: MetricNetworkRequestExecutionTime: REQUEST_DURATION_SYSTEM='622',REQUEST_DURATION_OKHTTP='99',REQUEST_SYNCHRONOUS='TRUE',RESPONSE_CODE='200',RESPONSE_METHOD='GET',RESPONSE_LENGTH_OKHTTP='477',RESPONSE_LENGTH_HEADER='477',REQUEST_PROTOCOL='http/1.1',REQUEST_URL='https://s3.amazonaws.com/icons.newsblur.com/5762506.png',
08-04 13:38:43.896 10062 10096 I art     : Explicit concurrent mark sweep GC freed 611(63KB) AllocSpace objects, 4(80KB) LOS objects, 33% free, 32MB/48MB, paused 501us total 15.904ms
08-04 13:38:43.902 10062 10096 I art     : Starting a blocking GC Explicit
08-04 13:38:43.916 10062 10096 I art     : Explicit concurrent mark sweep GC freed 458(56KB) AllocSpace objects, 5(100KB) LOS objects, 33% free, 32MB/48MB, paused 335us total 13.475ms
08-04 13:38:44.185 10062 10331 I art     : Starting a blocking GC Explicit
08-04 13:38:44.203 10062 10331 I art     : Explicit concurrent mark sweep GC freed 2242(167KB) AllocSpace objects, 5(100KB) LOS objects, 33% free, 32MB/48MB, paused 365us total 17.701ms
08-04 13:38:44.214 10062 10331 I art     : Starting a blocking GC Explicit
08-04 13:38:44.229 10062 10331 I art     : Explicit concurrent mark sweep GC freed 201(6KB) AllocSpace objects, 0(0B) LOS objects, 33% free, 32MB/48MB, paused 330us total 14.362ms
08-04 13:38:44.235 10062 10331 I art     : Starting a blocking GC Explicit
08-04 13:38:44.250 10062 10331 I art     : Explicit concurrent mark sweep GC freed 3(96B) AllocSpace objects, 0(0B) LOS objects, 33% free, 32MB/48MB, paused 319us total 14.305ms
08-04 13:38:44.256 10062 10331 I art     : Starting a blocking GC Explicit
08-04 13:38:44.271 10062 10331 I art     : Explicit concurrent mark sweep GC freed 3(96B) AllocSpace objects, 0(0B) LOS objects, 33% free, 32MB/48MB, paused 331us total 14.834ms
08-04 13:38:44.277 10062 10331 I art     : Starting a blocking GC Explicit
08-04 13:38:44.291 10062 10331 I art     : Explicit concurrent mark sweep GC freed 3(96B) AllocSpace objects, 0(0B) LOS objects, 33% free, 32MB/48MB, paused 342us total 14.356ms
08-04 13:38:44.611 10062 10096 I art     : Starting a blocking GC Explicit
08-04 13:38:44.630 10062 10096 I art     : Explicit concurrent mark sweep GC freed 1389(82KB) AllocSpace objects, 1(20KB) LOS objects, 33% free, 32MB/48MB, paused 352us total 18.169ms
08-04 13:38:44.640 10062 10096 I art     : Starting a blocking GC Explicit
08-04 13:38:44.656 10062 10096 I art     : Explicit concurrent mark sweep GC freed 20(704B) AllocSpace objects, 0(0B) LOS objects, 33% free, 32MB/48MB, paused 320us total 15.015ms
08-04 13:38:44.662 10062 10096 I art     : Starting a blocking GC Explicit
08-04 13:38:44.676 10062 10096 I art     : Explicit concurrent mark sweep GC freed 3(96B) AllocSpace objects, 0(0B) LOS objects, 33% free, 32MB/48MB, paused 316us total 14.202ms
08-04 13:38:44.682 10062 10096 I art     : Starting a blocking GC Explicit
08-04 13:38:44.697 10062 10096 I art     : Explicit concurrent mark sweep GC freed 3(96B) AllocSpace objects, 0(0B) LOS objects, 33% free, 32MB/48MB, paused 436us total 14.308ms
08-04 13:38:44.703 10062 10096 I art     : Starting a blocking GC Explicit
08-04 13:38:44.718 10062 10096 I art     : Explicit concurrent mark sweep GC freed 3(96B) AllocSpace objects, 0(0B) LOS objects, 33% free, 32MB/48MB, paused 356us total 14.621ms
08-04 13:38:45.008 10062 10075 I art     : Starting a blocking GC Explicit
08-04 13:38:45.026 10062 10075 I art     : Explicit concurrent mark sweep GC freed 1389(80KB) AllocSpace objects, 1(20KB) LOS objects, 33% free, 32MB/48MB, paused 374us total 17.229ms
08-04 13:38:45.036 10062 10075 I art     : Starting a blocking GC Explicit
08-04 13:38:45.051 10062 10075 I art     : Explicit concurrent mark sweep GC freed 20(704B) AllocSpace objects, 0(0B) LOS objects, 33% free, 32MB/48MB, paused 370us total 14.578ms
08-04 13:38:45.057 10062 10075 I art     : Starting a blocking GC Explicit
08-04 13:38:45.072 10062 10075 I art     : Explicit concurrent mark sweep GC freed 3(96B) AllocSpace objects, 0(0B) LOS objects, 33% free, 32MB/48MB, paused 310us total 14.537ms
08-04 13:38:45.078 10062 10075 I art     : Starting a blocking GC Explicit
08-04 13:38:45.093 10062 10075 I art     : Explicit concurrent mark sweep GC freed 3(96B) AllocSpace objects, 0(0B) LOS objects, 33% free, 32MB/48MB, paused 321us total 14.367ms
08-04 13:38:45.099 10062 10075 I art     : Starting a blocking GC Explicit
08-04 13:38:45.113 10062 10075 I art     : Explicit concurrent mark sweep GC freed 3(96B) AllocSpace objects, 0(0B) LOS objects, 33% free, 32MB/48MB, paused 317us total 14.238ms
08-04 13:38:45.429 10062 10074 I art     : Starting a blocking GC Explicit
08-04 13:38:45.448 10062 10074 I art     : Explicit concurrent mark sweep GC freed 1388(80KB) AllocSpace objects, 1(20KB) LOS objects, 33% free, 32MB/48MB, paused 363us total 18.545ms
08-04 13:38:45.457 10062 10074 I art     : Starting a blocking GC Explicit
08-04 13:38:45.472 10062 10074 I art     : Explicit concurrent mark sweep GC freed 20(704B) AllocSpace objects, 0(0B) LOS objects, 33% free, 32MB/48MB, paused 316us total 15.337ms
08-04 13:38:45.478 10062 10074 I art     : Starting a blocking GC Explicit
08-04 13:38:45.493 10062 10074 I art     : Explicit concurrent mark sweep GC freed 3(96B) AllocSpace objects, 0(0B) LOS objects, 33% free, 32MB/48MB, paused 332us total 14.581ms
08-04 13:38:45.500 10062 10074 I art     : Starting a blocking GC Explicit
08-04 13:38:45.514 10062 10074 I art     : Explicit concurrent mark sweep GC freed 3(96B) AllocSpace objects, 0(0B) LOS objects, 33% free, 32MB/48MB, paused 317us total 14.669ms
08-04 13:38:45.521 10062 10074 I art     : Starting a blocking GC Explicit
08-04 13:38:45.536 10062 10074 I art     : Explicit concurrent mark sweep GC freed 3(96B) AllocSpace objects, 0(0B) LOS objects, 33% free, 32MB/48MB, paused 314us total 14.288ms
08-04 13:38:45.854 10062 10331 I art     : Starting a blocking GC Explicit
08-04 13:38:45.873 10062 10331 I art     : Explicit concurrent mark sweep GC freed 1389(80KB) AllocSpace objects, 1(20KB) LOS objects, 33% free, 32MB/48MB, paused 359us total 18.440ms
08-04 13:38:45.882 10062 10331 I art     : Starting a blocking GC Explicit
08-04 13:38:45.898 10062 10331 I art     : Explicit concurrent mark sweep GC freed 20(704B) AllocSpace objects, 0(0B) LOS objects, 33% free, 32MB/48MB, paused 353us total 15.210ms
08-04 13:38:45.904 10062 10331 I art     : Starting a blocking GC Explicit
08-04 13:38:45.920 10062 10331 I art     : Explicit concurrent mark sweep GC freed 3(96B) AllocSpace objects, 0(0B) LOS objects, 33% free, 32MB/48MB, paused 405us total 15.284ms
08-04 13:38:45.926 10062 10331 I art     : Starting a blocking GC Explicit
08-04 13:38:45.941 10062 10331 I art     : Explicit concurrent mark sweep GC freed 3(96B) AllocSpace objects, 0(0B) LOS objects, 33% free, 32MB/48MB, paused 365us total 14.839ms
08-04 13:38:45.948 10062 10331 I art     : Starting a blocking GC Explicit
08-04 13:38:45.963 10062 10331 I art     : Explicit concurrent mark sweep GC freed 3(96B) AllocSpace objects, 0(0B) LOS objects, 33% free, 32MB/48MB, paused 324us total 14.983ms
08-04 13:38:46.272 10062 10096 I art     : Starting a blocking GC Explicit
08-04 13:38:46.290 10062 10096 I art     : Explicit concurrent mark sweep GC freed 1388(80KB) AllocSpace objects, 1(20KB) LOS objects, 33% free, 32MB/48MB, paused 311us total 17.899ms
08-04 13:38:46.296 10062 10096 I art     : Starting a blocking GC Explicit
08-04 13:38:46.311 10062 10096 I art     : Explicit concurrent mark sweep GC freed 20(704B) AllocSpace objects, 0(0B) LOS objects, 33% free, 32MB/48MB, paused 327us total 14.472ms
08-04 13:38:46.317 10062 10096 I art     : Starting a blocking GC Explicit
08-04 13:38:46.331 10062 10096 I art     : Explicit concurrent mark sweep GC freed 3(96B) AllocSpace objects, 0(0B) LOS objects, 33% free, 32MB/48MB, paused 316us total 14.288ms
08-04 13:38:46.338 10062 10096 I art     : Starting a blocking GC Explicit
08-04 13:38:46.352 10062 10096 I art     : Explicit concurrent mark sweep GC freed 3(96B) AllocSpace objects, 0(0B) LOS objects, 33% free, 32MB/48MB, paused 312us total 14.210ms
08-04 13:38:46.358 10062 10096 I art     : Starting a blocking GC Explicit
08-04 13:38:46.373 10062 10096 I art     : Explicit concurrent mark sweep GC freed 3(96B) AllocSpace objects, 0(0B) LOS objects, 33% free, 32MB/48MB, paused 304us total 14.304ms
08-04 13:38:46.693 10062 10075 I art     : Starting a blocking GC Explicit
08-04 13:38:46.712 10062 10075 I art     : Explicit concurrent mark sweep GC freed 1388(80KB) AllocSpace objects, 1(20KB) LOS objects, 33% free, 32MB/48MB, paused 350us total 18.686ms
08-04 13:38:46.721 10062 10075 I art     : Starting a blocking GC Explicit
08-04 13:38:46.736 10062 10075 I art     : Explicit concurrent mark sweep GC freed 20(704B) AllocSpace objects, 0(0B) LOS objects, 33% free, 32MB/48MB, paused 326us total 15.568ms
08-04 13:38:46.743 10062 10075 I art     : Starting a blocking GC Explicit
08-04 13:38:46.759 10062 10075 I art     : Explicit concurrent mark sweep GC freed 3(96B) AllocSpace objects, 0(0B) LOS objects, 33% free, 32MB/48MB, paused 306us total 15.553ms
08-04 13:38:46.765 10062 10075 I art     : Starting a blocking GC Explicit
08-04 13:38:46.780 10062 10075 I art     : Explicit concurrent mark sweep GC freed 3(96B) AllocSpace objects, 0(0B) LOS objects, 33% free, 32MB/48MB, paused 318us total 14.679ms
08-04 13:38:46.786 10062 10075 I art     : Starting a blocking GC Explicit
08-04 13:38:46.801 10062 10075 I art     : Explicit concurrent mark sweep GC freed 3(96B) AllocSpace objects, 0(0B) LOS objects, 33% free, 32MB/48MB, paused 360us total 14.496ms
08-04 13:38:47.099 10062 10074 I art     : Starting a blocking GC Explicit
08-04 13:38:47.116 10062 10074 I art     : Explicit concurrent mark sweep GC freed 1388(80KB) AllocSpace objects, 1(20KB) LOS objects, 33% free, 32MB/48MB, paused 355us total 16.750ms
08-04 13:38:47.127 10062 10074 I art     : Starting a blocking GC Explicit
08-04 13:38:47.142 10062 10074 I art     : Explicit concurrent mark sweep GC freed 20(704B) AllocSpace objects, 0(0B) LOS objects, 33% free, 32MB/48MB, paused 302us total 15.045ms
08-04 13:38:47.148 10062 10074 I art     : Starting a blocking GC Explicit
08-04 13:38:47.163 10062 10074 I art     : Explicit concurrent mark sweep GC freed 3(96B) AllocSpace objects, 0(0B) LOS objects, 33% free, 32MB/48MB, paused 320us total 14.253ms
08-04 13:38:47.169 10062 10074 I art     : Starting a blocking GC Explicit
08-04 13:38:47.184 10062 10074 I art     : Explicit concurrent mark sweep GC freed 3(96B) AllocSpace objects, 0(0B) LOS objects, 33% free, 32MB/48MB, paused 321us total 14.338ms
08-04 13:38:47.190 10062 10074 I art     : Starting a blocking GC Explicit
08-04 13:38:47.204 10062 10074 I art     : Explicit concurrent mark sweep GC freed 3(96B) AllocSpace objects, 0(0B) LOS objects, 33% free, 32MB/48MB, paused 343us total 14.132ms
08-04 13:38:47.512 10062 10331 I art     : Starting a blocking GC Explicit
08-04 13:38:47.530 10062 10331 I art     : Explicit concurrent mark sweep GC freed 1388(80KB) AllocSpace objects, 1(20KB) LOS objects, 33% free, 32MB/48MB, paused 344us total 17.654ms
08-04 13:38:47.541 10062 10331 I art     : Starting a blocking GC Explicit
08-04 13:38:47.556 10062 10331 I art     : Explicit concurrent mark sweep GC freed 20(704B) AllocSpace objects, 0(0B) LOS objects, 33% free, 32MB/48MB, paused 317us total 14.333ms
08-04 13:38:47.562 10062 10331 I art     : Starting a blocking GC Explicit
08-04 13:38:47.576 10062 10331 I art     : Explicit concurrent mark sweep GC freed 3(96B) AllocSpace objects, 0(0B) LOS objects, 33% free, 32MB/48MB, paused 308us total 14.040ms
08-04 13:38:47.579 13866 13882 I PeriodicStatsRunner: PeriodicStatsRunner.call():175 call()
08-04 13:38:47.579 13866 13882 I PeriodicStatsRunner: PeriodicStatsRunner.call():179 No submit PeriodicStats since input started.
08-04 13:38:47.582 10062 10331 I art     : Starting a blocking GC Explicit
08-04 13:38:47.597 10062 10331 I art     : Explicit concurrent mark sweep GC freed 3(96B) AllocSpace objects, 0(0B) LOS objects, 33% free, 32MB/48MB, paused 403us total 14.452ms
08-04 13:38:47.603 10062 10331 I art     : Starting a blocking GC Explicit
08-04 13:38:47.617 10062 10331 I art     : Explicit concurrent mark sweep GC freed 3(96B) AllocSpace objects, 0(0B) LOS objects, 33% free, 32MB/48MB, paused 327us total 14.367ms
08-04 13:38:47.920 10062 10096 I art     : Starting a blocking GC Explicit
08-04 13:38:47.938 10062 10096 I art     : Explicit concurrent mark sweep GC freed 1388(80KB) AllocSpace objects, 1(20KB) LOS objects, 33% free, 32MB/48MB, paused 369us total 17.390ms
08-04 13:38:47.944 10062 10096 I art     : Starting a blocking GC Explicit
08-04 13:38:47.960 10062 10096 I art     : Explicit concurrent mark sweep GC freed 20(704B) AllocSpace objects, 0(0B) LOS objects, 33% free, 32MB/48MB, paused 307us total 15.466ms
08-04 13:38:47.967 10062 10096 I art     : Starting a blocking GC Explicit
08-04 13:38:47.982 10062 10096 I art     : Explicit concurrent mark sweep GC freed 3(96B) AllocSpace objects, 0(0B) LOS objects, 33% free, 32MB/48MB, paused 318us total 14.659ms
08-04 13:38:47.988 10062 10096 I art     : Starting a blocking GC Explicit
08-04 13:38:48.003 10062 10096 I art     : Explicit concurrent mark sweep GC freed 3(96B) AllocSpace objects, 0(0B) LOS objects, 33% free, 32MB/48MB, paused 322us total 14.810ms
08-04 13:38:48.010 10062 10096 I art     : Starting a blocking GC Explicit
08-04 13:38:48.026 10062 10096 I art     : Explicit concurrent mark sweep GC freed 3(96B) AllocSpace objects, 0(0B) LOS objects, 33% free, 32MB/48MB, paused 320us total 15.287ms
08-04 13:38:48.347 10062 10075 I art     : Starting a blocking GC Explicit
08-04 13:38:48.365 10062 10075 I art     : Explicit concurrent mark sweep GC freed 1388(80KB) AllocSpace objects, 1(20KB) LOS objects, 33% free, 32MB/48MB, paused 348us total 17.809ms
08-04 13:38:48.377 10062 10075 I art     : Starting a blocking GC Explicit
08-04 13:38:48.391 10062 10075 I art     : Explicit concurrent mark sweep GC freed 20(704B) AllocSpace objects, 0(0B) LOS objects, 33% free, 32MB/48MB, paused 317us total 14.577ms
08-04 13:38:48.397 10062 10075 I art     : Starting a blocking GC Explicit
08-04 13:38:48.412 10062 10075 I art     : Explicit concurrent mark sweep GC freed 3(96B) AllocSpace objects, 0(0B) LOS objects, 33% free, 32MB/48MB, paused 349us total 14.412ms
08-04 13:38:48.418 10062 10075 I art     : Starting a blocking GC Explicit
08-04 13:38:48.433 10062 10075 I art     : Explicit concurrent mark sweep GC freed 3(96B) AllocSpace objects, 0(0B) LOS objects, 33% free, 32MB/48MB, paused 318us total 14.234ms
08-04 13:38:48.439 10062 10075 I art     : Starting a blocking GC Explicit
08-04 13:38:48.453 10062 10075 I art     : Explicit concurrent mark sweep GC freed 3(96B) AllocSpace objects, 0(0B) LOS objects, 33% free, 32MB/48MB, paused 326us total 14.262ms
08-04 13:38:48.739 10062 10074 I art     : Starting a blocking GC Explicit
08-04 13:38:48.757 10062 10074 I art     : Explicit concurrent mark sweep GC freed 1388(80KB) AllocSpace objects, 1(20KB) LOS objects, 33% free, 32MB/48MB, paused 349us total 17.147ms
08-04 13:38:48.765 10062 10074 I art     : Starting a blocking GC Explicit
08-04 13:38:48.780 10062 10074 I art     : Explicit concurrent mark sweep GC freed 20(704B) AllocSpace objects, 0(0B) LOS objects, 33% free, 32MB/48MB, paused 314us total 14.593ms
08-04 13:38:48.787 10062 10074 I art     : Starting a blocking GC Explicit
08-04 13:38:48.801 10062 10074 I art     : Explicit concurrent mark sweep GC freed 3(96B) AllocSpace objects, 0(0B) LOS objects, 33% free, 32MB/48MB, paused 319us total 14.277ms
08-04 13:38:48.807 10062 10074 I art     : Starting a blocking GC Explicit
08-04 13:38:48.822 10062 10074 I art     : Explicit concurrent mark sweep GC freed 3(96B) AllocSpace objects, 0(0B) LOS objects, 33% free, 32MB/48MB, paused 322us total 14.192ms
08-04 13:38:48.828 10062 10074 I art     : Starting a blocking GC Explicit
08-04 13:38:48.843 10062 10074 I art     : Explicit concurrent mark sweep GC freed 3(96B) AllocSpace objects, 0(0B) LOS objects, 33% free, 32MB/48MB, paused 302us total 14.198ms
08-04 13:38:49.129 10062 10331 I art     : Starting a blocking GC Explicit
08-04 13:38:49.147 10062 10331 I art     : Explicit concurrent mark sweep GC freed 1388(80KB) AllocSpace objects, 1(20KB) LOS objects, 33% free, 32MB/48MB, paused 367us total 17.620ms
08-04 13:38:49.155 10062 10331 I art     : Starting a blocking GC Explicit
08-04 13:38:49.170 10062 10331 I art     : Explicit concurrent mark sweep GC freed 20(704B) AllocSpace objects, 0(0B) LOS objects, 33% free, 32MB/48MB, paused 321us total 14.644ms
08-04 13:38:49.176 10062 10331 I art     : Starting a blocking GC Explicit
08-04 13:38:49.191 10062 10331 I art     : Explicit concurrent mark sweep GC freed 3(96B) AllocSpace objects, 0(0B) LOS objects, 33% free, 32MB/48MB, paused 307us total 14.696ms
08-04 13:38:49.198 10062 10331 I art     : Starting a blocking GC Explicit
08-04 13:38:49.212 10062 10331 I art     : Explicit concurrent mark sweep GC freed 3(96B) AllocSpace objects, 0(0B) LOS objects, 33% free, 32MB/48MB, paused 349us total 14.733ms
08-04 13:38:49.219 10062 10331 I art     : Starting a blocking GC Explicit
08-04 13:38:49.234 10062 10331 I art     : Explicit concurrent mark sweep GC freed 3(96B) AllocSpace objects, 0(0B) LOS objects, 33% free, 32MB/48MB, paused 322us total 14.572ms
08-04 13:38:49.387  6615  6615 I ServiceManager: Waiting for service AtCmdFwd...
08-04 13:38:49.529 10062 10096 I art     : Starting a blocking GC Explicit
08-04 13:38:49.545 10062 10096 I art     : Explicit concurrent mark sweep GC freed 1388(80KB) AllocSpace objects, 1(20KB) LOS objects, 33% free, 32MB/48MB, paused 338us total 16.007ms
08-04 13:38:49.551 10062 10096 I art     : Starting a blocking GC Explicit
08-04 13:38:49.566 10062 10096 I art     : Explicit concurrent mark sweep GC freed 20(704B) AllocSpace objects, 0(0B) LOS objects, 33% free, 32MB/48MB, paused 369us total 14.859ms
08-04 13:38:49.573 10062 10096 I art     : Starting a blocking GC Explicit
08-04 13:38:49.587 10062 10096 I art     : Explicit concurrent mark sweep GC freed 3(96B) AllocSpace objects, 0(0B) LOS objects, 33% free, 32MB/48MB, paused 336us total 14.525ms
08-04 13:38:49.594 10062 10096 I art     : Starting a blocking GC Explicit
08-04 13:38:49.608 10062 10096 I art     : Explicit concurrent mark sweep GC freed 3(96B) AllocSpace objects, 0(0B) LOS objects, 33% free, 32MB/48MB, paused 311us total 14.543ms
08-04 13:38:49.614 10062 10096 I art     : Starting a blocking GC Explicit
08-04 13:38:49.630 10062 10096 I art     : Explicit concurrent mark sweep GC freed 3(96B) AllocSpace objects, 0(0B) LOS objects, 33% free, 32MB/48MB, paused 342us total 15.130ms
08-04 13:38:49.947 10062 10075 I art     : Starting a blocking GC Explicit
08-04 13:38:49.964 10062 10075 I art     : Explicit concurrent mark sweep GC freed 1388(80KB) AllocSpace objects, 1(20KB) LOS objects, 33% free, 32MB/48MB, paused 348us total 17.284ms
08-04 13:38:49.975 10062 10075 I art     : Starting a blocking GC Explicit
08-04 13:38:49.990 10062 10075 I art     : Explicit concurrent mark sweep GC freed 20(704B) AllocSpace objects, 0(0B) LOS objects, 33% free, 32MB/48MB, paused 314us total 14.407ms
08-04 13:38:49.996 10062 10075 I art     : Starting a blocking GC Explicit
08-04 13:38:50.010 10062 10075 I art     : Explicit concurrent mark sweep GC freed 3(96B) AllocSpace objects, 0(0B) LOS objects, 33% free, 32MB/48MB, paused 357us total 14.304ms
08-04 13:38:50.016 10062 10075 I art     : Starting a blocking GC Explicit
08-04 13:38:50.031 10062 10075 I art     : Explicit concurrent mark sweep GC freed 3(96B) AllocSpace objects, 0(0B) LOS objects, 33% free, 32MB/48MB, paused 324us total 14.373ms
08-04 13:38:50.037 10062 10075 I art     : Starting a blocking GC Explicit
08-04 13:38:50.051 10062 10075 I art     : Explicit concurrent mark sweep GC freed 3(96B) AllocSpace objects, 0(0B) LOS objects, 33% free, 32MB/48MB, paused 312us total 14.271ms
08-04 13:38:50.334 10062 10074 I art     : Starting a blocking GC Explicit
08-04 13:38:50.350 10062 10074 I art     : Explicit concurrent mark sweep GC freed 1388(80KB) AllocSpace objects, 1(20KB) LOS objects, 33% free, 32MB/48MB, paused 355us total 15.552ms
08-04 13:38:50.356 10062 10074 I art     : Starting a blocking GC Explicit
08-04 13:38:50.372 10062 10074 I art     : Explicit concurrent mark sweep GC freed 20(704B) AllocSpace objects, 0(0B) LOS objects, 33% free, 32MB/48MB, paused 322us total 15.205ms
08-04 13:38:50.378 10062 10074 I art     : Starting a blocking GC Explicit
08-04 13:38:50.388  6615  6615 I ServiceManager: Waiting for service AtCmdFwd...
08-04 13:38:50.394 10062 10074 I art     : Explicit concurrent mark sweep GC freed 3(96B) AllocSpace objects, 0(0B) LOS objects, 33% free, 32MB/48MB, paused 325us total 14.964ms
08-04 13:38:50.401 10062 10074 I art     : Starting a blocking GC Explicit
08-04 13:38:50.415 10062 10074 I art     : Explicit concurrent mark sweep GC freed 3(96B) AllocSpace objects, 0(0B) LOS objects, 33% free, 32MB/48MB, paused 314us total 14.543ms
08-04 13:38:50.422 10062 10074 I art     : Starting a blocking GC Explicit
08-04 13:38:50.437 10062 10074 I art     : Explicit concurrent mark sweep GC freed 3(96B) AllocSpace objects, 0(0B) LOS objects, 33% free, 32MB/48MB, paused 371us total 14.767ms
08-04 13:38:50.757 10062 10331 I art     : Starting a blocking GC Explicit
08-04 13:38:50.775 10062 10331 I art     : Explicit concurrent mark sweep GC freed 1388(80KB) AllocSpace objects, 1(20KB) LOS objects, 33% free, 32MB/48MB, paused 352us total 17.973ms
08-04 13:38:50.784 10062 10331 I art     : Starting a blocking GC Explicit
08-04 13:38:50.799 10062 10331 I art     : Explicit concurrent mark sweep GC freed 20(704B) AllocSpace objects, 0(0B) LOS objects, 33% free, 32MB/48MB, paused 348us total 14.782ms
08-04 13:38:50.805 10062 10331 I art     : Starting a blocking GC Explicit
08-04 13:38:50.820 10062 10331 I art     : Explicit concurrent mark sweep GC freed 3(96B) AllocSpace objects, 0(0B) LOS objects, 33% free, 32MB/48MB, paused 317us total 14.408ms
08-04 13:38:50.826 10062 10331 I art     : Starting a blocking GC Explicit
08-04 13:38:50.840 10062 10331 I art     : Explicit concurrent mark sweep GC freed 3(96B) AllocSpace objects, 0(0B) LOS objects, 33% free, 32MB/48MB, paused 293us total 14.438ms
08-04 13:38:50.846 10062 10331 I art     : Starting a blocking GC Explicit
08-04 13:38:50.861 10062 10331 I art     : Explicit concurrent mark sweep GC freed 3(96B) AllocSpace objects, 0(0B) LOS objects, 33% free, 32MB/48MB, paused 322us total 14.470ms
08-04 13:38:51.159 10062 10096 I art     : Starting a blocking GC Explicit
08-04 13:38:51.178 10062 10096 I art     : Explicit concurrent mark sweep GC freed 1388(80KB) AllocSpace objects, 1(20KB) LOS objects, 33% free, 32MB/48MB, paused 376us total 17.984ms
08-04 13:38:51.187 10062 10096 I art     : Starting a blocking GC Explicit
08-04 13:38:51.202 10062 10096 I art     : Explicit concurrent mark sweep GC freed 20(704B) AllocSpace objects, 0(0B) LOS objects, 33% free, 32MB/48MB, paused 307us total 14.673ms
08-04 13:38:51.208 10062 10096 I art     : Starting a blocking GC Explicit
08-04 13:38:51.223 10062 10096 I art     : Explicit concurrent mark sweep GC freed 3(96B) AllocSpace objects, 0(0B) LOS objects, 33% free, 32MB/48MB, paused 322us total 14.804ms
08-04 13:38:51.230 10062 10096 I art     : Starting a blocking GC Explicit
08-04 13:38:51.244 10062 10096 I art     : Explicit concurrent mark sweep GC freed 3(96B) AllocSpace objects, 0(0B) LOS objects, 33% free, 32MB/48MB, paused 314us total 14.673ms
08-04 13:38:51.251 10062 10096 I art     : Starting a blocking GC Explicit
08-04 13:38:51.265 10062 10096 I art     : Explicit concurrent mark sweep GC freed 3(96B) AllocSpace objects, 0(0B) LOS objects, 33% free, 32MB/48MB, paused 366us total 14.609ms
08-04 13:38:51.388  6615  6615 I ServiceManager: Waiting for service AtCmdFwd...
08-04 13:38:51.570 10062 10075 I art     : Starting a blocking GC Explicit
08-04 13:38:51.589 10062 10075 I art     : Explicit concurrent mark sweep GC freed 1388(80KB) AllocSpace objects, 1(20KB) LOS objects, 33% free, 32MB/48MB, paused 373us total 19.265ms
08-04 13:38:51.595 10062 10075 I art     : Starting a blocking GC Explicit
08-04 13:38:51.610 10062 10075 I art     : Explicit concurrent mark sweep GC freed 20(704B) AllocSpace objects, 0(0B) LOS objects, 33% free, 32MB/48MB, paused 311us total 14.524ms
08-04 13:38:51.616 10062 10075 I art     : Starting a blocking GC Explicit
08-04 13:38:51.631 10062 10075 I art     : Explicit concurrent mark sweep GC freed 3(96B) AllocSpace objects, 0(0B) LOS objects, 33% free, 32MB/48MB, paused 306us total 14.186ms
08-04 13:38:51.637 10062 10075 I art     : Starting a blocking GC Explicit
08-04 13:38:51.651 10062 10075 I art     : Explicit concurrent mark sweep GC freed 3(96B) AllocSpace objects, 0(0B) LOS objects, 33% free, 32MB/48MB, paused 288us total 14.192ms
08-04 13:38:51.657 10062 10075 I art     : Starting a blocking GC Explicit
08-04 13:38:51.672 10062 10075 I art     : Explicit concurrent mark sweep GC freed 3(96B) AllocSpace objects, 0(0B) LOS objects, 33% free, 32MB/48MB, paused 315us total 14.056ms
08-04 13:38:51.966 10062 10074 I art     : Starting a blocking GC Explicit
08-04 13:38:51.984 10062 10074 I art     : Explicit concurrent mark sweep GC freed 1388(80KB) AllocSpace objects, 1(20KB) LOS objects, 33% free, 32MB/48MB, paused 345us total 16.999ms
08-04 13:38:51.993 10062 10074 I art     : Starting a blocking GC Explicit
08-04 13:38:52.008 10062 10074 I art     : Explicit concurrent mark sweep GC freed 20(704B) AllocSpace objects, 0(0B) LOS objects, 33% free, 32MB/48MB, paused 324us total 14.645ms
08-04 13:38:52.014 10062 10074 I art     : Starting a blocking GC Explicit
08-04 13:38:52.029 10062 10074 I art     : Explicit concurrent mark sweep GC freed 3(96B) AllocSpace objects, 0(0B) LOS objects, 33% free, 32MB/48MB, paused 309us total 14.802ms
08-04 13:38:52.035 10062 10074 I art     : Starting a blocking GC Explicit
08-04 13:38:52.050 10062 10074 I art     : Explicit concurrent mark sweep GC freed 3(96B) AllocSpace objects, 0(0B) LOS objects, 33% free, 32MB/48MB, paused 313us total 14.760ms
08-04 13:38:52.057 10062 10074 I art     : Starting a blocking GC Explicit
08-04 13:38:52.072 10062 10074 I art     : Explicit concurrent mark sweep GC freed 3(96B) AllocSpace objects, 0(0B) LOS objects, 33% free, 32MB/48MB, paused 315us total 14.973ms
08-04 13:38:52.359 10062 10331 I art     : Starting a blocking GC Explicit
08-04 13:38:52.378 10062 10331 I art     : Explicit concurrent mark sweep GC freed 1388(80KB) AllocSpace objects, 1(20KB) LOS objects, 33% free, 32MB/48MB, paused 784us total 18.240ms
08-04 13:38:52.389 10062 10331 I art     : Starting a blocking GC Explicit
08-04 13:38:52.389  6615  6615 I ServiceManager: Waiting for service AtCmdFwd...
08-04 13:38:52.403 10062 10331 I art     : Explicit concurrent mark sweep GC freed 20(704B) AllocSpace objects, 0(0B) LOS objects, 33% free, 32MB/48MB, paused 314us total 14.266ms
08-04 13:38:52.409 10062 10331 I art     : Starting a blocking GC Explicit
08-04 13:38:52.424 10062 10331 I art     : Explicit concurrent mark sweep GC freed 3(96B) AllocSpace objects, 0(0B) LOS objects, 33% free, 32MB/48MB, paused 319us total 14.351ms
08-04 13:38:52.430 10062 10331 I art     : Starting a blocking GC Explicit
08-04 13:38:52.445 10062 10331 I art     : Explicit concurrent mark sweep GC freed 3(96B) AllocSpace objects, 0(0B) LOS objects, 33% free, 32MB/48MB, paused 320us total 14.418ms
08-04 13:38:52.451 10062 10331 I art     : Starting a blocking GC Explicit
08-04 13:38:52.465 10062 10331 I art     : Explicit concurrent mark sweep GC freed 3(96B) AllocSpace objects, 0(0B) LOS objects, 33% free, 32MB/48MB, paused 299us total 14.076ms
08-04 13:38:52.742 10062 10096 I art     : Starting a blocking GC Explicit
08-04 13:38:52.757 10062 10096 I art     : Explicit concurrent mark sweep GC freed 1388(80KB) AllocSpace objects, 1(20KB) LOS objects, 33% free, 32MB/48MB, paused 348us total 15.278ms
08-04 13:38:52.764 10062 10096 I art     : Starting a blocking GC Explicit
08-04 13:38:52.779 10062 10096 I art     : Explicit concurrent mark sweep GC freed 20(704B) AllocSpace objects, 0(0B) LOS objects, 33% free, 32MB/48MB, paused 311us total 14.150ms
08-04 13:38:52.785 10062 10096 I art     : Starting a blocking GC Explicit
08-04 13:38:52.799 10062 10096 I art     : Explicit concurrent mark sweep GC freed 3(96B) AllocSpace objects, 0(0B) LOS objects, 33% free, 32MB/48MB, paused 396us total 14.270ms
08-04 13:38:52.805 10062 10096 I art     : Starting a blocking GC Explicit
08-04 13:38:52.820 10062 10096 I art     : Explicit concurrent mark sweep GC freed 3(96B) AllocSpace objects, 0(0B) LOS objects, 33% free, 32MB/48MB, paused 318us total 14.248ms
08-04 13:38:52.826 10062 10096 I art     : Starting a blocking GC Explicit
08-04 13:38:52.841 10062 10096 I art     : Explicit concurrent mark sweep GC freed 3(96B) AllocSpace objects, 0(0B) LOS objects, 33% free, 32MB/48MB, paused 384us total 14.476ms
08-04 13:38:52.965 10599 10599 D AndroidRuntime: >>>>>> START com.android.internal.os.RuntimeInit uid 2000 <<<<<<
08-04 13:38:52.969 10599 10599 D AndroidRuntime: CheckJNI is OFF
08-04 13:38:52.993 10599 10599 D ICU     : No timezone override file found: /data/misc/zoneinfo/current/icu/icu_tzdata.dat
08-04 13:38:53.017 10599 10599 I Radio-JNI: register_android_hardware_Radio DONE
08-04 13:38:53.032 10599 10599 D AndroidRuntime: Calling main entry com.android.commands.input.Input
08-04 13:38:53.033 10599 10599 I Input   : injectMotionEvent: MotionEvent { action=ACTION_DOWN, actionButton=0, id[0]=0, x[0]=436.0, y[0]=453.0, toolType[0]=TOOL_TYPE_UNKNOWN, buttonState=0, metaState=0, flags=0x0, edgeFlags=0x0, pointerCount=1, historySize=0, eventTime=711549446, downTime=711549446, deviceId=0, source=0x1002 }
08-04 13:38:53.039 10599 10599 I Input   : injectMotionEvent: MotionEvent { action=ACTION_UP, actionButton=0, id[0]=0, x[0]=436.0, y[0]=453.0, toolType[0]=TOOL_TYPE_UNKNOWN, buttonState=0, metaState=0, flags=0x0, edgeFlags=0x0, pointerCount=1, historySize=0, eventTime=711549446, downTime=711549446, deviceId=0, source=0x1002 }
08-04 13:38:53.043 10599 10599 D AndroidRuntime: Shutting down VM
08-04 13:38:53.052   918  3670 I ActivityManager: START u0 {cmp=baseline.com.newsblur/.activity.GlobalSharedStoriesReading (has extras)} from uid 10652 on display 0
08-04 13:38:53.053   512  2967 D audio_hw_primary: out_set_parameters: enter: usecase(1: low-latency-playback) kvpairs: routing=2
08-04 13:38:53.066   512  2967 D audio_hw_primary: select_devices: out_snd_device(2: speaker) in_snd_device(0: none)
08-04 13:38:53.067   512  2967 D msm8974_platform: platform_send_audio_calibration: sending audio calibration for snd_device(2) acdb_id(15)
08-04 13:38:53.067   512  2967 I soundtrigger: audio_extn_sound_trigger_update_device_status: device 0x2 of type 0 for Event 1
08-04 13:38:53.078   512  2967 D audio_hw_primary: enable_snd_device: snd_device(2: speaker)
08-04 13:38:53.080   512  2967 D audio_hw_primary: enable_audio_route: apply and update mixer path: low-latency-playback speaker
08-04 13:38:53.114 10062 10075 I art     : Starting a blocking GC Explicit
08-04 13:38:53.130 10062 10075 I art     : Explicit concurrent mark sweep GC freed 2891(261KB) AllocSpace objects, 6(580KB) LOS objects, 31% free, 34MB/50MB, paused 373us total 15.357ms
08-04 13:38:53.135 10062 10075 I art     : Starting a blocking GC Explicit
08-04 13:38:53.150 10062 10075 I art     : Explicit concurrent mark sweep GC freed 429(20KB) AllocSpace objects, 0(0B) LOS objects, 31% free, 34MB/50MB, paused 341us total 14.248ms
08-04 13:38:53.156 10062 10075 I art     : Starting a blocking GC Explicit
08-04 13:38:53.170 10062 10075 I art     : Explicit concurrent mark sweep GC freed 164(26KB) AllocSpace objects, 1(20KB) LOS objects, 31% free, 34MB/50MB, paused 349us total 14.246ms
08-04 13:38:53.176 10062 10075 I art     : Starting a blocking GC Explicit
08-04 13:38:53.190 10062 10075 I art     : Explicit concurrent mark sweep GC freed 29(1056B) AllocSpace objects, 0(0B) LOS objects, 31% free, 34MB/50MB, paused 344us total 13.573ms
08-04 13:38:53.196 10062 10075 I art     : Starting a blocking GC Explicit
08-04 13:38:53.210 10062 10075 I art     : Explicit concurrent mark sweep GC freed 212(33KB) AllocSpace objects, 1(20KB) LOS objects, 30% free, 35MB/51MB, paused 446us total 14.408ms
08-04 13:38:53.261   918   936 I ActivityManager: Displayed baseline.com.newsblur/.activity.GlobalSharedStoriesReading: +201ms
08-04 13:38:53.261 13866 13866 I GoogleInputMethodServic: GoogleInputMethodService.onFinishInput():3138 
08-04 13:38:53.262 13866 13866 I GoogleInputMethodServic: GoogleInputMethodService.onStartInput():1808 
08-04 13:38:53.272 10062 10062 I WebViewFactory: Loading com.google.android.webview version 84.0.4147.89 (code 414708953)
08-04 13:38:53.331 10062 10062 I cr_LibraryLoader: Loaded native library version number "84.0.4147.89"
08-04 13:38:53.332 10062 10062 I cr_CachingUmaRecorder: Flushed 5 samples from 5 histograms.
08-04 13:38:53.359 10062 10062 E chromium: [ERROR:filesystem_posix.cc(62)] mkdir /data/user/0/baseline.com.newsblur/cache/WebView/Crashpad: No such file or directory (2)
08-04 13:38:53.390  6615  6615 I ServiceManager: Waiting for service AtCmdFwd...
08-04 13:38:53.446   918  3670 D ConnectivityService: listenForNetwork for Listen from uid/pid:10652/10062 for NetworkRequest [ id=2676, legacyType=-1, [ Capabilities: INTERNET&NOT_RESTRICTED&TRUSTED] ]
08-04 13:38:53.463 10062 10074 I art     : Starting a blocking GC Explicit
08-04 13:38:53.491 10062 10074 I art     : Explicit concurrent mark sweep GC freed 9131(913KB) AllocSpace objects, 5(100KB) LOS objects, 30% free, 37MB/53MB, paused 902us total 27.825ms
08-04 13:38:53.498 10062 10074 I art     : Starting a blocking GC Explicit
08-04 13:38:53.519 10062 10074 I art     : Explicit concurrent mark sweep GC freed 1186(79KB) AllocSpace objects, 1(20KB) LOS objects, 29% free, 37MB/53MB, paused 1.428ms total 20.608ms
08-04 13:38:53.526 10062 10074 I art     : Starting a blocking GC Explicit
08-04 13:38:53.544 10062 10074 I art     : Explicit concurrent mark sweep GC freed 366(20KB) AllocSpace objects, 0(0B) LOS objects, 29% free, 38MB/54MB, paused 591us total 17.793ms
08-04 13:38:53.551 10062 10074 I art     : Starting a blocking GC Explicit
08-04 13:38:53.566 10062 10658 W cr_media: Requires BLUETOOTH permission
08-04 13:38:53.578 10062 10074 I art     : Explicit concurrent mark sweep GC freed 1044(112KB) AllocSpace objects, 4(76KB) LOS objects, 29% free, 38MB/54MB, paused 1.145ms total 25.240ms
08-04 13:38:53.596 10062 10355 I NAPPA_EXPERIMENTATION: MetricNetworkRequestExecutionTime: REQUEST_DURATION_SYSTEM='110',REQUEST_DURATION_OKHTTP='110',REQUEST_SYNCHRONOUS='TRUE',RESPONSE_CODE='200',RESPONSE_METHOD='GET',RESPONSE_LENGTH_OKHTTP='4737',RESPONSE_LENGTH_HEADER='4737',REQUEST_PROTOCOL='http/1.1',REQUEST_URL='https://s3.amazonaws.com/avatars.newsblur.com/avatars/33448/thumbnail_profile_1420383332.gif',
08-04 13:38:53.604 10062 10074 I art     : Starting a blocking GC Explicit
08-04 13:38:53.604 10062 10674 E libEGL  : validate_display:255 error 3008 (EGL_BAD_DISPLAY)
08-04 13:38:53.609   512  2967 D audio_hw_primary: disable_audio_route: reset and update mixer path: low-latency-playback speaker
08-04 13:38:53.610   512  2967 D audio_hw_primary: disable_snd_device: snd_device(2: speaker)
08-04 13:38:53.614 10062 10346 I NAPPA_EXPERIMENTATION: MetricNetworkRequestExecutionTime: REQUEST_DURATION_SYSTEM='59',REQUEST_DURATION_OKHTTP='58',REQUEST_SYNCHRONOUS='TRUE',RESPONSE_CODE='200',RESPONSE_METHOD='GET',RESPONSE_LENGTH_OKHTTP='4737',RESPONSE_LENGTH_HEADER='4737',REQUEST_PROTOCOL='http/1.1',REQUEST_URL='https://s3.amazonaws.com/avatars.newsblur.com/avatars/33448/thumbnail_profile_1420383332.gif',
08-04 13:38:53.620   512  2967 I soundtrigger: audio_extn_sound_trigger_update_device_status: device 0x2 of type 0 for Event 0
08-04 13:38:53.629 10062 10074 I art     : Explicit concurrent mark sweep GC freed 9060(471KB) AllocSpace objects, 4(76KB) LOS objects, 29% free, 39MB/55MB, paused 1.427ms total 24.732ms
08-04 13:38:53.848 10062 10678 E chromium: [ERROR:tile_manager.cc(793)] WARNING: tile memory limits exceeded, some content may not draw
08-04 13:38:53.848 10062 10678 E chromium: [ERROR:tile_manager.cc(793)] WARNING: tile memory limits exceeded, some content may not draw
08-04 13:38:53.859 10062 10357 I NAPPA_EXPERIMENTATION: MetricNetworkRequestExecutionTime: REQUEST_DURATION_SYSTEM='307',REQUEST_DURATION_OKHTTP='142',REQUEST_SYNCHRONOUS='TRUE',RESPONSE_CODE='200',RESPONSE_METHOD='GET',RESPONSE_LENGTH_OKHTTP='2111',RESPONSE_LENGTH_HEADER='2111',REQUEST_PROTOCOL='h2',REQUEST_URL='https://pbs.twimg.com/profile_images/1186729813748248576/D6FFru_U_normal.jpg',
08-04 13:38:53.886 10062 10350 I NAPPA_EXPERIMENTATION: MetricNetworkRequestExecutionTime: REQUEST_DURATION_SYSTEM='332',REQUEST_DURATION_OKHTTP='164',REQUEST_SYNCHRONOUS='TRUE',RESPONSE_CODE='200',RESPONSE_METHOD='GET',RESPONSE_LENGTH_OKHTTP='2111',RESPONSE_LENGTH_HEADER='2111',REQUEST_PROTOCOL='h2',REQUEST_URL='https://pbs.twimg.com/profile_images/1186729813748248576/D6FFru_U_normal.jpg',
08-04 13:38:53.897 10062 10331 I art     : Starting a blocking GC Explicit
08-04 13:38:53.924 10062 10331 I art     : Explicit concurrent mark sweep GC freed 14712(956KB) AllocSpace objects, 20(408KB) LOS objects, 29% free, 39MB/55MB, paused 891us total 26.536ms
08-04 13:38:53.931 10062 10331 I art     : Starting a blocking GC Explicit
08-04 13:38:53.950 10062 10331 I art     : Explicit concurrent mark sweep GC freed 1257(71KB) AllocSpace objects, 2(48KB) LOS objects, 29% free, 39MB/55MB, paused 679us total 19.080ms
08-04 13:38:53.953 10062 10346 I NAPPA_EXPERIMENTATION: MetricNetworkRequestExecutionTime: REQUEST_DURATION_SYSTEM='299',REQUEST_DURATION_OKHTTP='160',REQUEST_SYNCHRONOUS='TRUE',RESPONSE_CODE='200',RESPONSE_METHOD='GET',RESPONSE_LENGTH_OKHTTP='2111',RESPONSE_LENGTH_HEADER='2111',REQUEST_PROTOCOL='h2',REQUEST_URL='https://pbs.twimg.com/profile_images/1186729813748248576/D6FFru_U_normal.jpg',
08-04 13:38:53.957 10062 10331 I art     : Starting a blocking GC Explicit
08-04 13:38:53.962 10062 10355 I NAPPA_EXPERIMENTATION: MetricNetworkRequestExecutionTime: REQUEST_DURATION_SYSTEM='306',REQUEST_DURATION_OKHTTP='164',REQUEST_SYNCHRONOUS='TRUE',RESPONSE_CODE='200',RESPONSE_METHOD='GET',RESPONSE_LENGTH_OKHTTP='2111',RESPONSE_LENGTH_HEADER='2111',REQUEST_PROTOCOL='h2',REQUEST_URL='https://pbs.twimg.com/profile_images/1186729813748248576/D6FFru_U_normal.jpg',
08-04 13:38:53.977 10062 10331 I art     : Explicit concurrent mark sweep GC freed 3309(183KB) AllocSpace objects, 6(120KB) LOS objects, 29% free, 39MB/55MB, paused 1.015ms total 20.011ms
08-04 13:38:53.985 10062 10331 I art     : Starting a blocking GC Explicit
08-04 13:38:54.005 10062 10331 I art     : Explicit concurrent mark sweep GC freed 823(46KB) AllocSpace objects, 0(0B) LOS objects, 29% free, 39MB/55MB, paused 595us total 19.903ms
08-04 13:38:54.012 10062 10331 I art     : Starting a blocking GC Explicit
08-04 13:38:54.024 10062 10348 I NAPPA_EXPERIMENTATION: MetricNetworkRequestExecutionTime: REQUEST_DURATION_SYSTEM='473',REQUEST_DURATION_OKHTTP='40',REQUEST_SYNCHRONOUS='TRUE',RESPONSE_CODE='200',RESPONSE_METHOD='GET',RESPONSE_LENGTH_OKHTTP='17022',RESPONSE_LENGTH_HEADER='17022',REQUEST_PROTOCOL='http/1.1',REQUEST_URL='https://www.newsblur.com/media/img/reader/default_profile_photo.png',
08-04 13:38:54.032 10062 10331 I art     : Explicit concurrent mark sweep GC freed 236(29KB) AllocSpace objects, 1(20KB) LOS objects, 29% free, 39MB/55MB, paused 570us total 19.987ms
08-04 13:38:54.033 10062 10352 I NAPPA_EXPERIMENTATION: MetricNetworkRequestExecutionTime: REQUEST_DURATION_SYSTEM='457',REQUEST_DURATION_OKHTTP='50',REQUEST_SYNCHRONOUS='TRUE',RESPONSE_CODE='200',RESPONSE_METHOD='GET',RESPONSE_LENGTH_OKHTTP='17022',RESPONSE_LENGTH_HEADER='17022',REQUEST_PROTOCOL='http/1.1',REQUEST_URL='https://www.newsblur.com/media/img/reader/default_profile_photo.png',
08-04 13:38:54.034 10062 10348 D skia    : --- SkImageDecoder::Factory returned null
08-04 13:38:54.106 10062 10682 D MY_TAG  : 0, 425
08-04 13:38:54.257 10062 10357 I NAPPA_EXPERIMENTATION: MetricNetworkRequestExecutionTime: REQUEST_DURATION_SYSTEM='390',REQUEST_DURATION_OKHTTP='33',REQUEST_SYNCHRONOUS='TRUE',RESPONSE_CODE='200',RESPONSE_METHOD='GET',RESPONSE_LENGTH_OKHTTP='17022',RESPONSE_LENGTH_HEADER='17022',REQUEST_PROTOCOL='http/1.1',REQUEST_URL='https://www.newsblur.com/media/img/reader/default_profile_photo.png',
08-04 13:38:54.326 10062 10075 I art     : Starting a blocking GC Explicit
08-04 13:38:54.356 10062 10075 I art     : Explicit concurrent mark sweep GC freed 7334(416KB) AllocSpace objects, 13(400KB) LOS objects, 28% free, 39MB/55MB, paused 774us total 29.653ms
08-04 13:38:54.365 10062 10075 I art     : Starting a blocking GC Explicit
08-04 13:38:54.388 10062 10075 I art     : Explicit concurrent mark sweep GC freed 2080(220KB) AllocSpace objects, 5(340KB) LOS objects, 29% free, 39MB/55MB, paused 600us total 23.187ms
08-04 13:38:54.390  6615  6615 W Atfwd_Sendcmd: AtCmdFwd service not published, waiting... retryCnt : 3
08-04 13:38:54.395 10062 10075 I art     : Starting a blocking GC Explicit
08-04 13:38:54.416 10062 10075 I art     : Explicit concurrent mark sweep GC freed 3(96B) AllocSpace objects, 0(0B) LOS objects, 29% free, 39MB/55MB, paused 549us total 20.802ms
08-04 13:38:54.424 10062 10075 I art     : Starting a blocking GC Explicit
08-04 13:38:54.445 10062 10075 I art     : Explicit concurrent mark sweep GC freed 3(96B) AllocSpace objects, 0(0B) LOS objects, 29% free, 39MB/55MB, paused 642us total 20.699ms
08-04 13:38:54.453 10062 10075 I art     : Starting a blocking GC Explicit
08-04 13:38:54.474 10062 10075 I art     : Explicit concurrent mark sweep GC freed 1668(65KB) AllocSpace objects, 0(0B) LOS objects, 29% free, 39MB/55MB, paused 476us total 20.491ms
08-04 13:38:54.498 10062 10682 I NAPPA_EXPERIMENTATION: MetricNetworkRequestExecutionTime: REQUEST_DURATION_SYSTEM='369',REQUEST_DURATION_OKHTTP='37',REQUEST_SYNCHRONOUS='TRUE',RESPONSE_CODE='200',RESPONSE_METHOD='GET',RESPONSE_LENGTH_OKHTTP='-1',RESPONSE_LENGTH_HEADER='12364',REQUEST_PROTOCOL='http/1.1',REQUEST_URL='https://www.newsblur.com/social/river_stories?order=newest&page=2&read_filter=all&global_feed=true',
08-04 13:38:54.498 10062 10682 D MY_TAG  : 0, 369
08-04 13:38:54.633 10062 10085 E SQLiteLog: (9) statement aborts at 0: [SELECT authors,short_content,timestamp,sharedDate,stories.feed_id,stories._id,intelligence_authors,intelligence_feed,intelligence_tags,intelligence_total,intelligence_title,permalink,re
08-04 13:38:54.636 10062 10678 E chromium: [ERROR:tile_manager.cc(793)] WARNING: tile memory limits exceeded, some content may not draw
08-04 13:38:54.639 10062 10678 E chromium: [ERROR:tile_manager.cc(793)] WARNING: tile memory limits exceeded, some content may not draw
08-04 13:38:54.645 10062 10678 E chromium: [ERROR:tile_manager.cc(793)] WARNING: tile memory limits exceeded, some content may not draw
08-04 13:38:54.646 10062 10678 E chromium: [ERROR:tile_manager.cc(793)] WARNING: tile memory limits exceeded, some content may not draw
08-04 13:38:54.649 10062 10678 E chromium: [ERROR:tile_manager.cc(793)] WARNING: tile memory limits exceeded, some content may not draw
08-04 13:38:54.650 10062 10678 E chromium: [ERROR:tile_manager.cc(793)] WARNING: tile memory limits exceeded, some content may not draw
08-04 13:38:54.743 10062 10075 I art     : Starting a blocking GC Explicit
08-04 13:38:54.770 10062 10075 I art     : Explicit concurrent mark sweep GC freed 37005(2MB) AllocSpace objects, 39(988KB) LOS objects, 28% free, 39MB/55MB, paused 553us total 26.793ms
08-04 13:38:54.778 10062 10075 I art     : Starting a blocking GC Explicit
08-04 13:38:54.799 10062 10075 I art     : Explicit concurrent mark sweep GC freed 2941(203KB) AllocSpace objects, 2(56KB) LOS objects, 29% free, 39MB/55MB, paused 504us total 21.568ms
08-04 13:38:54.806 10062 10075 I art     : Starting a blocking GC Explicit
08-04 13:38:54.828 10062 10075 I art     : Explicit concurrent mark sweep GC freed 10(320B) AllocSpace objects, 0(0B) LOS objects, 29% free, 39MB/55MB, paused 643us total 21.008ms
08-04 13:38:54.835 10062 10075 I art     : Starting a blocking GC Explicit
08-04 13:38:54.856 10062 10075 I art     : Explicit concurrent mark sweep GC freed 11(352B) AllocSpace objects, 0(0B) LOS objects, 29% free, 39MB/55MB, paused 432us total 20.625ms
08-04 13:38:54.865 10062 10075 I art     : Starting a blocking GC Explicit
08-04 13:38:54.886 10062 10075 I art     : Explicit concurrent mark sweep GC freed 8(256B) AllocSpace objects, 0(0B) LOS objects, 29% free, 39MB/55MB, paused 650us total 20.556ms
08-04 13:38:55.197 10062 10075 I art     : Starting a blocking GC Explicit
08-04 13:38:55.221 10062 10075 I art     : Explicit concurrent mark sweep GC freed 1422(81KB) AllocSpace objects, 1(20KB) LOS objects, 29% free, 39MB/55MB, paused 514us total 23.884ms
08-04 13:38:55.231 10062 10075 I art     : Starting a blocking GC Explicit
08-04 13:38:55.252 10062 10075 I art     : Explicit concurrent mark sweep GC freed 20(704B) AllocSpace objects, 0(0B) LOS objects, 29% free, 39MB/55MB, paused 495us total 21.404ms
08-04 13:38:55.260 10062 10075 I art     : Starting a blocking GC Explicit
08-04 13:38:55.281 10062 10075 I art     : Explicit concurrent mark sweep GC freed 3(96B) AllocSpace objects, 0(0B) LOS objects, 29% free, 39MB/55MB, paused 490us total 20.671ms
08-04 13:38:55.288 10062 10075 I art     : Starting a blocking GC Explicit
08-04 13:38:55.308 10062 10075 I art     : Explicit concurrent mark sweep GC freed 3(96B) AllocSpace objects, 0(0B) LOS objects, 29% free, 39MB/55MB, paused 483us total 20.392ms
08-04 13:38:55.316 10062 10075 I art     : Starting a blocking GC Explicit
08-04 13:38:55.337 10062 10075 I art     : Explicit concurrent mark sweep GC freed 3(96B) AllocSpace objects, 0(0B) LOS objects, 29% free, 39MB/55MB, paused 553us total 21.232ms
08-04 13:38:55.640   518   646 I ThermalEngine: ACTION: GPU - Setting GPU[0] to 510000000
08-04 13:38:55.674 10062 10074 I art     : Starting a blocking GC Explicit
08-04 13:38:55.701 10062 10074 I art     : Explicit concurrent mark sweep GC freed 1403(81KB) AllocSpace objects, 1(20KB) LOS objects, 29% free, 39MB/55MB, paused 677us total 26.871ms
08-04 13:38:55.710 10062 10074 I art     : Starting a blocking GC Explicit
08-04 13:38:55.737 10062 10074 I art     : Explicit concurrent mark sweep GC freed 20(704B) AllocSpace objects, 0(0B) LOS objects, 29% free, 39MB/55MB, paused 674us total 26.247ms
08-04 13:38:55.746 10062 10074 I art     : Starting a blocking GC Explicit
08-04 13:38:55.772 10062 10074 I art     : Explicit concurrent mark sweep GC freed 3(96B) AllocSpace objects, 0(0B) LOS objects, 29% free, 39MB/55MB, paused 645us total 26.054ms
08-04 13:38:55.782 10062 10074 I art     : Starting a blocking GC Explicit
08-04 13:38:55.808 10062 10074 I art     : Explicit concurrent mark sweep GC freed 3(96B) AllocSpace objects, 0(0B) LOS objects, 29% free, 39MB/55MB, paused 696us total 26.259ms
08-04 13:38:55.808 10062 10073 I art     : WaitForGcToComplete blocked for 26.495ms for cause HeapTrim
08-04 13:38:55.817 10062 10074 I art     : Starting a blocking GC Explicit
08-04 13:38:55.843 10062 10074 I art     : Explicit concurrent mark sweep GC freed 3(96B) AllocSpace objects, 0(0B) LOS objects, 29% free, 39MB/55MB, paused 666us total 25.781ms
08-04 13:38:56.183 10062 10331 I art     : Starting a blocking GC Explicit
08-04 13:38:56.211 10062 10331 I art     : Explicit concurrent mark sweep GC freed 1402(80KB) AllocSpace objects, 1(20KB) LOS objects, 29% free, 39MB/55MB, paused 678us total 27.695ms
08-04 13:38:56.224 10062 10331 I art     : Starting a blocking GC Explicit
08-04 13:38:56.249 10062 10331 I art     : Explicit concurrent mark sweep GC freed 20(704B) AllocSpace objects, 0(0B) LOS objects, 29% free, 39MB/55MB, paused 654us total 24.263ms
08-04 13:38:56.258 10062 10331 I art     : Starting a blocking GC Explicit
08-04 13:38:56.283 10062 10331 I art     : Explicit concurrent mark sweep GC freed 3(96B) AllocSpace objects, 0(0B) LOS objects, 29% free, 39MB/55MB, paused 660us total 25.129ms
08-04 13:38:56.292 10062 10331 I art     : Starting a blocking GC Explicit
08-04 13:38:56.317 10062 10331 I art     : Explicit concurrent mark sweep GC freed 3(96B) AllocSpace objects, 0(0B) LOS objects, 29% free, 39MB/55MB, paused 730us total 24.788ms
08-04 13:38:56.327 10062 10331 I art     : Starting a blocking GC Explicit
08-04 13:38:56.352 10062 10331 I art     : Explicit concurrent mark sweep GC freed 3(96B) AllocSpace objects, 0(0B) LOS objects, 29% free, 39MB/55MB, paused 708us total 25.430ms
08-04 13:38:56.706 10062 10096 I art     : Starting a blocking GC Explicit
08-04 13:38:56.735 10062 10096 I art     : Explicit concurrent mark sweep GC freed 1403(81KB) AllocSpace objects, 1(20KB) LOS objects, 29% free, 39MB/55MB, paused 626us total 27.854ms
08-04 13:38:56.748 10062 10096 I art     : Starting a blocking GC Explicit
08-04 13:38:56.773 10062 10096 I art     : Explicit concurrent mark sweep GC freed 20(704B) AllocSpace objects, 0(0B) LOS objects, 29% free, 39MB/55MB, paused 648us total 25.020ms
08-04 13:38:56.782 10062 10096 I art     : Starting a blocking GC Explicit
08-04 13:38:56.807 10062 10096 I art     : Explicit concurrent mark sweep GC freed 3(96B) AllocSpace objects, 0(0B) LOS objects, 29% free, 39MB/55MB, paused 676us total 24.978ms
08-04 13:38:56.816 10062 10096 I art     : Starting a blocking GC Explicit
08-04 13:38:56.842 10062 10096 I art     : Explicit concurrent mark sweep GC freed 3(96B) AllocSpace objects, 0(0B) LOS objects, 29% free, 39MB/55MB, paused 650us total 25.473ms
08-04 13:38:56.851 10062 10096 I art     : Starting a blocking GC Explicit
08-04 13:38:56.876 10062 10096 I art     : Explicit concurrent mark sweep GC freed 3(96B) AllocSpace objects, 0(0B) LOS objects, 29% free, 39MB/55MB, paused 642us total 24.757ms
08-04 13:38:57.221 10062 10075 I art     : Starting a blocking GC Explicit
08-04 13:38:57.250 10062 10075 I art     : Explicit concurrent mark sweep GC freed 1402(80KB) AllocSpace objects, 1(20KB) LOS objects, 29% free, 39MB/55MB, paused 631us total 28.184ms
08-04 13:38:57.259 10062 10075 I art     : Starting a blocking GC Explicit
08-04 13:38:57.284 10062 10075 I art     : Explicit concurrent mark sweep GC freed 20(704B) AllocSpace objects, 0(0B) LOS objects, 29% free, 39MB/55MB, paused 639us total 25.311ms
08-04 13:38:57.293 10062 10075 I art     : Starting a blocking GC Explicit
08-04 13:38:57.318 10062 10075 I art     : Explicit concurrent mark sweep GC freed 3(96B) AllocSpace objects, 0(0B) LOS objects, 29% free, 39MB/55MB, paused 648us total 24.463ms
08-04 13:38:57.326 10062 10075 I art     : Starting a blocking GC Explicit
08-04 13:38:57.352 10062 10075 I art     : Explicit concurrent mark sweep GC freed 3(96B) AllocSpace objects, 0(0B) LOS objects, 29% free, 39MB/55MB, paused 623us total 25.120ms
08-04 13:38:57.361 10062 10075 I art     : Starting a blocking GC Explicit
08-04 13:38:57.387 10062 10075 I art     : Explicit concurrent mark sweep GC freed 3(96B) AllocSpace objects, 0(0B) LOS objects, 29% free, 39MB/55MB, paused 652us total 25.800ms
08-04 13:38:57.732 10062 10074 I art     : Starting a blocking GC Explicit
08-04 13:38:57.761 10062 10074 I art     : Explicit concurrent mark sweep GC freed 1403(81KB) AllocSpace objects, 1(20KB) LOS objects, 29% free, 39MB/55MB, paused 882us total 28.600ms
08-04 13:38:57.773 10062 10074 I art     : Starting a blocking GC Explicit
08-04 13:38:57.798 10062 10074 I art     : Explicit concurrent mark sweep GC freed 20(704B) AllocSpace objects, 0(0B) LOS objects, 29% free, 39MB/55MB, paused 696us total 25.151ms
08-04 13:38:57.807 10062 10074 I art     : Starting a blocking GC Explicit
08-04 13:38:57.831 10062 10074 I art     : Explicit concurrent mark sweep GC freed 3(96B) AllocSpace objects, 0(0B) LOS objects, 29% free, 39MB/55MB, paused 652us total 24.338ms
08-04 13:38:57.840 10062 10074 I art     : Starting a blocking GC Explicit
08-04 13:38:57.866 10062 10074 I art     : Explicit concurrent mark sweep GC freed 3(96B) AllocSpace objects, 0(0B) LOS objects, 29% free, 39MB/55MB, paused 684us total 25.600ms
08-04 13:38:57.875 10062 10074 I art     : Starting a blocking GC Explicit
08-04 13:38:57.901 10062 10074 I art     : Explicit concurrent mark sweep GC freed 3(96B) AllocSpace objects, 0(0B) LOS objects, 29% free, 39MB/55MB, paused 661us total 25.686ms
08-04 13:38:58.229 10062 10331 I art     : Starting a blocking GC Explicit
08-04 13:38:58.258 10062 10331 I art     : Explicit concurrent mark sweep GC freed 1403(81KB) AllocSpace objects, 1(20KB) LOS objects, 29% free, 39MB/55MB, paused 772us total 28.208ms
08-04 13:38:58.263 13866 13882 I PeriodicStatsRunner: PeriodicStatsRunner.call():175 call()
08-04 13:38:58.263 13866 13882 I PeriodicStatsRunner: PeriodicStatsRunner.call():179 No submit PeriodicStats since input started.
08-04 13:38:58.270 10062 10331 I art     : Starting a blocking GC Explicit
08-04 13:38:58.295 10062 10331 I art     : Explicit concurrent mark sweep GC freed 20(704B) AllocSpace objects, 0(0B) LOS objects, 29% free, 39MB/55MB, paused 656us total 24.984ms
08-04 13:38:58.304 10062 10331 I art     : Starting a blocking GC Explicit
08-04 13:38:58.328 10062 10331 I art     : Explicit concurrent mark sweep GC freed 3(96B) AllocSpace objects, 0(0B) LOS objects, 29% free, 39MB/55MB, paused 674us total 24.089ms
08-04 13:38:58.337 10062 10331 I art     : Starting a blocking GC Explicit
08-04 13:38:58.363 10062 10331 I art     : Explicit concurrent mark sweep GC freed 3(96B) AllocSpace objects, 0(0B) LOS objects, 29% free, 39MB/55MB, paused 679us total 25.246ms
08-04 13:38:58.372 10062 10331 I art     : Starting a blocking GC Explicit
08-04 13:38:58.400 10062 10331 I art     : Explicit concurrent mark sweep GC freed 3(96B) AllocSpace objects, 0(0B) LOS objects, 29% free, 39MB/55MB, paused 680us total 27.945ms
08-04 13:38:58.645   518   646 I ThermalEngine: ACTION: GPU - Setting GPU[0] to 600000000
08-04 13:38:58.734 10062 10096 I art     : Starting a blocking GC Explicit
08-04 13:38:58.758 10062 10096 I art     : Explicit concurrent mark sweep GC freed 1401(80KB) AllocSpace objects, 1(20KB) LOS objects, 29% free, 39MB/55MB, paused 643us total 23.998ms
08-04 13:38:58.769 10062 10096 I art     : Starting a blocking GC Explicit
08-04 13:38:58.790 10062 10096 I art     : Explicit concurrent mark sweep GC freed 20(704B) AllocSpace objects, 0(0B) LOS objects, 29% free, 39MB/55MB, paused 490us total 20.002ms
08-04 13:38:58.797 10062 10096 I art     : Starting a blocking GC Explicit
08-04 13:38:58.816 10062 10096 I art     : Explicit concurrent mark sweep GC freed 3(96B) AllocSpace objects, 0(0B) LOS objects, 29% free, 39MB/55MB, paused 538us total 19.727ms
08-04 13:38:58.823 10062 10096 I art     : Starting a blocking GC Explicit
08-04 13:38:58.844 10062 10096 I art     : Explicit concurrent mark sweep GC freed 3(96B) AllocSpace objects, 0(0B) LOS objects, 29% free, 39MB/55MB, paused 482us total 20.127ms
08-04 13:38:58.851 10062 10096 I art     : Starting a blocking GC Explicit
08-04 13:38:58.871 10062 10096 I art     : Explicit concurrent mark sweep GC freed 3(96B) AllocSpace objects, 0(0B) LOS objects, 29% free, 39MB/55MB, paused 498us total 20.373ms
08-04 13:38:59.206 10062 10075 I art     : Starting a blocking GC Explicit
08-04 13:38:59.231 10062 10075 I art     : Explicit concurrent mark sweep GC freed 1401(80KB) AllocSpace objects, 1(20KB) LOS objects, 29% free, 39MB/55MB, paused 483us total 24.143ms
08-04 13:38:59.240 10062 10075 I art     : Starting a blocking GC Explicit
08-04 13:38:59.260 10062 10075 I art     : Explicit concurrent mark sweep GC freed 20(704B) AllocSpace objects, 0(0B) LOS objects, 29% free, 39MB/55MB, paused 482us total 20.137ms
08-04 13:38:59.267 10062 10075 I art     : Starting a blocking GC Explicit
08-04 13:38:59.287 10062 10075 I art     : Explicit concurrent mark sweep GC freed 3(96B) AllocSpace objects, 0(0B) LOS objects, 29% free, 39MB/55MB, paused 524us total 19.826ms
08-04 13:38:59.294 10062 10075 I art     : Starting a blocking GC Explicit
08-04 13:38:59.314 10062 10075 I art     : Explicit concurrent mark sweep GC freed 3(96B) AllocSpace objects, 0(0B) LOS objects, 29% free, 39MB/55MB, paused 469us total 19.654ms
08-04 13:38:59.321 10062 10075 I art     : Starting a blocking GC Explicit
08-04 13:38:59.342 10062 10075 I art     : Explicit concurrent mark sweep GC freed 3(96B) AllocSpace objects, 0(0B) LOS objects, 29% free, 39MB/55MB, paused 482us total 20.615ms
08-04 13:38:59.681 10062 10074 I art     : Starting a blocking GC Explicit
08-04 13:38:59.705 10062 10074 I art     : Explicit concurrent mark sweep GC freed 1401(80KB) AllocSpace objects, 1(20KB) LOS objects, 29% free, 39MB/55MB, paused 513us total 23.456ms
08-04 13:38:59.715 10062 10074 I art     : Starting a blocking GC Explicit
08-04 13:38:59.736 10062 10074 I art     : Explicit concurrent mark sweep GC freed 20(704B) AllocSpace objects, 0(0B) LOS objects, 29% free, 39MB/55MB, paused 498us total 20.147ms
08-04 13:38:59.743 10062 10074 I art     : Starting a blocking GC Explicit
08-04 13:38:59.763 10062 10074 I art     : Explicit concurrent mark sweep GC freed 3(96B) AllocSpace objects, 0(0B) LOS objects, 29% free, 39MB/55MB, paused 479us total 20.200ms
08-04 13:38:59.770 10062 10074 I art     : Starting a blocking GC Explicit
08-04 13:38:59.790 10062 10074 I art     : Explicit concurrent mark sweep GC freed 3(96B) AllocSpace objects, 0(0B) LOS objects, 29% free, 39MB/55MB, paused 466us total 19.363ms
08-04 13:38:59.797 10062 10074 I art     : Starting a blocking GC Explicit
08-04 13:38:59.817 10062 10074 I art     : Explicit concurrent mark sweep GC freed 3(96B) AllocSpace objects, 0(0B) LOS objects, 29% free, 39MB/55MB, paused 502us total 20.485ms
08-04 13:39:00.150 10062 10331 I art     : Starting a blocking GC Explicit
08-04 13:39:00.174 10062 10331 I art     : Explicit concurrent mark sweep GC freed 1401(80KB) AllocSpace objects, 1(20KB) LOS objects, 29% free, 39MB/55MB, paused 492us total 22.738ms
08-04 13:39:00.181 10062 10331 I art     : Starting a blocking GC Explicit
08-04 13:39:00.202 10062 10331 I art     : Explicit concurrent mark sweep GC freed 20(704B) AllocSpace objects, 0(0B) LOS objects, 29% free, 39MB/55MB, paused 505us total 21.130ms
08-04 13:39:00.210 10062 10331 I art     : Starting a blocking GC Explicit
08-04 13:39:00.231 10062 10331 I art     : Explicit concurrent mark sweep GC freed 3(96B) AllocSpace objects, 0(0B) LOS objects, 29% free, 39MB/55MB, paused 521us total 21.235ms
08-04 13:39:00.239 10062 10331 I art     : Starting a blocking GC Explicit
08-04 13:39:00.259 10062 10331 I art     : Explicit concurrent mark sweep GC freed 3(96B) AllocSpace objects, 0(0B) LOS objects, 29% free, 39MB/55MB, paused 499us total 20.351ms
08-04 13:39:00.266 10062 10331 I art     : Starting a blocking GC Explicit
08-04 13:39:00.286 10062 10331 I art     : Explicit concurrent mark sweep GC freed 3(96B) AllocSpace objects, 0(0B) LOS objects, 29% free, 39MB/55MB, paused 508us total 19.851ms
08-04 13:39:00.634 10062 10096 I art     : Starting a blocking GC Explicit
08-04 13:39:00.658 10062 10096 I art     : Explicit concurrent mark sweep GC freed 1401(80KB) AllocSpace objects, 1(20KB) LOS objects, 29% free, 39MB/55MB, paused 506us total 23.619ms
08-04 13:39:00.668 10062 10096 I art     : Starting a blocking GC Explicit
08-04 13:39:00.690 10062 10096 I art     : Explicit concurrent mark sweep GC freed 20(704B) AllocSpace objects, 0(0B) LOS objects, 29% free, 39MB/55MB, paused 508us total 21.759ms
08-04 13:39:00.698 10062 10096 I art     : Starting a blocking GC Explicit
08-04 13:39:00.719 10062 10096 I art     : Explicit concurrent mark sweep GC freed 3(96B) AllocSpace objects, 0(0B) LOS objects, 29% free, 39MB/55MB, paused 484us total 21.181ms
08-04 13:39:00.726 10062 10096 I art     : Starting a blocking GC Explicit
08-04 13:39:00.747 10062 10096 I art     : Explicit concurrent mark sweep GC freed 3(96B) AllocSpace objects, 0(0B) LOS objects, 29% free, 39MB/55MB, paused 496us total 20.996ms
08-04 13:39:00.755 10062 10096 I art     : Starting a blocking GC Explicit
08-04 13:39:00.776 10062 10096 I art     : Explicit concurrent mark sweep GC freed 3(96B) AllocSpace objects, 0(0B) LOS objects, 29% free, 39MB/55MB, paused 466us total 21.101ms
08-04 13:39:01.087 10062 10331 I art     : Starting a blocking GC Explicit
08-04 13:39:01.106 10062 10331 I art     : Explicit concurrent mark sweep GC freed 1401(80KB) AllocSpace objects, 1(20KB) LOS objects, 29% free, 39MB/55MB, paused 482us total 18.727ms
08-04 13:39:01.113 10062 10331 I art     : Starting a blocking GC Explicit
08-04 13:39:01.134 10062 10331 I art     : Explicit concurrent mark sweep GC freed 360(12KB) AllocSpace objects, 0(0B) LOS objects, 29% free, 39MB/55MB, paused 514us total 21.358ms
08-04 13:39:01.142 10062 10331 I art     : Starting a blocking GC Explicit
08-04 13:39:01.162 10062 10331 I art     : Explicit concurrent mark sweep GC freed 3(96B) AllocSpace objects, 0(0B) LOS objects, 29% free, 39MB/55MB, paused 471us total 20.220ms
08-04 13:39:01.169 10062 10331 I art     : Starting a blocking GC Explicit
08-04 13:39:01.190 10062 10331 I art     : Explicit concurrent mark sweep GC freed 3(96B) AllocSpace objects, 0(0B) LOS objects, 29% free, 39MB/55MB, paused 505us total 20.400ms
08-04 13:39:01.197 10062 10331 I art     : Starting a blocking GC Explicit
08-04 13:39:01.218 10062 10331 I art     : Explicit concurrent mark sweep GC freed 3(96B) AllocSpace objects, 0(0B) LOS objects, 29% free, 39MB/55MB, paused 507us total 20.550ms
08-04 13:39:01.547 10062 10096 I art     : Starting a blocking GC Explicit
08-04 13:39:01.570 10062 10096 I art     : Explicit concurrent mark sweep GC freed 1401(80KB) AllocSpace objects, 1(20KB) LOS objects, 29% free, 39MB/55MB, paused 513us total 23.279ms
08-04 13:39:01.582 10062 10096 I art     : Starting a blocking GC Explicit
08-04 13:39:01.602 10062 10096 I art     : Explicit concurrent mark sweep GC freed 20(704B) AllocSpace objects, 0(0B) LOS objects, 29% free, 39MB/55MB, paused 479us total 20.511ms
08-04 13:39:01.609 10062 10096 I art     : Starting a blocking GC Explicit
08-04 13:39:01.629 10062 10096 I art     : Explicit concurrent mark sweep GC freed 3(96B) AllocSpace objects, 0(0B) LOS objects, 29% free, 39MB/55MB, paused 474us total 19.774ms
08-04 13:39:01.636 10062 10096 I art     : Starting a blocking GC Explicit
08-04 13:39:01.656 10062 10096 I art     : Explicit concurrent mark sweep GC freed 3(96B) AllocSpace objects, 0(0B) LOS objects, 29% free, 39MB/55MB, paused 444us total 19.295ms
08-04 13:39:01.663 10062 10096 I art     : Starting a blocking GC Explicit
08-04 13:39:01.682 10062 10096 I art     : Explicit concurrent mark sweep GC freed 3(96B) AllocSpace objects, 0(0B) LOS objects, 29% free, 39MB/55MB, paused 451us total 19.548ms
08-04 13:39:02.018 10062 10075 I art     : Starting a blocking GC Explicit
08-04 13:39:02.041 10062 10075 I art     : Explicit concurrent mark sweep GC freed 1401(80KB) AllocSpace objects, 1(20KB) LOS objects, 29% free, 39MB/55MB, paused 511us total 22.945ms
08-04 13:39:02.049 10062 10075 I art     : Starting a blocking GC Explicit
08-04 13:39:02.070 10062 10075 I art     : Explicit concurrent mark sweep GC freed 20(704B) AllocSpace objects, 0(0B) LOS objects, 29% free, 39MB/55MB, paused 489us total 21.060ms
08-04 13:39:02.077 10062 10075 I art     : Starting a blocking GC Explicit
08-04 13:39:02.098 10062 10075 I art     : Explicit concurrent mark sweep GC freed 3(96B) AllocSpace objects, 0(0B) LOS objects, 29% free, 39MB/55MB, paused 487us total 20.456ms
08-04 13:39:02.105 10062 10075 I art     : Starting a blocking GC Explicit
08-04 13:39:02.126 10062 10075 I art     : Explicit concurrent mark sweep GC freed 3(96B) AllocSpace objects, 0(0B) LOS objects, 29% free, 39MB/55MB, paused 479us total 21.120ms
08-04 13:39:02.134 10062 10075 I art     : Starting a blocking GC Explicit
08-04 13:39:02.154 10062 10075 I art     : Explicit concurrent mark sweep GC freed 3(96B) AllocSpace objects, 0(0B) LOS objects, 29% free, 39MB/55MB, paused 459us total 19.802ms
08-04 13:39:02.527 10062 10074 I art     : Starting a blocking GC Explicit
08-04 13:39:02.552 10062 10074 I art     : Explicit concurrent mark sweep GC freed 1401(80KB) AllocSpace objects, 1(20KB) LOS objects, 29% free, 39MB/55MB, paused 519us total 24.175ms
08-04 13:39:02.559 10062 10074 I art     : Starting a blocking GC Explicit
08-04 13:39:02.581 10062 10074 I art     : Explicit concurrent mark sweep GC freed 20(704B) AllocSpace objects, 0(0B) LOS objects, 29% free, 39MB/55MB, paused 527us total 21.642ms
08-04 13:39:02.589 10062 10074 I art     : Starting a blocking GC Explicit
08-04 13:39:02.610 10062 10074 I art     : Explicit concurrent mark sweep GC freed 3(96B) AllocSpace objects, 0(0B) LOS objects, 29% free, 39MB/55MB, paused 475us total 20.599ms
08-04 13:39:02.617 10062 10074 I art     : Starting a blocking GC Explicit
08-04 13:39:02.638 10062 10074 I art     : Explicit concurrent mark sweep GC freed 3(96B) AllocSpace objects, 0(0B) LOS objects, 29% free, 39MB/55MB, paused 474us total 20.115ms
08-04 13:39:02.645 10062 10074 I art     : Starting a blocking GC Explicit
08-04 13:39:02.665 10062 10074 I art     : Explicit concurrent mark sweep GC freed 3(96B) AllocSpace objects, 0(0B) LOS objects, 29% free, 39MB/55MB, paused 488us total 20.279ms
08-04 13:39:02.949   918  3261 D WifiStateMachine: starting scan for "H369AA63323"WPA_PSK with 2412,5180
08-04 13:39:02.993 10062 10331 I art     : Starting a blocking GC Explicit
08-04 13:39:03.015 10062 10331 I art     : Explicit concurrent mark sweep GC freed 1401(80KB) AllocSpace objects, 1(20KB) LOS objects, 29% free, 39MB/55MB, paused 467us total 22.018ms
08-04 13:39:03.022 10062 10331 I art     : Starting a blocking GC Explicit
08-04 13:39:03.041 10062 10331 I art     : Explicit concurrent mark sweep GC freed 20(704B) AllocSpace objects, 0(0B) LOS objects, 29% free, 39MB/55MB, paused 456us total 18.709ms
08-04 13:39:03.047 10062 10331 I art     : Starting a blocking GC Explicit
08-04 13:39:03.066 10062 10331 I art     : Explicit concurrent mark sweep GC freed 3(96B) AllocSpace objects, 0(0B) LOS objects, 29% free, 39MB/55MB, paused 485us total 18.581ms
08-04 13:39:03.073 10062 10331 I art     : Starting a blocking GC Explicit
08-04 13:39:03.092 10062 10331 I art     : Explicit concurrent mark sweep GC freed 3(96B) AllocSpace objects, 0(0B) LOS objects, 29% free, 39MB/55MB, paused 477us total 19.506ms
08-04 13:39:03.099 10062 10331 I art     : Starting a blocking GC Explicit
08-04 13:39:03.120 10062 10331 I art     : Explicit concurrent mark sweep GC freed 3(96B) AllocSpace objects, 0(0B) LOS objects, 29% free, 39MB/55MB, paused 501us total 20.045ms
08-04 13:39:03.447 10062 10096 I art     : Starting a blocking GC Explicit
08-04 13:39:03.471 10062 10096 I art     : Explicit concurrent mark sweep GC freed 1401(80KB) AllocSpace objects, 1(20KB) LOS objects, 29% free, 39MB/55MB, paused 506us total 23.775ms
08-04 13:39:03.482 10062 10096 I art     : Starting a blocking GC Explicit
08-04 13:39:03.502 10062 10096 I art     : Explicit concurrent mark sweep GC freed 20(704B) AllocSpace objects, 0(0B) LOS objects, 29% free, 39MB/55MB, paused 478us total 19.840ms
08-04 13:39:03.509 10062 10096 I art     : Starting a blocking GC Explicit
08-04 13:39:03.529 10062 10096 I art     : Explicit concurrent mark sweep GC freed 3(96B) AllocSpace objects, 0(0B) LOS objects, 29% free, 39MB/55MB, paused 466us total 19.815ms
08-04 13:39:03.536 10062 10096 I art     : Starting a blocking GC Explicit
08-04 13:39:03.557 10062 10096 I art     : Explicit concurrent mark sweep GC freed 3(96B) AllocSpace objects, 0(0B) LOS objects, 29% free, 39MB/55MB, paused 502us total 20.156ms
08-04 13:39:03.563 10062 10096 I art     : Starting a blocking GC Explicit
08-04 13:39:03.585 10062 10096 I art     : Explicit concurrent mark sweep GC freed 3(96B) AllocSpace objects, 0(0B) LOS objects, 29% free, 39MB/55MB, paused 434us total 21.015ms
08-04 13:39:03.897 10062 10075 I art     : Starting a blocking GC Explicit
08-04 13:39:03.920 10062 10075 I art     : Explicit concurrent mark sweep GC freed 1420(81KB) AllocSpace objects, 1(20KB) LOS objects, 29% free, 39MB/55MB, paused 498us total 23.214ms
08-04 13:39:03.930 10062 10075 I art     : Starting a blocking GC Explicit
08-04 13:39:03.951 10062 10075 I art     : Explicit concurrent mark sweep GC freed 26(928B) AllocSpace objects, 0(0B) LOS objects, 29% free, 39MB/55MB, paused 495us total 21.244ms
08-04 13:39:03.959 10062 10075 I art     : Starting a blocking GC Explicit
08-04 13:39:03.979 10062 10075 I art     : Explicit concurrent mark sweep GC freed 3(96B) AllocSpace objects, 0(0B) LOS objects, 29% free, 39MB/55MB, paused 463us total 20.263ms
08-04 13:39:03.986 10062 10075 I art     : Starting a blocking GC Explicit
08-04 13:39:04.006 10062 10075 I art     : Explicit concurrent mark sweep GC freed 3(96B) AllocSpace objects, 0(0B) LOS objects, 29% free, 39MB/55MB, paused 484us total 20.026ms
08-04 13:39:04.014 10062 10075 I art     : Starting a blocking GC Explicit
08-04 13:39:04.034 10062 10075 I art     : Explicit concurrent mark sweep GC freed 3(96B) AllocSpace objects, 0(0B) LOS objects, 29% free, 39MB/55MB, paused 482us total 20.619ms
08-04 13:39:04.251   918  3188 I hubconnection: sensorhub said: 'set_bias 3: -5.1264, 0.0000, 0.0000'
08-04 13:39:04.345 10062 10074 I art     : Starting a blocking GC Explicit
08-04 13:39:04.366 10062 10074 I art     : Explicit concurrent mark sweep GC freed 1401(80KB) AllocSpace objects, 1(20KB) LOS objects, 29% free, 39MB/55MB, paused 479us total 20.565ms
08-04 13:39:04.374 10062 10074 I art     : Starting a blocking GC Explicit
08-04 13:39:04.394 10062 10074 I art     : Explicit concurrent mark sweep GC freed 20(704B) AllocSpace objects, 0(0B) LOS objects, 29% free, 39MB/55MB, paused 520us total 20.542ms
08-04 13:39:04.402 10062 10074 I art     : Starting a blocking GC Explicit
08-04 13:39:04.423 10062 10074 I art     : Explicit concurrent mark sweep GC freed 3(96B) AllocSpace objects, 0(0B) LOS objects, 29% free, 39MB/55MB, paused 502us total 20.240ms
08-04 13:39:04.430 10062 10074 I art     : Starting a blocking GC Explicit
08-04 13:39:04.451 10062 10074 I art     : Explicit concurrent mark sweep GC freed 3(96B) AllocSpace objects, 0(0B) LOS objects, 29% free, 39MB/55MB, paused 508us total 20.675ms
08-04 13:39:04.458 10062 10074 I art     : Starting a blocking GC Explicit
08-04 13:39:04.479 10062 10074 I art     : Explicit concurrent mark sweep GC freed 3(96B) AllocSpace objects, 0(0B) LOS objects, 29% free, 39MB/55MB, paused 538us total 20.688ms
08-04 13:39:04.831 10062 10096 I art     : Starting a blocking GC Explicit
08-04 13:39:04.855 10062 10096 I art     : Explicit concurrent mark sweep GC freed 1401(80KB) AllocSpace objects, 1(20KB) LOS objects, 29% free, 39MB/55MB, paused 467us total 24.544ms
08-04 13:39:04.862 10062 10096 I art     : Starting a blocking GC Explicit
08-04 13:39:04.883 10062 10096 I art     : Explicit concurrent mark sweep GC freed 20(704B) AllocSpace objects, 0(0B) LOS objects, 29% free, 39MB/55MB, paused 469us total 20.212ms
08-04 13:39:04.890 10062 10096 I art     : Starting a blocking GC Explicit
08-04 13:39:04.910 10062 10096 I art     : Explicit concurrent mark sweep GC freed 3(96B) AllocSpace objects, 0(0B) LOS objects, 29% free, 39MB/55MB, paused 481us total 19.753ms
08-04 13:39:04.917 10062 10096 I art     : Starting a blocking GC Explicit
08-04 13:39:04.937 10062 10096 I art     : Explicit concurrent mark sweep GC freed 3(96B) AllocSpace objects, 0(0B) LOS objects, 29% free, 39MB/55MB, paused 522us total 20.057ms
08-04 13:39:04.944 10062 10096 I art     : Starting a blocking GC Explicit
08-04 13:39:04.965 10062 10096 I art     : Explicit concurrent mark sweep GC freed 3(96B) AllocSpace objects, 0(0B) LOS objects, 29% free, 39MB/55MB, paused 495us total 21.056ms
08-04 13:39:05.300 10062 10075 I art     : Starting a blocking GC Explicit
08-04 13:39:05.322 10062 10075 I art     : Explicit concurrent mark sweep GC freed 1401(80KB) AllocSpace objects, 1(20KB) LOS objects, 29% free, 39MB/55MB, paused 534us total 21.966ms
08-04 13:39:05.330 10062 10075 I art     : Starting a blocking GC Explicit
08-04 13:39:05.349 10062 10075 I art     : Explicit concurrent mark sweep GC freed 20(704B) AllocSpace objects, 0(0B) LOS objects, 29% free, 39MB/55MB, paused 479us total 19.736ms
08-04 13:39:05.357 10062 10075 I art     : Starting a blocking GC Explicit
08-04 13:39:05.375 10062 10075 I art     : Explicit concurrent mark sweep GC freed 3(96B) AllocSpace objects, 0(0B) LOS objects, 29% free, 39MB/55MB, paused 460us total 17.951ms
08-04 13:39:05.381 10062 10075 I art     : Starting a blocking GC Explicit
08-04 13:39:05.399 10062 10075 I art     : Explicit concurrent mark sweep GC freed 3(96B) AllocSpace objects, 0(0B) LOS objects, 29% free, 39MB/55MB, paused 463us total 18.047ms
08-04 13:39:05.406 10062 10075 I art     : Starting a blocking GC Explicit
08-04 13:39:05.424 10062 10075 I art     : Explicit concurrent mark sweep GC freed 3(96B) AllocSpace objects, 0(0B) LOS objects, 29% free, 39MB/55MB, paused 494us total 17.917ms
08-04 13:39:05.579 10953 10953 D AndroidRuntime: >>>>>> START com.android.internal.os.RuntimeInit uid 2000 <<<<<<
08-04 13:39:05.584 10953 10953 D AndroidRuntime: CheckJNI is OFF
08-04 13:39:05.609 10953 10953 D ICU     : No timezone override file found: /data/misc/zoneinfo/current/icu/icu_tzdata.dat
08-04 13:39:05.633 10953 10953 I Radio-JNI: register_android_hardware_Radio DONE
08-04 13:39:05.649 10953 10953 D AndroidRuntime: Calling main entry com.android.commands.input.Input
08-04 13:39:05.650 10953 10953 I Input   : injectKeyEvent: KeyEvent { action=ACTION_DOWN, keyCode=KEYCODE_BACK, scanCode=0, metaState=0, flags=0x0, repeatCount=0, eventTime=711562064, downTime=711562064, deviceId=-1, source=0x101 }
08-04 13:39:05.658 10953 10953 I Input   : injectKeyEvent: KeyEvent { action=ACTION_UP, keyCode=KEYCODE_BACK, scanCode=0, metaState=0, flags=0x0, repeatCount=0, eventTime=711562064, downTime=711562064, deviceId=-1, source=0x101 }
08-04 13:39:05.664 10953 10953 D AndroidRuntime: Shutting down VM
08-04 13:39:05.729 10062 10331 I art     : Starting a blocking GC Explicit
08-04 13:39:05.747 10062 10331 I art     : Explicit concurrent mark sweep GC freed 2218(164KB) AllocSpace objects, 4(80KB) LOS objects, 29% free, 39MB/55MB, paused 527us total 18.741ms
08-04 13:39:05.755 13866 13866 I GoogleInputMethodServic: GoogleInputMethodService.onFinishInput():3138 
08-04 13:39:05.755 13866 13866 I GoogleInputMethodServic: GoogleInputMethodService.onStartInput():1808 
08-04 13:39:05.756 10062 10331 I art     : Starting a blocking GC Explicit
08-04 13:39:05.777 10062 10331 I art     : Explicit concurrent mark sweep GC freed 1830(154KB) AllocSpace objects, 5(100KB) LOS objects, 28% free, 39MB/55MB, paused 1.167ms total 20.690ms
08-04 13:39:05.784 10062 10331 I art     : Starting a blocking GC Explicit
08-04 13:39:05.805 10062 10331 I art     : Explicit concurrent mark sweep GC freed 603(37KB) AllocSpace objects, 1(20KB) LOS objects, 28% free, 39MB/55MB, paused 669us total 20.541ms
08-04 13:39:05.812 10062 10331 I art     : Starting a blocking GC Explicit
08-04 13:39:05.834 10062 10331 I art     : Explicit concurrent mark sweep GC freed 56(2496B) AllocSpace objects, 0(0B) LOS objects, 28% free, 39MB/55MB, paused 510us total 21.286ms
08-04 13:39:05.840 10062 10331 I art     : Starting a blocking GC Explicit
08-04 13:39:05.859 10062 10331 I art     : Explicit concurrent mark sweep GC freed 62(4KB) AllocSpace objects, 1(28KB) LOS objects, 28% free, 39MB/55MB, paused 561us total 18.187ms
08-04 13:39:06.139 10062 10331 I art     : Starting a blocking GC Explicit
08-04 13:39:06.162 10062 10331 I art     : Explicit concurrent mark sweep GC freed 3710(248KB) AllocSpace objects, 1(20KB) LOS objects, 29% free, 39MB/55MB, paused 565us total 22.074ms
08-04 13:39:06.169 10062 10331 I art     : Starting a blocking GC Explicit
08-04 13:39:06.185   918  3263 D ConnectivityService: releasing NetworkRequest NetworkRequest [ id=2676, legacyType=-1, [ Capabilities: INTERNET&NOT_RESTRICTED&TRUSTED] ]
08-04 13:39:06.189 10062 10331 I art     : Explicit concurrent mark sweep GC freed 5398(414KB) AllocSpace objects, 12(4MB) LOS objects, 32% free, 33MB/49MB, paused 1.001ms total 20.040ms
08-04 13:39:06.195 10062 10331 I art     : Starting a blocking GC Explicit
08-04 13:39:06.213 10062 10331 I art     : Explicit concurrent mark sweep GC freed 1154(77KB) AllocSpace objects, 2(120KB) LOS objects, 31% free, 34MB/50MB, paused 755us total 17.630ms
08-04 13:39:06.220 10062 10331 I art     : Starting a blocking GC Explicit
08-04 13:39:06.237 10062 10331 I art     : Explicit concurrent mark sweep GC freed 2218(158KB) AllocSpace objects, 1(80KB) LOS objects, 31% free, 34MB/50MB, paused 511us total 17.140ms
08-04 13:39:06.244 10062 10331 I art     : Starting a blocking GC Explicit
08-04 13:39:06.252 10062 10976 I NAPPA_EXPERIMENTATION: MetricNetworkRequestExecutionTime: REQUEST_DURATION_SYSTEM='486',REQUEST_DURATION_OKHTTP='28',REQUEST_SYNCHRONOUS='TRUE',RESPONSE_CODE='200',RESPONSE_METHOD='GET',RESPONSE_LENGTH_OKHTTP='-1',RESPONSE_LENGTH_HEADER='22512',REQUEST_PROTOCOL='http/1.1',REQUEST_URL='https://www.newsblur.com/social/river_stories?order=newest&page=3&read_filter=all&global_feed=true',
08-04 13:39:06.252 10062 10976 D MY_TAG  : 0, 486
08-04 13:39:06.261 10062 10331 I art     : Explicit concurrent mark sweep GC freed 242(24KB) AllocSpace objects, 0(0B) LOS objects, 31% free, 34MB/50MB, paused 557us total 16.884ms
08-04 13:39:06.522 10062 10331 I art     : Starting a blocking GC Explicit
08-04 13:39:06.543 10062 10331 I art     : Explicit concurrent mark sweep GC freed 36845(2MB) AllocSpace objects, 28(1012KB) LOS objects, 31% free, 34MB/50MB, paused 553us total 21.314ms
08-04 13:39:06.551 10062 10331 I art     : Starting a blocking GC Explicit
08-04 13:39:06.570 10062 10331 I art     : Explicit concurrent mark sweep GC freed 364(39KB) AllocSpace objects, 3(80KB) LOS objects, 31% free, 34MB/50MB, paused 559us total 19.367ms
08-04 13:39:06.577 10062 10331 I art     : Starting a blocking GC Explicit
08-04 13:39:06.595 10062 10331 I art     : Explicit concurrent mark sweep GC freed 6(192B) AllocSpace objects, 0(0B) LOS objects, 31% free, 34MB/50MB, paused 542us total 18.343ms
08-04 13:39:06.602 10062 10331 I art     : Starting a blocking GC Explicit
08-04 13:39:06.621 10062 10331 I art     : Explicit concurrent mark sweep GC freed 6(192B) AllocSpace objects, 0(0B) LOS objects, 31% free, 34MB/50MB, paused 535us total 18.971ms
08-04 13:39:06.628 10062 10331 I art     : Starting a blocking GC Explicit
08-04 13:39:06.647 10062 10331 I art     : Explicit concurrent mark sweep GC freed 6(192B) AllocSpace objects, 0(0B) LOS objects, 31% free, 34MB/50MB, paused 593us total 18.681ms
08-04 13:39:06.805 10062 10976 I NAPPA_EXPERIMENTATION: MetricNetworkRequestExecutionTime: REQUEST_DURATION_SYSTEM='444',REQUEST_DURATION_OKHTTP='35',REQUEST_SYNCHRONOUS='TRUE',RESPONSE_CODE='200',RESPONSE_METHOD='GET',RESPONSE_LENGTH_OKHTTP='-1',RESPONSE_LENGTH_HEADER='10672',REQUEST_PROTOCOL='http/1.1',REQUEST_URL='https://www.newsblur.com/social/river_stories?order=newest&page=4&read_filter=all&global_feed=true',
08-04 13:39:06.805 10062 10976 D MY_TAG  : 0, 444
08-04 13:39:06.939 10062 10075 I art     : Starting a blocking GC Explicit
08-04 13:39:06.959 10062 10075 I art     : Explicit concurrent mark sweep GC freed 14869(1397KB) AllocSpace objects, 30(772KB) LOS objects, 31% free, 34MB/50MB, paused 668us total 19.952ms
08-04 13:39:06.966 10062 10075 I art     : Starting a blocking GC Explicit
08-04 13:39:06.985 10062 10075 I art     : Explicit concurrent mark sweep GC freed 1433(103KB) AllocSpace objects, 0(0B) LOS objects, 31% free, 34MB/50MB, paused 584us total 18.784ms
08-04 13:39:06.994 10062 10075 I art     : Starting a blocking GC Explicit
08-04 13:39:07.012 10062 10075 I art     : Explicit concurrent mark sweep GC freed 6(192B) AllocSpace objects, 0(0B) LOS objects, 31% free, 34MB/50MB, paused 483us total 18.017ms
08-04 13:39:07.018 10062 10075 I art     : Starting a blocking GC Explicit
08-04 13:39:07.036 10062 10075 I art     : Explicit concurrent mark sweep GC freed 6(192B) AllocSpace objects, 0(0B) LOS objects, 31% free, 34MB/50MB, paused 517us total 17.951ms
08-04 13:39:07.043 10062 10075 I art     : Starting a blocking GC Explicit
08-04 13:39:07.062 10062 10075 I art     : Explicit concurrent mark sweep GC freed 6(192B) AllocSpace objects, 0(0B) LOS objects, 31% free, 34MB/50MB, paused 476us total 17.913ms
08-04 13:39:07.198 11010 11010 D AndroidRuntime: >>>>>> START com.android.internal.os.RuntimeInit uid 2000 <<<<<<
08-04 13:39:07.202 11010 11010 D AndroidRuntime: CheckJNI is OFF
08-04 13:39:07.228 11010 11010 D ICU     : No timezone override file found: /data/misc/zoneinfo/current/icu/icu_tzdata.dat
08-04 13:39:07.252 11010 11010 I Radio-JNI: register_android_hardware_Radio DONE
08-04 13:39:07.268 11010 11010 D AndroidRuntime: Calling main entry com.android.commands.input.Input
08-04 13:39:07.270 11010 11010 I Input   : injectMotionEvent: MotionEvent { action=ACTION_DOWN, actionButton=0, id[0]=0, x[0]=435.0, y[0]=858.0, toolType[0]=TOOL_TYPE_UNKNOWN, buttonState=0, metaState=0, flags=0x0, edgeFlags=0x0, pointerCount=1, historySize=0, eventTime=711563683, downTime=711563683, deviceId=0, source=0x1002 }
08-04 13:39:07.274 11010 11010 I Input   : injectMotionEvent: MotionEvent { action=ACTION_UP, actionButton=0, id[0]=0, x[0]=435.0, y[0]=858.0, toolType[0]=TOOL_TYPE_UNKNOWN, buttonState=0, metaState=0, flags=0x0, edgeFlags=0x0, pointerCount=1, historySize=0, eventTime=711563683, downTime=711563683, deviceId=0, source=0x1002 }
08-04 13:39:07.276 11010 11010 D AndroidRuntime: Shutting down VM
08-04 13:39:07.285   512  2967 D audio_hw_primary: out_set_parameters: enter: usecase(1: low-latency-playback) kvpairs: routing=2
08-04 13:39:07.287   918  3670 I ActivityManager: START u0 {cmp=baseline.com.newsblur/.activity.GlobalSharedStoriesReading (has extras)} from uid 10652 on display 0
08-04 13:39:07.299   512  2967 D audio_hw_primary: select_devices: out_snd_device(2: speaker) in_snd_device(0: none)
08-04 13:39:07.299   512  2967 D msm8974_platform: platform_send_audio_calibration: sending audio calibration for snd_device(2) acdb_id(15)
08-04 13:39:07.299   512  2967 I soundtrigger: audio_extn_sound_trigger_update_device_status: device 0x2 of type 0 for Event 1
08-04 13:39:07.308   512  2967 D audio_hw_primary: enable_snd_device: snd_device(2: speaker)
08-04 13:39:07.310   512  2967 D audio_hw_primary: enable_audio_route: apply and update mixer path: low-latency-playback speaker
08-04 13:39:07.340 10062 10074 I art     : Starting a blocking GC Explicit
08-04 13:39:07.359 10062 10074 I art     : Explicit concurrent mark sweep GC freed 2844(212KB) AllocSpace objects, 6(580KB) LOS objects, 30% free, 35MB/51MB, paused 545us total 19.653ms
08-04 13:39:07.367 10062 10074 I art     : Starting a blocking GC Explicit
08-04 13:39:07.385 10062 10074 I art     : Explicit concurrent mark sweep GC freed 432(20KB) AllocSpace objects, 0(0B) LOS objects, 30% free, 35MB/51MB, paused 589us total 18.591ms
08-04 13:39:07.393 10062 10074 I art     : Starting a blocking GC Explicit
08-04 13:39:07.415 10062 10074 I art     : Explicit concurrent mark sweep GC freed 158(26KB) AllocSpace objects, 1(20KB) LOS objects, 30% free, 35MB/51MB, paused 537us total 21.483ms
08-04 13:39:07.422 10062 10074 I art     : Starting a blocking GC Explicit
08-04 13:39:07.440 10062 10074 I art     : Explicit concurrent mark sweep GC freed 29(1056B) AllocSpace objects, 0(0B) LOS objects, 30% free, 35MB/51MB, paused 533us total 17.837ms
08-04 13:39:07.448 10062 10074 I art     : Starting a blocking GC Explicit
08-04 13:39:07.469 10062 10074 I art     : Explicit concurrent mark sweep GC freed 452(40KB) AllocSpace objects, 1(20KB) LOS objects, 29% free, 37MB/53MB, paused 544us total 20.752ms
08-04 13:39:07.478   918   936 I ActivityManager: Displayed baseline.com.newsblur/.activity.GlobalSharedStoriesReading: +184ms
08-04 13:39:07.479 13866 13866 I GoogleInputMethodServic: GoogleInputMethodService.onFinishInput():3138 
08-04 13:39:07.480 13866 13866 I GoogleInputMethodServic: GoogleInputMethodService.onStartInput():1808 
08-04 13:39:07.491   918  3961 D ConnectivityService: listenForNetwork for Listen from uid/pid:10652/10062 for NetworkRequest [ id=2677, legacyType=-1, [ Capabilities: INTERNET&NOT_RESTRICTED&TRUSTED] ]
08-04 13:39:07.595 10062 10078 V RenderScript: 0x7f7d6cf000 Launching thread(s), CPUs 8
08-04 13:39:07.661   518   646 I ThermalEngine: ACTION: GPU - Setting GPU[0] to 510000000
08-04 13:39:07.706 10062 10346 I NAPPA_EXPERIMENTATION: MetricNetworkRequestExecutionTime: REQUEST_DURATION_SYSTEM='137',REQUEST_DURATION_OKHTTP='136',REQUEST_SYNCHRONOUS='TRUE',RESPONSE_CODE='200',RESPONSE_METHOD='GET',RESPONSE_LENGTH_OKHTTP='3140',RESPONSE_LENGTH_HEADER='3140',REQUEST_PROTOCOL='http/1.1',REQUEST_URL='https://s3.amazonaws.com/avatars.newsblur.com/avatars/136960/thumbnail_profile_1364434554.jpg',
08-04 13:39:07.755 10062 10074 I art     : Starting a blocking GC Explicit
08-04 13:39:07.783 10062 10074 I art     : Explicit concurrent mark sweep GC freed 10672(880KB) AllocSpace objects, 20(392KB) LOS objects, 28% free, 39MB/55MB, paused 817us total 27.953ms
08-04 13:39:07.791 10062 10678 E chromium: [ERROR:tile_manager.cc(793)] WARNING: tile memory limits exceeded, some content may not draw
08-04 13:39:07.791 10062 10678 E chromium: [ERROR:tile_manager.cc(793)] WARNING: tile memory limits exceeded, some content may not draw
08-04 13:39:07.794 10062 10074 I art     : Starting a blocking GC Explicit
08-04 13:39:07.818 10062 10074 I art     : Explicit concurrent mark sweep GC freed 5491(404KB) AllocSpace objects, 1(20KB) LOS objects, 28% free, 39MB/55MB, paused 997us total 24.362ms
08-04 13:39:07.826 10062 10074 I art     : Starting a blocking GC Explicit
08-04 13:39:07.833 10062 10678 E chromium: [ERROR:tile_manager.cc(793)] WARNING: tile memory limits exceeded, some content may not draw
08-04 13:39:07.833 10062 10678 E chromium: [ERROR:tile_manager.cc(793)] WARNING: tile memory limits exceeded, some content may not draw
08-04 13:39:07.848   512  2967 D audio_hw_primary: disable_audio_route: reset and update mixer path: low-latency-playback speaker
08-04 13:39:07.849   512  2967 D audio_hw_primary: disable_snd_device: snd_device(2: speaker)
08-04 13:39:07.850 10062 10074 I art     : Explicit concurrent mark sweep GC freed 38(17KB) AllocSpace objects, 0(0B) LOS objects, 28% free, 39MB/55MB, paused 776us total 22.907ms
08-04 13:39:07.851 10062 10678 E chromium: [ERROR:tile_manager.cc(793)] WARNING: tile memory limits exceeded, some content may not draw
08-04 13:39:07.852 10062 10678 E chromium: [ERROR:tile_manager.cc(793)] WARNING: tile memory limits exceeded, some content may not draw
08-04 13:39:07.858 10062 10074 I art     : Starting a blocking GC Explicit
08-04 13:39:07.859   512  2967 I soundtrigger: audio_extn_sound_trigger_update_device_status: device 0x2 of type 0 for Event 0
08-04 13:39:07.875 10062 10678 E chromium: [ERROR:tile_manager.cc(793)] WARNING: tile memory limits exceeded, some content may not draw
08-04 13:39:07.880 10062 10678 E chromium: [ERROR:tile_manager.cc(793)] WARNING: tile memory limits exceeded, some content may not draw
08-04 13:39:07.884 10062 10074 I art     : Explicit concurrent mark sweep GC freed 145(17KB) AllocSpace objects, 1(20KB) LOS objects, 28% free, 39MB/55MB, paused 810us total 25.379ms
08-04 13:39:07.892 10062 10074 I art     : Starting a blocking GC Explicit
08-04 13:39:07.915 10062 10074 I art     : Explicit concurrent mark sweep GC freed 20(816B) AllocSpace objects, 1(28KB) LOS objects, 28% free, 39MB/55MB, paused 839us total 23.150ms
08-04 13:39:07.952 10062 10678 E chromium: [ERROR:tile_manager.cc(793)] WARNING: tile memory limits exceeded, some content may not draw
08-04 13:39:07.953 10062 10678 E chromium: [ERROR:tile_manager.cc(793)] WARNING: tile memory limits exceeded, some content may not draw
08-04 13:39:08.127 10062 11056 D MY_TAG  : 0, 452
08-04 13:39:08.154 10062 10678 E chromium: [ERROR:tile_manager.cc(793)] WARNING: tile memory limits exceeded, some content may not draw
08-04 13:39:08.155 10062 10678 E chromium: [ERROR:tile_manager.cc(793)] WARNING: tile memory limits exceeded, some content may not draw
08-04 13:39:08.159 10062 10678 E chromium: [ERROR:tile_manager.cc(793)] WARNING: tile memory limits exceeded, some content may not draw
08-04 13:39:08.160 10062 10678 E chromium: [ERROR:tile_manager.cc(793)] WARNING: tile memory limits exceeded, some content may not draw
08-04 13:39:08.238 10062 10096 I art     : Starting a blocking GC Explicit
08-04 13:39:08.270 10062 10096 I art     : Explicit concurrent mark sweep GC freed 8184(466KB) AllocSpace objects, 9(460KB) LOS objects, 28% free, 39MB/55MB, paused 1.286ms total 30.897ms
08-04 13:39:08.279 10062 10096 I art     : Starting a blocking GC Explicit
08-04 13:39:08.306 10062 10096 I art     : Explicit concurrent mark sweep GC freed 1930(234KB) AllocSpace objects, 0(0B) LOS objects, 28% free, 39MB/55MB, paused 692us total 27.207ms
08-04 13:39:08.315 10062 10096 I art     : Starting a blocking GC Explicit
08-04 13:39:08.343 10062 10096 I art     : Explicit concurrent mark sweep GC freed 3(96B) AllocSpace objects, 0(0B) LOS objects, 28% free, 39MB/55MB, paused 753us total 26.838ms
08-04 13:39:08.352 10062 10096 I art     : Starting a blocking GC Explicit
08-04 13:39:08.379 10062 10096 I art     : Explicit concurrent mark sweep GC freed 3(96B) AllocSpace objects, 0(0B) LOS objects, 28% free, 39MB/55MB, paused 727us total 26.724ms
08-04 13:39:08.390 10062 10096 I art     : Starting a blocking GC Explicit
08-04 13:39:08.417 10062 10096 I art     : Explicit concurrent mark sweep GC freed 3(96B) AllocSpace objects, 0(0B) LOS objects, 28% free, 39MB/55MB, paused 762us total 26.722ms
08-04 13:39:08.543 10062 11056 D MY_TAG  : 0, 389
08-04 13:39:08.609 10062 10678 E chromium: [ERROR:tile_manager.cc(793)] WARNING: tile memory limits exceeded, some content may not draw
08-04 13:39:08.609 10062 10678 E chromium: [ERROR:tile_manager.cc(793)] WARNING: tile memory limits exceeded, some content may not draw
08-04 13:39:08.614 10062 10678 E chromium: [ERROR:tile_manager.cc(793)] WARNING: tile memory limits exceeded, some content may not draw
08-04 13:39:08.617 10062 10678 E chromium: [ERROR:tile_manager.cc(793)] WARNING: tile memory limits exceeded, some content may not draw
08-04 13:39:08.627 10062 10678 E chromium: [ERROR:tile_manager.cc(793)] WARNING: tile memory limits exceeded, some content may not draw
08-04 13:39:08.627 10062 10678 E chromium: [ERROR:tile_manager.cc(793)] WARNING: tile memory limits exceeded, some content may not draw
08-04 13:39:08.628 10062 10678 E chromium: [ERROR:tile_manager.cc(793)] WARNING: tile memory limits exceeded, some content may not draw
08-04 13:39:08.629 10062 10678 E chromium: [ERROR:tile_manager.cc(793)] WARNING: tile memory limits exceeded, some content may not draw
08-04 13:39:08.671 10062 10678 E chromium: [ERROR:tile_manager.cc(793)] WARNING: tile memory limits exceeded, some content may not draw
08-04 13:39:08.671 10062 10678 E chromium: [ERROR:tile_manager.cc(793)] WARNING: tile memory limits exceeded, some content may not draw
08-04 13:39:08.672 10062 10678 E chromium: [ERROR:tile_manager.cc(793)] WARNING: tile memory limits exceeded, some content may not draw
08-04 13:39:08.676 10062 10678 E chromium: [ERROR:tile_manager.cc(793)] WARNING: tile memory limits exceeded, some content may not draw
08-04 13:39:08.747 10062 10331 I art     : Starting a blocking GC Explicit
08-04 13:39:08.774 10062 10331 I art     : Explicit concurrent mark sweep GC freed 6996(587KB) AllocSpace objects, 20(408KB) LOS objects, 28% free, 39MB/55MB, paused 849us total 27.579ms
08-04 13:39:08.785 10062 10331 I art     : Starting a blocking GC Explicit
08-04 13:39:08.817 10062 10331 I art     : Explicit concurrent mark sweep GC freed 2839(159KB) AllocSpace objects, 1(28KB) LOS objects, 28% free, 39MB/55MB, paused 691us total 31.335ms
08-04 13:39:08.827 10062 10331 I art     : Starting a blocking GC Explicit
08-04 13:39:08.854 10062 10331 I art     : Explicit concurrent mark sweep GC freed 21(672B) AllocSpace objects, 0(0B) LOS objects, 28% free, 39MB/55MB, paused 743us total 26.876ms
08-04 13:39:08.863 10062 10331 I art     : Starting a blocking GC Explicit
08-04 13:39:08.890 10062 10331 I art     : Explicit concurrent mark sweep GC freed 15(480B) AllocSpace objects, 0(0B) LOS objects, 28% free, 39MB/55MB, paused 611us total 26.763ms
08-04 13:39:08.900 10062 10331 I art     : Starting a blocking GC Explicit
08-04 13:39:08.928 10062 10331 I art     : Explicit concurrent mark sweep GC freed 16(512B) AllocSpace objects, 0(0B) LOS objects, 28% free, 39MB/55MB, paused 661us total 27.696ms
08-04 13:39:09.245 10062 10074 I art     : Starting a blocking GC Explicit
08-04 13:39:09.275 10062 10074 I art     : Explicit concurrent mark sweep GC freed 1431(81KB) AllocSpace objects, 1(20KB) LOS objects, 28% free, 39MB/55MB, paused 730us total 30.209ms
08-04 13:39:09.288 10062 10074 I art     : Starting a blocking GC Explicit
08-04 13:39:09.315 10062 10074 I art     : Explicit concurrent mark sweep GC freed 20(704B) AllocSpace objects, 0(0B) LOS objects, 28% free, 39MB/55MB, paused 691us total 26.049ms
08-04 13:39:09.324 10062 10074 I art     : Starting a blocking GC Explicit
08-04 13:39:09.350 10062 10074 I art     : Explicit concurrent mark sweep GC freed 3(96B) AllocSpace objects, 0(0B) LOS objects, 28% free, 39MB/55MB, paused 668us total 26.461ms
08-04 13:39:09.360 10062 10074 I art     : Starting a blocking GC Explicit
08-04 13:39:09.387 10062 10074 I art     : Explicit concurrent mark sweep GC freed 3(96B) AllocSpace objects, 0(0B) LOS objects, 28% free, 39MB/55MB, paused 809us total 27.057ms
08-04 13:39:09.391  6615  6615 I ServiceManager: Waiting for service AtCmdFwd...
08-04 13:39:09.396 10062 10074 I art     : Starting a blocking GC Explicit
08-04 13:39:09.422 10062 10074 I art     : Explicit concurrent mark sweep GC freed 3(96B) AllocSpace objects, 0(0B) LOS objects, 28% free, 39MB/55MB, paused 698us total 26.067ms
08-04 13:39:09.666   518   646 I ThermalEngine: ACTION: GPU - Setting GPU[0] to 450000000
08-04 13:39:09.805 10062 10075 I art     : Starting a blocking GC Explicit
08-04 13:39:09.841 10062 10075 I art     : Explicit concurrent mark sweep GC freed 1405(81KB) AllocSpace objects, 1(20KB) LOS objects, 28% free, 39MB/55MB, paused 975us total 36.272ms
08-04 13:39:09.856 10062 10075 I art     : Starting a blocking GC Explicit
08-04 13:39:09.890 10062 10075 I art     : Explicit concurrent mark sweep GC freed 20(704B) AllocSpace objects, 0(0B) LOS objects, 28% free, 39MB/55MB, paused 886us total 33.650ms
08-04 13:39:09.902 10062 10075 I art     : Starting a blocking GC Explicit
08-04 13:39:09.938 10062 10075 I art     : Explicit concurrent mark sweep GC freed 3(96B) AllocSpace objects, 0(0B) LOS objects, 28% free, 39MB/55MB, paused 967us total 36.164ms
08-04 13:39:09.950 10062 10075 I art     : Starting a blocking GC Explicit
08-04 13:39:09.987 10062 10075 I art     : Explicit concurrent mark sweep GC freed 3(96B) AllocSpace objects, 0(0B) LOS objects, 28% free, 39MB/55MB, paused 968us total 35.939ms
08-04 13:39:09.999 10062 10075 I art     : Starting a blocking GC Explicit
08-04 13:39:10.034 10062 10075 I art     : Explicit concurrent mark sweep GC freed 3(96B) AllocSpace objects, 0(0B) LOS objects, 28% free, 39MB/55MB, paused 927us total 34.842ms
08-04 13:39:10.391  6615  6615 I ServiceManager: Waiting for service AtCmdFwd...
08-04 13:39:10.392 10062 10096 I art     : Starting a blocking GC Explicit
08-04 13:39:10.427 10062 10096 I art     : Explicit concurrent mark sweep GC freed 1403(80KB) AllocSpace objects, 1(20KB) LOS objects, 28% free, 39MB/55MB, paused 931us total 35.325ms
08-04 13:39:10.442 10062 10096 I art     : Starting a blocking GC Explicit
08-04 13:39:10.477 10062 10096 I art     : Explicit concurrent mark sweep GC freed 20(704B) AllocSpace objects, 0(0B) LOS objects, 28% free, 39MB/55MB, paused 977us total 34.756ms
08-04 13:39:10.488 10062 10096 I art     : Starting a blocking GC Explicit
08-04 13:39:10.522 10062 10096 I art     : Explicit concurrent mark sweep GC freed 3(96B) AllocSpace objects, 0(0B) LOS objects, 28% free, 39MB/55MB, paused 953us total 33.793ms
08-04 13:39:10.535 10062 10096 I art     : Starting a blocking GC Explicit
08-04 13:39:10.571 10062 10096 I art     : Explicit concurrent mark sweep GC freed 3(96B) AllocSpace objects, 0(0B) LOS objects, 28% free, 39MB/55MB, paused 969us total 36.179ms
08-04 13:39:10.583 10062 10096 I art     : Starting a blocking GC Explicit
08-04 13:39:10.620 10062 10096 I art     : Explicit concurrent mark sweep GC freed 3(96B) AllocSpace objects, 0(0B) LOS objects, 28% free, 39MB/55MB, paused 904us total 36.602ms
08-04 13:39:10.756 13866 13882 I PeriodicStatsRunner: PeriodicStatsRunner.call():175 call()
08-04 13:39:10.758 13866 13882 I PeriodicStatsRunner: PeriodicStatsRunner.call():179 No submit PeriodicStats since input started.
08-04 13:39:11.004 10062 10331 I art     : Starting a blocking GC Explicit
08-04 13:39:11.043 10062 10331 I art     : Explicit concurrent mark sweep GC freed 1404(81KB) AllocSpace objects, 1(20KB) LOS objects, 28% free, 39MB/55MB, paused 953us total 38.901ms
08-04 13:39:11.058 10062 10331 I art     : Starting a blocking GC Explicit
08-04 13:39:11.095 10062 10331 I art     : Explicit concurrent mark sweep GC freed 20(704B) AllocSpace objects, 0(0B) LOS objects, 28% free, 39MB/55MB, paused 964us total 36.705ms
08-04 13:39:11.107 10062 10331 I art     : Starting a blocking GC Explicit
08-04 13:39:11.143 10062 10331 I art     : Explicit concurrent mark sweep GC freed 3(96B) AllocSpace objects, 0(0B) LOS objects, 28% free, 39MB/55MB, paused 950us total 35.318ms
08-04 13:39:11.155 10062 10331 I art     : Starting a blocking GC Explicit
08-04 13:39:11.192 10062 10331 I art     : Explicit concurrent mark sweep GC freed 3(96B) AllocSpace objects, 0(0B) LOS objects, 28% free, 39MB/55MB, paused 974us total 37.226ms
08-04 13:39:11.193 10062 10073 I art     : WaitForGcToComplete blocked for 29.989ms for cause HeapTrim
08-04 13:39:11.205 10062 10331 I art     : Starting a blocking GC Explicit
08-04 13:39:11.243 10062 10331 I art     : Explicit concurrent mark sweep GC freed 3(96B) AllocSpace objects, 0(0B) LOS objects, 28% free, 39MB/55MB, paused 900us total 37.413ms
08-04 13:39:11.392  6615  6615 I ServiceManager: Waiting for service AtCmdFwd...
08-04 13:39:11.615 10062 10074 I art     : Starting a blocking GC Explicit
08-04 13:39:11.650 10062 10074 I art     : Explicit concurrent mark sweep GC freed 1403(81KB) AllocSpace objects, 1(20KB) LOS objects, 28% free, 39MB/55MB, paused 963us total 34.705ms
08-04 13:39:11.662 10062 10074 I art     : Starting a blocking GC Explicit
08-04 13:39:11.668   518   646 I ThermalEngine: ACTION: GPU - Setting GPU[0] to 510000000
08-04 13:39:11.697 10062 10074 I art     : Explicit concurrent mark sweep GC freed 20(704B) AllocSpace objects, 0(0B) LOS objects, 28% free, 39MB/55MB, paused 1.092ms total 34.295ms
08-04 13:39:11.709 10062 10074 I art     : Starting a blocking GC Explicit
08-04 13:39:11.736 10062 10074 I art     : Explicit concurrent mark sweep GC freed 3(96B) AllocSpace objects, 0(0B) LOS objects, 28% free, 39MB/55MB, paused 690us total 27.398ms
08-04 13:39:11.745 10062 10074 I art     : Starting a blocking GC Explicit
08-04 13:39:11.772 10062 10074 I art     : Explicit concurrent mark sweep GC freed 3(96B) AllocSpace objects, 0(0B) LOS objects, 28% free, 39MB/55MB, paused 703us total 26.817ms
08-04 13:39:11.782 10062 10074 I art     : Starting a blocking GC Explicit
08-04 13:39:11.808 10062 10074 I art     : Explicit concurrent mark sweep GC freed 3(96B) AllocSpace objects, 0(0B) LOS objects, 28% free, 39MB/55MB, paused 759us total 26.249ms
08-04 13:39:11.968 11133 11133 D AndroidRuntime: >>>>>> START com.android.internal.os.RuntimeInit uid 2000 <<<<<<
08-04 13:39:11.973 11133 11133 D AndroidRuntime: CheckJNI is OFF
08-04 13:39:12.005 11133 11133 D ICU     : No timezone override file found: /data/misc/zoneinfo/current/icu/icu_tzdata.dat
08-04 13:39:12.035 11133 11133 I Radio-JNI: register_android_hardware_Radio DONE
08-04 13:39:12.056 11133 11133 D AndroidRuntime: Calling main entry com.android.commands.input.Input
08-04 13:39:12.058 11133 11133 I Input   : injectKeyEvent: KeyEvent { action=ACTION_DOWN, keyCode=KEYCODE_BACK, scanCode=0, metaState=0, flags=0x0, repeatCount=0, eventTime=711568471, downTime=711568471, deviceId=-1, source=0x101 }
08-04 13:39:12.062 11133 11133 I Input   : injectKeyEvent: KeyEvent { action=ACTION_UP, keyCode=KEYCODE_BACK, scanCode=0, metaState=0, flags=0x0, repeatCount=0, eventTime=711568471, downTime=711568471, deviceId=-1, source=0x101 }
08-04 13:39:12.067 11133 11133 D AndroidRuntime: Shutting down VM
08-04 13:39:12.142 10062 10096 I art     : Starting a blocking GC Explicit
08-04 13:39:12.170 10062 10096 I art     : Explicit concurrent mark sweep GC freed 2239(165KB) AllocSpace objects, 4(80KB) LOS objects, 28% free, 39MB/55MB, paused 781us total 27.908ms
08-04 13:39:12.179 10062 10096 I art     : Starting a blocking GC Explicit
08-04 13:39:12.190 13866 13866 I GoogleInputMethodServic: GoogleInputMethodService.onFinishInput():3138 
08-04 13:39:12.190 13866 13866 I GoogleInputMethodServic: GoogleInputMethodService.onStartInput():1808 
08-04 13:39:12.206 10062 10096 I art     : Explicit concurrent mark sweep GC freed 1048(89KB) AllocSpace objects, 1(20KB) LOS objects, 28% free, 39MB/55MB, paused 688us total 26.861ms
08-04 13:39:12.215 10062 10096 I art     : Starting a blocking GC Explicit
08-04 13:39:12.243 10062 10096 I art     : Explicit concurrent mark sweep GC freed 1116(83KB) AllocSpace objects, 1(20KB) LOS objects, 28% free, 39MB/55MB, paused 929us total 27.567ms
08-04 13:39:12.253 10062 10096 I art     : Starting a blocking GC Explicit
08-04 13:39:12.279 10062 10096 I art     : Explicit concurrent mark sweep GC freed 201(10KB) AllocSpace objects, 0(0B) LOS objects, 28% free, 39MB/55MB, paused 764us total 25.925ms
08-04 13:39:12.288 10062 10096 I art     : Starting a blocking GC Explicit
08-04 13:39:12.311 10062 11157 I NAPPA_EXPERIMENTATION: MetricNetworkRequestExecutionTime: REQUEST_DURATION_SYSTEM='57',REQUEST_DURATION_OKHTTP='29',REQUEST_SYNCHRONOUS='TRUE',RESPONSE_CODE='200',RESPONSE_METHOD='GET',RESPONSE_LENGTH_OKHTTP='43',RESPONSE_LENGTH_HEADER='43',REQUEST_PROTOCOL='http/1.1',REQUEST_URL='http://feeds.feedburner.com/~r/retort/~4/UffaFMiJbNs',
08-04 13:39:12.312 10062 10096 I art     : Explicit concurrent mark sweep GC freed 109(6KB) AllocSpace objects, 1(28KB) LOS objects, 28% free, 39MB/55MB, paused 788us total 23.856ms
08-04 13:39:12.392  6615  6615 I ServiceManager: Waiting for service AtCmdFwd...
08-04 13:39:12.479 13866 13882 I PeriodicStatsRunner: PeriodicStatsRunner.call():175 call()
08-04 13:39:12.480 13866 13882 I PeriodicStatsRunner: PeriodicStatsRunner.call():179 No submit PeriodicStats since input started.
08-04 13:39:12.616 10062 10075 I art     : Starting a blocking GC Explicit
08-04 13:39:12.647 10062 10075 I art     : Explicit concurrent mark sweep GC freed 4373(296KB) AllocSpace objects, 2(40KB) LOS objects, 28% free, 39MB/55MB, paused 798us total 30.805ms
08-04 13:39:12.657 10062 10075 I art     : Starting a blocking GC Explicit
08-04 13:39:12.663   918  3263 D ConnectivityService: releasing NetworkRequest NetworkRequest [ id=2677, legacyType=-1, [ Capabilities: INTERNET&NOT_RESTRICTED&TRUSTED] ]
08-04 13:39:12.682 10062 10075 I art     : Explicit concurrent mark sweep GC freed 1079(49KB) AllocSpace objects, 0(0B) LOS objects, 28% free, 39MB/55MB, paused 682us total 25.029ms
08-04 13:39:12.690 10062 10075 I art     : Starting a blocking GC Explicit
08-04 13:39:12.714 10062 10075 I art     : Explicit concurrent mark sweep GC freed 6306(511KB) AllocSpace objects, 12(4MB) LOS objects, 31% free, 34MB/50MB, paused 610us total 23.365ms
08-04 13:39:12.722 10062 10075 I art     : Starting a blocking GC Explicit
08-04 13:39:12.743 10062 10075 I art     : Explicit concurrent mark sweep GC freed 7(224B) AllocSpace objects, 0(0B) LOS objects, 31% free, 34MB/50MB, paused 641us total 20.900ms
08-04 13:39:12.751 10062 10075 I art     : Starting a blocking GC Explicit
08-04 13:39:12.773 10062 10075 I art     : Explicit concurrent mark sweep GC freed 7(224B) AllocSpace objects, 0(0B) LOS objects, 31% free, 34MB/50MB, paused 726us total 21.645ms
08-04 13:39:13.092 10062 10075 I art     : Starting a blocking GC Explicit
08-04 13:39:13.122 10062 10075 I art     : Explicit concurrent mark sweep GC freed 1443(82KB) AllocSpace objects, 1(20KB) LOS objects, 31% free, 34MB/50MB, paused 672us total 28.916ms
08-04 13:39:13.133 10062 10075 I art     : Starting a blocking GC Explicit
08-04 13:39:13.159 10062 10075 I art     : Explicit concurrent mark sweep GC freed 25(864B) AllocSpace objects, 0(0B) LOS objects, 31% free, 34MB/50MB, paused 642us total 25.422ms
08-04 13:39:13.170 10062 10075 I art     : Starting a blocking GC Explicit
08-04 13:39:13.195 10062 10075 I art     : Explicit concurrent mark sweep GC freed 7(224B) AllocSpace objects, 0(0B) LOS objects, 31% free, 34MB/50MB, paused 720us total 25.400ms
08-04 13:39:13.205 10062 10075 I art     : Starting a blocking GC Explicit
08-04 13:39:13.232 10062 10075 I art     : Explicit concurrent mark sweep GC freed 8(256B) AllocSpace objects, 0(0B) LOS objects, 31% free, 34MB/50MB, paused 772us total 27.307ms
08-04 13:39:13.241 10062 10075 I art     : Starting a blocking GC Explicit
08-04 13:39:13.268 10062 10075 I art     : Explicit concurrent mark sweep GC freed 6(192B) AllocSpace objects, 0(0B) LOS objects, 31% free, 34MB/50MB, paused 749us total 26.484ms
08-04 13:39:13.393  6615  6615 I ServiceManager: Waiting for service AtCmdFwd...
08-04 13:39:13.575 10062 10331 I art     : Starting a blocking GC Explicit
08-04 13:39:13.604 10062 10331 I art     : Explicit concurrent mark sweep GC freed 1441(82KB) AllocSpace objects, 1(20KB) LOS objects, 31% free, 34MB/50MB, paused 722us total 29.387ms
08-04 13:39:13.614 10062 10331 I art     : Starting a blocking GC Explicit
08-04 13:39:13.640 10062 10331 I art     : Explicit concurrent mark sweep GC freed 25(864B) AllocSpace objects, 0(0B) LOS objects, 31% free, 34MB/50MB, paused 707us total 25.279ms
08-04 13:39:13.650 10062 10331 I art     : Starting a blocking GC Explicit
08-04 13:39:13.675 10062 10331 I art     : Explicit concurrent mark sweep GC freed 3(96B) AllocSpace objects, 0(0B) LOS objects, 31% free, 34MB/50MB, paused 726us total 25.109ms
08-04 13:39:13.683 10062 10331 I art     : Starting a blocking GC Explicit
08-04 13:39:13.706 10062 10331 I art     : Explicit concurrent mark sweep GC freed 3(96B) AllocSpace objects, 0(0B) LOS objects, 31% free, 34MB/50MB, paused 646us total 22.249ms
08-04 13:39:13.714 10062 10331 I art     : Starting a blocking GC Explicit
08-04 13:39:13.730 11178 11178 D AndroidRuntime: >>>>>> START com.android.internal.os.RuntimeInit uid 2000 <<<<<<
08-04 13:39:13.734 10062 10331 I art     : Explicit concurrent mark sweep GC freed 3(96B) AllocSpace objects, 0(0B) LOS objects, 31% free, 34MB/50MB, paused 658us total 19.940ms
08-04 13:39:13.735 11178 11178 D AndroidRuntime: CheckJNI is OFF
08-04 13:39:13.764 11178 11178 D ICU     : No timezone override file found: /data/misc/zoneinfo/current/icu/icu_tzdata.dat
08-04 13:39:13.793 11178 11178 I Radio-JNI: register_android_hardware_Radio DONE
08-04 13:39:13.813 11178 11178 D AndroidRuntime: Calling main entry com.android.commands.input.Input
08-04 13:39:13.815 11178 11178 I Input   : injectKeyEvent: KeyEvent { action=ACTION_DOWN, keyCode=KEYCODE_BACK, scanCode=0, metaState=0, flags=0x0, repeatCount=0, eventTime=711570227, downTime=711570227, deviceId=-1, source=0x101 }
08-04 13:39:13.819 11178 11178 I Input   : injectKeyEvent: KeyEvent { action=ACTION_UP, keyCode=KEYCODE_BACK, scanCode=0, metaState=0, flags=0x0, repeatCount=0, eventTime=711570227, downTime=711570227, deviceId=-1, source=0x101 }
08-04 13:39:13.825 11178 11178 D AndroidRuntime: Shutting down VM
08-04 13:39:13.979 13866 13866 I GoogleInputMethodServic: GoogleInputMethodService.onFinishInput():3138 
08-04 13:39:13.981 13866 13866 I GoogleInputMethodServic: GoogleInputMethodService.onStartInput():1808 
08-04 13:39:13.996 10062 11211 I baseline.com.newsblur.service.NBSyncService: recounting dirty feed sets: 2
08-04 13:39:14.013 10062 10331 I art     : Starting a blocking GC Explicit
08-04 13:39:14.039 10062 10331 I art     : Explicit concurrent mark sweep GC freed 15638(1023KB) AllocSpace objects, 18(360KB) LOS objects, 31% free, 34MB/50MB, paused 934us total 26.013ms
08-04 13:39:14.048 10062 10331 I art     : Starting a blocking GC Explicit
08-04 13:39:14.070 10062 10331 I art     : Explicit concurrent mark sweep GC freed 530(23KB) AllocSpace objects, 0(0B) LOS objects, 31% free, 34MB/50MB, paused 704us total 22.079ms
08-04 13:39:14.079 10062 10331 I art     : Starting a blocking GC Explicit
08-04 13:39:14.101 10062 10331 I art     : Explicit concurrent mark sweep GC freed 3(96B) AllocSpace objects, 0(0B) LOS objects, 31% free, 34MB/50MB, paused 748us total 21.297ms
08-04 13:39:14.109 10062 10331 I art     : Starting a blocking GC Explicit
08-04 13:39:14.132 10062 10331 I art     : Explicit concurrent mark sweep GC freed 3(96B) AllocSpace objects, 0(0B) LOS objects, 31% free, 34MB/50MB, paused 686us total 23.168ms
08-04 13:39:14.141 10062 10331 I art     : Starting a blocking GC Explicit
08-04 13:39:14.164 10062 10331 I art     : Explicit concurrent mark sweep GC freed 3(96B) AllocSpace objects, 0(0B) LOS objects, 31% free, 34MB/50MB, paused 682us total 23.324ms
08-04 13:39:14.394  6615  6615 W Atfwd_Sendcmd: AtCmdFwd service not published, waiting... retryCnt : 4
08-04 13:39:14.455 10062 10096 I art     : Starting a blocking GC Explicit
08-04 13:39:14.481 10062 10096 I art     : Explicit concurrent mark sweep GC freed 5045(258KB) AllocSpace objects, 4(220KB) LOS objects, 31% free, 34MB/50MB, paused 823us total 25.474ms
08-04 13:39:14.490 10062 10096 I art     : Starting a blocking GC Explicit
08-04 13:39:14.492 10062 11211 I NAPPA_EXPERIMENTATION: MetricNetworkRequestExecutionTime: REQUEST_DURATION_SYSTEM='492',REQUEST_DURATION_OKHTTP='32',REQUEST_SYNCHRONOUS='TRUE',RESPONSE_CODE='200',RESPONSE_METHOD='GET',RESPONSE_LENGTH_OKHTTP='-1',RESPONSE_LENGTH_HEADER='-2',REQUEST_PROTOCOL='http/1.1',REQUEST_URL='https://www.newsblur.com/reader/feed_unread_count?feed_id=6882243&feed_id=18178',
08-04 13:39:14.492 10062 11211 D MY_TAG  : 0, 492
08-04 13:39:14.515 10062 10096 I art     : Explicit concurrent mark sweep GC freed 5240(358KB) AllocSpace objects, 4(80KB) LOS objects, 31% free, 34MB/50MB, paused 1.359ms total 24.785ms
08-04 13:39:14.523 10062 10096 I art     : Starting a blocking GC Explicit
08-04 13:39:14.547 10062 10096 I art     : Explicit concurrent mark sweep GC freed 14958(1093KB) AllocSpace objects, 14(1428KB) LOS objects, 32% free, 32MB/48MB, paused 820us total 23.353ms
08-04 13:39:14.554 10062 10096 I art     : Starting a blocking GC Explicit
08-04 13:39:14.575 10062 10096 I art     : Explicit concurrent mark sweep GC freed 776(54KB) AllocSpace objects, 1(20KB) LOS objects, 32% free, 32MB/48MB, paused 644us total 20.815ms
08-04 13:39:14.585 10062 10096 I art     : Starting a blocking GC Explicit
08-04 13:39:14.605 10062 10096 I art     : Explicit concurrent mark sweep GC freed 468(16KB) AllocSpace objects, 0(0B) LOS objects, 32% free, 32MB/48MB, paused 670us total 20.103ms
08-04 13:39:14.906 10062 10074 I art     : Starting a blocking GC Explicit
08-04 13:39:14.936 10062 10074 I art     : Explicit concurrent mark sweep GC freed 2223(114KB) AllocSpace objects, 1(20KB) LOS objects, 32% free, 32MB/48MB, paused 813us total 29.228ms
08-04 13:39:14.945 10062 10074 I art     : Starting a blocking GC Explicit
08-04 13:39:14.967 10062 10074 I art     : Explicit concurrent mark sweep GC freed 23(800B) AllocSpace objects, 0(0B) LOS objects, 32% free, 32MB/48MB, paused 825us total 22.086ms
08-04 13:39:14.976 10062 10074 I art     : Starting a blocking GC Explicit
08-04 13:39:14.999 10062 10074 I art     : Explicit concurrent mark sweep GC freed 7(224B) AllocSpace objects, 0(0B) LOS objects, 32% free, 32MB/48MB, paused 752us total 22.335ms
08-04 13:39:15.008 10062 10074 I art     : Starting a blocking GC Explicit
08-04 13:39:15.031 10062 10074 I art     : Explicit concurrent mark sweep GC freed 7(224B) AllocSpace objects, 0(0B) LOS objects, 32% free, 32MB/48MB, paused 646us total 22.529ms
08-04 13:39:15.040 10062 10074 I art     : Starting a blocking GC Explicit
08-04 13:39:15.060 10062 10074 I art     : Explicit concurrent mark sweep GC freed 8(256B) AllocSpace objects, 0(0B) LOS objects, 32% free, 32MB/48MB, paused 658us total 20.101ms
08-04 13:39:15.348 10062 10096 I art     : Starting a blocking GC Explicit
08-04 13:39:15.371 10062 10096 I art     : Explicit concurrent mark sweep GC freed 1435(82KB) AllocSpace objects, 1(20KB) LOS objects, 32% free, 32MB/48MB, paused 729us total 22.969ms
08-04 13:39:15.380 10062 10096 I art     : Starting a blocking GC Explicit
08-04 13:39:15.402 10062 10096 I art     : Explicit concurrent mark sweep GC freed 23(800B) AllocSpace objects, 0(0B) LOS objects, 32% free, 32MB/48MB, paused 821us total 21.569ms
08-04 13:39:15.410 10062 10096 I art     : Starting a blocking GC Explicit
08-04 13:39:15.432 10062 10096 I art     : Explicit concurrent mark sweep GC freed 4(128B) AllocSpace objects, 0(0B) LOS objects, 32% free, 32MB/48MB, paused 699us total 21.548ms
08-04 13:39:15.441 10062 10096 I art     : Starting a blocking GC Explicit
08-04 13:39:15.452 11236 11236 D AndroidRuntime: >>>>>> START com.android.internal.os.RuntimeInit uid 2000 <<<<<<
08-04 13:39:15.457 11236 11236 D AndroidRuntime: CheckJNI is OFF
08-04 13:39:15.463 10062 10096 I art     : Explicit concurrent mark sweep GC freed 3(96B) AllocSpace objects, 0(0B) LOS objects, 32% free, 32MB/48MB, paused 737us total 21.479ms
08-04 13:39:15.471 10062 10096 I art     : Starting a blocking GC Explicit
08-04 13:39:15.490 11236 11236 D ICU     : No timezone override file found: /data/misc/zoneinfo/current/icu/icu_tzdata.dat
08-04 13:39:15.492 10062 10096 I art     : Explicit concurrent mark sweep GC freed 3(96B) AllocSpace objects, 0(0B) LOS objects, 32% free, 32MB/48MB, paused 750us total 20.429ms
08-04 13:39:15.524 11236 11236 I Radio-JNI: register_android_hardware_Radio DONE
08-04 13:39:15.547 11236 11236 D AndroidRuntime: Calling main entry com.android.commands.input.Input
08-04 13:39:15.548 11236 11236 I Input   : injectMotionEvent: MotionEvent { action=ACTION_DOWN, actionButton=0, id[0]=0, x[0]=594.0, y[0]=330.0, toolType[0]=TOOL_TYPE_UNKNOWN, buttonState=0, metaState=0, flags=0x0, edgeFlags=0x0, pointerCount=1, historySize=0, eventTime=711571961, downTime=711571961, deviceId=0, source=0x1002 }
08-04 13:39:15.554 11236 11236 I Input   : injectMotionEvent: MotionEvent { action=ACTION_UP, actionButton=0, id[0]=0, x[0]=594.0, y[0]=330.0, toolType[0]=TOOL_TYPE_UNKNOWN, buttonState=0, metaState=0, flags=0x0, edgeFlags=0x0, pointerCount=1, historySize=0, eventTime=711571961, downTime=711571961, deviceId=0, source=0x1002 }
08-04 13:39:15.557 11236 11236 D AndroidRuntime: Shutting down VM
08-04 13:39:15.622   918  6111 I ActivityManager: START u0 {cmp=baseline.com.newsblur/.activity.GlobalSharedStoriesItemsList (has extras)} from uid 10652 on display 0
08-04 13:39:15.644 10062 10632 I baseline.com.newsblur.database.BlurDatabaseHelper: reading session reset
08-04 13:39:15.677   518   646 I ThermalEngine: ACTION: GPU - Setting GPU[0] to 450000000
08-04 13:39:15.787 10062 10331 I art     : Starting a blocking GC Explicit
08-04 13:39:15.818 10062 10331 I art     : Explicit concurrent mark sweep GC freed 3882(299KB) AllocSpace objects, 8(284KB) LOS objects, 32% free, 33MB/49MB, paused 1.137ms total 31.005ms
08-04 13:39:15.830 10062 10331 I art     : Starting a blocking GC Explicit
08-04 13:39:15.831 10062 10062 W View    : requestLayout() improperly called by android.widget.FrameLayout{76c7da V.E...... ......ID 0,0-1440,18 #7f07003f app:id/footer_view_inner} during layout: running second layout pass
08-04 13:39:15.831 10062 10062 W View    : requestLayout() improperly called by android.widget.FrameLayout{13b40b V.E...... ......ID 0,0-1440,2091 #7f07003f app:id/footer_view_inner} during layout: running second layout pass
08-04 13:39:15.849   918   936 I ActivityManager: Displayed baseline.com.newsblur/.activity.GlobalSharedStoriesItemsList: +220ms
08-04 13:39:15.849 13866 13866 I GoogleInputMethodServic: GoogleInputMethodService.onFinishInput():3138 
08-04 13:39:15.850 13866 13866 I GoogleInputMethodServic: GoogleInputMethodService.onStartInput():1808 
08-04 13:39:15.861 10062 10331 I art     : Explicit concurrent mark sweep GC freed 669(51KB) AllocSpace objects, 1(20KB) LOS objects, 31% free, 34MB/50MB, paused 1.264ms total 31.468ms
08-04 13:39:15.872 10062 10331 I art     : Starting a blocking GC Explicit
08-04 13:39:15.902 10062 10331 I art     : Explicit concurrent mark sweep GC freed 1151(73KB) AllocSpace objects, 5(100KB) LOS objects, 31% free, 34MB/50MB, paused 1.432ms total 30.060ms
08-04 13:39:15.914 10062 10331 I art     : Starting a blocking GC Explicit
08-04 13:39:15.944 10062 10331 I art     : Explicit concurrent mark sweep GC freed 385(20KB) AllocSpace objects, 1(20KB) LOS objects, 31% free, 34MB/50MB, paused 1.136ms total 29.840ms
08-04 13:39:15.957 10062 10331 I art     : Starting a blocking GC Explicit
08-04 13:39:15.987 10062 10331 I art     : Explicit concurrent mark sweep GC freed 1019(105KB) AllocSpace objects, 0(0B) LOS objects, 31% free, 34MB/50MB, paused 1.139ms total 29.602ms
08-04 13:39:15.997 10062 10347 I NAPPA_EXPERIMENTATION: MetricNetworkRequestExecutionTime: REQUEST_DURATION_SYSTEM='105',REQUEST_DURATION_OKHTTP='104',REQUEST_SYNCHRONOUS='TRUE',RESPONSE_CODE='200',RESPONSE_METHOD='GET',RESPONSE_LENGTH_OKHTTP='43',RESPONSE_LENGTH_HEADER='43',REQUEST_PROTOCOL='http/1.1',REQUEST_URL='http://feeds.feedburner.com/~r/retort/~4/UffaFMiJbNs',
08-04 13:39:16.306 10062 10075 I art     : Starting a blocking GC Explicit
08-04 13:39:16.337 10062 10075 I art     : Explicit concurrent mark sweep GC freed 2165(144KB) AllocSpace objects, 3(60KB) LOS objects, 31% free, 34MB/50MB, paused 981us total 30.950ms
08-04 13:39:16.349 10062 10075 I art     : Starting a blocking GC Explicit
08-04 13:39:16.379 10062 10075 I art     : Explicit concurrent mark sweep GC freed 43(1632B) AllocSpace objects, 0(0B) LOS objects, 31% free, 34MB/50MB, paused 973us total 30.409ms
08-04 13:39:16.391 10062 10075 I art     : Starting a blocking GC Explicit
08-04 13:39:16.422 10062 10075 I art     : Explicit concurrent mark sweep GC freed 3(96B) AllocSpace objects, 0(0B) LOS objects, 31% free, 34MB/50MB, paused 977us total 31.019ms
08-04 13:39:16.434 10062 10075 I art     : Starting a blocking GC Explicit
08-04 13:39:16.465 10062 10075 I art     : Explicit concurrent mark sweep GC freed 3(96B) AllocSpace objects, 0(0B) LOS objects, 31% free, 34MB/50MB, paused 1.011ms total 30.698ms
08-04 13:39:16.476 10062 10075 I art     : Starting a blocking GC Explicit
08-04 13:39:16.507 10062 10075 I art     : Explicit concurrent mark sweep GC freed 3(96B) AllocSpace objects, 0(0B) LOS objects, 31% free, 34MB/50MB, paused 1.043ms total 30.696ms
08-04 13:39:16.840 10062 10096 I art     : Starting a blocking GC Explicit
08-04 13:39:16.871 10062 10096 I art     : Explicit concurrent mark sweep GC freed 1401(80KB) AllocSpace objects, 1(20KB) LOS objects, 31% free, 34MB/50MB, paused 971us total 30.928ms
08-04 13:39:16.882 10062 10096 I art     : Starting a blocking GC Explicit
08-04 13:39:16.912 10062 10096 I art     : Explicit concurrent mark sweep GC freed 20(704B) AllocSpace objects, 0(0B) LOS objects, 31% free, 34MB/50MB, paused 902us total 29.263ms
08-04 13:39:16.923 10062 10096 I art     : Starting a blocking GC Explicit
08-04 13:39:16.953 10062 10096 I art     : Explicit concurrent mark sweep GC freed 3(96B) AllocSpace objects, 0(0B) LOS objects, 31% free, 34MB/50MB, paused 944us total 29.815ms
08-04 13:39:16.964 10062 10096 I art     : Starting a blocking GC Explicit
08-04 13:39:16.995 10062 10096 I art     : Explicit concurrent mark sweep GC freed 5(160B) AllocSpace objects, 0(0B) LOS objects, 31% free, 34MB/50MB, paused 1.002ms total 30.405ms
08-04 13:39:17.007 10062 10096 I art     : Starting a blocking GC Explicit
08-04 13:39:17.039 10062 10096 I art     : Explicit concurrent mark sweep GC freed 8(256B) AllocSpace objects, 0(0B) LOS objects, 31% free, 34MB/50MB, paused 977us total 31.928ms
08-04 13:39:17.190 13866 13882 I PeriodicStatsRunner: PeriodicStatsRunner.call():175 call()
08-04 13:39:17.190 13866 13882 I PeriodicStatsRunner: PeriodicStatsRunner.call():179 No submit PeriodicStats since input started.
08-04 13:39:17.394 10062 10074 I art     : Starting a blocking GC Explicit
08-04 13:39:17.428 10062 10074 I art     : Explicit concurrent mark sweep GC freed 1425(81KB) AllocSpace objects, 1(20KB) LOS objects, 31% free, 34MB/50MB, paused 1.071ms total 34.408ms
08-04 13:39:17.442 10062 10074 I art     : Starting a blocking GC Explicit
08-04 13:39:17.474 10062 10074 I art     : Explicit concurrent mark sweep GC freed 20(704B) AllocSpace objects, 0(0B) LOS objects, 31% free, 34MB/50MB, paused 960us total 32.067ms
08-04 13:39:17.486 10062 10074 I art     : Starting a blocking GC Explicit
08-04 13:39:17.517 10062 10074 I art     : Explicit concurrent mark sweep GC freed 3(96B) AllocSpace objects, 0(0B) LOS objects, 31% free, 34MB/50MB, paused 985us total 30.803ms
08-04 13:39:17.528 10062 10074 I art     : Starting a blocking GC Explicit
08-04 13:39:17.561 10062 10074 I art     : Explicit concurrent mark sweep GC freed 3(96B) AllocSpace objects, 0(0B) LOS objects, 31% free, 34MB/50MB, paused 1.034ms total 32.348ms
08-04 13:39:17.573 10062 10074 I art     : Starting a blocking GC Explicit
08-04 13:39:17.594   918  3188 I hubconnection: sensorhub said: 'set_bias 3: -5.6544, 0.0000, 0.0000'
08-04 13:39:17.604 10062 10074 I art     : Explicit concurrent mark sweep GC freed 3(96B) AllocSpace objects, 0(0B) LOS objects, 31% free, 34MB/50MB, paused 938us total 31.668ms
08-04 13:39:17.988 10062 10096 I art     : Starting a blocking GC Explicit
08-04 13:39:18.023 10062 10096 I art     : Explicit concurrent mark sweep GC freed 1403(81KB) AllocSpace objects, 1(20KB) LOS objects, 31% free, 34MB/50MB, paused 991us total 34.676ms
08-04 13:39:18.034 10062 10096 I art     : Starting a blocking GC Explicit
08-04 13:39:18.066 10062 10096 I art     : Explicit concurrent mark sweep GC freed 20(704B) AllocSpace objects, 0(0B) LOS objects, 31% free, 34MB/50MB, paused 1.002ms total 32.080ms
08-04 13:39:18.078 10062 10096 I art     : Starting a blocking GC Explicit
08-04 13:39:18.110 10062 10096 I art     : Explicit concurrent mark sweep GC freed 3(96B) AllocSpace objects, 0(0B) LOS objects, 31% free, 34MB/50MB, paused 937us total 31.832ms
08-04 13:39:18.121 10062 10096 I art     : Starting a blocking GC Explicit
08-04 13:39:18.152 10062 10096 I art     : Explicit concurrent mark sweep GC freed 3(96B) AllocSpace objects, 0(0B) LOS objects, 31% free, 34MB/50MB, paused 1.009ms total 30.004ms
08-04 13:39:18.163 10062 10096 I art     : Starting a blocking GC Explicit
08-04 13:39:18.196 10062 10096 I art     : Explicit concurrent mark sweep GC freed 3(96B) AllocSpace objects, 0(0B) LOS objects, 31% free, 34MB/50MB, paused 1.007ms total 32.418ms
08-04 13:39:18.564 10062 10075 I art     : Starting a blocking GC Explicit
08-04 13:39:18.598 10062 10075 I art     : Explicit concurrent mark sweep GC freed 1403(81KB) AllocSpace objects, 1(20KB) LOS objects, 31% free, 34MB/50MB, paused 1.044ms total 34.156ms
08-04 13:39:18.610 10062 10075 I art     : Starting a blocking GC Explicit
08-04 13:39:18.642 10062 10075 I art     : Explicit concurrent mark sweep GC freed 20(704B) AllocSpace objects, 0(0B) LOS objects, 31% free, 34MB/50MB, paused 938us total 31.703ms
08-04 13:39:18.653 10062 10075 I art     : Starting a blocking GC Explicit
08-04 13:39:18.683   518   646 I ThermalEngine: ACTION: GPU - Setting GPU[0] to 510000000
08-04 13:39:18.686 10062 10075 I art     : Explicit concurrent mark sweep GC freed 3(96B) AllocSpace objects, 0(0B) LOS objects, 31% free, 34MB/50MB, paused 953us total 32.770ms
08-04 13:39:18.698 10062 10075 I art     : Starting a blocking GC Explicit
08-04 13:39:18.729 10062 10075 I art     : Explicit concurrent mark sweep GC freed 3(96B) AllocSpace objects, 0(0B) LOS objects, 31% free, 34MB/50MB, paused 801us total 30.576ms
08-04 13:39:18.739 10062 10075 I art     : Starting a blocking GC Explicit
08-04 13:39:18.763 10062 10075 I art     : Explicit concurrent mark sweep GC freed 3(96B) AllocSpace objects, 0(0B) LOS objects, 31% free, 34MB/50MB, paused 753us total 24.230ms
08-04 13:39:18.979 13866 13882 I PeriodicStatsRunner: PeriodicStatsRunner.call():175 call()
08-04 13:39:18.980 13866 13882 I PeriodicStatsRunner: PeriodicStatsRunner.call():179 No submit PeriodicStats since input started.
08-04 13:39:19.118 10062 10331 I art     : Starting a blocking GC Explicit
08-04 13:39:19.145 10062 10331 I art     : Explicit concurrent mark sweep GC freed 1402(82KB) AllocSpace objects, 1(20KB) LOS objects, 31% free, 34MB/50MB, paused 715us total 25.853ms
08-04 13:39:19.158 10062 10331 I art     : Starting a blocking GC Explicit
08-04 13:39:19.182 10062 10331 I art     : Explicit concurrent mark sweep GC freed 20(704B) AllocSpace objects, 0(0B) LOS objects, 31% free, 34MB/50MB, paused 725us total 23.480ms
08-04 13:39:19.191 10062 10331 I art     : Starting a blocking GC Explicit
08-04 13:39:19.214 10062 10331 I art     : Explicit concurrent mark sweep GC freed 3(96B) AllocSpace objects, 0(0B) LOS objects, 31% free, 34MB/50MB, paused 712us total 23.572ms
08-04 13:39:19.223 10062 10331 I art     : Starting a blocking GC Explicit
08-04 13:39:19.247 10062 10331 I art     : Explicit concurrent mark sweep GC freed 3(96B) AllocSpace objects, 0(0B) LOS objects, 31% free, 34MB/50MB, paused 813us total 23.483ms
08-04 13:39:19.256 10062 10331 I art     : Starting a blocking GC Explicit
08-04 13:39:19.280 10062 10331 I art     : Explicit concurrent mark sweep GC freed 3(96B) AllocSpace objects, 0(0B) LOS objects, 31% free, 34MB/50MB, paused 688us total 23.346ms
08-04 13:39:19.634 10062 10074 I art     : Starting a blocking GC Explicit
08-04 13:39:19.660 10062 10074 I art     : Explicit concurrent mark sweep GC freed 1402(81KB) AllocSpace objects, 1(20KB) LOS objects, 31% free, 34MB/50MB, paused 690us total 25.870ms
08-04 13:39:19.673 10062 10074 I art     : Starting a blocking GC Explicit
08-04 13:39:19.697 10062 10074 I art     : Explicit concurrent mark sweep GC freed 20(704B) AllocSpace objects, 0(0B) LOS objects, 31% free, 34MB/50MB, paused 762us total 23.676ms
08-04 13:39:19.706 10062 10074 I art     : Starting a blocking GC Explicit
08-04 13:39:19.729 10062 10074 I art     : Explicit concurrent mark sweep GC freed 3(96B) AllocSpace objects, 0(0B) LOS objects, 31% free, 34MB/50MB, paused 702us total 22.773ms
08-04 13:39:19.737 10062 10074 I art     : Starting a blocking GC Explicit
08-04 13:39:19.761 10062 10074 I art     : Explicit concurrent mark sweep GC freed 3(96B) AllocSpace objects, 0(0B) LOS objects, 31% free, 34MB/50MB, paused 661us total 23.113ms
08-04 13:39:19.770 10062 10074 I art     : Starting a blocking GC Explicit
08-04 13:39:19.793 10062 10074 I art     : Explicit concurrent mark sweep GC freed 3(96B) AllocSpace objects, 0(0B) LOS objects, 31% free, 34MB/50MB, paused 701us total 23.170ms
08-04 13:39:20.140 10062 10096 I art     : Starting a blocking GC Explicit
08-04 13:39:20.167 10062 10096 I art     : Explicit concurrent mark sweep GC freed 1401(80KB) AllocSpace objects, 1(20KB) LOS objects, 31% free, 34MB/50MB, paused 744us total 25.859ms
08-04 13:39:20.176 10062 10096 I art     : Starting a blocking GC Explicit
08-04 13:39:20.201 10062 10096 I art     : Explicit concurrent mark sweep GC freed 20(704B) AllocSpace objects, 0(0B) LOS objects, 31% free, 34MB/50MB, paused 726us total 24.987ms
08-04 13:39:20.210 10062 10096 I art     : Starting a blocking GC Explicit
08-04 13:39:20.234 10062 10096 I art     : Explicit concurrent mark sweep GC freed 3(96B) AllocSpace objects, 0(0B) LOS objects, 31% free, 34MB/50MB, paused 716us total 24.072ms
08-04 13:39:20.243 10062 10096 I art     : Starting a blocking GC Explicit
08-04 13:39:20.267 10062 10096 I art     : Explicit concurrent mark sweep GC freed 3(96B) AllocSpace objects, 0(0B) LOS objects, 31% free, 34MB/50MB, paused 773us total 23.681ms
08-04 13:39:20.276 10062 10096 I art     : Starting a blocking GC Explicit
08-04 13:39:20.300 10062 10096 I art     : Explicit concurrent mark sweep GC freed 3(96B) AllocSpace objects, 0(0B) LOS objects, 31% free, 34MB/50MB, paused 725us total 23.799ms
08-04 13:39:20.659 10062 10075 I art     : Starting a blocking GC Explicit
08-04 13:39:20.685 10062 10075 I art     : Explicit concurrent mark sweep GC freed 1401(80KB) AllocSpace objects, 1(20KB) LOS objects, 31% free, 34MB/50MB, paused 760us total 26.297ms
08-04 13:39:20.695 10062 10075 I art     : Starting a blocking GC Explicit
08-04 13:39:20.720 10062 10075 I art     : Explicit concurrent mark sweep GC freed 20(704B) AllocSpace objects, 0(0B) LOS objects, 31% free, 34MB/50MB, paused 745us total 25.223ms
08-04 13:39:20.729 10062 10075 I art     : Starting a blocking GC Explicit
08-04 13:39:20.755 10062 10075 I art     : Explicit concurrent mark sweep GC freed 3(96B) AllocSpace objects, 0(0B) LOS objects, 31% free, 34MB/50MB, paused 683us total 24.952ms
08-04 13:39:20.764 10062 10075 I art     : Starting a blocking GC Explicit
08-04 13:39:20.789 10062 10075 I art     : Explicit concurrent mark sweep GC freed 3(96B) AllocSpace objects, 0(0B) LOS objects, 31% free, 34MB/50MB, paused 736us total 24.757ms
08-04 13:39:20.798 10062 10075 I art     : Starting a blocking GC Explicit
08-04 13:39:20.823 10062 10075 I art     : Explicit concurrent mark sweep GC freed 3(96B) AllocSpace objects, 0(0B) LOS objects, 31% free, 34MB/50MB, paused 730us total 24.623ms
08-04 13:39:20.850 13866 13882 I PeriodicStatsRunner: PeriodicStatsRunner.call():175 call()
08-04 13:39:20.850 13866 13882 I PeriodicStatsRunner: PeriodicStatsRunner.call():179 No submit PeriodicStats since input started.
08-04 13:39:21.187 10062 10331 I art     : Starting a blocking GC Explicit
08-04 13:39:21.214 10062 10331 I art     : Explicit concurrent mark sweep GC freed 1401(80KB) AllocSpace objects, 1(20KB) LOS objects, 31% free, 34MB/50MB, paused 745us total 26.483ms
08-04 13:39:21.226 10062 10331 I art     : Starting a blocking GC Explicit
08-04 13:39:21.249 10062 10331 I art     : Explicit concurrent mark sweep GC freed 20(704B) AllocSpace objects, 0(0B) LOS objects, 31% free, 34MB/50MB, paused 683us total 23.389ms
08-04 13:39:21.258 10062 10331 I art     : Starting a blocking GC Explicit
08-04 13:39:21.281 10062 10331 I art     : Explicit concurrent mark sweep GC freed 3(96B) AllocSpace objects, 0(0B) LOS objects, 31% free, 34MB/50MB, paused 742us total 23.095ms
08-04 13:39:21.290 10062 10331 I art     : Starting a blocking GC Explicit
08-04 13:39:21.313 10062 10331 I art     : Explicit concurrent mark sweep GC freed 3(96B) AllocSpace objects, 0(0B) LOS objects, 31% free, 34MB/50MB, paused 683us total 23.415ms
08-04 13:39:21.322 10062 10331 I art     : Starting a blocking GC Explicit
08-04 13:39:21.346 10062 10331 I art     : Explicit concurrent mark sweep GC freed 3(96B) AllocSpace objects, 0(0B) LOS objects, 31% free, 34MB/50MB, paused 691us total 24.128ms
08-04 13:39:21.347 10062 10073 I art     : WaitForGcToComplete blocked for 9.043ms for cause HeapTrim
08-04 13:39:21.695 10062 10074 I art     : Starting a blocking GC Explicit
08-04 13:39:21.722 10062 10074 I art     : Explicit concurrent mark sweep GC freed 1401(80KB) AllocSpace objects, 1(20KB) LOS objects, 31% free, 34MB/50MB, paused 758us total 26.623ms
08-04 13:39:21.734 10062 10074 I art     : Starting a blocking GC Explicit
08-04 13:39:21.758 10062 10074 I art     : Explicit concurrent mark sweep GC freed 20(704B) AllocSpace objects, 0(0B) LOS objects, 31% free, 34MB/50MB, paused 726us total 24.151ms
08-04 13:39:21.767 10062 10074 I art     : Starting a blocking GC Explicit
08-04 13:39:21.790 10062 10074 I art     : Explicit concurrent mark sweep GC freed 3(96B) AllocSpace objects, 0(0B) LOS objects, 31% free, 34MB/50MB, paused 724us total 23.321ms
08-04 13:39:21.799 10062 10074 I art     : Starting a blocking GC Explicit
08-04 13:39:21.823 10062 10074 I art     : Explicit concurrent mark sweep GC freed 3(96B) AllocSpace objects, 0(0B) LOS objects, 31% free, 34MB/50MB, paused 712us total 23.592ms
08-04 13:39:21.832 10062 10074 I art     : Starting a blocking GC Explicit
08-04 13:39:21.856 10062 10074 I art     : Explicit concurrent mark sweep GC freed 3(96B) AllocSpace objects, 0(0B) LOS objects, 31% free, 34MB/50MB, paused 721us total 24.069ms
08-04 13:39:22.213 10062 10096 I art     : Starting a blocking GC Explicit
08-04 13:39:22.239 10062 10096 I art     : Explicit concurrent mark sweep GC freed 1401(80KB) AllocSpace objects, 1(20KB) LOS objects, 31% free, 34MB/50MB, paused 741us total 25.842ms
08-04 13:39:22.248 10062 10096 I art     : Starting a blocking GC Explicit
08-04 13:39:22.273 10062 10096 I art     : Explicit concurrent mark sweep GC freed 20(704B) AllocSpace objects, 0(0B) LOS objects, 31% free, 34MB/50MB, paused 743us total 24.307ms
08-04 13:39:22.282 10062 10096 I art     : Starting a blocking GC Explicit
08-04 13:39:22.306 10062 10096 I art     : Explicit concurrent mark sweep GC freed 3(96B) AllocSpace objects, 0(0B) LOS objects, 31% free, 34MB/50MB, paused 712us total 23.962ms
08-04 13:39:22.315 10062 10096 I art     : Starting a blocking GC Explicit
08-04 13:39:22.340 10062 10096 I art     : Explicit concurrent mark sweep GC freed 3(96B) AllocSpace objects, 0(0B) LOS objects, 31% free, 34MB/50MB, paused 736us total 24.625ms
08-04 13:39:22.349 10062 10096 I art     : Starting a blocking GC Explicit
08-04 13:39:22.373 10062 10096 I art     : Explicit concurrent mark sweep GC freed 3(96B) AllocSpace objects, 0(0B) LOS objects, 31% free, 34MB/50MB, paused 694us total 23.707ms
08-04 13:39:22.725 10062 10075 I art     : Starting a blocking GC Explicit
08-04 13:39:22.752 10062 10075 I art     : Explicit concurrent mark sweep GC freed 1401(80KB) AllocSpace objects, 1(20KB) LOS objects, 31% free, 34MB/50MB, paused 729us total 26.189ms
08-04 13:39:22.764 10062 10075 I art     : Starting a blocking GC Explicit
08-04 13:39:22.787 10062 10075 I art     : Explicit concurrent mark sweep GC freed 20(704B) AllocSpace objects, 0(0B) LOS objects, 31% free, 34MB/50MB, paused 905us total 23.215ms
08-04 13:39:22.796 10062 10075 I art     : Starting a blocking GC Explicit
08-04 13:39:22.819 10062 10075 I art     : Explicit concurrent mark sweep GC freed 3(96B) AllocSpace objects, 0(0B) LOS objects, 31% free, 34MB/50MB, paused 723us total 23.422ms
08-04 13:39:22.828 10062 10075 I art     : Starting a blocking GC Explicit
08-04 13:39:22.852 10062 10075 I art     : Explicit concurrent mark sweep GC freed 3(96B) AllocSpace objects, 0(0B) LOS objects, 31% free, 34MB/50MB, paused 728us total 23.448ms
08-04 13:39:22.860 10062 10075 I art     : Starting a blocking GC Explicit
08-04 13:39:22.884 10062 10075 I art     : Explicit concurrent mark sweep GC freed 3(96B) AllocSpace objects, 0(0B) LOS objects, 31% free, 34MB/50MB, paused 700us total 23.267ms
08-04 13:39:23.211 10062 10331 I art     : Starting a blocking GC Explicit
08-04 13:39:23.238 10062 10331 I art     : Explicit concurrent mark sweep GC freed 1401(80KB) AllocSpace objects, 1(20KB) LOS objects, 31% free, 34MB/50MB, paused 846us total 26.527ms
08-04 13:39:23.251 10062 10331 I art     : Starting a blocking GC Explicit
08-04 13:39:23.274 10062 10331 I art     : Explicit concurrent mark sweep GC freed 20(704B) AllocSpace objects, 0(0B) LOS objects, 31% free, 34MB/50MB, paused 723us total 22.825ms
08-04 13:39:23.283 10062 10331 I art     : Starting a blocking GC Explicit
08-04 13:39:23.306 10062 10331 I art     : Explicit concurrent mark sweep GC freed 3(96B) AllocSpace objects, 0(0B) LOS objects, 31% free, 34MB/50MB, paused 673us total 23.580ms
08-04 13:39:23.315 10062 10331 I art     : Starting a blocking GC Explicit
08-04 13:39:23.339 10062 10331 I art     : Explicit concurrent mark sweep GC freed 16(688B) AllocSpace objects, 0(0B) LOS objects, 31% free, 34MB/50MB, paused 714us total 23.545ms
08-04 13:39:23.347 10062 10331 I art     : Starting a blocking GC Explicit
08-04 13:39:23.372 10062 10331 I art     : Explicit concurrent mark sweep GC freed 8(256B) AllocSpace objects, 0(0B) LOS objects, 31% free, 34MB/50MB, paused 649us total 24.226ms
08-04 13:39:23.712 10062 10074 I art     : Starting a blocking GC Explicit
08-04 13:39:23.739 10062 10074 I art     : Explicit concurrent mark sweep GC freed 1407(81KB) AllocSpace objects, 1(20KB) LOS objects, 31% free, 34MB/50MB, paused 698us total 26.510ms
08-04 13:39:23.750 10062 10074 I art     : Starting a blocking GC Explicit
08-04 13:39:23.774 10062 10074 I art     : Explicit concurrent mark sweep GC freed 20(704B) AllocSpace objects, 0(0B) LOS objects, 31% free, 34MB/50MB, paused 699us total 24.137ms
08-04 13:39:23.783 10062 10074 I art     : Starting a blocking GC Explicit
08-04 13:39:23.808 10062 10074 I art     : Explicit concurrent mark sweep GC freed 3(96B) AllocSpace objects, 0(0B) LOS objects, 31% free, 34MB/50MB, paused 706us total 24.355ms
08-04 13:39:23.817 10062 10074 I art     : Starting a blocking GC Explicit
08-04 13:39:23.841 10062 10074 I art     : Explicit concurrent mark sweep GC freed 3(96B) AllocSpace objects, 0(0B) LOS objects, 31% free, 34MB/50MB, paused 706us total 24.056ms
08-04 13:39:23.850 10062 10074 I art     : Starting a blocking GC Explicit
08-04 13:39:23.875 10062 10074 I art     : Explicit concurrent mark sweep GC freed 3(96B) AllocSpace objects, 0(0B) LOS objects, 31% free, 34MB/50MB, paused 688us total 24.293ms
08-04 13:39:24.232 10062 10096 I art     : Starting a blocking GC Explicit
08-04 13:39:24.258 10062 10096 I art     : Explicit concurrent mark sweep GC freed 1401(80KB) AllocSpace objects, 1(20KB) LOS objects, 31% free, 34MB/50MB, paused 809us total 26.180ms
08-04 13:39:24.271 10062 10096 I art     : Starting a blocking GC Explicit
08-04 13:39:24.294 10062 10096 I art     : Explicit concurrent mark sweep GC freed 20(704B) AllocSpace objects, 0(0B) LOS objects, 31% free, 34MB/50MB, paused 789us total 23.165ms
08-04 13:39:24.303 10062 10096 I art     : Starting a blocking GC Explicit
08-04 13:39:24.327 10062 10096 I art     : Explicit concurrent mark sweep GC freed 3(96B) AllocSpace objects, 0(0B) LOS objects, 31% free, 34MB/50MB, paused 741us total 23.427ms
08-04 13:39:24.335 10062 10096 I art     : Starting a blocking GC Explicit
08-04 13:39:24.359 10062 10096 I art     : Explicit concurrent mark sweep GC freed 3(96B) AllocSpace objects, 0(0B) LOS objects, 31% free, 34MB/50MB, paused 689us total 23.467ms
08-04 13:39:24.368 10062 10096 I art     : Starting a blocking GC Explicit
08-04 13:39:24.392 10062 10096 I art     : Explicit concurrent mark sweep GC freed 3(96B) AllocSpace objects, 0(0B) LOS objects, 31% free, 34MB/50MB, paused 667us total 23.334ms
08-04 13:39:24.747 10062 10075 I art     : Starting a blocking GC Explicit
08-04 13:39:24.773 10062 10075 I art     : Explicit concurrent mark sweep GC freed 1401(80KB) AllocSpace objects, 1(20KB) LOS objects, 31% free, 34MB/50MB, paused 705us total 25.814ms
08-04 13:39:24.786 10062 10075 I art     : Starting a blocking GC Explicit
08-04 13:39:24.810 10062 10075 I art     : Explicit concurrent mark sweep GC freed 20(704B) AllocSpace objects, 0(0B) LOS objects, 31% free, 34MB/50MB, paused 687us total 23.399ms
08-04 13:39:24.818 10062 10075 I art     : Starting a blocking GC Explicit
08-04 13:39:24.842 10062 10075 I art     : Explicit concurrent mark sweep GC freed 3(96B) AllocSpace objects, 0(0B) LOS objects, 31% free, 34MB/50MB, paused 648us total 23.184ms
08-04 13:39:24.850 10062 10075 I art     : Starting a blocking GC Explicit
08-04 13:39:24.874 10062 10075 I art     : Explicit concurrent mark sweep GC freed 3(96B) AllocSpace objects, 0(0B) LOS objects, 31% free, 34MB/50MB, paused 684us total 23.180ms
08-04 13:39:24.883 10062 10075 I art     : Starting a blocking GC Explicit
08-04 13:39:24.906 10062 10075 I art     : Explicit concurrent mark sweep GC freed 3(96B) AllocSpace objects, 0(0B) LOS objects, 31% free, 34MB/50MB, paused 658us total 23.054ms
08-04 13:39:25.274 10062 10331 I art     : Starting a blocking GC Explicit
08-04 13:39:25.301 10062 10331 I art     : Explicit concurrent mark sweep GC freed 1401(80KB) AllocSpace objects, 1(20KB) LOS objects, 31% free, 34MB/50MB, paused 749us total 26.648ms
08-04 13:39:25.312 10062 10331 I art     : Starting a blocking GC Explicit
08-04 13:39:25.335 10062 10331 I art     : Explicit concurrent mark sweep GC freed 20(704B) AllocSpace objects, 0(0B) LOS objects, 31% free, 34MB/50MB, paused 671us total 23.206ms
08-04 13:39:25.344 10062 10331 I art     : Starting a blocking GC Explicit
08-04 13:39:25.368 10062 10331 I art     : Explicit concurrent mark sweep GC freed 3(96B) AllocSpace objects, 0(0B) LOS objects, 31% free, 34MB/50MB, paused 699us total 23.485ms
08-04 13:39:25.376 10062 10331 I art     : Starting a blocking GC Explicit
08-04 13:39:25.400 10062 10331 I art     : Explicit concurrent mark sweep GC freed 3(96B) AllocSpace objects, 0(0B) LOS objects, 31% free, 34MB/50MB, paused 755us total 23.071ms
08-04 13:39:25.408 10062 10331 I art     : Starting a blocking GC Explicit
08-04 13:39:25.432 10062 10331 I art     : Explicit concurrent mark sweep GC freed 3(96B) AllocSpace objects, 0(0B) LOS objects, 31% free, 34MB/50MB, paused 697us total 23.376ms
08-04 13:39:25.760 10062 10074 I art     : Starting a blocking GC Explicit
08-04 13:39:25.786 10062 10074 I art     : Explicit concurrent mark sweep GC freed 1401(80KB) AllocSpace objects, 1(20KB) LOS objects, 31% free, 34MB/50MB, paused 695us total 26.289ms
08-04 13:39:25.797 10062 10074 I art     : Starting a blocking GC Explicit
08-04 13:39:25.821 10062 10074 I art     : Explicit concurrent mark sweep GC freed 20(704B) AllocSpace objects, 0(0B) LOS objects, 31% free, 34MB/50MB, paused 683us total 23.618ms
08-04 13:39:25.831 10062 10074 I art     : Starting a blocking GC Explicit
08-04 13:39:25.854 10062 10074 I art     : Explicit concurrent mark sweep GC freed 3(96B) AllocSpace objects, 0(0B) LOS objects, 31% free, 34MB/50MB, paused 681us total 23.023ms
08-04 13:39:25.863 10062 10074 I art     : Starting a blocking GC Explicit
08-04 13:39:25.885 10062 10074 I art     : Explicit concurrent mark sweep GC freed 3(96B) AllocSpace objects, 0(0B) LOS objects, 31% free, 34MB/50MB, paused 651us total 22.508ms
08-04 13:39:25.894 10062 10074 I art     : Starting a blocking GC Explicit
08-04 13:39:25.918 10062 10074 I art     : Explicit concurrent mark sweep GC freed 3(96B) AllocSpace objects, 0(0B) LOS objects, 31% free, 34MB/50MB, paused 725us total 23.241ms
08-04 13:39:26.237 11464 11464 D AndroidRuntime: >>>>>> START com.android.internal.os.RuntimeInit uid 2000 <<<<<<
08-04 13:39:26.242 11464 11464 D AndroidRuntime: CheckJNI is OFF
08-04 13:39:26.248 10062 10096 I art     : Starting a blocking GC Explicit
08-04 13:39:26.272 10062 10096 I art     : Explicit concurrent mark sweep GC freed 1401(80KB) AllocSpace objects, 1(20KB) LOS objects, 31% free, 34MB/50MB, paused 728us total 23.365ms
08-04 13:39:26.276 11464 11464 D ICU     : No timezone override file found: /data/misc/zoneinfo/current/icu/icu_tzdata.dat
08-04 13:39:26.281 10062 10096 I art     : Starting a blocking GC Explicit
08-04 13:39:26.305 10062 10096 I art     : Explicit concurrent mark sweep GC freed 20(704B) AllocSpace objects, 0(0B) LOS objects, 31% free, 34MB/50MB, paused 756us total 23.728ms
08-04 13:39:26.311 11464 11464 I Radio-JNI: register_android_hardware_Radio DONE
08-04 13:39:26.314 10062 10096 I art     : Starting a blocking GC Explicit
08-04 13:39:26.333 11464 11464 D AndroidRuntime: Calling main entry com.android.commands.input.Input
08-04 13:39:26.335 11464 11464 I Input   : injectMotionEvent: MotionEvent { action=ACTION_DOWN, actionButton=0, id[0]=0, x[0]=436.0, y[0]=453.0, toolType[0]=TOOL_TYPE_UNKNOWN, buttonState=0, metaState=0, flags=0x0, edgeFlags=0x0, pointerCount=1, historySize=0, eventTime=711582748, downTime=711582748, deviceId=0, source=0x1002 }
08-04 13:39:26.336 10062 10096 I art     : Explicit concurrent mark sweep GC freed 3(96B) AllocSpace objects, 0(0B) LOS objects, 31% free, 34MB/50MB, paused 738us total 22.153ms
08-04 13:39:26.341 11464 11464 I Input   : injectMotionEvent: MotionEvent { action=ACTION_UP, actionButton=0, id[0]=0, x[0]=436.0, y[0]=453.0, toolType[0]=TOOL_TYPE_UNKNOWN, buttonState=0, metaState=0, flags=0x0, edgeFlags=0x0, pointerCount=1, historySize=0, eventTime=711582748, downTime=711582748, deviceId=0, source=0x1002 }
08-04 13:39:26.343 11464 11464 D AndroidRuntime: Shutting down VM
08-04 13:39:26.344 10062 10096 I art     : Starting a blocking GC Explicit
08-04 13:39:26.354   512  2967 D audio_hw_primary: out_set_parameters: enter: usecase(1: low-latency-playback) kvpairs: routing=2
08-04 13:39:26.357   918  4413 I ActivityManager: START u0 {cmp=baseline.com.newsblur/.activity.GlobalSharedStoriesReading (has extras)} from uid 10652 on display 0
08-04 13:39:26.367   512  2967 D audio_hw_primary: select_devices: out_snd_device(2: speaker) in_snd_device(0: none)
08-04 13:39:26.367   512  2967 D msm8974_platform: platform_send_audio_calibration: sending audio calibration for snd_device(2) acdb_id(15)
08-04 13:39:26.367   512  2967 I soundtrigger: audio_extn_sound_trigger_update_device_status: device 0x2 of type 0 for Event 1
08-04 13:39:26.368 10062 10096 I art     : Explicit concurrent mark sweep GC freed 408(49KB) AllocSpace objects, 1(20KB) LOS objects, 31% free, 34MB/50MB, paused 847us total 23.178ms
08-04 13:39:26.376 10062 10096 I art     : Starting a blocking GC Explicit
08-04 13:39:26.379   512  2967 D audio_hw_primary: enable_snd_device: snd_device(2: speaker)
08-04 13:39:26.381   512  2967 D audio_hw_primary: enable_audio_route: apply and update mixer path: low-latency-playback speaker
08-04 13:39:26.399 10062 10096 I art     : Explicit concurrent mark sweep GC freed 266(42KB) AllocSpace objects, 1(20KB) LOS objects, 31% free, 35MB/51MB, paused 941us total 23.077ms
08-04 13:39:26.612   918   936 I ActivityManager: Displayed baseline.com.newsblur/.activity.GlobalSharedStoriesReading: +247ms
08-04 13:39:26.612 13866 13866 I GoogleInputMethodServic: GoogleInputMethodService.onFinishInput():3138 
08-04 13:39:26.613 13866 13866 I GoogleInputMethodServic: GoogleInputMethodService.onStartInput():1808 
08-04 13:39:26.633   918  3961 D ConnectivityService: listenForNetwork for Listen from uid/pid:10652/10062 for NetworkRequest [ id=2678, legacyType=-1, [ Capabilities: INTERNET&NOT_RESTRICTED&TRUSTED] ]
08-04 13:39:26.671 10062 10074 I art     : Starting a blocking GC Explicit
08-04 13:39:26.697   518   646 I ThermalEngine: ACTION: GPU - Setting GPU[0] to 600000000
08-04 13:39:26.702 10062 10074 I art     : Explicit concurrent mark sweep GC freed 5103(386KB) AllocSpace objects, 11(668KB) LOS objects, 28% free, 39MB/55MB, paused 1.051ms total 30.203ms
08-04 13:39:26.714 10062 10074 I art     : Starting a blocking GC Explicit
08-04 13:39:26.741 10062 10074 I art     : Explicit concurrent mark sweep GC freed 1835(93KB) AllocSpace objects, 3(64KB) LOS objects, 28% free, 39MB/55MB, paused 745us total 26.263ms
08-04 13:39:26.742 10062 10073 I art     : WaitForGcToComplete blocked for 19.137ms for cause HeapTrim
08-04 13:39:26.749 10062 10074 I art     : Starting a blocking GC Explicit
08-04 13:39:26.770 10062 10074 I art     : Explicit concurrent mark sweep GC freed 660(81KB) AllocSpace objects, 0(0B) LOS objects, 28% free, 39MB/55MB, paused 692us total 21.252ms
08-04 13:39:26.778 10062 10074 I art     : Starting a blocking GC Explicit
08-04 13:39:26.797 10062 10074 I art     : Explicit concurrent mark sweep GC freed 63(3KB) AllocSpace objects, 0(0B) LOS objects, 28% free, 39MB/55MB, paused 614us total 19.513ms
08-04 13:39:26.805 10062 10074 I art     : Starting a blocking GC Explicit
08-04 13:39:26.824 10062 10074 I art     : Explicit concurrent mark sweep GC freed 546(42KB) AllocSpace objects, 0(0B) LOS objects, 28% free, 39MB/55MB, paused 532us total 19.581ms
08-04 13:39:26.857 10062 10678 E chromium: [ERROR:tile_manager.cc(793)] WARNING: tile memory limits exceeded, some content may not draw
08-04 13:39:26.858 10062 10678 E chromium: [ERROR:tile_manager.cc(793)] WARNING: tile memory limits exceeded, some content may not draw
08-04 13:39:26.904 10062 10678 E chromium: [ERROR:tile_manager.cc(793)] WARNING: tile memory limits exceeded, some content may not draw
08-04 13:39:26.904 10062 10678 E chromium: [ERROR:tile_manager.cc(793)] WARNING: tile memory limits exceeded, some content may not draw
08-04 13:39:26.929   512  2967 D audio_hw_primary: disable_audio_route: reset and update mixer path: low-latency-playback speaker
08-04 13:39:26.930   512  2967 D audio_hw_primary: disable_snd_device: snd_device(2: speaker)
08-04 13:39:26.939   512  2967 I soundtrigger: audio_extn_sound_trigger_update_device_status: device 0x2 of type 0 for Event 0
08-04 13:39:27.038 10062 10678 E chromium: [ERROR:tile_manager.cc(793)] WARNING: tile memory limits exceeded, some content may not draw
08-04 13:39:27.044 10062 10678 E chromium: [ERROR:tile_manager.cc(793)] WARNING: tile memory limits exceeded, some content may not draw
08-04 13:39:27.046 10062 10678 E chromium: [ERROR:tile_manager.cc(793)] WARNING: tile memory limits exceeded, some content may not draw
08-04 13:39:27.047 10062 10678 E chromium: [ERROR:tile_manager.cc(793)] WARNING: tile memory limits exceeded, some content may not draw
08-04 13:39:27.131 10062 10331 I art     : Starting a blocking GC Explicit
08-04 13:39:27.155 10062 10331 I art     : Explicit concurrent mark sweep GC freed 1639(119KB) AllocSpace objects, 2(40KB) LOS objects, 28% free, 39MB/55MB, paused 582us total 23.854ms
08-04 13:39:27.162 10062 10331 I art     : Starting a blocking GC Explicit
08-04 13:39:27.180 10062 10331 I art     : Explicit concurrent mark sweep GC freed 45(1856B) AllocSpace objects, 0(0B) LOS objects, 28% free, 39MB/55MB, paused 503us total 18.091ms
08-04 13:39:27.186 10062 10331 I art     : Starting a blocking GC Explicit
08-04 13:39:27.204 10062 10331 I art     : Explicit concurrent mark sweep GC freed 3(96B) AllocSpace objects, 0(0B) LOS objects, 28% free, 39MB/55MB, paused 503us total 18.014ms
08-04 13:39:27.211 10062 10331 I art     : Starting a blocking GC Explicit
08-04 13:39:27.230 10062 10331 I art     : Explicit concurrent mark sweep GC freed 3(96B) AllocSpace objects, 0(0B) LOS objects, 28% free, 39MB/55MB, paused 529us total 19.001ms
08-04 13:39:27.237 10062 10331 I art     : Starting a blocking GC Explicit
08-04 13:39:27.258 10062 10331 I art     : Explicit concurrent mark sweep GC freed 3(96B) AllocSpace objects, 0(0B) LOS objects, 28% free, 39MB/55MB, paused 527us total 20.657ms
08-04 13:39:27.578 10062 10074 I art     : Starting a blocking GC Explicit
08-04 13:39:27.602 10062 10074 I art     : Explicit concurrent mark sweep GC freed 1404(81KB) AllocSpace objects, 1(20KB) LOS objects, 28% free, 39MB/55MB, paused 545us total 23.780ms
08-04 13:39:27.614 10062 10074 I art     : Starting a blocking GC Explicit
08-04 13:39:27.635 10062 10074 I art     : Explicit concurrent mark sweep GC freed 20(704B) AllocSpace objects, 0(0B) LOS objects, 28% free, 39MB/55MB, paused 520us total 20.569ms
08-04 13:39:27.642 10062 10074 I art     : Starting a blocking GC Explicit
08-04 13:39:27.662 10062 10074 I art     : Explicit concurrent mark sweep GC freed 3(96B) AllocSpace objects, 0(0B) LOS objects, 28% free, 39MB/55MB, paused 520us total 20.171ms
08-04 13:39:27.670 10062 10074 I art     : Starting a blocking GC Explicit
08-04 13:39:27.691 10062 10074 I art     : Explicit concurrent mark sweep GC freed 3(96B) AllocSpace objects, 0(0B) LOS objects, 28% free, 39MB/55MB, paused 520us total 20.800ms
08-04 13:39:27.698 10062 10074 I art     : Starting a blocking GC Explicit
08-04 13:39:27.702   518   646 I ThermalEngine: ACTION: GPU - Setting GPU[0] to 510000000
08-04 13:39:27.723 10062 10074 I art     : Explicit concurrent mark sweep GC freed 3(96B) AllocSpace objects, 0(0B) LOS objects, 28% free, 39MB/55MB, paused 726us total 25.151ms
08-04 13:39:27.873 10062 10678 E chromium: [ERROR:tile_manager.cc(793)] WARNING: tile memory limits exceeded, some content may not draw
08-04 13:39:27.875 10062 10678 E chromium: [ERROR:tile_manager.cc(793)] WARNING: tile memory limits exceeded, some content may not draw
08-04 13:39:28.053 10062 10096 I art     : Starting a blocking GC Explicit
08-04 13:39:28.084 10062 10096 I art     : Explicit concurrent mark sweep GC freed 1451(82KB) AllocSpace objects, 1(20KB) LOS objects, 28% free, 39MB/55MB, paused 711us total 30.123ms
08-04 13:39:28.097 10062 10096 I art     : Starting a blocking GC Explicit
08-04 13:39:28.132 10062 10096 I art     : Explicit concurrent mark sweep GC freed 30(1024B) AllocSpace objects, 0(0B) LOS objects, 28% free, 39MB/55MB, paused 692us total 35.058ms
08-04 13:39:28.143 10062 10096 I art     : Starting a blocking GC Explicit
08-04 13:39:28.168 10062 10096 I art     : Explicit concurrent mark sweep GC freed 4(128B) AllocSpace objects, 0(0B) LOS objects, 28% free, 39MB/55MB, paused 704us total 25.483ms
08-04 13:39:28.177 10062 10096 I art     : Starting a blocking GC Explicit
08-04 13:39:28.202 10062 10096 I art     : Explicit concurrent mark sweep GC freed 3(96B) AllocSpace objects, 0(0B) LOS objects, 28% free, 39MB/55MB, paused 710us total 24.864ms
08-04 13:39:28.211 10062 10096 I art     : Starting a blocking GC Explicit
08-04 13:39:28.237 10062 10096 I art     : Explicit concurrent mark sweep GC freed 3(96B) AllocSpace objects, 0(0B) LOS objects, 28% free, 39MB/55MB, paused 946us total 26.267ms
08-04 13:39:28.576 10062 10074 I art     : Starting a blocking GC Explicit
08-04 13:39:28.603 10062 10074 I art     : Explicit concurrent mark sweep GC freed 1441(82KB) AllocSpace objects, 1(20KB) LOS objects, 28% free, 39MB/55MB, paused 699us total 26.744ms
08-04 13:39:28.613 10062 10074 I art     : Starting a blocking GC Explicit
08-04 13:39:28.640 10062 10074 I art     : Explicit concurrent mark sweep GC freed 20(704B) AllocSpace objects, 0(0B) LOS objects, 28% free, 39MB/55MB, paused 735us total 26.856ms
08-04 13:39:28.649 10062 10074 I art     : Starting a blocking GC Explicit
08-04 13:39:28.676 10062 10074 I art     : Explicit concurrent mark sweep GC freed 3(96B) AllocSpace objects, 0(0B) LOS objects, 28% free, 39MB/55MB, paused 846us total 26.136ms
08-04 13:39:28.685 10062 10074 I art     : Starting a blocking GC Explicit
08-04 13:39:28.711 10062 10074 I art     : Explicit concurrent mark sweep GC freed 3(96B) AllocSpace objects, 0(0B) LOS objects, 28% free, 39MB/55MB, paused 710us total 26.167ms
08-04 13:39:28.721 10062 10074 I art     : Starting a blocking GC Explicit
08-04 13:39:28.748 10062 10074 I art     : Explicit concurrent mark sweep GC freed 3(96B) AllocSpace objects, 0(0B) LOS objects, 28% free, 39MB/55MB, paused 778us total 27.269ms
08-04 13:39:29.107 10062 10331 I art     : Starting a blocking GC Explicit
08-04 13:39:29.137 10062 10331 I art     : Explicit concurrent mark sweep GC freed 1402(80KB) AllocSpace objects, 1(20KB) LOS objects, 28% free, 39MB/55MB, paused 825us total 29.661ms
08-04 13:39:29.149 10062 10331 I art     : Starting a blocking GC Explicit
08-04 13:39:29.175 10062 10331 I art     : Explicit concurrent mark sweep GC freed 20(704B) AllocSpace objects, 0(0B) LOS objects, 28% free, 39MB/55MB, paused 715us total 25.786ms
08-04 13:39:29.183 10062 10331 I art     : Starting a blocking GC Explicit
08-04 13:39:29.209 10062 10331 I art     : Explicit concurrent mark sweep GC freed 3(96B) AllocSpace objects, 0(0B) LOS objects, 28% free, 39MB/55MB, paused 703us total 25.577ms
08-04 13:39:29.219 10062 10331 I art     : Starting a blocking GC Explicit
08-04 13:39:29.245 10062 10331 I art     : Explicit concurrent mark sweep GC freed 3(96B) AllocSpace objects, 0(0B) LOS objects, 28% free, 39MB/55MB, paused 766us total 26.334ms
08-04 13:39:29.254 10062 10331 I art     : Starting a blocking GC Explicit
08-04 13:39:29.280 10062 10331 I art     : Explicit concurrent mark sweep GC freed 3(96B) AllocSpace objects, 0(0B) LOS objects, 28% free, 39MB/55MB, paused 706us total 26.029ms
08-04 13:39:29.639 10062 10075 I art     : Starting a blocking GC Explicit
08-04 13:39:29.669 10062 10075 I art     : Explicit concurrent mark sweep GC freed 1404(81KB) AllocSpace objects, 1(20KB) LOS objects, 28% free, 39MB/55MB, paused 756us total 28.997ms
08-04 13:39:29.682 10062 10075 I art     : Starting a blocking GC Explicit
08-04 13:39:29.708 10062 10075 I art     : Explicit concurrent mark sweep GC freed 20(704B) AllocSpace objects, 0(0B) LOS objects, 28% free, 39MB/55MB, paused 723us total 26.252ms
08-04 13:39:29.717 10062 10075 I art     : Starting a blocking GC Explicit
08-04 13:39:29.744 10062 10075 I art     : Explicit concurrent mark sweep GC freed 3(96B) AllocSpace objects, 0(0B) LOS objects, 28% free, 39MB/55MB, paused 709us total 25.976ms
08-04 13:39:29.753 10062 10075 I art     : Starting a blocking GC Explicit
08-04 13:39:29.779 10062 10075 I art     : Explicit concurrent mark sweep GC freed 3(96B) AllocSpace objects, 0(0B) LOS objects, 28% free, 39MB/55MB, paused 849us total 25.815ms
08-04 13:39:29.788 10062 10075 I art     : Starting a blocking GC Explicit
08-04 13:39:29.815 10062 10075 I art     : Explicit concurrent mark sweep GC freed 3(96B) AllocSpace objects, 0(0B) LOS objects, 28% free, 39MB/55MB, paused 723us total 26.754ms
08-04 13:39:30.147 10062 10096 I art     : Starting a blocking GC Explicit
08-04 13:39:30.173 10062 10096 I art     : Explicit concurrent mark sweep GC freed 1403(81KB) AllocSpace objects, 1(20KB) LOS objects, 28% free, 39MB/55MB, paused 694us total 26.512ms
08-04 13:39:30.182 10062 10096 I art     : Starting a blocking GC Explicit
08-04 13:39:30.208 10062 10096 I art     : Explicit concurrent mark sweep GC freed 20(704B) AllocSpace objects, 0(0B) LOS objects, 28% free, 39MB/55MB, paused 721us total 25.682ms
08-04 13:39:30.217 10062 10096 I art     : Starting a blocking GC Explicit
08-04 13:39:30.244 10062 10096 I art     : Explicit concurrent mark sweep GC freed 3(96B) AllocSpace objects, 0(0B) LOS objects, 28% free, 39MB/55MB, paused 785us total 26.429ms
08-04 13:39:30.254 10062 10096 I art     : Starting a blocking GC Explicit
08-04 13:39:30.281 10062 10096 I art     : Explicit concurrent mark sweep GC freed 3(96B) AllocSpace objects, 0(0B) LOS objects, 28% free, 39MB/55MB, paused 718us total 26.750ms
08-04 13:39:30.290 10062 10096 I art     : Starting a blocking GC Explicit
08-04 13:39:30.316 10062 10096 I art     : Explicit concurrent mark sweep GC freed 3(96B) AllocSpace objects, 0(0B) LOS objects, 28% free, 39MB/55MB, paused 715us total 26.535ms
08-04 13:39:30.665 10062 10074 I art     : Starting a blocking GC Explicit
08-04 13:39:30.693 10062 10074 I art     : Explicit concurrent mark sweep GC freed 1401(80KB) AllocSpace objects, 1(20KB) LOS objects, 28% free, 39MB/55MB, paused 833us total 27.226ms
08-04 13:39:30.702 10062 10074 I art     : Starting a blocking GC Explicit
08-04 13:39:30.728 10062 10074 I art     : Explicit concurrent mark sweep GC freed 20(704B) AllocSpace objects, 0(0B) LOS objects, 28% free, 39MB/55MB, paused 807us total 25.624ms
08-04 13:39:30.737 10062 10074 I art     : Starting a blocking GC Explicit
08-04 13:39:30.763 10062 10074 I art     : Explicit concurrent mark sweep GC freed 3(96B) AllocSpace objects, 0(0B) LOS objects, 28% free, 39MB/55MB, paused 703us total 25.047ms
08-04 13:39:30.772 10062 10074 I art     : Starting a blocking GC Explicit
08-04 13:39:30.797 10062 10074 I art     : Explicit concurrent mark sweep GC freed 3(96B) AllocSpace objects, 0(0B) LOS objects, 28% free, 39MB/55MB, paused 836us total 25.548ms
08-04 13:39:30.807 10062 10074 I art     : Starting a blocking GC Explicit
08-04 13:39:30.833 10062 10074 I art     : Explicit concurrent mark sweep GC freed 3(96B) AllocSpace objects, 0(0B) LOS objects, 28% free, 39MB/55MB, paused 713us total 26.578ms
08-04 13:39:31.006 11580 11580 D AndroidRuntime: >>>>>> START com.android.internal.os.RuntimeInit uid 2000 <<<<<<
08-04 13:39:31.013 11580 11580 D AndroidRuntime: CheckJNI is OFF
08-04 13:39:31.045 11580 11580 D ICU     : No timezone override file found: /data/misc/zoneinfo/current/icu/icu_tzdata.dat
08-04 13:39:31.075 11580 11580 I Radio-JNI: register_android_hardware_Radio DONE
08-04 13:39:31.096 11580 11580 D AndroidRuntime: Calling main entry com.android.commands.input.Input
08-04 13:39:31.098 11580 11580 I Input   : injectKeyEvent: KeyEvent { action=ACTION_DOWN, keyCode=KEYCODE_BACK, scanCode=0, metaState=0, flags=0x0, repeatCount=0, eventTime=711587511, downTime=711587511, deviceId=-1, source=0x101 }
08-04 13:39:31.102 11580 11580 I Input   : injectKeyEvent: KeyEvent { action=ACTION_UP, keyCode=KEYCODE_BACK, scanCode=0, metaState=0, flags=0x0, repeatCount=0, eventTime=711587511, downTime=711587511, deviceId=-1, source=0x101 }
08-04 13:39:31.109 11580 11580 D AndroidRuntime: Shutting down VM
08-04 13:39:31.174 10062 10074 I art     : Starting a blocking GC Explicit
08-04 13:39:31.201 10062 10074 I art     : Explicit concurrent mark sweep GC freed 1651(122KB) AllocSpace objects, 3(60KB) LOS objects, 28% free, 39MB/55MB, paused 903us total 27.334ms
08-04 13:39:31.211 10062 10074 I art     : Starting a blocking GC Explicit
08-04 13:39:31.239 10062 10074 I art     : Explicit concurrent mark sweep GC freed 1424(118KB) AllocSpace objects, 2(40KB) LOS objects, 28% free, 39MB/55MB, paused 1.040ms total 28.022ms
08-04 13:39:31.251 10062 10074 I art     : Starting a blocking GC Explicit
08-04 13:39:31.276 10062 10074 I art     : Explicit concurrent mark sweep GC freed 77(2720B) AllocSpace objects, 0(0B) LOS objects, 28% free, 39MB/55MB, paused 843us total 25.034ms
08-04 13:39:31.283 13866 13866 I GoogleInputMethodServic: GoogleInputMethodService.onFinishInput():3138 
08-04 13:39:31.284 13866 13866 I GoogleInputMethodServic: GoogleInputMethodService.onStartInput():1808 
08-04 13:39:31.287 10062 10074 I art     : Starting a blocking GC Explicit
08-04 13:39:31.313 10062 10074 I art     : Explicit concurrent mark sweep GC freed 827(65KB) AllocSpace objects, 0(0B) LOS objects, 28% free, 39MB/55MB, paused 767us total 25.331ms
08-04 13:39:31.323 10062 10074 I art     : Starting a blocking GC Explicit
08-04 13:39:31.346 10062 10074 I art     : Explicit concurrent mark sweep GC freed 10(336B) AllocSpace objects, 1(28KB) LOS objects, 28% free, 39MB/55MB, paused 636us total 22.755ms
08-04 13:39:31.613 13866 13882 I PeriodicStatsRunner: PeriodicStatsRunner.call():175 call()
08-04 13:39:31.613 13866 13882 I PeriodicStatsRunner: PeriodicStatsRunner.call():179 No submit PeriodicStats since input started.
08-04 13:39:31.643 10062 10075 I art     : Starting a blocking GC Explicit
08-04 13:39:31.670 10062 10075 I art     : Explicit concurrent mark sweep GC freed 2642(140KB) AllocSpace objects, 1(20KB) LOS objects, 28% free, 39MB/55MB, paused 741us total 26.932ms
08-04 13:39:31.680 10062 10075 I art     : Starting a blocking GC Explicit
08-04 13:39:31.688   918  3263 D ConnectivityService: releasing NetworkRequest NetworkRequest [ id=2678, legacyType=-1, [ Capabilities: INTERNET&NOT_RESTRICTED&TRUSTED] ]
08-04 13:39:31.704 10062 10075 I art     : Explicit concurrent mark sweep GC freed 5974(453KB) AllocSpace objects, 12(4MB) LOS objects, 31% free, 34MB/50MB, paused 708us total 24.664ms
08-04 13:39:31.713 10062 10075 I art     : Starting a blocking GC Explicit
08-04 13:39:31.735 10062 10075 I art     : Explicit concurrent mark sweep GC freed 22(896B) AllocSpace objects, 0(0B) LOS objects, 31% free, 34MB/50MB, paused 696us total 21.978ms
08-04 13:39:31.743 10062 10075 I art     : Starting a blocking GC Explicit
08-04 13:39:31.765 10062 10075 I art     : Explicit concurrent mark sweep GC freed 7(224B) AllocSpace objects, 0(0B) LOS objects, 31% free, 34MB/50MB, paused 684us total 21.561ms
08-04 13:39:31.773 10062 10075 I art     : Starting a blocking GC Explicit
08-04 13:39:31.796 10062 10075 I art     : Explicit concurrent mark sweep GC freed 7(224B) AllocSpace objects, 0(0B) LOS objects, 31% free, 34MB/50MB, paused 718us total 22.272ms
08-04 13:39:31.796 10062 10073 I art     : WaitForGcToComplete blocked for 22.644ms for cause HeapTrim
08-04 13:39:32.132 10062 10075 I art     : Starting a blocking GC Explicit
08-04 13:39:32.161 10062 10075 I art     : Explicit concurrent mark sweep GC freed 1445(82KB) AllocSpace objects, 1(20KB) LOS objects, 31% free, 34MB/50MB, paused 802us total 28.606ms
08-04 13:39:32.173 10062 10075 I art     : Starting a blocking GC Explicit
08-04 13:39:32.202 10062 10075 I art     : Explicit concurrent mark sweep GC freed 24(832B) AllocSpace objects, 0(0B) LOS objects, 31% free, 34MB/50MB, paused 857us total 29.218ms
08-04 13:39:32.212 10062 10075 I art     : Starting a blocking GC Explicit
08-04 13:39:32.239 10062 10075 I art     : Explicit concurrent mark sweep GC freed 7(224B) AllocSpace objects, 0(0B) LOS objects, 31% free, 34MB/50MB, paused 716us total 26.482ms
08-04 13:39:32.249 10062 10075 I art     : Starting a blocking GC Explicit
08-04 13:39:32.273 10062 10075 I art     : Explicit concurrent mark sweep GC freed 8(256B) AllocSpace objects, 0(0B) LOS objects, 31% free, 34MB/50MB, paused 710us total 24.510ms
08-04 13:39:32.282 10062 10075 I art     : Starting a blocking GC Explicit
08-04 13:39:32.309 10062 10075 I art     : Explicit concurrent mark sweep GC freed 7(224B) AllocSpace objects, 0(0B) LOS objects, 31% free, 34MB/50MB, paused 647us total 26.231ms
08-04 13:39:32.620 10062 10074 I art     : Starting a blocking GC Explicit
08-04 13:39:32.646 10062 10074 I art     : Explicit concurrent mark sweep GC freed 1442(82KB) AllocSpace objects, 1(20KB) LOS objects, 31% free, 34MB/50MB, paused 680us total 26.058ms
08-04 13:39:32.657 10062 10074 I art     : Starting a blocking GC Explicit
08-04 13:39:32.683 10062 10074 I art     : Explicit concurrent mark sweep GC freed 23(800B) AllocSpace objects, 0(0B) LOS objects, 31% free, 34MB/50MB, paused 733us total 25.288ms
08-04 13:39:32.693 10062 10074 I art     : Starting a blocking GC Explicit
08-04 13:39:32.719 10062 10074 I art     : Explicit concurrent mark sweep GC freed 3(96B) AllocSpace objects, 0(0B) LOS objects, 31% free, 34MB/50MB, paused 701us total 25.205ms
08-04 13:39:32.728 10062 10074 I art     : Starting a blocking GC Explicit
08-04 13:39:32.751 10062 10074 I art     : Explicit concurrent mark sweep GC freed 3(96B) AllocSpace objects, 0(0B) LOS objects, 31% free, 34MB/50MB, paused 693us total 22.847ms
08-04 13:39:32.760 10062 10074 I art     : Starting a blocking GC Explicit
08-04 13:39:32.783 10062 10074 I art     : Explicit concurrent mark sweep GC freed 3(96B) AllocSpace objects, 0(0B) LOS objects, 31% free, 34MB/50MB, paused 749us total 23.597ms
08-04 13:39:32.785 11625 11625 D AndroidRuntime: >>>>>> START com.android.internal.os.RuntimeInit uid 2000 <<<<<<
08-04 13:39:32.790 11625 11625 D AndroidRuntime: CheckJNI is OFF
08-04 13:39:32.823 11625 11625 D ICU     : No timezone override file found: /data/misc/zoneinfo/current/icu/icu_tzdata.dat
08-04 13:39:32.856 11625 11625 I Radio-JNI: register_android_hardware_Radio DONE
08-04 13:39:32.878 11625 11625 D AndroidRuntime: Calling main entry com.android.commands.input.Input
08-04 13:39:32.880 11625 11625 I Input   : injectKeyEvent: KeyEvent { action=ACTION_DOWN, keyCode=KEYCODE_BACK, scanCode=0, metaState=0, flags=0x0, repeatCount=0, eventTime=711589293, downTime=711589293, deviceId=-1, source=0x101 }
08-04 13:39:32.885 11625 11625 I Input   : injectKeyEvent: KeyEvent { action=ACTION_UP, keyCode=KEYCODE_BACK, scanCode=0, metaState=0, flags=0x0, repeatCount=0, eventTime=711589293, downTime=711589293, deviceId=-1, source=0x101 }
08-04 13:39:32.891 11625 11625 D AndroidRuntime: Shutting down VM
08-04 13:39:33.036 13866 13866 I GoogleInputMethodServic: GoogleInputMethodService.onFinishInput():3138 
08-04 13:39:33.036 13866 13866 I GoogleInputMethodServic: GoogleInputMethodService.onStartInput():1808 
08-04 13:39:33.070 10062 10074 I art     : Starting a blocking GC Explicit
08-04 13:39:33.097 10062 10074 I art     : Explicit concurrent mark sweep GC freed 15154(1140KB) AllocSpace objects, 29(580KB) LOS objects, 31% free, 34MB/50MB, paused 709us total 25.765ms
08-04 13:39:33.106 10062 10074 I art     : Starting a blocking GC Explicit
08-04 13:39:33.127 10062 10074 I art     : Explicit concurrent mark sweep GC freed 756(28KB) AllocSpace objects, 0(0B) LOS objects, 31% free, 34MB/50MB, paused 790us total 21.421ms
08-04 13:39:33.137 10062 10074 I art     : Starting a blocking GC Explicit
08-04 13:39:33.158 10062 10074 I art     : Explicit concurrent mark sweep GC freed 3(96B) AllocSpace objects, 0(0B) LOS objects, 31% free, 34MB/50MB, paused 717us total 20.868ms
08-04 13:39:33.166 10062 10074 I art     : Starting a blocking GC Explicit
08-04 13:39:33.188 10062 10074 I art     : Explicit concurrent mark sweep GC freed 3(96B) AllocSpace objects, 0(0B) LOS objects, 31% free, 34MB/50MB, paused 930us total 22.321ms
08-04 13:39:33.198 10062 10074 I art     : Starting a blocking GC Explicit
08-04 13:39:33.224 10062 10074 I art     : Explicit concurrent mark sweep GC freed 3(96B) AllocSpace objects, 0(0B) LOS objects, 31% free, 34MB/50MB, paused 694us total 25.033ms
08-04 13:39:33.525 10062 10096 I art     : Starting a blocking GC Explicit
08-04 13:39:33.549 10062 10096 I art     : Explicit concurrent mark sweep GC freed 1864(101KB) AllocSpace objects, 1(20KB) LOS objects, 31% free, 34MB/50MB, paused 659us total 22.986ms
08-04 13:39:33.557 10062 10096 I art     : Starting a blocking GC Explicit
08-04 13:39:33.579 10062 10096 I art     : Explicit concurrent mark sweep GC freed 5578(416KB) AllocSpace objects, 2(1188KB) LOS objects, 32% free, 32MB/48MB, paused 1.005ms total 21.455ms
08-04 13:39:33.587 10062 10096 I art     : Starting a blocking GC Explicit
08-04 13:39:33.608 10062 10096 I art     : Explicit concurrent mark sweep GC freed 7(224B) AllocSpace objects, 0(0B) LOS objects, 32% free, 32MB/48MB, paused 888us total 20.448ms
08-04 13:39:33.617 10062 10096 I art     : Starting a blocking GC Explicit
08-04 13:39:33.639 10062 10096 I art     : Explicit concurrent mark sweep GC freed 6(192B) AllocSpace objects, 0(0B) LOS objects, 32% free, 32MB/48MB, paused 729us total 22.047ms
08-04 13:39:33.647 10062 10096 I art     : Starting a blocking GC Explicit
08-04 13:39:33.668 10062 10096 I art     : Explicit concurrent mark sweep GC freed 7(224B) AllocSpace objects, 0(0B) LOS objects, 32% free, 32MB/48MB, paused 726us total 20.658ms
08-04 13:39:33.982 10062 10075 I art     : Starting a blocking GC Explicit
08-04 13:39:34.022 10062 10075 I art     : Explicit concurrent mark sweep GC freed 1443(82KB) AllocSpace objects, 1(20KB) LOS objects, 32% free, 32MB/48MB, paused 708us total 39.836ms
08-04 13:39:34.031 10062 10075 I art     : Starting a blocking GC Explicit
08-04 13:39:34.054 10062 10075 I art     : Explicit concurrent mark sweep GC freed 24(832B) AllocSpace objects, 0(0B) LOS objects, 32% free, 32MB/48MB, paused 728us total 22.501ms
08-04 13:39:34.063 10062 10075 I art     : Starting a blocking GC Explicit
08-04 13:39:34.086 10062 10075 I art     : Explicit concurrent mark sweep GC freed 7(224B) AllocSpace objects, 0(0B) LOS objects, 32% free, 32MB/48MB, paused 914us total 22.141ms
08-04 13:39:34.094 10062 10075 I art     : Starting a blocking GC Explicit
08-04 13:39:34.116 10062 10075 I art     : Explicit concurrent mark sweep GC freed 8(256B) AllocSpace objects, 0(0B) LOS objects, 32% free, 32MB/48MB, paused 642us total 21.354ms
08-04 13:39:34.125 10062 10075 I art     : Starting a blocking GC Explicit
08-04 13:39:34.147 10062 10075 I art     : Explicit concurrent mark sweep GC freed 6(192B) AllocSpace objects, 0(0B) LOS objects, 32% free, 32MB/48MB, paused 713us total 21.195ms
08-04 13:39:34.395  6615  6615 I ServiceManager: Waiting for service AtCmdFwd...
08-04 13:39:34.460 10062 10331 I art     : Starting a blocking GC Explicit
08-04 13:39:34.483 10062 10331 I art     : Explicit concurrent mark sweep GC freed 1435(81KB) AllocSpace objects, 1(20KB) LOS objects, 32% free, 32MB/48MB, paused 698us total 22.748ms
08-04 13:39:34.493 10062 10331 I art     : Starting a blocking GC Explicit
08-04 13:39:34.514 10062 10331 I art     : Explicit concurrent mark sweep GC freed 20(704B) AllocSpace objects, 0(0B) LOS objects, 32% free, 32MB/48MB, paused 685us total 21.258ms
08-04 13:39:34.523 10062 10331 I art     : Starting a blocking GC Explicit
08-04 13:39:34.544 10062 10331 I art     : Explicit concurrent mark sweep GC freed 3(96B) AllocSpace objects, 0(0B) LOS objects, 32% free, 32MB/48MB, paused 733us total 20.904ms
08-04 13:39:34.548 11682 11682 D AndroidRuntime: >>>>>> START com.android.internal.os.RuntimeInit uid 2000 <<<<<<
08-04 13:39:34.553 10062 10331 I art     : Starting a blocking GC Explicit
08-04 13:39:34.553 11682 11682 D AndroidRuntime: CheckJNI is OFF
08-04 13:39:34.574 10062 10331 I art     : Explicit concurrent mark sweep GC freed 3(96B) AllocSpace objects, 0(0B) LOS objects, 32% free, 32MB/48MB, paused 715us total 20.991ms
08-04 13:39:34.582 10062 10331 I art     : Starting a blocking GC Explicit
08-04 13:39:34.590 11682 11682 D ICU     : No timezone override file found: /data/misc/zoneinfo/current/icu/icu_tzdata.dat
08-04 13:39:34.603 10062 10331 I art     : Explicit concurrent mark sweep GC freed 3(96B) AllocSpace objects, 0(0B) LOS objects, 32% free, 32MB/48MB, paused 684us total 20.980ms
08-04 13:39:34.626 11682 11682 I Radio-JNI: register_android_hardware_Radio DONE
08-04 13:39:34.647 11682 11682 D AndroidRuntime: Calling main entry com.android.commands.input.Input
08-04 13:39:34.649 11682 11682 I Input   : injectMotionEvent: MotionEvent { action=ACTION_DOWN, actionButton=0, id[0]=0, x[0]=553.0, y[0]=442.0, toolType[0]=TOOL_TYPE_UNKNOWN, buttonState=0, metaState=0, flags=0x0, edgeFlags=0x0, pointerCount=1, historySize=0, eventTime=711591062, downTime=711591062, deviceId=0, source=0x1002 }
08-04 13:39:34.654 11682 11682 I Input   : injectMotionEvent: MotionEvent { action=ACTION_UP, actionButton=0, id[0]=0, x[0]=553.0, y[0]=442.0, toolType[0]=TOOL_TYPE_UNKNOWN, buttonState=0, metaState=0, flags=0x0, edgeFlags=0x0, pointerCount=1, historySize=0, eventTime=711591062, downTime=711591062, deviceId=0, source=0x1002 }
08-04 13:39:34.656 11682 11682 D AndroidRuntime: Shutting down VM
08-04 13:39:34.724   918  3961 I ActivityManager: START u0 {cmp=baseline.com.newsblur/.activity.AllSharedStoriesItemsList (has extras)} from uid 10652 on display 0
08-04 13:39:34.747 10062 10671 I baseline.com.newsblur.database.BlurDatabaseHelper: reading session reset
08-04 13:39:34.873 10062 10074 I art     : Starting a blocking GC Explicit
08-04 13:39:34.894 10062 10074 I art     : Explicit concurrent mark sweep GC freed 4099(337KB) AllocSpace objects, 8(284KB) LOS objects, 32% free, 33MB/49MB, paused 650us total 20.551ms
08-04 13:39:34.902 10062 10074 I art     : Starting a blocking GC Explicit
08-04 13:39:34.909 10062 10062 W View    : requestLayout() improperly called by android.widget.FrameLayout{ba70c5b V.E...... ......ID 0,0-1440,0 #7f07003f app:id/footer_view_inner} during layout: running second layout pass
08-04 13:39:34.909 10062 10062 W View    : requestLayout() improperly called by android.widget.FrameLayout{5462cf8 V.E...... ......ID 0,0-1440,2091 #7f07003f app:id/footer_view_inner} during layout: running second layout pass
08-04 13:39:34.923 10062 10074 I art     : Explicit concurrent mark sweep GC freed 590(47KB) AllocSpace objects, 1(20KB) LOS objects, 32% free, 33MB/49MB, paused 922us total 20.527ms
08-04 13:39:34.925 13866 13866 I GoogleInputMethodServic: GoogleInputMethodService.onFinishInput():3138 
08-04 13:39:34.925   918   936 I ActivityManager: Displayed baseline.com.newsblur/.activity.AllSharedStoriesItemsList: +188ms
08-04 13:39:34.925 13866 13866 I GoogleInputMethodServic: GoogleInputMethodService.onStartInput():1808 
08-04 13:39:34.931 10062 10074 I art     : Starting a blocking GC Explicit
08-04 13:39:34.953 10062 10074 I art     : Explicit concurrent mark sweep GC freed 2281(173KB) AllocSpace objects, 7(140KB) LOS objects, 31% free, 34MB/50MB, paused 1.108ms total 22.236ms
08-04 13:39:34.961 10062 10074 I art     : Starting a blocking GC Explicit
08-04 13:39:34.985 10062 10074 I art     : Explicit concurrent mark sweep GC freed 1022(57KB) AllocSpace objects, 3(60KB) LOS objects, 31% free, 34MB/50MB, paused 1.218ms total 23.054ms
08-04 13:39:34.994 10062 10074 I art     : Starting a blocking GC Explicit
08-04 13:39:35.019 10062 10074 I art     : Explicit concurrent mark sweep GC freed 228(12KB) AllocSpace objects, 0(0B) LOS objects, 31% free, 34MB/50MB, paused 1.198ms total 24.603ms
08-04 13:39:35.054 10062 10352 I NAPPA_EXPERIMENTATION: MetricNetworkRequestExecutionTime: REQUEST_DURATION_SYSTEM='85',REQUEST_DURATION_OKHTTP='85',REQUEST_SYNCHRONOUS='TRUE',RESPONSE_CODE='200',RESPONSE_METHOD='GET',RESPONSE_LENGTH_OKHTTP='29813',RESPONSE_LENGTH_HEADER='29813',REQUEST_PROTOCOL='http/1.1',REQUEST_URL='https://s3.amazonaws.com/icons.newsblur.com/850543.png',
08-04 13:39:35.089 10062 11157 I NAPPA_EXPERIMENTATION: MetricNetworkRequestExecutionTime: REQUEST_DURATION_SYSTEM='133',REQUEST_DURATION_OKHTTP='133',REQUEST_SYNCHRONOUS='TRUE',RESPONSE_CODE='200',RESPONSE_METHOD='GET',RESPONSE_LENGTH_OKHTTP='43',RESPONSE_LENGTH_HEADER='43',REQUEST_PROTOCOL='http/1.1',REQUEST_URL='http://feeds.feedburner.com/~r/retort/~4/UffaFMiJbNs',
08-04 13:39:35.309 10062 10349 I NAPPA_EXPERIMENTATION: MetricNetworkRequestExecutionTime: REQUEST_DURATION_SYSTEM='321',REQUEST_DURATION_OKHTTP='139',REQUEST_SYNCHRONOUS='TRUE',RESPONSE_CODE='200',RESPONSE_METHOD='GET',RESPONSE_LENGTH_OKHTTP='117046',RESPONSE_LENGTH_HEADER='117046',REQUEST_PROTOCOL='h2',REQUEST_URL='https://64.media.tumblr.com/58fdb3e3c1b2ba1306c2d1be0119460e/75c91623ddb4dfe2-55/s1280x1920/18a33520ca63b4c9f1d09ba5a5eb6fab3b9c104d.jpg',
08-04 13:39:35.322 10062 10075 I art     : Starting a blocking GC Explicit
08-04 13:39:35.346 10062 10075 I art     : Explicit concurrent mark sweep GC freed 4759(293KB) AllocSpace objects, 7(140KB) LOS objects, 31% free, 34MB/50MB, paused 772us total 23.399ms
08-04 13:39:35.354 10062 10075 I art     : Starting a blocking GC Explicit
08-04 13:39:35.378 10062 10075 I art     : Explicit concurrent mark sweep GC freed 224(9KB) AllocSpace objects, 1(20KB) LOS objects, 31% free, 34MB/50MB, paused 836us total 23.563ms
08-04 13:39:35.382   918  3188 I hubconnection: sensorhub said: 'set_bias 3: -6.2400, 0.0000, 0.0000'
08-04 13:39:35.387 10062 10075 I art     : Starting a blocking GC Explicit
08-04 13:39:35.396  6615  6615 I ServiceManager: Waiting for service AtCmdFwd...
08-04 13:39:35.409 10062 10075 I art     : Explicit concurrent mark sweep GC freed 640(54KB) AllocSpace objects, 2(120KB) LOS objects, 30% free, 36MB/52MB, paused 849us total 21.946ms
08-04 13:39:35.417 10062 10075 I art     : Starting a blocking GC Explicit
08-04 13:39:35.440 10062 10075 I art     : Explicit concurrent mark sweep GC freed 1914(76KB) AllocSpace objects, 0(0B) LOS objects, 29% free, 37MB/53MB, paused 788us total 22.979ms
08-04 13:39:35.448 10062 10075 I art     : Starting a blocking GC Explicit
08-04 13:39:35.464 10062 11716 I NAPPA_EXPERIMENTATION: MetricNetworkRequestExecutionTime: REQUEST_DURATION_SYSTEM='525',REQUEST_DURATION_OKHTTP='30',REQUEST_SYNCHRONOUS='TRUE',RESPONSE_CODE='200',RESPONSE_METHOD='GET',RESPONSE_LENGTH_OKHTTP='-1',RESPONSE_LENGTH_HEADER='-2',REQUEST_PROTOCOL='http/1.1',REQUEST_URL='https://www.newsblur.com/social/river_stories?order=newest&page=1&read_filter=all',
08-04 13:39:35.464 10062 11716 D MY_TAG  : 0, 525
08-04 13:39:35.473 10062 10075 I art     : Explicit concurrent mark sweep GC freed 2793(220KB) AllocSpace objects, 4(2MB) LOS objects, 31% free, 35MB/51MB, paused 922us total 24.761ms
08-04 13:39:35.486 10062 10062 D baseline.com.newsblur.service.NBSyncService: rejecting request for feedset that is exhaused
08-04 13:39:35.715   518   646 I ThermalEngine: ACTION: GPU - Setting GPU[0] to 450000000
08-04 13:39:35.813 10062 10075 I art     : Starting a blocking GC Explicit
08-04 13:39:35.857 10062 10075 I art     : Explicit concurrent mark sweep GC freed 4601(429KB) AllocSpace objects, 15(300KB) LOS objects, 31% free, 35MB/51MB, paused 1.232ms total 43.683ms
08-04 13:39:35.871 10062 10075 I art     : Starting a blocking GC Explicit
08-04 13:39:35.903 10062 10075 I art     : Explicit concurrent mark sweep GC freed 697(25KB) AllocSpace objects, 0(0B) LOS objects, 31% free, 35MB/51MB, paused 1.028ms total 31.480ms
08-04 13:39:35.915 10062 10075 I art     : Starting a blocking GC Explicit
08-04 13:39:35.947 10062 10075 I art     : Explicit concurrent mark sweep GC freed 3(96B) AllocSpace objects, 0(0B) LOS objects, 31% free, 35MB/51MB, paused 1.027ms total 31.870ms
08-04 13:39:35.958 10062 10075 I art     : Starting a blocking GC Explicit
08-04 13:39:35.990 10062 10075 I art     : Explicit concurrent mark sweep GC freed 3(96B) AllocSpace objects, 0(0B) LOS objects, 31% free, 35MB/51MB, paused 996us total 31.293ms
08-04 13:39:36.002 10062 10075 I art     : Starting a blocking GC Explicit
08-04 13:39:36.033 10062 10075 I art     : Explicit concurrent mark sweep GC freed 3(96B) AllocSpace objects, 0(0B) LOS objects, 31% free, 35MB/51MB, paused 1.013ms total 31.665ms
08-04 13:39:36.284 13866 13882 I PeriodicStatsRunner: PeriodicStatsRunner.call():175 call()
08-04 13:39:36.284 13866 13882 I PeriodicStatsRunner: PeriodicStatsRunner.call():179 No submit PeriodicStats since input started.
08-04 13:39:36.382 10062 10075 I art     : Starting a blocking GC Explicit
08-04 13:39:36.397  6615  6615 I ServiceManager: Waiting for service AtCmdFwd...
08-04 13:39:36.415 10062 10075 I art     : Explicit concurrent mark sweep GC freed 1432(82KB) AllocSpace objects, 1(20KB) LOS objects, 31% free, 35MB/51MB, paused 1.058ms total 32.714ms
08-04 13:39:36.427 10062 10075 I art     : Starting a blocking GC Explicit
08-04 13:39:36.459 10062 10075 I art     : Explicit concurrent mark sweep GC freed 20(704B) AllocSpace objects, 0(0B) LOS objects, 31% free, 35MB/51MB, paused 993us total 31.955ms
08-04 13:39:36.471 10062 10075 I art     : Starting a blocking GC Explicit
08-04 13:39:36.504 10062 10075 I art     : Explicit concurrent mark sweep GC freed 3(96B) AllocSpace objects, 0(0B) LOS objects, 31% free, 35MB/51MB, paused 1.043ms total 32.662ms
08-04 13:39:36.516 10062 10075 I art     : Starting a blocking GC Explicit
08-04 13:39:36.550 10062 10075 I art     : Explicit concurrent mark sweep GC freed 3(96B) AllocSpace objects, 0(0B) LOS objects, 31% free, 35MB/51MB, paused 1.070ms total 34.494ms
08-04 13:39:36.562 10062 10075 I art     : Starting a blocking GC Explicit
08-04 13:39:36.597 10062 10075 I art     : Explicit concurrent mark sweep GC freed 3(96B) AllocSpace objects, 0(0B) LOS objects, 31% free, 35MB/51MB, paused 1.130ms total 34.477ms
08-04 13:39:36.982 10062 10096 I art     : Starting a blocking GC Explicit
08-04 13:39:37.021 10062 10096 I art     : Explicit concurrent mark sweep GC freed 1403(81KB) AllocSpace objects, 1(20KB) LOS objects, 31% free, 35MB/51MB, paused 1.039ms total 38.474ms
08-04 13:39:37.034 10062 10096 I art     : Starting a blocking GC Explicit
08-04 13:39:37.066 10062 10096 I art     : Explicit concurrent mark sweep GC freed 20(704B) AllocSpace objects, 0(0B) LOS objects, 31% free, 35MB/51MB, paused 1.041ms total 31.733ms
08-04 13:39:37.078 10062 10096 I art     : Starting a blocking GC Explicit
08-04 13:39:37.112 10062 10096 I art     : Explicit concurrent mark sweep GC freed 3(96B) AllocSpace objects, 0(0B) LOS objects, 31% free, 35MB/51MB, paused 1.065ms total 33.878ms
08-04 13:39:37.124 10062 10096 I art     : Starting a blocking GC Explicit
08-04 13:39:37.159 10062 10096 I art     : Explicit concurrent mark sweep GC freed 3(96B) AllocSpace objects, 0(0B) LOS objects, 31% free, 35MB/51MB, paused 1.169ms total 34.487ms
08-04 13:39:37.171 10062 10096 I art     : Starting a blocking GC Explicit
08-04 13:39:37.205 10062 10096 I art     : Explicit concurrent mark sweep GC freed 3(96B) AllocSpace objects, 0(0B) LOS objects, 31% free, 35MB/51MB, paused 994us total 33.721ms
08-04 13:39:37.205 10062 10073 I art     : WaitForGcToComplete blocked for 34.013ms for cause HeapTrim
08-04 13:39:37.397  6615  6615 I ServiceManager: Waiting for service AtCmdFwd...
08-04 13:39:37.594 10062 10074 I art     : Starting a blocking GC Explicit
08-04 13:39:37.632 10062 10074 I art     : Explicit concurrent mark sweep GC freed 1402(82KB) AllocSpace objects, 1(20KB) LOS objects, 31% free, 35MB/51MB, paused 1.094ms total 37.796ms
08-04 13:39:37.647 10062 10074 I art     : Starting a blocking GC Explicit
08-04 13:39:37.682 10062 10074 I art     : Explicit concurrent mark sweep GC freed 20(704B) AllocSpace objects, 0(0B) LOS objects, 31% free, 35MB/51MB, paused 1.082ms total 34.361ms
08-04 13:39:37.694 10062 10074 I art     : Starting a blocking GC Explicit
08-04 13:39:37.727 10062 10074 I art     : Explicit concurrent mark sweep GC freed 3(96B) AllocSpace objects, 0(0B) LOS objects, 31% free, 35MB/51MB, paused 1.147ms total 33.478ms
08-04 13:39:37.739 10062 10074 I art     : Starting a blocking GC Explicit
08-04 13:39:37.773 10062 10074 I art     : Explicit concurrent mark sweep GC freed 3(96B) AllocSpace objects, 0(0B) LOS objects, 31% free, 35MB/51MB, paused 1.061ms total 33.379ms
08-04 13:39:37.785 10062 10074 I art     : Starting a blocking GC Explicit
08-04 13:39:37.820 10062 10074 I art     : Explicit concurrent mark sweep GC freed 3(96B) AllocSpace objects, 0(0B) LOS objects, 31% free, 35MB/51MB, paused 1.006ms total 34.271ms
08-04 13:39:38.037 13866 13882 I PeriodicStatsRunner: PeriodicStatsRunner.call():175 call()
08-04 13:39:38.037 13866 13882 I PeriodicStatsRunner: PeriodicStatsRunner.call():179 No submit PeriodicStats since input started.
08-04 13:39:38.177 10062 10331 I art     : Starting a blocking GC Explicit
08-04 13:39:38.217 10062 10331 I art     : Explicit concurrent mark sweep GC freed 1402(81KB) AllocSpace objects, 1(20KB) LOS objects, 31% free, 35MB/51MB, paused 1.102ms total 39.576ms
08-04 13:39:38.232 10062 10331 I art     : Starting a blocking GC Explicit
08-04 13:39:38.271 10062 10331 I art     : Explicit concurrent mark sweep GC freed 20(704B) AllocSpace objects, 0(0B) LOS objects, 31% free, 35MB/51MB, paused 1.042ms total 38.944ms
08-04 13:39:38.283 10062 10331 I art     : Starting a blocking GC Explicit
08-04 13:39:38.317 10062 10331 I art     : Explicit concurrent mark sweep GC freed 3(96B) AllocSpace objects, 0(0B) LOS objects, 31% free, 35MB/51MB, paused 992us total 33.703ms
08-04 13:39:38.329 10062 10331 I art     : Starting a blocking GC Explicit
08-04 13:39:38.364 10062 10331 I art     : Explicit concurrent mark sweep GC freed 3(96B) AllocSpace objects, 0(0B) LOS objects, 31% free, 35MB/51MB, paused 1.135ms total 35.127ms
08-04 13:39:38.376 10062 10331 I art     : Starting a blocking GC Explicit
08-04 13:39:38.398  6615  6615 I ServiceManager: Waiting for service AtCmdFwd...
08-04 13:39:38.411 10062 10331 I art     : Explicit concurrent mark sweep GC freed 3(96B) AllocSpace objects, 0(0B) LOS objects, 31% free, 35MB/51MB, paused 1.050ms total 34.516ms
08-04 13:39:38.721   518   646 I ThermalEngine: ACTION: GPU - Setting GPU[0] to 510000000
08-04 13:39:38.797 10062 10075 I art     : Starting a blocking GC Explicit
08-04 13:39:38.831 10062 10075 I art     : Explicit concurrent mark sweep GC freed 1401(80KB) AllocSpace objects, 1(20KB) LOS objects, 31% free, 35MB/51MB, paused 834us total 33.696ms
08-04 13:39:38.844 10062 10075 I art     : Starting a blocking GC Explicit
08-04 13:39:38.871 10062 10075 I art     : Explicit concurrent mark sweep GC freed 20(704B) AllocSpace objects, 0(0B) LOS objects, 31% free, 35MB/51MB, paused 797us total 26.587ms
08-04 13:39:38.880 10062 10075 I art     : Starting a blocking GC Explicit
08-04 13:39:38.906 10062 10075 I art     : Explicit concurrent mark sweep GC freed 3(96B) AllocSpace objects, 0(0B) LOS objects, 31% free, 35MB/51MB, paused 780us total 26.212ms
08-04 13:39:38.916 10062 10075 I art     : Starting a blocking GC Explicit
08-04 13:39:38.941 10062 10075 I art     : Explicit concurrent mark sweep GC freed 3(96B) AllocSpace objects, 0(0B) LOS objects, 31% free, 35MB/51MB, paused 765us total 24.897ms
08-04 13:39:38.950 10062 10075 I art     : Starting a blocking GC Explicit
08-04 13:39:38.976 10062 10075 I art     : Explicit concurrent mark sweep GC freed 3(96B) AllocSpace objects, 0(0B) LOS objects, 31% free, 35MB/51MB, paused 784us total 25.364ms
08-04 13:39:39.337 10062 10096 I art     : Starting a blocking GC Explicit
08-04 13:39:39.374 10062 10096 I art     : Explicit concurrent mark sweep GC freed 1401(80KB) AllocSpace objects, 1(20KB) LOS objects, 31% free, 35MB/51MB, paused 870us total 36.642ms
08-04 13:39:39.388 10062 10096 I art     : Starting a blocking GC Explicit
08-04 13:39:39.398  6615  6615 W Atfwd_Sendcmd: AtCmdFwd service not published, waiting... retryCnt : 5
08-04 13:39:39.413 10062 10096 I art     : Explicit concurrent mark sweep GC freed 20(704B) AllocSpace objects, 0(0B) LOS objects, 31% free, 35MB/51MB, paused 767us total 24.735ms
08-04 13:39:39.422 10062 10096 I art     : Starting a blocking GC Explicit
08-04 13:39:39.447 10062 10096 I art     : Explicit concurrent mark sweep GC freed 3(96B) AllocSpace objects, 0(0B) LOS objects, 31% free, 35MB/51MB, paused 844us total 25.138ms
08-04 13:39:39.456 10062 10096 I art     : Starting a blocking GC Explicit
08-04 13:39:39.483 10062 10096 I art     : Explicit concurrent mark sweep GC freed 3(96B) AllocSpace objects, 0(0B) LOS objects, 31% free, 35MB/51MB, paused 783us total 26.055ms
08-04 13:39:39.492 10062 10096 I art     : Starting a blocking GC Explicit
08-04 13:39:39.518 10062 10096 I art     : Explicit concurrent mark sweep GC freed 3(96B) AllocSpace objects, 0(0B) LOS objects, 31% free, 35MB/51MB, paused 805us total 26.034ms
08-04 13:39:39.881 10062 10074 I art     : Starting a blocking GC Explicit
08-04 13:39:39.917 10062 10074 I art     : Explicit concurrent mark sweep GC freed 1402(81KB) AllocSpace objects, 1(20KB) LOS objects, 31% free, 35MB/51MB, paused 798us total 35.456ms
08-04 13:39:39.926 13866 13882 I PeriodicStatsRunner: PeriodicStatsRunner.call():175 call()
08-04 13:39:39.927 13866 13882 I PeriodicStatsRunner: PeriodicStatsRunner.call():179 No submit PeriodicStats since input started.
08-04 13:39:39.931 10062 10074 I art     : Starting a blocking GC Explicit
08-04 13:39:39.956 10062 10074 I art     : Explicit concurrent mark sweep GC freed 20(704B) AllocSpace objects, 0(0B) LOS objects, 31% free, 35MB/51MB, paused 776us total 25.397ms
08-04 13:39:39.965 10062 10074 I art     : Starting a blocking GC Explicit
08-04 13:39:39.991 10062 10074 I art     : Explicit concurrent mark sweep GC freed 3(96B) AllocSpace objects, 0(0B) LOS objects, 31% free, 35MB/51MB, paused 783us total 25.762ms
08-04 13:39:40.001 10062 10074 I art     : Starting a blocking GC Explicit
08-04 13:39:40.027 10062 10074 I art     : Explicit concurrent mark sweep GC freed 3(96B) AllocSpace objects, 0(0B) LOS objects, 31% free, 35MB/51MB, paused 893us total 25.979ms
08-04 13:39:40.036 10062 10074 I art     : Starting a blocking GC Explicit
08-04 13:39:40.061 10062 10074 I art     : Explicit concurrent mark sweep GC freed 3(96B) AllocSpace objects, 0(0B) LOS objects, 31% free, 35MB/51MB, paused 747us total 24.490ms
08-04 13:39:40.419 10062 10331 I art     : Starting a blocking GC Explicit
08-04 13:39:40.454 10062 10331 I art     : Explicit concurrent mark sweep GC freed 1401(80KB) AllocSpace objects, 1(20KB) LOS objects, 31% free, 35MB/51MB, paused 843us total 34.757ms
08-04 13:39:40.467 10062 10331 I art     : Starting a blocking GC Explicit
08-04 13:39:40.493 10062 10331 I art     : Explicit concurrent mark sweep GC freed 20(704B) AllocSpace objects, 0(0B) LOS objects, 31% free, 35MB/51MB, paused 776us total 25.880ms
08-04 13:39:40.503 10062 10331 I art     : Starting a blocking GC Explicit
08-04 13:39:40.528 10062 10331 I art     : Explicit concurrent mark sweep GC freed 3(96B) AllocSpace objects, 0(0B) LOS objects, 31% free, 35MB/51MB, paused 789us total 25.476ms
08-04 13:39:40.538 10062 10331 I art     : Starting a blocking GC Explicit
08-04 13:39:40.563 10062 10331 I art     : Explicit concurrent mark sweep GC freed 3(96B) AllocSpace objects, 0(0B) LOS objects, 31% free, 35MB/51MB, paused 778us total 25.438ms
08-04 13:39:40.573 10062 10331 I art     : Starting a blocking GC Explicit
08-04 13:39:40.598 10062 10331 I art     : Explicit concurrent mark sweep GC freed 3(96B) AllocSpace objects, 0(0B) LOS objects, 31% free, 35MB/51MB, paused 794us total 25.062ms
08-04 13:39:40.920 10062 10075 I art     : Starting a blocking GC Explicit
08-04 13:39:40.956 10062 10075 I art     : Explicit concurrent mark sweep GC freed 1401(80KB) AllocSpace objects, 1(20KB) LOS objects, 31% free, 35MB/51MB, paused 811us total 35.039ms
08-04 13:39:40.970 10062 10075 I art     : Starting a blocking GC Explicit
08-04 13:39:40.995 10062 10075 I art     : Explicit concurrent mark sweep GC freed 20(704B) AllocSpace objects, 0(0B) LOS objects, 31% free, 35MB/51MB, paused 782us total 25.468ms
08-04 13:39:41.005 10062 10075 I art     : Starting a blocking GC Explicit
08-04 13:39:41.030 10062 10075 I art     : Explicit concurrent mark sweep GC freed 3(96B) AllocSpace objects, 0(0B) LOS objects, 31% free, 35MB/51MB, paused 793us total 25.475ms
08-04 13:39:41.040 10062 10075 I art     : Starting a blocking GC Explicit
08-04 13:39:41.066 10062 10075 I art     : Explicit concurrent mark sweep GC freed 3(96B) AllocSpace objects, 0(0B) LOS objects, 31% free, 35MB/51MB, paused 772us total 25.734ms
08-04 13:39:41.075 10062 10075 I art     : Starting a blocking GC Explicit
08-04 13:39:41.101 10062 10075 I art     : Explicit concurrent mark sweep GC freed 3(96B) AllocSpace objects, 0(0B) LOS objects, 31% free, 35MB/51MB, paused 780us total 25.415ms
08-04 13:39:41.435 10062 10096 I art     : Starting a blocking GC Explicit
08-04 13:39:41.466 10062 10096 I art     : Explicit concurrent mark sweep GC freed 1401(80KB) AllocSpace objects, 1(20KB) LOS objects, 31% free, 35MB/51MB, paused 754us total 30.392ms
08-04 13:39:41.475 10062 10096 I art     : Starting a blocking GC Explicit
08-04 13:39:41.500 10062 10096 I art     : Explicit concurrent mark sweep GC freed 20(704B) AllocSpace objects, 0(0B) LOS objects, 31% free, 35MB/51MB, paused 769us total 25.089ms
08-04 13:39:41.509 10062 10096 I art     : Starting a blocking GC Explicit
08-04 13:39:41.535 10062 10096 I art     : Explicit concurrent mark sweep GC freed 3(96B) AllocSpace objects, 0(0B) LOS objects, 31% free, 35MB/51MB, paused 789us total 25.076ms
08-04 13:39:41.544 10062 10096 I art     : Starting a blocking GC Explicit
08-04 13:39:41.570 10062 10096 I art     : Explicit concurrent mark sweep GC freed 3(96B) AllocSpace objects, 0(0B) LOS objects, 31% free, 35MB/51MB, paused 790us total 26.175ms
08-04 13:39:41.580 10062 10096 I art     : Starting a blocking GC Explicit
08-04 13:39:41.604 10062 10096 I art     : Explicit concurrent mark sweep GC freed 3(96B) AllocSpace objects, 0(0B) LOS objects, 31% free, 35MB/51MB, paused 774us total 24.382ms
08-04 13:39:41.957 10062 10074 I art     : Starting a blocking GC Explicit
08-04 13:39:41.992 10062 10074 I art     : Explicit concurrent mark sweep GC freed 1401(80KB) AllocSpace objects, 1(20KB) LOS objects, 31% free, 35MB/51MB, paused 850us total 34.377ms
08-04 13:39:42.004 10062 10074 I art     : Starting a blocking GC Explicit
08-04 13:39:42.030 10062 10074 I art     : Explicit concurrent mark sweep GC freed 20(704B) AllocSpace objects, 0(0B) LOS objects, 31% free, 35MB/51MB, paused 881us total 25.659ms
08-04 13:39:42.040 10062 10074 I art     : Starting a blocking GC Explicit
08-04 13:39:42.066 10062 10074 I art     : Explicit concurrent mark sweep GC freed 3(96B) AllocSpace objects, 0(0B) LOS objects, 31% free, 35MB/51MB, paused 780us total 25.678ms
08-04 13:39:42.075 10062 10074 I art     : Starting a blocking GC Explicit
08-04 13:39:42.100 10062 10074 I art     : Explicit concurrent mark sweep GC freed 3(96B) AllocSpace objects, 0(0B) LOS objects, 31% free, 35MB/51MB, paused 775us total 25.183ms
08-04 13:39:42.110 10062 10074 I art     : Starting a blocking GC Explicit
08-04 13:39:42.135 10062 10074 I art     : Explicit concurrent mark sweep GC freed 3(96B) AllocSpace objects, 0(0B) LOS objects, 31% free, 35MB/51MB, paused 795us total 25.264ms
08-04 13:39:42.497 10062 10331 I art     : Starting a blocking GC Explicit
08-04 13:39:42.537 10062 10331 I art     : Explicit concurrent mark sweep GC freed 1401(80KB) AllocSpace objects, 1(20KB) LOS objects, 31% free, 35MB/51MB, paused 1.028ms total 39.154ms
08-04 13:39:42.549 10062 10331 I art     : Starting a blocking GC Explicit
08-04 13:39:42.574 10062 10331 I art     : Explicit concurrent mark sweep GC freed 20(704B) AllocSpace objects, 0(0B) LOS objects, 31% free, 35MB/51MB, paused 751us total 24.714ms
08-04 13:39:42.583 10062 10331 I art     : Starting a blocking GC Explicit
08-04 13:39:42.609 10062 10331 I art     : Explicit concurrent mark sweep GC freed 3(96B) AllocSpace objects, 0(0B) LOS objects, 31% free, 35MB/51MB, paused 785us total 25.475ms
08-04 13:39:42.618 10062 10331 I art     : Starting a blocking GC Explicit
08-04 13:39:42.644 10062 10331 I art     : Explicit concurrent mark sweep GC freed 3(96B) AllocSpace objects, 0(0B) LOS objects, 31% free, 35MB/51MB, paused 780us total 25.707ms
08-04 13:39:42.645 10062 10073 I art     : WaitForGcToComplete blocked for 12.063ms for cause HeapTrim
08-04 13:39:42.654 10062 10331 I art     : Starting a blocking GC Explicit
08-04 13:39:42.680 10062 10331 I art     : Explicit concurrent mark sweep GC freed 3(96B) AllocSpace objects, 0(0B) LOS objects, 31% free, 35MB/51MB, paused 768us total 25.944ms
08-04 13:39:42.954   918  3261 D WifiStateMachine: starting scan for "H369AA63323"WPA_PSK with 2412,5180
08-04 13:39:43.032 10062 10075 I art     : Starting a blocking GC Explicit
08-04 13:39:43.065 10062 10075 I art     : Explicit concurrent mark sweep GC freed 1401(80KB) AllocSpace objects, 1(20KB) LOS objects, 31% free, 35MB/51MB, paused 837us total 32.298ms
08-04 13:39:43.078 10062 10075 I art     : Starting a blocking GC Explicit
08-04 13:39:43.104 10062 10075 I art     : Explicit concurrent mark sweep GC freed 20(704B) AllocSpace objects, 0(0B) LOS objects, 31% free, 35MB/51MB, paused 769us total 25.505ms
08-04 13:39:43.113 10062 10075 I art     : Starting a blocking GC Explicit
08-04 13:39:43.139 10062 10075 I art     : Explicit concurrent mark sweep GC freed 3(96B) AllocSpace objects, 0(0B) LOS objects, 31% free, 35MB/51MB, paused 801us total 25.760ms
08-04 13:39:43.149 10062 10075 I art     : Starting a blocking GC Explicit
08-04 13:39:43.175 10062 10075 I art     : Explicit concurrent mark sweep GC freed 3(96B) AllocSpace objects, 0(0B) LOS objects, 31% free, 35MB/51MB, paused 779us total 25.890ms
08-04 13:39:43.184 10062 10075 I art     : Starting a blocking GC Explicit
08-04 13:39:43.209 10062 10075 I art     : Explicit concurrent mark sweep GC freed 3(96B) AllocSpace objects, 0(0B) LOS objects, 31% free, 35MB/51MB, paused 765us total 25.070ms
08-04 13:39:43.561 10062 10096 I art     : Starting a blocking GC Explicit
08-04 13:39:43.594 10062 10096 I art     : Explicit concurrent mark sweep GC freed 1401(80KB) AllocSpace objects, 1(20KB) LOS objects, 31% free, 35MB/51MB, paused 840us total 32.599ms
08-04 13:39:43.606 10062 10096 I art     : Starting a blocking GC Explicit
08-04 13:39:43.633 10062 10096 I art     : Explicit concurrent mark sweep GC freed 20(704B) AllocSpace objects, 0(0B) LOS objects, 31% free, 35MB/51MB, paused 773us total 25.870ms
08-04 13:39:43.642 10062 10096 I art     : Starting a blocking GC Explicit
08-04 13:39:43.668 10062 10096 I art     : Explicit concurrent mark sweep GC freed 3(96B) AllocSpace objects, 0(0B) LOS objects, 31% free, 35MB/51MB, paused 799us total 26.154ms
08-04 13:39:43.678 10062 10096 I art     : Starting a blocking GC Explicit
08-04 13:39:43.703 10062 10096 I art     : Explicit concurrent mark sweep GC freed 3(96B) AllocSpace objects, 0(0B) LOS objects, 31% free, 35MB/51MB, paused 741us total 24.907ms
08-04 13:39:43.712 10062 10096 I art     : Starting a blocking GC Explicit
08-04 13:39:43.738 10062 10096 I art     : Explicit concurrent mark sweep GC freed 3(96B) AllocSpace objects, 0(0B) LOS objects, 31% free, 35MB/51MB, paused 871us total 25.541ms
08-04 13:39:44.093 10062 10074 I art     : Starting a blocking GC Explicit
08-04 13:39:44.123 10062 10074 I art     : Explicit concurrent mark sweep GC freed 1402(80KB) AllocSpace objects, 1(20KB) LOS objects, 31% free, 35MB/51MB, paused 783us total 30.039ms
08-04 13:39:44.132 10062 10074 I art     : Starting a blocking GC Explicit
08-04 13:39:44.158 10062 10074 I art     : Explicit concurrent mark sweep GC freed 20(704B) AllocSpace objects, 0(0B) LOS objects, 31% free, 35MB/51MB, paused 812us total 25.244ms
08-04 13:39:44.167 10062 10074 I art     : Starting a blocking GC Explicit
08-04 13:39:44.191 10062 10074 I art     : Explicit concurrent mark sweep GC freed 3(96B) AllocSpace objects, 0(0B) LOS objects, 31% free, 35MB/51MB, paused 778us total 24.274ms
08-04 13:39:44.201 10062 10074 I art     : Starting a blocking GC Explicit
08-04 13:39:44.226 10062 10074 I art     : Explicit concurrent mark sweep GC freed 3(96B) AllocSpace objects, 0(0B) LOS objects, 31% free, 35MB/51MB, paused 770us total 25.185ms
08-04 13:39:44.235 10062 10074 I art     : Starting a blocking GC Explicit
08-04 13:39:44.261 10062 10074 I art     : Explicit concurrent mark sweep GC freed 3(96B) AllocSpace objects, 0(0B) LOS objects, 31% free, 35MB/51MB, paused 790us total 25.326ms
08-04 13:39:44.613 10062 10331 I art     : Starting a blocking GC Explicit
08-04 13:39:44.646 10062 10331 I art     : Explicit concurrent mark sweep GC freed 1401(80KB) AllocSpace objects, 1(20KB) LOS objects, 31% free, 35MB/51MB, paused 1.040ms total 32.460ms
08-04 13:39:44.658 10062 10331 I art     : Starting a blocking GC Explicit
08-04 13:39:44.682 10062 10331 I art     : Explicit concurrent mark sweep GC freed 20(704B) AllocSpace objects, 0(0B) LOS objects, 31% free, 35MB/51MB, paused 753us total 23.645ms
08-04 13:39:44.691 10062 10331 I art     : Starting a blocking GC Explicit
08-04 13:39:44.716 10062 10331 I art     : Explicit concurrent mark sweep GC freed 3(96B) AllocSpace objects, 0(0B) LOS objects, 31% free, 35MB/51MB, paused 769us total 25.231ms
08-04 13:39:44.725 10062 10331 I art     : Starting a blocking GC Explicit
08-04 13:39:44.751 10062 10331 I art     : Explicit concurrent mark sweep GC freed 3(96B) AllocSpace objects, 0(0B) LOS objects, 31% free, 35MB/51MB, paused 796us total 25.447ms
08-04 13:39:44.761 10062 10331 I art     : Starting a blocking GC Explicit
08-04 13:39:44.786 10062 10331 I art     : Explicit concurrent mark sweep GC freed 3(96B) AllocSpace objects, 0(0B) LOS objects, 31% free, 35MB/51MB, paused 740us total 25.293ms
08-04 13:39:45.087 10062 10075 I art     : Starting a blocking GC Explicit
08-04 13:39:45.112 10062 10075 I art     : Explicit concurrent mark sweep GC freed 1401(80KB) AllocSpace objects, 1(20KB) LOS objects, 31% free, 35MB/51MB, paused 806us total 25.548ms
08-04 13:39:45.122 10062 10075 I art     : Starting a blocking GC Explicit
08-04 13:39:45.147 10062 10075 I art     : Explicit concurrent mark sweep GC freed 20(704B) AllocSpace objects, 0(0B) LOS objects, 31% free, 35MB/51MB, paused 1.467ms total 25.335ms
08-04 13:39:45.156 10062 10075 I art     : Starting a blocking GC Explicit
08-04 13:39:45.180 10062 10075 I art     : Explicit concurrent mark sweep GC freed 3(96B) AllocSpace objects, 0(0B) LOS objects, 31% free, 35MB/51MB, paused 796us total 24.007ms
08-04 13:39:45.189 10062 10075 I art     : Starting a blocking GC Explicit
08-04 13:39:45.213 10062 10075 I art     : Explicit concurrent mark sweep GC freed 3(96B) AllocSpace objects, 0(0B) LOS objects, 31% free, 35MB/51MB, paused 777us total 24.196ms
08-04 13:39:45.222 10062 10075 I art     : Starting a blocking GC Explicit
08-04 13:39:45.247 10062 10075 I art     : Explicit concurrent mark sweep GC freed 3(96B) AllocSpace objects, 0(0B) LOS objects, 31% free, 35MB/51MB, paused 873us total 24.484ms
08-04 13:39:45.344 11904 11904 D AndroidRuntime: >>>>>> START com.android.internal.os.RuntimeInit uid 2000 <<<<<<
08-04 13:39:45.349 11904 11904 D AndroidRuntime: CheckJNI is OFF
08-04 13:39:45.387 11904 11904 D ICU     : No timezone override file found: /data/misc/zoneinfo/current/icu/icu_tzdata.dat
08-04 13:39:45.423 11904 11904 I Radio-JNI: register_android_hardware_Radio DONE
08-04 13:39:45.445 11904 11904 D AndroidRuntime: Calling main entry com.android.commands.input.Input
08-04 13:39:45.447 11904 11904 I Input   : injectMotionEvent: MotionEvent { action=ACTION_DOWN, actionButton=0, id[0]=0, x[0]=436.0, y[0]=453.0, toolType[0]=TOOL_TYPE_UNKNOWN, buttonState=0, metaState=0, flags=0x0, edgeFlags=0x0, pointerCount=1, historySize=0, eventTime=711601860, downTime=711601860, deviceId=0, source=0x1002 }
08-04 13:39:45.453 11904 11904 I Input   : injectMotionEvent: MotionEvent { action=ACTION_UP, actionButton=0, id[0]=0, x[0]=436.0, y[0]=453.0, toolType[0]=TOOL_TYPE_UNKNOWN, buttonState=0, metaState=0, flags=0x0, edgeFlags=0x0, pointerCount=1, historySize=0, eventTime=711601860, downTime=711601860, deviceId=0, source=0x1002 }
08-04 13:39:45.456 11904 11904 D AndroidRuntime: Shutting down VM
08-04 13:39:45.461   512  2967 D audio_hw_primary: out_set_parameters: enter: usecase(1: low-latency-playback) kvpairs: routing=2
08-04 13:39:45.462   918  5481 I ActivityManager: START u0 {cmp=baseline.com.newsblur/.activity.AllSharedStoriesReading (has extras)} from uid 10652 on display 0
08-04 13:39:45.474   512  2967 D audio_hw_primary: select_devices: out_snd_device(2: speaker) in_snd_device(0: none)
08-04 13:39:45.474   512  2967 D msm8974_platform: platform_send_audio_calibration: sending audio calibration for snd_device(2) acdb_id(15)
08-04 13:39:45.474   512  2967 I soundtrigger: audio_extn_sound_trigger_update_device_status: device 0x2 of type 0 for Event 1
08-04 13:39:45.486   512  2967 D audio_hw_primary: enable_snd_device: snd_device(2: speaker)
08-04 13:39:45.488   512  2967 D audio_hw_primary: enable_audio_route: apply and update mixer path: low-latency-playback speaker
08-04 13:39:45.569 10062 10096 I art     : Starting a blocking GC Explicit
08-04 13:39:45.594 10062 10096 I art     : Explicit concurrent mark sweep GC freed 2998(239KB) AllocSpace objects, 6(580KB) LOS objects, 30% free, 37MB/53MB, paused 767us total 24.268ms
08-04 13:39:45.602 10062 10096 I art     : Starting a blocking GC Explicit
08-04 13:39:45.629 10062 10096 I art     : Explicit concurrent mark sweep GC freed 587(46KB) AllocSpace objects, 1(20KB) LOS objects, 30% free, 37MB/53MB, paused 872us total 26ms
08-04 13:39:45.637 10062 10096 I art     : Starting a blocking GC Explicit
08-04 13:39:45.661 10062 10096 I art     : Explicit concurrent mark sweep GC freed 487(40KB) AllocSpace objects, 1(20KB) LOS objects, 29% free, 39MB/55MB, paused 840us total 23.586ms
08-04 13:39:45.663 13866 13866 I GoogleInputMethodServic: GoogleInputMethodService.onFinishInput():3138 
08-04 13:39:45.664 13866 13866 I GoogleInputMethodServic: GoogleInputMethodService.onStartInput():1808 
08-04 13:39:45.670 10062 10096 I art     : Starting a blocking GC Explicit
08-04 13:39:45.686   918   936 I ActivityManager: Displayed baseline.com.newsblur/.activity.AllSharedStoriesReading: +215ms
08-04 13:39:45.695 10062 10096 I art     : Explicit concurrent mark sweep GC freed 702(32KB) AllocSpace objects, 0(0B) LOS objects, 29% free, 39MB/55MB, paused 950us total 24.789ms
08-04 13:39:45.700   918  3696 D ConnectivityService: listenForNetwork for Listen from uid/pid:10652/10062 for NetworkRequest [ id=2679, legacyType=-1, [ Capabilities: INTERNET&NOT_RESTRICTED&TRUSTED] ]
08-04 13:39:45.704 10062 10096 I art     : Starting a blocking GC Explicit
08-04 13:39:45.729 10062 10096 I art     : Explicit concurrent mark sweep GC freed 1179(75KB) AllocSpace objects, 1(20KB) LOS objects, 28% free, 40MB/56MB, paused 1.216ms total 24.975ms
08-04 13:39:45.858 10062 10678 E chromium: [ERROR:tile_manager.cc(793)] WARNING: tile memory limits exceeded, some content may not draw
08-04 13:39:45.859 10062 10678 E chromium: [ERROR:tile_manager.cc(793)] WARNING: tile memory limits exceeded, some content may not draw
08-04 13:39:45.875 10062 10678 E chromium: [ERROR:tile_manager.cc(793)] WARNING: tile memory limits exceeded, some content may not draw
08-04 13:39:45.875 10062 10678 E chromium: [ERROR:tile_manager.cc(793)] WARNING: tile memory limits exceeded, some content may not draw
08-04 13:39:46.006 10062 10074 I art     : Starting a blocking GC Explicit
08-04 13:39:46.029   512  2967 D audio_hw_primary: disable_audio_route: reset and update mixer path: low-latency-playback speaker
08-04 13:39:46.030   512  2967 D audio_hw_primary: disable_snd_device: snd_device(2: speaker)
08-04 13:39:46.036 10062 10074 I art     : Explicit concurrent mark sweep GC freed 3476(323KB) AllocSpace objects, 2(40KB) LOS objects, 28% free, 40MB/56MB, paused 768us total 29.039ms
08-04 13:39:46.038   512  2967 I soundtrigger: audio_extn_sound_trigger_update_device_status: device 0x2 of type 0 for Event 0
08-04 13:39:46.046 10062 10074 I art     : Starting a blocking GC Explicit
08-04 13:39:46.073 10062 10074 I art     : Explicit concurrent mark sweep GC freed 1016(66KB) AllocSpace objects, 0(0B) LOS objects, 28% free, 40MB/56MB, paused 1.046ms total 26.718ms
08-04 13:39:46.083 10062 10074 I art     : Starting a blocking GC Explicit
08-04 13:39:46.107 10062 10074 I art     : Explicit concurrent mark sweep GC freed 96(15KB) AllocSpace objects, 2(48KB) LOS objects, 28% free, 40MB/56MB, paused 926us total 23.833ms
08-04 13:39:46.113 10062 10678 E chromium: [ERROR:tile_manager.cc(793)] WARNING: tile memory limits exceeded, some content may not draw
08-04 13:39:46.116 10062 10074 I art     : Starting a blocking GC Explicit
08-04 13:39:46.116 10062 10678 E chromium: [ERROR:tile_manager.cc(793)] WARNING: tile memory limits exceeded, some content may not draw
08-04 13:39:46.118 10062 10678 E chromium: [ERROR:tile_manager.cc(793)] WARNING: tile memory limits exceeded, some content may not draw
08-04 13:39:46.119 10062 10678 E chromium: [ERROR:tile_manager.cc(793)] WARNING: tile memory limits exceeded, some content may not draw
08-04 13:39:46.142 10062 10074 I art     : Explicit concurrent mark sweep GC freed 21(736B) AllocSpace objects, 0(0B) LOS objects, 28% free, 40MB/56MB, paused 762us total 25.854ms
08-04 13:39:46.151 10062 10074 I art     : Starting a blocking GC Explicit
08-04 13:39:46.174 10062 10074 I art     : Explicit concurrent mark sweep GC freed 5(176B) AllocSpace objects, 0(0B) LOS objects, 28% free, 40MB/56MB, paused 750us total 23.028ms
08-04 13:39:46.507 10062 10331 I art     : Starting a blocking GC Explicit
08-04 13:39:46.538 10062 10331 I art     : Explicit concurrent mark sweep GC freed 1402(80KB) AllocSpace objects, 1(20KB) LOS objects, 28% free, 40MB/56MB, paused 940us total 30.446ms
08-04 13:39:46.551 10062 10331 I art     : Starting a blocking GC Explicit
08-04 13:39:46.578 10062 10331 I art     : Explicit concurrent mark sweep GC freed 20(704B) AllocSpace objects, 0(0B) LOS objects, 28% free, 40MB/56MB, paused 808us total 26.737ms
08-04 13:39:46.588 10062 10331 I art     : Starting a blocking GC Explicit
08-04 13:39:46.613 10062 10331 I art     : Explicit concurrent mark sweep GC freed 3(96B) AllocSpace objects, 0(0B) LOS objects, 28% free, 40MB/56MB, paused 770us total 24.671ms
08-04 13:39:46.622 10062 10331 I art     : Starting a blocking GC Explicit
08-04 13:39:46.648 10062 10331 I art     : Explicit concurrent mark sweep GC freed 3(96B) AllocSpace objects, 0(0B) LOS objects, 28% free, 40MB/56MB, paused 769us total 26.234ms
08-04 13:39:46.657 10062 10331 I art     : Starting a blocking GC Explicit
08-04 13:39:46.681 10062 10331 I art     : Explicit concurrent mark sweep GC freed 3(96B) AllocSpace objects, 0(0B) LOS objects, 28% free, 40MB/56MB, paused 717us total 24.084ms
08-04 13:39:46.962 10062 10678 E chromium: [ERROR:tile_manager.cc(793)] WARNING: tile memory limits exceeded, some content may not draw
08-04 13:39:46.971 10062 10678 E chromium: [ERROR:tile_manager.cc(793)] WARNING: tile memory limits exceeded, some content may not draw
08-04 13:39:46.985 10062 10075 I art     : Starting a blocking GC Explicit
08-04 13:39:47.013 10062 10075 I art     : Explicit concurrent mark sweep GC freed 1417(81KB) AllocSpace objects, 1(20KB) LOS objects, 28% free, 40MB/56MB, paused 690us total 27.912ms
08-04 13:39:47.022 10062 10075 I art     : Starting a blocking GC Explicit
08-04 13:39:47.048 10062 10075 I art     : Explicit concurrent mark sweep GC freed 28(960B) AllocSpace objects, 0(0B) LOS objects, 28% free, 40MB/56MB, paused 702us total 25.856ms
08-04 13:39:47.057 10062 10075 I art     : Starting a blocking GC Explicit
08-04 13:39:47.083 10062 10075 I art     : Explicit concurrent mark sweep GC freed 11(352B) AllocSpace objects, 0(0B) LOS objects, 28% free, 40MB/56MB, paused 675us total 25.511ms
08-04 13:39:47.093 10062 10075 I art     : Starting a blocking GC Explicit
08-04 13:39:47.121 10062 10075 I art     : Explicit concurrent mark sweep GC freed 12(384B) AllocSpace objects, 0(0B) LOS objects, 28% free, 40MB/56MB, paused 800us total 28.267ms
08-04 13:39:47.133 10062 10075 I art     : Starting a blocking GC Explicit
08-04 13:39:47.165 10062 10075 I art     : Explicit concurrent mark sweep GC freed 14(448B) AllocSpace objects, 0(0B) LOS objects, 28% free, 40MB/56MB, paused 703us total 31.599ms
08-04 13:39:47.511 10062 10074 I art     : Starting a blocking GC Explicit
08-04 13:39:47.554 10062 10074 I art     : Explicit concurrent mark sweep GC freed 1409(81KB) AllocSpace objects, 1(20KB) LOS objects, 28% free, 40MB/56MB, paused 925us total 42.545ms
08-04 13:39:47.569 10062 10074 I art     : Starting a blocking GC Explicit
08-04 13:39:47.596 10062 10074 I art     : Explicit concurrent mark sweep GC freed 20(704B) AllocSpace objects, 0(0B) LOS objects, 28% free, 40MB/56MB, paused 765us total 26.254ms
08-04 13:39:47.605 10062 10074 I art     : Starting a blocking GC Explicit
08-04 13:39:47.633 10062 10074 I art     : Explicit concurrent mark sweep GC freed 3(96B) AllocSpace objects, 0(0B) LOS objects, 28% free, 40MB/56MB, paused 788us total 27.586ms
08-04 13:39:47.642 10062 10074 I art     : Starting a blocking GC Explicit
08-04 13:39:47.670 10062 10074 I art     : Explicit concurrent mark sweep GC freed 3(96B) AllocSpace objects, 0(0B) LOS objects, 28% free, 40MB/56MB, paused 804us total 27.751ms
08-04 13:39:47.680 10062 10074 I art     : Starting a blocking GC Explicit
08-04 13:39:47.708 10062 10074 I art     : Explicit concurrent mark sweep GC freed 3(96B) AllocSpace objects, 0(0B) LOS objects, 28% free, 40MB/56MB, paused 780us total 27.594ms
08-04 13:39:47.708 10062 10073 I art     : WaitForGcToComplete blocked for 27.315ms for cause HeapTrim
08-04 13:39:48.077 10062 10075 I art     : Starting a blocking GC Explicit
08-04 13:39:48.108 10062 10075 I art     : Explicit concurrent mark sweep GC freed 1404(81KB) AllocSpace objects, 1(20KB) LOS objects, 28% free, 40MB/56MB, paused 888us total 29.664ms
08-04 13:39:48.117 10062 10075 I art     : Starting a blocking GC Explicit
08-04 13:39:48.146 10062 10075 I art     : Explicit concurrent mark sweep GC freed 20(704B) AllocSpace objects, 0(0B) LOS objects, 28% free, 40MB/56MB, paused 796us total 28.332ms
08-04 13:39:48.156 10062 10075 I art     : Starting a blocking GC Explicit
08-04 13:39:48.184 10062 10075 I art     : Explicit concurrent mark sweep GC freed 3(96B) AllocSpace objects, 0(0B) LOS objects, 28% free, 40MB/56MB, paused 787us total 28.517ms
08-04 13:39:48.194 10062 10075 I art     : Starting a blocking GC Explicit
08-04 13:39:48.222 10062 10075 I art     : Explicit concurrent mark sweep GC freed 3(96B) AllocSpace objects, 0(0B) LOS objects, 28% free, 40MB/56MB, paused 804us total 27.907ms
08-04 13:39:48.232 10062 10075 I art     : Starting a blocking GC Explicit
08-04 13:39:48.260 10062 10075 I art     : Explicit concurrent mark sweep GC freed 3(96B) AllocSpace objects, 0(0B) LOS objects, 28% free, 40MB/56MB, paused 921us total 28.319ms
08-04 13:39:48.623 10062 10096 I art     : Starting a blocking GC Explicit
08-04 13:39:48.657   918 13198 D NetlinkSocketObserver: NeighborEvent{elapsedMs=1694992532, 192.168.2.254, [7C3953A63323], RTM_NEWNEIGH, NUD_PROBE}
08-04 13:39:48.666 10062 10096 I art     : Explicit concurrent mark sweep GC freed 1404(81KB) AllocSpace objects, 1(20KB) LOS objects, 28% free, 40MB/56MB, paused 847us total 42.700ms
08-04 13:39:48.680 10062 10096 I art     : Starting a blocking GC Explicit
08-04 13:39:48.707 10062 10096 I art     : Explicit concurrent mark sweep GC freed 20(704B) AllocSpace objects, 0(0B) LOS objects, 28% free, 40MB/56MB, paused 880us total 26.834ms
08-04 13:39:48.717 10062 10096 I art     : Starting a blocking GC Explicit
08-04 13:39:48.720   918  3188 I hubconnection: sensorhub said: 'set_bias 3: -5.5680, 0.0000, 0.0000'
08-04 13:39:48.744 10062 10096 I art     : Explicit concurrent mark sweep GC freed 3(96B) AllocSpace objects, 0(0B) LOS objects, 28% free, 40MB/56MB, paused 785us total 27.538ms
08-04 13:39:48.754 10062 10096 I art     : Starting a blocking GC Explicit
08-04 13:39:48.782 10062 10096 I art     : Explicit concurrent mark sweep GC freed 3(96B) AllocSpace objects, 0(0B) LOS objects, 28% free, 40MB/56MB, paused 824us total 28.042ms
08-04 13:39:48.792 10062 10096 I art     : Starting a blocking GC Explicit
08-04 13:39:48.819 10062 10096 I art     : Explicit concurrent mark sweep GC freed 3(96B) AllocSpace objects, 0(0B) LOS objects, 28% free, 40MB/56MB, paused 790us total 27.430ms
08-04 13:39:49.193 10062 10331 I art     : Starting a blocking GC Explicit
08-04 13:39:49.231 10062 10331 I art     : Explicit concurrent mark sweep GC freed 1404(81KB) AllocSpace objects, 1(20KB) LOS objects, 28% free, 40MB/56MB, paused 874us total 37.705ms
08-04 13:39:49.244 10062 10331 I art     : Starting a blocking GC Explicit
08-04 13:39:49.275 10062 10331 I art     : Explicit concurrent mark sweep GC freed 20(704B) AllocSpace objects, 0(0B) LOS objects, 28% free, 40MB/56MB, paused 799us total 29.961ms
08-04 13:39:49.284 10062 10331 I art     : Starting a blocking GC Explicit
08-04 13:39:49.313 10062 10331 I art     : Explicit concurrent mark sweep GC freed 3(96B) AllocSpace objects, 0(0B) LOS objects, 28% free, 40MB/56MB, paused 771us total 28.108ms
08-04 13:39:49.322 10062 10331 I art     : Starting a blocking GC Explicit
08-04 13:39:49.351 10062 10331 I art     : Explicit concurrent mark sweep GC freed 3(96B) AllocSpace objects, 0(0B) LOS objects, 28% free, 40MB/56MB, paused 798us total 28.226ms
08-04 13:39:49.360 10062 10331 I art     : Starting a blocking GC Explicit
08-04 13:39:49.388 10062 10331 I art     : Explicit concurrent mark sweep GC freed 3(96B) AllocSpace objects, 0(0B) LOS objects, 28% free, 40MB/56MB, paused 826us total 27.931ms
08-04 13:39:49.748 10062 10074 I art     : Starting a blocking GC Explicit
08-04 13:39:49.784 10062 10074 I art     : Explicit concurrent mark sweep GC freed 1404(81KB) AllocSpace objects, 1(20KB) LOS objects, 28% free, 40MB/56MB, paused 848us total 35.667ms
08-04 13:39:49.797 10062 10074 I art     : Starting a blocking GC Explicit
08-04 13:39:49.824 10062 10074 I art     : Explicit concurrent mark sweep GC freed 20(704B) AllocSpace objects, 0(0B) LOS objects, 28% free, 40MB/56MB, paused 790us total 27.469ms
08-04 13:39:49.834 10062 10074 I art     : Starting a blocking GC Explicit
08-04 13:39:49.862 10062 10074 I art     : Explicit concurrent mark sweep GC freed 3(96B) AllocSpace objects, 0(0B) LOS objects, 28% free, 40MB/56MB, paused 806us total 27.962ms
08-04 13:39:49.872 10062 10074 I art     : Starting a blocking GC Explicit
08-04 13:39:49.900 10062 10074 I art     : Explicit concurrent mark sweep GC freed 3(96B) AllocSpace objects, 0(0B) LOS objects, 28% free, 40MB/56MB, paused 772us total 28.340ms
08-04 13:39:49.910 10062 10074 I art     : Starting a blocking GC Explicit
08-04 13:39:49.937 10062 10074 I art     : Explicit concurrent mark sweep GC freed 3(96B) AllocSpace objects, 0(0B) LOS objects, 28% free, 40MB/56MB, paused 850us total 27.355ms
08-04 13:39:50.305 10062 10075 I art     : Starting a blocking GC Explicit
08-04 13:39:50.343 10062 10075 I art     : Explicit concurrent mark sweep GC freed 1402(80KB) AllocSpace objects, 1(20KB) LOS objects, 28% free, 40MB/56MB, paused 879us total 37.162ms
08-04 13:39:50.356 10062 10075 I art     : Starting a blocking GC Explicit
08-04 13:39:50.384 10062 10075 I art     : Explicit concurrent mark sweep GC freed 20(704B) AllocSpace objects, 0(0B) LOS objects, 28% free, 40MB/56MB, paused 809us total 28.606ms
08-04 13:39:50.394 10062 10075 I art     : Starting a blocking GC Explicit
08-04 13:39:50.423 10062 10075 I art     : Explicit concurrent mark sweep GC freed 3(96B) AllocSpace objects, 0(0B) LOS objects, 28% free, 40MB/56MB, paused 796us total 28.336ms
08-04 13:39:50.432 10062 10075 I art     : Starting a blocking GC Explicit
08-04 13:39:50.460 10062 10075 I art     : Explicit concurrent mark sweep GC freed 3(96B) AllocSpace objects, 0(0B) LOS objects, 28% free, 40MB/56MB, paused 798us total 27.437ms
08-04 13:39:50.470 10062 10075 I art     : Starting a blocking GC Explicit
08-04 13:39:50.499 10062 10075 I art     : Explicit concurrent mark sweep GC freed 3(96B) AllocSpace objects, 0(0B) LOS objects, 28% free, 40MB/56MB, paused 820us total 28.932ms
08-04 13:39:50.664 13866 13882 I PeriodicStatsRunner: PeriodicStatsRunner.call():175 call()
08-04 13:39:50.664 13866 13882 I PeriodicStatsRunner: PeriodicStatsRunner.call():179 No submit PeriodicStats since input started.
08-04 13:39:50.858 10062 10096 I art     : Starting a blocking GC Explicit
08-04 13:39:50.900 10062 10096 I art     : Explicit concurrent mark sweep GC freed 1402(80KB) AllocSpace objects, 1(20KB) LOS objects, 28% free, 40MB/56MB, paused 984us total 41.738ms
08-04 13:39:50.914 10062 10096 I art     : Starting a blocking GC Explicit
08-04 13:39:50.943 10062 10096 I art     : Explicit concurrent mark sweep GC freed 20(704B) AllocSpace objects, 0(0B) LOS objects, 28% free, 40MB/56MB, paused 802us total 28.551ms
08-04 13:39:50.952 10062 10096 I art     : Starting a blocking GC Explicit
08-04 13:39:50.981 10062 10096 I art     : Explicit concurrent mark sweep GC freed 3(96B) AllocSpace objects, 0(0B) LOS objects, 28% free, 40MB/56MB, paused 821us total 28.346ms
08-04 13:39:50.990 10062 10096 I art     : Starting a blocking GC Explicit
08-04 13:39:51.019 10062 10096 I art     : Explicit concurrent mark sweep GC freed 3(96B) AllocSpace objects, 0(0B) LOS objects, 28% free, 40MB/56MB, paused 813us total 28.503ms
08-04 13:39:51.029 10062 10096 I art     : Starting a blocking GC Explicit
08-04 13:39:51.056 10062 10096 I art     : Explicit concurrent mark sweep GC freed 3(96B) AllocSpace objects, 0(0B) LOS objects, 28% free, 40MB/56MB, paused 780us total 26.894ms
08-04 13:39:51.413 10062 10331 I art     : Starting a blocking GC Explicit
08-04 13:39:51.451 10062 10331 I art     : Explicit concurrent mark sweep GC freed 1402(80KB) AllocSpace objects, 1(20KB) LOS objects, 28% free, 40MB/56MB, paused 815us total 37.515ms
08-04 13:39:51.464 10062 10331 I art     : Starting a blocking GC Explicit
08-04 13:39:51.492 10062 10331 I art     : Explicit concurrent mark sweep GC freed 20(704B) AllocSpace objects, 0(0B) LOS objects, 28% free, 40MB/56MB, paused 769us total 27.903ms
08-04 13:39:51.501 10062 10331 I art     : Starting a blocking GC Explicit
08-04 13:39:51.530 10062 10331 I art     : Explicit concurrent mark sweep GC freed 3(96B) AllocSpace objects, 0(0B) LOS objects, 28% free, 40MB/56MB, paused 796us total 28.343ms
08-04 13:39:51.540 10062 10331 I art     : Starting a blocking GC Explicit
08-04 13:39:51.568 10062 10331 I art     : Explicit concurrent mark sweep GC freed 3(96B) AllocSpace objects, 0(0B) LOS objects, 28% free, 40MB/56MB, paused 835us total 27.604ms
08-04 13:39:51.577 10062 10331 I art     : Starting a blocking GC Explicit
08-04 13:39:51.605 10062 10331 I art     : Explicit concurrent mark sweep GC freed 3(96B) AllocSpace objects, 0(0B) LOS objects, 28% free, 40MB/56MB, paused 807us total 27.284ms
08-04 13:39:51.949 10062 10074 I art     : Starting a blocking GC Explicit
08-04 13:39:51.987 10062 10074 I art     : Explicit concurrent mark sweep GC freed 1402(80KB) AllocSpace objects, 1(20KB) LOS objects, 28% free, 40MB/56MB, paused 869us total 36.815ms
08-04 13:39:51.998 10062 10074 I art     : Starting a blocking GC Explicit
08-04 13:39:52.027 10062 10074 I art     : Explicit concurrent mark sweep GC freed 20(704B) AllocSpace objects, 0(0B) LOS objects, 28% free, 40MB/56MB, paused 867us total 28.533ms
08-04 13:39:52.037 10062 10074 I art     : Starting a blocking GC Explicit
08-04 13:39:52.065 10062 10074 I art     : Explicit concurrent mark sweep GC freed 3(96B) AllocSpace objects, 0(0B) LOS objects, 28% free, 40MB/56MB, paused 766us total 27.561ms
08-04 13:39:52.074 10062 10074 I art     : Starting a blocking GC Explicit
08-04 13:39:52.101 10062 10074 I art     : Explicit concurrent mark sweep GC freed 3(96B) AllocSpace objects, 0(0B) LOS objects, 28% free, 40MB/56MB, paused 793us total 27.098ms
08-04 13:39:52.111 10062 10074 I art     : Starting a blocking GC Explicit
08-04 13:39:52.139 10062 10074 I art     : Explicit concurrent mark sweep GC freed 3(96B) AllocSpace objects, 0(0B) LOS objects, 28% free, 40MB/56MB, paused 797us total 28.183ms
08-04 13:39:52.492 10062 10075 I art     : Starting a blocking GC Explicit
08-04 13:39:52.528 10062 10075 I art     : Explicit concurrent mark sweep GC freed 1402(80KB) AllocSpace objects, 1(20KB) LOS objects, 28% free, 40MB/56MB, paused 875us total 35.370ms
08-04 13:39:52.541 10062 10075 I art     : Starting a blocking GC Explicit
08-04 13:39:52.568 10062 10075 I art     : Explicit concurrent mark sweep GC freed 20(704B) AllocSpace objects, 0(0B) LOS objects, 28% free, 40MB/56MB, paused 831us total 27.625ms
08-04 13:39:52.578 10062 10075 I art     : Starting a blocking GC Explicit
08-04 13:39:52.606 10062 10075 I art     : Explicit concurrent mark sweep GC freed 3(96B) AllocSpace objects, 0(0B) LOS objects, 28% free, 40MB/56MB, paused 807us total 28.058ms
08-04 13:39:52.616 10062 10075 I art     : Starting a blocking GC Explicit
08-04 13:39:52.644 10062 10075 I art     : Explicit concurrent mark sweep GC freed 3(96B) AllocSpace objects, 0(0B) LOS objects, 28% free, 40MB/56MB, paused 800us total 28.158ms
08-04 13:39:52.654 10062 10075 I art     : Starting a blocking GC Explicit
08-04 13:39:52.682 10062 10075 I art     : Explicit concurrent mark sweep GC freed 3(96B) AllocSpace objects, 0(0B) LOS objects, 28% free, 40MB/56MB, paused 898us total 27.677ms
08-04 13:39:53.036 10062 10096 I art     : Starting a blocking GC Explicit
08-04 13:39:53.076 10062 10096 I art     : Explicit concurrent mark sweep GC freed 1402(80KB) AllocSpace objects, 1(20KB) LOS objects, 28% free, 40MB/56MB, paused 846us total 39.473ms
08-04 13:39:53.091 10062 10096 I art     : Starting a blocking GC Explicit
08-04 13:39:53.120 10062 10096 I art     : Explicit concurrent mark sweep GC freed 20(704B) AllocSpace objects, 0(0B) LOS objects, 28% free, 40MB/56MB, paused 802us total 29.148ms
08-04 13:39:53.121 10062 10073 I art     : WaitForGcToComplete blocked for 12.140ms for cause HeapTrim
08-04 13:39:53.130 10062 10096 I art     : Starting a blocking GC Explicit
08-04 13:39:53.158 10062 10096 I art     : Explicit concurrent mark sweep GC freed 3(96B) AllocSpace objects, 0(0B) LOS objects, 28% free, 40MB/56MB, paused 858us total 28.087ms
08-04 13:39:53.168 10062 10096 I art     : Starting a blocking GC Explicit
08-04 13:39:53.195 10062 10096 I art     : Explicit concurrent mark sweep GC freed 3(96B) AllocSpace objects, 0(0B) LOS objects, 28% free, 40MB/56MB, paused 808us total 27.262ms
08-04 13:39:53.205 10062 10096 I art     : Starting a blocking GC Explicit
08-04 13:39:53.233 10062 10096 I art     : Explicit concurrent mark sweep GC freed 3(96B) AllocSpace objects, 0(0B) LOS objects, 28% free, 40MB/56MB, paused 812us total 28.085ms
08-04 13:39:53.603 10062 10331 I art     : Starting a blocking GC Explicit
08-04 13:39:53.636 10062 10331 I art     : Explicit concurrent mark sweep GC freed 1402(80KB) AllocSpace objects, 1(20KB) LOS objects, 28% free, 40MB/56MB, paused 772us total 32.219ms
08-04 13:39:53.648 10062 10331 I art     : Starting a blocking GC Explicit
08-04 13:39:53.676 10062 10331 I art     : Explicit concurrent mark sweep GC freed 20(704B) AllocSpace objects, 0(0B) LOS objects, 28% free, 40MB/56MB, paused 743us total 27.770ms
08-04 13:39:53.685 10062 10331 I art     : Starting a blocking GC Explicit
08-04 13:39:53.713 10062 10331 I art     : Explicit concurrent mark sweep GC freed 3(96B) AllocSpace objects, 0(0B) LOS objects, 28% free, 40MB/56MB, paused 794us total 27.880ms
08-04 13:39:53.723 10062 10331 I art     : Starting a blocking GC Explicit
08-04 13:39:53.751 10062 10331 I art     : Explicit concurrent mark sweep GC freed 3(96B) AllocSpace objects, 0(0B) LOS objects, 28% free, 40MB/56MB, paused 796us total 28.248ms
08-04 13:39:53.762 10062 10331 I art     : Starting a blocking GC Explicit
08-04 13:39:53.790 10062 10331 I art     : Explicit concurrent mark sweep GC freed 39(1856B) AllocSpace objects, 0(0B) LOS objects, 28% free, 40MB/56MB, paused 745us total 28.054ms
08-04 13:39:54.138 10062 10074 I art     : Starting a blocking GC Explicit
08-04 13:39:54.177 10062 10074 I art     : Explicit concurrent mark sweep GC freed 1402(80KB) AllocSpace objects, 1(20KB) LOS objects, 28% free, 40MB/56MB, paused 870us total 38.302ms
08-04 13:39:54.191 10062 10074 I art     : Starting a blocking GC Explicit
08-04 13:39:54.219 10062 10074 I art     : Explicit concurrent mark sweep GC freed 20(704B) AllocSpace objects, 0(0B) LOS objects, 28% free, 40MB/56MB, paused 768us total 27.522ms
08-04 13:39:54.229 10062 10074 I art     : Starting a blocking GC Explicit
08-04 13:39:54.256 10062 10074 I art     : Explicit concurrent mark sweep GC freed 3(96B) AllocSpace objects, 0(0B) LOS objects, 28% free, 40MB/56MB, paused 763us total 27.537ms
08-04 13:39:54.266 10062 10074 I art     : Starting a blocking GC Explicit
08-04 13:39:54.293 10062 10074 I art     : Explicit concurrent mark sweep GC freed 3(96B) AllocSpace objects, 0(0B) LOS objects, 28% free, 40MB/56MB, paused 761us total 27.278ms
08-04 13:39:54.303 10062 10074 I art     : Starting a blocking GC Explicit
08-04 13:39:54.330 10062 10074 I art     : Explicit concurrent mark sweep GC freed 3(96B) AllocSpace objects, 0(0B) LOS objects, 28% free, 40MB/56MB, paused 769us total 26.987ms
08-04 13:39:54.694 10062 10075 I art     : Starting a blocking GC Explicit
08-04 13:39:54.731 10062 10075 I art     : Explicit concurrent mark sweep GC freed 1402(80KB) AllocSpace objects, 1(20KB) LOS objects, 28% free, 40MB/56MB, paused 846us total 36.993ms
08-04 13:39:54.744 10062 10075 I art     : Starting a blocking GC Explicit
08-04 13:39:54.747   518   646 I ThermalEngine: ACTION: GPU - Setting GPU[0] to 600000000
08-04 13:39:54.773 10062 10075 I art     : Explicit concurrent mark sweep GC freed 20(704B) AllocSpace objects, 0(0B) LOS objects, 28% free, 40MB/56MB, paused 783us total 28.369ms
08-04 13:39:54.783 10062 10075 I art     : Starting a blocking GC Explicit
08-04 13:39:54.808 10062 10075 I art     : Explicit concurrent mark sweep GC freed 3(96B) AllocSpace objects, 0(0B) LOS objects, 28% free, 40MB/56MB, paused 697us total 25.202ms
08-04 13:39:54.816 10062 10075 I art     : Starting a blocking GC Explicit
08-04 13:39:54.838 10062 10075 I art     : Explicit concurrent mark sweep GC freed 3(96B) AllocSpace objects, 0(0B) LOS objects, 28% free, 40MB/56MB, paused 568us total 22.539ms
08-04 13:39:54.846 10062 10075 I art     : Starting a blocking GC Explicit
08-04 13:39:54.868 10062 10075 I art     : Explicit concurrent mark sweep GC freed 3(96B) AllocSpace objects, 0(0B) LOS objects, 28% free, 40MB/56MB, paused 579us total 22.353ms
08-04 13:39:55.212 10062 10096 I art     : Starting a blocking GC Explicit
08-04 13:39:55.242 10062 10096 I art     : Explicit concurrent mark sweep GC freed 1402(80KB) AllocSpace objects, 1(20KB) LOS objects, 28% free, 40MB/56MB, paused 650us total 29.781ms
08-04 13:39:55.254 10062 10096 I art     : Starting a blocking GC Explicit
08-04 13:39:55.283 10062 10096 I art     : Explicit concurrent mark sweep GC freed 20(704B) AllocSpace objects, 0(0B) LOS objects, 28% free, 40MB/56MB, paused 553us total 28.233ms
08-04 13:39:55.290 10062 10096 I art     : Starting a blocking GC Explicit
08-04 13:39:55.313 10062 10096 I art     : Explicit concurrent mark sweep GC freed 3(96B) AllocSpace objects, 0(0B) LOS objects, 28% free, 40MB/56MB, paused 820us total 22.559ms
08-04 13:39:55.320 10062 10096 I art     : Starting a blocking GC Explicit
08-04 13:39:55.342 10062 10096 I art     : Explicit concurrent mark sweep GC freed 3(96B) AllocSpace objects, 0(0B) LOS objects, 28% free, 40MB/56MB, paused 557us total 21.684ms
08-04 13:39:55.350 10062 10096 I art     : Starting a blocking GC Explicit
08-04 13:39:55.371 10062 10096 I art     : Explicit concurrent mark sweep GC freed 3(96B) AllocSpace objects, 0(0B) LOS objects, 28% free, 40MB/56MB, paused 559us total 21.711ms
08-04 13:39:55.708 10062 10096 I art     : Starting a blocking GC Explicit
08-04 13:39:55.731 10062 10096 I art     : Explicit concurrent mark sweep GC freed 1402(80KB) AllocSpace objects, 1(20KB) LOS objects, 28% free, 40MB/56MB, paused 574us total 22.427ms
08-04 13:39:55.738 10062 10096 I art     : Starting a blocking GC Explicit
08-04 13:39:55.760 10062 10096 I art     : Explicit concurrent mark sweep GC freed 79(3KB) AllocSpace objects, 0(0B) LOS objects, 28% free, 40MB/56MB, paused 569us total 21.519ms
08-04 13:39:55.767 10062 10096 I art     : Starting a blocking GC Explicit
08-04 13:39:55.788 10062 10096 I art     : Explicit concurrent mark sweep GC freed 3(96B) AllocSpace objects, 0(0B) LOS objects, 28% free, 40MB/56MB, paused 581us total 21.071ms
08-04 13:39:55.795 10062 10096 I art     : Starting a blocking GC Explicit
08-04 13:39:55.818 10062 10096 I art     : Explicit concurrent mark sweep GC freed 3(96B) AllocSpace objects, 0(0B) LOS objects, 28% free, 40MB/56MB, paused 584us total 21.952ms
08-04 13:39:55.825 10062 10096 I art     : Starting a blocking GC Explicit
08-04 13:39:55.848 10062 10096 I art     : Explicit concurrent mark sweep GC freed 3(96B) AllocSpace objects, 0(0B) LOS objects, 28% free, 40MB/56MB, paused 608us total 22.499ms
08-04 13:39:56.190 10062 10074 I art     : Starting a blocking GC Explicit
08-04 13:39:56.221 10062 10074 I art     : Explicit concurrent mark sweep GC freed 1402(80KB) AllocSpace objects, 1(20KB) LOS objects, 28% free, 40MB/56MB, paused 584us total 30.128ms
08-04 13:39:56.232 10062 10074 I art     : Starting a blocking GC Explicit
08-04 13:39:56.258 10062 10074 I art     : Explicit concurrent mark sweep GC freed 20(704B) AllocSpace objects, 0(0B) LOS objects, 28% free, 40MB/56MB, paused 590us total 25.219ms
08-04 13:39:56.266 10062 10074 I art     : Starting a blocking GC Explicit
08-04 13:39:56.288 10062 10074 I art     : Explicit concurrent mark sweep GC freed 3(96B) AllocSpace objects, 0(0B) LOS objects, 28% free, 40MB/56MB, paused 532us total 22.034ms
08-04 13:39:56.295 10062 10074 I art     : Starting a blocking GC Explicit
08-04 13:39:56.318 10062 10074 I art     : Explicit concurrent mark sweep GC freed 3(96B) AllocSpace objects, 0(0B) LOS objects, 28% free, 40MB/56MB, paused 574us total 22.454ms
08-04 13:39:56.325 10062 10074 I art     : Starting a blocking GC Explicit
08-04 13:39:56.348 10062 10074 I art     : Explicit concurrent mark sweep GC freed 3(96B) AllocSpace objects, 0(0B) LOS objects, 28% free, 40MB/56MB, paused 585us total 22.326ms
08-04 13:39:56.713 10062 10075 I art     : Starting a blocking GC Explicit
08-04 13:39:56.744 10062 10075 I art     : Explicit concurrent mark sweep GC freed 1402(80KB) AllocSpace objects, 1(20KB) LOS objects, 28% free, 40MB/56MB, paused 650us total 29.922ms
08-04 13:39:56.755 10062 10075 I art     : Starting a blocking GC Explicit
08-04 13:39:56.778 10062 10075 I art     : Explicit concurrent mark sweep GC freed 20(704B) AllocSpace objects, 0(0B) LOS objects, 28% free, 40MB/56MB, paused 552us total 22.794ms
08-04 13:39:56.786 10062 10075 I art     : Starting a blocking GC Explicit
08-04 13:39:56.809 10062 10075 I art     : Explicit concurrent mark sweep GC freed 3(96B) AllocSpace objects, 0(0B) LOS objects, 28% free, 40MB/56MB, paused 585us total 22.703ms
08-04 13:39:56.817 10062 10075 I art     : Starting a blocking GC Explicit
08-04 13:39:56.839 10062 10075 I art     : Explicit concurrent mark sweep GC freed 3(96B) AllocSpace objects, 0(0B) LOS objects, 28% free, 40MB/56MB, paused 581us total 21.977ms
08-04 13:39:56.846 10062 10075 I art     : Starting a blocking GC Explicit
08-04 13:39:56.868 10062 10075 I art     : Explicit concurrent mark sweep GC freed 3(96B) AllocSpace objects, 0(0B) LOS objects, 28% free, 40MB/56MB, paused 549us total 21.643ms
08-04 13:39:57.218 10062 10331 I art     : Starting a blocking GC Explicit
08-04 13:39:57.251 10062 10331 I art     : Explicit concurrent mark sweep GC freed 1402(80KB) AllocSpace objects, 1(20KB) LOS objects, 28% free, 40MB/56MB, paused 635us total 32.597ms
08-04 13:39:57.262 10062 10331 I art     : Starting a blocking GC Explicit
08-04 13:39:57.285 10062 10331 I art     : Explicit concurrent mark sweep GC freed 20(704B) AllocSpace objects, 0(0B) LOS objects, 28% free, 40MB/56MB, paused 588us total 22.477ms
08-04 13:39:57.293 10062 10331 I art     : Starting a blocking GC Explicit
08-04 13:39:57.316 10062 10331 I art     : Explicit concurrent mark sweep GC freed 3(96B) AllocSpace objects, 0(0B) LOS objects, 28% free, 40MB/56MB, paused 581us total 22.458ms
08-04 13:39:57.323 10062 10331 I art     : Starting a blocking GC Explicit
08-04 13:39:57.345 10062 10331 I art     : Explicit concurrent mark sweep GC freed 3(96B) AllocSpace objects, 0(0B) LOS objects, 28% free, 40MB/56MB, paused 572us total 22.065ms
08-04 13:39:57.353 10062 10331 I art     : Starting a blocking GC Explicit
08-04 13:39:57.376 10062 10331 I art     : Explicit concurrent mark sweep GC freed 3(96B) AllocSpace objects, 0(0B) LOS objects, 28% free, 40MB/56MB, paused 557us total 22.358ms
08-04 13:39:57.743 10062 10096 I art     : Starting a blocking GC Explicit
08-04 13:39:57.767 10062 10096 I art     : Explicit concurrent mark sweep GC freed 1402(80KB) AllocSpace objects, 1(20KB) LOS objects, 28% free, 40MB/56MB, paused 576us total 23.229ms
08-04 13:39:57.774 10062 10096 I art     : Starting a blocking GC Explicit
08-04 13:39:57.796 10062 10096 I art     : Explicit concurrent mark sweep GC freed 20(704B) AllocSpace objects, 0(0B) LOS objects, 28% free, 40MB/56MB, paused 565us total 21.848ms
08-04 13:39:57.803 10062 10096 I art     : Starting a blocking GC Explicit
08-04 13:39:57.824 10062 10096 I art     : Explicit concurrent mark sweep GC freed 3(96B) AllocSpace objects, 0(0B) LOS objects, 28% free, 40MB/56MB, paused 555us total 20.633ms
08-04 13:39:57.831 10062 10096 I art     : Starting a blocking GC Explicit
08-04 13:39:57.852 10062 10096 I art     : Explicit concurrent mark sweep GC freed 3(96B) AllocSpace objects, 0(0B) LOS objects, 28% free, 40MB/56MB, paused 553us total 20.265ms
08-04 13:39:57.859 10062 10096 I art     : Starting a blocking GC Explicit
08-04 13:39:57.880 10062 10096 I art     : Explicit concurrent mark sweep GC freed 3(96B) AllocSpace objects, 0(0B) LOS objects, 28% free, 40MB/56MB, paused 579us total 20.834ms
08-04 13:39:58.019 12173 12173 D AndroidRuntime: >>>>>> START com.android.internal.os.RuntimeInit uid 2000 <<<<<<
08-04 13:39:58.024 12173 12173 D AndroidRuntime: CheckJNI is OFF
08-04 13:39:58.049 12173 12173 D ICU     : No timezone override file found: /data/misc/zoneinfo/current/icu/icu_tzdata.dat
08-04 13:39:58.074 12173 12173 I Radio-JNI: register_android_hardware_Radio DONE
08-04 13:39:58.089 12173 12173 D AndroidRuntime: Calling main entry com.android.commands.input.Input
08-04 13:39:58.091 12173 12173 I Input   : injectKeyEvent: KeyEvent { action=ACTION_DOWN, keyCode=KEYCODE_BACK, scanCode=0, metaState=0, flags=0x0, repeatCount=0, eventTime=711614504, downTime=711614504, deviceId=-1, source=0x101 }
08-04 13:39:58.096 12173 12173 I Input   : injectKeyEvent: KeyEvent { action=ACTION_UP, keyCode=KEYCODE_BACK, scanCode=0, metaState=0, flags=0x0, repeatCount=0, eventTime=711614504, downTime=711614504, deviceId=-1, source=0x101 }
08-04 13:39:58.102 12173 12173 D AndroidRuntime: Shutting down VM
08-04 13:39:58.111 10062 10062 D baseline.com.newsblur.service.NBSyncService: rejecting request for feedset that is exhaused
08-04 13:39:58.184 10062 10074 I art     : Starting a blocking GC Explicit
08-04 13:39:58.201 10062 10062 D baseline.com.newsblur.service.NBSyncService: rejecting request for feedset that is exhaused
08-04 13:39:58.203 13866 13866 I GoogleInputMethodServic: GoogleInputMethodService.onFinishInput():3138 
08-04 13:39:58.203 13866 13866 I GoogleInputMethodServic: GoogleInputMethodService.onStartInput():1808 
08-04 13:39:58.207 10062 10074 I art     : Explicit concurrent mark sweep GC freed 2438(194KB) AllocSpace objects, 5(100KB) LOS objects, 28% free, 40MB/56MB, paused 954us total 23.015ms
08-04 13:39:58.217 10062 10074 I art     : Starting a blocking GC Explicit
08-04 13:39:58.240 10062 10074 I art     : Explicit concurrent mark sweep GC freed 868(62KB) AllocSpace objects, 0(0B) LOS objects, 28% free, 40MB/56MB, paused 561us total 22.631ms
08-04 13:39:58.247 10062 10074 I art     : Starting a blocking GC Explicit
08-04 13:39:58.269 10062 10074 I art     : Explicit concurrent mark sweep GC freed 811(64KB) AllocSpace objects, 0(0B) LOS objects, 28% free, 40MB/56MB, paused 599us total 21.658ms
08-04 13:39:58.276 10062 10074 I art     : Starting a blocking GC Explicit
08-04 13:39:58.296 10062 10074 I art     : Explicit concurrent mark sweep GC freed 18(560B) AllocSpace objects, 1(28KB) LOS objects, 28% free, 40MB/56MB, paused 507us total 19.412ms
08-04 13:39:58.303 10062 10074 I art     : Starting a blocking GC Explicit
08-04 13:39:58.322 10062 10074 I art     : Explicit concurrent mark sweep GC freed 3(96B) AllocSpace objects, 0(0B) LOS objects, 28% free, 40MB/56MB, paused 487us total 18.675ms
08-04 13:39:58.574 10062 10074 I art     : Starting a blocking GC Explicit
08-04 13:39:58.595 10062 10074 I art     : Explicit concurrent mark sweep GC freed 2638(140KB) AllocSpace objects, 1(20KB) LOS objects, 28% free, 40MB/56MB, paused 578us total 20.288ms
08-04 13:39:58.602 10062 10074 I art     : Starting a blocking GC Explicit
08-04 13:39:58.622 10062 10074 I art     : Explicit concurrent mark sweep GC freed 741(34KB) AllocSpace objects, 0(0B) LOS objects, 28% free, 40MB/56MB, paused 668us total 19.992ms
08-04 13:39:58.627   918  3263 D ConnectivityService: releasing NetworkRequest NetworkRequest [ id=2679, legacyType=-1, [ Capabilities: INTERNET&NOT_RESTRICTED&TRUSTED] ]
08-04 13:39:58.631 10062 10074 I art     : Starting a blocking GC Explicit
08-04 13:39:58.650 10062 10074 I art     : Explicit concurrent mark sweep GC freed 5156(404KB) AllocSpace objects, 12(4MB) LOS objects, 31% free, 35MB/51MB, paused 523us total 19.088ms
08-04 13:39:58.656 10062 10074 I art     : Starting a blocking GC Explicit
08-04 13:39:58.673 10062 10074 I art     : Explicit concurrent mark sweep GC freed 6(192B) AllocSpace objects, 0(0B) LOS objects, 31% free, 35MB/51MB, paused 511us total 16.682ms
08-04 13:39:58.680 10062 10074 I art     : Starting a blocking GC Explicit
08-04 13:39:58.697 10062 10074 I art     : Explicit concurrent mark sweep GC freed 5(160B) AllocSpace objects, 0(0B) LOS objects, 31% free, 35MB/51MB, paused 525us total 17.235ms
08-04 13:39:58.756   518   646 I ThermalEngine: ACTION: GPU - Setting GPU[0] to 510000000
08-04 13:39:59.003 10062 10331 I art     : Starting a blocking GC Explicit
08-04 13:39:59.026 10062 10331 I art     : Explicit concurrent mark sweep GC freed 1441(82KB) AllocSpace objects, 1(20KB) LOS objects, 31% free, 35MB/51MB, paused 792us total 23.553ms
08-04 13:39:59.037 10062 10331 I art     : Starting a blocking GC Explicit
08-04 13:39:59.062 10062 10331 I art     : Explicit concurrent mark sweep GC freed 25(864B) AllocSpace objects, 0(0B) LOS objects, 31% free, 35MB/51MB, paused 807us total 25.113ms
08-04 13:39:59.072 10062 10331 I art     : Starting a blocking GC Explicit
08-04 13:39:59.098 10062 10331 I art     : Explicit concurrent mark sweep GC freed 8(256B) AllocSpace objects, 0(0B) LOS objects, 31% free, 35MB/51MB, paused 858us total 26.319ms
08-04 13:39:59.107 10062 10331 I art     : Starting a blocking GC Explicit
08-04 13:39:59.133 10062 10331 I art     : Explicit concurrent mark sweep GC freed 6(192B) AllocSpace objects, 0(0B) LOS objects, 31% free, 35MB/51MB, paused 728us total 25.759ms
08-04 13:39:59.142 10062 10331 I art     : Starting a blocking GC Explicit
08-04 13:39:59.168 10062 10331 I art     : Explicit concurrent mark sweep GC freed 7(224B) AllocSpace objects, 0(0B) LOS objects, 31% free, 35MB/51MB, paused 758us total 26.098ms
08-04 13:39:59.482 10062 10074 I art     : Starting a blocking GC Explicit
08-04 13:39:59.511 10062 10074 I art     : Explicit concurrent mark sweep GC freed 1443(82KB) AllocSpace objects, 1(20KB) LOS objects, 31% free, 35MB/51MB, paused 740us total 28.594ms
08-04 13:39:59.524 10062 10074 I art     : Starting a blocking GC Explicit
08-04 13:39:59.552 10062 10074 I art     : Explicit concurrent mark sweep GC freed 25(864B) AllocSpace objects, 0(0B) LOS objects, 31% free, 35MB/51MB, paused 782us total 28.236ms
08-04 13:39:59.561 10062 10074 I art     : Starting a blocking GC Explicit
08-04 13:39:59.588 10062 10074 I art     : Explicit concurrent mark sweep GC freed 7(224B) AllocSpace objects, 0(0B) LOS objects, 31% free, 35MB/51MB, paused 804us total 26.175ms
08-04 13:39:59.597 10062 10074 I art     : Starting a blocking GC Explicit
08-04 13:39:59.623 10062 10074 I art     : Explicit concurrent mark sweep GC freed 7(224B) AllocSpace objects, 0(0B) LOS objects, 31% free, 35MB/51MB, paused 753us total 25.279ms
08-04 13:39:59.633 10062 10074 I art     : Starting a blocking GC Explicit
08-04 13:39:59.658 10062 10074 I art     : Explicit concurrent mark sweep GC freed 7(224B) AllocSpace objects, 0(0B) LOS objects, 31% free, 35MB/51MB, paused 756us total 24.936ms
08-04 13:39:59.776 12219 12219 D AndroidRuntime: >>>>>> START com.android.internal.os.RuntimeInit uid 2000 <<<<<<
08-04 13:39:59.781 12219 12219 D AndroidRuntime: CheckJNI is OFF
08-04 13:39:59.815 12219 12219 D ICU     : No timezone override file found: /data/misc/zoneinfo/current/icu/icu_tzdata.dat
08-04 13:39:59.848 12219 12219 I Radio-JNI: register_android_hardware_Radio DONE
08-04 13:39:59.869 12219 12219 D AndroidRuntime: Calling main entry com.android.commands.input.Input
08-04 13:39:59.871 12219 12219 I Input   : injectMotionEvent: MotionEvent { action=ACTION_DOWN, actionButton=0, id[0]=0, x[0]=435.0, y[0]=858.0, toolType[0]=TOOL_TYPE_UNKNOWN, buttonState=0, metaState=0, flags=0x0, edgeFlags=0x0, pointerCount=1, historySize=0, eventTime=711616284, downTime=711616284, deviceId=0, source=0x1002 }
08-04 13:39:59.876 12219 12219 I Input   : injectMotionEvent: MotionEvent { action=ACTION_UP, actionButton=0, id[0]=0, x[0]=435.0, y[0]=858.0, toolType[0]=TOOL_TYPE_UNKNOWN, buttonState=0, metaState=0, flags=0x0, edgeFlags=0x0, pointerCount=1, historySize=0, eventTime=711616284, downTime=711616284, deviceId=0, source=0x1002 }
08-04 13:39:59.878 12219 12219 D AndroidRuntime: Shutting down VM
08-04 13:39:59.895   918  5481 I ActivityManager: START u0 {cmp=baseline.com.newsblur/.activity.AllSharedStoriesReading (has extras)} from uid 10652 on display 0
08-04 13:39:59.899   512  2967 D audio_hw_primary: out_set_parameters: enter: usecase(1: low-latency-playback) kvpairs: routing=2
08-04 13:39:59.911   512  2967 D audio_hw_primary: select_devices: out_snd_device(2: speaker) in_snd_device(0: none)
08-04 13:39:59.911   512  2967 D msm8974_platform: platform_send_audio_calibration: sending audio calibration for snd_device(2) acdb_id(15)
08-04 13:39:59.912   512  2967 I soundtrigger: audio_extn_sound_trigger_update_device_status: device 0x2 of type 0 for Event 1
08-04 13:39:59.924   512  2967 D audio_hw_primary: enable_snd_device: snd_device(2: speaker)
08-04 13:39:59.926   512  2967 D audio_hw_primary: enable_audio_route: apply and update mixer path: low-latency-playback speaker
08-04 13:39:59.990 10062 10331 I art     : Starting a blocking GC Explicit
08-04 13:40:00.017 10062 10331 I art     : Explicit concurrent mark sweep GC freed 2970(231KB) AllocSpace objects, 6(580KB) LOS objects, 30% free, 37MB/53MB, paused 852us total 26.023ms
08-04 13:40:00.026 10062 10331 I art     : Starting a blocking GC Explicit
08-04 13:40:00.048 10062 10331 I art     : Explicit concurrent mark sweep GC freed 434(20KB) AllocSpace objects, 0(0B) LOS objects, 30% free, 37MB/53MB, paused 798us total 22.424ms
08-04 13:40:00.057 10062 10331 I art     : Starting a blocking GC Explicit
08-04 13:40:00.080 10062 10331 I art     : Explicit concurrent mark sweep GC freed 162(26KB) AllocSpace objects, 1(20KB) LOS objects, 30% free, 37MB/53MB, paused 675us total 22.868ms
08-04 13:40:00.088 10062 10331 I art     : Starting a blocking GC Explicit
08-04 13:40:00.112 10062 10331 I art     : Explicit concurrent mark sweep GC freed 488(40KB) AllocSpace objects, 1(20KB) LOS objects, 29% free, 39MB/55MB, paused 998us total 23.434ms
08-04 13:40:00.113 13866 13866 I GoogleInputMethodServic: GoogleInputMethodService.onFinishInput():3138 
08-04 13:40:00.113 13866 13866 I GoogleInputMethodServic: GoogleInputMethodService.onStartInput():1808 
08-04 13:40:00.120 10062 10331 I art     : Starting a blocking GC Explicit
08-04 13:40:00.139   918   936 I ActivityManager: Displayed baseline.com.newsblur/.activity.AllSharedStoriesReading: +232ms
08-04 13:40:00.145 10062 10331 I art     : Explicit concurrent mark sweep GC freed 687(31KB) AllocSpace objects, 0(0B) LOS objects, 29% free, 39MB/55MB, paused 974us total 24.395ms
08-04 13:40:00.152   918  3696 D ConnectivityService: listenForNetwork for Listen from uid/pid:10652/10062 for NetworkRequest [ id=2680, legacyType=-1, [ Capabilities: INTERNET&NOT_RESTRICTED&TRUSTED] ]
08-04 13:40:00.310 10062 10083 E SQLiteLog: (9) statement aborts at 126: [SELECT authors,short_content,timestamp,sharedDate,stories.feed_id,stories._id,intelligence_authors,intelligence_feed,intelligence_tags,intelligence_total,intelligence_title,permalink,
08-04 13:40:00.366 10062 10678 E chromium: [ERROR:tile_manager.cc(793)] WARNING: tile memory limits exceeded, some content may not draw
08-04 13:40:00.367 10062 10678 E chromium: [ERROR:tile_manager.cc(793)] WARNING: tile memory limits exceeded, some content may not draw
08-04 13:40:00.375 10062 10678 E chromium: [ERROR:tile_manager.cc(793)] WARNING: tile memory limits exceeded, some content may not draw
08-04 13:40:00.375 10062 10678 E chromium: [ERROR:tile_manager.cc(793)] WARNING: tile memory limits exceeded, some content may not draw
08-04 13:40:00.408 10062 10678 E chromium: [ERROR:tile_manager.cc(793)] WARNING: tile memory limits exceeded, some content may not draw
08-04 13:40:00.408 10062 10678 E chromium: [ERROR:tile_manager.cc(793)] WARNING: tile memory limits exceeded, some content may not draw
08-04 13:40:00.436 10062 10331 I art     : Starting a blocking GC Explicit
08-04 13:40:00.459   512  2967 D audio_hw_primary: disable_audio_route: reset and update mixer path: low-latency-playback speaker
08-04 13:40:00.460   512  2967 D audio_hw_primary: disable_snd_device: snd_device(2: speaker)
08-04 13:40:00.462 10062 10331 I art     : Explicit concurrent mark sweep GC freed 9821(866KB) AllocSpace objects, 11(220KB) LOS objects, 28% free, 40MB/56MB, paused 821us total 26.402ms
08-04 13:40:00.470   512  2967 I soundtrigger: audio_extn_sound_trigger_update_device_status: device 0x2 of type 0 for Event 0
08-04 13:40:00.472 10062 10331 I art     : Starting a blocking GC Explicit
08-04 13:40:00.492 10062 10678 E chromium: [ERROR:tile_manager.cc(793)] WARNING: tile memory limits exceeded, some content may not draw
08-04 13:40:00.493 10062 10678 E chromium: [ERROR:tile_manager.cc(793)] WARNING: tile memory limits exceeded, some content may not draw
08-04 13:40:00.495 10062 10678 E chromium: [ERROR:tile_manager.cc(793)] WARNING: tile memory limits exceeded, some content may not draw
08-04 13:40:00.496 10062 10678 E chromium: [ERROR:tile_manager.cc(793)] WARNING: tile memory limits exceeded, some content may not draw
08-04 13:40:00.499 10062 10331 I art     : Explicit concurrent mark sweep GC freed 4041(285KB) AllocSpace objects, 0(0B) LOS objects, 28% free, 40MB/56MB, paused 897us total 26.945ms
08-04 13:40:00.508 10062 10331 I art     : Starting a blocking GC Explicit
08-04 13:40:00.533 10062 10331 I art     : Explicit concurrent mark sweep GC freed 22(736B) AllocSpace objects, 0(0B) LOS objects, 28% free, 40MB/56MB, paused 892us total 24.673ms
08-04 13:40:00.542 10062 10331 I art     : Starting a blocking GC Explicit
08-04 13:40:00.566 10062 10331 I art     : Explicit concurrent mark sweep GC freed 131(17KB) AllocSpace objects, 2(48KB) LOS objects, 28% free, 40MB/56MB, paused 750us total 24.198ms
08-04 13:40:00.575 10062 10331 I art     : Starting a blocking GC Explicit
08-04 13:40:00.584 10062 10678 E chromium: [ERROR:tile_manager.cc(793)] WARNING: tile memory limits exceeded, some content may not draw
08-04 13:40:00.591 10062 10678 E chromium: [ERROR:tile_manager.cc(793)] WARNING: tile memory limits exceeded, some content may not draw
08-04 13:40:00.592 10062 10678 E chromium: [ERROR:tile_manager.cc(793)] WARNING: tile memory limits exceeded, some content may not draw
08-04 13:40:00.594 10062 10678 E chromium: [ERROR:tile_manager.cc(793)] WARNING: tile memory limits exceeded, some content may not draw
08-04 13:40:00.597 10062 10678 E chromium: [ERROR:tile_manager.cc(793)] WARNING: tile memory limits exceeded, some content may not draw
08-04 13:40:00.598 10062 10678 E chromium: [ERROR:tile_manager.cc(793)] WARNING: tile memory limits exceeded, some content may not draw
08-04 13:40:00.598 10062 10678 E chromium: [ERROR:tile_manager.cc(793)] WARNING: tile memory limits exceeded, some content may not draw
08-04 13:40:00.599 10062 10678 E chromium: [ERROR:tile_manager.cc(793)] WARNING: tile memory limits exceeded, some content may not draw
08-04 13:40:00.600 10062 10331 I art     : Explicit concurrent mark sweep GC freed 40(1296B) AllocSpace objects, 0(0B) LOS objects, 28% free, 40MB/56MB, paused 922us total 24.969ms
08-04 13:40:00.734 10062 10678 E chromium: [ERROR:tile_manager.cc(793)] WARNING: tile memory limits exceeded, some content may not draw
08-04 13:40:00.735 10062 10678 E chromium: [ERROR:tile_manager.cc(793)] WARNING: tile memory limits exceeded, some content may not draw
08-04 13:40:00.810 10062 12258 D MY_TAG  : 0, 488
08-04 13:40:00.913 10062 10074 I art     : Starting a blocking GC Explicit
08-04 13:40:00.945 10062 10074 I art     : Explicit concurrent mark sweep GC freed 4758(285KB) AllocSpace objects, 6(260KB) LOS objects, 28% free, 40MB/56MB, paused 895us total 31.968ms
08-04 13:40:00.954 10062 10074 I art     : Starting a blocking GC Explicit
08-04 13:40:00.983 10062 10074 I art     : Explicit concurrent mark sweep GC freed 1000(118KB) AllocSpace objects, 0(0B) LOS objects, 28% free, 40MB/56MB, paused 867us total 28.339ms
08-04 13:40:00.992 10062 10074 I art     : Starting a blocking GC Explicit
08-04 13:40:01.022 10062 10074 I art     : Explicit concurrent mark sweep GC freed 3(96B) AllocSpace objects, 0(0B) LOS objects, 28% free, 40MB/56MB, paused 978us total 28.935ms
08-04 13:40:01.031 10062 10074 I art     : Starting a blocking GC Explicit
08-04 13:40:01.060 10062 10074 I art     : Explicit concurrent mark sweep GC freed 3(96B) AllocSpace objects, 0(0B) LOS objects, 28% free, 40MB/56MB, paused 839us total 28.735ms
08-04 13:40:01.070 10062 10074 I art     : Starting a blocking GC Explicit
08-04 13:40:01.098 10062 10074 I art     : Explicit concurrent mark sweep GC freed 3(96B) AllocSpace objects, 0(0B) LOS objects, 28% free, 40MB/56MB, paused 898us total 28.441ms
08-04 13:40:01.277 10062 12258 D MY_TAG  : 0, 450
08-04 13:40:01.364 10062 10678 E chromium: [ERROR:tile_manager.cc(793)] WARNING: tile memory limits exceeded, some content may not draw
08-04 13:40:01.365 10062 10678 E chromium: [ERROR:tile_manager.cc(793)] WARNING: tile memory limits exceeded, some content may not draw
08-04 13:40:01.367 10062 10678 E chromium: [ERROR:tile_manager.cc(793)] WARNING: tile memory limits exceeded, some content may not draw
08-04 13:40:01.368 10062 10678 E chromium: [ERROR:tile_manager.cc(793)] WARNING: tile memory limits exceeded, some content may not draw
08-04 13:40:01.373 10062 10678 E chromium: [ERROR:tile_manager.cc(793)] WARNING: tile memory limits exceeded, some content may not draw
08-04 13:40:01.374 10062 10678 E chromium: [ERROR:tile_manager.cc(793)] WARNING: tile memory limits exceeded, some content may not draw
08-04 13:40:01.413 10062 10331 I art     : Starting a blocking GC Explicit
08-04 13:40:01.430 10062 10678 E chromium: [ERROR:tile_manager.cc(793)] WARNING: tile memory limits exceeded, some content may not draw
08-04 13:40:01.431 10062 10678 E chromium: [ERROR:tile_manager.cc(793)] WARNING: tile memory limits exceeded, some content may not draw
08-04 13:40:01.442 10062 10331 I art     : Explicit concurrent mark sweep GC freed 6841(589KB) AllocSpace objects, 21(428KB) LOS objects, 28% free, 40MB/56MB, paused 832us total 28.413ms
08-04 13:40:01.451 10062 10331 I art     : Starting a blocking GC Explicit
08-04 13:40:01.479 10062 10331 I art     : Explicit concurrent mark sweep GC freed 2210(113KB) AllocSpace objects, 1(28KB) LOS objects, 28% free, 40MB/56MB, paused 726us total 27.283ms
08-04 13:40:01.489 10062 10331 I art     : Starting a blocking GC Explicit
08-04 13:40:01.515 10062 10331 I art     : Explicit concurrent mark sweep GC freed 15(480B) AllocSpace objects, 0(0B) LOS objects, 28% free, 40MB/56MB, paused 690us total 25.813ms
08-04 13:40:01.525 10062 10331 I art     : Starting a blocking GC Explicit
08-04 13:40:01.553 10062 10331 I art     : Explicit concurrent mark sweep GC freed 16(512B) AllocSpace objects, 0(0B) LOS objects, 28% free, 40MB/56MB, paused 768us total 27.082ms
08-04 13:40:01.562 10062 10331 I art     : Starting a blocking GC Explicit
08-04 13:40:01.590 10062 10331 I art     : Explicit concurrent mark sweep GC freed 14(448B) AllocSpace objects, 0(0B) LOS objects, 28% free, 40MB/56MB, paused 865us total 27.208ms
08-04 13:40:01.761   518   646 I ThermalEngine: ACTION: GPU - Setting GPU[0] to 450000000
08-04 13:40:01.943 10062 10074 I art     : Starting a blocking GC Explicit
08-04 13:40:01.992 10062 10074 I art     : Explicit concurrent mark sweep GC freed 1438(82KB) AllocSpace objects, 1(20KB) LOS objects, 28% free, 40MB/56MB, paused 1.045ms total 48.699ms
08-04 13:40:02.008 10062 10074 I art     : Starting a blocking GC Explicit
08-04 13:40:02.046 10062 10074 I art     : Explicit concurrent mark sweep GC freed 20(704B) AllocSpace objects, 0(0B) LOS objects, 28% free, 40MB/56MB, paused 1.054ms total 37.251ms
08-04 13:40:02.058 10062 10074 I art     : Starting a blocking GC Explicit
08-04 13:40:02.097 10062 10074 I art     : Explicit concurrent mark sweep GC freed 3(96B) AllocSpace objects, 0(0B) LOS objects, 28% free, 40MB/56MB, paused 1.056ms total 38.708ms
08-04 13:40:02.109 10062 10074 I art     : Starting a blocking GC Explicit
08-04 13:40:02.146 10062 10074 I art     : Explicit concurrent mark sweep GC freed 3(96B) AllocSpace objects, 0(0B) LOS objects, 28% free, 40MB/56MB, paused 1.038ms total 36.183ms
08-04 13:40:02.158 10062 10074 I art     : Starting a blocking GC Explicit
08-04 13:40:02.198 10062 10074 I art     : Explicit concurrent mark sweep GC freed 3(96B) AllocSpace objects, 0(0B) LOS objects, 28% free, 40MB/56MB, paused 1.155ms total 39.275ms
08-04 13:40:02.597 10062 10075 I art     : Starting a blocking GC Explicit
08-04 13:40:02.648 10062 10075 I art     : Explicit concurrent mark sweep GC freed 1404(81KB) AllocSpace objects, 1(20KB) LOS objects, 28% free, 40MB/56MB, paused 1.204ms total 50.948ms
08-04 13:40:02.663 10062 10075 I art     : Starting a blocking GC Explicit
08-04 13:40:02.705 10062 10075 I art     : Explicit concurrent mark sweep GC freed 20(704B) AllocSpace objects, 0(0B) LOS objects, 28% free, 40MB/56MB, paused 1.066ms total 40.848ms
08-04 13:40:02.717 10062 10075 I art     : Starting a blocking GC Explicit
08-04 13:40:02.754 10062 10075 I art     : Explicit concurrent mark sweep GC freed 3(96B) AllocSpace objects, 0(0B) LOS objects, 28% free, 40MB/56MB, paused 1.058ms total 36.744ms
08-04 13:40:02.767 10062 10075 I art     : Starting a blocking GC Explicit
08-04 13:40:02.805 10062 10075 I art     : Explicit concurrent mark sweep GC freed 3(96B) AllocSpace objects, 0(0B) LOS objects, 28% free, 40MB/56MB, paused 1.060ms total 38.079ms
08-04 13:40:02.817 10062 10075 I art     : Starting a blocking GC Explicit
08-04 13:40:02.856 10062 10075 I art     : Explicit concurrent mark sweep GC freed 3(96B) AllocSpace objects, 0(0B) LOS objects, 28% free, 40MB/56MB, paused 1.064ms total 38.789ms
08-04 13:40:02.956   918  3261 D WifiStateMachine: starting scan for "H369AA63323"WPA_PSK with 2412,5180
08-04 13:40:03.203 13866 13882 I PeriodicStatsRunner: PeriodicStatsRunner.call():175 call()
08-04 13:40:03.204 13866 13882 I PeriodicStatsRunner: PeriodicStatsRunner.call():179 No submit PeriodicStats since input started.
08-04 13:40:03.267 10062 10096 I art     : Starting a blocking GC Explicit
08-04 13:40:03.313 10062 10096 I art     : Explicit concurrent mark sweep GC freed 1403(80KB) AllocSpace objects, 1(20KB) LOS objects, 28% free, 40MB/56MB, paused 1.130ms total 45.461ms
08-04 13:40:03.329 10062 10096 I art     : Starting a blocking GC Explicit
08-04 13:40:03.368 10062 10096 I art     : Explicit concurrent mark sweep GC freed 20(704B) AllocSpace objects, 0(0B) LOS objects, 28% free, 40MB/56MB, paused 1.144ms total 38.800ms
08-04 13:40:03.380 10062 10096 I art     : Starting a blocking GC Explicit
08-04 13:40:03.418 10062 10096 I art     : Explicit concurrent mark sweep GC freed 3(96B) AllocSpace objects, 0(0B) LOS objects, 28% free, 40MB/56MB, paused 1.140ms total 37.761ms
08-04 13:40:03.430 10062 10096 I art     : Starting a blocking GC Explicit
08-04 13:40:03.470 10062 10096 I art     : Explicit concurrent mark sweep GC freed 3(96B) AllocSpace objects, 0(0B) LOS objects, 28% free, 40MB/56MB, paused 1.093ms total 38.980ms
08-04 13:40:03.482 10062 10096 I art     : Starting a blocking GC Explicit
08-04 13:40:03.520 10062 10096 I art     : Explicit concurrent mark sweep GC freed 3(96B) AllocSpace objects, 0(0B) LOS objects, 28% free, 40MB/56MB, paused 1.061ms total 37.203ms
08-04 13:40:03.764   518   646 I ThermalEngine: ACTION: GPU - Setting GPU[0] to 510000000
08-04 13:40:03.890 10062 10331 I art     : Starting a blocking GC Explicit
08-04 13:40:03.926 10062 10331 I art     : Explicit concurrent mark sweep GC freed 1405(81KB) AllocSpace objects, 1(20KB) LOS objects, 28% free, 40MB/56MB, paused 874us total 35.617ms
08-04 13:40:03.940 10062 10331 I art     : Starting a blocking GC Explicit
08-04 13:40:03.969 10062 10331 I art     : Explicit concurrent mark sweep GC freed 20(704B) AllocSpace objects, 0(0B) LOS objects, 28% free, 40MB/56MB, paused 809us total 29.233ms
08-04 13:40:03.979 10062 10331 I art     : Starting a blocking GC Explicit
08-04 13:40:04.007 10062 10331 I art     : Explicit concurrent mark sweep GC freed 3(96B) AllocSpace objects, 0(0B) LOS objects, 28% free, 40MB/56MB, paused 834us total 28.101ms
08-04 13:40:04.017 10062 10331 I art     : Starting a blocking GC Explicit
08-04 13:40:04.046 10062 10331 I art     : Explicit concurrent mark sweep GC freed 3(96B) AllocSpace objects, 0(0B) LOS objects, 28% free, 40MB/56MB, paused 796us total 29.053ms
08-04 13:40:04.056 10062 10331 I art     : Starting a blocking GC Explicit
08-04 13:40:04.085 10062 10331 I art     : Explicit concurrent mark sweep GC freed 3(96B) AllocSpace objects, 0(0B) LOS objects, 28% free, 40MB/56MB, paused 790us total 28.704ms
08-04 13:40:04.387 10062 10074 I art     : Starting a blocking GC Explicit
08-04 13:40:04.398  6615  6615 I Atfwd_Sendcmd: AtCmdFwd service not ready - Exhausted retry attempts - :6
08-04 13:40:04.399  6615  6615 I Atfwd_Daemon: result : -1 	 ,Init step :2 	 ,qmiErrorCode: 0
08-04 13:40:04.423 10062 10074 I art     : Explicit concurrent mark sweep GC freed 1403(81KB) AllocSpace objects, 1(20KB) LOS objects, 28% free, 40MB/56MB, paused 1.145ms total 34.691ms
08-04 13:40:04.435 10062 10074 I art     : Starting a blocking GC Explicit
08-04 13:40:04.463 10062 10074 I art     : Explicit concurrent mark sweep GC freed 20(704B) AllocSpace objects, 0(0B) LOS objects, 28% free, 40MB/56MB, paused 790us total 27.828ms
08-04 13:40:04.472 10062 10074 I art     : Starting a blocking GC Explicit
08-04 13:40:04.500 10062 10074 I art     : Explicit concurrent mark sweep GC freed 3(96B) AllocSpace objects, 0(0B) LOS objects, 28% free, 40MB/56MB, paused 793us total 27.224ms
08-04 13:40:04.509 10062 10074 I art     : Starting a blocking GC Explicit
08-04 13:40:04.535 10062 10074 I art     : Explicit concurrent mark sweep GC freed 3(96B) AllocSpace objects, 0(0B) LOS objects, 28% free, 40MB/56MB, paused 803us total 26.586ms
08-04 13:40:04.545 10062 10074 I art     : Starting a blocking GC Explicit
08-04 13:40:04.567 12328 12328 D AndroidRuntime: >>>>>> START com.android.internal.os.RuntimeInit uid 2000 <<<<<<
08-04 13:40:04.572 12328 12328 D AndroidRuntime: CheckJNI is OFF
08-04 13:40:04.572 10062 10074 I art     : Explicit concurrent mark sweep GC freed 3(96B) AllocSpace objects, 0(0B) LOS objects, 28% free, 40MB/56MB, paused 848us total 27.299ms
08-04 13:40:04.604 12328 12328 D ICU     : No timezone override file found: /data/misc/zoneinfo/current/icu/icu_tzdata.dat
08-04 13:40:04.637 12328 12328 I Radio-JNI: register_android_hardware_Radio DONE
08-04 13:40:04.660 12328 12328 D AndroidRuntime: Calling main entry com.android.commands.input.Input
08-04 13:40:04.661 12328 12328 I Input   : injectKeyEvent: KeyEvent { action=ACTION_DOWN, keyCode=KEYCODE_BACK, scanCode=0, metaState=0, flags=0x0, repeatCount=0, eventTime=711621074, downTime=711621074, deviceId=-1, source=0x101 }
08-04 13:40:04.667 12328 12328 I Input   : injectKeyEvent: KeyEvent { action=ACTION_UP, keyCode=KEYCODE_BACK, scanCode=0, metaState=0, flags=0x0, repeatCount=0, eventTime=711621074, downTime=711621074, deviceId=-1, source=0x101 }
08-04 13:40:04.674 12328 12328 D AndroidRuntime: Shutting down VM
08-04 13:40:04.687 10062 10062 D baseline.com.newsblur.service.NBSyncService: rejecting request for feedset that is exhaused
08-04 13:40:04.801 10062 10062 D baseline.com.newsblur.service.NBSyncService: rejecting request for feedset that is exhaused
08-04 13:40:04.844 10062 10075 I art     : Starting a blocking GC Explicit
08-04 13:40:04.858 13866 13866 I GoogleInputMethodServic: GoogleInputMethodService.onFinishInput():3138 
08-04 13:40:04.859 13866 13866 I GoogleInputMethodServic: GoogleInputMethodService.onStartInput():1808 
08-04 13:40:04.874 10062 10075 I art     : Explicit concurrent mark sweep GC freed 4132(326KB) AllocSpace objects, 6(120KB) LOS objects, 28% free, 40MB/56MB, paused 1.019ms total 29.836ms
08-04 13:40:04.884 10062 10075 I art     : Starting a blocking GC Explicit
08-04 13:40:04.912 10062 10075 I art     : Explicit concurrent mark sweep GC freed 237(11KB) AllocSpace objects, 0(0B) LOS objects, 28% free, 40MB/56MB, paused 751us total 27.268ms
08-04 13:40:04.920 10062 10075 I art     : Starting a blocking GC Explicit
08-04 13:40:04.945 10062 10075 I art     : Explicit concurrent mark sweep GC freed 16(720B) AllocSpace objects, 1(28KB) LOS objects, 28% free, 40MB/56MB, paused 713us total 25.041ms
08-04 13:40:04.956 10062 10075 I art     : Starting a blocking GC Explicit
08-04 13:40:04.982 10062 10075 I art     : Explicit concurrent mark sweep GC freed 3(96B) AllocSpace objects, 0(0B) LOS objects, 28% free, 40MB/56MB, paused 808us total 26.292ms
08-04 13:40:04.992 10062 10075 I art     : Starting a blocking GC Explicit
08-04 13:40:05.024 10062 10075 I art     : Explicit concurrent mark sweep GC freed 3(96B) AllocSpace objects, 0(0B) LOS objects, 28% free, 40MB/56MB, paused 742us total 31.814ms
08-04 13:40:05.113 13866 13882 I PeriodicStatsRunner: PeriodicStatsRunner.call():175 call()
08-04 13:40:05.114 13866 13882 I PeriodicStatsRunner: PeriodicStatsRunner.call():179 No submit PeriodicStats since input started.
08-04 13:40:05.352 10062 10075 I art     : Starting a blocking GC Explicit
08-04 13:40:05.385 10062 10075 I art     : Explicit concurrent mark sweep GC freed 3113(161KB) AllocSpace objects, 1(20KB) LOS objects, 28% free, 40MB/56MB, paused 907us total 32.993ms
08-04 13:40:05.397 10062 10075 I art     : Starting a blocking GC Explicit
08-04 13:40:05.416   918  3263 D ConnectivityService: releasing NetworkRequest NetworkRequest [ id=2680, legacyType=-1, [ Capabilities: INTERNET&NOT_RESTRICTED&TRUSTED] ]
08-04 13:40:05.425 10062 10075 I art     : Explicit concurrent mark sweep GC freed 7180(543KB) AllocSpace objects, 12(4MB) LOS objects, 31% free, 35MB/51MB, paused 790us total 27.590ms
08-04 13:40:05.435 10062 10075 I art     : Starting a blocking GC Explicit
08-04 13:40:05.458 10062 10075 I art     : Explicit concurrent mark sweep GC freed 55(2448B) AllocSpace objects, 0(0B) LOS objects, 31% free, 35MB/51MB, paused 753us total 22.238ms
08-04 13:40:05.466 10062 10075 I art     : Starting a blocking GC Explicit
08-04 13:40:05.487 10062 10075 I art     : Explicit concurrent mark sweep GC freed 6(192B) AllocSpace objects, 0(0B) LOS objects, 31% free, 35MB/51MB, paused 742us total 20.765ms
08-04 13:40:05.495 10062 10075 I art     : Starting a blocking GC Explicit
08-04 13:40:05.507   918 13198 D NetlinkSocketObserver: NeighborEvent{elapsedMs=1695009381, 192.168.2.254, [7C3953A63323], RTM_NEWNEIGH, NUD_STALE}
08-04 13:40:05.518 10062 10075 I art     : Explicit concurrent mark sweep GC freed 7(224B) AllocSpace objects, 0(0B) LOS objects, 31% free, 35MB/51MB, paused 696us total 22.425ms
08-04 13:40:05.838 10062 10331 I art     : Starting a blocking GC Explicit
08-04 13:40:05.865 10062 10331 I art     : Explicit concurrent mark sweep GC freed 1443(82KB) AllocSpace objects, 1(20KB) LOS objects, 31% free, 35MB/51MB, paused 832us total 26.682ms
08-04 13:40:05.874 10062 10331 I art     : Starting a blocking GC Explicit
08-04 13:40:05.900 10062 10331 I art     : Explicit concurrent mark sweep GC freed 25(864B) AllocSpace objects, 0(0B) LOS objects, 31% free, 35MB/51MB, paused 717us total 25.544ms
08-04 13:40:05.910 10062 10331 I art     : Starting a blocking GC Explicit
08-04 13:40:05.934 10062 10331 I art     : Explicit concurrent mark sweep GC freed 7(224B) AllocSpace objects, 0(0B) LOS objects, 31% free, 35MB/51MB, paused 745us total 23.732ms
08-04 13:40:05.944 10062 10331 I art     : Starting a blocking GC Explicit
08-04 13:40:05.966 10062 10331 I art     : Explicit concurrent mark sweep GC freed 7(224B) AllocSpace objects, 0(0B) LOS objects, 31% free, 35MB/51MB, paused 691us total 22.654ms
08-04 13:40:05.975 10062 10331 I art     : Starting a blocking GC Explicit
08-04 13:40:05.998 10062 10331 I art     : Explicit concurrent mark sweep GC freed 6(192B) AllocSpace objects, 0(0B) LOS objects, 31% free, 35MB/51MB, paused 892us total 22.806ms
08-04 13:40:06.304 12382 12382 D AndroidRuntime: >>>>>> START com.android.internal.os.RuntimeInit uid 2000 <<<<<<
08-04 13:40:06.305 10062 10074 I art     : Starting a blocking GC Explicit
08-04 13:40:06.309 12382 12382 D AndroidRuntime: CheckJNI is OFF
08-04 13:40:06.330 10062 10074 I art     : Explicit concurrent mark sweep GC freed 1431(81KB) AllocSpace objects, 1(20KB) LOS objects, 31% free, 35MB/51MB, paused 796us total 24.277ms
08-04 13:40:06.338 10062 10074 I art     : Starting a blocking GC Explicit
08-04 13:40:06.346 12382 12382 D ICU     : No timezone override file found: /data/misc/zoneinfo/current/icu/icu_tzdata.dat
08-04 13:40:06.363 10062 10074 I art     : Explicit concurrent mark sweep GC freed 20(704B) AllocSpace objects, 0(0B) LOS objects, 31% free, 35MB/51MB, paused 834us total 24.736ms
08-04 13:40:06.373 10062 10074 I art     : Starting a blocking GC Explicit
08-04 13:40:06.382 12382 12382 I Radio-JNI: register_android_hardware_Radio DONE
08-04 13:40:06.397 10062 10074 I art     : Explicit concurrent mark sweep GC freed 3(96B) AllocSpace objects, 0(0B) LOS objects, 31% free, 35MB/51MB, paused 914us total 24.134ms
08-04 13:40:06.405 12382 12382 D AndroidRuntime: Calling main entry com.android.commands.input.Input
08-04 13:40:06.406 10062 10074 I art     : Starting a blocking GC Explicit
08-04 13:40:06.407 12382 12382 I Input   : injectKeyEvent: KeyEvent { action=ACTION_DOWN, keyCode=KEYCODE_BACK, scanCode=0, metaState=0, flags=0x0, repeatCount=0, eventTime=711622820, downTime=711622820, deviceId=-1, source=0x101 }
08-04 13:40:06.412 12382 12382 I Input   : injectKeyEvent: KeyEvent { action=ACTION_UP, keyCode=KEYCODE_BACK, scanCode=0, metaState=0, flags=0x0, repeatCount=0, eventTime=711622820, downTime=711622820, deviceId=-1, source=0x101 }
08-04 13:40:06.418 12382 12382 D AndroidRuntime: Shutting down VM
08-04 13:40:06.429 10062 10074 I art     : Explicit concurrent mark sweep GC freed 328(53KB) AllocSpace objects, 4(80KB) LOS objects, 31% free, 35MB/51MB, paused 811us total 22.833ms
08-04 13:40:06.437 10062 10074 I art     : Starting a blocking GC Explicit
08-04 13:40:06.460 10062 10074 I art     : Explicit concurrent mark sweep GC freed 64(14KB) AllocSpace objects, 0(0B) LOS objects, 31% free, 35MB/51MB, paused 785us total 22.201ms
08-04 13:40:06.501   918  3188 I hubconnection: sensorhub said: 'set_bias 3: -6.2400, 0.0000, 0.0000'
08-04 13:40:06.583 10062 12406 I baseline.com.newsblur.service.NBSyncService: recounting dirty feed sets: 1
08-04 13:40:06.599 13866 13866 I GoogleInputMethodServic: GoogleInputMethodService.onFinishInput():3138 
08-04 13:40:06.601 13866 13866 I GoogleInputMethodServic: GoogleInputMethodService.onStartInput():1808 
08-04 13:40:06.735 10062 10331 I art     : Starting a blocking GC Explicit
08-04 13:40:06.767 10062 10331 I art     : Explicit concurrent mark sweep GC freed 14968(945KB) AllocSpace objects, 14(280KB) LOS objects, 31% free, 35MB/51MB, paused 801us total 30.881ms
08-04 13:40:06.773   518   646 I ThermalEngine: ACTION: GPU - Setting GPU[0] to 450000000
08-04 13:40:06.786 10062 10331 I art     : Starting a blocking GC Explicit
08-04 13:40:06.821 10062 10331 I art     : Explicit concurrent mark sweep GC freed 1339(117KB) AllocSpace objects, 0(0B) LOS objects, 31% free, 35MB/51MB, paused 1.146ms total 33.893ms
08-04 13:40:06.832 10062 10331 I art     : Starting a blocking GC Explicit
08-04 13:40:06.866 10062 10331 I art     : Explicit concurrent mark sweep GC freed 3(96B) AllocSpace objects, 0(0B) LOS objects, 31% free, 35MB/51MB, paused 1.008ms total 33.197ms
08-04 13:40:06.880 10062 10331 I art     : Starting a blocking GC Explicit
08-04 13:40:06.915 10062 10331 I art     : Explicit concurrent mark sweep GC freed 3(96B) AllocSpace objects, 0(0B) LOS objects, 31% free, 35MB/51MB, paused 1.023ms total 34.207ms
08-04 13:40:06.927 10062 10331 I art     : Starting a blocking GC Explicit
08-04 13:40:06.960 10062 10331 I art     : Explicit concurrent mark sweep GC freed 450(20KB) AllocSpace objects, 0(0B) LOS objects, 31% free, 35MB/51MB, paused 1.084ms total 32.762ms
08-04 13:40:07.140 10062 12406 I NAPPA_EXPERIMENTATION: MetricNetworkRequestExecutionTime: REQUEST_DURATION_SYSTEM='555',REQUEST_DURATION_OKHTTP='31',REQUEST_SYNCHRONOUS='TRUE',RESPONSE_CODE='200',RESPONSE_METHOD='GET',RESPONSE_LENGTH_OKHTTP='-1',RESPONSE_LENGTH_HEADER='-2',REQUEST_PROTOCOL='http/1.1',REQUEST_URL='https://www.newsblur.com/reader/feed_unread_count?feed_id=5762506',
08-04 13:40:07.140 10062 12406 D MY_TAG  : 0, 555
08-04 13:40:07.297 10062 10075 I art     : Starting a blocking GC Explicit
08-04 13:40:07.337 10062 10075 I art     : Explicit concurrent mark sweep GC freed 18356(1162KB) AllocSpace objects, 21(560KB) LOS objects, 30% free, 35MB/51MB, paused 1.052ms total 39.524ms
08-04 13:40:07.350 10062 10075 I art     : Starting a blocking GC Explicit
08-04 13:40:07.380 10062 10075 I art     : Explicit concurrent mark sweep GC freed 7624(591KB) AllocSpace objects, 2(1188KB) LOS objects, 32% free, 33MB/49MB, paused 1.077ms total 28.941ms
08-04 13:40:07.391 10062 10075 I art     : Starting a blocking GC Explicit
08-04 13:40:07.419 10062 10075 I art     : Explicit concurrent mark sweep GC freed 16(608B) AllocSpace objects, 0(0B) LOS objects, 32% free, 33MB/49MB, paused 1.022ms total 27.653ms
08-04 13:40:07.430 10062 10075 I art     : Starting a blocking GC Explicit
08-04 13:40:07.458 10062 10075 I art     : Explicit concurrent mark sweep GC freed 7(224B) AllocSpace objects, 0(0B) LOS objects, 32% free, 33MB/49MB, paused 1.177ms total 27.924ms
08-04 13:40:07.469 10062 10075 I art     : Starting a blocking GC Explicit
08-04 13:40:07.499 10062 10075 I art     : Explicit concurrent mark sweep GC freed 28(1152B) AllocSpace objects, 0(0B) LOS objects, 32% free, 33MB/49MB, paused 1.062ms total 29.063ms
08-04 13:40:07.825 10062 10331 I art     : Starting a blocking GC Explicit
08-04 13:40:07.853 10062 10331 I art     : Explicit concurrent mark sweep GC freed 2244(115KB) AllocSpace objects, 1(20KB) LOS objects, 32% free, 33MB/49MB, paused 1.001ms total 28.501ms
08-04 13:40:07.865 10062 10331 I art     : Starting a blocking GC Explicit
08-04 13:40:07.894 10062 10331 I art     : Explicit concurrent mark sweep GC freed 25(864B) AllocSpace objects, 0(0B) LOS objects, 32% free, 33MB/49MB, paused 1.102ms total 28.454ms
08-04 13:40:07.906 10062 10331 I art     : Starting a blocking GC Explicit
08-04 13:40:07.933 10062 10331 I art     : Explicit concurrent mark sweep GC freed 7(224B) AllocSpace objects, 0(0B) LOS objects, 32% free, 33MB/49MB, paused 986us total 27.115ms
08-04 13:40:07.944 10062 10331 I art     : Starting a blocking GC Explicit
08-04 13:40:07.970 10062 10331 I art     : Explicit concurrent mark sweep GC freed 8(256B) AllocSpace objects, 0(0B) LOS objects, 32% free, 33MB/49MB, paused 1.033ms total 25.558ms
08-04 13:40:07.980 10062 10331 I art     : Starting a blocking GC Explicit
08-04 13:40:08.007 10062 10331 I art     : Explicit concurrent mark sweep GC freed 6(192B) AllocSpace objects, 0(0B) LOS objects, 32% free, 33MB/49MB, paused 984us total 26.119ms
08-04 13:40:08.193 12433 12433 D AndroidRuntime: >>>>>> START com.android.internal.os.RuntimeInit uid 2000 <<<<<<
08-04 13:40:08.199 12433 12433 D AndroidRuntime: CheckJNI is OFF
08-04 13:40:08.239 12433 12433 D ICU     : No timezone override file found: /data/misc/zoneinfo/current/icu/icu_tzdata.dat
08-04 13:40:08.281 12433 12433 I Radio-JNI: register_android_hardware_Radio DONE
08-04 13:40:08.311 12433 12433 D AndroidRuntime: Calling main entry com.android.commands.input.Input
08-04 13:40:08.313 12433 12433 I Input   : injectMotionEvent: MotionEvent { action=ACTION_DOWN, actionButton=0, id[0]=0, x[0]=553.0, y[0]=442.0, toolType[0]=TOOL_TYPE_UNKNOWN, buttonState=0, metaState=0, flags=0x0, edgeFlags=0x0, pointerCount=1, historySize=0, eventTime=711624725, downTime=711624725, deviceId=0, source=0x1002 }
08-04 13:40:08.318 12433 12433 I Input   : injectMotionEvent: MotionEvent { action=ACTION_UP, actionButton=0, id[0]=0, x[0]=553.0, y[0]=442.0, toolType[0]=TOOL_TYPE_UNKNOWN, buttonState=0, metaState=0, flags=0x0, edgeFlags=0x0, pointerCount=1, historySize=0, eventTime=711624725, downTime=711624725, deviceId=0, source=0x1002 }
08-04 13:40:08.320 12433 12433 D AndroidRuntime: Shutting down VM
08-04 13:40:08.350 10062 10074 I art     : Starting a blocking GC Explicit
08-04 13:40:08.379 10062 10074 I art     : Explicit concurrent mark sweep GC freed 1438(82KB) AllocSpace objects, 1(20KB) LOS objects, 32% free, 33MB/49MB, paused 1.057ms total 28.453ms
08-04 13:40:08.388   918  5481 I ActivityManager: START u0 {cmp=baseline.com.newsblur/.activity.AllSharedStoriesItemsList (has extras)} from uid 10652 on display 0
08-04 13:40:08.390 10062 10074 I art     : Starting a blocking GC Explicit
08-04 13:40:08.414 10062 10095 I baseline.com.newsblur.database.BlurDatabaseHelper: reading session reset
08-04 13:40:08.421 10062 10074 I art     : Explicit concurrent mark sweep GC freed 956(126KB) AllocSpace objects, 3(60KB) LOS objects, 32% free, 33MB/49MB, paused 1.465ms total 30.770ms
08-04 13:40:08.432 10062 10074 I art     : Starting a blocking GC Explicit
08-04 13:40:08.460 10062 10074 I art     : Explicit concurrent mark sweep GC freed 1138(71KB) AllocSpace objects, 3(184KB) LOS objects, 31% free, 34MB/50MB, paused 1.205ms total 27.465ms
08-04 13:40:08.471 10062 10074 I art     : Starting a blocking GC Explicit
08-04 13:40:08.498 10062 10074 I art     : Explicit concurrent mark sweep GC freed 137(7KB) AllocSpace objects, 0(0B) LOS objects, 31% free, 34MB/50MB, paused 1.130ms total 26.785ms
08-04 13:40:08.509 10062 10074 I art     : Starting a blocking GC Explicit
08-04 13:40:08.537 10062 10074 I art     : Explicit concurrent mark sweep GC freed 5(192B) AllocSpace objects, 0(0B) LOS objects, 31% free, 34MB/50MB, paused 1.067ms total 28.030ms
08-04 13:40:08.611 10062 10062 D baseline.com.newsblur.service.NBSyncService: rejecting request for feedset that is exhaused
08-04 13:40:08.617 10062 10062 W View    : requestLayout() improperly called by android.widget.FrameLayout{659e5b0 V.E...... ......ID 0,0-1440,18 #7f07003f app:id/footer_view_inner} during layout: running second layout pass
08-04 13:40:08.618 10062 10062 W View    : requestLayout() improperly called by android.widget.FrameLayout{e629c29 V.E...... ......ID 0,0-1440,2091 #7f07003f app:id/footer_view_inner} during layout: running second layout pass
08-04 13:40:08.639   918   936 I ActivityManager: Displayed baseline.com.newsblur/.activity.AllSharedStoriesItemsList: +237ms
08-04 13:40:08.639 13866 13866 I GoogleInputMethodServic: GoogleInputMethodService.onFinishInput():3138 
08-04 13:40:08.640 13866 13866 I GoogleInputMethodServic: GoogleInputMethodService.onStartInput():1808 
08-04 13:40:08.730 10062 10356 I NAPPA_EXPERIMENTATION: MetricNetworkRequestExecutionTime: REQUEST_DURATION_SYSTEM='58',REQUEST_DURATION_OKHTTP='56',REQUEST_SYNCHRONOUS='TRUE',RESPONSE_CODE='200',RESPONSE_METHOD='GET',RESPONSE_LENGTH_OKHTTP='43',RESPONSE_LENGTH_HEADER='43',REQUEST_PROTOCOL='http/1.1',REQUEST_URL='http://feeds.feedburner.com/~r/retort/~4/UffaFMiJbNs',
08-04 13:40:08.869 10062 10075 I art     : Starting a blocking GC Explicit
08-04 13:40:08.902 10062 10075 I art     : Explicit concurrent mark sweep GC freed 4390(309KB) AllocSpace objects, 11(220KB) LOS objects, 31% free, 35MB/51MB, paused 1.001ms total 32.661ms
08-04 13:40:08.913 10062 10075 I art     : Starting a blocking GC Explicit
08-04 13:40:08.942 10062 10075 I art     : Explicit concurrent mark sweep GC freed 1223(114KB) AllocSpace objects, 0(0B) LOS objects, 31% free, 35MB/51MB, paused 962us total 28.131ms
08-04 13:40:08.953 10062 10075 I art     : Starting a blocking GC Explicit
08-04 13:40:08.980 10062 10075 I art     : Explicit concurrent mark sweep GC freed 3(96B) AllocSpace objects, 0(0B) LOS objects, 31% free, 35MB/51MB, paused 994us total 27.220ms
08-04 13:40:08.991 10062 10075 I art     : Starting a blocking GC Explicit
08-04 13:40:09.020 10062 10075 I art     : Explicit concurrent mark sweep GC freed 57(2336B) AllocSpace objects, 0(0B) LOS objects, 31% free, 35MB/51MB, paused 2.126ms total 28.792ms
08-04 13:40:09.030 10062 10075 I art     : Starting a blocking GC Explicit
08-04 13:40:09.061 10062 10075 I art     : Explicit concurrent mark sweep GC freed 15(672B) AllocSpace objects, 0(0B) LOS objects, 31% free, 35MB/51MB, paused 1.039ms total 30.594ms
08-04 13:40:09.415 10062 10096 I art     : Starting a blocking GC Explicit
08-04 13:40:09.453 10062 10096 I art     : Explicit concurrent mark sweep GC freed 1533(86KB) AllocSpace objects, 1(20KB) LOS objects, 31% free, 35MB/51MB, paused 1.135ms total 37.913ms
08-04 13:40:09.466 10062 10096 I art     : Starting a blocking GC Explicit
08-04 13:40:09.498 10062 10096 I art     : Explicit concurrent mark sweep GC freed 20(704B) AllocSpace objects, 0(0B) LOS objects, 31% free, 35MB/51MB, paused 1.107ms total 32.075ms
08-04 13:40:09.510 10062 10096 I art     : Starting a blocking GC Explicit
08-04 13:40:09.541 10062 10096 I art     : Explicit concurrent mark sweep GC freed 3(96B) AllocSpace objects, 0(0B) LOS objects, 31% free, 35MB/51MB, paused 1.075ms total 30.558ms
08-04 13:40:09.552 10062 10096 I art     : Starting a blocking GC Explicit
08-04 13:40:09.584 10062 10096 I art     : Explicit concurrent mark sweep GC freed 3(96B) AllocSpace objects, 0(0B) LOS objects, 31% free, 35MB/51MB, paused 1.052ms total 31.091ms
08-04 13:40:09.595 10062 10096 I art     : Starting a blocking GC Explicit
08-04 13:40:09.627 10062 10096 I art     : Explicit concurrent mark sweep GC freed 3(96B) AllocSpace objects, 0(0B) LOS objects, 31% free, 35MB/51MB, paused 1.064ms total 31.346ms
08-04 13:40:09.859 13866 13882 I PeriodicStatsRunner: PeriodicStatsRunner.call():175 call()
08-04 13:40:09.859 13866 13882 I PeriodicStatsRunner: PeriodicStatsRunner.call():179 No submit PeriodicStats since input started.
08-04 13:40:09.987 10062 10096 I art     : Starting a blocking GC Explicit
08-04 13:40:10.022 10062 10096 I art     : Explicit concurrent mark sweep GC freed 1430(81KB) AllocSpace objects, 1(20KB) LOS objects, 31% free, 35MB/51MB, paused 1.138ms total 34.929ms
08-04 13:40:10.036 10062 10096 I art     : Starting a blocking GC Explicit
08-04 13:40:10.069 10062 10096 I art     : Explicit concurrent mark sweep GC freed 20(704B) AllocSpace objects, 0(0B) LOS objects, 31% free, 35MB/51MB, paused 1.005ms total 32.980ms
08-04 13:40:10.081 10062 10096 I art     : Starting a blocking GC Explicit
08-04 13:40:10.113 10062 10096 I art     : Explicit concurrent mark sweep GC freed 3(96B) AllocSpace objects, 0(0B) LOS objects, 31% free, 35MB/51MB, paused 976us total 31.337ms
08-04 13:40:10.124 10062 10096 I art     : Starting a blocking GC Explicit
08-04 13:40:10.159 10062 10096 I art     : Explicit concurrent mark sweep GC freed 3(96B) AllocSpace objects, 0(0B) LOS objects, 31% free, 35MB/51MB, paused 1.145ms total 34.483ms
08-04 13:40:10.171 10062 10096 I art     : Starting a blocking GC Explicit
08-04 13:40:10.205 10062 10096 I art     : Explicit concurrent mark sweep GC freed 3(96B) AllocSpace objects, 0(0B) LOS objects, 31% free, 35MB/51MB, paused 1.110ms total 34.179ms
08-04 13:40:10.571 10062 10331 I art     : Starting a blocking GC Explicit
08-04 13:40:10.616 10062 10331 I art     : Explicit concurrent mark sweep GC freed 1403(81KB) AllocSpace objects, 1(20KB) LOS objects, 31% free, 35MB/51MB, paused 1.238ms total 44.499ms
08-04 13:40:10.632 10062 10331 I art     : Starting a blocking GC Explicit
08-04 13:40:10.671 10062 10331 I art     : Explicit concurrent mark sweep GC freed 20(704B) AllocSpace objects, 0(0B) LOS objects, 31% free, 35MB/51MB, paused 1.088ms total 38.478ms
08-04 13:40:10.683 10062 10331 I art     : Starting a blocking GC Explicit
08-04 13:40:10.717 10062 10331 I art     : Explicit concurrent mark sweep GC freed 3(96B) AllocSpace objects, 0(0B) LOS objects, 31% free, 35MB/51MB, paused 989us total 33.411ms
08-04 13:40:10.728 10062 10331 I art     : Starting a blocking GC Explicit
08-04 13:40:10.762 10062 10331 I art     : Explicit concurrent mark sweep GC freed 3(96B) AllocSpace objects, 0(0B) LOS objects, 31% free, 35MB/51MB, paused 1.084ms total 33.685ms
08-04 13:40:10.774 10062 10331 I art     : Starting a blocking GC Explicit
08-04 13:40:10.806 10062 10331 I art     : Explicit concurrent mark sweep GC freed 3(96B) AllocSpace objects, 0(0B) LOS objects, 31% free, 35MB/51MB, paused 1.053ms total 31.397ms
08-04 13:40:11.140 10062 10074 I art     : Starting a blocking GC Explicit
08-04 13:40:11.179 10062 10074 I art     : Explicit concurrent mark sweep GC freed 1403(81KB) AllocSpace objects, 1(20KB) LOS objects, 31% free, 35MB/51MB, paused 1.171ms total 38.298ms
08-04 13:40:11.192 10062 10074 I art     : Starting a blocking GC Explicit
08-04 13:40:11.226 10062 10074 I art     : Explicit concurrent mark sweep GC freed 20(704B) AllocSpace objects, 0(0B) LOS objects, 31% free, 35MB/51MB, paused 1.088ms total 33.749ms
08-04 13:40:11.238 10062 10074 I art     : Starting a blocking GC Explicit
08-04 13:40:11.272 10062 10074 I art     : Explicit concurrent mark sweep GC freed 3(96B) AllocSpace objects, 0(0B) LOS objects, 31% free, 35MB/51MB, paused 1.028ms total 33.280ms
08-04 13:40:11.284 10062 10074 I art     : Starting a blocking GC Explicit
08-04 13:40:11.319 10062 10074 I art     : Explicit concurrent mark sweep GC freed 3(96B) AllocSpace objects, 0(0B) LOS objects, 31% free, 35MB/51MB, paused 1.031ms total 34.554ms
08-04 13:40:11.330 10062 10074 I art     : Starting a blocking GC Explicit
08-04 13:40:11.365 10062 10074 I art     : Explicit concurrent mark sweep GC freed 3(96B) AllocSpace objects, 0(0B) LOS objects, 31% free, 35MB/51MB, paused 1.090ms total 34.568ms
08-04 13:40:11.600 13866 13882 I PeriodicStatsRunner: PeriodicStatsRunner.call():175 call()
08-04 13:40:11.600 13866 13882 I PeriodicStatsRunner: PeriodicStatsRunner.call():179 No submit PeriodicStats since input started.
08-04 13:40:11.746 10062 10075 I art     : Starting a blocking GC Explicit
08-04 13:40:11.787 10062 10075 I art     : Explicit concurrent mark sweep GC freed 1402(82KB) AllocSpace objects, 1(20KB) LOS objects, 31% free, 35MB/51MB, paused 1.171ms total 40.771ms
08-04 13:40:11.801 10062 10075 I art     : Starting a blocking GC Explicit
08-04 13:40:11.835 10062 10075 I art     : Explicit concurrent mark sweep GC freed 20(704B) AllocSpace objects, 0(0B) LOS objects, 31% free, 35MB/51MB, paused 1.112ms total 33.615ms
08-04 13:40:11.847 10062 10075 I art     : Starting a blocking GC Explicit
08-04 13:40:11.882 10062 10075 I art     : Explicit concurrent mark sweep GC freed 3(96B) AllocSpace objects, 0(0B) LOS objects, 31% free, 35MB/51MB, paused 1.098ms total 34.430ms
08-04 13:40:11.894 10062 10075 I art     : Starting a blocking GC Explicit
08-04 13:40:11.927 10062 10075 I art     : Explicit concurrent mark sweep GC freed 3(96B) AllocSpace objects, 0(0B) LOS objects, 31% free, 35MB/51MB, paused 987us total 32.871ms
08-04 13:40:11.939 10062 10075 I art     : Starting a blocking GC Explicit
08-04 13:40:11.974 10062 10075 I art     : Explicit concurrent mark sweep GC freed 3(96B) AllocSpace objects, 0(0B) LOS objects, 31% free, 35MB/51MB, paused 1.101ms total 34.823ms
08-04 13:40:12.360 10062 10096 I art     : Starting a blocking GC Explicit
08-04 13:40:12.403 10062 10096 I art     : Explicit concurrent mark sweep GC freed 1401(80KB) AllocSpace objects, 1(20KB) LOS objects, 31% free, 35MB/51MB, paused 1.107ms total 43.147ms
08-04 13:40:12.418 10062 10096 I art     : Starting a blocking GC Explicit
08-04 13:40:12.453 10062 10096 I art     : Explicit concurrent mark sweep GC freed 20(704B) AllocSpace objects, 0(0B) LOS objects, 31% free, 35MB/51MB, paused 1.104ms total 34.817ms
08-04 13:40:12.465 10062 10096 I art     : Starting a blocking GC Explicit
08-04 13:40:12.500 10062 10096 I art     : Explicit concurrent mark sweep GC freed 3(96B) AllocSpace objects, 0(0B) LOS objects, 31% free, 35MB/51MB, paused 1.081ms total 34.086ms
08-04 13:40:12.511 10062 10096 I art     : Starting a blocking GC Explicit
08-04 13:40:12.545 10062 10096 I art     : Explicit concurrent mark sweep GC freed 3(96B) AllocSpace objects, 0(0B) LOS objects, 31% free, 35MB/51MB, paused 1.105ms total 33.338ms
08-04 13:40:12.557 10062 10096 I art     : Starting a blocking GC Explicit
08-04 13:40:12.592 10062 10096 I art     : Explicit concurrent mark sweep GC freed 3(96B) AllocSpace objects, 0(0B) LOS objects, 31% free, 35MB/51MB, paused 1.089ms total 34.469ms
08-04 13:40:12.783   518   646 I ThermalEngine: ACTION: GPU - Setting GPU[0] to 510000000
08-04 13:40:12.940 10062 10331 I art     : Starting a blocking GC Explicit
08-04 13:40:12.977 10062 10331 I art     : Explicit concurrent mark sweep GC freed 1402(80KB) AllocSpace objects, 1(20KB) LOS objects, 31% free, 35MB/51MB, paused 879us total 36.993ms
08-04 13:40:12.990 10062 10331 I art     : Starting a blocking GC Explicit
08-04 13:40:13.015 10062 10331 I art     : Explicit concurrent mark sweep GC freed 20(704B) AllocSpace objects, 0(0B) LOS objects, 31% free, 35MB/51MB, paused 805us total 24.578ms
08-04 13:40:13.024 10062 10331 I art     : Starting a blocking GC Explicit
08-04 13:40:13.049 10062 10331 I art     : Explicit concurrent mark sweep GC freed 3(96B) AllocSpace objects, 0(0B) LOS objects, 31% free, 35MB/51MB, paused 803us total 25.123ms
08-04 13:40:13.058 10062 10331 I art     : Starting a blocking GC Explicit
08-04 13:40:13.084 10062 10331 I art     : Explicit concurrent mark sweep GC freed 3(96B) AllocSpace objects, 0(0B) LOS objects, 31% free, 35MB/51MB, paused 795us total 25.687ms
08-04 13:40:13.094 10062 10331 I art     : Starting a blocking GC Explicit
08-04 13:40:13.119 10062 10331 I art     : Explicit concurrent mark sweep GC freed 3(96B) AllocSpace objects, 0(0B) LOS objects, 31% free, 35MB/51MB, paused 783us total 25.142ms
08-04 13:40:13.467 10062 10074 I art     : Starting a blocking GC Explicit
08-04 13:40:13.500 10062 10074 I art     : Explicit concurrent mark sweep GC freed 1401(80KB) AllocSpace objects, 1(20KB) LOS objects, 31% free, 35MB/51MB, paused 860us total 31.640ms
08-04 13:40:13.513 10062 10074 I art     : Starting a blocking GC Explicit
08-04 13:40:13.539 10062 10074 I art     : Explicit concurrent mark sweep GC freed 20(704B) AllocSpace objects, 0(0B) LOS objects, 31% free, 35MB/51MB, paused 824us total 25.340ms
08-04 13:40:13.548 10062 10074 I art     : Starting a blocking GC Explicit
08-04 13:40:13.573 10062 10074 I art     : Explicit concurrent mark sweep GC freed 3(96B) AllocSpace objects, 0(0B) LOS objects, 31% free, 35MB/51MB, paused 787us total 25.102ms
08-04 13:40:13.583 10062 10074 I art     : Starting a blocking GC Explicit
08-04 13:40:13.608 10062 10074 I art     : Explicit concurrent mark sweep GC freed 3(96B) AllocSpace objects, 0(0B) LOS objects, 31% free, 35MB/51MB, paused 830us total 25.153ms
08-04 13:40:13.617 10062 10074 I art     : Starting a blocking GC Explicit
08-04 13:40:13.640 13866 13882 I PeriodicStatsRunner: PeriodicStatsRunner.call():175 call()
08-04 13:40:13.641 13866 13882 I PeriodicStatsRunner: PeriodicStatsRunner.call():179 No submit PeriodicStats since input started.
08-04 13:40:13.642 10062 10074 I art     : Explicit concurrent mark sweep GC freed 3(96B) AllocSpace objects, 0(0B) LOS objects, 31% free, 35MB/51MB, paused 724us total 24.036ms
08-04 13:40:14.006 10062 10075 I art     : Starting a blocking GC Explicit
08-04 13:40:14.039 10062 10075 I art     : Explicit concurrent mark sweep GC freed 1401(80KB) AllocSpace objects, 1(20KB) LOS objects, 31% free, 35MB/51MB, paused 898us total 32.385ms
08-04 13:40:14.050 10062 10075 I art     : Starting a blocking GC Explicit
08-04 13:40:14.076 10062 10075 I art     : Explicit concurrent mark sweep GC freed 20(704B) AllocSpace objects, 0(0B) LOS objects, 31% free, 35MB/51MB, paused 812us total 25.716ms
08-04 13:40:14.086 10062 10075 I art     : Starting a blocking GC Explicit
08-04 13:40:14.112 10062 10075 I art     : Explicit concurrent mark sweep GC freed 3(96B) AllocSpace objects, 0(0B) LOS objects, 31% free, 35MB/51MB, paused 807us total 25.717ms
08-04 13:40:14.121 10062 10075 I art     : Starting a blocking GC Explicit
08-04 13:40:14.145 10062 10075 I art     : Explicit concurrent mark sweep GC freed 3(96B) AllocSpace objects, 0(0B) LOS objects, 31% free, 35MB/51MB, paused 793us total 24.224ms
08-04 13:40:14.155 10062 10075 I art     : Starting a blocking GC Explicit
08-04 13:40:14.180 10062 10075 I art     : Explicit concurrent mark sweep GC freed 3(96B) AllocSpace objects, 0(0B) LOS objects, 31% free, 35MB/51MB, paused 813us total 25.127ms
08-04 13:40:14.533 10062 10096 I art     : Starting a blocking GC Explicit
08-04 13:40:14.567 10062 10096 I art     : Explicit concurrent mark sweep GC freed 1401(80KB) AllocSpace objects, 1(20KB) LOS objects, 31% free, 35MB/51MB, paused 876us total 33.298ms
08-04 13:40:14.580 10062 10096 I art     : Starting a blocking GC Explicit
08-04 13:40:14.606 10062 10096 I art     : Explicit concurrent mark sweep GC freed 20(704B) AllocSpace objects, 0(0B) LOS objects, 31% free, 35MB/51MB, paused 807us total 26.372ms
08-04 13:40:14.615 10062 10096 I art     : Starting a blocking GC Explicit
08-04 13:40:14.640 10062 10096 I art     : Explicit concurrent mark sweep GC freed 3(96B) AllocSpace objects, 0(0B) LOS objects, 31% free, 35MB/51MB, paused 763us total 24.430ms
08-04 13:40:14.649 10062 10096 I art     : Starting a blocking GC Explicit
08-04 13:40:14.675 10062 10096 I art     : Explicit concurrent mark sweep GC freed 3(96B) AllocSpace objects, 0(0B) LOS objects, 31% free, 35MB/51MB, paused 804us total 25.758ms
08-04 13:40:14.685 10062 10096 I art     : Starting a blocking GC Explicit
08-04 13:40:14.710 10062 10096 I art     : Explicit concurrent mark sweep GC freed 3(96B) AllocSpace objects, 0(0B) LOS objects, 31% free, 35MB/51MB, paused 781us total 25.228ms
08-04 13:40:15.063 10062 10331 I art     : Starting a blocking GC Explicit
08-04 13:40:15.095 10062 10331 I art     : Explicit concurrent mark sweep GC freed 1401(80KB) AllocSpace objects, 1(20KB) LOS objects, 31% free, 35MB/51MB, paused 867us total 31.460ms
08-04 13:40:15.108 10062 10331 I art     : Starting a blocking GC Explicit
08-04 13:40:15.133 10062 10331 I art     : Explicit concurrent mark sweep GC freed 20(704B) AllocSpace objects, 0(0B) LOS objects, 31% free, 35MB/51MB, paused 756us total 24.531ms
08-04 13:40:15.142 10062 10331 I art     : Starting a blocking GC Explicit
08-04 13:40:15.167 10062 10331 I art     : Explicit concurrent mark sweep GC freed 3(96B) AllocSpace objects, 0(0B) LOS objects, 31% free, 35MB/51MB, paused 862us total 25.153ms
08-04 13:40:15.176 10062 10331 I art     : Starting a blocking GC Explicit
08-04 13:40:15.201 10062 10331 I art     : Explicit concurrent mark sweep GC freed 3(96B) AllocSpace objects, 0(0B) LOS objects, 31% free, 35MB/51MB, paused 777us total 25.043ms
08-04 13:40:15.211 10062 10331 I art     : Starting a blocking GC Explicit
08-04 13:40:15.237 10062 10331 I art     : Explicit concurrent mark sweep GC freed 3(96B) AllocSpace objects, 0(0B) LOS objects, 31% free, 35MB/51MB, paused 814us total 25.671ms
08-04 13:40:15.590 10062 10074 I art     : Starting a blocking GC Explicit
08-04 13:40:15.626 10062 10074 I art     : Explicit concurrent mark sweep GC freed 1401(80KB) AllocSpace objects, 1(20KB) LOS objects, 31% free, 35MB/51MB, paused 822us total 35.016ms
08-04 13:40:15.638 10062 10074 I art     : Starting a blocking GC Explicit
08-04 13:40:15.663 10062 10074 I art     : Explicit concurrent mark sweep GC freed 20(704B) AllocSpace objects, 0(0B) LOS objects, 31% free, 35MB/51MB, paused 791us total 24.719ms
08-04 13:40:15.672 10062 10074 I art     : Starting a blocking GC Explicit
08-04 13:40:15.698 10062 10074 I art     : Explicit concurrent mark sweep GC freed 3(96B) AllocSpace objects, 0(0B) LOS objects, 31% free, 35MB/51MB, paused 851us total 25.295ms
08-04 13:40:15.707 10062 10074 I art     : Starting a blocking GC Explicit
08-04 13:40:15.733 10062 10074 I art     : Explicit concurrent mark sweep GC freed 3(96B) AllocSpace objects, 0(0B) LOS objects, 31% free, 35MB/51MB, paused 802us total 25.259ms
08-04 13:40:15.742 10062 10074 I art     : Starting a blocking GC Explicit
08-04 13:40:15.767 10062 10074 I art     : Explicit concurrent mark sweep GC freed 3(96B) AllocSpace objects, 0(0B) LOS objects, 31% free, 35MB/51MB, paused 737us total 24.576ms
08-04 13:40:16.139 10062 10075 I art     : Starting a blocking GC Explicit
08-04 13:40:16.172 10062 10075 I art     : Explicit concurrent mark sweep GC freed 1401(80KB) AllocSpace objects, 1(20KB) LOS objects, 31% free, 35MB/51MB, paused 856us total 32.584ms
08-04 13:40:16.184 10062 10075 I art     : Starting a blocking GC Explicit
08-04 13:40:16.210 10062 10075 I art     : Explicit concurrent mark sweep GC freed 20(704B) AllocSpace objects, 0(0B) LOS objects, 31% free, 35MB/51MB, paused 824us total 25.846ms
08-04 13:40:16.219 10062 10075 I art     : Starting a blocking GC Explicit
08-04 13:40:16.245 10062 10075 I art     : Explicit concurrent mark sweep GC freed 3(96B) AllocSpace objects, 0(0B) LOS objects, 31% free, 35MB/51MB, paused 750us total 25.512ms
08-04 13:40:16.254 10062 10075 I art     : Starting a blocking GC Explicit
08-04 13:40:16.279 10062 10075 I art     : Explicit concurrent mark sweep GC freed 3(96B) AllocSpace objects, 0(0B) LOS objects, 31% free, 35MB/51MB, paused 809us total 24.639ms
08-04 13:40:16.288 10062 10075 I art     : Starting a blocking GC Explicit
08-04 13:40:16.313 10062 10075 I art     : Explicit concurrent mark sweep GC freed 3(96B) AllocSpace objects, 0(0B) LOS objects, 31% free, 35MB/51MB, paused 808us total 25.157ms
08-04 13:40:16.661 10062 10096 I art     : Starting a blocking GC Explicit
08-04 13:40:16.693 10062 10096 I art     : Explicit concurrent mark sweep GC freed 1401(80KB) AllocSpace objects, 1(20KB) LOS objects, 31% free, 35MB/51MB, paused 800us total 31.408ms
08-04 13:40:16.702 10062 10096 I art     : Starting a blocking GC Explicit
08-04 13:40:16.724 10062 10096 I art     : Explicit concurrent mark sweep GC freed 20(704B) AllocSpace objects, 0(0B) LOS objects, 31% free, 35MB/51MB, paused 773us total 22.153ms
08-04 13:40:16.732 10062 10096 I art     : Starting a blocking GC Explicit
08-04 13:40:16.755 10062 10096 I art     : Explicit concurrent mark sweep GC freed 3(96B) AllocSpace objects, 0(0B) LOS objects, 31% free, 35MB/51MB, paused 763us total 22.647ms
08-04 13:40:16.764 10062 10096 I art     : Starting a blocking GC Explicit
08-04 13:40:16.790 10062 10096 I art     : Explicit concurrent mark sweep GC freed 3(96B) AllocSpace objects, 0(0B) LOS objects, 31% free, 35MB/51MB, paused 805us total 25.010ms
08-04 13:40:16.799 10062 10096 I art     : Starting a blocking GC Explicit
08-04 13:40:16.823 10062 10096 I art     : Explicit concurrent mark sweep GC freed 3(96B) AllocSpace objects, 0(0B) LOS objects, 31% free, 35MB/51MB, paused 795us total 24.562ms
08-04 13:40:17.194 10062 10331 I art     : Starting a blocking GC Explicit
08-04 13:40:17.230 10062 10331 I art     : Explicit concurrent mark sweep GC freed 1401(80KB) AllocSpace objects, 1(20KB) LOS objects, 31% free, 35MB/51MB, paused 874us total 36.117ms
08-04 13:40:17.243 10062 10331 I art     : Starting a blocking GC Explicit
08-04 13:40:17.268 10062 10331 I art     : Explicit concurrent mark sweep GC freed 20(704B) AllocSpace objects, 0(0B) LOS objects, 31% free, 35MB/51MB, paused 820us total 24.087ms
08-04 13:40:17.277 10062 10331 I art     : Starting a blocking GC Explicit
08-04 13:40:17.302 10062 10331 I art     : Explicit concurrent mark sweep GC freed 3(96B) AllocSpace objects, 0(0B) LOS objects, 31% free, 35MB/51MB, paused 791us total 24.901ms
08-04 13:40:17.311 10062 10331 I art     : Starting a blocking GC Explicit
08-04 13:40:17.336 10062 10331 I art     : Explicit concurrent mark sweep GC freed 3(96B) AllocSpace objects, 0(0B) LOS objects, 31% free, 35MB/51MB, paused 792us total 24.731ms
08-04 13:40:17.345 10062 10331 I art     : Starting a blocking GC Explicit
08-04 13:40:17.370 10062 10331 I art     : Explicit concurrent mark sweep GC freed 3(96B) AllocSpace objects, 0(0B) LOS objects, 31% free, 35MB/51MB, paused 779us total 24.417ms
08-04 13:40:17.747 10062 10074 I art     : Starting a blocking GC Explicit
08-04 13:40:17.774 10062 10074 I art     : Explicit concurrent mark sweep GC freed 1401(80KB) AllocSpace objects, 1(20KB) LOS objects, 31% free, 35MB/51MB, paused 820us total 27.055ms
08-04 13:40:17.783 10062 10074 I art     : Starting a blocking GC Explicit
08-04 13:40:17.808 10062 10074 I art     : Explicit concurrent mark sweep GC freed 20(704B) AllocSpace objects, 0(0B) LOS objects, 31% free, 35MB/51MB, paused 820us total 24.665ms
08-04 13:40:17.817 10062 10074 I art     : Starting a blocking GC Explicit
08-04 13:40:17.842 10062 10074 I art     : Explicit concurrent mark sweep GC freed 3(96B) AllocSpace objects, 0(0B) LOS objects, 31% free, 35MB/51MB, paused 795us total 25.297ms
08-04 13:40:17.852 10062 10074 I art     : Starting a blocking GC Explicit
08-04 13:40:17.877 10062 10074 I art     : Explicit concurrent mark sweep GC freed 3(96B) AllocSpace objects, 0(0B) LOS objects, 31% free, 35MB/51MB, paused 838us total 25.076ms
08-04 13:40:17.886 10062 10074 I art     : Starting a blocking GC Explicit
08-04 13:40:17.912 10062 10074 I art     : Explicit concurrent mark sweep GC freed 3(96B) AllocSpace objects, 0(0B) LOS objects, 31% free, 35MB/51MB, paused 804us total 25.547ms
08-04 13:40:18.276 10062 10075 I art     : Starting a blocking GC Explicit
08-04 13:40:18.308 10062 10075 I art     : Explicit concurrent mark sweep GC freed 1401(80KB) AllocSpace objects, 1(20KB) LOS objects, 31% free, 35MB/51MB, paused 1.019ms total 31.802ms
08-04 13:40:18.321 10062 10075 I art     : Starting a blocking GC Explicit
08-04 13:40:18.349 10062 10075 I art     : Explicit concurrent mark sweep GC freed 20(704B) AllocSpace objects, 0(0B) LOS objects, 31% free, 35MB/51MB, paused 765us total 26.448ms
08-04 13:40:18.358 10062 10075 I art     : Starting a blocking GC Explicit
08-04 13:40:18.383 10062 10075 I art     : Explicit concurrent mark sweep GC freed 3(96B) AllocSpace objects, 0(0B) LOS objects, 31% free, 35MB/51MB, paused 799us total 25.299ms
08-04 13:40:18.392 10062 10075 I art     : Starting a blocking GC Explicit
08-04 13:40:18.418 10062 10075 I art     : Explicit concurrent mark sweep GC freed 3(96B) AllocSpace objects, 0(0B) LOS objects, 31% free, 35MB/51MB, paused 817us total 25.160ms
08-04 13:40:18.427 10062 10075 I art     : Starting a blocking GC Explicit
08-04 13:40:18.452 10062 10075 I art     : Explicit concurrent mark sweep GC freed 3(96B) AllocSpace objects, 0(0B) LOS objects, 31% free, 35MB/51MB, paused 769us total 25.124ms
08-04 13:40:18.764 10062 10096 I art     : Starting a blocking GC Explicit
08-04 13:40:18.792 10062 10096 I art     : Explicit concurrent mark sweep GC freed 1401(80KB) AllocSpace objects, 1(20KB) LOS objects, 31% free, 35MB/51MB, paused 918us total 28.122ms
08-04 13:40:18.806 10062 10096 I art     : Starting a blocking GC Explicit
08-04 13:40:18.831 10062 10096 I art     : Explicit concurrent mark sweep GC freed 20(704B) AllocSpace objects, 0(0B) LOS objects, 31% free, 35MB/51MB, paused 792us total 24.528ms
08-04 13:40:18.840 10062 10096 I art     : Starting a blocking GC Explicit
08-04 13:40:18.865 10062 10096 I art     : Explicit concurrent mark sweep GC freed 3(96B) AllocSpace objects, 0(0B) LOS objects, 31% free, 35MB/51MB, paused 820us total 24.281ms
08-04 13:40:18.874 10062 10096 I art     : Starting a blocking GC Explicit
08-04 13:40:18.899 10062 10096 I art     : Explicit concurrent mark sweep GC freed 3(96B) AllocSpace objects, 0(0B) LOS objects, 31% free, 35MB/51MB, paused 788us total 24.782ms
08-04 13:40:18.908 10062 10096 I art     : Starting a blocking GC Explicit
08-04 13:40:18.932 10062 10096 I art     : Explicit concurrent mark sweep GC freed 3(96B) AllocSpace objects, 0(0B) LOS objects, 31% free, 35MB/51MB, paused 801us total 24.256ms
08-04 13:40:19.020 12647 12647 D AndroidRuntime: >>>>>> START com.android.internal.os.RuntimeInit uid 2000 <<<<<<
08-04 13:40:19.025 12647 12647 D AndroidRuntime: CheckJNI is OFF
08-04 13:40:19.065 12647 12647 D ICU     : No timezone override file found: /data/misc/zoneinfo/current/icu/icu_tzdata.dat
08-04 13:40:19.099 12647 12647 I Radio-JNI: register_android_hardware_Radio DONE
08-04 13:40:19.121 12647 12647 D AndroidRuntime: Calling main entry com.android.commands.input.Input
08-04 13:40:19.123 12647 12647 I Input   : injectMotionEvent: MotionEvent { action=ACTION_DOWN, actionButton=0, id[0]=0, x[0]=436.0, y[0]=453.0, toolType[0]=TOOL_TYPE_UNKNOWN, buttonState=0, metaState=0, flags=0x0, edgeFlags=0x0, pointerCount=1, historySize=0, eventTime=711635535, downTime=711635535, deviceId=0, source=0x1002 }
08-04 13:40:19.127 12647 12647 I Input   : injectMotionEvent: MotionEvent { action=ACTION_UP, actionButton=0, id[0]=0, x[0]=436.0, y[0]=453.0, toolType[0]=TOOL_TYPE_UNKNOWN, buttonState=0, metaState=0, flags=0x0, edgeFlags=0x0, pointerCount=1, historySize=0, eventTime=711635535, downTime=711635535, deviceId=0, source=0x1002 }
08-04 13:40:19.130 12647 12647 D AndroidRuntime: Shutting down VM
08-04 13:40:19.153   918  5952 I ActivityManager: START u0 {cmp=baseline.com.newsblur/.activity.AllSharedStoriesReading (has extras)} from uid 10652 on display 0
08-04 13:40:19.155   512  2967 D audio_hw_primary: out_set_parameters: enter: usecase(1: low-latency-playback) kvpairs: routing=2
08-04 13:40:19.168   512  2967 D audio_hw_primary: select_devices: out_snd_device(2: speaker) in_snd_device(0: none)
08-04 13:40:19.168   512  2967 D msm8974_platform: platform_send_audio_calibration: sending audio calibration for snd_device(2) acdb_id(15)
08-04 13:40:19.168   512  2967 I soundtrigger: audio_extn_sound_trigger_update_device_status: device 0x2 of type 0 for Event 1
08-04 13:40:19.182   512  2967 D audio_hw_primary: enable_snd_device: snd_device(2: speaker)
08-04 13:40:19.184   512  2967 D audio_hw_primary: enable_audio_route: apply and update mixer path: low-latency-playback speaker
08-04 13:40:19.256 10062 10075 I art     : Starting a blocking GC Explicit
08-04 13:40:19.282 10062 10075 I art     : Explicit concurrent mark sweep GC freed 2948(230KB) AllocSpace objects, 6(580KB) LOS objects, 30% free, 37MB/53MB, paused 872us total 25.714ms
08-04 13:40:19.292 10062 10075 I art     : Starting a blocking GC Explicit
08-04 13:40:19.317 10062 10075 I art     : Explicit concurrent mark sweep GC freed 587(46KB) AllocSpace objects, 1(20KB) LOS objects, 30% free, 37MB/53MB, paused 919us total 25.400ms
08-04 13:40:19.326 10062 10075 I art     : Starting a blocking GC Explicit
08-04 13:40:19.348 10062 10075 I art     : Explicit concurrent mark sweep GC freed 33(1232B) AllocSpace objects, 0(0B) LOS objects, 30% free, 37MB/53MB, paused 748us total 22.333ms
08-04 13:40:19.357 10062 10075 I art     : Starting a blocking GC Explicit
08-04 13:40:19.373 13866 13866 I GoogleInputMethodServic: GoogleInputMethodService.onFinishInput():3138 
08-04 13:40:19.373 13866 13866 I GoogleInputMethodServic: GoogleInputMethodService.onStartInput():1808 
08-04 13:40:19.382 10062 10075 I art     : Explicit concurrent mark sweep GC freed 469(39KB) AllocSpace objects, 1(20KB) LOS objects, 29% free, 39MB/55MB, paused 934us total 24.841ms
08-04 13:40:19.392 10062 10075 I art     : Starting a blocking GC Explicit
08-04 13:40:19.399  6615  6615 I ServiceManager: Waiting for service AtCmdFwd...
08-04 13:40:19.401   918   936 I ActivityManager: Displayed baseline.com.newsblur/.activity.AllSharedStoriesReading: +240ms
08-04 13:40:19.412   918  6110 D ConnectivityService: listenForNetwork for Listen from uid/pid:10652/10062 for NetworkRequest [ id=2681, legacyType=-1, [ Capabilities: INTERNET&NOT_RESTRICTED&TRUSTED] ]
08-04 13:40:19.415 10062 10075 I art     : Explicit concurrent mark sweep GC freed 1073(48KB) AllocSpace objects, 0(0B) LOS objects, 29% free, 39MB/55MB, paused 1.223ms total 23.420ms
08-04 13:40:19.563 10062 10678 E chromium: [ERROR:tile_manager.cc(793)] WARNING: tile memory limits exceeded, some content may not draw
08-04 13:40:19.563 10062 10678 E chromium: [ERROR:tile_manager.cc(793)] WARNING: tile memory limits exceeded, some content may not draw
08-04 13:40:19.596 10062 10678 E chromium: [ERROR:tile_manager.cc(793)] WARNING: tile memory limits exceeded, some content may not draw
08-04 13:40:19.597 10062 10678 E chromium: [ERROR:tile_manager.cc(793)] WARNING: tile memory limits exceeded, some content may not draw
08-04 13:40:19.692 10062 10096 I art     : Starting a blocking GC Explicit
08-04 13:40:19.717 10062 10096 I art     : Explicit concurrent mark sweep GC freed 4065(372KB) AllocSpace objects, 3(60KB) LOS objects, 28% free, 40MB/56MB, paused 776us total 24.653ms
08-04 13:40:19.721   512  2967 D audio_hw_primary: disable_audio_route: reset and update mixer path: low-latency-playback speaker
08-04 13:40:19.722   512  2967 D audio_hw_primary: disable_snd_device: snd_device(2: speaker)
08-04 13:40:19.725 10062 10096 I art     : Starting a blocking GC Explicit
08-04 13:40:19.730   512  2967 I soundtrigger: audio_extn_sound_trigger_update_device_status: device 0x2 of type 0 for Event 0
08-04 13:40:19.748 10062 10096 I art     : Explicit concurrent mark sweep GC freed 1419(83KB) AllocSpace objects, 0(0B) LOS objects, 28% free, 40MB/56MB, paused 752us total 23.237ms
08-04 13:40:19.757 10062 10096 I art     : Starting a blocking GC Explicit
08-04 13:40:19.780 10062 10096 I art     : Explicit concurrent mark sweep GC freed 3(96B) AllocSpace objects, 0(0B) LOS objects, 28% free, 40MB/56MB, paused 770us total 23.645ms
08-04 13:40:19.789 10062 10096 I art     : Starting a blocking GC Explicit
08-04 13:40:19.814 10062 10096 I art     : Explicit concurrent mark sweep GC freed 145(17KB) AllocSpace objects, 1(20KB) LOS objects, 28% free, 40MB/56MB, paused 750us total 24.473ms
08-04 13:40:19.822 10062 10096 I art     : Starting a blocking GC Explicit
08-04 13:40:19.836 10062 10678 E chromium: [ERROR:tile_manager.cc(793)] WARNING: tile memory limits exceeded, some content may not draw
08-04 13:40:19.840 10062 10678 E chromium: [ERROR:tile_manager.cc(793)] WARNING: tile memory limits exceeded, some content may not draw
08-04 13:40:19.840 10062 10678 E chromium: [ERROR:tile_manager.cc(793)] WARNING: tile memory limits exceeded, some content may not draw
08-04 13:40:19.841 10062 10678 E chromium: [ERROR:tile_manager.cc(793)] WARNING: tile memory limits exceeded, some content may not draw
08-04 13:40:19.841   918  3188 I hubconnection: sensorhub said: 'set_bias 3: -6.7200, 0.0000, 0.0000'
08-04 13:40:19.846 10062 10096 I art     : Explicit concurrent mark sweep GC freed 33(1200B) AllocSpace objects, 1(28KB) LOS objects, 28% free, 40MB/56MB, paused 880us total 23.284ms
08-04 13:40:20.160 10062 10075 I art     : Starting a blocking GC Explicit
08-04 13:40:20.188 10062 10075 I art     : Explicit concurrent mark sweep GC freed 1405(81KB) AllocSpace objects, 1(20KB) LOS objects, 28% free, 40MB/56MB, paused 872us total 27.236ms
08-04 13:40:20.197 10062 10075 I art     : Starting a blocking GC Explicit
08-04 13:40:20.224 10062 10075 I art     : Explicit concurrent mark sweep GC freed 20(704B) AllocSpace objects, 0(0B) LOS objects, 28% free, 40MB/56MB, paused 834us total 27.310ms
08-04 13:40:20.233 10062 10075 I art     : Starting a blocking GC Explicit
08-04 13:40:20.260 10062 10075 I art     : Explicit concurrent mark sweep GC freed 3(96B) AllocSpace objects, 0(0B) LOS objects, 28% free, 40MB/56MB, paused 802us total 26.530ms
08-04 13:40:20.269 10062 10075 I art     : Starting a blocking GC Explicit
08-04 13:40:20.296 10062 10075 I art     : Explicit concurrent mark sweep GC freed 3(96B) AllocSpace objects, 0(0B) LOS objects, 28% free, 40MB/56MB, paused 768us total 26.809ms
08-04 13:40:20.305 10062 10075 I art     : Starting a blocking GC Explicit
08-04 13:40:20.333 10062 10075 I art     : Explicit concurrent mark sweep GC freed 3(96B) AllocSpace objects, 0(0B) LOS objects, 28% free, 40MB/56MB, paused 873us total 27.219ms
08-04 13:40:20.399  6615  6615 I ServiceManager: Waiting for service AtCmdFwd...
08-04 13:40:20.650 10062 10074 I art     : Starting a blocking GC Explicit
08-04 13:40:20.669 10062 10678 E chromium: [ERROR:tile_manager.cc(793)] WARNING: tile memory limits exceeded, some content may not draw
08-04 13:40:20.674 10062 10678 E chromium: [ERROR:tile_manager.cc(793)] WARNING: tile memory limits exceeded, some content may not draw
08-04 13:40:20.680 10062 10074 I art     : Explicit concurrent mark sweep GC freed 1405(81KB) AllocSpace objects, 1(20KB) LOS objects, 28% free, 40MB/56MB, paused 765us total 29.784ms
08-04 13:40:20.690 10062 10074 I art     : Starting a blocking GC Explicit
08-04 13:40:20.718 10062 10074 I art     : Explicit concurrent mark sweep GC freed 32(1088B) AllocSpace objects, 0(0B) LOS objects, 28% free, 40MB/56MB, paused 742us total 27.425ms
08-04 13:40:20.726 10062 10074 I art     : Starting a blocking GC Explicit
08-04 13:40:20.750 10062 10074 I art     : Explicit concurrent mark sweep GC freed 11(352B) AllocSpace objects, 0(0B) LOS objects, 28% free, 40MB/56MB, paused 739us total 24.187ms
08-04 13:40:20.759 10062 10074 I art     : Starting a blocking GC Explicit
08-04 13:40:20.786 10062 10074 I art     : Explicit concurrent mark sweep GC freed 11(352B) AllocSpace objects, 0(0B) LOS objects, 28% free, 40MB/56MB, paused 739us total 26.316ms
08-04 13:40:20.795 10062 10074 I art     : Starting a blocking GC Explicit
08-04 13:40:20.821 10062 10074 I art     : Explicit concurrent mark sweep GC freed 11(352B) AllocSpace objects, 0(0B) LOS objects, 28% free, 40MB/56MB, paused 706us total 25.448ms
08-04 13:40:21.162 10062 10096 I art     : Starting a blocking GC Explicit
08-04 13:40:21.197 10062 10096 I art     : Explicit concurrent mark sweep GC freed 1423(81KB) AllocSpace objects, 1(20KB) LOS objects, 28% free, 40MB/56MB, paused 890us total 35.436ms
08-04 13:40:21.209 10062 10096 I art     : Starting a blocking GC Explicit
08-04 13:40:21.238 10062 10096 I art     : Explicit concurrent mark sweep GC freed 20(704B) AllocSpace objects, 0(0B) LOS objects, 28% free, 40MB/56MB, paused 873us total 28.025ms
08-04 13:40:21.247 10062 10096 I art     : Starting a blocking GC Explicit
08-04 13:40:21.275 10062 10096 I art     : Explicit concurrent mark sweep GC freed 3(96B) AllocSpace objects, 0(0B) LOS objects, 28% free, 40MB/56MB, paused 821us total 27.749ms
08-04 13:40:21.285 10062 10096 I art     : Starting a blocking GC Explicit
08-04 13:40:21.313 10062 10096 I art     : Explicit concurrent mark sweep GC freed 3(96B) AllocSpace objects, 0(0B) LOS objects, 28% free, 40MB/56MB, paused 824us total 28.250ms
08-04 13:40:21.323 10062 10096 I art     : Starting a blocking GC Explicit
08-04 13:40:21.351 10062 10096 I art     : Explicit concurrent mark sweep GC freed 3(96B) AllocSpace objects, 0(0B) LOS objects, 28% free, 40MB/56MB, paused 857us total 27.949ms
08-04 13:40:21.400  6615  6615 I ServiceManager: Waiting for service AtCmdFwd...
08-04 13:40:21.763 10062 10331 I art     : Starting a blocking GC Explicit
08-04 13:40:21.802 10062 10331 I art     : Explicit concurrent mark sweep GC freed 1404(81KB) AllocSpace objects, 1(20KB) LOS objects, 28% free, 40MB/56MB, paused 877us total 39.534ms
08-04 13:40:21.815 10062 10331 I art     : Starting a blocking GC Explicit
08-04 13:40:21.844 10062 10331 I art     : Explicit concurrent mark sweep GC freed 20(704B) AllocSpace objects, 0(0B) LOS objects, 28% free, 40MB/56MB, paused 847us total 28.409ms
08-04 13:40:21.854 10062 10331 I art     : Starting a blocking GC Explicit
08-04 13:40:21.882 10062 10331 I art     : Explicit concurrent mark sweep GC freed 3(96B) AllocSpace objects, 0(0B) LOS objects, 28% free, 40MB/56MB, paused 852us total 28.374ms
08-04 13:40:21.892 10062 10331 I art     : Starting a blocking GC Explicit
08-04 13:40:21.921 10062 10331 I art     : Explicit concurrent mark sweep GC freed 3(96B) AllocSpace objects, 0(0B) LOS objects, 28% free, 40MB/56MB, paused 844us total 28.329ms
08-04 13:40:21.930 10062 10331 I art     : Starting a blocking GC Explicit
08-04 13:40:21.958 10062 10331 I art     : Explicit concurrent mark sweep GC freed 3(96B) AllocSpace objects, 0(0B) LOS objects, 28% free, 40MB/56MB, paused 874us total 27.910ms
08-04 13:40:22.324 10062 10075 I art     : Starting a blocking GC Explicit
08-04 13:40:22.361 10062 10075 I art     : Explicit concurrent mark sweep GC freed 1404(81KB) AllocSpace objects, 1(20KB) LOS objects, 28% free, 40MB/56MB, paused 887us total 36.414ms
08-04 13:40:22.373 10062 10075 I art     : Starting a blocking GC Explicit
08-04 13:40:22.401  6615  6615 I ServiceManager: Waiting for service AtCmdFwd...
08-04 13:40:22.401 10062 10075 I art     : Explicit concurrent mark sweep GC freed 20(704B) AllocSpace objects, 0(0B) LOS objects, 28% free, 40MB/56MB, paused 819us total 28.272ms
08-04 13:40:22.411 10062 10075 I art     : Starting a blocking GC Explicit
08-04 13:40:22.439 10062 10075 I art     : Explicit concurrent mark sweep GC freed 3(96B) AllocSpace objects, 0(0B) LOS objects, 28% free, 40MB/56MB, paused 786us total 28.066ms
08-04 13:40:22.448 10062 10075 I art     : Starting a blocking GC Explicit
08-04 13:40:22.476 10062 10075 I art     : Explicit concurrent mark sweep GC freed 3(96B) AllocSpace objects, 0(0B) LOS objects, 28% free, 40MB/56MB, paused 913us total 27.675ms
08-04 13:40:22.486 10062 10075 I art     : Starting a blocking GC Explicit
08-04 13:40:22.514 10062 10075 I art     : Explicit concurrent mark sweep GC freed 3(96B) AllocSpace objects, 0(0B) LOS objects, 28% free, 40MB/56MB, paused 821us total 28.120ms
08-04 13:40:22.903 10062 10074 I art     : Starting a blocking GC Explicit
08-04 13:40:22.938 10062 10074 I art     : Explicit concurrent mark sweep GC freed 1404(81KB) AllocSpace objects, 1(20KB) LOS objects, 28% free, 40MB/56MB, paused 1.015ms total 34.838ms
08-04 13:40:22.951 10062 10074 I art     : Starting a blocking GC Explicit
08-04 13:40:22.958   918  3261 D WifiStateMachine: starting scan for "H369AA63323"WPA_PSK with 2412,5180
08-04 13:40:22.980 10062 10074 I art     : Explicit concurrent mark sweep GC freed 20(704B) AllocSpace objects, 0(0B) LOS objects, 28% free, 40MB/56MB, paused 938us total 27.901ms
08-04 13:40:22.989 10062 10074 I art     : Starting a blocking GC Explicit
08-04 13:40:23.017 10062 10074 I art     : Explicit concurrent mark sweep GC freed 3(96B) AllocSpace objects, 0(0B) LOS objects, 28% free, 40MB/56MB, paused 838us total 27.356ms
08-04 13:40:23.026 10062 10074 I art     : Starting a blocking GC Explicit
08-04 13:40:23.054 10062 10074 I art     : Explicit concurrent mark sweep GC freed 3(96B) AllocSpace objects, 0(0B) LOS objects, 28% free, 40MB/56MB, paused 802us total 27.435ms
08-04 13:40:23.063 10062 10074 I art     : Starting a blocking GC Explicit
08-04 13:40:23.091 10062 10074 I art     : Explicit concurrent mark sweep GC freed 3(96B) AllocSpace objects, 0(0B) LOS objects, 28% free, 40MB/56MB, paused 845us total 27.488ms
08-04 13:40:23.401  6615  6615 I ServiceManager: Waiting for service AtCmdFwd...
08-04 13:40:23.450 10062 10096 I art     : Starting a blocking GC Explicit
08-04 13:40:23.479 10062 10096 I art     : Explicit concurrent mark sweep GC freed 1404(81KB) AllocSpace objects, 1(20KB) LOS objects, 28% free, 40MB/56MB, paused 922us total 28.167ms
08-04 13:40:23.489 10062 10096 I art     : Starting a blocking GC Explicit
08-04 13:40:23.517 10062 10096 I art     : Explicit concurrent mark sweep GC freed 20(704B) AllocSpace objects, 0(0B) LOS objects, 28% free, 40MB/56MB, paused 829us total 27.674ms
08-04 13:40:23.526 10062 10096 I art     : Starting a blocking GC Explicit
08-04 13:40:23.552 10062 10096 I art     : Explicit concurrent mark sweep GC freed 3(96B) AllocSpace objects, 0(0B) LOS objects, 28% free, 40MB/56MB, paused 817us total 26.175ms
08-04 13:40:23.561 10062 10096 I art     : Starting a blocking GC Explicit
08-04 13:40:23.588 10062 10096 I art     : Explicit concurrent mark sweep GC freed 3(96B) AllocSpace objects, 0(0B) LOS objects, 28% free, 40MB/56MB, paused 837us total 26.480ms
08-04 13:40:23.597 10062 10096 I art     : Starting a blocking GC Explicit
08-04 13:40:23.623 10062 10096 I art     : Explicit concurrent mark sweep GC freed 3(96B) AllocSpace objects, 0(0B) LOS objects, 28% free, 40MB/56MB, paused 859us total 25.995ms
08-04 13:40:23.784 12765 12765 D AndroidRuntime: >>>>>> START com.android.internal.os.RuntimeInit uid 2000 <<<<<<
08-04 13:40:23.790 12765 12765 D AndroidRuntime: CheckJNI is OFF
08-04 13:40:23.824 12765 12765 D ICU     : No timezone override file found: /data/misc/zoneinfo/current/icu/icu_tzdata.dat
08-04 13:40:23.857 12765 12765 I Radio-JNI: register_android_hardware_Radio DONE
08-04 13:40:23.878 12765 12765 D AndroidRuntime: Calling main entry com.android.commands.input.Input
08-04 13:40:23.880 12765 12765 I Input   : injectKeyEvent: KeyEvent { action=ACTION_DOWN, keyCode=KEYCODE_BACK, scanCode=0, metaState=0, flags=0x0, repeatCount=0, eventTime=711640293, downTime=711640293, deviceId=-1, source=0x101 }
08-04 13:40:23.884 12765 12765 I Input   : injectKeyEvent: KeyEvent { action=ACTION_UP, keyCode=KEYCODE_BACK, scanCode=0, metaState=0, flags=0x0, repeatCount=0, eventTime=711640293, downTime=711640293, deviceId=-1, source=0x101 }
08-04 13:40:23.890 12765 12765 D AndroidRuntime: Shutting down VM
08-04 13:40:23.899 10062 10062 D baseline.com.newsblur.service.NBSyncService: rejecting request for feedset that is exhaused
08-04 13:40:23.963 10062 10096 I art     : Starting a blocking GC Explicit
08-04 13:40:23.991 10062 10096 I art     : Explicit concurrent mark sweep GC freed 1652(121KB) AllocSpace objects, 3(60KB) LOS objects, 28% free, 40MB/56MB, paused 877us total 28.392ms
08-04 13:40:24.001 10062 10096 I art     : Starting a blocking GC Explicit
08-04 13:40:24.028 10062 10062 D baseline.com.newsblur.service.NBSyncService: rejecting request for feedset that is exhaused
08-04 13:40:24.029 10062 10096 I art     : Explicit concurrent mark sweep GC freed 692(52KB) AllocSpace objects, 1(20KB) LOS objects, 28% free, 40MB/56MB, paused 1.084ms total 27.308ms
08-04 13:40:24.038 10062 10096 I art     : Starting a blocking GC Explicit
08-04 13:40:24.064 10062 10096 I art     : Explicit concurrent mark sweep GC freed 808(69KB) AllocSpace objects, 1(20KB) LOS objects, 28% free, 40MB/56MB, paused 863us total 25.839ms
08-04 13:40:24.073 10062 10096 I art     : Starting a blocking GC Explicit
08-04 13:40:24.073 13866 13866 I GoogleInputMethodServic: GoogleInputMethodService.onFinishInput():3138 
08-04 13:40:24.074 13866 13866 I GoogleInputMethodServic: GoogleInputMethodService.onStartInput():1808 
08-04 13:40:24.099 10062 10096 I art     : Explicit concurrent mark sweep GC freed 831(65KB) AllocSpace objects, 0(0B) LOS objects, 28% free, 40MB/56MB, paused 847us total 25.765ms
08-04 13:40:24.108 10062 10096 I art     : Starting a blocking GC Explicit
08-04 13:40:24.131 10062 10096 I art     : Explicit concurrent mark sweep GC freed 10(336B) AllocSpace objects, 1(28KB) LOS objects, 28% free, 40MB/56MB, paused 777us total 22.568ms
08-04 13:40:24.376 13866 13882 I PeriodicStatsRunner: PeriodicStatsRunner.call():175 call()
08-04 13:40:24.376 13866 13882 I PeriodicStatsRunner: PeriodicStatsRunner.call():179 No submit PeriodicStats since input started.
08-04 13:40:24.402  6615  6615 W Atfwd_Sendcmd: AtCmdFwd service not published, waiting... retryCnt : 1
08-04 13:40:24.431 10062 10331 I art     : Starting a blocking GC Explicit
08-04 13:40:24.455 10062 10331 I art     : Explicit concurrent mark sweep GC freed 2640(140KB) AllocSpace objects, 1(20KB) LOS objects, 28% free, 40MB/56MB, paused 771us total 24.573ms
08-04 13:40:24.464 10062 10331 I art     : Starting a blocking GC Explicit
08-04 13:40:24.472   918  3263 D ConnectivityService: releasing NetworkRequest NetworkRequest [ id=2681, legacyType=-1, [ Capabilities: INTERNET&NOT_RESTRICTED&TRUSTED] ]
08-04 13:40:24.489 10062 10331 I art     : Explicit concurrent mark sweep GC freed 5865(438KB) AllocSpace objects, 12(4MB) LOS objects, 31% free, 35MB/51MB, paused 792us total 23.927ms
08-04 13:40:24.497 10062 10331 I art     : Starting a blocking GC Explicit
08-04 13:40:24.519 10062 10331 I art     : Explicit concurrent mark sweep GC freed 33(1472B) AllocSpace objects, 0(0B) LOS objects, 31% free, 35MB/51MB, paused 828us total 21.555ms
08-04 13:40:24.528 10062 10331 I art     : Starting a blocking GC Explicit
08-04 13:40:24.549 10062 10331 I art     : Explicit concurrent mark sweep GC freed 6(192B) AllocSpace objects, 0(0B) LOS objects, 31% free, 35MB/51MB, paused 762us total 21.720ms
08-04 13:40:24.558 10062 10331 I art     : Starting a blocking GC Explicit
08-04 13:40:24.579 10062 10331 I art     : Explicit concurrent mark sweep GC freed 7(224B) AllocSpace objects, 0(0B) LOS objects, 31% free, 35MB/51MB, paused 774us total 21.432ms
08-04 13:40:24.893 10062 10096 I art     : Starting a blocking GC Explicit
08-04 13:40:24.919 10062 10096 I art     : Explicit concurrent mark sweep GC freed 1442(82KB) AllocSpace objects, 1(20KB) LOS objects, 31% free, 35MB/51MB, paused 739us total 25.422ms
08-04 13:40:24.929 10062 10096 I art     : Starting a blocking GC Explicit
08-04 13:40:24.952 10062 10096 I art     : Explicit concurrent mark sweep GC freed 24(832B) AllocSpace objects, 0(0B) LOS objects, 31% free, 35MB/51MB, paused 735us total 22.864ms
08-04 13:40:24.960 10062 10096 I art     : Starting a blocking GC Explicit
08-04 13:40:24.984 10062 10096 I art     : Explicit concurrent mark sweep GC freed 7(224B) AllocSpace objects, 0(0B) LOS objects, 31% free, 35MB/51MB, paused 758us total 23.858ms
08-04 13:40:24.994 10062 10096 I art     : Starting a blocking GC Explicit
08-04 13:40:25.017 10062 10096 I art     : Explicit concurrent mark sweep GC freed 7(224B) AllocSpace objects, 0(0B) LOS objects, 31% free, 35MB/51MB, paused 843us total 22.818ms
08-04 13:40:25.026 10062 10096 I art     : Starting a blocking GC Explicit
08-04 13:40:25.049 10062 10096 I art     : Explicit concurrent mark sweep GC freed 7(224B) AllocSpace objects, 0(0B) LOS objects, 31% free, 35MB/51MB, paused 794us total 22.862ms
08-04 13:40:25.350 10062 10331 I art     : Starting a blocking GC Explicit
08-04 13:40:25.379 10062 10331 I art     : Explicit concurrent mark sweep GC freed 1440(82KB) AllocSpace objects, 1(20KB) LOS objects, 31% free, 35MB/51MB, paused 982us total 28.128ms
08-04 13:40:25.387 10062 10331 I art     : Starting a blocking GC Explicit
08-04 13:40:25.413 10062 10331 I art     : Explicit concurrent mark sweep GC freed 24(832B) AllocSpace objects, 0(0B) LOS objects, 31% free, 35MB/51MB, paused 777us total 25.687ms
08-04 13:40:25.422 10062 10331 I art     : Starting a blocking GC Explicit
08-04 13:40:25.447 10062 10331 I art     : Explicit concurrent mark sweep GC freed 7(224B) AllocSpace objects, 0(0B) LOS objects, 31% free, 35MB/51MB, paused 797us total 24.137ms
08-04 13:40:25.455 10062 10331 I art     : Starting a blocking GC Explicit
08-04 13:40:25.478 10062 10331 I art     : Explicit concurrent mark sweep GC freed 6(192B) AllocSpace objects, 0(0B) LOS objects, 31% free, 35MB/51MB, paused 1.320ms total 23.245ms
08-04 13:40:25.487 10062 10331 I art     : Starting a blocking GC Explicit
08-04 13:40:25.512 10062 10331 I art     : Explicit concurrent mark sweep GC freed 3(96B) AllocSpace objects, 0(0B) LOS objects, 31% free, 35MB/51MB, paused 801us total 24.374ms
08-04 13:40:25.566 12808 12808 D AndroidRuntime: >>>>>> START com.android.internal.os.RuntimeInit uid 2000 <<<<<<
08-04 13:40:25.571 12808 12808 D AndroidRuntime: CheckJNI is OFF
08-04 13:40:25.607 12808 12808 D ICU     : No timezone override file found: /data/misc/zoneinfo/current/icu/icu_tzdata.dat
08-04 13:40:25.641 12808 12808 I Radio-JNI: register_android_hardware_Radio DONE
08-04 13:40:25.664 12808 12808 D AndroidRuntime: Calling main entry com.android.commands.input.Input
08-04 13:40:25.666 12808 12808 I Input   : injectKeyEvent: KeyEvent { action=ACTION_DOWN, keyCode=KEYCODE_BACK, scanCode=0, metaState=0, flags=0x0, repeatCount=0, eventTime=711642079, downTime=711642079, deviceId=-1, source=0x101 }
08-04 13:40:25.672 12808 12808 I Input   : injectKeyEvent: KeyEvent { action=ACTION_UP, keyCode=KEYCODE_BACK, scanCode=0, metaState=0, flags=0x0, repeatCount=0, eventTime=711642079, downTime=711642079, deviceId=-1, source=0x101 }
08-04 13:40:25.680 12808 12808 D AndroidRuntime: Shutting down VM
08-04 13:40:25.818 10062 10074 I art     : Starting a blocking GC Explicit
08-04 13:40:25.828 13866 13866 I GoogleInputMethodServic: GoogleInputMethodService.onFinishInput():3138 
08-04 13:40:25.829 13866 13866 I GoogleInputMethodServic: GoogleInputMethodService.onStartInput():1808 
08-04 13:40:25.846 10062 10074 I art     : Explicit concurrent mark sweep GC freed 13897(938KB) AllocSpace objects, 18(360KB) LOS objects, 31% free, 35MB/51MB, paused 1.237ms total 27.720ms
08-04 13:40:25.862 10062 10074 I art     : Starting a blocking GC Explicit
08-04 13:40:25.886 10062 10074 I art     : Explicit concurrent mark sweep GC freed 1523(201KB) AllocSpace objects, 11(220KB) LOS objects, 31% free, 35MB/51MB, paused 773us total 24.006ms
08-04 13:40:25.895 10062 10074 I art     : Starting a blocking GC Explicit
08-04 13:40:25.916 10062 10074 I art     : Explicit concurrent mark sweep GC freed 494(30KB) AllocSpace objects, 0(0B) LOS objects, 31% free, 35MB/51MB, paused 784us total 21.366ms
08-04 13:40:25.924 10062 10074 I art     : Starting a blocking GC Explicit
08-04 13:40:25.946 10062 10074 I art     : Explicit concurrent mark sweep GC freed 6(192B) AllocSpace objects, 0(0B) LOS objects, 31% free, 35MB/51MB, paused 704us total 21.512ms
08-04 13:40:25.955 10062 10074 I art     : Starting a blocking GC Explicit
08-04 13:40:25.977 10062 10074 I art     : Explicit concurrent mark sweep GC freed 3(96B) AllocSpace objects, 0(0B) LOS objects, 31% free, 35MB/51MB, paused 752us total 22.587ms
08-04 13:40:26.289 10062 10331 I art     : Starting a blocking GC Explicit
08-04 13:40:26.313 10062 10331 I art     : Explicit concurrent mark sweep GC freed 1860(101KB) AllocSpace objects, 1(20KB) LOS objects, 31% free, 35MB/51MB, paused 757us total 23.756ms
08-04 13:40:26.322 10062 10331 I art     : Starting a blocking GC Explicit
08-04 13:40:26.343 10062 10331 I art     : Explicit concurrent mark sweep GC freed 5556(414KB) AllocSpace objects, 2(1188KB) LOS objects, 32% free, 33MB/49MB, paused 752us total 21.286ms
08-04 13:40:26.352 10062 10331 I art     : Starting a blocking GC Explicit
08-04 13:40:26.372 10062 10331 I art     : Explicit concurrent mark sweep GC freed 7(224B) AllocSpace objects, 0(0B) LOS objects, 32% free, 33MB/49MB, paused 704us total 20.494ms
08-04 13:40:26.381 10062 10331 I art     : Starting a blocking GC Explicit
08-04 13:40:26.404 10062 10331 I art     : Explicit concurrent mark sweep GC freed 6(192B) AllocSpace objects, 0(0B) LOS objects, 32% free, 33MB/49MB, paused 879us total 22.664ms
08-04 13:40:26.413 10062 10331 I art     : Starting a blocking GC Explicit
08-04 13:40:26.435 10062 10331 I art     : Explicit concurrent mark sweep GC freed 7(224B) AllocSpace objects, 0(0B) LOS objects, 32% free, 33MB/49MB, paused 806us total 21.886ms
08-04 13:40:26.771 10062 10096 I art     : Starting a blocking GC Explicit
08-04 13:40:26.798 10062 10096 I art     : Explicit concurrent mark sweep GC freed 1444(82KB) AllocSpace objects, 1(20KB) LOS objects, 32% free, 33MB/49MB, paused 1.359ms total 26.221ms
08-04 13:40:26.808   518   646 I ThermalEngine: ACTION: GPU - Setting GPU[0] to 450000000
08-04 13:40:26.809 10062 10096 I art     : Starting a blocking GC Explicit
08-04 13:40:26.839 10062 10096 I art     : Explicit concurrent mark sweep GC freed 25(864B) AllocSpace objects, 0(0B) LOS objects, 32% free, 33MB/49MB, paused 1.510ms total 29.900ms
08-04 13:40:26.850 10062 10096 I art     : Starting a blocking GC Explicit
08-04 13:40:26.879 10062 10096 I art     : Explicit concurrent mark sweep GC freed 8(256B) AllocSpace objects, 0(0B) LOS objects, 32% free, 33MB/49MB, paused 1.118ms total 28.165ms
08-04 13:40:26.890 10062 10096 I art     : Starting a blocking GC Explicit
08-04 13:40:26.919 10062 10096 I art     : Explicit concurrent mark sweep GC freed 7(224B) AllocSpace objects, 0(0B) LOS objects, 32% free, 33MB/49MB, paused 1.032ms total 28.371ms
08-04 13:40:26.931 10062 10096 I art     : Starting a blocking GC Explicit
08-04 13:40:26.956 10062 10096 I art     : Explicit concurrent mark sweep GC freed 9(288B) AllocSpace objects, 0(0B) LOS objects, 32% free, 33MB/49MB, paused 992us total 24.995ms
08-04 13:40:27.295 10062 10331 I art     : Starting a blocking GC Explicit
08-04 13:40:27.326 10062 10331 I art     : Explicit concurrent mark sweep GC freed 1433(81KB) AllocSpace objects, 1(20KB) LOS objects, 32% free, 33MB/49MB, paused 1.122ms total 30.153ms
08-04 13:40:27.338 10062 10331 I art     : Starting a blocking GC Explicit
08-04 13:40:27.366 10062 10331 I art     : Explicit concurrent mark sweep GC freed 20(704B) AllocSpace objects, 0(0B) LOS objects, 32% free, 33MB/49MB, paused 1.072ms total 28.189ms
08-04 13:40:27.377 10062 10331 I art     : Starting a blocking GC Explicit
08-04 13:40:27.407 10062 10331 I art     : Explicit concurrent mark sweep GC freed 3(96B) AllocSpace objects, 0(0B) LOS objects, 32% free, 33MB/49MB, paused 1.092ms total 28.924ms
08-04 13:40:27.418 10062 10331 I art     : Starting a blocking GC Explicit
08-04 13:40:27.445   918   918 I ActivityManager: Start proc 12883:com.google.android.talk/u0a53 for service com.google.android.talk/androidx.work.impl.background.systemjob.SystemJobService
08-04 13:40:27.446 10062 10331 I art     : Explicit concurrent mark sweep GC freed 3(96B) AllocSpace objects, 0(0B) LOS objects, 32% free, 33MB/49MB, paused 1.026ms total 28.029ms
08-04 13:40:27.457 10062 10331 I art     : Starting a blocking GC Explicit
08-04 13:40:27.485 10062 10331 I art     : Explicit concurrent mark sweep GC freed 3(96B) AllocSpace objects, 0(0B) LOS objects, 32% free, 33MB/49MB, paused 1.371ms total 26.916ms
08-04 13:40:27.496 12871 12871 D AndroidRuntime: >>>>>> START com.android.internal.os.RuntimeInit uid 2000 <<<<<<
08-04 13:40:27.502 12871 12871 D AndroidRuntime: CheckJNI is OFF
08-04 13:40:27.542 12871 12871 D ICU     : No timezone override file found: /data/misc/zoneinfo/current/icu/icu_tzdata.dat
08-04 13:40:27.585 12871 12871 I Radio-JNI: register_android_hardware_Radio DONE
08-04 13:40:27.612 12871 12871 D AndroidRuntime: Calling main entry com.android.commands.am.Am
08-04 13:40:27.619  2375  2375 I Trepn   : Trepn 6.2s: Received intent: com.quicinc.trepn.stop_profiling
08-04 13:40:27.673  2375  2375 I Trepn   : Trepn 6.2s: Trepn has Stopped Profiling.
08-04 13:40:27.808 10062 10075 I art     : Starting a blocking GC Explicit
08-04 13:40:27.834 10062 10075 I art     : Explicit concurrent mark sweep GC freed 1398(80KB) AllocSpace objects, 1(20KB) LOS objects, 32% free, 33MB/49MB, paused 987us total 25.656ms
08-04 13:40:27.844 10062 10075 I art     : Starting a blocking GC Explicit
08-04 13:40:27.869 10062 10075 I art     : Explicit concurrent mark sweep GC freed 20(704B) AllocSpace objects, 0(0B) LOS objects, 32% free, 33MB/49MB, paused 1.146ms total 24.750ms
08-04 13:40:27.871 12871 12871 D AndroidRuntime: Shutting down VM
08-04 13:40:27.876   918  6029 W AppOps  : Finishing op nesting under-run: uid 10078 pkg com.quicinc.trepn code 24 time=0 duration=0 nesting=0
08-04 13:40:27.880 10062 10075 I art     : Starting a blocking GC Explicit
08-04 13:40:27.905 10062 10075 I art     : Explicit concurrent mark sweep GC freed 3(96B) AllocSpace objects, 0(0B) LOS objects, 32% free, 33MB/49MB, paused 965us total 25.014ms
08-04 13:40:27.917 10062 10075 I art     : Starting a blocking GC Explicit
08-04 13:40:27.942 10062 10075 I art     : Explicit concurrent mark sweep GC freed 3(96B) AllocSpace objects, 0(0B) LOS objects, 32% free, 33MB/49MB, paused 1.102ms total 24.899ms
08-04 13:40:27.953 10062 10075 I art     : Starting a blocking GC Explicit
08-04 13:40:27.978 10062 10075 I art     : Explicit concurrent mark sweep GC freed 3(96B) AllocSpace objects, 0(0B) LOS objects, 32% free, 33MB/49MB, paused 1.522ms total 25.544ms
08-04 13:40:28.094 12883 12924 E gve     : Babel_SMS: canonicalizeMccMnc: invalid mccmnc 
08-04 13:40:28.100 12883 12924 E gve     : Babel_SMS: canonicalizeMccMnc: invalid mccmnc nullnull
08-04 13:40:28.292   918  6112 I ActivityManager: Killing 3138:nappatfpr.com.newsblur/u0a658 (adj 15): empty #17
08-04 13:40:28.303 10062 10096 I art     : Starting a blocking GC Explicit
08-04 13:40:28.305 12883 12971 E gve     : Babel_ConcService: No valid Tag name
08-04 13:40:28.328 10062 10096 I art     : Explicit concurrent mark sweep GC freed 1398(80KB) AllocSpace objects, 1(20KB) LOS objects, 32% free, 33MB/49MB, paused 1.068ms total 25.200ms
08-04 13:40:28.339 10062 10096 I art     : Starting a blocking GC Explicit
08-04 13:40:28.364 10062 10096 I art     : Explicit concurrent mark sweep GC freed 20(704B) AllocSpace objects, 0(0B) LOS objects, 32% free, 33MB/49MB, paused 952us total 24.732ms
08-04 13:40:28.374 10062 10096 I art     : Starting a blocking GC Explicit
08-04 13:40:28.398 10062 10096 I art     : Explicit concurrent mark sweep GC freed 3(96B) AllocSpace objects, 0(0B) LOS objects, 32% free, 33MB/49MB, paused 1.037ms total 23.811ms
08-04 13:40:28.408 10062 10096 I art     : Starting a blocking GC Explicit
08-04 13:40:28.432 10062 10096 I art     : Explicit concurrent mark sweep GC freed 3(96B) AllocSpace objects, 0(0B) LOS objects, 32% free, 33MB/49MB, paused 987us total 24.142ms
08-04 13:40:28.442 10062 10096 I art     : Starting a blocking GC Explicit
08-04 13:40:28.469 10062 10096 I art     : Explicit concurrent mark sweep GC freed 3(96B) AllocSpace objects, 0(0B) LOS objects, 32% free, 33MB/49MB, paused 1.057ms total 26.113ms
08-04 13:40:29.074 13866 13882 I PeriodicStatsRunner: PeriodicStatsRunner.call():175 call()
08-04 13:40:29.075 13866 13882 I PeriodicStatsRunner: PeriodicStatsRunner.call():179 No submit PeriodicStats since input started.
08-04 13:40:29.403  6615  6615 I ServiceManager: Waiting for service AtCmdFwd...
08-04 13:40:30.403  6615  6615 I ServiceManager: Waiting for service AtCmdFwd...
