--------- beginning of main
08-04 01:14:24.822 24161 24161 I ServiceManager: Waiting for service AtCmdFwd...
08-04 01:14:24.874 29463 29463 D AndroidRuntime: >>>>>> START com.android.internal.os.RuntimeInit uid 2000 <<<<<<
08-04 01:14:24.881 29463 29463 D AndroidRuntime: CheckJNI is OFF
08-04 01:14:24.909 29463 29463 D ICU     : No timezone override file found: /data/misc/zoneinfo/current/icu/icu_tzdata.dat
08-04 01:14:24.937 29463 29463 I Radio-JNI: register_android_hardware_Radio DONE
08-04 01:14:24.953 29463 29463 D AndroidRuntime: Calling main entry com.android.commands.monkey.Monkey
--------- beginning of system
08-04 01:14:24.970   918   931 W BroadcastQueue: Skipping deliver [background] BroadcastRecord{5c92b42 u-1 android.net.conn.CONNECTIVITY_CHANGE} to ReceiverList{b288890 29463 (unknown name)/2000/u-1 remote:1bcae24}: process crashing
08-04 01:14:24.980   918  5481 I ActivityManager: START u0 {act=android.intent.action.MAIN cat=[android.intent.category.LAUNCHER] flg=0x10200000 cmp=baseline.com.newsblur/.activity.InitActivity} from uid 2000 on display 0
08-04 01:14:25.011 29472 29472 I art     : Late-enabling -Xcheck:jni
08-04 01:14:25.014   918  3359 I ActivityManager: Start proc 29472:baseline.com.newsblur/u0a652 for activity baseline.com.newsblur/.activity.InitActivity
08-04 01:14:25.031 29463 29463 I art     : System.exit called, status: 0
08-04 01:14:25.031 29463 29463 I AndroidRuntime: VM exiting with result code 0.
08-04 01:14:25.070 29472 29472 W System  : ClassLoader referenced unknown path: /data/app/baseline.com.newsblur-1/lib/arm64
08-04 01:14:25.089  6202 27085 I PBSessionCacheImpl: Deleted sessionId[27278280657311515] from persistence.
08-04 01:14:25.095  6202  6241 W SearchServiceCore: Abort, client detached.
08-04 01:14:25.096  6202  6241 I MicroDetectionState: Should stop hotword detection immediately - true
08-04 01:14:25.132 29472 29472 I baseline.com.newsblur.activity.InitActivity: cold launching version 9.0b1
08-04 01:14:25.142 29472 29488 D OpenGLRenderer: Use EGL_SWAP_BEHAVIOR_PRESERVED: true
08-04 01:14:25.183 29472 29488 I Adreno  : QUALCOMM build                   : fcf4852, I1af360237c
08-04 01:14:25.183 29472 29488 I Adreno  : Build Date                       : 09/23/15
08-04 01:14:25.183 29472 29488 I Adreno  : OpenGL ES Shader Compiler Version: XE031.05.13.02
08-04 01:14:25.183 29472 29488 I Adreno  : Local Branch                     : mybranch14465806
08-04 01:14:25.183 29472 29488 I Adreno  : Remote Branch                    : quic/LA.BF64.1.2.9_v2
08-04 01:14:25.183 29472 29488 I Adreno  : Remote Branch                    : NONE
08-04 01:14:25.183 29472 29488 I Adreno  : Reconstruct Branch               : NOTHING
08-04 01:14:25.189 29472 29488 I OpenGLRenderer: Initialized EGL, version 1.4
08-04 01:14:25.211   918  4413 I ActivityManager: START u0 {cmp=baseline.com.newsblur/.activity.Main} from uid 10652 on display 0
08-04 01:14:25.220   918  3696 W InputMethodManagerService: Focus gain on non-focused client com.android.internal.view.IInputMethodClient$Stub$Proxy@aaeafbb (uid=10652 pid=29472)
08-04 01:14:25.368 29472 29472 I art     : Rejecting re-init on previously-failed class java.lang.Class<androidx.core.view.ViewCompat$OnUnhandledKeyEventListenerWrapper>
08-04 01:14:25.368 29472 29472 I art     : Rejecting re-init on previously-failed class java.lang.Class<androidx.core.view.ViewCompat$OnUnhandledKeyEventListenerWrapper>
08-04 01:14:25.426 29472 29472 E BitmapFactory: Unable to decode stream: java.io.FileNotFoundException: /data/user/0/baseline.com.newsblur/cache/userProfilePicture: open failed: ENOENT (No such file or directory)
08-04 01:14:25.589 29472 29497 I baseline.com.newsblur.service.NBSyncService: ready to sync feed list
08-04 01:14:25.790   918   936 I ActivityManager: Displayed baseline.com.newsblur/.activity.Main: +569ms (total +802ms)
08-04 01:14:25.805 13866 13866 I GoogleInputMethodServic: GoogleInputMethodService.onFinishInput():3138 
08-04 01:14:25.807 13866 13866 I GoogleInputMethodServic: GoogleInputMethodService.onStartInput():1808 
08-04 01:14:25.823 24161 24161 I ServiceManager: Waiting for service AtCmdFwd...
08-04 01:14:26.138 29472 29497 I NAPPA_EXPERIMENTATION: MetricNetworkRequestExecutionTime: REQUEST_DURATION_SYSTEM='541',REQUEST_DURATION_OKHTTP='32',REQUEST_SYNCHRONOUS='TRUE',RESPONSE_CODE='200',RESPONSE_METHOD='GET',RESPONSE_LENGTH_OKHTTP='-1',RESPONSE_LENGTH_HEADER='-2',REQUEST_PROTOCOL='http/1.1',REQUEST_URL='https://www.newsblur.com/reader/feeds/?update_counts=true',
08-04 01:14:26.139 29472 29497 D MY_TAG  : 0, 541
08-04 01:14:26.181 29472 29497 I baseline.com.newsblur.service.NBSyncService: got feed list: 1 feeds in  conn:541 read:2 parse:8 store:31
08-04 01:14:26.530 29517 29517 D AndroidRuntime: >>>>>> START com.android.internal.os.RuntimeInit uid 2000 <<<<<<
08-04 01:14:26.535 29517 29517 D AndroidRuntime: CheckJNI is OFF
08-04 01:14:26.564 29517 29517 D ICU     : No timezone override file found: /data/misc/zoneinfo/current/icu/icu_tzdata.dat
08-04 01:14:26.592 29517 29517 I Radio-JNI: register_android_hardware_Radio DONE
08-04 01:14:26.608 29517 29517 D AndroidRuntime: Calling main entry com.android.commands.am.Am
08-04 01:14:26.616  8825  8825 I Trepn   : Trepn 6.2s: Received intent: com.quicinc.trepn.start_profiling
08-04 01:14:26.636 29472 29512 I NAPPA_EXPERIMENTATION: MetricNetworkRequestExecutionTime: REQUEST_DURATION_SYSTEM='448',REQUEST_DURATION_OKHTTP='29',REQUEST_SYNCHRONOUS='TRUE',RESPONSE_CODE='200',RESPONSE_METHOD='GET',RESPONSE_LENGTH_OKHTTP='-1',RESPONSE_LENGTH_HEADER='-2',REQUEST_PROTOCOL='http/1.1',REQUEST_URL='https://www.newsblur.com/reader/unread_story_hashes?include_timestamps=1',
08-04 01:14:26.636 29472 29512 D MY_TAG  : 0, 448
08-04 01:14:26.655 29472 29512 I baseline.com.newsblur.service.UnreadsService: starting unread count: 0
08-04 01:14:26.657 29472 29512 I baseline.com.newsblur.service.UnreadsService: new unread count:      0
08-04 01:14:26.657 29472 29512 I baseline.com.newsblur.service.UnreadsService: new unreads found:     0
08-04 01:14:26.658 29472 29512 I baseline.com.newsblur.service.UnreadsService: unreads to retire:     0
08-04 01:14:26.773  8825  8825 W FileUtils: Failed to chmod(/storage/emulated/0/trepn/Trepn_2020.08.04_011426.db): android.system.ErrnoException: chmod failed: EPERM (Operation not permitted)
08-04 01:14:26.824 24161 24161 I ServiceManager: Waiting for service AtCmdFwd...
08-04 01:14:26.873  8825  8825 I Trepn   : Trepn 6.2s: Trepn has Started Profiling.
08-04 01:14:26.876 29517 29517 D AndroidRuntime: Shutting down VM
08-04 01:14:27.352 29472 29484 I art     : Starting a blocking GC Explicit
08-04 01:14:27.376 29472 29484 I art     : Explicit concurrent mark sweep GC freed 24961(1552KB) AllocSpace objects, 33(980KB) LOS objects, 37% free, 26MB/42MB, paused 223us total 23.143ms
08-04 01:14:27.384 29472 29484 I art     : Starting a blocking GC Explicit
08-04 01:14:27.397 29472 29484 I art     : Explicit concurrent mark sweep GC freed 454(24KB) AllocSpace objects, 0(0B) LOS objects, 37% free, 26MB/42MB, paused 305us total 12.646ms
08-04 01:14:27.404 29472 29484 I art     : Starting a blocking GC Explicit
08-04 01:14:27.415 29472 29484 I art     : Explicit concurrent mark sweep GC freed 1864(168KB) AllocSpace objects, 0(0B) LOS objects, 38% free, 26MB/42MB, paused 183us total 11.165ms
08-04 01:14:27.421 29472 29484 I art     : Starting a blocking GC Explicit
08-04 01:14:27.432 29472 29484 I art     : Explicit concurrent mark sweep GC freed 7(256B) AllocSpace objects, 0(0B) LOS objects, 38% free, 26MB/42MB, paused 184us total 11.008ms
08-04 01:14:27.438 29472 29484 I art     : Starting a blocking GC Explicit
08-04 01:14:27.449 29472 29484 I art     : Explicit concurrent mark sweep GC freed 3(96B) AllocSpace objects, 0(0B) LOS objects, 38% free, 26MB/42MB, paused 181us total 10.989ms
08-04 01:14:27.754 29472 29483 I art     : Starting a blocking GC Explicit
08-04 01:14:27.771 29472 29483 I art     : Explicit concurrent mark sweep GC freed 1390(80KB) AllocSpace objects, 1(20KB) LOS objects, 38% free, 26MB/42MB, paused 206us total 17.229ms
08-04 01:14:27.781 29472 29483 I art     : Starting a blocking GC Explicit
08-04 01:14:27.797 29472 29483 I art     : Explicit concurrent mark sweep GC freed 20(704B) AllocSpace objects, 0(0B) LOS objects, 38% free, 26MB/42MB, paused 201us total 15.361ms
08-04 01:14:27.806 29472 29483 I art     : Starting a blocking GC Explicit
08-04 01:14:27.818 29472 29483 I art     : Explicit concurrent mark sweep GC freed 3(96B) AllocSpace objects, 0(0B) LOS objects, 38% free, 26MB/42MB, paused 163us total 11.534ms
08-04 01:14:27.824 29472 29483 I art     : Starting a blocking GC Explicit
08-04 01:14:27.824 24161 24161 I ServiceManager: Waiting for service AtCmdFwd...
08-04 01:14:27.835 29472 29483 I art     : Explicit concurrent mark sweep GC freed 3(96B) AllocSpace objects, 0(0B) LOS objects, 38% free, 26MB/42MB, paused 163us total 11.125ms
08-04 01:14:27.842 29472 29483 I art     : Starting a blocking GC Explicit
08-04 01:14:27.852 29472 29483 I art     : Explicit concurrent mark sweep GC freed 3(96B) AllocSpace objects, 0(0B) LOS objects, 38% free, 26MB/42MB, paused 163us total 10.375ms
08-04 01:14:28.113 29472 29484 I art     : Starting a blocking GC Explicit
08-04 01:14:28.128 29472 29484 I art     : Explicit concurrent mark sweep GC freed 1381(80KB) AllocSpace objects, 1(20KB) LOS objects, 38% free, 26MB/42MB, paused 199us total 15.363ms
08-04 01:14:28.135 29472 29484 I art     : Starting a blocking GC Explicit
08-04 01:14:28.147 29472 29484 I art     : Explicit concurrent mark sweep GC freed 20(704B) AllocSpace objects, 0(0B) LOS objects, 38% free, 26MB/42MB, paused 224us total 12.172ms
08-04 01:14:28.154 29472 29484 I art     : Starting a blocking GC Explicit
08-04 01:14:28.165 29472 29484 I art     : Explicit concurrent mark sweep GC freed 3(96B) AllocSpace objects, 0(0B) LOS objects, 38% free, 26MB/42MB, paused 181us total 11.516ms
08-04 01:14:28.172 29472 29484 I art     : Starting a blocking GC Explicit
08-04 01:14:28.183 29472 29484 I art     : Explicit concurrent mark sweep GC freed 3(96B) AllocSpace objects, 0(0B) LOS objects, 38% free, 26MB/42MB, paused 178us total 11.308ms
08-04 01:14:28.189 29472 29484 I art     : Starting a blocking GC Explicit
08-04 01:14:28.201 29472 29484 I art     : Explicit concurrent mark sweep GC freed 3(96B) AllocSpace objects, 0(0B) LOS objects, 38% free, 26MB/42MB, paused 188us total 11.415ms
08-04 01:14:28.499 29472 29483 I art     : Starting a blocking GC Explicit
08-04 01:14:28.515 29472 29483 I art     : Explicit concurrent mark sweep GC freed 1379(80KB) AllocSpace objects, 1(20KB) LOS objects, 38% free, 26MB/42MB, paused 206us total 15.102ms
08-04 01:14:28.525 29472 29483 I art     : Starting a blocking GC Explicit
08-04 01:14:28.537 29472 29483 I art     : Explicit concurrent mark sweep GC freed 20(704B) AllocSpace objects, 0(0B) LOS objects, 38% free, 26MB/42MB, paused 209us total 12.077ms
08-04 01:14:28.543 29472 29483 I art     : Starting a blocking GC Explicit
08-04 01:14:28.554 29472 29483 I art     : Explicit concurrent mark sweep GC freed 3(96B) AllocSpace objects, 0(0B) LOS objects, 38% free, 26MB/42MB, paused 162us total 11.240ms
08-04 01:14:28.561 29472 29483 I art     : Starting a blocking GC Explicit
08-04 01:14:28.573 29472 29483 I art     : Explicit concurrent mark sweep GC freed 3(96B) AllocSpace objects, 0(0B) LOS objects, 38% free, 26MB/42MB, paused 175us total 11.807ms
08-04 01:14:28.579 29472 29483 I art     : Starting a blocking GC Explicit
08-04 01:14:28.590 29472 29483 I art     : Explicit concurrent mark sweep GC freed 3(96B) AllocSpace objects, 0(0B) LOS objects, 38% free, 26MB/42MB, paused 172us total 11.415ms
08-04 01:14:28.825 24161 24161 I ServiceManager: Waiting for service AtCmdFwd...
08-04 01:14:28.914 29472 29484 I art     : Starting a blocking GC Explicit
08-04 01:14:28.932 29472 29484 I art     : Explicit concurrent mark sweep GC freed 1379(80KB) AllocSpace objects, 1(20KB) LOS objects, 38% free, 26MB/42MB, paused 243us total 17.841ms
08-04 01:14:28.941 29472 29484 I art     : Starting a blocking GC Explicit
08-04 01:14:28.954 29472 29484 I art     : Explicit concurrent mark sweep GC freed 20(704B) AllocSpace objects, 0(0B) LOS objects, 38% free, 26MB/42MB, paused 198us total 12.511ms
08-04 01:14:28.961 29472 29484 I art     : Starting a blocking GC Explicit
08-04 01:14:28.973 29472 29484 I art     : Explicit concurrent mark sweep GC freed 3(96B) AllocSpace objects, 0(0B) LOS objects, 38% free, 26MB/42MB, paused 188us total 12.112ms
08-04 01:14:28.979 29472 29484 I art     : Starting a blocking GC Explicit
08-04 01:14:28.991 29472 29484 I art     : Explicit concurrent mark sweep GC freed 3(96B) AllocSpace objects, 0(0B) LOS objects, 38% free, 26MB/42MB, paused 181us total 11.417ms
08-04 01:14:28.997 29472 29484 I art     : Starting a blocking GC Explicit
08-04 01:14:29.009 29472 29484 I art     : Explicit concurrent mark sweep GC freed 3(96B) AllocSpace objects, 0(0B) LOS objects, 38% free, 26MB/42MB, paused 191us total 11.695ms
08-04 01:14:29.290 29472 29483 I art     : Starting a blocking GC Explicit
08-04 01:14:29.308 29472 29483 I art     : Explicit concurrent mark sweep GC freed 1378(80KB) AllocSpace objects, 1(20KB) LOS objects, 38% free, 26MB/42MB, paused 214us total 17.018ms
08-04 01:14:29.316 29472 29483 I art     : Starting a blocking GC Explicit
08-04 01:14:29.329 29472 29483 I art     : Explicit concurrent mark sweep GC freed 20(704B) AllocSpace objects, 0(0B) LOS objects, 38% free, 26MB/42MB, paused 180us total 12.187ms
08-04 01:14:29.335 29472 29483 I art     : Starting a blocking GC Explicit
08-04 01:14:29.347 29472 29483 I art     : Explicit concurrent mark sweep GC freed 3(96B) AllocSpace objects, 0(0B) LOS objects, 38% free, 26MB/42MB, paused 198us total 11.609ms
08-04 01:14:29.353 29472 29483 I art     : Starting a blocking GC Explicit
08-04 01:14:29.365 29472 29483 I art     : Explicit concurrent mark sweep GC freed 3(96B) AllocSpace objects, 0(0B) LOS objects, 38% free, 26MB/42MB, paused 167us total 11.388ms
08-04 01:14:29.371 29472 29483 I art     : Starting a blocking GC Explicit
08-04 01:14:29.383 29472 29483 I art     : Explicit concurrent mark sweep GC freed 3(96B) AllocSpace objects, 0(0B) LOS objects, 38% free, 26MB/42MB, paused 175us total 11.730ms
08-04 01:14:29.667 29472 29484 I art     : Starting a blocking GC Explicit
08-04 01:14:29.683 29472 29484 I art     : Explicit concurrent mark sweep GC freed 1378(80KB) AllocSpace objects, 1(20KB) LOS objects, 38% free, 26MB/42MB, paused 223us total 15.366ms
08-04 01:14:29.693 29472 29484 I art     : Starting a blocking GC Explicit
08-04 01:14:29.705 29472 29484 I art     : Explicit concurrent mark sweep GC freed 20(704B) AllocSpace objects, 0(0B) LOS objects, 38% free, 26MB/42MB, paused 184us total 12.008ms
08-04 01:14:29.711 29472 29484 I art     : Starting a blocking GC Explicit
08-04 01:14:29.723 29472 29484 I art     : Explicit concurrent mark sweep GC freed 3(96B) AllocSpace objects, 0(0B) LOS objects, 38% free, 26MB/42MB, paused 196us total 11.491ms
08-04 01:14:29.729 29472 29484 I art     : Starting a blocking GC Explicit
08-04 01:14:29.741 29472 29484 I art     : Explicit concurrent mark sweep GC freed 3(96B) AllocSpace objects, 0(0B) LOS objects, 38% free, 26MB/42MB, paused 186us total 11.836ms
08-04 01:14:29.747 29472 29484 I art     : Starting a blocking GC Explicit
08-04 01:14:29.759 29472 29484 I art     : Explicit concurrent mark sweep GC freed 3(96B) AllocSpace objects, 0(0B) LOS objects, 38% free, 26MB/42MB, paused 179us total 11.433ms
08-04 01:14:29.825 24161 24161 W Atfwd_Sendcmd: AtCmdFwd service not published, waiting... retryCnt : 1
08-04 01:14:30.051 29472 29483 I art     : Starting a blocking GC Explicit
08-04 01:14:30.070 29472 29483 I art     : Explicit concurrent mark sweep GC freed 1378(80KB) AllocSpace objects, 1(20KB) LOS objects, 38% free, 26MB/42MB, paused 224us total 18.457ms
08-04 01:14:30.081 29472 29483 I art     : Starting a blocking GC Explicit
08-04 01:14:30.092 29472 29483 I art     : Explicit concurrent mark sweep GC freed 20(704B) AllocSpace objects, 0(0B) LOS objects, 38% free, 26MB/42MB, paused 168us total 11.313ms
08-04 01:14:30.099 29472 29483 I art     : Starting a blocking GC Explicit
08-04 01:14:30.110 29472 29483 I art     : Explicit concurrent mark sweep GC freed 3(96B) AllocSpace objects, 0(0B) LOS objects, 38% free, 26MB/42MB, paused 170us total 11.599ms
08-04 01:14:30.117 29472 29483 I art     : Starting a blocking GC Explicit
08-04 01:14:30.129 29472 29483 I art     : Explicit concurrent mark sweep GC freed 3(96B) AllocSpace objects, 0(0B) LOS objects, 38% free, 26MB/42MB, paused 176us total 11.376ms
08-04 01:14:30.135 29472 29483 I art     : Starting a blocking GC Explicit
08-04 01:14:30.146 29472 29483 I art     : Explicit concurrent mark sweep GC freed 3(96B) AllocSpace objects, 0(0B) LOS objects, 38% free, 26MB/42MB, paused 172us total 11.627ms
08-04 01:14:30.440 29472 29484 I art     : Starting a blocking GC Explicit
08-04 01:14:30.457 29472 29484 I art     : Explicit concurrent mark sweep GC freed 1378(80KB) AllocSpace objects, 1(20KB) LOS objects, 38% free, 26MB/42MB, paused 248us total 16.818ms
08-04 01:14:30.466 29472 29484 I art     : Starting a blocking GC Explicit
08-04 01:14:30.478 29472 29484 I art     : Explicit concurrent mark sweep GC freed 20(704B) AllocSpace objects, 0(0B) LOS objects, 38% free, 26MB/42MB, paused 192us total 12.078ms
08-04 01:14:30.485 29472 29484 I art     : Starting a blocking GC Explicit
08-04 01:14:30.497 29472 29484 I art     : Explicit concurrent mark sweep GC freed 3(96B) AllocSpace objects, 0(0B) LOS objects, 38% free, 26MB/42MB, paused 195us total 12.186ms
08-04 01:14:30.503 29472 29484 I art     : Starting a blocking GC Explicit
08-04 01:14:30.515 29472 29484 I art     : Explicit concurrent mark sweep GC freed 3(96B) AllocSpace objects, 0(0B) LOS objects, 38% free, 26MB/42MB, paused 182us total 11.826ms
08-04 01:14:30.522 29472 29484 I art     : Starting a blocking GC Explicit
08-04 01:14:30.534 29472 29484 I art     : Explicit concurrent mark sweep GC freed 3(96B) AllocSpace objects, 0(0B) LOS objects, 38% free, 26MB/42MB, paused 184us total 11.690ms
08-04 01:14:30.822 29472 29483 I art     : Starting a blocking GC Explicit
08-04 01:14:30.839 29472 29483 I art     : Explicit concurrent mark sweep GC freed 1378(80KB) AllocSpace objects, 1(20KB) LOS objects, 38% free, 26MB/42MB, paused 203us total 16.804ms
08-04 01:14:30.848 29472 29483 I art     : Starting a blocking GC Explicit
08-04 01:14:30.861 29472 29483 I art     : Explicit concurrent mark sweep GC freed 20(704B) AllocSpace objects, 0(0B) LOS objects, 38% free, 26MB/42MB, paused 177us total 12.364ms
08-04 01:14:30.867 29472 29483 I art     : Starting a blocking GC Explicit
08-04 01:14:30.879 29472 29483 I art     : Explicit concurrent mark sweep GC freed 3(96B) AllocSpace objects, 0(0B) LOS objects, 38% free, 26MB/42MB, paused 176us total 11.667ms
08-04 01:14:30.886 29472 29483 I art     : Starting a blocking GC Explicit
08-04 01:14:30.898 29472 29483 I art     : Explicit concurrent mark sweep GC freed 3(96B) AllocSpace objects, 0(0B) LOS objects, 38% free, 26MB/42MB, paused 171us total 11.745ms
08-04 01:14:30.904 29472 29483 I art     : Starting a blocking GC Explicit
08-04 01:14:30.915 29472 29483 I art     : Explicit concurrent mark sweep GC freed 3(96B) AllocSpace objects, 0(0B) LOS objects, 38% free, 26MB/42MB, paused 160us total 11.096ms
08-04 01:14:31.229 29472 29484 I art     : Starting a blocking GC Explicit
08-04 01:14:31.248 29472 29484 I art     : Explicit concurrent mark sweep GC freed 1377(80KB) AllocSpace objects, 1(20KB) LOS objects, 38% free, 26MB/42MB, paused 466us total 18.186ms
08-04 01:14:31.259 29472 29484 I art     : Starting a blocking GC Explicit
08-04 01:14:31.271 29472 29484 I art     : Explicit concurrent mark sweep GC freed 20(704B) AllocSpace objects, 0(0B) LOS objects, 38% free, 26MB/42MB, paused 183us total 12.068ms
08-04 01:14:31.278 29472 29484 I art     : Starting a blocking GC Explicit
08-04 01:14:31.289 29472 29484 I art     : Explicit concurrent mark sweep GC freed 3(96B) AllocSpace objects, 0(0B) LOS objects, 38% free, 26MB/42MB, paused 175us total 11.665ms
08-04 01:14:31.295 29472 29484 I art     : Starting a blocking GC Explicit
08-04 01:14:31.307 29472 29484 I art     : Explicit concurrent mark sweep GC freed 3(96B) AllocSpace objects, 0(0B) LOS objects, 38% free, 26MB/42MB, paused 237us total 11.114ms
08-04 01:14:31.313 29472 29484 I art     : Starting a blocking GC Explicit
08-04 01:14:31.324 29472 29484 I art     : Explicit concurrent mark sweep GC freed 3(96B) AllocSpace objects, 0(0B) LOS objects, 38% free, 26MB/42MB, paused 182us total 11.592ms
08-04 01:14:31.588 29472 29483 I art     : Starting a blocking GC Explicit
08-04 01:14:31.601 29472 29483 I art     : Explicit concurrent mark sweep GC freed 1378(80KB) AllocSpace objects, 1(20KB) LOS objects, 38% free, 26MB/42MB, paused 195us total 12.848ms
08-04 01:14:31.608 29472 29483 I art     : Starting a blocking GC Explicit
08-04 01:14:31.619 29472 29483 I art     : Explicit concurrent mark sweep GC freed 20(704B) AllocSpace objects, 0(0B) LOS objects, 38% free, 26MB/42MB, paused 196us total 10.877ms
08-04 01:14:31.625 29472 29483 I art     : Starting a blocking GC Explicit
08-04 01:14:31.635 29472 29483 I art     : Explicit concurrent mark sweep GC freed 3(96B) AllocSpace objects, 0(0B) LOS objects, 38% free, 26MB/42MB, paused 150us total 9.982ms
08-04 01:14:31.641 29472 29483 I art     : Starting a blocking GC Explicit
08-04 01:14:31.650 29472 29483 I art     : Explicit concurrent mark sweep GC freed 3(96B) AllocSpace objects, 0(0B) LOS objects, 38% free, 26MB/42MB, paused 150us total 9.459ms
08-04 01:14:31.656 29472 29483 I art     : Starting a blocking GC Explicit
08-04 01:14:31.666 29472 29483 I art     : Explicit concurrent mark sweep GC freed 3(96B) AllocSpace objects, 0(0B) LOS objects, 38% free, 26MB/42MB, paused 153us total 10.358ms
08-04 01:14:31.897 29472 29484 I art     : Starting a blocking GC Explicit
08-04 01:14:31.909 29472 29484 I art     : Explicit concurrent mark sweep GC freed 1378(80KB) AllocSpace objects, 1(20KB) LOS objects, 38% free, 26MB/42MB, paused 193us total 12.033ms
08-04 01:14:31.915 29472 29484 I art     : Starting a blocking GC Explicit
08-04 01:14:31.926 29472 29484 I art     : Explicit concurrent mark sweep GC freed 20(704B) AllocSpace objects, 0(0B) LOS objects, 38% free, 26MB/42MB, paused 185us total 11.371ms
08-04 01:14:31.932 29472 29484 I art     : Starting a blocking GC Explicit
08-04 01:14:31.944 29472 29484 I art     : Explicit concurrent mark sweep GC freed 3(96B) AllocSpace objects, 0(0B) LOS objects, 38% free, 26MB/42MB, paused 186us total 11.711ms
08-04 01:14:31.950 29472 29484 I art     : Starting a blocking GC Explicit
08-04 01:14:31.962 29472 29484 I art     : Explicit concurrent mark sweep GC freed 3(96B) AllocSpace objects, 0(0B) LOS objects, 38% free, 26MB/42MB, paused 180us total 11.117ms
08-04 01:14:31.967 29472 29484 I art     : Starting a blocking GC Explicit
08-04 01:14:31.979 29472 29484 I art     : Explicit concurrent mark sweep GC freed 3(96B) AllocSpace objects, 0(0B) LOS objects, 38% free, 26MB/42MB, paused 210us total 11.129ms
08-04 01:14:31.987 29696 29696 D AndroidRuntime: >>>>>> START com.android.internal.os.RuntimeInit uid 2000 <<<<<<
08-04 01:14:31.991 29696 29696 D AndroidRuntime: CheckJNI is OFF
08-04 01:14:32.015 29696 29696 D ICU     : No timezone override file found: /data/misc/zoneinfo/current/icu/icu_tzdata.dat
08-04 01:14:32.040 29696 29696 I Radio-JNI: register_android_hardware_Radio DONE
08-04 01:14:32.056 29696 29696 D AndroidRuntime: Calling main entry com.android.commands.input.Input
08-04 01:14:32.057 29696 29696 I Input   : injectMotionEvent: MotionEvent { action=ACTION_DOWN, actionButton=0, id[0]=0, x[0]=594.0, y[0]=330.0, toolType[0]=TOOL_TYPE_UNKNOWN, buttonState=0, metaState=0, flags=0x0, edgeFlags=0x0, pointerCount=1, historySize=0, eventTime=666888470, downTime=666888470, deviceId=0, source=0x1002 }
08-04 01:14:32.064 29696 29696 I Input   : injectMotionEvent: MotionEvent { action=ACTION_UP, actionButton=0, id[0]=0, x[0]=594.0, y[0]=330.0, toolType[0]=TOOL_TYPE_UNKNOWN, buttonState=0, metaState=0, flags=0x0, edgeFlags=0x0, pointerCount=1, historySize=0, eventTime=666888470, downTime=666888470, deviceId=0, source=0x1002 }
08-04 01:14:32.067 29696 29696 D AndroidRuntime: Shutting down VM
08-04 01:14:32.138   918  3961 I ActivityManager: START u0 {cmp=baseline.com.newsblur/.activity.GlobalSharedStoriesItemsList (has extras)} from uid 10652 on display 0
08-04 01:14:32.161 29472 29730 I baseline.com.newsblur.database.BlurDatabaseHelper: reading session reset
08-04 01:14:32.196 29472 29484 I art     : Starting a blocking GC Explicit
08-04 01:14:32.209 29472 29484 I art     : Explicit concurrent mark sweep GC freed 5784(463KB) AllocSpace objects, 7(264KB) LOS objects, 36% free, 27MB/43MB, paused 224us total 13.036ms
08-04 01:14:32.215 29472 29484 I art     : Starting a blocking GC Explicit
08-04 01:14:32.227 29472 29484 I art     : Explicit concurrent mark sweep GC freed 255(15KB) AllocSpace objects, 0(0B) LOS objects, 36% free, 27MB/43MB, paused 251us total 12.064ms
08-04 01:14:32.233 29472 29484 I art     : Starting a blocking GC Explicit
08-04 01:14:32.245 29472 29484 I art     : Explicit concurrent mark sweep GC freed 650(52KB) AllocSpace objects, 1(20KB) LOS objects, 36% free, 27MB/43MB, paused 222us total 12.186ms
08-04 01:14:32.252 29472 29484 I art     : Starting a blocking GC Explicit
08-04 01:14:32.263 29472 29484 I art     : Explicit concurrent mark sweep GC freed 99(4KB) AllocSpace objects, 0(0B) LOS objects, 36% free, 27MB/43MB, paused 201us total 11.389ms
08-04 01:14:32.269 29472 29484 I art     : Starting a blocking GC Explicit
08-04 01:14:32.286 29472 29484 I art     : Explicit concurrent mark sweep GC freed 228(29KB) AllocSpace objects, 1(20KB) LOS objects, 36% free, 27MB/43MB, paused 409us total 17.102ms
08-04 01:14:32.290 29472 29472 W View    : requestLayout() improperly called by android.widget.FrameLayout{9a9ae5e V.E...... ......ID 0,0-1440,0 #7f07003f app:id/footer_view_inner} during layout: running second layout pass
08-04 01:14:32.290 29472 29472 W View    : requestLayout() improperly called by android.widget.FrameLayout{b14123f V.E...... ......ID 0,0-1440,2091 #7f07003f app:id/footer_view_inner} during layout: running second layout pass
08-04 01:14:32.305   918   936 I ActivityManager: Displayed baseline.com.newsblur/.activity.GlobalSharedStoriesItemsList: +154ms
08-04 01:14:32.305 13866 13866 I GoogleInputMethodServic: GoogleInputMethodService.onFinishInput():3138 
08-04 01:14:32.306 13866 13866 I GoogleInputMethodServic: GoogleInputMethodService.onStartInput():1808 
08-04 01:14:32.513 29472 29731 I art     : Starting a blocking GC Explicit
08-04 01:14:32.533 29472 29731 I art     : Explicit concurrent mark sweep GC freed 3314(245KB) AllocSpace objects, 6(120KB) LOS objects, 36% free, 27MB/43MB, paused 245us total 19.312ms
08-04 01:14:32.541 29472 29731 I art     : Starting a blocking GC Explicit
08-04 01:14:32.555 29472 29731 I art     : Explicit concurrent mark sweep GC freed 315(27KB) AllocSpace objects, 1(20KB) LOS objects, 36% free, 27MB/43MB, paused 244us total 13.243ms
08-04 01:14:32.562 29472 29731 I art     : Starting a blocking GC Explicit
08-04 01:14:32.576 29472 29731 I art     : Explicit concurrent mark sweep GC freed 10(384B) AllocSpace objects, 0(0B) LOS objects, 36% free, 27MB/43MB, paused 343us total 13.950ms
08-04 01:14:32.582 29472 29731 I art     : Starting a blocking GC Explicit
08-04 01:14:32.594 29472 29731 I art     : Explicit concurrent mark sweep GC freed 115(4KB) AllocSpace objects, 0(0B) LOS objects, 36% free, 27MB/43MB, paused 247us total 12.194ms
08-04 01:14:32.600 29472 29731 I art     : Starting a blocking GC Explicit
08-04 01:14:32.611 29472 29731 I art     : Explicit concurrent mark sweep GC freed 4(128B) AllocSpace objects, 0(0B) LOS objects, 36% free, 27MB/43MB, paused 231us total 11.112ms
08-04 01:14:32.882 29472 29731 I art     : Starting a blocking GC Explicit
08-04 01:14:32.889 29472 29733 I NAPPA_EXPERIMENTATION: MetricNetworkRequestExecutionTime: REQUEST_DURATION_SYSTEM='571',REQUEST_DURATION_OKHTTP='33',REQUEST_SYNCHRONOUS='TRUE',RESPONSE_CODE='200',RESPONSE_METHOD='GET',RESPONSE_LENGTH_OKHTTP='-1',RESPONSE_LENGTH_HEADER='13047',REQUEST_PROTOCOL='http/1.1',REQUEST_URL='https://www.newsblur.com/social/river_stories?order=newest&page=1&read_filter=all&global_feed=true',
08-04 01:14:32.889 29472 29733 D MY_TAG  : 0, 571
08-04 01:14:32.899 29472 29731 I art     : Explicit concurrent mark sweep GC freed 3985(221KB) AllocSpace objects, 4(220KB) LOS objects, 36% free, 27MB/43MB, paused 326us total 16.603ms
08-04 01:14:32.906 29472 29731 I art     : Starting a blocking GC Explicit
08-04 01:14:32.921 29472 29731 I art     : Explicit concurrent mark sweep GC freed 12004(670KB) AllocSpace objects, 5(232KB) LOS objects, 36% free, 27MB/43MB, paused 582us total 14.588ms
08-04 01:14:32.927 29472 29731 I art     : Starting a blocking GC Explicit
08-04 01:14:32.941 29472 29731 I art     : Explicit concurrent mark sweep GC freed 6312(587KB) AllocSpace objects, 8(156KB) LOS objects, 36% free, 27MB/43MB, paused 599us total 14.189ms
08-04 01:14:32.947 29472 29731 I art     : Starting a blocking GC Explicit
08-04 01:14:32.962 29472 29731 I art     : Explicit concurrent mark sweep GC freed 12189(688KB) AllocSpace objects, 6(120KB) LOS objects, 36% free, 27MB/43MB, paused 379us total 14.630ms
08-04 01:14:32.967 29472 29731 I art     : Starting a blocking GC Explicit
08-04 01:14:32.981 29472 29731 I art     : Explicit concurrent mark sweep GC freed 1512(123KB) AllocSpace objects, 3(148KB) LOS objects, 36% free, 27MB/43MB, paused 469us total 13.137ms
08-04 01:14:33.111 29472 29764 I NAPPA_EXPERIMENTATION: MetricNetworkRequestExecutionTime: REQUEST_DURATION_SYSTEM='36',REQUEST_DURATION_OKHTTP='32',REQUEST_SYNCHRONOUS='TRUE',RESPONSE_CODE='200',RESPONSE_METHOD='GET',RESPONSE_LENGTH_OKHTTP='43',RESPONSE_LENGTH_HEADER='43',REQUEST_PROTOCOL='http/1.1',REQUEST_URL='http://feeds.feedburner.com/~r/retort/~4/UffaFMiJbNs',
08-04 01:14:33.238 29472 29745 I art     : Starting a blocking GC Explicit
08-04 01:14:33.257 29472 29745 I art     : Explicit concurrent mark sweep GC freed 12599(890KB) AllocSpace objects, 26(660KB) LOS objects, 35% free, 28MB/44MB, paused 509us total 19.321ms
08-04 01:14:33.264 29472 29745 I art     : Starting a blocking GC Explicit
08-04 01:14:33.281 29472 29745 I art     : Explicit concurrent mark sweep GC freed 3240(271KB) AllocSpace objects, 0(0B) LOS objects, 36% free, 28MB/44MB, paused 488us total 16.609ms
08-04 01:14:33.288 29472 29745 I art     : Starting a blocking GC Explicit
08-04 01:14:33.303 29472 29745 I art     : Explicit concurrent mark sweep GC freed 3(96B) AllocSpace objects, 0(0B) LOS objects, 36% free, 28MB/44MB, paused 428us total 15.575ms
08-04 01:14:33.311 29472 29745 I art     : Starting a blocking GC Explicit
08-04 01:14:33.325 29472 29745 I art     : Explicit concurrent mark sweep GC freed 3(96B) AllocSpace objects, 0(0B) LOS objects, 36% free, 28MB/44MB, paused 427us total 13.834ms
08-04 01:14:33.332 29472 29745 I art     : Starting a blocking GC Explicit
08-04 01:14:33.346 29472 29745 I art     : Explicit concurrent mark sweep GC freed 1224(52KB) AllocSpace objects, 0(0B) LOS objects, 36% free, 28MB/44MB, paused 544us total 14.561ms
08-04 01:14:33.382 29472 29766 I NAPPA_EXPERIMENTATION: MetricNetworkRequestExecutionTime: REQUEST_DURATION_SYSTEM='299',REQUEST_DURATION_OKHTTP='145',REQUEST_SYNCHRONOUS='TRUE',RESPONSE_CODE='200',RESPONSE_METHOD='GET',RESPONSE_LENGTH_OKHTTP='79351',RESPONSE_LENGTH_HEADER='79351',REQUEST_PROTOCOL='h2',REQUEST_URL='https://images.fastcompany.net/image/upload/w_1280,q_auto,f_auto,fl_lossy/wp-cms/uploads/2020/07/p-1-90532920-this-chart-shows-how-effective-masks-can-be.png',
08-04 01:14:33.507 29472 29763 I NAPPA_EXPERIMENTATION: MetricNetworkRequestExecutionTime: REQUEST_DURATION_SYSTEM='459',REQUEST_DURATION_OKHTTP='30',REQUEST_SYNCHRONOUS='TRUE',RESPONSE_CODE='200',RESPONSE_METHOD='GET',RESPONSE_LENGTH_OKHTTP='145',RESPONSE_LENGTH_HEADER='145',REQUEST_PROTOCOL='http/1.1',REQUEST_URL='https://s3.amazonaws.com/icons.newsblur.com/6882243.png',
08-04 01:14:33.544 29472 29767 I NAPPA_EXPERIMENTATION: MetricNetworkRequestExecutionTime: REQUEST_DURATION_SYSTEM='481',REQUEST_DURATION_OKHTTP='66',REQUEST_SYNCHRONOUS='TRUE',RESPONSE_CODE='200',RESPONSE_METHOD='GET',RESPONSE_LENGTH_OKHTTP='477',RESPONSE_LENGTH_HEADER='477',REQUEST_PROTOCOL='http/1.1',REQUEST_URL='https://s3.amazonaws.com/icons.newsblur.com/5762506.png',
08-04 01:14:33.546   918  3261 D WifiStateMachine: starting scan for "H369AA63323"WPA_PSK with 2412,5180
08-04 01:14:33.547 29472 29765 I NAPPA_EXPERIMENTATION: MetricNetworkRequestExecutionTime: REQUEST_DURATION_SYSTEM='492',REQUEST_DURATION_OKHTTP='48',REQUEST_SYNCHRONOUS='TRUE',RESPONSE_CODE='200',RESPONSE_METHOD='GET',RESPONSE_LENGTH_OKHTTP='243',RESPONSE_LENGTH_HEADER='243',REQUEST_PROTOCOL='http/1.1',REQUEST_URL='https://s3.amazonaws.com/icons.newsblur.com/18178.png',
08-04 01:14:33.605 29472 29483 I art     : Starting a blocking GC Explicit
08-04 01:14:33.626 29472 29483 I art     : Explicit concurrent mark sweep GC freed 13531(696KB) AllocSpace objects, 14(3MB) LOS objects, 34% free, 30MB/46MB, paused 322us total 20.636ms
08-04 01:14:33.634 29472 29483 I art     : Starting a blocking GC Explicit
08-04 01:14:33.651 29472 29483 I art     : Explicit concurrent mark sweep GC freed 418(14KB) AllocSpace objects, 0(0B) LOS objects, 34% free, 30MB/46MB, paused 632us total 17.409ms
08-04 01:14:33.658 29472 29483 I art     : Starting a blocking GC Explicit
08-04 01:14:33.672 29472 29483 I art     : Explicit concurrent mark sweep GC freed 8(304B) AllocSpace objects, 0(0B) LOS objects, 34% free, 30MB/46MB, paused 288us total 13.729ms
08-04 01:14:33.679 29472 29483 I art     : Starting a blocking GC Explicit
08-04 01:14:33.692 29472 29483 I art     : Explicit concurrent mark sweep GC freed 6(192B) AllocSpace objects, 0(0B) LOS objects, 34% free, 30MB/46MB, paused 285us total 13.432ms
08-04 01:14:33.699 29472 29483 I art     : Starting a blocking GC Explicit
08-04 01:14:33.712 29472 29483 I art     : Explicit concurrent mark sweep GC freed 3(96B) AllocSpace objects, 0(0B) LOS objects, 34% free, 30MB/46MB, paused 299us total 13.375ms
08-04 01:14:34.025 29472 29731 I art     : Starting a blocking GC Explicit
08-04 01:14:34.044 29472 29731 I art     : Explicit concurrent mark sweep GC freed 1389(82KB) AllocSpace objects, 1(20KB) LOS objects, 34% free, 30MB/46MB, paused 362us total 18.677ms
08-04 01:14:34.055 29472 29731 I art     : Starting a blocking GC Explicit
08-04 01:14:34.070 29472 29731 I art     : Explicit concurrent mark sweep GC freed 20(704B) AllocSpace objects, 0(0B) LOS objects, 34% free, 30MB/46MB, paused 330us total 14.756ms
08-04 01:14:34.077 29472 29731 I art     : Starting a blocking GC Explicit
08-04 01:14:34.092 29472 29731 I art     : Explicit concurrent mark sweep GC freed 3(96B) AllocSpace objects, 0(0B) LOS objects, 34% free, 30MB/46MB, paused 321us total 14.627ms
08-04 01:14:34.098 29472 29731 I art     : Starting a blocking GC Explicit
08-04 01:14:34.113 29472 29731 I art     : Explicit concurrent mark sweep GC freed 3(96B) AllocSpace objects, 0(0B) LOS objects, 34% free, 30MB/46MB, paused 322us total 14.691ms
08-04 01:14:34.119 29472 29731 I art     : Starting a blocking GC Explicit
08-04 01:14:34.134 29472 29731 I art     : Explicit concurrent mark sweep GC freed 3(96B) AllocSpace objects, 0(0B) LOS objects, 34% free, 30MB/46MB, paused 311us total 14.693ms
08-04 01:14:34.462 29472 29483 I art     : Starting a blocking GC Explicit
08-04 01:14:34.483 29472 29483 I art     : Explicit concurrent mark sweep GC freed 1389(80KB) AllocSpace objects, 1(20KB) LOS objects, 34% free, 30MB/46MB, paused 507us total 19.921ms
08-04 01:14:34.491 29472 29483 I art     : Starting a blocking GC Explicit
08-04 01:14:34.507 29472 29483 I art     : Explicit concurrent mark sweep GC freed 20(704B) AllocSpace objects, 0(0B) LOS objects, 34% free, 30MB/46MB, paused 412us total 15.020ms
08-04 01:14:34.513 29472 29483 I art     : Starting a blocking GC Explicit
08-04 01:14:34.528 29472 29483 I art     : Explicit concurrent mark sweep GC freed 3(96B) AllocSpace objects, 0(0B) LOS objects, 34% free, 30MB/46MB, paused 321us total 14.584ms
08-04 01:14:34.534 29472 29483 I art     : Starting a blocking GC Explicit
08-04 01:14:34.549 29472 29483 I art     : Explicit concurrent mark sweep GC freed 3(96B) AllocSpace objects, 0(0B) LOS objects, 34% free, 30MB/46MB, paused 335us total 14.521ms
08-04 01:14:34.555 29472 29483 I art     : Starting a blocking GC Explicit
08-04 01:14:34.570 29472 29483 I art     : Explicit concurrent mark sweep GC freed 3(96B) AllocSpace objects, 0(0B) LOS objects, 34% free, 30MB/46MB, paused 319us total 14.583ms
08-04 01:14:34.826 24161 24161 I ServiceManager: Waiting for service AtCmdFwd...
08-04 01:14:34.903 29472 29745 I art     : Starting a blocking GC Explicit
08-04 01:14:34.922 29472 29745 I art     : Explicit concurrent mark sweep GC freed 1388(80KB) AllocSpace objects, 1(20KB) LOS objects, 34% free, 30MB/46MB, paused 354us total 18.858ms
08-04 01:14:34.931 29472 29745 I art     : Starting a blocking GC Explicit
08-04 01:14:34.946 29472 29745 I art     : Explicit concurrent mark sweep GC freed 20(704B) AllocSpace objects, 0(0B) LOS objects, 34% free, 30MB/46MB, paused 320us total 14.915ms
08-04 01:14:34.952 29472 29745 I art     : Starting a blocking GC Explicit
08-04 01:14:34.967 29472 29745 I art     : Explicit concurrent mark sweep GC freed 3(96B) AllocSpace objects, 0(0B) LOS objects, 34% free, 30MB/46MB, paused 330us total 14.817ms
08-04 01:14:34.973 29472 29745 I art     : Starting a blocking GC Explicit
08-04 01:14:34.988 29472 29745 I art     : Explicit concurrent mark sweep GC freed 3(96B) AllocSpace objects, 0(0B) LOS objects, 34% free, 30MB/46MB, paused 325us total 14.675ms
08-04 01:14:34.994 29472 29745 I art     : Starting a blocking GC Explicit
08-04 01:14:35.009 29472 29745 I art     : Explicit concurrent mark sweep GC freed 3(96B) AllocSpace objects, 0(0B) LOS objects, 34% free, 30MB/46MB, paused 330us total 14.584ms
08-04 01:14:35.298 29472 29484 I art     : Starting a blocking GC Explicit
08-04 01:14:35.316 29472 29484 I art     : Explicit concurrent mark sweep GC freed 1388(80KB) AllocSpace objects, 1(20KB) LOS objects, 34% free, 30MB/46MB, paused 359us total 17.416ms
08-04 01:14:35.325 29472 29484 I art     : Starting a blocking GC Explicit
08-04 01:14:35.340 29472 29484 I art     : Explicit concurrent mark sweep GC freed 20(704B) AllocSpace objects, 0(0B) LOS objects, 34% free, 30MB/46MB, paused 354us total 14.901ms
08-04 01:14:35.346 29472 29484 I art     : Starting a blocking GC Explicit
08-04 01:14:35.361 29472 29484 I art     : Explicit concurrent mark sweep GC freed 3(96B) AllocSpace objects, 0(0B) LOS objects, 34% free, 30MB/46MB, paused 316us total 14.852ms
08-04 01:14:35.368 29472 29484 I art     : Starting a blocking GC Explicit
08-04 01:14:35.383 29472 29484 I art     : Explicit concurrent mark sweep GC freed 3(96B) AllocSpace objects, 0(0B) LOS objects, 34% free, 30MB/46MB, paused 327us total 14.793ms
08-04 01:14:35.389 29472 29484 I art     : Starting a blocking GC Explicit
08-04 01:14:35.405 29472 29484 I art     : Explicit concurrent mark sweep GC freed 3(96B) AllocSpace objects, 0(0B) LOS objects, 34% free, 30MB/46MB, paused 321us total 15.207ms
08-04 01:14:35.733 29472 29731 I art     : Starting a blocking GC Explicit
08-04 01:14:35.752 29472 29731 I art     : Explicit concurrent mark sweep GC freed 1389(80KB) AllocSpace objects, 1(20KB) LOS objects, 34% free, 30MB/46MB, paused 334us total 18.638ms
08-04 01:14:35.759 29472 29731 I art     : Starting a blocking GC Explicit
08-04 01:14:35.775 29472 29731 I art     : Explicit concurrent mark sweep GC freed 20(704B) AllocSpace objects, 0(0B) LOS objects, 34% free, 30MB/46MB, paused 334us total 15.751ms
08-04 01:14:35.782 29472 29731 I art     : Starting a blocking GC Explicit
08-04 01:14:35.797 29472 29731 I art     : Explicit concurrent mark sweep GC freed 3(96B) AllocSpace objects, 0(0B) LOS objects, 34% free, 30MB/46MB, paused 390us total 15.012ms
08-04 01:14:35.803 29472 29731 I art     : Starting a blocking GC Explicit
08-04 01:14:35.819 29472 29731 I art     : Explicit concurrent mark sweep GC freed 3(96B) AllocSpace objects, 0(0B) LOS objects, 34% free, 30MB/46MB, paused 309us total 15.172ms
08-04 01:14:35.825 29472 29731 I art     : Starting a blocking GC Explicit
08-04 01:14:35.827 24161 24161 I ServiceManager: Waiting for service AtCmdFwd...
08-04 01:14:35.840 29472 29731 I art     : Explicit concurrent mark sweep GC freed 3(96B) AllocSpace objects, 0(0B) LOS objects, 34% free, 30MB/46MB, paused 313us total 14.993ms
08-04 01:14:36.128 29472 29483 I art     : Starting a blocking GC Explicit
08-04 01:14:36.145 29472 29483 I art     : Explicit concurrent mark sweep GC freed 1388(80KB) AllocSpace objects, 1(20KB) LOS objects, 34% free, 30MB/46MB, paused 350us total 16.980ms
08-04 01:14:36.154 29472 29483 I art     : Starting a blocking GC Explicit
08-04 01:14:36.170 29472 29483 I art     : Explicit concurrent mark sweep GC freed 20(704B) AllocSpace objects, 0(0B) LOS objects, 34% free, 30MB/46MB, paused 337us total 15.666ms
08-04 01:14:36.176 29472 29483 I art     : Starting a blocking GC Explicit
08-04 01:14:36.191 29472 29483 I art     : Explicit concurrent mark sweep GC freed 3(96B) AllocSpace objects, 0(0B) LOS objects, 34% free, 30MB/46MB, paused 319us total 14.491ms
08-04 01:14:36.197 29472 29483 I art     : Starting a blocking GC Explicit
08-04 01:14:36.212 29472 29483 I art     : Explicit concurrent mark sweep GC freed 3(96B) AllocSpace objects, 0(0B) LOS objects, 34% free, 30MB/46MB, paused 316us total 14.583ms
08-04 01:14:36.218 29472 29483 I art     : Starting a blocking GC Explicit
08-04 01:14:36.233 29472 29483 I art     : Explicit concurrent mark sweep GC freed 3(96B) AllocSpace objects, 0(0B) LOS objects, 34% free, 30MB/46MB, paused 359us total 14.588ms
08-04 01:14:36.527 29472 29745 I art     : Starting a blocking GC Explicit
08-04 01:14:36.544 29472 29745 I art     : Explicit concurrent mark sweep GC freed 1388(80KB) AllocSpace objects, 1(20KB) LOS objects, 34% free, 30MB/46MB, paused 340us total 17.159ms
08-04 01:14:36.553 29472 29745 I art     : Starting a blocking GC Explicit
08-04 01:14:36.570 29472 29745 I art     : Explicit concurrent mark sweep GC freed 20(704B) AllocSpace objects, 0(0B) LOS objects, 34% free, 30MB/46MB, paused 318us total 17.115ms
08-04 01:14:36.576 29472 29745 I art     : Starting a blocking GC Explicit
08-04 01:14:36.591 29472 29745 I art     : Explicit concurrent mark sweep GC freed 3(96B) AllocSpace objects, 0(0B) LOS objects, 34% free, 30MB/46MB, paused 307us total 14.835ms
08-04 01:14:36.598 29472 29745 I art     : Starting a blocking GC Explicit
08-04 01:14:36.612 29472 29745 I art     : Explicit concurrent mark sweep GC freed 3(96B) AllocSpace objects, 0(0B) LOS objects, 34% free, 30MB/46MB, paused 319us total 14.734ms
08-04 01:14:36.619 29472 29745 I art     : Starting a blocking GC Explicit
08-04 01:14:36.634 29472 29745 I art     : Explicit concurrent mark sweep GC freed 3(96B) AllocSpace objects, 0(0B) LOS objects, 34% free, 30MB/46MB, paused 316us total 14.703ms
08-04 01:14:36.827 24161 24161 I ServiceManager: Waiting for service AtCmdFwd...
08-04 01:14:36.933 29472 29484 I art     : Starting a blocking GC Explicit
08-04 01:14:36.952 29472 29484 I art     : Explicit concurrent mark sweep GC freed 1388(80KB) AllocSpace objects, 1(20KB) LOS objects, 34% free, 30MB/46MB, paused 334us total 18.688ms
08-04 01:14:36.963 29472 29484 I art     : Starting a blocking GC Explicit
08-04 01:14:36.979 29472 29484 I art     : Explicit concurrent mark sweep GC freed 20(704B) AllocSpace objects, 0(0B) LOS objects, 34% free, 30MB/46MB, paused 310us total 14.975ms
08-04 01:14:36.985 29472 29484 I art     : Starting a blocking GC Explicit
08-04 01:14:37.000 29472 29484 I art     : Explicit concurrent mark sweep GC freed 3(96B) AllocSpace objects, 0(0B) LOS objects, 34% free, 30MB/46MB, paused 337us total 14.538ms
08-04 01:14:37.006 29472 29484 I art     : Starting a blocking GC Explicit
08-04 01:14:37.021 29472 29484 I art     : Explicit concurrent mark sweep GC freed 3(96B) AllocSpace objects, 0(0B) LOS objects, 34% free, 30MB/46MB, paused 375us total 14.704ms
08-04 01:14:37.027 29472 29484 I art     : Starting a blocking GC Explicit
08-04 01:14:37.042 29472 29484 I art     : Explicit concurrent mark sweep GC freed 3(96B) AllocSpace objects, 0(0B) LOS objects, 34% free, 30MB/46MB, paused 324us total 14.740ms
08-04 01:14:37.350 29472 29731 I art     : Starting a blocking GC Explicit
08-04 01:14:37.369 29472 29731 I art     : Explicit concurrent mark sweep GC freed 1388(80KB) AllocSpace objects, 1(20KB) LOS objects, 34% free, 30MB/46MB, paused 349us total 19.649ms
08-04 01:14:37.376 29472 29731 I art     : Starting a blocking GC Explicit
08-04 01:14:37.392 29472 29731 I art     : Explicit concurrent mark sweep GC freed 20(704B) AllocSpace objects, 0(0B) LOS objects, 34% free, 30MB/46MB, paused 324us total 15.448ms
08-04 01:14:37.399 29472 29731 I art     : Starting a blocking GC Explicit
08-04 01:14:37.415 29472 29731 I art     : Explicit concurrent mark sweep GC freed 3(96B) AllocSpace objects, 0(0B) LOS objects, 34% free, 30MB/46MB, paused 319us total 15.604ms
08-04 01:14:37.421 29472 29731 I art     : Starting a blocking GC Explicit
08-04 01:14:37.436 29472 29731 I art     : Explicit concurrent mark sweep GC freed 3(96B) AllocSpace objects, 0(0B) LOS objects, 34% free, 30MB/46MB, paused 329us total 15.162ms
08-04 01:14:37.443 29472 29731 I art     : Starting a blocking GC Explicit
08-04 01:14:37.458 29472 29731 I art     : Explicit concurrent mark sweep GC freed 3(96B) AllocSpace objects, 0(0B) LOS objects, 34% free, 30MB/46MB, paused 306us total 15.066ms
08-04 01:14:37.774 29472 29483 I art     : Starting a blocking GC Explicit
08-04 01:14:37.793 29472 29483 I art     : Explicit concurrent mark sweep GC freed 1388(80KB) AllocSpace objects, 1(20KB) LOS objects, 34% free, 30MB/46MB, paused 353us total 18.759ms
08-04 01:14:37.804 29472 29483 I art     : Starting a blocking GC Explicit
08-04 01:14:37.820 29472 29483 I art     : Explicit concurrent mark sweep GC freed 20(704B) AllocSpace objects, 0(0B) LOS objects, 34% free, 30MB/46MB, paused 318us total 14.934ms
08-04 01:14:37.826 29472 29483 I art     : Starting a blocking GC Explicit
08-04 01:14:37.828 24161 24161 I ServiceManager: Waiting for service AtCmdFwd...
08-04 01:14:37.841 29472 29483 I art     : Explicit concurrent mark sweep GC freed 3(96B) AllocSpace objects, 0(0B) LOS objects, 34% free, 30MB/46MB, paused 322us total 14.758ms
08-04 01:14:37.847 29472 29483 I art     : Starting a blocking GC Explicit
08-04 01:14:37.862 29472 29483 I art     : Explicit concurrent mark sweep GC freed 3(96B) AllocSpace objects, 0(0B) LOS objects, 34% free, 30MB/46MB, paused 320us total 14.639ms
08-04 01:14:37.868 29472 29483 I art     : Starting a blocking GC Explicit
08-04 01:14:37.883 29472 29483 I art     : Explicit concurrent mark sweep GC freed 3(96B) AllocSpace objects, 0(0B) LOS objects, 34% free, 30MB/46MB, paused 310us total 14.595ms
08-04 01:14:38.201 29472 29745 I art     : Starting a blocking GC Explicit
08-04 01:14:38.221 29472 29745 I art     : Explicit concurrent mark sweep GC freed 1388(80KB) AllocSpace objects, 1(20KB) LOS objects, 34% free, 30MB/46MB, paused 357us total 19.785ms
08-04 01:14:38.228 29472 29745 I art     : Starting a blocking GC Explicit
08-04 01:14:38.242 29472 29745 I art     : Explicit concurrent mark sweep GC freed 20(704B) AllocSpace objects, 0(0B) LOS objects, 34% free, 30MB/46MB, paused 314us total 13.614ms
08-04 01:14:38.249 29472 29745 I art     : Starting a blocking GC Explicit
08-04 01:14:38.263 29472 29745 I art     : Explicit concurrent mark sweep GC freed 3(96B) AllocSpace objects, 0(0B) LOS objects, 34% free, 30MB/46MB, paused 312us total 14.582ms
08-04 01:14:38.270 29472 29745 I art     : Starting a blocking GC Explicit
08-04 01:14:38.284 29472 29745 I art     : Explicit concurrent mark sweep GC freed 3(96B) AllocSpace objects, 0(0B) LOS objects, 34% free, 30MB/46MB, paused 327us total 14.487ms
08-04 01:14:38.291 29472 29745 I art     : Starting a blocking GC Explicit
08-04 01:14:38.305 29472 29745 I art     : Explicit concurrent mark sweep GC freed 3(96B) AllocSpace objects, 0(0B) LOS objects, 34% free, 30MB/46MB, paused 353us total 14.558ms
08-04 01:14:38.623 29472 29484 I art     : Starting a blocking GC Explicit
08-04 01:14:38.641 29472 29484 I art     : Explicit concurrent mark sweep GC freed 1388(80KB) AllocSpace objects, 1(20KB) LOS objects, 34% free, 30MB/46MB, paused 349us total 18.153ms
08-04 01:14:38.648 29472 29484 I art     : Starting a blocking GC Explicit
08-04 01:14:38.664 29472 29484 I art     : Explicit concurrent mark sweep GC freed 20(704B) AllocSpace objects, 0(0B) LOS objects, 34% free, 30MB/46MB, paused 328us total 15.802ms
08-04 01:14:38.671 29472 29484 I art     : Starting a blocking GC Explicit
08-04 01:14:38.687 29472 29484 I art     : Explicit concurrent mark sweep GC freed 3(96B) AllocSpace objects, 0(0B) LOS objects, 34% free, 30MB/46MB, paused 325us total 15.554ms
08-04 01:14:38.693 29472 29484 I art     : Starting a blocking GC Explicit
08-04 01:14:38.709 29472 29484 I art     : Explicit concurrent mark sweep GC freed 3(96B) AllocSpace objects, 0(0B) LOS objects, 34% free, 30MB/46MB, paused 384us total 15.874ms
08-04 01:14:38.716 29472 29484 I art     : Starting a blocking GC Explicit
08-04 01:14:38.732 29472 29484 I art     : Explicit concurrent mark sweep GC freed 3(96B) AllocSpace objects, 0(0B) LOS objects, 34% free, 30MB/46MB, paused 325us total 15.259ms
08-04 01:14:38.829 24161 24161 I ServiceManager: Waiting for service AtCmdFwd...
08-04 01:14:39.040 29472 29731 I art     : Starting a blocking GC Explicit
08-04 01:14:39.059 29472 29731 I art     : Explicit concurrent mark sweep GC freed 1388(80KB) AllocSpace objects, 1(20KB) LOS objects, 34% free, 30MB/46MB, paused 346us total 18.417ms
08-04 01:14:39.069 29472 29731 I art     : Starting a blocking GC Explicit
08-04 01:14:39.084 29472 29731 I art     : Explicit concurrent mark sweep GC freed 20(704B) AllocSpace objects, 0(0B) LOS objects, 34% free, 30MB/46MB, paused 323us total 14.670ms
08-04 01:14:39.090 29472 29731 I art     : Starting a blocking GC Explicit
08-04 01:14:39.105 29472 29731 I art     : Explicit concurrent mark sweep GC freed 3(96B) AllocSpace objects, 0(0B) LOS objects, 34% free, 30MB/46MB, paused 309us total 14.747ms
08-04 01:14:39.111 29472 29731 I art     : Starting a blocking GC Explicit
08-04 01:14:39.126 29472 29731 I art     : Explicit concurrent mark sweep GC freed 3(96B) AllocSpace objects, 0(0B) LOS objects, 34% free, 30MB/46MB, paused 319us total 14.661ms
08-04 01:14:39.133 29472 29731 I art     : Starting a blocking GC Explicit
08-04 01:14:39.147 29472 29731 I art     : Explicit concurrent mark sweep GC freed 3(96B) AllocSpace objects, 0(0B) LOS objects, 34% free, 30MB/46MB, paused 334us total 14.657ms
08-04 01:14:39.437 29472 29483 I art     : Starting a blocking GC Explicit
08-04 01:14:39.454 29472 29483 I art     : Explicit concurrent mark sweep GC freed 1388(80KB) AllocSpace objects, 1(20KB) LOS objects, 34% free, 30MB/46MB, paused 331us total 16.469ms
08-04 01:14:39.461 29472 29483 I art     : Starting a blocking GC Explicit
08-04 01:14:39.477 29472 29483 I art     : Explicit concurrent mark sweep GC freed 20(704B) AllocSpace objects, 0(0B) LOS objects, 34% free, 30MB/46MB, paused 492us total 16.003ms
08-04 01:14:39.484 29472 29483 I art     : Starting a blocking GC Explicit
08-04 01:14:39.500 29472 29483 I art     : Explicit concurrent mark sweep GC freed 3(96B) AllocSpace objects, 0(0B) LOS objects, 34% free, 30MB/46MB, paused 327us total 15.649ms
08-04 01:14:39.506 29472 29483 I art     : Starting a blocking GC Explicit
08-04 01:14:39.522 29472 29483 I art     : Explicit concurrent mark sweep GC freed 3(96B) AllocSpace objects, 0(0B) LOS objects, 34% free, 30MB/46MB, paused 332us total 15.256ms
08-04 01:14:39.529 29472 29483 I art     : Starting a blocking GC Explicit
08-04 01:14:39.543 29472 29483 I art     : Explicit concurrent mark sweep GC freed 3(96B) AllocSpace objects, 0(0B) LOS objects, 34% free, 30MB/46MB, paused 313us total 13.974ms
08-04 01:14:39.829 24161 24161 W Atfwd_Sendcmd: AtCmdFwd service not published, waiting... retryCnt : 2
08-04 01:14:39.857 29472 29745 I art     : Starting a blocking GC Explicit
08-04 01:14:39.876 29472 29745 I art     : Explicit concurrent mark sweep GC freed 1388(80KB) AllocSpace objects, 1(20KB) LOS objects, 34% free, 30MB/46MB, paused 354us total 18.447ms
08-04 01:14:39.885 29472 29745 I art     : Starting a blocking GC Explicit
08-04 01:14:39.900 29472 29745 I art     : Explicit concurrent mark sweep GC freed 20(704B) AllocSpace objects, 0(0B) LOS objects, 34% free, 30MB/46MB, paused 320us total 14.866ms
08-04 01:14:39.906 29472 29745 I art     : Starting a blocking GC Explicit
08-04 01:14:39.921 29472 29745 I art     : Explicit concurrent mark sweep GC freed 3(96B) AllocSpace objects, 0(0B) LOS objects, 34% free, 30MB/46MB, paused 326us total 14.630ms
08-04 01:14:39.928 29472 29745 I art     : Starting a blocking GC Explicit
08-04 01:14:39.942 29472 29745 I art     : Explicit concurrent mark sweep GC freed 3(96B) AllocSpace objects, 0(0B) LOS objects, 34% free, 30MB/46MB, paused 319us total 14.495ms
08-04 01:14:39.949 29472 29745 I art     : Starting a blocking GC Explicit
08-04 01:14:39.963 29472 29745 I art     : Explicit concurrent mark sweep GC freed 3(96B) AllocSpace objects, 0(0B) LOS objects, 34% free, 30MB/46MB, paused 340us total 14.690ms
08-04 01:14:40.284 29472 29484 I art     : Starting a blocking GC Explicit
08-04 01:14:40.304 29472 29484 I art     : Explicit concurrent mark sweep GC freed 1388(80KB) AllocSpace objects, 1(20KB) LOS objects, 34% free, 30MB/46MB, paused 360us total 19.506ms
08-04 01:14:40.315 29472 29484 I art     : Starting a blocking GC Explicit
08-04 01:14:40.330 29472 29484 I art     : Explicit concurrent mark sweep GC freed 20(704B) AllocSpace objects, 0(0B) LOS objects, 34% free, 30MB/46MB, paused 331us total 14.850ms
08-04 01:14:40.336 29472 29484 I art     : Starting a blocking GC Explicit
08-04 01:14:40.351 29472 29484 I art     : Explicit concurrent mark sweep GC freed 3(96B) AllocSpace objects, 0(0B) LOS objects, 34% free, 30MB/46MB, paused 314us total 14.445ms
08-04 01:14:40.357 29472 29484 I art     : Starting a blocking GC Explicit
08-04 01:14:40.372 29472 29484 I art     : Explicit concurrent mark sweep GC freed 3(96B) AllocSpace objects, 0(0B) LOS objects, 34% free, 30MB/46MB, paused 328us total 14.603ms
08-04 01:14:40.378 29472 29484 I art     : Starting a blocking GC Explicit
08-04 01:14:40.393 29472 29484 I art     : Explicit concurrent mark sweep GC freed 3(96B) AllocSpace objects, 0(0B) LOS objects, 34% free, 30MB/46MB, paused 314us total 14.573ms
08-04 01:14:40.727 29472 29731 I art     : Starting a blocking GC Explicit
08-04 01:14:40.746 29472 29731 I art     : Explicit concurrent mark sweep GC freed 1388(80KB) AllocSpace objects, 1(20KB) LOS objects, 34% free, 30MB/46MB, paused 408us total 18.991ms
08-04 01:14:40.757 29472 29731 I art     : Starting a blocking GC Explicit
08-04 01:14:40.772 29472 29731 I art     : Explicit concurrent mark sweep GC freed 20(704B) AllocSpace objects, 0(0B) LOS objects, 34% free, 30MB/46MB, paused 330us total 15.110ms
08-04 01:14:40.778 29472 29731 I art     : Starting a blocking GC Explicit
08-04 01:14:40.792 29472 29731 I art     : Explicit concurrent mark sweep GC freed 3(96B) AllocSpace objects, 0(0B) LOS objects, 34% free, 30MB/46MB, paused 312us total 13.637ms
08-04 01:14:40.799 29472 29731 I art     : Starting a blocking GC Explicit
08-04 01:14:40.813 29472 29731 I art     : Explicit concurrent mark sweep GC freed 3(96B) AllocSpace objects, 0(0B) LOS objects, 34% free, 30MB/46MB, paused 302us total 13.837ms
08-04 01:14:40.818 29472 29731 I art     : Starting a blocking GC Explicit
08-04 01:14:40.832 29472 29731 I art     : Explicit concurrent mark sweep GC freed 3(96B) AllocSpace objects, 0(0B) LOS objects, 34% free, 30MB/46MB, paused 305us total 13.148ms
08-04 01:14:41.146 29472 29483 I art     : Starting a blocking GC Explicit
08-04 01:14:41.162 29472 29483 I art     : Explicit concurrent mark sweep GC freed 1388(80KB) AllocSpace objects, 1(20KB) LOS objects, 34% free, 30MB/46MB, paused 419us total 16.546ms
08-04 01:14:41.169 29472 29483 I art     : Starting a blocking GC Explicit
08-04 01:14:41.184 29472 29483 I art     : Explicit concurrent mark sweep GC freed 20(704B) AllocSpace objects, 0(0B) LOS objects, 34% free, 30MB/46MB, paused 334us total 14.242ms
08-04 01:14:41.190 29472 29483 I art     : Starting a blocking GC Explicit
08-04 01:14:41.204 29472 29483 I art     : Explicit concurrent mark sweep GC freed 3(96B) AllocSpace objects, 0(0B) LOS objects, 34% free, 30MB/46MB, paused 315us total 13.811ms
08-04 01:14:41.210 29472 29483 I art     : Starting a blocking GC Explicit
08-04 01:14:41.225 29472 29483 I art     : Explicit concurrent mark sweep GC freed 3(96B) AllocSpace objects, 0(0B) LOS objects, 34% free, 30MB/46MB, paused 397us total 14.687ms
08-04 01:14:41.231 29472 29483 I art     : Starting a blocking GC Explicit
08-04 01:14:41.246 29472 29483 I art     : Explicit concurrent mark sweep GC freed 3(96B) AllocSpace objects, 0(0B) LOS objects, 34% free, 30MB/46MB, paused 309us total 14.554ms
08-04 01:14:41.560 29472 29745 I art     : Starting a blocking GC Explicit
08-04 01:14:41.578 29472 29745 I art     : Explicit concurrent mark sweep GC freed 1388(80KB) AllocSpace objects, 1(20KB) LOS objects, 34% free, 30MB/46MB, paused 360us total 18.240ms
08-04 01:14:41.587 29472 29745 I art     : Starting a blocking GC Explicit
08-04 01:14:41.602 29472 29745 I art     : Explicit concurrent mark sweep GC freed 20(704B) AllocSpace objects, 0(0B) LOS objects, 34% free, 30MB/46MB, paused 326us total 14.932ms
08-04 01:14:41.608 29472 29745 I art     : Starting a blocking GC Explicit
08-04 01:14:41.624 29472 29745 I art     : Explicit concurrent mark sweep GC freed 3(96B) AllocSpace objects, 0(0B) LOS objects, 34% free, 30MB/46MB, paused 324us total 15.058ms
08-04 01:14:41.630 29472 29745 I art     : Starting a blocking GC Explicit
08-04 01:14:41.645 29472 29745 I art     : Explicit concurrent mark sweep GC freed 3(96B) AllocSpace objects, 0(0B) LOS objects, 34% free, 30MB/46MB, paused 326us total 15.043ms
08-04 01:14:41.652 29472 29745 I art     : Starting a blocking GC Explicit
08-04 01:14:41.667 29472 29745 I art     : Explicit concurrent mark sweep GC freed 3(96B) AllocSpace objects, 0(0B) LOS objects, 34% free, 30MB/46MB, paused 411us total 14.783ms
08-04 01:14:41.971 29472 29484 I art     : Starting a blocking GC Explicit
08-04 01:14:41.989 29472 29484 I art     : Explicit concurrent mark sweep GC freed 1388(80KB) AllocSpace objects, 1(20KB) LOS objects, 34% free, 30MB/46MB, paused 364us total 18.189ms
08-04 01:14:42.000 29472 29484 I art     : Starting a blocking GC Explicit
08-04 01:14:42.014 29472 29484 I art     : Explicit concurrent mark sweep GC freed 20(704B) AllocSpace objects, 0(0B) LOS objects, 34% free, 30MB/46MB, paused 310us total 14.318ms
08-04 01:14:42.020 29472 29484 I art     : Starting a blocking GC Explicit
08-04 01:14:42.035 29472 29484 I art     : Explicit concurrent mark sweep GC freed 3(96B) AllocSpace objects, 0(0B) LOS objects, 34% free, 30MB/46MB, paused 322us total 14.520ms
08-04 01:14:42.041 29472 29484 I art     : Starting a blocking GC Explicit
08-04 01:14:42.056 29472 29484 I art     : Explicit concurrent mark sweep GC freed 3(96B) AllocSpace objects, 0(0B) LOS objects, 34% free, 30MB/46MB, paused 318us total 14.716ms
08-04 01:14:42.063 29472 29484 I art     : Starting a blocking GC Explicit
08-04 01:14:42.077 29472 29484 I art     : Explicit concurrent mark sweep GC freed 3(96B) AllocSpace objects, 0(0B) LOS objects, 34% free, 30MB/46MB, paused 313us total 14.164ms
08-04 01:14:42.399 29472 29731 I art     : Starting a blocking GC Explicit
08-04 01:14:42.416 29472 29731 I art     : Explicit concurrent mark sweep GC freed 1388(80KB) AllocSpace objects, 1(20KB) LOS objects, 34% free, 30MB/46MB, paused 408us total 16.649ms
08-04 01:14:42.422 29472 29731 I art     : Starting a blocking GC Explicit
08-04 01:14:42.437 29472 29731 I art     : Explicit concurrent mark sweep GC freed 20(704B) AllocSpace objects, 0(0B) LOS objects, 34% free, 30MB/46MB, paused 422us total 14.420ms
08-04 01:14:42.443 29472 29731 I art     : Starting a blocking GC Explicit
08-04 01:14:42.456 29472 29731 I art     : Explicit concurrent mark sweep GC freed 3(96B) AllocSpace objects, 0(0B) LOS objects, 34% free, 30MB/46MB, paused 314us total 13.111ms
08-04 01:14:42.462 29472 29731 I art     : Starting a blocking GC Explicit
08-04 01:14:42.476 29472 29731 I art     : Explicit concurrent mark sweep GC freed 3(96B) AllocSpace objects, 0(0B) LOS objects, 34% free, 30MB/46MB, paused 310us total 13.171ms
08-04 01:14:42.481 29472 29731 I art     : Starting a blocking GC Explicit
08-04 01:14:42.494 29472 29731 I art     : Explicit concurrent mark sweep GC freed 3(96B) AllocSpace objects, 0(0B) LOS objects, 34% free, 30MB/46MB, paused 302us total 12.898ms
08-04 01:14:42.642 30006 30006 D AndroidRuntime: >>>>>> START com.android.internal.os.RuntimeInit uid 2000 <<<<<<
08-04 01:14:42.646 30006 30006 D AndroidRuntime: CheckJNI is OFF
08-04 01:14:42.670 30006 30006 D ICU     : No timezone override file found: /data/misc/zoneinfo/current/icu/icu_tzdata.dat
08-04 01:14:42.694 30006 30006 I Radio-JNI: register_android_hardware_Radio DONE
08-04 01:14:42.709 30006 30006 D AndroidRuntime: Calling main entry com.android.commands.input.Input
08-04 01:14:42.711 30006 30006 I Input   : injectMotionEvent: MotionEvent { action=ACTION_DOWN, actionButton=0, id[0]=0, x[0]=436.0, y[0]=453.0, toolType[0]=TOOL_TYPE_UNKNOWN, buttonState=0, metaState=0, flags=0x0, edgeFlags=0x0, pointerCount=1, historySize=0, eventTime=666899124, downTime=666899124, deviceId=0, source=0x1002 }
08-04 01:14:42.718 30006 30006 I Input   : injectMotionEvent: MotionEvent { action=ACTION_UP, actionButton=0, id[0]=0, x[0]=436.0, y[0]=453.0, toolType[0]=TOOL_TYPE_UNKNOWN, buttonState=0, metaState=0, flags=0x0, edgeFlags=0x0, pointerCount=1, historySize=0, eventTime=666899124, downTime=666899124, deviceId=0, source=0x1002 }
08-04 01:14:42.719 30006 30006 D AndroidRuntime: Shutting down VM
08-04 01:14:42.732   512  2967 D audio_hw_primary: out_set_parameters: enter: usecase(1: low-latency-playback) kvpairs: routing=2
08-04 01:14:42.732   918  3714 I ActivityManager: START u0 {cmp=baseline.com.newsblur/.activity.GlobalSharedStoriesReading (has extras)} from uid 10652 on display 0
08-04 01:14:42.745   512  2967 D audio_hw_primary: select_devices: out_snd_device(2: speaker) in_snd_device(0: none)
08-04 01:14:42.745   512  2967 D msm8974_platform: platform_send_audio_calibration: sending audio calibration for snd_device(2) acdb_id(15)
08-04 01:14:42.745   512  2967 I soundtrigger: audio_extn_sound_trigger_update_device_status: device 0x2 of type 0 for Event 1
08-04 01:14:42.754   512  2967 D audio_hw_primary: enable_snd_device: snd_device(2: speaker)
08-04 01:14:42.756   512  2967 D audio_hw_primary: enable_audio_route: apply and update mixer path: low-latency-playback speaker
08-04 01:14:42.770 29472 29483 I art     : Starting a blocking GC Explicit
08-04 01:14:42.790 29472 29483 I art     : Explicit concurrent mark sweep GC freed 2822(239KB) AllocSpace objects, 4(172KB) LOS objects, 33% free, 32MB/48MB, paused 520us total 19.578ms
08-04 01:14:42.796 29472 29483 I art     : Starting a blocking GC Explicit
08-04 01:14:42.811 29472 29483 I art     : Explicit concurrent mark sweep GC freed 507(41KB) AllocSpace objects, 1(356KB) LOS objects, 33% free, 32MB/48MB, paused 347us total 14.932ms
08-04 01:14:42.817 29472 29483 I art     : Starting a blocking GC Explicit
08-04 01:14:42.832 29472 29483 I art     : Explicit concurrent mark sweep GC freed 76(4KB) AllocSpace objects, 0(0B) LOS objects, 33% free, 32MB/48MB, paused 447us total 14.604ms
08-04 01:14:42.838 29472 29483 I art     : Starting a blocking GC Explicit
08-04 01:14:42.854 29472 29483 I art     : Explicit concurrent mark sweep GC freed 155(25KB) AllocSpace objects, 1(20KB) LOS objects, 33% free, 32MB/48MB, paused 369us total 15.700ms
08-04 01:14:42.861 29472 29483 I art     : Starting a blocking GC Explicit
08-04 01:14:42.875 29472 29483 I art     : Explicit concurrent mark sweep GC freed 29(1056B) AllocSpace objects, 0(0B) LOS objects, 33% free, 32MB/48MB, paused 340us total 14.526ms
08-04 01:14:42.924   918   936 I ActivityManager: Displayed baseline.com.newsblur/.activity.GlobalSharedStoriesReading: +185ms
08-04 01:14:42.925 13866 13866 I GoogleInputMethodServic: GoogleInputMethodService.onFinishInput():3138 
08-04 01:14:42.925 13866 13866 I GoogleInputMethodServic: GoogleInputMethodService.onStartInput():1808 
08-04 01:14:42.938 29472 29472 I WebViewFactory: Loading com.google.android.webview version 84.0.4147.89 (code 414708953)
08-04 01:14:43.006 29472 29472 I cr_LibraryLoader: Loaded native library version number "84.0.4147.89"
08-04 01:14:43.007 29472 29472 I cr_CachingUmaRecorder: Flushed 5 samples from 5 histograms.
08-04 01:14:43.034 29472 29472 E chromium: [ERROR:filesystem_posix.cc(62)] mkdir /data/user/0/baseline.com.newsblur/cache/WebView/Crashpad: No such file or directory (2)
08-04 01:14:43.122   918  3670 D ConnectivityService: listenForNetwork for Listen from uid/pid:10652/29472 for NetworkRequest [ id=2500, legacyType=-1, [ Capabilities: INTERNET&NOT_RESTRICTED&TRUSTED] ]
08-04 01:14:43.125 29472 29731 I art     : Starting a blocking GC Explicit
08-04 01:14:43.146 29472 29731 I art     : Explicit concurrent mark sweep GC freed 8414(869KB) AllocSpace objects, 5(100KB) LOS objects, 31% free, 35MB/51MB, paused 753us total 21.441ms
08-04 01:14:43.154 29472 29731 I art     : Starting a blocking GC Explicit
08-04 01:14:43.173 29472 29731 I art     : Explicit concurrent mark sweep GC freed 1457(113KB) AllocSpace objects, 1(20KB) LOS objects, 30% free, 35MB/51MB, paused 845us total 18.955ms
08-04 01:14:43.180 29472 29731 I art     : Starting a blocking GC Explicit
08-04 01:14:43.200 29472 29731 I art     : Explicit concurrent mark sweep GC freed 1136(70KB) AllocSpace objects, 1(20KB) LOS objects, 30% free, 36MB/52MB, paused 809us total 20.279ms
08-04 01:14:43.209 29472 29731 I art     : Starting a blocking GC Explicit
08-04 01:14:43.232 29472 30057 W cr_media: Requires BLUETOOTH permission
08-04 01:14:43.233 29472 29731 I art     : Explicit concurrent mark sweep GC freed 976(75KB) AllocSpace objects, 7(168KB) LOS objects, 30% free, 36MB/52MB, paused 1.230ms total 24.012ms
08-04 01:14:43.251 29472 30074 E libEGL  : validate_display:255 error 3008 (EGL_BAD_DISPLAY)
08-04 01:14:43.255 29472 29731 I art     : Starting a blocking GC Explicit
08-04 01:14:43.286 29472 29731 I art     : Explicit concurrent mark sweep GC freed 8194(384KB) AllocSpace objects, 3(76KB) LOS objects, 30% free, 36MB/52MB, paused 8.022ms total 30.090ms
08-04 01:14:43.299   512  2967 D audio_hw_primary: disable_audio_route: reset and update mixer path: low-latency-playback speaker
08-04 01:14:43.300   512  2967 D audio_hw_primary: disable_snd_device: snd_device(2: speaker)
08-04 01:14:43.309   512  2967 I soundtrigger: audio_extn_sound_trigger_update_device_status: device 0x2 of type 0 for Event 0
08-04 01:14:43.548 29472 29483 I art     : Starting a blocking GC Explicit
08-04 01:14:43.573 29472 29483 I art     : Explicit concurrent mark sweep GC freed 12561(790KB) AllocSpace objects, 9(188KB) LOS objects, 30% free, 36MB/52MB, paused 722us total 23.882ms
08-04 01:14:43.580 29472 29483 I art     : Starting a blocking GC Explicit
08-04 01:14:43.601 29472 29483 I art     : Explicit concurrent mark sweep GC freed 1071(46KB) AllocSpace objects, 1(28KB) LOS objects, 30% free, 36MB/52MB, paused 653us total 21.010ms
08-04 01:14:43.607 29472 29483 I art     : Starting a blocking GC Explicit
08-04 01:14:43.626 29472 29483 I art     : Explicit concurrent mark sweep GC freed 3(96B) AllocSpace objects, 0(0B) LOS objects, 30% free, 36MB/52MB, paused 612us total 18.602ms
08-04 01:14:43.633 29472 29483 I art     : Starting a blocking GC Explicit
08-04 01:14:43.653 29472 29483 I art     : Explicit concurrent mark sweep GC freed 2988(118KB) AllocSpace objects, 0(0B) LOS objects, 30% free, 36MB/52MB, paused 617us total 19.715ms
08-04 01:14:43.660 29472 29483 I art     : Starting a blocking GC Explicit
08-04 01:14:43.681 29472 29483 I art     : Explicit concurrent mark sweep GC freed 437(14KB) AllocSpace objects, 0(0B) LOS objects, 30% free, 36MB/52MB, paused 608us total 20.682ms
08-04 01:14:43.777 29472 30082 E baseline.com.newsblur.network.APIResponse: Error (unexpected end of stream on https://www.newsblur.com/...) calling https://www.newsblur.com/reader/mark_story_hashes_as_read/
08-04 01:14:43.777 29472 30082 E baseline.com.newsblur.network.APIResponse: java.io.IOException: unexpected end of stream on https://www.newsblur.com/...
08-04 01:14:43.777 29472 30082 E baseline.com.newsblur.network.APIResponse: 	at okhttp3.internal.http1.Http1ExchangeCodec.readResponseHeaders(Http1ExchangeCodec.java:236)
08-04 01:14:43.777 29472 30082 E baseline.com.newsblur.network.APIResponse: 	at okhttp3.internal.connection.Exchange.readResponseHeaders(Exchange.java:115)
08-04 01:14:43.777 29472 30082 E baseline.com.newsblur.network.APIResponse: 	at okhttp3.internal.http.CallServerInterceptor.intercept(CallServerInterceptor.java:94)
08-04 01:14:43.777 29472 30082 E baseline.com.newsblur.network.APIResponse: 	at okhttp3.internal.http.RealInterceptorChain.proceed(RealInterceptorChain.java:142)
08-04 01:14:43.777 29472 30082 E baseline.com.newsblur.network.APIResponse: 	at okhttp3.internal.connection.ConnectInterceptor.intercept(ConnectInterceptor.java:43)
08-04 01:14:43.777 29472 30082 E baseline.com.newsblur.network.APIResponse: 	at okhttp3.internal.http.RealInterceptorChain.proceed(RealInterceptorChain.java:142)
08-04 01:14:43.777 29472 30082 E baseline.com.newsblur.network.APIResponse: 	at okhttp3.internal.http.RealInterceptorChain.proceed(RealInterceptorChain.java:117)
08-04 01:14:43.777 29472 30082 E baseline.com.newsblur.network.APIResponse: 	at okhttp3.internal.cache.CacheInterceptor.intercept(CacheInterceptor.java:94)
08-04 01:14:43.777 29472 30082 E baseline.com.newsblur.network.APIResponse: 	at okhttp3.internal.http.RealInterceptorChain.proceed(RealInterceptorChain.java:142)
08-04 01:14:43.777 29472 30082 E baseline.com.newsblur.network.APIResponse: 	at okhttp3.internal.http.RealInterceptorChain.proceed(RealInterceptorChain.java:117)
08-04 01:14:43.777 29472 30082 E baseline.com.newsblur.network.APIResponse: 	at okhttp3.internal.http.BridgeInterceptor.intercept(BridgeInterceptor.java:93)
08-04 01:14:43.777 29472 30082 E baseline.com.newsblur.network.APIResponse: 	at okhttp3.internal.http.RealInterceptorChain.proceed(RealInterceptorChain.java:142)
08-04 01:14:43.777 29472 30082 E baseline.com.newsblur.network.APIResponse: 	at okhttp3.internal.http.RetryAndFollowUpInterceptor.intercept(RetryAndFollowUpInterceptor.java:88)
08-04 01:14:43.777 29472 30082 E baseline.com.newsblur.network.APIResponse: 	at okhttp3.internal.http.RealInterceptorChain.proceed(RealInterceptorChain.java:142)
08-04 01:14:43.777 29472 30082 E baseline.com.newsblur.network.APIResponse: 	at okhttp3.internal.http.RealInterceptorChain.proceed(RealInterceptorChain.java:117)
08-04 01:14:43.777 29472 30082 E baseline.com.newsblur.network.APIResponse: 	at okhttp3.RealCall.getResponseWithInterceptorChain(RealCall.java:229)
08-04 01:14:43.777 29472 30082 E baseline.com.newsblur.network.APIResponse: 	at okhttp3.RealCall.execute(RealCall.java:81)
08-04 01:14:43.777 29472 30082 E baseline.com.newsblur.network.APIResponse: 	at baseline.com.newsblur.network.APIResponse.<init>(APIResponse.java:57)
08-04 01:14:43.777 29472 30082 E baseline.com.newsblur.network.APIResponse: 	at baseline.com.newsblur.network.APIResponse.<init>(APIResponse.java:43)
08-04 01:14:43.777 29472 30082 E baseline.com.newsblur.network.APIResponse: 	at baseline.com.newsblur.network.APIManager.post_single(APIManager.java:702)
08-04 01:14:43.777 29472 30082 E baseline.com.newsblur.network.APIResponse: 	at baseline.com.newsblur.network.APIManager.post(APIManager.java:675)
08-04 01:14:43.777 29472 30082 E baseline.com.newsblur.network.APIResponse: 	at baseline.com.newsblur.network.APIManager.post(APIManager.java:714)
08-04 01:14:43.777 29472 30082 E baseline.com.newsblur.network.APIResponse: 	at baseline.com.newsblur.network.APIManager.markStoryAsRead(APIManager.java:205)
08-04 01:14:43.777 29472 30082 E baseline.com.newsblur.network.APIResponse: 	at baseline.com.newsblur.util.ReadingAction.doRemote(ReadingAction.java:281)
08-04 01:14:43.777 29472 30082 E baseline.com.newsblur.network.APIResponse: 	at baseline.com.newsblur.service.NBSyncService.syncActions(NBSyncService.java:400)
08-04 01:14:43.777 29472 30082 E baseline.com.newsblur.network.APIResponse: 	at baseline.com.newsblur.service.NBSyncService.doSync(NBSyncService.java:298)
08-04 01:14:43.777 29472 30082 E baseline.com.newsblur.network.APIResponse: 	at baseline.com.newsblur.service.NBSyncService.access$100(NBSyncService.java:67)
08-04 01:14:43.777 29472 30082 E baseline.com.newsblur.network.APIResponse: 	at baseline.com.newsblur.service.NBSyncService$1.run(NBSyncService.java:188)
08-04 01:14:43.777 29472 30082 E baseline.com.newsblur.network.APIResponse: 	at java.util.concurrent.ThreadPoolExecutor.runWorker(ThreadPoolExecutor.java:1113)
08-04 01:14:43.777 29472 30082 E baseline.com.newsblur.network.APIResponse: 	at java.util.concurrent.ThreadPoolExecutor$Worker.run(ThreadPoolExecutor.java:588)
08-04 01:14:43.777 29472 30082 E baseline.com.newsblur.network.APIResponse: 	at java.lang.Thread.run(Thread.java:818)
08-04 01:14:43.777 29472 30082 E baseline.com.newsblur.network.APIResponse: Caused by: java.io.EOFException: \n not found: limit=0 content=
08-04 01:14:43.777 29472 30082 E baseline.com.newsblur.network.APIResponse: 	at okio.RealBufferedSource.readUtf8LineStrict(RealBufferedSource.java:240)
08-04 01:14:43.777 29472 30082 E baseline.com.newsblur.network.APIResponse: 	at okhttp3.internal.http1.Http1ExchangeCodec.readHeaderLine(Http1ExchangeCodec.java:242)
08-04 01:14:43.777 29472 30082 E baseline.com.newsblur.network.APIResponse: 	at okhttp3.internal.http1.Http1ExchangeCodec.readResponseHeaders(Http1ExchangeCodec.java:213)
08-04 01:14:43.777 29472 30082 E baseline.com.newsblur.network.APIResponse: 	... 30 more
08-04 01:14:43.778 29472 30082 I baseline.com.newsblur.network.APIManager: API call failed, pausing before retry number 1
08-04 01:14:44.002 29472 29483 I art     : Starting a blocking GC Explicit
08-04 01:14:44.031 29472 29483 I art     : Explicit concurrent mark sweep GC freed 5294(470KB) AllocSpace objects, 6(260KB) LOS objects, 30% free, 36MB/52MB, paused 778us total 29.563ms
08-04 01:14:44.040 29472 29483 I art     : Starting a blocking GC Explicit
08-04 01:14:44.067 29472 29483 I art     : Explicit concurrent mark sweep GC freed 1069(120KB) AllocSpace objects, 0(0B) LOS objects, 30% free, 36MB/52MB, paused 690us total 27.322ms
08-04 01:14:44.075 29472 29483 I art     : Starting a blocking GC Explicit
08-04 01:14:44.098 29472 29483 I art     : Explicit concurrent mark sweep GC freed 3(96B) AllocSpace objects, 0(0B) LOS objects, 30% free, 36MB/52MB, paused 550us total 22.566ms
08-04 01:14:44.105 29472 29483 I art     : Starting a blocking GC Explicit
08-04 01:14:44.127 29472 29483 I art     : Explicit concurrent mark sweep GC freed 3(96B) AllocSpace objects, 0(0B) LOS objects, 30% free, 36MB/52MB, paused 818us total 21.986ms
08-04 01:14:44.135 29472 29483 I art     : Starting a blocking GC Explicit
08-04 01:14:44.157 29472 29483 I art     : Explicit concurrent mark sweep GC freed 3(96B) AllocSpace objects, 0(0B) LOS objects, 30% free, 36MB/52MB, paused 726us total 22.075ms
08-04 01:14:44.480 29472 29731 I art     : Starting a blocking GC Explicit
08-04 01:14:44.507 29472 29731 I art     : Explicit concurrent mark sweep GC freed 1468(83KB) AllocSpace objects, 1(20KB) LOS objects, 30% free, 36MB/52MB, paused 735us total 26.902ms
08-04 01:14:44.518 29472 29731 I art     : Starting a blocking GC Explicit
08-04 01:14:44.542 29472 29731 I art     : Explicit concurrent mark sweep GC freed 29(1008B) AllocSpace objects, 0(0B) LOS objects, 30% free, 36MB/52MB, paused 628us total 24.752ms
08-04 01:14:44.552 29472 29731 I art     : Starting a blocking GC Explicit
08-04 01:14:44.573 29472 29731 I art     : Explicit concurrent mark sweep GC freed 11(352B) AllocSpace objects, 0(0B) LOS objects, 30% free, 36MB/52MB, paused 632us total 21.493ms
08-04 01:14:44.582 29472 29731 I art     : Starting a blocking GC Explicit
08-04 01:14:44.603 29472 29731 I art     : Explicit concurrent mark sweep GC freed 11(352B) AllocSpace objects, 0(0B) LOS objects, 30% free, 36MB/52MB, paused 543us total 21.151ms
08-04 01:14:44.611 29472 29731 I art     : Starting a blocking GC Explicit
08-04 01:14:44.633 29472 29731 I art     : Explicit concurrent mark sweep GC freed 11(352B) AllocSpace objects, 0(0B) LOS objects, 30% free, 36MB/52MB, paused 581us total 22.305ms
08-04 01:14:44.960 29472 29731 I art     : Starting a blocking GC Explicit
08-04 01:14:44.987 29472 29731 I art     : Explicit concurrent mark sweep GC freed 1441(83KB) AllocSpace objects, 1(20KB) LOS objects, 30% free, 36MB/52MB, paused 639us total 27.087ms
08-04 01:14:44.996 29472 29731 I art     : Starting a blocking GC Explicit
08-04 01:14:45.022 29472 29731 I art     : Explicit concurrent mark sweep GC freed 22(784B) AllocSpace objects, 0(0B) LOS objects, 30% free, 36MB/52MB, paused 607us total 25.769ms
08-04 01:14:45.032 29472 29731 I art     : Starting a blocking GC Explicit
08-04 01:14:45.058 29472 29731 I art     : Explicit concurrent mark sweep GC freed 3(96B) AllocSpace objects, 0(0B) LOS objects, 30% free, 36MB/52MB, paused 688us total 25.662ms
08-04 01:14:45.068 29472 29731 I art     : Starting a blocking GC Explicit
08-04 01:14:45.094 29472 29731 I art     : Explicit concurrent mark sweep GC freed 3(96B) AllocSpace objects, 0(0B) LOS objects, 30% free, 36MB/52MB, paused 664us total 25.317ms
08-04 01:14:45.105 29472 29731 I art     : Starting a blocking GC Explicit
08-04 01:14:45.132 29472 29731 I art     : Explicit concurrent mark sweep GC freed 3(96B) AllocSpace objects, 0(0B) LOS objects, 30% free, 36MB/52MB, paused 832us total 27.017ms
08-04 01:14:45.450 29472 29484 I art     : Starting a blocking GC Explicit
08-04 01:14:45.477 29472 29484 I art     : Explicit concurrent mark sweep GC freed 1606(91KB) AllocSpace objects, 1(20KB) LOS objects, 30% free, 36MB/52MB, paused 794us total 26.332ms
08-04 01:14:45.488 29472 29484 I art     : Starting a blocking GC Explicit
08-04 01:14:45.515 29472 29484 I art     : Explicit concurrent mark sweep GC freed 28(1040B) AllocSpace objects, 0(0B) LOS objects, 30% free, 36MB/52MB, paused 790us total 27.007ms
08-04 01:14:45.524 29472 29484 I art     : Starting a blocking GC Explicit
08-04 01:14:45.551 29472 29484 I art     : Explicit concurrent mark sweep GC freed 3(96B) AllocSpace objects, 0(0B) LOS objects, 30% free, 36MB/52MB, paused 744us total 27.436ms
08-04 01:14:45.559 29472 29484 I art     : Starting a blocking GC Explicit
08-04 01:14:45.586 29472 29484 I art     : Explicit concurrent mark sweep GC freed 3(96B) AllocSpace objects, 0(0B) LOS objects, 30% free, 36MB/52MB, paused 600us total 27.018ms
08-04 01:14:45.594 29472 29484 I art     : Starting a blocking GC Explicit
08-04 01:14:45.618 29472 29484 I art     : Explicit concurrent mark sweep GC freed 3(96B) AllocSpace objects, 0(0B) LOS objects, 30% free, 36MB/52MB, paused 582us total 23.401ms
08-04 01:14:45.779 29472 30082 E baseline.com.newsblur.network.APIResponse: Error (unexpected end of stream on https://www.newsblur.com/...) calling https://www.newsblur.com/reader/mark_story_hashes_as_read/
08-04 01:14:45.779 29472 30082 E baseline.com.newsblur.network.APIResponse: java.io.IOException: unexpected end of stream on https://www.newsblur.com/...
08-04 01:14:45.779 29472 30082 E baseline.com.newsblur.network.APIResponse: 	at okhttp3.internal.http1.Http1ExchangeCodec.readResponseHeaders(Http1ExchangeCodec.java:236)
08-04 01:14:45.779 29472 30082 E baseline.com.newsblur.network.APIResponse: 	at okhttp3.internal.connection.Exchange.readResponseHeaders(Exchange.java:115)
08-04 01:14:45.779 29472 30082 E baseline.com.newsblur.network.APIResponse: 	at okhttp3.internal.http.CallServerInterceptor.intercept(CallServerInterceptor.java:94)
08-04 01:14:45.779 29472 30082 E baseline.com.newsblur.network.APIResponse: 	at okhttp3.internal.http.RealInterceptorChain.proceed(RealInterceptorChain.java:142)
08-04 01:14:45.779 29472 30082 E baseline.com.newsblur.network.APIResponse: 	at okhttp3.internal.connection.ConnectInterceptor.intercept(ConnectInterceptor.java:43)
08-04 01:14:45.779 29472 30082 E baseline.com.newsblur.network.APIResponse: 	at okhttp3.internal.http.RealInterceptorChain.proceed(RealInterceptorChain.java:142)
08-04 01:14:45.779 29472 30082 E baseline.com.newsblur.network.APIResponse: 	at okhttp3.internal.http.RealInterceptorChain.proceed(RealInterceptorChain.java:117)
08-04 01:14:45.779 29472 30082 E baseline.com.newsblur.network.APIResponse: 	at okhttp3.internal.cache.CacheInterceptor.intercept(CacheInterceptor.java:94)
08-04 01:14:45.779 29472 30082 E baseline.com.newsblur.network.APIResponse: 	at okhttp3.internal.http.RealInterceptorChain.proceed(RealInterceptorChain.java:142)
08-04 01:14:45.779 29472 30082 E baseline.com.newsblur.network.APIResponse: 	at okhttp3.internal.http.RealInterceptorChain.proceed(RealInterceptorChain.java:117)
08-04 01:14:45.779 29472 30082 E baseline.com.newsblur.network.APIResponse: 	at okhttp3.internal.http.BridgeInterceptor.intercept(BridgeInterceptor.java:93)
08-04 01:14:45.779 29472 30082 E baseline.com.newsblur.network.APIResponse: 	at okhttp3.internal.http.RealInterceptorChain.proceed(RealInterceptorChain.java:142)
08-04 01:14:45.779 29472 30082 E baseline.com.newsblur.network.APIResponse: 	at okhttp3.internal.http.RetryAndFollowUpInterceptor.intercept(RetryAndFollowUpInterceptor.java:88)
08-04 01:14:45.779 29472 30082 E baseline.com.newsblur.network.APIResponse: 	at okhttp3.internal.http.RealInterceptorChain.proceed(RealInterceptorChain.java:142)
08-04 01:14:45.779 29472 30082 E baseline.com.newsblur.network.APIResponse: 	at okhttp3.internal.http.RealInterceptorChain.proceed(RealInterceptorChain.java:117)
08-04 01:14:45.779 29472 30082 E baseline.com.newsblur.network.APIResponse: 	at okhttp3.RealCall.getResponseWithInterceptorChain(RealCall.java:229)
08-04 01:14:45.779 29472 30082 E baseline.com.newsblur.network.APIResponse: 	at okhttp3.RealCall.execute(RealCall.java:81)
08-04 01:14:45.779 29472 30082 E baseline.com.newsblur.network.APIResponse: 	at baseline.com.newsblur.network.APIResponse.<init>(APIResponse.java:57)
08-04 01:14:45.779 29472 30082 E baseline.com.newsblur.network.APIResponse: 	at baseline.com.newsblur.network.APIResponse.<init>(APIResponse.java:43)
08-04 01:14:45.779 29472 30082 E baseline.com.newsblur.network.APIResponse: 	at baseline.com.newsblur.network.APIManager.post_single(APIManager.java:702)
08-04 01:14:45.779 29472 30082 E baseline.com.newsblur.network.APIResponse: 	at baseline.com.newsblur.network.APIManager.post(APIManager.java:675)
08-04 01:14:45.779 29472 30082 E baseline.com.newsblur.network.APIResponse: 	at baseline.com.newsblur.network.APIManager.post(APIManager.java:714)
08-04 01:14:45.779 29472 30082 E baseline.com.newsblur.network.APIResponse: 	at baseline.com.newsblur.network.APIManager.markStoryAsRead(APIManager.java:205)
08-04 01:14:45.779 29472 30082 E baseline.com.newsblur.network.APIResponse: 	at baseline.com.newsblur.util.ReadingAction.doRemote(ReadingAction.java:281)
08-04 01:14:45.779 29472 30082 E baseline.com.newsblur.network.APIResponse: 	at baseline.com.newsblur.service.NBSyncService.syncActions(NBSyncService.java:400)
08-04 01:14:45.779 29472 30082 E baseline.com.newsblur.network.APIResponse: 	at baseline.com.newsblur.service.NBSyncService.doSync(NBSyncService.java:298)
08-04 01:14:45.779 29472 30082 E baseline.com.newsblur.network.APIResponse: 	at baseline.com.newsblur.service.NBSyncService.access$100(NBSyncService.java:67)
08-04 01:14:45.779 29472 30082 E baseline.com.newsblur.network.APIResponse: 	at baseline.com.newsblur.service.NBSyncService$1.run(NBSyncService.java:188)
08-04 01:14:45.779 29472 30082 E baseline.com.newsblur.network.APIResponse: 	at java.util.concurrent.ThreadPoolExecutor.runWorker(ThreadPoolExecutor.java:1113)
08-04 01:14:45.779 29472 30082 E baseline.com.newsblur.network.APIResponse: 	at java.util.concurrent.ThreadPoolExecutor$Worker.run(ThreadPoolExecutor.java:588)
08-04 01:14:45.779 29472 30082 E baseline.com.newsblur.network.APIResponse: 	at java.lang.Thread.run(Thread.java:818)
08-04 01:14:45.779 29472 30082 E baseline.com.newsblur.network.APIResponse: Caused by: java.io.EOFException: \n not found: limit=0 content=
08-04 01:14:45.779 29472 30082 E baseline.com.newsblur.network.APIResponse: 	at okio.RealBufferedSource.readUtf8LineStrict(RealBufferedSource.java:240)
08-04 01:14:45.779 29472 30082 E baseline.com.newsblur.network.APIResponse: 	at okhttp3.internal.http1.Http1ExchangeCodec.readHeaderLine(Http1ExchangeCodec.java:242)
08-04 01:14:45.779 29472 30082 E baseline.com.newsblur.network.APIResponse: 	at okhttp3.internal.http1.Http1ExchangeCodec.readResponseHeaders(Http1ExchangeCodec.java:213)
08-04 01:14:45.779 29472 30082 E baseline.com.newsblur.network.APIResponse: 	... 30 more
08-04 01:14:45.783 29472 30082 I baseline.com.newsblur.network.APIManager: API call failed, pausing before retry number 2
08-04 01:14:45.931 29472 29483 I art     : Starting a blocking GC Explicit
08-04 01:14:45.958 29472 29483 I art     : Explicit concurrent mark sweep GC freed 3948(357KB) AllocSpace objects, 3(60KB) LOS objects, 30% free, 36MB/52MB, paused 682us total 27.323ms
08-04 01:14:45.968 29472 29483 I art     : Starting a blocking GC Explicit
08-04 01:14:45.994 29472 29483 I art     : Explicit concurrent mark sweep GC freed 109(3KB) AllocSpace objects, 0(0B) LOS objects, 30% free, 36MB/52MB, paused 654us total 25.157ms
08-04 01:14:46.005 29472 29483 I art     : Starting a blocking GC Explicit
08-04 01:14:46.031 29472 29483 I art     : Explicit concurrent mark sweep GC freed 3(96B) AllocSpace objects, 0(0B) LOS objects, 30% free, 36MB/52MB, paused 717us total 26.479ms
08-04 01:14:46.040 29472 29483 I art     : Starting a blocking GC Explicit
08-04 01:14:46.069 29472 29483 I art     : Explicit concurrent mark sweep GC freed 3(96B) AllocSpace objects, 0(0B) LOS objects, 30% free, 36MB/52MB, paused 719us total 27.833ms
08-04 01:14:46.076 29472 29483 I art     : Starting a blocking GC Explicit
08-04 01:14:46.103 29472 29483 I art     : Explicit concurrent mark sweep GC freed 3(96B) AllocSpace objects, 0(0B) LOS objects, 30% free, 36MB/52MB, paused 566us total 26.738ms
08-04 01:14:46.400   518   646 I ThermalEngine: ACTION: GPU - Setting GPU[0] to 510000000
08-04 01:14:46.426 29472 29484 I art     : Starting a blocking GC Explicit
08-04 01:14:46.459 29472 29484 I art     : Explicit concurrent mark sweep GC freed 1440(83KB) AllocSpace objects, 1(20KB) LOS objects, 30% free, 36MB/52MB, paused 906us total 31.950ms
08-04 01:14:46.470 29472 29484 I art     : Starting a blocking GC Explicit
08-04 01:14:46.503 29472 29484 I art     : Explicit concurrent mark sweep GC freed 22(784B) AllocSpace objects, 0(0B) LOS objects, 30% free, 36MB/52MB, paused 845us total 32.560ms
08-04 01:14:46.513 29472 29484 I art     : Starting a blocking GC Explicit
08-04 01:14:46.544 29472 29484 I art     : Explicit concurrent mark sweep GC freed 3(96B) AllocSpace objects, 0(0B) LOS objects, 30% free, 36MB/52MB, paused 833us total 30.392ms
08-04 01:14:46.554 29472 29484 I art     : Starting a blocking GC Explicit
08-04 01:14:46.586 29472 29484 I art     : Explicit concurrent mark sweep GC freed 3(96B) AllocSpace objects, 0(0B) LOS objects, 30% free, 36MB/52MB, paused 812us total 31.799ms
08-04 01:14:46.597 29472 29484 I art     : Starting a blocking GC Explicit
08-04 01:14:46.628 29472 29484 I art     : Explicit concurrent mark sweep GC freed 3(96B) AllocSpace objects, 0(0B) LOS objects, 30% free, 36MB/52MB, paused 1.003ms total 30.791ms
08-04 01:14:46.959 29472 29745 I art     : Starting a blocking GC Explicit
08-04 01:14:46.992 29472 29745 I art     : Explicit concurrent mark sweep GC freed 1440(83KB) AllocSpace objects, 1(20KB) LOS objects, 30% free, 36MB/52MB, paused 788us total 31.564ms
08-04 01:14:47.003 29472 29745 I art     : Starting a blocking GC Explicit
08-04 01:14:47.036 29472 29745 I art     : Explicit concurrent mark sweep GC freed 22(784B) AllocSpace objects, 0(0B) LOS objects, 30% free, 36MB/52MB, paused 1.006ms total 31.928ms
08-04 01:14:47.045 29472 29745 I art     : Starting a blocking GC Explicit
08-04 01:14:47.077 29472 29745 I art     : Explicit concurrent mark sweep GC freed 3(96B) AllocSpace objects, 0(0B) LOS objects, 30% free, 36MB/52MB, paused 946us total 31.565ms
08-04 01:14:47.089 29472 29745 I art     : Starting a blocking GC Explicit
08-04 01:14:47.121 29472 29745 I art     : Explicit concurrent mark sweep GC freed 3(96B) AllocSpace objects, 0(0B) LOS objects, 30% free, 36MB/52MB, paused 785us total 31.983ms
08-04 01:14:47.131 29472 29745 I art     : Starting a blocking GC Explicit
08-04 01:14:47.162 29472 29745 I art     : Explicit concurrent mark sweep GC freed 3(96B) AllocSpace objects, 0(0B) LOS objects, 30% free, 36MB/52MB, paused 918us total 30.379ms
08-04 01:14:47.477 29472 29731 I art     : Starting a blocking GC Explicit
08-04 01:14:47.509 29472 29731 I art     : Explicit concurrent mark sweep GC freed 1439(82KB) AllocSpace objects, 1(20KB) LOS objects, 30% free, 36MB/52MB, paused 905us total 32.159ms
08-04 01:14:47.521 29472 29731 I art     : Starting a blocking GC Explicit
08-04 01:14:47.550 29472 29731 I art     : Explicit concurrent mark sweep GC freed 22(784B) AllocSpace objects, 0(0B) LOS objects, 30% free, 36MB/52MB, paused 900us total 28.866ms
08-04 01:14:47.559 29472 29731 I art     : Starting a blocking GC Explicit
08-04 01:14:47.589 29472 29731 I art     : Explicit concurrent mark sweep GC freed 3(96B) AllocSpace objects, 0(0B) LOS objects, 30% free, 36MB/52MB, paused 802us total 29.729ms
08-04 01:14:47.599 29472 29731 I art     : Starting a blocking GC Explicit
08-04 01:14:47.630 29472 29731 I art     : Explicit concurrent mark sweep GC freed 3(96B) AllocSpace objects, 0(0B) LOS objects, 30% free, 36MB/52MB, paused 859us total 30.236ms
08-04 01:14:47.643 29472 29731 I art     : Starting a blocking GC Explicit
08-04 01:14:47.674 29472 29731 I art     : Explicit concurrent mark sweep GC freed 3(96B) AllocSpace objects, 0(0B) LOS objects, 30% free, 36MB/52MB, paused 784us total 31.369ms
08-04 01:14:47.998 29472 29484 I art     : Starting a blocking GC Explicit
08-04 01:14:48.029 29472 29484 I art     : Explicit concurrent mark sweep GC freed 1438(82KB) AllocSpace objects, 1(20KB) LOS objects, 30% free, 36MB/52MB, paused 894us total 31.481ms
08-04 01:14:48.041 29472 29484 I art     : Starting a blocking GC Explicit
08-04 01:14:48.073 29472 29484 I art     : Explicit concurrent mark sweep GC freed 22(784B) AllocSpace objects, 0(0B) LOS objects, 30% free, 36MB/52MB, paused 773us total 31.603ms
08-04 01:14:48.084 29472 29484 I art     : Starting a blocking GC Explicit
08-04 01:14:48.117 29472 29484 I art     : Explicit concurrent mark sweep GC freed 3(96B) AllocSpace objects, 0(0B) LOS objects, 30% free, 36MB/52MB, paused 907us total 32.233ms
08-04 01:14:48.128 29472 29484 I art     : Starting a blocking GC Explicit
08-04 01:14:48.159 29472 29484 I art     : Explicit concurrent mark sweep GC freed 3(96B) AllocSpace objects, 0(0B) LOS objects, 30% free, 36MB/52MB, paused 811us total 30.794ms
08-04 01:14:48.171 29472 29484 I art     : Starting a blocking GC Explicit
08-04 01:14:48.204 29472 29484 I art     : Explicit concurrent mark sweep GC freed 3(96B) AllocSpace objects, 0(0B) LOS objects, 30% free, 36MB/52MB, paused 2.009ms total 32.982ms
08-04 01:14:48.531 29472 29745 I art     : Starting a blocking GC Explicit
08-04 01:14:48.562 29472 29745 I art     : Explicit concurrent mark sweep GC freed 1438(82KB) AllocSpace objects, 1(20KB) LOS objects, 30% free, 36MB/52MB, paused 870us total 31.237ms
08-04 01:14:48.574 29472 29745 I art     : Starting a blocking GC Explicit
08-04 01:14:48.606 29472 29745 I art     : Explicit concurrent mark sweep GC freed 22(784B) AllocSpace objects, 0(0B) LOS objects, 30% free, 36MB/52MB, paused 797us total 31.834ms
08-04 01:14:48.617 29472 29745 I art     : Starting a blocking GC Explicit
08-04 01:14:48.647 29472 29745 I art     : Explicit concurrent mark sweep GC freed 3(96B) AllocSpace objects, 0(0B) LOS objects, 30% free, 36MB/52MB, paused 1.004ms total 30.301ms
08-04 01:14:48.660 29472 29745 I art     : Starting a blocking GC Explicit
08-04 01:14:48.691 29472 29745 I art     : Explicit concurrent mark sweep GC freed 3(96B) AllocSpace objects, 0(0B) LOS objects, 30% free, 36MB/52MB, paused 785us total 31.580ms
08-04 01:14:48.702 29472 29745 I art     : Starting a blocking GC Explicit
08-04 01:14:48.734 29472 29745 I art     : Explicit concurrent mark sweep GC freed 3(96B) AllocSpace objects, 0(0B) LOS objects, 30% free, 36MB/52MB, paused 931us total 31.285ms
08-04 01:14:49.068 29472 29483 I art     : Starting a blocking GC Explicit
08-04 01:14:49.101 29472 29483 I art     : Explicit concurrent mark sweep GC freed 1603(91KB) AllocSpace objects, 1(20KB) LOS objects, 30% free, 36MB/52MB, paused 983us total 32.427ms
08-04 01:14:49.112 29472 29483 I art     : Starting a blocking GC Explicit
08-04 01:14:49.141 29472 29483 I art     : Explicit concurrent mark sweep GC freed 28(1040B) AllocSpace objects, 0(0B) LOS objects, 30% free, 36MB/52MB, paused 798us total 28.081ms
08-04 01:14:49.151 29472 29483 I art     : Starting a blocking GC Explicit
08-04 01:14:49.177 29472 29483 I art     : Explicit concurrent mark sweep GC freed 3(96B) AllocSpace objects, 0(0B) LOS objects, 30% free, 36MB/52MB, paused 1.016ms total 26.548ms
08-04 01:14:49.188 29472 29483 I art     : Starting a blocking GC Explicit
08-04 01:14:49.217 29472 29483 I art     : Explicit concurrent mark sweep GC freed 3(96B) AllocSpace objects, 0(0B) LOS objects, 30% free, 36MB/52MB, paused 1.201ms total 28.558ms
08-04 01:14:49.228 29472 29483 I art     : Starting a blocking GC Explicit
08-04 01:14:49.261 29472 29483 I art     : Explicit concurrent mark sweep GC freed 3(96B) AllocSpace objects, 0(0B) LOS objects, 30% free, 36MB/52MB, paused 848us total 32.336ms
08-04 01:14:49.362 29472 30082 E baseline.com.newsblur.network.APIResponse: Error (unexpected end of stream on https://www.newsblur.com/...) calling https://www.newsblur.com/reader/mark_story_hashes_as_read/
08-04 01:14:49.362 29472 30082 E baseline.com.newsblur.network.APIResponse: java.io.IOException: unexpected end of stream on https://www.newsblur.com/...
08-04 01:14:49.362 29472 30082 E baseline.com.newsblur.network.APIResponse: 	at okhttp3.internal.http1.Http1ExchangeCodec.readResponseHeaders(Http1ExchangeCodec.java:236)
08-04 01:14:49.362 29472 30082 E baseline.com.newsblur.network.APIResponse: 	at okhttp3.internal.connection.Exchange.readResponseHeaders(Exchange.java:115)
08-04 01:14:49.362 29472 30082 E baseline.com.newsblur.network.APIResponse: 	at okhttp3.internal.http.CallServerInterceptor.intercept(CallServerInterceptor.java:94)
08-04 01:14:49.362 29472 30082 E baseline.com.newsblur.network.APIResponse: 	at okhttp3.internal.http.RealInterceptorChain.proceed(RealInterceptorChain.java:142)
08-04 01:14:49.362 29472 30082 E baseline.com.newsblur.network.APIResponse: 	at okhttp3.internal.connection.ConnectInterceptor.intercept(ConnectInterceptor.java:43)
08-04 01:14:49.362 29472 30082 E baseline.com.newsblur.network.APIResponse: 	at okhttp3.internal.http.RealInterceptorChain.proceed(RealInterceptorChain.java:142)
08-04 01:14:49.362 29472 30082 E baseline.com.newsblur.network.APIResponse: 	at okhttp3.internal.http.RealInterceptorChain.proceed(RealInterceptorChain.java:117)
08-04 01:14:49.362 29472 30082 E baseline.com.newsblur.network.APIResponse: 	at okhttp3.internal.cache.CacheInterceptor.intercept(CacheInterceptor.java:94)
08-04 01:14:49.362 29472 30082 E baseline.com.newsblur.network.APIResponse: 	at okhttp3.internal.http.RealInterceptorChain.proceed(RealInterceptorChain.java:142)
08-04 01:14:49.362 29472 30082 E baseline.com.newsblur.network.APIResponse: 	at okhttp3.internal.http.RealInterceptorChain.proceed(RealInterceptorChain.java:117)
08-04 01:14:49.362 29472 30082 E baseline.com.newsblur.network.APIResponse: 	at okhttp3.internal.http.BridgeInterceptor.intercept(BridgeInterceptor.java:93)
08-04 01:14:49.362 29472 30082 E baseline.com.newsblur.network.APIResponse: 	at okhttp3.internal.http.RealInterceptorChain.proceed(RealInterceptorChain.java:142)
08-04 01:14:49.362 29472 30082 E baseline.com.newsblur.network.APIResponse: 	at okhttp3.internal.http.RetryAndFollowUpInterceptor.intercept(RetryAndFollowUpInterceptor.java:88)
08-04 01:14:49.362 29472 30082 E baseline.com.newsblur.network.APIResponse: 	at okhttp3.internal.http.RealInterceptorChain.proceed(RealInterceptorChain.java:142)
08-04 01:14:49.362 29472 30082 E baseline.com.newsblur.network.APIResponse: 	at okhttp3.internal.http.RealInterceptorChain.proceed(RealInterceptorChain.java:117)
08-04 01:14:49.362 29472 30082 E baseline.com.newsblur.network.APIResponse: 	at okhttp3.RealCall.getResponseWithInterceptorChain(RealCall.java:229)
08-04 01:14:49.362 29472 30082 E baseline.com.newsblur.network.APIResponse: 	at okhttp3.RealCall.execute(RealCall.java:81)
08-04 01:14:49.362 29472 30082 E baseline.com.newsblur.network.APIResponse: 	at baseline.com.newsblur.network.APIResponse.<init>(APIResponse.java:57)
08-04 01:14:49.362 29472 30082 E baseline.com.newsblur.network.APIResponse: 	at baseline.com.newsblur.network.APIResponse.<init>(APIResponse.java:43)
08-04 01:14:49.362 29472 30082 E baseline.com.newsblur.network.APIResponse: 	at baseline.com.newsblur.network.APIManager.post_single(APIManager.java:702)
08-04 01:14:49.362 29472 30082 E baseline.com.newsblur.network.APIResponse: 	at baseline.com.newsblur.network.APIManager.post(APIManager.java:675)
08-04 01:14:49.362 29472 30082 E baseline.com.newsblur.network.APIResponse: 	at baseline.com.newsblur.network.APIManager.post(APIManager.java:714)
08-04 01:14:49.362 29472 30082 E baseline.com.newsblur.network.APIResponse: 	at baseline.com.newsblur.network.APIManager.markStoryAsRead(APIManager.java:205)
08-04 01:14:49.362 29472 30082 E baseline.com.newsblur.network.APIResponse: 	at baseline.com.newsblur.util.ReadingAction.doRemote(ReadingAction.java:281)
08-04 01:14:49.362 29472 30082 E baseline.com.newsblur.network.APIResponse: 	at baseline.com.newsblur.service.NBSyncService.syncActions(NBSyncService.java:400)
08-04 01:14:49.362 29472 30082 E baseline.com.newsblur.network.APIResponse: 	at baseline.com.newsblur.service.NBSyncService.doSync(NBSyncService.java:298)
08-04 01:14:49.362 29472 30082 E baseline.com.newsblur.network.APIResponse: 	at baseline.com.newsblur.service.NBSyncService.access$100(NBSyncService.java:67)
08-04 01:14:49.362 29472 30082 E baseline.com.newsblur.network.APIResponse: 	at baseline.com.newsblur.service.NBSyncService$1.run(NBSyncService.java:188)
08-04 01:14:49.362 29472 30082 E baseline.com.newsblur.network.APIResponse: 	at java.util.concurrent.ThreadPoolExecutor.runWorker(ThreadPoolExecutor.java:1113)
08-04 01:14:49.362 29472 30082 E baseline.com.newsblur.network.APIResponse: 	at java.util.concurrent.ThreadPoolExecutor$Worker.run(ThreadPoolExecutor.java:588)
08-04 01:14:49.362 29472 30082 E baseline.com.newsblur.network.APIResponse: 	at java.lang.Thread.run(Thread.java:818)
08-04 01:14:49.362 29472 30082 E baseline.com.newsblur.network.APIResponse: Caused by: java.io.EOFException: \n not found: limit=0 content=
08-04 01:14:49.362 29472 30082 E baseline.com.newsblur.network.APIResponse: 	at okio.RealBufferedSource.readUtf8LineStrict(RealBufferedSource.java:240)
08-04 01:14:49.362 29472 30082 E baseline.com.newsblur.network.APIResponse: 	at okhttp3.internal.http1.Http1ExchangeCodec.readHeaderLine(Http1ExchangeCodec.java:242)
08-04 01:14:49.362 29472 30082 E baseline.com.newsblur.network.APIResponse: 	at okhttp3.internal.http1.Http1ExchangeCodec.readResponseHeaders(Http1ExchangeCodec.java:213)
08-04 01:14:49.362 29472 30082 E baseline.com.newsblur.network.APIResponse: 	... 30 more
08-04 01:14:49.364 29472 30082 I baseline.com.newsblur.service.NBSyncService: Holding reading action with server-side or network error.
08-04 01:14:49.385 29472 30082 W baseline.com.newsblur.service.NBSyncService: hard API failure
08-04 01:14:49.404   518   646 I ThermalEngine: ACTION: GPU - Setting GPU[0] to 450000000
08-04 01:14:49.595 29472 29745 I art     : Starting a blocking GC Explicit
08-04 01:14:49.633 29472 29745 I art     : Explicit concurrent mark sweep GC freed 4923(564KB) AllocSpace objects, 16(320KB) LOS objects, 30% free, 36MB/52MB, paused 1.104ms total 38.314ms
08-04 01:14:49.646 29472 29745 I art     : Starting a blocking GC Explicit
08-04 01:14:49.682 29472 29745 I art     : Explicit concurrent mark sweep GC freed 607(22KB) AllocSpace objects, 0(0B) LOS objects, 30% free, 36MB/52MB, paused 1.155ms total 36.422ms
08-04 01:14:49.694 29472 29745 I art     : Starting a blocking GC Explicit
08-04 01:14:49.732 29472 29745 I art     : Explicit concurrent mark sweep GC freed 3(96B) AllocSpace objects, 0(0B) LOS objects, 30% free, 36MB/52MB, paused 1.148ms total 37.434ms
08-04 01:14:49.744 29472 29745 I art     : Starting a blocking GC Explicit
08-04 01:14:49.782 29472 29745 I art     : Explicit concurrent mark sweep GC freed 3(96B) AllocSpace objects, 0(0B) LOS objects, 30% free, 36MB/52MB, paused 1.140ms total 37.746ms
08-04 01:14:49.795 29472 29745 I art     : Starting a blocking GC Explicit
08-04 01:14:49.830 24161 24161 I ServiceManager: Waiting for service AtCmdFwd...
08-04 01:14:49.833 29472 29745 I art     : Explicit concurrent mark sweep GC freed 3(96B) AllocSpace objects, 0(0B) LOS objects, 30% free, 36MB/52MB, paused 1.165ms total 37.769ms
08-04 01:14:50.197 29472 29483 I art     : Starting a blocking GC Explicit
08-04 01:14:50.235 29472 29483 I art     : Explicit concurrent mark sweep GC freed 1401(80KB) AllocSpace objects, 1(20KB) LOS objects, 30% free, 36MB/52MB, paused 1.139ms total 37.877ms
08-04 01:14:50.249 29472 29483 I art     : Starting a blocking GC Explicit
08-04 01:14:50.286 29472 29483 I art     : Explicit concurrent mark sweep GC freed 20(704B) AllocSpace objects, 0(0B) LOS objects, 30% free, 36MB/52MB, paused 1.075ms total 36.037ms
08-04 01:14:50.298 29472 29483 I art     : Starting a blocking GC Explicit
08-04 01:14:50.334 29472 29483 I art     : Explicit concurrent mark sweep GC freed 3(96B) AllocSpace objects, 0(0B) LOS objects, 30% free, 36MB/52MB, paused 1.130ms total 36.082ms
08-04 01:14:50.346 29472 29483 I art     : Starting a blocking GC Explicit
08-04 01:14:50.384 29472 29483 I art     : Explicit concurrent mark sweep GC freed 3(96B) AllocSpace objects, 0(0B) LOS objects, 30% free, 36MB/52MB, paused 1.136ms total 37.239ms
08-04 01:14:50.396 29472 29483 I art     : Starting a blocking GC Explicit
08-04 01:14:50.434 29472 29483 I art     : Explicit concurrent mark sweep GC freed 3(96B) AllocSpace objects, 0(0B) LOS objects, 30% free, 36MB/52MB, paused 1.147ms total 37.246ms
08-04 01:14:50.787 29472 29484 I art     : Starting a blocking GC Explicit
08-04 01:14:50.826 29472 29484 I art     : Explicit concurrent mark sweep GC freed 1398(80KB) AllocSpace objects, 1(20KB) LOS objects, 30% free, 36MB/52MB, paused 1.118ms total 38.609ms
08-04 01:14:50.832 24161 24161 I ServiceManager: Waiting for service AtCmdFwd...
08-04 01:14:50.844 29472 29484 I art     : Starting a blocking GC Explicit
08-04 01:14:50.881 29472 29484 I art     : Explicit concurrent mark sweep GC freed 20(704B) AllocSpace objects, 0(0B) LOS objects, 30% free, 36MB/52MB, paused 1.135ms total 36.395ms
08-04 01:14:50.893 29472 29484 I art     : Starting a blocking GC Explicit
08-04 01:14:50.929 29472 29484 I art     : Explicit concurrent mark sweep GC freed 3(96B) AllocSpace objects, 0(0B) LOS objects, 30% free, 36MB/52MB, paused 1.108ms total 35.949ms
08-04 01:14:50.941 29472 29484 I art     : Starting a blocking GC Explicit
08-04 01:14:50.977 29472 29484 I art     : Explicit concurrent mark sweep GC freed 3(96B) AllocSpace objects, 0(0B) LOS objects, 30% free, 36MB/52MB, paused 1.247ms total 35.949ms
08-04 01:14:50.989 29472 29484 I art     : Starting a blocking GC Explicit
08-04 01:14:51.027 29472 29484 I art     : Explicit concurrent mark sweep GC freed 3(96B) AllocSpace objects, 0(0B) LOS objects, 30% free, 36MB/52MB, paused 1.138ms total 37.291ms
08-04 01:14:51.379 29472 29731 I art     : Starting a blocking GC Explicit
08-04 01:14:51.407   518   646 I ThermalEngine: ACTION: GPU - Setting GPU[0] to 510000000
08-04 01:14:51.418 29472 29731 I art     : Explicit concurrent mark sweep GC freed 1398(80KB) AllocSpace objects, 1(20KB) LOS objects, 30% free, 36MB/52MB, paused 1.248ms total 39.227ms
08-04 01:14:51.433 29472 29731 I art     : Starting a blocking GC Explicit
08-04 01:14:51.464 29472 29731 I art     : Explicit concurrent mark sweep GC freed 20(704B) AllocSpace objects, 0(0B) LOS objects, 30% free, 36MB/52MB, paused 872us total 30.544ms
08-04 01:14:51.473 29472 29731 I art     : Starting a blocking GC Explicit
08-04 01:14:51.500 29472 29731 I art     : Explicit concurrent mark sweep GC freed 3(96B) AllocSpace objects, 0(0B) LOS objects, 30% free, 36MB/52MB, paused 811us total 26.602ms
08-04 01:14:51.509 29472 29731 I art     : Starting a blocking GC Explicit
08-04 01:14:51.536 29472 29731 I art     : Explicit concurrent mark sweep GC freed 3(96B) AllocSpace objects, 0(0B) LOS objects, 30% free, 36MB/52MB, paused 827us total 26.894ms
08-04 01:14:51.545 29472 29731 I art     : Starting a blocking GC Explicit
08-04 01:14:51.573 29472 29731 I art     : Explicit concurrent mark sweep GC freed 3(96B) AllocSpace objects, 0(0B) LOS objects, 30% free, 36MB/52MB, paused 890us total 26.984ms
08-04 01:14:51.833 24161 24161 I ServiceManager: Waiting for service AtCmdFwd...
08-04 01:14:51.909 29472 29745 I art     : Starting a blocking GC Explicit
08-04 01:14:51.939 29472 29745 I art     : Explicit concurrent mark sweep GC freed 1398(80KB) AllocSpace objects, 1(20KB) LOS objects, 30% free, 36MB/52MB, paused 844us total 29.086ms
08-04 01:14:51.948 29472 29745 I art     : Starting a blocking GC Explicit
08-04 01:14:51.977 29472 29745 I art     : Explicit concurrent mark sweep GC freed 20(704B) AllocSpace objects, 0(0B) LOS objects, 30% free, 36MB/52MB, paused 977us total 28.494ms
08-04 01:14:51.987 29472 29745 I art     : Starting a blocking GC Explicit
08-04 01:14:52.016 29472 29745 I art     : Explicit concurrent mark sweep GC freed 3(96B) AllocSpace objects, 0(0B) LOS objects, 30% free, 36MB/52MB, paused 836us total 28.672ms
08-04 01:14:52.025 29472 29745 I art     : Starting a blocking GC Explicit
08-04 01:14:52.054 29472 29745 I art     : Explicit concurrent mark sweep GC freed 3(96B) AllocSpace objects, 0(0B) LOS objects, 30% free, 36MB/52MB, paused 808us total 28.690ms
08-04 01:14:52.064 29472 29745 I art     : Starting a blocking GC Explicit
08-04 01:14:52.091 29472 29745 I art     : Explicit concurrent mark sweep GC freed 3(96B) AllocSpace objects, 0(0B) LOS objects, 30% free, 36MB/52MB, paused 828us total 27.205ms
08-04 01:14:52.425 29472 29483 I art     : Starting a blocking GC Explicit
08-04 01:14:52.455 29472 29483 I art     : Explicit concurrent mark sweep GC freed 1398(80KB) AllocSpace objects, 1(20KB) LOS objects, 30% free, 36MB/52MB, paused 821us total 29.407ms
08-04 01:14:52.467 29472 29483 I art     : Starting a blocking GC Explicit
08-04 01:14:52.495 29472 29483 I art     : Explicit concurrent mark sweep GC freed 20(704B) AllocSpace objects, 0(0B) LOS objects, 30% free, 36MB/52MB, paused 836us total 27.634ms
08-04 01:14:52.505 29472 29483 I art     : Starting a blocking GC Explicit
08-04 01:14:52.533 29472 29483 I art     : Explicit concurrent mark sweep GC freed 3(96B) AllocSpace objects, 0(0B) LOS objects, 30% free, 36MB/52MB, paused 762us total 27.983ms
08-04 01:14:52.542 29472 29483 I art     : Starting a blocking GC Explicit
08-04 01:14:52.571 29472 29483 I art     : Explicit concurrent mark sweep GC freed 3(96B) AllocSpace objects, 0(0B) LOS objects, 30% free, 36MB/52MB, paused 821us total 28.259ms
08-04 01:14:52.580 29472 29483 I art     : Starting a blocking GC Explicit
08-04 01:14:52.609 29472 29483 I art     : Explicit concurrent mark sweep GC freed 3(96B) AllocSpace objects, 0(0B) LOS objects, 30% free, 36MB/52MB, paused 804us total 28.007ms
08-04 01:14:52.834 24161 24161 I ServiceManager: Waiting for service AtCmdFwd...
08-04 01:14:52.957 29472 29484 I art     : Starting a blocking GC Explicit
08-04 01:14:52.987 29472 29484 I art     : Explicit concurrent mark sweep GC freed 1398(80KB) AllocSpace objects, 1(20KB) LOS objects, 30% free, 36MB/52MB, paused 976us total 29.771ms
08-04 01:14:53.000 29472 29484 I art     : Starting a blocking GC Explicit
08-04 01:14:53.027 29472 29484 I art     : Explicit concurrent mark sweep GC freed 20(704B) AllocSpace objects, 0(0B) LOS objects, 30% free, 36MB/52MB, paused 887us total 26.865ms
08-04 01:14:53.036 29472 29484 I art     : Starting a blocking GC Explicit
08-04 01:14:53.063 29472 29484 I art     : Explicit concurrent mark sweep GC freed 3(96B) AllocSpace objects, 0(0B) LOS objects, 30% free, 36MB/52MB, paused 821us total 26.253ms
08-04 01:14:53.072 29472 29484 I art     : Starting a blocking GC Explicit
08-04 01:14:53.099 29472 29484 I art     : Explicit concurrent mark sweep GC freed 3(96B) AllocSpace objects, 0(0B) LOS objects, 30% free, 36MB/52MB, paused 825us total 27.115ms
08-04 01:14:53.108 29472 29484 I art     : Starting a blocking GC Explicit
08-04 01:14:53.136 29472 29484 I art     : Explicit concurrent mark sweep GC freed 3(96B) AllocSpace objects, 0(0B) LOS objects, 30% free, 36MB/52MB, paused 786us total 27.167ms
08-04 01:14:53.473 29472 29731 I art     : Starting a blocking GC Explicit
08-04 01:14:53.504 29472 29731 I art     : Explicit concurrent mark sweep GC freed 1417(81KB) AllocSpace objects, 1(20KB) LOS objects, 30% free, 36MB/52MB, paused 851us total 30.012ms
08-04 01:14:53.516 29472 29731 I art     : Starting a blocking GC Explicit
08-04 01:14:53.544 29472 29731 I art     : Explicit concurrent mark sweep GC freed 26(928B) AllocSpace objects, 0(0B) LOS objects, 30% free, 36MB/52MB, paused 798us total 27.156ms
08-04 01:14:53.549   918  3261 D WifiStateMachine: starting scan for "H369AA63323"WPA_PSK with 2412,5180
08-04 01:14:53.553 29472 29731 I art     : Starting a blocking GC Explicit
08-04 01:14:53.580 29472 29731 I art     : Explicit concurrent mark sweep GC freed 3(96B) AllocSpace objects, 0(0B) LOS objects, 30% free, 36MB/52MB, paused 845us total 27.204ms
08-04 01:14:53.590 29472 29731 I art     : Starting a blocking GC Explicit
08-04 01:14:53.618 29472 29731 I art     : Explicit concurrent mark sweep GC freed 3(96B) AllocSpace objects, 0(0B) LOS objects, 30% free, 36MB/52MB, paused 831us total 27.449ms
08-04 01:14:53.627 29472 29731 I art     : Starting a blocking GC Explicit
08-04 01:14:53.655 29472 29731 I art     : Explicit concurrent mark sweep GC freed 3(96B) AllocSpace objects, 0(0B) LOS objects, 30% free, 36MB/52MB, paused 842us total 27.403ms
08-04 01:14:53.834 24161 24161 I ServiceManager: Waiting for service AtCmdFwd...
08-04 01:14:53.996 29472 29745 I art     : Starting a blocking GC Explicit
08-04 01:14:54.026 29472 29745 I art     : Explicit concurrent mark sweep GC freed 1398(80KB) AllocSpace objects, 1(20KB) LOS objects, 30% free, 36MB/52MB, paused 853us total 30.261ms
08-04 01:14:54.040 29472 29745 I art     : Starting a blocking GC Explicit
08-04 01:14:54.067 29472 29745 I art     : Explicit concurrent mark sweep GC freed 20(704B) AllocSpace objects, 0(0B) LOS objects, 30% free, 36MB/52MB, paused 828us total 26.163ms
08-04 01:14:54.076 29472 29745 I art     : Starting a blocking GC Explicit
08-04 01:14:54.103 29472 29745 I art     : Explicit concurrent mark sweep GC freed 3(96B) AllocSpace objects, 0(0B) LOS objects, 30% free, 36MB/52MB, paused 808us total 26.734ms
08-04 01:14:54.112 29472 29745 I art     : Starting a blocking GC Explicit
08-04 01:14:54.139 29472 29745 I art     : Explicit concurrent mark sweep GC freed 3(96B) AllocSpace objects, 0(0B) LOS objects, 30% free, 36MB/52MB, paused 810us total 27.125ms
08-04 01:14:54.148 29472 29745 I art     : Starting a blocking GC Explicit
08-04 01:14:54.175 29472 29745 I art     : Explicit concurrent mark sweep GC freed 3(96B) AllocSpace objects, 0(0B) LOS objects, 30% free, 36MB/52MB, paused 866us total 26.723ms
08-04 01:14:54.413   518   646 I ThermalEngine: ACTION: GPU - Setting GPU[0] to 600000000
08-04 01:14:54.525 29472 29483 I art     : Starting a blocking GC Explicit
08-04 01:14:54.550 29472 29483 I art     : Explicit concurrent mark sweep GC freed 1398(80KB) AllocSpace objects, 1(20KB) LOS objects, 30% free, 36MB/52MB, paused 634us total 24.632ms
08-04 01:14:54.557 29472 29483 I art     : Starting a blocking GC Explicit
08-04 01:14:54.580 29472 29483 I art     : Explicit concurrent mark sweep GC freed 20(704B) AllocSpace objects, 0(0B) LOS objects, 30% free, 36MB/52MB, paused 614us total 22.540ms
08-04 01:14:54.588 29472 29483 I art     : Starting a blocking GC Explicit
08-04 01:14:54.610 29472 29483 I art     : Explicit concurrent mark sweep GC freed 3(96B) AllocSpace objects, 0(0B) LOS objects, 30% free, 36MB/52MB, paused 612us total 21.608ms
08-04 01:14:54.617 29472 29483 I art     : Starting a blocking GC Explicit
08-04 01:14:54.639 29472 29483 I art     : Explicit concurrent mark sweep GC freed 3(96B) AllocSpace objects, 0(0B) LOS objects, 30% free, 36MB/52MB, paused 623us total 21.644ms
08-04 01:14:54.646 29472 29483 I art     : Starting a blocking GC Explicit
08-04 01:14:54.668 29472 29483 I art     : Explicit concurrent mark sweep GC freed 3(96B) AllocSpace objects, 0(0B) LOS objects, 30% free, 36MB/52MB, paused 597us total 21.908ms
08-04 01:14:54.835 24161 24161 W Atfwd_Sendcmd: AtCmdFwd service not published, waiting... retryCnt : 3
08-04 01:14:55.013 29472 29484 I art     : Starting a blocking GC Explicit
08-04 01:14:55.035 29472 29484 I art     : Explicit concurrent mark sweep GC freed 1398(80KB) AllocSpace objects, 1(20KB) LOS objects, 30% free, 36MB/52MB, paused 622us total 22.315ms
08-04 01:14:55.042 29472 29484 I art     : Starting a blocking GC Explicit
08-04 01:14:55.064 29472 29484 I art     : Explicit concurrent mark sweep GC freed 20(704B) AllocSpace objects, 0(0B) LOS objects, 30% free, 36MB/52MB, paused 610us total 21.636ms
08-04 01:14:55.071 29472 29484 I art     : Starting a blocking GC Explicit
08-04 01:14:55.093 29472 29484 I art     : Explicit concurrent mark sweep GC freed 3(96B) AllocSpace objects, 0(0B) LOS objects, 30% free, 36MB/52MB, paused 644us total 21.517ms
08-04 01:14:55.100 29472 29484 I art     : Starting a blocking GC Explicit
08-04 01:14:55.122 29472 29484 I art     : Explicit concurrent mark sweep GC freed 3(96B) AllocSpace objects, 0(0B) LOS objects, 30% free, 36MB/52MB, paused 631us total 21.293ms
08-04 01:14:55.129 29472 29484 I art     : Starting a blocking GC Explicit
08-04 01:14:55.150 29472 29484 I art     : Explicit concurrent mark sweep GC freed 3(96B) AllocSpace objects, 0(0B) LOS objects, 30% free, 36MB/52MB, paused 616us total 21.109ms
08-04 01:14:55.277 30326 30326 D AndroidRuntime: >>>>>> START com.android.internal.os.RuntimeInit uid 2000 <<<<<<
08-04 01:14:55.282 30326 30326 D AndroidRuntime: CheckJNI is OFF
08-04 01:14:55.310 30326 30326 D ICU     : No timezone override file found: /data/misc/zoneinfo/current/icu/icu_tzdata.dat
08-04 01:14:55.333 30326 30326 I Radio-JNI: register_android_hardware_Radio DONE
08-04 01:14:55.348 30326 30326 D AndroidRuntime: Calling main entry com.android.commands.input.Input
08-04 01:14:55.350 30326 30326 I Input   : injectKeyEvent: KeyEvent { action=ACTION_DOWN, keyCode=KEYCODE_BACK, scanCode=0, metaState=0, flags=0x0, repeatCount=0, eventTime=666911763, downTime=666911763, deviceId=-1, source=0x101 }
08-04 01:14:55.355 30326 30326 I Input   : injectKeyEvent: KeyEvent { action=ACTION_UP, keyCode=KEYCODE_BACK, scanCode=0, metaState=0, flags=0x0, repeatCount=0, eventTime=666911763, downTime=666911763, deviceId=-1, source=0x101 }
08-04 01:14:55.361 30326 30326 D AndroidRuntime: Shutting down VM
08-04 01:14:55.427 29472 29731 I art     : Starting a blocking GC Explicit
08-04 01:14:55.449 29472 29731 I art     : Explicit concurrent mark sweep GC freed 2213(163KB) AllocSpace objects, 4(80KB) LOS objects, 30% free, 36MB/52MB, paused 752us total 22.101ms
08-04 01:14:55.457 13866 13866 I GoogleInputMethodServic: GoogleInputMethodService.onFinishInput():3138 
08-04 01:14:55.457 29472 29731 I art     : Starting a blocking GC Explicit
08-04 01:14:55.457 13866 13866 I GoogleInputMethodServic: GoogleInputMethodService.onStartInput():1808 
08-04 01:14:55.480 29472 29731 I art     : Explicit concurrent mark sweep GC freed 1926(166KB) AllocSpace objects, 5(100KB) LOS objects, 30% free, 36MB/52MB, paused 756us total 22.635ms
08-04 01:14:55.486 29472 29731 I art     : Starting a blocking GC Explicit
08-04 01:14:55.509 29472 29731 I art     : Explicit concurrent mark sweep GC freed 595(40KB) AllocSpace objects, 1(20KB) LOS objects, 30% free, 36MB/52MB, paused 778us total 22.363ms
08-04 01:14:55.517 29472 29731 I art     : Starting a blocking GC Explicit
08-04 01:14:55.538 29472 29731 I art     : Explicit concurrent mark sweep GC freed 56(2032B) AllocSpace objects, 0(0B) LOS objects, 30% free, 36MB/52MB, paused 688us total 20.935ms
08-04 01:14:55.545 29472 29731 I art     : Starting a blocking GC Explicit
08-04 01:14:55.565 29472 29731 I art     : Explicit concurrent mark sweep GC freed 15(656B) AllocSpace objects, 1(28KB) LOS objects, 30% free, 36MB/52MB, paused 611us total 19.620ms
08-04 01:14:55.814 29472 29484 I art     : Starting a blocking GC Explicit
08-04 01:14:55.838 29472 29484 I art     : Explicit concurrent mark sweep GC freed 2785(148KB) AllocSpace objects, 1(20KB) LOS objects, 30% free, 36MB/52MB, paused 767us total 24.019ms
08-04 01:14:55.846 29472 29484 I art     : Starting a blocking GC Explicit
08-04 01:14:55.869 29472 29484 I art     : Explicit concurrent mark sweep GC freed 153(7KB) AllocSpace objects, 0(0B) LOS objects, 30% free, 36MB/52MB, paused 748us total 22.935ms
08-04 01:14:55.876 29472 29484 I art     : Starting a blocking GC Explicit
08-04 01:14:55.899 29472 29484 I art     : Explicit concurrent mark sweep GC freed 7(224B) AllocSpace objects, 0(0B) LOS objects, 30% free, 36MB/52MB, paused 712us total 22.545ms
08-04 01:14:55.905 29472 29484 I art     : Starting a blocking GC Explicit
08-04 01:14:55.927 29472 29484 I art     : Explicit concurrent mark sweep GC freed 7(224B) AllocSpace objects, 0(0B) LOS objects, 30% free, 36MB/52MB, paused 689us total 21.536ms
08-04 01:14:55.937 29472 29484 I art     : Starting a blocking GC Explicit
08-04 01:14:55.958 29472 29484 I art     : Explicit concurrent mark sweep GC freed 6(192B) AllocSpace objects, 0(0B) LOS objects, 30% free, 36MB/52MB, paused 622us total 21.583ms
08-04 01:14:56.031 29472 30349 I NAPPA_EXPERIMENTATION: MetricNetworkRequestExecutionTime: REQUEST_DURATION_SYSTEM='563',REQUEST_DURATION_OKHTTP='36',REQUEST_SYNCHRONOUS='TRUE',RESPONSE_CODE='200',RESPONSE_METHOD='GET',RESPONSE_LENGTH_OKHTTP='-1',RESPONSE_LENGTH_HEADER='12364',REQUEST_PROTOCOL='http/1.1',REQUEST_URL='https://www.newsblur.com/social/river_stories?order=newest&page=2&read_filter=all&global_feed=true',
08-04 01:14:56.031 29472 30349 D MY_TAG  : 0, 563
08-04 01:14:56.251 29472 29483 I art     : Starting a blocking GC Explicit
08-04 01:14:56.287 29472 29483 I art     : Explicit concurrent mark sweep GC freed 37493(2MB) AllocSpace objects, 36(1060KB) LOS objects, 30% free, 37MB/53MB, paused 787us total 34.931ms
08-04 01:14:56.296 29472 29483 I art     : Starting a blocking GC Explicit
08-04 01:14:56.323 29472 29483 I art     : Explicit concurrent mark sweep GC freed 3299(317KB) AllocSpace objects, 0(0B) LOS objects, 30% free, 36MB/52MB, paused 694us total 26.725ms
08-04 01:14:56.331 29472 29483 I art     : Starting a blocking GC Explicit
08-04 01:14:56.353 29472 29483 I art     : Explicit concurrent mark sweep GC freed 7(224B) AllocSpace objects, 0(0B) LOS objects, 30% free, 36MB/52MB, paused 686us total 21.622ms
08-04 01:14:56.359 29472 29483 I art     : Starting a blocking GC Explicit
08-04 01:14:56.381 29472 29483 I art     : Explicit concurrent mark sweep GC freed 7(224B) AllocSpace objects, 0(0B) LOS objects, 30% free, 36MB/52MB, paused 624us total 21.051ms
08-04 01:14:56.388 29472 29483 I art     : Starting a blocking GC Explicit
08-04 01:14:56.410 29472 29483 I art     : Explicit concurrent mark sweep GC freed 6(192B) AllocSpace objects, 0(0B) LOS objects, 30% free, 36MB/52MB, paused 769us total 21.305ms
08-04 01:14:56.699 29472 29483 I art     : Starting a blocking GC Explicit
08-04 01:14:56.725 29472 29483 I art     : Explicit concurrent mark sweep GC freed 1475(83KB) AllocSpace objects, 1(20KB) LOS objects, 30% free, 36MB/52MB, paused 659us total 25.675ms
08-04 01:14:56.734 29472 29483 I art     : Starting a blocking GC Explicit
08-04 01:14:56.759 29472 29483 I art     : Explicit concurrent mark sweep GC freed 25(864B) AllocSpace objects, 0(0B) LOS objects, 30% free, 36MB/52MB, paused 670us total 24.295ms
08-04 01:14:56.768 29472 29483 I art     : Starting a blocking GC Explicit
08-04 01:14:56.790 29472 29483 I art     : Explicit concurrent mark sweep GC freed 7(224B) AllocSpace objects, 0(0B) LOS objects, 30% free, 36MB/52MB, paused 620us total 21.381ms
08-04 01:14:56.797 29472 29483 I art     : Starting a blocking GC Explicit
08-04 01:14:56.818 29472 29483 I art     : Explicit concurrent mark sweep GC freed 6(192B) AllocSpace objects, 0(0B) LOS objects, 30% free, 36MB/52MB, paused 819us total 20.870ms
08-04 01:14:56.825 29472 29483 I art     : Starting a blocking GC Explicit
08-04 01:14:56.847 29472 29483 I art     : Explicit concurrent mark sweep GC freed 7(224B) AllocSpace objects, 0(0B) LOS objects, 30% free, 36MB/52MB, paused 610us total 21.234ms
08-04 01:14:56.938 30380 30380 D AndroidRuntime: >>>>>> START com.android.internal.os.RuntimeInit uid 2000 <<<<<<
08-04 01:14:56.942 30380 30380 D AndroidRuntime: CheckJNI is OFF
08-04 01:14:56.968 30380 30380 D ICU     : No timezone override file found: /data/misc/zoneinfo/current/icu/icu_tzdata.dat
08-04 01:14:56.993 30380 30380 I Radio-JNI: register_android_hardware_Radio DONE
08-04 01:14:57.009 30380 30380 D AndroidRuntime: Calling main entry com.android.commands.input.Input
08-04 01:14:57.011 30380 30380 I Input   : injectMotionEvent: MotionEvent { action=ACTION_DOWN, actionButton=0, id[0]=0, x[0]=435.0, y[0]=858.0, toolType[0]=TOOL_TYPE_UNKNOWN, buttonState=0, metaState=0, flags=0x0, edgeFlags=0x0, pointerCount=1, historySize=0, eventTime=666913424, downTime=666913424, deviceId=0, source=0x1002 }
08-04 01:14:57.016 30380 30380 I Input   : injectMotionEvent: MotionEvent { action=ACTION_UP, actionButton=0, id[0]=0, x[0]=435.0, y[0]=858.0, toolType[0]=TOOL_TYPE_UNKNOWN, buttonState=0, metaState=0, flags=0x0, edgeFlags=0x0, pointerCount=1, historySize=0, eventTime=666913424, downTime=666913424, deviceId=0, source=0x1002 }
08-04 01:14:57.017 30380 30380 D AndroidRuntime: Shutting down VM
08-04 01:14:57.028   512  2967 D audio_hw_primary: out_set_parameters: enter: usecase(1: low-latency-playback) kvpairs: routing=2
08-04 01:14:57.029   918  5132 I ActivityManager: START u0 {cmp=baseline.com.newsblur/.activity.GlobalSharedStoriesReading (has extras)} from uid 10652 on display 0
08-04 01:14:57.041   512  2967 D audio_hw_primary: select_devices: out_snd_device(2: speaker) in_snd_device(0: none)
08-04 01:14:57.041   512  2967 D msm8974_platform: platform_send_audio_calibration: sending audio calibration for snd_device(2) acdb_id(15)
08-04 01:14:57.042   512  2967 I soundtrigger: audio_extn_sound_trigger_update_device_status: device 0x2 of type 0 for Event 1
08-04 01:14:57.053   512  2967 D audio_hw_primary: enable_snd_device: snd_device(2: speaker)
08-04 01:14:57.055   512  2967 D audio_hw_primary: enable_audio_route: apply and update mixer path: low-latency-playback speaker
08-04 01:14:57.131 29472 29483 I art     : Starting a blocking GC Explicit
08-04 01:14:57.158 29472 29483 I art     : Explicit concurrent mark sweep GC freed 2887(229KB) AllocSpace objects, 6(548KB) LOS objects, 30% free, 36MB/52MB, paused 886us total 26.842ms
08-04 01:14:57.166 29472 29483 I art     : Starting a blocking GC Explicit
08-04 01:14:57.191 29472 29483 I art     : Explicit concurrent mark sweep GC freed 458(42KB) AllocSpace objects, 1(20KB) LOS objects, 30% free, 36MB/52MB, paused 1.080ms total 24.825ms
08-04 01:14:57.199 29472 29483 I art     : Starting a blocking GC Explicit
08-04 01:14:57.207   918   936 I ActivityManager: Displayed baseline.com.newsblur/.activity.GlobalSharedStoriesReading: +168ms
08-04 01:14:57.210 13866 13866 I GoogleInputMethodServic: GoogleInputMethodService.onFinishInput():3138 
08-04 01:14:57.210 13866 13866 I GoogleInputMethodServic: GoogleInputMethodService.onStartInput():1808 
08-04 01:14:57.224 29472 29483 I art     : Explicit concurrent mark sweep GC freed 450(22KB) AllocSpace objects, 0(0B) LOS objects, 30% free, 36MB/52MB, paused 843us total 24.207ms
08-04 01:14:57.231 29472 29483 I art     : Starting a blocking GC Explicit
08-04 01:14:57.255 29472 29483 I art     : Explicit concurrent mark sweep GC freed 1077(71KB) AllocSpace objects, 2(48KB) LOS objects, 30% free, 37MB/53MB, paused 972us total 23.691ms
08-04 01:14:57.262 29472 29483 I art     : Starting a blocking GC Explicit
08-04 01:14:57.286 29472 29483 I art     : Explicit concurrent mark sweep GC freed 1318(89KB) AllocSpace objects, 2(40KB) LOS objects, 30% free, 37MB/53MB, paused 1.147ms total 24.028ms
08-04 01:14:57.372 29472 29496 E SQLiteLog: (9) statement aborts at 125: [SELECT authors,short_content,timestamp,sharedDate,stories.feed_id,stories._id,intelligence_authors,intelligence_feed,intelligence_tags,intelligence_total,intelligence_title,permalink,
08-04 01:14:57.421   518   646 I ThermalEngine: ACTION: GPU - Setting GPU[0] to 510000000
08-04 01:14:57.438 29472 30078 E chromium: [ERROR:tile_manager.cc(793)] WARNING: tile memory limits exceeded, some content may not draw
08-04 01:14:57.438 29472 30078 E chromium: [ERROR:tile_manager.cc(793)] WARNING: tile memory limits exceeded, some content may not draw
08-04 01:14:57.562 29472 29731 I art     : Starting a blocking GC Explicit
08-04 01:14:57.589   512  2967 D audio_hw_primary: disable_audio_route: reset and update mixer path: low-latency-playback speaker
08-04 01:14:57.590   512  2967 D audio_hw_primary: disable_snd_device: snd_device(2: speaker)
08-04 01:14:57.599   512  2967 I soundtrigger: audio_extn_sound_trigger_update_device_status: device 0x2 of type 0 for Event 0
08-04 01:14:57.600 29472 29731 I art     : Explicit concurrent mark sweep GC freed 7160(575KB) AllocSpace objects, 19(424KB) LOS objects, 29% free, 37MB/53MB, paused 1.443ms total 37.289ms
08-04 01:14:57.610 29472 29731 I art     : Starting a blocking GC Explicit
08-04 01:14:57.641 29472 29731 I art     : Explicit concurrent mark sweep GC freed 1427(68KB) AllocSpace objects, 1(28KB) LOS objects, 29% free, 37MB/53MB, paused 920us total 30.631ms
08-04 01:14:57.650 29472 29731 I art     : Starting a blocking GC Explicit
08-04 01:14:57.679 29472 29731 I art     : Explicit concurrent mark sweep GC freed 3(96B) AllocSpace objects, 0(0B) LOS objects, 29% free, 37MB/53MB, paused 908us total 28.983ms
08-04 01:14:57.689 29472 29731 I art     : Starting a blocking GC Explicit
08-04 01:14:57.718 29472 29731 I art     : Explicit concurrent mark sweep GC freed 3(96B) AllocSpace objects, 0(0B) LOS objects, 29% free, 37MB/53MB, paused 990us total 29.082ms
08-04 01:14:57.729 29472 29731 I art     : Starting a blocking GC Explicit
08-04 01:14:57.761 29472 29731 I art     : Explicit concurrent mark sweep GC freed 3(96B) AllocSpace objects, 0(0B) LOS objects, 29% free, 37MB/53MB, paused 986us total 31.445ms
08-04 01:14:57.975 29472 30409 E baseline.com.newsblur.network.APIResponse: Error (unexpected end of stream on https://www.newsblur.com/...) calling https://www.newsblur.com/reader/mark_story_hashes_as_read/
08-04 01:14:57.975 29472 30409 E baseline.com.newsblur.network.APIResponse: java.io.IOException: unexpected end of stream on https://www.newsblur.com/...
08-04 01:14:57.975 29472 30409 E baseline.com.newsblur.network.APIResponse: 	at okhttp3.internal.http1.Http1ExchangeCodec.readResponseHeaders(Http1ExchangeCodec.java:236)
08-04 01:14:57.975 29472 30409 E baseline.com.newsblur.network.APIResponse: 	at okhttp3.internal.connection.Exchange.readResponseHeaders(Exchange.java:115)
08-04 01:14:57.975 29472 30409 E baseline.com.newsblur.network.APIResponse: 	at okhttp3.internal.http.CallServerInterceptor.intercept(CallServerInterceptor.java:94)
08-04 01:14:57.975 29472 30409 E baseline.com.newsblur.network.APIResponse: 	at okhttp3.internal.http.RealInterceptorChain.proceed(RealInterceptorChain.java:142)
08-04 01:14:57.975 29472 30409 E baseline.com.newsblur.network.APIResponse: 	at okhttp3.internal.connection.ConnectInterceptor.intercept(ConnectInterceptor.java:43)
08-04 01:14:57.975 29472 30409 E baseline.com.newsblur.network.APIResponse: 	at okhttp3.internal.http.RealInterceptorChain.proceed(RealInterceptorChain.java:142)
08-04 01:14:57.975 29472 30409 E baseline.com.newsblur.network.APIResponse: 	at okhttp3.internal.http.RealInterceptorChain.proceed(RealInterceptorChain.java:117)
08-04 01:14:57.975 29472 30409 E baseline.com.newsblur.network.APIResponse: 	at okhttp3.internal.cache.CacheInterceptor.intercept(CacheInterceptor.java:94)
08-04 01:14:57.975 29472 30409 E baseline.com.newsblur.network.APIResponse: 	at okhttp3.internal.http.RealInterceptorChain.proceed(RealInterceptorChain.java:142)
08-04 01:14:57.975 29472 30409 E baseline.com.newsblur.network.APIResponse: 	at okhttp3.internal.http.RealInterceptorChain.proceed(RealInterceptorChain.java:117)
08-04 01:14:57.975 29472 30409 E baseline.com.newsblur.network.APIResponse: 	at okhttp3.internal.http.BridgeInterceptor.intercept(BridgeInterceptor.java:93)
08-04 01:14:57.975 29472 30409 E baseline.com.newsblur.network.APIResponse: 	at okhttp3.internal.http.RealInterceptorChain.proceed(RealInterceptorChain.java:142)
08-04 01:14:57.975 29472 30409 E baseline.com.newsblur.network.APIResponse: 	at okhttp3.internal.http.RetryAndFollowUpInterceptor.intercept(RetryAndFollowUpInterceptor.java:88)
08-04 01:14:57.975 29472 30409 E baseline.com.newsblur.network.APIResponse: 	at okhttp3.internal.http.RealInterceptorChain.proceed(RealInterceptorChain.java:142)
08-04 01:14:57.975 29472 30409 E baseline.com.newsblur.network.APIResponse: 	at okhttp3.internal.http.RealInterceptorChain.proceed(RealInterceptorChain.java:117)
08-04 01:14:57.975 29472 30409 E baseline.com.newsblur.network.APIResponse: 	at okhttp3.RealCall.getResponseWithInterceptorChain(RealCall.java:229)
08-04 01:14:57.975 29472 30409 E baseline.com.newsblur.network.APIResponse: 	at okhttp3.RealCall.execute(RealCall.java:81)
08-04 01:14:57.975 29472 30409 E baseline.com.newsblur.network.APIResponse: 	at baseline.com.newsblur.network.APIResponse.<init>(APIResponse.java:57)
08-04 01:14:57.975 29472 30409 E baseline.com.newsblur.network.APIResponse: 	at baseline.com.newsblur.network.APIResponse.<init>(APIResponse.java:43)
08-04 01:14:57.975 29472 30409 E baseline.com.newsblur.network.APIResponse: 	at baseline.com.newsblur.network.APIManager.post_single(APIManager.java:702)
08-04 01:14:57.975 29472 30409 E baseline.com.newsblur.network.APIResponse: 	at baseline.com.newsblur.network.APIManager.post(APIManager.java:675)
08-04 01:14:57.975 29472 30409 E baseline.com.newsblur.network.APIResponse: 	at baseline.com.newsblur.network.APIManager.post(APIManager.java:714)
08-04 01:14:57.975 29472 30409 E baseline.com.newsblur.network.APIResponse: 	at baseline.com.newsblur.network.APIManager.markStoryAsRead(APIManager.java:205)
08-04 01:14:57.975 29472 30409 E baseline.com.newsblur.network.APIResponse: 	at baseline.com.newsblur.util.ReadingAction.doRemote(ReadingAction.java:281)
08-04 01:14:57.975 29472 30409 E baseline.com.newsblur.network.APIResponse: 	at baseline.com.newsblur.service.NBSyncService.syncActions(NBSyncService.java:400)
08-04 01:14:57.975 29472 30409 E baseline.com.newsblur.network.APIResponse: 	at baseline.com.newsblur.service.NBSyncService.doSync(NBSyncService.java:298)
08-04 01:14:57.975 29472 30409 E baseline.com.newsblur.network.APIResponse: 	at baseline.com.newsblur.service.NBSyncService.access$100(NBSyncService.java:67)
08-04 01:14:57.975 29472 30409 E baseline.com.newsblur.network.APIResponse: 	at baseline.com.newsblur.service.NBSyncService$1.run(NBSyncService.java:188)
08-04 01:14:57.975 29472 30409 E baseline.com.newsblur.network.APIResponse: 	at java.util.concurrent.ThreadPoolExecutor.runWorker(ThreadPoolExecutor.java:1113)
08-04 01:14:57.975 29472 30409 E baseline.com.newsblur.network.APIResponse: 	at java.util.concurrent.ThreadPoolExecutor$Worker.run(ThreadPoolExecutor.java:588)
08-04 01:14:57.975 29472 30409 E baseline.com.newsblur.network.APIResponse: 	at java.lang.Thread.run(Thread.java:818)
08-04 01:14:57.975 29472 30409 E baseline.com.newsblur.network.APIResponse: Caused by: java.io.EOFException: \n not found: limit=0 content=
08-04 01:14:57.975 29472 30409 E baseline.com.newsblur.network.APIResponse: 	at okio.RealBufferedSource.readUtf8LineStrict(RealBufferedSource.java:240)
08-04 01:14:57.975 29472 30409 E baseline.com.newsblur.network.APIResponse: 	at okhttp3.internal.http1.Http1ExchangeCodec.readHeaderLine(Http1ExchangeCodec.java:242)
08-04 01:14:57.975 29472 30409 E baseline.com.newsblur.network.APIResponse: 	at okhttp3.internal.http1.Http1ExchangeCodec.readResponseHeaders(Http1ExchangeCodec.java:213)
08-04 01:14:57.975 29472 30409 E baseline.com.newsblur.network.APIResponse: 	... 30 more
08-04 01:14:57.977 29472 30409 I baseline.com.newsblur.network.APIManager: API call failed, pausing before retry number 1
08-04 01:14:58.071 29472 29484 I art     : Starting a blocking GC Explicit
08-04 01:14:58.109 29472 29484 I art     : Explicit concurrent mark sweep GC freed 4647(415KB) AllocSpace objects, 6(260KB) LOS objects, 29% free, 37MB/53MB, paused 1.176ms total 37.087ms
08-04 01:14:58.120 29472 29484 I art     : Starting a blocking GC Explicit
08-04 01:14:58.149 29472 29484 I art     : Explicit concurrent mark sweep GC freed 993(118KB) AllocSpace objects, 0(0B) LOS objects, 29% free, 37MB/53MB, paused 891us total 28.917ms
08-04 01:14:58.158 29472 29484 I art     : Starting a blocking GC Explicit
08-04 01:14:58.190 29472 29484 I art     : Explicit concurrent mark sweep GC freed 3(96B) AllocSpace objects, 0(0B) LOS objects, 29% free, 37MB/53MB, paused 964us total 31.384ms
08-04 01:14:58.199 29472 29484 I art     : Starting a blocking GC Explicit
08-04 01:14:58.232 29472 29484 I art     : Explicit concurrent mark sweep GC freed 3(96B) AllocSpace objects, 0(0B) LOS objects, 29% free, 37MB/53MB, paused 878us total 32.084ms
08-04 01:14:58.242 29472 29484 I art     : Starting a blocking GC Explicit
08-04 01:14:58.275 29472 29484 I art     : Explicit concurrent mark sweep GC freed 5(144B) AllocSpace objects, 0(0B) LOS objects, 29% free, 37MB/53MB, paused 942us total 32.541ms
08-04 01:14:58.499 29472 30078 E chromium: [ERROR:tile_manager.cc(793)] WARNING: tile memory limits exceeded, some content may not draw
08-04 01:14:58.500 29472 30078 E chromium: [ERROR:tile_manager.cc(793)] WARNING: tile memory limits exceeded, some content may not draw
08-04 01:14:58.515 29472 30078 E chromium: [ERROR:tile_manager.cc(793)] WARNING: tile memory limits exceeded, some content may not draw
08-04 01:14:58.515 29472 30078 E chromium: [ERROR:tile_manager.cc(793)] WARNING: tile memory limits exceeded, some content may not draw
08-04 01:14:58.529 29472 30078 E chromium: [ERROR:tile_manager.cc(793)] WARNING: tile memory limits exceeded, some content may not draw
08-04 01:14:58.530 29472 30078 E chromium: [ERROR:tile_manager.cc(793)] WARNING: tile memory limits exceeded, some content may not draw
08-04 01:14:58.597 29472 29745 I art     : Starting a blocking GC Explicit
08-04 01:14:58.633 29472 29745 I art     : Explicit concurrent mark sweep GC freed 1563(87KB) AllocSpace objects, 1(20KB) LOS objects, 29% free, 37MB/53MB, paused 903us total 36.267ms
08-04 01:14:58.645 29472 29745 I art     : Starting a blocking GC Explicit
08-04 01:14:58.679 29472 29745 I art     : Explicit concurrent mark sweep GC freed 41(1424B) AllocSpace objects, 0(0B) LOS objects, 29% free, 37MB/53MB, paused 971us total 33.902ms
08-04 01:14:58.689 29472 29745 I art     : Starting a blocking GC Explicit
08-04 01:14:58.721 29472 29745 I art     : Explicit concurrent mark sweep GC freed 20(640B) AllocSpace objects, 0(0B) LOS objects, 29% free, 37MB/53MB, paused 869us total 31.297ms
08-04 01:14:58.731 29472 29745 I art     : Starting a blocking GC Explicit
08-04 01:14:58.764 29472 29745 I art     : Explicit concurrent mark sweep GC freed 10(320B) AllocSpace objects, 0(0B) LOS objects, 29% free, 37MB/53MB, paused 1.167ms total 32.365ms
08-04 01:14:58.774 29472 29745 I art     : Starting a blocking GC Explicit
08-04 01:14:58.805 29472 29745 I art     : Explicit concurrent mark sweep GC freed 3(96B) AllocSpace objects, 0(0B) LOS objects, 29% free, 37MB/53MB, paused 882us total 31.363ms
08-04 01:14:59.159 29472 29484 I art     : Starting a blocking GC Explicit
08-04 01:14:59.195 29472 29484 I art     : Explicit concurrent mark sweep GC freed 1440(83KB) AllocSpace objects, 1(20KB) LOS objects, 29% free, 37MB/53MB, paused 899us total 35.988ms
08-04 01:14:59.206 29472 29484 I art     : Starting a blocking GC Explicit
08-04 01:14:59.239 29472 29484 I art     : Explicit concurrent mark sweep GC freed 22(784B) AllocSpace objects, 0(0B) LOS objects, 29% free, 37MB/53MB, paused 888us total 32.657ms
08-04 01:14:59.249 29472 29484 I art     : Starting a blocking GC Explicit
08-04 01:14:59.283 29472 29484 I art     : Explicit concurrent mark sweep GC freed 3(96B) AllocSpace objects, 0(0B) LOS objects, 29% free, 37MB/53MB, paused 992us total 33.057ms
08-04 01:14:59.293 29472 29484 I art     : Starting a blocking GC Explicit
08-04 01:14:59.325 29472 29484 I art     : Explicit concurrent mark sweep GC freed 3(96B) AllocSpace objects, 0(0B) LOS objects, 29% free, 37MB/53MB, paused 871us total 31.774ms
08-04 01:14:59.336 29472 29484 I art     : Starting a blocking GC Explicit
08-04 01:14:59.369 29472 29484 I art     : Explicit concurrent mark sweep GC freed 3(96B) AllocSpace objects, 0(0B) LOS objects, 29% free, 37MB/53MB, paused 1.512ms total 33.076ms
08-04 01:14:59.701 29472 29731 I art     : Starting a blocking GC Explicit
08-04 01:14:59.737 29472 29731 I art     : Explicit concurrent mark sweep GC freed 1644(93KB) AllocSpace objects, 1(20KB) LOS objects, 29% free, 37MB/53MB, paused 928us total 35.708ms
08-04 01:14:59.748 29472 29731 I art     : Starting a blocking GC Explicit
08-04 01:14:59.782 29472 29731 I art     : Explicit concurrent mark sweep GC freed 28(1040B) AllocSpace objects, 0(0B) LOS objects, 29% free, 37MB/53MB, paused 918us total 33.428ms
08-04 01:14:59.792 29472 29731 I art     : Starting a blocking GC Explicit
08-04 01:14:59.824 29472 29731 I art     : Explicit concurrent mark sweep GC freed 3(96B) AllocSpace objects, 0(0B) LOS objects, 29% free, 37MB/53MB, paused 1.015ms total 32.264ms
08-04 01:14:59.835 29472 29731 I art     : Starting a blocking GC Explicit
08-04 01:14:59.867 29472 29731 I art     : Explicit concurrent mark sweep GC freed 3(96B) AllocSpace objects, 0(0B) LOS objects, 29% free, 37MB/53MB, paused 1.004ms total 31.747ms
08-04 01:14:59.877 29472 29731 I art     : Starting a blocking GC Explicit
08-04 01:14:59.909 29472 29731 I art     : Explicit concurrent mark sweep GC freed 3(96B) AllocSpace objects, 0(0B) LOS objects, 29% free, 37MB/53MB, paused 908us total 31.513ms
08-04 01:15:00.015 29472 30409 E baseline.com.newsblur.network.APIResponse: Error (unexpected end of stream on https://www.newsblur.com/...) calling https://www.newsblur.com/reader/mark_story_hashes_as_read/
08-04 01:15:00.015 29472 30409 E baseline.com.newsblur.network.APIResponse: java.io.IOException: unexpected end of stream on https://www.newsblur.com/...
08-04 01:15:00.015 29472 30409 E baseline.com.newsblur.network.APIResponse: 	at okhttp3.internal.http1.Http1ExchangeCodec.readResponseHeaders(Http1ExchangeCodec.java:236)
08-04 01:15:00.015 29472 30409 E baseline.com.newsblur.network.APIResponse: 	at okhttp3.internal.connection.Exchange.readResponseHeaders(Exchange.java:115)
08-04 01:15:00.015 29472 30409 E baseline.com.newsblur.network.APIResponse: 	at okhttp3.internal.http.CallServerInterceptor.intercept(CallServerInterceptor.java:94)
08-04 01:15:00.015 29472 30409 E baseline.com.newsblur.network.APIResponse: 	at okhttp3.internal.http.RealInterceptorChain.proceed(RealInterceptorChain.java:142)
08-04 01:15:00.015 29472 30409 E baseline.com.newsblur.network.APIResponse: 	at okhttp3.internal.connection.ConnectInterceptor.intercept(ConnectInterceptor.java:43)
08-04 01:15:00.015 29472 30409 E baseline.com.newsblur.network.APIResponse: 	at okhttp3.internal.http.RealInterceptorChain.proceed(RealInterceptorChain.java:142)
08-04 01:15:00.015 29472 30409 E baseline.com.newsblur.network.APIResponse: 	at okhttp3.internal.http.RealInterceptorChain.proceed(RealInterceptorChain.java:117)
08-04 01:15:00.015 29472 30409 E baseline.com.newsblur.network.APIResponse: 	at okhttp3.internal.cache.CacheInterceptor.intercept(CacheInterceptor.java:94)
08-04 01:15:00.015 29472 30409 E baseline.com.newsblur.network.APIResponse: 	at okhttp3.internal.http.RealInterceptorChain.proceed(RealInterceptorChain.java:142)
08-04 01:15:00.015 29472 30409 E baseline.com.newsblur.network.APIResponse: 	at okhttp3.internal.http.RealInterceptorChain.proceed(RealInterceptorChain.java:117)
08-04 01:15:00.015 29472 30409 E baseline.com.newsblur.network.APIResponse: 	at okhttp3.internal.http.BridgeInterceptor.intercept(BridgeInterceptor.java:93)
08-04 01:15:00.015 29472 30409 E baseline.com.newsblur.network.APIResponse: 	at okhttp3.internal.http.RealInterceptorChain.proceed(RealInterceptorChain.java:142)
08-04 01:15:00.015 29472 30409 E baseline.com.newsblur.network.APIResponse: 	at okhttp3.internal.http.RetryAndFollowUpInterceptor.intercept(RetryAndFollowUpInterceptor.java:88)
08-04 01:15:00.015 29472 30409 E baseline.com.newsblur.network.APIResponse: 	at okhttp3.internal.http.RealInterceptorChain.proceed(RealInterceptorChain.java:142)
08-04 01:15:00.015 29472 30409 E baseline.com.newsblur.network.APIResponse: 	at okhttp3.internal.http.RealInterceptorChain.proceed(RealInterceptorChain.java:117)
08-04 01:15:00.015 29472 30409 E baseline.com.newsblur.network.APIResponse: 	at okhttp3.RealCall.getResponseWithInterceptorChain(RealCall.java:229)
08-04 01:15:00.015 29472 30409 E baseline.com.newsblur.network.APIResponse: 	at okhttp3.RealCall.execute(RealCall.java:81)
08-04 01:15:00.015 29472 30409 E baseline.com.newsblur.network.APIResponse: 	at baseline.com.newsblur.network.APIResponse.<init>(APIResponse.java:57)
08-04 01:15:00.015 29472 30409 E baseline.com.newsblur.network.APIResponse: 	at baseline.com.newsblur.network.APIResponse.<init>(APIResponse.java:43)
08-04 01:15:00.015 29472 30409 E baseline.com.newsblur.network.APIResponse: 	at baseline.com.newsblur.network.APIManager.post_single(APIManager.java:702)
08-04 01:15:00.015 29472 30409 E baseline.com.newsblur.network.APIResponse: 	at baseline.com.newsblur.network.APIManager.post(APIManager.java:675)
08-04 01:15:00.015 29472 30409 E baseline.com.newsblur.network.APIResponse: 	at baseline.com.newsblur.network.APIManager.post(APIManager.java:714)
08-04 01:15:00.015 29472 30409 E baseline.com.newsblur.network.APIResponse: 	at baseline.com.newsblur.network.APIManager.markStoryAsRead(APIManager.java:205)
08-04 01:15:00.015 29472 30409 E baseline.com.newsblur.network.APIResponse: 	at baseline.com.newsblur.util.ReadingAction.doRemote(ReadingAction.java:281)
08-04 01:15:00.015 29472 30409 E baseline.com.newsblur.network.APIResponse: 	at baseline.com.newsblur.service.NBSyncService.syncActions(NBSyncService.java:400)
08-04 01:15:00.015 29472 30409 E baseline.com.newsblur.network.APIResponse: 	at baseline.com.newsblur.service.NBSyncService.doSync(NBSyncService.java:298)
08-04 01:15:00.015 29472 30409 E baseline.com.newsblur.network.APIResponse: 	at baseline.com.newsblur.service.NBSyncService.access$100(NBSyncService.java:67)
08-04 01:15:00.015 29472 30409 E baseline.com.newsblur.network.APIResponse: 	at baseline.com.newsblur.service.NBSyncService$1.run(NBSyncService.java:188)
08-04 01:15:00.015 29472 30409 E baseline.com.newsblur.network.APIResponse: 	at java.util.concurrent.ThreadPoolExecutor.runWorker(ThreadPoolExecutor.java:1113)
08-04 01:15:00.015 29472 30409 E baseline.com.newsblur.network.APIResponse: 	at java.util.concurrent.ThreadPoolExecutor$Worker.run(ThreadPoolExecutor.java:588)
08-04 01:15:00.015 29472 30409 E baseline.com.newsblur.network.APIResponse: 	at java.lang.Thread.run(Thread.java:818)
08-04 01:15:00.015 29472 30409 E baseline.com.newsblur.network.APIResponse: Caused by: java.io.EOFException: \n not found: limit=0 content=
08-04 01:15:00.015 29472 30409 E baseline.com.newsblur.network.APIResponse: 	at okio.RealBufferedSource.readUtf8LineStrict(RealBufferedSource.java:240)
08-04 01:15:00.015 29472 30409 E baseline.com.newsblur.network.APIResponse: 	at okhttp3.internal.http1.Http1ExchangeCodec.readHeaderLine(Http1ExchangeCodec.java:242)
08-04 01:15:00.015 29472 30409 E baseline.com.newsblur.network.APIResponse: 	at okhttp3.internal.http1.Http1ExchangeCodec.readResponseHeaders(Http1ExchangeCodec.java:213)
08-04 01:15:00.015 29472 30409 E baseline.com.newsblur.network.APIResponse: 	... 30 more
08-04 01:15:00.017 29472 30409 I baseline.com.newsblur.network.APIManager: API call failed, pausing before retry number 2
08-04 01:15:00.241 29472 29484 I art     : Starting a blocking GC Explicit
08-04 01:15:00.275 29472 29484 I art     : Explicit concurrent mark sweep GC freed 3948(357KB) AllocSpace objects, 3(60KB) LOS objects, 29% free, 37MB/53MB, paused 1.109ms total 33.963ms
08-04 01:15:00.285 29472 29484 I art     : Starting a blocking GC Explicit
08-04 01:15:00.318 29472 29484 I art     : Explicit concurrent mark sweep GC freed 109(3KB) AllocSpace objects, 0(0B) LOS objects, 29% free, 37MB/53MB, paused 870us total 32.394ms
08-04 01:15:00.328 29472 29484 I art     : Starting a blocking GC Explicit
08-04 01:15:00.357 29472 29484 I art     : Explicit concurrent mark sweep GC freed 3(96B) AllocSpace objects, 0(0B) LOS objects, 29% free, 37MB/53MB, paused 942us total 28.755ms
08-04 01:15:00.367 29472 29484 I art     : Starting a blocking GC Explicit
08-04 01:15:00.399 29472 29484 I art     : Explicit concurrent mark sweep GC freed 3(96B) AllocSpace objects, 0(0B) LOS objects, 29% free, 37MB/53MB, paused 899us total 31.890ms
08-04 01:15:00.409 29472 29484 I art     : Starting a blocking GC Explicit
08-04 01:15:00.428   518   646 I ThermalEngine: ACTION: GPU - Setting GPU[0] to 450000000
08-04 01:15:00.445 29472 29484 I art     : Explicit concurrent mark sweep GC freed 3(96B) AllocSpace objects, 0(0B) LOS objects, 29% free, 37MB/53MB, paused 1.254ms total 35.188ms
08-04 01:15:00.821 29472 29483 I art     : Starting a blocking GC Explicit
08-04 01:15:00.866 29472 29483 I art     : Explicit concurrent mark sweep GC freed 1440(83KB) AllocSpace objects, 1(20KB) LOS objects, 29% free, 37MB/53MB, paused 1.246ms total 44.773ms
08-04 01:15:00.880 29472 29483 I art     : Starting a blocking GC Explicit
08-04 01:15:00.922 29472 29483 I art     : Explicit concurrent mark sweep GC freed 22(784B) AllocSpace objects, 0(0B) LOS objects, 29% free, 37MB/53MB, paused 1.167ms total 41.218ms
08-04 01:15:00.935 29472 29483 I art     : Starting a blocking GC Explicit
08-04 01:15:00.977 29472 29483 I art     : Explicit concurrent mark sweep GC freed 3(96B) AllocSpace objects, 0(0B) LOS objects, 29% free, 37MB/53MB, paused 1.603ms total 41.639ms
08-04 01:15:00.990 29472 29483 I art     : Starting a blocking GC Explicit
08-04 01:15:01.031 29472 29483 I art     : Explicit concurrent mark sweep GC freed 3(96B) AllocSpace objects, 0(0B) LOS objects, 29% free, 37MB/53MB, paused 1.164ms total 40.971ms
08-04 01:15:01.044 29472 29483 I art     : Starting a blocking GC Explicit
08-04 01:15:01.086 29472 29483 I art     : Explicit concurrent mark sweep GC freed 3(96B) AllocSpace objects, 0(0B) LOS objects, 29% free, 37MB/53MB, paused 1.177ms total 41.932ms
08-04 01:15:01.388 18794 18966 E GoogleConversionReporter: Error sending ping
08-04 01:15:01.388 18794 18966 E GoogleConversionReporter: bljc: Exception in CronetUrlRequest: net::ERR_CONNECTION_CLOSED, ErrorCode=5, InternalErrorCode=-100, Retryable=true
08-04 01:15:01.388 18794 18966 E GoogleConversionReporter: 	at org.chromium.net.impl.CronetUrlRequest.onError(PG:55)
08-04 01:15:01.446 29472 29731 I art     : Starting a blocking GC Explicit
08-04 01:15:01.487 29472 29731 I art     : Explicit concurrent mark sweep GC freed 1439(82KB) AllocSpace objects, 1(20KB) LOS objects, 29% free, 37MB/53MB, paused 1.275ms total 40.755ms
08-04 01:15:01.501 29472 29731 I art     : Starting a blocking GC Explicit
08-04 01:15:01.541 29472 29731 I art     : Explicit concurrent mark sweep GC freed 42(1536B) AllocSpace objects, 0(0B) LOS objects, 29% free, 37MB/53MB, paused 1.259ms total 39.885ms
08-04 01:15:01.554 29472 29731 I art     : Starting a blocking GC Explicit
08-04 01:15:01.595 29472 29731 I art     : Explicit concurrent mark sweep GC freed 3(96B) AllocSpace objects, 0(0B) LOS objects, 29% free, 37MB/53MB, paused 1.371ms total 40.288ms
08-04 01:15:01.607 29472 29731 I art     : Starting a blocking GC Explicit
08-04 01:15:01.648 29472 29731 I art     : Explicit concurrent mark sweep GC freed 3(96B) AllocSpace objects, 0(0B) LOS objects, 29% free, 37MB/53MB, paused 1.328ms total 40.350ms
08-04 01:15:01.660 29472 29731 I art     : Starting a blocking GC Explicit
08-04 01:15:01.702 29472 29731 I art     : Explicit concurrent mark sweep GC freed 3(96B) AllocSpace objects, 0(0B) LOS objects, 29% free, 37MB/53MB, paused 1.306ms total 41.354ms
08-04 01:15:01.793 30486 30486 D AndroidRuntime: >>>>>> START com.android.internal.os.RuntimeInit uid 2000 <<<<<<
08-04 01:15:01.799 30486 30486 D AndroidRuntime: CheckJNI is OFF
08-04 01:15:01.841 30486 30486 D ICU     : No timezone override file found: /data/misc/zoneinfo/current/icu/icu_tzdata.dat
08-04 01:15:01.884 30486 30486 I Radio-JNI: register_android_hardware_Radio DONE
08-04 01:15:01.911 30486 30486 D AndroidRuntime: Calling main entry com.android.commands.input.Input
08-04 01:15:01.913 30486 30486 I Input   : injectKeyEvent: KeyEvent { action=ACTION_DOWN, keyCode=KEYCODE_BACK, scanCode=0, metaState=0, flags=0x0, repeatCount=0, eventTime=666918326, downTime=666918326, deviceId=-1, source=0x101 }
08-04 01:15:01.919 30486 30486 I Input   : injectKeyEvent: KeyEvent { action=ACTION_UP, keyCode=KEYCODE_BACK, scanCode=0, metaState=0, flags=0x0, repeatCount=0, eventTime=666918326, downTime=666918326, deviceId=-1, source=0x101 }
08-04 01:15:01.926 30486 30486 D AndroidRuntime: Shutting down VM
08-04 01:15:02.051 29472 29483 I art     : Starting a blocking GC Explicit
08-04 01:15:02.085 13866 13866 I GoogleInputMethodServic: GoogleInputMethodService.onFinishInput():3138 
08-04 01:15:02.086 13866 13866 I GoogleInputMethodServic: GoogleInputMethodService.onStartInput():1808 
08-04 01:15:02.095 29472 29483 I art     : Explicit concurrent mark sweep GC freed 2805(223KB) AllocSpace objects, 5(100KB) LOS objects, 29% free, 37MB/53MB, paused 1.841ms total 43.756ms
08-04 01:15:02.110 29472 29483 I art     : Starting a blocking GC Explicit
08-04 01:15:02.149 29472 29483 I art     : Explicit concurrent mark sweep GC freed 407(23KB) AllocSpace objects, 1(20KB) LOS objects, 29% free, 37MB/53MB, paused 1.551ms total 38.491ms
08-04 01:15:02.162 29472 29483 I art     : Starting a blocking GC Explicit
08-04 01:15:02.200 29472 29483 I art     : Explicit concurrent mark sweep GC freed 451(37KB) AllocSpace objects, 0(0B) LOS objects, 29% free, 37MB/53MB, paused 1.226ms total 37.333ms
08-04 01:15:02.211 29472 29483 I art     : Starting a blocking GC Explicit
08-04 01:15:02.247 29472 29483 I art     : Explicit concurrent mark sweep GC freed 5(240B) AllocSpace objects, 1(28KB) LOS objects, 29% free, 37MB/53MB, paused 1.253ms total 35.669ms
08-04 01:15:02.259 29472 29483 I art     : Starting a blocking GC Explicit
08-04 01:15:02.299 29472 29483 I art     : Explicit concurrent mark sweep GC freed 3(96B) AllocSpace objects, 0(0B) LOS objects, 29% free, 37MB/53MB, paused 1.145ms total 39.827ms
08-04 01:15:02.648 29472 29745 I art     : Starting a blocking GC Explicit
08-04 01:15:02.691 29472 29745 I art     : Explicit concurrent mark sweep GC freed 3142(163KB) AllocSpace objects, 1(20KB) LOS objects, 29% free, 37MB/53MB, paused 1.403ms total 43.169ms
08-04 01:15:02.704 29472 29745 I art     : Starting a blocking GC Explicit
08-04 01:15:02.747 29472 29745 I art     : Explicit concurrent mark sweep GC freed 155(7KB) AllocSpace objects, 0(0B) LOS objects, 29% free, 37MB/53MB, paused 1.353ms total 43.207ms
08-04 01:15:02.761 29472 29745 I art     : Starting a blocking GC Explicit
08-04 01:15:02.805 29472 29745 I art     : Explicit concurrent mark sweep GC freed 11(352B) AllocSpace objects, 0(0B) LOS objects, 29% free, 37MB/53MB, paused 1.273ms total 43.612ms
08-04 01:15:02.819 29472 29745 I art     : Starting a blocking GC Explicit
08-04 01:15:02.862 29472 29745 I art     : Explicit concurrent mark sweep GC freed 9(288B) AllocSpace objects, 0(0B) LOS objects, 29% free, 37MB/53MB, paused 1.370ms total 42.503ms
08-04 01:15:02.875 29472 29745 I art     : Starting a blocking GC Explicit
08-04 01:15:02.918 29472 29745 I art     : Explicit concurrent mark sweep GC freed 10(320B) AllocSpace objects, 0(0B) LOS objects, 29% free, 37MB/53MB, paused 1.453ms total 43.416ms
08-04 01:15:03.285 29472 29731 I art     : Starting a blocking GC Explicit
08-04 01:15:03.327 29472 29731 I art     : Explicit concurrent mark sweep GC freed 1652(93KB) AllocSpace objects, 1(20KB) LOS objects, 29% free, 37MB/53MB, paused 1.227ms total 41.238ms
08-04 01:15:03.339 29472 29731 I art     : Starting a blocking GC Explicit
08-04 01:15:03.375 29472 29731 I art     : Explicit concurrent mark sweep GC freed 34(1232B) AllocSpace objects, 0(0B) LOS objects, 29% free, 37MB/53MB, paused 1.206ms total 36.198ms
08-04 01:15:03.387 29472 29731 I art     : Starting a blocking GC Explicit
08-04 01:15:03.423 29472 29731 I art     : Explicit concurrent mark sweep GC freed 9(288B) AllocSpace objects, 0(0B) LOS objects, 29% free, 37MB/53MB, paused 1.322ms total 36.369ms
08-04 01:15:03.435 29472 29731 I art     : Starting a blocking GC Explicit
08-04 01:15:03.472 29472 29731 I art     : Explicit concurrent mark sweep GC freed 9(288B) AllocSpace objects, 0(0B) LOS objects, 29% free, 37MB/53MB, paused 1.315ms total 36.610ms
08-04 01:15:03.483 29472 29731 I art     : Starting a blocking GC Explicit
08-04 01:15:03.523 29472 29731 I art     : Explicit concurrent mark sweep GC freed 10(320B) AllocSpace objects, 0(0B) LOS objects, 29% free, 37MB/53MB, paused 1.521ms total 39.408ms
08-04 01:15:03.587 29472 30409 E baseline.com.newsblur.network.APIResponse: Error (unexpected end of stream on https://www.newsblur.com/...) calling https://www.newsblur.com/reader/mark_story_hashes_as_read/
08-04 01:15:03.587 29472 30409 E baseline.com.newsblur.network.APIResponse: java.io.IOException: unexpected end of stream on https://www.newsblur.com/...
08-04 01:15:03.587 29472 30409 E baseline.com.newsblur.network.APIResponse: 	at okhttp3.internal.http1.Http1ExchangeCodec.readResponseHeaders(Http1ExchangeCodec.java:236)
08-04 01:15:03.587 29472 30409 E baseline.com.newsblur.network.APIResponse: 	at okhttp3.internal.connection.Exchange.readResponseHeaders(Exchange.java:115)
08-04 01:15:03.587 29472 30409 E baseline.com.newsblur.network.APIResponse: 	at okhttp3.internal.http.CallServerInterceptor.intercept(CallServerInterceptor.java:94)
08-04 01:15:03.587 29472 30409 E baseline.com.newsblur.network.APIResponse: 	at okhttp3.internal.http.RealInterceptorChain.proceed(RealInterceptorChain.java:142)
08-04 01:15:03.587 29472 30409 E baseline.com.newsblur.network.APIResponse: 	at okhttp3.internal.connection.ConnectInterceptor.intercept(ConnectInterceptor.java:43)
08-04 01:15:03.587 29472 30409 E baseline.com.newsblur.network.APIResponse: 	at okhttp3.internal.http.RealInterceptorChain.proceed(RealInterceptorChain.java:142)
08-04 01:15:03.587 29472 30409 E baseline.com.newsblur.network.APIResponse: 	at okhttp3.internal.http.RealInterceptorChain.proceed(RealInterceptorChain.java:117)
08-04 01:15:03.587 29472 30409 E baseline.com.newsblur.network.APIResponse: 	at okhttp3.internal.cache.CacheInterceptor.intercept(CacheInterceptor.java:94)
08-04 01:15:03.587 29472 30409 E baseline.com.newsblur.network.APIResponse: 	at okhttp3.internal.http.RealInterceptorChain.proceed(RealInterceptorChain.java:142)
08-04 01:15:03.587 29472 30409 E baseline.com.newsblur.network.APIResponse: 	at okhttp3.internal.http.RealInterceptorChain.proceed(RealInterceptorChain.java:117)
08-04 01:15:03.587 29472 30409 E baseline.com.newsblur.network.APIResponse: 	at okhttp3.internal.http.BridgeInterceptor.intercept(BridgeInterceptor.java:93)
08-04 01:15:03.587 29472 30409 E baseline.com.newsblur.network.APIResponse: 	at okhttp3.internal.http.RealInterceptorChain.proceed(RealInterceptorChain.java:142)
08-04 01:15:03.587 29472 30409 E baseline.com.newsblur.network.APIResponse: 	at okhttp3.internal.http.RetryAndFollowUpInterceptor.intercept(RetryAndFollowUpInterceptor.java:88)
08-04 01:15:03.587 29472 30409 E baseline.com.newsblur.network.APIResponse: 	at okhttp3.internal.http.RealInterceptorChain.proceed(RealInterceptorChain.java:142)
08-04 01:15:03.587 29472 30409 E baseline.com.newsblur.network.APIResponse: 	at okhttp3.internal.http.RealInterceptorChain.proceed(RealInterceptorChain.java:117)
08-04 01:15:03.587 29472 30409 E baseline.com.newsblur.network.APIResponse: 	at okhttp3.RealCall.getResponseWithInterceptorChain(RealCall.java:229)
08-04 01:15:03.587 29472 30409 E baseline.com.newsblur.network.APIResponse: 	at okhttp3.RealCall.execute(RealCall.java:81)
08-04 01:15:03.587 29472 30409 E baseline.com.newsblur.network.APIResponse: 	at baseline.com.newsblur.network.APIResponse.<init>(APIResponse.java:57)
08-04 01:15:03.587 29472 30409 E baseline.com.newsblur.network.APIResponse: 	at baseline.com.newsblur.network.APIResponse.<init>(APIResponse.java:43)
08-04 01:15:03.587 29472 30409 E baseline.com.newsblur.network.APIResponse: 	at baseline.com.newsblur.network.APIManager.post_single(APIManager.java:702)
08-04 01:15:03.587 29472 30409 E baseline.com.newsblur.network.APIResponse: 	at baseline.com.newsblur.network.APIManager.post(APIManager.java:675)
08-04 01:15:03.587 29472 30409 E baseline.com.newsblur.network.APIResponse: 	at baseline.com.newsblur.network.APIManager.post(APIManager.java:714)
08-04 01:15:03.587 29472 30409 E baseline.com.newsblur.network.APIResponse: 	at baseline.com.newsblur.network.APIManager.markStoryAsRead(APIManager.java:205)
08-04 01:15:03.587 29472 30409 E baseline.com.newsblur.network.APIResponse: 	at baseline.com.newsblur.util.ReadingAction.doRemote(ReadingAction.java:281)
08-04 01:15:03.587 29472 30409 E baseline.com.newsblur.network.APIResponse: 	at baseline.com.newsblur.service.NBSyncService.syncActions(NBSyncService.java:400)
08-04 01:15:03.587 29472 30409 E baseline.com.newsblur.network.APIResponse: 	at baseline.com.newsblur.service.NBSyncService.doSync(NBSyncService.java:298)
08-04 01:15:03.587 29472 30409 E baseline.com.newsblur.network.APIResponse: 	at baseline.com.newsblur.service.NBSyncService.access$100(NBSyncService.java:67)
08-04 01:15:03.587 29472 30409 E baseline.com.newsblur.network.APIResponse: 	at baseline.com.newsblur.service.NBSyncService$1.run(NBSyncService.java:188)
08-04 01:15:03.587 29472 30409 E baseline.com.newsblur.network.APIResponse: 	at java.util.concurrent.ThreadPoolExecutor.runWorker(ThreadPoolExecutor.java:1113)
08-04 01:15:03.587 29472 30409 E baseline.com.newsblur.network.APIResponse: 	at java.util.concurrent.ThreadPoolExecutor$Worker.run(ThreadPoolExecutor.java:588)
08-04 01:15:03.587 29472 30409 E baseline.com.newsblur.network.APIResponse: 	at java.lang.Thread.run(Thread.java:818)
08-04 01:15:03.587 29472 30409 E baseline.com.newsblur.network.APIResponse: Caused by: java.io.EOFException: \n not found: limit=0 content=
08-04 01:15:03.587 29472 30409 E baseline.com.newsblur.network.APIResponse: 	at okio.RealBufferedSource.readUtf8LineStrict(RealBufferedSource.java:240)
08-04 01:15:03.587 29472 30409 E baseline.com.newsblur.network.APIResponse: 	at okhttp3.internal.http1.Http1ExchangeCodec.readHeaderLine(Http1ExchangeCodec.java:242)
08-04 01:15:03.587 29472 30409 E baseline.com.newsblur.network.APIResponse: 	at okhttp3.internal.http1.Http1ExchangeCodec.readResponseHeaders(Http1ExchangeCodec.java:213)
08-04 01:15:03.587 29472 30409 E baseline.com.newsblur.network.APIResponse: 	... 30 more
08-04 01:15:03.590 29472 30409 I baseline.com.newsblur.service.NBSyncService: Holding reading action with server-side or network error.
08-04 01:15:03.611 29472 30409 W baseline.com.newsblur.service.NBSyncService: hard API failure
08-04 01:15:03.701 30539 30539 D AndroidRuntime: >>>>>> START com.android.internal.os.RuntimeInit uid 2000 <<<<<<
08-04 01:15:03.708 30539 30539 D AndroidRuntime: CheckJNI is OFF
08-04 01:15:03.749 30539 30539 D ICU     : No timezone override file found: /data/misc/zoneinfo/current/icu/icu_tzdata.dat
08-04 01:15:03.791 30539 30539 I Radio-JNI: register_android_hardware_Radio DONE
08-04 01:15:03.819 30539 30539 D AndroidRuntime: Calling main entry com.android.commands.input.Input
08-04 01:15:03.821 30539 30539 I Input   : injectKeyEvent: KeyEvent { action=ACTION_DOWN, keyCode=KEYCODE_BACK, scanCode=0, metaState=0, flags=0x0, repeatCount=0, eventTime=666920234, downTime=666920234, deviceId=-1, source=0x101 }
08-04 01:15:03.826 30539 30539 I Input   : injectKeyEvent: KeyEvent { action=ACTION_UP, keyCode=KEYCODE_BACK, scanCode=0, metaState=0, flags=0x0, repeatCount=0, eventTime=666920234, downTime=666920234, deviceId=-1, source=0x101 }
08-04 01:15:03.831 30539 30539 D AndroidRuntime: Shutting down VM
08-04 01:15:03.879 29472 29484 I art     : Starting a blocking GC Explicit
08-04 01:15:03.923 29472 29484 I art     : Explicit concurrent mark sweep GC freed 4702(473KB) AllocSpace objects, 9(180KB) LOS objects, 29% free, 37MB/53MB, paused 1.456ms total 43.299ms
08-04 01:15:03.936 29472 29484 I art     : Starting a blocking GC Explicit
08-04 01:15:03.979 29472 29484 I art     : Explicit concurrent mark sweep GC freed 2194(150KB) AllocSpace objects, 4(80KB) LOS objects, 29% free, 37MB/53MB, paused 1.982ms total 42.637ms
08-04 01:15:03.991 29472 29484 I art     : Starting a blocking GC Explicit
08-04 01:15:04.011 13866 13866 I GoogleInputMethodServic: GoogleInputMethodService.onFinishInput():3138 
08-04 01:15:04.012 13866 13866 I GoogleInputMethodServic: GoogleInputMethodService.onStartInput():1808 
08-04 01:15:04.032 29472 29484 I art     : Explicit concurrent mark sweep GC freed 5771(364KB) AllocSpace objects, 4(80KB) LOS objects, 29% free, 37MB/53MB, paused 1.457ms total 40.659ms
08-04 01:15:04.051 29472 29484 I art     : Starting a blocking GC Explicit
08-04 01:15:04.092 29472 29484 I art     : Explicit concurrent mark sweep GC freed 1813(70KB) AllocSpace objects, 0(0B) LOS objects, 29% free, 37MB/53MB, paused 1.325ms total 40.562ms
08-04 01:15:04.101 29472 30409 E baseline.com.newsblur.network.APIResponse: Error (unexpected end of stream on https://www.newsblur.com/...) calling https://www.newsblur.com/reader/mark_story_hashes_as_read/
08-04 01:15:04.101 29472 30409 E baseline.com.newsblur.network.APIResponse: java.io.IOException: unexpected end of stream on https://www.newsblur.com/...
08-04 01:15:04.101 29472 30409 E baseline.com.newsblur.network.APIResponse: 	at okhttp3.internal.http1.Http1ExchangeCodec.readResponseHeaders(Http1ExchangeCodec.java:236)
08-04 01:15:04.101 29472 30409 E baseline.com.newsblur.network.APIResponse: 	at okhttp3.internal.connection.Exchange.readResponseHeaders(Exchange.java:115)
08-04 01:15:04.101 29472 30409 E baseline.com.newsblur.network.APIResponse: 	at okhttp3.internal.http.CallServerInterceptor.intercept(CallServerInterceptor.java:94)
08-04 01:15:04.101 29472 30409 E baseline.com.newsblur.network.APIResponse: 	at okhttp3.internal.http.RealInterceptorChain.proceed(RealInterceptorChain.java:142)
08-04 01:15:04.101 29472 30409 E baseline.com.newsblur.network.APIResponse: 	at okhttp3.internal.connection.ConnectInterceptor.intercept(ConnectInterceptor.java:43)
08-04 01:15:04.101 29472 30409 E baseline.com.newsblur.network.APIResponse: 	at okhttp3.internal.http.RealInterceptorChain.proceed(RealInterceptorChain.java:142)
08-04 01:15:04.101 29472 30409 E baseline.com.newsblur.network.APIResponse: 	at okhttp3.internal.http.RealInterceptorChain.proceed(RealInterceptorChain.java:117)
08-04 01:15:04.101 29472 30409 E baseline.com.newsblur.network.APIResponse: 	at okhttp3.internal.cache.CacheInterceptor.intercept(CacheInterceptor.java:94)
08-04 01:15:04.101 29472 30409 E baseline.com.newsblur.network.APIResponse: 	at okhttp3.internal.http.RealInterceptorChain.proceed(RealInterceptorChain.java:142)
08-04 01:15:04.101 29472 30409 E baseline.com.newsblur.network.APIResponse: 	at okhttp3.internal.http.RealInterceptorChain.proceed(RealInterceptorChain.java:117)
08-04 01:15:04.101 29472 30409 E baseline.com.newsblur.network.APIResponse: 	at okhttp3.internal.http.BridgeInterceptor.intercept(BridgeInterceptor.java:93)
08-04 01:15:04.101 29472 30409 E baseline.com.newsblur.network.APIResponse: 	at okhttp3.internal.http.RealInterceptorChain.proceed(RealInterceptorChain.java:142)
08-04 01:15:04.101 29472 30409 E baseline.com.newsblur.network.APIResponse: 	at okhttp3.internal.http.RetryAndFollowUpInterceptor.intercept(RetryAndFollowUpInterceptor.java:88)
08-04 01:15:04.101 29472 30409 E baseline.com.newsblur.network.APIResponse: 	at okhttp3.internal.http.RealInterceptorChain.proceed(RealInterceptorChain.java:142)
08-04 01:15:04.101 29472 30409 E baseline.com.newsblur.network.APIResponse: 	at okhttp3.internal.http.RealInterceptorChain.proceed(RealInterceptorChain.java:117)
08-04 01:15:04.101 29472 30409 E baseline.com.newsblur.network.APIResponse: 	at okhttp3.RealCall.getResponseWithInterceptorChain(RealCall.java:229)
08-04 01:15:04.101 29472 30409 E baseline.com.newsblur.network.APIResponse: 	at okhttp3.RealCall.execute(RealCall.java:81)
08-04 01:15:04.101 29472 30409 E baseline.com.newsblur.network.APIResponse: 	at baseline.com.newsblur.network.APIResponse.<init>(APIResponse.java:57)
08-04 01:15:04.101 29472 30409 E baseline.com.newsblur.network.APIResponse: 	at baseline.com.newsblur.network.APIResponse.<init>(APIResponse.java:43)
08-04 01:15:04.101 29472 30409 E baseline.com.newsblur.network.APIResponse: 	at baseline.com.newsblur.network.APIManager.post_single(APIManager.java:702)
08-04 01:15:04.101 29472 30409 E baseline.com.newsblur.network.APIResponse: 	at baseline.com.newsblur.network.APIManager.post(APIManager.java:675)
08-04 01:15:04.101 29472 30409 E baseline.com.newsblur.network.APIResponse: 	at baseline.com.newsblur.network.APIManager.post(APIManager.java:714)
08-04 01:15:04.101 29472 30409 E baseline.com.newsblur.network.APIResponse: 	at baseline.com.newsblur.network.APIManager.markStoryAsRead(APIManager.java:205)
08-04 01:15:04.101 29472 30409 E baseline.com.newsblur.network.APIResponse: 	at baseline.com.newsblur.util.ReadingAction.doRemote(ReadingAction.java:281)
08-04 01:15:04.101 29472 30409 E baseline.com.newsblur.network.APIResponse: 	at baseline.com.newsblur.service.NBSyncService.syncActions(NBSyncService.java:400)
08-04 01:15:04.101 29472 30409 E baseline.com.newsblur.network.APIResponse: 	at baseline.com.newsblur.service.NBSyncService.doSync(NBSyncService.java:298)
08-04 01:15:04.101 29472 30409 E baseline.com.newsblur.network.APIResponse: 	at baseline.com.newsblur.service.NBSyncService.access$100(NBSyncService.java:67)
08-04 01:15:04.101 29472 30409 E baseline.com.newsblur.network.APIResponse: 	at baseline.com.newsblur.service.NBSyncService$1.run(NBSyncService.java:188)
08-04 01:15:04.101 29472 30409 E baseline.com.newsblur.network.APIResponse: 	at java.util.concurrent.ThreadPoolExecutor.runWorker(ThreadPoolExecutor.java:1113)
08-04 01:15:04.101 29472 30409 E baseline.com.newsblur.network.APIResponse: 	at java.util.concurrent.ThreadPoolExecutor$Worker.run(ThreadPoolExecutor.java:588)
08-04 01:15:04.101 29472 30409 E baseline.com.newsblur.network.APIResponse: 	at java.lang.Thread.run(Thread.java:818)
08-04 01:15:04.101 29472 30409 E baseline.com.newsblur.network.APIResponse: Caused by: java.io.EOFException: \n not found: limit=0 content=
08-04 01:15:04.101 29472 30409 E baseline.com.newsblur.network.APIResponse: 	at okio.RealBufferedSource.readUtf8LineStrict(RealBufferedSource.java:240)
08-04 01:15:04.101 29472 30409 E baseline.com.newsblur.network.APIResponse: 	at okhttp3.internal.http1.Http1ExchangeCodec.readHeaderLine(Http1ExchangeCodec.java:242)
08-04 01:15:04.101 29472 30409 E baseline.com.newsblur.network.APIResponse: 	at okhttp3.internal.http1.Http1ExchangeCodec.readResponseHeaders(Http1ExchangeCodec.java:213)
08-04 01:15:04.101 29472 30409 E baseline.com.newsblur.network.APIResponse: 	... 30 more
08-04 01:15:04.102 29472 30409 I baseline.com.newsblur.network.APIManager: API call failed, pausing before retry number 1
08-04 01:15:04.104 29472 29484 I art     : Starting a blocking GC Explicit
08-04 01:15:04.141 29472 29484 I art     : Explicit concurrent mark sweep GC freed 974(214KB) AllocSpace objects, 2(40KB) LOS objects, 29% free, 37MB/53MB, paused 1.168ms total 36.266ms
08-04 01:15:04.499 29472 29484 I art     : Starting a blocking GC Explicit
08-04 01:15:04.545 29472 29484 I art     : Explicit concurrent mark sweep GC freed 1952(105KB) AllocSpace objects, 1(20KB) LOS objects, 29% free, 37MB/53MB, paused 1.439ms total 45.694ms
08-04 01:15:04.558 29472 29484 I art     : Starting a blocking GC Explicit
08-04 01:15:04.600 29472 29484 I art     : Explicit concurrent mark sweep GC freed 165(7KB) AllocSpace objects, 0(0B) LOS objects, 29% free, 37MB/53MB, paused 1.314ms total 42.137ms
08-04 01:15:04.613 29472 29484 I art     : Starting a blocking GC Explicit
08-04 01:15:04.655 29472 29484 I art     : Explicit concurrent mark sweep GC freed 11(352B) AllocSpace objects, 0(0B) LOS objects, 29% free, 37MB/53MB, paused 1.205ms total 41.244ms
08-04 01:15:04.669 29472 29484 I art     : Starting a blocking GC Explicit
08-04 01:15:04.711 29472 29484 I art     : Explicit concurrent mark sweep GC freed 10(320B) AllocSpace objects, 0(0B) LOS objects, 29% free, 37MB/53MB, paused 1.441ms total 42.074ms
08-04 01:15:04.723 29472 29484 I art     : Starting a blocking GC Explicit
08-04 01:15:04.765 29472 29484 I art     : Explicit concurrent mark sweep GC freed 8(256B) AllocSpace objects, 0(0B) LOS objects, 29% free, 37MB/53MB, paused 1.317ms total 41.677ms
08-04 01:15:05.123 29472 29484 I art     : Starting a blocking GC Explicit
08-04 01:15:05.179 29472 29484 I art     : Explicit concurrent mark sweep GC freed 1485(84KB) AllocSpace objects, 1(20KB) LOS objects, 29% free, 37MB/53MB, paused 2.258ms total 55.642ms
08-04 01:15:05.192 29472 29484 I art     : Starting a blocking GC Explicit
08-04 01:15:05.233 29472 29484 I art     : Explicit concurrent mark sweep GC freed 28(976B) AllocSpace objects, 0(0B) LOS objects, 29% free, 37MB/53MB, paused 1.311ms total 41.082ms
08-04 01:15:05.245 29472 29484 I art     : Starting a blocking GC Explicit
08-04 01:15:05.286 29472 29484 I art     : Explicit concurrent mark sweep GC freed 9(288B) AllocSpace objects, 0(0B) LOS objects, 29% free, 37MB/53MB, paused 1.253ms total 39.999ms
08-04 01:15:05.299 29472 29484 I art     : Starting a blocking GC Explicit
08-04 01:15:05.340 29472 29484 I art     : Explicit concurrent mark sweep GC freed 11(352B) AllocSpace objects, 0(0B) LOS objects, 29% free, 37MB/53MB, paused 1.275ms total 40.791ms
08-04 01:15:05.354 29472 29484 I art     : Starting a blocking GC Explicit
08-04 01:15:05.396 29472 29484 I art     : Explicit concurrent mark sweep GC freed 9(288B) AllocSpace objects, 0(0B) LOS objects, 29% free, 37MB/53MB, paused 1.446ms total 41.581ms
08-04 01:15:05.599 30582 30582 D AndroidRuntime: >>>>>> START com.android.internal.os.RuntimeInit uid 2000 <<<<<<
08-04 01:15:05.605 30582 30582 D AndroidRuntime: CheckJNI is OFF
08-04 01:15:05.644 30582 30582 D ICU     : No timezone override file found: /data/misc/zoneinfo/current/icu/icu_tzdata.dat
08-04 01:15:05.685 30582 30582 I Radio-JNI: register_android_hardware_Radio DONE
08-04 01:15:05.715 30582 30582 D AndroidRuntime: Calling main entry com.android.commands.input.Input
08-04 01:15:05.717 30582 30582 I Input   : injectMotionEvent: MotionEvent { action=ACTION_DOWN, actionButton=0, id[0]=0, x[0]=594.0, y[0]=330.0, toolType[0]=TOOL_TYPE_UNKNOWN, buttonState=0, metaState=0, flags=0x0, edgeFlags=0x0, pointerCount=1, historySize=0, eventTime=666922129, downTime=666922129, deviceId=0, source=0x1002 }
08-04 01:15:05.721 30582 30582 I Input   : injectMotionEvent: MotionEvent { action=ACTION_UP, actionButton=0, id[0]=0, x[0]=594.0, y[0]=330.0, toolType[0]=TOOL_TYPE_UNKNOWN, buttonState=0, metaState=0, flags=0x0, edgeFlags=0x0, pointerCount=1, historySize=0, eventTime=666922129, downTime=666922129, deviceId=0, source=0x1002 }
08-04 01:15:05.724 30582 30582 D AndroidRuntime: Shutting down VM
08-04 01:15:05.744 29472 29484 I art     : Starting a blocking GC Explicit
08-04 01:15:05.786 29472 29484 I art     : Explicit concurrent mark sweep GC freed 1644(93KB) AllocSpace objects, 1(20KB) LOS objects, 29% free, 37MB/53MB, paused 1.347ms total 42.006ms
08-04 01:15:05.791   918  3961 I ActivityManager: START u0 {cmp=baseline.com.newsblur/.activity.GlobalSharedStoriesItemsList (has extras)} from uid 10652 on display 0
08-04 01:15:05.799 29472 29484 I art     : Starting a blocking GC Explicit
08-04 01:15:05.818 29472 29730 I baseline.com.newsblur.database.BlurDatabaseHelper: reading session reset
08-04 01:15:05.840 29472 29484 I art     : Explicit concurrent mark sweep GC freed 1073(128KB) AllocSpace objects, 5(192KB) LOS objects, 29% free, 37MB/53MB, paused 1.766ms total 41.111ms
08-04 01:15:05.852 29472 29484 I art     : Starting a blocking GC Explicit
08-04 01:15:05.892 29472 29484 I art     : Explicit concurrent mark sweep GC freed 938(51KB) AllocSpace objects, 0(0B) LOS objects, 29% free, 37MB/53MB, paused 1.382ms total 39.898ms
08-04 01:15:05.904 29472 29484 I art     : Starting a blocking GC Explicit
08-04 01:15:05.946 29472 29484 I art     : Explicit concurrent mark sweep GC freed 61(2992B) AllocSpace objects, 0(0B) LOS objects, 29% free, 37MB/53MB, paused 1.314ms total 41.481ms
08-04 01:15:05.959 29472 29484 I art     : Starting a blocking GC Explicit
08-04 01:15:06.003 29472 29484 I art     : Explicit concurrent mark sweep GC freed 743(51KB) AllocSpace objects, 1(20KB) LOS objects, 29% free, 37MB/53MB, paused 2.077ms total 44.164ms
08-04 01:15:06.014 29472 29472 W View    : requestLayout() improperly called by android.widget.FrameLayout{9538f5b V.E...... ......ID 0,0-1440,18 #7f07003f app:id/footer_view_inner} during layout: running second layout pass
08-04 01:15:06.014 29472 29472 W View    : requestLayout() improperly called by android.widget.FrameLayout{9a3f3f8 V.E...... ......ID 0,0-1440,2091 #7f07003f app:id/footer_view_inner} during layout: running second layout pass
08-04 01:15:06.034   918   936 I ActivityManager: Displayed baseline.com.newsblur/.activity.GlobalSharedStoriesItemsList: +228ms
08-04 01:15:06.034 13866 13866 I GoogleInputMethodServic: GoogleInputMethodService.onFinishInput():3138 
08-04 01:15:06.035 13866 13866 I GoogleInputMethodServic: GoogleInputMethodService.onStartInput():1808 
08-04 01:15:06.041 29472 30409 E baseline.com.newsblur.network.APIResponse: Error (unexpected end of stream on https://www.newsblur.com/...) calling https://www.newsblur.com/reader/mark_story_hashes_as_read/
08-04 01:15:06.041 29472 30409 E baseline.com.newsblur.network.APIResponse: java.io.IOException: unexpected end of stream on https://www.newsblur.com/...
08-04 01:15:06.041 29472 30409 E baseline.com.newsblur.network.APIResponse: 	at okhttp3.internal.http1.Http1ExchangeCodec.readResponseHeaders(Http1ExchangeCodec.java:236)
08-04 01:15:06.041 29472 30409 E baseline.com.newsblur.network.APIResponse: 	at okhttp3.internal.connection.Exchange.readResponseHeaders(Exchange.java:115)
08-04 01:15:06.041 29472 30409 E baseline.com.newsblur.network.APIResponse: 	at okhttp3.internal.http.CallServerInterceptor.intercept(CallServerInterceptor.java:94)
08-04 01:15:06.041 29472 30409 E baseline.com.newsblur.network.APIResponse: 	at okhttp3.internal.http.RealInterceptorChain.proceed(RealInterceptorChain.java:142)
08-04 01:15:06.041 29472 30409 E baseline.com.newsblur.network.APIResponse: 	at okhttp3.internal.connection.ConnectInterceptor.intercept(ConnectInterceptor.java:43)
08-04 01:15:06.041 29472 30409 E baseline.com.newsblur.network.APIResponse: 	at okhttp3.internal.http.RealInterceptorChain.proceed(RealInterceptorChain.java:142)
08-04 01:15:06.041 29472 30409 E baseline.com.newsblur.network.APIResponse: 	at okhttp3.internal.http.RealInterceptorChain.proceed(RealInterceptorChain.java:117)
08-04 01:15:06.041 29472 30409 E baseline.com.newsblur.network.APIResponse: 	at okhttp3.internal.cache.CacheInterceptor.intercept(CacheInterceptor.java:94)
08-04 01:15:06.041 29472 30409 E baseline.com.newsblur.network.APIResponse: 	at okhttp3.internal.http.RealInterceptorChain.proceed(RealInterceptorChain.java:142)
08-04 01:15:06.041 29472 30409 E baseline.com.newsblur.network.APIResponse: 	at okhttp3.internal.http.RealInterceptorChain.proceed(RealInterceptorChain.java:117)
08-04 01:15:06.041 29472 30409 E baseline.com.newsblur.network.APIResponse: 	at okhttp3.internal.http.BridgeInterceptor.intercept(BridgeInterceptor.java:93)
08-04 01:15:06.041 29472 30409 E baseline.com.newsblur.network.APIResponse: 	at okhttp3.internal.http.RealInterceptorChain.proceed(RealInterceptorChain.java:142)
08-04 01:15:06.041 29472 30409 E baseline.com.newsblur.network.APIResponse: 	at okhttp3.internal.http.RetryAndFollowUpInterceptor.intercept(RetryAndFollowUpInterceptor.java:88)
08-04 01:15:06.041 29472 30409 E baseline.com.newsblur.network.APIResponse: 	at okhttp3.internal.http.RealInterceptorChain.proceed(RealInterceptorChain.java:142)
08-04 01:15:06.041 29472 30409 E baseline.com.newsblur.network.APIResponse: 	at okhttp3.internal.http.RealInterceptorChain.proceed(RealInterceptorChain.java:117)
08-04 01:15:06.041 29472 30409 E baseline.com.newsblur.network.APIResponse: 	at okhttp3.RealCall.getResponseWithInterceptorChain(RealCall.java:229)
08-04 01:15:06.041 29472 30409 E baseline.com.newsblur.network.APIResponse: 	at okhttp3.RealCall.execute(RealCall.java:81)
08-04 01:15:06.041 29472 30409 E baseline.com.newsblur.network.APIResponse: 	at baseline.com.newsblur.network.APIResponse.<init>(APIResponse.java:57)
08-04 01:15:06.041 29472 30409 E baseline.com.newsblur.network.APIResponse: 	at baseline.com.newsblur.network.APIResponse.<init>(APIResponse.java:43)
08-04 01:15:06.041 29472 30409 E baseline.com.newsblur.network.APIResponse: 	at baseline.com.newsblur.network.APIManager.post_single(APIManager.java:702)
08-04 01:15:06.041 29472 30409 E baseline.com.newsblur.network.APIResponse: 	at baseline.com.newsblur.network.APIManager.post(APIManager.java:675)
08-04 01:15:06.041 29472 30409 E baseline.com.newsblur.network.APIResponse: 	at baseline.com.newsblur.network.APIManager.post(APIManager.java:714)
08-04 01:15:06.041 29472 30409 E baseline.com.newsblur.network.APIResponse: 	at baseline.com.newsblur.network.APIManager.markStoryAsRead(APIManager.java:205)
08-04 01:15:06.041 29472 30409 E baseline.com.newsblur.network.APIResponse: 	at baseline.com.newsblur.util.ReadingAction.doRemote(ReadingAction.java:281)
08-04 01:15:06.041 29472 30409 E baseline.com.newsblur.network.APIResponse: 	at baseline.com.newsblur.service.NBSyncService.syncActions(NBSyncService.java:400)
08-04 01:15:06.041 29472 30409 E baseline.com.newsblur.network.APIResponse: 	at baseline.com.newsblur.service.NBSyncService.doSync(NBSyncService.java:298)
08-04 01:15:06.041 29472 30409 E baseline.com.newsblur.network.APIResponse: 	at baseline.com.newsblur.service.NBSyncService.access$100(NBSyncService.java:67)
08-04 01:15:06.041 29472 30409 E baseline.com.newsblur.network.APIResponse: 	at baseline.com.newsblur.service.NBSyncService$1.run(NBSyncService.java:188)
08-04 01:15:06.041 29472 30409 E baseline.com.newsblur.network.APIResponse: 	at java.util.concurrent.ThreadPoolExecutor.runWorker(ThreadPoolExecutor.java:1113)
08-04 01:15:06.041 29472 30409 E baseline.com.newsblur.network.APIResponse: 	at java.util.concurrent.ThreadPoolExecutor$Worker.run(ThreadPoolExecutor.java:588)
08-04 01:15:06.041 29472 30409 E baseline.com.newsblur.network.APIResponse: 	at java.lang.Thread.run(Thread.java:818)
08-04 01:15:06.041 29472 30409 E baseline.com.newsblur.network.APIResponse: Caused by: java.io.EOFException: \n not found: limit=0 content=
08-04 01:15:06.041 29472 30409 E baseline.com.newsblur.network.APIResponse: 	at okio.RealBufferedSource.readUtf8LineStrict(RealBufferedSource.java:240)
08-04 01:15:06.041 29472 30409 E baseline.com.newsblur.network.APIResponse: 	at okhttp3.internal.http1.Http1ExchangeCodec.readHeaderLine(Http1ExchangeCodec.java:242)
08-04 01:15:06.041 29472 30409 E baseline.com.newsblur.network.APIResponse: 	at okhttp3.internal.http1.Http1ExchangeCodec.readResponseHeaders(Http1ExchangeCodec.java:213)
08-04 01:15:06.041 29472 30409 E baseline.com.newsblur.network.APIResponse: 	... 30 more
08-04 01:15:06.042 29472 30409 I baseline.com.newsblur.network.APIManager: API call failed, pausing before retry number 2
08-04 01:15:06.121 29472 30606 I NAPPA_EXPERIMENTATION: MetricNetworkRequestExecutionTime: REQUEST_DURATION_SYSTEM='30',REQUEST_DURATION_OKHTTP='29',REQUEST_SYNCHRONOUS='TRUE',RESPONSE_CODE='200',RESPONSE_METHOD='GET',RESPONSE_LENGTH_OKHTTP='43',RESPONSE_LENGTH_HEADER='43',REQUEST_PROTOCOL='http/1.1',REQUEST_URL='http://feeds.feedburner.com/~r/retort/~4/UffaFMiJbNs',
08-04 01:15:06.324 29472 29731 I art     : Starting a blocking GC Explicit
08-04 01:15:06.370 29472 29731 I art     : Explicit concurrent mark sweep GC freed 6026(524KB) AllocSpace objects, 12(240KB) LOS objects, 29% free, 37MB/53MB, paused 1.535ms total 45.215ms
08-04 01:15:06.383 29472 29731 I art     : Starting a blocking GC Explicit
08-04 01:15:06.428 29472 29731 I art     : Explicit concurrent mark sweep GC freed 329(13KB) AllocSpace objects, 0(0B) LOS objects, 29% free, 37MB/53MB, paused 1.329ms total 44.400ms
08-04 01:15:06.442 29472 29731 I art     : Starting a blocking GC Explicit
08-04 01:15:06.484 29472 29731 I art     : Explicit concurrent mark sweep GC freed 147(6KB) AllocSpace objects, 0(0B) LOS objects, 29% free, 37MB/53MB, paused 1.339ms total 41.661ms
08-04 01:15:06.498 29472 29731 I art     : Starting a blocking GC Explicit
08-04 01:15:06.543 29472 29731 I art     : Explicit concurrent mark sweep GC freed 3(96B) AllocSpace objects, 0(0B) LOS objects, 29% free, 37MB/53MB, paused 1.388ms total 44.471ms
08-04 01:15:06.556 29472 29731 I art     : Starting a blocking GC Explicit
08-04 01:15:06.602 29472 29731 I art     : Explicit concurrent mark sweep GC freed 3(96B) AllocSpace objects, 0(0B) LOS objects, 29% free, 37MB/53MB, paused 1.386ms total 46.194ms
08-04 01:15:06.951 29472 29484 I art     : Starting a blocking GC Explicit
08-04 01:15:06.999 29472 29484 I art     : Explicit concurrent mark sweep GC freed 1480(84KB) AllocSpace objects, 1(20KB) LOS objects, 29% free, 37MB/53MB, paused 1.426ms total 47.862ms
08-04 01:15:07.016 29472 29484 I art     : Starting a blocking GC Explicit
08-04 01:15:07.059 29472 29484 I art     : Explicit concurrent mark sweep GC freed 22(784B) AllocSpace objects, 0(0B) LOS objects, 29% free, 37MB/53MB, paused 1.323ms total 42.365ms
08-04 01:15:07.071 29472 29484 I art     : Starting a blocking GC Explicit
08-04 01:15:07.114 29472 29484 I art     : Explicit concurrent mark sweep GC freed 3(96B) AllocSpace objects, 0(0B) LOS objects, 29% free, 37MB/53MB, paused 1.348ms total 42.809ms
08-04 01:15:07.115 29472 29482 I art     : WaitForGcToComplete blocked for 19.105ms for cause HeapTrim
08-04 01:15:07.127 29472 29484 I art     : Starting a blocking GC Explicit
08-04 01:15:07.172 29472 29484 I art     : Explicit concurrent mark sweep GC freed 3(96B) AllocSpace objects, 0(0B) LOS objects, 29% free, 37MB/53MB, paused 1.391ms total 44.296ms
08-04 01:15:07.185 29472 29484 I art     : Starting a blocking GC Explicit
08-04 01:15:07.231 29472 29484 I art     : Explicit concurrent mark sweep GC freed 10(320B) AllocSpace objects, 0(0B) LOS objects, 29% free, 37MB/53MB, paused 1.451ms total 45.930ms
08-04 01:15:07.438   518   646 I ThermalEngine: ACTION: GPU - Setting GPU[0] to 510000000
08-04 01:15:07.586 29472 29731 I art     : Starting a blocking GC Explicit
08-04 01:15:07.625 29472 29731 I art     : Explicit concurrent mark sweep GC freed 1463(83KB) AllocSpace objects, 1(20KB) LOS objects, 29% free, 37MB/53MB, paused 1.092ms total 39.389ms
08-04 01:15:07.636 29472 29731 I art     : Starting a blocking GC Explicit
08-04 01:15:07.673 29472 29731 I art     : Explicit concurrent mark sweep GC freed 22(784B) AllocSpace objects, 0(0B) LOS objects, 29% free, 37MB/53MB, paused 1.065ms total 36.453ms
08-04 01:15:07.683 29472 29731 I art     : Starting a blocking GC Explicit
08-04 01:15:07.720 29472 29731 I art     : Explicit concurrent mark sweep GC freed 3(96B) AllocSpace objects, 0(0B) LOS objects, 29% free, 37MB/53MB, paused 1.086ms total 36.474ms
08-04 01:15:07.730 29472 29731 I art     : Starting a blocking GC Explicit
08-04 01:15:07.767 29472 29731 I art     : Explicit concurrent mark sweep GC freed 3(96B) AllocSpace objects, 0(0B) LOS objects, 29% free, 37MB/53MB, paused 1.076ms total 36.558ms
08-04 01:15:07.778 29472 29731 I art     : Starting a blocking GC Explicit
08-04 01:15:07.814 29472 29731 I art     : Explicit concurrent mark sweep GC freed 3(96B) AllocSpace objects, 0(0B) LOS objects, 29% free, 37MB/53MB, paused 1.054ms total 36.664ms
08-04 01:15:08.176 29472 29484 I art     : Starting a blocking GC Explicit
08-04 01:15:08.215 29472 29484 I art     : Explicit concurrent mark sweep GC freed 1441(83KB) AllocSpace objects, 1(20KB) LOS objects, 29% free, 37MB/53MB, paused 1.247ms total 38.072ms
08-04 01:15:08.225 29472 29484 I art     : Starting a blocking GC Explicit
08-04 01:15:08.260 29472 29484 I art     : Explicit concurrent mark sweep GC freed 22(784B) AllocSpace objects, 0(0B) LOS objects, 29% free, 37MB/53MB, paused 1.007ms total 34.902ms
08-04 01:15:08.270 29472 29484 I art     : Starting a blocking GC Explicit
08-04 01:15:08.304 29472 29484 I art     : Explicit concurrent mark sweep GC freed 3(96B) AllocSpace objects, 0(0B) LOS objects, 29% free, 37MB/53MB, paused 927us total 34.449ms
08-04 01:15:08.314 29472 29484 I art     : Starting a blocking GC Explicit
08-04 01:15:08.349 29472 29484 I art     : Explicit concurrent mark sweep GC freed 3(96B) AllocSpace objects, 0(0B) LOS objects, 29% free, 37MB/53MB, paused 1.080ms total 34.350ms
08-04 01:15:08.359 29472 29484 I art     : Starting a blocking GC Explicit
08-04 01:15:08.395 29472 29484 I art     : Explicit concurrent mark sweep GC freed 3(96B) AllocSpace objects, 0(0B) LOS objects, 29% free, 37MB/53MB, paused 1.030ms total 35.696ms
08-04 01:15:08.742 29472 29483 I art     : Starting a blocking GC Explicit
08-04 01:15:08.781 29472 29483 I art     : Explicit concurrent mark sweep GC freed 1441(83KB) AllocSpace objects, 1(20KB) LOS objects, 29% free, 37MB/53MB, paused 1.091ms total 39.199ms
08-04 01:15:08.795 29472 29483 I art     : Starting a blocking GC Explicit
08-04 01:15:08.829 29472 29483 I art     : Explicit concurrent mark sweep GC freed 22(784B) AllocSpace objects, 0(0B) LOS objects, 29% free, 37MB/53MB, paused 1.023ms total 33.937ms
08-04 01:15:08.839 29472 29483 I art     : Starting a blocking GC Explicit
08-04 01:15:08.874 29472 29483 I art     : Explicit concurrent mark sweep GC freed 3(96B) AllocSpace objects, 0(0B) LOS objects, 29% free, 37MB/53MB, paused 1.080ms total 35.048ms
08-04 01:15:08.884 29472 29483 I art     : Starting a blocking GC Explicit
08-04 01:15:08.920 29472 29483 I art     : Explicit concurrent mark sweep GC freed 3(96B) AllocSpace objects, 0(0B) LOS objects, 29% free, 37MB/53MB, paused 1.063ms total 35.721ms
08-04 01:15:08.930 29472 29483 I art     : Starting a blocking GC Explicit
08-04 01:15:08.965 29472 29483 I art     : Explicit concurrent mark sweep GC freed 3(96B) AllocSpace objects, 0(0B) LOS objects, 29% free, 37MB/53MB, paused 1.113ms total 34.589ms
08-04 01:15:09.326 29472 29745 I art     : Starting a blocking GC Explicit
08-04 01:15:09.364 29472 29745 I art     : Explicit concurrent mark sweep GC freed 1605(93KB) AllocSpace objects, 1(20KB) LOS objects, 29% free, 37MB/53MB, paused 1.088ms total 38.145ms
08-04 01:15:09.374 29472 29745 I art     : Starting a blocking GC Explicit
08-04 01:15:09.411 29472 29745 I art     : Explicit concurrent mark sweep GC freed 28(1040B) AllocSpace objects, 0(0B) LOS objects, 29% free, 37MB/53MB, paused 1.088ms total 36.840ms
08-04 01:15:09.422 29472 29745 I art     : Starting a blocking GC Explicit
08-04 01:15:09.458 29472 29745 I art     : Explicit concurrent mark sweep GC freed 3(96B) AllocSpace objects, 0(0B) LOS objects, 29% free, 37MB/53MB, paused 1.150ms total 36.026ms
08-04 01:15:09.468 29472 29745 I art     : Starting a blocking GC Explicit
08-04 01:15:09.504 29472 29745 I art     : Explicit concurrent mark sweep GC freed 1637(63KB) AllocSpace objects, 0(0B) LOS objects, 29% free, 37MB/53MB, paused 1.166ms total 36.017ms
08-04 01:15:09.514 29472 29745 I art     : Starting a blocking GC Explicit
08-04 01:15:09.536 29472 30409 E baseline.com.newsblur.network.APIResponse: Error (unexpected end of stream on https://www.newsblur.com/...) calling https://www.newsblur.com/reader/mark_story_hashes_as_read/
08-04 01:15:09.536 29472 30409 E baseline.com.newsblur.network.APIResponse: java.io.IOException: unexpected end of stream on https://www.newsblur.com/...
08-04 01:15:09.536 29472 30409 E baseline.com.newsblur.network.APIResponse: 	at okhttp3.internal.http1.Http1ExchangeCodec.readResponseHeaders(Http1ExchangeCodec.java:236)
08-04 01:15:09.536 29472 30409 E baseline.com.newsblur.network.APIResponse: 	at okhttp3.internal.connection.Exchange.readResponseHeaders(Exchange.java:115)
08-04 01:15:09.536 29472 30409 E baseline.com.newsblur.network.APIResponse: 	at okhttp3.internal.http.CallServerInterceptor.intercept(CallServerInterceptor.java:94)
08-04 01:15:09.536 29472 30409 E baseline.com.newsblur.network.APIResponse: 	at okhttp3.internal.http.RealInterceptorChain.proceed(RealInterceptorChain.java:142)
08-04 01:15:09.536 29472 30409 E baseline.com.newsblur.network.APIResponse: 	at okhttp3.internal.connection.ConnectInterceptor.intercept(ConnectInterceptor.java:43)
08-04 01:15:09.536 29472 30409 E baseline.com.newsblur.network.APIResponse: 	at okhttp3.internal.http.RealInterceptorChain.proceed(RealInterceptorChain.java:142)
08-04 01:15:09.536 29472 30409 E baseline.com.newsblur.network.APIResponse: 	at okhttp3.internal.http.RealInterceptorChain.proceed(RealInterceptorChain.java:117)
08-04 01:15:09.536 29472 30409 E baseline.com.newsblur.network.APIResponse: 	at okhttp3.internal.cache.CacheInterceptor.intercept(CacheInterceptor.java:94)
08-04 01:15:09.536 29472 30409 E baseline.com.newsblur.network.APIResponse: 	at okhttp3.internal.http.RealInterceptorChain.proceed(RealInterceptorChain.java:142)
08-04 01:15:09.536 29472 30409 E baseline.com.newsblur.network.APIResponse: 	at okhttp3.internal.http.RealInterceptorChain.proceed(RealInterceptorChain.java:117)
08-04 01:15:09.536 29472 30409 E baseline.com.newsblur.network.APIResponse: 	at okhttp3.internal.http.BridgeInterceptor.intercept(BridgeInterceptor.java:93)
08-04 01:15:09.536 29472 30409 E baseline.com.newsblur.network.APIResponse: 	at okhttp3.internal.http.RealInterceptorChain.proceed(RealInterceptorChain.java:142)
08-04 01:15:09.536 29472 30409 E baseline.com.newsblur.network.APIResponse: 	at okhttp3.internal.http.RetryAndFollowUpInterceptor.intercept(RetryAndFollowUpInterceptor.java:88)
08-04 01:15:09.536 29472 30409 E baseline.com.newsblur.network.APIResponse: 	at okhttp3.internal.http.RealInterceptorChain.proceed(RealInterceptorChain.java:142)
08-04 01:15:09.536 29472 30409 E baseline.com.newsblur.network.APIResponse: 	at okhttp3.internal.http.RealInterceptorChain.proceed(RealInterceptorChain.java:117)
08-04 01:15:09.536 29472 30409 E baseline.com.newsblur.network.APIResponse: 	at okhttp3.RealCall.getResponseWithInterceptorChain(RealCall.java:229)
08-04 01:15:09.536 29472 30409 E baseline.com.newsblur.network.APIResponse: 	at okhttp3.RealCall.execute(RealCall.java:81)
08-04 01:15:09.536 29472 30409 E baseline.com.newsblur.network.APIResponse: 	at baseline.com.newsblur.network.APIResponse.<init>(APIResponse.java:57)
08-04 01:15:09.536 29472 30409 E baseline.com.newsblur.network.APIResponse: 	at baseline.com.newsblur.network.APIResponse.<init>(APIResponse.java:43)
08-04 01:15:09.536 29472 30409 E baseline.com.newsblur.network.APIResponse: 	at baseline.com.newsblur.network.APIManager.post_single(APIManager.java:702)
08-04 01:15:09.536 29472 30409 E baseline.com.newsblur.network.APIResponse: 	at baseline.com.newsblur.network.APIManager.post(APIManager.java:675)
08-04 01:15:09.536 29472 30409 E baseline.com.newsblur.network.APIResponse: 	at baseline.com.newsblur.network.APIManager.post(APIManager.java:714)
08-04 01:15:09.536 29472 30409 E baseline.com.newsblur.network.APIResponse: 	at baseline.com.newsblur.network.APIManager.markStoryAsRead(APIManager.java:205)
08-04 01:15:09.536 29472 30409 E baseline.com.newsblur.network.APIResponse: 	at baseline.com.newsblur.util.ReadingAction.doRemote(ReadingAction.java:281)
08-04 01:15:09.536 29472 30409 E baseline.com.newsblur.network.APIResponse: 	at baseline.com.newsblur.service.NBSyncService.syncActions(NBSyncService.java:400)
08-04 01:15:09.536 29472 30409 E baseline.com.newsblur.network.APIResponse: 	at baseline.com.newsblur.service.NBSyncService.doSync(NBSyncService.java:298)
08-04 01:15:09.536 29472 30409 E baseline.com.newsblur.network.APIResponse: 	at baseline.com.newsblur.service.NBSyncService.access$100(NBSyncService.java:67)
08-04 01:15:09.536 29472 30409 E baseline.com.newsblur.network.APIResponse: 	at baseline.com.newsblur.service.NBSyncService$1.run(NBSyncService.java:188)
08-04 01:15:09.536 29472 30409 E baseline.com.newsblur.network.APIResponse: 	at java.util.concurrent.ThreadPoolExecutor.runWorker(ThreadPoolExecutor.java:1113)
08-04 01:15:09.536 29472 30409 E baseline.com.newsblur.network.APIResponse: 	at java.util.concurrent.ThreadPoolExecutor$Worker.run(ThreadPoolExecutor.java:588)
08-04 01:15:09.536 29472 30409 E baseline.com.newsblur.network.APIResponse: 	at java.lang.Thread.run(Thread.java:818)
08-04 01:15:09.536 29472 30409 E baseline.com.newsblur.network.APIResponse: Caused by: java.io.EOFException: \n not found: limit=0 content=
08-04 01:15:09.536 29472 30409 E baseline.com.newsblur.network.APIResponse: 	at okio.RealBufferedSource.readUtf8LineStrict(RealBufferedSource.java:240)
08-04 01:15:09.536 29472 30409 E baseline.com.newsblur.network.APIResponse: 	at okhttp3.internal.http1.Http1ExchangeCodec.readHeaderLine(Http1ExchangeCodec.java:242)
08-04 01:15:09.536 29472 30409 E baseline.com.newsblur.network.APIResponse: 	at okhttp3.internal.http1.Http1ExchangeCodec.readResponseHeaders(Http1ExchangeCodec.java:213)
08-04 01:15:09.536 29472 30409 E baseline.com.newsblur.network.APIResponse: 	... 30 more
08-04 01:15:09.538 29472 30409 I baseline.com.newsblur.service.NBSyncService: Holding reading action with server-side or network error.
08-04 01:15:09.550 29472 29745 I art     : Explicit concurrent mark sweep GC freed 845(197KB) AllocSpace objects, 2(40KB) LOS objects, 29% free, 37MB/53MB, paused 1.110ms total 35.793ms
08-04 01:15:09.561 29472 30409 W baseline.com.newsblur.service.NBSyncService: hard API failure
08-04 01:15:09.574 29472 30409 I baseline.com.newsblur.service.NBSyncService: recounting dirty feed sets: 1
08-04 01:15:09.835 24161 24161 I ServiceManager: Waiting for service AtCmdFwd...
08-04 01:15:09.892 29472 29731 I art     : Starting a blocking GC Explicit
08-04 01:15:09.932 29472 29731 I art     : Explicit concurrent mark sweep GC freed 2357(169KB) AllocSpace objects, 3(60KB) LOS objects, 29% free, 37MB/53MB, paused 1.087ms total 39.290ms
08-04 01:15:09.947 29472 29731 I art     : Starting a blocking GC Explicit
08-04 01:15:09.981 29472 29731 I art     : Explicit concurrent mark sweep GC freed 217(8KB) AllocSpace objects, 0(0B) LOS objects, 29% free, 37MB/53MB, paused 1.087ms total 34.480ms
08-04 01:15:09.991 29472 29731 I art     : Starting a blocking GC Explicit
08-04 01:15:10.027 29472 29731 I art     : Explicit concurrent mark sweep GC freed 3(96B) AllocSpace objects, 0(0B) LOS objects, 29% free, 37MB/53MB, paused 1.066ms total 35.055ms
08-04 01:15:10.037 29472 29731 I art     : Starting a blocking GC Explicit
08-04 01:15:10.072 29472 29731 I art     : Explicit concurrent mark sweep GC freed 3(96B) AllocSpace objects, 0(0B) LOS objects, 29% free, 37MB/53MB, paused 1.161ms total 35.656ms
08-04 01:15:10.082 29472 29731 I art     : Starting a blocking GC Explicit
08-04 01:15:10.117 29472 29731 I art     : Explicit concurrent mark sweep GC freed 1639(64KB) AllocSpace objects, 0(0B) LOS objects, 29% free, 37MB/53MB, paused 1.189ms total 34.678ms
08-04 01:15:10.154 29472 30409 E baseline.com.newsblur.network.APIResponse: Error (unexpected end of stream on https://www.newsblur.com/...) calling https://www.newsblur.com/reader/feed_unread_count?feed_id=0
08-04 01:15:10.154 29472 30409 E baseline.com.newsblur.network.APIResponse: java.io.IOException: unexpected end of stream on https://www.newsblur.com/...
08-04 01:15:10.154 29472 30409 E baseline.com.newsblur.network.APIResponse: 	at okhttp3.internal.http1.Http1ExchangeCodec.readResponseHeaders(Http1ExchangeCodec.java:236)
08-04 01:15:10.154 29472 30409 E baseline.com.newsblur.network.APIResponse: 	at okhttp3.internal.connection.Exchange.readResponseHeaders(Exchange.java:115)
08-04 01:15:10.154 29472 30409 E baseline.com.newsblur.network.APIResponse: 	at okhttp3.internal.http.CallServerInterceptor.intercept(CallServerInterceptor.java:94)
08-04 01:15:10.154 29472 30409 E baseline.com.newsblur.network.APIResponse: 	at okhttp3.internal.http.RealInterceptorChain.proceed(RealInterceptorChain.java:142)
08-04 01:15:10.154 29472 30409 E baseline.com.newsblur.network.APIResponse: 	at okhttp3.internal.connection.ConnectInterceptor.intercept(ConnectInterceptor.java:43)
08-04 01:15:10.154 29472 30409 E baseline.com.newsblur.network.APIResponse: 	at okhttp3.internal.http.RealInterceptorChain.proceed(RealInterceptorChain.java:142)
08-04 01:15:10.154 29472 30409 E baseline.com.newsblur.network.APIResponse: 	at okhttp3.internal.http.RealInterceptorChain.proceed(RealInterceptorChain.java:117)
08-04 01:15:10.154 29472 30409 E baseline.com.newsblur.network.APIResponse: 	at okhttp3.internal.cache.CacheInterceptor.intercept(CacheInterceptor.java:94)
08-04 01:15:10.154 29472 30409 E baseline.com.newsblur.network.APIResponse: 	at okhttp3.internal.http.RealInterceptorChain.proceed(RealInterceptorChain.java:142)
08-04 01:15:10.154 29472 30409 E baseline.com.newsblur.network.APIResponse: 	at okhttp3.internal.http.RealInterceptorChain.proceed(RealInterceptorChain.java:117)
08-04 01:15:10.154 29472 30409 E baseline.com.newsblur.network.APIResponse: 	at okhttp3.internal.http.BridgeInterceptor.intercept(BridgeInterceptor.java:93)
08-04 01:15:10.154 29472 30409 E baseline.com.newsblur.network.APIResponse: 	at okhttp3.internal.http.RealInterceptorChain.proceed(RealInterceptorChain.java:142)
08-04 01:15:10.154 29472 30409 E baseline.com.newsblur.network.APIResponse: 	at okhttp3.internal.http.RetryAndFollowUpInterceptor.intercept(RetryAndFollowUpInterceptor.java:88)
08-04 01:15:10.154 29472 30409 E baseline.com.newsblur.network.APIResponse: 	at okhttp3.internal.http.RealInterceptorChain.proceed(RealInterceptorChain.java:142)
08-04 01:15:10.154 29472 30409 E baseline.com.newsblur.network.APIResponse: 	at okhttp3.internal.http.RealInterceptorChain.proceed(RealInterceptorChain.java:117)
08-04 01:15:10.154 29472 30409 E baseline.com.newsblur.network.APIResponse: 	at okhttp3.RealCall.getResponseWithInterceptorChain(RealCall.java:229)
08-04 01:15:10.154 29472 30409 E baseline.com.newsblur.network.APIResponse: 	at okhttp3.RealCall.execute(RealCall.java:81)
08-04 01:15:10.154 29472 30409 E baseline.com.newsblur.network.APIResponse: 	at baseline.com.newsblur.network.APIResponse.<init>(APIResponse.java:57)
08-04 01:15:10.154 29472 30409 E baseline.com.newsblur.network.APIResponse: 	at baseline.com.newsblur.network.APIManager.get_single(APIManager.java:639)
08-04 01:15:10.154 29472 30409 E baseline.com.newsblur.network.APIResponse: 	at baseline.com.newsblur.network.APIManager.get(APIManager.java:625)
08-04 01:15:10.154 29472 30409 E baseline.com.newsblur.network.APIResponse: 	at baseline.com.newsblur.network.APIManager.get(APIManager.java:667)
08-04 01:15:10.154 29472 30409 E baseline.com.newsblur.network.APIResponse: 	at baseline.com.newsblur.network.APIManager.getFeedUnreadCounts(APIManager.java:274)
08-04 01:15:10.154 29472 30409 E baseline.com.newsblur.network.APIResponse: 	at baseline.com.newsblur.service.NBSyncService.checkRecounts(NBSyncService.java:660)
08-04 01:15:10.154 29472 30409 E baseline.com.newsblur.network.APIResponse: 	at baseline.com.newsblur.service.NBSyncService.doSync(NBSyncService.java:310)
08-04 01:15:10.154 29472 30409 E baseline.com.newsblur.network.APIResponse: 	at baseline.com.newsblur.service.NBSyncService.access$100(NBSyncService.java:67)
08-04 01:15:10.154 29472 30409 E baseline.com.newsblur.network.APIResponse: 	at baseline.com.newsblur.service.NBSyncService$1.run(NBSyncService.java:188)
08-04 01:15:10.154 29472 30409 E baseline.com.newsblur.network.APIResponse: 	at java.util.concurrent.ThreadPoolExecutor.runWorker(ThreadPoolExecutor.java:1113)
08-04 01:15:10.154 29472 30409 E baseline.com.newsblur.network.APIResponse: 	at java.util.concurrent.ThreadPoolExecutor$Worker.run(ThreadPoolExecutor.java:588)
08-04 01:15:10.154 29472 30409 E baseline.com.newsblur.network.APIResponse: 	at java.lang.Thread.run(Thread.java:818)
08-04 01:15:10.154 29472 30409 E baseline.com.newsblur.network.APIResponse: Caused by: java.io.EOFException: \n not found: limit=0 content=
08-04 01:15:10.154 29472 30409 E baseline.com.newsblur.network.APIResponse: 	at okio.RealBufferedSource.readUtf8LineStrict(RealBufferedSource.java:240)
08-04 01:15:10.154 29472 30409 E baseline.com.newsblur.network.APIResponse: 	at okhttp3.internal.http1.Http1ExchangeCodec.readHeaderLine(Http1ExchangeCodec.java:242)
08-04 01:15:10.154 29472 30409 E baseline.com.newsblur.network.APIResponse: 	at okhttp3.internal.http1.Http1ExchangeCodec.readResponseHeaders(Http1ExchangeCodec.java:213)
08-04 01:15:10.154 29472 30409 E baseline.com.newsblur.network.APIResponse: 	... 28 more
08-04 01:15:10.156 29472 30409 I baseline.com.newsblur.network.APIManager: API call failed, pausing before retry number 1
08-04 01:15:10.468 29472 29484 I art     : Starting a blocking GC Explicit
08-04 01:15:10.507 29472 29484 I art     : Explicit concurrent mark sweep GC freed 2332(293KB) AllocSpace objects, 3(60KB) LOS objects, 29% free, 37MB/53MB, paused 1.050ms total 38.619ms
08-04 01:15:10.517 29472 29484 I art     : Starting a blocking GC Explicit
08-04 01:15:10.553 29472 29484 I art     : Explicit concurrent mark sweep GC freed 66(2480B) AllocSpace objects, 0(0B) LOS objects, 29% free, 37MB/53MB, paused 1.034ms total 36.138ms
08-04 01:15:10.563 29472 29484 I art     : Starting a blocking GC Explicit
08-04 01:15:10.599 29472 29484 I art     : Explicit concurrent mark sweep GC freed 3(96B) AllocSpace objects, 0(0B) LOS objects, 29% free, 37MB/53MB, paused 1.070ms total 35.464ms
08-04 01:15:10.609 29472 29484 I art     : Starting a blocking GC Explicit
08-04 01:15:10.646 29472 29484 I art     : Explicit concurrent mark sweep GC freed 3(96B) AllocSpace objects, 0(0B) LOS objects, 29% free, 37MB/53MB, paused 1.064ms total 37.014ms
08-04 01:15:10.657 29472 29484 I art     : Starting a blocking GC Explicit
08-04 01:15:10.695 29472 29484 I art     : Explicit concurrent mark sweep GC freed 3(96B) AllocSpace objects, 0(0B) LOS objects, 29% free, 37MB/53MB, paused 1.067ms total 37.492ms
08-04 01:15:10.836 24161 24161 I ServiceManager: Waiting for service AtCmdFwd...
08-04 01:15:11.061 29472 29483 I art     : Starting a blocking GC Explicit
08-04 01:15:11.100 29472 29483 I art     : Explicit concurrent mark sweep GC freed 1438(82KB) AllocSpace objects, 1(20KB) LOS objects, 29% free, 37MB/53MB, paused 983us total 38.043ms
08-04 01:15:11.110 29472 29483 I art     : Starting a blocking GC Explicit
08-04 01:15:11.145 29472 29483 I art     : Explicit concurrent mark sweep GC freed 22(800B) AllocSpace objects, 0(0B) LOS objects, 29% free, 37MB/53MB, paused 1.045ms total 34.895ms
08-04 01:15:11.155 29472 29483 I art     : Starting a blocking GC Explicit
08-04 01:15:11.191 29472 29483 I art     : Explicit concurrent mark sweep GC freed 3(96B) AllocSpace objects, 0(0B) LOS objects, 29% free, 37MB/53MB, paused 1.056ms total 35.717ms
08-04 01:15:11.201 29472 29483 I art     : Starting a blocking GC Explicit
08-04 01:15:11.235 29472 29483 I art     : Explicit concurrent mark sweep GC freed 3(96B) AllocSpace objects, 0(0B) LOS objects, 29% free, 37MB/53MB, paused 1.042ms total 34.384ms
08-04 01:15:11.246 29472 29483 I art     : Starting a blocking GC Explicit
08-04 01:15:11.282 29472 29483 I art     : Explicit concurrent mark sweep GC freed 3(96B) AllocSpace objects, 0(0B) LOS objects, 29% free, 37MB/53MB, paused 1.017ms total 35.750ms
08-04 01:15:11.628 29472 29745 I art     : Starting a blocking GC Explicit
08-04 01:15:11.667 29472 29745 I art     : Explicit concurrent mark sweep GC freed 1530(86KB) AllocSpace objects, 1(20KB) LOS objects, 29% free, 37MB/53MB, paused 1.112ms total 38.908ms
08-04 01:15:11.679 29472 29745 I art     : Starting a blocking GC Explicit
08-04 01:15:11.715 29472 29745 I art     : Explicit concurrent mark sweep GC freed 28(1056B) AllocSpace objects, 0(0B) LOS objects, 29% free, 37MB/53MB, paused 1.115ms total 36.013ms
08-04 01:15:11.726 29472 29745 I art     : Starting a blocking GC Explicit
08-04 01:15:11.762 29472 29745 I art     : Explicit concurrent mark sweep GC freed 68(4KB) AllocSpace objects, 0(0B) LOS objects, 29% free, 37MB/53MB, paused 1.124ms total 35.535ms
08-04 01:15:11.772 29472 29745 I art     : Starting a blocking GC Explicit
08-04 01:15:11.809 29472 29745 I art     : Explicit concurrent mark sweep GC freed 12(1408B) AllocSpace objects, 0(0B) LOS objects, 29% free, 37MB/53MB, paused 1.014ms total 36.926ms
08-04 01:15:11.819 29472 29745 I art     : Starting a blocking GC Explicit
08-04 01:15:11.837 24161 24161 I ServiceManager: Waiting for service AtCmdFwd...
08-04 01:15:11.856 29472 29745 I art     : Explicit concurrent mark sweep GC freed 3(96B) AllocSpace objects, 0(0B) LOS objects, 29% free, 37MB/53MB, paused 1.110ms total 36.460ms
08-04 01:15:12.183 29472 30409 E baseline.com.newsblur.network.APIResponse: Error (unexpected end of stream on https://www.newsblur.com/...) calling https://www.newsblur.com/reader/feed_unread_count?feed_id=0
08-04 01:15:12.183 29472 30409 E baseline.com.newsblur.network.APIResponse: java.io.IOException: unexpected end of stream on https://www.newsblur.com/...
08-04 01:15:12.183 29472 30409 E baseline.com.newsblur.network.APIResponse: 	at okhttp3.internal.http1.Http1ExchangeCodec.readResponseHeaders(Http1ExchangeCodec.java:236)
08-04 01:15:12.183 29472 30409 E baseline.com.newsblur.network.APIResponse: 	at okhttp3.internal.connection.Exchange.readResponseHeaders(Exchange.java:115)
08-04 01:15:12.183 29472 30409 E baseline.com.newsblur.network.APIResponse: 	at okhttp3.internal.http.CallServerInterceptor.intercept(CallServerInterceptor.java:94)
08-04 01:15:12.183 29472 30409 E baseline.com.newsblur.network.APIResponse: 	at okhttp3.internal.http.RealInterceptorChain.proceed(RealInterceptorChain.java:142)
08-04 01:15:12.183 29472 30409 E baseline.com.newsblur.network.APIResponse: 	at okhttp3.internal.connection.ConnectInterceptor.intercept(ConnectInterceptor.java:43)
08-04 01:15:12.183 29472 30409 E baseline.com.newsblur.network.APIResponse: 	at okhttp3.internal.http.RealInterceptorChain.proceed(RealInterceptorChain.java:142)
08-04 01:15:12.183 29472 30409 E baseline.com.newsblur.network.APIResponse: 	at okhttp3.internal.http.RealInterceptorChain.proceed(RealInterceptorChain.java:117)
08-04 01:15:12.183 29472 30409 E baseline.com.newsblur.network.APIResponse: 	at okhttp3.internal.cache.CacheInterceptor.intercept(CacheInterceptor.java:94)
08-04 01:15:12.183 29472 30409 E baseline.com.newsblur.network.APIResponse: 	at okhttp3.internal.http.RealInterceptorChain.proceed(RealInterceptorChain.java:142)
08-04 01:15:12.183 29472 30409 E baseline.com.newsblur.network.APIResponse: 	at okhttp3.internal.http.RealInterceptorChain.proceed(RealInterceptorChain.java:117)
08-04 01:15:12.183 29472 30409 E baseline.com.newsblur.network.APIResponse: 	at okhttp3.internal.http.BridgeInterceptor.intercept(BridgeInterceptor.java:93)
08-04 01:15:12.183 29472 30409 E baseline.com.newsblur.network.APIResponse: 	at okhttp3.internal.http.RealInterceptorChain.proceed(RealInterceptorChain.java:142)
08-04 01:15:12.183 29472 30409 E baseline.com.newsblur.network.APIResponse: 	at okhttp3.internal.http.RetryAndFollowUpInterceptor.intercept(RetryAndFollowUpInterceptor.java:88)
08-04 01:15:12.183 29472 30409 E baseline.com.newsblur.network.APIResponse: 	at okhttp3.internal.http.RealInterceptorChain.proceed(RealInterceptorChain.java:142)
08-04 01:15:12.183 29472 30409 E baseline.com.newsblur.network.APIResponse: 	at okhttp3.internal.http.RealInterceptorChain.proceed(RealInterceptorChain.java:117)
08-04 01:15:12.183 29472 30409 E baseline.com.newsblur.network.APIResponse: 	at okhttp3.RealCall.getResponseWithInterceptorChain(RealCall.java:229)
08-04 01:15:12.183 29472 30409 E baseline.com.newsblur.network.APIResponse: 	at okhttp3.RealCall.execute(RealCall.java:81)
08-04 01:15:12.183 29472 30409 E baseline.com.newsblur.network.APIResponse: 	at baseline.com.newsblur.network.APIResponse.<init>(APIResponse.java:57)
08-04 01:15:12.183 29472 30409 E baseline.com.newsblur.network.APIResponse: 	at baseline.com.newsblur.network.APIManager.get_single(APIManager.java:639)
08-04 01:15:12.183 29472 30409 E baseline.com.newsblur.network.APIResponse: 	at baseline.com.newsblur.network.APIManager.get(APIManager.java:625)
08-04 01:15:12.183 29472 30409 E baseline.com.newsblur.network.APIResponse: 	at baseline.com.newsblur.network.APIManager.get(APIManager.java:667)
08-04 01:15:12.183 29472 30409 E baseline.com.newsblur.network.APIResponse: 	at baseline.com.newsblur.network.APIManager.getFeedUnreadCounts(APIManager.java:274)
08-04 01:15:12.183 29472 30409 E baseline.com.newsblur.network.APIResponse: 	at baseline.com.newsblur.service.NBSyncService.checkRecounts(NBSyncService.java:660)
08-04 01:15:12.183 29472 30409 E baseline.com.newsblur.network.APIResponse: 	at baseline.com.newsblur.service.NBSyncService.doSync(NBSyncService.java:310)
08-04 01:15:12.183 29472 30409 E baseline.com.newsblur.network.APIResponse: 	at baseline.com.newsblur.service.NBSyncService.access$100(NBSyncService.java:67)
08-04 01:15:12.183 29472 30409 E baseline.com.newsblur.network.APIResponse: 	at baseline.com.newsblur.service.NBSyncService$1.run(NBSyncService.java:188)
08-04 01:15:12.183 29472 30409 E baseline.com.newsblur.network.APIResponse: 	at java.util.concurrent.ThreadPoolExecutor.runWorker(ThreadPoolExecutor.java:1113)
08-04 01:15:12.183 29472 30409 E baseline.com.newsblur.network.APIResponse: 	at java.util.concurrent.ThreadPoolExecutor$Worker.run(ThreadPoolExecutor.java:588)
08-04 01:15:12.183 29472 30409 E baseline.com.newsblur.network.APIResponse: 	at java.lang.Thread.run(Thread.java:818)
08-04 01:15:12.183 29472 30409 E baseline.com.newsblur.network.APIResponse: Caused by: java.io.EOFException: \n not found: limit=0 content=
08-04 01:15:12.183 29472 30409 E baseline.com.newsblur.network.APIResponse: 	at okio.RealBufferedSource.readUtf8LineStrict(RealBufferedSource.java:240)
08-04 01:15:12.183 29472 30409 E baseline.com.newsblur.network.APIResponse: 	at okhttp3.internal.http1.Http1ExchangeCodec.readHeaderLine(Http1ExchangeCodec.java:242)
08-04 01:15:12.183 29472 30409 E baseline.com.newsblur.network.APIResponse: 	at okhttp3.internal.http1.Http1ExchangeCodec.readResponseHeaders(Http1ExchangeCodec.java:213)
08-04 01:15:12.183 29472 30409 E baseline.com.newsblur.network.APIResponse: 	... 28 more
08-04 01:15:12.184 29472 30409 I baseline.com.newsblur.network.APIManager: API call failed, pausing before retry number 2
08-04 01:15:12.196 29472 29731 I art     : Starting a blocking GC Explicit
08-04 01:15:12.233 29472 29731 I art     : Explicit concurrent mark sweep GC freed 3926(355KB) AllocSpace objects, 3(60KB) LOS objects, 29% free, 37MB/53MB, paused 1.038ms total 37.137ms
08-04 01:15:12.243 29472 29731 I art     : Starting a blocking GC Explicit
08-04 01:15:12.279 29472 29731 I art     : Explicit concurrent mark sweep GC freed 109(3KB) AllocSpace objects, 0(0B) LOS objects, 29% free, 37MB/53MB, paused 1.024ms total 35.577ms
08-04 01:15:12.289 29472 29731 I art     : Starting a blocking GC Explicit
08-04 01:15:12.323 29472 29731 I art     : Explicit concurrent mark sweep GC freed 3(96B) AllocSpace objects, 0(0B) LOS objects, 29% free, 37MB/53MB, paused 1.015ms total 32.859ms
08-04 01:15:12.332 29472 29731 I art     : Starting a blocking GC Explicit
08-04 01:15:12.368 29472 29731 I art     : Explicit concurrent mark sweep GC freed 3(96B) AllocSpace objects, 0(0B) LOS objects, 29% free, 37MB/53MB, paused 1.104ms total 35.385ms
08-04 01:15:12.377 29472 29731 I art     : Starting a blocking GC Explicit
08-04 01:15:12.414 29472 29731 I art     : Explicit concurrent mark sweep GC freed 3(96B) AllocSpace objects, 0(0B) LOS objects, 29% free, 37MB/53MB, paused 1.015ms total 36.072ms
08-04 01:15:12.758 29472 29484 I art     : Starting a blocking GC Explicit
08-04 01:15:12.795 29472 29484 I art     : Explicit concurrent mark sweep GC freed 1437(82KB) AllocSpace objects, 1(20KB) LOS objects, 29% free, 37MB/53MB, paused 998us total 36.643ms
08-04 01:15:12.806 29472 29484 I art     : Starting a blocking GC Explicit
08-04 01:15:12.837 24161 24161 I ServiceManager: Waiting for service AtCmdFwd...
08-04 01:15:12.839 29472 29484 I art     : Explicit concurrent mark sweep GC freed 22(784B) AllocSpace objects, 0(0B) LOS objects, 29% free, 37MB/53MB, paused 1.007ms total 33.452ms
08-04 01:15:12.849 29472 29484 I art     : Starting a blocking GC Explicit
08-04 01:15:12.882 29472 29484 I art     : Explicit concurrent mark sweep GC freed 3(96B) AllocSpace objects, 0(0B) LOS objects, 29% free, 37MB/53MB, paused 971us total 33.094ms
08-04 01:15:12.892 29472 29484 I art     : Starting a blocking GC Explicit
08-04 01:15:12.926 29472 29484 I art     : Explicit concurrent mark sweep GC freed 3(96B) AllocSpace objects, 0(0B) LOS objects, 29% free, 37MB/53MB, paused 978us total 34.173ms
08-04 01:15:12.936 29472 29484 I art     : Starting a blocking GC Explicit
08-04 01:15:12.971 29472 29484 I art     : Explicit concurrent mark sweep GC freed 3(96B) AllocSpace objects, 0(0B) LOS objects, 29% free, 37MB/53MB, paused 1.015ms total 35.083ms
08-04 01:15:13.324 29472 29483 I art     : Starting a blocking GC Explicit
08-04 01:15:13.362 29472 29483 I art     : Explicit concurrent mark sweep GC freed 1461(83KB) AllocSpace objects, 1(20KB) LOS objects, 29% free, 37MB/53MB, paused 1.032ms total 38.305ms
08-04 01:15:13.376 29472 29483 I art     : Starting a blocking GC Explicit
08-04 01:15:13.413 29472 29483 I art     : Explicit concurrent mark sweep GC freed 96(6KB) AllocSpace objects, 0(0B) LOS objects, 29% free, 37MB/53MB, paused 2.049ms total 36.117ms
08-04 01:15:13.423 29472 29483 I art     : Starting a blocking GC Explicit
08-04 01:15:13.457 29472 29483 I art     : Explicit concurrent mark sweep GC freed 923(43KB) AllocSpace objects, 0(0B) LOS objects, 29% free, 37MB/53MB, paused 1.014ms total 34.183ms
08-04 01:15:13.467 29472 29483 I art     : Starting a blocking GC Explicit
08-04 01:15:13.502 29472 29483 I art     : Explicit concurrent mark sweep GC freed 602(51KB) AllocSpace objects, 0(0B) LOS objects, 29% free, 37MB/53MB, paused 1.002ms total 35.223ms
08-04 01:15:13.512 29472 29483 I art     : Starting a blocking GC Explicit
08-04 01:15:13.548 29472 29483 I art     : Explicit concurrent mark sweep GC freed 3(96B) AllocSpace objects, 0(0B) LOS objects, 29% free, 37MB/53MB, paused 1.013ms total 34.948ms
08-04 01:15:13.553   918  3261 D WifiStateMachine: starting scan for "H369AA63323"WPA_PSK with 2412,5180
08-04 01:15:13.838 24161 24161 I ServiceManager: Waiting for service AtCmdFwd...
08-04 01:15:13.900 29472 29745 I art     : Starting a blocking GC Explicit
08-04 01:15:13.938 29472 29745 I art     : Explicit concurrent mark sweep GC freed 1933(107KB) AllocSpace objects, 1(20KB) LOS objects, 29% free, 37MB/53MB, paused 1.002ms total 37.472ms
08-04 01:15:13.950 29472 29745 I art     : Starting a blocking GC Explicit
08-04 01:15:13.985 29472 29745 I art     : Explicit concurrent mark sweep GC freed 402(29KB) AllocSpace objects, 0(0B) LOS objects, 29% free, 37MB/53MB, paused 974us total 34.717ms
08-04 01:15:13.995 29472 29745 I art     : Starting a blocking GC Explicit
08-04 01:15:14.029 29472 29745 I art     : Explicit concurrent mark sweep GC freed 3(96B) AllocSpace objects, 0(0B) LOS objects, 29% free, 37MB/53MB, paused 996us total 34.234ms
08-04 01:15:14.040 29472 29745 I art     : Starting a blocking GC Explicit
08-04 01:15:14.074 29472 29745 I art     : Explicit concurrent mark sweep GC freed 3(96B) AllocSpace objects, 0(0B) LOS objects, 29% free, 37MB/53MB, paused 967us total 34.462ms
08-04 01:15:14.085 29472 29745 I art     : Starting a blocking GC Explicit
08-04 01:15:14.120 29472 29745 I art     : Explicit concurrent mark sweep GC freed 3(96B) AllocSpace objects, 0(0B) LOS objects, 29% free, 37MB/53MB, paused 1.009ms total 35.339ms
08-04 01:15:14.454 29472 29731 I art     : Starting a blocking GC Explicit
08-04 01:15:14.494 29472 29731 I art     : Explicit concurrent mark sweep GC freed 1437(82KB) AllocSpace objects, 1(20KB) LOS objects, 29% free, 37MB/53MB, paused 1.276ms total 39.034ms
08-04 01:15:14.506 29472 29731 I art     : Starting a blocking GC Explicit
08-04 01:15:14.540 29472 29731 I art     : Explicit concurrent mark sweep GC freed 22(784B) AllocSpace objects, 0(0B) LOS objects, 29% free, 37MB/53MB, paused 1.006ms total 33.198ms
08-04 01:15:14.549 29472 29731 I art     : Starting a blocking GC Explicit
08-04 01:15:14.584 29472 29731 I art     : Explicit concurrent mark sweep GC freed 3(96B) AllocSpace objects, 0(0B) LOS objects, 29% free, 37MB/53MB, paused 959us total 34.308ms
08-04 01:15:14.594 29472 29731 I art     : Starting a blocking GC Explicit
08-04 01:15:14.629 29472 29731 I art     : Explicit concurrent mark sweep GC freed 3(96B) AllocSpace objects, 0(0B) LOS objects, 29% free, 37MB/53MB, paused 954us total 35.280ms
08-04 01:15:14.639 29472 29731 I art     : Starting a blocking GC Explicit
08-04 01:15:14.674 29472 29731 I art     : Explicit concurrent mark sweep GC freed 3(96B) AllocSpace objects, 0(0B) LOS objects, 29% free, 37MB/53MB, paused 966us total 34.625ms
08-04 01:15:14.838 24161 24161 W Atfwd_Sendcmd: AtCmdFwd service not published, waiting... retryCnt : 4
08-04 01:15:15.039 29472 29484 I art     : Starting a blocking GC Explicit
08-04 01:15:15.074 29472 29484 I art     : Explicit concurrent mark sweep GC freed 1437(82KB) AllocSpace objects, 1(20KB) LOS objects, 29% free, 37MB/53MB, paused 999us total 34.781ms
08-04 01:15:15.084 29472 29484 I art     : Starting a blocking GC Explicit
08-04 01:15:15.119 29472 29484 I art     : Explicit concurrent mark sweep GC freed 22(784B) AllocSpace objects, 0(0B) LOS objects, 29% free, 37MB/53MB, paused 995us total 35.156ms
08-04 01:15:15.129 29472 29484 I art     : Starting a blocking GC Explicit
08-04 01:15:15.164 29472 29484 I art     : Explicit concurrent mark sweep GC freed 3(96B) AllocSpace objects, 0(0B) LOS objects, 29% free, 37MB/53MB, paused 1.012ms total 34.716ms
08-04 01:15:15.174 29472 29484 I art     : Starting a blocking GC Explicit
08-04 01:15:15.209 29472 29484 I art     : Explicit concurrent mark sweep GC freed 113(5KB) AllocSpace objects, 0(0B) LOS objects, 29% free, 37MB/53MB, paused 1.125ms total 35.198ms
08-04 01:15:15.219 29472 29484 I art     : Starting a blocking GC Explicit
08-04 01:15:15.255 29472 29484 I art     : Explicit concurrent mark sweep GC freed 66(3KB) AllocSpace objects, 0(0B) LOS objects, 29% free, 37MB/53MB, paused 993us total 34.923ms
08-04 01:15:15.581 29472 30409 E baseline.com.newsblur.network.APIResponse: Error (unexpected end of stream on https://www.newsblur.com/...) calling https://www.newsblur.com/reader/feed_unread_count?feed_id=0
08-04 01:15:15.581 29472 30409 E baseline.com.newsblur.network.APIResponse: java.io.IOException: unexpected end of stream on https://www.newsblur.com/...
08-04 01:15:15.581 29472 30409 E baseline.com.newsblur.network.APIResponse: 	at okhttp3.internal.http1.Http1ExchangeCodec.readResponseHeaders(Http1ExchangeCodec.java:236)
08-04 01:15:15.581 29472 30409 E baseline.com.newsblur.network.APIResponse: 	at okhttp3.internal.connection.Exchange.readResponseHeaders(Exchange.java:115)
08-04 01:15:15.581 29472 30409 E baseline.com.newsblur.network.APIResponse: 	at okhttp3.internal.http.CallServerInterceptor.intercept(CallServerInterceptor.java:94)
08-04 01:15:15.581 29472 30409 E baseline.com.newsblur.network.APIResponse: 	at okhttp3.internal.http.RealInterceptorChain.proceed(RealInterceptorChain.java:142)
08-04 01:15:15.581 29472 30409 E baseline.com.newsblur.network.APIResponse: 	at okhttp3.internal.connection.ConnectInterceptor.intercept(ConnectInterceptor.java:43)
08-04 01:15:15.581 29472 30409 E baseline.com.newsblur.network.APIResponse: 	at okhttp3.internal.http.RealInterceptorChain.proceed(RealInterceptorChain.java:142)
08-04 01:15:15.581 29472 30409 E baseline.com.newsblur.network.APIResponse: 	at okhttp3.internal.http.RealInterceptorChain.proceed(RealInterceptorChain.java:117)
08-04 01:15:15.581 29472 30409 E baseline.com.newsblur.network.APIResponse: 	at okhttp3.internal.cache.CacheInterceptor.intercept(CacheInterceptor.java:94)
08-04 01:15:15.581 29472 30409 E baseline.com.newsblur.network.APIResponse: 	at okhttp3.internal.http.RealInterceptorChain.proceed(RealInterceptorChain.java:142)
08-04 01:15:15.581 29472 30409 E baseline.com.newsblur.network.APIResponse: 	at okhttp3.internal.http.RealInterceptorChain.proceed(RealInterceptorChain.java:117)
08-04 01:15:15.581 29472 30409 E baseline.com.newsblur.network.APIResponse: 	at okhttp3.internal.http.BridgeInterceptor.intercept(BridgeInterceptor.java:93)
08-04 01:15:15.581 29472 30409 E baseline.com.newsblur.network.APIResponse: 	at okhttp3.internal.http.RealInterceptorChain.proceed(RealInterceptorChain.java:142)
08-04 01:15:15.581 29472 30409 E baseline.com.newsblur.network.APIResponse: 	at okhttp3.internal.http.RetryAndFollowUpInterceptor.intercept(RetryAndFollowUpInterceptor.java:88)
08-04 01:15:15.581 29472 30409 E baseline.com.newsblur.network.APIResponse: 	at okhttp3.internal.http.RealInterceptorChain.proceed(RealInterceptorChain.java:142)
08-04 01:15:15.581 29472 30409 E baseline.com.newsblur.network.APIResponse: 	at okhttp3.internal.http.RealInterceptorChain.proceed(RealInterceptorChain.java:117)
08-04 01:15:15.581 29472 30409 E baseline.com.newsblur.network.APIResponse: 	at okhttp3.RealCall.getResponseWithInterceptorChain(RealCall.java:229)
08-04 01:15:15.581 29472 30409 E baseline.com.newsblur.network.APIResponse: 	at okhttp3.RealCall.execute(RealCall.java:81)
08-04 01:15:15.581 29472 30409 E baseline.com.newsblur.network.APIResponse: 	at baseline.com.newsblur.network.APIResponse.<init>(APIResponse.java:57)
08-04 01:15:15.581 29472 30409 E baseline.com.newsblur.network.APIResponse: 	at baseline.com.newsblur.network.APIManager.get_single(APIManager.java:639)
08-04 01:15:15.581 29472 30409 E baseline.com.newsblur.network.APIResponse: 	at baseline.com.newsblur.network.APIManager.get(APIManager.java:625)
08-04 01:15:15.581 29472 30409 E baseline.com.newsblur.network.APIResponse: 	at baseline.com.newsblur.network.APIManager.get(APIManager.java:667)
08-04 01:15:15.581 29472 30409 E baseline.com.newsblur.network.APIResponse: 	at baseline.com.newsblur.network.APIManager.getFeedUnreadCounts(APIManager.java:274)
08-04 01:15:15.581 29472 30409 E baseline.com.newsblur.network.APIResponse: 	at baseline.com.newsblur.service.NBSyncService.checkRecounts(NBSyncService.java:660)
08-04 01:15:15.581 29472 30409 E baseline.com.newsblur.network.APIResponse: 	at baseline.com.newsblur.service.NBSyncService.doSync(NBSyncService.java:310)
08-04 01:15:15.581 29472 30409 E baseline.com.newsblur.network.APIResponse: 	at baseline.com.newsblur.service.NBSyncService.access$100(NBSyncService.java:67)
08-04 01:15:15.581 29472 30409 E baseline.com.newsblur.network.APIResponse: 	at baseline.com.newsblur.service.NBSyncService$1.run(NBSyncService.java:188)
08-04 01:15:15.581 29472 30409 E baseline.com.newsblur.network.APIResponse: 	at java.util.concurrent.ThreadPoolExecutor.runWorker(ThreadPoolExecutor.java:1113)
08-04 01:15:15.581 29472 30409 E baseline.com.newsblur.network.APIResponse: 	at java.util.concurrent.ThreadPoolExecutor$Worker.run(ThreadPoolExecutor.java:588)
08-04 01:15:15.581 29472 30409 E baseline.com.newsblur.network.APIResponse: 	at java.lang.Thread.run(Thread.java:818)
08-04 01:15:15.581 29472 30409 E baseline.com.newsblur.network.APIResponse: Caused by: java.io.EOFException: \n not found: limit=0 content=
08-04 01:15:15.581 29472 30409 E baseline.com.newsblur.network.APIResponse: 	at okio.RealBufferedSource.readUtf8LineStrict(RealBufferedSource.java:240)
08-04 01:15:15.581 29472 30409 E baseline.com.newsblur.network.APIResponse: 	at okhttp3.internal.http1.Http1ExchangeCodec.readHeaderLine(Http1ExchangeCodec.java:242)
08-04 01:15:15.581 29472 30409 E baseline.com.newsblur.network.APIResponse: 	at okhttp3.internal.http1.Http1ExchangeCodec.readResponseHeaders(Http1ExchangeCodec.java:213)
08-04 01:15:15.581 29472 30409 E baseline.com.newsblur.network.APIResponse: 	... 28 more
08-04 01:15:15.583 29472 30409 W baseline.com.newsblur.service.NBSyncService: Bad response to feed_unread_count
08-04 01:15:15.592 29472 29483 I art     : Starting a blocking GC Explicit
08-04 01:15:15.630 29472 29483 I art     : Explicit concurrent mark sweep GC freed 4439(410KB) AllocSpace objects, 5(100KB) LOS objects, 29% free, 37MB/53MB, paused 1.098ms total 37.474ms
08-04 01:15:15.639 29472 29483 I art     : Starting a blocking GC Explicit
08-04 01:15:15.675 29472 29483 I art     : Explicit concurrent mark sweep GC freed 138(17KB) AllocSpace objects, 1(20KB) LOS objects, 29% free, 37MB/53MB, paused 1.077ms total 35.042ms
08-04 01:15:15.684 29472 29483 I art     : Starting a blocking GC Explicit
08-04 01:15:15.720 29472 29483 I art     : Explicit concurrent mark sweep GC freed 10(384B) AllocSpace objects, 0(0B) LOS objects, 29% free, 37MB/53MB, paused 1.002ms total 35.670ms
08-04 01:15:15.730 29472 29483 I art     : Starting a blocking GC Explicit
08-04 01:15:15.766 29472 29483 I art     : Explicit concurrent mark sweep GC freed 3(96B) AllocSpace objects, 0(0B) LOS objects, 29% free, 37MB/53MB, paused 1.084ms total 35.401ms
08-04 01:15:15.776 29472 29483 I art     : Starting a blocking GC Explicit
08-04 01:15:15.813 29472 29483 I art     : Explicit concurrent mark sweep GC freed 3(96B) AllocSpace objects, 0(0B) LOS objects, 29% free, 37MB/53MB, paused 1.080ms total 36.331ms
08-04 01:15:16.001 29472 30409 E baseline.com.newsblur.network.APIResponse: Error (unexpected end of stream on https://www.newsblur.com/...) calling https://www.newsblur.com/reader/mark_story_hashes_as_read/
08-04 01:15:16.001 29472 30409 E baseline.com.newsblur.network.APIResponse: java.io.IOException: unexpected end of stream on https://www.newsblur.com/...
08-04 01:15:16.001 29472 30409 E baseline.com.newsblur.network.APIResponse: 	at okhttp3.internal.http1.Http1ExchangeCodec.readResponseHeaders(Http1ExchangeCodec.java:236)
08-04 01:15:16.001 29472 30409 E baseline.com.newsblur.network.APIResponse: 	at okhttp3.internal.connection.Exchange.readResponseHeaders(Exchange.java:115)
08-04 01:15:16.001 29472 30409 E baseline.com.newsblur.network.APIResponse: 	at okhttp3.internal.http.CallServerInterceptor.intercept(CallServerInterceptor.java:94)
08-04 01:15:16.001 29472 30409 E baseline.com.newsblur.network.APIResponse: 	at okhttp3.internal.http.RealInterceptorChain.proceed(RealInterceptorChain.java:142)
08-04 01:15:16.001 29472 30409 E baseline.com.newsblur.network.APIResponse: 	at okhttp3.internal.connection.ConnectInterceptor.intercept(ConnectInterceptor.java:43)
08-04 01:15:16.001 29472 30409 E baseline.com.newsblur.network.APIResponse: 	at okhttp3.internal.http.RealInterceptorChain.proceed(RealInterceptorChain.java:142)
08-04 01:15:16.001 29472 30409 E baseline.com.newsblur.network.APIResponse: 	at okhttp3.internal.http.RealInterceptorChain.proceed(RealInterceptorChain.java:117)
08-04 01:15:16.001 29472 30409 E baseline.com.newsblur.network.APIResponse: 	at okhttp3.internal.cache.CacheInterceptor.intercept(CacheInterceptor.java:94)
08-04 01:15:16.001 29472 30409 E baseline.com.newsblur.network.APIResponse: 	at okhttp3.internal.http.RealInterceptorChain.proceed(RealInterceptorChain.java:142)
08-04 01:15:16.001 29472 30409 E baseline.com.newsblur.network.APIResponse: 	at okhttp3.internal.http.RealInterceptorChain.proceed(RealInterceptorChain.java:117)
08-04 01:15:16.001 29472 30409 E baseline.com.newsblur.network.APIResponse: 	at okhttp3.internal.http.BridgeInterceptor.intercept(BridgeInterceptor.java:93)
08-04 01:15:16.001 29472 30409 E baseline.com.newsblur.network.APIResponse: 	at okhttp3.internal.http.RealInterceptorChain.proceed(RealInterceptorChain.java:142)
08-04 01:15:16.001 29472 30409 E baseline.com.newsblur.network.APIResponse: 	at okhttp3.internal.http.RetryAndFollowUpInterceptor.intercept(RetryAndFollowUpInterceptor.java:88)
08-04 01:15:16.001 29472 30409 E baseline.com.newsblur.network.APIResponse: 	at okhttp3.internal.http.RealInterceptorChain.proceed(RealInterceptorChain.java:142)
08-04 01:15:16.001 29472 30409 E baseline.com.newsblur.network.APIResponse: 	at okhttp3.internal.http.RealInterceptorChain.proceed(RealInterceptorChain.java:117)
08-04 01:15:16.001 29472 30409 E baseline.com.newsblur.network.APIResponse: 	at okhttp3.RealCall.getResponseWithInterceptorChain(RealCall.java:229)
08-04 01:15:16.001 29472 30409 E baseline.com.newsblur.network.APIResponse: 	at okhttp3.RealCall.execute(RealCall.java:81)
08-04 01:15:16.001 29472 30409 E baseline.com.newsblur.network.APIResponse: 	at baseline.com.newsblur.network.APIResponse.<init>(APIResponse.java:57)
08-04 01:15:16.001 29472 30409 E baseline.com.newsblur.network.APIResponse: 	at baseline.com.newsblur.network.APIResponse.<init>(APIResponse.java:43)
08-04 01:15:16.001 29472 30409 E baseline.com.newsblur.network.APIResponse: 	at baseline.com.newsblur.network.APIManager.post_single(APIManager.java:702)
08-04 01:15:16.001 29472 30409 E baseline.com.newsblur.network.APIResponse: 	at baseline.com.newsblur.network.APIManager.post(APIManager.java:675)
08-04 01:15:16.001 29472 30409 E baseline.com.newsblur.network.APIResponse: 	at baseline.com.newsblur.network.APIManager.post(APIManager.java:714)
08-04 01:15:16.001 29472 30409 E baseline.com.newsblur.network.APIResponse: 	at baseline.com.newsblur.network.APIManager.markStoryAsRead(APIManager.java:205)
08-04 01:15:16.001 29472 30409 E baseline.com.newsblur.network.APIResponse: 	at baseline.com.newsblur.util.ReadingAction.doRemote(ReadingAction.java:281)
08-04 01:15:16.001 29472 30409 E baseline.com.newsblur.network.APIResponse: 	at baseline.com.newsblur.service.NBSyncService.syncActions(NBSyncService.java:400)
08-04 01:15:16.001 29472 30409 E baseline.com.newsblur.network.APIResponse: 	at baseline.com.newsblur.service.NBSyncService.doSync(NBSyncService.java:298)
08-04 01:15:16.001 29472 30409 E baseline.com.newsblur.network.APIResponse: 	at baseline.com.newsblur.service.NBSyncService.access$100(NBSyncService.java:67)
08-04 01:15:16.001 29472 30409 E baseline.com.newsblur.network.APIResponse: 	at baseline.com.newsblur.service.NBSyncService$1.run(NBSyncService.java:188)
08-04 01:15:16.001 29472 30409 E baseline.com.newsblur.network.APIResponse: 	at java.util.concurrent.ThreadPoolExecutor.runWorker(ThreadPoolExecutor.java:1113)
08-04 01:15:16.001 29472 30409 E baseline.com.newsblur.network.APIResponse: 	at java.util.concurrent.ThreadPoolExecutor$Worker.run(ThreadPoolExecutor.java:588)
08-04 01:15:16.001 29472 30409 E baseline.com.newsblur.network.APIResponse: 	at java.lang.Thread.run(Thread.java:818)
08-04 01:15:16.001 29472 30409 E baseline.com.newsblur.network.APIResponse: Caused by: java.io.EOFException: \n not found: limit=0 content=
08-04 01:15:16.001 29472 30409 E baseline.com.newsblur.network.APIResponse: 	at okio.RealBufferedSource.readUtf8LineStrict(RealBufferedSource.java:240)
08-04 01:15:16.001 29472 30409 E baseline.com.newsblur.network.APIResponse: 	at okhttp3.internal.http1.Http1ExchangeCodec.readHeaderLine(Http1ExchangeCodec.java:242)
08-04 01:15:16.001 29472 30409 E baseline.com.newsblur.network.APIResponse: 	at okhttp3.internal.http1.Http1ExchangeCodec.readResponseHeaders(Http1ExchangeCodec.java:213)
08-04 01:15:16.001 29472 30409 E baseline.com.newsblur.network.APIResponse: 	... 30 more
08-04 01:15:16.003 29472 30409 I baseline.com.newsblur.network.APIManager: API call failed, pausing before retry number 1
08-04 01:15:16.132 29472 29745 I art     : Starting a blocking GC Explicit
08-04 01:15:16.164 29472 29745 I art     : Explicit concurrent mark sweep GC freed 3945(357KB) AllocSpace objects, 3(60KB) LOS objects, 29% free, 37MB/53MB, paused 983us total 31.791ms
08-04 01:15:16.173 29472 29745 I art     : Starting a blocking GC Explicit
08-04 01:15:16.204 29472 29745 I art     : Explicit concurrent mark sweep GC freed 109(3KB) AllocSpace objects, 0(0B) LOS objects, 29% free, 37MB/53MB, paused 983us total 31.253ms
08-04 01:15:16.213 29472 29745 I art     : Starting a blocking GC Explicit
08-04 01:15:16.244 29472 29745 I art     : Explicit concurrent mark sweep GC freed 3(96B) AllocSpace objects, 0(0B) LOS objects, 29% free, 37MB/53MB, paused 980us total 30.913ms
08-04 01:15:16.254 29472 29745 I art     : Starting a blocking GC Explicit
08-04 01:15:16.285 29472 29745 I art     : Explicit concurrent mark sweep GC freed 3(96B) AllocSpace objects, 0(0B) LOS objects, 29% free, 37MB/53MB, paused 986us total 31.657ms
08-04 01:15:16.295 29472 29745 I art     : Starting a blocking GC Explicit
08-04 01:15:16.327 29472 29745 I art     : Explicit concurrent mark sweep GC freed 3(96B) AllocSpace objects, 0(0B) LOS objects, 29% free, 37MB/53MB, paused 991us total 32.030ms
08-04 01:15:16.388 30785 30785 D AndroidRuntime: >>>>>> START com.android.internal.os.RuntimeInit uid 2000 <<<<<<
08-04 01:15:16.392 30785 30785 D AndroidRuntime: CheckJNI is OFF
08-04 01:15:16.425 30785 30785 D ICU     : No timezone override file found: /data/misc/zoneinfo/current/icu/icu_tzdata.dat
08-04 01:15:16.457 30785 30785 I Radio-JNI: register_android_hardware_Radio DONE
08-04 01:15:16.478 30785 30785 D AndroidRuntime: Calling main entry com.android.commands.input.Input
08-04 01:15:16.479 30785 30785 I Input   : injectMotionEvent: MotionEvent { action=ACTION_DOWN, actionButton=0, id[0]=0, x[0]=436.0, y[0]=453.0, toolType[0]=TOOL_TYPE_UNKNOWN, buttonState=0, metaState=0, flags=0x0, edgeFlags=0x0, pointerCount=1, historySize=0, eventTime=666932892, downTime=666932892, deviceId=0, source=0x1002 }
08-04 01:15:16.485 30785 30785 I Input   : injectMotionEvent: MotionEvent { action=ACTION_UP, actionButton=0, id[0]=0, x[0]=436.0, y[0]=453.0, toolType[0]=TOOL_TYPE_UNKNOWN, buttonState=0, metaState=0, flags=0x0, edgeFlags=0x0, pointerCount=1, historySize=0, eventTime=666932892, downTime=666932892, deviceId=0, source=0x1002 }
08-04 01:15:16.487 30785 30785 D AndroidRuntime: Shutting down VM
08-04 01:15:16.503   918   928 I ActivityManager: START u0 {cmp=baseline.com.newsblur/.activity.GlobalSharedStoriesReading (has extras)} from uid 10652 on display 0
08-04 01:15:16.505   512  2967 D audio_hw_primary: out_set_parameters: enter: usecase(1: low-latency-playback) kvpairs: routing=2
08-04 01:15:16.518   512  2967 D audio_hw_primary: select_devices: out_snd_device(2: speaker) in_snd_device(0: none)
08-04 01:15:16.518   512  2967 D msm8974_platform: platform_send_audio_calibration: sending audio calibration for snd_device(2) acdb_id(15)
08-04 01:15:16.518   512  2967 I soundtrigger: audio_extn_sound_trigger_update_device_status: device 0x2 of type 0 for Event 1
08-04 01:15:16.530   512  2967 D audio_hw_primary: enable_snd_device: snd_device(2: speaker)
08-04 01:15:16.532   512  2967 D audio_hw_primary: enable_audio_route: apply and update mixer path: low-latency-playback speaker
08-04 01:15:16.637 29472 29484 I art     : Starting a blocking GC Explicit
08-04 01:15:16.670 29472 29484 I art     : Explicit concurrent mark sweep GC freed 2957(239KB) AllocSpace objects, 6(548KB) LOS objects, 29% free, 37MB/53MB, paused 1.245ms total 33.246ms
08-04 01:15:16.683 29472 29484 I art     : Starting a blocking GC Explicit
08-04 01:15:16.698   918   936 I ActivityManager: Displayed baseline.com.newsblur/.activity.GlobalSharedStoriesReading: +184ms
08-04 01:15:16.702 13866 13866 I GoogleInputMethodServic: GoogleInputMethodService.onFinishInput():3138 
08-04 01:15:16.703 13866 13866 I GoogleInputMethodServic: GoogleInputMethodService.onStartInput():1808 
08-04 01:15:16.718 29472 29484 I art     : Explicit concurrent mark sweep GC freed 855(56KB) AllocSpace objects, 1(20KB) LOS objects, 29% free, 37MB/53MB, paused 1.561ms total 35.602ms
08-04 01:15:16.729 29472 29484 I art     : Starting a blocking GC Explicit
08-04 01:15:16.765 29472 29484 I art     : Explicit concurrent mark sweep GC freed 1630(106KB) AllocSpace objects, 2(40KB) LOS objects, 29% free, 38MB/54MB, paused 1.435ms total 36.536ms
08-04 01:15:16.777 29472 29484 I art     : Starting a blocking GC Explicit
08-04 01:15:16.816 29472 29484 I art     : Explicit concurrent mark sweep GC freed 1049(85KB) AllocSpace objects, 10(244KB) LOS objects, 29% free, 38MB/54MB, paused 1.345ms total 37.989ms
08-04 01:15:16.826 29472 29484 I art     : Starting a blocking GC Explicit
08-04 01:15:16.863 29472 29484 I art     : Explicit concurrent mark sweep GC freed 574(56KB) AllocSpace objects, 0(0B) LOS objects, 29% free, 38MB/54MB, paused 1.051ms total 36.708ms
08-04 01:15:16.932 29472 30078 E chromium: [ERROR:tile_manager.cc(793)] WARNING: tile memory limits exceeded, some content may not draw
08-04 01:15:16.933 29472 30078 E chromium: [ERROR:tile_manager.cc(793)] WARNING: tile memory limits exceeded, some content may not draw
08-04 01:15:17.068   512  2967 D audio_hw_primary: disable_audio_route: reset and update mixer path: low-latency-playback speaker
08-04 01:15:17.074   512  2967 D audio_hw_primary: disable_snd_device: snd_device(2: speaker)
08-04 01:15:17.084   512  2967 I soundtrigger: audio_extn_sound_trigger_update_device_status: device 0x2 of type 0 for Event 0
08-04 01:15:17.183 29472 29731 I art     : Starting a blocking GC Explicit
08-04 01:15:17.221 29472 29731 I art     : Explicit concurrent mark sweep GC freed 1648(103KB) AllocSpace objects, 2(40KB) LOS objects, 29% free, 38MB/54MB, paused 959us total 37.835ms
08-04 01:15:17.231 29472 29731 I art     : Starting a blocking GC Explicit
08-04 01:15:17.265 29472 29731 I art     : Explicit concurrent mark sweep GC freed 29(1072B) AllocSpace objects, 0(0B) LOS objects, 29% free, 38MB/54MB, paused 1.015ms total 34.027ms
08-04 01:15:17.265 29472 29482 I art     : WaitForGcToComplete blocked for 31.743ms for cause HeapTrim
08-04 01:15:17.275 29472 29731 I art     : Starting a blocking GC Explicit
08-04 01:15:17.313 29472 29731 I art     : Explicit concurrent mark sweep GC freed 3(96B) AllocSpace objects, 0(0B) LOS objects, 29% free, 38MB/54MB, paused 1.128ms total 38.272ms
08-04 01:15:17.324 29472 29731 I art     : Starting a blocking GC Explicit
08-04 01:15:17.363 29472 29731 I art     : Explicit concurrent mark sweep GC freed 3(96B) AllocSpace objects, 0(0B) LOS objects, 29% free, 38MB/54MB, paused 1.045ms total 38.734ms
08-04 01:15:17.374 29472 29731 I art     : Starting a blocking GC Explicit
08-04 01:15:17.413 29472 29731 I art     : Explicit concurrent mark sweep GC freed 3(96B) AllocSpace objects, 0(0B) LOS objects, 29% free, 38MB/54MB, paused 1.173ms total 39.622ms
08-04 01:15:17.731 29472 29483 I art     : Starting a blocking GC Explicit
08-04 01:15:17.770 29472 29483 I art     : Explicit concurrent mark sweep GC freed 1609(91KB) AllocSpace objects, 1(20KB) LOS objects, 29% free, 38MB/54MB, paused 1.116ms total 38.916ms
08-04 01:15:17.781 29472 29483 I art     : Starting a blocking GC Explicit
08-04 01:15:17.820 29472 29483 I art     : Explicit concurrent mark sweep GC freed 28(1040B) AllocSpace objects, 0(0B) LOS objects, 29% free, 38MB/54MB, paused 1.103ms total 38.010ms
08-04 01:15:17.830 29472 29483 I art     : Starting a blocking GC Explicit
08-04 01:15:17.869 29472 29483 I art     : Explicit concurrent mark sweep GC freed 3(96B) AllocSpace objects, 0(0B) LOS objects, 29% free, 38MB/54MB, paused 1.146ms total 38.506ms
08-04 01:15:17.879 29472 29483 I art     : Starting a blocking GC Explicit
08-04 01:15:17.918 29472 29483 I art     : Explicit concurrent mark sweep GC freed 3(96B) AllocSpace objects, 0(0B) LOS objects, 29% free, 38MB/54MB, paused 1.182ms total 38.227ms
08-04 01:15:17.928 29472 29483 I art     : Starting a blocking GC Explicit
08-04 01:15:17.968 29472 29483 I art     : Explicit concurrent mark sweep GC freed 5(160B) AllocSpace objects, 0(0B) LOS objects, 29% free, 38MB/54MB, paused 1.181ms total 39.030ms
08-04 01:15:18.027 29472 30409 E baseline.com.newsblur.network.APIResponse: Error (unexpected end of stream on https://www.newsblur.com/...) calling https://www.newsblur.com/reader/mark_story_hashes_as_read/
08-04 01:15:18.027 29472 30409 E baseline.com.newsblur.network.APIResponse: java.io.IOException: unexpected end of stream on https://www.newsblur.com/...
08-04 01:15:18.027 29472 30409 E baseline.com.newsblur.network.APIResponse: 	at okhttp3.internal.http1.Http1ExchangeCodec.readResponseHeaders(Http1ExchangeCodec.java:236)
08-04 01:15:18.027 29472 30409 E baseline.com.newsblur.network.APIResponse: 	at okhttp3.internal.connection.Exchange.readResponseHeaders(Exchange.java:115)
08-04 01:15:18.027 29472 30409 E baseline.com.newsblur.network.APIResponse: 	at okhttp3.internal.http.CallServerInterceptor.intercept(CallServerInterceptor.java:94)
08-04 01:15:18.027 29472 30409 E baseline.com.newsblur.network.APIResponse: 	at okhttp3.internal.http.RealInterceptorChain.proceed(RealInterceptorChain.java:142)
08-04 01:15:18.027 29472 30409 E baseline.com.newsblur.network.APIResponse: 	at okhttp3.internal.connection.ConnectInterceptor.intercept(ConnectInterceptor.java:43)
08-04 01:15:18.027 29472 30409 E baseline.com.newsblur.network.APIResponse: 	at okhttp3.internal.http.RealInterceptorChain.proceed(RealInterceptorChain.java:142)
08-04 01:15:18.027 29472 30409 E baseline.com.newsblur.network.APIResponse: 	at okhttp3.internal.http.RealInterceptorChain.proceed(RealInterceptorChain.java:117)
08-04 01:15:18.027 29472 30409 E baseline.com.newsblur.network.APIResponse: 	at okhttp3.internal.cache.CacheInterceptor.intercept(CacheInterceptor.java:94)
08-04 01:15:18.027 29472 30409 E baseline.com.newsblur.network.APIResponse: 	at okhttp3.internal.http.RealInterceptorChain.proceed(RealInterceptorChain.java:142)
08-04 01:15:18.027 29472 30409 E baseline.com.newsblur.network.APIResponse: 	at okhttp3.internal.http.RealInterceptorChain.proceed(RealInterceptorChain.java:117)
08-04 01:15:18.027 29472 30409 E baseline.com.newsblur.network.APIResponse: 	at okhttp3.internal.http.BridgeInterceptor.intercept(BridgeInterceptor.java:93)
08-04 01:15:18.027 29472 30409 E baseline.com.newsblur.network.APIResponse: 	at okhttp3.internal.http.RealInterceptorChain.proceed(RealInterceptorChain.java:142)
08-04 01:15:18.027 29472 30409 E baseline.com.newsblur.network.APIResponse: 	at okhttp3.internal.http.RetryAndFollowUpInterceptor.intercept(RetryAndFollowUpInterceptor.java:88)
08-04 01:15:18.027 29472 30409 E baseline.com.newsblur.network.APIResponse: 	at okhttp3.internal.http.RealInterceptorChain.proceed(RealInterceptorChain.java:142)
08-04 01:15:18.027 29472 30409 E baseline.com.newsblur.network.APIResponse: 	at okhttp3.internal.http.RealInterceptorChain.proceed(RealInterceptorChain.java:117)
08-04 01:15:18.027 29472 30409 E baseline.com.newsblur.network.APIResponse: 	at okhttp3.RealCall.getResponseWithInterceptorChain(RealCall.java:229)
08-04 01:15:18.027 29472 30409 E baseline.com.newsblur.network.APIResponse: 	at okhttp3.RealCall.execute(RealCall.java:81)
08-04 01:15:18.027 29472 30409 E baseline.com.newsblur.network.APIResponse: 	at baseline.com.newsblur.network.APIResponse.<init>(APIResponse.java:57)
08-04 01:15:18.027 29472 30409 E baseline.com.newsblur.network.APIResponse: 	at baseline.com.newsblur.network.APIResponse.<init>(APIResponse.java:43)
08-04 01:15:18.027 29472 30409 E baseline.com.newsblur.network.APIResponse: 	at baseline.com.newsblur.network.APIManager.post_single(APIManager.java:702)
08-04 01:15:18.027 29472 30409 E baseline.com.newsblur.network.APIResponse: 	at baseline.com.newsblur.network.APIManager.post(APIManager.java:675)
08-04 01:15:18.027 29472 30409 E baseline.com.newsblur.network.APIResponse: 	at baseline.com.newsblur.network.APIManager.post(APIManager.java:714)
08-04 01:15:18.027 29472 30409 E baseline.com.newsblur.network.APIResponse: 	at baseline.com.newsblur.network.APIManager.markStoryAsRead(APIManager.java:205)
08-04 01:15:18.027 29472 30409 E baseline.com.newsblur.network.APIResponse: 	at baseline.com.newsblur.util.ReadingAction.doRemote(ReadingAction.java:281)
08-04 01:15:18.027 29472 30409 E baseline.com.newsblur.network.APIResponse: 	at baseline.com.newsblur.service.NBSyncService.syncActions(NBSyncService.java:400)
08-04 01:15:18.027 29472 30409 E baseline.com.newsblur.network.APIResponse: 	at baseline.com.newsblur.service.NBSyncService.doSync(NBSyncService.java:298)
08-04 01:15:18.027 29472 30409 E baseline.com.newsblur.network.APIResponse: 	at baseline.com.newsblur.service.NBSyncService.access$100(NBSyncService.java:67)
08-04 01:15:18.027 29472 30409 E baseline.com.newsblur.network.APIResponse: 	at baseline.com.newsblur.service.NBSyncService$1.run(NBSyncService.java:188)
08-04 01:15:18.027 29472 30409 E baseline.com.newsblur.network.APIResponse: 	at java.util.concurrent.ThreadPoolExecutor.runWorker(ThreadPoolExecutor.java:1113)
08-04 01:15:18.027 29472 30409 E baseline.com.newsblur.network.APIResponse: 	at java.util.concurrent.ThreadPoolExecutor$Worker.run(ThreadPoolExecutor.java:588)
08-04 01:15:18.027 29472 30409 E baseline.com.newsblur.network.APIResponse: 	at java.lang.Thread.run(Thread.java:818)
08-04 01:15:18.027 29472 30409 E baseline.com.newsblur.network.APIResponse: Caused by: java.io.EOFException: \n not found: limit=0 content=
08-04 01:15:18.027 29472 30409 E baseline.com.newsblur.network.APIResponse: 	at okio.RealBufferedSource.readUtf8LineStrict(RealBufferedSource.java:240)
08-04 01:15:18.027 29472 30409 E baseline.com.newsblur.network.APIResponse: 	at okhttp3.internal.http1.Http1ExchangeCodec.readHeaderLine(Http1ExchangeCodec.java:242)
08-04 01:15:18.027 29472 30409 E baseline.com.newsblur.network.APIResponse: 	at okhttp3.internal.http1.Http1ExchangeCodec.readResponseHeaders(Http1ExchangeCodec.java:213)
08-04 01:15:18.027 29472 30409 E baseline.com.newsblur.network.APIResponse: 	... 30 more
08-04 01:15:18.029 29472 30409 I baseline.com.newsblur.network.APIManager: API call failed, pausing before retry number 2
08-04 01:15:18.312 29472 29745 I art     : Starting a blocking GC Explicit
08-04 01:15:18.353 29472 29745 I art     : Explicit concurrent mark sweep GC freed 4012(359KB) AllocSpace objects, 3(60KB) LOS objects, 29% free, 38MB/54MB, paused 1.078ms total 40.286ms
08-04 01:15:18.363 29472 29745 I art     : Starting a blocking GC Explicit
08-04 01:15:18.402 29472 29745 I art     : Explicit concurrent mark sweep GC freed 119(4KB) AllocSpace objects, 0(0B) LOS objects, 29% free, 38MB/54MB, paused 1.058ms total 38.241ms
08-04 01:15:18.412 29472 29745 I art     : Starting a blocking GC Explicit
08-04 01:15:18.451 29472 29745 I art     : Explicit concurrent mark sweep GC freed 3(96B) AllocSpace objects, 0(0B) LOS objects, 29% free, 38MB/54MB, paused 1.069ms total 38.705ms
08-04 01:15:18.462 29472 29745 I art     : Starting a blocking GC Explicit
08-04 01:15:18.501 29472 29745 I art     : Explicit concurrent mark sweep GC freed 3(96B) AllocSpace objects, 0(0B) LOS objects, 29% free, 38MB/54MB, paused 1.162ms total 39.405ms
08-04 01:15:18.512 29472 29745 I art     : Starting a blocking GC Explicit
08-04 01:15:18.551 29472 29745 I art     : Explicit concurrent mark sweep GC freed 3(96B) AllocSpace objects, 0(0B) LOS objects, 29% free, 38MB/54MB, paused 1.055ms total 38.842ms
08-04 01:15:18.914 29472 29483 I art     : Starting a blocking GC Explicit
08-04 01:15:18.955 29472 29483 I art     : Explicit concurrent mark sweep GC freed 1444(83KB) AllocSpace objects, 1(20KB) LOS objects, 29% free, 38MB/54MB, paused 1.153ms total 41.434ms
08-04 01:15:18.968 29472 29483 I art     : Starting a blocking GC Explicit
08-04 01:15:19.005 29472 29483 I art     : Explicit concurrent mark sweep GC freed 22(784B) AllocSpace objects, 0(0B) LOS objects, 29% free, 38MB/54MB, paused 1.035ms total 37.241ms
08-04 01:15:19.016 29472 29483 I art     : Starting a blocking GC Explicit
08-04 01:15:19.053 29472 29483 I art     : Explicit concurrent mark sweep GC freed 3(96B) AllocSpace objects, 0(0B) LOS objects, 29% free, 38MB/54MB, paused 1.019ms total 37.532ms
08-04 01:15:19.064 29472 29483 I art     : Starting a blocking GC Explicit
08-04 01:15:19.101 29472 29483 I art     : Explicit concurrent mark sweep GC freed 3(96B) AllocSpace objects, 0(0B) LOS objects, 29% free, 38MB/54MB, paused 1.050ms total 37.305ms
08-04 01:15:19.112 29472 29483 I art     : Starting a blocking GC Explicit
08-04 01:15:19.150 29472 29483 I art     : Explicit concurrent mark sweep GC freed 3(96B) AllocSpace objects, 0(0B) LOS objects, 29% free, 38MB/54MB, paused 991us total 38.191ms
08-04 01:15:19.523 29472 29731 I art     : Starting a blocking GC Explicit
08-04 01:15:19.563 29472 29731 I art     : Explicit concurrent mark sweep GC freed 1443(83KB) AllocSpace objects, 1(20KB) LOS objects, 29% free, 38MB/54MB, paused 1.049ms total 39.744ms
08-04 01:15:19.573 29472 29731 I art     : Starting a blocking GC Explicit
08-04 01:15:19.612 29472 29731 I art     : Explicit concurrent mark sweep GC freed 22(784B) AllocSpace objects, 0(0B) LOS objects, 29% free, 38MB/54MB, paused 1.032ms total 38.376ms
08-04 01:15:19.622 29472 29731 I art     : Starting a blocking GC Explicit
08-04 01:15:19.662 29472 29731 I art     : Explicit concurrent mark sweep GC freed 3(96B) AllocSpace objects, 0(0B) LOS objects, 29% free, 38MB/54MB, paused 1.112ms total 39.189ms
08-04 01:15:19.672 29472 29731 I art     : Starting a blocking GC Explicit
08-04 01:15:19.711 29472 29731 I art     : Explicit concurrent mark sweep GC freed 3(96B) AllocSpace objects, 0(0B) LOS objects, 29% free, 38MB/54MB, paused 1.027ms total 38.566ms
08-04 01:15:19.722 29472 29731 I art     : Starting a blocking GC Explicit
08-04 01:15:19.761 29472 29731 I art     : Explicit concurrent mark sweep GC freed 3(96B) AllocSpace objects, 0(0B) LOS objects, 29% free, 38MB/54MB, paused 1.046ms total 39.584ms
08-04 01:15:20.128 29472 29484 I art     : Starting a blocking GC Explicit
08-04 01:15:20.168 29472 29484 I art     : Explicit concurrent mark sweep GC freed 1444(83KB) AllocSpace objects, 1(20KB) LOS objects, 29% free, 38MB/54MB, paused 1.189ms total 39.329ms
08-04 01:15:20.178 29472 29484 I art     : Starting a blocking GC Explicit
08-04 01:15:20.217 29472 29484 I art     : Explicit concurrent mark sweep GC freed 22(784B) AllocSpace objects, 0(0B) LOS objects, 29% free, 38MB/54MB, paused 1.186ms total 38.705ms
08-04 01:15:20.228 29472 29484 I art     : Starting a blocking GC Explicit
08-04 01:15:20.268 29472 29484 I art     : Explicit concurrent mark sweep GC freed 3(96B) AllocSpace objects, 0(0B) LOS objects, 29% free, 38MB/54MB, paused 1.186ms total 39.550ms
08-04 01:15:20.279 29472 29484 I art     : Starting a blocking GC Explicit
08-04 01:15:20.318 29472 29484 I art     : Explicit concurrent mark sweep GC freed 3(96B) AllocSpace objects, 0(0B) LOS objects, 29% free, 38MB/54MB, paused 1.074ms total 39.517ms
08-04 01:15:20.329 29472 29484 I art     : Starting a blocking GC Explicit
08-04 01:15:20.369 29472 29484 I art     : Explicit concurrent mark sweep GC freed 3(96B) AllocSpace objects, 0(0B) LOS objects, 29% free, 38MB/54MB, paused 1.091ms total 39.797ms
08-04 01:15:20.740 29472 29745 I art     : Starting a blocking GC Explicit
08-04 01:15:20.779 29472 29745 I art     : Explicit concurrent mark sweep GC freed 1444(83KB) AllocSpace objects, 1(20KB) LOS objects, 29% free, 38MB/54MB, paused 1.086ms total 38.290ms
08-04 01:15:20.789 29472 29745 I art     : Starting a blocking GC Explicit
08-04 01:15:20.826 29472 29745 I art     : Explicit concurrent mark sweep GC freed 22(784B) AllocSpace objects, 0(0B) LOS objects, 29% free, 38MB/54MB, paused 1.043ms total 36.573ms
08-04 01:15:20.836 29472 29745 I art     : Starting a blocking GC Explicit
08-04 01:15:20.873 29472 29745 I art     : Explicit concurrent mark sweep GC freed 3(96B) AllocSpace objects, 0(0B) LOS objects, 29% free, 38MB/54MB, paused 1.029ms total 37.070ms
08-04 01:15:20.883 29472 29745 I art     : Starting a blocking GC Explicit
08-04 01:15:20.921 29472 29745 I art     : Explicit concurrent mark sweep GC freed 3(96B) AllocSpace objects, 0(0B) LOS objects, 29% free, 38MB/54MB, paused 1.064ms total 37.384ms
08-04 01:15:20.931 29472 29745 I art     : Starting a blocking GC Explicit
08-04 01:15:20.968 29472 29745 I art     : Explicit concurrent mark sweep GC freed 3(96B) AllocSpace objects, 0(0B) LOS objects, 29% free, 38MB/54MB, paused 1.084ms total 37.051ms
08-04 01:15:21.126 30889 30889 D AndroidRuntime: >>>>>> START com.android.internal.os.RuntimeInit uid 2000 <<<<<<
08-04 01:15:21.132 30889 30889 D AndroidRuntime: CheckJNI is OFF
08-04 01:15:21.163 30889 30889 D ICU     : No timezone override file found: /data/misc/zoneinfo/current/icu/icu_tzdata.dat
08-04 01:15:21.194 30889 30889 I Radio-JNI: register_android_hardware_Radio DONE
08-04 01:15:21.215 30889 30889 D AndroidRuntime: Calling main entry com.android.commands.input.Input
08-04 01:15:21.217 30889 30889 I Input   : injectKeyEvent: KeyEvent { action=ACTION_DOWN, keyCode=KEYCODE_BACK, scanCode=0, metaState=0, flags=0x0, repeatCount=0, eventTime=666937630, downTime=666937630, deviceId=-1, source=0x101 }
08-04 01:15:21.228 30889 30889 I Input   : injectKeyEvent: KeyEvent { action=ACTION_UP, keyCode=KEYCODE_BACK, scanCode=0, metaState=0, flags=0x0, repeatCount=0, eventTime=666937630, downTime=666937630, deviceId=-1, source=0x101 }
08-04 01:15:21.234 30889 30889 D AndroidRuntime: Shutting down VM
08-04 01:15:21.316 29472 29745 I art     : Starting a blocking GC Explicit
08-04 01:15:21.355 29472 29745 I art     : Explicit concurrent mark sweep GC freed 2411(174KB) AllocSpace objects, 4(80KB) LOS objects, 29% free, 38MB/54MB, paused 1.143ms total 38.989ms
08-04 01:15:21.365 29472 29745 I art     : Starting a blocking GC Explicit
08-04 01:15:21.371 13866 13866 I GoogleInputMethodServic: GoogleInputMethodService.onFinishInput():3138 
08-04 01:15:21.372 13866 13866 I GoogleInputMethodServic: GoogleInputMethodService.onStartInput():1808 
08-04 01:15:21.401 29472 29745 I art     : Explicit concurrent mark sweep GC freed 587(52KB) AllocSpace objects, 1(20KB) LOS objects, 29% free, 38MB/54MB, paused 1.029ms total 35.465ms
08-04 01:15:21.411 29472 29745 I art     : Starting a blocking GC Explicit
08-04 01:15:21.445 29472 29745 I art     : Explicit concurrent mark sweep GC freed 491(40KB) AllocSpace objects, 0(0B) LOS objects, 29% free, 38MB/54MB, paused 1.062ms total 34.323ms
08-04 01:15:21.455 29472 29745 I art     : Starting a blocking GC Explicit
08-04 01:15:21.487 29472 29745 I art     : Explicit concurrent mark sweep GC freed 10(320B) AllocSpace objects, 1(28KB) LOS objects, 29% free, 38MB/54MB, paused 1.012ms total 31.889ms
08-04 01:15:21.497 29472 29745 I art     : Starting a blocking GC Explicit
08-04 01:15:21.533 29472 29745 I art     : Explicit concurrent mark sweep GC freed 3(96B) AllocSpace objects, 0(0B) LOS objects, 29% free, 38MB/54MB, paused 1.156ms total 36.469ms
08-04 01:15:21.608 29472 30409 E baseline.com.newsblur.network.APIResponse: Error (unexpected end of stream on https://www.newsblur.com/...) calling https://www.newsblur.com/reader/mark_story_hashes_as_read/
08-04 01:15:21.608 29472 30409 E baseline.com.newsblur.network.APIResponse: java.io.IOException: unexpected end of stream on https://www.newsblur.com/...
08-04 01:15:21.608 29472 30409 E baseline.com.newsblur.network.APIResponse: 	at okhttp3.internal.http1.Http1ExchangeCodec.readResponseHeaders(Http1ExchangeCodec.java:236)
08-04 01:15:21.608 29472 30409 E baseline.com.newsblur.network.APIResponse: 	at okhttp3.internal.connection.Exchange.readResponseHeaders(Exchange.java:115)
08-04 01:15:21.608 29472 30409 E baseline.com.newsblur.network.APIResponse: 	at okhttp3.internal.http.CallServerInterceptor.intercept(CallServerInterceptor.java:94)
08-04 01:15:21.608 29472 30409 E baseline.com.newsblur.network.APIResponse: 	at okhttp3.internal.http.RealInterceptorChain.proceed(RealInterceptorChain.java:142)
08-04 01:15:21.608 29472 30409 E baseline.com.newsblur.network.APIResponse: 	at okhttp3.internal.connection.ConnectInterceptor.intercept(ConnectInterceptor.java:43)
08-04 01:15:21.608 29472 30409 E baseline.com.newsblur.network.APIResponse: 	at okhttp3.internal.http.RealInterceptorChain.proceed(RealInterceptorChain.java:142)
08-04 01:15:21.608 29472 30409 E baseline.com.newsblur.network.APIResponse: 	at okhttp3.internal.http.RealInterceptorChain.proceed(RealInterceptorChain.java:117)
08-04 01:15:21.608 29472 30409 E baseline.com.newsblur.network.APIResponse: 	at okhttp3.internal.cache.CacheInterceptor.intercept(CacheInterceptor.java:94)
08-04 01:15:21.608 29472 30409 E baseline.com.newsblur.network.APIResponse: 	at okhttp3.internal.http.RealInterceptorChain.proceed(RealInterceptorChain.java:142)
08-04 01:15:21.608 29472 30409 E baseline.com.newsblur.network.APIResponse: 	at okhttp3.internal.http.RealInterceptorChain.proceed(RealInterceptorChain.java:117)
08-04 01:15:21.608 29472 30409 E baseline.com.newsblur.network.APIResponse: 	at okhttp3.internal.http.BridgeInterceptor.intercept(BridgeInterceptor.java:93)
08-04 01:15:21.608 29472 30409 E baseline.com.newsblur.network.APIResponse: 	at okhttp3.internal.http.RealInterceptorChain.proceed(RealInterceptorChain.java:142)
08-04 01:15:21.608 29472 30409 E baseline.com.newsblur.network.APIResponse: 	at okhttp3.internal.http.RetryAndFollowUpInterceptor.intercept(RetryAndFollowUpInterceptor.java:88)
08-04 01:15:21.608 29472 30409 E baseline.com.newsblur.network.APIResponse: 	at okhttp3.internal.http.RealInterceptorChain.proceed(RealInterceptorChain.java:142)
08-04 01:15:21.608 29472 30409 E baseline.com.newsblur.network.APIResponse: 	at okhttp3.internal.http.RealInterceptorChain.proceed(RealInterceptorChain.java:117)
08-04 01:15:21.608 29472 30409 E baseline.com.newsblur.network.APIResponse: 	at okhttp3.RealCall.getResponseWithInterceptorChain(RealCall.java:229)
08-04 01:15:21.608 29472 30409 E baseline.com.newsblur.network.APIResponse: 	at okhttp3.RealCall.execute(RealCall.java:81)
08-04 01:15:21.608 29472 30409 E baseline.com.newsblur.network.APIResponse: 	at baseline.com.newsblur.network.APIResponse.<init>(APIResponse.java:57)
08-04 01:15:21.608 29472 30409 E baseline.com.newsblur.network.APIResponse: 	at baseline.com.newsblur.network.APIResponse.<init>(APIResponse.java:43)
08-04 01:15:21.608 29472 30409 E baseline.com.newsblur.network.APIResponse: 	at baseline.com.newsblur.network.APIManager.post_single(APIManager.java:702)
08-04 01:15:21.608 29472 30409 E baseline.com.newsblur.network.APIResponse: 	at baseline.com.newsblur.network.APIManager.post(APIManager.java:675)
08-04 01:15:21.608 29472 30409 E baseline.com.newsblur.network.APIResponse: 	at baseline.com.newsblur.network.APIManager.post(APIManager.java:714)
08-04 01:15:21.608 29472 30409 E baseline.com.newsblur.network.APIResponse: 	at baseline.com.newsblur.network.APIManager.markStoryAsRead(APIManager.java:205)
08-04 01:15:21.608 29472 30409 E baseline.com.newsblur.network.APIResponse: 	at baseline.com.newsblur.util.ReadingAction.doRemote(ReadingAction.java:281)
08-04 01:15:21.608 29472 30409 E baseline.com.newsblur.network.APIResponse: 	at baseline.com.newsblur.service.NBSyncService.syncActions(NBSyncService.java:400)
08-04 01:15:21.608 29472 30409 E baseline.com.newsblur.network.APIResponse: 	at baseline.com.newsblur.service.NBSyncService.doSync(NBSyncService.java:298)
08-04 01:15:21.608 29472 30409 E baseline.com.newsblur.network.APIResponse: 	at baseline.com.newsblur.service.NBSyncService.access$100(NBSyncService.java:67)
08-04 01:15:21.608 29472 30409 E baseline.com.newsblur.network.APIResponse: 	at baseline.com.newsblur.service.NBSyncService$1.run(NBSyncService.java:188)
08-04 01:15:21.608 29472 30409 E baseline.com.newsblur.network.APIResponse: 	at java.util.concurrent.ThreadPoolExecutor.runWorker(ThreadPoolExecutor.java:1113)
08-04 01:15:21.608 29472 30409 E baseline.com.newsblur.network.APIResponse: 	at java.util.concurrent.ThreadPoolExecutor$Worker.run(ThreadPoolExecutor.java:588)
08-04 01:15:21.608 29472 30409 E baseline.com.newsblur.network.APIResponse: 	at java.lang.Thread.run(Thread.java:818)
08-04 01:15:21.608 29472 30409 E baseline.com.newsblur.network.APIResponse: Caused by: java.io.EOFException: \n not found: limit=0 content=
08-04 01:15:21.608 29472 30409 E baseline.com.newsblur.network.APIResponse: 	at okio.RealBufferedSource.readUtf8LineStrict(RealBufferedSource.java:240)
08-04 01:15:21.608 29472 30409 E baseline.com.newsblur.network.APIResponse: 	at okhttp3.internal.http1.Http1ExchangeCodec.readHeaderLine(Http1ExchangeCodec.java:242)
08-04 01:15:21.608 29472 30409 E baseline.com.newsblur.network.APIResponse: 	at okhttp3.internal.http1.Http1ExchangeCodec.readResponseHeaders(Http1ExchangeCodec.java:213)
08-04 01:15:21.608 29472 30409 E baseline.com.newsblur.network.APIResponse: 	... 30 more
08-04 01:15:21.610 29472 30409 I baseline.com.newsblur.service.NBSyncService: Holding reading action with server-side or network error.
08-04 01:15:21.621 29472 30409 W baseline.com.newsblur.service.NBSyncService: hard API failure
08-04 01:15:21.827 29472 29484 I art     : Starting a blocking GC Explicit
08-04 01:15:21.868 29472 29484 I art     : Explicit concurrent mark sweep GC freed 5872(516KB) AllocSpace objects, 7(140KB) LOS objects, 29% free, 38MB/54MB, paused 1.222ms total 41.155ms
08-04 01:15:21.880 29472 29484 I art     : Starting a blocking GC Explicit
08-04 01:15:21.916 29472 29484 I art     : Explicit concurrent mark sweep GC freed 344(14KB) AllocSpace objects, 0(0B) LOS objects, 29% free, 38MB/54MB, paused 1.141ms total 36.135ms
08-04 01:15:21.927 29472 29484 I art     : Starting a blocking GC Explicit
08-04 01:15:21.963 29472 29484 I art     : Explicit concurrent mark sweep GC freed 9(288B) AllocSpace objects, 0(0B) LOS objects, 29% free, 38MB/54MB, paused 1.025ms total 35.729ms
08-04 01:15:21.973 29472 29484 I art     : Starting a blocking GC Explicit
08-04 01:15:22.015 29472 29484 I art     : Explicit concurrent mark sweep GC freed 1610(63KB) AllocSpace objects, 0(0B) LOS objects, 29% free, 38MB/54MB, paused 1.125ms total 41.081ms
08-04 01:15:22.021 29472 30409 E baseline.com.newsblur.network.APIResponse: Error (unexpected end of stream on https://www.newsblur.com/...) calling https://www.newsblur.com/reader/mark_story_hashes_as_read/
08-04 01:15:22.021 29472 30409 E baseline.com.newsblur.network.APIResponse: java.io.IOException: unexpected end of stream on https://www.newsblur.com/...
08-04 01:15:22.021 29472 30409 E baseline.com.newsblur.network.APIResponse: 	at okhttp3.internal.http1.Http1ExchangeCodec.readResponseHeaders(Http1ExchangeCodec.java:236)
08-04 01:15:22.021 29472 30409 E baseline.com.newsblur.network.APIResponse: 	at okhttp3.internal.connection.Exchange.readResponseHeaders(Exchange.java:115)
08-04 01:15:22.021 29472 30409 E baseline.com.newsblur.network.APIResponse: 	at okhttp3.internal.http.CallServerInterceptor.intercept(CallServerInterceptor.java:94)
08-04 01:15:22.021 29472 30409 E baseline.com.newsblur.network.APIResponse: 	at okhttp3.internal.http.RealInterceptorChain.proceed(RealInterceptorChain.java:142)
08-04 01:15:22.021 29472 30409 E baseline.com.newsblur.network.APIResponse: 	at okhttp3.internal.connection.ConnectInterceptor.intercept(ConnectInterceptor.java:43)
08-04 01:15:22.021 29472 30409 E baseline.com.newsblur.network.APIResponse: 	at okhttp3.internal.http.RealInterceptorChain.proceed(RealInterceptorChain.java:142)
08-04 01:15:22.021 29472 30409 E baseline.com.newsblur.network.APIResponse: 	at okhttp3.internal.http.RealInterceptorChain.proceed(RealInterceptorChain.java:117)
08-04 01:15:22.021 29472 30409 E baseline.com.newsblur.network.APIResponse: 	at okhttp3.internal.cache.CacheInterceptor.intercept(CacheInterceptor.java:94)
08-04 01:15:22.021 29472 30409 E baseline.com.newsblur.network.APIResponse: 	at okhttp3.internal.http.RealInterceptorChain.proceed(RealInterceptorChain.java:142)
08-04 01:15:22.021 29472 30409 E baseline.com.newsblur.network.APIResponse: 	at okhttp3.internal.http.RealInterceptorChain.proceed(RealInterceptorChain.java:117)
08-04 01:15:22.021 29472 30409 E baseline.com.newsblur.network.APIResponse: 	at okhttp3.internal.http.BridgeInterceptor.intercept(BridgeInterceptor.java:93)
08-04 01:15:22.021 29472 30409 E baseline.com.newsblur.network.APIResponse: 	at okhttp3.internal.http.RealInterceptorChain.proceed(RealInterceptorChain.java:142)
08-04 01:15:22.021 29472 30409 E baseline.com.newsblur.network.APIResponse: 	at okhttp3.internal.http.RetryAndFollowUpInterceptor.intercept(RetryAndFollowUpInterceptor.java:88)
08-04 01:15:22.021 29472 30409 E baseline.com.newsblur.network.APIResponse: 	at okhttp3.internal.http.RealInterceptorChain.proceed(RealInterceptorChain.java:142)
08-04 01:15:22.021 29472 30409 E baseline.com.newsblur.network.APIResponse: 	at okhttp3.internal.http.RealInterceptorChain.proceed(RealInterceptorChain.java:117)
08-04 01:15:22.021 29472 30409 E baseline.com.newsblur.network.APIResponse: 	at okhttp3.RealCall.getResponseWithInterceptorChain(RealCall.java:229)
08-04 01:15:22.021 29472 30409 E baseline.com.newsblur.network.APIResponse: 	at okhttp3.RealCall.execute(RealCall.java:81)
08-04 01:15:22.021 29472 30409 E baseline.com.newsblur.network.APIResponse: 	at baseline.com.newsblur.network.APIResponse.<init>(APIResponse.java:57)
08-04 01:15:22.021 29472 30409 E baseline.com.newsblur.network.APIResponse: 	at baseline.com.newsblur.network.APIResponse.<init>(APIResponse.java:43)
08-04 01:15:22.021 29472 30409 E baseline.com.newsblur.network.APIResponse: 	at baseline.com.newsblur.network.APIManager.post_single(APIManager.java:702)
08-04 01:15:22.021 29472 30409 E baseline.com.newsblur.network.APIResponse: 	at baseline.com.newsblur.network.APIManager.post(APIManager.java:675)
08-04 01:15:22.021 29472 30409 E baseline.com.newsblur.network.APIResponse: 	at baseline.com.newsblur.network.APIManager.post(APIManager.java:714)
08-04 01:15:22.021 29472 30409 E baseline.com.newsblur.network.APIResponse: 	at baseline.com.newsblur.network.APIManager.markStoryAsRead(APIManager.java:205)
08-04 01:15:22.021 29472 30409 E baseline.com.newsblur.network.APIResponse: 	at baseline.com.newsblur.util.ReadingAction.doRemote(ReadingAction.java:281)
08-04 01:15:22.021 29472 30409 E baseline.com.newsblur.network.APIResponse: 	at baseline.com.newsblur.service.NBSyncService.syncActions(NBSyncService.java:400)
08-04 01:15:22.021 29472 30409 E baseline.com.newsblur.network.APIResponse: 	at baseline.com.newsblur.service.NBSyncService.doSync(NBSyncService.java:298)
08-04 01:15:22.021 29472 30409 E baseline.com.newsblur.network.APIResponse: 	at baseline.com.newsblur.service.NBSyncService.access$100(NBSyncService.java:67)
08-04 01:15:22.021 29472 30409 E baseline.com.newsblur.network.APIResponse: 	at baseline.com.newsblur.service.NBSyncService$1.run(NBSyncService.java:188)
08-04 01:15:22.021 29472 30409 E baseline.com.newsblur.network.APIResponse: 	at java.util.concurrent.ThreadPoolExecutor.runWorker(ThreadPoolExecutor.java:1113)
08-04 01:15:22.021 29472 30409 E baseline.com.newsblur.network.APIResponse: 	at java.util.concurrent.ThreadPoolExecutor$Worker.run(ThreadPoolExecutor.java:588)
08-04 01:15:22.021 29472 30409 E baseline.com.newsblur.network.APIResponse: 	at java.lang.Thread.run(Thread.java:818)
08-04 01:15:22.021 29472 30409 E baseline.com.newsblur.network.APIResponse: Caused by: java.io.EOFException: \n not found: limit=0 content=
08-04 01:15:22.021 29472 30409 E baseline.com.newsblur.network.APIResponse: 	at okio.RealBufferedSource.readUtf8LineStrict(RealBufferedSource.java:240)
08-04 01:15:22.021 29472 30409 E baseline.com.newsblur.network.APIResponse: 	at okhttp3.internal.http1.Http1ExchangeCodec.readHeaderLine(Http1ExchangeCodec.java:242)
08-04 01:15:22.021 29472 30409 E baseline.com.newsblur.network.APIResponse: 	at okhttp3.internal.http1.Http1ExchangeCodec.readResponseHeaders(Http1ExchangeCodec.java:213)
08-04 01:15:22.021 29472 30409 E baseline.com.newsblur.network.APIResponse: 	... 30 more
08-04 01:15:22.023 29472 30409 I baseline.com.newsblur.network.APIManager: API call failed, pausing before retry number 1
08-04 01:15:22.025 29472 29484 I art     : Starting a blocking GC Explicit
08-04 01:15:22.066 29472 29484 I art     : Explicit concurrent mark sweep GC freed 969(213KB) AllocSpace objects, 2(40KB) LOS objects, 29% free, 38MB/54MB, paused 1.049ms total 40.287ms
08-04 01:15:22.418 29472 29484 I art     : Starting a blocking GC Explicit
08-04 01:15:22.465 29472 29484 I art     : Explicit concurrent mark sweep GC freed 1538(86KB) AllocSpace objects, 1(20KB) LOS objects, 29% free, 38MB/54MB, paused 1.237ms total 45.962ms
08-04 01:15:22.477 29472 29484 I art     : Starting a blocking GC Explicit
08-04 01:15:22.517 29472 29484 I art     : Explicit concurrent mark sweep GC freed 28(976B) AllocSpace objects, 0(0B) LOS objects, 29% free, 38MB/54MB, paused 1.107ms total 40.163ms
08-04 01:15:22.529 29472 29484 I art     : Starting a blocking GC Explicit
08-04 01:15:22.565 29472 29484 I art     : Explicit concurrent mark sweep GC freed 9(288B) AllocSpace objects, 0(0B) LOS objects, 29% free, 38MB/54MB, paused 1.007ms total 35.590ms
08-04 01:15:22.575 29472 29484 I art     : Starting a blocking GC Explicit
08-04 01:15:22.611 29472 29484 I art     : Explicit concurrent mark sweep GC freed 9(288B) AllocSpace objects, 0(0B) LOS objects, 29% free, 38MB/54MB, paused 1.104ms total 35.958ms
08-04 01:15:22.620 29472 29484 I art     : Starting a blocking GC Explicit
08-04 01:15:22.660 29472 29484 I art     : Explicit concurrent mark sweep GC freed 10(320B) AllocSpace objects, 0(0B) LOS objects, 29% free, 38MB/54MB, paused 1.277ms total 39.588ms
08-04 01:15:22.890 30933 30933 D AndroidRuntime: >>>>>> START com.android.internal.os.RuntimeInit uid 2000 <<<<<<
08-04 01:15:22.895 30933 30933 D AndroidRuntime: CheckJNI is OFF
08-04 01:15:22.926 30933 30933 D ICU     : No timezone override file found: /data/misc/zoneinfo/current/icu/icu_tzdata.dat
08-04 01:15:22.958 30933 30933 I Radio-JNI: register_android_hardware_Radio DONE
08-04 01:15:22.981 30933 30933 D AndroidRuntime: Calling main entry com.android.commands.input.Input
08-04 01:15:22.983 30933 30933 I Input   : injectKeyEvent: KeyEvent { action=ACTION_DOWN, keyCode=KEYCODE_BACK, scanCode=0, metaState=0, flags=0x0, repeatCount=0, eventTime=666939396, downTime=666939396, deviceId=-1, source=0x101 }
08-04 01:15:22.988 30933 30933 I Input   : injectKeyEvent: KeyEvent { action=ACTION_UP, keyCode=KEYCODE_BACK, scanCode=0, metaState=0, flags=0x0, repeatCount=0, eventTime=666939396, downTime=666939396, deviceId=-1, source=0x101 }
08-04 01:15:22.995 30933 30933 D AndroidRuntime: Shutting down VM
08-04 01:15:23.008 29472 29484 I art     : Starting a blocking GC Explicit
08-04 01:15:23.047 29472 29484 I art     : Explicit concurrent mark sweep GC freed 1796(149KB) AllocSpace objects, 5(100KB) LOS objects, 29% free, 38MB/54MB, paused 1.144ms total 38.153ms
08-04 01:15:23.057 29472 29484 I art     : Starting a blocking GC Explicit
08-04 01:15:23.096 29472 29484 I art     : Explicit concurrent mark sweep GC freed 1356(75KB) AllocSpace objects, 2(40KB) LOS objects, 29% free, 38MB/54MB, paused 1.807ms total 39.263ms
08-04 01:15:23.107 29472 29484 I art     : Starting a blocking GC Explicit
08-04 01:15:23.144 29472 29484 I art     : Explicit concurrent mark sweep GC freed 821(74KB) AllocSpace objects, 2(40KB) LOS objects, 29% free, 38MB/54MB, paused 1.174ms total 36.218ms
08-04 01:15:23.153 29472 29484 I art     : Starting a blocking GC Explicit
08-04 01:15:23.177 13866 13866 I GoogleInputMethodServic: GoogleInputMethodService.onFinishInput():3138 
08-04 01:15:23.178 13866 13866 I GoogleInputMethodServic: GoogleInputMethodService.onStartInput():1808 
08-04 01:15:23.191 29472 29484 I art     : Explicit concurrent mark sweep GC freed 5862(369KB) AllocSpace objects, 4(80KB) LOS objects, 29% free, 38MB/54MB, paused 1.133ms total 37.789ms
08-04 01:15:23.203 29472 29484 I art     : Starting a blocking GC Explicit
08-04 01:15:23.240 29472 29484 I art     : Explicit concurrent mark sweep GC freed 172(7KB) AllocSpace objects, 0(0B) LOS objects, 29% free, 38MB/54MB, paused 1.020ms total 35.846ms
08-04 01:15:23.552 29472 29483 I art     : Starting a blocking GC Explicit
08-04 01:15:23.586 29472 29483 I art     : Explicit concurrent mark sweep GC freed 1992(106KB) AllocSpace objects, 1(20KB) LOS objects, 29% free, 38MB/54MB, paused 1.074ms total 33.884ms
08-04 01:15:23.598 29472 29483 I art     : Starting a blocking GC Explicit
08-04 01:15:23.633 29472 29483 I art     : Explicit concurrent mark sweep GC freed 236(11KB) AllocSpace objects, 0(0B) LOS objects, 29% free, 38MB/54MB, paused 1.073ms total 34.758ms
08-04 01:15:23.643 29472 29483 I art     : Starting a blocking GC Explicit
08-04 01:15:23.678 29472 29483 I art     : Explicit concurrent mark sweep GC freed 18(1600B) AllocSpace objects, 0(0B) LOS objects, 29% free, 38MB/54MB, paused 1.055ms total 35.075ms
08-04 01:15:23.688 29472 29483 I art     : Starting a blocking GC Explicit
08-04 01:15:23.725 29472 29483 I art     : Explicit concurrent mark sweep GC freed 9(288B) AllocSpace objects, 0(0B) LOS objects, 29% free, 38MB/54MB, paused 1.033ms total 36.884ms
08-04 01:15:23.737 29472 29483 I art     : Starting a blocking GC Explicit
08-04 01:15:23.775 29472 29483 I art     : Explicit concurrent mark sweep GC freed 9(288B) AllocSpace objects, 0(0B) LOS objects, 29% free, 38MB/54MB, paused 1.125ms total 38.450ms
08-04 01:15:24.061 29472 30409 E baseline.com.newsblur.network.APIResponse: Error (unexpected end of stream on https://www.newsblur.com/...) calling https://www.newsblur.com/reader/mark_story_hashes_as_read/
08-04 01:15:24.061 29472 30409 E baseline.com.newsblur.network.APIResponse: java.io.IOException: unexpected end of stream on https://www.newsblur.com/...
08-04 01:15:24.061 29472 30409 E baseline.com.newsblur.network.APIResponse: 	at okhttp3.internal.http1.Http1ExchangeCodec.readResponseHeaders(Http1ExchangeCodec.java:236)
08-04 01:15:24.061 29472 30409 E baseline.com.newsblur.network.APIResponse: 	at okhttp3.internal.connection.Exchange.readResponseHeaders(Exchange.java:115)
08-04 01:15:24.061 29472 30409 E baseline.com.newsblur.network.APIResponse: 	at okhttp3.internal.http.CallServerInterceptor.intercept(CallServerInterceptor.java:94)
08-04 01:15:24.061 29472 30409 E baseline.com.newsblur.network.APIResponse: 	at okhttp3.internal.http.RealInterceptorChain.proceed(RealInterceptorChain.java:142)
08-04 01:15:24.061 29472 30409 E baseline.com.newsblur.network.APIResponse: 	at okhttp3.internal.connection.ConnectInterceptor.intercept(ConnectInterceptor.java:43)
08-04 01:15:24.061 29472 30409 E baseline.com.newsblur.network.APIResponse: 	at okhttp3.internal.http.RealInterceptorChain.proceed(RealInterceptorChain.java:142)
08-04 01:15:24.061 29472 30409 E baseline.com.newsblur.network.APIResponse: 	at okhttp3.internal.http.RealInterceptorChain.proceed(RealInterceptorChain.java:117)
08-04 01:15:24.061 29472 30409 E baseline.com.newsblur.network.APIResponse: 	at okhttp3.internal.cache.CacheInterceptor.intercept(CacheInterceptor.java:94)
08-04 01:15:24.061 29472 30409 E baseline.com.newsblur.network.APIResponse: 	at okhttp3.internal.http.RealInterceptorChain.proceed(RealInterceptorChain.java:142)
08-04 01:15:24.061 29472 30409 E baseline.com.newsblur.network.APIResponse: 	at okhttp3.internal.http.RealInterceptorChain.proceed(RealInterceptorChain.java:117)
08-04 01:15:24.061 29472 30409 E baseline.com.newsblur.network.APIResponse: 	at okhttp3.internal.http.BridgeInterceptor.intercept(BridgeInterceptor.java:93)
08-04 01:15:24.061 29472 30409 E baseline.com.newsblur.network.APIResponse: 	at okhttp3.internal.http.RealInterceptorChain.proceed(RealInterceptorChain.java:142)
08-04 01:15:24.061 29472 30409 E baseline.com.newsblur.network.APIResponse: 	at okhttp3.internal.http.RetryAndFollowUpInterceptor.intercept(RetryAndFollowUpInterceptor.java:88)
08-04 01:15:24.061 29472 30409 E baseline.com.newsblur.network.APIResponse: 	at okhttp3.internal.http.RealInterceptorChain.proceed(RealInterceptorChain.java:142)
08-04 01:15:24.061 29472 30409 E baseline.com.newsblur.network.APIResponse: 	at okhttp3.internal.http.RealInterceptorChain.proceed(RealInterceptorChain.java:117)
08-04 01:15:24.061 29472 30409 E baseline.com.newsblur.network.APIResponse: 	at okhttp3.RealCall.getResponseWithInterceptorChain(RealCall.java:229)
08-04 01:15:24.061 29472 30409 E baseline.com.newsblur.network.APIResponse: 	at okhttp3.RealCall.execute(RealCall.java:81)
08-04 01:15:24.061 29472 30409 E baseline.com.newsblur.network.APIResponse: 	at baseline.com.newsblur.network.APIResponse.<init>(APIResponse.java:57)
08-04 01:15:24.061 29472 30409 E baseline.com.newsblur.network.APIResponse: 	at baseline.com.newsblur.network.APIResponse.<init>(APIResponse.java:43)
08-04 01:15:24.061 29472 30409 E baseline.com.newsblur.network.APIResponse: 	at baseline.com.newsblur.network.APIManager.post_single(APIManager.java:702)
08-04 01:15:24.061 29472 30409 E baseline.com.newsblur.network.APIResponse: 	at baseline.com.newsblur.network.APIManager.post(APIManager.java:675)
08-04 01:15:24.061 29472 30409 E baseline.com.newsblur.network.APIResponse: 	at baseline.com.newsblur.network.APIManager.post(APIManager.java:714)
08-04 01:15:24.061 29472 30409 E baseline.com.newsblur.network.APIResponse: 	at baseline.com.newsblur.network.APIManager.markStoryAsRead(APIManager.java:205)
08-04 01:15:24.061 29472 30409 E baseline.com.newsblur.network.APIResponse: 	at baseline.com.newsblur.util.ReadingAction.doRemote(ReadingAction.java:281)
08-04 01:15:24.061 29472 30409 E baseline.com.newsblur.network.APIResponse: 	at baseline.com.newsblur.service.NBSyncService.syncActions(NBSyncService.java:400)
08-04 01:15:24.061 29472 30409 E baseline.com.newsblur.network.APIResponse: 	at baseline.com.newsblur.service.NBSyncService.doSync(NBSyncService.java:298)
08-04 01:15:24.061 29472 30409 E baseline.com.newsblur.network.APIResponse: 	at baseline.com.newsblur.service.NBSyncService.access$100(NBSyncService.java:67)
08-04 01:15:24.061 29472 30409 E baseline.com.newsblur.network.APIResponse: 	at baseline.com.newsblur.service.NBSyncService$1.run(NBSyncService.java:188)
08-04 01:15:24.061 29472 30409 E baseline.com.newsblur.network.APIResponse: 	at java.util.concurrent.ThreadPoolExecutor.runWorker(ThreadPoolExecutor.java:1113)
08-04 01:15:24.061 29472 30409 E baseline.com.newsblur.network.APIResponse: 	at java.util.concurrent.ThreadPoolExecutor$Worker.run(ThreadPoolExecutor.java:588)
08-04 01:15:24.061 29472 30409 E baseline.com.newsblur.network.APIResponse: 	at java.lang.Thread.run(Thread.java:818)
08-04 01:15:24.061 29472 30409 E baseline.com.newsblur.network.APIResponse: Caused by: java.io.EOFException: \n not found: limit=0 content=
08-04 01:15:24.061 29472 30409 E baseline.com.newsblur.network.APIResponse: 	at okio.RealBufferedSource.readUtf8LineStrict(RealBufferedSource.java:240)
08-04 01:15:24.061 29472 30409 E baseline.com.newsblur.network.APIResponse: 	at okhttp3.internal.http1.Http1ExchangeCodec.readHeaderLine(Http1ExchangeCodec.java:242)
08-04 01:15:24.061 29472 30409 E baseline.com.newsblur.network.APIResponse: 	at okhttp3.internal.http1.Http1ExchangeCodec.readResponseHeaders(Http1ExchangeCodec.java:213)
08-04 01:15:24.061 29472 30409 E baseline.com.newsblur.network.APIResponse: 	... 30 more
08-04 01:15:24.062 29472 30409 I baseline.com.newsblur.network.APIManager: API call failed, pausing before retry number 2
08-04 01:15:24.108 29472 29745 I art     : Starting a blocking GC Explicit
08-04 01:15:24.152 29472 29745 I art     : Explicit concurrent mark sweep GC freed 4032(360KB) AllocSpace objects, 3(60KB) LOS objects, 29% free, 38MB/54MB, paused 1.107ms total 43.706ms
08-04 01:15:24.164 29472 29745 I art     : Starting a blocking GC Explicit
08-04 01:15:24.205 29472 29745 I art     : Explicit concurrent mark sweep GC freed 126(4KB) AllocSpace objects, 0(0B) LOS objects, 29% free, 38MB/54MB, paused 1.047ms total 40.649ms
08-04 01:15:24.216 29472 29745 I art     : Starting a blocking GC Explicit
08-04 01:15:24.254 29472 29745 I art     : Explicit concurrent mark sweep GC freed 9(288B) AllocSpace objects, 0(0B) LOS objects, 29% free, 38MB/54MB, paused 1.008ms total 37.588ms
08-04 01:15:24.265 29472 29745 I art     : Starting a blocking GC Explicit
08-04 01:15:24.300 29472 29745 I art     : Explicit concurrent mark sweep GC freed 9(288B) AllocSpace objects, 0(0B) LOS objects, 29% free, 38MB/54MB, paused 1.031ms total 35.425ms
08-04 01:15:24.310 29472 29745 I art     : Starting a blocking GC Explicit
08-04 01:15:24.345 29472 29745 I art     : Explicit concurrent mark sweep GC freed 9(288B) AllocSpace objects, 0(0B) LOS objects, 29% free, 38MB/54MB, paused 1.201ms total 35.017ms
08-04 01:15:24.623 30977 30977 D AndroidRuntime: >>>>>> START com.android.internal.os.RuntimeInit uid 2000 <<<<<<
08-04 01:15:24.628 30977 30977 D AndroidRuntime: CheckJNI is OFF
08-04 01:15:24.657 29472 29745 I art     : Starting a blocking GC Explicit
08-04 01:15:24.662 30977 30977 D ICU     : No timezone override file found: /data/misc/zoneinfo/current/icu/icu_tzdata.dat
08-04 01:15:24.696 29472 29745 I art     : Explicit concurrent mark sweep GC freed 1469(83KB) AllocSpace objects, 1(20KB) LOS objects, 29% free, 38MB/54MB, paused 1.167ms total 38.981ms
08-04 01:15:24.698 30977 30977 I Radio-JNI: register_android_hardware_Radio DONE
08-04 01:15:24.707 29472 29745 I art     : Starting a blocking GC Explicit
08-04 01:15:24.721 30977 30977 D AndroidRuntime: Calling main entry com.android.commands.input.Input
08-04 01:15:24.723 30977 30977 I Input   : injectMotionEvent: MotionEvent { action=ACTION_DOWN, actionButton=0, id[0]=0, x[0]=553.0, y[0]=442.0, toolType[0]=TOOL_TYPE_UNKNOWN, buttonState=0, metaState=0, flags=0x0, edgeFlags=0x0, pointerCount=1, historySize=0, eventTime=666941135, downTime=666941135, deviceId=0, source=0x1002 }
08-04 01:15:24.728 30977 30977 I Input   : injectMotionEvent: MotionEvent { action=ACTION_UP, actionButton=0, id[0]=0, x[0]=553.0, y[0]=442.0, toolType[0]=TOOL_TYPE_UNKNOWN, buttonState=0, metaState=0, flags=0x0, edgeFlags=0x0, pointerCount=1, historySize=0, eventTime=666941135, downTime=666941135, deviceId=0, source=0x1002 }
08-04 01:15:24.729 30977 30977 D AndroidRuntime: Shutting down VM
08-04 01:15:24.742 29472 29745 I art     : Explicit concurrent mark sweep GC freed 64(2496B) AllocSpace objects, 0(0B) LOS objects, 29% free, 38MB/54MB, paused 1.339ms total 34.761ms
08-04 01:15:24.752 29472 29745 I art     : Starting a blocking GC Explicit
08-04 01:15:24.787 29472 29745 I art     : Explicit concurrent mark sweep GC freed 13(400B) AllocSpace objects, 0(0B) LOS objects, 29% free, 38MB/54MB, paused 1.113ms total 34.511ms
08-04 01:15:24.797 29472 29745 I art     : Starting a blocking GC Explicit
08-04 01:15:24.797   918   928 I ActivityManager: START u0 {cmp=baseline.com.newsblur/.activity.AllSharedStoriesItemsList (has extras)} from uid 10652 on display 0
08-04 01:15:24.820 29472 29759 I baseline.com.newsblur.database.BlurDatabaseHelper: reading session reset
08-04 01:15:24.837 29472 29745 I art     : Explicit concurrent mark sweep GC freed 1219(164KB) AllocSpace objects, 5(192KB) LOS objects, 29% free, 38MB/54MB, paused 1.460ms total 40.594ms
08-04 01:15:24.858 29472 29745 I art     : Starting a blocking GC Explicit
08-04 01:15:24.895 29472 29745 I art     : Explicit concurrent mark sweep GC freed 965(51KB) AllocSpace objects, 0(0B) LOS objects, 29% free, 38MB/54MB, paused 1.118ms total 36.530ms
08-04 01:15:24.976 29472 29472 W View    : requestLayout() improperly called by android.widget.FrameLayout{b2e03c7 V.E...... ......ID 0,0-1440,0 #7f07003f app:id/footer_view_inner} during layout: running second layout pass
08-04 01:15:24.976 29472 29472 W View    : requestLayout() improperly called by android.widget.FrameLayout{aa86df4 V.E...... ......ID 0,0-1440,2091 #7f07003f app:id/footer_view_inner} during layout: running second layout pass
08-04 01:15:24.995 13866 13866 I GoogleInputMethodServic: GoogleInputMethodService.onFinishInput():3138 
08-04 01:15:24.995 13866 13866 I GoogleInputMethodServic: GoogleInputMethodService.onStartInput():1808 
08-04 01:15:24.999   918   936 I ActivityManager: Displayed baseline.com.newsblur/.activity.AllSharedStoriesItemsList: +193ms
08-04 01:15:25.174 29472 31002 I NAPPA_EXPERIMENTATION: MetricNetworkRequestExecutionTime: REQUEST_DURATION_SYSTEM='141',REQUEST_DURATION_OKHTTP='141',REQUEST_SYNCHRONOUS='TRUE',RESPONSE_CODE='200',RESPONSE_METHOD='GET',RESPONSE_LENGTH_OKHTTP='43',RESPONSE_LENGTH_HEADER='43',REQUEST_PROTOCOL='http/1.1',REQUEST_URL='http://feeds.feedburner.com/~r/retort/~4/UffaFMiJbNs',
08-04 01:15:25.188 29472 29484 I art     : Starting a blocking GC Explicit
08-04 01:15:25.235 29472 29484 I art     : Explicit concurrent mark sweep GC freed 4375(311KB) AllocSpace objects, 11(220KB) LOS objects, 29% free, 38MB/54MB, paused 1.193ms total 46.754ms
08-04 01:15:25.246 29472 29484 I art     : Starting a blocking GC Explicit
08-04 01:15:25.282 29472 29764 I NAPPA_EXPERIMENTATION: MetricNetworkRequestExecutionTime: REQUEST_DURATION_SYSTEM='236',REQUEST_DURATION_OKHTTP='235',REQUEST_SYNCHRONOUS='TRUE',RESPONSE_CODE='200',RESPONSE_METHOD='GET',RESPONSE_LENGTH_OKHTTP='56376',RESPONSE_LENGTH_HEADER='56376',REQUEST_PROTOCOL='h2',REQUEST_URL='https://images.fastcompany.net/image/upload/w_1280,q_auto,f_auto,fl_lossy/wp-cms/uploads/2020/07/p-1-quit-after-covid.jpg',
08-04 01:15:25.285 29472 29484 I art     : Explicit concurrent mark sweep GC freed 586(46KB) AllocSpace objects, 1(20KB) LOS objects, 29% free, 38MB/54MB, paused 1.333ms total 38.330ms
08-04 01:15:25.294 29472 29484 I art     : Starting a blocking GC Explicit
08-04 01:15:25.332 29472 29484 I art     : Explicit concurrent mark sweep GC freed 99(17KB) AllocSpace objects, 3(60KB) LOS objects, 26% free, 44MB/60MB, paused 1.185ms total 37.083ms
08-04 01:15:25.342 29472 29484 I art     : Starting a blocking GC Explicit
08-04 01:15:25.379 29472 29484 I art     : Explicit concurrent mark sweep GC freed 188(8KB) AllocSpace objects, 1(3MB) LOS objects, 28% free, 40MB/56MB, paused 986us total 37.490ms
08-04 01:15:25.390 29472 29484 I art     : Starting a blocking GC Explicit
08-04 01:15:25.427 29472 29484 I art     : Explicit concurrent mark sweep GC freed 157(6KB) AllocSpace objects, 0(0B) LOS objects, 28% free, 40MB/56MB, paused 968us total 36.788ms
08-04 01:15:25.470   518   646 I ThermalEngine: ACTION: GPU - Setting GPU[0] to 450000000
08-04 01:15:25.784 29472 29745 I art     : Starting a blocking GC Explicit
08-04 01:15:25.834 29472 29745 I art     : Explicit concurrent mark sweep GC freed 1468(83KB) AllocSpace objects, 1(20KB) LOS objects, 28% free, 40MB/56MB, paused 1.451ms total 49.686ms
08-04 01:15:25.847 29472 29745 I art     : Starting a blocking GC Explicit
08-04 01:15:25.897 29472 29745 I art     : Explicit concurrent mark sweep GC freed 26(912B) AllocSpace objects, 0(0B) LOS objects, 28% free, 40MB/56MB, paused 1.370ms total 48.956ms
08-04 01:15:25.911 29472 29745 I art     : Starting a blocking GC Explicit
08-04 01:15:25.960 29472 29745 I art     : Explicit concurrent mark sweep GC freed 7(224B) AllocSpace objects, 0(0B) LOS objects, 28% free, 40MB/56MB, paused 1.447ms total 49.117ms
08-04 01:15:25.974 29472 29745 I art     : Starting a blocking GC Explicit
08-04 01:15:26.024 29472 29745 I art     : Explicit concurrent mark sweep GC freed 6(192B) AllocSpace objects, 0(0B) LOS objects, 28% free, 40MB/56MB, paused 1.352ms total 50.594ms
08-04 01:15:26.038 29472 29745 I art     : Starting a blocking GC Explicit
08-04 01:15:26.087 29472 29745 I art     : Explicit concurrent mark sweep GC freed 7(224B) AllocSpace objects, 0(0B) LOS objects, 28% free, 40MB/56MB, paused 1.475ms total 49.398ms
08-04 01:15:26.463 29472 29483 I art     : Starting a blocking GC Explicit
08-04 01:15:26.517 29472 29483 I art     : Explicit concurrent mark sweep GC freed 1501(84KB) AllocSpace objects, 1(20KB) LOS objects, 28% free, 40MB/56MB, paused 1.470ms total 54.524ms
08-04 01:15:26.531 29472 29483 I art     : Starting a blocking GC Explicit
08-04 01:15:26.583 29472 29483 I art     : Explicit concurrent mark sweep GC freed 26(912B) AllocSpace objects, 0(0B) LOS objects, 28% free, 40MB/56MB, paused 1.386ms total 51.166ms
08-04 01:15:26.597 29472 29483 I art     : Starting a blocking GC Explicit
08-04 01:15:26.648 29472 29483 I art     : Explicit concurrent mark sweep GC freed 6(192B) AllocSpace objects, 0(0B) LOS objects, 28% free, 40MB/56MB, paused 1.503ms total 51.012ms
08-04 01:15:26.662 29472 29483 I art     : Starting a blocking GC Explicit
08-04 01:15:26.715 29472 29483 I art     : Explicit concurrent mark sweep GC freed 8(256B) AllocSpace objects, 0(0B) LOS objects, 28% free, 40MB/56MB, paused 1.527ms total 52.519ms
08-04 01:15:26.728 29472 29483 I art     : Starting a blocking GC Explicit
08-04 01:15:26.781 29472 29483 I art     : Explicit concurrent mark sweep GC freed 6(192B) AllocSpace objects, 0(0B) LOS objects, 28% free, 40MB/56MB, paused 2.610ms total 52.118ms
08-04 01:15:26.974 24365 25567 I NetworkScheduler.Stats: Task com.google.android.apps.gcs/ started execution. cause:4 exec_start_elapsed_seconds: 1650330 [CONTEXT service_id=218 ]
08-04 01:15:26.977 13964 31038 W Gcs.WfaEliRefreshTask: [23010] afk.b: NULL eligibility response.
08-04 01:15:26.982 24365 25567 I NetworkScheduler.Stats: Task com.google.android.apps.gcs/ finished executing. cause:4 result: 3 elapsed_millis: 12 uptime_millis: 12 exec_start_elapsed_seconds: 1650330 [CONTEXT service_id=218 ]
08-04 01:15:27.036 24365 23406 I NetworkScheduler.Stats: Task com.google.android.gms/com.google.android.gms.telephonyspam.sync.SpamListSyncTaskService started execution. cause:5 exec_start_elapsed_seconds: 1650330 [CONTEXT service_id=218 ]
08-04 01:15:27.055 24577 17902 I TelephonySpam: TelephonySpamChimeraService - Running Telephony Spam Chimera Service
08-04 01:15:27.066 24365 25567 I NetworkScheduler.Stats: Task com.google.android.gms/com.google.android.gms.checkin.EventLogService started execution. cause:5 exec_start_elapsed_seconds: 1650330 [CONTEXT service_id=218 ]
08-04 01:15:27.079 24577 28580 I Checkin : [EventLogChimeraService] Opted in for usage reporting: false
08-04 01:15:27.079 24577 28580 I Checkin : [EventLogChimeraService] Aggregate from 1596494859810 (log), 1596494859810 (data)
08-04 01:15:27.099 24577 17902 I TelephonySpam: TelephonySpamChimeraService - Cleaning SIP Header local table of old entries
08-04 01:15:27.099 24577 17902 I TelephonySpam: SpamListSync - Call spam module disabled. Skipping cleaning cache sip header table.
08-04 01:15:27.099 24577 17902 I TelephonySpam: TelephonySpamChimeraService - Syncing Call Spam List
08-04 01:15:27.099 24577 17902 I TelephonySpam: SpamListSync - SpamListSyncChimeraService.syncSpamList called with tag: telephonyspam.SpamListSyncTask, extras: Bundle[{SpamList Type=0, Action=1.0}]
08-04 01:15:27.114 24577 17902 I TelephonySpam: SpamListSync - Call spam module disabled. Skipping spam list syncing.
08-04 01:15:27.117 24365 23406 I NetworkScheduler.Stats: Task com.google.android.gms/com.google.android.gms.telephonyspam.sync.SpamListSyncTaskService finished executing. cause:5 result: 1 elapsed_millis: 105 uptime_millis: 105 exec_start_elapsed_seconds: 1650330 [CONTEXT service_id=218 ]
08-04 01:15:27.153 29472 29731 I art     : Starting a blocking GC Explicit
08-04 01:15:27.198 29472 29731 I art     : Explicit concurrent mark sweep GC freed 1637(93KB) AllocSpace objects, 1(20KB) LOS objects, 28% free, 40MB/56MB, paused 1.401ms total 45.359ms
08-04 01:15:27.211 29472 29731 I art     : Starting a blocking GC Explicit
08-04 01:15:27.254 29472 29731 I art     : Explicit concurrent mark sweep GC freed 31(1136B) AllocSpace objects, 0(0B) LOS objects, 28% free, 40MB/56MB, paused 1.365ms total 42.934ms
08-04 01:15:27.267 29472 29731 I art     : Starting a blocking GC Explicit
08-04 01:15:27.310 29472 29731 I art     : Explicit concurrent mark sweep GC freed 7(224B) AllocSpace objects, 0(0B) LOS objects, 28% free, 40MB/56MB, paused 1.464ms total 43.545ms
08-04 01:15:27.323 29472 29731 I art     : Starting a blocking GC Explicit
08-04 01:15:27.366 29472 29731 I art     : Explicit concurrent mark sweep GC freed 6(192B) AllocSpace objects, 0(0B) LOS objects, 28% free, 40MB/56MB, paused 1.369ms total 42.924ms
08-04 01:15:27.378 29472 29731 I art     : Starting a blocking GC Explicit
08-04 01:15:27.422 29472 29731 I art     : Explicit concurrent mark sweep GC freed 6(192B) AllocSpace objects, 0(0B) LOS objects, 28% free, 40MB/56MB, paused 1.495ms total 43.712ms
08-04 01:15:27.542 29472 30409 E baseline.com.newsblur.network.APIResponse: Error (unexpected end of stream on https://www.newsblur.com/...) calling https://www.newsblur.com/reader/mark_story_hashes_as_read/
08-04 01:15:27.542 29472 30409 E baseline.com.newsblur.network.APIResponse: java.io.IOException: unexpected end of stream on https://www.newsblur.com/...
08-04 01:15:27.542 29472 30409 E baseline.com.newsblur.network.APIResponse: 	at okhttp3.internal.http1.Http1ExchangeCodec.readResponseHeaders(Http1ExchangeCodec.java:236)
08-04 01:15:27.542 29472 30409 E baseline.com.newsblur.network.APIResponse: 	at okhttp3.internal.connection.Exchange.readResponseHeaders(Exchange.java:115)
08-04 01:15:27.542 29472 30409 E baseline.com.newsblur.network.APIResponse: 	at okhttp3.internal.http.CallServerInterceptor.intercept(CallServerInterceptor.java:94)
08-04 01:15:27.542 29472 30409 E baseline.com.newsblur.network.APIResponse: 	at okhttp3.internal.http.RealInterceptorChain.proceed(RealInterceptorChain.java:142)
08-04 01:15:27.542 29472 30409 E baseline.com.newsblur.network.APIResponse: 	at okhttp3.internal.connection.ConnectInterceptor.intercept(ConnectInterceptor.java:43)
08-04 01:15:27.542 29472 30409 E baseline.com.newsblur.network.APIResponse: 	at okhttp3.internal.http.RealInterceptorChain.proceed(RealInterceptorChain.java:142)
08-04 01:15:27.542 29472 30409 E baseline.com.newsblur.network.APIResponse: 	at okhttp3.internal.http.RealInterceptorChain.proceed(RealInterceptorChain.java:117)
08-04 01:15:27.542 29472 30409 E baseline.com.newsblur.network.APIResponse: 	at okhttp3.internal.cache.CacheInterceptor.intercept(CacheInterceptor.java:94)
08-04 01:15:27.542 29472 30409 E baseline.com.newsblur.network.APIResponse: 	at okhttp3.internal.http.RealInterceptorChain.proceed(RealInterceptorChain.java:142)
08-04 01:15:27.542 29472 30409 E baseline.com.newsblur.network.APIResponse: 	at okhttp3.internal.http.RealInterceptorChain.proceed(RealInterceptorChain.java:117)
08-04 01:15:27.542 29472 30409 E baseline.com.newsblur.network.APIResponse: 	at okhttp3.internal.http.BridgeInterceptor.intercept(BridgeInterceptor.java:93)
08-04 01:15:27.542 29472 30409 E baseline.com.newsblur.network.APIResponse: 	at okhttp3.internal.http.RealInterceptorChain.proceed(RealInterceptorChain.java:142)
08-04 01:15:27.542 29472 30409 E baseline.com.newsblur.network.APIResponse: 	at okhttp3.internal.http.RetryAndFollowUpInterceptor.intercept(RetryAndFollowUpInterceptor.java:88)
08-04 01:15:27.542 29472 30409 E baseline.com.newsblur.network.APIResponse: 	at okhttp3.internal.http.RealInterceptorChain.proceed(RealInterceptorChain.java:142)
08-04 01:15:27.542 29472 30409 E baseline.com.newsblur.network.APIResponse: 	at okhttp3.internal.http.RealInterceptorChain.proceed(RealInterceptorChain.java:117)
08-04 01:15:27.542 29472 30409 E baseline.com.newsblur.network.APIResponse: 	at okhttp3.RealCall.getResponseWithInterceptorChain(RealCall.java:229)
08-04 01:15:27.542 29472 30409 E baseline.com.newsblur.network.APIResponse: 	at okhttp3.RealCall.execute(RealCall.java:81)
08-04 01:15:27.542 29472 30409 E baseline.com.newsblur.network.APIResponse: 	at baseline.com.newsblur.network.APIResponse.<init>(APIResponse.java:57)
08-04 01:15:27.542 29472 30409 E baseline.com.newsblur.network.APIResponse: 	at baseline.com.newsblur.network.APIResponse.<init>(APIResponse.java:43)
08-04 01:15:27.542 29472 30409 E baseline.com.newsblur.network.APIResponse: 	at baseline.com.newsblur.network.APIManager.post_single(APIManager.java:702)
08-04 01:15:27.542 29472 30409 E baseline.com.newsblur.network.APIResponse: 	at baseline.com.newsblur.network.APIManager.post(APIManager.java:675)
08-04 01:15:27.542 29472 30409 E baseline.com.newsblur.network.APIResponse: 	at baseline.com.newsblur.network.APIManager.post(APIManager.java:714)
08-04 01:15:27.542 29472 30409 E baseline.com.newsblur.network.APIResponse: 	at baseline.com.newsblur.network.APIManager.markStoryAsRead(APIManager.java:205)
08-04 01:15:27.542 29472 30409 E baseline.com.newsblur.network.APIResponse: 	at baseline.com.newsblur.util.ReadingAction.doRemote(ReadingAction.java:281)
08-04 01:15:27.542 29472 30409 E baseline.com.newsblur.network.APIResponse: 	at baseline.com.newsblur.service.NBSyncService.syncActions(NBSyncService.java:400)
08-04 01:15:27.542 29472 30409 E baseline.com.newsblur.network.APIResponse: 	at baseline.com.newsblur.service.NBSyncService.doSync(NBSyncService.java:298)
08-04 01:15:27.542 29472 30409 E baseline.com.newsblur.network.APIResponse: 	at baseline.com.newsblur.service.NBSyncService.access$100(NBSyncService.java:67)
08-04 01:15:27.542 29472 30409 E baseline.com.newsblur.network.APIResponse: 	at baseline.com.newsblur.service.NBSyncService$1.run(NBSyncService.java:188)
08-04 01:15:27.542 29472 30409 E baseline.com.newsblur.network.APIResponse: 	at java.util.concurrent.ThreadPoolExecutor.runWorker(ThreadPoolExecutor.java:1113)
08-04 01:15:27.542 29472 30409 E baseline.com.newsblur.network.APIResponse: 	at java.util.concurrent.ThreadPoolExecutor$Worker.run(ThreadPoolExecutor.java:588)
08-04 01:15:27.542 29472 30409 E baseline.com.newsblur.network.APIResponse: 	at java.lang.Thread.run(Thread.java:818)
08-04 01:15:27.542 29472 30409 E baseline.com.newsblur.network.APIResponse: Caused by: java.io.EOFException: \n not found: limit=0 content=
08-04 01:15:27.542 29472 30409 E baseline.com.newsblur.network.APIResponse: 	at okio.RealBufferedSource.readUtf8LineStrict(RealBufferedSource.java:240)
08-04 01:15:27.542 29472 30409 E baseline.com.newsblur.network.APIResponse: 	at okhttp3.internal.http1.Http1ExchangeCodec.readHeaderLine(Http1ExchangeCodec.java:242)
08-04 01:15:27.542 29472 30409 E baseline.com.newsblur.network.APIResponse: 	at okhttp3.internal.http1.Http1ExchangeCodec.readResponseHeaders(Http1ExchangeCodec.java:213)
08-04 01:15:27.542 29472 30409 E baseline.com.newsblur.network.APIResponse: 	... 30 more
08-04 01:15:27.543 29472 30409 I baseline.com.newsblur.service.NBSyncService: Holding reading action with server-side or network error.
08-04 01:15:27.552 29472 30409 W baseline.com.newsblur.service.NBSyncService: hard API failure
08-04 01:15:27.559 29472 30409 I baseline.com.newsblur.service.NBSyncService: recounting dirty feed sets: 1
08-04 01:15:27.740 29472 29731 I art     : Starting a blocking GC Explicit
08-04 01:15:27.786 29472 29731 I art     : Explicit concurrent mark sweep GC freed 4847(439KB) AllocSpace objects, 5(100KB) LOS objects, 28% free, 40MB/56MB, paused 1.380ms total 45.497ms
08-04 01:15:27.799 29472 29731 I art     : Starting a blocking GC Explicit
08-04 01:15:27.842 29472 29731 I art     : Explicit concurrent mark sweep GC freed 296(11KB) AllocSpace objects, 0(0B) LOS objects, 28% free, 40MB/56MB, paused 1.316ms total 43.474ms
08-04 01:15:27.855 29472 29731 I art     : Starting a blocking GC Explicit
08-04 01:15:27.898 29472 29731 I art     : Explicit concurrent mark sweep GC freed 7(224B) AllocSpace objects, 0(0B) LOS objects, 28% free, 40MB/56MB, paused 1.373ms total 42.831ms
08-04 01:15:27.910 29472 29731 I art     : Starting a blocking GC Explicit
08-04 01:15:27.954 29472 29731 I art     : Explicit concurrent mark sweep GC freed 1680(65KB) AllocSpace objects, 0(0B) LOS objects, 28% free, 40MB/56MB, paused 1.340ms total 43.933ms
08-04 01:15:27.956 29472 30409 E baseline.com.newsblur.network.APIResponse: Error (unexpected end of stream on https://www.newsblur.com/...) calling https://www.newsblur.com/reader/feed_unread_count?feed_id=0
08-04 01:15:27.956 29472 30409 E baseline.com.newsblur.network.APIResponse: java.io.IOException: unexpected end of stream on https://www.newsblur.com/...
08-04 01:15:27.956 29472 30409 E baseline.com.newsblur.network.APIResponse: 	at okhttp3.internal.http1.Http1ExchangeCodec.readResponseHeaders(Http1ExchangeCodec.java:236)
08-04 01:15:27.956 29472 30409 E baseline.com.newsblur.network.APIResponse: 	at okhttp3.internal.connection.Exchange.readResponseHeaders(Exchange.java:115)
08-04 01:15:27.956 29472 30409 E baseline.com.newsblur.network.APIResponse: 	at okhttp3.internal.http.CallServerInterceptor.intercept(CallServerInterceptor.java:94)
08-04 01:15:27.956 29472 30409 E baseline.com.newsblur.network.APIResponse: 	at okhttp3.internal.http.RealInterceptorChain.proceed(RealInterceptorChain.java:142)
08-04 01:15:27.956 29472 30409 E baseline.com.newsblur.network.APIResponse: 	at okhttp3.internal.connection.ConnectInterceptor.intercept(ConnectInterceptor.java:43)
08-04 01:15:27.956 29472 30409 E baseline.com.newsblur.network.APIResponse: 	at okhttp3.internal.http.RealInterceptorChain.proceed(RealInterceptorChain.java:142)
08-04 01:15:27.956 29472 30409 E baseline.com.newsblur.network.APIResponse: 	at okhttp3.internal.http.RealInterceptorChain.proceed(RealInterceptorChain.java:117)
08-04 01:15:27.956 29472 30409 E baseline.com.newsblur.network.APIResponse: 	at okhttp3.internal.cache.CacheInterceptor.intercept(CacheInterceptor.java:94)
08-04 01:15:27.956 29472 30409 E baseline.com.newsblur.network.APIResponse: 	at okhttp3.internal.http.RealInterceptorChain.proceed(RealInterceptorChain.java:142)
08-04 01:15:27.956 29472 30409 E baseline.com.newsblur.network.APIResponse: 	at okhttp3.internal.http.RealInterceptorChain.proceed(RealInterceptorChain.java:117)
08-04 01:15:27.956 29472 30409 E baseline.com.newsblur.network.APIResponse: 	at okhttp3.internal.http.BridgeInterceptor.intercept(BridgeInterceptor.java:93)
08-04 01:15:27.956 29472 30409 E baseline.com.newsblur.network.APIResponse: 	at okhttp3.internal.http.RealInterceptorChain.proceed(RealInterceptorChain.java:142)
08-04 01:15:27.956 29472 30409 E baseline.com.newsblur.network.APIResponse: 	at okhttp3.internal.http.RetryAndFollowUpInterceptor.intercept(RetryAndFollowUpInterceptor.java:88)
08-04 01:15:27.956 29472 30409 E baseline.com.newsblur.network.APIResponse: 	at okhttp3.internal.http.RealInterceptorChain.proceed(RealInterceptorChain.java:142)
08-04 01:15:27.956 29472 30409 E baseline.com.newsblur.network.APIResponse: 	at okhttp3.internal.http.RealInterceptorChain.proceed(RealInterceptorChain.java:117)
08-04 01:15:27.956 29472 30409 E baseline.com.newsblur.network.APIResponse: 	at okhttp3.RealCall.getResponseWithInterceptorChain(RealCall.java:229)
08-04 01:15:27.956 29472 30409 E baseline.com.newsblur.network.APIResponse: 	at okhttp3.RealCall.execute(RealCall.java:81)
08-04 01:15:27.956 29472 30409 E baseline.com.newsblur.network.APIResponse: 	at baseline.com.newsblur.network.APIResponse.<init>(APIResponse.java:57)
08-04 01:15:27.956 29472 30409 E baseline.com.newsblur.network.APIResponse: 	at baseline.com.newsblur.network.APIManager.get_single(APIManager.java:639)
08-04 01:15:27.956 29472 30409 E baseline.com.newsblur.network.APIResponse: 	at baseline.com.newsblur.network.APIManager.get(APIManager.java:625)
08-04 01:15:27.956 29472 30409 E baseline.com.newsblur.network.APIResponse: 	at baseline.com.newsblur.network.APIManager.get(APIManager.java:667)
08-04 01:15:27.956 29472 30409 E baseline.com.newsblur.network.APIResponse: 	at baseline.com.newsblur.network.APIManager.getFeedUnreadCounts(APIManager.java:274)
08-04 01:15:27.956 29472 30409 E baseline.com.newsblur.network.APIResponse: 	at baseline.com.newsblur.service.NBSyncService.checkRecounts(NBSyncService.java:660)
08-04 01:15:27.956 29472 30409 E baseline.com.newsblur.network.APIResponse: 	at baseline.com.newsblur.service.NBSyncService.doSync(NBSyncService.java:310)
08-04 01:15:27.956 29472 30409 E baseline.com.newsblur.network.APIResponse: 	at baseline.com.newsblur.service.NBSyncService.access$100(NBSyncService.java:67)
08-04 01:15:27.956 29472 30409 E baseline.com.newsblur.network.APIResponse: 	at baseline.com.newsblur.service.NBSyncService$1.run(NBSyncService.java:188)
08-04 01:15:27.956 29472 30409 E baseline.com.newsblur.network.APIResponse: 	at java.util.concurrent.ThreadPoolExecutor.runWorker(ThreadPoolExecutor.java:1113)
08-04 01:15:27.956 29472 30409 E baseline.com.newsblur.network.APIResponse: 	at java.util.concurrent.ThreadPoolExecutor$Worker.run(ThreadPoolExecutor.java:588)
08-04 01:15:27.956 29472 30409 E baseline.com.newsblur.network.APIResponse: 	at java.lang.Thread.run(Thread.java:818)
08-04 01:15:27.956 29472 30409 E baseline.com.newsblur.network.APIResponse: Caused by: java.io.EOFException: \n not found: limit=0 content=
08-04 01:15:27.956 29472 30409 E baseline.com.newsblur.network.APIResponse: 	at okio.RealBufferedSource.readUtf8LineStrict(RealBufferedSource.java:240)
08-04 01:15:27.956 29472 30409 E baseline.com.newsblur.network.APIResponse: 	at okhttp3.internal.http1.Http1ExchangeCodec.readHeaderLine(Http1ExchangeCodec.java:242)
08-04 01:15:27.956 29472 30409 E baseline.com.newsblur.network.APIResponse: 	at okhttp3.internal.http1.Http1ExchangeCodec.readResponseHeaders(Http1ExchangeCodec.java:213)
08-04 01:15:27.956 29472 30409 E baseline.com.newsblur.network.APIResponse: 	... 28 more
08-04 01:15:27.957 29472 30409 I baseline.com.newsblur.network.APIManager: API call failed, pausing before retry number 1
08-04 01:15:27.967 29472 29731 I art     : Starting a blocking GC Explicit
08-04 01:15:28.010 29472 29731 I art     : Explicit concurrent mark sweep GC freed 872(209KB) AllocSpace objects, 2(40KB) LOS objects, 28% free, 40MB/56MB, paused 1.271ms total 43.227ms
08-04 01:15:28.343 29472 29484 I art     : Starting a blocking GC Explicit
08-04 01:15:28.388 29472 29484 I art     : Explicit concurrent mark sweep GC freed 1517(85KB) AllocSpace objects, 1(20KB) LOS objects, 28% free, 40MB/56MB, paused 1.384ms total 44.689ms
08-04 01:15:28.401 29472 29484 I art     : Starting a blocking GC Explicit
08-04 01:15:28.443 29472 29484 I art     : Explicit concurrent mark sweep GC freed 25(880B) AllocSpace objects, 0(0B) LOS objects, 28% free, 40MB/56MB, paused 1.244ms total 42.154ms
08-04 01:15:28.455 29472 29484 I art     : Starting a blocking GC Explicit
08-04 01:15:28.498 29472 29484 I art     : Explicit concurrent mark sweep GC freed 7(224B) AllocSpace objects, 0(0B) LOS objects, 28% free, 40MB/56MB, paused 1.295ms total 42.775ms
08-04 01:15:28.511 29472 29484 I art     : Starting a blocking GC Explicit
08-04 01:15:28.554 29472 29484 I art     : Explicit concurrent mark sweep GC freed 6(192B) AllocSpace objects, 0(0B) LOS objects, 28% free, 40MB/56MB, paused 1.295ms total 42.852ms
08-04 01:15:28.566 29472 29484 I art     : Starting a blocking GC Explicit
08-04 01:15:28.609 29472 29484 I art     : Explicit concurrent mark sweep GC freed 6(192B) AllocSpace objects, 0(0B) LOS objects, 28% free, 40MB/56MB, paused 1.275ms total 42.958ms
08-04 01:15:28.948 29472 29745 I art     : Starting a blocking GC Explicit
08-04 01:15:28.993 29472 29745 I art     : Explicit concurrent mark sweep GC freed 1466(83KB) AllocSpace objects, 1(20KB) LOS objects, 28% free, 40MB/56MB, paused 1.275ms total 44.457ms
08-04 01:15:29.006 29472 29745 I art     : Starting a blocking GC Explicit
08-04 01:15:29.049 29472 29745 I art     : Explicit concurrent mark sweep GC freed 26(912B) AllocSpace objects, 0(0B) LOS objects, 28% free, 40MB/56MB, paused 1.358ms total 43.324ms
08-04 01:15:29.053   918  4400 I AccountManagerService: getTypesVisibleToCaller: isPermitted? true
08-04 01:15:29.062 29472 29745 I art     : Starting a blocking GC Explicit
08-04 01:15:29.070 24577 28580 I Checkin : [ServiceDumpSys] dumping service [account]
08-04 01:15:29.085 24365 25567 I NetworkScheduler.Stats: Task com.google.android.gms/com.google.android.gms.checkin.EventLogService finished executing. cause:5 result: 1 elapsed_millis: 2043 uptime_millis: 2043 exec_start_elapsed_seconds: 1650330 [CONTEXT service_id=218 ]
08-04 01:15:29.090   918  3961 I AccountManagerService: getTypesVisibleToCaller: isPermitted? true
08-04 01:15:29.103 29472 29745 I art     : Explicit concurrent mark sweep GC freed 6(192B) AllocSpace objects, 0(0B) LOS objects, 28% free, 40MB/56MB, paused 1.293ms total 41.604ms
08-04 01:15:29.116 29472 29745 I art     : Starting a blocking GC Explicit
08-04 01:15:29.162 29472 29745 I art     : Explicit concurrent mark sweep GC freed 6(192B) AllocSpace objects, 0(0B) LOS objects, 28% free, 40MB/56MB, paused 1.362ms total 45.532ms
08-04 01:15:29.175 29472 29745 I art     : Starting a blocking GC Explicit
08-04 01:15:29.224 29472 29745 I art     : Explicit concurrent mark sweep GC freed 7(224B) AllocSpace objects, 0(0B) LOS objects, 28% free, 40MB/56MB, paused 1.523ms total 48.860ms
08-04 01:15:29.611 29472 29484 I art     : Starting a blocking GC Explicit
08-04 01:15:29.666 29472 29484 I art     : Explicit concurrent mark sweep GC freed 1638(92KB) AllocSpace objects, 1(20KB) LOS objects, 28% free, 40MB/56MB, paused 1.560ms total 54.516ms
08-04 01:15:29.680 29472 29484 I art     : Starting a blocking GC Explicit
08-04 01:15:29.732 29472 29484 I art     : Explicit concurrent mark sweep GC freed 33(1200B) AllocSpace objects, 0(0B) LOS objects, 28% free, 40MB/56MB, paused 1.506ms total 51.678ms
08-04 01:15:29.746 29472 29484 I art     : Starting a blocking GC Explicit
08-04 01:15:29.798 29472 29484 I art     : Explicit concurrent mark sweep GC freed 7(224B) AllocSpace objects, 0(0B) LOS objects, 28% free, 40MB/56MB, paused 1.559ms total 52.506ms
08-04 01:15:29.812 29472 29484 I art     : Starting a blocking GC Explicit
08-04 01:15:29.864 29472 29484 I art     : Explicit concurrent mark sweep GC freed 7(224B) AllocSpace objects, 0(0B) LOS objects, 28% free, 40MB/56MB, paused 1.447ms total 52.199ms
08-04 01:15:29.878 29472 29484 I art     : Starting a blocking GC Explicit
08-04 01:15:29.930 29472 29484 I art     : Explicit concurrent mark sweep GC freed 6(192B) AllocSpace objects, 0(0B) LOS objects, 28% free, 40MB/56MB, paused 1.553ms total 51.455ms
08-04 01:15:30.021 29472 30409 E baseline.com.newsblur.network.APIResponse: Error (unexpected end of stream on https://www.newsblur.com/...) calling https://www.newsblur.com/reader/feed_unread_count?feed_id=0
08-04 01:15:30.021 29472 30409 E baseline.com.newsblur.network.APIResponse: java.io.IOException: unexpected end of stream on https://www.newsblur.com/...
08-04 01:15:30.021 29472 30409 E baseline.com.newsblur.network.APIResponse: 	at okhttp3.internal.http1.Http1ExchangeCodec.readResponseHeaders(Http1ExchangeCodec.java:236)
08-04 01:15:30.021 29472 30409 E baseline.com.newsblur.network.APIResponse: 	at okhttp3.internal.connection.Exchange.readResponseHeaders(Exchange.java:115)
08-04 01:15:30.021 29472 30409 E baseline.com.newsblur.network.APIResponse: 	at okhttp3.internal.http.CallServerInterceptor.intercept(CallServerInterceptor.java:94)
08-04 01:15:30.021 29472 30409 E baseline.com.newsblur.network.APIResponse: 	at okhttp3.internal.http.RealInterceptorChain.proceed(RealInterceptorChain.java:142)
08-04 01:15:30.021 29472 30409 E baseline.com.newsblur.network.APIResponse: 	at okhttp3.internal.connection.ConnectInterceptor.intercept(ConnectInterceptor.java:43)
08-04 01:15:30.021 29472 30409 E baseline.com.newsblur.network.APIResponse: 	at okhttp3.internal.http.RealInterceptorChain.proceed(RealInterceptorChain.java:142)
08-04 01:15:30.021 29472 30409 E baseline.com.newsblur.network.APIResponse: 	at okhttp3.internal.http.RealInterceptorChain.proceed(RealInterceptorChain.java:117)
08-04 01:15:30.021 29472 30409 E baseline.com.newsblur.network.APIResponse: 	at okhttp3.internal.cache.CacheInterceptor.intercept(CacheInterceptor.java:94)
08-04 01:15:30.021 29472 30409 E baseline.com.newsblur.network.APIResponse: 	at okhttp3.internal.http.RealInterceptorChain.proceed(RealInterceptorChain.java:142)
08-04 01:15:30.021 29472 30409 E baseline.com.newsblur.network.APIResponse: 	at okhttp3.internal.http.RealInterceptorChain.proceed(RealInterceptorChain.java:117)
08-04 01:15:30.021 29472 30409 E baseline.com.newsblur.network.APIResponse: 	at okhttp3.internal.http.BridgeInterceptor.intercept(BridgeInterceptor.java:93)
08-04 01:15:30.021 29472 30409 E baseline.com.newsblur.network.APIResponse: 	at okhttp3.internal.http.RealInterceptorChain.proceed(RealInterceptorChain.java:142)
08-04 01:15:30.021 29472 30409 E baseline.com.newsblur.network.APIResponse: 	at okhttp3.internal.http.RetryAndFollowUpInterceptor.intercept(RetryAndFollowUpInterceptor.java:88)
08-04 01:15:30.021 29472 30409 E baseline.com.newsblur.network.APIResponse: 	at okhttp3.internal.http.RealInterceptorChain.proceed(RealInterceptorChain.java:142)
08-04 01:15:30.021 29472 30409 E baseline.com.newsblur.network.APIResponse: 	at okhttp3.internal.http.RealInterceptorChain.proceed(RealInterceptorChain.java:117)
08-04 01:15:30.021 29472 30409 E baseline.com.newsblur.network.APIResponse: 	at okhttp3.RealCall.getResponseWithInterceptorChain(RealCall.java:229)
08-04 01:15:30.021 29472 30409 E baseline.com.newsblur.network.APIResponse: 	at okhttp3.RealCall.execute(RealCall.java:81)
08-04 01:15:30.021 29472 30409 E baseline.com.newsblur.network.APIResponse: 	at baseline.com.newsblur.network.APIResponse.<init>(APIResponse.java:57)
08-04 01:15:30.021 29472 30409 E baseline.com.newsblur.network.APIResponse: 	at baseline.com.newsblur.network.APIManager.get_single(APIManager.java:639)
08-04 01:15:30.021 29472 30409 E baseline.com.newsblur.network.APIResponse: 	at baseline.com.newsblur.network.APIManager.get(APIManager.java:625)
08-04 01:15:30.021 29472 30409 E baseline.com.newsblur.network.APIResponse: 	at baseline.com.newsblur.network.APIManager.get(APIManager.java:667)
08-04 01:15:30.021 29472 30409 E baseline.com.newsblur.network.APIResponse: 	at baseline.com.newsblur.network.APIManager.getFeedUnreadCounts(APIManager.java:274)
08-04 01:15:30.021 29472 30409 E baseline.com.newsblur.network.APIResponse: 	at baseline.com.newsblur.service.NBSyncService.checkRecounts(NBSyncService.java:660)
08-04 01:15:30.021 29472 30409 E baseline.com.newsblur.network.APIResponse: 	at baseline.com.newsblur.service.NBSyncService.doSync(NBSyncService.java:310)
08-04 01:15:30.021 29472 30409 E baseline.com.newsblur.network.APIResponse: 	at baseline.com.newsblur.service.NBSyncService.access$100(NBSyncService.java:67)
08-04 01:15:30.021 29472 30409 E baseline.com.newsblur.network.APIResponse: 	at baseline.com.newsblur.service.NBSyncService$1.run(NBSyncService.java:188)
08-04 01:15:30.021 29472 30409 E baseline.com.newsblur.network.APIResponse: 	at java.util.concurrent.ThreadPoolExecutor.runWorker(ThreadPoolExecutor.java:1113)
08-04 01:15:30.021 29472 30409 E baseline.com.newsblur.network.APIResponse: 	at java.util.concurrent.ThreadPoolExecutor$Worker.run(ThreadPoolExecutor.java:588)
08-04 01:15:30.021 29472 30409 E baseline.com.newsblur.network.APIResponse: 	at java.lang.Thread.run(Thread.java:818)
08-04 01:15:30.021 29472 30409 E baseline.com.newsblur.network.APIResponse: Caused by: java.io.EOFException: \n not found: limit=0 content=
08-04 01:15:30.021 29472 30409 E baseline.com.newsblur.network.APIResponse: 	at okio.RealBufferedSource.readUtf8LineStrict(RealBufferedSource.java:240)
08-04 01:15:30.021 29472 30409 E baseline.com.newsblur.network.APIResponse: 	at okhttp3.internal.http1.Http1ExchangeCodec.readHeaderLine(Http1ExchangeCodec.java:242)
08-04 01:15:30.021 29472 30409 E baseline.com.newsblur.network.APIResponse: 	at okhttp3.internal.http1.Http1ExchangeCodec.readResponseHeaders(Http1ExchangeCodec.java:213)
08-04 01:15:30.021 29472 30409 E baseline.com.newsblur.network.APIResponse: 	... 28 more
08-04 01:15:30.023 29472 30409 I baseline.com.newsblur.network.APIManager: API call failed, pausing before retry number 2
08-04 01:15:30.306 29472 29731 I art     : Starting a blocking GC Explicit
08-04 01:15:30.360 29472 29731 I art     : Explicit concurrent mark sweep GC freed 3962(356KB) AllocSpace objects, 3(60KB) LOS objects, 28% free, 40MB/56MB, paused 1.532ms total 53.948ms
08-04 01:15:30.374 29472 29731 I art     : Starting a blocking GC Explicit
08-04 01:15:30.428 29472 29731 I art     : Explicit concurrent mark sweep GC freed 124(4KB) AllocSpace objects, 0(0B) LOS objects, 28% free, 40MB/56MB, paused 1.462ms total 52.581ms
08-04 01:15:30.441 29472 29731 I art     : Starting a blocking GC Explicit
08-04 01:15:30.492 29472 29731 I art     : Explicit concurrent mark sweep GC freed 7(224B) AllocSpace objects, 0(0B) LOS objects, 28% free, 40MB/56MB, paused 1.523ms total 50.218ms
08-04 01:15:30.505 29472 29731 I art     : Starting a blocking GC Explicit
08-04 01:15:30.556 29472 29731 I art     : Explicit concurrent mark sweep GC freed 7(224B) AllocSpace objects, 0(0B) LOS objects, 28% free, 40MB/56MB, paused 1.419ms total 50.547ms
08-04 01:15:30.570 29472 29731 I art     : Starting a blocking GC Explicit
08-04 01:15:30.621 29472 29731 I art     : Explicit concurrent mark sweep GC freed 7(224B) AllocSpace objects, 0(0B) LOS objects, 28% free, 40MB/56MB, paused 1.503ms total 50.627ms
08-04 01:15:31.004 29472 29484 I art     : Starting a blocking GC Explicit
08-04 01:15:31.056 29472 29484 I art     : Explicit concurrent mark sweep GC freed 1470(83KB) AllocSpace objects, 1(20KB) LOS objects, 28% free, 40MB/56MB, paused 1.392ms total 52.064ms
08-04 01:15:31.070 29472 29484 I art     : Starting a blocking GC Explicit
08-04 01:15:31.122 29472 29484 I art     : Explicit concurrent mark sweep GC freed 26(912B) AllocSpace objects, 0(0B) LOS objects, 28% free, 40MB/56MB, paused 1.433ms total 51.302ms
08-04 01:15:31.135 29472 29484 I art     : Starting a blocking GC Explicit
08-04 01:15:31.187 29472 29484 I art     : Explicit concurrent mark sweep GC freed 7(224B) AllocSpace objects, 0(0B) LOS objects, 28% free, 40MB/56MB, paused 1.347ms total 51.039ms
08-04 01:15:31.200 29472 29484 I art     : Starting a blocking GC Explicit
08-04 01:15:31.251 29472 29484 I art     : Explicit concurrent mark sweep GC freed 7(224B) AllocSpace objects, 0(0B) LOS objects, 28% free, 40MB/56MB, paused 1.440ms total 50.896ms
08-04 01:15:31.265 29472 29484 I art     : Starting a blocking GC Explicit
08-04 01:15:31.318 29472 29484 I art     : Explicit concurrent mark sweep GC freed 7(224B) AllocSpace objects, 0(0B) LOS objects, 28% free, 40MB/56MB, paused 1.528ms total 52.055ms
08-04 01:15:31.690 29472 29484 I art     : Starting a blocking GC Explicit
08-04 01:15:31.743 29472 29484 I art     : Explicit concurrent mark sweep GC freed 1470(84KB) AllocSpace objects, 1(20KB) LOS objects, 28% free, 40MB/56MB, paused 1.563ms total 53.010ms
08-04 01:15:31.757 29472 29484 I art     : Starting a blocking GC Explicit
08-04 01:15:31.809 29472 29484 I art     : Explicit concurrent mark sweep GC freed 26(912B) AllocSpace objects, 0(0B) LOS objects, 28% free, 40MB/56MB, paused 1.488ms total 51.752ms
08-04 01:15:31.823 29472 29484 I art     : Starting a blocking GC Explicit
08-04 01:15:31.874 29472 29484 I art     : Explicit concurrent mark sweep GC freed 7(224B) AllocSpace objects, 0(0B) LOS objects, 28% free, 40MB/56MB, paused 1.506ms total 50.346ms
08-04 01:15:31.888 29472 29484 I art     : Starting a blocking GC Explicit
08-04 01:15:31.939 29472 29484 I art     : Explicit concurrent mark sweep GC freed 7(224B) AllocSpace objects, 0(0B) LOS objects, 28% free, 40MB/56MB, paused 1.422ms total 50.664ms
08-04 01:15:31.952 29472 29484 I art     : Starting a blocking GC Explicit
08-04 01:15:32.001 29472 29484 I art     : Explicit concurrent mark sweep GC freed 7(224B) AllocSpace objects, 0(0B) LOS objects, 28% free, 40MB/56MB, paused 1.332ms total 48.951ms
08-04 01:15:32.401 29472 29731 I art     : Starting a blocking GC Explicit
08-04 01:15:32.454 29472 29731 I art     : Explicit concurrent mark sweep GC freed 1470(83KB) AllocSpace objects, 1(20KB) LOS objects, 28% free, 40MB/56MB, paused 1.422ms total 53.175ms
08-04 01:15:32.468 29472 29731 I art     : Starting a blocking GC Explicit
08-04 01:15:32.482   518   646 I ThermalEngine: ACTION: GPU - Setting GPU[0] to 510000000
08-04 01:15:32.520 29472 29731 I art     : Explicit concurrent mark sweep GC freed 26(912B) AllocSpace objects, 0(0B) LOS objects, 28% free, 40MB/56MB, paused 1.186ms total 51.193ms
08-04 01:15:32.531 29472 29731 I art     : Starting a blocking GC Explicit
08-04 01:15:32.570 29472 29731 I art     : Explicit concurrent mark sweep GC freed 6(192B) AllocSpace objects, 0(0B) LOS objects, 28% free, 40MB/56MB, paused 1.056ms total 38.973ms
08-04 01:15:32.580 29472 29731 I art     : Starting a blocking GC Explicit
08-04 01:15:32.619 29472 29731 I art     : Explicit concurrent mark sweep GC freed 6(192B) AllocSpace objects, 0(0B) LOS objects, 28% free, 40MB/56MB, paused 1.046ms total 38.759ms
08-04 01:15:32.630 29472 29731 I art     : Starting a blocking GC Explicit
08-04 01:15:32.669 29472 29731 I art     : Explicit concurrent mark sweep GC freed 5(160B) AllocSpace objects, 0(0B) LOS objects, 28% free, 40MB/56MB, paused 1.068ms total 39.395ms
08-04 01:15:33.024 29472 29745 I art     : Starting a blocking GC Explicit
08-04 01:15:33.063 29472 29745 I art     : Explicit concurrent mark sweep GC freed 1560(87KB) AllocSpace objects, 1(20KB) LOS objects, 28% free, 40MB/56MB, paused 1.121ms total 39.131ms
08-04 01:15:33.073 29472 29745 I art     : Starting a blocking GC Explicit
08-04 01:15:33.112 29472 29745 I art     : Explicit concurrent mark sweep GC freed 31(1136B) AllocSpace objects, 0(0B) LOS objects, 28% free, 40MB/56MB, paused 1.163ms total 38.764ms
08-04 01:15:33.123 29472 29745 I art     : Starting a blocking GC Explicit
08-04 01:15:33.162 29472 29745 I art     : Explicit concurrent mark sweep GC freed 71(4KB) AllocSpace objects, 0(0B) LOS objects, 28% free, 40MB/56MB, paused 1.160ms total 38.600ms
08-04 01:15:33.172 29472 29745 I art     : Starting a blocking GC Explicit
08-04 01:15:33.211 29472 29745 I art     : Explicit concurrent mark sweep GC freed 15(1504B) AllocSpace objects, 0(0B) LOS objects, 28% free, 40MB/56MB, paused 1.142ms total 38.938ms
08-04 01:15:33.221 29472 29745 I art     : Starting a blocking GC Explicit
08-04 01:15:33.260 29472 29745 I art     : Explicit concurrent mark sweep GC freed 6(192B) AllocSpace objects, 0(0B) LOS objects, 28% free, 40MB/56MB, paused 1.138ms total 38.672ms
08-04 01:15:33.554   918  3261 D WifiStateMachine: starting scan for "H369AA63323"WPA_PSK with 2412,5180
08-04 01:15:33.599 29472 29483 I art     : Starting a blocking GC Explicit
08-04 01:15:33.614 29472 30409 E baseline.com.newsblur.network.APIResponse: Error (unexpected end of stream on https://www.newsblur.com/...) calling https://www.newsblur.com/reader/feed_unread_count?feed_id=0
08-04 01:15:33.614 29472 30409 E baseline.com.newsblur.network.APIResponse: java.io.IOException: unexpected end of stream on https://www.newsblur.com/...
08-04 01:15:33.614 29472 30409 E baseline.com.newsblur.network.APIResponse: 	at okhttp3.internal.http1.Http1ExchangeCodec.readResponseHeaders(Http1ExchangeCodec.java:236)
08-04 01:15:33.614 29472 30409 E baseline.com.newsblur.network.APIResponse: 	at okhttp3.internal.connection.Exchange.readResponseHeaders(Exchange.java:115)
08-04 01:15:33.614 29472 30409 E baseline.com.newsblur.network.APIResponse: 	at okhttp3.internal.http.CallServerInterceptor.intercept(CallServerInterceptor.java:94)
08-04 01:15:33.614 29472 30409 E baseline.com.newsblur.network.APIResponse: 	at okhttp3.internal.http.RealInterceptorChain.proceed(RealInterceptorChain.java:142)
08-04 01:15:33.614 29472 30409 E baseline.com.newsblur.network.APIResponse: 	at okhttp3.internal.connection.ConnectInterceptor.intercept(ConnectInterceptor.java:43)
08-04 01:15:33.614 29472 30409 E baseline.com.newsblur.network.APIResponse: 	at okhttp3.internal.http.RealInterceptorChain.proceed(RealInterceptorChain.java:142)
08-04 01:15:33.614 29472 30409 E baseline.com.newsblur.network.APIResponse: 	at okhttp3.internal.http.RealInterceptorChain.proceed(RealInterceptorChain.java:117)
08-04 01:15:33.614 29472 30409 E baseline.com.newsblur.network.APIResponse: 	at okhttp3.internal.cache.CacheInterceptor.intercept(CacheInterceptor.java:94)
08-04 01:15:33.614 29472 30409 E baseline.com.newsblur.network.APIResponse: 	at okhttp3.internal.http.RealInterceptorChain.proceed(RealInterceptorChain.java:142)
08-04 01:15:33.614 29472 30409 E baseline.com.newsblur.network.APIResponse: 	at okhttp3.internal.http.RealInterceptorChain.proceed(RealInterceptorChain.java:117)
08-04 01:15:33.614 29472 30409 E baseline.com.newsblur.network.APIResponse: 	at okhttp3.internal.http.BridgeInterceptor.intercept(BridgeInterceptor.java:93)
08-04 01:15:33.614 29472 30409 E baseline.com.newsblur.network.APIResponse: 	at okhttp3.internal.http.RealInterceptorChain.proceed(RealInterceptorChain.java:142)
08-04 01:15:33.614 29472 30409 E baseline.com.newsblur.network.APIResponse: 	at okhttp3.internal.http.RetryAndFollowUpInterceptor.intercept(RetryAndFollowUpInterceptor.java:88)
08-04 01:15:33.614 29472 30409 E baseline.com.newsblur.network.APIResponse: 	at okhttp3.internal.http.RealInterceptorChain.proceed(RealInterceptorChain.java:142)
08-04 01:15:33.614 29472 30409 E baseline.com.newsblur.network.APIResponse: 	at okhttp3.internal.http.RealInterceptorChain.proceed(RealInterceptorChain.java:117)
08-04 01:15:33.614 29472 30409 E baseline.com.newsblur.network.APIResponse: 	at okhttp3.RealCall.getResponseWithInterceptorChain(RealCall.java:229)
08-04 01:15:33.614 29472 30409 E baseline.com.newsblur.network.APIResponse: 	at okhttp3.RealCall.execute(RealCall.java:81)
08-04 01:15:33.614 29472 30409 E baseline.com.newsblur.network.APIResponse: 	at baseline.com.newsblur.network.APIResponse.<init>(APIResponse.java:57)
08-04 01:15:33.614 29472 30409 E baseline.com.newsblur.network.APIResponse: 	at baseline.com.newsblur.network.APIManager.get_single(APIManager.java:639)
08-04 01:15:33.614 29472 30409 E baseline.com.newsblur.network.APIResponse: 	at baseline.com.newsblur.network.APIManager.get(APIManager.java:625)
08-04 01:15:33.614 29472 30409 E baseline.com.newsblur.network.APIResponse: 	at baseline.com.newsblur.network.APIManager.get(APIManager.java:667)
08-04 01:15:33.614 29472 30409 E baseline.com.newsblur.network.APIResponse: 	at baseline.com.newsblur.network.APIManager.getFeedUnreadCounts(APIManager.java:274)
08-04 01:15:33.614 29472 30409 E baseline.com.newsblur.network.APIResponse: 	at baseline.com.newsblur.service.NBSyncService.checkRecounts(NBSyncService.java:660)
08-04 01:15:33.614 29472 30409 E baseline.com.newsblur.network.APIResponse: 	at baseline.com.newsblur.service.NBSyncService.doSync(NBSyncService.java:310)
08-04 01:15:33.614 29472 30409 E baseline.com.newsblur.network.APIResponse: 	at baseline.com.newsblur.service.NBSyncService.access$100(NBSyncService.java:67)
08-04 01:15:33.614 29472 30409 E baseline.com.newsblur.network.APIResponse: 	at baseline.com.newsblur.service.NBSyncService$1.run(NBSyncService.java:188)
08-04 01:15:33.614 29472 30409 E baseline.com.newsblur.network.APIResponse: 	at java.util.concurrent.ThreadPoolExecutor.runWorker(ThreadPoolExecutor.java:1113)
08-04 01:15:33.614 29472 30409 E baseline.com.newsblur.network.APIResponse: 	at java.util.concurrent.ThreadPoolExecutor$Worker.run(ThreadPoolExecutor.java:588)
08-04 01:15:33.614 29472 30409 E baseline.com.newsblur.network.APIResponse: 	at java.lang.Thread.run(Thread.java:818)
08-04 01:15:33.614 29472 30409 E baseline.com.newsblur.network.APIResponse: Caused by: java.io.EOFException: \n not found: limit=0 content=
08-04 01:15:33.614 29472 30409 E baseline.com.newsblur.network.APIResponse: 	at okio.RealBufferedSource.readUtf8LineStrict(RealBufferedSource.java:240)
08-04 01:15:33.614 29472 30409 E baseline.com.newsblur.network.APIResponse: 	at okhttp3.internal.http1.Http1ExchangeCodec.readHeaderLine(Http1ExchangeCodec.java:242)
08-04 01:15:33.614 29472 30409 E baseline.com.newsblur.network.APIResponse: 	at okhttp3.internal.http1.Http1ExchangeCodec.readResponseHeaders(Http1ExchangeCodec.java:213)
08-04 01:15:33.614 29472 30409 E baseline.com.newsblur.network.APIResponse: 	... 28 more
08-04 01:15:33.616 29472 30409 W baseline.com.newsblur.service.NBSyncService: Bad response to feed_unread_count
08-04 01:15:33.642 29472 29483 I art     : Explicit concurrent mark sweep GC freed 4345(404KB) AllocSpace objects, 5(100KB) LOS objects, 28% free, 40MB/56MB, paused 1.210ms total 42.526ms
08-04 01:15:33.652 29472 29483 I art     : Starting a blocking GC Explicit
08-04 01:15:33.689 29472 29483 I art     : Explicit concurrent mark sweep GC freed 318(25KB) AllocSpace objects, 0(0B) LOS objects, 28% free, 40MB/56MB, paused 1.067ms total 36.627ms
08-04 01:15:33.699 29472 29483 I art     : Starting a blocking GC Explicit
08-04 01:15:33.736 29472 29483 I art     : Explicit concurrent mark sweep GC freed 28(928B) AllocSpace objects, 0(0B) LOS objects, 28% free, 40MB/56MB, paused 1.039ms total 37.033ms
08-04 01:15:33.747 29472 29483 I art     : Starting a blocking GC Explicit
08-04 01:15:33.786 29472 29483 I art     : Explicit concurrent mark sweep GC freed 6(192B) AllocSpace objects, 0(0B) LOS objects, 28% free, 40MB/56MB, paused 1.120ms total 38.613ms
08-04 01:15:33.796 29472 29483 I art     : Starting a blocking GC Explicit
08-04 01:15:33.836 29472 29483 I art     : Explicit concurrent mark sweep GC freed 6(192B) AllocSpace objects, 0(0B) LOS objects, 28% free, 40MB/56MB, paused 1.096ms total 39.593ms
08-04 01:15:34.002 29472 30409 I NAPPA_EXPERIMENTATION: MetricNetworkRequestExecutionTime: REQUEST_DURATION_SYSTEM='376',REQUEST_DURATION_OKHTTP='31',REQUEST_SYNCHRONOUS='TRUE',RESPONSE_CODE='200',RESPONSE_METHOD='GET',RESPONSE_LENGTH_OKHTTP='-1',RESPONSE_LENGTH_HEADER='-2',REQUEST_PROTOCOL='http/1.1',REQUEST_URL='https://www.newsblur.com/social/river_stories?order=newest&page=1&read_filter=all',
08-04 01:15:34.002 29472 30409 D MY_TAG  : 0, 376
08-04 01:15:34.028 29472 29472 D baseline.com.newsblur.service.NBSyncService: rejecting request for feedset that is exhaused
08-04 01:15:34.172 29472 29484 I art     : Starting a blocking GC Explicit
08-04 01:15:34.218 29472 29484 I art     : Explicit concurrent mark sweep GC freed 7530(457KB) AllocSpace objects, 7(140KB) LOS objects, 28% free, 40MB/56MB, paused 1.169ms total 45.865ms
08-04 01:15:34.232 29472 29484 I art     : Starting a blocking GC Explicit
08-04 01:15:34.271 29472 29484 I art     : Explicit concurrent mark sweep GC freed 257(11KB) AllocSpace objects, 0(0B) LOS objects, 28% free, 40MB/56MB, paused 1.165ms total 38.107ms
08-04 01:15:34.281 29472 29484 I art     : Starting a blocking GC Explicit
08-04 01:15:34.321 29472 29484 I art     : Explicit concurrent mark sweep GC freed 3(96B) AllocSpace objects, 0(0B) LOS objects, 28% free, 40MB/56MB, paused 1.150ms total 40.259ms
08-04 01:15:34.332 29472 29484 I art     : Starting a blocking GC Explicit
08-04 01:15:34.373 29472 29484 I art     : Explicit concurrent mark sweep GC freed 620(25KB) AllocSpace objects, 0(0B) LOS objects, 28% free, 40MB/56MB, paused 1.288ms total 40.178ms
08-04 01:15:34.383 29472 29484 I art     : Starting a blocking GC Explicit
08-04 01:15:34.423 29472 29484 I art     : Explicit concurrent mark sweep GC freed 1077(40KB) AllocSpace objects, 0(0B) LOS objects, 28% free, 40MB/56MB, paused 1.167ms total 40.160ms
08-04 01:15:34.430 29472 30409 E baseline.com.newsblur.network.APIResponse: Error (unexpected end of stream on https://www.newsblur.com/...) calling https://www.newsblur.com/reader/mark_story_hashes_as_read/
08-04 01:15:34.430 29472 30409 E baseline.com.newsblur.network.APIResponse: java.io.IOException: unexpected end of stream on https://www.newsblur.com/...
08-04 01:15:34.430 29472 30409 E baseline.com.newsblur.network.APIResponse: 	at okhttp3.internal.http1.Http1ExchangeCodec.readResponseHeaders(Http1ExchangeCodec.java:236)
08-04 01:15:34.430 29472 30409 E baseline.com.newsblur.network.APIResponse: 	at okhttp3.internal.connection.Exchange.readResponseHeaders(Exchange.java:115)
08-04 01:15:34.430 29472 30409 E baseline.com.newsblur.network.APIResponse: 	at okhttp3.internal.http.CallServerInterceptor.intercept(CallServerInterceptor.java:94)
08-04 01:15:34.430 29472 30409 E baseline.com.newsblur.network.APIResponse: 	at okhttp3.internal.http.RealInterceptorChain.proceed(RealInterceptorChain.java:142)
08-04 01:15:34.430 29472 30409 E baseline.com.newsblur.network.APIResponse: 	at okhttp3.internal.connection.ConnectInterceptor.intercept(ConnectInterceptor.java:43)
08-04 01:15:34.430 29472 30409 E baseline.com.newsblur.network.APIResponse: 	at okhttp3.internal.http.RealInterceptorChain.proceed(RealInterceptorChain.java:142)
08-04 01:15:34.430 29472 30409 E baseline.com.newsblur.network.APIResponse: 	at okhttp3.internal.http.RealInterceptorChain.proceed(RealInterceptorChain.java:117)
08-04 01:15:34.430 29472 30409 E baseline.com.newsblur.network.APIResponse: 	at okhttp3.internal.cache.CacheInterceptor.intercept(CacheInterceptor.java:94)
08-04 01:15:34.430 29472 30409 E baseline.com.newsblur.network.APIResponse: 	at okhttp3.internal.http.RealInterceptorChain.proceed(RealInterceptorChain.java:142)
08-04 01:15:34.430 29472 30409 E baseline.com.newsblur.network.APIResponse: 	at okhttp3.internal.http.RealInterceptorChain.proceed(RealInterceptorChain.java:117)
08-04 01:15:34.430 29472 30409 E baseline.com.newsblur.network.APIResponse: 	at okhttp3.internal.http.BridgeInterceptor.intercept(BridgeInterceptor.java:93)
08-04 01:15:34.430 29472 30409 E baseline.com.newsblur.network.APIResponse: 	at okhttp3.internal.http.RealInterceptorChain.proceed(RealInterceptorChain.java:142)
08-04 01:15:34.430 29472 30409 E baseline.com.newsblur.network.APIResponse: 	at okhttp3.internal.http.RetryAndFollowUpInterceptor.intercept(RetryAndFollowUpInterceptor.java:88)
08-04 01:15:34.430 29472 30409 E baseline.com.newsblur.network.APIResponse: 	at okhttp3.internal.http.RealInterceptorChain.proceed(RealInterceptorChain.java:142)
08-04 01:15:34.430 29472 30409 E baseline.com.newsblur.network.APIResponse: 	at okhttp3.internal.http.RealInterceptorChain.proceed(RealInterceptorChain.java:117)
08-04 01:15:34.430 29472 30409 E baseline.com.newsblur.network.APIResponse: 	at okhttp3.RealCall.getResponseWithInterceptorChain(RealCall.java:229)
08-04 01:15:34.430 29472 30409 E baseline.com.newsblur.network.APIResponse: 	at okhttp3.RealCall.execute(RealCall.java:81)
08-04 01:15:34.430 29472 30409 E baseline.com.newsblur.network.APIResponse: 	at baseline.com.newsblur.network.APIResponse.<init>(APIResponse.java:57)
08-04 01:15:34.430 29472 30409 E baseline.com.newsblur.network.APIResponse: 	at baseline.com.newsblur.network.APIResponse.<init>(APIResponse.java:43)
08-04 01:15:34.430 29472 30409 E baseline.com.newsblur.network.APIResponse: 	at baseline.com.newsblur.network.APIManager.post_single(APIManager.java:702)
08-04 01:15:34.430 29472 30409 E baseline.com.newsblur.network.APIResponse: 	at baseline.com.newsblur.network.APIManager.post(APIManager.java:675)
08-04 01:15:34.430 29472 30409 E baseline.com.newsblur.network.APIResponse: 	at baseline.com.newsblur.network.APIManager.post(APIManager.java:714)
08-04 01:15:34.430 29472 30409 E baseline.com.newsblur.network.APIResponse: 	at baseline.com.newsblur.network.APIManager.markStoryAsRead(APIManager.java:205)
08-04 01:15:34.430 29472 30409 E baseline.com.newsblur.network.APIResponse: 	at baseline.com.newsblur.util.ReadingAction.doRemote(ReadingAction.java:281)
08-04 01:15:34.430 29472 30409 E baseline.com.newsblur.network.APIResponse: 	at baseline.com.newsblur.service.NBSyncService.syncActions(NBSyncService.java:400)
08-04 01:15:34.430 29472 30409 E baseline.com.newsblur.network.APIResponse: 	at baseline.com.newsblur.service.NBSyncService.doSync(NBSyncService.java:298)
08-04 01:15:34.430 29472 30409 E baseline.com.newsblur.network.APIResponse: 	at baseline.com.newsblur.service.NBSyncService.access$100(NBSyncService.java:67)
08-04 01:15:34.430 29472 30409 E baseline.com.newsblur.network.APIResponse: 	at baseline.com.newsblur.service.NBSyncService$1.run(NBSyncService.java:188)
08-04 01:15:34.430 29472 30409 E baseline.com.newsblur.network.APIResponse: 	at java.util.concurrent.ThreadPoolExecutor.runWorker(ThreadPoolExecutor.java:1113)
08-04 01:15:34.430 29472 30409 E baseline.com.newsblur.network.APIResponse: 	at java.util.concurrent.ThreadPoolExecutor$Worker.run(ThreadPoolExecutor.java:588)
08-04 01:15:34.430 29472 30409 E baseline.com.newsblur.network.APIResponse: 	at java.lang.Thread.run(Thread.java:818)
08-04 01:15:34.430 29472 30409 E baseline.com.newsblur.network.APIResponse: Caused by: java.io.EOFException: \n not found: limit=0 content=
08-04 01:15:34.430 29472 30409 E baseline.com.newsblur.network.APIResponse: 	at okio.RealBufferedSource.readUtf8LineStrict(RealBufferedSource.java:240)
08-04 01:15:34.430 29472 30409 E baseline.com.newsblur.network.APIResponse: 	at okhttp3.internal.http1.Http1ExchangeCodec.readHeaderLine(Http1ExchangeCodec.java:242)
08-04 01:15:34.430 29472 30409 E baseline.com.newsblur.network.APIResponse: 	at okhttp3.internal.http1.Http1ExchangeCodec.readResponseHeaders(Http1ExchangeCodec.java:213)
08-04 01:15:34.430 29472 30409 E baseline.com.newsblur.network.APIResponse: 	... 30 more
08-04 01:15:34.432 29472 30409 I baseline.com.newsblur.network.APIManager: API call failed, pausing before retry number 1
08-04 01:15:34.756 29472 29745 I art     : Starting a blocking GC Explicit
08-04 01:15:34.801 29472 29745 I art     : Explicit concurrent mark sweep GC freed 2299(293KB) AllocSpace objects, 3(60KB) LOS objects, 28% free, 40MB/56MB, paused 1.124ms total 44.701ms
08-04 01:15:34.816 29472 29745 I art     : Starting a blocking GC Explicit
08-04 01:15:34.839 24161 24161 I ServiceManager: Waiting for service AtCmdFwd...
08-04 01:15:34.855 29472 29745 I art     : Explicit concurrent mark sweep GC freed 66(2480B) AllocSpace objects, 0(0B) LOS objects, 28% free, 40MB/56MB, paused 1.063ms total 38.988ms
08-04 01:15:34.865 29472 29745 I art     : Starting a blocking GC Explicit
08-04 01:15:34.904 29472 29745 I art     : Explicit concurrent mark sweep GC freed 3(96B) AllocSpace objects, 0(0B) LOS objects, 28% free, 40MB/56MB, paused 1.120ms total 39.250ms
08-04 01:15:34.915 29472 29745 I art     : Starting a blocking GC Explicit
08-04 01:15:34.956 29472 29745 I art     : Explicit concurrent mark sweep GC freed 3(96B) AllocSpace objects, 0(0B) LOS objects, 28% free, 40MB/56MB, paused 1.115ms total 40.135ms
08-04 01:15:34.966 29472 29745 I art     : Starting a blocking GC Explicit
08-04 01:15:35.005 29472 29745 I art     : Explicit concurrent mark sweep GC freed 3(96B) AllocSpace objects, 0(0B) LOS objects, 28% free, 40MB/56MB, paused 1.030ms total 38.280ms
08-04 01:15:35.360 29472 29731 I art     : Starting a blocking GC Explicit
08-04 01:15:35.399 31172 31172 D AndroidRuntime: >>>>>> START com.android.internal.os.RuntimeInit uid 2000 <<<<<<
08-04 01:15:35.403 29472 29731 I art     : Explicit concurrent mark sweep GC freed 1444(83KB) AllocSpace objects, 1(20KB) LOS objects, 28% free, 40MB/56MB, paused 1.243ms total 42.650ms
08-04 01:15:35.404 31172 31172 D AndroidRuntime: CheckJNI is OFF
08-04 01:15:35.414 29472 29731 I art     : Starting a blocking GC Explicit
08-04 01:15:35.440 31172 31172 D ICU     : No timezone override file found: /data/misc/zoneinfo/current/icu/icu_tzdata.dat
08-04 01:15:35.454 29472 29731 I art     : Explicit concurrent mark sweep GC freed 22(784B) AllocSpace objects, 0(0B) LOS objects, 28% free, 40MB/56MB, paused 1.167ms total 39.742ms
08-04 01:15:35.464 29472 29731 I art     : Starting a blocking GC Explicit
08-04 01:15:35.474 31172 31172 I Radio-JNI: register_android_hardware_Radio DONE
08-04 01:15:35.496 31172 31172 D AndroidRuntime: Calling main entry com.android.commands.input.Input
08-04 01:15:35.498 31172 31172 I Input   : injectMotionEvent: MotionEvent { action=ACTION_DOWN, actionButton=0, id[0]=0, x[0]=436.0, y[0]=453.0, toolType[0]=TOOL_TYPE_UNKNOWN, buttonState=0, metaState=0, flags=0x0, edgeFlags=0x0, pointerCount=1, historySize=0, eventTime=666951911, downTime=666951911, deviceId=0, source=0x1002 }
08-04 01:15:35.503 29472 29731 I art     : Explicit concurrent mark sweep GC freed 3(96B) AllocSpace objects, 0(0B) LOS objects, 28% free, 40MB/56MB, paused 1.156ms total 37.927ms
08-04 01:15:35.504 31172 31172 I Input   : injectMotionEvent: MotionEvent { action=ACTION_UP, actionButton=0, id[0]=0, x[0]=436.0, y[0]=453.0, toolType[0]=TOOL_TYPE_UNKNOWN, buttonState=0, metaState=0, flags=0x0, edgeFlags=0x0, pointerCount=1, historySize=0, eventTime=666951911, downTime=666951911, deviceId=0, source=0x1002 }
08-04 01:15:35.506 31172 31172 D AndroidRuntime: Shutting down VM
08-04 01:15:35.512 29472 29731 I art     : Starting a blocking GC Explicit
08-04 01:15:35.521   512  2967 D audio_hw_primary: out_set_parameters: enter: usecase(1: low-latency-playback) kvpairs: routing=2
08-04 01:15:35.526   918  5132 I ActivityManager: START u0 {cmp=baseline.com.newsblur/.activity.AllSharedStoriesReading (has extras)} from uid 10652 on display 0
08-04 01:15:35.534   512  2967 D audio_hw_primary: select_devices: out_snd_device(2: speaker) in_snd_device(0: none)
08-04 01:15:35.534   512  2967 D msm8974_platform: platform_send_audio_calibration: sending audio calibration for snd_device(2) acdb_id(15)
08-04 01:15:35.535   512  2967 I soundtrigger: audio_extn_sound_trigger_update_device_status: device 0x2 of type 0 for Event 1
08-04 01:15:35.544   512  2967 D audio_hw_primary: enable_snd_device: snd_device(2: speaker)
08-04 01:15:35.547   512  2967 D audio_hw_primary: enable_audio_route: apply and update mixer path: low-latency-playback speaker
08-04 01:15:35.553 29472 29731 I art     : Explicit concurrent mark sweep GC freed 787(106KB) AllocSpace objects, 2(40KB) LOS objects, 28% free, 40MB/56MB, paused 1.375ms total 39.841ms
08-04 01:15:35.563 29472 29731 I art     : Starting a blocking GC Explicit
08-04 01:15:35.600 29472 29731 I art     : Explicit concurrent mark sweep GC freed 1241(98KB) AllocSpace objects, 2(468KB) LOS objects, 28% free, 40MB/56MB, paused 1.145ms total 36.395ms
08-04 01:15:35.729   918   936 I ActivityManager: Displayed baseline.com.newsblur/.activity.AllSharedStoriesReading: +194ms
08-04 01:15:35.729 13866 13866 I GoogleInputMethodServic: GoogleInputMethodService.onFinishInput():3138 
08-04 01:15:35.730 13866 13866 I GoogleInputMethodServic: GoogleInputMethodService.onStartInput():1808 
08-04 01:15:35.839 24161 24161 I ServiceManager: Waiting for service AtCmdFwd...
08-04 01:15:35.905 29472 29745 I art     : Starting a blocking GC Explicit
08-04 01:15:35.937 29472 30078 E chromium: [ERROR:tile_manager.cc(793)] WARNING: tile memory limits exceeded, some content may not draw
08-04 01:15:35.938 29472 30078 E chromium: [ERROR:tile_manager.cc(793)] WARNING: tile memory limits exceeded, some content may not draw
08-04 01:15:35.948 29472 29745 I art     : Explicit concurrent mark sweep GC freed 4557(364KB) AllocSpace objects, 14(316KB) LOS objects, 28% free, 41MB/57MB, paused 1.154ms total 42.523ms
08-04 01:15:35.960 29472 29745 I art     : Starting a blocking GC Explicit
08-04 01:15:35.999 29472 29745 I art     : Explicit concurrent mark sweep GC freed 1149(53KB) AllocSpace objects, 1(28KB) LOS objects, 28% free, 41MB/57MB, paused 1.302ms total 39.453ms
08-04 01:15:36.010 29472 29745 I art     : Starting a blocking GC Explicit
08-04 01:15:36.048 29472 29745 I art     : Explicit concurrent mark sweep GC freed 65(4KB) AllocSpace objects, 0(0B) LOS objects, 28% free, 41MB/57MB, paused 1.173ms total 38.310ms
08-04 01:15:36.059 29472 29745 I art     : Starting a blocking GC Explicit
08-04 01:15:36.090   512  2967 D audio_hw_primary: disable_audio_route: reset and update mixer path: low-latency-playback speaker
08-04 01:15:36.091   512  2967 D audio_hw_primary: disable_snd_device: snd_device(2: speaker)
08-04 01:15:36.099   512  2967 I soundtrigger: audio_extn_sound_trigger_update_device_status: device 0x2 of type 0 for Event 0
08-04 01:15:36.099 29472 29745 I art     : Explicit concurrent mark sweep GC freed 3(96B) AllocSpace objects, 0(0B) LOS objects, 28% free, 41MB/57MB, paused 1.187ms total 39.847ms
08-04 01:15:36.113 29472 29745 I art     : Starting a blocking GC Explicit
08-04 01:15:36.153 29472 29745 I art     : Explicit concurrent mark sweep GC freed 138(17KB) AllocSpace objects, 1(20KB) LOS objects, 28% free, 41MB/57MB, paused 1.094ms total 40.522ms
08-04 01:15:36.452 29472 30409 E baseline.com.newsblur.network.APIResponse: Error (unexpected end of stream on https://www.newsblur.com/...) calling https://www.newsblur.com/reader/mark_story_hashes_as_read/
08-04 01:15:36.452 29472 30409 E baseline.com.newsblur.network.APIResponse: java.io.IOException: unexpected end of stream on https://www.newsblur.com/...
08-04 01:15:36.452 29472 30409 E baseline.com.newsblur.network.APIResponse: 	at okhttp3.internal.http1.Http1ExchangeCodec.readResponseHeaders(Http1ExchangeCodec.java:236)
08-04 01:15:36.452 29472 30409 E baseline.com.newsblur.network.APIResponse: 	at okhttp3.internal.connection.Exchange.readResponseHeaders(Exchange.java:115)
08-04 01:15:36.452 29472 30409 E baseline.com.newsblur.network.APIResponse: 	at okhttp3.internal.http.CallServerInterceptor.intercept(CallServerInterceptor.java:94)
08-04 01:15:36.452 29472 30409 E baseline.com.newsblur.network.APIResponse: 	at okhttp3.internal.http.RealInterceptorChain.proceed(RealInterceptorChain.java:142)
08-04 01:15:36.452 29472 30409 E baseline.com.newsblur.network.APIResponse: 	at okhttp3.internal.connection.ConnectInterceptor.intercept(ConnectInterceptor.java:43)
08-04 01:15:36.452 29472 30409 E baseline.com.newsblur.network.APIResponse: 	at okhttp3.internal.http.RealInterceptorChain.proceed(RealInterceptorChain.java:142)
08-04 01:15:36.452 29472 30409 E baseline.com.newsblur.network.APIResponse: 	at okhttp3.internal.http.RealInterceptorChain.proceed(RealInterceptorChain.java:117)
08-04 01:15:36.452 29472 30409 E baseline.com.newsblur.network.APIResponse: 	at okhttp3.internal.cache.CacheInterceptor.intercept(CacheInterceptor.java:94)
08-04 01:15:36.452 29472 30409 E baseline.com.newsblur.network.APIResponse: 	at okhttp3.internal.http.RealInterceptorChain.proceed(RealInterceptorChain.java:142)
08-04 01:15:36.452 29472 30409 E baseline.com.newsblur.network.APIResponse: 	at okhttp3.internal.http.RealInterceptorChain.proceed(RealInterceptorChain.java:117)
08-04 01:15:36.452 29472 30409 E baseline.com.newsblur.network.APIResponse: 	at okhttp3.internal.http.BridgeInterceptor.intercept(BridgeInterceptor.java:93)
08-04 01:15:36.452 29472 30409 E baseline.com.newsblur.network.APIResponse: 	at okhttp3.internal.http.RealInterceptorChain.proceed(RealInterceptorChain.java:142)
08-04 01:15:36.452 29472 30409 E baseline.com.newsblur.network.APIResponse: 	at okhttp3.internal.http.RetryAndFollowUpInterceptor.intercept(RetryAndFollowUpInterceptor.java:88)
08-04 01:15:36.452 29472 30409 E baseline.com.newsblur.network.APIResponse: 	at okhttp3.internal.http.RealInterceptorChain.proceed(RealInterceptorChain.java:142)
08-04 01:15:36.452 29472 30409 E baseline.com.newsblur.network.APIResponse: 	at okhttp3.internal.http.RealInterceptorChain.proceed(RealInterceptorChain.java:117)
08-04 01:15:36.452 29472 30409 E baseline.com.newsblur.network.APIResponse: 	at okhttp3.RealCall.getResponseWithInterceptorChain(RealCall.java:229)
08-04 01:15:36.452 29472 30409 E baseline.com.newsblur.network.APIResponse: 	at okhttp3.RealCall.execute(RealCall.java:81)
08-04 01:15:36.452 29472 30409 E baseline.com.newsblur.network.APIResponse: 	at baseline.com.newsblur.network.APIResponse.<init>(APIResponse.java:57)
08-04 01:15:36.452 29472 30409 E baseline.com.newsblur.network.APIResponse: 	at baseline.com.newsblur.network.APIResponse.<init>(APIResponse.java:43)
08-04 01:15:36.452 29472 30409 E baseline.com.newsblur.network.APIResponse: 	at baseline.com.newsblur.network.APIManager.post_single(APIManager.java:702)
08-04 01:15:36.452 29472 30409 E baseline.com.newsblur.network.APIResponse: 	at baseline.com.newsblur.network.APIManager.post(APIManager.java:675)
08-04 01:15:36.452 29472 30409 E baseline.com.newsblur.network.APIResponse: 	at baseline.com.newsblur.network.APIManager.post(APIManager.java:714)
08-04 01:15:36.452 29472 30409 E baseline.com.newsblur.network.APIResponse: 	at baseline.com.newsblur.network.APIManager.markStoryAsRead(APIManager.java:205)
08-04 01:15:36.452 29472 30409 E baseline.com.newsblur.network.APIResponse: 	at baseline.com.newsblur.util.ReadingAction.doRemote(ReadingAction.java:281)
08-04 01:15:36.452 29472 30409 E baseline.com.newsblur.network.APIResponse: 	at baseline.com.newsblur.service.NBSyncService.syncActions(NBSyncService.java:400)
08-04 01:15:36.452 29472 30409 E baseline.com.newsblur.network.APIResponse: 	at baseline.com.newsblur.service.NBSyncService.doSync(NBSyncService.java:298)
08-04 01:15:36.452 29472 30409 E baseline.com.newsblur.network.APIResponse: 	at baseline.com.newsblur.service.NBSyncService.access$100(NBSyncService.java:67)
08-04 01:15:36.452 29472 30409 E baseline.com.newsblur.network.APIResponse: 	at baseline.com.newsblur.service.NBSyncService$1.run(NBSyncService.java:188)
08-04 01:15:36.452 29472 30409 E baseline.com.newsblur.network.APIResponse: 	at java.util.concurrent.ThreadPoolExecutor.runWorker(ThreadPoolExecutor.java:1113)
08-04 01:15:36.452 29472 30409 E baseline.com.newsblur.network.APIResponse: 	at java.util.concurrent.ThreadPoolExecutor$Worker.run(ThreadPoolExecutor.java:588)
08-04 01:15:36.452 29472 30409 E baseline.com.newsblur.network.APIResponse: 	at java.lang.Thread.run(Thread.java:818)
08-04 01:15:36.452 29472 30409 E baseline.com.newsblur.network.APIResponse: Caused by: java.io.EOFException: \n not found: limit=0 content=
08-04 01:15:36.452 29472 30409 E baseline.com.newsblur.network.APIResponse: 	at okio.RealBufferedSource.readUtf8LineStrict(RealBufferedSource.java:240)
08-04 01:15:36.452 29472 30409 E baseline.com.newsblur.network.APIResponse: 	at okhttp3.internal.http1.Http1ExchangeCodec.readHeaderLine(Http1ExchangeCodec.java:242)
08-04 01:15:36.452 29472 30409 E baseline.com.newsblur.network.APIResponse: 	at okhttp3.internal.http1.Http1ExchangeCodec.readResponseHeaders(Http1ExchangeCodec.java:213)
08-04 01:15:36.452 29472 30409 E baseline.com.newsblur.network.APIResponse: 	... 30 more
08-04 01:15:36.456 29472 30409 I baseline.com.newsblur.network.APIManager: API call failed, pausing before retry number 2
08-04 01:15:36.498 29472 29483 I art     : Starting a blocking GC Explicit
08-04 01:15:36.542 29472 29483 I art     : Explicit concurrent mark sweep GC freed 3970(358KB) AllocSpace objects, 3(60KB) LOS objects, 28% free, 41MB/57MB, paused 1.041ms total 43.791ms
08-04 01:15:36.553 29472 29483 I art     : Starting a blocking GC Explicit
08-04 01:15:36.599 29472 29483 I art     : Explicit concurrent mark sweep GC freed 123(4KB) AllocSpace objects, 0(0B) LOS objects, 28% free, 41MB/57MB, paused 1.180ms total 44.763ms
08-04 01:15:36.610 29472 29483 I art     : Starting a blocking GC Explicit
08-04 01:15:36.654 29472 29483 I art     : Explicit concurrent mark sweep GC freed 3(96B) AllocSpace objects, 0(0B) LOS objects, 28% free, 41MB/57MB, paused 1.085ms total 43.840ms
08-04 01:15:36.665 29472 29483 I art     : Starting a blocking GC Explicit
08-04 01:15:36.711 29472 29483 I art     : Explicit concurrent mark sweep GC freed 3(96B) AllocSpace objects, 0(0B) LOS objects, 28% free, 41MB/57MB, paused 1.182ms total 45.322ms
08-04 01:15:36.722 29472 29483 I art     : Starting a blocking GC Explicit
08-04 01:15:36.767 29472 29483 I art     : Explicit concurrent mark sweep GC freed 3(96B) AllocSpace objects, 0(0B) LOS objects, 28% free, 41MB/57MB, paused 1.173ms total 44.669ms
08-04 01:15:36.840 24161 24161 I ServiceManager: Waiting for service AtCmdFwd...
08-04 01:15:37.111 29472 29745 I art     : Starting a blocking GC Explicit
08-04 01:15:37.157 29472 29745 I art     : Explicit concurrent mark sweep GC freed 1483(84KB) AllocSpace objects, 1(20KB) LOS objects, 28% free, 41MB/57MB, paused 1.923ms total 45.780ms
08-04 01:15:37.169 29472 29745 I art     : Starting a blocking GC Explicit
08-04 01:15:37.215   918   927 I art     : Background sticky concurrent mark sweep GC freed 75981(7MB) AllocSpace objects, 201(4MB) LOS objects, 14% free, 73MB/85MB, paused 1.589ms total 150.092ms
08-04 01:15:37.218 29472 29745 I art     : Explicit concurrent mark sweep GC freed 39(1328B) AllocSpace objects, 0(0B) LOS objects, 28% free, 41MB/57MB, paused 1.384ms total 48.070ms
08-04 01:15:37.228 29472 29745 I art     : Starting a blocking GC Explicit
08-04 01:15:37.268 29472 29745 I art     : Explicit concurrent mark sweep GC freed 7(224B) AllocSpace objects, 0(0B) LOS objects, 28% free, 41MB/57MB, paused 1.295ms total 39.651ms
08-04 01:15:37.278 29472 29745 I art     : Starting a blocking GC Explicit
08-04 01:15:37.319 29472 29745 I art     : Explicit concurrent mark sweep GC freed 23(848B) AllocSpace objects, 0(0B) LOS objects, 28% free, 41MB/57MB, paused 1.126ms total 40.570ms
08-04 01:15:37.329 29472 29745 I art     : Starting a blocking GC Explicit
08-04 01:15:37.373 29472 29745 I art     : Explicit concurrent mark sweep GC freed 3(96B) AllocSpace objects, 0(0B) LOS objects, 28% free, 41MB/57MB, paused 1.172ms total 43.470ms
08-04 01:15:37.489   518   646 I ThermalEngine: ACTION: GPU - Setting GPU[0] to 450000000
08-04 01:15:37.764 29472 29484 I art     : Starting a blocking GC Explicit
08-04 01:15:37.825 29472 29484 I art     : Explicit concurrent mark sweep GC freed 1445(83KB) AllocSpace objects, 1(20KB) LOS objects, 28% free, 41MB/57MB, paused 1.619ms total 60.447ms
08-04 01:15:37.840 29472 29484 I art     : Starting a blocking GC Explicit
08-04 01:15:37.841 24161 24161 I ServiceManager: Waiting for service AtCmdFwd...
08-04 01:15:37.901 29472 29484 I art     : Explicit concurrent mark sweep GC freed 22(784B) AllocSpace objects, 0(0B) LOS objects, 28% free, 41MB/57MB, paused 1.640ms total 60.527ms
08-04 01:15:37.918 29472 29484 I art     : Starting a blocking GC Explicit
08-04 01:15:37.976 29472 29484 I art     : Explicit concurrent mark sweep GC freed 3(96B) AllocSpace objects, 0(0B) LOS objects, 28% free, 41MB/57MB, paused 1.560ms total 57.960ms
08-04 01:15:37.991 29472 29484 I art     : Starting a blocking GC Explicit
08-04 01:15:38.051 29472 29484 I art     : Explicit concurrent mark sweep GC freed 3(96B) AllocSpace objects, 0(0B) LOS objects, 28% free, 41MB/57MB, paused 1.571ms total 59.767ms
08-04 01:15:38.069 29472 29484 I art     : Starting a blocking GC Explicit
08-04 01:15:38.127 29472 29484 I art     : Explicit concurrent mark sweep GC freed 3(96B) AllocSpace objects, 0(0B) LOS objects, 28% free, 41MB/57MB, paused 1.569ms total 57.551ms
08-04 01:15:38.127 29472 29482 I art     : WaitForGcToComplete blocked for 54.359ms for cause HeapTrim
08-04 01:15:38.512 29472 29483 I art     : Starting a blocking GC Explicit
08-04 01:15:38.572 29472 29483 I art     : Explicit concurrent mark sweep GC freed 1446(83KB) AllocSpace objects, 1(20KB) LOS objects, 28% free, 41MB/57MB, paused 1.667ms total 60.238ms
08-04 01:15:38.587 29472 29483 I art     : Starting a blocking GC Explicit
08-04 01:15:38.647 29472 29483 I art     : Explicit concurrent mark sweep GC freed 22(784B) AllocSpace objects, 0(0B) LOS objects, 28% free, 41MB/57MB, paused 1.580ms total 60.226ms
08-04 01:15:38.665 29472 29483 I art     : Starting a blocking GC Explicit
08-04 01:15:38.721 29472 29483 I art     : Explicit concurrent mark sweep GC freed 3(96B) AllocSpace objects, 0(0B) LOS objects, 28% free, 41MB/57MB, paused 1.517ms total 55.840ms
08-04 01:15:38.735 29472 29483 I art     : Starting a blocking GC Explicit
08-04 01:15:38.794 29472 29483 I art     : Explicit concurrent mark sweep GC freed 3(96B) AllocSpace objects, 0(0B) LOS objects, 28% free, 41MB/57MB, paused 1.550ms total 58.283ms
08-04 01:15:38.808 29472 29483 I art     : Starting a blocking GC Explicit
08-04 01:15:38.841 24161 24161 I ServiceManager: Waiting for service AtCmdFwd...
08-04 01:15:38.866 29472 29483 I art     : Explicit concurrent mark sweep GC freed 3(96B) AllocSpace objects, 0(0B) LOS objects, 28% free, 41MB/57MB, paused 1.577ms total 57.318ms
08-04 01:15:39.262 29472 29731 I art     : Starting a blocking GC Explicit
08-04 01:15:39.322 29472 29731 I art     : Explicit concurrent mark sweep GC freed 1445(83KB) AllocSpace objects, 1(20KB) LOS objects, 28% free, 41MB/57MB, paused 1.554ms total 59.502ms
08-04 01:15:39.336 29472 29731 I art     : Starting a blocking GC Explicit
08-04 01:15:39.397 29472 29731 I art     : Explicit concurrent mark sweep GC freed 22(784B) AllocSpace objects, 0(0B) LOS objects, 28% free, 41MB/57MB, paused 1.589ms total 60.770ms
08-04 01:15:39.414 29472 29731 I art     : Starting a blocking GC Explicit
08-04 01:15:39.471 29472 29731 I art     : Explicit concurrent mark sweep GC freed 94(3KB) AllocSpace objects, 0(0B) LOS objects, 28% free, 41MB/57MB, paused 1.596ms total 56.193ms
08-04 01:15:39.485 29472 29731 I art     : Starting a blocking GC Explicit
08-04 01:15:39.497   518   646 I ThermalEngine: ACTION: GPU - Setting GPU[0] to 510000000
08-04 01:15:39.541 29472 29731 I art     : Explicit concurrent mark sweep GC freed 77(5KB) AllocSpace objects, 0(0B) LOS objects, 28% free, 41MB/57MB, paused 1.192ms total 56.114ms
08-04 01:15:39.553 29472 29731 I art     : Starting a blocking GC Explicit
08-04 01:15:39.596 29472 29731 I art     : Explicit concurrent mark sweep GC freed 9(400B) AllocSpace objects, 0(0B) LOS objects, 28% free, 41MB/57MB, paused 1.092ms total 43.619ms
08-04 01:15:39.841 24161 24161 W Atfwd_Sendcmd: AtCmdFwd service not published, waiting... retryCnt : 5
08-04 01:15:39.932 29472 30409 E baseline.com.newsblur.network.APIResponse: Error (unexpected end of stream on https://www.newsblur.com/...) calling https://www.newsblur.com/reader/mark_story_hashes_as_read/
08-04 01:15:39.932 29472 30409 E baseline.com.newsblur.network.APIResponse: java.io.IOException: unexpected end of stream on https://www.newsblur.com/...
08-04 01:15:39.932 29472 30409 E baseline.com.newsblur.network.APIResponse: 	at okhttp3.internal.http1.Http1ExchangeCodec.readResponseHeaders(Http1ExchangeCodec.java:236)
08-04 01:15:39.932 29472 30409 E baseline.com.newsblur.network.APIResponse: 	at okhttp3.internal.connection.Exchange.readResponseHeaders(Exchange.java:115)
08-04 01:15:39.932 29472 30409 E baseline.com.newsblur.network.APIResponse: 	at okhttp3.internal.http.CallServerInterceptor.intercept(CallServerInterceptor.java:94)
08-04 01:15:39.932 29472 30409 E baseline.com.newsblur.network.APIResponse: 	at okhttp3.internal.http.RealInterceptorChain.proceed(RealInterceptorChain.java:142)
08-04 01:15:39.932 29472 30409 E baseline.com.newsblur.network.APIResponse: 	at okhttp3.internal.connection.ConnectInterceptor.intercept(ConnectInterceptor.java:43)
08-04 01:15:39.932 29472 30409 E baseline.com.newsblur.network.APIResponse: 	at okhttp3.internal.http.RealInterceptorChain.proceed(RealInterceptorChain.java:142)
08-04 01:15:39.932 29472 30409 E baseline.com.newsblur.network.APIResponse: 	at okhttp3.internal.http.RealInterceptorChain.proceed(RealInterceptorChain.java:117)
08-04 01:15:39.932 29472 30409 E baseline.com.newsblur.network.APIResponse: 	at okhttp3.internal.cache.CacheInterceptor.intercept(CacheInterceptor.java:94)
08-04 01:15:39.932 29472 30409 E baseline.com.newsblur.network.APIResponse: 	at okhttp3.internal.http.RealInterceptorChain.proceed(RealInterceptorChain.java:142)
08-04 01:15:39.932 29472 30409 E baseline.com.newsblur.network.APIResponse: 	at okhttp3.internal.http.RealInterceptorChain.proceed(RealInterceptorChain.java:117)
08-04 01:15:39.932 29472 30409 E baseline.com.newsblur.network.APIResponse: 	at okhttp3.internal.http.BridgeInterceptor.intercept(BridgeInterceptor.java:93)
08-04 01:15:39.932 29472 30409 E baseline.com.newsblur.network.APIResponse: 	at okhttp3.internal.http.RealInterceptorChain.proceed(RealInterceptorChain.java:142)
08-04 01:15:39.932 29472 30409 E baseline.com.newsblur.network.APIResponse: 	at okhttp3.internal.http.RetryAndFollowUpInterceptor.intercept(RetryAndFollowUpInterceptor.java:88)
08-04 01:15:39.932 29472 30409 E baseline.com.newsblur.network.APIResponse: 	at okhttp3.internal.http.RealInterceptorChain.proceed(RealInterceptorChain.java:142)
08-04 01:15:39.932 29472 30409 E baseline.com.newsblur.network.APIResponse: 	at okhttp3.internal.http.RealInterceptorChain.proceed(RealInterceptorChain.java:117)
08-04 01:15:39.932 29472 30409 E baseline.com.newsblur.network.APIResponse: 	at okhttp3.RealCall.getResponseWithInterceptorChain(RealCall.java:229)
08-04 01:15:39.932 29472 30409 E baseline.com.newsblur.network.APIResponse: 	at okhttp3.RealCall.execute(RealCall.java:81)
08-04 01:15:39.932 29472 30409 E baseline.com.newsblur.network.APIResponse: 	at baseline.com.newsblur.network.APIResponse.<init>(APIResponse.java:57)
08-04 01:15:39.932 29472 30409 E baseline.com.newsblur.network.APIResponse: 	at baseline.com.newsblur.network.APIResponse.<init>(APIResponse.java:43)
08-04 01:15:39.932 29472 30409 E baseline.com.newsblur.network.APIResponse: 	at baseline.com.newsblur.network.APIManager.post_single(APIManager.java:702)
08-04 01:15:39.932 29472 30409 E baseline.com.newsblur.network.APIResponse: 	at baseline.com.newsblur.network.APIManager.post(APIManager.java:675)
08-04 01:15:39.932 29472 30409 E baseline.com.newsblur.network.APIResponse: 	at baseline.com.newsblur.network.APIManager.post(APIManager.java:714)
08-04 01:15:39.932 29472 30409 E baseline.com.newsblur.network.APIResponse: 	at baseline.com.newsblur.network.APIManager.markStoryAsRead(APIManager.java:205)
08-04 01:15:39.932 29472 30409 E baseline.com.newsblur.network.APIResponse: 	at baseline.com.newsblur.util.ReadingAction.doRemote(ReadingAction.java:281)
08-04 01:15:39.932 29472 30409 E baseline.com.newsblur.network.APIResponse: 	at baseline.com.newsblur.service.NBSyncService.syncActions(NBSyncService.java:400)
08-04 01:15:39.932 29472 30409 E baseline.com.newsblur.network.APIResponse: 	at baseline.com.newsblur.service.NBSyncService.doSync(NBSyncService.java:298)
08-04 01:15:39.932 29472 30409 E baseline.com.newsblur.network.APIResponse: 	at baseline.com.newsblur.service.NBSyncService.access$100(NBSyncService.java:67)
08-04 01:15:39.932 29472 30409 E baseline.com.newsblur.network.APIResponse: 	at baseline.com.newsblur.service.NBSyncService$1.run(NBSyncService.java:188)
08-04 01:15:39.932 29472 30409 E baseline.com.newsblur.network.APIResponse: 	at java.util.concurrent.ThreadPoolExecutor.runWorker(ThreadPoolExecutor.java:1113)
08-04 01:15:39.932 29472 30409 E baseline.com.newsblur.network.APIResponse: 	at java.util.concurrent.ThreadPoolExecutor$Worker.run(ThreadPoolExecutor.java:588)
08-04 01:15:39.932 29472 30409 E baseline.com.newsblur.network.APIResponse: 	at java.lang.Thread.run(Thread.java:818)
08-04 01:15:39.932 29472 30409 E baseline.com.newsblur.network.APIResponse: Caused by: java.io.EOFException: \n not found: limit=0 content=
08-04 01:15:39.932 29472 30409 E baseline.com.newsblur.network.APIResponse: 	at okio.RealBufferedSource.readUtf8LineStrict(RealBufferedSource.java:240)
08-04 01:15:39.932 29472 30409 E baseline.com.newsblur.network.APIResponse: 	at okhttp3.internal.http1.Http1ExchangeCodec.readHeaderLine(Http1ExchangeCodec.java:242)
08-04 01:15:39.932 29472 30409 E baseline.com.newsblur.network.APIResponse: 	at okhttp3.internal.http1.Http1ExchangeCodec.readResponseHeaders(Http1ExchangeCodec.java:213)
08-04 01:15:39.932 29472 30409 E baseline.com.newsblur.network.APIResponse: 	... 30 more
08-04 01:15:39.933 29472 30409 I baseline.com.newsblur.service.NBSyncService: Holding reading action with server-side or network error.
08-04 01:15:39.942 29472 30409 W baseline.com.newsblur.service.NBSyncService: hard API failure
08-04 01:15:39.950 29472 29745 I art     : Starting a blocking GC Explicit
08-04 01:15:39.996 29472 29745 I art     : Explicit concurrent mark sweep GC freed 4351(406KB) AllocSpace objects, 5(100KB) LOS objects, 28% free, 41MB/57MB, paused 1.210ms total 45.625ms
08-04 01:15:40.007 29472 29745 I art     : Starting a blocking GC Explicit
08-04 01:15:40.051 29472 29745 I art     : Explicit concurrent mark sweep GC freed 146(5KB) AllocSpace objects, 0(0B) LOS objects, 28% free, 41MB/57MB, paused 1.217ms total 44.267ms
08-04 01:15:40.063 29472 29745 I art     : Starting a blocking GC Explicit
08-04 01:15:40.109 29472 29745 I art     : Explicit concurrent mark sweep GC freed 3(96B) AllocSpace objects, 0(0B) LOS objects, 28% free, 41MB/57MB, paused 1.257ms total 45.943ms
08-04 01:15:40.121 29472 29745 I art     : Starting a blocking GC Explicit
08-04 01:15:40.165 29472 29745 I art     : Explicit concurrent mark sweep GC freed 3(96B) AllocSpace objects, 0(0B) LOS objects, 28% free, 41MB/57MB, paused 1.221ms total 44.439ms
08-04 01:15:40.177 29472 29745 I art     : Starting a blocking GC Explicit
08-04 01:15:40.223 29472 29745 I art     : Explicit concurrent mark sweep GC freed 3(96B) AllocSpace objects, 0(0B) LOS objects, 28% free, 41MB/57MB, paused 1.163ms total 45.769ms
08-04 01:15:40.347 29472 30409 E baseline.com.newsblur.network.APIResponse: Error (unexpected end of stream on https://www.newsblur.com/...) calling https://www.newsblur.com/reader/mark_story_hashes_as_read/
08-04 01:15:40.347 29472 30409 E baseline.com.newsblur.network.APIResponse: java.io.IOException: unexpected end of stream on https://www.newsblur.com/...
08-04 01:15:40.347 29472 30409 E baseline.com.newsblur.network.APIResponse: 	at okhttp3.internal.http1.Http1ExchangeCodec.readResponseHeaders(Http1ExchangeCodec.java:236)
08-04 01:15:40.347 29472 30409 E baseline.com.newsblur.network.APIResponse: 	at okhttp3.internal.connection.Exchange.readResponseHeaders(Exchange.java:115)
08-04 01:15:40.347 29472 30409 E baseline.com.newsblur.network.APIResponse: 	at okhttp3.internal.http.CallServerInterceptor.intercept(CallServerInterceptor.java:94)
08-04 01:15:40.347 29472 30409 E baseline.com.newsblur.network.APIResponse: 	at okhttp3.internal.http.RealInterceptorChain.proceed(RealInterceptorChain.java:142)
08-04 01:15:40.347 29472 30409 E baseline.com.newsblur.network.APIResponse: 	at okhttp3.internal.connection.ConnectInterceptor.intercept(ConnectInterceptor.java:43)
08-04 01:15:40.347 29472 30409 E baseline.com.newsblur.network.APIResponse: 	at okhttp3.internal.http.RealInterceptorChain.proceed(RealInterceptorChain.java:142)
08-04 01:15:40.347 29472 30409 E baseline.com.newsblur.network.APIResponse: 	at okhttp3.internal.http.RealInterceptorChain.proceed(RealInterceptorChain.java:117)
08-04 01:15:40.347 29472 30409 E baseline.com.newsblur.network.APIResponse: 	at okhttp3.internal.cache.CacheInterceptor.intercept(CacheInterceptor.java:94)
08-04 01:15:40.347 29472 30409 E baseline.com.newsblur.network.APIResponse: 	at okhttp3.internal.http.RealInterceptorChain.proceed(RealInterceptorChain.java:142)
08-04 01:15:40.347 29472 30409 E baseline.com.newsblur.network.APIResponse: 	at okhttp3.internal.http.RealInterceptorChain.proceed(RealInterceptorChain.java:117)
08-04 01:15:40.347 29472 30409 E baseline.com.newsblur.network.APIResponse: 	at okhttp3.internal.http.BridgeInterceptor.intercept(BridgeInterceptor.java:93)
08-04 01:15:40.347 29472 30409 E baseline.com.newsblur.network.APIResponse: 	at okhttp3.internal.http.RealInterceptorChain.proceed(RealInterceptorChain.java:142)
08-04 01:15:40.347 29472 30409 E baseline.com.newsblur.network.APIResponse: 	at okhttp3.internal.http.RetryAndFollowUpInterceptor.intercept(RetryAndFollowUpInterceptor.java:88)
08-04 01:15:40.347 29472 30409 E baseline.com.newsblur.network.APIResponse: 	at okhttp3.internal.http.RealInterceptorChain.proceed(RealInterceptorChain.java:142)
08-04 01:15:40.347 29472 30409 E baseline.com.newsblur.network.APIResponse: 	at okhttp3.internal.http.RealInterceptorChain.proceed(RealInterceptorChain.java:117)
08-04 01:15:40.347 29472 30409 E baseline.com.newsblur.network.APIResponse: 	at okhttp3.RealCall.getResponseWithInterceptorChain(RealCall.java:229)
08-04 01:15:40.347 29472 30409 E baseline.com.newsblur.network.APIResponse: 	at okhttp3.RealCall.execute(RealCall.java:81)
08-04 01:15:40.347 29472 30409 E baseline.com.newsblur.network.APIResponse: 	at baseline.com.newsblur.network.APIResponse.<init>(APIResponse.java:57)
08-04 01:15:40.347 29472 30409 E baseline.com.newsblur.network.APIResponse: 	at baseline.com.newsblur.network.APIResponse.<init>(APIResponse.java:43)
08-04 01:15:40.347 29472 30409 E baseline.com.newsblur.network.APIResponse: 	at baseline.com.newsblur.network.APIManager.post_single(APIManager.java:702)
08-04 01:15:40.347 29472 30409 E baseline.com.newsblur.network.APIResponse: 	at baseline.com.newsblur.network.APIManager.post(APIManager.java:675)
08-04 01:15:40.347 29472 30409 E baseline.com.newsblur.network.APIResponse: 	at baseline.com.newsblur.network.APIManager.post(APIManager.java:714)
08-04 01:15:40.347 29472 30409 E baseline.com.newsblur.network.APIResponse: 	at baseline.com.newsblur.network.APIManager.markStoryAsRead(APIManager.java:205)
08-04 01:15:40.347 29472 30409 E baseline.com.newsblur.network.APIResponse: 	at baseline.com.newsblur.util.ReadingAction.doRemote(ReadingAction.java:281)
08-04 01:15:40.347 29472 30409 E baseline.com.newsblur.network.APIResponse: 	at baseline.com.newsblur.service.NBSyncService.syncActions(NBSyncService.java:400)
08-04 01:15:40.347 29472 30409 E baseline.com.newsblur.network.APIResponse: 	at baseline.com.newsblur.service.NBSyncService.doSync(NBSyncService.java:298)
08-04 01:15:40.347 29472 30409 E baseline.com.newsblur.network.APIResponse: 	at baseline.com.newsblur.service.NBSyncService.access$100(NBSyncService.java:67)
08-04 01:15:40.347 29472 30409 E baseline.com.newsblur.network.APIResponse: 	at baseline.com.newsblur.service.NBSyncService$1.run(NBSyncService.java:188)
08-04 01:15:40.347 29472 30409 E baseline.com.newsblur.network.APIResponse: 	at java.util.concurrent.ThreadPoolExecutor.runWorker(ThreadPoolExecutor.java:1113)
08-04 01:15:40.347 29472 30409 E baseline.com.newsblur.network.APIResponse: 	at java.util.concurrent.ThreadPoolExecutor$Worker.run(ThreadPoolExecutor.java:588)
08-04 01:15:40.347 29472 30409 E baseline.com.newsblur.network.APIResponse: 	at java.lang.Thread.run(Thread.java:818)
08-04 01:15:40.347 29472 30409 E baseline.com.newsblur.network.APIResponse: Caused by: java.io.EOFException: \n not found: limit=0 content=
08-04 01:15:40.347 29472 30409 E baseline.com.newsblur.network.APIResponse: 	at okio.RealBufferedSource.readUtf8LineStrict(RealBufferedSource.java:240)
08-04 01:15:40.347 29472 30409 E baseline.com.newsblur.network.APIResponse: 	at okhttp3.internal.http1.Http1ExchangeCodec.readHeaderLine(Http1ExchangeCodec.java:242)
08-04 01:15:40.347 29472 30409 E baseline.com.newsblur.network.APIResponse: 	at okhttp3.internal.http1.Http1ExchangeCodec.readResponseHeaders(Http1ExchangeCodec.java:213)
08-04 01:15:40.347 29472 30409 E baseline.com.newsblur.network.APIResponse: 	... 30 more
08-04 01:15:40.349 29472 30409 I baseline.com.newsblur.network.APIManager: API call failed, pausing before retry number 1
08-04 01:15:40.548 29472 29484 I art     : Starting a blocking GC Explicit
08-04 01:15:40.595 29472 29484 I art     : Explicit concurrent mark sweep GC freed 3958(357KB) AllocSpace objects, 3(60KB) LOS objects, 28% free, 41MB/57MB, paused 1.198ms total 45.689ms
08-04 01:15:40.608 29472 29484 I art     : Starting a blocking GC Explicit
08-04 01:15:40.651 29472 29484 I art     : Explicit concurrent mark sweep GC freed 120(4KB) AllocSpace objects, 0(0B) LOS objects, 28% free, 41MB/57MB, paused 1.139ms total 42.414ms
08-04 01:15:40.662 29472 29484 I art     : Starting a blocking GC Explicit
08-04 01:15:40.706 29472 29484 I art     : Explicit concurrent mark sweep GC freed 3(96B) AllocSpace objects, 0(0B) LOS objects, 28% free, 41MB/57MB, paused 1.163ms total 43.515ms
08-04 01:15:40.717 29472 29484 I art     : Starting a blocking GC Explicit
08-04 01:15:40.761 29472 29484 I art     : Explicit concurrent mark sweep GC freed 3(96B) AllocSpace objects, 0(0B) LOS objects, 28% free, 41MB/57MB, paused 1.116ms total 43.725ms
08-04 01:15:40.772 29472 29484 I art     : Starting a blocking GC Explicit
08-04 01:15:40.816 29472 29484 I art     : Explicit concurrent mark sweep GC freed 3(96B) AllocSpace objects, 0(0B) LOS objects, 28% free, 41MB/57MB, paused 1.149ms total 44.405ms
08-04 01:15:41.186 29472 29483 I art     : Starting a blocking GC Explicit
08-04 01:15:41.229 29472 29483 I art     : Explicit concurrent mark sweep GC freed 1443(83KB) AllocSpace objects, 1(20KB) LOS objects, 28% free, 41MB/57MB, paused 1.164ms total 42.965ms
08-04 01:15:41.239 29472 29483 I art     : Starting a blocking GC Explicit
08-04 01:15:41.283 29472 29483 I art     : Explicit concurrent mark sweep GC freed 22(784B) AllocSpace objects, 0(0B) LOS objects, 28% free, 41MB/57MB, paused 1.219ms total 43.060ms
08-04 01:15:41.294 29472 29483 I art     : Starting a blocking GC Explicit
08-04 01:15:41.337 29472 29483 I art     : Explicit concurrent mark sweep GC freed 3(96B) AllocSpace objects, 0(0B) LOS objects, 28% free, 41MB/57MB, paused 1.230ms total 43.542ms
08-04 01:15:41.348 29472 29483 I art     : Starting a blocking GC Explicit
08-04 01:15:41.392 29472 29483 I art     : Explicit concurrent mark sweep GC freed 3(96B) AllocSpace objects, 0(0B) LOS objects, 28% free, 41MB/57MB, paused 1.115ms total 43.306ms
08-04 01:15:41.403 29472 29483 I art     : Starting a blocking GC Explicit
08-04 01:15:41.446 29472 29483 I art     : Explicit concurrent mark sweep GC freed 3(96B) AllocSpace objects, 0(0B) LOS objects, 28% free, 41MB/57MB, paused 1.126ms total 43.506ms
08-04 01:15:41.801 29472 29731 I art     : Starting a blocking GC Explicit
08-04 01:15:41.848 29472 29731 I art     : Explicit concurrent mark sweep GC freed 1443(83KB) AllocSpace objects, 1(20KB) LOS objects, 28% free, 41MB/57MB, paused 1.262ms total 46.971ms
08-04 01:15:41.863 29472 29731 I art     : Starting a blocking GC Explicit
08-04 01:15:41.905 29472 29731 I art     : Explicit concurrent mark sweep GC freed 113(4KB) AllocSpace objects, 0(0B) LOS objects, 28% free, 41MB/57MB, paused 1.187ms total 42.272ms
08-04 01:15:41.916 29472 29731 I art     : Starting a blocking GC Explicit
08-04 01:15:41.959 29472 29731 I art     : Explicit concurrent mark sweep GC freed 73(4KB) AllocSpace objects, 0(0B) LOS objects, 28% free, 41MB/57MB, paused 1.135ms total 42.573ms
08-04 01:15:41.970 29472 29731 I art     : Starting a blocking GC Explicit
08-04 01:15:42.012 29472 29731 I art     : Explicit concurrent mark sweep GC freed 13(1440B) AllocSpace objects, 0(0B) LOS objects, 28% free, 41MB/57MB, paused 1.171ms total 42.210ms
08-04 01:15:42.023 29472 29731 I art     : Starting a blocking GC Explicit
08-04 01:15:42.066 29472 29731 I art     : Explicit concurrent mark sweep GC freed 3(96B) AllocSpace objects, 0(0B) LOS objects, 28% free, 41MB/57MB, paused 1.081ms total 43.274ms
08-04 01:15:42.395 29472 30409 E baseline.com.newsblur.network.APIResponse: Error (unexpected end of stream on https://www.newsblur.com/...) calling https://www.newsblur.com/reader/mark_story_hashes_as_read/
08-04 01:15:42.395 29472 30409 E baseline.com.newsblur.network.APIResponse: java.io.IOException: unexpected end of stream on https://www.newsblur.com/...
08-04 01:15:42.395 29472 30409 E baseline.com.newsblur.network.APIResponse: 	at okhttp3.internal.http1.Http1ExchangeCodec.readResponseHeaders(Http1ExchangeCodec.java:236)
08-04 01:15:42.395 29472 30409 E baseline.com.newsblur.network.APIResponse: 	at okhttp3.internal.connection.Exchange.readResponseHeaders(Exchange.java:115)
08-04 01:15:42.395 29472 30409 E baseline.com.newsblur.network.APIResponse: 	at okhttp3.internal.http.CallServerInterceptor.intercept(CallServerInterceptor.java:94)
08-04 01:15:42.395 29472 30409 E baseline.com.newsblur.network.APIResponse: 	at okhttp3.internal.http.RealInterceptorChain.proceed(RealInterceptorChain.java:142)
08-04 01:15:42.395 29472 30409 E baseline.com.newsblur.network.APIResponse: 	at okhttp3.internal.connection.ConnectInterceptor.intercept(ConnectInterceptor.java:43)
08-04 01:15:42.395 29472 30409 E baseline.com.newsblur.network.APIResponse: 	at okhttp3.internal.http.RealInterceptorChain.proceed(RealInterceptorChain.java:142)
08-04 01:15:42.395 29472 30409 E baseline.com.newsblur.network.APIResponse: 	at okhttp3.internal.http.RealInterceptorChain.proceed(RealInterceptorChain.java:117)
08-04 01:15:42.395 29472 30409 E baseline.com.newsblur.network.APIResponse: 	at okhttp3.internal.cache.CacheInterceptor.intercept(CacheInterceptor.java:94)
08-04 01:15:42.395 29472 30409 E baseline.com.newsblur.network.APIResponse: 	at okhttp3.internal.http.RealInterceptorChain.proceed(RealInterceptorChain.java:142)
08-04 01:15:42.395 29472 30409 E baseline.com.newsblur.network.APIResponse: 	at okhttp3.internal.http.RealInterceptorChain.proceed(RealInterceptorChain.java:117)
08-04 01:15:42.395 29472 30409 E baseline.com.newsblur.network.APIResponse: 	at okhttp3.internal.http.BridgeInterceptor.intercept(BridgeInterceptor.java:93)
08-04 01:15:42.395 29472 30409 E baseline.com.newsblur.network.APIResponse: 	at okhttp3.internal.http.RealInterceptorChain.proceed(RealInterceptorChain.java:142)
08-04 01:15:42.395 29472 30409 E baseline.com.newsblur.network.APIResponse: 	at okhttp3.internal.http.RetryAndFollowUpInterceptor.intercept(RetryAndFollowUpInterceptor.java:88)
08-04 01:15:42.395 29472 30409 E baseline.com.newsblur.network.APIResponse: 	at okhttp3.internal.http.RealInterceptorChain.proceed(RealInterceptorChain.java:142)
08-04 01:15:42.395 29472 30409 E baseline.com.newsblur.network.APIResponse: 	at okhttp3.internal.http.RealInterceptorChain.proceed(RealInterceptorChain.java:117)
08-04 01:15:42.395 29472 30409 E baseline.com.newsblur.network.APIResponse: 	at okhttp3.RealCall.getResponseWithInterceptorChain(RealCall.java:229)
08-04 01:15:42.395 29472 30409 E baseline.com.newsblur.network.APIResponse: 	at okhttp3.RealCall.execute(RealCall.java:81)
08-04 01:15:42.395 29472 30409 E baseline.com.newsblur.network.APIResponse: 	at baseline.com.newsblur.network.APIResponse.<init>(APIResponse.java:57)
08-04 01:15:42.395 29472 30409 E baseline.com.newsblur.network.APIResponse: 	at baseline.com.newsblur.network.APIResponse.<init>(APIResponse.java:43)
08-04 01:15:42.395 29472 30409 E baseline.com.newsblur.network.APIResponse: 	at baseline.com.newsblur.network.APIManager.post_single(APIManager.java:702)
08-04 01:15:42.395 29472 30409 E baseline.com.newsblur.network.APIResponse: 	at baseline.com.newsblur.network.APIManager.post(APIManager.java:675)
08-04 01:15:42.395 29472 30409 E baseline.com.newsblur.network.APIResponse: 	at baseline.com.newsblur.network.APIManager.post(APIManager.java:714)
08-04 01:15:42.395 29472 30409 E baseline.com.newsblur.network.APIResponse: 	at baseline.com.newsblur.network.APIManager.markStoryAsRead(APIManager.java:205)
08-04 01:15:42.395 29472 30409 E baseline.com.newsblur.network.APIResponse: 	at baseline.com.newsblur.util.ReadingAction.doRemote(ReadingAction.java:281)
08-04 01:15:42.395 29472 30409 E baseline.com.newsblur.network.APIResponse: 	at baseline.com.newsblur.service.NBSyncService.syncActions(NBSyncService.java:400)
08-04 01:15:42.395 29472 30409 E baseline.com.newsblur.network.APIResponse: 	at baseline.com.newsblur.service.NBSyncService.doSync(NBSyncService.java:298)
08-04 01:15:42.395 29472 30409 E baseline.com.newsblur.network.APIResponse: 	at baseline.com.newsblur.service.NBSyncService.access$100(NBSyncService.java:67)
08-04 01:15:42.395 29472 30409 E baseline.com.newsblur.network.APIResponse: 	at baseline.com.newsblur.service.NBSyncService$1.run(NBSyncService.java:188)
08-04 01:15:42.395 29472 30409 E baseline.com.newsblur.network.APIResponse: 	at java.util.concurrent.ThreadPoolExecutor.runWorker(ThreadPoolExecutor.java:1113)
08-04 01:15:42.395 29472 30409 E baseline.com.newsblur.network.APIResponse: 	at java.util.concurrent.ThreadPoolExecutor$Worker.run(ThreadPoolExecutor.java:588)
08-04 01:15:42.395 29472 30409 E baseline.com.newsblur.network.APIResponse: 	at java.lang.Thread.run(Thread.java:818)
08-04 01:15:42.395 29472 30409 E baseline.com.newsblur.network.APIResponse: Caused by: java.io.EOFException: \n not found: limit=0 content=
08-04 01:15:42.395 29472 30409 E baseline.com.newsblur.network.APIResponse: 	at okio.RealBufferedSource.readUtf8LineStrict(RealBufferedSource.java:240)
08-04 01:15:42.395 29472 30409 E baseline.com.newsblur.network.APIResponse: 	at okhttp3.internal.http1.Http1ExchangeCodec.readHeaderLine(Http1ExchangeCodec.java:242)
08-04 01:15:42.395 29472 30409 E baseline.com.newsblur.network.APIResponse: 	at okhttp3.internal.http1.Http1ExchangeCodec.readResponseHeaders(Http1ExchangeCodec.java:213)
08-04 01:15:42.395 29472 30409 E baseline.com.newsblur.network.APIResponse: 	... 30 more
08-04 01:15:42.397 29472 30409 I baseline.com.newsblur.network.APIManager: API call failed, pausing before retry number 2
08-04 01:15:42.439 29472 29745 I art     : Starting a blocking GC Explicit
08-04 01:15:42.482 29472 29745 I art     : Explicit concurrent mark sweep GC freed 3954(357KB) AllocSpace objects, 3(60KB) LOS objects, 28% free, 41MB/57MB, paused 1.081ms total 42.494ms
08-04 01:15:42.493 29472 29745 I art     : Starting a blocking GC Explicit
08-04 01:15:42.537 29472 29745 I art     : Explicit concurrent mark sweep GC freed 120(4KB) AllocSpace objects, 0(0B) LOS objects, 28% free, 41MB/57MB, paused 1.132ms total 43.031ms
08-04 01:15:42.548 29472 29745 I art     : Starting a blocking GC Explicit
08-04 01:15:42.591 29472 29745 I art     : Explicit concurrent mark sweep GC freed 3(96B) AllocSpace objects, 0(0B) LOS objects, 28% free, 41MB/57MB, paused 1.261ms total 43.643ms
08-04 01:15:42.603 29472 29745 I art     : Starting a blocking GC Explicit
08-04 01:15:42.646 29472 29745 I art     : Explicit concurrent mark sweep GC freed 3(96B) AllocSpace objects, 0(0B) LOS objects, 28% free, 41MB/57MB, paused 1.173ms total 43.174ms
08-04 01:15:42.657 29472 29745 I art     : Starting a blocking GC Explicit
08-04 01:15:42.702 29472 29745 I art     : Explicit concurrent mark sweep GC freed 3(96B) AllocSpace objects, 0(0B) LOS objects, 28% free, 41MB/57MB, paused 1.186ms total 44.281ms
08-04 01:15:43.048 29472 29484 I art     : Starting a blocking GC Explicit
08-04 01:15:43.095 29472 29484 I art     : Explicit concurrent mark sweep GC freed 1443(83KB) AllocSpace objects, 1(20KB) LOS objects, 28% free, 41MB/57MB, paused 1.741ms total 46.056ms
08-04 01:15:43.105 29472 29484 I art     : Starting a blocking GC Explicit
08-04 01:15:43.148 29472 29484 I art     : Explicit concurrent mark sweep GC freed 22(784B) AllocSpace objects, 0(0B) LOS objects, 28% free, 41MB/57MB, paused 1.107ms total 42.549ms
08-04 01:15:43.159 29472 29484 I art     : Starting a blocking GC Explicit
08-04 01:15:43.203 29472 29484 I art     : Explicit concurrent mark sweep GC freed 3(96B) AllocSpace objects, 0(0B) LOS objects, 28% free, 41MB/57MB, paused 1.175ms total 43.551ms
08-04 01:15:43.214 29472 29484 I art     : Starting a blocking GC Explicit
08-04 01:15:43.258 29472 29484 I art     : Explicit concurrent mark sweep GC freed 3(96B) AllocSpace objects, 0(0B) LOS objects, 28% free, 41MB/57MB, paused 1.231ms total 43.620ms
08-04 01:15:43.269 29472 29484 I art     : Starting a blocking GC Explicit
08-04 01:15:43.314 29472 29484 I art     : Explicit concurrent mark sweep GC freed 3(96B) AllocSpace objects, 0(0B) LOS objects, 28% free, 41MB/57MB, paused 1.193ms total 44.889ms
08-04 01:15:43.683 29472 29483 I art     : Starting a blocking GC Explicit
08-04 01:15:43.727 29472 29483 I art     : Explicit concurrent mark sweep GC freed 2771(152KB) AllocSpace objects, 1(20KB) LOS objects, 28% free, 41MB/57MB, paused 1.215ms total 44.259ms
08-04 01:15:43.738 29472 29483 I art     : Starting a blocking GC Explicit
08-04 01:15:43.783 29472 29483 I art     : Explicit concurrent mark sweep GC freed 1089(71KB) AllocSpace objects, 0(0B) LOS objects, 28% free, 40MB/56MB, paused 1.104ms total 44.190ms
08-04 01:15:43.794 29472 29483 I art     : Starting a blocking GC Explicit
08-04 01:15:43.838 29472 29483 I art     : Explicit concurrent mark sweep GC freed 898(38KB) AllocSpace objects, 0(0B) LOS objects, 28% free, 41MB/57MB, paused 1.425ms total 43.911ms
08-04 01:15:43.849 29472 29483 I art     : Starting a blocking GC Explicit
08-04 01:15:43.892 29472 29483 I art     : Explicit concurrent mark sweep GC freed 2498(93KB) AllocSpace objects, 0(0B) LOS objects, 28% free, 41MB/57MB, paused 1.110ms total 42.881ms
08-04 01:15:43.903 29472 29483 I art     : Starting a blocking GC Explicit
08-04 01:15:43.946 29472 29483 I art     : Explicit concurrent mark sweep GC freed 561(29KB) AllocSpace objects, 0(0B) LOS objects, 28% free, 41MB/57MB, paused 1.188ms total 43.074ms
08-04 01:15:44.330 29472 29731 I art     : Starting a blocking GC Explicit
08-04 01:15:44.377 29472 29731 I art     : Explicit concurrent mark sweep GC freed 3550(191KB) AllocSpace objects, 1(20KB) LOS objects, 28% free, 41MB/57MB, paused 1.152ms total 46.851ms
08-04 01:15:44.390 29472 29731 I art     : Starting a blocking GC Explicit
08-04 01:15:44.432 29472 29731 I art     : Explicit concurrent mark sweep GC freed 216(19KB) AllocSpace objects, 0(0B) LOS objects, 28% free, 40MB/56MB, paused 1.038ms total 42.164ms
08-04 01:15:44.442 29472 29731 I art     : Starting a blocking GC Explicit
08-04 01:15:44.485 29472 29731 I art     : Explicit concurrent mark sweep GC freed 25(832B) AllocSpace objects, 0(0B) LOS objects, 28% free, 40MB/56MB, paused 1.099ms total 41.894ms
08-04 01:15:44.495 29472 29731 I art     : Starting a blocking GC Explicit
08-04 01:15:44.539 29472 29731 I art     : Explicit concurrent mark sweep GC freed 3(96B) AllocSpace objects, 0(0B) LOS objects, 28% free, 40MB/56MB, paused 1.152ms total 43.444ms
08-04 01:15:44.550 29472 29731 I art     : Starting a blocking GC Explicit
08-04 01:15:44.592 29472 29731 I art     : Explicit concurrent mark sweep GC freed 3(96B) AllocSpace objects, 0(0B) LOS objects, 28% free, 40MB/56MB, paused 1.128ms total 42.147ms
08-04 01:15:44.946 29472 29745 I art     : Starting a blocking GC Explicit
08-04 01:15:44.991 29472 29745 I art     : Explicit concurrent mark sweep GC freed 1443(83KB) AllocSpace objects, 1(20KB) LOS objects, 28% free, 40MB/56MB, paused 1.133ms total 43.840ms
08-04 01:15:45.003 29472 29745 I art     : Starting a blocking GC Explicit
08-04 01:15:45.047 29472 29745 I art     : Explicit concurrent mark sweep GC freed 22(784B) AllocSpace objects, 0(0B) LOS objects, 28% free, 40MB/56MB, paused 1.044ms total 42.882ms
08-04 01:15:45.057 29472 29745 I art     : Starting a blocking GC Explicit
08-04 01:15:45.100 29472 29745 I art     : Explicit concurrent mark sweep GC freed 3(96B) AllocSpace objects, 0(0B) LOS objects, 28% free, 40MB/56MB, paused 1.106ms total 42.802ms
08-04 01:15:45.111 29472 29745 I art     : Starting a blocking GC Explicit
08-04 01:15:45.156 29472 29745 I art     : Explicit concurrent mark sweep GC freed 3(96B) AllocSpace objects, 0(0B) LOS objects, 28% free, 40MB/56MB, paused 1.131ms total 43.994ms
08-04 01:15:45.167 29472 29745 I art     : Starting a blocking GC Explicit
08-04 01:15:45.211 29472 29745 I art     : Explicit concurrent mark sweep GC freed 3(96B) AllocSpace objects, 0(0B) LOS objects, 28% free, 40MB/56MB, paused 1.131ms total 43.777ms
08-04 01:15:45.574 29472 29484 I art     : Starting a blocking GC Explicit
08-04 01:15:45.620 29472 29484 I art     : Explicit concurrent mark sweep GC freed 1608(91KB) AllocSpace objects, 1(20KB) LOS objects, 28% free, 41MB/57MB, paused 1.208ms total 46.152ms
08-04 01:15:45.631 29472 29484 I art     : Starting a blocking GC Explicit
08-04 01:15:45.676 29472 29484 I art     : Explicit concurrent mark sweep GC freed 28(1040B) AllocSpace objects, 0(0B) LOS objects, 28% free, 41MB/57MB, paused 1.114ms total 44.233ms
08-04 01:15:45.687 29472 29484 I art     : Starting a blocking GC Explicit
08-04 01:15:45.731 29472 29484 I art     : Explicit concurrent mark sweep GC freed 3(96B) AllocSpace objects, 0(0B) LOS objects, 28% free, 41MB/57MB, paused 1.202ms total 44.027ms
08-04 01:15:45.742 29472 29484 I art     : Starting a blocking GC Explicit
08-04 01:15:45.788 29472 29484 I art     : Explicit concurrent mark sweep GC freed 3(96B) AllocSpace objects, 0(0B) LOS objects, 28% free, 41MB/57MB, paused 1.257ms total 45.101ms
08-04 01:15:45.799 29472 29484 I art     : Starting a blocking GC Explicit
08-04 01:15:45.844 29472 29484 I art     : Explicit concurrent mark sweep GC freed 857(35KB) AllocSpace objects, 0(0B) LOS objects, 28% free, 41MB/57MB, paused 1.317ms total 44.261ms
08-04 01:15:45.892 29472 30409 E baseline.com.newsblur.network.APIResponse: Error (unexpected end of stream on https://www.newsblur.com/...) calling https://www.newsblur.com/reader/mark_story_hashes_as_read/
08-04 01:15:45.892 29472 30409 E baseline.com.newsblur.network.APIResponse: java.io.IOException: unexpected end of stream on https://www.newsblur.com/...
08-04 01:15:45.892 29472 30409 E baseline.com.newsblur.network.APIResponse: 	at okhttp3.internal.http1.Http1ExchangeCodec.readResponseHeaders(Http1ExchangeCodec.java:236)
08-04 01:15:45.892 29472 30409 E baseline.com.newsblur.network.APIResponse: 	at okhttp3.internal.connection.Exchange.readResponseHeaders(Exchange.java:115)
08-04 01:15:45.892 29472 30409 E baseline.com.newsblur.network.APIResponse: 	at okhttp3.internal.http.CallServerInterceptor.intercept(CallServerInterceptor.java:94)
08-04 01:15:45.892 29472 30409 E baseline.com.newsblur.network.APIResponse: 	at okhttp3.internal.http.RealInterceptorChain.proceed(RealInterceptorChain.java:142)
08-04 01:15:45.892 29472 30409 E baseline.com.newsblur.network.APIResponse: 	at okhttp3.internal.connection.ConnectInterceptor.intercept(ConnectInterceptor.java:43)
08-04 01:15:45.892 29472 30409 E baseline.com.newsblur.network.APIResponse: 	at okhttp3.internal.http.RealInterceptorChain.proceed(RealInterceptorChain.java:142)
08-04 01:15:45.892 29472 30409 E baseline.com.newsblur.network.APIResponse: 	at okhttp3.internal.http.RealInterceptorChain.proceed(RealInterceptorChain.java:117)
08-04 01:15:45.892 29472 30409 E baseline.com.newsblur.network.APIResponse: 	at okhttp3.internal.cache.CacheInterceptor.intercept(CacheInterceptor.java:94)
08-04 01:15:45.892 29472 30409 E baseline.com.newsblur.network.APIResponse: 	at okhttp3.internal.http.RealInterceptorChain.proceed(RealInterceptorChain.java:142)
08-04 01:15:45.892 29472 30409 E baseline.com.newsblur.network.APIResponse: 	at okhttp3.internal.http.RealInterceptorChain.proceed(RealInterceptorChain.java:117)
08-04 01:15:45.892 29472 30409 E baseline.com.newsblur.network.APIResponse: 	at okhttp3.internal.http.BridgeInterceptor.intercept(BridgeInterceptor.java:93)
08-04 01:15:45.892 29472 30409 E baseline.com.newsblur.network.APIResponse: 	at okhttp3.internal.http.RealInterceptorChain.proceed(RealInterceptorChain.java:142)
08-04 01:15:45.892 29472 30409 E baseline.com.newsblur.network.APIResponse: 	at okhttp3.internal.http.RetryAndFollowUpInterceptor.intercept(RetryAndFollowUpInterceptor.java:88)
08-04 01:15:45.892 29472 30409 E baseline.com.newsblur.network.APIResponse: 	at okhttp3.internal.http.RealInterceptorChain.proceed(RealInterceptorChain.java:142)
08-04 01:15:45.892 29472 30409 E baseline.com.newsblur.network.APIResponse: 	at okhttp3.internal.http.RealInterceptorChain.proceed(RealInterceptorChain.java:117)
08-04 01:15:45.892 29472 30409 E baseline.com.newsblur.network.APIResponse: 	at okhttp3.RealCall.getResponseWithInterceptorChain(RealCall.java:229)
08-04 01:15:45.892 29472 30409 E baseline.com.newsblur.network.APIResponse: 	at okhttp3.RealCall.execute(RealCall.java:81)
08-04 01:15:45.892 29472 30409 E baseline.com.newsblur.network.APIResponse: 	at baseline.com.newsblur.network.APIResponse.<init>(APIResponse.java:57)
08-04 01:15:45.892 29472 30409 E baseline.com.newsblur.network.APIResponse: 	at baseline.com.newsblur.network.APIResponse.<init>(APIResponse.java:43)
08-04 01:15:45.892 29472 30409 E baseline.com.newsblur.network.APIResponse: 	at baseline.com.newsblur.network.APIManager.post_single(APIManager.java:702)
08-04 01:15:45.892 29472 30409 E baseline.com.newsblur.network.APIResponse: 	at baseline.com.newsblur.network.APIManager.post(APIManager.java:675)
08-04 01:15:45.892 29472 30409 E baseline.com.newsblur.network.APIResponse: 	at baseline.com.newsblur.network.APIManager.post(APIManager.java:714)
08-04 01:15:45.892 29472 30409 E baseline.com.newsblur.network.APIResponse: 	at baseline.com.newsblur.network.APIManager.markStoryAsRead(APIManager.java:205)
08-04 01:15:45.892 29472 30409 E baseline.com.newsblur.network.APIResponse: 	at baseline.com.newsblur.util.ReadingAction.doRemote(ReadingAction.java:281)
08-04 01:15:45.892 29472 30409 E baseline.com.newsblur.network.APIResponse: 	at baseline.com.newsblur.service.NBSyncService.syncActions(NBSyncService.java:400)
08-04 01:15:45.892 29472 30409 E baseline.com.newsblur.network.APIResponse: 	at baseline.com.newsblur.service.NBSyncService.doSync(NBSyncService.java:298)
08-04 01:15:45.892 29472 30409 E baseline.com.newsblur.network.APIResponse: 	at baseline.com.newsblur.service.NBSyncService.access$100(NBSyncService.java:67)
08-04 01:15:45.892 29472 30409 E baseline.com.newsblur.network.APIResponse: 	at baseline.com.newsblur.service.NBSyncService$1.run(NBSyncService.java:188)
08-04 01:15:45.892 29472 30409 E baseline.com.newsblur.network.APIResponse: 	at java.util.concurrent.ThreadPoolExecutor.runWorker(ThreadPoolExecutor.java:1113)
08-04 01:15:45.892 29472 30409 E baseline.com.newsblur.network.APIResponse: 	at java.util.concurrent.ThreadPoolExecutor$Worker.run(ThreadPoolExecutor.java:588)
08-04 01:15:45.892 29472 30409 E baseline.com.newsblur.network.APIResponse: 	at java.lang.Thread.run(Thread.java:818)
08-04 01:15:45.892 29472 30409 E baseline.com.newsblur.network.APIResponse: Caused by: java.io.EOFException: \n not found: limit=0 content=
08-04 01:15:45.892 29472 30409 E baseline.com.newsblur.network.APIResponse: 	at okio.RealBufferedSource.readUtf8LineStrict(RealBufferedSource.java:240)
08-04 01:15:45.892 29472 30409 E baseline.com.newsblur.network.APIResponse: 	at okhttp3.internal.http1.Http1ExchangeCodec.readHeaderLine(Http1ExchangeCodec.java:242)
08-04 01:15:45.892 29472 30409 E baseline.com.newsblur.network.APIResponse: 	at okhttp3.internal.http1.Http1ExchangeCodec.readResponseHeaders(Http1ExchangeCodec.java:213)
08-04 01:15:45.892 29472 30409 E baseline.com.newsblur.network.APIResponse: 	... 30 more
08-04 01:15:45.893 29472 30409 I baseline.com.newsblur.service.NBSyncService: Holding reading action with server-side or network error.
08-04 01:15:45.909 29472 30409 W baseline.com.newsblur.service.NBSyncService: hard API failure
08-04 01:15:46.181 29472 29483 I art     : Starting a blocking GC Explicit
08-04 01:15:46.227 29472 29483 I art     : Explicit concurrent mark sweep GC freed 3524(371KB) AllocSpace objects, 5(100KB) LOS objects, 28% free, 41MB/57MB, paused 1.185ms total 46.004ms
08-04 01:15:46.238 29472 29483 I art     : Starting a blocking GC Explicit
08-04 01:15:46.281 29472 29483 I art     : Explicit concurrent mark sweep GC freed 1770(69KB) AllocSpace objects, 0(0B) LOS objects, 28% free, 41MB/57MB, paused 1.360ms total 43.017ms
08-04 01:15:46.293 29472 29483 I art     : Starting a blocking GC Explicit
08-04 01:15:46.306 29472 30409 E baseline.com.newsblur.network.APIResponse: Error (unexpected end of stream on https://www.newsblur.com/...) calling https://www.newsblur.com/reader/mark_story_hashes_as_read/
08-04 01:15:46.306 29472 30409 E baseline.com.newsblur.network.APIResponse: java.io.IOException: unexpected end of stream on https://www.newsblur.com/...
08-04 01:15:46.306 29472 30409 E baseline.com.newsblur.network.APIResponse: 	at okhttp3.internal.http1.Http1ExchangeCodec.readResponseHeaders(Http1ExchangeCodec.java:236)
08-04 01:15:46.306 29472 30409 E baseline.com.newsblur.network.APIResponse: 	at okhttp3.internal.connection.Exchange.readResponseHeaders(Exchange.java:115)
08-04 01:15:46.306 29472 30409 E baseline.com.newsblur.network.APIResponse: 	at okhttp3.internal.http.CallServerInterceptor.intercept(CallServerInterceptor.java:94)
08-04 01:15:46.306 29472 30409 E baseline.com.newsblur.network.APIResponse: 	at okhttp3.internal.http.RealInterceptorChain.proceed(RealInterceptorChain.java:142)
08-04 01:15:46.306 29472 30409 E baseline.com.newsblur.network.APIResponse: 	at okhttp3.internal.connection.ConnectInterceptor.intercept(ConnectInterceptor.java:43)
08-04 01:15:46.306 29472 30409 E baseline.com.newsblur.network.APIResponse: 	at okhttp3.internal.http.RealInterceptorChain.proceed(RealInterceptorChain.java:142)
08-04 01:15:46.306 29472 30409 E baseline.com.newsblur.network.APIResponse: 	at okhttp3.internal.http.RealInterceptorChain.proceed(RealInterceptorChain.java:117)
08-04 01:15:46.306 29472 30409 E baseline.com.newsblur.network.APIResponse: 	at okhttp3.internal.cache.CacheInterceptor.intercept(CacheInterceptor.java:94)
08-04 01:15:46.306 29472 30409 E baseline.com.newsblur.network.APIResponse: 	at okhttp3.internal.http.RealInterceptorChain.proceed(RealInterceptorChain.java:142)
08-04 01:15:46.306 29472 30409 E baseline.com.newsblur.network.APIResponse: 	at okhttp3.internal.http.RealInterceptorChain.proceed(RealInterceptorChain.java:117)
08-04 01:15:46.306 29472 30409 E baseline.com.newsblur.network.APIResponse: 	at okhttp3.internal.http.BridgeInterceptor.intercept(BridgeInterceptor.java:93)
08-04 01:15:46.306 29472 30409 E baseline.com.newsblur.network.APIResponse: 	at okhttp3.internal.http.RealInterceptorChain.proceed(RealInterceptorChain.java:142)
08-04 01:15:46.306 29472 30409 E baseline.com.newsblur.network.APIResponse: 	at okhttp3.internal.http.RetryAndFollowUpInterceptor.intercept(RetryAndFollowUpInterceptor.java:88)
08-04 01:15:46.306 29472 30409 E baseline.com.newsblur.network.APIResponse: 	at okhttp3.internal.http.RealInterceptorChain.proceed(RealInterceptorChain.java:142)
08-04 01:15:46.306 29472 30409 E baseline.com.newsblur.network.APIResponse: 	at okhttp3.internal.http.RealInterceptorChain.proceed(RealInterceptorChain.java:117)
08-04 01:15:46.306 29472 30409 E baseline.com.newsblur.network.APIResponse: 	at okhttp3.RealCall.getResponseWithInterceptorChain(RealCall.java:229)
08-04 01:15:46.306 29472 30409 E baseline.com.newsblur.network.APIResponse: 	at okhttp3.RealCall.execute(RealCall.java:81)
08-04 01:15:46.306 29472 30409 E baseline.com.newsblur.network.APIResponse: 	at baseline.com.newsblur.network.APIResponse.<init>(APIResponse.java:57)
08-04 01:15:46.306 29472 30409 E baseline.com.newsblur.network.APIResponse: 	at baseline.com.newsblur.network.APIResponse.<init>(APIResponse.java:43)
08-04 01:15:46.306 29472 30409 E baseline.com.newsblur.network.APIResponse: 	at baseline.com.newsblur.network.APIManager.post_single(APIManager.java:702)
08-04 01:15:46.306 29472 30409 E baseline.com.newsblur.network.APIResponse: 	at baseline.com.newsblur.network.APIManager.post(APIManager.java:675)
08-04 01:15:46.306 29472 30409 E baseline.com.newsblur.network.APIResponse: 	at baseline.com.newsblur.network.APIManager.post(APIManager.java:714)
08-04 01:15:46.306 29472 30409 E baseline.com.newsblur.network.APIResponse: 	at baseline.com.newsblur.network.APIManager.markStoryAsRead(APIManager.java:205)
08-04 01:15:46.306 29472 30409 E baseline.com.newsblur.network.APIResponse: 	at baseline.com.newsblur.util.ReadingAction.doRemote(ReadingAction.java:281)
08-04 01:15:46.306 29472 30409 E baseline.com.newsblur.network.APIResponse: 	at baseline.com.newsblur.service.NBSyncService.syncActions(NBSyncService.java:400)
08-04 01:15:46.306 29472 30409 E baseline.com.newsblur.network.APIResponse: 	at baseline.com.newsblur.service.NBSyncService.doSync(NBSyncService.java:298)
08-04 01:15:46.306 29472 30409 E baseline.com.newsblur.network.APIResponse: 	at baseline.com.newsblur.service.NBSyncService.access$100(NBSyncService.java:67)
08-04 01:15:46.306 29472 30409 E baseline.com.newsblur.network.APIResponse: 	at baseline.com.newsblur.service.NBSyncService$1.run(NBSyncService.java:188)
08-04 01:15:46.306 29472 30409 E baseline.com.newsblur.network.APIResponse: 	at java.util.concurrent.ThreadPoolExecutor.runWorker(ThreadPoolExecutor.java:1113)
08-04 01:15:46.306 29472 30409 E baseline.com.newsblur.network.APIResponse: 	at java.util.concurrent.ThreadPoolExecutor$Worker.run(ThreadPoolExecutor.java:588)
08-04 01:15:46.306 29472 30409 E baseline.com.newsblur.network.APIResponse: 	at java.lang.Thread.run(Thread.java:818)
08-04 01:15:46.306 29472 30409 E baseline.com.newsblur.network.APIResponse: Caused by: java.io.EOFException: \n not found: limit=0 content=
08-04 01:15:46.306 29472 30409 E baseline.com.newsblur.network.APIResponse: 	at okio.RealBufferedSource.readUtf8LineStrict(RealBufferedSource.java:240)
08-04 01:15:46.306 29472 30409 E baseline.com.newsblur.network.APIResponse: 	at okhttp3.internal.http1.Http1ExchangeCodec.readHeaderLine(Http1ExchangeCodec.java:242)
08-04 01:15:46.306 29472 30409 E baseline.com.newsblur.network.APIResponse: 	at okhttp3.internal.http1.Http1ExchangeCodec.readResponseHeaders(Http1ExchangeCodec.java:213)
08-04 01:15:46.306 29472 30409 E baseline.com.newsblur.network.APIResponse: 	... 30 more
08-04 01:15:46.308 29472 30409 I baseline.com.newsblur.network.APIManager: API call failed, pausing before retry number 1
08-04 01:15:46.335 29472 29483 I art     : Explicit concurrent mark sweep GC freed 829(196KB) AllocSpace objects, 2(40KB) LOS objects, 28% free, 41MB/57MB, paused 1.080ms total 42.323ms
08-04 01:15:46.347 29472 29483 I art     : Starting a blocking GC Explicit
08-04 01:15:46.390 29472 29483 I art     : Explicit concurrent mark sweep GC freed 110(16KB) AllocSpace objects, 0(0B) LOS objects, 28% free, 40MB/56MB, paused 1.155ms total 43.110ms
08-04 01:15:46.401 29472 29483 I art     : Starting a blocking GC Explicit
08-04 01:15:46.447 29472 29483 I art     : Explicit concurrent mark sweep GC freed 25(832B) AllocSpace objects, 0(0B) LOS objects, 28% free, 40MB/56MB, paused 1.086ms total 45.147ms
08-04 01:15:46.824 29472 29731 I art     : Starting a blocking GC Explicit
08-04 01:15:46.870 29472 29731 I art     : Explicit concurrent mark sweep GC freed 1443(83KB) AllocSpace objects, 1(20KB) LOS objects, 28% free, 40MB/56MB, paused 1.143ms total 46.118ms
08-04 01:15:46.881 29472 29731 I art     : Starting a blocking GC Explicit
08-04 01:15:46.925 29472 29731 I art     : Explicit concurrent mark sweep GC freed 22(784B) AllocSpace objects, 0(0B) LOS objects, 28% free, 40MB/56MB, paused 1.088ms total 43.209ms
08-04 01:15:46.935 29472 29731 I art     : Starting a blocking GC Explicit
08-04 01:15:46.980 29472 29731 I art     : Explicit concurrent mark sweep GC freed 3(96B) AllocSpace objects, 0(0B) LOS objects, 28% free, 40MB/56MB, paused 1.137ms total 43.893ms
08-04 01:15:46.991 29472 29731 I art     : Starting a blocking GC Explicit
08-04 01:15:47.036 29472 29731 I art     : Explicit concurrent mark sweep GC freed 3(96B) AllocSpace objects, 0(0B) LOS objects, 28% free, 40MB/56MB, paused 1.143ms total 45.015ms
08-04 01:15:47.047 29472 29731 I art     : Starting a blocking GC Explicit
08-04 01:15:47.090 29472 29731 I art     : Explicit concurrent mark sweep GC freed 3(96B) AllocSpace objects, 0(0B) LOS objects, 28% free, 40MB/56MB, paused 1.127ms total 42.454ms
08-04 01:15:47.449 29472 29745 I art     : Starting a blocking GC Explicit
08-04 01:15:47.495 29472 29745 I art     : Explicit concurrent mark sweep GC freed 1443(83KB) AllocSpace objects, 1(20KB) LOS objects, 28% free, 40MB/56MB, paused 1.144ms total 46.200ms
08-04 01:15:47.507 29472 29745 I art     : Starting a blocking GC Explicit
08-04 01:15:47.552 29472 29745 I art     : Explicit concurrent mark sweep GC freed 22(784B) AllocSpace objects, 0(0B) LOS objects, 28% free, 40MB/56MB, paused 1.103ms total 45.237ms
08-04 01:15:47.564 29472 29745 I art     : Starting a blocking GC Explicit
08-04 01:15:47.608 29472 29745 I art     : Explicit concurrent mark sweep GC freed 3(96B) AllocSpace objects, 0(0B) LOS objects, 28% free, 40MB/56MB, paused 1.203ms total 44.044ms
08-04 01:15:47.619 29472 29745 I art     : Starting a blocking GC Explicit
08-04 01:15:47.665 29472 29745 I art     : Explicit concurrent mark sweep GC freed 3(96B) AllocSpace objects, 0(0B) LOS objects, 28% free, 40MB/56MB, paused 1.222ms total 45.394ms
08-04 01:15:47.676 29472 29745 I art     : Starting a blocking GC Explicit
08-04 01:15:47.721 29472 29745 I art     : Explicit concurrent mark sweep GC freed 3(96B) AllocSpace objects, 0(0B) LOS objects, 28% free, 40MB/56MB, paused 1.141ms total 44.682ms
08-04 01:15:48.029 29472 29484 I art     : Starting a blocking GC Explicit
08-04 01:15:48.079 29472 29484 I art     : Explicit concurrent mark sweep GC freed 1608(91KB) AllocSpace objects, 1(20KB) LOS objects, 28% free, 40MB/56MB, paused 1.177ms total 49.302ms
08-04 01:15:48.090 29472 29484 I art     : Starting a blocking GC Explicit
08-04 01:15:48.131 29472 29484 I art     : Explicit concurrent mark sweep GC freed 28(1040B) AllocSpace objects, 0(0B) LOS objects, 28% free, 40MB/56MB, paused 1.125ms total 41.476ms
08-04 01:15:48.142 29472 29484 I art     : Starting a blocking GC Explicit
08-04 01:15:48.183 29472 29484 I art     : Explicit concurrent mark sweep GC freed 3(96B) AllocSpace objects, 0(0B) LOS objects, 28% free, 40MB/56MB, paused 1.238ms total 41.254ms
08-04 01:15:48.194 29472 29484 I art     : Starting a blocking GC Explicit
08-04 01:15:48.213 31390 31390 D AndroidRuntime: >>>>>> START com.android.internal.os.RuntimeInit uid 2000 <<<<<<
08-04 01:15:48.218 31390 31390 D AndroidRuntime: CheckJNI is OFF
08-04 01:15:48.237 29472 29484 I art     : Explicit concurrent mark sweep GC freed 3(96B) AllocSpace objects, 0(0B) LOS objects, 28% free, 40MB/56MB, paused 1.155ms total 42.494ms
08-04 01:15:48.247 29472 29484 I art     : Starting a blocking GC Explicit
08-04 01:15:48.256 31390 31390 D ICU     : No timezone override file found: /data/misc/zoneinfo/current/icu/icu_tzdata.dat
08-04 01:15:48.290 29472 29484 I art     : Explicit concurrent mark sweep GC freed 3(96B) AllocSpace objects, 0(0B) LOS objects, 28% free, 40MB/56MB, paused 1.219ms total 42.138ms
08-04 01:15:48.292 31390 31390 I Radio-JNI: register_android_hardware_Radio DONE
08-04 01:15:48.315 31390 31390 D AndroidRuntime: Calling main entry com.android.commands.input.Input
08-04 01:15:48.316 31390 31390 I Input   : injectKeyEvent: KeyEvent { action=ACTION_DOWN, keyCode=KEYCODE_BACK, scanCode=0, metaState=0, flags=0x0, repeatCount=0, eventTime=666964729, downTime=666964729, deviceId=-1, source=0x101 }
08-04 01:15:48.322 31390 31390 I Input   : injectKeyEvent: KeyEvent { action=ACTION_UP, keyCode=KEYCODE_BACK, scanCode=0, metaState=0, flags=0x0, repeatCount=0, eventTime=666964729, downTime=666964729, deviceId=-1, source=0x101 }
08-04 01:15:48.328 31390 31390 D AndroidRuntime: Shutting down VM
08-04 01:15:48.339 29472 29472 D baseline.com.newsblur.service.NBSyncService: rejecting request for feedset that is exhaused
08-04 01:15:48.351 29472 30409 E baseline.com.newsblur.network.APIResponse: Error (unexpected end of stream on https://www.newsblur.com/...) calling https://www.newsblur.com/reader/mark_story_hashes_as_read/
08-04 01:15:48.351 29472 30409 E baseline.com.newsblur.network.APIResponse: java.io.IOException: unexpected end of stream on https://www.newsblur.com/...
08-04 01:15:48.351 29472 30409 E baseline.com.newsblur.network.APIResponse: 	at okhttp3.internal.http1.Http1ExchangeCodec.readResponseHeaders(Http1ExchangeCodec.java:236)
08-04 01:15:48.351 29472 30409 E baseline.com.newsblur.network.APIResponse: 	at okhttp3.internal.connection.Exchange.readResponseHeaders(Exchange.java:115)
08-04 01:15:48.351 29472 30409 E baseline.com.newsblur.network.APIResponse: 	at okhttp3.internal.http.CallServerInterceptor.intercept(CallServerInterceptor.java:94)
08-04 01:15:48.351 29472 30409 E baseline.com.newsblur.network.APIResponse: 	at okhttp3.internal.http.RealInterceptorChain.proceed(RealInterceptorChain.java:142)
08-04 01:15:48.351 29472 30409 E baseline.com.newsblur.network.APIResponse: 	at okhttp3.internal.connection.ConnectInterceptor.intercept(ConnectInterceptor.java:43)
08-04 01:15:48.351 29472 30409 E baseline.com.newsblur.network.APIResponse: 	at okhttp3.internal.http.RealInterceptorChain.proceed(RealInterceptorChain.java:142)
08-04 01:15:48.351 29472 30409 E baseline.com.newsblur.network.APIResponse: 	at okhttp3.internal.http.RealInterceptorChain.proceed(RealInterceptorChain.java:117)
08-04 01:15:48.351 29472 30409 E baseline.com.newsblur.network.APIResponse: 	at okhttp3.internal.cache.CacheInterceptor.intercept(CacheInterceptor.java:94)
08-04 01:15:48.351 29472 30409 E baseline.com.newsblur.network.APIResponse: 	at okhttp3.internal.http.RealInterceptorChain.proceed(RealInterceptorChain.java:142)
08-04 01:15:48.351 29472 30409 E baseline.com.newsblur.network.APIResponse: 	at okhttp3.internal.http.RealInterceptorChain.proceed(RealInterceptorChain.java:117)
08-04 01:15:48.351 29472 30409 E baseline.com.newsblur.network.APIResponse: 	at okhttp3.internal.http.BridgeInterceptor.intercept(BridgeInterceptor.java:93)
08-04 01:15:48.351 29472 30409 E baseline.com.newsblur.network.APIResponse: 	at okhttp3.internal.http.RealInterceptorChain.proceed(RealInterceptorChain.java:142)
08-04 01:15:48.351 29472 30409 E baseline.com.newsblur.network.APIResponse: 	at okhttp3.internal.http.RetryAndFollowUpInterceptor.intercept(RetryAndFollowUpInterceptor.java:88)
08-04 01:15:48.351 29472 30409 E baseline.com.newsblur.network.APIResponse: 	at okhttp3.internal.http.RealInterceptorChain.proceed(RealInterceptorChain.java:142)
08-04 01:15:48.351 29472 30409 E baseline.com.newsblur.network.APIResponse: 	at okhttp3.internal.http.RealInterceptorChain.proceed(RealInterceptorChain.java:117)
08-04 01:15:48.351 29472 30409 E baseline.com.newsblur.network.APIResponse: 	at okhttp3.RealCall.getResponseWithInterceptorChain(RealCall.java:229)
08-04 01:15:48.351 29472 30409 E baseline.com.newsblur.network.APIResponse: 	at okhttp3.RealCall.execute(RealCall.java:81)
08-04 01:15:48.351 29472 30409 E baseline.com.newsblur.network.APIResponse: 	at baseline.com.newsblur.network.APIResponse.<init>(APIResponse.java:57)
08-04 01:15:48.351 29472 30409 E baseline.com.newsblur.network.APIResponse: 	at baseline.com.newsblur.network.APIResponse.<init>(APIResponse.java:43)
08-04 01:15:48.351 29472 30409 E baseline.com.newsblur.network.APIResponse: 	at baseline.com.newsblur.network.APIManager.post_single(APIManager.java:702)
08-04 01:15:48.351 29472 30409 E baseline.com.newsblur.network.APIResponse: 	at baseline.com.newsblur.network.APIManager.post(APIManager.java:675)
08-04 01:15:48.351 29472 30409 E baseline.com.newsblur.network.APIResponse: 	at baseline.com.newsblur.network.APIManager.post(APIManager.java:714)
08-04 01:15:48.351 29472 30409 E baseline.com.newsblur.network.APIResponse: 	at baseline.com.newsblur.network.APIManager.markStoryAsRead(APIManager.java:205)
08-04 01:15:48.351 29472 30409 E baseline.com.newsblur.network.APIResponse: 	at baseline.com.newsblur.util.ReadingAction.doRemote(ReadingAction.java:281)
08-04 01:15:48.351 29472 30409 E baseline.com.newsblur.network.APIResponse: 	at baseline.com.newsblur.service.NBSyncService.syncActions(NBSyncService.java:400)
08-04 01:15:48.351 29472 30409 E baseline.com.newsblur.network.APIResponse: 	at baseline.com.newsblur.service.NBSyncService.doSync(NBSyncService.java:298)
08-04 01:15:48.351 29472 30409 E baseline.com.newsblur.network.APIResponse: 	at baseline.com.newsblur.service.NBSyncService.access$100(NBSyncService.java:67)
08-04 01:15:48.351 29472 30409 E baseline.com.newsblur.network.APIResponse: 	at baseline.com.newsblur.service.NBSyncService$1.run(NBSyncService.java:188)
08-04 01:15:48.351 29472 30409 E baseline.com.newsblur.network.APIResponse: 	at java.util.concurrent.ThreadPoolExecutor.runWorker(ThreadPoolExecutor.java:1113)
08-04 01:15:48.351 29472 30409 E baseline.com.newsblur.network.APIResponse: 	at java.util.concurrent.ThreadPoolExecutor$Worker.run(ThreadPoolExecutor.java:588)
08-04 01:15:48.351 29472 30409 E baseline.com.newsblur.network.APIResponse: 	at java.lang.Thread.run(Thread.java:818)
08-04 01:15:48.351 29472 30409 E baseline.com.newsblur.network.APIResponse: Caused by: java.io.EOFException: \n not found: limit=0 content=
08-04 01:15:48.351 29472 30409 E baseline.com.newsblur.network.APIResponse: 	at okio.RealBufferedSource.readUtf8LineStrict(RealBufferedSource.java:240)
08-04 01:15:48.351 29472 30409 E baseline.com.newsblur.network.APIResponse: 	at okhttp3.internal.http1.Http1ExchangeCodec.readHeaderLine(Http1ExchangeCodec.java:242)
08-04 01:15:48.351 29472 30409 E baseline.com.newsblur.network.APIResponse: 	at okhttp3.internal.http1.Http1ExchangeCodec.readResponseHeaders(Http1ExchangeCodec.java:213)
08-04 01:15:48.351 29472 30409 E baseline.com.newsblur.network.APIResponse: 	... 30 more
08-04 01:15:48.352 29472 30409 I baseline.com.newsblur.network.APIManager: API call failed, pausing before retry number 2
08-04 01:15:48.469 29472 29472 D baseline.com.newsblur.service.NBSyncService: rejecting request for feedset that is exhaused
08-04 01:15:48.512 13866 13866 I GoogleInputMethodServic: GoogleInputMethodService.onFinishInput():3138 
08-04 01:15:48.513 13866 13866 I GoogleInputMethodServic: GoogleInputMethodService.onStartInput():1808 
08-04 01:15:48.588 29472 29745 I art     : Starting a blocking GC Explicit
08-04 01:15:48.630 29472 29745 I art     : Explicit concurrent mark sweep GC freed 5740(533KB) AllocSpace objects, 8(168KB) LOS objects, 28% free, 40MB/56MB, paused 1.061ms total 40.907ms
08-04 01:15:48.642 29472 29745 I art     : Starting a blocking GC Explicit
08-04 01:15:48.680 29472 29745 I art     : Explicit concurrent mark sweep GC freed 271(12KB) AllocSpace objects, 0(0B) LOS objects, 28% free, 40MB/56MB, paused 1.042ms total 37.492ms
08-04 01:15:48.690 29472 29745 I art     : Starting a blocking GC Explicit
08-04 01:15:48.727 29472 29745 I art     : Explicit concurrent mark sweep GC freed 3(96B) AllocSpace objects, 0(0B) LOS objects, 28% free, 40MB/56MB, paused 1.010ms total 36.410ms
08-04 01:15:48.737 29472 29745 I art     : Starting a blocking GC Explicit
08-04 01:15:48.774 29472 29745 I art     : Explicit concurrent mark sweep GC freed 3(96B) AllocSpace objects, 0(0B) LOS objects, 28% free, 40MB/56MB, paused 943us total 36.849ms
08-04 01:15:48.774 29472 29482 I art     : WaitForGcToComplete blocked for 37.086ms for cause HeapTrim
08-04 01:15:48.784 29472 29745 I art     : Starting a blocking GC Explicit
08-04 01:15:48.823 29472 29745 I art     : Explicit concurrent mark sweep GC freed 1155(52KB) AllocSpace objects, 0(0B) LOS objects, 28% free, 40MB/56MB, paused 1.057ms total 38.234ms
08-04 01:15:49.162 29472 31424 I art     : Starting a blocking GC Explicit
08-04 01:15:49.209 29472 31424 I art     : Explicit concurrent mark sweep GC freed 1566(91KB) AllocSpace objects, 1(20KB) LOS objects, 28% free, 40MB/56MB, paused 1.500ms total 46.345ms
08-04 01:15:49.220 29472 31424 I art     : Starting a blocking GC Explicit
08-04 01:15:49.264 29472 31424 I art     : Explicit concurrent mark sweep GC freed 155(7KB) AllocSpace objects, 0(0B) LOS objects, 28% free, 40MB/56MB, paused 1.117ms total 44.392ms
08-04 01:15:49.277 29472 31424 I art     : Starting a blocking GC Explicit
08-04 01:15:49.324 29472 31424 I art     : Explicit concurrent mark sweep GC freed 11(352B) AllocSpace objects, 0(0B) LOS objects, 28% free, 40MB/56MB, paused 1.362ms total 46.998ms
08-04 01:15:49.336 29472 31424 I art     : Starting a blocking GC Explicit
08-04 01:15:49.384 29472 31424 I art     : Explicit concurrent mark sweep GC freed 10(320B) AllocSpace objects, 0(0B) LOS objects, 28% free, 40MB/56MB, paused 1.036ms total 47.471ms
08-04 01:15:49.397 29472 31424 I art     : Starting a blocking GC Explicit
08-04 01:15:49.444 29472 31424 I art     : Explicit concurrent mark sweep GC freed 10(320B) AllocSpace objects, 0(0B) LOS objects, 28% free, 40MB/56MB, paused 1.165ms total 47.234ms
08-04 01:15:49.774 29472 29484 I art     : Starting a blocking GC Explicit
08-04 01:15:49.828 29472 29484 I art     : Explicit concurrent mark sweep GC freed 1490(84KB) AllocSpace objects, 1(20KB) LOS objects, 28% free, 40MB/56MB, paused 1.674ms total 53.108ms
08-04 01:15:49.839 29472 29484 I art     : Starting a blocking GC Explicit
08-04 01:15:49.883 29472 29484 I art     : Explicit concurrent mark sweep GC freed 28(976B) AllocSpace objects, 0(0B) LOS objects, 28% free, 40MB/56MB, paused 993us total 43.753ms
08-04 01:15:49.895 29472 29484 I art     : Starting a blocking GC Explicit
08-04 01:15:49.937 29472 29484 I art     : Explicit concurrent mark sweep GC freed 8(256B) AllocSpace objects, 0(0B) LOS objects, 28% free, 40MB/56MB, paused 1.216ms total 42.155ms
08-04 01:15:49.949 29472 29484 I art     : Starting a blocking GC Explicit
08-04 01:15:49.990 29472 29484 I art     : Explicit concurrent mark sweep GC freed 3(96B) AllocSpace objects, 0(0B) LOS objects, 28% free, 40MB/56MB, paused 1.139ms total 40.508ms
08-04 01:15:50.000 29472 29484 I art     : Starting a blocking GC Explicit
08-04 01:15:50.007 31435 31435 D AndroidRuntime: >>>>>> START com.android.internal.os.RuntimeInit uid 2000 <<<<<<
08-04 01:15:50.012 31435 31435 D AndroidRuntime: CheckJNI is OFF
08-04 01:15:50.041 29472 29484 I art     : Explicit concurrent mark sweep GC freed 3(96B) AllocSpace objects, 0(0B) LOS objects, 28% free, 40MB/56MB, paused 1.141ms total 40.585ms
08-04 01:15:50.045 31435 31435 D ICU     : No timezone override file found: /data/misc/zoneinfo/current/icu/icu_tzdata.dat
08-04 01:15:50.078 31435 31435 I Radio-JNI: register_android_hardware_Radio DONE
08-04 01:15:50.100 31435 31435 D AndroidRuntime: Calling main entry com.android.commands.input.Input
08-04 01:15:50.102 31435 31435 I Input   : injectMotionEvent: MotionEvent { action=ACTION_DOWN, actionButton=0, id[0]=0, x[0]=435.0, y[0]=858.0, toolType[0]=TOOL_TYPE_UNKNOWN, buttonState=0, metaState=0, flags=0x0, edgeFlags=0x0, pointerCount=1, historySize=0, eventTime=666966515, downTime=666966515, deviceId=0, source=0x1002 }
08-04 01:15:50.108 31435 31435 I Input   : injectMotionEvent: MotionEvent { action=ACTION_UP, actionButton=0, id[0]=0, x[0]=435.0, y[0]=858.0, toolType[0]=TOOL_TYPE_UNKNOWN, buttonState=0, metaState=0, flags=0x0, edgeFlags=0x0, pointerCount=1, historySize=0, eventTime=666966515, downTime=666966515, deviceId=0, source=0x1002 }
08-04 01:15:50.110 31435 31435 D AndroidRuntime: Shutting down VM
08-04 01:15:50.120   918  6111 I ActivityManager: START u0 {cmp=baseline.com.newsblur/.activity.AllSharedStoriesReading (has extras)} from uid 10652 on display 0
08-04 01:15:50.121   512  2967 D audio_hw_primary: out_set_parameters: enter: usecase(1: low-latency-playback) kvpairs: routing=2
08-04 01:15:50.135   512  2967 D audio_hw_primary: select_devices: out_snd_device(2: speaker) in_snd_device(0: none)
08-04 01:15:50.135   512  2967 D msm8974_platform: platform_send_audio_calibration: sending audio calibration for snd_device(2) acdb_id(15)
08-04 01:15:50.135   512  2967 I soundtrigger: audio_extn_sound_trigger_update_device_status: device 0x2 of type 0 for Event 1
08-04 01:15:50.148   512  2967 D audio_hw_primary: enable_snd_device: snd_device(2: speaker)
08-04 01:15:50.150   512  2967 D audio_hw_primary: enable_audio_route: apply and update mixer path: low-latency-playback speaker
08-04 01:15:50.339   918   936 I ActivityManager: Displayed baseline.com.newsblur/.activity.AllSharedStoriesReading: +207ms
08-04 01:15:50.343 29472 29483 I art     : Starting a blocking GC Explicit
08-04 01:15:50.344 13866 13866 I GoogleInputMethodServic: GoogleInputMethodService.onFinishInput():3138 
08-04 01:15:50.345 13866 13866 I GoogleInputMethodServic: GoogleInputMethodService.onStartInput():1808 
08-04 01:15:50.389 29472 29483 I art     : Explicit concurrent mark sweep GC freed 4387(347KB) AllocSpace objects, 8(588KB) LOS objects, 27% free, 41MB/57MB, paused 1.597ms total 46.001ms
08-04 01:15:50.401 29472 29483 I art     : Starting a blocking GC Explicit
08-04 01:15:50.447 29472 29483 I art     : Explicit concurrent mark sweep GC freed 2274(139KB) AllocSpace objects, 2(40KB) LOS objects, 27% free, 41MB/57MB, paused 1.339ms total 45.913ms
08-04 01:15:50.459 29472 29483 I art     : Starting a blocking GC Explicit
08-04 01:15:50.504 29472 29483 I art     : Explicit concurrent mark sweep GC freed 968(99KB) AllocSpace objects, 7(168KB) LOS objects, 27% free, 41MB/57MB, paused 1.188ms total 44.613ms
08-04 01:15:50.516 29472 29483 I art     : Starting a blocking GC Explicit
08-04 01:15:50.559 29472 29483 I art     : Explicit concurrent mark sweep GC freed 575(54KB) AllocSpace objects, 3(76KB) LOS objects, 27% free, 41MB/57MB, paused 1.205ms total 42.705ms
08-04 01:15:50.570 29472 29483 I art     : Starting a blocking GC Explicit
08-04 01:15:50.602 29472 30078 E chromium: [ERROR:tile_manager.cc(793)] WARNING: tile memory limits exceeded, some content may not draw
08-04 01:15:50.602 29472 30078 E chromium: [ERROR:tile_manager.cc(793)] WARNING: tile memory limits exceeded, some content may not draw
08-04 01:15:50.611 29472 29483 I art     : Explicit concurrent mark sweep GC freed 105(20KB) AllocSpace objects, 0(0B) LOS objects, 27% free, 41MB/57MB, paused 1.064ms total 41.625ms
08-04 01:15:50.689   512  2967 D audio_hw_primary: disable_audio_route: reset and update mixer path: low-latency-playback speaker
08-04 01:15:50.691   512  2967 D audio_hw_primary: disable_snd_device: snd_device(2: speaker)
08-04 01:15:50.699   512  2967 I soundtrigger: audio_extn_sound_trigger_update_device_status: device 0x2 of type 0 for Event 0
08-04 01:15:50.955 29472 29484 I art     : Starting a blocking GC Explicit
08-04 01:15:51.005 29472 29484 I art     : Explicit concurrent mark sweep GC freed 1598(101KB) AllocSpace objects, 2(40KB) LOS objects, 27% free, 41MB/57MB, paused 1.265ms total 50.732ms
08-04 01:15:51.017 29472 29484 I art     : Starting a blocking GC Explicit
08-04 01:15:51.064 29472 29484 I art     : Explicit concurrent mark sweep GC freed 29(1072B) AllocSpace objects, 0(0B) LOS objects, 27% free, 41MB/57MB, paused 1.161ms total 46.717ms
08-04 01:15:51.076 29472 29484 I art     : Starting a blocking GC Explicit
08-04 01:15:51.125 29472 29484 I art     : Explicit concurrent mark sweep GC freed 3(96B) AllocSpace objects, 0(0B) LOS objects, 27% free, 41MB/57MB, paused 1.174ms total 48.607ms
08-04 01:15:51.136 29472 29484 I art     : Starting a blocking GC Explicit
08-04 01:15:51.182 29472 29484 I art     : Explicit concurrent mark sweep GC freed 3(96B) AllocSpace objects, 0(0B) LOS objects, 27% free, 41MB/57MB, paused 1.153ms total 45.593ms
08-04 01:15:51.193 29472 29484 I art     : Starting a blocking GC Explicit
08-04 01:15:51.240 29472 29484 I art     : Explicit concurrent mark sweep GC freed 3(96B) AllocSpace objects, 0(0B) LOS objects, 27% free, 41MB/57MB, paused 1.154ms total 47.072ms
08-04 01:15:51.515   518   646 I ThermalEngine: ACTION: GPU - Setting GPU[0] to 450000000
08-04 01:15:51.598 29472 31424 I art     : Starting a blocking GC Explicit
08-04 01:15:51.639 29472 30078 E chromium: [ERROR:tile_manager.cc(793)] WARNING: tile memory limits exceeded, some content may not draw
08-04 01:15:51.640 29472 30078 E chromium: [ERROR:tile_manager.cc(793)] WARNING: tile memory limits exceeded, some content may not draw
08-04 01:15:51.652 29472 30078 E chromium: [ERROR:tile_manager.cc(793)] WARNING: tile memory limits exceeded, some content may not draw
08-04 01:15:51.653 29472 30078 E chromium: [ERROR:tile_manager.cc(793)] WARNING: tile memory limits exceeded, some content may not draw
08-04 01:15:51.658 29472 31424 I art     : Explicit concurrent mark sweep GC freed 1651(93KB) AllocSpace objects, 1(20KB) LOS objects, 27% free, 41MB/57MB, paused 1.998ms total 59.367ms
08-04 01:15:51.671 29472 30078 E chromium: [ERROR:tile_manager.cc(793)] WARNING: tile memory limits exceeded, some content may not draw
08-04 01:15:51.672 29472 30078 E chromium: [ERROR:tile_manager.cc(793)] WARNING: tile memory limits exceeded, some content may not draw
08-04 01:15:51.673 29472 31424 I art     : Starting a blocking GC Explicit
08-04 01:15:51.726 29472 31424 I art     : Explicit concurrent mark sweep GC freed 53(1824B) AllocSpace objects, 0(0B) LOS objects, 27% free, 41MB/57MB, paused 1.443ms total 52.766ms
08-04 01:15:51.742 29472 31424 I art     : Starting a blocking GC Explicit
08-04 01:15:51.799 29472 31424 I art     : Explicit concurrent mark sweep GC freed 27(864B) AllocSpace objects, 0(0B) LOS objects, 27% free, 41MB/57MB, paused 1.909ms total 57.157ms
08-04 01:15:51.813 29472 31424 I art     : Starting a blocking GC Explicit
08-04 01:15:51.872 29472 31424 I art     : Explicit concurrent mark sweep GC freed 29(928B) AllocSpace objects, 0(0B) LOS objects, 27% free, 41MB/57MB, paused 1.714ms total 58.399ms
08-04 01:15:51.887 29472 31424 I art     : Starting a blocking GC Explicit
08-04 01:15:51.929 29472 30409 E baseline.com.newsblur.network.APIResponse: Error (unexpected end of stream on https://www.newsblur.com/...) calling https://www.newsblur.com/reader/mark_story_hashes_as_read/
08-04 01:15:51.929 29472 30409 E baseline.com.newsblur.network.APIResponse: java.io.IOException: unexpected end of stream on https://www.newsblur.com/...
08-04 01:15:51.929 29472 30409 E baseline.com.newsblur.network.APIResponse: 	at okhttp3.internal.http1.Http1ExchangeCodec.readResponseHeaders(Http1ExchangeCodec.java:236)
08-04 01:15:51.929 29472 30409 E baseline.com.newsblur.network.APIResponse: 	at okhttp3.internal.connection.Exchange.readResponseHeaders(Exchange.java:115)
08-04 01:15:51.929 29472 30409 E baseline.com.newsblur.network.APIResponse: 	at okhttp3.internal.http.CallServerInterceptor.intercept(CallServerInterceptor.java:94)
08-04 01:15:51.929 29472 30409 E baseline.com.newsblur.network.APIResponse: 	at okhttp3.internal.http.RealInterceptorChain.proceed(RealInterceptorChain.java:142)
08-04 01:15:51.929 29472 30409 E baseline.com.newsblur.network.APIResponse: 	at okhttp3.internal.connection.ConnectInterceptor.intercept(ConnectInterceptor.java:43)
08-04 01:15:51.929 29472 30409 E baseline.com.newsblur.network.APIResponse: 	at okhttp3.internal.http.RealInterceptorChain.proceed(RealInterceptorChain.java:142)
08-04 01:15:51.929 29472 30409 E baseline.com.newsblur.network.APIResponse: 	at okhttp3.internal.http.RealInterceptorChain.proceed(RealInterceptorChain.java:117)
08-04 01:15:51.929 29472 30409 E baseline.com.newsblur.network.APIResponse: 	at okhttp3.internal.cache.CacheInterceptor.intercept(CacheInterceptor.java:94)
08-04 01:15:51.929 29472 30409 E baseline.com.newsblur.network.APIResponse: 	at okhttp3.internal.http.RealInterceptorChain.proceed(RealInterceptorChain.java:142)
08-04 01:15:51.929 29472 30409 E baseline.com.newsblur.network.APIResponse: 	at okhttp3.internal.http.RealInterceptorChain.proceed(RealInterceptorChain.java:117)
08-04 01:15:51.929 29472 30409 E baseline.com.newsblur.network.APIResponse: 	at okhttp3.internal.http.BridgeInterceptor.intercept(BridgeInterceptor.java:93)
08-04 01:15:51.929 29472 30409 E baseline.com.newsblur.network.APIResponse: 	at okhttp3.internal.http.RealInterceptorChain.proceed(RealInterceptorChain.java:142)
08-04 01:15:51.929 29472 30409 E baseline.com.newsblur.network.APIResponse: 	at okhttp3.internal.http.RetryAndFollowUpInterceptor.intercept(RetryAndFollowUpInterceptor.java:88)
08-04 01:15:51.929 29472 30409 E baseline.com.newsblur.network.APIResponse: 	at okhttp3.internal.http.RealInterceptorChain.proceed(RealInterceptorChain.java:142)
08-04 01:15:51.929 29472 30409 E baseline.com.newsblur.network.APIResponse: 	at okhttp3.internal.http.RealInterceptorChain.proceed(RealInterceptorChain.java:117)
08-04 01:15:51.929 29472 30409 E baseline.com.newsblur.network.APIResponse: 	at okhttp3.RealCall.getResponseWithInterceptorChain(RealCall.java:229)
08-04 01:15:51.929 29472 30409 E baseline.com.newsblur.network.APIResponse: 	at okhttp3.RealCall.execute(RealCall.java:81)
08-04 01:15:51.929 29472 30409 E baseline.com.newsblur.network.APIResponse: 	at baseline.com.newsblur.network.APIResponse.<init>(APIResponse.java:57)
08-04 01:15:51.929 29472 30409 E baseline.com.newsblur.network.APIResponse: 	at baseline.com.newsblur.network.APIResponse.<init>(APIResponse.java:43)
08-04 01:15:51.929 29472 30409 E baseline.com.newsblur.network.APIResponse: 	at baseline.com.newsblur.network.APIManager.post_single(APIManager.java:702)
08-04 01:15:51.929 29472 30409 E baseline.com.newsblur.network.APIResponse: 	at baseline.com.newsblur.network.APIManager.post(APIManager.java:675)
08-04 01:15:51.929 29472 30409 E baseline.com.newsblur.network.APIResponse: 	at baseline.com.newsblur.network.APIManager.post(APIManager.java:714)
08-04 01:15:51.929 29472 30409 E baseline.com.newsblur.network.APIResponse: 	at baseline.com.newsblur.network.APIManager.markStoryAsRead(APIManager.java:205)
08-04 01:15:51.929 29472 30409 E baseline.com.newsblur.network.APIResponse: 	at baseline.com.newsblur.util.ReadingAction.doRemote(ReadingAction.java:281)
08-04 01:15:51.929 29472 30409 E baseline.com.newsblur.network.APIResponse: 	at baseline.com.newsblur.service.NBSyncService.syncActions(NBSyncService.java:400)
08-04 01:15:51.929 29472 30409 E baseline.com.newsblur.network.APIResponse: 	at baseline.com.newsblur.service.NBSyncService.doSync(NBSyncService.java:298)
08-04 01:15:51.929 29472 30409 E baseline.com.newsblur.network.APIResponse: 	at baseline.com.newsblur.service.NBSyncService.access$100(NBSyncService.java:67)
08-04 01:15:51.929 29472 30409 E baseline.com.newsblur.network.APIResponse: 	at baseline.com.newsblur.service.NBSyncService$1.run(NBSyncService.java:188)
08-04 01:15:51.929 29472 30409 E baseline.com.newsblur.network.APIResponse: 	at java.util.concurrent.ThreadPoolExecutor.runWorker(ThreadPoolExecutor.java:1113)
08-04 01:15:51.929 29472 30409 E baseline.com.newsblur.network.APIResponse: 	at java.util.concurrent.ThreadPoolExecutor$Worker.run(ThreadPoolExecutor.java:588)
08-04 01:15:51.929 29472 30409 E baseline.com.newsblur.network.APIResponse: 	at java.lang.Thread.run(Thread.java:818)
08-04 01:15:51.929 29472 30409 E baseline.com.newsblur.network.APIResponse: Caused by: java.io.EOFException: \n not found: limit=0 content=
08-04 01:15:51.929 29472 30409 E baseline.com.newsblur.network.APIResponse: 	at okio.RealBufferedSource.readUtf8LineStrict(RealBufferedSource.java:240)
08-04 01:15:51.929 29472 30409 E baseline.com.newsblur.network.APIResponse: 	at okhttp3.internal.http1.Http1ExchangeCodec.readHeaderLine(Http1ExchangeCodec.java:242)
08-04 01:15:51.929 29472 30409 E baseline.com.newsblur.network.APIResponse: 	at okhttp3.internal.http1.Http1ExchangeCodec.readResponseHeaders(Http1ExchangeCodec.java:213)
08-04 01:15:51.929 29472 30409 E baseline.com.newsblur.network.APIResponse: 	... 30 more
08-04 01:15:51.930 29472 30409 I baseline.com.newsblur.service.NBSyncService: Holding reading action with server-side or network error.
08-04 01:15:51.940 29472 30409 W baseline.com.newsblur.service.NBSyncService: hard API failure
08-04 01:15:51.941 29472 31424 I art     : Explicit concurrent mark sweep GC freed 2440(259KB) AllocSpace objects, 2(40KB) LOS objects, 27% free, 41MB/57MB, paused 1.384ms total 53.379ms
08-04 01:15:52.338 29472 29483 I art     : Starting a blocking GC Explicit
08-04 01:15:52.405 29472 29483 I art     : Explicit concurrent mark sweep GC freed 2568(316KB) AllocSpace objects, 15(300KB) LOS objects, 27% free, 41MB/57MB, paused 1.440ms total 67.011ms
08-04 01:15:52.423 29472 29483 I art     : Starting a blocking GC Explicit
08-04 01:15:52.483 29472 29483 I art     : Explicit concurrent mark sweep GC freed 678(25KB) AllocSpace objects, 0(0B) LOS objects, 27% free, 41MB/57MB, paused 1.477ms total 60.019ms
08-04 01:15:52.497 29472 29483 I art     : Starting a blocking GC Explicit
08-04 01:15:52.559 29472 29483 I art     : Explicit concurrent mark sweep GC freed 3(96B) AllocSpace objects, 0(0B) LOS objects, 27% free, 41MB/57MB, paused 1.356ms total 61.498ms
08-04 01:15:52.574 29472 29483 I art     : Starting a blocking GC Explicit
08-04 01:15:52.636 29472 29483 I art     : Explicit concurrent mark sweep GC freed 3(96B) AllocSpace objects, 0(0B) LOS objects, 27% free, 41MB/57MB, paused 1.512ms total 61.705ms
08-04 01:15:52.651 29472 29483 I art     : Starting a blocking GC Explicit
08-04 01:15:52.712 29472 29483 I art     : Explicit concurrent mark sweep GC freed 3(96B) AllocSpace objects, 0(0B) LOS objects, 27% free, 41MB/57MB, paused 1.517ms total 60.871ms
08-04 01:15:53.095 29472 29745 I art     : Starting a blocking GC Explicit
08-04 01:15:53.162 29472 29745 I art     : Explicit concurrent mark sweep GC freed 1406(81KB) AllocSpace objects, 1(20KB) LOS objects, 27% free, 41MB/57MB, paused 1.491ms total 66.566ms
08-04 01:15:53.180 29472 29745 I art     : Starting a blocking GC Explicit
08-04 01:15:53.243 29472 29745 I art     : Explicit concurrent mark sweep GC freed 20(704B) AllocSpace objects, 0(0B) LOS objects, 27% free, 41MB/57MB, paused 1.484ms total 62.152ms
08-04 01:15:53.257 29472 29745 I art     : Starting a blocking GC Explicit
08-04 01:15:53.317 29472 29745 I art     : Explicit concurrent mark sweep GC freed 3(96B) AllocSpace objects, 0(0B) LOS objects, 27% free, 41MB/57MB, paused 1.452ms total 60.034ms
08-04 01:15:53.332 29472 29745 I art     : Starting a blocking GC Explicit
08-04 01:15:53.395 29472 29745 I art     : Explicit concurrent mark sweep GC freed 3(96B) AllocSpace objects, 0(0B) LOS objects, 27% free, 41MB/57MB, paused 1.651ms total 63.053ms
08-04 01:15:53.410 29472 29745 I art     : Starting a blocking GC Explicit
08-04 01:15:53.472 29472 29745 I art     : Explicit concurrent mark sweep GC freed 3(96B) AllocSpace objects, 0(0B) LOS objects, 27% free, 41MB/57MB, paused 1.548ms total 61.895ms
08-04 01:15:53.559   918  3261 D WifiStateMachine: starting scan for "H369AA63323"WPA_PSK with 2412,5180
08-04 01:15:53.867 29472 29731 I art     : Starting a blocking GC Explicit
08-04 01:15:53.932 29472 29731 I art     : Explicit concurrent mark sweep GC freed 1405(81KB) AllocSpace objects, 1(20KB) LOS objects, 27% free, 41MB/57MB, paused 1.428ms total 64.473ms
08-04 01:15:53.950 29472 29731 I art     : Starting a blocking GC Explicit
08-04 01:15:54.012 29472 29731 I art     : Explicit concurrent mark sweep GC freed 20(704B) AllocSpace objects, 0(0B) LOS objects, 27% free, 41MB/57MB, paused 1.413ms total 61.073ms
08-04 01:15:54.026 29472 29731 I art     : Starting a blocking GC Explicit
08-04 01:15:54.087 29472 29731 I art     : Explicit concurrent mark sweep GC freed 3(96B) AllocSpace objects, 0(0B) LOS objects, 27% free, 41MB/57MB, paused 1.466ms total 60.225ms
08-04 01:15:54.101 29472 29731 I art     : Starting a blocking GC Explicit
08-04 01:15:54.164 29472 29731 I art     : Explicit concurrent mark sweep GC freed 3(96B) AllocSpace objects, 0(0B) LOS objects, 27% free, 41MB/57MB, paused 1.488ms total 62.578ms
08-04 01:15:54.181 29472 29731 I art     : Starting a blocking GC Explicit
08-04 01:15:54.243 29472 29731 I art     : Explicit concurrent mark sweep GC freed 3(96B) AllocSpace objects, 0(0B) LOS objects, 27% free, 41MB/57MB, paused 1.497ms total 62.135ms
08-04 01:15:54.520   518   646 I ThermalEngine: ACTION: GPU - Setting GPU[0] to 510000000
08-04 01:15:54.597 29472 29484 I art     : Starting a blocking GC Explicit
08-04 01:15:54.645 29472 29484 I art     : Explicit concurrent mark sweep GC freed 1406(81KB) AllocSpace objects, 1(20KB) LOS objects, 27% free, 41MB/57MB, paused 1.105ms total 47.171ms
08-04 01:15:54.656 29472 29484 I art     : Starting a blocking GC Explicit
08-04 01:15:54.701 29472 29484 I art     : Explicit concurrent mark sweep GC freed 20(704B) AllocSpace objects, 0(0B) LOS objects, 27% free, 41MB/57MB, paused 1.342ms total 44.461ms
08-04 01:15:54.712 29472 29484 I art     : Starting a blocking GC Explicit
08-04 01:15:54.758 29472 29484 I art     : Explicit concurrent mark sweep GC freed 3(96B) AllocSpace objects, 0(0B) LOS objects, 27% free, 41MB/57MB, paused 1.195ms total 45.447ms
08-04 01:15:54.769 29472 29484 I art     : Starting a blocking GC Explicit
08-04 01:15:54.814 29472 29484 I art     : Explicit concurrent mark sweep GC freed 3(96B) AllocSpace objects, 0(0B) LOS objects, 27% free, 41MB/57MB, paused 1.075ms total 44.900ms
08-04 01:15:54.825 29472 29484 I art     : Starting a blocking GC Explicit
08-04 01:15:54.839 31521 31521 D AndroidRuntime: >>>>>> START com.android.internal.os.RuntimeInit uid 2000 <<<<<<
08-04 01:15:54.844 31521 31521 D AndroidRuntime: CheckJNI is OFF
08-04 01:15:54.870 29472 29484 I art     : Explicit concurrent mark sweep GC freed 3(96B) AllocSpace objects, 0(0B) LOS objects, 27% free, 41MB/57MB, paused 1.089ms total 44.322ms
08-04 01:15:54.879 31521 31521 D ICU     : No timezone override file found: /data/misc/zoneinfo/current/icu/icu_tzdata.dat
08-04 01:15:54.910 31521 31521 I Radio-JNI: register_android_hardware_Radio DONE
08-04 01:15:54.932 31521 31521 D AndroidRuntime: Calling main entry com.android.commands.input.Input
08-04 01:15:54.933 31521 31521 I Input   : injectKeyEvent: KeyEvent { action=ACTION_DOWN, keyCode=KEYCODE_BACK, scanCode=0, metaState=0, flags=0x0, repeatCount=0, eventTime=666971346, downTime=666971346, deviceId=-1, source=0x101 }
08-04 01:15:54.940 31521 31521 I Input   : injectKeyEvent: KeyEvent { action=ACTION_UP, keyCode=KEYCODE_BACK, scanCode=0, metaState=0, flags=0x0, repeatCount=0, eventTime=666971346, downTime=666971346, deviceId=-1, source=0x101 }
08-04 01:15:54.947 31521 31521 D AndroidRuntime: Shutting down VM
08-04 01:15:54.957 29472 29472 D baseline.com.newsblur.service.NBSyncService: rejecting request for feedset that is exhaused
08-04 01:15:55.095 29472 29472 D baseline.com.newsblur.service.NBSyncService: rejecting request for feedset that is exhaused
08-04 01:15:55.146 13866 13866 I GoogleInputMethodServic: GoogleInputMethodService.onFinishInput():3138 
08-04 01:15:55.147 13866 13866 I GoogleInputMethodServic: GoogleInputMethodService.onStartInput():1808 
08-04 01:15:55.172 29472 29484 I art     : Starting a blocking GC Explicit
08-04 01:15:55.214 29472 29484 I art     : Explicit concurrent mark sweep GC freed 3201(257KB) AllocSpace objects, 6(128KB) LOS objects, 27% free, 41MB/57MB, paused 927us total 41.830ms
08-04 01:15:55.224 29472 29484 I art     : Starting a blocking GC Explicit
08-04 01:15:55.271 29472 29484 I art     : Explicit concurrent mark sweep GC freed 171(8KB) AllocSpace objects, 0(0B) LOS objects, 27% free, 41MB/57MB, paused 1.076ms total 46.106ms
08-04 01:15:55.285 29472 29484 I art     : Starting a blocking GC Explicit
08-04 01:15:55.343 29472 29484 I art     : Explicit concurrent mark sweep GC freed 3(96B) AllocSpace objects, 0(0B) LOS objects, 27% free, 41MB/57MB, paused 1.072ms total 57.046ms
08-04 01:15:55.358 29472 29484 I art     : Starting a blocking GC Explicit
08-04 01:15:55.412 29472 29484 I art     : Explicit concurrent mark sweep GC freed 3(96B) AllocSpace objects, 0(0B) LOS objects, 27% free, 41MB/57MB, paused 1.031ms total 54.457ms
08-04 01:15:55.425 29472 29484 I art     : Starting a blocking GC Explicit
08-04 01:15:55.472 29472 29484 I art     : Explicit concurrent mark sweep GC freed 1580(71KB) AllocSpace objects, 0(0B) LOS objects, 27% free, 41MB/57MB, paused 1.027ms total 47.352ms
08-04 01:15:55.817 29472 29745 I art     : Starting a blocking GC Explicit
08-04 01:15:55.874 29472 29745 I art     : Explicit concurrent mark sweep GC freed 1505(88KB) AllocSpace objects, 1(20KB) LOS objects, 27% free, 41MB/57MB, paused 1.063ms total 56.397ms
08-04 01:15:55.889 29472 29745 I art     : Starting a blocking GC Explicit
08-04 01:15:55.941 29472 29745 I art     : Explicit concurrent mark sweep GC freed 151(7KB) AllocSpace objects, 0(0B) LOS objects, 27% free, 41MB/57MB, paused 1.001ms total 51.888ms
08-04 01:15:55.954 29472 29745 I art     : Starting a blocking GC Explicit
08-04 01:15:56.005 29472 29745 I art     : Explicit concurrent mark sweep GC freed 11(352B) AllocSpace objects, 0(0B) LOS objects, 27% free, 41MB/57MB, paused 1.225ms total 50.973ms
08-04 01:15:56.018 29472 29745 I art     : Starting a blocking GC Explicit
08-04 01:15:56.070 29472 29745 I art     : Explicit concurrent mark sweep GC freed 11(352B) AllocSpace objects, 0(0B) LOS objects, 27% free, 41MB/57MB, paused 1.160ms total 50.923ms
08-04 01:15:56.082 29472 29745 I art     : Starting a blocking GC Explicit
08-04 01:15:56.132 29472 29745 I art     : Explicit concurrent mark sweep GC freed 11(352B) AllocSpace objects, 0(0B) LOS objects, 27% free, 41MB/57MB, paused 1.266ms total 50.146ms
08-04 01:15:56.467 29472 29483 I art     : Starting a blocking GC Explicit
08-04 01:15:56.522 29472 29483 I art     : Explicit concurrent mark sweep GC freed 1452(82KB) AllocSpace objects, 1(20KB) LOS objects, 27% free, 41MB/57MB, paused 1.408ms total 53.909ms
08-04 01:15:56.534 29472 29483 I art     : Starting a blocking GC Explicit
08-04 01:15:56.580 29472 29483 I art     : Explicit concurrent mark sweep GC freed 23(800B) AllocSpace objects, 0(0B) LOS objects, 27% free, 41MB/57MB, paused 1.080ms total 45.878ms
08-04 01:15:56.591 29472 29483 I art     : Starting a blocking GC Explicit
08-04 01:15:56.625 31565 31565 D AndroidRuntime: >>>>>> START com.android.internal.os.RuntimeInit uid 2000 <<<<<<
08-04 01:15:56.630 31565 31565 D AndroidRuntime: CheckJNI is OFF
08-04 01:15:56.636 29472 29483 I art     : Explicit concurrent mark sweep GC freed 3(96B) AllocSpace objects, 0(0B) LOS objects, 27% free, 41MB/57MB, paused 1.155ms total 44.545ms
08-04 01:15:56.647 29472 29483 I art     : Starting a blocking GC Explicit
08-04 01:15:56.664 31565 31565 D ICU     : No timezone override file found: /data/misc/zoneinfo/current/icu/icu_tzdata.dat
08-04 01:15:56.692 29472 29483 I art     : Explicit concurrent mark sweep GC freed 3(96B) AllocSpace objects, 0(0B) LOS objects, 27% free, 41MB/57MB, paused 1.150ms total 45.199ms
08-04 01:15:56.699 31565 31565 I Radio-JNI: register_android_hardware_Radio DONE
08-04 01:15:56.703 29472 29483 I art     : Starting a blocking GC Explicit
08-04 01:15:56.721 31565 31565 D AndroidRuntime: Calling main entry com.android.commands.input.Input
08-04 01:15:56.722 31565 31565 I Input   : injectKeyEvent: KeyEvent { action=ACTION_DOWN, keyCode=KEYCODE_BACK, scanCode=0, metaState=0, flags=0x0, repeatCount=0, eventTime=666973135, downTime=666973135, deviceId=-1, source=0x101 }
08-04 01:15:56.728 31565 31565 I Input   : injectKeyEvent: KeyEvent { action=ACTION_UP, keyCode=KEYCODE_BACK, scanCode=0, metaState=0, flags=0x0, repeatCount=0, eventTime=666973135, downTime=666973135, deviceId=-1, source=0x101 }
08-04 01:15:56.735 31565 31565 D AndroidRuntime: Shutting down VM
08-04 01:15:56.748 29472 29483 I art     : Explicit concurrent mark sweep GC freed 311(52KB) AllocSpace objects, 4(80KB) LOS objects, 27% free, 41MB/57MB, paused 1.342ms total 44.379ms
08-04 01:15:56.910 13866 13866 I GoogleInputMethodServic: GoogleInputMethodService.onFinishInput():3138 
08-04 01:15:56.911 13866 13866 I GoogleInputMethodServic: GoogleInputMethodService.onStartInput():1808 
08-04 01:15:57.051 29472 29731 I art     : Starting a blocking GC Explicit
08-04 01:15:57.096 29472 29731 I art     : Explicit concurrent mark sweep GC freed 11777(769KB) AllocSpace objects, 13(260KB) LOS objects, 27% free, 41MB/57MB, paused 1.095ms total 44.219ms
08-04 01:15:57.107 29472 29731 I art     : Starting a blocking GC Explicit
08-04 01:15:57.149 29472 29731 I art     : Explicit concurrent mark sweep GC freed 243(9KB) AllocSpace objects, 0(0B) LOS objects, 27% free, 41MB/57MB, paused 1.304ms total 41.504ms
08-04 01:15:57.159 29472 29731 I art     : Starting a blocking GC Explicit
08-04 01:15:57.201 29472 29731 I art     : Explicit concurrent mark sweep GC freed 3(96B) AllocSpace objects, 0(0B) LOS objects, 27% free, 41MB/57MB, paused 997us total 41.420ms
08-04 01:15:57.212 29472 29731 I art     : Starting a blocking GC Explicit
08-04 01:15:57.256 29472 29731 I art     : Explicit concurrent mark sweep GC freed 3(96B) AllocSpace objects, 0(0B) LOS objects, 27% free, 41MB/57MB, paused 1.142ms total 43.652ms
08-04 01:15:57.266 29472 29731 I art     : Starting a blocking GC Explicit
08-04 01:15:57.311 29472 29731 I art     : Explicit concurrent mark sweep GC freed 418(18KB) AllocSpace objects, 0(0B) LOS objects, 27% free, 41MB/57MB, paused 1.199ms total 44.454ms
08-04 01:15:57.470 29472 31592 E baseline.com.newsblur.network.APIResponse: Error (unexpected end of stream on https://www.newsblur.com/...) calling https://www.newsblur.com/reader/mark_story_hashes_as_read/
08-04 01:15:57.470 29472 31592 E baseline.com.newsblur.network.APIResponse: java.io.IOException: unexpected end of stream on https://www.newsblur.com/...
08-04 01:15:57.470 29472 31592 E baseline.com.newsblur.network.APIResponse: 	at okhttp3.internal.http1.Http1ExchangeCodec.readResponseHeaders(Http1ExchangeCodec.java:236)
08-04 01:15:57.470 29472 31592 E baseline.com.newsblur.network.APIResponse: 	at okhttp3.internal.connection.Exchange.readResponseHeaders(Exchange.java:115)
08-04 01:15:57.470 29472 31592 E baseline.com.newsblur.network.APIResponse: 	at okhttp3.internal.http.CallServerInterceptor.intercept(CallServerInterceptor.java:94)
08-04 01:15:57.470 29472 31592 E baseline.com.newsblur.network.APIResponse: 	at okhttp3.internal.http.RealInterceptorChain.proceed(RealInterceptorChain.java:142)
08-04 01:15:57.470 29472 31592 E baseline.com.newsblur.network.APIResponse: 	at okhttp3.internal.connection.ConnectInterceptor.intercept(ConnectInterceptor.java:43)
08-04 01:15:57.470 29472 31592 E baseline.com.newsblur.network.APIResponse: 	at okhttp3.internal.http.RealInterceptorChain.proceed(RealInterceptorChain.java:142)
08-04 01:15:57.470 29472 31592 E baseline.com.newsblur.network.APIResponse: 	at okhttp3.internal.http.RealInterceptorChain.proceed(RealInterceptorChain.java:117)
08-04 01:15:57.470 29472 31592 E baseline.com.newsblur.network.APIResponse: 	at okhttp3.internal.cache.CacheInterceptor.intercept(CacheInterceptor.java:94)
08-04 01:15:57.470 29472 31592 E baseline.com.newsblur.network.APIResponse: 	at okhttp3.internal.http.RealInterceptorChain.proceed(RealInterceptorChain.java:142)
08-04 01:15:57.470 29472 31592 E baseline.com.newsblur.network.APIResponse: 	at okhttp3.internal.http.RealInterceptorChain.proceed(RealInterceptorChain.java:117)
08-04 01:15:57.470 29472 31592 E baseline.com.newsblur.network.APIResponse: 	at okhttp3.internal.http.BridgeInterceptor.intercept(BridgeInterceptor.java:93)
08-04 01:15:57.470 29472 31592 E baseline.com.newsblur.network.APIResponse: 	at okhttp3.internal.http.RealInterceptorChain.proceed(RealInterceptorChain.java:142)
08-04 01:15:57.470 29472 31592 E baseline.com.newsblur.network.APIResponse: 	at okhttp3.internal.http.RetryAndFollowUpInterceptor.intercept(RetryAndFollowUpInterceptor.java:88)
08-04 01:15:57.470 29472 31592 E baseline.com.newsblur.network.APIResponse: 	at okhttp3.internal.http.RealInterceptorChain.proceed(RealInterceptorChain.java:142)
08-04 01:15:57.470 29472 31592 E baseline.com.newsblur.network.APIResponse: 	at okhttp3.internal.http.RealInterceptorChain.proceed(RealInterceptorChain.java:117)
08-04 01:15:57.470 29472 31592 E baseline.com.newsblur.network.APIResponse: 	at okhttp3.RealCall.getResponseWithInterceptorChain(RealCall.java:229)
08-04 01:15:57.470 29472 31592 E baseline.com.newsblur.network.APIResponse: 	at okhttp3.RealCall.execute(RealCall.java:81)
08-04 01:15:57.470 29472 31592 E baseline.com.newsblur.network.APIResponse: 	at baseline.com.newsblur.network.APIResponse.<init>(APIResponse.java:57)
08-04 01:15:57.470 29472 31592 E baseline.com.newsblur.network.APIResponse: 	at baseline.com.newsblur.network.APIResponse.<init>(APIResponse.java:43)
08-04 01:15:57.470 29472 31592 E baseline.com.newsblur.network.APIResponse: 	at baseline.com.newsblur.network.APIManager.post_single(APIManager.java:702)
08-04 01:15:57.470 29472 31592 E baseline.com.newsblur.network.APIResponse: 	at baseline.com.newsblur.network.APIManager.post(APIManager.java:675)
08-04 01:15:57.470 29472 31592 E baseline.com.newsblur.network.APIResponse: 	at baseline.com.newsblur.network.APIManager.post(APIManager.java:714)
08-04 01:15:57.470 29472 31592 E baseline.com.newsblur.network.APIResponse: 	at baseline.com.newsblur.network.APIManager.markStoryAsRead(APIManager.java:205)
08-04 01:15:57.470 29472 31592 E baseline.com.newsblur.network.APIResponse: 	at baseline.com.newsblur.util.ReadingAction.doRemote(ReadingAction.java:281)
08-04 01:15:57.470 29472 31592 E baseline.com.newsblur.network.APIResponse: 	at baseline.com.newsblur.service.NBSyncService.syncActions(NBSyncService.java:400)
08-04 01:15:57.470 29472 31592 E baseline.com.newsblur.network.APIResponse: 	at baseline.com.newsblur.service.NBSyncService.doSync(NBSyncService.java:298)
08-04 01:15:57.470 29472 31592 E baseline.com.newsblur.network.APIResponse: 	at baseline.com.newsblur.service.NBSyncService.access$100(NBSyncService.java:67)
08-04 01:15:57.470 29472 31592 E baseline.com.newsblur.network.APIResponse: 	at baseline.com.newsblur.service.NBSyncService$1.run(NBSyncService.java:188)
08-04 01:15:57.470 29472 31592 E baseline.com.newsblur.network.APIResponse: 	at java.util.concurrent.ThreadPoolExecutor.runWorker(ThreadPoolExecutor.java:1113)
08-04 01:15:57.470 29472 31592 E baseline.com.newsblur.network.APIResponse: 	at java.util.concurrent.ThreadPoolExecutor$Worker.run(ThreadPoolExecutor.java:588)
08-04 01:15:57.470 29472 31592 E baseline.com.newsblur.network.APIResponse: 	at java.lang.Thread.run(Thread.java:818)
08-04 01:15:57.470 29472 31592 E baseline.com.newsblur.network.APIResponse: Caused by: java.io.EOFException: \n not found: limit=0 content=
08-04 01:15:57.470 29472 31592 E baseline.com.newsblur.network.APIResponse: 	at okio.RealBufferedSource.readUtf8LineStrict(RealBufferedSource.java:240)
08-04 01:15:57.470 29472 31592 E baseline.com.newsblur.network.APIResponse: 	at okhttp3.internal.http1.Http1ExchangeCodec.readHeaderLine(Http1ExchangeCodec.java:242)
08-04 01:15:57.470 29472 31592 E baseline.com.newsblur.network.APIResponse: 	at okhttp3.internal.http1.Http1ExchangeCodec.readResponseHeaders(Http1ExchangeCodec.java:213)
08-04 01:15:57.470 29472 31592 E baseline.com.newsblur.network.APIResponse: 	... 30 more
08-04 01:15:57.471 29472 31592 I baseline.com.newsblur.network.APIManager: API call failed, pausing before retry number 1
08-04 01:15:57.528   518   646 I ThermalEngine: ACTION: GPU - Setting GPU[0] to 450000000
08-04 01:15:57.673 29472 29731 I art     : Starting a blocking GC Explicit
08-04 01:15:57.745 29472 29731 I art     : Explicit concurrent mark sweep GC freed 5519(450KB) AllocSpace objects, 6(260KB) LOS objects, 27% free, 41MB/57MB, paused 1.383ms total 71.669ms
08-04 01:15:57.760 29472 29731 I art     : Starting a blocking GC Explicit
08-04 01:15:57.819 29472 29731 I art     : Explicit concurrent mark sweep GC freed 1140(125KB) AllocSpace objects, 0(0B) LOS objects, 27% free, 41MB/57MB, paused 1.694ms total 58.246ms
08-04 01:15:57.833 29472 29731 I art     : Starting a blocking GC Explicit
08-04 01:15:57.892 29472 29731 I art     : Explicit concurrent mark sweep GC freed 11(352B) AllocSpace objects, 0(0B) LOS objects, 27% free, 41MB/57MB, paused 1.476ms total 58.700ms
08-04 01:15:57.908 29472 29731 I art     : Starting a blocking GC Explicit
08-04 01:15:57.968 29472 29731 I art     : Explicit concurrent mark sweep GC freed 13(416B) AllocSpace objects, 0(0B) LOS objects, 27% free, 41MB/57MB, paused 1.530ms total 59.570ms
08-04 01:15:57.984 29472 29731 I art     : Starting a blocking GC Explicit
08-04 01:15:58.038 29472 29731 I art     : Explicit concurrent mark sweep GC freed 11(352B) AllocSpace objects, 0(0B) LOS objects, 27% free, 41MB/57MB, paused 1.541ms total 53.467ms
08-04 01:15:58.406 29472 29483 I art     : Starting a blocking GC Explicit
08-04 01:15:58.467 29472 29483 I art     : Explicit concurrent mark sweep GC freed 1481(84KB) AllocSpace objects, 1(20KB) LOS objects, 27% free, 41MB/57MB, paused 1.615ms total 60.843ms
08-04 01:15:58.482 29472 29483 I art     : Starting a blocking GC Explicit
08-04 01:15:58.491 31611 31611 D AndroidRuntime: >>>>>> START com.android.internal.os.RuntimeInit uid 2000 <<<<<<
08-04 01:15:58.497 31611 31611 D AndroidRuntime: CheckJNI is OFF
08-04 01:15:58.541 31611 31611 D ICU     : No timezone override file found: /data/misc/zoneinfo/current/icu/icu_tzdata.dat
08-04 01:15:58.543 29472 29483 I art     : Explicit concurrent mark sweep GC freed 22(800B) AllocSpace objects, 0(0B) LOS objects, 27% free, 41MB/57MB, paused 1.615ms total 60.430ms
08-04 01:15:58.558 29472 29483 I art     : Starting a blocking GC Explicit
08-04 01:15:58.588 31611 31611 I Radio-JNI: register_android_hardware_Radio DONE
08-04 01:15:58.618 31611 31611 D AndroidRuntime: Calling main entry com.android.commands.input.Input
08-04 01:15:58.619 29472 29483 I art     : Explicit concurrent mark sweep GC freed 3(96B) AllocSpace objects, 0(0B) LOS objects, 27% free, 41MB/57MB, paused 1.622ms total 60.779ms
08-04 01:15:58.620 31611 31611 I Input   : injectMotionEvent: MotionEvent { action=ACTION_DOWN, actionButton=0, id[0]=0, x[0]=553.0, y[0]=442.0, toolType[0]=TOOL_TYPE_UNKNOWN, buttonState=0, metaState=0, flags=0x0, edgeFlags=0x0, pointerCount=1, historySize=0, eventTime=666975032, downTime=666975032, deviceId=0, source=0x1002 }
08-04 01:15:58.628 31611 31611 I Input   : injectMotionEvent: MotionEvent { action=ACTION_UP, actionButton=0, id[0]=0, x[0]=553.0, y[0]=442.0, toolType[0]=TOOL_TYPE_UNKNOWN, buttonState=0, metaState=0, flags=0x0, edgeFlags=0x0, pointerCount=1, historySize=0, eventTime=666975032, downTime=666975032, deviceId=0, source=0x1002 }
08-04 01:15:58.631 31611 31611 D AndroidRuntime: Shutting down VM
08-04 01:15:58.634 29472 29483 I art     : Starting a blocking GC Explicit
08-04 01:15:58.686 29472 29483 I art     : Explicit concurrent mark sweep GC freed 44(1776B) AllocSpace objects, 0(0B) LOS objects, 27% free, 41MB/57MB, paused 1.314ms total 52.129ms
08-04 01:15:58.698   918  5132 I ActivityManager: START u0 {cmp=baseline.com.newsblur/.activity.AllSharedStoriesItemsList (has extras)} from uid 10652 on display 0
08-04 01:15:58.702 29472 29483 I art     : Starting a blocking GC Explicit
08-04 01:15:58.723 29472 29730 I baseline.com.newsblur.database.BlurDatabaseHelper: reading session reset
08-04 01:15:58.758 29472 29483 I art     : Explicit concurrent mark sweep GC freed 1853(183KB) AllocSpace objects, 5(192KB) LOS objects, 27% free, 41MB/57MB, paused 1.645ms total 55.649ms
08-04 01:15:58.925 29472 29472 D baseline.com.newsblur.service.NBSyncService: rejecting request for feedset that is exhaused
08-04 01:15:58.933 29472 29472 W View    : requestLayout() improperly called by android.widget.FrameLayout{a1143a1 V.E...... ......ID 0,0-1440,18 #7f07003f app:id/footer_view_inner} during layout: running second layout pass
08-04 01:15:58.933 29472 29472 W View    : requestLayout() improperly called by android.widget.FrameLayout{b7b09c6 V.E...... ......ID 0,0-1440,2091 #7f07003f app:id/footer_view_inner} during layout: running second layout pass
08-04 01:15:58.954 13866 13866 I GoogleInputMethodServic: GoogleInputMethodService.onFinishInput():3138 
08-04 01:15:58.954   918   936 I ActivityManager: Displayed baseline.com.newsblur/.activity.AllSharedStoriesItemsList: +243ms
08-04 01:15:58.955 13866 13866 I GoogleInputMethodServic: GoogleInputMethodService.onStartInput():1808 
08-04 01:15:59.069 29472 29766 I NAPPA_EXPERIMENTATION: MetricNetworkRequestExecutionTime: REQUEST_DURATION_SYSTEM='65',REQUEST_DURATION_OKHTTP='64',REQUEST_SYNCHRONOUS='TRUE',RESPONSE_CODE='200',RESPONSE_METHOD='GET',RESPONSE_LENGTH_OKHTTP='43',RESPONSE_LENGTH_HEADER='43',REQUEST_PROTOCOL='http/1.1',REQUEST_URL='http://feeds.feedburner.com/~r/retort/~4/UffaFMiJbNs',
08-04 01:15:59.126 29472 29731 I art     : Starting a blocking GC Explicit
08-04 01:15:59.181 29472 29731 I art     : Explicit concurrent mark sweep GC freed 4533(308KB) AllocSpace objects, 10(200KB) LOS objects, 27% free, 41MB/57MB, paused 2.034ms total 54.629ms
08-04 01:15:59.195 29472 29731 I art     : Starting a blocking GC Explicit
08-04 01:15:59.248 29472 29731 I art     : Explicit concurrent mark sweep GC freed 449(30KB) AllocSpace objects, 1(20KB) LOS objects, 27% free, 41MB/57MB, paused 1.528ms total 53.121ms
08-04 01:15:59.262 29472 29731 I art     : Starting a blocking GC Explicit
08-04 01:15:59.315 29472 29731 I art     : Explicit concurrent mark sweep GC freed 14(576B) AllocSpace objects, 0(0B) LOS objects, 27% free, 41MB/57MB, paused 1.459ms total 53.157ms
08-04 01:15:59.329 29472 29731 I art     : Starting a blocking GC Explicit
08-04 01:15:59.383 29472 29731 I art     : Explicit concurrent mark sweep GC freed 63(2624B) AllocSpace objects, 0(0B) LOS objects, 27% free, 41MB/57MB, paused 1.548ms total 53.742ms
08-04 01:15:59.398 29472 29731 I art     : Starting a blocking GC Explicit
08-04 01:15:59.454 29472 29731 I art     : Explicit concurrent mark sweep GC freed 471(20KB) AllocSpace objects, 0(0B) LOS objects, 27% free, 41MB/57MB, paused 1.673ms total 56.008ms
08-04 01:15:59.497 29472 31592 E baseline.com.newsblur.network.APIResponse: Error (unexpected end of stream on https://www.newsblur.com/...) calling https://www.newsblur.com/reader/mark_story_hashes_as_read/
08-04 01:15:59.497 29472 31592 E baseline.com.newsblur.network.APIResponse: java.io.IOException: unexpected end of stream on https://www.newsblur.com/...
08-04 01:15:59.497 29472 31592 E baseline.com.newsblur.network.APIResponse: 	at okhttp3.internal.http1.Http1ExchangeCodec.readResponseHeaders(Http1ExchangeCodec.java:236)
08-04 01:15:59.497 29472 31592 E baseline.com.newsblur.network.APIResponse: 	at okhttp3.internal.connection.Exchange.readResponseHeaders(Exchange.java:115)
08-04 01:15:59.497 29472 31592 E baseline.com.newsblur.network.APIResponse: 	at okhttp3.internal.http.CallServerInterceptor.intercept(CallServerInterceptor.java:94)
08-04 01:15:59.497 29472 31592 E baseline.com.newsblur.network.APIResponse: 	at okhttp3.internal.http.RealInterceptorChain.proceed(RealInterceptorChain.java:142)
08-04 01:15:59.497 29472 31592 E baseline.com.newsblur.network.APIResponse: 	at okhttp3.internal.connection.ConnectInterceptor.intercept(ConnectInterceptor.java:43)
08-04 01:15:59.497 29472 31592 E baseline.com.newsblur.network.APIResponse: 	at okhttp3.internal.http.RealInterceptorChain.proceed(RealInterceptorChain.java:142)
08-04 01:15:59.497 29472 31592 E baseline.com.newsblur.network.APIResponse: 	at okhttp3.internal.http.RealInterceptorChain.proceed(RealInterceptorChain.java:117)
08-04 01:15:59.497 29472 31592 E baseline.com.newsblur.network.APIResponse: 	at okhttp3.internal.cache.CacheInterceptor.intercept(CacheInterceptor.java:94)
08-04 01:15:59.497 29472 31592 E baseline.com.newsblur.network.APIResponse: 	at okhttp3.internal.http.RealInterceptorChain.proceed(RealInterceptorChain.java:142)
08-04 01:15:59.497 29472 31592 E baseline.com.newsblur.network.APIResponse: 	at okhttp3.internal.http.RealInterceptorChain.proceed(RealInterceptorChain.java:117)
08-04 01:15:59.497 29472 31592 E baseline.com.newsblur.network.APIResponse: 	at okhttp3.internal.http.BridgeInterceptor.intercept(BridgeInterceptor.java:93)
08-04 01:15:59.497 29472 31592 E baseline.com.newsblur.network.APIResponse: 	at okhttp3.internal.http.RealInterceptorChain.proceed(RealInterceptorChain.java:142)
08-04 01:15:59.497 29472 31592 E baseline.com.newsblur.network.APIResponse: 	at okhttp3.internal.http.RetryAndFollowUpInterceptor.intercept(RetryAndFollowUpInterceptor.java:88)
08-04 01:15:59.497 29472 31592 E baseline.com.newsblur.network.APIResponse: 	at okhttp3.internal.http.RealInterceptorChain.proceed(RealInterceptorChain.java:142)
08-04 01:15:59.497 29472 31592 E baseline.com.newsblur.network.APIResponse: 	at okhttp3.internal.http.RealInterceptorChain.proceed(RealInterceptorChain.java:117)
08-04 01:15:59.497 29472 31592 E baseline.com.newsblur.network.APIResponse: 	at okhttp3.RealCall.getResponseWithInterceptorChain(RealCall.java:229)
08-04 01:15:59.497 29472 31592 E baseline.com.newsblur.network.APIResponse: 	at okhttp3.RealCall.execute(RealCall.java:81)
08-04 01:15:59.497 29472 31592 E baseline.com.newsblur.network.APIResponse: 	at baseline.com.newsblur.network.APIResponse.<init>(APIResponse.java:57)
08-04 01:15:59.497 29472 31592 E baseline.com.newsblur.network.APIResponse: 	at baseline.com.newsblur.network.APIResponse.<init>(APIResponse.java:43)
08-04 01:15:59.497 29472 31592 E baseline.com.newsblur.network.APIResponse: 	at baseline.com.newsblur.network.APIManager.post_single(APIManager.java:702)
08-04 01:15:59.497 29472 31592 E baseline.com.newsblur.network.APIResponse: 	at baseline.com.newsblur.network.APIManager.post(APIManager.java:675)
08-04 01:15:59.497 29472 31592 E baseline.com.newsblur.network.APIResponse: 	at baseline.com.newsblur.network.APIManager.post(APIManager.java:714)
08-04 01:15:59.497 29472 31592 E baseline.com.newsblur.network.APIResponse: 	at baseline.com.newsblur.network.APIManager.markStoryAsRead(APIManager.java:205)
08-04 01:15:59.497 29472 31592 E baseline.com.newsblur.network.APIResponse: 	at baseline.com.newsblur.util.ReadingAction.doRemote(ReadingAction.java:281)
08-04 01:15:59.497 29472 31592 E baseline.com.newsblur.network.APIResponse: 	at baseline.com.newsblur.service.NBSyncService.syncActions(NBSyncService.java:400)
08-04 01:15:59.497 29472 31592 E baseline.com.newsblur.network.APIResponse: 	at baseline.com.newsblur.service.NBSyncService.doSync(NBSyncService.java:298)
08-04 01:15:59.497 29472 31592 E baseline.com.newsblur.network.APIResponse: 	at baseline.com.newsblur.service.NBSyncService.access$100(NBSyncService.java:67)
08-04 01:15:59.497 29472 31592 E baseline.com.newsblur.network.APIResponse: 	at baseline.com.newsblur.service.NBSyncService$1.run(NBSyncService.java:188)
08-04 01:15:59.497 29472 31592 E baseline.com.newsblur.network.APIResponse: 	at java.util.concurrent.ThreadPoolExecutor.runWorker(ThreadPoolExecutor.java:1113)
08-04 01:15:59.497 29472 31592 E baseline.com.newsblur.network.APIResponse: 	at java.util.concurrent.ThreadPoolExecutor$Worker.run(ThreadPoolExecutor.java:588)
08-04 01:15:59.497 29472 31592 E baseline.com.newsblur.network.APIResponse: 	at java.lang.Thread.run(Thread.java:818)
08-04 01:15:59.497 29472 31592 E baseline.com.newsblur.network.APIResponse: Caused by: java.io.EOFException: \n not found: limit=0 content=
08-04 01:15:59.497 29472 31592 E baseline.com.newsblur.network.APIResponse: 	at okio.RealBufferedSource.readUtf8LineStrict(RealBufferedSource.java:240)
08-04 01:15:59.497 29472 31592 E baseline.com.newsblur.network.APIResponse: 	at okhttp3.internal.http1.Http1ExchangeCodec.readHeaderLine(Http1ExchangeCodec.java:242)
08-04 01:15:59.497 29472 31592 E baseline.com.newsblur.network.APIResponse: 	at okhttp3.internal.http1.Http1ExchangeCodec.readResponseHeaders(Http1ExchangeCodec.java:213)
08-04 01:15:59.497 29472 31592 E baseline.com.newsblur.network.APIResponse: 	... 30 more
08-04 01:15:59.498 29472 31592 I baseline.com.newsblur.network.APIManager: API call failed, pausing before retry number 2
08-04 01:15:59.829 29472 29483 I art     : Starting a blocking GC Explicit
08-04 01:15:59.895 29472 29483 I art     : Explicit concurrent mark sweep GC freed 3630(342KB) AllocSpace objects, 3(60KB) LOS objects, 27% free, 41MB/57MB, paused 1.571ms total 65.218ms
08-04 01:15:59.913 29472 29483 I art     : Starting a blocking GC Explicit
08-04 01:15:59.971 29472 29483 I art     : Explicit concurrent mark sweep GC freed 97(3KB) AllocSpace objects, 0(0B) LOS objects, 27% free, 41MB/57MB, paused 1.496ms total 58.398ms
08-04 01:15:59.986 29472 29483 I art     : Starting a blocking GC Explicit
08-04 01:16:00.044 29472 29483 I art     : Explicit concurrent mark sweep GC freed 3(96B) AllocSpace objects, 0(0B) LOS objects, 27% free, 41MB/57MB, paused 1.409ms total 58.072ms
08-04 01:16:00.058 29472 29483 I art     : Starting a blocking GC Explicit
08-04 01:16:00.116 29472 29483 I art     : Explicit concurrent mark sweep GC freed 6(192B) AllocSpace objects, 0(0B) LOS objects, 27% free, 41MB/57MB, paused 1.754ms total 57.313ms
08-04 01:16:00.132 29472 29483 I art     : Starting a blocking GC Explicit
08-04 01:16:00.193 29472 29483 I art     : Explicit concurrent mark sweep GC freed 11(352B) AllocSpace objects, 0(0B) LOS objects, 27% free, 41MB/57MB, paused 1.628ms total 59.948ms
08-04 01:16:00.613 29472 29484 I art     : Starting a blocking GC Explicit
08-04 01:16:00.682 29472 29484 I art     : Explicit concurrent mark sweep GC freed 1465(83KB) AllocSpace objects, 1(20KB) LOS objects, 27% free, 41MB/57MB, paused 1.666ms total 68.278ms
08-04 01:16:00.697 29472 29484 I art     : Starting a blocking GC Explicit
08-04 01:16:00.767 29472 29484 I art     : Explicit concurrent mark sweep GC freed 22(784B) AllocSpace objects, 0(0B) LOS objects, 27% free, 41MB/57MB, paused 1.518ms total 69.113ms
08-04 01:16:00.782 29472 29484 I art     : Starting a blocking GC Explicit
08-04 01:16:00.851 29472 29484 I art     : Explicit concurrent mark sweep GC freed 3(96B) AllocSpace objects, 0(0B) LOS objects, 27% free, 41MB/57MB, paused 1.698ms total 69.232ms
08-04 01:16:00.867 29472 29484 I art     : Starting a blocking GC Explicit
08-04 01:16:00.934 29472 29484 I art     : Explicit concurrent mark sweep GC freed 3(96B) AllocSpace objects, 0(0B) LOS objects, 27% free, 41MB/57MB, paused 1.678ms total 66.543ms
08-04 01:16:00.950 29472 29484 I art     : Starting a blocking GC Explicit
08-04 01:16:01.019 29472 29484 I art     : Explicit concurrent mark sweep GC freed 3(96B) AllocSpace objects, 0(0B) LOS objects, 27% free, 41MB/57MB, paused 1.641ms total 69.091ms
08-04 01:16:01.436 29472 29731 I art     : Starting a blocking GC Explicit
08-04 01:16:01.505 29472 29731 I art     : Explicit concurrent mark sweep GC freed 1446(83KB) AllocSpace objects, 1(20KB) LOS objects, 27% free, 41MB/57MB, paused 1.632ms total 69.172ms
08-04 01:16:01.524 29472 29731 I art     : Starting a blocking GC Explicit
08-04 01:16:01.588 29472 29731 I art     : Explicit concurrent mark sweep GC freed 22(784B) AllocSpace objects, 0(0B) LOS objects, 27% free, 41MB/57MB, paused 1.653ms total 64.258ms
08-04 01:16:01.603 29472 29731 I art     : Starting a blocking GC Explicit
08-04 01:16:01.669 29472 29731 I art     : Explicit concurrent mark sweep GC freed 3(96B) AllocSpace objects, 0(0B) LOS objects, 27% free, 41MB/57MB, paused 1.581ms total 65.297ms
08-04 01:16:01.684 29472 29731 I art     : Starting a blocking GC Explicit
08-04 01:16:01.752 29472 29731 I art     : Explicit concurrent mark sweep GC freed 3(96B) AllocSpace objects, 0(0B) LOS objects, 27% free, 41MB/57MB, paused 1.686ms total 67.440ms
08-04 01:16:01.767 29472 29731 I art     : Starting a blocking GC Explicit
08-04 01:16:01.834 29472 29731 I art     : Explicit concurrent mark sweep GC freed 3(96B) AllocSpace objects, 0(0B) LOS objects, 27% free, 41MB/57MB, paused 1.819ms total 66.602ms
08-04 01:16:02.229 29472 29745 I art     : Starting a blocking GC Explicit
08-04 01:16:02.296 29472 29745 I art     : Explicit concurrent mark sweep GC freed 1446(83KB) AllocSpace objects, 1(20KB) LOS objects, 27% free, 41MB/57MB, paused 1.499ms total 66.197ms
08-04 01:16:02.311 29472 29745 I art     : Starting a blocking GC Explicit
08-04 01:16:02.378 29472 29745 I art     : Explicit concurrent mark sweep GC freed 22(784B) AllocSpace objects, 0(0B) LOS objects, 27% free, 41MB/57MB, paused 1.742ms total 66.825ms
08-04 01:16:02.394 29472 29745 I art     : Starting a blocking GC Explicit
08-04 01:16:02.460 29472 29745 I art     : Explicit concurrent mark sweep GC freed 3(96B) AllocSpace objects, 0(0B) LOS objects, 27% free, 41MB/57MB, paused 1.639ms total 65.969ms
08-04 01:16:02.475 29472 29745 I art     : Starting a blocking GC Explicit
08-04 01:16:02.543 29472 29745 I art     : Explicit concurrent mark sweep GC freed 131(6KB) AllocSpace objects, 0(0B) LOS objects, 27% free, 41MB/57MB, paused 1.697ms total 67.606ms
08-04 01:16:02.558 29472 29745 I art     : Starting a blocking GC Explicit
08-04 01:16:02.626 29472 29745 I art     : Explicit concurrent mark sweep GC freed 46(3024B) AllocSpace objects, 0(0B) LOS objects, 27% free, 41MB/57MB, paused 1.710ms total 67.019ms
08-04 01:16:02.971 29472 31592 E baseline.com.newsblur.network.APIResponse: Error (unexpected end of stream on https://www.newsblur.com/...) calling https://www.newsblur.com/reader/mark_story_hashes_as_read/
08-04 01:16:02.971 29472 31592 E baseline.com.newsblur.network.APIResponse: java.io.IOException: unexpected end of stream on https://www.newsblur.com/...
08-04 01:16:02.971 29472 31592 E baseline.com.newsblur.network.APIResponse: 	at okhttp3.internal.http1.Http1ExchangeCodec.readResponseHeaders(Http1ExchangeCodec.java:236)
08-04 01:16:02.971 29472 31592 E baseline.com.newsblur.network.APIResponse: 	at okhttp3.internal.connection.Exchange.readResponseHeaders(Exchange.java:115)
08-04 01:16:02.971 29472 31592 E baseline.com.newsblur.network.APIResponse: 	at okhttp3.internal.http.CallServerInterceptor.intercept(CallServerInterceptor.java:94)
08-04 01:16:02.971 29472 31592 E baseline.com.newsblur.network.APIResponse: 	at okhttp3.internal.http.RealInterceptorChain.proceed(RealInterceptorChain.java:142)
08-04 01:16:02.971 29472 31592 E baseline.com.newsblur.network.APIResponse: 	at okhttp3.internal.connection.ConnectInterceptor.intercept(ConnectInterceptor.java:43)
08-04 01:16:02.971 29472 31592 E baseline.com.newsblur.network.APIResponse: 	at okhttp3.internal.http.RealInterceptorChain.proceed(RealInterceptorChain.java:142)
08-04 01:16:02.971 29472 31592 E baseline.com.newsblur.network.APIResponse: 	at okhttp3.internal.http.RealInterceptorChain.proceed(RealInterceptorChain.java:117)
08-04 01:16:02.971 29472 31592 E baseline.com.newsblur.network.APIResponse: 	at okhttp3.internal.cache.CacheInterceptor.intercept(CacheInterceptor.java:94)
08-04 01:16:02.971 29472 31592 E baseline.com.newsblur.network.APIResponse: 	at okhttp3.internal.http.RealInterceptorChain.proceed(RealInterceptorChain.java:142)
08-04 01:16:02.971 29472 31592 E baseline.com.newsblur.network.APIResponse: 	at okhttp3.internal.http.RealInterceptorChain.proceed(RealInterceptorChain.java:117)
08-04 01:16:02.971 29472 31592 E baseline.com.newsblur.network.APIResponse: 	at okhttp3.internal.http.BridgeInterceptor.intercept(BridgeInterceptor.java:93)
08-04 01:16:02.971 29472 31592 E baseline.com.newsblur.network.APIResponse: 	at okhttp3.internal.http.RealInterceptorChain.proceed(RealInterceptorChain.java:142)
08-04 01:16:02.971 29472 31592 E baseline.com.newsblur.network.APIResponse: 	at okhttp3.internal.http.RetryAndFollowUpInterceptor.intercept(RetryAndFollowUpInterceptor.java:88)
08-04 01:16:02.971 29472 31592 E baseline.com.newsblur.network.APIResponse: 	at okhttp3.internal.http.RealInterceptorChain.proceed(RealInterceptorChain.java:142)
08-04 01:16:02.971 29472 31592 E baseline.com.newsblur.network.APIResponse: 	at okhttp3.internal.http.RealInterceptorChain.proceed(RealInterceptorChain.java:117)
08-04 01:16:02.971 29472 31592 E baseline.com.newsblur.network.APIResponse: 	at okhttp3.RealCall.getResponseWithInterceptorChain(RealCall.java:229)
08-04 01:16:02.971 29472 31592 E baseline.com.newsblur.network.APIResponse: 	at okhttp3.RealCall.execute(RealCall.java:81)
08-04 01:16:02.971 29472 31592 E baseline.com.newsblur.network.APIResponse: 	at baseline.com.newsblur.network.APIResponse.<init>(APIResponse.java:57)
08-04 01:16:02.971 29472 31592 E baseline.com.newsblur.network.APIResponse: 	at baseline.com.newsblur.network.APIResponse.<init>(APIResponse.java:43)
08-04 01:16:02.971 29472 31592 E baseline.com.newsblur.network.APIResponse: 	at baseline.com.newsblur.network.APIManager.post_single(APIManager.java:702)
08-04 01:16:02.971 29472 31592 E baseline.com.newsblur.network.APIResponse: 	at baseline.com.newsblur.network.APIManager.post(APIManager.java:675)
08-04 01:16:02.971 29472 31592 E baseline.com.newsblur.network.APIResponse: 	at baseline.com.newsblur.network.APIManager.post(APIManager.java:714)
08-04 01:16:02.971 29472 31592 E baseline.com.newsblur.network.APIResponse: 	at baseline.com.newsblur.network.APIManager.markStoryAsRead(APIManager.java:205)
08-04 01:16:02.971 29472 31592 E baseline.com.newsblur.network.APIResponse: 	at baseline.com.newsblur.util.ReadingAction.doRemote(ReadingAction.java:281)
08-04 01:16:02.971 29472 31592 E baseline.com.newsblur.network.APIResponse: 	at baseline.com.newsblur.service.NBSyncService.syncActions(NBSyncService.java:400)
08-04 01:16:02.971 29472 31592 E baseline.com.newsblur.network.APIResponse: 	at baseline.com.newsblur.service.NBSyncService.doSync(NBSyncService.java:298)
08-04 01:16:02.971 29472 31592 E baseline.com.newsblur.network.APIResponse: 	at baseline.com.newsblur.service.NBSyncService.access$100(NBSyncService.java:67)
08-04 01:16:02.971 29472 31592 E baseline.com.newsblur.network.APIResponse: 	at baseline.com.newsblur.service.NBSyncService$1.run(NBSyncService.java:188)
08-04 01:16:02.971 29472 31592 E baseline.com.newsblur.network.APIResponse: 	at java.util.concurrent.ThreadPoolExecutor.runWorker(ThreadPoolExecutor.java:1113)
08-04 01:16:02.971 29472 31592 E baseline.com.newsblur.network.APIResponse: 	at java.util.concurrent.ThreadPoolExecutor$Worker.run(ThreadPoolExecutor.java:588)
08-04 01:16:02.971 29472 31592 E baseline.com.newsblur.network.APIResponse: 	at java.lang.Thread.run(Thread.java:818)
08-04 01:16:02.971 29472 31592 E baseline.com.newsblur.network.APIResponse: Caused by: java.io.EOFException: \n not found: limit=0 content=
08-04 01:16:02.971 29472 31592 E baseline.com.newsblur.network.APIResponse: 	at okio.RealBufferedSource.readUtf8LineStrict(RealBufferedSource.java:240)
08-04 01:16:02.971 29472 31592 E baseline.com.newsblur.network.APIResponse: 	at okhttp3.internal.http1.Http1ExchangeCodec.readHeaderLine(Http1ExchangeCodec.java:242)
08-04 01:16:02.971 29472 31592 E baseline.com.newsblur.network.APIResponse: 	at okhttp3.internal.http1.Http1ExchangeCodec.readResponseHeaders(Http1ExchangeCodec.java:213)
08-04 01:16:02.971 29472 31592 E baseline.com.newsblur.network.APIResponse: 	... 30 more
08-04 01:16:02.973 29472 31592 I baseline.com.newsblur.service.NBSyncService: Holding reading action with server-side or network error.
08-04 01:16:02.990 29472 31592 W baseline.com.newsblur.service.NBSyncService: hard API failure
08-04 01:16:03.031 29472 31424 I art     : Starting a blocking GC Explicit
08-04 01:16:03.104 29472 31424 I art     : Explicit concurrent mark sweep GC freed 4352(408KB) AllocSpace objects, 5(100KB) LOS objects, 27% free, 41MB/57MB, paused 1.752ms total 72.615ms
08-04 01:16:03.122 29472 31424 I art     : Starting a blocking GC Explicit
08-04 01:16:03.185 29472 31424 I art     : Explicit concurrent mark sweep GC freed 129(4KB) AllocSpace objects, 0(0B) LOS objects, 27% free, 41MB/57MB, paused 1.634ms total 62.708ms
08-04 01:16:03.200 29472 31424 I art     : Starting a blocking GC Explicit
08-04 01:16:03.268 29472 31424 I art     : Explicit concurrent mark sweep GC freed 3(96B) AllocSpace objects, 0(0B) LOS objects, 27% free, 41MB/57MB, paused 1.744ms total 66.881ms
08-04 01:16:03.283 29472 31424 I art     : Starting a blocking GC Explicit
08-04 01:16:03.348 29472 31424 I art     : Explicit concurrent mark sweep GC freed 292(13KB) AllocSpace objects, 0(0B) LOS objects, 27% free, 41MB/57MB, paused 2.010ms total 65.659ms
08-04 01:16:03.363 29472 31424 I art     : Starting a blocking GC Explicit
08-04 01:16:03.408 29472 31592 E baseline.com.newsblur.network.APIResponse: Error (unexpected end of stream on https://www.newsblur.com/...) calling https://www.newsblur.com/reader/mark_story_hashes_as_read/
08-04 01:16:03.408 29472 31592 E baseline.com.newsblur.network.APIResponse: java.io.IOException: unexpected end of stream on https://www.newsblur.com/...
08-04 01:16:03.408 29472 31592 E baseline.com.newsblur.network.APIResponse: 	at okhttp3.internal.http1.Http1ExchangeCodec.readResponseHeaders(Http1ExchangeCodec.java:236)
08-04 01:16:03.408 29472 31592 E baseline.com.newsblur.network.APIResponse: 	at okhttp3.internal.connection.Exchange.readResponseHeaders(Exchange.java:115)
08-04 01:16:03.408 29472 31592 E baseline.com.newsblur.network.APIResponse: 	at okhttp3.internal.http.CallServerInterceptor.intercept(CallServerInterceptor.java:94)
08-04 01:16:03.408 29472 31592 E baseline.com.newsblur.network.APIResponse: 	at okhttp3.internal.http.RealInterceptorChain.proceed(RealInterceptorChain.java:142)
08-04 01:16:03.408 29472 31592 E baseline.com.newsblur.network.APIResponse: 	at okhttp3.internal.connection.ConnectInterceptor.intercept(ConnectInterceptor.java:43)
08-04 01:16:03.408 29472 31592 E baseline.com.newsblur.network.APIResponse: 	at okhttp3.internal.http.RealInterceptorChain.proceed(RealInterceptorChain.java:142)
08-04 01:16:03.408 29472 31592 E baseline.com.newsblur.network.APIResponse: 	at okhttp3.internal.http.RealInterceptorChain.proceed(RealInterceptorChain.java:117)
08-04 01:16:03.408 29472 31592 E baseline.com.newsblur.network.APIResponse: 	at okhttp3.internal.cache.CacheInterceptor.intercept(CacheInterceptor.java:94)
08-04 01:16:03.408 29472 31592 E baseline.com.newsblur.network.APIResponse: 	at okhttp3.internal.http.RealInterceptorChain.proceed(RealInterceptorChain.java:142)
08-04 01:16:03.408 29472 31592 E baseline.com.newsblur.network.APIResponse: 	at okhttp3.internal.http.RealInterceptorChain.proceed(RealInterceptorChain.java:117)
08-04 01:16:03.408 29472 31592 E baseline.com.newsblur.network.APIResponse: 	at okhttp3.internal.http.BridgeInterceptor.intercept(BridgeInterceptor.java:93)
08-04 01:16:03.408 29472 31592 E baseline.com.newsblur.network.APIResponse: 	at okhttp3.internal.http.RealInterceptorChain.proceed(RealInterceptorChain.java:142)
08-04 01:16:03.408 29472 31592 E baseline.com.newsblur.network.APIResponse: 	at okhttp3.internal.http.RetryAndFollowUpInterceptor.intercept(RetryAndFollowUpInterceptor.java:88)
08-04 01:16:03.408 29472 31592 E baseline.com.newsblur.network.APIResponse: 	at okhttp3.internal.http.RealInterceptorChain.proceed(RealInterceptorChain.java:142)
08-04 01:16:03.408 29472 31592 E baseline.com.newsblur.network.APIResponse: 	at okhttp3.internal.http.RealInterceptorChain.proceed(RealInterceptorChain.java:117)
08-04 01:16:03.408 29472 31592 E baseline.com.newsblur.network.APIResponse: 	at okhttp3.RealCall.getResponseWithInterceptorChain(RealCall.java:229)
08-04 01:16:03.408 29472 31592 E baseline.com.newsblur.network.APIResponse: 	at okhttp3.RealCall.execute(RealCall.java:81)
08-04 01:16:03.408 29472 31592 E baseline.com.newsblur.network.APIResponse: 	at baseline.com.newsblur.network.APIResponse.<init>(APIResponse.java:57)
08-04 01:16:03.408 29472 31592 E baseline.com.newsblur.network.APIResponse: 	at baseline.com.newsblur.network.APIResponse.<init>(APIResponse.java:43)
08-04 01:16:03.408 29472 31592 E baseline.com.newsblur.network.APIResponse: 	at baseline.com.newsblur.network.APIManager.post_single(APIManager.java:702)
08-04 01:16:03.408 29472 31592 E baseline.com.newsblur.network.APIResponse: 	at baseline.com.newsblur.network.APIManager.post(APIManager.java:675)
08-04 01:16:03.408 29472 31592 E baseline.com.newsblur.network.APIResponse: 	at baseline.com.newsblur.network.APIManager.post(APIManager.java:714)
08-04 01:16:03.408 29472 31592 E baseline.com.newsblur.network.APIResponse: 	at baseline.com.newsblur.network.APIManager.markStoryAsRead(APIManager.java:205)
08-04 01:16:03.408 29472 31592 E baseline.com.newsblur.network.APIResponse: 	at baseline.com.newsblur.util.ReadingAction.doRemote(ReadingAction.java:281)
08-04 01:16:03.408 29472 31592 E baseline.com.newsblur.network.APIResponse: 	at baseline.com.newsblur.service.NBSyncService.syncActions(NBSyncService.java:400)
08-04 01:16:03.408 29472 31592 E baseline.com.newsblur.network.APIResponse: 	at baseline.com.newsblur.service.NBSyncService.doSync(NBSyncService.java:298)
08-04 01:16:03.408 29472 31592 E baseline.com.newsblur.network.APIResponse: 	at baseline.com.newsblur.service.NBSyncService.access$100(NBSyncService.java:67)
08-04 01:16:03.408 29472 31592 E baseline.com.newsblur.network.APIResponse: 	at baseline.com.newsblur.service.NBSyncService$1.run(NBSyncService.java:188)
08-04 01:16:03.408 29472 31592 E baseline.com.newsblur.network.APIResponse: 	at java.util.concurrent.ThreadPoolExecutor.runWorker(ThreadPoolExecutor.java:1113)
08-04 01:16:03.408 29472 31592 E baseline.com.newsblur.network.APIResponse: 	at java.util.concurrent.ThreadPoolExecutor$Worker.run(ThreadPoolExecutor.java:588)
08-04 01:16:03.408 29472 31592 E baseline.com.newsblur.network.APIResponse: 	at java.lang.Thread.run(Thread.java:818)
08-04 01:16:03.408 29472 31592 E baseline.com.newsblur.network.APIResponse: Caused by: java.io.EOFException: \n not found: limit=0 content=
08-04 01:16:03.408 29472 31592 E baseline.com.newsblur.network.APIResponse: 	at okio.RealBufferedSource.readUtf8LineStrict(RealBufferedSource.java:240)
08-04 01:16:03.408 29472 31592 E baseline.com.newsblur.network.APIResponse: 	at okhttp3.internal.http1.Http1ExchangeCodec.readHeaderLine(Http1ExchangeCodec.java:242)
08-04 01:16:03.408 29472 31592 E baseline.com.newsblur.network.APIResponse: 	at okhttp3.internal.http1.Http1ExchangeCodec.readResponseHeaders(Http1ExchangeCodec.java:213)
08-04 01:16:03.408 29472 31592 E baseline.com.newsblur.network.APIResponse: 	... 30 more
08-04 01:16:03.410 29472 31592 I baseline.com.newsblur.network.APIManager: API call failed, pausing before retry number 1
08-04 01:16:03.427 29472 31424 I art     : Explicit concurrent mark sweep GC freed 2150(246KB) AllocSpace objects, 2(40KB) LOS objects, 27% free, 41MB/57MB, paused 1.563ms total 63.569ms
08-04 01:16:03.829 29472 29483 I art     : Starting a blocking GC Explicit
08-04 01:16:03.898 29472 29483 I art     : Explicit concurrent mark sweep GC freed 1580(100KB) AllocSpace objects, 1(20KB) LOS objects, 27% free, 41MB/57MB, paused 1.548ms total 68.628ms
08-04 01:16:03.915 29472 29483 I art     : Starting a blocking GC Explicit
08-04 01:16:03.983 29472 29483 I art     : Explicit concurrent mark sweep GC freed 44(1520B) AllocSpace objects, 0(0B) LOS objects, 27% free, 41MB/57MB, paused 1.525ms total 67.630ms
08-04 01:16:03.998 29472 29483 I art     : Starting a blocking GC Explicit
08-04 01:16:04.065 29472 29483 I art     : Explicit concurrent mark sweep GC freed 3(96B) AllocSpace objects, 0(0B) LOS objects, 27% free, 41MB/57MB, paused 1.644ms total 66.827ms
08-04 01:16:04.080 29472 29483 I art     : Starting a blocking GC Explicit
08-04 01:16:04.150 29472 29483 I art     : Explicit concurrent mark sweep GC freed 3(96B) AllocSpace objects, 0(0B) LOS objects, 27% free, 41MB/57MB, paused 1.574ms total 69.019ms
08-04 01:16:04.168 29472 29483 I art     : Starting a blocking GC Explicit
08-04 01:16:04.234 29472 29483 I art     : Explicit concurrent mark sweep GC freed 3(96B) AllocSpace objects, 0(0B) LOS objects, 27% free, 41MB/57MB, paused 1.607ms total 66.214ms
08-04 01:16:04.235 29472 29482 I art     : WaitForGcToComplete blocked for 52.759ms for cause HeapTrim
08-04 01:16:04.538   518   646 I ThermalEngine: ACTION: GPU - Setting GPU[0] to 510000000
08-04 01:16:04.620 29472 29484 I art     : Starting a blocking GC Explicit
08-04 01:16:04.669 29472 29484 I art     : Explicit concurrent mark sweep GC freed 1442(83KB) AllocSpace objects, 1(20KB) LOS objects, 27% free, 41MB/57MB, paused 1.187ms total 49.105ms
08-04 01:16:04.680 29472 29484 I art     : Starting a blocking GC Explicit
08-04 01:16:04.729 29472 29484 I art     : Explicit concurrent mark sweep GC freed 22(784B) AllocSpace objects, 0(0B) LOS objects, 27% free, 41MB/57MB, paused 1.380ms total 48.428ms
08-04 01:16:04.741 29472 29484 I art     : Starting a blocking GC Explicit
08-04 01:16:04.789 29472 29484 I art     : Explicit concurrent mark sweep GC freed 3(96B) AllocSpace objects, 0(0B) LOS objects, 27% free, 41MB/57MB, paused 1.216ms total 47.554ms
08-04 01:16:04.800 29472 29484 I art     : Starting a blocking GC Explicit
08-04 01:16:04.842 24161 24161 I Atfwd_Sendcmd: AtCmdFwd service not ready - Exhausted retry attempts - :6
08-04 01:16:04.842 24161 24161 I Atfwd_Daemon: result : -1 	 ,Init step :2 	 ,qmiErrorCode: 0
08-04 01:16:04.850 29472 29484 I art     : Explicit concurrent mark sweep GC freed 3(96B) AllocSpace objects, 0(0B) LOS objects, 27% free, 41MB/57MB, paused 1.173ms total 49.388ms
08-04 01:16:04.862 29472 29484 I art     : Starting a blocking GC Explicit
08-04 01:16:04.912 29472 29484 I art     : Explicit concurrent mark sweep GC freed 3(96B) AllocSpace objects, 0(0B) LOS objects, 27% free, 41MB/57MB, paused 1.148ms total 49.256ms
08-04 01:16:05.297 29472 29731 I art     : Starting a blocking GC Explicit
08-04 01:16:05.350 29472 29731 I art     : Explicit concurrent mark sweep GC freed 1606(91KB) AllocSpace objects, 1(20KB) LOS objects, 27% free, 41MB/57MB, paused 1.361ms total 51.978ms
08-04 01:16:05.361 29472 29731 I art     : Starting a blocking GC Explicit
08-04 01:16:05.413 29472 29731 I art     : Explicit concurrent mark sweep GC freed 1664(64KB) AllocSpace objects, 0(0B) LOS objects, 27% free, 41MB/57MB, paused 1.317ms total 51.013ms
08-04 01:16:05.425 29472 29731 I art     : Starting a blocking GC Explicit
08-04 01:16:05.445 29472 31592 E baseline.com.newsblur.network.APIResponse: Error (unexpected end of stream on https://www.newsblur.com/...) calling https://www.newsblur.com/reader/mark_story_hashes_as_read/
08-04 01:16:05.445 29472 31592 E baseline.com.newsblur.network.APIResponse: java.io.IOException: unexpected end of stream on https://www.newsblur.com/...
08-04 01:16:05.445 29472 31592 E baseline.com.newsblur.network.APIResponse: 	at okhttp3.internal.http1.Http1ExchangeCodec.readResponseHeaders(Http1ExchangeCodec.java:236)
08-04 01:16:05.445 29472 31592 E baseline.com.newsblur.network.APIResponse: 	at okhttp3.internal.connection.Exchange.readResponseHeaders(Exchange.java:115)
08-04 01:16:05.445 29472 31592 E baseline.com.newsblur.network.APIResponse: 	at okhttp3.internal.http.CallServerInterceptor.intercept(CallServerInterceptor.java:94)
08-04 01:16:05.445 29472 31592 E baseline.com.newsblur.network.APIResponse: 	at okhttp3.internal.http.RealInterceptorChain.proceed(RealInterceptorChain.java:142)
08-04 01:16:05.445 29472 31592 E baseline.com.newsblur.network.APIResponse: 	at okhttp3.internal.connection.ConnectInterceptor.intercept(ConnectInterceptor.java:43)
08-04 01:16:05.445 29472 31592 E baseline.com.newsblur.network.APIResponse: 	at okhttp3.internal.http.RealInterceptorChain.proceed(RealInterceptorChain.java:142)
08-04 01:16:05.445 29472 31592 E baseline.com.newsblur.network.APIResponse: 	at okhttp3.internal.http.RealInterceptorChain.proceed(RealInterceptorChain.java:117)
08-04 01:16:05.445 29472 31592 E baseline.com.newsblur.network.APIResponse: 	at okhttp3.internal.cache.CacheInterceptor.intercept(CacheInterceptor.java:94)
08-04 01:16:05.445 29472 31592 E baseline.com.newsblur.network.APIResponse: 	at okhttp3.internal.http.RealInterceptorChain.proceed(RealInterceptorChain.java:142)
08-04 01:16:05.445 29472 31592 E baseline.com.newsblur.network.APIResponse: 	at okhttp3.internal.http.RealInterceptorChain.proceed(RealInterceptorChain.java:117)
08-04 01:16:05.445 29472 31592 E baseline.com.newsblur.network.APIResponse: 	at okhttp3.internal.http.BridgeInterceptor.intercept(BridgeInterceptor.java:93)
08-04 01:16:05.445 29472 31592 E baseline.com.newsblur.network.APIResponse: 	at okhttp3.internal.http.RealInterceptorChain.proceed(RealInterceptorChain.java:142)
08-04 01:16:05.445 29472 31592 E baseline.com.newsblur.network.APIResponse: 	at okhttp3.internal.http.RetryAndFollowUpInterceptor.intercept(RetryAndFollowUpInterceptor.java:88)
08-04 01:16:05.445 29472 31592 E baseline.com.newsblur.network.APIResponse: 	at okhttp3.internal.http.RealInterceptorChain.proceed(RealInterceptorChain.java:142)
08-04 01:16:05.445 29472 31592 E baseline.com.newsblur.network.APIResponse: 	at okhttp3.internal.http.RealInterceptorChain.proceed(RealInterceptorChain.java:117)
08-04 01:16:05.445 29472 31592 E baseline.com.newsblur.network.APIResponse: 	at okhttp3.RealCall.getResponseWithInterceptorChain(RealCall.java:229)
08-04 01:16:05.445 29472 31592 E baseline.com.newsblur.network.APIResponse: 	at okhttp3.RealCall.execute(RealCall.java:81)
08-04 01:16:05.445 29472 31592 E baseline.com.newsblur.network.APIResponse: 	at baseline.com.newsblur.network.APIResponse.<init>(APIResponse.java:57)
08-04 01:16:05.445 29472 31592 E baseline.com.newsblur.network.APIResponse: 	at baseline.com.newsblur.network.APIResponse.<init>(APIResponse.java:43)
08-04 01:16:05.445 29472 31592 E baseline.com.newsblur.network.APIResponse: 	at baseline.com.newsblur.network.APIManager.post_single(APIManager.java:702)
08-04 01:16:05.445 29472 31592 E baseline.com.newsblur.network.APIResponse: 	at baseline.com.newsblur.network.APIManager.post(APIManager.java:675)
08-04 01:16:05.445 29472 31592 E baseline.com.newsblur.network.APIResponse: 	at baseline.com.newsblur.network.APIManager.post(APIManager.java:714)
08-04 01:16:05.445 29472 31592 E baseline.com.newsblur.network.APIResponse: 	at baseline.com.newsblur.network.APIManager.markStoryAsRead(APIManager.java:205)
08-04 01:16:05.445 29472 31592 E baseline.com.newsblur.network.APIResponse: 	at baseline.com.newsblur.util.ReadingAction.doRemote(ReadingAction.java:281)
08-04 01:16:05.445 29472 31592 E baseline.com.newsblur.network.APIResponse: 	at baseline.com.newsblur.service.NBSyncService.syncActions(NBSyncService.java:400)
08-04 01:16:05.445 29472 31592 E baseline.com.newsblur.network.APIResponse: 	at baseline.com.newsblur.service.NBSyncService.doSync(NBSyncService.java:298)
08-04 01:16:05.445 29472 31592 E baseline.com.newsblur.network.APIResponse: 	at baseline.com.newsblur.service.NBSyncService.access$100(NBSyncService.java:67)
08-04 01:16:05.445 29472 31592 E baseline.com.newsblur.network.APIResponse: 	at baseline.com.newsblur.service.NBSyncService$1.run(NBSyncService.java:188)
08-04 01:16:05.445 29472 31592 E baseline.com.newsblur.network.APIResponse: 	at java.util.concurrent.ThreadPoolExecutor.runWorker(ThreadPoolExecutor.java:1113)
08-04 01:16:05.445 29472 31592 E baseline.com.newsblur.network.APIResponse: 	at java.util.concurrent.ThreadPoolExecutor$Worker.run(ThreadPoolExecutor.java:588)
08-04 01:16:05.445 29472 31592 E baseline.com.newsblur.network.APIResponse: 	at java.lang.Thread.run(Thread.java:818)
08-04 01:16:05.445 29472 31592 E baseline.com.newsblur.network.APIResponse: Caused by: java.io.EOFException: \n not found: limit=0 content=
08-04 01:16:05.445 29472 31592 E baseline.com.newsblur.network.APIResponse: 	at okio.RealBufferedSource.readUtf8LineStrict(RealBufferedSource.java:240)
08-04 01:16:05.445 29472 31592 E baseline.com.newsblur.network.APIResponse: 	at okhttp3.internal.http1.Http1ExchangeCodec.readHeaderLine(Http1ExchangeCodec.java:242)
08-04 01:16:05.445 29472 31592 E baseline.com.newsblur.network.APIResponse: 	at okhttp3.internal.http1.Http1ExchangeCodec.readResponseHeaders(Http1ExchangeCodec.java:213)
08-04 01:16:05.445 29472 31592 E baseline.com.newsblur.network.APIResponse: 	... 30 more
08-04 01:16:05.447 29472 31592 I baseline.com.newsblur.network.APIManager: API call failed, pausing before retry number 2
08-04 01:16:05.475 29472 29731 I art     : Explicit concurrent mark sweep GC freed 842(197KB) AllocSpace objects, 2(40KB) LOS objects, 27% free, 41MB/57MB, paused 1.196ms total 50.342ms
08-04 01:16:05.487 29472 29731 I art     : Starting a blocking GC Explicit
08-04 01:16:05.537 29472 29731 I art     : Explicit concurrent mark sweep GC freed 101(15KB) AllocSpace objects, 0(0B) LOS objects, 27% free, 41MB/57MB, paused 1.154ms total 49.951ms
08-04 01:16:05.549 29472 29731 I art     : Starting a blocking GC Explicit
08-04 01:16:05.595 29472 29731 I art     : Explicit concurrent mark sweep GC freed 25(832B) AllocSpace objects, 0(0B) LOS objects, 27% free, 41MB/57MB, paused 1.138ms total 45.867ms
08-04 01:16:05.971 29472 29745 I art     : Starting a blocking GC Explicit
08-04 01:16:06.021 29472 29745 I art     : Explicit concurrent mark sweep GC freed 1441(82KB) AllocSpace objects, 1(20KB) LOS objects, 27% free, 41MB/57MB, paused 1.206ms total 50.658ms
08-04 01:16:06.033 29472 29745 I art     : Starting a blocking GC Explicit
08-04 01:16:06.084 29472 29745 I art     : Explicit concurrent mark sweep GC freed 22(784B) AllocSpace objects, 0(0B) LOS objects, 27% free, 41MB/57MB, paused 1.147ms total 51.176ms
08-04 01:16:06.097 29472 29745 I art     : Starting a blocking GC Explicit
08-04 01:16:06.148 29472 29745 I art     : Explicit concurrent mark sweep GC freed 3(96B) AllocSpace objects, 0(0B) LOS objects, 27% free, 41MB/57MB, paused 1.245ms total 51.725ms
08-04 01:16:06.161 29472 29745 I art     : Starting a blocking GC Explicit
08-04 01:16:06.210 29472 29745 I art     : Explicit concurrent mark sweep GC freed 3(96B) AllocSpace objects, 0(0B) LOS objects, 27% free, 41MB/57MB, paused 1.194ms total 49.128ms
08-04 01:16:06.222 29472 29745 I art     : Starting a blocking GC Explicit
08-04 01:16:06.273 29472 29745 I art     : Explicit concurrent mark sweep GC freed 3(96B) AllocSpace objects, 0(0B) LOS objects, 27% free, 41MB/57MB, paused 1.236ms total 51.006ms
08-04 01:16:06.661 29472 31424 I art     : Starting a blocking GC Explicit
08-04 01:16:06.711 29472 31424 I art     : Explicit concurrent mark sweep GC freed 1441(82KB) AllocSpace objects, 1(20KB) LOS objects, 27% free, 41MB/57MB, paused 1.172ms total 49.565ms
08-04 01:16:06.723 29472 31424 I art     : Starting a blocking GC Explicit
08-04 01:16:06.772 29472 31424 I art     : Explicit concurrent mark sweep GC freed 22(784B) AllocSpace objects, 0(0B) LOS objects, 27% free, 41MB/57MB, paused 1.152ms total 48.769ms
08-04 01:16:06.783 29472 31424 I art     : Starting a blocking GC Explicit
08-04 01:16:06.832 29472 31424 I art     : Explicit concurrent mark sweep GC freed 3(96B) AllocSpace objects, 0(0B) LOS objects, 27% free, 41MB/57MB, paused 1.184ms total 48.616ms
08-04 01:16:06.844 29472 31424 I art     : Starting a blocking GC Explicit
08-04 01:16:06.894 29472 31424 I art     : Explicit concurrent mark sweep GC freed 3(96B) AllocSpace objects, 0(0B) LOS objects, 27% free, 41MB/57MB, paused 1.176ms total 49.792ms
08-04 01:16:06.905 29472 31424 I art     : Starting a blocking GC Explicit
08-04 01:16:06.956 29472 31424 I art     : Explicit concurrent mark sweep GC freed 3(96B) AllocSpace objects, 0(0B) LOS objects, 27% free, 41MB/57MB, paused 1.206ms total 50.334ms
08-04 01:16:07.313 29472 29483 I art     : Starting a blocking GC Explicit
08-04 01:16:07.359 29472 29483 I art     : Explicit concurrent mark sweep GC freed 1441(82KB) AllocSpace objects, 1(20KB) LOS objects, 27% free, 41MB/57MB, paused 1.198ms total 45.314ms
08-04 01:16:07.370 29472 29483 I art     : Starting a blocking GC Explicit
08-04 01:16:07.414 29472 29483 I art     : Explicit concurrent mark sweep GC freed 22(784B) AllocSpace objects, 0(0B) LOS objects, 27% free, 41MB/57MB, paused 1.114ms total 43.303ms
08-04 01:16:07.425 29472 29483 I art     : Starting a blocking GC Explicit
08-04 01:16:07.469 29472 29483 I art     : Explicit concurrent mark sweep GC freed 3(96B) AllocSpace objects, 0(0B) LOS objects, 27% free, 41MB/57MB, paused 1.093ms total 44.639ms
08-04 01:16:07.480 29472 29483 I art     : Starting a blocking GC Explicit
08-04 01:16:07.525 29472 29483 I art     : Explicit concurrent mark sweep GC freed 3(96B) AllocSpace objects, 0(0B) LOS objects, 27% free, 41MB/57MB, paused 1.131ms total 44.957ms
08-04 01:16:07.536 29472 29483 I art     : Starting a blocking GC Explicit
08-04 01:16:07.582 29472 29483 I art     : Explicit concurrent mark sweep GC freed 3(96B) AllocSpace objects, 0(0B) LOS objects, 27% free, 41MB/57MB, paused 1.132ms total 45.760ms
08-04 01:16:07.948 29472 29484 I art     : Starting a blocking GC Explicit
08-04 01:16:08.001 29472 29484 I art     : Explicit concurrent mark sweep GC freed 1442(82KB) AllocSpace objects, 1(20KB) LOS objects, 27% free, 41MB/57MB, paused 1.246ms total 52.390ms
08-04 01:16:08.013 29472 29484 I art     : Starting a blocking GC Explicit
08-04 01:16:08.064 29472 29484 I art     : Explicit concurrent mark sweep GC freed 22(784B) AllocSpace objects, 0(0B) LOS objects, 27% free, 41MB/57MB, paused 1.344ms total 50.983ms
08-04 01:16:08.076 29472 29484 I art     : Starting a blocking GC Explicit
08-04 01:16:08.125 29472 29484 I art     : Explicit concurrent mark sweep GC freed 3(96B) AllocSpace objects, 0(0B) LOS objects, 27% free, 41MB/57MB, paused 1.205ms total 49.464ms
08-04 01:16:08.137 29472 29484 I art     : Starting a blocking GC Explicit
08-04 01:16:08.189 29472 29484 I art     : Explicit concurrent mark sweep GC freed 3(96B) AllocSpace objects, 0(0B) LOS objects, 27% free, 41MB/57MB, paused 1.257ms total 51.906ms
08-04 01:16:08.202 29472 29484 I art     : Starting a blocking GC Explicit
08-04 01:16:08.252 29472 29484 I art     : Explicit concurrent mark sweep GC freed 3(96B) AllocSpace objects, 0(0B) LOS objects, 27% free, 41MB/57MB, paused 1.223ms total 50.594ms
08-04 01:16:08.620 29472 29731 I art     : Starting a blocking GC Explicit
08-04 01:16:08.675 29472 29731 I art     : Explicit concurrent mark sweep GC freed 1606(91KB) AllocSpace objects, 1(20KB) LOS objects, 27% free, 41MB/57MB, paused 1.279ms total 53.856ms
08-04 01:16:08.688 29472 29731 I art     : Starting a blocking GC Explicit
08-04 01:16:08.738 29472 29731 I art     : Explicit concurrent mark sweep GC freed 28(1040B) AllocSpace objects, 0(0B) LOS objects, 27% free, 41MB/57MB, paused 1.309ms total 49.911ms
08-04 01:16:08.749 29472 29731 I art     : Starting a blocking GC Explicit
08-04 01:16:08.800 29472 29731 I art     : Explicit concurrent mark sweep GC freed 3(96B) AllocSpace objects, 0(0B) LOS objects, 27% free, 41MB/57MB, paused 1.280ms total 50.014ms
08-04 01:16:08.812 29472 29731 I art     : Starting a blocking GC Explicit
08-04 01:16:08.861 29472 29731 I art     : Explicit concurrent mark sweep GC freed 3(96B) AllocSpace objects, 0(0B) LOS objects, 27% free, 41MB/57MB, paused 1.236ms total 49.375ms
08-04 01:16:08.873 29472 29731 I art     : Starting a blocking GC Explicit
08-04 01:16:08.921 29472 29731 I art     : Explicit concurrent mark sweep GC freed 3(96B) AllocSpace objects, 0(0B) LOS objects, 27% free, 41MB/57MB, paused 1.157ms total 47.545ms
08-04 01:16:09.014 29472 31592 E baseline.com.newsblur.network.APIResponse: Error (unexpected end of stream on https://www.newsblur.com/...) calling https://www.newsblur.com/reader/mark_story_hashes_as_read/
08-04 01:16:09.014 29472 31592 E baseline.com.newsblur.network.APIResponse: java.io.IOException: unexpected end of stream on https://www.newsblur.com/...
08-04 01:16:09.014 29472 31592 E baseline.com.newsblur.network.APIResponse: 	at okhttp3.internal.http1.Http1ExchangeCodec.readResponseHeaders(Http1ExchangeCodec.java:236)
08-04 01:16:09.014 29472 31592 E baseline.com.newsblur.network.APIResponse: 	at okhttp3.internal.connection.Exchange.readResponseHeaders(Exchange.java:115)
08-04 01:16:09.014 29472 31592 E baseline.com.newsblur.network.APIResponse: 	at okhttp3.internal.http.CallServerInterceptor.intercept(CallServerInterceptor.java:94)
08-04 01:16:09.014 29472 31592 E baseline.com.newsblur.network.APIResponse: 	at okhttp3.internal.http.RealInterceptorChain.proceed(RealInterceptorChain.java:142)
08-04 01:16:09.014 29472 31592 E baseline.com.newsblur.network.APIResponse: 	at okhttp3.internal.connection.ConnectInterceptor.intercept(ConnectInterceptor.java:43)
08-04 01:16:09.014 29472 31592 E baseline.com.newsblur.network.APIResponse: 	at okhttp3.internal.http.RealInterceptorChain.proceed(RealInterceptorChain.java:142)
08-04 01:16:09.014 29472 31592 E baseline.com.newsblur.network.APIResponse: 	at okhttp3.internal.http.RealInterceptorChain.proceed(RealInterceptorChain.java:117)
08-04 01:16:09.014 29472 31592 E baseline.com.newsblur.network.APIResponse: 	at okhttp3.internal.cache.CacheInterceptor.intercept(CacheInterceptor.java:94)
08-04 01:16:09.014 29472 31592 E baseline.com.newsblur.network.APIResponse: 	at okhttp3.internal.http.RealInterceptorChain.proceed(RealInterceptorChain.java:142)
08-04 01:16:09.014 29472 31592 E baseline.com.newsblur.network.APIResponse: 	at okhttp3.internal.http.RealInterceptorChain.proceed(RealInterceptorChain.java:117)
08-04 01:16:09.014 29472 31592 E baseline.com.newsblur.network.APIResponse: 	at okhttp3.internal.http.BridgeInterceptor.intercept(BridgeInterceptor.java:93)
08-04 01:16:09.014 29472 31592 E baseline.com.newsblur.network.APIResponse: 	at okhttp3.internal.http.RealInterceptorChain.proceed(RealInterceptorChain.java:142)
08-04 01:16:09.014 29472 31592 E baseline.com.newsblur.network.APIResponse: 	at okhttp3.internal.http.RetryAndFollowUpInterceptor.intercept(RetryAndFollowUpInterceptor.java:88)
08-04 01:16:09.014 29472 31592 E baseline.com.newsblur.network.APIResponse: 	at okhttp3.internal.http.RealInterceptorChain.proceed(RealInterceptorChain.java:142)
08-04 01:16:09.014 29472 31592 E baseline.com.newsblur.network.APIResponse: 	at okhttp3.internal.http.RealInterceptorChain.proceed(RealInterceptorChain.java:117)
08-04 01:16:09.014 29472 31592 E baseline.com.newsblur.network.APIResponse: 	at okhttp3.RealCall.getResponseWithInterceptorChain(RealCall.java:229)
08-04 01:16:09.014 29472 31592 E baseline.com.newsblur.network.APIResponse: 	at okhttp3.RealCall.execute(RealCall.java:81)
08-04 01:16:09.014 29472 31592 E baseline.com.newsblur.network.APIResponse: 	at baseline.com.newsblur.network.APIResponse.<init>(APIResponse.java:57)
08-04 01:16:09.014 29472 31592 E baseline.com.newsblur.network.APIResponse: 	at baseline.com.newsblur.network.APIResponse.<init>(APIResponse.java:43)
08-04 01:16:09.014 29472 31592 E baseline.com.newsblur.network.APIResponse: 	at baseline.com.newsblur.network.APIManager.post_single(APIManager.java:702)
08-04 01:16:09.014 29472 31592 E baseline.com.newsblur.network.APIResponse: 	at baseline.com.newsblur.network.APIManager.post(APIManager.java:675)
08-04 01:16:09.014 29472 31592 E baseline.com.newsblur.network.APIResponse: 	at baseline.com.newsblur.network.APIManager.post(APIManager.java:714)
08-04 01:16:09.014 29472 31592 E baseline.com.newsblur.network.APIResponse: 	at baseline.com.newsblur.network.APIManager.markStoryAsRead(APIManager.java:205)
08-04 01:16:09.014 29472 31592 E baseline.com.newsblur.network.APIResponse: 	at baseline.com.newsblur.util.ReadingAction.doRemote(ReadingAction.java:281)
08-04 01:16:09.014 29472 31592 E baseline.com.newsblur.network.APIResponse: 	at baseline.com.newsblur.service.NBSyncService.syncActions(NBSyncService.java:400)
08-04 01:16:09.014 29472 31592 E baseline.com.newsblur.network.APIResponse: 	at baseline.com.newsblur.service.NBSyncService.doSync(NBSyncService.java:298)
08-04 01:16:09.014 29472 31592 E baseline.com.newsblur.network.APIResponse: 	at baseline.com.newsblur.service.NBSyncService.access$100(NBSyncService.java:67)
08-04 01:16:09.014 29472 31592 E baseline.com.newsblur.network.APIResponse: 	at baseline.com.newsblur.service.NBSyncService$1.run(NBSyncService.java:188)
08-04 01:16:09.014 29472 31592 E baseline.com.newsblur.network.APIResponse: 	at java.util.concurrent.ThreadPoolExecutor.runWorker(ThreadPoolExecutor.java:1113)
08-04 01:16:09.014 29472 31592 E baseline.com.newsblur.network.APIResponse: 	at java.util.concurrent.ThreadPoolExecutor$Worker.run(ThreadPoolExecutor.java:588)
08-04 01:16:09.014 29472 31592 E baseline.com.newsblur.network.APIResponse: 	at java.lang.Thread.run(Thread.java:818)
08-04 01:16:09.014 29472 31592 E baseline.com.newsblur.network.APIResponse: Caused by: java.io.EOFException: \n not found: limit=0 content=
08-04 01:16:09.014 29472 31592 E baseline.com.newsblur.network.APIResponse: 	at okio.RealBufferedSource.readUtf8LineStrict(RealBufferedSource.java:240)
08-04 01:16:09.014 29472 31592 E baseline.com.newsblur.network.APIResponse: 	at okhttp3.internal.http1.Http1ExchangeCodec.readHeaderLine(Http1ExchangeCodec.java:242)
08-04 01:16:09.014 29472 31592 E baseline.com.newsblur.network.APIResponse: 	at okhttp3.internal.http1.Http1ExchangeCodec.readResponseHeaders(Http1ExchangeCodec.java:213)
08-04 01:16:09.014 29472 31592 E baseline.com.newsblur.network.APIResponse: 	... 30 more
08-04 01:16:09.015 29472 31592 I baseline.com.newsblur.service.NBSyncService: Holding reading action with server-side or network error.
08-04 01:16:09.028 29472 31592 W baseline.com.newsblur.service.NBSyncService: hard API failure
08-04 01:16:09.232 29472 29745 I art     : Starting a blocking GC Explicit
08-04 01:16:09.284 29472 29745 I art     : Explicit concurrent mark sweep GC freed 4347(406KB) AllocSpace objects, 5(100KB) LOS objects, 27% free, 41MB/57MB, paused 1.272ms total 51.454ms
08-04 01:16:09.296 29472 29745 I art     : Starting a blocking GC Explicit
08-04 01:16:09.320 31784 31784 D AndroidRuntime: >>>>>> START com.android.internal.os.RuntimeInit uid 2000 <<<<<<
08-04 01:16:09.325 31784 31784 D AndroidRuntime: CheckJNI is OFF
08-04 01:16:09.345 29472 29745 I art     : Explicit concurrent mark sweep GC freed 129(4KB) AllocSpace objects, 0(0B) LOS objects, 27% free, 41MB/57MB, paused 1.238ms total 48.668ms
08-04 01:16:09.357 29472 29745 I art     : Starting a blocking GC Explicit
08-04 01:16:09.362 31784 31784 D ICU     : No timezone override file found: /data/misc/zoneinfo/current/icu/icu_tzdata.dat
08-04 01:16:09.397 31784 31784 I Radio-JNI: register_android_hardware_Radio DONE
08-04 01:16:09.406 29472 29745 I art     : Explicit concurrent mark sweep GC freed 1597(62KB) AllocSpace objects, 0(0B) LOS objects, 27% free, 41MB/57MB, paused 1.390ms total 49.490ms
08-04 01:16:09.417 29472 29745 I art     : Starting a blocking GC Explicit
08-04 01:16:09.418 31784 31784 D AndroidRuntime: Calling main entry com.android.commands.input.Input
08-04 01:16:09.420 31784 31784 I Input   : injectMotionEvent: MotionEvent { action=ACTION_DOWN, actionButton=0, id[0]=0, x[0]=436.0, y[0]=453.0, toolType[0]=TOOL_TYPE_UNKNOWN, buttonState=0, metaState=0, flags=0x0, edgeFlags=0x0, pointerCount=1, historySize=0, eventTime=666985833, downTime=666985833, deviceId=0, source=0x1002 }
08-04 01:16:09.426 31784 31784 I Input   : injectMotionEvent: MotionEvent { action=ACTION_UP, actionButton=0, id[0]=0, x[0]=436.0, y[0]=453.0, toolType[0]=TOOL_TYPE_UNKNOWN, buttonState=0, metaState=0, flags=0x0, edgeFlags=0x0, pointerCount=1, historySize=0, eventTime=666985833, downTime=666985833, deviceId=0, source=0x1002 }
08-04 01:16:09.428 31784 31784 D AndroidRuntime: Shutting down VM
08-04 01:16:09.437 29472 31592 E baseline.com.newsblur.network.APIResponse: Error (unexpected end of stream on https://www.newsblur.com/...) calling https://www.newsblur.com/reader/mark_story_hashes_as_read/
08-04 01:16:09.437 29472 31592 E baseline.com.newsblur.network.APIResponse: java.io.IOException: unexpected end of stream on https://www.newsblur.com/...
08-04 01:16:09.437 29472 31592 E baseline.com.newsblur.network.APIResponse: 	at okhttp3.internal.http1.Http1ExchangeCodec.readResponseHeaders(Http1ExchangeCodec.java:236)
08-04 01:16:09.437 29472 31592 E baseline.com.newsblur.network.APIResponse: 	at okhttp3.internal.connection.Exchange.readResponseHeaders(Exchange.java:115)
08-04 01:16:09.437 29472 31592 E baseline.com.newsblur.network.APIResponse: 	at okhttp3.internal.http.CallServerInterceptor.intercept(CallServerInterceptor.java:94)
08-04 01:16:09.437 29472 31592 E baseline.com.newsblur.network.APIResponse: 	at okhttp3.internal.http.RealInterceptorChain.proceed(RealInterceptorChain.java:142)
08-04 01:16:09.437 29472 31592 E baseline.com.newsblur.network.APIResponse: 	at okhttp3.internal.connection.ConnectInterceptor.intercept(ConnectInterceptor.java:43)
08-04 01:16:09.437 29472 31592 E baseline.com.newsblur.network.APIResponse: 	at okhttp3.internal.http.RealInterceptorChain.proceed(RealInterceptorChain.java:142)
08-04 01:16:09.437 29472 31592 E baseline.com.newsblur.network.APIResponse: 	at okhttp3.internal.http.RealInterceptorChain.proceed(RealInterceptorChain.java:117)
08-04 01:16:09.437 29472 31592 E baseline.com.newsblur.network.APIResponse: 	at okhttp3.internal.cache.CacheInterceptor.intercept(CacheInterceptor.java:94)
08-04 01:16:09.437 29472 31592 E baseline.com.newsblur.network.APIResponse: 	at okhttp3.internal.http.RealInterceptorChain.proceed(RealInterceptorChain.java:142)
08-04 01:16:09.437 29472 31592 E baseline.com.newsblur.network.APIResponse: 	at okhttp3.internal.http.RealInterceptorChain.proceed(RealInterceptorChain.java:117)
08-04 01:16:09.437 29472 31592 E baseline.com.newsblur.network.APIResponse: 	at okhttp3.internal.http.BridgeInterceptor.intercept(BridgeInterceptor.java:93)
08-04 01:16:09.437 29472 31592 E baseline.com.newsblur.network.APIResponse: 	at okhttp3.internal.http.RealInterceptorChain.proceed(RealInterceptorChain.java:142)
08-04 01:16:09.437 29472 31592 E baseline.com.newsblur.network.APIResponse: 	at okhttp3.internal.http.RetryAndFollowUpInterceptor.intercept(RetryAndFollowUpInterceptor.java:88)
08-04 01:16:09.437 29472 31592 E baseline.com.newsblur.network.APIResponse: 	at okhttp3.internal.http.RealInterceptorChain.proceed(RealInterceptorChain.java:142)
08-04 01:16:09.437 29472 31592 E baseline.com.newsblur.network.APIResponse: 	at okhttp3.internal.http.RealInterceptorChain.proceed(RealInterceptorChain.java:117)
08-04 01:16:09.437 29472 31592 E baseline.com.newsblur.network.APIResponse: 	at okhttp3.RealCall.getResponseWithInterceptorChain(RealCall.java:229)
08-04 01:16:09.437 29472 31592 E baseline.com.newsblur.network.APIResponse: 	at okhttp3.RealCall.execute(RealCall.java:81)
08-04 01:16:09.437 29472 31592 E baseline.com.newsblur.network.APIResponse: 	at baseline.com.newsblur.network.APIResponse.<init>(APIResponse.java:57)
08-04 01:16:09.437 29472 31592 E baseline.com.newsblur.network.APIResponse: 	at baseline.com.newsblur.network.APIResponse.<init>(APIResponse.java:43)
08-04 01:16:09.437 29472 31592 E baseline.com.newsblur.network.APIResponse: 	at baseline.com.newsblur.network.APIManager.post_single(APIManager.java:702)
08-04 01:16:09.437 29472 31592 E baseline.com.newsblur.network.APIResponse: 	at baseline.com.newsblur.network.APIManager.post(APIManager.java:675)
08-04 01:16:09.437 29472 31592 E baseline.com.newsblur.network.APIResponse: 	at baseline.com.newsblur.network.APIManager.post(APIManager.java:714)
08-04 01:16:09.437 29472 31592 E baseline.com.newsblur.network.APIResponse: 	at baseline.com.newsblur.network.APIManager.markStoryAsRead(APIManager.java:205)
08-04 01:16:09.437 29472 31592 E baseline.com.newsblur.network.APIResponse: 	at baseline.com.newsblur.util.ReadingAction.doRemote(ReadingAction.java:281)
08-04 01:16:09.437 29472 31592 E baseline.com.newsblur.network.APIResponse: 	at baseline.com.newsblur.service.NBSyncService.syncActions(NBSyncService.java:400)
08-04 01:16:09.437 29472 31592 E baseline.com.newsblur.network.APIResponse: 	at baseline.com.newsblur.service.NBSyncService.doSync(NBSyncService.java:298)
08-04 01:16:09.437 29472 31592 E baseline.com.newsblur.network.APIResponse: 	at baseline.com.newsblur.service.NBSyncService.access$100(NBSyncService.java:67)
08-04 01:16:09.437 29472 31592 E baseline.com.newsblur.network.APIResponse: 	at baseline.com.newsblur.service.NBSyncService$1.run(NBSyncService.java:188)
08-04 01:16:09.437 29472 31592 E baseline.com.newsblur.network.APIResponse: 	at java.util.concurrent.ThreadPoolExecutor.runWorker(ThreadPoolExecutor.java:1113)
08-04 01:16:09.437 29472 31592 E baseline.com.newsblur.network.APIResponse: 	at java.util.concurrent.ThreadPoolExecutor$Worker.run(ThreadPoolExecutor.java:588)
08-04 01:16:09.437 29472 31592 E baseline.com.newsblur.network.APIResponse: 	at java.lang.Thread.run(Thread.java:818)
08-04 01:16:09.437 29472 31592 E baseline.com.newsblur.network.APIResponse: Caused by: java.io.EOFException: \n not found: limit=0 content=
08-04 01:16:09.437 29472 31592 E baseline.com.newsblur.network.APIResponse: 	at okio.RealBufferedSource.readUtf8LineStrict(RealBufferedSource.java:240)
08-04 01:16:09.437 29472 31592 E baseline.com.newsblur.network.APIResponse: 	at okhttp3.internal.http1.Http1ExchangeCodec.readHeaderLine(Http1ExchangeCodec.java:242)
08-04 01:16:09.437 29472 31592 E baseline.com.newsblur.network.APIResponse: 	at okhttp3.internal.http1.Http1ExchangeCodec.readResponseHeaders(Http1ExchangeCodec.java:213)
08-04 01:16:09.437 29472 31592 E baseline.com.newsblur.network.APIResponse: 	... 30 more
08-04 01:16:09.438 29472 31592 I baseline.com.newsblur.network.APIManager: API call failed, pausing before retry number 1
08-04 01:16:09.440   512  2967 D audio_hw_primary: out_set_parameters: enter: usecase(1: low-latency-playback) kvpairs: routing=2
08-04 01:16:09.444   918  6029 I ActivityManager: START u0 {cmp=baseline.com.newsblur/.activity.AllSharedStoriesReading (has extras)} from uid 10652 on display 0
08-04 01:16:09.453   512  2967 D audio_hw_primary: select_devices: out_snd_device(2: speaker) in_snd_device(0: none)
08-04 01:16:09.453   512  2967 D msm8974_platform: platform_send_audio_calibration: sending audio calibration for snd_device(2) acdb_id(15)
08-04 01:16:09.453   512  2967 I soundtrigger: audio_extn_sound_trigger_update_device_status: device 0x2 of type 0 for Event 1
08-04 01:16:09.462   512  2967 D audio_hw_primary: enable_snd_device: snd_device(2: speaker)
08-04 01:16:09.465   512  2967 D audio_hw_primary: enable_audio_route: apply and update mixer path: low-latency-playback speaker
08-04 01:16:09.465 29472 29745 I art     : Explicit concurrent mark sweep GC freed 1550(300KB) AllocSpace objects, 4(80KB) LOS objects, 27% free, 42MB/58MB, paused 1.577ms total 47.798ms
08-04 01:16:09.476 29472 29745 I art     : Starting a blocking GC Explicit
08-04 01:16:09.522 29472 29745 I art     : Explicit concurrent mark sweep GC freed 1140(99KB) AllocSpace objects, 1(112KB) LOS objects, 27% free, 42MB/58MB, paused 1.173ms total 45.689ms
08-04 01:16:09.676 13866 13866 I GoogleInputMethodServic: GoogleInputMethodService.onFinishInput():3138 
08-04 01:16:09.676   918   936 I ActivityManager: Displayed baseline.com.newsblur/.activity.AllSharedStoriesReading: +226ms
08-04 01:16:09.677 13866 13866 I GoogleInputMethodServic: GoogleInputMethodService.onStartInput():1808 
08-04 01:16:09.853 29472 29731 I art     : Starting a blocking GC Explicit
08-04 01:16:09.904 29472 29731 I art     : Explicit concurrent mark sweep GC freed 4731(372KB) AllocSpace objects, 15(672KB) LOS objects, 27% free, 42MB/58MB, paused 1.318ms total 49.998ms
08-04 01:16:09.906 29472 30078 E chromium: [ERROR:tile_manager.cc(793)] WARNING: tile memory limits exceeded, some content may not draw
08-04 01:16:09.906 29472 30078 E chromium: [ERROR:tile_manager.cc(793)] WARNING: tile memory limits exceeded, some content may not draw
08-04 01:16:09.916 29472 29731 I art     : Starting a blocking GC Explicit
08-04 01:16:09.962 29472 29731 I art     : Explicit concurrent mark sweep GC freed 1181(54KB) AllocSpace objects, 1(28KB) LOS objects, 27% free, 42MB/58MB, paused 1.050ms total 45.897ms
08-04 01:16:09.973 29472 29731 I art     : Starting a blocking GC Explicit
08-04 01:16:09.999   512  2967 D audio_hw_primary: disable_audio_route: reset and update mixer path: low-latency-playback speaker
08-04 01:16:10.000   512  2967 D audio_hw_primary: disable_snd_device: snd_device(2: speaker)
08-04 01:16:10.008   512  2967 I soundtrigger: audio_extn_sound_trigger_update_device_status: device 0x2 of type 0 for Event 0
08-04 01:16:10.019 29472 29731 I art     : Explicit concurrent mark sweep GC freed 3(96B) AllocSpace objects, 0(0B) LOS objects, 27% free, 42MB/58MB, paused 1.316ms total 45.369ms
08-04 01:16:10.031 29472 29731 I art     : Starting a blocking GC Explicit
08-04 01:16:10.082 29472 29731 I art     : Explicit concurrent mark sweep GC freed 129(17KB) AllocSpace objects, 1(20KB) LOS objects, 27% free, 42MB/58MB, paused 1.477ms total 51.071ms
08-04 01:16:10.094 29472 29731 I art     : Starting a blocking GC Explicit
08-04 01:16:10.139 29472 29731 I art     : Explicit concurrent mark sweep GC freed 28(896B) AllocSpace objects, 0(0B) LOS objects, 27% free, 42MB/58MB, paused 1.086ms total 45.213ms
08-04 01:16:10.481 29472 31424 I art     : Starting a blocking GC Explicit
08-04 01:16:10.538 29472 31424 I art     : Explicit concurrent mark sweep GC freed 1445(83KB) AllocSpace objects, 1(20KB) LOS objects, 27% free, 42MB/58MB, paused 1.288ms total 55.681ms
08-04 01:16:10.550 29472 31424 I art     : Starting a blocking GC Explicit
08-04 01:16:10.603 29472 31424 I art     : Explicit concurrent mark sweep GC freed 22(784B) AllocSpace objects, 0(0B) LOS objects, 27% free, 42MB/58MB, paused 1.205ms total 52.625ms
08-04 01:16:10.615 29472 31424 I art     : Starting a blocking GC Explicit
08-04 01:16:10.668 29472 31424 I art     : Explicit concurrent mark sweep GC freed 3(96B) AllocSpace objects, 0(0B) LOS objects, 27% free, 42MB/58MB, paused 1.263ms total 53.170ms
08-04 01:16:10.681 29472 31424 I art     : Starting a blocking GC Explicit
08-04 01:16:10.735 29472 31424 I art     : Explicit concurrent mark sweep GC freed 3(96B) AllocSpace objects, 0(0B) LOS objects, 27% free, 42MB/58MB, paused 1.227ms total 53.681ms
08-04 01:16:10.747 29472 31424 I art     : Starting a blocking GC Explicit
08-04 01:16:10.802 29472 31424 I art     : Explicit concurrent mark sweep GC freed 3(96B) AllocSpace objects, 0(0B) LOS objects, 27% free, 42MB/58MB, paused 1.263ms total 54.659ms
08-04 01:16:11.163 29472 29484 I art     : Starting a blocking GC Explicit
08-04 01:16:11.225 29472 29484 I art     : Explicit concurrent mark sweep GC freed 1670(93KB) AllocSpace objects, 1(20KB) LOS objects, 27% free, 42MB/58MB, paused 1.476ms total 61.248ms
08-04 01:16:11.236 29472 29484 I art     : Starting a blocking GC Explicit
08-04 01:16:11.286 29472 29484 I art     : Explicit concurrent mark sweep GC freed 28(1040B) AllocSpace objects, 0(0B) LOS objects, 27% free, 42MB/58MB, paused 1.229ms total 49.685ms
08-04 01:16:11.297 29472 29484 I art     : Starting a blocking GC Explicit
08-04 01:16:11.350 29472 29484 I art     : Explicit concurrent mark sweep GC freed 3(96B) AllocSpace objects, 0(0B) LOS objects, 27% free, 42MB/58MB, paused 1.300ms total 52.849ms
08-04 01:16:11.363 29472 29484 I art     : Starting a blocking GC Explicit
08-04 01:16:11.417 29472 29484 I art     : Explicit concurrent mark sweep GC freed 3(96B) AllocSpace objects, 0(0B) LOS objects, 27% free, 42MB/58MB, paused 1.307ms total 54.470ms
08-04 01:16:11.430 29472 29484 I art     : Starting a blocking GC Explicit
08-04 01:16:11.482 29472 29484 I art     : Explicit concurrent mark sweep GC freed 1657(64KB) AllocSpace objects, 0(0B) LOS objects, 27% free, 42MB/58MB, paused 1.367ms total 52.514ms
08-04 01:16:11.497 29472 31592 E baseline.com.newsblur.network.APIResponse: Error (unexpected end of stream on https://www.newsblur.com/...) calling https://www.newsblur.com/reader/mark_story_hashes_as_read/
08-04 01:16:11.497 29472 31592 E baseline.com.newsblur.network.APIResponse: java.io.IOException: unexpected end of stream on https://www.newsblur.com/...
08-04 01:16:11.497 29472 31592 E baseline.com.newsblur.network.APIResponse: 	at okhttp3.internal.http1.Http1ExchangeCodec.readResponseHeaders(Http1ExchangeCodec.java:236)
08-04 01:16:11.497 29472 31592 E baseline.com.newsblur.network.APIResponse: 	at okhttp3.internal.connection.Exchange.readResponseHeaders(Exchange.java:115)
08-04 01:16:11.497 29472 31592 E baseline.com.newsblur.network.APIResponse: 	at okhttp3.internal.http.CallServerInterceptor.intercept(CallServerInterceptor.java:94)
08-04 01:16:11.497 29472 31592 E baseline.com.newsblur.network.APIResponse: 	at okhttp3.internal.http.RealInterceptorChain.proceed(RealInterceptorChain.java:142)
08-04 01:16:11.497 29472 31592 E baseline.com.newsblur.network.APIResponse: 	at okhttp3.internal.connection.ConnectInterceptor.intercept(ConnectInterceptor.java:43)
08-04 01:16:11.497 29472 31592 E baseline.com.newsblur.network.APIResponse: 	at okhttp3.internal.http.RealInterceptorChain.proceed(RealInterceptorChain.java:142)
08-04 01:16:11.497 29472 31592 E baseline.com.newsblur.network.APIResponse: 	at okhttp3.internal.http.RealInterceptorChain.proceed(RealInterceptorChain.java:117)
08-04 01:16:11.497 29472 31592 E baseline.com.newsblur.network.APIResponse: 	at okhttp3.internal.cache.CacheInterceptor.intercept(CacheInterceptor.java:94)
08-04 01:16:11.497 29472 31592 E baseline.com.newsblur.network.APIResponse: 	at okhttp3.internal.http.RealInterceptorChain.proceed(RealInterceptorChain.java:142)
08-04 01:16:11.497 29472 31592 E baseline.com.newsblur.network.APIResponse: 	at okhttp3.internal.http.RealInterceptorChain.proceed(RealInterceptorChain.java:117)
08-04 01:16:11.497 29472 31592 E baseline.com.newsblur.network.APIResponse: 	at okhttp3.internal.http.BridgeInterceptor.intercept(BridgeInterceptor.java:93)
08-04 01:16:11.497 29472 31592 E baseline.com.newsblur.network.APIResponse: 	at okhttp3.internal.http.RealInterceptorChain.proceed(RealInterceptorChain.java:142)
08-04 01:16:11.497 29472 31592 E baseline.com.newsblur.network.APIResponse: 	at okhttp3.internal.http.RetryAndFollowUpInterceptor.intercept(RetryAndFollowUpInterceptor.java:88)
08-04 01:16:11.497 29472 31592 E baseline.com.newsblur.network.APIResponse: 	at okhttp3.internal.http.RealInterceptorChain.proceed(RealInterceptorChain.java:142)
08-04 01:16:11.497 29472 31592 E baseline.com.newsblur.network.APIResponse: 	at okhttp3.internal.http.RealInterceptorChain.proceed(RealInterceptorChain.java:117)
08-04 01:16:11.497 29472 31592 E baseline.com.newsblur.network.APIResponse: 	at okhttp3.RealCall.getResponseWithInterceptorChain(RealCall.java:229)
08-04 01:16:11.497 29472 31592 E baseline.com.newsblur.network.APIResponse: 	at okhttp3.RealCall.execute(RealCall.java:81)
08-04 01:16:11.497 29472 31592 E baseline.com.newsblur.network.APIResponse: 	at baseline.com.newsblur.network.APIResponse.<init>(APIResponse.java:57)
08-04 01:16:11.497 29472 31592 E baseline.com.newsblur.network.APIResponse: 	at baseline.com.newsblur.network.APIResponse.<init>(APIResponse.java:43)
08-04 01:16:11.497 29472 31592 E baseline.com.newsblur.network.APIResponse: 	at baseline.com.newsblur.network.APIManager.post_single(APIManager.java:702)
08-04 01:16:11.497 29472 31592 E baseline.com.newsblur.network.APIResponse: 	at baseline.com.newsblur.network.APIManager.post(APIManager.java:675)
08-04 01:16:11.497 29472 31592 E baseline.com.newsblur.network.APIResponse: 	at baseline.com.newsblur.network.APIManager.post(APIManager.java:714)
08-04 01:16:11.497 29472 31592 E baseline.com.newsblur.network.APIResponse: 	at baseline.com.newsblur.network.APIManager.markStoryAsRead(APIManager.java:205)
08-04 01:16:11.497 29472 31592 E baseline.com.newsblur.network.APIResponse: 	at baseline.com.newsblur.util.ReadingAction.doRemote(ReadingAction.java:281)
08-04 01:16:11.497 29472 31592 E baseline.com.newsblur.network.APIResponse: 	at baseline.com.newsblur.service.NBSyncService.syncActions(NBSyncService.java:400)
08-04 01:16:11.497 29472 31592 E baseline.com.newsblur.network.APIResponse: 	at baseline.com.newsblur.service.NBSyncService.doSync(NBSyncService.java:298)
08-04 01:16:11.497 29472 31592 E baseline.com.newsblur.network.APIResponse: 	at baseline.com.newsblur.service.NBSyncService.access$100(NBSyncService.java:67)
08-04 01:16:11.497 29472 31592 E baseline.com.newsblur.network.APIResponse: 	at baseline.com.newsblur.service.NBSyncService$1.run(NBSyncService.java:188)
08-04 01:16:11.497 29472 31592 E baseline.com.newsblur.network.APIResponse: 	at java.util.concurrent.ThreadPoolExecutor.runWorker(ThreadPoolExecutor.java:1113)
08-04 01:16:11.497 29472 31592 E baseline.com.newsblur.network.APIResponse: 	at java.util.concurrent.ThreadPoolExecutor$Worker.run(ThreadPoolExecutor.java:588)
08-04 01:16:11.497 29472 31592 E baseline.com.newsblur.network.APIResponse: 	at java.lang.Thread.run(Thread.java:818)
08-04 01:16:11.497 29472 31592 E baseline.com.newsblur.network.APIResponse: Caused by: java.io.EOFException: \n not found: limit=0 content=
08-04 01:16:11.497 29472 31592 E baseline.com.newsblur.network.APIResponse: 	at okio.RealBufferedSource.readUtf8LineStrict(RealBufferedSource.java:240)
08-04 01:16:11.497 29472 31592 E baseline.com.newsblur.network.APIResponse: 	at okhttp3.internal.http1.Http1ExchangeCodec.readHeaderLine(Http1ExchangeCodec.java:242)
08-04 01:16:11.497 29472 31592 E baseline.com.newsblur.network.APIResponse: 	at okhttp3.internal.http1.Http1ExchangeCodec.readResponseHeaders(Http1ExchangeCodec.java:213)
08-04 01:16:11.497 29472 31592 E baseline.com.newsblur.network.APIResponse: 	... 30 more
08-04 01:16:11.499 29472 31592 I baseline.com.newsblur.network.APIManager: API call failed, pausing before retry number 2
08-04 01:16:11.843 29472 29483 I art     : Starting a blocking GC Explicit
08-04 01:16:11.901 29472 29483 I art     : Explicit concurrent mark sweep GC freed 2342(294KB) AllocSpace objects, 3(60KB) LOS objects, 27% free, 42MB/58MB, paused 1.436ms total 58.084ms
08-04 01:16:11.918 29472 29483 I art     : Starting a blocking GC Explicit
08-04 01:16:11.967 29472 29483 I art     : Explicit concurrent mark sweep GC freed 66(2480B) AllocSpace objects, 0(0B) LOS objects, 27% free, 42MB/58MB, paused 1.159ms total 48.846ms
08-04 01:16:11.979 29472 29483 I art     : Starting a blocking GC Explicit
08-04 01:16:12.026 29472 29483 I art     : Explicit concurrent mark sweep GC freed 3(96B) AllocSpace objects, 0(0B) LOS objects, 27% free, 42MB/58MB, paused 1.122ms total 45.893ms
08-04 01:16:12.036 29472 29483 I art     : Starting a blocking GC Explicit
08-04 01:16:12.082 29472 29483 I art     : Explicit concurrent mark sweep GC freed 3(96B) AllocSpace objects, 0(0B) LOS objects, 27% free, 42MB/58MB, paused 1.031ms total 45.687ms
08-04 01:16:12.093 29472 29483 I art     : Starting a blocking GC Explicit
08-04 01:16:12.140 29472 29483 I art     : Explicit concurrent mark sweep GC freed 3(96B) AllocSpace objects, 0(0B) LOS objects, 27% free, 42MB/58MB, paused 1.144ms total 46.736ms
08-04 01:16:12.516 29472 29731 I art     : Starting a blocking GC Explicit
08-04 01:16:12.552   518   646 I ThermalEngine: ACTION: GPU - Setting GPU[0] to 450000000
08-04 01:16:12.574 29472 29731 I art     : Explicit concurrent mark sweep GC freed 1447(83KB) AllocSpace objects, 1(20KB) LOS objects, 27% free, 42MB/58MB, paused 1.689ms total 58.125ms
08-04 01:16:12.590 29472 29731 I art     : Starting a blocking GC Explicit
08-04 01:16:12.660 29472 29731 I art     : Explicit concurrent mark sweep GC freed 22(784B) AllocSpace objects, 0(0B) LOS objects, 27% free, 42MB/58MB, paused 1.821ms total 70.001ms
08-04 01:16:12.676 29472 29731 I art     : Starting a blocking GC Explicit
08-04 01:16:12.750 29472 29731 I art     : Explicit concurrent mark sweep GC freed 3(96B) AllocSpace objects, 0(0B) LOS objects, 27% free, 42MB/58MB, paused 1.704ms total 72.918ms
08-04 01:16:12.765 29472 29731 I art     : Starting a blocking GC Explicit
08-04 01:16:12.839 29472 29731 I art     : Explicit concurrent mark sweep GC freed 3(96B) AllocSpace objects, 0(0B) LOS objects, 27% free, 42MB/58MB, paused 1.846ms total 73.487ms
08-04 01:16:12.855 29472 29731 I art     : Starting a blocking GC Explicit
08-04 01:16:12.927 29472 29731 I art     : Explicit concurrent mark sweep GC freed 3(96B) AllocSpace objects, 0(0B) LOS objects, 27% free, 42MB/58MB, paused 1.692ms total 71.676ms
08-04 01:16:13.354 29472 29745 I art     : Starting a blocking GC Explicit
08-04 01:16:13.428 29472 29745 I art     : Explicit concurrent mark sweep GC freed 1601(91KB) AllocSpace objects, 1(20KB) LOS objects, 27% free, 42MB/58MB, paused 1.942ms total 72.699ms
08-04 01:16:13.443 29472 29745 I art     : Starting a blocking GC Explicit
08-04 01:16:13.511 29472 29745 I art     : Explicit concurrent mark sweep GC freed 371(16KB) AllocSpace objects, 0(0B) LOS objects, 27% free, 42MB/58MB, paused 1.748ms total 67.285ms
08-04 01:16:13.527 29472 29745 I art     : Starting a blocking GC Explicit
08-04 01:16:13.557   518   646 I ThermalEngine: ACTION: GPU - Setting GPU[0] to 510000000
08-04 01:16:13.561   918  3261 D WifiStateMachine: starting scan for "H369AA63323"WPA_PSK with 2412,5180
08-04 01:16:13.587 29472 29745 I art     : Explicit concurrent mark sweep GC freed 4903(373KB) AllocSpace objects, 1(20KB) LOS objects, 27% free, 42MB/58MB, paused 1.568ms total 60.250ms
08-04 01:16:13.601 29472 29745 I art     : Starting a blocking GC Explicit
08-04 01:16:13.651 29472 29745 I art     : Explicit concurrent mark sweep GC freed 20(848B) AllocSpace objects, 0(0B) LOS objects, 27% free, 42MB/58MB, paused 1.080ms total 49.163ms
08-04 01:16:13.663 29472 29745 I art     : Starting a blocking GC Explicit
08-04 01:16:13.711 29472 29745 I art     : Explicit concurrent mark sweep GC freed 159(8KB) AllocSpace objects, 0(0B) LOS objects, 27% free, 42MB/58MB, paused 1.286ms total 47.592ms
08-04 01:16:14.074 31868 31868 D AndroidRuntime: >>>>>> START com.android.internal.os.RuntimeInit uid 2000 <<<<<<
08-04 01:16:14.079 31868 31868 D AndroidRuntime: CheckJNI is OFF
08-04 01:16:14.082 29472 31424 I art     : Starting a blocking GC Explicit
08-04 01:16:14.114 31868 31868 D ICU     : No timezone override file found: /data/misc/zoneinfo/current/icu/icu_tzdata.dat
08-04 01:16:14.132 29472 31424 I art     : Explicit concurrent mark sweep GC freed 2646(139KB) AllocSpace objects, 1(20KB) LOS objects, 27% free, 42MB/58MB, paused 1.553ms total 50.418ms
08-04 01:16:14.144 29472 31424 I art     : Starting a blocking GC Explicit
08-04 01:16:14.149 31868 31868 I Radio-JNI: register_android_hardware_Radio DONE
08-04 01:16:14.171 31868 31868 D AndroidRuntime: Calling main entry com.android.commands.input.Input
08-04 01:16:14.172 31868 31868 I Input   : injectKeyEvent: KeyEvent { action=ACTION_DOWN, keyCode=KEYCODE_BACK, scanCode=0, metaState=0, flags=0x0, repeatCount=0, eventTime=666990585, downTime=666990585, deviceId=-1, source=0x101 }
08-04 01:16:14.178 31868 31868 I Input   : injectKeyEvent: KeyEvent { action=ACTION_UP, keyCode=KEYCODE_BACK, scanCode=0, metaState=0, flags=0x0, repeatCount=0, eventTime=666990585, downTime=666990585, deviceId=-1, source=0x101 }
08-04 01:16:14.184 31868 31868 D AndroidRuntime: Shutting down VM
08-04 01:16:14.190 29472 31424 I art     : Explicit concurrent mark sweep GC freed 1849(100KB) AllocSpace objects, 0(0B) LOS objects, 27% free, 42MB/58MB, paused 1.412ms total 45.330ms
08-04 01:16:14.194 29472 29472 D baseline.com.newsblur.service.NBSyncService: rejecting request for feedset that is exhaused
08-04 01:16:14.201 29472 31424 I art     : Starting a blocking GC Explicit
08-04 01:16:14.246 29472 31424 I art     : Explicit concurrent mark sweep GC freed 340(54KB) AllocSpace objects, 2(40KB) LOS objects, 27% free, 42MB/58MB, paused 1.213ms total 44.553ms
08-04 01:16:14.257 29472 31424 I art     : Starting a blocking GC Explicit
08-04 01:16:14.306 29472 31424 I art     : Explicit concurrent mark sweep GC freed 637(46KB) AllocSpace objects, 1(20KB) LOS objects, 27% free, 42MB/58MB, paused 1.292ms total 49.414ms
08-04 01:16:14.318 29472 31424 I art     : Starting a blocking GC Explicit
08-04 01:16:14.329 29472 29472 D baseline.com.newsblur.service.NBSyncService: rejecting request for feedset that is exhaused
08-04 01:16:14.330 13866 13866 I GoogleInputMethodServic: GoogleInputMethodService.onFinishInput():3138 
08-04 01:16:14.331 13866 13866 I GoogleInputMethodServic: GoogleInputMethodService.onStartInput():1808 
08-04 01:16:14.363 29472 31424 I art     : Explicit concurrent mark sweep GC freed 675(58KB) AllocSpace objects, 1(20KB) LOS objects, 27% free, 42MB/58MB, paused 1.062ms total 44.907ms
08-04 01:16:14.689 29472 29484 I art     : Starting a blocking GC Explicit
08-04 01:16:14.737 29472 29484 I art     : Explicit concurrent mark sweep GC freed 3466(196KB) AllocSpace objects, 2(48KB) LOS objects, 27% free, 42MB/58MB, paused 1.190ms total 47.830ms
08-04 01:16:14.749 29472 29484 I art     : Starting a blocking GC Explicit
08-04 01:16:14.800 29472 29484 I art     : Explicit concurrent mark sweep GC freed 177(8KB) AllocSpace objects, 0(0B) LOS objects, 27% free, 42MB/58MB, paused 1.454ms total 51.439ms
08-04 01:16:14.812 29472 29484 I art     : Starting a blocking GC Explicit
08-04 01:16:14.865 29472 29484 I art     : Explicit concurrent mark sweep GC freed 11(352B) AllocSpace objects, 0(0B) LOS objects, 27% free, 42MB/58MB, paused 1.360ms total 52.552ms
08-04 01:16:14.879 29472 29484 I art     : Starting a blocking GC Explicit
08-04 01:16:14.928 29472 29484 I art     : Explicit concurrent mark sweep GC freed 9(288B) AllocSpace objects, 0(0B) LOS objects, 27% free, 42MB/58MB, paused 1.220ms total 48.993ms
08-04 01:16:14.928 29472 29482 I art     : WaitForGcToComplete blocked for 24.241ms for cause HeapTrim
08-04 01:16:14.940 29472 29484 I art     : Starting a blocking GC Explicit
08-04 01:16:14.993 29472 29484 I art     : Explicit concurrent mark sweep GC freed 11(352B) AllocSpace objects, 0(0B) LOS objects, 27% free, 42MB/58MB, paused 1.223ms total 52.909ms
08-04 01:16:15.063 29472 31592 E baseline.com.newsblur.network.APIResponse: Error (unexpected end of stream on https://www.newsblur.com/...) calling https://www.newsblur.com/reader/mark_story_hashes_as_read/
08-04 01:16:15.063 29472 31592 E baseline.com.newsblur.network.APIResponse: java.io.IOException: unexpected end of stream on https://www.newsblur.com/...
08-04 01:16:15.063 29472 31592 E baseline.com.newsblur.network.APIResponse: 	at okhttp3.internal.http1.Http1ExchangeCodec.readResponseHeaders(Http1ExchangeCodec.java:236)
08-04 01:16:15.063 29472 31592 E baseline.com.newsblur.network.APIResponse: 	at okhttp3.internal.connection.Exchange.readResponseHeaders(Exchange.java:115)
08-04 01:16:15.063 29472 31592 E baseline.com.newsblur.network.APIResponse: 	at okhttp3.internal.http.CallServerInterceptor.intercept(CallServerInterceptor.java:94)
08-04 01:16:15.063 29472 31592 E baseline.com.newsblur.network.APIResponse: 	at okhttp3.internal.http.RealInterceptorChain.proceed(RealInterceptorChain.java:142)
08-04 01:16:15.063 29472 31592 E baseline.com.newsblur.network.APIResponse: 	at okhttp3.internal.connection.ConnectInterceptor.intercept(ConnectInterceptor.java:43)
08-04 01:16:15.063 29472 31592 E baseline.com.newsblur.network.APIResponse: 	at okhttp3.internal.http.RealInterceptorChain.proceed(RealInterceptorChain.java:142)
08-04 01:16:15.063 29472 31592 E baseline.com.newsblur.network.APIResponse: 	at okhttp3.internal.http.RealInterceptorChain.proceed(RealInterceptorChain.java:117)
08-04 01:16:15.063 29472 31592 E baseline.com.newsblur.network.APIResponse: 	at okhttp3.internal.cache.CacheInterceptor.intercept(CacheInterceptor.java:94)
08-04 01:16:15.063 29472 31592 E baseline.com.newsblur.network.APIResponse: 	at okhttp3.internal.http.RealInterceptorChain.proceed(RealInterceptorChain.java:142)
08-04 01:16:15.063 29472 31592 E baseline.com.newsblur.network.APIResponse: 	at okhttp3.internal.http.RealInterceptorChain.proceed(RealInterceptorChain.java:117)
08-04 01:16:15.063 29472 31592 E baseline.com.newsblur.network.APIResponse: 	at okhttp3.internal.http.BridgeInterceptor.intercept(BridgeInterceptor.java:93)
08-04 01:16:15.063 29472 31592 E baseline.com.newsblur.network.APIResponse: 	at okhttp3.internal.http.RealInterceptorChain.proceed(RealInterceptorChain.java:142)
08-04 01:16:15.063 29472 31592 E baseline.com.newsblur.network.APIResponse: 	at okhttp3.internal.http.RetryAndFollowUpInterceptor.intercept(RetryAndFollowUpInterceptor.java:88)
08-04 01:16:15.063 29472 31592 E baseline.com.newsblur.network.APIResponse: 	at okhttp3.internal.http.RealInterceptorChain.proceed(RealInterceptorChain.java:142)
08-04 01:16:15.063 29472 31592 E baseline.com.newsblur.network.APIResponse: 	at okhttp3.internal.http.RealInterceptorChain.proceed(RealInterceptorChain.java:117)
08-04 01:16:15.063 29472 31592 E baseline.com.newsblur.network.APIResponse: 	at okhttp3.RealCall.getResponseWithInterceptorChain(RealCall.java:229)
08-04 01:16:15.063 29472 31592 E baseline.com.newsblur.network.APIResponse: 	at okhttp3.RealCall.execute(RealCall.java:81)
08-04 01:16:15.063 29472 31592 E baseline.com.newsblur.network.APIResponse: 	at baseline.com.newsblur.network.APIResponse.<init>(APIResponse.java:57)
08-04 01:16:15.063 29472 31592 E baseline.com.newsblur.network.APIResponse: 	at baseline.com.newsblur.network.APIResponse.<init>(APIResponse.java:43)
08-04 01:16:15.063 29472 31592 E baseline.com.newsblur.network.APIResponse: 	at baseline.com.newsblur.network.APIManager.post_single(APIManager.java:702)
08-04 01:16:15.063 29472 31592 E baseline.com.newsblur.network.APIResponse: 	at baseline.com.newsblur.network.APIManager.post(APIManager.java:675)
08-04 01:16:15.063 29472 31592 E baseline.com.newsblur.network.APIResponse: 	at baseline.com.newsblur.network.APIManager.post(APIManager.java:714)
08-04 01:16:15.063 29472 31592 E baseline.com.newsblur.network.APIResponse: 	at baseline.com.newsblur.network.APIManager.markStoryAsRead(APIManager.java:205)
08-04 01:16:15.063 29472 31592 E baseline.com.newsblur.network.APIResponse: 	at baseline.com.newsblur.util.ReadingAction.doRemote(ReadingAction.java:281)
08-04 01:16:15.063 29472 31592 E baseline.com.newsblur.network.APIResponse: 	at baseline.com.newsblur.service.NBSyncService.syncActions(NBSyncService.java:400)
08-04 01:16:15.063 29472 31592 E baseline.com.newsblur.network.APIResponse: 	at baseline.com.newsblur.service.NBSyncService.doSync(NBSyncService.java:298)
08-04 01:16:15.063 29472 31592 E baseline.com.newsblur.network.APIResponse: 	at baseline.com.newsblur.service.NBSyncService.access$100(NBSyncService.java:67)
08-04 01:16:15.063 29472 31592 E baseline.com.newsblur.network.APIResponse: 	at baseline.com.newsblur.service.NBSyncService$1.run(NBSyncService.java:188)
08-04 01:16:15.063 29472 31592 E baseline.com.newsblur.network.APIResponse: 	at java.util.concurrent.ThreadPoolExecutor.runWorker(ThreadPoolExecutor.java:1113)
08-04 01:16:15.063 29472 31592 E baseline.com.newsblur.network.APIResponse: 	at java.util.concurrent.ThreadPoolExecutor$Worker.run(ThreadPoolExecutor.java:588)
08-04 01:16:15.063 29472 31592 E baseline.com.newsblur.network.APIResponse: 	at java.lang.Thread.run(Thread.java:818)
08-04 01:16:15.063 29472 31592 E baseline.com.newsblur.network.APIResponse: Caused by: java.io.EOFException: \n not found: limit=0 content=
08-04 01:16:15.063 29472 31592 E baseline.com.newsblur.network.APIResponse: 	at okio.RealBufferedSource.readUtf8LineStrict(RealBufferedSource.java:240)
08-04 01:16:15.063 29472 31592 E baseline.com.newsblur.network.APIResponse: 	at okhttp3.internal.http1.Http1ExchangeCodec.readHeaderLine(Http1ExchangeCodec.java:242)
08-04 01:16:15.063 29472 31592 E baseline.com.newsblur.network.APIResponse: 	at okhttp3.internal.http1.Http1ExchangeCodec.readResponseHeaders(Http1ExchangeCodec.java:213)
08-04 01:16:15.063 29472 31592 E baseline.com.newsblur.network.APIResponse: 	... 30 more
08-04 01:16:15.064 29472 31592 I baseline.com.newsblur.service.NBSyncService: Holding reading action with server-side or network error.
08-04 01:16:15.077 29472 31592 W baseline.com.newsblur.service.NBSyncService: hard API failure
08-04 01:16:15.087 29472 31592 I baseline.com.newsblur.service.NBSyncService: recounting dirty feed sets: 1
08-04 01:16:15.353 29472 29745 I art     : Starting a blocking GC Explicit
08-04 01:16:15.410 29472 29745 I art     : Explicit concurrent mark sweep GC freed 4849(438KB) AllocSpace objects, 6(120KB) LOS objects, 27% free, 42MB/58MB, paused 1.223ms total 56.682ms
08-04 01:16:15.426 29472 29745 I art     : Starting a blocking GC Explicit
08-04 01:16:15.472 29472 31592 E baseline.com.newsblur.network.APIResponse: Error (unexpected end of stream on https://www.newsblur.com/...) calling https://www.newsblur.com/reader/feed_unread_count?feed_id=0
08-04 01:16:15.472 29472 31592 E baseline.com.newsblur.network.APIResponse: java.io.IOException: unexpected end of stream on https://www.newsblur.com/...
08-04 01:16:15.472 29472 31592 E baseline.com.newsblur.network.APIResponse: 	at okhttp3.internal.http1.Http1ExchangeCodec.readResponseHeaders(Http1ExchangeCodec.java:236)
08-04 01:16:15.472 29472 31592 E baseline.com.newsblur.network.APIResponse: 	at okhttp3.internal.connection.Exchange.readResponseHeaders(Exchange.java:115)
08-04 01:16:15.472 29472 31592 E baseline.com.newsblur.network.APIResponse: 	at okhttp3.internal.http.CallServerInterceptor.intercept(CallServerInterceptor.java:94)
08-04 01:16:15.472 29472 31592 E baseline.com.newsblur.network.APIResponse: 	at okhttp3.internal.http.RealInterceptorChain.proceed(RealInterceptorChain.java:142)
08-04 01:16:15.472 29472 31592 E baseline.com.newsblur.network.APIResponse: 	at okhttp3.internal.connection.ConnectInterceptor.intercept(ConnectInterceptor.java:43)
08-04 01:16:15.472 29472 31592 E baseline.com.newsblur.network.APIResponse: 	at okhttp3.internal.http.RealInterceptorChain.proceed(RealInterceptorChain.java:142)
08-04 01:16:15.472 29472 31592 E baseline.com.newsblur.network.APIResponse: 	at okhttp3.internal.http.RealInterceptorChain.proceed(RealInterceptorChain.java:117)
08-04 01:16:15.472 29472 31592 E baseline.com.newsblur.network.APIResponse: 	at okhttp3.internal.cache.CacheInterceptor.intercept(CacheInterceptor.java:94)
08-04 01:16:15.472 29472 31592 E baseline.com.newsblur.network.APIResponse: 	at okhttp3.internal.http.RealInterceptorChain.proceed(RealInterceptorChain.java:142)
08-04 01:16:15.472 29472 31592 E baseline.com.newsblur.network.APIResponse: 	at okhttp3.internal.http.RealInterceptorChain.proceed(RealInterceptorChain.java:117)
08-04 01:16:15.472 29472 31592 E baseline.com.newsblur.network.APIResponse: 	at okhttp3.internal.http.BridgeInterceptor.intercept(BridgeInterceptor.java:93)
08-04 01:16:15.472 29472 31592 E baseline.com.newsblur.network.APIResponse: 	at okhttp3.internal.http.RealInterceptorChain.proceed(RealInterceptorChain.java:142)
08-04 01:16:15.472 29472 31592 E baseline.com.newsblur.network.APIResponse: 	at okhttp3.internal.http.RetryAndFollowUpInterceptor.intercept(RetryAndFollowUpInterceptor.java:88)
08-04 01:16:15.472 29472 31592 E baseline.com.newsblur.network.APIResponse: 	at okhttp3.internal.http.RealInterceptorChain.proceed(RealInterceptorChain.java:142)
08-04 01:16:15.472 29472 31592 E baseline.com.newsblur.network.APIResponse: 	at okhttp3.internal.http.RealInterceptorChain.proceed(RealInterceptorChain.java:117)
08-04 01:16:15.472 29472 31592 E baseline.com.newsblur.network.APIResponse: 	at okhttp3.RealCall.getResponseWithInterceptorChain(RealCall.java:229)
08-04 01:16:15.472 29472 31592 E baseline.com.newsblur.network.APIResponse: 	at okhttp3.RealCall.execute(RealCall.java:81)
08-04 01:16:15.472 29472 31592 E baseline.com.newsblur.network.APIResponse: 	at baseline.com.newsblur.network.APIResponse.<init>(APIResponse.java:57)
08-04 01:16:15.472 29472 31592 E baseline.com.newsblur.network.APIResponse: 	at baseline.com.newsblur.network.APIManager.get_single(APIManager.java:639)
08-04 01:16:15.472 29472 31592 E baseline.com.newsblur.network.APIResponse: 	at baseline.com.newsblur.network.APIManager.get(APIManager.java:625)
08-04 01:16:15.472 29472 31592 E baseline.com.newsblur.network.APIResponse: 	at baseline.com.newsblur.network.APIManager.get(APIManager.java:667)
08-04 01:16:15.472 29472 31592 E baseline.com.newsblur.network.APIResponse: 	at baseline.com.newsblur.network.APIManager.getFeedUnreadCounts(APIManager.java:274)
08-04 01:16:15.472 29472 31592 E baseline.com.newsblur.network.APIResponse: 	at baseline.com.newsblur.service.NBSyncService.checkRecounts(NBSyncService.java:660)
08-04 01:16:15.472 29472 31592 E baseline.com.newsblur.network.APIResponse: 	at baseline.com.newsblur.service.NBSyncService.doSync(NBSyncService.java:310)
08-04 01:16:15.472 29472 31592 E baseline.com.newsblur.network.APIResponse: 	at baseline.com.newsblur.service.NBSyncService.access$100(NBSyncService.java:67)
08-04 01:16:15.472 29472 31592 E baseline.com.newsblur.network.APIResponse: 	at baseline.com.newsblur.service.NBSyncService$1.run(NBSyncService.java:188)
08-04 01:16:15.472 29472 31592 E baseline.com.newsblur.network.APIResponse: 	at java.util.concurrent.ThreadPoolExecutor.runWorker(ThreadPoolExecutor.java:1113)
08-04 01:16:15.472 29472 31592 E baseline.com.newsblur.network.APIResponse: 	at java.util.concurrent.ThreadPoolExecutor$Worker.run(ThreadPoolExecutor.java:588)
08-04 01:16:15.472 29472 31592 E baseline.com.newsblur.network.APIResponse: 	at java.lang.Thread.run(Thread.java:818)
08-04 01:16:15.472 29472 31592 E baseline.com.newsblur.network.APIResponse: Caused by: java.io.EOFException: \n not found: limit=0 content=
08-04 01:16:15.472 29472 31592 E baseline.com.newsblur.network.APIResponse: 	at okio.RealBufferedSource.readUtf8LineStrict(RealBufferedSource.java:240)
08-04 01:16:15.472 29472 31592 E baseline.com.newsblur.network.APIResponse: 	at okhttp3.internal.http1.Http1ExchangeCodec.readHeaderLine(Http1ExchangeCodec.java:242)
08-04 01:16:15.472 29472 31592 E baseline.com.newsblur.network.APIResponse: 	at okhttp3.internal.http1.Http1ExchangeCodec.readResponseHeaders(Http1ExchangeCodec.java:213)
08-04 01:16:15.472 29472 31592 E baseline.com.newsblur.network.APIResponse: 	... 28 more
08-04 01:16:15.472 29472 29745 I art     : Explicit concurrent mark sweep GC freed 2002(78KB) AllocSpace objects, 0(0B) LOS objects, 27% free, 42MB/58MB, paused 1.210ms total 46.108ms
08-04 01:16:15.473 29472 31592 I baseline.com.newsblur.network.APIManager: API call failed, pausing before retry number 1
08-04 01:16:15.484 29472 29745 I art     : Starting a blocking GC Explicit
08-04 01:16:15.531 29472 29745 I art     : Explicit concurrent mark sweep GC freed 813(206KB) AllocSpace objects, 2(40KB) LOS objects, 27% free, 41MB/57MB, paused 1.837ms total 47.038ms
08-04 01:16:15.544 29472 29745 I art     : Starting a blocking GC Explicit
08-04 01:16:15.560   518   646 I ThermalEngine: ACTION: GPU - Setting GPU[0] to 450000000
08-04 01:16:15.602 29472 29745 I art     : Explicit concurrent mark sweep GC freed 60(2240B) AllocSpace objects, 0(0B) LOS objects, 27% free, 41MB/57MB, paused 1.621ms total 57.867ms
08-04 01:16:15.616 29472 29745 I art     : Starting a blocking GC Explicit
08-04 01:16:15.679 29472 29745 I art     : Explicit concurrent mark sweep GC freed 11(352B) AllocSpace objects, 0(0B) LOS objects, 27% free, 41MB/57MB, paused 1.957ms total 62.693ms
08-04 01:16:15.916 31911 31911 D AndroidRuntime: >>>>>> START com.android.internal.os.RuntimeInit uid 2000 <<<<<<
08-04 01:16:15.922 31911 31911 D AndroidRuntime: CheckJNI is OFF
08-04 01:16:15.963 31911 31911 D ICU     : No timezone override file found: /data/misc/zoneinfo/current/icu/icu_tzdata.dat
08-04 01:16:16.006 31911 31911 I Radio-JNI: register_android_hardware_Radio DONE
08-04 01:16:16.035 31911 31911 D AndroidRuntime: Calling main entry com.android.commands.input.Input
08-04 01:16:16.037 31911 31911 I Input   : injectKeyEvent: KeyEvent { action=ACTION_DOWN, keyCode=KEYCODE_BACK, scanCode=0, metaState=0, flags=0x0, repeatCount=0, eventTime=666992450, downTime=666992450, deviceId=-1, source=0x101 }
08-04 01:16:16.043 31911 31911 I Input   : injectKeyEvent: KeyEvent { action=ACTION_UP, keyCode=KEYCODE_BACK, scanCode=0, metaState=0, flags=0x0, repeatCount=0, eventTime=666992450, downTime=666992450, deviceId=-1, source=0x101 }
08-04 01:16:16.051 31911 31911 D AndroidRuntime: Shutting down VM
08-04 01:16:16.079 29472 29483 I art     : Starting a blocking GC Explicit
08-04 01:16:16.142 29472 29483 I art     : Explicit concurrent mark sweep GC freed 1796(149KB) AllocSpace objects, 5(100KB) LOS objects, 27% free, 41MB/57MB, paused 1.708ms total 61.708ms
08-04 01:16:16.156 29472 29483 I art     : Starting a blocking GC Explicit
08-04 01:16:16.221 29472 29483 I art     : Explicit concurrent mark sweep GC freed 1868(124KB) AllocSpace objects, 3(60KB) LOS objects, 27% free, 42MB/58MB, paused 1.868ms total 64.725ms
08-04 01:16:16.238 29472 29483 I art     : Starting a blocking GC Explicit
08-04 01:16:16.289 13866 13866 I GoogleInputMethodServic: GoogleInputMethodService.onFinishInput():3138 
08-04 01:16:16.290 13866 13866 I GoogleInputMethodServic: GoogleInputMethodService.onStartInput():1808 
08-04 01:16:16.302 29472 29483 I art     : Explicit concurrent mark sweep GC freed 6084(392KB) AllocSpace objects, 5(100KB) LOS objects, 27% free, 42MB/58MB, paused 3.648ms total 64.158ms
08-04 01:16:16.319 29472 29483 I art     : Starting a blocking GC Explicit
08-04 01:16:16.374 29472 29483 I art     : Explicit concurrent mark sweep GC freed 170(6KB) AllocSpace objects, 0(0B) LOS objects, 27% free, 41MB/57MB, paused 1.488ms total 54.748ms
08-04 01:16:16.388 29472 29483 I art     : Starting a blocking GC Explicit
08-04 01:16:16.454 29472 29483 I art     : Explicit concurrent mark sweep GC freed 83(3KB) AllocSpace objects, 0(0B) LOS objects, 27% free, 41MB/57MB, paused 2.189ms total 65.822ms
08-04 01:16:16.842 29472 29745 I art     : Starting a blocking GC Explicit
08-04 01:16:16.909 29472 29745 I art     : Explicit concurrent mark sweep GC freed 1922(103KB) AllocSpace objects, 1(20KB) LOS objects, 27% free, 41MB/57MB, paused 1.666ms total 66.810ms
08-04 01:16:16.925 29472 29745 I art     : Starting a blocking GC Explicit
08-04 01:16:16.988 29472 29745 I art     : Explicit concurrent mark sweep GC freed 262(11KB) AllocSpace objects, 0(0B) LOS objects, 27% free, 41MB/57MB, paused 2.021ms total 63.193ms
08-04 01:16:17.004 29472 29745 I art     : Starting a blocking GC Explicit
08-04 01:16:17.065 29472 29745 I art     : Explicit concurrent mark sweep GC freed 29(1168B) AllocSpace objects, 0(0B) LOS objects, 27% free, 41MB/57MB, paused 1.776ms total 61.297ms
08-04 01:16:17.081 29472 29745 I art     : Starting a blocking GC Explicit
08-04 01:16:17.144 29472 29745 I art     : Explicit concurrent mark sweep GC freed 75(5KB) AllocSpace objects, 0(0B) LOS objects, 27% free, 41MB/57MB, paused 1.584ms total 62.398ms
08-04 01:16:17.160 29472 29745 I art     : Starting a blocking GC Explicit
08-04 01:16:17.222 29472 29745 I art     : Explicit concurrent mark sweep GC freed 13(416B) AllocSpace objects, 0(0B) LOS objects, 27% free, 41MB/57MB, paused 1.765ms total 61.180ms
08-04 01:16:17.516 29472 31592 E baseline.com.newsblur.network.APIResponse: Error (unexpected end of stream on https://www.newsblur.com/...) calling https://www.newsblur.com/reader/feed_unread_count?feed_id=0
08-04 01:16:17.516 29472 31592 E baseline.com.newsblur.network.APIResponse: java.io.IOException: unexpected end of stream on https://www.newsblur.com/...
08-04 01:16:17.516 29472 31592 E baseline.com.newsblur.network.APIResponse: 	at okhttp3.internal.http1.Http1ExchangeCodec.readResponseHeaders(Http1ExchangeCodec.java:236)
08-04 01:16:17.516 29472 31592 E baseline.com.newsblur.network.APIResponse: 	at okhttp3.internal.connection.Exchange.readResponseHeaders(Exchange.java:115)
08-04 01:16:17.516 29472 31592 E baseline.com.newsblur.network.APIResponse: 	at okhttp3.internal.http.CallServerInterceptor.intercept(CallServerInterceptor.java:94)
08-04 01:16:17.516 29472 31592 E baseline.com.newsblur.network.APIResponse: 	at okhttp3.internal.http.RealInterceptorChain.proceed(RealInterceptorChain.java:142)
08-04 01:16:17.516 29472 31592 E baseline.com.newsblur.network.APIResponse: 	at okhttp3.internal.connection.ConnectInterceptor.intercept(ConnectInterceptor.java:43)
08-04 01:16:17.516 29472 31592 E baseline.com.newsblur.network.APIResponse: 	at okhttp3.internal.http.RealInterceptorChain.proceed(RealInterceptorChain.java:142)
08-04 01:16:17.516 29472 31592 E baseline.com.newsblur.network.APIResponse: 	at okhttp3.internal.http.RealInterceptorChain.proceed(RealInterceptorChain.java:117)
08-04 01:16:17.516 29472 31592 E baseline.com.newsblur.network.APIResponse: 	at okhttp3.internal.cache.CacheInterceptor.intercept(CacheInterceptor.java:94)
08-04 01:16:17.516 29472 31592 E baseline.com.newsblur.network.APIResponse: 	at okhttp3.internal.http.RealInterceptorChain.proceed(RealInterceptorChain.java:142)
08-04 01:16:17.516 29472 31592 E baseline.com.newsblur.network.APIResponse: 	at okhttp3.internal.http.RealInterceptorChain.proceed(RealInterceptorChain.java:117)
08-04 01:16:17.516 29472 31592 E baseline.com.newsblur.network.APIResponse: 	at okhttp3.internal.http.BridgeInterceptor.intercept(BridgeInterceptor.java:93)
08-04 01:16:17.516 29472 31592 E baseline.com.newsblur.network.APIResponse: 	at okhttp3.internal.http.RealInterceptorChain.proceed(RealInterceptorChain.java:142)
08-04 01:16:17.516 29472 31592 E baseline.com.newsblur.network.APIResponse: 	at okhttp3.internal.http.RetryAndFollowUpInterceptor.intercept(RetryAndFollowUpInterceptor.java:88)
08-04 01:16:17.516 29472 31592 E baseline.com.newsblur.network.APIResponse: 	at okhttp3.internal.http.RealInterceptorChain.proceed(RealInterceptorChain.java:142)
08-04 01:16:17.516 29472 31592 E baseline.com.newsblur.network.APIResponse: 	at okhttp3.internal.http.RealInterceptorChain.proceed(RealInterceptorChain.java:117)
08-04 01:16:17.516 29472 31592 E baseline.com.newsblur.network.APIResponse: 	at okhttp3.RealCall.getResponseWithInterceptorChain(RealCall.java:229)
08-04 01:16:17.516 29472 31592 E baseline.com.newsblur.network.APIResponse: 	at okhttp3.RealCall.execute(RealCall.java:81)
08-04 01:16:17.516 29472 31592 E baseline.com.newsblur.network.APIResponse: 	at baseline.com.newsblur.network.APIResponse.<init>(APIResponse.java:57)
08-04 01:16:17.516 29472 31592 E baseline.com.newsblur.network.APIResponse: 	at baseline.com.newsblur.network.APIManager.get_single(APIManager.java:639)
08-04 01:16:17.516 29472 31592 E baseline.com.newsblur.network.APIResponse: 	at baseline.com.newsblur.network.APIManager.get(APIManager.java:625)
08-04 01:16:17.516 29472 31592 E baseline.com.newsblur.network.APIResponse: 	at baseline.com.newsblur.network.APIManager.get(APIManager.java:667)
08-04 01:16:17.516 29472 31592 E baseline.com.newsblur.network.APIResponse: 	at baseline.com.newsblur.network.APIManager.getFeedUnreadCounts(APIManager.java:274)
08-04 01:16:17.516 29472 31592 E baseline.com.newsblur.network.APIResponse: 	at baseline.com.newsblur.service.NBSyncService.checkRecounts(NBSyncService.java:660)
08-04 01:16:17.516 29472 31592 E baseline.com.newsblur.network.APIResponse: 	at baseline.com.newsblur.service.NBSyncService.doSync(NBSyncService.java:310)
08-04 01:16:17.516 29472 31592 E baseline.com.newsblur.network.APIResponse: 	at baseline.com.newsblur.service.NBSyncService.access$100(NBSyncService.java:67)
08-04 01:16:17.516 29472 31592 E baseline.com.newsblur.network.APIResponse: 	at baseline.com.newsblur.service.NBSyncService$1.run(NBSyncService.java:188)
08-04 01:16:17.516 29472 31592 E baseline.com.newsblur.network.APIResponse: 	at java.util.concurrent.ThreadPoolExecutor.runWorker(ThreadPoolExecutor.java:1113)
08-04 01:16:17.516 29472 31592 E baseline.com.newsblur.network.APIResponse: 	at java.util.concurrent.ThreadPoolExecutor$Worker.run(ThreadPoolExecutor.java:588)
08-04 01:16:17.516 29472 31592 E baseline.com.newsblur.network.APIResponse: 	at java.lang.Thread.run(Thread.java:818)
08-04 01:16:17.516 29472 31592 E baseline.com.newsblur.network.APIResponse: Caused by: java.io.EOFException: \n not found: limit=0 content=
08-04 01:16:17.516 29472 31592 E baseline.com.newsblur.network.APIResponse: 	at okio.RealBufferedSource.readUtf8LineStrict(RealBufferedSource.java:240)
08-04 01:16:17.516 29472 31592 E baseline.com.newsblur.network.APIResponse: 	at okhttp3.internal.http1.Http1ExchangeCodec.readHeaderLine(Http1ExchangeCodec.java:242)
08-04 01:16:17.516 29472 31592 E baseline.com.newsblur.network.APIResponse: 	at okhttp3.internal.http1.Http1ExchangeCodec.readResponseHeaders(Http1ExchangeCodec.java:213)
08-04 01:16:17.516 29472 31592 E baseline.com.newsblur.network.APIResponse: 	... 28 more
08-04 01:16:17.518 29472 31592 I baseline.com.newsblur.network.APIManager: API call failed, pausing before retry number 2
08-04 01:16:17.594 29472 29731 I art     : Starting a blocking GC Explicit
08-04 01:16:17.662 29472 29731 I art     : Explicit concurrent mark sweep GC freed 3985(357KB) AllocSpace objects, 3(60KB) LOS objects, 27% free, 41MB/57MB, paused 1.809ms total 67.509ms
08-04 01:16:17.678 29472 29731 I art     : Starting a blocking GC Explicit
08-04 01:16:17.739 29472 29731 I art     : Explicit concurrent mark sweep GC freed 124(4KB) AllocSpace objects, 0(0B) LOS objects, 27% free, 41MB/57MB, paused 1.526ms total 61.292ms
08-04 01:16:17.753 29472 29731 I art     : Starting a blocking GC Explicit
08-04 01:16:17.816 29472 29731 I art     : Explicit concurrent mark sweep GC freed 3(96B) AllocSpace objects, 0(0B) LOS objects, 27% free, 41MB/57MB, paused 1.748ms total 62.021ms
08-04 01:16:17.830 29472 29731 I art     : Starting a blocking GC Explicit
08-04 01:16:17.894 29472 29731 I art     : Explicit concurrent mark sweep GC freed 3(96B) AllocSpace objects, 0(0B) LOS objects, 27% free, 41MB/57MB, paused 1.687ms total 63.053ms
08-04 01:16:17.896 31949 31949 D AndroidRuntime: >>>>>> START com.android.internal.os.RuntimeInit uid 2000 <<<<<<
08-04 01:16:17.902 31949 31949 D AndroidRuntime: CheckJNI is OFF
08-04 01:16:17.909 29472 29731 I art     : Starting a blocking GC Explicit
08-04 01:16:17.944 31949 31949 D ICU     : No timezone override file found: /data/misc/zoneinfo/current/icu/icu_tzdata.dat
08-04 01:16:17.969 29472 29731 I art     : Explicit concurrent mark sweep GC freed 3(96B) AllocSpace objects, 0(0B) LOS objects, 27% free, 41MB/57MB, paused 1.713ms total 60.247ms
08-04 01:16:17.993 31949 31949 I Radio-JNI: register_android_hardware_Radio DONE
08-04 01:16:18.022 31949 31949 D AndroidRuntime: Calling main entry com.android.commands.am.Am
08-04 01:16:18.035  8825  8825 I Trepn   : Trepn 6.2s: Received intent: com.quicinc.trepn.stop_profiling
08-04 01:16:18.085  8825  8825 I Trepn   : Trepn 6.2s: Trepn has Stopped Profiling.
08-04 01:16:18.289 31949 31949 D AndroidRuntime: Shutting down VM
08-04 01:16:18.293   918  3714 W AppOps  : Finishing op nesting under-run: uid 10078 pkg com.quicinc.trepn code 24 time=0 duration=0 nesting=0
08-04 01:16:18.340 29472 29731 I art     : Starting a blocking GC Explicit
08-04 01:16:18.399 29472 29731 I art     : Explicit concurrent mark sweep GC freed 1442(82KB) AllocSpace objects, 1(20KB) LOS objects, 27% free, 41MB/57MB, paused 1.609ms total 58.834ms
08-04 01:16:18.415 29472 29731 I art     : Starting a blocking GC Explicit
08-04 01:16:18.485 29472 29731 I art     : Explicit concurrent mark sweep GC freed 62(2288B) AllocSpace objects, 0(0B) LOS objects, 27% free, 41MB/57MB, paused 1.728ms total 69.752ms
08-04 01:16:18.502 29472 29731 I art     : Starting a blocking GC Explicit
08-04 01:16:18.568 29472 29731 I art     : Explicit concurrent mark sweep GC freed 3(96B) AllocSpace objects, 0(0B) LOS objects, 27% free, 41MB/57MB, paused 1.610ms total 65.304ms
08-04 01:16:18.583 29472 29731 I art     : Starting a blocking GC Explicit
08-04 01:16:18.643 29472 29731 I art     : Explicit concurrent mark sweep GC freed 3(96B) AllocSpace objects, 0(0B) LOS objects, 27% free, 41MB/57MB, paused 1.600ms total 59.691ms
08-04 01:16:18.658 29472 29731 I art     : Starting a blocking GC Explicit
08-04 01:16:18.718 29472 29731 I art     : Explicit concurrent mark sweep GC freed 3(96B) AllocSpace objects, 0(0B) LOS objects, 27% free, 41MB/57MB, paused 1.526ms total 59.594ms
