--------- beginning of main
08-04 01:14:24.822 24161 24161 I ServiceManager: Waiting for service AtCmdFwd...
08-04 01:14:24.874 29463 29463 D AndroidRuntime: >>>>>> START com.android.internal.os.RuntimeInit uid 2000 <<<<<<
08-04 01:14:24.881 29463 29463 D AndroidRuntime: CheckJNI is OFF
08-04 01:14:24.909 29463 29463 D ICU     : No timezone override file found: /data/misc/zoneinfo/current/icu/icu_tzdata.dat
08-04 01:14:24.937 29463 29463 I Radio-JNI: register_android_hardware_Radio DONE
08-04 01:14:24.953 29463 29463 D AndroidRuntime: Calling main entry com.android.commands.monkey.Monkey
--------- beginning of system
08-04 01:14:24.970   918   931 W BroadcastQueue: Skipping deliver [background] BroadcastRecord{5c92b42 u-1 android.net.conn.CONNECTIVITY_CHANGE} to ReceiverList{b288890 29463 (unknown name)/2000/u-1 remote:1bcae24}: process crashing
08-04 01:14:24.980   918  5481 I ActivityManager: START u0 {act=android.intent.action.MAIN cat=[android.intent.category.LAUNCHER] flg=0x10200000 cmp=baseline.com.newsblur/.activity.InitActivity} from uid 2000 on display 0
08-04 01:14:25.011 29472 29472 I art     : Late-enabling -Xcheck:jni
08-04 01:14:25.014   918  3359 I ActivityManager: Start proc 29472:baseline.com.newsblur/u0a652 for activity baseline.com.newsblur/.activity.InitActivity
08-04 01:14:25.031 29463 29463 I art     : System.exit called, status: 0
08-04 01:14:25.031 29463 29463 I AndroidRuntime: VM exiting with result code 0.
08-04 01:14:25.070 29472 29472 W System  : ClassLoader referenced unknown path: /data/app/baseline.com.newsblur-1/lib/arm64
08-04 01:14:25.089  6202 27085 I PBSessionCacheImpl: Deleted sessionId[27278280657311515] from persistence.
08-04 01:14:25.095  6202  6241 W SearchServiceCore: Abort, client detached.
08-04 01:14:25.096  6202  6241 I MicroDetectionState: Should stop hotword detection immediately - true
08-04 01:14:25.132 29472 29472 I baseline.com.newsblur.activity.InitActivity: cold launching version 9.0b1
08-04 01:14:25.142 29472 29488 D OpenGLRenderer: Use EGL_SWAP_BEHAVIOR_PRESERVED: true
08-04 01:14:25.183 29472 29488 I Adreno  : QUALCOMM build                   : fcf4852, I1af360237c
08-04 01:14:25.183 29472 29488 I Adreno  : Build Date                       : 09/23/15
08-04 01:14:25.183 29472 29488 I Adreno  : OpenGL ES Shader Compiler Version: XE031.05.13.02
08-04 01:14:25.183 29472 29488 I Adreno  : Local Branch                     : mybranch14465806
08-04 01:14:25.183 29472 29488 I Adreno  : Remote Branch                    : quic/LA.BF64.1.2.9_v2
08-04 01:14:25.183 29472 29488 I Adreno  : Remote Branch                    : NONE
08-04 01:14:25.183 29472 29488 I Adreno  : Reconstruct Branch               : NOTHING
08-04 01:14:25.189 29472 29488 I OpenGLRenderer: Initialized EGL, version 1.4
08-04 01:14:25.211   918  4413 I ActivityManager: START u0 {cmp=baseline.com.newsblur/.activity.Main} from uid 10652 on display 0
08-04 01:14:25.220   918  3696 W InputMethodManagerService: Focus gain on non-focused client com.android.internal.view.IInputMethodClient$Stub$Proxy@aaeafbb (uid=10652 pid=29472)
08-04 01:14:25.368 29472 29472 I art     : Rejecting re-init on previously-failed class java.lang.Class<androidx.core.view.ViewCompat$OnUnhandledKeyEventListenerWrapper>
08-04 01:14:25.368 29472 29472 I art     : Rejecting re-init on previously-failed class java.lang.Class<androidx.core.view.ViewCompat$OnUnhandledKeyEventListenerWrapper>
08-04 01:14:25.426 29472 29472 E BitmapFactory: Unable to decode stream: java.io.FileNotFoundException: /data/user/0/baseline.com.newsblur/cache/userProfilePicture: open failed: ENOENT (No such file or directory)
08-04 01:14:25.589 29472 29497 I baseline.com.newsblur.service.NBSyncService: ready to sync feed list
08-04 01:14:25.790   918   936 I ActivityManager: Displayed baseline.com.newsblur/.activity.Main: +569ms (total +802ms)
08-04 01:14:25.805 13866 13866 I GoogleInputMethodServic: GoogleInputMethodService.onFinishInput():3138 
08-04 01:14:25.807 13866 13866 I GoogleInputMethodServic: GoogleInputMethodService.onStartInput():1808 
08-04 01:14:25.823 24161 24161 I ServiceManager: Waiting for service AtCmdFwd...
08-04 01:14:26.138 29472 29497 I NAPPA_EXPERIMENTATION: MetricNetworkRequestExecutionTime: REQUEST_DURATION_SYSTEM='541',REQUEST_DURATION_OKHTTP='32',REQUEST_SYNCHRONOUS='TRUE',RESPONSE_CODE='200',RESPONSE_METHOD='GET',RESPONSE_LENGTH_OKHTTP='-1',RESPONSE_LENGTH_HEADER='-2',REQUEST_PROTOCOL='http/1.1',REQUEST_URL='https://www.newsblur.com/reader/feeds/?update_counts=true',
08-04 01:14:26.139 29472 29497 D MY_TAG  : 0, 541
08-04 01:14:26.181 29472 29497 I baseline.com.newsblur.service.NBSyncService: got feed list: 1 feeds in  conn:541 read:2 parse:8 store:31
08-04 01:14:26.530 29517 29517 D AndroidRuntime: >>>>>> START com.android.internal.os.RuntimeInit uid 2000 <<<<<<
08-04 01:14:26.535 29517 29517 D AndroidRuntime: CheckJNI is OFF
08-04 01:14:26.564 29517 29517 D ICU     : No timezone override file found: /data/misc/zoneinfo/current/icu/icu_tzdata.dat
08-04 01:14:26.592 29517 29517 I Radio-JNI: register_android_hardware_Radio DONE
08-04 01:14:26.608 29517 29517 D AndroidRuntime: Calling main entry com.android.commands.am.Am
08-04 01:14:26.616  8825  8825 I Trepn   : Trepn 6.2s: Received intent: com.quicinc.trepn.start_profiling
08-04 01:14:26.636 29472 29512 I NAPPA_EXPERIMENTATION: MetricNetworkRequestExecutionTime: REQUEST_DURATION_SYSTEM='448',REQUEST_DURATION_OKHTTP='29',REQUEST_SYNCHRONOUS='TRUE',RESPONSE_CODE='200',RESPONSE_METHOD='GET',RESPONSE_LENGTH_OKHTTP='-1',RESPONSE_LENGTH_HEADER='-2',REQUEST_PROTOCOL='http/1.1',REQUEST_URL='https://www.newsblur.com/reader/unread_story_hashes?include_timestamps=1',
08-04 01:14:26.636 29472 29512 D MY_TAG  : 0, 448
08-04 01:14:26.655 29472 29512 I baseline.com.newsblur.service.UnreadsService: starting unread count: 0
08-04 01:14:26.657 29472 29512 I baseline.com.newsblur.service.UnreadsService: new unread count:      0
08-04 01:14:26.657 29472 29512 I baseline.com.newsblur.service.UnreadsService: new unreads found:     0
08-04 01:14:26.658 29472 29512 I baseline.com.newsblur.service.UnreadsService: unreads to retire:     0
08-04 01:14:26.773  8825  8825 W FileUtils: Failed to chmod(/storage/emulated/0/trepn/Trepn_2020.08.04_011426.db): android.system.ErrnoException: chmod failed: EPERM (Operation not permitted)
08-04 01:14:26.824 24161 24161 I ServiceManager: Waiting for service AtCmdFwd...
08-04 01:14:26.873  8825  8825 I Trepn   : Trepn 6.2s: Trepn has Started Profiling.
08-04 01:14:26.876 29517 29517 D AndroidRuntime: Shutting down VM
08-04 01:14:27.352 29472 29484 I art     : Starting a blocking GC Explicit
08-04 01:14:27.376 29472 29484 I art     : Explicit concurrent mark sweep GC freed 24961(1552KB) AllocSpace objects, 33(980KB) LOS objects, 37% free, 26MB/42MB, paused 223us total 23.143ms
08-04 01:14:27.384 29472 29484 I art     : Starting a blocking GC Explicit
08-04 01:14:27.397 29472 29484 I art     : Explicit concurrent mark sweep GC freed 454(24KB) AllocSpace objects, 0(0B) LOS objects, 37% free, 26MB/42MB, paused 305us total 12.646ms
08-04 01:14:27.404 29472 29484 I art     : Starting a blocking GC Explicit
08-04 01:14:27.415 29472 29484 I art     : Explicit concurrent mark sweep GC freed 1864(168KB) AllocSpace objects, 0(0B) LOS objects, 38% free, 26MB/42MB, paused 183us total 11.165ms
08-04 01:14:27.421 29472 29484 I art     : Starting a blocking GC Explicit
08-04 01:14:27.432 29472 29484 I art     : Explicit concurrent mark sweep GC freed 7(256B) AllocSpace objects, 0(0B) LOS objects, 38% free, 26MB/42MB, paused 184us total 11.008ms
08-04 01:14:27.438 29472 29484 I art     : Starting a blocking GC Explicit
08-04 01:14:27.449 29472 29484 I art     : Explicit concurrent mark sweep GC freed 3(96B) AllocSpace objects, 0(0B) LOS objects, 38% free, 26MB/42MB, paused 181us total 10.989ms
08-04 01:14:27.754 29472 29483 I art     : Starting a blocking GC Explicit
08-04 01:14:27.771 29472 29483 I art     : Explicit concurrent mark sweep GC freed 1390(80KB) AllocSpace objects, 1(20KB) LOS objects, 38% free, 26MB/42MB, paused 206us total 17.229ms
08-04 01:14:27.781 29472 29483 I art     : Starting a blocking GC Explicit
08-04 01:14:27.797 29472 29483 I art     : Explicit concurrent mark sweep GC freed 20(704B) AllocSpace objects, 0(0B) LOS objects, 38% free, 26MB/42MB, paused 201us total 15.361ms
08-04 01:14:27.806 29472 29483 I art     : Starting a blocking GC Explicit
08-04 01:14:27.818 29472 29483 I art     : Explicit concurrent mark sweep GC freed 3(96B) AllocSpace objects, 0(0B) LOS objects, 38% free, 26MB/42MB, paused 163us total 11.534ms
08-04 01:14:27.824 29472 29483 I art     : Starting a blocking GC Explicit
08-04 01:14:27.824 24161 24161 I ServiceManager: Waiting for service AtCmdFwd...
08-04 01:14:27.835 29472 29483 I art     : Explicit concurrent mark sweep GC freed 3(96B) AllocSpace objects, 0(0B) LOS objects, 38% free, 26MB/42MB, paused 163us total 11.125ms
08-04 01:14:27.842 29472 29483 I art     : Starting a blocking GC Explicit
08-04 01:14:27.852 29472 29483 I art     : Explicit concurrent mark sweep GC freed 3(96B) AllocSpace objects, 0(0B) LOS objects, 38% free, 26MB/42MB, paused 163us total 10.375ms
08-04 01:14:28.113 29472 29484 I art     : Starting a blocking GC Explicit
08-04 01:14:28.128 29472 29484 I art     : Explicit concurrent mark sweep GC freed 1381(80KB) AllocSpace objects, 1(20KB) LOS objects, 38% free, 26MB/42MB, paused 199us total 15.363ms
08-04 01:14:28.135 29472 29484 I art     : Starting a blocking GC Explicit
08-04 01:14:28.147 29472 29484 I art     : Explicit concurrent mark sweep GC freed 20(704B) AllocSpace objects, 0(0B) LOS objects, 38% free, 26MB/42MB, paused 224us total 12.172ms
08-04 01:14:28.154 29472 29484 I art     : Starting a blocking GC Explicit
08-04 01:14:28.165 29472 29484 I art     : Explicit concurrent mark sweep GC freed 3(96B) AllocSpace objects, 0(0B) LOS objects, 38% free, 26MB/42MB, paused 181us total 11.516ms
08-04 01:14:28.172 29472 29484 I art     : Starting a blocking GC Explicit
08-04 01:14:28.183 29472 29484 I art     : Explicit concurrent mark sweep GC freed 3(96B) AllocSpace objects, 0(0B) LOS objects, 38% free, 26MB/42MB, paused 178us total 11.308ms
08-04 01:14:28.189 29472 29484 I art     : Starting a blocking GC Explicit
08-04 01:14:28.201 29472 29484 I art     : Explicit concurrent mark sweep GC freed 3(96B) AllocSpace objects, 0(0B) LOS objects, 38% free, 26MB/42MB, paused 188us total 11.415ms
08-04 01:14:28.499 29472 29483 I art     : Starting a blocking GC Explicit
08-04 01:14:28.515 29472 29483 I art     : Explicit concurrent mark sweep GC freed 1379(80KB) AllocSpace objects, 1(20KB) LOS objects, 38% free, 26MB/42MB, paused 206us total 15.102ms
08-04 01:14:28.525 29472 29483 I art     : Starting a blocking GC Explicit
08-04 01:14:28.537 29472 29483 I art     : Explicit concurrent mark sweep GC freed 20(704B) AllocSpace objects, 0(0B) LOS objects, 38% free, 26MB/42MB, paused 209us total 12.077ms
08-04 01:14:28.543 29472 29483 I art     : Starting a blocking GC Explicit
08-04 01:14:28.554 29472 29483 I art     : Explicit concurrent mark sweep GC freed 3(96B) AllocSpace objects, 0(0B) LOS objects, 38% free, 26MB/42MB, paused 162us total 11.240ms
08-04 01:14:28.561 29472 29483 I art     : Starting a blocking GC Explicit
08-04 01:14:28.573 29472 29483 I art     : Explicit concurrent mark sweep GC freed 3(96B) AllocSpace objects, 0(0B) LOS objects, 38% free, 26MB/42MB, paused 175us total 11.807ms
08-04 01:14:28.579 29472 29483 I art     : Starting a blocking GC Explicit
08-04 01:14:28.590 29472 29483 I art     : Explicit concurrent mark sweep GC freed 3(96B) AllocSpace objects, 0(0B) LOS objects, 38% free, 26MB/42MB, paused 172us total 11.415ms
08-04 01:14:28.825 24161 24161 I ServiceManager: Waiting for service AtCmdFwd...
08-04 01:14:28.914 29472 29484 I art     : Starting a blocking GC Explicit
08-04 01:14:28.932 29472 29484 I art     : Explicit concurrent mark sweep GC freed 1379(80KB) AllocSpace objects, 1(20KB) LOS objects, 38% free, 26MB/42MB, paused 243us total 17.841ms
08-04 01:14:28.941 29472 29484 I art     : Starting a blocking GC Explicit
08-04 01:14:28.954 29472 29484 I art     : Explicit concurrent mark sweep GC freed 20(704B) AllocSpace objects, 0(0B) LOS objects, 38% free, 26MB/42MB, paused 198us total 12.511ms
08-04 01:14:28.961 29472 29484 I art     : Starting a blocking GC Explicit
08-04 01:14:28.973 29472 29484 I art     : Explicit concurrent mark sweep GC freed 3(96B) AllocSpace objects, 0(0B) LOS objects, 38% free, 26MB/42MB, paused 188us total 12.112ms
08-04 01:14:28.979 29472 29484 I art     : Starting a blocking GC Explicit
08-04 01:14:28.991 29472 29484 I art     : Explicit concurrent mark sweep GC freed 3(96B) AllocSpace objects, 0(0B) LOS objects, 38% free, 26MB/42MB, paused 181us total 11.417ms
08-04 01:14:28.997 29472 29484 I art     : Starting a blocking GC Explicit
08-04 01:14:29.009 29472 29484 I art     : Explicit concurrent mark sweep GC freed 3(96B) AllocSpace objects, 0(0B) LOS objects, 38% free, 26MB/42MB, paused 191us total 11.695ms
08-04 01:14:29.290 29472 29483 I art     : Starting a blocking GC Explicit
08-04 01:14:29.308 29472 29483 I art     : Explicit concurrent mark sweep GC freed 1378(80KB) AllocSpace objects, 1(20KB) LOS objects, 38% free, 26MB/42MB, paused 214us total 17.018ms
08-04 01:14:29.316 29472 29483 I art     : Starting a blocking GC Explicit
08-04 01:14:29.329 29472 29483 I art     : Explicit concurrent mark sweep GC freed 20(704B) AllocSpace objects, 0(0B) LOS objects, 38% free, 26MB/42MB, paused 180us total 12.187ms
08-04 01:14:29.335 29472 29483 I art     : Starting a blocking GC Explicit
08-04 01:14:29.347 29472 29483 I art     : Explicit concurrent mark sweep GC freed 3(96B) AllocSpace objects, 0(0B) LOS objects, 38% free, 26MB/42MB, paused 198us total 11.609ms
08-04 01:14:29.353 29472 29483 I art     : Starting a blocking GC Explicit
08-04 01:14:29.365 29472 29483 I art     : Explicit concurrent mark sweep GC freed 3(96B) AllocSpace objects, 0(0B) LOS objects, 38% free, 26MB/42MB, paused 167us total 11.388ms
08-04 01:14:29.371 29472 29483 I art     : Starting a blocking GC Explicit
08-04 01:14:29.383 29472 29483 I art     : Explicit concurrent mark sweep GC freed 3(96B) AllocSpace objects, 0(0B) LOS objects, 38% free, 26MB/42MB, paused 175us total 11.730ms
08-04 01:14:29.667 29472 29484 I art     : Starting a blocking GC Explicit
08-04 01:14:29.683 29472 29484 I art     : Explicit concurrent mark sweep GC freed 1378(80KB) AllocSpace objects, 1(20KB) LOS objects, 38% free, 26MB/42MB, paused 223us total 15.366ms
08-04 01:14:29.693 29472 29484 I art     : Starting a blocking GC Explicit
08-04 01:14:29.705 29472 29484 I art     : Explicit concurrent mark sweep GC freed 20(704B) AllocSpace objects, 0(0B) LOS objects, 38% free, 26MB/42MB, paused 184us total 12.008ms
08-04 01:14:29.711 29472 29484 I art     : Starting a blocking GC Explicit
08-04 01:14:29.723 29472 29484 I art     : Explicit concurrent mark sweep GC freed 3(96B) AllocSpace objects, 0(0B) LOS objects, 38% free, 26MB/42MB, paused 196us total 11.491ms
08-04 01:14:29.729 29472 29484 I art     : Starting a blocking GC Explicit
08-04 01:14:29.741 29472 29484 I art     : Explicit concurrent mark sweep GC freed 3(96B) AllocSpace objects, 0(0B) LOS objects, 38% free, 26MB/42MB, paused 186us total 11.836ms
08-04 01:14:29.747 29472 29484 I art     : Starting a blocking GC Explicit
08-04 01:14:29.759 29472 29484 I art     : Explicit concurrent mark sweep GC freed 3(96B) AllocSpace objects, 0(0B) LOS objects, 38% free, 26MB/42MB, paused 179us total 11.433ms
08-04 01:14:29.825 24161 24161 W Atfwd_Sendcmd: AtCmdFwd service not published, waiting... retryCnt : 1
08-04 01:14:30.051 29472 29483 I art     : Starting a blocking GC Explicit
08-04 01:14:30.070 29472 29483 I art     : Explicit concurrent mark sweep GC freed 1378(80KB) AllocSpace objects, 1(20KB) LOS objects, 38% free, 26MB/42MB, paused 224us total 18.457ms
08-04 01:14:30.081 29472 29483 I art     : Starting a blocking GC Explicit
08-04 01:14:30.092 29472 29483 I art     : Explicit concurrent mark sweep GC freed 20(704B) AllocSpace objects, 0(0B) LOS objects, 38% free, 26MB/42MB, paused 168us total 11.313ms
08-04 01:14:30.099 29472 29483 I art     : Starting a blocking GC Explicit
08-04 01:14:30.110 29472 29483 I art     : Explicit concurrent mark sweep GC freed 3(96B) AllocSpace objects, 0(0B) LOS objects, 38% free, 26MB/42MB, paused 170us total 11.599ms
08-04 01:14:30.117 29472 29483 I art     : Starting a blocking GC Explicit
08-04 01:14:30.129 29472 29483 I art     : Explicit concurrent mark sweep GC freed 3(96B) AllocSpace objects, 0(0B) LOS objects, 38% free, 26MB/42MB, paused 176us total 11.376ms
08-04 01:14:30.135 29472 29483 I art     : Starting a blocking GC Explicit
08-04 01:14:30.146 29472 29483 I art     : Explicit concurrent mark sweep GC freed 3(96B) AllocSpace objects, 0(0B) LOS objects, 38% free, 26MB/42MB, paused 172us total 11.627ms
08-04 01:14:30.440 29472 29484 I art     : Starting a blocking GC Explicit
08-04 01:14:30.457 29472 29484 I art     : Explicit concurrent mark sweep GC freed 1378(80KB) AllocSpace objects, 1(20KB) LOS objects, 38% free, 26MB/42MB, paused 248us total 16.818ms
08-04 01:14:30.466 29472 29484 I art     : Starting a blocking GC Explicit
08-04 01:14:30.478 29472 29484 I art     : Explicit concurrent mark sweep GC freed 20(704B) AllocSpace objects, 0(0B) LOS objects, 38% free, 26MB/42MB, paused 192us total 12.078ms
08-04 01:14:30.485 29472 29484 I art     : Starting a blocking GC Explicit
08-04 01:14:30.497 29472 29484 I art     : Explicit concurrent mark sweep GC freed 3(96B) AllocSpace objects, 0(0B) LOS objects, 38% free, 26MB/42MB, paused 195us total 12.186ms
08-04 01:14:30.503 29472 29484 I art     : Starting a blocking GC Explicit
08-04 01:14:30.515 29472 29484 I art     : Explicit concurrent mark sweep GC freed 3(96B) AllocSpace objects, 0(0B) LOS objects, 38% free, 26MB/42MB, paused 182us total 11.826ms
08-04 01:14:30.522 29472 29484 I art     : Starting a blocking GC Explicit
08-04 01:14:30.534 29472 29484 I art     : Explicit concurrent mark sweep GC freed 3(96B) AllocSpace objects, 0(0B) LOS objects, 38% free, 26MB/42MB, paused 184us total 11.690ms
08-04 01:14:30.822 29472 29483 I art     : Starting a blocking GC Explicit
08-04 01:14:30.839 29472 29483 I art     : Explicit concurrent mark sweep GC freed 1378(80KB) AllocSpace objects, 1(20KB) LOS objects, 38% free, 26MB/42MB, paused 203us total 16.804ms
08-04 01:14:30.848 29472 29483 I art     : Starting a blocking GC Explicit
08-04 01:14:30.861 29472 29483 I art     : Explicit concurrent mark sweep GC freed 20(704B) AllocSpace objects, 0(0B) LOS objects, 38% free, 26MB/42MB, paused 177us total 12.364ms
08-04 01:14:30.867 29472 29483 I art     : Starting a blocking GC Explicit
08-04 01:14:30.879 29472 29483 I art     : Explicit concurrent mark sweep GC freed 3(96B) AllocSpace objects, 0(0B) LOS objects, 38% free, 26MB/42MB, paused 176us total 11.667ms
08-04 01:14:30.886 29472 29483 I art     : Starting a blocking GC Explicit
08-04 01:14:30.898 29472 29483 I art     : Explicit concurrent mark sweep GC freed 3(96B) AllocSpace objects, 0(0B) LOS objects, 38% free, 26MB/42MB, paused 171us total 11.745ms
08-04 01:14:30.904 29472 29483 I art     : Starting a blocking GC Explicit
08-04 01:14:30.915 29472 29483 I art     : Explicit concurrent mark sweep GC freed 3(96B) AllocSpace objects, 0(0B) LOS objects, 38% free, 26MB/42MB, paused 160us total 11.096ms
08-04 01:14:31.229 29472 29484 I art     : Starting a blocking GC Explicit
08-04 01:14:31.248 29472 29484 I art     : Explicit concurrent mark sweep GC freed 1377(80KB) AllocSpace objects, 1(20KB) LOS objects, 38% free, 26MB/42MB, paused 466us total 18.186ms
08-04 01:14:31.259 29472 29484 I art     : Starting a blocking GC Explicit
08-04 01:14:31.271 29472 29484 I art     : Explicit concurrent mark sweep GC freed 20(704B) AllocSpace objects, 0(0B) LOS objects, 38% free, 26MB/42MB, paused 183us total 12.068ms
08-04 01:14:31.278 29472 29484 I art     : Starting a blocking GC Explicit
08-04 01:14:31.289 29472 29484 I art     : Explicit concurrent mark sweep GC freed 3(96B) AllocSpace objects, 0(0B) LOS objects, 38% free, 26MB/42MB, paused 175us total 11.665ms
08-04 01:14:31.295 29472 29484 I art     : Starting a blocking GC Explicit
08-04 01:14:31.307 29472 29484 I art     : Explicit concurrent mark sweep GC freed 3(96B) AllocSpace objects, 0(0B) LOS objects, 38% free, 26MB/42MB, paused 237us total 11.114ms
08-04 01:14:31.313 29472 29484 I art     : Starting a blocking GC Explicit
08-04 01:14:31.324 29472 29484 I art     : Explicit concurrent mark sweep GC freed 3(96B) AllocSpace objects, 0(0B) LOS objects, 38% free, 26MB/42MB, paused 182us total 11.592ms
08-04 01:14:31.588 29472 29483 I art     : Starting a blocking GC Explicit
08-04 01:14:31.601 29472 29483 I art     : Explicit concurrent mark sweep GC freed 1378(80KB) AllocSpace objects, 1(20KB) LOS objects, 38% free, 26MB/42MB, paused 195us total 12.848ms
08-04 01:14:31.608 29472 29483 I art     : Starting a blocking GC Explicit
08-04 01:14:31.619 29472 29483 I art     : Explicit concurrent mark sweep GC freed 20(704B) AllocSpace objects, 0(0B) LOS objects, 38% free, 26MB/42MB, paused 196us total 10.877ms
08-04 01:14:31.625 29472 29483 I art     : Starting a blocking GC Explicit
08-04 01:14:31.635 29472 29483 I art     : Explicit concurrent mark sweep GC freed 3(96B) AllocSpace objects, 0(0B) LOS objects, 38% free, 26MB/42MB, paused 150us total 9.982ms
08-04 01:14:31.641 29472 29483 I art     : Starting a blocking GC Explicit
08-04 01:14:31.650 29472 29483 I art     : Explicit concurrent mark sweep GC freed 3(96B) AllocSpace objects, 0(0B) LOS objects, 38% free, 26MB/42MB, paused 150us total 9.459ms
08-04 01:14:31.656 29472 29483 I art     : Starting a blocking GC Explicit
08-04 01:14:31.666 29472 29483 I art     : Explicit concurrent mark sweep GC freed 3(96B) AllocSpace objects, 0(0B) LOS objects, 38% free, 26MB/42MB, paused 153us total 10.358ms
08-04 01:14:31.897 29472 29484 I art     : Starting a blocking GC Explicit
08-04 01:14:31.909 29472 29484 I art     : Explicit concurrent mark sweep GC freed 1378(80KB) AllocSpace objects, 1(20KB) LOS objects, 38% free, 26MB/42MB, paused 193us total 12.033ms
08-04 01:14:31.915 29472 29484 I art     : Starting a blocking GC Explicit
08-04 01:14:31.926 29472 29484 I art     : Explicit concurrent mark sweep GC freed 20(704B) AllocSpace objects, 0(0B) LOS objects, 38% free, 26MB/42MB, paused 185us total 11.371ms
08-04 01:14:31.932 29472 29484 I art     : Starting a blocking GC Explicit
08-04 01:14:31.944 29472 29484 I art     : Explicit concurrent mark sweep GC freed 3(96B) AllocSpace objects, 0(0B) LOS objects, 38% free, 26MB/42MB, paused 186us total 11.711ms
08-04 01:14:31.950 29472 29484 I art     : Starting a blocking GC Explicit
08-04 01:14:31.962 29472 29484 I art     : Explicit concurrent mark sweep GC freed 3(96B) AllocSpace objects, 0(0B) LOS objects, 38% free, 26MB/42MB, paused 180us total 11.117ms
08-04 01:14:31.967 29472 29484 I art     : Starting a blocking GC Explicit
08-04 01:14:31.979 29472 29484 I art     : Explicit concurrent mark sweep GC freed 3(96B) AllocSpace objects, 0(0B) LOS objects, 38% free, 26MB/42MB, paused 210us total 11.129ms
08-04 01:14:31.987 29696 29696 D AndroidRuntime: >>>>>> START com.android.internal.os.RuntimeInit uid 2000 <<<<<<
08-04 01:14:31.991 29696 29696 D AndroidRuntime: CheckJNI is OFF
08-04 01:14:32.015 29696 29696 D ICU     : No timezone override file found: /data/misc/zoneinfo/current/icu/icu_tzdata.dat
08-04 01:14:32.040 29696 29696 I Radio-JNI: register_android_hardware_Radio DONE
08-04 01:14:32.056 29696 29696 D AndroidRuntime: Calling main entry com.android.commands.input.Input
08-04 01:14:32.057 29696 29696 I Input   : injectMotionEvent: MotionEvent { action=ACTION_DOWN, actionButton=0, id[0]=0, x[0]=594.0, y[0]=330.0, toolType[0]=TOOL_TYPE_UNKNOWN, buttonState=0, metaState=0, flags=0x0, edgeFlags=0x0, pointerCount=1, historySize=0, eventTime=666888470, downTime=666888470, deviceId=0, source=0x1002 }
08-04 01:14:32.064 29696 29696 I Input   : injectMotionEvent: MotionEvent { action=ACTION_UP, actionButton=0, id[0]=0, x[0]=594.0, y[0]=330.0, toolType[0]=TOOL_TYPE_UNKNOWN, buttonState=0, metaState=0, flags=0x0, edgeFlags=0x0, pointerCount=1, historySize=0, eventTime=666888470, downTime=666888470, deviceId=0, source=0x1002 }
08-04 01:14:32.067 29696 29696 D AndroidRuntime: Shutting down VM
08-04 01:14:32.138   918  3961 I ActivityManager: START u0 {cmp=baseline.com.newsblur/.activity.GlobalSharedStoriesItemsList (has extras)} from uid 10652 on display 0
08-04 01:14:32.161 29472 29730 I baseline.com.newsblur.database.BlurDatabaseHelper: reading session reset
08-04 01:14:32.196 29472 29484 I art     : Starting a blocking GC Explicit
08-04 01:14:32.209 29472 29484 I art     : Explicit concurrent mark sweep GC freed 5784(463KB) AllocSpace objects, 7(264KB) LOS objects, 36% free, 27MB/43MB, paused 224us total 13.036ms
08-04 01:14:32.215 29472 29484 I art     : Starting a blocking GC Explicit
08-04 01:14:32.227 29472 29484 I art     : Explicit concurrent mark sweep GC freed 255(15KB) AllocSpace objects, 0(0B) LOS objects, 36% free, 27MB/43MB, paused 251us total 12.064ms
08-04 01:14:32.233 29472 29484 I art     : Starting a blocking GC Explicit
08-04 01:14:32.245 29472 29484 I art     : Explicit concurrent mark sweep GC freed 650(52KB) AllocSpace objects, 1(20KB) LOS objects, 36% free, 27MB/43MB, paused 222us total 12.186ms
08-04 01:14:32.252 29472 29484 I art     : Starting a blocking GC Explicit
08-04 01:14:32.263 29472 29484 I art     : Explicit concurrent mark sweep GC freed 99(4KB) AllocSpace objects, 0(0B) LOS objects, 36% free, 27MB/43MB, paused 201us total 11.389ms
08-04 01:14:32.269 29472 29484 I art     : Starting a blocking GC Explicit
08-04 01:14:32.286 29472 29484 I art     : Explicit concurrent mark sweep GC freed 228(29KB) AllocSpace objects, 1(20KB) LOS objects, 36% free, 27MB/43MB, paused 409us total 17.102ms
08-04 01:14:32.290 29472 29472 W View    : requestLayout() improperly called by android.widget.FrameLayout{9a9ae5e V.E...... ......ID 0,0-1440,0 #7f07003f app:id/footer_view_inner} during layout: running second layout pass
08-04 01:14:32.290 29472 29472 W View    : requestLayout() improperly called by android.widget.FrameLayout{b14123f V.E...... ......ID 0,0-1440,2091 #7f07003f app:id/footer_view_inner} during layout: running second layout pass
08-04 01:14:32.305   918   936 I ActivityManager: Displayed baseline.com.newsblur/.activity.GlobalSharedStoriesItemsList: +154ms
08-04 01:14:32.305 13866 13866 I GoogleInputMethodServic: GoogleInputMethodService.onFinishInput():3138 
08-04 01:14:32.306 13866 13866 I GoogleInputMethodServic: GoogleInputMethodService.onStartInput():1808 
08-04 01:14:32.513 29472 29731 I art     : Starting a blocking GC Explicit
08-04 01:14:32.533 29472 29731 I art     : Explicit concurrent mark sweep GC freed 3314(245KB) AllocSpace objects, 6(120KB) LOS objects, 36% free, 27MB/43MB, paused 245us total 19.312ms
08-04 01:14:32.541 29472 29731 I art     : Starting a blocking GC Explicit
08-04 01:14:32.555 29472 29731 I art     : Explicit concurrent mark sweep GC freed 315(27KB) AllocSpace objects, 1(20KB) LOS objects, 36% free, 27MB/43MB, paused 244us total 13.243ms
08-04 01:14:32.562 29472 29731 I art     : Starting a blocking GC Explicit
08-04 01:14:32.576 29472 29731 I art     : Explicit concurrent mark sweep GC freed 10(384B) AllocSpace objects, 0(0B) LOS objects, 36% free, 27MB/43MB, paused 343us total 13.950ms
08-04 01:14:32.582 29472 29731 I art     : Starting a blocking GC Explicit
08-04 01:14:32.594 29472 29731 I art     : Explicit concurrent mark sweep GC freed 115(4KB) AllocSpace objects, 0(0B) LOS objects, 36% free, 27MB/43MB, paused 247us total 12.194ms
08-04 01:14:32.600 29472 29731 I art     : Starting a blocking GC Explicit
08-04 01:14:32.611 29472 29731 I art     : Explicit concurrent mark sweep GC freed 4(128B) AllocSpace objects, 0(0B) LOS objects, 36% free, 27MB/43MB, paused 231us total 11.112ms
08-04 01:14:32.882 29472 29731 I art     : Starting a blocking GC Explicit
08-04 01:14:32.889 29472 29733 I NAPPA_EXPERIMENTATION: MetricNetworkRequestExecutionTime: REQUEST_DURATION_SYSTEM='571',REQUEST_DURATION_OKHTTP='33',REQUEST_SYNCHRONOUS='TRUE',RESPONSE_CODE='200',RESPONSE_METHOD='GET',RESPONSE_LENGTH_OKHTTP='-1',RESPONSE_LENGTH_HEADER='13047',REQUEST_PROTOCOL='http/1.1',REQUEST_URL='https://www.newsblur.com/social/river_stories?order=newest&page=1&read_filter=all&global_feed=true',
08-04 01:14:32.889 29472 29733 D MY_TAG  : 0, 571
08-04 01:14:32.899 29472 29731 I art     : Explicit concurrent mark sweep GC freed 3985(221KB) AllocSpace objects, 4(220KB) LOS objects, 36% free, 27MB/43MB, paused 326us total 16.603ms
08-04 01:14:32.906 29472 29731 I art     : Starting a blocking GC Explicit
08-04 01:14:32.921 29472 29731 I art     : Explicit concurrent mark sweep GC freed 12004(670KB) AllocSpace objects, 5(232KB) LOS objects, 36% free, 27MB/43MB, paused 582us total 14.588ms
08-04 01:14:32.927 29472 29731 I art     : Starting a blocking GC Explicit
08-04 01:14:32.941 29472 29731 I art     : Explicit concurrent mark sweep GC freed 6312(587KB) AllocSpace objects, 8(156KB) LOS objects, 36% free, 27MB/43MB, paused 599us total 14.189ms
08-04 01:14:32.947 29472 29731 I art     : Starting a blocking GC Explicit
08-04 01:14:32.962 29472 29731 I art     : Explicit concurrent mark sweep GC freed 12189(688KB) AllocSpace objects, 6(120KB) LOS objects, 36% free, 27MB/43MB, paused 379us total 14.630ms
08-04 01:14:32.967 29472 29731 I art     : Starting a blocking GC Explicit
08-04 01:14:32.981 29472 29731 I art     : Explicit concurrent mark sweep GC freed 1512(123KB) AllocSpace objects, 3(148KB) LOS objects, 36% free, 27MB/43MB, paused 469us total 13.137ms
08-04 01:14:33.111 29472 29764 I NAPPA_EXPERIMENTATION: MetricNetworkRequestExecutionTime: REQUEST_DURATION_SYSTEM='36',REQUEST_DURATION_OKHTTP='32',REQUEST_SYNCHRONOUS='TRUE',RESPONSE_CODE='200',RESPONSE_METHOD='GET',RESPONSE_LENGTH_OKHTTP='43',RESPONSE_LENGTH_HEADER='43',REQUEST_PROTOCOL='http/1.1',REQUEST_URL='http://feeds.feedburner.com/~r/retort/~4/UffaFMiJbNs',
08-04 01:14:33.238 29472 29745 I art     : Starting a blocking GC Explicit
08-04 01:14:33.257 29472 29745 I art     : Explicit concurrent mark sweep GC freed 12599(890KB) AllocSpace objects, 26(660KB) LOS objects, 35% free, 28MB/44MB, paused 509us total 19.321ms
08-04 01:14:33.264 29472 29745 I art     : Starting a blocking GC Explicit
08-04 01:14:33.281 29472 29745 I art     : Explicit concurrent mark sweep GC freed 3240(271KB) AllocSpace objects, 0(0B) LOS objects, 36% free, 28MB/44MB, paused 488us total 16.609ms
08-04 01:14:33.288 29472 29745 I art     : Starting a blocking GC Explicit
08-04 01:14:33.303 29472 29745 I art     : Explicit concurrent mark sweep GC freed 3(96B) AllocSpace objects, 0(0B) LOS objects, 36% free, 28MB/44MB, paused 428us total 15.575ms
08-04 01:14:33.311 29472 29745 I art     : Starting a blocking GC Explicit
08-04 01:14:33.325 29472 29745 I art     : Explicit concurrent mark sweep GC freed 3(96B) AllocSpace objects, 0(0B) LOS objects, 36% free, 28MB/44MB, paused 427us total 13.834ms
08-04 01:14:33.332 29472 29745 I art     : Starting a blocking GC Explicit
08-04 01:14:33.346 29472 29745 I art     : Explicit concurrent mark sweep GC freed 1224(52KB) AllocSpace objects, 0(0B) LOS objects, 36% free, 28MB/44MB, paused 544us total 14.561ms
08-04 01:14:33.382 29472 29766 I NAPPA_EXPERIMENTATION: MetricNetworkRequestExecutionTime: REQUEST_DURATION_SYSTEM='299',REQUEST_DURATION_OKHTTP='145',REQUEST_SYNCHRONOUS='TRUE',RESPONSE_CODE='200',RESPONSE_METHOD='GET',RESPONSE_LENGTH_OKHTTP='79351',RESPONSE_LENGTH_HEADER='79351',REQUEST_PROTOCOL='h2',REQUEST_URL='https://images.fastcompany.net/image/upload/w_1280,q_auto,f_auto,fl_lossy/wp-cms/uploads/2020/07/p-1-90532920-this-chart-shows-how-effective-masks-can-be.png',
08-04 01:14:33.507 29472 29763 I NAPPA_EXPERIMENTATION: MetricNetworkRequestExecutionTime: REQUEST_DURATION_SYSTEM='459',REQUEST_DURATION_OKHTTP='30',REQUEST_SYNCHRONOUS='TRUE',RESPONSE_CODE='200',RESPONSE_METHOD='GET',RESPONSE_LENGTH_OKHTTP='145',RESPONSE_LENGTH_HEADER='145',REQUEST_PROTOCOL='http/1.1',REQUEST_URL='https://s3.amazonaws.com/icons.newsblur.com/6882243.png',
08-04 01:14:33.544 29472 29767 I NAPPA_EXPERIMENTATION: MetricNetworkRequestExecutionTime: REQUEST_DURATION_SYSTEM='481',REQUEST_DURATION_OKHTTP='66',REQUEST_SYNCHRONOUS='TRUE',RESPONSE_CODE='200',RESPONSE_METHOD='GET',RESPONSE_LENGTH_OKHTTP='477',RESPONSE_LENGTH_HEADER='477',REQUEST_PROTOCOL='http/1.1',REQUEST_URL='https://s3.amazonaws.com/icons.newsblur.com/5762506.png',
08-04 01:14:33.546   918  3261 D WifiStateMachine: starting scan for "H369AA63323"WPA_PSK with 2412,5180
08-04 01:14:33.547 29472 29765 I NAPPA_EXPERIMENTATION: MetricNetworkRequestExecutionTime: REQUEST_DURATION_SYSTEM='492',REQUEST_DURATION_OKHTTP='48',REQUEST_SYNCHRONOUS='TRUE',RESPONSE_CODE='200',RESPONSE_METHOD='GET',RESPONSE_LENGTH_OKHTTP='243',RESPONSE_LENGTH_HEADER='243',REQUEST_PROTOCOL='http/1.1',REQUEST_URL='https://s3.amazonaws.com/icons.newsblur.com/18178.png',
08-04 01:14:33.605 29472 29483 I art     : Starting a blocking GC Explicit
08-04 01:14:33.626 29472 29483 I art     : Explicit concurrent mark sweep GC freed 13531(696KB) AllocSpace objects, 14(3MB) LOS objects, 34% free, 30MB/46MB, paused 322us total 20.636ms
08-04 01:14:33.634 29472 29483 I art     : Starting a blocking GC Explicit
08-04 01:14:33.651 29472 29483 I art     : Explicit concurrent mark sweep GC freed 418(14KB) AllocSpace objects, 0(0B) LOS objects, 34% free, 30MB/46MB, paused 632us total 17.409ms
08-04 01:14:33.658 29472 29483 I art     : Starting a blocking GC Explicit
08-04 01:14:33.672 29472 29483 I art     : Explicit concurrent mark sweep GC freed 8(304B) AllocSpace objects, 0(0B) LOS objects, 34% free, 30MB/46MB, paused 288us total 13.729ms
08-04 01:14:33.679 29472 29483 I art     : Starting a blocking GC Explicit
08-04 01:14:33.692 29472 29483 I art     : Explicit concurrent mark sweep GC freed 6(192B) AllocSpace objects, 0(0B) LOS objects, 34% free, 30MB/46MB, paused 285us total 13.432ms
08-04 01:14:33.699 29472 29483 I art     : Starting a blocking GC Explicit
08-04 01:14:33.712 29472 29483 I art     : Explicit concurrent mark sweep GC freed 3(96B) AllocSpace objects, 0(0B) LOS objects, 34% free, 30MB/46MB, paused 299us total 13.375ms
08-04 01:14:34.025 29472 29731 I art     : Starting a blocking GC Explicit
08-04 01:14:34.044 29472 29731 I art     : Explicit concurrent mark sweep GC freed 1389(82KB) AllocSpace objects, 1(20KB) LOS objects, 34% free, 30MB/46MB, paused 362us total 18.677ms
08-04 01:14:34.055 29472 29731 I art     : Starting a blocking GC Explicit
08-04 01:14:34.070 29472 29731 I art     : Explicit concurrent mark sweep GC freed 20(704B) AllocSpace objects, 0(0B) LOS objects, 34% free, 30MB/46MB, paused 330us total 14.756ms
08-04 01:14:34.077 29472 29731 I art     : Starting a blocking GC Explicit
08-04 01:14:34.092 29472 29731 I art     : Explicit concurrent mark sweep GC freed 3(96B) AllocSpace objects, 0(0B) LOS objects, 34% free, 30MB/46MB, paused 321us total 14.627ms
08-04 01:14:34.098 29472 29731 I art     : Starting a blocking GC Explicit
08-04 01:14:34.113 29472 29731 I art     : Explicit concurrent mark sweep GC freed 3(96B) AllocSpace objects, 0(0B) LOS objects, 34% free, 30MB/46MB, paused 322us total 14.691ms
08-04 01:14:34.119 29472 29731 I art     : Starting a blocking GC Explicit
08-04 01:14:34.134 29472 29731 I art     : Explicit concurrent mark sweep GC freed 3(96B) AllocSpace objects, 0(0B) LOS objects, 34% free, 30MB/46MB, paused 311us total 14.693ms
08-04 01:14:34.462 29472 29483 I art     : Starting a blocking GC Explicit
08-04 01:14:34.483 29472 29483 I art     : Explicit concurrent mark sweep GC freed 1389(80KB) AllocSpace objects, 1(20KB) LOS objects, 34% free, 30MB/46MB, paused 507us total 19.921ms
08-04 01:14:34.491 29472 29483 I art     : Starting a blocking GC Explicit
08-04 01:14:34.507 29472 29483 I art     : Explicit concurrent mark sweep GC freed 20(704B) AllocSpace objects, 0(0B) LOS objects, 34% free, 30MB/46MB, paused 412us total 15.020ms
08-04 01:14:34.513 29472 29483 I art     : Starting a blocking GC Explicit
08-04 01:14:34.528 29472 29483 I art     : Explicit concurrent mark sweep GC freed 3(96B) AllocSpace objects, 0(0B) LOS objects, 34% free, 30MB/46MB, paused 321us total 14.584ms
08-04 01:14:34.534 29472 29483 I art     : Starting a blocking GC Explicit
08-04 01:14:34.549 29472 29483 I art     : Explicit concurrent mark sweep GC freed 3(96B) AllocSpace objects, 0(0B) LOS objects, 34% free, 30MB/46MB, paused 335us total 14.521ms
08-04 01:14:34.555 29472 29483 I art     : Starting a blocking GC Explicit
08-04 01:14:34.570 29472 29483 I art     : Explicit concurrent mark sweep GC freed 3(96B) AllocSpace objects, 0(0B) LOS objects, 34% free, 30MB/46MB, paused 319us total 14.583ms
08-04 01:14:34.826 24161 24161 I ServiceManager: Waiting for service AtCmdFwd...
08-04 01:14:34.903 29472 29745 I art     : Starting a blocking GC Explicit
08-04 01:14:34.922 29472 29745 I art     : Explicit concurrent mark sweep GC freed 1388(80KB) AllocSpace objects, 1(20KB) LOS objects, 34% free, 30MB/46MB, paused 354us total 18.858ms
08-04 01:14:34.931 29472 29745 I art     : Starting a blocking GC Explicit
08-04 01:14:34.946 29472 29745 I art     : Explicit concurrent mark sweep GC freed 20(704B) AllocSpace objects, 0(0B) LOS objects, 34% free, 30MB/46MB, paused 320us total 14.915ms
08-04 01:14:34.952 29472 29745 I art     : Starting a blocking GC Explicit
08-04 01:14:34.967 29472 29745 I art     : Explicit concurrent mark sweep GC freed 3(96B) AllocSpace objects, 0(0B) LOS objects, 34% free, 30MB/46MB, paused 330us total 14.817ms
08-04 01:14:34.973 29472 29745 I art     : Starting a blocking GC Explicit
08-04 01:14:34.988 29472 29745 I art     : Explicit concurrent mark sweep GC freed 3(96B) AllocSpace objects, 0(0B) LOS objects, 34% free, 30MB/46MB, paused 325us total 14.675ms
08-04 01:14:34.994 29472 29745 I art     : Starting a blocking GC Explicit
08-04 01:14:35.009 29472 29745 I art     : Explicit concurrent mark sweep GC freed 3(96B) AllocSpace objects, 0(0B) LOS objects, 34% free, 30MB/46MB, paused 330us total 14.584ms
08-04 01:14:35.298 29472 29484 I art     : Starting a blocking GC Explicit
08-04 01:14:35.316 29472 29484 I art     : Explicit concurrent mark sweep GC freed 1388(80KB) AllocSpace objects, 1(20KB) LOS objects, 34% free, 30MB/46MB, paused 359us total 17.416ms
08-04 01:14:35.325 29472 29484 I art     : Starting a blocking GC Explicit
08-04 01:14:35.340 29472 29484 I art     : Explicit concurrent mark sweep GC freed 20(704B) AllocSpace objects, 0(0B) LOS objects, 34% free, 30MB/46MB, paused 354us total 14.901ms
08-04 01:14:35.346 29472 29484 I art     : Starting a blocking GC Explicit
08-04 01:14:35.361 29472 29484 I art     : Explicit concurrent mark sweep GC freed 3(96B) AllocSpace objects, 0(0B) LOS objects, 34% free, 30MB/46MB, paused 316us total 14.852ms
08-04 01:14:35.368 29472 29484 I art     : Starting a blocking GC Explicit
08-04 01:14:35.383 29472 29484 I art     : Explicit concurrent mark sweep GC freed 3(96B) AllocSpace objects, 0(0B) LOS objects, 34% free, 30MB/46MB, paused 327us total 14.793ms
08-04 01:14:35.389 29472 29484 I art     : Starting a blocking GC Explicit
08-04 01:14:35.405 29472 29484 I art     : Explicit concurrent mark sweep GC freed 3(96B) AllocSpace objects, 0(0B) LOS objects, 34% free, 30MB/46MB, paused 321us total 15.207ms
08-04 01:14:35.733 29472 29731 I art     : Starting a blocking GC Explicit
08-04 01:14:35.752 29472 29731 I art     : Explicit concurrent mark sweep GC freed 1389(80KB) AllocSpace objects, 1(20KB) LOS objects, 34% free, 30MB/46MB, paused 334us total 18.638ms
08-04 01:14:35.759 29472 29731 I art     : Starting a blocking GC Explicit
08-04 01:14:35.775 29472 29731 I art     : Explicit concurrent mark sweep GC freed 20(704B) AllocSpace objects, 0(0B) LOS objects, 34% free, 30MB/46MB, paused 334us total 15.751ms
08-04 01:14:35.782 29472 29731 I art     : Starting a blocking GC Explicit
08-04 01:14:35.797 29472 29731 I art     : Explicit concurrent mark sweep GC freed 3(96B) AllocSpace objects, 0(0B) LOS objects, 34% free, 30MB/46MB, paused 390us total 15.012ms
08-04 01:14:35.803 29472 29731 I art     : Starting a blocking GC Explicit
08-04 01:14:35.819 29472 29731 I art     : Explicit concurrent mark sweep GC freed 3(96B) AllocSpace objects, 0(0B) LOS objects, 34% free, 30MB/46MB, paused 309us total 15.172ms
08-04 01:14:35.825 29472 29731 I art     : Starting a blocking GC Explicit
08-04 01:14:35.827 24161 24161 I ServiceManager: Waiting for service AtCmdFwd...
08-04 01:14:35.840 29472 29731 I art     : Explicit concurrent mark sweep GC freed 3(96B) AllocSpace objects, 0(0B) LOS objects, 34% free, 30MB/46MB, paused 313us total 14.993ms
08-04 01:14:36.128 29472 29483 I art     : Starting a blocking GC Explicit
08-04 01:14:36.145 29472 29483 I art     : Explicit concurrent mark sweep GC freed 1388(80KB) AllocSpace objects, 1(20KB) LOS objects, 34% free, 30MB/46MB, paused 350us total 16.980ms
08-04 01:14:36.154 29472 29483 I art     : Starting a blocking GC Explicit
08-04 01:14:36.170 29472 29483 I art     : Explicit concurrent mark sweep GC freed 20(704B) AllocSpace objects, 0(0B) LOS objects, 34% free, 30MB/46MB, paused 337us total 15.666ms
08-04 01:14:36.176 29472 29483 I art     : Starting a blocking GC Explicit
08-04 01:14:36.191 29472 29483 I art     : Explicit concurrent mark sweep GC freed 3(96B) AllocSpace objects, 0(0B) LOS objects, 34% free, 30MB/46MB, paused 319us total 14.491ms
08-04 01:14:36.197 29472 29483 I art     : Starting a blocking GC Explicit
08-04 01:14:36.212 29472 29483 I art     : Explicit concurrent mark sweep GC freed 3(96B) AllocSpace objects, 0(0B) LOS objects, 34% free, 30MB/46MB, paused 316us total 14.583ms
08-04 01:14:36.218 29472 29483 I art     : Starting a blocking GC Explicit
08-04 01:14:36.233 29472 29483 I art     : Explicit concurrent mark sweep GC freed 3(96B) AllocSpace objects, 0(0B) LOS objects, 34% free, 30MB/46MB, paused 359us total 14.588ms
08-04 01:14:36.527 29472 29745 I art     : Starting a blocking GC Explicit
08-04 01:14:36.544 29472 29745 I art     : Explicit concurrent mark sweep GC freed 1388(80KB) AllocSpace objects, 1(20KB) LOS objects, 34% free, 30MB/46MB, paused 340us total 17.159ms
08-04 01:14:36.553 29472 29745 I art     : Starting a blocking GC Explicit
08-04 01:14:36.570 29472 29745 I art     : Explicit concurrent mark sweep GC freed 20(704B) AllocSpace objects, 0(0B) LOS objects, 34% free, 30MB/46MB, paused 318us total 17.115ms
08-04 01:14:36.576 29472 29745 I art     : Starting a blocking GC Explicit
08-04 01:14:36.591 29472 29745 I art     : Explicit concurrent mark sweep GC freed 3(96B) AllocSpace objects, 0(0B) LOS objects, 34% free, 30MB/46MB, paused 307us total 14.835ms
08-04 01:14:36.598 29472 29745 I art     : Starting a blocking GC Explicit
08-04 01:14:36.612 29472 29745 I art     : Explicit concurrent mark sweep GC freed 3(96B) AllocSpace objects, 0(0B) LOS objects, 34% free, 30MB/46MB, paused 319us total 14.734ms
08-04 01:14:36.619 29472 29745 I art     : Starting a blocking GC Explicit
08-04 01:14:36.634 29472 29745 I art     : Explicit concurrent mark sweep GC freed 3(96B) AllocSpace objects, 0(0B) LOS objects, 34% free, 30MB/46MB, paused 316us total 14.703ms
08-04 01:14:36.827 24161 24161 I ServiceManager: Waiting for service AtCmdFwd...
08-04 01:14:36.933 29472 29484 I art     : Starting a blocking GC Explicit
08-04 01:14:36.952 29472 29484 I art     : Explicit concurrent mark sweep GC freed 1388(80KB) AllocSpace objects, 1(20KB) LOS objects, 34% free, 30MB/46MB, paused 334us total 18.688ms
08-04 01:14:36.963 29472 29484 I art     : Starting a blocking GC Explicit
08-04 01:14:36.979 29472 29484 I art     : Explicit concurrent mark sweep GC freed 20(704B) AllocSpace objects, 0(0B) LOS objects, 34% free, 30MB/46MB, paused 310us total 14.975ms
08-04 01:14:36.985 29472 29484 I art     : Starting a blocking GC Explicit
08-04 01:14:37.000 29472 29484 I art     : Explicit concurrent mark sweep GC freed 3(96B) AllocSpace objects, 0(0B) LOS objects, 34% free, 30MB/46MB, paused 337us total 14.538ms
08-04 01:14:37.006 29472 29484 I art     : Starting a blocking GC Explicit
08-04 01:14:37.021 29472 29484 I art     : Explicit concurrent mark sweep GC freed 3(96B) AllocSpace objects, 0(0B) LOS objects, 34% free, 30MB/46MB, paused 375us total 14.704ms
08-04 01:14:37.027 29472 29484 I art     : Starting a blocking GC Explicit
08-04 01:14:37.042 29472 29484 I art     : Explicit concurrent mark sweep GC freed 3(96B) AllocSpace objects, 0(0B) LOS objects, 34% free, 30MB/46MB, paused 324us total 14.740ms
08-04 01:14:37.350 29472 29731 I art     : Starting a blocking GC Explicit
08-04 01:14:37.369 29472 29731 I art     : Explicit concurrent mark sweep GC freed 1388(80KB) AllocSpace objects, 1(20KB) LOS objects, 34% free, 30MB/46MB, paused 349us total 19.649ms
08-04 01:14:37.376 29472 29731 I art     : Starting a blocking GC Explicit
08-04 01:14:37.392 29472 29731 I art     : Explicit concurrent mark sweep GC freed 20(704B) AllocSpace objects, 0(0B) LOS objects, 34% free, 30MB/46MB, paused 324us total 15.448ms
08-04 01:14:37.399 29472 29731 I art     : Starting a blocking GC Explicit
08-04 01:14:37.415 29472 29731 I art     : Explicit concurrent mark sweep GC freed 3(96B) AllocSpace objects, 0(0B) LOS objects, 34% free, 30MB/46MB, paused 319us total 15.604ms
08-04 01:14:37.421 29472 29731 I art     : Starting a blocking GC Explicit
08-04 01:14:37.436 29472 29731 I art     : Explicit concurrent mark sweep GC freed 3(96B) AllocSpace objects, 0(0B) LOS objects, 34% free, 30MB/46MB, paused 329us total 15.162ms
08-04 01:14:37.443 29472 29731 I art     : Starting a blocking GC Explicit
08-04 01:14:37.458 29472 29731 I art     : Explicit concurrent mark sweep GC freed 3(96B) AllocSpace objects, 0(0B) LOS objects, 34% free, 30MB/46MB, paused 306us total 15.066ms
08-04 01:14:37.774 29472 29483 I art     : Starting a blocking GC Explicit
08-04 01:14:37.793 29472 29483 I art     : Explicit concurrent mark sweep GC freed 1388(80KB) AllocSpace objects, 1(20KB) LOS objects, 34% free, 30MB/46MB, paused 353us total 18.759ms
08-04 01:14:37.804 29472 29483 I art     : Starting a blocking GC Explicit
08-04 01:14:37.820 29472 29483 I art     : Explicit concurrent mark sweep GC freed 20(704B) AllocSpace objects, 0(0B) LOS objects, 34% free, 30MB/46MB, paused 318us total 14.934ms
08-04 01:14:37.826 29472 29483 I art     : Starting a blocking GC Explicit
08-04 01:14:37.828 24161 24161 I ServiceManager: Waiting for service AtCmdFwd...
08-04 01:14:37.841 29472 29483 I art     : Explicit concurrent mark sweep GC freed 3(96B) AllocSpace objects, 0(0B) LOS objects, 34% free, 30MB/46MB, paused 322us total 14.758ms
08-04 01:14:37.847 29472 29483 I art     : Starting a blocking GC Explicit
08-04 01:14:37.862 29472 29483 I art     : Explicit concurrent mark sweep GC freed 3(96B) AllocSpace objects, 0(0B) LOS objects, 34% free, 30MB/46MB, paused 320us total 14.639ms
08-04 01:14:37.868 29472 29483 I art     : Starting a blocking GC Explicit
08-04 01:14:37.883 29472 29483 I art     : Explicit concurrent mark sweep GC freed 3(96B) AllocSpace objects, 0(0B) LOS objects, 34% free, 30MB/46MB, paused 310us total 14.595ms
08-04 01:14:38.201 29472 29745 I art     : Starting a blocking GC Explicit
08-04 01:14:38.221 29472 29745 I art     : Explicit concurrent mark sweep GC freed 1388(80KB) AllocSpace objects, 1(20KB) LOS objects, 34% free, 30MB/46MB, paused 357us total 19.785ms
08-04 01:14:38.228 29472 29745 I art     : Starting a blocking GC Explicit
08-04 01:14:38.242 29472 29745 I art     : Explicit concurrent mark sweep GC freed 20(704B) AllocSpace objects, 0(0B) LOS objects, 34% free, 30MB/46MB, paused 314us total 13.614ms
08-04 01:14:38.249 29472 29745 I art     : Starting a blocking GC Explicit
08-04 01:14:38.263 29472 29745 I art     : Explicit concurrent mark sweep GC freed 3(96B) AllocSpace objects, 0(0B) LOS objects, 34% free, 30MB/46MB, paused 312us total 14.582ms
08-04 01:14:38.270 29472 29745 I art     : Starting a blocking GC Explicit
08-04 01:14:38.284 29472 29745 I art     : Explicit concurrent mark sweep GC freed 3(96B) AllocSpace objects, 0(0B) LOS objects, 34% free, 30MB/46MB, paused 327us total 14.487ms
08-04 01:14:38.291 29472 29745 I art     : Starting a blocking GC Explicit
08-04 01:14:38.305 29472 29745 I art     : Explicit concurrent mark sweep GC freed 3(96B) AllocSpace objects, 0(0B) LOS objects, 34% free, 30MB/46MB, paused 353us total 14.558ms
08-04 01:14:38.623 29472 29484 I art     : Starting a blocking GC Explicit
08-04 01:14:38.641 29472 29484 I art     : Explicit concurrent mark sweep GC freed 1388(80KB) AllocSpace objects, 1(20KB) LOS objects, 34% free, 30MB/46MB, paused 349us total 18.153ms
08-04 01:14:38.648 29472 29484 I art     : Starting a blocking GC Explicit
08-04 01:14:38.664 29472 29484 I art     : Explicit concurrent mark sweep GC freed 20(704B) AllocSpace objects, 0(0B) LOS objects, 34% free, 30MB/46MB, paused 328us total 15.802ms
08-04 01:14:38.671 29472 29484 I art     : Starting a blocking GC Explicit
08-04 01:14:38.687 29472 29484 I art     : Explicit concurrent mark sweep GC freed 3(96B) AllocSpace objects, 0(0B) LOS objects, 34% free, 30MB/46MB, paused 325us total 15.554ms
08-04 01:14:38.693 29472 29484 I art     : Starting a blocking GC Explicit
