--------- beginning of main
08-04 12:48:28.808 28576 28576 D AndroidRuntime: >>>>>> START com.android.internal.os.RuntimeInit uid 2000 <<<<<<
08-04 12:48:28.815 28576 28576 D AndroidRuntime: CheckJNI is OFF
08-04 12:48:28.850 28576 28576 D ICU     : No timezone override file found: /data/misc/zoneinfo/current/icu/icu_tzdata.dat
08-04 12:48:28.893 28576 28576 I Radio-JNI: register_android_hardware_Radio DONE
08-04 12:48:28.910 28576 28576 D AndroidRuntime: Calling main entry com.android.commands.monkey.Monkey
--------- beginning of system
08-04 12:48:28.927   918   931 W BroadcastQueue: Skipping deliver [background] BroadcastRecord{510bfaf u-1 android.net.conn.CONNECTIVITY_CHANGE} to ReceiverList{5c7fb45 28576 (unknown name)/2000/u-1 remote:fa1ea90}: process crashing
08-04 12:48:28.940   918  6029 I ActivityManager: START u0 {act=android.intent.action.MAIN cat=[android.intent.category.LAUNCHER] flg=0x10200000 cmp=baseline.com.newsblur/.activity.InitActivity} from uid 2000 on display 0
08-04 12:48:28.982 28585 28585 I art     : Late-enabling -Xcheck:jni
08-04 12:48:28.982   918  3670 I ActivityManager: Start proc 28585:baseline.com.newsblur/u0a652 for activity baseline.com.newsblur/.activity.InitActivity
08-04 12:48:28.988 28576 28576 I art     : System.exit called, status: 0
08-04 12:48:28.988 28576 28576 I AndroidRuntime: VM exiting with result code 0.
08-04 12:48:29.047  2075  1217 I PBSessionCacheImpl: Deleted sessionId[9127543042550561] from persistence.
08-04 12:48:29.049  2075  2107 W SearchServiceCore: Abort, client detached.
08-04 12:48:29.049  2075  2107 I MicroDetectionState: Should stop hotword detection immediately - true
08-04 12:48:29.063 28585 28585 W System  : ClassLoader referenced unknown path: /data/app/baseline.com.newsblur-1/lib/arm64
08-04 12:48:29.177 28585 28585 I baseline.com.newsblur.activity.InitActivity: cold launching version 9.0b1
08-04 12:48:29.190 28585 28601 D OpenGLRenderer: Use EGL_SWAP_BEHAVIOR_PRESERVED: true
08-04 12:48:29.227 28585 28601 I Adreno  : QUALCOMM build                   : fcf4852, I1af360237c
08-04 12:48:29.227 28585 28601 I Adreno  : Build Date                       : 09/23/15
08-04 12:48:29.227 28585 28601 I Adreno  : OpenGL ES Shader Compiler Version: XE031.05.13.02
08-04 12:48:29.227 28585 28601 I Adreno  : Local Branch                     : mybranch14465806
08-04 12:48:29.227 28585 28601 I Adreno  : Remote Branch                    : quic/LA.BF64.1.2.9_v2
08-04 12:48:29.227 28585 28601 I Adreno  : Remote Branch                    : NONE
08-04 12:48:29.227 28585 28601 I Adreno  : Reconstruct Branch               : NOTHING
08-04 12:48:29.233 28585 28601 I OpenGLRenderer: Initialized EGL, version 1.4
08-04 12:48:29.253   918  6111 I ActivityManager: START u0 {cmp=baseline.com.newsblur/.activity.Main} from uid 10652 on display 0
08-04 12:48:29.273   918   929 W InputMethodManagerService: Focus gain on non-focused client com.android.internal.view.IInputMethodClient$Stub$Proxy@3625084 (uid=10652 pid=28585)
08-04 12:48:29.514   918  3188 I hubconnection: sensorhub said: 'set_bias 3: -5.1552, 0.0000, 0.0000'
08-04 12:48:29.538 28585 28585 I art     : Rejecting re-init on previously-failed class java.lang.Class<androidx.core.view.ViewCompat$OnUnhandledKeyEventListenerWrapper>
08-04 12:48:29.539 28585 28585 I art     : Rejecting re-init on previously-failed class java.lang.Class<androidx.core.view.ViewCompat$OnUnhandledKeyEventListenerWrapper>
08-04 12:48:29.570 28585 28585 E BitmapFactory: Unable to decode stream: java.io.FileNotFoundException: /data/user/0/baseline.com.newsblur/cache/userProfilePicture: open failed: ENOENT (No such file or directory)
08-04 12:48:29.741 28585 28611 I baseline.com.newsblur.service.NBSyncService: ready to sync feed list
08-04 12:48:29.868   918   936 I ActivityManager: Displayed baseline.com.newsblur/.activity.Main: +595ms (total +922ms)
08-04 12:48:29.874 13866 13866 I GoogleInputMethodServic: GoogleInputMethodService.onFinishInput():3138 
08-04 12:48:29.876 13866 13866 I GoogleInputMethodServic: GoogleInputMethodService.onStartInput():1808 
08-04 12:48:30.264 28585 28611 I NAPPA_EXPERIMENTATION: MetricNetworkRequestExecutionTime: REQUEST_DURATION_SYSTEM='519',REQUEST_DURATION_OKHTTP='32',REQUEST_SYNCHRONOUS='TRUE',RESPONSE_CODE='200',RESPONSE_METHOD='GET',RESPONSE_LENGTH_OKHTTP='-1',RESPONSE_LENGTH_HEADER='-2',REQUEST_PROTOCOL='http/1.1',REQUEST_URL='https://www.newsblur.com/reader/feeds/?update_counts=true',
08-04 12:48:30.264 28585 28611 D MY_TAG  : 1, 519
08-04 12:48:30.296 28585 28611 I baseline.com.newsblur.service.NBSyncService: got feed list: 1 feeds in  conn:520 read:3 parse:4 store:24
08-04 12:48:30.310 28585 28631 I baseline.com.newsblur.util.FileCache: have 0 files
08-04 12:48:30.310 28585 28631 I baseline.com.newsblur.util.FileCache: cleaned up 0 files
08-04 12:48:30.513 28627 28627 D AndroidRuntime: >>>>>> START com.android.internal.os.RuntimeInit uid 2000 <<<<<<
08-04 12:48:30.517 28627 28627 D AndroidRuntime: CheckJNI is OFF
08-04 12:48:30.543 28627 28627 D ICU     : No timezone override file found: /data/misc/zoneinfo/current/icu/icu_tzdata.dat
08-04 12:48:30.569 28627 28627 I Radio-JNI: register_android_hardware_Radio DONE
08-04 12:48:30.584 28627 28627 D AndroidRuntime: Calling main entry com.android.commands.am.Am
08-04 12:48:30.593  2375  2375 I Trepn   : Trepn 6.2s: Received intent: com.quicinc.trepn.start_profiling
08-04 12:48:30.677  2375  2375 W FileUtils: Failed to chmod(/storage/emulated/0/trepn/Trepn_2020.08.04_124830.db): android.system.ErrnoException: chmod failed: EPERM (Operation not permitted)
08-04 12:48:30.741 28585 28630 I NAPPA_EXPERIMENTATION: MetricNetworkRequestExecutionTime: REQUEST_DURATION_SYSTEM='442',REQUEST_DURATION_OKHTTP='31',REQUEST_SYNCHRONOUS='TRUE',RESPONSE_CODE='200',RESPONSE_METHOD='GET',RESPONSE_LENGTH_OKHTTP='-1',RESPONSE_LENGTH_HEADER='-2',REQUEST_PROTOCOL='http/1.1',REQUEST_URL='https://www.newsblur.com/reader/unread_story_hashes?include_timestamps=1',
08-04 12:48:30.741 28585 28630 D MY_TAG  : 0, 442
08-04 12:48:30.757 28585 28630 I baseline.com.newsblur.service.UnreadsService: starting unread count: 0
08-04 12:48:30.758 28585 28630 I baseline.com.newsblur.service.UnreadsService: new unread count:      0
08-04 12:48:30.759 28585 28630 I baseline.com.newsblur.service.UnreadsService: new unreads found:     0
08-04 12:48:30.759 28585 28630 I baseline.com.newsblur.service.UnreadsService: unreads to retire:     0
08-04 12:48:30.764  2375  2375 I Trepn   : Trepn 6.2s: Trepn has Started Profiling.
08-04 12:48:30.765 28627 28627 D AndroidRuntime: Shutting down VM
08-04 12:48:31.235 28585 28597 I art     : Starting a blocking GC Explicit
08-04 12:48:31.258 28585 28597 I art     : Explicit concurrent mark sweep GC freed 34563(2MB) AllocSpace objects, 63(1672KB) LOS objects, 37% free, 26MB/42MB, paused 235us total 22.303ms
08-04 12:48:31.265 28585 28597 I art     : Starting a blocking GC Explicit
08-04 12:48:31.278 28585 28597 I art     : Explicit concurrent mark sweep GC freed 2807(214KB) AllocSpace objects, 0(0B) LOS objects, 38% free, 26MB/42MB, paused 182us total 12.732ms
08-04 12:48:31.284 28585 28597 I art     : Starting a blocking GC Explicit
08-04 12:48:31.296 28585 28597 I art     : Explicit concurrent mark sweep GC freed 9(304B) AllocSpace objects, 0(0B) LOS objects, 38% free, 26MB/42MB, paused 172us total 11.373ms
08-04 12:48:31.302 28585 28597 I art     : Starting a blocking GC Explicit
08-04 12:48:31.313 28585 28597 I art     : Explicit concurrent mark sweep GC freed 3(96B) AllocSpace objects, 0(0B) LOS objects, 38% free, 26MB/42MB, paused 172us total 11.210ms
08-04 12:48:31.320 28585 28597 I art     : Starting a blocking GC Explicit
08-04 12:48:31.331 28585 28597 I art     : Explicit concurrent mark sweep GC freed 3(96B) AllocSpace objects, 0(0B) LOS objects, 38% free, 26MB/42MB, paused 175us total 11.686ms
08-04 12:48:31.641 28585 28598 I art     : Starting a blocking GC Explicit
08-04 12:48:31.661 28585 28598 I art     : Explicit concurrent mark sweep GC freed 1391(80KB) AllocSpace objects, 1(20KB) LOS objects, 38% free, 26MB/42MB, paused 227us total 19.457ms
08-04 12:48:31.671 28585 28598 I art     : Starting a blocking GC Explicit
08-04 12:48:31.685 28585 28598 I art     : Explicit concurrent mark sweep GC freed 20(704B) AllocSpace objects, 0(0B) LOS objects, 38% free, 26MB/42MB, paused 192us total 13.430ms
08-04 12:48:31.691 28585 28598 I art     : Starting a blocking GC Explicit
08-04 12:48:31.703 28585 28598 I art     : Explicit concurrent mark sweep GC freed 3(96B) AllocSpace objects, 0(0B) LOS objects, 38% free, 26MB/42MB, paused 183us total 12.157ms
08-04 12:48:31.710 28585 28598 I art     : Starting a blocking GC Explicit
08-04 12:48:31.722 28585 28598 I art     : Explicit concurrent mark sweep GC freed 3(96B) AllocSpace objects, 0(0B) LOS objects, 38% free, 26MB/42MB, paused 179us total 12.089ms
08-04 12:48:31.729 28585 28598 I art     : Starting a blocking GC Explicit
08-04 12:48:31.741 28585 28598 I art     : Explicit concurrent mark sweep GC freed 3(96B) AllocSpace objects, 0(0B) LOS objects, 38% free, 26MB/42MB, paused 180us total 11.976ms
08-04 12:48:32.027 28585 28597 I art     : Starting a blocking GC Explicit
08-04 12:48:32.042 28585 28597 I art     : Explicit concurrent mark sweep GC freed 1381(80KB) AllocSpace objects, 1(20KB) LOS objects, 38% free, 26MB/42MB, paused 240us total 15.342ms
08-04 12:48:32.053 28585 28597 I art     : Starting a blocking GC Explicit
08-04 12:48:32.066 28585 28597 I art     : Explicit concurrent mark sweep GC freed 20(704B) AllocSpace objects, 0(0B) LOS objects, 38% free, 26MB/42MB, paused 182us total 12.228ms
08-04 12:48:32.072 28585 28597 I art     : Starting a blocking GC Explicit
08-04 12:48:32.084 28585 28597 I art     : Explicit concurrent mark sweep GC freed 3(96B) AllocSpace objects, 0(0B) LOS objects, 38% free, 26MB/42MB, paused 179us total 11.417ms
08-04 12:48:32.090 28585 28597 I art     : Starting a blocking GC Explicit
08-04 12:48:32.101 28585 28597 I art     : Explicit concurrent mark sweep GC freed 3(96B) AllocSpace objects, 0(0B) LOS objects, 38% free, 26MB/42MB, paused 164us total 11ms
08-04 12:48:32.107 28585 28597 I art     : Starting a blocking GC Explicit
08-04 12:48:32.118 28585 28597 I art     : Explicit concurrent mark sweep GC freed 3(96B) AllocSpace objects, 0(0B) LOS objects, 38% free, 26MB/42MB, paused 179us total 11.295ms
08-04 12:48:32.430 28585 28598 I art     : Starting a blocking GC Explicit
08-04 12:48:32.448 28585 28598 I art     : Explicit concurrent mark sweep GC freed 1379(80KB) AllocSpace objects, 1(20KB) LOS objects, 38% free, 26MB/42MB, paused 227us total 17.946ms
08-04 12:48:32.459 28585 28598 I art     : Starting a blocking GC Explicit
08-04 12:48:32.472 28585 28598 I art     : Explicit concurrent mark sweep GC freed 20(704B) AllocSpace objects, 0(0B) LOS objects, 38% free, 26MB/42MB, paused 179us total 12.610ms
08-04 12:48:32.478 28585 28598 I art     : Starting a blocking GC Explicit
08-04 12:48:32.490 28585 28598 I art     : Explicit concurrent mark sweep GC freed 3(96B) AllocSpace objects, 0(0B) LOS objects, 38% free, 26MB/42MB, paused 180us total 11.930ms
08-04 12:48:32.497 28585 28598 I art     : Starting a blocking GC Explicit
08-04 12:48:32.509 28585 28598 I art     : Explicit concurrent mark sweep GC freed 3(96B) AllocSpace objects, 0(0B) LOS objects, 38% free, 26MB/42MB, paused 174us total 11.837ms
08-04 12:48:32.515 28585 28598 I art     : Starting a blocking GC Explicit
08-04 12:48:32.527 28585 28598 I art     : Explicit concurrent mark sweep GC freed 3(96B) AllocSpace objects, 0(0B) LOS objects, 38% free, 26MB/42MB, paused 209us total 11.620ms
08-04 12:48:32.840 28585 28597 I art     : Starting a blocking GC Explicit
08-04 12:48:32.858 28585 28597 I art     : Explicit concurrent mark sweep GC freed 1379(80KB) AllocSpace objects, 1(20KB) LOS objects, 38% free, 26MB/42MB, paused 388us total 17.374ms
08-04 12:48:32.866 28585 28597 I art     : Starting a blocking GC Explicit
08-04 12:48:32.879 28585 28597 I art     : Explicit concurrent mark sweep GC freed 20(704B) AllocSpace objects, 0(0B) LOS objects, 38% free, 26MB/42MB, paused 181us total 12.719ms
08-04 12:48:32.886 28585 28597 I art     : Starting a blocking GC Explicit
08-04 12:48:32.897 28585 28597 I art     : Explicit concurrent mark sweep GC freed 3(96B) AllocSpace objects, 0(0B) LOS objects, 38% free, 26MB/42MB, paused 172us total 11.634ms
08-04 12:48:32.903 28585 28597 I art     : Starting a blocking GC Explicit
08-04 12:48:32.915 28585 28597 I art     : Explicit concurrent mark sweep GC freed 3(96B) AllocSpace objects, 0(0B) LOS objects, 38% free, 26MB/42MB, paused 177us total 11.575ms
08-04 12:48:32.921 28585 28597 I art     : Starting a blocking GC Explicit
08-04 12:48:32.932 28585 28597 I art     : Explicit concurrent mark sweep GC freed 3(96B) AllocSpace objects, 0(0B) LOS objects, 38% free, 26MB/42MB, paused 170us total 11.048ms
08-04 12:48:33.218 28585 28598 I art     : Starting a blocking GC Explicit
08-04 12:48:33.233 28585 28598 I art     : Explicit concurrent mark sweep GC freed 1378(80KB) AllocSpace objects, 1(20KB) LOS objects, 38% free, 26MB/42MB, paused 214us total 15.449ms
08-04 12:48:33.243 28585 28598 I art     : Starting a blocking GC Explicit
08-04 12:48:33.256 28585 28598 I art     : Explicit concurrent mark sweep GC freed 20(704B) AllocSpace objects, 0(0B) LOS objects, 38% free, 26MB/42MB, paused 185us total 12.467ms
08-04 12:48:33.262 28585 28598 I art     : Starting a blocking GC Explicit
08-04 12:48:33.274 28585 28598 I art     : Explicit concurrent mark sweep GC freed 3(96B) AllocSpace objects, 0(0B) LOS objects, 38% free, 26MB/42MB, paused 181us total 11.911ms
08-04 12:48:33.281 28585 28598 I art     : Starting a blocking GC Explicit
08-04 12:48:33.293 28585 28598 I art     : Explicit concurrent mark sweep GC freed 3(96B) AllocSpace objects, 0(0B) LOS objects, 38% free, 26MB/42MB, paused 184us total 11.887ms
08-04 12:48:33.299 28585 28598 I art     : Starting a blocking GC Explicit
08-04 12:48:33.311 28585 28598 I art     : Explicit concurrent mark sweep GC freed 3(96B) AllocSpace objects, 0(0B) LOS objects, 38% free, 26MB/42MB, paused 179us total 11.022ms
08-04 12:48:33.342 28163 28163 I Atfwd_Sendcmd: AtCmdFwd service not ready - Exhausted retry attempts - :6
08-04 12:48:33.342 28163 28163 I Atfwd_Daemon: result : -1 	 ,Init step :2 	 ,qmiErrorCode: 0
08-04 12:48:33.587   918 13198 D NetlinkSocketObserver: NeighborEvent{elapsedMs=1691917461, 192.168.2.254, [7C3953A63323], RTM_NEWNEIGH, NUD_PROBE}
08-04 12:48:33.631 28585 28597 I art     : Starting a blocking GC Explicit
08-04 12:48:33.649 28585 28597 I art     : Explicit concurrent mark sweep GC freed 1378(80KB) AllocSpace objects, 1(20KB) LOS objects, 38% free, 26MB/42MB, paused 213us total 17.440ms
08-04 12:48:33.659 28585 28597 I art     : Starting a blocking GC Explicit
08-04 12:48:33.674 28585 28597 I art     : Explicit concurrent mark sweep GC freed 20(704B) AllocSpace objects, 0(0B) LOS objects, 38% free, 26MB/42MB, paused 184us total 14.426ms
08-04 12:48:33.683 28585 28597 I art     : Starting a blocking GC Explicit
08-04 12:48:33.694 28585 28597 I art     : Explicit concurrent mark sweep GC freed 3(96B) AllocSpace objects, 0(0B) LOS objects, 38% free, 26MB/42MB, paused 183us total 11.543ms
08-04 12:48:33.701 28585 28597 I art     : Starting a blocking GC Explicit
08-04 12:48:33.713 28585 28597 I art     : Explicit concurrent mark sweep GC freed 3(96B) AllocSpace objects, 0(0B) LOS objects, 38% free, 26MB/42MB, paused 186us total 11.895ms
08-04 12:48:33.719 28585 28597 I art     : Starting a blocking GC Explicit
08-04 12:48:33.731 28585 28597 I art     : Explicit concurrent mark sweep GC freed 3(96B) AllocSpace objects, 0(0B) LOS objects, 38% free, 26MB/42MB, paused 179us total 12.067ms
08-04 12:48:34.020 28585 28598 I art     : Starting a blocking GC Explicit
08-04 12:48:34.038 28585 28598 I art     : Explicit concurrent mark sweep GC freed 1378(80KB) AllocSpace objects, 1(20KB) LOS objects, 38% free, 26MB/42MB, paused 187us total 17.527ms
08-04 12:48:34.044 28585 28598 I art     : Starting a blocking GC Explicit
08-04 12:48:34.057 28585 28598 I art     : Explicit concurrent mark sweep GC freed 20(704B) AllocSpace objects, 0(0B) LOS objects, 38% free, 26MB/42MB, paused 277us total 12.897ms
08-04 12:48:34.064 28585 28598 I art     : Starting a blocking GC Explicit
08-04 12:48:34.076 28585 28598 I art     : Explicit concurrent mark sweep GC freed 3(96B) AllocSpace objects, 0(0B) LOS objects, 38% free, 26MB/42MB, paused 181us total 11.614ms
08-04 12:48:34.082 28585 28598 I art     : Starting a blocking GC Explicit
08-04 12:48:34.094 28585 28598 I art     : Explicit concurrent mark sweep GC freed 3(96B) AllocSpace objects, 0(0B) LOS objects, 38% free, 26MB/42MB, paused 172us total 11.602ms
08-04 12:48:34.100 28585 28598 I art     : Starting a blocking GC Explicit
08-04 12:48:34.111 28585 28598 I art     : Explicit concurrent mark sweep GC freed 3(96B) AllocSpace objects, 0(0B) LOS objects, 38% free, 26MB/42MB, paused 182us total 11.530ms
08-04 12:48:34.422 28585 28597 I art     : Starting a blocking GC Explicit
08-04 12:48:34.440 28585 28597 I art     : Explicit concurrent mark sweep GC freed 1378(80KB) AllocSpace objects, 1(20KB) LOS objects, 38% free, 26MB/42MB, paused 221us total 17.571ms
08-04 12:48:34.449 28585 28597 I art     : Starting a blocking GC Explicit
08-04 12:48:34.461 28585 28597 I art     : Explicit concurrent mark sweep GC freed 20(704B) AllocSpace objects, 0(0B) LOS objects, 38% free, 26MB/42MB, paused 165us total 12.373ms
08-04 12:48:34.468 28585 28597 I art     : Starting a blocking GC Explicit
08-04 12:48:34.480 28585 28597 I art     : Explicit concurrent mark sweep GC freed 3(96B) AllocSpace objects, 0(0B) LOS objects, 38% free, 26MB/42MB, paused 172us total 12.004ms
08-04 12:48:34.486 28585 28597 I art     : Starting a blocking GC Explicit
08-04 12:48:34.498 28585 28597 I art     : Explicit concurrent mark sweep GC freed 3(96B) AllocSpace objects, 0(0B) LOS objects, 38% free, 26MB/42MB, paused 176us total 11.546ms
08-04 12:48:34.504 28585 28597 I art     : Starting a blocking GC Explicit
08-04 12:48:34.516 28585 28597 I art     : Explicit concurrent mark sweep GC freed 3(96B) AllocSpace objects, 0(0B) LOS objects, 38% free, 26MB/42MB, paused 177us total 11.565ms
08-04 12:48:34.608   918   918 I ActivityManager: Start proc 28746:nappatfpr.com.newsblur/u0a658 for service nappatfpr.com.newsblur/.service.NBSyncService
08-04 12:48:34.608 28746 28746 I art     : Late-enabling -Xcheck:jni
08-04 12:48:34.692 28746 28746 W System  : ClassLoader referenced unknown path: /data/app/nappatfpr.com.newsblur-1/lib/arm64
08-04 12:48:34.724   918  3714 I ActivityManager: Killing 22659:com.google.android.talk/u0a53 (adj 15): empty #17
08-04 12:48:34.811 28585 28597 I art     : Starting a blocking GC Explicit
08-04 12:48:34.830 28585 28597 I art     : Explicit concurrent mark sweep GC freed 4007(411KB) AllocSpace objects, 18(360KB) LOS objects, 38% free, 26MB/42MB, paused 261us total 18.617ms
08-04 12:48:34.839 28585 28597 I art     : Starting a blocking GC Explicit
08-04 12:48:34.852 28585 28597 I art     : Explicit concurrent mark sweep GC freed 230(9KB) AllocSpace objects, 0(0B) LOS objects, 38% free, 26MB/42MB, paused 202us total 12.665ms
08-04 12:48:34.859 28585 28597 I art     : Starting a blocking GC Explicit
08-04 12:48:34.871 28585 28597 I art     : Explicit concurrent mark sweep GC freed 3(96B) AllocSpace objects, 0(0B) LOS objects, 38% free, 26MB/42MB, paused 189us total 12.114ms
08-04 12:48:34.876 13866 13882 I PeriodicStatsRunner: PeriodicStatsRunner.call():175 call()
08-04 12:48:34.876 13866 13882 I PeriodicStatsRunner: PeriodicStatsRunner.call():179 No submit PeriodicStats since input started.
08-04 12:48:34.878 28585 28597 I art     : Starting a blocking GC Explicit
08-04 12:48:34.890 28585 28597 I art     : Explicit concurrent mark sweep GC freed 3(96B) AllocSpace objects, 0(0B) LOS objects, 38% free, 26MB/42MB, paused 175us total 11.720ms
08-04 12:48:34.896 28585 28597 I art     : Starting a blocking GC Explicit
08-04 12:48:34.908 28585 28597 I art     : Explicit concurrent mark sweep GC freed 3(96B) AllocSpace objects, 0(0B) LOS objects, 38% free, 26MB/42MB, paused 169us total 11.476ms
08-04 12:48:35.232 28585 28598 I art     : Starting a blocking GC Explicit
08-04 12:48:35.252 28585 28598 I art     : Explicit concurrent mark sweep GC freed 1378(80KB) AllocSpace objects, 1(20KB) LOS objects, 38% free, 26MB/42MB, paused 235us total 19.142ms
08-04 12:48:35.262 28585 28598 I art     : Starting a blocking GC Explicit
08-04 12:48:35.275 28585 28598 I art     : Explicit concurrent mark sweep GC freed 20(704B) AllocSpace objects, 0(0B) LOS objects, 38% free, 26MB/42MB, paused 180us total 13.029ms
08-04 12:48:35.281 28585 28598 I art     : Starting a blocking GC Explicit
08-04 12:48:35.293 28585 28598 I art     : Explicit concurrent mark sweep GC freed 3(96B) AllocSpace objects, 0(0B) LOS objects, 38% free, 26MB/42MB, paused 183us total 11.180ms
08-04 12:48:35.299 28585 28598 I art     : Starting a blocking GC Explicit
08-04 12:48:35.311 28585 28598 I art     : Explicit concurrent mark sweep GC freed 3(96B) AllocSpace objects, 0(0B) LOS objects, 38% free, 26MB/42MB, paused 190us total 11.734ms
08-04 12:48:35.317 28585 28598 I art     : Starting a blocking GC Explicit
08-04 12:48:35.329 28585 28598 I art     : Explicit concurrent mark sweep GC freed 3(96B) AllocSpace objects, 0(0B) LOS objects, 38% free, 26MB/42MB, paused 192us total 11.639ms
08-04 12:48:35.589 28585 28597 I art     : Starting a blocking GC Explicit
08-04 12:48:35.601 28585 28597 I art     : Explicit concurrent mark sweep GC freed 1378(80KB) AllocSpace objects, 1(20KB) LOS objects, 38% free, 26MB/42MB, paused 172us total 11.281ms
08-04 12:48:35.606 28585 28597 I art     : Starting a blocking GC Explicit
08-04 12:48:35.617 28585 28597 I art     : Explicit concurrent mark sweep GC freed 20(704B) AllocSpace objects, 0(0B) LOS objects, 38% free, 26MB/42MB, paused 302us total 10.493ms
08-04 12:48:35.622 28585 28597 I art     : Starting a blocking GC Explicit
08-04 12:48:35.632 28585 28597 I art     : Explicit concurrent mark sweep GC freed 3(96B) AllocSpace objects, 0(0B) LOS objects, 38% free, 26MB/42MB, paused 167us total 9.664ms
08-04 12:48:35.637 28585 28597 I art     : Starting a blocking GC Explicit
08-04 12:48:35.647 28585 28597 I art     : Explicit concurrent mark sweep GC freed 3(96B) AllocSpace objects, 0(0B) LOS objects, 38% free, 26MB/42MB, paused 170us total 9.678ms
08-04 12:48:35.652 28585 28597 I art     : Starting a blocking GC Explicit
08-04 12:48:35.662 28585 28597 I art     : Explicit concurrent mark sweep GC freed 3(96B) AllocSpace objects, 0(0B) LOS objects, 38% free, 26MB/42MB, paused 168us total 9.779ms
08-04 12:48:35.883 28802 28802 D AndroidRuntime: >>>>>> START com.android.internal.os.RuntimeInit uid 2000 <<<<<<
08-04 12:48:35.888 28802 28802 D AndroidRuntime: CheckJNI is OFF
08-04 12:48:35.897 28585 28598 I art     : Starting a blocking GC Explicit
08-04 12:48:35.909 28585 28598 I art     : Explicit concurrent mark sweep GC freed 1378(80KB) AllocSpace objects, 1(20KB) LOS objects, 38% free, 26MB/42MB, paused 208us total 11.873ms
08-04 12:48:35.915 28585 28598 I art     : Starting a blocking GC Explicit
08-04 12:48:35.917 28802 28802 D ICU     : No timezone override file found: /data/misc/zoneinfo/current/icu/icu_tzdata.dat
08-04 12:48:35.927 28585 28598 I art     : Explicit concurrent mark sweep GC freed 20(704B) AllocSpace objects, 0(0B) LOS objects, 38% free, 26MB/42MB, paused 261us total 11.720ms
08-04 12:48:35.933 28585 28598 I art     : Starting a blocking GC Explicit
08-04 12:48:35.943 28802 28802 I Radio-JNI: register_android_hardware_Radio DONE
08-04 12:48:35.944 28585 28598 I art     : Explicit concurrent mark sweep GC freed 3(96B) AllocSpace objects, 0(0B) LOS objects, 38% free, 26MB/42MB, paused 194us total 11.371ms
08-04 12:48:35.951 28585 28598 I art     : Starting a blocking GC Explicit
08-04 12:48:35.961 28802 28802 D AndroidRuntime: Calling main entry com.android.commands.input.Input
08-04 12:48:35.962 28585 28598 I art     : Explicit concurrent mark sweep GC freed 3(96B) AllocSpace objects, 0(0B) LOS objects, 38% free, 26MB/42MB, paused 222us total 10.685ms
08-04 12:48:35.962 28802 28802 I Input   : injectMotionEvent: MotionEvent { action=ACTION_DOWN, actionButton=0, id[0]=0, x[0]=594.0, y[0]=330.0, toolType[0]=TOOL_TYPE_UNKNOWN, buttonState=0, metaState=0, flags=0x0, edgeFlags=0x0, pointerCount=1, historySize=0, eventTime=708532375, downTime=708532375, deviceId=0, source=0x1002 }
08-04 12:48:35.967 28802 28802 I Input   : injectMotionEvent: MotionEvent { action=ACTION_UP, actionButton=0, id[0]=0, x[0]=594.0, y[0]=330.0, toolType[0]=TOOL_TYPE_UNKNOWN, buttonState=0, metaState=0, flags=0x0, edgeFlags=0x0, pointerCount=1, historySize=0, eventTime=708532375, downTime=708532375, deviceId=0, source=0x1002 }
08-04 12:48:35.968 28585 28598 I art     : Starting a blocking GC Explicit
08-04 12:48:35.968 28802 28802 D AndroidRuntime: Shutting down VM
08-04 12:48:35.979 28585 28598 I art     : Explicit concurrent mark sweep GC freed 53(2448B) AllocSpace objects, 0(0B) LOS objects, 38% free, 26MB/42MB, paused 196us total 11.296ms
08-04 12:48:36.038   918  3714 I ActivityManager: START u0 {cmp=baseline.com.newsblur/.activity.GlobalSharedStoriesItemsList (has extras)} from uid 10652 on display 0
08-04 12:48:36.062 28585 28825 I baseline.com.newsblur.database.BlurDatabaseHelper: reading session reset
08-04 12:48:36.191 28585 28598 I art     : Starting a blocking GC Explicit
08-04 12:48:36.198 28585 28585 W View    : requestLayout() improperly called by android.widget.FrameLayout{67d12d3 V.E...... ......ID 0,0-1440,0 #7f07003f app:id/footer_view_inner} during layout: running second layout pass
08-04 12:48:36.199 28585 28585 W View    : requestLayout() improperly called by android.widget.FrameLayout{12f7e10 V.E...... ......ID 0,0-1440,2091 #7f07003f app:id/footer_view_inner} during layout: running second layout pass
08-04 12:48:36.210 28585 28598 I art     : Explicit concurrent mark sweep GC freed 6722(557KB) AllocSpace objects, 9(304KB) LOS objects, 36% free, 27MB/43MB, paused 247us total 18.906ms
08-04 12:48:36.217   918   936 I ActivityManager: Displayed baseline.com.newsblur/.activity.GlobalSharedStoriesItemsList: +168ms
08-04 12:48:36.218 13866 13866 I GoogleInputMethodServic: GoogleInputMethodService.onFinishInput():3138 
08-04 12:48:36.218 28585 28598 I art     : Starting a blocking GC Explicit
08-04 12:48:36.218 13866 13866 I GoogleInputMethodServic: GoogleInputMethodService.onStartInput():1808 
08-04 12:48:36.240 28585 28598 I art     : Explicit concurrent mark sweep GC freed 2096(152KB) AllocSpace objects, 5(100KB) LOS objects, 36% free, 27MB/43MB, paused 488us total 22.413ms
08-04 12:48:36.247 28585 28598 I art     : Starting a blocking GC Explicit
08-04 12:48:36.259 28585 28598 I art     : Explicit concurrent mark sweep GC freed 115(16KB) AllocSpace objects, 0(0B) LOS objects, 36% free, 27MB/43MB, paused 252us total 11.712ms
08-04 12:48:36.265 28585 28598 I art     : Starting a blocking GC Explicit
08-04 12:48:36.277 28585 28598 I art     : Explicit concurrent mark sweep GC freed 6(192B) AllocSpace objects, 0(0B) LOS objects, 36% free, 27MB/43MB, paused 288us total 12.061ms
08-04 12:48:36.283 28585 28598 I art     : Starting a blocking GC Explicit
08-04 12:48:36.297 28585 28598 I art     : Explicit concurrent mark sweep GC freed 3(96B) AllocSpace objects, 0(0B) LOS objects, 36% free, 27MB/43MB, paused 357us total 13.455ms
08-04 12:48:36.532 28585 28597 I art     : Starting a blocking GC Explicit
08-04 12:48:36.544 28585 28597 I art     : Explicit concurrent mark sweep GC freed 1772(113KB) AllocSpace objects, 2(40KB) LOS objects, 36% free, 27MB/43MB, paused 261us total 12.405ms
08-04 12:48:36.550 28585 28597 I art     : Starting a blocking GC Explicit
08-04 12:48:36.562 28585 28597 I art     : Explicit concurrent mark sweep GC freed 54(1904B) AllocSpace objects, 0(0B) LOS objects, 36% free, 27MB/43MB, paused 251us total 11.647ms
08-04 12:48:36.568 28585 28597 I art     : Starting a blocking GC Explicit
08-04 12:48:36.581 28585 28597 I art     : Explicit concurrent mark sweep GC freed 4(128B) AllocSpace objects, 0(0B) LOS objects, 36% free, 27MB/43MB, paused 255us total 12.558ms
08-04 12:48:36.587 28585 28597 I art     : Starting a blocking GC Explicit
08-04 12:48:36.600 28585 28597 I art     : Explicit concurrent mark sweep GC freed 4(128B) AllocSpace objects, 0(0B) LOS objects, 36% free, 27MB/43MB, paused 255us total 12.561ms
08-04 12:48:36.606 28585 28597 I art     : Starting a blocking GC Explicit
08-04 12:48:36.619 28585 28597 I art     : Explicit concurrent mark sweep GC freed 4(128B) AllocSpace objects, 0(0B) LOS objects, 36% free, 27MB/43MB, paused 253us total 12.685ms
08-04 12:48:36.812 28585 28838 I NAPPA_EXPERIMENTATION: MetricNetworkRequestExecutionTime: REQUEST_DURATION_SYSTEM='582',REQUEST_DURATION_OKHTTP='31',REQUEST_SYNCHRONOUS='TRUE',RESPONSE_CODE='200',RESPONSE_METHOD='GET',RESPONSE_LENGTH_OKHTTP='-1',RESPONSE_LENGTH_HEADER='13047',REQUEST_PROTOCOL='http/1.1',REQUEST_URL='https://www.newsblur.com/social/river_stories?order=newest&page=1&read_filter=all&global_feed=true',
08-04 12:48:36.813 28585 28838 D MY_TAG  : 0, 582
08-04 12:48:36.875 28585 28597 I art     : Starting a blocking GC Explicit
08-04 12:48:36.896 28585 28597 I art     : Explicit concurrent mark sweep GC freed 31811(1895KB) AllocSpace objects, 22(708KB) LOS objects, 36% free, 28MB/44MB, paused 642us total 20.856ms
08-04 12:48:36.904 28585 28597 I art     : Starting a blocking GC Explicit
08-04 12:48:36.920 28585 28597 I art     : Explicit concurrent mark sweep GC freed 3542(338KB) AllocSpace objects, 2(128KB) LOS objects, 36% free, 27MB/43MB, paused 510us total 15.770ms
08-04 12:48:36.926 28585 28597 I art     : Starting a blocking GC Explicit
08-04 12:48:36.939 28585 28597 I art     : Explicit concurrent mark sweep GC freed 2164(349KB) AllocSpace objects, 17(340KB) LOS objects, 36% free, 27MB/43MB, paused 213us total 13.336ms
08-04 12:48:36.945 28585 28597 I art     : Starting a blocking GC Explicit
08-04 12:48:36.958 28585 28597 I art     : Explicit concurrent mark sweep GC freed 511(29KB) AllocSpace objects, 1(20KB) LOS objects, 36% free, 27MB/43MB, paused 551us total 13.023ms
08-04 12:48:36.964 28585 28597 I art     : Starting a blocking GC Explicit
08-04 12:48:36.978 28585 28597 I art     : Explicit concurrent mark sweep GC freed 456(30KB) AllocSpace objects, 1(20KB) LOS objects, 36% free, 27MB/43MB, paused 587us total 13.398ms
08-04 12:48:37.053 28585 28868 I NAPPA_EXPERIMENTATION: MetricNetworkRequestExecutionTime: REQUEST_DURATION_SYSTEM='36',REQUEST_DURATION_OKHTTP='33',REQUEST_SYNCHRONOUS='TRUE',RESPONSE_CODE='200',RESPONSE_METHOD='GET',RESPONSE_LENGTH_OKHTTP='43',RESPONSE_LENGTH_HEADER='43',REQUEST_PROTOCOL='http/1.1',REQUEST_URL='http://feeds.feedburner.com/~r/retort/~4/UffaFMiJbNs',
08-04 12:48:37.235 28585 28837 I art     : Starting a blocking GC Explicit
08-04 12:48:37.256 28585 28837 I art     : Explicit concurrent mark sweep GC freed 10432(553KB) AllocSpace objects, 9(320KB) LOS objects, 36% free, 28MB/44MB, paused 523us total 20.349ms
08-04 12:48:37.262 28585 28837 I art     : Starting a blocking GC Explicit
08-04 12:48:37.280 28585 28837 I art     : Explicit concurrent mark sweep GC freed 2846(253KB) AllocSpace objects, 0(0B) LOS objects, 36% free, 28MB/44MB, paused 448us total 17.429ms
08-04 12:48:37.287 28585 28837 I art     : Starting a blocking GC Explicit
08-04 12:48:37.304 28585 28837 I art     : Explicit concurrent mark sweep GC freed 3(96B) AllocSpace objects, 0(0B) LOS objects, 36% free, 28MB/44MB, paused 541us total 16.227ms
08-04 12:48:37.311 28585 28837 I art     : Starting a blocking GC Explicit
08-04 12:48:37.327 28585 28837 I art     : Explicit concurrent mark sweep GC freed 3(96B) AllocSpace objects, 0(0B) LOS objects, 36% free, 28MB/44MB, paused 516us total 14.997ms
08-04 12:48:37.333 28585 28837 I art     : Starting a blocking GC Explicit
08-04 12:48:37.347 28585 28837 I art     : Explicit concurrent mark sweep GC freed 147(6KB) AllocSpace objects, 0(0B) LOS objects, 36% free, 28MB/44MB, paused 447us total 14.567ms
08-04 12:48:37.353 28585 28870 I NAPPA_EXPERIMENTATION: MetricNetworkRequestExecutionTime: REQUEST_DURATION_SYSTEM='326',REQUEST_DURATION_OKHTTP='173',REQUEST_SYNCHRONOUS='TRUE',RESPONSE_CODE='200',RESPONSE_METHOD='GET',RESPONSE_LENGTH_OKHTTP='79351',RESPONSE_LENGTH_HEADER='79351',REQUEST_PROTOCOL='h2',REQUEST_URL='https://images.fastcompany.net/image/upload/w_1280,q_auto,f_auto,fl_lossy/wp-cms/uploads/2020/07/p-1-90532920-this-chart-shows-how-effective-masks-can-be.png',
08-04 12:48:37.472 28585 28869 I NAPPA_EXPERIMENTATION: MetricNetworkRequestExecutionTime: REQUEST_DURATION_SYSTEM='474',REQUEST_DURATION_OKHTTP='77',REQUEST_SYNCHRONOUS='TRUE',RESPONSE_CODE='200',RESPONSE_METHOD='GET',RESPONSE_LENGTH_OKHTTP='243',RESPONSE_LENGTH_HEADER='243',REQUEST_PROTOCOL='http/1.1',REQUEST_URL='https://s3.amazonaws.com/icons.newsblur.com/18178.png',
08-04 12:48:37.479 28585 28867 I NAPPA_EXPERIMENTATION: MetricNetworkRequestExecutionTime: REQUEST_DURATION_SYSTEM='489',REQUEST_DURATION_OKHTTP='91',REQUEST_SYNCHRONOUS='TRUE',RESPONSE_CODE='200',RESPONSE_METHOD='GET',RESPONSE_LENGTH_OKHTTP='145',RESPONSE_LENGTH_HEADER='145',REQUEST_PROTOCOL='http/1.1',REQUEST_URL='https://s3.amazonaws.com/icons.newsblur.com/6882243.png',
08-04 12:48:37.494 28585 28871 I NAPPA_EXPERIMENTATION: MetricNetworkRequestExecutionTime: REQUEST_DURATION_SYSTEM='488',REQUEST_DURATION_OKHTTP='102',REQUEST_SYNCHRONOUS='TRUE',RESPONSE_CODE='200',RESPONSE_METHOD='GET',RESPONSE_LENGTH_OKHTTP='477',RESPONSE_LENGTH_HEADER='477',REQUEST_PROTOCOL='http/1.1',REQUEST_URL='https://s3.amazonaws.com/icons.newsblur.com/5762506.png',
08-04 12:48:37.618 28585 28837 I art     : Starting a blocking GC Explicit
08-04 12:48:37.639 28585 28837 I art     : Explicit concurrent mark sweep GC freed 14584(742KB) AllocSpace objects, 14(3MB) LOS objects, 34% free, 30MB/46MB, paused 407us total 20.994ms
08-04 12:48:37.647 28585 28837 I art     : Starting a blocking GC Explicit
08-04 12:48:37.663 28585 28837 I art     : Explicit concurrent mark sweep GC freed 420(14KB) AllocSpace objects, 0(0B) LOS objects, 34% free, 30MB/46MB, paused 303us total 15.743ms
08-04 12:48:37.670 28585 28837 I art     : Starting a blocking GC Explicit
08-04 12:48:37.685 28585 28837 I art     : Explicit concurrent mark sweep GC freed 3(96B) AllocSpace objects, 0(0B) LOS objects, 34% free, 30MB/46MB, paused 315us total 15.197ms
08-04 12:48:37.692 28585 28837 I art     : Starting a blocking GC Explicit
08-04 12:48:37.707 28585 28837 I art     : Explicit concurrent mark sweep GC freed 3(96B) AllocSpace objects, 0(0B) LOS objects, 34% free, 30MB/46MB, paused 358us total 15.289ms
08-04 12:48:37.713 28585 28837 I art     : Starting a blocking GC Explicit
08-04 12:48:37.729 28585 28837 I art     : Explicit concurrent mark sweep GC freed 3(96B) AllocSpace objects, 0(0B) LOS objects, 34% free, 30MB/46MB, paused 330us total 15.374ms
08-04 12:48:38.051 28585 28597 I art     : Starting a blocking GC Explicit
08-04 12:48:38.070 28585 28597 I art     : Explicit concurrent mark sweep GC freed 1389(82KB) AllocSpace objects, 1(20KB) LOS objects, 34% free, 30MB/46MB, paused 361us total 18.374ms
08-04 12:48:38.077 28585 28597 I art     : Starting a blocking GC Explicit
08-04 12:48:38.092 28585 28597 I art     : Explicit concurrent mark sweep GC freed 20(704B) AllocSpace objects, 0(0B) LOS objects, 34% free, 30MB/46MB, paused 364us total 14.675ms
08-04 12:48:38.098 28585 28597 I art     : Starting a blocking GC Explicit
08-04 12:48:38.112 28585 28597 I art     : Explicit concurrent mark sweep GC freed 3(96B) AllocSpace objects, 0(0B) LOS objects, 34% free, 30MB/46MB, paused 323us total 14.031ms
08-04 12:48:38.118 28585 28597 I art     : Starting a blocking GC Explicit
08-04 12:48:38.134 28585 28597 I art     : Explicit concurrent mark sweep GC freed 3(96B) AllocSpace objects, 0(0B) LOS objects, 34% free, 30MB/46MB, paused 336us total 15.335ms
08-04 12:48:38.140 28585 28597 I art     : Starting a blocking GC Explicit
08-04 12:48:38.155 28585 28597 I art     : Explicit concurrent mark sweep GC freed 3(96B) AllocSpace objects, 0(0B) LOS objects, 34% free, 30MB/46MB, paused 336us total 15.153ms
08-04 12:48:38.343 28163 28163 I ServiceManager: Waiting for service AtCmdFwd...
08-04 12:48:38.468 28585 28598 I art     : Starting a blocking GC Explicit
08-04 12:48:38.485 28585 28598 I art     : Explicit concurrent mark sweep GC freed 1389(80KB) AllocSpace objects, 1(20KB) LOS objects, 34% free, 30MB/46MB, paused 366us total 16.406ms
08-04 12:48:38.491 28585 28598 I art     : Starting a blocking GC Explicit
08-04 12:48:38.507 28585 28598 I art     : Explicit concurrent mark sweep GC freed 20(704B) AllocSpace objects, 0(0B) LOS objects, 34% free, 30MB/46MB, paused 367us total 15.973ms
08-04 12:48:38.514 28585 28598 I art     : Starting a blocking GC Explicit
08-04 12:48:38.531 28585 28598 I art     : Explicit concurrent mark sweep GC freed 3(96B) AllocSpace objects, 0(0B) LOS objects, 34% free, 30MB/46MB, paused 363us total 16.103ms
08-04 12:48:38.538 28585 28598 I art     : Starting a blocking GC Explicit
08-04 12:48:38.553 28585 28598 I art     : Explicit concurrent mark sweep GC freed 3(96B) AllocSpace objects, 0(0B) LOS objects, 34% free, 30MB/46MB, paused 341us total 15.093ms
08-04 12:48:38.560 28585 28598 I art     : Starting a blocking GC Explicit
08-04 12:48:38.575 28585 28598 I art     : Explicit concurrent mark sweep GC freed 3(96B) AllocSpace objects, 0(0B) LOS objects, 34% free, 30MB/46MB, paused 332us total 15.460ms
08-04 12:48:38.879 28585 28837 I art     : Starting a blocking GC Explicit
08-04 12:48:38.898 28585 28837 I art     : Explicit concurrent mark sweep GC freed 1388(80KB) AllocSpace objects, 1(20KB) LOS objects, 34% free, 30MB/46MB, paused 351us total 18.011ms
08-04 12:48:38.905 28585 28837 I art     : Starting a blocking GC Explicit
08-04 12:48:38.921 28585 28837 I art     : Explicit concurrent mark sweep GC freed 20(704B) AllocSpace objects, 0(0B) LOS objects, 34% free, 30MB/46MB, paused 323us total 15.988ms
08-04 12:48:38.928 28585 28837 I art     : Starting a blocking GC Explicit
08-04 12:48:38.944 28585 28837 I art     : Explicit concurrent mark sweep GC freed 3(96B) AllocSpace objects, 0(0B) LOS objects, 34% free, 30MB/46MB, paused 315us total 15.203ms
08-04 12:48:38.950 28585 28837 I art     : Starting a blocking GC Explicit
08-04 12:48:38.965 28585 28837 I art     : Explicit concurrent mark sweep GC freed 3(96B) AllocSpace objects, 0(0B) LOS objects, 34% free, 30MB/46MB, paused 331us total 15.076ms
08-04 12:48:38.972 28585 28837 I art     : Starting a blocking GC Explicit
08-04 12:48:38.987 28585 28837 I art     : Explicit concurrent mark sweep GC freed 3(96B) AllocSpace objects, 0(0B) LOS objects, 34% free, 30MB/46MB, paused 351us total 15.142ms
08-04 12:48:39.304 28585 28597 I art     : Starting a blocking GC Explicit
08-04 12:48:39.322 28585 28597 I art     : Explicit concurrent mark sweep GC freed 1388(80KB) AllocSpace objects, 1(20KB) LOS objects, 34% free, 30MB/46MB, paused 341us total 17.766ms
08-04 12:48:39.329 28585 28597 I art     : Starting a blocking GC Explicit
08-04 12:48:39.343 28163 28163 I ServiceManager: Waiting for service AtCmdFwd...
08-04 12:48:39.345 28585 28597 I art     : Explicit concurrent mark sweep GC freed 20(704B) AllocSpace objects, 0(0B) LOS objects, 34% free, 30MB/46MB, paused 358us total 15.887ms
08-04 12:48:39.351 28585 28597 I art     : Starting a blocking GC Explicit
08-04 12:48:39.366 28585 28597 I art     : Explicit concurrent mark sweep GC freed 3(96B) AllocSpace objects, 0(0B) LOS objects, 34% free, 30MB/46MB, paused 325us total 14.781ms
08-04 12:48:39.373 28585 28597 I art     : Starting a blocking GC Explicit
08-04 12:48:39.388 28585 28597 I art     : Explicit concurrent mark sweep GC freed 3(96B) AllocSpace objects, 0(0B) LOS objects, 34% free, 30MB/46MB, paused 472us total 15.077ms
08-04 12:48:39.394 28585 28597 I art     : Starting a blocking GC Explicit
08-04 12:48:39.410 28585 28597 I art     : Explicit concurrent mark sweep GC freed 3(96B) AllocSpace objects, 0(0B) LOS objects, 34% free, 30MB/46MB, paused 325us total 15.387ms
08-04 12:48:39.740 28585 28598 I art     : Starting a blocking GC Explicit
08-04 12:48:39.758 28585 28598 I art     : Explicit concurrent mark sweep GC freed 1389(80KB) AllocSpace objects, 1(20KB) LOS objects, 34% free, 30MB/46MB, paused 373us total 18.134ms
08-04 12:48:39.765 28585 28598 I art     : Starting a blocking GC Explicit
08-04 12:48:39.782 28585 28598 I art     : Explicit concurrent mark sweep GC freed 20(704B) AllocSpace objects, 0(0B) LOS objects, 34% free, 30MB/46MB, paused 377us total 16.198ms
08-04 12:48:39.789 28585 28598 I art     : Starting a blocking GC Explicit
08-04 12:48:39.805 28585 28598 I art     : Explicit concurrent mark sweep GC freed 3(96B) AllocSpace objects, 0(0B) LOS objects, 34% free, 30MB/46MB, paused 334us total 15.568ms
08-04 12:48:39.811 28585 28598 I art     : Starting a blocking GC Explicit
08-04 12:48:39.826 28585 28598 I art     : Explicit concurrent mark sweep GC freed 3(96B) AllocSpace objects, 0(0B) LOS objects, 34% free, 30MB/46MB, paused 325us total 14.810ms
08-04 12:48:39.832 28585 28598 I art     : Starting a blocking GC Explicit
08-04 12:48:39.848 28585 28598 I art     : Explicit concurrent mark sweep GC freed 3(96B) AllocSpace objects, 0(0B) LOS objects, 34% free, 30MB/46MB, paused 327us total 15.557ms
08-04 12:48:40.149 28585 28837 I art     : Starting a blocking GC Explicit
08-04 12:48:40.168 28585 28837 I art     : Explicit concurrent mark sweep GC freed 1388(80KB) AllocSpace objects, 1(20KB) LOS objects, 34% free, 30MB/46MB, paused 376us total 19.017ms
08-04 12:48:40.179 28585 28837 I art     : Starting a blocking GC Explicit
08-04 12:48:40.194 28585 28837 I art     : Explicit concurrent mark sweep GC freed 20(704B) AllocSpace objects, 0(0B) LOS objects, 34% free, 30MB/46MB, paused 321us total 14.782ms
08-04 12:48:40.200 28585 28837 I art     : Starting a blocking GC Explicit
08-04 12:48:40.215 28585 28837 I art     : Explicit concurrent mark sweep GC freed 3(96B) AllocSpace objects, 0(0B) LOS objects, 34% free, 30MB/46MB, paused 316us total 14.809ms
08-04 12:48:40.221 28585 28837 I art     : Starting a blocking GC Explicit
08-04 12:48:40.236 28585 28837 I art     : Explicit concurrent mark sweep GC freed 3(96B) AllocSpace objects, 0(0B) LOS objects, 34% free, 30MB/46MB, paused 352us total 14.748ms
08-04 12:48:40.242 28585 28837 I art     : Starting a blocking GC Explicit
08-04 12:48:40.257 28585 28837 I art     : Explicit concurrent mark sweep GC freed 3(96B) AllocSpace objects, 0(0B) LOS objects, 34% free, 30MB/46MB, paused 337us total 14.805ms
08-04 12:48:40.344 28163 28163 I ServiceManager: Waiting for service AtCmdFwd...
08-04 12:48:40.547 28585 28597 I art     : Starting a blocking GC Explicit
08-04 12:48:40.567 28585 28597 I art     : Explicit concurrent mark sweep GC freed 1388(80KB) AllocSpace objects, 1(20KB) LOS objects, 34% free, 30MB/46MB, paused 353us total 18.915ms
08-04 12:48:40.578 28585 28597 I art     : Starting a blocking GC Explicit
08-04 12:48:40.593 28585 28597 I art     : Explicit concurrent mark sweep GC freed 20(704B) AllocSpace objects, 0(0B) LOS objects, 34% free, 30MB/46MB, paused 336us total 14.899ms
08-04 12:48:40.599 28585 28597 I art     : Starting a blocking GC Explicit
08-04 12:48:40.615 28585 28597 I art     : Explicit concurrent mark sweep GC freed 3(96B) AllocSpace objects, 0(0B) LOS objects, 34% free, 30MB/46MB, paused 323us total 14.990ms
08-04 12:48:40.621 28585 28597 I art     : Starting a blocking GC Explicit
08-04 12:48:40.636 28585 28597 I art     : Explicit concurrent mark sweep GC freed 3(96B) AllocSpace objects, 0(0B) LOS objects, 34% free, 30MB/46MB, paused 324us total 14.631ms
08-04 12:48:40.642 28585 28597 I art     : Starting a blocking GC Explicit
08-04 12:48:40.657 28585 28597 I art     : Explicit concurrent mark sweep GC freed 3(96B) AllocSpace objects, 0(0B) LOS objects, 34% free, 30MB/46MB, paused 349us total 14.804ms
08-04 12:48:40.946 28585 28598 I art     : Starting a blocking GC Explicit
08-04 12:48:40.964 28585 28598 I art     : Explicit concurrent mark sweep GC freed 1388(80KB) AllocSpace objects, 1(20KB) LOS objects, 34% free, 30MB/46MB, paused 439us total 17.578ms
08-04 12:48:40.973 28585 28598 I art     : Starting a blocking GC Explicit
08-04 12:48:40.989 28585 28598 I art     : Explicit concurrent mark sweep GC freed 20(704B) AllocSpace objects, 0(0B) LOS objects, 34% free, 30MB/46MB, paused 334us total 15.216ms
08-04 12:48:40.995 28585 28598 I art     : Starting a blocking GC Explicit
08-04 12:48:41.011 28585 28598 I art     : Explicit concurrent mark sweep GC freed 3(96B) AllocSpace objects, 0(0B) LOS objects, 34% free, 30MB/46MB, paused 325us total 15.422ms
08-04 12:48:41.017 28585 28598 I art     : Starting a blocking GC Explicit
08-04 12:48:41.032 28585 28598 I art     : Explicit concurrent mark sweep GC freed 3(96B) AllocSpace objects, 0(0B) LOS objects, 34% free, 30MB/46MB, paused 345us total 15.423ms
08-04 12:48:41.039 28585 28598 I art     : Starting a blocking GC Explicit
08-04 12:48:41.054 28585 28598 I art     : Explicit concurrent mark sweep GC freed 3(96B) AllocSpace objects, 0(0B) LOS objects, 34% free, 30MB/46MB, paused 340us total 15.236ms
08-04 12:48:41.218 13866 13882 I PeriodicStatsRunner: PeriodicStatsRunner.call():175 call()
08-04 12:48:41.218 13866 13882 I PeriodicStatsRunner: PeriodicStatsRunner.call():179 No submit PeriodicStats since input started.
08-04 12:48:41.344 28163 28163 I ServiceManager: Waiting for service AtCmdFwd...
08-04 12:48:41.348 28585 28837 I art     : Starting a blocking GC Explicit
08-04 12:48:41.366 28585 28837 I art     : Explicit concurrent mark sweep GC freed 1388(80KB) AllocSpace objects, 1(20KB) LOS objects, 34% free, 30MB/46MB, paused 354us total 17.914ms
08-04 12:48:41.373 28585 28837 I art     : Starting a blocking GC Explicit
08-04 12:48:41.389 28585 28837 I art     : Explicit concurrent mark sweep GC freed 20(704B) AllocSpace objects, 0(0B) LOS objects, 34% free, 30MB/46MB, paused 322us total 15.602ms
08-04 12:48:41.396 28585 28837 I art     : Starting a blocking GC Explicit
08-04 12:48:41.411 28585 28837 I art     : Explicit concurrent mark sweep GC freed 3(96B) AllocSpace objects, 0(0B) LOS objects, 34% free, 30MB/46MB, paused 318us total 15.418ms
08-04 12:48:41.418 28585 28837 I art     : Starting a blocking GC Explicit
08-04 12:48:41.433 28585 28837 I art     : Explicit concurrent mark sweep GC freed 3(96B) AllocSpace objects, 0(0B) LOS objects, 34% free, 30MB/46MB, paused 330us total 15.378ms
08-04 12:48:41.440 28585 28837 I art     : Starting a blocking GC Explicit
08-04 12:48:41.455 28585 28837 I art     : Explicit concurrent mark sweep GC freed 3(96B) AllocSpace objects, 0(0B) LOS objects, 34% free, 30MB/46MB, paused 326us total 15.221ms
08-04 12:48:41.775 28585 28597 I art     : Starting a blocking GC Explicit
08-04 12:48:41.795 28585 28597 I art     : Explicit concurrent mark sweep GC freed 1388(80KB) AllocSpace objects, 1(20KB) LOS objects, 34% free, 30MB/46MB, paused 360us total 19.084ms
08-04 12:48:41.808 28585 28597 I art     : Starting a blocking GC Explicit
08-04 12:48:41.823 28585 28597 I art     : Explicit concurrent mark sweep GC freed 20(704B) AllocSpace objects, 0(0B) LOS objects, 34% free, 30MB/46MB, paused 327us total 14.853ms
08-04 12:48:41.829 28585 28597 I art     : Starting a blocking GC Explicit
08-04 12:48:41.844 28585 28597 I art     : Explicit concurrent mark sweep GC freed 3(96B) AllocSpace objects, 0(0B) LOS objects, 34% free, 30MB/46MB, paused 318us total 14.872ms
08-04 12:48:41.850 28585 28597 I art     : Starting a blocking GC Explicit
08-04 12:48:41.865 28585 28597 I art     : Explicit concurrent mark sweep GC freed 3(96B) AllocSpace objects, 0(0B) LOS objects, 34% free, 30MB/46MB, paused 342us total 14.991ms
08-04 12:48:41.872 28585 28597 I art     : Starting a blocking GC Explicit
08-04 12:48:41.887 28585 28597 I art     : Explicit concurrent mark sweep GC freed 3(96B) AllocSpace objects, 0(0B) LOS objects, 34% free, 30MB/46MB, paused 400us total 14.828ms
08-04 12:48:42.221 28585 28598 I art     : Starting a blocking GC Explicit
08-04 12:48:42.241 28585 28598 I art     : Explicit concurrent mark sweep GC freed 1388(80KB) AllocSpace objects, 1(20KB) LOS objects, 34% free, 30MB/46MB, paused 369us total 19.235ms
08-04 12:48:42.250 28585 28598 I art     : Starting a blocking GC Explicit
08-04 12:48:42.265 28585 28598 I art     : Explicit concurrent mark sweep GC freed 20(704B) AllocSpace objects, 0(0B) LOS objects, 34% free, 30MB/46MB, paused 344us total 15.228ms
08-04 12:48:42.271 28585 28598 I art     : Starting a blocking GC Explicit
08-04 12:48:42.286 28585 28598 I art     : Explicit concurrent mark sweep GC freed 3(96B) AllocSpace objects, 0(0B) LOS objects, 34% free, 30MB/46MB, paused 323us total 14.744ms
08-04 12:48:42.292 28585 28598 I art     : Starting a blocking GC Explicit
08-04 12:48:42.307 28585 28598 I art     : Explicit concurrent mark sweep GC freed 3(96B) AllocSpace objects, 0(0B) LOS objects, 34% free, 30MB/46MB, paused 315us total 14.791ms
08-04 12:48:42.313 28585 28598 I art     : Starting a blocking GC Explicit
08-04 12:48:42.326 28585 28598 I art     : Explicit concurrent mark sweep GC freed 3(96B) AllocSpace objects, 0(0B) LOS objects, 34% free, 30MB/46MB, paused 314us total 13.379ms
08-04 12:48:42.345 28163 28163 I ServiceManager: Waiting for service AtCmdFwd...
08-04 12:48:42.624 28585 28837 I art     : Starting a blocking GC Explicit
08-04 12:48:42.641 28585 28837 I art     : Explicit concurrent mark sweep GC freed 1388(80KB) AllocSpace objects, 1(20KB) LOS objects, 34% free, 30MB/46MB, paused 326us total 16.588ms
08-04 12:48:42.647 28585 28837 I art     : Starting a blocking GC Explicit
08-04 12:48:42.662 28585 28837 I art     : Explicit concurrent mark sweep GC freed 20(704B) AllocSpace objects, 0(0B) LOS objects, 34% free, 30MB/46MB, paused 311us total 14.633ms
08-04 12:48:42.668 28585 28837 I art     : Starting a blocking GC Explicit
08-04 12:48:42.682 28585 28837 I art     : Explicit concurrent mark sweep GC freed 3(96B) AllocSpace objects, 0(0B) LOS objects, 34% free, 30MB/46MB, paused 444us total 13.987ms
08-04 12:48:42.688 28585 28837 I art     : Starting a blocking GC Explicit
08-04 12:48:42.702 28585 28837 I art     : Explicit concurrent mark sweep GC freed 3(96B) AllocSpace objects, 0(0B) LOS objects, 34% free, 30MB/46MB, paused 317us total 13.932ms
08-04 12:48:42.708 28585 28837 I art     : Starting a blocking GC Explicit
08-04 12:48:42.723 28585 28837 I art     : Explicit concurrent mark sweep GC freed 3(96B) AllocSpace objects, 0(0B) LOS objects, 34% free, 30MB/46MB, paused 341us total 14.674ms
08-04 12:48:43.043 28585 28597 I art     : Starting a blocking GC Explicit
08-04 12:48:43.062 28585 28597 I art     : Explicit concurrent mark sweep GC freed 1388(80KB) AllocSpace objects, 1(20KB) LOS objects, 34% free, 30MB/46MB, paused 345us total 19.240ms
08-04 12:48:43.071 28585 28597 I art     : Starting a blocking GC Explicit
08-04 12:48:43.087 28585 28597 I art     : Explicit concurrent mark sweep GC freed 20(704B) AllocSpace objects, 0(0B) LOS objects, 34% free, 30MB/46MB, paused 354us total 15.693ms
08-04 12:48:43.094 28585 28597 I art     : Starting a blocking GC Explicit
08-04 12:48:43.109 28585 28597 I art     : Explicit concurrent mark sweep GC freed 3(96B) AllocSpace objects, 0(0B) LOS objects, 34% free, 30MB/46MB, paused 363us total 15.236ms
08-04 12:48:43.115 28585 28597 I art     : Starting a blocking GC Explicit
08-04 12:48:43.131 28585 28597 I art     : Explicit concurrent mark sweep GC freed 3(96B) AllocSpace objects, 0(0B) LOS objects, 34% free, 30MB/46MB, paused 339us total 15.331ms
08-04 12:48:43.137 28585 28597 I art     : Starting a blocking GC Explicit
08-04 12:48:43.153 28585 28597 I art     : Explicit concurrent mark sweep GC freed 3(96B) AllocSpace objects, 0(0B) LOS objects, 34% free, 30MB/46MB, paused 324us total 15.194ms
08-04 12:48:43.345 28163 28163 W Atfwd_Sendcmd: AtCmdFwd service not published, waiting... retryCnt : 1
08-04 12:48:43.451 28585 28598 I art     : Starting a blocking GC Explicit
08-04 12:48:43.469 28585 28598 I art     : Explicit concurrent mark sweep GC freed 1388(80KB) AllocSpace objects, 1(20KB) LOS objects, 34% free, 30MB/46MB, paused 330us total 17.596ms
08-04 12:48:43.479 28585 28598 I art     : Starting a blocking GC Explicit
08-04 12:48:43.494 28585 28598 I art     : Explicit concurrent mark sweep GC freed 20(704B) AllocSpace objects, 0(0B) LOS objects, 34% free, 30MB/46MB, paused 331us total 14.823ms
08-04 12:48:43.501 28585 28598 I art     : Starting a blocking GC Explicit
08-04 12:48:43.515 28585 28598 I art     : Explicit concurrent mark sweep GC freed 3(96B) AllocSpace objects, 0(0B) LOS objects, 34% free, 30MB/46MB, paused 332us total 14.667ms
08-04 12:48:43.522 28585 28598 I art     : Starting a blocking GC Explicit
08-04 12:48:43.537 28585 28598 I art     : Explicit concurrent mark sweep GC freed 3(96B) AllocSpace objects, 0(0B) LOS objects, 34% free, 30MB/46MB, paused 426us total 14.870ms
08-04 12:48:43.543 28585 28598 I art     : Starting a blocking GC Explicit
08-04 12:48:43.558 28585 28598 I art     : Explicit concurrent mark sweep GC freed 3(96B) AllocSpace objects, 0(0B) LOS objects, 34% free, 30MB/46MB, paused 340us total 14.892ms
08-04 12:48:43.852 28585 28837 I art     : Starting a blocking GC Explicit
08-04 12:48:43.870 28585 28837 I art     : Explicit concurrent mark sweep GC freed 1388(80KB) AllocSpace objects, 1(20KB) LOS objects, 34% free, 30MB/46MB, paused 329us total 17.862ms
08-04 12:48:43.878 28585 28837 I art     : Starting a blocking GC Explicit
08-04 12:48:43.893 28585 28837 I art     : Explicit concurrent mark sweep GC freed 20(704B) AllocSpace objects, 0(0B) LOS objects, 34% free, 30MB/46MB, paused 321us total 15.240ms
08-04 12:48:43.900 28585 28837 I art     : Starting a blocking GC Explicit
08-04 12:48:43.915 28585 28837 I art     : Explicit concurrent mark sweep GC freed 3(96B) AllocSpace objects, 0(0B) LOS objects, 34% free, 30MB/46MB, paused 331us total 15.098ms
08-04 12:48:43.922 28585 28837 I art     : Starting a blocking GC Explicit
08-04 12:48:43.937 28585 28837 I art     : Explicit concurrent mark sweep GC freed 3(96B) AllocSpace objects, 0(0B) LOS objects, 34% free, 30MB/46MB, paused 424us total 15.224ms
08-04 12:48:43.943 28585 28837 I art     : Starting a blocking GC Explicit
08-04 12:48:43.959 28585 28837 I art     : Explicit concurrent mark sweep GC freed 3(96B) AllocSpace objects, 0(0B) LOS objects, 34% free, 30MB/46MB, paused 324us total 15.235ms
08-04 12:48:44.250 28585 28597 I art     : Starting a blocking GC Explicit
08-04 12:48:44.268 28585 28597 I art     : Explicit concurrent mark sweep GC freed 1388(80KB) AllocSpace objects, 1(20KB) LOS objects, 34% free, 30MB/46MB, paused 505us total 17.645ms
08-04 12:48:44.274 28585 28597 I art     : Starting a blocking GC Explicit
08-04 12:48:44.291 28585 28597 I art     : Explicit concurrent mark sweep GC freed 20(704B) AllocSpace objects, 0(0B) LOS objects, 34% free, 30MB/46MB, paused 334us total 16.051ms
08-04 12:48:44.298 28585 28597 I art     : Starting a blocking GC Explicit
08-04 12:48:44.314 28585 28597 I art     : Explicit concurrent mark sweep GC freed 3(96B) AllocSpace objects, 0(0B) LOS objects, 34% free, 30MB/46MB, paused 356us total 15.954ms
08-04 12:48:44.320 28585 28597 I art     : Starting a blocking GC Explicit
08-04 12:48:44.336 28585 28597 I art     : Explicit concurrent mark sweep GC freed 3(96B) AllocSpace objects, 0(0B) LOS objects, 34% free, 30MB/46MB, paused 323us total 15.271ms
08-04 12:48:44.342 28585 28597 I art     : Starting a blocking GC Explicit
08-04 12:48:44.358 28585 28597 I art     : Explicit concurrent mark sweep GC freed 3(96B) AllocSpace objects, 0(0B) LOS objects, 34% free, 30MB/46MB, paused 323us total 15.326ms
08-04 12:48:44.662 28585 28598 I art     : Starting a blocking GC Explicit
08-04 12:48:44.681 28585 28598 I art     : Explicit concurrent mark sweep GC freed 1388(80KB) AllocSpace objects, 1(20KB) LOS objects, 34% free, 30MB/46MB, paused 372us total 18.498ms
08-04 12:48:44.691 28585 28598 I art     : Starting a blocking GC Explicit
08-04 12:48:44.707 28585 28598 I art     : Explicit concurrent mark sweep GC freed 20(704B) AllocSpace objects, 0(0B) LOS objects, 34% free, 30MB/46MB, paused 385us total 15.009ms
08-04 12:48:44.713 28585 28598 I art     : Starting a blocking GC Explicit
08-04 12:48:44.728 28585 28598 I art     : Explicit concurrent mark sweep GC freed 3(96B) AllocSpace objects, 0(0B) LOS objects, 34% free, 30MB/46MB, paused 333us total 14.897ms
08-04 12:48:44.734 28585 28598 I art     : Starting a blocking GC Explicit
08-04 12:48:44.749 28585 28598 I art     : Explicit concurrent mark sweep GC freed 3(96B) AllocSpace objects, 0(0B) LOS objects, 34% free, 30MB/46MB, paused 330us total 14.772ms
08-04 12:48:44.756 28585 28598 I art     : Starting a blocking GC Explicit
08-04 12:48:44.771 28585 28598 I art     : Explicit concurrent mark sweep GC freed 3(96B) AllocSpace objects, 0(0B) LOS objects, 34% free, 30MB/46MB, paused 325us total 14.951ms
08-04 12:48:44.771 28585 28596 I art     : WaitForGcToComplete blocked for 12.348ms for cause HeapTrim
08-04 12:48:45.066 28585 28837 I art     : Starting a blocking GC Explicit
08-04 12:48:45.084 28585 28837 I art     : Explicit concurrent mark sweep GC freed 1388(80KB) AllocSpace objects, 1(20KB) LOS objects, 34% free, 30MB/46MB, paused 380us total 18.304ms
08-04 12:48:45.096 28585 28837 I art     : Starting a blocking GC Explicit
08-04 12:48:45.112 28585 28837 I art     : Explicit concurrent mark sweep GC freed 20(704B) AllocSpace objects, 0(0B) LOS objects, 34% free, 30MB/46MB, paused 318us total 14.992ms
08-04 12:48:45.118 28585 28837 I art     : Starting a blocking GC Explicit
08-04 12:48:45.133 28585 28837 I art     : Explicit concurrent mark sweep GC freed 3(96B) AllocSpace objects, 0(0B) LOS objects, 34% free, 30MB/46MB, paused 324us total 14.967ms
08-04 12:48:45.139 28585 28837 I art     : Starting a blocking GC Explicit
08-04 12:48:45.154 28585 28837 I art     : Explicit concurrent mark sweep GC freed 3(96B) AllocSpace objects, 0(0B) LOS objects, 34% free, 30MB/46MB, paused 316us total 14.816ms
08-04 12:48:45.161 28585 28837 I art     : Starting a blocking GC Explicit
08-04 12:48:45.176 28585 28837 I art     : Explicit concurrent mark sweep GC freed 3(96B) AllocSpace objects, 0(0B) LOS objects, 34% free, 30MB/46MB, paused 316us total 14.904ms
08-04 12:48:45.469 28585 28597 I art     : Starting a blocking GC Explicit
08-04 12:48:45.487 28585 28597 I art     : Explicit concurrent mark sweep GC freed 1388(80KB) AllocSpace objects, 1(20KB) LOS objects, 34% free, 30MB/46MB, paused 353us total 17.665ms
08-04 12:48:45.498 28585 28597 I art     : Starting a blocking GC Explicit
08-04 12:48:45.513 28585 28597 I art     : Explicit concurrent mark sweep GC freed 20(704B) AllocSpace objects, 0(0B) LOS objects, 34% free, 30MB/46MB, paused 319us total 14.913ms
08-04 12:48:45.519 28585 28597 I art     : Starting a blocking GC Explicit
08-04 12:48:45.534 28585 28597 I art     : Explicit concurrent mark sweep GC freed 3(96B) AllocSpace objects, 0(0B) LOS objects, 34% free, 30MB/46MB, paused 303us total 14.933ms
08-04 12:48:45.541 28585 28597 I art     : Starting a blocking GC Explicit
08-04 12:48:45.555 28585 28597 I art     : Explicit concurrent mark sweep GC freed 3(96B) AllocSpace objects, 0(0B) LOS objects, 34% free, 30MB/46MB, paused 326us total 14.662ms
08-04 12:48:45.562 28585 28597 I art     : Starting a blocking GC Explicit
08-04 12:48:45.577 28585 28597 I art     : Explicit concurrent mark sweep GC freed 3(96B) AllocSpace objects, 0(0B) LOS objects, 34% free, 30MB/46MB, paused 387us total 14.889ms
08-04 12:48:45.899 28585 28598 I art     : Starting a blocking GC Explicit
08-04 12:48:45.918 28585 28598 I art     : Explicit concurrent mark sweep GC freed 1388(80KB) AllocSpace objects, 1(20KB) LOS objects, 34% free, 30MB/46MB, paused 372us total 18.938ms
08-04 12:48:45.928 28585 28598 I art     : Starting a blocking GC Explicit
08-04 12:48:45.943 28585 28598 I art     : Explicit concurrent mark sweep GC freed 20(704B) AllocSpace objects, 0(0B) LOS objects, 34% free, 30MB/46MB, paused 333us total 14.894ms
08-04 12:48:45.949 28585 28598 I art     : Starting a blocking GC Explicit
08-04 12:48:45.964 28585 28598 I art     : Explicit concurrent mark sweep GC freed 3(96B) AllocSpace objects, 0(0B) LOS objects, 34% free, 30MB/46MB, paused 341us total 14.779ms
08-04 12:48:45.971 28585 28598 I art     : Starting a blocking GC Explicit
08-04 12:48:45.986 28585 28598 I art     : Explicit concurrent mark sweep GC freed 3(96B) AllocSpace objects, 0(0B) LOS objects, 34% free, 30MB/46MB, paused 459us total 14.846ms
08-04 12:48:45.992 28585 28598 I art     : Starting a blocking GC Explicit
08-04 12:48:46.007 28585 28598 I art     : Explicit concurrent mark sweep GC freed 3(96B) AllocSpace objects, 0(0B) LOS objects, 34% free, 30MB/46MB, paused 357us total 14.941ms
08-04 12:48:46.303 28585 28837 I art     : Starting a blocking GC Explicit
08-04 12:48:46.320 28585 28837 I art     : Explicit concurrent mark sweep GC freed 1388(80KB) AllocSpace objects, 1(20KB) LOS objects, 34% free, 30MB/46MB, paused 364us total 16.731ms
08-04 12:48:46.327 28585 28837 I art     : Starting a blocking GC Explicit
08-04 12:48:46.343 28585 28837 I art     : Explicit concurrent mark sweep GC freed 20(704B) AllocSpace objects, 0(0B) LOS objects, 34% free, 30MB/46MB, paused 340us total 15.351ms
08-04 12:48:46.349 28585 28837 I art     : Starting a blocking GC Explicit
08-04 12:48:46.364 28585 28837 I art     : Explicit concurrent mark sweep GC freed 3(96B) AllocSpace objects, 0(0B) LOS objects, 34% free, 30MB/46MB, paused 308us total 14.188ms
08-04 12:48:46.370 28585 28837 I art     : Starting a blocking GC Explicit
08-04 12:48:46.383 28585 28837 I art     : Explicit concurrent mark sweep GC freed 3(96B) AllocSpace objects, 0(0B) LOS objects, 34% free, 30MB/46MB, paused 314us total 13.571ms
08-04 12:48:46.389 28585 28837 I art     : Starting a blocking GC Explicit
08-04 12:48:46.404 28585 28837 I art     : Explicit concurrent mark sweep GC freed 3(96B) AllocSpace objects, 0(0B) LOS objects, 34% free, 30MB/46MB, paused 322us total 14.492ms
08-04 12:48:46.551 29105 29105 D AndroidRuntime: >>>>>> START com.android.internal.os.RuntimeInit uid 2000 <<<<<<
08-04 12:48:46.557 29105 29105 D AndroidRuntime: CheckJNI is OFF
08-04 12:48:46.581 29105 29105 D ICU     : No timezone override file found: /data/misc/zoneinfo/current/icu/icu_tzdata.dat
08-04 12:48:46.605 29105 29105 I Radio-JNI: register_android_hardware_Radio DONE
08-04 12:48:46.621 29105 29105 D AndroidRuntime: Calling main entry com.android.commands.input.Input
08-04 12:48:46.622 29105 29105 I Input   : injectMotionEvent: MotionEvent { action=ACTION_DOWN, actionButton=0, id[0]=0, x[0]=436.0, y[0]=453.0, toolType[0]=TOOL_TYPE_UNKNOWN, buttonState=0, metaState=0, flags=0x0, edgeFlags=0x0, pointerCount=1, historySize=0, eventTime=708543035, downTime=708543035, deviceId=0, source=0x1002 }
08-04 12:48:46.626 29105 29105 I Input   : injectMotionEvent: MotionEvent { action=ACTION_UP, actionButton=0, id[0]=0, x[0]=436.0, y[0]=453.0, toolType[0]=TOOL_TYPE_UNKNOWN, buttonState=0, metaState=0, flags=0x0, edgeFlags=0x0, pointerCount=1, historySize=0, eventTime=708543035, downTime=708543035, deviceId=0, source=0x1002 }
08-04 12:48:46.628 29105 29105 D AndroidRuntime: Shutting down VM
08-04 12:48:46.638   512  2967 D audio_hw_primary: out_set_parameters: enter: usecase(1: low-latency-playback) kvpairs: routing=2
08-04 12:48:46.638   918  4413 I ActivityManager: START u0 {cmp=baseline.com.newsblur/.activity.GlobalSharedStoriesReading (has extras)} from uid 10652 on display 0
08-04 12:48:46.651   512  2967 D audio_hw_primary: select_devices: out_snd_device(2: speaker) in_snd_device(0: none)
08-04 12:48:46.651   512  2967 D msm8974_platform: platform_send_audio_calibration: sending audio calibration for snd_device(2) acdb_id(15)
08-04 12:48:46.651   512  2967 I soundtrigger: audio_extn_sound_trigger_update_device_status: device 0x2 of type 0 for Event 1
08-04 12:48:46.662   512  2967 D audio_hw_primary: enable_snd_device: snd_device(2: speaker)
08-04 12:48:46.664   512  2967 D audio_hw_primary: enable_audio_route: apply and update mixer path: low-latency-playback speaker
08-04 12:48:46.672 28585 28598 I art     : Starting a blocking GC Explicit
08-04 12:48:46.689 28585 28598 I art     : Explicit concurrent mark sweep GC freed 2123(185KB) AllocSpace objects, 3(60KB) LOS objects, 33% free, 31MB/47MB, paused 495us total 16.672ms
08-04 12:48:46.696 28585 28598 I art     : Starting a blocking GC Explicit
08-04 12:48:46.711 28585 28598 I art     : Explicit concurrent mark sweep GC freed 1209(109KB) AllocSpace objects, 2(468KB) LOS objects, 33% free, 32MB/48MB, paused 396us total 15.427ms
08-04 12:48:46.717 28585 28598 I art     : Starting a blocking GC Explicit
08-04 12:48:46.732 28585 28598 I art     : Explicit concurrent mark sweep GC freed 126(6KB) AllocSpace objects, 0(0B) LOS objects, 33% free, 32MB/48MB, paused 375us total 14.839ms
08-04 12:48:46.739 28585 28598 I art     : Starting a blocking GC Explicit
08-04 12:48:46.755 28585 28598 I art     : Explicit concurrent mark sweep GC freed 154(26KB) AllocSpace objects, 1(20KB) LOS objects, 33% free, 32MB/48MB, paused 387us total 15.617ms
08-04 12:48:46.761 28585 28598 I art     : Starting a blocking GC Explicit
08-04 12:48:46.776 28585 28598 I art     : Explicit concurrent mark sweep GC freed 37(1344B) AllocSpace objects, 0(0B) LOS objects, 33% free, 32MB/48MB, paused 358us total 14.886ms
08-04 12:48:46.859   918   936 I ActivityManager: Displayed baseline.com.newsblur/.activity.GlobalSharedStoriesReading: +214ms
08-04 12:48:46.859 13866 13866 I GoogleInputMethodServic: GoogleInputMethodService.onFinishInput():3138 
08-04 12:48:46.869 13866 13866 I GoogleInputMethodServic: GoogleInputMethodService.onStartInput():1808 
08-04 12:48:46.876 28585 28585 I WebViewFactory: Loading com.google.android.webview version 84.0.4147.89 (code 414708953)
08-04 12:48:47.006 28585 28837 I art     : Starting a blocking GC Explicit
08-04 12:48:47.026 28585 28837 I art     : Explicit concurrent mark sweep GC freed 4150(372KB) AllocSpace objects, 2(40KB) LOS objects, 31% free, 34MB/50MB, paused 876us total 20.214ms
08-04 12:48:47.038 28585 28837 I art     : Starting a blocking GC Explicit
08-04 12:48:47.050 28585 28585 I cr_LibraryLoader: Loaded native library version number "84.0.4147.89"
08-04 12:48:47.051 28585 28585 I cr_CachingUmaRecorder: Flushed 5 samples from 5 histograms.
08-04 12:48:47.061 28585 28837 I art     : Explicit concurrent mark sweep GC freed 2187(220KB) AllocSpace objects, 3(60KB) LOS objects, 31% free, 34MB/50MB, paused 976us total 22.460ms
08-04 12:48:47.069 28585 28837 I art     : Starting a blocking GC Explicit
08-04 12:48:47.083 28585 28585 E chromium: [ERROR:filesystem_posix.cc(62)] mkdir /data/user/0/baseline.com.newsblur/cache/WebView/Crashpad: No such file or directory (2)
08-04 12:48:47.088 28585 28837 I art     : Explicit concurrent mark sweep GC freed 810(142KB) AllocSpace objects, 0(0B) LOS objects, 31% free, 34MB/50MB, paused 817us total 18.715ms
08-04 12:48:47.097 28585 28837 I art     : Starting a blocking GC Explicit
08-04 12:48:47.116 28585 28837 I art     : Explicit concurrent mark sweep GC freed 635(43KB) AllocSpace objects, 0(0B) LOS objects, 31% free, 34MB/50MB, paused 814us total 18.727ms
08-04 12:48:47.128 28585 28837 I art     : Starting a blocking GC Explicit
08-04 12:48:47.148 28585 28837 I art     : Explicit concurrent mark sweep GC freed 391(35KB) AllocSpace objects, 0(0B) LOS objects, 31% free, 35MB/51MB, paused 1.082ms total 20.163ms
08-04 12:48:47.159   918  4400 D ConnectivityService: listenForNetwork for Listen from uid/pid:10652/28585 for NetworkRequest [ id=2656, legacyType=-1, [ Capabilities: INTERNET&NOT_RESTRICTED&TRUSTED] ]
08-04 12:48:47.208   512  2967 D audio_hw_primary: disable_audio_route: reset and update mixer path: low-latency-playback speaker
08-04 12:48:47.211   512  2967 D audio_hw_primary: disable_snd_device: snd_device(2: speaker)
08-04 12:48:47.220   512  2967 I soundtrigger: audio_extn_sound_trigger_update_device_status: device 0x2 of type 0 for Event 0
08-04 12:48:47.252 28585 29158 W cr_media: Requires BLUETOOTH permission
08-04 12:48:47.271 28585 29174 E libEGL  : validate_display:255 error 3008 (EGL_BAD_DISPLAY)
08-04 12:48:47.279   918  3188 I hubconnection: sensorhub said: 'set_bias 3: -6.2400, 0.0000, 0.0000'
08-04 12:48:47.474 28585 28597 I art     : Starting a blocking GC Explicit
08-04 12:48:47.499 28585 28597 I art     : Explicit concurrent mark sweep GC freed 23965(1464KB) AllocSpace objects, 20(444KB) LOS objects, 30% free, 36MB/52MB, paused 747us total 24.797ms
08-04 12:48:47.507 28585 28597 I art     : Starting a blocking GC Explicit
08-04 12:48:47.528 28585 28597 I art     : Explicit concurrent mark sweep GC freed 1853(81KB) AllocSpace objects, 2(56KB) LOS objects, 30% free, 36MB/52MB, paused 928us total 20.969ms
08-04 12:48:47.537 28585 28597 I art     : Starting a blocking GC Explicit
08-04 12:48:47.557 28585 28597 I art     : Explicit concurrent mark sweep GC freed 9(288B) AllocSpace objects, 0(0B) LOS objects, 30% free, 36MB/52MB, paused 793us total 19.764ms
08-04 12:48:47.563 28585 28597 I art     : Starting a blocking GC Explicit
08-04 12:48:47.583 28585 28597 I art     : Explicit concurrent mark sweep GC freed 3(96B) AllocSpace objects, 0(0B) LOS objects, 30% free, 36MB/52MB, paused 727us total 19.575ms
08-04 12:48:47.590 28585 28597 I art     : Starting a blocking GC Explicit
08-04 12:48:47.610 28585 28597 I art     : Explicit concurrent mark sweep GC freed 3(96B) AllocSpace objects, 0(0B) LOS objects, 30% free, 36MB/52MB, paused 772us total 19.946ms
08-04 12:48:47.793 28585 29192 E baseline.com.newsblur.network.APIResponse: Error (unexpected end of stream on https://www.newsblur.com/...) calling https://www.newsblur.com/reader/mark_story_hashes_as_read/
08-04 12:48:47.793 28585 29192 E baseline.com.newsblur.network.APIResponse: java.io.IOException: unexpected end of stream on https://www.newsblur.com/...
08-04 12:48:47.793 28585 29192 E baseline.com.newsblur.network.APIResponse: 	at okhttp3.internal.http1.Http1ExchangeCodec.readResponseHeaders(Http1ExchangeCodec.java:236)
08-04 12:48:47.793 28585 29192 E baseline.com.newsblur.network.APIResponse: 	at okhttp3.internal.connection.Exchange.readResponseHeaders(Exchange.java:115)
08-04 12:48:47.793 28585 29192 E baseline.com.newsblur.network.APIResponse: 	at okhttp3.internal.http.CallServerInterceptor.intercept(CallServerInterceptor.java:94)
08-04 12:48:47.793 28585 29192 E baseline.com.newsblur.network.APIResponse: 	at okhttp3.internal.http.RealInterceptorChain.proceed(RealInterceptorChain.java:142)
08-04 12:48:47.793 28585 29192 E baseline.com.newsblur.network.APIResponse: 	at okhttp3.internal.connection.ConnectInterceptor.intercept(ConnectInterceptor.java:43)
08-04 12:48:47.793 28585 29192 E baseline.com.newsblur.network.APIResponse: 	at okhttp3.internal.http.RealInterceptorChain.proceed(RealInterceptorChain.java:142)
08-04 12:48:47.793 28585 29192 E baseline.com.newsblur.network.APIResponse: 	at okhttp3.internal.http.RealInterceptorChain.proceed(RealInterceptorChain.java:117)
08-04 12:48:47.793 28585 29192 E baseline.com.newsblur.network.APIResponse: 	at okhttp3.internal.cache.CacheInterceptor.intercept(CacheInterceptor.java:94)
08-04 12:48:47.793 28585 29192 E baseline.com.newsblur.network.APIResponse: 	at okhttp3.internal.http.RealInterceptorChain.proceed(RealInterceptorChain.java:142)
08-04 12:48:47.793 28585 29192 E baseline.com.newsblur.network.APIResponse: 	at okhttp3.internal.http.RealInterceptorChain.proceed(RealInterceptorChain.java:117)
08-04 12:48:47.793 28585 29192 E baseline.com.newsblur.network.APIResponse: 	at okhttp3.internal.http.BridgeInterceptor.intercept(BridgeInterceptor.java:93)
08-04 12:48:47.793 28585 29192 E baseline.com.newsblur.network.APIResponse: 	at okhttp3.internal.http.RealInterceptorChain.proceed(RealInterceptorChain.java:142)
08-04 12:48:47.793 28585 29192 E baseline.com.newsblur.network.APIResponse: 	at okhttp3.internal.http.RetryAndFollowUpInterceptor.intercept(RetryAndFollowUpInterceptor.java:88)
08-04 12:48:47.793 28585 29192 E baseline.com.newsblur.network.APIResponse: 	at okhttp3.internal.http.RealInterceptorChain.proceed(RealInterceptorChain.java:142)
08-04 12:48:47.793 28585 29192 E baseline.com.newsblur.network.APIResponse: 	at okhttp3.internal.http.RealInterceptorChain.proceed(RealInterceptorChain.java:117)
08-04 12:48:47.793 28585 29192 E baseline.com.newsblur.network.APIResponse: 	at okhttp3.RealCall.getResponseWithInterceptorChain(RealCall.java:229)
08-04 12:48:47.793 28585 29192 E baseline.com.newsblur.network.APIResponse: 	at okhttp3.RealCall.execute(RealCall.java:81)
08-04 12:48:47.793 28585 29192 E baseline.com.newsblur.network.APIResponse: 	at baseline.com.newsblur.network.APIResponse.<init>(APIResponse.java:57)
08-04 12:48:47.793 28585 29192 E baseline.com.newsblur.network.APIResponse: 	at baseline.com.newsblur.network.APIResponse.<init>(APIResponse.java:43)
08-04 12:48:47.793 28585 29192 E baseline.com.newsblur.network.APIResponse: 	at baseline.com.newsblur.network.APIManager.post_single(APIManager.java:702)
08-04 12:48:47.793 28585 29192 E baseline.com.newsblur.network.APIResponse: 	at baseline.com.newsblur.network.APIManager.post(APIManager.java:675)
08-04 12:48:47.793 28585 29192 E baseline.com.newsblur.network.APIResponse: 	at baseline.com.newsblur.network.APIManager.post(APIManager.java:714)
08-04 12:48:47.793 28585 29192 E baseline.com.newsblur.network.APIResponse: 	at baseline.com.newsblur.network.APIManager.markStoryAsRead(APIManager.java:205)
08-04 12:48:47.793 28585 29192 E baseline.com.newsblur.network.APIResponse: 	at baseline.com.newsblur.util.ReadingAction.doRemote(ReadingAction.java:281)
08-04 12:48:47.793 28585 29192 E baseline.com.newsblur.network.APIResponse: 	at baseline.com.newsblur.service.NBSyncService.syncActions(NBSyncService.java:400)
08-04 12:48:47.793 28585 29192 E baseline.com.newsblur.network.APIResponse: 	at baseline.com.newsblur.service.NBSyncService.doSync(NBSyncService.java:298)
08-04 12:48:47.793 28585 29192 E baseline.com.newsblur.network.APIResponse: 	at baseline.com.newsblur.service.NBSyncService.access$100(NBSyncService.java:67)
08-04 12:48:47.793 28585 29192 E baseline.com.newsblur.network.APIResponse: 	at baseline.com.newsblur.service.NBSyncService$1.run(NBSyncService.java:188)
08-04 12:48:47.793 28585 29192 E baseline.com.newsblur.network.APIResponse: 	at java.util.concurrent.ThreadPoolExecutor.runWorker(ThreadPoolExecutor.java:1113)
08-04 12:48:47.793 28585 29192 E baseline.com.newsblur.network.APIResponse: 	at java.util.concurrent.ThreadPoolExecutor$Worker.run(ThreadPoolExecutor.java:588)
08-04 12:48:47.793 28585 29192 E baseline.com.newsblur.network.APIResponse: 	at java.lang.Thread.run(Thread.java:818)
08-04 12:48:47.793 28585 29192 E baseline.com.newsblur.network.APIResponse: Caused by: java.io.EOFException: \n not found: limit=0 content=
08-04 12:48:47.793 28585 29192 E baseline.com.newsblur.network.APIResponse: 	at okio.RealBufferedSource.readUtf8LineStrict(RealBufferedSource.java:240)
08-04 12:48:47.793 28585 29192 E baseline.com.newsblur.network.APIResponse: 	at okhttp3.internal.http1.Http1ExchangeCodec.readHeaderLine(Http1ExchangeCodec.java:242)
08-04 12:48:47.793 28585 29192 E baseline.com.newsblur.network.APIResponse: 	at okhttp3.internal.http1.Http1ExchangeCodec.readResponseHeaders(Http1ExchangeCodec.java:213)
08-04 12:48:47.793 28585 29192 E baseline.com.newsblur.network.APIResponse: 	... 30 more
08-04 12:48:47.794 28585 29192 I baseline.com.newsblur.network.APIManager: API call failed, pausing before retry number 1
08-04 12:48:47.916 28585 28598 I art     : Starting a blocking GC Explicit
08-04 12:48:47.945 28585 28598 I art     : Explicit concurrent mark sweep GC freed 8607(599KB) AllocSpace objects, 6(260KB) LOS objects, 30% free, 36MB/52MB, paused 599us total 29.155ms
08-04 12:48:47.955 28585 28598 I art     : Starting a blocking GC Explicit
08-04 12:48:47.981 28585 28598 I art     : Explicit concurrent mark sweep GC freed 1176(124KB) AllocSpace objects, 0(0B) LOS objects, 30% free, 36MB/52MB, paused 623us total 25.743ms
08-04 12:48:47.990 28585 28598 I art     : Starting a blocking GC Explicit
08-04 12:48:48.012 28585 28598 I art     : Explicit concurrent mark sweep GC freed 3(96B) AllocSpace objects, 0(0B) LOS objects, 30% free, 36MB/52MB, paused 546us total 21.359ms
08-04 12:48:48.020 28585 28598 I art     : Starting a blocking GC Explicit
08-04 12:48:48.042 28585 28598 I art     : Explicit concurrent mark sweep GC freed 3(96B) AllocSpace objects, 0(0B) LOS objects, 30% free, 36MB/52MB, paused 539us total 22.336ms
08-04 12:48:48.049 28585 28598 I art     : Starting a blocking GC Explicit
08-04 12:48:48.072 28585 28598 I art     : Explicit concurrent mark sweep GC freed 3(96B) AllocSpace objects, 0(0B) LOS objects, 30% free, 36MB/52MB, paused 619us total 22.198ms
08-04 12:48:48.346 28163 28163 I ServiceManager: Waiting for service AtCmdFwd...
08-04 12:48:48.369 28585 28598 I art     : Starting a blocking GC Explicit
08-04 12:48:48.397 28585 28598 I art     : Explicit concurrent mark sweep GC freed 1440(83KB) AllocSpace objects, 1(20KB) LOS objects, 30% free, 36MB/52MB, paused 664us total 26.877ms
08-04 12:48:48.407 28585 28598 I art     : Starting a blocking GC Explicit
08-04 12:48:48.428 28585 28598 I art     : Explicit concurrent mark sweep GC freed 25(880B) AllocSpace objects, 0(0B) LOS objects, 30% free, 36MB/52MB, paused 540us total 21.411ms
08-04 12:48:48.436 28585 28598 I art     : Starting a blocking GC Explicit
08-04 12:48:48.459 28585 28598 I art     : Explicit concurrent mark sweep GC freed 11(352B) AllocSpace objects, 0(0B) LOS objects, 30% free, 36MB/52MB, paused 551us total 22.244ms
08-04 12:48:48.466 28585 28598 I art     : Starting a blocking GC Explicit
08-04 12:48:48.489 28585 28598 I art     : Explicit concurrent mark sweep GC freed 8(256B) AllocSpace objects, 0(0B) LOS objects, 30% free, 36MB/52MB, paused 923us total 22.972ms
08-04 12:48:48.496 28585 28598 I art     : Starting a blocking GC Explicit
08-04 12:48:48.519 28585 28598 I art     : Explicit concurrent mark sweep GC freed 11(352B) AllocSpace objects, 0(0B) LOS objects, 30% free, 36MB/52MB, paused 627us total 22.304ms
08-04 12:48:48.747   918 13198 D NetlinkSocketObserver: NeighborEvent{elapsedMs=1691932621, 192.168.2.254, [7C3953A63323], RTM_NEWNEIGH, NUD_STALE}
08-04 12:48:48.818 28585 28597 I art     : Starting a blocking GC Explicit
08-04 12:48:48.840 28585 28597 I art     : Explicit concurrent mark sweep GC freed 1474(84KB) AllocSpace objects, 1(20KB) LOS objects, 30% free, 36MB/52MB, paused 581us total 21.185ms
08-04 12:48:48.846 28585 28597 I art     : Starting a blocking GC Explicit
08-04 12:48:48.867 28585 28597 I art     : Explicit concurrent mark sweep GC freed 365(12KB) AllocSpace objects, 0(0B) LOS objects, 30% free, 36MB/52MB, paused 612us total 20.233ms
08-04 12:48:48.874 28585 28597 I art     : Starting a blocking GC Explicit
08-04 12:48:48.896 28585 28597 I art     : Explicit concurrent mark sweep GC freed 3(96B) AllocSpace objects, 0(0B) LOS objects, 30% free, 36MB/52MB, paused 559us total 21.955ms
08-04 12:48:48.905 28585 28597 I art     : Starting a blocking GC Explicit
08-04 12:48:48.927 28585 28597 I art     : Explicit concurrent mark sweep GC freed 3(96B) AllocSpace objects, 0(0B) LOS objects, 30% free, 36MB/52MB, paused 620us total 21.910ms
08-04 12:48:48.934 28585 28597 I art     : Starting a blocking GC Explicit
08-04 12:48:48.957 28585 28597 I art     : Explicit concurrent mark sweep GC freed 3(96B) AllocSpace objects, 0(0B) LOS objects, 30% free, 36MB/52MB, paused 706us total 22.761ms
08-04 12:48:49.288 28585 28598 I art     : Starting a blocking GC Explicit
08-04 12:48:49.315 28585 28598 I art     : Explicit concurrent mark sweep GC freed 1532(86KB) AllocSpace objects, 1(20KB) LOS objects, 30% free, 36MB/52MB, paused 700us total 26.978ms
08-04 12:48:49.325 28585 28598 I art     : Starting a blocking GC Explicit
08-04 12:48:49.347 28163 28163 I ServiceManager: Waiting for service AtCmdFwd...
08-04 12:48:49.347 28585 28598 I art     : Explicit concurrent mark sweep GC freed 93(4KB) AllocSpace objects, 0(0B) LOS objects, 30% free, 36MB/52MB, paused 597us total 21.854ms
08-04 12:48:49.356 28585 28598 I art     : Starting a blocking GC Explicit
08-04 12:48:49.378 28585 28598 I art     : Explicit concurrent mark sweep GC freed 12(1408B) AllocSpace objects, 0(0B) LOS objects, 30% free, 36MB/52MB, paused 690us total 21.971ms
08-04 12:48:49.386 28585 28598 I art     : Starting a blocking GC Explicit
08-04 12:48:49.408 28585 28598 I art     : Explicit concurrent mark sweep GC freed 3(96B) AllocSpace objects, 0(0B) LOS objects, 30% free, 36MB/52MB, paused 621us total 22.613ms
08-04 12:48:49.415 28585 28598 I art     : Starting a blocking GC Explicit
08-04 12:48:49.438 28585 28598 I art     : Explicit concurrent mark sweep GC freed 3(96B) AllocSpace objects, 0(0B) LOS objects, 30% free, 36MB/52MB, paused 751us total 22.502ms
08-04 12:48:49.699   518   646 I ThermalEngine: ACTION: GPU - Setting GPU[0] to 510000000
08-04 12:48:49.767 28585 28837 I art     : Starting a blocking GC Explicit
08-04 12:48:49.794 28585 29192 E baseline.com.newsblur.network.APIResponse: Error (unexpected end of stream on https://www.newsblur.com/...) calling https://www.newsblur.com/reader/mark_story_hashes_as_read/
08-04 12:48:49.794 28585 29192 E baseline.com.newsblur.network.APIResponse: java.io.IOException: unexpected end of stream on https://www.newsblur.com/...
08-04 12:48:49.794 28585 29192 E baseline.com.newsblur.network.APIResponse: 	at okhttp3.internal.http1.Http1ExchangeCodec.readResponseHeaders(Http1ExchangeCodec.java:236)
08-04 12:48:49.794 28585 29192 E baseline.com.newsblur.network.APIResponse: 	at okhttp3.internal.connection.Exchange.readResponseHeaders(Exchange.java:115)
08-04 12:48:49.794 28585 29192 E baseline.com.newsblur.network.APIResponse: 	at okhttp3.internal.http.CallServerInterceptor.intercept(CallServerInterceptor.java:94)
08-04 12:48:49.794 28585 29192 E baseline.com.newsblur.network.APIResponse: 	at okhttp3.internal.http.RealInterceptorChain.proceed(RealInterceptorChain.java:142)
08-04 12:48:49.794 28585 29192 E baseline.com.newsblur.network.APIResponse: 	at okhttp3.internal.connection.ConnectInterceptor.intercept(ConnectInterceptor.java:43)
08-04 12:48:49.794 28585 29192 E baseline.com.newsblur.network.APIResponse: 	at okhttp3.internal.http.RealInterceptorChain.proceed(RealInterceptorChain.java:142)
08-04 12:48:49.794 28585 29192 E baseline.com.newsblur.network.APIResponse: 	at okhttp3.internal.http.RealInterceptorChain.proceed(RealInterceptorChain.java:117)
08-04 12:48:49.794 28585 29192 E baseline.com.newsblur.network.APIResponse: 	at okhttp3.internal.cache.CacheInterceptor.intercept(CacheInterceptor.java:94)
08-04 12:48:49.794 28585 29192 E baseline.com.newsblur.network.APIResponse: 	at okhttp3.internal.http.RealInterceptorChain.proceed(RealInterceptorChain.java:142)
08-04 12:48:49.794 28585 29192 E baseline.com.newsblur.network.APIResponse: 	at okhttp3.internal.http.RealInterceptorChain.proceed(RealInterceptorChain.java:117)
08-04 12:48:49.794 28585 29192 E baseline.com.newsblur.network.APIResponse: 	at okhttp3.internal.http.BridgeInterceptor.intercept(BridgeInterceptor.java:93)
08-04 12:48:49.794 28585 29192 E baseline.com.newsblur.network.APIResponse: 	at okhttp3.internal.http.RealInterceptorChain.proceed(RealInterceptorChain.java:142)
08-04 12:48:49.794 28585 29192 E baseline.com.newsblur.network.APIResponse: 	at okhttp3.internal.http.RetryAndFollowUpInterceptor.intercept(RetryAndFollowUpInterceptor.java:88)
08-04 12:48:49.794 28585 29192 E baseline.com.newsblur.network.APIResponse: 	at okhttp3.internal.http.RealInterceptorChain.proceed(RealInterceptorChain.java:142)
08-04 12:48:49.794 28585 29192 E baseline.com.newsblur.network.APIResponse: 	at okhttp3.internal.http.RealInterceptorChain.proceed(RealInterceptorChain.java:117)
08-04 12:48:49.794 28585 29192 E baseline.com.newsblur.network.APIResponse: 	at okhttp3.RealCall.getResponseWithInterceptorChain(RealCall.java:229)
08-04 12:48:49.794 28585 29192 E baseline.com.newsblur.network.APIResponse: 	at okhttp3.RealCall.execute(RealCall.java:81)
08-04 12:48:49.794 28585 29192 E baseline.com.newsblur.network.APIResponse: 	at baseline.com.newsblur.network.APIResponse.<init>(APIResponse.java:57)
08-04 12:48:49.794 28585 29192 E baseline.com.newsblur.network.APIResponse: 	at baseline.com.newsblur.network.APIResponse.<init>(APIResponse.java:43)
08-04 12:48:49.794 28585 29192 E baseline.com.newsblur.network.APIResponse: 	at baseline.com.newsblur.network.APIManager.post_single(APIManager.java:702)
08-04 12:48:49.794 28585 29192 E baseline.com.newsblur.network.APIResponse: 	at baseline.com.newsblur.network.APIManager.post(APIManager.java:675)
08-04 12:48:49.794 28585 29192 E baseline.com.newsblur.network.APIResponse: 	at baseline.com.newsblur.network.APIManager.post(APIManager.java:714)
08-04 12:48:49.794 28585 29192 E baseline.com.newsblur.network.APIResponse: 	at baseline.com.newsblur.network.APIManager.markStoryAsRead(APIManager.java:205)
08-04 12:48:49.794 28585 29192 E baseline.com.newsblur.network.APIResponse: 	at baseline.com.newsblur.util.ReadingAction.doRemote(ReadingAction.java:281)
08-04 12:48:49.794 28585 29192 E baseline.com.newsblur.network.APIResponse: 	at baseline.com.newsblur.service.NBSyncService.syncActions(NBSyncService.java:400)
08-04 12:48:49.794 28585 29192 E baseline.com.newsblur.network.APIResponse: 	at baseline.com.newsblur.service.NBSyncService.doSync(NBSyncService.java:298)
08-04 12:48:49.794 28585 29192 E baseline.com.newsblur.network.APIResponse: 	at baseline.com.newsblur.service.NBSyncService.access$100(NBSyncService.java:67)
08-04 12:48:49.794 28585 29192 E baseline.com.newsblur.network.APIResponse: 	at baseline.com.newsblur.service.NBSyncService$1.run(NBSyncService.java:188)
08-04 12:48:49.794 28585 29192 E baseline.com.newsblur.network.APIResponse: 	at java.util.concurrent.ThreadPoolExecutor.runWorker(ThreadPoolExecutor.java:1113)
08-04 12:48:49.794 28585 29192 E baseline.com.newsblur.network.APIResponse: 	at java.util.concurrent.ThreadPoolExecutor$Worker.run(ThreadPoolExecutor.java:588)
08-04 12:48:49.794 28585 29192 E baseline.com.newsblur.network.APIResponse: 	at java.lang.Thread.run(Thread.java:818)
08-04 12:48:49.794 28585 29192 E baseline.com.newsblur.network.APIResponse: Caused by: java.io.EOFException: \n not found: limit=0 content=
08-04 12:48:49.794 28585 29192 E baseline.com.newsblur.network.APIResponse: 	at okio.RealBufferedSource.readUtf8LineStrict(RealBufferedSource.java:240)
08-04 12:48:49.794 28585 29192 E baseline.com.newsblur.network.APIResponse: 	at okhttp3.internal.http1.Http1ExchangeCodec.readHeaderLine(Http1ExchangeCodec.java:242)
08-04 12:48:49.794 28585 29192 E baseline.com.newsblur.network.APIResponse: 	at okhttp3.internal.http1.Http1ExchangeCodec.readResponseHeaders(Http1ExchangeCodec.java:213)
08-04 12:48:49.794 28585 29192 E baseline.com.newsblur.network.APIResponse: 	... 30 more
08-04 12:48:49.795 28585 29192 I baseline.com.newsblur.network.APIManager: API call failed, pausing before retry number 2
08-04 12:48:49.801 28585 28837 I art     : Explicit concurrent mark sweep GC freed 3846(309KB) AllocSpace objects, 2(40KB) LOS objects, 30% free, 36MB/52MB, paused 960us total 33.131ms
08-04 12:48:49.813 28585 28837 I art     : Starting a blocking GC Explicit
08-04 12:48:49.845 28585 28837 I art     : Explicit concurrent mark sweep GC freed 178(51KB) AllocSpace objects, 1(20KB) LOS objects, 30% free, 36MB/52MB, paused 777us total 32.288ms
08-04 12:48:49.856 28585 28837 I art     : Starting a blocking GC Explicit
08-04 12:48:49.887 28585 28837 I art     : Explicit concurrent mark sweep GC freed 35(1216B) AllocSpace objects, 0(0B) LOS objects, 30% free, 36MB/52MB, paused 1.030ms total 30.540ms
08-04 12:48:49.899 28585 28837 I art     : Starting a blocking GC Explicit
08-04 12:48:49.931 28585 28837 I art     : Explicit concurrent mark sweep GC freed 3(96B) AllocSpace objects, 0(0B) LOS objects, 30% free, 36MB/52MB, paused 780us total 31.341ms
08-04 12:48:49.942 28585 28837 I art     : Starting a blocking GC Explicit
08-04 12:48:49.974 28585 28837 I art     : Explicit concurrent mark sweep GC freed 3(96B) AllocSpace objects, 0(0B) LOS objects, 30% free, 36MB/52MB, paused 862us total 30.973ms
08-04 12:48:50.294 28585 28598 I art     : Starting a blocking GC Explicit
08-04 12:48:50.328 28585 28598 I art     : Explicit concurrent mark sweep GC freed 1440(83KB) AllocSpace objects, 1(20KB) LOS objects, 30% free, 36MB/52MB, paused 873us total 33.851ms
08-04 12:48:50.339 28585 28598 I art     : Starting a blocking GC Explicit
08-04 12:48:50.347 28163 28163 I ServiceManager: Waiting for service AtCmdFwd...
08-04 12:48:50.370 28585 28598 I art     : Explicit concurrent mark sweep GC freed 22(784B) AllocSpace objects, 0(0B) LOS objects, 30% free, 36MB/52MB, paused 915us total 30.546ms
08-04 12:48:50.382 28585 28598 I art     : Starting a blocking GC Explicit
08-04 12:48:50.414 28585 28598 I art     : Explicit concurrent mark sweep GC freed 3(96B) AllocSpace objects, 0(0B) LOS objects, 30% free, 36MB/52MB, paused 782us total 31.948ms
08-04 12:48:50.425 28585 28598 I art     : Starting a blocking GC Explicit
08-04 12:48:50.457 28585 28598 I art     : Explicit concurrent mark sweep GC freed 3(96B) AllocSpace objects, 0(0B) LOS objects, 30% free, 36MB/52MB, paused 916us total 31.634ms
08-04 12:48:50.468 28585 28598 I art     : Starting a blocking GC Explicit
08-04 12:48:50.500 28585 28598 I art     : Explicit concurrent mark sweep GC freed 3(96B) AllocSpace objects, 0(0B) LOS objects, 30% free, 36MB/52MB, paused 1.013ms total 31.384ms
08-04 12:48:50.832 28585 28597 I art     : Starting a blocking GC Explicit
08-04 12:48:50.865 28585 28597 I art     : Explicit concurrent mark sweep GC freed 1439(83KB) AllocSpace objects, 1(20KB) LOS objects, 30% free, 36MB/52MB, paused 784us total 32.567ms
08-04 12:48:50.877 28585 28597 I art     : Starting a blocking GC Explicit
08-04 12:48:50.909 28585 28597 I art     : Explicit concurrent mark sweep GC freed 22(784B) AllocSpace objects, 0(0B) LOS objects, 30% free, 36MB/52MB, paused 1.130ms total 32.131ms
08-04 12:48:50.920 28585 28597 I art     : Starting a blocking GC Explicit
08-04 12:48:50.947 28585 28597 I art     : Explicit concurrent mark sweep GC freed 3(96B) AllocSpace objects, 0(0B) LOS objects, 30% free, 36MB/52MB, paused 856us total 26.822ms
08-04 12:48:50.957 28585 28597 I art     : Starting a blocking GC Explicit
08-04 12:48:50.983 28585 28597 I art     : Explicit concurrent mark sweep GC freed 3(96B) AllocSpace objects, 0(0B) LOS objects, 30% free, 36MB/52MB, paused 815us total 25.913ms
08-04 12:48:50.994 28585 28597 I art     : Starting a blocking GC Explicit
08-04 12:48:51.024 28585 28597 I art     : Explicit concurrent mark sweep GC freed 3(96B) AllocSpace objects, 0(0B) LOS objects, 30% free, 36MB/52MB, paused 917us total 30.006ms
08-04 12:48:51.348 28163 28163 I ServiceManager: Waiting for service AtCmdFwd...
08-04 12:48:51.350 28585 28597 I art     : Starting a blocking GC Explicit
08-04 12:48:51.382 28585 28597 I art     : Explicit concurrent mark sweep GC freed 1439(82KB) AllocSpace objects, 1(20KB) LOS objects, 30% free, 36MB/52MB, paused 775us total 31.131ms
08-04 12:48:51.393 28585 28597 I art     : Starting a blocking GC Explicit
08-04 12:48:51.425 28585 28597 I art     : Explicit concurrent mark sweep GC freed 22(784B) AllocSpace objects, 0(0B) LOS objects, 30% free, 36MB/52MB, paused 908us total 31.743ms
08-04 12:48:51.436 28585 28597 I art     : Starting a blocking GC Explicit
08-04 12:48:51.467 28585 28597 I art     : Explicit concurrent mark sweep GC freed 3(96B) AllocSpace objects, 0(0B) LOS objects, 30% free, 36MB/52MB, paused 930us total 30.980ms
08-04 12:48:51.479 28585 28597 I art     : Starting a blocking GC Explicit
08-04 12:48:51.512 28585 28597 I art     : Explicit concurrent mark sweep GC freed 3(96B) AllocSpace objects, 0(0B) LOS objects, 30% free, 36MB/52MB, paused 1.078ms total 32.516ms
08-04 12:48:51.522 28585 28597 I art     : Starting a blocking GC Explicit
08-04 12:48:51.550 28585 28597 I art     : Explicit concurrent mark sweep GC freed 3(96B) AllocSpace objects, 0(0B) LOS objects, 30% free, 36MB/52MB, paused 767us total 27.341ms
08-04 12:48:51.861 13866 13882 I PeriodicStatsRunner: PeriodicStatsRunner.call():175 call()
08-04 12:48:51.862 13866 13882 I PeriodicStatsRunner: PeriodicStatsRunner.call():179 No submit PeriodicStats since input started.
08-04 12:48:51.892 28585 28837 I art     : Starting a blocking GC Explicit
08-04 12:48:51.922 28585 28837 I art     : Explicit concurrent mark sweep GC freed 1438(82KB) AllocSpace objects, 1(20KB) LOS objects, 30% free, 36MB/52MB, paused 854us total 29.123ms
08-04 12:48:51.931 28585 28837 I art     : Starting a blocking GC Explicit
08-04 12:48:51.959 28585 28837 I art     : Explicit concurrent mark sweep GC freed 22(784B) AllocSpace objects, 0(0B) LOS objects, 30% free, 36MB/52MB, paused 817us total 27.462ms
08-04 12:48:51.968 28585 28837 I art     : Starting a blocking GC Explicit
08-04 12:48:51.996 28585 28837 I art     : Explicit concurrent mark sweep GC freed 3(96B) AllocSpace objects, 0(0B) LOS objects, 30% free, 36MB/52MB, paused 898us total 27.460ms
08-04 12:48:52.005 28585 28837 I art     : Starting a blocking GC Explicit
08-04 12:48:52.032 28585 28837 I art     : Explicit concurrent mark sweep GC freed 3(96B) AllocSpace objects, 0(0B) LOS objects, 30% free, 36MB/52MB, paused 769us total 26.606ms
08-04 12:48:52.042 28585 28837 I art     : Starting a blocking GC Explicit
08-04 12:48:52.068 28585 28837 I art     : Explicit concurrent mark sweep GC freed 3(96B) AllocSpace objects, 0(0B) LOS objects, 30% free, 36MB/52MB, paused 889us total 26.645ms
08-04 12:48:52.348 28163 28163 I ServiceManager: Waiting for service AtCmdFwd...
08-04 12:48:52.398 28585 28837 I art     : Starting a blocking GC Explicit
08-04 12:48:52.431 28585 28837 I art     : Explicit concurrent mark sweep GC freed 1438(82KB) AllocSpace objects, 1(20KB) LOS objects, 30% free, 36MB/52MB, paused 796us total 32.701ms
08-04 12:48:52.441 28585 28837 I art     : Starting a blocking GC Explicit
08-04 12:48:52.472 28585 28837 I art     : Explicit concurrent mark sweep GC freed 24(864B) AllocSpace objects, 0(0B) LOS objects, 30% free, 36MB/52MB, paused 895us total 30.311ms
08-04 12:48:52.484 28585 28837 I art     : Starting a blocking GC Explicit
08-04 12:48:52.516 28585 28837 I art     : Explicit concurrent mark sweep GC freed 3(96B) AllocSpace objects, 0(0B) LOS objects, 30% free, 36MB/52MB, paused 785us total 32.340ms
08-04 12:48:52.528 28585 28837 I art     : Starting a blocking GC Explicit
08-04 12:48:52.557 28585 28837 I art     : Explicit concurrent mark sweep GC freed 3(96B) AllocSpace objects, 0(0B) LOS objects, 30% free, 36MB/52MB, paused 950us total 28.598ms
08-04 12:48:52.566 28585 28837 I art     : Starting a blocking GC Explicit
08-04 12:48:52.591 28585 28837 I art     : Explicit concurrent mark sweep GC freed 3(96B) AllocSpace objects, 0(0B) LOS objects, 30% free, 36MB/52MB, paused 822us total 25.575ms
08-04 12:48:52.705   518   646 I ThermalEngine: ACTION: GPU - Setting GPU[0] to 450000000
08-04 12:48:52.939 28585 28598 I art     : Starting a blocking GC Explicit
08-04 12:48:52.979 28585 28598 I art     : Explicit concurrent mark sweep GC freed 1603(91KB) AllocSpace objects, 1(20KB) LOS objects, 30% free, 36MB/52MB, paused 1.553ms total 39.501ms
08-04 12:48:52.991 28585 28598 I art     : Starting a blocking GC Explicit
08-04 12:48:53.031 28585 28598 I art     : Explicit concurrent mark sweep GC freed 28(1040B) AllocSpace objects, 0(0B) LOS objects, 30% free, 36MB/52MB, paused 1.120ms total 39.412ms
08-04 12:48:53.044 28585 28598 I art     : Starting a blocking GC Explicit
08-04 12:48:53.083 28585 28598 I art     : Explicit concurrent mark sweep GC freed 3(96B) AllocSpace objects, 0(0B) LOS objects, 30% free, 36MB/52MB, paused 1.123ms total 38.600ms
08-04 12:48:53.097 28585 28598 I art     : Starting a blocking GC Explicit
08-04 12:48:53.135 28585 28598 I art     : Explicit concurrent mark sweep GC freed 3(96B) AllocSpace objects, 0(0B) LOS objects, 30% free, 36MB/52MB, paused 1.114ms total 38.040ms
08-04 12:48:53.150 28585 28598 I art     : Starting a blocking GC Explicit
08-04 12:48:53.186 28585 28598 I art     : Explicit concurrent mark sweep GC freed 3(96B) AllocSpace objects, 0(0B) LOS objects, 30% free, 36MB/52MB, paused 1.142ms total 35.991ms
08-04 12:48:53.349 28163 28163 W Atfwd_Sendcmd: AtCmdFwd service not published, waiting... retryCnt : 2
08-04 12:48:53.388 28585 29192 E baseline.com.newsblur.network.APIResponse: Error (unexpected end of stream on https://www.newsblur.com/...) calling https://www.newsblur.com/reader/mark_story_hashes_as_read/
08-04 12:48:53.388 28585 29192 E baseline.com.newsblur.network.APIResponse: java.io.IOException: unexpected end of stream on https://www.newsblur.com/...
08-04 12:48:53.388 28585 29192 E baseline.com.newsblur.network.APIResponse: 	at okhttp3.internal.http1.Http1ExchangeCodec.readResponseHeaders(Http1ExchangeCodec.java:236)
08-04 12:48:53.388 28585 29192 E baseline.com.newsblur.network.APIResponse: 	at okhttp3.internal.connection.Exchange.readResponseHeaders(Exchange.java:115)
08-04 12:48:53.388 28585 29192 E baseline.com.newsblur.network.APIResponse: 	at okhttp3.internal.http.CallServerInterceptor.intercept(CallServerInterceptor.java:94)
08-04 12:48:53.388 28585 29192 E baseline.com.newsblur.network.APIResponse: 	at okhttp3.internal.http.RealInterceptorChain.proceed(RealInterceptorChain.java:142)
08-04 12:48:53.388 28585 29192 E baseline.com.newsblur.network.APIResponse: 	at okhttp3.internal.connection.ConnectInterceptor.intercept(ConnectInterceptor.java:43)
08-04 12:48:53.388 28585 29192 E baseline.com.newsblur.network.APIResponse: 	at okhttp3.internal.http.RealInterceptorChain.proceed(RealInterceptorChain.java:142)
08-04 12:48:53.388 28585 29192 E baseline.com.newsblur.network.APIResponse: 	at okhttp3.internal.http.RealInterceptorChain.proceed(RealInterceptorChain.java:117)
08-04 12:48:53.388 28585 29192 E baseline.com.newsblur.network.APIResponse: 	at okhttp3.internal.cache.CacheInterceptor.intercept(CacheInterceptor.java:94)
08-04 12:48:53.388 28585 29192 E baseline.com.newsblur.network.APIResponse: 	at okhttp3.internal.http.RealInterceptorChain.proceed(RealInterceptorChain.java:142)
08-04 12:48:53.388 28585 29192 E baseline.com.newsblur.network.APIResponse: 	at okhttp3.internal.http.RealInterceptorChain.proceed(RealInterceptorChain.java:117)
08-04 12:48:53.388 28585 29192 E baseline.com.newsblur.network.APIResponse: 	at okhttp3.internal.http.BridgeInterceptor.intercept(BridgeInterceptor.java:93)
08-04 12:48:53.388 28585 29192 E baseline.com.newsblur.network.APIResponse: 	at okhttp3.internal.http.RealInterceptorChain.proceed(RealInterceptorChain.java:142)
08-04 12:48:53.388 28585 29192 E baseline.com.newsblur.network.APIResponse: 	at okhttp3.internal.http.RetryAndFollowUpInterceptor.intercept(RetryAndFollowUpInterceptor.java:88)
08-04 12:48:53.388 28585 29192 E baseline.com.newsblur.network.APIResponse: 	at okhttp3.internal.http.RealInterceptorChain.proceed(RealInterceptorChain.java:142)
08-04 12:48:53.388 28585 29192 E baseline.com.newsblur.network.APIResponse: 	at okhttp3.internal.http.RealInterceptorChain.proceed(RealInterceptorChain.java:117)
08-04 12:48:53.388 28585 29192 E baseline.com.newsblur.network.APIResponse: 	at okhttp3.RealCall.getResponseWithInterceptorChain(RealCall.java:229)
08-04 12:48:53.388 28585 29192 E baseline.com.newsblur.network.APIResponse: 	at okhttp3.RealCall.execute(RealCall.java:81)
08-04 12:48:53.388 28585 29192 E baseline.com.newsblur.network.APIResponse: 	at baseline.com.newsblur.network.APIResponse.<init>(APIResponse.java:57)
08-04 12:48:53.388 28585 29192 E baseline.com.newsblur.network.APIResponse: 	at baseline.com.newsblur.network.APIResponse.<init>(APIResponse.java:43)
08-04 12:48:53.388 28585 29192 E baseline.com.newsblur.network.APIResponse: 	at baseline.com.newsblur.network.APIManager.post_single(APIManager.java:702)
08-04 12:48:53.388 28585 29192 E baseline.com.newsblur.network.APIResponse: 	at baseline.com.newsblur.network.APIManager.post(APIManager.java:675)
08-04 12:48:53.388 28585 29192 E baseline.com.newsblur.network.APIResponse: 	at baseline.com.newsblur.network.APIManager.post(APIManager.java:714)
08-04 12:48:53.388 28585 29192 E baseline.com.newsblur.network.APIResponse: 	at baseline.com.newsblur.network.APIManager.markStoryAsRead(APIManager.java:205)
08-04 12:48:53.388 28585 29192 E baseline.com.newsblur.network.APIResponse: 	at baseline.com.newsblur.util.ReadingAction.doRemote(ReadingAction.java:281)
08-04 12:48:53.388 28585 29192 E baseline.com.newsblur.network.APIResponse: 	at baseline.com.newsblur.service.NBSyncService.syncActions(NBSyncService.java:400)
08-04 12:48:53.388 28585 29192 E baseline.com.newsblur.network.APIResponse: 	at baseline.com.newsblur.service.NBSyncService.doSync(NBSyncService.java:298)
08-04 12:48:53.388 28585 29192 E baseline.com.newsblur.network.APIResponse: 	at baseline.com.newsblur.service.NBSyncService.access$100(NBSyncService.java:67)
08-04 12:48:53.388 28585 29192 E baseline.com.newsblur.network.APIResponse: 	at baseline.com.newsblur.service.NBSyncService$1.run(NBSyncService.java:188)
08-04 12:48:53.388 28585 29192 E baseline.com.newsblur.network.APIResponse: 	at java.util.concurrent.ThreadPoolExecutor.runWorker(ThreadPoolExecutor.java:1113)
08-04 12:48:53.388 28585 29192 E baseline.com.newsblur.network.APIResponse: 	at java.util.concurrent.ThreadPoolExecutor$Worker.run(ThreadPoolExecutor.java:588)
08-04 12:48:53.388 28585 29192 E baseline.com.newsblur.network.APIResponse: 	at java.lang.Thread.run(Thread.java:818)
08-04 12:48:53.388 28585 29192 E baseline.com.newsblur.network.APIResponse: Caused by: java.io.EOFException: \n not found: limit=0 content=
08-04 12:48:53.388 28585 29192 E baseline.com.newsblur.network.APIResponse: 	at okio.RealBufferedSource.readUtf8LineStrict(RealBufferedSource.java:240)
08-04 12:48:53.388 28585 29192 E baseline.com.newsblur.network.APIResponse: 	at okhttp3.internal.http1.Http1ExchangeCodec.readHeaderLine(Http1ExchangeCodec.java:242)
08-04 12:48:53.388 28585 29192 E baseline.com.newsblur.network.APIResponse: 	at okhttp3.internal.http1.Http1ExchangeCodec.readResponseHeaders(Http1ExchangeCodec.java:213)
08-04 12:48:53.388 28585 29192 E baseline.com.newsblur.network.APIResponse: 	... 30 more
08-04 12:48:53.390 28585 29192 I baseline.com.newsblur.service.NBSyncService: Holding reading action with server-side or network error.
08-04 12:48:53.418 28585 29192 W baseline.com.newsblur.service.NBSyncService: hard API failure
08-04 12:48:53.531 28585 28837 I art     : Starting a blocking GC Explicit
08-04 12:48:53.568 28585 28837 I art     : Explicit concurrent mark sweep GC freed 4983(579KB) AllocSpace objects, 17(340KB) LOS objects, 30% free, 36MB/52MB, paused 1.102ms total 36.127ms
08-04 12:48:53.580 28585 28837 I art     : Starting a blocking GC Explicit
08-04 12:48:53.615 28585 28837 I art     : Explicit concurrent mark sweep GC freed 614(22KB) AllocSpace objects, 0(0B) LOS objects, 30% free, 36MB/52MB, paused 1.206ms total 34.866ms
08-04 12:48:53.627 28585 28837 I art     : Starting a blocking GC Explicit
08-04 12:48:53.662 28585 28837 I art     : Explicit concurrent mark sweep GC freed 3(96B) AllocSpace objects, 0(0B) LOS objects, 30% free, 36MB/52MB, paused 1.126ms total 34.672ms
08-04 12:48:53.674 28585 28837 I art     : Starting a blocking GC Explicit
08-04 12:48:53.713 28585 28837 I art     : Explicit concurrent mark sweep GC freed 3(96B) AllocSpace objects, 0(0B) LOS objects, 30% free, 36MB/52MB, paused 1.153ms total 38.403ms
08-04 12:48:53.725 28585 28837 I art     : Starting a blocking GC Explicit
08-04 12:48:53.763 28585 28837 I art     : Explicit concurrent mark sweep GC freed 3(96B) AllocSpace objects, 0(0B) LOS objects, 30% free, 36MB/52MB, paused 1.088ms total 37.366ms
08-04 12:48:54.123 28585 28598 I art     : Starting a blocking GC Explicit
08-04 12:48:54.160 28585 28598 I art     : Explicit concurrent mark sweep GC freed 1401(80KB) AllocSpace objects, 1(20KB) LOS objects, 30% free, 36MB/52MB, paused 1.078ms total 36.514ms
08-04 12:48:54.172 28585 28598 I art     : Starting a blocking GC Explicit
08-04 12:48:54.210 28585 28598 I art     : Explicit concurrent mark sweep GC freed 20(704B) AllocSpace objects, 0(0B) LOS objects, 30% free, 36MB/52MB, paused 1.027ms total 37.865ms
08-04 12:48:54.223 28585 28598 I art     : Starting a blocking GC Explicit
08-04 12:48:54.261 28585 28598 I art     : Explicit concurrent mark sweep GC freed 3(96B) AllocSpace objects, 0(0B) LOS objects, 30% free, 36MB/52MB, paused 1.090ms total 37.973ms
08-04 12:48:54.273 28585 28598 I art     : Starting a blocking GC Explicit
08-04 12:48:54.311 28585 28598 I art     : Explicit concurrent mark sweep GC freed 3(96B) AllocSpace objects, 0(0B) LOS objects, 30% free, 36MB/52MB, paused 1.093ms total 37.686ms
08-04 12:48:54.324 28585 28598 I art     : Starting a blocking GC Explicit
08-04 12:48:54.362 28585 28598 I art     : Explicit concurrent mark sweep GC freed 3(96B) AllocSpace objects, 0(0B) LOS objects, 30% free, 36MB/52MB, paused 1.163ms total 38.123ms
08-04 12:48:54.736 28585 28597 I art     : Starting a blocking GC Explicit
08-04 12:48:54.774 28585 28597 I art     : Explicit concurrent mark sweep GC freed 1398(80KB) AllocSpace objects, 1(20KB) LOS objects, 30% free, 36MB/52MB, paused 1.136ms total 36.810ms
08-04 12:48:54.786 28585 28597 I art     : Starting a blocking GC Explicit
08-04 12:48:54.824 28585 28597 I art     : Explicit concurrent mark sweep GC freed 20(704B) AllocSpace objects, 0(0B) LOS objects, 30% free, 36MB/52MB, paused 1.136ms total 37.585ms
08-04 12:48:54.836 28585 28597 I art     : Starting a blocking GC Explicit
08-04 12:48:54.874 28585 28597 I art     : Explicit concurrent mark sweep GC freed 3(96B) AllocSpace objects, 0(0B) LOS objects, 30% free, 36MB/52MB, paused 1.081ms total 37.298ms
08-04 12:48:54.886 28585 28597 I art     : Starting a blocking GC Explicit
08-04 12:48:54.924 28585 28597 I art     : Explicit concurrent mark sweep GC freed 3(96B) AllocSpace objects, 0(0B) LOS objects, 30% free, 36MB/52MB, paused 1.173ms total 37.696ms
08-04 12:48:54.937 28585 28597 I art     : Starting a blocking GC Explicit
08-04 12:48:54.975 28585 28597 I art     : Explicit concurrent mark sweep GC freed 3(96B) AllocSpace objects, 0(0B) LOS objects, 30% free, 36MB/52MB, paused 1.132ms total 38.239ms
08-04 12:48:55.347 28585 28837 I art     : Starting a blocking GC Explicit
08-04 12:48:55.386 28585 28837 I art     : Explicit concurrent mark sweep GC freed 1398(80KB) AllocSpace objects, 1(20KB) LOS objects, 30% free, 36MB/52MB, paused 1.121ms total 38.907ms
08-04 12:48:55.400 28585 28837 I art     : Starting a blocking GC Explicit
08-04 12:48:55.437 28585 28837 I art     : Explicit concurrent mark sweep GC freed 20(704B) AllocSpace objects, 0(0B) LOS objects, 30% free, 36MB/52MB, paused 1.111ms total 36.470ms
08-04 12:48:55.449 28585 28837 I art     : Starting a blocking GC Explicit
08-04 12:48:55.486 28585 28837 I art     : Explicit concurrent mark sweep GC freed 3(96B) AllocSpace objects, 0(0B) LOS objects, 30% free, 36MB/52MB, paused 1.107ms total 36.628ms
08-04 12:48:55.498 28585 28837 I art     : Starting a blocking GC Explicit
08-04 12:48:55.534 28585 28837 I art     : Explicit concurrent mark sweep GC freed 3(96B) AllocSpace objects, 0(0B) LOS objects, 30% free, 36MB/52MB, paused 1.126ms total 35.862ms
08-04 12:48:55.546 28585 28837 I art     : Starting a blocking GC Explicit
08-04 12:48:55.584 28585 28837 I art     : Explicit concurrent mark sweep GC freed 3(96B) AllocSpace objects, 0(0B) LOS objects, 30% free, 36MB/52MB, paused 1.094ms total 36.960ms
08-04 12:48:55.710   518   646 I ThermalEngine: ACTION: GPU - Setting GPU[0] to 510000000
08-04 12:48:55.925 28585 28598 I art     : Starting a blocking GC Explicit
08-04 12:48:55.954 28585 28598 I art     : Explicit concurrent mark sweep GC freed 1398(80KB) AllocSpace objects, 1(20KB) LOS objects, 30% free, 36MB/52MB, paused 829us total 29.456ms
08-04 12:48:55.967 28585 28598 I art     : Starting a blocking GC Explicit
08-04 12:48:55.993 28585 28598 I art     : Explicit concurrent mark sweep GC freed 20(704B) AllocSpace objects, 0(0B) LOS objects, 30% free, 36MB/52MB, paused 823us total 25.884ms
08-04 12:48:56.002 28585 28598 I art     : Starting a blocking GC Explicit
08-04 12:48:56.029 28585 28598 I art     : Explicit concurrent mark sweep GC freed 3(96B) AllocSpace objects, 0(0B) LOS objects, 30% free, 36MB/52MB, paused 802us total 26.767ms
08-04 12:48:56.038 28585 28598 I art     : Starting a blocking GC Explicit
08-04 12:48:56.065 28585 28598 I art     : Explicit concurrent mark sweep GC freed 3(96B) AllocSpace objects, 0(0B) LOS objects, 30% free, 36MB/52MB, paused 825us total 26.951ms
08-04 12:48:56.074 28585 28598 I art     : Starting a blocking GC Explicit
08-04 12:48:56.101 28585 28598 I art     : Explicit concurrent mark sweep GC freed 3(96B) AllocSpace objects, 0(0B) LOS objects, 30% free, 36MB/52MB, paused 791us total 26.885ms
08-04 12:48:56.471 28585 28597 I art     : Starting a blocking GC Explicit
08-04 12:48:56.500 28585 28597 I art     : Explicit concurrent mark sweep GC freed 1398(80KB) AllocSpace objects, 1(20KB) LOS objects, 30% free, 36MB/52MB, paused 833us total 29.181ms
08-04 12:48:56.512 28585 28597 I art     : Starting a blocking GC Explicit
08-04 12:48:56.539 28585 28597 I art     : Explicit concurrent mark sweep GC freed 20(704B) AllocSpace objects, 0(0B) LOS objects, 30% free, 36MB/52MB, paused 811us total 26.722ms
08-04 12:48:56.548 28585 28597 I art     : Starting a blocking GC Explicit
08-04 12:48:56.575 28585 28597 I art     : Explicit concurrent mark sweep GC freed 3(96B) AllocSpace objects, 0(0B) LOS objects, 30% free, 36MB/52MB, paused 801us total 26.776ms
08-04 12:48:56.584 28585 28597 I art     : Starting a blocking GC Explicit
08-04 12:48:56.611 28585 28597 I art     : Explicit concurrent mark sweep GC freed 3(96B) AllocSpace objects, 0(0B) LOS objects, 30% free, 36MB/52MB, paused 795us total 26.603ms
08-04 12:48:56.620 28585 28597 I art     : Starting a blocking GC Explicit
08-04 12:48:56.648 28585 28597 I art     : Explicit concurrent mark sweep GC freed 3(96B) AllocSpace objects, 0(0B) LOS objects, 30% free, 36MB/52MB, paused 824us total 27.665ms
08-04 12:48:56.981 28585 28837 I art     : Starting a blocking GC Explicit
08-04 12:48:57.011 28585 28837 I art     : Explicit concurrent mark sweep GC freed 1398(80KB) AllocSpace objects, 1(20KB) LOS objects, 30% free, 36MB/52MB, paused 854us total 29.733ms
08-04 12:48:57.023 28585 28837 I art     : Starting a blocking GC Explicit
08-04 12:48:57.050 28585 28837 I art     : Explicit concurrent mark sweep GC freed 20(704B) AllocSpace objects, 0(0B) LOS objects, 30% free, 36MB/52MB, paused 809us total 26.991ms
08-04 12:48:57.059 28585 28837 I art     : Starting a blocking GC Explicit
08-04 12:48:57.086 28585 28837 I art     : Explicit concurrent mark sweep GC freed 3(96B) AllocSpace objects, 0(0B) LOS objects, 30% free, 36MB/52MB, paused 784us total 26.066ms
08-04 12:48:57.095 28585 28837 I art     : Starting a blocking GC Explicit
08-04 12:48:57.122 28585 28837 I art     : Explicit concurrent mark sweep GC freed 3(96B) AllocSpace objects, 0(0B) LOS objects, 30% free, 36MB/52MB, paused 815us total 26.876ms
08-04 12:48:57.131 28585 28837 I art     : Starting a blocking GC Explicit
08-04 12:48:57.159 28585 28837 I art     : Explicit concurrent mark sweep GC freed 3(96B) AllocSpace objects, 0(0B) LOS objects, 30% free, 36MB/52MB, paused 839us total 27.675ms
08-04 12:48:57.488 28585 28598 I art     : Starting a blocking GC Explicit
08-04 12:48:57.519 28585 28598 I art     : Explicit concurrent mark sweep GC freed 1417(81KB) AllocSpace objects, 1(20KB) LOS objects, 30% free, 36MB/52MB, paused 853us total 30.221ms
08-04 12:48:57.532 28585 28598 I art     : Starting a blocking GC Explicit
08-04 12:48:57.559 28585 28598 I art     : Explicit concurrent mark sweep GC freed 26(928B) AllocSpace objects, 0(0B) LOS objects, 30% free, 36MB/52MB, paused 806us total 26.383ms
08-04 12:48:57.568 28585 28598 I art     : Starting a blocking GC Explicit
08-04 12:48:57.595 28585 28598 I art     : Explicit concurrent mark sweep GC freed 3(96B) AllocSpace objects, 0(0B) LOS objects, 30% free, 36MB/52MB, paused 808us total 26.671ms
08-04 12:48:57.604 28585 28598 I art     : Starting a blocking GC Explicit
08-04 12:48:57.631 28585 28598 I art     : Explicit concurrent mark sweep GC freed 3(96B) AllocSpace objects, 0(0B) LOS objects, 30% free, 36MB/52MB, paused 791us total 27.161ms
08-04 12:48:57.641 28585 28598 I art     : Starting a blocking GC Explicit
08-04 12:48:57.668 28585 28598 I art     : Explicit concurrent mark sweep GC freed 3(96B) AllocSpace objects, 0(0B) LOS objects, 30% free, 36MB/52MB, paused 828us total 26.864ms
08-04 12:48:57.992 28585 28597 I art     : Starting a blocking GC Explicit
08-04 12:48:58.023 28585 28597 I art     : Explicit concurrent mark sweep GC freed 1398(80KB) AllocSpace objects, 1(20KB) LOS objects, 30% free, 36MB/52MB, paused 832us total 29.973ms
08-04 12:48:58.037 28585 28597 I art     : Starting a blocking GC Explicit
08-04 12:48:58.064 28585 28597 I art     : Explicit concurrent mark sweep GC freed 20(704B) AllocSpace objects, 0(0B) LOS objects, 30% free, 36MB/52MB, paused 793us total 26.283ms
08-04 12:48:58.073 28585 28597 I art     : Starting a blocking GC Explicit
08-04 12:48:58.100 28585 28597 I art     : Explicit concurrent mark sweep GC freed 3(96B) AllocSpace objects, 0(0B) LOS objects, 30% free, 36MB/52MB, paused 848us total 26.639ms
08-04 12:48:58.109 28585 28597 I art     : Starting a blocking GC Explicit
08-04 12:48:58.136 28585 28597 I art     : Explicit concurrent mark sweep GC freed 3(96B) AllocSpace objects, 0(0B) LOS objects, 30% free, 36MB/52MB, paused 884us total 26.533ms
08-04 12:48:58.146 28585 28597 I art     : Starting a blocking GC Explicit
08-04 12:48:58.172 28585 28597 I art     : Explicit concurrent mark sweep GC freed 3(96B) AllocSpace objects, 0(0B) LOS objects, 30% free, 36MB/52MB, paused 783us total 26.569ms
08-04 12:48:58.519 28585 28837 I art     : Starting a blocking GC Explicit
08-04 12:48:58.549 28585 28837 I art     : Explicit concurrent mark sweep GC freed 1398(80KB) AllocSpace objects, 1(20KB) LOS objects, 30% free, 36MB/52MB, paused 903us total 29.841ms
08-04 12:48:58.558 28585 28837 I art     : Starting a blocking GC Explicit
08-04 12:48:58.585 28585 28837 I art     : Explicit concurrent mark sweep GC freed 20(704B) AllocSpace objects, 0(0B) LOS objects, 30% free, 36MB/52MB, paused 809us total 26.644ms
08-04 12:48:58.594 28585 28837 I art     : Starting a blocking GC Explicit
08-04 12:48:58.621 28585 28837 I art     : Explicit concurrent mark sweep GC freed 3(96B) AllocSpace objects, 0(0B) LOS objects, 30% free, 36MB/52MB, paused 813us total 26.878ms
08-04 12:48:58.631 28585 28837 I art     : Starting a blocking GC Explicit
08-04 12:48:58.657 28585 28837 I art     : Explicit concurrent mark sweep GC freed 3(96B) AllocSpace objects, 0(0B) LOS objects, 30% free, 36MB/52MB, paused 878us total 26.635ms
08-04 12:48:58.667 28585 28837 I art     : Starting a blocking GC Explicit
08-04 12:48:58.694 28585 28837 I art     : Explicit concurrent mark sweep GC freed 3(96B) AllocSpace objects, 0(0B) LOS objects, 30% free, 36MB/52MB, paused 827us total 27.168ms
08-04 12:48:58.719   518   646 I ThermalEngine: ACTION: GPU - Setting GPU[0] to 600000000
08-04 12:48:58.991 28585 28598 I art     : Starting a blocking GC Explicit
08-04 12:48:59.015 28585 28598 I art     : Explicit concurrent mark sweep GC freed 1398(80KB) AllocSpace objects, 1(20KB) LOS objects, 30% free, 36MB/52MB, paused 595us total 22.934ms
08-04 12:48:59.022 28585 28598 I art     : Starting a blocking GC Explicit
08-04 12:48:59.044 28585 28598 I art     : Explicit concurrent mark sweep GC freed 20(704B) AllocSpace objects, 0(0B) LOS objects, 30% free, 36MB/52MB, paused 619us total 21.275ms
08-04 12:48:59.052 28585 28598 I art     : Starting a blocking GC Explicit
08-04 12:48:59.071 28585 28598 I art     : Explicit concurrent mark sweep GC freed 3(96B) AllocSpace objects, 0(0B) LOS objects, 30% free, 36MB/52MB, paused 587us total 19.623ms
08-04 12:48:59.078 28585 28598 I art     : Starting a blocking GC Explicit
08-04 12:48:59.098 28585 28598 I art     : Explicit concurrent mark sweep GC freed 3(96B) AllocSpace objects, 0(0B) LOS objects, 30% free, 36MB/52MB, paused 1.053ms total 20.072ms
08-04 12:48:59.106 28585 28598 I art     : Starting a blocking GC Explicit
08-04 12:48:59.128 28585 28598 I art     : Explicit concurrent mark sweep GC freed 3(96B) AllocSpace objects, 0(0B) LOS objects, 30% free, 36MB/52MB, paused 623us total 21.743ms
08-04 12:48:59.210 29418 29418 D AndroidRuntime: >>>>>> START com.android.internal.os.RuntimeInit uid 2000 <<<<<<
08-04 12:48:59.214 29418 29418 D AndroidRuntime: CheckJNI is OFF
08-04 12:48:59.240 29418 29418 D ICU     : No timezone override file found: /data/misc/zoneinfo/current/icu/icu_tzdata.dat
08-04 12:48:59.268 29418 29418 I Radio-JNI: register_android_hardware_Radio DONE
08-04 12:48:59.284 29418 29418 D AndroidRuntime: Calling main entry com.android.commands.input.Input
08-04 12:48:59.285 29418 29418 I Input   : injectKeyEvent: KeyEvent { action=ACTION_DOWN, keyCode=KEYCODE_BACK, scanCode=0, metaState=0, flags=0x0, repeatCount=0, eventTime=708555698, downTime=708555698, deviceId=-1, source=0x101 }
08-04 12:48:59.293 29418 29418 I Input   : injectKeyEvent: KeyEvent { action=ACTION_UP, keyCode=KEYCODE_BACK, scanCode=0, metaState=0, flags=0x0, repeatCount=0, eventTime=708555698, downTime=708555698, deviceId=-1, source=0x101 }
08-04 12:48:59.300 29418 29418 D AndroidRuntime: Shutting down VM
08-04 12:48:59.389 13866 13866 I GoogleInputMethodServic: GoogleInputMethodService.onFinishInput():3138 
08-04 12:48:59.390 13866 13866 I GoogleInputMethodServic: GoogleInputMethodService.onStartInput():1808 
08-04 12:48:59.394 28585 28598 I art     : Starting a blocking GC Explicit
08-04 12:48:59.417 28585 28598 I art     : Explicit concurrent mark sweep GC freed 4071(327KB) AllocSpace objects, 9(180KB) LOS objects, 30% free, 36MB/52MB, paused 706us total 23.183ms
08-04 12:48:59.424 28585 28598 I art     : Starting a blocking GC Explicit
08-04 12:48:59.447 28585 28598 I art     : Explicit concurrent mark sweep GC freed 669(42KB) AllocSpace objects, 1(20KB) LOS objects, 30% free, 36MB/52MB, paused 899us total 22.774ms
08-04 12:48:59.456 28585 28598 I art     : Starting a blocking GC Explicit
08-04 12:48:59.477 28585 28598 I art     : Explicit concurrent mark sweep GC freed 45(1920B) AllocSpace objects, 1(28KB) LOS objects, 30% free, 36MB/52MB, paused 695us total 20.053ms
08-04 12:48:59.483 28585 28598 I art     : Starting a blocking GC Explicit
08-04 12:48:59.503 28585 28598 I art     : Explicit concurrent mark sweep GC freed 61(4KB) AllocSpace objects, 0(0B) LOS objects, 30% free, 36MB/52MB, paused 694us total 19.554ms
08-04 12:48:59.510 28585 28598 I art     : Starting a blocking GC Explicit
08-04 12:48:59.531 28585 28598 I art     : Explicit concurrent mark sweep GC freed 9(400B) AllocSpace objects, 0(0B) LOS objects, 30% free, 36MB/52MB, paused 655us total 20.041ms
08-04 12:48:59.808 28585 28837 I art     : Starting a blocking GC Explicit
08-04 12:48:59.837 28585 28837 I art     : Explicit concurrent mark sweep GC freed 2734(144KB) AllocSpace objects, 1(20KB) LOS objects, 30% free, 36MB/52MB, paused 738us total 28.692ms
08-04 12:48:59.846 28585 28837 I art     : Starting a blocking GC Explicit
08-04 12:48:59.870 28585 28837 I art     : Explicit concurrent mark sweep GC freed 153(7KB) AllocSpace objects, 0(0B) LOS objects, 30% free, 36MB/52MB, paused 634us total 23.558ms
08-04 12:48:59.879 28585 28837 I art     : Starting a blocking GC Explicit
08-04 12:48:59.902 28585 28837 I art     : Explicit concurrent mark sweep GC freed 2278(119KB) AllocSpace objects, 3(200KB) LOS objects, 30% free, 36MB/52MB, paused 830us total 22.696ms
08-04 12:48:59.909 28585 28837 I art     : Starting a blocking GC Explicit
08-04 12:48:59.930 28585 28837 I art     : Explicit concurrent mark sweep GC freed 1046(120KB) AllocSpace objects, 0(0B) LOS objects, 30% free, 36MB/52MB, paused 666us total 21.484ms
08-04 12:48:59.937 28585 28837 I art     : Starting a blocking GC Explicit
08-04 12:48:59.939 28585 29447 I NAPPA_EXPERIMENTATION: MetricNetworkRequestExecutionTime: REQUEST_DURATION_SYSTEM='538',REQUEST_DURATION_OKHTTP='36',REQUEST_SYNCHRONOUS='TRUE',RESPONSE_CODE='200',RESPONSE_METHOD='GET',RESPONSE_LENGTH_OKHTTP='-1',RESPONSE_LENGTH_HEADER='12364',REQUEST_PROTOCOL='http/1.1',REQUEST_URL='https://www.newsblur.com/social/river_stories?order=newest&page=2&read_filter=all&global_feed=true',
08-04 12:48:59.939 28585 29447 D MY_TAG  : 0, 538
08-04 12:48:59.959 28585 28837 I art     : Explicit concurrent mark sweep GC freed 144(12KB) AllocSpace objects, 0(0B) LOS objects, 30% free, 36MB/52MB, paused 649us total 21.287ms
08-04 12:49:00.252 28585 29451 I art     : Starting a blocking GC Explicit
08-04 12:49:00.284 28585 29451 I art     : Explicit concurrent mark sweep GC freed 34980(2MB) AllocSpace objects, 33(860KB) LOS objects, 30% free, 36MB/52MB, paused 659us total 31.573ms
08-04 12:49:00.294 28585 29451 I art     : Starting a blocking GC Explicit
08-04 12:49:00.315 28585 29451 I art     : Explicit concurrent mark sweep GC freed 2366(201KB) AllocSpace objects, 0(0B) LOS objects, 30% free, 36MB/52MB, paused 623us total 21.307ms
08-04 12:49:00.322 28585 29451 I art     : Starting a blocking GC Explicit
08-04 12:49:00.344 28585 29451 I art     : Explicit concurrent mark sweep GC freed 6(192B) AllocSpace objects, 0(0B) LOS objects, 30% free, 36MB/52MB, paused 641us total 21.659ms
08-04 12:49:00.351 28585 29451 I art     : Starting a blocking GC Explicit
08-04 12:49:00.373 28585 29451 I art     : Explicit concurrent mark sweep GC freed 8(256B) AllocSpace objects, 0(0B) LOS objects, 30% free, 36MB/52MB, paused 667us total 21.803ms
08-04 12:49:00.380 28585 29451 I art     : Starting a blocking GC Explicit
08-04 12:49:00.402 28585 29451 I art     : Explicit concurrent mark sweep GC freed 6(192B) AllocSpace objects, 0(0B) LOS objects, 30% free, 36MB/52MB, paused 662us total 21.163ms
08-04 12:49:00.402 28585 28596 I art     : WaitForGcToComplete blocked for 15.146ms for cause HeapTrim
08-04 12:49:00.681 28585 28598 I art     : Starting a blocking GC Explicit
08-04 12:49:00.708 28585 28598 I art     : Explicit concurrent mark sweep GC freed 1436(81KB) AllocSpace objects, 1(20KB) LOS objects, 30% free, 36MB/52MB, paused 857us total 25.796ms
08-04 12:49:00.716 28585 28598 I art     : Starting a blocking GC Explicit
08-04 12:49:00.722   518   646 I ThermalEngine: ACTION: GPU - Setting GPU[0] to 510000000
08-04 12:49:00.745 28585 28598 I art     : Explicit concurrent mark sweep GC freed 24(832B) AllocSpace objects, 0(0B) LOS objects, 30% free, 36MB/52MB, paused 853us total 28.652ms
08-04 12:49:00.753 28585 28598 I art     : Starting a blocking GC Explicit
08-04 12:49:00.780 28585 28598 I art     : Explicit concurrent mark sweep GC freed 7(224B) AllocSpace objects, 0(0B) LOS objects, 30% free, 36MB/52MB, paused 850us total 26.729ms
08-04 12:49:00.789 28585 28598 I art     : Starting a blocking GC Explicit
08-04 12:49:00.816 28585 28598 I art     : Explicit concurrent mark sweep GC freed 7(224B) AllocSpace objects, 0(0B) LOS objects, 30% free, 36MB/52MB, paused 830us total 26.859ms
08-04 12:49:00.826 28585 28598 I art     : Starting a blocking GC Explicit
08-04 12:49:00.852 28585 28598 I art     : Explicit concurrent mark sweep GC freed 6(192B) AllocSpace objects, 0(0B) LOS objects, 30% free, 36MB/52MB, paused 1.003ms total 26.132ms
08-04 12:49:00.928 29475 29475 D AndroidRuntime: >>>>>> START com.android.internal.os.RuntimeInit uid 2000 <<<<<<
08-04 12:49:00.933 29475 29475 D AndroidRuntime: CheckJNI is OFF
08-04 12:49:00.967 29475 29475 D ICU     : No timezone override file found: /data/misc/zoneinfo/current/icu/icu_tzdata.dat
08-04 12:49:01.000 29475 29475 I Radio-JNI: register_android_hardware_Radio DONE
08-04 12:49:01.022 29475 29475 D AndroidRuntime: Calling main entry com.android.commands.input.Input
08-04 12:49:01.023 29475 29475 I Input   : injectMotionEvent: MotionEvent { action=ACTION_DOWN, actionButton=0, id[0]=0, x[0]=435.0, y[0]=858.0, toolType[0]=TOOL_TYPE_UNKNOWN, buttonState=0, metaState=0, flags=0x0, edgeFlags=0x0, pointerCount=1, historySize=0, eventTime=708557436, downTime=708557436, deviceId=0, source=0x1002 }
08-04 12:49:01.028 29475 29475 I Input   : injectMotionEvent: MotionEvent { action=ACTION_UP, actionButton=0, id[0]=0, x[0]=435.0, y[0]=858.0, toolType[0]=TOOL_TYPE_UNKNOWN, buttonState=0, metaState=0, flags=0x0, edgeFlags=0x0, pointerCount=1, historySize=0, eventTime=708557436, downTime=708557436, deviceId=0, source=0x1002 }
08-04 12:49:01.030 29475 29475 D AndroidRuntime: Shutting down VM
08-04 12:49:01.039   512  2967 D audio_hw_primary: out_set_parameters: enter: usecase(1: low-latency-playback) kvpairs: routing=2
08-04 12:49:01.040   918  4400 I ActivityManager: START u0 {cmp=baseline.com.newsblur/.activity.GlobalSharedStoriesReading (has extras)} from uid 10652 on display 0
08-04 12:49:01.054   512  2967 D audio_hw_primary: select_devices: out_snd_device(2: speaker) in_snd_device(0: none)
08-04 12:49:01.054   512  2967 D msm8974_platform: platform_send_audio_calibration: sending audio calibration for snd_device(2) acdb_id(15)
08-04 12:49:01.055   512  2967 I soundtrigger: audio_extn_sound_trigger_update_device_status: device 0x2 of type 0 for Event 1
08-04 12:49:01.068   512  2967 D audio_hw_primary: enable_snd_device: snd_device(2: speaker)
08-04 12:49:01.070   512  2967 D audio_hw_primary: enable_audio_route: apply and update mixer path: low-latency-playback speaker
08-04 12:49:01.156 28585 28597 I art     : Starting a blocking GC Explicit
08-04 12:49:01.187 28585 28597 I art     : Explicit concurrent mark sweep GC freed 2883(233KB) AllocSpace objects, 6(548KB) LOS objects, 30% free, 36MB/52MB, paused 907us total 31.538ms
08-04 12:49:01.196 28585 28597 I art     : Starting a blocking GC Explicit
08-04 12:49:01.224 28585 28597 I art     : Explicit concurrent mark sweep GC freed 633(46KB) AllocSpace objects, 1(20KB) LOS objects, 30% free, 36MB/52MB, paused 1.166ms total 27.648ms
08-04 12:49:01.226   918   936 I ActivityManager: Displayed baseline.com.newsblur/.activity.GlobalSharedStoriesReading: +173ms
08-04 12:49:01.226 13866 13866 I GoogleInputMethodServic: GoogleInputMethodService.onFinishInput():3138 
08-04 12:49:01.227 13866 13866 I GoogleInputMethodServic: GoogleInputMethodService.onStartInput():1808 
08-04 12:49:01.233 28585 28597 I art     : Starting a blocking GC Explicit
08-04 12:49:01.261 28585 28597 I art     : Explicit concurrent mark sweep GC freed 1250(77KB) AllocSpace objects, 1(20KB) LOS objects, 30% free, 37MB/53MB, paused 1.270ms total 28.473ms
08-04 12:49:01.270 28585 28597 I art     : Starting a blocking GC Explicit
08-04 12:49:01.300 28585 28597 I art     : Explicit concurrent mark sweep GC freed 1057(72KB) AllocSpace objects, 1(20KB) LOS objects, 30% free, 37MB/53MB, paused 1.260ms total 29.302ms
08-04 12:49:01.310 28585 28597 I art     : Starting a blocking GC Explicit
08-04 12:49:01.340 28585 28597 I art     : Explicit concurrent mark sweep GC freed 1117(58KB) AllocSpace objects, 1(20KB) LOS objects, 29% free, 37MB/53MB, paused 1.262ms total 29.735ms
08-04 12:49:01.476 28585 29180 E chromium: [ERROR:tile_manager.cc(793)] WARNING: tile memory limits exceeded, some content may not draw
08-04 12:49:01.477 28585 29180 E chromium: [ERROR:tile_manager.cc(793)] WARNING: tile memory limits exceeded, some content may not draw
08-04 12:49:01.598   512  2967 D audio_hw_primary: disable_audio_route: reset and update mixer path: low-latency-playback speaker
08-04 12:49:01.600   512  2967 D audio_hw_primary: disable_snd_device: snd_device(2: speaker)
08-04 12:49:01.609   512  2967 I soundtrigger: audio_extn_sound_trigger_update_device_status: device 0x2 of type 0 for Event 0
08-04 12:49:01.610 28585 28597 I art     : Starting a blocking GC Explicit
08-04 12:49:01.647 28585 28597 I art     : Explicit concurrent mark sweep GC freed 6705(556KB) AllocSpace objects, 20(452KB) LOS objects, 29% free, 37MB/53MB, paused 932us total 36.797ms
08-04 12:49:01.658 28585 28597 I art     : Starting a blocking GC Explicit
08-04 12:49:01.688 28585 28597 I art     : Explicit concurrent mark sweep GC freed 1121(53KB) AllocSpace objects, 0(0B) LOS objects, 29% free, 37MB/53MB, paused 947us total 29.617ms
08-04 12:49:01.697 28585 28597 I art     : Starting a blocking GC Explicit
08-04 12:49:01.726 28585 28597 I art     : Explicit concurrent mark sweep GC freed 3(96B) AllocSpace objects, 0(0B) LOS objects, 29% free, 37MB/53MB, paused 853us total 28.290ms
08-04 12:49:01.735 28585 28597 I art     : Starting a blocking GC Explicit
08-04 12:49:01.767 28585 28597 I art     : Explicit concurrent mark sweep GC freed 3(96B) AllocSpace objects, 0(0B) LOS objects, 29% free, 37MB/53MB, paused 1.001ms total 31.471ms
08-04 12:49:01.777 28585 28597 I art     : Starting a blocking GC Explicit
08-04 12:49:01.808 28585 28597 I art     : Explicit concurrent mark sweep GC freed 3(96B) AllocSpace objects, 0(0B) LOS objects, 29% free, 37MB/53MB, paused 956us total 30.674ms
08-04 12:49:02.002 28585 29512 E baseline.com.newsblur.network.APIResponse: Error (unexpected end of stream on https://www.newsblur.com/...) calling https://www.newsblur.com/reader/mark_story_hashes_as_read/
08-04 12:49:02.002 28585 29512 E baseline.com.newsblur.network.APIResponse: java.io.IOException: unexpected end of stream on https://www.newsblur.com/...
08-04 12:49:02.002 28585 29512 E baseline.com.newsblur.network.APIResponse: 	at okhttp3.internal.http1.Http1ExchangeCodec.readResponseHeaders(Http1ExchangeCodec.java:236)
08-04 12:49:02.002 28585 29512 E baseline.com.newsblur.network.APIResponse: 	at okhttp3.internal.connection.Exchange.readResponseHeaders(Exchange.java:115)
08-04 12:49:02.002 28585 29512 E baseline.com.newsblur.network.APIResponse: 	at okhttp3.internal.http.CallServerInterceptor.intercept(CallServerInterceptor.java:94)
08-04 12:49:02.002 28585 29512 E baseline.com.newsblur.network.APIResponse: 	at okhttp3.internal.http.RealInterceptorChain.proceed(RealInterceptorChain.java:142)
08-04 12:49:02.002 28585 29512 E baseline.com.newsblur.network.APIResponse: 	at okhttp3.internal.connection.ConnectInterceptor.intercept(ConnectInterceptor.java:43)
08-04 12:49:02.002 28585 29512 E baseline.com.newsblur.network.APIResponse: 	at okhttp3.internal.http.RealInterceptorChain.proceed(RealInterceptorChain.java:142)
08-04 12:49:02.002 28585 29512 E baseline.com.newsblur.network.APIResponse: 	at okhttp3.internal.http.RealInterceptorChain.proceed(RealInterceptorChain.java:117)
08-04 12:49:02.002 28585 29512 E baseline.com.newsblur.network.APIResponse: 	at okhttp3.internal.cache.CacheInterceptor.intercept(CacheInterceptor.java:94)
08-04 12:49:02.002 28585 29512 E baseline.com.newsblur.network.APIResponse: 	at okhttp3.internal.http.RealInterceptorChain.proceed(RealInterceptorChain.java:142)
08-04 12:49:02.002 28585 29512 E baseline.com.newsblur.network.APIResponse: 	at okhttp3.internal.http.RealInterceptorChain.proceed(RealInterceptorChain.java:117)
08-04 12:49:02.002 28585 29512 E baseline.com.newsblur.network.APIResponse: 	at okhttp3.internal.http.BridgeInterceptor.intercept(BridgeInterceptor.java:93)
08-04 12:49:02.002 28585 29512 E baseline.com.newsblur.network.APIResponse: 	at okhttp3.internal.http.RealInterceptorChain.proceed(RealInterceptorChain.java:142)
08-04 12:49:02.002 28585 29512 E baseline.com.newsblur.network.APIResponse: 	at okhttp3.internal.http.RetryAndFollowUpInterceptor.intercept(RetryAndFollowUpInterceptor.java:88)
08-04 12:49:02.002 28585 29512 E baseline.com.newsblur.network.APIResponse: 	at okhttp3.internal.http.RealInterceptorChain.proceed(RealInterceptorChain.java:142)
08-04 12:49:02.002 28585 29512 E baseline.com.newsblur.network.APIResponse: 	at okhttp3.internal.http.RealInterceptorChain.proceed(RealInterceptorChain.java:117)
08-04 12:49:02.002 28585 29512 E baseline.com.newsblur.network.APIResponse: 	at okhttp3.RealCall.getResponseWithInterceptorChain(RealCall.java:229)
08-04 12:49:02.002 28585 29512 E baseline.com.newsblur.network.APIResponse: 	at okhttp3.RealCall.execute(RealCall.java:81)
08-04 12:49:02.002 28585 29512 E baseline.com.newsblur.network.APIResponse: 	at baseline.com.newsblur.network.APIResponse.<init>(APIResponse.java:57)
08-04 12:49:02.002 28585 29512 E baseline.com.newsblur.network.APIResponse: 	at baseline.com.newsblur.network.APIResponse.<init>(APIResponse.java:43)
08-04 12:49:02.002 28585 29512 E baseline.com.newsblur.network.APIResponse: 	at baseline.com.newsblur.network.APIManager.post_single(APIManager.java:702)
08-04 12:49:02.002 28585 29512 E baseline.com.newsblur.network.APIResponse: 	at baseline.com.newsblur.network.APIManager.post(APIManager.java:675)
08-04 12:49:02.002 28585 29512 E baseline.com.newsblur.network.APIResponse: 	at baseline.com.newsblur.network.APIManager.post(APIManager.java:714)
08-04 12:49:02.002 28585 29512 E baseline.com.newsblur.network.APIResponse: 	at baseline.com.newsblur.network.APIManager.markStoryAsRead(APIManager.java:205)
08-04 12:49:02.002 28585 29512 E baseline.com.newsblur.network.APIResponse: 	at baseline.com.newsblur.util.ReadingAction.doRemote(ReadingAction.java:281)
08-04 12:49:02.002 28585 29512 E baseline.com.newsblur.network.APIResponse: 	at baseline.com.newsblur.service.NBSyncService.syncActions(NBSyncService.java:400)
08-04 12:49:02.002 28585 29512 E baseline.com.newsblur.network.APIResponse: 	at baseline.com.newsblur.service.NBSyncService.doSync(NBSyncService.java:298)
08-04 12:49:02.002 28585 29512 E baseline.com.newsblur.network.APIResponse: 	at baseline.com.newsblur.service.NBSyncService.access$100(NBSyncService.java:67)
08-04 12:49:02.002 28585 29512 E baseline.com.newsblur.network.APIResponse: 	at baseline.com.newsblur.service.NBSyncService$1.run(NBSyncService.java:188)
08-04 12:49:02.002 28585 29512 E baseline.com.newsblur.network.APIResponse: 	at java.util.concurrent.ThreadPoolExecutor.runWorker(ThreadPoolExecutor.java:1113)
08-04 12:49:02.002 28585 29512 E baseline.com.newsblur.network.APIResponse: 	at java.util.concurrent.ThreadPoolExecutor$Worker.run(ThreadPoolExecutor.java:588)
08-04 12:49:02.002 28585 29512 E baseline.com.newsblur.network.APIResponse: 	at java.lang.Thread.run(Thread.java:818)
08-04 12:49:02.002 28585 29512 E baseline.com.newsblur.network.APIResponse: Caused by: java.io.EOFException: \n not found: limit=0 content=
08-04 12:49:02.002 28585 29512 E baseline.com.newsblur.network.APIResponse: 	at okio.RealBufferedSource.readUtf8LineStrict(RealBufferedSource.java:240)
08-04 12:49:02.002 28585 29512 E baseline.com.newsblur.network.APIResponse: 	at okhttp3.internal.http1.Http1ExchangeCodec.readHeaderLine(Http1ExchangeCodec.java:242)
08-04 12:49:02.002 28585 29512 E baseline.com.newsblur.network.APIResponse: 	at okhttp3.internal.http1.Http1ExchangeCodec.readResponseHeaders(Http1ExchangeCodec.java:213)
08-04 12:49:02.002 28585 29512 E baseline.com.newsblur.network.APIResponse: 	... 30 more
08-04 12:49:02.004 28585 29512 I baseline.com.newsblur.network.APIManager: API call failed, pausing before retry number 1
08-04 12:49:02.123 28585 29451 I art     : Starting a blocking GC Explicit
08-04 12:49:02.160 28585 29451 I art     : Explicit concurrent mark sweep GC freed 4651(415KB) AllocSpace objects, 6(260KB) LOS objects, 29% free, 37MB/53MB, paused 912us total 36.327ms
08-04 12:49:02.170 28585 29451 I art     : Starting a blocking GC Explicit
08-04 12:49:02.204 28585 29451 I art     : Explicit concurrent mark sweep GC freed 993(118KB) AllocSpace objects, 0(0B) LOS objects, 29% free, 37MB/53MB, paused 874us total 33.140ms
08-04 12:49:02.213 28585 29451 I art     : Starting a blocking GC Explicit
08-04 12:49:02.245 28585 29451 I art     : Explicit concurrent mark sweep GC freed 3(96B) AllocSpace objects, 0(0B) LOS objects, 29% free, 37MB/53MB, paused 861us total 30.841ms
08-04 12:49:02.255 28585 29451 I art     : Starting a blocking GC Explicit
08-04 12:49:02.287 28585 29451 I art     : Explicit concurrent mark sweep GC freed 3(96B) AllocSpace objects, 0(0B) LOS objects, 29% free, 37MB/53MB, paused 1.022ms total 31.919ms
08-04 12:49:02.297 28585 29451 I art     : Starting a blocking GC Explicit
08-04 12:49:02.328 28585 29451 I art     : Explicit concurrent mark sweep GC freed 31(1296B) AllocSpace objects, 0(0B) LOS objects, 29% free, 37MB/53MB, paused 913us total 30.835ms
08-04 12:49:02.467   918  3261 D WifiStateMachine: starting scan for "H369AA63323"WPA_PSK with 2412,5180
08-04 12:49:02.523 28585 29180 E chromium: [ERROR:tile_manager.cc(793)] WARNING: tile memory limits exceeded, some content may not draw
08-04 12:49:02.523 28585 29180 E chromium: [ERROR:tile_manager.cc(793)] WARNING: tile memory limits exceeded, some content may not draw
08-04 12:49:02.548 28585 29180 E chromium: [ERROR:tile_manager.cc(793)] WARNING: tile memory limits exceeded, some content may not draw
08-04 12:49:02.549 28585 29180 E chromium: [ERROR:tile_manager.cc(793)] WARNING: tile memory limits exceeded, some content may not draw
08-04 12:49:02.556 28585 29180 E chromium: [ERROR:tile_manager.cc(793)] WARNING: tile memory limits exceeded, some content may not draw
08-04 12:49:02.557 28585 29180 E chromium: [ERROR:tile_manager.cc(793)] WARNING: tile memory limits exceeded, some content may not draw
08-04 12:49:02.639 28585 29451 I art     : Starting a blocking GC Explicit
08-04 12:49:02.674 28585 29451 I art     : Explicit concurrent mark sweep GC freed 1543(86KB) AllocSpace objects, 1(20KB) LOS objects, 29% free, 37MB/53MB, paused 906us total 35.123ms
08-04 12:49:02.686 28585 29451 I art     : Starting a blocking GC Explicit
08-04 12:49:02.719 28585 29451 I art     : Explicit concurrent mark sweep GC freed 38(1312B) AllocSpace objects, 0(0B) LOS objects, 29% free, 37MB/53MB, paused 907us total 33.098ms
08-04 12:49:02.729 28585 29451 I art     : Starting a blocking GC Explicit
08-04 12:49:02.761 28585 29451 I art     : Explicit concurrent mark sweep GC freed 20(640B) AllocSpace objects, 0(0B) LOS objects, 29% free, 37MB/53MB, paused 865us total 31.583ms
08-04 12:49:02.771 28585 29451 I art     : Starting a blocking GC Explicit
08-04 12:49:02.804 28585 29451 I art     : Explicit concurrent mark sweep GC freed 4(128B) AllocSpace objects, 0(0B) LOS objects, 29% free, 37MB/53MB, paused 991us total 32.368ms
08-04 12:49:02.814 28585 29451 I art     : Starting a blocking GC Explicit
08-04 12:49:02.845 28585 29451 I art     : Explicit concurrent mark sweep GC freed 3(96B) AllocSpace objects, 0(0B) LOS objects, 29% free, 37MB/53MB, paused 859us total 31.108ms
08-04 12:49:03.214 28585 29451 I art     : Starting a blocking GC Explicit
08-04 12:49:03.249 28585 29451 I art     : Explicit concurrent mark sweep GC freed 1440(83KB) AllocSpace objects, 1(20KB) LOS objects, 29% free, 37MB/53MB, paused 1.012ms total 35.305ms
08-04 12:49:03.260 28585 29451 I art     : Starting a blocking GC Explicit
08-04 12:49:03.293 28585 29451 I art     : Explicit concurrent mark sweep GC freed 22(784B) AllocSpace objects, 0(0B) LOS objects, 29% free, 37MB/53MB, paused 860us total 32.226ms
08-04 12:49:03.304 28585 29451 I art     : Starting a blocking GC Explicit
08-04 12:49:03.335 28585 29451 I art     : Explicit concurrent mark sweep GC freed 3(96B) AllocSpace objects, 0(0B) LOS objects, 29% free, 37MB/53MB, paused 935us total 31.405ms
08-04 12:49:03.345 28585 29451 I art     : Starting a blocking GC Explicit
08-04 12:49:03.349 28163 28163 I ServiceManager: Waiting for service AtCmdFwd...
08-04 12:49:03.377 28585 29451 I art     : Explicit concurrent mark sweep GC freed 3(96B) AllocSpace objects, 0(0B) LOS objects, 29% free, 37MB/53MB, paused 907us total 31.375ms
08-04 12:49:03.387 28585 29451 I art     : Starting a blocking GC Explicit
08-04 12:49:03.420 28585 29451 I art     : Explicit concurrent mark sweep GC freed 3(96B) AllocSpace objects, 0(0B) LOS objects, 29% free, 37MB/53MB, paused 856us total 33.003ms
08-04 12:49:03.776 28585 29451 I art     : Starting a blocking GC Explicit
08-04 12:49:03.812 28585 29451 I art     : Explicit concurrent mark sweep GC freed 1606(91KB) AllocSpace objects, 1(20KB) LOS objects, 29% free, 37MB/53MB, paused 897us total 35.452ms
08-04 12:49:03.822 28585 29451 I art     : Starting a blocking GC Explicit
08-04 12:49:03.856 28585 29451 I art     : Explicit concurrent mark sweep GC freed 28(1040B) AllocSpace objects, 0(0B) LOS objects, 29% free, 37MB/53MB, paused 1.029ms total 33.075ms
08-04 12:49:03.866 28585 29451 I art     : Starting a blocking GC Explicit
08-04 12:49:03.899 28585 29451 I art     : Explicit concurrent mark sweep GC freed 3(96B) AllocSpace objects, 0(0B) LOS objects, 29% free, 37MB/53MB, paused 1.073ms total 32.420ms
08-04 12:49:03.909 28585 29451 I art     : Starting a blocking GC Explicit
08-04 12:49:03.941 28585 29451 I art     : Explicit concurrent mark sweep GC freed 3(96B) AllocSpace objects, 0(0B) LOS objects, 29% free, 37MB/53MB, paused 1.958ms total 32.301ms
08-04 12:49:03.951 28585 29451 I art     : Starting a blocking GC Explicit
08-04 12:49:03.983 28585 29451 I art     : Explicit concurrent mark sweep GC freed 614(25KB) AllocSpace objects, 0(0B) LOS objects, 29% free, 37MB/53MB, paused 1.156ms total 31.531ms
08-04 12:49:04.038 28585 29512 E baseline.com.newsblur.network.APIResponse: Error (unexpected end of stream on https://www.newsblur.com/...) calling https://www.newsblur.com/reader/mark_story_hashes_as_read/
08-04 12:49:04.038 28585 29512 E baseline.com.newsblur.network.APIResponse: java.io.IOException: unexpected end of stream on https://www.newsblur.com/...
08-04 12:49:04.038 28585 29512 E baseline.com.newsblur.network.APIResponse: 	at okhttp3.internal.http1.Http1ExchangeCodec.readResponseHeaders(Http1ExchangeCodec.java:236)
08-04 12:49:04.038 28585 29512 E baseline.com.newsblur.network.APIResponse: 	at okhttp3.internal.connection.Exchange.readResponseHeaders(Exchange.java:115)
08-04 12:49:04.038 28585 29512 E baseline.com.newsblur.network.APIResponse: 	at okhttp3.internal.http.CallServerInterceptor.intercept(CallServerInterceptor.java:94)
08-04 12:49:04.038 28585 29512 E baseline.com.newsblur.network.APIResponse: 	at okhttp3.internal.http.RealInterceptorChain.proceed(RealInterceptorChain.java:142)
08-04 12:49:04.038 28585 29512 E baseline.com.newsblur.network.APIResponse: 	at okhttp3.internal.connection.ConnectInterceptor.intercept(ConnectInterceptor.java:43)
08-04 12:49:04.038 28585 29512 E baseline.com.newsblur.network.APIResponse: 	at okhttp3.internal.http.RealInterceptorChain.proceed(RealInterceptorChain.java:142)
08-04 12:49:04.038 28585 29512 E baseline.com.newsblur.network.APIResponse: 	at okhttp3.internal.http.RealInterceptorChain.proceed(RealInterceptorChain.java:117)
08-04 12:49:04.038 28585 29512 E baseline.com.newsblur.network.APIResponse: 	at okhttp3.internal.cache.CacheInterceptor.intercept(CacheInterceptor.java:94)
08-04 12:49:04.038 28585 29512 E baseline.com.newsblur.network.APIResponse: 	at okhttp3.internal.http.RealInterceptorChain.proceed(RealInterceptorChain.java:142)
08-04 12:49:04.038 28585 29512 E baseline.com.newsblur.network.APIResponse: 	at okhttp3.internal.http.RealInterceptorChain.proceed(RealInterceptorChain.java:117)
08-04 12:49:04.038 28585 29512 E baseline.com.newsblur.network.APIResponse: 	at okhttp3.internal.http.BridgeInterceptor.intercept(BridgeInterceptor.java:93)
08-04 12:49:04.038 28585 29512 E baseline.com.newsblur.network.APIResponse: 	at okhttp3.internal.http.RealInterceptorChain.proceed(RealInterceptorChain.java:142)
08-04 12:49:04.038 28585 29512 E baseline.com.newsblur.network.APIResponse: 	at okhttp3.internal.http.RetryAndFollowUpInterceptor.intercept(RetryAndFollowUpInterceptor.java:88)
08-04 12:49:04.038 28585 29512 E baseline.com.newsblur.network.APIResponse: 	at okhttp3.internal.http.RealInterceptorChain.proceed(RealInterceptorChain.java:142)
08-04 12:49:04.038 28585 29512 E baseline.com.newsblur.network.APIResponse: 	at okhttp3.internal.http.RealInterceptorChain.proceed(RealInterceptorChain.java:117)
08-04 12:49:04.038 28585 29512 E baseline.com.newsblur.network.APIResponse: 	at okhttp3.RealCall.getResponseWithInterceptorChain(RealCall.java:229)
08-04 12:49:04.038 28585 29512 E baseline.com.newsblur.network.APIResponse: 	at okhttp3.RealCall.execute(RealCall.java:81)
08-04 12:49:04.038 28585 29512 E baseline.com.newsblur.network.APIResponse: 	at baseline.com.newsblur.network.APIResponse.<init>(APIResponse.java:57)
08-04 12:49:04.038 28585 29512 E baseline.com.newsblur.network.APIResponse: 	at baseline.com.newsblur.network.APIResponse.<init>(APIResponse.java:43)
08-04 12:49:04.038 28585 29512 E baseline.com.newsblur.network.APIResponse: 	at baseline.com.newsblur.network.APIManager.post_single(APIManager.java:702)
08-04 12:49:04.038 28585 29512 E baseline.com.newsblur.network.APIResponse: 	at baseline.com.newsblur.network.APIManager.post(APIManager.java:675)
08-04 12:49:04.038 28585 29512 E baseline.com.newsblur.network.APIResponse: 	at baseline.com.newsblur.network.APIManager.post(APIManager.java:714)
08-04 12:49:04.038 28585 29512 E baseline.com.newsblur.network.APIResponse: 	at baseline.com.newsblur.network.APIManager.markStoryAsRead(APIManager.java:205)
08-04 12:49:04.038 28585 29512 E baseline.com.newsblur.network.APIResponse: 	at baseline.com.newsblur.util.ReadingAction.doRemote(ReadingAction.java:281)
08-04 12:49:04.038 28585 29512 E baseline.com.newsblur.network.APIResponse: 	at baseline.com.newsblur.service.NBSyncService.syncActions(NBSyncService.java:400)
08-04 12:49:04.038 28585 29512 E baseline.com.newsblur.network.APIResponse: 	at baseline.com.newsblur.service.NBSyncService.doSync(NBSyncService.java:298)
08-04 12:49:04.038 28585 29512 E baseline.com.newsblur.network.APIResponse: 	at baseline.com.newsblur.service.NBSyncService.access$100(NBSyncService.java:67)
08-04 12:49:04.038 28585 29512 E baseline.com.newsblur.network.APIResponse: 	at baseline.com.newsblur.service.NBSyncService$1.run(NBSyncService.java:188)
08-04 12:49:04.038 28585 29512 E baseline.com.newsblur.network.APIResponse: 	at java.util.concurrent.ThreadPoolExecutor.runWorker(ThreadPoolExecutor.java:1113)
08-04 12:49:04.038 28585 29512 E baseline.com.newsblur.network.APIResponse: 	at java.util.concurrent.ThreadPoolExecutor$Worker.run(ThreadPoolExecutor.java:588)
08-04 12:49:04.038 28585 29512 E baseline.com.newsblur.network.APIResponse: 	at java.lang.Thread.run(Thread.java:818)
08-04 12:49:04.038 28585 29512 E baseline.com.newsblur.network.APIResponse: Caused by: java.io.EOFException: \n not found: limit=0 content=
08-04 12:49:04.038 28585 29512 E baseline.com.newsblur.network.APIResponse: 	at okio.RealBufferedSource.readUtf8LineStrict(RealBufferedSource.java:240)
08-04 12:49:04.038 28585 29512 E baseline.com.newsblur.network.APIResponse: 	at okhttp3.internal.http1.Http1ExchangeCodec.readHeaderLine(Http1ExchangeCodec.java:242)
08-04 12:49:04.038 28585 29512 E baseline.com.newsblur.network.APIResponse: 	at okhttp3.internal.http1.Http1ExchangeCodec.readResponseHeaders(Http1ExchangeCodec.java:213)
08-04 12:49:04.038 28585 29512 E baseline.com.newsblur.network.APIResponse: 	... 30 more
08-04 12:49:04.040 28585 29512 I baseline.com.newsblur.network.APIManager: API call failed, pausing before retry number 2
08-04 12:49:04.337 28585 28598 I art     : Starting a blocking GC Explicit
08-04 12:49:04.350 28163 28163 I ServiceManager: Waiting for service AtCmdFwd...
08-04 12:49:04.375 28585 28598 I art     : Explicit concurrent mark sweep GC freed 3352(332KB) AllocSpace objects, 3(60KB) LOS objects, 29% free, 37MB/53MB, paused 1.601ms total 37.426ms
08-04 12:49:04.386 28585 28598 I art     : Starting a blocking GC Explicit
08-04 12:49:04.390 13866 13882 I PeriodicStatsRunner: PeriodicStatsRunner.call():175 call()
08-04 12:49:04.390 13866 13882 I PeriodicStatsRunner: PeriodicStatsRunner.call():179 No submit PeriodicStats since input started.
08-04 12:49:04.420 28585 28598 I art     : Explicit concurrent mark sweep GC freed 93(3KB) AllocSpace objects, 0(0B) LOS objects, 29% free, 37MB/53MB, paused 899us total 34.065ms
08-04 12:49:04.430 28585 28598 I art     : Starting a blocking GC Explicit
08-04 12:49:04.461 28585 28598 I art     : Explicit concurrent mark sweep GC freed 3(96B) AllocSpace objects, 0(0B) LOS objects, 29% free, 37MB/53MB, paused 842us total 30.975ms
08-04 12:49:04.471 28585 28598 I art     : Starting a blocking GC Explicit
08-04 12:49:04.503 28585 28598 I art     : Explicit concurrent mark sweep GC freed 3(96B) AllocSpace objects, 0(0B) LOS objects, 29% free, 37MB/53MB, paused 945us total 31.608ms
08-04 12:49:04.513 28585 28598 I art     : Starting a blocking GC Explicit
08-04 12:49:04.544 28585 28598 I art     : Explicit concurrent mark sweep GC freed 3(96B) AllocSpace objects, 0(0B) LOS objects, 29% free, 37MB/53MB, paused 845us total 30.780ms
08-04 12:49:04.732   518   646 I ThermalEngine: ACTION: GPU - Setting GPU[0] to 450000000
08-04 12:49:04.915 28585 28837 I art     : Starting a blocking GC Explicit
08-04 12:49:04.959 28585 28837 I art     : Explicit concurrent mark sweep GC freed 1440(83KB) AllocSpace objects, 1(20KB) LOS objects, 29% free, 37MB/53MB, paused 1.229ms total 43.598ms
08-04 12:49:04.973 28585 28837 I art     : Starting a blocking GC Explicit
08-04 12:49:05.014 28585 28837 I art     : Explicit concurrent mark sweep GC freed 22(784B) AllocSpace objects, 0(0B) LOS objects, 29% free, 37MB/53MB, paused 1.156ms total 40.929ms
08-04 12:49:05.028 28585 28837 I art     : Starting a blocking GC Explicit
08-04 12:49:05.070 28585 28837 I art     : Explicit concurrent mark sweep GC freed 3(96B) AllocSpace objects, 0(0B) LOS objects, 29% free, 37MB/53MB, paused 1.452ms total 41.472ms
08-04 12:49:05.082 28585 28837 I art     : Starting a blocking GC Explicit
08-04 12:49:05.124 28585 28837 I art     : Explicit concurrent mark sweep GC freed 3(96B) AllocSpace objects, 0(0B) LOS objects, 29% free, 37MB/53MB, paused 1.206ms total 41.351ms
08-04 12:49:05.137 28585 28837 I art     : Starting a blocking GC Explicit
08-04 12:49:05.179 28585 28837 I art     : Explicit concurrent mark sweep GC freed 3(96B) AllocSpace objects, 0(0B) LOS objects, 29% free, 37MB/53MB, paused 1.218ms total 41.580ms
08-04 12:49:05.350 28163 28163 I ServiceManager: Waiting for service AtCmdFwd...
08-04 12:49:05.513 28585 28597 I art     : Starting a blocking GC Explicit
08-04 12:49:05.558 28585 28597 I art     : Explicit concurrent mark sweep GC freed 1439(82KB) AllocSpace objects, 1(20KB) LOS objects, 29% free, 37MB/53MB, paused 1.486ms total 44.722ms
08-04 12:49:05.571 28585 28597 I art     : Starting a blocking GC Explicit
08-04 12:49:05.612 28585 28597 I art     : Explicit concurrent mark sweep GC freed 22(784B) AllocSpace objects, 0(0B) LOS objects, 29% free, 37MB/53MB, paused 1.204ms total 41.063ms
08-04 12:49:05.625 28585 28597 I art     : Starting a blocking GC Explicit
08-04 12:49:05.666 28585 28597 I art     : Explicit concurrent mark sweep GC freed 3(96B) AllocSpace objects, 0(0B) LOS objects, 29% free, 37MB/53MB, paused 1.242ms total 40.420ms
08-04 12:49:05.679 28585 28597 I art     : Starting a blocking GC Explicit
08-04 12:49:05.719 28585 28597 I art     : Explicit concurrent mark sweep GC freed 3(96B) AllocSpace objects, 0(0B) LOS objects, 29% free, 37MB/53MB, paused 1.359ms total 39.849ms
08-04 12:49:05.719 28585 28596 I art     : WaitForGcToComplete blocked for 11.227ms for cause HeapTrim
08-04 12:49:05.732 28585 28597 I art     : Starting a blocking GC Explicit
08-04 12:49:05.773 28585 28597 I art     : Explicit concurrent mark sweep GC freed 3(96B) AllocSpace objects, 0(0B) LOS objects, 29% free, 37MB/53MB, paused 1.222ms total 40.593ms
08-04 12:49:05.842 29615 29615 D AndroidRuntime: >>>>>> START com.android.internal.os.RuntimeInit uid 2000 <<<<<<
08-04 12:49:05.848 29615 29615 D AndroidRuntime: CheckJNI is OFF
08-04 12:49:05.892 29615 29615 D ICU     : No timezone override file found: /data/misc/zoneinfo/current/icu/icu_tzdata.dat
08-04 12:49:05.936 29615 29615 I Radio-JNI: register_android_hardware_Radio DONE
08-04 12:49:05.964 29615 29615 D AndroidRuntime: Calling main entry com.android.commands.input.Input
08-04 12:49:05.967 29615 29615 I Input   : injectKeyEvent: KeyEvent { action=ACTION_DOWN, keyCode=KEYCODE_BACK, scanCode=0, metaState=0, flags=0x0, repeatCount=0, eventTime=708562379, downTime=708562379, deviceId=-1, source=0x101 }
08-04 12:49:05.979 29615 29615 I Input   : injectKeyEvent: KeyEvent { action=ACTION_UP, keyCode=KEYCODE_BACK, scanCode=0, metaState=0, flags=0x0, repeatCount=0, eventTime=708562379, downTime=708562379, deviceId=-1, source=0x101 }
08-04 12:49:05.987 29615 29615 D AndroidRuntime: Shutting down VM
08-04 12:49:06.121 28585 28837 I art     : Starting a blocking GC Explicit
08-04 12:49:06.142 13866 13866 I GoogleInputMethodServic: GoogleInputMethodService.onFinishInput():3138 
08-04 12:49:06.142 13866 13866 I GoogleInputMethodServic: GoogleInputMethodService.onStartInput():1808 
08-04 12:49:06.162 28585 28837 I art     : Explicit concurrent mark sweep GC freed 2811(223KB) AllocSpace objects, 5(100KB) LOS objects, 29% free, 37MB/53MB, paused 1.351ms total 40.691ms
08-04 12:49:06.174 28585 28837 I art     : Starting a blocking GC Explicit
08-04 12:49:06.213 28585 28837 I art     : Explicit concurrent mark sweep GC freed 767(58KB) AllocSpace objects, 1(20KB) LOS objects, 29% free, 37MB/53MB, paused 1.343ms total 39.053ms
08-04 12:49:06.226 28585 28837 I art     : Starting a blocking GC Explicit
08-04 12:49:06.227 13866 13882 I PeriodicStatsRunner: PeriodicStatsRunner.call():175 call()
08-04 12:49:06.227 13866 13882 I PeriodicStatsRunner: PeriodicStatsRunner.call():179 No submit PeriodicStats since input started.
08-04 12:49:06.264 28585 28837 I art     : Explicit concurrent mark sweep GC freed 53(1984B) AllocSpace objects, 0(0B) LOS objects, 29% free, 37MB/53MB, paused 1.163ms total 37.950ms
08-04 12:49:06.276 28585 28837 I art     : Starting a blocking GC Explicit
08-04 12:49:06.311 28585 28837 I art     : Explicit concurrent mark sweep GC freed 20(640B) AllocSpace objects, 1(28KB) LOS objects, 29% free, 37MB/53MB, paused 1.112ms total 35.315ms
08-04 12:49:06.323 28585 28837 I art     : Starting a blocking GC Explicit
08-04 12:49:06.351 28163 28163 I ServiceManager: Waiting for service AtCmdFwd...
08-04 12:49:06.358 28585 28837 I art     : Explicit concurrent mark sweep GC freed 3(96B) AllocSpace objects, 0(0B) LOS objects, 29% free, 37MB/53MB, paused 1.124ms total 35.194ms
08-04 12:49:06.709 28585 28597 I art     : Starting a blocking GC Explicit
08-04 12:49:06.752 28585 28597 I art     : Explicit concurrent mark sweep GC freed 3143(163KB) AllocSpace objects, 1(20KB) LOS objects, 29% free, 37MB/53MB, paused 1.273ms total 42.544ms
08-04 12:49:06.765 28585 28597 I art     : Starting a blocking GC Explicit
08-04 12:49:06.808 28585 28597 I art     : Explicit concurrent mark sweep GC freed 155(7KB) AllocSpace objects, 0(0B) LOS objects, 29% free, 37MB/53MB, paused 1.237ms total 42.413ms
08-04 12:49:06.821 28585 28597 I art     : Starting a blocking GC Explicit
08-04 12:49:06.865 28585 28597 I art     : Explicit concurrent mark sweep GC freed 11(352B) AllocSpace objects, 0(0B) LOS objects, 29% free, 37MB/53MB, paused 1.365ms total 43.718ms
08-04 12:49:06.878 28585 28597 I art     : Starting a blocking GC Explicit
08-04 12:49:06.922 28585 28597 I art     : Explicit concurrent mark sweep GC freed 9(288B) AllocSpace objects, 0(0B) LOS objects, 29% free, 37MB/53MB, paused 1.279ms total 43.283ms
08-04 12:49:06.935 28585 28597 I art     : Starting a blocking GC Explicit
08-04 12:49:06.978 28585 28597 I art     : Explicit concurrent mark sweep GC freed 11(352B) AllocSpace objects, 0(0B) LOS objects, 29% free, 37MB/53MB, paused 1.464ms total 43.099ms
08-04 12:49:07.333 28585 28837 I art     : Starting a blocking GC Explicit
08-04 12:49:07.351 28163 28163 I ServiceManager: Waiting for service AtCmdFwd...
08-04 12:49:07.372 28585 28837 I art     : Explicit concurrent mark sweep GC freed 1649(92KB) AllocSpace objects, 1(20KB) LOS objects, 29% free, 37MB/53MB, paused 1.238ms total 39.178ms
08-04 12:49:07.385 28585 28837 I art     : Starting a blocking GC Explicit
08-04 12:49:07.420 28585 28837 I art     : Explicit concurrent mark sweep GC freed 34(1232B) AllocSpace objects, 0(0B) LOS objects, 29% free, 37MB/53MB, paused 1.201ms total 35.194ms
08-04 12:49:07.432 28585 28837 I art     : Starting a blocking GC Explicit
08-04 12:49:07.469 28585 28837 I art     : Explicit concurrent mark sweep GC freed 9(288B) AllocSpace objects, 0(0B) LOS objects, 29% free, 37MB/53MB, paused 1.251ms total 36.380ms
08-04 12:49:07.481 28585 28837 I art     : Starting a blocking GC Explicit
08-04 12:49:07.518 28585 28837 I art     : Explicit concurrent mark sweep GC freed 9(288B) AllocSpace objects, 0(0B) LOS objects, 29% free, 37MB/53MB, paused 1.338ms total 36.801ms
08-04 12:49:07.530 28585 28837 I art     : Starting a blocking GC Explicit
08-04 12:49:07.569 28585 28837 I art     : Explicit concurrent mark sweep GC freed 1603(62KB) AllocSpace objects, 0(0B) LOS objects, 29% free, 37MB/53MB, paused 1.334ms total 39.286ms
08-04 12:49:07.606 28585 29512 E baseline.com.newsblur.network.APIResponse: Error (unexpected end of stream on https://www.newsblur.com/...) calling https://www.newsblur.com/reader/mark_story_hashes_as_read/
08-04 12:49:07.606 28585 29512 E baseline.com.newsblur.network.APIResponse: java.io.IOException: unexpected end of stream on https://www.newsblur.com/...
08-04 12:49:07.606 28585 29512 E baseline.com.newsblur.network.APIResponse: 	at okhttp3.internal.http1.Http1ExchangeCodec.readResponseHeaders(Http1ExchangeCodec.java:236)
08-04 12:49:07.606 28585 29512 E baseline.com.newsblur.network.APIResponse: 	at okhttp3.internal.connection.Exchange.readResponseHeaders(Exchange.java:115)
08-04 12:49:07.606 28585 29512 E baseline.com.newsblur.network.APIResponse: 	at okhttp3.internal.http.CallServerInterceptor.intercept(CallServerInterceptor.java:94)
08-04 12:49:07.606 28585 29512 E baseline.com.newsblur.network.APIResponse: 	at okhttp3.internal.http.RealInterceptorChain.proceed(RealInterceptorChain.java:142)
08-04 12:49:07.606 28585 29512 E baseline.com.newsblur.network.APIResponse: 	at okhttp3.internal.connection.ConnectInterceptor.intercept(ConnectInterceptor.java:43)
08-04 12:49:07.606 28585 29512 E baseline.com.newsblur.network.APIResponse: 	at okhttp3.internal.http.RealInterceptorChain.proceed(RealInterceptorChain.java:142)
08-04 12:49:07.606 28585 29512 E baseline.com.newsblur.network.APIResponse: 	at okhttp3.internal.http.RealInterceptorChain.proceed(RealInterceptorChain.java:117)
08-04 12:49:07.606 28585 29512 E baseline.com.newsblur.network.APIResponse: 	at okhttp3.internal.cache.CacheInterceptor.intercept(CacheInterceptor.java:94)
08-04 12:49:07.606 28585 29512 E baseline.com.newsblur.network.APIResponse: 	at okhttp3.internal.http.RealInterceptorChain.proceed(RealInterceptorChain.java:142)
08-04 12:49:07.606 28585 29512 E baseline.com.newsblur.network.APIResponse: 	at okhttp3.internal.http.RealInterceptorChain.proceed(RealInterceptorChain.java:117)
08-04 12:49:07.606 28585 29512 E baseline.com.newsblur.network.APIResponse: 	at okhttp3.internal.http.BridgeInterceptor.intercept(BridgeInterceptor.java:93)
08-04 12:49:07.606 28585 29512 E baseline.com.newsblur.network.APIResponse: 	at okhttp3.internal.http.RealInterceptorChain.proceed(RealInterceptorChain.java:142)
08-04 12:49:07.606 28585 29512 E baseline.com.newsblur.network.APIResponse: 	at okhttp3.internal.http.RetryAndFollowUpInterceptor.intercept(RetryAndFollowUpInterceptor.java:88)
08-04 12:49:07.606 28585 29512 E baseline.com.newsblur.network.APIResponse: 	at okhttp3.internal.http.RealInterceptorChain.proceed(RealInterceptorChain.java:142)
08-04 12:49:07.606 28585 29512 E baseline.com.newsblur.network.APIResponse: 	at okhttp3.internal.http.RealInterceptorChain.proceed(RealInterceptorChain.java:117)
08-04 12:49:07.606 28585 29512 E baseline.com.newsblur.network.APIResponse: 	at okhttp3.RealCall.getResponseWithInterceptorChain(RealCall.java:229)
08-04 12:49:07.606 28585 29512 E baseline.com.newsblur.network.APIResponse: 	at okhttp3.RealCall.execute(RealCall.java:81)
08-04 12:49:07.606 28585 29512 E baseline.com.newsblur.network.APIResponse: 	at baseline.com.newsblur.network.APIResponse.<init>(APIResponse.java:57)
08-04 12:49:07.606 28585 29512 E baseline.com.newsblur.network.APIResponse: 	at baseline.com.newsblur.network.APIResponse.<init>(APIResponse.java:43)
08-04 12:49:07.606 28585 29512 E baseline.com.newsblur.network.APIResponse: 	at baseline.com.newsblur.network.APIManager.post_single(APIManager.java:702)
08-04 12:49:07.606 28585 29512 E baseline.com.newsblur.network.APIResponse: 	at baseline.com.newsblur.network.APIManager.post(APIManager.java:675)
08-04 12:49:07.606 28585 29512 E baseline.com.newsblur.network.APIResponse: 	at baseline.com.newsblur.network.APIManager.post(APIManager.java:714)
08-04 12:49:07.606 28585 29512 E baseline.com.newsblur.network.APIResponse: 	at baseline.com.newsblur.network.APIManager.markStoryAsRead(APIManager.java:205)
08-04 12:49:07.606 28585 29512 E baseline.com.newsblur.network.APIResponse: 	at baseline.com.newsblur.util.ReadingAction.doRemote(ReadingAction.java:281)
08-04 12:49:07.606 28585 29512 E baseline.com.newsblur.network.APIResponse: 	at baseline.com.newsblur.service.NBSyncService.syncActions(NBSyncService.java:400)
08-04 12:49:07.606 28585 29512 E baseline.com.newsblur.network.APIResponse: 	at baseline.com.newsblur.service.NBSyncService.doSync(NBSyncService.java:298)
08-04 12:49:07.606 28585 29512 E baseline.com.newsblur.network.APIResponse: 	at baseline.com.newsblur.service.NBSyncService.access$100(NBSyncService.java:67)
08-04 12:49:07.606 28585 29512 E baseline.com.newsblur.network.APIResponse: 	at baseline.com.newsblur.service.NBSyncService$1.run(NBSyncService.java:188)
08-04 12:49:07.606 28585 29512 E baseline.com.newsblur.network.APIResponse: 	at java.util.concurrent.ThreadPoolExecutor.runWorker(ThreadPoolExecutor.java:1113)
08-04 12:49:07.606 28585 29512 E baseline.com.newsblur.network.APIResponse: 	at java.util.concurrent.ThreadPoolExecutor$Worker.run(ThreadPoolExecutor.java:588)
08-04 12:49:07.606 28585 29512 E baseline.com.newsblur.network.APIResponse: 	at java.lang.Thread.run(Thread.java:818)
08-04 12:49:07.606 28585 29512 E baseline.com.newsblur.network.APIResponse: Caused by: java.io.EOFException: \n not found: limit=0 content=
08-04 12:49:07.606 28585 29512 E baseline.com.newsblur.network.APIResponse: 	at okio.RealBufferedSource.readUtf8LineStrict(RealBufferedSource.java:240)
08-04 12:49:07.606 28585 29512 E baseline.com.newsblur.network.APIResponse: 	at okhttp3.internal.http1.Http1ExchangeCodec.readHeaderLine(Http1ExchangeCodec.java:242)
08-04 12:49:07.606 28585 29512 E baseline.com.newsblur.network.APIResponse: 	at okhttp3.internal.http1.Http1ExchangeCodec.readResponseHeaders(Http1ExchangeCodec.java:213)
08-04 12:49:07.606 28585 29512 E baseline.com.newsblur.network.APIResponse: 	... 30 more
08-04 12:49:07.607 28585 29512 I baseline.com.newsblur.service.NBSyncService: Holding reading action with server-side or network error.
08-04 12:49:07.617 28585 29512 W baseline.com.newsblur.service.NBSyncService: hard API failure
08-04 12:49:07.758 29670 29670 D AndroidRuntime: >>>>>> START com.android.internal.os.RuntimeInit uid 2000 <<<<<<
08-04 12:49:07.765 29670 29670 D AndroidRuntime: CheckJNI is OFF
08-04 12:49:07.805 29670 29670 D ICU     : No timezone override file found: /data/misc/zoneinfo/current/icu/icu_tzdata.dat
08-04 12:49:07.847 29670 29670 I Radio-JNI: register_android_hardware_Radio DONE
08-04 12:49:07.877 29670 29670 D AndroidRuntime: Calling main entry com.android.commands.input.Input
08-04 12:49:07.879 29670 29670 I Input   : injectKeyEvent: KeyEvent { action=ACTION_DOWN, keyCode=KEYCODE_BACK, scanCode=0, metaState=0, flags=0x0, repeatCount=0, eventTime=708564292, downTime=708564292, deviceId=-1, source=0x101 }
08-04 12:49:07.884 29670 29670 I Input   : injectKeyEvent: KeyEvent { action=ACTION_UP, keyCode=KEYCODE_BACK, scanCode=0, metaState=0, flags=0x0, repeatCount=0, eventTime=708564292, downTime=708564292, deviceId=-1, source=0x101 }
08-04 12:49:07.890 29670 29670 D AndroidRuntime: Shutting down VM
08-04 12:49:07.926 28585 28598 I art     : Starting a blocking GC Explicit
08-04 12:49:07.970 28585 28598 I art     : Explicit concurrent mark sweep GC freed 3151(411KB) AllocSpace objects, 9(180KB) LOS objects, 29% free, 37MB/53MB, paused 1.411ms total 42.850ms
08-04 12:49:07.982 28585 28598 I art     : Starting a blocking GC Explicit
08-04 12:49:08.013 28585 29512 E baseline.com.newsblur.network.APIResponse: Error (unexpected end of stream on https://www.newsblur.com/...) calling https://www.newsblur.com/reader/mark_story_hashes_as_read/
08-04 12:49:08.013 28585 29512 E baseline.com.newsblur.network.APIResponse: java.io.IOException: unexpected end of stream on https://www.newsblur.com/...
08-04 12:49:08.013 28585 29512 E baseline.com.newsblur.network.APIResponse: 	at okhttp3.internal.http1.Http1ExchangeCodec.readResponseHeaders(Http1ExchangeCodec.java:236)
08-04 12:49:08.013 28585 29512 E baseline.com.newsblur.network.APIResponse: 	at okhttp3.internal.connection.Exchange.readResponseHeaders(Exchange.java:115)
08-04 12:49:08.013 28585 29512 E baseline.com.newsblur.network.APIResponse: 	at okhttp3.internal.http.CallServerInterceptor.intercept(CallServerInterceptor.java:94)
08-04 12:49:08.013 28585 29512 E baseline.com.newsblur.network.APIResponse: 	at okhttp3.internal.http.RealInterceptorChain.proceed(RealInterceptorChain.java:142)
08-04 12:49:08.013 28585 29512 E baseline.com.newsblur.network.APIResponse: 	at okhttp3.internal.connection.ConnectInterceptor.intercept(ConnectInterceptor.java:43)
08-04 12:49:08.013 28585 29512 E baseline.com.newsblur.network.APIResponse: 	at okhttp3.internal.http.RealInterceptorChain.proceed(RealInterceptorChain.java:142)
08-04 12:49:08.013 28585 29512 E baseline.com.newsblur.network.APIResponse: 	at okhttp3.internal.http.RealInterceptorChain.proceed(RealInterceptorChain.java:117)
08-04 12:49:08.013 28585 29512 E baseline.com.newsblur.network.APIResponse: 	at okhttp3.internal.cache.CacheInterceptor.intercept(CacheInterceptor.java:94)
08-04 12:49:08.013 28585 29512 E baseline.com.newsblur.network.APIResponse: 	at okhttp3.internal.http.RealInterceptorChain.proceed(RealInterceptorChain.java:142)
08-04 12:49:08.013 28585 29512 E baseline.com.newsblur.network.APIResponse: 	at okhttp3.internal.http.RealInterceptorChain.proceed(RealInterceptorChain.java:117)
08-04 12:49:08.013 28585 29512 E baseline.com.newsblur.network.APIResponse: 	at okhttp3.internal.http.BridgeInterceptor.intercept(BridgeInterceptor.java:93)
08-04 12:49:08.013 28585 29512 E baseline.com.newsblur.network.APIResponse: 	at okhttp3.internal.http.RealInterceptorChain.proceed(RealInterceptorChain.java:142)
08-04 12:49:08.013 28585 29512 E baseline.com.newsblur.network.APIResponse: 	at okhttp3.internal.http.RetryAndFollowUpInterceptor.intercept(RetryAndFollowUpInterceptor.java:88)
08-04 12:49:08.013 28585 29512 E baseline.com.newsblur.network.APIResponse: 	at okhttp3.internal.http.RealInterceptorChain.proceed(RealInterceptorChain.java:142)
08-04 12:49:08.013 28585 29512 E baseline.com.newsblur.network.APIResponse: 	at okhttp3.internal.http.RealInterceptorChain.proceed(RealInterceptorChain.java:117)
08-04 12:49:08.013 28585 29512 E baseline.com.newsblur.network.APIResponse: 	at okhttp3.RealCall.getResponseWithInterceptorChain(RealCall.java:229)
08-04 12:49:08.013 28585 29512 E baseline.com.newsblur.network.APIResponse: 	at okhttp3.RealCall.execute(RealCall.java:81)
08-04 12:49:08.013 28585 29512 E baseline.com.newsblur.network.APIResponse: 	at baseline.com.newsblur.network.APIResponse.<init>(APIResponse.java:57)
08-04 12:49:08.013 28585 29512 E baseline.com.newsblur.network.APIResponse: 	at baseline.com.newsblur.network.APIResponse.<init>(APIResponse.java:43)
08-04 12:49:08.013 28585 29512 E baseline.com.newsblur.network.APIResponse: 	at baseline.com.newsblur.network.APIManager.post_single(APIManager.java:702)
08-04 12:49:08.013 28585 29512 E baseline.com.newsblur.network.APIResponse: 	at baseline.com.newsblur.network.APIManager.post(APIManager.java:675)
08-04 12:49:08.013 28585 29512 E baseline.com.newsblur.network.APIResponse: 	at baseline.com.newsblur.network.APIManager.post(APIManager.java:714)
08-04 12:49:08.013 28585 29512 E baseline.com.newsblur.network.APIResponse: 	at baseline.com.newsblur.network.APIManager.markStoryAsRead(APIManager.java:205)
08-04 12:49:08.013 28585 29512 E baseline.com.newsblur.network.APIResponse: 	at baseline.com.newsblur.util.ReadingAction.doRemote(ReadingAction.java:281)
08-04 12:49:08.013 28585 29512 E baseline.com.newsblur.network.APIResponse: 	at baseline.com.newsblur.service.NBSyncService.syncActions(NBSyncService.java:400)
08-04 12:49:08.013 28585 29512 E baseline.com.newsblur.network.APIResponse: 	at baseline.com.newsblur.service.NBSyncService.doSync(NBSyncService.java:298)
08-04 12:49:08.013 28585 29512 E baseline.com.newsblur.network.APIResponse: 	at baseline.com.newsblur.service.NBSyncService.access$100(NBSyncService.java:67)
08-04 12:49:08.013 28585 29512 E baseline.com.newsblur.network.APIResponse: 	at baseline.com.newsblur.service.NBSyncService$1.run(NBSyncService.java:188)
08-04 12:49:08.013 28585 29512 E baseline.com.newsblur.network.APIResponse: 	at java.util.concurrent.ThreadPoolExecutor.runWorker(ThreadPoolExecutor.java:1113)
08-04 12:49:08.013 28585 29512 E baseline.com.newsblur.network.APIResponse: 	at java.util.concurrent.ThreadPoolExecutor$Worker.run(ThreadPoolExecutor.java:588)
08-04 12:49:08.013 28585 29512 E baseline.com.newsblur.network.APIResponse: 	at java.lang.Thread.run(Thread.java:818)
08-04 12:49:08.013 28585 29512 E baseline.com.newsblur.network.APIResponse: Caused by: java.io.EOFException: \n not found: limit=0 content=
08-04 12:49:08.013 28585 29512 E baseline.com.newsblur.network.APIResponse: 	at okio.RealBufferedSource.readUtf8LineStrict(RealBufferedSource.java:240)
08-04 12:49:08.013 28585 29512 E baseline.com.newsblur.network.APIResponse: 	at okhttp3.internal.http1.Http1ExchangeCodec.readHeaderLine(Http1ExchangeCodec.java:242)
08-04 12:49:08.013 28585 29512 E baseline.com.newsblur.network.APIResponse: 	at okhttp3.internal.http1.Http1ExchangeCodec.readResponseHeaders(Http1ExchangeCodec.java:213)
08-04 12:49:08.013 28585 29512 E baseline.com.newsblur.network.APIResponse: 	... 30 more
08-04 12:49:08.015 28585 29512 I baseline.com.newsblur.network.APIManager: API call failed, pausing before retry number 1
08-04 12:49:08.026 28585 28598 I art     : Explicit concurrent mark sweep GC freed 4346(373KB) AllocSpace objects, 5(100KB) LOS objects, 29% free, 37MB/53MB, paused 1.521ms total 42.987ms
08-04 12:49:08.039 28585 28598 I art     : Starting a blocking GC Explicit
08-04 12:49:08.080 28585 28598 I art     : Explicit concurrent mark sweep GC freed 6070(413KB) AllocSpace objects, 5(100KB) LOS objects, 29% free, 37MB/53MB, paused 1.813ms total 40.837ms
08-04 12:49:08.092 28585 28598 I art     : Starting a blocking GC Explicit
08-04 12:49:08.100 13866 13866 I GoogleInputMethodServic: GoogleInputMethodService.onFinishInput():3138 
08-04 12:49:08.101 13866 13866 I GoogleInputMethodServic: GoogleInputMethodService.onStartInput():1808 
08-04 12:49:08.134 28585 28598 I art     : Explicit concurrent mark sweep GC freed 216(8KB) AllocSpace objects, 0(0B) LOS objects, 29% free, 37MB/53MB, paused 1.380ms total 42.685ms
08-04 12:49:08.148 28585 28598 I art     : Starting a blocking GC Explicit
08-04 12:49:08.184 28585 28598 I art     : Explicit concurrent mark sweep GC freed 107(4KB) AllocSpace objects, 0(0B) LOS objects, 29% free, 37MB/53MB, paused 1.207ms total 35.766ms
08-04 12:49:08.352 28163 28163 W Atfwd_Sendcmd: AtCmdFwd service not published, waiting... retryCnt : 3
08-04 12:49:08.542 28585 28597 I art     : Starting a blocking GC Explicit
08-04 12:49:08.588 28585 28597 I art     : Explicit concurrent mark sweep GC freed 1899(103KB) AllocSpace objects, 1(20KB) LOS objects, 29% free, 37MB/53MB, paused 1.552ms total 46.159ms
08-04 12:49:08.603 28585 28597 I art     : Starting a blocking GC Explicit
08-04 12:49:08.641 28585 28597 I art     : Explicit concurrent mark sweep GC freed 164(7KB) AllocSpace objects, 0(0B) LOS objects, 29% free, 37MB/53MB, paused 1.229ms total 38.019ms
08-04 12:49:08.653 28585 28597 I art     : Starting a blocking GC Explicit
08-04 12:49:08.693 28585 28597 I art     : Explicit concurrent mark sweep GC freed 9(288B) AllocSpace objects, 0(0B) LOS objects, 29% free, 37MB/53MB, paused 1.146ms total 39.970ms
08-04 12:49:08.706 28585 28597 I art     : Starting a blocking GC Explicit
08-04 12:49:08.748 28585 28597 I art     : Explicit concurrent mark sweep GC freed 11(352B) AllocSpace objects, 0(0B) LOS objects, 29% free, 37MB/53MB, paused 1.361ms total 41.908ms
08-04 12:49:08.762 28585 28597 I art     : Starting a blocking GC Explicit
08-04 12:49:08.803 28585 28597 I art     : Explicit concurrent mark sweep GC freed 9(288B) AllocSpace objects, 0(0B) LOS objects, 29% free, 37MB/53MB, paused 1.264ms total 41.030ms
08-04 12:49:09.159 28585 29451 I art     : Starting a blocking GC Explicit
08-04 12:49:09.202 28585 29451 I art     : Explicit concurrent mark sweep GC freed 1485(84KB) AllocSpace objects, 1(20KB) LOS objects, 29% free, 37MB/53MB, paused 1.376ms total 42.994ms
08-04 12:49:09.214 28585 29451 I art     : Starting a blocking GC Explicit
08-04 12:49:09.256 28585 29451 I art     : Explicit concurrent mark sweep GC freed 27(944B) AllocSpace objects, 0(0B) LOS objects, 29% free, 37MB/53MB, paused 1.329ms total 41.319ms
08-04 12:49:09.269 28585 29451 I art     : Starting a blocking GC Explicit
08-04 12:49:09.309 28585 29451 I art     : Explicit concurrent mark sweep GC freed 9(288B) AllocSpace objects, 0(0B) LOS objects, 29% free, 37MB/53MB, paused 1.407ms total 39.825ms
08-04 12:49:09.321 28585 29451 I art     : Starting a blocking GC Explicit
08-04 12:49:09.360 28585 29451 I art     : Explicit concurrent mark sweep GC freed 9(288B) AllocSpace objects, 0(0B) LOS objects, 29% free, 37MB/53MB, paused 1.234ms total 38.154ms
08-04 12:49:09.373 28585 29451 I art     : Starting a blocking GC Explicit
08-04 12:49:09.414 28585 29451 I art     : Explicit concurrent mark sweep GC freed 11(352B) AllocSpace objects, 0(0B) LOS objects, 29% free, 37MB/53MB, paused 1.284ms total 41.275ms
08-04 12:49:09.650 29714 29714 D AndroidRuntime: >>>>>> START com.android.internal.os.RuntimeInit uid 2000 <<<<<<
08-04 12:49:09.656 29714 29714 D AndroidRuntime: CheckJNI is OFF
08-04 12:49:09.698 29714 29714 D ICU     : No timezone override file found: /data/misc/zoneinfo/current/icu/icu_tzdata.dat
08-04 12:49:09.740 29714 29714 I Radio-JNI: register_android_hardware_Radio DONE
08-04 12:49:09.769 29714 29714 D AndroidRuntime: Calling main entry com.android.commands.input.Input
08-04 12:49:09.769 28585 28837 I art     : Starting a blocking GC Explicit
08-04 12:49:09.771 29714 29714 I Input   : injectMotionEvent: MotionEvent { action=ACTION_DOWN, actionButton=0, id[0]=0, x[0]=594.0, y[0]=330.0, toolType[0]=TOOL_TYPE_UNKNOWN, buttonState=0, metaState=0, flags=0x0, edgeFlags=0x0, pointerCount=1, historySize=0, eventTime=708566184, downTime=708566184, deviceId=0, source=0x1002 }
08-04 12:49:09.776 29714 29714 I Input   : injectMotionEvent: MotionEvent { action=ACTION_UP, actionButton=0, id[0]=0, x[0]=594.0, y[0]=330.0, toolType[0]=TOOL_TYPE_UNKNOWN, buttonState=0, metaState=0, flags=0x0, edgeFlags=0x0, pointerCount=1, historySize=0, eventTime=708566184, downTime=708566184, deviceId=0, source=0x1002 }
08-04 12:49:09.782 29714 29714 D AndroidRuntime: Shutting down VM
08-04 12:49:09.815 28585 28837 I art     : Explicit concurrent mark sweep GC freed 1686(95KB) AllocSpace objects, 1(20KB) LOS objects, 29% free, 37MB/53MB, paused 1.288ms total 45.453ms
08-04 12:49:09.827 28585 28837 I art     : Starting a blocking GC Explicit
08-04 12:49:09.848   918   928 I ActivityManager: START u0 {cmp=baseline.com.newsblur/.activity.GlobalSharedStoriesItemsList (has extras)} from uid 10652 on display 0
08-04 12:49:09.870 28585 28837 I art     : Explicit concurrent mark sweep GC freed 434(50KB) AllocSpace objects, 1(20KB) LOS objects, 29% free, 37MB/53MB, paused 1.831ms total 42.673ms
08-04 12:49:09.880 28585 28825 I baseline.com.newsblur.database.BlurDatabaseHelper: reading session reset
08-04 12:49:09.884 28585 28837 I art     : Starting a blocking GC Explicit
08-04 12:49:09.926 28585 28837 I art     : Explicit concurrent mark sweep GC freed 3080(201KB) AllocSpace objects, 4(172KB) LOS objects, 29% free, 37MB/53MB, paused 1.405ms total 41.694ms
08-04 12:49:09.938 28585 28837 I art     : Starting a blocking GC Explicit
08-04 12:49:09.960 28585 29512 E baseline.com.newsblur.network.APIResponse: Error (unexpected end of stream on https://www.newsblur.com/...) calling https://www.newsblur.com/reader/mark_story_hashes_as_read/
08-04 12:49:09.960 28585 29512 E baseline.com.newsblur.network.APIResponse: java.io.IOException: unexpected end of stream on https://www.newsblur.com/...
08-04 12:49:09.960 28585 29512 E baseline.com.newsblur.network.APIResponse: 	at okhttp3.internal.http1.Http1ExchangeCodec.readResponseHeaders(Http1ExchangeCodec.java:236)
08-04 12:49:09.960 28585 29512 E baseline.com.newsblur.network.APIResponse: 	at okhttp3.internal.connection.Exchange.readResponseHeaders(Exchange.java:115)
08-04 12:49:09.960 28585 29512 E baseline.com.newsblur.network.APIResponse: 	at okhttp3.internal.http.CallServerInterceptor.intercept(CallServerInterceptor.java:94)
08-04 12:49:09.960 28585 29512 E baseline.com.newsblur.network.APIResponse: 	at okhttp3.internal.http.RealInterceptorChain.proceed(RealInterceptorChain.java:142)
08-04 12:49:09.960 28585 29512 E baseline.com.newsblur.network.APIResponse: 	at okhttp3.internal.connection.ConnectInterceptor.intercept(ConnectInterceptor.java:43)
08-04 12:49:09.960 28585 29512 E baseline.com.newsblur.network.APIResponse: 	at okhttp3.internal.http.RealInterceptorChain.proceed(RealInterceptorChain.java:142)
08-04 12:49:09.960 28585 29512 E baseline.com.newsblur.network.APIResponse: 	at okhttp3.internal.http.RealInterceptorChain.proceed(RealInterceptorChain.java:117)
08-04 12:49:09.960 28585 29512 E baseline.com.newsblur.network.APIResponse: 	at okhttp3.internal.cache.CacheInterceptor.intercept(CacheInterceptor.java:94)
08-04 12:49:09.960 28585 29512 E baseline.com.newsblur.network.APIResponse: 	at okhttp3.internal.http.RealInterceptorChain.proceed(RealInterceptorChain.java:142)
08-04 12:49:09.960 28585 29512 E baseline.com.newsblur.network.APIResponse: 	at okhttp3.internal.http.RealInterceptorChain.proceed(RealInterceptorChain.java:117)
08-04 12:49:09.960 28585 29512 E baseline.com.newsblur.network.APIResponse: 	at okhttp3.internal.http.BridgeInterceptor.intercept(BridgeInterceptor.java:93)
08-04 12:49:09.960 28585 29512 E baseline.com.newsblur.network.APIResponse: 	at okhttp3.internal.http.RealInterceptorChain.proceed(RealInterceptorChain.java:142)
08-04 12:49:09.960 28585 29512 E baseline.com.newsblur.network.APIResponse: 	at okhttp3.internal.http.RetryAndFollowUpInterceptor.intercept(RetryAndFollowUpInterceptor.java:88)
08-04 12:49:09.960 28585 29512 E baseline.com.newsblur.network.APIResponse: 	at okhttp3.internal.http.RealInterceptorChain.proceed(RealInterceptorChain.java:142)
08-04 12:49:09.960 28585 29512 E baseline.com.newsblur.network.APIResponse: 	at okhttp3.internal.http.RealInterceptorChain.proceed(RealInterceptorChain.java:117)
08-04 12:49:09.960 28585 29512 E baseline.com.newsblur.network.APIResponse: 	at okhttp3.RealCall.getResponseWithInterceptorChain(RealCall.java:229)
08-04 12:49:09.960 28585 29512 E baseline.com.newsblur.network.APIResponse: 	at okhttp3.RealCall.execute(RealCall.java:81)
08-04 12:49:09.960 28585 29512 E baseline.com.newsblur.network.APIResponse: 	at baseline.com.newsblur.network.APIResponse.<init>(APIResponse.java:57)
08-04 12:49:09.960 28585 29512 E baseline.com.newsblur.network.APIResponse: 	at baseline.com.newsblur.network.APIResponse.<init>(APIResponse.java:43)
08-04 12:49:09.960 28585 29512 E baseline.com.newsblur.network.APIResponse: 	at baseline.com.newsblur.network.APIManager.post_single(APIManager.java:702)
08-04 12:49:09.960 28585 29512 E baseline.com.newsblur.network.APIResponse: 	at baseline.com.newsblur.network.APIManager.post(APIManager.java:675)
08-04 12:49:09.960 28585 29512 E baseline.com.newsblur.network.APIResponse: 	at baseline.com.newsblur.network.APIManager.post(APIManager.java:714)
08-04 12:49:09.960 28585 29512 E baseline.com.newsblur.network.APIResponse: 	at baseline.com.newsblur.network.APIManager.markStoryAsRead(APIManager.java:205)
08-04 12:49:09.960 28585 29512 E baseline.com.newsblur.network.APIResponse: 	at baseline.com.newsblur.util.ReadingAction.doRemote(ReadingAction.java:281)
08-04 12:49:09.960 28585 29512 E baseline.com.newsblur.network.APIResponse: 	at baseline.com.newsblur.service.NBSyncService.syncActions(NBSyncService.java:400)
08-04 12:49:09.960 28585 29512 E baseline.com.newsblur.network.APIResponse: 	at baseline.com.newsblur.service.NBSyncService.doSync(NBSyncService.java:298)
08-04 12:49:09.960 28585 29512 E baseline.com.newsblur.network.APIResponse: 	at baseline.com.newsblur.service.NBSyncService.access$100(NBSyncService.java:67)
08-04 12:49:09.960 28585 29512 E baseline.com.newsblur.network.APIResponse: 	at baseline.com.newsblur.service.NBSyncService$1.run(NBSyncService.java:188)
08-04 12:49:09.960 28585 29512 E baseline.com.newsblur.network.APIResponse: 	at java.util.concurrent.ThreadPoolExecutor.runWorker(ThreadPoolExecutor.java:1113)
08-04 12:49:09.960 28585 29512 E baseline.com.newsblur.network.APIResponse: 	at java.util.concurrent.ThreadPoolExecutor$Worker.run(ThreadPoolExecutor.java:588)
08-04 12:49:09.960 28585 29512 E baseline.com.newsblur.network.APIResponse: 	at java.lang.Thread.run(Thread.java:818)
08-04 12:49:09.960 28585 29512 E baseline.com.newsblur.network.APIResponse: Caused by: java.io.EOFException: \n not found: limit=0 content=
08-04 12:49:09.960 28585 29512 E baseline.com.newsblur.network.APIResponse: 	at okio.RealBufferedSource.readUtf8LineStrict(RealBufferedSource.java:240)
08-04 12:49:09.960 28585 29512 E baseline.com.newsblur.network.APIResponse: 	at okhttp3.internal.http1.Http1ExchangeCodec.readHeaderLine(Http1ExchangeCodec.java:242)
08-04 12:49:09.960 28585 29512 E baseline.com.newsblur.network.APIResponse: 	at okhttp3.internal.http1.Http1ExchangeCodec.readResponseHeaders(Http1ExchangeCodec.java:213)
08-04 12:49:09.960 28585 29512 E baseline.com.newsblur.network.APIResponse: 	... 30 more
08-04 12:49:09.962 28585 29512 I baseline.com.newsblur.network.APIManager: API call failed, pausing before retry number 2
08-04 12:49:09.979 28585 28837 I art     : Explicit concurrent mark sweep GC freed 1168(211KB) AllocSpace objects, 2(40KB) LOS objects, 29% free, 37MB/53MB, paused 1.390ms total 40.698ms
08-04 12:49:09.991 28585 28837 I art     : Starting a blocking GC Explicit
08-04 12:49:10.034 28585 28837 I art     : Explicit concurrent mark sweep GC freed 664(60KB) AllocSpace objects, 1(20KB) LOS objects, 29% free, 37MB/53MB, paused 1.367ms total 42.554ms
08-04 12:49:10.066 28585 28585 W View    : requestLayout() improperly called by android.widget.FrameLayout{dec6135 V.E...... ......ID 0,0-1440,18 #7f07003f app:id/footer_view_inner} during layout: running second layout pass
08-04 12:49:10.066 28585 28585 W View    : requestLayout() improperly called by android.widget.FrameLayout{741b9ca V.E...... ......ID 0,0-1440,2091 #7f07003f app:id/footer_view_inner} during layout: running second layout pass
08-04 12:49:10.082 13866 13866 I GoogleInputMethodServic: GoogleInputMethodService.onFinishInput():3138 
08-04 12:49:10.082   918   936 I ActivityManager: Displayed baseline.com.newsblur/.activity.GlobalSharedStoriesItemsList: +220ms
08-04 12:49:10.082 13866 13866 I GoogleInputMethodServic: GoogleInputMethodService.onStartInput():1808 
08-04 12:49:10.171 28585 29738 I NAPPA_EXPERIMENTATION: MetricNetworkRequestExecutionTime: REQUEST_DURATION_SYSTEM='33',REQUEST_DURATION_OKHTTP='32',REQUEST_SYNCHRONOUS='TRUE',RESPONSE_CODE='200',RESPONSE_METHOD='GET',RESPONSE_LENGTH_OKHTTP='43',RESPONSE_LENGTH_HEADER='43',REQUEST_PROTOCOL='http/1.1',REQUEST_URL='http://feeds.feedburner.com/~r/retort/~4/UffaFMiJbNs',
08-04 12:49:10.364 28585 28837 I art     : Starting a blocking GC Explicit
08-04 12:49:10.405 28585 28837 I art     : Explicit concurrent mark sweep GC freed 3709(257KB) AllocSpace objects, 10(200KB) LOS objects, 29% free, 37MB/53MB, paused 1.227ms total 40.383ms
08-04 12:49:10.418 28585 28837 I art     : Starting a blocking GC Explicit
08-04 12:49:10.459 28585 28837 I art     : Explicit concurrent mark sweep GC freed 246(10KB) AllocSpace objects, 0(0B) LOS objects, 29% free, 37MB/53MB, paused 1.391ms total 40.762ms
08-04 12:49:10.471 28585 28837 I art     : Starting a blocking GC Explicit
08-04 12:49:10.516 28585 28837 I art     : Explicit concurrent mark sweep GC freed 15(672B) AllocSpace objects, 0(0B) LOS objects, 29% free, 37MB/53MB, paused 1.252ms total 44.315ms
08-04 12:49:10.529 28585 28837 I art     : Starting a blocking GC Explicit
08-04 12:49:10.572 28585 28837 I art     : Explicit concurrent mark sweep GC freed 135(5KB) AllocSpace objects, 0(0B) LOS objects, 29% free, 37MB/53MB, paused 1.348ms total 43.202ms
08-04 12:49:10.585 28585 28837 I art     : Starting a blocking GC Explicit
08-04 12:49:10.631 28585 28837 I art     : Explicit concurrent mark sweep GC freed 3(96B) AllocSpace objects, 0(0B) LOS objects, 29% free, 37MB/53MB, paused 1.435ms total 45.627ms
08-04 12:49:10.985 28585 28597 I art     : Starting a blocking GC Explicit
08-04 12:49:11.031 28585 28597 I art     : Explicit concurrent mark sweep GC freed 1486(85KB) AllocSpace objects, 1(20KB) LOS objects, 29% free, 37MB/53MB, paused 1.420ms total 46.496ms
08-04 12:49:11.044 28585 28597 I art     : Starting a blocking GC Explicit
08-04 12:49:11.090 28585 28597 I art     : Explicit concurrent mark sweep GC freed 22(784B) AllocSpace objects, 0(0B) LOS objects, 29% free, 37MB/53MB, paused 1.353ms total 45.531ms
08-04 12:49:11.103 28585 28597 I art     : Starting a blocking GC Explicit
08-04 12:49:11.142 13866 13882 I PeriodicStatsRunner: PeriodicStatsRunner.call():175 call()
08-04 12:49:11.143 13866 13882 I PeriodicStatsRunner: PeriodicStatsRunner.call():179 No submit PeriodicStats since input started.
08-04 12:49:11.148 28585 28597 I art     : Explicit concurrent mark sweep GC freed 3(96B) AllocSpace objects, 0(0B) LOS objects, 29% free, 37MB/53MB, paused 1.379ms total 44.972ms
08-04 12:49:11.161 28585 28597 I art     : Starting a blocking GC Explicit
08-04 12:49:11.208 28585 28597 I art     : Explicit concurrent mark sweep GC freed 3(96B) AllocSpace objects, 0(0B) LOS objects, 29% free, 37MB/53MB, paused 1.494ms total 46.227ms
08-04 12:49:11.221 28585 28597 I art     : Starting a blocking GC Explicit
08-04 12:49:11.271 28585 28597 I art     : Explicit concurrent mark sweep GC freed 8(256B) AllocSpace objects, 0(0B) LOS objects, 29% free, 37MB/53MB, paused 1.772ms total 49.991ms
08-04 12:49:11.651 28585 28598 I art     : Starting a blocking GC Explicit
08-04 12:49:11.702 28585 28598 I art     : Explicit concurrent mark sweep GC freed 1465(83KB) AllocSpace objects, 1(20KB) LOS objects, 29% free, 37MB/53MB, paused 1.426ms total 51.172ms
08-04 12:49:11.716 28585 28598 I art     : Starting a blocking GC Explicit
08-04 12:49:11.741   518   646 I ThermalEngine: ACTION: GPU - Setting GPU[0] to 510000000
08-04 12:49:11.763 28585 28598 I art     : Explicit concurrent mark sweep GC freed 22(784B) AllocSpace objects, 0(0B) LOS objects, 29% free, 37MB/53MB, paused 1.393ms total 47.271ms
08-04 12:49:11.777 28585 28598 I art     : Starting a blocking GC Explicit
08-04 12:49:11.816 28585 28598 I art     : Explicit concurrent mark sweep GC freed 3(96B) AllocSpace objects, 0(0B) LOS objects, 29% free, 37MB/53MB, paused 1.080ms total 38.255ms
08-04 12:49:11.826 28585 28598 I art     : Starting a blocking GC Explicit
08-04 12:49:11.864 28585 28598 I art     : Explicit concurrent mark sweep GC freed 3(96B) AllocSpace objects, 0(0B) LOS objects, 29% free, 37MB/53MB, paused 1.074ms total 37.054ms
08-04 12:49:11.874 28585 28598 I art     : Starting a blocking GC Explicit
08-04 12:49:11.912 28585 28598 I art     : Explicit concurrent mark sweep GC freed 3(96B) AllocSpace objects, 0(0B) LOS objects, 29% free, 37MB/53MB, paused 1.091ms total 37.097ms
08-04 12:49:12.258 28585 28597 I art     : Starting a blocking GC Explicit
08-04 12:49:12.297 28585 28597 I art     : Explicit concurrent mark sweep GC freed 1441(83KB) AllocSpace objects, 1(20KB) LOS objects, 29% free, 37MB/53MB, paused 1.025ms total 38.920ms
08-04 12:49:12.310 28585 28597 I art     : Starting a blocking GC Explicit
08-04 12:49:12.345 28585 28597 I art     : Explicit concurrent mark sweep GC freed 22(784B) AllocSpace objects, 0(0B) LOS objects, 29% free, 37MB/53MB, paused 1.039ms total 34.965ms
08-04 12:49:12.355 28585 28597 I art     : Starting a blocking GC Explicit
08-04 12:49:12.388 28585 28597 I art     : Explicit concurrent mark sweep GC freed 3(96B) AllocSpace objects, 0(0B) LOS objects, 29% free, 37MB/53MB, paused 1.064ms total 33.270ms
08-04 12:49:12.399 28585 28597 I art     : Starting a blocking GC Explicit
08-04 12:49:12.435 28585 28597 I art     : Explicit concurrent mark sweep GC freed 3(96B) AllocSpace objects, 0(0B) LOS objects, 29% free, 37MB/53MB, paused 1.029ms total 35.730ms
08-04 12:49:12.445 28585 28597 I art     : Starting a blocking GC Explicit
08-04 12:49:12.480 28585 28597 I art     : Explicit concurrent mark sweep GC freed 3(96B) AllocSpace objects, 0(0B) LOS objects, 29% free, 37MB/53MB, paused 1.006ms total 35.409ms
08-04 12:49:12.827 28585 28837 I art     : Starting a blocking GC Explicit
08-04 12:49:12.867 28585 28837 I art     : Explicit concurrent mark sweep GC freed 1441(83KB) AllocSpace objects, 1(20KB) LOS objects, 29% free, 37MB/53MB, paused 1.015ms total 39.574ms
08-04 12:49:12.877 28585 28837 I art     : Starting a blocking GC Explicit
08-04 12:49:12.914 28585 28837 I art     : Explicit concurrent mark sweep GC freed 22(784B) AllocSpace objects, 0(0B) LOS objects, 29% free, 37MB/53MB, paused 1.072ms total 36.559ms
08-04 12:49:12.924 28585 28837 I art     : Starting a blocking GC Explicit
08-04 12:49:12.961 28585 28837 I art     : Explicit concurrent mark sweep GC freed 3(96B) AllocSpace objects, 0(0B) LOS objects, 29% free, 37MB/53MB, paused 1.047ms total 36.556ms
08-04 12:49:12.971 28585 28837 I art     : Starting a blocking GC Explicit
08-04 12:49:13.009 28585 28837 I art     : Explicit concurrent mark sweep GC freed 158(7KB) AllocSpace objects, 0(0B) LOS objects, 29% free, 37MB/53MB, paused 1.215ms total 36.949ms
08-04 12:49:13.019 28585 28837 I art     : Starting a blocking GC Explicit
08-04 12:49:13.056 28585 28837 I art     : Explicit concurrent mark sweep GC freed 19(1680B) AllocSpace objects, 0(0B) LOS objects, 29% free, 37MB/53MB, paused 1.051ms total 36.579ms
08-04 12:49:13.101 13866 13882 I PeriodicStatsRunner: PeriodicStatsRunner.call():175 call()
08-04 12:49:13.101 13866 13882 I PeriodicStatsRunner: PeriodicStatsRunner.call():179 No submit PeriodicStats since input started.
08-04 12:49:13.398 28585 29451 I art     : Starting a blocking GC Explicit
08-04 12:49:13.437 28585 29451 I art     : Explicit concurrent mark sweep GC freed 3105(149KB) AllocSpace objects, 1(20KB) LOS objects, 29% free, 37MB/53MB, paused 1.123ms total 38.476ms
08-04 12:49:13.447 28585 29451 I art     : Starting a blocking GC Explicit
08-04 12:49:13.456 28585 29512 E baseline.com.newsblur.network.APIResponse: Error (unexpected end of stream on https://www.newsblur.com/...) calling https://www.newsblur.com/reader/mark_story_hashes_as_read/
08-04 12:49:13.456 28585 29512 E baseline.com.newsblur.network.APIResponse: java.io.IOException: unexpected end of stream on https://www.newsblur.com/...
08-04 12:49:13.456 28585 29512 E baseline.com.newsblur.network.APIResponse: 	at okhttp3.internal.http1.Http1ExchangeCodec.readResponseHeaders(Http1ExchangeCodec.java:236)
08-04 12:49:13.456 28585 29512 E baseline.com.newsblur.network.APIResponse: 	at okhttp3.internal.connection.Exchange.readResponseHeaders(Exchange.java:115)
08-04 12:49:13.456 28585 29512 E baseline.com.newsblur.network.APIResponse: 	at okhttp3.internal.http.CallServerInterceptor.intercept(CallServerInterceptor.java:94)
08-04 12:49:13.456 28585 29512 E baseline.com.newsblur.network.APIResponse: 	at okhttp3.internal.http.RealInterceptorChain.proceed(RealInterceptorChain.java:142)
08-04 12:49:13.456 28585 29512 E baseline.com.newsblur.network.APIResponse: 	at okhttp3.internal.connection.ConnectInterceptor.intercept(ConnectInterceptor.java:43)
08-04 12:49:13.456 28585 29512 E baseline.com.newsblur.network.APIResponse: 	at okhttp3.internal.http.RealInterceptorChain.proceed(RealInterceptorChain.java:142)
08-04 12:49:13.456 28585 29512 E baseline.com.newsblur.network.APIResponse: 	at okhttp3.internal.http.RealInterceptorChain.proceed(RealInterceptorChain.java:117)
08-04 12:49:13.456 28585 29512 E baseline.com.newsblur.network.APIResponse: 	at okhttp3.internal.cache.CacheInterceptor.intercept(CacheInterceptor.java:94)
08-04 12:49:13.456 28585 29512 E baseline.com.newsblur.network.APIResponse: 	at okhttp3.internal.http.RealInterceptorChain.proceed(RealInterceptorChain.java:142)
08-04 12:49:13.456 28585 29512 E baseline.com.newsblur.network.APIResponse: 	at okhttp3.internal.http.RealInterceptorChain.proceed(RealInterceptorChain.java:117)
08-04 12:49:13.456 28585 29512 E baseline.com.newsblur.network.APIResponse: 	at okhttp3.internal.http.BridgeInterceptor.intercept(BridgeInterceptor.java:93)
08-04 12:49:13.456 28585 29512 E baseline.com.newsblur.network.APIResponse: 	at okhttp3.internal.http.RealInterceptorChain.proceed(RealInterceptorChain.java:142)
08-04 12:49:13.456 28585 29512 E baseline.com.newsblur.network.APIResponse: 	at okhttp3.internal.http.RetryAndFollowUpInterceptor.intercept(RetryAndFollowUpInterceptor.java:88)
08-04 12:49:13.456 28585 29512 E baseline.com.newsblur.network.APIResponse: 	at okhttp3.internal.http.RealInterceptorChain.proceed(RealInterceptorChain.java:142)
08-04 12:49:13.456 28585 29512 E baseline.com.newsblur.network.APIResponse: 	at okhttp3.internal.http.RealInterceptorChain.proceed(RealInterceptorChain.java:117)
08-04 12:49:13.456 28585 29512 E baseline.com.newsblur.network.APIResponse: 	at okhttp3.RealCall.getResponseWithInterceptorChain(RealCall.java:229)
08-04 12:49:13.456 28585 29512 E baseline.com.newsblur.network.APIResponse: 	at okhttp3.RealCall.execute(RealCall.java:81)
08-04 12:49:13.456 28585 29512 E baseline.com.newsblur.network.APIResponse: 	at baseline.com.newsblur.network.APIResponse.<init>(APIResponse.java:57)
08-04 12:49:13.456 28585 29512 E baseline.com.newsblur.network.APIResponse: 	at baseline.com.newsblur.network.APIResponse.<init>(APIResponse.java:43)
08-04 12:49:13.456 28585 29512 E baseline.com.newsblur.network.APIResponse: 	at baseline.com.newsblur.network.APIManager.post_single(APIManager.java:702)
08-04 12:49:13.456 28585 29512 E baseline.com.newsblur.network.APIResponse: 	at baseline.com.newsblur.network.APIManager.post(APIManager.java:675)
08-04 12:49:13.456 28585 29512 E baseline.com.newsblur.network.APIResponse: 	at baseline.com.newsblur.network.APIManager.post(APIManager.java:714)
08-04 12:49:13.456 28585 29512 E baseline.com.newsblur.network.APIResponse: 	at baseline.com.newsblur.network.APIManager.markStoryAsRead(APIManager.java:205)
08-04 12:49:13.456 28585 29512 E baseline.com.newsblur.network.APIResponse: 	at baseline.com.newsblur.util.ReadingAction.doRemote(ReadingAction.java:281)
08-04 12:49:13.456 28585 29512 E baseline.com.newsblur.network.APIResponse: 	at baseline.com.newsblur.service.NBSyncService.syncActions(NBSyncService.java:400)
08-04 12:49:13.456 28585 29512 E baseline.com.newsblur.network.APIResponse: 	at baseline.com.newsblur.service.NBSyncService.doSync(NBSyncService.java:298)
08-04 12:49:13.456 28585 29512 E baseline.com.newsblur.network.APIResponse: 	at baseline.com.newsblur.service.NBSyncService.access$100(NBSyncService.java:67)
08-04 12:49:13.456 28585 29512 E baseline.com.newsblur.network.APIResponse: 	at baseline.com.newsblur.service.NBSyncService$1.run(NBSyncService.java:188)
08-04 12:49:13.456 28585 29512 E baseline.com.newsblur.network.APIResponse: 	at java.util.concurrent.ThreadPoolExecutor.runWorker(ThreadPoolExecutor.java:1113)
08-04 12:49:13.456 28585 29512 E baseline.com.newsblur.network.APIResponse: 	at java.util.concurrent.ThreadPoolExecutor$Worker.run(ThreadPoolExecutor.java:588)
08-04 12:49:13.456 28585 29512 E baseline.com.newsblur.network.APIResponse: 	at java.lang.Thread.run(Thread.java:818)
08-04 12:49:13.456 28585 29512 E baseline.com.newsblur.network.APIResponse: Caused by: java.io.EOFException: \n not found: limit=0 content=
08-04 12:49:13.456 28585 29512 E baseline.com.newsblur.network.APIResponse: 	at okio.RealBufferedSource.readUtf8LineStrict(RealBufferedSource.java:240)
08-04 12:49:13.456 28585 29512 E baseline.com.newsblur.network.APIResponse: 	at okhttp3.internal.http1.Http1ExchangeCodec.readHeaderLine(Http1ExchangeCodec.java:242)
08-04 12:49:13.456 28585 29512 E baseline.com.newsblur.network.APIResponse: 	at okhttp3.internal.http1.Http1ExchangeCodec.readResponseHeaders(Http1ExchangeCodec.java:213)
08-04 12:49:13.456 28585 29512 E baseline.com.newsblur.network.APIResponse: 	... 30 more
08-04 12:49:13.460 28585 29512 I baseline.com.newsblur.service.NBSyncService: Holding reading action with server-side or network error.
08-04 12:49:13.474 28585 29512 W baseline.com.newsblur.service.NBSyncService: hard API failure
08-04 12:49:13.483 28585 29451 I art     : Explicit concurrent mark sweep GC freed 950(218KB) AllocSpace objects, 3(60KB) LOS objects, 29% free, 37MB/53MB, paused 1.204ms total 35.480ms
08-04 12:49:13.487 28585 29512 I baseline.com.newsblur.service.NBSyncService: recounting dirty feed sets: 1
08-04 12:49:13.493 28585 29451 I art     : Starting a blocking GC Explicit
08-04 12:49:13.529 28585 29451 I art     : Explicit concurrent mark sweep GC freed 841(66KB) AllocSpace objects, 1(20KB) LOS objects, 29% free, 37MB/53MB, paused 1.100ms total 35.643ms
08-04 12:49:13.539 28585 29451 I art     : Starting a blocking GC Explicit
08-04 12:49:13.574 28585 29451 I art     : Explicit concurrent mark sweep GC freed 160(6KB) AllocSpace objects, 0(0B) LOS objects, 29% free, 37MB/53MB, paused 1.084ms total 35.561ms
08-04 12:49:13.584 28585 29451 I art     : Starting a blocking GC Explicit
08-04 12:49:13.622 28585 29451 I art     : Explicit concurrent mark sweep GC freed 3(96B) AllocSpace objects, 0(0B) LOS objects, 29% free, 37MB/53MB, paused 1.112ms total 37.271ms
08-04 12:49:13.952 28585 29512 E baseline.com.newsblur.network.APIResponse: Error (unexpected end of stream on https://www.newsblur.com/...) calling https://www.newsblur.com/reader/feed_unread_count?feed_id=0
08-04 12:49:13.952 28585 29512 E baseline.com.newsblur.network.APIResponse: java.io.IOException: unexpected end of stream on https://www.newsblur.com/...
08-04 12:49:13.952 28585 29512 E baseline.com.newsblur.network.APIResponse: 	at okhttp3.internal.http1.Http1ExchangeCodec.readResponseHeaders(Http1ExchangeCodec.java:236)
08-04 12:49:13.952 28585 29512 E baseline.com.newsblur.network.APIResponse: 	at okhttp3.internal.connection.Exchange.readResponseHeaders(Exchange.java:115)
08-04 12:49:13.952 28585 29512 E baseline.com.newsblur.network.APIResponse: 	at okhttp3.internal.http.CallServerInterceptor.intercept(CallServerInterceptor.java:94)
08-04 12:49:13.952 28585 29512 E baseline.com.newsblur.network.APIResponse: 	at okhttp3.internal.http.RealInterceptorChain.proceed(RealInterceptorChain.java:142)
08-04 12:49:13.952 28585 29512 E baseline.com.newsblur.network.APIResponse: 	at okhttp3.internal.connection.ConnectInterceptor.intercept(ConnectInterceptor.java:43)
08-04 12:49:13.952 28585 29512 E baseline.com.newsblur.network.APIResponse: 	at okhttp3.internal.http.RealInterceptorChain.proceed(RealInterceptorChain.java:142)
08-04 12:49:13.952 28585 29512 E baseline.com.newsblur.network.APIResponse: 	at okhttp3.internal.http.RealInterceptorChain.proceed(RealInterceptorChain.java:117)
08-04 12:49:13.952 28585 29512 E baseline.com.newsblur.network.APIResponse: 	at okhttp3.internal.cache.CacheInterceptor.intercept(CacheInterceptor.java:94)
08-04 12:49:13.952 28585 29512 E baseline.com.newsblur.network.APIResponse: 	at okhttp3.internal.http.RealInterceptorChain.proceed(RealInterceptorChain.java:142)
08-04 12:49:13.952 28585 29512 E baseline.com.newsblur.network.APIResponse: 	at okhttp3.internal.http.RealInterceptorChain.proceed(RealInterceptorChain.java:117)
08-04 12:49:13.952 28585 29512 E baseline.com.newsblur.network.APIResponse: 	at okhttp3.internal.http.BridgeInterceptor.intercept(BridgeInterceptor.java:93)
08-04 12:49:13.952 28585 29512 E baseline.com.newsblur.network.APIResponse: 	at okhttp3.internal.http.RealInterceptorChain.proceed(RealInterceptorChain.java:142)
08-04 12:49:13.952 28585 29512 E baseline.com.newsblur.network.APIResponse: 	at okhttp3.internal.http.RetryAndFollowUpInterceptor.intercept(RetryAndFollowUpInterceptor.java:88)
08-04 12:49:13.952 28585 29512 E baseline.com.newsblur.network.APIResponse: 	at okhttp3.internal.http.RealInterceptorChain.proceed(RealInterceptorChain.java:142)
08-04 12:49:13.952 28585 29512 E baseline.com.newsblur.network.APIResponse: 	at okhttp3.internal.http.RealInterceptorChain.proceed(RealInterceptorChain.java:117)
08-04 12:49:13.952 28585 29512 E baseline.com.newsblur.network.APIResponse: 	at okhttp3.RealCall.getResponseWithInterceptorChain(RealCall.java:229)
08-04 12:49:13.952 28585 29512 E baseline.com.newsblur.network.APIResponse: 	at okhttp3.RealCall.execute(RealCall.java:81)
08-04 12:49:13.952 28585 29512 E baseline.com.newsblur.network.APIResponse: 	at baseline.com.newsblur.network.APIResponse.<init>(APIResponse.java:57)
08-04 12:49:13.952 28585 29512 E baseline.com.newsblur.network.APIResponse: 	at baseline.com.newsblur.network.APIManager.get_single(APIManager.java:639)
08-04 12:49:13.952 28585 29512 E baseline.com.newsblur.network.APIResponse: 	at baseline.com.newsblur.network.APIManager.get(APIManager.java:625)
08-04 12:49:13.952 28585 29512 E baseline.com.newsblur.network.APIResponse: 	at baseline.com.newsblur.network.APIManager.get(APIManager.java:667)
08-04 12:49:13.952 28585 29512 E baseline.com.newsblur.network.APIResponse: 	at baseline.com.newsblur.network.APIManager.getFeedUnreadCounts(APIManager.java:274)
08-04 12:49:13.952 28585 29512 E baseline.com.newsblur.network.APIResponse: 	at baseline.com.newsblur.service.NBSyncService.checkRecounts(NBSyncService.java:660)
08-04 12:49:13.952 28585 29512 E baseline.com.newsblur.network.APIResponse: 	at baseline.com.newsblur.service.NBSyncService.doSync(NBSyncService.java:310)
08-04 12:49:13.952 28585 29512 E baseline.com.newsblur.network.APIResponse: 	at baseline.com.newsblur.service.NBSyncService.access$100(NBSyncService.java:67)
08-04 12:49:13.952 28585 29512 E baseline.com.newsblur.network.APIResponse: 	at baseline.com.newsblur.service.NBSyncService$1.run(NBSyncService.java:188)
08-04 12:49:13.952 28585 29512 E baseline.com.newsblur.network.APIResponse: 	at java.util.concurrent.ThreadPoolExecutor.runWorker(ThreadPoolExecutor.java:1113)
08-04 12:49:13.952 28585 29512 E baseline.com.newsblur.network.APIResponse: 	at java.util.concurrent.ThreadPoolExecutor$Worker.run(ThreadPoolExecutor.java:588)
08-04 12:49:13.952 28585 29512 E baseline.com.newsblur.network.APIResponse: 	at java.lang.Thread.run(Thread.java:818)
08-04 12:49:13.952 28585 29512 E baseline.com.newsblur.network.APIResponse: Caused by: java.io.EOFException: \n not found: limit=0 content=
08-04 12:49:13.952 28585 29512 E baseline.com.newsblur.network.APIResponse: 	at okio.RealBufferedSource.readUtf8LineStrict(RealBufferedSource.java:240)
08-04 12:49:13.952 28585 29512 E baseline.com.newsblur.network.APIResponse: 	at okhttp3.internal.http1.Http1ExchangeCodec.readHeaderLine(Http1ExchangeCodec.java:242)
08-04 12:49:13.952 28585 29512 E baseline.com.newsblur.network.APIResponse: 	at okhttp3.internal.http1.Http1ExchangeCodec.readResponseHeaders(Http1ExchangeCodec.java:213)
08-04 12:49:13.952 28585 29512 E baseline.com.newsblur.network.APIResponse: 	... 28 more
08-04 12:49:13.954 28585 28598 I art     : Starting a blocking GC Explicit
08-04 12:49:13.955 28585 29512 I baseline.com.newsblur.network.APIManager: API call failed, pausing before retry number 1
08-04 12:49:13.992 28585 28598 I art     : Explicit concurrent mark sweep GC freed 3649(322KB) AllocSpace objects, 3(60KB) LOS objects, 29% free, 37MB/53MB, paused 1.028ms total 38.095ms
08-04 12:49:14.002 28585 28598 I art     : Starting a blocking GC Explicit
08-04 12:49:14.038 28585 28598 I art     : Explicit concurrent mark sweep GC freed 382(36KB) AllocSpace objects, 0(0B) LOS objects, 29% free, 37MB/53MB, paused 1.048ms total 35.917ms
08-04 12:49:14.048 28585 28598 I art     : Starting a blocking GC Explicit
08-04 12:49:14.085 28585 28598 I art     : Explicit concurrent mark sweep GC freed 7(288B) AllocSpace objects, 0(0B) LOS objects, 29% free, 37MB/53MB, paused 1.077ms total 36.301ms
08-04 12:49:14.095 28585 28598 I art     : Starting a blocking GC Explicit
08-04 12:49:14.133 28585 28598 I art     : Explicit concurrent mark sweep GC freed 3(96B) AllocSpace objects, 0(0B) LOS objects, 29% free, 37MB/53MB, paused 1.028ms total 37.123ms
08-04 12:49:14.143 28585 28598 I art     : Starting a blocking GC Explicit
08-04 12:49:14.181 28585 28598 I art     : Explicit concurrent mark sweep GC freed 3(96B) AllocSpace objects, 0(0B) LOS objects, 29% free, 37MB/53MB, paused 1.056ms total 37.053ms
08-04 12:49:14.543 28585 28597 I art     : Starting a blocking GC Explicit
08-04 12:49:14.582 28585 28597 I art     : Explicit concurrent mark sweep GC freed 1439(82KB) AllocSpace objects, 1(20KB) LOS objects, 29% free, 37MB/53MB, paused 1.070ms total 38.720ms
08-04 12:49:14.595 28585 28597 I art     : Starting a blocking GC Explicit
08-04 12:49:14.630 28585 28597 I art     : Explicit concurrent mark sweep GC freed 22(784B) AllocSpace objects, 0(0B) LOS objects, 29% free, 37MB/53MB, paused 1.003ms total 35.192ms
08-04 12:49:14.640 28585 28597 I art     : Starting a blocking GC Explicit
08-04 12:49:14.674 28585 28597 I art     : Explicit concurrent mark sweep GC freed 3(96B) AllocSpace objects, 0(0B) LOS objects, 29% free, 37MB/53MB, paused 1.013ms total 34.359ms
08-04 12:49:14.685 28585 28597 I art     : Starting a blocking GC Explicit
08-04 12:49:14.720 28585 28597 I art     : Explicit concurrent mark sweep GC freed 3(96B) AllocSpace objects, 0(0B) LOS objects, 29% free, 37MB/53MB, paused 1.017ms total 35.295ms
08-04 12:49:14.730 28585 28597 I art     : Starting a blocking GC Explicit
08-04 12:49:14.766 28585 28597 I art     : Explicit concurrent mark sweep GC freed 3(96B) AllocSpace objects, 0(0B) LOS objects, 29% free, 37MB/53MB, paused 972us total 35.517ms
08-04 12:49:15.082 13866 13882 I PeriodicStatsRunner: PeriodicStatsRunner.call():175 call()
08-04 12:49:15.083 13866 13882 I PeriodicStatsRunner: PeriodicStatsRunner.call():179 No submit PeriodicStats since input started.
08-04 12:49:15.109 28585 28837 I art     : Starting a blocking GC Explicit
08-04 12:49:15.150 28585 28837 I art     : Explicit concurrent mark sweep GC freed 1438(82KB) AllocSpace objects, 1(20KB) LOS objects, 29% free, 37MB/53MB, paused 1.129ms total 39.837ms
08-04 12:49:15.160 28585 28837 I art     : Starting a blocking GC Explicit
08-04 12:49:15.194 28585 28837 I art     : Explicit concurrent mark sweep GC freed 22(784B) AllocSpace objects, 0(0B) LOS objects, 29% free, 37MB/53MB, paused 983us total 33.543ms
08-04 12:49:15.203 28585 28837 I art     : Starting a blocking GC Explicit
08-04 12:49:15.239 28585 28837 I art     : Explicit concurrent mark sweep GC freed 3(96B) AllocSpace objects, 0(0B) LOS objects, 29% free, 37MB/53MB, paused 1.070ms total 35.627ms
08-04 12:49:15.249 28585 28837 I art     : Starting a blocking GC Explicit
08-04 12:49:15.286 28585 28837 I art     : Explicit concurrent mark sweep GC freed 3(96B) AllocSpace objects, 0(0B) LOS objects, 29% free, 37MB/53MB, paused 1.072ms total 36.065ms
08-04 12:49:15.296 28585 28837 I art     : Starting a blocking GC Explicit
08-04 12:49:15.333 28585 28837 I art     : Explicit concurrent mark sweep GC freed 3(96B) AllocSpace objects, 0(0B) LOS objects, 29% free, 37MB/53MB, paused 990us total 36.028ms
08-04 12:49:15.676 28585 29451 I art     : Starting a blocking GC Explicit
08-04 12:49:15.716 28585 29451 I art     : Explicit concurrent mark sweep GC freed 1604(91KB) AllocSpace objects, 1(20KB) LOS objects, 29% free, 37MB/53MB, paused 1.165ms total 39.020ms
08-04 12:49:15.726 28585 29451 I art     : Starting a blocking GC Explicit
08-04 12:49:15.764 28585 29451 I art     : Explicit concurrent mark sweep GC freed 28(1040B) AllocSpace objects, 0(0B) LOS objects, 29% free, 37MB/53MB, paused 1.102ms total 37.466ms
08-04 12:49:15.774 28585 29451 I art     : Starting a blocking GC Explicit
08-04 12:49:15.812 28585 29451 I art     : Explicit concurrent mark sweep GC freed 3(96B) AllocSpace objects, 0(0B) LOS objects, 29% free, 37MB/53MB, paused 1.081ms total 37.154ms
08-04 12:49:15.822 28585 29451 I art     : Starting a blocking GC Explicit
08-04 12:49:15.860 28585 29451 I art     : Explicit concurrent mark sweep GC freed 3(96B) AllocSpace objects, 0(0B) LOS objects, 29% free, 37MB/53MB, paused 1.133ms total 37.407ms
08-04 12:49:15.870 28585 29451 I art     : Starting a blocking GC Explicit
08-04 12:49:15.906 28585 29451 I art     : Explicit concurrent mark sweep GC freed 3(96B) AllocSpace objects, 0(0B) LOS objects, 29% free, 37MB/53MB, paused 1.055ms total 36.100ms
08-04 12:49:16.020 28585 29512 E baseline.com.newsblur.network.APIResponse: Error (unexpected end of stream on https://www.newsblur.com/...) calling https://www.newsblur.com/reader/feed_unread_count?feed_id=0
08-04 12:49:16.020 28585 29512 E baseline.com.newsblur.network.APIResponse: java.io.IOException: unexpected end of stream on https://www.newsblur.com/...
08-04 12:49:16.020 28585 29512 E baseline.com.newsblur.network.APIResponse: 	at okhttp3.internal.http1.Http1ExchangeCodec.readResponseHeaders(Http1ExchangeCodec.java:236)
08-04 12:49:16.020 28585 29512 E baseline.com.newsblur.network.APIResponse: 	at okhttp3.internal.connection.Exchange.readResponseHeaders(Exchange.java:115)
08-04 12:49:16.020 28585 29512 E baseline.com.newsblur.network.APIResponse: 	at okhttp3.internal.http.CallServerInterceptor.intercept(CallServerInterceptor.java:94)
08-04 12:49:16.020 28585 29512 E baseline.com.newsblur.network.APIResponse: 	at okhttp3.internal.http.RealInterceptorChain.proceed(RealInterceptorChain.java:142)
08-04 12:49:16.020 28585 29512 E baseline.com.newsblur.network.APIResponse: 	at okhttp3.internal.connection.ConnectInterceptor.intercept(ConnectInterceptor.java:43)
08-04 12:49:16.020 28585 29512 E baseline.com.newsblur.network.APIResponse: 	at okhttp3.internal.http.RealInterceptorChain.proceed(RealInterceptorChain.java:142)
08-04 12:49:16.020 28585 29512 E baseline.com.newsblur.network.APIResponse: 	at okhttp3.internal.http.RealInterceptorChain.proceed(RealInterceptorChain.java:117)
08-04 12:49:16.020 28585 29512 E baseline.com.newsblur.network.APIResponse: 	at okhttp3.internal.cache.CacheInterceptor.intercept(CacheInterceptor.java:94)
08-04 12:49:16.020 28585 29512 E baseline.com.newsblur.network.APIResponse: 	at okhttp3.internal.http.RealInterceptorChain.proceed(RealInterceptorChain.java:142)
08-04 12:49:16.020 28585 29512 E baseline.com.newsblur.network.APIResponse: 	at okhttp3.internal.http.RealInterceptorChain.proceed(RealInterceptorChain.java:117)
08-04 12:49:16.020 28585 29512 E baseline.com.newsblur.network.APIResponse: 	at okhttp3.internal.http.BridgeInterceptor.intercept(BridgeInterceptor.java:93)
08-04 12:49:16.020 28585 29512 E baseline.com.newsblur.network.APIResponse: 	at okhttp3.internal.http.RealInterceptorChain.proceed(RealInterceptorChain.java:142)
08-04 12:49:16.020 28585 29512 E baseline.com.newsblur.network.APIResponse: 	at okhttp3.internal.http.RetryAndFollowUpInterceptor.intercept(RetryAndFollowUpInterceptor.java:88)
08-04 12:49:16.020 28585 29512 E baseline.com.newsblur.network.APIResponse: 	at okhttp3.internal.http.RealInterceptorChain.proceed(RealInterceptorChain.java:142)
08-04 12:49:16.020 28585 29512 E baseline.com.newsblur.network.APIResponse: 	at okhttp3.internal.http.RealInterceptorChain.proceed(RealInterceptorChain.java:117)
08-04 12:49:16.020 28585 29512 E baseline.com.newsblur.network.APIResponse: 	at okhttp3.RealCall.getResponseWithInterceptorChain(RealCall.java:229)
08-04 12:49:16.020 28585 29512 E baseline.com.newsblur.network.APIResponse: 	at okhttp3.RealCall.execute(RealCall.java:81)
08-04 12:49:16.020 28585 29512 E baseline.com.newsblur.network.APIResponse: 	at baseline.com.newsblur.network.APIResponse.<init>(APIResponse.java:57)
08-04 12:49:16.020 28585 29512 E baseline.com.newsblur.network.APIResponse: 	at baseline.com.newsblur.network.APIManager.get_single(APIManager.java:639)
08-04 12:49:16.020 28585 29512 E baseline.com.newsblur.network.APIResponse: 	at baseline.com.newsblur.network.APIManager.get(APIManager.java:625)
08-04 12:49:16.020 28585 29512 E baseline.com.newsblur.network.APIResponse: 	at baseline.com.newsblur.network.APIManager.get(APIManager.java:667)
08-04 12:49:16.020 28585 29512 E baseline.com.newsblur.network.APIResponse: 	at baseline.com.newsblur.network.APIManager.getFeedUnreadCounts(APIManager.java:274)
08-04 12:49:16.020 28585 29512 E baseline.com.newsblur.network.APIResponse: 	at baseline.com.newsblur.service.NBSyncService.checkRecounts(NBSyncService.java:660)
08-04 12:49:16.020 28585 29512 E baseline.com.newsblur.network.APIResponse: 	at baseline.com.newsblur.service.NBSyncService.doSync(NBSyncService.java:310)
08-04 12:49:16.020 28585 29512 E baseline.com.newsblur.network.APIResponse: 	at baseline.com.newsblur.service.NBSyncService.access$100(NBSyncService.java:67)
08-04 12:49:16.020 28585 29512 E baseline.com.newsblur.network.APIResponse: 	at baseline.com.newsblur.service.NBSyncService$1.run(NBSyncService.java:188)
08-04 12:49:16.020 28585 29512 E baseline.com.newsblur.network.APIResponse: 	at java.util.concurrent.ThreadPoolExecutor.runWorker(ThreadPoolExecutor.java:1113)
08-04 12:49:16.020 28585 29512 E baseline.com.newsblur.network.APIResponse: 	at java.util.concurrent.ThreadPoolExecutor$Worker.run(ThreadPoolExecutor.java:588)
08-04 12:49:16.020 28585 29512 E baseline.com.newsblur.network.APIResponse: 	at java.lang.Thread.run(Thread.java:818)
08-04 12:49:16.020 28585 29512 E baseline.com.newsblur.network.APIResponse: Caused by: java.io.EOFException: \n not found: limit=0 content=
08-04 12:49:16.020 28585 29512 E baseline.com.newsblur.network.APIResponse: 	at okio.RealBufferedSource.readUtf8LineStrict(RealBufferedSource.java:240)
08-04 12:49:16.020 28585 29512 E baseline.com.newsblur.network.APIResponse: 	at okhttp3.internal.http1.Http1ExchangeCodec.readHeaderLine(Http1ExchangeCodec.java:242)
08-04 12:49:16.020 28585 29512 E baseline.com.newsblur.network.APIResponse: 	at okhttp3.internal.http1.Http1ExchangeCodec.readResponseHeaders(Http1ExchangeCodec.java:213)
08-04 12:49:16.020 28585 29512 E baseline.com.newsblur.network.APIResponse: 	... 28 more
08-04 12:49:16.022 28585 29512 I baseline.com.newsblur.network.APIManager: API call failed, pausing before retry number 2
08-04 12:49:16.236 28585 28598 I art     : Starting a blocking GC Explicit
08-04 12:49:16.276 28585 28598 I art     : Explicit concurrent mark sweep GC freed 3926(355KB) AllocSpace objects, 3(60KB) LOS objects, 29% free, 37MB/53MB, paused 1.043ms total 39.256ms
08-04 12:49:16.286 28585 28598 I art     : Starting a blocking GC Explicit
08-04 12:49:16.324 28585 28598 I art     : Explicit concurrent mark sweep GC freed 109(3KB) AllocSpace objects, 0(0B) LOS objects, 29% free, 37MB/53MB, paused 1.047ms total 37.031ms
08-04 12:49:16.334 28585 28598 I art     : Starting a blocking GC Explicit
08-04 12:49:16.371 28585 28598 I art     : Explicit concurrent mark sweep GC freed 3(96B) AllocSpace objects, 0(0B) LOS objects, 29% free, 37MB/53MB, paused 1.050ms total 36.836ms
08-04 12:49:16.381 28585 28598 I art     : Starting a blocking GC Explicit
08-04 12:49:16.418 28585 28598 I art     : Explicit concurrent mark sweep GC freed 3(96B) AllocSpace objects, 0(0B) LOS objects, 29% free, 37MB/53MB, paused 1.205ms total 37.206ms
08-04 12:49:16.429 28585 28598 I art     : Starting a blocking GC Explicit
08-04 12:49:16.466 28585 28598 I art     : Explicit concurrent mark sweep GC freed 3(96B) AllocSpace objects, 0(0B) LOS objects, 29% free, 37MB/53MB, paused 1.084ms total 36.663ms
08-04 12:49:16.824 28585 28597 I art     : Starting a blocking GC Explicit
08-04 12:49:16.862 28585 28597 I art     : Explicit concurrent mark sweep GC freed 1437(82KB) AllocSpace objects, 1(20KB) LOS objects, 29% free, 37MB/53MB, paused 989us total 37.300ms
08-04 12:49:16.872 28585 28597 I art     : Starting a blocking GC Explicit
08-04 12:49:16.908 28585 28597 I art     : Explicit concurrent mark sweep GC freed 22(784B) AllocSpace objects, 0(0B) LOS objects, 29% free, 37MB/53MB, paused 1.040ms total 36.273ms
08-04 12:49:16.919 28585 28597 I art     : Starting a blocking GC Explicit
08-04 12:49:16.956 28585 28597 I art     : Explicit concurrent mark sweep GC freed 3(96B) AllocSpace objects, 0(0B) LOS objects, 29% free, 37MB/53MB, paused 1.053ms total 37.305ms
08-04 12:49:16.967 28585 28597 I art     : Starting a blocking GC Explicit
08-04 12:49:17.004 28585 28597 I art     : Explicit concurrent mark sweep GC freed 3(96B) AllocSpace objects, 0(0B) LOS objects, 29% free, 37MB/53MB, paused 1.088ms total 37.343ms
08-04 12:49:17.015 28585 28597 I art     : Starting a blocking GC Explicit
08-04 12:49:17.052 28585 28597 I art     : Explicit concurrent mark sweep GC freed 8(256B) AllocSpace objects, 0(0B) LOS objects, 29% free, 37MB/53MB, paused 1.062ms total 37.318ms
08-04 12:49:17.418 28585 28837 I art     : Starting a blocking GC Explicit
08-04 12:49:17.454 28585 28837 I art     : Explicit concurrent mark sweep GC freed 2198(123KB) AllocSpace objects, 1(20KB) LOS objects, 29% free, 37MB/53MB, paused 1.020ms total 35.915ms
08-04 12:49:17.464 28585 28837 I art     : Starting a blocking GC Explicit
08-04 12:49:17.497 28585 28837 I art     : Explicit concurrent mark sweep GC freed 657(38KB) AllocSpace objects, 0(0B) LOS objects, 29% free, 37MB/53MB, paused 985us total 33.634ms
08-04 12:49:17.508 28585 28837 I art     : Starting a blocking GC Explicit
08-04 12:49:17.539 28585 28837 I art     : Explicit concurrent mark sweep GC freed 372(28KB) AllocSpace objects, 0(0B) LOS objects, 29% free, 37MB/53MB, paused 999us total 30.927ms
08-04 12:49:17.548 28585 28837 I art     : Starting a blocking GC Explicit
08-04 12:49:17.579 28585 28837 I art     : Explicit concurrent mark sweep GC freed 3(96B) AllocSpace objects, 0(0B) LOS objects, 29% free, 37MB/53MB, paused 907us total 31.210ms
08-04 12:49:17.588 28585 28837 I art     : Starting a blocking GC Explicit
08-04 12:49:17.621 28585 28837 I art     : Explicit concurrent mark sweep GC freed 3(96B) AllocSpace objects, 0(0B) LOS objects, 29% free, 37MB/53MB, paused 959us total 32.008ms
08-04 12:49:17.942 28585 29451 I art     : Starting a blocking GC Explicit
08-04 12:49:17.978 28585 29451 I art     : Explicit concurrent mark sweep GC freed 1945(107KB) AllocSpace objects, 1(20KB) LOS objects, 29% free, 37MB/53MB, paused 1.051ms total 35.626ms
08-04 12:49:17.988 28585 29451 I art     : Starting a blocking GC Explicit
08-04 12:49:18.023 28585 29451 I art     : Explicit concurrent mark sweep GC freed 402(29KB) AllocSpace objects, 0(0B) LOS objects, 29% free, 37MB/53MB, paused 1.026ms total 34.953ms
08-04 12:49:18.033 28585 29451 I art     : Starting a blocking GC Explicit
08-04 12:49:18.069 28585 29451 I art     : Explicit concurrent mark sweep GC freed 3(96B) AllocSpace objects, 0(0B) LOS objects, 29% free, 37MB/53MB, paused 965us total 35.193ms
08-04 12:49:18.079 28585 29451 I art     : Starting a blocking GC Explicit
08-04 12:49:18.114 28585 29451 I art     : Explicit concurrent mark sweep GC freed 3(96B) AllocSpace objects, 0(0B) LOS objects, 29% free, 37MB/53MB, paused 1.013ms total 34.936ms
08-04 12:49:18.124 28585 29451 I art     : Starting a blocking GC Explicit
08-04 12:49:18.160 28585 29451 I art     : Explicit concurrent mark sweep GC freed 3(96B) AllocSpace objects, 0(0B) LOS objects, 29% free, 37MB/53MB, paused 1.023ms total 35.603ms
08-04 12:49:18.394   918  3188 I hubconnection: sensorhub said: 'set_bias 3: -6.1248, 0.0000, 0.0000'
08-04 12:49:18.506 28585 28598 I art     : Starting a blocking GC Explicit
08-04 12:49:18.544 28585 28598 I art     : Explicit concurrent mark sweep GC freed 1437(82KB) AllocSpace objects, 1(20KB) LOS objects, 29% free, 37MB/53MB, paused 1.006ms total 38.022ms
08-04 12:49:18.559 28585 28598 I art     : Starting a blocking GC Explicit
08-04 12:49:18.593 28585 28598 I art     : Explicit concurrent mark sweep GC freed 22(784B) AllocSpace objects, 0(0B) LOS objects, 29% free, 37MB/53MB, paused 986us total 33.867ms
08-04 12:49:18.603 28585 28598 I art     : Starting a blocking GC Explicit
08-04 12:49:18.637 28585 28598 I art     : Explicit concurrent mark sweep GC freed 3(96B) AllocSpace objects, 0(0B) LOS objects, 29% free, 37MB/53MB, paused 1.035ms total 34.552ms
08-04 12:49:18.647 28585 28598 I art     : Starting a blocking GC Explicit
08-04 12:49:18.683 28585 28598 I art     : Explicit concurrent mark sweep GC freed 3(96B) AllocSpace objects, 0(0B) LOS objects, 29% free, 37MB/53MB, paused 933us total 35.743ms
08-04 12:49:18.693 28585 28598 I art     : Starting a blocking GC Explicit
08-04 12:49:18.728 28585 28598 I art     : Explicit concurrent mark sweep GC freed 3(96B) AllocSpace objects, 0(0B) LOS objects, 29% free, 37MB/53MB, paused 1.015ms total 34.794ms
08-04 12:49:19.065 28585 28597 I art     : Starting a blocking GC Explicit
08-04 12:49:19.103 28585 28597 I art     : Explicit concurrent mark sweep GC freed 1530(86KB) AllocSpace objects, 1(20KB) LOS objects, 29% free, 37MB/53MB, paused 1.070ms total 38.333ms
08-04 12:49:19.118 28585 28597 I art     : Starting a blocking GC Explicit
08-04 12:49:19.153 28585 28597 I art     : Explicit concurrent mark sweep GC freed 93(4KB) AllocSpace objects, 0(0B) LOS objects, 29% free, 37MB/53MB, paused 990us total 34.381ms
08-04 12:49:19.163 28585 28597 I art     : Starting a blocking GC Explicit
08-04 12:49:19.197 28585 28597 I art     : Explicit concurrent mark sweep GC freed 12(1408B) AllocSpace objects, 0(0B) LOS objects, 29% free, 37MB/53MB, paused 1.069ms total 34.258ms
08-04 12:49:19.207 28585 28597 I art     : Starting a blocking GC Explicit
08-04 12:49:19.243 28585 28597 I art     : Explicit concurrent mark sweep GC freed 3(96B) AllocSpace objects, 0(0B) LOS objects, 29% free, 37MB/53MB, paused 1.026ms total 35.520ms
08-04 12:49:19.253 28585 28597 I art     : Starting a blocking GC Explicit
08-04 12:49:19.288 28585 28597 I art     : Explicit concurrent mark sweep GC freed 3(96B) AllocSpace objects, 0(0B) LOS objects, 29% free, 37MB/53MB, paused 1.051ms total 35.152ms
08-04 12:49:19.579 28585 29512 E baseline.com.newsblur.network.APIResponse: Error (unexpected end of stream on https://www.newsblur.com/...) calling https://www.newsblur.com/reader/feed_unread_count?feed_id=0
08-04 12:49:19.579 28585 29512 E baseline.com.newsblur.network.APIResponse: java.io.IOException: unexpected end of stream on https://www.newsblur.com/...
08-04 12:49:19.579 28585 29512 E baseline.com.newsblur.network.APIResponse: 	at okhttp3.internal.http1.Http1ExchangeCodec.readResponseHeaders(Http1ExchangeCodec.java:236)
08-04 12:49:19.579 28585 29512 E baseline.com.newsblur.network.APIResponse: 	at okhttp3.internal.connection.Exchange.readResponseHeaders(Exchange.java:115)
08-04 12:49:19.579 28585 29512 E baseline.com.newsblur.network.APIResponse: 	at okhttp3.internal.http.CallServerInterceptor.intercept(CallServerInterceptor.java:94)
08-04 12:49:19.579 28585 29512 E baseline.com.newsblur.network.APIResponse: 	at okhttp3.internal.http.RealInterceptorChain.proceed(RealInterceptorChain.java:142)
08-04 12:49:19.579 28585 29512 E baseline.com.newsblur.network.APIResponse: 	at okhttp3.internal.connection.ConnectInterceptor.intercept(ConnectInterceptor.java:43)
08-04 12:49:19.579 28585 29512 E baseline.com.newsblur.network.APIResponse: 	at okhttp3.internal.http.RealInterceptorChain.proceed(RealInterceptorChain.java:142)
08-04 12:49:19.579 28585 29512 E baseline.com.newsblur.network.APIResponse: 	at okhttp3.internal.http.RealInterceptorChain.proceed(RealInterceptorChain.java:117)
08-04 12:49:19.579 28585 29512 E baseline.com.newsblur.network.APIResponse: 	at okhttp3.internal.cache.CacheInterceptor.intercept(CacheInterceptor.java:94)
08-04 12:49:19.579 28585 29512 E baseline.com.newsblur.network.APIResponse: 	at okhttp3.internal.http.RealInterceptorChain.proceed(RealInterceptorChain.java:142)
08-04 12:49:19.579 28585 29512 E baseline.com.newsblur.network.APIResponse: 	at okhttp3.internal.http.RealInterceptorChain.proceed(RealInterceptorChain.java:117)
08-04 12:49:19.579 28585 29512 E baseline.com.newsblur.network.APIResponse: 	at okhttp3.internal.http.BridgeInterceptor.intercept(BridgeInterceptor.java:93)
08-04 12:49:19.579 28585 29512 E baseline.com.newsblur.network.APIResponse: 	at okhttp3.internal.http.RealInterceptorChain.proceed(RealInterceptorChain.java:142)
08-04 12:49:19.579 28585 29512 E baseline.com.newsblur.network.APIResponse: 	at okhttp3.internal.http.RetryAndFollowUpInterceptor.intercept(RetryAndFollowUpInterceptor.java:88)
08-04 12:49:19.579 28585 29512 E baseline.com.newsblur.network.APIResponse: 	at okhttp3.internal.http.RealInterceptorChain.proceed(RealInterceptorChain.java:142)
08-04 12:49:19.579 28585 29512 E baseline.com.newsblur.network.APIResponse: 	at okhttp3.internal.http.RealInterceptorChain.proceed(RealInterceptorChain.java:117)
08-04 12:49:19.579 28585 29512 E baseline.com.newsblur.network.APIResponse: 	at okhttp3.RealCall.getResponseWithInterceptorChain(RealCall.java:229)
08-04 12:49:19.579 28585 29512 E baseline.com.newsblur.network.APIResponse: 	at okhttp3.RealCall.execute(RealCall.java:81)
08-04 12:49:19.579 28585 29512 E baseline.com.newsblur.network.APIResponse: 	at baseline.com.newsblur.network.APIResponse.<init>(APIResponse.java:57)
08-04 12:49:19.579 28585 29512 E baseline.com.newsblur.network.APIResponse: 	at baseline.com.newsblur.network.APIManager.get_single(APIManager.java:639)
08-04 12:49:19.579 28585 29512 E baseline.com.newsblur.network.APIResponse: 	at baseline.com.newsblur.network.APIManager.get(APIManager.java:625)
08-04 12:49:19.579 28585 29512 E baseline.com.newsblur.network.APIResponse: 	at baseline.com.newsblur.network.APIManager.get(APIManager.java:667)
08-04 12:49:19.579 28585 29512 E baseline.com.newsblur.network.APIResponse: 	at baseline.com.newsblur.network.APIManager.getFeedUnreadCounts(APIManager.java:274)
08-04 12:49:19.579 28585 29512 E baseline.com.newsblur.network.APIResponse: 	at baseline.com.newsblur.service.NBSyncService.checkRecounts(NBSyncService.java:660)
08-04 12:49:19.579 28585 29512 E baseline.com.newsblur.network.APIResponse: 	at baseline.com.newsblur.service.NBSyncService.doSync(NBSyncService.java:310)
08-04 12:49:19.579 28585 29512 E baseline.com.newsblur.network.APIResponse: 	at baseline.com.newsblur.service.NBSyncService.access$100(NBSyncService.java:67)
08-04 12:49:19.579 28585 29512 E baseline.com.newsblur.network.APIResponse: 	at baseline.com.newsblur.service.NBSyncService$1.run(NBSyncService.java:188)
08-04 12:49:19.579 28585 29512 E baseline.com.newsblur.network.APIResponse: 	at java.util.concurrent.ThreadPoolExecutor.runWorker(ThreadPoolExecutor.java:1113)
08-04 12:49:19.579 28585 29512 E baseline.com.newsblur.network.APIResponse: 	at java.util.concurrent.ThreadPoolExecutor$Worker.run(ThreadPoolExecutor.java:588)
08-04 12:49:19.579 28585 29512 E baseline.com.newsblur.network.APIResponse: 	at java.lang.Thread.run(Thread.java:818)
08-04 12:49:19.579 28585 29512 E baseline.com.newsblur.network.APIResponse: Caused by: java.io.EOFException: \n not found: limit=0 content=
08-04 12:49:19.579 28585 29512 E baseline.com.newsblur.network.APIResponse: 	at okio.RealBufferedSource.readUtf8LineStrict(RealBufferedSource.java:240)
08-04 12:49:19.579 28585 29512 E baseline.com.newsblur.network.APIResponse: 	at okhttp3.internal.http1.Http1ExchangeCodec.readHeaderLine(Http1ExchangeCodec.java:242)
08-04 12:49:19.579 28585 29512 E baseline.com.newsblur.network.APIResponse: 	at okhttp3.internal.http1.Http1ExchangeCodec.readResponseHeaders(Http1ExchangeCodec.java:213)
08-04 12:49:19.579 28585 29512 E baseline.com.newsblur.network.APIResponse: 	... 28 more
08-04 12:49:19.581 28585 29512 W baseline.com.newsblur.service.NBSyncService: Bad response to feed_unread_count
08-04 12:49:19.627 28585 28837 I art     : Starting a blocking GC Explicit
08-04 12:49:19.664 28585 28837 I art     : Explicit concurrent mark sweep GC freed 4447(422KB) AllocSpace objects, 6(120KB) LOS objects, 29% free, 37MB/53MB, paused 1.102ms total 36.568ms
08-04 12:49:19.674 28585 28837 I art     : Starting a blocking GC Explicit
08-04 12:49:19.710 28585 28837 I art     : Explicit concurrent mark sweep GC freed 136(5KB) AllocSpace objects, 0(0B) LOS objects, 29% free, 37MB/53MB, paused 1.102ms total 35.860ms
08-04 12:49:19.720 28585 28837 I art     : Starting a blocking GC Explicit
08-04 12:49:19.756 28585 28837 I art     : Explicit concurrent mark sweep GC freed 3(96B) AllocSpace objects, 0(0B) LOS objects, 29% free, 37MB/53MB, paused 1.073ms total 35.962ms
08-04 12:49:19.767 28585 28837 I art     : Starting a blocking GC Explicit
08-04 12:49:19.803 28585 28837 I art     : Explicit concurrent mark sweep GC freed 3(96B) AllocSpace objects, 0(0B) LOS objects, 29% free, 37MB/53MB, paused 1.083ms total 35.903ms
08-04 12:49:19.813 28585 28837 I art     : Starting a blocking GC Explicit
08-04 12:49:19.850 28585 28837 I art     : Explicit concurrent mark sweep GC freed 3(96B) AllocSpace objects, 0(0B) LOS objects, 29% free, 37MB/53MB, paused 1.110ms total 36.840ms
08-04 12:49:20.017 28585 29512 E baseline.com.newsblur.network.APIResponse: Error (unexpected end of stream on https://www.newsblur.com/...) calling https://www.newsblur.com/reader/mark_story_hashes_as_read/
08-04 12:49:20.017 28585 29512 E baseline.com.newsblur.network.APIResponse: java.io.IOException: unexpected end of stream on https://www.newsblur.com/...
08-04 12:49:20.017 28585 29512 E baseline.com.newsblur.network.APIResponse: 	at okhttp3.internal.http1.Http1ExchangeCodec.readResponseHeaders(Http1ExchangeCodec.java:236)
08-04 12:49:20.017 28585 29512 E baseline.com.newsblur.network.APIResponse: 	at okhttp3.internal.connection.Exchange.readResponseHeaders(Exchange.java:115)
08-04 12:49:20.017 28585 29512 E baseline.com.newsblur.network.APIResponse: 	at okhttp3.internal.http.CallServerInterceptor.intercept(CallServerInterceptor.java:94)
08-04 12:49:20.017 28585 29512 E baseline.com.newsblur.network.APIResponse: 	at okhttp3.internal.http.RealInterceptorChain.proceed(RealInterceptorChain.java:142)
08-04 12:49:20.017 28585 29512 E baseline.com.newsblur.network.APIResponse: 	at okhttp3.internal.connection.ConnectInterceptor.intercept(ConnectInterceptor.java:43)
08-04 12:49:20.017 28585 29512 E baseline.com.newsblur.network.APIResponse: 	at okhttp3.internal.http.RealInterceptorChain.proceed(RealInterceptorChain.java:142)
08-04 12:49:20.017 28585 29512 E baseline.com.newsblur.network.APIResponse: 	at okhttp3.internal.http.RealInterceptorChain.proceed(RealInterceptorChain.java:117)
08-04 12:49:20.017 28585 29512 E baseline.com.newsblur.network.APIResponse: 	at okhttp3.internal.cache.CacheInterceptor.intercept(CacheInterceptor.java:94)
08-04 12:49:20.017 28585 29512 E baseline.com.newsblur.network.APIResponse: 	at okhttp3.internal.http.RealInterceptorChain.proceed(RealInterceptorChain.java:142)
08-04 12:49:20.017 28585 29512 E baseline.com.newsblur.network.APIResponse: 	at okhttp3.internal.http.RealInterceptorChain.proceed(RealInterceptorChain.java:117)
08-04 12:49:20.017 28585 29512 E baseline.com.newsblur.network.APIResponse: 	at okhttp3.internal.http.BridgeInterceptor.intercept(BridgeInterceptor.java:93)
08-04 12:49:20.017 28585 29512 E baseline.com.newsblur.network.APIResponse: 	at okhttp3.internal.http.RealInterceptorChain.proceed(RealInterceptorChain.java:142)
08-04 12:49:20.017 28585 29512 E baseline.com.newsblur.network.APIResponse: 	at okhttp3.internal.http.RetryAndFollowUpInterceptor.intercept(RetryAndFollowUpInterceptor.java:88)
08-04 12:49:20.017 28585 29512 E baseline.com.newsblur.network.APIResponse: 	at okhttp3.internal.http.RealInterceptorChain.proceed(RealInterceptorChain.java:142)
08-04 12:49:20.017 28585 29512 E baseline.com.newsblur.network.APIResponse: 	at okhttp3.internal.http.RealInterceptorChain.proceed(RealInterceptorChain.java:117)
08-04 12:49:20.017 28585 29512 E baseline.com.newsblur.network.APIResponse: 	at okhttp3.RealCall.getResponseWithInterceptorChain(RealCall.java:229)
08-04 12:49:20.017 28585 29512 E baseline.com.newsblur.network.APIResponse: 	at okhttp3.RealCall.execute(RealCall.java:81)
08-04 12:49:20.017 28585 29512 E baseline.com.newsblur.network.APIResponse: 	at baseline.com.newsblur.network.APIResponse.<init>(APIResponse.java:57)
08-04 12:49:20.017 28585 29512 E baseline.com.newsblur.network.APIResponse: 	at baseline.com.newsblur.network.APIResponse.<init>(APIResponse.java:43)
08-04 12:49:20.017 28585 29512 E baseline.com.newsblur.network.APIResponse: 	at baseline.com.newsblur.network.APIManager.post_single(APIManager.java:702)
08-04 12:49:20.017 28585 29512 E baseline.com.newsblur.network.APIResponse: 	at baseline.com.newsblur.network.APIManager.post(APIManager.java:675)
08-04 12:49:20.017 28585 29512 E baseline.com.newsblur.network.APIResponse: 	at baseline.com.newsblur.network.APIManager.post(APIManager.java:714)
08-04 12:49:20.017 28585 29512 E baseline.com.newsblur.network.APIResponse: 	at baseline.com.newsblur.network.APIManager.markStoryAsRead(APIManager.java:205)
08-04 12:49:20.017 28585 29512 E baseline.com.newsblur.network.APIResponse: 	at baseline.com.newsblur.util.ReadingAction.doRemote(ReadingAction.java:281)
08-04 12:49:20.017 28585 29512 E baseline.com.newsblur.network.APIResponse: 	at baseline.com.newsblur.service.NBSyncService.syncActions(NBSyncService.java:400)
08-04 12:49:20.017 28585 29512 E baseline.com.newsblur.network.APIResponse: 	at baseline.com.newsblur.service.NBSyncService.doSync(NBSyncService.java:298)
08-04 12:49:20.017 28585 29512 E baseline.com.newsblur.network.APIResponse: 	at baseline.com.newsblur.service.NBSyncService.access$100(NBSyncService.java:67)
08-04 12:49:20.017 28585 29512 E baseline.com.newsblur.network.APIResponse: 	at baseline.com.newsblur.service.NBSyncService$1.run(NBSyncService.java:188)
08-04 12:49:20.017 28585 29512 E baseline.com.newsblur.network.APIResponse: 	at java.util.concurrent.ThreadPoolExecutor.runWorker(ThreadPoolExecutor.java:1113)
08-04 12:49:20.017 28585 29512 E baseline.com.newsblur.network.APIResponse: 	at java.util.concurrent.ThreadPoolExecutor$Worker.run(ThreadPoolExecutor.java:588)
08-04 12:49:20.017 28585 29512 E baseline.com.newsblur.network.APIResponse: 	at java.lang.Thread.run(Thread.java:818)
08-04 12:49:20.017 28585 29512 E baseline.com.newsblur.network.APIResponse: Caused by: java.io.EOFException: \n not found: limit=0 content=
08-04 12:49:20.017 28585 29512 E baseline.com.newsblur.network.APIResponse: 	at okio.RealBufferedSource.readUtf8LineStrict(RealBufferedSource.java:240)
08-04 12:49:20.017 28585 29512 E baseline.com.newsblur.network.APIResponse: 	at okhttp3.internal.http1.Http1ExchangeCodec.readHeaderLine(Http1ExchangeCodec.java:242)
08-04 12:49:20.017 28585 29512 E baseline.com.newsblur.network.APIResponse: 	at okhttp3.internal.http1.Http1ExchangeCodec.readResponseHeaders(Http1ExchangeCodec.java:213)
08-04 12:49:20.017 28585 29512 E baseline.com.newsblur.network.APIResponse: 	... 30 more
08-04 12:49:20.018 28585 29512 I baseline.com.newsblur.network.APIManager: API call failed, pausing before retry number 1
08-04 12:49:20.164 28585 29451 I art     : Starting a blocking GC Explicit
08-04 12:49:20.201 28585 29451 I art     : Explicit concurrent mark sweep GC freed 3944(357KB) AllocSpace objects, 3(60KB) LOS objects, 29% free, 37MB/53MB, paused 1.097ms total 36.794ms
08-04 12:49:20.212 28585 29451 I art     : Starting a blocking GC Explicit
08-04 12:49:20.246 28585 29451 I art     : Explicit concurrent mark sweep GC freed 109(3KB) AllocSpace objects, 0(0B) LOS objects, 29% free, 37MB/53MB, paused 1.045ms total 34.084ms
08-04 12:49:20.256 28585 29451 I art     : Starting a blocking GC Explicit
08-04 12:49:20.290 28585 29451 I art     : Explicit concurrent mark sweep GC freed 3(96B) AllocSpace objects, 0(0B) LOS objects, 29% free, 37MB/53MB, paused 1.008ms total 34.308ms
08-04 12:49:20.300 28585 29451 I art     : Starting a blocking GC Explicit
08-04 12:49:20.335 28585 29451 I art     : Explicit concurrent mark sweep GC freed 3(96B) AllocSpace objects, 0(0B) LOS objects, 29% free, 37MB/53MB, paused 1.027ms total 34.475ms
08-04 12:49:20.345 28585 29451 I art     : Starting a blocking GC Explicit
08-04 12:49:20.380 28585 29451 I art     : Explicit concurrent mark sweep GC freed 3(96B) AllocSpace objects, 0(0B) LOS objects, 29% free, 37MB/53MB, paused 1.055ms total 34.538ms
08-04 12:49:20.458 29919 29919 D AndroidRuntime: >>>>>> START com.android.internal.os.RuntimeInit uid 2000 <<<<<<
08-04 12:49:20.464 29919 29919 D AndroidRuntime: CheckJNI is OFF
08-04 12:49:20.497 29919 29919 D ICU     : No timezone override file found: /data/misc/zoneinfo/current/icu/icu_tzdata.dat
08-04 12:49:20.530 29919 29919 I Radio-JNI: register_android_hardware_Radio DONE
08-04 12:49:20.552 29919 29919 D AndroidRuntime: Calling main entry com.android.commands.input.Input
08-04 12:49:20.554 29919 29919 I Input   : injectMotionEvent: MotionEvent { action=ACTION_DOWN, actionButton=0, id[0]=0, x[0]=436.0, y[0]=453.0, toolType[0]=TOOL_TYPE_UNKNOWN, buttonState=0, metaState=0, flags=0x0, edgeFlags=0x0, pointerCount=1, historySize=0, eventTime=708576966, downTime=708576966, deviceId=0, source=0x1002 }
08-04 12:49:20.559 29919 29919 I Input   : injectMotionEvent: MotionEvent { action=ACTION_UP, actionButton=0, id[0]=0, x[0]=436.0, y[0]=453.0, toolType[0]=TOOL_TYPE_UNKNOWN, buttonState=0, metaState=0, flags=0x0, edgeFlags=0x0, pointerCount=1, historySize=0, eventTime=708576966, downTime=708576966, deviceId=0, source=0x1002 }
08-04 12:49:20.561 29919 29919 D AndroidRuntime: Shutting down VM
08-04 12:49:20.575   512  2967 D audio_hw_primary: out_set_parameters: enter: usecase(1: low-latency-playback) kvpairs: routing=2
08-04 12:49:20.575   918  3961 I ActivityManager: START u0 {cmp=baseline.com.newsblur/.activity.GlobalSharedStoriesReading (has extras)} from uid 10652 on display 0
08-04 12:49:20.588   512  2967 D audio_hw_primary: select_devices: out_snd_device(2: speaker) in_snd_device(0: none)
08-04 12:49:20.588   512  2967 D msm8974_platform: platform_send_audio_calibration: sending audio calibration for snd_device(2) acdb_id(15)
08-04 12:49:20.588   512  2967 I soundtrigger: audio_extn_sound_trigger_update_device_status: device 0x2 of type 0 for Event 1
08-04 12:49:20.601   512  2967 D audio_hw_primary: enable_snd_device: snd_device(2: speaker)
08-04 12:49:20.603   512  2967 D audio_hw_primary: enable_audio_route: apply and update mixer path: low-latency-playback speaker
08-04 12:49:20.687 28585 28598 I art     : Starting a blocking GC Explicit
08-04 12:49:20.726 28585 28598 I art     : Explicit concurrent mark sweep GC freed 2904(233KB) AllocSpace objects, 6(548KB) LOS objects, 29% free, 37MB/53MB, paused 1.084ms total 37.951ms
08-04 12:49:20.736 28585 28598 I art     : Starting a blocking GC Explicit
08-04 12:49:20.764   918   936 I ActivityManager: Displayed baseline.com.newsblur/.activity.GlobalSharedStoriesReading: +181ms
08-04 12:49:20.764 13866 13866 I GoogleInputMethodServic: GoogleInputMethodService.onFinishInput():3138 
08-04 12:49:20.765 13866 13866 I GoogleInputMethodServic: GoogleInputMethodService.onStartInput():1808 
08-04 12:49:20.770 28585 28598 I art     : Explicit concurrent mark sweep GC freed 823(57KB) AllocSpace objects, 1(20KB) LOS objects, 29% free, 37MB/53MB, paused 1.339ms total 34.555ms
08-04 12:49:20.781 28585 28598 I art     : Starting a blocking GC Explicit
08-04 12:49:20.818 28585 28598 I art     : Explicit concurrent mark sweep GC freed 1207(83KB) AllocSpace objects, 1(20KB) LOS objects, 29% free, 38MB/54MB, paused 1.371ms total 36.722ms
08-04 12:49:20.827 28585 28598 I art     : Starting a blocking GC Explicit
08-04 12:49:20.866 28585 28598 I art     : Explicit concurrent mark sweep GC freed 1191(102KB) AllocSpace objects, 10(236KB) LOS objects, 29% free, 38MB/54MB, paused 1.321ms total 38.386ms
08-04 12:49:20.877 28585 28598 I art     : Starting a blocking GC Explicit
08-04 12:49:20.913 28585 28598 I art     : Explicit concurrent mark sweep GC freed 866(53KB) AllocSpace objects, 1(28KB) LOS objects, 29% free, 38MB/54MB, paused 1.071ms total 36.241ms
08-04 12:49:20.989 28585 29180 E chromium: [ERROR:tile_manager.cc(793)] WARNING: tile memory limits exceeded, some content may not draw
08-04 12:49:20.990 28585 29180 E chromium: [ERROR:tile_manager.cc(793)] WARNING: tile memory limits exceeded, some content may not draw
08-04 12:49:21.154   512  2967 D audio_hw_primary: disable_audio_route: reset and update mixer path: low-latency-playback speaker
08-04 12:49:21.156   512  2967 D audio_hw_primary: disable_snd_device: snd_device(2: speaker)
08-04 12:49:21.163   512  2967 I soundtrigger: audio_extn_sound_trigger_update_device_status: device 0x2 of type 0 for Event 0
08-04 12:49:21.214 28585 29451 I art     : Starting a blocking GC Explicit
08-04 12:49:21.248 28585 29451 I art     : Explicit concurrent mark sweep GC freed 1776(124KB) AllocSpace objects, 2(40KB) LOS objects, 29% free, 38MB/54MB, paused 1.067ms total 34.022ms
08-04 12:49:21.259 28585 29451 I art     : Starting a blocking GC Explicit
08-04 12:49:21.292 28585 29451 I art     : Explicit concurrent mark sweep GC freed 47(1936B) AllocSpace objects, 0(0B) LOS objects, 29% free, 38MB/54MB, paused 971us total 33.230ms
08-04 12:49:21.293 28585 28596 I art     : WaitForGcToComplete blocked for 16.381ms for cause HeapTrim
08-04 12:49:21.302 28585 29451 I art     : Starting a blocking GC Explicit
08-04 12:49:21.335 28585 29451 I art     : Explicit concurrent mark sweep GC freed 3(96B) AllocSpace objects, 0(0B) LOS objects, 29% free, 38MB/54MB, paused 920us total 33.378ms
08-04 12:49:21.344 28585 29451 I art     : Starting a blocking GC Explicit
08-04 12:49:21.380 28585 29451 I art     : Explicit concurrent mark sweep GC freed 3(96B) AllocSpace objects, 0(0B) LOS objects, 29% free, 38MB/54MB, paused 984us total 34.931ms
08-04 12:49:21.389 28585 29451 I art     : Starting a blocking GC Explicit
08-04 12:49:21.424 28585 29451 I art     : Explicit concurrent mark sweep GC freed 3(96B) AllocSpace objects, 0(0B) LOS objects, 29% free, 38MB/54MB, paused 981us total 34.862ms
08-04 12:49:21.757 28585 28597 I art     : Starting a blocking GC Explicit
08-04 12:49:21.800 28585 28597 I art     : Explicit concurrent mark sweep GC freed 1609(91KB) AllocSpace objects, 1(20KB) LOS objects, 29% free, 38MB/54MB, paused 1.726ms total 42.401ms
08-04 12:49:21.812 28585 28597 I art     : Starting a blocking GC Explicit
08-04 12:49:21.849 28585 28597 I art     : Explicit concurrent mark sweep GC freed 28(1040B) AllocSpace objects, 0(0B) LOS objects, 29% free, 38MB/54MB, paused 1.075ms total 37.161ms
08-04 12:49:21.860 28585 28597 I art     : Starting a blocking GC Explicit
08-04 12:49:21.898 28585 28597 I art     : Explicit concurrent mark sweep GC freed 3(96B) AllocSpace objects, 0(0B) LOS objects, 29% free, 38MB/54MB, paused 1.088ms total 37.146ms
08-04 12:49:21.908 28585 28597 I art     : Starting a blocking GC Explicit
08-04 12:49:21.946 28585 28597 I art     : Explicit concurrent mark sweep GC freed 3(96B) AllocSpace objects, 0(0B) LOS objects, 29% free, 38MB/54MB, paused 1.070ms total 37.431ms
08-04 12:49:21.956 28585 28597 I art     : Starting a blocking GC Explicit
08-04 12:49:21.993 28585 28597 I art     : Explicit concurrent mark sweep GC freed 3(96B) AllocSpace objects, 0(0B) LOS objects, 29% free, 38MB/54MB, paused 1.067ms total 36.866ms
08-04 12:49:22.047 28585 29512 E baseline.com.newsblur.network.APIResponse: Error (unexpected end of stream on https://www.newsblur.com/...) calling https://www.newsblur.com/reader/mark_story_hashes_as_read/
08-04 12:49:22.047 28585 29512 E baseline.com.newsblur.network.APIResponse: java.io.IOException: unexpected end of stream on https://www.newsblur.com/...
08-04 12:49:22.047 28585 29512 E baseline.com.newsblur.network.APIResponse: 	at okhttp3.internal.http1.Http1ExchangeCodec.readResponseHeaders(Http1ExchangeCodec.java:236)
08-04 12:49:22.047 28585 29512 E baseline.com.newsblur.network.APIResponse: 	at okhttp3.internal.connection.Exchange.readResponseHeaders(Exchange.java:115)
08-04 12:49:22.047 28585 29512 E baseline.com.newsblur.network.APIResponse: 	at okhttp3.internal.http.CallServerInterceptor.intercept(CallServerInterceptor.java:94)
08-04 12:49:22.047 28585 29512 E baseline.com.newsblur.network.APIResponse: 	at okhttp3.internal.http.RealInterceptorChain.proceed(RealInterceptorChain.java:142)
08-04 12:49:22.047 28585 29512 E baseline.com.newsblur.network.APIResponse: 	at okhttp3.internal.connection.ConnectInterceptor.intercept(ConnectInterceptor.java:43)
08-04 12:49:22.047 28585 29512 E baseline.com.newsblur.network.APIResponse: 	at okhttp3.internal.http.RealInterceptorChain.proceed(RealInterceptorChain.java:142)
08-04 12:49:22.047 28585 29512 E baseline.com.newsblur.network.APIResponse: 	at okhttp3.internal.http.RealInterceptorChain.proceed(RealInterceptorChain.java:117)
08-04 12:49:22.047 28585 29512 E baseline.com.newsblur.network.APIResponse: 	at okhttp3.internal.cache.CacheInterceptor.intercept(CacheInterceptor.java:94)
08-04 12:49:22.047 28585 29512 E baseline.com.newsblur.network.APIResponse: 	at okhttp3.internal.http.RealInterceptorChain.proceed(RealInterceptorChain.java:142)
08-04 12:49:22.047 28585 29512 E baseline.com.newsblur.network.APIResponse: 	at okhttp3.internal.http.RealInterceptorChain.proceed(RealInterceptorChain.java:117)
08-04 12:49:22.047 28585 29512 E baseline.com.newsblur.network.APIResponse: 	at okhttp3.internal.http.BridgeInterceptor.intercept(BridgeInterceptor.java:93)
08-04 12:49:22.047 28585 29512 E baseline.com.newsblur.network.APIResponse: 	at okhttp3.internal.http.RealInterceptorChain.proceed(RealInterceptorChain.java:142)
08-04 12:49:22.047 28585 29512 E baseline.com.newsblur.network.APIResponse: 	at okhttp3.internal.http.RetryAndFollowUpInterceptor.intercept(RetryAndFollowUpInterceptor.java:88)
08-04 12:49:22.047 28585 29512 E baseline.com.newsblur.network.APIResponse: 	at okhttp3.internal.http.RealInterceptorChain.proceed(RealInterceptorChain.java:142)
08-04 12:49:22.047 28585 29512 E baseline.com.newsblur.network.APIResponse: 	at okhttp3.internal.http.RealInterceptorChain.proceed(RealInterceptorChain.java:117)
08-04 12:49:22.047 28585 29512 E baseline.com.newsblur.network.APIResponse: 	at okhttp3.RealCall.getResponseWithInterceptorChain(RealCall.java:229)
08-04 12:49:22.047 28585 29512 E baseline.com.newsblur.network.APIResponse: 	at okhttp3.RealCall.execute(RealCall.java:81)
08-04 12:49:22.047 28585 29512 E baseline.com.newsblur.network.APIResponse: 	at baseline.com.newsblur.network.APIResponse.<init>(APIResponse.java:57)
08-04 12:49:22.047 28585 29512 E baseline.com.newsblur.network.APIResponse: 	at baseline.com.newsblur.network.APIResponse.<init>(APIResponse.java:43)
08-04 12:49:22.047 28585 29512 E baseline.com.newsblur.network.APIResponse: 	at baseline.com.newsblur.network.APIManager.post_single(APIManager.java:702)
08-04 12:49:22.047 28585 29512 E baseline.com.newsblur.network.APIResponse: 	at baseline.com.newsblur.network.APIManager.post(APIManager.java:675)
08-04 12:49:22.047 28585 29512 E baseline.com.newsblur.network.APIResponse: 	at baseline.com.newsblur.network.APIManager.post(APIManager.java:714)
08-04 12:49:22.047 28585 29512 E baseline.com.newsblur.network.APIResponse: 	at baseline.com.newsblur.network.APIManager.markStoryAsRead(APIManager.java:205)
08-04 12:49:22.047 28585 29512 E baseline.com.newsblur.network.APIResponse: 	at baseline.com.newsblur.util.ReadingAction.doRemote(ReadingAction.java:281)
08-04 12:49:22.047 28585 29512 E baseline.com.newsblur.network.APIResponse: 	at baseline.com.newsblur.service.NBSyncService.syncActions(NBSyncService.java:400)
08-04 12:49:22.047 28585 29512 E baseline.com.newsblur.network.APIResponse: 	at baseline.com.newsblur.service.NBSyncService.doSync(NBSyncService.java:298)
08-04 12:49:22.047 28585 29512 E baseline.com.newsblur.network.APIResponse: 	at baseline.com.newsblur.service.NBSyncService.access$100(NBSyncService.java:67)
08-04 12:49:22.047 28585 29512 E baseline.com.newsblur.network.APIResponse: 	at baseline.com.newsblur.service.NBSyncService$1.run(NBSyncService.java:188)
08-04 12:49:22.047 28585 29512 E baseline.com.newsblur.network.APIResponse: 	at java.util.concurrent.ThreadPoolExecutor.runWorker(ThreadPoolExecutor.java:1113)
08-04 12:49:22.047 28585 29512 E baseline.com.newsblur.network.APIResponse: 	at java.util.concurrent.ThreadPoolExecutor$Worker.run(ThreadPoolExecutor.java:588)
08-04 12:49:22.047 28585 29512 E baseline.com.newsblur.network.APIResponse: 	at java.lang.Thread.run(Thread.java:818)
08-04 12:49:22.047 28585 29512 E baseline.com.newsblur.network.APIResponse: Caused by: java.io.EOFException: \n not found: limit=0 content=
08-04 12:49:22.047 28585 29512 E baseline.com.newsblur.network.APIResponse: 	at okio.RealBufferedSource.readUtf8LineStrict(RealBufferedSource.java:240)
08-04 12:49:22.047 28585 29512 E baseline.com.newsblur.network.APIResponse: 	at okhttp3.internal.http1.Http1ExchangeCodec.readHeaderLine(Http1ExchangeCodec.java:242)
08-04 12:49:22.047 28585 29512 E baseline.com.newsblur.network.APIResponse: 	at okhttp3.internal.http1.Http1ExchangeCodec.readResponseHeaders(Http1ExchangeCodec.java:213)
08-04 12:49:22.047 28585 29512 E baseline.com.newsblur.network.APIResponse: 	... 30 more
08-04 12:49:22.049 28585 29512 I baseline.com.newsblur.network.APIManager: API call failed, pausing before retry number 2
08-04 12:49:22.331 28585 28598 I art     : Starting a blocking GC Explicit
08-04 12:49:22.368 28585 28598 I art     : Explicit concurrent mark sweep GC freed 4014(359KB) AllocSpace objects, 3(60KB) LOS objects, 29% free, 38MB/54MB, paused 1.065ms total 36.938ms
08-04 12:49:22.378 28585 28598 I art     : Starting a blocking GC Explicit
08-04 12:49:22.417 28585 28598 I art     : Explicit concurrent mark sweep GC freed 119(4KB) AllocSpace objects, 0(0B) LOS objects, 29% free, 38MB/54MB, paused 1.099ms total 39.030ms
08-04 12:49:22.428 28585 28598 I art     : Starting a blocking GC Explicit
08-04 12:49:22.467 28585 28598 I art     : Explicit concurrent mark sweep GC freed 3(96B) AllocSpace objects, 0(0B) LOS objects, 29% free, 38MB/54MB, paused 1.043ms total 39.011ms
08-04 12:49:22.468   918  3261 D WifiStateMachine: starting scan for "H369AA63323"WPA_PSK with 2412,5180
08-04 12:49:22.477 28585 28598 I art     : Starting a blocking GC Explicit
08-04 12:49:22.516 28585 28598 I art     : Explicit concurrent mark sweep GC freed 3(96B) AllocSpace objects, 0(0B) LOS objects, 29% free, 38MB/54MB, paused 1.042ms total 38.722ms
08-04 12:49:22.527 28585 28598 I art     : Starting a blocking GC Explicit
08-04 12:49:22.564 28585 28598 I art     : Explicit concurrent mark sweep GC freed 3(96B) AllocSpace objects, 0(0B) LOS objects, 29% free, 38MB/54MB, paused 991us total 37.386ms
08-04 12:49:22.917 28585 29451 I art     : Starting a blocking GC Explicit
08-04 12:49:22.958 28585 29451 I art     : Explicit concurrent mark sweep GC freed 1444(83KB) AllocSpace objects, 1(20KB) LOS objects, 29% free, 38MB/54MB, paused 1.122ms total 40.793ms
08-04 12:49:22.971 28585 29451 I art     : Starting a blocking GC Explicit
08-04 12:49:23.008 28585 29451 I art     : Explicit concurrent mark sweep GC freed 22(784B) AllocSpace objects, 0(0B) LOS objects, 29% free, 38MB/54MB, paused 1.179ms total 36.468ms
08-04 12:49:23.018 28585 29451 I art     : Starting a blocking GC Explicit
08-04 12:49:23.055 28585 29451 I art     : Explicit concurrent mark sweep GC freed 3(96B) AllocSpace objects, 0(0B) LOS objects, 29% free, 38MB/54MB, paused 970us total 36.851ms
08-04 12:49:23.066 28585 29451 I art     : Starting a blocking GC Explicit
08-04 12:49:23.103 28585 29451 I art     : Explicit concurrent mark sweep GC freed 3(96B) AllocSpace objects, 0(0B) LOS objects, 29% free, 38MB/54MB, paused 991us total 37.501ms
08-04 12:49:23.113 28585 29451 I art     : Starting a blocking GC Explicit
08-04 12:49:23.150 28585 29451 I art     : Explicit concurrent mark sweep GC freed 3(96B) AllocSpace objects, 0(0B) LOS objects, 29% free, 38MB/54MB, paused 1.038ms total 36.587ms
08-04 12:49:23.352 28163 28163 I ServiceManager: Waiting for service AtCmdFwd...
08-04 12:49:23.503 28585 28597 I art     : Starting a blocking GC Explicit
08-04 12:49:23.544 28585 28597 I art     : Explicit concurrent mark sweep GC freed 1443(83KB) AllocSpace objects, 1(20KB) LOS objects, 29% free, 38MB/54MB, paused 1.080ms total 40.900ms
08-04 12:49:23.557 28585 28597 I art     : Starting a blocking GC Explicit
08-04 12:49:23.595 28585 28597 I art     : Explicit concurrent mark sweep GC freed 22(784B) AllocSpace objects, 0(0B) LOS objects, 29% free, 38MB/54MB, paused 1.050ms total 36.849ms
08-04 12:49:23.605 28585 28597 I art     : Starting a blocking GC Explicit
08-04 12:49:23.641 28585 28597 I art     : Explicit concurrent mark sweep GC freed 3(96B) AllocSpace objects, 0(0B) LOS objects, 29% free, 38MB/54MB, paused 951us total 35.859ms
08-04 12:49:23.651 28585 28597 I art     : Starting a blocking GC Explicit
08-04 12:49:23.689 28585 28597 I art     : Explicit concurrent mark sweep GC freed 3(96B) AllocSpace objects, 0(0B) LOS objects, 29% free, 38MB/54MB, paused 1.069ms total 37.946ms
08-04 12:49:23.699 28585 28597 I art     : Starting a blocking GC Explicit
08-04 12:49:23.737 28585 28597 I art     : Explicit concurrent mark sweep GC freed 3(96B) AllocSpace objects, 0(0B) LOS objects, 29% free, 38MB/54MB, paused 1.051ms total 37.141ms
08-04 12:49:24.082 28585 28837 I art     : Starting a blocking GC Explicit
08-04 12:49:24.125 28585 28837 I art     : Explicit concurrent mark sweep GC freed 1444(83KB) AllocSpace objects, 1(20KB) LOS objects, 29% free, 38MB/54MB, paused 1.037ms total 42.197ms
08-04 12:49:24.139 28585 28837 I art     : Starting a blocking GC Explicit
08-04 12:49:24.175 28585 28837 I art     : Explicit concurrent mark sweep GC freed 22(784B) AllocSpace objects, 0(0B) LOS objects, 29% free, 38MB/54MB, paused 991us total 36.423ms
08-04 12:49:24.185 28585 28837 I art     : Starting a blocking GC Explicit
08-04 12:49:24.222 28585 28837 I art     : Explicit concurrent mark sweep GC freed 3(96B) AllocSpace objects, 0(0B) LOS objects, 29% free, 38MB/54MB, paused 1.027ms total 36.999ms
08-04 12:49:24.233 28585 28837 I art     : Starting a blocking GC Explicit
08-04 12:49:24.270 28585 28837 I art     : Explicit concurrent mark sweep GC freed 3(96B) AllocSpace objects, 0(0B) LOS objects, 29% free, 38MB/54MB, paused 944us total 36.623ms
08-04 12:49:24.280 28585 28837 I art     : Starting a blocking GC Explicit
08-04 12:49:24.318 28585 28837 I art     : Explicit concurrent mark sweep GC freed 3(96B) AllocSpace objects, 0(0B) LOS objects, 29% free, 38MB/54MB, paused 1.208ms total 37.757ms
08-04 12:49:24.353 28163 28163 I ServiceManager: Waiting for service AtCmdFwd...
08-04 12:49:24.662 28585 28598 I art     : Starting a blocking GC Explicit
08-04 12:49:24.704 28585 28598 I art     : Explicit concurrent mark sweep GC freed 1444(83KB) AllocSpace objects, 1(20KB) LOS objects, 29% free, 38MB/54MB, paused 1.062ms total 40.952ms
08-04 12:49:24.718 28585 28598 I art     : Starting a blocking GC Explicit
08-04 12:49:24.754 28585 28598 I art     : Explicit concurrent mark sweep GC freed 22(784B) AllocSpace objects, 0(0B) LOS objects, 29% free, 38MB/54MB, paused 1.025ms total 36.425ms
08-04 12:49:24.764 28585 28598 I art     : Starting a blocking GC Explicit
08-04 12:49:24.801 28585 28598 I art     : Explicit concurrent mark sweep GC freed 3(96B) AllocSpace objects, 0(0B) LOS objects, 29% free, 38MB/54MB, paused 993us total 36.423ms
08-04 12:49:24.812 28585 28598 I art     : Starting a blocking GC Explicit
08-04 12:49:24.849 28585 28598 I art     : Explicit concurrent mark sweep GC freed 3(96B) AllocSpace objects, 0(0B) LOS objects, 29% free, 38MB/54MB, paused 974us total 36.495ms
08-04 12:49:24.859 28585 28598 I art     : Starting a blocking GC Explicit
08-04 12:49:24.896 28585 28598 I art     : Explicit concurrent mark sweep GC freed 3(96B) AllocSpace objects, 0(0B) LOS objects, 29% free, 38MB/54MB, paused 1.045ms total 36.698ms
08-04 12:49:25.220 30024 30024 D AndroidRuntime: >>>>>> START com.android.internal.os.RuntimeInit uid 2000 <<<<<<
08-04 12:49:25.226 30024 30024 D AndroidRuntime: CheckJNI is OFF
08-04 12:49:25.243 28585 29451 I art     : Starting a blocking GC Explicit
08-04 12:49:25.261 30024 30024 D ICU     : No timezone override file found: /data/misc/zoneinfo/current/icu/icu_tzdata.dat
08-04 12:49:25.283 28585 29451 I art     : Explicit concurrent mark sweep GC freed 1607(91KB) AllocSpace objects, 1(20KB) LOS objects, 29% free, 38MB/54MB, paused 1.215ms total 39.691ms
08-04 12:49:25.294 28585 29451 I art     : Starting a blocking GC Explicit
08-04 12:49:25.297 30024 30024 I Radio-JNI: register_android_hardware_Radio DONE
08-04 12:49:25.319 30024 30024 D AndroidRuntime: Calling main entry com.android.commands.input.Input
08-04 12:49:25.321 30024 30024 I Input   : injectKeyEvent: KeyEvent { action=ACTION_DOWN, keyCode=KEYCODE_BACK, scanCode=0, metaState=0, flags=0x0, repeatCount=0, eventTime=708581734, downTime=708581734, deviceId=-1, source=0x101 }
08-04 12:49:25.328 30024 30024 I Input   : injectKeyEvent: KeyEvent { action=ACTION_UP, keyCode=KEYCODE_BACK, scanCode=0, metaState=0, flags=0x0, repeatCount=0, eventTime=708581734, downTime=708581734, deviceId=-1, source=0x101 }
08-04 12:49:25.330 28585 29451 I art     : Explicit concurrent mark sweep GC freed 29(1120B) AllocSpace objects, 0(0B) LOS objects, 29% free, 38MB/54MB, paused 1.221ms total 35.988ms
08-04 12:49:25.337 30024 30024 D AndroidRuntime: Shutting down VM
08-04 12:49:25.345 28585 29451 I art     : Starting a blocking GC Explicit
08-04 12:49:25.353 28163 28163 I ServiceManager: Waiting for service AtCmdFwd...
08-04 12:49:25.380 28585 29451 I art     : Explicit concurrent mark sweep GC freed 220(38KB) AllocSpace objects, 2(40KB) LOS objects, 29% free, 38MB/54MB, paused 1.106ms total 34.786ms
08-04 12:49:25.390 28585 29451 I art     : Starting a blocking GC Explicit
08-04 12:49:25.426 28585 29451 I art     : Explicit concurrent mark sweep GC freed 41(1488B) AllocSpace objects, 0(0B) LOS objects, 29% free, 38MB/54MB, paused 1.087ms total 35.359ms
08-04 12:49:25.437 28585 29451 I art     : Starting a blocking GC Explicit
08-04 12:49:25.470 28585 29451 I art     : Explicit concurrent mark sweep GC freed 748(67KB) AllocSpace objects, 2(40KB) LOS objects, 29% free, 38MB/54MB, paused 1.126ms total 33.178ms
08-04 12:49:25.503 13866 13866 I GoogleInputMethodServic: GoogleInputMethodService.onFinishInput():3138 
08-04 12:49:25.504 13866 13866 I GoogleInputMethodServic: GoogleInputMethodService.onStartInput():1808 
08-04 12:49:25.621 28585 29512 E baseline.com.newsblur.network.APIResponse: Error (unexpected end of stream on https://www.newsblur.com/...) calling https://www.newsblur.com/reader/mark_story_hashes_as_read/
08-04 12:49:25.621 28585 29512 E baseline.com.newsblur.network.APIResponse: java.io.IOException: unexpected end of stream on https://www.newsblur.com/...
08-04 12:49:25.621 28585 29512 E baseline.com.newsblur.network.APIResponse: 	at okhttp3.internal.http1.Http1ExchangeCodec.readResponseHeaders(Http1ExchangeCodec.java:236)
08-04 12:49:25.621 28585 29512 E baseline.com.newsblur.network.APIResponse: 	at okhttp3.internal.connection.Exchange.readResponseHeaders(Exchange.java:115)
08-04 12:49:25.621 28585 29512 E baseline.com.newsblur.network.APIResponse: 	at okhttp3.internal.http.CallServerInterceptor.intercept(CallServerInterceptor.java:94)
08-04 12:49:25.621 28585 29512 E baseline.com.newsblur.network.APIResponse: 	at okhttp3.internal.http.RealInterceptorChain.proceed(RealInterceptorChain.java:142)
08-04 12:49:25.621 28585 29512 E baseline.com.newsblur.network.APIResponse: 	at okhttp3.internal.connection.ConnectInterceptor.intercept(ConnectInterceptor.java:43)
08-04 12:49:25.621 28585 29512 E baseline.com.newsblur.network.APIResponse: 	at okhttp3.internal.http.RealInterceptorChain.proceed(RealInterceptorChain.java:142)
08-04 12:49:25.621 28585 29512 E baseline.com.newsblur.network.APIResponse: 	at okhttp3.internal.http.RealInterceptorChain.proceed(RealInterceptorChain.java:117)
08-04 12:49:25.621 28585 29512 E baseline.com.newsblur.network.APIResponse: 	at okhttp3.internal.cache.CacheInterceptor.intercept(CacheInterceptor.java:94)
08-04 12:49:25.621 28585 29512 E baseline.com.newsblur.network.APIResponse: 	at okhttp3.internal.http.RealInterceptorChain.proceed(RealInterceptorChain.java:142)
08-04 12:49:25.621 28585 29512 E baseline.com.newsblur.network.APIResponse: 	at okhttp3.internal.http.RealInterceptorChain.proceed(RealInterceptorChain.java:117)
08-04 12:49:25.621 28585 29512 E baseline.com.newsblur.network.APIResponse: 	at okhttp3.internal.http.BridgeInterceptor.intercept(BridgeInterceptor.java:93)
08-04 12:49:25.621 28585 29512 E baseline.com.newsblur.network.APIResponse: 	at okhttp3.internal.http.RealInterceptorChain.proceed(RealInterceptorChain.java:142)
08-04 12:49:25.621 28585 29512 E baseline.com.newsblur.network.APIResponse: 	at okhttp3.internal.http.RetryAndFollowUpInterceptor.intercept(RetryAndFollowUpInterceptor.java:88)
08-04 12:49:25.621 28585 29512 E baseline.com.newsblur.network.APIResponse: 	at okhttp3.internal.http.RealInterceptorChain.proceed(RealInterceptorChain.java:142)
08-04 12:49:25.621 28585 29512 E baseline.com.newsblur.network.APIResponse: 	at okhttp3.internal.http.RealInterceptorChain.proceed(RealInterceptorChain.java:117)
08-04 12:49:25.621 28585 29512 E baseline.com.newsblur.network.APIResponse: 	at okhttp3.RealCall.getResponseWithInterceptorChain(RealCall.java:229)
08-04 12:49:25.621 28585 29512 E baseline.com.newsblur.network.APIResponse: 	at okhttp3.RealCall.execute(RealCall.java:81)
08-04 12:49:25.621 28585 29512 E baseline.com.newsblur.network.APIResponse: 	at baseline.com.newsblur.network.APIResponse.<init>(APIResponse.java:57)
08-04 12:49:25.621 28585 29512 E baseline.com.newsblur.network.APIResponse: 	at baseline.com.newsblur.network.APIResponse.<init>(APIResponse.java:43)
08-04 12:49:25.621 28585 29512 E baseline.com.newsblur.network.APIResponse: 	at baseline.com.newsblur.network.APIManager.post_single(APIManager.java:702)
08-04 12:49:25.621 28585 29512 E baseline.com.newsblur.network.APIResponse: 	at baseline.com.newsblur.network.APIManager.post(APIManager.java:675)
08-04 12:49:25.621 28585 29512 E baseline.com.newsblur.network.APIResponse: 	at baseline.com.newsblur.network.APIManager.post(APIManager.java:714)
08-04 12:49:25.621 28585 29512 E baseline.com.newsblur.network.APIResponse: 	at baseline.com.newsblur.network.APIManager.markStoryAsRead(APIManager.java:205)
08-04 12:49:25.621 28585 29512 E baseline.com.newsblur.network.APIResponse: 	at baseline.com.newsblur.util.ReadingAction.doRemote(ReadingAction.java:281)
08-04 12:49:25.621 28585 29512 E baseline.com.newsblur.network.APIResponse: 	at baseline.com.newsblur.service.NBSyncService.syncActions(NBSyncService.java:400)
08-04 12:49:25.621 28585 29512 E baseline.com.newsblur.network.APIResponse: 	at baseline.com.newsblur.service.NBSyncService.doSync(NBSyncService.java:298)
08-04 12:49:25.621 28585 29512 E baseline.com.newsblur.network.APIResponse: 	at baseline.com.newsblur.service.NBSyncService.access$100(NBSyncService.java:67)
08-04 12:49:25.621 28585 29512 E baseline.com.newsblur.network.APIResponse: 	at baseline.com.newsblur.service.NBSyncService$1.run(NBSyncService.java:188)
08-04 12:49:25.621 28585 29512 E baseline.com.newsblur.network.APIResponse: 	at java.util.concurrent.ThreadPoolExecutor.runWorker(ThreadPoolExecutor.java:1113)
08-04 12:49:25.621 28585 29512 E baseline.com.newsblur.network.APIResponse: 	at java.util.concurrent.ThreadPoolExecutor$Worker.run(ThreadPoolExecutor.java:588)
08-04 12:49:25.621 28585 29512 E baseline.com.newsblur.network.APIResponse: 	at java.lang.Thread.run(Thread.java:818)
08-04 12:49:25.621 28585 29512 E baseline.com.newsblur.network.APIResponse: Caused by: java.io.EOFException: \n not found: limit=0 content=
08-04 12:49:25.621 28585 29512 E baseline.com.newsblur.network.APIResponse: 	at okio.RealBufferedSource.readUtf8LineStrict(RealBufferedSource.java:240)
08-04 12:49:25.621 28585 29512 E baseline.com.newsblur.network.APIResponse: 	at okhttp3.internal.http1.Http1ExchangeCodec.readHeaderLine(Http1ExchangeCodec.java:242)
08-04 12:49:25.621 28585 29512 E baseline.com.newsblur.network.APIResponse: 	at okhttp3.internal.http1.Http1ExchangeCodec.readResponseHeaders(Http1ExchangeCodec.java:213)
08-04 12:49:25.621 28585 29512 E baseline.com.newsblur.network.APIResponse: 	... 30 more
08-04 12:49:25.622 28585 29512 I baseline.com.newsblur.service.NBSyncService: Holding reading action with server-side or network error.
08-04 12:49:25.631 28585 29512 W baseline.com.newsblur.service.NBSyncService: hard API failure
08-04 12:49:25.745 28585 29451 I art     : Starting a blocking GC Explicit
08-04 12:49:25.765 13866 13882 I PeriodicStatsRunner: PeriodicStatsRunner.call():175 call()
08-04 12:49:25.765 13866 13882 I PeriodicStatsRunner: PeriodicStatsRunner.call():179 No submit PeriodicStats since input started.
08-04 12:49:25.781 28585 29451 I art     : Explicit concurrent mark sweep GC freed 5365(517KB) AllocSpace objects, 8(168KB) LOS objects, 29% free, 38MB/54MB, paused 1.052ms total 35.387ms
08-04 12:49:25.790 28585 29451 I art     : Starting a blocking GC Explicit
08-04 12:49:25.826 28585 29451 I art     : Explicit concurrent mark sweep GC freed 1474(66KB) AllocSpace objects, 0(0B) LOS objects, 29% free, 38MB/54MB, paused 964us total 35.735ms
08-04 12:49:25.836 28585 29451 I art     : Starting a blocking GC Explicit
08-04 12:49:25.870 28585 29451 I art     : Explicit concurrent mark sweep GC freed 59(6KB) AllocSpace objects, 0(0B) LOS objects, 29% free, 38MB/54MB, paused 999us total 34.144ms
08-04 12:49:25.880 28585 29451 I art     : Starting a blocking GC Explicit
08-04 12:49:25.916 28585 29451 I art     : Explicit concurrent mark sweep GC freed 136(6KB) AllocSpace objects, 0(0B) LOS objects, 29% free, 38MB/54MB, paused 1.036ms total 35.899ms
08-04 12:49:25.926 28585 29451 I art     : Starting a blocking GC Explicit
08-04 12:49:25.963 28585 29451 I art     : Explicit concurrent mark sweep GC freed 9(288B) AllocSpace objects, 0(0B) LOS objects, 29% free, 38MB/54MB, paused 1.043ms total 36.828ms
08-04 12:49:26.035 28585 29512 E baseline.com.newsblur.network.APIResponse: Error (unexpected end of stream on https://www.newsblur.com/...) calling https://www.newsblur.com/reader/mark_story_hashes_as_read/
08-04 12:49:26.035 28585 29512 E baseline.com.newsblur.network.APIResponse: java.io.IOException: unexpected end of stream on https://www.newsblur.com/...
08-04 12:49:26.035 28585 29512 E baseline.com.newsblur.network.APIResponse: 	at okhttp3.internal.http1.Http1ExchangeCodec.readResponseHeaders(Http1ExchangeCodec.java:236)
08-04 12:49:26.035 28585 29512 E baseline.com.newsblur.network.APIResponse: 	at okhttp3.internal.connection.Exchange.readResponseHeaders(Exchange.java:115)
08-04 12:49:26.035 28585 29512 E baseline.com.newsblur.network.APIResponse: 	at okhttp3.internal.http.CallServerInterceptor.intercept(CallServerInterceptor.java:94)
08-04 12:49:26.035 28585 29512 E baseline.com.newsblur.network.APIResponse: 	at okhttp3.internal.http.RealInterceptorChain.proceed(RealInterceptorChain.java:142)
08-04 12:49:26.035 28585 29512 E baseline.com.newsblur.network.APIResponse: 	at okhttp3.internal.connection.ConnectInterceptor.intercept(ConnectInterceptor.java:43)
08-04 12:49:26.035 28585 29512 E baseline.com.newsblur.network.APIResponse: 	at okhttp3.internal.http.RealInterceptorChain.proceed(RealInterceptorChain.java:142)
08-04 12:49:26.035 28585 29512 E baseline.com.newsblur.network.APIResponse: 	at okhttp3.internal.http.RealInterceptorChain.proceed(RealInterceptorChain.java:117)
08-04 12:49:26.035 28585 29512 E baseline.com.newsblur.network.APIResponse: 	at okhttp3.internal.cache.CacheInterceptor.intercept(CacheInterceptor.java:94)
08-04 12:49:26.035 28585 29512 E baseline.com.newsblur.network.APIResponse: 	at okhttp3.internal.http.RealInterceptorChain.proceed(RealInterceptorChain.java:142)
08-04 12:49:26.035 28585 29512 E baseline.com.newsblur.network.APIResponse: 	at okhttp3.internal.http.RealInterceptorChain.proceed(RealInterceptorChain.java:117)
08-04 12:49:26.035 28585 29512 E baseline.com.newsblur.network.APIResponse: 	at okhttp3.internal.http.BridgeInterceptor.intercept(BridgeInterceptor.java:93)
08-04 12:49:26.035 28585 29512 E baseline.com.newsblur.network.APIResponse: 	at okhttp3.internal.http.RealInterceptorChain.proceed(RealInterceptorChain.java:142)
08-04 12:49:26.035 28585 29512 E baseline.com.newsblur.network.APIResponse: 	at okhttp3.internal.http.RetryAndFollowUpInterceptor.intercept(RetryAndFollowUpInterceptor.java:88)
08-04 12:49:26.035 28585 29512 E baseline.com.newsblur.network.APIResponse: 	at okhttp3.internal.http.RealInterceptorChain.proceed(RealInterceptorChain.java:142)
08-04 12:49:26.035 28585 29512 E baseline.com.newsblur.network.APIResponse: 	at okhttp3.internal.http.RealInterceptorChain.proceed(RealInterceptorChain.java:117)
08-04 12:49:26.035 28585 29512 E baseline.com.newsblur.network.APIResponse: 	at okhttp3.RealCall.getResponseWithInterceptorChain(RealCall.java:229)
08-04 12:49:26.035 28585 29512 E baseline.com.newsblur.network.APIResponse: 	at okhttp3.RealCall.execute(RealCall.java:81)
08-04 12:49:26.035 28585 29512 E baseline.com.newsblur.network.APIResponse: 	at baseline.com.newsblur.network.APIResponse.<init>(APIResponse.java:57)
08-04 12:49:26.035 28585 29512 E baseline.com.newsblur.network.APIResponse: 	at baseline.com.newsblur.network.APIResponse.<init>(APIResponse.java:43)
08-04 12:49:26.035 28585 29512 E baseline.com.newsblur.network.APIResponse: 	at baseline.com.newsblur.network.APIManager.post_single(APIManager.java:702)
08-04 12:49:26.035 28585 29512 E baseline.com.newsblur.network.APIResponse: 	at baseline.com.newsblur.network.APIManager.post(APIManager.java:675)
08-04 12:49:26.035 28585 29512 E baseline.com.newsblur.network.APIResponse: 	at baseline.com.newsblur.network.APIManager.post(APIManager.java:714)
08-04 12:49:26.035 28585 29512 E baseline.com.newsblur.network.APIResponse: 	at baseline.com.newsblur.network.APIManager.markStoryAsRead(APIManager.java:205)
08-04 12:49:26.035 28585 29512 E baseline.com.newsblur.network.APIResponse: 	at baseline.com.newsblur.util.ReadingAction.doRemote(ReadingAction.java:281)
08-04 12:49:26.035 28585 29512 E baseline.com.newsblur.network.APIResponse: 	at baseline.com.newsblur.service.NBSyncService.syncActions(NBSyncService.java:400)
08-04 12:49:26.035 28585 29512 E baseline.com.newsblur.network.APIResponse: 	at baseline.com.newsblur.service.NBSyncService.doSync(NBSyncService.java:298)
08-04 12:49:26.035 28585 29512 E baseline.com.newsblur.network.APIResponse: 	at baseline.com.newsblur.service.NBSyncService.access$100(NBSyncService.java:67)
08-04 12:49:26.035 28585 29512 E baseline.com.newsblur.network.APIResponse: 	at baseline.com.newsblur.service.NBSyncService$1.run(NBSyncService.java:188)
08-04 12:49:26.035 28585 29512 E baseline.com.newsblur.network.APIResponse: 	at java.util.concurrent.ThreadPoolExecutor.runWorker(ThreadPoolExecutor.java:1113)
08-04 12:49:26.035 28585 29512 E baseline.com.newsblur.network.APIResponse: 	at java.util.concurrent.ThreadPoolExecutor$Worker.run(ThreadPoolExecutor.java:588)
08-04 12:49:26.035 28585 29512 E baseline.com.newsblur.network.APIResponse: 	at java.lang.Thread.run(Thread.java:818)
08-04 12:49:26.035 28585 29512 E baseline.com.newsblur.network.APIResponse: Caused by: java.io.EOFException: \n not found: limit=0 content=
08-04 12:49:26.035 28585 29512 E baseline.com.newsblur.network.APIResponse: 	at okio.RealBufferedSource.readUtf8LineStrict(RealBufferedSource.java:240)
08-04 12:49:26.035 28585 29512 E baseline.com.newsblur.network.APIResponse: 	at okhttp3.internal.http1.Http1ExchangeCodec.readHeaderLine(Http1ExchangeCodec.java:242)
08-04 12:49:26.035 28585 29512 E baseline.com.newsblur.network.APIResponse: 	at okhttp3.internal.http1.Http1ExchangeCodec.readResponseHeaders(Http1ExchangeCodec.java:213)
08-04 12:49:26.035 28585 29512 E baseline.com.newsblur.network.APIResponse: 	... 30 more
08-04 12:49:26.036 28585 29512 I baseline.com.newsblur.network.APIManager: API call failed, pausing before retry number 1
08-04 12:49:26.291 28585 28598 I art     : Starting a blocking GC Explicit
08-04 12:49:26.335 28585 28598 I art     : Explicit concurrent mark sweep GC freed 3999(358KB) AllocSpace objects, 3(60KB) LOS objects, 29% free, 38MB/54MB, paused 1.338ms total 43.680ms
08-04 12:49:26.346 28585 28598 I art     : Starting a blocking GC Explicit
08-04 12:49:26.354 28163 28163 I ServiceManager: Waiting for service AtCmdFwd...
08-04 12:49:26.382 28585 28598 I art     : Explicit concurrent mark sweep GC freed 126(4KB) AllocSpace objects, 0(0B) LOS objects, 29% free, 38MB/54MB, paused 911us total 35.476ms
08-04 12:49:26.382 28585 28596 I art     : WaitForGcToComplete blocked for 35.769ms for cause HeapTrim
08-04 12:49:26.394 28585 28598 I art     : Starting a blocking GC Explicit
08-04 12:49:26.430 28585 28598 I art     : Explicit concurrent mark sweep GC freed 8(256B) AllocSpace objects, 0(0B) LOS objects, 29% free, 38MB/54MB, paused 1.074ms total 35.792ms
08-04 12:49:26.441 28585 28598 I art     : Starting a blocking GC Explicit
08-04 12:49:26.476 28585 28598 I art     : Explicit concurrent mark sweep GC freed 8(256B) AllocSpace objects, 0(0B) LOS objects, 29% free, 38MB/54MB, paused 1.019ms total 35.225ms
08-04 12:49:26.487 28585 28598 I art     : Starting a blocking GC Explicit
08-04 12:49:26.527 28585 28598 I art     : Explicit concurrent mark sweep GC freed 9(288B) AllocSpace objects, 0(0B) LOS objects, 29% free, 38MB/54MB, paused 1.092ms total 39.118ms
08-04 12:49:26.830 28585 29451 I art     : Starting a blocking GC Explicit
08-04 12:49:26.869 28585 29451 I art     : Explicit concurrent mark sweep GC freed 1483(84KB) AllocSpace objects, 1(20KB) LOS objects, 29% free, 38MB/54MB, paused 1.038ms total 38.789ms
08-04 12:49:26.880 28585 29451 I art     : Starting a blocking GC Explicit
08-04 12:49:26.921 28585 29451 I art     : Explicit concurrent mark sweep GC freed 25(880B) AllocSpace objects, 0(0B) LOS objects, 29% free, 38MB/54MB, paused 1.143ms total 40.159ms
08-04 12:49:26.932 28585 29451 I art     : Starting a blocking GC Explicit
08-04 12:49:26.969 28585 29451 I art     : Explicit concurrent mark sweep GC freed 3(96B) AllocSpace objects, 0(0B) LOS objects, 29% free, 38MB/54MB, paused 1.071ms total 36.714ms
08-04 12:49:26.979 28585 29451 I art     : Starting a blocking GC Explicit
08-04 12:49:26.988 30067 30067 D AndroidRuntime: >>>>>> START com.android.internal.os.RuntimeInit uid 2000 <<<<<<
08-04 12:49:26.993 30067 30067 D AndroidRuntime: CheckJNI is OFF
08-04 12:49:27.016 28585 29451 I art     : Explicit concurrent mark sweep GC freed 3(96B) AllocSpace objects, 0(0B) LOS objects, 29% free, 38MB/54MB, paused 1.072ms total 37.510ms
08-04 12:49:27.026 28585 29451 I art     : Starting a blocking GC Explicit
08-04 12:49:27.030 30067 30067 D ICU     : No timezone override file found: /data/misc/zoneinfo/current/icu/icu_tzdata.dat
08-04 12:49:27.064 30067 30067 I Radio-JNI: register_android_hardware_Radio DONE
08-04 12:49:27.065 28585 29451 I art     : Explicit concurrent mark sweep GC freed 3(96B) AllocSpace objects, 0(0B) LOS objects, 29% free, 38MB/54MB, paused 1.112ms total 38.108ms
08-04 12:49:27.087 30067 30067 D AndroidRuntime: Calling main entry com.android.commands.input.Input
08-04 12:49:27.089 30067 30067 I Input   : injectKeyEvent: KeyEvent { action=ACTION_DOWN, keyCode=KEYCODE_BACK, scanCode=0, metaState=0, flags=0x0, repeatCount=0, eventTime=708583502, downTime=708583502, deviceId=-1, source=0x101 }
08-04 12:49:27.094 30067 30067 I Input   : injectKeyEvent: KeyEvent { action=ACTION_UP, keyCode=KEYCODE_BACK, scanCode=0, metaState=0, flags=0x0, repeatCount=0, eventTime=708583502, downTime=708583502, deviceId=-1, source=0x101 }
08-04 12:49:27.100 30067 30067 D AndroidRuntime: Shutting down VM
08-04 12:49:27.253 13866 13866 I GoogleInputMethodServic: GoogleInputMethodService.onFinishInput():3138 
08-04 12:49:27.253 13866 13866 I GoogleInputMethodServic: GoogleInputMethodService.onStartInput():1808 
08-04 12:49:27.354 28163 28163 I ServiceManager: Waiting for service AtCmdFwd...
08-04 12:49:27.355 28585 28837 I art     : Starting a blocking GC Explicit
08-04 12:49:27.393 28585 28837 I art     : Explicit concurrent mark sweep GC freed 9807(667KB) AllocSpace objects, 13(260KB) LOS objects, 29% free, 38MB/54MB, paused 1.025ms total 37.596ms
08-04 12:49:27.404 28585 28837 I art     : Starting a blocking GC Explicit
08-04 12:49:27.444 28585 28837 I art     : Explicit concurrent mark sweep GC freed 235(9KB) AllocSpace objects, 0(0B) LOS objects, 29% free, 38MB/54MB, paused 1.053ms total 40.277ms
08-04 12:49:27.454 28585 28837 I art     : Starting a blocking GC Explicit
08-04 12:49:27.495 28585 28837 I art     : Explicit concurrent mark sweep GC freed 3(96B) AllocSpace objects, 0(0B) LOS objects, 29% free, 38MB/54MB, paused 1.021ms total 40.012ms
08-04 12:49:27.507 28585 28837 I art     : Starting a blocking GC Explicit
08-04 12:49:27.553 28585 28837 I art     : Explicit concurrent mark sweep GC freed 94(3KB) AllocSpace objects, 0(0B) LOS objects, 29% free, 38MB/54MB, paused 1.377ms total 45.001ms
08-04 12:49:27.564 28585 28837 I art     : Starting a blocking GC Explicit
08-04 12:49:27.605 28585 28837 I art     : Explicit concurrent mark sweep GC freed 9(352B) AllocSpace objects, 0(0B) LOS objects, 29% free, 38MB/54MB, paused 985us total 41.424ms
08-04 12:49:27.930 28585 28597 I art     : Starting a blocking GC Explicit
08-04 12:49:27.974 28585 28597 I art     : Explicit concurrent mark sweep GC freed 2005(109KB) AllocSpace objects, 1(20KB) LOS objects, 29% free, 38MB/54MB, paused 1.194ms total 43.812ms
08-04 12:49:27.985 28585 28597 I art     : Starting a blocking GC Explicit
08-04 12:49:28.026 28585 28597 I art     : Explicit concurrent mark sweep GC freed 165(7KB) AllocSpace objects, 0(0B) LOS objects, 29% free, 38MB/54MB, paused 1.122ms total 40.679ms
08-04 12:49:28.037 28585 28597 I art     : Starting a blocking GC Explicit
08-04 12:49:28.076 28585 28597 I art     : Explicit concurrent mark sweep GC freed 1699(66KB) AllocSpace objects, 0(0B) LOS objects, 29% free, 38MB/54MB, paused 1.126ms total 38.288ms
08-04 12:49:28.086 28585 28597 I art     : Starting a blocking GC Explicit
08-04 12:49:28.090 28585 29512 E baseline.com.newsblur.network.APIResponse: Error (unexpected end of stream on https://www.newsblur.com/...) calling https://www.newsblur.com/reader/mark_story_hashes_as_read/
08-04 12:49:28.090 28585 29512 E baseline.com.newsblur.network.APIResponse: java.io.IOException: unexpected end of stream on https://www.newsblur.com/...
08-04 12:49:28.090 28585 29512 E baseline.com.newsblur.network.APIResponse: 	at okhttp3.internal.http1.Http1ExchangeCodec.readResponseHeaders(Http1ExchangeCodec.java:236)
08-04 12:49:28.090 28585 29512 E baseline.com.newsblur.network.APIResponse: 	at okhttp3.internal.connection.Exchange.readResponseHeaders(Exchange.java:115)
08-04 12:49:28.090 28585 29512 E baseline.com.newsblur.network.APIResponse: 	at okhttp3.internal.http.CallServerInterceptor.intercept(CallServerInterceptor.java:94)
08-04 12:49:28.090 28585 29512 E baseline.com.newsblur.network.APIResponse: 	at okhttp3.internal.http.RealInterceptorChain.proceed(RealInterceptorChain.java:142)
08-04 12:49:28.090 28585 29512 E baseline.com.newsblur.network.APIResponse: 	at okhttp3.internal.connection.ConnectInterceptor.intercept(ConnectInterceptor.java:43)
08-04 12:49:28.090 28585 29512 E baseline.com.newsblur.network.APIResponse: 	at okhttp3.internal.http.RealInterceptorChain.proceed(RealInterceptorChain.java:142)
08-04 12:49:28.090 28585 29512 E baseline.com.newsblur.network.APIResponse: 	at okhttp3.internal.http.RealInterceptorChain.proceed(RealInterceptorChain.java:117)
08-04 12:49:28.090 28585 29512 E baseline.com.newsblur.network.APIResponse: 	at okhttp3.internal.cache.CacheInterceptor.intercept(CacheInterceptor.java:94)
08-04 12:49:28.090 28585 29512 E baseline.com.newsblur.network.APIResponse: 	at okhttp3.internal.http.RealInterceptorChain.proceed(RealInterceptorChain.java:142)
08-04 12:49:28.090 28585 29512 E baseline.com.newsblur.network.APIResponse: 	at okhttp3.internal.http.RealInterceptorChain.proceed(RealInterceptorChain.java:117)
08-04 12:49:28.090 28585 29512 E baseline.com.newsblur.network.APIResponse: 	at okhttp3.internal.http.BridgeInterceptor.intercept(BridgeInterceptor.java:93)
08-04 12:49:28.090 28585 29512 E baseline.com.newsblur.network.APIResponse: 	at okhttp3.internal.http.RealInterceptorChain.proceed(RealInterceptorChain.java:142)
08-04 12:49:28.090 28585 29512 E baseline.com.newsblur.network.APIResponse: 	at okhttp3.internal.http.RetryAndFollowUpInterceptor.intercept(RetryAndFollowUpInterceptor.java:88)
08-04 12:49:28.090 28585 29512 E baseline.com.newsblur.network.APIResponse: 	at okhttp3.internal.http.RealInterceptorChain.proceed(RealInterceptorChain.java:142)
08-04 12:49:28.090 28585 29512 E baseline.com.newsblur.network.APIResponse: 	at okhttp3.internal.http.RealInterceptorChain.proceed(RealInterceptorChain.java:117)
08-04 12:49:28.090 28585 29512 E baseline.com.newsblur.network.APIResponse: 	at okhttp3.RealCall.getResponseWithInterceptorChain(RealCall.java:229)
08-04 12:49:28.090 28585 29512 E baseline.com.newsblur.network.APIResponse: 	at okhttp3.RealCall.execute(RealCall.java:81)
08-04 12:49:28.090 28585 29512 E baseline.com.newsblur.network.APIResponse: 	at baseline.com.newsblur.network.APIResponse.<init>(APIResponse.java:57)
08-04 12:49:28.090 28585 29512 E baseline.com.newsblur.network.APIResponse: 	at baseline.com.newsblur.network.APIResponse.<init>(APIResponse.java:43)
08-04 12:49:28.090 28585 29512 E baseline.com.newsblur.network.APIResponse: 	at baseline.com.newsblur.network.APIManager.post_single(APIManager.java:702)
08-04 12:49:28.090 28585 29512 E baseline.com.newsblur.network.APIResponse: 	at baseline.com.newsblur.network.APIManager.post(APIManager.java:675)
08-04 12:49:28.090 28585 29512 E baseline.com.newsblur.network.APIResponse: 	at baseline.com.newsblur.network.APIManager.post(APIManager.java:714)
08-04 12:49:28.090 28585 29512 E baseline.com.newsblur.network.APIResponse: 	at baseline.com.newsblur.network.APIManager.markStoryAsRead(APIManager.java:205)
08-04 12:49:28.090 28585 29512 E baseline.com.newsblur.network.APIResponse: 	at baseline.com.newsblur.util.ReadingAction.doRemote(ReadingAction.java:281)
08-04 12:49:28.090 28585 29512 E baseline.com.newsblur.network.APIResponse: 	at baseline.com.newsblur.service.NBSyncService.syncActions(NBSyncService.java:400)
08-04 12:49:28.090 28585 29512 E baseline.com.newsblur.network.APIResponse: 	at baseline.com.newsblur.service.NBSyncService.doSync(NBSyncService.java:298)
08-04 12:49:28.090 28585 29512 E baseline.com.newsblur.network.APIResponse: 	at baseline.com.newsblur.service.NBSyncService.access$100(NBSyncService.java:67)
08-04 12:49:28.090 28585 29512 E baseline.com.newsblur.network.APIResponse: 	at baseline.com.newsblur.service.NBSyncService$1.run(NBSyncService.java:188)
08-04 12:49:28.090 28585 29512 E baseline.com.newsblur.network.APIResponse: 	at java.util.concurrent.ThreadPoolExecutor.runWorker(ThreadPoolExecutor.java:1113)
08-04 12:49:28.090 28585 29512 E baseline.com.newsblur.network.APIResponse: 	at java.util.concurrent.ThreadPoolExecutor$Worker.run(ThreadPoolExecutor.java:588)
08-04 12:49:28.090 28585 29512 E baseline.com.newsblur.network.APIResponse: 	at java.lang.Thread.run(Thread.java:818)
08-04 12:49:28.090 28585 29512 E baseline.com.newsblur.network.APIResponse: Caused by: java.io.EOFException: \n not found: limit=0 content=
08-04 12:49:28.090 28585 29512 E baseline.com.newsblur.network.APIResponse: 	at okio.RealBufferedSource.readUtf8LineStrict(RealBufferedSource.java:240)
08-04 12:49:28.090 28585 29512 E baseline.com.newsblur.network.APIResponse: 	at okhttp3.internal.http1.Http1ExchangeCodec.readHeaderLine(Http1ExchangeCodec.java:242)
08-04 12:49:28.090 28585 29512 E baseline.com.newsblur.network.APIResponse: 	at okhttp3.internal.http1.Http1ExchangeCodec.readResponseHeaders(Http1ExchangeCodec.java:213)
08-04 12:49:28.090 28585 29512 E baseline.com.newsblur.network.APIResponse: 	... 30 more
08-04 12:49:28.091 28585 29512 I baseline.com.newsblur.network.APIManager: API call failed, pausing before retry number 2
08-04 12:49:28.124 28585 28597 I art     : Explicit concurrent mark sweep GC freed 810(196KB) AllocSpace objects, 2(40KB) LOS objects, 29% free, 38MB/54MB, paused 1.094ms total 37.934ms
08-04 12:49:28.135 28585 28597 I art     : Starting a blocking GC Explicit
08-04 12:49:28.170 28585 28597 I art     : Explicit concurrent mark sweep GC freed 105(16KB) AllocSpace objects, 0(0B) LOS objects, 29% free, 38MB/54MB, paused 1.027ms total 34.831ms
08-04 12:49:28.354 28163 28163 W Atfwd_Sendcmd: AtCmdFwd service not published, waiting... retryCnt : 4
08-04 12:49:28.489 28585 28598 I art     : Starting a blocking GC Explicit
08-04 12:49:28.531 28585 28598 I art     : Explicit concurrent mark sweep GC freed 1504(84KB) AllocSpace objects, 1(20KB) LOS objects, 29% free, 38MB/54MB, paused 1.089ms total 41.819ms
08-04 12:49:28.543 28585 28598 I art     : Starting a blocking GC Explicit
08-04 12:49:28.581 28585 28598 I art     : Explicit concurrent mark sweep GC freed 28(976B) AllocSpace objects, 0(0B) LOS objects, 29% free, 38MB/54MB, paused 1.150ms total 38.242ms
08-04 12:49:28.591 28585 28598 I art     : Starting a blocking GC Explicit
08-04 12:49:28.626 28585 28598 I art     : Explicit concurrent mark sweep GC freed 9(288B) AllocSpace objects, 0(0B) LOS objects, 29% free, 38MB/54MB, paused 1.030ms total 34.705ms
08-04 12:49:28.636 28585 28598 I art     : Starting a blocking GC Explicit
08-04 12:49:28.671 28585 28598 I art     : Explicit concurrent mark sweep GC freed 7(224B) AllocSpace objects, 0(0B) LOS objects, 29% free, 38MB/54MB, paused 1.004ms total 35.451ms
08-04 12:49:28.682 28585 28598 I art     : Starting a blocking GC Explicit
08-04 12:49:28.719 28585 28598 I art     : Explicit concurrent mark sweep GC freed 4(128B) AllocSpace objects, 0(0B) LOS objects, 29% free, 38MB/54MB, paused 1.047ms total 36.802ms
08-04 12:49:28.756 30112 30112 D AndroidRuntime: >>>>>> START com.android.internal.os.RuntimeInit uid 2000 <<<<<<
08-04 12:49:28.761 30112 30112 D AndroidRuntime: CheckJNI is OFF
08-04 12:49:28.769   518   646 I ThermalEngine: ACTION: GPU - Setting GPU[0] to 450000000
08-04 12:49:28.803 30112 30112 D ICU     : No timezone override file found: /data/misc/zoneinfo/current/icu/icu_tzdata.dat
08-04 12:49:28.848 30112 30112 I Radio-JNI: register_android_hardware_Radio DONE
08-04 12:49:28.877 30112 30112 D AndroidRuntime: Calling main entry com.android.commands.input.Input
08-04 12:49:28.879 30112 30112 I Input   : injectMotionEvent: MotionEvent { action=ACTION_DOWN, actionButton=0, id[0]=0, x[0]=553.0, y[0]=442.0, toolType[0]=TOOL_TYPE_UNKNOWN, buttonState=0, metaState=0, flags=0x0, edgeFlags=0x0, pointerCount=1, historySize=0, eventTime=708585292, downTime=708585292, deviceId=0, source=0x1002 }
08-04 12:49:28.885 30112 30112 I Input   : injectMotionEvent: MotionEvent { action=ACTION_UP, actionButton=0, id[0]=0, x[0]=553.0, y[0]=442.0, toolType[0]=TOOL_TYPE_UNKNOWN, buttonState=0, metaState=0, flags=0x0, edgeFlags=0x0, pointerCount=1, historySize=0, eventTime=708585292, downTime=708585292, deviceId=0, source=0x1002 }
08-04 12:49:28.887 30112 30112 D AndroidRuntime: Shutting down VM
08-04 12:49:28.956   918  6111 I ActivityManager: START u0 {cmp=baseline.com.newsblur/.activity.AllSharedStoriesItemsList (has extras)} from uid 10652 on display 0
08-04 12:49:28.983 28585 28863 I baseline.com.newsblur.database.BlurDatabaseHelper: reading session reset
08-04 12:49:29.089 28585 28837 I art     : Starting a blocking GC Explicit
08-04 12:49:29.141 28585 28837 I art     : Explicit concurrent mark sweep GC freed 4072(337KB) AllocSpace objects, 7(232KB) LOS objects, 29% free, 38MB/54MB, paused 1.749ms total 51.791ms
08-04 12:49:29.158 28585 28837 I art     : Starting a blocking GC Explicit
08-04 12:49:29.184 28585 28585 W View    : requestLayout() improperly called by android.widget.FrameLayout{140a2c1 V.E...... ......ID 0,0-1440,0 #7f07003f app:id/footer_view_inner} during layout: running second layout pass
08-04 12:49:29.185 28585 28585 W View    : requestLayout() improperly called by android.widget.FrameLayout{c624a66 V.E...... ......ID 0,0-1440,2091 #7f07003f app:id/footer_view_inner} during layout: running second layout pass
08-04 12:49:29.203 13866 13866 I GoogleInputMethodServic: GoogleInputMethodService.onFinishInput():3138 
08-04 12:49:29.203   918   936 I ActivityManager: Displayed baseline.com.newsblur/.activity.AllSharedStoriesItemsList: +233ms
08-04 12:49:29.203 28585 28837 I art     : Explicit concurrent mark sweep GC freed 558(44KB) AllocSpace objects, 1(20KB) LOS objects, 29% free, 38MB/54MB, paused 1.558ms total 44.764ms
08-04 12:49:29.203 13866 13866 I GoogleInputMethodServic: GoogleInputMethodService.onStartInput():1808 
08-04 12:49:29.216 28585 28837 I art     : Starting a blocking GC Explicit
08-04 12:49:29.264 28585 28837 I art     : Explicit concurrent mark sweep GC freed 1389(100KB) AllocSpace objects, 7(140KB) LOS objects, 29% free, 38MB/54MB, paused 1.968ms total 48.184ms
08-04 12:49:29.281 28585 28837 I art     : Starting a blocking GC Explicit
08-04 12:49:29.335 28585 28837 I art     : Explicit concurrent mark sweep GC freed 343(17KB) AllocSpace objects, 0(0B) LOS objects, 29% free, 38MB/54MB, paused 3.139ms total 53.791ms
08-04 12:49:29.348 28585 28837 I art     : Starting a blocking GC Explicit
08-04 12:49:29.393 28585 28837 I art     : Explicit concurrent mark sweep GC freed 29(1296B) AllocSpace objects, 0(0B) LOS objects, 29% free, 38MB/54MB, paused 1.491ms total 45.225ms
08-04 12:49:29.404 28585 30146 I NAPPA_EXPERIMENTATION: MetricNetworkRequestExecutionTime: REQUEST_DURATION_SYSTEM='150',REQUEST_DURATION_OKHTTP='149',REQUEST_SYNCHRONOUS='TRUE',RESPONSE_CODE='200',RESPONSE_METHOD='GET',RESPONSE_LENGTH_OKHTTP='43',RESPONSE_LENGTH_HEADER='43',REQUEST_PROTOCOL='http/1.1',REQUEST_URL='http://feeds.feedburner.com/~r/retort/~4/UffaFMiJbNs',
08-04 12:49:29.509 28585 28868 I NAPPA_EXPERIMENTATION: MetricNetworkRequestExecutionTime: REQUEST_DURATION_SYSTEM='238',REQUEST_DURATION_OKHTTP='238',REQUEST_SYNCHRONOUS='TRUE',RESPONSE_CODE='200',RESPONSE_METHOD='GET',RESPONSE_LENGTH_OKHTTP='56376',RESPONSE_LENGTH_HEADER='56376',REQUEST_PROTOCOL='h2',REQUEST_URL='https://images.fastcompany.net/image/upload/w_1280,q_auto,f_auto,fl_lossy/wp-cms/uploads/2020/07/p-1-quit-after-covid.jpg',
08-04 12:49:29.732 28585 29451 I art     : Starting a blocking GC Explicit
08-04 12:49:29.785 28585 29451 I art     : Explicit concurrent mark sweep GC freed 2603(186KB) AllocSpace objects, 7(3MB) LOS objects, 28% free, 40MB/56MB, paused 1.407ms total 52.480ms
08-04 12:49:29.798 28585 29451 I art     : Starting a blocking GC Explicit
08-04 12:49:29.847 28585 29451 I art     : Explicit concurrent mark sweep GC freed 73(2752B) AllocSpace objects, 0(0B) LOS objects, 28% free, 40MB/56MB, paused 1.467ms total 48.204ms
08-04 12:49:29.860 28585 29451 I art     : Starting a blocking GC Explicit
08-04 12:49:29.910 28585 29451 I art     : Explicit concurrent mark sweep GC freed 8(256B) AllocSpace objects, 0(0B) LOS objects, 28% free, 40MB/56MB, paused 1.505ms total 49.056ms
08-04 12:49:29.923 28585 29451 I art     : Starting a blocking GC Explicit
08-04 12:49:29.971 28585 29451 I art     : Explicit concurrent mark sweep GC freed 7(224B) AllocSpace objects, 0(0B) LOS objects, 28% free, 40MB/56MB, paused 1.467ms total 47.723ms
08-04 12:49:29.984 28585 29451 I art     : Starting a blocking GC Explicit
08-04 12:49:30.033 28585 29451 I art     : Explicit concurrent mark sweep GC freed 6(192B) AllocSpace objects, 0(0B) LOS objects, 28% free, 40MB/56MB, paused 1.556ms total 48.860ms
08-04 12:49:30.393 28585 29451 I art     : Starting a blocking GC Explicit
08-04 12:49:30.451 28585 29451 I art     : Explicit concurrent mark sweep GC freed 1482(84KB) AllocSpace objects, 1(20KB) LOS objects, 28% free, 40MB/56MB, paused 1.596ms total 58.357ms
08-04 12:49:30.467 28585 29451 I art     : Starting a blocking GC Explicit
08-04 12:49:30.504 13866 13882 I PeriodicStatsRunner: PeriodicStatsRunner.call():175 call()
08-04 12:49:30.504 13866 13882 I PeriodicStatsRunner: PeriodicStatsRunner.call():179 No submit PeriodicStats since input started.
08-04 12:49:30.519 28585 29451 I art     : Explicit concurrent mark sweep GC freed 34(1168B) AllocSpace objects, 0(0B) LOS objects, 28% free, 40MB/56MB, paused 1.566ms total 51.972ms
08-04 12:49:30.534 28585 29451 I art     : Starting a blocking GC Explicit
08-04 12:49:30.587 28585 29451 I art     : Explicit concurrent mark sweep GC freed 16(512B) AllocSpace objects, 0(0B) LOS objects, 28% free, 40MB/56MB, paused 1.365ms total 53.074ms
08-04 12:49:30.602 28585 29451 I art     : Starting a blocking GC Explicit
08-04 12:49:30.654 28585 29451 I art     : Explicit concurrent mark sweep GC freed 8(256B) AllocSpace objects, 0(0B) LOS objects, 28% free, 40MB/56MB, paused 1.363ms total 51.781ms
08-04 12:49:30.669 28585 29451 I art     : Starting a blocking GC Explicit
08-04 12:49:30.719 28585 29451 I art     : Explicit concurrent mark sweep GC freed 7(224B) AllocSpace objects, 0(0B) LOS objects, 28% free, 40MB/56MB, paused 1.425ms total 50.352ms
08-04 12:49:31.107 28585 29451 I art     : Starting a blocking GC Explicit
08-04 12:49:31.160 28585 29451 I art     : Explicit concurrent mark sweep GC freed 1562(87KB) AllocSpace objects, 1(20KB) LOS objects, 28% free, 40MB/56MB, paused 1.548ms total 52.765ms
08-04 12:49:31.173 28585 29451 I art     : Starting a blocking GC Explicit
08-04 12:49:31.223 28585 29451 I art     : Explicit concurrent mark sweep GC freed 44(1728B) AllocSpace objects, 0(0B) LOS objects, 28% free, 40MB/56MB, paused 1.510ms total 48.881ms
08-04 12:49:31.236 28585 29451 I art     : Starting a blocking GC Explicit
08-04 12:49:31.288 28585 29451 I art     : Explicit concurrent mark sweep GC freed 69(4KB) AllocSpace objects, 0(0B) LOS objects, 28% free, 40MB/56MB, paused 1.593ms total 51.383ms
08-04 12:49:31.301 28585 29451 I art     : Starting a blocking GC Explicit
08-04 12:49:31.352 28585 29451 I art     : Explicit concurrent mark sweep GC freed 6(192B) AllocSpace objects, 0(0B) LOS objects, 28% free, 40MB/56MB, paused 1.642ms total 50.300ms
08-04 12:49:31.366 28585 29451 I art     : Starting a blocking GC Explicit
08-04 12:49:31.418 28585 29451 I art     : Explicit concurrent mark sweep GC freed 7(224B) AllocSpace objects, 0(0B) LOS objects, 28% free, 40MB/56MB, paused 1.530ms total 51.114ms
08-04 12:49:31.669 28585 29512 E baseline.com.newsblur.network.APIResponse: Error (unexpected end of stream on https://www.newsblur.com/...) calling https://www.newsblur.com/reader/mark_story_hashes_as_read/
08-04 12:49:31.669 28585 29512 E baseline.com.newsblur.network.APIResponse: java.io.IOException: unexpected end of stream on https://www.newsblur.com/...
08-04 12:49:31.669 28585 29512 E baseline.com.newsblur.network.APIResponse: 	at okhttp3.internal.http1.Http1ExchangeCodec.readResponseHeaders(Http1ExchangeCodec.java:236)
08-04 12:49:31.669 28585 29512 E baseline.com.newsblur.network.APIResponse: 	at okhttp3.internal.connection.Exchange.readResponseHeaders(Exchange.java:115)
08-04 12:49:31.669 28585 29512 E baseline.com.newsblur.network.APIResponse: 	at okhttp3.internal.http.CallServerInterceptor.intercept(CallServerInterceptor.java:94)
08-04 12:49:31.669 28585 29512 E baseline.com.newsblur.network.APIResponse: 	at okhttp3.internal.http.RealInterceptorChain.proceed(RealInterceptorChain.java:142)
08-04 12:49:31.669 28585 29512 E baseline.com.newsblur.network.APIResponse: 	at okhttp3.internal.connection.ConnectInterceptor.intercept(ConnectInterceptor.java:43)
08-04 12:49:31.669 28585 29512 E baseline.com.newsblur.network.APIResponse: 	at okhttp3.internal.http.RealInterceptorChain.proceed(RealInterceptorChain.java:142)
08-04 12:49:31.669 28585 29512 E baseline.com.newsblur.network.APIResponse: 	at okhttp3.internal.http.RealInterceptorChain.proceed(RealInterceptorChain.java:117)
08-04 12:49:31.669 28585 29512 E baseline.com.newsblur.network.APIResponse: 	at okhttp3.internal.cache.CacheInterceptor.intercept(CacheInterceptor.java:94)
08-04 12:49:31.669 28585 29512 E baseline.com.newsblur.network.APIResponse: 	at okhttp3.internal.http.RealInterceptorChain.proceed(RealInterceptorChain.java:142)
08-04 12:49:31.669 28585 29512 E baseline.com.newsblur.network.APIResponse: 	at okhttp3.internal.http.RealInterceptorChain.proceed(RealInterceptorChain.java:117)
08-04 12:49:31.669 28585 29512 E baseline.com.newsblur.network.APIResponse: 	at okhttp3.internal.http.BridgeInterceptor.intercept(BridgeInterceptor.java:93)
08-04 12:49:31.669 28585 29512 E baseline.com.newsblur.network.APIResponse: 	at okhttp3.internal.http.RealInterceptorChain.proceed(RealInterceptorChain.java:142)
08-04 12:49:31.669 28585 29512 E baseline.com.newsblur.network.APIResponse: 	at okhttp3.internal.http.RetryAndFollowUpInterceptor.intercept(RetryAndFollowUpInterceptor.java:88)
08-04 12:49:31.669 28585 29512 E baseline.com.newsblur.network.APIResponse: 	at okhttp3.internal.http.RealInterceptorChain.proceed(RealInterceptorChain.java:142)
08-04 12:49:31.669 28585 29512 E baseline.com.newsblur.network.APIResponse: 	at okhttp3.internal.http.RealInterceptorChain.proceed(RealInterceptorChain.java:117)
08-04 12:49:31.669 28585 29512 E baseline.com.newsblur.network.APIResponse: 	at okhttp3.RealCall.getResponseWithInterceptorChain(RealCall.java:229)
08-04 12:49:31.669 28585 29512 E baseline.com.newsblur.network.APIResponse: 	at okhttp3.RealCall.execute(RealCall.java:81)
08-04 12:49:31.669 28585 29512 E baseline.com.newsblur.network.APIResponse: 	at baseline.com.newsblur.network.APIResponse.<init>(APIResponse.java:57)
08-04 12:49:31.669 28585 29512 E baseline.com.newsblur.network.APIResponse: 	at baseline.com.newsblur.network.APIResponse.<init>(APIResponse.java:43)
08-04 12:49:31.669 28585 29512 E baseline.com.newsblur.network.APIResponse: 	at baseline.com.newsblur.network.APIManager.post_single(APIManager.java:702)
08-04 12:49:31.669 28585 29512 E baseline.com.newsblur.network.APIResponse: 	at baseline.com.newsblur.network.APIManager.post(APIManager.java:675)
08-04 12:49:31.669 28585 29512 E baseline.com.newsblur.network.APIResponse: 	at baseline.com.newsblur.network.APIManager.post(APIManager.java:714)
08-04 12:49:31.669 28585 29512 E baseline.com.newsblur.network.APIResponse: 	at baseline.com.newsblur.network.APIManager.markStoryAsRead(APIManager.java:205)
08-04 12:49:31.669 28585 29512 E baseline.com.newsblur.network.APIResponse: 	at baseline.com.newsblur.util.ReadingAction.doRemote(ReadingAction.java:281)
08-04 12:49:31.669 28585 29512 E baseline.com.newsblur.network.APIResponse: 	at baseline.com.newsblur.service.NBSyncService.syncActions(NBSyncService.java:400)
08-04 12:49:31.669 28585 29512 E baseline.com.newsblur.network.APIResponse: 	at baseline.com.newsblur.service.NBSyncService.doSync(NBSyncService.java:298)
08-04 12:49:31.669 28585 29512 E baseline.com.newsblur.network.APIResponse: 	at baseline.com.newsblur.service.NBSyncService.access$100(NBSyncService.java:67)
08-04 12:49:31.669 28585 29512 E baseline.com.newsblur.network.APIResponse: 	at baseline.com.newsblur.service.NBSyncService$1.run(NBSyncService.java:188)
08-04 12:49:31.669 28585 29512 E baseline.com.newsblur.network.APIResponse: 	at java.util.concurrent.ThreadPoolExecutor.runWorker(ThreadPoolExecutor.java:1113)
08-04 12:49:31.669 28585 29512 E baseline.com.newsblur.network.APIResponse: 	at java.util.concurrent.ThreadPoolExecutor$Worker.run(ThreadPoolExecutor.java:588)
08-04 12:49:31.669 28585 29512 E baseline.com.newsblur.network.APIResponse: 	at java.lang.Thread.run(Thread.java:818)
08-04 12:49:31.669 28585 29512 E baseline.com.newsblur.network.APIResponse: Caused by: java.io.EOFException: \n not found: limit=0 content=
08-04 12:49:31.669 28585 29512 E baseline.com.newsblur.network.APIResponse: 	at okio.RealBufferedSource.readUtf8LineStrict(RealBufferedSource.java:240)
08-04 12:49:31.669 28585 29512 E baseline.com.newsblur.network.APIResponse: 	at okhttp3.internal.http1.Http1ExchangeCodec.readHeaderLine(Http1ExchangeCodec.java:242)
08-04 12:49:31.669 28585 29512 E baseline.com.newsblur.network.APIResponse: 	at okhttp3.internal.http1.Http1ExchangeCodec.readResponseHeaders(Http1ExchangeCodec.java:213)
08-04 12:49:31.669 28585 29512 E baseline.com.newsblur.network.APIResponse: 	... 30 more
08-04 12:49:31.671 28585 29512 I baseline.com.newsblur.service.NBSyncService: Holding reading action with server-side or network error.
08-04 12:49:31.679 28585 29512 W baseline.com.newsblur.service.NBSyncService: hard API failure
08-04 12:49:31.690 28585 29512 I baseline.com.newsblur.service.NBSyncService: recounting dirty feed sets: 1
08-04 12:49:31.732   918  3188 I hubconnection: sensorhub said: 'set_bias 3: -5.7984, 0.0000, 0.0000'
08-04 12:49:31.821 28585 28837 I art     : Starting a blocking GC Explicit
08-04 12:49:31.877 28585 28837 I art     : Explicit concurrent mark sweep GC freed 4854(440KB) AllocSpace objects, 5(100KB) LOS objects, 28% free, 40MB/56MB, paused 1.586ms total 54.862ms
08-04 12:49:31.890 28585 28837 I art     : Starting a blocking GC Explicit
08-04 12:49:31.941 28585 28837 I art     : Explicit concurrent mark sweep GC freed 297(11KB) AllocSpace objects, 0(0B) LOS objects, 28% free, 40MB/56MB, paused 1.487ms total 50.659ms
08-04 12:49:31.955 28585 28837 I art     : Starting a blocking GC Explicit
08-04 12:49:32.006 28585 28837 I art     : Explicit concurrent mark sweep GC freed 7(224B) AllocSpace objects, 0(0B) LOS objects, 28% free, 40MB/56MB, paused 1.395ms total 51.137ms
08-04 12:49:32.020 28585 28837 I art     : Starting a blocking GC Explicit
08-04 12:49:32.070 28585 28837 I art     : Explicit concurrent mark sweep GC freed 1661(65KB) AllocSpace objects, 0(0B) LOS objects, 28% free, 40MB/56MB, paused 1.429ms total 49.708ms
08-04 12:49:32.084 28585 28837 I art     : Starting a blocking GC Explicit
08-04 12:49:32.094 28585 29512 E baseline.com.newsblur.network.APIResponse: Error (unexpected end of stream on https://www.newsblur.com/...) calling https://www.newsblur.com/reader/feed_unread_count?feed_id=0
08-04 12:49:32.094 28585 29512 E baseline.com.newsblur.network.APIResponse: java.io.IOException: unexpected end of stream on https://www.newsblur.com/...
08-04 12:49:32.094 28585 29512 E baseline.com.newsblur.network.APIResponse: 	at okhttp3.internal.http1.Http1ExchangeCodec.readResponseHeaders(Http1ExchangeCodec.java:236)
08-04 12:49:32.094 28585 29512 E baseline.com.newsblur.network.APIResponse: 	at okhttp3.internal.connection.Exchange.readResponseHeaders(Exchange.java:115)
08-04 12:49:32.094 28585 29512 E baseline.com.newsblur.network.APIResponse: 	at okhttp3.internal.http.CallServerInterceptor.intercept(CallServerInterceptor.java:94)
08-04 12:49:32.094 28585 29512 E baseline.com.newsblur.network.APIResponse: 	at okhttp3.internal.http.RealInterceptorChain.proceed(RealInterceptorChain.java:142)
08-04 12:49:32.094 28585 29512 E baseline.com.newsblur.network.APIResponse: 	at okhttp3.internal.connection.ConnectInterceptor.intercept(ConnectInterceptor.java:43)
08-04 12:49:32.094 28585 29512 E baseline.com.newsblur.network.APIResponse: 	at okhttp3.internal.http.RealInterceptorChain.proceed(RealInterceptorChain.java:142)
08-04 12:49:32.094 28585 29512 E baseline.com.newsblur.network.APIResponse: 	at okhttp3.internal.http.RealInterceptorChain.proceed(RealInterceptorChain.java:117)
08-04 12:49:32.094 28585 29512 E baseline.com.newsblur.network.APIResponse: 	at okhttp3.internal.cache.CacheInterceptor.intercept(CacheInterceptor.java:94)
08-04 12:49:32.094 28585 29512 E baseline.com.newsblur.network.APIResponse: 	at okhttp3.internal.http.RealInterceptorChain.proceed(RealInterceptorChain.java:142)
08-04 12:49:32.094 28585 29512 E baseline.com.newsblur.network.APIResponse: 	at okhttp3.internal.http.RealInterceptorChain.proceed(RealInterceptorChain.java:117)
08-04 12:49:32.094 28585 29512 E baseline.com.newsblur.network.APIResponse: 	at okhttp3.internal.http.BridgeInterceptor.intercept(BridgeInterceptor.java:93)
08-04 12:49:32.094 28585 29512 E baseline.com.newsblur.network.APIResponse: 	at okhttp3.internal.http.RealInterceptorChain.proceed(RealInterceptorChain.java:142)
08-04 12:49:32.094 28585 29512 E baseline.com.newsblur.network.APIResponse: 	at okhttp3.internal.http.RetryAndFollowUpInterceptor.intercept(RetryAndFollowUpInterceptor.java:88)
08-04 12:49:32.094 28585 29512 E baseline.com.newsblur.network.APIResponse: 	at okhttp3.internal.http.RealInterceptorChain.proceed(RealInterceptorChain.java:142)
08-04 12:49:32.094 28585 29512 E baseline.com.newsblur.network.APIResponse: 	at okhttp3.internal.http.RealInterceptorChain.proceed(RealInterceptorChain.java:117)
08-04 12:49:32.094 28585 29512 E baseline.com.newsblur.network.APIResponse: 	at okhttp3.RealCall.getResponseWithInterceptorChain(RealCall.java:229)
08-04 12:49:32.094 28585 29512 E baseline.com.newsblur.network.APIResponse: 	at okhttp3.RealCall.execute(RealCall.java:81)
08-04 12:49:32.094 28585 29512 E baseline.com.newsblur.network.APIResponse: 	at baseline.com.newsblur.network.APIResponse.<init>(APIResponse.java:57)
08-04 12:49:32.094 28585 29512 E baseline.com.newsblur.network.APIResponse: 	at baseline.com.newsblur.network.APIManager.get_single(APIManager.java:639)
08-04 12:49:32.094 28585 29512 E baseline.com.newsblur.network.APIResponse: 	at baseline.com.newsblur.network.APIManager.get(APIManager.java:625)
08-04 12:49:32.094 28585 29512 E baseline.com.newsblur.network.APIResponse: 	at baseline.com.newsblur.network.APIManager.get(APIManager.java:667)
08-04 12:49:32.094 28585 29512 E baseline.com.newsblur.network.APIResponse: 	at baseline.com.newsblur.network.APIManager.getFeedUnreadCounts(APIManager.java:274)
08-04 12:49:32.094 28585 29512 E baseline.com.newsblur.network.APIResponse: 	at baseline.com.newsblur.service.NBSyncService.checkRecounts(NBSyncService.java:660)
08-04 12:49:32.094 28585 29512 E baseline.com.newsblur.network.APIResponse: 	at baseline.com.newsblur.service.NBSyncService.doSync(NBSyncService.java:310)
08-04 12:49:32.094 28585 29512 E baseline.com.newsblur.network.APIResponse: 	at baseline.com.newsblur.service.NBSyncService.access$100(NBSyncService.java:67)
08-04 12:49:32.094 28585 29512 E baseline.com.newsblur.network.APIResponse: 	at baseline.com.newsblur.service.NBSyncService$1.run(NBSyncService.java:188)
08-04 12:49:32.094 28585 29512 E baseline.com.newsblur.network.APIResponse: 	at java.util.concurrent.ThreadPoolExecutor.runWorker(ThreadPoolExecutor.java:1113)
08-04 12:49:32.094 28585 29512 E baseline.com.newsblur.network.APIResponse: 	at java.util.concurrent.ThreadPoolExecutor$Worker.run(ThreadPoolExecutor.java:588)
08-04 12:49:32.094 28585 29512 E baseline.com.newsblur.network.APIResponse: 	at java.lang.Thread.run(Thread.java:818)
08-04 12:49:32.094 28585 29512 E baseline.com.newsblur.network.APIResponse: Caused by: java.io.EOFException: \n not found: limit=0 content=
08-04 12:49:32.094 28585 29512 E baseline.com.newsblur.network.APIResponse: 	at okio.RealBufferedSource.readUtf8LineStrict(RealBufferedSource.java:240)
08-04 12:49:32.094 28585 29512 E baseline.com.newsblur.network.APIResponse: 	at okhttp3.internal.http1.Http1ExchangeCodec.readHeaderLine(Http1ExchangeCodec.java:242)
08-04 12:49:32.094 28585 29512 E baseline.com.newsblur.network.APIResponse: 	at okhttp3.internal.http1.Http1ExchangeCodec.readResponseHeaders(Http1ExchangeCodec.java:213)
08-04 12:49:32.094 28585 29512 E baseline.com.newsblur.network.APIResponse: 	... 28 more
08-04 12:49:32.095 28585 29512 I baseline.com.newsblur.network.APIManager: API call failed, pausing before retry number 1
08-04 12:49:32.134 28585 28837 I art     : Explicit concurrent mark sweep GC freed 808(194KB) AllocSpace objects, 2(40KB) LOS objects, 28% free, 40MB/56MB, paused 1.360ms total 50.351ms
08-04 12:49:32.254 13866 13882 I PeriodicStatsRunner: PeriodicStatsRunner.call():175 call()
08-04 12:49:32.254 13866 13882 I PeriodicStatsRunner: PeriodicStatsRunner.call():179 No submit PeriodicStats since input started.
08-04 12:49:32.521 28585 28598 I art     : Starting a blocking GC Explicit
08-04 12:49:32.572 28585 28598 I art     : Explicit concurrent mark sweep GC freed 1585(100KB) AllocSpace objects, 1(20KB) LOS objects, 28% free, 40MB/56MB, paused 1.506ms total 51.305ms
08-04 12:49:32.587 28585 28598 I art     : Starting a blocking GC Explicit
08-04 12:49:32.639 28585 28598 I art     : Explicit concurrent mark sweep GC freed 48(1648B) AllocSpace objects, 0(0B) LOS objects, 28% free, 40MB/56MB, paused 1.877ms total 51.625ms
08-04 12:49:32.652 28585 28598 I art     : Starting a blocking GC Explicit
08-04 12:49:32.702 28585 28598 I art     : Explicit concurrent mark sweep GC freed 6(192B) AllocSpace objects, 0(0B) LOS objects, 28% free, 40MB/56MB, paused 1.344ms total 49.527ms
08-04 12:49:32.716 28585 28598 I art     : Starting a blocking GC Explicit
08-04 12:49:32.766 28585 28598 I art     : Explicit concurrent mark sweep GC freed 7(224B) AllocSpace objects, 0(0B) LOS objects, 28% free, 40MB/56MB, paused 1.488ms total 50.483ms
08-04 12:49:32.780 28585 28598 I art     : Starting a blocking GC Explicit
08-04 12:49:32.829 28585 28598 I art     : Explicit concurrent mark sweep GC freed 7(224B) AllocSpace objects, 0(0B) LOS objects, 28% free, 40MB/56MB, paused 1.420ms total 48.953ms
08-04 12:49:33.237 28585 28597 I art     : Starting a blocking GC Explicit
08-04 12:49:33.291 28585 28597 I art     : Explicit concurrent mark sweep GC freed 1471(83KB) AllocSpace objects, 1(20KB) LOS objects, 28% free, 40MB/56MB, paused 1.419ms total 53.602ms
08-04 12:49:33.305 28585 28597 I art     : Starting a blocking GC Explicit
08-04 12:49:33.355 28585 28597 I art     : Explicit concurrent mark sweep GC freed 26(912B) AllocSpace objects, 0(0B) LOS objects, 28% free, 40MB/56MB, paused 1.393ms total 49.521ms
08-04 12:49:33.368 28585 28597 I art     : Starting a blocking GC Explicit
08-04 12:49:33.420 28585 28597 I art     : Explicit concurrent mark sweep GC freed 7(224B) AllocSpace objects, 0(0B) LOS objects, 28% free, 40MB/56MB, paused 1.411ms total 51.711ms
08-04 12:49:33.434 28585 28597 I art     : Starting a blocking GC Explicit
08-04 12:49:33.485 28585 28597 I art     : Explicit concurrent mark sweep GC freed 6(192B) AllocSpace objects, 0(0B) LOS objects, 28% free, 40MB/56MB, paused 1.456ms total 50.377ms
08-04 12:49:33.498 28585 28597 I art     : Starting a blocking GC Explicit
08-04 12:49:33.507   918 13198 D NetlinkSocketObserver: NeighborEvent{elapsedMs=1691977382, 192.168.2.254, [7C3953A63323], RTM_NEWNEIGH, NUD_PROBE}
08-04 12:49:33.549 28585 28597 I art     : Explicit concurrent mark sweep GC freed 7(224B) AllocSpace objects, 0(0B) LOS objects, 28% free, 40MB/56MB, paused 1.557ms total 50.198ms
08-04 12:49:33.779   518   646 I ThermalEngine: ACTION: GPU - Setting GPU[0] to 510000000
08-04 12:49:33.911 28585 29451 I art     : Starting a blocking GC Explicit
08-04 12:49:33.953 28585 29451 I art     : Explicit concurrent mark sweep GC freed 1636(92KB) AllocSpace objects, 1(20KB) LOS objects, 28% free, 40MB/56MB, paused 1.071ms total 41.563ms
08-04 12:49:33.964 28585 29451 I art     : Starting a blocking GC Explicit
08-04 12:49:34.003 28585 29451 I art     : Explicit concurrent mark sweep GC freed 31(1136B) AllocSpace objects, 0(0B) LOS objects, 28% free, 40MB/56MB, paused 1.140ms total 39.133ms
08-04 12:49:34.013 28585 29451 I art     : Starting a blocking GC Explicit
08-04 12:49:34.053 28585 29451 I art     : Explicit concurrent mark sweep GC freed 6(192B) AllocSpace objects, 0(0B) LOS objects, 28% free, 40MB/56MB, paused 1.057ms total 39.406ms
08-04 12:49:34.063 28585 29451 I art     : Starting a blocking GC Explicit
08-04 12:49:34.102 28585 29451 I art     : Explicit concurrent mark sweep GC freed 1600(62KB) AllocSpace objects, 0(0B) LOS objects, 28% free, 40MB/56MB, paused 1.140ms total 38.597ms
08-04 12:49:34.113 28585 29451 I art     : Starting a blocking GC Explicit
08-04 12:49:34.142 28585 29512 E baseline.com.newsblur.network.APIResponse: Error (unexpected end of stream on https://www.newsblur.com/...) calling https://www.newsblur.com/reader/feed_unread_count?feed_id=0
08-04 12:49:34.142 28585 29512 E baseline.com.newsblur.network.APIResponse: java.io.IOException: unexpected end of stream on https://www.newsblur.com/...
08-04 12:49:34.142 28585 29512 E baseline.com.newsblur.network.APIResponse: 	at okhttp3.internal.http1.Http1ExchangeCodec.readResponseHeaders(Http1ExchangeCodec.java:236)
08-04 12:49:34.142 28585 29512 E baseline.com.newsblur.network.APIResponse: 	at okhttp3.internal.connection.Exchange.readResponseHeaders(Exchange.java:115)
08-04 12:49:34.142 28585 29512 E baseline.com.newsblur.network.APIResponse: 	at okhttp3.internal.http.CallServerInterceptor.intercept(CallServerInterceptor.java:94)
08-04 12:49:34.142 28585 29512 E baseline.com.newsblur.network.APIResponse: 	at okhttp3.internal.http.RealInterceptorChain.proceed(RealInterceptorChain.java:142)
08-04 12:49:34.142 28585 29512 E baseline.com.newsblur.network.APIResponse: 	at okhttp3.internal.connection.ConnectInterceptor.intercept(ConnectInterceptor.java:43)
08-04 12:49:34.142 28585 29512 E baseline.com.newsblur.network.APIResponse: 	at okhttp3.internal.http.RealInterceptorChain.proceed(RealInterceptorChain.java:142)
08-04 12:49:34.142 28585 29512 E baseline.com.newsblur.network.APIResponse: 	at okhttp3.internal.http.RealInterceptorChain.proceed(RealInterceptorChain.java:117)
08-04 12:49:34.142 28585 29512 E baseline.com.newsblur.network.APIResponse: 	at okhttp3.internal.cache.CacheInterceptor.intercept(CacheInterceptor.java:94)
08-04 12:49:34.142 28585 29512 E baseline.com.newsblur.network.APIResponse: 	at okhttp3.internal.http.RealInterceptorChain.proceed(RealInterceptorChain.java:142)
08-04 12:49:34.142 28585 29512 E baseline.com.newsblur.network.APIResponse: 	at okhttp3.internal.http.RealInterceptorChain.proceed(RealInterceptorChain.java:117)
08-04 12:49:34.142 28585 29512 E baseline.com.newsblur.network.APIResponse: 	at okhttp3.internal.http.BridgeInterceptor.intercept(BridgeInterceptor.java:93)
08-04 12:49:34.142 28585 29512 E baseline.com.newsblur.network.APIResponse: 	at okhttp3.internal.http.RealInterceptorChain.proceed(RealInterceptorChain.java:142)
08-04 12:49:34.142 28585 29512 E baseline.com.newsblur.network.APIResponse: 	at okhttp3.internal.http.RetryAndFollowUpInterceptor.intercept(RetryAndFollowUpInterceptor.java:88)
08-04 12:49:34.142 28585 29512 E baseline.com.newsblur.network.APIResponse: 	at okhttp3.internal.http.RealInterceptorChain.proceed(RealInterceptorChain.java:142)
08-04 12:49:34.142 28585 29512 E baseline.com.newsblur.network.APIResponse: 	at okhttp3.internal.http.RealInterceptorChain.proceed(RealInterceptorChain.java:117)
08-04 12:49:34.142 28585 29512 E baseline.com.newsblur.network.APIResponse: 	at okhttp3.RealCall.getResponseWithInterceptorChain(RealCall.java:229)
08-04 12:49:34.142 28585 29512 E baseline.com.newsblur.network.APIResponse: 	at okhttp3.RealCall.execute(RealCall.java:81)
08-04 12:49:34.142 28585 29512 E baseline.com.newsblur.network.APIResponse: 	at baseline.com.newsblur.network.APIResponse.<init>(APIResponse.java:57)
08-04 12:49:34.142 28585 29512 E baseline.com.newsblur.network.APIResponse: 	at baseline.com.newsblur.network.APIManager.get_single(APIManager.java:639)
08-04 12:49:34.142 28585 29512 E baseline.com.newsblur.network.APIResponse: 	at baseline.com.newsblur.network.APIManager.get(APIManager.java:625)
08-04 12:49:34.142 28585 29512 E baseline.com.newsblur.network.APIResponse: 	at baseline.com.newsblur.network.APIManager.get(APIManager.java:667)
08-04 12:49:34.142 28585 29512 E baseline.com.newsblur.network.APIResponse: 	at baseline.com.newsblur.network.APIManager.getFeedUnreadCounts(APIManager.java:274)
08-04 12:49:34.142 28585 29512 E baseline.com.newsblur.network.APIResponse: 	at baseline.com.newsblur.service.NBSyncService.checkRecounts(NBSyncService.java:660)
08-04 12:49:34.142 28585 29512 E baseline.com.newsblur.network.APIResponse: 	at baseline.com.newsblur.service.NBSyncService.doSync(NBSyncService.java:310)
08-04 12:49:34.142 28585 29512 E baseline.com.newsblur.network.APIResponse: 	at baseline.com.newsblur.service.NBSyncService.access$100(NBSyncService.java:67)
08-04 12:49:34.142 28585 29512 E baseline.com.newsblur.network.APIResponse: 	at baseline.com.newsblur.service.NBSyncService$1.run(NBSyncService.java:188)
08-04 12:49:34.142 28585 29512 E baseline.com.newsblur.network.APIResponse: 	at java.util.concurrent.ThreadPoolExecutor.runWorker(ThreadPoolExecutor.java:1113)
08-04 12:49:34.142 28585 29512 E baseline.com.newsblur.network.APIResponse: 	at java.util.concurrent.ThreadPoolExecutor$Worker.run(ThreadPoolExecutor.java:588)
08-04 12:49:34.142 28585 29512 E baseline.com.newsblur.network.APIResponse: 	at java.lang.Thread.run(Thread.java:818)
08-04 12:49:34.142 28585 29512 E baseline.com.newsblur.network.APIResponse: Caused by: java.io.EOFException: \n not found: limit=0 content=
08-04 12:49:34.142 28585 29512 E baseline.com.newsblur.network.APIResponse: 	at okio.RealBufferedSource.readUtf8LineStrict(RealBufferedSource.java:240)
08-04 12:49:34.142 28585 29512 E baseline.com.newsblur.network.APIResponse: 	at okhttp3.internal.http1.Http1ExchangeCodec.readHeaderLine(Http1ExchangeCodec.java:242)
08-04 12:49:34.142 28585 29512 E baseline.com.newsblur.network.APIResponse: 	at okhttp3.internal.http1.Http1ExchangeCodec.readResponseHeaders(Http1ExchangeCodec.java:213)
08-04 12:49:34.142 28585 29512 E baseline.com.newsblur.network.APIResponse: 	... 28 more
08-04 12:49:34.144 28585 29512 I baseline.com.newsblur.network.APIManager: API call failed, pausing before retry number 2
08-04 12:49:34.149 28585 29451 I art     : Explicit concurrent mark sweep GC freed 824(174KB) AllocSpace objects, 2(40KB) LOS objects, 28% free, 40MB/56MB, paused 1.139ms total 36.051ms
08-04 12:49:34.203 13866 13882 I PeriodicStatsRunner: PeriodicStatsRunner.call():175 call()
08-04 12:49:34.204 13866 13882 I PeriodicStatsRunner: PeriodicStatsRunner.call():179 No submit PeriodicStats since input started.
08-04 12:49:34.501 28585 28597 I art     : Starting a blocking GC Explicit
08-04 12:49:34.543 28585 28597 I art     : Explicit concurrent mark sweep GC freed 1614(122KB) AllocSpace objects, 1(20KB) LOS objects, 28% free, 40MB/56MB, paused 1.079ms total 41.624ms
08-04 12:49:34.554 28585 28597 I art     : Starting a blocking GC Explicit
08-04 12:49:34.594 28585 28597 I art     : Explicit concurrent mark sweep GC freed 57(2000B) AllocSpace objects, 0(0B) LOS objects, 28% free, 40MB/56MB, paused 1.123ms total 39.278ms
08-04 12:49:34.604 28585 28597 I art     : Starting a blocking GC Explicit
08-04 12:49:34.643 28585 28597 I art     : Explicit concurrent mark sweep GC freed 6(192B) AllocSpace objects, 0(0B) LOS objects, 28% free, 40MB/56MB, paused 1.081ms total 38.456ms
08-04 12:49:34.653 28585 28597 I art     : Starting a blocking GC Explicit
08-04 12:49:34.693 28585 28597 I art     : Explicit concurrent mark sweep GC freed 6(192B) AllocSpace objects, 0(0B) LOS objects, 28% free, 40MB/56MB, paused 1.013ms total 39.198ms
08-04 12:49:34.703 28585 28597 I art     : Starting a blocking GC Explicit
08-04 12:49:34.742 28585 28597 I art     : Explicit concurrent mark sweep GC freed 6(192B) AllocSpace objects, 0(0B) LOS objects, 28% free, 40MB/56MB, paused 1.012ms total 38.516ms
08-04 12:49:35.111 28585 29451 I art     : Starting a blocking GC Explicit
08-04 12:49:35.153 28585 29451 I art     : Explicit concurrent mark sweep GC freed 1468(83KB) AllocSpace objects, 1(20KB) LOS objects, 28% free, 40MB/56MB, paused 1.084ms total 41.937ms
08-04 12:49:35.164 28585 29451 I art     : Starting a blocking GC Explicit
08-04 12:49:35.204 28585 29451 I art     : Explicit concurrent mark sweep GC freed 25(880B) AllocSpace objects, 0(0B) LOS objects, 28% free, 40MB/56MB, paused 1.055ms total 38.927ms
08-04 12:49:35.214 28585 29451 I art     : Starting a blocking GC Explicit
08-04 12:49:35.253 28585 29451 I art     : Explicit concurrent mark sweep GC freed 6(192B) AllocSpace objects, 0(0B) LOS objects, 28% free, 40MB/56MB, paused 1.001ms total 39.072ms
08-04 12:49:35.264 28585 29451 I art     : Starting a blocking GC Explicit
08-04 12:49:35.303 28585 29451 I art     : Explicit concurrent mark sweep GC freed 6(192B) AllocSpace objects, 0(0B) LOS objects, 28% free, 40MB/56MB, paused 1.011ms total 38.898ms
08-04 12:49:35.313 28585 29451 I art     : Starting a blocking GC Explicit
08-04 12:49:35.352 28585 29451 I art     : Explicit concurrent mark sweep GC freed 6(192B) AllocSpace objects, 0(0B) LOS objects, 28% free, 40MB/56MB, paused 1.091ms total 38.609ms
08-04 12:49:35.722 28585 28597 I art     : Starting a blocking GC Explicit
08-04 12:49:35.765 28585 28597 I art     : Explicit concurrent mark sweep GC freed 1470(84KB) AllocSpace objects, 1(20KB) LOS objects, 28% free, 40MB/56MB, paused 1.149ms total 42.464ms
08-04 12:49:35.776 28585 28597 I art     : Starting a blocking GC Explicit
08-04 12:49:35.816 28585 28597 I art     : Explicit concurrent mark sweep GC freed 25(880B) AllocSpace objects, 0(0B) LOS objects, 28% free, 40MB/56MB, paused 1.037ms total 39.914ms
08-04 12:49:35.826 28585 28597 I art     : Starting a blocking GC Explicit
08-04 12:49:35.864 28585 28597 I art     : Explicit concurrent mark sweep GC freed 6(192B) AllocSpace objects, 0(0B) LOS objects, 28% free, 40MB/56MB, paused 1.089ms total 38.011ms
08-04 12:49:35.874 28585 28597 I art     : Starting a blocking GC Explicit
08-04 12:49:35.914 28585 28597 I art     : Explicit concurrent mark sweep GC freed 6(192B) AllocSpace objects, 0(0B) LOS objects, 28% free, 40MB/56MB, paused 1.059ms total 39.490ms
08-04 12:49:35.925 28585 28597 I art     : Starting a blocking GC Explicit
08-04 12:49:35.963 28585 28597 I art     : Explicit concurrent mark sweep GC freed 6(192B) AllocSpace objects, 0(0B) LOS objects, 28% free, 40MB/56MB, paused 1.010ms total 38.131ms
08-04 12:49:36.325 28585 28598 I art     : Starting a blocking GC Explicit
08-04 12:49:36.366 28585 28598 I art     : Explicit concurrent mark sweep GC freed 1467(83KB) AllocSpace objects, 1(20KB) LOS objects, 28% free, 40MB/56MB, paused 1.111ms total 40.280ms
08-04 12:49:36.376 28585 28598 I art     : Starting a blocking GC Explicit
08-04 12:49:36.415 28585 28598 I art     : Explicit concurrent mark sweep GC freed 25(880B) AllocSpace objects, 0(0B) LOS objects, 28% free, 40MB/56MB, paused 1.109ms total 38.676ms
08-04 12:49:36.425 28585 28598 I art     : Starting a blocking GC Explicit
08-04 12:49:36.464 28585 28598 I art     : Explicit concurrent mark sweep GC freed 6(192B) AllocSpace objects, 0(0B) LOS objects, 28% free, 40MB/56MB, paused 1.021ms total 38.760ms
08-04 12:49:36.475 28585 28598 I art     : Starting a blocking GC Explicit
08-04 12:49:36.514 28585 28598 I art     : Explicit concurrent mark sweep GC freed 6(192B) AllocSpace objects, 0(0B) LOS objects, 28% free, 40MB/56MB, paused 1.103ms total 38.790ms
08-04 12:49:36.524 28585 28598 I art     : Starting a blocking GC Explicit
08-04 12:49:36.564 28585 28598 I art     : Explicit concurrent mark sweep GC freed 6(192B) AllocSpace objects, 0(0B) LOS objects, 28% free, 40MB/56MB, paused 1.126ms total 39.328ms
08-04 12:49:36.921 28585 28598 I art     : Starting a blocking GC Explicit
08-04 12:49:36.963 28585 28598 I art     : Explicit concurrent mark sweep GC freed 1467(83KB) AllocSpace objects, 1(20KB) LOS objects, 28% free, 40MB/56MB, paused 1.053ms total 41.792ms
08-04 12:49:36.974 28585 28598 I art     : Starting a blocking GC Explicit
08-04 12:49:37.012 28585 28598 I art     : Explicit concurrent mark sweep GC freed 25(880B) AllocSpace objects, 0(0B) LOS objects, 28% free, 40MB/56MB, paused 987us total 37.244ms
08-04 12:49:37.022 28585 28598 I art     : Starting a blocking GC Explicit
08-04 12:49:37.061 28585 28598 I art     : Explicit concurrent mark sweep GC freed 6(192B) AllocSpace objects, 0(0B) LOS objects, 28% free, 40MB/56MB, paused 1.044ms total 39.243ms
08-04 12:49:37.072 28585 28598 I art     : Starting a blocking GC Explicit
08-04 12:49:37.110 28585 28598 I art     : Explicit concurrent mark sweep GC freed 6(192B) AllocSpace objects, 0(0B) LOS objects, 28% free, 40MB/56MB, paused 1.056ms total 38.499ms
08-04 12:49:37.121 28585 28598 I art     : Starting a blocking GC Explicit
08-04 12:49:37.160 28585 28598 I art     : Explicit concurrent mark sweep GC freed 99(3KB) AllocSpace objects, 0(0B) LOS objects, 28% free, 40MB/56MB, paused 1.068ms total 38.496ms
08-04 12:49:37.511 28585 28597 I art     : Starting a blocking GC Explicit
08-04 12:49:37.552 28585 28597 I art     : Explicit concurrent mark sweep GC freed 1546(89KB) AllocSpace objects, 1(20KB) LOS objects, 28% free, 40MB/56MB, paused 1.163ms total 41.345ms
08-04 12:49:37.563 28585 28597 I art     : Starting a blocking GC Explicit
08-04 12:49:37.601 28585 28597 I art     : Explicit concurrent mark sweep GC freed 25(880B) AllocSpace objects, 0(0B) LOS objects, 28% free, 40MB/56MB, paused 1.134ms total 38.187ms
08-04 12:49:37.612 28585 28597 I art     : Starting a blocking GC Explicit
08-04 12:49:37.651 28585 28597 I art     : Explicit concurrent mark sweep GC freed 6(192B) AllocSpace objects, 0(0B) LOS objects, 28% free, 40MB/56MB, paused 1.145ms total 38.957ms
08-04 12:49:37.661 28585 28597 I art     : Starting a blocking GC Explicit
08-04 12:49:37.700 28585 28597 I art     : Explicit concurrent mark sweep GC freed 1660(65KB) AllocSpace objects, 0(0B) LOS objects, 28% free, 40MB/56MB, paused 1.152ms total 38.709ms
08-04 12:49:37.711 28585 28597 I art     : Starting a blocking GC Explicit
08-04 12:49:37.722 28585 29512 E baseline.com.newsblur.network.APIResponse: Error (unexpected end of stream on https://www.newsblur.com/...) calling https://www.newsblur.com/reader/feed_unread_count?feed_id=0
08-04 12:49:37.722 28585 29512 E baseline.com.newsblur.network.APIResponse: java.io.IOException: unexpected end of stream on https://www.newsblur.com/...
08-04 12:49:37.722 28585 29512 E baseline.com.newsblur.network.APIResponse: 	at okhttp3.internal.http1.Http1ExchangeCodec.readResponseHeaders(Http1ExchangeCodec.java:236)
08-04 12:49:37.722 28585 29512 E baseline.com.newsblur.network.APIResponse: 	at okhttp3.internal.connection.Exchange.readResponseHeaders(Exchange.java:115)
08-04 12:49:37.722 28585 29512 E baseline.com.newsblur.network.APIResponse: 	at okhttp3.internal.http.CallServerInterceptor.intercept(CallServerInterceptor.java:94)
08-04 12:49:37.722 28585 29512 E baseline.com.newsblur.network.APIResponse: 	at okhttp3.internal.http.RealInterceptorChain.proceed(RealInterceptorChain.java:142)
08-04 12:49:37.722 28585 29512 E baseline.com.newsblur.network.APIResponse: 	at okhttp3.internal.connection.ConnectInterceptor.intercept(ConnectInterceptor.java:43)
08-04 12:49:37.722 28585 29512 E baseline.com.newsblur.network.APIResponse: 	at okhttp3.internal.http.RealInterceptorChain.proceed(RealInterceptorChain.java:142)
08-04 12:49:37.722 28585 29512 E baseline.com.newsblur.network.APIResponse: 	at okhttp3.internal.http.RealInterceptorChain.proceed(RealInterceptorChain.java:117)
08-04 12:49:37.722 28585 29512 E baseline.com.newsblur.network.APIResponse: 	at okhttp3.internal.cache.CacheInterceptor.intercept(CacheInterceptor.java:94)
08-04 12:49:37.722 28585 29512 E baseline.com.newsblur.network.APIResponse: 	at okhttp3.internal.http.RealInterceptorChain.proceed(RealInterceptorChain.java:142)
08-04 12:49:37.722 28585 29512 E baseline.com.newsblur.network.APIResponse: 	at okhttp3.internal.http.RealInterceptorChain.proceed(RealInterceptorChain.java:117)
08-04 12:49:37.722 28585 29512 E baseline.com.newsblur.network.APIResponse: 	at okhttp3.internal.http.BridgeInterceptor.intercept(BridgeInterceptor.java:93)
08-04 12:49:37.722 28585 29512 E baseline.com.newsblur.network.APIResponse: 	at okhttp3.internal.http.RealInterceptorChain.proceed(RealInterceptorChain.java:142)
08-04 12:49:37.722 28585 29512 E baseline.com.newsblur.network.APIResponse: 	at okhttp3.internal.http.RetryAndFollowUpInterceptor.intercept(RetryAndFollowUpInterceptor.java:88)
08-04 12:49:37.722 28585 29512 E baseline.com.newsblur.network.APIResponse: 	at okhttp3.internal.http.RealInterceptorChain.proceed(RealInterceptorChain.java:142)
08-04 12:49:37.722 28585 29512 E baseline.com.newsblur.network.APIResponse: 	at okhttp3.internal.http.RealInterceptorChain.proceed(RealInterceptorChain.java:117)
08-04 12:49:37.722 28585 29512 E baseline.com.newsblur.network.APIResponse: 	at okhttp3.RealCall.getResponseWithInterceptorChain(RealCall.java:229)
08-04 12:49:37.722 28585 29512 E baseline.com.newsblur.network.APIResponse: 	at okhttp3.RealCall.execute(RealCall.java:81)
08-04 12:49:37.722 28585 29512 E baseline.com.newsblur.network.APIResponse: 	at baseline.com.newsblur.network.APIResponse.<init>(APIResponse.java:57)
08-04 12:49:37.722 28585 29512 E baseline.com.newsblur.network.APIResponse: 	at baseline.com.newsblur.network.APIManager.get_single(APIManager.java:639)
08-04 12:49:37.722 28585 29512 E baseline.com.newsblur.network.APIResponse: 	at baseline.com.newsblur.network.APIManager.get(APIManager.java:625)
08-04 12:49:37.722 28585 29512 E baseline.com.newsblur.network.APIResponse: 	at baseline.com.newsblur.network.APIManager.get(APIManager.java:667)
08-04 12:49:37.722 28585 29512 E baseline.com.newsblur.network.APIResponse: 	at baseline.com.newsblur.network.APIManager.getFeedUnreadCounts(APIManager.java:274)
08-04 12:49:37.722 28585 29512 E baseline.com.newsblur.network.APIResponse: 	at baseline.com.newsblur.service.NBSyncService.checkRecounts(NBSyncService.java:660)
08-04 12:49:37.722 28585 29512 E baseline.com.newsblur.network.APIResponse: 	at baseline.com.newsblur.service.NBSyncService.doSync(NBSyncService.java:310)
08-04 12:49:37.722 28585 29512 E baseline.com.newsblur.network.APIResponse: 	at baseline.com.newsblur.service.NBSyncService.access$100(NBSyncService.java:67)
08-04 12:49:37.722 28585 29512 E baseline.com.newsblur.network.APIResponse: 	at baseline.com.newsblur.service.NBSyncService$1.run(NBSyncService.java:188)
08-04 12:49:37.722 28585 29512 E baseline.com.newsblur.network.APIResponse: 	at java.util.concurrent.ThreadPoolExecutor.runWorker(ThreadPoolExecutor.java:1113)
08-04 12:49:37.722 28585 29512 E baseline.com.newsblur.network.APIResponse: 	at java.util.concurrent.ThreadPoolExecutor$Worker.run(ThreadPoolExecutor.java:588)
08-04 12:49:37.722 28585 29512 E baseline.com.newsblur.network.APIResponse: 	at java.lang.Thread.run(Thread.java:818)
08-04 12:49:37.722 28585 29512 E baseline.com.newsblur.network.APIResponse: Caused by: java.io.EOFException: \n not found: limit=0 content=
08-04 12:49:37.722 28585 29512 E baseline.com.newsblur.network.APIResponse: 	at okio.RealBufferedSource.readUtf8LineStrict(RealBufferedSource.java:240)
08-04 12:49:37.722 28585 29512 E baseline.com.newsblur.network.APIResponse: 	at okhttp3.internal.http1.Http1ExchangeCodec.readHeaderLine(Http1ExchangeCodec.java:242)
08-04 12:49:37.722 28585 29512 E baseline.com.newsblur.network.APIResponse: 	at okhttp3.internal.http1.Http1ExchangeCodec.readResponseHeaders(Http1ExchangeCodec.java:213)
08-04 12:49:37.722 28585 29512 E baseline.com.newsblur.network.APIResponse: 	... 28 more
08-04 12:49:37.724 28585 29512 W baseline.com.newsblur.service.NBSyncService: Bad response to feed_unread_count
08-04 12:49:37.749 28585 28597 I art     : Explicit concurrent mark sweep GC freed 1255(256KB) AllocSpace objects, 4(80KB) LOS objects, 28% free, 40MB/56MB, paused 1.232ms total 38.644ms
08-04 12:49:38.105 28585 28598 I art     : Starting a blocking GC Explicit
08-04 12:49:38.120 28585 29512 I NAPPA_EXPERIMENTATION: MetricNetworkRequestExecutionTime: REQUEST_DURATION_SYSTEM='385',REQUEST_DURATION_OKHTTP='31',REQUEST_SYNCHRONOUS='TRUE',RESPONSE_CODE='200',RESPONSE_METHOD='GET',RESPONSE_LENGTH_OKHTTP='-1',RESPONSE_LENGTH_HEADER='-2',REQUEST_PROTOCOL='http/1.1',REQUEST_URL='https://www.newsblur.com/social/river_stories?order=newest&page=1&read_filter=all',
08-04 12:49:38.120 28585 29512 D MY_TAG  : 0, 385
08-04 12:49:38.139 28585 28585 D baseline.com.newsblur.service.NBSyncService: rejecting request for feedset that is exhaused
08-04 12:49:38.147 28585 28598 I art     : Explicit concurrent mark sweep GC freed 7281(434KB) AllocSpace objects, 7(140KB) LOS objects, 28% free, 40MB/56MB, paused 1.513ms total 41.748ms
08-04 12:49:38.158 28585 28598 I art     : Starting a blocking GC Explicit
08-04 12:49:38.194 28585 28598 I art     : Explicit concurrent mark sweep GC freed 703(54KB) AllocSpace objects, 0(0B) LOS objects, 28% free, 40MB/56MB, paused 981us total 36.136ms
08-04 12:49:38.205 28585 28598 I art     : Starting a blocking GC Explicit
08-04 12:49:38.245 28585 28598 I art     : Explicit concurrent mark sweep GC freed 109(6KB) AllocSpace objects, 0(0B) LOS objects, 28% free, 40MB/56MB, paused 1.150ms total 39.884ms
08-04 12:49:38.256 28585 28598 I art     : Starting a blocking GC Explicit
08-04 12:49:38.297 28585 28598 I art     : Explicit concurrent mark sweep GC freed 3(96B) AllocSpace objects, 0(0B) LOS objects, 28% free, 40MB/56MB, paused 1.279ms total 41.349ms
08-04 12:49:38.308 28585 28598 I art     : Starting a blocking GC Explicit
08-04 12:49:38.351 28585 28598 I art     : Explicit concurrent mark sweep GC freed 3(96B) AllocSpace objects, 0(0B) LOS objects, 28% free, 40MB/56MB, paused 1.216ms total 42.159ms
08-04 12:49:38.549 28585 29512 E baseline.com.newsblur.network.APIResponse: Error (unexpected end of stream on https://www.newsblur.com/...) calling https://www.newsblur.com/reader/mark_story_hashes_as_read/
08-04 12:49:38.549 28585 29512 E baseline.com.newsblur.network.APIResponse: java.io.IOException: unexpected end of stream on https://www.newsblur.com/...
08-04 12:49:38.549 28585 29512 E baseline.com.newsblur.network.APIResponse: 	at okhttp3.internal.http1.Http1ExchangeCodec.readResponseHeaders(Http1ExchangeCodec.java:236)
08-04 12:49:38.549 28585 29512 E baseline.com.newsblur.network.APIResponse: 	at okhttp3.internal.connection.Exchange.readResponseHeaders(Exchange.java:115)
08-04 12:49:38.549 28585 29512 E baseline.com.newsblur.network.APIResponse: 	at okhttp3.internal.http.CallServerInterceptor.intercept(CallServerInterceptor.java:94)
08-04 12:49:38.549 28585 29512 E baseline.com.newsblur.network.APIResponse: 	at okhttp3.internal.http.RealInterceptorChain.proceed(RealInterceptorChain.java:142)
08-04 12:49:38.549 28585 29512 E baseline.com.newsblur.network.APIResponse: 	at okhttp3.internal.connection.ConnectInterceptor.intercept(ConnectInterceptor.java:43)
08-04 12:49:38.549 28585 29512 E baseline.com.newsblur.network.APIResponse: 	at okhttp3.internal.http.RealInterceptorChain.proceed(RealInterceptorChain.java:142)
08-04 12:49:38.549 28585 29512 E baseline.com.newsblur.network.APIResponse: 	at okhttp3.internal.http.RealInterceptorChain.proceed(RealInterceptorChain.java:117)
08-04 12:49:38.549 28585 29512 E baseline.com.newsblur.network.APIResponse: 	at okhttp3.internal.cache.CacheInterceptor.intercept(CacheInterceptor.java:94)
08-04 12:49:38.549 28585 29512 E baseline.com.newsblur.network.APIResponse: 	at okhttp3.internal.http.RealInterceptorChain.proceed(RealInterceptorChain.java:142)
08-04 12:49:38.549 28585 29512 E baseline.com.newsblur.network.APIResponse: 	at okhttp3.internal.http.RealInterceptorChain.proceed(RealInterceptorChain.java:117)
08-04 12:49:38.549 28585 29512 E baseline.com.newsblur.network.APIResponse: 	at okhttp3.internal.http.BridgeInterceptor.intercept(BridgeInterceptor.java:93)
08-04 12:49:38.549 28585 29512 E baseline.com.newsblur.network.APIResponse: 	at okhttp3.internal.http.RealInterceptorChain.proceed(RealInterceptorChain.java:142)
08-04 12:49:38.549 28585 29512 E baseline.com.newsblur.network.APIResponse: 	at okhttp3.internal.http.RetryAndFollowUpInterceptor.intercept(RetryAndFollowUpInterceptor.java:88)
08-04 12:49:38.549 28585 29512 E baseline.com.newsblur.network.APIResponse: 	at okhttp3.internal.http.RealInterceptorChain.proceed(RealInterceptorChain.java:142)
08-04 12:49:38.549 28585 29512 E baseline.com.newsblur.network.APIResponse: 	at okhttp3.internal.http.RealInterceptorChain.proceed(RealInterceptorChain.java:117)
08-04 12:49:38.549 28585 29512 E baseline.com.newsblur.network.APIResponse: 	at okhttp3.RealCall.getResponseWithInterceptorChain(RealCall.java:229)
08-04 12:49:38.549 28585 29512 E baseline.com.newsblur.network.APIResponse: 	at okhttp3.RealCall.execute(RealCall.java:81)
08-04 12:49:38.549 28585 29512 E baseline.com.newsblur.network.APIResponse: 	at baseline.com.newsblur.network.APIResponse.<init>(APIResponse.java:57)
08-04 12:49:38.549 28585 29512 E baseline.com.newsblur.network.APIResponse: 	at baseline.com.newsblur.network.APIResponse.<init>(APIResponse.java:43)
08-04 12:49:38.549 28585 29512 E baseline.com.newsblur.network.APIResponse: 	at baseline.com.newsblur.network.APIManager.post_single(APIManager.java:702)
08-04 12:49:38.549 28585 29512 E baseline.com.newsblur.network.APIResponse: 	at baseline.com.newsblur.network.APIManager.post(APIManager.java:675)
08-04 12:49:38.549 28585 29512 E baseline.com.newsblur.network.APIResponse: 	at baseline.com.newsblur.network.APIManager.post(APIManager.java:714)
08-04 12:49:38.549 28585 29512 E baseline.com.newsblur.network.APIResponse: 	at baseline.com.newsblur.network.APIManager.markStoryAsRead(APIManager.java:205)
08-04 12:49:38.549 28585 29512 E baseline.com.newsblur.network.APIResponse: 	at baseline.com.newsblur.util.ReadingAction.doRemote(ReadingAction.java:281)
08-04 12:49:38.549 28585 29512 E baseline.com.newsblur.network.APIResponse: 	at baseline.com.newsblur.service.NBSyncService.syncActions(NBSyncService.java:400)
08-04 12:49:38.549 28585 29512 E baseline.com.newsblur.network.APIResponse: 	at baseline.com.newsblur.service.NBSyncService.doSync(NBSyncService.java:298)
08-04 12:49:38.549 28585 29512 E baseline.com.newsblur.network.APIResponse: 	at baseline.com.newsblur.service.NBSyncService.access$100(NBSyncService.java:67)
08-04 12:49:38.549 28585 29512 E baseline.com.newsblur.network.APIResponse: 	at baseline.com.newsblur.service.NBSyncService$1.run(NBSyncService.java:188)
08-04 12:49:38.549 28585 29512 E baseline.com.newsblur.network.APIResponse: 	at java.util.concurrent.ThreadPoolExecutor.runWorker(ThreadPoolExecutor.java:1113)
08-04 12:49:38.549 28585 29512 E baseline.com.newsblur.network.APIResponse: 	at java.util.concurrent.ThreadPoolExecutor$Worker.run(ThreadPoolExecutor.java:588)
08-04 12:49:38.549 28585 29512 E baseline.com.newsblur.network.APIResponse: 	at java.lang.Thread.run(Thread.java:818)
08-04 12:49:38.549 28585 29512 E baseline.com.newsblur.network.APIResponse: Caused by: java.io.EOFException: \n not found: limit=0 content=
08-04 12:49:38.549 28585 29512 E baseline.com.newsblur.network.APIResponse: 	at okio.RealBufferedSource.readUtf8LineStrict(RealBufferedSource.java:240)
08-04 12:49:38.549 28585 29512 E baseline.com.newsblur.network.APIResponse: 	at okhttp3.internal.http1.Http1ExchangeCodec.readHeaderLine(Http1ExchangeCodec.java:242)
08-04 12:49:38.549 28585 29512 E baseline.com.newsblur.network.APIResponse: 	at okhttp3.internal.http1.Http1ExchangeCodec.readResponseHeaders(Http1ExchangeCodec.java:213)
08-04 12:49:38.549 28585 29512 E baseline.com.newsblur.network.APIResponse: 	... 30 more
08-04 12:49:38.551 28585 29512 I baseline.com.newsblur.network.APIManager: API call failed, pausing before retry number 1
08-04 12:49:38.712 28585 28837 I art     : Starting a blocking GC Explicit
08-04 12:49:38.756 28585 28837 I art     : Explicit concurrent mark sweep GC freed 3936(356KB) AllocSpace objects, 3(60KB) LOS objects, 28% free, 40MB/56MB, paused 1.151ms total 43.973ms
08-04 12:49:38.771 28585 28837 I art     : Starting a blocking GC Explicit
08-04 12:49:38.810 28585 28837 I art     : Explicit concurrent mark sweep GC freed 120(4KB) AllocSpace objects, 0(0B) LOS objects, 28% free, 40MB/56MB, paused 1.130ms total 39.310ms
08-04 12:49:38.820 28585 28837 I art     : Starting a blocking GC Explicit
08-04 12:49:38.861 28585 28837 I art     : Explicit concurrent mark sweep GC freed 3(96B) AllocSpace objects, 0(0B) LOS objects, 28% free, 40MB/56MB, paused 1.121ms total 39.863ms
08-04 12:49:38.871 28585 28837 I art     : Starting a blocking GC Explicit
08-04 12:49:38.911 28585 28837 I art     : Explicit concurrent mark sweep GC freed 3(96B) AllocSpace objects, 0(0B) LOS objects, 28% free, 40MB/56MB, paused 1.087ms total 40.021ms
08-04 12:49:38.922 28585 28837 I art     : Starting a blocking GC Explicit
08-04 12:49:38.962 28585 28837 I art     : Explicit concurrent mark sweep GC freed 3(96B) AllocSpace objects, 0(0B) LOS objects, 28% free, 40MB/56MB, paused 1.114ms total 40.180ms
08-04 12:49:39.290 28585 28597 I art     : Starting a blocking GC Explicit
08-04 12:49:39.331 28585 28597 I art     : Explicit concurrent mark sweep GC freed 1444(83KB) AllocSpace objects, 1(20KB) LOS objects, 28% free, 40MB/56MB, paused 1.121ms total 40.311ms
08-04 12:49:39.341 28585 28597 I art     : Starting a blocking GC Explicit
08-04 12:49:39.381 28585 28597 I art     : Explicit concurrent mark sweep GC freed 22(784B) AllocSpace objects, 0(0B) LOS objects, 28% free, 40MB/56MB, paused 1.081ms total 39.955ms
08-04 12:49:39.391 28585 28597 I art     : Starting a blocking GC Explicit
08-04 12:49:39.432 28585 28597 I art     : Explicit concurrent mark sweep GC freed 3(96B) AllocSpace objects, 0(0B) LOS objects, 28% free, 40MB/56MB, paused 1.134ms total 40.005ms
08-04 12:49:39.442 28585 28597 I art     : Starting a blocking GC Explicit
08-04 12:49:39.483 28585 28597 I art     : Explicit concurrent mark sweep GC freed 3(96B) AllocSpace objects, 0(0B) LOS objects, 28% free, 40MB/56MB, paused 1.137ms total 40.166ms
08-04 12:49:39.493 28585 28597 I art     : Starting a blocking GC Explicit
08-04 12:49:39.533 28585 28597 I art     : Explicit concurrent mark sweep GC freed 3(96B) AllocSpace objects, 0(0B) LOS objects, 28% free, 40MB/56MB, paused 1.144ms total 40.030ms
08-04 12:49:39.567 30300 30300 D AndroidRuntime: >>>>>> START com.android.internal.os.RuntimeInit uid 2000 <<<<<<
08-04 12:49:39.572 30300 30300 D AndroidRuntime: CheckJNI is OFF
08-04 12:49:39.604 30300 30300 D ICU     : No timezone override file found: /data/misc/zoneinfo/current/icu/icu_tzdata.dat
08-04 12:49:39.637 30300 30300 I Radio-JNI: register_android_hardware_Radio DONE
08-04 12:49:39.659 30300 30300 D AndroidRuntime: Calling main entry com.android.commands.input.Input
08-04 12:49:39.661 30300 30300 I Input   : injectMotionEvent: MotionEvent { action=ACTION_DOWN, actionButton=0, id[0]=0, x[0]=436.0, y[0]=453.0, toolType[0]=TOOL_TYPE_UNKNOWN, buttonState=0, metaState=0, flags=0x0, edgeFlags=0x0, pointerCount=1, historySize=0, eventTime=708596074, downTime=708596074, deviceId=0, source=0x1002 }
08-04 12:49:39.669 30300 30300 I Input   : injectMotionEvent: MotionEvent { action=ACTION_UP, actionButton=0, id[0]=0, x[0]=436.0, y[0]=453.0, toolType[0]=TOOL_TYPE_UNKNOWN, buttonState=0, metaState=0, flags=0x0, edgeFlags=0x0, pointerCount=1, historySize=0, eventTime=708596074, downTime=708596074, deviceId=0, source=0x1002 }
08-04 12:49:39.671 30300 30300 D AndroidRuntime: Shutting down VM
08-04 12:49:39.678   512  2967 D audio_hw_primary: out_set_parameters: enter: usecase(1: low-latency-playback) kvpairs: routing=2
08-04 12:49:39.679   918  5952 I ActivityManager: START u0 {cmp=baseline.com.newsblur/.activity.AllSharedStoriesReading (has extras)} from uid 10652 on display 0
08-04 12:49:39.691   512  2967 D audio_hw_primary: select_devices: out_snd_device(2: speaker) in_snd_device(0: none)
08-04 12:49:39.691   512  2967 D msm8974_platform: platform_send_audio_calibration: sending audio calibration for snd_device(2) acdb_id(15)
08-04 12:49:39.691   512  2967 I soundtrigger: audio_extn_sound_trigger_update_device_status: device 0x2 of type 0 for Event 1
08-04 12:49:39.709   512  2967 D audio_hw_primary: enable_snd_device: snd_device(2: speaker)
08-04 12:49:39.711   512  2967 D audio_hw_primary: enable_audio_route: apply and update mixer path: low-latency-playback speaker
08-04 12:49:39.829 28585 28598 I art     : Starting a blocking GC Explicit
08-04 12:49:39.871 28585 28598 I art     : Explicit concurrent mark sweep GC freed 3318(276KB) AllocSpace objects, 7(568KB) LOS objects, 28% free, 40MB/56MB, paused 1.601ms total 41.963ms
08-04 12:49:39.885 28585 28598 I art     : Starting a blocking GC Explicit
08-04 12:49:39.896 13866 13866 I GoogleInputMethodServic: GoogleInputMethodService.onFinishInput():3138 
08-04 12:49:39.896   918   936 I ActivityManager: Displayed baseline.com.newsblur/.activity.AllSharedStoriesReading: +204ms
08-04 12:49:39.897 13866 13866 I GoogleInputMethodServic: GoogleInputMethodService.onStartInput():1808 
08-04 12:49:39.922 28585 28598 I art     : Explicit concurrent mark sweep GC freed 824(54KB) AllocSpace objects, 0(0B) LOS objects, 28% free, 40MB/56MB, paused 1.460ms total 37.707ms
08-04 12:49:39.934 28585 28598 I art     : Starting a blocking GC Explicit
08-04 12:49:39.982 28585 28598 I art     : Explicit concurrent mark sweep GC freed 1659(102KB) AllocSpace objects, 3(68KB) LOS objects, 28% free, 41MB/57MB, paused 1.821ms total 48.324ms
08-04 12:49:39.994 28585 28598 I art     : Starting a blocking GC Explicit
08-04 12:49:40.037 28585 28598 I art     : Explicit concurrent mark sweep GC freed 1107(88KB) AllocSpace objects, 9(216KB) LOS objects, 28% free, 41MB/57MB, paused 1.455ms total 42.698ms
08-04 12:49:40.048 28585 28598 I art     : Starting a blocking GC Explicit
08-04 12:49:40.087 28585 28598 I art     : Explicit concurrent mark sweep GC freed 482(56KB) AllocSpace objects, 0(0B) LOS objects, 28% free, 41MB/57MB, paused 1.194ms total 38.509ms
08-04 12:49:40.127 28585 29180 E chromium: [ERROR:tile_manager.cc(793)] WARNING: tile memory limits exceeded, some content may not draw
08-04 12:49:40.127 28585 29180 E chromium: [ERROR:tile_manager.cc(793)] WARNING: tile memory limits exceeded, some content may not draw
08-04 12:49:40.248   512  2967 D audio_hw_primary: disable_audio_route: reset and update mixer path: low-latency-playback speaker
08-04 12:49:40.250   512  2967 D audio_hw_primary: disable_snd_device: snd_device(2: speaker)
08-04 12:49:40.259   512  2967 I soundtrigger: audio_extn_sound_trigger_update_device_status: device 0x2 of type 0 for Event 0
08-04 12:49:40.408 28585 29451 I art     : Starting a blocking GC Explicit
08-04 12:49:40.452 28585 29451 I art     : Explicit concurrent mark sweep GC freed 1719(108KB) AllocSpace objects, 3(68KB) LOS objects, 28% free, 41MB/57MB, paused 1.161ms total 43.481ms
08-04 12:49:40.462 28585 29451 I art     : Starting a blocking GC Explicit
08-04 12:49:40.504 28585 29451 I art     : Explicit concurrent mark sweep GC freed 39(1520B) AllocSpace objects, 0(0B) LOS objects, 28% free, 41MB/57MB, paused 1.174ms total 42.553ms
08-04 12:49:40.515 28585 29451 I art     : Starting a blocking GC Explicit
08-04 12:49:40.560 28585 29451 I art     : Explicit concurrent mark sweep GC freed 1657(64KB) AllocSpace objects, 0(0B) LOS objects, 28% free, 41MB/57MB, paused 1.268ms total 44.521ms
08-04 12:49:40.571 28585 29451 I art     : Starting a blocking GC Explicit
08-04 12:49:40.577 28585 29512 E baseline.com.newsblur.network.APIResponse: Error (unexpected end of stream on https://www.newsblur.com/...) calling https://www.newsblur.com/reader/mark_story_hashes_as_read/
08-04 12:49:40.577 28585 29512 E baseline.com.newsblur.network.APIResponse: java.io.IOException: unexpected end of stream on https://www.newsblur.com/...
08-04 12:49:40.577 28585 29512 E baseline.com.newsblur.network.APIResponse: 	at okhttp3.internal.http1.Http1ExchangeCodec.readResponseHeaders(Http1ExchangeCodec.java:236)
08-04 12:49:40.577 28585 29512 E baseline.com.newsblur.network.APIResponse: 	at okhttp3.internal.connection.Exchange.readResponseHeaders(Exchange.java:115)
08-04 12:49:40.577 28585 29512 E baseline.com.newsblur.network.APIResponse: 	at okhttp3.internal.http.CallServerInterceptor.intercept(CallServerInterceptor.java:94)
08-04 12:49:40.577 28585 29512 E baseline.com.newsblur.network.APIResponse: 	at okhttp3.internal.http.RealInterceptorChain.proceed(RealInterceptorChain.java:142)
08-04 12:49:40.577 28585 29512 E baseline.com.newsblur.network.APIResponse: 	at okhttp3.internal.connection.ConnectInterceptor.intercept(ConnectInterceptor.java:43)
08-04 12:49:40.577 28585 29512 E baseline.com.newsblur.network.APIResponse: 	at okhttp3.internal.http.RealInterceptorChain.proceed(RealInterceptorChain.java:142)
08-04 12:49:40.577 28585 29512 E baseline.com.newsblur.network.APIResponse: 	at okhttp3.internal.http.RealInterceptorChain.proceed(RealInterceptorChain.java:117)
08-04 12:49:40.577 28585 29512 E baseline.com.newsblur.network.APIResponse: 	at okhttp3.internal.cache.CacheInterceptor.intercept(CacheInterceptor.java:94)
08-04 12:49:40.577 28585 29512 E baseline.com.newsblur.network.APIResponse: 	at okhttp3.internal.http.RealInterceptorChain.proceed(RealInterceptorChain.java:142)
08-04 12:49:40.577 28585 29512 E baseline.com.newsblur.network.APIResponse: 	at okhttp3.internal.http.RealInterceptorChain.proceed(RealInterceptorChain.java:117)
08-04 12:49:40.577 28585 29512 E baseline.com.newsblur.network.APIResponse: 	at okhttp3.internal.http.BridgeInterceptor.intercept(BridgeInterceptor.java:93)
08-04 12:49:40.577 28585 29512 E baseline.com.newsblur.network.APIResponse: 	at okhttp3.internal.http.RealInterceptorChain.proceed(RealInterceptorChain.java:142)
08-04 12:49:40.577 28585 29512 E baseline.com.newsblur.network.APIResponse: 	at okhttp3.internal.http.RetryAndFollowUpInterceptor.intercept(RetryAndFollowUpInterceptor.java:88)
08-04 12:49:40.577 28585 29512 E baseline.com.newsblur.network.APIResponse: 	at okhttp3.internal.http.RealInterceptorChain.proceed(RealInterceptorChain.java:142)
08-04 12:49:40.577 28585 29512 E baseline.com.newsblur.network.APIResponse: 	at okhttp3.internal.http.RealInterceptorChain.proceed(RealInterceptorChain.java:117)
08-04 12:49:40.577 28585 29512 E baseline.com.newsblur.network.APIResponse: 	at okhttp3.RealCall.getResponseWithInterceptorChain(RealCall.java:229)
08-04 12:49:40.577 28585 29512 E baseline.com.newsblur.network.APIResponse: 	at okhttp3.RealCall.execute(RealCall.java:81)
08-04 12:49:40.577 28585 29512 E baseline.com.newsblur.network.APIResponse: 	at baseline.com.newsblur.network.APIResponse.<init>(APIResponse.java:57)
08-04 12:49:40.577 28585 29512 E baseline.com.newsblur.network.APIResponse: 	at baseline.com.newsblur.network.APIResponse.<init>(APIResponse.java:43)
08-04 12:49:40.577 28585 29512 E baseline.com.newsblur.network.APIResponse: 	at baseline.com.newsblur.network.APIManager.post_single(APIManager.java:702)
08-04 12:49:40.577 28585 29512 E baseline.com.newsblur.network.APIResponse: 	at baseline.com.newsblur.network.APIManager.post(APIManager.java:675)
08-04 12:49:40.577 28585 29512 E baseline.com.newsblur.network.APIResponse: 	at baseline.com.newsblur.network.APIManager.post(APIManager.java:714)
08-04 12:49:40.577 28585 29512 E baseline.com.newsblur.network.APIResponse: 	at baseline.com.newsblur.network.APIManager.markStoryAsRead(APIManager.java:205)
08-04 12:49:40.577 28585 29512 E baseline.com.newsblur.network.APIResponse: 	at baseline.com.newsblur.util.ReadingAction.doRemote(ReadingAction.java:281)
08-04 12:49:40.577 28585 29512 E baseline.com.newsblur.network.APIResponse: 	at baseline.com.newsblur.service.NBSyncService.syncActions(NBSyncService.java:400)
08-04 12:49:40.577 28585 29512 E baseline.com.newsblur.network.APIResponse: 	at baseline.com.newsblur.service.NBSyncService.doSync(NBSyncService.java:298)
08-04 12:49:40.577 28585 29512 E baseline.com.newsblur.network.APIResponse: 	at baseline.com.newsblur.service.NBSyncService.access$100(NBSyncService.java:67)
08-04 12:49:40.577 28585 29512 E baseline.com.newsblur.network.APIResponse: 	at baseline.com.newsblur.service.NBSyncService$1.run(NBSyncService.java:188)
08-04 12:49:40.577 28585 29512 E baseline.com.newsblur.network.APIResponse: 	at java.util.concurrent.ThreadPoolExecutor.runWorker(ThreadPoolExecutor.java:1113)
08-04 12:49:40.577 28585 29512 E baseline.com.newsblur.network.APIResponse: 	at java.util.concurrent.ThreadPoolExecutor$Worker.run(ThreadPoolExecutor.java:588)
08-04 12:49:40.577 28585 29512 E baseline.com.newsblur.network.APIResponse: 	at java.lang.Thread.run(Thread.java:818)
08-04 12:49:40.577 28585 29512 E baseline.com.newsblur.network.APIResponse: Caused by: java.io.EOFException: \n not found: limit=0 content=
08-04 12:49:40.577 28585 29512 E baseline.com.newsblur.network.APIResponse: 	at okio.RealBufferedSource.readUtf8LineStrict(RealBufferedSource.java:240)
08-04 12:49:40.577 28585 29512 E baseline.com.newsblur.network.APIResponse: 	at okhttp3.internal.http1.Http1ExchangeCodec.readHeaderLine(Http1ExchangeCodec.java:242)
08-04 12:49:40.577 28585 29512 E baseline.com.newsblur.network.APIResponse: 	at okhttp3.internal.http1.Http1ExchangeCodec.readResponseHeaders(Http1ExchangeCodec.java:213)
08-04 12:49:40.577 28585 29512 E baseline.com.newsblur.network.APIResponse: 	... 30 more
08-04 12:49:40.578 28585 29512 I baseline.com.newsblur.network.APIManager: API call failed, pausing before retry number 2
08-04 12:49:40.615 28585 29451 I art     : Explicit concurrent mark sweep GC freed 829(196KB) AllocSpace objects, 2(40KB) LOS objects, 28% free, 41MB/57MB, paused 1.137ms total 43.657ms
08-04 12:49:40.627 28585 29451 I art     : Starting a blocking GC Explicit
08-04 12:49:40.673 28585 29451 I art     : Explicit concurrent mark sweep GC freed 110(16KB) AllocSpace objects, 0(0B) LOS objects, 28% free, 41MB/57MB, paused 1.157ms total 46.131ms
08-04 12:49:41.009 28585 28837 I art     : Starting a blocking GC Explicit
08-04 12:49:41.056 28585 28837 I art     : Explicit concurrent mark sweep GC freed 1513(86KB) AllocSpace objects, 1(20KB) LOS objects, 28% free, 41MB/57MB, paused 1.169ms total 46.704ms
08-04 12:49:41.070 28585 28837 I art     : Starting a blocking GC Explicit
08-04 12:49:41.112 28585 28837 I art     : Explicit concurrent mark sweep GC freed 22(784B) AllocSpace objects, 0(0B) LOS objects, 28% free, 41MB/57MB, paused 1.116ms total 42.337ms
08-04 12:49:41.123 28585 28837 I art     : Starting a blocking GC Explicit
08-04 12:49:41.166 28585 28837 I art     : Explicit concurrent mark sweep GC freed 3(96B) AllocSpace objects, 0(0B) LOS objects, 28% free, 41MB/57MB, paused 1.157ms total 42.766ms
08-04 12:49:41.177 28585 28837 I art     : Starting a blocking GC Explicit
08-04 12:49:41.227 28585 28837 I art     : Explicit concurrent mark sweep GC freed 15(480B) AllocSpace objects, 0(0B) LOS objects, 28% free, 41MB/57MB, paused 1.267ms total 49.891ms
08-04 12:49:41.239 28585 28837 I art     : Starting a blocking GC Explicit
08-04 12:49:41.283 28585 28837 I art     : Explicit concurrent mark sweep GC freed 18(576B) AllocSpace objects, 0(0B) LOS objects, 28% free, 41MB/57MB, paused 999us total 43.008ms
08-04 12:49:41.646 28585 28597 I art     : Starting a blocking GC Explicit
08-04 12:49:41.694 28585 28597 I art     : Explicit concurrent mark sweep GC freed 1478(84KB) AllocSpace objects, 1(20KB) LOS objects, 28% free, 41MB/57MB, paused 1.150ms total 47.238ms
08-04 12:49:41.706 28585 28597 I art     : Starting a blocking GC Explicit
08-04 12:49:41.751 28585 28597 I art     : Explicit concurrent mark sweep GC freed 22(784B) AllocSpace objects, 0(0B) LOS objects, 28% free, 41MB/57MB, paused 1.337ms total 44.825ms
08-04 12:49:41.762 28585 28597 I art     : Starting a blocking GC Explicit
08-04 12:49:41.807 28585 28597 I art     : Explicit concurrent mark sweep GC freed 3(96B) AllocSpace objects, 0(0B) LOS objects, 28% free, 41MB/57MB, paused 1.249ms total 45.191ms
08-04 12:49:41.818 28585 28597 I art     : Starting a blocking GC Explicit
08-04 12:49:41.864 28585 28597 I art     : Explicit concurrent mark sweep GC freed 3(96B) AllocSpace objects, 0(0B) LOS objects, 28% free, 41MB/57MB, paused 1.202ms total 45.472ms
08-04 12:49:41.875 28585 28597 I art     : Starting a blocking GC Explicit
08-04 12:49:41.921 28585 28597 I art     : Explicit concurrent mark sweep GC freed 3(96B) AllocSpace objects, 0(0B) LOS objects, 28% free, 41MB/57MB, paused 1.175ms total 45.827ms
08-04 12:49:42.301 28585 28837 I art     : Starting a blocking GC Explicit
08-04 12:49:42.349 28585 28837 I art     : Explicit concurrent mark sweep GC freed 1446(83KB) AllocSpace objects, 1(20KB) LOS objects, 28% free, 41MB/57MB, paused 1.308ms total 47.409ms
08-04 12:49:42.366 28585 28837 I art     : Starting a blocking GC Explicit
08-04 12:49:42.409 28585 28837 I art     : Explicit concurrent mark sweep GC freed 22(784B) AllocSpace objects, 0(0B) LOS objects, 28% free, 41MB/57MB, paused 1.122ms total 42.856ms
08-04 12:49:42.420 28585 28837 I art     : Starting a blocking GC Explicit
08-04 12:49:42.462 28585 28837 I art     : Explicit concurrent mark sweep GC freed 3(96B) AllocSpace objects, 0(0B) LOS objects, 28% free, 41MB/57MB, paused 1.101ms total 41.670ms
08-04 12:49:42.473 28585 28837 I art     : Starting a blocking GC Explicit
08-04 12:49:42.473   918  3261 D WifiStateMachine: starting scan for "H369AA63323"WPA_PSK with 2412,5180
08-04 12:49:42.516 28585 28837 I art     : Explicit concurrent mark sweep GC freed 3(96B) AllocSpace objects, 0(0B) LOS objects, 28% free, 41MB/57MB, paused 1.133ms total 43.064ms
08-04 12:49:42.527 28585 28837 I art     : Starting a blocking GC Explicit
08-04 12:49:42.569 28585 28837 I art     : Explicit concurrent mark sweep GC freed 3(96B) AllocSpace objects, 0(0B) LOS objects, 28% free, 41MB/57MB, paused 1.079ms total 42.378ms
08-04 12:49:42.945 28585 29451 I art     : Starting a blocking GC Explicit
08-04 12:49:42.992 28585 29451 I art     : Explicit concurrent mark sweep GC freed 1445(83KB) AllocSpace objects, 1(20KB) LOS objects, 28% free, 41MB/57MB, paused 1.148ms total 46.840ms
08-04 12:49:43.005 28585 29451 I art     : Starting a blocking GC Explicit
08-04 12:49:43.048 28585 29451 I art     : Explicit concurrent mark sweep GC freed 22(784B) AllocSpace objects, 0(0B) LOS objects, 28% free, 41MB/57MB, paused 1.176ms total 42.621ms
08-04 12:49:43.058 28585 29451 I art     : Starting a blocking GC Explicit
08-04 12:49:43.099 28585 29451 I art     : Explicit concurrent mark sweep GC freed 3(96B) AllocSpace objects, 0(0B) LOS objects, 28% free, 41MB/57MB, paused 1.192ms total 40.378ms
08-04 12:49:43.110 28585 29451 I art     : Starting a blocking GC Explicit
08-04 12:49:43.154 28585 29451 I art     : Explicit concurrent mark sweep GC freed 3(96B) AllocSpace objects, 0(0B) LOS objects, 28% free, 41MB/57MB, paused 1.108ms total 43.409ms
08-04 12:49:43.165 28585 29451 I art     : Starting a blocking GC Explicit
08-04 12:49:43.207 28585 29451 I art     : Explicit concurrent mark sweep GC freed 3(96B) AllocSpace objects, 0(0B) LOS objects, 28% free, 41MB/57MB, paused 1.130ms total 42.050ms
08-04 12:49:43.585 28585 28598 I art     : Starting a blocking GC Explicit
08-04 12:49:43.630 28585 28598 I art     : Explicit concurrent mark sweep GC freed 1602(90KB) AllocSpace objects, 1(20KB) LOS objects, 28% free, 41MB/57MB, paused 1.184ms total 44.606ms
08-04 12:49:43.641 28585 28598 I art     : Starting a blocking GC Explicit
08-04 12:49:43.687 28585 28598 I art     : Explicit concurrent mark sweep GC freed 37(2352B) AllocSpace objects, 0(0B) LOS objects, 28% free, 41MB/57MB, paused 1.230ms total 45.151ms
08-04 12:49:43.698 28585 28598 I art     : Starting a blocking GC Explicit
08-04 12:49:43.742 28585 28598 I art     : Explicit concurrent mark sweep GC freed 3(96B) AllocSpace objects, 0(0B) LOS objects, 28% free, 41MB/57MB, paused 1.164ms total 43.775ms
08-04 12:49:43.753 28585 28598 I art     : Starting a blocking GC Explicit
08-04 12:49:43.799 28585 28598 I art     : Explicit concurrent mark sweep GC freed 3(96B) AllocSpace objects, 0(0B) LOS objects, 28% free, 41MB/57MB, paused 1.243ms total 45.821ms
08-04 12:49:43.810 28585 28598 I art     : Starting a blocking GC Explicit
08-04 12:49:43.855 28585 28598 I art     : Explicit concurrent mark sweep GC freed 3(96B) AllocSpace objects, 0(0B) LOS objects, 28% free, 41MB/57MB, paused 1.202ms total 44.261ms
08-04 12:49:44.067 28585 29512 E baseline.com.newsblur.network.APIResponse: Error (unexpected end of stream on https://www.newsblur.com/...) calling https://www.newsblur.com/reader/mark_story_hashes_as_read/
08-04 12:49:44.067 28585 29512 E baseline.com.newsblur.network.APIResponse: java.io.IOException: unexpected end of stream on https://www.newsblur.com/...
08-04 12:49:44.067 28585 29512 E baseline.com.newsblur.network.APIResponse: 	at okhttp3.internal.http1.Http1ExchangeCodec.readResponseHeaders(Http1ExchangeCodec.java:236)
08-04 12:49:44.067 28585 29512 E baseline.com.newsblur.network.APIResponse: 	at okhttp3.internal.connection.Exchange.readResponseHeaders(Exchange.java:115)
08-04 12:49:44.067 28585 29512 E baseline.com.newsblur.network.APIResponse: 	at okhttp3.internal.http.CallServerInterceptor.intercept(CallServerInterceptor.java:94)
08-04 12:49:44.067 28585 29512 E baseline.com.newsblur.network.APIResponse: 	at okhttp3.internal.http.RealInterceptorChain.proceed(RealInterceptorChain.java:142)
08-04 12:49:44.067 28585 29512 E baseline.com.newsblur.network.APIResponse: 	at okhttp3.internal.connection.ConnectInterceptor.intercept(ConnectInterceptor.java:43)
08-04 12:49:44.067 28585 29512 E baseline.com.newsblur.network.APIResponse: 	at okhttp3.internal.http.RealInterceptorChain.proceed(RealInterceptorChain.java:142)
08-04 12:49:44.067 28585 29512 E baseline.com.newsblur.network.APIResponse: 	at okhttp3.internal.http.RealInterceptorChain.proceed(RealInterceptorChain.java:117)
08-04 12:49:44.067 28585 29512 E baseline.com.newsblur.network.APIResponse: 	at okhttp3.internal.cache.CacheInterceptor.intercept(CacheInterceptor.java:94)
08-04 12:49:44.067 28585 29512 E baseline.com.newsblur.network.APIResponse: 	at okhttp3.internal.http.RealInterceptorChain.proceed(RealInterceptorChain.java:142)
08-04 12:49:44.067 28585 29512 E baseline.com.newsblur.network.APIResponse: 	at okhttp3.internal.http.RealInterceptorChain.proceed(RealInterceptorChain.java:117)
08-04 12:49:44.067 28585 29512 E baseline.com.newsblur.network.APIResponse: 	at okhttp3.internal.http.BridgeInterceptor.intercept(BridgeInterceptor.java:93)
08-04 12:49:44.067 28585 29512 E baseline.com.newsblur.network.APIResponse: 	at okhttp3.internal.http.RealInterceptorChain.proceed(RealInterceptorChain.java:142)
08-04 12:49:44.067 28585 29512 E baseline.com.newsblur.network.APIResponse: 	at okhttp3.internal.http.RetryAndFollowUpInterceptor.intercept(RetryAndFollowUpInterceptor.java:88)
08-04 12:49:44.067 28585 29512 E baseline.com.newsblur.network.APIResponse: 	at okhttp3.internal.http.RealInterceptorChain.proceed(RealInterceptorChain.java:142)
08-04 12:49:44.067 28585 29512 E baseline.com.newsblur.network.APIResponse: 	at okhttp3.internal.http.RealInterceptorChain.proceed(RealInterceptorChain.java:117)
08-04 12:49:44.067 28585 29512 E baseline.com.newsblur.network.APIResponse: 	at okhttp3.RealCall.getResponseWithInterceptorChain(RealCall.java:229)
08-04 12:49:44.067 28585 29512 E baseline.com.newsblur.network.APIResponse: 	at okhttp3.RealCall.execute(RealCall.java:81)
08-04 12:49:44.067 28585 29512 E baseline.com.newsblur.network.APIResponse: 	at baseline.com.newsblur.network.APIResponse.<init>(APIResponse.java:57)
08-04 12:49:44.067 28585 29512 E baseline.com.newsblur.network.APIResponse: 	at baseline.com.newsblur.network.APIResponse.<init>(APIResponse.java:43)
08-04 12:49:44.067 28585 29512 E baseline.com.newsblur.network.APIResponse: 	at baseline.com.newsblur.network.APIManager.post_single(APIManager.java:702)
08-04 12:49:44.067 28585 29512 E baseline.com.newsblur.network.APIResponse: 	at baseline.com.newsblur.network.APIManager.post(APIManager.java:675)
08-04 12:49:44.067 28585 29512 E baseline.com.newsblur.network.APIResponse: 	at baseline.com.newsblur.network.APIManager.post(APIManager.java:714)
08-04 12:49:44.067 28585 29512 E baseline.com.newsblur.network.APIResponse: 	at baseline.com.newsblur.network.APIManager.markStoryAsRead(APIManager.java:205)
08-04 12:49:44.067 28585 29512 E baseline.com.newsblur.network.APIResponse: 	at baseline.com.newsblur.util.ReadingAction.doRemote(ReadingAction.java:281)
08-04 12:49:44.067 28585 29512 E baseline.com.newsblur.network.APIResponse: 	at baseline.com.newsblur.service.NBSyncService.syncActions(NBSyncService.java:400)
08-04 12:49:44.067 28585 29512 E baseline.com.newsblur.network.APIResponse: 	at baseline.com.newsblur.service.NBSyncService.doSync(NBSyncService.java:298)
08-04 12:49:44.067 28585 29512 E baseline.com.newsblur.network.APIResponse: 	at baseline.com.newsblur.service.NBSyncService.access$100(NBSyncService.java:67)
08-04 12:49:44.067 28585 29512 E baseline.com.newsblur.network.APIResponse: 	at baseline.com.newsblur.service.NBSyncService$1.run(NBSyncService.java:188)
08-04 12:49:44.067 28585 29512 E baseline.com.newsblur.network.APIResponse: 	at java.util.concurrent.ThreadPoolExecutor.runWorker(ThreadPoolExecutor.java:1113)
08-04 12:49:44.067 28585 29512 E baseline.com.newsblur.network.APIResponse: 	at java.util.concurrent.ThreadPoolExecutor$Worker.run(ThreadPoolExecutor.java:588)
08-04 12:49:44.067 28585 29512 E baseline.com.newsblur.network.APIResponse: 	at java.lang.Thread.run(Thread.java:818)
08-04 12:49:44.067 28585 29512 E baseline.com.newsblur.network.APIResponse: Caused by: java.io.EOFException: \n not found: limit=0 content=
08-04 12:49:44.067 28585 29512 E baseline.com.newsblur.network.APIResponse: 	at okio.RealBufferedSource.readUtf8LineStrict(RealBufferedSource.java:240)
08-04 12:49:44.067 28585 29512 E baseline.com.newsblur.network.APIResponse: 	at okhttp3.internal.http1.Http1ExchangeCodec.readHeaderLine(Http1ExchangeCodec.java:242)
08-04 12:49:44.067 28585 29512 E baseline.com.newsblur.network.APIResponse: 	at okhttp3.internal.http1.Http1ExchangeCodec.readResponseHeaders(Http1ExchangeCodec.java:213)
08-04 12:49:44.067 28585 29512 E baseline.com.newsblur.network.APIResponse: 	... 30 more
08-04 12:49:44.069 28585 29512 I baseline.com.newsblur.service.NBSyncService: Holding reading action with server-side or network error.
08-04 12:49:44.080 28585 29512 W baseline.com.newsblur.service.NBSyncService: hard API failure
08-04 12:49:44.217 28585 28597 I art     : Starting a blocking GC Explicit
08-04 12:49:44.267 28585 28597 I art     : Explicit concurrent mark sweep GC freed 4357(407KB) AllocSpace objects, 5(100KB) LOS objects, 28% free, 41MB/57MB, paused 1.633ms total 48.879ms
08-04 12:49:44.278 28585 28597 I art     : Starting a blocking GC Explicit
08-04 12:49:44.322 28585 28597 I art     : Explicit concurrent mark sweep GC freed 140(5KB) AllocSpace objects, 0(0B) LOS objects, 28% free, 41MB/57MB, paused 1.146ms total 43.991ms
08-04 12:49:44.333 28585 28597 I art     : Starting a blocking GC Explicit
08-04 12:49:44.377 28585 28597 I art     : Explicit concurrent mark sweep GC freed 3(96B) AllocSpace objects, 0(0B) LOS objects, 28% free, 41MB/57MB, paused 1.148ms total 44.066ms
08-04 12:49:44.388 28585 28597 I art     : Starting a blocking GC Explicit
08-04 12:49:44.439 28585 28597 I art     : Explicit concurrent mark sweep GC freed 490(20KB) AllocSpace objects, 0(0B) LOS objects, 28% free, 41MB/57MB, paused 6.480ms total 50.900ms
08-04 12:49:44.450 28585 28597 I art     : Starting a blocking GC Explicit
08-04 12:49:44.494 28585 28597 I art     : Explicit concurrent mark sweep GC freed 1224(45KB) AllocSpace objects, 0(0B) LOS objects, 28% free, 41MB/57MB, paused 1.193ms total 43.577ms
08-04 12:49:44.503 28585 29512 E baseline.com.newsblur.network.APIResponse: Error (unexpected end of stream on https://www.newsblur.com/...) calling https://www.newsblur.com/reader/mark_story_hashes_as_read/
08-04 12:49:44.503 28585 29512 E baseline.com.newsblur.network.APIResponse: java.io.IOException: unexpected end of stream on https://www.newsblur.com/...
08-04 12:49:44.503 28585 29512 E baseline.com.newsblur.network.APIResponse: 	at okhttp3.internal.http1.Http1ExchangeCodec.readResponseHeaders(Http1ExchangeCodec.java:236)
08-04 12:49:44.503 28585 29512 E baseline.com.newsblur.network.APIResponse: 	at okhttp3.internal.connection.Exchange.readResponseHeaders(Exchange.java:115)
08-04 12:49:44.503 28585 29512 E baseline.com.newsblur.network.APIResponse: 	at okhttp3.internal.http.CallServerInterceptor.intercept(CallServerInterceptor.java:94)
08-04 12:49:44.503 28585 29512 E baseline.com.newsblur.network.APIResponse: 	at okhttp3.internal.http.RealInterceptorChain.proceed(RealInterceptorChain.java:142)
08-04 12:49:44.503 28585 29512 E baseline.com.newsblur.network.APIResponse: 	at okhttp3.internal.connection.ConnectInterceptor.intercept(ConnectInterceptor.java:43)
08-04 12:49:44.503 28585 29512 E baseline.com.newsblur.network.APIResponse: 	at okhttp3.internal.http.RealInterceptorChain.proceed(RealInterceptorChain.java:142)
08-04 12:49:44.503 28585 29512 E baseline.com.newsblur.network.APIResponse: 	at okhttp3.internal.http.RealInterceptorChain.proceed(RealInterceptorChain.java:117)
08-04 12:49:44.503 28585 29512 E baseline.com.newsblur.network.APIResponse: 	at okhttp3.internal.cache.CacheInterceptor.intercept(CacheInterceptor.java:94)
08-04 12:49:44.503 28585 29512 E baseline.com.newsblur.network.APIResponse: 	at okhttp3.internal.http.RealInterceptorChain.proceed(RealInterceptorChain.java:142)
08-04 12:49:44.503 28585 29512 E baseline.com.newsblur.network.APIResponse: 	at okhttp3.internal.http.RealInterceptorChain.proceed(RealInterceptorChain.java:117)
08-04 12:49:44.503 28585 29512 E baseline.com.newsblur.network.APIResponse: 	at okhttp3.internal.http.BridgeInterceptor.intercept(BridgeInterceptor.java:93)
08-04 12:49:44.503 28585 29512 E baseline.com.newsblur.network.APIResponse: 	at okhttp3.internal.http.RealInterceptorChain.proceed(RealInterceptorChain.java:142)
08-04 12:49:44.503 28585 29512 E baseline.com.newsblur.network.APIResponse: 	at okhttp3.internal.http.RetryAndFollowUpInterceptor.intercept(RetryAndFollowUpInterceptor.java:88)
08-04 12:49:44.503 28585 29512 E baseline.com.newsblur.network.APIResponse: 	at okhttp3.internal.http.RealInterceptorChain.proceed(RealInterceptorChain.java:142)
08-04 12:49:44.503 28585 29512 E baseline.com.newsblur.network.APIResponse: 	at okhttp3.internal.http.RealInterceptorChain.proceed(RealInterceptorChain.java:117)
08-04 12:49:44.503 28585 29512 E baseline.com.newsblur.network.APIResponse: 	at okhttp3.RealCall.getResponseWithInterceptorChain(RealCall.java:229)
08-04 12:49:44.503 28585 29512 E baseline.com.newsblur.network.APIResponse: 	at okhttp3.RealCall.execute(RealCall.java:81)
08-04 12:49:44.503 28585 29512 E baseline.com.newsblur.network.APIResponse: 	at baseline.com.newsblur.network.APIResponse.<init>(APIResponse.java:57)
08-04 12:49:44.503 28585 29512 E baseline.com.newsblur.network.APIResponse: 	at baseline.com.newsblur.network.APIResponse.<init>(APIResponse.java:43)
08-04 12:49:44.503 28585 29512 E baseline.com.newsblur.network.APIResponse: 	at baseline.com.newsblur.network.APIManager.post_single(APIManager.java:702)
08-04 12:49:44.503 28585 29512 E baseline.com.newsblur.network.APIResponse: 	at baseline.com.newsblur.network.APIManager.post(APIManager.java:675)
08-04 12:49:44.503 28585 29512 E baseline.com.newsblur.network.APIResponse: 	at baseline.com.newsblur.network.APIManager.post(APIManager.java:714)
08-04 12:49:44.503 28585 29512 E baseline.com.newsblur.network.APIResponse: 	at baseline.com.newsblur.network.APIManager.markStoryAsRead(APIManager.java:205)
08-04 12:49:44.503 28585 29512 E baseline.com.newsblur.network.APIResponse: 	at baseline.com.newsblur.util.ReadingAction.doRemote(ReadingAction.java:281)
08-04 12:49:44.503 28585 29512 E baseline.com.newsblur.network.APIResponse: 	at baseline.com.newsblur.service.NBSyncService.syncActions(NBSyncService.java:400)
08-04 12:49:44.503 28585 29512 E baseline.com.newsblur.network.APIResponse: 	at baseline.com.newsblur.service.NBSyncService.doSync(NBSyncService.java:298)
08-04 12:49:44.503 28585 29512 E baseline.com.newsblur.network.APIResponse: 	at baseline.com.newsblur.service.NBSyncService.access$100(NBSyncService.java:67)
08-04 12:49:44.503 28585 29512 E baseline.com.newsblur.network.APIResponse: 	at baseline.com.newsblur.service.NBSyncService$1.run(NBSyncService.java:188)
08-04 12:49:44.503 28585 29512 E baseline.com.newsblur.network.APIResponse: 	at java.util.concurrent.ThreadPoolExecutor.runWorker(ThreadPoolExecutor.java:1113)
08-04 12:49:44.503 28585 29512 E baseline.com.newsblur.network.APIResponse: 	at java.util.concurrent.ThreadPoolExecutor$Worker.run(ThreadPoolExecutor.java:588)
08-04 12:49:44.503 28585 29512 E baseline.com.newsblur.network.APIResponse: 	at java.lang.Thread.run(Thread.java:818)
08-04 12:49:44.503 28585 29512 E baseline.com.newsblur.network.APIResponse: Caused by: java.io.EOFException: \n not found: limit=0 content=
08-04 12:49:44.503 28585 29512 E baseline.com.newsblur.network.APIResponse: 	at okio.RealBufferedSource.readUtf8LineStrict(RealBufferedSource.java:240)
08-04 12:49:44.503 28585 29512 E baseline.com.newsblur.network.APIResponse: 	at okhttp3.internal.http1.Http1ExchangeCodec.readHeaderLine(Http1ExchangeCodec.java:242)
08-04 12:49:44.503 28585 29512 E baseline.com.newsblur.network.APIResponse: 	at okhttp3.internal.http1.Http1ExchangeCodec.readResponseHeaders(Http1ExchangeCodec.java:213)
08-04 12:49:44.503 28585 29512 E baseline.com.newsblur.network.APIResponse: 	... 30 more
08-04 12:49:44.505 28585 29512 I baseline.com.newsblur.network.APIManager: API call failed, pausing before retry number 1
08-04 12:49:44.863 28585 28837 I art     : Starting a blocking GC Explicit
08-04 12:49:44.896 13866 13882 I PeriodicStatsRunner: PeriodicStatsRunner.call():175 call()
08-04 12:49:44.897 13866 13882 I PeriodicStatsRunner: PeriodicStatsRunner.call():179 No submit PeriodicStats since input started.
08-04 12:49:44.910 28585 28837 I art     : Explicit concurrent mark sweep GC freed 2302(293KB) AllocSpace objects, 3(60KB) LOS objects, 28% free, 41MB/57MB, paused 1.217ms total 46.675ms
08-04 12:49:44.921 28585 28837 I art     : Starting a blocking GC Explicit
08-04 12:49:44.965 28585 28837 I art     : Explicit concurrent mark sweep GC freed 66(2480B) AllocSpace objects, 0(0B) LOS objects, 28% free, 41MB/57MB, paused 1.154ms total 43.541ms
08-04 12:49:44.976 28585 28837 I art     : Starting a blocking GC Explicit
08-04 12:49:45.021 28585 28837 I art     : Explicit concurrent mark sweep GC freed 3(96B) AllocSpace objects, 0(0B) LOS objects, 28% free, 41MB/57MB, paused 1.162ms total 44.057ms
08-04 12:49:45.032 28585 28837 I art     : Starting a blocking GC Explicit
08-04 12:49:45.077 28585 28837 I art     : Explicit concurrent mark sweep GC freed 3(96B) AllocSpace objects, 0(0B) LOS objects, 28% free, 41MB/57MB, paused 1.161ms total 44.850ms
08-04 12:49:45.088 28585 28837 I art     : Starting a blocking GC Explicit
08-04 12:49:45.133 28585 28837 I art     : Explicit concurrent mark sweep GC freed 3(96B) AllocSpace objects, 0(0B) LOS objects, 28% free, 41MB/57MB, paused 1.140ms total 44.243ms
08-04 12:49:45.503 28585 29451 I art     : Starting a blocking GC Explicit
08-04 12:49:45.547   918 13198 D NetlinkSocketObserver: NeighborEvent{elapsedMs=1691989422, 192.168.2.254, [7C3953A63323], RTM_NEWNEIGH, NUD_STALE}
08-04 12:49:45.551 28585 29451 I art     : Explicit concurrent mark sweep GC freed 1443(83KB) AllocSpace objects, 1(20KB) LOS objects, 28% free, 41MB/57MB, paused 1.250ms total 48.010ms
08-04 12:49:45.564 28585 29451 I art     : Starting a blocking GC Explicit
08-04 12:49:45.606 28585 29451 I art     : Explicit concurrent mark sweep GC freed 22(784B) AllocSpace objects, 0(0B) LOS objects, 28% free, 41MB/57MB, paused 1.132ms total 41.888ms
08-04 12:49:45.617 28585 29451 I art     : Starting a blocking GC Explicit
08-04 12:49:45.660 28585 29451 I art     : Explicit concurrent mark sweep GC freed 3(96B) AllocSpace objects, 0(0B) LOS objects, 28% free, 41MB/57MB, paused 1.170ms total 43.536ms
08-04 12:49:45.671 28585 29451 I art     : Starting a blocking GC Explicit
08-04 12:49:45.716 28585 29451 I art     : Explicit concurrent mark sweep GC freed 3(96B) AllocSpace objects, 0(0B) LOS objects, 28% free, 41MB/57MB, paused 1.134ms total 44.661ms
08-04 12:49:45.728 28585 29451 I art     : Starting a blocking GC Explicit
08-04 12:49:45.774 28585 29451 I art     : Explicit concurrent mark sweep GC freed 3(96B) AllocSpace objects, 0(0B) LOS objects, 28% free, 41MB/57MB, paused 1.307ms total 45.727ms
08-04 12:49:46.152 28585 28598 I art     : Starting a blocking GC Explicit
08-04 12:49:46.198 28585 28598 I art     : Explicit concurrent mark sweep GC freed 1608(91KB) AllocSpace objects, 1(20KB) LOS objects, 28% free, 41MB/57MB, paused 1.180ms total 45.816ms
08-04 12:49:46.209 28585 28598 I art     : Starting a blocking GC Explicit
08-04 12:49:46.254 28585 28598 I art     : Explicit concurrent mark sweep GC freed 28(1040B) AllocSpace objects, 0(0B) LOS objects, 28% free, 41MB/57MB, paused 1.208ms total 44.950ms
08-04 12:49:46.266 28585 28598 I art     : Starting a blocking GC Explicit
08-04 12:49:46.311 28585 28598 I art     : Explicit concurrent mark sweep GC freed 3(96B) AllocSpace objects, 0(0B) LOS objects, 28% free, 41MB/57MB, paused 1.178ms total 44.948ms
08-04 12:49:46.322 28585 28598 I art     : Starting a blocking GC Explicit
08-04 12:49:46.367 28585 28598 I art     : Explicit concurrent mark sweep GC freed 3(96B) AllocSpace objects, 0(0B) LOS objects, 28% free, 41MB/57MB, paused 1.259ms total 44.805ms
08-04 12:49:46.378 28585 28598 I art     : Starting a blocking GC Explicit
08-04 12:49:46.424 28585 28598 I art     : Explicit concurrent mark sweep GC freed 3(96B) AllocSpace objects, 0(0B) LOS objects, 28% free, 41MB/57MB, paused 1.199ms total 45.208ms
08-04 12:49:46.528 28585 29512 E baseline.com.newsblur.network.APIResponse: Error (unexpected end of stream on https://www.newsblur.com/...) calling https://www.newsblur.com/reader/mark_story_hashes_as_read/
08-04 12:49:46.528 28585 29512 E baseline.com.newsblur.network.APIResponse: java.io.IOException: unexpected end of stream on https://www.newsblur.com/...
08-04 12:49:46.528 28585 29512 E baseline.com.newsblur.network.APIResponse: 	at okhttp3.internal.http1.Http1ExchangeCodec.readResponseHeaders(Http1ExchangeCodec.java:236)
08-04 12:49:46.528 28585 29512 E baseline.com.newsblur.network.APIResponse: 	at okhttp3.internal.connection.Exchange.readResponseHeaders(Exchange.java:115)
08-04 12:49:46.528 28585 29512 E baseline.com.newsblur.network.APIResponse: 	at okhttp3.internal.http.CallServerInterceptor.intercept(CallServerInterceptor.java:94)
08-04 12:49:46.528 28585 29512 E baseline.com.newsblur.network.APIResponse: 	at okhttp3.internal.http.RealInterceptorChain.proceed(RealInterceptorChain.java:142)
08-04 12:49:46.528 28585 29512 E baseline.com.newsblur.network.APIResponse: 	at okhttp3.internal.connection.ConnectInterceptor.intercept(ConnectInterceptor.java:43)
08-04 12:49:46.528 28585 29512 E baseline.com.newsblur.network.APIResponse: 	at okhttp3.internal.http.RealInterceptorChain.proceed(RealInterceptorChain.java:142)
08-04 12:49:46.528 28585 29512 E baseline.com.newsblur.network.APIResponse: 	at okhttp3.internal.http.RealInterceptorChain.proceed(RealInterceptorChain.java:117)
08-04 12:49:46.528 28585 29512 E baseline.com.newsblur.network.APIResponse: 	at okhttp3.internal.cache.CacheInterceptor.intercept(CacheInterceptor.java:94)
08-04 12:49:46.528 28585 29512 E baseline.com.newsblur.network.APIResponse: 	at okhttp3.internal.http.RealInterceptorChain.proceed(RealInterceptorChain.java:142)
08-04 12:49:46.528 28585 29512 E baseline.com.newsblur.network.APIResponse: 	at okhttp3.internal.http.RealInterceptorChain.proceed(RealInterceptorChain.java:117)
08-04 12:49:46.528 28585 29512 E baseline.com.newsblur.network.APIResponse: 	at okhttp3.internal.http.BridgeInterceptor.intercept(BridgeInterceptor.java:93)
08-04 12:49:46.528 28585 29512 E baseline.com.newsblur.network.APIResponse: 	at okhttp3.internal.http.RealInterceptorChain.proceed(RealInterceptorChain.java:142)
08-04 12:49:46.528 28585 29512 E baseline.com.newsblur.network.APIResponse: 	at okhttp3.internal.http.RetryAndFollowUpInterceptor.intercept(RetryAndFollowUpInterceptor.java:88)
08-04 12:49:46.528 28585 29512 E baseline.com.newsblur.network.APIResponse: 	at okhttp3.internal.http.RealInterceptorChain.proceed(RealInterceptorChain.java:142)
08-04 12:49:46.528 28585 29512 E baseline.com.newsblur.network.APIResponse: 	at okhttp3.internal.http.RealInterceptorChain.proceed(RealInterceptorChain.java:117)
08-04 12:49:46.528 28585 29512 E baseline.com.newsblur.network.APIResponse: 	at okhttp3.RealCall.getResponseWithInterceptorChain(RealCall.java:229)
08-04 12:49:46.528 28585 29512 E baseline.com.newsblur.network.APIResponse: 	at okhttp3.RealCall.execute(RealCall.java:81)
08-04 12:49:46.528 28585 29512 E baseline.com.newsblur.network.APIResponse: 	at baseline.com.newsblur.network.APIResponse.<init>(APIResponse.java:57)
08-04 12:49:46.528 28585 29512 E baseline.com.newsblur.network.APIResponse: 	at baseline.com.newsblur.network.APIResponse.<init>(APIResponse.java:43)
08-04 12:49:46.528 28585 29512 E baseline.com.newsblur.network.APIResponse: 	at baseline.com.newsblur.network.APIManager.post_single(APIManager.java:702)
08-04 12:49:46.528 28585 29512 E baseline.com.newsblur.network.APIResponse: 	at baseline.com.newsblur.network.APIManager.post(APIManager.java:675)
08-04 12:49:46.528 28585 29512 E baseline.com.newsblur.network.APIResponse: 	at baseline.com.newsblur.network.APIManager.post(APIManager.java:714)
08-04 12:49:46.528 28585 29512 E baseline.com.newsblur.network.APIResponse: 	at baseline.com.newsblur.network.APIManager.markStoryAsRead(APIManager.java:205)
08-04 12:49:46.528 28585 29512 E baseline.com.newsblur.network.APIResponse: 	at baseline.com.newsblur.util.ReadingAction.doRemote(ReadingAction.java:281)
08-04 12:49:46.528 28585 29512 E baseline.com.newsblur.network.APIResponse: 	at baseline.com.newsblur.service.NBSyncService.syncActions(NBSyncService.java:400)
08-04 12:49:46.528 28585 29512 E baseline.com.newsblur.network.APIResponse: 	at baseline.com.newsblur.service.NBSyncService.doSync(NBSyncService.java:298)
08-04 12:49:46.528 28585 29512 E baseline.com.newsblur.network.APIResponse: 	at baseline.com.newsblur.service.NBSyncService.access$100(NBSyncService.java:67)
08-04 12:49:46.528 28585 29512 E baseline.com.newsblur.network.APIResponse: 	at baseline.com.newsblur.service.NBSyncService$1.run(NBSyncService.java:188)
08-04 12:49:46.528 28585 29512 E baseline.com.newsblur.network.APIResponse: 	at java.util.concurrent.ThreadPoolExecutor.runWorker(ThreadPoolExecutor.java:1113)
08-04 12:49:46.528 28585 29512 E baseline.com.newsblur.network.APIResponse: 	at java.util.concurrent.ThreadPoolExecutor$Worker.run(ThreadPoolExecutor.java:588)
08-04 12:49:46.528 28585 29512 E baseline.com.newsblur.network.APIResponse: 	at java.lang.Thread.run(Thread.java:818)
08-04 12:49:46.528 28585 29512 E baseline.com.newsblur.network.APIResponse: Caused by: java.io.EOFException: \n not found: limit=0 content=
08-04 12:49:46.528 28585 29512 E baseline.com.newsblur.network.APIResponse: 	at okio.RealBufferedSource.readUtf8LineStrict(RealBufferedSource.java:240)
08-04 12:49:46.528 28585 29512 E baseline.com.newsblur.network.APIResponse: 	at okhttp3.internal.http1.Http1ExchangeCodec.readHeaderLine(Http1ExchangeCodec.java:242)
08-04 12:49:46.528 28585 29512 E baseline.com.newsblur.network.APIResponse: 	at okhttp3.internal.http1.Http1ExchangeCodec.readResponseHeaders(Http1ExchangeCodec.java:213)
08-04 12:49:46.528 28585 29512 E baseline.com.newsblur.network.APIResponse: 	... 30 more
08-04 12:49:46.530 28585 29512 I baseline.com.newsblur.network.APIManager: API call failed, pausing before retry number 2
08-04 12:49:46.783 28585 28597 I art     : Starting a blocking GC Explicit
08-04 12:49:46.829 28585 28597 I art     : Explicit concurrent mark sweep GC freed 3954(357KB) AllocSpace objects, 3(60KB) LOS objects, 28% free, 41MB/57MB, paused 1.247ms total 45.325ms
08-04 12:49:46.840 28585 28597 I art     : Starting a blocking GC Explicit
08-04 12:49:46.885 28585 28597 I art     : Explicit concurrent mark sweep GC freed 120(4KB) AllocSpace objects, 0(0B) LOS objects, 28% free, 41MB/57MB, paused 1.196ms total 45.077ms
08-04 12:49:46.897 28585 28597 I art     : Starting a blocking GC Explicit
08-04 12:49:46.941 28585 28597 I art     : Explicit concurrent mark sweep GC freed 3(96B) AllocSpace objects, 0(0B) LOS objects, 28% free, 41MB/57MB, paused 1.111ms total 43.624ms
08-04 12:49:46.952 28585 28597 I art     : Starting a blocking GC Explicit
08-04 12:49:46.997 28585 28597 I art     : Explicit concurrent mark sweep GC freed 3(96B) AllocSpace objects, 0(0B) LOS objects, 28% free, 41MB/57MB, paused 1.170ms total 44.932ms
08-04 12:49:47.008 28585 28597 I art     : Starting a blocking GC Explicit
08-04 12:49:47.054 28585 28597 I art     : Explicit concurrent mark sweep GC freed 3(96B) AllocSpace objects, 0(0B) LOS objects, 28% free, 41MB/57MB, paused 1.132ms total 45.484ms
08-04 12:49:47.417 28585 28837 I art     : Starting a blocking GC Explicit
08-04 12:49:47.464 28585 28837 I art     : Explicit concurrent mark sweep GC freed 2070(116KB) AllocSpace objects, 1(20KB) LOS objects, 28% free, 41MB/57MB, paused 1.166ms total 46.611ms
08-04 12:49:47.474 28585 28837 I art     : Starting a blocking GC Explicit
08-04 12:49:47.518 28585 28837 I art     : Explicit concurrent mark sweep GC freed 461(18KB) AllocSpace objects, 0(0B) LOS objects, 28% free, 41MB/57MB, paused 1.224ms total 43.052ms
08-04 12:49:47.529 28585 28837 I art     : Starting a blocking GC Explicit
08-04 12:49:47.571 28585 28837 I art     : Explicit concurrent mark sweep GC freed 815(63KB) AllocSpace objects, 0(0B) LOS objects, 28% free, 41MB/57MB, paused 1.110ms total 42.337ms
08-04 12:49:47.582 28585 28837 I art     : Starting a blocking GC Explicit
08-04 12:49:47.625 28585 28837 I art     : Explicit concurrent mark sweep GC freed 15(704B) AllocSpace objects, 0(0B) LOS objects, 28% free, 41MB/57MB, paused 1.133ms total 43.260ms
08-04 12:49:47.636 28585 28837 I art     : Starting a blocking GC Explicit
08-04 12:49:47.679 28585 28837 I art     : Explicit concurrent mark sweep GC freed 164(8KB) AllocSpace objects, 0(0B) LOS objects, 28% free, 41MB/57MB, paused 1.146ms total 42.592ms
08-04 12:49:48.018 28585 29451 I art     : Starting a blocking GC Explicit
08-04 12:49:48.064 28585 29451 I art     : Explicit concurrent mark sweep GC freed 5831(288KB) AllocSpace objects, 1(20KB) LOS objects, 28% free, 41MB/57MB, paused 1.151ms total 45.687ms
08-04 12:49:48.076 28585 29451 I art     : Starting a blocking GC Explicit
08-04 12:49:48.120 28585 29451 I art     : Explicit concurrent mark sweep GC freed 210(7KB) AllocSpace objects, 0(0B) LOS objects, 28% free, 41MB/57MB, paused 1.160ms total 44.290ms
08-04 12:49:48.131 28585 29451 I art     : Starting a blocking GC Explicit
08-04 12:49:48.176 28585 29451 I art     : Explicit concurrent mark sweep GC freed 3(96B) AllocSpace objects, 0(0B) LOS objects, 28% free, 41MB/57MB, paused 1.123ms total 44.330ms
08-04 12:49:48.187 28585 29451 I art     : Starting a blocking GC Explicit
08-04 12:49:48.232 28585 29451 I art     : Explicit concurrent mark sweep GC freed 3(96B) AllocSpace objects, 0(0B) LOS objects, 28% free, 41MB/57MB, paused 1.070ms total 44.581ms
08-04 12:49:48.243 28585 29451 I art     : Starting a blocking GC Explicit
08-04 12:49:48.289 28585 29451 I art     : Explicit concurrent mark sweep GC freed 3(96B) AllocSpace objects, 0(0B) LOS objects, 28% free, 41MB/57MB, paused 1.245ms total 44.953ms
08-04 12:49:48.355 28163 28163 I ServiceManager: Waiting for service AtCmdFwd...
08-04 12:49:48.639 28585 28598 I art     : Starting a blocking GC Explicit
08-04 12:49:48.685 28585 28598 I art     : Explicit concurrent mark sweep GC freed 3418(174KB) AllocSpace objects, 1(20KB) LOS objects, 28% free, 41MB/57MB, paused 1.078ms total 45.530ms
08-04 12:49:48.699 28585 28598 I art     : Starting a blocking GC Explicit
08-04 12:49:48.742 28585 28598 I art     : Explicit concurrent mark sweep GC freed 102(3KB) AllocSpace objects, 0(0B) LOS objects, 28% free, 41MB/57MB, paused 1.083ms total 42.339ms
08-04 12:49:48.752 28585 28598 I art     : Starting a blocking GC Explicit
08-04 12:49:48.794 28585 28598 I art     : Explicit concurrent mark sweep GC freed 3(96B) AllocSpace objects, 0(0B) LOS objects, 28% free, 41MB/57MB, paused 1.140ms total 41.600ms
08-04 12:49:48.805 28585 28598 I art     : Starting a blocking GC Explicit
08-04 12:49:48.848 28585 28598 I art     : Explicit concurrent mark sweep GC freed 3(96B) AllocSpace objects, 0(0B) LOS objects, 28% free, 41MB/57MB, paused 1.193ms total 42.650ms
08-04 12:49:48.858 28585 28598 I art     : Starting a blocking GC Explicit
08-04 12:49:48.902 28585 28598 I art     : Explicit concurrent mark sweep GC freed 3(96B) AllocSpace objects, 0(0B) LOS objects, 28% free, 41MB/57MB, paused 1.147ms total 43.055ms
08-04 12:49:49.310 28585 28597 I art     : Starting a blocking GC Explicit
08-04 12:49:49.355 28163 28163 I ServiceManager: Waiting for service AtCmdFwd...
08-04 12:49:49.355 28585 28597 I art     : Explicit concurrent mark sweep GC freed 1443(83KB) AllocSpace objects, 1(20KB) LOS objects, 28% free, 41MB/57MB, paused 1.128ms total 44.776ms
08-04 12:49:49.366 28585 28597 I art     : Starting a blocking GC Explicit
08-04 12:49:49.411 28585 28597 I art     : Explicit concurrent mark sweep GC freed 22(784B) AllocSpace objects, 0(0B) LOS objects, 28% free, 41MB/57MB, paused 1.074ms total 44.057ms
08-04 12:49:49.422 28585 28597 I art     : Starting a blocking GC Explicit
08-04 12:49:49.467 28585 28597 I art     : Explicit concurrent mark sweep GC freed 3(96B) AllocSpace objects, 0(0B) LOS objects, 28% free, 41MB/57MB, paused 1.154ms total 44.994ms
08-04 12:49:49.478 28585 28597 I art     : Starting a blocking GC Explicit
08-04 12:49:49.520   918  3188 I hubconnection: sensorhub said: 'set_bias 3: -6.2400, 0.0000, 0.0000'
08-04 12:49:49.523 28585 28597 I art     : Explicit concurrent mark sweep GC freed 3(96B) AllocSpace objects, 0(0B) LOS objects, 28% free, 41MB/57MB, paused 1.118ms total 44.151ms
08-04 12:49:49.534 28585 28597 I art     : Starting a blocking GC Explicit
08-04 12:49:49.578 28585 28597 I art     : Explicit concurrent mark sweep GC freed 87(3KB) AllocSpace objects, 0(0B) LOS objects, 28% free, 41MB/57MB, paused 1.249ms total 43.519ms
08-04 12:49:49.933 28585 28837 I art     : Starting a blocking GC Explicit
08-04 12:49:49.980 28585 28837 I art     : Explicit concurrent mark sweep GC freed 1524(88KB) AllocSpace objects, 1(20KB) LOS objects, 28% free, 41MB/57MB, paused 1.234ms total 46.640ms
08-04 12:49:49.991 28585 28837 I art     : Starting a blocking GC Explicit
08-04 12:49:50.036 28585 28837 I art     : Explicit concurrent mark sweep GC freed 28(1040B) AllocSpace objects, 0(0B) LOS objects, 28% free, 41MB/57MB, paused 1.112ms total 44.108ms
08-04 12:49:50.047 28585 28837 I art     : Starting a blocking GC Explicit
08-04 12:49:50.091 28585 28837 I art     : Explicit concurrent mark sweep GC freed 1657(64KB) AllocSpace objects, 0(0B) LOS objects, 28% free, 41MB/57MB, paused 1.257ms total 43.892ms
08-04 12:49:50.102 28585 28837 I art     : Starting a blocking GC Explicit
08-04 12:49:50.113 28585 29512 E baseline.com.newsblur.network.APIResponse: Error (unexpected end of stream on https://www.newsblur.com/...) calling https://www.newsblur.com/reader/mark_story_hashes_as_read/
08-04 12:49:50.113 28585 29512 E baseline.com.newsblur.network.APIResponse: java.io.IOException: unexpected end of stream on https://www.newsblur.com/...
08-04 12:49:50.113 28585 29512 E baseline.com.newsblur.network.APIResponse: 	at okhttp3.internal.http1.Http1ExchangeCodec.readResponseHeaders(Http1ExchangeCodec.java:236)
08-04 12:49:50.113 28585 29512 E baseline.com.newsblur.network.APIResponse: 	at okhttp3.internal.connection.Exchange.readResponseHeaders(Exchange.java:115)
08-04 12:49:50.113 28585 29512 E baseline.com.newsblur.network.APIResponse: 	at okhttp3.internal.http.CallServerInterceptor.intercept(CallServerInterceptor.java:94)
08-04 12:49:50.113 28585 29512 E baseline.com.newsblur.network.APIResponse: 	at okhttp3.internal.http.RealInterceptorChain.proceed(RealInterceptorChain.java:142)
08-04 12:49:50.113 28585 29512 E baseline.com.newsblur.network.APIResponse: 	at okhttp3.internal.connection.ConnectInterceptor.intercept(ConnectInterceptor.java:43)
08-04 12:49:50.113 28585 29512 E baseline.com.newsblur.network.APIResponse: 	at okhttp3.internal.http.RealInterceptorChain.proceed(RealInterceptorChain.java:142)
08-04 12:49:50.113 28585 29512 E baseline.com.newsblur.network.APIResponse: 	at okhttp3.internal.http.RealInterceptorChain.proceed(RealInterceptorChain.java:117)
08-04 12:49:50.113 28585 29512 E baseline.com.newsblur.network.APIResponse: 	at okhttp3.internal.cache.CacheInterceptor.intercept(CacheInterceptor.java:94)
08-04 12:49:50.113 28585 29512 E baseline.com.newsblur.network.APIResponse: 	at okhttp3.internal.http.RealInterceptorChain.proceed(RealInterceptorChain.java:142)
08-04 12:49:50.113 28585 29512 E baseline.com.newsblur.network.APIResponse: 	at okhttp3.internal.http.RealInterceptorChain.proceed(RealInterceptorChain.java:117)
08-04 12:49:50.113 28585 29512 E baseline.com.newsblur.network.APIResponse: 	at okhttp3.internal.http.BridgeInterceptor.intercept(BridgeInterceptor.java:93)
08-04 12:49:50.113 28585 29512 E baseline.com.newsblur.network.APIResponse: 	at okhttp3.internal.http.RealInterceptorChain.proceed(RealInterceptorChain.java:142)
08-04 12:49:50.113 28585 29512 E baseline.com.newsblur.network.APIResponse: 	at okhttp3.internal.http.RetryAndFollowUpInterceptor.intercept(RetryAndFollowUpInterceptor.java:88)
08-04 12:49:50.113 28585 29512 E baseline.com.newsblur.network.APIResponse: 	at okhttp3.internal.http.RealInterceptorChain.proceed(RealInterceptorChain.java:142)
08-04 12:49:50.113 28585 29512 E baseline.com.newsblur.network.APIResponse: 	at okhttp3.internal.http.RealInterceptorChain.proceed(RealInterceptorChain.java:117)
08-04 12:49:50.113 28585 29512 E baseline.com.newsblur.network.APIResponse: 	at okhttp3.RealCall.getResponseWithInterceptorChain(RealCall.java:229)
08-04 12:49:50.113 28585 29512 E baseline.com.newsblur.network.APIResponse: 	at okhttp3.RealCall.execute(RealCall.java:81)
08-04 12:49:50.113 28585 29512 E baseline.com.newsblur.network.APIResponse: 	at baseline.com.newsblur.network.APIResponse.<init>(APIResponse.java:57)
08-04 12:49:50.113 28585 29512 E baseline.com.newsblur.network.APIResponse: 	at baseline.com.newsblur.network.APIResponse.<init>(APIResponse.java:43)
08-04 12:49:50.113 28585 29512 E baseline.com.newsblur.network.APIResponse: 	at baseline.com.newsblur.network.APIManager.post_single(APIManager.java:702)
08-04 12:49:50.113 28585 29512 E baseline.com.newsblur.network.APIResponse: 	at baseline.com.newsblur.network.APIManager.post(APIManager.java:675)
08-04 12:49:50.113 28585 29512 E baseline.com.newsblur.network.APIResponse: 	at baseline.com.newsblur.network.APIManager.post(APIManager.java:714)
08-04 12:49:50.113 28585 29512 E baseline.com.newsblur.network.APIResponse: 	at baseline.com.newsblur.network.APIManager.markStoryAsRead(APIManager.java:205)
08-04 12:49:50.113 28585 29512 E baseline.com.newsblur.network.APIResponse: 	at baseline.com.newsblur.util.ReadingAction.doRemote(ReadingAction.java:281)
08-04 12:49:50.113 28585 29512 E baseline.com.newsblur.network.APIResponse: 	at baseline.com.newsblur.service.NBSyncService.syncActions(NBSyncService.java:400)
08-04 12:49:50.113 28585 29512 E baseline.com.newsblur.network.APIResponse: 	at baseline.com.newsblur.service.NBSyncService.doSync(NBSyncService.java:298)
08-04 12:49:50.113 28585 29512 E baseline.com.newsblur.network.APIResponse: 	at baseline.com.newsblur.service.NBSyncService.access$100(NBSyncService.java:67)
08-04 12:49:50.113 28585 29512 E baseline.com.newsblur.network.APIResponse: 	at baseline.com.newsblur.service.NBSyncService$1.run(NBSyncService.java:188)
08-04 12:49:50.113 28585 29512 E baseline.com.newsblur.network.APIResponse: 	at java.util.concurrent.ThreadPoolExecutor.runWorker(ThreadPoolExecutor.java:1113)
08-04 12:49:50.113 28585 29512 E baseline.com.newsblur.network.APIResponse: 	at java.util.concurrent.ThreadPoolExecutor$Worker.run(ThreadPoolExecutor.java:588)
08-04 12:49:50.113 28585 29512 E baseline.com.newsblur.network.APIResponse: 	at java.lang.Thread.run(Thread.java:818)
08-04 12:49:50.113 28585 29512 E baseline.com.newsblur.network.APIResponse: Caused by: java.io.EOFException: \n not found: limit=0 content=
08-04 12:49:50.113 28585 29512 E baseline.com.newsblur.network.APIResponse: 	at okio.RealBufferedSource.readUtf8LineStrict(RealBufferedSource.java:240)
08-04 12:49:50.113 28585 29512 E baseline.com.newsblur.network.APIResponse: 	at okhttp3.internal.http1.Http1ExchangeCodec.readHeaderLine(Http1ExchangeCodec.java:242)
08-04 12:49:50.113 28585 29512 E baseline.com.newsblur.network.APIResponse: 	at okhttp3.internal.http1.Http1ExchangeCodec.readResponseHeaders(Http1ExchangeCodec.java:213)
08-04 12:49:50.113 28585 29512 E baseline.com.newsblur.network.APIResponse: 	... 30 more
08-04 12:49:50.115 28585 29512 I baseline.com.newsblur.service.NBSyncService: Holding reading action with server-side or network error.
08-04 12:49:50.129 28585 29512 W baseline.com.newsblur.service.NBSyncService: hard API failure
08-04 12:49:50.145 28585 28837 I art     : Explicit concurrent mark sweep GC freed 1144(240KB) AllocSpace objects, 4(80KB) LOS objects, 28% free, 41MB/57MB, paused 1.181ms total 42.842ms
08-04 12:49:50.156 28585 28837 I art     : Starting a blocking GC Explicit
08-04 12:49:50.199 28585 28837 I art     : Explicit concurrent mark sweep GC freed 215(22KB) AllocSpace objects, 0(0B) LOS objects, 28% free, 41MB/57MB, paused 1.221ms total 42.725ms
08-04 12:49:50.356 28163 28163 I ServiceManager: Waiting for service AtCmdFwd...
08-04 12:49:50.540 28585 29451 I art     : Starting a blocking GC Explicit
08-04 12:49:50.584 28585 29451 I art     : Explicit concurrent mark sweep GC freed 2956(142KB) AllocSpace objects, 1(20KB) LOS objects, 28% free, 41MB/57MB, paused 1.192ms total 43.526ms
08-04 12:49:50.595 28585 29451 I art     : Starting a blocking GC Explicit
08-04 12:49:50.620 28585 29512 E baseline.com.newsblur.network.APIResponse: Error (unexpected end of stream on https://www.newsblur.com/...) calling https://www.newsblur.com/reader/mark_story_hashes_as_read/
08-04 12:49:50.620 28585 29512 E baseline.com.newsblur.network.APIResponse: java.io.IOException: unexpected end of stream on https://www.newsblur.com/...
08-04 12:49:50.620 28585 29512 E baseline.com.newsblur.network.APIResponse: 	at okhttp3.internal.http1.Http1ExchangeCodec.readResponseHeaders(Http1ExchangeCodec.java:236)
08-04 12:49:50.620 28585 29512 E baseline.com.newsblur.network.APIResponse: 	at okhttp3.internal.connection.Exchange.readResponseHeaders(Exchange.java:115)
08-04 12:49:50.620 28585 29512 E baseline.com.newsblur.network.APIResponse: 	at okhttp3.internal.http.CallServerInterceptor.intercept(CallServerInterceptor.java:94)
08-04 12:49:50.620 28585 29512 E baseline.com.newsblur.network.APIResponse: 	at okhttp3.internal.http.RealInterceptorChain.proceed(RealInterceptorChain.java:142)
08-04 12:49:50.620 28585 29512 E baseline.com.newsblur.network.APIResponse: 	at okhttp3.internal.connection.ConnectInterceptor.intercept(ConnectInterceptor.java:43)
08-04 12:49:50.620 28585 29512 E baseline.com.newsblur.network.APIResponse: 	at okhttp3.internal.http.RealInterceptorChain.proceed(RealInterceptorChain.java:142)
08-04 12:49:50.620 28585 29512 E baseline.com.newsblur.network.APIResponse: 	at okhttp3.internal.http.RealInterceptorChain.proceed(RealInterceptorChain.java:117)
08-04 12:49:50.620 28585 29512 E baseline.com.newsblur.network.APIResponse: 	at okhttp3.internal.cache.CacheInterceptor.intercept(CacheInterceptor.java:94)
08-04 12:49:50.620 28585 29512 E baseline.com.newsblur.network.APIResponse: 	at okhttp3.internal.http.RealInterceptorChain.proceed(RealInterceptorChain.java:142)
08-04 12:49:50.620 28585 29512 E baseline.com.newsblur.network.APIResponse: 	at okhttp3.internal.http.RealInterceptorChain.proceed(RealInterceptorChain.java:117)
08-04 12:49:50.620 28585 29512 E baseline.com.newsblur.network.APIResponse: 	at okhttp3.internal.http.BridgeInterceptor.intercept(BridgeInterceptor.java:93)
08-04 12:49:50.620 28585 29512 E baseline.com.newsblur.network.APIResponse: 	at okhttp3.internal.http.RealInterceptorChain.proceed(RealInterceptorChain.java:142)
08-04 12:49:50.620 28585 29512 E baseline.com.newsblur.network.APIResponse: 	at okhttp3.internal.http.RetryAndFollowUpInterceptor.intercept(RetryAndFollowUpInterceptor.java:88)
08-04 12:49:50.620 28585 29512 E baseline.com.newsblur.network.APIResponse: 	at okhttp3.internal.http.RealInterceptorChain.proceed(RealInterceptorChain.java:142)
08-04 12:49:50.620 28585 29512 E baseline.com.newsblur.network.APIResponse: 	at okhttp3.internal.http.RealInterceptorChain.proceed(RealInterceptorChain.java:117)
08-04 12:49:50.620 28585 29512 E baseline.com.newsblur.network.APIResponse: 	at okhttp3.RealCall.getResponseWithInterceptorChain(RealCall.java:229)
08-04 12:49:50.620 28585 29512 E baseline.com.newsblur.network.APIResponse: 	at okhttp3.RealCall.execute(RealCall.java:81)
08-04 12:49:50.620 28585 29512 E baseline.com.newsblur.network.APIResponse: 	at baseline.com.newsblur.network.APIResponse.<init>(APIResponse.java:57)
08-04 12:49:50.620 28585 29512 E baseline.com.newsblur.network.APIResponse: 	at baseline.com.newsblur.network.APIResponse.<init>(APIResponse.java:43)
08-04 12:49:50.620 28585 29512 E baseline.com.newsblur.network.APIResponse: 	at baseline.com.newsblur.network.APIManager.post_single(APIManager.java:702)
08-04 12:49:50.620 28585 29512 E baseline.com.newsblur.network.APIResponse: 	at baseline.com.newsblur.network.APIManager.post(APIManager.java:675)
08-04 12:49:50.620 28585 29512 E baseline.com.newsblur.network.APIResponse: 	at baseline.com.newsblur.network.APIManager.post(APIManager.java:714)
08-04 12:49:50.620 28585 29512 E baseline.com.newsblur.network.APIResponse: 	at baseline.com.newsblur.network.APIManager.markStoryAsRead(APIManager.java:205)
08-04 12:49:50.620 28585 29512 E baseline.com.newsblur.network.APIResponse: 	at baseline.com.newsblur.util.ReadingAction.doRemote(ReadingAction.java:281)
08-04 12:49:50.620 28585 29512 E baseline.com.newsblur.network.APIResponse: 	at baseline.com.newsblur.service.NBSyncService.syncActions(NBSyncService.java:400)
08-04 12:49:50.620 28585 29512 E baseline.com.newsblur.network.APIResponse: 	at baseline.com.newsblur.service.NBSyncService.doSync(NBSyncService.java:298)
08-04 12:49:50.620 28585 29512 E baseline.com.newsblur.network.APIResponse: 	at baseline.com.newsblur.service.NBSyncService.access$100(NBSyncService.java:67)
08-04 12:49:50.620 28585 29512 E baseline.com.newsblur.network.APIResponse: 	at baseline.com.newsblur.service.NBSyncService$1.run(NBSyncService.java:188)
08-04 12:49:50.620 28585 29512 E baseline.com.newsblur.network.APIResponse: 	at java.util.concurrent.ThreadPoolExecutor.runWorker(ThreadPoolExecutor.java:1113)
08-04 12:49:50.620 28585 29512 E baseline.com.newsblur.network.APIResponse: 	at java.util.concurrent.ThreadPoolExecutor$Worker.run(ThreadPoolExecutor.java:588)
08-04 12:49:50.620 28585 29512 E baseline.com.newsblur.network.APIResponse: 	at java.lang.Thread.run(Thread.java:818)
08-04 12:49:50.620 28585 29512 E baseline.com.newsblur.network.APIResponse: Caused by: java.io.EOFException: \n not found: limit=0 content=
08-04 12:49:50.620 28585 29512 E baseline.com.newsblur.network.APIResponse: 	at okio.RealBufferedSource.readUtf8LineStrict(RealBufferedSource.java:240)
08-04 12:49:50.620 28585 29512 E baseline.com.newsblur.network.APIResponse: 	at okhttp3.internal.http1.Http1ExchangeCodec.readHeaderLine(Http1ExchangeCodec.java:242)
08-04 12:49:50.620 28585 29512 E baseline.com.newsblur.network.APIResponse: 	at okhttp3.internal.http1.Http1ExchangeCodec.readResponseHeaders(Http1ExchangeCodec.java:213)
08-04 12:49:50.620 28585 29512 E baseline.com.newsblur.network.APIResponse: 	... 30 more
08-04 12:49:50.622 28585 29512 I baseline.com.newsblur.network.APIManager: API call failed, pausing before retry number 1
08-04 12:49:50.637 28585 29451 I art     : Explicit concurrent mark sweep GC freed 1000(202KB) AllocSpace objects, 2(40KB) LOS objects, 28% free, 41MB/57MB, paused 1.094ms total 42.468ms
08-04 12:49:50.648 28585 29451 I art     : Starting a blocking GC Explicit
08-04 12:49:50.692 28585 29451 I art     : Explicit concurrent mark sweep GC freed 121(16KB) AllocSpace objects, 0(0B) LOS objects, 28% free, 41MB/57MB, paused 1.118ms total 43.537ms
08-04 12:49:50.703 28585 29451 I art     : Starting a blocking GC Explicit
08-04 12:49:50.748 28585 29451 I art     : Explicit concurrent mark sweep GC freed 25(832B) AllocSpace objects, 0(0B) LOS objects, 28% free, 41MB/57MB, paused 1.181ms total 44.360ms
08-04 12:49:50.759 28585 29451 I art     : Starting a blocking GC Explicit
08-04 12:49:50.802 28585 29451 I art     : Explicit concurrent mark sweep GC freed 3(96B) AllocSpace objects, 0(0B) LOS objects, 28% free, 41MB/57MB, paused 1.101ms total 42.914ms
08-04 12:49:51.169 28585 28598 I art     : Starting a blocking GC Explicit
08-04 12:49:51.215 28585 28598 I art     : Explicit concurrent mark sweep GC freed 1443(83KB) AllocSpace objects, 1(20KB) LOS objects, 28% free, 41MB/57MB, paused 1.126ms total 45.252ms
08-04 12:49:51.226 28585 28598 I art     : Starting a blocking GC Explicit
08-04 12:49:51.270 28585 28598 I art     : Explicit concurrent mark sweep GC freed 22(784B) AllocSpace objects, 0(0B) LOS objects, 28% free, 41MB/57MB, paused 1.115ms total 43.479ms
08-04 12:49:51.281 28585 28598 I art     : Starting a blocking GC Explicit
08-04 12:49:51.326 28585 28598 I art     : Explicit concurrent mark sweep GC freed 3(96B) AllocSpace objects, 0(0B) LOS objects, 28% free, 41MB/57MB, paused 1.133ms total 45.252ms
08-04 12:49:51.338 28585 28598 I art     : Starting a blocking GC Explicit
08-04 12:49:51.356 28163 28163 I ServiceManager: Waiting for service AtCmdFwd...
08-04 12:49:51.380 28585 28598 I art     : Explicit concurrent mark sweep GC freed 3(96B) AllocSpace objects, 0(0B) LOS objects, 28% free, 41MB/57MB, paused 1.077ms total 42.531ms
08-04 12:49:51.391 28585 28598 I art     : Starting a blocking GC Explicit
08-04 12:49:51.435 28585 28598 I art     : Explicit concurrent mark sweep GC freed 3(96B) AllocSpace objects, 0(0B) LOS objects, 28% free, 41MB/57MB, paused 1.118ms total 43.397ms
08-04 12:49:51.802 28585 28597 I art     : Starting a blocking GC Explicit
08-04 12:49:51.847 28585 28597 I art     : Explicit concurrent mark sweep GC freed 1443(83KB) AllocSpace objects, 1(20KB) LOS objects, 28% free, 41MB/57MB, paused 1.110ms total 45.018ms
08-04 12:49:51.861 28585 28597 I art     : Starting a blocking GC Explicit
08-04 12:49:51.903 28585 28597 I art     : Explicit concurrent mark sweep GC freed 22(784B) AllocSpace objects, 0(0B) LOS objects, 28% free, 41MB/57MB, paused 1.125ms total 41.614ms
08-04 12:49:51.913 28585 28597 I art     : Starting a blocking GC Explicit
08-04 12:49:51.955 28585 28597 I art     : Explicit concurrent mark sweep GC freed 3(96B) AllocSpace objects, 0(0B) LOS objects, 28% free, 41MB/57MB, paused 1.081ms total 41.306ms
08-04 12:49:51.966 28585 28597 I art     : Starting a blocking GC Explicit
08-04 12:49:52.007 28585 28597 I art     : Explicit concurrent mark sweep GC freed 3(96B) AllocSpace objects, 0(0B) LOS objects, 28% free, 41MB/57MB, paused 1.143ms total 41.310ms
08-04 12:49:52.018 28585 28597 I art     : Starting a blocking GC Explicit
08-04 12:49:52.059 28585 28597 I art     : Explicit concurrent mark sweep GC freed 3(96B) AllocSpace objects, 0(0B) LOS objects, 28% free, 41MB/57MB, paused 1.231ms total 41.444ms
08-04 12:49:52.340 30526 30526 D AndroidRuntime: >>>>>> START com.android.internal.os.RuntimeInit uid 2000 <<<<<<
08-04 12:49:52.345 30526 30526 D AndroidRuntime: CheckJNI is OFF
08-04 12:49:52.357 28163 28163 I ServiceManager: Waiting for service AtCmdFwd...
08-04 12:49:52.378 30526 30526 D ICU     : No timezone override file found: /data/misc/zoneinfo/current/icu/icu_tzdata.dat
08-04 12:49:52.396 28585 28837 I art     : Starting a blocking GC Explicit
08-04 12:49:52.411 30526 30526 I Radio-JNI: register_android_hardware_Radio DONE
08-04 12:49:52.434 30526 30526 D AndroidRuntime: Calling main entry com.android.commands.input.Input
08-04 12:49:52.436 30526 30526 I Input   : injectKeyEvent: KeyEvent { action=ACTION_DOWN, keyCode=KEYCODE_BACK, scanCode=0, metaState=0, flags=0x0, repeatCount=0, eventTime=708608849, downTime=708608849, deviceId=-1, source=0x101 }
08-04 12:49:52.444 28585 28837 I art     : Explicit concurrent mark sweep GC freed 1608(91KB) AllocSpace objects, 1(20KB) LOS objects, 28% free, 41MB/57MB, paused 4.399ms total 47.395ms
08-04 12:49:52.445 30526 30526 I Input   : injectKeyEvent: KeyEvent { action=ACTION_UP, keyCode=KEYCODE_BACK, scanCode=0, metaState=0, flags=0x0, repeatCount=0, eventTime=708608849, downTime=708608849, deviceId=-1, source=0x101 }
08-04 12:49:52.451 30526 30526 D AndroidRuntime: Shutting down VM
08-04 12:49:52.458 28585 28837 I art     : Starting a blocking GC Explicit
08-04 12:49:52.463 28585 28585 D baseline.com.newsblur.service.NBSyncService: rejecting request for feedset that is exhaused
08-04 12:49:52.496 28585 28837 I art     : Explicit concurrent mark sweep GC freed 254(39KB) AllocSpace objects, 2(40KB) LOS objects, 28% free, 41MB/57MB, paused 1.138ms total 38.204ms
08-04 12:49:52.497 28585 28596 I art     : WaitForGcToComplete blocked for 30.922ms for cause HeapTrim
08-04 12:49:52.506 28585 28837 I art     : Starting a blocking GC Explicit
08-04 12:49:52.547 28585 28837 I art     : Explicit concurrent mark sweep GC freed 36(1344B) AllocSpace objects, 0(0B) LOS objects, 28% free, 41MB/57MB, paused 1.166ms total 40.526ms
08-04 12:49:52.557 28585 28837 I art     : Starting a blocking GC Explicit
08-04 12:49:52.595 28585 28585 D baseline.com.newsblur.service.NBSyncService: rejecting request for feedset that is exhaused
08-04 12:49:52.601 28585 28837 I art     : Explicit concurrent mark sweep GC freed 765(69KB) AllocSpace objects, 2(40KB) LOS objects, 28% free, 41MB/57MB, paused 1.717ms total 42.304ms
08-04 12:49:52.613 28585 28837 I art     : Starting a blocking GC Explicit
08-04 12:49:52.644 13866 13866 I GoogleInputMethodServic: GoogleInputMethodService.onFinishInput():3138 
08-04 12:49:52.645 13866 13866 I GoogleInputMethodServic: GoogleInputMethodService.onStartInput():1808 
08-04 12:49:52.652 28585 28837 I art     : Explicit concurrent mark sweep GC freed 2146(102KB) AllocSpace objects, 0(0B) LOS objects, 28% free, 41MB/57MB, paused 1.124ms total 37.567ms
08-04 12:49:52.655 28585 29512 E baseline.com.newsblur.network.APIResponse: Error (unexpected end of stream on https://www.newsblur.com/...) calling https://www.newsblur.com/reader/mark_story_hashes_as_read/
08-04 12:49:52.655 28585 29512 E baseline.com.newsblur.network.APIResponse: java.io.IOException: unexpected end of stream on https://www.newsblur.com/...
08-04 12:49:52.655 28585 29512 E baseline.com.newsblur.network.APIResponse: 	at okhttp3.internal.http1.Http1ExchangeCodec.readResponseHeaders(Http1ExchangeCodec.java:236)
08-04 12:49:52.655 28585 29512 E baseline.com.newsblur.network.APIResponse: 	at okhttp3.internal.connection.Exchange.readResponseHeaders(Exchange.java:115)
08-04 12:49:52.655 28585 29512 E baseline.com.newsblur.network.APIResponse: 	at okhttp3.internal.http.CallServerInterceptor.intercept(CallServerInterceptor.java:94)
08-04 12:49:52.655 28585 29512 E baseline.com.newsblur.network.APIResponse: 	at okhttp3.internal.http.RealInterceptorChain.proceed(RealInterceptorChain.java:142)
08-04 12:49:52.655 28585 29512 E baseline.com.newsblur.network.APIResponse: 	at okhttp3.internal.connection.ConnectInterceptor.intercept(ConnectInterceptor.java:43)
08-04 12:49:52.655 28585 29512 E baseline.com.newsblur.network.APIResponse: 	at okhttp3.internal.http.RealInterceptorChain.proceed(RealInterceptorChain.java:142)
08-04 12:49:52.655 28585 29512 E baseline.com.newsblur.network.APIResponse: 	at okhttp3.internal.http.RealInterceptorChain.proceed(RealInterceptorChain.java:117)
08-04 12:49:52.655 28585 29512 E baseline.com.newsblur.network.APIResponse: 	at okhttp3.internal.cache.CacheInterceptor.intercept(CacheInterceptor.java:94)
08-04 12:49:52.655 28585 29512 E baseline.com.newsblur.network.APIResponse: 	at okhttp3.internal.http.RealInterceptorChain.proceed(RealInterceptorChain.java:142)
08-04 12:49:52.655 28585 29512 E baseline.com.newsblur.network.APIResponse: 	at okhttp3.internal.http.RealInterceptorChain.proceed(RealInterceptorChain.java:117)
08-04 12:49:52.655 28585 29512 E baseline.com.newsblur.network.APIResponse: 	at okhttp3.internal.http.BridgeInterceptor.intercept(BridgeInterceptor.java:93)
08-04 12:49:52.655 28585 29512 E baseline.com.newsblur.network.APIResponse: 	at okhttp3.internal.http.RealInterceptorChain.proceed(RealInterceptorChain.java:142)
08-04 12:49:52.655 28585 29512 E baseline.com.newsblur.network.APIResponse: 	at okhttp3.internal.http.RetryAndFollowUpInterceptor.intercept(RetryAndFollowUpInterceptor.java:88)
08-04 12:49:52.655 28585 29512 E baseline.com.newsblur.network.APIResponse: 	at okhttp3.internal.http.RealInterceptorChain.proceed(RealInterceptorChain.java:142)
08-04 12:49:52.655 28585 29512 E baseline.com.newsblur.network.APIResponse: 	at okhttp3.internal.http.RealInterceptorChain.proceed(RealInterceptorChain.java:117)
08-04 12:49:52.655 28585 29512 E baseline.com.newsblur.network.APIResponse: 	at okhttp3.RealCall.getResponseWithInterceptorChain(RealCall.java:229)
08-04 12:49:52.655 28585 29512 E baseline.com.newsblur.network.APIResponse: 	at okhttp3.RealCall.execute(RealCall.java:81)
08-04 12:49:52.655 28585 29512 E baseline.com.newsblur.network.APIResponse: 	at baseline.com.newsblur.network.APIResponse.<init>(APIResponse.java:57)
08-04 12:49:52.655 28585 29512 E baseline.com.newsblur.network.APIResponse: 	at baseline.com.newsblur.network.APIResponse.<init>(APIResponse.java:43)
08-04 12:49:52.655 28585 29512 E baseline.com.newsblur.network.APIResponse: 	at baseline.com.newsblur.network.APIManager.post_single(APIManager.java:702)
08-04 12:49:52.655 28585 29512 E baseline.com.newsblur.network.APIResponse: 	at baseline.com.newsblur.network.APIManager.post(APIManager.java:675)
08-04 12:49:52.655 28585 29512 E baseline.com.newsblur.network.APIResponse: 	at baseline.com.newsblur.network.APIManager.post(APIManager.java:714)
08-04 12:49:52.655 28585 29512 E baseline.com.newsblur.network.APIResponse: 	at baseline.com.newsblur.network.APIManager.markStoryAsRead(APIManager.java:205)
08-04 12:49:52.655 28585 29512 E baseline.com.newsblur.network.APIResponse: 	at baseline.com.newsblur.util.ReadingAction.doRemote(ReadingAction.java:281)
08-04 12:49:52.655 28585 29512 E baseline.com.newsblur.network.APIResponse: 	at baseline.com.newsblur.service.NBSyncService.syncActions(NBSyncService.java:400)
08-04 12:49:52.655 28585 29512 E baseline.com.newsblur.network.APIResponse: 	at baseline.com.newsblur.service.NBSyncService.doSync(NBSyncService.java:298)
08-04 12:49:52.655 28585 29512 E baseline.com.newsblur.network.APIResponse: 	at baseline.com.newsblur.service.NBSyncService.access$100(NBSyncService.java:67)
08-04 12:49:52.655 28585 29512 E baseline.com.newsblur.network.APIResponse: 	at baseline.com.newsblur.service.NBSyncService$1.run(NBSyncService.java:188)
08-04 12:49:52.655 28585 29512 E baseline.com.newsblur.network.APIResponse: 	at java.util.concurrent.ThreadPoolExecutor.runWorker(ThreadPoolExecutor.java:1113)
08-04 12:49:52.655 28585 29512 E baseline.com.newsblur.network.APIResponse: 	at java.util.concurrent.ThreadPoolExecutor$Worker.run(ThreadPoolExecutor.java:588)
08-04 12:49:52.655 28585 29512 E baseline.com.newsblur.network.APIResponse: 	at java.lang.Thread.run(Thread.java:818)
08-04 12:49:52.655 28585 29512 E baseline.com.newsblur.network.APIResponse: Caused by: java.io.EOFException: \n not found: limit=0 content=
08-04 12:49:52.655 28585 29512 E baseline.com.newsblur.network.APIResponse: 	at okio.RealBufferedSource.readUtf8LineStrict(RealBufferedSource.java:240)
08-04 12:49:52.655 28585 29512 E baseline.com.newsblur.network.APIResponse: 	at okhttp3.internal.http1.Http1ExchangeCodec.readHeaderLine(Http1ExchangeCodec.java:242)
08-04 12:49:52.655 28585 29512 E baseline.com.newsblur.network.APIResponse: 	at okhttp3.internal.http1.Http1ExchangeCodec.readResponseHeaders(Http1ExchangeCodec.java:213)
08-04 12:49:52.655 28585 29512 E baseline.com.newsblur.network.APIResponse: 	... 30 more
08-04 12:49:52.656 28585 29512 I baseline.com.newsblur.network.APIManager: API call failed, pausing before retry number 2
08-04 12:49:52.981 28585 29451 I art     : Starting a blocking GC Explicit
08-04 12:49:53.020 28585 29451 I art     : Explicit concurrent mark sweep GC freed 3995(390KB) AllocSpace objects, 4(88KB) LOS objects, 28% free, 40MB/56MB, paused 1.083ms total 38.908ms
08-04 12:49:53.030 28585 29451 I art     : Starting a blocking GC Explicit
08-04 12:49:53.067 28585 29451 I art     : Explicit concurrent mark sweep GC freed 202(9KB) AllocSpace objects, 0(0B) LOS objects, 28% free, 40MB/56MB, paused 1.163ms total 37.369ms
08-04 12:49:53.077 28585 29451 I art     : Starting a blocking GC Explicit
08-04 12:49:53.115 28585 29451 I art     : Explicit concurrent mark sweep GC freed 9(288B) AllocSpace objects, 0(0B) LOS objects, 28% free, 40MB/56MB, paused 1.049ms total 37.178ms
08-04 12:49:53.125 28585 29451 I art     : Starting a blocking GC Explicit
08-04 12:49:53.164 28585 29451 I art     : Explicit concurrent mark sweep GC freed 9(288B) AllocSpace objects, 0(0B) LOS objects, 28% free, 40MB/56MB, paused 1.072ms total 39.125ms
08-04 12:49:53.174 28585 29451 I art     : Starting a blocking GC Explicit
08-04 12:49:53.213 28585 29451 I art     : Explicit concurrent mark sweep GC freed 9(288B) AllocSpace objects, 0(0B) LOS objects, 28% free, 40MB/56MB, paused 964us total 38.803ms
08-04 12:49:53.357 28163 28163 W Atfwd_Sendcmd: AtCmdFwd service not published, waiting... retryCnt : 5
08-04 12:49:53.552 28585 29451 I art     : Starting a blocking GC Explicit
08-04 12:49:53.601 28585 29451 I art     : Explicit concurrent mark sweep GC freed 1490(84KB) AllocSpace objects, 1(20KB) LOS objects, 28% free, 40MB/56MB, paused 1.138ms total 48.480ms
08-04 12:49:53.612 28585 29451 I art     : Starting a blocking GC Explicit
08-04 12:49:53.658 28585 29451 I art     : Explicit concurrent mark sweep GC freed 30(1040B) AllocSpace objects, 0(0B) LOS objects, 28% free, 40MB/56MB, paused 1.177ms total 45.768ms
08-04 12:49:53.671 28585 29451 I art     : Starting a blocking GC Explicit
08-04 12:49:53.715 28585 29451 I art     : Explicit concurrent mark sweep GC freed 9(288B) AllocSpace objects, 0(0B) LOS objects, 28% free, 40MB/56MB, paused 1.038ms total 43.101ms
08-04 12:49:53.725 28585 29451 I art     : Starting a blocking GC Explicit
08-04 12:49:53.764 28585 29451 I art     : Explicit concurrent mark sweep GC freed 9(288B) AllocSpace objects, 0(0B) LOS objects, 28% free, 40MB/56MB, paused 1.044ms total 39.540ms
08-04 12:49:53.774 28585 29451 I art     : Starting a blocking GC Explicit
08-04 12:49:53.815 28585 29451 I art     : Explicit concurrent mark sweep GC freed 9(288B) AllocSpace objects, 0(0B) LOS objects, 28% free, 40MB/56MB, paused 1.031ms total 40.177ms
08-04 12:49:54.099 30570 30570 D AndroidRuntime: >>>>>> START com.android.internal.os.RuntimeInit uid 2000 <<<<<<
08-04 12:49:54.104 30570 30570 D AndroidRuntime: CheckJNI is OFF
08-04 12:49:54.135 30570 30570 D ICU     : No timezone override file found: /data/misc/zoneinfo/current/icu/icu_tzdata.dat
08-04 12:49:54.137 28585 28837 I art     : Starting a blocking GC Explicit
08-04 12:49:54.168 30570 30570 I Radio-JNI: register_android_hardware_Radio DONE
08-04 12:49:54.179 28585 28837 I art     : Explicit concurrent mark sweep GC freed 1472(83KB) AllocSpace objects, 1(20KB) LOS objects, 28% free, 40MB/56MB, paused 1.282ms total 42.574ms
08-04 12:49:54.191 28585 28837 I art     : Starting a blocking GC Explicit
08-04 12:49:54.191 30570 30570 D AndroidRuntime: Calling main entry com.android.commands.input.Input
08-04 12:49:54.193 30570 30570 I Input   : injectMotionEvent: MotionEvent { action=ACTION_DOWN, actionButton=0, id[0]=0, x[0]=435.0, y[0]=858.0, toolType[0]=TOOL_TYPE_UNKNOWN, buttonState=0, metaState=0, flags=0x0, edgeFlags=0x0, pointerCount=1, historySize=0, eventTime=708610605, downTime=708610605, deviceId=0, source=0x1002 }
08-04 12:49:54.201 30570 30570 I Input   : injectMotionEvent: MotionEvent { action=ACTION_UP, actionButton=0, id[0]=0, x[0]=435.0, y[0]=858.0, toolType[0]=TOOL_TYPE_UNKNOWN, buttonState=0, metaState=0, flags=0x0, edgeFlags=0x0, pointerCount=1, historySize=0, eventTime=708610605, downTime=708610605, deviceId=0, source=0x1002 }
08-04 12:49:54.203 30570 30570 D AndroidRuntime: Shutting down VM
08-04 12:49:54.208   512  2967 D audio_hw_primary: out_set_parameters: enter: usecase(1: low-latency-playback) kvpairs: routing=2
08-04 12:49:54.209   918  4413 I ActivityManager: START u0 {cmp=baseline.com.newsblur/.activity.AllSharedStoriesReading (has extras)} from uid 10652 on display 0
08-04 12:49:54.221   512  2967 D audio_hw_primary: select_devices: out_snd_device(2: speaker) in_snd_device(0: none)
08-04 12:49:54.221   512  2967 D msm8974_platform: platform_send_audio_calibration: sending audio calibration for snd_device(2) acdb_id(15)
08-04 12:49:54.221   512  2967 I soundtrigger: audio_extn_sound_trigger_update_device_status: device 0x2 of type 0 for Event 1
08-04 12:49:54.231   512  2967 D audio_hw_primary: enable_snd_device: snd_device(2: speaker)
08-04 12:49:54.233 28585 28837 I art     : Explicit concurrent mark sweep GC freed 731(103KB) AllocSpace objects, 2(40KB) LOS objects, 28% free, 41MB/57MB, paused 1.414ms total 41.890ms
08-04 12:49:54.233   512  2967 D audio_hw_primary: enable_audio_route: apply and update mixer path: low-latency-playback speaker
08-04 12:49:54.243 28585 28837 I art     : Starting a blocking GC Explicit
08-04 12:49:54.283 28585 28837 I art     : Explicit concurrent mark sweep GC freed 1054(83KB) AllocSpace objects, 1(112KB) LOS objects, 27% free, 41MB/57MB, paused 1.136ms total 39.510ms
08-04 12:49:54.293 28585 28837 I art     : Starting a blocking GC Explicit
08-04 12:49:54.335 28585 28837 I art     : Explicit concurrent mark sweep GC freed 227(11KB) AllocSpace objects, 1(356KB) LOS objects, 28% free, 41MB/57MB, paused 1.179ms total 42.445ms
08-04 12:49:54.346 28585 28837 I art     : Starting a blocking GC Explicit
08-04 12:49:54.390 28585 28837 I art     : Explicit concurrent mark sweep GC freed 197(28KB) AllocSpace objects, 1(20KB) LOS objects, 28% free, 41MB/57MB, paused 1.140ms total 43.926ms
08-04 12:49:54.417   918   936 I ActivityManager: Displayed baseline.com.newsblur/.activity.AllSharedStoriesReading: +198ms
08-04 12:49:54.417 13866 13866 I GoogleInputMethodServic: GoogleInputMethodService.onFinishInput():3138 
08-04 12:49:54.418 13866 13866 I GoogleInputMethodServic: GoogleInputMethodService.onStartInput():1808 
08-04 12:49:54.643 28585 29180 E chromium: [ERROR:tile_manager.cc(793)] WARNING: tile memory limits exceeded, some content may not draw
08-04 12:49:54.644 28585 29180 E chromium: [ERROR:tile_manager.cc(793)] WARNING: tile memory limits exceeded, some content may not draw
08-04 12:49:54.709 28585 28837 I art     : Starting a blocking GC Explicit
08-04 12:49:54.754 28585 28837 I art     : Explicit concurrent mark sweep GC freed 5148(417KB) AllocSpace objects, 14(316KB) LOS objects, 27% free, 41MB/57MB, paused 1.155ms total 45.285ms
08-04 12:49:54.767 28585 28837 I art     : Starting a blocking GC Explicit
08-04 12:49:54.778   512  2967 D audio_hw_primary: disable_audio_route: reset and update mixer path: low-latency-playback speaker
08-04 12:49:54.779   512  2967 D audio_hw_primary: disable_snd_device: snd_device(2: speaker)
08-04 12:49:54.787   512  2967 I soundtrigger: audio_extn_sound_trigger_update_device_status: device 0x2 of type 0 for Event 0
08-04 12:49:54.813 28585 28837 I art     : Explicit concurrent mark sweep GC freed 1265(59KB) AllocSpace objects, 1(28KB) LOS objects, 27% free, 41MB/57MB, paused 1.306ms total 46.618ms
08-04 12:49:54.825 28585 28837 I art     : Starting a blocking GC Explicit
08-04 12:49:54.872 28585 28837 I art     : Explicit concurrent mark sweep GC freed 127(17KB) AllocSpace objects, 1(20KB) LOS objects, 27% free, 41MB/57MB, paused 1.192ms total 45.995ms
08-04 12:49:54.883 28585 28837 I art     : Starting a blocking GC Explicit
08-04 12:49:54.929 28585 28837 I art     : Explicit concurrent mark sweep GC freed 10(384B) AllocSpace objects, 0(0B) LOS objects, 27% free, 41MB/57MB, paused 1.151ms total 46.121ms
08-04 12:49:54.940 28585 28837 I art     : Starting a blocking GC Explicit
08-04 12:49:54.988 28585 28837 I art     : Explicit concurrent mark sweep GC freed 3(96B) AllocSpace objects, 0(0B) LOS objects, 27% free, 41MB/57MB, paused 1.211ms total 47.372ms
08-04 12:49:55.342 28585 28598 I art     : Starting a blocking GC Explicit
08-04 12:49:55.393 28585 28598 I art     : Explicit concurrent mark sweep GC freed 1445(83KB) AllocSpace objects, 1(20KB) LOS objects, 27% free, 41MB/57MB, paused 1.181ms total 50.041ms
08-04 12:49:55.406 28585 28598 I art     : Starting a blocking GC Explicit
08-04 12:49:55.453 28585 28598 I art     : Explicit concurrent mark sweep GC freed 22(784B) AllocSpace objects, 0(0B) LOS objects, 27% free, 41MB/57MB, paused 1.174ms total 47.354ms
08-04 12:49:55.465 28585 28598 I art     : Starting a blocking GC Explicit
08-04 12:49:55.512 28585 28598 I art     : Explicit concurrent mark sweep GC freed 3(96B) AllocSpace objects, 0(0B) LOS objects, 27% free, 41MB/57MB, paused 1.078ms total 47.222ms
08-04 12:49:55.523 28585 28598 I art     : Starting a blocking GC Explicit
08-04 12:49:55.571 28585 28598 I art     : Explicit concurrent mark sweep GC freed 3(96B) AllocSpace objects, 0(0B) LOS objects, 27% free, 41MB/57MB, paused 1.152ms total 47.176ms
08-04 12:49:55.582 28585 28598 I art     : Starting a blocking GC Explicit
08-04 12:49:55.630 28585 28598 I art     : Explicit concurrent mark sweep GC freed 3(96B) AllocSpace objects, 0(0B) LOS objects, 27% free, 41MB/57MB, paused 1.158ms total 47.441ms
08-04 12:49:55.695 28585 29180 E chromium: [ERROR:tile_manager.cc(793)] WARNING: tile memory limits exceeded, some content may not draw
08-04 12:49:55.695 28585 29180 E chromium: [ERROR:tile_manager.cc(793)] WARNING: tile memory limits exceeded, some content may not draw
08-04 12:49:55.714 28585 29180 E chromium: [ERROR:tile_manager.cc(793)] WARNING: tile memory limits exceeded, some content may not draw
08-04 12:49:55.715 28585 29180 E chromium: [ERROR:tile_manager.cc(793)] WARNING: tile memory limits exceeded, some content may not draw
08-04 12:49:55.726 28585 29180 E chromium: [ERROR:tile_manager.cc(793)] WARNING: tile memory limits exceeded, some content may not draw
08-04 12:49:55.727 28585 29180 E chromium: [ERROR:tile_manager.cc(793)] WARNING: tile memory limits exceeded, some content may not draw
08-04 12:49:55.818   518   646 I ThermalEngine: ACTION: GPU - Setting GPU[0] to 450000000
08-04 12:49:55.998 28585 28598 I art     : Starting a blocking GC Explicit
08-04 12:49:56.063 28585 28598 I art     : Explicit concurrent mark sweep GC freed 1731(95KB) AllocSpace objects, 1(20KB) LOS objects, 27% free, 41MB/57MB, paused 1.717ms total 64.302ms
08-04 12:49:56.078 28585 28598 I art     : Starting a blocking GC Explicit
08-04 12:49:56.140 28585 28598 I art     : Explicit concurrent mark sweep GC freed 1685(65KB) AllocSpace objects, 0(0B) LOS objects, 27% free, 41MB/57MB, paused 1.759ms total 62.202ms
08-04 12:49:56.156 28585 28598 I art     : Starting a blocking GC Explicit
08-04 12:49:56.159 28585 29512 E baseline.com.newsblur.network.APIResponse: Error (unexpected end of stream on https://www.newsblur.com/...) calling https://www.newsblur.com/reader/mark_story_hashes_as_read/
08-04 12:49:56.159 28585 29512 E baseline.com.newsblur.network.APIResponse: java.io.IOException: unexpected end of stream on https://www.newsblur.com/...
08-04 12:49:56.159 28585 29512 E baseline.com.newsblur.network.APIResponse: 	at okhttp3.internal.http1.Http1ExchangeCodec.readResponseHeaders(Http1ExchangeCodec.java:236)
08-04 12:49:56.159 28585 29512 E baseline.com.newsblur.network.APIResponse: 	at okhttp3.internal.connection.Exchange.readResponseHeaders(Exchange.java:115)
08-04 12:49:56.159 28585 29512 E baseline.com.newsblur.network.APIResponse: 	at okhttp3.internal.http.CallServerInterceptor.intercept(CallServerInterceptor.java:94)
08-04 12:49:56.159 28585 29512 E baseline.com.newsblur.network.APIResponse: 	at okhttp3.internal.http.RealInterceptorChain.proceed(RealInterceptorChain.java:142)
08-04 12:49:56.159 28585 29512 E baseline.com.newsblur.network.APIResponse: 	at okhttp3.internal.connection.ConnectInterceptor.intercept(ConnectInterceptor.java:43)
08-04 12:49:56.159 28585 29512 E baseline.com.newsblur.network.APIResponse: 	at okhttp3.internal.http.RealInterceptorChain.proceed(RealInterceptorChain.java:142)
08-04 12:49:56.159 28585 29512 E baseline.com.newsblur.network.APIResponse: 	at okhttp3.internal.http.RealInterceptorChain.proceed(RealInterceptorChain.java:117)
08-04 12:49:56.159 28585 29512 E baseline.com.newsblur.network.APIResponse: 	at okhttp3.internal.cache.CacheInterceptor.intercept(CacheInterceptor.java:94)
08-04 12:49:56.159 28585 29512 E baseline.com.newsblur.network.APIResponse: 	at okhttp3.internal.http.RealInterceptorChain.proceed(RealInterceptorChain.java:142)
08-04 12:49:56.159 28585 29512 E baseline.com.newsblur.network.APIResponse: 	at okhttp3.internal.http.RealInterceptorChain.proceed(RealInterceptorChain.java:117)
08-04 12:49:56.159 28585 29512 E baseline.com.newsblur.network.APIResponse: 	at okhttp3.internal.http.BridgeInterceptor.intercept(BridgeInterceptor.java:93)
08-04 12:49:56.159 28585 29512 E baseline.com.newsblur.network.APIResponse: 	at okhttp3.internal.http.RealInterceptorChain.proceed(RealInterceptorChain.java:142)
08-04 12:49:56.159 28585 29512 E baseline.com.newsblur.network.APIResponse: 	at okhttp3.internal.http.RetryAndFollowUpInterceptor.intercept(RetryAndFollowUpInterceptor.java:88)
08-04 12:49:56.159 28585 29512 E baseline.com.newsblur.network.APIResponse: 	at okhttp3.internal.http.RealInterceptorChain.proceed(RealInterceptorChain.java:142)
08-04 12:49:56.159 28585 29512 E baseline.com.newsblur.network.APIResponse: 	at okhttp3.internal.http.RealInterceptorChain.proceed(RealInterceptorChain.java:117)
08-04 12:49:56.159 28585 29512 E baseline.com.newsblur.network.APIResponse: 	at okhttp3.RealCall.getResponseWithInterceptorChain(RealCall.java:229)
08-04 12:49:56.159 28585 29512 E baseline.com.newsblur.network.APIResponse: 	at okhttp3.RealCall.execute(RealCall.java:81)
08-04 12:49:56.159 28585 29512 E baseline.com.newsblur.network.APIResponse: 	at baseline.com.newsblur.network.APIResponse.<init>(APIResponse.java:57)
08-04 12:49:56.159 28585 29512 E baseline.com.newsblur.network.APIResponse: 	at baseline.com.newsblur.network.APIResponse.<init>(APIResponse.java:43)
08-04 12:49:56.159 28585 29512 E baseline.com.newsblur.network.APIResponse: 	at baseline.com.newsblur.network.APIManager.post_single(APIManager.java:702)
08-04 12:49:56.159 28585 29512 E baseline.com.newsblur.network.APIResponse: 	at baseline.com.newsblur.network.APIManager.post(APIManager.java:675)
08-04 12:49:56.159 28585 29512 E baseline.com.newsblur.network.APIResponse: 	at baseline.com.newsblur.network.APIManager.post(APIManager.java:714)
08-04 12:49:56.159 28585 29512 E baseline.com.newsblur.network.APIResponse: 	at baseline.com.newsblur.network.APIManager.markStoryAsRead(APIManager.java:205)
08-04 12:49:56.159 28585 29512 E baseline.com.newsblur.network.APIResponse: 	at baseline.com.newsblur.util.ReadingAction.doRemote(ReadingAction.java:281)
08-04 12:49:56.159 28585 29512 E baseline.com.newsblur.network.APIResponse: 	at baseline.com.newsblur.service.NBSyncService.syncActions(NBSyncService.java:400)
08-04 12:49:56.159 28585 29512 E baseline.com.newsblur.network.APIResponse: 	at baseline.com.newsblur.service.NBSyncService.doSync(NBSyncService.java:298)
08-04 12:49:56.159 28585 29512 E baseline.com.newsblur.network.APIResponse: 	at baseline.com.newsblur.service.NBSyncService.access$100(NBSyncService.java:67)
08-04 12:49:56.159 28585 29512 E baseline.com.newsblur.network.APIResponse: 	at baseline.com.newsblur.service.NBSyncService$1.run(NBSyncService.java:188)
08-04 12:49:56.159 28585 29512 E baseline.com.newsblur.network.APIResponse: 	at java.util.concurrent.ThreadPoolExecutor.runWorker(ThreadPoolExecutor.java:1113)
08-04 12:49:56.159 28585 29512 E baseline.com.newsblur.network.APIResponse: 	at java.util.concurrent.ThreadPoolExecutor$Worker.run(ThreadPoolExecutor.java:588)
08-04 12:49:56.159 28585 29512 E baseline.com.newsblur.network.APIResponse: 	at java.lang.Thread.run(Thread.java:818)
08-04 12:49:56.159 28585 29512 E baseline.com.newsblur.network.APIResponse: Caused by: java.io.EOFException: \n not found: limit=0 content=
08-04 12:49:56.159 28585 29512 E baseline.com.newsblur.network.APIResponse: 	at okio.RealBufferedSource.readUtf8LineStrict(RealBufferedSource.java:240)
08-04 12:49:56.159 28585 29512 E baseline.com.newsblur.network.APIResponse: 	at okhttp3.internal.http1.Http1ExchangeCodec.readHeaderLine(Http1ExchangeCodec.java:242)
08-04 12:49:56.159 28585 29512 E baseline.com.newsblur.network.APIResponse: 	at okhttp3.internal.http1.Http1ExchangeCodec.readResponseHeaders(Http1ExchangeCodec.java:213)
08-04 12:49:56.159 28585 29512 E baseline.com.newsblur.network.APIResponse: 	... 30 more
08-04 12:49:56.162 28585 29512 I baseline.com.newsblur.service.NBSyncService: Holding reading action with server-side or network error.
08-04 12:49:56.174 28585 29512 W baseline.com.newsblur.service.NBSyncService: hard API failure
08-04 12:49:56.215 28585 28598 I art     : Explicit concurrent mark sweep GC freed 1545(389KB) AllocSpace objects, 16(320KB) LOS objects, 27% free, 41MB/57MB, paused 1.472ms total 59.122ms
08-04 12:49:56.229 28585 28598 I art     : Starting a blocking GC Explicit
08-04 12:49:56.292 28585 28598 I art     : Explicit concurrent mark sweep GC freed 586(47KB) AllocSpace objects, 0(0B) LOS objects, 27% free, 41MB/57MB, paused 1.543ms total 61.980ms
08-04 12:49:56.309 28585 28598 I art     : Starting a blocking GC Explicit
08-04 12:49:56.369 28585 28598 I art     : Explicit concurrent mark sweep GC freed 463(16KB) AllocSpace objects, 0(0B) LOS objects, 27% free, 41MB/57MB, paused 1.575ms total 59.306ms
08-04 12:49:56.773 28585 28597 I art     : Starting a blocking GC Explicit
08-04 12:49:56.839 28585 28597 I art     : Explicit concurrent mark sweep GC freed 1408(81KB) AllocSpace objects, 1(20KB) LOS objects, 27% free, 41MB/57MB, paused 1.590ms total 65.184ms
08-04 12:49:56.857 28585 28597 I art     : Starting a blocking GC Explicit
08-04 12:49:56.920 28585 28597 I art     : Explicit concurrent mark sweep GC freed 20(704B) AllocSpace objects, 0(0B) LOS objects, 27% free, 41MB/57MB, paused 1.517ms total 62.020ms
08-04 12:49:56.934 28585 28597 I art     : Starting a blocking GC Explicit
08-04 12:49:56.994 28585 28597 I art     : Explicit concurrent mark sweep GC freed 3(96B) AllocSpace objects, 0(0B) LOS objects, 27% free, 41MB/57MB, paused 1.474ms total 59.993ms
08-04 12:49:57.009 28585 28597 I art     : Starting a blocking GC Explicit
08-04 12:49:57.073 28585 28597 I art     : Explicit concurrent mark sweep GC freed 3(96B) AllocSpace objects, 0(0B) LOS objects, 27% free, 41MB/57MB, paused 1.500ms total 63.003ms
08-04 12:49:57.090 28585 28597 I art     : Starting a blocking GC Explicit
08-04 12:49:57.151 28585 28597 I art     : Explicit concurrent mark sweep GC freed 3(96B) AllocSpace objects, 0(0B) LOS objects, 27% free, 41MB/57MB, paused 1.530ms total 60.368ms
08-04 12:49:57.549 28585 28837 I art     : Starting a blocking GC Explicit
08-04 12:49:57.631 28585 28837 I art     : Explicit concurrent mark sweep GC freed 1406(81KB) AllocSpace objects, 1(20KB) LOS objects, 27% free, 41MB/57MB, paused 1.459ms total 81.352ms
08-04 12:49:57.631 28585 28596 I art     : WaitForGcToComplete blocked for 77.831ms for cause HeapTrim
08-04 12:49:57.645 13866 13882 I PeriodicStatsRunner: PeriodicStatsRunner.call():175 call()
08-04 12:49:57.645 13866 13882 I PeriodicStatsRunner: PeriodicStatsRunner.call():179 No submit PeriodicStats since input started.
08-04 12:49:57.645 28585 28837 I art     : Starting a blocking GC Explicit
08-04 12:49:57.704 28585 28837 I art     : Explicit concurrent mark sweep GC freed 20(704B) AllocSpace objects, 0(0B) LOS objects, 27% free, 41MB/57MB, paused 1.397ms total 58.207ms
08-04 12:49:57.719 28585 28837 I art     : Starting a blocking GC Explicit
08-04 12:49:57.784 28585 28837 I art     : Explicit concurrent mark sweep GC freed 3(96B) AllocSpace objects, 0(0B) LOS objects, 27% free, 41MB/57MB, paused 1.561ms total 64.357ms
08-04 12:49:57.802 28585 28837 I art     : Starting a blocking GC Explicit
08-04 12:49:57.861 28585 28837 I art     : Explicit concurrent mark sweep GC freed 3(96B) AllocSpace objects, 0(0B) LOS objects, 27% free, 41MB/57MB, paused 1.577ms total 58.820ms
08-04 12:49:57.876 28585 28837 I art     : Starting a blocking GC Explicit
08-04 12:49:57.938 28585 28837 I art     : Explicit concurrent mark sweep GC freed 3(96B) AllocSpace objects, 0(0B) LOS objects, 27% free, 41MB/57MB, paused 1.468ms total 61.972ms
08-04 12:49:58.352 28585 29451 I art     : Starting a blocking GC Explicit
08-04 12:49:58.419 28585 29451 I art     : Explicit concurrent mark sweep GC freed 1405(81KB) AllocSpace objects, 1(20KB) LOS objects, 27% free, 41MB/57MB, paused 1.659ms total 66.349ms
08-04 12:49:58.438 28585 29451 I art     : Starting a blocking GC Explicit
08-04 12:49:58.493 28585 29451 I art     : Explicit concurrent mark sweep GC freed 20(704B) AllocSpace objects, 0(0B) LOS objects, 27% free, 41MB/57MB, paused 1.407ms total 54.860ms
08-04 12:49:58.507 28585 29451 I art     : Starting a blocking GC Explicit
08-04 12:49:58.562 28585 29451 I art     : Explicit concurrent mark sweep GC freed 3(96B) AllocSpace objects, 0(0B) LOS objects, 27% free, 41MB/57MB, paused 1.395ms total 55.591ms
08-04 12:49:58.577 28585 29451 I art     : Starting a blocking GC Explicit
08-04 12:49:58.636 28585 29451 I art     : Explicit concurrent mark sweep GC freed 3(96B) AllocSpace objects, 0(0B) LOS objects, 27% free, 41MB/57MB, paused 1.434ms total 59.169ms
08-04 12:49:58.651 28585 29451 I art     : Starting a blocking GC Explicit
08-04 12:49:58.709 28585 29451 I art     : Explicit concurrent mark sweep GC freed 3(96B) AllocSpace objects, 0(0B) LOS objects, 27% free, 41MB/57MB, paused 1.443ms total 57.986ms
08-04 12:49:58.823   518   646 I ThermalEngine: ACTION: GPU - Setting GPU[0] to 510000000
08-04 12:49:58.953 30655 30655 D AndroidRuntime: >>>>>> START com.android.internal.os.RuntimeInit uid 2000 <<<<<<
08-04 12:49:58.959 30655 30655 D AndroidRuntime: CheckJNI is OFF
08-04 12:49:58.990 30655 30655 D ICU     : No timezone override file found: /data/misc/zoneinfo/current/icu/icu_tzdata.dat
08-04 12:49:59.023 30655 30655 I Radio-JNI: register_android_hardware_Radio DONE
08-04 12:49:59.045 30655 30655 D AndroidRuntime: Calling main entry com.android.commands.input.Input
08-04 12:49:59.047 30655 30655 I Input   : injectKeyEvent: KeyEvent { action=ACTION_DOWN, keyCode=KEYCODE_BACK, scanCode=0, metaState=0, flags=0x0, repeatCount=0, eventTime=708615460, downTime=708615460, deviceId=-1, source=0x101 }
08-04 12:49:59.051 30655 30655 I Input   : injectKeyEvent: KeyEvent { action=ACTION_UP, keyCode=KEYCODE_BACK, scanCode=0, metaState=0, flags=0x0, repeatCount=0, eventTime=708615460, downTime=708615460, deviceId=-1, source=0x101 }
08-04 12:49:59.057 30655 30655 D AndroidRuntime: Shutting down VM
08-04 12:49:59.066 28585 28585 D baseline.com.newsblur.service.NBSyncService: rejecting request for feedset that is exhaused
08-04 12:49:59.094 28585 29451 I art     : Starting a blocking GC Explicit
08-04 12:49:59.140 28585 29451 I art     : Explicit concurrent mark sweep GC freed 1635(120KB) AllocSpace objects, 3(60KB) LOS objects, 27% free, 41MB/57MB, paused 1.128ms total 45.909ms
08-04 12:49:59.151 28585 29451 I art     : Starting a blocking GC Explicit
08-04 12:49:59.198 28585 29451 I art     : Explicit concurrent mark sweep GC freed 632(45KB) AllocSpace objects, 1(20KB) LOS objects, 27% free, 41MB/57MB, paused 1.194ms total 46.488ms
08-04 12:49:59.200 28585 28585 D baseline.com.newsblur.service.NBSyncService: rejecting request for feedset that is exhaused
08-04 12:49:59.210 28585 29451 I art     : Starting a blocking GC Explicit
08-04 12:49:59.249 13866 13866 I GoogleInputMethodServic: GoogleInputMethodService.onFinishInput():3138 
08-04 12:49:59.250 13866 13866 I GoogleInputMethodServic: GoogleInputMethodService.onStartInput():1808 
08-04 12:49:59.252 28585 29451 I art     : Explicit concurrent mark sweep GC freed 596(59KB) AllocSpace objects, 1(20KB) LOS objects, 27% free, 41MB/57MB, paused 1.349ms total 42.030ms
08-04 12:49:59.263 28585 29451 I art     : Starting a blocking GC Explicit
08-04 12:49:59.302 28585 29451 I art     : Explicit concurrent mark sweep GC freed 495(40KB) AllocSpace objects, 1(28KB) LOS objects, 27% free, 41MB/57MB, paused 931us total 38.799ms
08-04 12:49:59.312 28585 29451 I art     : Starting a blocking GC Explicit
08-04 12:49:59.352 28585 29451 I art     : Explicit concurrent mark sweep GC freed 7(256B) AllocSpace objects, 0(0B) LOS objects, 27% free, 41MB/57MB, paused 902us total 39.136ms
08-04 12:49:59.418 13866 13882 I PeriodicStatsRunner: PeriodicStatsRunner.call():175 call()
08-04 12:49:59.419 13866 13882 I PeriodicStatsRunner: PeriodicStatsRunner.call():179 No submit PeriodicStats since input started.
08-04 12:49:59.694 28585 28598 I art     : Starting a blocking GC Explicit
08-04 12:49:59.748 28585 28598 I art     : Explicit concurrent mark sweep GC freed 3053(159KB) AllocSpace objects, 1(20KB) LOS objects, 27% free, 41MB/57MB, paused 1.317ms total 53.049ms
08-04 12:49:59.761 28585 28598 I art     : Starting a blocking GC Explicit
08-04 12:49:59.809 28585 28598 I art     : Explicit concurrent mark sweep GC freed 155(7KB) AllocSpace objects, 0(0B) LOS objects, 27% free, 41MB/57MB, paused 1.252ms total 48.018ms
08-04 12:49:59.821 28585 28598 I art     : Starting a blocking GC Explicit
08-04 12:49:59.868 28585 28598 I art     : Explicit concurrent mark sweep GC freed 10(320B) AllocSpace objects, 0(0B) LOS objects, 27% free, 41MB/57MB, paused 1.212ms total 47.194ms
08-04 12:49:59.881 28585 28598 I art     : Starting a blocking GC Explicit
08-04 12:49:59.928 28585 28598 I art     : Explicit concurrent mark sweep GC freed 9(288B) AllocSpace objects, 0(0B) LOS objects, 27% free, 41MB/57MB, paused 1.131ms total 46.518ms
08-04 12:49:59.939 28585 28598 I art     : Starting a blocking GC Explicit
08-04 12:49:59.987 28585 28598 I art     : Explicit concurrent mark sweep GC freed 11(352B) AllocSpace objects, 0(0B) LOS objects, 27% free, 41MB/57MB, paused 1.094ms total 47.383ms
08-04 12:50:00.349 28585 28597 I art     : Starting a blocking GC Explicit
08-04 12:50:00.399 28585 28597 I art     : Explicit concurrent mark sweep GC freed 1454(82KB) AllocSpace objects, 1(20KB) LOS objects, 27% free, 41MB/57MB, paused 1.280ms total 49.311ms
08-04 12:50:00.411 28585 28597 I art     : Starting a blocking GC Explicit
08-04 12:50:00.457 28585 28597 I art     : Explicit concurrent mark sweep GC freed 28(960B) AllocSpace objects, 0(0B) LOS objects, 27% free, 41MB/57MB, paused 1.090ms total 45.573ms
08-04 12:50:00.468 28585 28597 I art     : Starting a blocking GC Explicit
08-04 12:50:00.514 28585 28597 I art     : Explicit concurrent mark sweep GC freed 9(288B) AllocSpace objects, 0(0B) LOS objects, 27% free, 41MB/57MB, paused 1.112ms total 45.674ms
08-04 12:50:00.525 28585 28597 I art     : Starting a blocking GC Explicit
08-04 12:50:00.571 28585 28597 I art     : Explicit concurrent mark sweep GC freed 11(352B) AllocSpace objects, 0(0B) LOS objects, 27% free, 41MB/57MB, paused 1.155ms total 46.211ms
08-04 12:50:00.584 28585 28597 I art     : Starting a blocking GC Explicit
08-04 12:50:00.630 28585 28597 I art     : Explicit concurrent mark sweep GC freed 9(288B) AllocSpace objects, 0(0B) LOS objects, 27% free, 41MB/57MB, paused 1.098ms total 46.470ms
08-04 12:50:00.707 30699 30699 D AndroidRuntime: >>>>>> START com.android.internal.os.RuntimeInit uid 2000 <<<<<<
08-04 12:50:00.712 30699 30699 D AndroidRuntime: CheckJNI is OFF
08-04 12:50:00.745 30699 30699 D ICU     : No timezone override file found: /data/misc/zoneinfo/current/icu/icu_tzdata.dat
08-04 12:50:00.778 30699 30699 I Radio-JNI: register_android_hardware_Radio DONE
08-04 12:50:00.800 30699 30699 D AndroidRuntime: Calling main entry com.android.commands.input.Input
08-04 12:50:00.801 30699 30699 I Input   : injectKeyEvent: KeyEvent { action=ACTION_DOWN, keyCode=KEYCODE_BACK, scanCode=0, metaState=0, flags=0x0, repeatCount=0, eventTime=708617214, downTime=708617214, deviceId=-1, source=0x101 }
08-04 12:50:00.807 30699 30699 I Input   : injectKeyEvent: KeyEvent { action=ACTION_UP, keyCode=KEYCODE_BACK, scanCode=0, metaState=0, flags=0x0, repeatCount=0, eventTime=708617214, downTime=708617214, deviceId=-1, source=0x101 }
08-04 12:50:00.814 30699 30699 D AndroidRuntime: Shutting down VM
08-04 12:50:00.828   518   646 I ThermalEngine: ACTION: GPU - Setting GPU[0] to 450000000
08-04 12:50:01.010 28585 28598 I art     : Starting a blocking GC Explicit
08-04 12:50:01.032 13866 13866 I GoogleInputMethodServic: GoogleInputMethodService.onFinishInput():3138 
08-04 12:50:01.033 13866 13866 I GoogleInputMethodServic: GoogleInputMethodService.onStartInput():1808 
08-04 12:50:01.070 28585 28598 I art     : Explicit concurrent mark sweep GC freed 11923(812KB) AllocSpace objects, 17(340KB) LOS objects, 27% free, 41MB/57MB, paused 2.754ms total 59.010ms
08-04 12:50:01.084 28585 28598 I art     : Starting a blocking GC Explicit
08-04 12:50:01.135 28585 28598 I art     : Explicit concurrent mark sweep GC freed 398(17KB) AllocSpace objects, 0(0B) LOS objects, 27% free, 41MB/57MB, paused 1.403ms total 51.236ms
08-04 12:50:01.149 28585 28598 I art     : Starting a blocking GC Explicit
08-04 12:50:01.199 28585 28598 I art     : Explicit concurrent mark sweep GC freed 16(1568B) AllocSpace objects, 0(0B) LOS objects, 27% free, 41MB/57MB, paused 1.464ms total 50.355ms
08-04 12:50:01.213 28585 28598 I art     : Starting a blocking GC Explicit
08-04 12:50:01.264 28585 28598 I art     : Explicit concurrent mark sweep GC freed 3(96B) AllocSpace objects, 0(0B) LOS objects, 27% free, 41MB/57MB, paused 1.321ms total 50.829ms
08-04 12:50:01.278 28585 28598 I art     : Starting a blocking GC Explicit
08-04 12:50:01.330 28585 28598 I art     : Explicit concurrent mark sweep GC freed 3(96B) AllocSpace objects, 0(0B) LOS objects, 27% free, 41MB/57MB, paused 1.412ms total 51.726ms
08-04 12:50:01.590 28585 30722 E baseline.com.newsblur.network.APIResponse: Error (unexpected end of stream on https://www.newsblur.com/...) calling https://www.newsblur.com/reader/mark_story_hashes_as_read/
08-04 12:50:01.590 28585 30722 E baseline.com.newsblur.network.APIResponse: java.io.IOException: unexpected end of stream on https://www.newsblur.com/...
08-04 12:50:01.590 28585 30722 E baseline.com.newsblur.network.APIResponse: 	at okhttp3.internal.http1.Http1ExchangeCodec.readResponseHeaders(Http1ExchangeCodec.java:236)
08-04 12:50:01.590 28585 30722 E baseline.com.newsblur.network.APIResponse: 	at okhttp3.internal.connection.Exchange.readResponseHeaders(Exchange.java:115)
08-04 12:50:01.590 28585 30722 E baseline.com.newsblur.network.APIResponse: 	at okhttp3.internal.http.CallServerInterceptor.intercept(CallServerInterceptor.java:94)
08-04 12:50:01.590 28585 30722 E baseline.com.newsblur.network.APIResponse: 	at okhttp3.internal.http.RealInterceptorChain.proceed(RealInterceptorChain.java:142)
08-04 12:50:01.590 28585 30722 E baseline.com.newsblur.network.APIResponse: 	at okhttp3.internal.connection.ConnectInterceptor.intercept(ConnectInterceptor.java:43)
08-04 12:50:01.590 28585 30722 E baseline.com.newsblur.network.APIResponse: 	at okhttp3.internal.http.RealInterceptorChain.proceed(RealInterceptorChain.java:142)
08-04 12:50:01.590 28585 30722 E baseline.com.newsblur.network.APIResponse: 	at okhttp3.internal.http.RealInterceptorChain.proceed(RealInterceptorChain.java:117)
08-04 12:50:01.590 28585 30722 E baseline.com.newsblur.network.APIResponse: 	at okhttp3.internal.cache.CacheInterceptor.intercept(CacheInterceptor.java:94)
08-04 12:50:01.590 28585 30722 E baseline.com.newsblur.network.APIResponse: 	at okhttp3.internal.http.RealInterceptorChain.proceed(RealInterceptorChain.java:142)
08-04 12:50:01.590 28585 30722 E baseline.com.newsblur.network.APIResponse: 	at okhttp3.internal.http.RealInterceptorChain.proceed(RealInterceptorChain.java:117)
08-04 12:50:01.590 28585 30722 E baseline.com.newsblur.network.APIResponse: 	at okhttp3.internal.http.BridgeInterceptor.intercept(BridgeInterceptor.java:93)
08-04 12:50:01.590 28585 30722 E baseline.com.newsblur.network.APIResponse: 	at okhttp3.internal.http.RealInterceptorChain.proceed(RealInterceptorChain.java:142)
08-04 12:50:01.590 28585 30722 E baseline.com.newsblur.network.APIResponse: 	at okhttp3.internal.http.RetryAndFollowUpInterceptor.intercept(RetryAndFollowUpInterceptor.java:88)
08-04 12:50:01.590 28585 30722 E baseline.com.newsblur.network.APIResponse: 	at okhttp3.internal.http.RealInterceptorChain.proceed(RealInterceptorChain.java:142)
08-04 12:50:01.590 28585 30722 E baseline.com.newsblur.network.APIResponse: 	at okhttp3.internal.http.RealInterceptorChain.proceed(RealInterceptorChain.java:117)
08-04 12:50:01.590 28585 30722 E baseline.com.newsblur.network.APIResponse: 	at okhttp3.RealCall.getResponseWithInterceptorChain(RealCall.java:229)
08-04 12:50:01.590 28585 30722 E baseline.com.newsblur.network.APIResponse: 	at okhttp3.RealCall.execute(RealCall.java:81)
08-04 12:50:01.590 28585 30722 E baseline.com.newsblur.network.APIResponse: 	at baseline.com.newsblur.network.APIResponse.<init>(APIResponse.java:57)
08-04 12:50:01.590 28585 30722 E baseline.com.newsblur.network.APIResponse: 	at baseline.com.newsblur.network.APIResponse.<init>(APIResponse.java:43)
08-04 12:50:01.590 28585 30722 E baseline.com.newsblur.network.APIResponse: 	at baseline.com.newsblur.network.APIManager.post_single(APIManager.java:702)
08-04 12:50:01.590 28585 30722 E baseline.com.newsblur.network.APIResponse: 	at baseline.com.newsblur.network.APIManager.post(APIManager.java:675)
08-04 12:50:01.590 28585 30722 E baseline.com.newsblur.network.APIResponse: 	at baseline.com.newsblur.network.APIManager.post(APIManager.java:714)
08-04 12:50:01.590 28585 30722 E baseline.com.newsblur.network.APIResponse: 	at baseline.com.newsblur.network.APIManager.markStoryAsRead(APIManager.java:205)
08-04 12:50:01.590 28585 30722 E baseline.com.newsblur.network.APIResponse: 	at baseline.com.newsblur.util.ReadingAction.doRemote(ReadingAction.java:281)
08-04 12:50:01.590 28585 30722 E baseline.com.newsblur.network.APIResponse: 	at baseline.com.newsblur.service.NBSyncService.syncActions(NBSyncService.java:400)
08-04 12:50:01.590 28585 30722 E baseline.com.newsblur.network.APIResponse: 	at baseline.com.newsblur.service.NBSyncService.doSync(NBSyncService.java:298)
08-04 12:50:01.590 28585 30722 E baseline.com.newsblur.network.APIResponse: 	at baseline.com.newsblur.service.NBSyncService.access$100(NBSyncService.java:67)
08-04 12:50:01.590 28585 30722 E baseline.com.newsblur.network.APIResponse: 	at baseline.com.newsblur.service.NBSyncService$1.run(NBSyncService.java:188)
08-04 12:50:01.590 28585 30722 E baseline.com.newsblur.network.APIResponse: 	at java.util.concurrent.ThreadPoolExecutor.runWorker(ThreadPoolExecutor.java:1113)
08-04 12:50:01.590 28585 30722 E baseline.com.newsblur.network.APIResponse: 	at java.util.concurrent.ThreadPoolExecutor$Worker.run(ThreadPoolExecutor.java:588)
08-04 12:50:01.590 28585 30722 E baseline.com.newsblur.network.APIResponse: 	at java.lang.Thread.run(Thread.java:818)
08-04 12:50:01.590 28585 30722 E baseline.com.newsblur.network.APIResponse: Caused by: java.io.EOFException: \n not found: limit=0 content=
08-04 12:50:01.590 28585 30722 E baseline.com.newsblur.network.APIResponse: 	at okio.RealBufferedSource.readUtf8LineStrict(RealBufferedSource.java:240)
08-04 12:50:01.590 28585 30722 E baseline.com.newsblur.network.APIResponse: 	at okhttp3.internal.http1.Http1ExchangeCodec.readHeaderLine(Http1ExchangeCodec.java:242)
08-04 12:50:01.590 28585 30722 E baseline.com.newsblur.network.APIResponse: 	at okhttp3.internal.http1.Http1ExchangeCodec.readResponseHeaders(Http1ExchangeCodec.java:213)
08-04 12:50:01.590 28585 30722 E baseline.com.newsblur.network.APIResponse: 	... 30 more
08-04 12:50:01.591 28585 30722 I baseline.com.newsblur.network.APIManager: API call failed, pausing before retry number 1
08-04 12:50:01.689 28585 28837 I art     : Starting a blocking GC Explicit
08-04 12:50:01.748 28585 28837 I art     : Explicit concurrent mark sweep GC freed 5920(468KB) AllocSpace objects, 6(260KB) LOS objects, 27% free, 41MB/57MB, paused 1.515ms total 58.669ms
08-04 12:50:01.763 28585 28837 I art     : Starting a blocking GC Explicit
08-04 12:50:01.818 28585 28837 I art     : Explicit concurrent mark sweep GC freed 1140(125KB) AllocSpace objects, 0(0B) LOS objects, 27% free, 41MB/57MB, paused 1.437ms total 54.694ms
08-04 12:50:01.833 28585 28837 I art     : Starting a blocking GC Explicit
08-04 12:50:01.890 28585 28837 I art     : Explicit concurrent mark sweep GC freed 11(352B) AllocSpace objects, 0(0B) LOS objects, 27% free, 41MB/57MB, paused 1.662ms total 57.085ms
08-04 12:50:01.905 28585 28837 I art     : Starting a blocking GC Explicit
08-04 12:50:01.959 28585 28837 I art     : Explicit concurrent mark sweep GC freed 11(352B) AllocSpace objects, 0(0B) LOS objects, 27% free, 41MB/57MB, paused 1.588ms total 54.162ms
08-04 12:50:01.974 28585 28837 I art     : Starting a blocking GC Explicit
08-04 12:50:02.033 28585 28837 I art     : Explicit concurrent mark sweep GC freed 11(352B) AllocSpace objects, 0(0B) LOS objects, 27% free, 41MB/57MB, paused 1.507ms total 58.368ms
08-04 12:50:02.406 28585 28597 I art     : Starting a blocking GC Explicit
08-04 12:50:02.469 28585 28597 I art     : Explicit concurrent mark sweep GC freed 1494(84KB) AllocSpace objects, 1(20KB) LOS objects, 27% free, 41MB/57MB, paused 1.782ms total 62.699ms
08-04 12:50:02.476   918  3261 D WifiStateMachine: starting scan for "H369AA63323"WPA_PSK with 2412,5180
08-04 12:50:02.484 28585 28597 I art     : Starting a blocking GC Explicit
08-04 12:50:02.543 28585 28597 I art     : Explicit concurrent mark sweep GC freed 23(816B) AllocSpace objects, 0(0B) LOS objects, 27% free, 41MB/57MB, paused 1.563ms total 59.498ms
08-04 12:50:02.558 28585 28597 I art     : Starting a blocking GC Explicit
08-04 12:50:02.582 30736 30736 D AndroidRuntime: >>>>>> START com.android.internal.os.RuntimeInit uid 2000 <<<<<<
08-04 12:50:02.588 30736 30736 D AndroidRuntime: CheckJNI is OFF
08-04 12:50:02.617 28585 28597 I art     : Explicit concurrent mark sweep GC freed 3(96B) AllocSpace objects, 0(0B) LOS objects, 27% free, 41MB/57MB, paused 1.581ms total 58.788ms
08-04 12:50:02.631 28585 28597 I art     : Starting a blocking GC Explicit
08-04 12:50:02.635 30736 30736 D ICU     : No timezone override file found: /data/misc/zoneinfo/current/icu/icu_tzdata.dat
08-04 12:50:02.681 30736 30736 I Radio-JNI: register_android_hardware_Radio DONE
08-04 12:50:02.692 28585 28597 I art     : Explicit concurrent mark sweep GC freed 3(96B) AllocSpace objects, 0(0B) LOS objects, 27% free, 41MB/57MB, paused 1.604ms total 60.517ms
08-04 12:50:02.706 28585 28597 I art     : Starting a blocking GC Explicit
08-04 12:50:02.711 30736 30736 D AndroidRuntime: Calling main entry com.android.commands.input.Input
08-04 12:50:02.713 30736 30736 I Input   : injectMotionEvent: MotionEvent { action=ACTION_DOWN, actionButton=0, id[0]=0, x[0]=553.0, y[0]=442.0, toolType[0]=TOOL_TYPE_UNKNOWN, buttonState=0, metaState=0, flags=0x0, edgeFlags=0x0, pointerCount=1, historySize=0, eventTime=708619125, downTime=708619125, deviceId=0, source=0x1002 }
08-04 12:50:02.720 30736 30736 I Input   : injectMotionEvent: MotionEvent { action=ACTION_UP, actionButton=0, id[0]=0, x[0]=553.0, y[0]=442.0, toolType[0]=TOOL_TYPE_UNKNOWN, buttonState=0, metaState=0, flags=0x0, edgeFlags=0x0, pointerCount=1, historySize=0, eventTime=708619125, downTime=708619125, deviceId=0, source=0x1002 }
08-04 12:50:02.722 30736 30736 D AndroidRuntime: Shutting down VM
08-04 12:50:02.765 28585 28597 I art     : Explicit concurrent mark sweep GC freed 38(1584B) AllocSpace objects, 0(0B) LOS objects, 27% free, 41MB/57MB, paused 1.521ms total 58.044ms
08-04 12:50:02.765 28585 28596 I art     : WaitForGcToComplete blocked for 58.429ms for cause HeapTrim
08-04 12:50:02.790   918  5952 I ActivityManager: START u0 {cmp=baseline.com.newsblur/.activity.AllSharedStoriesItemsList (has extras)} from uid 10652 on display 0
08-04 12:50:02.813 28585 28645 I baseline.com.newsblur.database.BlurDatabaseHelper: reading session reset
08-04 12:50:03.030 28585 28585 D baseline.com.newsblur.service.NBSyncService: rejecting request for feedset that is exhaused
08-04 12:50:03.037 28585 28585 W View    : requestLayout() improperly called by android.widget.FrameLayout{2152681 V.E...... ......ID 0,0-1440,18 #7f07003f app:id/footer_view_inner} during layout: running second layout pass
08-04 12:50:03.038 28585 28585 W View    : requestLayout() improperly called by android.widget.FrameLayout{d82e326 V.E...... ......ID 0,0-1440,2091 #7f07003f app:id/footer_view_inner} during layout: running second layout pass
08-04 12:50:03.060 13866 13866 I GoogleInputMethodServic: GoogleInputMethodService.onFinishInput():3138 
08-04 12:50:03.060   918   936 I ActivityManager: Displayed baseline.com.newsblur/.activity.AllSharedStoriesItemsList: +261ms
08-04 12:50:03.061 13866 13866 I GoogleInputMethodServic: GoogleInputMethodService.onStartInput():1808 
08-04 12:50:03.135 28585 29451 I art     : Starting a blocking GC Explicit
08-04 12:50:03.191 28585 28870 I NAPPA_EXPERIMENTATION: MetricNetworkRequestExecutionTime: REQUEST_DURATION_SYSTEM='80',REQUEST_DURATION_OKHTTP='80',REQUEST_SYNCHRONOUS='TRUE',RESPONSE_CODE='200',RESPONSE_METHOD='GET',RESPONSE_LENGTH_OKHTTP='43',RESPONSE_LENGTH_HEADER='43',REQUEST_PROTOCOL='http/1.1',REQUEST_URL='http://feeds.feedburner.com/~r/retort/~4/UffaFMiJbNs',
08-04 12:50:03.201 28585 29451 I art     : Explicit concurrent mark sweep GC freed 6049(463KB) AllocSpace objects, 14(372KB) LOS objects, 27% free, 42MB/58MB, paused 1.480ms total 65.836ms
08-04 12:50:03.215 28585 29451 I art     : Starting a blocking GC Explicit
08-04 12:50:03.270 28585 29451 I art     : Explicit concurrent mark sweep GC freed 543(38KB) AllocSpace objects, 1(20KB) LOS objects, 27% free, 41MB/57MB, paused 1.530ms total 54.687ms
08-04 12:50:03.286 28585 29451 I art     : Starting a blocking GC Explicit
08-04 12:50:03.341 28585 29451 I art     : Explicit concurrent mark sweep GC freed 175(19KB) AllocSpace objects, 1(20KB) LOS objects, 27% free, 42MB/58MB, paused 1.565ms total 55.560ms
08-04 12:50:03.355 28585 29451 I art     : Starting a blocking GC Explicit
08-04 12:50:03.410 28585 29451 I art     : Explicit concurrent mark sweep GC freed 63(2528B) AllocSpace objects, 0(0B) LOS objects, 27% free, 42MB/58MB, paused 1.602ms total 54.467ms
08-04 12:50:03.424 28585 29451 I art     : Starting a blocking GC Explicit
08-04 12:50:03.483 28585 29451 I art     : Explicit concurrent mark sweep GC freed 57(2336B) AllocSpace objects, 0(0B) LOS objects, 27% free, 41MB/57MB, paused 1.419ms total 59.154ms
08-04 12:50:03.619 28585 30722 E baseline.com.newsblur.network.APIResponse: Error (unexpected end of stream on https://www.newsblur.com/...) calling https://www.newsblur.com/reader/mark_story_hashes_as_read/
08-04 12:50:03.619 28585 30722 E baseline.com.newsblur.network.APIResponse: java.io.IOException: unexpected end of stream on https://www.newsblur.com/...
08-04 12:50:03.619 28585 30722 E baseline.com.newsblur.network.APIResponse: 	at okhttp3.internal.http1.Http1ExchangeCodec.readResponseHeaders(Http1ExchangeCodec.java:236)
08-04 12:50:03.619 28585 30722 E baseline.com.newsblur.network.APIResponse: 	at okhttp3.internal.connection.Exchange.readResponseHeaders(Exchange.java:115)
08-04 12:50:03.619 28585 30722 E baseline.com.newsblur.network.APIResponse: 	at okhttp3.internal.http.CallServerInterceptor.intercept(CallServerInterceptor.java:94)
08-04 12:50:03.619 28585 30722 E baseline.com.newsblur.network.APIResponse: 	at okhttp3.internal.http.RealInterceptorChain.proceed(RealInterceptorChain.java:142)
08-04 12:50:03.619 28585 30722 E baseline.com.newsblur.network.APIResponse: 	at okhttp3.internal.connection.ConnectInterceptor.intercept(ConnectInterceptor.java:43)
08-04 12:50:03.619 28585 30722 E baseline.com.newsblur.network.APIResponse: 	at okhttp3.internal.http.RealInterceptorChain.proceed(RealInterceptorChain.java:142)
08-04 12:50:03.619 28585 30722 E baseline.com.newsblur.network.APIResponse: 	at okhttp3.internal.http.RealInterceptorChain.proceed(RealInterceptorChain.java:117)
08-04 12:50:03.619 28585 30722 E baseline.com.newsblur.network.APIResponse: 	at okhttp3.internal.cache.CacheInterceptor.intercept(CacheInterceptor.java:94)
08-04 12:50:03.619 28585 30722 E baseline.com.newsblur.network.APIResponse: 	at okhttp3.internal.http.RealInterceptorChain.proceed(RealInterceptorChain.java:142)
08-04 12:50:03.619 28585 30722 E baseline.com.newsblur.network.APIResponse: 	at okhttp3.internal.http.RealInterceptorChain.proceed(RealInterceptorChain.java:117)
08-04 12:50:03.619 28585 30722 E baseline.com.newsblur.network.APIResponse: 	at okhttp3.internal.http.BridgeInterceptor.intercept(BridgeInterceptor.java:93)
08-04 12:50:03.619 28585 30722 E baseline.com.newsblur.network.APIResponse: 	at okhttp3.internal.http.RealInterceptorChain.proceed(RealInterceptorChain.java:142)
08-04 12:50:03.619 28585 30722 E baseline.com.newsblur.network.APIResponse: 	at okhttp3.internal.http.RetryAndFollowUpInterceptor.intercept(RetryAndFollowUpInterceptor.java:88)
08-04 12:50:03.619 28585 30722 E baseline.com.newsblur.network.APIResponse: 	at okhttp3.internal.http.RealInterceptorChain.proceed(RealInterceptorChain.java:142)
08-04 12:50:03.619 28585 30722 E baseline.com.newsblur.network.APIResponse: 	at okhttp3.internal.http.RealInterceptorChain.proceed(RealInterceptorChain.java:117)
08-04 12:50:03.619 28585 30722 E baseline.com.newsblur.network.APIResponse: 	at okhttp3.RealCall.getResponseWithInterceptorChain(RealCall.java:229)
08-04 12:50:03.619 28585 30722 E baseline.com.newsblur.network.APIResponse: 	at okhttp3.RealCall.execute(RealCall.java:81)
08-04 12:50:03.619 28585 30722 E baseline.com.newsblur.network.APIResponse: 	at baseline.com.newsblur.network.APIResponse.<init>(APIResponse.java:57)
08-04 12:50:03.619 28585 30722 E baseline.com.newsblur.network.APIResponse: 	at baseline.com.newsblur.network.APIResponse.<init>(APIResponse.java:43)
08-04 12:50:03.619 28585 30722 E baseline.com.newsblur.network.APIResponse: 	at baseline.com.newsblur.network.APIManager.post_single(APIManager.java:702)
08-04 12:50:03.619 28585 30722 E baseline.com.newsblur.network.APIResponse: 	at baseline.com.newsblur.network.APIManager.post(APIManager.java:675)
08-04 12:50:03.619 28585 30722 E baseline.com.newsblur.network.APIResponse: 	at baseline.com.newsblur.network.APIManager.post(APIManager.java:714)
08-04 12:50:03.619 28585 30722 E baseline.com.newsblur.network.APIResponse: 	at baseline.com.newsblur.network.APIManager.markStoryAsRead(APIManager.java:205)
08-04 12:50:03.619 28585 30722 E baseline.com.newsblur.network.APIResponse: 	at baseline.com.newsblur.util.ReadingAction.doRemote(ReadingAction.java:281)
08-04 12:50:03.619 28585 30722 E baseline.com.newsblur.network.APIResponse: 	at baseline.com.newsblur.service.NBSyncService.syncActions(NBSyncService.java:400)
08-04 12:50:03.619 28585 30722 E baseline.com.newsblur.network.APIResponse: 	at baseline.com.newsblur.service.NBSyncService.doSync(NBSyncService.java:298)
08-04 12:50:03.619 28585 30722 E baseline.com.newsblur.network.APIResponse: 	at baseline.com.newsblur.service.NBSyncService.access$100(NBSyncService.java:67)
08-04 12:50:03.619 28585 30722 E baseline.com.newsblur.network.APIResponse: 	at baseline.com.newsblur.service.NBSyncService$1.run(NBSyncService.java:188)
08-04 12:50:03.619 28585 30722 E baseline.com.newsblur.network.APIResponse: 	at java.util.concurrent.ThreadPoolExecutor.runWorker(ThreadPoolExecutor.java:1113)
08-04 12:50:03.619 28585 30722 E baseline.com.newsblur.network.APIResponse: 	at java.util.concurrent.ThreadPoolExecutor$Worker.run(ThreadPoolExecutor.java:588)
08-04 12:50:03.619 28585 30722 E baseline.com.newsblur.network.APIResponse: 	at java.lang.Thread.run(Thread.java:818)
08-04 12:50:03.619 28585 30722 E baseline.com.newsblur.network.APIResponse: Caused by: java.io.EOFException: \n not found: limit=0 content=
08-04 12:50:03.619 28585 30722 E baseline.com.newsblur.network.APIResponse: 	at okio.RealBufferedSource.readUtf8LineStrict(RealBufferedSource.java:240)
08-04 12:50:03.619 28585 30722 E baseline.com.newsblur.network.APIResponse: 	at okhttp3.internal.http1.Http1ExchangeCodec.readHeaderLine(Http1ExchangeCodec.java:242)
08-04 12:50:03.619 28585 30722 E baseline.com.newsblur.network.APIResponse: 	at okhttp3.internal.http1.Http1ExchangeCodec.readResponseHeaders(Http1ExchangeCodec.java:213)
08-04 12:50:03.619 28585 30722 E baseline.com.newsblur.network.APIResponse: 	... 30 more
08-04 12:50:03.621 28585 30722 I baseline.com.newsblur.network.APIManager: API call failed, pausing before retry number 2
08-04 12:50:03.872 28585 28597 I art     : Starting a blocking GC Explicit
08-04 12:50:03.938 28585 28597 I art     : Explicit concurrent mark sweep GC freed 4096(363KB) AllocSpace objects, 3(60KB) LOS objects, 27% free, 41MB/57MB, paused 1.600ms total 65.668ms
08-04 12:50:03.956 28585 28597 I art     : Starting a blocking GC Explicit
08-04 12:50:04.015 28585 28597 I art     : Explicit concurrent mark sweep GC freed 109(3KB) AllocSpace objects, 0(0B) LOS objects, 27% free, 41MB/57MB, paused 1.625ms total 59.384ms
08-04 12:50:04.030 28585 28597 I art     : Starting a blocking GC Explicit
08-04 12:50:04.090 28585 28597 I art     : Explicit concurrent mark sweep GC freed 3(96B) AllocSpace objects, 0(0B) LOS objects, 27% free, 41MB/57MB, paused 1.558ms total 59.962ms
08-04 12:50:04.105 28585 28597 I art     : Starting a blocking GC Explicit
08-04 12:50:04.167 28585 28597 I art     : Explicit concurrent mark sweep GC freed 3(96B) AllocSpace objects, 0(0B) LOS objects, 27% free, 41MB/57MB, paused 1.521ms total 61.660ms
08-04 12:50:04.182 28585 28597 I art     : Starting a blocking GC Explicit
08-04 12:50:04.245 28585 28597 I art     : Explicit concurrent mark sweep GC freed 8(256B) AllocSpace objects, 0(0B) LOS objects, 27% free, 41MB/57MB, paused 1.860ms total 62.603ms
08-04 12:50:04.251 13866 13882 I PeriodicStatsRunner: PeriodicStatsRunner.call():175 call()
08-04 12:50:04.251 13866 13882 I PeriodicStatsRunner: PeriodicStatsRunner.call():179 No submit PeriodicStats since input started.
08-04 12:50:04.652 28585 28597 I art     : Starting a blocking GC Explicit
08-04 12:50:04.721 28585 28597 I art     : Explicit concurrent mark sweep GC freed 1470(83KB) AllocSpace objects, 1(20KB) LOS objects, 27% free, 41MB/57MB, paused 1.770ms total 68.747ms
08-04 12:50:04.739 28585 28597 I art     : Starting a blocking GC Explicit
08-04 12:50:04.803 28585 28597 I art     : Explicit concurrent mark sweep GC freed 22(784B) AllocSpace objects, 0(0B) LOS objects, 27% free, 41MB/57MB, paused 1.618ms total 63.990ms
08-04 12:50:04.818 28585 28597 I art     : Starting a blocking GC Explicit
08-04 12:50:04.885 28585 28597 I art     : Explicit concurrent mark sweep GC freed 3(96B) AllocSpace objects, 0(0B) LOS objects, 27% free, 41MB/57MB, paused 1.555ms total 66.458ms
08-04 12:50:04.900 28585 28597 I art     : Starting a blocking GC Explicit
08-04 12:50:04.966 28585 28597 I art     : Explicit concurrent mark sweep GC freed 3(96B) AllocSpace objects, 0(0B) LOS objects, 27% free, 41MB/57MB, paused 1.604ms total 65.376ms
08-04 12:50:04.981 28585 28597 I art     : Starting a blocking GC Explicit
08-04 12:50:05.050 28585 28597 I art     : Explicit concurrent mark sweep GC freed 3(96B) AllocSpace objects, 0(0B) LOS objects, 27% free, 41MB/57MB, paused 1.562ms total 68.214ms
08-04 12:50:05.461 28585 29451 I art     : Starting a blocking GC Explicit
08-04 12:50:05.532 28585 29451 I art     : Explicit concurrent mark sweep GC freed 1445(83KB) AllocSpace objects, 1(20KB) LOS objects, 27% free, 41MB/57MB, paused 1.697ms total 70.406ms
08-04 12:50:05.550 28585 29451 I art     : Starting a blocking GC Explicit
08-04 12:50:05.616 28585 29451 I art     : Explicit concurrent mark sweep GC freed 22(784B) AllocSpace objects, 0(0B) LOS objects, 27% free, 41MB/57MB, paused 1.560ms total 65.779ms
08-04 12:50:05.631 28585 29451 I art     : Starting a blocking GC Explicit
08-04 12:50:05.695 28585 29451 I art     : Explicit concurrent mark sweep GC freed 3(96B) AllocSpace objects, 0(0B) LOS objects, 27% free, 41MB/57MB, paused 1.513ms total 64.253ms
08-04 12:50:05.711 28585 29451 I art     : Starting a blocking GC Explicit
08-04 12:50:05.779 28585 29451 I art     : Explicit concurrent mark sweep GC freed 3(96B) AllocSpace objects, 0(0B) LOS objects, 27% free, 41MB/57MB, paused 1.728ms total 67.653ms
08-04 12:50:05.794 28585 29451 I art     : Starting a blocking GC Explicit
08-04 12:50:05.861 28585 29451 I art     : Explicit concurrent mark sweep GC freed 3(96B) AllocSpace objects, 0(0B) LOS objects, 27% free, 41MB/57MB, paused 1.664ms total 66.628ms
08-04 12:50:06.032 13866 13882 I PeriodicStatsRunner: PeriodicStatsRunner.call():175 call()
08-04 12:50:06.032 13866 13882 I PeriodicStatsRunner: PeriodicStatsRunner.call():179 No submit PeriodicStats since input started.
08-04 12:50:06.288 28585 28598 I art     : Starting a blocking GC Explicit
08-04 12:50:06.357 28585 28598 I art     : Explicit concurrent mark sweep GC freed 1446(83KB) AllocSpace objects, 1(20KB) LOS objects, 27% free, 41MB/57MB, paused 1.682ms total 68.621ms
08-04 12:50:06.372 28585 28598 I art     : Starting a blocking GC Explicit
08-04 12:50:06.440 28585 28598 I art     : Explicit concurrent mark sweep GC freed 22(784B) AllocSpace objects, 0(0B) LOS objects, 27% free, 41MB/57MB, paused 1.609ms total 67.715ms
08-04 12:50:06.458 28585 28598 I art     : Starting a blocking GC Explicit
08-04 12:50:06.520 28585 28598 I art     : Explicit concurrent mark sweep GC freed 3(96B) AllocSpace objects, 0(0B) LOS objects, 27% free, 41MB/57MB, paused 1.545ms total 61.850ms
08-04 12:50:06.535 28585 28598 I art     : Starting a blocking GC Explicit
08-04 12:50:06.595 28585 28598 I art     : Explicit concurrent mark sweep GC freed 3(96B) AllocSpace objects, 0(0B) LOS objects, 27% free, 41MB/57MB, paused 1.509ms total 60.298ms
08-04 12:50:06.610 28585 28598 I art     : Starting a blocking GC Explicit
08-04 12:50:06.670 28585 28598 I art     : Explicit concurrent mark sweep GC freed 168(8KB) AllocSpace objects, 0(0B) LOS objects, 27% free, 41MB/57MB, paused 1.596ms total 60.105ms
08-04 12:50:07.097 28585 28837 I art     : Starting a blocking GC Explicit
08-04 12:50:07.114 28585 30722 E baseline.com.newsblur.network.APIResponse: Error (unexpected end of stream on https://www.newsblur.com/...) calling https://www.newsblur.com/reader/mark_story_hashes_as_read/
08-04 12:50:07.114 28585 30722 E baseline.com.newsblur.network.APIResponse: java.io.IOException: unexpected end of stream on https://www.newsblur.com/...
08-04 12:50:07.114 28585 30722 E baseline.com.newsblur.network.APIResponse: 	at okhttp3.internal.http1.Http1ExchangeCodec.readResponseHeaders(Http1ExchangeCodec.java:236)
08-04 12:50:07.114 28585 30722 E baseline.com.newsblur.network.APIResponse: 	at okhttp3.internal.connection.Exchange.readResponseHeaders(Exchange.java:115)
08-04 12:50:07.114 28585 30722 E baseline.com.newsblur.network.APIResponse: 	at okhttp3.internal.http.CallServerInterceptor.intercept(CallServerInterceptor.java:94)
08-04 12:50:07.114 28585 30722 E baseline.com.newsblur.network.APIResponse: 	at okhttp3.internal.http.RealInterceptorChain.proceed(RealInterceptorChain.java:142)
08-04 12:50:07.114 28585 30722 E baseline.com.newsblur.network.APIResponse: 	at okhttp3.internal.connection.ConnectInterceptor.intercept(ConnectInterceptor.java:43)
08-04 12:50:07.114 28585 30722 E baseline.com.newsblur.network.APIResponse: 	at okhttp3.internal.http.RealInterceptorChain.proceed(RealInterceptorChain.java:142)
08-04 12:50:07.114 28585 30722 E baseline.com.newsblur.network.APIResponse: 	at okhttp3.internal.http.RealInterceptorChain.proceed(RealInterceptorChain.java:117)
08-04 12:50:07.114 28585 30722 E baseline.com.newsblur.network.APIResponse: 	at okhttp3.internal.cache.CacheInterceptor.intercept(CacheInterceptor.java:94)
08-04 12:50:07.114 28585 30722 E baseline.com.newsblur.network.APIResponse: 	at okhttp3.internal.http.RealInterceptorChain.proceed(RealInterceptorChain.java:142)
08-04 12:50:07.114 28585 30722 E baseline.com.newsblur.network.APIResponse: 	at okhttp3.internal.http.RealInterceptorChain.proceed(RealInterceptorChain.java:117)
08-04 12:50:07.114 28585 30722 E baseline.com.newsblur.network.APIResponse: 	at okhttp3.internal.http.BridgeInterceptor.intercept(BridgeInterceptor.java:93)
08-04 12:50:07.114 28585 30722 E baseline.com.newsblur.network.APIResponse: 	at okhttp3.internal.http.RealInterceptorChain.proceed(RealInterceptorChain.java:142)
08-04 12:50:07.114 28585 30722 E baseline.com.newsblur.network.APIResponse: 	at okhttp3.internal.http.RetryAndFollowUpInterceptor.intercept(RetryAndFollowUpInterceptor.java:88)
08-04 12:50:07.114 28585 30722 E baseline.com.newsblur.network.APIResponse: 	at okhttp3.internal.http.RealInterceptorChain.proceed(RealInterceptorChain.java:142)
08-04 12:50:07.114 28585 30722 E baseline.com.newsblur.network.APIResponse: 	at okhttp3.internal.http.RealInterceptorChain.proceed(RealInterceptorChain.java:117)
08-04 12:50:07.114 28585 30722 E baseline.com.newsblur.network.APIResponse: 	at okhttp3.RealCall.getResponseWithInterceptorChain(RealCall.java:229)
08-04 12:50:07.114 28585 30722 E baseline.com.newsblur.network.APIResponse: 	at okhttp3.RealCall.execute(RealCall.java:81)
08-04 12:50:07.114 28585 30722 E baseline.com.newsblur.network.APIResponse: 	at baseline.com.newsblur.network.APIResponse.<init>(APIResponse.java:57)
08-04 12:50:07.114 28585 30722 E baseline.com.newsblur.network.APIResponse: 	at baseline.com.newsblur.network.APIResponse.<init>(APIResponse.java:43)
08-04 12:50:07.114 28585 30722 E baseline.com.newsblur.network.APIResponse: 	at baseline.com.newsblur.network.APIManager.post_single(APIManager.java:702)
08-04 12:50:07.114 28585 30722 E baseline.com.newsblur.network.APIResponse: 	at baseline.com.newsblur.network.APIManager.post(APIManager.java:675)
08-04 12:50:07.114 28585 30722 E baseline.com.newsblur.network.APIResponse: 	at baseline.com.newsblur.network.APIManager.post(APIManager.java:714)
08-04 12:50:07.114 28585 30722 E baseline.com.newsblur.network.APIResponse: 	at baseline.com.newsblur.network.APIManager.markStoryAsRead(APIManager.java:205)
08-04 12:50:07.114 28585 30722 E baseline.com.newsblur.network.APIResponse: 	at baseline.com.newsblur.util.ReadingAction.doRemote(ReadingAction.java:281)
08-04 12:50:07.114 28585 30722 E baseline.com.newsblur.network.APIResponse: 	at baseline.com.newsblur.service.NBSyncService.syncActions(NBSyncService.java:400)
08-04 12:50:07.114 28585 30722 E baseline.com.newsblur.network.APIResponse: 	at baseline.com.newsblur.service.NBSyncService.doSync(NBSyncService.java:298)
08-04 12:50:07.114 28585 30722 E baseline.com.newsblur.network.APIResponse: 	at baseline.com.newsblur.service.NBSyncService.access$100(NBSyncService.java:67)
08-04 12:50:07.114 28585 30722 E baseline.com.newsblur.network.APIResponse: 	at baseline.com.newsblur.service.NBSyncService$1.run(NBSyncService.java:188)
08-04 12:50:07.114 28585 30722 E baseline.com.newsblur.network.APIResponse: 	at java.util.concurrent.ThreadPoolExecutor.runWorker(ThreadPoolExecutor.java:1113)
08-04 12:50:07.114 28585 30722 E baseline.com.newsblur.network.APIResponse: 	at java.util.concurrent.ThreadPoolExecutor$Worker.run(ThreadPoolExecutor.java:588)
08-04 12:50:07.114 28585 30722 E baseline.com.newsblur.network.APIResponse: 	at java.lang.Thread.run(Thread.java:818)
08-04 12:50:07.114 28585 30722 E baseline.com.newsblur.network.APIResponse: Caused by: java.io.EOFException: \n not found: limit=0 content=
08-04 12:50:07.114 28585 30722 E baseline.com.newsblur.network.APIResponse: 	at okio.RealBufferedSource.readUtf8LineStrict(RealBufferedSource.java:240)
08-04 12:50:07.114 28585 30722 E baseline.com.newsblur.network.APIResponse: 	at okhttp3.internal.http1.Http1ExchangeCodec.readHeaderLine(Http1ExchangeCodec.java:242)
08-04 12:50:07.114 28585 30722 E baseline.com.newsblur.network.APIResponse: 	at okhttp3.internal.http1.Http1ExchangeCodec.readResponseHeaders(Http1ExchangeCodec.java:213)
08-04 12:50:07.114 28585 30722 E baseline.com.newsblur.network.APIResponse: 	... 30 more
08-04 12:50:07.116 28585 30722 I baseline.com.newsblur.service.NBSyncService: Holding reading action with server-side or network error.
08-04 12:50:07.131 28585 30722 W baseline.com.newsblur.service.NBSyncService: hard API failure
08-04 12:50:07.164 28585 28837 I art     : Explicit concurrent mark sweep GC freed 4264(391KB) AllocSpace objects, 5(100KB) LOS objects, 27% free, 42MB/58MB, paused 1.746ms total 66.305ms
08-04 12:50:07.179 28585 28837 I art     : Starting a blocking GC Explicit
08-04 12:50:07.246 28585 28837 I art     : Explicit concurrent mark sweep GC freed 202(19KB) AllocSpace objects, 0(0B) LOS objects, 27% free, 41MB/57MB, paused 1.638ms total 67.128ms
08-04 12:50:07.262 28585 28837 I art     : Starting a blocking GC Explicit
08-04 12:50:07.332 28585 28837 I art     : Explicit concurrent mark sweep GC freed 25(832B) AllocSpace objects, 0(0B) LOS objects, 27% free, 41MB/57MB, paused 1.715ms total 69.577ms
08-04 12:50:07.347 28585 28837 I art     : Starting a blocking GC Explicit
08-04 12:50:07.416 28585 28837 I art     : Explicit concurrent mark sweep GC freed 3(96B) AllocSpace objects, 0(0B) LOS objects, 27% free, 41MB/57MB, paused 1.621ms total 68.155ms
08-04 12:50:07.431 28585 28837 I art     : Starting a blocking GC Explicit
08-04 12:50:07.500 28585 28837 I art     : Explicit concurrent mark sweep GC freed 1657(64KB) AllocSpace objects, 0(0B) LOS objects, 27% free, 41MB/57MB, paused 1.870ms total 68.065ms
08-04 12:50:07.519 28585 30722 E baseline.com.newsblur.network.APIResponse: Error (unexpected end of stream on https://www.newsblur.com/...) calling https://www.newsblur.com/reader/mark_story_hashes_as_read/
08-04 12:50:07.519 28585 30722 E baseline.com.newsblur.network.APIResponse: java.io.IOException: unexpected end of stream on https://www.newsblur.com/...
08-04 12:50:07.519 28585 30722 E baseline.com.newsblur.network.APIResponse: 	at okhttp3.internal.http1.Http1ExchangeCodec.readResponseHeaders(Http1ExchangeCodec.java:236)
08-04 12:50:07.519 28585 30722 E baseline.com.newsblur.network.APIResponse: 	at okhttp3.internal.connection.Exchange.readResponseHeaders(Exchange.java:115)
08-04 12:50:07.519 28585 30722 E baseline.com.newsblur.network.APIResponse: 	at okhttp3.internal.http.CallServerInterceptor.intercept(CallServerInterceptor.java:94)
08-04 12:50:07.519 28585 30722 E baseline.com.newsblur.network.APIResponse: 	at okhttp3.internal.http.RealInterceptorChain.proceed(RealInterceptorChain.java:142)
08-04 12:50:07.519 28585 30722 E baseline.com.newsblur.network.APIResponse: 	at okhttp3.internal.connection.ConnectInterceptor.intercept(ConnectInterceptor.java:43)
08-04 12:50:07.519 28585 30722 E baseline.com.newsblur.network.APIResponse: 	at okhttp3.internal.http.RealInterceptorChain.proceed(RealInterceptorChain.java:142)
08-04 12:50:07.519 28585 30722 E baseline.com.newsblur.network.APIResponse: 	at okhttp3.internal.http.RealInterceptorChain.proceed(RealInterceptorChain.java:117)
08-04 12:50:07.519 28585 30722 E baseline.com.newsblur.network.APIResponse: 	at okhttp3.internal.cache.CacheInterceptor.intercept(CacheInterceptor.java:94)
08-04 12:50:07.519 28585 30722 E baseline.com.newsblur.network.APIResponse: 	at okhttp3.internal.http.RealInterceptorChain.proceed(RealInterceptorChain.java:142)
08-04 12:50:07.519 28585 30722 E baseline.com.newsblur.network.APIResponse: 	at okhttp3.internal.http.RealInterceptorChain.proceed(RealInterceptorChain.java:117)
08-04 12:50:07.519 28585 30722 E baseline.com.newsblur.network.APIResponse: 	at okhttp3.internal.http.BridgeInterceptor.intercept(BridgeInterceptor.java:93)
08-04 12:50:07.519 28585 30722 E baseline.com.newsblur.network.APIResponse: 	at okhttp3.internal.http.RealInterceptorChain.proceed(RealInterceptorChain.java:142)
08-04 12:50:07.519 28585 30722 E baseline.com.newsblur.network.APIResponse: 	at okhttp3.internal.http.RetryAndFollowUpInterceptor.intercept(RetryAndFollowUpInterceptor.java:88)
08-04 12:50:07.519 28585 30722 E baseline.com.newsblur.network.APIResponse: 	at okhttp3.internal.http.RealInterceptorChain.proceed(RealInterceptorChain.java:142)
08-04 12:50:07.519 28585 30722 E baseline.com.newsblur.network.APIResponse: 	at okhttp3.internal.http.RealInterceptorChain.proceed(RealInterceptorChain.java:117)
08-04 12:50:07.519 28585 30722 E baseline.com.newsblur.network.APIResponse: 	at okhttp3.RealCall.getResponseWithInterceptorChain(RealCall.java:229)
08-04 12:50:07.519 28585 30722 E baseline.com.newsblur.network.APIResponse: 	at okhttp3.RealCall.execute(RealCall.java:81)
08-04 12:50:07.519 28585 30722 E baseline.com.newsblur.network.APIResponse: 	at baseline.com.newsblur.network.APIResponse.<init>(APIResponse.java:57)
08-04 12:50:07.519 28585 30722 E baseline.com.newsblur.network.APIResponse: 	at baseline.com.newsblur.network.APIResponse.<init>(APIResponse.java:43)
08-04 12:50:07.519 28585 30722 E baseline.com.newsblur.network.APIResponse: 	at baseline.com.newsblur.network.APIManager.post_single(APIManager.java:702)
08-04 12:50:07.519 28585 30722 E baseline.com.newsblur.network.APIResponse: 	at baseline.com.newsblur.network.APIManager.post(APIManager.java:675)
08-04 12:50:07.519 28585 30722 E baseline.com.newsblur.network.APIResponse: 	at baseline.com.newsblur.network.APIManager.post(APIManager.java:714)
08-04 12:50:07.519 28585 30722 E baseline.com.newsblur.network.APIResponse: 	at baseline.com.newsblur.network.APIManager.markStoryAsRead(APIManager.java:205)
08-04 12:50:07.519 28585 30722 E baseline.com.newsblur.network.APIResponse: 	at baseline.com.newsblur.util.ReadingAction.doRemote(ReadingAction.java:281)
08-04 12:50:07.519 28585 30722 E baseline.com.newsblur.network.APIResponse: 	at baseline.com.newsblur.service.NBSyncService.syncActions(NBSyncService.java:400)
08-04 12:50:07.519 28585 30722 E baseline.com.newsblur.network.APIResponse: 	at baseline.com.newsblur.service.NBSyncService.doSync(NBSyncService.java:298)
08-04 12:50:07.519 28585 30722 E baseline.com.newsblur.network.APIResponse: 	at baseline.com.newsblur.service.NBSyncService.access$100(NBSyncService.java:67)
08-04 12:50:07.519 28585 30722 E baseline.com.newsblur.network.APIResponse: 	at baseline.com.newsblur.service.NBSyncService$1.run(NBSyncService.java:188)
08-04 12:50:07.519 28585 30722 E baseline.com.newsblur.network.APIResponse: 	at java.util.concurrent.ThreadPoolExecutor.runWorker(ThreadPoolExecutor.java:1113)
08-04 12:50:07.519 28585 30722 E baseline.com.newsblur.network.APIResponse: 	at java.util.concurrent.ThreadPoolExecutor$Worker.run(ThreadPoolExecutor.java:588)
08-04 12:50:07.519 28585 30722 E baseline.com.newsblur.network.APIResponse: 	at java.lang.Thread.run(Thread.java:818)
08-04 12:50:07.519 28585 30722 E baseline.com.newsblur.network.APIResponse: Caused by: java.io.EOFException: \n not found: limit=0 content=
08-04 12:50:07.519 28585 30722 E baseline.com.newsblur.network.APIResponse: 	at okio.RealBufferedSource.readUtf8LineStrict(RealBufferedSource.java:240)
08-04 12:50:07.519 28585 30722 E baseline.com.newsblur.network.APIResponse: 	at okhttp3.internal.http1.Http1ExchangeCodec.readHeaderLine(Http1ExchangeCodec.java:242)
08-04 12:50:07.519 28585 30722 E baseline.com.newsblur.network.APIResponse: 	at okhttp3.internal.http1.Http1ExchangeCodec.readResponseHeaders(Http1ExchangeCodec.java:213)
08-04 12:50:07.519 28585 30722 E baseline.com.newsblur.network.APIResponse: 	... 30 more
08-04 12:50:07.521 28585 30722 I baseline.com.newsblur.network.APIManager: API call failed, pausing before retry number 1
08-04 12:50:07.839   518   646 I ThermalEngine: ACTION: GPU - Setting GPU[0] to 510000000
08-04 12:50:07.901 28585 28597 I art     : Starting a blocking GC Explicit
08-04 12:50:07.955 28585 28597 I art     : Explicit concurrent mark sweep GC freed 2333(295KB) AllocSpace objects, 3(60KB) LOS objects, 27% free, 41MB/57MB, paused 1.195ms total 53.543ms
08-04 12:50:07.970 28585 28597 I art     : Starting a blocking GC Explicit
08-04 12:50:08.018 28585 28597 I art     : Explicit concurrent mark sweep GC freed 74(2848B) AllocSpace objects, 0(0B) LOS objects, 27% free, 41MB/57MB, paused 1.281ms total 47.629ms
08-04 12:50:08.030 28585 28597 I art     : Starting a blocking GC Explicit
08-04 12:50:08.061 13866 13882 I PeriodicStatsRunner: PeriodicStatsRunner.call():175 call()
08-04 12:50:08.061 13866 13882 I PeriodicStatsRunner: PeriodicStatsRunner.call():179 No submit PeriodicStats since input started.
08-04 12:50:08.078 28585 28597 I art     : Explicit concurrent mark sweep GC freed 3(96B) AllocSpace objects, 0(0B) LOS objects, 27% free, 41MB/57MB, paused 1.265ms total 47.999ms
08-04 12:50:08.089 28585 28597 I art     : Starting a blocking GC Explicit
08-04 12:50:08.138 28585 28597 I art     : Explicit concurrent mark sweep GC freed 3(96B) AllocSpace objects, 0(0B) LOS objects, 27% free, 41MB/57MB, paused 1.245ms total 48.499ms
08-04 12:50:08.150 28585 28597 I art     : Starting a blocking GC Explicit
08-04 12:50:08.200 28585 28597 I art     : Explicit concurrent mark sweep GC freed 3(96B) AllocSpace objects, 0(0B) LOS objects, 27% free, 41MB/57MB, paused 1.216ms total 49.988ms
08-04 12:50:08.558 28585 29451 I art     : Starting a blocking GC Explicit
08-04 12:50:08.610 28585 29451 I art     : Explicit concurrent mark sweep GC freed 1442(83KB) AllocSpace objects, 1(20KB) LOS objects, 27% free, 41MB/57MB, paused 1.206ms total 51.598ms
08-04 12:50:08.622 28585 29451 I art     : Starting a blocking GC Explicit
08-04 12:50:08.667 28585 29451 I art     : Explicit concurrent mark sweep GC freed 22(784B) AllocSpace objects, 0(0B) LOS objects, 27% free, 41MB/57MB, paused 1.124ms total 44.644ms
08-04 12:50:08.678 28585 29451 I art     : Starting a blocking GC Explicit
08-04 12:50:08.726 28585 29451 I art     : Explicit concurrent mark sweep GC freed 3(96B) AllocSpace objects, 0(0B) LOS objects, 27% free, 41MB/57MB, paused 1.195ms total 47.760ms
08-04 12:50:08.738 28585 29451 I art     : Starting a blocking GC Explicit
08-04 12:50:08.790 28585 29451 I art     : Explicit concurrent mark sweep GC freed 3(96B) AllocSpace objects, 0(0B) LOS objects, 27% free, 41MB/57MB, paused 1.261ms total 51.046ms
08-04 12:50:08.801 28585 29451 I art     : Starting a blocking GC Explicit
08-04 12:50:08.852 28585 29451 I art     : Explicit concurrent mark sweep GC freed 3(96B) AllocSpace objects, 0(0B) LOS objects, 27% free, 41MB/57MB, paused 1.153ms total 50.477ms
08-04 12:50:09.230 28585 28598 I art     : Starting a blocking GC Explicit
08-04 12:50:09.282 28585 28598 I art     : Explicit concurrent mark sweep GC freed 1606(91KB) AllocSpace objects, 1(20KB) LOS objects, 27% free, 41MB/57MB, paused 1.214ms total 51.750ms
08-04 12:50:09.293 28585 28598 I art     : Starting a blocking GC Explicit
08-04 12:50:09.342 28585 28598 I art     : Explicit concurrent mark sweep GC freed 28(1040B) AllocSpace objects, 0(0B) LOS objects, 27% free, 41MB/57MB, paused 1.307ms total 48.715ms
08-04 12:50:09.354 28585 28598 I art     : Starting a blocking GC Explicit
08-04 12:50:09.403 28585 28598 I art     : Explicit concurrent mark sweep GC freed 3(96B) AllocSpace objects, 0(0B) LOS objects, 27% free, 41MB/57MB, paused 1.207ms total 49.141ms
08-04 12:50:09.415 28585 28598 I art     : Starting a blocking GC Explicit
08-04 12:50:09.466 28585 28598 I art     : Explicit concurrent mark sweep GC freed 3(96B) AllocSpace objects, 0(0B) LOS objects, 27% free, 41MB/57MB, paused 1.218ms total 50.549ms
08-04 12:50:09.477 28585 28598 I art     : Starting a blocking GC Explicit
08-04 12:50:09.528 28585 28598 I art     : Explicit concurrent mark sweep GC freed 892(37KB) AllocSpace objects, 0(0B) LOS objects, 27% free, 41MB/57MB, paused 1.505ms total 50.381ms
08-04 12:50:09.577 28585 30722 E baseline.com.newsblur.network.APIResponse: Error (unexpected end of stream on https://www.newsblur.com/...) calling https://www.newsblur.com/reader/mark_story_hashes_as_read/
08-04 12:50:09.577 28585 30722 E baseline.com.newsblur.network.APIResponse: java.io.IOException: unexpected end of stream on https://www.newsblur.com/...
08-04 12:50:09.577 28585 30722 E baseline.com.newsblur.network.APIResponse: 	at okhttp3.internal.http1.Http1ExchangeCodec.readResponseHeaders(Http1ExchangeCodec.java:236)
08-04 12:50:09.577 28585 30722 E baseline.com.newsblur.network.APIResponse: 	at okhttp3.internal.connection.Exchange.readResponseHeaders(Exchange.java:115)
08-04 12:50:09.577 28585 30722 E baseline.com.newsblur.network.APIResponse: 	at okhttp3.internal.http.CallServerInterceptor.intercept(CallServerInterceptor.java:94)
08-04 12:50:09.577 28585 30722 E baseline.com.newsblur.network.APIResponse: 	at okhttp3.internal.http.RealInterceptorChain.proceed(RealInterceptorChain.java:142)
08-04 12:50:09.577 28585 30722 E baseline.com.newsblur.network.APIResponse: 	at okhttp3.internal.connection.ConnectInterceptor.intercept(ConnectInterceptor.java:43)
08-04 12:50:09.577 28585 30722 E baseline.com.newsblur.network.APIResponse: 	at okhttp3.internal.http.RealInterceptorChain.proceed(RealInterceptorChain.java:142)
08-04 12:50:09.577 28585 30722 E baseline.com.newsblur.network.APIResponse: 	at okhttp3.internal.http.RealInterceptorChain.proceed(RealInterceptorChain.java:117)
08-04 12:50:09.577 28585 30722 E baseline.com.newsblur.network.APIResponse: 	at okhttp3.internal.cache.CacheInterceptor.intercept(CacheInterceptor.java:94)
08-04 12:50:09.577 28585 30722 E baseline.com.newsblur.network.APIResponse: 	at okhttp3.internal.http.RealInterceptorChain.proceed(RealInterceptorChain.java:142)
08-04 12:50:09.577 28585 30722 E baseline.com.newsblur.network.APIResponse: 	at okhttp3.internal.http.RealInterceptorChain.proceed(RealInterceptorChain.java:117)
08-04 12:50:09.577 28585 30722 E baseline.com.newsblur.network.APIResponse: 	at okhttp3.internal.http.BridgeInterceptor.intercept(BridgeInterceptor.java:93)
08-04 12:50:09.577 28585 30722 E baseline.com.newsblur.network.APIResponse: 	at okhttp3.internal.http.RealInterceptorChain.proceed(RealInterceptorChain.java:142)
08-04 12:50:09.577 28585 30722 E baseline.com.newsblur.network.APIResponse: 	at okhttp3.internal.http.RetryAndFollowUpInterceptor.intercept(RetryAndFollowUpInterceptor.java:88)
08-04 12:50:09.577 28585 30722 E baseline.com.newsblur.network.APIResponse: 	at okhttp3.internal.http.RealInterceptorChain.proceed(RealInterceptorChain.java:142)
08-04 12:50:09.577 28585 30722 E baseline.com.newsblur.network.APIResponse: 	at okhttp3.internal.http.RealInterceptorChain.proceed(RealInterceptorChain.java:117)
08-04 12:50:09.577 28585 30722 E baseline.com.newsblur.network.APIResponse: 	at okhttp3.RealCall.getResponseWithInterceptorChain(RealCall.java:229)
08-04 12:50:09.577 28585 30722 E baseline.com.newsblur.network.APIResponse: 	at okhttp3.RealCall.execute(RealCall.java:81)
08-04 12:50:09.577 28585 30722 E baseline.com.newsblur.network.APIResponse: 	at baseline.com.newsblur.network.APIResponse.<init>(APIResponse.java:57)
08-04 12:50:09.577 28585 30722 E baseline.com.newsblur.network.APIResponse: 	at baseline.com.newsblur.network.APIResponse.<init>(APIResponse.java:43)
08-04 12:50:09.577 28585 30722 E baseline.com.newsblur.network.APIResponse: 	at baseline.com.newsblur.network.APIManager.post_single(APIManager.java:702)
08-04 12:50:09.577 28585 30722 E baseline.com.newsblur.network.APIResponse: 	at baseline.com.newsblur.network.APIManager.post(APIManager.java:675)
08-04 12:50:09.577 28585 30722 E baseline.com.newsblur.network.APIResponse: 	at baseline.com.newsblur.network.APIManager.post(APIManager.java:714)
08-04 12:50:09.577 28585 30722 E baseline.com.newsblur.network.APIResponse: 	at baseline.com.newsblur.network.APIManager.markStoryAsRead(APIManager.java:205)
08-04 12:50:09.577 28585 30722 E baseline.com.newsblur.network.APIResponse: 	at baseline.com.newsblur.util.ReadingAction.doRemote(ReadingAction.java:281)
08-04 12:50:09.577 28585 30722 E baseline.com.newsblur.network.APIResponse: 	at baseline.com.newsblur.service.NBSyncService.syncActions(NBSyncService.java:400)
08-04 12:50:09.577 28585 30722 E baseline.com.newsblur.network.APIResponse: 	at baseline.com.newsblur.service.NBSyncService.doSync(NBSyncService.java:298)
08-04 12:50:09.577 28585 30722 E baseline.com.newsblur.network.APIResponse: 	at baseline.com.newsblur.service.NBSyncService.access$100(NBSyncService.java:67)
08-04 12:50:09.577 28585 30722 E baseline.com.newsblur.network.APIResponse: 	at baseline.com.newsblur.service.NBSyncService$1.run(NBSyncService.java:188)
08-04 12:50:09.577 28585 30722 E baseline.com.newsblur.network.APIResponse: 	at java.util.concurrent.ThreadPoolExecutor.runWorker(ThreadPoolExecutor.java:1113)
08-04 12:50:09.577 28585 30722 E baseline.com.newsblur.network.APIResponse: 	at java.util.concurrent.ThreadPoolExecutor$Worker.run(ThreadPoolExecutor.java:588)
08-04 12:50:09.577 28585 30722 E baseline.com.newsblur.network.APIResponse: 	at java.lang.Thread.run(Thread.java:818)
08-04 12:50:09.577 28585 30722 E baseline.com.newsblur.network.APIResponse: Caused by: java.io.EOFException: \n not found: limit=0 content=
08-04 12:50:09.577 28585 30722 E baseline.com.newsblur.network.APIResponse: 	at okio.RealBufferedSource.readUtf8LineStrict(RealBufferedSource.java:240)
08-04 12:50:09.577 28585 30722 E baseline.com.newsblur.network.APIResponse: 	at okhttp3.internal.http1.Http1ExchangeCodec.readHeaderLine(Http1ExchangeCodec.java:242)
08-04 12:50:09.577 28585 30722 E baseline.com.newsblur.network.APIResponse: 	at okhttp3.internal.http1.Http1ExchangeCodec.readResponseHeaders(Http1ExchangeCodec.java:213)
08-04 12:50:09.577 28585 30722 E baseline.com.newsblur.network.APIResponse: 	... 30 more
08-04 12:50:09.579 28585 30722 I baseline.com.newsblur.network.APIManager: API call failed, pausing before retry number 2
08-04 12:50:09.890 28585 28837 I art     : Starting a blocking GC Explicit
08-04 12:50:09.946 28585 28837 I art     : Explicit concurrent mark sweep GC freed 3086(320KB) AllocSpace objects, 3(60KB) LOS objects, 27% free, 41MB/57MB, paused 1.590ms total 55.714ms
08-04 12:50:09.960 28585 28837 I art     : Starting a blocking GC Explicit
08-04 12:50:10.008 28585 28837 I art     : Explicit concurrent mark sweep GC freed 83(3KB) AllocSpace objects, 0(0B) LOS objects, 27% free, 41MB/57MB, paused 1.233ms total 47.432ms
08-04 12:50:10.019 28585 28837 I art     : Starting a blocking GC Explicit
08-04 12:50:10.069 28585 28837 I art     : Explicit concurrent mark sweep GC freed 3(96B) AllocSpace objects, 0(0B) LOS objects, 27% free, 41MB/57MB, paused 1.225ms total 49.053ms
08-04 12:50:10.080 28585 28837 I art     : Starting a blocking GC Explicit
08-04 12:50:10.129 28585 28837 I art     : Explicit concurrent mark sweep GC freed 3(96B) AllocSpace objects, 0(0B) LOS objects, 27% free, 41MB/57MB, paused 1.213ms total 48.372ms
08-04 12:50:10.140 28585 28837 I art     : Starting a blocking GC Explicit
08-04 12:50:10.190 28585 28837 I art     : Explicit concurrent mark sweep GC freed 3(96B) AllocSpace objects, 0(0B) LOS objects, 27% free, 41MB/57MB, paused 1.181ms total 49.282ms
08-04 12:50:10.567 28585 28597 I art     : Starting a blocking GC Explicit
08-04 12:50:10.619 28585 28597 I art     : Explicit concurrent mark sweep GC freed 1441(82KB) AllocSpace objects, 1(20KB) LOS objects, 27% free, 41MB/57MB, paused 1.260ms total 51.673ms
08-04 12:50:10.633 28585 28597 I art     : Starting a blocking GC Explicit
08-04 12:50:10.681 28585 28597 I art     : Explicit concurrent mark sweep GC freed 22(784B) AllocSpace objects, 0(0B) LOS objects, 27% free, 41MB/57MB, paused 1.172ms total 47.838ms
08-04 12:50:10.693 28585 28597 I art     : Starting a blocking GC Explicit
08-04 12:50:10.742 28585 28597 I art     : Explicit concurrent mark sweep GC freed 3(96B) AllocSpace objects, 0(0B) LOS objects, 27% free, 41MB/57MB, paused 1.210ms total 48.677ms
08-04 12:50:10.753 28585 28597 I art     : Starting a blocking GC Explicit
08-04 12:50:10.804 28585 28597 I art     : Explicit concurrent mark sweep GC freed 3(96B) AllocSpace objects, 0(0B) LOS objects, 27% free, 41MB/57MB, paused 1.200ms total 49.986ms
08-04 12:50:10.815 28585 28597 I art     : Starting a blocking GC Explicit
08-04 12:50:10.865 28585 28597 I art     : Explicit concurrent mark sweep GC freed 3(96B) AllocSpace objects, 0(0B) LOS objects, 27% free, 41MB/57MB, paused 1.214ms total 49.600ms
08-04 12:50:11.241 28585 29451 I art     : Starting a blocking GC Explicit
08-04 12:50:11.292 28585 29451 I art     : Explicit concurrent mark sweep GC freed 1441(82KB) AllocSpace objects, 1(20KB) LOS objects, 27% free, 41MB/57MB, paused 1.119ms total 50.382ms
08-04 12:50:11.303 28585 29451 I art     : Starting a blocking GC Explicit
08-04 12:50:11.351 28585 29451 I art     : Explicit concurrent mark sweep GC freed 22(784B) AllocSpace objects, 0(0B) LOS objects, 27% free, 41MB/57MB, paused 1.195ms total 48.102ms
08-04 12:50:11.363 28585 29451 I art     : Starting a blocking GC Explicit
08-04 12:50:11.412 28585 29451 I art     : Explicit concurrent mark sweep GC freed 3(96B) AllocSpace objects, 0(0B) LOS objects, 27% free, 41MB/57MB, paused 1.196ms total 49.172ms
08-04 12:50:11.424 28585 29451 I art     : Starting a blocking GC Explicit
08-04 12:50:11.472 28585 29451 I art     : Explicit concurrent mark sweep GC freed 3(96B) AllocSpace objects, 0(0B) LOS objects, 27% free, 41MB/57MB, paused 1.104ms total 47.768ms
08-04 12:50:11.484 28585 29451 I art     : Starting a blocking GC Explicit
08-04 12:50:11.533 28585 29451 I art     : Explicit concurrent mark sweep GC freed 3(96B) AllocSpace objects, 0(0B) LOS objects, 27% free, 41MB/57MB, paused 1.172ms total 49.612ms
08-04 12:50:11.912 28585 28598 I art     : Starting a blocking GC Explicit
08-04 12:50:11.964 28585 28598 I art     : Explicit concurrent mark sweep GC freed 1442(82KB) AllocSpace objects, 1(20KB) LOS objects, 27% free, 41MB/57MB, paused 1.206ms total 51.186ms
08-04 12:50:11.978 28585 28598 I art     : Starting a blocking GC Explicit
08-04 12:50:12.027 28585 28598 I art     : Explicit concurrent mark sweep GC freed 22(784B) AllocSpace objects, 0(0B) LOS objects, 27% free, 41MB/57MB, paused 1.169ms total 48.361ms
08-04 12:50:12.038 28585 28598 I art     : Starting a blocking GC Explicit
08-04 12:50:12.087 28585 28598 I art     : Explicit concurrent mark sweep GC freed 3(96B) AllocSpace objects, 0(0B) LOS objects, 27% free, 41MB/57MB, paused 1.154ms total 48.279ms
08-04 12:50:12.098 28585 28598 I art     : Starting a blocking GC Explicit
08-04 12:50:12.148 28585 28598 I art     : Explicit concurrent mark sweep GC freed 3(96B) AllocSpace objects, 0(0B) LOS objects, 27% free, 41MB/57MB, paused 1.251ms total 49.607ms
08-04 12:50:12.160 28585 28598 I art     : Starting a blocking GC Explicit
08-04 12:50:12.209 28585 28598 I art     : Explicit concurrent mark sweep GC freed 3(96B) AllocSpace objects, 0(0B) LOS objects, 27% free, 41MB/57MB, paused 1.202ms total 49.002ms
08-04 12:50:12.587 28585 28837 I art     : Starting a blocking GC Explicit
08-04 12:50:12.639 28585 28837 I art     : Explicit concurrent mark sweep GC freed 1532(86KB) AllocSpace objects, 1(20KB) LOS objects, 27% free, 41MB/57MB, paused 1.289ms total 51.733ms
08-04 12:50:12.651 28585 28837 I art     : Starting a blocking GC Explicit
08-04 12:50:12.699 28585 28837 I art     : Explicit concurrent mark sweep GC freed 40(1600B) AllocSpace objects, 0(0B) LOS objects, 27% free, 41MB/57MB, paused 1.228ms total 48.014ms
08-04 12:50:12.711 28585 28837 I art     : Starting a blocking GC Explicit
08-04 12:50:12.760 28585 28837 I art     : Explicit concurrent mark sweep GC freed 65(4KB) AllocSpace objects, 0(0B) LOS objects, 27% free, 41MB/57MB, paused 1.262ms total 49.713ms
08-04 12:50:12.772 28585 28837 I art     : Starting a blocking GC Explicit
08-04 12:50:12.822 28585 28837 I art     : Explicit concurrent mark sweep GC freed 3(96B) AllocSpace objects, 0(0B) LOS objects, 27% free, 41MB/57MB, paused 1.198ms total 48.915ms
08-04 12:50:12.833 28585 28837 I art     : Starting a blocking GC Explicit
08-04 12:50:12.884 28585 28837 I art     : Explicit concurrent mark sweep GC freed 3(96B) AllocSpace objects, 0(0B) LOS objects, 27% free, 41MB/57MB, paused 1.277ms total 50.594ms
08-04 12:50:13.138 28585 30722 E baseline.com.newsblur.network.APIResponse: Error (unexpected end of stream on https://www.newsblur.com/...) calling https://www.newsblur.com/reader/mark_story_hashes_as_read/
08-04 12:50:13.138 28585 30722 E baseline.com.newsblur.network.APIResponse: java.io.IOException: unexpected end of stream on https://www.newsblur.com/...
08-04 12:50:13.138 28585 30722 E baseline.com.newsblur.network.APIResponse: 	at okhttp3.internal.http1.Http1ExchangeCodec.readResponseHeaders(Http1ExchangeCodec.java:236)
08-04 12:50:13.138 28585 30722 E baseline.com.newsblur.network.APIResponse: 	at okhttp3.internal.connection.Exchange.readResponseHeaders(Exchange.java:115)
08-04 12:50:13.138 28585 30722 E baseline.com.newsblur.network.APIResponse: 	at okhttp3.internal.http.CallServerInterceptor.intercept(CallServerInterceptor.java:94)
08-04 12:50:13.138 28585 30722 E baseline.com.newsblur.network.APIResponse: 	at okhttp3.internal.http.RealInterceptorChain.proceed(RealInterceptorChain.java:142)
08-04 12:50:13.138 28585 30722 E baseline.com.newsblur.network.APIResponse: 	at okhttp3.internal.connection.ConnectInterceptor.intercept(ConnectInterceptor.java:43)
08-04 12:50:13.138 28585 30722 E baseline.com.newsblur.network.APIResponse: 	at okhttp3.internal.http.RealInterceptorChain.proceed(RealInterceptorChain.java:142)
08-04 12:50:13.138 28585 30722 E baseline.com.newsblur.network.APIResponse: 	at okhttp3.internal.http.RealInterceptorChain.proceed(RealInterceptorChain.java:117)
08-04 12:50:13.138 28585 30722 E baseline.com.newsblur.network.APIResponse: 	at okhttp3.internal.cache.CacheInterceptor.intercept(CacheInterceptor.java:94)
08-04 12:50:13.138 28585 30722 E baseline.com.newsblur.network.APIResponse: 	at okhttp3.internal.http.RealInterceptorChain.proceed(RealInterceptorChain.java:142)
08-04 12:50:13.138 28585 30722 E baseline.com.newsblur.network.APIResponse: 	at okhttp3.internal.http.RealInterceptorChain.proceed(RealInterceptorChain.java:117)
08-04 12:50:13.138 28585 30722 E baseline.com.newsblur.network.APIResponse: 	at okhttp3.internal.http.BridgeInterceptor.intercept(BridgeInterceptor.java:93)
08-04 12:50:13.138 28585 30722 E baseline.com.newsblur.network.APIResponse: 	at okhttp3.internal.http.RealInterceptorChain.proceed(RealInterceptorChain.java:142)
08-04 12:50:13.138 28585 30722 E baseline.com.newsblur.network.APIResponse: 	at okhttp3.internal.http.RetryAndFollowUpInterceptor.intercept(RetryAndFollowUpInterceptor.java:88)
08-04 12:50:13.138 28585 30722 E baseline.com.newsblur.network.APIResponse: 	at okhttp3.internal.http.RealInterceptorChain.proceed(RealInterceptorChain.java:142)
08-04 12:50:13.138 28585 30722 E baseline.com.newsblur.network.APIResponse: 	at okhttp3.internal.http.RealInterceptorChain.proceed(RealInterceptorChain.java:117)
08-04 12:50:13.138 28585 30722 E baseline.com.newsblur.network.APIResponse: 	at okhttp3.RealCall.getResponseWithInterceptorChain(RealCall.java:229)
08-04 12:50:13.138 28585 30722 E baseline.com.newsblur.network.APIResponse: 	at okhttp3.RealCall.execute(RealCall.java:81)
08-04 12:50:13.138 28585 30722 E baseline.com.newsblur.network.APIResponse: 	at baseline.com.newsblur.network.APIResponse.<init>(APIResponse.java:57)
08-04 12:50:13.138 28585 30722 E baseline.com.newsblur.network.APIResponse: 	at baseline.com.newsblur.network.APIResponse.<init>(APIResponse.java:43)
08-04 12:50:13.138 28585 30722 E baseline.com.newsblur.network.APIResponse: 	at baseline.com.newsblur.network.APIManager.post_single(APIManager.java:702)
08-04 12:50:13.138 28585 30722 E baseline.com.newsblur.network.APIResponse: 	at baseline.com.newsblur.network.APIManager.post(APIManager.java:675)
08-04 12:50:13.138 28585 30722 E baseline.com.newsblur.network.APIResponse: 	at baseline.com.newsblur.network.APIManager.post(APIManager.java:714)
08-04 12:50:13.138 28585 30722 E baseline.com.newsblur.network.APIResponse: 	at baseline.com.newsblur.network.APIManager.markStoryAsRead(APIManager.java:205)
08-04 12:50:13.138 28585 30722 E baseline.com.newsblur.network.APIResponse: 	at baseline.com.newsblur.util.ReadingAction.doRemote(ReadingAction.java:281)
08-04 12:50:13.138 28585 30722 E baseline.com.newsblur.network.APIResponse: 	at baseline.com.newsblur.service.NBSyncService.syncActions(NBSyncService.java:400)
08-04 12:50:13.138 28585 30722 E baseline.com.newsblur.network.APIResponse: 	at baseline.com.newsblur.service.NBSyncService.doSync(NBSyncService.java:298)
08-04 12:50:13.138 28585 30722 E baseline.com.newsblur.network.APIResponse: 	at baseline.com.newsblur.service.NBSyncService.access$100(NBSyncService.java:67)
08-04 12:50:13.138 28585 30722 E baseline.com.newsblur.network.APIResponse: 	at baseline.com.newsblur.service.NBSyncService$1.run(NBSyncService.java:188)
08-04 12:50:13.138 28585 30722 E baseline.com.newsblur.network.APIResponse: 	at java.util.concurrent.ThreadPoolExecutor.runWorker(ThreadPoolExecutor.java:1113)
08-04 12:50:13.138 28585 30722 E baseline.com.newsblur.network.APIResponse: 	at java.util.concurrent.ThreadPoolExecutor$Worker.run(ThreadPoolExecutor.java:588)
08-04 12:50:13.138 28585 30722 E baseline.com.newsblur.network.APIResponse: 	at java.lang.Thread.run(Thread.java:818)
08-04 12:50:13.138 28585 30722 E baseline.com.newsblur.network.APIResponse: Caused by: java.io.EOFException: \n not found: limit=0 content=
08-04 12:50:13.138 28585 30722 E baseline.com.newsblur.network.APIResponse: 	at okio.RealBufferedSource.readUtf8LineStrict(RealBufferedSource.java:240)
08-04 12:50:13.138 28585 30722 E baseline.com.newsblur.network.APIResponse: 	at okhttp3.internal.http1.Http1ExchangeCodec.readHeaderLine(Http1ExchangeCodec.java:242)
08-04 12:50:13.138 28585 30722 E baseline.com.newsblur.network.APIResponse: 	at okhttp3.internal.http1.Http1ExchangeCodec.readResponseHeaders(Http1ExchangeCodec.java:213)
08-04 12:50:13.138 28585 30722 E baseline.com.newsblur.network.APIResponse: 	... 30 more
08-04 12:50:13.139 28585 30722 I baseline.com.newsblur.service.NBSyncService: Holding reading action with server-side or network error.
08-04 12:50:13.147 28585 30722 W baseline.com.newsblur.service.NBSyncService: hard API failure
08-04 12:50:13.204 28585 28597 I art     : Starting a blocking GC Explicit
08-04 12:50:13.257 28585 28597 I art     : Explicit concurrent mark sweep GC freed 4347(406KB) AllocSpace objects, 5(100KB) LOS objects, 27% free, 41MB/57MB, paused 1.364ms total 52.182ms
08-04 12:50:13.269 28585 28597 I art     : Starting a blocking GC Explicit
08-04 12:50:13.318 28585 28597 I art     : Explicit concurrent mark sweep GC freed 129(4KB) AllocSpace objects, 0(0B) LOS objects, 27% free, 41MB/57MB, paused 1.307ms total 48.152ms
08-04 12:50:13.329 28585 28597 I art     : Starting a blocking GC Explicit
08-04 12:50:13.377 28585 28597 I art     : Explicit concurrent mark sweep GC freed 3(96B) AllocSpace objects, 0(0B) LOS objects, 27% free, 41MB/57MB, paused 1.217ms total 47.609ms
08-04 12:50:13.389 28585 28597 I art     : Starting a blocking GC Explicit
08-04 12:50:13.398 30904 30904 D AndroidRuntime: >>>>>> START com.android.internal.os.RuntimeInit uid 2000 <<<<<<
08-04 12:50:13.403 30904 30904 D AndroidRuntime: CheckJNI is OFF
08-04 12:50:13.436 28585 28597 I art     : Explicit concurrent mark sweep GC freed 3(96B) AllocSpace objects, 0(0B) LOS objects, 27% free, 41MB/57MB, paused 1.276ms total 47.343ms
08-04 12:50:13.436 30904 30904 D ICU     : No timezone override file found: /data/misc/zoneinfo/current/icu/icu_tzdata.dat
08-04 12:50:13.448 28585 28597 I art     : Starting a blocking GC Explicit
08-04 12:50:13.470 30904 30904 I Radio-JNI: register_android_hardware_Radio DONE
08-04 12:50:13.492 30904 30904 D AndroidRuntime: Calling main entry com.android.commands.input.Input
08-04 12:50:13.494 30904 30904 I Input   : injectMotionEvent: MotionEvent { action=ACTION_DOWN, actionButton=0, id[0]=0, x[0]=436.0, y[0]=453.0, toolType[0]=TOOL_TYPE_UNKNOWN, buttonState=0, metaState=0, flags=0x0, edgeFlags=0x0, pointerCount=1, historySize=0, eventTime=708629907, downTime=708629907, deviceId=0, source=0x1002 }
08-04 12:50:13.496 28585 28597 I art     : Explicit concurrent mark sweep GC freed 3(96B) AllocSpace objects, 0(0B) LOS objects, 27% free, 41MB/57MB, paused 1.235ms total 47.973ms
08-04 12:50:13.499 30904 30904 I Input   : injectMotionEvent: MotionEvent { action=ACTION_UP, actionButton=0, id[0]=0, x[0]=436.0, y[0]=453.0, toolType[0]=TOOL_TYPE_UNKNOWN, buttonState=0, metaState=0, flags=0x0, edgeFlags=0x0, pointerCount=1, historySize=0, eventTime=708629907, downTime=708629907, deviceId=0, source=0x1002 }
08-04 12:50:13.501 30904 30904 D AndroidRuntime: Shutting down VM
08-04 12:50:13.512   512  2967 D audio_hw_primary: out_set_parameters: enter: usecase(1: low-latency-playback) kvpairs: routing=2
08-04 12:50:13.515   918   928 I ActivityManager: START u0 {cmp=baseline.com.newsblur/.activity.AllSharedStoriesReading (has extras)} from uid 10652 on display 0
08-04 12:50:13.524   512  2967 D audio_hw_primary: select_devices: out_snd_device(2: speaker) in_snd_device(0: none)
08-04 12:50:13.525   512  2967 D msm8974_platform: platform_send_audio_calibration: sending audio calibration for snd_device(2) acdb_id(15)
08-04 12:50:13.525   512  2967 I soundtrigger: audio_extn_sound_trigger_update_device_status: device 0x2 of type 0 for Event 1
08-04 12:50:13.536   512  2967 D audio_hw_primary: enable_snd_device: snd_device(2: speaker)
08-04 12:50:13.538   512  2967 D audio_hw_primary: enable_audio_route: apply and update mixer path: low-latency-playback speaker
08-04 12:50:13.543 28585 30722 E baseline.com.newsblur.network.APIResponse: Error (unexpected end of stream on https://www.newsblur.com/...) calling https://www.newsblur.com/reader/mark_story_hashes_as_read/
08-04 12:50:13.543 28585 30722 E baseline.com.newsblur.network.APIResponse: java.io.IOException: unexpected end of stream on https://www.newsblur.com/...
08-04 12:50:13.543 28585 30722 E baseline.com.newsblur.network.APIResponse: 	at okhttp3.internal.http1.Http1ExchangeCodec.readResponseHeaders(Http1ExchangeCodec.java:236)
08-04 12:50:13.543 28585 30722 E baseline.com.newsblur.network.APIResponse: 	at okhttp3.internal.connection.Exchange.readResponseHeaders(Exchange.java:115)
08-04 12:50:13.543 28585 30722 E baseline.com.newsblur.network.APIResponse: 	at okhttp3.internal.http.CallServerInterceptor.intercept(CallServerInterceptor.java:94)
08-04 12:50:13.543 28585 30722 E baseline.com.newsblur.network.APIResponse: 	at okhttp3.internal.http.RealInterceptorChain.proceed(RealInterceptorChain.java:142)
08-04 12:50:13.543 28585 30722 E baseline.com.newsblur.network.APIResponse: 	at okhttp3.internal.connection.ConnectInterceptor.intercept(ConnectInterceptor.java:43)
08-04 12:50:13.543 28585 30722 E baseline.com.newsblur.network.APIResponse: 	at okhttp3.internal.http.RealInterceptorChain.proceed(RealInterceptorChain.java:142)
08-04 12:50:13.543 28585 30722 E baseline.com.newsblur.network.APIResponse: 	at okhttp3.internal.http.RealInterceptorChain.proceed(RealInterceptorChain.java:117)
08-04 12:50:13.543 28585 30722 E baseline.com.newsblur.network.APIResponse: 	at okhttp3.internal.cache.CacheInterceptor.intercept(CacheInterceptor.java:94)
08-04 12:50:13.543 28585 30722 E baseline.com.newsblur.network.APIResponse: 	at okhttp3.internal.http.RealInterceptorChain.proceed(RealInterceptorChain.java:142)
08-04 12:50:13.543 28585 30722 E baseline.com.newsblur.network.APIResponse: 	at okhttp3.internal.http.RealInterceptorChain.proceed(RealInterceptorChain.java:117)
08-04 12:50:13.543 28585 30722 E baseline.com.newsblur.network.APIResponse: 	at okhttp3.internal.http.BridgeInterceptor.intercept(BridgeInterceptor.java:93)
08-04 12:50:13.543 28585 30722 E baseline.com.newsblur.network.APIResponse: 	at okhttp3.internal.http.RealInterceptorChain.proceed(RealInterceptorChain.java:142)
08-04 12:50:13.543 28585 30722 E baseline.com.newsblur.network.APIResponse: 	at okhttp3.internal.http.RetryAndFollowUpInterceptor.intercept(RetryAndFollowUpInterceptor.java:88)
08-04 12:50:13.543 28585 30722 E baseline.com.newsblur.network.APIResponse: 	at okhttp3.internal.http.RealInterceptorChain.proceed(RealInterceptorChain.java:142)
08-04 12:50:13.543 28585 30722 E baseline.com.newsblur.network.APIResponse: 	at okhttp3.internal.http.RealInterceptorChain.proceed(RealInterceptorChain.java:117)
08-04 12:50:13.543 28585 30722 E baseline.com.newsblur.network.APIResponse: 	at okhttp3.RealCall.getResponseWithInterceptorChain(RealCall.java:229)
08-04 12:50:13.543 28585 30722 E baseline.com.newsblur.network.APIResponse: 	at okhttp3.RealCall.execute(RealCall.java:81)
08-04 12:50:13.543 28585 30722 E baseline.com.newsblur.network.APIResponse: 	at baseline.com.newsblur.network.APIResponse.<init>(APIResponse.java:57)
08-04 12:50:13.543 28585 30722 E baseline.com.newsblur.network.APIResponse: 	at baseline.com.newsblur.network.APIResponse.<init>(APIResponse.java:43)
08-04 12:50:13.543 28585 30722 E baseline.com.newsblur.network.APIResponse: 	at baseline.com.newsblur.network.APIManager.post_single(APIManager.java:702)
08-04 12:50:13.543 28585 30722 E baseline.com.newsblur.network.APIResponse: 	at baseline.com.newsblur.network.APIManager.post(APIManager.java:675)
08-04 12:50:13.543 28585 30722 E baseline.com.newsblur.network.APIResponse: 	at baseline.com.newsblur.network.APIManager.post(APIManager.java:714)
08-04 12:50:13.543 28585 30722 E baseline.com.newsblur.network.APIResponse: 	at baseline.com.newsblur.network.APIManager.markStoryAsRead(APIManager.java:205)
08-04 12:50:13.543 28585 30722 E baseline.com.newsblur.network.APIResponse: 	at baseline.com.newsblur.util.ReadingAction.doRemote(ReadingAction.java:281)
08-04 12:50:13.543 28585 30722 E baseline.com.newsblur.network.APIResponse: 	at baseline.com.newsblur.service.NBSyncService.syncActions(NBSyncService.java:400)
08-04 12:50:13.543 28585 30722 E baseline.com.newsblur.network.APIResponse: 	at baseline.com.newsblur.service.NBSyncService.doSync(NBSyncService.java:298)
08-04 12:50:13.543 28585 30722 E baseline.com.newsblur.network.APIResponse: 	at baseline.com.newsblur.service.NBSyncService.access$100(NBSyncService.java:67)
08-04 12:50:13.543 28585 30722 E baseline.com.newsblur.network.APIResponse: 	at baseline.com.newsblur.service.NBSyncService$1.run(NBSyncService.java:188)
08-04 12:50:13.543 28585 30722 E baseline.com.newsblur.network.APIResponse: 	at java.util.concurrent.ThreadPoolExecutor.runWorker(ThreadPoolExecutor.java:1113)
08-04 12:50:13.543 28585 30722 E baseline.com.newsblur.network.APIResponse: 	at java.util.concurrent.ThreadPoolExecutor$Worker.run(ThreadPoolExecutor.java:588)
08-04 12:50:13.543 28585 30722 E baseline.com.newsblur.network.APIResponse: 	at java.lang.Thread.run(Thread.java:818)
08-04 12:50:13.543 28585 30722 E baseline.com.newsblur.network.APIResponse: Caused by: java.io.EOFException: \n not found: limit=0 content=
08-04 12:50:13.543 28585 30722 E baseline.com.newsblur.network.APIResponse: 	at okio.RealBufferedSource.readUtf8LineStrict(RealBufferedSource.java:240)
08-04 12:50:13.543 28585 30722 E baseline.com.newsblur.network.APIResponse: 	at okhttp3.internal.http1.Http1ExchangeCodec.readHeaderLine(Http1ExchangeCodec.java:242)
08-04 12:50:13.543 28585 30722 E baseline.com.newsblur.network.APIResponse: 	at okhttp3.internal.http1.Http1ExchangeCodec.readResponseHeaders(Http1ExchangeCodec.java:213)
08-04 12:50:13.543 28585 30722 E baseline.com.newsblur.network.APIResponse: 	... 30 more
08-04 12:50:13.544 28585 30722 I baseline.com.newsblur.network.APIManager: API call failed, pausing before retry number 1
08-04 12:50:13.748 13866 13866 I GoogleInputMethodServic: GoogleInputMethodService.onFinishInput():3138 
08-04 12:50:13.750 13866 13866 I GoogleInputMethodServic: GoogleInputMethodService.onStartInput():1808 
08-04 12:50:13.750   918   936 I ActivityManager: Displayed baseline.com.newsblur/.activity.AllSharedStoriesReading: +226ms
08-04 12:50:13.807 28585 28597 I art     : Starting a blocking GC Explicit
08-04 12:50:13.871 28585 28597 I art     : Explicit concurrent mark sweep GC freed 7910(725KB) AllocSpace objects, 20(864KB) LOS objects, 27% free, 42MB/58MB, paused 1.377ms total 62.873ms
08-04 12:50:13.886 28585 28597 I art     : Starting a blocking GC Explicit
08-04 12:50:13.935 28585 28597 I art     : Explicit concurrent mark sweep GC freed 1768(97KB) AllocSpace objects, 1(28KB) LOS objects, 27% free, 42MB/58MB, paused 1.119ms total 48.658ms
08-04 12:50:13.947 28585 28597 I art     : Starting a blocking GC Explicit
08-04 12:50:13.978 28585 29180 E chromium: [ERROR:tile_manager.cc(793)] WARNING: tile memory limits exceeded, some content may not draw
08-04 12:50:13.979 28585 29180 E chromium: [ERROR:tile_manager.cc(793)] WARNING: tile memory limits exceeded, some content may not draw
08-04 12:50:13.995 28585 28597 I art     : Explicit concurrent mark sweep GC freed 188(23KB) AllocSpace objects, 0(0B) LOS objects, 27% free, 42MB/58MB, paused 1.228ms total 47.431ms
08-04 12:50:14.007 28585 28597 I art     : Starting a blocking GC Explicit
08-04 12:50:14.051 28585 28597 I art     : Explicit concurrent mark sweep GC freed 14(560B) AllocSpace objects, 0(0B) LOS objects, 27% free, 42MB/58MB, paused 1.033ms total 44.770ms
08-04 12:50:14.063 28585 28597 I art     : Starting a blocking GC Explicit
08-04 12:50:14.078   512  2967 D audio_hw_primary: disable_audio_route: reset and update mixer path: low-latency-playback speaker
08-04 12:50:14.079   512  2967 D audio_hw_primary: disable_snd_device: snd_device(2: speaker)
08-04 12:50:14.088   512  2967 I soundtrigger: audio_extn_sound_trigger_update_device_status: device 0x2 of type 0 for Event 0
08-04 12:50:14.111 28585 28597 I art     : Explicit concurrent mark sweep GC freed 3(96B) AllocSpace objects, 0(0B) LOS objects, 27% free, 42MB/58MB, paused 1.143ms total 48.141ms
08-04 12:50:14.434 28585 29451 I art     : Starting a blocking GC Explicit
08-04 12:50:14.491 28585 29451 I art     : Explicit concurrent mark sweep GC freed 1586(100KB) AllocSpace objects, 2(40KB) LOS objects, 27% free, 42MB/58MB, paused 1.269ms total 56.084ms
08-04 12:50:14.503 28585 29451 I art     : Starting a blocking GC Explicit
08-04 12:50:14.556 28585 29451 I art     : Explicit concurrent mark sweep GC freed 29(1072B) AllocSpace objects, 0(0B) LOS objects, 27% free, 42MB/58MB, paused 1.210ms total 53.251ms
08-04 12:50:14.569 28585 29451 I art     : Starting a blocking GC Explicit
08-04 12:50:14.622 28585 29451 I art     : Explicit concurrent mark sweep GC freed 3(96B) AllocSpace objects, 0(0B) LOS objects, 27% free, 42MB/58MB, paused 1.155ms total 53.381ms
08-04 12:50:14.635 28585 29451 I art     : Starting a blocking GC Explicit
08-04 12:50:14.688 28585 29451 I art     : Explicit concurrent mark sweep GC freed 3(96B) AllocSpace objects, 0(0B) LOS objects, 27% free, 42MB/58MB, paused 1.248ms total 53.622ms
08-04 12:50:14.701 28585 29451 I art     : Starting a blocking GC Explicit
08-04 12:50:14.750 28585 29451 I art     : Explicit concurrent mark sweep GC freed 3(96B) AllocSpace objects, 0(0B) LOS objects, 27% free, 42MB/58MB, paused 1.266ms total 48.930ms
08-04 12:50:15.109 28585 28837 I art     : Starting a blocking GC Explicit
08-04 12:50:15.159 28585 28837 I art     : Explicit concurrent mark sweep GC freed 1632(91KB) AllocSpace objects, 1(20KB) LOS objects, 27% free, 42MB/58MB, paused 1.273ms total 49.068ms
08-04 12:50:15.170 28585 28837 I art     : Starting a blocking GC Explicit
08-04 12:50:15.220 28585 28837 I art     : Explicit concurrent mark sweep GC freed 55(3008B) AllocSpace objects, 0(0B) LOS objects, 27% free, 42MB/58MB, paused 1.428ms total 50.216ms
08-04 12:50:15.233 28585 28837 I art     : Starting a blocking GC Explicit
08-04 12:50:15.283 28585 28837 I art     : Explicit concurrent mark sweep GC freed 13(416B) AllocSpace objects, 0(0B) LOS objects, 27% free, 42MB/58MB, paused 1.100ms total 49.943ms
08-04 12:50:15.295 28585 28837 I art     : Starting a blocking GC Explicit
08-04 12:50:15.343 28585 28837 I art     : Explicit concurrent mark sweep GC freed 4(128B) AllocSpace objects, 0(0B) LOS objects, 27% free, 42MB/58MB, paused 1.201ms total 47.267ms
08-04 12:50:15.354 28585 28837 I art     : Starting a blocking GC Explicit
08-04 12:50:15.405 28585 28837 I art     : Explicit concurrent mark sweep GC freed 3(96B) AllocSpace objects, 0(0B) LOS objects, 27% free, 42MB/58MB, paused 1.284ms total 50.897ms
08-04 12:50:15.614 28585 30722 E baseline.com.newsblur.network.APIResponse: Error (unexpected end of stream on https://www.newsblur.com/...) calling https://www.newsblur.com/reader/mark_story_hashes_as_read/
08-04 12:50:15.614 28585 30722 E baseline.com.newsblur.network.APIResponse: java.io.IOException: unexpected end of stream on https://www.newsblur.com/...
08-04 12:50:15.614 28585 30722 E baseline.com.newsblur.network.APIResponse: 	at okhttp3.internal.http1.Http1ExchangeCodec.readResponseHeaders(Http1ExchangeCodec.java:236)
08-04 12:50:15.614 28585 30722 E baseline.com.newsblur.network.APIResponse: 	at okhttp3.internal.connection.Exchange.readResponseHeaders(Exchange.java:115)
08-04 12:50:15.614 28585 30722 E baseline.com.newsblur.network.APIResponse: 	at okhttp3.internal.http.CallServerInterceptor.intercept(CallServerInterceptor.java:94)
08-04 12:50:15.614 28585 30722 E baseline.com.newsblur.network.APIResponse: 	at okhttp3.internal.http.RealInterceptorChain.proceed(RealInterceptorChain.java:142)
08-04 12:50:15.614 28585 30722 E baseline.com.newsblur.network.APIResponse: 	at okhttp3.internal.connection.ConnectInterceptor.intercept(ConnectInterceptor.java:43)
08-04 12:50:15.614 28585 30722 E baseline.com.newsblur.network.APIResponse: 	at okhttp3.internal.http.RealInterceptorChain.proceed(RealInterceptorChain.java:142)
08-04 12:50:15.614 28585 30722 E baseline.com.newsblur.network.APIResponse: 	at okhttp3.internal.http.RealInterceptorChain.proceed(RealInterceptorChain.java:117)
08-04 12:50:15.614 28585 30722 E baseline.com.newsblur.network.APIResponse: 	at okhttp3.internal.cache.CacheInterceptor.intercept(CacheInterceptor.java:94)
08-04 12:50:15.614 28585 30722 E baseline.com.newsblur.network.APIResponse: 	at okhttp3.internal.http.RealInterceptorChain.proceed(RealInterceptorChain.java:142)
08-04 12:50:15.614 28585 30722 E baseline.com.newsblur.network.APIResponse: 	at okhttp3.internal.http.RealInterceptorChain.proceed(RealInterceptorChain.java:117)
08-04 12:50:15.614 28585 30722 E baseline.com.newsblur.network.APIResponse: 	at okhttp3.internal.http.BridgeInterceptor.intercept(BridgeInterceptor.java:93)
08-04 12:50:15.614 28585 30722 E baseline.com.newsblur.network.APIResponse: 	at okhttp3.internal.http.RealInterceptorChain.proceed(RealInterceptorChain.java:142)
08-04 12:50:15.614 28585 30722 E baseline.com.newsblur.network.APIResponse: 	at okhttp3.internal.http.RetryAndFollowUpInterceptor.intercept(RetryAndFollowUpInterceptor.java:88)
08-04 12:50:15.614 28585 30722 E baseline.com.newsblur.network.APIResponse: 	at okhttp3.internal.http.RealInterceptorChain.proceed(RealInterceptorChain.java:142)
08-04 12:50:15.614 28585 30722 E baseline.com.newsblur.network.APIResponse: 	at okhttp3.internal.http.RealInterceptorChain.proceed(RealInterceptorChain.java:117)
08-04 12:50:15.614 28585 30722 E baseline.com.newsblur.network.APIResponse: 	at okhttp3.RealCall.getResponseWithInterceptorChain(RealCall.java:229)
08-04 12:50:15.614 28585 30722 E baseline.com.newsblur.network.APIResponse: 	at okhttp3.RealCall.execute(RealCall.java:81)
08-04 12:50:15.614 28585 30722 E baseline.com.newsblur.network.APIResponse: 	at baseline.com.newsblur.network.APIResponse.<init>(APIResponse.java:57)
08-04 12:50:15.614 28585 30722 E baseline.com.newsblur.network.APIResponse: 	at baseline.com.newsblur.network.APIResponse.<init>(APIResponse.java:43)
08-04 12:50:15.614 28585 30722 E baseline.com.newsblur.network.APIResponse: 	at baseline.com.newsblur.network.APIManager.post_single(APIManager.java:702)
08-04 12:50:15.614 28585 30722 E baseline.com.newsblur.network.APIResponse: 	at baseline.com.newsblur.network.APIManager.post(APIManager.java:675)
08-04 12:50:15.614 28585 30722 E baseline.com.newsblur.network.APIResponse: 	at baseline.com.newsblur.network.APIManager.post(APIManager.java:714)
08-04 12:50:15.614 28585 30722 E baseline.com.newsblur.network.APIResponse: 	at baseline.com.newsblur.network.APIManager.markStoryAsRead(APIManager.java:205)
08-04 12:50:15.614 28585 30722 E baseline.com.newsblur.network.APIResponse: 	at baseline.com.newsblur.util.ReadingAction.doRemote(ReadingAction.java:281)
08-04 12:50:15.614 28585 30722 E baseline.com.newsblur.network.APIResponse: 	at baseline.com.newsblur.service.NBSyncService.syncActions(NBSyncService.java:400)
08-04 12:50:15.614 28585 30722 E baseline.com.newsblur.network.APIResponse: 	at baseline.com.newsblur.service.NBSyncService.doSync(NBSyncService.java:298)
08-04 12:50:15.614 28585 30722 E baseline.com.newsblur.network.APIResponse: 	at baseline.com.newsblur.service.NBSyncService.access$100(NBSyncService.java:67)
08-04 12:50:15.614 28585 30722 E baseline.com.newsblur.network.APIResponse: 	at baseline.com.newsblur.service.NBSyncService$1.run(NBSyncService.java:188)
08-04 12:50:15.614 28585 30722 E baseline.com.newsblur.network.APIResponse: 	at java.util.concurrent.ThreadPoolExecutor.runWorker(ThreadPoolExecutor.java:1113)
08-04 12:50:15.614 28585 30722 E baseline.com.newsblur.network.APIResponse: 	at java.util.concurrent.ThreadPoolExecutor$Worker.run(ThreadPoolExecutor.java:588)
08-04 12:50:15.614 28585 30722 E baseline.com.newsblur.network.APIResponse: 	at java.lang.Thread.run(Thread.java:818)
08-04 12:50:15.614 28585 30722 E baseline.com.newsblur.network.APIResponse: Caused by: java.io.EOFException: \n not found: limit=0 content=
08-04 12:50:15.614 28585 30722 E baseline.com.newsblur.network.APIResponse: 	at okio.RealBufferedSource.readUtf8LineStrict(RealBufferedSource.java:240)
08-04 12:50:15.614 28585 30722 E baseline.com.newsblur.network.APIResponse: 	at okhttp3.internal.http1.Http1ExchangeCodec.readHeaderLine(Http1ExchangeCodec.java:242)
08-04 12:50:15.614 28585 30722 E baseline.com.newsblur.network.APIResponse: 	at okhttp3.internal.http1.Http1ExchangeCodec.readResponseHeaders(Http1ExchangeCodec.java:213)
08-04 12:50:15.614 28585 30722 E baseline.com.newsblur.network.APIResponse: 	... 30 more
08-04 12:50:15.615 28585 30722 I baseline.com.newsblur.network.APIManager: API call failed, pausing before retry number 2
08-04 12:50:15.790 28585 28597 I art     : Starting a blocking GC Explicit
08-04 12:50:15.845 28585 28597 I art     : Explicit concurrent mark sweep GC freed 3953(357KB) AllocSpace objects, 3(60KB) LOS objects, 27% free, 42MB/58MB, paused 1.274ms total 55.486ms
08-04 12:50:15.854   518   646 I ThermalEngine: ACTION: GPU - Setting GPU[0] to 450000000
08-04 12:50:15.868 28585 28597 I art     : Starting a blocking GC Explicit
08-04 12:50:15.921 28585 28597 I art     : Explicit concurrent mark sweep GC freed 109(3KB) AllocSpace objects, 0(0B) LOS objects, 27% free, 42MB/58MB, paused 1.264ms total 53.104ms
08-04 12:50:15.934 28585 28597 I art     : Starting a blocking GC Explicit
08-04 12:50:15.988 28585 28597 I art     : Explicit concurrent mark sweep GC freed 3(96B) AllocSpace objects, 0(0B) LOS objects, 27% free, 42MB/58MB, paused 1.275ms total 53.830ms
08-04 12:50:16.004 28585 28597 I art     : Starting a blocking GC Explicit
08-04 12:50:16.054 28585 28597 I art     : Explicit concurrent mark sweep GC freed 3(96B) AllocSpace objects, 0(0B) LOS objects, 27% free, 42MB/58MB, paused 1.183ms total 50.343ms
08-04 12:50:16.066 28585 28597 I art     : Starting a blocking GC Explicit
08-04 12:50:16.118 28585 28597 I art     : Explicit concurrent mark sweep GC freed 3(96B) AllocSpace objects, 0(0B) LOS objects, 27% free, 42MB/58MB, paused 1.274ms total 51.618ms
08-04 12:50:16.501 28585 28598 I art     : Starting a blocking GC Explicit
08-04 12:50:16.554 28585 28598 I art     : Explicit concurrent mark sweep GC freed 1446(83KB) AllocSpace objects, 1(20KB) LOS objects, 27% free, 42MB/58MB, paused 1.245ms total 52.738ms
08-04 12:50:16.567 28585 28598 I art     : Starting a blocking GC Explicit
08-04 12:50:16.620 28585 28598 I art     : Explicit concurrent mark sweep GC freed 22(784B) AllocSpace objects, 0(0B) LOS objects, 27% free, 42MB/58MB, paused 1.286ms total 53.051ms
08-04 12:50:16.633 28585 28598 I art     : Starting a blocking GC Explicit
08-04 12:50:16.684 28585 28598 I art     : Explicit concurrent mark sweep GC freed 3(96B) AllocSpace objects, 0(0B) LOS objects, 27% free, 42MB/58MB, paused 1.251ms total 50.904ms
08-04 12:50:16.697 28585 28598 I art     : Starting a blocking GC Explicit
08-04 12:50:16.751 28585 28598 I art     : Explicit concurrent mark sweep GC freed 3(96B) AllocSpace objects, 0(0B) LOS objects, 27% free, 42MB/58MB, paused 1.259ms total 54.266ms
08-04 12:50:16.764 28585 28598 I art     : Starting a blocking GC Explicit
08-04 12:50:16.817 28585 28598 I art     : Explicit concurrent mark sweep GC freed 3(96B) AllocSpace objects, 0(0B) LOS objects, 27% free, 42MB/58MB, paused 1.240ms total 52.738ms
08-04 12:50:17.221 28585 29451 I art     : Starting a blocking GC Explicit
08-04 12:50:17.294 28585 29451 I art     : Explicit concurrent mark sweep GC freed 1445(83KB) AllocSpace objects, 1(20KB) LOS objects, 27% free, 42MB/58MB, paused 1.703ms total 72.605ms
08-04 12:50:17.313 28585 29451 I art     : Starting a blocking GC Explicit
08-04 12:50:17.383 28585 29451 I art     : Explicit concurrent mark sweep GC freed 22(784B) AllocSpace objects, 0(0B) LOS objects, 27% free, 42MB/58MB, paused 1.585ms total 69.871ms
08-04 12:50:17.399 28585 29451 I art     : Starting a blocking GC Explicit
08-04 12:50:17.468 28585 29451 I art     : Explicit concurrent mark sweep GC freed 318(17KB) AllocSpace objects, 0(0B) LOS objects, 27% free, 42MB/58MB, paused 1.782ms total 69.458ms
08-04 12:50:17.484 28585 29451 I art     : Starting a blocking GC Explicit
08-04 12:50:17.553 28585 29451 I art     : Explicit concurrent mark sweep GC freed 209(8KB) AllocSpace objects, 0(0B) LOS objects, 27% free, 42MB/58MB, paused 1.571ms total 68.348ms
08-04 12:50:17.568 28585 29451 I art     : Starting a blocking GC Explicit
08-04 12:50:17.631 28585 29451 I art     : Explicit concurrent mark sweep GC freed 4894(372KB) AllocSpace objects, 1(20KB) LOS objects, 27% free, 42MB/58MB, paused 1.613ms total 62.002ms
08-04 12:50:17.858   518   646 I ThermalEngine: ACTION: GPU - Setting GPU[0] to 510000000
08-04 12:50:17.970 28585 28837 I art     : Starting a blocking GC Explicit
08-04 12:50:18.022 28585 28837 I art     : Explicit concurrent mark sweep GC freed 2306(126KB) AllocSpace objects, 1(20KB) LOS objects, 27% free, 42MB/58MB, paused 1.553ms total 52.052ms
08-04 12:50:18.035 28585 28837 I art     : Starting a blocking GC Explicit
08-04 12:50:18.084 28585 28837 I art     : Explicit concurrent mark sweep GC freed 2217(116KB) AllocSpace objects, 0(0B) LOS objects, 27% free, 42MB/58MB, paused 1.257ms total 49.249ms
08-04 12:50:18.096 28585 28837 I art     : Starting a blocking GC Explicit
08-04 12:50:18.145 28585 28837 I art     : Explicit concurrent mark sweep GC freed 259(21KB) AllocSpace objects, 0(0B) LOS objects, 27% free, 42MB/58MB, paused 1.230ms total 48.613ms
08-04 12:50:18.156 28585 28837 I art     : Starting a blocking GC Explicit
08-04 12:50:18.204 28585 28837 I art     : Explicit concurrent mark sweep GC freed 33(1120B) AllocSpace objects, 0(0B) LOS objects, 27% free, 42MB/58MB, paused 1.195ms total 47.841ms
08-04 12:50:18.213 30988 30988 D AndroidRuntime: >>>>>> START com.android.internal.os.RuntimeInit uid 2000 <<<<<<
08-04 12:50:18.216 28585 28837 I art     : Starting a blocking GC Explicit
08-04 12:50:18.218 30988 30988 D AndroidRuntime: CheckJNI is OFF
08-04 12:50:18.253 30988 30988 D ICU     : No timezone override file found: /data/misc/zoneinfo/current/icu/icu_tzdata.dat
08-04 12:50:18.265 28585 28837 I art     : Explicit concurrent mark sweep GC freed 3(96B) AllocSpace objects, 0(0B) LOS objects, 27% free, 42MB/58MB, paused 1.251ms total 48.704ms
08-04 12:50:18.288 30988 30988 I Radio-JNI: register_android_hardware_Radio DONE
08-04 12:50:18.309 30988 30988 D AndroidRuntime: Calling main entry com.android.commands.input.Input
08-04 12:50:18.311 30988 30988 I Input   : injectKeyEvent: KeyEvent { action=ACTION_DOWN, keyCode=KEYCODE_BACK, scanCode=0, metaState=0, flags=0x0, repeatCount=0, eventTime=708634724, downTime=708634724, deviceId=-1, source=0x101 }
08-04 12:50:18.317 30988 30988 I Input   : injectKeyEvent: KeyEvent { action=ACTION_UP, keyCode=KEYCODE_BACK, scanCode=0, metaState=0, flags=0x0, repeatCount=0, eventTime=708634724, downTime=708634724, deviceId=-1, source=0x101 }
08-04 12:50:18.323 30988 30988 D AndroidRuntime: Shutting down VM
08-04 12:50:18.335 28585 28585 D baseline.com.newsblur.service.NBSyncService: rejecting request for feedset that is exhaused
08-04 12:50:18.358 28163 28163 I Atfwd_Sendcmd: AtCmdFwd service not ready - Exhausted retry attempts - :6
08-04 12:50:18.358 28163 28163 I Atfwd_Daemon: result : -1 	 ,Init step :2 	 ,qmiErrorCode: 0
08-04 12:50:18.472 28585 28585 D baseline.com.newsblur.service.NBSyncService: rejecting request for feedset that is exhaused
08-04 12:50:18.474 13866 13866 I GoogleInputMethodServic: GoogleInputMethodService.onFinishInput():3138 
08-04 12:50:18.475 13866 13866 I GoogleInputMethodServic: GoogleInputMethodService.onStartInput():1808 
08-04 12:50:18.572 28585 28837 I art     : Starting a blocking GC Explicit
08-04 12:50:18.619 28585 28837 I art     : Explicit concurrent mark sweep GC freed 3402(262KB) AllocSpace objects, 6(128KB) LOS objects, 27% free, 42MB/58MB, paused 1.270ms total 47.019ms
08-04 12:50:18.631 28585 28837 I art     : Starting a blocking GC Explicit
08-04 12:50:18.691 28585 28837 I art     : Explicit concurrent mark sweep GC freed 293(13KB) AllocSpace objects, 0(0B) LOS objects, 27% free, 42MB/58MB, paused 1.787ms total 59.270ms
08-04 12:50:18.704 28585 28837 I art     : Starting a blocking GC Explicit
08-04 12:50:18.753 13866 13882 I PeriodicStatsRunner: PeriodicStatsRunner.call():175 call()
08-04 12:50:18.753 13866 13882 I PeriodicStatsRunner: PeriodicStatsRunner.call():179 No submit PeriodicStats since input started.
08-04 12:50:18.766 28585 28837 I art     : Explicit concurrent mark sweep GC freed 9(352B) AllocSpace objects, 0(0B) LOS objects, 27% free, 42MB/58MB, paused 1.150ms total 61.332ms
08-04 12:50:18.782 28585 28837 I art     : Starting a blocking GC Explicit
08-04 12:50:18.834 28585 28837 I art     : Explicit concurrent mark sweep GC freed 1169(52KB) AllocSpace objects, 0(0B) LOS objects, 27% free, 42MB/58MB, paused 1.218ms total 51.476ms
08-04 12:50:18.846 28585 28837 I art     : Starting a blocking GC Explicit
08-04 12:50:18.890 28585 28837 I art     : Explicit concurrent mark sweep GC freed 89(8KB) AllocSpace objects, 0(0B) LOS objects, 27% free, 42MB/58MB, paused 1.119ms total 44.098ms
08-04 12:50:18.890 28585 28596 I art     : WaitForGcToComplete blocked for 18.677ms for cause HeapTrim
08-04 12:50:19.263 28585 29451 I art     : Starting a blocking GC Explicit
08-04 12:50:19.324 28585 29451 I art     : Explicit concurrent mark sweep GC freed 1680(94KB) AllocSpace objects, 1(20KB) LOS objects, 27% free, 42MB/58MB, paused 1.622ms total 60.456ms
08-04 12:50:19.338 28585 29451 I art     : Starting a blocking GC Explicit
08-04 12:50:19.386 28585 29451 I art     : Explicit concurrent mark sweep GC freed 1726(67KB) AllocSpace objects, 0(0B) LOS objects, 27% free, 42MB/58MB, paused 1.284ms total 47.213ms
08-04 12:50:19.389 28585 30722 E baseline.com.newsblur.network.APIResponse: Error (unexpected end of stream on https://www.newsblur.com/...) calling https://www.newsblur.com/reader/mark_story_hashes_as_read/
08-04 12:50:19.389 28585 30722 E baseline.com.newsblur.network.APIResponse: java.io.IOException: unexpected end of stream on https://www.newsblur.com/...
08-04 12:50:19.389 28585 30722 E baseline.com.newsblur.network.APIResponse: 	at okhttp3.internal.http1.Http1ExchangeCodec.readResponseHeaders(Http1ExchangeCodec.java:236)
08-04 12:50:19.389 28585 30722 E baseline.com.newsblur.network.APIResponse: 	at okhttp3.internal.connection.Exchange.readResponseHeaders(Exchange.java:115)
08-04 12:50:19.389 28585 30722 E baseline.com.newsblur.network.APIResponse: 	at okhttp3.internal.http.CallServerInterceptor.intercept(CallServerInterceptor.java:94)
08-04 12:50:19.389 28585 30722 E baseline.com.newsblur.network.APIResponse: 	at okhttp3.internal.http.RealInterceptorChain.proceed(RealInterceptorChain.java:142)
08-04 12:50:19.389 28585 30722 E baseline.com.newsblur.network.APIResponse: 	at okhttp3.internal.connection.ConnectInterceptor.intercept(ConnectInterceptor.java:43)
08-04 12:50:19.389 28585 30722 E baseline.com.newsblur.network.APIResponse: 	at okhttp3.internal.http.RealInterceptorChain.proceed(RealInterceptorChain.java:142)
08-04 12:50:19.389 28585 30722 E baseline.com.newsblur.network.APIResponse: 	at okhttp3.internal.http.RealInterceptorChain.proceed(RealInterceptorChain.java:117)
08-04 12:50:19.389 28585 30722 E baseline.com.newsblur.network.APIResponse: 	at okhttp3.internal.cache.CacheInterceptor.intercept(CacheInterceptor.java:94)
08-04 12:50:19.389 28585 30722 E baseline.com.newsblur.network.APIResponse: 	at okhttp3.internal.http.RealInterceptorChain.proceed(RealInterceptorChain.java:142)
08-04 12:50:19.389 28585 30722 E baseline.com.newsblur.network.APIResponse: 	at okhttp3.internal.http.RealInterceptorChain.proceed(RealInterceptorChain.java:117)
08-04 12:50:19.389 28585 30722 E baseline.com.newsblur.network.APIResponse: 	at okhttp3.internal.http.BridgeInterceptor.intercept(BridgeInterceptor.java:93)
08-04 12:50:19.389 28585 30722 E baseline.com.newsblur.network.APIResponse: 	at okhttp3.internal.http.RealInterceptorChain.proceed(RealInterceptorChain.java:142)
08-04 12:50:19.389 28585 30722 E baseline.com.newsblur.network.APIResponse: 	at okhttp3.internal.http.RetryAndFollowUpInterceptor.intercept(RetryAndFollowUpInterceptor.java:88)
08-04 12:50:19.389 28585 30722 E baseline.com.newsblur.network.APIResponse: 	at okhttp3.internal.http.RealInterceptorChain.proceed(RealInterceptorChain.java:142)
08-04 12:50:19.389 28585 30722 E baseline.com.newsblur.network.APIResponse: 	at okhttp3.internal.http.RealInterceptorChain.proceed(RealInterceptorChain.java:117)
08-04 12:50:19.389 28585 30722 E baseline.com.newsblur.network.APIResponse: 	at okhttp3.RealCall.getResponseWithInterceptorChain(RealCall.java:229)
08-04 12:50:19.389 28585 30722 E baseline.com.newsblur.network.APIResponse: 	at okhttp3.RealCall.execute(RealCall.java:81)
08-04 12:50:19.389 28585 30722 E baseline.com.newsblur.network.APIResponse: 	at baseline.com.newsblur.network.APIResponse.<init>(APIResponse.java:57)
08-04 12:50:19.389 28585 30722 E baseline.com.newsblur.network.APIResponse: 	at baseline.com.newsblur.network.APIResponse.<init>(APIResponse.java:43)
08-04 12:50:19.389 28585 30722 E baseline.com.newsblur.network.APIResponse: 	at baseline.com.newsblur.network.APIManager.post_single(APIManager.java:702)
08-04 12:50:19.389 28585 30722 E baseline.com.newsblur.network.APIResponse: 	at baseline.com.newsblur.network.APIManager.post(APIManager.java:675)
08-04 12:50:19.389 28585 30722 E baseline.com.newsblur.network.APIResponse: 	at baseline.com.newsblur.network.APIManager.post(APIManager.java:714)
08-04 12:50:19.389 28585 30722 E baseline.com.newsblur.network.APIResponse: 	at baseline.com.newsblur.network.APIManager.markStoryAsRead(APIManager.java:205)
08-04 12:50:19.389 28585 30722 E baseline.com.newsblur.network.APIResponse: 	at baseline.com.newsblur.util.ReadingAction.doRemote(ReadingAction.java:281)
08-04 12:50:19.389 28585 30722 E baseline.com.newsblur.network.APIResponse: 	at baseline.com.newsblur.service.NBSyncService.syncActions(NBSyncService.java:400)
08-04 12:50:19.389 28585 30722 E baseline.com.newsblur.network.APIResponse: 	at baseline.com.newsblur.service.NBSyncService.doSync(NBSyncService.java:298)
08-04 12:50:19.389 28585 30722 E baseline.com.newsblur.network.APIResponse: 	at baseline.com.newsblur.service.NBSyncService.access$100(NBSyncService.java:67)
08-04 12:50:19.389 28585 30722 E baseline.com.newsblur.network.APIResponse: 	at baseline.com.newsblur.service.NBSyncService$1.run(NBSyncService.java:188)
08-04 12:50:19.389 28585 30722 E baseline.com.newsblur.network.APIResponse: 	at java.util.concurrent.ThreadPoolExecutor.runWorker(ThreadPoolExecutor.java:1113)
08-04 12:50:19.389 28585 30722 E baseline.com.newsblur.network.APIResponse: 	at java.util.concurrent.ThreadPoolExecutor$Worker.run(ThreadPoolExecutor.java:588)
08-04 12:50:19.389 28585 30722 E baseline.com.newsblur.network.APIResponse: 	at java.lang.Thread.run(Thread.java:818)
08-04 12:50:19.389 28585 30722 E baseline.com.newsblur.network.APIResponse: Caused by: java.io.EOFException: \n not found: limit=0 content=
08-04 12:50:19.389 28585 30722 E baseline.com.newsblur.network.APIResponse: 	at okio.RealBufferedSource.readUtf8LineStrict(RealBufferedSource.java:240)
08-04 12:50:19.389 28585 30722 E baseline.com.newsblur.network.APIResponse: 	at okhttp3.internal.http1.Http1ExchangeCodec.readHeaderLine(Http1ExchangeCodec.java:242)
08-04 12:50:19.389 28585 30722 E baseline.com.newsblur.network.APIResponse: 	at okhttp3.internal.http1.Http1ExchangeCodec.readResponseHeaders(Http1ExchangeCodec.java:213)
08-04 12:50:19.389 28585 30722 E baseline.com.newsblur.network.APIResponse: 	... 30 more
08-04 12:50:19.390 28585 30722 I baseline.com.newsblur.service.NBSyncService: Holding reading action with server-side or network error.
08-04 12:50:19.400 28585 29451 I art     : Starting a blocking GC Explicit
08-04 12:50:19.402 28585 30722 W baseline.com.newsblur.service.NBSyncService: hard API failure
08-04 12:50:19.412 28585 30722 I baseline.com.newsblur.service.NBSyncService: recounting dirty feed sets: 1
08-04 12:50:19.451 28585 29451 I art     : Explicit concurrent mark sweep GC freed 1704(289KB) AllocSpace objects, 5(100KB) LOS objects, 27% free, 42MB/58MB, paused 1.256ms total 50.664ms
08-04 12:50:19.463 28585 29451 I art     : Starting a blocking GC Explicit
08-04 12:50:19.511 28585 29451 I art     : Explicit concurrent mark sweep GC freed 205(7KB) AllocSpace objects, 0(0B) LOS objects, 27% free, 42MB/58MB, paused 1.217ms total 47.172ms
08-04 12:50:19.522 28585 29451 I art     : Starting a blocking GC Explicit
08-04 12:50:19.577 28585 29451 I art     : Explicit concurrent mark sweep GC freed 31(1072B) AllocSpace objects, 0(0B) LOS objects, 27% free, 42MB/58MB, paused 2.234ms total 54.305ms
08-04 12:50:19.800 28585 30722 E baseline.com.newsblur.network.APIResponse: Error (unexpected end of stream on https://www.newsblur.com/...) calling https://www.newsblur.com/reader/feed_unread_count?feed_id=0
08-04 12:50:19.800 28585 30722 E baseline.com.newsblur.network.APIResponse: java.io.IOException: unexpected end of stream on https://www.newsblur.com/...
08-04 12:50:19.800 28585 30722 E baseline.com.newsblur.network.APIResponse: 	at okhttp3.internal.http1.Http1ExchangeCodec.readResponseHeaders(Http1ExchangeCodec.java:236)
08-04 12:50:19.800 28585 30722 E baseline.com.newsblur.network.APIResponse: 	at okhttp3.internal.connection.Exchange.readResponseHeaders(Exchange.java:115)
08-04 12:50:19.800 28585 30722 E baseline.com.newsblur.network.APIResponse: 	at okhttp3.internal.http.CallServerInterceptor.intercept(CallServerInterceptor.java:94)
08-04 12:50:19.800 28585 30722 E baseline.com.newsblur.network.APIResponse: 	at okhttp3.internal.http.RealInterceptorChain.proceed(RealInterceptorChain.java:142)
08-04 12:50:19.800 28585 30722 E baseline.com.newsblur.network.APIResponse: 	at okhttp3.internal.connection.ConnectInterceptor.intercept(ConnectInterceptor.java:43)
08-04 12:50:19.800 28585 30722 E baseline.com.newsblur.network.APIResponse: 	at okhttp3.internal.http.RealInterceptorChain.proceed(RealInterceptorChain.java:142)
08-04 12:50:19.800 28585 30722 E baseline.com.newsblur.network.APIResponse: 	at okhttp3.internal.http.RealInterceptorChain.proceed(RealInterceptorChain.java:117)
08-04 12:50:19.800 28585 30722 E baseline.com.newsblur.network.APIResponse: 	at okhttp3.internal.cache.CacheInterceptor.intercept(CacheInterceptor.java:94)
08-04 12:50:19.800 28585 30722 E baseline.com.newsblur.network.APIResponse: 	at okhttp3.internal.http.RealInterceptorChain.proceed(RealInterceptorChain.java:142)
08-04 12:50:19.800 28585 30722 E baseline.com.newsblur.network.APIResponse: 	at okhttp3.internal.http.RealInterceptorChain.proceed(RealInterceptorChain.java:117)
08-04 12:50:19.800 28585 30722 E baseline.com.newsblur.network.APIResponse: 	at okhttp3.internal.http.BridgeInterceptor.intercept(BridgeInterceptor.java:93)
08-04 12:50:19.800 28585 30722 E baseline.com.newsblur.network.APIResponse: 	at okhttp3.internal.http.RealInterceptorChain.proceed(RealInterceptorChain.java:142)
08-04 12:50:19.800 28585 30722 E baseline.com.newsblur.network.APIResponse: 	at okhttp3.internal.http.RetryAndFollowUpInterceptor.intercept(RetryAndFollowUpInterceptor.java:88)
08-04 12:50:19.800 28585 30722 E baseline.com.newsblur.network.APIResponse: 	at okhttp3.internal.http.RealInterceptorChain.proceed(RealInterceptorChain.java:142)
08-04 12:50:19.800 28585 30722 E baseline.com.newsblur.network.APIResponse: 	at okhttp3.internal.http.RealInterceptorChain.proceed(RealInterceptorChain.java:117)
08-04 12:50:19.800 28585 30722 E baseline.com.newsblur.network.APIResponse: 	at okhttp3.RealCall.getResponseWithInterceptorChain(RealCall.java:229)
08-04 12:50:19.800 28585 30722 E baseline.com.newsblur.network.APIResponse: 	at okhttp3.RealCall.execute(RealCall.java:81)
08-04 12:50:19.800 28585 30722 E baseline.com.newsblur.network.APIResponse: 	at baseline.com.newsblur.network.APIResponse.<init>(APIResponse.java:57)
08-04 12:50:19.800 28585 30722 E baseline.com.newsblur.network.APIResponse: 	at baseline.com.newsblur.network.APIManager.get_single(APIManager.java:639)
08-04 12:50:19.800 28585 30722 E baseline.com.newsblur.network.APIResponse: 	at baseline.com.newsblur.network.APIManager.get(APIManager.java:625)
08-04 12:50:19.800 28585 30722 E baseline.com.newsblur.network.APIResponse: 	at baseline.com.newsblur.network.APIManager.get(APIManager.java:667)
08-04 12:50:19.800 28585 30722 E baseline.com.newsblur.network.APIResponse: 	at baseline.com.newsblur.network.APIManager.getFeedUnreadCounts(APIManager.java:274)
08-04 12:50:19.800 28585 30722 E baseline.com.newsblur.network.APIResponse: 	at baseline.com.newsblur.service.NBSyncService.checkRecounts(NBSyncService.java:660)
08-04 12:50:19.800 28585 30722 E baseline.com.newsblur.network.APIResponse: 	at baseline.com.newsblur.service.NBSyncService.doSync(NBSyncService.java:310)
08-04 12:50:19.800 28585 30722 E baseline.com.newsblur.network.APIResponse: 	at baseline.com.newsblur.service.NBSyncService.access$100(NBSyncService.java:67)
08-04 12:50:19.800 28585 30722 E baseline.com.newsblur.network.APIResponse: 	at baseline.com.newsblur.service.NBSyncService$1.run(NBSyncService.java:188)
08-04 12:50:19.800 28585 30722 E baseline.com.newsblur.network.APIResponse: 	at java.util.concurrent.ThreadPoolExecutor.runWorker(ThreadPoolExecutor.java:1113)
08-04 12:50:19.800 28585 30722 E baseline.com.newsblur.network.APIResponse: 	at java.util.concurrent.ThreadPoolExecutor$Worker.run(ThreadPoolExecutor.java:588)
08-04 12:50:19.800 28585 30722 E baseline.com.newsblur.network.APIResponse: 	at java.lang.Thread.run(Thread.java:818)
08-04 12:50:19.800 28585 30722 E baseline.com.newsblur.network.APIResponse: Caused by: java.io.EOFException: \n not found: limit=0 content=
08-04 12:50:19.800 28585 30722 E baseline.com.newsblur.network.APIResponse: 	at okio.RealBufferedSource.readUtf8LineStrict(RealBufferedSource.java:240)
08-04 12:50:19.800 28585 30722 E baseline.com.newsblur.network.APIResponse: 	at okhttp3.internal.http1.Http1ExchangeCodec.readHeaderLine(Http1ExchangeCodec.java:242)
08-04 12:50:19.800 28585 30722 E baseline.com.newsblur.network.APIResponse: 	at okhttp3.internal.http1.Http1ExchangeCodec.readResponseHeaders(Http1ExchangeCodec.java:213)
08-04 12:50:19.800 28585 30722 E baseline.com.newsblur.network.APIResponse: 	... 28 more
08-04 12:50:19.802 28585 30722 I baseline.com.newsblur.network.APIManager: API call failed, pausing before retry number 1
08-04 12:50:19.864   518   646 I ThermalEngine: ACTION: GPU - Setting GPU[0] to 450000000
08-04 12:50:19.936 28585 28597 I art     : Starting a blocking GC Explicit
08-04 12:50:19.999 31031 31031 D AndroidRuntime: >>>>>> START com.android.internal.os.RuntimeInit uid 2000 <<<<<<
08-04 12:50:20.004 28585 28597 I art     : Explicit concurrent mark sweep GC freed 3974(357KB) AllocSpace objects, 3(60KB) LOS objects, 27% free, 42MB/58MB, paused 1.752ms total 67.313ms
08-04 12:50:20.005 31031 31031 D AndroidRuntime: CheckJNI is OFF
08-04 12:50:20.019 28585 28597 I art     : Starting a blocking GC Explicit
08-04 12:50:20.048 31031 31031 D ICU     : No timezone override file found: /data/misc/zoneinfo/current/icu/icu_tzdata.dat
08-04 12:50:20.080 28585 28597 I art     : Explicit concurrent mark sweep GC freed 109(3KB) AllocSpace objects, 0(0B) LOS objects, 27% free, 42MB/58MB, paused 1.756ms total 60.294ms
08-04 12:50:20.094 31031 31031 I Radio-JNI: register_android_hardware_Radio DONE
08-04 12:50:20.095 28585 28597 I art     : Starting a blocking GC Explicit
08-04 12:50:20.124 31031 31031 D AndroidRuntime: Calling main entry com.android.commands.input.Input
08-04 12:50:20.126 31031 31031 I Input   : injectKeyEvent: KeyEvent { action=ACTION_DOWN, keyCode=KEYCODE_BACK, scanCode=0, metaState=0, flags=0x0, repeatCount=0, eventTime=708636539, downTime=708636539, deviceId=-1, source=0x101 }
08-04 12:50:20.132 31031 31031 I Input   : injectKeyEvent: KeyEvent { action=ACTION_UP, keyCode=KEYCODE_BACK, scanCode=0, metaState=0, flags=0x0, repeatCount=0, eventTime=708636539, downTime=708636539, deviceId=-1, source=0x101 }
08-04 12:50:20.138 31031 31031 D AndroidRuntime: Shutting down VM
08-04 12:50:20.157 28585 28597 I art     : Explicit concurrent mark sweep GC freed 325(65KB) AllocSpace objects, 4(80KB) LOS objects, 27% free, 42MB/58MB, paused 1.680ms total 62.125ms
08-04 12:50:20.172 28585 28597 I art     : Starting a blocking GC Explicit
08-04 12:50:20.230 28585 28597 I art     : Explicit concurrent mark sweep GC freed 49(1952B) AllocSpace objects, 0(0B) LOS objects, 27% free, 42MB/58MB, paused 1.740ms total 58.561ms
08-04 12:50:20.245 28585 28597 I art     : Starting a blocking GC Explicit
08-04 12:50:20.308 28585 28597 I art     : Explicit concurrent mark sweep GC freed 1815(122KB) AllocSpace objects, 3(60KB) LOS objects, 27% free, 42MB/58MB, paused 1.795ms total 62.544ms
08-04 12:50:20.370 13866 13866 I GoogleInputMethodServic: GoogleInputMethodService.onFinishInput():3138 
08-04 12:50:20.371 13866 13866 I GoogleInputMethodServic: GoogleInputMethodService.onStartInput():1808 
08-04 12:50:20.687 28585 28598 I art     : Starting a blocking GC Explicit
08-04 12:50:20.752 28585 28598 I art     : Explicit concurrent mark sweep GC freed 8019(496KB) AllocSpace objects, 6(120KB) LOS objects, 27% free, 42MB/58MB, paused 1.467ms total 64.560ms
08-04 12:50:20.767 28585 28598 I art     : Starting a blocking GC Explicit
08-04 12:50:20.825 28585 28598 I art     : Explicit concurrent mark sweep GC freed 233(9KB) AllocSpace objects, 0(0B) LOS objects, 27% free, 42MB/58MB, paused 1.527ms total 57.740ms
08-04 12:50:20.842 28585 28598 I art     : Starting a blocking GC Explicit
08-04 12:50:20.900 28585 28598 I art     : Explicit concurrent mark sweep GC freed 148(7KB) AllocSpace objects, 0(0B) LOS objects, 27% free, 41MB/57MB, paused 1.677ms total 57.669ms
08-04 12:50:20.917 28585 28598 I art     : Starting a blocking GC Explicit
08-04 12:50:20.980 28585 28598 I art     : Explicit concurrent mark sweep GC freed 14(448B) AllocSpace objects, 0(0B) LOS objects, 27% free, 41MB/57MB, paused 1.592ms total 62.807ms
08-04 12:50:20.995 28585 28598 I art     : Starting a blocking GC Explicit
08-04 12:50:21.059 28585 28598 I art     : Explicit concurrent mark sweep GC freed 12(384B) AllocSpace objects, 0(0B) LOS objects, 27% free, 41MB/57MB, paused 1.867ms total 64.088ms
08-04 12:50:21.458 28585 28598 I art     : Starting a blocking GC Explicit
08-04 12:50:21.522 28585 28598 I art     : Explicit concurrent mark sweep GC freed 1664(93KB) AllocSpace objects, 1(20KB) LOS objects, 27% free, 42MB/58MB, paused 1.666ms total 63.367ms
08-04 12:50:21.538 28585 28598 I art     : Starting a blocking GC Explicit
08-04 12:50:21.600 28585 28598 I art     : Explicit concurrent mark sweep GC freed 37(1328B) AllocSpace objects, 0(0B) LOS objects, 27% free, 42MB/58MB, paused 1.559ms total 61.803ms
08-04 12:50:21.615 28585 28598 I art     : Starting a blocking GC Explicit
08-04 12:50:21.676 28585 28598 I art     : Explicit concurrent mark sweep GC freed 13(416B) AllocSpace objects, 0(0B) LOS objects, 27% free, 42MB/58MB, paused 1.682ms total 60.692ms
08-04 12:50:21.691 28585 28598 I art     : Starting a blocking GC Explicit
08-04 12:50:21.744 28585 30722 E baseline.com.newsblur.network.APIResponse: Error (unexpected end of stream on https://www.newsblur.com/...) calling https://www.newsblur.com/reader/feed_unread_count?feed_id=0
08-04 12:50:21.744 28585 30722 E baseline.com.newsblur.network.APIResponse: java.io.IOException: unexpected end of stream on https://www.newsblur.com/...
08-04 12:50:21.744 28585 30722 E baseline.com.newsblur.network.APIResponse: 	at okhttp3.internal.http1.Http1ExchangeCodec.readResponseHeaders(Http1ExchangeCodec.java:236)
08-04 12:50:21.744 28585 30722 E baseline.com.newsblur.network.APIResponse: 	at okhttp3.internal.connection.Exchange.readResponseHeaders(Exchange.java:115)
08-04 12:50:21.744 28585 30722 E baseline.com.newsblur.network.APIResponse: 	at okhttp3.internal.http.CallServerInterceptor.intercept(CallServerInterceptor.java:94)
08-04 12:50:21.744 28585 30722 E baseline.com.newsblur.network.APIResponse: 	at okhttp3.internal.http.RealInterceptorChain.proceed(RealInterceptorChain.java:142)
08-04 12:50:21.744 28585 30722 E baseline.com.newsblur.network.APIResponse: 	at okhttp3.internal.connection.ConnectInterceptor.intercept(ConnectInterceptor.java:43)
08-04 12:50:21.744 28585 30722 E baseline.com.newsblur.network.APIResponse: 	at okhttp3.internal.http.RealInterceptorChain.proceed(RealInterceptorChain.java:142)
08-04 12:50:21.744 28585 30722 E baseline.com.newsblur.network.APIResponse: 	at okhttp3.internal.http.RealInterceptorChain.proceed(RealInterceptorChain.java:117)
08-04 12:50:21.744 28585 30722 E baseline.com.newsblur.network.APIResponse: 	at okhttp3.internal.cache.CacheInterceptor.intercept(CacheInterceptor.java:94)
08-04 12:50:21.744 28585 30722 E baseline.com.newsblur.network.APIResponse: 	at okhttp3.internal.http.RealInterceptorChain.proceed(RealInterceptorChain.java:142)
08-04 12:50:21.744 28585 30722 E baseline.com.newsblur.network.APIResponse: 	at okhttp3.internal.http.RealInterceptorChain.proceed(RealInterceptorChain.java:117)
08-04 12:50:21.744 28585 30722 E baseline.com.newsblur.network.APIResponse: 	at okhttp3.internal.http.BridgeInterceptor.intercept(BridgeInterceptor.java:93)
08-04 12:50:21.744 28585 30722 E baseline.com.newsblur.network.APIResponse: 	at okhttp3.internal.http.RealInterceptorChain.proceed(RealInterceptorChain.java:142)
08-04 12:50:21.744 28585 30722 E baseline.com.newsblur.network.APIResponse: 	at okhttp3.internal.http.RetryAndFollowUpInterceptor.intercept(RetryAndFollowUpInterceptor.java:88)
08-04 12:50:21.744 28585 30722 E baseline.com.newsblur.network.APIResponse: 	at okhttp3.internal.http.RealInterceptorChain.proceed(RealInterceptorChain.java:142)
08-04 12:50:21.744 28585 30722 E baseline.com.newsblur.network.APIResponse: 	at okhttp3.internal.http.RealInterceptorChain.proceed(RealInterceptorChain.java:117)
08-04 12:50:21.744 28585 30722 E baseline.com.newsblur.network.APIResponse: 	at okhttp3.RealCall.getResponseWithInterceptorChain(RealCall.java:229)
08-04 12:50:21.744 28585 30722 E baseline.com.newsblur.network.APIResponse: 	at okhttp3.RealCall.execute(RealCall.java:81)
08-04 12:50:21.744 28585 30722 E baseline.com.newsblur.network.APIResponse: 	at baseline.com.newsblur.network.APIResponse.<init>(APIResponse.java:57)
08-04 12:50:21.744 28585 30722 E baseline.com.newsblur.network.APIResponse: 	at baseline.com.newsblur.network.APIManager.get_single(APIManager.java:639)
08-04 12:50:21.744 28585 30722 E baseline.com.newsblur.network.APIResponse: 	at baseline.com.newsblur.network.APIManager.get(APIManager.java:625)
08-04 12:50:21.744 28585 30722 E baseline.com.newsblur.network.APIResponse: 	at baseline.com.newsblur.network.APIManager.get(APIManager.java:667)
08-04 12:50:21.744 28585 30722 E baseline.com.newsblur.network.APIResponse: 	at baseline.com.newsblur.network.APIManager.getFeedUnreadCounts(APIManager.java:274)
08-04 12:50:21.744 28585 30722 E baseline.com.newsblur.network.APIResponse: 	at baseline.com.newsblur.service.NBSyncService.checkRecounts(NBSyncService.java:660)
08-04 12:50:21.744 28585 30722 E baseline.com.newsblur.network.APIResponse: 	at baseline.com.newsblur.service.NBSyncService.doSync(NBSyncService.java:310)
08-04 12:50:21.744 28585 30722 E baseline.com.newsblur.network.APIResponse: 	at baseline.com.newsblur.service.NBSyncService.access$100(NBSyncService.java:67)
08-04 12:50:21.744 28585 30722 E baseline.com.newsblur.network.APIResponse: 	at baseline.com.newsblur.service.NBSyncService$1.run(NBSyncService.java:188)
08-04 12:50:21.744 28585 30722 E baseline.com.newsblur.network.APIResponse: 	at java.util.concurrent.ThreadPoolExecutor.runWorker(ThreadPoolExecutor.java:1113)
08-04 12:50:21.744 28585 30722 E baseline.com.newsblur.network.APIResponse: 	at java.util.concurrent.ThreadPoolExecutor$Worker.run(ThreadPoolExecutor.java:588)
08-04 12:50:21.744 28585 30722 E baseline.com.newsblur.network.APIResponse: 	at java.lang.Thread.run(Thread.java:818)
08-04 12:50:21.744 28585 30722 E baseline.com.newsblur.network.APIResponse: Caused by: java.io.EOFException: \n not found: limit=0 content=
08-04 12:50:21.744 28585 30722 E baseline.com.newsblur.network.APIResponse: 	at okio.RealBufferedSource.readUtf8LineStrict(RealBufferedSource.java:240)
08-04 12:50:21.744 28585 30722 E baseline.com.newsblur.network.APIResponse: 	at okhttp3.internal.http1.Http1ExchangeCodec.readHeaderLine(Http1ExchangeCodec.java:242)
08-04 12:50:21.744 28585 30722 E baseline.com.newsblur.network.APIResponse: 	at okhttp3.internal.http1.Http1ExchangeCodec.readResponseHeaders(Http1ExchangeCodec.java:213)
08-04 12:50:21.744 28585 30722 E baseline.com.newsblur.network.APIResponse: 	... 28 more
08-04 12:50:21.745 28585 30722 I baseline.com.newsblur.network.APIManager: API call failed, pausing before retry number 2
08-04 12:50:21.751 28585 28598 I art     : Explicit concurrent mark sweep GC freed 2159(225KB) AllocSpace objects, 2(40KB) LOS objects, 27% free, 42MB/58MB, paused 1.570ms total 59.702ms
08-04 12:50:21.766 28585 28598 I art     : Starting a blocking GC Explicit
08-04 12:50:21.824 28585 28598 I art     : Explicit concurrent mark sweep GC freed 423(50KB) AllocSpace objects, 0(0B) LOS objects, 27% free, 41MB/57MB, paused 1.483ms total 57.668ms
08-04 12:50:21.969 31079 31079 D AndroidRuntime: >>>>>> START com.android.internal.os.RuntimeInit uid 2000 <<<<<<
08-04 12:50:21.975 31079 31079 D AndroidRuntime: CheckJNI is OFF
08-04 12:50:22.018 31079 31079 D ICU     : No timezone override file found: /data/misc/zoneinfo/current/icu/icu_tzdata.dat
08-04 12:50:22.062 31079 31079 I Radio-JNI: register_android_hardware_Radio DONE
08-04 12:50:22.090 31079 31079 D AndroidRuntime: Calling main entry com.android.commands.am.Am
08-04 12:50:22.108  2375  2375 I Trepn   : Trepn 6.2s: Received intent: com.quicinc.trepn.stop_profiling
08-04 12:50:22.133  2375  2375 I Trepn   : Trepn 6.2s: Trepn has Stopped Profiling.
08-04 12:50:22.233 28585 28597 I art     : Starting a blocking GC Explicit
08-04 12:50:22.272   918 13197 D NetworkMonitor/NetworkAgentInfo [WIFI () - 158]: Checking http://connectivitycheck.gstatic.com/generate_204 on "H369AA63323", 192.168.2.12=192.168.2.12
08-04 12:50:22.300 28585 28597 I art     : Explicit concurrent mark sweep GC freed 1468(83KB) AllocSpace objects, 1(20KB) LOS objects, 27% free, 41MB/57MB, paused 1.609ms total 65.761ms
08-04 12:50:22.315 28585 28597 I art     : Starting a blocking GC Explicit
08-04 12:50:22.337   918 13197 D NetworkMonitor/NetworkAgentInfo [WIFI () - 158]: Probably not a portal: exception java.io.IOException: unexpected end of stream on Connection{connectivitycheck.gstatic.com:80, proxy=HTTP@/192.168.2.12:8080 hostAddress=192.168.2.12 cipherSuite=none protocol=http/1.1} (recycle count=0)
08-04 12:50:22.338   918  3263 D ConnectivityService: NetworkAgentInfo [WIFI () - 158] validation failed
08-04 12:50:22.339   918  3261 E WifiConfigStore:  rewrite network history for "H369AA63323"WPA_PSK
08-04 12:50:22.356 31079 31079 D AndroidRuntime: Shutting down VM
08-04 12:50:22.361   918  3714 W AppOps  : Finishing op nesting under-run: uid 10078 pkg com.quicinc.trepn code 24 time=0 duration=0 nesting=0
08-04 12:50:22.374 28585 28597 I art     : Explicit concurrent mark sweep GC freed 22(784B) AllocSpace objects, 0(0B) LOS objects, 27% free, 41MB/57MB, paused 1.456ms total 58.719ms
08-04 12:50:22.389 28585 28597 I art     : Starting a blocking GC Explicit
08-04 12:50:22.446 28585 28597 I art     : Explicit concurrent mark sweep GC freed 3(96B) AllocSpace objects, 0(0B) LOS objects, 27% free, 41MB/57MB, paused 1.563ms total 56.686ms
08-04 12:50:22.461 28585 28597 I art     : Starting a blocking GC Explicit
08-04 12:50:22.477   918  3261 D WifiStateMachine: starting scan for "H369AA63323"WPA_PSK with 2412,5180
08-04 12:50:22.528 28585 28597 I art     : Explicit concurrent mark sweep GC freed 3(96B) AllocSpace objects, 0(0B) LOS objects, 27% free, 41MB/57MB, paused 1.815ms total 66.916ms
08-04 12:50:22.543 28585 28597 I art     : Starting a blocking GC Explicit
08-04 12:50:22.606 28585 28597 I art     : Explicit concurrent mark sweep GC freed 3(96B) AllocSpace objects, 0(0B) LOS objects, 27% free, 41MB/57MB, paused 1.523ms total 62.129ms
08-04 12:50:22.982 28585 28837 I art     : Starting a blocking GC Explicit
08-04 12:50:23.047 28585 28837 I art     : Explicit concurrent mark sweep GC freed 1441(82KB) AllocSpace objects, 1(20KB) LOS objects, 27% free, 41MB/57MB, paused 1.518ms total 63.796ms
08-04 12:50:23.062 28585 28837 I art     : Starting a blocking GC Explicit
08-04 12:50:23.122 28585 28837 I art     : Explicit concurrent mark sweep GC freed 22(784B) AllocSpace objects, 0(0B) LOS objects, 27% free, 41MB/57MB, paused 1.696ms total 59.528ms
08-04 12:50:23.137 28585 28837 I art     : Starting a blocking GC Explicit
08-04 12:50:23.201 28585 28837 I art     : Explicit concurrent mark sweep GC freed 3(96B) AllocSpace objects, 0(0B) LOS objects, 27% free, 41MB/57MB, paused 1.601ms total 63.856ms
08-04 12:50:23.216 28585 28837 I art     : Starting a blocking GC Explicit
08-04 12:50:23.276 28585 28837 I art     : Explicit concurrent mark sweep GC freed 3(96B) AllocSpace objects, 0(0B) LOS objects, 27% free, 41MB/57MB, paused 1.556ms total 59.555ms
08-04 12:50:23.291 28585 28837 I art     : Starting a blocking GC Explicit
08-04 12:50:23.350 28585 28837 I art     : Explicit concurrent mark sweep GC freed 3(96B) AllocSpace objects, 0(0B) LOS objects, 27% free, 41MB/57MB, paused 1.637ms total 58.701ms
08-04 12:50:23.475 13866 13882 I PeriodicStatsRunner: PeriodicStatsRunner.call():175 call()
08-04 12:50:23.475 13866 13882 I PeriodicStatsRunner: PeriodicStatsRunner.call():179 No submit PeriodicStats since input started.
