--------- beginning of main
08-04 13:07:51.590 14896 14896 D AndroidRuntime: >>>>>> START com.android.internal.os.RuntimeInit uid 2000 <<<<<<
08-04 13:07:51.596 14896 14896 D AndroidRuntime: CheckJNI is OFF
08-04 13:07:51.627 14896 14896 D ICU     : No timezone override file found: /data/misc/zoneinfo/current/icu/icu_tzdata.dat
08-04 13:07:51.663 14896 14896 I Radio-JNI: register_android_hardware_Radio DONE
08-04 13:07:51.682 14896 14896 D AndroidRuntime: Calling main entry com.android.commands.monkey.Monkey
--------- beginning of system
08-04 13:07:51.698   918   931 W BroadcastQueue: Skipping deliver [background] BroadcastRecord{c1f8b0c u-1 android.net.conn.CONNECTIVITY_CHANGE} to ReceiverList{d140c55 14896 (unknown name)/2000/u-1 remote:3ab0f99}: process crashing
08-04 13:07:51.709   918  6110 I ActivityManager: START u0 {act=android.intent.action.MAIN cat=[android.intent.category.LAUNCHER] flg=0x10200000 cmp=baseline.com.newsblur/.activity.InitActivity} from uid 2000 on display 0
08-04 13:07:51.726   918   932 I sensors : batch
08-04 13:07:51.736   918  3188 I hubconnection: sensorhub said: 'batch 31 flags:0, sampling_rate_Hz:15.00, max_report_latency_us:0'
08-04 13:07:51.747   918   932 I sensors : flush
08-04 13:07:51.750 14896 14896 I art     : System.exit called, status: 0
08-04 13:07:51.750 14896 14896 I AndroidRuntime: VM exiting with result code 0.
08-04 13:07:51.750 14234 14234 I ServiceManager: Waiting for service AtCmdFwd...
08-04 13:07:51.753   918  3188 I hubconnection: sensorhub said: 'flush 31'
08-04 13:07:51.753   918  3188 I hubconnection: saw sensor 31 flushed
08-04 13:07:51.796 12398 12398 I baseline.com.newsblur.activity.InitActivity: cold launching version 9.0b1
08-04 13:07:51.809 12398 14912 D OpenGLRenderer: Use EGL_SWAP_BEHAVIOR_PRESERVED: true
08-04 13:07:51.817  2075  1217 I PBSessionCacheImpl: Deleted sessionId[9127543042550561] from persistence.
08-04 13:07:51.823  2075  2107 W SearchServiceCore: Abort, client detached.
08-04 13:07:51.824  2075  2107 I MicroDetectionState: Should stop hotword detection immediately - true
08-04 13:07:51.844 12398 14912 I Adreno  : QUALCOMM build                   : fcf4852, I1af360237c
08-04 13:07:51.844 12398 14912 I Adreno  : Build Date                       : 09/23/15
08-04 13:07:51.844 12398 14912 I Adreno  : OpenGL ES Shader Compiler Version: XE031.05.13.02
08-04 13:07:51.844 12398 14912 I Adreno  : Local Branch                     : mybranch14465806
08-04 13:07:51.844 12398 14912 I Adreno  : Remote Branch                    : quic/LA.BF64.1.2.9_v2
08-04 13:07:51.844 12398 14912 I Adreno  : Remote Branch                    : NONE
08-04 13:07:51.844 12398 14912 I Adreno  : Reconstruct Branch               : NOTHING
08-04 13:07:51.848 12398 14912 I OpenGLRenderer: Initialized EGL, version 1.4
08-04 13:07:51.875 13866 13866 I GoogleInputMethodServic: GoogleInputMethodService.onFinishInput():3138 
08-04 13:07:51.877 13866 13866 I GoogleInputMethodServic: GoogleInputMethodService.onStartInput():1808 
08-04 13:07:51.927   918   929 I ActivityManager: START u0 {cmp=baseline.com.newsblur/.activity.Main} from uid 10652 on display 0
08-04 13:07:52.012 12398 12398 I art     : Rejecting re-init on previously-failed class java.lang.Class<androidx.core.view.ViewCompat$OnUnhandledKeyEventListenerWrapper>
08-04 13:07:52.012 12398 12398 I art     : Rejecting re-init on previously-failed class java.lang.Class<androidx.core.view.ViewCompat$OnUnhandledKeyEventListenerWrapper>
08-04 13:07:52.041 12398 12398 E BitmapFactory: Unable to decode stream: java.io.FileNotFoundException: /data/user/0/baseline.com.newsblur/cache/userProfilePicture: open failed: ENOENT (No such file or directory)
08-04 13:07:52.144 12398 14922 I baseline.com.newsblur.service.NBSyncService: ready to sync feed list
08-04 13:07:52.185 13866 13866 I GoogleInputMethodServic: GoogleInputMethodService.onFinishInput():3138 
08-04 13:07:52.186 13866 13866 I GoogleInputMethodServic: GoogleInputMethodService.onStartInput():1808 
08-04 13:07:52.300   918   936 I ActivityManager: Displayed baseline.com.newsblur/.activity.Main: +358ms (total +582ms)
08-04 13:07:52.707 12398 14922 I NAPPA_EXPERIMENTATION: MetricNetworkRequestExecutionTime: REQUEST_DURATION_SYSTEM='560',REQUEST_DURATION_OKHTTP='30',REQUEST_SYNCHRONOUS='TRUE',RESPONSE_CODE='200',RESPONSE_METHOD='GET',RESPONSE_LENGTH_OKHTTP='-1',RESPONSE_LENGTH_HEADER='-2',REQUEST_PROTOCOL='http/1.1',REQUEST_URL='https://www.newsblur.com/reader/feeds/?update_counts=true',
08-04 13:07:52.707 12398 14922 D MY_TAG  : 0, 560
08-04 13:07:52.751 14234 14234 I ServiceManager: Waiting for service AtCmdFwd...
08-04 13:07:52.754 12398 14922 I baseline.com.newsblur.service.NBSyncService: got feed list: 1 feeds in  conn:560 read:3 parse:3 store:39
08-04 13:07:53.186 12398 14930 I NAPPA_EXPERIMENTATION: MetricNetworkRequestExecutionTime: REQUEST_DURATION_SYSTEM='421',REQUEST_DURATION_OKHTTP='31',REQUEST_SYNCHRONOUS='TRUE',RESPONSE_CODE='200',RESPONSE_METHOD='GET',RESPONSE_LENGTH_OKHTTP='-1',RESPONSE_LENGTH_HEADER='-2',REQUEST_PROTOCOL='http/1.1',REQUEST_URL='https://www.newsblur.com/reader/unread_story_hashes?include_timestamps=1',
08-04 13:07:53.186 12398 14930 D MY_TAG  : 0, 421
08-04 13:07:53.200 12398 14930 I baseline.com.newsblur.service.UnreadsService: starting unread count: 0
08-04 13:07:53.202 12398 14930 I baseline.com.newsblur.service.UnreadsService: new unread count:      0
08-04 13:07:53.202 12398 14930 I baseline.com.newsblur.service.UnreadsService: new unreads found:     0
08-04 13:07:53.203 12398 14930 I baseline.com.newsblur.service.UnreadsService: unreads to retire:     0
08-04 13:07:53.280 14944 14944 D AndroidRuntime: >>>>>> START com.android.internal.os.RuntimeInit uid 2000 <<<<<<
08-04 13:07:53.283 14944 14944 D AndroidRuntime: CheckJNI is OFF
08-04 13:07:53.308 14944 14944 D ICU     : No timezone override file found: /data/misc/zoneinfo/current/icu/icu_tzdata.dat
08-04 13:07:53.337 14944 14944 I Radio-JNI: register_android_hardware_Radio DONE
08-04 13:07:53.353 14944 14944 D AndroidRuntime: Calling main entry com.android.commands.am.Am
08-04 13:07:53.361  2375  2375 I Trepn   : Trepn 6.2s: Received intent: com.quicinc.trepn.start_profiling
08-04 13:07:53.507  2375  2375 W FileUtils: Failed to chmod(/storage/emulated/0/trepn/Trepn_2020.08.04_130753.db): android.system.ErrnoException: chmod failed: EPERM (Operation not permitted)
08-04 13:07:53.665  2375  2375 I Trepn   : Trepn 6.2s: Trepn has Started Profiling.
08-04 13:07:53.668 14944 14944 D AndroidRuntime: Shutting down VM
08-04 13:07:53.752 14234 14234 W Atfwd_Sendcmd: AtCmdFwd service not published, waiting... retryCnt : 1
08-04 13:07:54.165 12398 12411 I art     : Starting a blocking GC Explicit
08-04 13:07:54.185 12398 12411 I art     : Explicit concurrent mark sweep GC freed 31234(2004KB) AllocSpace objects, 41(1140KB) LOS objects, 37% free, 26MB/42MB, paused 215us total 19.695ms
08-04 13:07:54.193 12398 12411 I art     : Starting a blocking GC Explicit
08-04 13:07:54.206 12398 12411 I art     : Explicit concurrent mark sweep GC freed 2430(198KB) AllocSpace objects, 0(0B) LOS objects, 38% free, 26MB/42MB, paused 194us total 12.403ms
08-04 13:07:54.213 12398 12411 I art     : Starting a blocking GC Explicit
08-04 13:07:54.223 12398 12411 I art     : Explicit concurrent mark sweep GC freed 18(480B) AllocSpace objects, 0(0B) LOS objects, 38% free, 26MB/42MB, paused 173us total 10.294ms
08-04 13:07:54.229 12398 12411 I art     : Starting a blocking GC Explicit
08-04 13:07:54.239 12398 12411 I art     : Explicit concurrent mark sweep GC freed 3(96B) AllocSpace objects, 0(0B) LOS objects, 38% free, 26MB/42MB, paused 175us total 10.171ms
08-04 13:07:54.245 12398 12411 I art     : Starting a blocking GC Explicit
08-04 13:07:54.255 12398 12411 I art     : Explicit concurrent mark sweep GC freed 3(96B) AllocSpace objects, 0(0B) LOS objects, 38% free, 26MB/42MB, paused 167us total 10.203ms
08-04 13:07:54.555 12398 12414 I art     : Starting a blocking GC Explicit
08-04 13:07:54.576 12398 12414 I art     : Explicit concurrent mark sweep GC freed 1391(80KB) AllocSpace objects, 1(20KB) LOS objects, 38% free, 26MB/42MB, paused 256us total 20.969ms
08-04 13:07:54.589 12398 12414 I art     : Starting a blocking GC Explicit
08-04 13:07:54.603 12398 12414 I art     : Explicit concurrent mark sweep GC freed 20(704B) AllocSpace objects, 0(0B) LOS objects, 38% free, 26MB/42MB, paused 196us total 14.080ms
08-04 13:07:54.612 12398 12414 I art     : Starting a blocking GC Explicit
08-04 13:07:54.624 12398 12414 I art     : Explicit concurrent mark sweep GC freed 3(96B) AllocSpace objects, 0(0B) LOS objects, 38% free, 26MB/42MB, paused 164us total 10.870ms
08-04 13:07:54.630 12398 12414 I art     : Starting a blocking GC Explicit
08-04 13:07:54.640 12398 12414 I art     : Explicit concurrent mark sweep GC freed 3(96B) AllocSpace objects, 0(0B) LOS objects, 38% free, 26MB/42MB, paused 155us total 10.258ms
08-04 13:07:54.645 12398 12414 I art     : Starting a blocking GC Explicit
08-04 13:07:54.655 12398 12414 I art     : Explicit concurrent mark sweep GC freed 3(96B) AllocSpace objects, 0(0B) LOS objects, 38% free, 26MB/42MB, paused 169us total 9.729ms
08-04 13:07:54.947 12398 12411 I art     : Starting a blocking GC Explicit
08-04 13:07:54.961 12398 12411 I art     : Explicit concurrent mark sweep GC freed 1381(80KB) AllocSpace objects, 1(20KB) LOS objects, 38% free, 26MB/42MB, paused 246us total 14.293ms
08-04 13:07:54.969 12398 12411 I art     : Starting a blocking GC Explicit
08-04 13:07:54.982 12398 12411 I art     : Explicit concurrent mark sweep GC freed 20(704B) AllocSpace objects, 0(0B) LOS objects, 38% free, 26MB/42MB, paused 205us total 12.385ms
08-04 13:07:54.988 12398 12411 I art     : Starting a blocking GC Explicit
08-04 13:07:54.999 12398 12411 I art     : Explicit concurrent mark sweep GC freed 3(96B) AllocSpace objects, 0(0B) LOS objects, 38% free, 26MB/42MB, paused 193us total 10.999ms
08-04 13:07:55.005 12398 12411 I art     : Starting a blocking GC Explicit
08-04 13:07:55.016 12398 12411 I art     : Explicit concurrent mark sweep GC freed 3(96B) AllocSpace objects, 0(0B) LOS objects, 38% free, 26MB/42MB, paused 199us total 11.108ms
08-04 13:07:55.022 12398 12411 I art     : Starting a blocking GC Explicit
08-04 13:07:55.034 12398 12411 I art     : Explicit concurrent mark sweep GC freed 3(96B) AllocSpace objects, 0(0B) LOS objects, 38% free, 26MB/42MB, paused 180us total 11.104ms
08-04 13:07:55.335 12398 12414 I art     : Starting a blocking GC Explicit
08-04 13:07:55.350 12398 12414 I art     : Explicit concurrent mark sweep GC freed 1379(80KB) AllocSpace objects, 1(20KB) LOS objects, 38% free, 26MB/42MB, paused 250us total 14.950ms
08-04 13:07:55.358 12398 12414 I art     : Starting a blocking GC Explicit
08-04 13:07:55.371 12398 12414 I art     : Explicit concurrent mark sweep GC freed 20(704B) AllocSpace objects, 0(0B) LOS objects, 38% free, 26MB/42MB, paused 205us total 12.548ms
08-04 13:07:55.378 12398 12414 I art     : Starting a blocking GC Explicit
08-04 13:07:55.389 12398 12414 I art     : Explicit concurrent mark sweep GC freed 3(96B) AllocSpace objects, 0(0B) LOS objects, 38% free, 26MB/42MB, paused 183us total 11.531ms
08-04 13:07:55.395 12398 12414 I art     : Starting a blocking GC Explicit
08-04 13:07:55.407 12398 12414 I art     : Explicit concurrent mark sweep GC freed 3(96B) AllocSpace objects, 0(0B) LOS objects, 38% free, 26MB/42MB, paused 186us total 11.070ms
08-04 13:07:55.413 12398 12414 I art     : Starting a blocking GC Explicit
08-04 13:07:55.424 12398 12414 I art     : Explicit concurrent mark sweep GC freed 3(96B) AllocSpace objects, 0(0B) LOS objects, 38% free, 26MB/42MB, paused 206us total 11.124ms
08-04 13:07:55.710 12398 12411 I art     : Starting a blocking GC Explicit
08-04 13:07:55.724 12398 12411 I art     : Explicit concurrent mark sweep GC freed 1379(80KB) AllocSpace objects, 1(20KB) LOS objects, 38% free, 26MB/42MB, paused 208us total 13.689ms
08-04 13:07:55.730 12398 12411 I art     : Starting a blocking GC Explicit
08-04 13:07:55.742 12398 12411 I art     : Explicit concurrent mark sweep GC freed 20(704B) AllocSpace objects, 0(0B) LOS objects, 38% free, 26MB/42MB, paused 181us total 11.795ms
08-04 13:07:55.749 12398 12411 I art     : Starting a blocking GC Explicit
08-04 13:07:55.760 12398 12411 I art     : Explicit concurrent mark sweep GC freed 3(96B) AllocSpace objects, 0(0B) LOS objects, 38% free, 26MB/42MB, paused 165us total 11.182ms
08-04 13:07:55.766 12398 12411 I art     : Starting a blocking GC Explicit
08-04 13:07:55.778 12398 12411 I art     : Explicit concurrent mark sweep GC freed 3(96B) AllocSpace objects, 0(0B) LOS objects, 38% free, 26MB/42MB, paused 185us total 11.510ms
08-04 13:07:55.785 12398 12411 I art     : Starting a blocking GC Explicit
08-04 13:07:55.796 12398 12411 I art     : Explicit concurrent mark sweep GC freed 3(96B) AllocSpace objects, 0(0B) LOS objects, 38% free, 26MB/42MB, paused 179us total 11.294ms
08-04 13:07:56.091 12398 12414 I art     : Starting a blocking GC Explicit
08-04 13:07:56.108 12398 12414 I art     : Explicit concurrent mark sweep GC freed 1378(80KB) AllocSpace objects, 1(20KB) LOS objects, 38% free, 26MB/42MB, paused 216us total 17.023ms
08-04 13:07:56.118 12398 12414 I art     : Starting a blocking GC Explicit
08-04 13:07:56.130 12398 12414 I art     : Explicit concurrent mark sweep GC freed 20(704B) AllocSpace objects, 0(0B) LOS objects, 38% free, 26MB/42MB, paused 190us total 11.963ms
08-04 13:07:56.137 12398 12414 I art     : Starting a blocking GC Explicit
08-04 13:07:56.149 12398 12414 I art     : Explicit concurrent mark sweep GC freed 3(96B) AllocSpace objects, 0(0B) LOS objects, 38% free, 26MB/42MB, paused 180us total 11.885ms
08-04 13:07:56.155 12398 12414 I art     : Starting a blocking GC Explicit
08-04 13:07:56.166 12398 12414 I art     : Explicit concurrent mark sweep GC freed 3(96B) AllocSpace objects, 0(0B) LOS objects, 38% free, 26MB/42MB, paused 183us total 11.271ms
08-04 13:07:56.173 12398 12414 I art     : Starting a blocking GC Explicit
08-04 13:07:56.184 12398 12414 I art     : Explicit concurrent mark sweep GC freed 3(96B) AllocSpace objects, 0(0B) LOS objects, 38% free, 26MB/42MB, paused 184us total 11.722ms
08-04 13:07:56.486 12398 12411 I art     : Starting a blocking GC Explicit
08-04 13:07:56.503 12398 12411 I art     : Explicit concurrent mark sweep GC freed 1378(80KB) AllocSpace objects, 1(20KB) LOS objects, 38% free, 26MB/42MB, paused 242us total 17.101ms
08-04 13:07:56.514 12398 12411 I art     : Starting a blocking GC Explicit
08-04 13:07:56.529 12398 12411 I art     : Explicit concurrent mark sweep GC freed 20(704B) AllocSpace objects, 0(0B) LOS objects, 38% free, 26MB/42MB, paused 212us total 15.111ms
08-04 13:07:56.538 12398 12411 I art     : Starting a blocking GC Explicit
08-04 13:07:56.550 12398 12411 I art     : Explicit concurrent mark sweep GC freed 3(96B) AllocSpace objects, 0(0B) LOS objects, 38% free, 26MB/42MB, paused 183us total 11.868ms
08-04 13:07:56.557 12398 12411 I art     : Starting a blocking GC Explicit
08-04 13:07:56.568 12398 12411 I art     : Explicit concurrent mark sweep GC freed 3(96B) AllocSpace objects, 0(0B) LOS objects, 38% free, 26MB/42MB, paused 175us total 11.129ms
08-04 13:07:56.575 12398 12411 I art     : Starting a blocking GC Explicit
08-04 13:07:56.586 12398 12411 I art     : Explicit concurrent mark sweep GC freed 3(96B) AllocSpace objects, 0(0B) LOS objects, 38% free, 26MB/42MB, paused 175us total 10.842ms
08-04 13:07:56.876 13866 13882 I PeriodicStatsRunner: PeriodicStatsRunner.call():175 call()
08-04 13:07:56.877 13866 13882 I PeriodicStatsRunner: PeriodicStatsRunner.call():179 No submit PeriodicStats since input started.
08-04 13:07:56.883 12398 12414 I art     : Starting a blocking GC Explicit
08-04 13:07:56.898 12398 12414 I art     : Explicit concurrent mark sweep GC freed 1378(80KB) AllocSpace objects, 1(20KB) LOS objects, 38% free, 26MB/42MB, paused 200us total 14.464ms
08-04 13:07:56.904 12398 12414 I art     : Starting a blocking GC Explicit
08-04 13:07:56.917 12398 12414 I art     : Explicit concurrent mark sweep GC freed 20(704B) AllocSpace objects, 0(0B) LOS objects, 38% free, 26MB/42MB, paused 215us total 12.303ms
08-04 13:07:56.923 12398 12414 I art     : Starting a blocking GC Explicit
08-04 13:07:56.935 12398 12414 I art     : Explicit concurrent mark sweep GC freed 3(96B) AllocSpace objects, 0(0B) LOS objects, 38% free, 26MB/42MB, paused 175us total 11.557ms
08-04 13:07:56.942 12398 12414 I art     : Starting a blocking GC Explicit
08-04 13:07:56.953 12398 12414 I art     : Explicit concurrent mark sweep GC freed 3(96B) AllocSpace objects, 0(0B) LOS objects, 38% free, 26MB/42MB, paused 177us total 11.216ms
08-04 13:07:56.959 12398 12414 I art     : Starting a blocking GC Explicit
08-04 13:07:56.970 12398 12414 I art     : Explicit concurrent mark sweep GC freed 3(96B) AllocSpace objects, 0(0B) LOS objects, 38% free, 26MB/42MB, paused 184us total 10.810ms
08-04 13:07:57.185 13866 13882 I PeriodicStatsRunner: PeriodicStatsRunner.call():175 call()
08-04 13:07:57.186 13866 13882 I PeriodicStatsRunner: PeriodicStatsRunner.call():179 No submit PeriodicStats since input started.
08-04 13:07:57.272 12398 12411 I art     : Starting a blocking GC Explicit
08-04 13:07:57.293 12398 12411 I art     : Explicit concurrent mark sweep GC freed 1378(80KB) AllocSpace objects, 1(20KB) LOS objects, 38% free, 26MB/42MB, paused 228us total 19.846ms
08-04 13:07:57.304 12398 12411 I art     : Starting a blocking GC Explicit
08-04 13:07:57.318 12398 12411 I art     : Explicit concurrent mark sweep GC freed 20(704B) AllocSpace objects, 0(0B) LOS objects, 38% free, 26MB/42MB, paused 184us total 14.006ms
08-04 13:07:57.324 12398 12411 I art     : Starting a blocking GC Explicit
08-04 13:07:57.336 12398 12411 I art     : Explicit concurrent mark sweep GC freed 3(96B) AllocSpace objects, 0(0B) LOS objects, 38% free, 26MB/42MB, paused 185us total 11.518ms
08-04 13:07:57.342 12398 12411 I art     : Starting a blocking GC Explicit
08-04 13:07:57.354 12398 12411 I art     : Explicit concurrent mark sweep GC freed 3(96B) AllocSpace objects, 0(0B) LOS objects, 38% free, 26MB/42MB, paused 176us total 11.515ms
08-04 13:07:57.360 12398 12411 I art     : Starting a blocking GC Explicit
08-04 13:07:57.372 12398 12411 I art     : Explicit concurrent mark sweep GC freed 3(96B) AllocSpace objects, 0(0B) LOS objects, 38% free, 26MB/42MB, paused 181us total 11.061ms
08-04 13:07:57.674 12398 12414 I art     : Starting a blocking GC Explicit
08-04 13:07:57.692 12398 12414 I art     : Explicit concurrent mark sweep GC freed 1378(80KB) AllocSpace objects, 1(20KB) LOS objects, 38% free, 26MB/42MB, paused 255us total 17.445ms
08-04 13:07:57.702 12398 12414 I art     : Starting a blocking GC Explicit
08-04 13:07:57.717 12398 12414 I art     : Explicit concurrent mark sweep GC freed 20(704B) AllocSpace objects, 0(0B) LOS objects, 38% free, 26MB/42MB, paused 206us total 14.851ms
08-04 13:07:57.726 12398 12414 I art     : Starting a blocking GC Explicit
08-04 13:07:57.737 12398 12414 I art     : Explicit concurrent mark sweep GC freed 3(96B) AllocSpace objects, 0(0B) LOS objects, 38% free, 26MB/42MB, paused 173us total 11.441ms
08-04 13:07:57.744 12398 12414 I art     : Starting a blocking GC Explicit
08-04 13:07:57.755 12398 12414 I art     : Explicit concurrent mark sweep GC freed 3(96B) AllocSpace objects, 0(0B) LOS objects, 38% free, 26MB/42MB, paused 183us total 11.319ms
08-04 13:07:57.762 12398 12414 I art     : Starting a blocking GC Explicit
08-04 13:07:57.772 12398 12414 I art     : Explicit concurrent mark sweep GC freed 3(96B) AllocSpace objects, 0(0B) LOS objects, 38% free, 26MB/42MB, paused 167us total 10.086ms
08-04 13:07:58.040 12398 12411 I art     : Starting a blocking GC Explicit
08-04 13:07:58.054 12398 12411 I art     : Explicit concurrent mark sweep GC freed 1377(80KB) AllocSpace objects, 1(20KB) LOS objects, 38% free, 26MB/42MB, paused 222us total 13.904ms
08-04 13:07:58.061 12398 12411 I art     : Starting a blocking GC Explicit
08-04 13:07:58.073 12398 12411 I art     : Explicit concurrent mark sweep GC freed 20(704B) AllocSpace objects, 0(0B) LOS objects, 38% free, 26MB/42MB, paused 200us total 11.689ms
08-04 13:07:58.079 12398 12411 I art     : Starting a blocking GC Explicit
08-04 13:07:58.091 12398 12411 I art     : Explicit concurrent mark sweep GC freed 3(96B) AllocSpace objects, 0(0B) LOS objects, 38% free, 26MB/42MB, paused 186us total 11.794ms
08-04 13:07:58.098 12398 12411 I art     : Starting a blocking GC Explicit
08-04 13:07:58.109 12398 12411 I art     : Explicit concurrent mark sweep GC freed 3(96B) AllocSpace objects, 0(0B) LOS objects, 38% free, 26MB/42MB, paused 173us total 11.025ms
08-04 13:07:58.115 12398 12411 I art     : Starting a blocking GC Explicit
08-04 13:07:58.126 12398 12411 I art     : Explicit concurrent mark sweep GC freed 3(96B) AllocSpace objects, 0(0B) LOS objects, 38% free, 26MB/42MB, paused 172us total 10.965ms
08-04 13:07:58.418 12398 12414 I art     : Starting a blocking GC Explicit
08-04 13:07:58.432 12398 12414 I art     : Explicit concurrent mark sweep GC freed 1378(80KB) AllocSpace objects, 1(20KB) LOS objects, 38% free, 26MB/42MB, paused 242us total 13.551ms
08-04 13:07:58.439 12398 12414 I art     : Starting a blocking GC Explicit
08-04 13:07:58.450 12398 12414 I art     : Explicit concurrent mark sweep GC freed 20(704B) AllocSpace objects, 0(0B) LOS objects, 38% free, 26MB/42MB, paused 170us total 10.638ms
08-04 13:07:58.455 12398 12414 I art     : Starting a blocking GC Explicit
08-04 13:07:58.465 12398 12414 I art     : Explicit concurrent mark sweep GC freed 3(96B) AllocSpace objects, 0(0B) LOS objects, 38% free, 26MB/42MB, paused 161us total 9.629ms
08-04 13:07:58.471 12398 12414 I art     : Starting a blocking GC Explicit
08-04 13:07:58.481 12398 12414 I art     : Explicit concurrent mark sweep GC freed 3(96B) AllocSpace objects, 0(0B) LOS objects, 38% free, 26MB/42MB, paused 160us total 10.288ms
08-04 13:07:58.487 12398 12414 I art     : Starting a blocking GC Explicit
08-04 13:07:58.497 12398 12414 I art     : Explicit concurrent mark sweep GC freed 3(96B) AllocSpace objects, 0(0B) LOS objects, 38% free, 26MB/42MB, paused 164us total 10.085ms
08-04 13:07:58.740 12398 12411 I art     : Starting a blocking GC Explicit
08-04 13:07:58.752 14234 14234 I ServiceManager: Waiting for service AtCmdFwd...
08-04 13:07:58.752 12398 12411 I art     : Explicit concurrent mark sweep GC freed 1378(80KB) AllocSpace objects, 1(20KB) LOS objects, 38% free, 26MB/42MB, paused 193us total 11.867ms
08-04 13:07:58.758 12398 12411 I art     : Starting a blocking GC Explicit
08-04 13:07:58.770 12398 12411 I art     : Explicit concurrent mark sweep GC freed 20(704B) AllocSpace objects, 0(0B) LOS objects, 38% free, 26MB/42MB, paused 188us total 11.180ms
08-04 13:07:58.776 12398 12411 I art     : Starting a blocking GC Explicit
08-04 13:07:58.787 12398 12411 I art     : Explicit concurrent mark sweep GC freed 3(96B) AllocSpace objects, 0(0B) LOS objects, 38% free, 26MB/42MB, paused 191us total 11.286ms
08-04 13:07:58.793 12398 12411 I art     : Starting a blocking GC Explicit
08-04 13:07:58.805 12398 12411 I art     : Explicit concurrent mark sweep GC freed 3(96B) AllocSpace objects, 0(0B) LOS objects, 38% free, 26MB/42MB, paused 178us total 11.370ms
08-04 13:07:58.811 12398 12411 I art     : Starting a blocking GC Explicit
08-04 13:07:58.822 12398 12411 I art     : Explicit concurrent mark sweep GC freed 3(96B) AllocSpace objects, 0(0B) LOS objects, 38% free, 26MB/42MB, paused 178us total 10.685ms
08-04 13:07:58.837 15105 15105 D AndroidRuntime: >>>>>> START com.android.internal.os.RuntimeInit uid 2000 <<<<<<
08-04 13:07:58.841 15105 15105 D AndroidRuntime: CheckJNI is OFF
08-04 13:07:58.866 15105 15105 D ICU     : No timezone override file found: /data/misc/zoneinfo/current/icu/icu_tzdata.dat
08-04 13:07:58.889 15105 15105 I Radio-JNI: register_android_hardware_Radio DONE
08-04 13:07:58.905 15105 15105 D AndroidRuntime: Calling main entry com.android.commands.input.Input
08-04 13:07:58.907 15105 15105 I Input   : injectMotionEvent: MotionEvent { action=ACTION_DOWN, actionButton=0, id[0]=0, x[0]=594.0, y[0]=330.0, toolType[0]=TOOL_TYPE_UNKNOWN, buttonState=0, metaState=0, flags=0x0, edgeFlags=0x0, pointerCount=1, historySize=0, eventTime=709695320, downTime=709695320, deviceId=0, source=0x1002 }
08-04 13:07:58.914 15105 15105 I Input   : injectMotionEvent: MotionEvent { action=ACTION_UP, actionButton=0, id[0]=0, x[0]=594.0, y[0]=330.0, toolType[0]=TOOL_TYPE_UNKNOWN, buttonState=0, metaState=0, flags=0x0, edgeFlags=0x0, pointerCount=1, historySize=0, eventTime=709695320, downTime=709695320, deviceId=0, source=0x1002 }
08-04 13:07:58.916 15105 15105 D AndroidRuntime: Shutting down VM
08-04 13:07:58.985   918  5952 I ActivityManager: START u0 {cmp=baseline.com.newsblur/.activity.GlobalSharedStoriesItemsList (has extras)} from uid 10652 on display 0
08-04 13:07:59.010 12398 15138 I baseline.com.newsblur.database.BlurDatabaseHelper: reading session reset
08-04 13:07:59.036 12398 12414 I art     : Starting a blocking GC Explicit
08-04 13:07:59.049 12398 12414 I art     : Explicit concurrent mark sweep GC freed 5786(463KB) AllocSpace objects, 7(264KB) LOS objects, 36% free, 27MB/43MB, paused 210us total 13.122ms
08-04 13:07:59.055 12398 12414 I art     : Starting a blocking GC Explicit
08-04 13:07:59.067 12398 12414 I art     : Explicit concurrent mark sweep GC freed 281(15KB) AllocSpace objects, 0(0B) LOS objects, 36% free, 27MB/43MB, paused 325us total 11.797ms
08-04 13:07:59.073 12398 12414 I art     : Starting a blocking GC Explicit
08-04 13:07:59.085 12398 12414 I art     : Explicit concurrent mark sweep GC freed 620(51KB) AllocSpace objects, 1(20KB) LOS objects, 36% free, 27MB/43MB, paused 220us total 11.959ms
08-04 13:07:59.091 12398 12414 I art     : Starting a blocking GC Explicit
08-04 13:07:59.102 12398 12414 I art     : Explicit concurrent mark sweep GC freed 103(4KB) AllocSpace objects, 0(0B) LOS objects, 36% free, 27MB/43MB, paused 198us total 11.329ms
08-04 13:07:59.108 12398 12414 I art     : Starting a blocking GC Explicit
08-04 13:07:59.120 12398 12414 I art     : Explicit concurrent mark sweep GC freed 82(4KB) AllocSpace objects, 0(0B) LOS objects, 36% free, 27MB/43MB, paused 424us total 11.902ms
08-04 13:07:59.128 12398 12398 W View    : requestLayout() improperly called by android.widget.FrameLayout{d5270c V.E...... ......ID 0,0-1440,0 #7f07003f app:id/footer_view_inner} during layout: running second layout pass
08-04 13:07:59.128 12398 12398 W View    : requestLayout() improperly called by android.widget.FrameLayout{bef7855 V.E...... ......ID 0,0-1440,2091 #7f07003f app:id/footer_view_inner} during layout: running second layout pass
08-04 13:07:59.148   918   936 I ActivityManager: Displayed baseline.com.newsblur/.activity.GlobalSharedStoriesItemsList: +152ms
08-04 13:07:59.148 13866 13866 I GoogleInputMethodServic: GoogleInputMethodService.onFinishInput():3138 
08-04 13:07:59.148 13866 13866 I GoogleInputMethodServic: GoogleInputMethodService.onStartInput():1808 
08-04 13:07:59.348 12398 12411 I art     : Starting a blocking GC Explicit
08-04 13:07:59.366 12398 12411 I art     : Explicit concurrent mark sweep GC freed 3429(269KB) AllocSpace objects, 7(140KB) LOS objects, 36% free, 27MB/43MB, paused 378us total 17.327ms
08-04 13:07:59.376 12398 12411 I art     : Starting a blocking GC Explicit
08-04 13:07:59.391 12398 12411 I art     : Explicit concurrent mark sweep GC freed 198(7KB) AllocSpace objects, 0(0B) LOS objects, 36% free, 27MB/43MB, paused 263us total 14.570ms
08-04 13:07:59.398 12398 12411 I art     : Starting a blocking GC Explicit
08-04 13:07:59.413 12398 12411 I art     : Explicit concurrent mark sweep GC freed 148(19KB) AllocSpace objects, 1(20KB) LOS objects, 36% free, 27MB/43MB, paused 302us total 15.133ms
08-04 13:07:59.420 12398 12411 I art     : Starting a blocking GC Explicit
08-04 13:07:59.432 12398 12411 I art     : Explicit concurrent mark sweep GC freed 127(6KB) AllocSpace objects, 0(0B) LOS objects, 36% free, 27MB/43MB, paused 256us total 12.413ms
08-04 13:07:59.438 12398 12411 I art     : Starting a blocking GC Explicit
08-04 13:07:59.450 12398 12411 I art     : Explicit concurrent mark sweep GC freed 7(224B) AllocSpace objects, 0(0B) LOS objects, 36% free, 27MB/43MB, paused 208us total 11.111ms
08-04 13:07:59.650 12398 15141 I NAPPA_EXPERIMENTATION: MetricNetworkRequestExecutionTime: REQUEST_DURATION_SYSTEM='492',REQUEST_DURATION_OKHTTP='34',REQUEST_SYNCHRONOUS='TRUE',RESPONSE_CODE='200',RESPONSE_METHOD='GET',RESPONSE_LENGTH_OKHTTP='-1',RESPONSE_LENGTH_HEADER='13047',REQUEST_PROTOCOL='http/1.1',REQUEST_URL='https://www.newsblur.com/social/river_stories?order=newest&page=1&read_filter=all&global_feed=true',
08-04 13:07:59.651 12398 15141 D MY_TAG  : 0, 492
08-04 13:07:59.723 12398 12414 I art     : Starting a blocking GC Explicit
08-04 13:07:59.743 12398 12414 I art     : Explicit concurrent mark sweep GC freed 32444(1966KB) AllocSpace objects, 23(728KB) LOS objects, 36% free, 28MB/44MB, paused 494us total 20.381ms
08-04 13:07:59.751 12398 12414 I art     : Starting a blocking GC Explicit
08-04 13:07:59.752 14234 14234 I ServiceManager: Waiting for service AtCmdFwd...
08-04 13:07:59.765 12398 12414 I art     : Explicit concurrent mark sweep GC freed 3424(302KB) AllocSpace objects, 3(148KB) LOS objects, 36% free, 27MB/43MB, paused 425us total 13.247ms
08-04 13:07:59.771 12398 12414 I art     : Starting a blocking GC Explicit
08-04 13:07:59.783 12398 12414 I art     : Explicit concurrent mark sweep GC freed 1732(317KB) AllocSpace objects, 15(300KB) LOS objects, 36% free, 27MB/43MB, paused 209us total 11.866ms
08-04 13:07:59.788 12398 12414 I art     : Starting a blocking GC Explicit
08-04 13:07:59.801 12398 12414 I art     : Explicit concurrent mark sweep GC freed 294(13KB) AllocSpace objects, 0(0B) LOS objects, 36% free, 27MB/43MB, paused 364us total 12.550ms
08-04 13:07:59.807 12398 12414 I art     : Starting a blocking GC Explicit
08-04 13:07:59.819 12398 12414 I art     : Explicit concurrent mark sweep GC freed 2121(156KB) AllocSpace objects, 1(20KB) LOS objects, 36% free, 27MB/43MB, paused 335us total 12.338ms
08-04 13:07:59.913 12398 15171 I NAPPA_EXPERIMENTATION: MetricNetworkRequestExecutionTime: REQUEST_DURATION_SYSTEM='30',REQUEST_DURATION_OKHTTP='25',REQUEST_SYNCHRONOUS='TRUE',RESPONSE_CODE='200',RESPONSE_METHOD='GET',RESPONSE_LENGTH_OKHTTP='43',RESPONSE_LENGTH_HEADER='43',REQUEST_PROTOCOL='http/1.1',REQUEST_URL='http://feeds.feedburner.com/~r/retort/~4/UffaFMiJbNs',
08-04 13:08:00.096 12398 12414 I art     : Starting a blocking GC Explicit
08-04 13:08:00.116 12398 12414 I art     : Explicit concurrent mark sweep GC freed 4915(326KB) AllocSpace objects, 9(260KB) LOS objects, 36% free, 28MB/44MB, paused 529us total 19.374ms
08-04 13:08:00.124 12398 12414 I art     : Starting a blocking GC Explicit
08-04 13:08:00.142 12398 12414 I art     : Explicit concurrent mark sweep GC freed 4740(196KB) AllocSpace objects, 0(0B) LOS objects, 36% free, 28MB/44MB, paused 845us total 18.236ms
08-04 13:08:00.149 12398 12414 I art     : Starting a blocking GC Explicit
08-04 13:08:00.164 12398 12414 I art     : Explicit concurrent mark sweep GC freed 3729(233KB) AllocSpace objects, 1(80KB) LOS objects, 36% free, 28MB/44MB, paused 437us total 14.862ms
08-04 13:08:00.170 12398 12414 I art     : Starting a blocking GC Explicit
08-04 13:08:00.184 12398 12414 I art     : Explicit concurrent mark sweep GC freed 1675(66KB) AllocSpace objects, 0(0B) LOS objects, 36% free, 28MB/44MB, paused 434us total 13.674ms
08-04 13:08:00.190 12398 12414 I art     : Starting a blocking GC Explicit
08-04 13:08:00.204 12398 12414 I art     : Explicit concurrent mark sweep GC freed 1923(76KB) AllocSpace objects, 0(0B) LOS objects, 36% free, 28MB/44MB, paused 444us total 12.995ms
08-04 13:08:00.331 12398 15173 I NAPPA_EXPERIMENTATION: MetricNetworkRequestExecutionTime: REQUEST_DURATION_SYSTEM='438',REQUEST_DURATION_OKHTTP='186',REQUEST_SYNCHRONOUS='TRUE',RESPONSE_CODE='200',RESPONSE_METHOD='GET',RESPONSE_LENGTH_OKHTTP='79351',RESPONSE_LENGTH_HEADER='79351',REQUEST_PROTOCOL='h2',REQUEST_URL='https://images.fastcompany.net/image/upload/w_1280,q_auto,f_auto,fl_lossy/wp-cms/uploads/2020/07/p-1-90532920-this-chart-shows-how-effective-masks-can-be.png',
08-04 13:08:00.338 12398 15172 I NAPPA_EXPERIMENTATION: MetricNetworkRequestExecutionTime: REQUEST_DURATION_SYSTEM='474',REQUEST_DURATION_OKHTTP='70',REQUEST_SYNCHRONOUS='TRUE',RESPONSE_CODE='200',RESPONSE_METHOD='GET',RESPONSE_LENGTH_OKHTTP='243',RESPONSE_LENGTH_HEADER='243',REQUEST_PROTOCOL='http/1.1',REQUEST_URL='https://s3.amazonaws.com/icons.newsblur.com/18178.png',
08-04 13:08:00.345 12398 15170 I NAPPA_EXPERIMENTATION: MetricNetworkRequestExecutionTime: REQUEST_DURATION_SYSTEM='489',REQUEST_DURATION_OKHTTP='77',REQUEST_SYNCHRONOUS='TRUE',RESPONSE_CODE='200',RESPONSE_METHOD='GET',RESPONSE_LENGTH_OKHTTP='145',RESPONSE_LENGTH_HEADER='145',REQUEST_PROTOCOL='http/1.1',REQUEST_URL='https://s3.amazonaws.com/icons.newsblur.com/6882243.png',
08-04 13:08:00.367 12398 15174 I NAPPA_EXPERIMENTATION: MetricNetworkRequestExecutionTime: REQUEST_DURATION_SYSTEM='495',REQUEST_DURATION_OKHTTP='92',REQUEST_SYNCHRONOUS='TRUE',RESPONSE_CODE='200',RESPONSE_METHOD='GET',RESPONSE_LENGTH_OKHTTP='477',RESPONSE_LENGTH_HEADER='477',REQUEST_PROTOCOL='http/1.1',REQUEST_URL='https://s3.amazonaws.com/icons.newsblur.com/5762506.png',
08-04 13:08:00.456 12398 12411 I art     : Starting a blocking GC Explicit
08-04 13:08:00.474 12398 12411 I art     : Explicit concurrent mark sweep GC freed 9620(547KB) AllocSpace objects, 14(3MB) LOS objects, 34% free, 30MB/46MB, paused 318us total 17.397ms
08-04 13:08:00.481 12398 12411 I art     : Starting a blocking GC Explicit
08-04 13:08:00.495 12398 12411 I art     : Explicit concurrent mark sweep GC freed 313(10KB) AllocSpace objects, 0(0B) LOS objects, 34% free, 30MB/46MB, paused 388us total 13.992ms
08-04 13:08:00.501 12398 12411 I art     : Starting a blocking GC Explicit
08-04 13:08:00.515 12398 12411 I art     : Explicit concurrent mark sweep GC freed 6(192B) AllocSpace objects, 0(0B) LOS objects, 34% free, 30MB/46MB, paused 281us total 13.609ms
08-04 13:08:00.521 12398 12411 I art     : Starting a blocking GC Explicit
08-04 13:08:00.534 12398 12411 I art     : Explicit concurrent mark sweep GC freed 4(128B) AllocSpace objects, 0(0B) LOS objects, 34% free, 30MB/46MB, paused 289us total 12.962ms
08-04 13:08:00.540 12398 12411 I art     : Starting a blocking GC Explicit
08-04 13:08:00.553 12398 12411 I art     : Explicit concurrent mark sweep GC freed 3(96B) AllocSpace objects, 0(0B) LOS objects, 34% free, 30MB/46MB, paused 284us total 12.851ms
08-04 13:08:00.753 14234 14234 I ServiceManager: Waiting for service AtCmdFwd...
08-04 13:08:00.868 12398 15139 I art     : Starting a blocking GC Explicit
08-04 13:08:00.889 12398 15139 I art     : Explicit concurrent mark sweep GC freed 1389(82KB) AllocSpace objects, 1(20KB) LOS objects, 34% free, 30MB/46MB, paused 357us total 20.340ms
08-04 13:08:00.898 12398 15139 I art     : Starting a blocking GC Explicit
08-04 13:08:00.913 12398 15139 I art     : Explicit concurrent mark sweep GC freed 20(704B) AllocSpace objects, 0(0B) LOS objects, 34% free, 30MB/46MB, paused 317us total 14.889ms
08-04 13:08:00.919 12398 15139 I art     : Starting a blocking GC Explicit
08-04 13:08:00.934 12398 15139 I art     : Explicit concurrent mark sweep GC freed 3(96B) AllocSpace objects, 0(0B) LOS objects, 34% free, 30MB/46MB, paused 312us total 14.204ms
08-04 13:08:00.940 12398 15139 I art     : Starting a blocking GC Explicit
08-04 13:08:00.955 12398 15139 I art     : Explicit concurrent mark sweep GC freed 3(96B) AllocSpace objects, 0(0B) LOS objects, 34% free, 30MB/46MB, paused 319us total 14.453ms
08-04 13:08:00.961 12398 15139 I art     : Starting a blocking GC Explicit
08-04 13:08:00.976 12398 15139 I art     : Explicit concurrent mark sweep GC freed 3(96B) AllocSpace objects, 0(0B) LOS objects, 34% free, 30MB/46MB, paused 319us total 14.562ms
08-04 13:08:01.268 12398 12411 I art     : Starting a blocking GC Explicit
08-04 13:08:01.284 12398 12411 I art     : Explicit concurrent mark sweep GC freed 1389(80KB) AllocSpace objects, 1(20KB) LOS objects, 34% free, 30MB/46MB, paused 392us total 16.369ms
08-04 13:08:01.291 12398 12411 I art     : Starting a blocking GC Explicit
08-04 13:08:01.307 12398 12411 I art     : Explicit concurrent mark sweep GC freed 20(704B) AllocSpace objects, 0(0B) LOS objects, 34% free, 30MB/46MB, paused 383us total 15.283ms
08-04 13:08:01.313 12398 12411 I art     : Starting a blocking GC Explicit
08-04 13:08:01.328 12398 12411 I art     : Explicit concurrent mark sweep GC freed 3(96B) AllocSpace objects, 0(0B) LOS objects, 34% free, 30MB/46MB, paused 304us total 14.905ms
08-04 13:08:01.335 12398 12411 I art     : Starting a blocking GC Explicit
08-04 13:08:01.350 12398 12411 I art     : Explicit concurrent mark sweep GC freed 3(96B) AllocSpace objects, 0(0B) LOS objects, 34% free, 30MB/46MB, paused 318us total 14.699ms
08-04 13:08:01.356 12398 12411 I art     : Starting a blocking GC Explicit
08-04 13:08:01.371 12398 12411 I art     : Explicit concurrent mark sweep GC freed 3(96B) AllocSpace objects, 0(0B) LOS objects, 34% free, 30MB/46MB, paused 331us total 14.523ms
08-04 13:08:01.658 12398 12414 I art     : Starting a blocking GC Explicit
08-04 13:08:01.676 12398 12414 I art     : Explicit concurrent mark sweep GC freed 1388(80KB) AllocSpace objects, 1(20KB) LOS objects, 34% free, 30MB/46MB, paused 347us total 17.561ms
08-04 13:08:01.687 12398 12414 I art     : Starting a blocking GC Explicit
08-04 13:08:01.701 12398 12414 I art     : Explicit concurrent mark sweep GC freed 20(704B) AllocSpace objects, 0(0B) LOS objects, 34% free, 30MB/46MB, paused 355us total 14.482ms
08-04 13:08:01.708 12398 12414 I art     : Starting a blocking GC Explicit
08-04 13:08:01.722 12398 12414 I art     : Explicit concurrent mark sweep GC freed 3(96B) AllocSpace objects, 0(0B) LOS objects, 34% free, 30MB/46MB, paused 320us total 14.444ms
08-04 13:08:01.729 12398 12414 I art     : Starting a blocking GC Explicit
08-04 13:08:01.743 12398 12414 I art     : Explicit concurrent mark sweep GC freed 3(96B) AllocSpace objects, 0(0B) LOS objects, 34% free, 30MB/46MB, paused 325us total 14.252ms
08-04 13:08:01.749 12398 12414 I art     : Starting a blocking GC Explicit
08-04 13:08:01.753 14234 14234 I ServiceManager: Waiting for service AtCmdFwd...
08-04 13:08:01.764 12398 12414 I art     : Explicit concurrent mark sweep GC freed 3(96B) AllocSpace objects, 0(0B) LOS objects, 34% free, 30MB/46MB, paused 326us total 14.297ms
08-04 13:08:02.073 12398 15139 I art     : Starting a blocking GC Explicit
08-04 13:08:02.093 12398 15139 I art     : Explicit concurrent mark sweep GC freed 1388(80KB) AllocSpace objects, 1(20KB) LOS objects, 34% free, 30MB/46MB, paused 351us total 19.086ms
08-04 13:08:02.099 12398 15139 I art     : Starting a blocking GC Explicit
08-04 13:08:02.115 12398 15139 I art     : Explicit concurrent mark sweep GC freed 20(704B) AllocSpace objects, 0(0B) LOS objects, 34% free, 30MB/46MB, paused 315us total 15.193ms
08-04 13:08:02.121 12398 15139 I art     : Starting a blocking GC Explicit
08-04 13:08:02.136 12398 15139 I art     : Explicit concurrent mark sweep GC freed 3(96B) AllocSpace objects, 0(0B) LOS objects, 34% free, 30MB/46MB, paused 313us total 14.805ms
08-04 13:08:02.143 12398 15139 I art     : Starting a blocking GC Explicit
08-04 13:08:02.158 12398 15139 I art     : Explicit concurrent mark sweep GC freed 3(96B) AllocSpace objects, 0(0B) LOS objects, 34% free, 30MB/46MB, paused 325us total 14.831ms
08-04 13:08:02.164 12398 15139 I art     : Starting a blocking GC Explicit
08-04 13:08:02.179 12398 15139 I art     : Explicit concurrent mark sweep GC freed 3(96B) AllocSpace objects, 0(0B) LOS objects, 34% free, 30MB/46MB, paused 301us total 14.732ms
08-04 13:08:02.497 12398 12411 I art     : Starting a blocking GC Explicit
08-04 13:08:02.515 12398 12411 I art     : Explicit concurrent mark sweep GC freed 1389(80KB) AllocSpace objects, 1(20KB) LOS objects, 34% free, 30MB/46MB, paused 348us total 17.919ms
08-04 13:08:02.522 12398 12411 I art     : Starting a blocking GC Explicit
08-04 13:08:02.538 12398 12411 I art     : Explicit concurrent mark sweep GC freed 20(704B) AllocSpace objects, 0(0B) LOS objects, 34% free, 30MB/46MB, paused 330us total 15.588ms
08-04 13:08:02.545 12398 12411 I art     : Starting a blocking GC Explicit
08-04 13:08:02.560 12398 12411 I art     : Explicit concurrent mark sweep GC freed 3(96B) AllocSpace objects, 0(0B) LOS objects, 34% free, 30MB/46MB, paused 322us total 14.857ms
08-04 13:08:02.566 12398 12411 I art     : Starting a blocking GC Explicit
08-04 13:08:02.581 12398 12411 I art     : Explicit concurrent mark sweep GC freed 3(96B) AllocSpace objects, 0(0B) LOS objects, 34% free, 30MB/46MB, paused 350us total 14.661ms
08-04 13:08:02.587 12398 12411 I art     : Starting a blocking GC Explicit
08-04 13:08:02.603 12398 12411 I art     : Explicit concurrent mark sweep GC freed 3(96B) AllocSpace objects, 0(0B) LOS objects, 34% free, 30MB/46MB, paused 326us total 14.924ms
08-04 13:08:02.754 14234 14234 I ServiceManager: Waiting for service AtCmdFwd...
08-04 13:08:02.915 12398 12414 I art     : Starting a blocking GC Explicit
08-04 13:08:02.934 12398 12414 I art     : Explicit concurrent mark sweep GC freed 1388(80KB) AllocSpace objects, 1(20KB) LOS objects, 34% free, 30MB/46MB, paused 354us total 18.604ms
08-04 13:08:02.945 12398 12414 I art     : Starting a blocking GC Explicit
08-04 13:08:02.960 12398 12414 I art     : Explicit concurrent mark sweep GC freed 20(704B) AllocSpace objects, 0(0B) LOS objects, 34% free, 30MB/46MB, paused 307us total 14.618ms
08-04 13:08:02.966 12398 12414 I art     : Starting a blocking GC Explicit
08-04 13:08:02.980 12398 12414 I art     : Explicit concurrent mark sweep GC freed 3(96B) AllocSpace objects, 0(0B) LOS objects, 34% free, 30MB/46MB, paused 339us total 14.467ms
08-04 13:08:02.987 12398 12414 I art     : Starting a blocking GC Explicit
08-04 13:08:03.001 12398 12414 I art     : Explicit concurrent mark sweep GC freed 3(96B) AllocSpace objects, 0(0B) LOS objects, 34% free, 30MB/46MB, paused 345us total 14.263ms
08-04 13:08:03.007 12398 12414 I art     : Starting a blocking GC Explicit
08-04 13:08:03.022 12398 12414 I art     : Explicit concurrent mark sweep GC freed 3(96B) AllocSpace objects, 0(0B) LOS objects, 34% free, 30MB/46MB, paused 323us total 14.233ms
08-04 13:08:03.339 12398 15139 I art     : Starting a blocking GC Explicit
08-04 13:08:03.358 12398 15139 I art     : Explicit concurrent mark sweep GC freed 1388(80KB) AllocSpace objects, 1(20KB) LOS objects, 34% free, 30MB/46MB, paused 358us total 18.543ms
08-04 13:08:03.370 12398 15139 I art     : Starting a blocking GC Explicit
08-04 13:08:03.384 12398 15139 I art     : Explicit concurrent mark sweep GC freed 20(704B) AllocSpace objects, 0(0B) LOS objects, 34% free, 30MB/46MB, paused 317us total 14.222ms
08-04 13:08:03.390 12398 15139 I art     : Starting a blocking GC Explicit
08-04 13:08:03.405 12398 15139 I art     : Explicit concurrent mark sweep GC freed 3(96B) AllocSpace objects, 0(0B) LOS objects, 34% free, 30MB/46MB, paused 325us total 14.433ms
08-04 13:08:03.411 12398 15139 I art     : Starting a blocking GC Explicit
08-04 13:08:03.426 12398 15139 I art     : Explicit concurrent mark sweep GC freed 3(96B) AllocSpace objects, 0(0B) LOS objects, 34% free, 30MB/46MB, paused 308us total 14.198ms
08-04 13:08:03.432 12398 15139 I art     : Starting a blocking GC Explicit
08-04 13:08:03.447 12398 15139 I art     : Explicit concurrent mark sweep GC freed 3(96B) AllocSpace objects, 0(0B) LOS objects, 34% free, 30MB/46MB, paused 378us total 14.451ms
08-04 13:08:03.737 12398 12411 I art     : Starting a blocking GC Explicit
08-04 13:08:03.754 14234 14234 W Atfwd_Sendcmd: AtCmdFwd service not published, waiting... retryCnt : 2
08-04 13:08:03.755 12398 12411 I art     : Explicit concurrent mark sweep GC freed 1388(80KB) AllocSpace objects, 1(20KB) LOS objects, 34% free, 30MB/46MB, paused 345us total 17.462ms
08-04 13:08:03.764 12398 12411 I art     : Starting a blocking GC Explicit
08-04 13:08:03.779 12398 12411 I art     : Explicit concurrent mark sweep GC freed 20(704B) AllocSpace objects, 0(0B) LOS objects, 34% free, 30MB/46MB, paused 324us total 15.127ms
08-04 13:08:03.786 12398 12411 I art     : Starting a blocking GC Explicit
08-04 13:08:03.801 12398 12411 I art     : Explicit concurrent mark sweep GC freed 3(96B) AllocSpace objects, 0(0B) LOS objects, 34% free, 30MB/46MB, paused 338us total 15.145ms
08-04 13:08:03.808 12398 12411 I art     : Starting a blocking GC Explicit
08-04 13:08:03.823 12398 12411 I art     : Explicit concurrent mark sweep GC freed 3(96B) AllocSpace objects, 0(0B) LOS objects, 34% free, 30MB/46MB, paused 306us total 14.690ms
08-04 13:08:03.830 12398 12411 I art     : Starting a blocking GC Explicit
08-04 13:08:03.844 12398 12411 I art     : Explicit concurrent mark sweep GC freed 3(96B) AllocSpace objects, 0(0B) LOS objects, 34% free, 30MB/46MB, paused 325us total 14.691ms
08-04 13:08:04.148 13866 13882 I PeriodicStatsRunner: PeriodicStatsRunner.call():175 call()
08-04 13:08:04.149 13866 13882 I PeriodicStatsRunner: PeriodicStatsRunner.call():179 No submit PeriodicStats since input started.
08-04 13:08:04.168 12398 12414 I art     : Starting a blocking GC Explicit
08-04 13:08:04.186 12398 12414 I art     : Explicit concurrent mark sweep GC freed 1388(80KB) AllocSpace objects, 1(20KB) LOS objects, 34% free, 30MB/46MB, paused 344us total 17.542ms
08-04 13:08:04.193 12398 12414 I art     : Starting a blocking GC Explicit
08-04 13:08:04.208 12398 12414 I art     : Explicit concurrent mark sweep GC freed 20(704B) AllocSpace objects, 0(0B) LOS objects, 34% free, 30MB/46MB, paused 323us total 15.599ms
08-04 13:08:04.215 12398 12414 I art     : Starting a blocking GC Explicit
08-04 13:08:04.230 12398 12414 I art     : Explicit concurrent mark sweep GC freed 3(96B) AllocSpace objects, 0(0B) LOS objects, 34% free, 30MB/46MB, paused 324us total 14.796ms
08-04 13:08:04.236 12398 12414 I art     : Starting a blocking GC Explicit
08-04 13:08:04.251 12398 12414 I art     : Explicit concurrent mark sweep GC freed 3(96B) AllocSpace objects, 0(0B) LOS objects, 34% free, 30MB/46MB, paused 323us total 14.681ms
08-04 13:08:04.258 12398 12414 I art     : Starting a blocking GC Explicit
08-04 13:08:04.272 12398 12414 I art     : Explicit concurrent mark sweep GC freed 3(96B) AllocSpace objects, 0(0B) LOS objects, 34% free, 30MB/46MB, paused 319us total 14.508ms
08-04 13:08:04.613 12398 15139 I art     : Starting a blocking GC Explicit
08-04 13:08:04.632 12398 15139 I art     : Explicit concurrent mark sweep GC freed 1388(80KB) AllocSpace objects, 1(20KB) LOS objects, 34% free, 30MB/46MB, paused 317us total 18.358ms
08-04 13:08:04.639 12398 15139 I art     : Starting a blocking GC Explicit
08-04 13:08:04.654 12398 15139 I art     : Explicit concurrent mark sweep GC freed 20(704B) AllocSpace objects, 0(0B) LOS objects, 34% free, 30MB/46MB, paused 338us total 15.436ms
08-04 13:08:04.661 12398 15139 I art     : Starting a blocking GC Explicit
08-04 13:08:04.677 12398 15139 I art     : Explicit concurrent mark sweep GC freed 3(96B) AllocSpace objects, 0(0B) LOS objects, 34% free, 30MB/46MB, paused 321us total 15.105ms
08-04 13:08:04.683 12398 15139 I art     : Starting a blocking GC Explicit
08-04 13:08:04.698 12398 15139 I art     : Explicit concurrent mark sweep GC freed 3(96B) AllocSpace objects, 0(0B) LOS objects, 34% free, 30MB/46MB, paused 319us total 14.784ms
08-04 13:08:04.705 12398 15139 I art     : Starting a blocking GC Explicit
08-04 13:08:04.720 12398 15139 I art     : Explicit concurrent mark sweep GC freed 3(96B) AllocSpace objects, 0(0B) LOS objects, 34% free, 30MB/46MB, paused 320us total 14.855ms
08-04 13:08:05.020 12398 12411 I art     : Starting a blocking GC Explicit
08-04 13:08:05.039 12398 12411 I art     : Explicit concurrent mark sweep GC freed 1388(80KB) AllocSpace objects, 1(20KB) LOS objects, 34% free, 30MB/46MB, paused 363us total 18.361ms
08-04 13:08:05.050 12398 12411 I art     : Starting a blocking GC Explicit
08-04 13:08:05.064 12398 12411 I art     : Explicit concurrent mark sweep GC freed 20(704B) AllocSpace objects, 0(0B) LOS objects, 34% free, 30MB/46MB, paused 320us total 14.234ms
08-04 13:08:05.070 12398 12411 I art     : Starting a blocking GC Explicit
08-04 13:08:05.085 12398 12411 I art     : Explicit concurrent mark sweep GC freed 3(96B) AllocSpace objects, 0(0B) LOS objects, 34% free, 30MB/46MB, paused 313us total 14.334ms
08-04 13:08:05.091 12398 12411 I art     : Starting a blocking GC Explicit
08-04 13:08:05.106 12398 12411 I art     : Explicit concurrent mark sweep GC freed 3(96B) AllocSpace objects, 0(0B) LOS objects, 34% free, 30MB/46MB, paused 363us total 14.272ms
08-04 13:08:05.112 12398 12411 I art     : Starting a blocking GC Explicit
08-04 13:08:05.126 12398 12411 I art     : Explicit concurrent mark sweep GC freed 3(96B) AllocSpace objects, 0(0B) LOS objects, 34% free, 30MB/46MB, paused 329us total 14.318ms
08-04 13:08:05.445 12398 12414 I art     : Starting a blocking GC Explicit
08-04 13:08:05.464 12398 12414 I art     : Explicit concurrent mark sweep GC freed 1388(80KB) AllocSpace objects, 1(20KB) LOS objects, 34% free, 30MB/46MB, paused 359us total 18.941ms
08-04 13:08:05.475 12398 12414 I art     : Starting a blocking GC Explicit
08-04 13:08:05.490 12398 12414 I art     : Explicit concurrent mark sweep GC freed 20(704B) AllocSpace objects, 0(0B) LOS objects, 34% free, 30MB/46MB, paused 314us total 14.488ms
08-04 13:08:05.496 12398 12414 I art     : Starting a blocking GC Explicit
08-04 13:08:05.511 12398 12414 I art     : Explicit concurrent mark sweep GC freed 3(96B) AllocSpace objects, 0(0B) LOS objects, 34% free, 30MB/46MB, paused 320us total 14.284ms
08-04 13:08:05.517 12398 12414 I art     : Starting a blocking GC Explicit
08-04 13:08:05.532 12398 12414 I art     : Explicit concurrent mark sweep GC freed 3(96B) AllocSpace objects, 0(0B) LOS objects, 34% free, 30MB/46MB, paused 314us total 14.451ms
08-04 13:08:05.538 12398 12414 I art     : Starting a blocking GC Explicit
08-04 13:08:05.552 12398 12414 I art     : Explicit concurrent mark sweep GC freed 3(96B) AllocSpace objects, 0(0B) LOS objects, 34% free, 30MB/46MB, paused 320us total 14.349ms
08-04 13:08:05.874 12398 15139 I art     : Starting a blocking GC Explicit
08-04 13:08:05.893 12398 15139 I art     : Explicit concurrent mark sweep GC freed 1388(80KB) AllocSpace objects, 1(20KB) LOS objects, 34% free, 30MB/46MB, paused 363us total 19.145ms
08-04 13:08:05.903 12398 15139 I art     : Starting a blocking GC Explicit
08-04 13:08:05.918 12398 15139 I art     : Explicit concurrent mark sweep GC freed 20(704B) AllocSpace objects, 0(0B) LOS objects, 34% free, 30MB/46MB, paused 322us total 14.748ms
08-04 13:08:05.925 12398 15139 I art     : Starting a blocking GC Explicit
08-04 13:08:05.939 12398 15139 I art     : Explicit concurrent mark sweep GC freed 3(96B) AllocSpace objects, 0(0B) LOS objects, 34% free, 30MB/46MB, paused 322us total 14.200ms
08-04 13:08:05.945 12398 15139 I art     : Starting a blocking GC Explicit
08-04 13:08:05.960 12398 15139 I art     : Explicit concurrent mark sweep GC freed 3(96B) AllocSpace objects, 0(0B) LOS objects, 34% free, 30MB/46MB, paused 314us total 14.337ms
08-04 13:08:05.966 12398 15139 I art     : Starting a blocking GC Explicit
08-04 13:08:05.981 12398 15139 I art     : Explicit concurrent mark sweep GC freed 3(96B) AllocSpace objects, 0(0B) LOS objects, 34% free, 30MB/46MB, paused 314us total 14.431ms
08-04 13:08:06.296 12398 12411 I art     : Starting a blocking GC Explicit
08-04 13:08:06.315 12398 12411 I art     : Explicit concurrent mark sweep GC freed 1388(80KB) AllocSpace objects, 1(20KB) LOS objects, 34% free, 30MB/46MB, paused 679us total 19.405ms
08-04 13:08:06.322 12398 12411 I art     : Starting a blocking GC Explicit
08-04 13:08:06.337 12398 12411 I art     : Explicit concurrent mark sweep GC freed 20(704B) AllocSpace objects, 0(0B) LOS objects, 34% free, 30MB/46MB, paused 340us total 15.131ms
08-04 13:08:06.344 12398 12411 I art     : Starting a blocking GC Explicit
08-04 13:08:06.359 12398 12411 I art     : Explicit concurrent mark sweep GC freed 3(96B) AllocSpace objects, 0(0B) LOS objects, 34% free, 30MB/46MB, paused 322us total 14.745ms
08-04 13:08:06.365 12398 12411 I art     : Starting a blocking GC Explicit
08-04 13:08:06.380 12398 12411 I art     : Explicit concurrent mark sweep GC freed 3(96B) AllocSpace objects, 0(0B) LOS objects, 34% free, 30MB/46MB, paused 304us total 14.668ms
08-04 13:08:06.386 12398 12411 I art     : Starting a blocking GC Explicit
08-04 13:08:06.401 12398 12411 I art     : Explicit concurrent mark sweep GC freed 3(96B) AllocSpace objects, 0(0B) LOS objects, 34% free, 30MB/46MB, paused 321us total 14.904ms
08-04 13:08:06.715 12398 12414 I art     : Starting a blocking GC Explicit
08-04 13:08:06.734 12398 12414 I art     : Explicit concurrent mark sweep GC freed 1388(80KB) AllocSpace objects, 1(20KB) LOS objects, 34% free, 30MB/46MB, paused 382us total 18.930ms
08-04 13:08:06.743 12398 12414 I art     : Starting a blocking GC Explicit
08-04 13:08:06.758 12398 12414 I art     : Explicit concurrent mark sweep GC freed 20(704B) AllocSpace objects, 0(0B) LOS objects, 34% free, 30MB/46MB, paused 322us total 14.737ms
08-04 13:08:06.764 12398 12414 I art     : Starting a blocking GC Explicit
08-04 13:08:06.779 12398 12414 I art     : Explicit concurrent mark sweep GC freed 3(96B) AllocSpace objects, 0(0B) LOS objects, 34% free, 30MB/46MB, paused 313us total 14.496ms
08-04 13:08:06.785 12398 12414 I art     : Starting a blocking GC Explicit
08-04 13:08:06.800 12398 12414 I art     : Explicit concurrent mark sweep GC freed 3(96B) AllocSpace objects, 0(0B) LOS objects, 34% free, 30MB/46MB, paused 321us total 14.474ms
08-04 13:08:06.806 12398 12414 I art     : Starting a blocking GC Explicit
08-04 13:08:06.821 12398 12414 I art     : Explicit concurrent mark sweep GC freed 3(96B) AllocSpace objects, 0(0B) LOS objects, 34% free, 30MB/46MB, paused 319us total 14.272ms
08-04 13:08:07.132 12398 15139 I art     : Starting a blocking GC Explicit
08-04 13:08:07.152 12398 15139 I art     : Explicit concurrent mark sweep GC freed 1388(80KB) AllocSpace objects, 1(20KB) LOS objects, 34% free, 30MB/46MB, paused 337us total 18.886ms
08-04 13:08:07.162 12398 15139 I art     : Starting a blocking GC Explicit
08-04 13:08:07.177 12398 15139 I art     : Explicit concurrent mark sweep GC freed 20(704B) AllocSpace objects, 0(0B) LOS objects, 34% free, 30MB/46MB, paused 320us total 14.802ms
08-04 13:08:07.184 12398 15139 I art     : Starting a blocking GC Explicit
08-04 13:08:07.198 12398 15139 I art     : Explicit concurrent mark sweep GC freed 3(96B) AllocSpace objects, 0(0B) LOS objects, 34% free, 30MB/46MB, paused 321us total 14.228ms
08-04 13:08:07.204 12398 15139 I art     : Starting a blocking GC Explicit
08-04 13:08:07.219 12398 15139 I art     : Explicit concurrent mark sweep GC freed 3(96B) AllocSpace objects, 0(0B) LOS objects, 34% free, 30MB/46MB, paused 340us total 14.356ms
08-04 13:08:07.225 12398 15139 I art     : Starting a blocking GC Explicit
08-04 13:08:07.240 12398 15139 I art     : Explicit concurrent mark sweep GC freed 3(96B) AllocSpace objects, 0(0B) LOS objects, 34% free, 30MB/46MB, paused 317us total 14.346ms
08-04 13:08:07.538 12398 12411 I art     : Starting a blocking GC Explicit
08-04 13:08:07.555 12398 12411 I art     : Explicit concurrent mark sweep GC freed 1388(80KB) AllocSpace objects, 1(20KB) LOS objects, 34% free, 30MB/46MB, paused 337us total 17.142ms
08-04 13:08:07.565 12398 12411 I art     : Starting a blocking GC Explicit
08-04 13:08:07.580 12398 12411 I art     : Explicit concurrent mark sweep GC freed 20(704B) AllocSpace objects, 0(0B) LOS objects, 34% free, 30MB/46MB, paused 321us total 14.388ms
08-04 13:08:07.586 12398 12411 I art     : Starting a blocking GC Explicit
08-04 13:08:07.600 12398 12411 I art     : Explicit concurrent mark sweep GC freed 3(96B) AllocSpace objects, 0(0B) LOS objects, 34% free, 30MB/46MB, paused 315us total 14.374ms
08-04 13:08:07.607 12398 12411 I art     : Starting a blocking GC Explicit
08-04 13:08:07.621 12398 12411 I art     : Explicit concurrent mark sweep GC freed 3(96B) AllocSpace objects, 0(0B) LOS objects, 34% free, 30MB/46MB, paused 373us total 14.273ms
08-04 13:08:07.627 12398 12411 I art     : Starting a blocking GC Explicit
08-04 13:08:07.642 12398 12411 I art     : Explicit concurrent mark sweep GC freed 3(96B) AllocSpace objects, 0(0B) LOS objects, 34% free, 30MB/46MB, paused 316us total 14.191ms
08-04 13:08:07.937 12398 12414 I art     : Starting a blocking GC Explicit
08-04 13:08:07.956 12398 12414 I art     : Explicit concurrent mark sweep GC freed 1388(80KB) AllocSpace objects, 1(20KB) LOS objects, 34% free, 30MB/46MB, paused 361us total 18.025ms
08-04 13:08:07.965 12398 12414 I art     : Starting a blocking GC Explicit
08-04 13:08:07.980 12398 12414 I art     : Explicit concurrent mark sweep GC freed 20(704B) AllocSpace objects, 0(0B) LOS objects, 34% free, 30MB/46MB, paused 324us total 15.154ms
08-04 13:08:07.987 12398 12414 I art     : Starting a blocking GC Explicit
08-04 13:08:08.002 12398 12414 I art     : Explicit concurrent mark sweep GC freed 3(96B) AllocSpace objects, 0(0B) LOS objects, 34% free, 30MB/46MB, paused 305us total 14.912ms
08-04 13:08:08.009 12398 12414 I art     : Starting a blocking GC Explicit
08-04 13:08:08.023 12398 12414 I art     : Explicit concurrent mark sweep GC freed 3(96B) AllocSpace objects, 0(0B) LOS objects, 34% free, 30MB/46MB, paused 350us total 14.708ms
08-04 13:08:08.030 12398 12414 I art     : Starting a blocking GC Explicit
08-04 13:08:08.045 12398 12414 I art     : Explicit concurrent mark sweep GC freed 3(96B) AllocSpace objects, 0(0B) LOS objects, 34% free, 30MB/46MB, paused 318us total 14.710ms
08-04 13:08:08.347 12398 15139 I art     : Starting a blocking GC Explicit
08-04 13:08:08.366 12398 15139 I art     : Explicit concurrent mark sweep GC freed 1388(80KB) AllocSpace objects, 1(20KB) LOS objects, 34% free, 30MB/46MB, paused 342us total 18.156ms
08-04 13:08:08.380 12398 15139 I art     : Starting a blocking GC Explicit
08-04 13:08:08.394 12398 15139 I art     : Explicit concurrent mark sweep GC freed 20(704B) AllocSpace objects, 0(0B) LOS objects, 34% free, 30MB/46MB, paused 321us total 14.285ms
08-04 13:08:08.400 12398 15139 I art     : Starting a blocking GC Explicit
08-04 13:08:08.415 12398 15139 I art     : Explicit concurrent mark sweep GC freed 3(96B) AllocSpace objects, 0(0B) LOS objects, 34% free, 30MB/46MB, paused 313us total 14.460ms
08-04 13:08:08.421 12398 15139 I art     : Starting a blocking GC Explicit
08-04 13:08:08.436 12398 15139 I art     : Explicit concurrent mark sweep GC freed 3(96B) AllocSpace objects, 0(0B) LOS objects, 34% free, 30MB/46MB, paused 306us total 14.734ms
08-04 13:08:08.443 12398 15139 I art     : Starting a blocking GC Explicit
08-04 13:08:08.457 12398 15139 I art     : Explicit concurrent mark sweep GC freed 3(96B) AllocSpace objects, 0(0B) LOS objects, 34% free, 30MB/46MB, paused 330us total 14.251ms
08-04 13:08:08.756 12398 12411 I art     : Starting a blocking GC Explicit
08-04 13:08:08.774 12398 12411 I art     : Explicit concurrent mark sweep GC freed 1388(80KB) AllocSpace objects, 1(20KB) LOS objects, 34% free, 30MB/46MB, paused 350us total 17.295ms
08-04 13:08:08.785 12398 12411 I art     : Starting a blocking GC Explicit
08-04 13:08:08.799 12398 12411 I art     : Explicit concurrent mark sweep GC freed 20(704B) AllocSpace objects, 0(0B) LOS objects, 34% free, 30MB/46MB, paused 320us total 14.631ms
08-04 13:08:08.806 12398 12411 I art     : Starting a blocking GC Explicit
08-04 13:08:08.820 12398 12411 I art     : Explicit concurrent mark sweep GC freed 3(96B) AllocSpace objects, 0(0B) LOS objects, 34% free, 30MB/46MB, paused 336us total 14.584ms
08-04 13:08:08.827 12398 12411 I art     : Starting a blocking GC Explicit
08-04 13:08:08.841 12398 12411 I art     : Explicit concurrent mark sweep GC freed 3(96B) AllocSpace objects, 0(0B) LOS objects, 34% free, 30MB/46MB, paused 332us total 14.327ms
08-04 13:08:08.847 12398 12411 I art     : Starting a blocking GC Explicit
08-04 13:08:08.862 12398 12411 I art     : Explicit concurrent mark sweep GC freed 3(96B) AllocSpace objects, 0(0B) LOS objects, 34% free, 30MB/46MB, paused 328us total 14.242ms
08-04 13:08:09.160 12398 12414 I art     : Starting a blocking GC Explicit
08-04 13:08:09.176 12398 12414 I art     : Explicit concurrent mark sweep GC freed 1388(80KB) AllocSpace objects, 1(20KB) LOS objects, 34% free, 30MB/46MB, paused 352us total 16.250ms
08-04 13:08:09.183 12398 12414 I art     : Starting a blocking GC Explicit
08-04 13:08:09.197 12398 12414 I art     : Explicit concurrent mark sweep GC freed 20(704B) AllocSpace objects, 0(0B) LOS objects, 34% free, 30MB/46MB, paused 359us total 14.353ms
08-04 13:08:09.204 12398 12414 I art     : Starting a blocking GC Explicit
08-04 13:08:09.217 12398 12414 I art     : Explicit concurrent mark sweep GC freed 3(96B) AllocSpace objects, 0(0B) LOS objects, 34% free, 30MB/46MB, paused 327us total 13.389ms
08-04 13:08:09.223 12398 12414 I art     : Starting a blocking GC Explicit
08-04 13:08:09.236 12398 12414 I art     : Explicit concurrent mark sweep GC freed 3(96B) AllocSpace objects, 0(0B) LOS objects, 34% free, 30MB/46MB, paused 313us total 13.426ms
08-04 13:08:09.242 12398 12414 I art     : Starting a blocking GC Explicit
08-04 13:08:09.256 12398 12414 I art     : Explicit concurrent mark sweep GC freed 3(96B) AllocSpace objects, 0(0B) LOS objects, 34% free, 30MB/46MB, paused 321us total 13.152ms
08-04 13:08:09.449 15412 15412 D AndroidRuntime: >>>>>> START com.android.internal.os.RuntimeInit uid 2000 <<<<<<
08-04 13:08:09.454 15412 15412 D AndroidRuntime: CheckJNI is OFF
08-04 13:08:09.477 15412 15412 D ICU     : No timezone override file found: /data/misc/zoneinfo/current/icu/icu_tzdata.dat
08-04 13:08:09.502 15412 15412 I Radio-JNI: register_android_hardware_Radio DONE
08-04 13:08:09.518 15412 15412 D AndroidRuntime: Calling main entry com.android.commands.input.Input
08-04 13:08:09.520 15412 15412 I Input   : injectMotionEvent: MotionEvent { action=ACTION_DOWN, actionButton=0, id[0]=0, x[0]=436.0, y[0]=453.0, toolType[0]=TOOL_TYPE_UNKNOWN, buttonState=0, metaState=0, flags=0x0, edgeFlags=0x0, pointerCount=1, historySize=0, eventTime=709705933, downTime=709705933, deviceId=0, source=0x1002 }
08-04 13:08:09.524 15412 15412 I Input   : injectMotionEvent: MotionEvent { action=ACTION_UP, actionButton=0, id[0]=0, x[0]=436.0, y[0]=453.0, toolType[0]=TOOL_TYPE_UNKNOWN, buttonState=0, metaState=0, flags=0x0, edgeFlags=0x0, pointerCount=1, historySize=0, eventTime=709705933, downTime=709705933, deviceId=0, source=0x1002 }
08-04 13:08:09.527 15412 15412 D AndroidRuntime: Shutting down VM
08-04 13:08:09.540   918  3359 I ActivityManager: START u0 {cmp=baseline.com.newsblur/.activity.GlobalSharedStoriesReading (has extras)} from uid 10652 on display 0
08-04 13:08:09.540 12398 15139 I art     : Starting a blocking GC Explicit
08-04 13:08:09.541   512  2967 D audio_hw_primary: out_set_parameters: enter: usecase(1: low-latency-playback) kvpairs: routing=2
08-04 13:08:09.554   512  2967 D audio_hw_primary: select_devices: out_snd_device(2: speaker) in_snd_device(0: none)
08-04 13:08:09.554   512  2967 D msm8974_platform: platform_send_audio_calibration: sending audio calibration for snd_device(2) acdb_id(15)
08-04 13:08:09.554   512  2967 I soundtrigger: audio_extn_sound_trigger_update_device_status: device 0x2 of type 0 for Event 1
08-04 13:08:09.559 12398 15139 I art     : Explicit concurrent mark sweep GC freed 1999(151KB) AllocSpace objects, 2(40KB) LOS objects, 34% free, 30MB/46MB, paused 620us total 17.995ms
08-04 13:08:09.563   512  2967 D audio_hw_primary: enable_snd_device: snd_device(2: speaker)
08-04 13:08:09.565   512  2967 D audio_hw_primary: enable_audio_route: apply and update mixer path: low-latency-playback speaker
08-04 13:08:09.566 12398 15139 I art     : Starting a blocking GC Explicit
08-04 13:08:09.582 12398 15139 I art     : Explicit concurrent mark sweep GC freed 164(25KB) AllocSpace objects, 1(20KB) LOS objects, 33% free, 31MB/47MB, paused 526us total 16.380ms
08-04 13:08:09.589 12398 15139 I art     : Starting a blocking GC Explicit
08-04 13:08:09.603 12398 15139 I art     : Explicit concurrent mark sweep GC freed 991(92KB) AllocSpace objects, 1(112KB) LOS objects, 33% free, 32MB/48MB, paused 584us total 14.678ms
08-04 13:08:09.610 12398 15139 I art     : Starting a blocking GC Explicit
08-04 13:08:09.624 12398 15139 I art     : Explicit concurrent mark sweep GC freed 315(31KB) AllocSpace objects, 1(356KB) LOS objects, 33% free, 32MB/48MB, paused 362us total 14.263ms
08-04 13:08:09.631 12398 15139 I art     : Starting a blocking GC Explicit
08-04 13:08:09.645 12398 15139 I art     : Explicit concurrent mark sweep GC freed 86(4KB) AllocSpace objects, 0(0B) LOS objects, 33% free, 32MB/48MB, paused 362us total 14.344ms
08-04 13:08:09.735 13866 13866 I GoogleInputMethodServic: GoogleInputMethodService.onFinishInput():3138 
08-04 13:08:09.735 13866 13866 I GoogleInputMethodServic: GoogleInputMethodService.onStartInput():1808 
08-04 13:08:09.736   918   936 I ActivityManager: Displayed baseline.com.newsblur/.activity.GlobalSharedStoriesReading: +186ms
08-04 13:08:09.748 12398 12398 I WebViewFactory: Loading com.google.android.webview version 84.0.4147.89 (code 414708953)
08-04 13:08:09.815 12398 12398 I cr_LibraryLoader: Loaded native library version number "84.0.4147.89"
08-04 13:08:09.816 12398 12398 I cr_CachingUmaRecorder: Flushed 5 samples from 5 histograms.
08-04 13:08:09.843 12398 12398 E chromium: [ERROR:filesystem_posix.cc(62)] mkdir /data/user/0/baseline.com.newsblur/cache/WebView/Crashpad: No such file or directory (2)
08-04 13:08:09.875 12398 12414 I art     : Starting a blocking GC Explicit
08-04 13:08:09.897 12398 12414 I art     : Explicit concurrent mark sweep GC freed 7689(799KB) AllocSpace objects, 6(120KB) LOS objects, 31% free, 34MB/50MB, paused 572us total 21.319ms
08-04 13:08:09.907 12398 12414 I art     : Starting a blocking GC Explicit
08-04 13:08:09.921   918  3359 D ConnectivityService: listenForNetwork for Listen from uid/pid:10652/12398 for NetworkRequest [ id=2664, legacyType=-1, [ Capabilities: INTERNET&NOT_RESTRICTED&TRUSTED] ]
08-04 13:08:09.926 12398 12414 I art     : Explicit concurrent mark sweep GC freed 1106(81KB) AllocSpace objects, 0(0B) LOS objects, 31% free, 35MB/51MB, paused 855us total 18.837ms
08-04 13:08:09.933 12398 12414 I art     : Starting a blocking GC Explicit
08-04 13:08:09.951 12398 12414 I art     : Explicit concurrent mark sweep GC freed 369(68KB) AllocSpace objects, 0(0B) LOS objects, 31% free, 35MB/51MB, paused 706us total 18.389ms
08-04 13:08:09.958 12398 12414 I art     : Starting a blocking GC Explicit
08-04 13:08:09.978 12398 12414 I art     : Explicit concurrent mark sweep GC freed 1079(79KB) AllocSpace objects, 1(20KB) LOS objects, 30% free, 36MB/52MB, paused 1.089ms total 19.691ms
08-04 13:08:09.987 12398 12414 I art     : Starting a blocking GC Explicit
08-04 13:08:10.007 12398 12414 I art     : Explicit concurrent mark sweep GC freed 1481(79KB) AllocSpace objects, 1(20KB) LOS objects, 30% free, 36MB/52MB, paused 913us total 19.440ms
08-04 13:08:10.028 12398 15460 W cr_media: Requires BLUETOOTH permission
08-04 13:08:10.045 12398 15476 E libEGL  : validate_display:255 error 3008 (EGL_BAD_DISPLAY)
08-04 13:08:10.109   512  2967 D audio_hw_primary: disable_audio_route: reset and update mixer path: low-latency-playback speaker
08-04 13:08:10.110   512  2967 D audio_hw_primary: disable_snd_device: snd_device(2: speaker)
08-04 13:08:10.118   512  2967 I soundtrigger: audio_extn_sound_trigger_update_device_status: device 0x2 of type 0 for Event 0
08-04 13:08:10.265 12398 15139 I art     : Starting a blocking GC Explicit
08-04 13:08:10.293 12398 15139 I art     : Explicit concurrent mark sweep GC freed 21096(1221KB) AllocSpace objects, 19(432KB) LOS objects, 30% free, 36MB/52MB, paused 759us total 27.495ms
08-04 13:08:10.299 12398 15139 I art     : Starting a blocking GC Explicit
08-04 13:08:10.319 12398 15139 I art     : Explicit concurrent mark sweep GC freed 1207(52KB) AllocSpace objects, 1(28KB) LOS objects, 30% free, 36MB/52MB, paused 751us total 19.167ms
08-04 13:08:10.326 12398 15139 I art     : Starting a blocking GC Explicit
08-04 13:08:10.346 12398 15139 I art     : Explicit concurrent mark sweep GC freed 3(96B) AllocSpace objects, 0(0B) LOS objects, 30% free, 36MB/52MB, paused 771us total 20.057ms
08-04 13:08:10.352 12398 15139 I art     : Starting a blocking GC Explicit
08-04 13:08:10.372 12398 15139 I art     : Explicit concurrent mark sweep GC freed 3(96B) AllocSpace objects, 0(0B) LOS objects, 30% free, 36MB/52MB, paused 630us total 18.999ms
08-04 13:08:10.379 12398 15139 I art     : Starting a blocking GC Explicit
08-04 13:08:10.399 12398 15139 I art     : Explicit concurrent mark sweep GC freed 3260(127KB) AllocSpace objects, 0(0B) LOS objects, 30% free, 36MB/52MB, paused 623us total 19.096ms
08-04 13:08:10.520 12398 15484 E baseline.com.newsblur.network.APIResponse: Error (unexpected end of stream on https://www.newsblur.com/...) calling https://www.newsblur.com/reader/mark_story_hashes_as_read/
08-04 13:08:10.520 12398 15484 E baseline.com.newsblur.network.APIResponse: java.io.IOException: unexpected end of stream on https://www.newsblur.com/...
08-04 13:08:10.520 12398 15484 E baseline.com.newsblur.network.APIResponse: 	at okhttp3.internal.http1.Http1ExchangeCodec.readResponseHeaders(Http1ExchangeCodec.java:236)
08-04 13:08:10.520 12398 15484 E baseline.com.newsblur.network.APIResponse: 	at okhttp3.internal.connection.Exchange.readResponseHeaders(Exchange.java:115)
08-04 13:08:10.520 12398 15484 E baseline.com.newsblur.network.APIResponse: 	at okhttp3.internal.http.CallServerInterceptor.intercept(CallServerInterceptor.java:94)
08-04 13:08:10.520 12398 15484 E baseline.com.newsblur.network.APIResponse: 	at okhttp3.internal.http.RealInterceptorChain.proceed(RealInterceptorChain.java:142)
08-04 13:08:10.520 12398 15484 E baseline.com.newsblur.network.APIResponse: 	at okhttp3.internal.connection.ConnectInterceptor.intercept(ConnectInterceptor.java:43)
08-04 13:08:10.520 12398 15484 E baseline.com.newsblur.network.APIResponse: 	at okhttp3.internal.http.RealInterceptorChain.proceed(RealInterceptorChain.java:142)
08-04 13:08:10.520 12398 15484 E baseline.com.newsblur.network.APIResponse: 	at okhttp3.internal.http.RealInterceptorChain.proceed(RealInterceptorChain.java:117)
08-04 13:08:10.520 12398 15484 E baseline.com.newsblur.network.APIResponse: 	at okhttp3.internal.cache.CacheInterceptor.intercept(CacheInterceptor.java:94)
08-04 13:08:10.520 12398 15484 E baseline.com.newsblur.network.APIResponse: 	at okhttp3.internal.http.RealInterceptorChain.proceed(RealInterceptorChain.java:142)
08-04 13:08:10.520 12398 15484 E baseline.com.newsblur.network.APIResponse: 	at okhttp3.internal.http.RealInterceptorChain.proceed(RealInterceptorChain.java:117)
08-04 13:08:10.520 12398 15484 E baseline.com.newsblur.network.APIResponse: 	at okhttp3.internal.http.BridgeInterceptor.intercept(BridgeInterceptor.java:93)
08-04 13:08:10.520 12398 15484 E baseline.com.newsblur.network.APIResponse: 	at okhttp3.internal.http.RealInterceptorChain.proceed(RealInterceptorChain.java:142)
08-04 13:08:10.520 12398 15484 E baseline.com.newsblur.network.APIResponse: 	at okhttp3.internal.http.RetryAndFollowUpInterceptor.intercept(RetryAndFollowUpInterceptor.java:88)
08-04 13:08:10.520 12398 15484 E baseline.com.newsblur.network.APIResponse: 	at okhttp3.internal.http.RealInterceptorChain.proceed(RealInterceptorChain.java:142)
08-04 13:08:10.520 12398 15484 E baseline.com.newsblur.network.APIResponse: 	at okhttp3.internal.http.RealInterceptorChain.proceed(RealInterceptorChain.java:117)
08-04 13:08:10.520 12398 15484 E baseline.com.newsblur.network.APIResponse: 	at okhttp3.RealCall.getResponseWithInterceptorChain(RealCall.java:229)
08-04 13:08:10.520 12398 15484 E baseline.com.newsblur.network.APIResponse: 	at okhttp3.RealCall.execute(RealCall.java:81)
08-04 13:08:10.520 12398 15484 E baseline.com.newsblur.network.APIResponse: 	at baseline.com.newsblur.network.APIResponse.<init>(APIResponse.java:57)
08-04 13:08:10.520 12398 15484 E baseline.com.newsblur.network.APIResponse: 	at baseline.com.newsblur.network.APIResponse.<init>(APIResponse.java:43)
08-04 13:08:10.520 12398 15484 E baseline.com.newsblur.network.APIResponse: 	at baseline.com.newsblur.network.APIManager.post_single(APIManager.java:702)
08-04 13:08:10.520 12398 15484 E baseline.com.newsblur.network.APIResponse: 	at baseline.com.newsblur.network.APIManager.post(APIManager.java:675)
08-04 13:08:10.520 12398 15484 E baseline.com.newsblur.network.APIResponse: 	at baseline.com.newsblur.network.APIManager.post(APIManager.java:714)
08-04 13:08:10.520 12398 15484 E baseline.com.newsblur.network.APIResponse: 	at baseline.com.newsblur.network.APIManager.markStoryAsRead(APIManager.java:205)
08-04 13:08:10.520 12398 15484 E baseline.com.newsblur.network.APIResponse: 	at baseline.com.newsblur.util.ReadingAction.doRemote(ReadingAction.java:281)
08-04 13:08:10.520 12398 15484 E baseline.com.newsblur.network.APIResponse: 	at baseline.com.newsblur.service.NBSyncService.syncActions(NBSyncService.java:400)
08-04 13:08:10.520 12398 15484 E baseline.com.newsblur.network.APIResponse: 	at baseline.com.newsblur.service.NBSyncService.doSync(NBSyncService.java:298)
08-04 13:08:10.520 12398 15484 E baseline.com.newsblur.network.APIResponse: 	at baseline.com.newsblur.service.NBSyncService.access$100(NBSyncService.java:67)
08-04 13:08:10.520 12398 15484 E baseline.com.newsblur.network.APIResponse: 	at baseline.com.newsblur.service.NBSyncService$1.run(NBSyncService.java:188)
08-04 13:08:10.520 12398 15484 E baseline.com.newsblur.network.APIResponse: 	at java.util.concurrent.ThreadPoolExecutor.runWorker(ThreadPoolExecutor.java:1113)
08-04 13:08:10.520 12398 15484 E baseline.com.newsblur.network.APIResponse: 	at java.util.concurrent.ThreadPoolExecutor$Worker.run(ThreadPoolExecutor.java:588)
08-04 13:08:10.520 12398 15484 E baseline.com.newsblur.network.APIResponse: 	at java.lang.Thread.run(Thread.java:818)
08-04 13:08:10.520 12398 15484 E baseline.com.newsblur.network.APIResponse: Caused by: java.io.EOFException: \n not found: limit=0 content=
08-04 13:08:10.520 12398 15484 E baseline.com.newsblur.network.APIResponse: 	at okio.RealBufferedSource.readUtf8LineStrict(RealBufferedSource.java:240)
08-04 13:08:10.520 12398 15484 E baseline.com.newsblur.network.APIResponse: 	at okhttp3.internal.http1.Http1ExchangeCodec.readHeaderLine(Http1ExchangeCodec.java:242)
08-04 13:08:10.520 12398 15484 E baseline.com.newsblur.network.APIResponse: 	at okhttp3.internal.http1.Http1ExchangeCodec.readResponseHeaders(Http1ExchangeCodec.java:213)
08-04 13:08:10.520 12398 15484 E baseline.com.newsblur.network.APIResponse: 	... 30 more
08-04 13:08:10.521 12398 15484 I baseline.com.newsblur.network.APIManager: API call failed, pausing before retry number 1
08-04 13:08:10.672 12398 15139 I art     : Starting a blocking GC Explicit
08-04 13:08:10.705 12398 15139 I art     : Explicit concurrent mark sweep GC freed 5447(475KB) AllocSpace objects, 6(260KB) LOS objects, 30% free, 36MB/52MB, paused 695us total 32.501ms
08-04 13:08:10.716 12398 15139 I art     : Starting a blocking GC Explicit
08-04 13:08:10.744 12398 15139 I art     : Explicit concurrent mark sweep GC freed 1079(121KB) AllocSpace objects, 0(0B) LOS objects, 30% free, 36MB/52MB, paused 677us total 27.896ms
08-04 13:08:10.752 12398 15139 I art     : Starting a blocking GC Explicit
08-04 13:08:10.779 12398 15139 I art     : Explicit concurrent mark sweep GC freed 3(96B) AllocSpace objects, 0(0B) LOS objects, 30% free, 36MB/52MB, paused 559us total 26.670ms
08-04 13:08:10.788 12398 15139 I art     : Starting a blocking GC Explicit
08-04 13:08:10.810 12398 15139 I art     : Explicit concurrent mark sweep GC freed 3(96B) AllocSpace objects, 0(0B) LOS objects, 30% free, 36MB/52MB, paused 589us total 22.226ms
08-04 13:08:10.817 12398 15139 I art     : Starting a blocking GC Explicit
08-04 13:08:10.841 12398 15139 I art     : Explicit concurrent mark sweep GC freed 3(96B) AllocSpace objects, 0(0B) LOS objects, 30% free, 36MB/52MB, paused 1.124ms total 23.940ms
08-04 13:08:11.154 12398 15139 I art     : Starting a blocking GC Explicit
08-04 13:08:11.181 12398 15139 I art     : Explicit concurrent mark sweep GC freed 1478(84KB) AllocSpace objects, 1(20KB) LOS objects, 30% free, 36MB/52MB, paused 560us total 26.729ms
08-04 13:08:11.191 12398 15139 I art     : Starting a blocking GC Explicit
08-04 13:08:11.217 12398 15139 I art     : Explicit concurrent mark sweep GC freed 30(1040B) AllocSpace objects, 0(0B) LOS objects, 30% free, 36MB/52MB, paused 753us total 25.705ms
08-04 13:08:11.227 12398 15139 I art     : Starting a blocking GC Explicit
08-04 13:08:11.253 12398 15139 I art     : Explicit concurrent mark sweep GC freed 11(352B) AllocSpace objects, 0(0B) LOS objects, 30% free, 36MB/52MB, paused 631us total 25.895ms
08-04 13:08:11.263 12398 15139 I art     : Starting a blocking GC Explicit
08-04 13:08:11.284 12398 15139 I art     : Explicit concurrent mark sweep GC freed 10(320B) AllocSpace objects, 0(0B) LOS objects, 30% free, 36MB/52MB, paused 635us total 21.390ms
08-04 13:08:11.293 12398 15139 I art     : Starting a blocking GC Explicit
08-04 13:08:11.314 12398 15139 I art     : Explicit concurrent mark sweep GC freed 11(352B) AllocSpace objects, 0(0B) LOS objects, 30% free, 36MB/52MB, paused 544us total 20.980ms
08-04 13:08:11.639 12398 12411 I art     : Starting a blocking GC Explicit
08-04 13:08:11.666 12398 12411 I art     : Explicit concurrent mark sweep GC freed 1507(85KB) AllocSpace objects, 1(20KB) LOS objects, 30% free, 36MB/52MB, paused 569us total 26.220ms
08-04 13:08:11.676 12398 12411 I art     : Starting a blocking GC Explicit
08-04 13:08:11.701 12398 12411 I art     : Explicit concurrent mark sweep GC freed 22(784B) AllocSpace objects, 0(0B) LOS objects, 30% free, 36MB/52MB, paused 669us total 25.453ms
08-04 13:08:11.712 12398 12411 I art     : Starting a blocking GC Explicit
08-04 13:08:11.735 12398 12411 I art     : Explicit concurrent mark sweep GC freed 3(96B) AllocSpace objects, 0(0B) LOS objects, 30% free, 36MB/52MB, paused 639us total 22.709ms
08-04 13:08:11.743 12398 12411 I art     : Starting a blocking GC Explicit
08-04 13:08:11.764 12398 12411 I art     : Explicit concurrent mark sweep GC freed 3(96B) AllocSpace objects, 0(0B) LOS objects, 30% free, 36MB/52MB, paused 544us total 21.241ms
08-04 13:08:11.773 12398 12411 I art     : Starting a blocking GC Explicit
08-04 13:08:11.795 12398 12411 I art     : Explicit concurrent mark sweep GC freed 3(96B) AllocSpace objects, 0(0B) LOS objects, 30% free, 36MB/52MB, paused 546us total 21.521ms
08-04 13:08:12.122 12398 12411 I art     : Starting a blocking GC Explicit
08-04 13:08:12.149 12398 12411 I art     : Explicit concurrent mark sweep GC freed 1607(91KB) AllocSpace objects, 1(20KB) LOS objects, 30% free, 36MB/52MB, paused 598us total 27.362ms
08-04 13:08:12.159 12398 12411 I art     : Starting a blocking GC Explicit
08-04 13:08:12.185 12398 12411 I art     : Explicit concurrent mark sweep GC freed 28(1040B) AllocSpace objects, 0(0B) LOS objects, 30% free, 36MB/52MB, paused 667us total 25.880ms
08-04 13:08:12.194 12398 12411 I art     : Starting a blocking GC Explicit
08-04 13:08:12.215 12398 12411 I art     : Explicit concurrent mark sweep GC freed 3(96B) AllocSpace objects, 0(0B) LOS objects, 30% free, 36MB/52MB, paused 568us total 21.477ms
08-04 13:08:12.224 12398 12411 I art     : Starting a blocking GC Explicit
08-04 13:08:12.246 12398 12411 I art     : Explicit concurrent mark sweep GC freed 3(96B) AllocSpace objects, 0(0B) LOS objects, 30% free, 36MB/52MB, paused 681us total 21.593ms
08-04 13:08:12.253 12398 12411 I art     : Starting a blocking GC Explicit
08-04 13:08:12.276 12398 12411 I art     : Explicit concurrent mark sweep GC freed 3(96B) AllocSpace objects, 0(0B) LOS objects, 30% free, 36MB/52MB, paused 615us total 22.478ms
08-04 13:08:12.546 12398 15484 E baseline.com.newsblur.network.APIResponse: Error (unexpected end of stream on https://www.newsblur.com/...) calling https://www.newsblur.com/reader/mark_story_hashes_as_read/
08-04 13:08:12.546 12398 15484 E baseline.com.newsblur.network.APIResponse: java.io.IOException: unexpected end of stream on https://www.newsblur.com/...
08-04 13:08:12.546 12398 15484 E baseline.com.newsblur.network.APIResponse: 	at okhttp3.internal.http1.Http1ExchangeCodec.readResponseHeaders(Http1ExchangeCodec.java:236)
08-04 13:08:12.546 12398 15484 E baseline.com.newsblur.network.APIResponse: 	at okhttp3.internal.connection.Exchange.readResponseHeaders(Exchange.java:115)
08-04 13:08:12.546 12398 15484 E baseline.com.newsblur.network.APIResponse: 	at okhttp3.internal.http.CallServerInterceptor.intercept(CallServerInterceptor.java:94)
08-04 13:08:12.546 12398 15484 E baseline.com.newsblur.network.APIResponse: 	at okhttp3.internal.http.RealInterceptorChain.proceed(RealInterceptorChain.java:142)
08-04 13:08:12.546 12398 15484 E baseline.com.newsblur.network.APIResponse: 	at okhttp3.internal.connection.ConnectInterceptor.intercept(ConnectInterceptor.java:43)
08-04 13:08:12.546 12398 15484 E baseline.com.newsblur.network.APIResponse: 	at okhttp3.internal.http.RealInterceptorChain.proceed(RealInterceptorChain.java:142)
08-04 13:08:12.546 12398 15484 E baseline.com.newsblur.network.APIResponse: 	at okhttp3.internal.http.RealInterceptorChain.proceed(RealInterceptorChain.java:117)
08-04 13:08:12.546 12398 15484 E baseline.com.newsblur.network.APIResponse: 	at okhttp3.internal.cache.CacheInterceptor.intercept(CacheInterceptor.java:94)
08-04 13:08:12.546 12398 15484 E baseline.com.newsblur.network.APIResponse: 	at okhttp3.internal.http.RealInterceptorChain.proceed(RealInterceptorChain.java:142)
08-04 13:08:12.546 12398 15484 E baseline.com.newsblur.network.APIResponse: 	at okhttp3.internal.http.RealInterceptorChain.proceed(RealInterceptorChain.java:117)
08-04 13:08:12.546 12398 15484 E baseline.com.newsblur.network.APIResponse: 	at okhttp3.internal.http.BridgeInterceptor.intercept(BridgeInterceptor.java:93)
08-04 13:08:12.546 12398 15484 E baseline.com.newsblur.network.APIResponse: 	at okhttp3.internal.http.RealInterceptorChain.proceed(RealInterceptorChain.java:142)
08-04 13:08:12.546 12398 15484 E baseline.com.newsblur.network.APIResponse: 	at okhttp3.internal.http.RetryAndFollowUpInterceptor.intercept(RetryAndFollowUpInterceptor.java:88)
08-04 13:08:12.546 12398 15484 E baseline.com.newsblur.network.APIResponse: 	at okhttp3.internal.http.RealInterceptorChain.proceed(RealInterceptorChain.java:142)
08-04 13:08:12.546 12398 15484 E baseline.com.newsblur.network.APIResponse: 	at okhttp3.internal.http.RealInterceptorChain.proceed(RealInterceptorChain.java:117)
08-04 13:08:12.546 12398 15484 E baseline.com.newsblur.network.APIResponse: 	at okhttp3.RealCall.getResponseWithInterceptorChain(RealCall.java:229)
08-04 13:08:12.546 12398 15484 E baseline.com.newsblur.network.APIResponse: 	at okhttp3.RealCall.execute(RealCall.java:81)
08-04 13:08:12.546 12398 15484 E baseline.com.newsblur.network.APIResponse: 	at baseline.com.newsblur.network.APIResponse.<init>(APIResponse.java:57)
08-04 13:08:12.546 12398 15484 E baseline.com.newsblur.network.APIResponse: 	at baseline.com.newsblur.network.APIResponse.<init>(APIResponse.java:43)
08-04 13:08:12.546 12398 15484 E baseline.com.newsblur.network.APIResponse: 	at baseline.com.newsblur.network.APIManager.post_single(APIManager.java:702)
08-04 13:08:12.546 12398 15484 E baseline.com.newsblur.network.APIResponse: 	at baseline.com.newsblur.network.APIManager.post(APIManager.java:675)
08-04 13:08:12.546 12398 15484 E baseline.com.newsblur.network.APIResponse: 	at baseline.com.newsblur.network.APIManager.post(APIManager.java:714)
08-04 13:08:12.546 12398 15484 E baseline.com.newsblur.network.APIResponse: 	at baseline.com.newsblur.network.APIManager.markStoryAsRead(APIManager.java:205)
08-04 13:08:12.546 12398 15484 E baseline.com.newsblur.network.APIResponse: 	at baseline.com.newsblur.util.ReadingAction.doRemote(ReadingAction.java:281)
08-04 13:08:12.546 12398 15484 E baseline.com.newsblur.network.APIResponse: 	at baseline.com.newsblur.service.NBSyncService.syncActions(NBSyncService.java:400)
08-04 13:08:12.546 12398 15484 E baseline.com.newsblur.network.APIResponse: 	at baseline.com.newsblur.service.NBSyncService.doSync(NBSyncService.java:298)
08-04 13:08:12.546 12398 15484 E baseline.com.newsblur.network.APIResponse: 	at baseline.com.newsblur.service.NBSyncService.access$100(NBSyncService.java:67)
08-04 13:08:12.546 12398 15484 E baseline.com.newsblur.network.APIResponse: 	at baseline.com.newsblur.service.NBSyncService$1.run(NBSyncService.java:188)
08-04 13:08:12.546 12398 15484 E baseline.com.newsblur.network.APIResponse: 	at java.util.concurrent.ThreadPoolExecutor.runWorker(ThreadPoolExecutor.java:1113)
08-04 13:08:12.546 12398 15484 E baseline.com.newsblur.network.APIResponse: 	at java.util.concurrent.ThreadPoolExecutor$Worker.run(ThreadPoolExecutor.java:588)
08-04 13:08:12.546 12398 15484 E baseline.com.newsblur.network.APIResponse: 	at java.lang.Thread.run(Thread.java:818)
08-04 13:08:12.546 12398 15484 E baseline.com.newsblur.network.APIResponse: Caused by: java.io.EOFException: \n not found: limit=0 content=
08-04 13:08:12.546 12398 15484 E baseline.com.newsblur.network.APIResponse: 	at okio.RealBufferedSource.readUtf8LineStrict(RealBufferedSource.java:240)
08-04 13:08:12.546 12398 15484 E baseline.com.newsblur.network.APIResponse: 	at okhttp3.internal.http1.Http1ExchangeCodec.readHeaderLine(Http1ExchangeCodec.java:242)
08-04 13:08:12.546 12398 15484 E baseline.com.newsblur.network.APIResponse: 	at okhttp3.internal.http1.Http1ExchangeCodec.readResponseHeaders(Http1ExchangeCodec.java:213)
08-04 13:08:12.546 12398 15484 E baseline.com.newsblur.network.APIResponse: 	... 30 more
08-04 13:08:12.547 12398 15484 I baseline.com.newsblur.network.APIManager: API call failed, pausing before retry number 2
08-04 13:08:12.612 12398 12411 I art     : Starting a blocking GC Explicit
08-04 13:08:12.640 12398 12411 I art     : Explicit concurrent mark sweep GC freed 3947(357KB) AllocSpace objects, 3(60KB) LOS objects, 30% free, 36MB/52MB, paused 677us total 27.798ms
08-04 13:08:12.650 12398 12411 I art     : Starting a blocking GC Explicit
08-04 13:08:12.678 12398 12411 I art     : Explicit concurrent mark sweep GC freed 109(3KB) AllocSpace objects, 0(0B) LOS objects, 30% free, 36MB/52MB, paused 896us total 27.784ms
08-04 13:08:12.686 12398 12411 I art     : Starting a blocking GC Explicit
08-04 13:08:12.710 12398 12411 I art     : Explicit concurrent mark sweep GC freed 3(96B) AllocSpace objects, 0(0B) LOS objects, 30% free, 36MB/52MB, paused 548us total 24.327ms
08-04 13:08:12.717 12398 12411 I art     : Starting a blocking GC Explicit
08-04 13:08:12.740 12398 12411 I art     : Explicit concurrent mark sweep GC freed 3(96B) AllocSpace objects, 0(0B) LOS objects, 30% free, 36MB/52MB, paused 739us total 22.440ms
08-04 13:08:12.749 12398 12411 I art     : Starting a blocking GC Explicit
08-04 13:08:12.777 12398 12411 I art     : Explicit concurrent mark sweep GC freed 3(96B) AllocSpace objects, 0(0B) LOS objects, 30% free, 36MB/52MB, paused 843us total 27.150ms
08-04 13:08:12.961   518   646 I ThermalEngine: ACTION: GPU - Setting GPU[0] to 510000000
08-04 13:08:13.111 12398 12414 I art     : Starting a blocking GC Explicit
08-04 13:08:13.144 12398 12414 I art     : Explicit concurrent mark sweep GC freed 1440(83KB) AllocSpace objects, 1(20KB) LOS objects, 30% free, 36MB/52MB, paused 1.134ms total 32.887ms
08-04 13:08:13.154 12398 12414 I art     : Starting a blocking GC Explicit
08-04 13:08:13.185 12398 12414 I art     : Explicit concurrent mark sweep GC freed 22(784B) AllocSpace objects, 0(0B) LOS objects, 30% free, 36MB/52MB, paused 860us total 30.443ms
08-04 13:08:13.197 12398 12414 I art     : Starting a blocking GC Explicit
08-04 13:08:13.225 12398 12414 I art     : Explicit concurrent mark sweep GC freed 3(96B) AllocSpace objects, 0(0B) LOS objects, 30% free, 36MB/52MB, paused 839us total 27.494ms
08-04 13:08:13.234 12398 12414 I art     : Starting a blocking GC Explicit
08-04 13:08:13.264 12398 12414 I art     : Explicit concurrent mark sweep GC freed 3(96B) AllocSpace objects, 0(0B) LOS objects, 30% free, 36MB/52MB, paused 785us total 30.081ms
08-04 13:08:13.275 12398 12414 I art     : Starting a blocking GC Explicit
08-04 13:08:13.306 12398 12414 I art     : Explicit concurrent mark sweep GC freed 3(96B) AllocSpace objects, 0(0B) LOS objects, 30% free, 36MB/52MB, paused 852us total 30.785ms
08-04 13:08:13.630 12398 12414 I art     : Starting a blocking GC Explicit
08-04 13:08:13.663 12398 12414 I art     : Explicit concurrent mark sweep GC freed 1439(83KB) AllocSpace objects, 1(20KB) LOS objects, 30% free, 36MB/52MB, paused 1.180ms total 33.336ms
08-04 13:08:13.673 12398 12414 I art     : Starting a blocking GC Explicit
08-04 13:08:13.703 12398 12414 I art     : Explicit concurrent mark sweep GC freed 22(784B) AllocSpace objects, 0(0B) LOS objects, 30% free, 36MB/52MB, paused 856us total 29.826ms
08-04 13:08:13.715 12398 12414 I art     : Starting a blocking GC Explicit
08-04 13:08:13.747 12398 12414 I art     : Explicit concurrent mark sweep GC freed 3(96B) AllocSpace objects, 0(0B) LOS objects, 30% free, 36MB/52MB, paused 916us total 31.646ms
08-04 13:08:13.755 14234 14234 I ServiceManager: Waiting for service AtCmdFwd...
08-04 13:08:13.757 12398 12414 I art     : Starting a blocking GC Explicit
08-04 13:08:13.788 12398 12414 I art     : Explicit concurrent mark sweep GC freed 3(96B) AllocSpace objects, 0(0B) LOS objects, 30% free, 36MB/52MB, paused 988us total 30.121ms
08-04 13:08:13.799 12398 12414 I art     : Starting a blocking GC Explicit
08-04 13:08:13.831 12398 12414 I art     : Explicit concurrent mark sweep GC freed 3(96B) AllocSpace objects, 0(0B) LOS objects, 30% free, 36MB/52MB, paused 772us total 31.799ms
08-04 13:08:14.147 12398 12411 I art     : Starting a blocking GC Explicit
08-04 13:08:14.177 12398 12411 I art     : Explicit concurrent mark sweep GC freed 1439(82KB) AllocSpace objects, 1(20KB) LOS objects, 30% free, 36MB/52MB, paused 915us total 29.752ms
08-04 13:08:14.188 12398 12411 I art     : Starting a blocking GC Explicit
08-04 13:08:14.219 12398 12411 I art     : Explicit concurrent mark sweep GC freed 22(784B) AllocSpace objects, 0(0B) LOS objects, 30% free, 36MB/52MB, paused 800us total 30.845ms
08-04 13:08:14.231 12398 12411 I art     : Starting a blocking GC Explicit
08-04 13:08:14.263 12398 12411 I art     : Explicit concurrent mark sweep GC freed 3(96B) AllocSpace objects, 0(0B) LOS objects, 30% free, 36MB/52MB, paused 1.104ms total 32.455ms
08-04 13:08:14.273 12398 12411 I art     : Starting a blocking GC Explicit
08-04 13:08:14.304 12398 12411 I art     : Explicit concurrent mark sweep GC freed 3(96B) AllocSpace objects, 0(0B) LOS objects, 30% free, 36MB/52MB, paused 818us total 31.062ms
08-04 13:08:14.317 12398 12411 I art     : Starting a blocking GC Explicit
08-04 13:08:14.349 12398 12411 I art     : Explicit concurrent mark sweep GC freed 3(96B) AllocSpace objects, 0(0B) LOS objects, 30% free, 36MB/52MB, paused 775us total 32.429ms
08-04 13:08:14.684 12398 12414 I art     : Starting a blocking GC Explicit
08-04 13:08:14.717 12398 12414 I art     : Explicit concurrent mark sweep GC freed 1438(82KB) AllocSpace objects, 1(20KB) LOS objects, 30% free, 36MB/52MB, paused 861us total 33.046ms
08-04 13:08:14.729 12398 12414 I art     : Starting a blocking GC Explicit
08-04 13:08:14.735 13866 13882 I PeriodicStatsRunner: PeriodicStatsRunner.call():175 call()
08-04 13:08:14.735 13866 13882 I PeriodicStatsRunner: PeriodicStatsRunner.call():179 No submit PeriodicStats since input started.
08-04 13:08:14.755 14234 14234 I ServiceManager: Waiting for service AtCmdFwd...
08-04 13:08:14.760 12398 12414 I art     : Explicit concurrent mark sweep GC freed 22(784B) AllocSpace objects, 0(0B) LOS objects, 30% free, 36MB/52MB, paused 936us total 31.307ms
08-04 13:08:14.772 12398 12414 I art     : Starting a blocking GC Explicit
08-04 13:08:14.799 12398 12414 I art     : Explicit concurrent mark sweep GC freed 3(96B) AllocSpace objects, 0(0B) LOS objects, 30% free, 36MB/52MB, paused 760us total 26.736ms
08-04 13:08:14.808 12398 12414 I art     : Starting a blocking GC Explicit
08-04 13:08:14.835 12398 12414 I art     : Explicit concurrent mark sweep GC freed 3(96B) AllocSpace objects, 0(0B) LOS objects, 30% free, 36MB/52MB, paused 761us total 26.190ms
08-04 13:08:14.845 12398 12414 I art     : Starting a blocking GC Explicit
08-04 13:08:14.873 12398 12414 I art     : Explicit concurrent mark sweep GC freed 3(96B) AllocSpace objects, 0(0B) LOS objects, 30% free, 36MB/52MB, paused 873us total 27.174ms
08-04 13:08:15.194 12398 12411 I art     : Starting a blocking GC Explicit
08-04 13:08:15.222 12398 12411 I art     : Explicit concurrent mark sweep GC freed 1438(82KB) AllocSpace objects, 1(20KB) LOS objects, 30% free, 36MB/52MB, paused 898us total 27.939ms
08-04 13:08:15.234 12398 12411 I art     : Starting a blocking GC Explicit
08-04 13:08:15.266 12398 12411 I art     : Explicit concurrent mark sweep GC freed 25(896B) AllocSpace objects, 0(0B) LOS objects, 30% free, 36MB/52MB, paused 1.011ms total 32.244ms
08-04 13:08:15.278 12398 12411 I art     : Starting a blocking GC Explicit
08-04 13:08:15.309 12398 12411 I art     : Explicit concurrent mark sweep GC freed 3(96B) AllocSpace objects, 0(0B) LOS objects, 30% free, 36MB/52MB, paused 947us total 30.878ms
08-04 13:08:15.320 12398 12411 I art     : Starting a blocking GC Explicit
08-04 13:08:15.347 12398 12411 I art     : Explicit concurrent mark sweep GC freed 3(96B) AllocSpace objects, 0(0B) LOS objects, 30% free, 36MB/52MB, paused 869us total 27.391ms
08-04 13:08:15.357 12398 12411 I art     : Starting a blocking GC Explicit
08-04 13:08:15.383 12398 12411 I art     : Explicit concurrent mark sweep GC freed 3(96B) AllocSpace objects, 0(0B) LOS objects, 30% free, 36MB/52MB, paused 763us total 26.204ms
08-04 13:08:15.709 12398 12414 I art     : Starting a blocking GC Explicit
08-04 13:08:15.741 12398 12414 I art     : Explicit concurrent mark sweep GC freed 1603(91KB) AllocSpace objects, 1(20KB) LOS objects, 30% free, 36MB/52MB, paused 930us total 31.821ms
08-04 13:08:15.752 12398 12414 I art     : Starting a blocking GC Explicit
08-04 13:08:15.756 14234 14234 I ServiceManager: Waiting for service AtCmdFwd...
08-04 13:08:15.784 12398 12414 I art     : Explicit concurrent mark sweep GC freed 28(1040B) AllocSpace objects, 0(0B) LOS objects, 30% free, 36MB/52MB, paused 812us total 31.674ms
08-04 13:08:15.795 12398 12414 I art     : Starting a blocking GC Explicit
08-04 13:08:15.828 12398 12414 I art     : Explicit concurrent mark sweep GC freed 3(96B) AllocSpace objects, 0(0B) LOS objects, 30% free, 36MB/52MB, paused 1.115ms total 31.958ms
08-04 13:08:15.839 12398 12414 I art     : Starting a blocking GC Explicit
08-04 13:08:15.870 12398 12414 I art     : Explicit concurrent mark sweep GC freed 3(96B) AllocSpace objects, 0(0B) LOS objects, 30% free, 36MB/52MB, paused 837us total 30.740ms
08-04 13:08:15.882 12398 12414 I art     : Starting a blocking GC Explicit
08-04 13:08:15.914 12398 12414 I art     : Explicit concurrent mark sweep GC freed 3(96B) AllocSpace objects, 0(0B) LOS objects, 30% free, 36MB/52MB, paused 1.530ms total 32.307ms
08-04 13:08:16.126 12398 15484 E baseline.com.newsblur.network.APIResponse: Error (unexpected end of stream on https://www.newsblur.com/...) calling https://www.newsblur.com/reader/mark_story_hashes_as_read/
08-04 13:08:16.126 12398 15484 E baseline.com.newsblur.network.APIResponse: java.io.IOException: unexpected end of stream on https://www.newsblur.com/...
08-04 13:08:16.126 12398 15484 E baseline.com.newsblur.network.APIResponse: 	at okhttp3.internal.http1.Http1ExchangeCodec.readResponseHeaders(Http1ExchangeCodec.java:236)
08-04 13:08:16.126 12398 15484 E baseline.com.newsblur.network.APIResponse: 	at okhttp3.internal.connection.Exchange.readResponseHeaders(Exchange.java:115)
08-04 13:08:16.126 12398 15484 E baseline.com.newsblur.network.APIResponse: 	at okhttp3.internal.http.CallServerInterceptor.intercept(CallServerInterceptor.java:94)
08-04 13:08:16.126 12398 15484 E baseline.com.newsblur.network.APIResponse: 	at okhttp3.internal.http.RealInterceptorChain.proceed(RealInterceptorChain.java:142)
08-04 13:08:16.126 12398 15484 E baseline.com.newsblur.network.APIResponse: 	at okhttp3.internal.connection.ConnectInterceptor.intercept(ConnectInterceptor.java:43)
08-04 13:08:16.126 12398 15484 E baseline.com.newsblur.network.APIResponse: 	at okhttp3.internal.http.RealInterceptorChain.proceed(RealInterceptorChain.java:142)
08-04 13:08:16.126 12398 15484 E baseline.com.newsblur.network.APIResponse: 	at okhttp3.internal.http.RealInterceptorChain.proceed(RealInterceptorChain.java:117)
08-04 13:08:16.126 12398 15484 E baseline.com.newsblur.network.APIResponse: 	at okhttp3.internal.cache.CacheInterceptor.intercept(CacheInterceptor.java:94)
08-04 13:08:16.126 12398 15484 E baseline.com.newsblur.network.APIResponse: 	at okhttp3.internal.http.RealInterceptorChain.proceed(RealInterceptorChain.java:142)
08-04 13:08:16.126 12398 15484 E baseline.com.newsblur.network.APIResponse: 	at okhttp3.internal.http.RealInterceptorChain.proceed(RealInterceptorChain.java:117)
08-04 13:08:16.126 12398 15484 E baseline.com.newsblur.network.APIResponse: 	at okhttp3.internal.http.BridgeInterceptor.intercept(BridgeInterceptor.java:93)
08-04 13:08:16.126 12398 15484 E baseline.com.newsblur.network.APIResponse: 	at okhttp3.internal.http.RealInterceptorChain.proceed(RealInterceptorChain.java:142)
08-04 13:08:16.126 12398 15484 E baseline.com.newsblur.network.APIResponse: 	at okhttp3.internal.http.RetryAndFollowUpInterceptor.intercept(RetryAndFollowUpInterceptor.java:88)
08-04 13:08:16.126 12398 15484 E baseline.com.newsblur.network.APIResponse: 	at okhttp3.internal.http.RealInterceptorChain.proceed(RealInterceptorChain.java:142)
08-04 13:08:16.126 12398 15484 E baseline.com.newsblur.network.APIResponse: 	at okhttp3.internal.http.RealInterceptorChain.proceed(RealInterceptorChain.java:117)
08-04 13:08:16.126 12398 15484 E baseline.com.newsblur.network.APIResponse: 	at okhttp3.RealCall.getResponseWithInterceptorChain(RealCall.java:229)
08-04 13:08:16.126 12398 15484 E baseline.com.newsblur.network.APIResponse: 	at okhttp3.RealCall.execute(RealCall.java:81)
08-04 13:08:16.126 12398 15484 E baseline.com.newsblur.network.APIResponse: 	at baseline.com.newsblur.network.APIResponse.<init>(APIResponse.java:57)
08-04 13:08:16.126 12398 15484 E baseline.com.newsblur.network.APIResponse: 	at baseline.com.newsblur.network.APIResponse.<init>(APIResponse.java:43)
08-04 13:08:16.126 12398 15484 E baseline.com.newsblur.network.APIResponse: 	at baseline.com.newsblur.network.APIManager.post_single(APIManager.java:702)
08-04 13:08:16.126 12398 15484 E baseline.com.newsblur.network.APIResponse: 	at baseline.com.newsblur.network.APIManager.post(APIManager.java:675)
08-04 13:08:16.126 12398 15484 E baseline.com.newsblur.network.APIResponse: 	at baseline.com.newsblur.network.APIManager.post(APIManager.java:714)
08-04 13:08:16.126 12398 15484 E baseline.com.newsblur.network.APIResponse: 	at baseline.com.newsblur.network.APIManager.markStoryAsRead(APIManager.java:205)
08-04 13:08:16.126 12398 15484 E baseline.com.newsblur.network.APIResponse: 	at baseline.com.newsblur.util.ReadingAction.doRemote(ReadingAction.java:281)
08-04 13:08:16.126 12398 15484 E baseline.com.newsblur.network.APIResponse: 	at baseline.com.newsblur.service.NBSyncService.syncActions(NBSyncService.java:400)
08-04 13:08:16.126 12398 15484 E baseline.com.newsblur.network.APIResponse: 	at baseline.com.newsblur.service.NBSyncService.doSync(NBSyncService.java:298)
08-04 13:08:16.126 12398 15484 E baseline.com.newsblur.network.APIResponse: 	at baseline.com.newsblur.service.NBSyncService.access$100(NBSyncService.java:67)
08-04 13:08:16.126 12398 15484 E baseline.com.newsblur.network.APIResponse: 	at baseline.com.newsblur.service.NBSyncService$1.run(NBSyncService.java:188)
08-04 13:08:16.126 12398 15484 E baseline.com.newsblur.network.APIResponse: 	at java.util.concurrent.ThreadPoolExecutor.runWorker(ThreadPoolExecutor.java:1113)
08-04 13:08:16.126 12398 15484 E baseline.com.newsblur.network.APIResponse: 	at java.util.concurrent.ThreadPoolExecutor$Worker.run(ThreadPoolExecutor.java:588)
08-04 13:08:16.126 12398 15484 E baseline.com.newsblur.network.APIResponse: 	at java.lang.Thread.run(Thread.java:818)
08-04 13:08:16.126 12398 15484 E baseline.com.newsblur.network.APIResponse: Caused by: java.io.EOFException: \n not found: limit=0 content=
08-04 13:08:16.126 12398 15484 E baseline.com.newsblur.network.APIResponse: 	at okio.RealBufferedSource.readUtf8LineStrict(RealBufferedSource.java:240)
08-04 13:08:16.126 12398 15484 E baseline.com.newsblur.network.APIResponse: 	at okhttp3.internal.http1.Http1ExchangeCodec.readHeaderLine(Http1ExchangeCodec.java:242)
08-04 13:08:16.126 12398 15484 E baseline.com.newsblur.network.APIResponse: 	at okhttp3.internal.http1.Http1ExchangeCodec.readResponseHeaders(Http1ExchangeCodec.java:213)
08-04 13:08:16.126 12398 15484 E baseline.com.newsblur.network.APIResponse: 	... 30 more
08-04 13:08:16.129 12398 15484 I baseline.com.newsblur.service.NBSyncService: Holding reading action with server-side or network error.
08-04 13:08:16.154 12398 15484 W baseline.com.newsblur.service.NBSyncService: hard API failure
08-04 13:08:16.254 12398 15139 I art     : Starting a blocking GC Explicit
08-04 13:08:16.282 12398 15139 I art     : Explicit concurrent mark sweep GC freed 4924(564KB) AllocSpace objects, 16(320KB) LOS objects, 30% free, 36MB/52MB, paused 834us total 27.687ms
08-04 13:08:16.292 12398 15139 I art     : Starting a blocking GC Explicit
08-04 13:08:16.319 12398 15139 I art     : Explicit concurrent mark sweep GC freed 607(22KB) AllocSpace objects, 0(0B) LOS objects, 30% free, 36MB/52MB, paused 824us total 27.021ms
08-04 13:08:16.328 12398 15139 I art     : Starting a blocking GC Explicit
08-04 13:08:16.354 12398 15139 I art     : Explicit concurrent mark sweep GC freed 3(96B) AllocSpace objects, 0(0B) LOS objects, 30% free, 36MB/52MB, paused 834us total 26.423ms
08-04 13:08:16.364 12398 15139 I art     : Starting a blocking GC Explicit
08-04 13:08:16.391 12398 15139 I art     : Explicit concurrent mark sweep GC freed 3(96B) AllocSpace objects, 0(0B) LOS objects, 30% free, 36MB/52MB, paused 836us total 26.894ms
08-04 13:08:16.400 12398 15139 I art     : Starting a blocking GC Explicit
08-04 13:08:16.428 12398 15139 I art     : Explicit concurrent mark sweep GC freed 3(96B) AllocSpace objects, 0(0B) LOS objects, 30% free, 36MB/52MB, paused 828us total 27.653ms
08-04 13:08:16.756 14234 14234 I ServiceManager: Waiting for service AtCmdFwd...
08-04 13:08:16.777 12398 12414 I art     : Starting a blocking GC Explicit
08-04 13:08:16.805 12398 12414 I art     : Explicit concurrent mark sweep GC freed 1401(80KB) AllocSpace objects, 1(20KB) LOS objects, 30% free, 36MB/52MB, paused 832us total 27.743ms
08-04 13:08:16.814 12398 12414 I art     : Starting a blocking GC Explicit
08-04 13:08:16.842 12398 12414 I art     : Explicit concurrent mark sweep GC freed 20(704B) AllocSpace objects, 0(0B) LOS objects, 30% free, 36MB/52MB, paused 849us total 27.614ms
08-04 13:08:16.852 12398 12414 I art     : Starting a blocking GC Explicit
08-04 13:08:16.878 12398 12414 I art     : Explicit concurrent mark sweep GC freed 3(96B) AllocSpace objects, 0(0B) LOS objects, 30% free, 36MB/52MB, paused 799us total 26.202ms
08-04 13:08:16.887 12398 12414 I art     : Starting a blocking GC Explicit
08-04 13:08:16.915 12398 12414 I art     : Explicit concurrent mark sweep GC freed 3(96B) AllocSpace objects, 0(0B) LOS objects, 30% free, 36MB/52MB, paused 827us total 26.913ms
08-04 13:08:16.924 12398 12414 I art     : Starting a blocking GC Explicit
08-04 13:08:16.952 12398 12414 I art     : Explicit concurrent mark sweep GC freed 3(96B) AllocSpace objects, 0(0B) LOS objects, 30% free, 36MB/52MB, paused 842us total 27.713ms
08-04 13:08:17.285 12398 12411 I art     : Starting a blocking GC Explicit
08-04 13:08:17.315 12398 12411 I art     : Explicit concurrent mark sweep GC freed 1398(80KB) AllocSpace objects, 1(20KB) LOS objects, 30% free, 36MB/52MB, paused 857us total 30.158ms
08-04 13:08:17.330 12398 12411 I art     : Starting a blocking GC Explicit
08-04 13:08:17.357 12398 12411 I art     : Explicit concurrent mark sweep GC freed 20(704B) AllocSpace objects, 0(0B) LOS objects, 30% free, 36MB/52MB, paused 807us total 26.348ms
08-04 13:08:17.366 12398 12411 I art     : Starting a blocking GC Explicit
08-04 13:08:17.392 12398 12411 I art     : Explicit concurrent mark sweep GC freed 3(96B) AllocSpace objects, 0(0B) LOS objects, 30% free, 36MB/52MB, paused 812us total 26.435ms
08-04 13:08:17.401 12398 12411 I art     : Starting a blocking GC Explicit
08-04 13:08:17.428 12398 12411 I art     : Explicit concurrent mark sweep GC freed 3(96B) AllocSpace objects, 0(0B) LOS objects, 30% free, 36MB/52MB, paused 1.231ms total 26.997ms
08-04 13:08:17.438 12398 12411 I art     : Starting a blocking GC Explicit
08-04 13:08:17.465 12398 12411 I art     : Explicit concurrent mark sweep GC freed 3(96B) AllocSpace objects, 0(0B) LOS objects, 30% free, 36MB/52MB, paused 819us total 26.826ms
08-04 13:08:17.757 14234 14234 I ServiceManager: Waiting for service AtCmdFwd...
08-04 13:08:17.817 12398 15139 I art     : Starting a blocking GC Explicit
08-04 13:08:17.847 12398 15139 I art     : Explicit concurrent mark sweep GC freed 1398(80KB) AllocSpace objects, 1(20KB) LOS objects, 30% free, 36MB/52MB, paused 787us total 29.051ms
08-04 13:08:17.856 12398 15139 I art     : Starting a blocking GC Explicit
08-04 13:08:17.884 12398 15139 I art     : Explicit concurrent mark sweep GC freed 20(704B) AllocSpace objects, 0(0B) LOS objects, 30% free, 36MB/52MB, paused 822us total 27.874ms
08-04 13:08:17.893 12398 15139 I art     : Starting a blocking GC Explicit
08-04 13:08:17.921 12398 15139 I art     : Explicit concurrent mark sweep GC freed 3(96B) AllocSpace objects, 0(0B) LOS objects, 30% free, 36MB/52MB, paused 830us total 27.123ms
08-04 13:08:17.930 12398 15139 I art     : Starting a blocking GC Explicit
08-04 13:08:17.958 12398 15139 I art     : Explicit concurrent mark sweep GC freed 3(96B) AllocSpace objects, 0(0B) LOS objects, 30% free, 36MB/52MB, paused 858us total 27.563ms
08-04 13:08:17.967 12398 15139 I art     : Starting a blocking GC Explicit
08-04 13:08:17.994 12398 15139 I art     : Explicit concurrent mark sweep GC freed 3(96B) AllocSpace objects, 0(0B) LOS objects, 30% free, 36MB/52MB, paused 833us total 27.093ms
08-04 13:08:18.324 12398 12414 I art     : Starting a blocking GC Explicit
08-04 13:08:18.354 12398 12414 I art     : Explicit concurrent mark sweep GC freed 1398(80KB) AllocSpace objects, 1(20KB) LOS objects, 30% free, 36MB/52MB, paused 824us total 29.447ms
08-04 13:08:18.365 12398 12414 I art     : Starting a blocking GC Explicit
08-04 13:08:18.393 12398 12414 I art     : Explicit concurrent mark sweep GC freed 20(704B) AllocSpace objects, 0(0B) LOS objects, 30% free, 36MB/52MB, paused 847us total 27.752ms
08-04 13:08:18.403 12398 12414 I art     : Starting a blocking GC Explicit
08-04 13:08:18.430 12398 12414 I art     : Explicit concurrent mark sweep GC freed 3(96B) AllocSpace objects, 0(0B) LOS objects, 30% free, 36MB/52MB, paused 811us total 27.135ms
08-04 13:08:18.439 12398 12414 I art     : Starting a blocking GC Explicit
08-04 13:08:18.467 12398 12414 I art     : Explicit concurrent mark sweep GC freed 3(96B) AllocSpace objects, 0(0B) LOS objects, 30% free, 36MB/52MB, paused 973us total 27.385ms
08-04 13:08:18.476 12398 12414 I art     : Starting a blocking GC Explicit
08-04 13:08:18.504 12398 12414 I art     : Explicit concurrent mark sweep GC freed 3(96B) AllocSpace objects, 0(0B) LOS objects, 30% free, 36MB/52MB, paused 823us total 27.190ms
08-04 13:08:18.757 14234 14234 W Atfwd_Sendcmd: AtCmdFwd service not published, waiting... retryCnt : 3
08-04 13:08:18.843 12398 12411 I art     : Starting a blocking GC Explicit
08-04 13:08:18.872 12398 12411 I art     : Explicit concurrent mark sweep GC freed 1398(80KB) AllocSpace objects, 1(20KB) LOS objects, 30% free, 36MB/52MB, paused 842us total 28.721ms
08-04 13:08:18.884 12398 12411 I art     : Starting a blocking GC Explicit
08-04 13:08:18.911 12398 12411 I art     : Explicit concurrent mark sweep GC freed 20(704B) AllocSpace objects, 0(0B) LOS objects, 30% free, 36MB/52MB, paused 816us total 26.722ms
08-04 13:08:18.920 12398 12411 I art     : Starting a blocking GC Explicit
08-04 13:08:18.946 12398 12411 I art     : Explicit concurrent mark sweep GC freed 3(96B) AllocSpace objects, 0(0B) LOS objects, 30% free, 36MB/52MB, paused 800us total 26.325ms
08-04 13:08:18.955 12398 12411 I art     : Starting a blocking GC Explicit
08-04 13:08:18.982 12398 12411 I art     : Explicit concurrent mark sweep GC freed 3(96B) AllocSpace objects, 0(0B) LOS objects, 30% free, 36MB/52MB, paused 833us total 26.539ms
08-04 13:08:18.991 12398 12411 I art     : Starting a blocking GC Explicit
08-04 13:08:19.019 12398 12411 I art     : Explicit concurrent mark sweep GC freed 3(96B) AllocSpace objects, 0(0B) LOS objects, 30% free, 36MB/52MB, paused 797us total 27.161ms
08-04 13:08:19.362 12398 15139 I art     : Starting a blocking GC Explicit
08-04 13:08:19.392 12398 15139 I art     : Explicit concurrent mark sweep GC freed 1398(80KB) AllocSpace objects, 1(20KB) LOS objects, 30% free, 36MB/52MB, paused 836us total 29.585ms
08-04 13:08:19.405 12398 15139 I art     : Starting a blocking GC Explicit
08-04 13:08:19.431 12398 15139 I art     : Explicit concurrent mark sweep GC freed 20(704B) AllocSpace objects, 0(0B) LOS objects, 30% free, 36MB/52MB, paused 869us total 26.196ms
08-04 13:08:19.440 12398 15139 I art     : Starting a blocking GC Explicit
08-04 13:08:19.467 12398 15139 I art     : Explicit concurrent mark sweep GC freed 3(96B) AllocSpace objects, 0(0B) LOS objects, 30% free, 36MB/52MB, paused 790us total 25.909ms
08-04 13:08:19.476 12398 15139 I art     : Starting a blocking GC Explicit
08-04 13:08:19.503 12398 15139 I art     : Explicit concurrent mark sweep GC freed 3(96B) AllocSpace objects, 0(0B) LOS objects, 30% free, 36MB/52MB, paused 825us total 26.945ms
08-04 13:08:19.512 12398 15139 I art     : Starting a blocking GC Explicit
08-04 13:08:19.539 12398 15139 I art     : Explicit concurrent mark sweep GC freed 3(96B) AllocSpace objects, 0(0B) LOS objects, 30% free, 36MB/52MB, paused 893us total 27.249ms
08-04 13:08:19.871 12398 12414 I art     : Starting a blocking GC Explicit
08-04 13:08:19.901 12398 12414 I art     : Explicit concurrent mark sweep GC freed 1398(80KB) AllocSpace objects, 1(20KB) LOS objects, 30% free, 36MB/52MB, paused 860us total 29.411ms
08-04 13:08:19.914 12398 12414 I art     : Starting a blocking GC Explicit
08-04 13:08:19.940 12398 12414 I art     : Explicit concurrent mark sweep GC freed 20(704B) AllocSpace objects, 0(0B) LOS objects, 30% free, 36MB/52MB, paused 810us total 25.665ms
08-04 13:08:19.949 12398 12414 I art     : Starting a blocking GC Explicit
08-04 13:08:19.975 12398 12414 I art     : Explicit concurrent mark sweep GC freed 3(96B) AllocSpace objects, 0(0B) LOS objects, 30% free, 36MB/52MB, paused 816us total 26.294ms
08-04 13:08:19.984 12398 12414 I art     : Starting a blocking GC Explicit
08-04 13:08:20.011 12398 12414 I art     : Explicit concurrent mark sweep GC freed 3(96B) AllocSpace objects, 0(0B) LOS objects, 30% free, 36MB/52MB, paused 832us total 26.705ms
08-04 13:08:20.020 12398 12414 I art     : Starting a blocking GC Explicit
08-04 13:08:20.048 12398 12414 I art     : Explicit concurrent mark sweep GC freed 3(96B) AllocSpace objects, 0(0B) LOS objects, 30% free, 36MB/52MB, paused 831us total 27.142ms
08-04 13:08:20.384 12398 12411 I art     : Starting a blocking GC Explicit
08-04 13:08:20.413 12398 12411 I art     : Explicit concurrent mark sweep GC freed 1417(81KB) AllocSpace objects, 1(20KB) LOS objects, 30% free, 36MB/52MB, paused 813us total 29.001ms
08-04 13:08:20.426 12398 12411 I art     : Starting a blocking GC Explicit
08-04 13:08:20.452 12398 12411 I art     : Explicit concurrent mark sweep GC freed 26(928B) AllocSpace objects, 0(0B) LOS objects, 30% free, 36MB/52MB, paused 826us total 26.218ms
08-04 13:08:20.462 12398 12411 I art     : Starting a blocking GC Explicit
08-04 13:08:20.488 12398 12411 I art     : Explicit concurrent mark sweep GC freed 3(96B) AllocSpace objects, 0(0B) LOS objects, 30% free, 36MB/52MB, paused 830us total 26.670ms
08-04 13:08:20.498 12398 12411 I art     : Starting a blocking GC Explicit
08-04 13:08:20.525 12398 12411 I art     : Explicit concurrent mark sweep GC freed 3(96B) AllocSpace objects, 0(0B) LOS objects, 30% free, 36MB/52MB, paused 794us total 27.084ms
08-04 13:08:20.534 12398 12411 I art     : Starting a blocking GC Explicit
08-04 13:08:20.561 12398 12411 I art     : Explicit concurrent mark sweep GC freed 3(96B) AllocSpace objects, 0(0B) LOS objects, 30% free, 36MB/52MB, paused 783us total 26.509ms
08-04 13:08:20.925 12398 15139 I art     : Starting a blocking GC Explicit
08-04 13:08:20.956 12398 15139 I art     : Explicit concurrent mark sweep GC freed 1398(80KB) AllocSpace objects, 1(20KB) LOS objects, 30% free, 36MB/52MB, paused 816us total 30.346ms
08-04 13:08:20.967 12398 15139 I art     : Starting a blocking GC Explicit
08-04 13:08:20.979   518   646 I ThermalEngine: ACTION: GPU - Setting GPU[0] to 600000000
08-04 13:08:20.993 12398 15139 I art     : Explicit concurrent mark sweep GC freed 20(704B) AllocSpace objects, 0(0B) LOS objects, 30% free, 36MB/52MB, paused 812us total 25.874ms
08-04 13:08:21.002 12398 15139 I art     : Starting a blocking GC Explicit
08-04 13:08:21.028 12398 15139 I art     : Explicit concurrent mark sweep GC freed 3(96B) AllocSpace objects, 0(0B) LOS objects, 30% free, 36MB/52MB, paused 714us total 25.077ms
08-04 13:08:21.036 12398 15139 I art     : Starting a blocking GC Explicit
08-04 13:08:21.057 12398 15139 I art     : Explicit concurrent mark sweep GC freed 3(96B) AllocSpace objects, 0(0B) LOS objects, 30% free, 36MB/52MB, paused 677us total 20.896ms
08-04 13:08:21.064 12398 15139 I art     : Starting a blocking GC Explicit
08-04 13:08:21.086 12398 15139 I art     : Explicit concurrent mark sweep GC freed 3(96B) AllocSpace objects, 0(0B) LOS objects, 30% free, 36MB/52MB, paused 613us total 21.838ms
08-04 13:08:21.397 12398 12414 I art     : Starting a blocking GC Explicit
08-04 13:08:21.421 12398 12414 I art     : Explicit concurrent mark sweep GC freed 1398(80KB) AllocSpace objects, 1(20KB) LOS objects, 30% free, 36MB/52MB, paused 632us total 24.207ms
08-04 13:08:21.431 12398 12414 I art     : Starting a blocking GC Explicit
08-04 13:08:21.454 12398 12414 I art     : Explicit concurrent mark sweep GC freed 20(704B) AllocSpace objects, 0(0B) LOS objects, 30% free, 36MB/52MB, paused 628us total 22.457ms
08-04 13:08:21.462 12398 12414 I art     : Starting a blocking GC Explicit
08-04 13:08:21.484 12398 12414 I art     : Explicit concurrent mark sweep GC freed 3(96B) AllocSpace objects, 0(0B) LOS objects, 30% free, 36MB/52MB, paused 612us total 22.159ms
08-04 13:08:21.491 12398 12414 I art     : Starting a blocking GC Explicit
08-04 13:08:21.513 12398 12414 I art     : Explicit concurrent mark sweep GC freed 3(96B) AllocSpace objects, 0(0B) LOS objects, 30% free, 36MB/52MB, paused 580us total 21.366ms
08-04 13:08:21.520 12398 12414 I art     : Starting a blocking GC Explicit
08-04 13:08:21.543 12398 12414 I art     : Explicit concurrent mark sweep GC freed 3(96B) AllocSpace objects, 0(0B) LOS objects, 30% free, 36MB/52MB, paused 713us total 22.234ms
08-04 13:08:21.873 12398 12411 I art     : Starting a blocking GC Explicit
08-04 13:08:21.896 12398 12411 I art     : Explicit concurrent mark sweep GC freed 1398(80KB) AllocSpace objects, 1(20KB) LOS objects, 30% free, 36MB/52MB, paused 611us total 22.958ms
08-04 13:08:21.904 12398 12411 I art     : Starting a blocking GC Explicit
08-04 13:08:21.925 12398 12411 I art     : Explicit concurrent mark sweep GC freed 20(704B) AllocSpace objects, 0(0B) LOS objects, 30% free, 36MB/52MB, paused 620us total 20.745ms
08-04 13:08:21.932 12398 12411 I art     : Starting a blocking GC Explicit
08-04 13:08:21.952 12398 12411 I art     : Explicit concurrent mark sweep GC freed 3(96B) AllocSpace objects, 0(0B) LOS objects, 30% free, 36MB/52MB, paused 618us total 20.598ms
08-04 13:08:21.959 12398 12411 I art     : Starting a blocking GC Explicit
08-04 13:08:21.980 12398 12411 I art     : Explicit concurrent mark sweep GC freed 3(96B) AllocSpace objects, 0(0B) LOS objects, 30% free, 36MB/52MB, paused 604us total 20.617ms
08-04 13:08:21.987 12398 12411 I art     : Starting a blocking GC Explicit
08-04 13:08:22.008 12398 12411 I art     : Explicit concurrent mark sweep GC freed 3(96B) AllocSpace objects, 0(0B) LOS objects, 30% free, 36MB/52MB, paused 598us total 20.660ms
08-04 13:08:22.111 15734 15734 D AndroidRuntime: >>>>>> START com.android.internal.os.RuntimeInit uid 2000 <<<<<<
08-04 13:08:22.115 15734 15734 D AndroidRuntime: CheckJNI is OFF
08-04 13:08:22.140 15734 15734 D ICU     : No timezone override file found: /data/misc/zoneinfo/current/icu/icu_tzdata.dat
08-04 13:08:22.165 15734 15734 I Radio-JNI: register_android_hardware_Radio DONE
08-04 13:08:22.182 15734 15734 D AndroidRuntime: Calling main entry com.android.commands.input.Input
08-04 13:08:22.183 15734 15734 I Input   : injectKeyEvent: KeyEvent { action=ACTION_DOWN, keyCode=KEYCODE_BACK, scanCode=0, metaState=0, flags=0x0, repeatCount=0, eventTime=709718596, downTime=709718596, deviceId=-1, source=0x101 }
08-04 13:08:22.190 15734 15734 I Input   : injectKeyEvent: KeyEvent { action=ACTION_UP, keyCode=KEYCODE_BACK, scanCode=0, metaState=0, flags=0x0, repeatCount=0, eventTime=709718596, downTime=709718596, deviceId=-1, source=0x101 }
08-04 13:08:22.196 15734 15734 D AndroidRuntime: Shutting down VM
08-04 13:08:22.294 12398 12411 I art     : Starting a blocking GC Explicit
08-04 13:08:22.316 12398 12411 I art     : Explicit concurrent mark sweep GC freed 4043(326KB) AllocSpace objects, 9(180KB) LOS objects, 30% free, 36MB/52MB, paused 750us total 22.292ms
08-04 13:08:22.323 12398 12411 I art     : Starting a blocking GC Explicit
08-04 13:08:22.326 13866 13866 I GoogleInputMethodServic: GoogleInputMethodService.onFinishInput():3138 
08-04 13:08:22.327 13866 13866 I GoogleInputMethodServic: GoogleInputMethodService.onStartInput():1808 
08-04 13:08:22.344 12398 12411 I art     : Explicit concurrent mark sweep GC freed 731(47KB) AllocSpace objects, 1(20KB) LOS objects, 30% free, 36MB/52MB, paused 698us total 20.584ms
08-04 13:08:22.352 12398 12411 I art     : Starting a blocking GC Explicit
08-04 13:08:22.372 12398 12411 I art     : Explicit concurrent mark sweep GC freed 52(2128B) AllocSpace objects, 0(0B) LOS objects, 30% free, 36MB/52MB, paused 591us total 20.247ms
08-04 13:08:22.379 12398 12411 I art     : Starting a blocking GC Explicit
08-04 13:08:22.399 12398 12411 I art     : Explicit concurrent mark sweep GC freed 3(96B) AllocSpace objects, 1(28KB) LOS objects, 30% free, 36MB/52MB, paused 641us total 19.314ms
08-04 13:08:22.406 12398 12411 I art     : Starting a blocking GC Explicit
08-04 13:08:22.426 12398 12411 I art     : Explicit concurrent mark sweep GC freed 3(96B) AllocSpace objects, 0(0B) LOS objects, 30% free, 36MB/52MB, paused 594us total 19.864ms
08-04 13:08:22.645   918  3261 D WifiStateMachine: starting scan for "H369AA63323"WPA_PSK with 2412,5180
08-04 13:08:22.696 12398 15139 I art     : Starting a blocking GC Explicit
08-04 13:08:22.722 12398 15139 I art     : Explicit concurrent mark sweep GC freed 3446(202KB) AllocSpace objects, 3(140KB) LOS objects, 30% free, 36MB/52MB, paused 923us total 25.327ms
08-04 13:08:22.731 12398 15139 I art     : Starting a blocking GC Explicit
08-04 13:08:22.757 12398 15139 I art     : Explicit concurrent mark sweep GC freed 2145(84KB) AllocSpace objects, 0(0B) LOS objects, 30% free, 36MB/52MB, paused 823us total 25.856ms
08-04 13:08:22.765 12398 15139 I art     : Starting a blocking GC Explicit
08-04 13:08:22.776 12398 15761 I NAPPA_EXPERIMENTATION: MetricNetworkRequestExecutionTime: REQUEST_DURATION_SYSTEM='478',REQUEST_DURATION_OKHTTP='32',REQUEST_SYNCHRONOUS='TRUE',RESPONSE_CODE='200',RESPONSE_METHOD='GET',RESPONSE_LENGTH_OKHTTP='-1',RESPONSE_LENGTH_HEADER='12364',REQUEST_PROTOCOL='http/1.1',REQUEST_URL='https://www.newsblur.com/social/river_stories?order=newest&page=2&read_filter=all&global_feed=true',
08-04 13:08:22.776 12398 15761 D MY_TAG  : 0, 478
08-04 13:08:22.788 12398 15139 I art     : Explicit concurrent mark sweep GC freed 733(115KB) AllocSpace objects, 1(80KB) LOS objects, 30% free, 36MB/52MB, paused 718us total 22.598ms
08-04 13:08:22.796 12398 15139 I art     : Starting a blocking GC Explicit
08-04 13:08:22.827 12398 15139 I art     : Explicit concurrent mark sweep GC freed 11667(590KB) AllocSpace objects, 4(196KB) LOS objects, 30% free, 37MB/53MB, paused 957us total 31.718ms
08-04 13:08:22.834 12398 15139 I art     : Starting a blocking GC Explicit
08-04 13:08:22.860 12398 15139 I art     : Explicit concurrent mark sweep GC freed 16868(1126KB) AllocSpace objects, 13(260KB) LOS objects, 30% free, 37MB/53MB, paused 932us total 25.200ms
08-04 13:08:22.860 12398 12410 I art     : WaitForGcToComplete blocked for 13.212ms for cause HeapTrim
08-04 13:08:23.182 12398 12411 I art     : Starting a blocking GC Explicit
08-04 13:08:23.207 12398 12411 I art     : Explicit concurrent mark sweep GC freed 6567(605KB) AllocSpace objects, 16(404KB) LOS objects, 30% free, 36MB/52MB, paused 626us total 24.711ms
08-04 13:08:23.216 12398 12411 I art     : Starting a blocking GC Explicit
08-04 13:08:23.239 12398 12411 I art     : Explicit concurrent mark sweep GC freed 2266(195KB) AllocSpace objects, 0(0B) LOS objects, 30% free, 36MB/52MB, paused 666us total 23.399ms
08-04 13:08:23.248 12398 12411 I art     : Starting a blocking GC Explicit
08-04 13:08:23.271 12398 12411 I art     : Explicit concurrent mark sweep GC freed 7(224B) AllocSpace objects, 0(0B) LOS objects, 30% free, 36MB/52MB, paused 614us total 22.157ms
08-04 13:08:23.279 12398 12411 I art     : Starting a blocking GC Explicit
08-04 13:08:23.300 12398 12411 I art     : Explicit concurrent mark sweep GC freed 6(192B) AllocSpace objects, 0(0B) LOS objects, 30% free, 36MB/52MB, paused 624us total 20.802ms
08-04 13:08:23.306 12398 12411 I art     : Starting a blocking GC Explicit
08-04 13:08:23.328 12398 12411 I art     : Explicit concurrent mark sweep GC freed 6(192B) AllocSpace objects, 0(0B) LOS objects, 30% free, 36MB/52MB, paused 641us total 21.081ms
08-04 13:08:23.600 12398 15139 I art     : Starting a blocking GC Explicit
08-04 13:08:23.627 12398 15139 I art     : Explicit concurrent mark sweep GC freed 1437(82KB) AllocSpace objects, 1(20KB) LOS objects, 30% free, 36MB/52MB, paused 904us total 26.769ms
08-04 13:08:23.635 12398 15139 I art     : Starting a blocking GC Explicit
08-04 13:08:23.662 12398 15139 I art     : Explicit concurrent mark sweep GC freed 25(864B) AllocSpace objects, 0(0B) LOS objects, 30% free, 36MB/52MB, paused 830us total 26.767ms
08-04 13:08:23.669 12398 15139 I art     : Starting a blocking GC Explicit
08-04 13:08:23.690 12398 15139 I art     : Explicit concurrent mark sweep GC freed 6(192B) AllocSpace objects, 0(0B) LOS objects, 30% free, 36MB/52MB, paused 657us total 20.907ms
08-04 13:08:23.698 12398 15139 I art     : Starting a blocking GC Explicit
08-04 13:08:23.719 12398 15139 I art     : Explicit concurrent mark sweep GC freed 6(192B) AllocSpace objects, 0(0B) LOS objects, 30% free, 36MB/52MB, paused 874us total 21.237ms
08-04 13:08:23.727 12398 15139 I art     : Starting a blocking GC Explicit
08-04 13:08:23.748 12398 15139 I art     : Explicit concurrent mark sweep GC freed 5(160B) AllocSpace objects, 0(0B) LOS objects, 30% free, 36MB/52MB, paused 639us total 20.977ms
08-04 13:08:23.786 15787 15787 D AndroidRuntime: >>>>>> START com.android.internal.os.RuntimeInit uid 2000 <<<<<<
08-04 13:08:23.790 15787 15787 D AndroidRuntime: CheckJNI is OFF
08-04 13:08:23.815 15787 15787 D ICU     : No timezone override file found: /data/misc/zoneinfo/current/icu/icu_tzdata.dat
08-04 13:08:23.841 15787 15787 I Radio-JNI: register_android_hardware_Radio DONE
08-04 13:08:23.857 15787 15787 D AndroidRuntime: Calling main entry com.android.commands.input.Input
08-04 13:08:23.859 15787 15787 I Input   : injectMotionEvent: MotionEvent { action=ACTION_DOWN, actionButton=0, id[0]=0, x[0]=435.0, y[0]=858.0, toolType[0]=TOOL_TYPE_UNKNOWN, buttonState=0, metaState=0, flags=0x0, edgeFlags=0x0, pointerCount=1, historySize=0, eventTime=709720272, downTime=709720272, deviceId=0, source=0x1002 }
08-04 13:08:23.865 15787 15787 I Input   : injectMotionEvent: MotionEvent { action=ACTION_UP, actionButton=0, id[0]=0, x[0]=435.0, y[0]=858.0, toolType[0]=TOOL_TYPE_UNKNOWN, buttonState=0, metaState=0, flags=0x0, edgeFlags=0x0, pointerCount=1, historySize=0, eventTime=709720272, downTime=709720272, deviceId=0, source=0x1002 }
08-04 13:08:23.867 15787 15787 D AndroidRuntime: Shutting down VM
08-04 13:08:23.875   918  3696 I ActivityManager: START u0 {cmp=baseline.com.newsblur/.activity.GlobalSharedStoriesReading (has extras)} from uid 10652 on display 0
08-04 13:08:23.878   512  2967 D audio_hw_primary: out_set_parameters: enter: usecase(1: low-latency-playback) kvpairs: routing=2
08-04 13:08:23.891   512  2967 D audio_hw_primary: select_devices: out_snd_device(2: speaker) in_snd_device(0: none)
08-04 13:08:23.891   512  2967 D msm8974_platform: platform_send_audio_calibration: sending audio calibration for snd_device(2) acdb_id(15)
08-04 13:08:23.891   512  2967 I soundtrigger: audio_extn_sound_trigger_update_device_status: device 0x2 of type 0 for Event 1
08-04 13:08:23.903   512  2967 D audio_hw_primary: enable_snd_device: snd_device(2: speaker)
08-04 13:08:23.905   512  2967 D audio_hw_primary: enable_audio_route: apply and update mixer path: low-latency-playback speaker
08-04 13:08:23.984   518   646 I ThermalEngine: ACTION: GPU - Setting GPU[0] to 510000000
08-04 13:08:23.997 12398 12411 I art     : Starting a blocking GC Explicit
08-04 13:08:24.027 12398 12411 I art     : Explicit concurrent mark sweep GC freed 3243(266KB) AllocSpace objects, 7(568KB) LOS objects, 30% free, 36MB/52MB, paused 995us total 29.774ms
08-04 13:08:24.034   918   936 I ActivityManager: Displayed baseline.com.newsblur/.activity.GlobalSharedStoriesReading: +150ms
08-04 13:08:24.034 13866 13866 I GoogleInputMethodServic: GoogleInputMethodService.onFinishInput():3138 
08-04 13:08:24.035 13866 13866 I GoogleInputMethodServic: GoogleInputMethodService.onStartInput():1808 
08-04 13:08:24.037 12398 12411 I art     : Starting a blocking GC Explicit
08-04 13:08:24.066 12398 12411 I art     : Explicit concurrent mark sweep GC freed 1373(84KB) AllocSpace objects, 1(20KB) LOS objects, 30% free, 36MB/52MB, paused 1.180ms total 28.613ms
08-04 13:08:24.075 12398 12411 I art     : Starting a blocking GC Explicit
08-04 13:08:24.105 12398 12411 I art     : Explicit concurrent mark sweep GC freed 1059(70KB) AllocSpace objects, 1(20KB) LOS objects, 30% free, 37MB/53MB, paused 1.256ms total 30.037ms
08-04 13:08:24.115 12398 12411 I art     : Starting a blocking GC Explicit
08-04 13:08:24.145 12398 12411 I art     : Explicit concurrent mark sweep GC freed 1160(62KB) AllocSpace objects, 1(20KB) LOS objects, 29% free, 37MB/53MB, paused 892us total 29.762ms
08-04 13:08:24.155 12398 12411 I art     : Starting a blocking GC Explicit
08-04 13:08:24.185 12398 12411 I art     : Explicit concurrent mark sweep GC freed 854(88KB) AllocSpace objects, 7(168KB) LOS objects, 29% free, 37MB/53MB, paused 1.008ms total 29.953ms
08-04 13:08:24.302 12398 15480 E chromium: [ERROR:tile_manager.cc(793)] WARNING: tile memory limits exceeded, some content may not draw
08-04 13:08:24.303 12398 15480 E chromium: [ERROR:tile_manager.cc(793)] WARNING: tile memory limits exceeded, some content may not draw
08-04 13:08:24.443   512  2967 D audio_hw_primary: disable_audio_route: reset and update mixer path: low-latency-playback speaker
08-04 13:08:24.445   512  2967 D audio_hw_primary: disable_snd_device: snd_device(2: speaker)
08-04 13:08:24.456 12398 15763 I art     : Starting a blocking GC Explicit
08-04 13:08:24.457   512  2967 I soundtrigger: audio_extn_sound_trigger_update_device_status: device 0x2 of type 0 for Event 0
08-04 13:08:24.491 12398 15763 I art     : Explicit concurrent mark sweep GC freed 6078(477KB) AllocSpace objects, 13(284KB) LOS objects, 29% free, 37MB/53MB, paused 926us total 34.311ms
08-04 13:08:24.501 12398 15763 I art     : Starting a blocking GC Explicit
08-04 13:08:24.534 12398 15763 I art     : Explicit concurrent mark sweep GC freed 1064(50KB) AllocSpace objects, 0(0B) LOS objects, 29% free, 37MB/53MB, paused 974us total 32.109ms
08-04 13:08:24.543 12398 15763 I art     : Starting a blocking GC Explicit
08-04 13:08:24.574 12398 15763 I art     : Explicit concurrent mark sweep GC freed 3(96B) AllocSpace objects, 0(0B) LOS objects, 29% free, 37MB/53MB, paused 864us total 31.027ms
08-04 13:08:24.585 12398 15763 I art     : Starting a blocking GC Explicit
08-04 13:08:24.618 12398 15763 I art     : Explicit concurrent mark sweep GC freed 3(96B) AllocSpace objects, 0(0B) LOS objects, 29% free, 37MB/53MB, paused 1.184ms total 32.723ms
08-04 13:08:24.628 12398 15763 I art     : Starting a blocking GC Explicit
08-04 13:08:24.660 12398 15763 I art     : Explicit concurrent mark sweep GC freed 3(96B) AllocSpace objects, 0(0B) LOS objects, 29% free, 37MB/53MB, paused 878us total 32.221ms
08-04 13:08:24.749 12398 15821 E baseline.com.newsblur.network.APIResponse: Error (unexpected end of stream on https://www.newsblur.com/...) calling https://www.newsblur.com/reader/mark_story_hashes_as_read/
08-04 13:08:24.749 12398 15821 E baseline.com.newsblur.network.APIResponse: java.io.IOException: unexpected end of stream on https://www.newsblur.com/...
08-04 13:08:24.749 12398 15821 E baseline.com.newsblur.network.APIResponse: 	at okhttp3.internal.http1.Http1ExchangeCodec.readResponseHeaders(Http1ExchangeCodec.java:236)
08-04 13:08:24.749 12398 15821 E baseline.com.newsblur.network.APIResponse: 	at okhttp3.internal.connection.Exchange.readResponseHeaders(Exchange.java:115)
08-04 13:08:24.749 12398 15821 E baseline.com.newsblur.network.APIResponse: 	at okhttp3.internal.http.CallServerInterceptor.intercept(CallServerInterceptor.java:94)
08-04 13:08:24.749 12398 15821 E baseline.com.newsblur.network.APIResponse: 	at okhttp3.internal.http.RealInterceptorChain.proceed(RealInterceptorChain.java:142)
08-04 13:08:24.749 12398 15821 E baseline.com.newsblur.network.APIResponse: 	at okhttp3.internal.connection.ConnectInterceptor.intercept(ConnectInterceptor.java:43)
08-04 13:08:24.749 12398 15821 E baseline.com.newsblur.network.APIResponse: 	at okhttp3.internal.http.RealInterceptorChain.proceed(RealInterceptorChain.java:142)
08-04 13:08:24.749 12398 15821 E baseline.com.newsblur.network.APIResponse: 	at okhttp3.internal.http.RealInterceptorChain.proceed(RealInterceptorChain.java:117)
08-04 13:08:24.749 12398 15821 E baseline.com.newsblur.network.APIResponse: 	at okhttp3.internal.cache.CacheInterceptor.intercept(CacheInterceptor.java:94)
08-04 13:08:24.749 12398 15821 E baseline.com.newsblur.network.APIResponse: 	at okhttp3.internal.http.RealInterceptorChain.proceed(RealInterceptorChain.java:142)
08-04 13:08:24.749 12398 15821 E baseline.com.newsblur.network.APIResponse: 	at okhttp3.internal.http.RealInterceptorChain.proceed(RealInterceptorChain.java:117)
08-04 13:08:24.749 12398 15821 E baseline.com.newsblur.network.APIResponse: 	at okhttp3.internal.http.BridgeInterceptor.intercept(BridgeInterceptor.java:93)
08-04 13:08:24.749 12398 15821 E baseline.com.newsblur.network.APIResponse: 	at okhttp3.internal.http.RealInterceptorChain.proceed(RealInterceptorChain.java:142)
08-04 13:08:24.749 12398 15821 E baseline.com.newsblur.network.APIResponse: 	at okhttp3.internal.http.RetryAndFollowUpInterceptor.intercept(RetryAndFollowUpInterceptor.java:88)
08-04 13:08:24.749 12398 15821 E baseline.com.newsblur.network.APIResponse: 	at okhttp3.internal.http.RealInterceptorChain.proceed(RealInterceptorChain.java:142)
08-04 13:08:24.749 12398 15821 E baseline.com.newsblur.network.APIResponse: 	at okhttp3.internal.http.RealInterceptorChain.proceed(RealInterceptorChain.java:117)
08-04 13:08:24.749 12398 15821 E baseline.com.newsblur.network.APIResponse: 	at okhttp3.RealCall.getResponseWithInterceptorChain(RealCall.java:229)
08-04 13:08:24.749 12398 15821 E baseline.com.newsblur.network.APIResponse: 	at okhttp3.RealCall.execute(RealCall.java:81)
08-04 13:08:24.749 12398 15821 E baseline.com.newsblur.network.APIResponse: 	at baseline.com.newsblur.network.APIResponse.<init>(APIResponse.java:57)
08-04 13:08:24.749 12398 15821 E baseline.com.newsblur.network.APIResponse: 	at baseline.com.newsblur.network.APIResponse.<init>(APIResponse.java:43)
08-04 13:08:24.749 12398 15821 E baseline.com.newsblur.network.APIResponse: 	at baseline.com.newsblur.network.APIManager.post_single(APIManager.java:702)
08-04 13:08:24.749 12398 15821 E baseline.com.newsblur.network.APIResponse: 	at baseline.com.newsblur.network.APIManager.post(APIManager.java:675)
08-04 13:08:24.749 12398 15821 E baseline.com.newsblur.network.APIResponse: 	at baseline.com.newsblur.network.APIManager.post(APIManager.java:714)
08-04 13:08:24.749 12398 15821 E baseline.com.newsblur.network.APIResponse: 	at baseline.com.newsblur.network.APIManager.markStoryAsRead(APIManager.java:205)
08-04 13:08:24.749 12398 15821 E baseline.com.newsblur.network.APIResponse: 	at baseline.com.newsblur.util.ReadingAction.doRemote(ReadingAction.java:281)
08-04 13:08:24.749 12398 15821 E baseline.com.newsblur.network.APIResponse: 	at baseline.com.newsblur.service.NBSyncService.syncActions(NBSyncService.java:400)
08-04 13:08:24.749 12398 15821 E baseline.com.newsblur.network.APIResponse: 	at baseline.com.newsblur.service.NBSyncService.doSync(NBSyncService.java:298)
08-04 13:08:24.749 12398 15821 E baseline.com.newsblur.network.APIResponse: 	at baseline.com.newsblur.service.NBSyncService.access$100(NBSyncService.java:67)
08-04 13:08:24.749 12398 15821 E baseline.com.newsblur.network.APIResponse: 	at baseline.com.newsblur.service.NBSyncService$1.run(NBSyncService.java:188)
08-04 13:08:24.749 12398 15821 E baseline.com.newsblur.network.APIResponse: 	at java.util.concurrent.ThreadPoolExecutor.runWorker(ThreadPoolExecutor.java:1113)
08-04 13:08:24.749 12398 15821 E baseline.com.newsblur.network.APIResponse: 	at java.util.concurrent.ThreadPoolExecutor$Worker.run(ThreadPoolExecutor.java:588)
08-04 13:08:24.749 12398 15821 E baseline.com.newsblur.network.APIResponse: 	at java.lang.Thread.run(Thread.java:818)
08-04 13:08:24.749 12398 15821 E baseline.com.newsblur.network.APIResponse: Caused by: java.io.EOFException: \n not found: limit=0 content=
08-04 13:08:24.749 12398 15821 E baseline.com.newsblur.network.APIResponse: 	at okio.RealBufferedSource.readUtf8LineStrict(RealBufferedSource.java:240)
08-04 13:08:24.749 12398 15821 E baseline.com.newsblur.network.APIResponse: 	at okhttp3.internal.http1.Http1ExchangeCodec.readHeaderLine(Http1ExchangeCodec.java:242)
08-04 13:08:24.749 12398 15821 E baseline.com.newsblur.network.APIResponse: 	at okhttp3.internal.http1.Http1ExchangeCodec.readResponseHeaders(Http1ExchangeCodec.java:213)
08-04 13:08:24.749 12398 15821 E baseline.com.newsblur.network.APIResponse: 	... 30 more
08-04 13:08:24.750 12398 15821 I baseline.com.newsblur.network.APIManager: API call failed, pausing before retry number 1
08-04 13:08:24.985 12398 15763 I art     : Starting a blocking GC Explicit
08-04 13:08:25.022 12398 15763 I art     : Explicit concurrent mark sweep GC freed 4651(415KB) AllocSpace objects, 6(260KB) LOS objects, 29% free, 37MB/53MB, paused 925us total 36.284ms
08-04 13:08:25.032 12398 15763 I art     : Starting a blocking GC Explicit
08-04 13:08:25.066 12398 15763 I art     : Explicit concurrent mark sweep GC freed 993(118KB) AllocSpace objects, 0(0B) LOS objects, 29% free, 37MB/53MB, paused 1.175ms total 33.227ms
08-04 13:08:25.076 12398 15763 I art     : Starting a blocking GC Explicit
08-04 13:08:25.106 12398 15763 I art     : Explicit concurrent mark sweep GC freed 22(880B) AllocSpace objects, 0(0B) LOS objects, 29% free, 37MB/53MB, paused 867us total 28.884ms
08-04 13:08:25.115 12398 15763 I art     : Starting a blocking GC Explicit
08-04 13:08:25.143 12398 15763 I art     : Explicit concurrent mark sweep GC freed 25(1360B) AllocSpace objects, 0(0B) LOS objects, 29% free, 37MB/53MB, paused 809us total 28.208ms
08-04 13:08:25.153 12398 15763 I art     : Starting a blocking GC Explicit
08-04 13:08:25.184 12398 15763 I art     : Explicit concurrent mark sweep GC freed 9(320B) AllocSpace objects, 0(0B) LOS objects, 29% free, 37MB/53MB, paused 967us total 31.301ms
08-04 13:08:25.325 12398 15480 E chromium: [ERROR:tile_manager.cc(793)] WARNING: tile memory limits exceeded, some content may not draw
08-04 13:08:25.326 12398 15480 E chromium: [ERROR:tile_manager.cc(793)] WARNING: tile memory limits exceeded, some content may not draw
08-04 13:08:25.356 12398 15480 E chromium: [ERROR:tile_manager.cc(793)] WARNING: tile memory limits exceeded, some content may not draw
08-04 13:08:25.356 12398 15480 E chromium: [ERROR:tile_manager.cc(793)] WARNING: tile memory limits exceeded, some content may not draw
08-04 13:08:25.373 12398 15480 E chromium: [ERROR:tile_manager.cc(793)] WARNING: tile memory limits exceeded, some content may not draw
08-04 13:08:25.373 12398 15480 E chromium: [ERROR:tile_manager.cc(793)] WARNING: tile memory limits exceeded, some content may not draw
08-04 13:08:25.500 12398 12414 I art     : Starting a blocking GC Explicit
08-04 13:08:25.537 12398 12414 I art     : Explicit concurrent mark sweep GC freed 1582(88KB) AllocSpace objects, 1(20KB) LOS objects, 29% free, 37MB/53MB, paused 932us total 36.220ms
08-04 13:08:25.547 12398 12414 I art     : Starting a blocking GC Explicit
08-04 13:08:25.580 12398 12414 I art     : Explicit concurrent mark sweep GC freed 35(1200B) AllocSpace objects, 0(0B) LOS objects, 29% free, 37MB/53MB, paused 872us total 32.449ms
08-04 13:08:25.590 12398 12414 I art     : Starting a blocking GC Explicit
08-04 13:08:25.623 12398 12414 I art     : Explicit concurrent mark sweep GC freed 3(96B) AllocSpace objects, 0(0B) LOS objects, 29% free, 37MB/53MB, paused 1.027ms total 32.368ms
08-04 13:08:25.633 12398 12414 I art     : Starting a blocking GC Explicit
08-04 13:08:25.666 12398 12414 I art     : Explicit concurrent mark sweep GC freed 3(96B) AllocSpace objects, 0(0B) LOS objects, 29% free, 37MB/53MB, paused 907us total 32.973ms
08-04 13:08:25.675 12398 12414 I art     : Starting a blocking GC Explicit
08-04 13:08:25.705 12398 12414 I art     : Explicit concurrent mark sweep GC freed 3(96B) AllocSpace objects, 0(0B) LOS objects, 29% free, 37MB/53MB, paused 966us total 29.438ms
08-04 13:08:26.045 12398 12411 I art     : Starting a blocking GC Explicit
08-04 13:08:26.081 12398 12411 I art     : Explicit concurrent mark sweep GC freed 1440(83KB) AllocSpace objects, 1(20KB) LOS objects, 29% free, 37MB/53MB, paused 861us total 35.094ms
08-04 13:08:26.092 12398 12411 I art     : Starting a blocking GC Explicit
08-04 13:08:26.125 12398 12411 I art     : Explicit concurrent mark sweep GC freed 22(784B) AllocSpace objects, 0(0B) LOS objects, 29% free, 37MB/53MB, paused 849us total 32.757ms
08-04 13:08:26.135 12398 12411 I art     : Starting a blocking GC Explicit
08-04 13:08:26.166 12398 12411 I art     : Explicit concurrent mark sweep GC freed 3(96B) AllocSpace objects, 0(0B) LOS objects, 29% free, 37MB/53MB, paused 1.022ms total 31.290ms
08-04 13:08:26.176 12398 12411 I art     : Starting a blocking GC Explicit
08-04 13:08:26.208 12398 12411 I art     : Explicit concurrent mark sweep GC freed 3(96B) AllocSpace objects, 0(0B) LOS objects, 29% free, 37MB/53MB, paused 886us total 31.996ms
08-04 13:08:26.219 12398 12411 I art     : Starting a blocking GC Explicit
08-04 13:08:26.249 12398 12411 I art     : Explicit concurrent mark sweep GC freed 3(96B) AllocSpace objects, 0(0B) LOS objects, 29% free, 37MB/53MB, paused 937us total 30.634ms
08-04 13:08:26.607 12398 12411 I art     : Starting a blocking GC Explicit
08-04 13:08:26.644 12398 12411 I art     : Explicit concurrent mark sweep GC freed 1606(91KB) AllocSpace objects, 1(20KB) LOS objects, 29% free, 37MB/53MB, paused 1.036ms total 35.886ms
08-04 13:08:26.655 12398 12411 I art     : Starting a blocking GC Explicit
08-04 13:08:26.687 12398 12411 I art     : Explicit concurrent mark sweep GC freed 28(1040B) AllocSpace objects, 0(0B) LOS objects, 29% free, 37MB/53MB, paused 942us total 30.984ms
08-04 13:08:26.696 12398 12411 I art     : Starting a blocking GC Explicit
08-04 13:08:26.727 12398 12411 I art     : Explicit concurrent mark sweep GC freed 3(96B) AllocSpace objects, 0(0B) LOS objects, 29% free, 37MB/53MB, paused 959us total 31.209ms
08-04 13:08:26.737 12398 12411 I art     : Starting a blocking GC Explicit
08-04 13:08:26.770 12398 12411 I art     : Explicit concurrent mark sweep GC freed 1565(61KB) AllocSpace objects, 0(0B) LOS objects, 29% free, 37MB/53MB, paused 1.016ms total 32.480ms
08-04 13:08:26.780 12398 12411 I art     : Starting a blocking GC Explicit
08-04 13:08:26.785 12398 15821 E baseline.com.newsblur.network.APIResponse: Error (unexpected end of stream on https://www.newsblur.com/...) calling https://www.newsblur.com/reader/mark_story_hashes_as_read/
08-04 13:08:26.785 12398 15821 E baseline.com.newsblur.network.APIResponse: java.io.IOException: unexpected end of stream on https://www.newsblur.com/...
08-04 13:08:26.785 12398 15821 E baseline.com.newsblur.network.APIResponse: 	at okhttp3.internal.http1.Http1ExchangeCodec.readResponseHeaders(Http1ExchangeCodec.java:236)
08-04 13:08:26.785 12398 15821 E baseline.com.newsblur.network.APIResponse: 	at okhttp3.internal.connection.Exchange.readResponseHeaders(Exchange.java:115)
08-04 13:08:26.785 12398 15821 E baseline.com.newsblur.network.APIResponse: 	at okhttp3.internal.http.CallServerInterceptor.intercept(CallServerInterceptor.java:94)
08-04 13:08:26.785 12398 15821 E baseline.com.newsblur.network.APIResponse: 	at okhttp3.internal.http.RealInterceptorChain.proceed(RealInterceptorChain.java:142)
08-04 13:08:26.785 12398 15821 E baseline.com.newsblur.network.APIResponse: 	at okhttp3.internal.connection.ConnectInterceptor.intercept(ConnectInterceptor.java:43)
08-04 13:08:26.785 12398 15821 E baseline.com.newsblur.network.APIResponse: 	at okhttp3.internal.http.RealInterceptorChain.proceed(RealInterceptorChain.java:142)
08-04 13:08:26.785 12398 15821 E baseline.com.newsblur.network.APIResponse: 	at okhttp3.internal.http.RealInterceptorChain.proceed(RealInterceptorChain.java:117)
08-04 13:08:26.785 12398 15821 E baseline.com.newsblur.network.APIResponse: 	at okhttp3.internal.cache.CacheInterceptor.intercept(CacheInterceptor.java:94)
08-04 13:08:26.785 12398 15821 E baseline.com.newsblur.network.APIResponse: 	at okhttp3.internal.http.RealInterceptorChain.proceed(RealInterceptorChain.java:142)
08-04 13:08:26.785 12398 15821 E baseline.com.newsblur.network.APIResponse: 	at okhttp3.internal.http.RealInterceptorChain.proceed(RealInterceptorChain.java:117)
08-04 13:08:26.785 12398 15821 E baseline.com.newsblur.network.APIResponse: 	at okhttp3.internal.http.BridgeInterceptor.intercept(BridgeInterceptor.java:93)
08-04 13:08:26.785 12398 15821 E baseline.com.newsblur.network.APIResponse: 	at okhttp3.internal.http.RealInterceptorChain.proceed(RealInterceptorChain.java:142)
08-04 13:08:26.785 12398 15821 E baseline.com.newsblur.network.APIResponse: 	at okhttp3.internal.http.RetryAndFollowUpInterceptor.intercept(RetryAndFollowUpInterceptor.java:88)
08-04 13:08:26.785 12398 15821 E baseline.com.newsblur.network.APIResponse: 	at okhttp3.internal.http.RealInterceptorChain.proceed(RealInterceptorChain.java:142)
08-04 13:08:26.785 12398 15821 E baseline.com.newsblur.network.APIResponse: 	at okhttp3.internal.http.RealInterceptorChain.proceed(RealInterceptorChain.java:117)
08-04 13:08:26.785 12398 15821 E baseline.com.newsblur.network.APIResponse: 	at okhttp3.RealCall.getResponseWithInterceptorChain(RealCall.java:229)
08-04 13:08:26.785 12398 15821 E baseline.com.newsblur.network.APIResponse: 	at okhttp3.RealCall.execute(RealCall.java:81)
08-04 13:08:26.785 12398 15821 E baseline.com.newsblur.network.APIResponse: 	at baseline.com.newsblur.network.APIResponse.<init>(APIResponse.java:57)
08-04 13:08:26.785 12398 15821 E baseline.com.newsblur.network.APIResponse: 	at baseline.com.newsblur.network.APIResponse.<init>(APIResponse.java:43)
08-04 13:08:26.785 12398 15821 E baseline.com.newsblur.network.APIResponse: 	at baseline.com.newsblur.network.APIManager.post_single(APIManager.java:702)
08-04 13:08:26.785 12398 15821 E baseline.com.newsblur.network.APIResponse: 	at baseline.com.newsblur.network.APIManager.post(APIManager.java:675)
08-04 13:08:26.785 12398 15821 E baseline.com.newsblur.network.APIResponse: 	at baseline.com.newsblur.network.APIManager.post(APIManager.java:714)
08-04 13:08:26.785 12398 15821 E baseline.com.newsblur.network.APIResponse: 	at baseline.com.newsblur.network.APIManager.markStoryAsRead(APIManager.java:205)
08-04 13:08:26.785 12398 15821 E baseline.com.newsblur.network.APIResponse: 	at baseline.com.newsblur.util.ReadingAction.doRemote(ReadingAction.java:281)
08-04 13:08:26.785 12398 15821 E baseline.com.newsblur.network.APIResponse: 	at baseline.com.newsblur.service.NBSyncService.syncActions(NBSyncService.java:400)
08-04 13:08:26.785 12398 15821 E baseline.com.newsblur.network.APIResponse: 	at baseline.com.newsblur.service.NBSyncService.doSync(NBSyncService.java:298)
08-04 13:08:26.785 12398 15821 E baseline.com.newsblur.network.APIResponse: 	at baseline.com.newsblur.service.NBSyncService.access$100(NBSyncService.java:67)
08-04 13:08:26.785 12398 15821 E baseline.com.newsblur.network.APIResponse: 	at baseline.com.newsblur.service.NBSyncService$1.run(NBSyncService.java:188)
08-04 13:08:26.785 12398 15821 E baseline.com.newsblur.network.APIResponse: 	at java.util.concurrent.ThreadPoolExecutor.runWorker(ThreadPoolExecutor.java:1113)
08-04 13:08:26.785 12398 15821 E baseline.com.newsblur.network.APIResponse: 	at java.util.concurrent.ThreadPoolExecutor$Worker.run(ThreadPoolExecutor.java:588)
08-04 13:08:26.785 12398 15821 E baseline.com.newsblur.network.APIResponse: 	at java.lang.Thread.run(Thread.java:818)
08-04 13:08:26.785 12398 15821 E baseline.com.newsblur.network.APIResponse: Caused by: java.io.EOFException: \n not found: limit=0 content=
08-04 13:08:26.785 12398 15821 E baseline.com.newsblur.network.APIResponse: 	at okio.RealBufferedSource.readUtf8LineStrict(RealBufferedSource.java:240)
08-04 13:08:26.785 12398 15821 E baseline.com.newsblur.network.APIResponse: 	at okhttp3.internal.http1.Http1ExchangeCodec.readHeaderLine(Http1ExchangeCodec.java:242)
08-04 13:08:26.785 12398 15821 E baseline.com.newsblur.network.APIResponse: 	at okhttp3.internal.http1.Http1ExchangeCodec.readResponseHeaders(Http1ExchangeCodec.java:213)
08-04 13:08:26.785 12398 15821 E baseline.com.newsblur.network.APIResponse: 	... 30 more
08-04 13:08:26.787 12398 15821 I baseline.com.newsblur.network.APIManager: API call failed, pausing before retry number 2
08-04 13:08:26.812 12398 12411 I art     : Explicit concurrent mark sweep GC freed 910(199KB) AllocSpace objects, 2(40KB) LOS objects, 29% free, 37MB/53MB, paused 831us total 31.931ms
08-04 13:08:27.159 12398 12414 I art     : Starting a blocking GC Explicit
08-04 13:08:27.195 12398 12414 I art     : Explicit concurrent mark sweep GC freed 1542(99KB) AllocSpace objects, 1(20KB) LOS objects, 29% free, 37MB/53MB, paused 885us total 36.122ms
08-04 13:08:27.207 12398 12414 I art     : Starting a blocking GC Explicit
08-04 13:08:27.242 12398 12414 I art     : Explicit concurrent mark sweep GC freed 39(1360B) AllocSpace objects, 0(0B) LOS objects, 29% free, 37MB/53MB, paused 905us total 34.590ms
08-04 13:08:27.253 12398 12414 I art     : Starting a blocking GC Explicit
08-04 13:08:27.286 12398 12414 I art     : Explicit concurrent mark sweep GC freed 3(96B) AllocSpace objects, 0(0B) LOS objects, 29% free, 37MB/53MB, paused 932us total 32.872ms
08-04 13:08:27.295 12398 12414 I art     : Starting a blocking GC Explicit
08-04 13:08:27.327 13866 13882 I PeriodicStatsRunner: PeriodicStatsRunner.call():175 call()
08-04 13:08:27.327 12398 12414 I art     : Explicit concurrent mark sweep GC freed 3(96B) AllocSpace objects, 0(0B) LOS objects, 29% free, 37MB/53MB, paused 928us total 31.729ms
08-04 13:08:27.327 13866 13882 I PeriodicStatsRunner: PeriodicStatsRunner.call():179 No submit PeriodicStats since input started.
08-04 13:08:27.338 12398 12414 I art     : Starting a blocking GC Explicit
08-04 13:08:27.371 12398 12414 I art     : Explicit concurrent mark sweep GC freed 3(96B) AllocSpace objects, 0(0B) LOS objects, 29% free, 37MB/53MB, paused 1.049ms total 33.323ms
08-04 13:08:27.709 12398 12414 I art     : Starting a blocking GC Explicit
08-04 13:08:27.745 12398 12414 I art     : Explicit concurrent mark sweep GC freed 1440(83KB) AllocSpace objects, 1(20KB) LOS objects, 29% free, 37MB/53MB, paused 866us total 35.973ms
08-04 13:08:27.757 12398 12414 I art     : Starting a blocking GC Explicit
08-04 13:08:27.791 12398 12414 I art     : Explicit concurrent mark sweep GC freed 22(784B) AllocSpace objects, 0(0B) LOS objects, 29% free, 37MB/53MB, paused 917us total 34.337ms
08-04 13:08:27.802 12398 12414 I art     : Starting a blocking GC Explicit
08-04 13:08:27.834 12398 12414 I art     : Explicit concurrent mark sweep GC freed 3(96B) AllocSpace objects, 0(0B) LOS objects, 29% free, 37MB/53MB, paused 957us total 32.127ms
08-04 13:08:27.844 12398 12414 I art     : Starting a blocking GC Explicit
08-04 13:08:27.876 12398 12414 I art     : Explicit concurrent mark sweep GC freed 3(96B) AllocSpace objects, 0(0B) LOS objects, 29% free, 37MB/53MB, paused 906us total 31.963ms
08-04 13:08:27.886 12398 12414 I art     : Starting a blocking GC Explicit
08-04 13:08:27.919 12398 12414 I art     : Explicit concurrent mark sweep GC freed 3(96B) AllocSpace objects, 0(0B) LOS objects, 29% free, 37MB/53MB, paused 983us total 32.560ms
08-04 13:08:28.248 12398 12411 I art     : Starting a blocking GC Explicit
08-04 13:08:28.282 12398 12411 I art     : Explicit concurrent mark sweep GC freed 1439(82KB) AllocSpace objects, 1(20KB) LOS objects, 29% free, 37MB/53MB, paused 1.058ms total 33.447ms
08-04 13:08:28.292 12398 12411 I art     : Starting a blocking GC Explicit
08-04 13:08:28.324 12398 12411 I art     : Explicit concurrent mark sweep GC freed 22(784B) AllocSpace objects, 0(0B) LOS objects, 29% free, 37MB/53MB, paused 1.013ms total 32.077ms
08-04 13:08:28.334 12398 12411 I art     : Starting a blocking GC Explicit
08-04 13:08:28.364 12398 12411 I art     : Explicit concurrent mark sweep GC freed 3(96B) AllocSpace objects, 0(0B) LOS objects, 29% free, 37MB/53MB, paused 887us total 29.820ms
08-04 13:08:28.374 12398 12411 I art     : Starting a blocking GC Explicit
08-04 13:08:28.406 12398 12411 I art     : Explicit concurrent mark sweep GC freed 3(96B) AllocSpace objects, 0(0B) LOS objects, 29% free, 37MB/53MB, paused 871us total 32.133ms
08-04 13:08:28.416 12398 12411 I art     : Starting a blocking GC Explicit
08-04 13:08:28.445 12398 12411 I art     : Explicit concurrent mark sweep GC freed 3(96B) AllocSpace objects, 0(0B) LOS objects, 29% free, 37MB/53MB, paused 865us total 28.758ms
08-04 13:08:28.526 15897 15897 D AndroidRuntime: >>>>>> START com.android.internal.os.RuntimeInit uid 2000 <<<<<<
08-04 13:08:28.531 15897 15897 D AndroidRuntime: CheckJNI is OFF
08-04 13:08:28.563 15897 15897 D ICU     : No timezone override file found: /data/misc/zoneinfo/current/icu/icu_tzdata.dat
08-04 13:08:28.594 15897 15897 I Radio-JNI: register_android_hardware_Radio DONE
08-04 13:08:28.616 15897 15897 D AndroidRuntime: Calling main entry com.android.commands.input.Input
08-04 13:08:28.618 15897 15897 I Input   : injectKeyEvent: KeyEvent { action=ACTION_DOWN, keyCode=KEYCODE_BACK, scanCode=0, metaState=0, flags=0x0, repeatCount=0, eventTime=709725031, downTime=709725031, deviceId=-1, source=0x101 }
08-04 13:08:28.626 15897 15897 I Input   : injectKeyEvent: KeyEvent { action=ACTION_UP, keyCode=KEYCODE_BACK, scanCode=0, metaState=0, flags=0x0, repeatCount=0, eventTime=709725031, downTime=709725031, deviceId=-1, source=0x101 }
08-04 13:08:28.633 15897 15897 D AndroidRuntime: Shutting down VM
08-04 13:08:28.759 12398 12414 I art     : Starting a blocking GC Explicit
08-04 13:08:28.767 13866 13866 I GoogleInputMethodServic: GoogleInputMethodService.onFinishInput():3138 
08-04 13:08:28.768 13866 13866 I GoogleInputMethodServic: GoogleInputMethodService.onStartInput():1808 
08-04 13:08:28.796 12398 12414 I art     : Explicit concurrent mark sweep GC freed 2859(225KB) AllocSpace objects, 5(100KB) LOS objects, 29% free, 37MB/53MB, paused 958us total 37.487ms
08-04 13:08:28.806 12398 12414 I art     : Starting a blocking GC Explicit
08-04 13:08:28.839 12398 12414 I art     : Explicit concurrent mark sweep GC freed 782(58KB) AllocSpace objects, 1(20KB) LOS objects, 29% free, 37MB/53MB, paused 1.037ms total 31.732ms
08-04 13:08:28.849 12398 12414 I art     : Starting a blocking GC Explicit
08-04 13:08:28.877 12398 12414 I art     : Explicit concurrent mark sweep GC freed 8(544B) AllocSpace objects, 0(0B) LOS objects, 29% free, 37MB/53MB, paused 991us total 28.011ms
08-04 13:08:28.886 12398 12414 I art     : Starting a blocking GC Explicit
08-04 13:08:28.915 12398 12414 I art     : Explicit concurrent mark sweep GC freed 3(96B) AllocSpace objects, 1(28KB) LOS objects, 29% free, 37MB/53MB, paused 815us total 28.071ms
08-04 13:08:28.924 12398 12414 I art     : Starting a blocking GC Explicit
08-04 13:08:28.943   918   930 I UsageStatsService: User[0] Flushing usage stats to disk
08-04 13:08:28.957 12398 12414 I art     : Explicit concurrent mark sweep GC freed 3(96B) AllocSpace objects, 0(0B) LOS objects, 29% free, 37MB/53MB, paused 854us total 32.976ms
08-04 13:08:29.035 13866 13882 I PeriodicStatsRunner: PeriodicStatsRunner.call():175 call()
08-04 13:08:29.035 13866 13882 I PeriodicStatsRunner: PeriodicStatsRunner.call():179 No submit PeriodicStats since input started.
08-04 13:08:29.264 12398 15763 I art     : Starting a blocking GC Explicit
08-04 13:08:29.302 12398 15763 I art     : Explicit concurrent mark sweep GC freed 3137(163KB) AllocSpace objects, 1(20KB) LOS objects, 29% free, 37MB/53MB, paused 955us total 37.551ms
08-04 13:08:29.313 12398 15763 I art     : Starting a blocking GC Explicit
08-04 13:08:29.348 12398 15763 I art     : Explicit concurrent mark sweep GC freed 155(7KB) AllocSpace objects, 0(0B) LOS objects, 29% free, 37MB/53MB, paused 1.277ms total 34.521ms
08-04 13:08:29.358 12398 15763 I art     : Starting a blocking GC Explicit
08-04 13:08:29.396 12398 15763 I art     : Explicit concurrent mark sweep GC freed 10(320B) AllocSpace objects, 0(0B) LOS objects, 29% free, 37MB/53MB, paused 1.098ms total 37.460ms
08-04 13:08:29.407 12398 15763 I art     : Starting a blocking GC Explicit
08-04 13:08:29.444 12398 15763 I art     : Explicit concurrent mark sweep GC freed 8(256B) AllocSpace objects, 0(0B) LOS objects, 29% free, 37MB/53MB, paused 963us total 36.665ms
08-04 13:08:29.456 12398 15763 I art     : Starting a blocking GC Explicit
08-04 13:08:29.493 12398 15763 I art     : Explicit concurrent mark sweep GC freed 9(288B) AllocSpace objects, 0(0B) LOS objects, 29% free, 37MB/53MB, paused 976us total 37.033ms
08-04 13:08:29.824 12398 12411 I art     : Starting a blocking GC Explicit
08-04 13:08:29.864 12398 12411 I art     : Explicit concurrent mark sweep GC freed 1574(87KB) AllocSpace objects, 1(20KB) LOS objects, 29% free, 37MB/53MB, paused 1.063ms total 39.562ms
08-04 13:08:29.876 12398 12411 I art     : Starting a blocking GC Explicit
08-04 13:08:29.910 12398 12411 I art     : Explicit concurrent mark sweep GC freed 45(1760B) AllocSpace objects, 0(0B) LOS objects, 29% free, 37MB/53MB, paused 1.027ms total 34.264ms
08-04 13:08:29.920 12398 12411 I art     : Starting a blocking GC Explicit
08-04 13:08:29.952 12398 12411 I art     : Explicit concurrent mark sweep GC freed 72(5KB) AllocSpace objects, 0(0B) LOS objects, 29% free, 37MB/53MB, paused 984us total 31.408ms
08-04 13:08:29.961 12398 12411 I art     : Starting a blocking GC Explicit
08-04 13:08:29.992 12398 12411 I art     : Explicit concurrent mark sweep GC freed 10(336B) AllocSpace objects, 0(0B) LOS objects, 29% free, 37MB/53MB, paused 1.037ms total 31.190ms
08-04 13:08:29.995   518   646 I ThermalEngine: ACTION: GPU - Setting GPU[0] to 450000000
08-04 13:08:30.006 12398 12411 I art     : Starting a blocking GC Explicit
08-04 13:08:30.045 12398 12411 I art     : Explicit concurrent mark sweep GC freed 11(352B) AllocSpace objects, 0(0B) LOS objects, 29% free, 37MB/53MB, paused 1.240ms total 39.163ms
08-04 13:08:30.354 12398 15821 E baseline.com.newsblur.network.APIResponse: Error (unexpected end of stream on https://www.newsblur.com/...) calling https://www.newsblur.com/reader/mark_story_hashes_as_read/
08-04 13:08:30.354 12398 15821 E baseline.com.newsblur.network.APIResponse: java.io.IOException: unexpected end of stream on https://www.newsblur.com/...
08-04 13:08:30.354 12398 15821 E baseline.com.newsblur.network.APIResponse: 	at okhttp3.internal.http1.Http1ExchangeCodec.readResponseHeaders(Http1ExchangeCodec.java:236)
08-04 13:08:30.354 12398 15821 E baseline.com.newsblur.network.APIResponse: 	at okhttp3.internal.connection.Exchange.readResponseHeaders(Exchange.java:115)
08-04 13:08:30.354 12398 15821 E baseline.com.newsblur.network.APIResponse: 	at okhttp3.internal.http.CallServerInterceptor.intercept(CallServerInterceptor.java:94)
08-04 13:08:30.354 12398 15821 E baseline.com.newsblur.network.APIResponse: 	at okhttp3.internal.http.RealInterceptorChain.proceed(RealInterceptorChain.java:142)
08-04 13:08:30.354 12398 15821 E baseline.com.newsblur.network.APIResponse: 	at okhttp3.internal.connection.ConnectInterceptor.intercept(ConnectInterceptor.java:43)
08-04 13:08:30.354 12398 15821 E baseline.com.newsblur.network.APIResponse: 	at okhttp3.internal.http.RealInterceptorChain.proceed(RealInterceptorChain.java:142)
08-04 13:08:30.354 12398 15821 E baseline.com.newsblur.network.APIResponse: 	at okhttp3.internal.http.RealInterceptorChain.proceed(RealInterceptorChain.java:117)
08-04 13:08:30.354 12398 15821 E baseline.com.newsblur.network.APIResponse: 	at okhttp3.internal.cache.CacheInterceptor.intercept(CacheInterceptor.java:94)
08-04 13:08:30.354 12398 15821 E baseline.com.newsblur.network.APIResponse: 	at okhttp3.internal.http.RealInterceptorChain.proceed(RealInterceptorChain.java:142)
08-04 13:08:30.354 12398 15821 E baseline.com.newsblur.network.APIResponse: 	at okhttp3.internal.http.RealInterceptorChain.proceed(RealInterceptorChain.java:117)
08-04 13:08:30.354 12398 15821 E baseline.com.newsblur.network.APIResponse: 	at okhttp3.internal.http.BridgeInterceptor.intercept(BridgeInterceptor.java:93)
08-04 13:08:30.354 12398 15821 E baseline.com.newsblur.network.APIResponse: 	at okhttp3.internal.http.RealInterceptorChain.proceed(RealInterceptorChain.java:142)
08-04 13:08:30.354 12398 15821 E baseline.com.newsblur.network.APIResponse: 	at okhttp3.internal.http.RetryAndFollowUpInterceptor.intercept(RetryAndFollowUpInterceptor.java:88)
08-04 13:08:30.354 12398 15821 E baseline.com.newsblur.network.APIResponse: 	at okhttp3.internal.http.RealInterceptorChain.proceed(RealInterceptorChain.java:142)
08-04 13:08:30.354 12398 15821 E baseline.com.newsblur.network.APIResponse: 	at okhttp3.internal.http.RealInterceptorChain.proceed(RealInterceptorChain.java:117)
08-04 13:08:30.354 12398 15821 E baseline.com.newsblur.network.APIResponse: 	at okhttp3.RealCall.getResponseWithInterceptorChain(RealCall.java:229)
08-04 13:08:30.354 12398 15821 E baseline.com.newsblur.network.APIResponse: 	at okhttp3.RealCall.execute(RealCall.java:81)
08-04 13:08:30.354 12398 15821 E baseline.com.newsblur.network.APIResponse: 	at baseline.com.newsblur.network.APIResponse.<init>(APIResponse.java:57)
08-04 13:08:30.354 12398 15821 E baseline.com.newsblur.network.APIResponse: 	at baseline.com.newsblur.network.APIResponse.<init>(APIResponse.java:43)
08-04 13:08:30.354 12398 15821 E baseline.com.newsblur.network.APIResponse: 	at baseline.com.newsblur.network.APIManager.post_single(APIManager.java:702)
08-04 13:08:30.354 12398 15821 E baseline.com.newsblur.network.APIResponse: 	at baseline.com.newsblur.network.APIManager.post(APIManager.java:675)
08-04 13:08:30.354 12398 15821 E baseline.com.newsblur.network.APIResponse: 	at baseline.com.newsblur.network.APIManager.post(APIManager.java:714)
08-04 13:08:30.354 12398 15821 E baseline.com.newsblur.network.APIResponse: 	at baseline.com.newsblur.network.APIManager.markStoryAsRead(APIManager.java:205)
08-04 13:08:30.354 12398 15821 E baseline.com.newsblur.network.APIResponse: 	at baseline.com.newsblur.util.ReadingAction.doRemote(ReadingAction.java:281)
08-04 13:08:30.354 12398 15821 E baseline.com.newsblur.network.APIResponse: 	at baseline.com.newsblur.service.NBSyncService.syncActions(NBSyncService.java:400)
08-04 13:08:30.354 12398 15821 E baseline.com.newsblur.network.APIResponse: 	at baseline.com.newsblur.service.NBSyncService.doSync(NBSyncService.java:298)
08-04 13:08:30.354 12398 15821 E baseline.com.newsblur.network.APIResponse: 	at baseline.com.newsblur.service.NBSyncService.access$100(NBSyncService.java:67)
08-04 13:08:30.354 12398 15821 E baseline.com.newsblur.network.APIResponse: 	at baseline.com.newsblur.service.NBSyncService$1.run(NBSyncService.java:188)
08-04 13:08:30.354 12398 15821 E baseline.com.newsblur.network.APIResponse: 	at java.util.concurrent.ThreadPoolExecutor.runWorker(ThreadPoolExecutor.java:1113)
08-04 13:08:30.354 12398 15821 E baseline.com.newsblur.network.APIResponse: 	at java.util.concurrent.ThreadPoolExecutor$Worker.run(ThreadPoolExecutor.java:588)
08-04 13:08:30.354 12398 15821 E baseline.com.newsblur.network.APIResponse: 	at java.lang.Thread.run(Thread.java:818)
08-04 13:08:30.354 12398 15821 E baseline.com.newsblur.network.APIResponse: Caused by: java.io.EOFException: \n not found: limit=0 content=
08-04 13:08:30.354 12398 15821 E baseline.com.newsblur.network.APIResponse: 	at okio.RealBufferedSource.readUtf8LineStrict(RealBufferedSource.java:240)
08-04 13:08:30.354 12398 15821 E baseline.com.newsblur.network.APIResponse: 	at okhttp3.internal.http1.Http1ExchangeCodec.readHeaderLine(Http1ExchangeCodec.java:242)
08-04 13:08:30.354 12398 15821 E baseline.com.newsblur.network.APIResponse: 	at okhttp3.internal.http1.Http1ExchangeCodec.readResponseHeaders(Http1ExchangeCodec.java:213)
08-04 13:08:30.354 12398 15821 E baseline.com.newsblur.network.APIResponse: 	... 30 more
08-04 13:08:30.356 12398 15821 I baseline.com.newsblur.service.NBSyncService: Holding reading action with server-side or network error.
08-04 13:08:30.364 12398 15139 I art     : Starting a blocking GC Explicit
08-04 13:08:30.366 15952 15952 D AndroidRuntime: >>>>>> START com.android.internal.os.RuntimeInit uid 2000 <<<<<<
08-04 13:08:30.367 12398 15821 W baseline.com.newsblur.service.NBSyncService: hard API failure
08-04 13:08:30.372 15952 15952 D AndroidRuntime: CheckJNI is OFF
08-04 13:08:30.407 12398 15139 I art     : Explicit concurrent mark sweep GC freed 4358(406KB) AllocSpace objects, 5(100KB) LOS objects, 29% free, 37MB/53MB, paused 1.391ms total 42.239ms
08-04 13:08:30.417 15952 15952 D ICU     : No timezone override file found: /data/misc/zoneinfo/current/icu/icu_tzdata.dat
08-04 13:08:30.419 12398 15139 I art     : Starting a blocking GC Explicit
08-04 13:08:30.460 15952 15952 I Radio-JNI: register_android_hardware_Radio DONE
08-04 13:08:30.462 12398 15139 I art     : Explicit concurrent mark sweep GC freed 149(5KB) AllocSpace objects, 0(0B) LOS objects, 29% free, 37MB/53MB, paused 1.474ms total 43.027ms
08-04 13:08:30.475 12398 15139 I art     : Starting a blocking GC Explicit
08-04 13:08:30.491 15952 15952 D AndroidRuntime: Calling main entry com.android.commands.input.Input
08-04 13:08:30.492 15952 15952 I Input   : injectKeyEvent: KeyEvent { action=ACTION_DOWN, keyCode=KEYCODE_BACK, scanCode=0, metaState=0, flags=0x0, repeatCount=0, eventTime=709726905, downTime=709726905, deviceId=-1, source=0x101 }
08-04 13:08:30.500 15952 15952 I Input   : injectKeyEvent: KeyEvent { action=ACTION_UP, keyCode=KEYCODE_BACK, scanCode=0, metaState=0, flags=0x0, repeatCount=0, eventTime=709726905, downTime=709726905, deviceId=-1, source=0x101 }
08-04 13:08:30.506 15952 15952 D AndroidRuntime: Shutting down VM
08-04 13:08:30.515 12398 15139 I art     : Explicit concurrent mark sweep GC freed 70(15KB) AllocSpace objects, 1(20KB) LOS objects, 29% free, 37MB/53MB, paused 1.324ms total 39.666ms
08-04 13:08:30.527 12398 15139 I art     : Starting a blocking GC Explicit
08-04 13:08:30.565 12398 15139 I art     : Explicit concurrent mark sweep GC freed 287(51KB) AllocSpace objects, 3(60KB) LOS objects, 29% free, 37MB/53MB, paused 1.333ms total 38.130ms
08-04 13:08:30.578 12398 15139 I art     : Starting a blocking GC Explicit
08-04 13:08:30.619 12398 15139 I art     : Explicit concurrent mark sweep GC freed 24(960B) AllocSpace objects, 0(0B) LOS objects, 29% free, 37MB/53MB, paused 1.445ms total 40.613ms
08-04 13:08:30.684 13866 13866 I GoogleInputMethodServic: GoogleInputMethodService.onFinishInput():3138 
08-04 13:08:30.685 13866 13866 I GoogleInputMethodServic: GoogleInputMethodService.onStartInput():1808 
08-04 13:08:30.769 12398 15821 E baseline.com.newsblur.network.APIResponse: Error (unexpected end of stream on https://www.newsblur.com/...) calling https://www.newsblur.com/reader/mark_story_hashes_as_read/
08-04 13:08:30.769 12398 15821 E baseline.com.newsblur.network.APIResponse: java.io.IOException: unexpected end of stream on https://www.newsblur.com/...
08-04 13:08:30.769 12398 15821 E baseline.com.newsblur.network.APIResponse: 	at okhttp3.internal.http1.Http1ExchangeCodec.readResponseHeaders(Http1ExchangeCodec.java:236)
08-04 13:08:30.769 12398 15821 E baseline.com.newsblur.network.APIResponse: 	at okhttp3.internal.connection.Exchange.readResponseHeaders(Exchange.java:115)
08-04 13:08:30.769 12398 15821 E baseline.com.newsblur.network.APIResponse: 	at okhttp3.internal.http.CallServerInterceptor.intercept(CallServerInterceptor.java:94)
08-04 13:08:30.769 12398 15821 E baseline.com.newsblur.network.APIResponse: 	at okhttp3.internal.http.RealInterceptorChain.proceed(RealInterceptorChain.java:142)
08-04 13:08:30.769 12398 15821 E baseline.com.newsblur.network.APIResponse: 	at okhttp3.internal.connection.ConnectInterceptor.intercept(ConnectInterceptor.java:43)
08-04 13:08:30.769 12398 15821 E baseline.com.newsblur.network.APIResponse: 	at okhttp3.internal.http.RealInterceptorChain.proceed(RealInterceptorChain.java:142)
08-04 13:08:30.769 12398 15821 E baseline.com.newsblur.network.APIResponse: 	at okhttp3.internal.http.RealInterceptorChain.proceed(RealInterceptorChain.java:117)
08-04 13:08:30.769 12398 15821 E baseline.com.newsblur.network.APIResponse: 	at okhttp3.internal.cache.CacheInterceptor.intercept(CacheInterceptor.java:94)
08-04 13:08:30.769 12398 15821 E baseline.com.newsblur.network.APIResponse: 	at okhttp3.internal.http.RealInterceptorChain.proceed(RealInterceptorChain.java:142)
08-04 13:08:30.769 12398 15821 E baseline.com.newsblur.network.APIResponse: 	at okhttp3.internal.http.RealInterceptorChain.proceed(RealInterceptorChain.java:117)
08-04 13:08:30.769 12398 15821 E baseline.com.newsblur.network.APIResponse: 	at okhttp3.internal.http.BridgeInterceptor.intercept(BridgeInterceptor.java:93)
08-04 13:08:30.769 12398 15821 E baseline.com.newsblur.network.APIResponse: 	at okhttp3.internal.http.RealInterceptorChain.proceed(RealInterceptorChain.java:142)
08-04 13:08:30.769 12398 15821 E baseline.com.newsblur.network.APIResponse: 	at okhttp3.internal.http.RetryAndFollowUpInterceptor.intercept(RetryAndFollowUpInterceptor.java:88)
08-04 13:08:30.769 12398 15821 E baseline.com.newsblur.network.APIResponse: 	at okhttp3.internal.http.RealInterceptorChain.proceed(RealInterceptorChain.java:142)
08-04 13:08:30.769 12398 15821 E baseline.com.newsblur.network.APIResponse: 	at okhttp3.internal.http.RealInterceptorChain.proceed(RealInterceptorChain.java:117)
08-04 13:08:30.769 12398 15821 E baseline.com.newsblur.network.APIResponse: 	at okhttp3.RealCall.getResponseWithInterceptorChain(RealCall.java:229)
08-04 13:08:30.769 12398 15821 E baseline.com.newsblur.network.APIResponse: 	at okhttp3.RealCall.execute(RealCall.java:81)
08-04 13:08:30.769 12398 15821 E baseline.com.newsblur.network.APIResponse: 	at baseline.com.newsblur.network.APIResponse.<init>(APIResponse.java:57)
08-04 13:08:30.769 12398 15821 E baseline.com.newsblur.network.APIResponse: 	at baseline.com.newsblur.network.APIResponse.<init>(APIResponse.java:43)
08-04 13:08:30.769 12398 15821 E baseline.com.newsblur.network.APIResponse: 	at baseline.com.newsblur.network.APIManager.post_single(APIManager.java:702)
08-04 13:08:30.769 12398 15821 E baseline.com.newsblur.network.APIResponse: 	at baseline.com.newsblur.network.APIManager.post(APIManager.java:675)
08-04 13:08:30.769 12398 15821 E baseline.com.newsblur.network.APIResponse: 	at baseline.com.newsblur.network.APIManager.post(APIManager.java:714)
08-04 13:08:30.769 12398 15821 E baseline.com.newsblur.network.APIResponse: 	at baseline.com.newsblur.network.APIManager.markStoryAsRead(APIManager.java:205)
08-04 13:08:30.769 12398 15821 E baseline.com.newsblur.network.APIResponse: 	at baseline.com.newsblur.util.ReadingAction.doRemote(ReadingAction.java:281)
08-04 13:08:30.769 12398 15821 E baseline.com.newsblur.network.APIResponse: 	at baseline.com.newsblur.service.NBSyncService.syncActions(NBSyncService.java:400)
08-04 13:08:30.769 12398 15821 E baseline.com.newsblur.network.APIResponse: 	at baseline.com.newsblur.service.NBSyncService.doSync(NBSyncService.java:298)
08-04 13:08:30.769 12398 15821 E baseline.com.newsblur.network.APIResponse: 	at baseline.com.newsblur.service.NBSyncService.access$100(NBSyncService.java:67)
08-04 13:08:30.769 12398 15821 E baseline.com.newsblur.network.APIResponse: 	at baseline.com.newsblur.service.NBSyncService$1.run(NBSyncService.java:188)
08-04 13:08:30.769 12398 15821 E baseline.com.newsblur.network.APIResponse: 	at java.util.concurrent.ThreadPoolExecutor.runWorker(ThreadPoolExecutor.java:1113)
08-04 13:08:30.769 12398 15821 E baseline.com.newsblur.network.APIResponse: 	at java.util.concurrent.ThreadPoolExecutor$Worker.run(ThreadPoolExecutor.java:588)
08-04 13:08:30.769 12398 15821 E baseline.com.newsblur.network.APIResponse: 	at java.lang.Thread.run(Thread.java:818)
08-04 13:08:30.769 12398 15821 E baseline.com.newsblur.network.APIResponse: Caused by: java.io.EOFException: \n not found: limit=0 content=
08-04 13:08:30.769 12398 15821 E baseline.com.newsblur.network.APIResponse: 	at okio.RealBufferedSource.readUtf8LineStrict(RealBufferedSource.java:240)
08-04 13:08:30.769 12398 15821 E baseline.com.newsblur.network.APIResponse: 	at okhttp3.internal.http1.Http1ExchangeCodec.readHeaderLine(Http1ExchangeCodec.java:242)
08-04 13:08:30.769 12398 15821 E baseline.com.newsblur.network.APIResponse: 	at okhttp3.internal.http1.Http1ExchangeCodec.readResponseHeaders(Http1ExchangeCodec.java:213)
08-04 13:08:30.769 12398 15821 E baseline.com.newsblur.network.APIResponse: 	... 30 more
08-04 13:08:30.770 12398 15821 I baseline.com.newsblur.network.APIManager: API call failed, pausing before retry number 1
08-04 13:08:30.940 12398 15763 I art     : Starting a blocking GC Explicit
08-04 13:08:30.979 12398 15763 I art     : Explicit concurrent mark sweep GC freed 11803(868KB) AllocSpace objects, 11(220KB) LOS objects, 29% free, 37MB/53MB, paused 1.191ms total 39.211ms
08-04 13:08:30.991 12398 15763 I art     : Starting a blocking GC Explicit
08-04 13:08:31.028 12398 15763 I art     : Explicit concurrent mark sweep GC freed 294(11KB) AllocSpace objects, 0(0B) LOS objects, 29% free, 37MB/53MB, paused 1.239ms total 36.566ms
08-04 13:08:31.040 12398 15763 I art     : Starting a blocking GC Explicit
08-04 13:08:31.076 12398 15763 I art     : Explicit concurrent mark sweep GC freed 449(19KB) AllocSpace objects, 0(0B) LOS objects, 29% free, 37MB/53MB, paused 1.114ms total 36.420ms
08-04 13:08:31.088 12398 15763 I art     : Starting a blocking GC Explicit
08-04 13:08:31.126 12398 15763 I art     : Explicit concurrent mark sweep GC freed 125(6KB) AllocSpace objects, 0(0B) LOS objects, 29% free, 37MB/53MB, paused 1.159ms total 37.816ms
08-04 13:08:31.138 12398 15763 I art     : Starting a blocking GC Explicit
08-04 13:08:31.177 12398 15763 I art     : Explicit concurrent mark sweep GC freed 31(1120B) AllocSpace objects, 0(0B) LOS objects, 29% free, 37MB/53MB, paused 1.228ms total 38.553ms
08-04 13:08:31.530 12398 15139 I art     : Starting a blocking GC Explicit
08-04 13:08:31.574 12398 15139 I art     : Explicit concurrent mark sweep GC freed 1483(84KB) AllocSpace objects, 1(20KB) LOS objects, 29% free, 37MB/53MB, paused 1.311ms total 44.448ms
08-04 13:08:31.589 12398 15139 I art     : Starting a blocking GC Explicit
08-04 13:08:31.633 12398 15139 I art     : Explicit concurrent mark sweep GC freed 30(1056B) AllocSpace objects, 0(0B) LOS objects, 29% free, 37MB/53MB, paused 1.239ms total 44.134ms
08-04 13:08:31.646 12398 15139 I art     : Starting a blocking GC Explicit
08-04 13:08:31.688 12398 15139 I art     : Explicit concurrent mark sweep GC freed 9(288B) AllocSpace objects, 0(0B) LOS objects, 29% free, 37MB/53MB, paused 1.446ms total 41.035ms
08-04 13:08:31.700 12398 15139 I art     : Starting a blocking GC Explicit
08-04 13:08:31.741 12398 15139 I art     : Explicit concurrent mark sweep GC freed 9(288B) AllocSpace objects, 0(0B) LOS objects, 29% free, 37MB/53MB, paused 1.227ms total 41.135ms
08-04 13:08:31.755 12398 15139 I art     : Starting a blocking GC Explicit
08-04 13:08:31.794 12398 15139 I art     : Explicit concurrent mark sweep GC freed 9(288B) AllocSpace objects, 0(0B) LOS objects, 29% free, 37MB/53MB, paused 1.198ms total 38.023ms
08-04 13:08:32.138 12398 12414 I art     : Starting a blocking GC Explicit
08-04 13:08:32.183 12398 12414 I art     : Explicit concurrent mark sweep GC freed 1476(84KB) AllocSpace objects, 1(20KB) LOS objects, 29% free, 37MB/53MB, paused 1.342ms total 44.684ms
08-04 13:08:32.195 12398 12414 I art     : Starting a blocking GC Explicit
08-04 13:08:32.239 12398 12414 I art     : Explicit concurrent mark sweep GC freed 22(784B) AllocSpace objects, 0(0B) LOS objects, 29% free, 37MB/53MB, paused 1.340ms total 42.947ms
08-04 13:08:32.251 12398 12414 I art     : Starting a blocking GC Explicit
08-04 13:08:32.281 15998 15998 D AndroidRuntime: >>>>>> START com.android.internal.os.RuntimeInit uid 2000 <<<<<<
08-04 13:08:32.287 15998 15998 D AndroidRuntime: CheckJNI is OFF
08-04 13:08:32.296 12398 12414 I art     : Explicit concurrent mark sweep GC freed 94(3KB) AllocSpace objects, 0(0B) LOS objects, 29% free, 37MB/53MB, paused 1.499ms total 44.329ms
08-04 13:08:32.309 12398 12414 I art     : Starting a blocking GC Explicit
08-04 13:08:32.332 15998 15998 D ICU     : No timezone override file found: /data/misc/zoneinfo/current/icu/icu_tzdata.dat
08-04 13:08:32.352 12398 12414 I art     : Explicit concurrent mark sweep GC freed 9(352B) AllocSpace objects, 0(0B) LOS objects, 29% free, 37MB/53MB, paused 1.326ms total 42.840ms
08-04 13:08:32.364 12398 12414 I art     : Starting a blocking GC Explicit
08-04 13:08:32.379 15998 15998 I Radio-JNI: register_android_hardware_Radio DONE
08-04 13:08:32.406 12398 12414 I art     : Explicit concurrent mark sweep GC freed 3(96B) AllocSpace objects, 0(0B) LOS objects, 29% free, 37MB/53MB, paused 1.475ms total 41.144ms
08-04 13:08:32.409 15998 15998 D AndroidRuntime: Calling main entry com.android.commands.input.Input
08-04 13:08:32.411 15998 15998 I Input   : injectMotionEvent: MotionEvent { action=ACTION_DOWN, actionButton=0, id[0]=0, x[0]=594.0, y[0]=330.0, toolType[0]=TOOL_TYPE_UNKNOWN, buttonState=0, metaState=0, flags=0x0, edgeFlags=0x0, pointerCount=1, historySize=0, eventTime=709728823, downTime=709728823, deviceId=0, source=0x1002 }
08-04 13:08:32.419 15998 15998 I Input   : injectMotionEvent: MotionEvent { action=ACTION_UP, actionButton=0, id[0]=0, x[0]=594.0, y[0]=330.0, toolType[0]=TOOL_TYPE_UNKNOWN, buttonState=0, metaState=0, flags=0x0, edgeFlags=0x0, pointerCount=1, historySize=0, eventTime=709728823, downTime=709728823, deviceId=0, source=0x1002 }
08-04 13:08:32.420 15998 15998 D AndroidRuntime: Shutting down VM
08-04 13:08:32.488   918  5481 I ActivityManager: START u0 {cmp=baseline.com.newsblur/.activity.GlobalSharedStoriesItemsList (has extras)} from uid 10652 on display 0
08-04 13:08:32.513 12398 15138 I baseline.com.newsblur.database.BlurDatabaseHelper: reading session reset
08-04 13:08:32.701 12398 12398 W View    : requestLayout() improperly called by android.widget.FrameLayout{1dd4a10 V.E...... ......ID 0,0-1440,18 #7f07003f app:id/footer_view_inner} during layout: running second layout pass
08-04 13:08:32.702 12398 12398 W View    : requestLayout() improperly called by android.widget.FrameLayout{299909 V.E...... ......ID 0,0-1440,2091 #7f07003f app:id/footer_view_inner} during layout: running second layout pass
08-04 13:08:32.722   918   936 I ActivityManager: Displayed baseline.com.newsblur/.activity.GlobalSharedStoriesItemsList: +225ms
08-04 13:08:32.722 13866 13866 I GoogleInputMethodServic: GoogleInputMethodService.onFinishInput():3138 
08-04 13:08:32.722 13866 13866 I GoogleInputMethodServic: GoogleInputMethodService.onStartInput():1808 
08-04 13:08:32.728 12398 15987 I art     : Starting a blocking GC Explicit
08-04 13:08:32.776 12398 15987 I art     : Explicit concurrent mark sweep GC freed 5162(398KB) AllocSpace objects, 13(352KB) LOS objects, 29% free, 37MB/53MB, paused 1.920ms total 47.598ms
08-04 13:08:32.791 12398 15987 I art     : Starting a blocking GC Explicit
08-04 13:08:32.818 12398 16032 I NAPPA_EXPERIMENTATION: MetricNetworkRequestExecutionTime: REQUEST_DURATION_SYSTEM='34',REQUEST_DURATION_OKHTTP='32',REQUEST_SYNCHRONOUS='TRUE',RESPONSE_CODE='200',RESPONSE_METHOD='GET',RESPONSE_LENGTH_OKHTTP='43',RESPONSE_LENGTH_HEADER='43',REQUEST_PROTOCOL='http/1.1',REQUEST_URL='http://feeds.feedburner.com/~r/retort/~4/UffaFMiJbNs',
08-04 13:08:32.838 12398 15987 I art     : Explicit concurrent mark sweep GC freed 2692(135KB) AllocSpace objects, 2(40KB) LOS objects, 29% free, 37MB/53MB, paused 1.526ms total 46.820ms
08-04 13:08:32.839 12398 15821 E baseline.com.newsblur.network.APIResponse: Error (unexpected end of stream on https://www.newsblur.com/...) calling https://www.newsblur.com/reader/mark_story_hashes_as_read/
08-04 13:08:32.839 12398 15821 E baseline.com.newsblur.network.APIResponse: java.io.IOException: unexpected end of stream on https://www.newsblur.com/...
08-04 13:08:32.839 12398 15821 E baseline.com.newsblur.network.APIResponse: 	at okhttp3.internal.http1.Http1ExchangeCodec.readResponseHeaders(Http1ExchangeCodec.java:236)
08-04 13:08:32.839 12398 15821 E baseline.com.newsblur.network.APIResponse: 	at okhttp3.internal.connection.Exchange.readResponseHeaders(Exchange.java:115)
08-04 13:08:32.839 12398 15821 E baseline.com.newsblur.network.APIResponse: 	at okhttp3.internal.http.CallServerInterceptor.intercept(CallServerInterceptor.java:94)
08-04 13:08:32.839 12398 15821 E baseline.com.newsblur.network.APIResponse: 	at okhttp3.internal.http.RealInterceptorChain.proceed(RealInterceptorChain.java:142)
08-04 13:08:32.839 12398 15821 E baseline.com.newsblur.network.APIResponse: 	at okhttp3.internal.connection.ConnectInterceptor.intercept(ConnectInterceptor.java:43)
08-04 13:08:32.839 12398 15821 E baseline.com.newsblur.network.APIResponse: 	at okhttp3.internal.http.RealInterceptorChain.proceed(RealInterceptorChain.java:142)
08-04 13:08:32.839 12398 15821 E baseline.com.newsblur.network.APIResponse: 	at okhttp3.internal.http.RealInterceptorChain.proceed(RealInterceptorChain.java:117)
08-04 13:08:32.839 12398 15821 E baseline.com.newsblur.network.APIResponse: 	at okhttp3.internal.cache.CacheInterceptor.intercept(CacheInterceptor.java:94)
08-04 13:08:32.839 12398 15821 E baseline.com.newsblur.network.APIResponse: 	at okhttp3.internal.http.RealInterceptorChain.proceed(RealInterceptorChain.java:142)
08-04 13:08:32.839 12398 15821 E baseline.com.newsblur.network.APIResponse: 	at okhttp3.internal.http.RealInterceptorChain.proceed(RealInterceptorChain.java:117)
08-04 13:08:32.839 12398 15821 E baseline.com.newsblur.network.APIResponse: 	at okhttp3.internal.http.BridgeInterceptor.intercept(BridgeInterceptor.java:93)
08-04 13:08:32.839 12398 15821 E baseline.com.newsblur.network.APIResponse: 	at okhttp3.internal.http.RealInterceptorChain.proceed(RealInterceptorChain.java:142)
08-04 13:08:32.839 12398 15821 E baseline.com.newsblur.network.APIResponse: 	at okhttp3.internal.http.RetryAndFollowUpInterceptor.intercept(RetryAndFollowUpInterceptor.java:88)
08-04 13:08:32.839 12398 15821 E baseline.com.newsblur.network.APIResponse: 	at okhttp3.internal.http.RealInterceptorChain.proceed(RealInterceptorChain.java:142)
08-04 13:08:32.839 12398 15821 E baseline.com.newsblur.network.APIResponse: 	at okhttp3.internal.http.RealInterceptorChain.proceed(RealInterceptorChain.java:117)
08-04 13:08:32.839 12398 15821 E baseline.com.newsblur.network.APIResponse: 	at okhttp3.RealCall.getResponseWithInterceptorChain(RealCall.java:229)
08-04 13:08:32.839 12398 15821 E baseline.com.newsblur.network.APIResponse: 	at okhttp3.RealCall.execute(RealCall.java:81)
08-04 13:08:32.839 12398 15821 E baseline.com.newsblur.network.APIResponse: 	at baseline.com.newsblur.network.APIResponse.<init>(APIResponse.java:57)
08-04 13:08:32.839 12398 15821 E baseline.com.newsblur.network.APIResponse: 	at baseline.com.newsblur.network.APIResponse.<init>(APIResponse.java:43)
08-04 13:08:32.839 12398 15821 E baseline.com.newsblur.network.APIResponse: 	at baseline.com.newsblur.network.APIManager.post_single(APIManager.java:702)
08-04 13:08:32.839 12398 15821 E baseline.com.newsblur.network.APIResponse: 	at baseline.com.newsblur.network.APIManager.post(APIManager.java:675)
08-04 13:08:32.839 12398 15821 E baseline.com.newsblur.network.APIResponse: 	at baseline.com.newsblur.network.APIManager.post(APIManager.java:714)
08-04 13:08:32.839 12398 15821 E baseline.com.newsblur.network.APIResponse: 	at baseline.com.newsblur.network.APIManager.markStoryAsRead(APIManager.java:205)
08-04 13:08:32.839 12398 15821 E baseline.com.newsblur.network.APIResponse: 	at baseline.com.newsblur.util.ReadingAction.doRemote(ReadingAction.java:281)
08-04 13:08:32.839 12398 15821 E baseline.com.newsblur.network.APIResponse: 	at baseline.com.newsblur.service.NBSyncService.syncActions(NBSyncService.java:400)
08-04 13:08:32.839 12398 15821 E baseline.com.newsblur.network.APIResponse: 	at baseline.com.newsblur.service.NBSyncService.doSync(NBSyncService.java:298)
08-04 13:08:32.839 12398 15821 E baseline.com.newsblur.network.APIResponse: 	at baseline.com.newsblur.service.NBSyncService.access$100(NBSyncService.java:67)
08-04 13:08:32.839 12398 15821 E baseline.com.newsblur.network.APIResponse: 	at baseline.com.newsblur.service.NBSyncService$1.run(NBSyncService.java:188)
08-04 13:08:32.839 12398 15821 E baseline.com.newsblur.network.APIResponse: 	at java.util.concurrent.ThreadPoolExecutor.runWorker(ThreadPoolExecutor.java:1113)
08-04 13:08:32.839 12398 15821 E baseline.com.newsblur.network.APIResponse: 	at java.util.concurrent.ThreadPoolExecutor$Worker.run(ThreadPoolExecutor.java:588)
08-04 13:08:32.839 12398 15821 E baseline.com.newsblur.network.APIResponse: 	at java.lang.Thread.run(Thread.java:818)
08-04 13:08:32.839 12398 15821 E baseline.com.newsblur.network.APIResponse: Caused by: java.io.EOFException: \n not found: limit=0 content=
08-04 13:08:32.839 12398 15821 E baseline.com.newsblur.network.APIResponse: 	at okio.RealBufferedSource.readUtf8LineStrict(RealBufferedSource.java:240)
08-04 13:08:32.839 12398 15821 E baseline.com.newsblur.network.APIResponse: 	at okhttp3.internal.http1.Http1ExchangeCodec.readHeaderLine(Http1ExchangeCodec.java:242)
08-04 13:08:32.839 12398 15821 E baseline.com.newsblur.network.APIResponse: 	at okhttp3.internal.http1.Http1ExchangeCodec.readResponseHeaders(Http1ExchangeCodec.java:213)
08-04 13:08:32.839 12398 15821 E baseline.com.newsblur.network.APIResponse: 	... 30 more
08-04 13:08:32.840 12398 15821 I baseline.com.newsblur.network.APIManager: API call failed, pausing before retry number 2
08-04 13:08:32.850 12398 15987 I art     : Starting a blocking GC Explicit
08-04 13:08:32.889 12398 15987 I art     : Explicit concurrent mark sweep GC freed 1037(218KB) AllocSpace objects, 2(40KB) LOS objects, 29% free, 37MB/53MB, paused 1.288ms total 38.812ms
08-04 13:08:32.901 12398 15987 I art     : Starting a blocking GC Explicit
08-04 13:08:32.944 12398 15987 I art     : Explicit concurrent mark sweep GC freed 47(1792B) AllocSpace objects, 0(0B) LOS objects, 29% free, 37MB/53MB, paused 1.293ms total 42.339ms
08-04 13:08:32.957 12398 15987 I art     : Starting a blocking GC Explicit
08-04 13:08:33.000 12398 15987 I art     : Explicit concurrent mark sweep GC freed 166(18KB) AllocSpace objects, 1(20KB) LOS objects, 29% free, 37MB/53MB, paused 1.368ms total 42.747ms
08-04 13:08:33.356 12398 12414 I art     : Starting a blocking GC Explicit
08-04 13:08:33.403 12398 12414 I art     : Explicit concurrent mark sweep GC freed 1698(93KB) AllocSpace objects, 1(20KB) LOS objects, 29% free, 37MB/53MB, paused 1.381ms total 46.322ms
08-04 13:08:33.416 12398 12414 I art     : Starting a blocking GC Explicit
08-04 13:08:33.461 12398 12414 I art     : Explicit concurrent mark sweep GC freed 22(784B) AllocSpace objects, 0(0B) LOS objects, 29% free, 37MB/53MB, paused 1.346ms total 44.925ms
08-04 13:08:33.474 12398 12414 I art     : Starting a blocking GC Explicit
08-04 13:08:33.519 12398 12414 I art     : Explicit concurrent mark sweep GC freed 3(96B) AllocSpace objects, 0(0B) LOS objects, 29% free, 37MB/53MB, paused 1.421ms total 44.999ms
08-04 13:08:33.532 12398 12414 I art     : Starting a blocking GC Explicit
08-04 13:08:33.579 12398 12414 I art     : Explicit concurrent mark sweep GC freed 3(96B) AllocSpace objects, 0(0B) LOS objects, 29% free, 37MB/53MB, paused 1.376ms total 46.016ms
08-04 13:08:33.592 12398 12414 I art     : Starting a blocking GC Explicit
08-04 13:08:33.637 12398 12414 I art     : Explicit concurrent mark sweep GC freed 3(96B) AllocSpace objects, 0(0B) LOS objects, 29% free, 37MB/53MB, paused 1.364ms total 44.736ms
08-04 13:08:33.758 14234 14234 I ServiceManager: Waiting for service AtCmdFwd...
08-04 13:08:33.768 13866 13882 I PeriodicStatsRunner: PeriodicStatsRunner.call():175 call()
08-04 13:08:33.769 13866 13882 I PeriodicStatsRunner: PeriodicStatsRunner.call():179 No submit PeriodicStats since input started.
08-04 13:08:33.988 12398 15139 I art     : Starting a blocking GC Explicit
08-04 13:08:34.041 12398 15139 I art     : Explicit concurrent mark sweep GC freed 1460(83KB) AllocSpace objects, 1(20KB) LOS objects, 29% free, 37MB/53MB, paused 1.696ms total 53.303ms
08-04 13:08:34.055 12398 15139 I art     : Starting a blocking GC Explicit
08-04 13:08:34.103 12398 15139 I art     : Explicit concurrent mark sweep GC freed 30(1040B) AllocSpace objects, 0(0B) LOS objects, 29% free, 37MB/53MB, paused 1.275ms total 48.071ms
08-04 13:08:34.118 12398 15139 I art     : Starting a blocking GC Explicit
08-04 13:08:34.165 12398 15139 I art     : Explicit concurrent mark sweep GC freed 4(128B) AllocSpace objects, 0(0B) LOS objects, 29% free, 37MB/53MB, paused 1.350ms total 46.745ms
08-04 13:08:34.178 12398 15139 I art     : Starting a blocking GC Explicit
08-04 13:08:34.226 12398 15139 I art     : Explicit concurrent mark sweep GC freed 3(96B) AllocSpace objects, 0(0B) LOS objects, 29% free, 37MB/53MB, paused 1.433ms total 47.317ms
08-04 13:08:34.239 12398 15139 I art     : Starting a blocking GC Explicit
08-04 13:08:34.289 12398 15139 I art     : Explicit concurrent mark sweep GC freed 3(96B) AllocSpace objects, 0(0B) LOS objects, 29% free, 37MB/53MB, paused 1.446ms total 49.401ms
08-04 13:08:34.664 12398 12414 I art     : Starting a blocking GC Explicit
08-04 13:08:34.712 12398 12414 I art     : Explicit concurrent mark sweep GC freed 1440(82KB) AllocSpace objects, 1(20KB) LOS objects, 29% free, 37MB/53MB, paused 1.437ms total 48.188ms
08-04 13:08:34.726 12398 12414 I art     : Starting a blocking GC Explicit
08-04 13:08:34.759 14234 14234 I ServiceManager: Waiting for service AtCmdFwd...
08-04 13:08:34.774 12398 12414 I art     : Explicit concurrent mark sweep GC freed 22(784B) AllocSpace objects, 0(0B) LOS objects, 29% free, 37MB/53MB, paused 1.441ms total 48.453ms
08-04 13:08:34.788 12398 12414 I art     : Starting a blocking GC Explicit
08-04 13:08:34.835 12398 12414 I art     : Explicit concurrent mark sweep GC freed 3(96B) AllocSpace objects, 0(0B) LOS objects, 29% free, 37MB/53MB, paused 1.377ms total 46.629ms
08-04 13:08:34.848 12398 12414 I art     : Starting a blocking GC Explicit
08-04 13:08:34.899 12398 12414 I art     : Explicit concurrent mark sweep GC freed 3(96B) AllocSpace objects, 0(0B) LOS objects, 29% free, 37MB/53MB, paused 1.500ms total 50.255ms
08-04 13:08:34.917 12398 12414 I art     : Starting a blocking GC Explicit
08-04 13:08:34.962 12398 12414 I art     : Explicit concurrent mark sweep GC freed 3(96B) AllocSpace objects, 0(0B) LOS objects, 29% free, 37MB/53MB, paused 1.376ms total 45.257ms
08-04 13:08:35.007   518   646 I ThermalEngine: ACTION: GPU - Setting GPU[0] to 510000000
08-04 13:08:35.297 12398 12411 I art     : Starting a blocking GC Explicit
08-04 13:08:35.334 12398 12411 I art     : Explicit concurrent mark sweep GC freed 1441(83KB) AllocSpace objects, 1(20KB) LOS objects, 29% free, 37MB/53MB, paused 1.052ms total 36.415ms
08-04 13:08:35.344 12398 12411 I art     : Starting a blocking GC Explicit
08-04 13:08:35.380 12398 12411 I art     : Explicit concurrent mark sweep GC freed 22(784B) AllocSpace objects, 0(0B) LOS objects, 29% free, 37MB/53MB, paused 1.015ms total 35.355ms
08-04 13:08:35.390 12398 12411 I art     : Starting a blocking GC Explicit
08-04 13:08:35.426 12398 12411 I art     : Explicit concurrent mark sweep GC freed 3(96B) AllocSpace objects, 0(0B) LOS objects, 29% free, 37MB/53MB, paused 1.054ms total 36.190ms
08-04 13:08:35.437 12398 12411 I art     : Starting a blocking GC Explicit
08-04 13:08:35.472 12398 12411 I art     : Explicit concurrent mark sweep GC freed 3(96B) AllocSpace objects, 0(0B) LOS objects, 29% free, 37MB/53MB, paused 1.029ms total 35.567ms
08-04 13:08:35.482 12398 12411 I art     : Starting a blocking GC Explicit
08-04 13:08:35.519 12398 12411 I art     : Explicit concurrent mark sweep GC freed 3(96B) AllocSpace objects, 0(0B) LOS objects, 29% free, 37MB/53MB, paused 1.068ms total 36.889ms
08-04 13:08:35.688 13866 13882 I PeriodicStatsRunner: PeriodicStatsRunner.call():175 call()
08-04 13:08:35.690 13866 13882 I PeriodicStatsRunner: PeriodicStatsRunner.call():179 No submit PeriodicStats since input started.
08-04 13:08:35.759 14234 14234 I ServiceManager: Waiting for service AtCmdFwd...
08-04 13:08:35.870 12398 15987 I art     : Starting a blocking GC Explicit
08-04 13:08:35.910 12398 15987 I art     : Explicit concurrent mark sweep GC freed 1532(86KB) AllocSpace objects, 1(20KB) LOS objects, 29% free, 37MB/53MB, paused 1.537ms total 39.868ms
08-04 13:08:35.920 12398 15987 I art     : Starting a blocking GC Explicit
08-04 13:08:35.955 12398 15987 I art     : Explicit concurrent mark sweep GC freed 40(1600B) AllocSpace objects, 0(0B) LOS objects, 29% free, 37MB/53MB, paused 1.022ms total 34.490ms
08-04 13:08:35.965 12398 15987 I art     : Starting a blocking GC Explicit
08-04 13:08:36.001 12398 15987 I art     : Explicit concurrent mark sweep GC freed 65(4KB) AllocSpace objects, 0(0B) LOS objects, 29% free, 37MB/53MB, paused 1.084ms total 35.996ms
08-04 13:08:36.011 12398 15987 I art     : Starting a blocking GC Explicit
08-04 13:08:36.049 12398 15987 I art     : Explicit concurrent mark sweep GC freed 3(96B) AllocSpace objects, 0(0B) LOS objects, 29% free, 37MB/53MB, paused 1.130ms total 37.421ms
08-04 13:08:36.059 12398 15987 I art     : Starting a blocking GC Explicit
08-04 13:08:36.096 12398 15987 I art     : Explicit concurrent mark sweep GC freed 3(96B) AllocSpace objects, 0(0B) LOS objects, 29% free, 37MB/53MB, paused 1.091ms total 36.935ms
08-04 13:08:36.394 12398 15821 E baseline.com.newsblur.network.APIResponse: Error (unexpected end of stream on https://www.newsblur.com/...) calling https://www.newsblur.com/reader/mark_story_hashes_as_read/
08-04 13:08:36.394 12398 15821 E baseline.com.newsblur.network.APIResponse: java.io.IOException: unexpected end of stream on https://www.newsblur.com/...
08-04 13:08:36.394 12398 15821 E baseline.com.newsblur.network.APIResponse: 	at okhttp3.internal.http1.Http1ExchangeCodec.readResponseHeaders(Http1ExchangeCodec.java:236)
08-04 13:08:36.394 12398 15821 E baseline.com.newsblur.network.APIResponse: 	at okhttp3.internal.connection.Exchange.readResponseHeaders(Exchange.java:115)
08-04 13:08:36.394 12398 15821 E baseline.com.newsblur.network.APIResponse: 	at okhttp3.internal.http.CallServerInterceptor.intercept(CallServerInterceptor.java:94)
08-04 13:08:36.394 12398 15821 E baseline.com.newsblur.network.APIResponse: 	at okhttp3.internal.http.RealInterceptorChain.proceed(RealInterceptorChain.java:142)
08-04 13:08:36.394 12398 15821 E baseline.com.newsblur.network.APIResponse: 	at okhttp3.internal.connection.ConnectInterceptor.intercept(ConnectInterceptor.java:43)
08-04 13:08:36.394 12398 15821 E baseline.com.newsblur.network.APIResponse: 	at okhttp3.internal.http.RealInterceptorChain.proceed(RealInterceptorChain.java:142)
08-04 13:08:36.394 12398 15821 E baseline.com.newsblur.network.APIResponse: 	at okhttp3.internal.http.RealInterceptorChain.proceed(RealInterceptorChain.java:117)
08-04 13:08:36.394 12398 15821 E baseline.com.newsblur.network.APIResponse: 	at okhttp3.internal.cache.CacheInterceptor.intercept(CacheInterceptor.java:94)
08-04 13:08:36.394 12398 15821 E baseline.com.newsblur.network.APIResponse: 	at okhttp3.internal.http.RealInterceptorChain.proceed(RealInterceptorChain.java:142)
08-04 13:08:36.394 12398 15821 E baseline.com.newsblur.network.APIResponse: 	at okhttp3.internal.http.RealInterceptorChain.proceed(RealInterceptorChain.java:117)
08-04 13:08:36.394 12398 15821 E baseline.com.newsblur.network.APIResponse: 	at okhttp3.internal.http.BridgeInterceptor.intercept(BridgeInterceptor.java:93)
08-04 13:08:36.394 12398 15821 E baseline.com.newsblur.network.APIResponse: 	at okhttp3.internal.http.RealInterceptorChain.proceed(RealInterceptorChain.java:142)
08-04 13:08:36.394 12398 15821 E baseline.com.newsblur.network.APIResponse: 	at okhttp3.internal.http.RetryAndFollowUpInterceptor.intercept(RetryAndFollowUpInterceptor.java:88)
08-04 13:08:36.394 12398 15821 E baseline.com.newsblur.network.APIResponse: 	at okhttp3.internal.http.RealInterceptorChain.proceed(RealInterceptorChain.java:142)
08-04 13:08:36.394 12398 15821 E baseline.com.newsblur.network.APIResponse: 	at okhttp3.internal.http.RealInterceptorChain.proceed(RealInterceptorChain.java:117)
08-04 13:08:36.394 12398 15821 E baseline.com.newsblur.network.APIResponse: 	at okhttp3.RealCall.getResponseWithInterceptorChain(RealCall.java:229)
08-04 13:08:36.394 12398 15821 E baseline.com.newsblur.network.APIResponse: 	at okhttp3.RealCall.execute(RealCall.java:81)
08-04 13:08:36.394 12398 15821 E baseline.com.newsblur.network.APIResponse: 	at baseline.com.newsblur.network.APIResponse.<init>(APIResponse.java:57)
08-04 13:08:36.394 12398 15821 E baseline.com.newsblur.network.APIResponse: 	at baseline.com.newsblur.network.APIResponse.<init>(APIResponse.java:43)
08-04 13:08:36.394 12398 15821 E baseline.com.newsblur.network.APIResponse: 	at baseline.com.newsblur.network.APIManager.post_single(APIManager.java:702)
08-04 13:08:36.394 12398 15821 E baseline.com.newsblur.network.APIResponse: 	at baseline.com.newsblur.network.APIManager.post(APIManager.java:675)
08-04 13:08:36.394 12398 15821 E baseline.com.newsblur.network.APIResponse: 	at baseline.com.newsblur.network.APIManager.post(APIManager.java:714)
08-04 13:08:36.394 12398 15821 E baseline.com.newsblur.network.APIResponse: 	at baseline.com.newsblur.network.APIManager.markStoryAsRead(APIManager.java:205)
08-04 13:08:36.394 12398 15821 E baseline.com.newsblur.network.APIResponse: 	at baseline.com.newsblur.util.ReadingAction.doRemote(ReadingAction.java:281)
08-04 13:08:36.394 12398 15821 E baseline.com.newsblur.network.APIResponse: 	at baseline.com.newsblur.service.NBSyncService.syncActions(NBSyncService.java:400)
08-04 13:08:36.394 12398 15821 E baseline.com.newsblur.network.APIResponse: 	at baseline.com.newsblur.service.NBSyncService.doSync(NBSyncService.java:298)
08-04 13:08:36.394 12398 15821 E baseline.com.newsblur.network.APIResponse: 	at baseline.com.newsblur.service.NBSyncService.access$100(NBSyncService.java:67)
08-04 13:08:36.394 12398 15821 E baseline.com.newsblur.network.APIResponse: 	at baseline.com.newsblur.service.NBSyncService$1.run(NBSyncService.java:188)
08-04 13:08:36.394 12398 15821 E baseline.com.newsblur.network.APIResponse: 	at java.util.concurrent.ThreadPoolExecutor.runWorker(ThreadPoolExecutor.java:1113)
08-04 13:08:36.394 12398 15821 E baseline.com.newsblur.network.APIResponse: 	at java.util.concurrent.ThreadPoolExecutor$Worker.run(ThreadPoolExecutor.java:588)
08-04 13:08:36.394 12398 15821 E baseline.com.newsblur.network.APIResponse: 	at java.lang.Thread.run(Thread.java:818)
08-04 13:08:36.394 12398 15821 E baseline.com.newsblur.network.APIResponse: Caused by: java.io.EOFException: \n not found: limit=0 content=
08-04 13:08:36.394 12398 15821 E baseline.com.newsblur.network.APIResponse: 	at okio.RealBufferedSource.readUtf8LineStrict(RealBufferedSource.java:240)
08-04 13:08:36.394 12398 15821 E baseline.com.newsblur.network.APIResponse: 	at okhttp3.internal.http1.Http1ExchangeCodec.readHeaderLine(Http1ExchangeCodec.java:242)
08-04 13:08:36.394 12398 15821 E baseline.com.newsblur.network.APIResponse: 	at okhttp3.internal.http1.Http1ExchangeCodec.readResponseHeaders(Http1ExchangeCodec.java:213)
08-04 13:08:36.394 12398 15821 E baseline.com.newsblur.network.APIResponse: 	... 30 more
08-04 13:08:36.396 12398 15821 I baseline.com.newsblur.service.NBSyncService: Holding reading action with server-side or network error.
08-04 13:08:36.408 12398 15821 W baseline.com.newsblur.service.NBSyncService: hard API failure
08-04 13:08:36.419 12398 15821 I baseline.com.newsblur.service.NBSyncService: recounting dirty feed sets: 1
08-04 13:08:36.449 12398 15763 I art     : Starting a blocking GC Explicit
08-04 13:08:36.485 12398 15763 I art     : Explicit concurrent mark sweep GC freed 4767(429KB) AllocSpace objects, 5(100KB) LOS objects, 29% free, 37MB/53MB, paused 1.069ms total 36.036ms
08-04 13:08:36.495 12398 15763 I art     : Starting a blocking GC Explicit
08-04 13:08:36.531 12398 15763 I art     : Explicit concurrent mark sweep GC freed 282(10KB) AllocSpace objects, 0(0B) LOS objects, 29% free, 37MB/53MB, paused 946us total 35.668ms
08-04 13:08:36.541 12398 15763 I art     : Starting a blocking GC Explicit
08-04 13:08:36.577 12398 15763 I art     : Explicit concurrent mark sweep GC freed 3(96B) AllocSpace objects, 0(0B) LOS objects, 29% free, 37MB/53MB, paused 1.074ms total 35.476ms
08-04 13:08:36.587 12398 15763 I art     : Starting a blocking GC Explicit
08-04 13:08:36.623 12398 15763 I art     : Explicit concurrent mark sweep GC freed 3(96B) AllocSpace objects, 0(0B) LOS objects, 29% free, 37MB/53MB, paused 1.094ms total 35.931ms
08-04 13:08:36.633 12398 15763 I art     : Starting a blocking GC Explicit
08-04 13:08:36.669 12398 15763 I art     : Explicit concurrent mark sweep GC freed 3(96B) AllocSpace objects, 0(0B) LOS objects, 29% free, 37MB/53MB, paused 1.134ms total 35.720ms
08-04 13:08:36.760 14234 14234 I ServiceManager: Waiting for service AtCmdFwd...
08-04 13:08:36.820 12398 15821 E baseline.com.newsblur.network.APIResponse: Error (unexpected end of stream on https://www.newsblur.com/...) calling https://www.newsblur.com/reader/feed_unread_count?feed_id=0
08-04 13:08:36.820 12398 15821 E baseline.com.newsblur.network.APIResponse: java.io.IOException: unexpected end of stream on https://www.newsblur.com/...
08-04 13:08:36.820 12398 15821 E baseline.com.newsblur.network.APIResponse: 	at okhttp3.internal.http1.Http1ExchangeCodec.readResponseHeaders(Http1ExchangeCodec.java:236)
08-04 13:08:36.820 12398 15821 E baseline.com.newsblur.network.APIResponse: 	at okhttp3.internal.connection.Exchange.readResponseHeaders(Exchange.java:115)
08-04 13:08:36.820 12398 15821 E baseline.com.newsblur.network.APIResponse: 	at okhttp3.internal.http.CallServerInterceptor.intercept(CallServerInterceptor.java:94)
08-04 13:08:36.820 12398 15821 E baseline.com.newsblur.network.APIResponse: 	at okhttp3.internal.http.RealInterceptorChain.proceed(RealInterceptorChain.java:142)
08-04 13:08:36.820 12398 15821 E baseline.com.newsblur.network.APIResponse: 	at okhttp3.internal.connection.ConnectInterceptor.intercept(ConnectInterceptor.java:43)
08-04 13:08:36.820 12398 15821 E baseline.com.newsblur.network.APIResponse: 	at okhttp3.internal.http.RealInterceptorChain.proceed(RealInterceptorChain.java:142)
08-04 13:08:36.820 12398 15821 E baseline.com.newsblur.network.APIResponse: 	at okhttp3.internal.http.RealInterceptorChain.proceed(RealInterceptorChain.java:117)
08-04 13:08:36.820 12398 15821 E baseline.com.newsblur.network.APIResponse: 	at okhttp3.internal.cache.CacheInterceptor.intercept(CacheInterceptor.java:94)
08-04 13:08:36.820 12398 15821 E baseline.com.newsblur.network.APIResponse: 	at okhttp3.internal.http.RealInterceptorChain.proceed(RealInterceptorChain.java:142)
08-04 13:08:36.820 12398 15821 E baseline.com.newsblur.network.APIResponse: 	at okhttp3.internal.http.RealInterceptorChain.proceed(RealInterceptorChain.java:117)
08-04 13:08:36.820 12398 15821 E baseline.com.newsblur.network.APIResponse: 	at okhttp3.internal.http.BridgeInterceptor.intercept(BridgeInterceptor.java:93)
08-04 13:08:36.820 12398 15821 E baseline.com.newsblur.network.APIResponse: 	at okhttp3.internal.http.RealInterceptorChain.proceed(RealInterceptorChain.java:142)
08-04 13:08:36.820 12398 15821 E baseline.com.newsblur.network.APIResponse: 	at okhttp3.internal.http.RetryAndFollowUpInterceptor.intercept(RetryAndFollowUpInterceptor.java:88)
08-04 13:08:36.820 12398 15821 E baseline.com.newsblur.network.APIResponse: 	at okhttp3.internal.http.RealInterceptorChain.proceed(RealInterceptorChain.java:142)
08-04 13:08:36.820 12398 15821 E baseline.com.newsblur.network.APIResponse: 	at okhttp3.internal.http.RealInterceptorChain.proceed(RealInterceptorChain.java:117)
08-04 13:08:36.820 12398 15821 E baseline.com.newsblur.network.APIResponse: 	at okhttp3.RealCall.getResponseWithInterceptorChain(RealCall.java:229)
08-04 13:08:36.820 12398 15821 E baseline.com.newsblur.network.APIResponse: 	at okhttp3.RealCall.execute(RealCall.java:81)
08-04 13:08:36.820 12398 15821 E baseline.com.newsblur.network.APIResponse: 	at baseline.com.newsblur.network.APIResponse.<init>(APIResponse.java:57)
08-04 13:08:36.820 12398 15821 E baseline.com.newsblur.network.APIResponse: 	at baseline.com.newsblur.network.APIManager.get_single(APIManager.java:639)
08-04 13:08:36.820 12398 15821 E baseline.com.newsblur.network.APIResponse: 	at baseline.com.newsblur.network.APIManager.get(APIManager.java:625)
08-04 13:08:36.820 12398 15821 E baseline.com.newsblur.network.APIResponse: 	at baseline.com.newsblur.network.APIManager.get(APIManager.java:667)
08-04 13:08:36.820 12398 15821 E baseline.com.newsblur.network.APIResponse: 	at baseline.com.newsblur.network.APIManager.getFeedUnreadCounts(APIManager.java:274)
08-04 13:08:36.820 12398 15821 E baseline.com.newsblur.network.APIResponse: 	at baseline.com.newsblur.service.NBSyncService.checkRecounts(NBSyncService.java:660)
08-04 13:08:36.820 12398 15821 E baseline.com.newsblur.network.APIResponse: 	at baseline.com.newsblur.service.NBSyncService.doSync(NBSyncService.java:310)
08-04 13:08:36.820 12398 15821 E baseline.com.newsblur.network.APIResponse: 	at baseline.com.newsblur.service.NBSyncService.access$100(NBSyncService.java:67)
08-04 13:08:36.820 12398 15821 E baseline.com.newsblur.network.APIResponse: 	at baseline.com.newsblur.service.NBSyncService$1.run(NBSyncService.java:188)
08-04 13:08:36.820 12398 15821 E baseline.com.newsblur.network.APIResponse: 	at java.util.concurrent.ThreadPoolExecutor.runWorker(ThreadPoolExecutor.java:1113)
08-04 13:08:36.820 12398 15821 E baseline.com.newsblur.network.APIResponse: 	at java.util.concurrent.ThreadPoolExecutor$Worker.run(ThreadPoolExecutor.java:588)
08-04 13:08:36.820 12398 15821 E baseline.com.newsblur.network.APIResponse: 	at java.lang.Thread.run(Thread.java:818)
08-04 13:08:36.820 12398 15821 E baseline.com.newsblur.network.APIResponse: Caused by: java.io.EOFException: \n not found: limit=0 content=
08-04 13:08:36.820 12398 15821 E baseline.com.newsblur.network.APIResponse: 	at okio.RealBufferedSource.readUtf8LineStrict(RealBufferedSource.java:240)
08-04 13:08:36.820 12398 15821 E baseline.com.newsblur.network.APIResponse: 	at okhttp3.internal.http1.Http1ExchangeCodec.readHeaderLine(Http1ExchangeCodec.java:242)
08-04 13:08:36.820 12398 15821 E baseline.com.newsblur.network.APIResponse: 	at okhttp3.internal.http1.Http1ExchangeCodec.readResponseHeaders(Http1ExchangeCodec.java:213)
08-04 13:08:36.820 12398 15821 E baseline.com.newsblur.network.APIResponse: 	... 28 more
08-04 13:08:36.821 12398 15821 I baseline.com.newsblur.network.APIManager: API call failed, pausing before retry number 1
08-04 13:08:37.006 12398 15139 I art     : Starting a blocking GC Explicit
08-04 13:08:37.044 12398 15139 I art     : Explicit concurrent mark sweep GC freed 3927(355KB) AllocSpace objects, 3(60KB) LOS objects, 29% free, 37MB/53MB, paused 1.028ms total 37.857ms
08-04 13:08:37.054 12398 15139 I art     : Starting a blocking GC Explicit
08-04 13:08:37.089 12398 15139 I art     : Explicit concurrent mark sweep GC freed 109(3KB) AllocSpace objects, 0(0B) LOS objects, 29% free, 37MB/53MB, paused 1.075ms total 34.540ms
08-04 13:08:37.099 12398 15139 I art     : Starting a blocking GC Explicit
08-04 13:08:37.134 12398 15139 I art     : Explicit concurrent mark sweep GC freed 3(96B) AllocSpace objects, 0(0B) LOS objects, 29% free, 37MB/53MB, paused 992us total 35.300ms
08-04 13:08:37.144 12398 15139 I art     : Starting a blocking GC Explicit
08-04 13:08:37.180 12398 15139 I art     : Explicit concurrent mark sweep GC freed 3(96B) AllocSpace objects, 0(0B) LOS objects, 29% free, 37MB/53MB, paused 1.021ms total 35.314ms
08-04 13:08:37.190 12398 15139 I art     : Starting a blocking GC Explicit
08-04 13:08:37.226 12398 15139 I art     : Explicit concurrent mark sweep GC freed 3(96B) AllocSpace objects, 0(0B) LOS objects, 29% free, 37MB/53MB, paused 1.074ms total 35.848ms
08-04 13:08:37.600 12398 12414 I art     : Starting a blocking GC Explicit
08-04 13:08:37.637 12398 12414 I art     : Explicit concurrent mark sweep GC freed 1437(82KB) AllocSpace objects, 1(20KB) LOS objects, 29% free, 37MB/53MB, paused 1.021ms total 37.019ms
08-04 13:08:37.647 12398 12414 I art     : Starting a blocking GC Explicit
08-04 13:08:37.681 12398 12414 I art     : Explicit concurrent mark sweep GC freed 22(784B) AllocSpace objects, 0(0B) LOS objects, 29% free, 37MB/53MB, paused 1.026ms total 34.303ms
08-04 13:08:37.691 12398 12414 I art     : Starting a blocking GC Explicit
08-04 13:08:37.722 13866 13882 I PeriodicStatsRunner: PeriodicStatsRunner.call():175 call()
08-04 13:08:37.723 13866 13882 I PeriodicStatsRunner: PeriodicStatsRunner.call():179 No submit PeriodicStats since input started.
08-04 13:08:37.727 12398 12414 I art     : Explicit concurrent mark sweep GC freed 3(96B) AllocSpace objects, 0(0B) LOS objects, 29% free, 37MB/53MB, paused 1.036ms total 35.327ms
08-04 13:08:37.737 12398 12414 I art     : Starting a blocking GC Explicit
08-04 13:08:37.761 14234 14234 I ServiceManager: Waiting for service AtCmdFwd...
08-04 13:08:37.771 12398 12414 I art     : Explicit concurrent mark sweep GC freed 3(96B) AllocSpace objects, 0(0B) LOS objects, 29% free, 37MB/53MB, paused 1.021ms total 34.438ms
08-04 13:08:37.782 12398 12414 I art     : Starting a blocking GC Explicit
08-04 13:08:37.817 12398 12414 I art     : Explicit concurrent mark sweep GC freed 3(96B) AllocSpace objects, 0(0B) LOS objects, 29% free, 37MB/53MB, paused 1.120ms total 35.405ms
08-04 13:08:38.167 12398 15987 I art     : Starting a blocking GC Explicit
08-04 13:08:38.203 12398 15987 I art     : Explicit concurrent mark sweep GC freed 1438(82KB) AllocSpace objects, 1(20KB) LOS objects, 29% free, 37MB/53MB, paused 1.041ms total 36.084ms
08-04 13:08:38.214 12398 15987 I art     : Starting a blocking GC Explicit
08-04 13:08:38.250 12398 15987 I art     : Explicit concurrent mark sweep GC freed 22(784B) AllocSpace objects, 0(0B) LOS objects, 29% free, 37MB/53MB, paused 958us total 35.876ms
08-04 13:08:38.260 12398 15987 I art     : Starting a blocking GC Explicit
08-04 13:08:38.296 12398 15987 I art     : Explicit concurrent mark sweep GC freed 3(96B) AllocSpace objects, 0(0B) LOS objects, 29% free, 37MB/53MB, paused 1.042ms total 35.436ms
08-04 13:08:38.306 12398 15987 I art     : Starting a blocking GC Explicit
08-04 13:08:38.342 12398 15987 I art     : Explicit concurrent mark sweep GC freed 96(3KB) AllocSpace objects, 0(0B) LOS objects, 29% free, 37MB/53MB, paused 1.103ms total 35.836ms
08-04 13:08:38.353 12398 15987 I art     : Starting a blocking GC Explicit
08-04 13:08:38.388 12398 15987 I art     : Explicit concurrent mark sweep GC freed 9(352B) AllocSpace objects, 0(0B) LOS objects, 29% free, 37MB/53MB, paused 1.094ms total 35.111ms
08-04 13:08:38.745 12398 15763 I art     : Starting a blocking GC Explicit
08-04 13:08:38.761 14234 14234 W Atfwd_Sendcmd: AtCmdFwd service not published, waiting... retryCnt : 4
08-04 13:08:38.782 12398 15763 I art     : Explicit concurrent mark sweep GC freed 1511(88KB) AllocSpace objects, 1(20KB) LOS objects, 29% free, 37MB/53MB, paused 997us total 37.070ms
08-04 13:08:38.793 12398 15763 I art     : Starting a blocking GC Explicit
08-04 13:08:38.829 12398 15763 I art     : Explicit concurrent mark sweep GC freed 980(40KB) AllocSpace objects, 0(0B) LOS objects, 29% free, 37MB/53MB, paused 1.133ms total 35.811ms
08-04 13:08:38.839 12398 15763 I art     : Starting a blocking GC Explicit
08-04 13:08:38.875 12398 15763 I art     : Explicit concurrent mark sweep GC freed 758(26KB) AllocSpace objects, 0(0B) LOS objects, 29% free, 37MB/53MB, paused 1.204ms total 36.192ms
08-04 13:08:38.879 12398 15821 E baseline.com.newsblur.network.APIResponse: Error (unexpected end of stream on https://www.newsblur.com/...) calling https://www.newsblur.com/reader/feed_unread_count?feed_id=0
08-04 13:08:38.879 12398 15821 E baseline.com.newsblur.network.APIResponse: java.io.IOException: unexpected end of stream on https://www.newsblur.com/...
08-04 13:08:38.879 12398 15821 E baseline.com.newsblur.network.APIResponse: 	at okhttp3.internal.http1.Http1ExchangeCodec.readResponseHeaders(Http1ExchangeCodec.java:236)
08-04 13:08:38.879 12398 15821 E baseline.com.newsblur.network.APIResponse: 	at okhttp3.internal.connection.Exchange.readResponseHeaders(Exchange.java:115)
08-04 13:08:38.879 12398 15821 E baseline.com.newsblur.network.APIResponse: 	at okhttp3.internal.http.CallServerInterceptor.intercept(CallServerInterceptor.java:94)
08-04 13:08:38.879 12398 15821 E baseline.com.newsblur.network.APIResponse: 	at okhttp3.internal.http.RealInterceptorChain.proceed(RealInterceptorChain.java:142)
08-04 13:08:38.879 12398 15821 E baseline.com.newsblur.network.APIResponse: 	at okhttp3.internal.connection.ConnectInterceptor.intercept(ConnectInterceptor.java:43)
08-04 13:08:38.879 12398 15821 E baseline.com.newsblur.network.APIResponse: 	at okhttp3.internal.http.RealInterceptorChain.proceed(RealInterceptorChain.java:142)
08-04 13:08:38.879 12398 15821 E baseline.com.newsblur.network.APIResponse: 	at okhttp3.internal.http.RealInterceptorChain.proceed(RealInterceptorChain.java:117)
08-04 13:08:38.879 12398 15821 E baseline.com.newsblur.network.APIResponse: 	at okhttp3.internal.cache.CacheInterceptor.intercept(CacheInterceptor.java:94)
08-04 13:08:38.879 12398 15821 E baseline.com.newsblur.network.APIResponse: 	at okhttp3.internal.http.RealInterceptorChain.proceed(RealInterceptorChain.java:142)
08-04 13:08:38.879 12398 15821 E baseline.com.newsblur.network.APIResponse: 	at okhttp3.internal.http.RealInterceptorChain.proceed(RealInterceptorChain.java:117)
08-04 13:08:38.879 12398 15821 E baseline.com.newsblur.network.APIResponse: 	at okhttp3.internal.http.BridgeInterceptor.intercept(BridgeInterceptor.java:93)
08-04 13:08:38.879 12398 15821 E baseline.com.newsblur.network.APIResponse: 	at okhttp3.internal.http.RealInterceptorChain.proceed(RealInterceptorChain.java:142)
08-04 13:08:38.879 12398 15821 E baseline.com.newsblur.network.APIResponse: 	at okhttp3.internal.http.RetryAndFollowUpInterceptor.intercept(RetryAndFollowUpInterceptor.java:88)
08-04 13:08:38.879 12398 15821 E baseline.com.newsblur.network.APIResponse: 	at okhttp3.internal.http.RealInterceptorChain.proceed(RealInterceptorChain.java:142)
08-04 13:08:38.879 12398 15821 E baseline.com.newsblur.network.APIResponse: 	at okhttp3.internal.http.RealInterceptorChain.proceed(RealInterceptorChain.java:117)
08-04 13:08:38.879 12398 15821 E baseline.com.newsblur.network.APIResponse: 	at okhttp3.RealCall.getResponseWithInterceptorChain(RealCall.java:229)
08-04 13:08:38.879 12398 15821 E baseline.com.newsblur.network.APIResponse: 	at okhttp3.RealCall.execute(RealCall.java:81)
08-04 13:08:38.879 12398 15821 E baseline.com.newsblur.network.APIResponse: 	at baseline.com.newsblur.network.APIResponse.<init>(APIResponse.java:57)
08-04 13:08:38.879 12398 15821 E baseline.com.newsblur.network.APIResponse: 	at baseline.com.newsblur.network.APIManager.get_single(APIManager.java:639)
08-04 13:08:38.879 12398 15821 E baseline.com.newsblur.network.APIResponse: 	at baseline.com.newsblur.network.APIManager.get(APIManager.java:625)
08-04 13:08:38.879 12398 15821 E baseline.com.newsblur.network.APIResponse: 	at baseline.com.newsblur.network.APIManager.get(APIManager.java:667)
08-04 13:08:38.879 12398 15821 E baseline.com.newsblur.network.APIResponse: 	at baseline.com.newsblur.network.APIManager.getFeedUnreadCounts(APIManager.java:274)
08-04 13:08:38.879 12398 15821 E baseline.com.newsblur.network.APIResponse: 	at baseline.com.newsblur.service.NBSyncService.checkRecounts(NBSyncService.java:660)
08-04 13:08:38.879 12398 15821 E baseline.com.newsblur.network.APIResponse: 	at baseline.com.newsblur.service.NBSyncService.doSync(NBSyncService.java:310)
08-04 13:08:38.879 12398 15821 E baseline.com.newsblur.network.APIResponse: 	at baseline.com.newsblur.service.NBSyncService.access$100(NBSyncService.java:67)
08-04 13:08:38.879 12398 15821 E baseline.com.newsblur.network.APIResponse: 	at baseline.com.newsblur.service.NBSyncService$1.run(NBSyncService.java:188)
08-04 13:08:38.879 12398 15821 E baseline.com.newsblur.network.APIResponse: 	at java.util.concurrent.ThreadPoolExecutor.runWorker(ThreadPoolExecutor.java:1113)
08-04 13:08:38.879 12398 15821 E baseline.com.newsblur.network.APIResponse: 	at java.util.concurrent.ThreadPoolExecutor$Worker.run(ThreadPoolExecutor.java:588)
08-04 13:08:38.879 12398 15821 E baseline.com.newsblur.network.APIResponse: 	at java.lang.Thread.run(Thread.java:818)
08-04 13:08:38.879 12398 15821 E baseline.com.newsblur.network.APIResponse: Caused by: java.io.EOFException: \n not found: limit=0 content=
08-04 13:08:38.879 12398 15821 E baseline.com.newsblur.network.APIResponse: 	at okio.RealBufferedSource.readUtf8LineStrict(RealBufferedSource.java:240)
08-04 13:08:38.879 12398 15821 E baseline.com.newsblur.network.APIResponse: 	at okhttp3.internal.http1.Http1ExchangeCodec.readHeaderLine(Http1ExchangeCodec.java:242)
08-04 13:08:38.879 12398 15821 E baseline.com.newsblur.network.APIResponse: 	at okhttp3.internal.http1.Http1ExchangeCodec.readResponseHeaders(Http1ExchangeCodec.java:213)
08-04 13:08:38.879 12398 15821 E baseline.com.newsblur.network.APIResponse: 	... 28 more
08-04 13:08:38.880 12398 15821 I baseline.com.newsblur.network.APIManager: API call failed, pausing before retry number 2
08-04 13:08:38.886 12398 15763 I art     : Starting a blocking GC Explicit
08-04 13:08:38.922 12398 15763 I art     : Explicit concurrent mark sweep GC freed 822(207KB) AllocSpace objects, 2(40KB) LOS objects, 29% free, 37MB/53MB, paused 1.027ms total 35.791ms
08-04 13:08:38.932 12398 15763 I art     : Starting a blocking GC Explicit
08-04 13:08:38.969 12398 15763 I art     : Explicit concurrent mark sweep GC freed 47(1792B) AllocSpace objects, 0(0B) LOS objects, 29% free, 37MB/53MB, paused 1.045ms total 36.418ms
08-04 13:08:39.325 12398 15139 I art     : Starting a blocking GC Explicit
08-04 13:08:39.362 12398 15139 I art     : Explicit concurrent mark sweep GC freed 1437(82KB) AllocSpace objects, 1(20KB) LOS objects, 29% free, 37MB/53MB, paused 1.033ms total 37.170ms
08-04 13:08:39.375 12398 15139 I art     : Starting a blocking GC Explicit
08-04 13:08:39.410 12398 15139 I art     : Explicit concurrent mark sweep GC freed 22(784B) AllocSpace objects, 0(0B) LOS objects, 29% free, 37MB/53MB, paused 1.006ms total 34.562ms
08-04 13:08:39.419 12398 15139 I art     : Starting a blocking GC Explicit
08-04 13:08:39.455 12398 15139 I art     : Explicit concurrent mark sweep GC freed 3(96B) AllocSpace objects, 0(0B) LOS objects, 29% free, 37MB/53MB, paused 1.010ms total 34.938ms
08-04 13:08:39.464 12398 15139 I art     : Starting a blocking GC Explicit
08-04 13:08:39.499 12398 15139 I art     : Explicit concurrent mark sweep GC freed 3(96B) AllocSpace objects, 0(0B) LOS objects, 29% free, 37MB/53MB, paused 1.060ms total 34.371ms
08-04 13:08:39.509 12398 15139 I art     : Starting a blocking GC Explicit
08-04 13:08:39.545 12398 15139 I art     : Explicit concurrent mark sweep GC freed 3(96B) AllocSpace objects, 0(0B) LOS objects, 29% free, 37MB/53MB, paused 1.035ms total 35.256ms
08-04 13:08:39.893 12398 12411 I art     : Starting a blocking GC Explicit
08-04 13:08:39.932 12398 12411 I art     : Explicit concurrent mark sweep GC freed 1461(83KB) AllocSpace objects, 1(20KB) LOS objects, 29% free, 37MB/53MB, paused 1.023ms total 38.568ms
08-04 13:08:39.946 12398 12411 I art     : Starting a blocking GC Explicit
08-04 13:08:39.980 12398 12411 I art     : Explicit concurrent mark sweep GC freed 22(784B) AllocSpace objects, 0(0B) LOS objects, 29% free, 37MB/53MB, paused 1.091ms total 33.818ms
08-04 13:08:39.990 12398 12411 I art     : Starting a blocking GC Explicit
08-04 13:08:40.025 12398 12411 I art     : Explicit concurrent mark sweep GC freed 3(96B) AllocSpace objects, 0(0B) LOS objects, 29% free, 37MB/53MB, paused 975us total 34.586ms
08-04 13:08:40.035 12398 12411 I art     : Starting a blocking GC Explicit
08-04 13:08:40.070 12398 12411 I art     : Explicit concurrent mark sweep GC freed 3(96B) AllocSpace objects, 0(0B) LOS objects, 29% free, 37MB/53MB, paused 946us total 35.025ms
08-04 13:08:40.080 12398 12411 I art     : Starting a blocking GC Explicit
08-04 13:08:40.114 12398 12411 I art     : Explicit concurrent mark sweep GC freed 3(96B) AllocSpace objects, 0(0B) LOS objects, 29% free, 37MB/53MB, paused 944us total 33.795ms
08-04 13:08:40.463 12398 12414 I art     : Starting a blocking GC Explicit
08-04 13:08:40.500 12398 12414 I art     : Explicit concurrent mark sweep GC freed 2913(155KB) AllocSpace objects, 1(20KB) LOS objects, 29% free, 37MB/53MB, paused 1.045ms total 37.465ms
08-04 13:08:40.511 12398 12414 I art     : Starting a blocking GC Explicit
08-04 13:08:40.548 12398 12414 I art     : Explicit concurrent mark sweep GC freed 1009(80KB) AllocSpace objects, 0(0B) LOS objects, 29% free, 37MB/53MB, paused 1.143ms total 36.056ms
08-04 13:08:40.558 12398 12414 I art     : Starting a blocking GC Explicit
08-04 13:08:40.593 12398 12414 I art     : Explicit concurrent mark sweep GC freed 3(96B) AllocSpace objects, 0(0B) LOS objects, 29% free, 37MB/53MB, paused 982us total 35.301ms
08-04 13:08:40.604 12398 12414 I art     : Starting a blocking GC Explicit
08-04 13:08:40.639 12398 12414 I art     : Explicit concurrent mark sweep GC freed 3(96B) AllocSpace objects, 0(0B) LOS objects, 29% free, 37MB/53MB, paused 1.011ms total 35.339ms
08-04 13:08:40.650 12398 12414 I art     : Starting a blocking GC Explicit
08-04 13:08:40.686 12398 12414 I art     : Explicit concurrent mark sweep GC freed 3(96B) AllocSpace objects, 0(0B) LOS objects, 29% free, 37MB/53MB, paused 980us total 36.182ms
08-04 13:08:41.026 12398 15987 I art     : Starting a blocking GC Explicit
08-04 13:08:41.062 12398 15987 I art     : Explicit concurrent mark sweep GC freed 1437(82KB) AllocSpace objects, 1(20KB) LOS objects, 29% free, 37MB/53MB, paused 929us total 35.265ms
08-04 13:08:41.072 12398 15987 I art     : Starting a blocking GC Explicit
08-04 13:08:41.107 12398 15987 I art     : Explicit concurrent mark sweep GC freed 22(784B) AllocSpace objects, 0(0B) LOS objects, 29% free, 37MB/53MB, paused 1.003ms total 34.817ms
08-04 13:08:41.117 12398 15987 I art     : Starting a blocking GC Explicit
08-04 13:08:41.152 12398 15987 I art     : Explicit concurrent mark sweep GC freed 3(96B) AllocSpace objects, 0(0B) LOS objects, 29% free, 37MB/53MB, paused 974us total 34.615ms
08-04 13:08:41.162 12398 15987 I art     : Starting a blocking GC Explicit
08-04 13:08:41.198 12398 15987 I art     : Explicit concurrent mark sweep GC freed 3(96B) AllocSpace objects, 0(0B) LOS objects, 29% free, 37MB/53MB, paused 1.064ms total 35.643ms
08-04 13:08:41.208 12398 15987 I art     : Starting a blocking GC Explicit
08-04 13:08:41.242 12398 15987 I art     : Explicit concurrent mark sweep GC freed 3(96B) AllocSpace objects, 0(0B) LOS objects, 29% free, 37MB/53MB, paused 972us total 34.161ms
08-04 13:08:41.582 12398 15763 I art     : Starting a blocking GC Explicit
08-04 13:08:41.620 12398 15763 I art     : Explicit concurrent mark sweep GC freed 1437(82KB) AllocSpace objects, 1(20KB) LOS objects, 29% free, 37MB/53MB, paused 998us total 37.281ms
08-04 13:08:41.630 12398 15763 I art     : Starting a blocking GC Explicit
08-04 13:08:41.666 12398 15763 I art     : Explicit concurrent mark sweep GC freed 22(784B) AllocSpace objects, 0(0B) LOS objects, 29% free, 37MB/53MB, paused 978us total 35.473ms
08-04 13:08:41.676 12398 15763 I art     : Starting a blocking GC Explicit
08-04 13:08:41.711 12398 15763 I art     : Explicit concurrent mark sweep GC freed 3(96B) AllocSpace objects, 0(0B) LOS objects, 29% free, 37MB/53MB, paused 965us total 34.818ms
08-04 13:08:41.721 12398 15763 I art     : Starting a blocking GC Explicit
08-04 13:08:41.757 12398 15763 I art     : Explicit concurrent mark sweep GC freed 3(96B) AllocSpace objects, 0(0B) LOS objects, 29% free, 37MB/53MB, paused 1.007ms total 35.125ms
08-04 13:08:41.767 12398 15763 I art     : Starting a blocking GC Explicit
08-04 13:08:41.803 12398 15763 I art     : Explicit concurrent mark sweep GC freed 3(96B) AllocSpace objects, 0(0B) LOS objects, 29% free, 37MB/53MB, paused 1.006ms total 35.847ms
08-04 13:08:42.151 12398 15139 I art     : Starting a blocking GC Explicit
08-04 13:08:42.190 12398 15139 I art     : Explicit concurrent mark sweep GC freed 1604(91KB) AllocSpace objects, 1(20KB) LOS objects, 29% free, 37MB/53MB, paused 1.682ms total 39.341ms
08-04 13:08:42.203 12398 15139 I art     : Starting a blocking GC Explicit
08-04 13:08:42.236 12398 15139 I art     : Explicit concurrent mark sweep GC freed 28(1040B) AllocSpace objects, 0(0B) LOS objects, 29% free, 37MB/53MB, paused 1.030ms total 33.188ms
08-04 13:08:42.246 12398 15139 I art     : Starting a blocking GC Explicit
08-04 13:08:42.280 12398 15139 I art     : Explicit concurrent mark sweep GC freed 3(96B) AllocSpace objects, 0(0B) LOS objects, 29% free, 37MB/53MB, paused 943us total 34.153ms
08-04 13:08:42.290 12398 15139 I art     : Starting a blocking GC Explicit
08-04 13:08:42.326 12398 15139 I art     : Explicit concurrent mark sweep GC freed 3(96B) AllocSpace objects, 0(0B) LOS objects, 29% free, 37MB/53MB, paused 988us total 35.221ms
08-04 13:08:42.336 12398 15139 I art     : Starting a blocking GC Explicit
08-04 13:08:42.371 12398 15139 I art     : Explicit concurrent mark sweep GC freed 3(96B) AllocSpace objects, 0(0B) LOS objects, 29% free, 37MB/53MB, paused 979us total 34.180ms
08-04 13:08:42.453 12398 15821 E baseline.com.newsblur.network.APIResponse: Error (unexpected end of stream on https://www.newsblur.com/...) calling https://www.newsblur.com/reader/feed_unread_count?feed_id=0
08-04 13:08:42.453 12398 15821 E baseline.com.newsblur.network.APIResponse: java.io.IOException: unexpected end of stream on https://www.newsblur.com/...
08-04 13:08:42.453 12398 15821 E baseline.com.newsblur.network.APIResponse: 	at okhttp3.internal.http1.Http1ExchangeCodec.readResponseHeaders(Http1ExchangeCodec.java:236)
08-04 13:08:42.453 12398 15821 E baseline.com.newsblur.network.APIResponse: 	at okhttp3.internal.connection.Exchange.readResponseHeaders(Exchange.java:115)
08-04 13:08:42.453 12398 15821 E baseline.com.newsblur.network.APIResponse: 	at okhttp3.internal.http.CallServerInterceptor.intercept(CallServerInterceptor.java:94)
08-04 13:08:42.453 12398 15821 E baseline.com.newsblur.network.APIResponse: 	at okhttp3.internal.http.RealInterceptorChain.proceed(RealInterceptorChain.java:142)
08-04 13:08:42.453 12398 15821 E baseline.com.newsblur.network.APIResponse: 	at okhttp3.internal.connection.ConnectInterceptor.intercept(ConnectInterceptor.java:43)
08-04 13:08:42.453 12398 15821 E baseline.com.newsblur.network.APIResponse: 	at okhttp3.internal.http.RealInterceptorChain.proceed(RealInterceptorChain.java:142)
08-04 13:08:42.453 12398 15821 E baseline.com.newsblur.network.APIResponse: 	at okhttp3.internal.http.RealInterceptorChain.proceed(RealInterceptorChain.java:117)
08-04 13:08:42.453 12398 15821 E baseline.com.newsblur.network.APIResponse: 	at okhttp3.internal.cache.CacheInterceptor.intercept(CacheInterceptor.java:94)
08-04 13:08:42.453 12398 15821 E baseline.com.newsblur.network.APIResponse: 	at okhttp3.internal.http.RealInterceptorChain.proceed(RealInterceptorChain.java:142)
08-04 13:08:42.453 12398 15821 E baseline.com.newsblur.network.APIResponse: 	at okhttp3.internal.http.RealInterceptorChain.proceed(RealInterceptorChain.java:117)
08-04 13:08:42.453 12398 15821 E baseline.com.newsblur.network.APIResponse: 	at okhttp3.internal.http.BridgeInterceptor.intercept(BridgeInterceptor.java:93)
08-04 13:08:42.453 12398 15821 E baseline.com.newsblur.network.APIResponse: 	at okhttp3.internal.http.RealInterceptorChain.proceed(RealInterceptorChain.java:142)
08-04 13:08:42.453 12398 15821 E baseline.com.newsblur.network.APIResponse: 	at okhttp3.internal.http.RetryAndFollowUpInterceptor.intercept(RetryAndFollowUpInterceptor.java:88)
08-04 13:08:42.453 12398 15821 E baseline.com.newsblur.network.APIResponse: 	at okhttp3.internal.http.RealInterceptorChain.proceed(RealInterceptorChain.java:142)
08-04 13:08:42.453 12398 15821 E baseline.com.newsblur.network.APIResponse: 	at okhttp3.internal.http.RealInterceptorChain.proceed(RealInterceptorChain.java:117)
08-04 13:08:42.453 12398 15821 E baseline.com.newsblur.network.APIResponse: 	at okhttp3.RealCall.getResponseWithInterceptorChain(RealCall.java:229)
08-04 13:08:42.453 12398 15821 E baseline.com.newsblur.network.APIResponse: 	at okhttp3.RealCall.execute(RealCall.java:81)
08-04 13:08:42.453 12398 15821 E baseline.com.newsblur.network.APIResponse: 	at baseline.com.newsblur.network.APIResponse.<init>(APIResponse.java:57)
08-04 13:08:42.453 12398 15821 E baseline.com.newsblur.network.APIResponse: 	at baseline.com.newsblur.network.APIManager.get_single(APIManager.java:639)
08-04 13:08:42.453 12398 15821 E baseline.com.newsblur.network.APIResponse: 	at baseline.com.newsblur.network.APIManager.get(APIManager.java:625)
08-04 13:08:42.453 12398 15821 E baseline.com.newsblur.network.APIResponse: 	at baseline.com.newsblur.network.APIManager.get(APIManager.java:667)
08-04 13:08:42.453 12398 15821 E baseline.com.newsblur.network.APIResponse: 	at baseline.com.newsblur.network.APIManager.getFeedUnreadCounts(APIManager.java:274)
08-04 13:08:42.453 12398 15821 E baseline.com.newsblur.network.APIResponse: 	at baseline.com.newsblur.service.NBSyncService.checkRecounts(NBSyncService.java:660)
08-04 13:08:42.453 12398 15821 E baseline.com.newsblur.network.APIResponse: 	at baseline.com.newsblur.service.NBSyncService.doSync(NBSyncService.java:310)
08-04 13:08:42.453 12398 15821 E baseline.com.newsblur.network.APIResponse: 	at baseline.com.newsblur.service.NBSyncService.access$100(NBSyncService.java:67)
08-04 13:08:42.453 12398 15821 E baseline.com.newsblur.network.APIResponse: 	at baseline.com.newsblur.service.NBSyncService$1.run(NBSyncService.java:188)
08-04 13:08:42.453 12398 15821 E baseline.com.newsblur.network.APIResponse: 	at java.util.concurrent.ThreadPoolExecutor.runWorker(ThreadPoolExecutor.java:1113)
08-04 13:08:42.453 12398 15821 E baseline.com.newsblur.network.APIResponse: 	at java.util.concurrent.ThreadPoolExecutor$Worker.run(ThreadPoolExecutor.java:588)
08-04 13:08:42.453 12398 15821 E baseline.com.newsblur.network.APIResponse: 	at java.lang.Thread.run(Thread.java:818)
08-04 13:08:42.453 12398 15821 E baseline.com.newsblur.network.APIResponse: Caused by: java.io.EOFException: \n not found: limit=0 content=
08-04 13:08:42.453 12398 15821 E baseline.com.newsblur.network.APIResponse: 	at okio.RealBufferedSource.readUtf8LineStrict(RealBufferedSource.java:240)
08-04 13:08:42.453 12398 15821 E baseline.com.newsblur.network.APIResponse: 	at okhttp3.internal.http1.Http1ExchangeCodec.readHeaderLine(Http1ExchangeCodec.java:242)
08-04 13:08:42.453 12398 15821 E baseline.com.newsblur.network.APIResponse: 	at okhttp3.internal.http1.Http1ExchangeCodec.readResponseHeaders(Http1ExchangeCodec.java:213)
08-04 13:08:42.453 12398 15821 E baseline.com.newsblur.network.APIResponse: 	... 28 more
08-04 13:08:42.455 12398 15821 W baseline.com.newsblur.service.NBSyncService: Bad response to feed_unread_count
08-04 13:08:42.647   918  3261 D WifiStateMachine: starting scan for "H369AA63323"WPA_PSK with 2412,5180
08-04 13:08:42.680 12398 12411 I art     : Starting a blocking GC Explicit
08-04 13:08:42.717 12398 12411 I art     : Explicit concurrent mark sweep GC freed 4448(422KB) AllocSpace objects, 6(120KB) LOS objects, 29% free, 37MB/53MB, paused 1.114ms total 36.364ms
08-04 13:08:42.727 12398 12411 I art     : Starting a blocking GC Explicit
08-04 13:08:42.760 12398 12411 I art     : Explicit concurrent mark sweep GC freed 136(5KB) AllocSpace objects, 0(0B) LOS objects, 29% free, 37MB/53MB, paused 1.022ms total 33.179ms
08-04 13:08:42.770 12398 12411 I art     : Starting a blocking GC Explicit
08-04 13:08:42.804 12398 12411 I art     : Explicit concurrent mark sweep GC freed 1649(64KB) AllocSpace objects, 0(0B) LOS objects, 29% free, 37MB/53MB, paused 1.089ms total 34.375ms
08-04 13:08:42.814 12398 12411 I art     : Starting a blocking GC Explicit
08-04 13:08:42.830 12398 15821 E baseline.com.newsblur.network.APIResponse: Error (unexpected end of stream on https://www.newsblur.com/...) calling https://www.newsblur.com/reader/mark_story_hashes_as_read/
08-04 13:08:42.830 12398 15821 E baseline.com.newsblur.network.APIResponse: java.io.IOException: unexpected end of stream on https://www.newsblur.com/...
08-04 13:08:42.830 12398 15821 E baseline.com.newsblur.network.APIResponse: 	at okhttp3.internal.http1.Http1ExchangeCodec.readResponseHeaders(Http1ExchangeCodec.java:236)
08-04 13:08:42.830 12398 15821 E baseline.com.newsblur.network.APIResponse: 	at okhttp3.internal.connection.Exchange.readResponseHeaders(Exchange.java:115)
08-04 13:08:42.830 12398 15821 E baseline.com.newsblur.network.APIResponse: 	at okhttp3.internal.http.CallServerInterceptor.intercept(CallServerInterceptor.java:94)
08-04 13:08:42.830 12398 15821 E baseline.com.newsblur.network.APIResponse: 	at okhttp3.internal.http.RealInterceptorChain.proceed(RealInterceptorChain.java:142)
08-04 13:08:42.830 12398 15821 E baseline.com.newsblur.network.APIResponse: 	at okhttp3.internal.connection.ConnectInterceptor.intercept(ConnectInterceptor.java:43)
08-04 13:08:42.830 12398 15821 E baseline.com.newsblur.network.APIResponse: 	at okhttp3.internal.http.RealInterceptorChain.proceed(RealInterceptorChain.java:142)
08-04 13:08:42.830 12398 15821 E baseline.com.newsblur.network.APIResponse: 	at okhttp3.internal.http.RealInterceptorChain.proceed(RealInterceptorChain.java:117)
08-04 13:08:42.830 12398 15821 E baseline.com.newsblur.network.APIResponse: 	at okhttp3.internal.cache.CacheInterceptor.intercept(CacheInterceptor.java:94)
08-04 13:08:42.830 12398 15821 E baseline.com.newsblur.network.APIResponse: 	at okhttp3.internal.http.RealInterceptorChain.proceed(RealInterceptorChain.java:142)
08-04 13:08:42.830 12398 15821 E baseline.com.newsblur.network.APIResponse: 	at okhttp3.internal.http.RealInterceptorChain.proceed(RealInterceptorChain.java:117)
08-04 13:08:42.830 12398 15821 E baseline.com.newsblur.network.APIResponse: 	at okhttp3.internal.http.BridgeInterceptor.intercept(BridgeInterceptor.java:93)
08-04 13:08:42.830 12398 15821 E baseline.com.newsblur.network.APIResponse: 	at okhttp3.internal.http.RealInterceptorChain.proceed(RealInterceptorChain.java:142)
08-04 13:08:42.830 12398 15821 E baseline.com.newsblur.network.APIResponse: 	at okhttp3.internal.http.RetryAndFollowUpInterceptor.intercept(RetryAndFollowUpInterceptor.java:88)
08-04 13:08:42.830 12398 15821 E baseline.com.newsblur.network.APIResponse: 	at okhttp3.internal.http.RealInterceptorChain.proceed(RealInterceptorChain.java:142)
08-04 13:08:42.830 12398 15821 E baseline.com.newsblur.network.APIResponse: 	at okhttp3.internal.http.RealInterceptorChain.proceed(RealInterceptorChain.java:117)
08-04 13:08:42.830 12398 15821 E baseline.com.newsblur.network.APIResponse: 	at okhttp3.RealCall.getResponseWithInterceptorChain(RealCall.java:229)
08-04 13:08:42.830 12398 15821 E baseline.com.newsblur.network.APIResponse: 	at okhttp3.RealCall.execute(RealCall.java:81)
08-04 13:08:42.830 12398 15821 E baseline.com.newsblur.network.APIResponse: 	at baseline.com.newsblur.network.APIResponse.<init>(APIResponse.java:57)
08-04 13:08:42.830 12398 15821 E baseline.com.newsblur.network.APIResponse: 	at baseline.com.newsblur.network.APIResponse.<init>(APIResponse.java:43)
08-04 13:08:42.830 12398 15821 E baseline.com.newsblur.network.APIResponse: 	at baseline.com.newsblur.network.APIManager.post_single(APIManager.java:702)
08-04 13:08:42.830 12398 15821 E baseline.com.newsblur.network.APIResponse: 	at baseline.com.newsblur.network.APIManager.post(APIManager.java:675)
08-04 13:08:42.830 12398 15821 E baseline.com.newsblur.network.APIResponse: 	at baseline.com.newsblur.network.APIManager.post(APIManager.java:714)
08-04 13:08:42.830 12398 15821 E baseline.com.newsblur.network.APIResponse: 	at baseline.com.newsblur.network.APIManager.markStoryAsRead(APIManager.java:205)
08-04 13:08:42.830 12398 15821 E baseline.com.newsblur.network.APIResponse: 	at baseline.com.newsblur.util.ReadingAction.doRemote(ReadingAction.java:281)
08-04 13:08:42.830 12398 15821 E baseline.com.newsblur.network.APIResponse: 	at baseline.com.newsblur.service.NBSyncService.syncActions(NBSyncService.java:400)
08-04 13:08:42.830 12398 15821 E baseline.com.newsblur.network.APIResponse: 	at baseline.com.newsblur.service.NBSyncService.doSync(NBSyncService.java:298)
08-04 13:08:42.830 12398 15821 E baseline.com.newsblur.network.APIResponse: 	at baseline.com.newsblur.service.NBSyncService.access$100(NBSyncService.java:67)
08-04 13:08:42.830 12398 15821 E baseline.com.newsblur.network.APIResponse: 	at baseline.com.newsblur.service.NBSyncService$1.run(NBSyncService.java:188)
08-04 13:08:42.830 12398 15821 E baseline.com.newsblur.network.APIResponse: 	at java.util.concurrent.ThreadPoolExecutor.runWorker(ThreadPoolExecutor.java:1113)
08-04 13:08:42.830 12398 15821 E baseline.com.newsblur.network.APIResponse: 	at java.util.concurrent.ThreadPoolExecutor$Worker.run(ThreadPoolExecutor.java:588)
08-04 13:08:42.830 12398 15821 E baseline.com.newsblur.network.APIResponse: 	at java.lang.Thread.run(Thread.java:818)
08-04 13:08:42.830 12398 15821 E baseline.com.newsblur.network.APIResponse: Caused by: java.io.EOFException: \n not found: limit=0 content=
08-04 13:08:42.830 12398 15821 E baseline.com.newsblur.network.APIResponse: 	at okio.RealBufferedSource.readUtf8LineStrict(RealBufferedSource.java:240)
08-04 13:08:42.830 12398 15821 E baseline.com.newsblur.network.APIResponse: 	at okhttp3.internal.http1.Http1ExchangeCodec.readHeaderLine(Http1ExchangeCodec.java:242)
08-04 13:08:42.830 12398 15821 E baseline.com.newsblur.network.APIResponse: 	at okhttp3.internal.http1.Http1ExchangeCodec.readResponseHeaders(Http1ExchangeCodec.java:213)
08-04 13:08:42.830 12398 15821 E baseline.com.newsblur.network.APIResponse: 	... 30 more
08-04 13:08:42.832 12398 15821 I baseline.com.newsblur.network.APIManager: API call failed, pausing before retry number 1
08-04 13:08:42.848 12398 12411 I art     : Explicit concurrent mark sweep GC freed 828(196KB) AllocSpace objects, 2(40KB) LOS objects, 29% free, 37MB/53MB, paused 1.070ms total 33.625ms
08-04 13:08:42.858 12398 12411 I art     : Starting a blocking GC Explicit
08-04 13:08:42.892 12398 12411 I art     : Explicit concurrent mark sweep GC freed 104(15KB) AllocSpace objects, 0(0B) LOS objects, 29% free, 37MB/53MB, paused 1.094ms total 34.683ms
08-04 13:08:43.018   518   646 I ThermalEngine: ACTION: GPU - Setting GPU[0] to 600000000
08-04 13:08:43.071 16216 16216 D AndroidRuntime: >>>>>> START com.android.internal.os.RuntimeInit uid 2000 <<<<<<
08-04 13:08:43.075 16216 16216 D AndroidRuntime: CheckJNI is OFF
08-04 13:08:43.101 16216 16216 D ICU     : No timezone override file found: /data/misc/zoneinfo/current/icu/icu_tzdata.dat
08-04 13:08:43.126 16216 16216 I Radio-JNI: register_android_hardware_Radio DONE
08-04 13:08:43.142 16216 16216 D AndroidRuntime: Calling main entry com.android.commands.input.Input
08-04 13:08:43.143 16216 16216 I Input   : injectMotionEvent: MotionEvent { action=ACTION_DOWN, actionButton=0, id[0]=0, x[0]=436.0, y[0]=453.0, toolType[0]=TOOL_TYPE_UNKNOWN, buttonState=0, metaState=0, flags=0x0, edgeFlags=0x0, pointerCount=1, historySize=0, eventTime=709739556, downTime=709739556, deviceId=0, source=0x1002 }
08-04 13:08:43.149 16216 16216 I Input   : injectMotionEvent: MotionEvent { action=ACTION_UP, actionButton=0, id[0]=0, x[0]=436.0, y[0]=453.0, toolType[0]=TOOL_TYPE_UNKNOWN, buttonState=0, metaState=0, flags=0x0, edgeFlags=0x0, pointerCount=1, historySize=0, eventTime=709739556, downTime=709739556, deviceId=0, source=0x1002 }
08-04 13:08:43.151 16216 16216 D AndroidRuntime: Shutting down VM
08-04 13:08:43.158   918  5132 I ActivityManager: START u0 {cmp=baseline.com.newsblur/.activity.GlobalSharedStoriesReading (has extras)} from uid 10652 on display 0
08-04 13:08:43.158   512  2967 D audio_hw_primary: out_set_parameters: enter: usecase(1: low-latency-playback) kvpairs: routing=2
08-04 13:08:43.171   512  2967 D audio_hw_primary: select_devices: out_snd_device(2: speaker) in_snd_device(0: none)
08-04 13:08:43.171   512  2967 D msm8974_platform: platform_send_audio_calibration: sending audio calibration for snd_device(2) acdb_id(15)
08-04 13:08:43.172   512  2967 I soundtrigger: audio_extn_sound_trigger_update_device_status: device 0x2 of type 0 for Event 1
08-04 13:08:43.180   512  2967 D audio_hw_primary: enable_snd_device: snd_device(2: speaker)
08-04 13:08:43.182   512  2967 D audio_hw_primary: enable_audio_route: apply and update mixer path: low-latency-playback speaker
08-04 13:08:43.221 12398 12411 I art     : Starting a blocking GC Explicit
08-04 13:08:43.250 12398 12411 I art     : Explicit concurrent mark sweep GC freed 2877(211KB) AllocSpace objects, 5(528KB) LOS objects, 29% free, 37MB/53MB, paused 867us total 29.270ms
08-04 13:08:43.259 12398 12411 I art     : Starting a blocking GC Explicit
08-04 13:08:43.289 12398 12411 I art     : Explicit concurrent mark sweep GC freed 406(38KB) AllocSpace objects, 1(20KB) LOS objects, 29% free, 37MB/53MB, paused 864us total 29.930ms
08-04 13:08:43.297 12398 12411 I art     : Starting a blocking GC Explicit
08-04 13:08:43.325 12398 12411 I art     : Explicit concurrent mark sweep GC freed 359(32KB) AllocSpace objects, 1(20KB) LOS objects, 29% free, 37MB/53MB, paused 924us total 28.099ms
08-04 13:08:43.331 13866 13866 I GoogleInputMethodServic: GoogleInputMethodService.onFinishInput():3138 
08-04 13:08:43.331   918   936 I ActivityManager: Displayed baseline.com.newsblur/.activity.GlobalSharedStoriesReading: +166ms
08-04 13:08:43.332 12398 12411 I art     : Starting a blocking GC Explicit
08-04 13:08:43.332 13866 13866 I GoogleInputMethodServic: GoogleInputMethodService.onStartInput():1808 
08-04 13:08:43.363 12398 12411 I art     : Explicit concurrent mark sweep GC freed 1230(75KB) AllocSpace objects, 1(20KB) LOS objects, 29% free, 38MB/54MB, paused 1.354ms total 30.743ms
08-04 13:08:43.372 12398 12411 I art     : Starting a blocking GC Explicit
08-04 13:08:43.404 12398 12411 I art     : Explicit concurrent mark sweep GC freed 1014(89KB) AllocSpace objects, 7(160KB) LOS objects, 29% free, 38MB/54MB, paused 1.148ms total 32.189ms
08-04 13:08:43.522 12398 15480 E chromium: [ERROR:tile_manager.cc(793)] WARNING: tile memory limits exceeded, some content may not draw
08-04 13:08:43.523 12398 15480 E chromium: [ERROR:tile_manager.cc(793)] WARNING: tile memory limits exceeded, some content may not draw
08-04 13:08:43.673 12398 12414 I art     : Starting a blocking GC Explicit
08-04 13:08:43.708 12398 12414 I art     : Explicit concurrent mark sweep GC freed 2570(176KB) AllocSpace objects, 5(124KB) LOS objects, 29% free, 38MB/54MB, paused 964us total 34.230ms
08-04 13:08:43.719   512  2967 D audio_hw_primary: disable_audio_route: reset and update mixer path: low-latency-playback speaker
08-04 13:08:43.719 12398 12414 I art     : Starting a blocking GC Explicit
08-04 13:08:43.721   512  2967 D audio_hw_primary: disable_snd_device: snd_device(2: speaker)
08-04 13:08:43.733   512  2967 I soundtrigger: audio_extn_sound_trigger_update_device_status: device 0x2 of type 0 for Event 0
08-04 13:08:43.749 12398 12414 I art     : Explicit concurrent mark sweep GC freed 311(25KB) AllocSpace objects, 1(20KB) LOS objects, 29% free, 38MB/54MB, paused 682us total 29.866ms
08-04 13:08:43.756 12398 12414 I art     : Starting a blocking GC Explicit
08-04 13:08:43.783 12398 12414 I art     : Explicit concurrent mark sweep GC freed 27(880B) AllocSpace objects, 0(0B) LOS objects, 29% free, 38MB/54MB, paused 725us total 26.767ms
08-04 13:08:43.791 12398 12414 I art     : Starting a blocking GC Explicit
08-04 13:08:43.819 12398 12414 I art     : Explicit concurrent mark sweep GC freed 3(96B) AllocSpace objects, 0(0B) LOS objects, 29% free, 38MB/54MB, paused 765us total 27.305ms
08-04 13:08:43.826 12398 12414 I art     : Starting a blocking GC Explicit
08-04 13:08:43.853 12398 12414 I art     : Explicit concurrent mark sweep GC freed 3(96B) AllocSpace objects, 0(0B) LOS objects, 29% free, 38MB/54MB, paused 732us total 26.445ms
08-04 13:08:44.023   518   646 I ThermalEngine: ACTION: GPU - Setting GPU[0] to 510000000
08-04 13:08:44.158 12398 15987 I art     : Starting a blocking GC Explicit
08-04 13:08:44.193 12398 15987 I art     : Explicit concurrent mark sweep GC freed 1443(83KB) AllocSpace objects, 1(20KB) LOS objects, 29% free, 38MB/54MB, paused 1.001ms total 34.725ms
08-04 13:08:44.202 12398 15987 I art     : Starting a blocking GC Explicit
08-04 13:08:44.236 12398 15987 I art     : Explicit concurrent mark sweep GC freed 22(784B) AllocSpace objects, 0(0B) LOS objects, 29% free, 38MB/54MB, paused 960us total 33.216ms
08-04 13:08:44.245 12398 15987 I art     : Starting a blocking GC Explicit
08-04 13:08:44.280 12398 15987 I art     : Explicit concurrent mark sweep GC freed 3(96B) AllocSpace objects, 0(0B) LOS objects, 29% free, 38MB/54MB, paused 1.087ms total 34.666ms
08-04 13:08:44.289 12398 15987 I art     : Starting a blocking GC Explicit
08-04 13:08:44.324 12398 15987 I art     : Explicit concurrent mark sweep GC freed 3(96B) AllocSpace objects, 0(0B) LOS objects, 29% free, 38MB/54MB, paused 996us total 34.180ms
08-04 13:08:44.333 12398 15987 I art     : Starting a blocking GC Explicit
08-04 13:08:44.368 12398 15987 I art     : Explicit concurrent mark sweep GC freed 94(3KB) AllocSpace objects, 0(0B) LOS objects, 29% free, 38MB/54MB, paused 1.107ms total 34.418ms
08-04 13:08:44.686 12398 15139 I art     : Starting a blocking GC Explicit
08-04 13:08:44.724 12398 15139 I art     : Explicit concurrent mark sweep GC freed 1554(89KB) AllocSpace objects, 1(20KB) LOS objects, 29% free, 38MB/54MB, paused 1.274ms total 37.477ms
08-04 13:08:44.734 12398 15139 I art     : Starting a blocking GC Explicit
08-04 13:08:44.770 12398 15139 I art     : Explicit concurrent mark sweep GC freed 34(1168B) AllocSpace objects, 0(0B) LOS objects, 29% free, 38MB/54MB, paused 1.146ms total 36.165ms
08-04 13:08:44.780 12398 15139 I art     : Starting a blocking GC Explicit
08-04 13:08:44.817 12398 15139 I art     : Explicit concurrent mark sweep GC freed 15(480B) AllocSpace objects, 0(0B) LOS objects, 29% free, 38MB/54MB, paused 1.115ms total 36.386ms
08-04 13:08:44.828 12398 15139 I art     : Starting a blocking GC Explicit
08-04 13:08:44.866 12398 15139 I art     : Explicit concurrent mark sweep GC freed 1602(62KB) AllocSpace objects, 0(0B) LOS objects, 29% free, 38MB/54MB, paused 1.102ms total 38.022ms
08-04 13:08:44.877 12398 15139 I art     : Starting a blocking GC Explicit
08-04 13:08:44.901 12398 15821 E baseline.com.newsblur.network.APIResponse: Error (unexpected end of stream on https://www.newsblur.com/...) calling https://www.newsblur.com/reader/mark_story_hashes_as_read/
08-04 13:08:44.901 12398 15821 E baseline.com.newsblur.network.APIResponse: java.io.IOException: unexpected end of stream on https://www.newsblur.com/...
08-04 13:08:44.901 12398 15821 E baseline.com.newsblur.network.APIResponse: 	at okhttp3.internal.http1.Http1ExchangeCodec.readResponseHeaders(Http1ExchangeCodec.java:236)
08-04 13:08:44.901 12398 15821 E baseline.com.newsblur.network.APIResponse: 	at okhttp3.internal.connection.Exchange.readResponseHeaders(Exchange.java:115)
08-04 13:08:44.901 12398 15821 E baseline.com.newsblur.network.APIResponse: 	at okhttp3.internal.http.CallServerInterceptor.intercept(CallServerInterceptor.java:94)
08-04 13:08:44.901 12398 15821 E baseline.com.newsblur.network.APIResponse: 	at okhttp3.internal.http.RealInterceptorChain.proceed(RealInterceptorChain.java:142)
08-04 13:08:44.901 12398 15821 E baseline.com.newsblur.network.APIResponse: 	at okhttp3.internal.connection.ConnectInterceptor.intercept(ConnectInterceptor.java:43)
08-04 13:08:44.901 12398 15821 E baseline.com.newsblur.network.APIResponse: 	at okhttp3.internal.http.RealInterceptorChain.proceed(RealInterceptorChain.java:142)
08-04 13:08:44.901 12398 15821 E baseline.com.newsblur.network.APIResponse: 	at okhttp3.internal.http.RealInterceptorChain.proceed(RealInterceptorChain.java:117)
08-04 13:08:44.901 12398 15821 E baseline.com.newsblur.network.APIResponse: 	at okhttp3.internal.cache.CacheInterceptor.intercept(CacheInterceptor.java:94)
08-04 13:08:44.901 12398 15821 E baseline.com.newsblur.network.APIResponse: 	at okhttp3.internal.http.RealInterceptorChain.proceed(RealInterceptorChain.java:142)
08-04 13:08:44.901 12398 15821 E baseline.com.newsblur.network.APIResponse: 	at okhttp3.internal.http.RealInterceptorChain.proceed(RealInterceptorChain.java:117)
08-04 13:08:44.901 12398 15821 E baseline.com.newsblur.network.APIResponse: 	at okhttp3.internal.http.BridgeInterceptor.intercept(BridgeInterceptor.java:93)
08-04 13:08:44.901 12398 15821 E baseline.com.newsblur.network.APIResponse: 	at okhttp3.internal.http.RealInterceptorChain.proceed(RealInterceptorChain.java:142)
08-04 13:08:44.901 12398 15821 E baseline.com.newsblur.network.APIResponse: 	at okhttp3.internal.http.RetryAndFollowUpInterceptor.intercept(RetryAndFollowUpInterceptor.java:88)
08-04 13:08:44.901 12398 15821 E baseline.com.newsblur.network.APIResponse: 	at okhttp3.internal.http.RealInterceptorChain.proceed(RealInterceptorChain.java:142)
08-04 13:08:44.901 12398 15821 E baseline.com.newsblur.network.APIResponse: 	at okhttp3.internal.http.RealInterceptorChain.proceed(RealInterceptorChain.java:117)
08-04 13:08:44.901 12398 15821 E baseline.com.newsblur.network.APIResponse: 	at okhttp3.RealCall.getResponseWithInterceptorChain(RealCall.java:229)
08-04 13:08:44.901 12398 15821 E baseline.com.newsblur.network.APIResponse: 	at okhttp3.RealCall.execute(RealCall.java:81)
08-04 13:08:44.901 12398 15821 E baseline.com.newsblur.network.APIResponse: 	at baseline.com.newsblur.network.APIResponse.<init>(APIResponse.java:57)
08-04 13:08:44.901 12398 15821 E baseline.com.newsblur.network.APIResponse: 	at baseline.com.newsblur.network.APIResponse.<init>(APIResponse.java:43)
08-04 13:08:44.901 12398 15821 E baseline.com.newsblur.network.APIResponse: 	at baseline.com.newsblur.network.APIManager.post_single(APIManager.java:702)
08-04 13:08:44.901 12398 15821 E baseline.com.newsblur.network.APIResponse: 	at baseline.com.newsblur.network.APIManager.post(APIManager.java:675)
08-04 13:08:44.901 12398 15821 E baseline.com.newsblur.network.APIResponse: 	at baseline.com.newsblur.network.APIManager.post(APIManager.java:714)
08-04 13:08:44.901 12398 15821 E baseline.com.newsblur.network.APIResponse: 	at baseline.com.newsblur.network.APIManager.markStoryAsRead(APIManager.java:205)
08-04 13:08:44.901 12398 15821 E baseline.com.newsblur.network.APIResponse: 	at baseline.com.newsblur.util.ReadingAction.doRemote(ReadingAction.java:281)
08-04 13:08:44.901 12398 15821 E baseline.com.newsblur.network.APIResponse: 	at baseline.com.newsblur.service.NBSyncService.syncActions(NBSyncService.java:400)
08-04 13:08:44.901 12398 15821 E baseline.com.newsblur.network.APIResponse: 	at baseline.com.newsblur.service.NBSyncService.doSync(NBSyncService.java:298)
08-04 13:08:44.901 12398 15821 E baseline.com.newsblur.network.APIResponse: 	at baseline.com.newsblur.service.NBSyncService.access$100(NBSyncService.java:67)
08-04 13:08:44.901 12398 15821 E baseline.com.newsblur.network.APIResponse: 	at baseline.com.newsblur.service.NBSyncService$1.run(NBSyncService.java:188)
08-04 13:08:44.901 12398 15821 E baseline.com.newsblur.network.APIResponse: 	at java.util.concurrent.ThreadPoolExecutor.runWorker(ThreadPoolExecutor.java:1113)
08-04 13:08:44.901 12398 15821 E baseline.com.newsblur.network.APIResponse: 	at java.util.concurrent.ThreadPoolExecutor$Worker.run(ThreadPoolExecutor.java:588)
08-04 13:08:44.901 12398 15821 E baseline.com.newsblur.network.APIResponse: 	at java.lang.Thread.run(Thread.java:818)
08-04 13:08:44.901 12398 15821 E baseline.com.newsblur.network.APIResponse: Caused by: java.io.EOFException: \n not found: limit=0 content=
08-04 13:08:44.901 12398 15821 E baseline.com.newsblur.network.APIResponse: 	at okio.RealBufferedSource.readUtf8LineStrict(RealBufferedSource.java:240)
08-04 13:08:44.901 12398 15821 E baseline.com.newsblur.network.APIResponse: 	at okhttp3.internal.http1.Http1ExchangeCodec.readHeaderLine(Http1ExchangeCodec.java:242)
08-04 13:08:44.901 12398 15821 E baseline.com.newsblur.network.APIResponse: 	at okhttp3.internal.http1.Http1ExchangeCodec.readResponseHeaders(Http1ExchangeCodec.java:213)
08-04 13:08:44.901 12398 15821 E baseline.com.newsblur.network.APIResponse: 	... 30 more
08-04 13:08:44.903 12398 15821 I baseline.com.newsblur.network.APIManager: API call failed, pausing before retry number 2
08-04 13:08:44.911 12398 15139 I art     : Explicit concurrent mark sweep GC freed 873(198KB) AllocSpace objects, 2(40KB) LOS objects, 29% free, 38MB/54MB, paused 1.015ms total 33.897ms
08-04 13:08:45.254 12398 15987 I art     : Starting a blocking GC Explicit
08-04 13:08:45.296 12398 15987 I art     : Explicit concurrent mark sweep GC freed 1566(100KB) AllocSpace objects, 1(20KB) LOS objects, 29% free, 38MB/54MB, paused 1.086ms total 41.609ms
08-04 13:08:45.311 12398 15987 I art     : Starting a blocking GC Explicit
08-04 13:08:45.348 12398 15987 I art     : Explicit concurrent mark sweep GC freed 44(1520B) AllocSpace objects, 0(0B) LOS objects, 29% free, 38MB/54MB, paused 1.045ms total 36.700ms
08-04 13:08:45.358 12398 15987 I art     : Starting a blocking GC Explicit
08-04 13:08:45.395 12398 15987 I art     : Explicit concurrent mark sweep GC freed 3(96B) AllocSpace objects, 0(0B) LOS objects, 29% free, 38MB/54MB, paused 1.023ms total 36.617ms
08-04 13:08:45.406 12398 15987 I art     : Starting a blocking GC Explicit
08-04 13:08:45.444 12398 15987 I art     : Explicit concurrent mark sweep GC freed 3(96B) AllocSpace objects, 0(0B) LOS objects, 29% free, 38MB/54MB, paused 1.023ms total 37.696ms
08-04 13:08:45.454 12398 15987 I art     : Starting a blocking GC Explicit
08-04 13:08:45.492 12398 15987 I art     : Explicit concurrent mark sweep GC freed 3(96B) AllocSpace objects, 0(0B) LOS objects, 29% free, 38MB/54MB, paused 1.179ms total 37.754ms
08-04 13:08:45.849 12398 15763 I art     : Starting a blocking GC Explicit
08-04 13:08:45.890 12398 15763 I art     : Explicit concurrent mark sweep GC freed 1443(83KB) AllocSpace objects, 1(20KB) LOS objects, 29% free, 38MB/54MB, paused 1.078ms total 40.566ms
08-04 13:08:45.900 12398 15763 I art     : Starting a blocking GC Explicit
08-04 13:08:45.939 12398 15763 I art     : Explicit concurrent mark sweep GC freed 22(784B) AllocSpace objects, 0(0B) LOS objects, 29% free, 38MB/54MB, paused 1.061ms total 38.690ms
08-04 13:08:45.950 12398 15763 I art     : Starting a blocking GC Explicit
08-04 13:08:45.988 12398 15763 I art     : Explicit concurrent mark sweep GC freed 3(96B) AllocSpace objects, 0(0B) LOS objects, 29% free, 38MB/54MB, paused 1.093ms total 38.257ms
08-04 13:08:45.999 12398 15763 I art     : Starting a blocking GC Explicit
08-04 13:08:46.038 12398 15763 I art     : Explicit concurrent mark sweep GC freed 3(96B) AllocSpace objects, 0(0B) LOS objects, 29% free, 38MB/54MB, paused 1.112ms total 38.218ms
08-04 13:08:46.048 12398 15763 I art     : Starting a blocking GC Explicit
08-04 13:08:46.087 12398 15763 I art     : Explicit concurrent mark sweep GC freed 3(96B) AllocSpace objects, 0(0B) LOS objects, 29% free, 38MB/54MB, paused 1.049ms total 38.518ms
08-04 13:08:46.455 12398 12414 I art     : Starting a blocking GC Explicit
08-04 13:08:46.494 12398 12414 I art     : Explicit concurrent mark sweep GC freed 1444(83KB) AllocSpace objects, 1(20KB) LOS objects, 29% free, 38MB/54MB, paused 1.071ms total 39.189ms
08-04 13:08:46.505 12398 12414 I art     : Starting a blocking GC Explicit
08-04 13:08:46.544 12398 12414 I art     : Explicit concurrent mark sweep GC freed 22(784B) AllocSpace objects, 0(0B) LOS objects, 29% free, 38MB/54MB, paused 1.067ms total 38.969ms
08-04 13:08:46.555 12398 12414 I art     : Starting a blocking GC Explicit
08-04 13:08:46.594 12398 12414 I art     : Explicit concurrent mark sweep GC freed 3(96B) AllocSpace objects, 0(0B) LOS objects, 29% free, 38MB/54MB, paused 1.027ms total 38.782ms
08-04 13:08:46.604 12398 12414 I art     : Starting a blocking GC Explicit
08-04 13:08:46.644 12398 12414 I art     : Explicit concurrent mark sweep GC freed 3(96B) AllocSpace objects, 0(0B) LOS objects, 29% free, 38MB/54MB, paused 1.052ms total 39.274ms
08-04 13:08:46.654 12398 12414 I art     : Starting a blocking GC Explicit
08-04 13:08:46.693 12398 12414 I art     : Explicit concurrent mark sweep GC freed 3(96B) AllocSpace objects, 0(0B) LOS objects, 29% free, 38MB/54MB, paused 1.067ms total 38.942ms
08-04 13:08:47.063 12398 12411 I art     : Starting a blocking GC Explicit
08-04 13:08:47.103 12398 12411 I art     : Explicit concurrent mark sweep GC freed 1444(83KB) AllocSpace objects, 1(20KB) LOS objects, 29% free, 38MB/54MB, paused 1.015ms total 39.798ms
08-04 13:08:47.114 12398 12411 I art     : Starting a blocking GC Explicit
08-04 13:08:47.154 12398 12411 I art     : Explicit concurrent mark sweep GC freed 22(784B) AllocSpace objects, 0(0B) LOS objects, 29% free, 38MB/54MB, paused 1.063ms total 39.746ms
08-04 13:08:47.164 12398 12411 I art     : Starting a blocking GC Explicit
08-04 13:08:47.204 12398 12411 I art     : Explicit concurrent mark sweep GC freed 3(96B) AllocSpace objects, 0(0B) LOS objects, 29% free, 38MB/54MB, paused 1.093ms total 39.135ms
08-04 13:08:47.214 12398 12411 I art     : Starting a blocking GC Explicit
08-04 13:08:47.253 12398 12411 I art     : Explicit concurrent mark sweep GC freed 3(96B) AllocSpace objects, 0(0B) LOS objects, 29% free, 38MB/54MB, paused 1.035ms total 38.065ms
08-04 13:08:47.263 12398 12411 I art     : Starting a blocking GC Explicit
08-04 13:08:47.302 12398 12411 I art     : Explicit concurrent mark sweep GC freed 3(96B) AllocSpace objects, 0(0B) LOS objects, 29% free, 38MB/54MB, paused 1.060ms total 38.492ms
08-04 13:08:47.610 12398 15139 I art     : Starting a blocking GC Explicit
08-04 13:08:47.649 12398 15139 I art     : Explicit concurrent mark sweep GC freed 1442(83KB) AllocSpace objects, 1(20KB) LOS objects, 29% free, 38MB/54MB, paused 1.104ms total 38.787ms
08-04 13:08:47.660 12398 15139 I art     : Starting a blocking GC Explicit
08-04 13:08:47.697 12398 15139 I art     : Explicit concurrent mark sweep GC freed 22(784B) AllocSpace objects, 0(0B) LOS objects, 29% free, 38MB/54MB, paused 1.084ms total 37.441ms
08-04 13:08:47.707 12398 15139 I art     : Starting a blocking GC Explicit
08-04 13:08:47.745 12398 15139 I art     : Explicit concurrent mark sweep GC freed 3(96B) AllocSpace objects, 0(0B) LOS objects, 29% free, 38MB/54MB, paused 1.043ms total 37.097ms
08-04 13:08:47.755 12398 15139 I art     : Starting a blocking GC Explicit
08-04 13:08:47.792 12398 15139 I art     : Explicit concurrent mark sweep GC freed 3(96B) AllocSpace objects, 0(0B) LOS objects, 29% free, 38MB/54MB, paused 1.070ms total 37.129ms
08-04 13:08:47.803 12398 15139 I art     : Starting a blocking GC Explicit
08-04 13:08:47.832 16313 16313 D AndroidRuntime: >>>>>> START com.android.internal.os.RuntimeInit uid 2000 <<<<<<
08-04 13:08:47.837 16313 16313 D AndroidRuntime: CheckJNI is OFF
08-04 13:08:47.840 12398 15139 I art     : Explicit concurrent mark sweep GC freed 3(96B) AllocSpace objects, 0(0B) LOS objects, 29% free, 38MB/54MB, paused 1.117ms total 37.654ms
08-04 13:08:47.871 16313 16313 D ICU     : No timezone override file found: /data/misc/zoneinfo/current/icu/icu_tzdata.dat
08-04 13:08:47.903 16313 16313 I Radio-JNI: register_android_hardware_Radio DONE
08-04 13:08:47.925 16313 16313 D AndroidRuntime: Calling main entry com.android.commands.input.Input
08-04 13:08:47.926 16313 16313 I Input   : injectKeyEvent: KeyEvent { action=ACTION_DOWN, keyCode=KEYCODE_BACK, scanCode=0, metaState=0, flags=0x0, repeatCount=0, eventTime=709744340, downTime=709744340, deviceId=-1, source=0x101 }
08-04 13:08:47.933 16313 16313 I Input   : injectKeyEvent: KeyEvent { action=ACTION_UP, keyCode=KEYCODE_BACK, scanCode=0, metaState=0, flags=0x0, repeatCount=0, eventTime=709744340, downTime=709744340, deviceId=-1, source=0x101 }
08-04 13:08:47.941 16313 16313 D AndroidRuntime: Shutting down VM
08-04 13:08:48.078 13866 13866 I GoogleInputMethodServic: GoogleInputMethodService.onFinishInput():3138 
08-04 13:08:48.080 13866 13866 I GoogleInputMethodServic: GoogleInputMethodService.onStartInput():1808 
08-04 13:08:48.136 12398 15139 I art     : Starting a blocking GC Explicit
08-04 13:08:48.177 12398 15139 I art     : Explicit concurrent mark sweep GC freed 3290(257KB) AllocSpace objects, 5(100KB) LOS objects, 29% free, 38MB/54MB, paused 1.026ms total 40.361ms
08-04 13:08:48.187 12398 15139 I art     : Starting a blocking GC Explicit
08-04 13:08:48.224 12398 15139 I art     : Explicit concurrent mark sweep GC freed 191(9KB) AllocSpace objects, 1(28KB) LOS objects, 29% free, 38MB/54MB, paused 1.084ms total 37.395ms
08-04 13:08:48.236 12398 15139 I art     : Starting a blocking GC Explicit
08-04 13:08:48.279 12398 15139 I art     : Explicit concurrent mark sweep GC freed 3(96B) AllocSpace objects, 0(0B) LOS objects, 29% free, 38MB/54MB, paused 1.017ms total 42.846ms
08-04 13:08:48.294 12398 15139 I art     : Starting a blocking GC Explicit
08-04 13:08:48.332 13866 13882 I PeriodicStatsRunner: PeriodicStatsRunner.call():175 call()
08-04 13:08:48.333 13866 13882 I PeriodicStatsRunner: PeriodicStatsRunner.call():179 No submit PeriodicStats since input started.
08-04 13:08:48.341 12398 15139 I art     : Explicit concurrent mark sweep GC freed 3(96B) AllocSpace objects, 0(0B) LOS objects, 29% free, 38MB/54MB, paused 1.079ms total 46.988ms
08-04 13:08:48.355 12398 15139 I art     : Starting a blocking GC Explicit
08-04 13:08:48.397 12398 15139 I art     : Explicit concurrent mark sweep GC freed 3(96B) AllocSpace objects, 0(0B) LOS objects, 29% free, 38MB/54MB, paused 1.312ms total 41.639ms
08-04 13:08:48.480 12398 15821 E baseline.com.newsblur.network.APIResponse: Error (unexpected end of stream on https://www.newsblur.com/...) calling https://www.newsblur.com/reader/mark_story_hashes_as_read/
08-04 13:08:48.480 12398 15821 E baseline.com.newsblur.network.APIResponse: java.io.IOException: unexpected end of stream on https://www.newsblur.com/...
08-04 13:08:48.480 12398 15821 E baseline.com.newsblur.network.APIResponse: 	at okhttp3.internal.http1.Http1ExchangeCodec.readResponseHeaders(Http1ExchangeCodec.java:236)
08-04 13:08:48.480 12398 15821 E baseline.com.newsblur.network.APIResponse: 	at okhttp3.internal.connection.Exchange.readResponseHeaders(Exchange.java:115)
08-04 13:08:48.480 12398 15821 E baseline.com.newsblur.network.APIResponse: 	at okhttp3.internal.http.CallServerInterceptor.intercept(CallServerInterceptor.java:94)
08-04 13:08:48.480 12398 15821 E baseline.com.newsblur.network.APIResponse: 	at okhttp3.internal.http.RealInterceptorChain.proceed(RealInterceptorChain.java:142)
08-04 13:08:48.480 12398 15821 E baseline.com.newsblur.network.APIResponse: 	at okhttp3.internal.connection.ConnectInterceptor.intercept(ConnectInterceptor.java:43)
08-04 13:08:48.480 12398 15821 E baseline.com.newsblur.network.APIResponse: 	at okhttp3.internal.http.RealInterceptorChain.proceed(RealInterceptorChain.java:142)
08-04 13:08:48.480 12398 15821 E baseline.com.newsblur.network.APIResponse: 	at okhttp3.internal.http.RealInterceptorChain.proceed(RealInterceptorChain.java:117)
08-04 13:08:48.480 12398 15821 E baseline.com.newsblur.network.APIResponse: 	at okhttp3.internal.cache.CacheInterceptor.intercept(CacheInterceptor.java:94)
08-04 13:08:48.480 12398 15821 E baseline.com.newsblur.network.APIResponse: 	at okhttp3.internal.http.RealInterceptorChain.proceed(RealInterceptorChain.java:142)
08-04 13:08:48.480 12398 15821 E baseline.com.newsblur.network.APIResponse: 	at okhttp3.internal.http.RealInterceptorChain.proceed(RealInterceptorChain.java:117)
08-04 13:08:48.480 12398 15821 E baseline.com.newsblur.network.APIResponse: 	at okhttp3.internal.http.BridgeInterceptor.intercept(BridgeInterceptor.java:93)
08-04 13:08:48.480 12398 15821 E baseline.com.newsblur.network.APIResponse: 	at okhttp3.internal.http.RealInterceptorChain.proceed(RealInterceptorChain.java:142)
08-04 13:08:48.480 12398 15821 E baseline.com.newsblur.network.APIResponse: 	at okhttp3.internal.http.RetryAndFollowUpInterceptor.intercept(RetryAndFollowUpInterceptor.java:88)
08-04 13:08:48.480 12398 15821 E baseline.com.newsblur.network.APIResponse: 	at okhttp3.internal.http.RealInterceptorChain.proceed(RealInterceptorChain.java:142)
08-04 13:08:48.480 12398 15821 E baseline.com.newsblur.network.APIResponse: 	at okhttp3.internal.http.RealInterceptorChain.proceed(RealInterceptorChain.java:117)
08-04 13:08:48.480 12398 15821 E baseline.com.newsblur.network.APIResponse: 	at okhttp3.RealCall.getResponseWithInterceptorChain(RealCall.java:229)
08-04 13:08:48.480 12398 15821 E baseline.com.newsblur.network.APIResponse: 	at okhttp3.RealCall.execute(RealCall.java:81)
08-04 13:08:48.480 12398 15821 E baseline.com.newsblur.network.APIResponse: 	at baseline.com.newsblur.network.APIResponse.<init>(APIResponse.java:57)
08-04 13:08:48.480 12398 15821 E baseline.com.newsblur.network.APIResponse: 	at baseline.com.newsblur.network.APIResponse.<init>(APIResponse.java:43)
08-04 13:08:48.480 12398 15821 E baseline.com.newsblur.network.APIResponse: 	at baseline.com.newsblur.network.APIManager.post_single(APIManager.java:702)
08-04 13:08:48.480 12398 15821 E baseline.com.newsblur.network.APIResponse: 	at baseline.com.newsblur.network.APIManager.post(APIManager.java:675)
08-04 13:08:48.480 12398 15821 E baseline.com.newsblur.network.APIResponse: 	at baseline.com.newsblur.network.APIManager.post(APIManager.java:714)
08-04 13:08:48.480 12398 15821 E baseline.com.newsblur.network.APIResponse: 	at baseline.com.newsblur.network.APIManager.markStoryAsRead(APIManager.java:205)
08-04 13:08:48.480 12398 15821 E baseline.com.newsblur.network.APIResponse: 	at baseline.com.newsblur.util.ReadingAction.doRemote(ReadingAction.java:281)
08-04 13:08:48.480 12398 15821 E baseline.com.newsblur.network.APIResponse: 	at baseline.com.newsblur.service.NBSyncService.syncActions(NBSyncService.java:400)
08-04 13:08:48.480 12398 15821 E baseline.com.newsblur.network.APIResponse: 	at baseline.com.newsblur.service.NBSyncService.doSync(NBSyncService.java:298)
08-04 13:08:48.480 12398 15821 E baseline.com.newsblur.network.APIResponse: 	at baseline.com.newsblur.service.NBSyncService.access$100(NBSyncService.java:67)
08-04 13:08:48.480 12398 15821 E baseline.com.newsblur.network.APIResponse: 	at baseline.com.newsblur.service.NBSyncService$1.run(NBSyncService.java:188)
08-04 13:08:48.480 12398 15821 E baseline.com.newsblur.network.APIResponse: 	at java.util.concurrent.ThreadPoolExecutor.runWorker(ThreadPoolExecutor.java:1113)
08-04 13:08:48.480 12398 15821 E baseline.com.newsblur.network.APIResponse: 	at java.util.concurrent.ThreadPoolExecutor$Worker.run(ThreadPoolExecutor.java:588)
08-04 13:08:48.480 12398 15821 E baseline.com.newsblur.network.APIResponse: 	at java.lang.Thread.run(Thread.java:818)
08-04 13:08:48.480 12398 15821 E baseline.com.newsblur.network.APIResponse: Caused by: java.io.EOFException: \n not found: limit=0 content=
08-04 13:08:48.480 12398 15821 E baseline.com.newsblur.network.APIResponse: 	at okio.RealBufferedSource.readUtf8LineStrict(RealBufferedSource.java:240)
08-04 13:08:48.480 12398 15821 E baseline.com.newsblur.network.APIResponse: 	at okhttp3.internal.http1.Http1ExchangeCodec.readHeaderLine(Http1ExchangeCodec.java:242)
08-04 13:08:48.480 12398 15821 E baseline.com.newsblur.network.APIResponse: 	at okhttp3.internal.http1.Http1ExchangeCodec.readResponseHeaders(Http1ExchangeCodec.java:213)
08-04 13:08:48.480 12398 15821 E baseline.com.newsblur.network.APIResponse: 	... 30 more
08-04 13:08:48.481 12398 15821 I baseline.com.newsblur.service.NBSyncService: Holding reading action with server-side or network error.
08-04 13:08:48.491 12398 15821 W baseline.com.newsblur.service.NBSyncService: hard API failure
08-04 13:08:48.720 12398 12414 I art     : Starting a blocking GC Explicit
08-04 13:08:48.757 12398 12414 I art     : Explicit concurrent mark sweep GC freed 5897(516KB) AllocSpace objects, 7(140KB) LOS objects, 29% free, 38MB/54MB, paused 1.005ms total 37.187ms
08-04 13:08:48.767 12398 12414 I art     : Starting a blocking GC Explicit
08-04 13:08:48.803 12398 12414 I art     : Explicit concurrent mark sweep GC freed 344(14KB) AllocSpace objects, 0(0B) LOS objects, 29% free, 38MB/54MB, paused 993us total 35.554ms
08-04 13:08:48.813 12398 12414 I art     : Starting a blocking GC Explicit
08-04 13:08:48.849 12398 12414 I art     : Explicit concurrent mark sweep GC freed 206(8KB) AllocSpace objects, 0(0B) LOS objects, 29% free, 38MB/54MB, paused 1.361ms total 36.134ms
08-04 13:08:48.850 12398 12410 I art     : WaitForGcToComplete blocked for 30.440ms for cause HeapTrim
08-04 13:08:48.860 12398 12414 I art     : Starting a blocking GC Explicit
08-04 13:08:48.896 12398 12414 I art     : Explicit concurrent mark sweep GC freed 1504(57KB) AllocSpace objects, 0(0B) LOS objects, 29% free, 38MB/54MB, paused 981us total 36.321ms
08-04 13:08:48.904 12398 15821 E baseline.com.newsblur.network.APIResponse: Error (unexpected end of stream on https://www.newsblur.com/...) calling https://www.newsblur.com/reader/mark_story_hashes_as_read/
08-04 13:08:48.904 12398 15821 E baseline.com.newsblur.network.APIResponse: java.io.IOException: unexpected end of stream on https://www.newsblur.com/...
08-04 13:08:48.904 12398 15821 E baseline.com.newsblur.network.APIResponse: 	at okhttp3.internal.http1.Http1ExchangeCodec.readResponseHeaders(Http1ExchangeCodec.java:236)
08-04 13:08:48.904 12398 15821 E baseline.com.newsblur.network.APIResponse: 	at okhttp3.internal.connection.Exchange.readResponseHeaders(Exchange.java:115)
08-04 13:08:48.904 12398 15821 E baseline.com.newsblur.network.APIResponse: 	at okhttp3.internal.http.CallServerInterceptor.intercept(CallServerInterceptor.java:94)
08-04 13:08:48.904 12398 15821 E baseline.com.newsblur.network.APIResponse: 	at okhttp3.internal.http.RealInterceptorChain.proceed(RealInterceptorChain.java:142)
08-04 13:08:48.904 12398 15821 E baseline.com.newsblur.network.APIResponse: 	at okhttp3.internal.connection.ConnectInterceptor.intercept(ConnectInterceptor.java:43)
08-04 13:08:48.904 12398 15821 E baseline.com.newsblur.network.APIResponse: 	at okhttp3.internal.http.RealInterceptorChain.proceed(RealInterceptorChain.java:142)
08-04 13:08:48.904 12398 15821 E baseline.com.newsblur.network.APIResponse: 	at okhttp3.internal.http.RealInterceptorChain.proceed(RealInterceptorChain.java:117)
08-04 13:08:48.904 12398 15821 E baseline.com.newsblur.network.APIResponse: 	at okhttp3.internal.cache.CacheInterceptor.intercept(CacheInterceptor.java:94)
08-04 13:08:48.904 12398 15821 E baseline.com.newsblur.network.APIResponse: 	at okhttp3.internal.http.RealInterceptorChain.proceed(RealInterceptorChain.java:142)
08-04 13:08:48.904 12398 15821 E baseline.com.newsblur.network.APIResponse: 	at okhttp3.internal.http.RealInterceptorChain.proceed(RealInterceptorChain.java:117)
08-04 13:08:48.904 12398 15821 E baseline.com.newsblur.network.APIResponse: 	at okhttp3.internal.http.BridgeInterceptor.intercept(BridgeInterceptor.java:93)
08-04 13:08:48.904 12398 15821 E baseline.com.newsblur.network.APIResponse: 	at okhttp3.internal.http.RealInterceptorChain.proceed(RealInterceptorChain.java:142)
08-04 13:08:48.904 12398 15821 E baseline.com.newsblur.network.APIResponse: 	at okhttp3.internal.http.RetryAndFollowUpInterceptor.intercept(RetryAndFollowUpInterceptor.java:88)
08-04 13:08:48.904 12398 15821 E baseline.com.newsblur.network.APIResponse: 	at okhttp3.internal.http.RealInterceptorChain.proceed(RealInterceptorChain.java:142)
08-04 13:08:48.904 12398 15821 E baseline.com.newsblur.network.APIResponse: 	at okhttp3.internal.http.RealInterceptorChain.proceed(RealInterceptorChain.java:117)
08-04 13:08:48.904 12398 15821 E baseline.com.newsblur.network.APIResponse: 	at okhttp3.RealCall.getResponseWithInterceptorChain(RealCall.java:229)
08-04 13:08:48.904 12398 15821 E baseline.com.newsblur.network.APIResponse: 	at okhttp3.RealCall.execute(RealCall.java:81)
08-04 13:08:48.904 12398 15821 E baseline.com.newsblur.network.APIResponse: 	at baseline.com.newsblur.network.APIResponse.<init>(APIResponse.java:57)
08-04 13:08:48.904 12398 15821 E baseline.com.newsblur.network.APIResponse: 	at baseline.com.newsblur.network.APIResponse.<init>(APIResponse.java:43)
08-04 13:08:48.904 12398 15821 E baseline.com.newsblur.network.APIResponse: 	at baseline.com.newsblur.network.APIManager.post_single(APIManager.java:702)
08-04 13:08:48.904 12398 15821 E baseline.com.newsblur.network.APIResponse: 	at baseline.com.newsblur.network.APIManager.post(APIManager.java:675)
08-04 13:08:48.904 12398 15821 E baseline.com.newsblur.network.APIResponse: 	at baseline.com.newsblur.network.APIManager.post(APIManager.java:714)
08-04 13:08:48.904 12398 15821 E baseline.com.newsblur.network.APIResponse: 	at baseline.com.newsblur.network.APIManager.markStoryAsRead(APIManager.java:205)
08-04 13:08:48.904 12398 15821 E baseline.com.newsblur.network.APIResponse: 	at baseline.com.newsblur.util.ReadingAction.doRemote(ReadingAction.java:281)
08-04 13:08:48.904 12398 15821 E baseline.com.newsblur.network.APIResponse: 	at baseline.com.newsblur.service.NBSyncService.syncActions(NBSyncService.java:400)
08-04 13:08:48.904 12398 15821 E baseline.com.newsblur.network.APIResponse: 	at baseline.com.newsblur.service.NBSyncService.doSync(NBSyncService.java:298)
08-04 13:08:48.904 12398 15821 E baseline.com.newsblur.network.APIResponse: 	at baseline.com.newsblur.service.NBSyncService.access$100(NBSyncService.java:67)
08-04 13:08:48.904 12398 15821 E baseline.com.newsblur.network.APIResponse: 	at baseline.com.newsblur.service.NBSyncService$1.run(NBSyncService.java:188)
08-04 13:08:48.904 12398 15821 E baseline.com.newsblur.network.APIResponse: 	at java.util.concurrent.ThreadPoolExecutor.runWorker(ThreadPoolExecutor.java:1113)
08-04 13:08:48.904 12398 15821 E baseline.com.newsblur.network.APIResponse: 	at java.util.concurrent.ThreadPoolExecutor$Worker.run(ThreadPoolExecutor.java:588)
08-04 13:08:48.904 12398 15821 E baseline.com.newsblur.network.APIResponse: 	at java.lang.Thread.run(Thread.java:818)
08-04 13:08:48.904 12398 15821 E baseline.com.newsblur.network.APIResponse: Caused by: java.io.EOFException: \n not found: limit=0 content=
08-04 13:08:48.904 12398 15821 E baseline.com.newsblur.network.APIResponse: 	at okio.RealBufferedSource.readUtf8LineStrict(RealBufferedSource.java:240)
08-04 13:08:48.904 12398 15821 E baseline.com.newsblur.network.APIResponse: 	at okhttp3.internal.http1.Http1ExchangeCodec.readHeaderLine(Http1ExchangeCodec.java:242)
08-04 13:08:48.904 12398 15821 E baseline.com.newsblur.network.APIResponse: 	at okhttp3.internal.http1.Http1ExchangeCodec.readResponseHeaders(Http1ExchangeCodec.java:213)
08-04 13:08:48.904 12398 15821 E baseline.com.newsblur.network.APIResponse: 	... 30 more
08-04 13:08:48.905 12398 15821 I baseline.com.newsblur.network.APIManager: API call failed, pausing before retry number 1
08-04 13:08:48.907 12398 12414 I art     : Starting a blocking GC Explicit
08-04 13:08:48.946 12398 12414 I art     : Explicit concurrent mark sweep GC freed 872(198KB) AllocSpace objects, 1(20KB) LOS objects, 29% free, 38MB/54MB, paused 1.117ms total 38.965ms
08-04 13:08:49.281 12398 12411 I art     : Starting a blocking GC Explicit
08-04 13:08:49.327 12398 12411 I art     : Explicit concurrent mark sweep GC freed 1533(98KB) AllocSpace objects, 2(40KB) LOS objects, 29% free, 38MB/54MB, paused 1.129ms total 45.096ms
08-04 13:08:49.339 12398 12411 I art     : Starting a blocking GC Explicit
08-04 13:08:49.376 12398 12411 I art     : Explicit concurrent mark sweep GC freed 35(1264B) AllocSpace objects, 0(0B) LOS objects, 29% free, 38MB/54MB, paused 1.025ms total 36.312ms
08-04 13:08:49.386 12398 12411 I art     : Starting a blocking GC Explicit
08-04 13:08:49.426 12398 12411 I art     : Explicit concurrent mark sweep GC freed 9(288B) AllocSpace objects, 0(0B) LOS objects, 29% free, 38MB/54MB, paused 1.139ms total 39.173ms
08-04 13:08:49.437 12398 12411 I art     : Starting a blocking GC Explicit
08-04 13:08:49.476 12398 12411 I art     : Explicit concurrent mark sweep GC freed 9(288B) AllocSpace objects, 0(0B) LOS objects, 29% free, 38MB/54MB, paused 1.064ms total 38.569ms
08-04 13:08:49.487 12398 12411 I art     : Starting a blocking GC Explicit
08-04 13:08:49.527 12398 12411 I art     : Explicit concurrent mark sweep GC freed 9(288B) AllocSpace objects, 0(0B) LOS objects, 29% free, 38MB/54MB, paused 1.160ms total 38.902ms
08-04 13:08:49.616 16367 16367 D AndroidRuntime: >>>>>> START com.android.internal.os.RuntimeInit uid 2000 <<<<<<
08-04 13:08:49.621 16367 16367 D AndroidRuntime: CheckJNI is OFF
08-04 13:08:49.655 16367 16367 D ICU     : No timezone override file found: /data/misc/zoneinfo/current/icu/icu_tzdata.dat
08-04 13:08:49.690 16367 16367 I Radio-JNI: register_android_hardware_Radio DONE
08-04 13:08:49.711 16367 16367 D AndroidRuntime: Calling main entry com.android.commands.input.Input
08-04 13:08:49.713 16367 16367 I Input   : injectKeyEvent: KeyEvent { action=ACTION_DOWN, keyCode=KEYCODE_BACK, scanCode=0, metaState=0, flags=0x0, repeatCount=0, eventTime=709746126, downTime=709746126, deviceId=-1, source=0x101 }
08-04 13:08:49.718 16367 16367 I Input   : injectKeyEvent: KeyEvent { action=ACTION_UP, keyCode=KEYCODE_BACK, scanCode=0, metaState=0, flags=0x0, repeatCount=0, eventTime=709746126, downTime=709746126, deviceId=-1, source=0x101 }
08-04 13:08:49.725 16367 16367 D AndroidRuntime: Shutting down VM
08-04 13:08:49.864 12398 15987 I art     : Starting a blocking GC Explicit
08-04 13:08:49.881 13866 13866 I GoogleInputMethodServic: GoogleInputMethodService.onFinishInput():3138 
08-04 13:08:49.881 13866 13866 I GoogleInputMethodServic: GoogleInputMethodService.onStartInput():1808 
08-04 13:08:49.903 12398 15987 I art     : Explicit concurrent mark sweep GC freed 9710(664KB) AllocSpace objects, 13(260KB) LOS objects, 29% free, 38MB/54MB, paused 1.296ms total 38.763ms
08-04 13:08:49.915 12398 15987 I art     : Starting a blocking GC Explicit
08-04 13:08:49.953 12398 15987 I art     : Explicit concurrent mark sweep GC freed 235(9KB) AllocSpace objects, 0(0B) LOS objects, 29% free, 38MB/54MB, paused 1.324ms total 38.471ms
08-04 13:08:49.964 12398 15987 I art     : Starting a blocking GC Explicit
08-04 13:08:49.996 12398 15987 I art     : Explicit concurrent mark sweep GC freed 82(3KB) AllocSpace objects, 0(0B) LOS objects, 29% free, 38MB/54MB, paused 966us total 32.656ms
08-04 13:08:50.006 12398 15987 I art     : Starting a blocking GC Explicit
08-04 13:08:50.042 12398 15987 I art     : Explicit concurrent mark sweep GC freed 3(96B) AllocSpace objects, 0(0B) LOS objects, 29% free, 38MB/54MB, paused 1.012ms total 35.545ms
08-04 13:08:50.053 12398 15987 I art     : Starting a blocking GC Explicit
08-04 13:08:50.086 12398 15987 I art     : Explicit concurrent mark sweep GC freed 3(96B) AllocSpace objects, 0(0B) LOS objects, 29% free, 38MB/54MB, paused 895us total 33.740ms
08-04 13:08:50.420 12398 12411 I art     : Starting a blocking GC Explicit
08-04 13:08:50.460 12398 12411 I art     : Explicit concurrent mark sweep GC freed 2003(107KB) AllocSpace objects, 1(20KB) LOS objects, 29% free, 38MB/54MB, paused 1.526ms total 39.301ms
08-04 13:08:50.470 12398 12411 I art     : Starting a blocking GC Explicit
08-04 13:08:50.507 12398 12411 I art     : Explicit concurrent mark sweep GC freed 236(11KB) AllocSpace objects, 0(0B) LOS objects, 29% free, 38MB/54MB, paused 1.096ms total 36.111ms
08-04 13:08:50.516 12398 12411 I art     : Starting a blocking GC Explicit
08-04 13:08:50.554 12398 12411 I art     : Explicit concurrent mark sweep GC freed 18(1600B) AllocSpace objects, 0(0B) LOS objects, 29% free, 38MB/54MB, paused 1.181ms total 37.850ms
08-04 13:08:50.564 12398 12411 I art     : Starting a blocking GC Explicit
08-04 13:08:50.603 12398 12411 I art     : Explicit concurrent mark sweep GC freed 9(288B) AllocSpace objects, 0(0B) LOS objects, 29% free, 38MB/54MB, paused 1.081ms total 38.011ms
08-04 13:08:50.613 12398 12411 I art     : Starting a blocking GC Explicit
08-04 13:08:50.653 12398 12411 I art     : Explicit concurrent mark sweep GC freed 9(288B) AllocSpace objects, 0(0B) LOS objects, 29% free, 38MB/54MB, paused 1.112ms total 39.654ms
08-04 13:08:50.939 12398 15821 E baseline.com.newsblur.network.APIResponse: Error (unexpected end of stream on https://www.newsblur.com/...) calling https://www.newsblur.com/reader/mark_story_hashes_as_read/
08-04 13:08:50.939 12398 15821 E baseline.com.newsblur.network.APIResponse: java.io.IOException: unexpected end of stream on https://www.newsblur.com/...
08-04 13:08:50.939 12398 15821 E baseline.com.newsblur.network.APIResponse: 	at okhttp3.internal.http1.Http1ExchangeCodec.readResponseHeaders(Http1ExchangeCodec.java:236)
08-04 13:08:50.939 12398 15821 E baseline.com.newsblur.network.APIResponse: 	at okhttp3.internal.connection.Exchange.readResponseHeaders(Exchange.java:115)
08-04 13:08:50.939 12398 15821 E baseline.com.newsblur.network.APIResponse: 	at okhttp3.internal.http.CallServerInterceptor.intercept(CallServerInterceptor.java:94)
08-04 13:08:50.939 12398 15821 E baseline.com.newsblur.network.APIResponse: 	at okhttp3.internal.http.RealInterceptorChain.proceed(RealInterceptorChain.java:142)
08-04 13:08:50.939 12398 15821 E baseline.com.newsblur.network.APIResponse: 	at okhttp3.internal.connection.ConnectInterceptor.intercept(ConnectInterceptor.java:43)
08-04 13:08:50.939 12398 15821 E baseline.com.newsblur.network.APIResponse: 	at okhttp3.internal.http.RealInterceptorChain.proceed(RealInterceptorChain.java:142)
08-04 13:08:50.939 12398 15821 E baseline.com.newsblur.network.APIResponse: 	at okhttp3.internal.http.RealInterceptorChain.proceed(RealInterceptorChain.java:117)
08-04 13:08:50.939 12398 15821 E baseline.com.newsblur.network.APIResponse: 	at okhttp3.internal.cache.CacheInterceptor.intercept(CacheInterceptor.java:94)
08-04 13:08:50.939 12398 15821 E baseline.com.newsblur.network.APIResponse: 	at okhttp3.internal.http.RealInterceptorChain.proceed(RealInterceptorChain.java:142)
08-04 13:08:50.939 12398 15821 E baseline.com.newsblur.network.APIResponse: 	at okhttp3.internal.http.RealInterceptorChain.proceed(RealInterceptorChain.java:117)
08-04 13:08:50.939 12398 15821 E baseline.com.newsblur.network.APIResponse: 	at okhttp3.internal.http.BridgeInterceptor.intercept(BridgeInterceptor.java:93)
08-04 13:08:50.939 12398 15821 E baseline.com.newsblur.network.APIResponse: 	at okhttp3.internal.http.RealInterceptorChain.proceed(RealInterceptorChain.java:142)
08-04 13:08:50.939 12398 15821 E baseline.com.newsblur.network.APIResponse: 	at okhttp3.internal.http.RetryAndFollowUpInterceptor.intercept(RetryAndFollowUpInterceptor.java:88)
08-04 13:08:50.939 12398 15821 E baseline.com.newsblur.network.APIResponse: 	at okhttp3.internal.http.RealInterceptorChain.proceed(RealInterceptorChain.java:142)
08-04 13:08:50.939 12398 15821 E baseline.com.newsblur.network.APIResponse: 	at okhttp3.internal.http.RealInterceptorChain.proceed(RealInterceptorChain.java:117)
08-04 13:08:50.939 12398 15821 E baseline.com.newsblur.network.APIResponse: 	at okhttp3.RealCall.getResponseWithInterceptorChain(RealCall.java:229)
08-04 13:08:50.939 12398 15821 E baseline.com.newsblur.network.APIResponse: 	at okhttp3.RealCall.execute(RealCall.java:81)
08-04 13:08:50.939 12398 15821 E baseline.com.newsblur.network.APIResponse: 	at baseline.com.newsblur.network.APIResponse.<init>(APIResponse.java:57)
08-04 13:08:50.939 12398 15821 E baseline.com.newsblur.network.APIResponse: 	at baseline.com.newsblur.network.APIResponse.<init>(APIResponse.java:43)
08-04 13:08:50.939 12398 15821 E baseline.com.newsblur.network.APIResponse: 	at baseline.com.newsblur.network.APIManager.post_single(APIManager.java:702)
08-04 13:08:50.939 12398 15821 E baseline.com.newsblur.network.APIResponse: 	at baseline.com.newsblur.network.APIManager.post(APIManager.java:675)
08-04 13:08:50.939 12398 15821 E baseline.com.newsblur.network.APIResponse: 	at baseline.com.newsblur.network.APIManager.post(APIManager.java:714)
08-04 13:08:50.939 12398 15821 E baseline.com.newsblur.network.APIResponse: 	at baseline.com.newsblur.network.APIManager.markStoryAsRead(APIManager.java:205)
08-04 13:08:50.939 12398 15821 E baseline.com.newsblur.network.APIResponse: 	at baseline.com.newsblur.util.ReadingAction.doRemote(ReadingAction.java:281)
08-04 13:08:50.939 12398 15821 E baseline.com.newsblur.network.APIResponse: 	at baseline.com.newsblur.service.NBSyncService.syncActions(NBSyncService.java:400)
08-04 13:08:50.939 12398 15821 E baseline.com.newsblur.network.APIResponse: 	at baseline.com.newsblur.service.NBSyncService.doSync(NBSyncService.java:298)
08-04 13:08:50.939 12398 15821 E baseline.com.newsblur.network.APIResponse: 	at baseline.com.newsblur.service.NBSyncService.access$100(NBSyncService.java:67)
08-04 13:08:50.939 12398 15821 E baseline.com.newsblur.network.APIResponse: 	at baseline.com.newsblur.service.NBSyncService$1.run(NBSyncService.java:188)
08-04 13:08:50.939 12398 15821 E baseline.com.newsblur.network.APIResponse: 	at java.util.concurrent.ThreadPoolExecutor.runWorker(ThreadPoolExecutor.java:1113)
08-04 13:08:50.939 12398 15821 E baseline.com.newsblur.network.APIResponse: 	at java.util.concurrent.ThreadPoolExecutor$Worker.run(ThreadPoolExecutor.java:588)
08-04 13:08:50.939 12398 15821 E baseline.com.newsblur.network.APIResponse: 	at java.lang.Thread.run(Thread.java:818)
08-04 13:08:50.939 12398 15821 E baseline.com.newsblur.network.APIResponse: Caused by: java.io.EOFException: \n not found: limit=0 content=
08-04 13:08:50.939 12398 15821 E baseline.com.newsblur.network.APIResponse: 	at okio.RealBufferedSource.readUtf8LineStrict(RealBufferedSource.java:240)
08-04 13:08:50.939 12398 15821 E baseline.com.newsblur.network.APIResponse: 	at okhttp3.internal.http1.Http1ExchangeCodec.readHeaderLine(Http1ExchangeCodec.java:242)
08-04 13:08:50.939 12398 15821 E baseline.com.newsblur.network.APIResponse: 	at okhttp3.internal.http1.Http1ExchangeCodec.readResponseHeaders(Http1ExchangeCodec.java:213)
08-04 13:08:50.939 12398 15821 E baseline.com.newsblur.network.APIResponse: 	... 30 more
08-04 13:08:50.940 12398 15821 I baseline.com.newsblur.network.APIManager: API call failed, pausing before retry number 2
08-04 13:08:50.991 12398 12411 I art     : Starting a blocking GC Explicit
08-04 13:08:51.032 12398 12411 I art     : Explicit concurrent mark sweep GC freed 3994(358KB) AllocSpace objects, 3(60KB) LOS objects, 29% free, 38MB/54MB, paused 1.249ms total 40.734ms
08-04 13:08:51.043 12398 12411 I art     : Starting a blocking GC Explicit
08-04 13:08:51.078 12398 12411 I art     : Explicit concurrent mark sweep GC freed 126(4KB) AllocSpace objects, 0(0B) LOS objects, 29% free, 38MB/54MB, paused 1.071ms total 35.170ms
08-04 13:08:51.088 12398 12411 I art     : Starting a blocking GC Explicit
08-04 13:08:51.123 12398 12411 I art     : Explicit concurrent mark sweep GC freed 9(288B) AllocSpace objects, 0(0B) LOS objects, 29% free, 38MB/54MB, paused 1.007ms total 34.594ms
08-04 13:08:51.132 12398 12411 I art     : Starting a blocking GC Explicit
08-04 13:08:51.168 12398 12411 I art     : Explicit concurrent mark sweep GC freed 9(288B) AllocSpace objects, 0(0B) LOS objects, 29% free, 38MB/54MB, paused 1.085ms total 35.209ms
08-04 13:08:51.178 12398 12411 I art     : Starting a blocking GC Explicit
08-04 13:08:51.216 12398 12411 I art     : Explicit concurrent mark sweep GC freed 7(224B) AllocSpace objects, 0(0B) LOS objects, 29% free, 38MB/54MB, paused 1.028ms total 37.427ms
08-04 13:08:51.362 16411 16411 D AndroidRuntime: >>>>>> START com.android.internal.os.RuntimeInit uid 2000 <<<<<<
08-04 13:08:51.367 16411 16411 D AndroidRuntime: CheckJNI is OFF
08-04 13:08:51.400 16411 16411 D ICU     : No timezone override file found: /data/misc/zoneinfo/current/icu/icu_tzdata.dat
08-04 13:08:51.431 16411 16411 I Radio-JNI: register_android_hardware_Radio DONE
08-04 13:08:51.453 16411 16411 D AndroidRuntime: Calling main entry com.android.commands.input.Input
08-04 13:08:51.454 16411 16411 I Input   : injectMotionEvent: MotionEvent { action=ACTION_DOWN, actionButton=0, id[0]=0, x[0]=553.0, y[0]=442.0, toolType[0]=TOOL_TYPE_UNKNOWN, buttonState=0, metaState=0, flags=0x0, edgeFlags=0x0, pointerCount=1, historySize=0, eventTime=709747867, downTime=709747867, deviceId=0, source=0x1002 }
08-04 13:08:51.460 16411 16411 I Input   : injectMotionEvent: MotionEvent { action=ACTION_UP, actionButton=0, id[0]=0, x[0]=553.0, y[0]=442.0, toolType[0]=TOOL_TYPE_UNKNOWN, buttonState=0, metaState=0, flags=0x0, edgeFlags=0x0, pointerCount=1, historySize=0, eventTime=709747867, downTime=709747867, deviceId=0, source=0x1002 }
08-04 13:08:51.462 16411 16411 D AndroidRuntime: Shutting down VM
08-04 13:08:51.529   918  4400 I ActivityManager: START u0 {cmp=baseline.com.newsblur/.activity.AllSharedStoriesItemsList (has extras)} from uid 10652 on display 0
08-04 13:08:51.549 12398 15166 I baseline.com.newsblur.database.BlurDatabaseHelper: reading session reset
08-04 13:08:51.550 12398 12414 I art     : Starting a blocking GC Explicit
08-04 13:08:51.594 12398 12414 I art     : Explicit concurrent mark sweep GC freed 3425(289KB) AllocSpace objects, 6(212KB) LOS objects, 29% free, 38MB/54MB, paused 1.305ms total 43.817ms
08-04 13:08:51.605 12398 12414 I art     : Starting a blocking GC Explicit
08-04 13:08:51.643 12398 12414 I art     : Explicit concurrent mark sweep GC freed 323(14KB) AllocSpace objects, 0(0B) LOS objects, 29% free, 38MB/54MB, paused 1.129ms total 37.774ms
08-04 13:08:51.654 12398 12414 I art     : Starting a blocking GC Explicit
08-04 13:08:51.693 12398 12414 I art     : Explicit concurrent mark sweep GC freed 574(45KB) AllocSpace objects, 1(20KB) LOS objects, 29% free, 38MB/54MB, paused 1.062ms total 38.078ms
08-04 13:08:51.703 12398 12414 I art     : Starting a blocking GC Explicit
08-04 13:08:51.716 12398 12398 W View    : requestLayout() improperly called by android.widget.FrameLayout{4a18ed5 V.E...... ......ID 0,0-1440,0 #7f07003f app:id/footer_view_inner} during layout: running second layout pass
08-04 13:08:51.716 12398 12398 W View    : requestLayout() improperly called by android.widget.FrameLayout{ce6ea V.E...... ......ID 0,0-1440,2091 #7f07003f app:id/footer_view_inner} during layout: running second layout pass
08-04 13:08:51.736   918   936 I ActivityManager: Displayed baseline.com.newsblur/.activity.AllSharedStoriesItemsList: +198ms
08-04 13:08:51.736 13866 13866 I GoogleInputMethodServic: GoogleInputMethodService.onFinishInput():3138 
08-04 13:08:51.737 13866 13866 I GoogleInputMethodServic: GoogleInputMethodService.onStartInput():1808 
08-04 13:08:51.743 12398 12414 I art     : Explicit concurrent mark sweep GC freed 455(38KB) AllocSpace objects, 2(40KB) LOS objects, 29% free, 38MB/54MB, paused 1.535ms total 39.233ms
08-04 13:08:51.752 12398 12414 I art     : Starting a blocking GC Explicit
08-04 13:08:51.791 12398 12414 I art     : Explicit concurrent mark sweep GC freed 1383(100KB) AllocSpace objects, 6(120KB) LOS objects, 29% free, 38MB/54MB, paused 1.336ms total 38.422ms
08-04 13:08:51.844 12398 16436 I NAPPA_EXPERIMENTATION: MetricNetworkRequestExecutionTime: REQUEST_DURATION_SYSTEM='62',REQUEST_DURATION_OKHTTP='61',REQUEST_SYNCHRONOUS='TRUE',RESPONSE_CODE='200',RESPONSE_METHOD='GET',RESPONSE_LENGTH_OKHTTP='43',RESPONSE_LENGTH_HEADER='43',REQUEST_PROTOCOL='http/1.1',REQUEST_URL='http://feeds.feedburner.com/~r/retort/~4/UffaFMiJbNs',
08-04 13:08:51.949 12398 15171 I NAPPA_EXPERIMENTATION: MetricNetworkRequestExecutionTime: REQUEST_DURATION_SYSTEM='153',REQUEST_DURATION_OKHTTP='153',REQUEST_SYNCHRONOUS='TRUE',RESPONSE_CODE='200',RESPONSE_METHOD='GET',RESPONSE_LENGTH_OKHTTP='56376',RESPONSE_LENGTH_HEADER='56376',REQUEST_PROTOCOL='h2',REQUEST_URL='https://images.fastcompany.net/image/upload/w_1280,q_auto,f_auto,fl_lossy/wp-cms/uploads/2020/07/p-1-quit-after-covid.jpg',
08-04 13:08:52.037   518   646 I ThermalEngine: ACTION: GPU - Setting GPU[0] to 450000000
08-04 13:08:52.119 12398 12414 I art     : Starting a blocking GC Explicit
08-04 13:08:52.171 12398 12414 I art     : Explicit concurrent mark sweep GC freed 2813(198KB) AllocSpace objects, 7(3MB) LOS objects, 28% free, 40MB/56MB, paused 1.365ms total 52.091ms
08-04 13:08:52.186 12398 12414 I art     : Starting a blocking GC Explicit
08-04 13:08:52.236 12398 12414 I art     : Explicit concurrent mark sweep GC freed 95(3KB) AllocSpace objects, 0(0B) LOS objects, 28% free, 40MB/56MB, paused 1.494ms total 49.269ms
08-04 13:08:52.249 12398 12414 I art     : Starting a blocking GC Explicit
08-04 13:08:52.299 12398 12414 I art     : Explicit concurrent mark sweep GC freed 6(192B) AllocSpace objects, 0(0B) LOS objects, 28% free, 40MB/56MB, paused 1.461ms total 49.587ms
08-04 13:08:52.312 12398 12414 I art     : Starting a blocking GC Explicit
08-04 13:08:52.362 12398 12414 I art     : Explicit concurrent mark sweep GC freed 7(224B) AllocSpace objects, 0(0B) LOS objects, 28% free, 40MB/56MB, paused 1.435ms total 48.881ms
08-04 13:08:52.375 12398 12414 I art     : Starting a blocking GC Explicit
08-04 13:08:52.424 12398 12414 I art     : Explicit concurrent mark sweep GC freed 7(224B) AllocSpace objects, 0(0B) LOS objects, 28% free, 40MB/56MB, paused 1.384ms total 48.395ms
08-04 13:08:52.780 12398 15763 I art     : Starting a blocking GC Explicit
08-04 13:08:52.830 12398 15763 I art     : Explicit concurrent mark sweep GC freed 1468(83KB) AllocSpace objects, 1(20KB) LOS objects, 28% free, 40MB/56MB, paused 1.497ms total 50.408ms
08-04 13:08:52.844 12398 15763 I art     : Starting a blocking GC Explicit
08-04 13:08:52.891 12398 15763 I art     : Explicit concurrent mark sweep GC freed 27(944B) AllocSpace objects, 0(0B) LOS objects, 28% free, 40MB/56MB, paused 1.454ms total 46.714ms
08-04 13:08:52.905 12398 15763 I art     : Starting a blocking GC Explicit
08-04 13:08:52.955 12398 15763 I art     : Explicit concurrent mark sweep GC freed 15(480B) AllocSpace objects, 0(0B) LOS objects, 28% free, 40MB/56MB, paused 1.330ms total 50.118ms
08-04 13:08:52.970 12398 15763 I art     : Starting a blocking GC Explicit
08-04 13:08:53.015 12398 15763 I art     : Explicit concurrent mark sweep GC freed 12(384B) AllocSpace objects, 0(0B) LOS objects, 28% free, 40MB/56MB, paused 1.328ms total 44.760ms
08-04 13:08:53.029 12398 15763 I art     : Starting a blocking GC Explicit
08-04 13:08:53.079 13866 13882 I PeriodicStatsRunner: PeriodicStatsRunner.call():175 call()
08-04 13:08:53.079 13866 13882 I PeriodicStatsRunner: PeriodicStatsRunner.call():179 No submit PeriodicStats since input started.
08-04 13:08:53.080 12398 15763 I art     : Explicit concurrent mark sweep GC freed 15(480B) AllocSpace objects, 0(0B) LOS objects, 28% free, 40MB/56MB, paused 1.490ms total 50.348ms
08-04 13:08:53.469 12398 15139 I art     : Starting a blocking GC Explicit
08-04 13:08:53.523 12398 15139 I art     : Explicit concurrent mark sweep GC freed 1478(84KB) AllocSpace objects, 1(20KB) LOS objects, 28% free, 40MB/56MB, paused 1.750ms total 53.618ms
08-04 13:08:53.536 12398 15139 I art     : Starting a blocking GC Explicit
08-04 13:08:53.586 12398 15139 I art     : Explicit concurrent mark sweep GC freed 27(944B) AllocSpace objects, 0(0B) LOS objects, 28% free, 40MB/56MB, paused 1.413ms total 49.356ms
08-04 13:08:53.599 12398 15139 I art     : Starting a blocking GC Explicit
08-04 13:08:53.651 12398 15139 I art     : Explicit concurrent mark sweep GC freed 6(192B) AllocSpace objects, 0(0B) LOS objects, 28% free, 40MB/56MB, paused 1.533ms total 51.501ms
08-04 13:08:53.665 12398 15139 I art     : Starting a blocking GC Explicit
08-04 13:08:53.716 12398 15139 I art     : Explicit concurrent mark sweep GC freed 7(224B) AllocSpace objects, 0(0B) LOS objects, 28% free, 40MB/56MB, paused 1.359ms total 51.323ms
08-04 13:08:53.730 12398 15139 I art     : Starting a blocking GC Explicit
08-04 13:08:53.782 12398 15139 I art     : Explicit concurrent mark sweep GC freed 7(224B) AllocSpace objects, 0(0B) LOS objects, 28% free, 40MB/56MB, paused 1.523ms total 51.778ms
08-04 13:08:54.179 12398 15763 I art     : Starting a blocking GC Explicit
08-04 13:08:54.232 12398 15763 I art     : Explicit concurrent mark sweep GC freed 1638(93KB) AllocSpace objects, 1(20KB) LOS objects, 28% free, 40MB/56MB, paused 1.640ms total 52.914ms
08-04 13:08:54.246 12398 15763 I art     : Starting a blocking GC Explicit
08-04 13:08:54.299 12398 15763 I art     : Explicit concurrent mark sweep GC freed 32(1168B) AllocSpace objects, 0(0B) LOS objects, 28% free, 40MB/56MB, paused 1.422ms total 52.514ms
08-04 13:08:54.312 12398 15763 I art     : Starting a blocking GC Explicit
08-04 13:08:54.363 12398 15763 I art     : Explicit concurrent mark sweep GC freed 7(224B) AllocSpace objects, 0(0B) LOS objects, 28% free, 40MB/56MB, paused 1.407ms total 50.677ms
08-04 13:08:54.377 12398 15763 I art     : Starting a blocking GC Explicit
08-04 13:08:54.427 12398 15763 I art     : Explicit concurrent mark sweep GC freed 1655(64KB) AllocSpace objects, 0(0B) LOS objects, 28% free, 40MB/56MB, paused 1.477ms total 50.042ms
08-04 13:08:54.440 12398 15821 E baseline.com.newsblur.network.APIResponse: Error (unexpected end of stream on https://www.newsblur.com/...) calling https://www.newsblur.com/reader/mark_story_hashes_as_read/
08-04 13:08:54.440 12398 15821 E baseline.com.newsblur.network.APIResponse: java.io.IOException: unexpected end of stream on https://www.newsblur.com/...
08-04 13:08:54.440 12398 15821 E baseline.com.newsblur.network.APIResponse: 	at okhttp3.internal.http1.Http1ExchangeCodec.readResponseHeaders(Http1ExchangeCodec.java:236)
08-04 13:08:54.440 12398 15821 E baseline.com.newsblur.network.APIResponse: 	at okhttp3.internal.connection.Exchange.readResponseHeaders(Exchange.java:115)
08-04 13:08:54.440 12398 15821 E baseline.com.newsblur.network.APIResponse: 	at okhttp3.internal.http.CallServerInterceptor.intercept(CallServerInterceptor.java:94)
08-04 13:08:54.440 12398 15821 E baseline.com.newsblur.network.APIResponse: 	at okhttp3.internal.http.RealInterceptorChain.proceed(RealInterceptorChain.java:142)
08-04 13:08:54.440 12398 15821 E baseline.com.newsblur.network.APIResponse: 	at okhttp3.internal.connection.ConnectInterceptor.intercept(ConnectInterceptor.java:43)
08-04 13:08:54.440 12398 15821 E baseline.com.newsblur.network.APIResponse: 	at okhttp3.internal.http.RealInterceptorChain.proceed(RealInterceptorChain.java:142)
08-04 13:08:54.440 12398 15821 E baseline.com.newsblur.network.APIResponse: 	at okhttp3.internal.http.RealInterceptorChain.proceed(RealInterceptorChain.java:117)
08-04 13:08:54.440 12398 15821 E baseline.com.newsblur.network.APIResponse: 	at okhttp3.internal.cache.CacheInterceptor.intercept(CacheInterceptor.java:94)
08-04 13:08:54.440 12398 15821 E baseline.com.newsblur.network.APIResponse: 	at okhttp3.internal.http.RealInterceptorChain.proceed(RealInterceptorChain.java:142)
08-04 13:08:54.440 12398 15821 E baseline.com.newsblur.network.APIResponse: 	at okhttp3.internal.http.RealInterceptorChain.proceed(RealInterceptorChain.java:117)
08-04 13:08:54.440 12398 15821 E baseline.com.newsblur.network.APIResponse: 	at okhttp3.internal.http.BridgeInterceptor.intercept(BridgeInterceptor.java:93)
08-04 13:08:54.440 12398 15821 E baseline.com.newsblur.network.APIResponse: 	at okhttp3.internal.http.RealInterceptorChain.proceed(RealInterceptorChain.java:142)
08-04 13:08:54.440 12398 15821 E baseline.com.newsblur.network.APIResponse: 	at okhttp3.internal.http.RetryAndFollowUpInterceptor.intercept(RetryAndFollowUpInterceptor.java:88)
08-04 13:08:54.440 12398 15821 E baseline.com.newsblur.network.APIResponse: 	at okhttp3.internal.http.RealInterceptorChain.proceed(RealInterceptorChain.java:142)
08-04 13:08:54.440 12398 15821 E baseline.com.newsblur.network.APIResponse: 	at okhttp3.internal.http.RealInterceptorChain.proceed(RealInterceptorChain.java:117)
08-04 13:08:54.440 12398 15821 E baseline.com.newsblur.network.APIResponse: 	at okhttp3.RealCall.getResponseWithInterceptorChain(RealCall.java:229)
08-04 13:08:54.440 12398 15821 E baseline.com.newsblur.network.APIResponse: 	at okhttp3.RealCall.execute(RealCall.java:81)
08-04 13:08:54.440 12398 15821 E baseline.com.newsblur.network.APIResponse: 	at baseline.com.newsblur.network.APIResponse.<init>(APIResponse.java:57)
08-04 13:08:54.440 12398 15821 E baseline.com.newsblur.network.APIResponse: 	at baseline.com.newsblur.network.APIResponse.<init>(APIResponse.java:43)
08-04 13:08:54.440 12398 15821 E baseline.com.newsblur.network.APIResponse: 	at baseline.com.newsblur.network.APIManager.post_single(APIManager.java:702)
08-04 13:08:54.440 12398 15821 E baseline.com.newsblur.network.APIResponse: 	at baseline.com.newsblur.network.APIManager.post(APIManager.java:675)
08-04 13:08:54.440 12398 15821 E baseline.com.newsblur.network.APIResponse: 	at baseline.com.newsblur.network.APIManager.post(APIManager.java:714)
08-04 13:08:54.440 12398 15821 E baseline.com.newsblur.network.APIResponse: 	at baseline.com.newsblur.network.APIManager.markStoryAsRead(APIManager.java:205)
08-04 13:08:54.440 12398 15821 E baseline.com.newsblur.network.APIResponse: 	at baseline.com.newsblur.util.ReadingAction.doRemote(ReadingAction.java:281)
08-04 13:08:54.440 12398 15821 E baseline.com.newsblur.network.APIResponse: 	at baseline.com.newsblur.service.NBSyncService.syncActions(NBSyncService.java:400)
08-04 13:08:54.440 12398 15821 E baseline.com.newsblur.network.APIResponse: 	at baseline.com.newsblur.service.NBSyncService.doSync(NBSyncService.java:298)
08-04 13:08:54.440 12398 15821 E baseline.com.newsblur.network.APIResponse: 	at baseline.com.newsblur.service.NBSyncService.access$100(NBSyncService.java:67)
08-04 13:08:54.440 12398 15821 E baseline.com.newsblur.network.APIResponse: 	at baseline.com.newsblur.service.NBSyncService$1.run(NBSyncService.java:188)
08-04 13:08:54.440 12398 15821 E baseline.com.newsblur.network.APIResponse: 	at java.util.concurrent.ThreadPoolExecutor.runWorker(ThreadPoolExecutor.java:1113)
08-04 13:08:54.440 12398 15821 E baseline.com.newsblur.network.APIResponse: 	at java.util.concurrent.ThreadPoolExecutor$Worker.run(ThreadPoolExecutor.java:588)
08-04 13:08:54.440 12398 15821 E baseline.com.newsblur.network.APIResponse: 	at java.lang.Thread.run(Thread.java:818)
08-04 13:08:54.440 12398 15821 E baseline.com.newsblur.network.APIResponse: Caused by: java.io.EOFException: \n not found: limit=0 content=
08-04 13:08:54.440 12398 15821 E baseline.com.newsblur.network.APIResponse: 	at okio.RealBufferedSource.readUtf8LineStrict(RealBufferedSource.java:240)
08-04 13:08:54.440 12398 15821 E baseline.com.newsblur.network.APIResponse: 	at okhttp3.internal.http1.Http1ExchangeCodec.readHeaderLine(Http1ExchangeCodec.java:242)
08-04 13:08:54.440 12398 15821 E baseline.com.newsblur.network.APIResponse: 	at okhttp3.internal.http1.Http1ExchangeCodec.readResponseHeaders(Http1ExchangeCodec.java:213)
08-04 13:08:54.440 12398 15821 E baseline.com.newsblur.network.APIResponse: 	... 30 more
08-04 13:08:54.441 12398 15763 I art     : Starting a blocking GC Explicit
08-04 13:08:54.445 12398 15821 I baseline.com.newsblur.service.NBSyncService: Holding reading action with server-side or network error.
08-04 13:08:54.456 12398 15821 W baseline.com.newsblur.service.NBSyncService: hard API failure
08-04 13:08:54.466 12398 15821 I baseline.com.newsblur.service.NBSyncService: recounting dirty feed sets: 1
08-04 13:08:54.489 12398 15763 I art     : Explicit concurrent mark sweep GC freed 1474(267KB) AllocSpace objects, 4(80KB) LOS objects, 28% free, 40MB/56MB, paused 1.482ms total 48.403ms
08-04 13:08:54.876 12398 12411 I art     : Starting a blocking GC Explicit
08-04 13:08:54.881 13866 13882 I PeriodicStatsRunner: PeriodicStatsRunner.call():175 call()
08-04 13:08:54.882 13866 13882 I PeriodicStatsRunner: PeriodicStatsRunner.call():179 No submit PeriodicStats since input started.
08-04 13:08:54.928 12398 12411 I art     : Explicit concurrent mark sweep GC freed 3641(182KB) AllocSpace objects, 1(20KB) LOS objects, 28% free, 40MB/56MB, paused 1.688ms total 51.162ms
08-04 13:08:54.941 12398 12411 I art     : Starting a blocking GC Explicit
08-04 13:08:54.948 12398 15821 E baseline.com.newsblur.network.APIResponse: Error (unexpected end of stream on https://www.newsblur.com/...) calling https://www.newsblur.com/reader/feed_unread_count?feed_id=0
08-04 13:08:54.948 12398 15821 E baseline.com.newsblur.network.APIResponse: java.io.IOException: unexpected end of stream on https://www.newsblur.com/...
08-04 13:08:54.948 12398 15821 E baseline.com.newsblur.network.APIResponse: 	at okhttp3.internal.http1.Http1ExchangeCodec.readResponseHeaders(Http1ExchangeCodec.java:236)
08-04 13:08:54.948 12398 15821 E baseline.com.newsblur.network.APIResponse: 	at okhttp3.internal.connection.Exchange.readResponseHeaders(Exchange.java:115)
08-04 13:08:54.948 12398 15821 E baseline.com.newsblur.network.APIResponse: 	at okhttp3.internal.http.CallServerInterceptor.intercept(CallServerInterceptor.java:94)
08-04 13:08:54.948 12398 15821 E baseline.com.newsblur.network.APIResponse: 	at okhttp3.internal.http.RealInterceptorChain.proceed(RealInterceptorChain.java:142)
08-04 13:08:54.948 12398 15821 E baseline.com.newsblur.network.APIResponse: 	at okhttp3.internal.connection.ConnectInterceptor.intercept(ConnectInterceptor.java:43)
08-04 13:08:54.948 12398 15821 E baseline.com.newsblur.network.APIResponse: 	at okhttp3.internal.http.RealInterceptorChain.proceed(RealInterceptorChain.java:142)
08-04 13:08:54.948 12398 15821 E baseline.com.newsblur.network.APIResponse: 	at okhttp3.internal.http.RealInterceptorChain.proceed(RealInterceptorChain.java:117)
08-04 13:08:54.948 12398 15821 E baseline.com.newsblur.network.APIResponse: 	at okhttp3.internal.cache.CacheInterceptor.intercept(CacheInterceptor.java:94)
08-04 13:08:54.948 12398 15821 E baseline.com.newsblur.network.APIResponse: 	at okhttp3.internal.http.RealInterceptorChain.proceed(RealInterceptorChain.java:142)
08-04 13:08:54.948 12398 15821 E baseline.com.newsblur.network.APIResponse: 	at okhttp3.internal.http.RealInterceptorChain.proceed(RealInterceptorChain.java:117)
08-04 13:08:54.948 12398 15821 E baseline.com.newsblur.network.APIResponse: 	at okhttp3.internal.http.BridgeInterceptor.intercept(BridgeInterceptor.java:93)
08-04 13:08:54.948 12398 15821 E baseline.com.newsblur.network.APIResponse: 	at okhttp3.internal.http.RealInterceptorChain.proceed(RealInterceptorChain.java:142)
08-04 13:08:54.948 12398 15821 E baseline.com.newsblur.network.APIResponse: 	at okhttp3.internal.http.RetryAndFollowUpInterceptor.intercept(RetryAndFollowUpInterceptor.java:88)
08-04 13:08:54.948 12398 15821 E baseline.com.newsblur.network.APIResponse: 	at okhttp3.internal.http.RealInterceptorChain.proceed(RealInterceptorChain.java:142)
08-04 13:08:54.948 12398 15821 E baseline.com.newsblur.network.APIResponse: 	at okhttp3.internal.http.RealInterceptorChain.proceed(RealInterceptorChain.java:117)
08-04 13:08:54.948 12398 15821 E baseline.com.newsblur.network.APIResponse: 	at okhttp3.RealCall.getResponseWithInterceptorChain(RealCall.java:229)
08-04 13:08:54.948 12398 15821 E baseline.com.newsblur.network.APIResponse: 	at okhttp3.RealCall.execute(RealCall.java:81)
08-04 13:08:54.948 12398 15821 E baseline.com.newsblur.network.APIResponse: 	at baseline.com.newsblur.network.APIResponse.<init>(APIResponse.java:57)
08-04 13:08:54.948 12398 15821 E baseline.com.newsblur.network.APIResponse: 	at baseline.com.newsblur.network.APIManager.get_single(APIManager.java:639)
08-04 13:08:54.948 12398 15821 E baseline.com.newsblur.network.APIResponse: 	at baseline.com.newsblur.network.APIManager.get(APIManager.java:625)
08-04 13:08:54.948 12398 15821 E baseline.com.newsblur.network.APIResponse: 	at baseline.com.newsblur.network.APIManager.get(APIManager.java:667)
08-04 13:08:54.948 12398 15821 E baseline.com.newsblur.network.APIResponse: 	at baseline.com.newsblur.network.APIManager.getFeedUnreadCounts(APIManager.java:274)
08-04 13:08:54.948 12398 15821 E baseline.com.newsblur.network.APIResponse: 	at baseline.com.newsblur.service.NBSyncService.checkRecounts(NBSyncService.java:660)
08-04 13:08:54.948 12398 15821 E baseline.com.newsblur.network.APIResponse: 	at baseline.com.newsblur.service.NBSyncService.doSync(NBSyncService.java:310)
08-04 13:08:54.948 12398 15821 E baseline.com.newsblur.network.APIResponse: 	at baseline.com.newsblur.service.NBSyncService.access$100(NBSyncService.java:67)
08-04 13:08:54.948 12398 15821 E baseline.com.newsblur.network.APIResponse: 	at baseline.com.newsblur.service.NBSyncService$1.run(NBSyncService.java:188)
08-04 13:08:54.948 12398 15821 E baseline.com.newsblur.network.APIResponse: 	at java.util.concurrent.ThreadPoolExecutor.runWorker(ThreadPoolExecutor.java:1113)
08-04 13:08:54.948 12398 15821 E baseline.com.newsblur.network.APIResponse: 	at java.util.concurrent.ThreadPoolExecutor$Worker.run(ThreadPoolExecutor.java:588)
08-04 13:08:54.948 12398 15821 E baseline.com.newsblur.network.APIResponse: 	at java.lang.Thread.run(Thread.java:818)
08-04 13:08:54.948 12398 15821 E baseline.com.newsblur.network.APIResponse: Caused by: java.io.EOFException: \n not found: limit=0 content=
08-04 13:08:54.948 12398 15821 E baseline.com.newsblur.network.APIResponse: 	at okio.RealBufferedSource.readUtf8LineStrict(RealBufferedSource.java:240)
08-04 13:08:54.948 12398 15821 E baseline.com.newsblur.network.APIResponse: 	at okhttp3.internal.http1.Http1ExchangeCodec.readHeaderLine(Http1ExchangeCodec.java:242)
08-04 13:08:54.948 12398 15821 E baseline.com.newsblur.network.APIResponse: 	at okhttp3.internal.http1.Http1ExchangeCodec.readResponseHeaders(Http1ExchangeCodec.java:213)
08-04 13:08:54.948 12398 15821 E baseline.com.newsblur.network.APIResponse: 	... 28 more
08-04 13:08:54.950 12398 15821 I baseline.com.newsblur.network.APIManager: API call failed, pausing before retry number 1
08-04 13:08:54.994 12398 12411 I art     : Explicit concurrent mark sweep GC freed 848(196KB) AllocSpace objects, 2(40KB) LOS objects, 28% free, 40MB/56MB, paused 1.400ms total 52.477ms
08-04 13:08:55.007 12398 12411 I art     : Starting a blocking GC Explicit
08-04 13:08:55.058 12398 12411 I art     : Explicit concurrent mark sweep GC freed 118(16KB) AllocSpace objects, 0(0B) LOS objects, 28% free, 40MB/56MB, paused 1.717ms total 50.034ms
08-04 13:08:55.071 12398 12411 I art     : Starting a blocking GC Explicit
08-04 13:08:55.122 12398 12411 I art     : Explicit concurrent mark sweep GC freed 29(960B) AllocSpace objects, 0(0B) LOS objects, 28% free, 40MB/56MB, paused 1.574ms total 51.186ms
08-04 13:08:55.136 12398 12411 I art     : Starting a blocking GC Explicit
08-04 13:08:55.185 12398 12411 I art     : Explicit concurrent mark sweep GC freed 7(224B) AllocSpace objects, 0(0B) LOS objects, 28% free, 40MB/56MB, paused 1.467ms total 49.153ms
08-04 13:08:55.585 12398 15763 I art     : Starting a blocking GC Explicit
08-04 13:08:55.638 12398 15763 I art     : Explicit concurrent mark sweep GC freed 1471(83KB) AllocSpace objects, 1(20KB) LOS objects, 28% free, 40MB/56MB, paused 1.488ms total 52.979ms
08-04 13:08:55.652 12398 15763 I art     : Starting a blocking GC Explicit
08-04 13:08:55.704 12398 15763 I art     : Explicit concurrent mark sweep GC freed 26(912B) AllocSpace objects, 0(0B) LOS objects, 28% free, 40MB/56MB, paused 1.580ms total 51.560ms
08-04 13:08:55.717 12398 15763 I art     : Starting a blocking GC Explicit
08-04 13:08:55.769 12398 15763 I art     : Explicit concurrent mark sweep GC freed 6(192B) AllocSpace objects, 0(0B) LOS objects, 28% free, 40MB/56MB, paused 1.484ms total 51.744ms
08-04 13:08:55.782 12398 15763 I art     : Starting a blocking GC Explicit
08-04 13:08:55.831 12398 15763 I art     : Explicit concurrent mark sweep GC freed 7(224B) AllocSpace objects, 0(0B) LOS objects, 28% free, 40MB/56MB, paused 1.481ms total 48.361ms
08-04 13:08:55.844 12398 15763 I art     : Starting a blocking GC Explicit
08-04 13:08:55.894 12398 15763 I art     : Explicit concurrent mark sweep GC freed 7(224B) AllocSpace objects, 0(0B) LOS objects, 28% free, 40MB/56MB, paused 1.458ms total 49.799ms
08-04 13:08:56.043   518   646 I ThermalEngine: ACTION: GPU - Setting GPU[0] to 510000000
08-04 13:08:56.256 12398 15987 I art     : Starting a blocking GC Explicit
08-04 13:08:56.296 12398 15987 I art     : Explicit concurrent mark sweep GC freed 1469(83KB) AllocSpace objects, 1(20KB) LOS objects, 28% free, 40MB/56MB, paused 1.119ms total 39.897ms
08-04 13:08:56.306 12398 15987 I art     : Starting a blocking GC Explicit
08-04 13:08:56.345 12398 15987 I art     : Explicit concurrent mark sweep GC freed 25(880B) AllocSpace objects, 0(0B) LOS objects, 28% free, 40MB/56MB, paused 1.124ms total 39.047ms
08-04 13:08:56.356 12398 15987 I art     : Starting a blocking GC Explicit
08-04 13:08:56.394 12398 15987 I art     : Explicit concurrent mark sweep GC freed 6(192B) AllocSpace objects, 0(0B) LOS objects, 28% free, 40MB/56MB, paused 1.026ms total 38.171ms
08-04 13:08:56.404 12398 15987 I art     : Starting a blocking GC Explicit
08-04 13:08:56.444 12398 15987 I art     : Explicit concurrent mark sweep GC freed 6(192B) AllocSpace objects, 0(0B) LOS objects, 28% free, 40MB/56MB, paused 1.088ms total 38.885ms
08-04 13:08:56.454 12398 15987 I art     : Starting a blocking GC Explicit
08-04 13:08:56.494 12398 15987 I art     : Explicit concurrent mark sweep GC freed 99(3KB) AllocSpace objects, 0(0B) LOS objects, 28% free, 40MB/56MB, paused 1.169ms total 39.674ms
08-04 13:08:56.737 13866 13882 I PeriodicStatsRunner: PeriodicStatsRunner.call():175 call()
08-04 13:08:56.737 13866 13882 I PeriodicStatsRunner: PeriodicStatsRunner.call():179 No submit PeriodicStats since input started.
08-04 13:08:56.847 12398 12414 I art     : Starting a blocking GC Explicit
08-04 13:08:56.888 12398 12414 I art     : Explicit concurrent mark sweep GC freed 1547(89KB) AllocSpace objects, 1(20KB) LOS objects, 28% free, 40MB/56MB, paused 1.536ms total 41.237ms
08-04 13:08:56.899 12398 12414 I art     : Starting a blocking GC Explicit
08-04 13:08:56.938 12398 12414 I art     : Explicit concurrent mark sweep GC freed 25(880B) AllocSpace objects, 0(0B) LOS objects, 28% free, 40MB/56MB, paused 1.437ms total 39.343ms
08-04 13:08:56.948 12398 12414 I art     : Starting a blocking GC Explicit
08-04 13:08:56.988 12398 12414 I art     : Explicit concurrent mark sweep GC freed 1575(62KB) AllocSpace objects, 0(0B) LOS objects, 28% free, 40MB/56MB, paused 1.259ms total 39.138ms
08-04 13:08:56.995 12398 15821 E baseline.com.newsblur.network.APIResponse: Error (unexpected end of stream on https://www.newsblur.com/...) calling https://www.newsblur.com/reader/feed_unread_count?feed_id=0
08-04 13:08:56.995 12398 15821 E baseline.com.newsblur.network.APIResponse: java.io.IOException: unexpected end of stream on https://www.newsblur.com/...
08-04 13:08:56.995 12398 15821 E baseline.com.newsblur.network.APIResponse: 	at okhttp3.internal.http1.Http1ExchangeCodec.readResponseHeaders(Http1ExchangeCodec.java:236)
08-04 13:08:56.995 12398 15821 E baseline.com.newsblur.network.APIResponse: 	at okhttp3.internal.connection.Exchange.readResponseHeaders(Exchange.java:115)
08-04 13:08:56.995 12398 15821 E baseline.com.newsblur.network.APIResponse: 	at okhttp3.internal.http.CallServerInterceptor.intercept(CallServerInterceptor.java:94)
08-04 13:08:56.995 12398 15821 E baseline.com.newsblur.network.APIResponse: 	at okhttp3.internal.http.RealInterceptorChain.proceed(RealInterceptorChain.java:142)
08-04 13:08:56.995 12398 15821 E baseline.com.newsblur.network.APIResponse: 	at okhttp3.internal.connection.ConnectInterceptor.intercept(ConnectInterceptor.java:43)
08-04 13:08:56.995 12398 15821 E baseline.com.newsblur.network.APIResponse: 	at okhttp3.internal.http.RealInterceptorChain.proceed(RealInterceptorChain.java:142)
08-04 13:08:56.995 12398 15821 E baseline.com.newsblur.network.APIResponse: 	at okhttp3.internal.http.RealInterceptorChain.proceed(RealInterceptorChain.java:117)
08-04 13:08:56.995 12398 15821 E baseline.com.newsblur.network.APIResponse: 	at okhttp3.internal.cache.CacheInterceptor.intercept(CacheInterceptor.java:94)
08-04 13:08:56.995 12398 15821 E baseline.com.newsblur.network.APIResponse: 	at okhttp3.internal.http.RealInterceptorChain.proceed(RealInterceptorChain.java:142)
08-04 13:08:56.995 12398 15821 E baseline.com.newsblur.network.APIResponse: 	at okhttp3.internal.http.RealInterceptorChain.proceed(RealInterceptorChain.java:117)
08-04 13:08:56.995 12398 15821 E baseline.com.newsblur.network.APIResponse: 	at okhttp3.internal.http.BridgeInterceptor.intercept(BridgeInterceptor.java:93)
08-04 13:08:56.995 12398 15821 E baseline.com.newsblur.network.APIResponse: 	at okhttp3.internal.http.RealInterceptorChain.proceed(RealInterceptorChain.java:142)
08-04 13:08:56.995 12398 15821 E baseline.com.newsblur.network.APIResponse: 	at okhttp3.internal.http.RetryAndFollowUpInterceptor.intercept(RetryAndFollowUpInterceptor.java:88)
08-04 13:08:56.995 12398 15821 E baseline.com.newsblur.network.APIResponse: 	at okhttp3.internal.http.RealInterceptorChain.proceed(RealInterceptorChain.java:142)
08-04 13:08:56.995 12398 15821 E baseline.com.newsblur.network.APIResponse: 	at okhttp3.internal.http.RealInterceptorChain.proceed(RealInterceptorChain.java:117)
08-04 13:08:56.995 12398 15821 E baseline.com.newsblur.network.APIResponse: 	at okhttp3.RealCall.getResponseWithInterceptorChain(RealCall.java:229)
08-04 13:08:56.995 12398 15821 E baseline.com.newsblur.network.APIResponse: 	at okhttp3.RealCall.execute(RealCall.java:81)
08-04 13:08:56.995 12398 15821 E baseline.com.newsblur.network.APIResponse: 	at baseline.com.newsblur.network.APIResponse.<init>(APIResponse.java:57)
08-04 13:08:56.995 12398 15821 E baseline.com.newsblur.network.APIResponse: 	at baseline.com.newsblur.network.APIManager.get_single(APIManager.java:639)
08-04 13:08:56.995 12398 15821 E baseline.com.newsblur.network.APIResponse: 	at baseline.com.newsblur.network.APIManager.get(APIManager.java:625)
08-04 13:08:56.995 12398 15821 E baseline.com.newsblur.network.APIResponse: 	at baseline.com.newsblur.network.APIManager.get(APIManager.java:667)
08-04 13:08:56.995 12398 15821 E baseline.com.newsblur.network.APIResponse: 	at baseline.com.newsblur.network.APIManager.getFeedUnreadCounts(APIManager.java:274)
08-04 13:08:56.995 12398 15821 E baseline.com.newsblur.network.APIResponse: 	at baseline.com.newsblur.service.NBSyncService.checkRecounts(NBSyncService.java:660)
08-04 13:08:56.995 12398 15821 E baseline.com.newsblur.network.APIResponse: 	at baseline.com.newsblur.service.NBSyncService.doSync(NBSyncService.java:310)
08-04 13:08:56.995 12398 15821 E baseline.com.newsblur.network.APIResponse: 	at baseline.com.newsblur.service.NBSyncService.access$100(NBSyncService.java:67)
08-04 13:08:56.995 12398 15821 E baseline.com.newsblur.network.APIResponse: 	at baseline.com.newsblur.service.NBSyncService$1.run(NBSyncService.java:188)
08-04 13:08:56.995 12398 15821 E baseline.com.newsblur.network.APIResponse: 	at java.util.concurrent.ThreadPoolExecutor.runWorker(ThreadPoolExecutor.java:1113)
08-04 13:08:56.995 12398 15821 E baseline.com.newsblur.network.APIResponse: 	at java.util.concurrent.ThreadPoolExecutor$Worker.run(ThreadPoolExecutor.java:588)
08-04 13:08:56.995 12398 15821 E baseline.com.newsblur.network.APIResponse: 	at java.lang.Thread.run(Thread.java:818)
08-04 13:08:56.995 12398 15821 E baseline.com.newsblur.network.APIResponse: Caused by: java.io.EOFException: \n not found: limit=0 content=
08-04 13:08:56.995 12398 15821 E baseline.com.newsblur.network.APIResponse: 	at okio.RealBufferedSource.readUtf8LineStrict(RealBufferedSource.java:240)
08-04 13:08:56.995 12398 15821 E baseline.com.newsblur.network.APIResponse: 	at okhttp3.internal.http1.Http1ExchangeCodec.readHeaderLine(Http1ExchangeCodec.java:242)
08-04 13:08:56.995 12398 15821 E baseline.com.newsblur.network.APIResponse: 	at okhttp3.internal.http1.Http1ExchangeCodec.readResponseHeaders(Http1ExchangeCodec.java:213)
08-04 13:08:56.995 12398 15821 E baseline.com.newsblur.network.APIResponse: 	... 28 more
08-04 13:08:56.997 12398 15821 I baseline.com.newsblur.network.APIManager: API call failed, pausing before retry number 2
08-04 13:08:56.998 12398 12414 I art     : Starting a blocking GC Explicit
08-04 13:08:57.036 12398 12414 I art     : Explicit concurrent mark sweep GC freed 970(192KB) AllocSpace objects, 2(40KB) LOS objects, 28% free, 40MB/56MB, paused 994us total 38.221ms
08-04 13:08:57.047 12398 12414 I art     : Starting a blocking GC Explicit
08-04 13:08:57.086 12398 12414 I art     : Explicit concurrent mark sweep GC freed 60(22KB) AllocSpace objects, 0(0B) LOS objects, 28% free, 40MB/56MB, paused 1.027ms total 39.208ms
08-04 13:08:57.456 12398 12414 I art     : Starting a blocking GC Explicit
08-04 13:08:57.496 12398 12414 I art     : Explicit concurrent mark sweep GC freed 1472(83KB) AllocSpace objects, 1(20KB) LOS objects, 28% free, 40MB/56MB, paused 1.057ms total 39.843ms
08-04 13:08:57.507 12398 12414 I art     : Starting a blocking GC Explicit
08-04 13:08:57.546 12398 12414 I art     : Explicit concurrent mark sweep GC freed 25(880B) AllocSpace objects, 0(0B) LOS objects, 28% free, 40MB/56MB, paused 1.092ms total 38.806ms
08-04 13:08:57.556 12398 12414 I art     : Starting a blocking GC Explicit
08-04 13:08:57.596 12398 12414 I art     : Explicit concurrent mark sweep GC freed 6(192B) AllocSpace objects, 0(0B) LOS objects, 28% free, 40MB/56MB, paused 1.120ms total 39.282ms
08-04 13:08:57.606 12398 12414 I art     : Starting a blocking GC Explicit
08-04 13:08:57.645 12398 12414 I art     : Explicit concurrent mark sweep GC freed 6(192B) AllocSpace objects, 0(0B) LOS objects, 28% free, 40MB/56MB, paused 1.019ms total 39.095ms
08-04 13:08:57.656 12398 12414 I art     : Starting a blocking GC Explicit
08-04 13:08:57.695 12398 12414 I art     : Explicit concurrent mark sweep GC freed 6(192B) AllocSpace objects, 0(0B) LOS objects, 28% free, 40MB/56MB, paused 1.058ms total 38.814ms
08-04 13:08:58.055 12398 12411 I art     : Starting a blocking GC Explicit
08-04 13:08:58.096 12398 12411 I art     : Explicit concurrent mark sweep GC freed 1469(84KB) AllocSpace objects, 1(20KB) LOS objects, 28% free, 40MB/56MB, paused 1.031ms total 40.925ms
08-04 13:08:58.107 12398 12411 I art     : Starting a blocking GC Explicit
08-04 13:08:58.146 12398 12411 I art     : Explicit concurrent mark sweep GC freed 25(880B) AllocSpace objects, 0(0B) LOS objects, 28% free, 40MB/56MB, paused 1.127ms total 39.056ms
08-04 13:08:58.157 12398 12411 I art     : Starting a blocking GC Explicit
08-04 13:08:58.196 12398 12411 I art     : Explicit concurrent mark sweep GC freed 6(192B) AllocSpace objects, 0(0B) LOS objects, 28% free, 40MB/56MB, paused 1.055ms total 39.020ms
08-04 13:08:58.206 12398 12411 I art     : Starting a blocking GC Explicit
08-04 13:08:58.245 12398 12411 I art     : Explicit concurrent mark sweep GC freed 6(192B) AllocSpace objects, 0(0B) LOS objects, 28% free, 40MB/56MB, paused 1.107ms total 38.670ms
08-04 13:08:58.256 12398 12411 I art     : Starting a blocking GC Explicit
08-04 13:08:58.295 12398 12411 I art     : Explicit concurrent mark sweep GC freed 6(192B) AllocSpace objects, 0(0B) LOS objects, 28% free, 40MB/56MB, paused 1.098ms total 39.036ms
08-04 13:08:58.669 12398 12414 I art     : Starting a blocking GC Explicit
08-04 13:08:58.709 12398 12414 I art     : Explicit concurrent mark sweep GC freed 1468(83KB) AllocSpace objects, 1(20KB) LOS objects, 28% free, 40MB/56MB, paused 1.047ms total 39.902ms
08-04 13:08:58.720 12398 12414 I art     : Starting a blocking GC Explicit
08-04 13:08:58.760 12398 12414 I art     : Explicit concurrent mark sweep GC freed 25(880B) AllocSpace objects, 0(0B) LOS objects, 28% free, 40MB/56MB, paused 1.098ms total 39.888ms
08-04 13:08:58.762 14234 14234 I ServiceManager: Waiting for service AtCmdFwd...
08-04 13:08:58.770 12398 12414 I art     : Starting a blocking GC Explicit
08-04 13:08:58.809 12398 12414 I art     : Explicit concurrent mark sweep GC freed 6(192B) AllocSpace objects, 0(0B) LOS objects, 28% free, 40MB/56MB, paused 1.066ms total 38.921ms
08-04 13:08:58.820 12398 12414 I art     : Starting a blocking GC Explicit
08-04 13:08:58.859 12398 12414 I art     : Explicit concurrent mark sweep GC freed 6(192B) AllocSpace objects, 0(0B) LOS objects, 28% free, 40MB/56MB, paused 1.050ms total 39.271ms
08-04 13:08:58.870 12398 12414 I art     : Starting a blocking GC Explicit
08-04 13:08:58.910 12398 12414 I art     : Explicit concurrent mark sweep GC freed 6(192B) AllocSpace objects, 0(0B) LOS objects, 28% free, 40MB/56MB, paused 1.037ms total 39.707ms
08-04 13:08:59.277 12398 15763 I art     : Starting a blocking GC Explicit
08-04 13:08:59.318 12398 15763 I art     : Explicit concurrent mark sweep GC freed 1467(83KB) AllocSpace objects, 1(20KB) LOS objects, 28% free, 40MB/56MB, paused 1.148ms total 40.558ms
08-04 13:08:59.328 12398 15763 I art     : Starting a blocking GC Explicit
08-04 13:08:59.366 12398 15763 I art     : Explicit concurrent mark sweep GC freed 25(880B) AllocSpace objects, 0(0B) LOS objects, 28% free, 40MB/56MB, paused 1.096ms total 36.931ms
08-04 13:08:59.375 12398 15763 I art     : Starting a blocking GC Explicit
08-04 13:08:59.414 12398 15763 I art     : Explicit concurrent mark sweep GC freed 6(192B) AllocSpace objects, 0(0B) LOS objects, 28% free, 40MB/56MB, paused 1.032ms total 38.142ms
08-04 13:08:59.424 12398 15763 I art     : Starting a blocking GC Explicit
08-04 13:08:59.463 12398 15763 I art     : Explicit concurrent mark sweep GC freed 5(160B) AllocSpace objects, 0(0B) LOS objects, 28% free, 40MB/56MB, paused 1.032ms total 38.692ms
08-04 13:08:59.473 12398 15763 I art     : Starting a blocking GC Explicit
08-04 13:08:59.512 12398 15763 I art     : Explicit concurrent mark sweep GC freed 7(224B) AllocSpace objects, 0(0B) LOS objects, 28% free, 40MB/56MB, paused 1.034ms total 38.711ms
08-04 13:08:59.762 14234 14234 I ServiceManager: Waiting for service AtCmdFwd...
08-04 13:08:59.876 12398 15763 I art     : Starting a blocking GC Explicit
08-04 13:08:59.916 12398 15763 I art     : Explicit concurrent mark sweep GC freed 1467(83KB) AllocSpace objects, 1(20KB) LOS objects, 28% free, 40MB/56MB, paused 1.143ms total 40.484ms
08-04 13:08:59.927 12398 15763 I art     : Starting a blocking GC Explicit
08-04 13:08:59.966 12398 15763 I art     : Explicit concurrent mark sweep GC freed 25(880B) AllocSpace objects, 0(0B) LOS objects, 28% free, 40MB/56MB, paused 1.096ms total 38.858ms
08-04 13:08:59.976 12398 15763 I art     : Starting a blocking GC Explicit
08-04 13:09:00.016 12398 15763 I art     : Explicit concurrent mark sweep GC freed 99(3KB) AllocSpace objects, 0(0B) LOS objects, 28% free, 40MB/56MB, paused 1.182ms total 38.993ms
08-04 13:09:00.026 12398 15763 I art     : Starting a blocking GC Explicit
08-04 13:09:00.061 12398 15763 I art     : Explicit concurrent mark sweep GC freed 12(448B) AllocSpace objects, 0(0B) LOS objects, 28% free, 40MB/56MB, paused 990us total 34.599ms
08-04 13:09:00.071 12398 15763 I art     : Starting a blocking GC Explicit
08-04 13:09:00.105 12398 15763 I art     : Explicit concurrent mark sweep GC freed 5(160B) AllocSpace objects, 0(0B) LOS objects, 28% free, 40MB/56MB, paused 982us total 33.702ms
08-04 13:09:00.425 12398 15763 I art     : Starting a blocking GC Explicit
08-04 13:09:00.467 12398 15763 I art     : Explicit concurrent mark sweep GC freed 1539(88KB) AllocSpace objects, 1(20KB) LOS objects, 28% free, 40MB/56MB, paused 1.160ms total 41.453ms
08-04 13:09:00.478 12398 15763 I art     : Starting a blocking GC Explicit
08-04 13:09:00.516 12398 15763 I art     : Explicit concurrent mark sweep GC freed 25(880B) AllocSpace objects, 0(0B) LOS objects, 28% free, 40MB/56MB, paused 1.103ms total 38.626ms
08-04 13:09:00.527 12398 15763 I art     : Starting a blocking GC Explicit
08-04 13:09:00.565 12398 15763 I art     : Explicit concurrent mark sweep GC freed 1627(64KB) AllocSpace objects, 0(0B) LOS objects, 28% free, 40MB/56MB, paused 1.157ms total 37.914ms
08-04 13:09:00.575 12398 15763 I art     : Starting a blocking GC Explicit
08-04 13:09:00.581 12398 15821 E baseline.com.newsblur.network.APIResponse: Error (unexpected end of stream on https://www.newsblur.com/...) calling https://www.newsblur.com/reader/feed_unread_count?feed_id=0
08-04 13:09:00.581 12398 15821 E baseline.com.newsblur.network.APIResponse: java.io.IOException: unexpected end of stream on https://www.newsblur.com/...
08-04 13:09:00.581 12398 15821 E baseline.com.newsblur.network.APIResponse: 	at okhttp3.internal.http1.Http1ExchangeCodec.readResponseHeaders(Http1ExchangeCodec.java:236)
08-04 13:09:00.581 12398 15821 E baseline.com.newsblur.network.APIResponse: 	at okhttp3.internal.connection.Exchange.readResponseHeaders(Exchange.java:115)
08-04 13:09:00.581 12398 15821 E baseline.com.newsblur.network.APIResponse: 	at okhttp3.internal.http.CallServerInterceptor.intercept(CallServerInterceptor.java:94)
08-04 13:09:00.581 12398 15821 E baseline.com.newsblur.network.APIResponse: 	at okhttp3.internal.http.RealInterceptorChain.proceed(RealInterceptorChain.java:142)
08-04 13:09:00.581 12398 15821 E baseline.com.newsblur.network.APIResponse: 	at okhttp3.internal.connection.ConnectInterceptor.intercept(ConnectInterceptor.java:43)
08-04 13:09:00.581 12398 15821 E baseline.com.newsblur.network.APIResponse: 	at okhttp3.internal.http.RealInterceptorChain.proceed(RealInterceptorChain.java:142)
08-04 13:09:00.581 12398 15821 E baseline.com.newsblur.network.APIResponse: 	at okhttp3.internal.http.RealInterceptorChain.proceed(RealInterceptorChain.java:117)
08-04 13:09:00.581 12398 15821 E baseline.com.newsblur.network.APIResponse: 	at okhttp3.internal.cache.CacheInterceptor.intercept(CacheInterceptor.java:94)
08-04 13:09:00.581 12398 15821 E baseline.com.newsblur.network.APIResponse: 	at okhttp3.internal.http.RealInterceptorChain.proceed(RealInterceptorChain.java:142)
08-04 13:09:00.581 12398 15821 E baseline.com.newsblur.network.APIResponse: 	at okhttp3.internal.http.RealInterceptorChain.proceed(RealInterceptorChain.java:117)
08-04 13:09:00.581 12398 15821 E baseline.com.newsblur.network.APIResponse: 	at okhttp3.internal.http.BridgeInterceptor.intercept(BridgeInterceptor.java:93)
08-04 13:09:00.581 12398 15821 E baseline.com.newsblur.network.APIResponse: 	at okhttp3.internal.http.RealInterceptorChain.proceed(RealInterceptorChain.java:142)
08-04 13:09:00.581 12398 15821 E baseline.com.newsblur.network.APIResponse: 	at okhttp3.internal.http.RetryAndFollowUpInterceptor.intercept(RetryAndFollowUpInterceptor.java:88)
08-04 13:09:00.581 12398 15821 E baseline.com.newsblur.network.APIResponse: 	at okhttp3.internal.http.RealInterceptorChain.proceed(RealInterceptorChain.java:142)
08-04 13:09:00.581 12398 15821 E baseline.com.newsblur.network.APIResponse: 	at okhttp3.internal.http.RealInterceptorChain.proceed(RealInterceptorChain.java:117)
08-04 13:09:00.581 12398 15821 E baseline.com.newsblur.network.APIResponse: 	at okhttp3.RealCall.getResponseWithInterceptorChain(RealCall.java:229)
08-04 13:09:00.581 12398 15821 E baseline.com.newsblur.network.APIResponse: 	at okhttp3.RealCall.execute(RealCall.java:81)
08-04 13:09:00.581 12398 15821 E baseline.com.newsblur.network.APIResponse: 	at baseline.com.newsblur.network.APIResponse.<init>(APIResponse.java:57)
08-04 13:09:00.581 12398 15821 E baseline.com.newsblur.network.APIResponse: 	at baseline.com.newsblur.network.APIManager.get_single(APIManager.java:639)
08-04 13:09:00.581 12398 15821 E baseline.com.newsblur.network.APIResponse: 	at baseline.com.newsblur.network.APIManager.get(APIManager.java:625)
08-04 13:09:00.581 12398 15821 E baseline.com.newsblur.network.APIResponse: 	at baseline.com.newsblur.network.APIManager.get(APIManager.java:667)
08-04 13:09:00.581 12398 15821 E baseline.com.newsblur.network.APIResponse: 	at baseline.com.newsblur.network.APIManager.getFeedUnreadCounts(APIManager.java:274)
08-04 13:09:00.581 12398 15821 E baseline.com.newsblur.network.APIResponse: 	at baseline.com.newsblur.service.NBSyncService.checkRecounts(NBSyncService.java:660)
08-04 13:09:00.581 12398 15821 E baseline.com.newsblur.network.APIResponse: 	at baseline.com.newsblur.service.NBSyncService.doSync(NBSyncService.java:310)
08-04 13:09:00.581 12398 15821 E baseline.com.newsblur.network.APIResponse: 	at baseline.com.newsblur.service.NBSyncService.access$100(NBSyncService.java:67)
08-04 13:09:00.581 12398 15821 E baseline.com.newsblur.network.APIResponse: 	at baseline.com.newsblur.service.NBSyncService$1.run(NBSyncService.java:188)
08-04 13:09:00.581 12398 15821 E baseline.com.newsblur.network.APIResponse: 	at java.util.concurrent.ThreadPoolExecutor.runWorker(ThreadPoolExecutor.java:1113)
08-04 13:09:00.581 12398 15821 E baseline.com.newsblur.network.APIResponse: 	at java.util.concurrent.ThreadPoolExecutor$Worker.run(ThreadPoolExecutor.java:588)
08-04 13:09:00.581 12398 15821 E baseline.com.newsblur.network.APIResponse: 	at java.lang.Thread.run(Thread.java:818)
08-04 13:09:00.581 12398 15821 E baseline.com.newsblur.network.APIResponse: Caused by: java.io.EOFException: \n not found: limit=0 content=
08-04 13:09:00.581 12398 15821 E baseline.com.newsblur.network.APIResponse: 	at okio.RealBufferedSource.readUtf8LineStrict(RealBufferedSource.java:240)
08-04 13:09:00.581 12398 15821 E baseline.com.newsblur.network.APIResponse: 	at okhttp3.internal.http1.Http1ExchangeCodec.readHeaderLine(Http1ExchangeCodec.java:242)
08-04 13:09:00.581 12398 15821 E baseline.com.newsblur.network.APIResponse: 	at okhttp3.internal.http1.Http1ExchangeCodec.readResponseHeaders(Http1ExchangeCodec.java:213)
08-04 13:09:00.581 12398 15821 E baseline.com.newsblur.network.APIResponse: 	... 28 more
08-04 13:09:00.583 12398 15821 W baseline.com.newsblur.service.NBSyncService: Bad response to feed_unread_count
08-04 13:09:00.614 12398 15763 I art     : Explicit concurrent mark sweep GC freed 1284(257KB) AllocSpace objects, 4(80KB) LOS objects, 28% free, 40MB/56MB, paused 1.096ms total 38.397ms
08-04 13:09:00.624 12398 15763 I art     : Starting a blocking GC Explicit
08-04 13:09:00.661 12398 15763 I art     : Explicit concurrent mark sweep GC freed 279(23KB) AllocSpace objects, 0(0B) LOS objects, 28% free, 40MB/56MB, paused 996us total 36.954ms
08-04 13:09:00.763 14234 14234 I ServiceManager: Waiting for service AtCmdFwd...
08-04 13:09:00.977 12398 15821 I NAPPA_EXPERIMENTATION: MetricNetworkRequestExecutionTime: REQUEST_DURATION_SYSTEM='383',REQUEST_DURATION_OKHTTP='32',REQUEST_SYNCHRONOUS='TRUE',RESPONSE_CODE='200',RESPONSE_METHOD='GET',RESPONSE_LENGTH_OKHTTP='-1',RESPONSE_LENGTH_HEADER='-2',REQUEST_PROTOCOL='http/1.1',REQUEST_URL='https://www.newsblur.com/social/river_stories?order=newest&page=1&read_filter=all',
08-04 13:09:00.978 12398 15821 D MY_TAG  : 0, 383
08-04 13:09:00.999 12398 12398 D baseline.com.newsblur.service.NBSyncService: rejecting request for feedset that is exhaused
08-04 13:09:01.001 12398 12411 I art     : Starting a blocking GC Explicit
08-04 13:09:01.043 12398 12411 I art     : Explicit concurrent mark sweep GC freed 7554(458KB) AllocSpace objects, 7(140KB) LOS objects, 28% free, 40MB/56MB, paused 1.080ms total 41.437ms
08-04 13:09:01.054 12398 12411 I art     : Starting a blocking GC Explicit
08-04 13:09:01.095 12398 12411 I art     : Explicit concurrent mark sweep GC freed 260(12KB) AllocSpace objects, 0(0B) LOS objects, 28% free, 40MB/56MB, paused 1.187ms total 41.112ms
08-04 13:09:01.106 12398 12411 I art     : Starting a blocking GC Explicit
08-04 13:09:01.147 12398 12411 I art     : Explicit concurrent mark sweep GC freed 3(96B) AllocSpace objects, 0(0B) LOS objects, 28% free, 40MB/56MB, paused 1.268ms total 41.226ms
08-04 13:09:01.158 12398 12411 I art     : Starting a blocking GC Explicit
08-04 13:09:01.201 12398 12411 I art     : Explicit concurrent mark sweep GC freed 3(96B) AllocSpace objects, 0(0B) LOS objects, 28% free, 40MB/56MB, paused 1.184ms total 42.424ms
08-04 13:09:01.212 12398 12411 I art     : Starting a blocking GC Explicit
08-04 13:09:01.254 12398 12411 I art     : Explicit concurrent mark sweep GC freed 3(96B) AllocSpace objects, 0(0B) LOS objects, 28% free, 40MB/56MB, paused 1.206ms total 41.828ms
08-04 13:09:01.406 12398 15821 E baseline.com.newsblur.network.APIResponse: Error (unexpected end of stream on https://www.newsblur.com/...) calling https://www.newsblur.com/reader/mark_story_hashes_as_read/
08-04 13:09:01.406 12398 15821 E baseline.com.newsblur.network.APIResponse: java.io.IOException: unexpected end of stream on https://www.newsblur.com/...
08-04 13:09:01.406 12398 15821 E baseline.com.newsblur.network.APIResponse: 	at okhttp3.internal.http1.Http1ExchangeCodec.readResponseHeaders(Http1ExchangeCodec.java:236)
08-04 13:09:01.406 12398 15821 E baseline.com.newsblur.network.APIResponse: 	at okhttp3.internal.connection.Exchange.readResponseHeaders(Exchange.java:115)
08-04 13:09:01.406 12398 15821 E baseline.com.newsblur.network.APIResponse: 	at okhttp3.internal.http.CallServerInterceptor.intercept(CallServerInterceptor.java:94)
08-04 13:09:01.406 12398 15821 E baseline.com.newsblur.network.APIResponse: 	at okhttp3.internal.http.RealInterceptorChain.proceed(RealInterceptorChain.java:142)
08-04 13:09:01.406 12398 15821 E baseline.com.newsblur.network.APIResponse: 	at okhttp3.internal.connection.ConnectInterceptor.intercept(ConnectInterceptor.java:43)
08-04 13:09:01.406 12398 15821 E baseline.com.newsblur.network.APIResponse: 	at okhttp3.internal.http.RealInterceptorChain.proceed(RealInterceptorChain.java:142)
08-04 13:09:01.406 12398 15821 E baseline.com.newsblur.network.APIResponse: 	at okhttp3.internal.http.RealInterceptorChain.proceed(RealInterceptorChain.java:117)
08-04 13:09:01.406 12398 15821 E baseline.com.newsblur.network.APIResponse: 	at okhttp3.internal.cache.CacheInterceptor.intercept(CacheInterceptor.java:94)
08-04 13:09:01.406 12398 15821 E baseline.com.newsblur.network.APIResponse: 	at okhttp3.internal.http.RealInterceptorChain.proceed(RealInterceptorChain.java:142)
08-04 13:09:01.406 12398 15821 E baseline.com.newsblur.network.APIResponse: 	at okhttp3.internal.http.RealInterceptorChain.proceed(RealInterceptorChain.java:117)
08-04 13:09:01.406 12398 15821 E baseline.com.newsblur.network.APIResponse: 	at okhttp3.internal.http.BridgeInterceptor.intercept(BridgeInterceptor.java:93)
08-04 13:09:01.406 12398 15821 E baseline.com.newsblur.network.APIResponse: 	at okhttp3.internal.http.RealInterceptorChain.proceed(RealInterceptorChain.java:142)
08-04 13:09:01.406 12398 15821 E baseline.com.newsblur.network.APIResponse: 	at okhttp3.internal.http.RetryAndFollowUpInterceptor.intercept(RetryAndFollowUpInterceptor.java:88)
08-04 13:09:01.406 12398 15821 E baseline.com.newsblur.network.APIResponse: 	at okhttp3.internal.http.RealInterceptorChain.proceed(RealInterceptorChain.java:142)
08-04 13:09:01.406 12398 15821 E baseline.com.newsblur.network.APIResponse: 	at okhttp3.internal.http.RealInterceptorChain.proceed(RealInterceptorChain.java:117)
08-04 13:09:01.406 12398 15821 E baseline.com.newsblur.network.APIResponse: 	at okhttp3.RealCall.getResponseWithInterceptorChain(RealCall.java:229)
08-04 13:09:01.406 12398 15821 E baseline.com.newsblur.network.APIResponse: 	at okhttp3.RealCall.execute(RealCall.java:81)
08-04 13:09:01.406 12398 15821 E baseline.com.newsblur.network.APIResponse: 	at baseline.com.newsblur.network.APIResponse.<init>(APIResponse.java:57)
08-04 13:09:01.406 12398 15821 E baseline.com.newsblur.network.APIResponse: 	at baseline.com.newsblur.network.APIResponse.<init>(APIResponse.java:43)
08-04 13:09:01.406 12398 15821 E baseline.com.newsblur.network.APIResponse: 	at baseline.com.newsblur.network.APIManager.post_single(APIManager.java:702)
08-04 13:09:01.406 12398 15821 E baseline.com.newsblur.network.APIResponse: 	at baseline.com.newsblur.network.APIManager.post(APIManager.java:675)
08-04 13:09:01.406 12398 15821 E baseline.com.newsblur.network.APIResponse: 	at baseline.com.newsblur.network.APIManager.post(APIManager.java:714)
08-04 13:09:01.406 12398 15821 E baseline.com.newsblur.network.APIResponse: 	at baseline.com.newsblur.network.APIManager.markStoryAsRead(APIManager.java:205)
08-04 13:09:01.406 12398 15821 E baseline.com.newsblur.network.APIResponse: 	at baseline.com.newsblur.util.ReadingAction.doRemote(ReadingAction.java:281)
08-04 13:09:01.406 12398 15821 E baseline.com.newsblur.network.APIResponse: 	at baseline.com.newsblur.service.NBSyncService.syncActions(NBSyncService.java:400)
08-04 13:09:01.406 12398 15821 E baseline.com.newsblur.network.APIResponse: 	at baseline.com.newsblur.service.NBSyncService.doSync(NBSyncService.java:298)
08-04 13:09:01.406 12398 15821 E baseline.com.newsblur.network.APIResponse: 	at baseline.com.newsblur.service.NBSyncService.access$100(NBSyncService.java:67)
08-04 13:09:01.406 12398 15821 E baseline.com.newsblur.network.APIResponse: 	at baseline.com.newsblur.service.NBSyncService$1.run(NBSyncService.java:188)
08-04 13:09:01.406 12398 15821 E baseline.com.newsblur.network.APIResponse: 	at java.util.concurrent.ThreadPoolExecutor.runWorker(ThreadPoolExecutor.java:1113)
08-04 13:09:01.406 12398 15821 E baseline.com.newsblur.network.APIResponse: 	at java.util.concurrent.ThreadPoolExecutor$Worker.run(ThreadPoolExecutor.java:588)
08-04 13:09:01.406 12398 15821 E baseline.com.newsblur.network.APIResponse: 	at java.lang.Thread.run(Thread.java:818)
08-04 13:09:01.406 12398 15821 E baseline.com.newsblur.network.APIResponse: Caused by: java.io.EOFException: \n not found: limit=0 content=
08-04 13:09:01.406 12398 15821 E baseline.com.newsblur.network.APIResponse: 	at okio.RealBufferedSource.readUtf8LineStrict(RealBufferedSource.java:240)
08-04 13:09:01.406 12398 15821 E baseline.com.newsblur.network.APIResponse: 	at okhttp3.internal.http1.Http1ExchangeCodec.readHeaderLine(Http1ExchangeCodec.java:242)
08-04 13:09:01.406 12398 15821 E baseline.com.newsblur.network.APIResponse: 	at okhttp3.internal.http1.Http1ExchangeCodec.readResponseHeaders(Http1ExchangeCodec.java:213)
08-04 13:09:01.406 12398 15821 E baseline.com.newsblur.network.APIResponse: 	... 30 more
08-04 13:09:01.408 12398 15821 I baseline.com.newsblur.network.APIManager: API call failed, pausing before retry number 1
08-04 13:09:01.594 12398 15139 I art     : Starting a blocking GC Explicit
08-04 13:09:01.640 12398 15139 I art     : Explicit concurrent mark sweep GC freed 3935(356KB) AllocSpace objects, 3(60KB) LOS objects, 28% free, 40MB/56MB, paused 1.219ms total 45.060ms
08-04 13:09:01.652 12398 15139 I art     : Starting a blocking GC Explicit
08-04 13:09:01.692 12398 15139 I art     : Explicit concurrent mark sweep GC freed 120(4KB) AllocSpace objects, 0(0B) LOS objects, 28% free, 40MB/56MB, paused 1.100ms total 40.144ms
08-04 13:09:01.702 12398 15139 I art     : Starting a blocking GC Explicit
08-04 13:09:01.741 12398 15139 I art     : Explicit concurrent mark sweep GC freed 3(96B) AllocSpace objects, 0(0B) LOS objects, 28% free, 40MB/56MB, paused 1.096ms total 38.635ms
08-04 13:09:01.751 12398 15139 I art     : Starting a blocking GC Explicit
08-04 13:09:01.764 14234 14234 I ServiceManager: Waiting for service AtCmdFwd...
08-04 13:09:01.790 12398 15139 I art     : Explicit concurrent mark sweep GC freed 3(96B) AllocSpace objects, 0(0B) LOS objects, 28% free, 40MB/56MB, paused 1.150ms total 37.946ms
08-04 13:09:01.800 12398 15139 I art     : Starting a blocking GC Explicit
08-04 13:09:01.838 12398 15139 I art     : Explicit concurrent mark sweep GC freed 3(96B) AllocSpace objects, 0(0B) LOS objects, 28% free, 40MB/56MB, paused 1.112ms total 38.438ms
08-04 13:09:02.113 16603 16603 D AndroidRuntime: >>>>>> START com.android.internal.os.RuntimeInit uid 2000 <<<<<<
08-04 13:09:02.118 16603 16603 D AndroidRuntime: CheckJNI is OFF
08-04 13:09:02.151 16603 16603 D ICU     : No timezone override file found: /data/misc/zoneinfo/current/icu/icu_tzdata.dat
08-04 13:09:02.170 12398 15987 I art     : Starting a blocking GC Explicit
08-04 13:09:02.186 16603 16603 I Radio-JNI: register_android_hardware_Radio DONE
08-04 13:09:02.209 16603 16603 D AndroidRuntime: Calling main entry com.android.commands.input.Input
08-04 13:09:02.211 16603 16603 I Input   : injectMotionEvent: MotionEvent { action=ACTION_DOWN, actionButton=0, id[0]=0, x[0]=436.0, y[0]=453.0, toolType[0]=TOOL_TYPE_UNKNOWN, buttonState=0, metaState=0, flags=0x0, edgeFlags=0x0, pointerCount=1, historySize=0, eventTime=709758624, downTime=709758624, deviceId=0, source=0x1002 }
08-04 13:09:02.214 12398 15987 I art     : Explicit concurrent mark sweep GC freed 1444(83KB) AllocSpace objects, 1(20KB) LOS objects, 28% free, 40MB/56MB, paused 1.222ms total 43.558ms
08-04 13:09:02.218 16603 16603 I Input   : injectMotionEvent: MotionEvent { action=ACTION_UP, actionButton=0, id[0]=0, x[0]=436.0, y[0]=453.0, toolType[0]=TOOL_TYPE_UNKNOWN, buttonState=0, metaState=0, flags=0x0, edgeFlags=0x0, pointerCount=1, historySize=0, eventTime=709758624, downTime=709758624, deviceId=0, source=0x1002 }
08-04 13:09:02.220 16603 16603 D AndroidRuntime: Shutting down VM
08-04 13:09:02.224 12398 15987 I art     : Starting a blocking GC Explicit
08-04 13:09:02.230   512  2967 D audio_hw_primary: out_set_parameters: enter: usecase(1: low-latency-playback) kvpairs: routing=2
08-04 13:09:02.232   918  3714 I ActivityManager: START u0 {cmp=baseline.com.newsblur/.activity.AllSharedStoriesReading (has extras)} from uid 10652 on display 0
08-04 13:09:02.243   512  2967 D audio_hw_primary: select_devices: out_snd_device(2: speaker) in_snd_device(0: none)
08-04 13:09:02.243   512  2967 D msm8974_platform: platform_send_audio_calibration: sending audio calibration for snd_device(2) acdb_id(15)
08-04 13:09:02.243   512  2967 I soundtrigger: audio_extn_sound_trigger_update_device_status: device 0x2 of type 0 for Event 1
08-04 13:09:02.253   512  2967 D audio_hw_primary: enable_snd_device: snd_device(2: speaker)
08-04 13:09:02.255   512  2967 D audio_hw_primary: enable_audio_route: apply and update mixer path: low-latency-playback speaker
08-04 13:09:02.267 12398 15987 I art     : Explicit concurrent mark sweep GC freed 759(105KB) AllocSpace objects, 2(40KB) LOS objects, 28% free, 41MB/57MB, paused 1.448ms total 42.271ms
08-04 13:09:02.277 12398 15987 I art     : Starting a blocking GC Explicit
08-04 13:09:02.314 12398 15987 I art     : Explicit concurrent mark sweep GC freed 1118(93KB) AllocSpace objects, 2(468KB) LOS objects, 28% free, 40MB/56MB, paused 1.124ms total 36.564ms
08-04 13:09:02.323 12398 15987 I art     : Starting a blocking GC Explicit
08-04 13:09:02.363 12398 15987 I art     : Explicit concurrent mark sweep GC freed 163(8KB) AllocSpace objects, 0(0B) LOS objects, 28% free, 40MB/56MB, paused 1.171ms total 39.771ms
08-04 13:09:02.374 12398 15987 I art     : Starting a blocking GC Explicit
08-04 13:09:02.413 12398 15987 I art     : Explicit concurrent mark sweep GC freed 165(26KB) AllocSpace objects, 1(20KB) LOS objects, 28% free, 40MB/56MB, paused 1.024ms total 39.069ms
08-04 13:09:02.444   918   936 I ActivityManager: Displayed baseline.com.newsblur/.activity.AllSharedStoriesReading: +204ms
08-04 13:09:02.446 13866 13866 I GoogleInputMethodServic: GoogleInputMethodService.onFinishInput():3138 
08-04 13:09:02.447 13866 13866 I GoogleInputMethodServic: GoogleInputMethodService.onStartInput():1808 
08-04 13:09:02.645 12398 15480 E chromium: [ERROR:tile_manager.cc(793)] WARNING: tile memory limits exceeded, some content may not draw
08-04 13:09:02.646 12398 15480 E chromium: [ERROR:tile_manager.cc(793)] WARNING: tile memory limits exceeded, some content may not draw
08-04 13:09:02.648   918  3261 D WifiStateMachine: starting scan for "H369AA63323"WPA_PSK with 2412,5180
08-04 13:09:02.713 12398 15763 I art     : Starting a blocking GC Explicit
08-04 13:09:02.755 12398 15763 I art     : Explicit concurrent mark sweep GC freed 4337(333KB) AllocSpace objects, 13(296KB) LOS objects, 28% free, 41MB/57MB, paused 1.080ms total 41.711ms
08-04 13:09:02.764 14234 14234 I ServiceManager: Waiting for service AtCmdFwd...
08-04 13:09:02.766 12398 15763 I art     : Starting a blocking GC Explicit
08-04 13:09:02.800   512  2967 D audio_hw_primary: disable_audio_route: reset and update mixer path: low-latency-playback speaker
08-04 13:09:02.802   512  2967 D audio_hw_primary: disable_snd_device: snd_device(2: speaker)
08-04 13:09:02.808 12398 15763 I art     : Explicit concurrent mark sweep GC freed 1089(50KB) AllocSpace objects, 1(28KB) LOS objects, 28% free, 41MB/57MB, paused 1.212ms total 41.668ms
08-04 13:09:02.812   512  2967 I soundtrigger: audio_extn_sound_trigger_update_device_status: device 0x2 of type 0 for Event 0
08-04 13:09:02.820 12398 15763 I art     : Starting a blocking GC Explicit
08-04 13:09:02.860 12398 15763 I art     : Explicit concurrent mark sweep GC freed 159(18KB) AllocSpace objects, 2(48KB) LOS objects, 28% free, 41MB/57MB, paused 1.381ms total 40.170ms
08-04 13:09:02.871 12398 15763 I art     : Starting a blocking GC Explicit
08-04 13:09:02.910 12398 15763 I art     : Explicit concurrent mark sweep GC freed 21(864B) AllocSpace objects, 0(0B) LOS objects, 28% free, 41MB/57MB, paused 1.249ms total 37.780ms
08-04 13:09:02.920 12398 15763 I art     : Starting a blocking GC Explicit
08-04 13:09:02.960 12398 15763 I art     : Explicit concurrent mark sweep GC freed 94(3KB) AllocSpace objects, 0(0B) LOS objects, 28% free, 41MB/57MB, paused 1.015ms total 39.357ms
08-04 13:09:03.283 12398 15987 I art     : Starting a blocking GC Explicit
08-04 13:09:03.331 12398 15987 I art     : Explicit concurrent mark sweep GC freed 1526(88KB) AllocSpace objects, 1(20KB) LOS objects, 28% free, 41MB/57MB, paused 1.225ms total 47.685ms
08-04 13:09:03.344 12398 15987 I art     : Starting a blocking GC Explicit
08-04 13:09:03.388 12398 15987 I art     : Explicit concurrent mark sweep GC freed 169(6KB) AllocSpace objects, 0(0B) LOS objects, 28% free, 41MB/57MB, paused 1.391ms total 44.048ms
08-04 13:09:03.400 12398 15987 I art     : Starting a blocking GC Explicit
08-04 13:09:03.435 12398 15821 E baseline.com.newsblur.network.APIResponse: Error (unexpected end of stream on https://www.newsblur.com/...) calling https://www.newsblur.com/reader/mark_story_hashes_as_read/
08-04 13:09:03.435 12398 15821 E baseline.com.newsblur.network.APIResponse: java.io.IOException: unexpected end of stream on https://www.newsblur.com/...
08-04 13:09:03.435 12398 15821 E baseline.com.newsblur.network.APIResponse: 	at okhttp3.internal.http1.Http1ExchangeCodec.readResponseHeaders(Http1ExchangeCodec.java:236)
08-04 13:09:03.435 12398 15821 E baseline.com.newsblur.network.APIResponse: 	at okhttp3.internal.connection.Exchange.readResponseHeaders(Exchange.java:115)
08-04 13:09:03.435 12398 15821 E baseline.com.newsblur.network.APIResponse: 	at okhttp3.internal.http.CallServerInterceptor.intercept(CallServerInterceptor.java:94)
08-04 13:09:03.435 12398 15821 E baseline.com.newsblur.network.APIResponse: 	at okhttp3.internal.http.RealInterceptorChain.proceed(RealInterceptorChain.java:142)
08-04 13:09:03.435 12398 15821 E baseline.com.newsblur.network.APIResponse: 	at okhttp3.internal.connection.ConnectInterceptor.intercept(ConnectInterceptor.java:43)
08-04 13:09:03.435 12398 15821 E baseline.com.newsblur.network.APIResponse: 	at okhttp3.internal.http.RealInterceptorChain.proceed(RealInterceptorChain.java:142)
08-04 13:09:03.435 12398 15821 E baseline.com.newsblur.network.APIResponse: 	at okhttp3.internal.http.RealInterceptorChain.proceed(RealInterceptorChain.java:117)
08-04 13:09:03.435 12398 15821 E baseline.com.newsblur.network.APIResponse: 	at okhttp3.internal.cache.CacheInterceptor.intercept(CacheInterceptor.java:94)
08-04 13:09:03.435 12398 15821 E baseline.com.newsblur.network.APIResponse: 	at okhttp3.internal.http.RealInterceptorChain.proceed(RealInterceptorChain.java:142)
08-04 13:09:03.435 12398 15821 E baseline.com.newsblur.network.APIResponse: 	at okhttp3.internal.http.RealInterceptorChain.proceed(RealInterceptorChain.java:117)
08-04 13:09:03.435 12398 15821 E baseline.com.newsblur.network.APIResponse: 	at okhttp3.internal.http.BridgeInterceptor.intercept(BridgeInterceptor.java:93)
08-04 13:09:03.435 12398 15821 E baseline.com.newsblur.network.APIResponse: 	at okhttp3.internal.http.RealInterceptorChain.proceed(RealInterceptorChain.java:142)
08-04 13:09:03.435 12398 15821 E baseline.com.newsblur.network.APIResponse: 	at okhttp3.internal.http.RetryAndFollowUpInterceptor.intercept(RetryAndFollowUpInterceptor.java:88)
08-04 13:09:03.435 12398 15821 E baseline.com.newsblur.network.APIResponse: 	at okhttp3.internal.http.RealInterceptorChain.proceed(RealInterceptorChain.java:142)
08-04 13:09:03.435 12398 15821 E baseline.com.newsblur.network.APIResponse: 	at okhttp3.internal.http.RealInterceptorChain.proceed(RealInterceptorChain.java:117)
08-04 13:09:03.435 12398 15821 E baseline.com.newsblur.network.APIResponse: 	at okhttp3.RealCall.getResponseWithInterceptorChain(RealCall.java:229)
08-04 13:09:03.435 12398 15821 E baseline.com.newsblur.network.APIResponse: 	at okhttp3.RealCall.execute(RealCall.java:81)
08-04 13:09:03.435 12398 15821 E baseline.com.newsblur.network.APIResponse: 	at baseline.com.newsblur.network.APIResponse.<init>(APIResponse.java:57)
08-04 13:09:03.435 12398 15821 E baseline.com.newsblur.network.APIResponse: 	at baseline.com.newsblur.network.APIResponse.<init>(APIResponse.java:43)
08-04 13:09:03.435 12398 15821 E baseline.com.newsblur.network.APIResponse: 	at baseline.com.newsblur.network.APIManager.post_single(APIManager.java:702)
08-04 13:09:03.435 12398 15821 E baseline.com.newsblur.network.APIResponse: 	at baseline.com.newsblur.network.APIManager.post(APIManager.java:675)
08-04 13:09:03.435 12398 15821 E baseline.com.newsblur.network.APIResponse: 	at baseline.com.newsblur.network.APIManager.post(APIManager.java:714)
08-04 13:09:03.435 12398 15821 E baseline.com.newsblur.network.APIResponse: 	at baseline.com.newsblur.network.APIManager.markStoryAsRead(APIManager.java:205)
08-04 13:09:03.435 12398 15821 E baseline.com.newsblur.network.APIResponse: 	at baseline.com.newsblur.util.ReadingAction.doRemote(ReadingAction.java:281)
08-04 13:09:03.435 12398 15821 E baseline.com.newsblur.network.APIResponse: 	at baseline.com.newsblur.service.NBSyncService.syncActions(NBSyncService.java:400)
08-04 13:09:03.435 12398 15821 E baseline.com.newsblur.network.APIResponse: 	at baseline.com.newsblur.service.NBSyncService.doSync(NBSyncService.java:298)
08-04 13:09:03.435 12398 15821 E baseline.com.newsblur.network.APIResponse: 	at baseline.com.newsblur.service.NBSyncService.access$100(NBSyncService.java:67)
08-04 13:09:03.435 12398 15821 E baseline.com.newsblur.network.APIResponse: 	at baseline.com.newsblur.service.NBSyncService$1.run(NBSyncService.java:188)
08-04 13:09:03.435 12398 15821 E baseline.com.newsblur.network.APIResponse: 	at java.util.concurrent.ThreadPoolExecutor.runWorker(ThreadPoolExecutor.java:1113)
08-04 13:09:03.435 12398 15821 E baseline.com.newsblur.network.APIResponse: 	at java.util.concurrent.ThreadPoolExecutor$Worker.run(ThreadPoolExecutor.java:588)
08-04 13:09:03.435 12398 15821 E baseline.com.newsblur.network.APIResponse: 	at java.lang.Thread.run(Thread.java:818)
08-04 13:09:03.435 12398 15821 E baseline.com.newsblur.network.APIResponse: Caused by: java.io.EOFException: \n not found: limit=0 content=
08-04 13:09:03.435 12398 15821 E baseline.com.newsblur.network.APIResponse: 	at okio.RealBufferedSource.readUtf8LineStrict(RealBufferedSource.java:240)
08-04 13:09:03.435 12398 15821 E baseline.com.newsblur.network.APIResponse: 	at okhttp3.internal.http1.Http1ExchangeCodec.readHeaderLine(Http1ExchangeCodec.java:242)
08-04 13:09:03.435 12398 15821 E baseline.com.newsblur.network.APIResponse: 	at okhttp3.internal.http1.Http1ExchangeCodec.readResponseHeaders(Http1ExchangeCodec.java:213)
08-04 13:09:03.435 12398 15821 E baseline.com.newsblur.network.APIResponse: 	... 30 more
08-04 13:09:03.437 12398 15821 I baseline.com.newsblur.network.APIManager: API call failed, pausing before retry number 2
08-04 13:09:03.443 12398 15987 I art     : Explicit concurrent mark sweep GC freed 2278(245KB) AllocSpace objects, 2(40KB) LOS objects, 28% free, 41MB/57MB, paused 1.181ms total 42.779ms
08-04 13:09:03.454 12398 15987 I art     : Starting a blocking GC Explicit
08-04 13:09:03.497 12398 15987 I art     : Explicit concurrent mark sweep GC freed 165(26KB) AllocSpace objects, 0(0B) LOS objects, 28% free, 41MB/57MB, paused 1.124ms total 43.188ms
08-04 13:09:03.508 12398 15987 I art     : Starting a blocking GC Explicit
08-04 13:09:03.553 12398 15987 I art     : Explicit concurrent mark sweep GC freed 28(928B) AllocSpace objects, 0(0B) LOS objects, 28% free, 41MB/57MB, paused 1.170ms total 44.399ms
08-04 13:09:03.764 14234 14234 W Atfwd_Sendcmd: AtCmdFwd service not published, waiting... retryCnt : 5
08-04 13:09:03.915 12398 15139 I art     : Starting a blocking GC Explicit
08-04 13:09:03.969 12398 15139 I art     : Explicit concurrent mark sweep GC freed 1505(85KB) AllocSpace objects, 1(20KB) LOS objects, 28% free, 41MB/57MB, paused 1ms total 53.161ms
08-04 13:09:03.981 12398 15139 I art     : Starting a blocking GC Explicit
08-04 13:09:04.021 12398 15139 I art     : Explicit concurrent mark sweep GC freed 23(816B) AllocSpace objects, 0(0B) LOS objects, 28% free, 41MB/57MB, paused 1.120ms total 40.147ms
08-04 13:09:04.032 12398 15139 I art     : Starting a blocking GC Explicit
08-04 13:09:04.073 12398 15139 I art     : Explicit concurrent mark sweep GC freed 3(96B) AllocSpace objects, 0(0B) LOS objects, 28% free, 41MB/57MB, paused 1.091ms total 40.730ms
08-04 13:09:04.084 12398 15139 I art     : Starting a blocking GC Explicit
08-04 13:09:04.128 12398 15139 I art     : Explicit concurrent mark sweep GC freed 3(96B) AllocSpace objects, 0(0B) LOS objects, 28% free, 41MB/57MB, paused 1.299ms total 44.125ms
08-04 13:09:04.139 12398 15139 I art     : Starting a blocking GC Explicit
08-04 13:09:04.184 12398 15139 I art     : Explicit concurrent mark sweep GC freed 3(96B) AllocSpace objects, 0(0B) LOS objects, 28% free, 41MB/57MB, paused 1.156ms total 44.605ms
08-04 13:09:04.594 12398 12414 I art     : Starting a blocking GC Explicit
08-04 13:09:04.642 12398 12414 I art     : Explicit concurrent mark sweep GC freed 1445(83KB) AllocSpace objects, 1(20KB) LOS objects, 28% free, 41MB/57MB, paused 1.178ms total 47.705ms
08-04 13:09:04.658 12398 12414 I art     : Starting a blocking GC Explicit
08-04 13:09:04.700 12398 12414 I art     : Explicit concurrent mark sweep GC freed 22(784B) AllocSpace objects, 0(0B) LOS objects, 28% free, 41MB/57MB, paused 1.103ms total 41.561ms
08-04 13:09:04.711 12398 12414 I art     : Starting a blocking GC Explicit
08-04 13:09:04.754 12398 12414 I art     : Explicit concurrent mark sweep GC freed 3(96B) AllocSpace objects, 0(0B) LOS objects, 28% free, 41MB/57MB, paused 1.154ms total 42.998ms
08-04 13:09:04.765 12398 12414 I art     : Starting a blocking GC Explicit
08-04 13:09:04.808 12398 12414 I art     : Explicit concurrent mark sweep GC freed 3(96B) AllocSpace objects, 0(0B) LOS objects, 28% free, 41MB/57MB, paused 1.170ms total 43.433ms
08-04 13:09:04.819 12398 12414 I art     : Starting a blocking GC Explicit
08-04 13:09:04.862 12398 12414 I art     : Explicit concurrent mark sweep GC freed 3(96B) AllocSpace objects, 0(0B) LOS objects, 28% free, 41MB/57MB, paused 1.171ms total 42.652ms
08-04 13:09:05.216 12398 15763 I art     : Starting a blocking GC Explicit
08-04 13:09:05.263 12398 15763 I art     : Explicit concurrent mark sweep GC freed 1446(83KB) AllocSpace objects, 1(20KB) LOS objects, 28% free, 41MB/57MB, paused 1.159ms total 46.348ms
08-04 13:09:05.277 12398 15763 I art     : Starting a blocking GC Explicit
08-04 13:09:05.320 12398 15763 I art     : Explicit concurrent mark sweep GC freed 22(784B) AllocSpace objects, 0(0B) LOS objects, 28% free, 41MB/57MB, paused 1.114ms total 43.604ms
08-04 13:09:05.332 12398 15763 I art     : Starting a blocking GC Explicit
08-04 13:09:05.376 12398 15763 I art     : Explicit concurrent mark sweep GC freed 3(96B) AllocSpace objects, 0(0B) LOS objects, 28% free, 41MB/57MB, paused 1.153ms total 44.122ms
08-04 13:09:05.387 12398 15763 I art     : Starting a blocking GC Explicit
08-04 13:09:05.432 12398 15763 I art     : Explicit concurrent mark sweep GC freed 3(96B) AllocSpace objects, 0(0B) LOS objects, 28% free, 41MB/57MB, paused 1.101ms total 44.577ms
08-04 13:09:05.443 12398 15763 I art     : Starting a blocking GC Explicit
08-04 13:09:05.487 12398 15763 I art     : Explicit concurrent mark sweep GC freed 3(96B) AllocSpace objects, 0(0B) LOS objects, 28% free, 41MB/57MB, paused 1.148ms total 43.110ms
08-04 13:09:05.841 12398 12411 I art     : Starting a blocking GC Explicit
08-04 13:09:05.887 12398 12411 I art     : Explicit concurrent mark sweep GC freed 1445(83KB) AllocSpace objects, 1(20KB) LOS objects, 28% free, 41MB/57MB, paused 1.179ms total 46.132ms
08-04 13:09:05.898 12398 12411 I art     : Starting a blocking GC Explicit
08-04 13:09:05.942 12398 12411 I art     : Explicit concurrent mark sweep GC freed 22(784B) AllocSpace objects, 0(0B) LOS objects, 28% free, 41MB/57MB, paused 1.077ms total 43.477ms
08-04 13:09:05.953 12398 12411 I art     : Starting a blocking GC Explicit
08-04 13:09:05.997 12398 12411 I art     : Explicit concurrent mark sweep GC freed 3(96B) AllocSpace objects, 0(0B) LOS objects, 28% free, 41MB/57MB, paused 1.239ms total 43.956ms
08-04 13:09:06.009 12398 12411 I art     : Starting a blocking GC Explicit
08-04 13:09:06.054 12398 12411 I art     : Explicit concurrent mark sweep GC freed 3(96B) AllocSpace objects, 0(0B) LOS objects, 28% free, 41MB/57MB, paused 1.112ms total 44.882ms
08-04 13:09:06.065 12398 12411 I art     : Starting a blocking GC Explicit
08-04 13:09:06.110 12398 12411 I art     : Explicit concurrent mark sweep GC freed 3(96B) AllocSpace objects, 0(0B) LOS objects, 28% free, 41MB/57MB, paused 1.233ms total 44.219ms
08-04 13:09:06.476 12398 15987 I art     : Starting a blocking GC Explicit
08-04 13:09:06.523 12398 15987 I art     : Explicit concurrent mark sweep GC freed 1611(92KB) AllocSpace objects, 1(20KB) LOS objects, 28% free, 41MB/57MB, paused 1.186ms total 46.223ms
08-04 13:09:06.536 12398 15987 I art     : Starting a blocking GC Explicit
08-04 13:09:06.577 12398 15987 I art     : Explicit concurrent mark sweep GC freed 28(1040B) AllocSpace objects, 0(0B) LOS objects, 28% free, 41MB/57MB, paused 1.151ms total 40.760ms
08-04 13:09:06.588 12398 15987 I art     : Starting a blocking GC Explicit
08-04 13:09:06.631 12398 15987 I art     : Explicit concurrent mark sweep GC freed 3(96B) AllocSpace objects, 0(0B) LOS objects, 28% free, 41MB/57MB, paused 1.544ms total 42.529ms
08-04 13:09:06.642 12398 15987 I art     : Starting a blocking GC Explicit
08-04 13:09:06.685 12398 15987 I art     : Explicit concurrent mark sweep GC freed 3(96B) AllocSpace objects, 0(0B) LOS objects, 28% free, 41MB/57MB, paused 1.105ms total 43.022ms
08-04 13:09:06.696 12398 15987 I art     : Starting a blocking GC Explicit
08-04 13:09:06.739 12398 15987 I art     : Explicit concurrent mark sweep GC freed 3(96B) AllocSpace objects, 0(0B) LOS objects, 28% free, 41MB/57MB, paused 1.222ms total 42.773ms
08-04 13:09:06.934 12398 15821 E baseline.com.newsblur.network.APIResponse: Error (unexpected end of stream on https://www.newsblur.com/...) calling https://www.newsblur.com/reader/mark_story_hashes_as_read/
08-04 13:09:06.934 12398 15821 E baseline.com.newsblur.network.APIResponse: java.io.IOException: unexpected end of stream on https://www.newsblur.com/...
08-04 13:09:06.934 12398 15821 E baseline.com.newsblur.network.APIResponse: 	at okhttp3.internal.http1.Http1ExchangeCodec.readResponseHeaders(Http1ExchangeCodec.java:236)
08-04 13:09:06.934 12398 15821 E baseline.com.newsblur.network.APIResponse: 	at okhttp3.internal.connection.Exchange.readResponseHeaders(Exchange.java:115)
08-04 13:09:06.934 12398 15821 E baseline.com.newsblur.network.APIResponse: 	at okhttp3.internal.http.CallServerInterceptor.intercept(CallServerInterceptor.java:94)
08-04 13:09:06.934 12398 15821 E baseline.com.newsblur.network.APIResponse: 	at okhttp3.internal.http.RealInterceptorChain.proceed(RealInterceptorChain.java:142)
08-04 13:09:06.934 12398 15821 E baseline.com.newsblur.network.APIResponse: 	at okhttp3.internal.connection.ConnectInterceptor.intercept(ConnectInterceptor.java:43)
08-04 13:09:06.934 12398 15821 E baseline.com.newsblur.network.APIResponse: 	at okhttp3.internal.http.RealInterceptorChain.proceed(RealInterceptorChain.java:142)
08-04 13:09:06.934 12398 15821 E baseline.com.newsblur.network.APIResponse: 	at okhttp3.internal.http.RealInterceptorChain.proceed(RealInterceptorChain.java:117)
08-04 13:09:06.934 12398 15821 E baseline.com.newsblur.network.APIResponse: 	at okhttp3.internal.cache.CacheInterceptor.intercept(CacheInterceptor.java:94)
08-04 13:09:06.934 12398 15821 E baseline.com.newsblur.network.APIResponse: 	at okhttp3.internal.http.RealInterceptorChain.proceed(RealInterceptorChain.java:142)
08-04 13:09:06.934 12398 15821 E baseline.com.newsblur.network.APIResponse: 	at okhttp3.internal.http.RealInterceptorChain.proceed(RealInterceptorChain.java:117)
08-04 13:09:06.934 12398 15821 E baseline.com.newsblur.network.APIResponse: 	at okhttp3.internal.http.BridgeInterceptor.intercept(BridgeInterceptor.java:93)
08-04 13:09:06.934 12398 15821 E baseline.com.newsblur.network.APIResponse: 	at okhttp3.internal.http.RealInterceptorChain.proceed(RealInterceptorChain.java:142)
08-04 13:09:06.934 12398 15821 E baseline.com.newsblur.network.APIResponse: 	at okhttp3.internal.http.RetryAndFollowUpInterceptor.intercept(RetryAndFollowUpInterceptor.java:88)
08-04 13:09:06.934 12398 15821 E baseline.com.newsblur.network.APIResponse: 	at okhttp3.internal.http.RealInterceptorChain.proceed(RealInterceptorChain.java:142)
08-04 13:09:06.934 12398 15821 E baseline.com.newsblur.network.APIResponse: 	at okhttp3.internal.http.RealInterceptorChain.proceed(RealInterceptorChain.java:117)
08-04 13:09:06.934 12398 15821 E baseline.com.newsblur.network.APIResponse: 	at okhttp3.RealCall.getResponseWithInterceptorChain(RealCall.java:229)
08-04 13:09:06.934 12398 15821 E baseline.com.newsblur.network.APIResponse: 	at okhttp3.RealCall.execute(RealCall.java:81)
08-04 13:09:06.934 12398 15821 E baseline.com.newsblur.network.APIResponse: 	at baseline.com.newsblur.network.APIResponse.<init>(APIResponse.java:57)
08-04 13:09:06.934 12398 15821 E baseline.com.newsblur.network.APIResponse: 	at baseline.com.newsblur.network.APIResponse.<init>(APIResponse.java:43)
08-04 13:09:06.934 12398 15821 E baseline.com.newsblur.network.APIResponse: 	at baseline.com.newsblur.network.APIManager.post_single(APIManager.java:702)
08-04 13:09:06.934 12398 15821 E baseline.com.newsblur.network.APIResponse: 	at baseline.com.newsblur.network.APIManager.post(APIManager.java:675)
08-04 13:09:06.934 12398 15821 E baseline.com.newsblur.network.APIResponse: 	at baseline.com.newsblur.network.APIManager.post(APIManager.java:714)
08-04 13:09:06.934 12398 15821 E baseline.com.newsblur.network.APIResponse: 	at baseline.com.newsblur.network.APIManager.markStoryAsRead(APIManager.java:205)
08-04 13:09:06.934 12398 15821 E baseline.com.newsblur.network.APIResponse: 	at baseline.com.newsblur.util.ReadingAction.doRemote(ReadingAction.java:281)
08-04 13:09:06.934 12398 15821 E baseline.com.newsblur.network.APIResponse: 	at baseline.com.newsblur.service.NBSyncService.syncActions(NBSyncService.java:400)
08-04 13:09:06.934 12398 15821 E baseline.com.newsblur.network.APIResponse: 	at baseline.com.newsblur.service.NBSyncService.doSync(NBSyncService.java:298)
08-04 13:09:06.934 12398 15821 E baseline.com.newsblur.network.APIResponse: 	at baseline.com.newsblur.service.NBSyncService.access$100(NBSyncService.java:67)
08-04 13:09:06.934 12398 15821 E baseline.com.newsblur.network.APIResponse: 	at baseline.com.newsblur.service.NBSyncService$1.run(NBSyncService.java:188)
08-04 13:09:06.934 12398 15821 E baseline.com.newsblur.network.APIResponse: 	at java.util.concurrent.ThreadPoolExecutor.runWorker(ThreadPoolExecutor.java:1113)
08-04 13:09:06.934 12398 15821 E baseline.com.newsblur.network.APIResponse: 	at java.util.concurrent.ThreadPoolExecutor$Worker.run(ThreadPoolExecutor.java:588)
08-04 13:09:06.934 12398 15821 E baseline.com.newsblur.network.APIResponse: 	at java.lang.Thread.run(Thread.java:818)
08-04 13:09:06.934 12398 15821 E baseline.com.newsblur.network.APIResponse: Caused by: java.io.EOFException: \n not found: limit=0 content=
08-04 13:09:06.934 12398 15821 E baseline.com.newsblur.network.APIResponse: 	at okio.RealBufferedSource.readUtf8LineStrict(RealBufferedSource.java:240)
08-04 13:09:06.934 12398 15821 E baseline.com.newsblur.network.APIResponse: 	at okhttp3.internal.http1.Http1ExchangeCodec.readHeaderLine(Http1ExchangeCodec.java:242)
08-04 13:09:06.934 12398 15821 E baseline.com.newsblur.network.APIResponse: 	at okhttp3.internal.http1.Http1ExchangeCodec.readResponseHeaders(Http1ExchangeCodec.java:213)
08-04 13:09:06.934 12398 15821 E baseline.com.newsblur.network.APIResponse: 	... 30 more
08-04 13:09:06.936 12398 15821 I baseline.com.newsblur.service.NBSyncService: Holding reading action with server-side or network error.
08-04 13:09:06.949 12398 15821 W baseline.com.newsblur.service.NBSyncService: hard API failure
08-04 13:09:07.104 12398 15139 I art     : Starting a blocking GC Explicit
08-04 13:09:07.151 12398 15139 I art     : Explicit concurrent mark sweep GC freed 4357(407KB) AllocSpace objects, 5(100KB) LOS objects, 28% free, 41MB/57MB, paused 1.240ms total 46.869ms
08-04 13:09:07.163 12398 15139 I art     : Starting a blocking GC Explicit
08-04 13:09:07.205 12398 15139 I art     : Explicit concurrent mark sweep GC freed 140(5KB) AllocSpace objects, 0(0B) LOS objects, 28% free, 41MB/57MB, paused 1.170ms total 41.523ms
08-04 13:09:07.216 12398 15139 I art     : Starting a blocking GC Explicit
08-04 13:09:07.259 12398 15139 I art     : Explicit concurrent mark sweep GC freed 3(96B) AllocSpace objects, 0(0B) LOS objects, 28% free, 41MB/57MB, paused 1.202ms total 42.701ms
08-04 13:09:07.270 12398 15139 I art     : Starting a blocking GC Explicit
08-04 13:09:07.312 12398 15139 I art     : Explicit concurrent mark sweep GC freed 3(96B) AllocSpace objects, 0(0B) LOS objects, 28% free, 41MB/57MB, paused 1.166ms total 42.640ms
08-04 13:09:07.323 12398 15139 I art     : Starting a blocking GC Explicit
08-04 13:09:07.368 12398 15139 I art     : Explicit concurrent mark sweep GC freed 3(96B) AllocSpace objects, 0(0B) LOS objects, 28% free, 41MB/57MB, paused 1.257ms total 44.723ms
08-04 13:09:07.439 12398 15821 E baseline.com.newsblur.network.APIResponse: Error (unexpected end of stream on https://www.newsblur.com/...) calling https://www.newsblur.com/reader/mark_story_hashes_as_read/
08-04 13:09:07.439 12398 15821 E baseline.com.newsblur.network.APIResponse: java.io.IOException: unexpected end of stream on https://www.newsblur.com/...
08-04 13:09:07.439 12398 15821 E baseline.com.newsblur.network.APIResponse: 	at okhttp3.internal.http1.Http1ExchangeCodec.readResponseHeaders(Http1ExchangeCodec.java:236)
08-04 13:09:07.439 12398 15821 E baseline.com.newsblur.network.APIResponse: 	at okhttp3.internal.connection.Exchange.readResponseHeaders(Exchange.java:115)
08-04 13:09:07.439 12398 15821 E baseline.com.newsblur.network.APIResponse: 	at okhttp3.internal.http.CallServerInterceptor.intercept(CallServerInterceptor.java:94)
08-04 13:09:07.439 12398 15821 E baseline.com.newsblur.network.APIResponse: 	at okhttp3.internal.http.RealInterceptorChain.proceed(RealInterceptorChain.java:142)
08-04 13:09:07.439 12398 15821 E baseline.com.newsblur.network.APIResponse: 	at okhttp3.internal.connection.ConnectInterceptor.intercept(ConnectInterceptor.java:43)
08-04 13:09:07.439 12398 15821 E baseline.com.newsblur.network.APIResponse: 	at okhttp3.internal.http.RealInterceptorChain.proceed(RealInterceptorChain.java:142)
08-04 13:09:07.439 12398 15821 E baseline.com.newsblur.network.APIResponse: 	at okhttp3.internal.http.RealInterceptorChain.proceed(RealInterceptorChain.java:117)
08-04 13:09:07.439 12398 15821 E baseline.com.newsblur.network.APIResponse: 	at okhttp3.internal.cache.CacheInterceptor.intercept(CacheInterceptor.java:94)
08-04 13:09:07.439 12398 15821 E baseline.com.newsblur.network.APIResponse: 	at okhttp3.internal.http.RealInterceptorChain.proceed(RealInterceptorChain.java:142)
08-04 13:09:07.439 12398 15821 E baseline.com.newsblur.network.APIResponse: 	at okhttp3.internal.http.RealInterceptorChain.proceed(RealInterceptorChain.java:117)
08-04 13:09:07.439 12398 15821 E baseline.com.newsblur.network.APIResponse: 	at okhttp3.internal.http.BridgeInterceptor.intercept(BridgeInterceptor.java:93)
08-04 13:09:07.439 12398 15821 E baseline.com.newsblur.network.APIResponse: 	at okhttp3.internal.http.RealInterceptorChain.proceed(RealInterceptorChain.java:142)
08-04 13:09:07.439 12398 15821 E baseline.com.newsblur.network.APIResponse: 	at okhttp3.internal.http.RetryAndFollowUpInterceptor.intercept(RetryAndFollowUpInterceptor.java:88)
08-04 13:09:07.439 12398 15821 E baseline.com.newsblur.network.APIResponse: 	at okhttp3.internal.http.RealInterceptorChain.proceed(RealInterceptorChain.java:142)
08-04 13:09:07.439 12398 15821 E baseline.com.newsblur.network.APIResponse: 	at okhttp3.internal.http.RealInterceptorChain.proceed(RealInterceptorChain.java:117)
08-04 13:09:07.439 12398 15821 E baseline.com.newsblur.network.APIResponse: 	at okhttp3.RealCall.getResponseWithInterceptorChain(RealCall.java:229)
08-04 13:09:07.439 12398 15821 E baseline.com.newsblur.network.APIResponse: 	at okhttp3.RealCall.execute(RealCall.java:81)
08-04 13:09:07.439 12398 15821 E baseline.com.newsblur.network.APIResponse: 	at baseline.com.newsblur.network.APIResponse.<init>(APIResponse.java:57)
08-04 13:09:07.439 12398 15821 E baseline.com.newsblur.network.APIResponse: 	at baseline.com.newsblur.network.APIResponse.<init>(APIResponse.java:43)
08-04 13:09:07.439 12398 15821 E baseline.com.newsblur.network.APIResponse: 	at baseline.com.newsblur.network.APIManager.post_single(APIManager.java:702)
08-04 13:09:07.439 12398 15821 E baseline.com.newsblur.network.APIResponse: 	at baseline.com.newsblur.network.APIManager.post(APIManager.java:675)
08-04 13:09:07.439 12398 15821 E baseline.com.newsblur.network.APIResponse: 	at baseline.com.newsblur.network.APIManager.post(APIManager.java:714)
08-04 13:09:07.439 12398 15821 E baseline.com.newsblur.network.APIResponse: 	at baseline.com.newsblur.network.APIManager.markStoryAsRead(APIManager.java:205)
08-04 13:09:07.439 12398 15821 E baseline.com.newsblur.network.APIResponse: 	at baseline.com.newsblur.util.ReadingAction.doRemote(ReadingAction.java:281)
08-04 13:09:07.439 12398 15821 E baseline.com.newsblur.network.APIResponse: 	at baseline.com.newsblur.service.NBSyncService.syncActions(NBSyncService.java:400)
08-04 13:09:07.439 12398 15821 E baseline.com.newsblur.network.APIResponse: 	at baseline.com.newsblur.service.NBSyncService.doSync(NBSyncService.java:298)
08-04 13:09:07.439 12398 15821 E baseline.com.newsblur.network.APIResponse: 	at baseline.com.newsblur.service.NBSyncService.access$100(NBSyncService.java:67)
08-04 13:09:07.439 12398 15821 E baseline.com.newsblur.network.APIResponse: 	at baseline.com.newsblur.service.NBSyncService$1.run(NBSyncService.java:188)
08-04 13:09:07.439 12398 15821 E baseline.com.newsblur.network.APIResponse: 	at java.util.concurrent.ThreadPoolExecutor.runWorker(ThreadPoolExecutor.java:1113)
08-04 13:09:07.439 12398 15821 E baseline.com.newsblur.network.APIResponse: 	at java.util.concurrent.ThreadPoolExecutor$Worker.run(ThreadPoolExecutor.java:588)
08-04 13:09:07.439 12398 15821 E baseline.com.newsblur.network.APIResponse: 	at java.lang.Thread.run(Thread.java:818)
08-04 13:09:07.439 12398 15821 E baseline.com.newsblur.network.APIResponse: Caused by: java.io.EOFException: \n not found: limit=0 content=
08-04 13:09:07.439 12398 15821 E baseline.com.newsblur.network.APIResponse: 	at okio.RealBufferedSource.readUtf8LineStrict(RealBufferedSource.java:240)
08-04 13:09:07.439 12398 15821 E baseline.com.newsblur.network.APIResponse: 	at okhttp3.internal.http1.Http1ExchangeCodec.readHeaderLine(Http1ExchangeCodec.java:242)
08-04 13:09:07.439 12398 15821 E baseline.com.newsblur.network.APIResponse: 	at okhttp3.internal.http1.Http1ExchangeCodec.readResponseHeaders(Http1ExchangeCodec.java:213)
08-04 13:09:07.439 12398 15821 E baseline.com.newsblur.network.APIResponse: 	... 30 more
08-04 13:09:07.441 12398 15821 I baseline.com.newsblur.network.APIManager: API call failed, pausing before retry number 1
08-04 13:09:07.447 13866 13882 I PeriodicStatsRunner: PeriodicStatsRunner.call():175 call()
08-04 13:09:07.448 13866 13882 I PeriodicStatsRunner: PeriodicStatsRunner.call():179 No submit PeriodicStats since input started.
08-04 13:09:07.721 12398 12414 I art     : Starting a blocking GC Explicit
08-04 13:09:07.770 12398 12414 I art     : Explicit concurrent mark sweep GC freed 3956(357KB) AllocSpace objects, 3(60KB) LOS objects, 28% free, 41MB/57MB, paused 1.333ms total 48.377ms
08-04 13:09:07.782 12398 12414 I art     : Starting a blocking GC Explicit
08-04 13:09:07.824 12398 12414 I art     : Explicit concurrent mark sweep GC freed 120(4KB) AllocSpace objects, 0(0B) LOS objects, 28% free, 41MB/57MB, paused 1.126ms total 41.831ms
08-04 13:09:07.835 12398 12414 I art     : Starting a blocking GC Explicit
08-04 13:09:07.879 12398 12414 I art     : Explicit concurrent mark sweep GC freed 3(96B) AllocSpace objects, 0(0B) LOS objects, 28% free, 41MB/57MB, paused 1.137ms total 43.131ms
08-04 13:09:07.889 12398 12414 I art     : Starting a blocking GC Explicit
08-04 13:09:07.932 12398 12414 I art     : Explicit concurrent mark sweep GC freed 3(96B) AllocSpace objects, 0(0B) LOS objects, 28% free, 41MB/57MB, paused 1.155ms total 42.389ms
08-04 13:09:07.943 12398 12414 I art     : Starting a blocking GC Explicit
08-04 13:09:07.986 12398 12414 I art     : Explicit concurrent mark sweep GC freed 3(96B) AllocSpace objects, 0(0B) LOS objects, 28% free, 41MB/57MB, paused 1.149ms total 43.501ms
08-04 13:09:08.361 12398 15763 I art     : Starting a blocking GC Explicit
08-04 13:09:08.406 12398 15763 I art     : Explicit concurrent mark sweep GC freed 1443(83KB) AllocSpace objects, 1(20KB) LOS objects, 28% free, 41MB/57MB, paused 1.146ms total 44.559ms
08-04 13:09:08.417 12398 15763 I art     : Starting a blocking GC Explicit
08-04 13:09:08.461 12398 15763 I art     : Explicit concurrent mark sweep GC freed 22(784B) AllocSpace objects, 0(0B) LOS objects, 28% free, 41MB/57MB, paused 1.157ms total 43.938ms
08-04 13:09:08.472 12398 15763 I art     : Starting a blocking GC Explicit
08-04 13:09:08.517 12398 15763 I art     : Explicit concurrent mark sweep GC freed 3(96B) AllocSpace objects, 0(0B) LOS objects, 28% free, 41MB/57MB, paused 1.083ms total 44.257ms
08-04 13:09:08.528 12398 15763 I art     : Starting a blocking GC Explicit
08-04 13:09:08.572 12398 15763 I art     : Explicit concurrent mark sweep GC freed 3(96B) AllocSpace objects, 0(0B) LOS objects, 28% free, 41MB/57MB, paused 1.170ms total 44.185ms
08-04 13:09:08.583 12398 15763 I art     : Starting a blocking GC Explicit
08-04 13:09:08.629 12398 15763 I art     : Explicit concurrent mark sweep GC freed 3(96B) AllocSpace objects, 0(0B) LOS objects, 28% free, 41MB/57MB, paused 1.179ms total 44.999ms
08-04 13:09:08.985 12398 12411 I art     : Starting a blocking GC Explicit
08-04 13:09:09.032 12398 12411 I art     : Explicit concurrent mark sweep GC freed 1546(87KB) AllocSpace objects, 1(20KB) LOS objects, 28% free, 41MB/57MB, paused 1.151ms total 47.544ms
08-04 13:09:09.044 12398 12411 I art     : Starting a blocking GC Explicit
08-04 13:09:09.089 12398 12411 I art     : Explicit concurrent mark sweep GC freed 90(5KB) AllocSpace objects, 0(0B) LOS objects, 28% free, 41MB/57MB, paused 1.216ms total 44.743ms
08-04 13:09:09.100 12398 12411 I art     : Starting a blocking GC Explicit
08-04 13:09:09.143 12398 12411 I art     : Explicit concurrent mark sweep GC freed 3(96B) AllocSpace objects, 0(0B) LOS objects, 28% free, 41MB/57MB, paused 1.185ms total 42.763ms
08-04 13:09:09.154 12398 12411 I art     : Starting a blocking GC Explicit
08-04 13:09:09.198 12398 12411 I art     : Explicit concurrent mark sweep GC freed 3(96B) AllocSpace objects, 0(0B) LOS objects, 28% free, 41MB/57MB, paused 1.183ms total 44.545ms
08-04 13:09:09.210 12398 12411 I art     : Starting a blocking GC Explicit
08-04 13:09:09.254 12398 12411 I art     : Explicit concurrent mark sweep GC freed 3(96B) AllocSpace objects, 0(0B) LOS objects, 28% free, 41MB/57MB, paused 1.201ms total 43.776ms
08-04 13:09:09.474 12398 15821 E baseline.com.newsblur.network.APIResponse: Error (unexpected end of stream on https://www.newsblur.com/...) calling https://www.newsblur.com/reader/mark_story_hashes_as_read/
08-04 13:09:09.474 12398 15821 E baseline.com.newsblur.network.APIResponse: java.io.IOException: unexpected end of stream on https://www.newsblur.com/...
08-04 13:09:09.474 12398 15821 E baseline.com.newsblur.network.APIResponse: 	at okhttp3.internal.http1.Http1ExchangeCodec.readResponseHeaders(Http1ExchangeCodec.java:236)
08-04 13:09:09.474 12398 15821 E baseline.com.newsblur.network.APIResponse: 	at okhttp3.internal.connection.Exchange.readResponseHeaders(Exchange.java:115)
08-04 13:09:09.474 12398 15821 E baseline.com.newsblur.network.APIResponse: 	at okhttp3.internal.http.CallServerInterceptor.intercept(CallServerInterceptor.java:94)
08-04 13:09:09.474 12398 15821 E baseline.com.newsblur.network.APIResponse: 	at okhttp3.internal.http.RealInterceptorChain.proceed(RealInterceptorChain.java:142)
08-04 13:09:09.474 12398 15821 E baseline.com.newsblur.network.APIResponse: 	at okhttp3.internal.connection.ConnectInterceptor.intercept(ConnectInterceptor.java:43)
08-04 13:09:09.474 12398 15821 E baseline.com.newsblur.network.APIResponse: 	at okhttp3.internal.http.RealInterceptorChain.proceed(RealInterceptorChain.java:142)
08-04 13:09:09.474 12398 15821 E baseline.com.newsblur.network.APIResponse: 	at okhttp3.internal.http.RealInterceptorChain.proceed(RealInterceptorChain.java:117)
08-04 13:09:09.474 12398 15821 E baseline.com.newsblur.network.APIResponse: 	at okhttp3.internal.cache.CacheInterceptor.intercept(CacheInterceptor.java:94)
08-04 13:09:09.474 12398 15821 E baseline.com.newsblur.network.APIResponse: 	at okhttp3.internal.http.RealInterceptorChain.proceed(RealInterceptorChain.java:142)
08-04 13:09:09.474 12398 15821 E baseline.com.newsblur.network.APIResponse: 	at okhttp3.internal.http.RealInterceptorChain.proceed(RealInterceptorChain.java:117)
08-04 13:09:09.474 12398 15821 E baseline.com.newsblur.network.APIResponse: 	at okhttp3.internal.http.BridgeInterceptor.intercept(BridgeInterceptor.java:93)
08-04 13:09:09.474 12398 15821 E baseline.com.newsblur.network.APIResponse: 	at okhttp3.internal.http.RealInterceptorChain.proceed(RealInterceptorChain.java:142)
08-04 13:09:09.474 12398 15821 E baseline.com.newsblur.network.APIResponse: 	at okhttp3.internal.http.RetryAndFollowUpInterceptor.intercept(RetryAndFollowUpInterceptor.java:88)
08-04 13:09:09.474 12398 15821 E baseline.com.newsblur.network.APIResponse: 	at okhttp3.internal.http.RealInterceptorChain.proceed(RealInterceptorChain.java:142)
08-04 13:09:09.474 12398 15821 E baseline.com.newsblur.network.APIResponse: 	at okhttp3.internal.http.RealInterceptorChain.proceed(RealInterceptorChain.java:117)
08-04 13:09:09.474 12398 15821 E baseline.com.newsblur.network.APIResponse: 	at okhttp3.RealCall.getResponseWithInterceptorChain(RealCall.java:229)
08-04 13:09:09.474 12398 15821 E baseline.com.newsblur.network.APIResponse: 	at okhttp3.RealCall.execute(RealCall.java:81)
08-04 13:09:09.474 12398 15821 E baseline.com.newsblur.network.APIResponse: 	at baseline.com.newsblur.network.APIResponse.<init>(APIResponse.java:57)
08-04 13:09:09.474 12398 15821 E baseline.com.newsblur.network.APIResponse: 	at baseline.com.newsblur.network.APIResponse.<init>(APIResponse.java:43)
08-04 13:09:09.474 12398 15821 E baseline.com.newsblur.network.APIResponse: 	at baseline.com.newsblur.network.APIManager.post_single(APIManager.java:702)
08-04 13:09:09.474 12398 15821 E baseline.com.newsblur.network.APIResponse: 	at baseline.com.newsblur.network.APIManager.post(APIManager.java:675)
08-04 13:09:09.474 12398 15821 E baseline.com.newsblur.network.APIResponse: 	at baseline.com.newsblur.network.APIManager.post(APIManager.java:714)
08-04 13:09:09.474 12398 15821 E baseline.com.newsblur.network.APIResponse: 	at baseline.com.newsblur.network.APIManager.markStoryAsRead(APIManager.java:205)
08-04 13:09:09.474 12398 15821 E baseline.com.newsblur.network.APIResponse: 	at baseline.com.newsblur.util.ReadingAction.doRemote(ReadingAction.java:281)
08-04 13:09:09.474 12398 15821 E baseline.com.newsblur.network.APIResponse: 	at baseline.com.newsblur.service.NBSyncService.syncActions(NBSyncService.java:400)
08-04 13:09:09.474 12398 15821 E baseline.com.newsblur.network.APIResponse: 	at baseline.com.newsblur.service.NBSyncService.doSync(NBSyncService.java:298)
08-04 13:09:09.474 12398 15821 E baseline.com.newsblur.network.APIResponse: 	at baseline.com.newsblur.service.NBSyncService.access$100(NBSyncService.java:67)
08-04 13:09:09.474 12398 15821 E baseline.com.newsblur.network.APIResponse: 	at baseline.com.newsblur.service.NBSyncService$1.run(NBSyncService.java:188)
08-04 13:09:09.474 12398 15821 E baseline.com.newsblur.network.APIResponse: 	at java.util.concurrent.ThreadPoolExecutor.runWorker(ThreadPoolExecutor.java:1113)
08-04 13:09:09.474 12398 15821 E baseline.com.newsblur.network.APIResponse: 	at java.util.concurrent.ThreadPoolExecutor$Worker.run(ThreadPoolExecutor.java:588)
08-04 13:09:09.474 12398 15821 E baseline.com.newsblur.network.APIResponse: 	at java.lang.Thread.run(Thread.java:818)
08-04 13:09:09.474 12398 15821 E baseline.com.newsblur.network.APIResponse: Caused by: java.io.EOFException: \n not found: limit=0 content=
08-04 13:09:09.474 12398 15821 E baseline.com.newsblur.network.APIResponse: 	at okio.RealBufferedSource.readUtf8LineStrict(RealBufferedSource.java:240)
08-04 13:09:09.474 12398 15821 E baseline.com.newsblur.network.APIResponse: 	at okhttp3.internal.http1.Http1ExchangeCodec.readHeaderLine(Http1ExchangeCodec.java:242)
08-04 13:09:09.474 12398 15821 E baseline.com.newsblur.network.APIResponse: 	at okhttp3.internal.http1.Http1ExchangeCodec.readResponseHeaders(Http1ExchangeCodec.java:213)
08-04 13:09:09.474 12398 15821 E baseline.com.newsblur.network.APIResponse: 	... 30 more
08-04 13:09:09.476 12398 15821 I baseline.com.newsblur.network.APIManager: API call failed, pausing before retry number 2
08-04 13:09:09.609 12398 15987 I art     : Starting a blocking GC Explicit
08-04 13:09:09.655 12398 15987 I art     : Explicit concurrent mark sweep GC freed 3954(357KB) AllocSpace objects, 3(60KB) LOS objects, 28% free, 41MB/57MB, paused 1.150ms total 45.577ms
08-04 13:09:09.655 12398 12410 I art     : WaitForGcToComplete blocked for 12.423ms for cause HeapTrim
08-04 13:09:09.666 12398 15987 I art     : Starting a blocking GC Explicit
08-04 13:09:09.710 12398 15987 I art     : Explicit concurrent mark sweep GC freed 120(4KB) AllocSpace objects, 0(0B) LOS objects, 28% free, 41MB/57MB, paused 1.159ms total 44.104ms
08-04 13:09:09.722 12398 15987 I art     : Starting a blocking GC Explicit
08-04 13:09:09.766 12398 15987 I art     : Explicit concurrent mark sweep GC freed 3(96B) AllocSpace objects, 0(0B) LOS objects, 28% free, 41MB/57MB, paused 1.120ms total 43.915ms
08-04 13:09:09.777 12398 15987 I art     : Starting a blocking GC Explicit
08-04 13:09:09.821 12398 15987 I art     : Explicit concurrent mark sweep GC freed 3(96B) AllocSpace objects, 0(0B) LOS objects, 28% free, 41MB/57MB, paused 1.075ms total 43.734ms
08-04 13:09:09.833 12398 15987 I art     : Starting a blocking GC Explicit
08-04 13:09:09.876 12398 15987 I art     : Explicit concurrent mark sweep GC freed 3(96B) AllocSpace objects, 0(0B) LOS objects, 28% free, 41MB/57MB, paused 1.137ms total 43.684ms
08-04 13:09:10.244 12398 15763 I art     : Starting a blocking GC Explicit
08-04 13:09:10.288 12398 15763 I art     : Explicit concurrent mark sweep GC freed 2526(136KB) AllocSpace objects, 1(20KB) LOS objects, 28% free, 41MB/57MB, paused 1.444ms total 44.276ms
08-04 13:09:10.300 12398 15763 I art     : Starting a blocking GC Explicit
08-04 13:09:10.344 12398 15763 I art     : Explicit concurrent mark sweep GC freed 857(63KB) AllocSpace objects, 0(0B) LOS objects, 28% free, 41MB/57MB, paused 1.176ms total 43.405ms
08-04 13:09:10.355 12398 15763 I art     : Starting a blocking GC Explicit
08-04 13:09:10.398 12398 15763 I art     : Explicit concurrent mark sweep GC freed 3(96B) AllocSpace objects, 0(0B) LOS objects, 28% free, 41MB/57MB, paused 1.151ms total 42.703ms
08-04 13:09:10.409 12398 15763 I art     : Starting a blocking GC Explicit
08-04 13:09:10.452 12398 15763 I art     : Explicit concurrent mark sweep GC freed 238(13KB) AllocSpace objects, 0(0B) LOS objects, 28% free, 41MB/57MB, paused 1.275ms total 42.932ms
08-04 13:09:10.463 12398 15763 I art     : Starting a blocking GC Explicit
08-04 13:09:10.507 12398 15763 I art     : Explicit concurrent mark sweep GC freed 288(11KB) AllocSpace objects, 0(0B) LOS objects, 28% free, 41MB/57MB, paused 1.090ms total 43.610ms
08-04 13:09:10.853 12398 15987 I art     : Starting a blocking GC Explicit
08-04 13:09:10.898 12398 15987 I art     : Explicit concurrent mark sweep GC freed 5474(271KB) AllocSpace objects, 1(20KB) LOS objects, 28% free, 41MB/57MB, paused 1.133ms total 44.302ms
08-04 13:09:10.909 12398 15987 I art     : Starting a blocking GC Explicit
08-04 13:09:10.952 12398 15987 I art     : Explicit concurrent mark sweep GC freed 195(6KB) AllocSpace objects, 0(0B) LOS objects, 28% free, 41MB/57MB, paused 1.186ms total 43.079ms
08-04 13:09:10.964 12398 15987 I art     : Starting a blocking GC Explicit
08-04 13:09:11.008 12398 15987 I art     : Explicit concurrent mark sweep GC freed 3(96B) AllocSpace objects, 0(0B) LOS objects, 28% free, 41MB/57MB, paused 1.138ms total 44.195ms
08-04 13:09:11.019 12398 15987 I art     : Starting a blocking GC Explicit
08-04 13:09:11.064 12398 15987 I art     : Explicit concurrent mark sweep GC freed 3(96B) AllocSpace objects, 0(0B) LOS objects, 28% free, 41MB/57MB, paused 1.143ms total 44.084ms
08-04 13:09:11.075 12398 15987 I art     : Starting a blocking GC Explicit
08-04 13:09:11.119 12398 15987 I art     : Explicit concurrent mark sweep GC freed 1595(62KB) AllocSpace objects, 0(0B) LOS objects, 28% free, 41MB/57MB, paused 1.186ms total 44.308ms
08-04 13:09:11.503 12398 12411 I art     : Starting a blocking GC Explicit
08-04 13:09:11.550 12398 12411 I art     : Explicit concurrent mark sweep GC freed 1863(113KB) AllocSpace objects, 1(20KB) LOS objects, 28% free, 41MB/57MB, paused 1.260ms total 47.060ms
08-04 13:09:11.566 12398 12411 I art     : Starting a blocking GC Explicit
08-04 13:09:11.607 12398 12411 I art     : Explicit concurrent mark sweep GC freed 65(2384B) AllocSpace objects, 0(0B) LOS objects, 28% free, 41MB/57MB, paused 1.163ms total 41.333ms
08-04 13:09:11.618 12398 12411 I art     : Starting a blocking GC Explicit
08-04 13:09:11.660 12398 12411 I art     : Explicit concurrent mark sweep GC freed 3(96B) AllocSpace objects, 0(0B) LOS objects, 28% free, 41MB/57MB, paused 1.088ms total 42.311ms
08-04 13:09:11.671 12398 12411 I art     : Starting a blocking GC Explicit
08-04 13:09:11.714 12398 12411 I art     : Explicit concurrent mark sweep GC freed 3(96B) AllocSpace objects, 0(0B) LOS objects, 28% free, 41MB/57MB, paused 1.106ms total 42.724ms
08-04 13:09:11.725 12398 12411 I art     : Starting a blocking GC Explicit
08-04 13:09:11.768 12398 12411 I art     : Explicit concurrent mark sweep GC freed 3(96B) AllocSpace objects, 0(0B) LOS objects, 28% free, 41MB/57MB, paused 1.169ms total 42.544ms
08-04 13:09:12.125 12398 12414 I art     : Starting a blocking GC Explicit
08-04 13:09:12.172 12398 12414 I art     : Explicit concurrent mark sweep GC freed 1443(83KB) AllocSpace objects, 1(20KB) LOS objects, 28% free, 41MB/57MB, paused 1.166ms total 46.001ms
08-04 13:09:12.185 12398 12414 I art     : Starting a blocking GC Explicit
08-04 13:09:12.217   918 13197 D NetworkMonitor/NetworkAgentInfo [WIFI () - 158]: Checking http://connectivitycheck.gstatic.com/generate_204 on "H369AA63323", 192.168.2.12=192.168.2.12
08-04 13:09:12.227 12398 12414 I art     : Explicit concurrent mark sweep GC freed 22(784B) AllocSpace objects, 0(0B) LOS objects, 28% free, 41MB/57MB, paused 1.097ms total 40.834ms
08-04 13:09:12.237 12398 12414 I art     : Starting a blocking GC Explicit
08-04 13:09:12.280 12398 12414 I art     : Explicit concurrent mark sweep GC freed 3(96B) AllocSpace objects, 0(0B) LOS objects, 28% free, 41MB/57MB, paused 1.121ms total 42.548ms
08-04 13:09:12.291 12398 12414 I art     : Starting a blocking GC Explicit
08-04 13:09:12.324   918 13197 D NetworkMonitor/NetworkAgentInfo [WIFI () - 158]: Probably not a portal: exception java.io.IOException: unexpected end of stream on Connection{connectivitycheck.gstatic.com:80, proxy=HTTP@/192.168.2.12:8080 hostAddress=192.168.2.12 cipherSuite=none protocol=http/1.1} (recycle count=0)
08-04 13:09:12.325   918  3263 D ConnectivityService: NetworkAgentInfo [WIFI () - 158] validation failed
08-04 13:09:12.326   918  3261 E WifiConfigStore:  rewrite network history for "H369AA63323"WPA_PSK
08-04 13:09:12.333 12398 12414 I art     : Explicit concurrent mark sweep GC freed 3(96B) AllocSpace objects, 0(0B) LOS objects, 28% free, 41MB/57MB, paused 1.190ms total 42.204ms
08-04 13:09:12.344 12398 12414 I art     : Starting a blocking GC Explicit
08-04 13:09:12.387 12398 12414 I art     : Explicit concurrent mark sweep GC freed 3(96B) AllocSpace objects, 0(0B) LOS objects, 28% free, 41MB/57MB, paused 1.301ms total 42.956ms
08-04 13:09:12.729 12398 15139 I art     : Starting a blocking GC Explicit
08-04 13:09:12.774 12398 15139 I art     : Explicit concurrent mark sweep GC freed 1608(91KB) AllocSpace objects, 1(20KB) LOS objects, 28% free, 41MB/57MB, paused 1.194ms total 44.560ms
08-04 13:09:12.787 12398 15139 I art     : Starting a blocking GC Explicit
08-04 13:09:12.830 12398 15139 I art     : Explicit concurrent mark sweep GC freed 28(1040B) AllocSpace objects, 0(0B) LOS objects, 28% free, 41MB/57MB, paused 1.149ms total 42.894ms
08-04 13:09:12.841 12398 15139 I art     : Starting a blocking GC Explicit
08-04 13:09:12.884 12398 15139 I art     : Explicit concurrent mark sweep GC freed 3(96B) AllocSpace objects, 0(0B) LOS objects, 28% free, 41MB/57MB, paused 1.172ms total 43.062ms
08-04 13:09:12.896 12398 15139 I art     : Starting a blocking GC Explicit
08-04 13:09:12.939 12398 15139 I art     : Explicit concurrent mark sweep GC freed 1597(62KB) AllocSpace objects, 0(0B) LOS objects, 28% free, 41MB/57MB, paused 1.183ms total 43.752ms
08-04 13:09:12.950 12398 15139 I art     : Starting a blocking GC Explicit
08-04 13:09:12.974 12398 15821 E baseline.com.newsblur.network.APIResponse: Error (unexpected end of stream on https://www.newsblur.com/...) calling https://www.newsblur.com/reader/mark_story_hashes_as_read/
08-04 13:09:12.974 12398 15821 E baseline.com.newsblur.network.APIResponse: java.io.IOException: unexpected end of stream on https://www.newsblur.com/...
08-04 13:09:12.974 12398 15821 E baseline.com.newsblur.network.APIResponse: 	at okhttp3.internal.http1.Http1ExchangeCodec.readResponseHeaders(Http1ExchangeCodec.java:236)
08-04 13:09:12.974 12398 15821 E baseline.com.newsblur.network.APIResponse: 	at okhttp3.internal.connection.Exchange.readResponseHeaders(Exchange.java:115)
08-04 13:09:12.974 12398 15821 E baseline.com.newsblur.network.APIResponse: 	at okhttp3.internal.http.CallServerInterceptor.intercept(CallServerInterceptor.java:94)
08-04 13:09:12.974 12398 15821 E baseline.com.newsblur.network.APIResponse: 	at okhttp3.internal.http.RealInterceptorChain.proceed(RealInterceptorChain.java:142)
08-04 13:09:12.974 12398 15821 E baseline.com.newsblur.network.APIResponse: 	at okhttp3.internal.connection.ConnectInterceptor.intercept(ConnectInterceptor.java:43)
08-04 13:09:12.974 12398 15821 E baseline.com.newsblur.network.APIResponse: 	at okhttp3.internal.http.RealInterceptorChain.proceed(RealInterceptorChain.java:142)
08-04 13:09:12.974 12398 15821 E baseline.com.newsblur.network.APIResponse: 	at okhttp3.internal.http.RealInterceptorChain.proceed(RealInterceptorChain.java:117)
08-04 13:09:12.974 12398 15821 E baseline.com.newsblur.network.APIResponse: 	at okhttp3.internal.cache.CacheInterceptor.intercept(CacheInterceptor.java:94)
08-04 13:09:12.974 12398 15821 E baseline.com.newsblur.network.APIResponse: 	at okhttp3.internal.http.RealInterceptorChain.proceed(RealInterceptorChain.java:142)
08-04 13:09:12.974 12398 15821 E baseline.com.newsblur.network.APIResponse: 	at okhttp3.internal.http.RealInterceptorChain.proceed(RealInterceptorChain.java:117)
08-04 13:09:12.974 12398 15821 E baseline.com.newsblur.network.APIResponse: 	at okhttp3.internal.http.BridgeInterceptor.intercept(BridgeInterceptor.java:93)
08-04 13:09:12.974 12398 15821 E baseline.com.newsblur.network.APIResponse: 	at okhttp3.internal.http.RealInterceptorChain.proceed(RealInterceptorChain.java:142)
08-04 13:09:12.974 12398 15821 E baseline.com.newsblur.network.APIResponse: 	at okhttp3.internal.http.RetryAndFollowUpInterceptor.intercept(RetryAndFollowUpInterceptor.java:88)
08-04 13:09:12.974 12398 15821 E baseline.com.newsblur.network.APIResponse: 	at okhttp3.internal.http.RealInterceptorChain.proceed(RealInterceptorChain.java:142)
08-04 13:09:12.974 12398 15821 E baseline.com.newsblur.network.APIResponse: 	at okhttp3.internal.http.RealInterceptorChain.proceed(RealInterceptorChain.java:117)
08-04 13:09:12.974 12398 15821 E baseline.com.newsblur.network.APIResponse: 	at okhttp3.RealCall.getResponseWithInterceptorChain(RealCall.java:229)
08-04 13:09:12.974 12398 15821 E baseline.com.newsblur.network.APIResponse: 	at okhttp3.RealCall.execute(RealCall.java:81)
08-04 13:09:12.974 12398 15821 E baseline.com.newsblur.network.APIResponse: 	at baseline.com.newsblur.network.APIResponse.<init>(APIResponse.java:57)
08-04 13:09:12.974 12398 15821 E baseline.com.newsblur.network.APIResponse: 	at baseline.com.newsblur.network.APIResponse.<init>(APIResponse.java:43)
08-04 13:09:12.974 12398 15821 E baseline.com.newsblur.network.APIResponse: 	at baseline.com.newsblur.network.APIManager.post_single(APIManager.java:702)
08-04 13:09:12.974 12398 15821 E baseline.com.newsblur.network.APIResponse: 	at baseline.com.newsblur.network.APIManager.post(APIManager.java:675)
08-04 13:09:12.974 12398 15821 E baseline.com.newsblur.network.APIResponse: 	at baseline.com.newsblur.network.APIManager.post(APIManager.java:714)
08-04 13:09:12.974 12398 15821 E baseline.com.newsblur.network.APIResponse: 	at baseline.com.newsblur.network.APIManager.markStoryAsRead(APIManager.java:205)
08-04 13:09:12.974 12398 15821 E baseline.com.newsblur.network.APIResponse: 	at baseline.com.newsblur.util.ReadingAction.doRemote(ReadingAction.java:281)
08-04 13:09:12.974 12398 15821 E baseline.com.newsblur.network.APIResponse: 	at baseline.com.newsblur.service.NBSyncService.syncActions(NBSyncService.java:400)
08-04 13:09:12.974 12398 15821 E baseline.com.newsblur.network.APIResponse: 	at baseline.com.newsblur.service.NBSyncService.doSync(NBSyncService.java:298)
08-04 13:09:12.974 12398 15821 E baseline.com.newsblur.network.APIResponse: 	at baseline.com.newsblur.service.NBSyncService.access$100(NBSyncService.java:67)
08-04 13:09:12.974 12398 15821 E baseline.com.newsblur.network.APIResponse: 	at baseline.com.newsblur.service.NBSyncService$1.run(NBSyncService.java:188)
08-04 13:09:12.974 12398 15821 E baseline.com.newsblur.network.APIResponse: 	at java.util.concurrent.ThreadPoolExecutor.runWorker(ThreadPoolExecutor.java:1113)
08-04 13:09:12.974 12398 15821 E baseline.com.newsblur.network.APIResponse: 	at java.util.concurrent.ThreadPoolExecutor$Worker.run(ThreadPoolExecutor.java:588)
08-04 13:09:12.974 12398 15821 E baseline.com.newsblur.network.APIResponse: 	at java.lang.Thread.run(Thread.java:818)
08-04 13:09:12.974 12398 15821 E baseline.com.newsblur.network.APIResponse: Caused by: java.io.EOFException: \n not found: limit=0 content=
08-04 13:09:12.974 12398 15821 E baseline.com.newsblur.network.APIResponse: 	at okio.RealBufferedSource.readUtf8LineStrict(RealBufferedSource.java:240)
08-04 13:09:12.974 12398 15821 E baseline.com.newsblur.network.APIResponse: 	at okhttp3.internal.http1.Http1ExchangeCodec.readHeaderLine(Http1ExchangeCodec.java:242)
08-04 13:09:12.974 12398 15821 E baseline.com.newsblur.network.APIResponse: 	at okhttp3.internal.http1.Http1ExchangeCodec.readResponseHeaders(Http1ExchangeCodec.java:213)
08-04 13:09:12.974 12398 15821 E baseline.com.newsblur.network.APIResponse: 	... 30 more
08-04 13:09:12.976 12398 15821 I baseline.com.newsblur.service.NBSyncService: Holding reading action with server-side or network error.
08-04 13:09:12.991 12398 15821 W baseline.com.newsblur.service.NBSyncService: hard API failure
08-04 13:09:12.992 12398 15139 I art     : Explicit concurrent mark sweep GC freed 879(198KB) AllocSpace objects, 2(40KB) LOS objects, 28% free, 41MB/57MB, paused 1.252ms total 41.695ms
08-04 13:09:13.355 12398 15763 I art     : Starting a blocking GC Explicit
08-04 13:09:13.399 12398 15763 I art     : Explicit concurrent mark sweep GC freed 1960(149KB) AllocSpace objects, 3(60KB) LOS objects, 28% free, 41MB/57MB, paused 1.214ms total 43.875ms
08-04 13:09:13.411 12398 15763 I art     : Starting a blocking GC Explicit
08-04 13:09:13.453 12398 15763 I art     : Explicit concurrent mark sweep GC freed 1658(64KB) AllocSpace objects, 0(0B) LOS objects, 28% free, 41MB/57MB, paused 1.098ms total 41.739ms
08-04 13:09:13.464 12398 15763 I art     : Starting a blocking GC Explicit
08-04 13:09:13.489 12398 15821 E baseline.com.newsblur.network.APIResponse: Error (unexpected end of stream on https://www.newsblur.com/...) calling https://www.newsblur.com/reader/mark_story_hashes_as_read/
08-04 13:09:13.489 12398 15821 E baseline.com.newsblur.network.APIResponse: java.io.IOException: unexpected end of stream on https://www.newsblur.com/...
08-04 13:09:13.489 12398 15821 E baseline.com.newsblur.network.APIResponse: 	at okhttp3.internal.http1.Http1ExchangeCodec.readResponseHeaders(Http1ExchangeCodec.java:236)
08-04 13:09:13.489 12398 15821 E baseline.com.newsblur.network.APIResponse: 	at okhttp3.internal.connection.Exchange.readResponseHeaders(Exchange.java:115)
08-04 13:09:13.489 12398 15821 E baseline.com.newsblur.network.APIResponse: 	at okhttp3.internal.http.CallServerInterceptor.intercept(CallServerInterceptor.java:94)
08-04 13:09:13.489 12398 15821 E baseline.com.newsblur.network.APIResponse: 	at okhttp3.internal.http.RealInterceptorChain.proceed(RealInterceptorChain.java:142)
08-04 13:09:13.489 12398 15821 E baseline.com.newsblur.network.APIResponse: 	at okhttp3.internal.connection.ConnectInterceptor.intercept(ConnectInterceptor.java:43)
08-04 13:09:13.489 12398 15821 E baseline.com.newsblur.network.APIResponse: 	at okhttp3.internal.http.RealInterceptorChain.proceed(RealInterceptorChain.java:142)
08-04 13:09:13.489 12398 15821 E baseline.com.newsblur.network.APIResponse: 	at okhttp3.internal.http.RealInterceptorChain.proceed(RealInterceptorChain.java:117)
08-04 13:09:13.489 12398 15821 E baseline.com.newsblur.network.APIResponse: 	at okhttp3.internal.cache.CacheInterceptor.intercept(CacheInterceptor.java:94)
08-04 13:09:13.489 12398 15821 E baseline.com.newsblur.network.APIResponse: 	at okhttp3.internal.http.RealInterceptorChain.proceed(RealInterceptorChain.java:142)
08-04 13:09:13.489 12398 15821 E baseline.com.newsblur.network.APIResponse: 	at okhttp3.internal.http.RealInterceptorChain.proceed(RealInterceptorChain.java:117)
08-04 13:09:13.489 12398 15821 E baseline.com.newsblur.network.APIResponse: 	at okhttp3.internal.http.BridgeInterceptor.intercept(BridgeInterceptor.java:93)
08-04 13:09:13.489 12398 15821 E baseline.com.newsblur.network.APIResponse: 	at okhttp3.internal.http.RealInterceptorChain.proceed(RealInterceptorChain.java:142)
08-04 13:09:13.489 12398 15821 E baseline.com.newsblur.network.APIResponse: 	at okhttp3.internal.http.RetryAndFollowUpInterceptor.intercept(RetryAndFollowUpInterceptor.java:88)
08-04 13:09:13.489 12398 15821 E baseline.com.newsblur.network.APIResponse: 	at okhttp3.internal.http.RealInterceptorChain.proceed(RealInterceptorChain.java:142)
08-04 13:09:13.489 12398 15821 E baseline.com.newsblur.network.APIResponse: 	at okhttp3.internal.http.RealInterceptorChain.proceed(RealInterceptorChain.java:117)
08-04 13:09:13.489 12398 15821 E baseline.com.newsblur.network.APIResponse: 	at okhttp3.RealCall.getResponseWithInterceptorChain(RealCall.java:229)
08-04 13:09:13.489 12398 15821 E baseline.com.newsblur.network.APIResponse: 	at okhttp3.RealCall.execute(RealCall.java:81)
08-04 13:09:13.489 12398 15821 E baseline.com.newsblur.network.APIResponse: 	at baseline.com.newsblur.network.APIResponse.<init>(APIResponse.java:57)
08-04 13:09:13.489 12398 15821 E baseline.com.newsblur.network.APIResponse: 	at baseline.com.newsblur.network.APIResponse.<init>(APIResponse.java:43)
08-04 13:09:13.489 12398 15821 E baseline.com.newsblur.network.APIResponse: 	at baseline.com.newsblur.network.APIManager.post_single(APIManager.java:702)
08-04 13:09:13.489 12398 15821 E baseline.com.newsblur.network.APIResponse: 	at baseline.com.newsblur.network.APIManager.post(APIManager.java:675)
08-04 13:09:13.489 12398 15821 E baseline.com.newsblur.network.APIResponse: 	at baseline.com.newsblur.network.APIManager.post(APIManager.java:714)
08-04 13:09:13.489 12398 15821 E baseline.com.newsblur.network.APIResponse: 	at baseline.com.newsblur.network.APIManager.markStoryAsRead(APIManager.java:205)
08-04 13:09:13.489 12398 15821 E baseline.com.newsblur.network.APIResponse: 	at baseline.com.newsblur.util.ReadingAction.doRemote(ReadingAction.java:281)
08-04 13:09:13.489 12398 15821 E baseline.com.newsblur.network.APIResponse: 	at baseline.com.newsblur.service.NBSyncService.syncActions(NBSyncService.java:400)
08-04 13:09:13.489 12398 15821 E baseline.com.newsblur.network.APIResponse: 	at baseline.com.newsblur.service.NBSyncService.doSync(NBSyncService.java:298)
08-04 13:09:13.489 12398 15821 E baseline.com.newsblur.network.APIResponse: 	at baseline.com.newsblur.service.NBSyncService.access$100(NBSyncService.java:67)
08-04 13:09:13.489 12398 15821 E baseline.com.newsblur.network.APIResponse: 	at baseline.com.newsblur.service.NBSyncService$1.run(NBSyncService.java:188)
08-04 13:09:13.489 12398 15821 E baseline.com.newsblur.network.APIResponse: 	at java.util.concurrent.ThreadPoolExecutor.runWorker(ThreadPoolExecutor.java:1113)
08-04 13:09:13.489 12398 15821 E baseline.com.newsblur.network.APIResponse: 	at java.util.concurrent.ThreadPoolExecutor$Worker.run(ThreadPoolExecutor.java:588)
08-04 13:09:13.489 12398 15821 E baseline.com.newsblur.network.APIResponse: 	at java.lang.Thread.run(Thread.java:818)
08-04 13:09:13.489 12398 15821 E baseline.com.newsblur.network.APIResponse: Caused by: java.io.EOFException: \n not found: limit=0 content=
08-04 13:09:13.489 12398 15821 E baseline.com.newsblur.network.APIResponse: 	at okio.RealBufferedSource.readUtf8LineStrict(RealBufferedSource.java:240)
08-04 13:09:13.489 12398 15821 E baseline.com.newsblur.network.APIResponse: 	at okhttp3.internal.http1.Http1ExchangeCodec.readHeaderLine(Http1ExchangeCodec.java:242)
08-04 13:09:13.489 12398 15821 E baseline.com.newsblur.network.APIResponse: 	at okhttp3.internal.http1.Http1ExchangeCodec.readResponseHeaders(Http1ExchangeCodec.java:213)
08-04 13:09:13.489 12398 15821 E baseline.com.newsblur.network.APIResponse: 	... 30 more
08-04 13:09:13.490 12398 15821 I baseline.com.newsblur.network.APIManager: API call failed, pausing before retry number 1
08-04 13:09:13.507 12398 15763 I art     : Explicit concurrent mark sweep GC freed 877(198KB) AllocSpace objects, 2(40KB) LOS objects, 28% free, 41MB/57MB, paused 1.158ms total 43.334ms
08-04 13:09:13.519 12398 15763 I art     : Starting a blocking GC Explicit
08-04 13:09:13.563 12398 15763 I art     : Explicit concurrent mark sweep GC freed 122(16KB) AllocSpace objects, 0(0B) LOS objects, 28% free, 40MB/56MB, paused 1.105ms total 44.034ms
08-04 13:09:13.574 12398 15763 I art     : Starting a blocking GC Explicit
08-04 13:09:13.618 12398 15763 I art     : Explicit concurrent mark sweep GC freed 25(832B) AllocSpace objects, 0(0B) LOS objects, 28% free, 40MB/56MB, paused 1.222ms total 43.639ms
08-04 13:09:13.988 12398 15987 I art     : Starting a blocking GC Explicit
08-04 13:09:14.034 12398 15987 I art     : Explicit concurrent mark sweep GC freed 1443(83KB) AllocSpace objects, 1(20KB) LOS objects, 28% free, 40MB/56MB, paused 1.134ms total 45.439ms
08-04 13:09:14.048 12398 15987 I art     : Starting a blocking GC Explicit
08-04 13:09:14.091 12398 15987 I art     : Explicit concurrent mark sweep GC freed 22(784B) AllocSpace objects, 0(0B) LOS objects, 28% free, 40MB/56MB, paused 1.102ms total 41.820ms
08-04 13:09:14.101 12398 15987 I art     : Starting a blocking GC Explicit
08-04 13:09:14.143 12398 15987 I art     : Explicit concurrent mark sweep GC freed 3(96B) AllocSpace objects, 0(0B) LOS objects, 28% free, 40MB/56MB, paused 1.096ms total 42.068ms
08-04 13:09:14.154 12398 15987 I art     : Starting a blocking GC Explicit
08-04 13:09:14.197 12398 15987 I art     : Explicit concurrent mark sweep GC freed 3(96B) AllocSpace objects, 0(0B) LOS objects, 28% free, 40MB/56MB, paused 1.274ms total 42.615ms
08-04 13:09:14.208 12398 15987 I art     : Starting a blocking GC Explicit
08-04 13:09:14.251 12398 15987 I art     : Explicit concurrent mark sweep GC freed 3(96B) AllocSpace objects, 0(0B) LOS objects, 28% free, 40MB/56MB, paused 1.116ms total 43.026ms
08-04 13:09:14.612 12398 12411 I art     : Starting a blocking GC Explicit
08-04 13:09:14.656 12398 12411 I art     : Explicit concurrent mark sweep GC freed 1443(83KB) AllocSpace objects, 1(20KB) LOS objects, 28% free, 40MB/56MB, paused 1.179ms total 44.428ms
08-04 13:09:14.667 12398 12411 I art     : Starting a blocking GC Explicit
08-04 13:09:14.712 12398 12411 I art     : Explicit concurrent mark sweep GC freed 22(784B) AllocSpace objects, 0(0B) LOS objects, 28% free, 40MB/56MB, paused 1.131ms total 43.170ms
08-04 13:09:14.723 12398 12411 I art     : Starting a blocking GC Explicit
08-04 13:09:14.765 12398 12411 I art     : Explicit concurrent mark sweep GC freed 3(96B) AllocSpace objects, 0(0B) LOS objects, 28% free, 40MB/56MB, paused 1.097ms total 41.822ms
08-04 13:09:14.775 12398 12411 I art     : Starting a blocking GC Explicit
08-04 13:09:14.818 12398 12411 I art     : Explicit concurrent mark sweep GC freed 3(96B) AllocSpace objects, 0(0B) LOS objects, 28% free, 40MB/56MB, paused 1.182ms total 41.853ms
08-04 13:09:14.828 12398 12411 I art     : Starting a blocking GC Explicit
08-04 13:09:14.870 12398 12411 I art     : Explicit concurrent mark sweep GC freed 3(96B) AllocSpace objects, 0(0B) LOS objects, 28% free, 40MB/56MB, paused 1.158ms total 41.737ms
08-04 13:09:14.893 16828 16828 D AndroidRuntime: >>>>>> START com.android.internal.os.RuntimeInit uid 2000 <<<<<<
08-04 13:09:14.898 16828 16828 D AndroidRuntime: CheckJNI is OFF
08-04 13:09:14.930 16828 16828 D ICU     : No timezone override file found: /data/misc/zoneinfo/current/icu/icu_tzdata.dat
08-04 13:09:14.964 16828 16828 I Radio-JNI: register_android_hardware_Radio DONE
08-04 13:09:14.986 16828 16828 D AndroidRuntime: Calling main entry com.android.commands.input.Input
08-04 13:09:14.988 16828 16828 I Input   : injectKeyEvent: KeyEvent { action=ACTION_DOWN, keyCode=KEYCODE_BACK, scanCode=0, metaState=0, flags=0x0, repeatCount=0, eventTime=709771401, downTime=709771401, deviceId=-1, source=0x101 }
08-04 13:09:14.995 16828 16828 I Input   : injectKeyEvent: KeyEvent { action=ACTION_UP, keyCode=KEYCODE_BACK, scanCode=0, metaState=0, flags=0x0, repeatCount=0, eventTime=709771401, downTime=709771401, deviceId=-1, source=0x101 }
08-04 13:09:15.001 16828 16828 D AndroidRuntime: Shutting down VM
08-04 13:09:15.016 12398 12398 D baseline.com.newsblur.service.NBSyncService: rejecting request for feedset that is exhaused
08-04 13:09:15.019   918   937 W ProcessCpuTracker: Skipping unknown process pid 16846
08-04 13:09:15.151 12398 12398 D baseline.com.newsblur.service.NBSyncService: rejecting request for feedset that is exhaused
08-04 13:09:15.160 12398 12414 I art     : Starting a blocking GC Explicit
08-04 13:09:15.196 13866 13866 I GoogleInputMethodServic: GoogleInputMethodService.onFinishInput():3138 
08-04 13:09:15.197 13866 13866 I GoogleInputMethodServic: GoogleInputMethodService.onStartInput():1808 
08-04 13:09:15.207 12398 12414 I art     : Explicit concurrent mark sweep GC freed 3019(234KB) AllocSpace objects, 5(100KB) LOS objects, 28% free, 41MB/57MB, paused 1.485ms total 46.521ms
08-04 13:09:15.218 12398 12414 I art     : Starting a blocking GC Explicit
08-04 13:09:15.257 12398 12414 I art     : Explicit concurrent mark sweep GC freed 537(41KB) AllocSpace objects, 0(0B) LOS objects, 28% free, 40MB/56MB, paused 1.054ms total 38.523ms
08-04 13:09:15.267 12398 12414 I art     : Starting a blocking GC Explicit
08-04 13:09:15.304 12398 12414 I art     : Explicit concurrent mark sweep GC freed 7(256B) AllocSpace objects, 1(28KB) LOS objects, 28% free, 40MB/56MB, paused 1.126ms total 37.245ms
08-04 13:09:15.316 12398 12414 I art     : Starting a blocking GC Explicit
08-04 13:09:15.358 12398 12414 I art     : Explicit concurrent mark sweep GC freed 3(96B) AllocSpace objects, 0(0B) LOS objects, 28% free, 40MB/56MB, paused 1.678ms total 41.981ms
08-04 13:09:15.371 12398 12414 I art     : Starting a blocking GC Explicit
08-04 13:09:15.415 12398 12414 I art     : Explicit concurrent mark sweep GC freed 3(96B) AllocSpace objects, 0(0B) LOS objects, 28% free, 40MB/56MB, paused 1.043ms total 43.911ms
08-04 13:09:15.514 12398 15821 E baseline.com.newsblur.network.APIResponse: Error (unexpected end of stream on https://www.newsblur.com/...) calling https://www.newsblur.com/reader/mark_story_hashes_as_read/
08-04 13:09:15.514 12398 15821 E baseline.com.newsblur.network.APIResponse: java.io.IOException: unexpected end of stream on https://www.newsblur.com/...
08-04 13:09:15.514 12398 15821 E baseline.com.newsblur.network.APIResponse: 	at okhttp3.internal.http1.Http1ExchangeCodec.readResponseHeaders(Http1ExchangeCodec.java:236)
08-04 13:09:15.514 12398 15821 E baseline.com.newsblur.network.APIResponse: 	at okhttp3.internal.connection.Exchange.readResponseHeaders(Exchange.java:115)
08-04 13:09:15.514 12398 15821 E baseline.com.newsblur.network.APIResponse: 	at okhttp3.internal.http.CallServerInterceptor.intercept(CallServerInterceptor.java:94)
08-04 13:09:15.514 12398 15821 E baseline.com.newsblur.network.APIResponse: 	at okhttp3.internal.http.RealInterceptorChain.proceed(RealInterceptorChain.java:142)
08-04 13:09:15.514 12398 15821 E baseline.com.newsblur.network.APIResponse: 	at okhttp3.internal.connection.ConnectInterceptor.intercept(ConnectInterceptor.java:43)
08-04 13:09:15.514 12398 15821 E baseline.com.newsblur.network.APIResponse: 	at okhttp3.internal.http.RealInterceptorChain.proceed(RealInterceptorChain.java:142)
08-04 13:09:15.514 12398 15821 E baseline.com.newsblur.network.APIResponse: 	at okhttp3.internal.http.RealInterceptorChain.proceed(RealInterceptorChain.java:117)
08-04 13:09:15.514 12398 15821 E baseline.com.newsblur.network.APIResponse: 	at okhttp3.internal.cache.CacheInterceptor.intercept(CacheInterceptor.java:94)
08-04 13:09:15.514 12398 15821 E baseline.com.newsblur.network.APIResponse: 	at okhttp3.internal.http.RealInterceptorChain.proceed(RealInterceptorChain.java:142)
08-04 13:09:15.514 12398 15821 E baseline.com.newsblur.network.APIResponse: 	at okhttp3.internal.http.RealInterceptorChain.proceed(RealInterceptorChain.java:117)
08-04 13:09:15.514 12398 15821 E baseline.com.newsblur.network.APIResponse: 	at okhttp3.internal.http.BridgeInterceptor.intercept(BridgeInterceptor.java:93)
08-04 13:09:15.514 12398 15821 E baseline.com.newsblur.network.APIResponse: 	at okhttp3.internal.http.RealInterceptorChain.proceed(RealInterceptorChain.java:142)
08-04 13:09:15.514 12398 15821 E baseline.com.newsblur.network.APIResponse: 	at okhttp3.internal.http.RetryAndFollowUpInterceptor.intercept(RetryAndFollowUpInterceptor.java:88)
08-04 13:09:15.514 12398 15821 E baseline.com.newsblur.network.APIResponse: 	at okhttp3.internal.http.RealInterceptorChain.proceed(RealInterceptorChain.java:142)
08-04 13:09:15.514 12398 15821 E baseline.com.newsblur.network.APIResponse: 	at okhttp3.internal.http.RealInterceptorChain.proceed(RealInterceptorChain.java:117)
08-04 13:09:15.514 12398 15821 E baseline.com.newsblur.network.APIResponse: 	at okhttp3.RealCall.getResponseWithInterceptorChain(RealCall.java:229)
08-04 13:09:15.514 12398 15821 E baseline.com.newsblur.network.APIResponse: 	at okhttp3.RealCall.execute(RealCall.java:81)
08-04 13:09:15.514 12398 15821 E baseline.com.newsblur.network.APIResponse: 	at baseline.com.newsblur.network.APIResponse.<init>(APIResponse.java:57)
08-04 13:09:15.514 12398 15821 E baseline.com.newsblur.network.APIResponse: 	at baseline.com.newsblur.network.APIResponse.<init>(APIResponse.java:43)
08-04 13:09:15.514 12398 15821 E baseline.com.newsblur.network.APIResponse: 	at baseline.com.newsblur.network.APIManager.post_single(APIManager.java:702)
08-04 13:09:15.514 12398 15821 E baseline.com.newsblur.network.APIResponse: 	at baseline.com.newsblur.network.APIManager.post(APIManager.java:675)
08-04 13:09:15.514 12398 15821 E baseline.com.newsblur.network.APIResponse: 	at baseline.com.newsblur.network.APIManager.post(APIManager.java:714)
08-04 13:09:15.514 12398 15821 E baseline.com.newsblur.network.APIResponse: 	at baseline.com.newsblur.network.APIManager.markStoryAsRead(APIManager.java:205)
08-04 13:09:15.514 12398 15821 E baseline.com.newsblur.network.APIResponse: 	at baseline.com.newsblur.util.ReadingAction.doRemote(ReadingAction.java:281)
08-04 13:09:15.514 12398 15821 E baseline.com.newsblur.network.APIResponse: 	at baseline.com.newsblur.service.NBSyncService.syncActions(NBSyncService.java:400)
08-04 13:09:15.514 12398 15821 E baseline.com.newsblur.network.APIResponse: 	at baseline.com.newsblur.service.NBSyncService.doSync(NBSyncService.java:298)
08-04 13:09:15.514 12398 15821 E baseline.com.newsblur.network.APIResponse: 	at baseline.com.newsblur.service.NBSyncService.access$100(NBSyncService.java:67)
08-04 13:09:15.514 12398 15821 E baseline.com.newsblur.network.APIResponse: 	at baseline.com.newsblur.service.NBSyncService$1.run(NBSyncService.java:188)
08-04 13:09:15.514 12398 15821 E baseline.com.newsblur.network.APIResponse: 	at java.util.concurrent.ThreadPoolExecutor.runWorker(ThreadPoolExecutor.java:1113)
08-04 13:09:15.514 12398 15821 E baseline.com.newsblur.network.APIResponse: 	at java.util.concurrent.ThreadPoolExecutor$Worker.run(ThreadPoolExecutor.java:588)
08-04 13:09:15.514 12398 15821 E baseline.com.newsblur.network.APIResponse: 	at java.lang.Thread.run(Thread.java:818)
08-04 13:09:15.514 12398 15821 E baseline.com.newsblur.network.APIResponse: Caused by: java.io.EOFException: \n not found: limit=0 content=
08-04 13:09:15.514 12398 15821 E baseline.com.newsblur.network.APIResponse: 	at okio.RealBufferedSource.readUtf8LineStrict(RealBufferedSource.java:240)
08-04 13:09:15.514 12398 15821 E baseline.com.newsblur.network.APIResponse: 	at okhttp3.internal.http1.Http1ExchangeCodec.readHeaderLine(Http1ExchangeCodec.java:242)
08-04 13:09:15.514 12398 15821 E baseline.com.newsblur.network.APIResponse: 	at okhttp3.internal.http1.Http1ExchangeCodec.readResponseHeaders(Http1ExchangeCodec.java:213)
08-04 13:09:15.514 12398 15821 E baseline.com.newsblur.network.APIResponse: 	... 30 more
08-04 13:09:15.515 12398 15821 I baseline.com.newsblur.network.APIManager: API call failed, pausing before retry number 2
08-04 13:09:15.750 12398 15763 I art     : Starting a blocking GC Explicit
08-04 13:09:15.788 12398 15763 I art     : Explicit concurrent mark sweep GC freed 5217(417KB) AllocSpace objects, 3(60KB) LOS objects, 28% free, 40MB/56MB, paused 1.120ms total 38.043ms
08-04 13:09:15.798 12398 15763 I art     : Starting a blocking GC Explicit
08-04 13:09:15.836 12398 15763 I art     : Explicit concurrent mark sweep GC freed 253(10KB) AllocSpace objects, 0(0B) LOS objects, 28% free, 40MB/56MB, paused 1.045ms total 37.878ms
08-04 13:09:15.846 12398 15763 I art     : Starting a blocking GC Explicit
08-04 13:09:15.883 12398 15763 I art     : Explicit concurrent mark sweep GC freed 9(288B) AllocSpace objects, 0(0B) LOS objects, 28% free, 40MB/56MB, paused 1.084ms total 37.524ms
08-04 13:09:15.894 12398 15763 I art     : Starting a blocking GC Explicit
08-04 13:09:15.933 12398 15763 I art     : Explicit concurrent mark sweep GC freed 9(288B) AllocSpace objects, 0(0B) LOS objects, 28% free, 40MB/56MB, paused 1.231ms total 39.358ms
08-04 13:09:15.944 12398 15763 I art     : Starting a blocking GC Explicit
08-04 13:09:15.982 12398 15763 I art     : Explicit concurrent mark sweep GC freed 9(288B) AllocSpace objects, 0(0B) LOS objects, 28% free, 40MB/56MB, paused 1.003ms total 38.007ms
08-04 13:09:16.326 12398 12411 I art     : Starting a blocking GC Explicit
08-04 13:09:16.371 12398 12411 I art     : Explicit concurrent mark sweep GC freed 1490(84KB) AllocSpace objects, 1(20KB) LOS objects, 28% free, 40MB/56MB, paused 1.300ms total 45.474ms
08-04 13:09:16.383 12398 12411 I art     : Starting a blocking GC Explicit
08-04 13:09:16.426 12398 12411 I art     : Explicit concurrent mark sweep GC freed 30(1040B) AllocSpace objects, 0(0B) LOS objects, 28% free, 40MB/56MB, paused 1.053ms total 42.869ms
08-04 13:09:16.436 12398 12411 I art     : Starting a blocking GC Explicit
08-04 13:09:16.478 12398 12411 I art     : Explicit concurrent mark sweep GC freed 9(288B) AllocSpace objects, 0(0B) LOS objects, 28% free, 40MB/56MB, paused 1.265ms total 41.072ms
08-04 13:09:16.489 12398 12411 I art     : Starting a blocking GC Explicit
08-04 13:09:16.530 12398 12411 I art     : Explicit concurrent mark sweep GC freed 10(320B) AllocSpace objects, 0(0B) LOS objects, 28% free, 40MB/56MB, paused 1.004ms total 40.838ms
08-04 13:09:16.541 12398 12411 I art     : Starting a blocking GC Explicit
08-04 13:09:16.583 12398 12411 I art     : Explicit concurrent mark sweep GC freed 9(288B) AllocSpace objects, 0(0B) LOS objects, 28% free, 40MB/56MB, paused 1.098ms total 41.427ms
08-04 13:09:16.647 16876 16876 D AndroidRuntime: >>>>>> START com.android.internal.os.RuntimeInit uid 2000 <<<<<<
08-04 13:09:16.652 16876 16876 D AndroidRuntime: CheckJNI is OFF
08-04 13:09:16.684 16876 16876 D ICU     : No timezone override file found: /data/misc/zoneinfo/current/icu/icu_tzdata.dat
08-04 13:09:16.718 16876 16876 I Radio-JNI: register_android_hardware_Radio DONE
08-04 13:09:16.739 16876 16876 D AndroidRuntime: Calling main entry com.android.commands.input.Input
08-04 13:09:16.741 16876 16876 I Input   : injectMotionEvent: MotionEvent { action=ACTION_DOWN, actionButton=0, id[0]=0, x[0]=435.0, y[0]=858.0, toolType[0]=TOOL_TYPE_UNKNOWN, buttonState=0, metaState=0, flags=0x0, edgeFlags=0x0, pointerCount=1, historySize=0, eventTime=709773154, downTime=709773154, deviceId=0, source=0x1002 }
08-04 13:09:16.745 16876 16876 I Input   : injectMotionEvent: MotionEvent { action=ACTION_UP, actionButton=0, id[0]=0, x[0]=435.0, y[0]=858.0, toolType[0]=TOOL_TYPE_UNKNOWN, buttonState=0, metaState=0, flags=0x0, edgeFlags=0x0, pointerCount=1, historySize=0, eventTime=709773154, downTime=709773154, deviceId=0, source=0x1002 }
08-04 13:09:16.747 16876 16876 D AndroidRuntime: Shutting down VM
08-04 13:09:16.758   512  2967 D audio_hw_primary: out_set_parameters: enter: usecase(1: low-latency-playback) kvpairs: routing=2
08-04 13:09:16.765   918  5481 I ActivityManager: START u0 {cmp=baseline.com.newsblur/.activity.AllSharedStoriesReading (has extras)} from uid 10652 on display 0
08-04 13:09:16.771   512  2967 D audio_hw_primary: select_devices: out_snd_device(2: speaker) in_snd_device(0: none)
08-04 13:09:16.771   512  2967 D msm8974_platform: platform_send_audio_calibration: sending audio calibration for snd_device(2) acdb_id(15)
08-04 13:09:16.771   512  2967 I soundtrigger: audio_extn_sound_trigger_update_device_status: device 0x2 of type 0 for Event 1
08-04 13:09:16.780   512  2967 D audio_hw_primary: enable_snd_device: snd_device(2: speaker)
08-04 13:09:16.783   512  2967 D audio_hw_primary: enable_audio_route: apply and update mixer path: low-latency-playback speaker
08-04 13:09:16.910 12398 15987 I art     : Starting a blocking GC Explicit
08-04 13:09:16.958 12398 15987 I art     : Explicit concurrent mark sweep GC freed 3088(255KB) AllocSpace objects, 6(548KB) LOS objects, 28% free, 41MB/57MB, paused 1.122ms total 47.201ms
08-04 13:09:16.971 12398 15987 I art     : Starting a blocking GC Explicit
08-04 13:09:16.988   918   936 I ActivityManager: Displayed baseline.com.newsblur/.activity.AllSharedStoriesReading: +212ms
08-04 13:09:16.989 13866 13866 I GoogleInputMethodServic: GoogleInputMethodService.onFinishInput():3138 
08-04 13:09:16.989 13866 13866 I GoogleInputMethodServic: GoogleInputMethodService.onStartInput():1808 
08-04 13:09:17.014 12398 15987 I art     : Explicit concurrent mark sweep GC freed 949(71KB) AllocSpace objects, 1(20KB) LOS objects, 27% free, 41MB/57MB, paused 1.407ms total 43.036ms
08-04 13:09:17.025 12398 15987 I art     : Starting a blocking GC Explicit
08-04 13:09:17.067 12398 15987 I art     : Explicit concurrent mark sweep GC freed 1795(120KB) AllocSpace objects, 2(40KB) LOS objects, 27% free, 41MB/57MB, paused 1.479ms total 41.597ms
08-04 13:09:17.078 12398 15987 I art     : Starting a blocking GC Explicit
08-04 13:09:17.121 12398 15987 I art     : Explicit concurrent mark sweep GC freed 1445(107KB) AllocSpace objects, 10(236KB) LOS objects, 27% free, 41MB/57MB, paused 1.326ms total 42.996ms
08-04 13:09:17.133 12398 15987 I art     : Starting a blocking GC Explicit
08-04 13:09:17.178 12398 15987 I art     : Explicit concurrent mark sweep GC freed 847(83KB) AllocSpace objects, 1(28KB) LOS objects, 27% free, 41MB/57MB, paused 1.172ms total 45.536ms
08-04 13:09:17.226 12398 15480 E chromium: [ERROR:tile_manager.cc(793)] WARNING: tile memory limits exceeded, some content may not draw
08-04 13:09:17.227 12398 15480 E chromium: [ERROR:tile_manager.cc(793)] WARNING: tile memory limits exceeded, some content may not draw
08-04 13:09:17.319   512  2967 D audio_hw_primary: disable_audio_route: reset and update mixer path: low-latency-playback speaker
08-04 13:09:17.320   512  2967 D audio_hw_primary: disable_snd_device: snd_device(2: speaker)
08-04 13:09:17.328   512  2967 I soundtrigger: audio_extn_sound_trigger_update_device_status: device 0x2 of type 0 for Event 0
08-04 13:09:17.515 12398 12411 I art     : Starting a blocking GC Explicit
08-04 13:09:17.560 12398 12411 I art     : Explicit concurrent mark sweep GC freed 1700(122KB) AllocSpace objects, 2(40KB) LOS objects, 27% free, 41MB/57MB, paused 1.154ms total 45.472ms
08-04 13:09:17.571 12398 12411 I art     : Starting a blocking GC Explicit
08-04 13:09:17.617 12398 12411 I art     : Explicit concurrent mark sweep GC freed 47(1936B) AllocSpace objects, 0(0B) LOS objects, 27% free, 41MB/57MB, paused 1.231ms total 45.642ms
08-04 13:09:17.628 12398 12411 I art     : Starting a blocking GC Explicit
08-04 13:09:17.675 12398 12411 I art     : Explicit concurrent mark sweep GC freed 3(96B) AllocSpace objects, 0(0B) LOS objects, 27% free, 41MB/57MB, paused 1.175ms total 46.315ms
08-04 13:09:17.686 12398 12411 I art     : Starting a blocking GC Explicit
08-04 13:09:17.733 12398 12411 I art     : Explicit concurrent mark sweep GC freed 3(96B) AllocSpace objects, 0(0B) LOS objects, 27% free, 41MB/57MB, paused 1.163ms total 46.270ms
08-04 13:09:17.744 12398 12411 I art     : Starting a blocking GC Explicit
08-04 13:09:17.790 12398 12411 I art     : Explicit concurrent mark sweep GC freed 3(96B) AllocSpace objects, 0(0B) LOS objects, 27% free, 41MB/57MB, paused 1.183ms total 45.942ms
08-04 13:09:18.080   518   646 I ThermalEngine: ACTION: GPU - Setting GPU[0] to 450000000
08-04 13:09:18.161 12398 12414 I art     : Starting a blocking GC Explicit
08-04 13:09:18.218 12398 12414 I art     : Explicit concurrent mark sweep GC freed 1446(83KB) AllocSpace objects, 1(20KB) LOS objects, 27% free, 41MB/57MB, paused 1.652ms total 57.070ms
08-04 13:09:18.232 12398 12414 I art     : Starting a blocking GC Explicit
08-04 13:09:18.278 12398 15480 E chromium: [ERROR:tile_manager.cc(793)] WARNING: tile memory limits exceeded, some content may not draw
08-04 13:09:18.279 12398 15480 E chromium: [ERROR:tile_manager.cc(793)] WARNING: tile memory limits exceeded, some content may not draw
08-04 13:09:18.289 12398 12414 I art     : Explicit concurrent mark sweep GC freed 54(1808B) AllocSpace objects, 0(0B) LOS objects, 27% free, 41MB/57MB, paused 1.566ms total 56.079ms
08-04 13:09:18.292 12398 15480 E chromium: [ERROR:tile_manager.cc(793)] WARNING: tile memory limits exceeded, some content may not draw
08-04 13:09:18.292 12398 15480 E chromium: [ERROR:tile_manager.cc(793)] WARNING: tile memory limits exceeded, some content may not draw
08-04 13:09:18.304 12398 12414 I art     : Starting a blocking GC Explicit
08-04 13:09:18.311 12398 15480 E chromium: [ERROR:tile_manager.cc(793)] WARNING: tile memory limits exceeded, some content may not draw
08-04 13:09:18.312 12398 15480 E chromium: [ERROR:tile_manager.cc(793)] WARNING: tile memory limits exceeded, some content may not draw
08-04 13:09:18.355 12398 12414 I art     : Explicit concurrent mark sweep GC freed 27(864B) AllocSpace objects, 0(0B) LOS objects, 27% free, 41MB/57MB, paused 1.572ms total 50.352ms
08-04 13:09:18.369 12398 12414 I art     : Starting a blocking GC Explicit
08-04 13:09:18.426 12398 12414 I art     : Explicit concurrent mark sweep GC freed 27(864B) AllocSpace objects, 0(0B) LOS objects, 27% free, 41MB/57MB, paused 1.419ms total 56.222ms
08-04 13:09:18.441 12398 12414 I art     : Starting a blocking GC Explicit
08-04 13:09:18.500 12398 12414 I art     : Explicit concurrent mark sweep GC freed 33(1056B) AllocSpace objects, 0(0B) LOS objects, 27% free, 41MB/57MB, paused 1.435ms total 58.689ms
08-04 13:09:18.895 12398 12414 I art     : Starting a blocking GC Explicit
08-04 13:09:18.961 12398 12414 I art     : Explicit concurrent mark sweep GC freed 2080(111KB) AllocSpace objects, 1(20KB) LOS objects, 27% free, 41MB/57MB, paused 1.909ms total 66.274ms
08-04 13:09:18.978 12398 12414 I art     : Starting a blocking GC Explicit
08-04 13:09:19.011 12398 15821 E baseline.com.newsblur.network.APIResponse: Error (unexpected end of stream on https://www.newsblur.com/...) calling https://www.newsblur.com/reader/mark_story_hashes_as_read/
08-04 13:09:19.011 12398 15821 E baseline.com.newsblur.network.APIResponse: java.io.IOException: unexpected end of stream on https://www.newsblur.com/...
08-04 13:09:19.011 12398 15821 E baseline.com.newsblur.network.APIResponse: 	at okhttp3.internal.http1.Http1ExchangeCodec.readResponseHeaders(Http1ExchangeCodec.java:236)
08-04 13:09:19.011 12398 15821 E baseline.com.newsblur.network.APIResponse: 	at okhttp3.internal.connection.Exchange.readResponseHeaders(Exchange.java:115)
08-04 13:09:19.011 12398 15821 E baseline.com.newsblur.network.APIResponse: 	at okhttp3.internal.http.CallServerInterceptor.intercept(CallServerInterceptor.java:94)
08-04 13:09:19.011 12398 15821 E baseline.com.newsblur.network.APIResponse: 	at okhttp3.internal.http.RealInterceptorChain.proceed(RealInterceptorChain.java:142)
08-04 13:09:19.011 12398 15821 E baseline.com.newsblur.network.APIResponse: 	at okhttp3.internal.connection.ConnectInterceptor.intercept(ConnectInterceptor.java:43)
08-04 13:09:19.011 12398 15821 E baseline.com.newsblur.network.APIResponse: 	at okhttp3.internal.http.RealInterceptorChain.proceed(RealInterceptorChain.java:142)
08-04 13:09:19.011 12398 15821 E baseline.com.newsblur.network.APIResponse: 	at okhttp3.internal.http.RealInterceptorChain.proceed(RealInterceptorChain.java:117)
08-04 13:09:19.011 12398 15821 E baseline.com.newsblur.network.APIResponse: 	at okhttp3.internal.cache.CacheInterceptor.intercept(CacheInterceptor.java:94)
08-04 13:09:19.011 12398 15821 E baseline.com.newsblur.network.APIResponse: 	at okhttp3.internal.http.RealInterceptorChain.proceed(RealInterceptorChain.java:142)
08-04 13:09:19.011 12398 15821 E baseline.com.newsblur.network.APIResponse: 	at okhttp3.internal.http.RealInterceptorChain.proceed(RealInterceptorChain.java:117)
08-04 13:09:19.011 12398 15821 E baseline.com.newsblur.network.APIResponse: 	at okhttp3.internal.http.BridgeInterceptor.intercept(BridgeInterceptor.java:93)
08-04 13:09:19.011 12398 15821 E baseline.com.newsblur.network.APIResponse: 	at okhttp3.internal.http.RealInterceptorChain.proceed(RealInterceptorChain.java:142)
08-04 13:09:19.011 12398 15821 E baseline.com.newsblur.network.APIResponse: 	at okhttp3.internal.http.RetryAndFollowUpInterceptor.intercept(RetryAndFollowUpInterceptor.java:88)
08-04 13:09:19.011 12398 15821 E baseline.com.newsblur.network.APIResponse: 	at okhttp3.internal.http.RealInterceptorChain.proceed(RealInterceptorChain.java:142)
08-04 13:09:19.011 12398 15821 E baseline.com.newsblur.network.APIResponse: 	at okhttp3.internal.http.RealInterceptorChain.proceed(RealInterceptorChain.java:117)
08-04 13:09:19.011 12398 15821 E baseline.com.newsblur.network.APIResponse: 	at okhttp3.RealCall.getResponseWithInterceptorChain(RealCall.java:229)
08-04 13:09:19.011 12398 15821 E baseline.com.newsblur.network.APIResponse: 	at okhttp3.RealCall.execute(RealCall.java:81)
08-04 13:09:19.011 12398 15821 E baseline.com.newsblur.network.APIResponse: 	at baseline.com.newsblur.network.APIResponse.<init>(APIResponse.java:57)
08-04 13:09:19.011 12398 15821 E baseline.com.newsblur.network.APIResponse: 	at baseline.com.newsblur.network.APIResponse.<init>(APIResponse.java:43)
08-04 13:09:19.011 12398 15821 E baseline.com.newsblur.network.APIResponse: 	at baseline.com.newsblur.network.APIManager.post_single(APIManager.java:702)
08-04 13:09:19.011 12398 15821 E baseline.com.newsblur.network.APIResponse: 	at baseline.com.newsblur.network.APIManager.post(APIManager.java:675)
08-04 13:09:19.011 12398 15821 E baseline.com.newsblur.network.APIResponse: 	at baseline.com.newsblur.network.APIManager.post(APIManager.java:714)
08-04 13:09:19.011 12398 15821 E baseline.com.newsblur.network.APIResponse: 	at baseline.com.newsblur.network.APIManager.markStoryAsRead(APIManager.java:205)
08-04 13:09:19.011 12398 15821 E baseline.com.newsblur.network.APIResponse: 	at baseline.com.newsblur.util.ReadingAction.doRemote(ReadingAction.java:281)
08-04 13:09:19.011 12398 15821 E baseline.com.newsblur.network.APIResponse: 	at baseline.com.newsblur.service.NBSyncService.syncActions(NBSyncService.java:400)
08-04 13:09:19.011 12398 15821 E baseline.com.newsblur.network.APIResponse: 	at baseline.com.newsblur.service.NBSyncService.doSync(NBSyncService.java:298)
08-04 13:09:19.011 12398 15821 E baseline.com.newsblur.network.APIResponse: 	at baseline.com.newsblur.service.NBSyncService.access$100(NBSyncService.java:67)
08-04 13:09:19.011 12398 15821 E baseline.com.newsblur.network.APIResponse: 	at baseline.com.newsblur.service.NBSyncService$1.run(NBSyncService.java:188)
08-04 13:09:19.011 12398 15821 E baseline.com.newsblur.network.APIResponse: 	at java.util.concurrent.ThreadPoolExecutor.runWorker(ThreadPoolExecutor.java:1113)
08-04 13:09:19.011 12398 15821 E baseline.com.newsblur.network.APIResponse: 	at java.util.concurrent.ThreadPoolExecutor$Worker.run(ThreadPoolExecutor.java:588)
08-04 13:09:19.011 12398 15821 E baseline.com.newsblur.network.APIResponse: 	at java.lang.Thread.run(Thread.java:818)
08-04 13:09:19.011 12398 15821 E baseline.com.newsblur.network.APIResponse: Caused by: java.io.EOFException: \n not found: limit=0 content=
08-04 13:09:19.011 12398 15821 E baseline.com.newsblur.network.APIResponse: 	at okio.RealBufferedSource.readUtf8LineStrict(RealBufferedSource.java:240)
08-04 13:09:19.011 12398 15821 E baseline.com.newsblur.network.APIResponse: 	at okhttp3.internal.http1.Http1ExchangeCodec.readHeaderLine(Http1ExchangeCodec.java:242)
08-04 13:09:19.011 12398 15821 E baseline.com.newsblur.network.APIResponse: 	at okhttp3.internal.http1.Http1ExchangeCodec.readResponseHeaders(Http1ExchangeCodec.java:213)
08-04 13:09:19.011 12398 15821 E baseline.com.newsblur.network.APIResponse: 	... 30 more
08-04 13:09:19.013 12398 15821 I baseline.com.newsblur.service.NBSyncService: Holding reading action with server-side or network error.
08-04 13:09:19.026 12398 15821 W baseline.com.newsblur.service.NBSyncService: hard API failure
08-04 13:09:19.036 12398 12414 I art     : Explicit concurrent mark sweep GC freed 2239(275KB) AllocSpace objects, 4(80KB) LOS objects, 27% free, 41MB/57MB, paused 1.768ms total 57.786ms
08-04 13:09:19.051 12398 12414 I art     : Starting a blocking GC Explicit
08-04 13:09:19.113 12398 12414 I art     : Explicit concurrent mark sweep GC freed 946(201KB) AllocSpace objects, 12(240KB) LOS objects, 27% free, 41MB/57MB, paused 1.373ms total 62.351ms
08-04 13:09:19.128 12398 12414 I art     : Starting a blocking GC Explicit
08-04 13:09:19.190 12398 12414 I art     : Explicit concurrent mark sweep GC freed 632(23KB) AllocSpace objects, 0(0B) LOS objects, 27% free, 41MB/57MB, paused 1.540ms total 61.629ms
08-04 13:09:19.204 12398 12414 I art     : Starting a blocking GC Explicit
08-04 13:09:19.265 12398 12414 I art     : Explicit concurrent mark sweep GC freed 6(192B) AllocSpace objects, 0(0B) LOS objects, 27% free, 41MB/57MB, paused 1.475ms total 60.358ms
08-04 13:09:19.677 12398 15763 I art     : Starting a blocking GC Explicit
08-04 13:09:19.743 12398 15763 I art     : Explicit concurrent mark sweep GC freed 1409(81KB) AllocSpace objects, 1(20KB) LOS objects, 27% free, 41MB/57MB, paused 1.533ms total 65.190ms
08-04 13:09:19.760 12398 15763 I art     : Starting a blocking GC Explicit
08-04 13:09:19.820 12398 15763 I art     : Explicit concurrent mark sweep GC freed 20(704B) AllocSpace objects, 0(0B) LOS objects, 27% free, 41MB/57MB, paused 1.475ms total 60.025ms
08-04 13:09:19.821 12398 12410 I art     : WaitForGcToComplete blocked for 55.002ms for cause HeapTrim
08-04 13:09:19.835 12398 15763 I art     : Starting a blocking GC Explicit
08-04 13:09:19.898 12398 15763 I art     : Explicit concurrent mark sweep GC freed 3(96B) AllocSpace objects, 0(0B) LOS objects, 27% free, 41MB/57MB, paused 1.565ms total 62.839ms
08-04 13:09:19.917 12398 15763 I art     : Starting a blocking GC Explicit
08-04 13:09:19.975 12398 15763 I art     : Explicit concurrent mark sweep GC freed 3(96B) AllocSpace objects, 0(0B) LOS objects, 27% free, 41MB/57MB, paused 1.431ms total 58.083ms
08-04 13:09:19.990 12398 15763 I art     : Starting a blocking GC Explicit
08-04 13:09:20.050 12398 15763 I art     : Explicit concurrent mark sweep GC freed 3(96B) AllocSpace objects, 0(0B) LOS objects, 27% free, 41MB/57MB, paused 1.377ms total 60.104ms
08-04 13:09:20.197 13866 13882 I PeriodicStatsRunner: PeriodicStatsRunner.call():175 call()
08-04 13:09:20.197 13866 13882 I PeriodicStatsRunner: PeriodicStatsRunner.call():179 No submit PeriodicStats since input started.
08-04 13:09:20.467 12398 15139 I art     : Starting a blocking GC Explicit
08-04 13:09:20.534 12398 15139 I art     : Explicit concurrent mark sweep GC freed 1405(81KB) AllocSpace objects, 1(20KB) LOS objects, 27% free, 41MB/57MB, paused 1.428ms total 65.995ms
08-04 13:09:20.552 12398 15139 I art     : Starting a blocking GC Explicit
08-04 13:09:20.612 12398 15139 I art     : Explicit concurrent mark sweep GC freed 20(704B) AllocSpace objects, 0(0B) LOS objects, 27% free, 41MB/57MB, paused 1.456ms total 59.471ms
08-04 13:09:20.627 12398 15139 I art     : Starting a blocking GC Explicit
08-04 13:09:20.687 12398 15139 I art     : Explicit concurrent mark sweep GC freed 3(96B) AllocSpace objects, 0(0B) LOS objects, 27% free, 41MB/57MB, paused 1.341ms total 60.196ms
08-04 13:09:20.701 12398 15139 I art     : Starting a blocking GC Explicit
08-04 13:09:20.763 12398 15139 I art     : Explicit concurrent mark sweep GC freed 3(96B) AllocSpace objects, 0(0B) LOS objects, 27% free, 41MB/57MB, paused 1.540ms total 60.887ms
08-04 13:09:20.778 12398 15139 I art     : Starting a blocking GC Explicit
08-04 13:09:20.839 12398 15139 I art     : Explicit concurrent mark sweep GC freed 3(96B) AllocSpace objects, 0(0B) LOS objects, 27% free, 41MB/57MB, paused 1.584ms total 60.876ms
08-04 13:09:21.084   518   646 I ThermalEngine: ACTION: GPU - Setting GPU[0] to 510000000
08-04 13:09:21.195 12398 15987 I art     : Starting a blocking GC Explicit
08-04 13:09:21.242 12398 15987 I art     : Explicit concurrent mark sweep GC freed 1406(81KB) AllocSpace objects, 1(20KB) LOS objects, 27% free, 41MB/57MB, paused 1.117ms total 47.003ms
08-04 13:09:21.254 12398 15987 I art     : Starting a blocking GC Explicit
08-04 13:09:21.299 12398 15987 I art     : Explicit concurrent mark sweep GC freed 20(704B) AllocSpace objects, 0(0B) LOS objects, 27% free, 41MB/57MB, paused 1.090ms total 45.313ms
08-04 13:09:21.310 12398 15987 I art     : Starting a blocking GC Explicit
08-04 13:09:21.355 12398 15987 I art     : Explicit concurrent mark sweep GC freed 3(96B) AllocSpace objects, 0(0B) LOS objects, 27% free, 41MB/57MB, paused 1.075ms total 44.540ms
08-04 13:09:21.366 12398 15987 I art     : Starting a blocking GC Explicit
08-04 13:09:21.413 12398 15987 I art     : Explicit concurrent mark sweep GC freed 3(96B) AllocSpace objects, 0(0B) LOS objects, 27% free, 41MB/57MB, paused 1.079ms total 46.291ms
08-04 13:09:21.424 12398 15987 I art     : Starting a blocking GC Explicit
08-04 13:09:21.448 16953 16953 D AndroidRuntime: >>>>>> START com.android.internal.os.RuntimeInit uid 2000 <<<<<<
08-04 13:09:21.453 16953 16953 D AndroidRuntime: CheckJNI is OFF
08-04 13:09:21.469 12398 15987 I art     : Explicit concurrent mark sweep GC freed 3(96B) AllocSpace objects, 0(0B) LOS objects, 27% free, 41MB/57MB, paused 1.092ms total 44.838ms
08-04 13:09:21.490 16953 16953 D ICU     : No timezone override file found: /data/misc/zoneinfo/current/icu/icu_tzdata.dat
08-04 13:09:21.523 16953 16953 I Radio-JNI: register_android_hardware_Radio DONE
08-04 13:09:21.543 16953 16953 D AndroidRuntime: Calling main entry com.android.commands.input.Input
08-04 13:09:21.545 16953 16953 I Input   : injectKeyEvent: KeyEvent { action=ACTION_DOWN, keyCode=KEYCODE_BACK, scanCode=0, metaState=0, flags=0x0, repeatCount=0, eventTime=709777958, downTime=709777958, deviceId=-1, source=0x101 }
08-04 13:09:21.553 16953 16953 I Input   : injectKeyEvent: KeyEvent { action=ACTION_UP, keyCode=KEYCODE_BACK, scanCode=0, metaState=0, flags=0x0, repeatCount=0, eventTime=709777958, downTime=709777958, deviceId=-1, source=0x101 }
08-04 13:09:21.560 16953 16953 D AndroidRuntime: Shutting down VM
08-04 13:09:21.570 12398 12398 D baseline.com.newsblur.service.NBSyncService: rejecting request for feedset that is exhaused
08-04 13:09:21.711 12398 12398 D baseline.com.newsblur.service.NBSyncService: rejecting request for feedset that is exhaused
08-04 13:09:21.713 13866 13866 I GoogleInputMethodServic: GoogleInputMethodService.onFinishInput():3138 
08-04 13:09:21.714 13866 13866 I GoogleInputMethodServic: GoogleInputMethodService.onStartInput():1808 
08-04 13:09:21.780 12398 15987 I art     : Starting a blocking GC Explicit
08-04 13:09:21.824 12398 15987 I art     : Explicit concurrent mark sweep GC freed 3195(257KB) AllocSpace objects, 5(100KB) LOS objects, 27% free, 41MB/57MB, paused 1.063ms total 44.187ms
08-04 13:09:21.835 12398 15987 I art     : Starting a blocking GC Explicit
08-04 13:09:21.874 12398 15987 I art     : Explicit concurrent mark sweep GC freed 191(9KB) AllocSpace objects, 1(28KB) LOS objects, 27% free, 41MB/57MB, paused 1.022ms total 38.884ms
08-04 13:09:21.887 12398 15987 I art     : Starting a blocking GC Explicit
08-04 13:09:21.932 12398 15987 I art     : Explicit concurrent mark sweep GC freed 3(96B) AllocSpace objects, 0(0B) LOS objects, 27% free, 41MB/57MB, paused 1.237ms total 44.815ms
08-04 13:09:21.944 12398 15987 I art     : Starting a blocking GC Explicit
08-04 13:09:21.987 12398 15987 I art     : Explicit concurrent mark sweep GC freed 3(96B) AllocSpace objects, 0(0B) LOS objects, 27% free, 41MB/57MB, paused 983us total 43.282ms
08-04 13:09:21.989 13866 13882 I PeriodicStatsRunner: PeriodicStatsRunner.call():175 call()
08-04 13:09:21.989 13866 13882 I PeriodicStatsRunner: PeriodicStatsRunner.call():179 No submit PeriodicStats since input started.
08-04 13:09:21.998 12398 15987 I art     : Starting a blocking GC Explicit
08-04 13:09:22.045 12398 15987 I art     : Explicit concurrent mark sweep GC freed 1469(66KB) AllocSpace objects, 0(0B) LOS objects, 27% free, 41MB/57MB, paused 1.369ms total 47.245ms
08-04 13:09:22.396 12398 15987 I art     : Starting a blocking GC Explicit
08-04 13:09:22.453 12398 15987 I art     : Explicit concurrent mark sweep GC freed 1610(94KB) AllocSpace objects, 1(20KB) LOS objects, 27% free, 41MB/57MB, paused 1.252ms total 56.375ms
08-04 13:09:22.467 12398 15987 I art     : Starting a blocking GC Explicit
08-04 13:09:22.518 12398 15987 I art     : Explicit concurrent mark sweep GC freed 155(7KB) AllocSpace objects, 0(0B) LOS objects, 27% free, 41MB/57MB, paused 1.155ms total 49.923ms
08-04 13:09:22.530 12398 15987 I art     : Starting a blocking GC Explicit
08-04 13:09:22.580 12398 15987 I art     : Explicit concurrent mark sweep GC freed 9(288B) AllocSpace objects, 0(0B) LOS objects, 27% free, 41MB/57MB, paused 1.108ms total 50.330ms
08-04 13:09:22.593 12398 15987 I art     : Starting a blocking GC Explicit
08-04 13:09:22.644 12398 15987 I art     : Explicit concurrent mark sweep GC freed 11(352B) AllocSpace objects, 0(0B) LOS objects, 27% free, 41MB/57MB, paused 1.132ms total 50.722ms
08-04 13:09:22.649   918  3261 D WifiStateMachine: starting scan for "H369AA63323"WPA_PSK with 2412,5180
08-04 13:09:22.659 12398 15987 I art     : Starting a blocking GC Explicit
08-04 13:09:22.710 12398 15987 I art     : Explicit concurrent mark sweep GC freed 11(352B) AllocSpace objects, 0(0B) LOS objects, 27% free, 41MB/57MB, paused 1.079ms total 50.788ms
08-04 13:09:23.052 12398 12414 I art     : Starting a blocking GC Explicit
08-04 13:09:23.109 12398 12414 I art     : Explicit concurrent mark sweep GC freed 1454(82KB) AllocSpace objects, 1(20KB) LOS objects, 27% free, 41MB/57MB, paused 1.351ms total 55.849ms
08-04 13:09:23.121 12398 12414 I art     : Starting a blocking GC Explicit
08-04 13:09:23.171 12398 12414 I art     : Explicit concurrent mark sweep GC freed 25(880B) AllocSpace objects, 0(0B) LOS objects, 27% free, 41MB/57MB, paused 1.346ms total 49.054ms
08-04 13:09:23.182 12398 12414 I art     : Starting a blocking GC Explicit
08-04 13:09:23.226 12398 12414 I art     : Explicit concurrent mark sweep GC freed 3(96B) AllocSpace objects, 0(0B) LOS objects, 27% free, 41MB/57MB, paused 1.088ms total 43.758ms
08-04 13:09:23.237 16995 16995 D AndroidRuntime: >>>>>> START com.android.internal.os.RuntimeInit uid 2000 <<<<<<
08-04 13:09:23.237 12398 12414 I art     : Starting a blocking GC Explicit
08-04 13:09:23.242 16995 16995 D AndroidRuntime: CheckJNI is OFF
08-04 13:09:23.275 16995 16995 D ICU     : No timezone override file found: /data/misc/zoneinfo/current/icu/icu_tzdata.dat
08-04 13:09:23.282 12398 12414 I art     : Explicit concurrent mark sweep GC freed 3(96B) AllocSpace objects, 0(0B) LOS objects, 27% free, 41MB/57MB, paused 1.233ms total 43.885ms
08-04 13:09:23.293 12398 12414 I art     : Starting a blocking GC Explicit
08-04 13:09:23.310 16995 16995 I Radio-JNI: register_android_hardware_Radio DONE
08-04 13:09:23.332 16995 16995 D AndroidRuntime: Calling main entry com.android.commands.input.Input
08-04 13:09:23.334 16995 16995 I Input   : injectKeyEvent: KeyEvent { action=ACTION_DOWN, keyCode=KEYCODE_BACK, scanCode=0, metaState=0, flags=0x0, repeatCount=0, eventTime=709779747, downTime=709779747, deviceId=-1, source=0x101 }
08-04 13:09:23.337 12398 12414 I art     : Explicit concurrent mark sweep GC freed 3(96B) AllocSpace objects, 0(0B) LOS objects, 27% free, 41MB/57MB, paused 1.192ms total 44.367ms
08-04 13:09:23.339 16995 16995 I Input   : injectKeyEvent: KeyEvent { action=ACTION_UP, keyCode=KEYCODE_BACK, scanCode=0, metaState=0, flags=0x0, repeatCount=0, eventTime=709779747, downTime=709779747, deviceId=-1, source=0x101 }
08-04 13:09:23.346 16995 16995 D AndroidRuntime: Shutting down VM
08-04 13:09:23.514 13866 13866 I GoogleInputMethodServic: GoogleInputMethodService.onFinishInput():3138 
08-04 13:09:23.515 13866 13866 I GoogleInputMethodServic: GoogleInputMethodService.onStartInput():1808 
08-04 13:09:23.641 12398 15763 I art     : Starting a blocking GC Explicit
08-04 13:09:23.684 12398 15763 I art     : Explicit concurrent mark sweep GC freed 12057(820KB) AllocSpace objects, 17(340KB) LOS objects, 27% free, 41MB/57MB, paused 1.075ms total 42.587ms
08-04 13:09:23.695 12398 15763 I art     : Starting a blocking GC Explicit
08-04 13:09:23.736 12398 15763 I art     : Explicit concurrent mark sweep GC freed 267(10KB) AllocSpace objects, 0(0B) LOS objects, 27% free, 41MB/57MB, paused 1.102ms total 40.972ms
08-04 13:09:23.746 12398 15763 I art     : Starting a blocking GC Explicit
08-04 13:09:23.788 12398 15763 I art     : Explicit concurrent mark sweep GC freed 3(96B) AllocSpace objects, 0(0B) LOS objects, 27% free, 41MB/57MB, paused 1.020ms total 41.630ms
08-04 13:09:23.799 12398 15763 I art     : Starting a blocking GC Explicit
08-04 13:09:23.842 12398 15763 I art     : Explicit concurrent mark sweep GC freed 3(96B) AllocSpace objects, 0(0B) LOS objects, 27% free, 41MB/57MB, paused 1.097ms total 42.649ms
08-04 13:09:23.853 12398 15763 I art     : Starting a blocking GC Explicit
08-04 13:09:23.896 12398 15763 I art     : Explicit concurrent mark sweep GC freed 397(17KB) AllocSpace objects, 0(0B) LOS objects, 27% free, 41MB/57MB, paused 1.187ms total 43.015ms
08-04 13:09:24.040 12398 17024 E baseline.com.newsblur.network.APIResponse: Error (unexpected end of stream on https://www.newsblur.com/...) calling https://www.newsblur.com/reader/mark_story_hashes_as_read/
08-04 13:09:24.040 12398 17024 E baseline.com.newsblur.network.APIResponse: java.io.IOException: unexpected end of stream on https://www.newsblur.com/...
08-04 13:09:24.040 12398 17024 E baseline.com.newsblur.network.APIResponse: 	at okhttp3.internal.http1.Http1ExchangeCodec.readResponseHeaders(Http1ExchangeCodec.java:236)
08-04 13:09:24.040 12398 17024 E baseline.com.newsblur.network.APIResponse: 	at okhttp3.internal.connection.Exchange.readResponseHeaders(Exchange.java:115)
08-04 13:09:24.040 12398 17024 E baseline.com.newsblur.network.APIResponse: 	at okhttp3.internal.http.CallServerInterceptor.intercept(CallServerInterceptor.java:94)
08-04 13:09:24.040 12398 17024 E baseline.com.newsblur.network.APIResponse: 	at okhttp3.internal.http.RealInterceptorChain.proceed(RealInterceptorChain.java:142)
08-04 13:09:24.040 12398 17024 E baseline.com.newsblur.network.APIResponse: 	at okhttp3.internal.connection.ConnectInterceptor.intercept(ConnectInterceptor.java:43)
08-04 13:09:24.040 12398 17024 E baseline.com.newsblur.network.APIResponse: 	at okhttp3.internal.http.RealInterceptorChain.proceed(RealInterceptorChain.java:142)
08-04 13:09:24.040 12398 17024 E baseline.com.newsblur.network.APIResponse: 	at okhttp3.internal.http.RealInterceptorChain.proceed(RealInterceptorChain.java:117)
08-04 13:09:24.040 12398 17024 E baseline.com.newsblur.network.APIResponse: 	at okhttp3.internal.cache.CacheInterceptor.intercept(CacheInterceptor.java:94)
08-04 13:09:24.040 12398 17024 E baseline.com.newsblur.network.APIResponse: 	at okhttp3.internal.http.RealInterceptorChain.proceed(RealInterceptorChain.java:142)
08-04 13:09:24.040 12398 17024 E baseline.com.newsblur.network.APIResponse: 	at okhttp3.internal.http.RealInterceptorChain.proceed(RealInterceptorChain.java:117)
08-04 13:09:24.040 12398 17024 E baseline.com.newsblur.network.APIResponse: 	at okhttp3.internal.http.BridgeInterceptor.intercept(BridgeInterceptor.java:93)
08-04 13:09:24.040 12398 17024 E baseline.com.newsblur.network.APIResponse: 	at okhttp3.internal.http.RealInterceptorChain.proceed(RealInterceptorChain.java:142)
08-04 13:09:24.040 12398 17024 E baseline.com.newsblur.network.APIResponse: 	at okhttp3.internal.http.RetryAndFollowUpInterceptor.intercept(RetryAndFollowUpInterceptor.java:88)
08-04 13:09:24.040 12398 17024 E baseline.com.newsblur.network.APIResponse: 	at okhttp3.internal.http.RealInterceptorChain.proceed(RealInterceptorChain.java:142)
08-04 13:09:24.040 12398 17024 E baseline.com.newsblur.network.APIResponse: 	at okhttp3.internal.http.RealInterceptorChain.proceed(RealInterceptorChain.java:117)
08-04 13:09:24.040 12398 17024 E baseline.com.newsblur.network.APIResponse: 	at okhttp3.RealCall.getResponseWithInterceptorChain(RealCall.java:229)
08-04 13:09:24.040 12398 17024 E baseline.com.newsblur.network.APIResponse: 	at okhttp3.RealCall.execute(RealCall.java:81)
08-04 13:09:24.040 12398 17024 E baseline.com.newsblur.network.APIResponse: 	at baseline.com.newsblur.network.APIResponse.<init>(APIResponse.java:57)
08-04 13:09:24.040 12398 17024 E baseline.com.newsblur.network.APIResponse: 	at baseline.com.newsblur.network.APIResponse.<init>(APIResponse.java:43)
08-04 13:09:24.040 12398 17024 E baseline.com.newsblur.network.APIResponse: 	at baseline.com.newsblur.network.APIManager.post_single(APIManager.java:702)
08-04 13:09:24.040 12398 17024 E baseline.com.newsblur.network.APIResponse: 	at baseline.com.newsblur.network.APIManager.post(APIManager.java:675)
08-04 13:09:24.040 12398 17024 E baseline.com.newsblur.network.APIResponse: 	at baseline.com.newsblur.network.APIManager.post(APIManager.java:714)
08-04 13:09:24.040 12398 17024 E baseline.com.newsblur.network.APIResponse: 	at baseline.com.newsblur.network.APIManager.markStoryAsRead(APIManager.java:205)
08-04 13:09:24.040 12398 17024 E baseline.com.newsblur.network.APIResponse: 	at baseline.com.newsblur.util.ReadingAction.doRemote(ReadingAction.java:281)
08-04 13:09:24.040 12398 17024 E baseline.com.newsblur.network.APIResponse: 	at baseline.com.newsblur.service.NBSyncService.syncActions(NBSyncService.java:400)
08-04 13:09:24.040 12398 17024 E baseline.com.newsblur.network.APIResponse: 	at baseline.com.newsblur.service.NBSyncService.doSync(NBSyncService.java:298)
08-04 13:09:24.040 12398 17024 E baseline.com.newsblur.network.APIResponse: 	at baseline.com.newsblur.service.NBSyncService.access$100(NBSyncService.java:67)
08-04 13:09:24.040 12398 17024 E baseline.com.newsblur.network.APIResponse: 	at baseline.com.newsblur.service.NBSyncService$1.run(NBSyncService.java:188)
08-04 13:09:24.040 12398 17024 E baseline.com.newsblur.network.APIResponse: 	at java.util.concurrent.ThreadPoolExecutor.runWorker(ThreadPoolExecutor.java:1113)
08-04 13:09:24.040 12398 17024 E baseline.com.newsblur.network.APIResponse: 	at java.util.concurrent.ThreadPoolExecutor$Worker.run(ThreadPoolExecutor.java:588)
08-04 13:09:24.040 12398 17024 E baseline.com.newsblur.network.APIResponse: 	at java.lang.Thread.run(Thread.java:818)
08-04 13:09:24.040 12398 17024 E baseline.com.newsblur.network.APIResponse: Caused by: java.io.EOFException: \n not found: limit=0 content=
08-04 13:09:24.040 12398 17024 E baseline.com.newsblur.network.APIResponse: 	at okio.RealBufferedSource.readUtf8LineStrict(RealBufferedSource.java:240)
08-04 13:09:24.040 12398 17024 E baseline.com.newsblur.network.APIResponse: 	at okhttp3.internal.http1.Http1ExchangeCodec.readHeaderLine(Http1ExchangeCodec.java:242)
08-04 13:09:24.040 12398 17024 E baseline.com.newsblur.network.APIResponse: 	at okhttp3.internal.http1.Http1ExchangeCodec.readResponseHeaders(Http1ExchangeCodec.java:213)
08-04 13:09:24.040 12398 17024 E baseline.com.newsblur.network.APIResponse: 	... 30 more
08-04 13:09:24.042 12398 17024 I baseline.com.newsblur.network.APIManager: API call failed, pausing before retry number 1
08-04 13:09:24.093   518   646 I ThermalEngine: ACTION: GPU - Setting GPU[0] to 450000000
08-04 13:09:24.256 12398 15139 I art     : Starting a blocking GC Explicit
08-04 13:09:24.322 12398 15139 I art     : Explicit concurrent mark sweep GC freed 5538(451KB) AllocSpace objects, 6(260KB) LOS objects, 27% free, 41MB/57MB, paused 1.464ms total 65.621ms
08-04 13:09:24.337 12398 15139 I art     : Starting a blocking GC Explicit
08-04 13:09:24.396 12398 15139 I art     : Explicit concurrent mark sweep GC freed 1138(125KB) AllocSpace objects, 0(0B) LOS objects, 27% free, 41MB/57MB, paused 1.525ms total 58.658ms
08-04 13:09:24.411 12398 15139 I art     : Starting a blocking GC Explicit
08-04 13:09:24.469 12398 15139 I art     : Explicit concurrent mark sweep GC freed 12(384B) AllocSpace objects, 0(0B) LOS objects, 27% free, 41MB/57MB, paused 1.938ms total 57.614ms
08-04 13:09:24.485 12398 15139 I art     : Starting a blocking GC Explicit
08-04 13:09:24.542 12398 15139 I art     : Explicit concurrent mark sweep GC freed 12(384B) AllocSpace objects, 0(0B) LOS objects, 27% free, 41MB/57MB, paused 1.569ms total 56.748ms
08-04 13:09:24.557 12398 15139 I art     : Starting a blocking GC Explicit
08-04 13:09:24.615 12398 15139 I art     : Explicit concurrent mark sweep GC freed 11(352B) AllocSpace objects, 0(0B) LOS objects, 27% free, 41MB/57MB, paused 1.349ms total 58.118ms
08-04 13:09:24.987 12398 15139 I art     : Starting a blocking GC Explicit
08-04 13:09:25.048 12398 15139 I art     : Explicit concurrent mark sweep GC freed 1485(84KB) AllocSpace objects, 1(20KB) LOS objects, 27% free, 41MB/57MB, paused 1.592ms total 61.017ms
08-04 13:09:25.063 12398 15139 I art     : Starting a blocking GC Explicit
08-04 13:09:25.109 17042 17042 D AndroidRuntime: >>>>>> START com.android.internal.os.RuntimeInit uid 2000 <<<<<<
08-04 13:09:25.115 17042 17042 D AndroidRuntime: CheckJNI is OFF
08-04 13:09:25.124 12398 15139 I art     : Explicit concurrent mark sweep GC freed 22(784B) AllocSpace objects, 0(0B) LOS objects, 27% free, 41MB/57MB, paused 1.666ms total 61.105ms
08-04 13:09:25.140 12398 15139 I art     : Starting a blocking GC Explicit
08-04 13:09:25.161 17042 17042 D ICU     : No timezone override file found: /data/misc/zoneinfo/current/icu/icu_tzdata.dat
08-04 13:09:25.199 12398 15139 I art     : Explicit concurrent mark sweep GC freed 3(96B) AllocSpace objects, 0(0B) LOS objects, 27% free, 41MB/57MB, paused 1.653ms total 59.091ms
08-04 13:09:25.210 17042 17042 I Radio-JNI: register_android_hardware_Radio DONE
08-04 13:09:25.214 12398 15139 I art     : Starting a blocking GC Explicit
08-04 13:09:25.241 17042 17042 D AndroidRuntime: Calling main entry com.android.commands.input.Input
08-04 13:09:25.243 17042 17042 I Input   : injectMotionEvent: MotionEvent { action=ACTION_DOWN, actionButton=0, id[0]=0, x[0]=553.0, y[0]=442.0, toolType[0]=TOOL_TYPE_UNKNOWN, buttonState=0, metaState=0, flags=0x0, edgeFlags=0x0, pointerCount=1, historySize=0, eventTime=709781655, downTime=709781655, deviceId=0, source=0x1002 }
08-04 13:09:25.250 17042 17042 I Input   : injectMotionEvent: MotionEvent { action=ACTION_UP, actionButton=0, id[0]=0, x[0]=553.0, y[0]=442.0, toolType[0]=TOOL_TYPE_UNKNOWN, buttonState=0, metaState=0, flags=0x0, edgeFlags=0x0, pointerCount=1, historySize=0, eventTime=709781655, downTime=709781655, deviceId=0, source=0x1002 }
08-04 13:09:25.253 17042 17042 D AndroidRuntime: Shutting down VM
08-04 13:09:25.274 12398 15139 I art     : Explicit concurrent mark sweep GC freed 39(1616B) AllocSpace objects, 0(0B) LOS objects, 27% free, 41MB/57MB, paused 1.770ms total 60.738ms
08-04 13:09:25.289 12398 15139 I art     : Starting a blocking GC Explicit
08-04 13:09:25.322   918  3714 I ActivityManager: START u0 {cmp=baseline.com.newsblur/.activity.AllSharedStoriesItemsList (has extras)} from uid 10652 on display 0
08-04 13:09:25.348 12398 15139 I art     : Explicit concurrent mark sweep GC freed 599(85KB) AllocSpace objects, 1(20KB) LOS objects, 27% free, 41MB/57MB, paused 1.887ms total 58.808ms
08-04 13:09:25.351 12398 15138 I baseline.com.newsblur.database.BlurDatabaseHelper: reading session reset
08-04 13:09:25.562 12398 12398 D baseline.com.newsblur.service.NBSyncService: rejecting request for feedset that is exhaused
08-04 13:09:25.570 12398 12398 W View    : requestLayout() improperly called by android.widget.FrameLayout{545e820 V.E...... ......ID 0,0-1440,18 #7f07003f app:id/footer_view_inner} during layout: running second layout pass
08-04 13:09:25.570 12398 12398 W View    : requestLayout() improperly called by android.widget.FrameLayout{43dc5d9 V.E...... ......ID 0,0-1440,2091 #7f07003f app:id/footer_view_inner} during layout: running second layout pass
08-04 13:09:25.588   918   936 I ActivityManager: Displayed baseline.com.newsblur/.activity.AllSharedStoriesItemsList: +254ms
08-04 13:09:25.588 13866 13866 I GoogleInputMethodServic: GoogleInputMethodService.onFinishInput():3138 
08-04 13:09:25.589 13866 13866 I GoogleInputMethodServic: GoogleInputMethodService.onStartInput():1808 
08-04 13:09:25.666 12398 15173 I NAPPA_EXPERIMENTATION: MetricNetworkRequestExecutionTime: REQUEST_DURATION_SYSTEM='30',REQUEST_DURATION_OKHTTP='30',REQUEST_SYNCHRONOUS='TRUE',RESPONSE_CODE='200',RESPONSE_METHOD='GET',RESPONSE_LENGTH_OKHTTP='43',RESPONSE_LENGTH_HEADER='43',REQUEST_PROTOCOL='http/1.1',REQUEST_URL='http://feeds.feedburner.com/~r/retort/~4/UffaFMiJbNs',
08-04 13:09:25.725 12398 12414 I art     : Starting a blocking GC Explicit
08-04 13:09:25.787 12398 12414 I art     : Explicit concurrent mark sweep GC freed 5910(440KB) AllocSpace objects, 14(372KB) LOS objects, 27% free, 41MB/57MB, paused 1.540ms total 61.981ms
08-04 13:09:25.804 12398 12414 I art     : Starting a blocking GC Explicit
08-04 13:09:25.863 12398 12414 I art     : Explicit concurrent mark sweep GC freed 528(35KB) AllocSpace objects, 1(20KB) LOS objects, 27% free, 41MB/57MB, paused 1.505ms total 58.733ms
08-04 13:09:25.879 12398 12414 I art     : Starting a blocking GC Explicit
08-04 13:09:25.933 12398 12414 I art     : Explicit concurrent mark sweep GC freed 61(2496B) AllocSpace objects, 0(0B) LOS objects, 27% free, 41MB/57MB, paused 1.385ms total 53.087ms
08-04 13:09:25.946 12398 12414 I art     : Starting a blocking GC Explicit
08-04 13:09:26.002 12398 12414 I art     : Explicit concurrent mark sweep GC freed 69(2912B) AllocSpace objects, 0(0B) LOS objects, 27% free, 41MB/57MB, paused 1.445ms total 55.061ms
08-04 13:09:26.016 12398 12414 I art     : Starting a blocking GC Explicit
08-04 13:09:26.062 12398 17024 E baseline.com.newsblur.network.APIResponse: Error (unexpected end of stream on https://www.newsblur.com/...) calling https://www.newsblur.com/reader/mark_story_hashes_as_read/
08-04 13:09:26.062 12398 17024 E baseline.com.newsblur.network.APIResponse: java.io.IOException: unexpected end of stream on https://www.newsblur.com/...
08-04 13:09:26.062 12398 17024 E baseline.com.newsblur.network.APIResponse: 	at okhttp3.internal.http1.Http1ExchangeCodec.readResponseHeaders(Http1ExchangeCodec.java:236)
08-04 13:09:26.062 12398 17024 E baseline.com.newsblur.network.APIResponse: 	at okhttp3.internal.connection.Exchange.readResponseHeaders(Exchange.java:115)
08-04 13:09:26.062 12398 17024 E baseline.com.newsblur.network.APIResponse: 	at okhttp3.internal.http.CallServerInterceptor.intercept(CallServerInterceptor.java:94)
08-04 13:09:26.062 12398 17024 E baseline.com.newsblur.network.APIResponse: 	at okhttp3.internal.http.RealInterceptorChain.proceed(RealInterceptorChain.java:142)
08-04 13:09:26.062 12398 17024 E baseline.com.newsblur.network.APIResponse: 	at okhttp3.internal.connection.ConnectInterceptor.intercept(ConnectInterceptor.java:43)
08-04 13:09:26.062 12398 17024 E baseline.com.newsblur.network.APIResponse: 	at okhttp3.internal.http.RealInterceptorChain.proceed(RealInterceptorChain.java:142)
08-04 13:09:26.062 12398 17024 E baseline.com.newsblur.network.APIResponse: 	at okhttp3.internal.http.RealInterceptorChain.proceed(RealInterceptorChain.java:117)
08-04 13:09:26.062 12398 17024 E baseline.com.newsblur.network.APIResponse: 	at okhttp3.internal.cache.CacheInterceptor.intercept(CacheInterceptor.java:94)
08-04 13:09:26.062 12398 17024 E baseline.com.newsblur.network.APIResponse: 	at okhttp3.internal.http.RealInterceptorChain.proceed(RealInterceptorChain.java:142)
08-04 13:09:26.062 12398 17024 E baseline.com.newsblur.network.APIResponse: 	at okhttp3.internal.http.RealInterceptorChain.proceed(RealInterceptorChain.java:117)
08-04 13:09:26.062 12398 17024 E baseline.com.newsblur.network.APIResponse: 	at okhttp3.internal.http.BridgeInterceptor.intercept(BridgeInterceptor.java:93)
08-04 13:09:26.062 12398 17024 E baseline.com.newsblur.network.APIResponse: 	at okhttp3.internal.http.RealInterceptorChain.proceed(RealInterceptorChain.java:142)
08-04 13:09:26.062 12398 17024 E baseline.com.newsblur.network.APIResponse: 	at okhttp3.internal.http.RetryAndFollowUpInterceptor.intercept(RetryAndFollowUpInterceptor.java:88)
08-04 13:09:26.062 12398 17024 E baseline.com.newsblur.network.APIResponse: 	at okhttp3.internal.http.RealInterceptorChain.proceed(RealInterceptorChain.java:142)
08-04 13:09:26.062 12398 17024 E baseline.com.newsblur.network.APIResponse: 	at okhttp3.internal.http.RealInterceptorChain.proceed(RealInterceptorChain.java:117)
08-04 13:09:26.062 12398 17024 E baseline.com.newsblur.network.APIResponse: 	at okhttp3.RealCall.getResponseWithInterceptorChain(RealCall.java:229)
08-04 13:09:26.062 12398 17024 E baseline.com.newsblur.network.APIResponse: 	at okhttp3.RealCall.execute(RealCall.java:81)
08-04 13:09:26.062 12398 17024 E baseline.com.newsblur.network.APIResponse: 	at baseline.com.newsblur.network.APIResponse.<init>(APIResponse.java:57)
08-04 13:09:26.062 12398 17024 E baseline.com.newsblur.network.APIResponse: 	at baseline.com.newsblur.network.APIResponse.<init>(APIResponse.java:43)
08-04 13:09:26.062 12398 17024 E baseline.com.newsblur.network.APIResponse: 	at baseline.com.newsblur.network.APIManager.post_single(APIManager.java:702)
08-04 13:09:26.062 12398 17024 E baseline.com.newsblur.network.APIResponse: 	at baseline.com.newsblur.network.APIManager.post(APIManager.java:675)
08-04 13:09:26.062 12398 17024 E baseline.com.newsblur.network.APIResponse: 	at baseline.com.newsblur.network.APIManager.post(APIManager.java:714)
08-04 13:09:26.062 12398 17024 E baseline.com.newsblur.network.APIResponse: 	at baseline.com.newsblur.network.APIManager.markStoryAsRead(APIManager.java:205)
08-04 13:09:26.062 12398 17024 E baseline.com.newsblur.network.APIResponse: 	at baseline.com.newsblur.util.ReadingAction.doRemote(ReadingAction.java:281)
08-04 13:09:26.062 12398 17024 E baseline.com.newsblur.network.APIResponse: 	at baseline.com.newsblur.service.NBSyncService.syncActions(NBSyncService.java:400)
08-04 13:09:26.062 12398 17024 E baseline.com.newsblur.network.APIResponse: 	at baseline.com.newsblur.service.NBSyncService.doSync(NBSyncService.java:298)
08-04 13:09:26.062 12398 17024 E baseline.com.newsblur.network.APIResponse: 	at baseline.com.newsblur.service.NBSyncService.access$100(NBSyncService.java:67)
08-04 13:09:26.062 12398 17024 E baseline.com.newsblur.network.APIResponse: 	at baseline.com.newsblur.service.NBSyncService$1.run(NBSyncService.java:188)
08-04 13:09:26.062 12398 17024 E baseline.com.newsblur.network.APIResponse: 	at java.util.concurrent.ThreadPoolExecutor.runWorker(ThreadPoolExecutor.java:1113)
08-04 13:09:26.062 12398 17024 E baseline.com.newsblur.network.APIResponse: 	at java.util.concurrent.ThreadPoolExecutor$Worker.run(ThreadPoolExecutor.java:588)
08-04 13:09:26.062 12398 17024 E baseline.com.newsblur.network.APIResponse: 	at java.lang.Thread.run(Thread.java:818)
08-04 13:09:26.062 12398 17024 E baseline.com.newsblur.network.APIResponse: Caused by: java.io.EOFException: \n not found: limit=0 content=
08-04 13:09:26.062 12398 17024 E baseline.com.newsblur.network.APIResponse: 	at okio.RealBufferedSource.readUtf8LineStrict(RealBufferedSource.java:240)
08-04 13:09:26.062 12398 17024 E baseline.com.newsblur.network.APIResponse: 	at okhttp3.internal.http1.Http1ExchangeCodec.readHeaderLine(Http1ExchangeCodec.java:242)
08-04 13:09:26.062 12398 17024 E baseline.com.newsblur.network.APIResponse: 	at okhttp3.internal.http1.Http1ExchangeCodec.readResponseHeaders(Http1ExchangeCodec.java:213)
08-04 13:09:26.062 12398 17024 E baseline.com.newsblur.network.APIResponse: 	... 30 more
08-04 13:09:26.063 12398 17024 I baseline.com.newsblur.network.APIManager: API call failed, pausing before retry number 2
08-04 13:09:26.072 12398 12414 I art     : Explicit concurrent mark sweep GC freed 2531(255KB) AllocSpace objects, 2(40KB) LOS objects, 27% free, 42MB/58MB, paused 1.510ms total 55.750ms
08-04 13:09:26.452 12398 15139 I art     : Starting a blocking GC Explicit
08-04 13:09:26.518 12398 15139 I art     : Explicit concurrent mark sweep GC freed 1610(109KB) AllocSpace objects, 1(20KB) LOS objects, 27% free, 41MB/57MB, paused 1.521ms total 65.331ms
08-04 13:09:26.534 12398 15139 I art     : Starting a blocking GC Explicit
08-04 13:09:26.593 12398 15139 I art     : Explicit concurrent mark sweep GC freed 55(1904B) AllocSpace objects, 0(0B) LOS objects, 27% free, 41MB/57MB, paused 1.487ms total 58.506ms
08-04 13:09:26.608 12398 15139 I art     : Starting a blocking GC Explicit
08-04 13:09:26.669 12398 15139 I art     : Explicit concurrent mark sweep GC freed 3(96B) AllocSpace objects, 0(0B) LOS objects, 27% free, 41MB/57MB, paused 1.615ms total 60.868ms
08-04 13:09:26.683 12398 15139 I art     : Starting a blocking GC Explicit
08-04 13:09:26.714 13866 13882 I PeriodicStatsRunner: PeriodicStatsRunner.call():175 call()
08-04 13:09:26.714 13866 13882 I PeriodicStatsRunner: PeriodicStatsRunner.call():179 No submit PeriodicStats since input started.
08-04 13:09:26.744 12398 15139 I art     : Explicit concurrent mark sweep GC freed 4(128B) AllocSpace objects, 0(0B) LOS objects, 27% free, 41MB/57MB, paused 1.630ms total 60.877ms
08-04 13:09:26.760 12398 15139 I art     : Starting a blocking GC Explicit
08-04 13:09:26.826 12398 15139 I art     : Explicit concurrent mark sweep GC freed 13(416B) AllocSpace objects, 0(0B) LOS objects, 27% free, 41MB/57MB, paused 1.870ms total 65.039ms
08-04 13:09:27.250 12398 15763 I art     : Starting a blocking GC Explicit
08-04 13:09:27.317 12398 15763 I art     : Explicit concurrent mark sweep GC freed 1464(83KB) AllocSpace objects, 1(20KB) LOS objects, 27% free, 41MB/57MB, paused 1.704ms total 67.157ms
08-04 13:09:27.333 12398 15763 I art     : Starting a blocking GC Explicit
08-04 13:09:27.401 12398 15763 I art     : Explicit concurrent mark sweep GC freed 22(784B) AllocSpace objects, 0(0B) LOS objects, 27% free, 41MB/57MB, paused 1.496ms total 67.791ms
08-04 13:09:27.416 12398 15763 I art     : Starting a blocking GC Explicit
08-04 13:09:27.484 12398 15763 I art     : Explicit concurrent mark sweep GC freed 3(96B) AllocSpace objects, 0(0B) LOS objects, 27% free, 41MB/57MB, paused 1.596ms total 67.959ms
08-04 13:09:27.500 12398 15763 I art     : Starting a blocking GC Explicit
08-04 13:09:27.567 12398 15763 I art     : Explicit concurrent mark sweep GC freed 3(96B) AllocSpace objects, 0(0B) LOS objects, 27% free, 41MB/57MB, paused 1.620ms total 66.693ms
08-04 13:09:27.582 12398 15763 I art     : Starting a blocking GC Explicit
08-04 13:09:27.651 12398 15763 I art     : Explicit concurrent mark sweep GC freed 3(96B) AllocSpace objects, 0(0B) LOS objects, 27% free, 41MB/57MB, paused 1.590ms total 68.537ms
08-04 13:09:28.076 12398 15987 I art     : Starting a blocking GC Explicit
08-04 13:09:28.146 12398 15987 I art     : Explicit concurrent mark sweep GC freed 1445(83KB) AllocSpace objects, 1(20KB) LOS objects, 27% free, 41MB/57MB, paused 1.653ms total 69.649ms
08-04 13:09:28.165 12398 15987 I art     : Starting a blocking GC Explicit
08-04 13:09:28.230 12398 15987 I art     : Explicit concurrent mark sweep GC freed 22(784B) AllocSpace objects, 0(0B) LOS objects, 27% free, 41MB/57MB, paused 1.624ms total 65.208ms
08-04 13:09:28.245 12398 15987 I art     : Starting a blocking GC Explicit
08-04 13:09:28.310 12398 15987 I art     : Explicit concurrent mark sweep GC freed 3(96B) AllocSpace objects, 0(0B) LOS objects, 27% free, 41MB/57MB, paused 1.640ms total 64.842ms
08-04 13:09:28.325 12398 15987 I art     : Starting a blocking GC Explicit
08-04 13:09:28.394 12398 15987 I art     : Explicit concurrent mark sweep GC freed 3(96B) AllocSpace objects, 0(0B) LOS objects, 27% free, 41MB/57MB, paused 1.623ms total 67.822ms
08-04 13:09:28.409 12398 15987 I art     : Starting a blocking GC Explicit
08-04 13:09:28.474 12398 15987 I art     : Explicit concurrent mark sweep GC freed 3(96B) AllocSpace objects, 0(0B) LOS objects, 27% free, 41MB/57MB, paused 1.670ms total 65.311ms
08-04 13:09:28.515 13866 13882 I PeriodicStatsRunner: PeriodicStatsRunner.call():175 call()
08-04 13:09:28.516 13866 13882 I PeriodicStatsRunner: PeriodicStatsRunner.call():179 No submit PeriodicStats since input started.
08-04 13:09:28.764 14234 14234 I Atfwd_Sendcmd: AtCmdFwd service not ready - Exhausted retry attempts - :6
08-04 13:09:28.765 14234 14234 I Atfwd_Daemon: result : -1 	 ,Init step :2 	 ,qmiErrorCode: 0
08-04 13:09:28.880 12398 12411 I art     : Starting a blocking GC Explicit
08-04 13:09:28.946 12398 12411 I art     : Explicit concurrent mark sweep GC freed 1446(83KB) AllocSpace objects, 1(20KB) LOS objects, 27% free, 41MB/57MB, paused 1.611ms total 65.987ms
08-04 13:09:28.961 12398 12411 I art     : Starting a blocking GC Explicit
08-04 13:09:29.028 12398 12411 I art     : Explicit concurrent mark sweep GC freed 22(784B) AllocSpace objects, 0(0B) LOS objects, 27% free, 41MB/57MB, paused 1.667ms total 66.326ms
08-04 13:09:29.045 12398 12411 I art     : Starting a blocking GC Explicit
08-04 13:09:29.110 12398 12411 I art     : Explicit concurrent mark sweep GC freed 167(8KB) AllocSpace objects, 0(0B) LOS objects, 27% free, 41MB/57MB, paused 1.620ms total 64.108ms
08-04 13:09:29.125 12398 12411 I art     : Starting a blocking GC Explicit
08-04 13:09:29.192 12398 12411 I art     : Explicit concurrent mark sweep GC freed 10(448B) AllocSpace objects, 0(0B) LOS objects, 27% free, 41MB/57MB, paused 1.603ms total 66.547ms
08-04 13:09:29.209 12398 12411 I art     : Starting a blocking GC Explicit
08-04 13:09:29.275 12398 12411 I art     : Explicit concurrent mark sweep GC freed 3(96B) AllocSpace objects, 0(0B) LOS objects, 27% free, 41MB/57MB, paused 1.661ms total 66.363ms
08-04 13:09:29.545 12398 17024 E baseline.com.newsblur.network.APIResponse: Error (unexpected end of stream on https://www.newsblur.com/...) calling https://www.newsblur.com/reader/mark_story_hashes_as_read/
08-04 13:09:29.545 12398 17024 E baseline.com.newsblur.network.APIResponse: java.io.IOException: unexpected end of stream on https://www.newsblur.com/...
08-04 13:09:29.545 12398 17024 E baseline.com.newsblur.network.APIResponse: 	at okhttp3.internal.http1.Http1ExchangeCodec.readResponseHeaders(Http1ExchangeCodec.java:236)
08-04 13:09:29.545 12398 17024 E baseline.com.newsblur.network.APIResponse: 	at okhttp3.internal.connection.Exchange.readResponseHeaders(Exchange.java:115)
08-04 13:09:29.545 12398 17024 E baseline.com.newsblur.network.APIResponse: 	at okhttp3.internal.http.CallServerInterceptor.intercept(CallServerInterceptor.java:94)
08-04 13:09:29.545 12398 17024 E baseline.com.newsblur.network.APIResponse: 	at okhttp3.internal.http.RealInterceptorChain.proceed(RealInterceptorChain.java:142)
08-04 13:09:29.545 12398 17024 E baseline.com.newsblur.network.APIResponse: 	at okhttp3.internal.connection.ConnectInterceptor.intercept(ConnectInterceptor.java:43)
08-04 13:09:29.545 12398 17024 E baseline.com.newsblur.network.APIResponse: 	at okhttp3.internal.http.RealInterceptorChain.proceed(RealInterceptorChain.java:142)
08-04 13:09:29.545 12398 17024 E baseline.com.newsblur.network.APIResponse: 	at okhttp3.internal.http.RealInterceptorChain.proceed(RealInterceptorChain.java:117)
08-04 13:09:29.545 12398 17024 E baseline.com.newsblur.network.APIResponse: 	at okhttp3.internal.cache.CacheInterceptor.intercept(CacheInterceptor.java:94)
08-04 13:09:29.545 12398 17024 E baseline.com.newsblur.network.APIResponse: 	at okhttp3.internal.http.RealInterceptorChain.proceed(RealInterceptorChain.java:142)
08-04 13:09:29.545 12398 17024 E baseline.com.newsblur.network.APIResponse: 	at okhttp3.internal.http.RealInterceptorChain.proceed(RealInterceptorChain.java:117)
08-04 13:09:29.545 12398 17024 E baseline.com.newsblur.network.APIResponse: 	at okhttp3.internal.http.BridgeInterceptor.intercept(BridgeInterceptor.java:93)
08-04 13:09:29.545 12398 17024 E baseline.com.newsblur.network.APIResponse: 	at okhttp3.internal.http.RealInterceptorChain.proceed(RealInterceptorChain.java:142)
08-04 13:09:29.545 12398 17024 E baseline.com.newsblur.network.APIResponse: 	at okhttp3.internal.http.RetryAndFollowUpInterceptor.intercept(RetryAndFollowUpInterceptor.java:88)
08-04 13:09:29.545 12398 17024 E baseline.com.newsblur.network.APIResponse: 	at okhttp3.internal.http.RealInterceptorChain.proceed(RealInterceptorChain.java:142)
08-04 13:09:29.545 12398 17024 E baseline.com.newsblur.network.APIResponse: 	at okhttp3.internal.http.RealInterceptorChain.proceed(RealInterceptorChain.java:117)
08-04 13:09:29.545 12398 17024 E baseline.com.newsblur.network.APIResponse: 	at okhttp3.RealCall.getResponseWithInterceptorChain(RealCall.java:229)
08-04 13:09:29.545 12398 17024 E baseline.com.newsblur.network.APIResponse: 	at okhttp3.RealCall.execute(RealCall.java:81)
08-04 13:09:29.545 12398 17024 E baseline.com.newsblur.network.APIResponse: 	at baseline.com.newsblur.network.APIResponse.<init>(APIResponse.java:57)
08-04 13:09:29.545 12398 17024 E baseline.com.newsblur.network.APIResponse: 	at baseline.com.newsblur.network.APIResponse.<init>(APIResponse.java:43)
08-04 13:09:29.545 12398 17024 E baseline.com.newsblur.network.APIResponse: 	at baseline.com.newsblur.network.APIManager.post_single(APIManager.java:702)
08-04 13:09:29.545 12398 17024 E baseline.com.newsblur.network.APIResponse: 	at baseline.com.newsblur.network.APIManager.post(APIManager.java:675)
08-04 13:09:29.545 12398 17024 E baseline.com.newsblur.network.APIResponse: 	at baseline.com.newsblur.network.APIManager.post(APIManager.java:714)
08-04 13:09:29.545 12398 17024 E baseline.com.newsblur.network.APIResponse: 	at baseline.com.newsblur.network.APIManager.markStoryAsRead(APIManager.java:205)
08-04 13:09:29.545 12398 17024 E baseline.com.newsblur.network.APIResponse: 	at baseline.com.newsblur.util.ReadingAction.doRemote(ReadingAction.java:281)
08-04 13:09:29.545 12398 17024 E baseline.com.newsblur.network.APIResponse: 	at baseline.com.newsblur.service.NBSyncService.syncActions(NBSyncService.java:400)
08-04 13:09:29.545 12398 17024 E baseline.com.newsblur.network.APIResponse: 	at baseline.com.newsblur.service.NBSyncService.doSync(NBSyncService.java:298)
08-04 13:09:29.545 12398 17024 E baseline.com.newsblur.network.APIResponse: 	at baseline.com.newsblur.service.NBSyncService.access$100(NBSyncService.java:67)
08-04 13:09:29.545 12398 17024 E baseline.com.newsblur.network.APIResponse: 	at baseline.com.newsblur.service.NBSyncService$1.run(NBSyncService.java:188)
08-04 13:09:29.545 12398 17024 E baseline.com.newsblur.network.APIResponse: 	at java.util.concurrent.ThreadPoolExecutor.runWorker(ThreadPoolExecutor.java:1113)
08-04 13:09:29.545 12398 17024 E baseline.com.newsblur.network.APIResponse: 	at java.util.concurrent.ThreadPoolExecutor$Worker.run(ThreadPoolExecutor.java:588)
08-04 13:09:29.545 12398 17024 E baseline.com.newsblur.network.APIResponse: 	at java.lang.Thread.run(Thread.java:818)
08-04 13:09:29.545 12398 17024 E baseline.com.newsblur.network.APIResponse: Caused by: java.io.EOFException: \n not found: limit=0 content=
08-04 13:09:29.545 12398 17024 E baseline.com.newsblur.network.APIResponse: 	at okio.RealBufferedSource.readUtf8LineStrict(RealBufferedSource.java:240)
08-04 13:09:29.545 12398 17024 E baseline.com.newsblur.network.APIResponse: 	at okhttp3.internal.http1.Http1ExchangeCodec.readHeaderLine(Http1ExchangeCodec.java:242)
08-04 13:09:29.545 12398 17024 E baseline.com.newsblur.network.APIResponse: 	at okhttp3.internal.http1.Http1ExchangeCodec.readResponseHeaders(Http1ExchangeCodec.java:213)
08-04 13:09:29.545 12398 17024 E baseline.com.newsblur.network.APIResponse: 	... 30 more
08-04 13:09:29.547 12398 17024 I baseline.com.newsblur.service.NBSyncService: Holding reading action with server-side or network error.
08-04 13:09:29.556 12398 17024 W baseline.com.newsblur.service.NBSyncService: hard API failure
08-04 13:09:29.683 12398 15139 I art     : Starting a blocking GC Explicit
08-04 13:09:29.756 12398 15139 I art     : Explicit concurrent mark sweep GC freed 4352(407KB) AllocSpace objects, 5(100KB) LOS objects, 27% free, 41MB/57MB, paused 1.666ms total 72.007ms
08-04 13:09:29.774 12398 15139 I art     : Starting a blocking GC Explicit
08-04 13:09:29.838 12398 15139 I art     : Explicit concurrent mark sweep GC freed 129(4KB) AllocSpace objects, 0(0B) LOS objects, 27% free, 41MB/57MB, paused 1.758ms total 63.808ms
08-04 13:09:29.853 12398 15139 I art     : Starting a blocking GC Explicit
08-04 13:09:29.919 12398 15139 I art     : Explicit concurrent mark sweep GC freed 600(24KB) AllocSpace objects, 0(0B) LOS objects, 27% free, 41MB/57MB, paused 1.842ms total 66.257ms
08-04 13:09:29.934 12398 15139 I art     : Starting a blocking GC Explicit
08-04 13:09:29.974 12398 17024 E baseline.com.newsblur.network.APIResponse: Error (unexpected end of stream on https://www.newsblur.com/...) calling https://www.newsblur.com/reader/mark_story_hashes_as_read/
08-04 13:09:29.974 12398 17024 E baseline.com.newsblur.network.APIResponse: java.io.IOException: unexpected end of stream on https://www.newsblur.com/...
08-04 13:09:29.974 12398 17024 E baseline.com.newsblur.network.APIResponse: 	at okhttp3.internal.http1.Http1ExchangeCodec.readResponseHeaders(Http1ExchangeCodec.java:236)
08-04 13:09:29.974 12398 17024 E baseline.com.newsblur.network.APIResponse: 	at okhttp3.internal.connection.Exchange.readResponseHeaders(Exchange.java:115)
08-04 13:09:29.974 12398 17024 E baseline.com.newsblur.network.APIResponse: 	at okhttp3.internal.http.CallServerInterceptor.intercept(CallServerInterceptor.java:94)
08-04 13:09:29.974 12398 17024 E baseline.com.newsblur.network.APIResponse: 	at okhttp3.internal.http.RealInterceptorChain.proceed(RealInterceptorChain.java:142)
08-04 13:09:29.974 12398 17024 E baseline.com.newsblur.network.APIResponse: 	at okhttp3.internal.connection.ConnectInterceptor.intercept(ConnectInterceptor.java:43)
08-04 13:09:29.974 12398 17024 E baseline.com.newsblur.network.APIResponse: 	at okhttp3.internal.http.RealInterceptorChain.proceed(RealInterceptorChain.java:142)
08-04 13:09:29.974 12398 17024 E baseline.com.newsblur.network.APIResponse: 	at okhttp3.internal.http.RealInterceptorChain.proceed(RealInterceptorChain.java:117)
08-04 13:09:29.974 12398 17024 E baseline.com.newsblur.network.APIResponse: 	at okhttp3.internal.cache.CacheInterceptor.intercept(CacheInterceptor.java:94)
08-04 13:09:29.974 12398 17024 E baseline.com.newsblur.network.APIResponse: 	at okhttp3.internal.http.RealInterceptorChain.proceed(RealInterceptorChain.java:142)
08-04 13:09:29.974 12398 17024 E baseline.com.newsblur.network.APIResponse: 	at okhttp3.internal.http.RealInterceptorChain.proceed(RealInterceptorChain.java:117)
08-04 13:09:29.974 12398 17024 E baseline.com.newsblur.network.APIResponse: 	at okhttp3.internal.http.BridgeInterceptor.intercept(BridgeInterceptor.java:93)
08-04 13:09:29.974 12398 17024 E baseline.com.newsblur.network.APIResponse: 	at okhttp3.internal.http.RealInterceptorChain.proceed(RealInterceptorChain.java:142)
08-04 13:09:29.974 12398 17024 E baseline.com.newsblur.network.APIResponse: 	at okhttp3.internal.http.RetryAndFollowUpInterceptor.intercept(RetryAndFollowUpInterceptor.java:88)
08-04 13:09:29.974 12398 17024 E baseline.com.newsblur.network.APIResponse: 	at okhttp3.internal.http.RealInterceptorChain.proceed(RealInterceptorChain.java:142)
08-04 13:09:29.974 12398 17024 E baseline.com.newsblur.network.APIResponse: 	at okhttp3.internal.http.RealInterceptorChain.proceed(RealInterceptorChain.java:117)
08-04 13:09:29.974 12398 17024 E baseline.com.newsblur.network.APIResponse: 	at okhttp3.RealCall.getResponseWithInterceptorChain(RealCall.java:229)
08-04 13:09:29.974 12398 17024 E baseline.com.newsblur.network.APIResponse: 	at okhttp3.RealCall.execute(RealCall.java:81)
08-04 13:09:29.974 12398 17024 E baseline.com.newsblur.network.APIResponse: 	at baseline.com.newsblur.network.APIResponse.<init>(APIResponse.java:57)
08-04 13:09:29.974 12398 17024 E baseline.com.newsblur.network.APIResponse: 	at baseline.com.newsblur.network.APIResponse.<init>(APIResponse.java:43)
08-04 13:09:29.974 12398 17024 E baseline.com.newsblur.network.APIResponse: 	at baseline.com.newsblur.network.APIManager.post_single(APIManager.java:702)
08-04 13:09:29.974 12398 17024 E baseline.com.newsblur.network.APIResponse: 	at baseline.com.newsblur.network.APIManager.post(APIManager.java:675)
08-04 13:09:29.974 12398 17024 E baseline.com.newsblur.network.APIResponse: 	at baseline.com.newsblur.network.APIManager.post(APIManager.java:714)
08-04 13:09:29.974 12398 17024 E baseline.com.newsblur.network.APIResponse: 	at baseline.com.newsblur.network.APIManager.markStoryAsRead(APIManager.java:205)
08-04 13:09:29.974 12398 17024 E baseline.com.newsblur.network.APIResponse: 	at baseline.com.newsblur.util.ReadingAction.doRemote(ReadingAction.java:281)
08-04 13:09:29.974 12398 17024 E baseline.com.newsblur.network.APIResponse: 	at baseline.com.newsblur.service.NBSyncService.syncActions(NBSyncService.java:400)
08-04 13:09:29.974 12398 17024 E baseline.com.newsblur.network.APIResponse: 	at baseline.com.newsblur.service.NBSyncService.doSync(NBSyncService.java:298)
08-04 13:09:29.974 12398 17024 E baseline.com.newsblur.network.APIResponse: 	at baseline.com.newsblur.service.NBSyncService.access$100(NBSyncService.java:67)
08-04 13:09:29.974 12398 17024 E baseline.com.newsblur.network.APIResponse: 	at baseline.com.newsblur.service.NBSyncService$1.run(NBSyncService.java:188)
08-04 13:09:29.974 12398 17024 E baseline.com.newsblur.network.APIResponse: 	at java.util.concurrent.ThreadPoolExecutor.runWorker(ThreadPoolExecutor.java:1113)
08-04 13:09:29.974 12398 17024 E baseline.com.newsblur.network.APIResponse: 	at java.util.concurrent.ThreadPoolExecutor$Worker.run(ThreadPoolExecutor.java:588)
08-04 13:09:29.974 12398 17024 E baseline.com.newsblur.network.APIResponse: 	at java.lang.Thread.run(Thread.java:818)
08-04 13:09:29.974 12398 17024 E baseline.com.newsblur.network.APIResponse: Caused by: java.io.EOFException: \n not found: limit=0 content=
08-04 13:09:29.974 12398 17024 E baseline.com.newsblur.network.APIResponse: 	at okio.RealBufferedSource.readUtf8LineStrict(RealBufferedSource.java:240)
08-04 13:09:29.974 12398 17024 E baseline.com.newsblur.network.APIResponse: 	at okhttp3.internal.http1.Http1ExchangeCodec.readHeaderLine(Http1ExchangeCodec.java:242)
08-04 13:09:29.974 12398 17024 E baseline.com.newsblur.network.APIResponse: 	at okhttp3.internal.http1.Http1ExchangeCodec.readResponseHeaders(Http1ExchangeCodec.java:213)
08-04 13:09:29.974 12398 17024 E baseline.com.newsblur.network.APIResponse: 	... 30 more
08-04 13:09:29.976 12398 17024 I baseline.com.newsblur.network.APIManager: API call failed, pausing before retry number 1
08-04 13:09:29.995 12398 15139 I art     : Explicit concurrent mark sweep GC freed 1850(235KB) AllocSpace objects, 2(40KB) LOS objects, 27% free, 41MB/57MB, paused 1.519ms total 61.041ms
08-04 13:09:30.010 12398 15139 I art     : Starting a blocking GC Explicit
08-04 13:09:30.075 12398 15139 I art     : Explicit concurrent mark sweep GC freed 131(16KB) AllocSpace objects, 0(0B) LOS objects, 27% free, 41MB/57MB, paused 1.649ms total 64.886ms
08-04 13:09:30.075 12398 12410 I art     : WaitForGcToComplete blocked for 26.092ms for cause HeapTrim
08-04 13:09:30.101   518   646 I ThermalEngine: ACTION: GPU - Setting GPU[0] to 510000000
08-04 13:09:30.446 12398 12414 I art     : Starting a blocking GC Explicit
08-04 13:09:30.500 12398 12414 I art     : Explicit concurrent mark sweep GC freed 1467(85KB) AllocSpace objects, 1(20KB) LOS objects, 27% free, 41MB/57MB, paused 1.259ms total 53.656ms
08-04 13:09:30.516 12398 12414 I art     : Starting a blocking GC Explicit
08-04 13:09:30.562 12398 12414 I art     : Explicit concurrent mark sweep GC freed 22(800B) AllocSpace objects, 0(0B) LOS objects, 27% free, 41MB/57MB, paused 1.177ms total 46.549ms
08-04 13:09:30.574 12398 12414 I art     : Starting a blocking GC Explicit
08-04 13:09:30.590 13866 13882 I PeriodicStatsRunner: PeriodicStatsRunner.call():175 call()
08-04 13:09:30.590 13866 13882 I PeriodicStatsRunner: PeriodicStatsRunner.call():179 No submit PeriodicStats since input started.
08-04 13:09:30.623 12398 12414 I art     : Explicit concurrent mark sweep GC freed 3(96B) AllocSpace objects, 0(0B) LOS objects, 27% free, 41MB/57MB, paused 1.200ms total 48.926ms
08-04 13:09:30.634 12398 12414 I art     : Starting a blocking GC Explicit
08-04 13:09:30.683 12398 12414 I art     : Explicit concurrent mark sweep GC freed 3(96B) AllocSpace objects, 0(0B) LOS objects, 27% free, 41MB/57MB, paused 1.162ms total 48.236ms
08-04 13:09:30.694 12398 12414 I art     : Starting a blocking GC Explicit
08-04 13:09:30.745 12398 12414 I art     : Explicit concurrent mark sweep GC freed 3(96B) AllocSpace objects, 0(0B) LOS objects, 27% free, 41MB/57MB, paused 1.211ms total 50.495ms
08-04 13:09:31.112 12398 15763 I art     : Starting a blocking GC Explicit
08-04 13:09:31.163 12398 15763 I art     : Explicit concurrent mark sweep GC freed 1442(83KB) AllocSpace objects, 1(20KB) LOS objects, 27% free, 41MB/57MB, paused 1.148ms total 50.749ms
08-04 13:09:31.175 12398 15763 I art     : Starting a blocking GC Explicit
08-04 13:09:31.225 12398 15763 I art     : Explicit concurrent mark sweep GC freed 22(784B) AllocSpace objects, 0(0B) LOS objects, 27% free, 41MB/57MB, paused 1.182ms total 50.005ms
08-04 13:09:31.237 12398 15763 I art     : Starting a blocking GC Explicit
08-04 13:09:31.286 12398 15763 I art     : Explicit concurrent mark sweep GC freed 3(96B) AllocSpace objects, 0(0B) LOS objects, 27% free, 41MB/57MB, paused 1.146ms total 49.737ms
08-04 13:09:31.298 12398 15763 I art     : Starting a blocking GC Explicit
08-04 13:09:31.350 12398 15763 I art     : Explicit concurrent mark sweep GC freed 3(96B) AllocSpace objects, 0(0B) LOS objects, 27% free, 41MB/57MB, paused 1.242ms total 50.900ms
08-04 13:09:31.361 12398 15763 I art     : Starting a blocking GC Explicit
08-04 13:09:31.411 12398 15763 I art     : Explicit concurrent mark sweep GC freed 3(96B) AllocSpace objects, 0(0B) LOS objects, 27% free, 41MB/57MB, paused 1.149ms total 49.450ms
08-04 13:09:31.565   918  3188 I hubconnection: sensorhub said: 'set_bias 3: -5.3664, 0.0000, 0.0000'
08-04 13:09:31.791 12398 15987 I art     : Starting a blocking GC Explicit
08-04 13:09:31.843 12398 15987 I art     : Explicit concurrent mark sweep GC freed 1606(91KB) AllocSpace objects, 1(20KB) LOS objects, 27% free, 41MB/57MB, paused 1.248ms total 51.861ms
08-04 13:09:31.855 12398 15987 I art     : Starting a blocking GC Explicit
08-04 13:09:31.905 12398 15987 I art     : Explicit concurrent mark sweep GC freed 28(1040B) AllocSpace objects, 0(0B) LOS objects, 27% free, 41MB/57MB, paused 1.220ms total 49.775ms
08-04 13:09:31.916 12398 15987 I art     : Starting a blocking GC Explicit
08-04 13:09:31.968 12398 15987 I art     : Explicit concurrent mark sweep GC freed 337(15KB) AllocSpace objects, 0(0B) LOS objects, 27% free, 41MB/57MB, paused 1.306ms total 50.878ms
08-04 13:09:31.980 12398 15987 I art     : Starting a blocking GC Explicit
08-04 13:09:32.023 12398 17024 E baseline.com.newsblur.network.APIResponse: Error (unexpected end of stream on https://www.newsblur.com/...) calling https://www.newsblur.com/reader/mark_story_hashes_as_read/
08-04 13:09:32.023 12398 17024 E baseline.com.newsblur.network.APIResponse: java.io.IOException: unexpected end of stream on https://www.newsblur.com/...
08-04 13:09:32.023 12398 17024 E baseline.com.newsblur.network.APIResponse: 	at okhttp3.internal.http1.Http1ExchangeCodec.readResponseHeaders(Http1ExchangeCodec.java:236)
08-04 13:09:32.023 12398 17024 E baseline.com.newsblur.network.APIResponse: 	at okhttp3.internal.connection.Exchange.readResponseHeaders(Exchange.java:115)
08-04 13:09:32.023 12398 17024 E baseline.com.newsblur.network.APIResponse: 	at okhttp3.internal.http.CallServerInterceptor.intercept(CallServerInterceptor.java:94)
08-04 13:09:32.023 12398 17024 E baseline.com.newsblur.network.APIResponse: 	at okhttp3.internal.http.RealInterceptorChain.proceed(RealInterceptorChain.java:142)
08-04 13:09:32.023 12398 17024 E baseline.com.newsblur.network.APIResponse: 	at okhttp3.internal.connection.ConnectInterceptor.intercept(ConnectInterceptor.java:43)
08-04 13:09:32.023 12398 17024 E baseline.com.newsblur.network.APIResponse: 	at okhttp3.internal.http.RealInterceptorChain.proceed(RealInterceptorChain.java:142)
08-04 13:09:32.023 12398 17024 E baseline.com.newsblur.network.APIResponse: 	at okhttp3.internal.http.RealInterceptorChain.proceed(RealInterceptorChain.java:117)
08-04 13:09:32.023 12398 17024 E baseline.com.newsblur.network.APIResponse: 	at okhttp3.internal.cache.CacheInterceptor.intercept(CacheInterceptor.java:94)
08-04 13:09:32.023 12398 17024 E baseline.com.newsblur.network.APIResponse: 	at okhttp3.internal.http.RealInterceptorChain.proceed(RealInterceptorChain.java:142)
08-04 13:09:32.023 12398 17024 E baseline.com.newsblur.network.APIResponse: 	at okhttp3.internal.http.RealInterceptorChain.proceed(RealInterceptorChain.java:117)
08-04 13:09:32.023 12398 17024 E baseline.com.newsblur.network.APIResponse: 	at okhttp3.internal.http.BridgeInterceptor.intercept(BridgeInterceptor.java:93)
08-04 13:09:32.023 12398 17024 E baseline.com.newsblur.network.APIResponse: 	at okhttp3.internal.http.RealInterceptorChain.proceed(RealInterceptorChain.java:142)
08-04 13:09:32.023 12398 17024 E baseline.com.newsblur.network.APIResponse: 	at okhttp3.internal.http.RetryAndFollowUpInterceptor.intercept(RetryAndFollowUpInterceptor.java:88)
08-04 13:09:32.023 12398 17024 E baseline.com.newsblur.network.APIResponse: 	at okhttp3.internal.http.RealInterceptorChain.proceed(RealInterceptorChain.java:142)
08-04 13:09:32.023 12398 17024 E baseline.com.newsblur.network.APIResponse: 	at okhttp3.internal.http.RealInterceptorChain.proceed(RealInterceptorChain.java:117)
08-04 13:09:32.023 12398 17024 E baseline.com.newsblur.network.APIResponse: 	at okhttp3.RealCall.getResponseWithInterceptorChain(RealCall.java:229)
08-04 13:09:32.023 12398 17024 E baseline.com.newsblur.network.APIResponse: 	at okhttp3.RealCall.execute(RealCall.java:81)
08-04 13:09:32.023 12398 17024 E baseline.com.newsblur.network.APIResponse: 	at baseline.com.newsblur.network.APIResponse.<init>(APIResponse.java:57)
08-04 13:09:32.023 12398 17024 E baseline.com.newsblur.network.APIResponse: 	at baseline.com.newsblur.network.APIResponse.<init>(APIResponse.java:43)
08-04 13:09:32.023 12398 17024 E baseline.com.newsblur.network.APIResponse: 	at baseline.com.newsblur.network.APIManager.post_single(APIManager.java:702)
08-04 13:09:32.023 12398 17024 E baseline.com.newsblur.network.APIResponse: 	at baseline.com.newsblur.network.APIManager.post(APIManager.java:675)
08-04 13:09:32.023 12398 17024 E baseline.com.newsblur.network.APIResponse: 	at baseline.com.newsblur.network.APIManager.post(APIManager.java:714)
08-04 13:09:32.023 12398 17024 E baseline.com.newsblur.network.APIResponse: 	at baseline.com.newsblur.network.APIManager.markStoryAsRead(APIManager.java:205)
08-04 13:09:32.023 12398 17024 E baseline.com.newsblur.network.APIResponse: 	at baseline.com.newsblur.util.ReadingAction.doRemote(ReadingAction.java:281)
08-04 13:09:32.023 12398 17024 E baseline.com.newsblur.network.APIResponse: 	at baseline.com.newsblur.service.NBSyncService.syncActions(NBSyncService.java:400)
08-04 13:09:32.023 12398 17024 E baseline.com.newsblur.network.APIResponse: 	at baseline.com.newsblur.service.NBSyncService.doSync(NBSyncService.java:298)
08-04 13:09:32.023 12398 17024 E baseline.com.newsblur.network.APIResponse: 	at baseline.com.newsblur.service.NBSyncService.access$100(NBSyncService.java:67)
08-04 13:09:32.023 12398 17024 E baseline.com.newsblur.network.APIResponse: 	at baseline.com.newsblur.service.NBSyncService$1.run(NBSyncService.java:188)
08-04 13:09:32.023 12398 17024 E baseline.com.newsblur.network.APIResponse: 	at java.util.concurrent.ThreadPoolExecutor.runWorker(ThreadPoolExecutor.java:1113)
08-04 13:09:32.023 12398 17024 E baseline.com.newsblur.network.APIResponse: 	at java.util.concurrent.ThreadPoolExecutor$Worker.run(ThreadPoolExecutor.java:588)
08-04 13:09:32.023 12398 17024 E baseline.com.newsblur.network.APIResponse: 	at java.lang.Thread.run(Thread.java:818)
08-04 13:09:32.023 12398 17024 E baseline.com.newsblur.network.APIResponse: Caused by: java.io.EOFException: \n not found: limit=0 content=
08-04 13:09:32.023 12398 17024 E baseline.com.newsblur.network.APIResponse: 	at okio.RealBufferedSource.readUtf8LineStrict(RealBufferedSource.java:240)
08-04 13:09:32.023 12398 17024 E baseline.com.newsblur.network.APIResponse: 	at okhttp3.internal.http1.Http1ExchangeCodec.readHeaderLine(Http1ExchangeCodec.java:242)
08-04 13:09:32.023 12398 17024 E baseline.com.newsblur.network.APIResponse: 	at okhttp3.internal.http1.Http1ExchangeCodec.readResponseHeaders(Http1ExchangeCodec.java:213)
08-04 13:09:32.023 12398 17024 E baseline.com.newsblur.network.APIResponse: 	... 30 more
08-04 13:09:32.025 12398 17024 I baseline.com.newsblur.network.APIManager: API call failed, pausing before retry number 2
08-04 13:09:32.030 12398 15987 I art     : Explicit concurrent mark sweep GC freed 1802(186KB) AllocSpace objects, 1(20KB) LOS objects, 27% free, 42MB/58MB, paused 1.258ms total 50.222ms
08-04 13:09:32.041 12398 15987 I art     : Starting a blocking GC Explicit
08-04 13:09:32.090 12398 15987 I art     : Explicit concurrent mark sweep GC freed 429(74KB) AllocSpace objects, 1(20KB) LOS objects, 27% free, 41MB/57MB, paused 1.186ms total 48.336ms
08-04 13:09:32.459 12398 12411 I art     : Starting a blocking GC Explicit
08-04 13:09:32.509 12398 12411 I art     : Explicit concurrent mark sweep GC freed 1477(84KB) AllocSpace objects, 1(20KB) LOS objects, 27% free, 41MB/57MB, paused 1.245ms total 49.877ms
08-04 13:09:32.521 12398 12411 I art     : Starting a blocking GC Explicit
08-04 13:09:32.570 12398 12411 I art     : Explicit concurrent mark sweep GC freed 22(784B) AllocSpace objects, 0(0B) LOS objects, 27% free, 41MB/57MB, paused 1.243ms total 48.841ms
08-04 13:09:32.582 12398 12411 I art     : Starting a blocking GC Explicit
08-04 13:09:32.633 12398 12411 I art     : Explicit concurrent mark sweep GC freed 3(96B) AllocSpace objects, 0(0B) LOS objects, 27% free, 41MB/57MB, paused 1.216ms total 50.713ms
08-04 13:09:32.644 12398 12411 I art     : Starting a blocking GC Explicit
08-04 13:09:32.694 12398 12411 I art     : Explicit concurrent mark sweep GC freed 3(96B) AllocSpace objects, 0(0B) LOS objects, 27% free, 41MB/57MB, paused 1.217ms total 49.103ms
08-04 13:09:32.706 12398 12411 I art     : Starting a blocking GC Explicit
08-04 13:09:32.757 12398 12411 I art     : Explicit concurrent mark sweep GC freed 3(96B) AllocSpace objects, 0(0B) LOS objects, 27% free, 41MB/57MB, paused 1.202ms total 51.082ms
08-04 13:09:33.161 12398 15139 I art     : Starting a blocking GC Explicit
08-04 13:09:33.213 12398 15139 I art     : Explicit concurrent mark sweep GC freed 1441(82KB) AllocSpace objects, 1(20KB) LOS objects, 27% free, 41MB/57MB, paused 1.203ms total 51.321ms
08-04 13:09:33.224 12398 15139 I art     : Starting a blocking GC Explicit
08-04 13:09:33.276 12398 15139 I art     : Explicit concurrent mark sweep GC freed 22(784B) AllocSpace objects, 0(0B) LOS objects, 27% free, 41MB/57MB, paused 1.238ms total 51.696ms
08-04 13:09:33.288 12398 15139 I art     : Starting a blocking GC Explicit
08-04 13:09:33.337 12398 15139 I art     : Explicit concurrent mark sweep GC freed 3(96B) AllocSpace objects, 0(0B) LOS objects, 27% free, 41MB/57MB, paused 1.218ms total 48.689ms
08-04 13:09:33.349 12398 15139 I art     : Starting a blocking GC Explicit
08-04 13:09:33.399 12398 15139 I art     : Explicit concurrent mark sweep GC freed 3(96B) AllocSpace objects, 0(0B) LOS objects, 27% free, 41MB/57MB, paused 1.237ms total 50.551ms
08-04 13:09:33.411 12398 15139 I art     : Starting a blocking GC Explicit
08-04 13:09:33.460 12398 15139 I art     : Explicit concurrent mark sweep GC freed 3(96B) AllocSpace objects, 0(0B) LOS objects, 27% free, 41MB/57MB, paused 1.176ms total 48.200ms
08-04 13:09:33.852 12398 12414 I art     : Starting a blocking GC Explicit
08-04 13:09:33.904 12398 12414 I art     : Explicit concurrent mark sweep GC freed 1441(82KB) AllocSpace objects, 1(20KB) LOS objects, 27% free, 41MB/57MB, paused 1.137ms total 51.937ms
08-04 13:09:33.919 12398 12414 I art     : Starting a blocking GC Explicit
08-04 13:09:33.968 12398 12414 I art     : Explicit concurrent mark sweep GC freed 22(784B) AllocSpace objects, 0(0B) LOS objects, 27% free, 41MB/57MB, paused 1.209ms total 48.522ms
08-04 13:09:33.979 12398 12414 I art     : Starting a blocking GC Explicit
08-04 13:09:34.028 12398 12414 I art     : Explicit concurrent mark sweep GC freed 3(96B) AllocSpace objects, 0(0B) LOS objects, 27% free, 41MB/57MB, paused 1.210ms total 48.525ms
08-04 13:09:34.040 12398 12414 I art     : Starting a blocking GC Explicit
08-04 13:09:34.088 12398 12414 I art     : Explicit concurrent mark sweep GC freed 3(96B) AllocSpace objects, 0(0B) LOS objects, 27% free, 41MB/57MB, paused 1.196ms total 48.632ms
08-04 13:09:34.100 12398 12414 I art     : Starting a blocking GC Explicit
08-04 13:09:34.149 12398 12414 I art     : Explicit concurrent mark sweep GC freed 3(96B) AllocSpace objects, 0(0B) LOS objects, 27% free, 41MB/57MB, paused 1.247ms total 48.850ms
08-04 13:09:34.536 12398 15763 I art     : Starting a blocking GC Explicit
08-04 13:09:34.586 12398 15763 I art     : Explicit concurrent mark sweep GC freed 1442(82KB) AllocSpace objects, 1(20KB) LOS objects, 27% free, 41MB/57MB, paused 1.136ms total 50.156ms
08-04 13:09:34.597 12398 15763 I art     : Starting a blocking GC Explicit
08-04 13:09:34.646 12398 15763 I art     : Explicit concurrent mark sweep GC freed 22(784B) AllocSpace objects, 0(0B) LOS objects, 27% free, 41MB/57MB, paused 1.188ms total 47.971ms
08-04 13:09:34.658 12398 15763 I art     : Starting a blocking GC Explicit
08-04 13:09:34.707 12398 15763 I art     : Explicit concurrent mark sweep GC freed 3(96B) AllocSpace objects, 0(0B) LOS objects, 27% free, 41MB/57MB, paused 1.187ms total 48.764ms
08-04 13:09:34.718 12398 15763 I art     : Starting a blocking GC Explicit
08-04 13:09:34.769 12398 15763 I art     : Explicit concurrent mark sweep GC freed 3(96B) AllocSpace objects, 0(0B) LOS objects, 27% free, 41MB/57MB, paused 1.136ms total 50.113ms
08-04 13:09:34.780 12398 15763 I art     : Starting a blocking GC Explicit
08-04 13:09:34.830 12398 15763 I art     : Explicit concurrent mark sweep GC freed 3(96B) AllocSpace objects, 0(0B) LOS objects, 27% free, 41MB/57MB, paused 1.218ms total 49.532ms
08-04 13:09:35.218 12398 15987 I art     : Starting a blocking GC Explicit
08-04 13:09:35.270 12398 15987 I art     : Explicit concurrent mark sweep GC freed 1606(91KB) AllocSpace objects, 1(20KB) LOS objects, 27% free, 41MB/57MB, paused 1.222ms total 51.902ms
08-04 13:09:35.282 12398 15987 I art     : Starting a blocking GC Explicit
08-04 13:09:35.333 12398 15987 I art     : Explicit concurrent mark sweep GC freed 28(1040B) AllocSpace objects, 0(0B) LOS objects, 27% free, 41MB/57MB, paused 1.263ms total 51.016ms
08-04 13:09:35.345 12398 15987 I art     : Starting a blocking GC Explicit
08-04 13:09:35.397 12398 15987 I art     : Explicit concurrent mark sweep GC freed 3(96B) AllocSpace objects, 0(0B) LOS objects, 27% free, 41MB/57MB, paused 1.164ms total 52.083ms
08-04 13:09:35.409 12398 15987 I art     : Starting a blocking GC Explicit
08-04 13:09:35.460 12398 15987 I art     : Explicit concurrent mark sweep GC freed 3(96B) AllocSpace objects, 0(0B) LOS objects, 27% free, 41MB/57MB, paused 1.240ms total 50.207ms
08-04 13:09:35.472 12398 15987 I art     : Starting a blocking GC Explicit
08-04 13:09:35.521 12398 15987 I art     : Explicit concurrent mark sweep GC freed 3(96B) AllocSpace objects, 0(0B) LOS objects, 27% free, 41MB/57MB, paused 1.169ms total 49.035ms
08-04 13:09:35.521 12398 12410 I art     : WaitForGcToComplete blocked for 20.595ms for cause HeapTrim
08-04 13:09:35.583 12398 17024 E baseline.com.newsblur.network.APIResponse: Error (unexpected end of stream on https://www.newsblur.com/...) calling https://www.newsblur.com/reader/mark_story_hashes_as_read/
08-04 13:09:35.583 12398 17024 E baseline.com.newsblur.network.APIResponse: java.io.IOException: unexpected end of stream on https://www.newsblur.com/...
08-04 13:09:35.583 12398 17024 E baseline.com.newsblur.network.APIResponse: 	at okhttp3.internal.http1.Http1ExchangeCodec.readResponseHeaders(Http1ExchangeCodec.java:236)
08-04 13:09:35.583 12398 17024 E baseline.com.newsblur.network.APIResponse: 	at okhttp3.internal.connection.Exchange.readResponseHeaders(Exchange.java:115)
08-04 13:09:35.583 12398 17024 E baseline.com.newsblur.network.APIResponse: 	at okhttp3.internal.http.CallServerInterceptor.intercept(CallServerInterceptor.java:94)
08-04 13:09:35.583 12398 17024 E baseline.com.newsblur.network.APIResponse: 	at okhttp3.internal.http.RealInterceptorChain.proceed(RealInterceptorChain.java:142)
08-04 13:09:35.583 12398 17024 E baseline.com.newsblur.network.APIResponse: 	at okhttp3.internal.connection.ConnectInterceptor.intercept(ConnectInterceptor.java:43)
08-04 13:09:35.583 12398 17024 E baseline.com.newsblur.network.APIResponse: 	at okhttp3.internal.http.RealInterceptorChain.proceed(RealInterceptorChain.java:142)
08-04 13:09:35.583 12398 17024 E baseline.com.newsblur.network.APIResponse: 	at okhttp3.internal.http.RealInterceptorChain.proceed(RealInterceptorChain.java:117)
08-04 13:09:35.583 12398 17024 E baseline.com.newsblur.network.APIResponse: 	at okhttp3.internal.cache.CacheInterceptor.intercept(CacheInterceptor.java:94)
08-04 13:09:35.583 12398 17024 E baseline.com.newsblur.network.APIResponse: 	at okhttp3.internal.http.RealInterceptorChain.proceed(RealInterceptorChain.java:142)
08-04 13:09:35.583 12398 17024 E baseline.com.newsblur.network.APIResponse: 	at okhttp3.internal.http.RealInterceptorChain.proceed(RealInterceptorChain.java:117)
08-04 13:09:35.583 12398 17024 E baseline.com.newsblur.network.APIResponse: 	at okhttp3.internal.http.BridgeInterceptor.intercept(BridgeInterceptor.java:93)
08-04 13:09:35.583 12398 17024 E baseline.com.newsblur.network.APIResponse: 	at okhttp3.internal.http.RealInterceptorChain.proceed(RealInterceptorChain.java:142)
08-04 13:09:35.583 12398 17024 E baseline.com.newsblur.network.APIResponse: 	at okhttp3.internal.http.RetryAndFollowUpInterceptor.intercept(RetryAndFollowUpInterceptor.java:88)
08-04 13:09:35.583 12398 17024 E baseline.com.newsblur.network.APIResponse: 	at okhttp3.internal.http.RealInterceptorChain.proceed(RealInterceptorChain.java:142)
08-04 13:09:35.583 12398 17024 E baseline.com.newsblur.network.APIResponse: 	at okhttp3.internal.http.RealInterceptorChain.proceed(RealInterceptorChain.java:117)
08-04 13:09:35.583 12398 17024 E baseline.com.newsblur.network.APIResponse: 	at okhttp3.RealCall.getResponseWithInterceptorChain(RealCall.java:229)
08-04 13:09:35.583 12398 17024 E baseline.com.newsblur.network.APIResponse: 	at okhttp3.RealCall.execute(RealCall.java:81)
08-04 13:09:35.583 12398 17024 E baseline.com.newsblur.network.APIResponse: 	at baseline.com.newsblur.network.APIResponse.<init>(APIResponse.java:57)
08-04 13:09:35.583 12398 17024 E baseline.com.newsblur.network.APIResponse: 	at baseline.com.newsblur.network.APIResponse.<init>(APIResponse.java:43)
08-04 13:09:35.583 12398 17024 E baseline.com.newsblur.network.APIResponse: 	at baseline.com.newsblur.network.APIManager.post_single(APIManager.java:702)
08-04 13:09:35.583 12398 17024 E baseline.com.newsblur.network.APIResponse: 	at baseline.com.newsblur.network.APIManager.post(APIManager.java:675)
08-04 13:09:35.583 12398 17024 E baseline.com.newsblur.network.APIResponse: 	at baseline.com.newsblur.network.APIManager.post(APIManager.java:714)
08-04 13:09:35.583 12398 17024 E baseline.com.newsblur.network.APIResponse: 	at baseline.com.newsblur.network.APIManager.markStoryAsRead(APIManager.java:205)
08-04 13:09:35.583 12398 17024 E baseline.com.newsblur.network.APIResponse: 	at baseline.com.newsblur.util.ReadingAction.doRemote(ReadingAction.java:281)
08-04 13:09:35.583 12398 17024 E baseline.com.newsblur.network.APIResponse: 	at baseline.com.newsblur.service.NBSyncService.syncActions(NBSyncService.java:400)
08-04 13:09:35.583 12398 17024 E baseline.com.newsblur.network.APIResponse: 	at baseline.com.newsblur.service.NBSyncService.doSync(NBSyncService.java:298)
08-04 13:09:35.583 12398 17024 E baseline.com.newsblur.network.APIResponse: 	at baseline.com.newsblur.service.NBSyncService.access$100(NBSyncService.java:67)
08-04 13:09:35.583 12398 17024 E baseline.com.newsblur.network.APIResponse: 	at baseline.com.newsblur.service.NBSyncService$1.run(NBSyncService.java:188)
08-04 13:09:35.583 12398 17024 E baseline.com.newsblur.network.APIResponse: 	at java.util.concurrent.ThreadPoolExecutor.runWorker(ThreadPoolExecutor.java:1113)
08-04 13:09:35.583 12398 17024 E baseline.com.newsblur.network.APIResponse: 	at java.util.concurrent.ThreadPoolExecutor$Worker.run(ThreadPoolExecutor.java:588)
08-04 13:09:35.583 12398 17024 E baseline.com.newsblur.network.APIResponse: 	at java.lang.Thread.run(Thread.java:818)
08-04 13:09:35.583 12398 17024 E baseline.com.newsblur.network.APIResponse: Caused by: java.io.EOFException: \n not found: limit=0 content=
08-04 13:09:35.583 12398 17024 E baseline.com.newsblur.network.APIResponse: 	at okio.RealBufferedSource.readUtf8LineStrict(RealBufferedSource.java:240)
08-04 13:09:35.583 12398 17024 E baseline.com.newsblur.network.APIResponse: 	at okhttp3.internal.http1.Http1ExchangeCodec.readHeaderLine(Http1ExchangeCodec.java:242)
08-04 13:09:35.583 12398 17024 E baseline.com.newsblur.network.APIResponse: 	at okhttp3.internal.http1.Http1ExchangeCodec.readResponseHeaders(Http1ExchangeCodec.java:213)
08-04 13:09:35.583 12398 17024 E baseline.com.newsblur.network.APIResponse: 	... 30 more
08-04 13:09:35.585 12398 17024 I baseline.com.newsblur.service.NBSyncService: Holding reading action with server-side or network error.
08-04 13:09:35.593 12398 17024 W baseline.com.newsblur.service.NBSyncService: hard API failure
08-04 13:09:35.867 12398 12411 I art     : Starting a blocking GC Explicit
08-04 13:09:35.920 12398 12411 I art     : Explicit concurrent mark sweep GC freed 4347(406KB) AllocSpace objects, 5(100KB) LOS objects, 27% free, 41MB/57MB, paused 1.294ms total 51.721ms
08-04 13:09:35.931 17212 17212 D AndroidRuntime: >>>>>> START com.android.internal.os.RuntimeInit uid 2000 <<<<<<
08-04 13:09:35.932 12398 12411 I art     : Starting a blocking GC Explicit
08-04 13:09:35.936 17212 17212 D AndroidRuntime: CheckJNI is OFF
08-04 13:09:35.968 17212 17212 D ICU     : No timezone override file found: /data/misc/zoneinfo/current/icu/icu_tzdata.dat
08-04 13:09:35.978 12398 12411 I art     : Explicit concurrent mark sweep GC freed 1723(67KB) AllocSpace objects, 0(0B) LOS objects, 27% free, 41MB/57MB, paused 1.260ms total 45.554ms
08-04 13:09:35.989 12398 12411 I art     : Starting a blocking GC Explicit
08-04 13:09:36.001 17212 17212 I Radio-JNI: register_android_hardware_Radio DONE
08-04 13:09:36.014 12398 17024 E baseline.com.newsblur.network.APIResponse: Error (unexpected end of stream on https://www.newsblur.com/...) calling https://www.newsblur.com/reader/mark_story_hashes_as_read/
08-04 13:09:36.014 12398 17024 E baseline.com.newsblur.network.APIResponse: java.io.IOException: unexpected end of stream on https://www.newsblur.com/...
08-04 13:09:36.014 12398 17024 E baseline.com.newsblur.network.APIResponse: 	at okhttp3.internal.http1.Http1ExchangeCodec.readResponseHeaders(Http1ExchangeCodec.java:236)
08-04 13:09:36.014 12398 17024 E baseline.com.newsblur.network.APIResponse: 	at okhttp3.internal.connection.Exchange.readResponseHeaders(Exchange.java:115)
08-04 13:09:36.014 12398 17024 E baseline.com.newsblur.network.APIResponse: 	at okhttp3.internal.http.CallServerInterceptor.intercept(CallServerInterceptor.java:94)
08-04 13:09:36.014 12398 17024 E baseline.com.newsblur.network.APIResponse: 	at okhttp3.internal.http.RealInterceptorChain.proceed(RealInterceptorChain.java:142)
08-04 13:09:36.014 12398 17024 E baseline.com.newsblur.network.APIResponse: 	at okhttp3.internal.connection.ConnectInterceptor.intercept(ConnectInterceptor.java:43)
08-04 13:09:36.014 12398 17024 E baseline.com.newsblur.network.APIResponse: 	at okhttp3.internal.http.RealInterceptorChain.proceed(RealInterceptorChain.java:142)
08-04 13:09:36.014 12398 17024 E baseline.com.newsblur.network.APIResponse: 	at okhttp3.internal.http.RealInterceptorChain.proceed(RealInterceptorChain.java:117)
08-04 13:09:36.014 12398 17024 E baseline.com.newsblur.network.APIResponse: 	at okhttp3.internal.cache.CacheInterceptor.intercept(CacheInterceptor.java:94)
08-04 13:09:36.014 12398 17024 E baseline.com.newsblur.network.APIResponse: 	at okhttp3.internal.http.RealInterceptorChain.proceed(RealInterceptorChain.java:142)
08-04 13:09:36.014 12398 17024 E baseline.com.newsblur.network.APIResponse: 	at okhttp3.internal.http.RealInterceptorChain.proceed(RealInterceptorChain.java:117)
08-04 13:09:36.014 12398 17024 E baseline.com.newsblur.network.APIResponse: 	at okhttp3.internal.http.BridgeInterceptor.intercept(BridgeInterceptor.java:93)
08-04 13:09:36.014 12398 17024 E baseline.com.newsblur.network.APIResponse: 	at okhttp3.internal.http.RealInterceptorChain.proceed(RealInterceptorChain.java:142)
08-04 13:09:36.014 12398 17024 E baseline.com.newsblur.network.APIResponse: 	at okhttp3.internal.http.RetryAndFollowUpInterceptor.intercept(RetryAndFollowUpInterceptor.java:88)
08-04 13:09:36.014 12398 17024 E baseline.com.newsblur.network.APIResponse: 	at okhttp3.internal.http.RealInterceptorChain.proceed(RealInterceptorChain.java:142)
08-04 13:09:36.014 12398 17024 E baseline.com.newsblur.network.APIResponse: 	at okhttp3.internal.http.RealInterceptorChain.proceed(RealInterceptorChain.java:117)
08-04 13:09:36.014 12398 17024 E baseline.com.newsblur.network.APIResponse: 	at okhttp3.RealCall.getResponseWithInterceptorChain(RealCall.java:229)
08-04 13:09:36.014 12398 17024 E baseline.com.newsblur.network.APIResponse: 	at okhttp3.RealCall.execute(RealCall.java:81)
08-04 13:09:36.014 12398 17024 E baseline.com.newsblur.network.APIResponse: 	at baseline.com.newsblur.network.APIResponse.<init>(APIResponse.java:57)
08-04 13:09:36.014 12398 17024 E baseline.com.newsblur.network.APIResponse: 	at baseline.com.newsblur.network.APIResponse.<init>(APIResponse.java:43)
08-04 13:09:36.014 12398 17024 E baseline.com.newsblur.network.APIResponse: 	at baseline.com.newsblur.network.APIManager.post_single(APIManager.java:702)
08-04 13:09:36.014 12398 17024 E baseline.com.newsblur.network.APIResponse: 	at baseline.com.newsblur.network.APIManager.post(APIManager.java:675)
08-04 13:09:36.014 12398 17024 E baseline.com.newsblur.network.APIResponse: 	at baseline.com.newsblur.network.APIManager.post(APIManager.java:714)
08-04 13:09:36.014 12398 17024 E baseline.com.newsblur.network.APIResponse: 	at baseline.com.newsblur.network.APIManager.markStoryAsRead(APIManager.java:205)
08-04 13:09:36.014 12398 17024 E baseline.com.newsblur.network.APIResponse: 	at baseline.com.newsblur.util.ReadingAction.doRemote(ReadingAction.java:281)
08-04 13:09:36.014 12398 17024 E baseline.com.newsblur.network.APIResponse: 	at baseline.com.newsblur.service.NBSyncService.syncActions(NBSyncService.java:400)
08-04 13:09:36.014 12398 17024 E baseline.com.newsblur.network.APIResponse: 	at baseline.com.newsblur.service.NBSyncService.doSync(NBSyncService.java:298)
08-04 13:09:36.014 12398 17024 E baseline.com.newsblur.network.APIResponse: 	at baseline.com.newsblur.service.NBSyncService.access$100(NBSyncService.java:67)
08-04 13:09:36.014 12398 17024 E baseline.com.newsblur.network.APIResponse: 	at baseline.com.newsblur.service.NBSyncService$1.run(NBSyncService.java:188)
08-04 13:09:36.014 12398 17024 E baseline.com.newsblur.network.APIResponse: 	at java.util.concurrent.ThreadPoolExecutor.runWorker(ThreadPoolExecutor.java:1113)
08-04 13:09:36.014 12398 17024 E baseline.com.newsblur.network.APIResponse: 	at java.util.concurrent.ThreadPoolExecutor$Worker.run(ThreadPoolExecutor.java:588)
08-04 13:09:36.014 12398 17024 E baseline.com.newsblur.network.APIResponse: 	at java.lang.Thread.run(Thread.java:818)
08-04 13:09:36.014 12398 17024 E baseline.com.newsblur.network.APIResponse: Caused by: java.io.EOFException: \n not found: limit=0 content=
08-04 13:09:36.014 12398 17024 E baseline.com.newsblur.network.APIResponse: 	at okio.RealBufferedSource.readUtf8LineStrict(RealBufferedSource.java:240)
08-04 13:09:36.014 12398 17024 E baseline.com.newsblur.network.APIResponse: 	at okhttp3.internal.http1.Http1ExchangeCodec.readHeaderLine(Http1ExchangeCodec.java:242)
08-04 13:09:36.014 12398 17024 E baseline.com.newsblur.network.APIResponse: 	at okhttp3.internal.http1.Http1ExchangeCodec.readResponseHeaders(Http1ExchangeCodec.java:213)
08-04 13:09:36.014 12398 17024 E baseline.com.newsblur.network.APIResponse: 	... 30 more
08-04 13:09:36.016 12398 17024 I baseline.com.newsblur.network.APIManager: API call failed, pausing before retry number 1
08-04 13:09:36.023 17212 17212 D AndroidRuntime: Calling main entry com.android.commands.input.Input
08-04 13:09:36.025 17212 17212 I Input   : injectMotionEvent: MotionEvent { action=ACTION_DOWN, actionButton=0, id[0]=0, x[0]=436.0, y[0]=453.0, toolType[0]=TOOL_TYPE_UNKNOWN, buttonState=0, metaState=0, flags=0x0, edgeFlags=0x0, pointerCount=1, historySize=0, eventTime=709792437, downTime=709792437, deviceId=0, source=0x1002 }
08-04 13:09:36.029 17212 17212 I Input   : injectMotionEvent: MotionEvent { action=ACTION_UP, actionButton=0, id[0]=0, x[0]=436.0, y[0]=453.0, toolType[0]=TOOL_TYPE_UNKNOWN, buttonState=0, metaState=0, flags=0x0, edgeFlags=0x0, pointerCount=1, historySize=0, eventTime=709792437, downTime=709792437, deviceId=0, source=0x1002 }
08-04 13:09:36.033 17212 17212 D AndroidRuntime: Shutting down VM
08-04 13:09:36.033 12398 12411 I art     : Explicit concurrent mark sweep GC freed 869(198KB) AllocSpace objects, 2(40KB) LOS objects, 27% free, 41MB/57MB, paused 1.345ms total 43.957ms
08-04 13:09:36.044   512  2967 D audio_hw_primary: out_set_parameters: enter: usecase(1: low-latency-playback) kvpairs: routing=2
08-04 13:09:36.044 12398 12411 I art     : Starting a blocking GC Explicit
08-04 13:09:36.046   918   928 I ActivityManager: START u0 {cmp=baseline.com.newsblur/.activity.AllSharedStoriesReading (has extras)} from uid 10652 on display 0
08-04 13:09:36.056   512  2967 D audio_hw_primary: select_devices: out_snd_device(2: speaker) in_snd_device(0: none)
08-04 13:09:36.057   512  2967 D msm8974_platform: platform_send_audio_calibration: sending audio calibration for snd_device(2) acdb_id(15)
08-04 13:09:36.057   512  2967 I soundtrigger: audio_extn_sound_trigger_update_device_status: device 0x2 of type 0 for Event 1
08-04 13:09:36.069   512  2967 D audio_hw_primary: enable_snd_device: snd_device(2: speaker)
08-04 13:09:36.071   512  2967 D audio_hw_primary: enable_audio_route: apply and update mixer path: low-latency-playback speaker
08-04 13:09:36.091 12398 12411 I art     : Explicit concurrent mark sweep GC freed 1495(153KB) AllocSpace objects, 3(152KB) LOS objects, 27% free, 42MB/58MB, paused 1.322ms total 46.857ms
08-04 13:09:36.101 12398 12411 I art     : Starting a blocking GC Explicit
08-04 13:09:36.146 12398 12411 I art     : Explicit concurrent mark sweep GC freed 305(19KB) AllocSpace objects, 1(356KB) LOS objects, 27% free, 42MB/58MB, paused 1.149ms total 45.132ms
08-04 13:09:36.277   918   936 I ActivityManager: Displayed baseline.com.newsblur/.activity.AllSharedStoriesReading: +223ms
08-04 13:09:36.278 13866 13866 I GoogleInputMethodServic: GoogleInputMethodService.onFinishInput():3138 
08-04 13:09:36.280 13866 13866 I GoogleInputMethodServic: GoogleInputMethodService.onStartInput():1808 
08-04 13:09:36.477 12398 15987 I art     : Starting a blocking GC Explicit
08-04 13:09:36.493 12398 15480 E chromium: [ERROR:tile_manager.cc(793)] WARNING: tile memory limits exceeded, some content may not draw
08-04 13:09:36.494 12398 15480 E chromium: [ERROR:tile_manager.cc(793)] WARNING: tile memory limits exceeded, some content may not draw
08-04 13:09:36.523 12398 15987 I art     : Explicit concurrent mark sweep GC freed 4542(363KB) AllocSpace objects, 14(316KB) LOS objects, 27% free, 42MB/58MB, paused 1.023ms total 46.518ms
08-04 13:09:36.536 12398 15987 I art     : Starting a blocking GC Explicit
08-04 13:09:36.582 12398 15987 I art     : Explicit concurrent mark sweep GC freed 1124(52KB) AllocSpace objects, 1(28KB) LOS objects, 27% free, 42MB/58MB, paused 1.124ms total 45.757ms
08-04 13:09:36.593 12398 15987 I art     : Starting a blocking GC Explicit
08-04 13:09:36.609   512  2967 D audio_hw_primary: disable_audio_route: reset and update mixer path: low-latency-playback speaker
08-04 13:09:36.610   512  2967 D audio_hw_primary: disable_snd_device: snd_device(2: speaker)
08-04 13:09:36.618   512  2967 I soundtrigger: audio_extn_sound_trigger_update_device_status: device 0x2 of type 0 for Event 0
08-04 13:09:36.642 12398 15987 I art     : Explicit concurrent mark sweep GC freed 3(96B) AllocSpace objects, 0(0B) LOS objects, 27% free, 42MB/58MB, paused 1.220ms total 48.268ms
08-04 13:09:36.654 12398 15987 I art     : Starting a blocking GC Explicit
08-04 13:09:36.703 12398 15987 I art     : Explicit concurrent mark sweep GC freed 134(17KB) AllocSpace objects, 1(20KB) LOS objects, 27% free, 42MB/58MB, paused 1.372ms total 48.347ms
08-04 13:09:36.716 12398 15987 I art     : Starting a blocking GC Explicit
08-04 13:09:36.761 12398 15987 I art     : Explicit concurrent mark sweep GC freed 21(688B) AllocSpace objects, 0(0B) LOS objects, 27% free, 42MB/58MB, paused 1.371ms total 45.114ms
08-04 13:09:37.103 12398 15139 I art     : Starting a blocking GC Explicit
08-04 13:09:37.157 12398 15139 I art     : Explicit concurrent mark sweep GC freed 1445(83KB) AllocSpace objects, 1(20KB) LOS objects, 27% free, 42MB/58MB, paused 1.184ms total 53.560ms
08-04 13:09:37.172 12398 15139 I art     : Starting a blocking GC Explicit
08-04 13:09:37.225 12398 15139 I art     : Explicit concurrent mark sweep GC freed 22(784B) AllocSpace objects, 0(0B) LOS objects, 27% free, 42MB/58MB, paused 1.322ms total 52.489ms
08-04 13:09:37.237 12398 15139 I art     : Starting a blocking GC Explicit
08-04 13:09:37.290 12398 15139 I art     : Explicit concurrent mark sweep GC freed 3(96B) AllocSpace objects, 0(0B) LOS objects, 27% free, 42MB/58MB, paused 1.220ms total 53.041ms
08-04 13:09:37.302 12398 15139 I art     : Starting a blocking GC Explicit
08-04 13:09:37.355 12398 15139 I art     : Explicit concurrent mark sweep GC freed 3(96B) AllocSpace objects, 0(0B) LOS objects, 27% free, 42MB/58MB, paused 1.226ms total 52.647ms
08-04 13:09:37.368 12398 15139 I art     : Starting a blocking GC Explicit
08-04 13:09:37.422 12398 15139 I art     : Explicit concurrent mark sweep GC freed 3(96B) AllocSpace objects, 0(0B) LOS objects, 27% free, 42MB/58MB, paused 1.240ms total 53.848ms
08-04 13:09:37.796 12398 12411 I art     : Starting a blocking GC Explicit
08-04 13:09:37.847 12398 12411 I art     : Explicit concurrent mark sweep GC freed 1670(93KB) AllocSpace objects, 1(20KB) LOS objects, 27% free, 42MB/58MB, paused 1.121ms total 50.734ms
08-04 13:09:37.858 12398 12411 I art     : Starting a blocking GC Explicit
08-04 13:09:37.907 12398 12411 I art     : Explicit concurrent mark sweep GC freed 28(1040B) AllocSpace objects, 0(0B) LOS objects, 27% free, 42MB/58MB, paused 1.307ms total 48.810ms
08-04 13:09:37.919 12398 12411 I art     : Starting a blocking GC Explicit
08-04 13:09:37.972 12398 12411 I art     : Explicit concurrent mark sweep GC freed 3(96B) AllocSpace objects, 0(0B) LOS objects, 27% free, 42MB/58MB, paused 1.274ms total 53.567ms
08-04 13:09:37.985 12398 12411 I art     : Starting a blocking GC Explicit
08-04 13:09:38.038 12398 12411 I art     : Explicit concurrent mark sweep GC freed 1657(64KB) AllocSpace objects, 0(0B) LOS objects, 27% free, 42MB/58MB, paused 1.275ms total 53.298ms
08-04 13:09:38.051 12398 12411 I art     : Starting a blocking GC Explicit
08-04 13:09:38.055 12398 17024 E baseline.com.newsblur.network.APIResponse: Error (unexpected end of stream on https://www.newsblur.com/...) calling https://www.newsblur.com/reader/mark_story_hashes_as_read/
08-04 13:09:38.055 12398 17024 E baseline.com.newsblur.network.APIResponse: java.io.IOException: unexpected end of stream on https://www.newsblur.com/...
08-04 13:09:38.055 12398 17024 E baseline.com.newsblur.network.APIResponse: 	at okhttp3.internal.http1.Http1ExchangeCodec.readResponseHeaders(Http1ExchangeCodec.java:236)
08-04 13:09:38.055 12398 17024 E baseline.com.newsblur.network.APIResponse: 	at okhttp3.internal.connection.Exchange.readResponseHeaders(Exchange.java:115)
08-04 13:09:38.055 12398 17024 E baseline.com.newsblur.network.APIResponse: 	at okhttp3.internal.http.CallServerInterceptor.intercept(CallServerInterceptor.java:94)
08-04 13:09:38.055 12398 17024 E baseline.com.newsblur.network.APIResponse: 	at okhttp3.internal.http.RealInterceptorChain.proceed(RealInterceptorChain.java:142)
08-04 13:09:38.055 12398 17024 E baseline.com.newsblur.network.APIResponse: 	at okhttp3.internal.connection.ConnectInterceptor.intercept(ConnectInterceptor.java:43)
08-04 13:09:38.055 12398 17024 E baseline.com.newsblur.network.APIResponse: 	at okhttp3.internal.http.RealInterceptorChain.proceed(RealInterceptorChain.java:142)
08-04 13:09:38.055 12398 17024 E baseline.com.newsblur.network.APIResponse: 	at okhttp3.internal.http.RealInterceptorChain.proceed(RealInterceptorChain.java:117)
08-04 13:09:38.055 12398 17024 E baseline.com.newsblur.network.APIResponse: 	at okhttp3.internal.cache.CacheInterceptor.intercept(CacheInterceptor.java:94)
08-04 13:09:38.055 12398 17024 E baseline.com.newsblur.network.APIResponse: 	at okhttp3.internal.http.RealInterceptorChain.proceed(RealInterceptorChain.java:142)
08-04 13:09:38.055 12398 17024 E baseline.com.newsblur.network.APIResponse: 	at okhttp3.internal.http.RealInterceptorChain.proceed(RealInterceptorChain.java:117)
08-04 13:09:38.055 12398 17024 E baseline.com.newsblur.network.APIResponse: 	at okhttp3.internal.http.BridgeInterceptor.intercept(BridgeInterceptor.java:93)
08-04 13:09:38.055 12398 17024 E baseline.com.newsblur.network.APIResponse: 	at okhttp3.internal.http.RealInterceptorChain.proceed(RealInterceptorChain.java:142)
08-04 13:09:38.055 12398 17024 E baseline.com.newsblur.network.APIResponse: 	at okhttp3.internal.http.RetryAndFollowUpInterceptor.intercept(RetryAndFollowUpInterceptor.java:88)
08-04 13:09:38.055 12398 17024 E baseline.com.newsblur.network.APIResponse: 	at okhttp3.internal.http.RealInterceptorChain.proceed(RealInterceptorChain.java:142)
08-04 13:09:38.055 12398 17024 E baseline.com.newsblur.network.APIResponse: 	at okhttp3.internal.http.RealInterceptorChain.proceed(RealInterceptorChain.java:117)
08-04 13:09:38.055 12398 17024 E baseline.com.newsblur.network.APIResponse: 	at okhttp3.RealCall.getResponseWithInterceptorChain(RealCall.java:229)
08-04 13:09:38.055 12398 17024 E baseline.com.newsblur.network.APIResponse: 	at okhttp3.RealCall.execute(RealCall.java:81)
08-04 13:09:38.055 12398 17024 E baseline.com.newsblur.network.APIResponse: 	at baseline.com.newsblur.network.APIResponse.<init>(APIResponse.java:57)
08-04 13:09:38.055 12398 17024 E baseline.com.newsblur.network.APIResponse: 	at baseline.com.newsblur.network.APIResponse.<init>(APIResponse.java:43)
08-04 13:09:38.055 12398 17024 E baseline.com.newsblur.network.APIResponse: 	at baseline.com.newsblur.network.APIManager.post_single(APIManager.java:702)
08-04 13:09:38.055 12398 17024 E baseline.com.newsblur.network.APIResponse: 	at baseline.com.newsblur.network.APIManager.post(APIManager.java:675)
08-04 13:09:38.055 12398 17024 E baseline.com.newsblur.network.APIResponse: 	at baseline.com.newsblur.network.APIManager.post(APIManager.java:714)
08-04 13:09:38.055 12398 17024 E baseline.com.newsblur.network.APIResponse: 	at baseline.com.newsblur.network.APIManager.markStoryAsRead(APIManager.java:205)
08-04 13:09:38.055 12398 17024 E baseline.com.newsblur.network.APIResponse: 	at baseline.com.newsblur.util.ReadingAction.doRemote(ReadingAction.java:281)
08-04 13:09:38.055 12398 17024 E baseline.com.newsblur.network.APIResponse: 	at baseline.com.newsblur.service.NBSyncService.syncActions(NBSyncService.java:400)
08-04 13:09:38.055 12398 17024 E baseline.com.newsblur.network.APIResponse: 	at baseline.com.newsblur.service.NBSyncService.doSync(NBSyncService.java:298)
08-04 13:09:38.055 12398 17024 E baseline.com.newsblur.network.APIResponse: 	at baseline.com.newsblur.service.NBSyncService.access$100(NBSyncService.java:67)
08-04 13:09:38.055 12398 17024 E baseline.com.newsblur.network.APIResponse: 	at baseline.com.newsblur.service.NBSyncService$1.run(NBSyncService.java:188)
08-04 13:09:38.055 12398 17024 E baseline.com.newsblur.network.APIResponse: 	at java.util.concurrent.ThreadPoolExecutor.runWorker(ThreadPoolExecutor.java:1113)
08-04 13:09:38.055 12398 17024 E baseline.com.newsblur.network.APIResponse: 	at java.util.concurrent.ThreadPoolExecutor$Worker.run(ThreadPoolExecutor.java:588)
08-04 13:09:38.055 12398 17024 E baseline.com.newsblur.network.APIResponse: 	at java.lang.Thread.run(Thread.java:818)
08-04 13:09:38.055 12398 17024 E baseline.com.newsblur.network.APIResponse: Caused by: java.io.EOFException: \n not found: limit=0 content=
08-04 13:09:38.055 12398 17024 E baseline.com.newsblur.network.APIResponse: 	at okio.RealBufferedSource.readUtf8LineStrict(RealBufferedSource.java:240)
08-04 13:09:38.055 12398 17024 E baseline.com.newsblur.network.APIResponse: 	at okhttp3.internal.http1.Http1ExchangeCodec.readHeaderLine(Http1ExchangeCodec.java:242)
08-04 13:09:38.055 12398 17024 E baseline.com.newsblur.network.APIResponse: 	at okhttp3.internal.http1.Http1ExchangeCodec.readResponseHeaders(Http1ExchangeCodec.java:213)
08-04 13:09:38.055 12398 17024 E baseline.com.newsblur.network.APIResponse: 	... 30 more
08-04 13:09:38.056 12398 17024 I baseline.com.newsblur.network.APIManager: API call failed, pausing before retry number 2
08-04 13:09:38.103 12398 12411 I art     : Explicit concurrent mark sweep GC freed 580(181KB) AllocSpace objects, 2(40KB) LOS objects, 27% free, 42MB/58MB, paused 1.251ms total 52.455ms
08-04 13:09:38.495 12398 12414 I art     : Starting a blocking GC Explicit
08-04 13:09:38.550 12398 12414 I art     : Explicit concurrent mark sweep GC freed 1787(113KB) AllocSpace objects, 1(20KB) LOS objects, 27% free, 42MB/58MB, paused 1.221ms total 54.582ms
08-04 13:09:38.564 12398 12414 I art     : Starting a blocking GC Explicit
08-04 13:09:38.612 12398 12414 I art     : Explicit concurrent mark sweep GC freed 44(1520B) AllocSpace objects, 0(0B) LOS objects, 27% free, 42MB/58MB, paused 1.122ms total 48.348ms
08-04 13:09:38.625 12398 12414 I art     : Starting a blocking GC Explicit
08-04 13:09:38.676 12398 12414 I art     : Explicit concurrent mark sweep GC freed 3(96B) AllocSpace objects, 0(0B) LOS objects, 27% free, 42MB/58MB, paused 1.200ms total 50.083ms
08-04 13:09:38.687 12398 12414 I art     : Starting a blocking GC Explicit
08-04 13:09:38.736 12398 12414 I art     : Explicit concurrent mark sweep GC freed 3(96B) AllocSpace objects, 0(0B) LOS objects, 27% free, 42MB/58MB, paused 1.131ms total 48.148ms
08-04 13:09:38.748 12398 12414 I art     : Starting a blocking GC Explicit
08-04 13:09:38.765 14234 14234 I ServiceManager: Waiting for service AtCmdFwd...
08-04 13:09:38.800 12398 12414 I art     : Explicit concurrent mark sweep GC freed 3(96B) AllocSpace objects, 0(0B) LOS objects, 27% free, 42MB/58MB, paused 1.283ms total 51.900ms
08-04 13:09:39.184 12398 15139 I art     : Starting a blocking GC Explicit
08-04 13:09:39.242 12398 15139 I art     : Explicit concurrent mark sweep GC freed 1447(83KB) AllocSpace objects, 1(20KB) LOS objects, 27% free, 42MB/58MB, paused 1.454ms total 57.686ms
08-04 13:09:39.258 12398 15139 I art     : Starting a blocking GC Explicit
08-04 13:09:39.309 12398 15139 I art     : Explicit concurrent mark sweep GC freed 22(784B) AllocSpace objects, 0(0B) LOS objects, 27% free, 42MB/58MB, paused 1.217ms total 51.023ms
08-04 13:09:39.320 12398 15139 I art     : Starting a blocking GC Explicit
08-04 13:09:39.373 12398 15139 I art     : Explicit concurrent mark sweep GC freed 3(96B) AllocSpace objects, 0(0B) LOS objects, 27% free, 42MB/58MB, paused 1.150ms total 52.716ms
08-04 13:09:39.385 12398 15139 I art     : Starting a blocking GC Explicit
08-04 13:09:39.438 12398 15139 I art     : Explicit concurrent mark sweep GC freed 3(96B) AllocSpace objects, 0(0B) LOS objects, 27% free, 42MB/58MB, paused 1.247ms total 52.040ms
08-04 13:09:39.450 12398 15139 I art     : Starting a blocking GC Explicit
08-04 13:09:39.504 12398 15139 I art     : Explicit concurrent mark sweep GC freed 3(96B) AllocSpace objects, 0(0B) LOS objects, 27% free, 42MB/58MB, paused 1.226ms total 53.752ms
08-04 13:09:39.766 14234 14234 I ServiceManager: Waiting for service AtCmdFwd...
08-04 13:09:39.882 12398 15987 I art     : Starting a blocking GC Explicit
08-04 13:09:39.937 12398 15987 I art     : Explicit concurrent mark sweep GC freed 1445(83KB) AllocSpace objects, 1(20KB) LOS objects, 27% free, 42MB/58MB, paused 1.200ms total 54.512ms
08-04 13:09:39.949 12398 15987 I art     : Starting a blocking GC Explicit
08-04 13:09:40.000 12398 15987 I art     : Explicit concurrent mark sweep GC freed 22(784B) AllocSpace objects, 0(0B) LOS objects, 27% free, 42MB/58MB, paused 1.227ms total 51.001ms
08-04 13:09:40.012 12398 15987 I art     : Starting a blocking GC Explicit
08-04 13:09:40.065 12398 15987 I art     : Explicit concurrent mark sweep GC freed 3(96B) AllocSpace objects, 0(0B) LOS objects, 27% free, 42MB/58MB, paused 1.157ms total 52.554ms
08-04 13:09:40.077 12398 15987 I art     : Starting a blocking GC Explicit
08-04 13:09:40.130 12398 15987 I art     : Explicit concurrent mark sweep GC freed 3(96B) AllocSpace objects, 0(0B) LOS objects, 27% free, 42MB/58MB, paused 1.380ms total 53.240ms
08-04 13:09:40.143 12398 15987 I art     : Starting a blocking GC Explicit
08-04 13:09:40.196 12398 15987 I art     : Explicit concurrent mark sweep GC freed 304(16KB) AllocSpace objects, 0(0B) LOS objects, 27% free, 42MB/58MB, paused 1.282ms total 52.962ms
08-04 13:09:40.526 12398 15763 I art     : Starting a blocking GC Explicit
08-04 13:09:40.581 12398 15763 I art     : Explicit concurrent mark sweep GC freed 2232(121KB) AllocSpace objects, 1(20KB) LOS objects, 27% free, 42MB/58MB, paused 1.533ms total 54.230ms
08-04 13:09:40.593 12398 15763 I art     : Starting a blocking GC Explicit
08-04 13:09:40.639 12398 15763 I art     : Explicit concurrent mark sweep GC freed 5122(395KB) AllocSpace objects, 1(20KB) LOS objects, 27% free, 42MB/58MB, paused 1.206ms total 46.108ms
08-04 13:09:40.650 12398 15763 I art     : Starting a blocking GC Explicit
08-04 13:09:40.696 12398 15763 I art     : Explicit concurrent mark sweep GC freed 34(1568B) AllocSpace objects, 0(0B) LOS objects, 27% free, 42MB/58MB, paused 1.191ms total 45.593ms
08-04 13:09:40.707 12398 15763 I art     : Starting a blocking GC Explicit
08-04 13:09:40.719 17297 17297 D AndroidRuntime: >>>>>> START com.android.internal.os.RuntimeInit uid 2000 <<<<<<
08-04 13:09:40.724 17297 17297 D AndroidRuntime: CheckJNI is OFF
08-04 13:09:40.754 12398 15763 I art     : Explicit concurrent mark sweep GC freed 265(13KB) AllocSpace objects, 0(0B) LOS objects, 27% free, 42MB/58MB, paused 1.216ms total 46.830ms
08-04 13:09:40.757 17297 17297 D ICU     : No timezone override file found: /data/misc/zoneinfo/current/icu/icu_tzdata.dat
08-04 13:09:40.766 12398 15763 I art     : Starting a blocking GC Explicit
08-04 13:09:40.766 14234 14234 I ServiceManager: Waiting for service AtCmdFwd...
08-04 13:09:40.790 17297 17297 I Radio-JNI: register_android_hardware_Radio DONE
08-04 13:09:40.812 17297 17297 D AndroidRuntime: Calling main entry com.android.commands.input.Input
08-04 13:09:40.813 17297 17297 I Input   : injectKeyEvent: KeyEvent { action=ACTION_DOWN, keyCode=KEYCODE_BACK, scanCode=0, metaState=0, flags=0x0, repeatCount=0, eventTime=709797226, downTime=709797226, deviceId=-1, source=0x101 }
08-04 13:09:40.814 12398 15763 I art     : Explicit concurrent mark sweep GC freed 1669(65KB) AllocSpace objects, 0(0B) LOS objects, 27% free, 42MB/58MB, paused 1.242ms total 48.069ms
08-04 13:09:40.820 17297 17297 I Input   : injectKeyEvent: KeyEvent { action=ACTION_UP, keyCode=KEYCODE_BACK, scanCode=0, metaState=0, flags=0x0, repeatCount=0, eventTime=709797226, downTime=709797226, deviceId=-1, source=0x101 }
08-04 13:09:40.826 17297 17297 D AndroidRuntime: Shutting down VM
08-04 13:09:40.840 12398 12398 D baseline.com.newsblur.service.NBSyncService: rejecting request for feedset that is exhaused
08-04 13:09:40.981 12398 12398 D baseline.com.newsblur.service.NBSyncService: rejecting request for feedset that is exhaused
08-04 13:09:40.983 13866 13866 I GoogleInputMethodServic: GoogleInputMethodService.onFinishInput():3138 
08-04 13:09:40.983 13866 13866 I GoogleInputMethodServic: GoogleInputMethodService.onStartInput():1808 
08-04 13:09:41.122 12398 15763 I art     : Starting a blocking GC Explicit
08-04 13:09:41.170 12398 15763 I art     : Explicit concurrent mark sweep GC freed 3959(311KB) AllocSpace objects, 6(128KB) LOS objects, 27% free, 42MB/58MB, paused 1.296ms total 47.831ms
08-04 13:09:41.182 12398 15763 I art     : Starting a blocking GC Explicit
08-04 13:09:41.229 12398 15763 I art     : Explicit concurrent mark sweep GC freed 387(19KB) AllocSpace objects, 0(0B) LOS objects, 27% free, 42MB/58MB, paused 1.216ms total 47.747ms
08-04 13:09:41.242 12398 15763 I art     : Starting a blocking GC Explicit
08-04 13:09:41.279 13866 13882 I PeriodicStatsRunner: PeriodicStatsRunner.call():175 call()
08-04 13:09:41.279 13866 13882 I PeriodicStatsRunner: PeriodicStatsRunner.call():179 No submit PeriodicStats since input started.
08-04 13:09:41.293 12398 15763 I art     : Explicit concurrent mark sweep GC freed 23(1408B) AllocSpace objects, 0(0B) LOS objects, 27% free, 42MB/58MB, paused 1.155ms total 50.482ms
08-04 13:09:41.309 12398 15763 I art     : Starting a blocking GC Explicit
08-04 13:09:41.355 12398 15763 I art     : Explicit concurrent mark sweep GC freed 1228(58KB) AllocSpace objects, 0(0B) LOS objects, 27% free, 42MB/58MB, paused 1.075ms total 45.829ms
08-04 13:09:41.366 12398 15763 I art     : Starting a blocking GC Explicit
08-04 13:09:41.415 12398 15763 I art     : Explicit concurrent mark sweep GC freed 122(6KB) AllocSpace objects, 0(0B) LOS objects, 27% free, 42MB/58MB, paused 1.130ms total 48.080ms
08-04 13:09:41.634 12398 17024 E baseline.com.newsblur.network.APIResponse: Error (unexpected end of stream on https://www.newsblur.com/...) calling https://www.newsblur.com/reader/mark_story_hashes_as_read/
08-04 13:09:41.634 12398 17024 E baseline.com.newsblur.network.APIResponse: java.io.IOException: unexpected end of stream on https://www.newsblur.com/...
08-04 13:09:41.634 12398 17024 E baseline.com.newsblur.network.APIResponse: 	at okhttp3.internal.http1.Http1ExchangeCodec.readResponseHeaders(Http1ExchangeCodec.java:236)
08-04 13:09:41.634 12398 17024 E baseline.com.newsblur.network.APIResponse: 	at okhttp3.internal.connection.Exchange.readResponseHeaders(Exchange.java:115)
08-04 13:09:41.634 12398 17024 E baseline.com.newsblur.network.APIResponse: 	at okhttp3.internal.http.CallServerInterceptor.intercept(CallServerInterceptor.java:94)
08-04 13:09:41.634 12398 17024 E baseline.com.newsblur.network.APIResponse: 	at okhttp3.internal.http.RealInterceptorChain.proceed(RealInterceptorChain.java:142)
08-04 13:09:41.634 12398 17024 E baseline.com.newsblur.network.APIResponse: 	at okhttp3.internal.connection.ConnectInterceptor.intercept(ConnectInterceptor.java:43)
08-04 13:09:41.634 12398 17024 E baseline.com.newsblur.network.APIResponse: 	at okhttp3.internal.http.RealInterceptorChain.proceed(RealInterceptorChain.java:142)
08-04 13:09:41.634 12398 17024 E baseline.com.newsblur.network.APIResponse: 	at okhttp3.internal.http.RealInterceptorChain.proceed(RealInterceptorChain.java:117)
08-04 13:09:41.634 12398 17024 E baseline.com.newsblur.network.APIResponse: 	at okhttp3.internal.cache.CacheInterceptor.intercept(CacheInterceptor.java:94)
08-04 13:09:41.634 12398 17024 E baseline.com.newsblur.network.APIResponse: 	at okhttp3.internal.http.RealInterceptorChain.proceed(RealInterceptorChain.java:142)
08-04 13:09:41.634 12398 17024 E baseline.com.newsblur.network.APIResponse: 	at okhttp3.internal.http.RealInterceptorChain.proceed(RealInterceptorChain.java:117)
08-04 13:09:41.634 12398 17024 E baseline.com.newsblur.network.APIResponse: 	at okhttp3.internal.http.BridgeInterceptor.intercept(BridgeInterceptor.java:93)
08-04 13:09:41.634 12398 17024 E baseline.com.newsblur.network.APIResponse: 	at okhttp3.internal.http.RealInterceptorChain.proceed(RealInterceptorChain.java:142)
08-04 13:09:41.634 12398 17024 E baseline.com.newsblur.network.APIResponse: 	at okhttp3.internal.http.RetryAndFollowUpInterceptor.intercept(RetryAndFollowUpInterceptor.java:88)
08-04 13:09:41.634 12398 17024 E baseline.com.newsblur.network.APIResponse: 	at okhttp3.internal.http.RealInterceptorChain.proceed(RealInterceptorChain.java:142)
08-04 13:09:41.634 12398 17024 E baseline.com.newsblur.network.APIResponse: 	at okhttp3.internal.http.RealInterceptorChain.proceed(RealInterceptorChain.java:117)
08-04 13:09:41.634 12398 17024 E baseline.com.newsblur.network.APIResponse: 	at okhttp3.RealCall.getResponseWithInterceptorChain(RealCall.java:229)
08-04 13:09:41.634 12398 17024 E baseline.com.newsblur.network.APIResponse: 	at okhttp3.RealCall.execute(RealCall.java:81)
08-04 13:09:41.634 12398 17024 E baseline.com.newsblur.network.APIResponse: 	at baseline.com.newsblur.network.APIResponse.<init>(APIResponse.java:57)
08-04 13:09:41.634 12398 17024 E baseline.com.newsblur.network.APIResponse: 	at baseline.com.newsblur.network.APIResponse.<init>(APIResponse.java:43)
08-04 13:09:41.634 12398 17024 E baseline.com.newsblur.network.APIResponse: 	at baseline.com.newsblur.network.APIManager.post_single(APIManager.java:702)
08-04 13:09:41.634 12398 17024 E baseline.com.newsblur.network.APIResponse: 	at baseline.com.newsblur.network.APIManager.post(APIManager.java:675)
08-04 13:09:41.634 12398 17024 E baseline.com.newsblur.network.APIResponse: 	at baseline.com.newsblur.network.APIManager.post(APIManager.java:714)
08-04 13:09:41.634 12398 17024 E baseline.com.newsblur.network.APIResponse: 	at baseline.com.newsblur.network.APIManager.markStoryAsRead(APIManager.java:205)
08-04 13:09:41.634 12398 17024 E baseline.com.newsblur.network.APIResponse: 	at baseline.com.newsblur.util.ReadingAction.doRemote(ReadingAction.java:281)
08-04 13:09:41.634 12398 17024 E baseline.com.newsblur.network.APIResponse: 	at baseline.com.newsblur.service.NBSyncService.syncActions(NBSyncService.java:400)
08-04 13:09:41.634 12398 17024 E baseline.com.newsblur.network.APIResponse: 	at baseline.com.newsblur.service.NBSyncService.doSync(NBSyncService.java:298)
08-04 13:09:41.634 12398 17024 E baseline.com.newsblur.network.APIResponse: 	at baseline.com.newsblur.service.NBSyncService.access$100(NBSyncService.java:67)
08-04 13:09:41.634 12398 17024 E baseline.com.newsblur.network.APIResponse: 	at baseline.com.newsblur.service.NBSyncService$1.run(NBSyncService.java:188)
08-04 13:09:41.634 12398 17024 E baseline.com.newsblur.network.APIResponse: 	at java.util.concurrent.ThreadPoolExecutor.runWorker(ThreadPoolExecutor.java:1113)
08-04 13:09:41.634 12398 17024 E baseline.com.newsblur.network.APIResponse: 	at java.util.concurrent.ThreadPoolExecutor$Worker.run(ThreadPoolExecutor.java:588)
08-04 13:09:41.634 12398 17024 E baseline.com.newsblur.network.APIResponse: 	at java.lang.Thread.run(Thread.java:818)
08-04 13:09:41.634 12398 17024 E baseline.com.newsblur.network.APIResponse: Caused by: java.io.EOFException: \n not found: limit=0 content=
08-04 13:09:41.634 12398 17024 E baseline.com.newsblur.network.APIResponse: 	at okio.RealBufferedSource.readUtf8LineStrict(RealBufferedSource.java:240)
08-04 13:09:41.634 12398 17024 E baseline.com.newsblur.network.APIResponse: 	at okhttp3.internal.http1.Http1ExchangeCodec.readHeaderLine(Http1ExchangeCodec.java:242)
08-04 13:09:41.634 12398 17024 E baseline.com.newsblur.network.APIResponse: 	at okhttp3.internal.http1.Http1ExchangeCodec.readResponseHeaders(Http1ExchangeCodec.java:213)
08-04 13:09:41.634 12398 17024 E baseline.com.newsblur.network.APIResponse: 	... 30 more
08-04 13:09:41.640 12398 17024 I baseline.com.newsblur.service.NBSyncService: Holding reading action with server-side or network error.
08-04 13:09:41.653 12398 17024 W baseline.com.newsblur.service.NBSyncService: hard API failure
08-04 13:09:41.664 12398 17024 I baseline.com.newsblur.service.NBSyncService: recounting dirty feed sets: 1
08-04 13:09:41.767 14234 14234 I ServiceManager: Waiting for service AtCmdFwd...
08-04 13:09:41.779 12398 15763 I art     : Starting a blocking GC Explicit
08-04 13:09:41.841 12398 15763 I art     : Explicit concurrent mark sweep GC freed 4871(439KB) AllocSpace objects, 6(120KB) LOS objects, 27% free, 42MB/58MB, paused 1.541ms total 60.921ms
08-04 13:09:41.854 12398 15763 I art     : Starting a blocking GC Explicit
08-04 13:09:41.909 12398 15763 I art     : Explicit concurrent mark sweep GC freed 278(10KB) AllocSpace objects, 0(0B) LOS objects, 27% free, 42MB/58MB, paused 1.622ms total 53.982ms
08-04 13:09:41.921 12398 15763 I art     : Starting a blocking GC Explicit
08-04 13:09:41.975 12398 15763 I art     : Explicit concurrent mark sweep GC freed 11(352B) AllocSpace objects, 0(0B) LOS objects, 27% free, 42MB/58MB, paused 1.378ms total 53.796ms
08-04 13:09:41.988 12398 15763 I art     : Starting a blocking GC Explicit
08-04 13:09:42.041 12398 15763 I art     : Explicit concurrent mark sweep GC freed 11(352B) AllocSpace objects, 0(0B) LOS objects, 27% free, 42MB/58MB, paused 1.568ms total 53.195ms
08-04 13:09:42.053 12398 15763 I art     : Starting a blocking GC Explicit
08-04 13:09:42.105 12398 15763 I art     : Explicit concurrent mark sweep GC freed 1484(59KB) AllocSpace objects, 0(0B) LOS objects, 27% free, 42MB/58MB, paused 1.507ms total 51.343ms
08-04 13:09:42.122   518   646 I ThermalEngine: ACTION: GPU - Setting GPU[0] to 450000000
08-04 13:09:42.138 12398 17024 E baseline.com.newsblur.network.APIResponse: Error (unexpected end of stream on https://www.newsblur.com/...) calling https://www.newsblur.com/reader/feed_unread_count?feed_id=0
08-04 13:09:42.138 12398 17024 E baseline.com.newsblur.network.APIResponse: java.io.IOException: unexpected end of stream on https://www.newsblur.com/...
08-04 13:09:42.138 12398 17024 E baseline.com.newsblur.network.APIResponse: 	at okhttp3.internal.http1.Http1ExchangeCodec.readResponseHeaders(Http1ExchangeCodec.java:236)
08-04 13:09:42.138 12398 17024 E baseline.com.newsblur.network.APIResponse: 	at okhttp3.internal.connection.Exchange.readResponseHeaders(Exchange.java:115)
08-04 13:09:42.138 12398 17024 E baseline.com.newsblur.network.APIResponse: 	at okhttp3.internal.http.CallServerInterceptor.intercept(CallServerInterceptor.java:94)
08-04 13:09:42.138 12398 17024 E baseline.com.newsblur.network.APIResponse: 	at okhttp3.internal.http.RealInterceptorChain.proceed(RealInterceptorChain.java:142)
08-04 13:09:42.138 12398 17024 E baseline.com.newsblur.network.APIResponse: 	at okhttp3.internal.connection.ConnectInterceptor.intercept(ConnectInterceptor.java:43)
08-04 13:09:42.138 12398 17024 E baseline.com.newsblur.network.APIResponse: 	at okhttp3.internal.http.RealInterceptorChain.proceed(RealInterceptorChain.java:142)
08-04 13:09:42.138 12398 17024 E baseline.com.newsblur.network.APIResponse: 	at okhttp3.internal.http.RealInterceptorChain.proceed(RealInterceptorChain.java:117)
08-04 13:09:42.138 12398 17024 E baseline.com.newsblur.network.APIResponse: 	at okhttp3.internal.cache.CacheInterceptor.intercept(CacheInterceptor.java:94)
08-04 13:09:42.138 12398 17024 E baseline.com.newsblur.network.APIResponse: 	at okhttp3.internal.http.RealInterceptorChain.proceed(RealInterceptorChain.java:142)
08-04 13:09:42.138 12398 17024 E baseline.com.newsblur.network.APIResponse: 	at okhttp3.internal.http.RealInterceptorChain.proceed(RealInterceptorChain.java:117)
08-04 13:09:42.138 12398 17024 E baseline.com.newsblur.network.APIResponse: 	at okhttp3.internal.http.BridgeInterceptor.intercept(BridgeInterceptor.java:93)
08-04 13:09:42.138 12398 17024 E baseline.com.newsblur.network.APIResponse: 	at okhttp3.internal.http.RealInterceptorChain.proceed(RealInterceptorChain.java:142)
08-04 13:09:42.138 12398 17024 E baseline.com.newsblur.network.APIResponse: 	at okhttp3.internal.http.RetryAndFollowUpInterceptor.intercept(RetryAndFollowUpInterceptor.java:88)
08-04 13:09:42.138 12398 17024 E baseline.com.newsblur.network.APIResponse: 	at okhttp3.internal.http.RealInterceptorChain.proceed(RealInterceptorChain.java:142)
08-04 13:09:42.138 12398 17024 E baseline.com.newsblur.network.APIResponse: 	at okhttp3.internal.http.RealInterceptorChain.proceed(RealInterceptorChain.java:117)
08-04 13:09:42.138 12398 17024 E baseline.com.newsblur.network.APIResponse: 	at okhttp3.RealCall.getResponseWithInterceptorChain(RealCall.java:229)
08-04 13:09:42.138 12398 17024 E baseline.com.newsblur.network.APIResponse: 	at okhttp3.RealCall.execute(RealCall.java:81)
08-04 13:09:42.138 12398 17024 E baseline.com.newsblur.network.APIResponse: 	at baseline.com.newsblur.network.APIResponse.<init>(APIResponse.java:57)
08-04 13:09:42.138 12398 17024 E baseline.com.newsblur.network.APIResponse: 	at baseline.com.newsblur.network.APIManager.get_single(APIManager.java:639)
08-04 13:09:42.138 12398 17024 E baseline.com.newsblur.network.APIResponse: 	at baseline.com.newsblur.network.APIManager.get(APIManager.java:625)
08-04 13:09:42.138 12398 17024 E baseline.com.newsblur.network.APIResponse: 	at baseline.com.newsblur.network.APIManager.get(APIManager.java:667)
08-04 13:09:42.138 12398 17024 E baseline.com.newsblur.network.APIResponse: 	at baseline.com.newsblur.network.APIManager.getFeedUnreadCounts(APIManager.java:274)
08-04 13:09:42.138 12398 17024 E baseline.com.newsblur.network.APIResponse: 	at baseline.com.newsblur.service.NBSyncService.checkRecounts(NBSyncService.java:660)
08-04 13:09:42.138 12398 17024 E baseline.com.newsblur.network.APIResponse: 	at baseline.com.newsblur.service.NBSyncService.doSync(NBSyncService.java:310)
08-04 13:09:42.138 12398 17024 E baseline.com.newsblur.network.APIResponse: 	at baseline.com.newsblur.service.NBSyncService.access$100(NBSyncService.java:67)
08-04 13:09:42.138 12398 17024 E baseline.com.newsblur.network.APIResponse: 	at baseline.com.newsblur.service.NBSyncService$1.run(NBSyncService.java:188)
08-04 13:09:42.138 12398 17024 E baseline.com.newsblur.network.APIResponse: 	at java.util.concurrent.ThreadPoolExecutor.runWorker(ThreadPoolExecutor.java:1113)
08-04 13:09:42.138 12398 17024 E baseline.com.newsblur.network.APIResponse: 	at java.util.concurrent.ThreadPoolExecutor$Worker.run(ThreadPoolExecutor.java:588)
08-04 13:09:42.138 12398 17024 E baseline.com.newsblur.network.APIResponse: 	at java.lang.Thread.run(Thread.java:818)
08-04 13:09:42.138 12398 17024 E baseline.com.newsblur.network.APIResponse: Caused by: java.io.EOFException: \n not found: limit=0 content=
08-04 13:09:42.138 12398 17024 E baseline.com.newsblur.network.APIResponse: 	at okio.RealBufferedSource.readUtf8LineStrict(RealBufferedSource.java:240)
08-04 13:09:42.138 12398 17024 E baseline.com.newsblur.network.APIResponse: 	at okhttp3.internal.http1.Http1ExchangeCodec.readHeaderLine(Http1ExchangeCodec.java:242)
08-04 13:09:42.138 12398 17024 E baseline.com.newsblur.network.APIResponse: 	at okhttp3.internal.http1.Http1ExchangeCodec.readResponseHeaders(Http1ExchangeCodec.java:213)
08-04 13:09:42.138 12398 17024 E baseline.com.newsblur.network.APIResponse: 	... 28 more
08-04 13:09:42.139 12398 17024 I baseline.com.newsblur.network.APIManager: API call failed, pausing before retry number 1
08-04 13:09:42.478 12398 15139 I art     : Starting a blocking GC Explicit
08-04 13:09:42.544 12398 15139 I art     : Explicit concurrent mark sweep GC freed 2530(299KB) AllocSpace objects, 3(60KB) LOS objects, 27% free, 41MB/57MB, paused 1.706ms total 65.760ms
08-04 13:09:42.559 12398 15139 I art     : Starting a blocking GC Explicit
08-04 13:09:42.602 17340 17340 D AndroidRuntime: >>>>>> START com.android.internal.os.RuntimeInit uid 2000 <<<<<<
08-04 13:09:42.608 17340 17340 D AndroidRuntime: CheckJNI is OFF
08-04 13:09:42.623 12398 15139 I art     : Explicit concurrent mark sweep GC freed 75(2848B) AllocSpace objects, 0(0B) LOS objects, 27% free, 41MB/57MB, paused 1.612ms total 63.144ms
08-04 13:09:42.638 12398 15139 I art     : Starting a blocking GC Explicit
08-04 13:09:42.653   918  3261 D WifiStateMachine: starting scan for "H369AA63323"WPA_PSK with 2412,5180
08-04 13:09:42.655 17340 17340 D ICU     : No timezone override file found: /data/misc/zoneinfo/current/icu/icu_tzdata.dat
08-04 13:09:42.700 12398 15139 I art     : Explicit concurrent mark sweep GC freed 3(96B) AllocSpace objects, 0(0B) LOS objects, 27% free, 41MB/57MB, paused 1.598ms total 62.005ms
08-04 13:09:42.703 17340 17340 I Radio-JNI: register_android_hardware_Radio DONE
08-04 13:09:42.716 12398 15139 I art     : Starting a blocking GC Explicit
08-04 13:09:42.733 17340 17340 D AndroidRuntime: Calling main entry com.android.commands.input.Input
08-04 13:09:42.735 17340 17340 I Input   : injectKeyEvent: KeyEvent { action=ACTION_DOWN, keyCode=KEYCODE_BACK, scanCode=0, metaState=0, flags=0x0, repeatCount=0, eventTime=709799148, downTime=709799148, deviceId=-1, source=0x101 }
08-04 13:09:42.743 17340 17340 I Input   : injectKeyEvent: KeyEvent { action=ACTION_UP, keyCode=KEYCODE_BACK, scanCode=0, metaState=0, flags=0x0, repeatCount=0, eventTime=709799148, downTime=709799148, deviceId=-1, source=0x101 }
08-04 13:09:42.750 17340 17340 D AndroidRuntime: Shutting down VM
08-04 13:09:42.767 14234 14234 I ServiceManager: Waiting for service AtCmdFwd...
08-04 13:09:42.774 12398 15139 I art     : Explicit concurrent mark sweep GC freed 313(52KB) AllocSpace objects, 4(80KB) LOS objects, 27% free, 42MB/58MB, paused 1.551ms total 58.199ms
08-04 13:09:42.788 12398 15139 I art     : Starting a blocking GC Explicit
08-04 13:09:42.847 12398 15139 I art     : Explicit concurrent mark sweep GC freed 58(14KB) AllocSpace objects, 0(0B) LOS objects, 27% free, 41MB/57MB, paused 1.642ms total 58.952ms
08-04 13:09:42.993 13866 13866 I GoogleInputMethodServic: GoogleInputMethodService.onFinishInput():3138 
08-04 13:09:42.994 13866 13866 I GoogleInputMethodServic: GoogleInputMethodService.onStartInput():1808 
08-04 13:09:43.216 12398 15987 I art     : Starting a blocking GC Explicit
08-04 13:09:43.284 12398 15987 I art     : Explicit concurrent mark sweep GC freed 9396(599KB) AllocSpace objects, 9(180KB) LOS objects, 27% free, 42MB/58MB, paused 1.542ms total 68.410ms
08-04 13:09:43.303 12398 15987 I art     : Starting a blocking GC Explicit
08-04 13:09:43.367 12398 15987 I art     : Explicit concurrent mark sweep GC freed 604(26KB) AllocSpace objects, 0(0B) LOS objects, 27% free, 41MB/57MB, paused 1.435ms total 63.757ms
08-04 13:09:43.382 12398 15987 I art     : Starting a blocking GC Explicit
08-04 13:09:43.441 12398 15987 I art     : Explicit concurrent mark sweep GC freed 63(2528B) AllocSpace objects, 0(0B) LOS objects, 27% free, 41MB/57MB, paused 1.838ms total 58.823ms
08-04 13:09:43.455 12398 15987 I art     : Starting a blocking GC Explicit
08-04 13:09:43.512 12398 15987 I art     : Explicit concurrent mark sweep GC freed 148(7KB) AllocSpace objects, 0(0B) LOS objects, 27% free, 41MB/57MB, paused 1.539ms total 56.277ms
08-04 13:09:43.526 12398 15987 I art     : Starting a blocking GC Explicit
08-04 13:09:43.587 12398 15987 I art     : Explicit concurrent mark sweep GC freed 11(352B) AllocSpace objects, 0(0B) LOS objects, 27% free, 41MB/57MB, paused 2.214ms total 60.347ms
08-04 13:09:43.768 14234 14234 W Atfwd_Sendcmd: AtCmdFwd service not published, waiting... retryCnt : 1
08-04 13:09:43.963 12398 12411 I art     : Starting a blocking GC Explicit
08-04 13:09:44.027 12398 12411 I art     : Explicit concurrent mark sweep GC freed 1666(93KB) AllocSpace objects, 1(20KB) LOS objects, 27% free, 42MB/58MB, paused 1.718ms total 64.096ms
08-04 13:09:44.042 12398 12411 I art     : Starting a blocking GC Explicit
08-04 13:09:44.098 12398 12411 I art     : Explicit concurrent mark sweep GC freed 36(1296B) AllocSpace objects, 0(0B) LOS objects, 27% free, 42MB/58MB, paused 1.632ms total 56.210ms
08-04 13:09:44.112 12398 12411 I art     : Starting a blocking GC Explicit
08-04 13:09:44.169 12398 12411 I art     : Explicit concurrent mark sweep GC freed 1665(65KB) AllocSpace objects, 0(0B) LOS objects, 27% free, 42MB/58MB, paused 1.664ms total 56.566ms
08-04 13:09:44.184 12398 12411 I art     : Starting a blocking GC Explicit
08-04 13:09:44.190 12398 17024 E baseline.com.newsblur.network.APIResponse: Error (unexpected end of stream on https://www.newsblur.com/...) calling https://www.newsblur.com/reader/feed_unread_count?feed_id=0
08-04 13:09:44.190 12398 17024 E baseline.com.newsblur.network.APIResponse: java.io.IOException: unexpected end of stream on https://www.newsblur.com/...
08-04 13:09:44.190 12398 17024 E baseline.com.newsblur.network.APIResponse: 	at okhttp3.internal.http1.Http1ExchangeCodec.readResponseHeaders(Http1ExchangeCodec.java:236)
08-04 13:09:44.190 12398 17024 E baseline.com.newsblur.network.APIResponse: 	at okhttp3.internal.connection.Exchange.readResponseHeaders(Exchange.java:115)
08-04 13:09:44.190 12398 17024 E baseline.com.newsblur.network.APIResponse: 	at okhttp3.internal.http.CallServerInterceptor.intercept(CallServerInterceptor.java:94)
08-04 13:09:44.190 12398 17024 E baseline.com.newsblur.network.APIResponse: 	at okhttp3.internal.http.RealInterceptorChain.proceed(RealInterceptorChain.java:142)
08-04 13:09:44.190 12398 17024 E baseline.com.newsblur.network.APIResponse: 	at okhttp3.internal.connection.ConnectInterceptor.intercept(ConnectInterceptor.java:43)
08-04 13:09:44.190 12398 17024 E baseline.com.newsblur.network.APIResponse: 	at okhttp3.internal.http.RealInterceptorChain.proceed(RealInterceptorChain.java:142)
08-04 13:09:44.190 12398 17024 E baseline.com.newsblur.network.APIResponse: 	at okhttp3.internal.http.RealInterceptorChain.proceed(RealInterceptorChain.java:117)
08-04 13:09:44.190 12398 17024 E baseline.com.newsblur.network.APIResponse: 	at okhttp3.internal.cache.CacheInterceptor.intercept(CacheInterceptor.java:94)
08-04 13:09:44.190 12398 17024 E baseline.com.newsblur.network.APIResponse: 	at okhttp3.internal.http.RealInterceptorChain.proceed(RealInterceptorChain.java:142)
08-04 13:09:44.190 12398 17024 E baseline.com.newsblur.network.APIResponse: 	at okhttp3.internal.http.RealInterceptorChain.proceed(RealInterceptorChain.java:117)
08-04 13:09:44.190 12398 17024 E baseline.com.newsblur.network.APIResponse: 	at okhttp3.internal.http.BridgeInterceptor.intercept(BridgeInterceptor.java:93)
08-04 13:09:44.190 12398 17024 E baseline.com.newsblur.network.APIResponse: 	at okhttp3.internal.http.RealInterceptorChain.proceed(RealInterceptorChain.java:142)
08-04 13:09:44.190 12398 17024 E baseline.com.newsblur.network.APIResponse: 	at okhttp3.internal.http.RetryAndFollowUpInterceptor.intercept(RetryAndFollowUpInterceptor.java:88)
08-04 13:09:44.190 12398 17024 E baseline.com.newsblur.network.APIResponse: 	at okhttp3.internal.http.RealInterceptorChain.proceed(RealInterceptorChain.java:142)
08-04 13:09:44.190 12398 17024 E baseline.com.newsblur.network.APIResponse: 	at okhttp3.internal.http.RealInterceptorChain.proceed(RealInterceptorChain.java:117)
08-04 13:09:44.190 12398 17024 E baseline.com.newsblur.network.APIResponse: 	at okhttp3.RealCall.getResponseWithInterceptorChain(RealCall.java:229)
08-04 13:09:44.190 12398 17024 E baseline.com.newsblur.network.APIResponse: 	at okhttp3.RealCall.execute(RealCall.java:81)
08-04 13:09:44.190 12398 17024 E baseline.com.newsblur.network.APIResponse: 	at baseline.com.newsblur.network.APIResponse.<init>(APIResponse.java:57)
08-04 13:09:44.190 12398 17024 E baseline.com.newsblur.network.APIResponse: 	at baseline.com.newsblur.network.APIManager.get_single(APIManager.java:639)
08-04 13:09:44.190 12398 17024 E baseline.com.newsblur.network.APIResponse: 	at baseline.com.newsblur.network.APIManager.get(APIManager.java:625)
08-04 13:09:44.190 12398 17024 E baseline.com.newsblur.network.APIResponse: 	at baseline.com.newsblur.network.APIManager.get(APIManager.java:667)
08-04 13:09:44.190 12398 17024 E baseline.com.newsblur.network.APIResponse: 	at baseline.com.newsblur.network.APIManager.getFeedUnreadCounts(APIManager.java:274)
08-04 13:09:44.190 12398 17024 E baseline.com.newsblur.network.APIResponse: 	at baseline.com.newsblur.service.NBSyncService.checkRecounts(NBSyncService.java:660)
08-04 13:09:44.190 12398 17024 E baseline.com.newsblur.network.APIResponse: 	at baseline.com.newsblur.service.NBSyncService.doSync(NBSyncService.java:310)
08-04 13:09:44.190 12398 17024 E baseline.com.newsblur.network.APIResponse: 	at baseline.com.newsblur.service.NBSyncService.access$100(NBSyncService.java:67)
08-04 13:09:44.190 12398 17024 E baseline.com.newsblur.network.APIResponse: 	at baseline.com.newsblur.service.NBSyncService$1.run(NBSyncService.java:188)
08-04 13:09:44.190 12398 17024 E baseline.com.newsblur.network.APIResponse: 	at java.util.concurrent.ThreadPoolExecutor.runWorker(ThreadPoolExecutor.java:1113)
08-04 13:09:44.190 12398 17024 E baseline.com.newsblur.network.APIResponse: 	at java.util.concurrent.ThreadPoolExecutor$Worker.run(ThreadPoolExecutor.java:588)
08-04 13:09:44.190 12398 17024 E baseline.com.newsblur.network.APIResponse: 	at java.lang.Thread.run(Thread.java:818)
08-04 13:09:44.190 12398 17024 E baseline.com.newsblur.network.APIResponse: Caused by: java.io.EOFException: \n not found: limit=0 content=
08-04 13:09:44.190 12398 17024 E baseline.com.newsblur.network.APIResponse: 	at okio.RealBufferedSource.readUtf8LineStrict(RealBufferedSource.java:240)
08-04 13:09:44.190 12398 17024 E baseline.com.newsblur.network.APIResponse: 	at okhttp3.internal.http1.Http1ExchangeCodec.readHeaderLine(Http1ExchangeCodec.java:242)
08-04 13:09:44.190 12398 17024 E baseline.com.newsblur.network.APIResponse: 	at okhttp3.internal.http1.Http1ExchangeCodec.readResponseHeaders(Http1ExchangeCodec.java:213)
08-04 13:09:44.190 12398 17024 E baseline.com.newsblur.network.APIResponse: 	... 28 more
08-04 13:09:44.192 12398 17024 I baseline.com.newsblur.network.APIManager: API call failed, pausing before retry number 2
08-04 13:09:44.244 12398 12411 I art     : Explicit concurrent mark sweep GC freed 815(194KB) AllocSpace objects, 2(40KB) LOS objects, 27% free, 42MB/58MB, paused 1.636ms total 59.494ms
08-04 13:09:44.259 12398 12411 I art     : Starting a blocking GC Explicit
08-04 13:09:44.319 12398 12411 I art     : Explicit concurrent mark sweep GC freed 122(16KB) AllocSpace objects, 0(0B) LOS objects, 27% free, 41MB/57MB, paused 1.623ms total 60.149ms
08-04 13:09:44.565 17398 17398 D AndroidRuntime: >>>>>> START com.android.internal.os.RuntimeInit uid 2000 <<<<<<
08-04 13:09:44.571 17398 17398 D AndroidRuntime: CheckJNI is OFF
08-04 13:09:44.614 17398 17398 D ICU     : No timezone override file found: /data/misc/zoneinfo/current/icu/icu_tzdata.dat
08-04 13:09:44.657 17398 17398 I Radio-JNI: register_android_hardware_Radio DONE
08-04 13:09:44.686 17398 17398 D AndroidRuntime: Calling main entry com.android.commands.am.Am
08-04 13:09:44.699  2375  2375 I Trepn   : Trepn 6.2s: Received intent: com.quicinc.trepn.stop_profiling
08-04 13:09:44.710 12398 15987 I art     : Starting a blocking GC Explicit
08-04 13:09:44.740  2375  2375 I Trepn   : Trepn 6.2s: Trepn has Stopped Profiling.
08-04 13:09:44.770 12398 15987 I art     : Explicit concurrent mark sweep GC freed 1475(84KB) AllocSpace objects, 1(20KB) LOS objects, 27% free, 41MB/57MB, paused 1.494ms total 59.953ms
08-04 13:09:44.785 12398 15987 I art     : Starting a blocking GC Explicit
08-04 13:09:44.845 12398 15987 I art     : Explicit concurrent mark sweep GC freed 22(784B) AllocSpace objects, 0(0B) LOS objects, 27% free, 41MB/57MB, paused 1.528ms total 60.004ms
08-04 13:09:44.860 12398 15987 I art     : Starting a blocking GC Explicit
08-04 13:09:44.896 17398 17398 D AndroidRuntime: Shutting down VM
08-04 13:09:44.898   918  3188 I hubconnection: sensorhub said: 'set_bias 3: -4.9152, 0.0000, 0.0000'
08-04 13:09:44.899   918  6029 W AppOps  : Finishing op nesting under-run: uid 10078 pkg com.quicinc.trepn code 24 time=0 duration=0 nesting=0
08-04 13:09:44.927 12398 15987 I art     : Explicit concurrent mark sweep GC freed 3(96B) AllocSpace objects, 0(0B) LOS objects, 27% free, 41MB/57MB, paused 1.378ms total 66.662ms
08-04 13:09:44.941 12398 15987 I art     : Starting a blocking GC Explicit
08-04 13:09:45.001 12398 15987 I art     : Explicit concurrent mark sweep GC freed 3(96B) AllocSpace objects, 0(0B) LOS objects, 27% free, 41MB/57MB, paused 1.573ms total 59.790ms
08-04 13:09:45.016 12398 15987 I art     : Starting a blocking GC Explicit
08-04 13:09:45.087 12398 15987 I art     : Explicit concurrent mark sweep GC freed 3(96B) AllocSpace objects, 0(0B) LOS objects, 27% free, 41MB/57MB, paused 1.678ms total 70.532ms
08-04 13:09:45.459 12398 12411 I art     : Starting a blocking GC Explicit
08-04 13:09:45.521 12398 12411 I art     : Explicit concurrent mark sweep GC freed 1441(82KB) AllocSpace objects, 1(20KB) LOS objects, 27% free, 41MB/57MB, paused 1.558ms total 61.647ms
08-04 13:09:45.536 12398 12411 I art     : Starting a blocking GC Explicit
08-04 13:09:45.598 12398 12411 I art     : Explicit concurrent mark sweep GC freed 22(784B) AllocSpace objects, 0(0B) LOS objects, 27% free, 41MB/57MB, paused 1.710ms total 61.939ms
08-04 13:09:45.613 12398 12411 I art     : Starting a blocking GC Explicit
08-04 13:09:45.672 12398 12411 I art     : Explicit concurrent mark sweep GC freed 3(96B) AllocSpace objects, 0(0B) LOS objects, 27% free, 41MB/57MB, paused 1.598ms total 59.150ms
08-04 13:09:45.687 12398 12411 I art     : Starting a blocking GC Explicit
08-04 13:09:45.747 12398 12411 I art     : Explicit concurrent mark sweep GC freed 3(96B) AllocSpace objects, 0(0B) LOS objects, 27% free, 41MB/57MB, paused 1.422ms total 59.657ms
08-04 13:09:45.762 12398 12411 I art     : Starting a blocking GC Explicit
08-04 13:09:45.822 12398 12411 I art     : Explicit concurrent mark sweep GC freed 3(96B) AllocSpace objects, 0(0B) LOS objects, 27% free, 41MB/57MB, paused 1.481ms total 59.640ms
08-04 13:09:45.983 13866 13882 I PeriodicStatsRunner: PeriodicStatsRunner.call():175 call()
08-04 13:09:45.983 13866 13882 I PeriodicStatsRunner: PeriodicStatsRunner.call():179 No submit PeriodicStats since input started.
